--------- beginning of main
06-28 15:41:09.437  3449  3449 E Finsky  : [1] com.google.android.finsky.wear.bl.a(3): onConnectionFailed: ConnectionResult{statusCode=API_UNAVAILABLE, resolution=null, message=null}
--------- beginning of system
06-28 15:41:10.601 11956 11956 E chromium: [ERROR:shell_integration_android.cc(12)] Not implemented reached in static ShellIntegration::DefaultWebClientSetPermission ShellIntegration::CanSetAsDefaultBrowser()
06-28 15:41:10.606 11956 11956 E chromium: [ERROR:browser_process_impl.cc(720)] Not implemented reached in virtual BackgroundModeManager* BrowserProcessImpl::background_mode_manager()
06-28 15:41:10.977  3218   781 E AudioRecord-JNI: Error -4 during AudioRecord native read
06-28 15:41:13.495 11956 12009 E chromium: [ERROR:gles2_cmd_decoder.cc(3852)] [.ChromiumCompositor-0xacbb2fc0]GL ERROR :GL_INVALID_ENUM : glDiscardFramebufferEXT: attachments was GL_COLOR_EXT
06-28 15:41:13.733 12029 12042 E WPROF   : {"CSS": {"url": "http://searchengineland.com/figz/wp-content/themes/searchengineland/css/searchengineland-bootstrap.css", "requestTime": 25550.789165}}
06-28 15:41:13.734 12029 12042 E WPROF   : {"CSS": {"url": "http://fonts.googleapis.com/css?family=Oswald:300,400,700", "requestTime": 25550.789678}}
06-28 15:41:13.736 12029 12042 E WPROF   : {"CSS": {"url": "http://searchengineland.com/figz/wp-content/themes/searchengineland/style.css", "requestTime": 25550.792090}}
06-28 15:41:13.745 12029 12042 E WPROF   : {"Javascript": {"url": "http://searchengineland.com/figz/wp-content/themes/searchengineland/js/lib/modernizr.custom.js?ver=1.0", "requestTime": 25550.800270}}
06-28 15:41:13.745 12029 12042 E WPROF   : {"Javascript": {"url": "http://searchengineland.com/figz/wp-content/themes/searchengineland/js/lib/jquery-1.11.0.min.js?ver=1.11.0", "requestTime": 25550.800772}}
06-28 15:41:13.745 12029 12042 E WPROF   : {"Javascript": {"url": "http://searchengineland.com/figz/wp-content/themes/searchengineland/js/lib/jquery-ui-1.10.3.custom.min.js?ver=1.10.3", "requestTime": 25550.801148}}
06-28 15:41:13.746 12029 12042 E WPROF   : {"Javascript": {"url": "http://searchengineland.com/figz/wp-content/themes/searchengineland/js/lib/jquery.ba-throttle-debounce.min.js?ver=1.1", "requestTime": 25550.801529}}
06-28 15:41:13.746 12029 12042 E WPROF   : {"Javascript": {"url": "http://searchengineland.com/figz/wp-content/themes/searchengineland/js/lib/jquery.countdown.min.js?ver=2.0.4", "requestTime": 25550.801930}}
06-28 15:41:13.747 12029 12042 E WPROF   : {"Javascript": {"url": "http://static.chartbeat.com/js/chartbeat_mab.js", "requestTime": 25550.802361}}
06-28 15:41:14.324 12029 12042 E WPROF   : {"Javascript": {"url": "http://searchengineland.com/figz/wp-includes/js/wp-emoji-release.min.js?ver=4.7.5", "requestTime": 25551.379293}}
06-28 15:41:14.623 12029 12042 E WPROF   : {"Javascript": {"url": "http://www.googletagservices.com/tag/js/gpt.js", "requestTime": 25551.678282}}
06-28 15:41:14.629 12029 12042 E WPROF   : {"Javascript": {"url": "https://www.google-analytics.com/analytics.js", "requestTime": 25551.684706}}
06-28 15:41:14.632 12029 12042 E WPROF   : {"Javascript": {"url": "http://edge.quantserve.com/quant.js", "requestTime": 25551.687259}}
06-28 15:41:14.634 12029 12042 E WPROF   : {"Javascript": {"url": "https://connect.facebook.net/en_US/fbevents.js", "requestTime": 25551.690073}}
06-28 15:41:14.680 11956 12009 E chromium: [ERROR:gles2_cmd_decoder.cc(3852)] [.ChromiumCompositor-0xacbb2fc0]GL ERROR :GL_INVALID_ENUM : glDiscardFramebufferEXT: attachments was GL_COLOR_EXT
06-28 15:41:14.718 12029 12042 E WPROF   : {"Javascript": {"url": "http://app-sj02.marketo.com/js/forms2/js/forms2.min.js", "requestTime": 25551.774189}}
06-28 15:41:14.720 12029 12042 E WPROF   : {"Javascript": {"url": "http://platform.instagram.com/en_US/embeds.js", "requestTime": 25551.775988}}
06-28 15:41:14.810 11956 12009 E chromium: [ERROR:gles2_cmd_decoder.cc(3852)] [.ChromiumCompositor-0xacbb2fc0]GL ERROR :GL_INVALID_ENUM : glDiscardFramebufferEXT: attachments was GL_COLOR_EXT
06-28 15:41:14.842 12029 12042 E WPROF   : {"Javascript": {"url": "https://connect.facebook.net/signals/config/423979991297359?v=2.7.17", "requestTime": 25551.897926}}
06-28 15:41:14.855 12029 12042 E WPROF   : {"Javascript": {"url": "https://securepubads.g.doubleclick.net/gpt/pubads_impl_121.js", "requestTime": 25551.910397}}
06-28 15:41:15.234 12029 12042 E WPROF   : {"Javascript": {"url": "http://app-sj02.marketo.com/index.php/form/getForm?munchkinId=727-ZQE-044&form=5691&url=http%3A%2F%2Fsearchengineland.com%2F1-2-3-smile-say-hi-to-search-engine-land-on-instagram-220237&callback=jQuery110205565958488732576_1498632075160&_=1498632075161", "requestTime": 25552.289332}}
06-28 15:41:15.251 12029 12042 E WPROF   : {"Javascript": {"url": "http://app-sj02.marketo.com/index.php/form/getForm?munchkinId=727-ZQE-044&form=5685&url=http%3A%2F%2Fsearchengineland.com%2F1-2-3-smile-say-hi-to-search-engine-land-on-instagram-220237&callback=jQuery110205565958488732576_1498632075162&_=1498632075163", "requestTime": 25552.306493}}
06-28 15:41:15.548 12029 12042 E WPROF   : {"Javascript": {"url": "http://app-sj02.marketo.com/index.php/form/getForm?munchkinId=727-ZQE-044&form=5673&url=http%3A%2F%2Fsearchengineland.com%2F1-2-3-smile-say-hi-to-search-engine-land-on-instagram-220237&callback=jQuery110205565958488732576_1498632075164&_=1498632075165", "requestTime": 25552.603705}}
06-28 15:41:15.555 12029 12042 E WPROF   : {"Javascript": {"url": "http://searchengineland.com/js/ga_social_tracking.js", "requestTime": 25552.610928}}
06-28 15:41:15.556 12029 12042 E WPROF   : {"Javascript": {"url": "http://s7.addthis.com/js/300/addthis_widget.js#pubid=ra-53e918f660794f37", "requestTime": 25552.612079}}
06-28 15:41:15.634 11956 12009 E chromium: [ERROR:gles2_cmd_decoder.cc(3852)] [.ChromiumCompositor-0xacbb2fc0]GL ERROR :GL_INVALID_ENUM : glDiscardFramebufferEXT: attachments was GL_COLOR_EXT
06-28 15:41:15.753 12029 12042 E WPROF   : {"Javascript": {"url": "https://static.xx.fbcdn.net/rsrc.php/v3iy6L4/yF/l/ko_KR/w3AiswiqjrJ.js", "requestTime": 25552.809093}}
06-28 15:41:15.901 11956 12009 E chromium: [ERROR:gles2_cmd_decoder.cc(3852)] [.ChromiumCompositor-0xacbb2fc0]GL ERROR :GL_INVALID_ENUM : glDiscardFramebufferEXT: attachments was GL_COLOR_EXT
06-28 15:41:15.993 12029 12042 E WPROF   : {"Javascript": {"url": "http://cdn.api.twitter.com/1/users/show.json?screen_name=beebow&callback=twttr.setFollowersCount", "requestTime": 25553.048867}}
06-28 15:41:16.147   862  1657 E LocSvc_IzatApiV02: E/virtual int izat_core::IzatApiV02::getBatchSize(int32_t):522]: Error : st = 4, ind.status = -1628389555
06-28 15:41:16.147   862  1657 E LocSvc_IzatApiV02: E/virtual int izat_core::IzatApiV02::getBatchSize(int32_t):535]: get batching size failed.Or modem does not support batching 
06-28 15:41:16.156   862  1657 E LocSvc_IzatApiV02: E/virtual int izat_core::IzatApiV02::getBatchSize(int32_t):522]: Error : st = 4, ind.status = -1628389555
06-28 15:41:16.156   862  1657 E LocSvc_IzatApiV02: E/virtual int izat_core::IzatApiV02::getBatchSize(int32_t):535]: get batching size failed.Or modem does not support batching 
06-28 15:41:16.189   862  1657 E LocSvc_IzatApiV02: E/virtual int izat_core::IzatApiV02::getBatchSize(int32_t):522]: Error : st = 4, ind.status = -1628389555
06-28 15:41:16.189   862  1657 E LocSvc_IzatApiV02: E/virtual int izat_core::IzatApiV02::getBatchSize(int32_t):535]: get batching size failed.Or modem does not support batching 
06-28 15:41:16.198   862  1657 E LocSvc_IzatApiV02: E/virtual int izat_core::IzatApiV02::getBatchSize(int32_t):522]: Error : st = 4, ind.status = -1628389555
06-28 15:41:16.198   862  1657 E LocSvc_IzatApiV02: E/virtual int izat_core::IzatApiV02::getBatchSize(int32_t):535]: get batching size failed.Or modem does not support batching 
06-28 15:41:16.529 12029 12042 E WPROF   : {"Javascript": {"url": "https://securepubads.g.doubleclick.net/gampad/ads?gdfp_req=1&correlator=3341649507778560&output=json_html&callback=googletag.impl.pubads.callbackProxy1&impl=fifs&json_a=1&eid=108809080%2C21060130%2C108809103&sc=0&sfv=1-0-9&iu_parts=1038259%2Csel-ciu-1%2Csel-ciu-2%2Csel-ciu-3%2Csel-ciu-4%2Csel-ciu-5%", "requestTime": 25553.585086}}
06-28 15:41:16.557 12029 12042 E WPROF   : {"CSS": {"url": "http://app-sj02.marketo.com/js/forms2/css/forms2.css", "requestTime": 25553.612768}}
06-28 15:41:16.560 12029 12042 E WPROF   : {"CSS": {"url": "http://app-sj02.marketo.com/js/forms2/css/forms2-theme-simple.css", "requestTime": 25553.615578}}
06-28 15:41:16.716 11956 12009 E chromium: [ERROR:gles2_cmd_decoder.cc(3852)] [.ChromiumCompositor-0xacbb2fc0]GL ERROR :GL_INVALID_ENUM : glDiscardFramebufferEXT: attachments was GL_COLOR_EXT
06-28 15:41:17.172 12029 12042 E WPROF   : {"Javascript": {"url": "http://platform.twitter.com/widgets.js", "requestTime": 25554.227905}}
06-28 15:41:17.174 12029 12042 E WPROF   : {"Javascript": {"url": "http://connect.facebook.net/en_US/sdk.js", "requestTime": 25554.229924}}
06-28 15:41:17.176 12029 12042 E WPROF   : {"Javascript": {"url": "https://apis.google.com/js/platform.js", "requestTime": 25554.232045}}
06-28 15:41:17.192 12029 12042 E WPROF   : {"Javascript": {"url": "http://rules.quantcount.com/rules-p-5aGizvD82d9hk.js", "requestTime": 25554.247578}}
06-28 15:41:17.196 12029 12042 E WPROF   : {"Javascript": {"url": "http://munchkin.marketo.net/munchkin.js", "requestTime": 25554.251283}}
06-28 15:41:17.269 11956 12009 E chromium: [ERROR:gles2_cmd_decoder.cc(3852)] [.ChromiumCompositor-0xacbb2fc0]GL ERROR :GL_INVALID_ENUM : glDiscardFramebufferEXT: attachments was GL_COLOR_EXT
06-28 15:41:17.301 12029 12042 E WPROF   : {"Javascript": {"url": "http://d2j3qa5nc37287.cloudfront.net/coupon_code1.js", "requestTime": 25554.356585}}
06-28 15:41:17.354 12029 12042 E WPROF   : {"Javascript": {"url": "http://www.googleadservices.com/pagead/conversion.js", "requestTime": 25554.409364}}
06-28 15:41:17.355 12029 12042 E WPROF   : {"Javascript": {"url": "http://searchengineland.com/figz/wp-content/themes/searchengineland/js/script.js?ver=1.0", "requestTime": 25554.410269}}
06-28 15:41:17.355 12029 12042 E WPROF   : {"Javascript": {"url": "http://searchengineland.com/figz/wp-includes/js/wp-embed.min.js?ver=4.7.5", "requestTime": 25554.411091}}
06-28 15:41:17.356 12029 12042 E WPROF   : {"Javascript": {"url": "http://searchengineland.com/figz/wp-content/themes/searchengineland/js/modules/sharing_controls.js", "requestTime": 25554.411670}}
06-28 15:41:17.439 12029 12042 E WPROF   : {"CSS": {"url": "https://www.youtube.com/yts/cssbin/www-embed-player-sprite-mode-vfl5G4Xm8.css", "requestTime": 25554.494361}}
06-28 15:41:17.440 12029 12042 E WPROF   : {"Javascript": {"url": "https://www.youtube.com/yts/jsbin/www-embed-player-vfl_UY_j8/www-embed-player.js", "requestTime": 25554.495994}}
06-28 15:41:17.441 12029 12042 E WPROF   : {"Javascript": {"url": "https://www.youtube.com/yts/jsbin/player-vflo1w4O-/ko_KR/base.js", "requestTime": 25554.496456}}
06-28 15:41:17.445 11956 12009 E chromium: [ERROR:gles2_cmd_decoder.cc(3852)] [.ChromiumCompositor-0xacbb2fc0]GL ERROR :GL_INVALID_ENUM : glDiscardFramebufferEXT: attachments was GL_COLOR_EXT
06-28 15:41:18.049 11956 12009 E chromium: [ERROR:gles2_cmd_decoder.cc(3852)] [.ChromiumCompositor-0xacbb2fc0]GL ERROR :GL_INVALID_ENUM : glDiscardFramebufferEXT: attachments was GL_COLOR_EXT
06-28 15:41:18.477 12029 12042 E WPROF   : {"Javascript": {"url": "http://m.addthisedge.com/live/boost/ra-53e918f660794f37/_ate.track.config_resp", "requestTime": 25555.532728}}
06-28 15:41:18.525 12029 12042 E WPROF   : {"Javascript": {"url": "http://m.addthis.com/live/red_lojson/300lo.json?si=59534f8d04ed6852&bkl=0&bl=1&pdt=2160&sid=59534f8d04ed6852&pub=ra-53e918f660794f37&rev=v7.15.4-wp&ln=ko&pc=men&cb=0&ab=-&dp=searchengineland.com&fp=1-2-3-smile-say-hi-to-search-engine-land-on-instagram-220237&fr=&of=0&pd=0&irt=0&vcl=0&md=0&ct=1&tct=0", "requestTime": 25555.580778}}
06-28 15:41:19.066 11956 12009 E chromium: [ERROR:gles2_cmd_decoder.cc(3852)] [.ChromiumCompositor-0xacbb2fc0]GL ERROR :GL_INVALID_ENUM : glDiscardFramebufferEXT: attachments was GL_COLOR_EXT
06-28 15:41:19.138 12029 12042 E WPROF   : {"Javascript": {"url": "http://dnn506yrbagrg.cloudfront.net/pages/scripts/0026/4062.js?416286", "requestTime": 25556.193779}}
06-28 15:41:19.331 12029 12042 E WPROF   : {"Javascript": {"url": "https://www.instagram.com/static/bundles/ko_KR_EmbedPrelude.js/7fc477717f2a.js", "requestTime": 25556.387052}}
06-28 15:41:19.338 12029 12042 E WPROF   : {"Javascript": {"url": "https://www.instagram.com/static/bundles/ko_KR_EmbedPostlude.js/8aab6ddbf4ed.js", "requestTime": 25556.393598}}
06-28 15:41:19.380 11956 12009 E chromium: [ERROR:gles2_cmd_decoder.cc(3852)] [.ChromiumCompositor-0xacbb2fc0]GL ERROR :GL_INVALID_ENUM : glDiscardFramebufferEXT: attachments was GL_COLOR_EXT
06-28 15:41:20.265 12029 12042 E WPROF   : {"Javascript": {"url": "https://www.google.com/js/bg/KWBfAnWFESAEEaKKgdYlTHY9ysQaNoQuzeMFqvxDSM8.js", "requestTime": 25557.320327}}
06-28 15:41:20.267 12029 12042 E WPROF   : {"Javascript": {"url": "https://static.doubleclick.net/instream/ad_status.js", "requestTime": 25557.322428}}
06-28 15:41:21.954 11956 12009 E chromium: [ERROR:gles2_cmd_decoder.cc(3852)] [.ChromiumCompositor-0xacbb2fc0]GL ERROR :GL_INVALID_ENUM : glDiscardFramebufferEXT: attachments was GL_COLOR_EXT
06-28 15:41:22.090 11956 12009 E chromium: [ERROR:gles2_cmd_decoder.cc(3852)] [.ChromiumCompositor-0xacbb2fc0]GL ERROR :GL_INVALID_ENUM : glDiscardFramebufferEXT: attachments was GL_COLOR_EXT
06-28 15:41:23.000 12029 12042 E WPROF   : {"Javascript": {"url": "https://tpc.googlesyndication.com/pagead/js/r20170619/r20110914/client/ext/m_window_focus_non_hydra.js", "requestTime": 25560.055760}}
06-28 15:41:23.003 12029 12042 E WPROF   : {"Javascript": {"url": "https://tpc.googlesyndication.com/pagead/js/r20170619/r20110914/activeview/osd_listener.js", "requestTime": 25560.058633}}
06-28 15:41:23.009 12029 12042 E WPROF   : {"Javascript": {"url": "http://pagead2.googlesyndication.com/pagead/osd.js", "requestTime": 25560.064695}}
06-28 15:41:23.341 12029 12042 E WPROF   : {"Javascript": {"url": "https://platform.twitter.com/js/button.b731e6c82269f70f6fc53634e044a4c6.js", "requestTime": 25560.396820}}
06-28 15:41:23.349 12029 12042 E WPROF   : {"Javascript": {"url": "http://munchkin.marketo.net/151/munchkin.js", "requestTime": 25560.404513}}
06-28 15:41:23.361 12029 12042 E WPROF   : {"Javascript": {"url": "http://www.justuno.com/ajax/account_version_check.html?id=828FA275-FF73-401E-AA39-40F5A6FAB6B1", "requestTime": 25560.416727}}
06-28 15:41:23.618 12029 12042 E WPROF   : {"Javascript": {"url": "http://s7.addthis.com/static/layers.4acb6c577b51939661ec.js", "requestTime": 25560.673843}}
06-28 15:41:23.713 11956 12009 E chromium: [ERROR:gles2_cmd_decoder.cc(3852)] [.ChromiumCompositor-0xacbb2fc0]GL ERROR :GL_INVALID_ENUM : glDiscardFramebufferEXT: attachments was GL_COLOR_EXT
06-28 15:41:23.991 11956 12009 E chromium: [ERROR:gles2_cmd_decoder.cc(3852)] [.ChromiumCompositor-0xacbb2fc0]GL ERROR :GL_INVALID_ENUM : glDiscardFramebufferEXT: attachments was GL_COLOR_EXT
06-28 15:41:24.138 11956 12009 E chromium: [ERROR:gles2_cmd_decoder.cc(3852)] [.ChromiumCompositor-0xacbb2fc0]GL ERROR :GL_INVALID_ENUM : glDiscardFramebufferEXT: attachments was GL_COLOR_EXT
06-28 15:41:24.294 11956 12009 E chromium: [ERROR:gles2_cmd_decoder.cc(3852)] [.ChromiumCompositor-0xacbb2fc0]GL ERROR :GL_INVALID_ENUM : glDiscardFramebufferEXT: attachments was GL_COLOR_EXT
06-28 15:41:24.523 11956 12009 E chromium: [ERROR:gles2_cmd_decoder.cc(3852)] [.ChromiumCompositor-0xacbb2fc0]GL ERROR :GL_INVALID_ENUM : glDiscardFramebufferEXT: attachments was GL_COLOR_EXT
06-28 15:41:24.578 12029 12042 E WPROF   : {"Javascript": {"url": "https://app-sj02.marketo.com/js/forms2/js/forms2.min.js", "requestTime": 25561.634023}}
06-28 15:41:26.954 12029 12042 E WPROF   : {"Javascript": {"url": "http://cdn.justuno.com/mwgt_3.6.js", "requestTime": 25564.009393}}
06-28 15:41:27.164 11956 12009 E chromium: [ERROR:gles2_cmd_decoder.cc(3852)] [.ChromiumCompositor-0xacbb2fc0]GL ERROR :GL_INVALID_ENUM : glDiscardFramebufferEXT: attachments was GL_COLOR_EXT
06-28 15:41:27.225 11956 12009 E chromium: [ERROR:gles2_cmd_decoder.cc(3852)] [.ChromiumCompositor-0xacbb2fc0]GL ERROR :GL_INVALID_ENUM : glDiscardFramebufferEXT: attachments was GL_COLOR_EXT
06-28 15:41:27.595 11956 12009 E chromium: [ERROR:gles2_cmd_decoder.cc(3852)] [.ChromiumCompositor-0xacbb2fc0]GL ERROR :GL_INVALID_ENUM : glDiscardFramebufferEXT: attachments was GL_COLOR_EXT
06-28 15:41:27.980 11956 12009 E chromium: [ERROR:gles2_cmd_decoder.cc(3852)] [.ChromiumCompositor-0xacbb2fc0]GL ERROR :GL_INVALID_ENUM : glDiscardFramebufferEXT: attachments was GL_COLOR_EXT
06-28 15:41:28.175 12029 12042 E WPROF   : {"Javascript": {"url": "https://cdn.syndication.twimg.com/widgets/followbutton/info.json?callback=__twttr.setFollowersCountAndFollowing&lang=en&screen_names=sengineland", "requestTime": 25565.230659}}
06-28 15:41:28.567 11956 12009 E chromium: [ERROR:gles2_cmd_decoder.cc(3852)] [.ChromiumCompositor-0xacbb2fc0]GL ERROR :GL_INVALID_ENUM : glDiscardFramebufferEXT: attachments was GL_COLOR_EXT
06-28 15:41:28.635 11956 12009 E chromium: [ERROR:gles2_cmd_decoder.cc(3852)] [.ChromiumCompositor-0xacbb2fc0]GL ERROR :GL_INVALID_ENUM : glDiscardFramebufferEXT: attachments was GL_COLOR_EXT
06-28 15:41:28.648 12029 12042 E WProf.db: {"page": "searchengineland.com_1-2-3-smile-say-hi-to-search-engine-land-on-instagram-220237"}
06-28 15:41:28.648 12029 12042 E WProf.db: {"DOMLoad": 25565.703731}
06-28 15:41:28.648 12029 12042 E WProf.db: {"Resource": {"id": 1, "url": "http://searchengineland.com/1-2-3-smile-say-hi-to-search-engine-land-on-instagram-220237", "sentTime": -1.000000, "len": 93397, "from": "0x0", "mimeType": "text/html", "contentLength": -1, "httpStatus": 200, "connId": 19, "connReused": 1, "cached": 0,"requestTime": 25550.462168, "proxyStart": -1, "proxyEnd": -1, "dnsStart": -1, "dnsEnd": -1, "connectStart": 0, "connectEnd": 85, "sendStart": 85, "sendEnd": 85, "receiveHeadersEnd": 234, "sslStart": -1, "sslEnd": -1}}
06-28 15:41:28.648 12029 12042 E WProf.db: {"ReceivedChunk": {"receivedTime": 25550.713689, "len": 12291}}
06-28 15:41:28.649 12029 12042 E WProf.db: {"ReceivedChunk": {"receivedTime": 25550.778486, "len": 32768}}
06-28 15:41:28.649 12029 12042 E WProf.db: {"ReceivedChunk": {"receivedTime": 25550.778726, "len": 26751}}
06-28 15:41:28.649 12029 12042 E WProf.db: {"ReceivedChunk": {"receivedTime": 25550.849189, "len": 15252}}
06-28 15:41:28.649 12029 12042 E WProf.db: {"ReceivedChunk": {"receivedTime": 25550.863406, "len": 6335}}
06-28 15:41:28.649 12029 12042 E WProf.db: {"WprofHTMLTag": {"code": "0xaeddd2a0", "doc": "http://searchengineland.com/1-2-3-smile-say-hi-to-search-engine-land-on-instagram-220237", "row": 6, "column": 42, "tagName": "html", "time": 25550.781775, "url": "", "pos": 1, "chunkLen": 1, "isStartTag": 1}}
06-28 15:41:28.649 12029 12042 E WProf.db: {"WprofHTMLTag": {"code": "0xaf047850", "doc": "http://searchengineland.com/1-2-3-smile-say-hi-to-search-engine-land-on-instagram-220237", "row": 7, "column": 6, "tagName": "head", "time": 25550.782009, "url": "", "pos": 1, "chunkLen": 1, "isStartTag": 1}}
06-28 15:41:28.649 12029 12042 E WProf.db: {"WprofHTMLTag": {"code": "0xaf047880", "doc": "http://searchengineland.com/1-2-3-smile-say-hi-to-search-engine-land-on-instagram-220237", "row": 8, "column": 54, "tagName": "meta", "time": 25550.782052, "url": "", "pos": 1, "chunkLen": 1, "isStartTag": 1}}
06-28 15:41:28.649 12029 12042 E WProf.db: {"WprofHTMLTag": {"code": "0xaf0478b0", "doc": "http://searchengineland.com/1-2-3-smile-say-hi-to-search-engine-land-on-instagram-220237", "row": 9, "column": 68, "tagName": "meta", "time": 25550.782187, "url": "", "pos": 1, "chunkLen": 1, "isStartTag": 1}}
06-28 15:41:28.649 12029 12042 E WProf.db: {"WprofHTMLTag": {"code": "0xaf0478e0", "doc": "http://searchengineland.com/1-2-3-smile-say-hi-to-search-engine-land-on-instagram-220237", "row": 10, "column": 23, "tagName": "meta", "time": 25550.782623, "url": "", "pos": 1, "chunkLen": 1, "isStartTag": 1}}
06-28 15:41:28.649 12029 12042 E WProf.db: {"WprofHTMLTag": {"code": "0xaf047910", "doc": "http://searchengineland.com/1-2-3-smile-say-hi-to-search-engine-land-on-instagram-220237", "row": 11, "column": 52, "tagName": "meta", "time": 25550.782752, "url": "", "pos": 1, "chunkLen": 1, "isStartTag": 1}}
06-28 15:41:28.649 12029 12042 E WProf.db: {"WprofHTMLTag": {"code": "0xaf047940", "doc": "http://searchengineland.com/1-2-3-smile-say-hi-to-search-engine-land-on-instagram-220237", "row": 14, "column": 56, "tagName": "meta", "time": 25550.784209, "url": "", "pos": 1, "chunkLen": 1, "isStartTag": 1}}
06-28 15:41:28.649 12029 12042 E WProf.db: {"WprofHTMLTag": {"code": "0xaf047970", "doc": "http://searchengineland.com/1-2-3-smile-say-hi-to-search-engine-land-on-instagram-220237", "row": 15, "column": 83, "tagName": "meta", "time": 25550.784324, "url": "", "pos": 1, "chunkLen": 1, "isStartTag": 1}}
06-28 15:41:28.650 12029 12042 E WProf.db: {"WprofHTMLTag": {"code": "0xaf0479a0", "doc": "http://searchengineland.com/1-2-3-smile-say-hi-to-search-engine-land-on-instagram-220237", "row": 16, "column": 57, "tagName": "meta", "time": 25550.784432, "url": "", "pos": 1, "chunkLen": 1, "isStartTag": 1}}
06-28 15:41:28.650 12029 12042 E WProf.db: {"WprofHTMLTag": {"code": "0xaf047a30", "doc": "http://searchengineland.com/1-2-3-smile-say-hi-to-search-engine-land-on-instagram-220237", "row": 17, "column": 41, "tagName": "meta", "time": 25550.784538, "url": "", "pos": 1, "chunkLen": 1, "isStartTag": 1}}
06-28 15:41:28.650 12029 12042 E WProf.db: {"WprofHTMLTag": {"code": "0xaf047a60", "doc": "http://searchengineland.com/1-2-3-smile-say-hi-to-search-engine-land-on-instagram-220237", "row": 18, "column": 50, "tagName": "meta", "time": 25550.784651, "url": "", "pos": 1, "chunkLen": 1, "isStartTag": 1}}
06-28 15:41:28.650 12029 12042 E WProf.db: {"WprofHTMLTag": {"code": "0xaf047a90", "doc": "http://searchengineland.com/1-2-3-smile-say-hi-to-search-engine-land-on-instagram-220237", "row": 19, "column": 174, "tagName": "meta", "time": 25550.784764, "url": "", "pos": 1, "chunkLen": 1, "isStartTag": 1}}
06-28 15:41:28.650 12029 12042 E WProf.db: {"WprofHTMLTag": {"code": "0xaf047a00", "doc": "http://searchengineland.com/1-2-3-smile-say-hi-to-search-engine-land-on-instagram-220237", "row": 20, "column": 47, "tagName": "meta", "time": 25550.784878, "url": "", "pos": 1, "chunkLen": 1, "isStartTag": 1}}
06-28 15:41:28.650 12029 12042 E WProf.db: {"WprofHTMLTag": {"code": "0xaf0479d0", "doc": "http://searchengineland.com/1-2-3-smile-say-hi-to-search-engine-land-on-instagram-220237", "row": 21, "column": 67, "tagName": "meta", "time": 25550.784983, "url": "", "pos": 1, "chunkLen": 1, "isStartTag": 1}}
06-28 15:41:28.650 12029 12042 E WProf.db: {"WprofHTMLTag": {"code": "0xaf047ac0", "doc": "http://searchengineland.com/1-2-3-smile-say-hi-to-search-engine-land-on-instagram-220237", "row": 22, "column": 57, "tagName": "meta", "time": 25550.785088, "url": "", "pos": 1, "chunkLen": 1, "isStartTag": 1}}
06-28 15:41:28.650 12029 12042 E WProf.db: {"WprofHTMLTag": {"code": "0xaf047af0", "doc": "http://searchengineland.com/1-2-3-smile-say-hi-to-search-engine-land-on-instagram-220237", "row": 23, "column": 65, "tagName": "meta", "time": 25550.785192, "url": "", "pos": 1, "chunkLen": 1, "isStartTag": 1}}
06-28 15:41:28.650 12029 12042 E WProf.db: {"WprofHTMLTag": {"code": "0xaf047b20", "doc": "http://searchengineland.com/1-2-3-smile-say-hi-to-search-engine-land-on-instagram-220237", "row": 24, "column": 55, "tagName": "meta", "time": 25550.785305, "url": "", "pos": 1, "chunkLen": 1, "isStartTag": 1}}
06-28 15:41:28.650 12029 12042 E WProf.db: {"WprofHTMLTag": {"code": "0xaf047b50", "doc": "http://searchengineland.com/1-2-3-smile-say-hi-to-search-engine-land-on-instagram-220237", "row": 25, "column": 71, "tagName": "meta", "time": 25550.785416, "url": "", "pos": 1, "chunkLen": 1, "isStartTag": 1}}
06-28 15:41:28.650 12029 12042 E WProf.db: {"WprofHTMLTag": {"code": "0xaf047b80", "doc": "http://searchengineland.com/1-2-3-smile-say-hi-to-search-engine-land-on-instagram-220237", "row": 26, "column": 86, "tagName": "meta", "time": 25550.785528, "url": "", "pos": 1, "chunkLen": 1, "isStartTag": 1}}
06-28 15:41:28.650 12029 12042 E WProf.db: {"WprofHTMLTag": {"code": "0xaf047bb0", "doc": "http://searchengineland.com/1-2-3-smile-say-hi-to-search-engine-land-on-instagram-220237", "row": 27, "column": 54, "tagName": "meta", "time": 25550.785637, "url": "", "pos": 1, "chunkLen": 1, "isStartTag": 1}}
06-28 15:41:28.650 12029 12042 E WProf.db: {"WprofHTMLTag": {"code": "0xaf047be0", "doc": "http://searchengineland.com/1-2-3-smile-say-hi-to-search-engine-land-on-instagram-220237", "row": 29, "column": 39, "tagName": "meta", "time": 25550.785740, "url": "", "pos": 1, "chunkLen": 1, "isStartTag": 1}}
06-28 15:41:28.651 12029 12042 E WProf.db: {"WprofHTMLTag": {"code": "0xaf047c10", "doc": "http://searchengineland.com/1-2-3-smile-say-hi-to-search-engine-land-on-instagram-220237", "row": 30, "column": 104, "tagName": "meta", "time": 25550.785846, "url": "", "pos": 1, "chunkLen": 1, "isStartTag": 1}}
06-28 15:41:28.651 12029 12042 E WProf.db: {"WprofHTMLTag": {"code": "0xaf047c40", "doc": "http://searchengineland.com/1-2-3-smile-say-hi-to-search-engine-land-on-instagram-220237", "row": 31, "column": 55, "tagName": "meta", "time": 25550.785951, "url": "", "pos": 1, "chunkLen": 1, "isStartTag": 1}}
06-28 15:41:28.651 12029 12042 E WProf.db: {"WprofHTMLTag": {"code": "0xaf047c70", "doc": "http://searchengineland.com/1-2-3-smile-say-hi-to-search-engine-land-on-instagram-220237", "row": 32, "column": 54, "tagName": "meta", "time": 25550.786055, "url": "", "pos": 1, "chunkLen": 1, "isStartTag": 1}}
06-28 15:41:28.651 12029 12042 E WProf.db: {"WprofHTMLTag": {"code": "0xaf047ca0", "doc": "http://searchengineland.com/1-2-3-smile-say-hi-to-search-engine-land-on-instagram-220237", "row": 33, "column": 131, "tagName": "meta", "time": 25550.786156, "url": "", "pos": 1, "chunkLen": 1, "isStartTag": 1}}
06-28 15:41:28.651 12029 12042 E WProf.db: {"WprofHTMLTag": {"code": "0xaf047cd0", "doc": "http://searchengineland.com/1-2-3-smile-say-hi-to-search-engine-land-on-instagram-220237", "row": 37, "column": 36, "tagName": "script", "time": 25550.786269, "url": "", "pos": 1, "chunkLen": 1, "isStartTag": 1}}
06-28 15:41:28.651 12029 12042 E WProf.db: {"WprofHTMLTag": {"code": "0xaf047d00", "doc": "http://searchengineland.com/1-2-3-smile-say-hi-to-search-engine-land-on-instagram-220237", "row": 53, "column": 10, "tagName": "script", "time": 25550.787301, "url": "", "pos": 1, "chunkLen": 1, "isStartTag": 0}}
06-28 15:41:28.651 12029 12042 E WProf.db: {"WprofHTMLTag": {"code": "0xaeddd540", "doc": "http://searchengineland.com/1-2-3-smile-say-hi-to-search-engine-land-on-instagram-220237", "row": 55, "column": 86, "tagName": "link", "time": 25550.787866, "url": "http://searchengineland.com/apple-touch-icon.png", "pos": 1, "chunkLen": 1, "isStartTag": 1}}
06-28 15:41:28.651 12029 12042 E WProf.db: {"WprofHTMLTag": {"code": "0xaf047d30", "doc": "http://searchengineland.com/1-2-3-smile-say-hi-to-search-engine-land-on-instagram-220237", "row": 56, "column": 76, "tagName": "link", "time": 25550.788152, "url": "http://searchengineland.com/favicon.ico", "pos": 1, "chunkLen": 1, "isStartTag": 1}}
06-28 15:41:28.651 12029 12042 E WProf.db: {"WprofHTMLTag": {"code": "0xaf047d60", "doc": "http://searchengineland.com/1-2-3-smile-say-hi-to-search-engine-land-on-instagram-220237", "row": 57, "column": 158, "tagName": "link", "time": 25550.788348, "url": "http://feeds.searchengineland.com/searchengineland", "pos": 1, "chunkLen": 1, "isStartTag": 1}}
06-28 15:41:28.651 12029 12042 E WProf.db: {"WprofHTMLTag": {"code": "0xaf047d90", "doc": "http://searchengineland.com/1-2-3-smile-say-hi-to-search-engine-land-on-instagram-220237", "row": 58, "column": 149, "tagName": "link", "time": 25550.788611, "url": "http://feeds.searchengineland.com/searchcap", "pos": 1, "chunkLen": 1, "isStartTag": 1}}
06-28 15:41:28.651 12029 12042 E WProf.db: {"WprofHTMLTag": {"code": "0xaf047dc0", "doc": "http://searchengineland.com/1-2-3-smile-say-hi-to-search-engine-land-on-instagram-220237", "row": 59, "column": 150, "tagName": "link", "time": 25550.788879, "url": "http://searchengineland.com/figz/wp-content/themes/searchengineland/css/searchengineland-bootstrap.css", "pos": 1, "chunkLen": 1, "isStartTag": 1}}
06-28 15:41:28.651 12029 12042 E WProf.db: {"WprofHTMLTag": {"code": "0xaf047e20", "doc": "http://searchengineland.com/1-2-3-smile-say-hi-to-search-engine-land-on-instagram-220237", "row": 60, "column": 105, "tagName": "link", "time": 25550.789408, "url": "http://fonts.googleapis.com/css?family=Oswald:300,400,700", "pos": 1, "chunkLen": 1, "isStartTag": 1}}
06-28 15:41:28.651 12029 12042 E WProf.db: {"WprofHTMLTag": {"code": "0xaf047e80", "doc": "http://searchengineland.com/1-2-3-smile-say-hi-to-search-engine-land-on-instagram-220237", "row": 61, "column": 125, "tagName": "link", "time": 25550.789940, "url": "http://searchengineland.com/figz/wp-content/themes/searchengineland/style.css", "pos": 1, "chunkLen": 1, "isStartTag": 1}}
06-28 15:41:28.652 12029 12042 E WProf.db: {"WprofHTMLTag": {"code": "0xaf047ee0", "doc": "http://searchengineland.com/1-2-3-smile-say-hi-to-search-engine-land-on-instagram-220237", "row": 65, "column": 7, "tagName": "title", "time": 25550.792449, "url": "", "pos": 1, "chunkLen": 1, "isStartTag": 1}}
06-28 15:41:28.652 12029 12042 E WProf.db: {"WprofHTMLTag": {"code": "0xaf047f10", "doc": "http://searchengineland.com/1-2-3-smile-say-hi-to-search-engine-land-on-instagram-220237", "row": 65, "column": 74, "tagName": "title", "time": 25550.792684, "url": "", "pos": 1, "chunkLen": 1, "isStartTag": 0}}
06-28 15:41:28.652 12029 12042 E WProf.db: {"WprofHTMLTag": {"code": "0xaf047f40", "doc": "http://searchengineland.com/1-2-3-smile-say-hi-to-search-engine-land-on-instagram-220237", "row": 66, "column": 99, "tagName": "meta", "time": 25550.792705, "url": "", "pos": 1, "chunkLen": 1, "isStartTag": 1}}
06-28 15:41:28.652 12029 12042 E WProf.db: {"WprofHTMLTag": {"code": "0xaf047f70", "doc": "http://searchengineland.com/1-2-3-smile-say-hi-to-search-engine-land-on-instagram-220237", "row": 67, "column": 40, "tagName": "meta", "time": 25550.792820, "url": "", "pos": 1, "chunkLen": 1, "isStartTag": 1}}
06-28 15:41:28.652 12029 12042 E WProf.db: {"WprofHTMLTag": {"code": "0xaf047fa0", "doc": "http://searchengineland.com/1-2-3-smile-say-hi-to-search-engine-land-on-instagram-220237", "row": 68, "column": 130, "tagName": "meta", "time": 25550.792926, "url": "", "pos": 1, "chunkLen": 1, "isStartTag": 1}}
06-28 15:41:28.652 12029 12042 E WProf.db: {"WprofHTMLTag": {"code": "0xaf047fd0", "doc": "http://searchengineland.com/1-2-3-smile-say-hi-to-search-engine-land-on-instagram-220237", "row": 69, "column": 37, "tagName": "meta", "time": 25550.793586, "url": "", "pos": 1, "chunkLen": 1, "isStartTag": 1}}
06-28 15:41:28.652 12029 12042 E WProf.db: {"WprofHTMLTag": {"code": "0xb4cc74b0", "doc": "http://searchengineland.com/1-2-3-smile-say-hi-to-search-engine-land-on-instagram-220237", "row": 70, "column": 120, "tagName": "link", "time": 25550.793905, "url": "http://searchengineland.com/1-2-3-smile-say-hi-to-search-engine-land-on-instagram-220237", "pos": 1, "chunkLen": 1, "isStartTag": 1}}
06-28 15:41:28.652 12029 12042 E WProf.db: {"WprofHTMLTag": {"code": "0xb4cc7540", "doc": "http://searchengineland.com/1-2-3-smile-say-hi-to-search-engine-land-on-instagram-220237", "row": 71, "column": 76, "tagName": "link", "time": 25550.796989, "url": "https://plus.google.com/103218677032751327334", "pos": 1, "chunkLen": 1, "isStartTag": 1}}
06-28 15:41:28.652 12029 12042 E WProf.db: {"WprofHTMLTag": {"code": "0xb4cc78a0", "doc": "http://searchengineland.com/1-2-3-smile-say-hi-to-search-engine-land-on-instagram-220237", "row": 72, "column": 45, "tagName": "meta", "time": 25550.797179, "url": "", "pos": 1, "chunkLen": 1, "isStartTag": 1}}
06-28 15:41:28.652 12029 12042 E WProf.db: {"WprofHTMLTag": {"code": "0xb4cc78d0", "doc": "http://searchengineland.com/1-2-3-smile-say-hi-to-search-engine-land-on-instagram-220237", "row": 73, "column": 45, "tagName": "meta", "time": 25550.797295, "url": "", "pos": 1, "chunkLen": 1, "isStartTag": 1}}
06-28 15:41:28.652 12029 12042 E WProf.db: {"WprofHTMLTag": {"code": "0xb4cc7900", "doc": "http://searchengineland.com/1-2-3-smile-say-hi-to-search-engine-land-on-instagram-220237", "row": 74, "column": 98, "tagName": "meta", "time": 25550.797402, "url": "", "pos": 1, "chunkLen": 1, "isStartTag": 1}}
06-28 15:41:28.652 12029 12042 E WProf.db: {"WprofHTMLTag": {"code": "0xb4cc7930", "doc": "http://searchengineland.com/1-2-3-smile-say-hi-to-search-engine-land-on-instagram-220237", "row": 75, "column": 107, "tagName": "meta", "time": 25550.797504, "url": "", "pos": 1, "chunkLen": 1, "isStartTag": 1}}
06-28 15:41:28.653 12029 12042 E WProf.db: {"WprofHTMLTag": {"code": "0xb4cc7960", "doc": "http://searchengineland.com/1-2-3-smile-say-hi-to-search-engine-land-on-instagram-220237", "row": 76, "column": 125, "tagName": "meta", "time": 25550.797607, "url": "", "pos": 1, "chunkLen": 1, "isStartTag": 1}}
06-28 15:41:28.653 12029 12042 E WProf.db: {"WprofHTMLTag": {"code": "0xb4cc7990", "doc": "http://searchengineland.com/1-2-3-smile-say-hi-to-search-engine-land-on-instagram-220237", "row": 77, "column": 61, "tagName": "meta", "time": 25550.797711, "url": "", "pos": 1, "chunkLen": 1, "isStartTag": 1}}
06-28 15:41:28.653 12029 12042 E WProf.db: {"WprofHTMLTag": {"code": "0xb4cc79c0", "doc": "http://searchengineland.com/1-2-3-smile-say-hi-to-search-engine-land-on-instagram-220237", "row": 78, "column": 89, "tagName": "meta", "time": 25550.797814, "url": "", "pos": 1, "chunkLen": 1, "isStartTag": 1}}
06-28 15:41:28.653 12029 12042 E WProf.db: {"WprofHTMLTag": {"code": "0xb4cc79f0", "doc": "http://searchengineland.com/1-2-3-smile-say-hi-to-search-engine-land-on-instagram-220237", "row": 79, "column": 70, "tagName": "meta", "time": 25550.797916, "url": "", "pos": 1, "chunkLen": 1, "isStartTag": 1}}
06-28 15:41:28.653 12029 12042 E WProf.db: {"WprofHTMLTag": {"code": "0xb4cc7a20", "doc": "http://searchengineland.com/1-2-3-smile-say-hi-to-search-engine-land-on-instagram-220237", "row": 80, "column": 78, "tagName": "meta", "time": 25550.798024, "url": "", "pos": 1, "chunkLen": 1, "isStartTag": 1}}
06-28 15:41:28.653 12029 12042 E WProf.db: {"WprofHTMLTag": {"code": "0xb4cc7a50", "doc": "http://searchengineland.com/1-2-3-smile-say-hi-to-search-engine-land-on-instagram-220237", "row": 81, "column": 125, "tagName": "meta", "time": 25550.798132, "url": "", "pos": 1, "chunkLen": 1, "isStartTag": 1}}
06-28 15:41:28.653 12029 12042 E WProf.db: {"WprofHTMLTag": {"code": "0xb4cc7a80", "doc": "http://searchengineland.com/1-2-3-smile-say-hi-to-search-engine-land-on-instagram-220237", "row": 82, "column": 49, "tagName": "meta", "time": 25550.798235, "url": "", "pos": 1, "chunkLen": 1, "isStartTag": 1}}
06-28 15:41:28.653 12029 12042 E WProf.db: {"WprofHTMLTag": {"code": "0xb4cc7ab0", "doc": "http://searchengineland.com/1-2-3-smile-say-hi-to-search-engine-land-on-instagram-220237", "row": 83, "column": 50, "tagName": "meta", "time": 25550.798335, "url": "", "pos": 1, "chunkLen": 1, "isStartTag": 1}}
06-28 15:41:28.653 12029 12042 E WProf.db: {"WprofHTMLTag": {"code": "0xb4cc7ae0", "doc": "http://searchengineland.com/1-2-3-smile-say-hi-to-search-engine-land-on-instagram-220237", "row": 84, "column": 58, "tagName": "meta", "time": 25550.798438, "url": "", "pos": 1, "chunkLen": 1, "isStartTag": 1}}
06-28 15:41:28.653 12029 12042 E WProf.db: {"WprofHTMLTag": {"code": "0xb4cc7b10", "doc": "http://searchengineland.com/1-2-3-smile-say-hi-to-search-engine-land-on-instagram-220237", "row": 85, "column": 108, "tagName": "meta", "time": 25550.798555, "url": "", "pos": 1, "chunkLen": 1, "isStartTag": 1}}
06-28 15:41:28.653 12029 12042 E WProf.db: {"WprofHTMLTag": {"code": "0xb4cc7b40", "doc": "http://searchengineland.com/1-2-3-smile-say-hi-to-search-engine-land-on-instagram-220237", "row": 86, "column": 99, "tagName": "meta", "time": 25550.798659, "url": "", "pos": 1, "chunkLen": 1, "isStartTag": 1}}
06-28 15:41:28.653 12029 12042 E WProf.db: {"WprofHTMLTag": {"code": "0xb4cc7b70", "doc": "http://searchengineland.com/1-2-3-smile-say-hi-to-search-engine-land-on-instagram-220237", "row": 87, "column": 51, "tagName": "meta", "time": 25550.798759, "url": "", "pos": 1, "chunkLen": 1, "isStartTag": 1}}
06-28 15:41:28.654 12029 12042 E WProf.db: {"WprofHTMLTag": {"code": "0xb4cc7ba0", "doc": "http://searchengineland.com/1-2-3-smile-say-hi-to-search-engine-land-on-instagram-220237", "row": 88, "column": 126, "tagName": "meta", "time": 25550.798862, "url": "", "pos": 1, "chunkLen": 1, "isStartTag": 1}}
06-28 15:41:28.654 12029 12042 E WProf.db: {"WprofHTMLTag": {"code": "0xb4cc7bd0", "doc": "http://searchengineland.com/1-2-3-smile-say-hi-to-search-engine-land-on-instagram-220237", "row": 89, "column": 49, "tagName": "meta", "time": 25550.798972, "url": "", "pos": 1, "chunkLen": 1, "isStartTag": 1}}
06-28 15:41:28.654 12029 12042 E WProf.db: {"WprofHTMLTag": {"code": "0xb4cc7c00", "doc": "http://searchengineland.com/1-2-3-smile-say-hi-to-search-engine-land-on-instagram-220237", "row": 92, "column": 44, "tagName": "link", "time": 25550.799081, "url": "http://s.w.org/", "pos": 1, "chunkLen": 1, "isStartTag": 1}}
06-28 15:41:28.654 12029 12042 E WProf.db: {"WprofHTMLTag": {"code": "0xb4cc7c30", "doc": "http://searchengineland.com/1-2-3-smile-say-hi-to-search-engine-land-on-instagram-220237", "row": 93, "column": 33, "tagName": "script", "time": 25550.799278, "url": "", "pos": 1, "chunkLen": 1, "isStartTag": 1}}
06-28 15:41:28.654 12029 12042 E WProf.db: {"WprofHTMLTag": {"code": "0xb4cc7c60", "doc": "http://searchengineland.com/1-2-3-smile-say-hi-to-search-engine-land-on-instagram-220237", "row": 96, "column": 11, "tagName": "script", "time": 25550.799459, "url": "http://searchengineland.com/figz/wp-includes/js/wp-emoji-release.min.js?ver=4.7.5", "pos": 1, "chunkLen": 1, "isStartTag": 0}}
06-28 15:41:28.654 12029 12042 E WProf.db: {"WprofHTMLTag": {"code": "0xaec60960", "doc": "http://searchengineland.com/1-2-3-smile-say-hi-to-search-engine-land-on-instagram-220237", "row": 97, "column": 25, "tagName": "style", "time": 25551.380217, "url": "", "pos": 1, "chunkLen": 1, "isStartTag": 1}}
06-28 15:41:28.654 12029 12042 E WProf.db: {"WprofHTMLTag": {"code": "0xaec60990", "doc": "http://searchengineland.com/1-2-3-smile-say-hi-to-search-engine-land-on-instagram-220237", "row": 110, "column": 8, "tagName": "style", "time": 25551.380401, "url": "", "pos": 1, "chunkLen": 1, "isStartTag": 0}}
06-28 15:41:28.654 12029 12042 E WProf.db: {"WprofHTMLTag": {"code": "0xaec609c0", "doc": "http://searchengineland.com/1-2-3-smile-say-hi-to-search-engine-land-on-instagram-220237", "row": 111, "column": 140, "tagName": "script", "time": 25551.382048, "url": "http://searchengineland.com/figz/wp-content/themes/searchengineland/js/lib/modernizr.custom.js?ver=1.0", "pos": 1, "chunkLen": 1, "isStartTag": 1}}
06-28 15:41:28.654 12029 12042 E WProf.db: {"WprofHTMLTag": {"code": "0xaec609f0", "doc": "http://searchengineland.com/1-2-3-smile-say-hi-to-search-engine-land-on-instagram-220237", "row": 111, "column": 149, "tagName": "script", "time": 25551.382276, "url": "", "pos": 1, "chunkLen": 1, "isStartTag": 0}}
06-28 15:41:28.654 12029 12042 E WProf.db: {"WprofHTMLTag": {"code": "0xaedddb10", "doc": "http://searchengineland.com/1-2-3-smile-say-hi-to-search-engine-land-on-instagram-220237", "row": 112, "column": 144, "tagName": "script", "time": 25551.391457, "url": "http://searchengineland.com/figz/wp-content/themes/searchengineland/js/lib/jquery-1.11.0.min.js?ver=1.11.0", "pos": 1, "chunkLen": 1, "isStartTag": 1}}
06-28 15:41:28.654 12029 12042 E WProf.db: {"WprofHTMLTag": {"code": "0xaedddae0", "doc": "http://searchengineland.com/1-2-3-smile-say-hi-to-search-engine-land-on-instagram-220237", "row": 112, "column": 153, "tagName": "script", "time": 25551.391708, "url": "", "pos": 1, "chunkLen": 1, "isStartTag": 0}}
06-28 15:41:28.655 12029 12042 E WProf.db: {"WprofHTMLTag": {"code": "0xaeddde70", "doc": "http://searchengineland.com/1-2-3-smile-say-hi-to-search-engine-land-on-instagram-220237", "row": 0, "column": 15, "tagName": "div", "time": 25551.454391, "url": "", "pos": 15, "chunkLen": 44, "isStartTag": 1}}
06-28 15:41:28.655 12029 12042 E WProf.db: {"WprofHTMLTag": {"code": "0xaeddde40", "doc": "http://searchengineland.com/1-2-3-smile-say-hi-to-search-engine-land-on-instagram-220237", "row": 0, "column": 21, "tagName": "div", "time": 25551.454534, "url": "", "pos": 21, "chunkLen": 44, "isStartTag": 0}}
06-28 15:41:28.655 12029 12042 E WProf.db: {"WprofHTMLTag": {"code": "0xaedddc00", "doc": "http://searchengineland.com/1-2-3-smile-say-hi-to-search-engine-land-on-instagram-220237", "row": 0, "column": 38, "tagName": "div", "time": 25551.454599, "url": "", "pos": 38, "chunkLen": 44, "isStartTag": 1}}
06-28 15:41:28.655 12029 12042 E WProf.db: {"WprofHTMLTag": {"code": "0xaeddde10", "doc": "http://searchengineland.com/1-2-3-smile-say-hi-to-search-engine-land-on-instagram-220237", "row": 0, "column": 44, "tagName": "div", "time": 25551.454710, "url": "", "pos": 44, "chunkLen": 44, "isStartTag": 0}}
06-28 15:41:28.655 12029 12042 E WProf.db: {"WprofHTMLTag": {"code": "0xaedddde0", "doc": "http://searchengineland.com/1-2-3-smile-say-hi-to-search-engine-land-on-instagram-220237", "row": 0, "column": 13, "tagName": "select", "time": 25551.456073, "url": "", "pos": 13, "chunkLen": 51, "isStartTag": 1}}
06-28 15:41:28.655 12029 12042 E WProf.db: {"WprofHTMLTag": {"code": "0xaeddddb0", "doc": "http://searchengineland.com/1-2-3-smile-say-hi-to-search-engine-land-on-instagram-220237", "row": 0, "column": 33, "tagName": "option", "time": 25551.456250, "url": "", "pos": 33, "chunkLen": 51, "isStartTag": 1}}
06-28 15:41:28.655 12029 12042 E WProf.db: {"WprofHTMLTag": {"code": "0xaedddd80", "doc": "http://searchengineland.com/1-2-3-smile-say-hi-to-search-engine-land-on-instagram-220237", "row": 0, "column": 42, "tagName": "option", "time": 25551.456443, "url": "", "pos": 42, "chunkLen": 51, "isStartTag": 0}}
06-28 15:41:28.655 12029 12042 E WProf.db: {"WprofHTMLTag": {"code": "0xaec60ab0", "doc": "http://searchengineland.com/1-2-3-smile-say-hi-to-search-engine-land-on-instagram-220237", "row": 0, "column": 51, "tagName": "select", "time": 25551.456500, "url": "", "pos": 51, "chunkLen": 51, "isStartTag": 0}}
06-28 15:41:28.655 12029 12042 E WProf.db: {"WprofHTMLTag": {"code": "0xaec60ae0", "doc": "http://searchengineland.com/1-2-3-smile-say-hi-to-search-engine-land-on-instagram-220237", "row": 0, "column": 12, "tagName": "a", "time": 25551.461014, "url": "", "pos": 12, "chunkLen": 16, "isStartTag": 1}}
06-28 15:41:28.655 12029 12042 E WProf.db: {"WprofHTMLTag": {"code": "0xaec60b10", "doc": "http://searchengineland.com/1-2-3-smile-say-hi-to-search-engine-land-on-instagram-220237", "row": 0, "column": 16, "tagName": "a", "time": 25551.461178, "url": "", "pos": 16, "chunkLen": 16, "isStartTag": 0}}
06-28 15:41:28.655 12029 12042 E WProf.db: {"WprofHTMLTag": {"code": "0xaec60b40", "doc": "http://searchengineland.com/1-2-3-smile-say-hi-to-search-engine-land-on-instagram-220237", "row": 0, "column": 8, "tagName": "input", "time": 25551.462588, "url": "", "pos": 8, "chunkLen": 8, "isStartTag": 1}}
06-28 15:41:28.655 12029 12042 E WProf.db: {"WprofHTMLTag": {"code": "0xaec60b70", "doc": "http://searchengineland.com/1-2-3-smile-say-hi-to-search-engine-land-on-instagram-220237", "row": 0, "column": 9, "tagName": "link", "time": 25551.471826, "url": "", "pos": 9, "chunkLen": 42, "isStartTag": 1}}
06-28 15:41:28.655 12029 12042 E WProf.db: {"WprofHTMLTag": {"code": "0xaec60ba0", "doc": "http://searchengineland.com/1-2-3-smile-say-hi-to-search-engine-land-on-instagram-220237", "row": 0, "column": 16, "tagName": "table", "time": 25551.471939, "url": "", "pos": 16, "chunkLen": 42, "isStartTag": 1}}
06-28 15:41:28.656 12029 12042 E WProf.db: {"WprofHTMLTag": {"code": "0xaec60bd0", "doc": "http://searchengineland.com/1-2-3-smile-say-hi-to-search-engine-land-on-instagram-220237", "row": 0, "column": 24, "tagName": "table", "time": 25551.472058, "url": "", "pos": 24, "chunkLen": 42, "isStartTag": 0}}
06-28 15:41:28.656 12029 12042 E WProf.db: {"WprofHTMLTag": {"code": "0xaec60c00", "doc": "http://searchengineland.com/1-2-3-smile-say-hi-to-search-engine-land-on-instagram-220237", "row": 0, "column": 37, "tagName": "a", "time": 25551.472127, "url": "", "pos": 37, "chunkLen": 42, "isStartTag": 1}}
06-28 15:41:28.656 12029 12042 E WProf.db: {"WprofHTMLTag": {"code": "0xaec60c30", "doc": "http://searchengineland.com/1-2-3-smile-say-hi-to-search-engine-land-on-instagram-220237", "row": 0, "column": 42, "tagName": "a", "time": 25551.472301, "url": "", "pos": 42, "chunkLen": 42, "isStartTag": 0}}
06-28 15:41:28.656 12029 12042 E WProf.db: {"WprofHTMLTag": {"code": "0xaec60cc0", "doc": "http://searchengineland.com/1-2-3-smile-say-hi-to-search-engine-land-on-instagram-220237", "row": 0, "column": 10, "tagName": "textarea", "time": 25551.473694, "url": "", "pos": 10, "chunkLen": 22, "isStartTag": 1}}
06-28 15:41:28.656 12029 12042 E WProf.db: {"WprofHTMLTag": {"code": "0xaec60cf0", "doc": "http://searchengineland.com/1-2-3-smile-say-hi-to-search-engine-land-on-instagram-220237", "row": 0, "column": 22, "tagName": "textarea", "time": 25551.473879, "url": "", "pos": 22, "chunkLen": 22, "isStartTag": 0}}
06-28 15:41:28.656 12029 12042 E WProf.db: {"WprofHTMLTag": {"code": "0xaec60d20", "doc": "http://searchengineland.com/1-2-3-smile-say-hi-to-search-engine-land-on-instagram-220237", "row": 0, "column": 48, "tagName": "input", "time": 25551.475060, "url": "", "pos": 48, "chunkLen": 48, "isStartTag": 1}}
06-28 15:41:28.656 12029 12042 E WProf.db: {"WprofHTMLTag": {"code": "0xaec60d80", "doc": "http://searchengineland.com/1-2-3-smile-say-hi-to-search-engine-land-on-instagram-220237", "row": 0, "column": 9, "tagName": "link", "time": 25551.480430, "url": "", "pos": 9, "chunkLen": 66, "isStartTag": 1}}
06-28 15:41:28.656 12029 12042 E WProf.db: {"WprofHTMLTag": {"code": "0xaec60db0", "doc": "http://searchengineland.com/1-2-3-smile-say-hi-to-search-engine-land-on-instagram-220237", "row": 0, "column": 16, "tagName": "table", "time": 25551.480554, "url": "", "pos": 16, "chunkLen": 66, "isStartTag": 1}}
06-28 15:41:28.656 12029 12042 E WProf.db: {"WprofHTMLTag": {"code": "0xaec60de0", "doc": "http://searchengineland.com/1-2-3-smile-say-hi-to-search-engine-land-on-instagram-220237", "row": 0, "column": 24, "tagName": "table", "time": 25551.480628, "url": "", "pos": 24, "chunkLen": 66, "isStartTag": 0}}
06-28 15:41:28.656 12029 12042 E WProf.db: {"WprofHTMLTag": {"code": "0xaec60e10", "doc": "http://searchengineland.com/1-2-3-smile-say-hi-to-search-engine-land-on-instagram-220237", "row": 0, "column": 37, "tagName": "a", "time": 25551.480694, "url": "", "pos": 37, "chunkLen": 66, "isStartTag": 1}}
06-28 15:41:28.656 12029 12042 E WProf.db: {"WprofHTMLTag": {"code": "0xaec60e40", "doc": "http://searchengineland.com/1-2-3-smile-say-hi-to-search-engine-land-on-instagram-220237", "row": 0, "column": 42, "tagName": "a", "time": 25551.480875, "url": "", "pos": 42, "chunkLen": 66, "isStartTag": 0}}
06-28 15:41:28.657 12029 12042 E WProf.db: {"WprofHTMLTag": {"code": "0xaec60e70", "doc": "http://searchengineland.com/1-2-3-smile-say-hi-to-search-engine-land-on-instagram-220237", "row": 0, "column": 66, "tagName": "input", "time": 25551.480934, "url": "", "pos": 66, "chunkLen": 66, "isStartTag": 1}}
06-28 15:41:28.657 12029 12042 E WProf.db: {"WprofHTMLTag": {"code": "0xaec60f00", "doc": "http://searchengineland.com/1-2-3-smile-say-hi-to-search-engine-land-on-instagram-220237", "row": 0, "column": 9, "tagName": "link", "time": 25551.482949, "url": "", "pos": 9, "chunkLen": 66, "isStartTag": 1}}
06-28 15:41:28.657 12029 12042 E WProf.db: {"WprofHTMLTag": {"code": "0xaec60f30", "doc": "http://searchengineland.com/1-2-3-smile-say-hi-to-search-engine-land-on-instagram-220237", "row": 0, "column": 16, "tagName": "table", "time": 25551.483053, "url": "", "pos": 16, "chunkLen": 66, "isStartTag": 1}}
06-28 15:41:28.657 12029 12042 E WProf.db: {"WprofHTMLTag": {"code": "0xaec60f60", "doc": "http://searchengineland.com/1-2-3-smile-say-hi-to-search-engine-land-on-instagram-220237", "row": 0, "column": 24, "tagName": "table", "time": 25551.483126, "url": "", "pos": 24, "chunkLen": 66, "isStartTag": 0}}
06-28 15:41:28.657 12029 12042 E WProf.db: {"WprofHTMLTag": {"code": "0xaec60f90", "doc": "http://searchengineland.com/1-2-3-smile-say-hi-to-search-engine-land-on-instagram-220237", "row": 0, "column": 37, "tagName": "a", "time": 25551.483190, "url": "", "pos": 37, "chunkLen": 66, "isStartTag": 1}}
06-28 15:41:28.657 12029 12042 E WProf.db: {"WprofHTMLTag": {"code": "0xaec60fc0", "doc": "http://searchengineland.com/1-2-3-smile-say-hi-to-search-engine-land-on-instagram-220237", "row": 0, "column": 42, "tagName": "a", "time": 25551.483352, "url": "", "pos": 42, "chunkLen": 66, "isStartTag": 0}}
06-28 15:41:28.657 12029 12042 E WProf.db: {"WprofHTMLTag": {"code": "0xaec60ff0", "doc": "http://searchengineland.com/1-2-3-smile-say-hi-to-search-engine-land-on-instagram-220237", "row": 0, "column": 66, "tagName": "input", "time": 25551.483412, "url": "", "pos": 66, "chunkLen": 66, "isStartTag": 1}}
