--------- beginning of main
06-28 10:16:19.486  3449  3449 E Finsky  : [1] com.google.android.finsky.wear.bl.a(3): onConnectionFailed: ConnectionResult{statusCode=API_UNAVAILABLE, resolution=null, message=null}
--------- beginning of system
06-28 10:16:20.690 27907 27907 E chromium: [ERROR:shell_integration_android.cc(12)] Not implemented reached in static ShellIntegration::DefaultWebClientSetPermission ShellIntegration::CanSetAsDefaultBrowser()
06-28 10:16:20.694 27907 27907 E chromium: [ERROR:browser_process_impl.cc(720)] Not implemented reached in virtual BackgroundModeManager* BrowserProcessImpl::background_mode_manager()
06-28 10:16:20.924  3218 22162 E AudioRecord-JNI: Error -4 during AudioRecord native read
06-28 10:16:23.310 27907 27952 E chromium: [ERROR:gles2_cmd_decoder.cc(3852)] [.ChromiumCompositor-0xacbb2fc0]GL ERROR :GL_INVALID_ENUM : glDiscardFramebufferEXT: attachments was GL_COLOR_EXT
06-28 10:16:23.542 27976 27988 E WPROF   : {"CSS": {"url": "http://searchengineland.com/figz/wp-content/themes/searchengineland/css/searchengineland-bootstrap.css", "requestTime": 6060.598038}}
06-28 10:16:23.543 27976 27988 E WPROF   : {"CSS": {"url": "http://fonts.googleapis.com/css?family=Oswald:300,400,700", "requestTime": 6060.598560}}
06-28 10:16:23.545 27976 27988 E WPROF   : {"CSS": {"url": "http://searchengineland.com/figz/wp-content/themes/searchengineland/style.css", "requestTime": 6060.600000}}
06-28 10:16:23.549 27976 27988 E WPROF   : {"Javascript": {"url": "http://searchengineland.com/figz/wp-content/themes/searchengineland/js/lib/modernizr.custom.js?ver=1.0", "requestTime": 6060.605086}}
06-28 10:16:23.550 27976 27988 E WPROF   : {"Javascript": {"url": "http://searchengineland.com/figz/wp-content/themes/searchengineland/js/lib/jquery-1.11.0.min.js?ver=1.11.0", "requestTime": 6060.605476}}
06-28 10:16:23.550 27976 27988 E WPROF   : {"Javascript": {"url": "http://searchengineland.com/figz/wp-content/themes/searchengineland/js/lib/jquery-ui-1.10.3.custom.min.js?ver=1.10.3", "requestTime": 6060.605795}}
06-28 10:16:23.550 27976 27988 E WPROF   : {"Javascript": {"url": "http://searchengineland.com/figz/wp-content/themes/searchengineland/js/lib/jquery.ba-throttle-debounce.min.js?ver=1.1", "requestTime": 6060.606108}}
06-28 10:16:23.551 27976 27988 E WPROF   : {"Javascript": {"url": "http://searchengineland.com/figz/wp-content/themes/searchengineland/js/lib/jquery.countdown.min.js?ver=2.0.4", "requestTime": 6060.606421}}
06-28 10:16:23.554 27976 27988 E WPROF   : {"Javascript": {"url": "http://static.chartbeat.com/js/chartbeat_mab.js", "requestTime": 6060.609271}}
06-28 10:16:24.099 27976 27988 E WPROF   : {"Javascript": {"url": "http://searchengineland.com/figz/wp-includes/js/wp-emoji-release.min.js?ver=4.7.5", "requestTime": 6061.154499}}
06-28 10:16:24.498 27976 27988 E WPROF   : {"Javascript": {"url": "http://www.googletagservices.com/tag/js/gpt.js", "requestTime": 6061.553386}}
06-28 10:16:24.516 27976 27988 E WPROF   : {"Javascript": {"url": "https://www.google-analytics.com/analytics.js", "requestTime": 6061.571248}}
06-28 10:16:24.526 27976 27988 E WPROF   : {"Javascript": {"url": "http://edge.quantserve.com/quant.js", "requestTime": 6061.581486}}
06-28 10:16:24.529 27976 27988 E WPROF   : {"Javascript": {"url": "https://connect.facebook.net/en_US/fbevents.js", "requestTime": 6061.584242}}
06-28 10:16:24.627 27907 27952 E chromium: [ERROR:gles2_cmd_decoder.cc(3852)] [.ChromiumCompositor-0xacbb2fc0]GL ERROR :GL_INVALID_ENUM : glDiscardFramebufferEXT: attachments was GL_COLOR_EXT
06-28 10:16:24.659 27976 27988 E WPROF   : {"Javascript": {"url": "http://app-sj02.marketo.com/js/forms2/js/forms2.min.js", "requestTime": 6061.715070}}
06-28 10:16:24.768 27907 27952 E chromium: [ERROR:gles2_cmd_decoder.cc(3852)] [.ChromiumCompositor-0xacbb2fc0]GL ERROR :GL_INVALID_ENUM : glDiscardFramebufferEXT: attachments was GL_COLOR_EXT
06-28 10:16:24.772 27976 27988 E WPROF   : {"Javascript": {"url": "https://connect.facebook.net/signals/config/423979991297359?v=2.7.17", "requestTime": 6061.827322}}
06-28 10:16:24.778 27976 27988 E WPROF   : {"Javascript": {"url": "https://securepubads.g.doubleclick.net/gpt/pubads_impl_121.js", "requestTime": 6061.833250}}
06-28 10:16:24.834 27907 27952 E chromium: [ERROR:gles2_cmd_decoder.cc(3852)] [.ChromiumCompositor-0xacbb2fc0]GL ERROR :GL_INVALID_ENUM : glDiscardFramebufferEXT: attachments was GL_COLOR_EXT
06-28 10:16:25.140 27976 27988 E WPROF   : {"Javascript": {"url": "http://app-sj02.marketo.com/index.php/form/getForm?munchkinId=727-ZQE-044&form=5691&url=http%3A%2F%2Fsearchengineland.com%2F10-tips-for-avoiding-shady-seo-providers-245676&callback=jQuery11020506981483194977_1498612585075&_=1498612585076", "requestTime": 6062.195320}}
06-28 10:16:25.158 27976 27988 E WPROF   : {"Javascript": {"url": "http://app-sj02.marketo.com/index.php/form/getForm?munchkinId=727-ZQE-044&form=5685&url=http%3A%2F%2Fsearchengineland.com%2F10-tips-for-avoiding-shady-seo-providers-245676&callback=jQuery11020506981483194977_1498612585077&_=1498612585078", "requestTime": 6062.214022}}
06-28 10:16:25.383 27976 27988 E WPROF   : {"Javascript": {"url": "http://app-sj02.marketo.com/index.php/form/getForm?munchkinId=727-ZQE-044&form=5673&url=http%3A%2F%2Fsearchengineland.com%2F10-tips-for-avoiding-shady-seo-providers-245676&callback=jQuery11020506981483194977_1498612585079&_=1498612585080", "requestTime": 6062.438424}}
06-28 10:16:25.390 27976 27988 E WPROF   : {"Javascript": {"url": "http://searchengineland.com/js/ga_social_tracking.js", "requestTime": 6062.445663}}
06-28 10:16:25.391 27976 27988 E WPROF   : {"Javascript": {"url": "http://s7.addthis.com/js/300/addthis_widget.js#pubid=ra-53e918f660794f37", "requestTime": 6062.447038}}
06-28 10:16:25.433 27976 27988 E WPROF   : {"Javascript": {"url": "https://static.xx.fbcdn.net/rsrc.php/v3iy6L4/yk/l/ko_KR/be4fIjHRc8P.js", "requestTime": 6062.488430}}
06-28 10:16:25.446 27907 27952 E chromium: [ERROR:gles2_cmd_decoder.cc(3852)] [.ChromiumCompositor-0xacbb2fc0]GL ERROR :GL_INVALID_ENUM : glDiscardFramebufferEXT: attachments was GL_COLOR_EXT
06-28 10:16:25.966 27976 27988 E WPROF   : {"Javascript": {"url": "https://securepubads.g.doubleclick.net/gampad/ads?gdfp_req=1&correlator=2336846720794624&output=json_html&callback=googletag.impl.pubads.callbackProxy1&impl=fifs&json_a=1&eid=108809080%2C108809148%2C108809103&sc=0&sfv=1-0-9&iu_parts=1038259%2Csel-ciu-1%2Csel-ciu-2%2Csel-ciu-3%2Csel-ciu-4%2Csel-ciu-5", "requestTime": 6063.021864}}
06-28 10:16:26.045 27907 27952 E chromium: [ERROR:gles2_cmd_decoder.cc(3852)] [.ChromiumCompositor-0xacbb2fc0]GL ERROR :GL_INVALID_ENUM : glDiscardFramebufferEXT: attachments was GL_COLOR_EXT
06-28 10:16:26.164   862  1657 E LocSvc_IzatApiV02: E/virtual int izat_core::IzatApiV02::getBatchSize(int32_t):522]: Error : st = 4, ind.status = -1628389555
06-28 10:16:26.164   862  1657 E LocSvc_IzatApiV02: E/virtual int izat_core::IzatApiV02::getBatchSize(int32_t):535]: get batching size failed.Or modem does not support batching 
06-28 10:16:26.173   862  1657 E LocSvc_IzatApiV02: E/virtual int izat_core::IzatApiV02::getBatchSize(int32_t):522]: Error : st = 4, ind.status = -1628389555
06-28 10:16:26.173   862  1657 E LocSvc_IzatApiV02: E/virtual int izat_core::IzatApiV02::getBatchSize(int32_t):535]: get batching size failed.Or modem does not support batching 
06-28 10:16:26.207   862  1657 E LocSvc_IzatApiV02: E/virtual int izat_core::IzatApiV02::getBatchSize(int32_t):522]: Error : st = 4, ind.status = -1628389555
06-28 10:16:26.207   862  1657 E LocSvc_IzatApiV02: E/virtual int izat_core::IzatApiV02::getBatchSize(int32_t):535]: get batching size failed.Or modem does not support batching 
06-28 10:16:26.217   862  1657 E LocSvc_IzatApiV02: E/virtual int izat_core::IzatApiV02::getBatchSize(int32_t):522]: Error : st = 4, ind.status = -1628389555
06-28 10:16:26.217   862  1657 E LocSvc_IzatApiV02: E/virtual int izat_core::IzatApiV02::getBatchSize(int32_t):535]: get batching size failed.Or modem does not support batching 
06-28 10:16:26.597 27976 27988 E WPROF   : {"Javascript": {"url": "http://platform.twitter.com/widgets.js", "requestTime": 6063.652312}}
06-28 10:16:26.599 27976 27988 E WPROF   : {"Javascript": {"url": "http://connect.facebook.net/en_US/sdk.js", "requestTime": 6063.654940}}
06-28 10:16:26.602 27976 27988 E WPROF   : {"Javascript": {"url": "https://apis.google.com/js/platform.js", "requestTime": 6063.657543}}
06-28 10:16:26.622 27976 27988 E WPROF   : {"Javascript": {"url": "http://rules.quantcount.com/rules-p-5aGizvD82d9hk.js", "requestTime": 6063.678054}}
06-28 10:16:26.627 27976 27988 E WPROF   : {"Javascript": {"url": "http://munchkin.marketo.net/munchkin.js", "requestTime": 6063.682946}}
06-28 10:16:26.847 27907 27952 E chromium: [ERROR:gles2_cmd_decoder.cc(3852)] [.ChromiumCompositor-0xacbb2fc0]GL ERROR :GL_INVALID_ENUM : glDiscardFramebufferEXT: attachments was GL_COLOR_EXT
06-28 10:16:26.922 27976 27988 E WPROF   : {"Javascript": {"url": "http://cdn.api.twitter.com/1/users/show.json?screen_name=greggifford&callback=twttr.setFollowersCount", "requestTime": 6063.978184}}
06-28 10:16:26.939 27976 27988 E WPROF   : {"Javascript": {"url": "http://d2j3qa5nc37287.cloudfront.net/coupon_code1.js", "requestTime": 6063.994773}}
06-28 10:16:26.987 27976 27988 E WPROF   : {"Javascript": {"url": "http://www.googleadservices.com/pagead/conversion.js", "requestTime": 6064.042616}}
06-28 10:16:26.988 27976 27988 E WPROF   : {"Javascript": {"url": "http://searchengineland.com/figz/wp-content/themes/searchengineland/js/script.js?ver=1.0", "requestTime": 6064.043235}}
06-28 10:16:26.988 27976 27988 E WPROF   : {"Javascript": {"url": "http://searchengineland.com/figz/wp-includes/js/wp-embed.min.js?ver=4.7.5", "requestTime": 6064.043585}}
06-28 10:16:26.989 27976 27988 E WPROF   : {"Javascript": {"url": "http://searchengineland.com/figz/wp-content/themes/searchengineland/js/modules/sharing_controls.js", "requestTime": 6064.044509}}
06-28 10:16:27.072 27976 27988 E WPROF   : {"CSS": {"url": "https://www.youtube.com/yts/cssbin/www-embed-player-sprite-mode-vfl5G4Xm8.css", "requestTime": 6064.127449}}
06-28 10:16:27.072 27907 27952 E chromium: [ERROR:gles2_cmd_decoder.cc(3852)] [.ChromiumCompositor-0xacbb2fc0]GL ERROR :GL_INVALID_ENUM : glDiscardFramebufferEXT: attachments was GL_COLOR_EXT
06-28 10:16:27.074 27976 27988 E WPROF   : {"Javascript": {"url": "https://www.youtube.com/yts/jsbin/www-embed-player-vfl_UY_j8/www-embed-player.js", "requestTime": 6064.129329}}
06-28 10:16:27.074 27976 27988 E WPROF   : {"Javascript": {"url": "https://www.youtube.com/yts/jsbin/player-vflo1w4O-/ko_KR/base.js", "requestTime": 6064.129937}}
06-28 10:16:27.257 27907 27952 E chromium: [ERROR:gles2_cmd_decoder.cc(3852)] [.ChromiumCompositor-0xacbb2fc0]GL ERROR :GL_INVALID_ENUM : glDiscardFramebufferEXT: attachments was GL_COLOR_EXT
06-28 10:16:27.636 27976 27988 E WPROF   : {"Javascript": {"url": "http://m.addthisedge.com/live/boost/ra-53e918f660794f37/_ate.track.config_resp", "requestTime": 6064.691447}}
06-28 10:16:27.720 27976 27988 E WPROF   : {"Javascript": {"url": "http://m.addthis.com/live/red_lojson/300lo.json?si=5953036a5a29947c&bkl=0&bl=1&pdt=2157&sid=5953036a5a29947c&pub=ra-53e918f660794f37&rev=v7.15.4-wp&ln=ko&pc=men&cb=0&ab=-&dp=searchengineland.com&fp=10-tips-for-avoiding-shady-seo-providers-245676&fr=&of=0&pd=0&irt=0&vcl=0&md=0&ct=1&tct=0&abt=0&cdn=0&", "requestTime": 6064.775205}}
06-28 10:16:28.462 27907 27952 E chromium: [ERROR:gles2_cmd_decoder.cc(3852)] [.ChromiumCompositor-0xacbb2fc0]GL ERROR :GL_INVALID_ENUM : glDiscardFramebufferEXT: attachments was GL_COLOR_EXT
06-28 10:16:28.730 27976 27988 E WPROF   : {"Javascript": {"url": "http://dnn506yrbagrg.cloudfront.net/pages/scripts/0026/4062.js?416281", "requestTime": 6065.785739}}
06-28 10:16:28.795 27907 27952 E chromium: [ERROR:gles2_cmd_decoder.cc(3852)] [.ChromiumCompositor-0xacbb2fc0]GL ERROR :GL_INVALID_ENUM : glDiscardFramebufferEXT: attachments was GL_COLOR_EXT
06-28 10:16:29.777 27976 27988 E WPROF   : {"Javascript": {"url": "https://www.google.com/js/bg/KWBfAnWFESAEEaKKgdYlTHY9ysQaNoQuzeMFqvxDSM8.js", "requestTime": 6066.832385}}
06-28 10:16:29.779 27976 27988 E WPROF   : {"Javascript": {"url": "https://static.doubleclick.net/instream/ad_status.js", "requestTime": 6066.834518}}
06-28 10:16:29.978 27907 27952 E chromium: [ERROR:gles2_cmd_decoder.cc(3852)] [.ChromiumCompositor-0xacbb2fc0]GL ERROR :GL_INVALID_ENUM : glDiscardFramebufferEXT: attachments was GL_COLOR_EXT
06-28 10:16:30.443 27907 27952 E chromium: [ERROR:gles2_cmd_decoder.cc(3852)] [.ChromiumCompositor-0xacbb2fc0]GL ERROR :GL_INVALID_ENUM : glDiscardFramebufferEXT: attachments was GL_COLOR_EXT
06-28 10:16:30.777 27976 27988 E WPROF   : {"CSS": {"url": "http://app-sj02.marketo.com/js/forms2/css/forms2.css", "requestTime": 6067.832318}}
06-28 10:16:30.782 27976 27988 E WPROF   : {"CSS": {"url": "http://app-sj02.marketo.com/js/forms2/css/forms2-theme-simple.css", "requestTime": 6067.837231}}
06-28 10:16:30.892 27976 27988 E WPROF   : {"Javascript": {"url": "https://tpc.googlesyndication.com/pagead/js/r20170619/r20110914/client/ext/m_window_focus_non_hydra.js", "requestTime": 6067.947985}}
06-28 10:16:30.894 27976 27988 E WPROF   : {"Javascript": {"url": "https://tpc.googlesyndication.com/pagead/js/r20170619/r20110914/activeview/osd_listener.js", "requestTime": 6067.949583}}
06-28 10:16:30.899 27976 27988 E WPROF   : {"Javascript": {"url": "http://pagead2.googlesyndication.com/pagead/osd.js", "requestTime": 6067.955061}}
06-28 10:16:30.998 27976 27988 E WPROF   : {"Javascript": {"url": "http://munchkin.marketo.net/151/munchkin.js", "requestTime": 6068.054020}}
06-28 10:16:31.215 27976 27988 E WPROF   : {"Javascript": {"url": "https://platform.twitter.com/js/button.b731e6c82269f70f6fc53634e044a4c6.js", "requestTime": 6068.270495}}
06-28 10:16:31.224 27976 27988 E WPROF   : {"Javascript": {"url": "http://www.justuno.com/ajax/account_version_check.html?id=828FA275-FF73-401E-AA39-40F5A6FAB6B1", "requestTime": 6068.279775}}
06-28 10:16:31.476 27976 27988 E WPROF   : {"Javascript": {"url": "http://s7.addthis.com/static/layers.4acb6c577b51939661ec.js", "requestTime": 6068.531746}}
06-28 10:16:31.749 27907 27952 E chromium: [ERROR:gles2_cmd_decoder.cc(3852)] [.ChromiumCompositor-0xacbb2fc0]GL ERROR :GL_INVALID_ENUM : glDiscardFramebufferEXT: attachments was GL_COLOR_EXT
06-28 10:16:32.001 27907 27952 E chromium: [ERROR:gles2_cmd_decoder.cc(3852)] [.ChromiumCompositor-0xacbb2fc0]GL ERROR :GL_INVALID_ENUM : glDiscardFramebufferEXT: attachments was GL_COLOR_EXT
06-28 10:16:32.116 27907 27952 E chromium: [ERROR:gles2_cmd_decoder.cc(3852)] [.ChromiumCompositor-0xacbb2fc0]GL ERROR :GL_INVALID_ENUM : glDiscardFramebufferEXT: attachments was GL_COLOR_EXT
06-28 10:16:32.150 27907 27952 E chromium: [ERROR:gles2_cmd_decoder.cc(3852)] [.ChromiumCompositor-0xacbb2fc0]GL ERROR :GL_INVALID_ENUM : glDiscardFramebufferEXT: attachments was GL_COLOR_EXT
06-28 10:16:33.860 27976 27988 E WPROF   : {"Javascript": {"url": "http://cdn.justuno.com/mwgt_3.6.js", "requestTime": 6070.915887}}
06-28 10:16:34.199 27907 27952 E chromium: [ERROR:gles2_cmd_decoder.cc(3852)] [.ChromiumCompositor-0xacbb2fc0]GL ERROR :GL_INVALID_ENUM : glDiscardFramebufferEXT: attachments was GL_COLOR_EXT
06-28 10:16:34.362 27907 27952 E chromium: [ERROR:gles2_cmd_decoder.cc(3852)] [.ChromiumCompositor-0xacbb2fc0]GL ERROR :GL_INVALID_ENUM : glDiscardFramebufferEXT: attachments was GL_COLOR_EXT
06-28 10:16:34.599 27907 27952 E chromium: [ERROR:gles2_cmd_decoder.cc(3852)] [.ChromiumCompositor-0xacbb2fc0]GL ERROR :GL_INVALID_ENUM : glDiscardFramebufferEXT: attachments was GL_COLOR_EXT
06-28 10:16:34.697 27907 27952 E chromium: [ERROR:gles2_cmd_decoder.cc(3852)] [.ChromiumCompositor-0xacbb2fc0]GL ERROR :GL_INVALID_ENUM : glDiscardFramebufferEXT: attachments was GL_COLOR_EXT
06-28 10:16:34.725 27907 27952 E chromium: [ERROR:gles2_cmd_decoder.cc(3852)] [.ChromiumCompositor-0xacbb2fc0]GL ERROR :GL_INVALID_ENUM : glDiscardFramebufferEXT: attachments was GL_COLOR_EXT
06-28 10:16:35.691 27907 27952 E chromium: [ERROR:gles2_cmd_decoder.cc(3852)] [.ChromiumCompositor-0xacbb2fc0]GL ERROR :GL_INVALID_ENUM : glDiscardFramebufferEXT: attachments was GL_COLOR_EXT
06-28 10:16:35.738 27907 27952 E chromium: [ERROR:gles2_cmd_decoder.cc(3852)] [.ChromiumCompositor-0xacbb2fc0]GL ERROR :GL_INVALID_ENUM : glDiscardFramebufferEXT: attachments was GL_COLOR_EXT
06-28 10:16:35.803 27976 27988 E WProf.db: {"page": "searchengineland.com_10-tips-for-avoiding-shady-seo-providers-245676"}
06-28 10:16:35.803 27976 27988 E WProf.db: {"DOMLoad": 6072.858974}
06-28 10:16:35.803 27976 27988 E WProf.db: {"Resource": {"id": 1, "url": "http://searchengineland.com/10-tips-for-avoiding-shady-seo-providers-245676", "sentTime": -1.000000, "len": 97985, "from": "0x0", "mimeType": "text/html", "contentLength": -1, "httpStatus": 200, "connId": 19, "connReused": 1, "cached": 0,"requestTime": 6060.293599, "proxyStart": -1, "proxyEnd": -1, "dnsStart": -1, "dnsEnd": -1, "connectStart": 0, "connectEnd": 62, "sendStart": 62, "sendEnd": 62, "receiveHeadersEnd": 219, "sslStart": -1, "sslEnd": -1}}
06-28 10:16:35.803 27976 27988 E WProf.db: {"ReceivedChunk": {"receivedTime": 6060.529867, "len": 12416}}
06-28 10:16:35.803 27976 27988 E WProf.db: {"ReceivedChunk": {"receivedTime": 6060.589524, "len": 32768}}
06-28 10:16:35.804 27976 27988 E WProf.db: {"ReceivedChunk": {"receivedTime": 6060.589745, "len": 22580}}
06-28 10:16:35.804 27976 27988 E WProf.db: {"ReceivedChunk": {"receivedTime": 6060.661909, "len": 4195}}
06-28 10:16:35.804 27976 27988 E WProf.db: {"ReceivedChunk": {"receivedTime": 6060.663929, "len": 26026}}
06-28 10:16:35.804 27976 27988 E WProf.db: {"WprofHTMLTag": {"code": "0xaedd1630", "doc": "http://searchengineland.com/10-tips-for-avoiding-shady-seo-providers-245676", "row": 6, "column": 42, "tagName": "html", "time": 6060.591191, "url": "", "pos": 1, "chunkLen": 1, "isStartTag": 1}}
06-28 10:16:35.804 27976 27988 E WProf.db: {"WprofHTMLTag": {"code": "0xaf047700", "doc": "http://searchengineland.com/10-tips-for-avoiding-shady-seo-providers-245676", "row": 7, "column": 6, "tagName": "head", "time": 6060.591432, "url": "", "pos": 1, "chunkLen": 1, "isStartTag": 1}}
06-28 10:16:35.804 27976 27988 E WProf.db: {"WprofHTMLTag": {"code": "0xaf0477f0", "doc": "http://searchengineland.com/10-tips-for-avoiding-shady-seo-providers-245676", "row": 8, "column": 54, "tagName": "meta", "time": 6060.591478, "url": "", "pos": 1, "chunkLen": 1, "isStartTag": 1}}
06-28 10:16:35.804 27976 27988 E WProf.db: {"WprofHTMLTag": {"code": "0xaf047820", "doc": "http://searchengineland.com/10-tips-for-avoiding-shady-seo-providers-245676", "row": 9, "column": 68, "tagName": "meta", "time": 6060.591614, "url": "", "pos": 1, "chunkLen": 1, "isStartTag": 1}}
06-28 10:16:35.804 27976 27988 E WProf.db: {"WprofHTMLTag": {"code": "0xaf047850", "doc": "http://searchengineland.com/10-tips-for-avoiding-shady-seo-providers-245676", "row": 10, "column": 23, "tagName": "meta", "time": 6060.591963, "url": "", "pos": 1, "chunkLen": 1, "isStartTag": 1}}
06-28 10:16:35.804 27976 27988 E WProf.db: {"WprofHTMLTag": {"code": "0xaf047880", "doc": "http://searchengineland.com/10-tips-for-avoiding-shady-seo-providers-245676", "row": 11, "column": 52, "tagName": "meta", "time": 6060.592088, "url": "", "pos": 1, "chunkLen": 1, "isStartTag": 1}}
06-28 10:16:35.804 27976 27988 E WProf.db: {"WprofHTMLTag": {"code": "0xaf0478b0", "doc": "http://searchengineland.com/10-tips-for-avoiding-shady-seo-providers-245676", "row": 14, "column": 56, "tagName": "meta", "time": 6060.592234, "url": "", "pos": 1, "chunkLen": 1, "isStartTag": 1}}
06-28 10:16:35.804 27976 27988 E WProf.db: {"WprofHTMLTag": {"code": "0xaf0478e0", "doc": "http://searchengineland.com/10-tips-for-avoiding-shady-seo-providers-245676", "row": 15, "column": 83, "tagName": "meta", "time": 6060.592344, "url": "", "pos": 1, "chunkLen": 1, "isStartTag": 1}}
06-28 10:16:35.804 27976 27988 E WProf.db: {"WprofHTMLTag": {"code": "0xaf047910", "doc": "http://searchengineland.com/10-tips-for-avoiding-shady-seo-providers-245676", "row": 16, "column": 57, "tagName": "meta", "time": 6060.592450, "url": "", "pos": 1, "chunkLen": 1, "isStartTag": 1}}
06-28 10:16:35.804 27976 27988 E WProf.db: {"WprofHTMLTag": {"code": "0xaf0479a0", "doc": "http://searchengineland.com/10-tips-for-avoiding-shady-seo-providers-245676", "row": 17, "column": 41, "tagName": "meta", "time": 6060.592564, "url": "", "pos": 1, "chunkLen": 1, "isStartTag": 1}}
06-28 10:16:35.804 27976 27988 E WProf.db: {"WprofHTMLTag": {"code": "0xaf0479d0", "doc": "http://searchengineland.com/10-tips-for-avoiding-shady-seo-providers-245676", "row": 18, "column": 50, "tagName": "meta", "time": 6060.592672, "url": "", "pos": 1, "chunkLen": 1, "isStartTag": 1}}
06-28 10:16:35.805 27976 27988 E WProf.db: {"WprofHTMLTag": {"code": "0xaf047a00", "doc": "http://searchengineland.com/10-tips-for-avoiding-shady-seo-providers-245676", "row": 19, "column": 174, "tagName": "meta", "time": 6060.592775, "url": "", "pos": 1, "chunkLen": 1, "isStartTag": 1}}
06-28 10:16:35.805 27976 27988 E WProf.db: {"WprofHTMLTag": {"code": "0xaf047970", "doc": "http://searchengineland.com/10-tips-for-avoiding-shady-seo-providers-245676", "row": 20, "column": 47, "tagName": "meta", "time": 6060.592881, "url": "", "pos": 1, "chunkLen": 1, "isStartTag": 1}}
06-28 10:16:35.805 27976 27988 E WProf.db: {"WprofHTMLTag": {"code": "0xaf047940", "doc": "http://searchengineland.com/10-tips-for-avoiding-shady-seo-providers-245676", "row": 21, "column": 67, "tagName": "meta", "time": 6060.592986, "url": "", "pos": 1, "chunkLen": 1, "isStartTag": 1}}
06-28 10:16:35.805 27976 27988 E WProf.db: {"WprofHTMLTag": {"code": "0xaf047a30", "doc": "http://searchengineland.com/10-tips-for-avoiding-shady-seo-providers-245676", "row": 22, "column": 57, "tagName": "meta", "time": 6060.593090, "url": "", "pos": 1, "chunkLen": 1, "isStartTag": 1}}
06-28 10:16:35.805 27976 27988 E WProf.db: {"WprofHTMLTag": {"code": "0xaf047a60", "doc": "http://searchengineland.com/10-tips-for-avoiding-shady-seo-providers-245676", "row": 23, "column": 65, "tagName": "meta", "time": 6060.593195, "url": "", "pos": 1, "chunkLen": 1, "isStartTag": 1}}
06-28 10:16:35.805 27976 27988 E WProf.db: {"WprofHTMLTag": {"code": "0xaf047a90", "doc": "http://searchengineland.com/10-tips-for-avoiding-shady-seo-providers-245676", "row": 24, "column": 55, "tagName": "meta", "time": 6060.593302, "url": "", "pos": 1, "chunkLen": 1, "isStartTag": 1}}
06-28 10:16:35.805 27976 27988 E WProf.db: {"WprofHTMLTag": {"code": "0xaf047ac0", "doc": "http://searchengineland.com/10-tips-for-avoiding-shady-seo-providers-245676", "row": 25, "column": 71, "tagName": "meta", "time": 6060.593405, "url": "", "pos": 1, "chunkLen": 1, "isStartTag": 1}}
06-28 10:16:35.805 27976 27988 E WProf.db: {"WprofHTMLTag": {"code": "0xaf047af0", "doc": "http://searchengineland.com/10-tips-for-avoiding-shady-seo-providers-245676", "row": 26, "column": 86, "tagName": "meta", "time": 6060.593509, "url": "", "pos": 1, "chunkLen": 1, "isStartTag": 1}}
06-28 10:16:35.805 27976 27988 E WProf.db: {"WprofHTMLTag": {"code": "0xaf047b20", "doc": "http://searchengineland.com/10-tips-for-avoiding-shady-seo-providers-245676", "row": 27, "column": 54, "tagName": "meta", "time": 6060.593615, "url": "", "pos": 1, "chunkLen": 1, "isStartTag": 1}}
06-28 10:16:35.805 27976 27988 E WProf.db: {"WprofHTMLTag": {"code": "0xaf047b50", "doc": "http://searchengineland.com/10-tips-for-avoiding-shady-seo-providers-245676", "row": 29, "column": 39, "tagName": "meta", "time": 6060.593719, "url": "", "pos": 1, "chunkLen": 1, "isStartTag": 1}}
06-28 10:16:35.805 27976 27988 E WProf.db: {"WprofHTMLTag": {"code": "0xaf047b80", "doc": "http://searchengineland.com/10-tips-for-avoiding-shady-seo-providers-245676", "row": 30, "column": 179, "tagName": "meta", "time": 6060.593823, "url": "", "pos": 1, "chunkLen": 1, "isStartTag": 1}}
06-28 10:16:35.805 27976 27988 E WProf.db: {"WprofHTMLTag": {"code": "0xaf047bb0", "doc": "http://searchengineland.com/10-tips-for-avoiding-shady-seo-providers-245676", "row": 31, "column": 55, "tagName": "meta", "time": 6060.594074, "url": "", "pos": 1, "chunkLen": 1, "isStartTag": 1}}
06-28 10:16:35.806 27976 27988 E WProf.db: {"WprofHTMLTag": {"code": "0xaf047be0", "doc": "http://searchengineland.com/10-tips-for-avoiding-shady-seo-providers-245676", "row": 32, "column": 54, "tagName": "meta", "time": 6060.594183, "url": "", "pos": 1, "chunkLen": 1, "isStartTag": 1}}
06-28 10:16:35.806 27976 27988 E WProf.db: {"WprofHTMLTag": {"code": "0xaf047c10", "doc": "http://searchengineland.com/10-tips-for-avoiding-shady-seo-providers-245676", "row": 33, "column": 123, "tagName": "meta", "time": 6060.594292, "url": "", "pos": 1, "chunkLen": 1, "isStartTag": 1}}
06-28 10:16:35.806 27976 27988 E WProf.db: {"WprofHTMLTag": {"code": "0xaf047c40", "doc": "http://searchengineland.com/10-tips-for-avoiding-shady-seo-providers-245676", "row": 37, "column": 36, "tagName": "script", "time": 6060.594396, "url": "", "pos": 1, "chunkLen": 1, "isStartTag": 1}}
06-28 10:16:35.806 27976 27988 E WProf.db: {"WprofHTMLTag": {"code": "0xaf047c70", "doc": "http://searchengineland.com/10-tips-for-avoiding-shady-seo-providers-245676", "row": 53, "column": 10, "tagName": "script", "time": 6060.594649, "url": "", "pos": 1, "chunkLen": 1, "isStartTag": 0}}
06-28 10:16:35.806 27976 27988 E WProf.db: {"WprofHTMLTag": {"code": "0xaedd1660", "doc": "http://searchengineland.com/10-tips-for-avoiding-shady-seo-providers-245676", "row": 55, "column": 86, "tagName": "link", "time": 6060.596667, "url": "http://searchengineland.com/apple-touch-icon.png", "pos": 1, "chunkLen": 1, "isStartTag": 1}}
06-28 10:16:35.806 27976 27988 E WProf.db: {"WprofHTMLTag": {"code": "0xaf047ca0", "doc": "http://searchengineland.com/10-tips-for-avoiding-shady-seo-providers-245676", "row": 56, "column": 76, "tagName": "link", "time": 6060.596988, "url": "http://searchengineland.com/favicon.ico", "pos": 1, "chunkLen": 1, "isStartTag": 1}}
06-28 10:16:35.806 27976 27988 E WProf.db: {"WprofHTMLTag": {"code": "0xaf047cd0", "doc": "http://searchengineland.com/10-tips-for-avoiding-shady-seo-providers-245676", "row": 57, "column": 158, "tagName": "link", "time": 6060.597190, "url": "http://feeds.searchengineland.com/searchengineland", "pos": 1, "chunkLen": 1, "isStartTag": 1}}
06-28 10:16:35.806 27976 27988 E WProf.db: {"WprofHTMLTag": {"code": "0xaf047d00", "doc": "http://searchengineland.com/10-tips-for-avoiding-shady-seo-providers-245676", "row": 58, "column": 149, "tagName": "link", "time": 6060.597455, "url": "http://feeds.searchengineland.com/searchcap", "pos": 1, "chunkLen": 1, "isStartTag": 1}}
06-28 10:16:35.806 27976 27988 E WProf.db: {"WprofHTMLTag": {"code": "0xaf047d30", "doc": "http://searchengineland.com/10-tips-for-avoiding-shady-seo-providers-245676", "row": 59, "column": 150, "tagName": "link", "time": 6060.597735, "url": "http://searchengineland.com/figz/wp-content/themes/searchengineland/css/searchengineland-bootstrap.css", "pos": 1, "chunkLen": 1, "isStartTag": 1}}
06-28 10:16:35.806 27976 27988 E WProf.db: {"WprofHTMLTag": {"code": "0xaf047d90", "doc": "http://searchengineland.com/10-tips-for-avoiding-shady-seo-providers-245676", "row": 60, "column": 105, "tagName": "link", "time": 6060.598290, "url": "http://fonts.googleapis.com/css?family=Oswald:300,400,700", "pos": 1, "chunkLen": 1, "isStartTag": 1}}
06-28 10:16:35.806 27976 27988 E WProf.db: {"WprofHTMLTag": {"code": "0xaf047df0", "doc": "http://searchengineland.com/10-tips-for-avoiding-shady-seo-providers-245676", "row": 61, "column": 125, "tagName": "link", "time": 6060.599658, "url": "http://searchengineland.com/figz/wp-content/themes/searchengineland/style.css", "pos": 1, "chunkLen": 1, "isStartTag": 1}}
06-28 10:16:35.806 27976 27988 E WProf.db: {"WprofHTMLTag": {"code": "0xaf047e50", "doc": "http://searchengineland.com/10-tips-for-avoiding-shady-seo-providers-245676", "row": 65, "column": 7, "tagName": "title", "time": 6060.600945, "url": "", "pos": 1, "chunkLen": 1, "isStartTag": 1}}
06-28 10:16:35.806 27976 27988 E WProf.db: {"WprofHTMLTag": {"code": "0xaf047e80", "doc": "http://searchengineland.com/10-tips-for-avoiding-shady-seo-providers-245676", "row": 65, "column": 55, "tagName": "title", "time": 6060.601042, "url": "", "pos": 1, "chunkLen": 1, "isStartTag": 0}}
06-28 10:16:35.806 27976 27988 E WProf.db: {"WprofHTMLTag": {"code": "0xaf047eb0", "doc": "http://searchengineland.com/10-tips-for-avoiding-shady-seo-providers-245676", "row": 66, "column": 176, "tagName": "meta", "time": 6060.601062, "url": "", "pos": 1, "chunkLen": 1, "isStartTag": 1}}
06-28 10:16:35.807 27976 27988 E WProf.db: {"WprofHTMLTag": {"code": "0xaf047ee0", "doc": "http://searchengineland.com/10-tips-for-avoiding-shady-seo-providers-245676", "row": 67, "column": 40, "tagName": "meta", "time": 6060.601184, "url": "", "pos": 1, "chunkLen": 1, "isStartTag": 1}}
06-28 10:16:35.807 27976 27988 E WProf.db: {"WprofHTMLTag": {"code": "0xaf047f10", "doc": "http://searchengineland.com/10-tips-for-avoiding-shady-seo-providers-245676", "row": 68, "column": 117, "tagName": "meta", "time": 6060.601295, "url": "", "pos": 1, "chunkLen": 1, "isStartTag": 1}}
06-28 10:16:35.807 27976 27988 E WProf.db: {"WprofHTMLTag": {"code": "0xaf047f40", "doc": "http://searchengineland.com/10-tips-for-avoiding-shady-seo-providers-245676", "row": 69, "column": 37, "tagName": "meta", "time": 6060.601400, "url": "", "pos": 1, "chunkLen": 1, "isStartTag": 1}}
06-28 10:16:35.807 27976 27988 E WProf.db: {"WprofHTMLTag": {"code": "0xaf047f70", "doc": "http://searchengineland.com/10-tips-for-avoiding-shady-seo-providers-245676", "row": 70, "column": 107, "tagName": "link", "time": 6060.601508, "url": "http://searchengineland.com/10-tips-for-avoiding-shady-seo-providers-245676", "pos": 1, "chunkLen": 1, "isStartTag": 1}}
06-28 10:16:35.807 27976 27988 E WProf.db: {"WprofHTMLTag": {"code": "0xaf047fa0", "doc": "http://searchengineland.com/10-tips-for-avoiding-shady-seo-providers-245676", "row": 71, "column": 76, "tagName": "link", "time": 6060.601707, "url": "https://plus.google.com/103218677032751327334", "pos": 1, "chunkLen": 1, "isStartTag": 1}}
06-28 10:16:35.807 27976 27988 E WProf.db: {"WprofHTMLTag": {"code": "0xaf047fd0", "doc": "http://searchengineland.com/10-tips-for-avoiding-shady-seo-providers-245676", "row": 72, "column": 45, "tagName": "meta", "time": 6060.601894, "url": "", "pos": 1, "chunkLen": 1, "isStartTag": 1}}
06-28 10:16:35.807 27976 27988 E WProf.db: {"WprofHTMLTag": {"code": "0xb4cc74b0", "doc": "http://searchengineland.com/10-tips-for-avoiding-shady-seo-providers-245676", "row": 73, "column": 45, "tagName": "meta", "time": 6060.602002, "url": "", "pos": 1, "chunkLen": 1, "isStartTag": 1}}
06-28 10:16:35.807 27976 27988 E WProf.db: {"WprofHTMLTag": {"code": "0xb4cc7540", "doc": "http://searchengineland.com/10-tips-for-avoiding-shady-seo-providers-245676", "row": 74, "column": 79, "tagName": "meta", "time": 6060.602113, "url": "", "pos": 1, "chunkLen": 1, "isStartTag": 1}}
06-28 10:16:35.807 27976 27988 E WProf.db: {"WprofHTMLTag": {"code": "0xb4cc78a0", "doc": "http://searchengineland.com/10-tips-for-avoiding-shady-seo-providers-245676", "row": 75, "column": 184, "tagName": "meta", "time": 6060.602224, "url": "", "pos": 1, "chunkLen": 1, "isStartTag": 1}}
06-28 10:16:35.807 27976 27988 E WProf.db: {"WprofHTMLTag": {"code": "0xb4cc78d0", "doc": "http://searchengineland.com/10-tips-for-avoiding-shady-seo-providers-245676", "row": 76, "column": 112, "tagName": "meta", "time": 6060.602333, "url": "", "pos": 1, "chunkLen": 1, "isStartTag": 1}}
06-28 10:16:35.807 27976 27988 E WProf.db: {"WprofHTMLTag": {"code": "0xb4cc7900", "doc": "http://searchengineland.com/10-tips-for-avoiding-shady-seo-providers-245676", "row": 77, "column": 61, "tagName": "meta", "time": 6060.602441, "url": "", "pos": 1, "chunkLen": 1, "isStartTag": 1}}
06-28 10:16:35.807 27976 27988 E WProf.db: {"WprofHTMLTag": {"code": "0xb4cc7930", "doc": "http://searchengineland.com/10-tips-for-avoiding-shady-seo-providers-245676", "row": 78, "column": 89, "tagName": "meta", "time": 6060.602550, "url": "", "pos": 1, "chunkLen": 1, "isStartTag": 1}}
06-28 10:16:35.807 27976 27988 E WProf.db: {"WprofHTMLTag": {"code": "0xb4cc7960", "doc": "http://searchengineland.com/10-tips-for-avoiding-shady-seo-providers-245676", "row": 79, "column": 67, "tagName": "meta", "time": 6060.602656, "url": "", "pos": 1, "chunkLen": 1, "isStartTag": 1}}
06-28 10:16:35.808 27976 27988 E WProf.db: {"WprofHTMLTag": {"code": "0xb4cc7990", "doc": "http://searchengineland.com/10-tips-for-avoiding-shady-seo-providers-245676", "row": 80, "column": 78, "tagName": "meta", "time": 6060.602763, "url": "", "pos": 1, "chunkLen": 1, "isStartTag": 1}}
06-28 10:16:35.808 27976 27988 E WProf.db: {"WprofHTMLTag": {"code": "0xb4cc79c0", "doc": "http://searchengineland.com/10-tips-for-avoiding-shady-seo-providers-245676", "row": 81, "column": 77, "tagName": "meta", "time": 6060.602872, "url": "", "pos": 1, "chunkLen": 1, "isStartTag": 1}}
06-28 10:16:35.808 27976 27988 E WProf.db: {"WprofHTMLTag": {"code": "0xb4cc79f0", "doc": "http://searchengineland.com/10-tips-for-avoiding-shady-seo-providers-245676", "row": 82, "column": 71, "tagName": "meta", "time": 6060.602979, "url": "", "pos": 1, "chunkLen": 1, "isStartTag": 1}}
06-28 10:16:35.808 27976 27988 E WProf.db: {"WprofHTMLTag": {"code": "0xb4cc7a20", "doc": "http://searchengineland.com/10-tips-for-avoiding-shady-seo-providers-245676", "row": 83, "column": 117, "tagName": "meta", "time": 6060.603090, "url": "", "pos": 1, "chunkLen": 1, "isStartTag": 1}}
06-28 10:16:35.808 27976 27988 E WProf.db: {"WprofHTMLTag": {"code": "0xb4cc7a50", "doc": "http://searchengineland.com/10-tips-for-avoiding-shady-seo-providers-245676", "row": 84, "column": 49, "tagName": "meta", "time": 6060.603200, "url": "", "pos": 1, "chunkLen": 1, "isStartTag": 1}}
06-28 10:16:35.808 27976 27988 E WProf.db: {"WprofHTMLTag": {"code": "0xb4cc7a80", "doc": "http://searchengineland.com/10-tips-for-avoiding-shady-seo-providers-245676", "row": 85, "column": 50, "tagName": "meta", "time": 6060.603310, "url": "", "pos": 1, "chunkLen": 1, "isStartTag": 1}}
06-28 10:16:35.808 27976 27988 E WProf.db: {"WprofHTMLTag": {"code": "0xb4cc7ab0", "doc": "http://searchengineland.com/10-tips-for-avoiding-shady-seo-providers-245676", "row": 86, "column": 58, "tagName": "meta", "time": 6060.603415, "url": "", "pos": 1, "chunkLen": 1, "isStartTag": 1}}
06-28 10:16:35.808 27976 27988 E WProf.db: {"WprofHTMLTag": {"code": "0xb4cc7ae0", "doc": "http://searchengineland.com/10-tips-for-avoiding-shady-seo-providers-245676", "row": 87, "column": 185, "tagName": "meta", "time": 6060.603525, "url": "", "pos": 1, "chunkLen": 1, "isStartTag": 1}}
06-28 10:16:35.808 27976 27988 E WProf.db: {"WprofHTMLTag": {"code": "0xb4cc7b10", "doc": "http://searchengineland.com/10-tips-for-avoiding-shady-seo-providers-245676", "row": 88, "column": 80, "tagName": "meta", "time": 6060.603636, "url": "", "pos": 1, "chunkLen": 1, "isStartTag": 1}}
06-28 10:16:35.808 27976 27988 E WProf.db: {"WprofHTMLTag": {"code": "0xb4cc7b40", "doc": "http://searchengineland.com/10-tips-for-avoiding-shady-seo-providers-245676", "row": 89, "column": 51, "tagName": "meta", "time": 6060.603745, "url": "", "pos": 1, "chunkLen": 1, "isStartTag": 1}}
06-28 10:16:35.808 27976 27988 E WProf.db: {"WprofHTMLTag": {"code": "0xb4cc7b70", "doc": "http://searchengineland.com/10-tips-for-avoiding-shady-seo-providers-245676", "row": 90, "column": 118, "tagName": "meta", "time": 6060.603853, "url": "", "pos": 1, "chunkLen": 1, "isStartTag": 1}}
06-28 10:16:35.808 27976 27988 E WProf.db: {"WprofHTMLTag": {"code": "0xb4cc7ba0", "doc": "http://searchengineland.com/10-tips-for-avoiding-shady-seo-providers-245676", "row": 91, "column": 54, "tagName": "meta", "time": 6060.603962, "url": "", "pos": 1, "chunkLen": 1, "isStartTag": 1}}
06-28 10:16:35.808 27976 27988 E WProf.db: {"WprofHTMLTag": {"code": "0xb4cc7bd0", "doc": "http://searchengineland.com/10-tips-for-avoiding-shady-seo-providers-245676", "row": 94, "column": 44, "tagName": "link", "time": 6060.604077, "url": "http://s.w.org/", "pos": 1, "chunkLen": 1, "isStartTag": 1}}
06-28 10:16:35.808 27976 27988 E WProf.db: {"WprofHTMLTag": {"code": "0xb4cc7c00", "doc": "http://searchengineland.com/10-tips-for-avoiding-shady-seo-providers-245676", "row": 95, "column": 33, "tagName": "script", "time": 6060.604297, "url": "", "pos": 1, "chunkLen": 1, "isStartTag": 1}}
06-28 10:16:35.809 27976 27988 E WProf.db: {"WprofHTMLTag": {"code": "0xb4cc7c30", "doc": "http://searchengineland.com/10-tips-for-avoiding-shady-seo-providers-245676", "row": 98, "column": 11, "tagName": "script", "time": 6060.604483, "url": "http://searchengineland.com/figz/wp-includes/js/wp-emoji-release.min.js?ver=4.7.5", "pos": 1, "chunkLen": 1, "isStartTag": 0}}
06-28 10:16:35.809 27976 27988 E WProf.db: {"WprofHTMLTag": {"code": "0x9d0d6930", "doc": "http://searchengineland.com/10-tips-for-avoiding-shady-seo-providers-245676", "row": 99, "column": 25, "tagName": "style", "time": 6061.155299, "url": "", "pos": 1, "chunkLen": 1, "isStartTag": 1}}
06-28 10:16:35.809 27976 27988 E WProf.db: {"WprofHTMLTag": {"code": "0x9d0d6960", "doc": "http://searchengineland.com/10-tips-for-avoiding-shady-seo-providers-245676", "row": 112, "column": 8, "tagName": "style", "time": 6061.155512, "url": "", "pos": 1, "chunkLen": 1, "isStartTag": 0}}
06-28 10:16:35.809 27976 27988 E WProf.db: {"WprofHTMLTag": {"code": "0x9d0d6990", "doc": "http://searchengineland.com/10-tips-for-avoiding-shady-seo-providers-245676", "row": 113, "column": 140, "tagName": "script", "time": 6061.157128, "url": "http://searchengineland.com/figz/wp-content/themes/searchengineland/js/lib/modernizr.custom.js?ver=1.0", "pos": 1, "chunkLen": 1, "isStartTag": 1}}
06-28 10:16:35.809 27976 27988 E WProf.db: {"WprofHTMLTag": {"code": "0x9d0d69c0", "doc": "http://searchengineland.com/10-tips-for-avoiding-shady-seo-providers-245676", "row": 113, "column": 149, "tagName": "script", "time": 6061.157368, "url": "", "pos": 1, "chunkLen": 1, "isStartTag": 0}}
06-28 10:16:35.809 27976 27988 E WProf.db: {"WprofHTMLTag": {"code": "0xaedd1a50", "doc": "http://searchengineland.com/10-tips-for-avoiding-shady-seo-providers-245676", "row": 114, "column": 144, "tagName": "script", "time": 6061.165361, "url": "http://searchengineland.com/figz/wp-content/themes/searchengineland/js/lib/jquery-1.11.0.min.js?ver=1.11.0", "pos": 1, "chunkLen": 1, "isStartTag": 1}}
06-28 10:16:35.809 27976 27988 E WProf.db: {"WprofHTMLTag": {"code": "0x9d0d6a20", "doc": "http://searchengineland.com/10-tips-for-avoiding-shady-seo-providers-245676", "row": 114, "column": 153, "tagName": "script", "time": 6061.165620, "url": "", "pos": 1, "chunkLen": 1, "isStartTag": 0}}
06-28 10:16:35.809 27976 27988 E WProf.db: {"WprofHTMLTag": {"code": "0xaedd1ed0", "doc": "http://searchengineland.com/10-tips-for-avoiding-shady-seo-providers-245676", "row": 0, "column": 15, "tagName": "div", "time": 6061.231164, "url": "", "pos": 15, "chunkLen": 44, "isStartTag": 1}}
06-28 10:16:35.809 27976 27988 E WProf.db: {"WprofHTMLTag": {"code": "0xaedd1ea0", "doc": "http://searchengineland.com/10-tips-for-avoiding-shady-seo-providers-245676", "row": 0, "column": 21, "tagName": "div", "time": 6061.231286, "url": "", "pos": 21, "chunkLen": 44, "isStartTag": 0}}
06-28 10:16:35.809 27976 27988 E WProf.db: {"WprofHTMLTag": {"code": "0xaedd1ab0", "doc": "http://searchengineland.com/10-tips-for-avoiding-shady-seo-providers-245676", "row": 0, "column": 38, "tagName": "div", "time": 6061.231350, "url": "", "pos": 38, "chunkLen": 44, "isStartTag": 1}}
06-28 10:16:35.809 27976 27988 E WProf.db: {"WprofHTMLTag": {"code": "0xaedd1e70", "doc": "http://searchengineland.com/10-tips-for-avoiding-shady-seo-providers-245676", "row": 0, "column": 44, "tagName": "div", "time": 6061.231459, "url": "", "pos": 44, "chunkLen": 44, "isStartTag": 0}}
06-28 10:16:35.809 27976 27988 E WProf.db: {"WprofHTMLTag": {"code": "0xaedd1e40", "doc": "http://searchengineland.com/10-tips-for-avoiding-shady-seo-providers-245676", "row": 0, "column": 13, "tagName": "select", "time": 6061.232790, "url": "", "pos": 13, "chunkLen": 51, "isStartTag": 1}}
06-28 10:16:35.809 27976 27988 E WProf.db: {"WprofHTMLTag": {"code": "0xaedd1cc0", "doc": "http://searchengineland.com/10-tips-for-avoiding-shady-seo-providers-245676", "row": 0, "column": 33, "tagName": "option", "time": 6061.232959, "url": "", "pos": 33, "chunkLen": 51, "isStartTag": 1}}
06-28 10:16:35.810 27976 27988 E WProf.db: {"WprofHTMLTag": {"code": "0x9d0d6ae0", "doc": "http://searchengineland.com/10-tips-for-avoiding-shady-seo-providers-245676", "row": 0, "column": 42, "tagName": "option", "time": 6061.233130, "url": "", "pos": 42, "chunkLen": 51, "isStartTag": 0}}
06-28 10:16:35.810 27976 27988 E WProf.db: {"WprofHTMLTag": {"code": "0x9d0d6b10", "doc": "http://searchengineland.com/10-tips-for-avoiding-shady-seo-providers-245676", "row": 0, "column": 51, "tagName": "select", "time": 6061.233183, "url": "", "pos": 51, "chunkLen": 51, "isStartTag": 0}}
06-28 10:16:35.810 27976 27988 E WProf.db: {"WprofHTMLTag": {"code": "0x9d0d6b40", "doc": "http://searchengineland.com/10-tips-for-avoiding-shady-seo-providers-245676", "row": 0, "column": 12, "tagName": "a", "time": 6061.237378, "url": "", "pos": 12, "chunkLen": 16, "isStartTag": 1}}
06-28 10:16:35.810 27976 27988 E WProf.db: {"WprofHTMLTag": {"code": "0x9d0d6b70", "doc": "http://searchengineland.com/10-tips-for-avoiding-shady-seo-providers-245676", "row": 0, "column": 16, "tagName": "a", "time": 6061.237521, "url": "", "pos": 16, "chunkLen": 16, "isStartTag": 0}}
06-28 10:16:35.810 27976 27988 E WProf.db: {"WprofHTMLTag": {"code": "0x9d0d6ba0", "doc": "http://searchengineland.com/10-tips-for-avoiding-shady-seo-providers-245676", "row": 0, "column": 8, "tagName": "input", "time": 6061.238451, "url": "", "pos": 8, "chunkLen": 8, "isStartTag": 1}}
06-28 10:16:35.810 27976 27988 E WProf.db: {"WprofHTMLTag": {"code": "0x9d0d6bd0", "doc": "http://searchengineland.com/10-tips-for-avoiding-shady-seo-providers-245676", "row": 0, "column": 9, "tagName": "link", "time": 6061.247373, "url": "", "pos": 9, "chunkLen": 42, "isStartTag": 1}}
06-28 10:16:35.810 27976 27988 E WProf.db: {"WprofHTMLTag": {"code": "0x9d0d6c00", "doc": "http://searchengineland.com/10-tips-for-avoiding-shady-seo-providers-245676", "row": 0, "column": 16, "tagName": "table", "time": 6061.247494, "url": "", "pos": 16, "chunkLen": 42, "isStartTag": 1}}
06-28 10:16:35.810 27976 27988 E WProf.db: {"WprofHTMLTag": {"code": "0x9d0d6c30", "doc": "http://searchengineland.com/10-tips-for-avoiding-shady-seo-providers-245676", "row": 0, "column": 24, "tagName": "table", "time": 6061.247603, "url": "", "pos": 24, "chunkLen": 42, "isStartTag": 0}}
06-28 10:16:35.810 27976 27988 E WProf.db: {"WprofHTMLTag": {"code": "0x9d0d6c60", "doc": "http://searchengineland.com/10-tips-for-avoiding-shady-seo-providers-245676", "row": 0, "column": 37, "tagName": "a", "time": 6061.247669, "url": "", "pos": 37, "chunkLen": 42, "isStartTag": 1}}
06-28 10:16:35.810 27976 27988 E WProf.db: {"WprofHTMLTag": {"code": "0x9d0d6c90", "doc": "http://searchengineland.com/10-tips-for-avoiding-shady-seo-providers-245676", "row": 0, "column": 42, "tagName": "a", "time": 6061.247843, "url": "", "pos": 42, "chunkLen": 42, "isStartTag": 0}}
06-28 10:16:35.810 27976 27988 E WProf.db: {"WprofHTMLTag": {"code": "0x9d0d6d20", "doc": "http://searchengineland.com/10-tips-for-avoiding-shady-seo-providers-245676", "row": 0, "column": 10, "tagName": "textarea", "time": 6061.249019, "url": "", "pos": 10, "chunkLen": 22, "isStartTag": 1}}
06-28 10:16:35.810 27976 27988 E WProf.db: {"WprofHTMLTag": {"code": "0x9d0d6d50", "doc": "http://searchengineland.com/10-tips-for-avoiding-shady-seo-providers-245676", "row": 0, "column": 22, "tagName": "textarea", "time": 6061.249229, "url": "", "pos": 22, "chunkLen": 22, "isStartTag": 0}}
06-28 10:16:35.810 27976 27988 E WProf.db: {"WprofHTMLTag": {"code": "0x9d0d6d80", "doc": "http://searchengineland.com/10-tips-for-avoiding-shady-seo-providers-245676", "row": 0, "column": 48, "tagName": "input", "time": 6061.250588, "url": "", "pos": 48, "chunkLen": 48, "isStartTag": 1}}
06-28 10:16:35.810 27976 27988 E WProf.db: {"WprofHTMLTag": {"code": "0x9d0d6de0", "doc": "http://searchengineland.com/10-tips-for-avoiding-shady-seo-providers-245676", "row": 0, "column": 9, "tagName": "link", "time": 6061.255093, "url": "", "pos": 9, "chunkLen": 66, "isStartTag": 1}}
06-28 10:16:35.811 27976 27988 E WProf.db: {"WprofHTMLTag": {"code": "0x9d0d6e10", "doc": "http://searchengineland.com/10-tips-for-avoiding-shady-seo-providers-245676", "row": 0, "column": 16, "tagName": "table", "time": 6061.255211, "url": "", "pos": 16, "chunkLen": 66, "isStartTag": 1}}
06-28 10:16:35.811 27976 27988 E WProf.db: {"WprofHTMLTag": {"code": "0x9d0d6e40", "doc": "http://searchengineland.com/10-tips-for-avoiding-shady-seo-providers-245676", "row": 0, "column": 24, "tagName": "table", "time": 6061.255279, "url": "", "pos": 24, "chunkLen": 66, "isStartTag": 0}}
06-28 10:16:35.811 27976 27988 E WProf.db: {"WprofHTMLTag": {"code": "0x9d0d6e70", "doc": "http://searchengineland.com/10-tips-for-avoiding-shady-seo-providers-245676", "row": 0, "column": 37, "tagName": "a", "time": 6061.255347, "url": "", "pos": 37, "chunkLen": 66, "isStartTag": 1}}
06-28 10:16:35.811 27976 27988 E WProf.db: {"WprofHTMLTag": {"code": "0x9d0d6ea0", "doc": "http://searchengineland.com/10-tips-for-avoiding-shady-seo-providers-245676", "row": 0, "column": 42, "tagName": "a", "time": 6061.255527, "url": "", "pos": 42, "chunkLen": 66, "isStartTag": 0}}
06-28 10:16:35.811 27976 27988 E WProf.db: {"WprofHTMLTag": {"code": "0x9d0d6ed0", "doc": "http://searchengineland.com/10-tips-for-avoiding-shady-seo-providers-245676", "row": 0, "column": 66, "tagName": "input", "time": 6061.255664, "url": "", "pos": 66, "chunkLen": 66, "isStartTag": 1}}
06-28 10:16:35.811 27976 27988 E WProf.db: {"WprofHTMLTag": {"code": "0x9d0d6f60", "doc": "http://searchengineland.com/10-tips-for-avoiding-shady-seo-providers-245676", "row": 0, "column": 9, "tagName": "link", "time": 6061.257349, "url": "", "pos": 9, "chunkLen": 66, "isStartTag": 1}}
06-28 10:16:35.811 27976 27988 E WProf.db: {"WprofHTMLTag": {"code": "0x9d0d6f90", "doc": "http://searchengineland.com/10-tips-for-avoiding-shady-seo-providers-245676", "row": 0, "column": 16, "tagName": "table", "time": 6061.257453, "url": "", "pos": 16, "chunkLen": 66, "isStartTag": 1}}
06-28 10:16:35.811 27976 27988 E WProf.db: {"WprofHTMLTag": {"code": "0x9d0d6fc0", "doc": "http://searchengineland.com/10-tips-for-avoiding-shady-seo-providers-245676", "row": 0, "column": 24, "tagName": "table", "time": 6061.257521, "url": "", "pos": 24, "chunkLen": 66, "isStartTag": 0}}
06-28 10:16:35.811 27976 27988 E WProf.db: {"WprofHTMLTag": {"code": "0x9d0d6ff0", "doc": "http://searchengineland.com/10-tips-for-avoiding-shady-seo-providers-245676", "row": 0, "column": 37, "tagName": "a", "time": 6061.257578, "url": "", "pos": 37, "chunkLen": 66, "isStartTag": 1}}
06-28 10:16:35.811 27976 27988 E WProf.db: {"WprofHTMLTag": {"code": "0x9d0d7020", "doc": "http://searchengineland.com/10-tips-for-avoiding-shady-seo-providers-245676", "row": 0, "column": 42, "tagName": "a", "time": 6061.257748, "url": "", "pos": 42, "chunkLen": 66, "isStartTag": 0}}
06-28 10:16:35.811 27976 27988 E WProf.db: {"WprofHTMLTag": {"code": "0x9d0d7050", "doc": "http://searchengineland.com/10-tips-for-avoiding-shady-seo-providers-245676", "row": 0, "column": 66, "tagName": "input", "time": 6061.257812, "url": "", "pos": 66, "chunkLen": 66, "isStartTag": 1}}
06-28 10:16:35.811 27976 27988 E WProf.db: {"WprofHTMLTag": {"code": "0x9d0d70b0", "doc": "http://searchengineland.com/10-tips-for-avoiding-shady-seo-providers-245676", "row": 0, "column": 9, "tagName": "link", "time": 6061.261913, "url": "", "pos": 9, "chunkLen": 66, "isStartTag": 1}}
06-28 10:16:35.811 27976 27988 E WProf.db: {"WprofHTMLTag": {"code": "0x9d0d70e0", "doc": "http://searchengineland.com/10-tips-for-avoiding-shady-seo-providers-245676", "row": 0, "column": 16, "tagName": "table", "time": 6061.262024, "url": "", "pos": 16, "chunkLen": 66, "isStartTag": 1}}
06-28 10:16:35.812 27976 27988 E WProf.db: {"WprofHTMLTag": {"code": "0x9d0d7110", "doc": "http://searchengineland.com/10-tips-for-avoiding-shady-seo-providers-245676", "row": 0, "column": 24, "tagName": "table", "time": 6061.262099, "url": "", "pos": 24, "chunkLen": 66, "isStartTag": 0}}
06-28 10:16:35.812 27976 27988 E WProf.db: {"WprofHTMLTag": {"code": "0x9d0d7140", "doc": "http://searchengineland.com/10-tips-for-avoiding-shady-seo-providers-245676", "row": 0, "column": 37, "tagName": "a", "time": 6061.262168, "url": "", "pos": 37, "chunkLen": 66, "isStartTag": 1}}
06-28 10:16:35.812 27976 27988 E WProf.db: {"WprofHTMLTag": {"code": "0x9d0d7170", "doc": "http://searchengineland.com/10-tips-for-avoiding-shady-seo-providers-245676", "row": 0, "column": 42, "tagName": "a", "time": 6061.262339, "url": "", "pos": 42, "chunkLen": 66, "isStartTag": 0}}
06-28 10:16:35.812 27976 27988 E WProf.db: {"WprofHTMLTag": {"code": "0x9d0d71a0", "doc": "http://searchengineland.com/10-tips-for-avoiding-shady-seo-providers-245676", "row": 0, "column": 66, "tagName": "input", "time": 6061.262408, "url": "", "pos": 66, "chunkLen": 66, "isStartTag": 1}}
