--------- beginning of main
06-28 13:54:41.489  3449  3449 E Finsky  : [1] com.google.android.finsky.wear.bl.a(3): onConnectionFailed: ConnectionResult{statusCode=API_UNAVAILABLE, resolution=null, message=null}
--------- beginning of system
06-28 13:54:42.825  7902  7902 E chromium: [ERROR:shell_integration_android.cc(12)] Not implemented reached in static ShellIntegration::DefaultWebClientSetPermission ShellIntegration::CanSetAsDefaultBrowser()
06-28 13:54:42.830  7902  7902 E chromium: [ERROR:browser_process_impl.cc(720)] Not implemented reached in virtual BackgroundModeManager* BrowserProcessImpl::background_mode_manager()
06-28 13:54:43.142  3218 23950 E AudioRecord-JNI: Error -4 during AudioRecord native read
06-28 13:54:45.489  7902  7951 E chromium: [ERROR:gles2_cmd_decoder.cc(3852)] [.ChromiumCompositor-0xacbb2fc0]GL ERROR :GL_INVALID_ENUM : glDiscardFramebufferEXT: attachments was GL_COLOR_EXT
06-28 13:54:45.735  7971  7984 E WPROF   : {"CSS": {"url": "http://searchengineland.com/figz/wp-content/themes/searchengineland/css/searchengineland-bootstrap.css", "requestTime": 19162.790754}}
06-28 13:54:45.736  7971  7984 E WPROF   : {"CSS": {"url": "http://fonts.googleapis.com/css?family=Oswald:300,400,700", "requestTime": 19162.791255}}
06-28 13:54:45.736  7971  7984 E WPROF   : {"CSS": {"url": "http://searchengineland.com/figz/wp-content/themes/searchengineland/style.css", "requestTime": 19162.791735}}
06-28 13:54:45.740  7971  7984 E WPROF   : {"Javascript": {"url": "http://searchengineland.com/figz/wp-content/themes/searchengineland/js/lib/modernizr.custom.js?ver=1.0", "requestTime": 19162.796140}}
06-28 13:54:45.741  7971  7984 E WPROF   : {"Javascript": {"url": "http://searchengineland.com/figz/wp-content/themes/searchengineland/js/lib/jquery-1.11.0.min.js?ver=1.11.0", "requestTime": 19162.796628}}
06-28 13:54:45.741  7971  7984 E WPROF   : {"Javascript": {"url": "http://searchengineland.com/figz/wp-content/themes/searchengineland/js/lib/jquery-ui-1.10.3.custom.min.js?ver=1.10.3", "requestTime": 19162.797011}}
06-28 13:54:45.742  7971  7984 E WPROF   : {"Javascript": {"url": "http://searchengineland.com/figz/wp-content/themes/searchengineland/js/lib/jquery.ba-throttle-debounce.min.js?ver=1.1", "requestTime": 19162.797385}}
06-28 13:54:45.742  7971  7984 E WPROF   : {"Javascript": {"url": "http://searchengineland.com/figz/wp-content/themes/searchengineland/js/lib/jquery.countdown.min.js?ver=2.0.4", "requestTime": 19162.797778}}
06-28 13:54:45.742  7971  7984 E WPROF   : {"Javascript": {"url": "http://static.chartbeat.com/js/chartbeat_mab.js", "requestTime": 19162.798188}}
06-28 13:54:46.338  7971  7984 E WPROF   : {"Javascript": {"url": "http://searchengineland.com/figz/wp-includes/js/wp-emoji-release.min.js?ver=4.7.5", "requestTime": 19163.394023}}
06-28 13:54:46.715  7971  7984 E WPROF   : {"Javascript": {"url": "http://www.googletagservices.com/tag/js/gpt.js", "requestTime": 19163.770755}}
06-28 13:54:46.736  7971  7984 E WPROF   : {"Javascript": {"url": "https://www.google-analytics.com/analytics.js", "requestTime": 19163.792140}}
06-28 13:54:46.739  7971  7984 E WPROF   : {"Javascript": {"url": "http://edge.quantserve.com/quant.js", "requestTime": 19163.794979}}
06-28 13:54:46.742  7971  7984 E WPROF   : {"Javascript": {"url": "https://connect.facebook.net/en_US/fbevents.js", "requestTime": 19163.797224}}
06-28 13:54:46.799  7902  7951 E chromium: [ERROR:gles2_cmd_decoder.cc(3852)] [.ChromiumCompositor-0xacbb2fc0]GL ERROR :GL_INVALID_ENUM : glDiscardFramebufferEXT: attachments was GL_COLOR_EXT
06-28 13:54:46.841  7971  7984 E WPROF   : {"Javascript": {"url": "http://app-sj02.marketo.com/js/forms2/js/forms2.min.js", "requestTime": 19163.896322}}
06-28 13:54:46.934  7902  7951 E chromium: [ERROR:gles2_cmd_decoder.cc(3852)] [.ChromiumCompositor-0xacbb2fc0]GL ERROR :GL_INVALID_ENUM : glDiscardFramebufferEXT: attachments was GL_COLOR_EXT
06-28 13:54:47.107  7971  7984 E WPROF   : {"Javascript": {"url": "http://app-sj02.marketo.com/index.php/form/getForm?munchkinId=727-ZQE-044&form=5691&url=http%3A%2F%2Fsearchengineland.com%2F3-actions-get-ready-googles-mobile-search-update-215662&callback=jQuery1102018145165918394923_1498625687026&_=1498625687027", "requestTime": 19164.163187}}
06-28 13:54:47.125  7971  7984 E WPROF   : {"Javascript": {"url": "http://app-sj02.marketo.com/index.php/form/getForm?munchkinId=727-ZQE-044&form=5685&url=http%3A%2F%2Fsearchengineland.com%2F3-actions-get-ready-googles-mobile-search-update-215662&callback=jQuery1102018145165918394923_1498625687028&_=1498625687029", "requestTime": 19164.180383}}
06-28 13:54:47.167  7971  7984 E WPROF   : {"Javascript": {"url": "https://securepubads.g.doubleclick.net/gpt/pubads_impl_121.js", "requestTime": 19164.222791}}
06-28 13:54:47.213  7971  7984 E WPROF   : {"Javascript": {"url": "https://connect.facebook.net/signals/config/423979991297359?v=2.7.17", "requestTime": 19164.268623}}
06-28 13:54:47.460  7971  7984 E WPROF   : {"Javascript": {"url": "http://app-sj02.marketo.com/index.php/form/getForm?munchkinId=727-ZQE-044&form=5673&url=http%3A%2F%2Fsearchengineland.com%2F3-actions-get-ready-googles-mobile-search-update-215662&callback=jQuery1102018145165918394923_1498625687030&_=1498625687031", "requestTime": 19164.515634}}
06-28 13:54:47.464  7902  7951 E chromium: [ERROR:gles2_cmd_decoder.cc(3852)] [.ChromiumCompositor-0xacbb2fc0]GL ERROR :GL_INVALID_ENUM : glDiscardFramebufferEXT: attachments was GL_COLOR_EXT
06-28 13:54:47.471  7971  7984 E WPROF   : {"Javascript": {"url": "http://searchengineland.com/js/ga_social_tracking.js", "requestTime": 19164.526775}}
06-28 13:54:47.472  7971  7984 E WPROF   : {"Javascript": {"url": "http://s7.addthis.com/js/300/addthis_widget.js#pubid=ra-53e918f660794f37", "requestTime": 19164.527602}}
06-28 13:54:47.982  7971  7984 E WPROF   : {"Javascript": {"url": "http://cdn.api.twitter.com/1/users/show.json?screen_name=aleyda&callback=twttr.setFollowersCount", "requestTime": 19165.037752}}
06-28 13:54:48.078  7902  7951 E chromium: [ERROR:gles2_cmd_decoder.cc(3852)] [.ChromiumCompositor-0xacbb2fc0]GL ERROR :GL_INVALID_ENUM : glDiscardFramebufferEXT: attachments was GL_COLOR_EXT
06-28 13:54:48.479   862  1657 E LocSvc_IzatApiV02: E/virtual int izat_core::IzatApiV02::getBatchSize(int32_t):522]: Error : st = 4, ind.status = -1628389555
06-28 13:54:48.480   862  1657 E LocSvc_IzatApiV02: E/virtual int izat_core::IzatApiV02::getBatchSize(int32_t):535]: get batching size failed.Or modem does not support batching 
06-28 13:54:48.488   862  1657 E LocSvc_IzatApiV02: E/virtual int izat_core::IzatApiV02::getBatchSize(int32_t):522]: Error : st = 4, ind.status = -1628389555
06-28 13:54:48.488   862  1657 E LocSvc_IzatApiV02: E/virtual int izat_core::IzatApiV02::getBatchSize(int32_t):535]: get batching size failed.Or modem does not support batching 
06-28 13:54:48.494  7971  7984 E WPROF   : {"Javascript": {"url": "http://platform.twitter.com/widgets.js", "requestTime": 19165.549573}}
06-28 13:54:48.498  7971  7984 E WPROF   : {"Javascript": {"url": "http://connect.facebook.net/en_US/sdk.js", "requestTime": 19165.553586}}
06-28 13:54:48.500  7971  7984 E WPROF   : {"Javascript": {"url": "https://apis.google.com/js/platform.js", "requestTime": 19165.555949}}
06-28 13:54:48.519   862  1657 E LocSvc_IzatApiV02: E/virtual int izat_core::IzatApiV02::getBatchSize(int32_t):522]: Error : st = 4, ind.status = -1628389555
06-28 13:54:48.520   862  1657 E LocSvc_IzatApiV02: E/virtual int izat_core::IzatApiV02::getBatchSize(int32_t):535]: get batching size failed.Or modem does not support batching 
06-28 13:54:48.531   862  1657 E LocSvc_IzatApiV02: E/virtual int izat_core::IzatApiV02::getBatchSize(int32_t):522]: Error : st = 4, ind.status = -1628389555
06-28 13:54:48.531   862  1657 E LocSvc_IzatApiV02: E/virtual int izat_core::IzatApiV02::getBatchSize(int32_t):535]: get batching size failed.Or modem does not support batching 
06-28 13:54:48.531  7971  7984 E WPROF   : {"Javascript": {"url": "http://rules.quantcount.com/rules-p-5aGizvD82d9hk.js", "requestTime": 19165.587088}}
06-28 13:54:48.577  7971  7984 E WPROF   : {"Javascript": {"url": "http://munchkin.marketo.net/munchkin.js", "requestTime": 19165.632929}}
06-28 13:54:48.650  7971  7984 E WPROF   : {"CSS": {"url": "http://app-sj02.marketo.com/js/forms2/css/forms2.css", "requestTime": 19165.706125}}
06-28 13:54:48.653  7971  7984 E WPROF   : {"CSS": {"url": "http://app-sj02.marketo.com/js/forms2/css/forms2-theme-simple.css", "requestTime": 19165.708469}}
06-28 13:54:49.516  7971  7984 E WPROF   : {"Javascript": {"url": "https://securepubads.g.doubleclick.net/gampad/ads?gdfp_req=1&correlator=2628498547015680&output=json_html&callback=googletag.impl.pubads.callbackProxy1&impl=fifs&json_a=1&eid=108809080%2C108809103&sc=0&sfv=1-0-9&iu_parts=1038259%2Csel-ciu-1%2Csel-ciu-2%2Csel-ciu-3%2Csel-ciu-4%2Csel-ciu-5%2Cch-seo-le", "requestTime": 19166.571672}}
06-28 13:54:49.569  7971  7984 E WPROF   : {"Javascript": {"url": "https://static.xx.fbcdn.net/rsrc.php/v3iy6L4/yk/l/ko_KR/be4fIjHRc8P.js", "requestTime": 19166.624438}}
06-28 13:54:49.688  7902  7951 E chromium: [ERROR:gles2_cmd_decoder.cc(3852)] [.ChromiumCompositor-0xacbb2fc0]GL ERROR :GL_INVALID_ENUM : glDiscardFramebufferEXT: attachments was GL_COLOR_EXT
06-28 13:54:50.106  7971  7984 E WPROF   : {"Javascript": {"url": "http://m.addthisedge.com/live/boost/ra-53e918f660794f37/_ate.track.config_resp", "requestTime": 19167.161747}}
06-28 13:54:50.155  7971  7984 E WPROF   : {"Javascript": {"url": "http://m.addthis.com/live/red_lojson/300lo.json?si=59533698177e43f4&bkl=0&bl=1&pdt=2050&sid=59533698177e43f4&pub=ra-53e918f660794f37&rev=v7.15.4-wp&ln=ko&pc=men&cb=0&ab=-&dp=searchengineland.com&fp=3-actions-get-ready-googles-mobile-search-update-215662&fr=&of=0&pd=0&irt=0&vcl=0&md=0&ct=1&tct=0&abt=", "requestTime": 19167.211145}}
06-28 13:54:50.306  7971  7984 E WPROF   : {"Javascript": {"url": "http://dnn506yrbagrg.cloudfront.net/pages/scripts/0026/4062.js?416284", "requestTime": 19167.361122}}
06-28 13:54:50.432  7971  7984 E WPROF   : {"CSS": {"url": "https://www.youtube.com/yts/cssbin/www-embed-player-sprite-mode-vfl5G4Xm8.css", "requestTime": 19167.488076}}
06-28 13:54:50.434  7971  7984 E WPROF   : {"Javascript": {"url": "https://www.youtube.com/yts/jsbin/www-embed-player-vfl_UY_j8/www-embed-player.js", "requestTime": 19167.489225}}
06-28 13:54:50.434  7971  7984 E WPROF   : {"Javascript": {"url": "https://www.youtube.com/yts/jsbin/player-vflo1w4O-/ko_KR/base.js", "requestTime": 19167.489639}}
06-28 13:54:50.483  7902  7951 E chromium: [ERROR:gles2_cmd_decoder.cc(3852)] [.ChromiumCompositor-0xacbb2fc0]GL ERROR :GL_INVALID_ENUM : glDiscardFramebufferEXT: attachments was GL_COLOR_EXT
06-28 13:54:50.717  7902  7951 E chromium: [ERROR:gles2_cmd_decoder.cc(3852)] [.ChromiumCompositor-0xacbb2fc0]GL ERROR :GL_INVALID_ENUM : glDiscardFramebufferEXT: attachments was GL_COLOR_EXT
06-28 13:54:51.238  7902  7951 E chromium: [ERROR:gles2_cmd_decoder.cc(3852)] [.ChromiumCompositor-0xacbb2fc0]GL ERROR :GL_INVALID_ENUM : glDiscardFramebufferEXT: attachments was GL_COLOR_EXT
06-28 13:54:52.085  7971  7984 E WPROF   : {"Javascript": {"url": "https://www.google.com/js/bg/KWBfAnWFESAEEaKKgdYlTHY9ysQaNoQuzeMFqvxDSM8.js", "requestTime": 19169.140382}}
06-28 13:54:52.087  7971  7984 E WPROF   : {"Javascript": {"url": "https://static.doubleclick.net/instream/ad_status.js", "requestTime": 19169.142733}}
06-28 13:54:52.540  7902  7951 E chromium: [ERROR:gles2_cmd_decoder.cc(3852)] [.ChromiumCompositor-0xacbb2fc0]GL ERROR :GL_INVALID_ENUM : glDiscardFramebufferEXT: attachments was GL_COLOR_EXT
06-28 13:54:53.255  7971  7984 E WPROF   : {"Javascript": {"url": "https://platform.twitter.com/js/button.b731e6c82269f70f6fc53634e044a4c6.js", "requestTime": 19170.311000}}
06-28 13:54:53.314  7971  7984 E WPROF   : {"Javascript": {"url": "http://munchkin.marketo.net/151/munchkin.js", "requestTime": 19170.369494}}
06-28 13:54:53.373  7971  7984 E WPROF   : {"Javascript": {"url": "https://tpc.googlesyndication.com/pagead/js/r20170619/r20110914/client/ext/m_window_focus_non_hydra.js", "requestTime": 19170.428530}}
06-28 13:54:53.375  7971  7984 E WPROF   : {"Javascript": {"url": "https://tpc.googlesyndication.com/pagead/js/r20170619/r20110914/activeview/osd_listener.js", "requestTime": 19170.430624}}
06-28 13:54:53.379  7971  7984 E WPROF   : {"Javascript": {"url": "http://pagead2.googlesyndication.com/pagead/osd.js", "requestTime": 19170.434783}}
06-28 13:54:53.629  7971  7984 E WPROF   : {"Javascript": {"url": "http://s7.addthis.com/static/layers.4acb6c577b51939661ec.js", "requestTime": 19170.684380}}
06-28 13:54:53.707  7902  7951 E chromium: [ERROR:gles2_cmd_decoder.cc(3852)] [.ChromiumCompositor-0xacbb2fc0]GL ERROR :GL_INVALID_ENUM : glDiscardFramebufferEXT: attachments was GL_COLOR_EXT
06-28 13:54:54.595  7902  7951 E chromium: [ERROR:gles2_cmd_decoder.cc(3852)] [.ChromiumCompositor-0xacbb2fc0]GL ERROR :GL_INVALID_ENUM : glDiscardFramebufferEXT: attachments was GL_COLOR_EXT
06-28 13:54:54.829  7902  7951 E chromium: [ERROR:gles2_cmd_decoder.cc(3852)] [.ChromiumCompositor-0xacbb2fc0]GL ERROR :GL_INVALID_ENUM : glDiscardFramebufferEXT: attachments was GL_COLOR_EXT
06-28 13:54:55.014  7902  7951 E chromium: [ERROR:gles2_cmd_decoder.cc(3852)] [.ChromiumCompositor-0xacbb2fc0]GL ERROR :GL_INVALID_ENUM : glDiscardFramebufferEXT: attachments was GL_COLOR_EXT
06-28 13:54:57.499  7902  7951 E chromium: [ERROR:gles2_cmd_decoder.cc(3852)] [.ChromiumCompositor-0xacbb2fc0]GL ERROR :GL_INVALID_ENUM : glDiscardFramebufferEXT: attachments was GL_COLOR_EXT
06-28 13:54:57.525  7971  7984 E WPROF   : {"Javascript": {"url": "https://app-sj02.marketo.com/js/forms2/js/forms2.min.js", "requestTime": 19174.580986}}
06-28 13:54:57.781  7971  7984 E WProf.db: {"page": "searchengineland.com_3-actions-get-ready-googles-mobile-search-update-215662"}
06-28 13:54:57.781  7971  7984 E WProf.db: {"DOMLoad": 19174.836458}
06-28 13:54:57.781  7971  7984 E WProf.db: {"Resource": {"id": 1, "url": "http://searchengineland.com/3-actions-get-ready-googles-mobile-search-update-215662", "sentTime": -1.000000, "len": 110199, "from": "0x0", "mimeType": "text/html", "contentLength": -1, "httpStatus": 200, "connId": 19, "connReused": 1, "cached": 0,"requestTime": 19162.482609, "proxyStart": -1, "proxyEnd": -1, "dnsStart": -1, "dnsEnd": -1, "connectStart": 0, "connectEnd": 50, "sendStart": 50, "sendEnd": 51, "receiveHeadersEnd": 206, "sslStart": -1, "sslEnd": -1}}
06-28 13:54:57.781  7971  7984 E WProf.db: {"ReceivedChunk": {"receivedTime": 19162.709114, "len": 7895}}
06-28 13:54:57.781  7971  7984 E WProf.db: {"ReceivedChunk": {"receivedTime": 19162.780899, "len": 32768}}
06-28 13:54:57.781  7971  7984 E WProf.db: {"ReceivedChunk": {"receivedTime": 19162.781118, "len": 29181}}
06-28 13:54:57.781  7971  7984 E WProf.db: {"ReceivedChunk": {"receivedTime": 19162.866215, "len": 10950}}
06-28 13:54:57.781  7971  7984 E WProf.db: {"ReceivedChunk": {"receivedTime": 19162.866713, "len": 29405}}
06-28 13:54:57.781  7971  7984 E WProf.db: {"WprofHTMLTag": {"code": "0xaedda600", "doc": "http://searchengineland.com/3-actions-get-ready-googles-mobile-search-update-215662", "row": 6, "column": 42, "tagName": "html", "time": 19162.784280, "url": "", "pos": 1, "chunkLen": 1, "isStartTag": 1}}
06-28 13:54:57.781  7971  7984 E WProf.db: {"WprofHTMLTag": {"code": "0xaf047730", "doc": "http://searchengineland.com/3-actions-get-ready-googles-mobile-search-update-215662", "row": 7, "column": 6, "tagName": "head", "time": 19162.784531, "url": "", "pos": 1, "chunkLen": 1, "isStartTag": 1}}
06-28 13:54:57.781  7971  7984 E WProf.db: {"WprofHTMLTag": {"code": "0xaf047820", "doc": "http://searchengineland.com/3-actions-get-ready-googles-mobile-search-update-215662", "row": 8, "column": 54, "tagName": "meta", "time": 19162.784573, "url": "", "pos": 1, "chunkLen": 1, "isStartTag": 1}}
06-28 13:54:57.781  7971  7984 E WProf.db: {"WprofHTMLTag": {"code": "0xaf047850", "doc": "http://searchengineland.com/3-actions-get-ready-googles-mobile-search-update-215662", "row": 9, "column": 68, "tagName": "meta", "time": 19162.784703, "url": "", "pos": 1, "chunkLen": 1, "isStartTag": 1}}
06-28 13:54:57.782  7971  7984 E WProf.db: {"WprofHTMLTag": {"code": "0xaf047880", "doc": "http://searchengineland.com/3-actions-get-ready-googles-mobile-search-update-215662", "row": 10, "column": 23, "tagName": "meta", "time": 19162.784810, "url": "", "pos": 1, "chunkLen": 1, "isStartTag": 1}}
06-28 13:54:57.782  7971  7984 E WProf.db: {"WprofHTMLTag": {"code": "0xaf0478b0", "doc": "http://searchengineland.com/3-actions-get-ready-googles-mobile-search-update-215662", "row": 11, "column": 52, "tagName": "meta", "time": 19162.784934, "url": "", "pos": 1, "chunkLen": 1, "isStartTag": 1}}
06-28 13:54:57.782  7971  7984 E WProf.db: {"WprofHTMLTag": {"code": "0xaf0478e0", "doc": "http://searchengineland.com/3-actions-get-ready-googles-mobile-search-update-215662", "row": 14, "column": 56, "tagName": "meta", "time": 19162.785065, "url": "", "pos": 1, "chunkLen": 1, "isStartTag": 1}}
06-28 13:54:57.782  7971  7984 E WProf.db: {"WprofHTMLTag": {"code": "0xaf047910", "doc": "http://searchengineland.com/3-actions-get-ready-googles-mobile-search-update-215662", "row": 15, "column": 83, "tagName": "meta", "time": 19162.785178, "url": "", "pos": 1, "chunkLen": 1, "isStartTag": 1}}
06-28 13:54:57.782  7971  7984 E WProf.db: {"WprofHTMLTag": {"code": "0xaf047940", "doc": "http://searchengineland.com/3-actions-get-ready-googles-mobile-search-update-215662", "row": 16, "column": 57, "tagName": "meta", "time": 19162.785284, "url": "", "pos": 1, "chunkLen": 1, "isStartTag": 1}}
06-28 13:54:57.782  7971  7984 E WProf.db: {"WprofHTMLTag": {"code": "0xaf0479d0", "doc": "http://searchengineland.com/3-actions-get-ready-googles-mobile-search-update-215662", "row": 17, "column": 41, "tagName": "meta", "time": 19162.785392, "url": "", "pos": 1, "chunkLen": 1, "isStartTag": 1}}
06-28 13:54:57.782  7971  7984 E WProf.db: {"WprofHTMLTag": {"code": "0xaf047a00", "doc": "http://searchengineland.com/3-actions-get-ready-googles-mobile-search-update-215662", "row": 18, "column": 50, "tagName": "meta", "time": 19162.785492, "url": "", "pos": 1, "chunkLen": 1, "isStartTag": 1}}
06-28 13:54:57.782  7971  7984 E WProf.db: {"WprofHTMLTag": {"code": "0xaf047a30", "doc": "http://searchengineland.com/3-actions-get-ready-googles-mobile-search-update-215662", "row": 19, "column": 174, "tagName": "meta", "time": 19162.785600, "url": "", "pos": 1, "chunkLen": 1, "isStartTag": 1}}
06-28 13:54:57.782  7971  7984 E WProf.db: {"WprofHTMLTag": {"code": "0xaf0479a0", "doc": "http://searchengineland.com/3-actions-get-ready-googles-mobile-search-update-215662", "row": 20, "column": 47, "tagName": "meta", "time": 19162.785702, "url": "", "pos": 1, "chunkLen": 1, "isStartTag": 1}}
06-28 13:54:57.782  7971  7984 E WProf.db: {"WprofHTMLTag": {"code": "0xaf047970", "doc": "http://searchengineland.com/3-actions-get-ready-googles-mobile-search-update-215662", "row": 21, "column": 67, "tagName": "meta", "time": 19162.785800, "url": "", "pos": 1, "chunkLen": 1, "isStartTag": 1}}
06-28 13:54:57.782  7971  7984 E WProf.db: {"WprofHTMLTag": {"code": "0xaf047a60", "doc": "http://searchengineland.com/3-actions-get-ready-googles-mobile-search-update-215662", "row": 22, "column": 57, "tagName": "meta", "time": 19162.785902, "url": "", "pos": 1, "chunkLen": 1, "isStartTag": 1}}
06-28 13:54:57.783  7971  7984 E WProf.db: {"WprofHTMLTag": {"code": "0xaf047a90", "doc": "http://searchengineland.com/3-actions-get-ready-googles-mobile-search-update-215662", "row": 23, "column": 65, "tagName": "meta", "time": 19162.786006, "url": "", "pos": 1, "chunkLen": 1, "isStartTag": 1}}
06-28 13:54:57.783  7971  7984 E WProf.db: {"WprofHTMLTag": {"code": "0xaf047ac0", "doc": "http://searchengineland.com/3-actions-get-ready-googles-mobile-search-update-215662", "row": 24, "column": 55, "tagName": "meta", "time": 19162.786132, "url": "", "pos": 1, "chunkLen": 1, "isStartTag": 1}}
06-28 13:54:57.783  7971  7984 E WProf.db: {"WprofHTMLTag": {"code": "0xaf047af0", "doc": "http://searchengineland.com/3-actions-get-ready-googles-mobile-search-update-215662", "row": 25, "column": 71, "tagName": "meta", "time": 19162.786236, "url": "", "pos": 1, "chunkLen": 1, "isStartTag": 1}}
06-28 13:54:57.783  7971  7984 E WProf.db: {"WprofHTMLTag": {"code": "0xaf047b20", "doc": "http://searchengineland.com/3-actions-get-ready-googles-mobile-search-update-215662", "row": 26, "column": 86, "tagName": "meta", "time": 19162.786340, "url": "", "pos": 1, "chunkLen": 1, "isStartTag": 1}}
06-28 13:54:57.783  7971  7984 E WProf.db: {"WprofHTMLTag": {"code": "0xaf047b50", "doc": "http://searchengineland.com/3-actions-get-ready-googles-mobile-search-update-215662", "row": 27, "column": 54, "tagName": "meta", "time": 19162.786444, "url": "", "pos": 1, "chunkLen": 1, "isStartTag": 1}}
06-28 13:54:57.783  7971  7984 E WProf.db: {"WprofHTMLTag": {"code": "0xaf047b80", "doc": "http://searchengineland.com/3-actions-get-ready-googles-mobile-search-update-215662", "row": 29, "column": 162, "tagName": "meta", "time": 19162.786550, "url": "", "pos": 1, "chunkLen": 1, "isStartTag": 1}}
06-28 13:54:57.783  7971  7984 E WProf.db: {"WprofHTMLTag": {"code": "0xaf047bb0", "doc": "http://searchengineland.com/3-actions-get-ready-googles-mobile-search-update-215662", "row": 30, "column": 160, "tagName": "meta", "time": 19162.786652, "url": "", "pos": 1, "chunkLen": 1, "isStartTag": 1}}
06-28 13:54:57.783  7971  7984 E WProf.db: {"WprofHTMLTag": {"code": "0xaf047be0", "doc": "http://searchengineland.com/3-actions-get-ready-googles-mobile-search-update-215662", "row": 31, "column": 55, "tagName": "meta", "time": 19162.786754, "url": "", "pos": 1, "chunkLen": 1, "isStartTag": 1}}
06-28 13:54:57.783  7971  7984 E WProf.db: {"WprofHTMLTag": {"code": "0xaf047c10", "doc": "http://searchengineland.com/3-actions-get-ready-googles-mobile-search-update-215662", "row": 32, "column": 54, "tagName": "meta", "time": 19162.786861, "url": "", "pos": 1, "chunkLen": 1, "isStartTag": 1}}
06-28 13:54:57.783  7971  7984 E WProf.db: {"WprofHTMLTag": {"code": "0xaf047c40", "doc": "http://searchengineland.com/3-actions-get-ready-googles-mobile-search-update-215662", "row": 33, "column": 128, "tagName": "meta", "time": 19162.786970, "url": "", "pos": 1, "chunkLen": 1, "isStartTag": 1}}
06-28 13:54:57.783  7971  7984 E WProf.db: {"WprofHTMLTag": {"code": "0xaf047c70", "doc": "http://searchengineland.com/3-actions-get-ready-googles-mobile-search-update-215662", "row": 37, "column": 36, "tagName": "script", "time": 19162.787078, "url": "", "pos": 1, "chunkLen": 1, "isStartTag": 1}}
06-28 13:54:57.784  7971  7984 E WProf.db: {"WprofHTMLTag": {"code": "0xaf047ca0", "doc": "http://searchengineland.com/3-actions-get-ready-googles-mobile-search-update-215662", "row": 53, "column": 10, "tagName": "script", "time": 19162.787334, "url": "", "pos": 1, "chunkLen": 1, "isStartTag": 0}}
06-28 13:54:57.784  7971  7984 E WProf.db: {"WprofHTMLTag": {"code": "0xaedda630", "doc": "http://searchengineland.com/3-actions-get-ready-googles-mobile-search-update-215662", "row": 55, "column": 86, "tagName": "link", "time": 19162.789417, "url": "http://searchengineland.com/apple-touch-icon.png", "pos": 1, "chunkLen": 1, "isStartTag": 1}}
06-28 13:54:57.784  7971  7984 E WProf.db: {"WprofHTMLTag": {"code": "0xaf047cd0", "doc": "http://searchengineland.com/3-actions-get-ready-googles-mobile-search-update-215662", "row": 56, "column": 76, "tagName": "link", "time": 19162.789715, "url": "http://searchengineland.com/favicon.ico", "pos": 1, "chunkLen": 1, "isStartTag": 1}}
06-28 13:54:57.784  7971  7984 E WProf.db: {"WprofHTMLTag": {"code": "0xaf047d00", "doc": "http://searchengineland.com/3-actions-get-ready-googles-mobile-search-update-215662", "row": 57, "column": 158, "tagName": "link", "time": 19162.789906, "url": "http://feeds.searchengineland.com/searchengineland", "pos": 1, "chunkLen": 1, "isStartTag": 1}}
06-28 13:54:57.784  7971  7984 E WProf.db: {"WprofHTMLTag": {"code": "0xaf047d30", "doc": "http://searchengineland.com/3-actions-get-ready-googles-mobile-search-update-215662", "row": 58, "column": 149, "tagName": "link", "time": 19162.790189, "url": "http://feeds.searchengineland.com/searchcap", "pos": 1, "chunkLen": 1, "isStartTag": 1}}
06-28 13:54:57.784  7971  7984 E WProf.db: {"WprofHTMLTag": {"code": "0xaf047d60", "doc": "http://searchengineland.com/3-actions-get-ready-googles-mobile-search-update-215662", "row": 59, "column": 150, "tagName": "link", "time": 19162.790469, "url": "http://searchengineland.com/figz/wp-content/themes/searchengineland/css/searchengineland-bootstrap.css", "pos": 1, "chunkLen": 1, "isStartTag": 1}}
06-28 13:54:57.784  7971  7984 E WProf.db: {"WprofHTMLTag": {"code": "0xaf047dc0", "doc": "http://searchengineland.com/3-actions-get-ready-googles-mobile-search-update-215662", "row": 60, "column": 105, "tagName": "link", "time": 19162.790997, "url": "http://fonts.googleapis.com/css?family=Oswald:300,400,700", "pos": 1, "chunkLen": 1, "isStartTag": 1}}
06-28 13:54:57.784  7971  7984 E WProf.db: {"WprofHTMLTag": {"code": "0xaf047e20", "doc": "http://searchengineland.com/3-actions-get-ready-googles-mobile-search-update-215662", "row": 61, "column": 125, "tagName": "link", "time": 19162.791455, "url": "http://searchengineland.com/figz/wp-content/themes/searchengineland/style.css", "pos": 1, "chunkLen": 1, "isStartTag": 1}}
06-28 13:54:57.784  7971  7984 E WProf.db: {"WprofHTMLTag": {"code": "0xaf047e80", "doc": "http://searchengineland.com/3-actions-get-ready-googles-mobile-search-update-215662", "row": 65, "column": 7, "tagName": "title", "time": 19162.791942, "url": "", "pos": 1, "chunkLen": 1, "isStartTag": 1}}
06-28 13:54:57.784  7971  7984 E WProf.db: {"WprofHTMLTag": {"code": "0xaf047eb0", "doc": "http://searchengineland.com/3-actions-get-ready-googles-mobile-search-update-215662", "row": 65, "column": 85, "tagName": "title", "time": 19162.792025, "url": "", "pos": 1, "chunkLen": 1, "isStartTag": 0}}
06-28 13:54:57.784  7971  7984 E WProf.db: {"WprofHTMLTag": {"code": "0xaf047ee0", "doc": "http://searchengineland.com/3-actions-get-ready-googles-mobile-search-update-215662", "row": 66, "column": 161, "tagName": "meta", "time": 19162.792046, "url": "", "pos": 1, "chunkLen": 1, "isStartTag": 1}}
06-28 13:54:57.784  7971  7984 E WProf.db: {"WprofHTMLTag": {"code": "0xaf047f10", "doc": "http://searchengineland.com/3-actions-get-ready-googles-mobile-search-update-215662", "row": 67, "column": 163, "tagName": "meta", "time": 19162.792162, "url": "", "pos": 1, "chunkLen": 1, "isStartTag": 1}}
06-28 13:54:57.784  7971  7984 E WProf.db: {"WprofHTMLTag": {"code": "0xaf047f40", "doc": "http://searchengineland.com/3-actions-get-ready-googles-mobile-search-update-215662", "row": 68, "column": 125, "tagName": "meta", "time": 19162.792270, "url": "", "pos": 1, "chunkLen": 1, "isStartTag": 1}}
06-28 13:54:57.785  7971  7984 E WProf.db: {"WprofHTMLTag": {"code": "0xaf047f70", "doc": "http://searchengineland.com/3-actions-get-ready-googles-mobile-search-update-215662", "row": 69, "column": 37, "tagName": "meta", "time": 19162.792380, "url": "", "pos": 1, "chunkLen": 1, "isStartTag": 1}}
06-28 13:54:57.785  7971  7984 E WProf.db: {"WprofHTMLTag": {"code": "0xaf047fa0", "doc": "http://searchengineland.com/3-actions-get-ready-googles-mobile-search-update-215662", "row": 70, "column": 115, "tagName": "link", "time": 19162.792490, "url": "http://searchengineland.com/3-actions-get-ready-googles-mobile-search-update-215662", "pos": 1, "chunkLen": 1, "isStartTag": 1}}
06-28 13:54:57.785  7971  7984 E WProf.db: {"WprofHTMLTag": {"code": "0xaf047fd0", "doc": "http://searchengineland.com/3-actions-get-ready-googles-mobile-search-update-215662", "row": 71, "column": 76, "tagName": "link", "time": 19162.792675, "url": "https://plus.google.com/103218677032751327334", "pos": 1, "chunkLen": 1, "isStartTag": 1}}
06-28 13:54:57.785  7971  7984 E WProf.db: {"WprofHTMLTag": {"code": "0xb4cc74b0", "doc": "http://searchengineland.com/3-actions-get-ready-googles-mobile-search-update-215662", "row": 72, "column": 45, "tagName": "meta", "time": 19162.792856, "url": "", "pos": 1, "chunkLen": 1, "isStartTag": 1}}
06-28 13:54:57.785  7971  7984 E WProf.db: {"WprofHTMLTag": {"code": "0xb4cc7540", "doc": "http://searchengineland.com/3-actions-get-ready-googles-mobile-search-update-215662", "row": 73, "column": 45, "tagName": "meta", "time": 19162.792969, "url": "", "pos": 1, "chunkLen": 1, "isStartTag": 1}}
06-28 13:54:57.785  7971  7984 E WProf.db: {"WprofHTMLTag": {"code": "0xb4cc78a0", "doc": "http://searchengineland.com/3-actions-get-ready-googles-mobile-search-update-215662", "row": 74, "column": 109, "tagName": "meta", "time": 19162.793076, "url": "", "pos": 1, "chunkLen": 1, "isStartTag": 1}}
06-28 13:54:57.785  7971  7984 E WProf.db: {"WprofHTMLTag": {"code": "0xb4cc78d0", "doc": "http://searchengineland.com/3-actions-get-ready-googles-mobile-search-update-215662", "row": 75, "column": 169, "tagName": "meta", "time": 19162.793186, "url": "", "pos": 1, "chunkLen": 1, "isStartTag": 1}}
06-28 13:54:57.785  7971  7984 E WProf.db: {"WprofHTMLTag": {"code": "0xb4cc7900", "doc": "http://searchengineland.com/3-actions-get-ready-googles-mobile-search-update-215662", "row": 76, "column": 120, "tagName": "meta", "time": 19162.793291, "url": "", "pos": 1, "chunkLen": 1, "isStartTag": 1}}
06-28 13:54:57.785  7971  7984 E WProf.db: {"WprofHTMLTag": {"code": "0xb4cc7930", "doc": "http://searchengineland.com/3-actions-get-ready-googles-mobile-search-update-215662", "row": 77, "column": 61, "tagName": "meta", "time": 19162.793398, "url": "", "pos": 1, "chunkLen": 1, "isStartTag": 1}}
06-28 13:54:57.785  7971  7984 E WProf.db: {"WprofHTMLTag": {"code": "0xb4cc7960", "doc": "http://searchengineland.com/3-actions-get-ready-googles-mobile-search-update-215662", "row": 78, "column": 89, "tagName": "meta", "time": 19162.793502, "url": "", "pos": 1, "chunkLen": 1, "isStartTag": 1}}
06-28 13:54:57.785  7971  7984 E WProf.db: {"WprofHTMLTag": {"code": "0xb4cc7990", "doc": "http://searchengineland.com/3-actions-get-ready-googles-mobile-search-update-215662", "row": 79, "column": 67, "tagName": "meta", "time": 19162.793617, "url": "", "pos": 1, "chunkLen": 1, "isStartTag": 1}}
06-28 13:54:57.785  7971  7984 E WProf.db: {"WprofHTMLTag": {"code": "0xb4cc79c0", "doc": "http://searchengineland.com/3-actions-get-ready-googles-mobile-search-update-215662", "row": 80, "column": 78, "tagName": "meta", "time": 19162.793727, "url": "", "pos": 1, "chunkLen": 1, "isStartTag": 1}}
06-28 13:54:57.785  7971  7984 E WProf.db: {"WprofHTMLTag": {"code": "0xb4cc79f0", "doc": "http://searchengineland.com/3-actions-get-ready-googles-mobile-search-update-215662", "row": 81, "column": 77, "tagName": "meta", "time": 19162.793836, "url": "", "pos": 1, "chunkLen": 1, "isStartTag": 1}}
06-28 13:54:57.786  7971  7984 E WProf.db: {"WprofHTMLTag": {"code": "0xb4cc7a20", "doc": "http://searchengineland.com/3-actions-get-ready-googles-mobile-search-update-215662", "row": 82, "column": 71, "tagName": "meta", "time": 19162.793945, "url": "", "pos": 1, "chunkLen": 1, "isStartTag": 1}}
06-28 13:54:57.786  7971  7984 E WProf.db: {"WprofHTMLTag": {"code": "0xb4cc7a50", "doc": "http://searchengineland.com/3-actions-get-ready-googles-mobile-search-update-215662", "row": 83, "column": 122, "tagName": "meta", "time": 19162.794056, "url": "", "pos": 1, "chunkLen": 1, "isStartTag": 1}}
06-28 13:54:57.786  7971  7984 E WProf.db: {"WprofHTMLTag": {"code": "0xb4cc7a80", "doc": "http://searchengineland.com/3-actions-get-ready-googles-mobile-search-update-215662", "row": 84, "column": 49, "tagName": "meta", "time": 19162.794158, "url": "", "pos": 1, "chunkLen": 1, "isStartTag": 1}}
06-28 13:54:57.786  7971  7984 E WProf.db: {"WprofHTMLTag": {"code": "0xb4cc7ab0", "doc": "http://searchengineland.com/3-actions-get-ready-googles-mobile-search-update-215662", "row": 85, "column": 49, "tagName": "meta", "time": 19162.794268, "url": "", "pos": 1, "chunkLen": 1, "isStartTag": 1}}
06-28 13:54:57.786  7971  7984 E WProf.db: {"WprofHTMLTag": {"code": "0xb4cc7ae0", "doc": "http://searchengineland.com/3-actions-get-ready-googles-mobile-search-update-215662", "row": 86, "column": 58, "tagName": "meta", "time": 19162.794373, "url": "", "pos": 1, "chunkLen": 1, "isStartTag": 1}}
06-28 13:54:57.786  7971  7984 E WProf.db: {"WprofHTMLTag": {"code": "0xb4cc7b10", "doc": "http://searchengineland.com/3-actions-get-ready-googles-mobile-search-update-215662", "row": 87, "column": 170, "tagName": "meta", "time": 19162.794480, "url": "", "pos": 1, "chunkLen": 1, "isStartTag": 1}}
06-28 13:54:57.786  7971  7984 E WProf.db: {"WprofHTMLTag": {"code": "0xb4cc7b40", "doc": "http://searchengineland.com/3-actions-get-ready-googles-mobile-search-update-215662", "row": 88, "column": 110, "tagName": "meta", "time": 19162.794589, "url": "", "pos": 1, "chunkLen": 1, "isStartTag": 1}}
06-28 13:54:57.786  7971  7984 E WProf.db: {"WprofHTMLTag": {"code": "0xb4cc7b70", "doc": "http://searchengineland.com/3-actions-get-ready-googles-mobile-search-update-215662", "row": 89, "column": 51, "tagName": "meta", "time": 19162.794695, "url": "", "pos": 1, "chunkLen": 1, "isStartTag": 1}}
06-28 13:54:57.786  7971  7984 E WProf.db: {"WprofHTMLTag": {"code": "0xb4cc7ba0", "doc": "http://searchengineland.com/3-actions-get-ready-googles-mobile-search-update-215662", "row": 90, "column": 123, "tagName": "meta", "time": 19162.794799, "url": "", "pos": 1, "chunkLen": 1, "isStartTag": 1}}
06-28 13:54:57.786  7971  7984 E WProf.db: {"WprofHTMLTag": {"code": "0xb4cc7bd0", "doc": "http://searchengineland.com/3-actions-get-ready-googles-mobile-search-update-215662", "row": 91, "column": 49, "tagName": "meta", "time": 19162.794911, "url": "", "pos": 1, "chunkLen": 1, "isStartTag": 1}}
06-28 13:54:57.786  7971  7984 E WProf.db: {"WprofHTMLTag": {"code": "0xb4cc7c00", "doc": "http://searchengineland.com/3-actions-get-ready-googles-mobile-search-update-215662", "row": 94, "column": 44, "tagName": "link", "time": 19162.795025, "url": "http://s.w.org/", "pos": 1, "chunkLen": 1, "isStartTag": 1}}
06-28 13:54:57.786  7971  7984 E WProf.db: {"WprofHTMLTag": {"code": "0xb4cc7c30", "doc": "http://searchengineland.com/3-actions-get-ready-googles-mobile-search-update-215662", "row": 95, "column": 33, "tagName": "script", "time": 19162.795235, "url": "", "pos": 1, "chunkLen": 1, "isStartTag": 1}}
06-28 13:54:57.786  7971  7984 E WProf.db: {"WprofHTMLTag": {"code": "0xb4cc7c60", "doc": "http://searchengineland.com/3-actions-get-ready-googles-mobile-search-update-215662", "row": 98, "column": 11, "tagName": "script", "time": 19162.795711, "url": "http://searchengineland.com/figz/wp-includes/js/wp-emoji-release.min.js?ver=4.7.5", "pos": 1, "chunkLen": 1, "isStartTag": 0}}
06-28 13:54:57.786  7971  7984 E WProf.db: {"WprofHTMLTag": {"code": "0x9d20c930", "doc": "http://searchengineland.com/3-actions-get-ready-googles-mobile-search-update-215662", "row": 99, "column": 25, "tagName": "style", "time": 19163.394765, "url": "", "pos": 1, "chunkLen": 1, "isStartTag": 1}}
06-28 13:54:57.787  7971  7984 E WProf.db: {"WprofHTMLTag": {"code": "0x9d20c960", "doc": "http://searchengineland.com/3-actions-get-ready-googles-mobile-search-update-215662", "row": 112, "column": 8, "tagName": "style", "time": 19163.394952, "url": "", "pos": 1, "chunkLen": 1, "isStartTag": 0}}
06-28 13:54:57.787  7971  7984 E WProf.db: {"WprofHTMLTag": {"code": "0x9d20c990", "doc": "http://searchengineland.com/3-actions-get-ready-googles-mobile-search-update-215662", "row": 113, "column": 140, "tagName": "script", "time": 19163.396467, "url": "http://searchengineland.com/figz/wp-content/themes/searchengineland/js/lib/modernizr.custom.js?ver=1.0", "pos": 1, "chunkLen": 1, "isStartTag": 1}}
06-28 13:54:57.787  7971  7984 E WProf.db: {"WprofHTMLTag": {"code": "0x9d20c9c0", "doc": "http://searchengineland.com/3-actions-get-ready-googles-mobile-search-update-215662", "row": 113, "column": 149, "tagName": "script", "time": 19163.396695, "url": "", "pos": 1, "chunkLen": 1, "isStartTag": 0}}
06-28 13:54:57.787  7971  7984 E WProf.db: {"WprofHTMLTag": {"code": "0x9d20ca50", "doc": "http://searchengineland.com/3-actions-get-ready-googles-mobile-search-update-215662", "row": 114, "column": 144, "tagName": "script", "time": 19163.403508, "url": "http://searchengineland.com/figz/wp-content/themes/searchengineland/js/lib/jquery-1.11.0.min.js?ver=1.11.0", "pos": 1, "chunkLen": 1, "isStartTag": 1}}
06-28 13:54:57.787  7971  7984 E WProf.db: {"WprofHTMLTag": {"code": "0x9d20ca80", "doc": "http://searchengineland.com/3-actions-get-ready-googles-mobile-search-update-215662", "row": 114, "column": 153, "tagName": "script", "time": 19163.403748, "url": "", "pos": 1, "chunkLen": 1, "isStartTag": 0}}
06-28 13:54:57.787  7971  7984 E WProf.db: {"WprofHTMLTag": {"code": "0xaeddae70", "doc": "http://searchengineland.com/3-actions-get-ready-googles-mobile-search-update-215662", "row": 0, "column": 15, "tagName": "div", "time": 19163.467591, "url": "", "pos": 15, "chunkLen": 44, "isStartTag": 1}}
06-28 13:54:57.787  7971  7984 E WProf.db: {"WprofHTMLTag": {"code": "0xaeddae40", "doc": "http://searchengineland.com/3-actions-get-ready-googles-mobile-search-update-215662", "row": 0, "column": 21, "tagName": "div", "time": 19163.467730, "url": "", "pos": 21, "chunkLen": 44, "isStartTag": 0}}
06-28 13:54:57.787  7971  7984 E WProf.db: {"WprofHTMLTag": {"code": "0xaeddab70", "doc": "http://searchengineland.com/3-actions-get-ready-googles-mobile-search-update-215662", "row": 0, "column": 38, "tagName": "div", "time": 19163.467793, "url": "", "pos": 38, "chunkLen": 44, "isStartTag": 1}}
06-28 13:54:57.787  7971  7984 E WProf.db: {"WprofHTMLTag": {"code": "0xaeddae10", "doc": "http://searchengineland.com/3-actions-get-ready-googles-mobile-search-update-215662", "row": 0, "column": 44, "tagName": "div", "time": 19163.467905, "url": "", "pos": 44, "chunkLen": 44, "isStartTag": 0}}
06-28 13:54:57.787  7971  7984 E WProf.db: {"WprofHTMLTag": {"code": "0xaeddade0", "doc": "http://searchengineland.com/3-actions-get-ready-googles-mobile-search-update-215662", "row": 0, "column": 13, "tagName": "select", "time": 19163.469312, "url": "", "pos": 13, "chunkLen": 51, "isStartTag": 1}}
06-28 13:54:57.787  7971  7984 E WProf.db: {"WprofHTMLTag": {"code": "0xaeddadb0", "doc": "http://searchengineland.com/3-actions-get-ready-googles-mobile-search-update-215662", "row": 0, "column": 33, "tagName": "option", "time": 19163.469494, "url": "", "pos": 33, "chunkLen": 51, "isStartTag": 1}}
06-28 13:54:57.787  7971  7984 E WProf.db: {"WprofHTMLTag": {"code": "0x9d20cae0", "doc": "http://searchengineland.com/3-actions-get-ready-googles-mobile-search-update-215662", "row": 0, "column": 42, "tagName": "option", "time": 19163.469692, "url": "", "pos": 42, "chunkLen": 51, "isStartTag": 0}}
06-28 13:54:57.788  7971  7984 E WProf.db: {"WprofHTMLTag": {"code": "0x9d20cb10", "doc": "http://searchengineland.com/3-actions-get-ready-googles-mobile-search-update-215662", "row": 0, "column": 51, "tagName": "select", "time": 19163.469751, "url": "", "pos": 51, "chunkLen": 51, "isStartTag": 0}}
06-28 13:54:57.788  7971  7984 E WProf.db: {"WprofHTMLTag": {"code": "0x9d20cb40", "doc": "http://searchengineland.com/3-actions-get-ready-googles-mobile-search-update-215662", "row": 0, "column": 12, "tagName": "a", "time": 19163.474283, "url": "", "pos": 12, "chunkLen": 16, "isStartTag": 1}}
06-28 13:54:57.788  7971  7984 E WProf.db: {"WprofHTMLTag": {"code": "0x9d20cb70", "doc": "http://searchengineland.com/3-actions-get-ready-googles-mobile-search-update-215662", "row": 0, "column": 16, "tagName": "a", "time": 19163.474445, "url": "", "pos": 16, "chunkLen": 16, "isStartTag": 0}}
06-28 13:54:57.788  7971  7984 E WProf.db: {"WprofHTMLTag": {"code": "0x9d20cba0", "doc": "http://searchengineland.com/3-actions-get-ready-googles-mobile-search-update-215662", "row": 0, "column": 8, "tagName": "input", "time": 19163.475847, "url": "", "pos": 8, "chunkLen": 8, "isStartTag": 1}}
06-28 13:54:57.788  7971  7984 E WProf.db: {"WprofHTMLTag": {"code": "0x9d20cbd0", "doc": "http://searchengineland.com/3-actions-get-ready-googles-mobile-search-update-215662", "row": 0, "column": 9, "tagName": "link", "time": 19163.485018, "url": "", "pos": 9, "chunkLen": 42, "isStartTag": 1}}
06-28 13:54:57.788  7971  7984 E WProf.db: {"WprofHTMLTag": {"code": "0x9d20cc00", "doc": "http://searchengineland.com/3-actions-get-ready-googles-mobile-search-update-215662", "row": 0, "column": 16, "tagName": "table", "time": 19163.485145, "url": "", "pos": 16, "chunkLen": 42, "isStartTag": 1}}
06-28 13:54:57.788  7971  7984 E WProf.db: {"WprofHTMLTag": {"code": "0x9d20cc30", "doc": "http://searchengineland.com/3-actions-get-ready-googles-mobile-search-update-215662", "row": 0, "column": 24, "tagName": "table", "time": 19163.485268, "url": "", "pos": 24, "chunkLen": 42, "isStartTag": 0}}
06-28 13:54:57.788  7971  7984 E WProf.db: {"WprofHTMLTag": {"code": "0x9d20cc60", "doc": "http://searchengineland.com/3-actions-get-ready-googles-mobile-search-update-215662", "row": 0, "column": 37, "tagName": "a", "time": 19163.485339, "url": "", "pos": 37, "chunkLen": 42, "isStartTag": 1}}
06-28 13:54:57.788  7971  7984 E WProf.db: {"WprofHTMLTag": {"code": "0x9d20cc90", "doc": "http://searchengineland.com/3-actions-get-ready-googles-mobile-search-update-215662", "row": 0, "column": 42, "tagName": "a", "time": 19163.485519, "url": "", "pos": 42, "chunkLen": 42, "isStartTag": 0}}
06-28 13:54:57.788  7971  7984 E WProf.db: {"WprofHTMLTag": {"code": "0x9d20cd20", "doc": "http://searchengineland.com/3-actions-get-ready-googles-mobile-search-update-215662", "row": 0, "column": 10, "tagName": "textarea", "time": 19163.486700, "url": "", "pos": 10, "chunkLen": 22, "isStartTag": 1}}
06-28 13:54:57.788  7971  7984 E WProf.db: {"WprofHTMLTag": {"code": "0x9d20cd50", "doc": "http://searchengineland.com/3-actions-get-ready-googles-mobile-search-update-215662", "row": 0, "column": 22, "tagName": "textarea", "time": 19163.486915, "url": "", "pos": 22, "chunkLen": 22, "isStartTag": 0}}
06-28 13:54:57.788  7971  7984 E WProf.db: {"WprofHTMLTag": {"code": "0x9d20cd80", "doc": "http://searchengineland.com/3-actions-get-ready-googles-mobile-search-update-215662", "row": 0, "column": 48, "tagName": "input", "time": 19163.488053, "url": "", "pos": 48, "chunkLen": 48, "isStartTag": 1}}
06-28 13:54:57.788  7971  7984 E WProf.db: {"WprofHTMLTag": {"code": "0x9d20cde0", "doc": "http://searchengineland.com/3-actions-get-ready-googles-mobile-search-update-215662", "row": 0, "column": 9, "tagName": "link", "time": 19163.492764, "url": "", "pos": 9, "chunkLen": 66, "isStartTag": 1}}
06-28 13:54:57.789  7971  7984 E WProf.db: {"WprofHTMLTag": {"code": "0x9d20ce10", "doc": "http://searchengineland.com/3-actions-get-ready-googles-mobile-search-update-215662", "row": 0, "column": 16, "tagName": "table", "time": 19163.493013, "url": "", "pos": 16, "chunkLen": 66, "isStartTag": 1}}
06-28 13:54:57.789  7971  7984 E WProf.db: {"WprofHTMLTag": {"code": "0x9d20ce40", "doc": "http://searchengineland.com/3-actions-get-ready-googles-mobile-search-update-215662", "row": 0, "column": 24, "tagName": "table", "time": 19163.493084, "url": "", "pos": 24, "chunkLen": 66, "isStartTag": 0}}
06-28 13:54:57.789  7971  7984 E WProf.db: {"WprofHTMLTag": {"code": "0x9d20ce70", "doc": "http://searchengineland.com/3-actions-get-ready-googles-mobile-search-update-215662", "row": 0, "column": 37, "tagName": "a", "time": 19163.493151, "url": "", "pos": 37, "chunkLen": 66, "isStartTag": 1}}
06-28 13:54:57.789  7971  7984 E WProf.db: {"WprofHTMLTag": {"code": "0x9d20cea0", "doc": "http://searchengineland.com/3-actions-get-ready-googles-mobile-search-update-215662", "row": 0, "column": 42, "tagName": "a", "time": 19163.493326, "url": "", "pos": 42, "chunkLen": 66, "isStartTag": 0}}
06-28 13:54:57.789  7971  7984 E WProf.db: {"WprofHTMLTag": {"code": "0x9d20ced0", "doc": "http://searchengineland.com/3-actions-get-ready-googles-mobile-search-update-215662", "row": 0, "column": 66, "tagName": "input", "time": 19163.493391, "url": "", "pos": 66, "chunkLen": 66, "isStartTag": 1}}
06-28 13:54:57.789  7971  7984 E WProf.db: {"WprofHTMLTag": {"code": "0x9d20cf60", "doc": "http://searchengineland.com/3-actions-get-ready-googles-mobile-search-update-215662", "row": 0, "column": 9, "tagName": "link", "time": 19163.495764, "url": "", "pos": 9, "chunkLen": 66, "isStartTag": 1}}
06-28 13:54:57.789  7971  7984 E WProf.db: {"WprofHTMLTag": {"code": "0x9d20cf90", "doc": "http://searchengineland.com/3-actions-get-ready-googles-mobile-search-update-215662", "row": 0, "column": 16, "tagName": "table", "time": 19163.495879, "url": "", "pos": 16, "chunkLen": 66, "isStartTag": 1}}
06-28 13:54:57.789  7971  7984 E WProf.db: {"WprofHTMLTag": {"code": "0x9d20cfc0", "doc": "http://searchengineland.com/3-actions-get-ready-googles-mobile-search-update-215662", "row": 0, "column": 24, "tagName": "table", "time": 19163.495953, "url": "", "pos": 24, "chunkLen": 66, "isStartTag": 0}}
06-28 13:54:57.789  7971  7984 E WProf.db: {"WprofHTMLTag": {"code": "0x9d20cff0", "doc": "http://searchengineland.com/3-actions-get-ready-googles-mobile-search-update-215662", "row": 0, "column": 37, "tagName": "a", "time": 19163.496021, "url": "", "pos": 37, "chunkLen": 66, "isStartTag": 1}}
06-28 13:54:57.789  7971  7984 E WProf.db: {"WprofHTMLTag": {"code": "0x9d20d020", "doc": "http://searchengineland.com/3-actions-get-ready-googles-mobile-search-update-215662", "row": 0, "column": 42, "tagName": "a", "time": 19163.496208, "url": "", "pos": 42, "chunkLen": 66, "isStartTag": 0}}
06-28 13:54:57.789  7971  7984 E WProf.db: {"WprofHTMLTag": {"code": "0x9d20d050", "doc": "http://searchengineland.com/3-actions-get-ready-googles-mobile-search-update-215662", "row": 0, "column": 66, "tagName": "input", "time": 19163.496275, "url": "", "pos": 66, "chunkLen": 66, "isStartTag": 1}}
06-28 13:54:57.789  7971  7984 E WProf.db: {"WprofHTMLTag": {"code": "0x9d20d0b0", "doc": "http://searchengineland.com/3-actions-get-ready-googles-mobile-search-update-215662", "row": 0, "column": 9, "tagName": "link", "time": 19163.501092, "url": "", "pos": 9, "chunkLen": 66, "isStartTag": 1}}
06-28 13:54:57.789  7971  7984 E WProf.db: {"WprofHTMLTag": {"code": "0x9d20d0e0", "doc": "http://searchengineland.com/3-actions-get-ready-googles-mobile-search-update-215662", "row": 0, "column": 16, "tagName": "table", "time": 19163.501219, "url": "", "pos": 16, "chunkLen": 66, "isStartTag": 1}}
06-28 13:54:57.789  7971  7984 E WProf.db: {"WprofHTMLTag": {"code": "0x9d20d110", "doc": "http://searchengineland.com/3-actions-get-ready-googles-mobile-search-update-215662", "row": 0, "column": 24, "tagName": "table", "time": 19163.501300, "url": "", "pos": 24, "chunkLen": 66, "isStartTag": 0}}
06-28 13:54:57.790  7971  7984 E WProf.db: {"WprofHTMLTag": {"code": "0x9d20d140", "doc": "http://searchengineland.com/3-actions-get-ready-googles-mobile-search-update-215662", "row": 0, "column": 37, "tagName": "a", "time": 19163.501369, "url": "", "pos": 37, "chunkLen": 66, "isStartTag": 1}}
06-28 13:54:57.790  7971  7984 E WProf.db: {"WprofHTMLTag": {"code": "0x9d20d170", "doc": "http://searchengineland.com/3-actions-get-ready-googles-mobile-search-update-215662", "row": 0, "column": 42, "tagName": "a", "time": 19163.501543, "url": "", "pos": 42, "chunkLen": 66, "isStartTag": 0}}
06-28 13:54:57.790  7971  7984 E WProf.db: {"WprofHTMLTag": {"code": "0x9d20d1a0", "doc": "http://searchengineland.com/3-actions-get-ready-googles-mobile-search-update-215662", "row": 0, "column": 66, "tagName": "input", "time": 19163.501610, "url": "", "pos": 66, "chunkLen": 66, "isStartTag": 1}}
06-28 13:54:57.790  7971  7984 E WProf.db: {"WprofHTMLTag": {"code": "0x9d20ca20", "doc": "http://searchengineland.com/3-actions-get-ready-googles-mobile-search-update-215662", "row": 115, "column": 154, "tagName": "script", "time": 19163.517172, "url": "http://searchengineland.com/figz/wp-content/themes/searchengineland/js/lib/jquery-ui-1.10.3.custom.min.js?ver=1.10.3", "pos": 67, "chunkLen": 67, "isStartTag": 1}}
06-28 13:54:57.790  7971  7984 E WProf.db: {"WprofHTMLTag": {"code": "0x9d20d2c0", "doc": "http://searchengineland.com/3-actions-get-ready-googles-mobile-search-update-215662", "row": 115, "column": 163, "tagName": "script", "time": 19163.517446, "url": "", "pos": 67, "chunkLen": 67, "isStartTag": 0}}
06-28 13:54:57.790  7971  7984 E WProf.db: {"WprofHTMLTag": {"code": "0xaeddafc0", "doc": "http://searchengineland.com/3-actions-get-ready-googles-mobile-search-update-215662", "row": 0, "column": 111, "tagName": "div", "time": 19163.682278, "url": "", "pos": 111, "chunkLen": 117, "isStartTag": 1}}
06-28 13:54:57.790  7971  7984 E WProf.db: {"WprofHTMLTag": {"code": "0xaeddab10", "doc": "http://searchengineland.com/3-actions-get-ready-googles-mobile-search-update-215662", "row": 0, "column": 117, "tagName": "div", "time": 19163.682473, "url": "", "pos": 117, "chunkLen": 117, "isStartTag": 0}}
06-28 13:54:57.790  7971  7984 E WProf.db: {"WprofHTMLTag": {"code": "0x9d20d5c0", "doc": "http://searchengineland.com/3-actions-get-ready-googles-mobile-search-update-215662", "row": 116, "column": 155, "tagName": "script", "time": 19163.721308, "url": "http://searchengineland.com/figz/wp-content/themes/searchengineland/js/lib/jquery.ba-throttle-debounce.min.js?ver=1.1", "pos": 118, "chunkLen": 118, "isStartTag": 1}}
