--------- beginning of main
06-28 13:16:08.988  3449  3449 E Finsky  : [1] com.google.android.finsky.wear.bl.a(3): onConnectionFailed: ConnectionResult{statusCode=API_UNAVAILABLE, resolution=null, message=null}
--------- beginning of system
06-28 13:16:10.206 26552 26552 E chromium: [ERROR:shell_integration_android.cc(12)] Not implemented reached in static ShellIntegration::DefaultWebClientSetPermission ShellIntegration::CanSetAsDefaultBrowser()
06-28 13:16:10.209 26552 26552 E chromium: [ERROR:browser_process_impl.cc(720)] Not implemented reached in virtual BackgroundModeManager* BrowserProcessImpl::background_mode_manager()
06-28 13:16:10.449  3218 23950 E AudioRecord-JNI: Error -4 during AudioRecord native read
06-28 13:16:12.851 26552 26599 E chromium: [ERROR:gles2_cmd_decoder.cc(3852)] [.ChromiumCompositor-0xacbb2fc0]GL ERROR :GL_INVALID_ENUM : glDiscardFramebufferEXT: attachments was GL_COLOR_EXT
06-28 13:16:13.298 26620 26633 E WPROF   : {"Javascript": {"url": "https://cdn.ampproject.org/rtv/011498506512561/v0.js", "requestTime": 16850.353624}}
06-28 13:16:13.302 26620 26633 E WPROF   : {"Javascript": {"url": "https://cdn.ampproject.org/rtv/011498506512561/v0/amp-ad-0.1.js", "requestTime": 16850.357651}}
06-28 13:16:13.315 26620 26633 E WPROF   : {"Javascript": {"url": "https://cdn.ampproject.org/rtv/011498506512561/v0/amp-analytics-0.1.js", "requestTime": 16850.370266}}
06-28 13:16:13.317 26620 26633 E WPROF   : {"Javascript": {"url": "https://cdn.ampproject.org/rtv/011498506512561/v0/amp-anim-0.1.js", "requestTime": 16850.372553}}
06-28 13:16:13.319 26620 26633 E WPROF   : {"Javascript": {"url": "https://cdn.ampproject.org/rtv/011498506512561/v0/amp-form-0.1.js", "requestTime": 16850.374224}}
06-28 13:16:13.320 26620 26633 E WPROF   : {"Javascript": {"url": "https://cdn.ampproject.org/rtv/011498506512561/v0/amp-sidebar-0.1.js", "requestTime": 16850.375619}}
06-28 13:16:13.322 26620 26633 E WPROF   : {"Javascript": {"url": "https://cdn.ampproject.org/rtv/011498506512561/v0/amp-video-0.1.js", "requestTime": 16850.378068}}
06-28 13:16:13.324 26620 26633 E WPROF   : {"Javascript": {"url": "https://cdn.ampproject.org/rtv/011498506512561/v0/amp-youtube-0.1.js", "requestTime": 16850.379801}}
06-28 13:16:13.327 26620 26633 E WPROF   : {"CSS": {"url": "https://fonts.googleapis.com/css?family=Oswald:300,400,700", "requestTime": 16850.382713}}
06-28 13:16:13.328 26620 26633 E WPROF   : {"CSS": {"url": "https://fonts.googleapis.com/css?family=Merriweather:400,400italic,700,700italic", "requestTime": 16850.383829}}
06-28 13:16:13.349 26620 26633 E WPROF   : {"Javascript": {"url": "https://cdn.ampproject.org/rtv/011498506512561/v0/amp-mustache-0.1.js", "requestTime": 16850.404466}}
06-28 13:16:14.201 26552 26599 E chromium: [ERROR:gles2_cmd_decoder.cc(3852)] [.ChromiumCompositor-0xacbb2fc0]GL ERROR :GL_INVALID_ENUM : glDiscardFramebufferEXT: attachments was GL_COLOR_EXT
06-28 13:16:14.620 26552 26599 E chromium: [ERROR:gles2_cmd_decoder.cc(3852)] [.ChromiumCompositor-0xacbb2fc0]GL ERROR :GL_INVALID_ENUM : glDiscardFramebufferEXT: attachments was GL_COLOR_EXT
06-28 13:16:14.903 26552 26599 E chromium: [ERROR:gles2_cmd_decoder.cc(3852)] [.ChromiumCompositor-0xacbb2fc0]GL ERROR :GL_INVALID_ENUM : glDiscardFramebufferEXT: attachments was GL_COLOR_EXT
06-28 13:16:14.929 26552 26599 E chromium: [ERROR:gles2_cmd_decoder.cc(3852)] [.ChromiumCompositor-0xacbb2fc0]GL ERROR :GL_INVALID_ENUM : glDiscardFramebufferEXT: attachments was GL_COLOR_EXT
06-28 13:16:14.946 26552 26599 E chromium: [ERROR:gles2_cmd_decoder.cc(3852)] [.ChromiumCompositor-0xacbb2fc0]GL ERROR :GL_INVALID_ENUM : glDiscardFramebufferEXT: attachments was GL_COLOR_EXT
06-28 13:16:14.968 26552 26599 E chromium: [ERROR:gles2_cmd_decoder.cc(3852)] [.ChromiumCompositor-0xacbb2fc0]GL ERROR :GL_INVALID_ENUM : glDiscardFramebufferEXT: attachments was GL_COLOR_EXT
06-28 13:16:14.983 26552 26599 E chromium: [ERROR:gles2_cmd_decoder.cc(3852)] [.ChromiumCompositor-0xacbb2fc0]GL ERROR :GL_INVALID_ENUM : glDiscardFramebufferEXT: attachments was GL_COLOR_EXT
06-28 13:16:14.997 26552 26599 E chromium: [ERROR:gles2_cmd_decoder.cc(3852)] [.ChromiumCompositor-0xacbb2fc0]GL ERROR :GL_INVALID_ENUM : glDiscardFramebufferEXT: attachments was GL_COLOR_EXT
06-28 13:16:15.004 26552 26599 E chromium: [ERROR:gles2_cmd_decoder.cc(3852)] [.ChromiumCompositor-0xacbb2fc0]GL ERROR :GL_INVALID_ENUM : glDiscardFramebufferEXT: attachments was GL_COLOR_EXT
06-28 13:16:15.008 26552 26599 E chromium: [ERROR:gles2_cmd_decoder.cc(3852)] [.ChromiumCompositor-0xacbb2fc0]GL ERROR :GL_INVALID_ENUM : glDiscardFramebufferEXT: attachments was GL_COLOR_EXT
06-28 13:16:15.024 26552 26599 E chromium: [ERROR:gles2_cmd_decoder.cc(3852)] [.ChromiumCompositor-0xacbb2fc0]GL ERROR :GL_INVALID_ENUM : glDiscardFramebufferEXT: attachments was GL_COLOR_EXT
06-28 13:16:15.038 26552 26599 E chromium: [ERROR:gles2_cmd_decoder.cc(3852)] [.ChromiumCompositor-0xacbb2fc0]GL ERROR :GL_INVALID_ENUM : glDiscardFramebufferEXT: attachments was GL_COLOR_EXT
06-28 13:16:15.054 26552 26599 E chromium: [ERROR:gles2_cmd_decoder.cc(3852)] [.ChromiumCompositor-0xacbb2fc0]GL ERROR :GL_INVALID_ENUM : glDiscardFramebufferEXT: attachments was GL_COLOR_EXT
06-28 13:16:15.072 26552 26599 E chromium: [ERROR:gles2_cmd_decoder.cc(3852)] [.ChromiumCompositor-0xacbb2fc0]GL ERROR :GL_INVALID_ENUM : glDiscardFramebufferEXT: attachments was GL_COLOR_EXT
06-28 13:16:15.091 26552 26599 E chromium: [ERROR:gles2_cmd_decoder.cc(3852)] [.ChromiumCompositor-0xacbb2fc0]GL ERROR :GL_INVALID_ENUM : glDiscardFramebufferEXT: attachments was GL_COLOR_EXT
06-28 13:16:15.104 26552 26599 E chromium: [ERROR:gles2_cmd_decoder.cc(3852)] [.ChromiumCompositor-0xacbb2fc0]GL ERROR :GL_INVALID_ENUM : glDiscardFramebufferEXT: attachments was GL_COLOR_EXT
06-28 13:16:15.121 26552 26599 E chromium: [ERROR:gles2_cmd_decoder.cc(3852)] [.ChromiumCompositor-0xacbb2fc0]GL ERROR :GL_INVALID_ENUM : glDiscardFramebufferEXT: attachments was GL_COLOR_EXT
06-28 13:16:15.138 26552 26599 E chromium: [ERROR:gles2_cmd_decoder.cc(3852)] [.ChromiumCompositor-0xacbb2fc0]GL ERROR :GL_INVALID_ENUM : glDiscardFramebufferEXT: attachments was GL_COLOR_EXT
06-28 13:16:15.154 26552 26599 E chromium: [ERROR:gles2_cmd_decoder.cc(3852)] [.ChromiumCompositor-0xacbb2fc0]GL ERROR :GL_INVALID_ENUM : glDiscardFramebufferEXT: attachments was GL_COLOR_EXT
06-28 13:16:15.172 26552 26599 E chromium: [ERROR:gles2_cmd_decoder.cc(3852)] [.ChromiumCompositor-0xacbb2fc0]GL ERROR :GL_INVALID_ENUM : glDiscardFramebufferEXT: attachments was GL_COLOR_EXT
06-28 13:16:15.189 26552 26599 E chromium: [ERROR:gles2_cmd_decoder.cc(3852)] [.ChromiumCompositor-0xacbb2fc0]GL ERROR :GL_INVALID_ENUM : glDiscardFramebufferEXT: attachments was GL_COLOR_EXT
06-28 13:16:15.207 26552 26599 E chromium: [ERROR:gles2_cmd_decoder.cc(3852)] [.ChromiumCompositor-0xacbb2fc0]GL ERROR :GL_INVALID_ENUM : glDiscardFramebufferEXT: attachments was GL_COLOR_EXT
06-28 13:16:15.222 26552 26599 E chromium: [ERROR:gles2_cmd_decoder.cc(3852)] [.ChromiumCompositor-0xacbb2fc0]GL ERROR :GL_INVALID_ENUM : glDiscardFramebufferEXT: attachments was GL_COLOR_EXT
06-28 13:16:15.240 26552 26599 E chromium: [ERROR:gles2_cmd_decoder.cc(3852)] [.ChromiumCompositor-0xacbb2fc0]GL ERROR :GL_INVALID_ENUM : glDiscardFramebufferEXT: attachments was GL_COLOR_EXT
06-28 13:16:15.256 26552 26599 E chromium: [ERROR:gles2_cmd_decoder.cc(3852)] [.ChromiumCompositor-0xacbb2fc0]GL ERROR :GL_INVALID_ENUM : glDiscardFramebufferEXT: attachments was GL_COLOR_EXT
06-28 13:16:15.273 26552 26599 E chromium: [ERROR:gles2_cmd_decoder.cc(3852)] [.ChromiumCompositor-0xacbb2fc0]GL ERROR :GL_INVALID_ENUM : glDiscardFramebufferEXT: attachments was GL_COLOR_EXT
06-28 13:16:15.290 26552 26599 E chromium: [ERROR:gles2_cmd_decoder.cc(3852)] [.ChromiumCompositor-0xacbb2fc0]GL ERROR :GL_INVALID_ENUM : glDiscardFramebufferEXT: attachments was GL_COLOR_EXT
06-28 13:16:15.307 26552 26599 E chromium: [ERROR:gles2_cmd_decoder.cc(3852)] [.ChromiumCompositor-0xacbb2fc0]GL ERROR :GL_INVALID_ENUM : glDiscardFramebufferEXT: attachments was GL_COLOR_EXT
06-28 13:16:15.324 26552 26599 E chromium: [ERROR:gles2_cmd_decoder.cc(3852)] [.ChromiumCompositor-0xacbb2fc0]GL ERROR :GL_INVALID_ENUM : glDiscardFramebufferEXT: attachments was GL_COLOR_EXT
06-28 13:16:15.341 26552 26599 E chromium: [ERROR:gles2_cmd_decoder.cc(3852)] [.ChromiumCompositor-0xacbb2fc0]GL ERROR :GL_INVALID_ENUM : glDiscardFramebufferEXT: attachments was GL_COLOR_EXT
06-28 13:16:15.358 26552 26599 E chromium: [ERROR:gles2_cmd_decoder.cc(3852)] [.ChromiumCompositor-0xacbb2fc0]GL ERROR :GL_INVALID_ENUM : glDiscardFramebufferEXT: attachments was GL_COLOR_EXT
06-28 13:16:15.372 26552 26599 E chromium: [ERROR:gles2_cmd_decoder.cc(3852)] [.ChromiumCompositor-0xacbb2fc0]GL ERROR :GL_INVALID_ENUM : glDiscardFramebufferEXT: attachments was GL_COLOR_EXT
06-28 13:16:15.389 26552 26599 E chromium: [ERROR:gles2_cmd_decoder.cc(3852)] [.ChromiumCompositor-0xacbb2fc0]GL ERROR :GL_INVALID_ENUM : glDiscardFramebufferEXT: attachments was GL_COLOR_EXT
06-28 13:16:15.406 26552 26599 E chromium: [ERROR:gles2_cmd_decoder.cc(3852)] [.ChromiumCompositor-0xacbb2fc0]GL ERROR :GL_INVALID_ENUM : glDiscardFramebufferEXT: attachments was GL_COLOR_EXT
06-28 13:16:15.423 26552 26599 E chromium: [ERROR:gles2_cmd_decoder.cc(3852)] [.ChromiumCompositor-0xacbb2fc0]GL ERROR :GL_INVALID_ENUM : glDiscardFramebufferEXT: attachments was GL_COLOR_EXT
06-28 13:16:15.440 26552 26599 E chromium: [ERROR:gles2_cmd_decoder.cc(3852)] [.ChromiumCompositor-0xacbb2fc0]GL ERROR :GL_INVALID_ENUM : glDiscardFramebufferEXT: attachments was GL_COLOR_EXT
06-28 13:16:15.457 26552 26599 E chromium: [ERROR:gles2_cmd_decoder.cc(3852)] [.ChromiumCompositor-0xacbb2fc0]GL ERROR :GL_INVALID_ENUM : glDiscardFramebufferEXT: attachments was GL_COLOR_EXT
06-28 13:16:15.474 26552 26599 E chromium: [ERROR:gles2_cmd_decoder.cc(3852)] [.ChromiumCompositor-0xacbb2fc0]GL ERROR :GL_INVALID_ENUM : glDiscardFramebufferEXT: attachments was GL_COLOR_EXT
06-28 13:16:15.491 26552 26599 E chromium: [ERROR:gles2_cmd_decoder.cc(3852)] [.ChromiumCompositor-0xacbb2fc0]GL ERROR :GL_INVALID_ENUM : glDiscardFramebufferEXT: attachments was GL_COLOR_EXT
06-28 13:16:15.509 26552 26599 E chromium: [ERROR:gles2_cmd_decoder.cc(3852)] [.ChromiumCompositor-0xacbb2fc0]GL ERROR :GL_INVALID_ENUM : glDiscardFramebufferEXT: attachments was GL_COLOR_EXT
06-28 13:16:15.524 26552 26599 E chromium: [ERROR:gles2_cmd_decoder.cc(3852)] [.ChromiumCompositor-0xacbb2fc0]GL ERROR :GL_INVALID_ENUM : glDiscardFramebufferEXT: attachments was GL_COLOR_EXT
06-28 13:16:15.540 26552 26599 E chromium: [ERROR:gles2_cmd_decoder.cc(3852)] [.ChromiumCompositor-0xacbb2fc0]GL ERROR :GL_INVALID_ENUM : glDiscardFramebufferEXT: attachments was GL_COLOR_EXT
06-28 13:16:15.558 26552 26599 E chromium: [ERROR:gles2_cmd_decoder.cc(3852)] [.ChromiumCompositor-0xacbb2fc0]GL ERROR :GL_INVALID_ENUM : glDiscardFramebufferEXT: attachments was GL_COLOR_EXT
06-28 13:16:15.574 26552 26599 E chromium: [ERROR:gles2_cmd_decoder.cc(3852)] [.ChromiumCompositor-0xacbb2fc0]GL ERROR :GL_INVALID_ENUM : glDiscardFramebufferEXT: attachments was GL_COLOR_EXT
06-28 13:16:15.591 26552 26599 E chromium: [ERROR:gles2_cmd_decoder.cc(3852)] [.ChromiumCompositor-0xacbb2fc0]GL ERROR :GL_INVALID_ENUM : glDiscardFramebufferEXT: attachments was GL_COLOR_EXT
06-28 13:16:15.594 26620 26633 E WPROF   : {"Javascript": {"url": "https://cdn.ampproject.org/rtv/011498506512561/v0/amp-crypto-polyfill-0.1.js", "requestTime": 16852.649704}}
06-28 13:16:15.607 26552 26599 E chromium: [ERROR:gles2_cmd_decoder.cc(3852)] [.ChromiumCompositor-0xacbb2fc0]GL ERROR :GL_INVALID_ENUM : glDiscardFramebufferEXT: attachments was GL_COLOR_EXT
06-28 13:16:15.631 26552 26599 E chromium: [ERROR:gles2_cmd_decoder.cc(3852)] [.ChromiumCompositor-0xacbb2fc0]GL ERROR :GL_INVALID_ENUM : glDiscardFramebufferEXT: attachments was GL_COLOR_EXT
06-28 13:16:15.640 26552 26599 E chromium: [ERROR:gles2_cmd_decoder.cc(3852)] [.ChromiumCompositor-0xacbb2fc0]GL ERROR :GL_INVALID_ENUM : glDiscardFramebufferEXT: attachments was GL_COLOR_EXT
06-28 13:16:15.658 26552 26599 E chromium: [ERROR:gles2_cmd_decoder.cc(3852)] [.ChromiumCompositor-0xacbb2fc0]GL ERROR :GL_INVALID_ENUM : glDiscardFramebufferEXT: attachments was GL_COLOR_EXT
06-28 13:16:15.674 26552 26599 E chromium: [ERROR:gles2_cmd_decoder.cc(3852)] [.ChromiumCompositor-0xacbb2fc0]GL ERROR :GL_INVALID_ENUM : glDiscardFramebufferEXT: attachments was GL_COLOR_EXT
06-28 13:16:15.691 26552 26599 E chromium: [ERROR:gles2_cmd_decoder.cc(3852)] [.ChromiumCompositor-0xacbb2fc0]GL ERROR :GL_INVALID_ENUM : glDiscardFramebufferEXT: attachments was GL_COLOR_EXT
06-28 13:16:15.708 26552 26599 E chromium: [ERROR:gles2_cmd_decoder.cc(3852)] [.ChromiumCompositor-0xacbb2fc0]GL ERROR :GL_INVALID_ENUM : glDiscardFramebufferEXT: attachments was GL_COLOR_EXT
06-28 13:16:15.724 26552 26599 E chromium: [ERROR:gles2_cmd_decoder.cc(3852)] [.ChromiumCompositor-0xacbb2fc0]GL ERROR :GL_INVALID_ENUM : glDiscardFramebufferEXT: attachments was GL_COLOR_EXT
06-28 13:16:15.741 26552 26599 E chromium: [ERROR:gles2_cmd_decoder.cc(3852)] [.ChromiumCompositor-0xacbb2fc0]GL ERROR :GL_INVALID_ENUM : glDiscardFramebufferEXT: attachments was GL_COLOR_EXT
06-28 13:16:15.758 26552 26599 E chromium: [ERROR:gles2_cmd_decoder.cc(3852)] [.ChromiumCompositor-0xacbb2fc0]GL ERROR :GL_INVALID_ENUM : glDiscardFramebufferEXT: attachments was GL_COLOR_EXT
06-28 13:16:15.776 26552 26599 E chromium: [ERROR:gles2_cmd_decoder.cc(3852)] [.ChromiumCompositor-0xacbb2fc0]GL ERROR :GL_INVALID_ENUM : glDiscardFramebufferEXT: attachments was GL_COLOR_EXT
06-28 13:16:15.777   862  1657 E LocSvc_IzatApiV02: E/virtual int izat_core::IzatApiV02::getBatchSize(int32_t):522]: Error : st = 4, ind.status = -1628389555
06-28 13:16:15.777   862  1657 E LocSvc_IzatApiV02: E/virtual int izat_core::IzatApiV02::getBatchSize(int32_t):535]: get batching size failed.Or modem does not support batching 
06-28 13:16:15.786   862  1657 E LocSvc_IzatApiV02: E/virtual int izat_core::IzatApiV02::getBatchSize(int32_t):522]: Error : st = 4, ind.status = -1628389555
06-28 13:16:15.786   862  1657 E LocSvc_IzatApiV02: E/virtual int izat_core::IzatApiV02::getBatchSize(int32_t):535]: get batching size failed.Or modem does not support batching 
06-28 13:16:15.793 26552 26599 E chromium: [ERROR:gles2_cmd_decoder.cc(3852)] [.ChromiumCompositor-0xacbb2fc0]GL ERROR :GL_INVALID_ENUM : glDiscardFramebufferEXT: attachments was GL_COLOR_EXT
06-28 13:16:15.808 26552 26599 E chromium: [ERROR:gles2_cmd_decoder.cc(3852)] [.ChromiumCompositor-0xacbb2fc0]GL ERROR :GL_INVALID_ENUM : glDiscardFramebufferEXT: attachments was GL_COLOR_EXT
06-28 13:16:15.819   862  1657 E LocSvc_IzatApiV02: E/virtual int izat_core::IzatApiV02::getBatchSize(int32_t):522]: Error : st = 4, ind.status = -1628389555
06-28 13:16:15.819   862  1657 E LocSvc_IzatApiV02: E/virtual int izat_core::IzatApiV02::getBatchSize(int32_t):535]: get batching size failed.Or modem does not support batching 
06-28 13:16:15.825 26552 26599 E chromium: [ERROR:gles2_cmd_decoder.cc(3852)] [.ChromiumCompositor-0xacbb2fc0]GL ERROR :GL_INVALID_ENUM : glDiscardFramebufferEXT: attachments was GL_COLOR_EXT
06-28 13:16:15.828   862  1657 E LocSvc_IzatApiV02: E/virtual int izat_core::IzatApiV02::getBatchSize(int32_t):522]: Error : st = 4, ind.status = -1628389555
06-28 13:16:15.829   862  1657 E LocSvc_IzatApiV02: E/virtual int izat_core::IzatApiV02::getBatchSize(int32_t):535]: get batching size failed.Or modem does not support batching 
06-28 13:16:15.842 26552 26599 E chromium: [ERROR:gles2_cmd_decoder.cc(3852)] [.ChromiumCompositor-0xacbb2fc0]GL ERROR :GL_INVALID_ENUM : glDiscardFramebufferEXT: attachments was GL_COLOR_EXT
06-28 13:16:15.859 26552 26599 E chromium: [ERROR:gles2_cmd_decoder.cc(3852)] [.ChromiumCompositor-0xacbb2fc0]GL ERROR :GL_INVALID_ENUM : glDiscardFramebufferEXT: attachments was GL_COLOR_EXT
06-28 13:16:15.875 26552 26599 E chromium: [ERROR:gles2_cmd_decoder.cc(3852)] [.ChromiumCompositor-0xacbb2fc0]GL ERROR :GL_INVALID_ENUM : glDiscardFramebufferEXT: attachments was GL_COLOR_EXT
06-28 13:16:15.892 26552 26599 E chromium: [ERROR:gles2_cmd_decoder.cc(3852)] [.ChromiumCompositor-0xacbb2fc0]GL ERROR :GL_INVALID_ENUM : glDiscardFramebufferEXT: attachments was GL_COLOR_EXT
06-28 13:16:15.909 26552 26599 E chromium: [ERROR:gles2_cmd_decoder.cc(3852)] [.ChromiumCompositor-0xacbb2fc0]GL ERROR :GL_INVALID_ENUM : glDiscardFramebufferEXT: attachments was GL_COLOR_EXT
06-28 13:16:15.926 26552 26599 E chromium: [ERROR:gles2_cmd_decoder.cc(3852)] [.ChromiumCompositor-0xacbb2fc0]GL ERROR :GL_INVALID_ENUM : glDiscardFramebufferEXT: attachments was GL_COLOR_EXT
06-28 13:16:15.942 26552 26599 E chromium: [ERROR:gles2_cmd_decoder.cc(3852)] [.ChromiumCompositor-0xacbb2fc0]GL ERROR :GL_INVALID_ENUM : glDiscardFramebufferEXT: attachments was GL_COLOR_EXT
06-28 13:16:15.959 26552 26599 E chromium: [ERROR:gles2_cmd_decoder.cc(3852)] [.ChromiumCompositor-0xacbb2fc0]GL ERROR :GL_INVALID_ENUM : glDiscardFramebufferEXT: attachments was GL_COLOR_EXT
06-28 13:16:15.976 26552 26599 E chromium: [ERROR:gles2_cmd_decoder.cc(3852)] [.ChromiumCompositor-0xacbb2fc0]GL ERROR :GL_INVALID_ENUM : glDiscardFramebufferEXT: attachments was GL_COLOR_EXT
06-28 13:16:15.993 26552 26599 E chromium: [ERROR:gles2_cmd_decoder.cc(3852)] [.ChromiumCompositor-0xacbb2fc0]GL ERROR :GL_INVALID_ENUM : glDiscardFramebufferEXT: attachments was GL_COLOR_EXT
06-28 13:16:16.010 26552 26599 E chromium: [ERROR:gles2_cmd_decoder.cc(3852)] [.ChromiumCompositor-0xacbb2fc0]GL ERROR :GL_INVALID_ENUM : glDiscardFramebufferEXT: attachments was GL_COLOR_EXT
06-28 13:16:16.028 26552 26599 E chromium: [ERROR:gles2_cmd_decoder.cc(3852)] [.ChromiumCompositor-0xacbb2fc0]GL ERROR :GL_INVALID_ENUM : glDiscardFramebufferEXT: attachments was GL_COLOR_EXT
06-28 13:16:16.037 26620 26633 E WProf.db: {"page": "searchengineland-com.cdn.ampproject.org_c_searchengineland.com_3-free-adwords-testing-tools-adopt-today-270116_amp"}
06-28 13:16:16.037 26620 26633 E WProf.db: {"DOMLoad": 16853.093001}
06-28 13:16:16.037 26620 26633 E WProf.db: {"Resource": {"id": 1, "url": "https://searchengineland-com.cdn.ampproject.org/c/searchengineland.com/3-free-adwords-testing-tools-adopt-today-270116/amp", "sentTime": -1.000000, "len": 49220, "from": "0x0", "mimeType": "text/html", "contentLength": -1, "httpStatus": 200, "connId": 22, "connReused": 0, "cached": 0,"requestTime": 16849.824168, "proxyStart": -1, "proxyEnd": -1, "dnsStart": 0, "dnsEnd": 0, "connectStart": 0, "connectEnd": 191, "sendStart": 191, "sendEnd": 191, "receiveHeadersEnd": 406, "sslStart": 0, "sslEnd": 190}}
06-28 13:16:16.038 26620 26633 E WProf.db: {"ReceivedChunk": {"receivedTime": 16850.259950, "len": 5138}}
06-28 13:16:16.038 26620 26633 E WProf.db: {"ReceivedChunk": {"receivedTime": 16850.333511, "len": 22872}}
06-28 13:16:16.038 26620 26633 E WProf.db: {"ReceivedChunk": {"receivedTime": 16850.333990, "len": 21210}}
06-28 13:16:16.038 26620 26633 E WProf.db: {"WprofHTMLTag": {"code": "0xaedd5660", "doc": "https://searchengineland-com.cdn.ampproject.org/c/searchengineland.com/3-free-adwords-testing-tools-adopt-today-270116/amp", "row": 0, "column": 25, "tagName": "html", "time": 16850.336068, "url": "", "pos": 1, "chunkLen": 1, "isStartTag": 1}}
06-28 13:16:16.038 26620 26633 E WProf.db: {"WprofHTMLTag": {"code": "0xaedd55d0", "doc": "https://searchengineland-com.cdn.ampproject.org/c/searchengineland.com/3-free-adwords-testing-tools-adopt-today-270116/amp", "row": 0, "column": 31, "tagName": "head", "time": 16850.337265, "url": "", "pos": 1, "chunkLen": 1, "isStartTag": 1}}
06-28 13:16:16.038 26620 26633 E WProf.db: {"WprofHTMLTag": {"code": "0xaf047850", "doc": "https://searchengineland-com.cdn.ampproject.org/c/searchengineland.com/3-free-adwords-testing-tools-adopt-today-270116/amp", "row": 0, "column": 53, "tagName": "meta", "time": 16850.337365, "url": "", "pos": 1, "chunkLen": 1, "isStartTag": 1}}
06-28 13:16:16.038 26620 26633 E WProf.db: {"WprofHTMLTag": {"code": "0xaf047880", "doc": "https://searchengineland-com.cdn.ampproject.org/c/searchengineland.com/3-free-adwords-testing-tools-adopt-today-270116/amp", "row": 0, "column": 88, "tagName": "meta", "time": 16850.337815, "url": "", "pos": 1, "chunkLen": 1, "isStartTag": 1}}
06-28 13:16:16.038 26620 26633 E WProf.db: {"WprofHTMLTag": {"code": "0xaf0478b0", "doc": "https://searchengineland-com.cdn.ampproject.org/c/searchengineland.com/3-free-adwords-testing-tools-adopt-today-270116/amp", "row": 0, "column": 122, "tagName": "meta", "time": 16850.338354, "url": "", "pos": 1, "chunkLen": 1, "isStartTag": 1}}
06-28 13:16:16.038 26620 26633 E WProf.db: {"WprofHTMLTag": {"code": "0xaf0479a0", "doc": "https://searchengineland-com.cdn.ampproject.org/c/searchengineland.com/3-free-adwords-testing-tools-adopt-today-270116/amp", "row": 0, "column": 247, "tagName": "meta", "time": 16850.338914, "url": "", "pos": 1, "chunkLen": 1, "isStartTag": 1}}
06-28 13:16:16.039 26620 26633 E WProf.db: {"WprofHTMLTag": {"code": "0xaf0479d0", "doc": "https://searchengineland-com.cdn.ampproject.org/c/searchengineland.com/3-free-adwords-testing-tools-adopt-today-270116/amp", "row": 0, "column": 303, "tagName": "meta", "time": 16850.339925, "url": "", "pos": 1, "chunkLen": 1, "isStartTag": 1}}
06-28 13:16:16.039 26620 26633 E WProf.db: {"WprofHTMLTag": {"code": "0xaf047a00", "doc": "https://searchengineland-com.cdn.ampproject.org/c/searchengineland.com/3-free-adwords-testing-tools-adopt-today-270116/amp", "row": 0, "column": 521, "tagName": "meta", "time": 16850.340605, "url": "", "pos": 1, "chunkLen": 1, "isStartTag": 1}}
06-28 13:16:16.039 26620 26633 E WProf.db: {"WprofHTMLTag": {"code": "0xaf047a30", "doc": "https://searchengineland-com.cdn.ampproject.org/c/searchengineland.com/3-free-adwords-testing-tools-adopt-today-270116/amp", "row": 0, "column": 602, "tagName": "meta", "time": 16850.341185, "url": "", "pos": 1, "chunkLen": 1, "isStartTag": 1}}
06-28 13:16:16.039 26620 26633 E WProf.db: {"WprofHTMLTag": {"code": "0xaf047ac0", "doc": "https://searchengineland-com.cdn.ampproject.org/c/searchengineland.com/3-free-adwords-testing-tools-adopt-today-270116/amp", "row": 0, "column": 651, "tagName": "meta", "time": 16850.341765, "url": "", "pos": 1, "chunkLen": 1, "isStartTag": 1}}
06-28 13:16:16.040 26620 26633 E WProf.db: {"WprofHTMLTag": {"code": "0xaf047af0", "doc": "https://searchengineland-com.cdn.ampproject.org/c/searchengineland.com/3-free-adwords-testing-tools-adopt-today-270116/amp", "row": 0, "column": 793, "tagName": "meta", "time": 16850.342379, "url": "", "pos": 1, "chunkLen": 1, "isStartTag": 1}}
06-28 13:16:16.040 26620 26633 E WProf.db: {"WprofHTMLTag": {"code": "0xaf047b20", "doc": "https://searchengineland-com.cdn.ampproject.org/c/searchengineland.com/3-free-adwords-testing-tools-adopt-today-270116/amp", "row": 0, "column": 846, "tagName": "meta", "time": 16850.343068, "url": "", "pos": 1, "chunkLen": 1, "isStartTag": 1}}
06-28 13:16:16.040 26620 26633 E WProf.db: {"WprofHTMLTag": {"code": "0xaf047a90", "doc": "https://searchengineland-com.cdn.ampproject.org/c/searchengineland.com/3-free-adwords-testing-tools-adopt-today-270116/amp", "row": 0, "column": 889, "tagName": "meta", "time": 16850.343631, "url": "", "pos": 1, "chunkLen": 1, "isStartTag": 1}}
06-28 13:16:16.040 26620 26633 E WProf.db: {"WprofHTMLTag": {"code": "0xaf047a60", "doc": "https://searchengineland-com.cdn.ampproject.org/c/searchengineland.com/3-free-adwords-testing-tools-adopt-today-270116/amp", "row": 0, "column": 930, "tagName": "meta", "time": 16850.344166, "url": "", "pos": 1, "chunkLen": 1, "isStartTag": 1}}
06-28 13:16:16.041 26620 26633 E WProf.db: {"WprofHTMLTag": {"code": "0xaf047b50", "doc": "https://searchengineland-com.cdn.ampproject.org/c/searchengineland.com/3-free-adwords-testing-tools-adopt-today-270116/amp", "row": 0, "column": 1010, "tagName": "meta", "time": 16850.344698, "url": "", "pos": 1, "chunkLen": 1, "isStartTag": 1}}
06-28 13:16:16.041 26620 26633 E WProf.db: {"WprofHTMLTag": {"code": "0xaf047b80", "doc": "https://searchengineland-com.cdn.ampproject.org/c/searchengineland.com/3-free-adwords-testing-tools-adopt-today-270116/amp", "row": 0, "column": 1227, "tagName": "meta", "time": 16850.345282, "url": "", "pos": 1, "chunkLen": 1, "isStartTag": 1}}
06-28 13:16:16.041 26620 26633 E WProf.db: {"WprofHTMLTag": {"code": "0xaf047bb0", "doc": "https://searchengineland-com.cdn.ampproject.org/c/searchengineland.com/3-free-adwords-testing-tools-adopt-today-270116/amp", "row": 0, "column": 1337, "tagName": "meta", "time": 16850.346985, "url": "", "pos": 1, "chunkLen": 1, "isStartTag": 1}}
06-28 13:16:16.041 26620 26633 E WProf.db: {"WprofHTMLTag": {"code": "0xaf047be0", "doc": "https://searchengineland-com.cdn.ampproject.org/c/searchengineland.com/3-free-adwords-testing-tools-adopt-today-270116/amp", "row": 0, "column": 1396, "tagName": "meta", "time": 16850.347568, "url": "", "pos": 1, "chunkLen": 1, "isStartTag": 1}}
06-28 13:16:16.042 26620 26633 E WProf.db: {"WprofHTMLTag": {"code": "0xaf047c10", "doc": "https://searchengineland-com.cdn.ampproject.org/c/searchengineland.com/3-free-adwords-testing-tools-adopt-today-270116/amp", "row": 0, "column": 1465, "tagName": "meta", "time": 16850.348121, "url": "", "pos": 1, "chunkLen": 1, "isStartTag": 1}}
06-28 13:16:16.044 26552 26599 E chromium: [ERROR:gles2_cmd_decoder.cc(3852)] [.ChromiumCompositor-0xacbb2fc0]GL ERROR :GL_INVALID_ENUM : glDiscardFramebufferEXT: attachments was GL_COLOR_EXT
06-28 13:16:16.044 26620 26633 E WProf.db: {"WprofHTMLTag": {"code": "0xaf047c40", "doc": "https://searchengineland-com.cdn.ampproject.org/c/searchengineland.com/3-free-adwords-testing-tools-adopt-today-270116/amp", "row": 0, "column": 1606, "tagName": "meta", "time": 16850.348666, "url": "", "pos": 1, "chunkLen": 1, "isStartTag": 1}}
06-28 13:16:16.045 26620 26633 E WProf.db: {"WprofHTMLTag": {"code": "0xaf047c70", "doc": "https://searchengineland-com.cdn.ampproject.org/c/searchengineland.com/3-free-adwords-testing-tools-adopt-today-270116/amp", "row": 0, "column": 1651, "tagName": "meta", "time": 16850.349187, "url": "", "pos": 1, "chunkLen": 1, "isStartTag": 1}}
06-28 13:16:16.045 26620 26633 E WProf.db: {"WprofHTMLTag": {"code": "0xaf047ca0", "doc": "https://searchengineland-com.cdn.ampproject.org/c/searchengineland.com/3-free-adwords-testing-tools-adopt-today-270116/amp", "row": 0, "column": 1697, "tagName": "meta", "time": 16850.349713, "url": "", "pos": 1, "chunkLen": 1, "isStartTag": 1}}
06-28 13:16:16.045 26620 26633 E WProf.db: {"WprofHTMLTag": {"code": "0xaf047cd0", "doc": "https://searchengineland-com.cdn.ampproject.org/c/searchengineland.com/3-free-adwords-testing-tools-adopt-today-270116/amp", "row": 0, "column": 1770, "tagName": "script", "time": 16850.350641, "url": "https://cdn.ampproject.org/rtv/011498506512561/v0.js", "pos": 1, "chunkLen": 1, "isStartTag": 1}}
06-28 13:16:16.045 26620 26633 E WProf.db: {"WprofHTMLTag": {"code": "0xaf047d00", "doc": "https://searchengineland-com.cdn.ampproject.org/c/searchengineland.com/3-free-adwords-testing-tools-adopt-today-270116/amp", "row": 0, "column": 1779, "tagName": "script", "time": 16850.352832, "url": "", "pos": 1, "chunkLen": 1, "isStartTag": 0}}
06-28 13:16:16.045 26620 26633 E WProf.db: {"WprofHTMLTag": {"code": "0xaf047d30", "doc": "https://searchengineland-com.cdn.ampproject.org/c/searchengineland.com/3-free-adwords-testing-tools-adopt-today-270116/amp", "row": 0, "column": 1887, "tagName": "script", "time": 16850.355752, "url": "https://cdn.ampproject.org/rtv/011498506512561/v0/amp-ad-0.1.js", "pos": 1, "chunkLen": 1, "isStartTag": 1}}
06-28 13:16:16.045 26620 26633 E WProf.db: {"WprofHTMLTag": {"code": "0xaf047f10", "doc": "https://searchengineland-com.cdn.ampproject.org/c/searchengineland.com/3-free-adwords-testing-tools-adopt-today-270116/amp", "row": 0, "column": 1896, "tagName": "script", "time": 16850.356920, "url": "", "pos": 1, "chunkLen": 1, "isStartTag": 0}}
06-28 13:16:16.045 26620 26633 E WProf.db: {"WprofHTMLTag": {"code": "0xaf047f40", "doc": "https://searchengineland-com.cdn.ampproject.org/c/searchengineland.com/3-free-adwords-testing-tools-adopt-today-270116/amp", "row": 0, "column": 2018, "tagName": "script", "time": 16850.358672, "url": "https://cdn.ampproject.org/rtv/011498506512561/v0/amp-analytics-0.1.js", "pos": 1, "chunkLen": 1, "isStartTag": 1}}
06-28 13:16:16.045 26620 26633 E WProf.db: {"WprofHTMLTag": {"code": "0xb4cc7a20", "doc": "https://searchengineland-com.cdn.ampproject.org/c/searchengineland.com/3-free-adwords-testing-tools-adopt-today-270116/amp", "row": 0, "column": 2027, "tagName": "script", "time": 16850.359754, "url": "", "pos": 1, "chunkLen": 1, "isStartTag": 0}}
06-28 13:16:16.045 26620 26633 E WProf.db: {"WprofHTMLTag": {"code": "0xb4cc7a50", "doc": "https://searchengineland-com.cdn.ampproject.org/c/searchengineland.com/3-free-adwords-testing-tools-adopt-today-270116/amp", "row": 0, "column": 2139, "tagName": "script", "time": 16850.371767, "url": "https://cdn.ampproject.org/rtv/011498506512561/v0/amp-anim-0.1.js", "pos": 1, "chunkLen": 1, "isStartTag": 1}}
06-28 13:16:16.046 26620 26633 E WProf.db: {"WprofHTMLTag": {"code": "0xb4cc7ab0", "doc": "https://searchengineland-com.cdn.ampproject.org/c/searchengineland.com/3-free-adwords-testing-tools-adopt-today-270116/amp", "row": 0, "column": 2148, "tagName": "script", "time": 16850.372236, "url": "", "pos": 1, "chunkLen": 1, "isStartTag": 0}}
06-28 13:16:16.046 26620 26633 E WProf.db: {"WprofHTMLTag": {"code": "0xaedd5690", "doc": "https://searchengineland-com.cdn.ampproject.org/c/searchengineland.com/3-free-adwords-testing-tools-adopt-today-270116/amp", "row": 0, "column": 2260, "tagName": "script", "time": 16850.373516, "url": "https://cdn.ampproject.org/rtv/011498506512561/v0/amp-form-0.1.js", "pos": 1, "chunkLen": 1, "isStartTag": 1}}
06-28 13:16:16.046 26620 26633 E WProf.db: {"WprofHTMLTag": {"code": "0xb4cc7b10", "doc": "https://searchengineland-com.cdn.ampproject.org/c/searchengineland.com/3-free-adwords-testing-tools-adopt-today-270116/amp", "row": 0, "column": 2269, "tagName": "script", "time": 16850.373943, "url": "", "pos": 1, "chunkLen": 1, "isStartTag": 0}}
06-28 13:16:16.046 26620 26633 E WProf.db: {"WprofHTMLTag": {"code": "0xb4cc7b40", "doc": "https://searchengineland-com.cdn.ampproject.org/c/searchengineland.com/3-free-adwords-testing-tools-adopt-today-270116/amp", "row": 0, "column": 2387, "tagName": "script", "time": 16850.374871, "url": "https://cdn.ampproject.org/rtv/011498506512561/v0/amp-sidebar-0.1.js", "pos": 1, "chunkLen": 1, "isStartTag": 1}}
06-28 13:16:16.046 26620 26633 E WProf.db: {"WprofHTMLTag": {"code": "0xb4cc7ba0", "doc": "https://searchengineland-com.cdn.ampproject.org/c/searchengineland.com/3-free-adwords-testing-tools-adopt-today-270116/amp", "row": 0, "column": 2396, "tagName": "script", "time": 16850.375324, "url": "", "pos": 1, "chunkLen": 1, "isStartTag": 0}}
06-28 13:16:16.047 26620 26633 E WProf.db: {"WprofHTMLTag": {"code": "0xb4cc7bd0", "doc": "https://searchengineland-com.cdn.ampproject.org/c/searchengineland.com/3-free-adwords-testing-tools-adopt-today-270116/amp", "row": 0, "column": 2510, "tagName": "script", "time": 16850.376337, "url": "https://cdn.ampproject.org/rtv/011498506512561/v0/amp-video-0.1.js", "pos": 1, "chunkLen": 1, "isStartTag": 1}}
06-28 13:16:16.048 26620 26633 E WProf.db: {"WprofHTMLTag": {"code": "0xb4cc7c30", "doc": "https://searchengineland-com.cdn.ampproject.org/c/searchengineland.com/3-free-adwords-testing-tools-adopt-today-270116/amp", "row": 0, "column": 2519, "tagName": "script", "time": 16850.376736, "url": "", "pos": 1, "chunkLen": 1, "isStartTag": 0}}
06-28 13:16:16.048 26620 26633 E WProf.db: {"WprofHTMLTag": {"code": "0xb4cc7c60", "doc": "https://searchengineland-com.cdn.ampproject.org/c/searchengineland.com/3-free-adwords-testing-tools-adopt-today-270116/amp", "row": 0, "column": 2637, "tagName": "script", "time": 16850.378737, "url": "https://cdn.ampproject.org/rtv/011498506512561/v0/amp-youtube-0.1.js", "pos": 1, "chunkLen": 1, "isStartTag": 1}}
06-28 13:16:16.048 26620 26633 E WProf.db: {"WprofHTMLTag": {"code": "0xb4cc7cc0", "doc": "https://searchengineland-com.cdn.ampproject.org/c/searchengineland.com/3-free-adwords-testing-tools-adopt-today-270116/amp", "row": 0, "column": 2646, "tagName": "script", "time": 16850.379196, "url": "", "pos": 1, "chunkLen": 1, "isStartTag": 0}}
06-28 13:16:16.048 26620 26633 E WProf.db: {"WprofHTMLTag": {"code": "0xb4cc7cf0", "doc": "https://searchengineland-com.cdn.ampproject.org/c/searchengineland.com/3-free-adwords-testing-tools-adopt-today-270116/amp", "row": 0, "column": 2704, "tagName": "link", "time": 16850.381866, "url": "https://searchengineland-com.cdn.ampproject.org/i/searchengineland.com/favicon.ico", "pos": 1, "chunkLen": 1, "isStartTag": 1}}
06-28 13:16:16.048 26620 26633 E WProf.db: {"WprofHTMLTag": {"code": "0xb4cc7d20", "doc": "https://searchengineland-com.cdn.ampproject.org/c/searchengineland.com/3-free-adwords-testing-tools-adopt-today-270116/amp", "row": 0, "column": 2791, "tagName": "link", "time": 16850.382331, "url": "https://fonts.googleapis.com/css?family=Oswald:300,400,700", "pos": 1, "chunkLen": 1, "isStartTag": 1}}
06-28 13:16:16.048 26620 26633 E WProf.db: {"WprofHTMLTag": {"code": "0xb4cc7d50", "doc": "https://searchengineland-com.cdn.ampproject.org/c/searchengineland.com/3-free-adwords-testing-tools-adopt-today-270116/amp", "row": 0, "column": 2860, "tagName": "link", "time": 16850.383154, "url": "https://fonts.gstatic.com/", "pos": 1, "chunkLen": 1, "isStartTag": 1}}
06-28 13:16:16.048 26620 26633 E WProf.db: {"WprofHTMLTag": {"code": "0xb4cc7d80", "doc": "https://searchengineland-com.cdn.ampproject.org/c/searchengineland.com/3-free-adwords-testing-tools-adopt-today-270116/amp", "row": 0, "column": 2969, "tagName": "link", "time": 16850.383455, "url": "https://fonts.googleapis.com/css?family=Merriweather:400,400italic,700,700italic", "pos": 1, "chunkLen": 1, "isStartTag": 1}}
06-28 13:16:16.048 26620 26633 E WProf.db: {"WprofHTMLTag": {"code": "0xb4cc7db0", "doc": "https://searchengineland-com.cdn.ampproject.org/c/searchengineland.com/3-free-adwords-testing-tools-adopt-today-270116/amp", "row": 0, "column": 2987, "tagName": "style", "time": 16850.384265, "url": "", "pos": 1, "chunkLen": 1, "isStartTag": 1}}
06-28 13:16:16.048 26620 26633 E WProf.db: {"WprofHTMLTag": {"code": "0xb4cc7de0", "doc": "https://searchengineland-com.cdn.ampproject.org/c/searchengineland.com/3-free-adwords-testing-tools-adopt-today-270116/amp", "row": 612, "column": 9, "tagName": "style", "time": 16850.384769, "url": "", "pos": 1, "chunkLen": 1, "isStartTag": 0}}
06-28 13:16:16.048 26620 26633 E WProf.db: {"WprofHTMLTag": {"code": "0xb4cc8140", "doc": "https://searchengineland-com.cdn.ampproject.org/c/searchengineland.com/3-free-adwords-testing-tools-adopt-today-270116/amp", "row": 612, "column": 16, "tagName": "title", "time": 16850.403205, "url": "", "pos": 1, "chunkLen": 1, "isStartTag": 1}}
06-28 13:16:16.048 26620 26633 E WProf.db: {"WprofHTMLTag": {"code": "0xb4cc8170", "doc": "https://searchengineland-com.cdn.ampproject.org/c/searchengineland.com/3-free-adwords-testing-tools-adopt-today-270116/amp", "row": 612, "column": 67, "tagName": "title", "time": 16850.403394, "url": "", "pos": 1, "chunkLen": 1, "isStartTag": 0}}
06-28 13:16:16.049 26620 26633 E WProf.db: {"WprofHTMLTag": {"code": "0xb4cc81a0", "doc": "https://searchengineland-com.cdn.ampproject.org/c/searchengineland.com/3-free-adwords-testing-tools-adopt-today-270116/amp", "row": 612, "column": 170, "tagName": "link", "time": 16850.403414, "url": "http://searchengineland.com/3-free-adwords-testing-tools-adopt-today-270116", "pos": 1, "chunkLen": 1, "isStartTag": 1}}
06-28 13:16:16.049 26620 26633 E WProf.db: {"WprofHTMLTag": {"code": "0xb4cc81d0", "doc": "https://searchengineland-com.cdn.ampproject.org/c/searchengineland.com/3-free-adwords-testing-tools-adopt-today-270116/amp", "row": 612, "column": 291, "tagName": "script", "time": 16850.403767, "url": "https://cdn.ampproject.org/rtv/011498506512561/v0/amp-mustache-0.1.js", "pos": 1, "chunkLen": 1, "isStartTag": 1}}
06-28 13:16:16.049 26620 26633 E WProf.db: {"WprofHTMLTag": {"code": "0xb4cc8230", "doc": "https://searchengineland-com.cdn.ampproject.org/c/searchengineland.com/3-free-adwords-testing-tools-adopt-today-270116/amp", "row": 612, "column": 300, "tagName": "script", "time": 16850.404158, "url": "", "pos": 1, "chunkLen": 1, "isStartTag": 0}}
06-28 13:16:16.049 26620 26633 E WProf.db: {"WprofHTMLTag": {"code": "0xb4cc8260", "doc": "https://searchengineland-com.cdn.ampproject.org/c/searchengineland.com/3-free-adwords-testing-tools-adopt-today-270116/amp", "row": 612, "column": 323, "tagName": "style", "time": 16850.404907, "url": "", "pos": 1, "chunkLen": 1, "isStartTag": 1}}
06-28 13:16:16.049 26620 26633 E WProf.db: {"WprofHTMLTag": {"code": "0xb4cc8290", "doc": "https://searchengineland-com.cdn.ampproject.org/c/searchengineland.com/3-free-adwords-testing-tools-adopt-today-270116/amp", "row": 612, "column": 947, "tagName": "style", "time": 16850.405122, "url": "", "pos": 1, "chunkLen": 1, "isStartTag": 0}}
06-28 13:16:16.049 26620 26633 E WProf.db: {"WprofHTMLTag": {"code": "0xb4cc82c0", "doc": "https://searchengineland-com.cdn.ampproject.org/c/searchengineland.com/3-free-adwords-testing-tools-adopt-today-270116/amp", "row": 612, "column": 957, "tagName": "noscript", "time": 16850.405588, "url": "", "pos": 1, "chunkLen": 1, "isStartTag": 1}}
06-28 13:16:16.049 26620 26633 E WProf.db: {"WprofHTMLTag": {"code": "0xb4cc82f0", "doc": "https://searchengineland-com.cdn.ampproject.org/c/searchengineland.com/3-free-adwords-testing-tools-adopt-today-270116/amp", "row": 612, "column": 1100, "tagName": "noscript", "time": 16850.405632, "url": "", "pos": 1, "chunkLen": 1, "isStartTag": 0}}
06-28 13:16:16.049 26620 26633 E WProf.db: {"WprofHTMLTag": {"code": "0xb4cc8350", "doc": "https://searchengineland-com.cdn.ampproject.org/c/searchengineland.com/3-free-adwords-testing-tools-adopt-today-270116/amp", "row": 612, "column": 1107, "tagName": "head", "time": 16850.405642, "url": "", "pos": 1, "chunkLen": 1, "isStartTag": 0}}
06-28 13:16:16.049 26620 26633 E WProf.db: {"WprofHTMLTag": {"code": "0xb4cc8380", "doc": "https://searchengineland-com.cdn.ampproject.org/c/searchengineland.com/3-free-adwords-testing-tools-adopt-today-270116/amp", "row": 612, "column": 1113, "tagName": "body", "time": 16850.405653, "url": "", "pos": 1, "chunkLen": 1, "isStartTag": 1}}
06-28 13:16:16.049 26620 26633 E WProf.db: {"WprofHTMLTag": {"code": "0xb4cc83b0", "doc": "https://searchengineland-com.cdn.ampproject.org/c/searchengineland.com/3-free-adwords-testing-tools-adopt-today-270116/amp", "row": 613, "column": 48, "tagName": "amp-sidebar", "time": 16850.405744, "url": "", "pos": 1, "chunkLen": 1, "isStartTag": 1}}
06-28 13:16:16.049 26620 26633 E WProf.db: {"WprofHTMLTag": {"code": "0xb4cc83e0", "doc": "https://searchengineland-com.cdn.ampproject.org/c/searchengineland.com/3-free-adwords-testing-tools-adopt-today-270116/amp", "row": 614, "column": 6, "tagName": "ul", "time": 16850.405941, "url": "", "pos": 1, "chunkLen": 1, "isStartTag": 1}}
06-28 13:16:16.049 26620 26633 E WProf.db: {"WprofHTMLTag": {"code": "0xb4cc9250", "doc": "https://searchengineland-com.cdn.ampproject.org/c/searchengineland.com/3-free-adwords-testing-tools-adopt-today-270116/amp", "row": 615, "column": 7, "tagName": "li", "time": 16850.405977, "url": "", "pos": 1, "chunkLen": 1, "isStartTag": 1}}
06-28 13:16:16.050 26620 26633 E WProf.db: {"WprofHTMLTag": {"code": "0xb4cc9400", "doc": "https://searchengineland-com.cdn.ampproject.org/c/searchengineland.com/3-free-adwords-testing-tools-adopt-today-270116/amp", "row": 616, "column": 83, "tagName": "a", "time": 16850.406049, "url": "", "pos": 1, "chunkLen": 1, "isStartTag": 1}}
06-28 13:16:16.050 26620 26633 E WProf.db: {"WprofHTMLTag": {"code": "0xb4cc9460", "doc": "https://searchengineland-com.cdn.ampproject.org/c/searchengineland.com/3-free-adwords-testing-tools-adopt-today-270116/amp", "row": 616, "column": 90, "tagName": "a", "time": 16850.406337, "url": "", "pos": 1, "chunkLen": 1, "isStartTag": 0}}
06-28 13:16:16.050 26620 26633 E WProf.db: {"WprofHTMLTag": {"code": "0xb4cc9490", "doc": "https://searchengineland-com.cdn.ampproject.org/c/searchengineland.com/3-free-adwords-testing-tools-adopt-today-270116/amp", "row": 617, "column": 8, "tagName": "li", "time": 16850.406369, "url": "", "pos": 1, "chunkLen": 1, "isStartTag": 0}}
06-28 13:16:16.050 26620 26633 E WProf.db: {"WprofHTMLTag": {"code": "0xb4cc94c0", "doc": "https://searchengineland-com.cdn.ampproject.org/c/searchengineland.com/3-free-adwords-testing-tools-adopt-today-270116/amp", "row": 618, "column": 7, "tagName": "li", "time": 16850.406392, "url": "", "pos": 1, "chunkLen": 1, "isStartTag": 1}}
06-28 13:16:16.050 26620 26633 E WProf.db: {"WprofHTMLTag": {"code": "0xb4cc94f0", "doc": "https://searchengineland-com.cdn.ampproject.org/c/searchengineland.com/3-free-adwords-testing-tools-adopt-today-270116/amp", "row": 619, "column": 83, "tagName": "a", "time": 16850.406437, "url": "", "pos": 1, "chunkLen": 1, "isStartTag": 1}}
06-28 13:16:16.050 26620 26633 E WProf.db: {"WprofHTMLTag": {"code": "0xaa150000", "doc": "https://searchengineland-com.cdn.ampproject.org/c/searchengineland.com/3-free-adwords-testing-tools-adopt-today-270116/amp", "row": 619, "column": 90, "tagName": "a", "time": 16850.406667, "url": "", "pos": 1, "chunkLen": 1, "isStartTag": 0}}
06-28 13:16:16.050 26620 26633 E WProf.db: {"WprofHTMLTag": {"code": "0xaa150030", "doc": "https://searchengineland-com.cdn.ampproject.org/c/searchengineland.com/3-free-adwords-testing-tools-adopt-today-270116/amp", "row": 620, "column": 8, "tagName": "li", "time": 16850.406714, "url": "", "pos": 1, "chunkLen": 1, "isStartTag": 0}}
06-28 13:16:16.050 26620 26633 E WProf.db: {"WprofHTMLTag": {"code": "0xaa150060", "doc": "https://searchengineland-com.cdn.ampproject.org/c/searchengineland.com/3-free-adwords-testing-tools-adopt-today-270116/amp", "row": 621, "column": 7, "tagName": "li", "time": 16850.406736, "url": "", "pos": 1, "chunkLen": 1, "isStartTag": 1}}
06-28 13:16:16.050 26620 26633 E WProf.db: {"WprofHTMLTag": {"code": "0xaa150090", "doc": "https://searchengineland-com.cdn.ampproject.org/c/searchengineland.com/3-free-adwords-testing-tools-adopt-today-270116/amp", "row": 622, "column": 89, "tagName": "a", "time": 16850.406781, "url": "", "pos": 1, "chunkLen": 1, "isStartTag": 1}}
06-28 13:16:16.050 26620 26633 E WProf.db: {"WprofHTMLTag": {"code": "0xaa1500f0", "doc": "https://searchengineland-com.cdn.ampproject.org/c/searchengineland.com/3-free-adwords-testing-tools-adopt-today-270116/amp", "row": 622, "column": 99, "tagName": "a", "time": 16850.407001, "url": "", "pos": 1, "chunkLen": 1, "isStartTag": 0}}
06-28 13:16:16.050 26620 26633 E WProf.db: {"WprofHTMLTag": {"code": "0xaa150120", "doc": "https://searchengineland-com.cdn.ampproject.org/c/searchengineland.com/3-free-adwords-testing-tools-adopt-today-270116/amp", "row": 623, "column": 8, "tagName": "li", "time": 16850.407027, "url": "", "pos": 1, "chunkLen": 1, "isStartTag": 0}}
06-28 13:16:16.051 26620 26633 E WProf.db: {"WprofHTMLTag": {"code": "0xaa150150", "doc": "https://searchengineland-com.cdn.ampproject.org/c/searchengineland.com/3-free-adwords-testing-tools-adopt-today-270116/amp", "row": 624, "column": 7, "tagName": "li", "time": 16850.407046, "url": "", "pos": 1, "chunkLen": 1, "isStartTag": 1}}
06-28 13:16:16.051 26620 26633 E WProf.db: {"WprofHTMLTag": {"code": "0xaa150180", "doc": "https://searchengineland-com.cdn.ampproject.org/c/searchengineland.com/3-free-adwords-testing-tools-adopt-today-270116/amp", "row": 625, "column": 87, "tagName": "a", "time": 16850.407144, "url": "", "pos": 1, "chunkLen": 1, "isStartTag": 1}}
06-28 13:16:16.051 26620 26633 E WProf.db: {"WprofHTMLTag": {"code": "0xaa1501e0", "doc": "https://searchengineland-com.cdn.ampproject.org/c/searchengineland.com/3-free-adwords-testing-tools-adopt-today-270116/amp", "row": 625, "column": 96, "tagName": "a", "time": 16850.407365, "url": "", "pos": 1, "chunkLen": 1, "isStartTag": 0}}
06-28 13:16:16.051 26620 26633 E WProf.db: {"WprofHTMLTag": {"code": "0xaa150210", "doc": "https://searchengineland-com.cdn.ampproject.org/c/searchengineland.com/3-free-adwords-testing-tools-adopt-today-270116/amp", "row": 626, "column": 8, "tagName": "li", "time": 16850.407391, "url": "", "pos": 1, "chunkLen": 1, "isStartTag": 0}}
06-28 13:16:16.051 26620 26633 E WProf.db: {"WprofHTMLTag": {"code": "0xaa150240", "doc": "https://searchengineland-com.cdn.ampproject.org/c/searchengineland.com/3-free-adwords-testing-tools-adopt-today-270116/amp", "row": 627, "column": 7, "tagName": "li", "time": 16850.407413, "url": "", "pos": 1, "chunkLen": 1, "isStartTag": 1}}
06-28 13:16:16.051 26620 26633 E WProf.db: {"WprofHTMLTag": {"code": "0xaa150270", "doc": "https://searchengineland-com.cdn.ampproject.org/c/searchengineland.com/3-free-adwords-testing-tools-adopt-today-270116/amp", "row": 628, "column": 89, "tagName": "a", "time": 16850.407454, "url": "", "pos": 1, "chunkLen": 1, "isStartTag": 1}}
06-28 13:16:16.051 26620 26633 E WProf.db: {"WprofHTMLTag": {"code": "0xaa1502d0", "doc": "https://searchengineland-com.cdn.ampproject.org/c/searchengineland.com/3-free-adwords-testing-tools-adopt-today-270116/amp", "row": 628, "column": 99, "tagName": "a", "time": 16850.407687, "url": "", "pos": 1, "chunkLen": 1, "isStartTag": 0}}
06-28 13:16:16.051 26620 26633 E WProf.db: {"WprofHTMLTag": {"code": "0xaa150300", "doc": "https://searchengineland-com.cdn.ampproject.org/c/searchengineland.com/3-free-adwords-testing-tools-adopt-today-270116/amp", "row": 629, "column": 8, "tagName": "li", "time": 16850.407711, "url": "", "pos": 1, "chunkLen": 1, "isStartTag": 0}}
06-28 13:16:16.051 26620 26633 E WProf.db: {"WprofHTMLTag": {"code": "0xaa150330", "doc": "https://searchengineland-com.cdn.ampproject.org/c/searchengineland.com/3-free-adwords-testing-tools-adopt-today-270116/amp", "row": 630, "column": 7, "tagName": "li", "time": 16850.407733, "url": "", "pos": 1, "chunkLen": 1, "isStartTag": 1}}
06-28 13:16:16.051 26620 26633 E WProf.db: {"WprofHTMLTag": {"code": "0xaa150360", "doc": "https://searchengineland-com.cdn.ampproject.org/c/searchengineland.com/3-free-adwords-testing-tools-adopt-today-270116/amp", "row": 631, "column": 89, "tagName": "a", "time": 16850.407772, "url": "", "pos": 1, "chunkLen": 1, "isStartTag": 1}}
06-28 13:16:16.051 26620 26633 E WProf.db: {"WprofHTMLTag": {"code": "0xaa1503c0", "doc": "https://searchengineland-com.cdn.ampproject.org/c/searchengineland.com/3-free-adwords-testing-tools-adopt-today-270116/amp", "row": 631, "column": 99, "tagName": "a", "time": 16850.407986, "url": "", "pos": 1, "chunkLen": 1, "isStartTag": 0}}
06-28 13:16:16.051 26620 26633 E WProf.db: {"WprofHTMLTag": {"code": "0xaa1503f0", "doc": "https://searchengineland-com.cdn.ampproject.org/c/searchengineland.com/3-free-adwords-testing-tools-adopt-today-270116/amp", "row": 632, "column": 8, "tagName": "li", "time": 16850.408012, "url": "", "pos": 1, "chunkLen": 1, "isStartTag": 0}}
06-28 13:16:16.051 26620 26633 E WProf.db: {"WprofHTMLTag": {"code": "0xaa150420", "doc": "https://searchengineland-com.cdn.ampproject.org/c/searchengineland.com/3-free-adwords-testing-tools-adopt-today-270116/amp", "row": 633, "column": 7, "tagName": "li", "time": 16850.408033, "url": "", "pos": 1, "chunkLen": 1, "isStartTag": 1}}
06-28 13:16:16.052 26620 26633 E WProf.db: {"WprofHTMLTag": {"code": "0xaa150450", "doc": "https://searchengineland-com.cdn.ampproject.org/c/searchengineland.com/3-free-adwords-testing-tools-adopt-today-270116/amp", "row": 634, "column": 85, "tagName": "a", "time": 16850.408074, "url": "", "pos": 1, "chunkLen": 1, "isStartTag": 1}}
06-28 13:16:16.052 26620 26633 E WProf.db: {"WprofHTMLTag": {"code": "0xaa1504b0", "doc": "https://searchengineland-com.cdn.ampproject.org/c/searchengineland.com/3-free-adwords-testing-tools-adopt-today-270116/amp", "row": 634, "column": 93, "tagName": "a", "time": 16850.408304, "url": "", "pos": 1, "chunkLen": 1, "isStartTag": 0}}
06-28 13:16:16.052 26620 26633 E WProf.db: {"WprofHTMLTag": {"code": "0xaa1504e0", "doc": "https://searchengineland-com.cdn.ampproject.org/c/searchengineland.com/3-free-adwords-testing-tools-adopt-today-270116/amp", "row": 635, "column": 8, "tagName": "li", "time": 16850.408329, "url": "", "pos": 1, "chunkLen": 1, "isStartTag": 0}}
06-28 13:16:16.052 26620 26633 E WProf.db: {"WprofHTMLTag": {"code": "0xaa150510", "doc": "https://searchengineland-com.cdn.ampproject.org/c/searchengineland.com/3-free-adwords-testing-tools-adopt-today-270116/amp", "row": 636, "column": 7, "tagName": "li", "time": 16850.408350, "url": "", "pos": 1, "chunkLen": 1, "isStartTag": 1}}
06-28 13:16:16.052 26620 26633 E WProf.db: {"WprofHTMLTag": {"code": "0xaa150540", "doc": "https://searchengineland-com.cdn.ampproject.org/c/searchengineland.com/3-free-adwords-testing-tools-adopt-today-270116/amp", "row": 637, "column": 103, "tagName": "a", "time": 16850.408392, "url": "", "pos": 1, "chunkLen": 1, "isStartTag": 1}}
06-28 13:16:16.052 26620 26633 E WProf.db: {"WprofHTMLTag": {"code": "0xaa1505a0", "doc": "https://searchengineland-com.cdn.ampproject.org/c/searchengineland.com/3-free-adwords-testing-tools-adopt-today-270116/amp", "row": 637, "column": 113, "tagName": "a", "time": 16850.408612, "url": "", "pos": 1, "chunkLen": 1, "isStartTag": 0}}
