06-28 13:16:16.161 26620 26633 E WProf.db: {"Computation": {"type": "fireEvent", "code": "0xaa1a5e20", "docUrl": "https://searchengineland-com.cdn.ampproject.org/c/searchengineland.com/3-free-adwords-testing-tools-adopt-today-270116/amp", "startTime": 16851.892706, "endTime": 16851.893228, "urlRecalcStyle": "load"}}
06-28 13:16:16.161 26620 26633 E WProf.db: {"Computation": {"type": "fireEvent", "code": "0xaa1a5e20", "docUrl": "https://searchengineland-com.cdn.ampproject.org/c/searchengineland.com/3-free-adwords-testing-tools-adopt-today-270116/amp", "startTime": 16851.893301, "endTime": 16851.893344, "urlRecalcStyle": "load"}}
06-28 13:16:16.161 26620 26633 E WProf.db: {"Computation": {"type": "fireEvent", "code": "0xaa1a5e20", "docUrl": "https://searchengineland-com.cdn.ampproject.org/c/searchengineland.com/3-free-adwords-testing-tools-adopt-today-270116/amp", "startTime": 16851.893392, "endTime": 16851.893433, "urlRecalcStyle": "load"}}
06-28 13:16:16.161 26620 26633 E WProf.db: {"Computation": {"type": "fireEvent", "code": "0xaa1a5e20", "docUrl": "https://searchengineland-com.cdn.ampproject.org/c/searchengineland.com/3-free-adwords-testing-tools-adopt-today-270116/amp", "startTime": 16851.893479, "endTime": 16851.893642, "urlRecalcStyle": "load"}}
06-28 13:16:16.161 26620 26633 E WProf.db: {"Computation": {"type": "layout", "code": "0xaa1a5e20", "docUrl": "https://searchengineland-com.cdn.ampproject.org/c/searchengineland.com/3-free-adwords-testing-tools-adopt-today-270116/amp", "startTime": 16851.905885, "endTime": 16851.909014, "urlRecalcStyle": ""}}
06-28 13:16:16.161 26552 26599 E chromium: [ERROR:gles2_cmd_decoder.cc(3852)] [.ChromiumCompositor-0xacbb2fc0]GL ERROR :GL_INVALID_ENUM : glDiscardFramebufferEXT: attachments was GL_COLOR_EXT
06-28 13:16:16.161 26620 26633 E WProf.db: {"Computation": {"type": "fireEvent", "code": "0xaa1a5e20", "docUrl": "https://searchengineland-com.cdn.ampproject.org/c/searchengineland.com/3-free-adwords-testing-tools-adopt-today-270116/amp", "startTime": 16851.909922, "endTime": 16851.909987, "urlRecalcStyle": "load"}}
06-28 13:16:16.161 26620 26633 E WProf.db: {"Computation": {"type": "fireEvent", "code": "0xaa1a5e20", "docUrl": "https://searchengineland-com.cdn.ampproject.org/c/searchengineland.com/3-free-adwords-testing-tools-adopt-today-270116/amp", "startTime": 16851.910077, "endTime": 16851.910138, "urlRecalcStyle": "load"}}
06-28 13:16:16.161 26620 26633 E WProf.db: {"Computation": {"type": "fireEvent", "code": "0xaa1a5e20", "docUrl": "https://searchengineland-com.cdn.ampproject.org/c/searchengineland.com/3-free-adwords-testing-tools-adopt-today-270116/amp", "startTime": 16851.910202, "endTime": 16851.910777, "urlRecalcStyle": "load"}}
06-28 13:16:16.161 26620 26633 E WProf.db: {"Computation": {"type": "fireEvent", "code": "0xaa1a5e20", "docUrl": "https://searchengineland-com.cdn.ampproject.org/c/searchengineland.com/3-free-adwords-testing-tools-adopt-today-270116/amp", "startTime": 16851.910868, "endTime": 16851.910921, "urlRecalcStyle": "load"}}
06-28 13:16:16.161 26620 26633 E WProf.db: {"Computation": {"type": "fireEvent", "code": "0xaa1a5e20", "docUrl": "https://searchengineland-com.cdn.ampproject.org/c/searchengineland.com/3-free-adwords-testing-tools-adopt-today-270116/amp", "startTime": 16851.910968, "endTime": 16851.911018, "urlRecalcStyle": "load"}}
06-28 13:16:16.161 26620 26633 E WProf.db: {"Computation": {"type": "fireEvent", "code": "0xaa1a5e20", "docUrl": "https://searchengineland-com.cdn.ampproject.org/c/searchengineland.com/3-free-adwords-testing-tools-adopt-today-270116/amp", "startTime": 16851.911081, "endTime": 16851.911199, "urlRecalcStyle": "load"}}
06-28 13:16:16.161 26620 26633 E WProf.db: {"Computation": {"type": "fireEvent", "code": "0xaa1a5e20", "docUrl": "https://searchengineland-com.cdn.ampproject.org/c/searchengineland.com/3-free-adwords-testing-tools-adopt-today-270116/amp", "startTime": 16851.911278, "endTime": 16851.911334, "urlRecalcStyle": "load"}}
06-28 13:16:16.161 26620 26633 E WProf.db: {"Computation": {"type": "fireEvent", "code": "0xaa1a5e20", "docUrl": "https://searchengineland-com.cdn.ampproject.org/c/searchengineland.com/3-free-adwords-testing-tools-adopt-today-270116/amp", "startTime": 16851.911393, "endTime": 16851.911446, "urlRecalcStyle": "load"}}
06-28 13:16:16.162 26620 26633 E WProf.db: {"Computation": {"type": "fireEvent", "code": "0xaa1a5e20", "docUrl": "https://searchengineland-com.cdn.ampproject.org/c/searchengineland.com/3-free-adwords-testing-tools-adopt-today-270116/amp", "startTime": 16851.911506, "endTime": 16851.911630, "urlRecalcStyle": "load"}}
06-28 13:16:16.162 26620 26633 E WProf.db: {"Computation": {"type": "layout", "code": "0xaa1a5e20", "docUrl": "https://searchengineland-com.cdn.ampproject.org/c/searchengineland.com/3-free-adwords-testing-tools-adopt-today-270116/amp", "startTime": 16851.938213, "endTime": 16851.939233, "urlRecalcStyle": ""}}
06-28 13:16:16.162 26620 26633 E WProf.db: {"Computation": {"type": "layout", "code": "0xaa1a5e20", "docUrl": "https://searchengineland-com.cdn.ampproject.org/c/searchengineland.com/3-free-adwords-testing-tools-adopt-today-270116/amp", "startTime": 16851.954607, "endTime": 16851.956313, "urlRecalcStyle": ""}}
06-28 13:16:16.162 26620 26633 E WProf.db: {"Computation": {"type": "layout", "code": "0xaa1a5e20", "docUrl": "https://searchengineland-com.cdn.ampproject.org/c/searchengineland.com/3-free-adwords-testing-tools-adopt-today-270116/amp", "startTime": 16852.495967, "endTime": 16852.500156, "urlRecalcStyle": ""}}
06-28 13:16:16.162 26620 26633 E WProf.db: {"Computation": {"type": "layout", "code": "0xaa1a5e20", "docUrl": "https://searchengineland-com.cdn.ampproject.org/c/searchengineland.com/3-free-adwords-testing-tools-adopt-today-270116/amp", "startTime": 16852.503579, "endTime": 16852.505402, "urlRecalcStyle": ""}}
06-28 13:16:16.162 26620 26633 E WProf.db: {"Computation": {"type": "layout", "code": "0xaa1a5e20", "docUrl": "https://searchengineland-com.cdn.ampproject.org/c/searchengineland.com/3-free-adwords-testing-tools-adopt-today-270116/amp", "startTime": 16852.685667, "endTime": 16852.687990, "urlRecalcStyle": ""}}
06-28 13:16:16.162 26620 26633 E WProf.db: {"Computation": {"type": "execScript", "code": "0xaa1a5e20", "docUrl": "https://searchengineland-com.cdn.ampproject.org/c/searchengineland.com/3-free-adwords-testing-tools-adopt-today-270116/amp", "startTime": 16852.771701, "endTime": 16852.785576, "urlRecalcStyle": "https://cdn.ampproject.org/rtv/011498506512561/v0/amp-crypto-polyfill-0.1.js"}}
06-28 13:16:16.162 26620 26633 E WProf.db: {"Computation": {"type": "fireEvent", "code": "0xaa1a5e20", "docUrl": "https://searchengineland-com.cdn.ampproject.org/c/searchengineland.com/3-free-adwords-testing-tools-adopt-today-270116/amp", "startTime": 16852.785680, "endTime": 16852.785746, "urlRecalcStyle": "load"}}
06-28 13:16:16.162 26620 26633 E WProf.db: {"Computation": {"type": "fireEvent", "code": "0xaa1a5e20", "docUrl": "https://searchengineland-com.cdn.ampproject.org/c/searchengineland.com/3-free-adwords-testing-tools-adopt-today-270116/amp", "startTime": 16852.785807, "endTime": 16852.785871, "urlRecalcStyle": "load"}}
06-28 13:16:16.162 26620 26633 E WProf.db: {"Computation": {"type": "layout", "code": "0xaa1a5e20", "docUrl": "https://searchengineland-com.cdn.ampproject.org/c/searchengineland.com/3-free-adwords-testing-tools-adopt-today-270116/amp", "startTime": 16852.928249, "endTime": 16852.929715, "urlRecalcStyle": ""}}
06-28 13:16:16.162 26620 26633 E WProf.db: {"Computation": {"type": "fireEvent", "code": "0xaa1a5e20", "docUrl": "https://searchengineland-com.cdn.ampproject.org/c/searchengineland.com/3-free-adwords-testing-tools-adopt-today-270116/amp", "startTime": 16852.943263, "endTime": 16852.943318, "urlRecalcStyle": "load"}}
06-28 13:16:16.162 26620 26633 E WProf.db: {"Computation": {"type": "fireEvent", "code": "0xaa1a5e20", "docUrl": "https://searchengineland-com.cdn.ampproject.org/c/searchengineland.com/3-free-adwords-testing-tools-adopt-today-270116/amp", "startTime": 16852.943372, "endTime": 16852.943421, "urlRecalcStyle": "load"}}
06-28 13:16:16.162 26620 26633 E WProf.db: {"Computation": {"type": "fireEvent", "code": "0xaa1a5e20", "docUrl": "https://searchengineland-com.cdn.ampproject.org/c/searchengineland.com/3-free-adwords-testing-tools-adopt-today-270116/amp", "startTime": 16852.943478, "endTime": 16852.944175, "urlRecalcStyle": "load"}}
06-28 13:16:16.162 26620 26633 E WProf.db: {"Computation": {"type": "layout", "code": "0xaa1a5e20", "docUrl": "https://searchengineland-com.cdn.ampproject.org/c/searchengineland.com/3-free-adwords-testing-tools-adopt-today-270116/amp", "startTime": 16853.028477, "endTime": 16853.030757, "urlRecalcStyle": ""}}
06-28 13:16:16.163 26620 26633 E WProf.db: {"Complete": "searchengineland-com.cdn.ampproject.org_c_searchengineland.com_3-free-adwords-testing-tools-adopt-today-270116_amp"}
06-28 13:16:16.178 26552 26599 E chromium: [ERROR:gles2_cmd_decoder.cc(3852)] [.ChromiumCompositor-0xacbb2fc0]GL ERROR :GL_INVALID_ENUM : glDiscardFramebufferEXT: attachments was GL_COLOR_EXT
06-28 13:16:16.194 26552 26599 E chromium: [ERROR:gles2_cmd_decoder.cc(3852)] [.ChromiumCompositor-0xacbb2fc0]GL ERROR :GL_INVALID_ENUM : glDiscardFramebufferEXT: attachments was GL_COLOR_EXT
06-28 13:16:16.219 26552 26599 E chromium: [ERROR:gles2_cmd_decoder.cc(3852)] [.ChromiumCompositor-0xacbb2fc0]GL ERROR :GL_INVALID_ENUM : glDiscardFramebufferEXT: attachments was GL_COLOR_EXT
06-28 13:16:16.237 26552 26599 E chromium: [ERROR:gles2_cmd_decoder.cc(3852)] [.ChromiumCompositor-0xacbb2fc0]GL ERROR :GL_INVALID_ENUM : glDiscardFramebufferEXT: attachments was GL_COLOR_EXT
06-28 13:16:16.250 26552 26599 E chromium: [ERROR:gles2_cmd_decoder.cc(3852)] [.ChromiumCompositor-0xacbb2fc0]GL ERROR :GL_INVALID_ENUM : glDiscardFramebufferEXT: attachments was GL_COLOR_EXT
06-28 13:16:16.261 26552 26599 E chromium: [ERROR:gles2_cmd_decoder.cc(3852)] [.ChromiumCompositor-0xacbb2fc0]GL ERROR :GL_INVALID_ENUM : glDiscardFramebufferEXT: attachments was GL_COLOR_EXT
06-28 13:16:16.278 26552 26599 E chromium: [ERROR:gles2_cmd_decoder.cc(3852)] [.ChromiumCompositor-0xacbb2fc0]GL ERROR :GL_INVALID_ENUM : glDiscardFramebufferEXT: attachments was GL_COLOR_EXT
06-28 13:16:16.295 26552 26599 E chromium: [ERROR:gles2_cmd_decoder.cc(3852)] [.ChromiumCompositor-0xacbb2fc0]GL ERROR :GL_INVALID_ENUM : glDiscardFramebufferEXT: attachments was GL_COLOR_EXT
06-28 13:16:16.312 26552 26599 E chromium: [ERROR:gles2_cmd_decoder.cc(3852)] [.ChromiumCompositor-0xacbb2fc0]GL ERROR :GL_INVALID_ENUM : glDiscardFramebufferEXT: attachments was GL_COLOR_EXT
06-28 13:16:16.329 26552 26599 E chromium: [ERROR:gles2_cmd_decoder.cc(3852)] [.ChromiumCompositor-0xacbb2fc0]GL ERROR :GL_INVALID_ENUM : glDiscardFramebufferEXT: attachments was GL_COLOR_EXT
06-28 13:16:16.349 26552 26599 E chromium: [ERROR:gles2_cmd_decoder.cc(3852)] [.ChromiumCompositor-0xacbb2fc0]GL ERROR :GL_INVALID_ENUM : glDiscardFramebufferEXT: attachments was GL_COLOR_EXT
06-28 13:16:16.361 26552 26599 E chromium: [ERROR:gles2_cmd_decoder.cc(3852)] [.ChromiumCompositor-0xacbb2fc0]GL ERROR :GL_INVALID_ENUM : glDiscardFramebufferEXT: attachments was GL_COLOR_EXT
06-28 13:16:16.378 26552 26599 E chromium: [ERROR:gles2_cmd_decoder.cc(3852)] [.ChromiumCompositor-0xacbb2fc0]GL ERROR :GL_INVALID_ENUM : glDiscardFramebufferEXT: attachments was GL_COLOR_EXT
06-28 13:16:16.395 26552 26599 E chromium: [ERROR:gles2_cmd_decoder.cc(3852)] [.ChromiumCompositor-0xacbb2fc0]GL ERROR :GL_INVALID_ENUM : glDiscardFramebufferEXT: attachments was GL_COLOR_EXT
06-28 13:16:16.412 26552 26599 E chromium: [ERROR:gles2_cmd_decoder.cc(3852)] [.ChromiumCompositor-0xacbb2fc0]GL ERROR :GL_INVALID_ENUM : glDiscardFramebufferEXT: attachments was GL_COLOR_EXT
06-28 13:16:16.436 26552 26599 E chromium: [ERROR:gles2_cmd_decoder.cc(3852)] [.ChromiumCompositor-0xacbb2fc0]GL ERROR :GL_INVALID_ENUM : glDiscardFramebufferEXT: attachments was GL_COLOR_EXT
06-28 13:16:16.447 26552 26599 E chromium: [ERROR:gles2_cmd_decoder.cc(3852)] [.ChromiumCompositor-0xacbb2fc0]GL ERROR :GL_INVALID_ENUM : glDiscardFramebufferEXT: attachments was GL_COLOR_EXT
06-28 13:16:16.465 26552 26599 E chromium: [ERROR:gles2_cmd_decoder.cc(3852)] [.ChromiumCompositor-0xacbb2fc0]GL ERROR :GL_INVALID_ENUM : glDiscardFramebufferEXT: attachments was GL_COLOR_EXT
06-28 13:16:16.482 26552 26599 E chromium: [ERROR:gles2_cmd_decoder.cc(3852)] [.ChromiumCompositor-0xacbb2fc0]GL ERROR :GL_INVALID_ENUM : glDiscardFramebufferEXT: attachments was GL_COLOR_EXT
06-28 13:16:16.498 26552 26599 E chromium: [ERROR:gles2_cmd_decoder.cc(3852)] [.ChromiumCompositor-0xacbb2fc0]GL ERROR :GL_INVALID_ENUM : glDiscardFramebufferEXT: attachments was GL_COLOR_EXT
06-28 13:16:16.516 26552 26599 E chromium: [ERROR:gles2_cmd_decoder.cc(3852)] [.ChromiumCompositor-0xacbb2fc0]GL ERROR :GL_INVALID_ENUM : glDiscardFramebufferEXT: attachments was GL_COLOR_EXT
06-28 13:16:16.532 26552 26599 E chromium: [ERROR:gles2_cmd_decoder.cc(3852)] [.ChromiumCompositor-0xacbb2fc0]GL ERROR :GL_INVALID_ENUM : glDiscardFramebufferEXT: attachments was GL_COLOR_EXT
06-28 13:16:16.549 26552 26599 E chromium: [ERROR:gles2_cmd_decoder.cc(3852)] [.ChromiumCompositor-0xacbb2fc0]GL ERROR :GL_INVALID_ENUM : glDiscardFramebufferEXT: attachments was GL_COLOR_EXT
06-28 13:16:16.566 26552 26599 E chromium: [ERROR:gles2_cmd_decoder.cc(3852)] [.ChromiumCompositor-0xacbb2fc0]GL ERROR :GL_INVALID_ENUM : glDiscardFramebufferEXT: attachments was GL_COLOR_EXT
06-28 13:16:16.602 26552 26599 E chromium: [ERROR:gles2_cmd_decoder.cc(3852)] [.ChromiumCompositor-0xacbb2fc0]GL ERROR :GL_INVALID_ENUM : glDiscardFramebufferEXT: attachments was GL_COLOR_EXT
06-28 13:16:16.611 26552 26599 E chromium: [ERROR:gles2_cmd_decoder.cc(3852)] [.ChromiumCompositor-0xacbb2fc0]GL ERROR :GL_INVALID_ENUM : glDiscardFramebufferEXT: attachments was GL_COLOR_EXT
06-28 13:16:16.629 26552 26599 E chromium: [ERROR:gles2_cmd_decoder.cc(3852)] [.ChromiumCompositor-0xacbb2fc0]GL ERROR :GL_INVALID_ENUM : glDiscardFramebufferEXT: attachments was GL_COLOR_EXT
06-28 13:16:16.654 26552 26599 E chromium: [ERROR:gles2_cmd_decoder.cc(3852)] [.ChromiumCompositor-0xacbb2fc0]GL ERROR :GL_INVALID_ENUM : glDiscardFramebufferEXT: attachments was GL_COLOR_EXT
06-28 13:16:16.673 26552 26599 E chromium: [ERROR:gles2_cmd_decoder.cc(3852)] [.ChromiumCompositor-0xacbb2fc0]GL ERROR :GL_INVALID_ENUM : glDiscardFramebufferEXT: attachments was GL_COLOR_EXT
06-28 13:16:16.686 26552 26599 E chromium: [ERROR:gles2_cmd_decoder.cc(3852)] [.ChromiumCompositor-0xacbb2fc0]GL ERROR :GL_INVALID_ENUM : glDiscardFramebufferEXT: attachments was GL_COLOR_EXT
06-28 13:16:16.700 26552 26599 E chromium: [ERROR:gles2_cmd_decoder.cc(3852)] [.ChromiumCompositor-0xacbb2fc0]GL ERROR :GL_INVALID_ENUM : glDiscardFramebufferEXT: attachments was GL_COLOR_EXT
06-28 13:16:16.712 26552 26599 E chromium: [ERROR:gles2_cmd_decoder.cc(3852)] [.ChromiumCompositor-0xacbb2fc0]GL ERROR :GL_INVALID_ENUM : glDiscardFramebufferEXT: attachments was GL_COLOR_EXT
06-28 13:16:16.722 26552 26599 E chromium: [ERROR:gles2_cmd_decoder.cc(3852)] [.ChromiumCompositor-0xacbb2fc0]GL ERROR :GL_INVALID_ENUM : glDiscardFramebufferEXT: attachments was GL_COLOR_EXT
06-28 13:16:16.746 26552 26599 E chromium: [ERROR:gles2_cmd_decoder.cc(3852)] [.ChromiumCompositor-0xacbb2fc0]GL ERROR :GL_INVALID_ENUM : glDiscardFramebufferEXT: attachments was GL_COLOR_EXT
06-28 13:16:16.770 26552 26599 E chromium: [ERROR:gles2_cmd_decoder.cc(3852)] [.ChromiumCompositor-0xacbb2fc0]GL ERROR :GL_INVALID_ENUM : glDiscardFramebufferEXT: attachments was GL_COLOR_EXT
06-28 13:16:16.783 26552 26599 E chromium: [ERROR:gles2_cmd_decoder.cc(3852)] [.ChromiumCompositor-0xacbb2fc0]GL ERROR :GL_INVALID_ENUM : glDiscardFramebufferEXT: attachments was GL_COLOR_EXT
06-28 13:16:16.791 26552 26599 E chromium: [ERROR:gles2_cmd_decoder.cc(3852)] [.ChromiumCompositor-0xacbb2fc0]GL ERROR :GL_INVALID_ENUM : glDiscardFramebufferEXT: attachments was GL_COLOR_EXT
06-28 13:16:16.800 26552 26599 E chromium: [ERROR:gles2_cmd_decoder.cc(3852)] [.ChromiumCompositor-0xacbb2fc0]GL ERROR :GL_INVALID_ENUM : glDiscardFramebufferEXT: attachments was GL_COLOR_EXT
06-28 13:16:16.816 26552 26599 E chromium: [ERROR:gles2_cmd_decoder.cc(3852)] [.ChromiumCompositor-0xacbb2fc0]GL ERROR :GL_INVALID_ENUM : glDiscardFramebufferEXT: attachments was GL_COLOR_EXT
06-28 13:16:16.847 26552 26599 E chromium: [ERROR:gles2_cmd_decoder.cc(3852)] [.ChromiumCompositor-0xacbb2fc0]GL ERROR :GL_INVALID_ENUM : glDiscardFramebufferEXT: attachments was GL_COLOR_EXT
06-28 13:16:16.851 26552 26599 E chromium: [ERROR:gles2_cmd_decoder.cc(3852)] [.ChromiumCompositor-0xacbb2fc0]GL ERROR :GL_INVALID_ENUM : glDiscardFramebufferEXT: attachments was GL_COLOR_EXT
06-28 13:16:16.884 26552 26599 E chromium: [ERROR:gles2_cmd_decoder.cc(3852)] [.ChromiumCompositor-0xacbb2fc0]GL ERROR :GL_INVALID_ENUM : glDiscardFramebufferEXT: attachments was GL_COLOR_EXT
06-28 13:16:16.895 26552 26599 E chromium: [ERROR:gles2_cmd_decoder.cc(3852)] [.ChromiumCompositor-0xacbb2fc0]GL ERROR :GL_INVALID_ENUM : glDiscardFramebufferEXT: attachments was GL_COLOR_EXT
06-28 13:16:16.903 26552 26599 E chromium: [ERROR:gles2_cmd_decoder.cc(3852)] [.ChromiumCompositor-0xacbb2fc0]GL ERROR :GL_INVALID_ENUM : glDiscardFramebufferEXT: attachments was GL_COLOR_EXT
06-28 13:16:16.931 26552 26599 E chromium: [ERROR:gles2_cmd_decoder.cc(3852)] [.ChromiumCompositor-0xacbb2fc0]GL ERROR :GL_INVALID_ENUM : glDiscardFramebufferEXT: attachments was GL_COLOR_EXT
06-28 13:16:16.937 26552 26599 E chromium: [ERROR:gles2_cmd_decoder.cc(3852)] [.ChromiumCompositor-0xacbb2fc0]GL ERROR :GL_INVALID_ENUM : glDiscardFramebufferEXT: attachments was GL_COLOR_EXT
06-28 13:16:16.949 26552 26599 E chromium: [ERROR:gles2_cmd_decoder.cc(3852)] [.ChromiumCompositor-0xacbb2fc0]GL ERROR :GL_INVALID_ENUM : glDiscardFramebufferEXT: attachments was GL_COLOR_EXT
06-28 13:16:16.966 26552 26599 E chromium: [ERROR:gles2_cmd_decoder.cc(3852)] [.ChromiumCompositor-0xacbb2fc0]GL ERROR :GL_INVALID_ENUM : glDiscardFramebufferEXT: attachments was GL_COLOR_EXT
06-28 13:16:16.998 26552 26599 E chromium: [ERROR:gles2_cmd_decoder.cc(3852)] [.ChromiumCompositor-0xacbb2fc0]GL ERROR :GL_INVALID_ENUM : glDiscardFramebufferEXT: attachments was GL_COLOR_EXT
06-28 13:16:17.018 26552 26599 E chromium: [ERROR:gles2_cmd_decoder.cc(3852)] [.ChromiumCompositor-0xacbb2fc0]GL ERROR :GL_INVALID_ENUM : glDiscardFramebufferEXT: attachments was GL_COLOR_EXT
06-28 13:16:17.033 26552 26599 E chromium: [ERROR:gles2_cmd_decoder.cc(3852)] [.ChromiumCompositor-0xacbb2fc0]GL ERROR :GL_INVALID_ENUM : glDiscardFramebufferEXT: attachments was GL_COLOR_EXT
06-28 13:16:17.040 26552 26599 E chromium: [ERROR:gles2_cmd_decoder.cc(3852)] [.ChromiumCompositor-0xacbb2fc0]GL ERROR :GL_INVALID_ENUM : glDiscardFramebufferEXT: attachments was GL_COLOR_EXT
06-28 13:16:17.053 26552 26599 E chromium: [ERROR:gles2_cmd_decoder.cc(3852)] [.ChromiumCompositor-0xacbb2fc0]GL ERROR :GL_INVALID_ENUM : glDiscardFramebufferEXT: attachments was GL_COLOR_EXT
06-28 13:16:17.085 26552 26599 E chromium: [ERROR:gles2_cmd_decoder.cc(3852)] [.ChromiumCompositor-0xacbb2fc0]GL ERROR :GL_INVALID_ENUM : glDiscardFramebufferEXT: attachments was GL_COLOR_EXT
06-28 13:16:17.089 26552 26599 E chromium: [ERROR:gles2_cmd_decoder.cc(3852)] [.ChromiumCompositor-0xacbb2fc0]GL ERROR :GL_INVALID_ENUM : glDiscardFramebufferEXT: attachments was GL_COLOR_EXT
06-28 13:16:17.118 26552 26599 E chromium: [ERROR:gles2_cmd_decoder.cc(3852)] [.ChromiumCompositor-0xacbb2fc0]GL ERROR :GL_INVALID_ENUM : glDiscardFramebufferEXT: attachments was GL_COLOR_EXT
06-28 13:16:17.130 26552 26599 E chromium: [ERROR:gles2_cmd_decoder.cc(3852)] [.ChromiumCompositor-0xacbb2fc0]GL ERROR :GL_INVALID_ENUM : glDiscardFramebufferEXT: attachments was GL_COLOR_EXT
06-28 13:16:17.153 26552 26599 E chromium: [ERROR:gles2_cmd_decoder.cc(3852)] [.ChromiumCompositor-0xacbb2fc0]GL ERROR :GL_INVALID_ENUM : glDiscardFramebufferEXT: attachments was GL_COLOR_EXT
06-28 13:16:17.167 26552 26599 E chromium: [ERROR:gles2_cmd_decoder.cc(3852)] [.ChromiumCompositor-0xacbb2fc0]GL ERROR :GL_INVALID_ENUM : glDiscardFramebufferEXT: attachments was GL_COLOR_EXT
06-28 13:16:17.178 26552 26599 E chromium: [ERROR:gles2_cmd_decoder.cc(3852)] [.ChromiumCompositor-0xacbb2fc0]GL ERROR :GL_INVALID_ENUM : glDiscardFramebufferEXT: attachments was GL_COLOR_EXT
06-28 13:16:17.186 26552 26599 E chromium: [ERROR:gles2_cmd_decoder.cc(3852)] [.ChromiumCompositor-0xacbb2fc0]GL ERROR :GL_INVALID_ENUM : glDiscardFramebufferEXT: attachments was GL_COLOR_EXT
06-28 13:16:17.202 26552 26599 E chromium: [ERROR:gles2_cmd_decoder.cc(3852)] [.ChromiumCompositor-0xacbb2fc0]GL ERROR :GL_INVALID_ENUM : glDiscardFramebufferEXT: attachments was GL_COLOR_EXT
06-28 13:16:17.227 26552 26599 E chromium: [ERROR:gles2_cmd_decoder.cc(3852)] [.ChromiumCompositor-0xacbb2fc0]GL ERROR :GL_INVALID_ENUM : glDiscardFramebufferEXT: attachments was GL_COLOR_EXT
06-28 13:16:17.256 26552 26599 E chromium: [ERROR:gles2_cmd_decoder.cc(3852)] [.ChromiumCompositor-0xacbb2fc0]GL ERROR :GL_INVALID_ENUM : glDiscardFramebufferEXT: attachments was GL_COLOR_EXT
06-28 13:16:17.268 26552 26599 E chromium: [ERROR:gles2_cmd_decoder.cc(3852)] [.ChromiumCompositor-0xacbb2fc0]GL ERROR :GL_INVALID_ENUM : glDiscardFramebufferEXT: attachments was GL_COLOR_EXT
06-28 13:16:17.285 26552 26599 E chromium: [ERROR:gles2_cmd_decoder.cc(3852)] [.ChromiumCompositor-0xacbb2fc0]GL ERROR :GL_INVALID_ENUM : glDiscardFramebufferEXT: attachments was GL_COLOR_EXT
06-28 13:16:17.302 26552 26599 E chromium: [ERROR:gles2_cmd_decoder.cc(3852)] [.ChromiumCompositor-0xacbb2fc0]GL ERROR :GL_INVALID_ENUM : glDiscardFramebufferEXT: attachments was GL_COLOR_EXT
06-28 13:16:17.318 26552 26599 E chromium: [ERROR:gles2_cmd_decoder.cc(3852)] [.ChromiumCompositor-0xacbb2fc0]GL ERROR :GL_INVALID_ENUM : glDiscardFramebufferEXT: attachments was GL_COLOR_EXT
06-28 13:16:17.336 26552 26599 E chromium: [ERROR:gles2_cmd_decoder.cc(3852)] [.ChromiumCompositor-0xacbb2fc0]GL ERROR :GL_INVALID_ENUM : glDiscardFramebufferEXT: attachments was GL_COLOR_EXT
06-28 13:16:17.357 26552 26599 E chromium: [ERROR:gles2_cmd_decoder.cc(3852)] [.ChromiumCompositor-0xacbb2fc0]GL ERROR :GL_INVALID_ENUM : glDiscardFramebufferEXT: attachments was GL_COLOR_EXT
06-28 13:16:17.376 26552 26599 E chromium: [ERROR:gles2_cmd_decoder.cc(3852)] [.ChromiumCompositor-0xacbb2fc0]GL ERROR :GL_INVALID_ENUM : glDiscardFramebufferEXT: attachments was GL_COLOR_EXT
06-28 13:16:17.387 26552 26599 E chromium: [ERROR:gles2_cmd_decoder.cc(3852)] [.ChromiumCompositor-0xacbb2fc0]GL ERROR :GL_INVALID_ENUM : glDiscardFramebufferEXT: attachments was GL_COLOR_EXT
06-28 13:16:17.403 26552 26599 E chromium: [ERROR:gles2_cmd_decoder.cc(3852)] [.ChromiumCompositor-0xacbb2fc0]GL ERROR :GL_INVALID_ENUM : glDiscardFramebufferEXT: attachments was GL_COLOR_EXT
06-28 13:16:17.419 26552 26599 E chromium: [ERROR:gles2_cmd_decoder.cc(3852)] [.ChromiumCompositor-0xacbb2fc0]GL ERROR :GL_INVALID_ENUM : glDiscardFramebufferEXT: attachments was GL_COLOR_EXT
06-28 13:16:17.437 26552 26599 E chromium: [ERROR:gles2_cmd_decoder.cc(3852)] [.ChromiumCompositor-0xacbb2fc0]GL ERROR :GL_INVALID_ENUM : glDiscardFramebufferEXT: attachments was GL_COLOR_EXT
06-28 13:16:17.457 26552 26599 E chromium: [ERROR:gles2_cmd_decoder.cc(3852)] [.ChromiumCompositor-0xacbb2fc0]GL ERROR :GL_INVALID_ENUM : glDiscardFramebufferEXT: attachments was GL_COLOR_EXT
06-28 13:16:17.471 26552 26599 E chromium: [ERROR:gles2_cmd_decoder.cc(3852)] [.ChromiumCompositor-0xacbb2fc0]GL ERROR :GL_INVALID_ENUM : glDiscardFramebufferEXT: attachments was GL_COLOR_EXT
06-28 13:16:17.487 26552 26599 E chromium: [ERROR:gles2_cmd_decoder.cc(3852)] [.ChromiumCompositor-0xacbb2fc0]GL ERROR :GL_INVALID_ENUM : glDiscardFramebufferEXT: attachments was GL_COLOR_EXT
06-28 13:16:17.505 26552 26599 E chromium: [ERROR:gles2_cmd_decoder.cc(3852)] [.ChromiumCompositor-0xacbb2fc0]GL ERROR :GL_INVALID_ENUM : glDiscardFramebufferEXT: attachments was GL_COLOR_EXT
06-28 13:16:17.523 26552 26599 E chromium: [ERROR:gles2_cmd_decoder.cc(3852)] [.ChromiumCompositor-0xacbb2fc0]GL ERROR :GL_INVALID_ENUM : glDiscardFramebufferEXT: attachments was GL_COLOR_EXT
06-28 13:16:17.579 26552 26599 E chromium: [ERROR:gles2_cmd_decoder.cc(3852)] [.ChromiumCompositor-0xacbb2fc0]GL ERROR :GL_INVALID_ENUM : glDiscardFramebufferEXT: attachments was GL_COLOR_EXT
06-28 13:16:17.603 26552 26599 E chromium: [ERROR:gles2_cmd_decoder.cc(3852)] [.ChromiumCompositor-0xacbb2fc0]GL ERROR :GL_INVALID_ENUM : glDiscardFramebufferEXT: attachments was GL_COLOR_EXT
06-28 13:16:17.612 26552 26599 E chromium: [ERROR:gles2_cmd_decoder.cc(3852)] [.ChromiumCompositor-0xacbb2fc0]GL ERROR :GL_INVALID_ENUM : glDiscardFramebufferEXT: attachments was GL_COLOR_EXT
06-28 13:16:17.623 26552 26599 E chromium: [ERROR:gles2_cmd_decoder.cc(3852)] [.ChromiumCompositor-0xacbb2fc0]GL ERROR :GL_INVALID_ENUM : glDiscardFramebufferEXT: attachments was GL_COLOR_EXT
06-28 13:16:17.640 26552 26599 E chromium: [ERROR:gles2_cmd_decoder.cc(3852)] [.ChromiumCompositor-0xacbb2fc0]GL ERROR :GL_INVALID_ENUM : glDiscardFramebufferEXT: attachments was GL_COLOR_EXT
06-28 13:16:17.666 26552 26599 E chromium: [ERROR:gles2_cmd_decoder.cc(3852)] [.ChromiumCompositor-0xacbb2fc0]GL ERROR :GL_INVALID_ENUM : glDiscardFramebufferEXT: attachments was GL_COLOR_EXT
06-28 13:16:17.678 26552 26599 E chromium: [ERROR:gles2_cmd_decoder.cc(3852)] [.ChromiumCompositor-0xacbb2fc0]GL ERROR :GL_INVALID_ENUM : glDiscardFramebufferEXT: attachments was GL_COLOR_EXT
06-28 13:16:17.705 26552 26599 E chromium: [ERROR:gles2_cmd_decoder.cc(3852)] [.ChromiumCompositor-0xacbb2fc0]GL ERROR :GL_INVALID_ENUM : glDiscardFramebufferEXT: attachments was GL_COLOR_EXT
06-28 13:16:17.727 26552 26599 E chromium: [ERROR:gles2_cmd_decoder.cc(3852)] [.ChromiumCompositor-0xacbb2fc0]GL ERROR :GL_INVALID_ENUM : glDiscardFramebufferEXT: attachments was GL_COLOR_EXT
06-28 13:16:17.739 26552 26599 E chromium: [ERROR:gles2_cmd_decoder.cc(3852)] [.ChromiumCompositor-0xacbb2fc0]GL ERROR :GL_INVALID_ENUM : glDiscardFramebufferEXT: attachments was GL_COLOR_EXT
06-28 13:16:17.757 26552 26599 E chromium: [ERROR:gles2_cmd_decoder.cc(3852)] [.ChromiumCompositor-0xacbb2fc0]GL ERROR :GL_INVALID_ENUM : glDiscardFramebufferEXT: attachments was GL_COLOR_EXT
06-28 13:16:17.772 26552 26599 E chromium: [ERROR:gles2_cmd_decoder.cc(3852)] [.ChromiumCompositor-0xacbb2fc0]GL ERROR :GL_INVALID_ENUM : glDiscardFramebufferEXT: attachments was GL_COLOR_EXT
06-28 13:16:17.790 26552 26599 E chromium: [ERROR:gles2_cmd_decoder.cc(3852)] [.ChromiumCompositor-0xacbb2fc0]GL ERROR :GL_INVALID_ENUM : glDiscardFramebufferEXT: attachments was GL_COLOR_EXT
06-28 13:16:17.805 26552 26599 E chromium: [ERROR:gles2_cmd_decoder.cc(3852)] [.ChromiumCompositor-0xacbb2fc0]GL ERROR :GL_INVALID_ENUM : glDiscardFramebufferEXT: attachments was GL_COLOR_EXT
06-28 13:16:17.823 26552 26599 E chromium: [ERROR:gles2_cmd_decoder.cc(3852)] [.ChromiumCompositor-0xacbb2fc0]GL ERROR :GL_INVALID_ENUM : glDiscardFramebufferEXT: attachments was GL_COLOR_EXT
06-28 13:16:17.841 26552 26599 E chromium: [ERROR:gles2_cmd_decoder.cc(3852)] [.ChromiumCompositor-0xacbb2fc0]GL ERROR :GL_INVALID_ENUM : glDiscardFramebufferEXT: attachments was GL_COLOR_EXT
06-28 13:16:17.859 26552 26599 E chromium: [ERROR:gles2_cmd_decoder.cc(3852)] [.ChromiumCompositor-0xacbb2fc0]GL ERROR :GL_INVALID_ENUM : glDiscardFramebufferEXT: attachments was GL_COLOR_EXT
06-28 13:16:17.891 26552 26599 E chromium: [ERROR:gles2_cmd_decoder.cc(3852)] [.ChromiumCompositor-0xacbb2fc0]GL ERROR :GL_INVALID_ENUM : glDiscardFramebufferEXT: attachments was GL_COLOR_EXT
06-28 13:16:17.896 26552 26599 E chromium: [ERROR:gles2_cmd_decoder.cc(3852)] [.ChromiumCompositor-0xacbb2fc0]GL ERROR :GL_INVALID_ENUM : glDiscardFramebufferEXT: attachments was GL_COLOR_EXT
06-28 13:16:17.916 26552 26599 E chromium: [ERROR:gles2_cmd_decoder.cc(3852)] [.ChromiumCompositor-0xacbb2fc0]GL ERROR :GL_INVALID_ENUM : glDiscardFramebufferEXT: attachments was GL_COLOR_EXT
06-28 13:16:17.931 26552 26599 E chromium: [ERROR:gles2_cmd_decoder.cc(3852)] [.ChromiumCompositor-0xacbb2fc0]GL ERROR :GL_INVALID_ENUM : glDiscardFramebufferEXT: attachments was GL_COLOR_EXT
06-28 13:16:17.944 26620 26633 E WPROF   : {"Javascript": {"url": "https://3p.ampproject.net/1498506512561/f.js", "requestTime": 16854.999989}}
06-28 13:16:17.945 26552 26599 E chromium: [ERROR:gles2_cmd_decoder.cc(3852)] [.ChromiumCompositor-0xacbb2fc0]GL ERROR :GL_INVALID_ENUM : glDiscardFramebufferEXT: attachments was GL_COLOR_EXT
06-28 13:16:17.960 26552 26599 E chromium: [ERROR:gles2_cmd_decoder.cc(3852)] [.ChromiumCompositor-0xacbb2fc0]GL ERROR :GL_INVALID_ENUM : glDiscardFramebufferEXT: attachments was GL_COLOR_EXT
06-28 13:16:17.974 26552 26599 E chromium: [ERROR:gles2_cmd_decoder.cc(3852)] [.ChromiumCompositor-0xacbb2fc0]GL ERROR :GL_INVALID_ENUM : glDiscardFramebufferEXT: attachments was GL_COLOR_EXT
06-28 13:16:17.988 26552 26599 E chromium: [ERROR:gles2_cmd_decoder.cc(3852)] [.ChromiumCompositor-0xacbb2fc0]GL ERROR :GL_INVALID_ENUM : glDiscardFramebufferEXT: attachments was GL_COLOR_EXT
06-28 13:16:18.005 26552 26599 E chromium: [ERROR:gles2_cmd_decoder.cc(3852)] [.ChromiumCompositor-0xacbb2fc0]GL ERROR :GL_INVALID_ENUM : glDiscardFramebufferEXT: attachments was GL_COLOR_EXT
06-28 13:16:18.024 26552 26599 E chromium: [ERROR:gles2_cmd_decoder.cc(3852)] [.ChromiumCompositor-0xacbb2fc0]GL ERROR :GL_INVALID_ENUM : glDiscardFramebufferEXT: attachments was GL_COLOR_EXT
06-28 13:16:18.044 26552 26599 E chromium: [ERROR:gles2_cmd_decoder.cc(3852)] [.ChromiumCompositor-0xacbb2fc0]GL ERROR :GL_INVALID_ENUM : glDiscardFramebufferEXT: attachments was GL_COLOR_EXT
06-28 13:16:18.060 26552 26599 E chromium: [ERROR:gles2_cmd_decoder.cc(3852)] [.ChromiumCompositor-0xacbb2fc0]GL ERROR :GL_INVALID_ENUM : glDiscardFramebufferEXT: attachments was GL_COLOR_EXT
06-28 13:16:18.075 26552 26599 E chromium: [ERROR:gles2_cmd_decoder.cc(3852)] [.ChromiumCompositor-0xacbb2fc0]GL ERROR :GL_INVALID_ENUM : glDiscardFramebufferEXT: attachments was GL_COLOR_EXT
06-28 13:16:18.098 26552 26599 E chromium: [ERROR:gles2_cmd_decoder.cc(3852)] [.ChromiumCompositor-0xacbb2fc0]GL ERROR :GL_INVALID_ENUM : glDiscardFramebufferEXT: attachments was GL_COLOR_EXT
06-28 13:16:18.109 26552 26599 E chromium: [ERROR:gles2_cmd_decoder.cc(3852)] [.ChromiumCompositor-0xacbb2fc0]GL ERROR :GL_INVALID_ENUM : glDiscardFramebufferEXT: attachments was GL_COLOR_EXT
06-28 13:16:18.127 26552 26599 E chromium: [ERROR:gles2_cmd_decoder.cc(3852)] [.ChromiumCompositor-0xacbb2fc0]GL ERROR :GL_INVALID_ENUM : glDiscardFramebufferEXT: attachments was GL_COLOR_EXT
06-28 13:16:18.142 26552 26599 E chromium: [ERROR:gles2_cmd_decoder.cc(3852)] [.ChromiumCompositor-0xacbb2fc0]GL ERROR :GL_INVALID_ENUM : glDiscardFramebufferEXT: attachments was GL_COLOR_EXT
06-28 13:16:18.159 26552 26599 E chromium: [ERROR:gles2_cmd_decoder.cc(3852)] [.ChromiumCompositor-0xacbb2fc0]GL ERROR :GL_INVALID_ENUM : glDiscardFramebufferEXT: attachments was GL_COLOR_EXT
06-28 13:16:18.174 26552 26599 E chromium: [ERROR:gles2_cmd_decoder.cc(3852)] [.ChromiumCompositor-0xacbb2fc0]GL ERROR :GL_INVALID_ENUM : glDiscardFramebufferEXT: attachments was GL_COLOR_EXT
06-28 13:16:18.191 26552 26599 E chromium: [ERROR:gles2_cmd_decoder.cc(3852)] [.ChromiumCompositor-0xacbb2fc0]GL ERROR :GL_INVALID_ENUM : glDiscardFramebufferEXT: attachments was GL_COLOR_EXT
06-28 13:16:18.211 26552 26599 E chromium: [ERROR:gles2_cmd_decoder.cc(3852)] [.ChromiumCompositor-0xacbb2fc0]GL ERROR :GL_INVALID_ENUM : glDiscardFramebufferEXT: attachments was GL_COLOR_EXT
06-28 13:16:18.226 26552 26599 E chromium: [ERROR:gles2_cmd_decoder.cc(3852)] [.ChromiumCompositor-0xacbb2fc0]GL ERROR :GL_INVALID_ENUM : glDiscardFramebufferEXT: attachments was GL_COLOR_EXT
06-28 13:16:18.242 26552 26599 E chromium: [ERROR:gles2_cmd_decoder.cc(3852)] [.ChromiumCompositor-0xacbb2fc0]GL ERROR :GL_INVALID_ENUM : glDiscardFramebufferEXT: attachments was GL_COLOR_EXT
06-28 13:16:18.258 26552 26599 E chromium: [ERROR:gles2_cmd_decoder.cc(3852)] [.ChromiumCompositor-0xacbb2fc0]GL ERROR :GL_INVALID_ENUM : glDiscardFramebufferEXT: attachments was GL_COLOR_EXT
06-28 13:16:18.290 26552 26599 E chromium: [ERROR:gles2_cmd_decoder.cc(3852)] [.ChromiumCompositor-0xacbb2fc0]GL ERROR :GL_INVALID_ENUM : glDiscardFramebufferEXT: attachments was GL_COLOR_EXT
06-28 13:16:18.299 26552 26599 E chromium: [ERROR:gles2_cmd_decoder.cc(3852)] [.ChromiumCompositor-0xacbb2fc0]GL ERROR :GL_INVALID_ENUM : glDiscardFramebufferEXT: attachments was GL_COLOR_EXT
06-28 13:16:18.310 26552 26599 E chromium: [ERROR:gles2_cmd_decoder.cc(3852)] [.ChromiumCompositor-0xacbb2fc0]GL ERROR :GL_INVALID_ENUM : glDiscardFramebufferEXT: attachments was GL_COLOR_EXT
06-28 13:16:18.328 26552 26599 E chromium: [ERROR:gles2_cmd_decoder.cc(3852)] [.ChromiumCompositor-0xacbb2fc0]GL ERROR :GL_INVALID_ENUM : glDiscardFramebufferEXT: attachments was GL_COLOR_EXT
06-28 13:16:18.342 26552 26599 E chromium: [ERROR:gles2_cmd_decoder.cc(3852)] [.ChromiumCompositor-0xacbb2fc0]GL ERROR :GL_INVALID_ENUM : glDiscardFramebufferEXT: attachments was GL_COLOR_EXT
06-28 13:16:18.358 26552 26599 E chromium: [ERROR:gles2_cmd_decoder.cc(3852)] [.ChromiumCompositor-0xacbb2fc0]GL ERROR :GL_INVALID_ENUM : glDiscardFramebufferEXT: attachments was GL_COLOR_EXT
06-28 13:16:18.374 26552 26599 E chromium: [ERROR:gles2_cmd_decoder.cc(3852)] [.ChromiumCompositor-0xacbb2fc0]GL ERROR :GL_INVALID_ENUM : glDiscardFramebufferEXT: attachments was GL_COLOR_EXT
06-28 13:16:18.391 26552 26599 E chromium: [ERROR:gles2_cmd_decoder.cc(3852)] [.ChromiumCompositor-0xacbb2fc0]GL ERROR :GL_INVALID_ENUM : glDiscardFramebufferEXT: attachments was GL_COLOR_EXT
06-28 13:16:18.408 26552 26599 E chromium: [ERROR:gles2_cmd_decoder.cc(3852)] [.ChromiumCompositor-0xacbb2fc0]GL ERROR :GL_INVALID_ENUM : glDiscardFramebufferEXT: attachments was GL_COLOR_EXT
06-28 13:16:18.426 26552 26599 E chromium: [ERROR:gles2_cmd_decoder.cc(3852)] [.ChromiumCompositor-0xacbb2fc0]GL ERROR :GL_INVALID_ENUM : glDiscardFramebufferEXT: attachments was GL_COLOR_EXT
06-28 13:16:18.445 26552 26599 E chromium: [ERROR:gles2_cmd_decoder.cc(3852)] [.ChromiumCompositor-0xacbb2fc0]GL ERROR :GL_INVALID_ENUM : glDiscardFramebufferEXT: attachments was GL_COLOR_EXT
06-28 13:16:18.454 26620 26633 E WPROF   : {"Javascript": {"url": "https://securepubads.g.doubleclick.net/static/glade.js", "requestTime": 16855.510072}}
06-28 13:16:18.461 26552 26599 E chromium: [ERROR:gles2_cmd_decoder.cc(3852)] [.ChromiumCompositor-0xacbb2fc0]GL ERROR :GL_INVALID_ENUM : glDiscardFramebufferEXT: attachments was GL_COLOR_EXT
06-28 13:16:18.475 26552 26599 E chromium: [ERROR:gles2_cmd_decoder.cc(3852)] [.ChromiumCompositor-0xacbb2fc0]GL ERROR :GL_INVALID_ENUM : glDiscardFramebufferEXT: attachments was GL_COLOR_EXT
06-28 13:16:18.501 26552 26599 E chromium: [ERROR:gles2_cmd_decoder.cc(3852)] [.ChromiumCompositor-0xacbb2fc0]GL ERROR :GL_INVALID_ENUM : glDiscardFramebufferEXT: attachments was GL_COLOR_EXT
06-28 13:16:18.520 26552 26599 E chromium: [ERROR:gles2_cmd_decoder.cc(3852)] [.ChromiumCompositor-0xacbb2fc0]GL ERROR :GL_INVALID_ENUM : glDiscardFramebufferEXT: attachments was GL_COLOR_EXT
06-28 13:16:18.528 26552 26599 E chromium: [ERROR:gles2_cmd_decoder.cc(3852)] [.ChromiumCompositor-0xacbb2fc0]GL ERROR :GL_INVALID_ENUM : glDiscardFramebufferEXT: attachments was GL_COLOR_EXT
06-28 13:16:18.543 26552 26599 E chromium: [ERROR:gles2_cmd_decoder.cc(3852)] [.ChromiumCompositor-0xacbb2fc0]GL ERROR :GL_INVALID_ENUM : glDiscardFramebufferEXT: attachments was GL_COLOR_EXT
06-28 13:16:18.561 26552 26599 E chromium: [ERROR:gles2_cmd_decoder.cc(3852)] [.ChromiumCompositor-0xacbb2fc0]GL ERROR :GL_INVALID_ENUM : glDiscardFramebufferEXT: attachments was GL_COLOR_EXT
06-28 13:16:18.576 26552 26599 E chromium: [ERROR:gles2_cmd_decoder.cc(3852)] [.ChromiumCompositor-0xacbb2fc0]GL ERROR :GL_INVALID_ENUM : glDiscardFramebufferEXT: attachments was GL_COLOR_EXT
06-28 13:16:18.594 26552 26599 E chromium: [ERROR:gles2_cmd_decoder.cc(3852)] [.ChromiumCompositor-0xacbb2fc0]GL ERROR :GL_INVALID_ENUM : glDiscardFramebufferEXT: attachments was GL_COLOR_EXT
06-28 13:16:18.628 26552 26599 E chromium: [ERROR:gles2_cmd_decoder.cc(3852)] [.ChromiumCompositor-0xacbb2fc0]GL ERROR :GL_INVALID_ENUM : glDiscardFramebufferEXT: attachments was GL_COLOR_EXT
06-28 13:16:18.644 26552 26599 E chromium: [ERROR:gles2_cmd_decoder.cc(3852)] [.ChromiumCompositor-0xacbb2fc0]GL ERROR :GL_INVALID_ENUM : glDiscardFramebufferEXT: attachments was GL_COLOR_EXT
06-28 13:16:18.667 26552 26599 E chromium: [ERROR:gles2_cmd_decoder.cc(3852)] [.ChromiumCompositor-0xacbb2fc0]GL ERROR :GL_INVALID_ENUM : glDiscardFramebufferEXT: attachments was GL_COLOR_EXT
06-28 13:16:18.678 26552 26599 E chromium: [ERROR:gles2_cmd_decoder.cc(3852)] [.ChromiumCompositor-0xacbb2fc0]GL ERROR :GL_INVALID_ENUM : glDiscardFramebufferEXT: attachments was GL_COLOR_EXT
06-28 13:16:18.696 26552 26599 E chromium: [ERROR:gles2_cmd_decoder.cc(3852)] [.ChromiumCompositor-0xacbb2fc0]GL ERROR :GL_INVALID_ENUM : glDiscardFramebufferEXT: attachments was GL_COLOR_EXT
06-28 13:16:18.712 26552 26599 E chromium: [ERROR:gles2_cmd_decoder.cc(3852)] [.ChromiumCompositor-0xacbb2fc0]GL ERROR :GL_INVALID_ENUM : glDiscardFramebufferEXT: attachments was GL_COLOR_EXT
06-28 13:16:18.728 26552 26599 E chromium: [ERROR:gles2_cmd_decoder.cc(3852)] [.ChromiumCompositor-0xacbb2fc0]GL ERROR :GL_INVALID_ENUM : glDiscardFramebufferEXT: attachments was GL_COLOR_EXT
06-28 13:16:18.747 26552 26599 E chromium: [ERROR:gles2_cmd_decoder.cc(3852)] [.ChromiumCompositor-0xacbb2fc0]GL ERROR :GL_INVALID_ENUM : glDiscardFramebufferEXT: attachments was GL_COLOR_EXT
06-28 13:16:18.765 26552 26599 E chromium: [ERROR:gles2_cmd_decoder.cc(3852)] [.ChromiumCompositor-0xacbb2fc0]GL ERROR :GL_INVALID_ENUM : glDiscardFramebufferEXT: attachments was GL_COLOR_EXT
06-28 13:16:18.781 26552 26599 E chromium: [ERROR:gles2_cmd_decoder.cc(3852)] [.ChromiumCompositor-0xacbb2fc0]GL ERROR :GL_INVALID_ENUM : glDiscardFramebufferEXT: attachments was GL_COLOR_EXT
06-28 13:16:18.796 26552 26599 E chromium: [ERROR:gles2_cmd_decoder.cc(3852)] [.ChromiumCompositor-0xacbb2fc0]GL ERROR :GL_INVALID_ENUM : glDiscardFramebufferEXT: attachments was GL_COLOR_EXT
06-28 13:16:18.811 26552 26599 E chromium: [ERROR:gles2_cmd_decoder.cc(3852)] [.ChromiumCompositor-0xacbb2fc0]GL ERROR :GL_INVALID_ENUM : glDiscardFramebufferEXT: attachments was GL_COLOR_EXT
06-28 13:16:18.828 26552 26599 E chromium: [ERROR:gles2_cmd_decoder.cc(3852)] [.ChromiumCompositor-0xacbb2fc0]GL ERROR :GL_INVALID_ENUM : glDiscardFramebufferEXT: attachments was GL_COLOR_EXT
06-28 13:16:18.849 26552 26599 E chromium: [ERROR:gles2_cmd_decoder.cc(3852)] [.ChromiumCompositor-0xacbb2fc0]GL ERROR :GL_INVALID_ENUM : glDiscardFramebufferEXT: attachments was GL_COLOR_EXT
06-28 13:16:18.895 26552 26599 E chromium: [ERROR:gles2_cmd_decoder.cc(3852)] [.ChromiumCompositor-0xacbb2fc0]GL ERROR :GL_INVALID_ENUM : glDiscardFramebufferEXT: attachments was GL_COLOR_EXT
06-28 13:16:18.915 26552 26599 E chromium: [ERROR:gles2_cmd_decoder.cc(3852)] [.ChromiumCompositor-0xacbb2fc0]GL ERROR :GL_INVALID_ENUM : glDiscardFramebufferEXT: attachments was GL_COLOR_EXT
06-28 13:16:18.921 26620 26633 E WPROF   : {"Javascript": {"url": "https://securepubads.g.doubleclick.net/static/glade/extra_25.js", "requestTime": 16855.976311}}
06-28 13:16:18.928 26552 26599 E chromium: [ERROR:gles2_cmd_decoder.cc(3852)] [.ChromiumCompositor-0xacbb2fc0]GL ERROR :GL_INVALID_ENUM : glDiscardFramebufferEXT: attachments was GL_COLOR_EXT
06-28 13:16:18.940 26552 26599 E chromium: [ERROR:gles2_cmd_decoder.cc(3852)] [.ChromiumCompositor-0xacbb2fc0]GL ERROR :GL_INVALID_ENUM : glDiscardFramebufferEXT: attachments was GL_COLOR_EXT
06-28 13:16:18.948 26552 26599 E chromium: [ERROR:gles2_cmd_decoder.cc(3852)] [.ChromiumCompositor-0xacbb2fc0]GL ERROR :GL_INVALID_ENUM : glDiscardFramebufferEXT: attachments was GL_COLOR_EXT
06-28 13:16:18.974 26552 26599 E chromium: [ERROR:gles2_cmd_decoder.cc(3852)] [.ChromiumCompositor-0xacbb2fc0]GL ERROR :GL_INVALID_ENUM : glDiscardFramebufferEXT: attachments was GL_COLOR_EXT
06-28 13:16:18.977 26552 26599 E chromium: [ERROR:gles2_cmd_decoder.cc(3852)] [.ChromiumCompositor-0xacbb2fc0]GL ERROR :GL_INVALID_ENUM : glDiscardFramebufferEXT: attachments was GL_COLOR_EXT
06-28 13:16:19.010 26552 26599 E chromium: [ERROR:gles2_cmd_decoder.cc(3852)] [.ChromiumCompositor-0xacbb2fc0]GL ERROR :GL_INVALID_ENUM : glDiscardFramebufferEXT: attachments was GL_COLOR_EXT
06-28 13:16:19.013 26552 26599 E chromium: [ERROR:gles2_cmd_decoder.cc(3852)] [.ChromiumCompositor-0xacbb2fc0]GL ERROR :GL_INVALID_ENUM : glDiscardFramebufferEXT: attachments was GL_COLOR_EXT
06-28 13:16:19.044 26552 26599 E chromium: [ERROR:gles2_cmd_decoder.cc(3852)] [.ChromiumCompositor-0xacbb2fc0]GL ERROR :GL_INVALID_ENUM : glDiscardFramebufferEXT: attachments was GL_COLOR_EXT
06-28 13:16:19.056 26552 26599 E chromium: [ERROR:gles2_cmd_decoder.cc(3852)] [.ChromiumCompositor-0xacbb2fc0]GL ERROR :GL_INVALID_ENUM : glDiscardFramebufferEXT: attachments was GL_COLOR_EXT
06-28 13:16:19.079 26552 26599 E chromium: [ERROR:gles2_cmd_decoder.cc(3852)] [.ChromiumCompositor-0xacbb2fc0]GL ERROR :GL_INVALID_ENUM : glDiscardFramebufferEXT: attachments was GL_COLOR_EXT
06-28 13:16:19.093 26552 26599 E chromium: [ERROR:gles2_cmd_decoder.cc(3852)] [.ChromiumCompositor-0xacbb2fc0]GL ERROR :GL_INVALID_ENUM : glDiscardFramebufferEXT: attachments was GL_COLOR_EXT
06-28 13:16:19.105 26552 26599 E chromium: [ERROR:gles2_cmd_decoder.cc(3852)] [.ChromiumCompositor-0xacbb2fc0]GL ERROR :GL_INVALID_ENUM : glDiscardFramebufferEXT: attachments was GL_COLOR_EXT
06-28 13:16:19.115 26552 26599 E chromium: [ERROR:gles2_cmd_decoder.cc(3852)] [.ChromiumCompositor-0xacbb2fc0]GL ERROR :GL_INVALID_ENUM : glDiscardFramebufferEXT: attachments was GL_COLOR_EXT
06-28 13:16:19.143 26552 26599 E chromium: [ERROR:gles2_cmd_decoder.cc(3852)] [.ChromiumCompositor-0xacbb2fc0]GL ERROR :GL_INVALID_ENUM : glDiscardFramebufferEXT: attachments was GL_COLOR_EXT
06-28 13:16:19.171 26552 26599 E chromium: [ERROR:gles2_cmd_decoder.cc(3852)] [.ChromiumCompositor-0xacbb2fc0]GL ERROR :GL_INVALID_ENUM : glDiscardFramebufferEXT: attachments was GL_COLOR_EXT
06-28 13:16:19.174 26620 26633 E WPROF   : {"Javascript": {"url": "https://tpc.googlesyndication.com/pagead/js/r20170619/r20110914/client/ext/m_window_focus_non_hydra.js", "requestTime": 16856.229466}}
06-28 13:16:19.175 26552 26599 E chromium: [ERROR:gles2_cmd_decoder.cc(3852)] [.ChromiumCompositor-0xacbb2fc0]GL ERROR :GL_INVALID_ENUM : glDiscardFramebufferEXT: attachments was GL_COLOR_EXT
06-28 13:16:19.182 26552 26599 E chromium: [ERROR:gles2_cmd_decoder.cc(3852)] [.ChromiumCompositor-0xacbb2fc0]GL ERROR :GL_INVALID_ENUM : glDiscardFramebufferEXT: attachments was GL_COLOR_EXT
06-28 13:16:19.185 26620 26633 E WPROF   : {"Javascript": {"url": "https://tpc.googlesyndication.com/pagead/js/r20170619/r20110914/activeview/osd_listener.js", "requestTime": 16856.240828}}
06-28 13:16:19.196 26552 26599 E chromium: [ERROR:gles2_cmd_decoder.cc(3852)] [.ChromiumCompositor-0xacbb2fc0]GL ERROR :GL_INVALID_ENUM : glDiscardFramebufferEXT: attachments was GL_COLOR_EXT
06-28 13:16:19.201 26620 26633 E WPROF   : {"Javascript": {"url": "https://pagead2.googlesyndication.com/pagead/osd.js", "requestTime": 16856.257154}}
06-28 13:16:19.226 26552 26599 E chromium: [ERROR:gles2_cmd_decoder.cc(3852)] [.ChromiumCompositor-0xacbb2fc0]GL ERROR :GL_INVALID_ENUM : glDiscardFramebufferEXT: attachments was GL_COLOR_EXT
06-28 13:16:19.229 26552 26599 E chromium: [ERROR:logger.cc(46)] Too many GL errors, not reporting any more for this context. use --disable-gl-error-limit to see all errors.
06-28 13:16:19.752 26620 26633 E WProf.db: {"page": "d-4232858498268831990.ampproject.net_1498506512561_frame.html"}
06-28 13:16:19.752 26620 26633 E WProf.db: {"DOMLoad": 16856.807848}
06-28 13:16:19.752 26620 26633 E WProf.db: {"Resource": {"id": 32, "url": "https://d-4232858498268831990.ampproject.net/1498506512561/frame.html", "sentTime": -1.000000, "len": 375, "from": "0x0", "mimeType": "text/html", "contentLength": -1, "httpStatus": 200, "connId": 368, "connReused": 0, "cached": 0,"requestTime": 16854.556217, "proxyStart": -1, "proxyEnd": -1, "dnsStart": 0, "dnsEnd": 0, "connectStart": 0, "connectEnd": 279, "sendStart": 279, "sendEnd": 279, "receiveHeadersEnd": 379, "sslStart": 60, "sslEnd": 278}}
06-28 13:16:19.752 26620 26633 E WProf.db: {"ReceivedChunk": {"receivedTime": 16854.941849, "len": 375}}
06-28 13:16:19.752 26620 26633 E WProf.db: {"WprofHTMLTag": {"code": "0x9c47c720", "doc": "https://d-4232858498268831990.ampproject.net/1498506512561/frame.html", "row": 1, "column": 6, "tagName": "head", "time": 16854.996963, "url": "", "pos": 1, "chunkLen": 1, "isStartTag": 1}}
06-28 13:16:19.752 26620 26633 E WProf.db: {"WprofHTMLTag": {"code": "0xab113990", "doc": "https://d-4232858498268831990.ampproject.net/1498506512561/frame.html", "row": 2, "column": 22, "tagName": "meta", "time": 16854.997446, "url": "", "pos": 1, "chunkLen": 1, "isStartTag": 1}}
06-28 13:16:19.753 26620 26633 E WProf.db: {"WprofHTMLTag": {"code": "0x9c47c4e0", "doc": "https://d-4232858498268831990.ampproject.net/1498506512561/frame.html", "row": 3, "column": 38, "tagName": "meta", "time": 16854.998721, "url": "", "pos": 1, "chunkLen": 1, "isStartTag": 1}}
06-28 13:16:19.753 26620 26633 E WProf.db: {"WprofHTMLTag": {"code": "0xab1138d0", "doc": "https://d-4232858498268831990.ampproject.net/1498506512561/frame.html", "row": 4, "column": 59, "tagName": "script", "time": 16854.998928, "url": "https://3p.ampproject.net/1498506512561/f.js", "pos": 1, "chunkLen": 1, "isStartTag": 1}}
06-28 13:16:19.753 26620 26633 E WProf.db: {"WprofHTMLTag": {"code": "0xab113810", "doc": "https://d-4232858498268831990.ampproject.net/1498506512561/frame.html", "row": 4, "column": 68, "tagName": "script", "time": 16854.999214, "url": "", "pos": 1, "chunkLen": 1, "isStartTag": 0}}
06-28 13:16:19.753 26620 26633 E WProf.db: {"WprofHTMLTag": {"code": "0x9c47c750", "doc": "https://d-4232858498268831990.ampproject.net/1498506512561/frame.html", "row": 5, "column": 7, "tagName": "head", "time": 16855.492563, "url": "", "pos": 1, "chunkLen": 1, "isStartTag": 0}}
06-28 13:16:19.753 26620 26633 E WProf.db: {"WprofHTMLTag": {"code": "0x9c47c000", "doc": "https://d-4232858498268831990.ampproject.net/1498506512561/frame.html", "row": 6, "column": 23, "tagName": "body", "time": 16855.492598, "url": "", "pos": 1, "chunkLen": 1, "isStartTag": 1}}
06-28 13:16:19.753 26620 26633 E WProf.db: {"WprofHTMLTag": {"code": "0x9c47ca50", "doc": "https://d-4232858498268831990.ampproject.net/1498506512561/frame.html", "row": 7, "column": 69, "tagName": "div", "time": 16855.492908, "url": "", "pos": 1, "chunkLen": 1, "isStartTag": 1}}
06-28 13:16:19.753 26620 26633 E WProf.db: {"WprofHTMLTag": {"code": "0x9c47c9c0", "doc": "https://d-4232858498268831990.ampproject.net/1498506512561/frame.html", "row": 8, "column": 10, "tagName": "script", "time": 16855.493107, "url": "", "pos": 1, "chunkLen": 1, "isStartTag": 1}}
06-28 13:16:19.753 26620 26633 E WProf.db: {"WprofHTMLTag": {"code": "0x9c47c990", "doc": "https://d-4232858498268831990.ampproject.net/1498506512561/frame.html", "row": 8, "column": 27, "tagName": "script", "time": 16855.493272, "url": "https://securepubads.g.doubleclick.net/static/glade.js", "pos": 1, "chunkLen": 1, "isStartTag": 0}}
06-28 13:16:19.753 26620 26633 E WProf.db: {"WprofHTMLTag": {"code": "0xab113a80", "doc": "https://d-4232858498268831990.ampproject.net/1498506512561/frame.html", "row": 9, "column": 6, "tagName": "div", "time": 16855.514841, "url": "", "pos": 1, "chunkLen": 1, "isStartTag": 0}}
06-28 13:16:19.753 26620 26633 E WProf.db: {"WprofHTMLTag": {"code": "0xab113ab0", "doc": "https://d-4232858498268831990.ampproject.net/1498506512561/frame.html", "row": 10, "column": 8, "tagName": "script", "time": 16855.514908, "url": "", "pos": 1, "chunkLen": 1, "isStartTag": 1}}
06-28 13:16:19.753 26620 26633 E WProf.db: {"WprofHTMLTag": {"code": "0x9c47c930", "doc": "https://d-4232858498268831990.ampproject.net/1498506512561/frame.html", "row": 10, "column": 67, "tagName": "script", "time": 16855.515401, "url": "", "pos": 1, "chunkLen": 1, "isStartTag": 0}}
06-28 13:16:19.753 26620 26633 E WProf.db: {"WprofHTMLTag": {"code": "0xab114530", "doc": "https://d-4232858498268831990.ampproject.net/1498506512561/frame.html", "row": 11, "column": 7, "tagName": "body", "time": 16855.520751, "url": "", "pos": 1, "chunkLen": 1, "isStartTag": 0}}
06-28 13:16:19.753 26620 26633 E WProf.db: {"WprofHTMLTag": {"code": "0xab114560", "doc": "https://d-4232858498268831990.ampproject.net/1498506512561/frame.html", "row": 12, "column": 7, "tagName": "html", "time": 16855.520781, "url": "https://securepubads.g.doubleclick.net/static/glade/extra_25.js", "pos": 1, "chunkLen": 1, "isStartTag": 0}}
06-28 13:16:19.754 26620 26633 E WProf.db: {"Resource": {"id": 33, "url": "https://3p.ampproject.net/1498506512561/f.js", "sentTime": -1.000000, "len": 91779, "from": "0xab1138d0", "mimeType": "text/javascript", "contentLength": -1, "httpStatus": 200, "connId": 387, "connReused": 0, "cached": 0,"requestTime": 16855.000947, "proxyStart": -1, "proxyEnd": -1, "dnsStart": 10, "dnsEnd": 10, "connectStart": 0, "connectEnd": 267, "sendStart": 267, "sendEnd": 268, "receiveHeadersEnd": 335, "sslStart": 73, "sslEnd": 267}}
06-28 13:16:19.754 26620 26633 E WProf.db: {"ReceivedChunk": {"receivedTime": 16855.341913, "len": 5555}}
06-28 13:16:19.754 26620 26633 E WProf.db: {"ReceivedChunk": {"receivedTime": 16855.348967, "len": 10727}}
06-28 13:16:19.754 26620 26633 E WProf.db: {"ReceivedChunk": {"receivedTime": 16855.358479, "len": 22019}}
