--------- beginning of system
--------- beginning of main
06-28 12:10:52.946  3449  3449 E Finsky  : [1] com.google.android.finsky.wear.bl.a(3): onConnectionFailed: ConnectionResult{statusCode=API_UNAVAILABLE, resolution=null, message=null}
06-28 12:10:53.990  3170  3170 E chromium: [ERROR:shell_integration_android.cc(12)] Not implemented reached in static ShellIntegration::DefaultWebClientSetPermission ShellIntegration::CanSetAsDefaultBrowser()
06-28 12:10:53.993  3170  3170 E chromium: [ERROR:browser_process_impl.cc(720)] Not implemented reached in virtual BackgroundModeManager* BrowserProcessImpl::background_mode_manager()
06-28 12:10:54.315  3218 10918 E AudioRecord-JNI: Error -4 during AudioRecord native read
06-28 12:10:56.730  3170  3235 E chromium: [ERROR:gles2_cmd_decoder.cc(3852)] [.ChromiumCompositor-0xacbb2fc0]GL ERROR :GL_INVALID_ENUM : glDiscardFramebufferEXT: attachments was GL_COLOR_EXT
06-28 12:10:56.980  3260  3276 E WPROF   : {"CSS": {"url": "http://searchengineland.com/figz/wp-content/themes/searchengineland/css/searchengineland-bootstrap.css", "requestTime": 12934.035489}}
06-28 12:10:56.980  3260  3276 E WPROF   : {"CSS": {"url": "http://fonts.googleapis.com/css?family=Oswald:300,400,700", "requestTime": 12934.035994}}
06-28 12:10:56.981  3260  3276 E WPROF   : {"CSS": {"url": "http://searchengineland.com/figz/wp-content/themes/searchengineland/style.css", "requestTime": 12934.036470}}
06-28 12:10:56.986  3260  3276 E WPROF   : {"Javascript": {"url": "http://searchengineland.com/figz/wp-content/themes/searchengineland/js/lib/modernizr.custom.js?ver=1.0", "requestTime": 12934.041654}}
06-28 12:10:56.986  3260  3276 E WPROF   : {"Javascript": {"url": "http://searchengineland.com/figz/wp-content/themes/searchengineland/js/lib/jquery-1.11.0.min.js?ver=1.11.0", "requestTime": 12934.042172}}
06-28 12:10:56.987  3260  3276 E WPROF   : {"Javascript": {"url": "http://searchengineland.com/figz/wp-content/themes/searchengineland/js/lib/jquery-ui-1.10.3.custom.min.js?ver=1.10.3", "requestTime": 12934.042563}}
06-28 12:10:56.987  3260  3276 E WPROF   : {"Javascript": {"url": "http://searchengineland.com/figz/wp-content/themes/searchengineland/js/lib/jquery.ba-throttle-debounce.min.js?ver=1.1", "requestTime": 12934.042946}}
06-28 12:10:56.988  3260  3276 E WPROF   : {"Javascript": {"url": "http://searchengineland.com/figz/wp-content/themes/searchengineland/js/lib/jquery.countdown.min.js?ver=2.0.4", "requestTime": 12934.043357}}
06-28 12:10:56.988  3260  3276 E WPROF   : {"Javascript": {"url": "http://static.chartbeat.com/js/chartbeat_mab.js", "requestTime": 12934.043911}}
06-28 12:10:57.634  3260  3276 E WPROF   : {"Javascript": {"url": "http://searchengineland.com/figz/wp-includes/js/wp-emoji-release.min.js?ver=4.7.5", "requestTime": 12934.689278}}
06-28 12:10:57.953  3260  3276 E WPROF   : {"Javascript": {"url": "http://www.googletagservices.com/tag/js/gpt.js", "requestTime": 12935.008549}}
06-28 12:10:57.959  3260  3276 E WPROF   : {"Javascript": {"url": "https://www.google-analytics.com/analytics.js", "requestTime": 12935.014709}}
06-28 12:10:57.963  3260  3276 E WPROF   : {"Javascript": {"url": "http://edge.quantserve.com/quant.js", "requestTime": 12935.018572}}
06-28 12:10:57.965  3260  3276 E WPROF   : {"Javascript": {"url": "https://connect.facebook.net/en_US/fbevents.js", "requestTime": 12935.020784}}
06-28 12:10:58.019  3170  3235 E chromium: [ERROR:gles2_cmd_decoder.cc(3852)] [.ChromiumCompositor-0xacbb2fc0]GL ERROR :GL_INVALID_ENUM : glDiscardFramebufferEXT: attachments was GL_COLOR_EXT
06-28 12:10:58.054  3260  3276 E WPROF   : {"Javascript": {"url": "http://app-sj02.marketo.com/js/forms2/js/forms2.min.js", "requestTime": 12935.109304}}
06-28 12:10:58.140  3170  3235 E chromium: [ERROR:gles2_cmd_decoder.cc(3852)] [.ChromiumCompositor-0xacbb2fc0]GL ERROR :GL_INVALID_ENUM : glDiscardFramebufferEXT: attachments was GL_COLOR_EXT
06-28 12:10:58.298  3260  3276 E WPROF   : {"Javascript": {"url": "http://app-sj02.marketo.com/index.php/form/getForm?munchkinId=727-ZQE-044&form=5691&url=http%3A%2F%2Fsearchengineland.com%2F35-ways-improve-seo-sem-performance-smx-advanced-275130&callback=jQuery1102013765230681747198_1498619458215&_=1498619458216", "requestTime": 12935.354133}}
06-28 12:10:58.314  3260  3276 E WPROF   : {"Javascript": {"url": "http://app-sj02.marketo.com/index.php/form/getForm?munchkinId=727-ZQE-044&form=5685&url=http%3A%2F%2Fsearchengineland.com%2F35-ways-improve-seo-sem-performance-smx-advanced-275130&callback=jQuery1102013765230681747198_1498619458217&_=1498619458218", "requestTime": 12935.369898}}
06-28 12:10:58.394  3260  3276 E WPROF   : {"Javascript": {"url": "https://connect.facebook.net/signals/config/423979991297359?v=2.7.17", "requestTime": 12935.450121}}
06-28 12:10:58.647  3260  3276 E WPROF   : {"Javascript": {"url": "http://app-sj02.marketo.com/index.php/form/getForm?munchkinId=727-ZQE-044&form=5673&url=http%3A%2F%2Fsearchengineland.com%2F35-ways-improve-seo-sem-performance-smx-advanced-275130&callback=jQuery1102013765230681747198_1498619458219&_=1498619458220", "requestTime": 12935.702289}}
06-28 12:10:58.654  3260  3276 E WPROF   : {"Javascript": {"url": "http://searchengineland.com/js/ga_social_tracking.js", "requestTime": 12935.709513}}
06-28 12:10:58.655  3260  3276 E WPROF   : {"Javascript": {"url": "http://s7.addthis.com/js/300/addthis_widget.js#pubid=ra-53e918f660794f37", "requestTime": 12935.710369}}
06-28 12:10:58.686  3170  3235 E chromium: [ERROR:gles2_cmd_decoder.cc(3852)] [.ChromiumCompositor-0xacbb2fc0]GL ERROR :GL_INVALID_ENUM : glDiscardFramebufferEXT: attachments was GL_COLOR_EXT
06-28 12:10:58.817  3260  3276 E WPROF   : {"Javascript": {"url": "https://securepubads.g.doubleclick.net/gpt/pubads_impl_121.js", "requestTime": 12935.872646}}
06-28 12:10:59.041  3170  3235 E chromium: [ERROR:gles2_cmd_decoder.cc(3852)] [.ChromiumCompositor-0xacbb2fc0]GL ERROR :GL_INVALID_ENUM : glDiscardFramebufferEXT: attachments was GL_COLOR_EXT
06-28 12:10:59.081  3260  3276 E WPROF   : {"CSS": {"url": "http://app-sj02.marketo.com/js/forms2/css/forms2.css", "requestTime": 12936.136179}}
06-28 12:10:59.084  3260  3276 E WPROF   : {"CSS": {"url": "http://app-sj02.marketo.com/js/forms2/css/forms2-theme-simple.css", "requestTime": 12936.140081}}
06-28 12:10:59.340  3170  3235 E chromium: [ERROR:gles2_cmd_decoder.cc(3852)] [.ChromiumCompositor-0xacbb2fc0]GL ERROR :GL_INVALID_ENUM : glDiscardFramebufferEXT: attachments was GL_COLOR_EXT
06-28 12:10:59.452  3260  3276 E WPROF   : {"Javascript": {"url": "http://cdn.api.twitter.com/1/users/show.json?screen_name=sengineland&callback=twttr.setFollowersCount", "requestTime": 12936.508204}}
06-28 12:10:59.536   862  1657 E LocSvc_IzatApiV02: E/virtual int izat_core::IzatApiV02::getBatchSize(int32_t):522]: Error : st = 4, ind.status = -1628389555
06-28 12:10:59.536   862  1657 E LocSvc_IzatApiV02: E/virtual int izat_core::IzatApiV02::getBatchSize(int32_t):535]: get batching size failed.Or modem does not support batching 
06-28 12:10:59.545   862  1657 E LocSvc_IzatApiV02: E/virtual int izat_core::IzatApiV02::getBatchSize(int32_t):522]: Error : st = 4, ind.status = -1628389555
06-28 12:10:59.545   862  1657 E LocSvc_IzatApiV02: E/virtual int izat_core::IzatApiV02::getBatchSize(int32_t):535]: get batching size failed.Or modem does not support batching 
06-28 12:10:59.578   862  1657 E LocSvc_IzatApiV02: E/virtual int izat_core::IzatApiV02::getBatchSize(int32_t):522]: Error : st = 4, ind.status = -1628389555
06-28 12:10:59.578   862  1657 E LocSvc_IzatApiV02: E/virtual int izat_core::IzatApiV02::getBatchSize(int32_t):535]: get batching size failed.Or modem does not support batching 
06-28 12:10:59.587   862  1657 E LocSvc_IzatApiV02: E/virtual int izat_core::IzatApiV02::getBatchSize(int32_t):522]: Error : st = 4, ind.status = -1628389555
06-28 12:10:59.587   862  1657 E LocSvc_IzatApiV02: E/virtual int izat_core::IzatApiV02::getBatchSize(int32_t):535]: get batching size failed.Or modem does not support batching 
06-28 12:10:59.943  3260  3276 E WPROF   : {"Javascript": {"url": "http://platform.twitter.com/widgets.js", "requestTime": 12936.999217}}
06-28 12:10:59.945  3260  3276 E WPROF   : {"Javascript": {"url": "http://connect.facebook.net/en_US/sdk.js", "requestTime": 12937.000981}}
06-28 12:10:59.947  3260  3276 E WPROF   : {"Javascript": {"url": "https://apis.google.com/js/platform.js", "requestTime": 12937.003206}}
06-28 12:10:59.967  3260  3276 E WPROF   : {"Javascript": {"url": "http://rules.quantcount.com/rules-p-5aGizvD82d9hk.js", "requestTime": 12937.022948}}
06-28 12:10:59.971  3260  3276 E WPROF   : {"Javascript": {"url": "http://munchkin.marketo.net/munchkin.js", "requestTime": 12937.026667}}
06-28 12:10:59.991  3260  3276 E WPROF   : {"Javascript": {"url": "https://static.xx.fbcdn.net/rsrc.php/v3iy6L4/yk/l/ko_KR/be4fIjHRc8P.js", "requestTime": 12937.046551}}
06-28 12:11:00.198  3260  3276 E WPROF   : {"Javascript": {"url": "http://dnn506yrbagrg.cloudfront.net/pages/scripts/0026/4062.js?416283", "requestTime": 12937.253834}}
06-28 12:11:00.715  3260  3276 E WPROF   : {"Javascript": {"url": "https://securepubads.g.doubleclick.net/gampad/ads?gdfp_req=1&correlator=1438740919615488&output=json_html&callback=googletag.impl.pubads.callbackProxy1&impl=fifs&json_a=1&eid=108809080%2C108809103&sc=0&sfv=1-0-9&iu_parts=1038259%2Csel-ciu-1%2Csel-ciu-2%2Csel-ciu-3%2Csel-ciu-4%2Csel-ciu-5%2Cch-indust", "requestTime": 12937.770608}}
06-28 12:11:00.812  3260  3276 E WPROF   : {"Javascript": {"url": "http://d2j3qa5nc37287.cloudfront.net/coupon_code1.js", "requestTime": 12937.867448}}
06-28 12:11:00.850  3170  3235 E chromium: [ERROR:gles2_cmd_decoder.cc(3852)] [.ChromiumCompositor-0xacbb2fc0]GL ERROR :GL_INVALID_ENUM : glDiscardFramebufferEXT: attachments was GL_COLOR_EXT
06-28 12:11:00.883  3260  3276 E WPROF   : {"Javascript": {"url": "http://www.googleadservices.com/pagead/conversion.js", "requestTime": 12937.938552}}
06-28 12:11:00.884  3260  3276 E WPROF   : {"Javascript": {"url": "http://searchengineland.com/figz/wp-content/themes/searchengineland/js/script.js?ver=1.0", "requestTime": 12937.939524}}
06-28 12:11:00.884  3260  3276 E WPROF   : {"Javascript": {"url": "http://searchengineland.com/figz/wp-includes/js/wp-embed.min.js?ver=4.7.5", "requestTime": 12937.940060}}
06-28 12:11:00.885  3260  3276 E WPROF   : {"Javascript": {"url": "http://searchengineland.com/figz/wp-content/themes/searchengineland/js/modules/sharing_controls.js", "requestTime": 12937.940848}}
06-28 12:11:01.054  3260  3276 E WPROF   : {"CSS": {"url": "https://www.youtube.com/yts/cssbin/www-embed-player-sprite-mode-vfl5G4Xm8.css", "requestTime": 12938.109512}}
06-28 12:11:01.055  3260  3276 E WPROF   : {"Javascript": {"url": "https://www.youtube.com/yts/jsbin/www-embed-player-vfl_UY_j8/www-embed-player.js", "requestTime": 12938.111009}}
06-28 12:11:01.056  3260  3276 E WPROF   : {"Javascript": {"url": "https://www.youtube.com/yts/jsbin/player-vflo1w4O-/ko_KR/base.js", "requestTime": 12938.111619}}
06-28 12:11:01.098  3170  3235 E chromium: [ERROR:gles2_cmd_decoder.cc(3852)] [.ChromiumCompositor-0xacbb2fc0]GL ERROR :GL_INVALID_ENUM : glDiscardFramebufferEXT: attachments was GL_COLOR_EXT
06-28 12:11:01.529  3170  3235 E chromium: [ERROR:gles2_cmd_decoder.cc(3852)] [.ChromiumCompositor-0xacbb2fc0]GL ERROR :GL_INVALID_ENUM : glDiscardFramebufferEXT: attachments was GL_COLOR_EXT
06-28 12:11:01.978  3260  3276 E WPROF   : {"Javascript": {"url": "http://m.addthisedge.com/live/boost/ra-53e918f660794f37/_ate.track.config_resp", "requestTime": 12939.033424}}
06-28 12:11:02.034  3260  3276 E WPROF   : {"Javascript": {"url": "http://m.addthis.com/live/red_lojson/300lo.json?si=59531e43d8432480&bkl=0&bl=1&pdt=2033&sid=59531e43d8432480&pub=ra-53e918f660794f37&rev=v7.15.4-wp&ln=ko&pc=men&cb=0&ab=-&dp=searchengineland.com&fp=35-ways-improve-seo-sem-performance-smx-advanced-275130&fr=&of=0&pd=0&irt=0&vcl=0&md=0&ct=1&tct=0&abt=", "requestTime": 12939.089922}}
06-28 12:11:02.154  3170  3235 E chromium: [ERROR:gles2_cmd_decoder.cc(3852)] [.ChromiumCompositor-0xacbb2fc0]GL ERROR :GL_INVALID_ENUM : glDiscardFramebufferEXT: attachments was GL_COLOR_EXT
06-28 12:11:03.196  3260  3276 E WPROF   : {"Javascript": {"url": "https://www.google.com/js/bg/KWBfAnWFESAEEaKKgdYlTHY9ysQaNoQuzeMFqvxDSM8.js", "requestTime": 12940.252051}}
06-28 12:11:03.199  3260  3276 E WPROF   : {"Javascript": {"url": "https://static.doubleclick.net/instream/ad_status.js", "requestTime": 12940.254634}}
06-28 12:11:03.416  3170  3235 E chromium: [ERROR:gles2_cmd_decoder.cc(3852)] [.ChromiumCompositor-0xacbb2fc0]GL ERROR :GL_INVALID_ENUM : glDiscardFramebufferEXT: attachments was GL_COLOR_EXT
06-28 12:11:04.071  3170  3235 E chromium: [ERROR:gles2_cmd_decoder.cc(3852)] [.ChromiumCompositor-0xacbb2fc0]GL ERROR :GL_INVALID_ENUM : glDiscardFramebufferEXT: attachments was GL_COLOR_EXT
06-28 12:11:04.437  3170  3235 E chromium: [ERROR:gles2_cmd_decoder.cc(3852)] [.ChromiumCompositor-0xacbb2fc0]GL ERROR :GL_INVALID_ENUM : glDiscardFramebufferEXT: attachments was GL_COLOR_EXT
06-28 12:11:05.349  3260  3276 E WPROF   : {"Javascript": {"url": "https://platform.twitter.com/js/button.b731e6c82269f70f6fc53634e044a4c6.js", "requestTime": 12942.404694}}
06-28 12:11:05.354  3260  3276 E WPROF   : {"Javascript": {"url": "http://munchkin.marketo.net/151/munchkin.js", "requestTime": 12942.409718}}
06-28 12:11:05.419  3260  3276 E WPROF   : {"Javascript": {"url": "http://www.justuno.com/ajax/account_version_check.html?id=828FA275-FF73-401E-AA39-40F5A6FAB6B1", "requestTime": 12942.474582}}
06-28 12:11:05.462  3260  3276 E WPROF   : {"Javascript": {"url": "https://tpc.googlesyndication.com/pagead/js/r20170619/r20110914/client/ext/m_window_focus_non_hydra.js", "requestTime": 12942.517730}}
06-28 12:11:05.464  3260  3276 E WPROF   : {"Javascript": {"url": "https://tpc.googlesyndication.com/pagead/js/r20170619/r20110914/activeview/osd_listener.js", "requestTime": 12942.519326}}
06-28 12:11:05.468  3260  3276 E WPROF   : {"Javascript": {"url": "http://pagead2.googlesyndication.com/pagead/osd.js", "requestTime": 12942.524123}}
06-28 12:11:05.786  3260  3276 E WPROF   : {"Javascript": {"url": "http://s7.addthis.com/static/layers.4acb6c577b51939661ec.js", "requestTime": 12942.841607}}
06-28 12:11:05.844  3170  3235 E chromium: [ERROR:gles2_cmd_decoder.cc(3852)] [.ChromiumCompositor-0xacbb2fc0]GL ERROR :GL_INVALID_ENUM : glDiscardFramebufferEXT: attachments was GL_COLOR_EXT
06-28 12:11:06.095  3170  3235 E chromium: [ERROR:gles2_cmd_decoder.cc(3852)] [.ChromiumCompositor-0xacbb2fc0]GL ERROR :GL_INVALID_ENUM : glDiscardFramebufferEXT: attachments was GL_COLOR_EXT
06-28 12:11:06.187  3170  3235 E chromium: [ERROR:gles2_cmd_decoder.cc(3852)] [.ChromiumCompositor-0xacbb2fc0]GL ERROR :GL_INVALID_ENUM : glDiscardFramebufferEXT: attachments was GL_COLOR_EXT
06-28 12:11:06.339  3170  3235 E chromium: [ERROR:gles2_cmd_decoder.cc(3852)] [.ChromiumCompositor-0xacbb2fc0]GL ERROR :GL_INVALID_ENUM : glDiscardFramebufferEXT: attachments was GL_COLOR_EXT
06-28 12:11:06.386  3260  3276 E WPROF   : {"Javascript": {"url": "https://app-sj02.marketo.com/js/forms2/js/forms2.min.js", "requestTime": 12943.441900}}
06-28 12:11:06.476  3170  3235 E chromium: [ERROR:gles2_cmd_decoder.cc(3852)] [.ChromiumCompositor-0xacbb2fc0]GL ERROR :GL_INVALID_ENUM : glDiscardFramebufferEXT: attachments was GL_COLOR_EXT
06-28 12:11:08.556  3260  3276 E WPROF   : {"Javascript": {"url": "http://cdn.justuno.com/mwgt_3.6.js", "requestTime": 12945.611997}}
06-28 12:11:08.815  3170  3235 E chromium: [ERROR:gles2_cmd_decoder.cc(3852)] [.ChromiumCompositor-0xacbb2fc0]GL ERROR :GL_INVALID_ENUM : glDiscardFramebufferEXT: attachments was GL_COLOR_EXT
06-28 12:11:09.645  3170  3235 E chromium: [ERROR:gles2_cmd_decoder.cc(3852)] [.ChromiumCompositor-0xacbb2fc0]GL ERROR :GL_INVALID_ENUM : glDiscardFramebufferEXT: attachments was GL_COLOR_EXT
06-28 12:11:09.661  3260  3276 E WProf.db: {"page": "searchengineland.com_35-ways-improve-seo-sem-performance-smx-advanced-275130"}
06-28 12:11:09.661  3260  3276 E WProf.db: {"DOMLoad": 12946.716656}
06-28 12:11:09.661  3260  3276 E WProf.db: {"Resource": {"id": 1, "url": "http://searchengineland.com/35-ways-improve-seo-sem-performance-smx-advanced-275130", "sentTime": -1.000000, "len": 94192, "from": "0x0", "mimeType": "text/html", "contentLength": -1, "httpStatus": 200, "connId": 20, "connReused": 1, "cached": 0,"requestTime": 12933.683364, "proxyStart": -1, "proxyEnd": -1, "dnsStart": -1, "dnsEnd": -1, "connectStart": 0, "connectEnd": 101, "sendStart": 101, "sendEnd": 102, "receiveHeadersEnd": 255, "sslStart": -1, "sslEnd": -1}}
06-28 12:11:09.661  3260  3276 E WProf.db: {"ReceivedChunk": {"receivedTime": 12933.958518, "len": 7823}}
06-28 12:11:09.661  3260  3276 E WProf.db: {"ReceivedChunk": {"receivedTime": 12934.027411, "len": 32768}}
06-28 12:11:09.661  3260  3276 E WProf.db: {"ReceivedChunk": {"receivedTime": 12934.027624, "len": 32615}}
06-28 12:11:09.662  3260  3276 E WProf.db: {"ReceivedChunk": {"receivedTime": 12934.087110, "len": 19511}}
06-28 12:11:09.663  3260  3276 E WProf.db: {"ReceivedChunk": {"receivedTime": 12934.087837, "len": 1475}}
06-28 12:11:09.663  3260  3276 E WProf.db: {"WprofHTMLTag": {"code": "0xaedda570", "doc": "http://searchengineland.com/35-ways-improve-seo-sem-performance-smx-advanced-275130", "row": 6, "column": 42, "tagName": "html", "time": 12934.029046, "url": "", "pos": 1, "chunkLen": 1, "isStartTag": 1}}
06-28 12:11:09.663  3260  3276 E WProf.db: {"WprofHTMLTag": {"code": "0xaf047730", "doc": "http://searchengineland.com/35-ways-improve-seo-sem-performance-smx-advanced-275130", "row": 7, "column": 6, "tagName": "head", "time": 12934.029297, "url": "", "pos": 1, "chunkLen": 1, "isStartTag": 1}}
06-28 12:11:09.663  3260  3276 E WProf.db: {"WprofHTMLTag": {"code": "0xaf047820", "doc": "http://searchengineland.com/35-ways-improve-seo-sem-performance-smx-advanced-275130", "row": 8, "column": 54, "tagName": "meta", "time": 12934.029344, "url": "", "pos": 1, "chunkLen": 1, "isStartTag": 1}}
06-28 12:11:09.663  3260  3276 E WProf.db: {"WprofHTMLTag": {"code": "0xaf047850", "doc": "http://searchengineland.com/35-ways-improve-seo-sem-performance-smx-advanced-275130", "row": 9, "column": 68, "tagName": "meta", "time": 12934.029490, "url": "", "pos": 1, "chunkLen": 1, "isStartTag": 1}}
06-28 12:11:09.663  3260  3276 E WProf.db: {"WprofHTMLTag": {"code": "0xaf047880", "doc": "http://searchengineland.com/35-ways-improve-seo-sem-performance-smx-advanced-275130", "row": 10, "column": 23, "tagName": "meta", "time": 12934.029604, "url": "", "pos": 1, "chunkLen": 1, "isStartTag": 1}}
06-28 12:11:09.663  3260  3276 E WProf.db: {"WprofHTMLTag": {"code": "0xaf0478b0", "doc": "http://searchengineland.com/35-ways-improve-seo-sem-performance-smx-advanced-275130", "row": 11, "column": 52, "tagName": "meta", "time": 12934.029736, "url": "", "pos": 1, "chunkLen": 1, "isStartTag": 1}}
06-28 12:11:09.663  3260  3276 E WProf.db: {"WprofHTMLTag": {"code": "0xaf0478e0", "doc": "http://searchengineland.com/35-ways-improve-seo-sem-performance-smx-advanced-275130", "row": 14, "column": 56, "tagName": "meta", "time": 12934.029873, "url": "", "pos": 1, "chunkLen": 1, "isStartTag": 1}}
06-28 12:11:09.664  3260  3276 E WProf.db: {"WprofHTMLTag": {"code": "0xaf047910", "doc": "http://searchengineland.com/35-ways-improve-seo-sem-performance-smx-advanced-275130", "row": 15, "column": 83, "tagName": "meta", "time": 12934.029992, "url": "", "pos": 1, "chunkLen": 1, "isStartTag": 1}}
06-28 12:11:09.664  3260  3276 E WProf.db: {"WprofHTMLTag": {"code": "0xaf047940", "doc": "http://searchengineland.com/35-ways-improve-seo-sem-performance-smx-advanced-275130", "row": 16, "column": 57, "tagName": "meta", "time": 12934.030394, "url": "", "pos": 1, "chunkLen": 1, "isStartTag": 1}}
06-28 12:11:09.664  3260  3276 E WProf.db: {"WprofHTMLTag": {"code": "0xaf0479d0", "doc": "http://searchengineland.com/35-ways-improve-seo-sem-performance-smx-advanced-275130", "row": 17, "column": 41, "tagName": "meta", "time": 12934.030505, "url": "", "pos": 1, "chunkLen": 1, "isStartTag": 1}}
06-28 12:11:09.664  3260  3276 E WProf.db: {"WprofHTMLTag": {"code": "0xaf047a00", "doc": "http://searchengineland.com/35-ways-improve-seo-sem-performance-smx-advanced-275130", "row": 18, "column": 50, "tagName": "meta", "time": 12934.030612, "url": "", "pos": 1, "chunkLen": 1, "isStartTag": 1}}
06-28 12:11:09.664  3260  3276 E WProf.db: {"WprofHTMLTag": {"code": "0xaf047a30", "doc": "http://searchengineland.com/35-ways-improve-seo-sem-performance-smx-advanced-275130", "row": 19, "column": 174, "tagName": "meta", "time": 12934.030716, "url": "", "pos": 1, "chunkLen": 1, "isStartTag": 1}}
06-28 12:11:09.664  3260  3276 E WProf.db: {"WprofHTMLTag": {"code": "0xaf0479a0", "doc": "http://searchengineland.com/35-ways-improve-seo-sem-performance-smx-advanced-275130", "row": 20, "column": 47, "tagName": "meta", "time": 12934.030822, "url": "", "pos": 1, "chunkLen": 1, "isStartTag": 1}}
06-28 12:11:09.664  3260  3276 E WProf.db: {"WprofHTMLTag": {"code": "0xaf047970", "doc": "http://searchengineland.com/35-ways-improve-seo-sem-performance-smx-advanced-275130", "row": 21, "column": 67, "tagName": "meta", "time": 12934.030928, "url": "", "pos": 1, "chunkLen": 1, "isStartTag": 1}}
06-28 12:11:09.664  3260  3276 E WProf.db: {"WprofHTMLTag": {"code": "0xaf047a60", "doc": "http://searchengineland.com/35-ways-improve-seo-sem-performance-smx-advanced-275130", "row": 22, "column": 57, "tagName": "meta", "time": 12934.031040, "url": "", "pos": 1, "chunkLen": 1, "isStartTag": 1}}
06-28 12:11:09.665  3260  3276 E WProf.db: {"WprofHTMLTag": {"code": "0xaf047a90", "doc": "http://searchengineland.com/35-ways-improve-seo-sem-performance-smx-advanced-275130", "row": 23, "column": 65, "tagName": "meta", "time": 12934.031150, "url": "", "pos": 1, "chunkLen": 1, "isStartTag": 1}}
06-28 12:11:09.665  3260  3276 E WProf.db: {"WprofHTMLTag": {"code": "0xaf047ac0", "doc": "http://searchengineland.com/35-ways-improve-seo-sem-performance-smx-advanced-275130", "row": 24, "column": 55, "tagName": "meta", "time": 12934.031258, "url": "", "pos": 1, "chunkLen": 1, "isStartTag": 1}}
06-28 12:11:09.665  3260  3276 E WProf.db: {"WprofHTMLTag": {"code": "0xaf047af0", "doc": "http://searchengineland.com/35-ways-improve-seo-sem-performance-smx-advanced-275130", "row": 25, "column": 71, "tagName": "meta", "time": 12934.031367, "url": "", "pos": 1, "chunkLen": 1, "isStartTag": 1}}
06-28 12:11:09.665  3260  3276 E WProf.db: {"WprofHTMLTag": {"code": "0xaf047b20", "doc": "http://searchengineland.com/35-ways-improve-seo-sem-performance-smx-advanced-275130", "row": 26, "column": 86, "tagName": "meta", "time": 12934.031473, "url": "", "pos": 1, "chunkLen": 1, "isStartTag": 1}}
06-28 12:11:09.665  3260  3276 E WProf.db: {"WprofHTMLTag": {"code": "0xaf047b50", "doc": "http://searchengineland.com/35-ways-improve-seo-sem-performance-smx-advanced-275130", "row": 27, "column": 54, "tagName": "meta", "time": 12934.031573, "url": "", "pos": 1, "chunkLen": 1, "isStartTag": 1}}
06-28 12:11:09.665  3260  3276 E WProf.db: {"WprofHTMLTag": {"code": "0xaf047b80", "doc": "http://searchengineland.com/35-ways-improve-seo-sem-performance-smx-advanced-275130", "row": 29, "column": 39, "tagName": "meta", "time": 12934.031681, "url": "", "pos": 1, "chunkLen": 1, "isStartTag": 1}}
06-28 12:11:09.665  3260  3276 E WProf.db: {"WprofHTMLTag": {"code": "0xaf047bb0", "doc": "http://searchengineland.com/35-ways-improve-seo-sem-performance-smx-advanced-275130", "row": 30, "column": 178, "tagName": "meta", "time": 12934.031787, "url": "", "pos": 1, "chunkLen": 1, "isStartTag": 1}}
06-28 12:11:09.666  3260  3276 E WProf.db: {"WprofHTMLTag": {"code": "0xaf047be0", "doc": "http://searchengineland.com/35-ways-improve-seo-sem-performance-smx-advanced-275130", "row": 31, "column": 55, "tagName": "meta", "time": 12934.031891, "url": "", "pos": 1, "chunkLen": 1, "isStartTag": 1}}
06-28 12:11:09.666  3260  3276 E WProf.db: {"WprofHTMLTag": {"code": "0xaf047c10", "doc": "http://searchengineland.com/35-ways-improve-seo-sem-performance-smx-advanced-275130", "row": 32, "column": 54, "tagName": "meta", "time": 12934.032004, "url": "", "pos": 1, "chunkLen": 1, "isStartTag": 1}}
06-28 12:11:09.666  3260  3276 E WProf.db: {"WprofHTMLTag": {"code": "0xaf047c40", "doc": "http://searchengineland.com/35-ways-improve-seo-sem-performance-smx-advanced-275130", "row": 33, "column": 150, "tagName": "meta", "time": 12934.032113, "url": "", "pos": 1, "chunkLen": 1, "isStartTag": 1}}
06-28 12:11:09.666  3260  3276 E WProf.db: {"WprofHTMLTag": {"code": "0xaf047c70", "doc": "http://searchengineland.com/35-ways-improve-seo-sem-performance-smx-advanced-275130", "row": 37, "column": 36, "tagName": "script", "time": 12934.032213, "url": "", "pos": 1, "chunkLen": 1, "isStartTag": 1}}
06-28 12:11:09.666  3260  3276 E WProf.db: {"WprofHTMLTag": {"code": "0xaf047ca0", "doc": "http://searchengineland.com/35-ways-improve-seo-sem-performance-smx-advanced-275130", "row": 53, "column": 10, "tagName": "script", "time": 12934.032453, "url": "", "pos": 1, "chunkLen": 1, "isStartTag": 0}}
06-28 12:11:09.666  3260  3276 E WProf.db: {"WprofHTMLTag": {"code": "0xaedda660", "doc": "http://searchengineland.com/35-ways-improve-seo-sem-performance-smx-advanced-275130", "row": 55, "column": 86, "tagName": "link", "time": 12934.034171, "url": "http://searchengineland.com/apple-touch-icon.png", "pos": 1, "chunkLen": 1, "isStartTag": 1}}
06-28 12:11:09.666  3260  3276 E WProf.db: {"WprofHTMLTag": {"code": "0xaf047cd0", "doc": "http://searchengineland.com/35-ways-improve-seo-sem-performance-smx-advanced-275130", "row": 56, "column": 76, "tagName": "link", "time": 12934.034465, "url": "http://searchengineland.com/favicon.ico", "pos": 1, "chunkLen": 1, "isStartTag": 1}}
06-28 12:11:09.666  3260  3276 E WProf.db: {"WprofHTMLTag": {"code": "0xaf047d00", "doc": "http://searchengineland.com/35-ways-improve-seo-sem-performance-smx-advanced-275130", "row": 57, "column": 158, "tagName": "link", "time": 12934.034653, "url": "http://feeds.searchengineland.com/searchengineland", "pos": 1, "chunkLen": 1, "isStartTag": 1}}
06-28 12:11:09.667  3260  3276 E WProf.db: {"WprofHTMLTag": {"code": "0xaf047d30", "doc": "http://searchengineland.com/35-ways-improve-seo-sem-performance-smx-advanced-275130", "row": 58, "column": 149, "tagName": "link", "time": 12934.034913, "url": "http://feeds.searchengineland.com/searchcap", "pos": 1, "chunkLen": 1, "isStartTag": 1}}
06-28 12:11:09.667  3260  3276 E WProf.db: {"WprofHTMLTag": {"code": "0xaf047d60", "doc": "http://searchengineland.com/35-ways-improve-seo-sem-performance-smx-advanced-275130", "row": 59, "column": 150, "tagName": "link", "time": 12934.035198, "url": "http://searchengineland.com/figz/wp-content/themes/searchengineland/css/searchengineland-bootstrap.css", "pos": 1, "chunkLen": 1, "isStartTag": 1}}
06-28 12:11:09.667  3260  3276 E WProf.db: {"WprofHTMLTag": {"code": "0xaf047dc0", "doc": "http://searchengineland.com/35-ways-improve-seo-sem-performance-smx-advanced-275130", "row": 60, "column": 105, "tagName": "link", "time": 12934.035737, "url": "http://fonts.googleapis.com/css?family=Oswald:300,400,700", "pos": 1, "chunkLen": 1, "isStartTag": 1}}
06-28 12:11:09.667  3260  3276 E WProf.db: {"WprofHTMLTag": {"code": "0xaf047e20", "doc": "http://searchengineland.com/35-ways-improve-seo-sem-performance-smx-advanced-275130", "row": 61, "column": 125, "tagName": "link", "time": 12934.036194, "url": "http://searchengineland.com/figz/wp-content/themes/searchengineland/style.css", "pos": 1, "chunkLen": 1, "isStartTag": 1}}
06-28 12:11:09.667  3260  3276 E WProf.db: {"WprofHTMLTag": {"code": "0xaf047e80", "doc": "http://searchengineland.com/35-ways-improve-seo-sem-performance-smx-advanced-275130", "row": 65, "column": 7, "tagName": "title", "time": 12934.036665, "url": "", "pos": 1, "chunkLen": 1, "isStartTag": 1}}
06-28 12:11:09.667  3260  3276 E WProf.db: {"WprofHTMLTag": {"code": "0xaf047eb0", "doc": "http://searchengineland.com/35-ways-improve-seo-sem-performance-smx-advanced-275130", "row": 65, "column": 81, "tagName": "title", "time": 12934.036758, "url": "", "pos": 1, "chunkLen": 1, "isStartTag": 0}}
06-28 12:11:09.667  3260  3276 E WProf.db: {"WprofHTMLTag": {"code": "0xaf047ee0", "doc": "http://searchengineland.com/35-ways-improve-seo-sem-performance-smx-advanced-275130", "row": 66, "column": 192, "tagName": "meta", "time": 12934.036776, "url": "", "pos": 1, "chunkLen": 1, "isStartTag": 1}}
06-28 12:11:09.667  3260  3276 E WProf.db: {"WprofHTMLTag": {"code": "0xaf047f10", "doc": "http://searchengineland.com/35-ways-improve-seo-sem-performance-smx-advanced-275130", "row": 67, "column": 40, "tagName": "meta", "time": 12934.036895, "url": "", "pos": 1, "chunkLen": 1, "isStartTag": 1}}
06-28 12:11:09.668  3260  3276 E WProf.db: {"WprofHTMLTag": {"code": "0xaf047f40", "doc": "http://searchengineland.com/35-ways-improve-seo-sem-performance-smx-advanced-275130", "row": 68, "column": 125, "tagName": "meta", "time": 12934.037001, "url": "", "pos": 1, "chunkLen": 1, "isStartTag": 1}}
06-28 12:11:09.668  3260  3276 E WProf.db: {"WprofHTMLTag": {"code": "0xaf047f70", "doc": "http://searchengineland.com/35-ways-improve-seo-sem-performance-smx-advanced-275130", "row": 69, "column": 37, "tagName": "meta", "time": 12934.037106, "url": "", "pos": 1, "chunkLen": 1, "isStartTag": 1}}
06-28 12:11:09.668  3260  3276 E WProf.db: {"WprofHTMLTag": {"code": "0xaf047fa0", "doc": "http://searchengineland.com/35-ways-improve-seo-sem-performance-smx-advanced-275130", "row": 70, "column": 115, "tagName": "link", "time": 12934.037212, "url": "http://searchengineland.com/35-ways-improve-seo-sem-performance-smx-advanced-275130", "pos": 1, "chunkLen": 1, "isStartTag": 1}}
06-28 12:11:09.668  3260  3276 E WProf.db: {"WprofHTMLTag": {"code": "0xaf047fd0", "doc": "http://searchengineland.com/35-ways-improve-seo-sem-performance-smx-advanced-275130", "row": 71, "column": 76, "tagName": "link", "time": 12934.037406, "url": "https://plus.google.com/103218677032751327334", "pos": 1, "chunkLen": 1, "isStartTag": 1}}
06-28 12:11:09.668  3260  3276 E WProf.db: {"WprofHTMLTag": {"code": "0xb4cc74b0", "doc": "http://searchengineland.com/35-ways-improve-seo-sem-performance-smx-advanced-275130", "row": 72, "column": 45, "tagName": "meta", "time": 12934.037585, "url": "", "pos": 1, "chunkLen": 1, "isStartTag": 1}}
06-28 12:11:09.668  3260  3276 E WProf.db: {"WprofHTMLTag": {"code": "0xb4cc7540", "doc": "http://searchengineland.com/35-ways-improve-seo-sem-performance-smx-advanced-275130", "row": 73, "column": 45, "tagName": "meta", "time": 12934.037696, "url": "", "pos": 1, "chunkLen": 1, "isStartTag": 1}}
06-28 12:11:09.668  3260  3276 E WProf.db: {"WprofHTMLTag": {"code": "0xb4cc78a0", "doc": "http://searchengineland.com/35-ways-improve-seo-sem-performance-smx-advanced-275130", "row": 74, "column": 105, "tagName": "meta", "time": 12934.037810, "url": "", "pos": 1, "chunkLen": 1, "isStartTag": 1}}
06-28 12:11:09.669  3260  3276 E WProf.db: {"WprofHTMLTag": {"code": "0xb4cc78d0", "doc": "http://searchengineland.com/35-ways-improve-seo-sem-performance-smx-advanced-275130", "row": 75, "column": 200, "tagName": "meta", "time": 12934.037922, "url": "", "pos": 1, "chunkLen": 1, "isStartTag": 1}}
06-28 12:11:09.669  3260  3276 E WProf.db: {"WprofHTMLTag": {"code": "0xb4cc7900", "doc": "http://searchengineland.com/35-ways-improve-seo-sem-performance-smx-advanced-275130", "row": 76, "column": 120, "tagName": "meta", "time": 12934.038042, "url": "", "pos": 1, "chunkLen": 1, "isStartTag": 1}}
06-28 12:11:09.669  3260  3276 E WProf.db: {"WprofHTMLTag": {"code": "0xb4cc7930", "doc": "http://searchengineland.com/35-ways-improve-seo-sem-performance-smx-advanced-275130", "row": 77, "column": 61, "tagName": "meta", "time": 12934.038159, "url": "", "pos": 1, "chunkLen": 1, "isStartTag": 1}}
06-28 12:11:09.669  3260  3276 E WProf.db: {"WprofHTMLTag": {"code": "0xb4cc7960", "doc": "http://searchengineland.com/35-ways-improve-seo-sem-performance-smx-advanced-275130", "row": 78, "column": 89, "tagName": "meta", "time": 12934.038279, "url": "", "pos": 1, "chunkLen": 1, "isStartTag": 1}}
06-28 12:11:09.669  3260  3276 E WProf.db: {"WprofHTMLTag": {"code": "0xb4cc7990", "doc": "http://searchengineland.com/35-ways-improve-seo-sem-performance-smx-advanced-275130", "row": 79, "column": 63, "tagName": "meta", "time": 12934.038402, "url": "", "pos": 1, "chunkLen": 1, "isStartTag": 1}}
06-28 12:11:09.669  3260  3276 E WProf.db: {"WprofHTMLTag": {"code": "0xb4cc79c0", "doc": "http://searchengineland.com/35-ways-improve-seo-sem-performance-smx-advanced-275130", "row": 80, "column": 78, "tagName": "meta", "time": 12934.038521, "url": "", "pos": 1, "chunkLen": 1, "isStartTag": 1}}
06-28 12:11:09.669  3260  3276 E WProf.db: {"WprofHTMLTag": {"code": "0xb4cc79f0", "doc": "http://searchengineland.com/35-ways-improve-seo-sem-performance-smx-advanced-275130", "row": 81, "column": 77, "tagName": "meta", "time": 12934.038633, "url": "", "pos": 1, "chunkLen": 1, "isStartTag": 1}}
06-28 12:11:09.669  3260  3276 E WProf.db: {"WprofHTMLTag": {"code": "0xb4cc7a20", "doc": "http://searchengineland.com/35-ways-improve-seo-sem-performance-smx-advanced-275130", "row": 82, "column": 71, "tagName": "meta", "time": 12934.038743, "url": "", "pos": 1, "chunkLen": 1, "isStartTag": 1}}
06-28 12:11:09.670  3260  3276 E WProf.db: {"WprofHTMLTag": {"code": "0xb4cc7a50", "doc": "http://searchengineland.com/35-ways-improve-seo-sem-performance-smx-advanced-275130", "row": 83, "column": 144, "tagName": "meta", "time": 12934.038855, "url": "", "pos": 1, "chunkLen": 1, "isStartTag": 1}}
06-28 12:11:09.670  3260  3276 E WProf.db: {"WprofHTMLTag": {"code": "0xb4cc7a80", "doc": "http://searchengineland.com/35-ways-improve-seo-sem-performance-smx-advanced-275130", "row": 84, "column": 58, "tagName": "meta", "time": 12934.038963, "url": "", "pos": 1, "chunkLen": 1, "isStartTag": 1}}
06-28 12:11:09.670  3260  3276 E WProf.db: {"WprofHTMLTag": {"code": "0xb4cc7ab0", "doc": "http://searchengineland.com/35-ways-improve-seo-sem-performance-smx-advanced-275130", "row": 85, "column": 201, "tagName": "meta", "time": 12934.039070, "url": "", "pos": 1, "chunkLen": 1, "isStartTag": 1}}
06-28 12:11:09.670  3260  3276 E WProf.db: {"WprofHTMLTag": {"code": "0xb4cc7ae0", "doc": "http://searchengineland.com/35-ways-improve-seo-sem-performance-smx-advanced-275130", "row": 86, "column": 106, "tagName": "meta", "time": 12934.039200, "url": "", "pos": 1, "chunkLen": 1, "isStartTag": 1}}
06-28 12:11:09.670  3260  3276 E WProf.db: {"WprofHTMLTag": {"code": "0xb4cc7b10", "doc": "http://searchengineland.com/35-ways-improve-seo-sem-performance-smx-advanced-275130", "row": 87, "column": 51, "tagName": "meta", "time": 12934.039313, "url": "", "pos": 1, "chunkLen": 1, "isStartTag": 1}}
06-28 12:11:09.670  3260  3276 E WProf.db: {"WprofHTMLTag": {"code": "0xb4cc7b40", "doc": "http://searchengineland.com/35-ways-improve-seo-sem-performance-smx-advanced-275130", "row": 88, "column": 145, "tagName": "meta", "time": 12934.039422, "url": "", "pos": 1, "chunkLen": 1, "isStartTag": 1}}
06-28 12:11:09.670  3260  3276 E WProf.db: {"WprofHTMLTag": {"code": "0xb4cc7b70", "doc": "http://searchengineland.com/35-ways-improve-seo-sem-performance-smx-advanced-275130", "row": 89, "column": 54, "tagName": "meta", "time": 12934.039537, "url": "", "pos": 1, "chunkLen": 1, "isStartTag": 1}}
06-28 12:11:09.671  3260  3276 E WProf.db: {"WprofHTMLTag": {"code": "0xb4cc7ba0", "doc": "http://searchengineland.com/35-ways-improve-seo-sem-performance-smx-advanced-275130", "row": 92, "column": 44, "tagName": "link", "time": 12934.039652, "url": "http://s.w.org/", "pos": 1, "chunkLen": 1, "isStartTag": 1}}
06-28 12:11:09.671  3260  3276 E WProf.db: {"WprofHTMLTag": {"code": "0xb4cc7bd0", "doc": "http://searchengineland.com/35-ways-improve-seo-sem-performance-smx-advanced-275130", "row": 93, "column": 33, "tagName": "script", "time": 12934.039877, "url": "", "pos": 1, "chunkLen": 1, "isStartTag": 1}}
06-28 12:11:09.671  3260  3276 E WProf.db: {"WprofHTMLTag": {"code": "0xb4cc7c00", "doc": "http://searchengineland.com/35-ways-improve-seo-sem-performance-smx-advanced-275130", "row": 96, "column": 11, "tagName": "script", "time": 12934.041201, "url": "http://searchengineland.com/figz/wp-includes/js/wp-emoji-release.min.js?ver=4.7.5", "pos": 1, "chunkLen": 1, "isStartTag": 0}}
06-28 12:11:09.671  3260  3276 E WProf.db: {"WprofHTMLTag": {"code": "0x9cd8e8d0", "doc": "http://searchengineland.com/35-ways-improve-seo-sem-performance-smx-advanced-275130", "row": 97, "column": 25, "tagName": "style", "time": 12934.690496, "url": "", "pos": 1, "chunkLen": 1, "isStartTag": 1}}
06-28 12:11:09.671  3260  3276 E WProf.db: {"WprofHTMLTag": {"code": "0x9cd8e900", "doc": "http://searchengineland.com/35-ways-improve-seo-sem-performance-smx-advanced-275130", "row": 110, "column": 8, "tagName": "style", "time": 12934.690909, "url": "", "pos": 1, "chunkLen": 1, "isStartTag": 0}}
06-28 12:11:09.671  3260  3276 E WProf.db: {"WprofHTMLTag": {"code": "0x9cd8e930", "doc": "http://searchengineland.com/35-ways-improve-seo-sem-performance-smx-advanced-275130", "row": 111, "column": 140, "tagName": "script", "time": 12934.693515, "url": "http://searchengineland.com/figz/wp-content/themes/searchengineland/js/lib/modernizr.custom.js?ver=1.0", "pos": 1, "chunkLen": 1, "isStartTag": 1}}
06-28 12:11:09.671  3260  3276 E WProf.db: {"WprofHTMLTag": {"code": "0x9cd8e960", "doc": "http://searchengineland.com/35-ways-improve-seo-sem-performance-smx-advanced-275130", "row": 111, "column": 149, "tagName": "script", "time": 12934.693847, "url": "", "pos": 1, "chunkLen": 1, "isStartTag": 0}}
06-28 12:11:09.671  3260  3276 E WProf.db: {"WprofHTMLTag": {"code": "0xaeddaae0", "doc": "http://searchengineland.com/35-ways-improve-seo-sem-performance-smx-advanced-275130", "row": 112, "column": 144, "tagName": "script", "time": 12934.707902, "url": "http://searchengineland.com/figz/wp-content/themes/searchengineland/js/lib/jquery-1.11.0.min.js?ver=1.11.0", "pos": 1, "chunkLen": 1, "isStartTag": 1}}
06-28 12:11:09.672  3260  3276 E WProf.db: {"WprofHTMLTag": {"code": "0x9cd8e9f0", "doc": "http://searchengineland.com/35-ways-improve-seo-sem-performance-smx-advanced-275130", "row": 112, "column": 153, "tagName": "script", "time": 12934.708276, "url": "", "pos": 1, "chunkLen": 1, "isStartTag": 0}}
06-28 12:11:09.672  3260  3276 E WProf.db: {"WprofHTMLTag": {"code": "0xaeddaf60", "doc": "http://searchengineland.com/35-ways-improve-seo-sem-performance-smx-advanced-275130", "row": 0, "column": 15, "tagName": "div", "time": 12934.777130, "url": "", "pos": 15, "chunkLen": 44, "isStartTag": 1}}
06-28 12:11:09.672  3260  3276 E WProf.db: {"WprofHTMLTag": {"code": "0xaeddaf30", "doc": "http://searchengineland.com/35-ways-improve-seo-sem-performance-smx-advanced-275130", "row": 0, "column": 21, "tagName": "div", "time": 12934.777263, "url": "", "pos": 21, "chunkLen": 44, "isStartTag": 0}}
06-28 12:11:09.672  3260  3276 E WProf.db: {"WprofHTMLTag": {"code": "0xaeddaf00", "doc": "http://searchengineland.com/35-ways-improve-seo-sem-performance-smx-advanced-275130", "row": 0, "column": 38, "tagName": "div", "time": 12934.777321, "url": "", "pos": 38, "chunkLen": 44, "isStartTag": 1}}
06-28 12:11:09.672  3260  3276 E WProf.db: {"WprofHTMLTag": {"code": "0xaeddaed0", "doc": "http://searchengineland.com/35-ways-improve-seo-sem-performance-smx-advanced-275130", "row": 0, "column": 44, "tagName": "div", "time": 12934.777427, "url": "", "pos": 44, "chunkLen": 44, "isStartTag": 0}}
06-28 12:11:09.672  3260  3276 E WProf.db: {"WprofHTMLTag": {"code": "0xaeddac90", "doc": "http://searchengineland.com/35-ways-improve-seo-sem-performance-smx-advanced-275130", "row": 0, "column": 13, "tagName": "select", "time": 12934.778792, "url": "", "pos": 13, "chunkLen": 51, "isStartTag": 1}}
06-28 12:11:09.672  3260  3276 E WProf.db: {"WprofHTMLTag": {"code": "0xaeddaea0", "doc": "http://searchengineland.com/35-ways-improve-seo-sem-performance-smx-advanced-275130", "row": 0, "column": 33, "tagName": "option", "time": 12934.778976, "url": "", "pos": 33, "chunkLen": 51, "isStartTag": 1}}
06-28 12:11:09.673  3260  3276 E WProf.db: {"WprofHTMLTag": {"code": "0xaeddae70", "doc": "http://searchengineland.com/35-ways-improve-seo-sem-performance-smx-advanced-275130", "row": 0, "column": 42, "tagName": "option", "time": 12934.779174, "url": "", "pos": 42, "chunkLen": 51, "isStartTag": 0}}
06-28 12:11:09.673  3260  3276 E WProf.db: {"WprofHTMLTag": {"code": "0x9cd8ea50", "doc": "http://searchengineland.com/35-ways-improve-seo-sem-performance-smx-advanced-275130", "row": 0, "column": 51, "tagName": "select", "time": 12934.779228, "url": "", "pos": 51, "chunkLen": 51, "isStartTag": 0}}
06-28 12:11:09.673  3260  3276 E WProf.db: {"WprofHTMLTag": {"code": "0x9cd8ea80", "doc": "http://searchengineland.com/35-ways-improve-seo-sem-performance-smx-advanced-275130", "row": 0, "column": 12, "tagName": "a", "time": 12934.784465, "url": "", "pos": 12, "chunkLen": 16, "isStartTag": 1}}
06-28 12:11:09.673  3260  3276 E WProf.db: {"WprofHTMLTag": {"code": "0x9cd8eab0", "doc": "http://searchengineland.com/35-ways-improve-seo-sem-performance-smx-advanced-275130", "row": 0, "column": 16, "tagName": "a", "time": 12934.784643, "url": "", "pos": 16, "chunkLen": 16, "isStartTag": 0}}
06-28 12:11:09.673  3260  3276 E WProf.db: {"WprofHTMLTag": {"code": "0x9cd8eae0", "doc": "http://searchengineland.com/35-ways-improve-seo-sem-performance-smx-advanced-275130", "row": 0, "column": 8, "tagName": "input", "time": 12934.785717, "url": "", "pos": 8, "chunkLen": 8, "isStartTag": 1}}
06-28 12:11:09.673  3260  3276 E WProf.db: {"WprofHTMLTag": {"code": "0x9cd8eb10", "doc": "http://searchengineland.com/35-ways-improve-seo-sem-performance-smx-advanced-275130", "row": 0, "column": 9, "tagName": "link", "time": 12934.794739, "url": "", "pos": 9, "chunkLen": 42, "isStartTag": 1}}
06-28 12:11:09.673  3260  3276 E WProf.db: {"WprofHTMLTag": {"code": "0x9cd8eb40", "doc": "http://searchengineland.com/35-ways-improve-seo-sem-performance-smx-advanced-275130", "row": 0, "column": 16, "tagName": "table", "time": 12934.794859, "url": "", "pos": 16, "chunkLen": 42, "isStartTag": 1}}
06-28 12:11:09.673  3260  3276 E WProf.db: {"WprofHTMLTag": {"code": "0x9cd8eb70", "doc": "http://searchengineland.com/35-ways-improve-seo-sem-performance-smx-advanced-275130", "row": 0, "column": 24, "tagName": "table", "time": 12934.794971, "url": "", "pos": 24, "chunkLen": 42, "isStartTag": 0}}
06-28 12:11:09.674  3260  3276 E WProf.db: {"WprofHTMLTag": {"code": "0x9cd8eba0", "doc": "http://searchengineland.com/35-ways-improve-seo-sem-performance-smx-advanced-275130", "row": 0, "column": 37, "tagName": "a", "time": 12934.795040, "url": "", "pos": 37, "chunkLen": 42, "isStartTag": 1}}
06-28 12:11:09.674  3260  3276 E WProf.db: {"WprofHTMLTag": {"code": "0x9cd8ebd0", "doc": "http://searchengineland.com/35-ways-improve-seo-sem-performance-smx-advanced-275130", "row": 0, "column": 42, "tagName": "a", "time": 12934.795407, "url": "", "pos": 42, "chunkLen": 42, "isStartTag": 0}}
06-28 12:11:09.674  3260  3276 E WProf.db: {"WprofHTMLTag": {"code": "0x9cd8ec60", "doc": "http://searchengineland.com/35-ways-improve-seo-sem-performance-smx-advanced-275130", "row": 0, "column": 10, "tagName": "textarea", "time": 12934.796589, "url": "", "pos": 10, "chunkLen": 22, "isStartTag": 1}}
06-28 12:11:09.674  3260  3276 E WProf.db: {"WprofHTMLTag": {"code": "0x9cd8ec90", "doc": "http://searchengineland.com/35-ways-improve-seo-sem-performance-smx-advanced-275130", "row": 0, "column": 22, "tagName": "textarea", "time": 12934.796775, "url": "", "pos": 22, "chunkLen": 22, "isStartTag": 0}}
06-28 12:11:09.674  3260  3276 E WProf.db: {"WprofHTMLTag": {"code": "0x9cd8ecc0", "doc": "http://searchengineland.com/35-ways-improve-seo-sem-performance-smx-advanced-275130", "row": 0, "column": 48, "tagName": "input", "time": 12934.797945, "url": "", "pos": 48, "chunkLen": 48, "isStartTag": 1}}
06-28 12:11:09.674  3260  3276 E WProf.db: {"WprofHTMLTag": {"code": "0x9cd8ed20", "doc": "http://searchengineland.com/35-ways-improve-seo-sem-performance-smx-advanced-275130", "row": 0, "column": 9, "tagName": "link", "time": 12934.803056, "url": "", "pos": 9, "chunkLen": 66, "isStartTag": 1}}
06-28 12:11:09.674  3260  3276 E WProf.db: {"WprofHTMLTag": {"code": "0x9cd8ed50", "doc": "http://searchengineland.com/35-ways-improve-seo-sem-performance-smx-advanced-275130", "row": 0, "column": 16, "tagName": "table", "time": 12934.803174, "url": "", "pos": 16, "chunkLen": 66, "isStartTag": 1}}
06-28 12:11:09.675  3260  3276 E WProf.db: {"WprofHTMLTag": {"code": "0x9cd8ed80", "doc": "http://searchengineland.com/35-ways-improve-seo-sem-performance-smx-advanced-275130", "row": 0, "column": 24, "tagName": "table", "time": 12934.803254, "url": "", "pos": 24, "chunkLen": 66, "isStartTag": 0}}
06-28 12:11:09.675  3260  3276 E WProf.db: {"WprofHTMLTag": {"code": "0x9cd8edb0", "doc": "http://searchengineland.com/35-ways-improve-seo-sem-performance-smx-advanced-275130", "row": 0, "column": 37, "tagName": "a", "time": 12934.803320, "url": "", "pos": 37, "chunkLen": 66, "isStartTag": 1}}
06-28 12:11:09.675  3260  3276 E WProf.db: {"WprofHTMLTag": {"code": "0x9cd8ede0", "doc": "http://searchengineland.com/35-ways-improve-seo-sem-performance-smx-advanced-275130", "row": 0, "column": 42, "tagName": "a", "time": 12934.803494, "url": "", "pos": 42, "chunkLen": 66, "isStartTag": 0}}
06-28 12:11:09.675  3260  3276 E WProf.db: {"WprofHTMLTag": {"code": "0x9cd8ee10", "doc": "http://searchengineland.com/35-ways-improve-seo-sem-performance-smx-advanced-275130", "row": 0, "column": 66, "tagName": "input", "time": 12934.803569, "url": "", "pos": 66, "chunkLen": 66, "isStartTag": 1}}
06-28 12:11:09.675  3260  3276 E WProf.db: {"WprofHTMLTag": {"code": "0x9cd8eea0", "doc": "http://searchengineland.com/35-ways-improve-seo-sem-performance-smx-advanced-275130", "row": 0, "column": 9, "tagName": "link", "time": 12934.805409, "url": "", "pos": 9, "chunkLen": 66, "isStartTag": 1}}
06-28 12:11:09.675  3260  3276 E WProf.db: {"WprofHTMLTag": {"code": "0x9cd8eed0", "doc": "http://searchengineland.com/35-ways-improve-seo-sem-performance-smx-advanced-275130", "row": 0, "column": 16, "tagName": "table", "time": 12934.805520, "url": "", "pos": 16, "chunkLen": 66, "isStartTag": 1}}
06-28 12:11:09.675  3260  3276 E WProf.db: {"WprofHTMLTag": {"code": "0x9cd8ef00", "doc": "http://searchengineland.com/35-ways-improve-seo-sem-performance-smx-advanced-275130", "row": 0, "column": 24, "tagName": "table", "time": 12934.805595, "url": "", "pos": 24, "chunkLen": 66, "isStartTag": 0}}
06-28 12:11:09.675  3260  3276 E WProf.db: {"WprofHTMLTag": {"code": "0x9cd8ef30", "doc": "http://searchengineland.com/35-ways-improve-seo-sem-performance-smx-advanced-275130", "row": 0, "column": 37, "tagName": "a", "time": 12934.805656, "url": "", "pos": 37, "chunkLen": 66, "isStartTag": 1}}
06-28 12:11:09.676  3260  3276 E WProf.db: {"WprofHTMLTag": {"code": "0x9cd8ef60", "doc": "http://searchengineland.com/35-ways-improve-seo-sem-performance-smx-advanced-275130", "row": 0, "column": 42, "tagName": "a", "time": 12934.805824, "url": "", "pos": 42, "chunkLen": 66, "isStartTag": 0}}
06-28 12:11:09.676  3260  3276 E WProf.db: {"WprofHTMLTag": {"code": "0x9cd8ef90", "doc": "http://searchengineland.com/35-ways-improve-seo-sem-performance-smx-advanced-275130", "row": 0, "column": 66, "tagName": "input", "time": 12934.805885, "url": "", "pos": 66, "chunkLen": 66, "isStartTag": 1}}
06-28 12:11:09.676  3260  3276 E WProf.db: {"WprofHTMLTag": {"code": "0x9cd8eff0", "doc": "http://searchengineland.com/35-ways-improve-seo-sem-performance-smx-advanced-275130", "row": 0, "column": 9, "tagName": "link", "time": 12934.810192, "url": "", "pos": 9, "chunkLen": 66, "isStartTag": 1}}
06-28 12:11:09.676  3260  3276 E WProf.db: {"WprofHTMLTag": {"code": "0x9cd8f020", "doc": "http://searchengineland.com/35-ways-improve-seo-sem-performance-smx-advanced-275130", "row": 0, "column": 16, "tagName": "table", "time": 12934.810319, "url": "", "pos": 16, "chunkLen": 66, "isStartTag": 1}}
06-28 12:11:09.676  3260  3276 E WProf.db: {"WprofHTMLTag": {"code": "0x9cd8f050", "doc": "http://searchengineland.com/35-ways-improve-seo-sem-performance-smx-advanced-275130", "row": 0, "column": 24, "tagName": "table", "time": 12934.810399, "url": "", "pos": 24, "chunkLen": 66, "isStartTag": 0}}
06-28 12:11:09.676  3260  3276 E WProf.db: {"WprofHTMLTag": {"code": "0x9cd8f080", "doc": "http://searchengineland.com/35-ways-improve-seo-sem-performance-smx-advanced-275130", "row": 0, "column": 37, "tagName": "a", "time": 12934.810480, "url": "", "pos": 37, "chunkLen": 66, "isStartTag": 1}}
06-28 12:11:09.676  3260  3276 E WProf.db: {"WprofHTMLTag": {"code": "0x9cd8f0b0", "doc": "http://searchengineland.com/35-ways-improve-seo-sem-performance-smx-advanced-275130", "row": 0, "column": 42, "tagName": "a", "time": 12934.810656, "url": "", "pos": 42, "chunkLen": 66, "isStartTag": 0}}
06-28 12:11:09.677  3260  3276 E WProf.db: {"WprofHTMLTag": {"code": "0x9cd8f0e0", "doc": "http://searchengineland.com/35-ways-improve-seo-sem-performance-smx-advanced-275130", "row": 0, "column": 66, "tagName": "input", "time": 12934.810732, "url": "", "pos": 66, "chunkLen": 66, "isStartTag": 1}}
