--------- beginning of main
06-28 16:52:12.247  3449  3449 E Finsky  : [1] com.google.android.finsky.wear.bl.a(3): onConnectionFailed: ConnectionResult{statusCode=API_UNAVAILABLE, resolution=null, message=null}
--------- beginning of system
06-28 16:52:13.433  8496  8496 E chromium: [ERROR:shell_integration_android.cc(12)] Not implemented reached in static ShellIntegration::DefaultWebClientSetPermission ShellIntegration::CanSetAsDefaultBrowser()
06-28 16:52:13.436  8496  8496 E chromium: [ERROR:browser_process_impl.cc(720)] Not implemented reached in virtual BackgroundModeManager* BrowserProcessImpl::background_mode_manager()
06-28 16:52:13.671  3218  7236 E AudioRecord-JNI: Error -4 during AudioRecord native read
06-28 16:52:16.105  8496  8540 E chromium: [ERROR:gles2_cmd_decoder.cc(3852)] [.ChromiumCompositor-0xacbb2fc0]GL ERROR :GL_INVALID_ENUM : glDiscardFramebufferEXT: attachments was GL_COLOR_EXT
06-28 16:52:16.390  8563  8576 E WPROF   : {"CSS": {"url": "http://searchengineland.com/figz/wp-content/themes/searchengineland/css/searchengineland-bootstrap.css", "requestTime": 29813.446050}}
06-28 16:52:16.391  8563  8576 E WPROF   : {"CSS": {"url": "http://fonts.googleapis.com/css?family=Oswald:300,400,700", "requestTime": 29813.446670}}
06-28 16:52:16.392  8563  8576 E WPROF   : {"CSS": {"url": "http://searchengineland.com/figz/wp-content/themes/searchengineland/style.css", "requestTime": 29813.447252}}
06-28 16:52:16.396  8563  8576 E WPROF   : {"Javascript": {"url": "http://searchengineland.com/figz/wp-content/themes/searchengineland/js/lib/modernizr.custom.js?ver=1.0", "requestTime": 29813.451400}}
06-28 16:52:16.396  8563  8576 E WPROF   : {"Javascript": {"url": "http://searchengineland.com/figz/wp-content/themes/searchengineland/js/lib/jquery-1.11.0.min.js?ver=1.11.0", "requestTime": 29813.452057}}
06-28 16:52:16.397  8563  8576 E WPROF   : {"Javascript": {"url": "http://searchengineland.com/figz/wp-content/themes/searchengineland/js/lib/jquery-ui-1.10.3.custom.min.js?ver=1.10.3", "requestTime": 29813.452475}}
06-28 16:52:16.397  8563  8576 E WPROF   : {"Javascript": {"url": "http://searchengineland.com/figz/wp-content/themes/searchengineland/js/lib/jquery.ba-throttle-debounce.min.js?ver=1.1", "requestTime": 29813.452905}}
06-28 16:52:16.398  8563  8576 E WPROF   : {"Javascript": {"url": "http://searchengineland.com/figz/wp-content/themes/searchengineland/js/lib/jquery.countdown.min.js?ver=2.0.4", "requestTime": 29813.453479}}
06-28 16:52:16.398  8563  8576 E WPROF   : {"Javascript": {"url": "http://static.chartbeat.com/js/chartbeat_mab.js", "requestTime": 29813.453951}}
06-28 16:52:17.047  8563  8576 E WPROF   : {"Javascript": {"url": "http://searchengineland.com/figz/wp-includes/js/wp-emoji-release.min.js?ver=4.7.5", "requestTime": 29814.102297}}
06-28 16:52:17.422  8563  8576 E WPROF   : {"Javascript": {"url": "http://www.googletagservices.com/tag/js/gpt.js", "requestTime": 29814.477966}}
06-28 16:52:17.441  8563  8576 E WPROF   : {"Javascript": {"url": "https://www.google-analytics.com/analytics.js", "requestTime": 29814.496338}}
06-28 16:52:17.447  8563  8576 E WPROF   : {"Javascript": {"url": "http://edge.quantserve.com/quant.js", "requestTime": 29814.502810}}
06-28 16:52:17.450  8563  8576 E WPROF   : {"Javascript": {"url": "https://connect.facebook.net/en_US/fbevents.js", "requestTime": 29814.506043}}
06-28 16:52:17.554  8496  8540 E chromium: [ERROR:gles2_cmd_decoder.cc(3852)] [.ChromiumCompositor-0xacbb2fc0]GL ERROR :GL_INVALID_ENUM : glDiscardFramebufferEXT: attachments was GL_COLOR_EXT
06-28 16:52:17.589  8563  8576 E WPROF   : {"Javascript": {"url": "http://app-sj02.marketo.com/js/forms2/js/forms2.min.js", "requestTime": 29814.645057}}
06-28 16:52:17.681  8563  8576 E WPROF   : {"Javascript": {"url": "https://securepubads.g.doubleclick.net/gpt/pubads_impl_121.js", "requestTime": 29814.736744}}
06-28 16:52:17.707  8496  8540 E chromium: [ERROR:gles2_cmd_decoder.cc(3852)] [.ChromiumCompositor-0xacbb2fc0]GL ERROR :GL_INVALID_ENUM : glDiscardFramebufferEXT: attachments was GL_COLOR_EXT
06-28 16:52:17.729  8563  8576 E WPROF   : {"Javascript": {"url": "https://connect.facebook.net/signals/config/423979991297359?v=2.7.17", "requestTime": 29814.784332}}
06-28 16:52:17.889  8563  8576 E WPROF   : {"Javascript": {"url": "http://app-sj02.marketo.com/index.php/form/getForm?munchkinId=727-ZQE-044&form=5691&url=http%3A%2F%2Fsearchengineland.com%2F5-questions-select-right-structure-international-websites-233301&callback=jQuery110204073700616136193_1498636337819&_=1498636337820", "requestTime": 29814.945201}}
06-28 16:52:17.907  8563  8576 E WPROF   : {"Javascript": {"url": "http://app-sj02.marketo.com/index.php/form/getForm?munchkinId=727-ZQE-044&form=5685&url=http%3A%2F%2Fsearchengineland.com%2F5-questions-select-right-structure-international-websites-233301&callback=jQuery110204073700616136193_1498636337821&_=1498636337822", "requestTime": 29814.962203}}
06-28 16:52:18.245  8496  8540 E chromium: [ERROR:gles2_cmd_decoder.cc(3852)] [.ChromiumCompositor-0xacbb2fc0]GL ERROR :GL_INVALID_ENUM : glDiscardFramebufferEXT: attachments was GL_COLOR_EXT
06-28 16:52:18.267  8563  8576 E WPROF   : {"Javascript": {"url": "http://app-sj02.marketo.com/index.php/form/getForm?munchkinId=727-ZQE-044&form=5673&url=http%3A%2F%2Fsearchengineland.com%2F5-questions-select-right-structure-international-websites-233301&callback=jQuery110204073700616136193_1498636337823&_=1498636337824", "requestTime": 29815.323151}}
06-28 16:52:18.280  8563  8576 E WPROF   : {"Javascript": {"url": "http://searchengineland.com/js/ga_social_tracking.js", "requestTime": 29815.335576}}
06-28 16:52:18.283  8563  8576 E WPROF   : {"Javascript": {"url": "http://s7.addthis.com/js/300/addthis_widget.js#pubid=ra-53e918f660794f37", "requestTime": 29815.338368}}
06-28 16:52:18.547  8496  8540 E chromium: [ERROR:gles2_cmd_decoder.cc(3852)] [.ChromiumCompositor-0xacbb2fc0]GL ERROR :GL_INVALID_ENUM : glDiscardFramebufferEXT: attachments was GL_COLOR_EXT
06-28 16:52:18.907   862  1657 E LocSvc_IzatApiV02: E/virtual int izat_core::IzatApiV02::getBatchSize(int32_t):522]: Error : st = 4, ind.status = -1628389555
06-28 16:52:18.907   862  1657 E LocSvc_IzatApiV02: E/virtual int izat_core::IzatApiV02::getBatchSize(int32_t):535]: get batching size failed.Or modem does not support batching 
06-28 16:52:18.916   862  1657 E LocSvc_IzatApiV02: E/virtual int izat_core::IzatApiV02::getBatchSize(int32_t):522]: Error : st = 4, ind.status = -1628389555
06-28 16:52:18.916   862  1657 E LocSvc_IzatApiV02: E/virtual int izat_core::IzatApiV02::getBatchSize(int32_t):535]: get batching size failed.Or modem does not support batching 
06-28 16:52:18.948   862  1657 E LocSvc_IzatApiV02: E/virtual int izat_core::IzatApiV02::getBatchSize(int32_t):522]: Error : st = 4, ind.status = -1628389555
06-28 16:52:18.948   862  1657 E LocSvc_IzatApiV02: E/virtual int izat_core::IzatApiV02::getBatchSize(int32_t):535]: get batching size failed.Or modem does not support batching 
06-28 16:52:18.958   862  1657 E LocSvc_IzatApiV02: E/virtual int izat_core::IzatApiV02::getBatchSize(int32_t):522]: Error : st = 4, ind.status = -1628389555
06-28 16:52:18.958   862  1657 E LocSvc_IzatApiV02: E/virtual int izat_core::IzatApiV02::getBatchSize(int32_t):535]: get batching size failed.Or modem does not support batching 
06-28 16:52:19.255  8563  8576 E WPROF   : {"Javascript": {"url": "https://securepubads.g.doubleclick.net/gampad/ads?gdfp_req=1&correlator=1587884157042688&output=json_html&callback=googletag.impl.pubads.callbackProxy1&impl=fifs&json_a=1&eid=108809080%2C21060082%2C108809107&sc=0&sfv=1-0-9&iu_parts=1038259%2Csel-ciu-1%2Csel-ciu-2%2Csel-ciu-3%2Csel-ciu-4%2Csel-ciu-5%", "requestTime": 29816.310236}}
06-28 16:52:19.275  8563  8576 E WPROF   : {"CSS": {"url": "http://app-sj02.marketo.com/js/forms2/css/forms2.css", "requestTime": 29816.330987}}
06-28 16:52:19.278  8563  8576 E WPROF   : {"CSS": {"url": "http://app-sj02.marketo.com/js/forms2/css/forms2-theme-simple.css", "requestTime": 29816.333470}}
06-28 16:52:19.327  8563  8576 E WPROF   : {"Javascript": {"url": "https://static.xx.fbcdn.net/rsrc.php/v3iy6L4/yF/l/ko_KR/w3AiswiqjrJ.js", "requestTime": 29816.382549}}
06-28 16:52:19.400  8496  8540 E chromium: [ERROR:gles2_cmd_decoder.cc(3852)] [.ChromiumCompositor-0xacbb2fc0]GL ERROR :GL_INVALID_ENUM : glDiscardFramebufferEXT: attachments was GL_COLOR_EXT
06-28 16:52:19.599  8563  8576 E WPROF   : {"Javascript": {"url": "http://cdn.api.twitter.com/1/users/show.json?screen_name=aleyda&callback=twttr.setFollowersCount", "requestTime": 29816.655159}}
06-28 16:52:19.996  8563  8576 E WPROF   : {"Javascript": {"url": "http://platform.twitter.com/widgets.js", "requestTime": 29817.051986}}
06-28 16:52:19.999  8563  8576 E WPROF   : {"Javascript": {"url": "http://connect.facebook.net/en_US/sdk.js", "requestTime": 29817.054213}}
06-28 16:52:20.000  8563  8576 E WPROF   : {"Javascript": {"url": "https://apis.google.com/js/platform.js", "requestTime": 29817.056072}}
06-28 16:52:20.022  8563  8576 E WPROF   : {"Javascript": {"url": "http://rules.quantcount.com/rules-p-5aGizvD82d9hk.js", "requestTime": 29817.077770}}
06-28 16:52:20.025  8563  8576 E WPROF   : {"Javascript": {"url": "http://munchkin.marketo.net/munchkin.js", "requestTime": 29817.080827}}
06-28 16:52:20.212  8496  8540 E chromium: [ERROR:gles2_cmd_decoder.cc(3852)] [.ChromiumCompositor-0xacbb2fc0]GL ERROR :GL_INVALID_ENUM : glDiscardFramebufferEXT: attachments was GL_COLOR_EXT
06-28 16:52:20.285  8563  8576 E WPROF   : {"Javascript": {"url": "http://d2j3qa5nc37287.cloudfront.net/coupon_code1.js", "requestTime": 29817.340497}}
06-28 16:52:20.333  8563  8576 E WPROF   : {"Javascript": {"url": "http://www.googleadservices.com/pagead/conversion.js", "requestTime": 29817.388338}}
06-28 16:52:20.333  8563  8576 E WPROF   : {"Javascript": {"url": "http://searchengineland.com/figz/wp-content/themes/searchengineland/js/script.js?ver=1.0", "requestTime": 29817.388991}}
06-28 16:52:20.334  8563  8576 E WPROF   : {"Javascript": {"url": "http://searchengineland.com/figz/wp-includes/js/wp-embed.min.js?ver=4.7.5", "requestTime": 29817.389725}}
06-28 16:52:20.334  8563  8576 E WPROF   : {"Javascript": {"url": "http://searchengineland.com/figz/wp-content/themes/searchengineland/js/modules/sharing_controls.js", "requestTime": 29817.390140}}
06-28 16:52:20.347  8496  8540 E chromium: [ERROR:gles2_cmd_decoder.cc(3852)] [.ChromiumCompositor-0xacbb2fc0]GL ERROR :GL_INVALID_ENUM : glDiscardFramebufferEXT: attachments was GL_COLOR_EXT
06-28 16:52:20.399  8563  8576 E WPROF   : {"CSS": {"url": "https://www.youtube.com/yts/cssbin/www-embed-player-sprite-mode-vfl5G4Xm8.css", "requestTime": 29817.454694}}
06-28 16:52:20.400  8563  8576 E WPROF   : {"Javascript": {"url": "https://www.youtube.com/yts/jsbin/www-embed-player-vfl_UY_j8/www-embed-player.js", "requestTime": 29817.456015}}
06-28 16:52:20.401  8563  8576 E WPROF   : {"Javascript": {"url": "https://www.youtube.com/yts/jsbin/player-vflo1w4O-/ko_KR/base.js", "requestTime": 29817.456487}}
06-28 16:52:20.643  8563  8576 E WPROF   : {"Javascript": {"url": "http://dnn506yrbagrg.cloudfront.net/pages/scripts/0026/4062.js?416287", "requestTime": 29817.698908}}
06-28 16:52:20.647  8496  8540 E chromium: [ERROR:gles2_cmd_decoder.cc(3852)] [.ChromiumCompositor-0xacbb2fc0]GL ERROR :GL_INVALID_ENUM : glDiscardFramebufferEXT: attachments was GL_COLOR_EXT
06-28 16:52:21.709  8563  8576 E WPROF   : {"Javascript": {"url": "http://m.addthisedge.com/live/boost/ra-53e918f660794f37/_ate.track.config_resp", "requestTime": 29818.764279}}
06-28 16:52:21.799  8563  8576 E WPROF   : {"Javascript": {"url": "http://m.addthis.com/live/red_lojson/300lo.json?si=595360337ae80f6f&bkl=0&bl=1&pdt=2284&sid=595360337ae80f6f&pub=ra-53e918f660794f37&rev=v7.15.4-wp&ln=ko&pc=men&cb=0&ab=-&dp=searchengineland.com&fp=5-questions-select-right-structure-international-websites-233301&fr=&of=0&pd=0&irt=0&vcl=0&md=0&ct=1&t", "requestTime": 29818.854687}}
06-28 16:52:22.102  8496  8540 E chromium: [ERROR:gles2_cmd_decoder.cc(3852)] [.ChromiumCompositor-0xacbb2fc0]GL ERROR :GL_INVALID_ENUM : glDiscardFramebufferEXT: attachments was GL_COLOR_EXT
06-28 16:52:23.248  8563  8576 E WPROF   : {"Javascript": {"url": "https://www.google.com/js/bg/KWBfAnWFESAEEaKKgdYlTHY9ysQaNoQuzeMFqvxDSM8.js", "requestTime": 29820.303393}}
06-28 16:52:23.254  8563  8576 E WPROF   : {"Javascript": {"url": "https://static.doubleclick.net/instream/ad_status.js", "requestTime": 29820.309444}}
06-28 16:52:23.451  8496  8540 E chromium: [ERROR:gles2_cmd_decoder.cc(3852)] [.ChromiumCompositor-0xacbb2fc0]GL ERROR :GL_INVALID_ENUM : glDiscardFramebufferEXT: attachments was GL_COLOR_EXT
06-28 16:52:23.565  8496  8540 E chromium: [ERROR:gles2_cmd_decoder.cc(3852)] [.ChromiumCompositor-0xacbb2fc0]GL ERROR :GL_INVALID_ENUM : glDiscardFramebufferEXT: attachments was GL_COLOR_EXT
06-28 16:52:23.667  8496  8540 E chromium: [ERROR:gles2_cmd_decoder.cc(3852)] [.ChromiumCompositor-0xacbb2fc0]GL ERROR :GL_INVALID_ENUM : glDiscardFramebufferEXT: attachments was GL_COLOR_EXT
06-28 16:52:24.535  8563  8576 E WPROF   : {"Javascript": {"url": "https://tpc.googlesyndication.com/pagead/js/r20170619/r20110914/client/ext/m_window_focus_non_hydra.js", "requestTime": 29821.590685}}
06-28 16:52:24.537  8563  8576 E WPROF   : {"Javascript": {"url": "https://tpc.googlesyndication.com/pagead/js/r20170619/r20110914/activeview/osd_listener.js", "requestTime": 29821.592364}}
06-28 16:52:24.541  8563  8576 E WPROF   : {"Javascript": {"url": "http://pagead2.googlesyndication.com/pagead/osd.js", "requestTime": 29821.597142}}
06-28 16:52:24.636  8563  8576 E WPROF   : {"Javascript": {"url": "http://munchkin.marketo.net/151/munchkin.js", "requestTime": 29821.691834}}
06-28 16:52:24.835  8563  8576 E WPROF   : {"Javascript": {"url": "http://www.justuno.com/ajax/account_version_check.html?id=828FA275-FF73-401E-AA39-40F5A6FAB6B1", "requestTime": 29821.890201}}
06-28 16:52:25.075  8563  8576 E WPROF   : {"Javascript": {"url": "https://platform.twitter.com/js/button.b731e6c82269f70f6fc53634e044a4c6.js", "requestTime": 29822.130621}}
06-28 16:52:25.098  8563  8576 E WPROF   : {"Javascript": {"url": "http://s7.addthis.com/static/layers.4acb6c577b51939661ec.js", "requestTime": 29822.153912}}
06-28 16:52:25.167  8496  8540 E chromium: [ERROR:gles2_cmd_decoder.cc(3852)] [.ChromiumCompositor-0xacbb2fc0]GL ERROR :GL_INVALID_ENUM : glDiscardFramebufferEXT: attachments was GL_COLOR_EXT
06-28 16:52:25.424  8496  8540 E chromium: [ERROR:gles2_cmd_decoder.cc(3852)] [.ChromiumCompositor-0xacbb2fc0]GL ERROR :GL_INVALID_ENUM : glDiscardFramebufferEXT: attachments was GL_COLOR_EXT
06-28 16:52:25.545  8496  8540 E chromium: [ERROR:gles2_cmd_decoder.cc(3852)] [.ChromiumCompositor-0xacbb2fc0]GL ERROR :GL_INVALID_ENUM : glDiscardFramebufferEXT: attachments was GL_COLOR_EXT
06-28 16:52:25.653  8496  8540 E chromium: [ERROR:gles2_cmd_decoder.cc(3852)] [.ChromiumCompositor-0xacbb2fc0]GL ERROR :GL_INVALID_ENUM : glDiscardFramebufferEXT: attachments was GL_COLOR_EXT
06-28 16:52:25.726  8496  8540 E chromium: [ERROR:gles2_cmd_decoder.cc(3852)] [.ChromiumCompositor-0xacbb2fc0]GL ERROR :GL_INVALID_ENUM : glDiscardFramebufferEXT: attachments was GL_COLOR_EXT
06-28 16:52:25.887  8563  8576 E WPROF   : {"Javascript": {"url": "https://app-sj02.marketo.com/js/forms2/js/forms2.min.js", "requestTime": 29822.942355}}
06-28 16:52:28.133  8563  8576 E WPROF   : {"Javascript": {"url": "http://cdn.justuno.com/mwgt_3.6.js", "requestTime": 29825.188215}}
06-28 16:52:28.462  8496  8540 E chromium: [ERROR:gles2_cmd_decoder.cc(3852)] [.ChromiumCompositor-0xacbb2fc0]GL ERROR :GL_INVALID_ENUM : glDiscardFramebufferEXT: attachments was GL_COLOR_EXT
06-28 16:52:29.367  8496  8540 E chromium: [ERROR:gles2_cmd_decoder.cc(3852)] [.ChromiumCompositor-0xacbb2fc0]GL ERROR :GL_INVALID_ENUM : glDiscardFramebufferEXT: attachments was GL_COLOR_EXT
06-28 16:52:29.390  8563  8576 E WProf.db: {"page": "searchengineland.com_5-questions-select-right-structure-international-websites-233301"}
06-28 16:52:29.390  8563  8576 E WProf.db: {"DOMLoad": 29826.445974}
06-28 16:52:29.390  8563  8576 E WProf.db: {"Resource": {"id": 1, "url": "http://searchengineland.com/5-questions-select-right-structure-international-websites-233301", "sentTime": -1.000000, "len": 107613, "from": "0x0", "mimeType": "text/html", "contentLength": -1, "httpStatus": 200, "connId": 20, "connReused": 1, "cached": 0,"requestTime": 29813.059526, "proxyStart": -1, "proxyEnd": -1, "dnsStart": -1, "dnsEnd": -1, "connectStart": 0, "connectEnd": 90, "sendStart": 90, "sendEnd": 90, "receiveHeadersEnd": 282, "sslStart": -1, "sslEnd": -1}}
06-28 16:52:29.390  8563  8576 E WProf.db: {"ReceivedChunk": {"receivedTime": 29813.357871, "len": 7824}}
06-28 16:52:29.390  8563  8576 E WProf.db: {"ReceivedChunk": {"receivedTime": 29813.436979, "len": 32768}}
06-28 16:52:29.391  8563  8576 E WProf.db: {"ReceivedChunk": {"receivedTime": 29813.437293, "len": 28486}}
06-28 16:52:29.391  8563  8576 E WProf.db: {"ReceivedChunk": {"receivedTime": 29813.523729, "len": 9929}}
06-28 16:52:29.391  8563  8576 E WProf.db: {"ReceivedChunk": {"receivedTime": 29813.524420, "len": 28606}}
06-28 16:52:29.391  8563  8576 E WProf.db: {"WprofHTMLTag": {"code": "0xaeddd630", "doc": "http://searchengineland.com/5-questions-select-right-structure-international-websites-233301", "row": 6, "column": 42, "tagName": "html", "time": 29813.440774, "url": "", "pos": 1, "chunkLen": 1, "isStartTag": 1}}
06-28 16:52:29.391  8563  8576 E WProf.db: {"WprofHTMLTag": {"code": "0xaf047760", "doc": "http://searchengineland.com/5-questions-select-right-structure-international-websites-233301", "row": 7, "column": 6, "tagName": "head", "time": 29813.441200, "url": "", "pos": 1, "chunkLen": 1, "isStartTag": 1}}
06-28 16:52:29.391  8563  8576 E WProf.db: {"WprofHTMLTag": {"code": "0xaf047850", "doc": "http://searchengineland.com/5-questions-select-right-structure-international-websites-233301", "row": 8, "column": 54, "tagName": "meta", "time": 29813.441243, "url": "", "pos": 1, "chunkLen": 1, "isStartTag": 1}}
06-28 16:52:29.391  8563  8576 E WProf.db: {"WprofHTMLTag": {"code": "0xaf047880", "doc": "http://searchengineland.com/5-questions-select-right-structure-international-websites-233301", "row": 9, "column": 68, "tagName": "meta", "time": 29813.441381, "url": "", "pos": 1, "chunkLen": 1, "isStartTag": 1}}
06-28 16:52:29.391  8563  8576 E WProf.db: {"WprofHTMLTag": {"code": "0xaf0478b0", "doc": "http://searchengineland.com/5-questions-select-right-structure-international-websites-233301", "row": 10, "column": 23, "tagName": "meta", "time": 29813.441567, "url": "", "pos": 1, "chunkLen": 1, "isStartTag": 1}}
06-28 16:52:29.391  8563  8576 E WProf.db: {"WprofHTMLTag": {"code": "0xaf0478e0", "doc": "http://searchengineland.com/5-questions-select-right-structure-international-websites-233301", "row": 11, "column": 52, "tagName": "meta", "time": 29813.441702, "url": "", "pos": 1, "chunkLen": 1, "isStartTag": 1}}
06-28 16:52:29.391  8563  8576 E WProf.db: {"WprofHTMLTag": {"code": "0xaf047910", "doc": "http://searchengineland.com/5-questions-select-right-structure-international-websites-233301", "row": 14, "column": 56, "tagName": "meta", "time": 29813.441831, "url": "", "pos": 1, "chunkLen": 1, "isStartTag": 1}}
06-28 16:52:29.391  8563  8576 E WProf.db: {"WprofHTMLTag": {"code": "0xaf047940", "doc": "http://searchengineland.com/5-questions-select-right-structure-international-websites-233301", "row": 15, "column": 83, "tagName": "meta", "time": 29813.441940, "url": "", "pos": 1, "chunkLen": 1, "isStartTag": 1}}
06-28 16:52:29.391  8563  8576 E WProf.db: {"WprofHTMLTag": {"code": "0xaf047970", "doc": "http://searchengineland.com/5-questions-select-right-structure-international-websites-233301", "row": 16, "column": 57, "tagName": "meta", "time": 29813.442052, "url": "", "pos": 1, "chunkLen": 1, "isStartTag": 1}}
06-28 16:52:29.391  8563  8576 E WProf.db: {"WprofHTMLTag": {"code": "0xaf047a00", "doc": "http://searchengineland.com/5-questions-select-right-structure-international-websites-233301", "row": 17, "column": 41, "tagName": "meta", "time": 29813.442160, "url": "", "pos": 1, "chunkLen": 1, "isStartTag": 1}}
06-28 16:52:29.391  8563  8576 E WProf.db: {"WprofHTMLTag": {"code": "0xaf047a30", "doc": "http://searchengineland.com/5-questions-select-right-structure-international-websites-233301", "row": 18, "column": 50, "tagName": "meta", "time": 29813.442266, "url": "", "pos": 1, "chunkLen": 1, "isStartTag": 1}}
06-28 16:52:29.392  8563  8576 E WProf.db: {"WprofHTMLTag": {"code": "0xaf047a60", "doc": "http://searchengineland.com/5-questions-select-right-structure-international-websites-233301", "row": 19, "column": 174, "tagName": "meta", "time": 29813.442372, "url": "", "pos": 1, "chunkLen": 1, "isStartTag": 1}}
06-28 16:52:29.392  8563  8576 E WProf.db: {"WprofHTMLTag": {"code": "0xaf0479d0", "doc": "http://searchengineland.com/5-questions-select-right-structure-international-websites-233301", "row": 20, "column": 47, "tagName": "meta", "time": 29813.442477, "url": "", "pos": 1, "chunkLen": 1, "isStartTag": 1}}
06-28 16:52:29.392  8563  8576 E WProf.db: {"WprofHTMLTag": {"code": "0xaf0479a0", "doc": "http://searchengineland.com/5-questions-select-right-structure-international-websites-233301", "row": 21, "column": 67, "tagName": "meta", "time": 29813.442583, "url": "", "pos": 1, "chunkLen": 1, "isStartTag": 1}}
06-28 16:52:29.392  8563  8576 E WProf.db: {"WprofHTMLTag": {"code": "0xaf047a90", "doc": "http://searchengineland.com/5-questions-select-right-structure-international-websites-233301", "row": 22, "column": 57, "tagName": "meta", "time": 29813.442696, "url": "", "pos": 1, "chunkLen": 1, "isStartTag": 1}}
06-28 16:52:29.392  8563  8576 E WProf.db: {"WprofHTMLTag": {"code": "0xaf047ac0", "doc": "http://searchengineland.com/5-questions-select-right-structure-international-websites-233301", "row": 23, "column": 65, "tagName": "meta", "time": 29813.442808, "url": "", "pos": 1, "chunkLen": 1, "isStartTag": 1}}
06-28 16:52:29.392  8563  8576 E WProf.db: {"WprofHTMLTag": {"code": "0xaf047af0", "doc": "http://searchengineland.com/5-questions-select-right-structure-international-websites-233301", "row": 24, "column": 55, "tagName": "meta", "time": 29813.442922, "url": "", "pos": 1, "chunkLen": 1, "isStartTag": 1}}
06-28 16:52:29.392  8563  8576 E WProf.db: {"WprofHTMLTag": {"code": "0xaf047b20", "doc": "http://searchengineland.com/5-questions-select-right-structure-international-websites-233301", "row": 25, "column": 71, "tagName": "meta", "time": 29813.443037, "url": "", "pos": 1, "chunkLen": 1, "isStartTag": 1}}
06-28 16:52:29.392  8563  8576 E WProf.db: {"WprofHTMLTag": {"code": "0xaf047b50", "doc": "http://searchengineland.com/5-questions-select-right-structure-international-websites-233301", "row": 26, "column": 86, "tagName": "meta", "time": 29813.443143, "url": "", "pos": 1, "chunkLen": 1, "isStartTag": 1}}
06-28 16:52:29.392  8563  8576 E WProf.db: {"WprofHTMLTag": {"code": "0xaf047b80", "doc": "http://searchengineland.com/5-questions-select-right-structure-international-websites-233301", "row": 27, "column": 54, "tagName": "meta", "time": 29813.443255, "url": "", "pos": 1, "chunkLen": 1, "isStartTag": 1}}
06-28 16:52:29.392  8563  8576 E WProf.db: {"WprofHTMLTag": {"code": "0xaf047bb0", "doc": "http://searchengineland.com/5-questions-select-right-structure-international-websites-233301", "row": 29, "column": 114, "tagName": "meta", "time": 29813.443360, "url": "", "pos": 1, "chunkLen": 1, "isStartTag": 1}}
06-28 16:52:29.392  8563  8576 E WProf.db: {"WprofHTMLTag": {"code": "0xaf047be0", "doc": "http://searchengineland.com/5-questions-select-right-structure-international-websites-233301", "row": 30, "column": 242, "tagName": "meta", "time": 29813.443469, "url": "", "pos": 1, "chunkLen": 1, "isStartTag": 1}}
06-28 16:52:29.392  8563  8576 E WProf.db: {"WprofHTMLTag": {"code": "0xaf047c10", "doc": "http://searchengineland.com/5-questions-select-right-structure-international-websites-233301", "row": 31, "column": 55, "tagName": "meta", "time": 29813.443577, "url": "", "pos": 1, "chunkLen": 1, "isStartTag": 1}}
06-28 16:52:29.392  8563  8576 E WProf.db: {"WprofHTMLTag": {"code": "0xaf047c40", "doc": "http://searchengineland.com/5-questions-select-right-structure-international-websites-233301", "row": 32, "column": 54, "tagName": "meta", "time": 29813.443682, "url": "", "pos": 1, "chunkLen": 1, "isStartTag": 1}}
06-28 16:52:29.393  8563  8576 E WProf.db: {"WprofHTMLTag": {"code": "0xaf047c70", "doc": "http://searchengineland.com/5-questions-select-right-structure-international-websites-233301", "row": 33, "column": 132, "tagName": "meta", "time": 29813.443795, "url": "", "pos": 1, "chunkLen": 1, "isStartTag": 1}}
06-28 16:52:29.393  8563  8576 E WProf.db: {"WprofHTMLTag": {"code": "0xaf047ca0", "doc": "http://searchengineland.com/5-questions-select-right-structure-international-websites-233301", "row": 37, "column": 36, "tagName": "script", "time": 29813.443907, "url": "", "pos": 1, "chunkLen": 1, "isStartTag": 1}}
06-28 16:52:29.393  8563  8576 E WProf.db: {"WprofHTMLTag": {"code": "0xaf047cd0", "doc": "http://searchengineland.com/5-questions-select-right-structure-international-websites-233301", "row": 53, "column": 10, "tagName": "script", "time": 29813.444169, "url": "", "pos": 1, "chunkLen": 1, "isStartTag": 0}}
06-28 16:52:29.393  8563  8576 E WProf.db: {"WprofHTMLTag": {"code": "0xaeddd660", "doc": "http://searchengineland.com/5-questions-select-right-structure-international-websites-233301", "row": 55, "column": 86, "tagName": "link", "time": 29813.444739, "url": "http://searchengineland.com/apple-touch-icon.png", "pos": 1, "chunkLen": 1, "isStartTag": 1}}
06-28 16:52:29.393  8563  8576 E WProf.db: {"WprofHTMLTag": {"code": "0xaf047d00", "doc": "http://searchengineland.com/5-questions-select-right-structure-international-websites-233301", "row": 56, "column": 76, "tagName": "link", "time": 29813.445014, "url": "http://searchengineland.com/favicon.ico", "pos": 1, "chunkLen": 1, "isStartTag": 1}}
06-28 16:52:29.393  8563  8576 E WProf.db: {"WprofHTMLTag": {"code": "0xaf047d30", "doc": "http://searchengineland.com/5-questions-select-right-structure-international-websites-233301", "row": 57, "column": 158, "tagName": "link", "time": 29813.445207, "url": "http://feeds.searchengineland.com/searchengineland", "pos": 1, "chunkLen": 1, "isStartTag": 1}}
06-28 16:52:29.393  8563  8576 E WProf.db: {"WprofHTMLTag": {"code": "0xaf047d60", "doc": "http://searchengineland.com/5-questions-select-right-structure-international-websites-233301", "row": 58, "column": 149, "tagName": "link", "time": 29813.445478, "url": "http://feeds.searchengineland.com/searchcap", "pos": 1, "chunkLen": 1, "isStartTag": 1}}
06-28 16:52:29.393  8563  8576 E WProf.db: {"WprofHTMLTag": {"code": "0xaf047d90", "doc": "http://searchengineland.com/5-questions-select-right-structure-international-websites-233301", "row": 59, "column": 150, "tagName": "link", "time": 29813.445748, "url": "http://searchengineland.com/figz/wp-content/themes/searchengineland/css/searchengineland-bootstrap.css", "pos": 1, "chunkLen": 1, "isStartTag": 1}}
06-28 16:52:29.393  8563  8576 E WProf.db: {"WprofHTMLTag": {"code": "0xaf047df0", "doc": "http://searchengineland.com/5-questions-select-right-structure-international-websites-233301", "row": 60, "column": 105, "tagName": "link", "time": 29813.446395, "url": "http://fonts.googleapis.com/css?family=Oswald:300,400,700", "pos": 1, "chunkLen": 1, "isStartTag": 1}}
06-28 16:52:29.393  8563  8576 E WProf.db: {"WprofHTMLTag": {"code": "0xaf047e50", "doc": "http://searchengineland.com/5-questions-select-right-structure-international-websites-233301", "row": 61, "column": 125, "tagName": "link", "time": 29813.446950, "url": "http://searchengineland.com/figz/wp-content/themes/searchengineland/style.css", "pos": 1, "chunkLen": 1, "isStartTag": 1}}
06-28 16:52:29.393  8563  8576 E WProf.db: {"WprofHTMLTag": {"code": "0xaf047eb0", "doc": "http://searchengineland.com/5-questions-select-right-structure-international-websites-233301", "row": 65, "column": 7, "tagName": "title", "time": 29813.447529, "url": "", "pos": 1, "chunkLen": 1, "isStartTag": 1}}
06-28 16:52:29.393  8563  8576 E WProf.db: {"WprofHTMLTag": {"code": "0xaf047ee0", "doc": "http://searchengineland.com/5-questions-select-right-structure-international-websites-233301", "row": 65, "column": 88, "tagName": "title", "time": 29813.447762, "url": "", "pos": 1, "chunkLen": 1, "isStartTag": 0}}
06-28 16:52:29.393  8563  8576 E WProf.db: {"WprofHTMLTag": {"code": "0xaf047f10", "doc": "http://searchengineland.com/5-questions-select-right-structure-international-websites-233301", "row": 66, "column": 239, "tagName": "meta", "time": 29813.447782, "url": "", "pos": 1, "chunkLen": 1, "isStartTag": 1}}
06-28 16:52:29.393  8563  8576 E WProf.db: {"WprofHTMLTag": {"code": "0xaf047f40", "doc": "http://searchengineland.com/5-questions-select-right-structure-international-websites-233301", "row": 67, "column": 115, "tagName": "meta", "time": 29813.447899, "url": "", "pos": 1, "chunkLen": 1, "isStartTag": 1}}
06-28 16:52:29.394  8563  8576 E WProf.db: {"WprofHTMLTag": {"code": "0xaf047f70", "doc": "http://searchengineland.com/5-questions-select-right-structure-international-websites-233301", "row": 68, "column": 134, "tagName": "meta", "time": 29813.448008, "url": "", "pos": 1, "chunkLen": 1, "isStartTag": 1}}
06-28 16:52:29.394  8563  8576 E WProf.db: {"WprofHTMLTag": {"code": "0xaf047fa0", "doc": "http://searchengineland.com/5-questions-select-right-structure-international-websites-233301", "row": 69, "column": 37, "tagName": "meta", "time": 29813.448113, "url": "", "pos": 1, "chunkLen": 1, "isStartTag": 1}}
06-28 16:52:29.394  8563  8576 E WProf.db: {"WprofHTMLTag": {"code": "0xaf047fd0", "doc": "http://searchengineland.com/5-questions-select-right-structure-international-websites-233301", "row": 70, "column": 124, "tagName": "link", "time": 29813.448222, "url": "http://searchengineland.com/5-questions-select-right-structure-international-websites-233301", "pos": 1, "chunkLen": 1, "isStartTag": 1}}
06-28 16:52:29.394  8563  8576 E WProf.db: {"WprofHTMLTag": {"code": "0xb4cc74b0", "doc": "http://searchengineland.com/5-questions-select-right-structure-international-websites-233301", "row": 71, "column": 76, "tagName": "link", "time": 29813.448419, "url": "https://plus.google.com/103218677032751327334", "pos": 1, "chunkLen": 1, "isStartTag": 1}}
06-28 16:52:29.394  8563  8576 E WProf.db: {"WprofHTMLTag": {"code": "0xb4cc7540", "doc": "http://searchengineland.com/5-questions-select-right-structure-international-websites-233301", "row": 72, "column": 45, "tagName": "meta", "time": 29813.448605, "url": "", "pos": 1, "chunkLen": 1, "isStartTag": 1}}
06-28 16:52:29.394  8563  8576 E WProf.db: {"WprofHTMLTag": {"code": "0xb4cc78a0", "doc": "http://searchengineland.com/5-questions-select-right-structure-international-websites-233301", "row": 73, "column": 45, "tagName": "meta", "time": 29813.448712, "url": "", "pos": 1, "chunkLen": 1, "isStartTag": 1}}
06-28 16:52:29.394  8563  8576 E WProf.db: {"WprofHTMLTag": {"code": "0xb4cc78d0", "doc": "http://searchengineland.com/5-questions-select-right-structure-international-websites-233301", "row": 74, "column": 112, "tagName": "meta", "time": 29813.448827, "url": "", "pos": 1, "chunkLen": 1, "isStartTag": 1}}
06-28 16:52:29.394  8563  8576 E WProf.db: {"WprofHTMLTag": {"code": "0xb4cc7900", "doc": "http://searchengineland.com/5-questions-select-right-structure-international-websites-233301", "row": 75, "column": 247, "tagName": "meta", "time": 29813.448939, "url": "", "pos": 1, "chunkLen": 1, "isStartTag": 1}}
06-28 16:52:29.394  8563  8576 E WProf.db: {"WprofHTMLTag": {"code": "0xb4cc7930", "doc": "http://searchengineland.com/5-questions-select-right-structure-international-websites-233301", "row": 76, "column": 129, "tagName": "meta", "time": 29813.449048, "url": "", "pos": 1, "chunkLen": 1, "isStartTag": 1}}
06-28 16:52:29.394  8563  8576 E WProf.db: {"WprofHTMLTag": {"code": "0xb4cc7960", "doc": "http://searchengineland.com/5-questions-select-right-structure-international-websites-233301", "row": 77, "column": 61, "tagName": "meta", "time": 29813.449162, "url": "", "pos": 1, "chunkLen": 1, "isStartTag": 1}}
06-28 16:52:29.394  8563  8576 E WProf.db: {"WprofHTMLTag": {"code": "0xb4cc7990", "doc": "http://searchengineland.com/5-questions-select-right-structure-international-websites-233301", "row": 78, "column": 89, "tagName": "meta", "time": 29813.449271, "url": "", "pos": 1, "chunkLen": 1, "isStartTag": 1}}
06-28 16:52:29.394  8563  8576 E WProf.db: {"WprofHTMLTag": {"code": "0xb4cc79c0", "doc": "http://searchengineland.com/5-questions-select-right-structure-international-websites-233301", "row": 79, "column": 67, "tagName": "meta", "time": 29813.449378, "url": "", "pos": 1, "chunkLen": 1, "isStartTag": 1}}
06-28 16:52:29.394  8563  8576 E WProf.db: {"WprofHTMLTag": {"code": "0xb4cc79f0", "doc": "http://searchengineland.com/5-questions-select-right-structure-international-websites-233301", "row": 80, "column": 78, "tagName": "meta", "time": 29813.449494, "url": "", "pos": 1, "chunkLen": 1, "isStartTag": 1}}
06-28 16:52:29.395  8563  8576 E WProf.db: {"WprofHTMLTag": {"code": "0xb4cc7a20", "doc": "http://searchengineland.com/5-questions-select-right-structure-international-websites-233301", "row": 81, "column": 148, "tagName": "meta", "time": 29813.449607, "url": "", "pos": 1, "chunkLen": 1, "isStartTag": 1}}
06-28 16:52:29.395  8563  8576 E WProf.db: {"WprofHTMLTag": {"code": "0xb4cc7a50", "doc": "http://searchengineland.com/5-questions-select-right-structure-international-websites-233301", "row": 82, "column": 58, "tagName": "meta", "time": 29813.449726, "url": "", "pos": 1, "chunkLen": 1, "isStartTag": 1}}
06-28 16:52:29.395  8563  8576 E WProf.db: {"WprofHTMLTag": {"code": "0xb4cc7a80", "doc": "http://searchengineland.com/5-questions-select-right-structure-international-websites-233301", "row": 83, "column": 248, "tagName": "meta", "time": 29813.449835, "url": "", "pos": 1, "chunkLen": 1, "isStartTag": 1}}
06-28 16:52:29.395  8563  8576 E WProf.db: {"WprofHTMLTag": {"code": "0xb4cc7ab0", "doc": "http://searchengineland.com/5-questions-select-right-structure-international-websites-233301", "row": 84, "column": 113, "tagName": "meta", "time": 29813.449947, "url": "", "pos": 1, "chunkLen": 1, "isStartTag": 1}}
06-28 16:52:29.395  8563  8576 E WProf.db: {"WprofHTMLTag": {"code": "0xb4cc7ae0", "doc": "http://searchengineland.com/5-questions-select-right-structure-international-websites-233301", "row": 85, "column": 51, "tagName": "meta", "time": 29813.450097, "url": "", "pos": 1, "chunkLen": 1, "isStartTag": 1}}
06-28 16:52:29.395  8563  8576 E WProf.db: {"WprofHTMLTag": {"code": "0xb4cc7b10", "doc": "http://searchengineland.com/5-questions-select-right-structure-international-websites-233301", "row": 86, "column": 149, "tagName": "meta", "time": 29813.450202, "url": "", "pos": 1, "chunkLen": 1, "isStartTag": 1}}
06-28 16:52:29.395  8563  8576 E WProf.db: {"WprofHTMLTag": {"code": "0xb4cc7b40", "doc": "http://searchengineland.com/5-questions-select-right-structure-international-websites-233301", "row": 87, "column": 49, "tagName": "meta", "time": 29813.450321, "url": "", "pos": 1, "chunkLen": 1, "isStartTag": 1}}
06-28 16:52:29.395  8563  8576 E WProf.db: {"WprofHTMLTag": {"code": "0xb4cc7b70", "doc": "http://searchengineland.com/5-questions-select-right-structure-international-websites-233301", "row": 90, "column": 44, "tagName": "link", "time": 29813.450436, "url": "http://s.w.org/", "pos": 1, "chunkLen": 1, "isStartTag": 1}}
06-28 16:52:29.395  8563  8576 E WProf.db: {"WprofHTMLTag": {"code": "0xb4cc7ba0", "doc": "http://searchengineland.com/5-questions-select-right-structure-international-websites-233301", "row": 91, "column": 33, "tagName": "script", "time": 29813.450646, "url": "", "pos": 1, "chunkLen": 1, "isStartTag": 1}}
06-28 16:52:29.395  8563  8576 E WProf.db: {"WprofHTMLTag": {"code": "0xb4cc7bd0", "doc": "http://searchengineland.com/5-questions-select-right-structure-international-websites-233301", "row": 94, "column": 11, "tagName": "script", "time": 29813.450947, "url": "http://searchengineland.com/figz/wp-includes/js/wp-emoji-release.min.js?ver=4.7.5", "pos": 1, "chunkLen": 1, "isStartTag": 0}}
06-28 16:52:29.395  8563  8576 E WProf.db: {"WprofHTMLTag": {"code": "0xaec5e8a0", "doc": "http://searchengineland.com/5-questions-select-right-structure-international-websites-233301", "row": 95, "column": 25, "tagName": "style", "time": 29814.104096, "url": "", "pos": 1, "chunkLen": 1, "isStartTag": 1}}
06-28 16:52:29.395  8563  8576 E WProf.db: {"WprofHTMLTag": {"code": "0xaec5e8d0", "doc": "http://searchengineland.com/5-questions-select-right-structure-international-websites-233301", "row": 108, "column": 8, "tagName": "style", "time": 29814.104361, "url": "", "pos": 1, "chunkLen": 1, "isStartTag": 0}}
06-28 16:52:29.395  8563  8576 E WProf.db: {"WprofHTMLTag": {"code": "0xaec5e900", "doc": "http://searchengineland.com/5-questions-select-right-structure-international-websites-233301", "row": 109, "column": 140, "tagName": "script", "time": 29814.105946, "url": "http://searchengineland.com/figz/wp-content/themes/searchengineland/js/lib/modernizr.custom.js?ver=1.0", "pos": 1, "chunkLen": 1, "isStartTag": 1}}
06-28 16:52:29.395  8563  8576 E WProf.db: {"WprofHTMLTag": {"code": "0xaec5e930", "doc": "http://searchengineland.com/5-questions-select-right-structure-international-websites-233301", "row": 109, "column": 149, "tagName": "script", "time": 29814.106197, "url": "", "pos": 1, "chunkLen": 1, "isStartTag": 0}}
06-28 16:52:29.396  8563  8576 E WProf.db: {"WprofHTMLTag": {"code": "0xaedddb40", "doc": "http://searchengineland.com/5-questions-select-right-structure-international-websites-233301", "row": 110, "column": 144, "tagName": "script", "time": 29814.120265, "url": "http://searchengineland.com/figz/wp-content/themes/searchengineland/js/lib/jquery-1.11.0.min.js?ver=1.11.0", "pos": 1, "chunkLen": 1, "isStartTag": 1}}
06-28 16:52:29.396  8563  8576 E WProf.db: {"WprofHTMLTag": {"code": "0xaedddab0", "doc": "http://searchengineland.com/5-questions-select-right-structure-international-websites-233301", "row": 110, "column": 153, "tagName": "script", "time": 29814.120501, "url": "", "pos": 1, "chunkLen": 1, "isStartTag": 0}}
06-28 16:52:29.396  8563  8576 E WProf.db: {"WprofHTMLTag": {"code": "0xaeddded0", "doc": "http://searchengineland.com/5-questions-select-right-structure-international-websites-233301", "row": 0, "column": 15, "tagName": "div", "time": 29814.182494, "url": "", "pos": 15, "chunkLen": 44, "isStartTag": 1}}
06-28 16:52:29.396  8563  8576 E WProf.db: {"WprofHTMLTag": {"code": "0xaedddea0", "doc": "http://searchengineland.com/5-questions-select-right-structure-international-websites-233301", "row": 0, "column": 21, "tagName": "div", "time": 29814.182627, "url": "", "pos": 21, "chunkLen": 44, "isStartTag": 0}}
06-28 16:52:29.396  8563  8576 E WProf.db: {"WprofHTMLTag": {"code": "0xaeddde70", "doc": "http://searchengineland.com/5-questions-select-right-structure-international-websites-233301", "row": 0, "column": 38, "tagName": "div", "time": 29814.182689, "url": "", "pos": 38, "chunkLen": 44, "isStartTag": 1}}
06-28 16:52:29.396  8563  8576 E WProf.db: {"WprofHTMLTag": {"code": "0xaedddbd0", "doc": "http://searchengineland.com/5-questions-select-right-structure-international-websites-233301", "row": 0, "column": 44, "tagName": "div", "time": 29814.182802, "url": "", "pos": 44, "chunkLen": 44, "isStartTag": 0}}
06-28 16:52:29.396  8563  8576 E WProf.db: {"WprofHTMLTag": {"code": "0xaeddde40", "doc": "http://searchengineland.com/5-questions-select-right-structure-international-websites-233301", "row": 0, "column": 13, "tagName": "select", "time": 29814.184137, "url": "", "pos": 13, "chunkLen": 51, "isStartTag": 1}}
06-28 16:52:29.396  8563  8576 E WProf.db: {"WprofHTMLTag": {"code": "0xaec5e9f0", "doc": "http://searchengineland.com/5-questions-select-right-structure-international-websites-233301", "row": 0, "column": 33, "tagName": "option", "time": 29814.184327, "url": "", "pos": 33, "chunkLen": 51, "isStartTag": 1}}
06-28 16:52:29.396  8563  8576 E WProf.db: {"WprofHTMLTag": {"code": "0xaec5ea20", "doc": "http://searchengineland.com/5-questions-select-right-structure-international-websites-233301", "row": 0, "column": 42, "tagName": "option", "time": 29814.184547, "url": "", "pos": 42, "chunkLen": 51, "isStartTag": 0}}
06-28 16:52:29.396  8563  8576 E WProf.db: {"WprofHTMLTag": {"code": "0xaec5ea50", "doc": "http://searchengineland.com/5-questions-select-right-structure-international-websites-233301", "row": 0, "column": 51, "tagName": "select", "time": 29814.184602, "url": "", "pos": 51, "chunkLen": 51, "isStartTag": 0}}
06-28 16:52:29.396  8563  8576 E WProf.db: {"WprofHTMLTag": {"code": "0xaec5ea80", "doc": "http://searchengineland.com/5-questions-select-right-structure-international-websites-233301", "row": 0, "column": 12, "tagName": "a", "time": 29814.189079, "url": "", "pos": 12, "chunkLen": 16, "isStartTag": 1}}
06-28 16:52:29.396  8563  8576 E WProf.db: {"WprofHTMLTag": {"code": "0xaec5eab0", "doc": "http://searchengineland.com/5-questions-select-right-structure-international-websites-233301", "row": 0, "column": 16, "tagName": "a", "time": 29814.189255, "url": "", "pos": 16, "chunkLen": 16, "isStartTag": 0}}
06-28 16:52:29.396  8563  8576 E WProf.db: {"WprofHTMLTag": {"code": "0xaec5eae0", "doc": "http://searchengineland.com/5-questions-select-right-structure-international-websites-233301", "row": 0, "column": 8, "tagName": "input", "time": 29814.190351, "url": "", "pos": 8, "chunkLen": 8, "isStartTag": 1}}
06-28 16:52:29.396  8563  8576 E WProf.db: {"WprofHTMLTag": {"code": "0xaec5eb10", "doc": "http://searchengineland.com/5-questions-select-right-structure-international-websites-233301", "row": 0, "column": 9, "tagName": "link", "time": 29814.199903, "url": "", "pos": 9, "chunkLen": 42, "isStartTag": 1}}
06-28 16:52:29.397  8563  8576 E WProf.db: {"WprofHTMLTag": {"code": "0xaec5eb40", "doc": "http://searchengineland.com/5-questions-select-right-structure-international-websites-233301", "row": 0, "column": 16, "tagName": "table", "time": 29814.200080, "url": "", "pos": 16, "chunkLen": 42, "isStartTag": 1}}
06-28 16:52:29.397  8563  8576 E WProf.db: {"WprofHTMLTag": {"code": "0xaec5eb70", "doc": "http://searchengineland.com/5-questions-select-right-structure-international-websites-233301", "row": 0, "column": 24, "tagName": "table", "time": 29814.200195, "url": "", "pos": 24, "chunkLen": 42, "isStartTag": 0}}
06-28 16:52:29.397  8563  8576 E WProf.db: {"WprofHTMLTag": {"code": "0xaec5eba0", "doc": "http://searchengineland.com/5-questions-select-right-structure-international-websites-233301", "row": 0, "column": 37, "tagName": "a", "time": 29814.200263, "url": "", "pos": 37, "chunkLen": 42, "isStartTag": 1}}
06-28 16:52:29.397  8563  8576 E WProf.db: {"WprofHTMLTag": {"code": "0xaec5ebd0", "doc": "http://searchengineland.com/5-questions-select-right-structure-international-websites-233301", "row": 0, "column": 42, "tagName": "a", "time": 29814.200449, "url": "", "pos": 42, "chunkLen": 42, "isStartTag": 0}}
06-28 16:52:29.397  8563  8576 E WProf.db: {"WprofHTMLTag": {"code": "0xaec5ec60", "doc": "http://searchengineland.com/5-questions-select-right-structure-international-websites-233301", "row": 0, "column": 10, "tagName": "textarea", "time": 29814.201629, "url": "", "pos": 10, "chunkLen": 22, "isStartTag": 1}}
06-28 16:52:29.397  8563  8576 E WProf.db: {"WprofHTMLTag": {"code": "0xaec5ec90", "doc": "http://searchengineland.com/5-questions-select-right-structure-international-websites-233301", "row": 0, "column": 22, "tagName": "textarea", "time": 29814.201816, "url": "", "pos": 22, "chunkLen": 22, "isStartTag": 0}}
06-28 16:52:29.397  8563  8576 E WProf.db: {"WprofHTMLTag": {"code": "0xaec5ecc0", "doc": "http://searchengineland.com/5-questions-select-right-structure-international-websites-233301", "row": 0, "column": 48, "tagName": "input", "time": 29814.202979, "url": "", "pos": 48, "chunkLen": 48, "isStartTag": 1}}
06-28 16:52:29.397  8563  8576 E WProf.db: {"WprofHTMLTag": {"code": "0xaec5ed20", "doc": "http://searchengineland.com/5-questions-select-right-structure-international-websites-233301", "row": 0, "column": 9, "tagName": "link", "time": 29814.207262, "url": "", "pos": 9, "chunkLen": 66, "isStartTag": 1}}
06-28 16:52:29.397  8563  8576 E WProf.db: {"WprofHTMLTag": {"code": "0xaec5ed50", "doc": "http://searchengineland.com/5-questions-select-right-structure-international-websites-233301", "row": 0, "column": 16, "tagName": "table", "time": 29814.207389, "url": "", "pos": 16, "chunkLen": 66, "isStartTag": 1}}
06-28 16:52:29.397  8563  8576 E WProf.db: {"WprofHTMLTag": {"code": "0xaec5ed80", "doc": "http://searchengineland.com/5-questions-select-right-structure-international-websites-233301", "row": 0, "column": 24, "tagName": "table", "time": 29814.207461, "url": "", "pos": 24, "chunkLen": 66, "isStartTag": 0}}
06-28 16:52:29.397  8563  8576 E WProf.db: {"WprofHTMLTag": {"code": "0xaec5edb0", "doc": "http://searchengineland.com/5-questions-select-right-structure-international-websites-233301", "row": 0, "column": 37, "tagName": "a", "time": 29814.207528, "url": "", "pos": 37, "chunkLen": 66, "isStartTag": 1}}
06-28 16:52:29.397  8563  8576 E WProf.db: {"WprofHTMLTag": {"code": "0xaec5ede0", "doc": "http://searchengineland.com/5-questions-select-right-structure-international-websites-233301", "row": 0, "column": 42, "tagName": "a", "time": 29814.207708, "url": "", "pos": 42, "chunkLen": 66, "isStartTag": 0}}
06-28 16:52:29.397  8563  8576 E WProf.db: {"WprofHTMLTag": {"code": "0xaec5ee10", "doc": "http://searchengineland.com/5-questions-select-right-structure-international-websites-233301", "row": 0, "column": 66, "tagName": "input", "time": 29814.207773, "url": "", "pos": 66, "chunkLen": 66, "isStartTag": 1}}
06-28 16:52:29.397  8563  8576 E WProf.db: {"WprofHTMLTag": {"code": "0xaec5eea0", "doc": "http://searchengineland.com/5-questions-select-right-structure-international-websites-233301", "row": 0, "column": 9, "tagName": "link", "time": 29814.209881, "url": "", "pos": 9, "chunkLen": 66, "isStartTag": 1}}
06-28 16:52:29.398  8563  8576 E WProf.db: {"WprofHTMLTag": {"code": "0xaec5eed0", "doc": "http://searchengineland.com/5-questions-select-right-structure-international-websites-233301", "row": 0, "column": 16, "tagName": "table", "time": 29814.209999, "url": "", "pos": 16, "chunkLen": 66, "isStartTag": 1}}
06-28 16:52:29.398  8563  8576 E WProf.db: {"WprofHTMLTag": {"code": "0xaec5ef00", "doc": "http://searchengineland.com/5-questions-select-right-structure-international-websites-233301", "row": 0, "column": 24, "tagName": "table", "time": 29814.210115, "url": "", "pos": 24, "chunkLen": 66, "isStartTag": 0}}
06-28 16:52:29.398  8563  8576 E WProf.db: {"WprofHTMLTag": {"code": "0xaec5ef30", "doc": "http://searchengineland.com/5-questions-select-right-structure-international-websites-233301", "row": 0, "column": 37, "tagName": "a", "time": 29814.210178, "url": "", "pos": 37, "chunkLen": 66, "isStartTag": 1}}
06-28 16:52:29.398  8563  8576 E WProf.db: {"WprofHTMLTag": {"code": "0xaec5ef60", "doc": "http://searchengineland.com/5-questions-select-right-structure-international-websites-233301", "row": 0, "column": 42, "tagName": "a", "time": 29814.210351, "url": "", "pos": 42, "chunkLen": 66, "isStartTag": 0}}
06-28 16:52:29.398  8563  8576 E WProf.db: {"WprofHTMLTag": {"code": "0xaec5ef90", "doc": "http://searchengineland.com/5-questions-select-right-structure-international-websites-233301", "row": 0, "column": 66, "tagName": "input", "time": 29814.210412, "url": "", "pos": 66, "chunkLen": 66, "isStartTag": 1}}
06-28 16:52:29.398  8563  8576 E WProf.db: {"WprofHTMLTag": {"code": "0xaec5eff0", "doc": "http://searchengineland.com/5-questions-select-right-structure-international-websites-233301", "row": 0, "column": 9, "tagName": "link", "time": 29814.214883, "url": "", "pos": 9, "chunkLen": 66, "isStartTag": 1}}
06-28 16:52:29.398  8563  8576 E WProf.db: {"WprofHTMLTag": {"code": "0xaec5f020", "doc": "http://searchengineland.com/5-questions-select-right-structure-international-websites-233301", "row": 0, "column": 16, "tagName": "table", "time": 29814.215005, "url": "", "pos": 16, "chunkLen": 66, "isStartTag": 1}}
06-28 16:52:29.398  8563  8576 E WProf.db: {"WprofHTMLTag": {"code": "0xaec5f050", "doc": "http://searchengineland.com/5-questions-select-right-structure-international-websites-233301", "row": 0, "column": 24, "tagName": "table", "time": 29814.215084, "url": "", "pos": 24, "chunkLen": 66, "isStartTag": 0}}
06-28 16:52:29.398  8563  8576 E WProf.db: {"WprofHTMLTag": {"code": "0xaec5f080", "doc": "http://searchengineland.com/5-questions-select-right-structure-international-websites-233301", "row": 0, "column": 37, "tagName": "a", "time": 29814.215149, "url": "", "pos": 37, "chunkLen": 66, "isStartTag": 1}}
06-28 16:52:29.398  8563  8576 E WProf.db: {"WprofHTMLTag": {"code": "0xaec5f0b0", "doc": "http://searchengineland.com/5-questions-select-right-structure-international-websites-233301", "row": 0, "column": 42, "tagName": "a", "time": 29814.215326, "url": "", "pos": 42, "chunkLen": 66, "isStartTag": 0}}
