06-28 12:28:40.791  9436  9486 E chromium: [ERROR:gles2_cmd_decoder.cc(3852)] [.ChromiumCompositor-0xacbb34c0]GL ERROR :GL_INVALID_ENUM : glDiscardFramebufferEXT: attachments was GL_COLOR_EXT
06-28 12:28:40.804  9436  9486 E chromium: [ERROR:gles2_cmd_decoder.cc(3852)] [.ChromiumCompositor-0xacbb34c0]GL ERROR :GL_INVALID_ENUM : glDiscardFramebufferEXT: attachments was GL_COLOR_EXT
06-28 12:28:40.820  9436  9486 E chromium: [ERROR:gles2_cmd_decoder.cc(3852)] [.ChromiumCompositor-0xacbb34c0]GL ERROR :GL_INVALID_ENUM : glDiscardFramebufferEXT: attachments was GL_COLOR_EXT
06-28 12:28:40.826  9505  9518 E WPROF   : {"Javascript": {"url": "https://3p.ampproject.net/1498506512561/f.js", "requestTime": 13997.881327}}
06-28 12:28:40.837  9436  9486 E chromium: [ERROR:gles2_cmd_decoder.cc(3852)] [.ChromiumCompositor-0xacbb34c0]GL ERROR :GL_INVALID_ENUM : glDiscardFramebufferEXT: attachments was GL_COLOR_EXT
06-28 12:28:40.853  9436  9486 E chromium: [ERROR:gles2_cmd_decoder.cc(3852)] [.ChromiumCompositor-0xacbb34c0]GL ERROR :GL_INVALID_ENUM : glDiscardFramebufferEXT: attachments was GL_COLOR_EXT
06-28 12:28:40.869  9436  9486 E chromium: [ERROR:gles2_cmd_decoder.cc(3852)] [.ChromiumCompositor-0xacbb34c0]GL ERROR :GL_INVALID_ENUM : glDiscardFramebufferEXT: attachments was GL_COLOR_EXT
06-28 12:28:40.887  9436  9486 E chromium: [ERROR:gles2_cmd_decoder.cc(3852)] [.ChromiumCompositor-0xacbb34c0]GL ERROR :GL_INVALID_ENUM : glDiscardFramebufferEXT: attachments was GL_COLOR_EXT
06-28 12:28:40.909  9436  9486 E chromium: [ERROR:gles2_cmd_decoder.cc(3852)] [.ChromiumCompositor-0xacbb34c0]GL ERROR :GL_INVALID_ENUM : glDiscardFramebufferEXT: attachments was GL_COLOR_EXT
06-28 12:28:40.929  9436  9486 E chromium: [ERROR:gles2_cmd_decoder.cc(3852)] [.ChromiumCompositor-0xacbb34c0]GL ERROR :GL_INVALID_ENUM : glDiscardFramebufferEXT: attachments was GL_COLOR_EXT
06-28 12:28:40.941  9436  9486 E chromium: [ERROR:gles2_cmd_decoder.cc(3852)] [.ChromiumCompositor-0xacbb34c0]GL ERROR :GL_INVALID_ENUM : glDiscardFramebufferEXT: attachments was GL_COLOR_EXT
06-28 12:28:40.959  9436  9486 E chromium: [ERROR:gles2_cmd_decoder.cc(3852)] [.ChromiumCompositor-0xacbb34c0]GL ERROR :GL_INVALID_ENUM : glDiscardFramebufferEXT: attachments was GL_COLOR_EXT
06-28 12:28:40.971  9436  9486 E chromium: [ERROR:gles2_cmd_decoder.cc(3852)] [.ChromiumCompositor-0xacbb34c0]GL ERROR :GL_INVALID_ENUM : glDiscardFramebufferEXT: attachments was GL_COLOR_EXT
06-28 12:28:40.994  9436  9486 E chromium: [ERROR:gles2_cmd_decoder.cc(3852)] [.ChromiumCompositor-0xacbb34c0]GL ERROR :GL_INVALID_ENUM : glDiscardFramebufferEXT: attachments was GL_COLOR_EXT
06-28 12:28:41.009  9436  9486 E chromium: [ERROR:gles2_cmd_decoder.cc(3852)] [.ChromiumCompositor-0xacbb34c0]GL ERROR :GL_INVALID_ENUM : glDiscardFramebufferEXT: attachments was GL_COLOR_EXT
06-28 12:28:41.023  9436  9486 E chromium: [ERROR:gles2_cmd_decoder.cc(3852)] [.ChromiumCompositor-0xacbb34c0]GL ERROR :GL_INVALID_ENUM : glDiscardFramebufferEXT: attachments was GL_COLOR_EXT
06-28 12:28:41.039  9436  9486 E chromium: [ERROR:gles2_cmd_decoder.cc(3852)] [.ChromiumCompositor-0xacbb34c0]GL ERROR :GL_INVALID_ENUM : glDiscardFramebufferEXT: attachments was GL_COLOR_EXT
06-28 12:28:41.058  9436  9486 E chromium: [ERROR:gles2_cmd_decoder.cc(3852)] [.ChromiumCompositor-0xacbb34c0]GL ERROR :GL_INVALID_ENUM : glDiscardFramebufferEXT: attachments was GL_COLOR_EXT
06-28 12:28:41.073  9436  9486 E chromium: [ERROR:gles2_cmd_decoder.cc(3852)] [.ChromiumCompositor-0xacbb34c0]GL ERROR :GL_INVALID_ENUM : glDiscardFramebufferEXT: attachments was GL_COLOR_EXT
06-28 12:28:41.091  9436  9486 E chromium: [ERROR:gles2_cmd_decoder.cc(3852)] [.ChromiumCompositor-0xacbb34c0]GL ERROR :GL_INVALID_ENUM : glDiscardFramebufferEXT: attachments was GL_COLOR_EXT
06-28 12:28:41.108  9436  9486 E chromium: [ERROR:gles2_cmd_decoder.cc(3852)] [.ChromiumCompositor-0xacbb34c0]GL ERROR :GL_INVALID_ENUM : glDiscardFramebufferEXT: attachments was GL_COLOR_EXT
06-28 12:28:41.124  9436  9486 E chromium: [ERROR:gles2_cmd_decoder.cc(3852)] [.ChromiumCompositor-0xacbb34c0]GL ERROR :GL_INVALID_ENUM : glDiscardFramebufferEXT: attachments was GL_COLOR_EXT
06-28 12:28:41.139  9436  9486 E chromium: [ERROR:gles2_cmd_decoder.cc(3852)] [.ChromiumCompositor-0xacbb34c0]GL ERROR :GL_INVALID_ENUM : glDiscardFramebufferEXT: attachments was GL_COLOR_EXT
06-28 12:28:41.157  9436  9486 E chromium: [ERROR:gles2_cmd_decoder.cc(3852)] [.ChromiumCompositor-0xacbb34c0]GL ERROR :GL_INVALID_ENUM : glDiscardFramebufferEXT: attachments was GL_COLOR_EXT
06-28 12:28:41.178  9436  9486 E chromium: [ERROR:gles2_cmd_decoder.cc(3852)] [.ChromiumCompositor-0xacbb34c0]GL ERROR :GL_INVALID_ENUM : glDiscardFramebufferEXT: attachments was GL_COLOR_EXT
06-28 12:28:41.190  9436  9486 E chromium: [ERROR:gles2_cmd_decoder.cc(3852)] [.ChromiumCompositor-0xacbb34c0]GL ERROR :GL_INVALID_ENUM : glDiscardFramebufferEXT: attachments was GL_COLOR_EXT
06-28 12:28:41.207  9436  9486 E chromium: [ERROR:gles2_cmd_decoder.cc(3852)] [.ChromiumCompositor-0xacbb34c0]GL ERROR :GL_INVALID_ENUM : glDiscardFramebufferEXT: attachments was GL_COLOR_EXT
06-28 12:28:41.228  9436  9486 E chromium: [ERROR:gles2_cmd_decoder.cc(3852)] [.ChromiumCompositor-0xacbb34c0]GL ERROR :GL_INVALID_ENUM : glDiscardFramebufferEXT: attachments was GL_COLOR_EXT
06-28 12:28:41.243  9436  9486 E chromium: [ERROR:gles2_cmd_decoder.cc(3852)] [.ChromiumCompositor-0xacbb34c0]GL ERROR :GL_INVALID_ENUM : glDiscardFramebufferEXT: attachments was GL_COLOR_EXT
06-28 12:28:41.256  9436  9486 E chromium: [ERROR:gles2_cmd_decoder.cc(3852)] [.ChromiumCompositor-0xacbb34c0]GL ERROR :GL_INVALID_ENUM : glDiscardFramebufferEXT: attachments was GL_COLOR_EXT
06-28 12:28:41.273  9436  9486 E chromium: [ERROR:gles2_cmd_decoder.cc(3852)] [.ChromiumCompositor-0xacbb34c0]GL ERROR :GL_INVALID_ENUM : glDiscardFramebufferEXT: attachments was GL_COLOR_EXT
06-28 12:28:41.290  9436  9486 E chromium: [ERROR:gles2_cmd_decoder.cc(3852)] [.ChromiumCompositor-0xacbb34c0]GL ERROR :GL_INVALID_ENUM : glDiscardFramebufferEXT: attachments was GL_COLOR_EXT
06-28 12:28:41.307  9436  9486 E chromium: [ERROR:gles2_cmd_decoder.cc(3852)] [.ChromiumCompositor-0xacbb34c0]GL ERROR :GL_INVALID_ENUM : glDiscardFramebufferEXT: attachments was GL_COLOR_EXT
06-28 12:28:41.322  9505  9518 E WPROF   : {"Javascript": {"url": "https://securepubads.g.doubleclick.net/static/glade.js", "requestTime": 13998.377598}}
06-28 12:28:41.325  9436  9486 E chromium: [ERROR:gles2_cmd_decoder.cc(3852)] [.ChromiumCompositor-0xacbb34c0]GL ERROR :GL_INVALID_ENUM : glDiscardFramebufferEXT: attachments was GL_COLOR_EXT
06-28 12:28:41.351  9436  9486 E chromium: [ERROR:gles2_cmd_decoder.cc(3852)] [.ChromiumCompositor-0xacbb34c0]GL ERROR :GL_INVALID_ENUM : glDiscardFramebufferEXT: attachments was GL_COLOR_EXT
06-28 12:28:41.386  9436  9486 E chromium: [ERROR:gles2_cmd_decoder.cc(3852)] [.ChromiumCompositor-0xacbb34c0]GL ERROR :GL_INVALID_ENUM : glDiscardFramebufferEXT: attachments was GL_COLOR_EXT
06-28 12:28:41.396  9436  9486 E chromium: [ERROR:gles2_cmd_decoder.cc(3852)] [.ChromiumCompositor-0xacbb34c0]GL ERROR :GL_INVALID_ENUM : glDiscardFramebufferEXT: attachments was GL_COLOR_EXT
06-28 12:28:41.398  9436  9486 E chromium: [ERROR:gles2_cmd_decoder.cc(3852)] [.ChromiumCompositor-0xacbb34c0]GL ERROR :GL_INVALID_ENUM : glDiscardFramebufferEXT: attachments was GL_COLOR_EXT
06-28 12:28:41.413  9436  9486 E chromium: [ERROR:gles2_cmd_decoder.cc(3852)] [.ChromiumCompositor-0xacbb34c0]GL ERROR :GL_INVALID_ENUM : glDiscardFramebufferEXT: attachments was GL_COLOR_EXT
06-28 12:28:41.424  9436  9486 E chromium: [ERROR:gles2_cmd_decoder.cc(3852)] [.ChromiumCompositor-0xacbb34c0]GL ERROR :GL_INVALID_ENUM : glDiscardFramebufferEXT: attachments was GL_COLOR_EXT
06-28 12:28:41.440  9436  9486 E chromium: [ERROR:gles2_cmd_decoder.cc(3852)] [.ChromiumCompositor-0xacbb34c0]GL ERROR :GL_INVALID_ENUM : glDiscardFramebufferEXT: attachments was GL_COLOR_EXT
06-28 12:28:41.459  9436  9486 E chromium: [ERROR:gles2_cmd_decoder.cc(3852)] [.ChromiumCompositor-0xacbb34c0]GL ERROR :GL_INVALID_ENUM : glDiscardFramebufferEXT: attachments was GL_COLOR_EXT
06-28 12:28:41.479  9436  9486 E chromium: [ERROR:gles2_cmd_decoder.cc(3852)] [.ChromiumCompositor-0xacbb34c0]GL ERROR :GL_INVALID_ENUM : glDiscardFramebufferEXT: attachments was GL_COLOR_EXT
06-28 12:28:41.496  9436  9486 E chromium: [ERROR:gles2_cmd_decoder.cc(3852)] [.ChromiumCompositor-0xacbb34c0]GL ERROR :GL_INVALID_ENUM : glDiscardFramebufferEXT: attachments was GL_COLOR_EXT
06-28 12:28:41.510  9436  9486 E chromium: [ERROR:gles2_cmd_decoder.cc(3852)] [.ChromiumCompositor-0xacbb34c0]GL ERROR :GL_INVALID_ENUM : glDiscardFramebufferEXT: attachments was GL_COLOR_EXT
06-28 12:28:41.527  9436  9486 E chromium: [ERROR:gles2_cmd_decoder.cc(3852)] [.ChromiumCompositor-0xacbb34c0]GL ERROR :GL_INVALID_ENUM : glDiscardFramebufferEXT: attachments was GL_COLOR_EXT
06-28 12:28:41.542  9436  9486 E chromium: [ERROR:gles2_cmd_decoder.cc(3852)] [.ChromiumCompositor-0xacbb34c0]GL ERROR :GL_INVALID_ENUM : glDiscardFramebufferEXT: attachments was GL_COLOR_EXT
06-28 12:28:41.560  9436  9486 E chromium: [ERROR:gles2_cmd_decoder.cc(3852)] [.ChromiumCompositor-0xacbb34c0]GL ERROR :GL_INVALID_ENUM : glDiscardFramebufferEXT: attachments was GL_COLOR_EXT
06-28 12:28:41.574  9436  9486 E chromium: [ERROR:gles2_cmd_decoder.cc(3852)] [.ChromiumCompositor-0xacbb34c0]GL ERROR :GL_INVALID_ENUM : glDiscardFramebufferEXT: attachments was GL_COLOR_EXT
06-28 12:28:41.591  9436  9486 E chromium: [ERROR:gles2_cmd_decoder.cc(3852)] [.ChromiumCompositor-0xacbb34c0]GL ERROR :GL_INVALID_ENUM : glDiscardFramebufferEXT: attachments was GL_COLOR_EXT
06-28 12:28:41.607  9436  9486 E chromium: [ERROR:gles2_cmd_decoder.cc(3852)] [.ChromiumCompositor-0xacbb34c0]GL ERROR :GL_INVALID_ENUM : glDiscardFramebufferEXT: attachments was GL_COLOR_EXT
06-28 12:28:41.626  9436  9486 E chromium: [ERROR:gles2_cmd_decoder.cc(3852)] [.ChromiumCompositor-0xacbb34c0]GL ERROR :GL_INVALID_ENUM : glDiscardFramebufferEXT: attachments was GL_COLOR_EXT
06-28 12:28:41.642  9436  9486 E chromium: [ERROR:gles2_cmd_decoder.cc(3852)] [.ChromiumCompositor-0xacbb34c0]GL ERROR :GL_INVALID_ENUM : glDiscardFramebufferEXT: attachments was GL_COLOR_EXT
06-28 12:28:41.659  9436  9486 E chromium: [ERROR:gles2_cmd_decoder.cc(3852)] [.ChromiumCompositor-0xacbb34c0]GL ERROR :GL_INVALID_ENUM : glDiscardFramebufferEXT: attachments was GL_COLOR_EXT
06-28 12:28:41.683  9436  9486 E chromium: [ERROR:gles2_cmd_decoder.cc(3852)] [.ChromiumCompositor-0xacbb34c0]GL ERROR :GL_INVALID_ENUM : glDiscardFramebufferEXT: attachments was GL_COLOR_EXT
06-28 12:28:41.718  9436  9486 E chromium: [ERROR:gles2_cmd_decoder.cc(3852)] [.ChromiumCompositor-0xacbb34c0]GL ERROR :GL_INVALID_ENUM : glDiscardFramebufferEXT: attachments was GL_COLOR_EXT
06-28 12:28:41.731  9436  9486 E chromium: [ERROR:gles2_cmd_decoder.cc(3852)] [.ChromiumCompositor-0xacbb34c0]GL ERROR :GL_INVALID_ENUM : glDiscardFramebufferEXT: attachments was GL_COLOR_EXT
06-28 12:28:41.746  9436  9486 E chromium: [ERROR:gles2_cmd_decoder.cc(3852)] [.ChromiumCompositor-0xacbb34c0]GL ERROR :GL_INVALID_ENUM : glDiscardFramebufferEXT: attachments was GL_COLOR_EXT
06-28 12:28:41.765  9505  9518 E WPROF   : {"Javascript": {"url": "https://securepubads.g.doubleclick.net/static/glade/extra_25.js", "requestTime": 13998.821044}}
06-28 12:28:41.771  9436  9486 E chromium: [ERROR:gles2_cmd_decoder.cc(3852)] [.ChromiumCompositor-0xacbb34c0]GL ERROR :GL_INVALID_ENUM : glDiscardFramebufferEXT: attachments was GL_COLOR_EXT
06-28 12:28:41.786  9436  9486 E chromium: [ERROR:gles2_cmd_decoder.cc(3852)] [.ChromiumCompositor-0xacbb34c0]GL ERROR :GL_INVALID_ENUM : glDiscardFramebufferEXT: attachments was GL_COLOR_EXT
06-28 12:28:41.798  9436  9486 E chromium: [ERROR:gles2_cmd_decoder.cc(3852)] [.ChromiumCompositor-0xacbb34c0]GL ERROR :GL_INVALID_ENUM : glDiscardFramebufferEXT: attachments was GL_COLOR_EXT
06-28 12:28:41.807  9436  9486 E chromium: [ERROR:gles2_cmd_decoder.cc(3852)] [.ChromiumCompositor-0xacbb34c0]GL ERROR :GL_INVALID_ENUM : glDiscardFramebufferEXT: attachments was GL_COLOR_EXT
06-28 12:28:41.824  9436  9486 E chromium: [ERROR:gles2_cmd_decoder.cc(3852)] [.ChromiumCompositor-0xacbb34c0]GL ERROR :GL_INVALID_ENUM : glDiscardFramebufferEXT: attachments was GL_COLOR_EXT
06-28 12:28:41.842  9436  9486 E chromium: [ERROR:gles2_cmd_decoder.cc(3852)] [.ChromiumCompositor-0xacbb34c0]GL ERROR :GL_INVALID_ENUM : glDiscardFramebufferEXT: attachments was GL_COLOR_EXT
06-28 12:28:41.858  9436  9486 E chromium: [ERROR:gles2_cmd_decoder.cc(3852)] [.ChromiumCompositor-0xacbb34c0]GL ERROR :GL_INVALID_ENUM : glDiscardFramebufferEXT: attachments was GL_COLOR_EXT
06-28 12:28:41.879  9436  9486 E chromium: [ERROR:gles2_cmd_decoder.cc(3852)] [.ChromiumCompositor-0xacbb34c0]GL ERROR :GL_INVALID_ENUM : glDiscardFramebufferEXT: attachments was GL_COLOR_EXT
06-28 12:28:41.901  9436  9486 E chromium: [ERROR:gles2_cmd_decoder.cc(3852)] [.ChromiumCompositor-0xacbb34c0]GL ERROR :GL_INVALID_ENUM : glDiscardFramebufferEXT: attachments was GL_COLOR_EXT
06-28 12:28:41.919  9436  9486 E chromium: [ERROR:gles2_cmd_decoder.cc(3852)] [.ChromiumCompositor-0xacbb34c0]GL ERROR :GL_INVALID_ENUM : glDiscardFramebufferEXT: attachments was GL_COLOR_EXT
06-28 12:28:41.931  9436  9486 E chromium: [ERROR:gles2_cmd_decoder.cc(3852)] [.ChromiumCompositor-0xacbb34c0]GL ERROR :GL_INVALID_ENUM : glDiscardFramebufferEXT: attachments was GL_COLOR_EXT
06-28 12:28:41.947  9436  9486 E chromium: [ERROR:gles2_cmd_decoder.cc(3852)] [.ChromiumCompositor-0xacbb34c0]GL ERROR :GL_INVALID_ENUM : glDiscardFramebufferEXT: attachments was GL_COLOR_EXT
06-28 12:28:41.962  9436  9486 E chromium: [ERROR:gles2_cmd_decoder.cc(3852)] [.ChromiumCompositor-0xacbb34c0]GL ERROR :GL_INVALID_ENUM : glDiscardFramebufferEXT: attachments was GL_COLOR_EXT
06-28 12:28:41.978  9436  9486 E chromium: [ERROR:gles2_cmd_decoder.cc(3852)] [.ChromiumCompositor-0xacbb34c0]GL ERROR :GL_INVALID_ENUM : glDiscardFramebufferEXT: attachments was GL_COLOR_EXT
06-28 12:28:41.993  9436  9486 E chromium: [ERROR:gles2_cmd_decoder.cc(3852)] [.ChromiumCompositor-0xacbb34c0]GL ERROR :GL_INVALID_ENUM : glDiscardFramebufferEXT: attachments was GL_COLOR_EXT
06-28 12:28:42.011  9436  9486 E chromium: [ERROR:gles2_cmd_decoder.cc(3852)] [.ChromiumCompositor-0xacbb34c0]GL ERROR :GL_INVALID_ENUM : glDiscardFramebufferEXT: attachments was GL_COLOR_EXT
06-28 12:28:42.029  9436  9486 E chromium: [ERROR:gles2_cmd_decoder.cc(3852)] [.ChromiumCompositor-0xacbb34c0]GL ERROR :GL_INVALID_ENUM : glDiscardFramebufferEXT: attachments was GL_COLOR_EXT
06-28 12:28:42.046  9436  9486 E chromium: [ERROR:gles2_cmd_decoder.cc(3852)] [.ChromiumCompositor-0xacbb34c0]GL ERROR :GL_INVALID_ENUM : glDiscardFramebufferEXT: attachments was GL_COLOR_EXT
06-28 12:28:42.068  9436  9486 E chromium: [ERROR:gles2_cmd_decoder.cc(3852)] [.ChromiumCompositor-0xacbb34c0]GL ERROR :GL_INVALID_ENUM : glDiscardFramebufferEXT: attachments was GL_COLOR_EXT
06-28 12:28:42.078  9436  9486 E chromium: [ERROR:gles2_cmd_decoder.cc(3852)] [.ChromiumCompositor-0xacbb34c0]GL ERROR :GL_INVALID_ENUM : glDiscardFramebufferEXT: attachments was GL_COLOR_EXT
06-28 12:28:42.095  9436  9486 E chromium: [ERROR:gles2_cmd_decoder.cc(3852)] [.ChromiumCompositor-0xacbb34c0]GL ERROR :GL_INVALID_ENUM : glDiscardFramebufferEXT: attachments was GL_COLOR_EXT
06-28 12:28:42.120  9436  9486 E chromium: [ERROR:gles2_cmd_decoder.cc(3852)] [.ChromiumCompositor-0xacbb34c0]GL ERROR :GL_INVALID_ENUM : glDiscardFramebufferEXT: attachments was GL_COLOR_EXT
06-28 12:28:42.130  9436  9486 E chromium: [ERROR:gles2_cmd_decoder.cc(3852)] [.ChromiumCompositor-0xacbb34c0]GL ERROR :GL_INVALID_ENUM : glDiscardFramebufferEXT: attachments was GL_COLOR_EXT
06-28 12:28:42.148  9436  9486 E chromium: [ERROR:gles2_cmd_decoder.cc(3852)] [.ChromiumCompositor-0xacbb34c0]GL ERROR :GL_INVALID_ENUM : glDiscardFramebufferEXT: attachments was GL_COLOR_EXT
06-28 12:28:42.152  9505  9518 E WPROF   : {"Javascript": {"url": "https://tpc.googlesyndication.com/pagead/js/r20170619/r20110914/client/ext/m_window_focus_non_hydra.js", "requestTime": 13999.208184}}
06-28 12:28:42.155  9505  9518 E WPROF   : {"Javascript": {"url": "https://tpc.googlesyndication.com/pagead/js/r20170619/r20110914/activeview/osd_listener.js", "requestTime": 13999.210561}}
06-28 12:28:42.159  9436  9486 E chromium: [ERROR:gles2_cmd_decoder.cc(3852)] [.ChromiumCompositor-0xacbb34c0]GL ERROR :GL_INVALID_ENUM : glDiscardFramebufferEXT: attachments was GL_COLOR_EXT
06-28 12:28:42.177  9505  9518 E WPROF   : {"Javascript": {"url": "https://pagead2.googlesyndication.com/pagead/osd.js", "requestTime": 13999.232231}}
06-28 12:28:42.177  9436  9486 E chromium: [ERROR:gles2_cmd_decoder.cc(3852)] [.ChromiumCompositor-0xacbb34c0]GL ERROR :GL_INVALID_ENUM : glDiscardFramebufferEXT: attachments was GL_COLOR_EXT
06-28 12:28:42.198  9436  9486 E chromium: [ERROR:gles2_cmd_decoder.cc(3852)] [.ChromiumCompositor-0xacbb34c0]GL ERROR :GL_INVALID_ENUM : glDiscardFramebufferEXT: attachments was GL_COLOR_EXT
06-28 12:28:42.210  9436  9486 E chromium: [ERROR:gles2_cmd_decoder.cc(3852)] [.ChromiumCompositor-0xacbb34c0]GL ERROR :GL_INVALID_ENUM : glDiscardFramebufferEXT: attachments was GL_COLOR_EXT
06-28 12:28:42.230  9436  9486 E chromium: [ERROR:gles2_cmd_decoder.cc(3852)] [.ChromiumCompositor-0xacbb34c0]GL ERROR :GL_INVALID_ENUM : glDiscardFramebufferEXT: attachments was GL_COLOR_EXT
06-28 12:28:42.248  9436  9486 E chromium: [ERROR:gles2_cmd_decoder.cc(3852)] [.ChromiumCompositor-0xacbb34c0]GL ERROR :GL_INVALID_ENUM : glDiscardFramebufferEXT: attachments was GL_COLOR_EXT
06-28 12:28:42.261  9436  9486 E chromium: [ERROR:gles2_cmd_decoder.cc(3852)] [.ChromiumCompositor-0xacbb34c0]GL ERROR :GL_INVALID_ENUM : glDiscardFramebufferEXT: attachments was GL_COLOR_EXT
06-28 12:28:42.279  9436  9486 E chromium: [ERROR:gles2_cmd_decoder.cc(3852)] [.ChromiumCompositor-0xacbb34c0]GL ERROR :GL_INVALID_ENUM : glDiscardFramebufferEXT: attachments was GL_COLOR_EXT
06-28 12:28:42.297  9436  9486 E chromium: [ERROR:gles2_cmd_decoder.cc(3852)] [.ChromiumCompositor-0xacbb34c0]GL ERROR :GL_INVALID_ENUM : glDiscardFramebufferEXT: attachments was GL_COLOR_EXT
06-28 12:28:42.336  9436  9486 E chromium: [ERROR:gles2_cmd_decoder.cc(3852)] [.ChromiumCompositor-0xacbb34c0]GL ERROR :GL_INVALID_ENUM : glDiscardFramebufferEXT: attachments was GL_COLOR_EXT
06-28 12:28:42.354  9436  9486 E chromium: [ERROR:gles2_cmd_decoder.cc(3852)] [.ChromiumCompositor-0xacbb34c0]GL ERROR :GL_INVALID_ENUM : glDiscardFramebufferEXT: attachments was GL_COLOR_EXT
06-28 12:28:42.386  9436  9486 E chromium: [ERROR:gles2_cmd_decoder.cc(3852)] [.ChromiumCompositor-0xacbb34c0]GL ERROR :GL_INVALID_ENUM : glDiscardFramebufferEXT: attachments was GL_COLOR_EXT
06-28 12:28:42.398  9436  9486 E chromium: [ERROR:gles2_cmd_decoder.cc(3852)] [.ChromiumCompositor-0xacbb34c0]GL ERROR :GL_INVALID_ENUM : glDiscardFramebufferEXT: attachments was GL_COLOR_EXT
06-28 12:28:42.414  9436  9486 E chromium: [ERROR:gles2_cmd_decoder.cc(3852)] [.ChromiumCompositor-0xacbb34c0]GL ERROR :GL_INVALID_ENUM : glDiscardFramebufferEXT: attachments was GL_COLOR_EXT
06-28 12:28:42.431  9436  9486 E chromium: [ERROR:gles2_cmd_decoder.cc(3852)] [.ChromiumCompositor-0xacbb34c0]GL ERROR :GL_INVALID_ENUM : glDiscardFramebufferEXT: attachments was GL_COLOR_EXT
06-28 12:28:42.446  9436  9486 E chromium: [ERROR:gles2_cmd_decoder.cc(3852)] [.ChromiumCompositor-0xacbb34c0]GL ERROR :GL_INVALID_ENUM : glDiscardFramebufferEXT: attachments was GL_COLOR_EXT
06-28 12:28:42.462  9436  9486 E chromium: [ERROR:gles2_cmd_decoder.cc(3852)] [.ChromiumCompositor-0xacbb34c0]GL ERROR :GL_INVALID_ENUM : glDiscardFramebufferEXT: attachments was GL_COLOR_EXT
06-28 12:28:42.480  9436  9486 E chromium: [ERROR:gles2_cmd_decoder.cc(3852)] [.ChromiumCompositor-0xacbb34c0]GL ERROR :GL_INVALID_ENUM : glDiscardFramebufferEXT: attachments was GL_COLOR_EXT
06-28 12:28:42.497  9436  9486 E chromium: [ERROR:gles2_cmd_decoder.cc(3852)] [.ChromiumCompositor-0xacbb34c0]GL ERROR :GL_INVALID_ENUM : glDiscardFramebufferEXT: attachments was GL_COLOR_EXT
06-28 12:28:42.513  9436  9486 E chromium: [ERROR:gles2_cmd_decoder.cc(3852)] [.ChromiumCompositor-0xacbb34c0]GL ERROR :GL_INVALID_ENUM : glDiscardFramebufferEXT: attachments was GL_COLOR_EXT
06-28 12:28:42.530  9436  9486 E chromium: [ERROR:gles2_cmd_decoder.cc(3852)] [.ChromiumCompositor-0xacbb34c0]GL ERROR :GL_INVALID_ENUM : glDiscardFramebufferEXT: attachments was GL_COLOR_EXT
06-28 12:28:42.545  9436  9486 E chromium: [ERROR:logger.cc(46)] Too many GL errors, not reporting any more for this context. use --disable-gl-error-limit to see all errors.
06-28 12:28:42.786  9505  9518 E WProf.db: {"page": "d-17503146023764861546.ampproject.net_1498506512561_frame.html"}
06-28 12:28:42.786  9505  9518 E WProf.db: {"DOMLoad": 13999.841476}
06-28 12:28:42.786  9505  9518 E WProf.db: {"Resource": {"id": 31, "url": "https://d-17503146023764861546.ampproject.net/1498506512561/frame.html", "sentTime": -1.000000, "len": 375, "from": "0x0", "mimeType": "text/html", "contentLength": -1, "httpStatus": 200, "connId": 330, "connReused": 0, "cached": 0,"requestTime": 13997.609735, "proxyStart": -1, "proxyEnd": -1, "dnsStart": 0, "dnsEnd": 0, "connectStart": 0, "connectEnd": 163, "sendStart": 163, "sendEnd": 163, "receiveHeadersEnd": 217, "sslStart": 38, "sslEnd": 163}}
06-28 12:28:42.786  9505  9518 E WProf.db: {"ReceivedChunk": {"receivedTime": 13997.829922, "len": 375}}
06-28 12:28:42.787  9505  9518 E WProf.db: {"WprofHTMLTag": {"code": "0x9d2ab3a0", "doc": "https://d-17503146023764861546.ampproject.net/1498506512561/frame.html", "row": 1, "column": 6, "tagName": "head", "time": 13997.879592, "url": "", "pos": 1, "chunkLen": 1, "isStartTag": 1}}
06-28 12:28:42.787  9505  9518 E WProf.db: {"WprofHTMLTag": {"code": "0x9d2ab310", "doc": "https://d-17503146023764861546.ampproject.net/1498506512561/frame.html", "row": 2, "column": 22, "tagName": "meta", "time": 13997.879756, "url": "", "pos": 1, "chunkLen": 1, "isStartTag": 1}}
06-28 12:28:42.787  9505  9518 E WProf.db: {"WprofHTMLTag": {"code": "0x9d2aafe0", "doc": "https://d-17503146023764861546.ampproject.net/1498506512561/frame.html", "row": 3, "column": 38, "tagName": "meta", "time": 13997.880127, "url": "", "pos": 1, "chunkLen": 1, "isStartTag": 1}}
06-28 12:28:42.787  9505  9518 E WProf.db: {"WprofHTMLTag": {"code": "0x9d2aafb0", "doc": "https://d-17503146023764861546.ampproject.net/1498506512561/frame.html", "row": 4, "column": 59, "tagName": "script", "time": 13997.880374, "url": "https://3p.ampproject.net/1498506512561/f.js", "pos": 1, "chunkLen": 1, "isStartTag": 1}}
06-28 12:28:42.787  9505  9518 E WProf.db: {"WprofHTMLTag": {"code": "0x9d2aaf50", "doc": "https://d-17503146023764861546.ampproject.net/1498506512561/frame.html", "row": 4, "column": 68, "tagName": "script", "time": 13997.880988, "url": "", "pos": 1, "chunkLen": 1, "isStartTag": 0}}
06-28 12:28:42.787  9505  9518 E WProf.db: {"WprofHTMLTag": {"code": "0x9d2aab00", "doc": "https://d-17503146023764861546.ampproject.net/1498506512561/frame.html", "row": 5, "column": 7, "tagName": "head", "time": 13998.359710, "url": "", "pos": 1, "chunkLen": 1, "isStartTag": 0}}
06-28 12:28:42.787  9505  9518 E WProf.db: {"WprofHTMLTag": {"code": "0x9d2ab370", "doc": "https://d-17503146023764861546.ampproject.net/1498506512561/frame.html", "row": 6, "column": 23, "tagName": "body", "time": 13998.359736, "url": "", "pos": 1, "chunkLen": 1, "isStartTag": 1}}
06-28 12:28:42.787  9505  9518 E WProf.db: {"WprofHTMLTag": {"code": "0x9d2ab4f0", "doc": "https://d-17503146023764861546.ampproject.net/1498506512561/frame.html", "row": 7, "column": 69, "tagName": "div", "time": 13998.359905, "url": "", "pos": 1, "chunkLen": 1, "isStartTag": 1}}
06-28 12:28:42.787  9505  9518 E WProf.db: {"WprofHTMLTag": {"code": "0x9d2ab4c0", "doc": "https://d-17503146023764861546.ampproject.net/1498506512561/frame.html", "row": 8, "column": 10, "tagName": "script", "time": 13998.360207, "url": "", "pos": 1, "chunkLen": 1, "isStartTag": 1}}
06-28 12:28:42.787  9505  9518 E WProf.db: {"WprofHTMLTag": {"code": "0x9d2ab3d0", "doc": "https://d-17503146023764861546.ampproject.net/1498506512561/frame.html", "row": 8, "column": 27, "tagName": "script", "time": 13998.360345, "url": "https://securepubads.g.doubleclick.net/static/glade.js", "pos": 1, "chunkLen": 1, "isStartTag": 0}}
06-28 12:28:42.787  9505  9518 E WProf.db: {"WprofHTMLTag": {"code": "0x9d2ab400", "doc": "https://d-17503146023764861546.ampproject.net/1498506512561/frame.html", "row": 9, "column": 6, "tagName": "div", "time": 13998.380293, "url": "", "pos": 1, "chunkLen": 1, "isStartTag": 0}}
06-28 12:28:42.787  9505  9518 E WProf.db: {"WprofHTMLTag": {"code": "0x9d2a9360", "doc": "https://d-17503146023764861546.ampproject.net/1498506512561/frame.html", "row": 10, "column": 8, "tagName": "script", "time": 13998.380329, "url": "", "pos": 1, "chunkLen": 1, "isStartTag": 1}}
06-28 12:28:42.788  9505  9518 E WProf.db: {"WprofHTMLTag": {"code": "0x9d2ab460", "doc": "https://d-17503146023764861546.ampproject.net/1498506512561/frame.html", "row": 10, "column": 67, "tagName": "script", "time": 13998.380550, "url": "", "pos": 1, "chunkLen": 1, "isStartTag": 0}}
06-28 12:28:42.788  9505  9518 E WProf.db: {"WprofHTMLTag": {"code": "0x9d2aad70", "doc": "https://d-17503146023764861546.ampproject.net/1498506512561/frame.html", "row": 11, "column": 7, "tagName": "body", "time": 13998.382007, "url": "", "pos": 1, "chunkLen": 1, "isStartTag": 0}}
06-28 12:28:42.788  9505  9518 E WProf.db: {"WprofHTMLTag": {"code": "0x9d2ab2b0", "doc": "https://d-17503146023764861546.ampproject.net/1498506512561/frame.html", "row": 12, "column": 7, "tagName": "html", "time": 13998.382020, "url": "https://securepubads.g.doubleclick.net/static/glade/extra_25.js", "pos": 1, "chunkLen": 1, "isStartTag": 0}}
06-28 12:28:42.788  9505  9518 E WProf.db: {"Resource": {"id": 32, "url": "https://3p.ampproject.net/1498506512561/f.js", "sentTime": -1.000000, "len": 91779, "from": "0x9d2aafb0", "mimeType": "text/javascript", "contentLength": -1, "httpStatus": 200, "connId": 381, "connReused": 0, "cached": 0,"requestTime": 13997.882482, "proxyStart": -1, "proxyEnd": -1, "dnsStart": 13, "dnsEnd": 14, "connectStart": 0, "connectEnd": 267, "sendStart": 267, "sendEnd": 267, "receiveHeadersEnd": 334, "sslStart": 78, "sslEnd": 266}}
06-28 12:28:42.788  9505  9518 E WProf.db: {"ReceivedChunk": {"receivedTime": 13998.221155, "len": 8664}}
06-28 12:28:42.788  9505  9518 E WProf.db: {"ReceivedChunk": {"receivedTime": 13998.222016, "len": 179}}
06-28 12:28:42.788  9505  9518 E WProf.db: {"ReceivedChunk": {"receivedTime": 13998.228083, "len": 24823}}
06-28 12:28:42.788  9505  9518 E WProf.db: {"ReceivedChunk": {"receivedTime": 13998.229308, "len": 4635}}
06-28 12:28:42.788  9505  9518 E WProf.db: {"ReceivedChunk": {"receivedTime": 13998.232192, "len": 13217}}
06-28 12:28:42.788  9505  9518 E WProf.db: {"ReceivedChunk": {"receivedTime": 13998.236333, "len": 9188}}
06-28 12:28:42.788  9505  9518 E WProf.db: {"ReceivedChunk": {"receivedTime": 13998.239143, "len": 4122}}
06-28 12:28:42.788  9505  9518 E WProf.db: {"ReceivedChunk": {"receivedTime": 13998.277491, "len": 17712}}
06-28 12:28:42.788  9505  9518 E WProf.db: {"ReceivedChunk": {"receivedTime": 13998.281231, "len": 8496}}
06-28 12:28:42.788  9505  9518 E WProf.db: {"ReceivedChunk": {"receivedTime": 13998.285323, "len": 743}}
06-28 12:28:42.789  9505  9518 E WProf.db: {"Resource": {"id": 33, "url": "https://securepubads.g.doubleclick.net/static/glade.js", "sentTime": -1.000000, "len": 19455, "from": "0x9d2ab3d0", "mimeType": "text/javascript", "contentLength": -1, "httpStatus": 200, "connId": 395, "connReused": 0, "cached": 0,"requestTime": 13998.378269, "proxyStart": -1, "proxyEnd": -1, "dnsStart": 25, "dnsEnd": 26, "connectStart": 0, "connectEnd": 245, "sendStart": 245, "sendEnd": 246, "receiveHeadersEnd": 344, "sslStart": 89, "sslEnd": 244}}
06-28 12:28:42.789  9505  9518 E WProf.db: {"ReceivedChunk": {"receivedTime": 13998.729991, "len": 8768}}
06-28 12:28:42.789  9505  9518 E WProf.db: {"ReceivedChunk": {"receivedTime": 13998.730847, "len": 10687}}
06-28 12:28:42.789  9505  9518 E WProf.db: {"Resource": {"id": 34, "url": "https://securepubads.g.doubleclick.net/gampad/ads?gdfp_req=1&glade_req=1&glv=25&output=html&iu=%2F1038259%2FSEL-amp-cube&sz=300x250&sfv=1-0-8&correlator=862029463158784&eid=108809080&adk=2352184609&biw=412&bih=620&adx=56&ady=404&oid=3&u_sd=3.5&ifi=1&is_amp=1&amp_v=1498506512561&nhd=1&url=http%3A%2F%", "sentTime": -1.000000, "len": 20204, "from": "0x9d2ab2b0", "mimeType": "text/html", "contentLength": -1, "httpStatus": 200, "connId": 395, "connReused": 1, "cached": 0,"requestTime": 13998.804638, "proxyStart": -1, "proxyEnd": -1, "dnsStart": -1, "dnsEnd": -1, "connectStart": 0, "connectEnd": 4, "sendStart": 4, "sendEnd": 5, "receiveHeadersEnd": 294, "sslStart": -1, "sslEnd": -1}}
06-28 12:28:42.789  9505  9518 E WProf.db: {"ReceivedChunk": {"receivedTime": 13999.108377, "len": 595}}
06-28 12:28:42.789  9505  9518 E WProf.db: {"ReceivedChunk": {"receivedTime": 13999.156108, "len": 9518}}
06-28 12:28:42.789  9505  9518 E WProf.db: {"ReceivedChunk": {"receivedTime": 13999.156823, "len": 10091}}
06-28 12:28:42.789  9505  9518 E WProf.db: {"WprofHTMLTag": {"code": "0x9d2ab5b0", "doc": "https://securepubads.g.doubleclick.net/gampad/ads?gdfp_req=1&glade_req=1&glv=25&output=html&iu=%2F1038259%2FSEL-amp-cube&sz=300x250&sfv=1-0-8&correlator=862029463158784&eid=108809080&adk=2352184609&biw=412&bih=620&adx=56&ady=404&oid=3&u_sd=3.5&ifi=1&is_amp=1&amp_v=1498506512561&nhd=1&url=http%3A%2F%", "row": 0, "column": 21, "tagName": "html", "time": 13999.159212, "url": "", "pos": 1, "chunkLen": 1, "isStartTag": 1}}
06-28 12:28:42.789  9505  9518 E WProf.db: {"WprofHTMLTag": {"code": "0x9d2ab580", "doc": "https://securepubads.g.doubleclick.net/gampad/ads?gdfp_req=1&glade_req=1&glv=25&output=html&iu=%2F1038259%2FSEL-amp-cube&sz=300x250&sfv=1-0-8&correlator=862029463158784&eid=108809080&adk=2352184609&biw=412&bih=620&adx=56&ady=404&oid=3&u_sd=3.5&ifi=1&is_amp=1&amp_v=1498506512561&nhd=1&url=http%3A%2F%", "row": 0, "column": 27, "tagName": "head", "time": 13999.159773, "url": "", "pos": 1, "chunkLen": 1, "isStartTag": 1}}
06-28 12:28:42.789  9505  9518 E WProf.db: {"WprofHTMLTag": {"code": "0x9d2ab850", "doc": "https://securepubads.g.doubleclick.net/gampad/ads?gdfp_req=1&glade_req=1&glv=25&output=html&iu=%2F1038259%2FSEL-amp-cube&sz=300x250&sfv=1-0-8&correlator=862029463158784&eid=108809080&adk=2352184609&biw=412&bih=620&adx=56&ady=404&oid=3&u_sd=3.5&ifi=1&is_amp=1&amp_v=1498506512561&nhd=1&url=http%3A%2F%", "row": 0, "column": 144, "tagName": "meta", "time": 13999.159843, "url": "", "pos": 1, "chunkLen": 1, "isStartTag": 1}}
06-28 12:28:42.789  9505  9518 E WProf.db: {"WprofHTMLTag": {"code": "0x9d2ab820", "doc": "https://securepubads.g.doubleclick.net/gampad/ads?gdfp_req=1&glade_req=1&glv=25&output=html&iu=%2F1038259%2FSEL-amp-cube&sz=300x250&sfv=1-0-8&correlator=862029463158784&eid=108809080&adk=2352184609&biw=412&bih=620&adx=56&ady=404&oid=3&u_sd=3.5&ifi=1&is_amp=1&amp_v=1498506512561&nhd=1&url=http%3A%2F%", "row": 0, "column": 152, "tagName": "script", "time": 13999.160699, "url": "", "pos": 1, "chunkLen": 1, "isStartTag": 1}}
06-28 12:28:42.789  9505  9518 E WProf.db: {"WprofHTMLTag": {"code": "0x9d2ab550", "doc": "https://securepubads.g.doubleclick.net/gampad/ads?gdfp_req=1&glade_req=1&glv=25&output=html&iu=%2F1038259%2FSEL-amp-cube&sz=300x250&sfv=1-0-8&correlator=862029463158784&eid=108809080&adk=2352184609&biw=412&bih=620&adx=56&ady=404&oid=3&u_sd=3.5&ifi=1&is_amp=1&amp_v=1498506512561&nhd=1&url=http%3A%2F%", "row": 0, "column": 195, "tagName": "script", "time": 13999.161582, "url": "", "pos": 1, "chunkLen": 1, "isStartTag": 0}}
06-28 12:28:42.790  9505  9518 E WProf.db: {"WprofHTMLTag": {"code": "0x9d2ab190", "doc": "https://securepubads.g.doubleclick.net/gampad/ads?gdfp_req=1&glade_req=1&glv=25&output=html&iu=%2F1038259%2FSEL-amp-cube&sz=300x250&sfv=1-0-8&correlator=862029463158784&eid=108809080&adk=2352184609&biw=412&bih=620&adx=56&ady=404&oid=3&u_sd=3.5&ifi=1&is_amp=1&amp_v=1498506512561&nhd=1&url=http%3A%2F%", "row": 0, "column": 202, "tagName": "style", "time": 13999.163998, "url": "", "pos": 1, "chunkLen": 1, "isStartTag": 1}}
06-28 12:28:42.790  9505  9518 E WProf.db: {"WprofHTMLTag": {"code": "0x9d2ab940", "doc": "https://securepubads.g.doubleclick.net/gampad/ads?gdfp_req=1&glade_req=1&glv=25&output=html&iu=%2F1038259%2FSEL-amp-cube&sz=300x250&sfv=1-0-8&correlator=862029463158784&eid=108809080&adk=2352184609&biw=412&bih=620&adx=56&ady=404&oid=3&u_sd=3.5&ifi=1&is_amp=1&amp_v=1498506512561&nhd=1&url=http%3A%2F%", "row": 0, "column": 230, "tagName": "style", "time": 13999.168806, "url": "", "pos": 1, "chunkLen": 1, "isStartTag": 0}}
06-28 12:28:42.790  9505  9518 E WProf.db: {"WprofHTMLTag": {"code": "0x9d2abb50", "doc": "https://securepubads.g.doubleclick.net/gampad/ads?gdfp_req=1&glade_req=1&glv=25&output=html&iu=%2F1038259%2FSEL-amp-cube&sz=300x250&sfv=1-0-8&correlator=862029463158784&eid=108809080&adk=2352184609&biw=412&bih=620&adx=56&ady=404&oid=3&u_sd=3.5&ifi=1&is_amp=1&amp_v=1498506512561&nhd=1&url=http%3A%2F%", "row": 0, "column": 238, "tagName": "script", "time": 13999.173864, "url": "", "pos": 1, "chunkLen": 1, "isStartTag": 1}}
06-28 12:28:42.790  9505  9518 E WProf.db: {"WprofHTMLTag": {"code": "0x9d2abbb0", "doc": "https://securepubads.g.doubleclick.net/gampad/ads?gdfp_req=1&glade_req=1&glv=25&output=html&iu=%2F1038259%2FSEL-amp-cube&sz=300x250&sfv=1-0-8&correlator=862029463158784&eid=108809080&adk=2352184609&biw=412&bih=620&adx=56&ady=404&oid=3&u_sd=3.5&ifi=1&is_amp=1&amp_v=1498506512561&nhd=1&url=http%3A%2F%", "row": 0, "column": 8856, "tagName": "script", "time": 13999.174469, "url": "", "pos": 1, "chunkLen": 1, "isStartTag": 0}}
06-28 12:28:42.790  9505  9518 E WProf.db: {"WprofHTMLTag": {"code": "0x9d2ab880", "doc": "https://securepubads.g.doubleclick.net/gampad/ads?gdfp_req=1&glade_req=1&glv=25&output=html&iu=%2F1038259%2FSEL-amp-cube&sz=300x250&sfv=1-0-8&correlator=862029463158784&eid=108809080&adk=2352184609&biw=412&bih=620&adx=56&ady=404&oid=3&u_sd=3.5&ifi=1&is_amp=1&amp_v=1498506512561&nhd=1&url=http%3A%2F%", "row": 0, "column": 8863, "tagName": "head", "time": 13999.195838, "url": "", "pos": 1, "chunkLen": 1, "isStartTag": 0}}
06-28 12:28:42.790  9505  9518 E WProf.db: {"WprofHTMLTag": {"code": "0x9d2ab970", "doc": "https://securepubads.g.doubleclick.net/gampad/ads?gdfp_req=1&glade_req=1&glv=25&output=html&iu=%2F1038259%2FSEL-amp-cube&sz=300x250&sfv=1-0-8&correlator=862029463158784&eid=108809080&adk=2352184609&biw=412&bih=620&adx=56&ady=404&oid=3&u_sd=3.5&ifi=1&is_amp=1&amp_v=1498506512561&nhd=1&url=http%3A%2F%", "row": 0, "column": 8977, "tagName": "body", "time": 13999.195884, "url": "", "pos": 1, "chunkLen": 1, "isStartTag": 1}}
06-28 12:28:42.790  9505  9518 E WProf.db: {"WprofHTMLTag": {"code": "0x9d2ab9a0", "doc": "https://securepubads.g.doubleclick.net/gampad/ads?gdfp_req=1&glade_req=1&glv=25&output=html&iu=%2F1038259%2FSEL-amp-cube&sz=300x250&sfv=1-0-8&correlator=862029463158784&eid=108809080&adk=2352184609&biw=412&bih=620&adx=56&ady=404&oid=3&u_sd=3.5&ifi=1&is_amp=1&amp_v=1498506512561&nhd=1&url=http%3A%2F%", "row": 0, "column": 9047, "tagName": "div", "time": 13999.196677, "url": "", "pos": 1, "chunkLen": 1, "isStartTag": 1}}
06-28 12:28:42.790  9505  9518 E WProf.db: {"WprofHTMLTag": {"code": "0x9d2abbe0", "doc": "https://securepubads.g.doubleclick.net/gampad/ads?gdfp_req=1&glade_req=1&glv=25&output=html&iu=%2F1038259%2FSEL-amp-cube&sz=300x250&sfv=1-0-8&correlator=862029463158784&eid=108809080&adk=2352184609&biw=412&bih=620&adx=56&ady=404&oid=3&u_sd=3.5&ifi=1&is_amp=1&amp_v=1498506512561&nhd=1&url=http%3A%2F%", "row": 0, "column": 9055, "tagName": "script", "time": 13999.196928, "url": "", "pos": 1, "chunkLen": 1, "isStartTag": 1}}
06-28 12:28:42.790  9505  9518 E WProf.db: {"WprofHTMLTag": {"code": "0x9d2aba60", "doc": "https://securepubads.g.doubleclick.net/gampad/ads?gdfp_req=1&glade_req=1&glv=25&output=html&iu=%2F1038259%2FSEL-amp-cube&sz=300x250&sfv=1-0-8&correlator=862029463158784&eid=108809080&adk=2352184609&biw=412&bih=620&adx=56&ady=404&oid=3&u_sd=3.5&ifi=1&is_amp=1&amp_v=1498506512561&nhd=1&url=http%3A%2F%", "row": 0, "column": 9428, "tagName": "script", "time": 13999.197164, "url": "", "pos": 1, "chunkLen": 1, "isStartTag": 0}}
06-28 12:28:42.790  9505  9518 E WProf.db: {"WprofHTMLTag": {"code": "0x9d2aac80", "doc": "https://securepubads.g.doubleclick.net/gampad/ads?gdfp_req=1&glade_req=1&glv=25&output=html&iu=%2F1038259%2FSEL-amp-cube&sz=300x250&sfv=1-0-8&correlator=862029463158784&eid=108809080&adk=2352184609&biw=412&bih=620&adx=56&ady=404&oid=3&u_sd=3.5&ifi=1&is_amp=1&amp_v=1498506512561&nhd=1&url=http%3A%2F%", "row": 0, "column": 10030, "tagName": "a", "time": 13999.204913, "url": "", "pos": 1, "chunkLen": 1, "isStartTag": 1}}
06-28 12:28:42.790  9505  9518 E WProf.db: {"WprofHTMLTag": {"code": "0x9d2ab730", "doc": "https://securepubads.g.doubleclick.net/gampad/ads?gdfp_req=1&glade_req=1&glv=25&output=html&iu=%2F1038259%2FSEL-amp-cube&sz=300x250&sfv=1-0-8&correlator=862029463158784&eid=108809080&adk=2352184609&biw=412&bih=620&adx=56&ady=404&oid=3&u_sd=3.5&ifi=1&is_amp=1&amp_v=1498506512561&nhd=1&url=http%3A%2F%", "row": 0, "column": 10163, "tagName": "img", "time": 13999.205629, "url": "", "pos": 1, "chunkLen": 1, "isStartTag": 1}}
06-28 12:28:42.790  9505  9518 E WProf.db: {"WprofHTMLTag": {"code": "0x9d2ab670", "doc": "https://securepubads.g.doubleclick.net/gampad/ads?gdfp_req=1&glade_req=1&glv=25&output=html&iu=%2F1038259%2FSEL-amp-cube&sz=300x250&sfv=1-0-8&correlator=862029463158784&eid=108809080&adk=2352184609&biw=412&bih=620&adx=56&ady=404&oid=3&u_sd=3.5&ifi=1&is_amp=1&amp_v=1498506512561&nhd=1&url=http%3A%2F%", "row": 0, "column": 10167, "tagName": "a", "time": 13999.206578, "url": "", "pos": 1, "chunkLen": 1, "isStartTag": 0}}
06-28 12:28:42.791  9505  9518 E WProf.db: {"WprofHTMLTag": {"code": "0x9d2abc10", "doc": "https://securepubads.g.doubleclick.net/gampad/ads?gdfp_req=1&glade_req=1&glv=25&output=html&iu=%2F1038259%2FSEL-amp-cube&sz=300x250&sfv=1-0-8&correlator=862029463158784&eid=108809080&adk=2352184609&biw=412&bih=620&adx=56&ady=404&oid=3&u_sd=3.5&ifi=1&is_amp=1&amp_v=1498506512561&nhd=1&url=http%3A%2F%", "row": 0, "column": 10173, "tagName": "div", "time": 13999.206606, "url": "", "pos": 1, "chunkLen": 1, "isStartTag": 0}}
06-28 12:28:42.791  9505  9518 E WProf.db: {"WprofHTMLTag": {"code": "0x9d2abcd0", "doc": "https://securepubads.g.doubleclick.net/gampad/ads?gdfp_req=1&glade_req=1&glv=25&output=html&iu=%2F1038259%2FSEL-amp-cube&sz=300x250&sfv=1-0-8&correlator=862029463158784&eid=108809080&adk=2352184609&biw=412&bih=620&adx=56&ady=404&oid=3&u_sd=3.5&ifi=1&is_amp=1&amp_v=1498506512561&nhd=1&url=http%3A%2F%", "row": 0, "column": 10296, "tagName": "script", "time": 13999.206629, "url": "https://tpc.googlesyndication.com/pagead/js/r20170619/r20110914/client/ext/m_window_focus_non_hydra.js", "pos": 1, "chunkLen": 1, "isStartTag": 1}}
06-28 12:28:42.791  9505  9518 E WProf.db: {"WprofHTMLTag": {"code": "0x9d2abd00", "doc": "https://securepubads.g.doubleclick.net/gampad/ads?gdfp_req=1&glade_req=1&glv=25&output=html&iu=%2F1038259%2FSEL-amp-cube&sz=300x250&sfv=1-0-8&correlator=862029463158784&eid=108809080&adk=2352184609&biw=412&bih=620&adx=56&ady=404&oid=3&u_sd=3.5&ifi=1&is_amp=1&amp_v=1498506512561&nhd=1&url=http%3A%2F%", "row": 0, "column": 10305, "tagName": "script", "time": 13999.207672, "url": "", "pos": 1, "chunkLen": 1, "isStartTag": 0}}
06-28 12:28:42.791  9505  9518 E WProf.db: {"WprofHTMLTag": {"code": "0xaedd86c0", "doc": "https://securepubads.g.doubleclick.net/gampad/ads?gdfp_req=1&glade_req=1&glv=25&output=html&iu=%2F1038259%2FSEL-amp-cube&sz=300x250&sfv=1-0-8&correlator=862029463158784&eid=108809080&adk=2352184609&biw=412&bih=620&adx=56&ady=404&oid=3&u_sd=3.5&ifi=1&is_amp=1&amp_v=1498506512561&nhd=1&url=http%3A%2F%", "row": 0, "column": 10313, "tagName": "script", "time": 13999.208777, "url": "", "pos": 1, "chunkLen": 1, "isStartTag": 1}}
06-28 12:28:42.791  9505  9518 E WProf.db: {"WprofHTMLTag": {"code": "0x9d2abd30", "doc": "https://securepubads.g.doubleclick.net/gampad/ads?gdfp_req=1&glade_req=1&glv=25&output=html&iu=%2F1038259%2FSEL-amp-cube&sz=300x250&sfv=1-0-8&correlator=862029463158784&eid=108809080&adk=2352184609&biw=412&bih=620&adx=56&ady=404&oid=3&u_sd=3.5&ifi=1&is_amp=1&amp_v=1498506512561&nhd=1&url=http%3A%2F%", "row": 0, "column": 10579, "tagName": "script", "time": 13999.209024, "url": "", "pos": 1, "chunkLen": 1, "isStartTag": 0}}
06-28 12:28:42.791  9505  9518 E WProf.db: {"WprofHTMLTag": {"code": "0x9d2abd60", "doc": "https://securepubads.g.doubleclick.net/gampad/ads?gdfp_req=1&glade_req=1&glv=25&output=html&iu=%2F1038259%2FSEL-amp-cube&sz=300x250&sfv=1-0-8&correlator=862029463158784&eid=108809080&adk=2352184609&biw=412&bih=620&adx=56&ady=404&oid=3&u_sd=3.5&ifi=1&is_amp=1&amp_v=1498506512561&nhd=1&url=http%3A%2F%", "row": 0, "column": 10684, "tagName": "script", "time": 13999.209895, "url": "https://tpc.googlesyndication.com/pagead/js/r20170619/r20110914/activeview/osd_listener.js", "pos": 1, "chunkLen": 1, "isStartTag": 1}}
06-28 12:28:42.791  9505  9518 E WProf.db: {"WprofHTMLTag": {"code": "0x9d2abd90", "doc": "https://securepubads.g.doubleclick.net/gampad/ads?gdfp_req=1&glade_req=1&glv=25&output=html&iu=%2F1038259%2FSEL-amp-cube&sz=300x250&sfv=1-0-8&correlator=862029463158784&eid=108809080&adk=2352184609&biw=412&bih=620&adx=56&ady=404&oid=3&u_sd=3.5&ifi=1&is_amp=1&amp_v=1498506512561&nhd=1&url=http%3A%2F%", "row": 0, "column": 10693, "tagName": "script", "time": 13999.210271, "url": "https://pagead2.googlesyndication.com/pagead/osd.js", "pos": 1, "chunkLen": 1, "isStartTag": 0}}
06-28 12:28:42.791  9505  9518 E WProf.db: {"WprofHTMLTag": {"code": "0x9d321060", "doc": "https://securepubads.g.doubleclick.net/gampad/ads?gdfp_req=1&glade_req=1&glv=25&output=html&iu=%2F1038259%2FSEL-amp-cube&sz=300x250&sfv=1-0-8&correlator=862029463158784&eid=108809080&adk=2352184609&biw=412&bih=620&adx=56&ady=404&oid=3&u_sd=3.5&ifi=1&is_amp=1&amp_v=1498506512561&nhd=1&url=http%3A%2F%", "row": 0, "column": 10724, "tagName": "script", "time": 13999.645295, "url": "", "pos": 1, "chunkLen": 1, "isStartTag": 1}}
06-28 12:28:42.791  9505  9518 E WProf.db: {"WprofHTMLTag": {"code": "0x9d2ab8e0", "doc": "https://securepubads.g.doubleclick.net/gampad/ads?gdfp_req=1&glade_req=1&glv=25&output=html&iu=%2F1038259%2FSEL-amp-cube&sz=300x250&sfv=1-0-8&correlator=862029463158784&eid=108809080&adk=2352184609&biw=412&bih=620&adx=56&ady=404&oid=3&u_sd=3.5&ifi=1&is_amp=1&amp_v=1498506512561&nhd=1&url=http%3A%2F%", "row": 0, "column": 11076, "tagName": "script", "time": 13999.645545, "url": "", "pos": 1, "chunkLen": 1, "isStartTag": 0}}
06-28 12:28:42.791  9505  9518 E WProf.db: {"WprofHTMLTag": {"code": "0x9d2ab0a0", "doc": "https://securepubads.g.doubleclick.net/gampad/ads?gdfp_req=1&glade_req=1&glv=25&output=html&iu=%2F1038259%2FSEL-amp-cube&sz=300x250&sfv=1-0-8&correlator=862029463158784&eid=108809080&adk=2352184609&biw=412&bih=620&adx=56&ady=404&oid=3&u_sd=3.5&ifi=1&is_amp=1&amp_v=1498506512561&nhd=1&url=http%3A%2F%", "row": 0, "column": 11084, "tagName": "script", "time": 13999.664041, "url": "", "pos": 1, "chunkLen": 1, "isStartTag": 1}}
06-28 12:28:42.793  9505  9518 E WProf.db: {"WprofHTMLTag": {"code": "0x9d2aab60", "doc": "https://securepubads.g.doubleclick.net/gampad/ads?gdfp_req=1&glade_req=1&glv=25&output=html&iu=%2F1038259%2FSEL-amp-cube&sz=300x250&sfv=1-0-8&correlator=862029463158784&eid=108809080&adk=2352184609&biw=412&bih=620&adx=56&ady=404&oid=3&u_sd=3.5&ifi=1&is_amp=1&amp_v=1498506512561&nhd=1&url=http%3A%2F%", "row": 0, "column": 19646, "tagName": "script", "time": 13999.664208, "url": "", "pos": 1, "chunkLen": 1, "isStartTag": 0}}
06-28 12:28:42.793  9505  9518 E WProf.db: {"WprofHTMLTag": {"code": "0x9d2abca0", "doc": "https://securepubads.g.doubleclick.net/gampad/ads?gdfp_req=1&glade_req=1&glv=25&output=html&iu=%2F1038259%2FSEL-amp-cube&sz=300x250&sfv=1-0-8&correlator=862029463158784&eid=108809080&adk=2352184609&biw=412&bih=620&adx=56&ady=404&oid=3&u_sd=3.5&ifi=1&is_amp=1&amp_v=1498506512561&nhd=1&url=http%3A%2F%", "row": 0, "column": 19654, "tagName": "script", "time": 13999.672451, "url": "", "pos": 1, "chunkLen": 1, "isStartTag": 1}}
06-28 12:28:42.793  9505  9518 E WProf.db: {"WprofHTMLTag": {"code": "0x9d2abc70", "doc": "https://securepubads.g.doubleclick.net/gampad/ads?gdfp_req=1&glade_req=1&glv=25&output=html&iu=%2F1038259%2FSEL-amp-cube&sz=300x250&sfv=1-0-8&correlator=862029463158784&eid=108809080&adk=2352184609&biw=412&bih=620&adx=56&ady=404&oid=3&u_sd=3.5&ifi=1&is_amp=1&amp_v=1498506512561&nhd=1&url=http%3A%2F%", "row": 0, "column": 19729, "tagName": "script", "time": 13999.672642, "url": "", "pos": 1, "chunkLen": 1, "isStartTag": 0}}
06-28 12:28:42.794  9505  9518 E WProf.db: {"WprofHTMLTag": {"code": "0x9d2aba90", "doc": "https://securepubads.g.doubleclick.net/gampad/ads?gdfp_req=1&glade_req=1&glv=25&output=html&iu=%2F1038259%2FSEL-amp-cube&sz=300x250&sfv=1-0-8&correlator=862029463158784&eid=108809080&adk=2352184609&biw=412&bih=620&adx=56&ady=404&oid=3&u_sd=3.5&ifi=1&is_amp=1&amp_v=1498506512561&nhd=1&url=http%3A%2F%", "row": 0, "column": 19737, "tagName": "script", "time": 13999.677229, "url": "", "pos": 1, "chunkLen": 1, "isStartTag": 1}}
06-28 12:28:42.794  9505  9518 E WProf.db: {"WprofHTMLTag": {"code": "0x9d321a50", "doc": "https://securepubads.g.doubleclick.net/gampad/ads?gdfp_req=1&glade_req=1&glv=25&output=html&iu=%2F1038259%2FSEL-amp-cube&sz=300x250&sfv=1-0-8&correlator=862029463158784&eid=108809080&adk=2352184609&biw=412&bih=620&adx=56&ady=404&oid=3&u_sd=3.5&ifi=1&is_amp=1&amp_v=1498506512561&nhd=1&url=http%3A%2F%", "row": 0, "column": 19844, "tagName": "script", "time": 13999.677398, "url": "", "pos": 1, "chunkLen": 1, "isStartTag": 0}}
06-28 12:28:42.795  9505  9518 E WProf.db: {"WprofHTMLTag": {"code": "0x9d321a80", "doc": "https://securepubads.g.doubleclick.net/gampad/ads?gdfp_req=1&glade_req=1&glv=25&output=html&iu=%2F1038259%2FSEL-amp-cube&sz=300x250&sfv=1-0-8&correlator=862029463158784&eid=108809080&adk=2352184609&biw=412&bih=620&adx=56&ady=404&oid=3&u_sd=3.5&ifi=1&is_amp=1&amp_v=1498506512561&nhd=1&url=http%3A%2F%", "row": 0, "column": 19852, "tagName": "script", "time": 13999.678019, "url": "", "pos": 1, "chunkLen": 1, "isStartTag": 1}}
06-28 12:28:42.795  9505  9518 E WProf.db: {"WprofHTMLTag": {"code": "0x9d321ab0", "doc": "https://securepubads.g.doubleclick.net/gampad/ads?gdfp_req=1&glade_req=1&glv=25&output=html&iu=%2F1038259%2FSEL-amp-cube&sz=300x250&sfv=1-0-8&correlator=862029463158784&eid=108809080&adk=2352184609&biw=412&bih=620&adx=56&ady=404&oid=3&u_sd=3.5&ifi=1&is_amp=1&amp_v=1498506512561&nhd=1&url=http%3A%2F%", "row": 0, "column": 20190, "tagName": "script", "time": 13999.678163, "url": "", "pos": 1, "chunkLen": 1, "isStartTag": 0}}
06-28 12:28:42.796  9505  9518 E WProf.db: {"WprofHTMLTag": {"code": "0x9d321b10", "doc": "https://securepubads.g.doubleclick.net/gampad/ads?gdfp_req=1&glade_req=1&glv=25&output=html&iu=%2F1038259%2FSEL-amp-cube&sz=300x250&sfv=1-0-8&correlator=862029463158784&eid=108809080&adk=2352184609&biw=412&bih=620&adx=56&ady=404&oid=3&u_sd=3.5&ifi=1&is_amp=1&amp_v=1498506512561&nhd=1&url=http%3A%2F%", "row": 0, "column": 20197, "tagName": "body", "time": 13999.678900, "url": "", "pos": 1, "chunkLen": 1, "isStartTag": 0}}
06-28 12:28:42.796  9505  9518 E WProf.db: {"WprofHTMLTag": {"code": "0x9d321b40", "doc": "https://securepubads.g.doubleclick.net/gampad/ads?gdfp_req=1&glade_req=1&glv=25&output=html&iu=%2F1038259%2FSEL-amp-cube&sz=300x250&sfv=1-0-8&correlator=862029463158784&eid=108809080&adk=2352184609&biw=412&bih=620&adx=56&ady=404&oid=3&u_sd=3.5&ifi=1&is_amp=1&amp_v=1498506512561&nhd=1&url=http%3A%2F%", "row": 0, "column": 20204, "tagName": "html", "time": 13999.678909, "url": "", "pos": 1, "chunkLen": 1, "isStartTag": 0}}
06-28 12:28:42.796  9505  9518 E WProf.db: {"Resource": {"id": 35, "url": "https://securepubads.g.doubleclick.net/static/glade/extra_25.js", "sentTime": -1.000000, "len": 10944, "from": "0x9d2ab2b0", "mimeType": "text/javascript", "contentLength": -1, "httpStatus": 200, "connId": 405, "connReused": 0, "cached": 0,"requestTime": 13998.822248, "proxyStart": -1, "proxyEnd": -1, "dnsStart": 0, "dnsEnd": 0, "connectStart": 0, "connectEnd": 275, "sendStart": 275, "sendEnd": 275, "receiveHeadersEnd": 343, "sslStart": 42, "sslEnd": 272}}
06-28 12:28:42.796  9505  9518 E WProf.db: {"ReceivedChunk": {"receivedTime": 13999.214163, "len": 9628}}
06-28 12:28:42.796  9505  9518 E WProf.db: {"ReceivedChunk": {"receivedTime": 13999.214341, "len": 1316}}
06-28 12:28:42.796  9505  9518 E WProf.db: {"Resource": {"id": 36, "url": "https://securepubads.g.doubleclick.net/pcs/view?xai=AKAOjssufT8J2IbpishQjuT_XaBbyFr5qLQETfnThjVXOp11ftqP7bcP2HtShGm7--jra0RcDfaiAuPd6NPbWaErgNMm5fk4p44gPeiYSRHgPEBftwYdwObzfvGQm3jGEklulAyTSyYZyVfQP63fiBzC7kvwhdsUQtpjV9IRy_JLtlDKuX0aYC1vzlbcCTUxBbtoICGd5ACeeHrwmvCC3sWGMY67h1zW7f2w-8sjz8d08Dg7FcWQKKeA", "sentTime": -1.000000, "len": 0, "from": "0x9d2aba60", "mimeType": "text/html", "contentLength": 0, "httpStatus": 200, "connId": 405, "connReused": 1, "cached": 0,"requestTime": 13999.204692, "proxyStart": -1, "proxyEnd": -1, "dnsStart": -1, "dnsEnd": -1, "connectStart": 0, "connectEnd": 13, "sendStart": 13, "sendEnd": 14, "receiveHeadersEnd": 115, "sslStart": -1, "sslEnd": -1}}
