--------- beginning of main
06-28 10:53:37.562  3449  3449 E Finsky  : [1] com.google.android.finsky.wear.bl.a(3): onConnectionFailed: ConnectionResult{statusCode=API_UNAVAILABLE, resolution=null, message=null}
--------- beginning of system
06-28 10:53:38.895  9054  9054 E chromium: [ERROR:shell_integration_android.cc(12)] Not implemented reached in static ShellIntegration::DefaultWebClientSetPermission ShellIntegration::CanSetAsDefaultBrowser()
06-28 10:53:38.899  9054  9054 E chromium: [ERROR:browser_process_impl.cc(720)] Not implemented reached in virtual BackgroundModeManager* BrowserProcessImpl::background_mode_manager()
06-28 10:53:39.095  3218 30749 E AudioRecord-JNI: Error -4 during AudioRecord native read
06-28 10:53:41.549  9054  9099 E chromium: [ERROR:gles2_cmd_decoder.cc(3852)] [.ChromiumCompositor-0xacbb2fc0]GL ERROR :GL_INVALID_ENUM : glDiscardFramebufferEXT: attachments was GL_COLOR_EXT
06-28 10:53:41.873  9119  9132 E WPROF   : {"CSS": {"url": "http://searchengineland.com/figz/wp-content/themes/searchengineland/css/searchengineland-bootstrap.css", "requestTime": 8298.928367}}
06-28 10:53:41.873  9119  9132 E WPROF   : {"CSS": {"url": "http://fonts.googleapis.com/css?family=Oswald:300,400,700", "requestTime": 8298.928986}}
06-28 10:53:41.874  9119  9132 E WPROF   : {"CSS": {"url": "http://searchengineland.com/figz/wp-content/themes/searchengineland/style.css", "requestTime": 8298.929512}}
06-28 10:53:41.879  9119  9132 E WPROF   : {"Javascript": {"url": "http://searchengineland.com/figz/wp-content/themes/searchengineland/js/lib/modernizr.custom.js?ver=1.0", "requestTime": 8298.934706}}
06-28 10:53:41.879  9119  9132 E WPROF   : {"Javascript": {"url": "http://searchengineland.com/figz/wp-content/themes/searchengineland/js/lib/jquery-1.11.0.min.js?ver=1.11.0", "requestTime": 8298.935215}}
06-28 10:53:41.880  9119  9132 E WPROF   : {"Javascript": {"url": "http://searchengineland.com/figz/wp-content/themes/searchengineland/js/lib/jquery-ui-1.10.3.custom.min.js?ver=1.10.3", "requestTime": 8298.935635}}
06-28 10:53:41.880  9119  9132 E WPROF   : {"Javascript": {"url": "http://searchengineland.com/figz/wp-content/themes/searchengineland/js/lib/jquery.ba-throttle-debounce.min.js?ver=1.1", "requestTime": 8298.936050}}
06-28 10:53:41.881  9119  9132 E WPROF   : {"Javascript": {"url": "http://searchengineland.com/figz/wp-content/themes/searchengineland/js/lib/jquery.countdown.min.js?ver=2.0.4", "requestTime": 8298.936486}}
06-28 10:53:41.882  9119  9132 E WPROF   : {"Javascript": {"url": "http://static.chartbeat.com/js/chartbeat_mab.js", "requestTime": 8298.937613}}
06-28 10:53:42.535  9119  9132 E WPROF   : {"Javascript": {"url": "http://searchengineland.com/figz/wp-includes/js/wp-emoji-release.min.js?ver=4.7.5", "requestTime": 8299.590617}}
06-28 10:53:42.922  9119  9132 E WPROF   : {"Javascript": {"url": "http://www.googletagservices.com/tag/js/gpt.js", "requestTime": 8299.977448}}
06-28 10:53:42.927  9119  9132 E WPROF   : {"Javascript": {"url": "https://www.google-analytics.com/analytics.js", "requestTime": 8299.982733}}
06-28 10:53:42.937  9119  9132 E WPROF   : {"Javascript": {"url": "http://edge.quantserve.com/quant.js", "requestTime": 8299.992689}}
06-28 10:53:42.944  9119  9132 E WPROF   : {"Javascript": {"url": "https://connect.facebook.net/en_US/fbevents.js", "requestTime": 8299.999934}}
06-28 10:53:43.045  9054  9099 E chromium: [ERROR:gles2_cmd_decoder.cc(3852)] [.ChromiumCompositor-0xacbb2fc0]GL ERROR :GL_INVALID_ENUM : glDiscardFramebufferEXT: attachments was GL_COLOR_EXT
06-28 10:53:43.075  9119  9132 E WPROF   : {"Javascript": {"url": "http://app-sj02.marketo.com/js/forms2/js/forms2.min.js", "requestTime": 8300.130364}}
06-28 10:53:43.191  9119  9132 E WPROF   : {"Javascript": {"url": "https://connect.facebook.net/signals/config/423979991297359?v=2.7.17", "requestTime": 8300.246390}}
06-28 10:53:43.194  9054  9099 E chromium: [ERROR:gles2_cmd_decoder.cc(3852)] [.ChromiumCompositor-0xacbb2fc0]GL ERROR :GL_INVALID_ENUM : glDiscardFramebufferEXT: attachments was GL_COLOR_EXT
06-28 10:53:43.360  9119  9132 E WPROF   : {"Javascript": {"url": "http://app-sj02.marketo.com/index.php/form/getForm?munchkinId=727-ZQE-044&form=5691&url=http%3A%2F%2Fsearchengineland.com%2Fattend-smx-advanced-seo-sem-tactics-work-rates-increase-next-week-272110&callback=jQuery110204774165768176317_1498614823289&_=1498614823290", "requestTime": 8300.416030}}
06-28 10:53:43.378  9119  9132 E WPROF   : {"Javascript": {"url": "http://app-sj02.marketo.com/index.php/form/getForm?munchkinId=727-ZQE-044&form=5685&url=http%3A%2F%2Fsearchengineland.com%2Fattend-smx-advanced-seo-sem-tactics-work-rates-increase-next-week-272110&callback=jQuery110204774165768176317_1498614823291&_=1498614823292", "requestTime": 8300.434007}}
06-28 10:53:43.443  9119  9132 E WPROF   : {"Javascript": {"url": "https://securepubads.g.doubleclick.net/gpt/pubads_impl_121.js", "requestTime": 8300.498675}}
06-28 10:53:43.621  9119  9132 E WPROF   : {"Javascript": {"url": "http://app-sj02.marketo.com/index.php/form/getForm?munchkinId=727-ZQE-044&form=5673&url=http%3A%2F%2Fsearchengineland.com%2Fattend-smx-advanced-seo-sem-tactics-work-rates-increase-next-week-272110&callback=jQuery110204774165768176317_1498614823293&_=1498614823294", "requestTime": 8300.676783}}
06-28 10:53:43.652  9119  9132 E WPROF   : {"Javascript": {"url": "http://searchengineland.com/js/ga_social_tracking.js", "requestTime": 8300.707845}}
06-28 10:53:43.655  9119  9132 E WPROF   : {"Javascript": {"url": "http://s7.addthis.com/js/300/addthis_widget.js#pubid=ra-53e918f660794f37", "requestTime": 8300.710641}}
06-28 10:53:43.686  9054  9099 E chromium: [ERROR:gles2_cmd_decoder.cc(3852)] [.ChromiumCompositor-0xacbb2fc0]GL ERROR :GL_INVALID_ENUM : glDiscardFramebufferEXT: attachments was GL_COLOR_EXT
06-28 10:53:44.047  9119  9132 E WPROF   : {"Javascript": {"url": "http://cdn.api.twitter.com/1/users/show.json?screen_name=sengineland&callback=twttr.setFollowersCount", "requestTime": 8301.102475}}
06-28 10:53:44.145  9119  9132 E WPROF   : {"CSS": {"url": "http://app-sj02.marketo.com/js/forms2/css/forms2.css", "requestTime": 8301.200505}}
06-28 10:53:44.147  9119  9132 E WPROF   : {"CSS": {"url": "http://app-sj02.marketo.com/js/forms2/css/forms2-theme-simple.css", "requestTime": 8301.203211}}
06-28 10:53:44.238  9119  9132 E WPROF   : {"Javascript": {"url": "https://static.xx.fbcdn.net/rsrc.php/v3iy6L4/yk/l/ko_KR/be4fIjHRc8P.js", "requestTime": 8301.294150}}
06-28 10:53:44.318  9054  9099 E chromium: [ERROR:gles2_cmd_decoder.cc(3852)] [.ChromiumCompositor-0xacbb2fc0]GL ERROR :GL_INVALID_ENUM : glDiscardFramebufferEXT: attachments was GL_COLOR_EXT
06-28 10:53:44.486   862  1657 E LocSvc_IzatApiV02: E/virtual int izat_core::IzatApiV02::getBatchSize(int32_t):522]: Error : st = 4, ind.status = -1628389555
06-28 10:53:44.486   862  1657 E LocSvc_IzatApiV02: E/virtual int izat_core::IzatApiV02::getBatchSize(int32_t):535]: get batching size failed.Or modem does not support batching 
06-28 10:53:44.495   862  1657 E LocSvc_IzatApiV02: E/virtual int izat_core::IzatApiV02::getBatchSize(int32_t):522]: Error : st = 4, ind.status = -1628389555
06-28 10:53:44.495   862  1657 E LocSvc_IzatApiV02: E/virtual int izat_core::IzatApiV02::getBatchSize(int32_t):535]: get batching size failed.Or modem does not support batching 
06-28 10:53:44.528   862  1657 E LocSvc_IzatApiV02: E/virtual int izat_core::IzatApiV02::getBatchSize(int32_t):522]: Error : st = 4, ind.status = -1628389555
06-28 10:53:44.528   862  1657 E LocSvc_IzatApiV02: E/virtual int izat_core::IzatApiV02::getBatchSize(int32_t):535]: get batching size failed.Or modem does not support batching 
06-28 10:53:44.537   862  1657 E LocSvc_IzatApiV02: E/virtual int izat_core::IzatApiV02::getBatchSize(int32_t):522]: Error : st = 4, ind.status = -1628389555
06-28 10:53:44.537   862  1657 E LocSvc_IzatApiV02: E/virtual int izat_core::IzatApiV02::getBatchSize(int32_t):535]: get batching size failed.Or modem does not support batching 
06-28 10:53:44.921  9119  9132 E WPROF   : {"Javascript": {"url": "http://platform.twitter.com/widgets.js", "requestTime": 8301.976369}}
06-28 10:53:44.922  9119  9132 E WPROF   : {"Javascript": {"url": "http://connect.facebook.net/en_US/sdk.js", "requestTime": 8301.977939}}
06-28 10:53:44.923  9119  9132 E WPROF   : {"Javascript": {"url": "https://apis.google.com/js/platform.js", "requestTime": 8301.979154}}
06-28 10:53:44.949  9119  9132 E WPROF   : {"Javascript": {"url": "http://rules.quantcount.com/rules-p-5aGizvD82d9hk.js", "requestTime": 8302.004856}}
06-28 10:53:44.951  9119  9132 E WPROF   : {"Javascript": {"url": "http://munchkin.marketo.net/munchkin.js", "requestTime": 8302.007207}}
06-28 10:53:45.073  9119  9132 E WPROF   : {"Javascript": {"url": "http://dnn506yrbagrg.cloudfront.net/pages/scripts/0026/4062.js?416281", "requestTime": 8302.128919}}
06-28 10:53:45.115  9054  9099 E chromium: [ERROR:gles2_cmd_decoder.cc(3852)] [.ChromiumCompositor-0xacbb2fc0]GL ERROR :GL_INVALID_ENUM : glDiscardFramebufferEXT: attachments was GL_COLOR_EXT
06-28 10:53:45.558  9119  9132 E WPROF   : {"Javascript": {"url": "https://securepubads.g.doubleclick.net/gampad/ads?gdfp_req=1&correlator=2755478744465408&output=json_html&callback=googletag.impl.pubads.callbackProxy1&impl=fifs&json_a=1&eid=108809080%2C108809103%2C108809153%2C21060013&sc=0&sfv=1-0-9&iu_parts=1038259%2Csel-ciu-1%2Csel-ciu-2%2Csel-ciu-3%2Csel-ciu-4%", "requestTime": 8302.613428}}
06-28 10:53:45.600  9119  9132 E WPROF   : {"Javascript": {"url": "http://d2j3qa5nc37287.cloudfront.net/coupon_code1.js", "requestTime": 8302.655976}}
06-28 10:53:45.632  9119  9132 E WPROF   : {"Javascript": {"url": "http://www.googleadservices.com/pagead/conversion.js", "requestTime": 8302.687943}}
06-28 10:53:45.633  9119  9132 E WPROF   : {"Javascript": {"url": "http://searchengineland.com/figz/wp-content/themes/searchengineland/js/script.js?ver=1.0", "requestTime": 8302.688561}}
06-28 10:53:45.633  9119  9132 E WPROF   : {"Javascript": {"url": "http://searchengineland.com/figz/wp-includes/js/wp-embed.min.js?ver=4.7.5", "requestTime": 8302.688925}}
06-28 10:53:45.634  9119  9132 E WPROF   : {"Javascript": {"url": "http://searchengineland.com/figz/wp-content/themes/searchengineland/js/modules/sharing_controls.js", "requestTime": 8302.689313}}
06-28 10:53:45.694  9054  9099 E chromium: [ERROR:gles2_cmd_decoder.cc(3852)] [.ChromiumCompositor-0xacbb2fc0]GL ERROR :GL_INVALID_ENUM : glDiscardFramebufferEXT: attachments was GL_COLOR_EXT
06-28 10:53:45.877  9119  9132 E WPROF   : {"CSS": {"url": "https://www.youtube.com/yts/cssbin/www-embed-player-sprite-mode-vfl5G4Xm8.css", "requestTime": 8302.932381}}
06-28 10:53:45.879  9119  9132 E WPROF   : {"Javascript": {"url": "https://www.youtube.com/yts/jsbin/www-embed-player-vfl_UY_j8/www-embed-player.js", "requestTime": 8302.934703}}
06-28 10:53:45.881  9119  9132 E WPROF   : {"Javascript": {"url": "https://www.youtube.com/yts/jsbin/player-vflo1w4O-/ko_KR/base.js", "requestTime": 8302.936057}}
06-28 10:53:45.948  9054  9099 E chromium: [ERROR:gles2_cmd_decoder.cc(3852)] [.ChromiumCompositor-0xacbb2fc0]GL ERROR :GL_INVALID_ENUM : glDiscardFramebufferEXT: attachments was GL_COLOR_EXT
06-28 10:53:46.382  9119  9132 E WPROF   : {"Javascript": {"url": "http://m.addthisedge.com/live/boost/ra-53e918f660794f37/_ate.track.config_resp", "requestTime": 8303.438068}}
06-28 10:53:46.422  9119  9132 E WPROF   : {"Javascript": {"url": "http://m.addthis.com/live/red_lojson/300lo.json?si=59530c283e15c667&bkl=0&bl=1&pdt=2185&sid=59530c283e15c667&pub=ra-53e918f660794f37&rev=v7.15.4-wp&ln=ko&pc=men&cb=0&ab=-&dp=searchengineland.com&fp=attend-smx-advanced-seo-sem-tactics-work-rates-increase-next-week-272110&fr=&of=0&pd=0&irt=0&vcl=0&md=", "requestTime": 8303.477945}}
06-28 10:53:46.587  9054  9099 E chromium: [ERROR:gles2_cmd_decoder.cc(3852)] [.ChromiumCompositor-0xacbb2fc0]GL ERROR :GL_INVALID_ENUM : glDiscardFramebufferEXT: attachments was GL_COLOR_EXT
06-28 10:53:47.057  9054  9099 E chromium: [ERROR:gles2_cmd_decoder.cc(3852)] [.ChromiumCompositor-0xacbb2fc0]GL ERROR :GL_INVALID_ENUM : glDiscardFramebufferEXT: attachments was GL_COLOR_EXT
06-28 10:53:47.957  9119  9132 E WPROF   : {"Javascript": {"url": "https://www.google.com/js/bg/KWBfAnWFESAEEaKKgdYlTHY9ysQaNoQuzeMFqvxDSM8.js", "requestTime": 8305.012334}}
06-28 10:53:47.959  9119  9132 E WPROF   : {"Javascript": {"url": "https://static.doubleclick.net/instream/ad_status.js", "requestTime": 8305.014408}}
06-28 10:53:48.261  9054  9099 E chromium: [ERROR:gles2_cmd_decoder.cc(3852)] [.ChromiumCompositor-0xacbb2fc0]GL ERROR :GL_INVALID_ENUM : glDiscardFramebufferEXT: attachments was GL_COLOR_EXT
06-28 10:53:48.393  9054  9099 E chromium: [ERROR:gles2_cmd_decoder.cc(3852)] [.ChromiumCompositor-0xacbb2fc0]GL ERROR :GL_INVALID_ENUM : glDiscardFramebufferEXT: attachments was GL_COLOR_EXT
06-28 10:53:49.214  9054  9099 E chromium: [ERROR:gles2_cmd_decoder.cc(3852)] [.ChromiumCompositor-0xacbb2fc0]GL ERROR :GL_INVALID_ENUM : glDiscardFramebufferEXT: attachments was GL_COLOR_EXT
06-28 10:53:49.364  9054  9099 E chromium: [ERROR:gles2_cmd_decoder.cc(3852)] [.ChromiumCompositor-0xacbb2fc0]GL ERROR :GL_INVALID_ENUM : glDiscardFramebufferEXT: attachments was GL_COLOR_EXT
06-28 10:53:49.552  9119  9132 E WPROF   : {"Javascript": {"url": "https://platform.twitter.com/js/button.b731e6c82269f70f6fc53634e044a4c6.js", "requestTime": 8306.607707}}
06-28 10:53:49.558  9119  9132 E WPROF   : {"Javascript": {"url": "http://munchkin.marketo.net/151/munchkin.js", "requestTime": 8306.613474}}
06-28 10:53:49.749  9119  9132 E WPROF   : {"Javascript": {"url": "https://tpc.googlesyndication.com/pagead/js/r20170619/r20110914/client/ext/m_window_focus_non_hydra.js", "requestTime": 8306.805106}}
06-28 10:53:49.751  9119  9132 E WPROF   : {"Javascript": {"url": "https://tpc.googlesyndication.com/pagead/js/r20170619/r20110914/activeview/osd_listener.js", "requestTime": 8306.807033}}
06-28 10:53:49.756  9119  9132 E WPROF   : {"Javascript": {"url": "http://pagead2.googlesyndication.com/pagead/osd.js", "requestTime": 8306.811637}}
06-28 10:53:49.912  9119  9132 E WPROF   : {"Javascript": {"url": "http://s7.addthis.com/static/layers.4acb6c577b51939661ec.js", "requestTime": 8306.967669}}
06-28 10:53:49.954  9119  9132 E WPROF   : {"Javascript": {"url": "http://www.justuno.com/ajax/account_version_check.html?id=828FA275-FF73-401E-AA39-40F5A6FAB6B1", "requestTime": 8307.009597}}
06-28 10:53:50.231  9054  9099 E chromium: [ERROR:gles2_cmd_decoder.cc(3852)] [.ChromiumCompositor-0xacbb2fc0]GL ERROR :GL_INVALID_ENUM : glDiscardFramebufferEXT: attachments was GL_COLOR_EXT
06-28 10:53:51.125  9054  9099 E chromium: [ERROR:gles2_cmd_decoder.cc(3852)] [.ChromiumCompositor-0xacbb2fc0]GL ERROR :GL_INVALID_ENUM : glDiscardFramebufferEXT: attachments was GL_COLOR_EXT
06-28 10:53:51.392  9054  9099 E chromium: [ERROR:gles2_cmd_decoder.cc(3852)] [.ChromiumCompositor-0xacbb2fc0]GL ERROR :GL_INVALID_ENUM : glDiscardFramebufferEXT: attachments was GL_COLOR_EXT
06-28 10:53:53.260  9119  9132 E WPROF   : {"Javascript": {"url": "http://cdn.justuno.com/mwgt_3.6.js", "requestTime": 8310.315414}}
06-28 10:53:53.506  9054  9099 E chromium: [ERROR:gles2_cmd_decoder.cc(3852)] [.ChromiumCompositor-0xacbb2fc0]GL ERROR :GL_INVALID_ENUM : glDiscardFramebufferEXT: attachments was GL_COLOR_EXT
06-28 10:53:53.519  9119  9132 E WPROF   : {"Javascript": {"url": "https://app-sj02.marketo.com/js/forms2/js/forms2.min.js", "requestTime": 8310.574816}}
06-28 10:53:53.909  9054  9099 E chromium: [ERROR:gles2_cmd_decoder.cc(3852)] [.ChromiumCompositor-0xacbb2fc0]GL ERROR :GL_INVALID_ENUM : glDiscardFramebufferEXT: attachments was GL_COLOR_EXT
06-28 10:53:54.545  9054  9099 E chromium: [ERROR:gles2_cmd_decoder.cc(3852)] [.ChromiumCompositor-0xacbb2fc0]GL ERROR :GL_INVALID_ENUM : glDiscardFramebufferEXT: attachments was GL_COLOR_EXT
06-28 10:53:54.922  9054  9099 E chromium: [ERROR:gles2_cmd_decoder.cc(3852)] [.ChromiumCompositor-0xacbb2fc0]GL ERROR :GL_INVALID_ENUM : glDiscardFramebufferEXT: attachments was GL_COLOR_EXT
06-28 10:53:55.053  9119  9132 E WPROF   : {"Javascript": {"url": "https://cdn.syndication.twimg.com/widgets/followbutton/info.json?callback=__twttr.setFollowersCountAndFollowing&lang=en&screen_names=sengineland", "requestTime": 8312.108662}}
06-28 10:53:55.581  9119  9132 E WProf.db: {"page": "searchengineland.com_attend-smx-advanced-seo-sem-tactics-work-rates-increase-next-week-272110"}
06-28 10:53:55.581  9119  9132 E WProf.db: {"DOMLoad": 8312.636325}
06-28 10:53:55.581  9119  9132 E WProf.db: {"Resource": {"id": 1, "url": "http://searchengineland.com/attend-smx-advanced-seo-sem-tactics-work-rates-increase-next-week-272110", "sentTime": -1.000000, "len": 94020, "from": "0x0", "mimeType": "text/html", "contentLength": -1, "httpStatus": 200, "connId": 19, "connReused": 1, "cached": 0,"requestTime": 8298.529785, "proxyStart": -1, "proxyEnd": -1, "dnsStart": -1, "dnsEnd": -1, "connectStart": 0, "connectEnd": 87, "sendStart": 87, "sendEnd": 87, "receiveHeadersEnd": 258, "sslStart": -1, "sslEnd": -1}}
06-28 10:53:55.581  9119  9132 E WProf.db: {"ReceivedChunk": {"receivedTime": 8298.816768, "len": 7638}}
06-28 10:53:55.581  9119  9132 E WProf.db: {"ReceivedChunk": {"receivedTime": 8298.912906, "len": 32768}}
06-28 10:53:55.581  9119  9132 E WProf.db: {"ReceivedChunk": {"receivedTime": 8298.913335, "len": 32409}}
06-28 10:53:55.581  9119  9132 E WProf.db: {"ReceivedChunk": {"receivedTime": 8298.972549, "len": 21205}}
06-28 10:53:55.581  9119  9132 E WProf.db: {"WprofHTMLTag": {"code": "0xaedd55a0", "doc": "http://searchengineland.com/attend-smx-advanced-seo-sem-tactics-work-rates-increase-next-week-272110", "row": 6, "column": 42, "tagName": "html", "time": 8298.918155, "url": "", "pos": 1, "chunkLen": 1, "isStartTag": 1}}
06-28 10:53:55.581  9119  9132 E WProf.db: {"WprofHTMLTag": {"code": "0xaf047700", "doc": "http://searchengineland.com/attend-smx-advanced-seo-sem-tactics-work-rates-increase-next-week-272110", "row": 7, "column": 6, "tagName": "head", "time": 8298.918540, "url": "", "pos": 1, "chunkLen": 1, "isStartTag": 1}}
06-28 10:53:55.581  9119  9132 E WProf.db: {"WprofHTMLTag": {"code": "0xaf0477f0", "doc": "http://searchengineland.com/attend-smx-advanced-seo-sem-tactics-work-rates-increase-next-week-272110", "row": 8, "column": 54, "tagName": "meta", "time": 8298.918611, "url": "", "pos": 1, "chunkLen": 1, "isStartTag": 1}}
06-28 10:53:55.583  9119  9132 E WProf.db: {"WprofHTMLTag": {"code": "0xaf047820", "doc": "http://searchengineland.com/attend-smx-advanced-seo-sem-tactics-work-rates-increase-next-week-272110", "row": 9, "column": 68, "tagName": "meta", "time": 8298.918842, "url": "", "pos": 1, "chunkLen": 1, "isStartTag": 1}}
06-28 10:53:55.583  9119  9132 E WProf.db: {"WprofHTMLTag": {"code": "0xaf047850", "doc": "http://searchengineland.com/attend-smx-advanced-seo-sem-tactics-work-rates-increase-next-week-272110", "row": 10, "column": 23, "tagName": "meta", "time": 8298.919031, "url": "", "pos": 1, "chunkLen": 1, "isStartTag": 1}}
06-28 10:53:55.583  9119  9132 E WProf.db: {"WprofHTMLTag": {"code": "0xaf047880", "doc": "http://searchengineland.com/attend-smx-advanced-seo-sem-tactics-work-rates-increase-next-week-272110", "row": 11, "column": 52, "tagName": "meta", "time": 8298.919250, "url": "", "pos": 1, "chunkLen": 1, "isStartTag": 1}}
06-28 10:53:55.583  9119  9132 E WProf.db: {"WprofHTMLTag": {"code": "0xaf0478b0", "doc": "http://searchengineland.com/attend-smx-advanced-seo-sem-tactics-work-rates-increase-next-week-272110", "row": 14, "column": 56, "tagName": "meta", "time": 8298.919464, "url": "", "pos": 1, "chunkLen": 1, "isStartTag": 1}}
06-28 10:53:55.583  9119  9132 E WProf.db: {"WprofHTMLTag": {"code": "0xaf0478e0", "doc": "http://searchengineland.com/attend-smx-advanced-seo-sem-tactics-work-rates-increase-next-week-272110", "row": 15, "column": 83, "tagName": "meta", "time": 8298.919664, "url": "", "pos": 1, "chunkLen": 1, "isStartTag": 1}}
06-28 10:53:55.583  9119  9132 E WProf.db: {"WprofHTMLTag": {"code": "0xaf047910", "doc": "http://searchengineland.com/attend-smx-advanced-seo-sem-tactics-work-rates-increase-next-week-272110", "row": 16, "column": 57, "tagName": "meta", "time": 8298.919861, "url": "", "pos": 1, "chunkLen": 1, "isStartTag": 1}}
06-28 10:53:55.583  9119  9132 E WProf.db: {"WprofHTMLTag": {"code": "0xaf0479a0", "doc": "http://searchengineland.com/attend-smx-advanced-seo-sem-tactics-work-rates-increase-next-week-272110", "row": 17, "column": 41, "tagName": "meta", "time": 8298.920104, "url": "", "pos": 1, "chunkLen": 1, "isStartTag": 1}}
06-28 10:53:55.583  9119  9132 E WProf.db: {"WprofHTMLTag": {"code": "0xaf0479d0", "doc": "http://searchengineland.com/attend-smx-advanced-seo-sem-tactics-work-rates-increase-next-week-272110", "row": 18, "column": 50, "tagName": "meta", "time": 8298.920306, "url": "", "pos": 1, "chunkLen": 1, "isStartTag": 1}}
06-28 10:53:55.584  9119  9132 E WProf.db: {"WprofHTMLTag": {"code": "0xaf047a00", "doc": "http://searchengineland.com/attend-smx-advanced-seo-sem-tactics-work-rates-increase-next-week-272110", "row": 19, "column": 174, "tagName": "meta", "time": 8298.920493, "url": "", "pos": 1, "chunkLen": 1, "isStartTag": 1}}
06-28 10:53:55.584  9119  9132 E WProf.db: {"WprofHTMLTag": {"code": "0xaf047970", "doc": "http://searchengineland.com/attend-smx-advanced-seo-sem-tactics-work-rates-increase-next-week-272110", "row": 20, "column": 47, "tagName": "meta", "time": 8298.920684, "url": "", "pos": 1, "chunkLen": 1, "isStartTag": 1}}
06-28 10:53:55.584  9119  9132 E WProf.db: {"WprofHTMLTag": {"code": "0xaf047940", "doc": "http://searchengineland.com/attend-smx-advanced-seo-sem-tactics-work-rates-increase-next-week-272110", "row": 21, "column": 67, "tagName": "meta", "time": 8298.920880, "url": "", "pos": 1, "chunkLen": 1, "isStartTag": 1}}
06-28 10:53:55.584  9119  9132 E WProf.db: {"WprofHTMLTag": {"code": "0xaf047a30", "doc": "http://searchengineland.com/attend-smx-advanced-seo-sem-tactics-work-rates-increase-next-week-272110", "row": 22, "column": 57, "tagName": "meta", "time": 8298.921070, "url": "", "pos": 1, "chunkLen": 1, "isStartTag": 1}}
06-28 10:53:55.584  9119  9132 E WProf.db: {"WprofHTMLTag": {"code": "0xaf047a60", "doc": "http://searchengineland.com/attend-smx-advanced-seo-sem-tactics-work-rates-increase-next-week-272110", "row": 23, "column": 65, "tagName": "meta", "time": 8298.921279, "url": "", "pos": 1, "chunkLen": 1, "isStartTag": 1}}
06-28 10:53:55.584  9119  9132 E WProf.db: {"WprofHTMLTag": {"code": "0xaf047a90", "doc": "http://searchengineland.com/attend-smx-advanced-seo-sem-tactics-work-rates-increase-next-week-272110", "row": 24, "column": 55, "tagName": "meta", "time": 8298.921467, "url": "", "pos": 1, "chunkLen": 1, "isStartTag": 1}}
06-28 10:53:55.584  9119  9132 E WProf.db: {"WprofHTMLTag": {"code": "0xaf047ac0", "doc": "http://searchengineland.com/attend-smx-advanced-seo-sem-tactics-work-rates-increase-next-week-272110", "row": 25, "column": 71, "tagName": "meta", "time": 8298.921660, "url": "", "pos": 1, "chunkLen": 1, "isStartTag": 1}}
06-28 10:53:55.584  9119  9132 E WProf.db: {"WprofHTMLTag": {"code": "0xaf047af0", "doc": "http://searchengineland.com/attend-smx-advanced-seo-sem-tactics-work-rates-increase-next-week-272110", "row": 26, "column": 86, "tagName": "meta", "time": 8298.921856, "url": "", "pos": 1, "chunkLen": 1, "isStartTag": 1}}
06-28 10:53:55.585  9119  9132 E WProf.db: {"WprofHTMLTag": {"code": "0xaf047b20", "doc": "http://searchengineland.com/attend-smx-advanced-seo-sem-tactics-work-rates-increase-next-week-272110", "row": 27, "column": 54, "tagName": "meta", "time": 8298.922050, "url": "", "pos": 1, "chunkLen": 1, "isStartTag": 1}}
06-28 10:53:55.585  9119  9132 E WProf.db: {"WprofHTMLTag": {"code": "0xaf047b50", "doc": "http://searchengineland.com/attend-smx-advanced-seo-sem-tactics-work-rates-increase-next-week-272110", "row": 29, "column": 39, "tagName": "meta", "time": 8298.922240, "url": "", "pos": 1, "chunkLen": 1, "isStartTag": 1}}
06-28 10:53:55.585  9119  9132 E WProf.db: {"WprofHTMLTag": {"code": "0xaf047b80", "doc": "http://searchengineland.com/attend-smx-advanced-seo-sem-tactics-work-rates-increase-next-week-272110", "row": 30, "column": 180, "tagName": "meta", "time": 8298.922426, "url": "", "pos": 1, "chunkLen": 1, "isStartTag": 1}}
06-28 10:53:55.585  9119  9132 E WProf.db: {"WprofHTMLTag": {"code": "0xaf047bb0", "doc": "http://searchengineland.com/attend-smx-advanced-seo-sem-tactics-work-rates-increase-next-week-272110", "row": 31, "column": 55, "tagName": "meta", "time": 8298.922613, "url": "", "pos": 1, "chunkLen": 1, "isStartTag": 1}}
06-28 10:53:55.585  9119  9132 E WProf.db: {"WprofHTMLTag": {"code": "0xaf047be0", "doc": "http://searchengineland.com/attend-smx-advanced-seo-sem-tactics-work-rates-increase-next-week-272110", "row": 32, "column": 54, "tagName": "meta", "time": 8298.922806, "url": "", "pos": 1, "chunkLen": 1, "isStartTag": 1}}
06-28 10:53:55.585  9119  9132 E WProf.db: {"WprofHTMLTag": {"code": "0xaf047c10", "doc": "http://searchengineland.com/attend-smx-advanced-seo-sem-tactics-work-rates-increase-next-week-272110", "row": 33, "column": 151, "tagName": "meta", "time": 8298.922989, "url": "", "pos": 1, "chunkLen": 1, "isStartTag": 1}}
06-28 10:53:55.585  9119  9132 E WProf.db: {"WprofHTMLTag": {"code": "0xaf047c40", "doc": "http://searchengineland.com/attend-smx-advanced-seo-sem-tactics-work-rates-increase-next-week-272110", "row": 37, "column": 36, "tagName": "script", "time": 8298.923173, "url": "", "pos": 1, "chunkLen": 1, "isStartTag": 1}}
06-28 10:53:55.585  9119  9132 E WProf.db: {"WprofHTMLTag": {"code": "0xaf047c70", "doc": "http://searchengineland.com/attend-smx-advanced-seo-sem-tactics-work-rates-increase-next-week-272110", "row": 53, "column": 10, "tagName": "script", "time": 8298.924033, "url": "", "pos": 1, "chunkLen": 1, "isStartTag": 0}}
06-28 10:53:55.585  9119  9132 E WProf.db: {"WprofHTMLTag": {"code": "0xaedd5690", "doc": "http://searchengineland.com/attend-smx-advanced-seo-sem-tactics-work-rates-increase-next-week-272110", "row": 55, "column": 86, "tagName": "link", "time": 8298.925007, "url": "http://searchengineland.com/apple-touch-icon.png", "pos": 1, "chunkLen": 1, "isStartTag": 1}}
06-28 10:53:55.586  9119  9132 E WProf.db: {"WprofHTMLTag": {"code": "0xaf047ca0", "doc": "http://searchengineland.com/attend-smx-advanced-seo-sem-tactics-work-rates-increase-next-week-272110", "row": 56, "column": 76, "tagName": "link", "time": 8298.925493, "url": "http://searchengineland.com/favicon.ico", "pos": 1, "chunkLen": 1, "isStartTag": 1}}
06-28 10:53:55.586  9119  9132 E WProf.db: {"WprofHTMLTag": {"code": "0xaf047cd0", "doc": "http://searchengineland.com/attend-smx-advanced-seo-sem-tactics-work-rates-increase-next-week-272110", "row": 57, "column": 158, "tagName": "link", "time": 8298.925833, "url": "http://feeds.searchengineland.com/searchengineland", "pos": 1, "chunkLen": 1, "isStartTag": 1}}
06-28 10:53:55.586  9119  9132 E WProf.db: {"WprofHTMLTag": {"code": "0xaf047d00", "doc": "http://searchengineland.com/attend-smx-advanced-seo-sem-tactics-work-rates-increase-next-week-272110", "row": 58, "column": 149, "tagName": "link", "time": 8298.926319, "url": "http://feeds.searchengineland.com/searchcap", "pos": 1, "chunkLen": 1, "isStartTag": 1}}
06-28 10:53:55.586  9119  9132 E WProf.db: {"WprofHTMLTag": {"code": "0xaf047d30", "doc": "http://searchengineland.com/attend-smx-advanced-seo-sem-tactics-work-rates-increase-next-week-272110", "row": 59, "column": 150, "tagName": "link", "time": 8298.926808, "url": "http://searchengineland.com/figz/wp-content/themes/searchengineland/css/searchengineland-bootstrap.css", "pos": 1, "chunkLen": 1, "isStartTag": 1}}
06-28 10:53:55.586  9119  9132 E WProf.db: {"WprofHTMLTag": {"code": "0xaf047d90", "doc": "http://searchengineland.com/attend-smx-advanced-seo-sem-tactics-work-rates-increase-next-week-272110", "row": 60, "column": 105, "tagName": "link", "time": 8298.928671, "url": "http://fonts.googleapis.com/css?family=Oswald:300,400,700", "pos": 1, "chunkLen": 1, "isStartTag": 1}}
06-28 10:53:55.586  9119  9132 E WProf.db: {"WprofHTMLTag": {"code": "0xaf047df0", "doc": "http://searchengineland.com/attend-smx-advanced-seo-sem-tactics-work-rates-increase-next-week-272110", "row": 61, "column": 125, "tagName": "link", "time": 8298.929211, "url": "http://searchengineland.com/figz/wp-content/themes/searchengineland/style.css", "pos": 1, "chunkLen": 1, "isStartTag": 1}}
06-28 10:53:55.586  9119  9132 E WProf.db: {"WprofHTMLTag": {"code": "0xaf047e50", "doc": "http://searchengineland.com/attend-smx-advanced-seo-sem-tactics-work-rates-increase-next-week-272110", "row": 65, "column": 7, "tagName": "title", "time": 8298.929724, "url": "", "pos": 1, "chunkLen": 1, "isStartTag": 1}}
06-28 10:53:55.586  9119  9132 E WProf.db: {"WprofHTMLTag": {"code": "0xaf047e80", "doc": "http://searchengineland.com/attend-smx-advanced-seo-sem-tactics-work-rates-increase-next-week-272110", "row": 65, "column": 97, "tagName": "title", "time": 8298.929807, "url": "", "pos": 1, "chunkLen": 1, "isStartTag": 0}}
06-28 10:53:55.586  9119  9132 E WProf.db: {"WprofHTMLTag": {"code": "0xaf047eb0", "doc": "http://searchengineland.com/attend-smx-advanced-seo-sem-tactics-work-rates-increase-next-week-272110", "row": 66, "column": 192, "tagName": "meta", "time": 8298.929830, "url": "", "pos": 1, "chunkLen": 1, "isStartTag": 1}}
06-28 10:53:55.587  9119  9132 E WProf.db: {"WprofHTMLTag": {"code": "0xaf047ee0", "doc": "http://searchengineland.com/attend-smx-advanced-seo-sem-tactics-work-rates-increase-next-week-272110", "row": 67, "column": 40, "tagName": "meta", "time": 8298.929959, "url": "", "pos": 1, "chunkLen": 1, "isStartTag": 1}}
06-28 10:53:55.587  9119  9132 E WProf.db: {"WprofHTMLTag": {"code": "0xaf047f10", "doc": "http://searchengineland.com/attend-smx-advanced-seo-sem-tactics-work-rates-increase-next-week-272110", "row": 68, "column": 142, "tagName": "meta", "time": 8298.930330, "url": "", "pos": 1, "chunkLen": 1, "isStartTag": 1}}
06-28 10:53:55.587  9119  9132 E WProf.db: {"WprofHTMLTag": {"code": "0xaf047f40", "doc": "http://searchengineland.com/attend-smx-advanced-seo-sem-tactics-work-rates-increase-next-week-272110", "row": 69, "column": 37, "tagName": "meta", "time": 8298.930461, "url": "", "pos": 1, "chunkLen": 1, "isStartTag": 1}}
06-28 10:53:55.587  9119  9132 E WProf.db: {"WprofHTMLTag": {"code": "0xaf047f70", "doc": "http://searchengineland.com/attend-smx-advanced-seo-sem-tactics-work-rates-increase-next-week-272110", "row": 70, "column": 132, "tagName": "link", "time": 8298.930578, "url": "http://searchengineland.com/attend-smx-advanced-seo-sem-tactics-work-rates-increase-next-week-272110", "pos": 1, "chunkLen": 1, "isStartTag": 1}}
06-28 10:53:55.587  9119  9132 E WProf.db: {"WprofHTMLTag": {"code": "0xaf047fa0", "doc": "http://searchengineland.com/attend-smx-advanced-seo-sem-tactics-work-rates-increase-next-week-272110", "row": 71, "column": 76, "tagName": "link", "time": 8298.930789, "url": "https://plus.google.com/103218677032751327334", "pos": 1, "chunkLen": 1, "isStartTag": 1}}
06-28 10:53:55.587  9119  9132 E WProf.db: {"WprofHTMLTag": {"code": "0xaf047fd0", "doc": "http://searchengineland.com/attend-smx-advanced-seo-sem-tactics-work-rates-increase-next-week-272110", "row": 72, "column": 45, "tagName": "meta", "time": 8298.930984, "url": "", "pos": 1, "chunkLen": 1, "isStartTag": 1}}
06-28 10:53:55.587  9119  9132 E WProf.db: {"WprofHTMLTag": {"code": "0xb4cc74b0", "doc": "http://searchengineland.com/attend-smx-advanced-seo-sem-tactics-work-rates-increase-next-week-272110", "row": 73, "column": 45, "tagName": "meta", "time": 8298.931097, "url": "", "pos": 1, "chunkLen": 1, "isStartTag": 1}}
06-28 10:53:55.587  9119  9132 E WProf.db: {"WprofHTMLTag": {"code": "0xb4cc7540", "doc": "http://searchengineland.com/attend-smx-advanced-seo-sem-tactics-work-rates-increase-next-week-272110", "row": 74, "column": 121, "tagName": "meta", "time": 8298.931215, "url": "", "pos": 1, "chunkLen": 1, "isStartTag": 1}}
06-28 10:53:55.587  9119  9132 E WProf.db: {"WprofHTMLTag": {"code": "0xb4cc78a0", "doc": "http://searchengineland.com/attend-smx-advanced-seo-sem-tactics-work-rates-increase-next-week-272110", "row": 75, "column": 200, "tagName": "meta", "time": 8298.931326, "url": "", "pos": 1, "chunkLen": 1, "isStartTag": 1}}
06-28 10:53:55.588  9119  9132 E WProf.db: {"WprofHTMLTag": {"code": "0xb4cc78d0", "doc": "http://searchengineland.com/attend-smx-advanced-seo-sem-tactics-work-rates-increase-next-week-272110", "row": 76, "column": 137, "tagName": "meta", "time": 8298.931441, "url": "", "pos": 1, "chunkLen": 1, "isStartTag": 1}}
06-28 10:53:55.588  9119  9132 E WProf.db: {"WprofHTMLTag": {"code": "0xb4cc7900", "doc": "http://searchengineland.com/attend-smx-advanced-seo-sem-tactics-work-rates-increase-next-week-272110", "row": 77, "column": 61, "tagName": "meta", "time": 8298.931557, "url": "", "pos": 1, "chunkLen": 1, "isStartTag": 1}}
06-28 10:53:55.588  9119  9132 E WProf.db: {"WprofHTMLTag": {"code": "0xb4cc7930", "doc": "http://searchengineland.com/attend-smx-advanced-seo-sem-tactics-work-rates-increase-next-week-272110", "row": 78, "column": 89, "tagName": "meta", "time": 8298.931676, "url": "", "pos": 1, "chunkLen": 1, "isStartTag": 1}}
06-28 10:53:55.588  9119  9132 E WProf.db: {"WprofHTMLTag": {"code": "0xb4cc7960", "doc": "http://searchengineland.com/attend-smx-advanced-seo-sem-tactics-work-rates-increase-next-week-272110", "row": 79, "column": 63, "tagName": "meta", "time": 8298.931822, "url": "", "pos": 1, "chunkLen": 1, "isStartTag": 1}}
06-28 10:53:55.588  9119  9132 E WProf.db: {"WprofHTMLTag": {"code": "0xb4cc7990", "doc": "http://searchengineland.com/attend-smx-advanced-seo-sem-tactics-work-rates-increase-next-week-272110", "row": 80, "column": 78, "tagName": "meta", "time": 8298.931994, "url": "", "pos": 1, "chunkLen": 1, "isStartTag": 1}}
06-28 10:53:55.588  9119  9132 E WProf.db: {"WprofHTMLTag": {"code": "0xb4cc79c0", "doc": "http://searchengineland.com/attend-smx-advanced-seo-sem-tactics-work-rates-increase-next-week-272110", "row": 81, "column": 77, "tagName": "meta", "time": 8298.932143, "url": "", "pos": 1, "chunkLen": 1, "isStartTag": 1}}
06-28 10:53:55.588  9119  9132 E WProf.db: {"WprofHTMLTag": {"code": "0xb4cc79f0", "doc": "http://searchengineland.com/attend-smx-advanced-seo-sem-tactics-work-rates-increase-next-week-272110", "row": 82, "column": 71, "tagName": "meta", "time": 8298.932260, "url": "", "pos": 1, "chunkLen": 1, "isStartTag": 1}}
06-28 10:53:55.588  9119  9132 E WProf.db: {"WprofHTMLTag": {"code": "0xb4cc7a20", "doc": "http://searchengineland.com/attend-smx-advanced-seo-sem-tactics-work-rates-increase-next-week-272110", "row": 83, "column": 145, "tagName": "meta", "time": 8298.932377, "url": "", "pos": 1, "chunkLen": 1, "isStartTag": 1}}
06-28 10:53:55.588  9119  9132 E WProf.db: {"WprofHTMLTag": {"code": "0xb4cc7a50", "doc": "http://searchengineland.com/attend-smx-advanced-seo-sem-tactics-work-rates-increase-next-week-272110", "row": 84, "column": 58, "tagName": "meta", "time": 8298.932495, "url": "", "pos": 1, "chunkLen": 1, "isStartTag": 1}}
06-28 10:53:55.589  9119  9132 E WProf.db: {"WprofHTMLTag": {"code": "0xb4cc7a80", "doc": "http://searchengineland.com/attend-smx-advanced-seo-sem-tactics-work-rates-increase-next-week-272110", "row": 85, "column": 201, "tagName": "meta", "time": 8298.932614, "url": "", "pos": 1, "chunkLen": 1, "isStartTag": 1}}
06-28 10:53:55.589  9119  9132 E WProf.db: {"WprofHTMLTag": {"code": "0xb4cc7ab0", "doc": "http://searchengineland.com/attend-smx-advanced-seo-sem-tactics-work-rates-increase-next-week-272110", "row": 86, "column": 122, "tagName": "meta", "time": 8298.932750, "url": "", "pos": 1, "chunkLen": 1, "isStartTag": 1}}
06-28 10:53:55.589  9119  9132 E WProf.db: {"WprofHTMLTag": {"code": "0xb4cc7ae0", "doc": "http://searchengineland.com/attend-smx-advanced-seo-sem-tactics-work-rates-increase-next-week-272110", "row": 87, "column": 51, "tagName": "meta", "time": 8298.932938, "url": "", "pos": 1, "chunkLen": 1, "isStartTag": 1}}
06-28 10:53:55.589  9119  9132 E WProf.db: {"WprofHTMLTag": {"code": "0xb4cc7b10", "doc": "http://searchengineland.com/attend-smx-advanced-seo-sem-tactics-work-rates-increase-next-week-272110", "row": 88, "column": 146, "tagName": "meta", "time": 8298.933099, "url": "", "pos": 1, "chunkLen": 1, "isStartTag": 1}}
06-28 10:53:55.589  9119  9132 E WProf.db: {"WprofHTMLTag": {"code": "0xb4cc7b40", "doc": "http://searchengineland.com/attend-smx-advanced-seo-sem-tactics-work-rates-increase-next-week-272110", "row": 89, "column": 54, "tagName": "meta", "time": 8298.933220, "url": "", "pos": 1, "chunkLen": 1, "isStartTag": 1}}
06-28 10:53:55.589  9119  9132 E WProf.db: {"WprofHTMLTag": {"code": "0xb4cc7b70", "doc": "http://searchengineland.com/attend-smx-advanced-seo-sem-tactics-work-rates-increase-next-week-272110", "row": 92, "column": 44, "tagName": "link", "time": 8298.933358, "url": "http://s.w.org/", "pos": 1, "chunkLen": 1, "isStartTag": 1}}
06-28 10:53:55.589  9119  9132 E WProf.db: {"WprofHTMLTag": {"code": "0xb4cc7ba0", "doc": "http://searchengineland.com/attend-smx-advanced-seo-sem-tactics-work-rates-increase-next-week-272110", "row": 93, "column": 33, "tagName": "script", "time": 8298.933600, "url": "", "pos": 1, "chunkLen": 1, "isStartTag": 1}}
06-28 10:53:55.589  9119  9132 E WProf.db: {"WprofHTMLTag": {"code": "0xb4cc7bd0", "doc": "http://searchengineland.com/attend-smx-advanced-seo-sem-tactics-work-rates-increase-next-week-272110", "row": 96, "column": 11, "tagName": "script", "time": 8298.934215, "url": "http://searchengineland.com/figz/wp-includes/js/wp-emoji-release.min.js?ver=4.7.5", "pos": 1, "chunkLen": 1, "isStartTag": 0}}
06-28 10:53:55.589  9119  9132 E WProf.db: {"WprofHTMLTag": {"code": "0x9d229840", "doc": "http://searchengineland.com/attend-smx-advanced-seo-sem-tactics-work-rates-increase-next-week-272110", "row": 97, "column": 25, "tagName": "style", "time": 8299.591449, "url": "", "pos": 1, "chunkLen": 1, "isStartTag": 1}}
06-28 10:53:55.590  9119  9132 E WProf.db: {"WprofHTMLTag": {"code": "0x9d229870", "doc": "http://searchengineland.com/attend-smx-advanced-seo-sem-tactics-work-rates-increase-next-week-272110", "row": 110, "column": 8, "tagName": "style", "time": 8299.591663, "url": "", "pos": 1, "chunkLen": 1, "isStartTag": 0}}
06-28 10:53:55.590  9119  9132 E WProf.db: {"WprofHTMLTag": {"code": "0x9d2298a0", "doc": "http://searchengineland.com/attend-smx-advanced-seo-sem-tactics-work-rates-increase-next-week-272110", "row": 111, "column": 140, "tagName": "script", "time": 8299.593923, "url": "http://searchengineland.com/figz/wp-content/themes/searchengineland/js/lib/modernizr.custom.js?ver=1.0", "pos": 1, "chunkLen": 1, "isStartTag": 1}}
06-28 10:53:55.590  9119  9132 E WProf.db: {"WprofHTMLTag": {"code": "0x9d2298d0", "doc": "http://searchengineland.com/attend-smx-advanced-seo-sem-tactics-work-rates-increase-next-week-272110", "row": 111, "column": 149, "tagName": "script", "time": 8299.594202, "url": "", "pos": 1, "chunkLen": 1, "isStartTag": 0}}
06-28 10:53:55.590  9119  9132 E WProf.db: {"WprofHTMLTag": {"code": "0x9d229960", "doc": "http://searchengineland.com/attend-smx-advanced-seo-sem-tactics-work-rates-increase-next-week-272110", "row": 112, "column": 144, "tagName": "script", "time": 8299.601743, "url": "http://searchengineland.com/figz/wp-content/themes/searchengineland/js/lib/jquery-1.11.0.min.js?ver=1.11.0", "pos": 1, "chunkLen": 1, "isStartTag": 1}}
06-28 10:53:55.590  9119  9132 E WProf.db: {"WprofHTMLTag": {"code": "0x9d229990", "doc": "http://searchengineland.com/attend-smx-advanced-seo-sem-tactics-work-rates-increase-next-week-272110", "row": 112, "column": 153, "tagName": "script", "time": 8299.601993, "url": "", "pos": 1, "chunkLen": 1, "isStartTag": 0}}
06-28 10:53:55.590  9119  9132 E WProf.db: {"WprofHTMLTag": {"code": "0xaedd5f30", "doc": "http://searchengineland.com/attend-smx-advanced-seo-sem-tactics-work-rates-increase-next-week-272110", "row": 0, "column": 15, "tagName": "div", "time": 8299.669156, "url": "", "pos": 15, "chunkLen": 44, "isStartTag": 1}}
06-28 10:53:55.591  9119  9132 E WProf.db: {"WprofHTMLTag": {"code": "0xaedd5f00", "doc": "http://searchengineland.com/attend-smx-advanced-seo-sem-tactics-work-rates-increase-next-week-272110", "row": 0, "column": 21, "tagName": "div", "time": 8299.669405, "url": "", "pos": 21, "chunkLen": 44, "isStartTag": 0}}
06-28 10:53:55.591  9119  9132 E WProf.db: {"WprofHTMLTag": {"code": "0xaedd5ed0", "doc": "http://searchengineland.com/attend-smx-advanced-seo-sem-tactics-work-rates-increase-next-week-272110", "row": 0, "column": 38, "tagName": "div", "time": 8299.669468, "url": "", "pos": 38, "chunkLen": 44, "isStartTag": 1}}
06-28 10:53:55.591  9119  9132 E WProf.db: {"WprofHTMLTag": {"code": "0xaedd5ea0", "doc": "http://searchengineland.com/attend-smx-advanced-seo-sem-tactics-work-rates-increase-next-week-272110", "row": 0, "column": 44, "tagName": "div", "time": 8299.669579, "url": "", "pos": 44, "chunkLen": 44, "isStartTag": 0}}
06-28 10:53:55.591  9119  9132 E WProf.db: {"WprofHTMLTag": {"code": "0xaedd5ba0", "doc": "http://searchengineland.com/attend-smx-advanced-seo-sem-tactics-work-rates-increase-next-week-272110", "row": 0, "column": 13, "tagName": "select", "time": 8299.671099, "url": "", "pos": 13, "chunkLen": 51, "isStartTag": 1}}
06-28 10:53:55.592  9119  9132 E WProf.db: {"WprofHTMLTag": {"code": "0xaedd5e70", "doc": "http://searchengineland.com/attend-smx-advanced-seo-sem-tactics-work-rates-increase-next-week-272110", "row": 0, "column": 33, "tagName": "option", "time": 8299.671282, "url": "", "pos": 33, "chunkLen": 51, "isStartTag": 1}}
06-28 10:53:55.592  9119  9132 E WProf.db: {"WprofHTMLTag": {"code": "0x9d2299c0", "doc": "http://searchengineland.com/attend-smx-advanced-seo-sem-tactics-work-rates-increase-next-week-272110", "row": 0, "column": 42, "tagName": "option", "time": 8299.671479, "url": "", "pos": 42, "chunkLen": 51, "isStartTag": 0}}
06-28 10:53:55.592  9119  9132 E WProf.db: {"WprofHTMLTag": {"code": "0x9d2299f0", "doc": "http://searchengineland.com/attend-smx-advanced-seo-sem-tactics-work-rates-increase-next-week-272110", "row": 0, "column": 51, "tagName": "select", "time": 8299.671538, "url": "", "pos": 51, "chunkLen": 51, "isStartTag": 0}}
06-28 10:53:55.592  9119  9132 E WProf.db: {"WprofHTMLTag": {"code": "0x9d229a20", "doc": "http://searchengineland.com/attend-smx-advanced-seo-sem-tactics-work-rates-increase-next-week-272110", "row": 0, "column": 12, "tagName": "a", "time": 8299.676040, "url": "", "pos": 12, "chunkLen": 16, "isStartTag": 1}}
06-28 10:53:55.592  9119  9132 E WProf.db: {"WprofHTMLTag": {"code": "0x9d229a50", "doc": "http://searchengineland.com/attend-smx-advanced-seo-sem-tactics-work-rates-increase-next-week-272110", "row": 0, "column": 16, "tagName": "a", "time": 8299.676204, "url": "", "pos": 16, "chunkLen": 16, "isStartTag": 0}}
06-28 10:53:55.592  9119  9132 E WProf.db: {"WprofHTMLTag": {"code": "0x9d229a80", "doc": "http://searchengineland.com/attend-smx-advanced-seo-sem-tactics-work-rates-increase-next-week-272110", "row": 0, "column": 8, "tagName": "input", "time": 8299.677211, "url": "", "pos": 8, "chunkLen": 8, "isStartTag": 1}}
06-28 10:53:55.592  9119  9132 E WProf.db: {"WprofHTMLTag": {"code": "0x9d229ab0", "doc": "http://searchengineland.com/attend-smx-advanced-seo-sem-tactics-work-rates-increase-next-week-272110", "row": 0, "column": 9, "tagName": "link", "time": 8299.686493, "url": "", "pos": 9, "chunkLen": 42, "isStartTag": 1}}
06-28 10:53:55.592  9119  9132 E WProf.db: {"WprofHTMLTag": {"code": "0x9d229ae0", "doc": "http://searchengineland.com/attend-smx-advanced-seo-sem-tactics-work-rates-increase-next-week-272110", "row": 0, "column": 16, "tagName": "table", "time": 8299.686617, "url": "", "pos": 16, "chunkLen": 42, "isStartTag": 1}}
06-28 10:53:55.592  9119  9132 E WProf.db: {"WprofHTMLTag": {"code": "0x9d229b10", "doc": "http://searchengineland.com/attend-smx-advanced-seo-sem-tactics-work-rates-increase-next-week-272110", "row": 0, "column": 24, "tagName": "table", "time": 8299.686738, "url": "", "pos": 24, "chunkLen": 42, "isStartTag": 0}}
06-28 10:53:55.593  9119  9132 E WProf.db: {"WprofHTMLTag": {"code": "0x9d229b40", "doc": "http://searchengineland.com/attend-smx-advanced-seo-sem-tactics-work-rates-increase-next-week-272110", "row": 0, "column": 37, "tagName": "a", "time": 8299.686808, "url": "", "pos": 37, "chunkLen": 42, "isStartTag": 1}}
06-28 10:53:55.593  9119  9132 E WProf.db: {"WprofHTMLTag": {"code": "0x9d229b70", "doc": "http://searchengineland.com/attend-smx-advanced-seo-sem-tactics-work-rates-increase-next-week-272110", "row": 0, "column": 42, "tagName": "a", "time": 8299.686987, "url": "", "pos": 42, "chunkLen": 42, "isStartTag": 0}}
06-28 10:53:55.593  9119  9132 E WProf.db: {"WprofHTMLTag": {"code": "0x9d229c00", "doc": "http://searchengineland.com/attend-smx-advanced-seo-sem-tactics-work-rates-increase-next-week-272110", "row": 0, "column": 10, "tagName": "textarea", "time": 8299.688181, "url": "", "pos": 10, "chunkLen": 22, "isStartTag": 1}}
06-28 10:53:55.593  9119  9132 E WProf.db: {"WprofHTMLTag": {"code": "0x9d229c30", "doc": "http://searchengineland.com/attend-smx-advanced-seo-sem-tactics-work-rates-increase-next-week-272110", "row": 0, "column": 22, "tagName": "textarea", "time": 8299.688370, "url": "", "pos": 22, "chunkLen": 22, "isStartTag": 0}}
06-28 10:53:55.593  9119  9132 E WProf.db: {"WprofHTMLTag": {"code": "0x9d229c60", "doc": "http://searchengineland.com/attend-smx-advanced-seo-sem-tactics-work-rates-increase-next-week-272110", "row": 0, "column": 48, "tagName": "input", "time": 8299.689553, "url": "", "pos": 48, "chunkLen": 48, "isStartTag": 1}}
06-28 10:53:55.593  9119  9132 E WProf.db: {"WprofHTMLTag": {"code": "0x9d229cc0", "doc": "http://searchengineland.com/attend-smx-advanced-seo-sem-tactics-work-rates-increase-next-week-272110", "row": 0, "column": 9, "tagName": "link", "time": 8299.694016, "url": "", "pos": 9, "chunkLen": 66, "isStartTag": 1}}
06-28 10:53:55.593  9119  9132 E WProf.db: {"WprofHTMLTag": {"code": "0x9d229cf0", "doc": "http://searchengineland.com/attend-smx-advanced-seo-sem-tactics-work-rates-increase-next-week-272110", "row": 0, "column": 16, "tagName": "table", "time": 8299.694128, "url": "", "pos": 16, "chunkLen": 66, "isStartTag": 1}}
06-28 10:53:55.593  9119  9132 E WProf.db: {"WprofHTMLTag": {"code": "0x9d229d20", "doc": "http://searchengineland.com/attend-smx-advanced-seo-sem-tactics-work-rates-increase-next-week-272110", "row": 0, "column": 24, "tagName": "table", "time": 8299.694204, "url": "", "pos": 24, "chunkLen": 66, "isStartTag": 0}}
06-28 10:53:55.593  9119  9132 E WProf.db: {"WprofHTMLTag": {"code": "0x9d229d50", "doc": "http://searchengineland.com/attend-smx-advanced-seo-sem-tactics-work-rates-increase-next-week-272110", "row": 0, "column": 37, "tagName": "a", "time": 8299.694269, "url": "", "pos": 37, "chunkLen": 66, "isStartTag": 1}}
06-28 10:53:55.594  9119  9132 E WProf.db: {"WprofHTMLTag": {"code": "0x9d229d80", "doc": "http://searchengineland.com/attend-smx-advanced-seo-sem-tactics-work-rates-increase-next-week-272110", "row": 0, "column": 42, "tagName": "a", "time": 8299.694436, "url": "", "pos": 42, "chunkLen": 66, "isStartTag": 0}}
06-28 10:53:55.594  9119  9132 E WProf.db: {"WprofHTMLTag": {"code": "0x9d229db0", "doc": "http://searchengineland.com/attend-smx-advanced-seo-sem-tactics-work-rates-increase-next-week-272110", "row": 0, "column": 66, "tagName": "input", "time": 8299.694504, "url": "", "pos": 66, "chunkLen": 66, "isStartTag": 1}}
06-28 10:53:55.594  9119  9132 E WProf.db: {"WprofHTMLTag": {"code": "0x9d229e40", "doc": "http://searchengineland.com/attend-smx-advanced-seo-sem-tactics-work-rates-increase-next-week-272110", "row": 0, "column": 9, "tagName": "link", "time": 8299.696618, "url": "", "pos": 9, "chunkLen": 66, "isStartTag": 1}}
06-28 10:53:55.594  9119  9132 E WProf.db: {"WprofHTMLTag": {"code": "0x9d229e70", "doc": "http://searchengineland.com/attend-smx-advanced-seo-sem-tactics-work-rates-increase-next-week-272110", "row": 0, "column": 16, "tagName": "table", "time": 8299.696735, "url": "", "pos": 16, "chunkLen": 66, "isStartTag": 1}}
06-28 10:53:55.595  9119  9132 E WProf.db: {"WprofHTMLTag": {"code": "0x9d229ea0", "doc": "http://searchengineland.com/attend-smx-advanced-seo-sem-tactics-work-rates-increase-next-week-272110", "row": 0, "column": 24, "tagName": "table", "time": 8299.696807, "url": "", "pos": 24, "chunkLen": 66, "isStartTag": 0}}
06-28 10:53:55.595  9119  9132 E WProf.db: {"WprofHTMLTag": {"code": "0x9d229ed0", "doc": "http://searchengineland.com/attend-smx-advanced-seo-sem-tactics-work-rates-increase-next-week-272110", "row": 0, "column": 37, "tagName": "a", "time": 8299.696869, "url": "", "pos": 37, "chunkLen": 66, "isStartTag": 1}}
06-28 10:53:55.595  9119  9132 E WProf.db: {"WprofHTMLTag": {"code": "0x9d229f00", "doc": "http://searchengineland.com/attend-smx-advanced-seo-sem-tactics-work-rates-increase-next-week-272110", "row": 0, "column": 42, "tagName": "a", "time": 8299.697039, "url": "", "pos": 42, "chunkLen": 66, "isStartTag": 0}}
06-28 10:53:55.596  9119  9132 E WProf.db: {"WprofHTMLTag": {"code": "0x9d229f30", "doc": "http://searchengineland.com/attend-smx-advanced-seo-sem-tactics-work-rates-increase-next-week-272110", "row": 0, "column": 66, "tagName": "input", "time": 8299.697098, "url": "", "pos": 66, "chunkLen": 66, "isStartTag": 1}}
