--------- beginning of main
06-28 12:33:59.215  3449  3449 E Finsky  : [1] com.google.android.finsky.wear.bl.a(3): onConnectionFailed: ConnectionResult{statusCode=API_UNAVAILABLE, resolution=null, message=null}
--------- beginning of system
06-28 12:34:00.382 11136 11136 E chromium: [ERROR:shell_integration_android.cc(12)] Not implemented reached in static ShellIntegration::DefaultWebClientSetPermission ShellIntegration::CanSetAsDefaultBrowser()
06-28 12:34:00.386 11136 11136 E chromium: [ERROR:browser_process_impl.cc(720)] Not implemented reached in virtual BackgroundModeManager* BrowserProcessImpl::background_mode_manager()
06-28 12:34:00.644  3218 13864 E AudioRecord-JNI: Error -4 during AudioRecord native read
06-28 12:34:03.099 11136 11182 E chromium: [ERROR:gles2_cmd_decoder.cc(3852)] [.ChromiumCompositor-0xacbb34c0]GL ERROR :GL_INVALID_ENUM : glDiscardFramebufferEXT: attachments was GL_COLOR_EXT
06-28 12:34:03.400 11202 11215 E WPROF   : {"CSS": {"url": "http://searchengineland.com/figz/wp-content/themes/searchengineland/css/searchengineland-bootstrap.css", "requestTime": 14320.455331}}
06-28 12:34:03.401 11202 11215 E WPROF   : {"CSS": {"url": "http://fonts.googleapis.com/css?family=Oswald:300,400,700", "requestTime": 14320.456347}}
06-28 12:34:03.401 11202 11215 E WPROF   : {"CSS": {"url": "http://searchengineland.com/figz/wp-content/themes/searchengineland/style.css", "requestTime": 14320.457197}}
06-28 12:34:03.407 11202 11215 E WPROF   : {"Javascript": {"url": "http://searchengineland.com/figz/wp-content/themes/searchengineland/js/lib/modernizr.custom.js?ver=1.0", "requestTime": 14320.462944}}
06-28 12:34:03.408 11202 11215 E WPROF   : {"Javascript": {"url": "http://searchengineland.com/figz/wp-content/themes/searchengineland/js/lib/jquery-1.11.0.min.js?ver=1.11.0", "requestTime": 14320.463903}}
06-28 12:34:03.409 11202 11215 E WPROF   : {"Javascript": {"url": "http://searchengineland.com/figz/wp-content/themes/searchengineland/js/lib/jquery-ui-1.10.3.custom.min.js?ver=1.10.3", "requestTime": 14320.464525}}
06-28 12:34:03.409 11202 11215 E WPROF   : {"Javascript": {"url": "http://searchengineland.com/figz/wp-content/themes/searchengineland/js/lib/jquery.ba-throttle-debounce.min.js?ver=1.1", "requestTime": 14320.465190}}
06-28 12:34:03.410 11202 11215 E WPROF   : {"Javascript": {"url": "http://searchengineland.com/figz/wp-content/themes/searchengineland/js/lib/jquery.countdown.min.js?ver=2.0.4", "requestTime": 14320.466016}}
06-28 12:34:03.411 11202 11215 E WPROF   : {"Javascript": {"url": "http://static.chartbeat.com/js/chartbeat_mab.js", "requestTime": 14320.466584}}
06-28 12:34:03.872 11202 11215 E WPROF   : {"Javascript": {"url": "http://searchengineland.com/figz/wp-includes/js/wp-emoji-release.min.js?ver=4.7.5", "requestTime": 14320.927916}}
06-28 12:34:04.965 11202 11215 E WPROF   : {"Javascript": {"url": "http://www.googletagservices.com/tag/js/gpt.js", "requestTime": 14322.020527}}
06-28 12:34:04.978 11202 11215 E WPROF   : {"Javascript": {"url": "https://www.google-analytics.com/analytics.js", "requestTime": 14322.033238}}
06-28 12:34:04.990 11202 11215 E WPROF   : {"Javascript": {"url": "http://edge.quantserve.com/quant.js", "requestTime": 14322.045772}}
06-28 12:34:05.033 11202 11215 E WPROF   : {"Javascript": {"url": "https://connect.facebook.net/en_US/fbevents.js", "requestTime": 14322.088677}}
06-28 12:34:05.054 11136 11182 E chromium: [ERROR:gles2_cmd_decoder.cc(3852)] [.ChromiumCompositor-0xacbb34c0]GL ERROR :GL_INVALID_ENUM : glDiscardFramebufferEXT: attachments was GL_COLOR_EXT
06-28 12:34:05.104 11202 11215 E WPROF   : {"Javascript": {"url": "http://app-sj02.marketo.com/js/forms2/js/forms2.min.js", "requestTime": 14322.159758}}
06-28 12:34:05.177 11202 11215 E WPROF   : {"Javascript": {"url": "https://securepubads.g.doubleclick.net/gpt/pubads_impl_121.js", "requestTime": 14322.232797}}
06-28 12:34:05.229 11136 11182 E chromium: [ERROR:gles2_cmd_decoder.cc(3852)] [.ChromiumCompositor-0xacbb34c0]GL ERROR :GL_INVALID_ENUM : glDiscardFramebufferEXT: attachments was GL_COLOR_EXT
06-28 12:34:05.232 11202 11215 E WPROF   : {"Javascript": {"url": "https://connect.facebook.net/signals/config/423979991297359?v=2.7.17", "requestTime": 14322.287412}}
06-28 12:34:05.389 11202 11215 E WPROF   : {"Javascript": {"url": "http://app-sj02.marketo.com/index.php/form/getForm?munchkinId=727-ZQE-044&form=5691&url=http%3A%2F%2Fsearchengineland.com%2Fauthority-link-building-real-time-penguin-259584&callback=jQuery110203742497549392283_1498620845318&_=1498620845319", "requestTime": 14322.444891}}
06-28 12:34:05.409 11202 11215 E WPROF   : {"Javascript": {"url": "http://app-sj02.marketo.com/index.php/form/getForm?munchkinId=727-ZQE-044&form=5685&url=http%3A%2F%2Fsearchengineland.com%2Fauthority-link-building-real-time-penguin-259584&callback=jQuery110203742497549392283_1498620845320&_=1498620845321", "requestTime": 14322.465068}}
06-28 12:34:05.746 11202 11215 E WPROF   : {"Javascript": {"url": "http://app-sj02.marketo.com/index.php/form/getForm?munchkinId=727-ZQE-044&form=5673&url=http%3A%2F%2Fsearchengineland.com%2Fauthority-link-building-real-time-penguin-259584&callback=jQuery110203742497549392283_1498620845322&_=1498620845323", "requestTime": 14322.801684}}
06-28 12:34:05.758 11136 11182 E chromium: [ERROR:gles2_cmd_decoder.cc(3852)] [.ChromiumCompositor-0xacbb34c0]GL ERROR :GL_INVALID_ENUM : glDiscardFramebufferEXT: attachments was GL_COLOR_EXT
06-28 12:34:05.759 11202 11215 E WPROF   : {"Javascript": {"url": "http://searchengineland.com/js/ga_social_tracking.js", "requestTime": 14322.814340}}
06-28 12:34:05.768 11202 11215 E WPROF   : {"Javascript": {"url": "http://s7.addthis.com/js/300/addthis_widget.js#pubid=ra-53e918f660794f37", "requestTime": 14322.823816}}
06-28 12:34:06.140   862  1657 E LocSvc_IzatApiV02: E/virtual int izat_core::IzatApiV02::getBatchSize(int32_t):522]: Error : st = 4, ind.status = -1628389555
06-28 12:34:06.140   862  1657 E LocSvc_IzatApiV02: E/virtual int izat_core::IzatApiV02::getBatchSize(int32_t):535]: get batching size failed.Or modem does not support batching 
06-28 12:34:06.148   862  1657 E LocSvc_IzatApiV02: E/virtual int izat_core::IzatApiV02::getBatchSize(int32_t):522]: Error : st = 4, ind.status = -1628389555
06-28 12:34:06.148   862  1657 E LocSvc_IzatApiV02: E/virtual int izat_core::IzatApiV02::getBatchSize(int32_t):535]: get batching size failed.Or modem does not support batching 
06-28 12:34:06.181   862  1657 E LocSvc_IzatApiV02: E/virtual int izat_core::IzatApiV02::getBatchSize(int32_t):522]: Error : st = 4, ind.status = -1628389555
06-28 12:34:06.181   862  1657 E LocSvc_IzatApiV02: E/virtual int izat_core::IzatApiV02::getBatchSize(int32_t):535]: get batching size failed.Or modem does not support batching 
06-28 12:34:06.190   862  1657 E LocSvc_IzatApiV02: E/virtual int izat_core::IzatApiV02::getBatchSize(int32_t):522]: Error : st = 4, ind.status = -1628389555
06-28 12:34:06.190   862  1657 E LocSvc_IzatApiV02: E/virtual int izat_core::IzatApiV02::getBatchSize(int32_t):535]: get batching size failed.Or modem does not support batching 
06-28 12:34:06.355 11136 11182 E chromium: [ERROR:gles2_cmd_decoder.cc(3852)] [.ChromiumCompositor-0xacbb34c0]GL ERROR :GL_INVALID_ENUM : glDiscardFramebufferEXT: attachments was GL_COLOR_EXT
06-28 12:34:06.793 11202 11215 E WPROF   : {"Javascript": {"url": "https://securepubads.g.doubleclick.net/gampad/ads?gdfp_req=1&correlator=4127323627454464&output=json_html&callback=googletag.impl.pubads.callbackProxy1&impl=fifs&json_a=1&eid=108809080%2C108809107%2C108809154%2C21060494&sc=0&sfv=1-0-9&iu_parts=1038259%2Csel-ciu-1%2Csel-ciu-2%2Csel-ciu-3%2Csel-ciu-4%", "requestTime": 14323.849176}}
06-28 12:34:06.818 11202 11215 E WPROF   : {"CSS": {"url": "http://app-sj02.marketo.com/js/forms2/css/forms2.css", "requestTime": 14323.873758}}
06-28 12:34:06.821 11202 11215 E WPROF   : {"CSS": {"url": "http://app-sj02.marketo.com/js/forms2/css/forms2-theme-simple.css", "requestTime": 14323.876532}}
06-28 12:34:06.858 11202 11215 E WPROF   : {"Javascript": {"url": "https://static.xx.fbcdn.net/rsrc.php/v3iy6L4/yk/l/ko_KR/be4fIjHRc8P.js", "requestTime": 14323.914076}}
06-28 12:34:06.986 11202 11215 E WPROF   : {"Javascript": {"url": "http://cdn.api.twitter.com/1/users/show.json?screen_name=marcusbowlerhat&callback=twttr.setFollowersCount", "requestTime": 14324.041366}}
06-28 12:34:07.109 11136 11182 E chromium: [ERROR:gles2_cmd_decoder.cc(3852)] [.ChromiumCompositor-0xacbb34c0]GL ERROR :GL_INVALID_ENUM : glDiscardFramebufferEXT: attachments was GL_COLOR_EXT
06-28 12:34:07.618 11202 11215 E WPROF   : {"Javascript": {"url": "http://platform.twitter.com/widgets.js", "requestTime": 14324.673831}}
06-28 12:34:07.621 11202 11215 E WPROF   : {"Javascript": {"url": "http://connect.facebook.net/en_US/sdk.js", "requestTime": 14324.676948}}
06-28 12:34:07.624 11202 11215 E WPROF   : {"Javascript": {"url": "https://apis.google.com/js/platform.js", "requestTime": 14324.679549}}
06-28 12:34:07.670 11202 11215 E WPROF   : {"Javascript": {"url": "http://rules.quantcount.com/rules-p-5aGizvD82d9hk.js", "requestTime": 14324.726104}}
06-28 12:34:07.675 11202 11215 E WPROF   : {"Javascript": {"url": "http://munchkin.marketo.net/munchkin.js", "requestTime": 14324.730721}}
06-28 12:34:07.792 11202 11215 E WPROF   : {"CSS": {"url": "https://www.youtube.com/yts/cssbin/www-embed-player-sprite-mode-vfl5G4Xm8.css", "requestTime": 14324.847912}}
06-28 12:34:07.794 11202 11215 E WPROF   : {"Javascript": {"url": "https://www.youtube.com/yts/jsbin/www-embed-player-vfl_UY_j8/www-embed-player.js", "requestTime": 14324.849945}}
06-28 12:34:07.802 11202 11215 E WPROF   : {"Javascript": {"url": "https://www.youtube.com/yts/jsbin/player-vflo1w4O-/ko_KR/base.js", "requestTime": 14324.857976}}
06-28 12:34:07.828 11136 11182 E chromium: [ERROR:gles2_cmd_decoder.cc(3852)] [.ChromiumCompositor-0xacbb34c0]GL ERROR :GL_INVALID_ENUM : glDiscardFramebufferEXT: attachments was GL_COLOR_EXT
06-28 12:34:07.868 11202 11215 E WPROF   : {"Javascript": {"url": "http://d2j3qa5nc37287.cloudfront.net/coupon_code1.js", "requestTime": 14324.923704}}
06-28 12:34:07.875 11202 11215 E WPROF   : {"Javascript": {"url": "http://www.googleadservices.com/pagead/conversion.js", "requestTime": 14324.930247}}
06-28 12:34:07.875 11202 11215 E WPROF   : {"Javascript": {"url": "http://searchengineland.com/figz/wp-content/themes/searchengineland/js/script.js?ver=1.0", "requestTime": 14324.930985}}
06-28 12:34:07.876 11202 11215 E WPROF   : {"Javascript": {"url": "http://searchengineland.com/figz/wp-includes/js/wp-embed.min.js?ver=4.7.5", "requestTime": 14324.931469}}
06-28 12:34:07.876 11202 11215 E WPROF   : {"Javascript": {"url": "http://searchengineland.com/figz/wp-content/themes/searchengineland/js/modules/sharing_controls.js", "requestTime": 14324.931969}}
06-28 12:34:07.905 11136 11182 E chromium: [ERROR:gles2_cmd_decoder.cc(3852)] [.ChromiumCompositor-0xacbb34c0]GL ERROR :GL_INVALID_ENUM : glDiscardFramebufferEXT: attachments was GL_COLOR_EXT
06-28 12:34:08.516 11202 11215 E WPROF   : {"Javascript": {"url": "http://dnn506yrbagrg.cloudfront.net/pages/scripts/0026/4062.js?416283", "requestTime": 14325.572163}}
06-28 12:34:08.543 11136 11182 E chromium: [ERROR:gles2_cmd_decoder.cc(3852)] [.ChromiumCompositor-0xacbb34c0]GL ERROR :GL_INVALID_ENUM : glDiscardFramebufferEXT: attachments was GL_COLOR_EXT
06-28 12:34:09.167 11202 11215 E WPROF   : {"Javascript": {"url": "http://m.addthisedge.com/live/boost/ra-53e918f660794f37/_ate.track.config_resp", "requestTime": 14326.222364}}
06-28 12:34:09.220 11202 11215 E WPROF   : {"Javascript": {"url": "http://m.addthis.com/live/red_lojson/300lo.json?si=595323afb6d20463&bkl=0&bl=1&pdt=2767&sid=595323afb6d20463&pub=ra-53e918f660794f37&rev=v7.15.4-wp&ln=ko&pc=men&cb=0&ab=-&dp=searchengineland.com&fp=authority-link-building-real-time-penguin-259584&fr=&of=0&pd=0&irt=0&vcl=0&md=0&ct=1&tct=0&abt=0&cdn=0", "requestTime": 14326.275356}}
06-28 12:34:09.626 11136 11182 E chromium: [ERROR:gles2_cmd_decoder.cc(3852)] [.ChromiumCompositor-0xacbb34c0]GL ERROR :GL_INVALID_ENUM : glDiscardFramebufferEXT: attachments was GL_COLOR_EXT
06-28 12:34:10.427 11202 11215 E WPROF   : {"Javascript": {"url": "https://www.google.com/js/bg/KWBfAnWFESAEEaKKgdYlTHY9ysQaNoQuzeMFqvxDSM8.js", "requestTime": 14327.482543}}
06-28 12:34:10.429 11202 11215 E WPROF   : {"Javascript": {"url": "https://static.doubleclick.net/instream/ad_status.js", "requestTime": 14327.484549}}
06-28 12:34:10.892 11136 11182 E chromium: [ERROR:gles2_cmd_decoder.cc(3852)] [.ChromiumCompositor-0xacbb34c0]GL ERROR :GL_INVALID_ENUM : glDiscardFramebufferEXT: attachments was GL_COLOR_EXT
06-28 12:34:11.021 11136 11182 E chromium: [ERROR:gles2_cmd_decoder.cc(3852)] [.ChromiumCompositor-0xacbb34c0]GL ERROR :GL_INVALID_ENUM : glDiscardFramebufferEXT: attachments was GL_COLOR_EXT
06-28 12:34:11.162 11136 11182 E chromium: [ERROR:gles2_cmd_decoder.cc(3852)] [.ChromiumCompositor-0xacbb34c0]GL ERROR :GL_INVALID_ENUM : glDiscardFramebufferEXT: attachments was GL_COLOR_EXT
06-28 12:34:11.970 11202 11215 E WPROF   : {"Javascript": {"url": "https://tpc.googlesyndication.com/pagead/js/r20170619/r20110914/client/ext/m_window_focus_non_hydra.js", "requestTime": 14329.026180}}
06-28 12:34:11.972 11202 11215 E WPROF   : {"Javascript": {"url": "https://tpc.googlesyndication.com/pagead/js/r20170619/r20110914/activeview/osd_listener.js", "requestTime": 14329.028026}}
06-28 12:34:11.976 11202 11215 E WPROF   : {"Javascript": {"url": "http://pagead2.googlesyndication.com/pagead/osd.js", "requestTime": 14329.032183}}
06-28 12:34:12.218 11202 11215 E WPROF   : {"Javascript": {"url": "https://platform.twitter.com/js/button.b731e6c82269f70f6fc53634e044a4c6.js", "requestTime": 14329.273275}}
06-28 12:34:12.225 11202 11215 E WPROF   : {"Javascript": {"url": "http://munchkin.marketo.net/151/munchkin.js", "requestTime": 14329.280909}}
06-28 12:34:12.235 11202 11215 E WPROF   : {"Javascript": {"url": "http://www.justuno.com/ajax/account_version_check.html?id=828FA275-FF73-401E-AA39-40F5A6FAB6B1", "requestTime": 14329.290304}}
06-28 12:34:12.466 11202 11215 E WPROF   : {"Javascript": {"url": "http://s7.addthis.com/static/layers.4acb6c577b51939661ec.js", "requestTime": 14329.521480}}
06-28 12:34:12.560 11136 11182 E chromium: [ERROR:gles2_cmd_decoder.cc(3852)] [.ChromiumCompositor-0xacbb34c0]GL ERROR :GL_INVALID_ENUM : glDiscardFramebufferEXT: attachments was GL_COLOR_EXT
06-28 12:34:12.754 11136 11182 E chromium: [ERROR:gles2_cmd_decoder.cc(3852)] [.ChromiumCompositor-0xacbb34c0]GL ERROR :GL_INVALID_ENUM : glDiscardFramebufferEXT: attachments was GL_COLOR_EXT
06-28 12:34:12.788 11136 11182 E chromium: [ERROR:gles2_cmd_decoder.cc(3852)] [.ChromiumCompositor-0xacbb34c0]GL ERROR :GL_INVALID_ENUM : glDiscardFramebufferEXT: attachments was GL_COLOR_EXT
06-28 12:34:13.024 11136 11182 E chromium: [ERROR:gles2_cmd_decoder.cc(3852)] [.ChromiumCompositor-0xacbb34c0]GL ERROR :GL_INVALID_ENUM : glDiscardFramebufferEXT: attachments was GL_COLOR_EXT
06-28 12:34:13.163 11136 11182 E chromium: [ERROR:gles2_cmd_decoder.cc(3852)] [.ChromiumCompositor-0xacbb34c0]GL ERROR :GL_INVALID_ENUM : glDiscardFramebufferEXT: attachments was GL_COLOR_EXT
06-28 12:34:13.342 11136 11182 E chromium: [ERROR:gles2_cmd_decoder.cc(3852)] [.ChromiumCompositor-0xacbb34c0]GL ERROR :GL_INVALID_ENUM : glDiscardFramebufferEXT: attachments was GL_COLOR_EXT
06-28 12:34:15.258 11202 11215 E WPROF   : {"Javascript": {"url": "http://cdn.justuno.com/mwgt_3.6.js", "requestTime": 14332.314193}}
06-28 12:34:15.550 11136 11182 E chromium: [ERROR:gles2_cmd_decoder.cc(3852)] [.ChromiumCompositor-0xacbb34c0]GL ERROR :GL_INVALID_ENUM : glDiscardFramebufferEXT: attachments was GL_COLOR_EXT
06-28 12:34:15.584 11202 11215 E WPROF   : {"Javascript": {"url": "https://app-sj02.marketo.com/js/forms2/js/forms2.min.js", "requestTime": 14332.639384}}
06-28 12:34:16.786 11202 11215 E WProf.db: {"page": "searchengineland.com_authority-link-building-real-time-penguin-259584"}
06-28 12:34:16.786 11202 11215 E WProf.db: {"DOMLoad": 14333.841761}
06-28 12:34:16.786 11202 11215 E WProf.db: {"Resource": {"id": 1, "url": "http://searchengineland.com/authority-link-building-real-time-penguin-259584", "sentTime": -1.000000, "len": 104342, "from": "0x0", "mimeType": "text/html", "contentLength": -1, "httpStatus": 200, "connId": 19, "connReused": 1, "cached": 0,"requestTime": 14320.060302, "proxyStart": -1, "proxyEnd": -1, "dnsStart": -1, "dnsEnd": -1, "connectStart": 0, "connectEnd": 92, "sendStart": 92, "sendEnd": 92, "receiveHeadersEnd": 251, "sslStart": -1, "sslEnd": -1}}
06-28 12:34:16.786 11202 11215 E WProf.db: {"ReceivedChunk": {"receivedTime": 14320.334750, "len": 12621}}
06-28 12:34:16.786 11202 11215 E WProf.db: {"ReceivedChunk": {"receivedTime": 14320.422715, "len": 32768}}
06-28 12:34:16.786 11202 11215 E WProf.db: {"ReceivedChunk": {"receivedTime": 14320.424024, "len": 22611}}
06-28 12:34:16.786 11202 11215 E WProf.db: {"ReceivedChunk": {"receivedTime": 14320.467096, "len": 32768}}
06-28 12:34:16.786 11202 11215 E WProf.db: {"ReceivedChunk": {"receivedTime": 14320.467716, "len": 3574}}
06-28 12:34:16.786 11202 11215 E WProf.db: {"WprofHTMLTag": {"code": "0xaf047a90", "doc": "http://searchengineland.com/authority-link-building-real-time-penguin-259584", "row": 6, "column": 42, "tagName": "html", "time": 14320.430228, "url": "", "pos": 1, "chunkLen": 1, "isStartTag": 1}}
06-28 12:34:16.787 11202 11215 E WProf.db: {"WprofHTMLTag": {"code": "0xaf047c10", "doc": "http://searchengineland.com/authority-link-building-real-time-penguin-259584", "row": 7, "column": 6, "tagName": "head", "time": 14320.431461, "url": "", "pos": 1, "chunkLen": 1, "isStartTag": 1}}
06-28 12:34:16.787 11202 11215 E WProf.db: {"WprofHTMLTag": {"code": "0xaf047c40", "doc": "http://searchengineland.com/authority-link-building-real-time-penguin-259584", "row": 8, "column": 54, "tagName": "meta", "time": 14320.431655, "url": "", "pos": 1, "chunkLen": 1, "isStartTag": 1}}
06-28 12:34:16.787 11202 11215 E WProf.db: {"WprofHTMLTag": {"code": "0xaf047c70", "doc": "http://searchengineland.com/authority-link-building-real-time-penguin-259584", "row": 9, "column": 68, "tagName": "meta", "time": 14320.432500, "url": "", "pos": 1, "chunkLen": 1, "isStartTag": 1}}
06-28 12:34:16.787 11202 11215 E WProf.db: {"WprofHTMLTag": {"code": "0xaf047ca0", "doc": "http://searchengineland.com/authority-link-building-real-time-penguin-259584", "row": 10, "column": 23, "tagName": "meta", "time": 14320.433331, "url": "", "pos": 1, "chunkLen": 1, "isStartTag": 1}}
06-28 12:34:16.787 11202 11215 E WProf.db: {"WprofHTMLTag": {"code": "0xaf047d90", "doc": "http://searchengineland.com/authority-link-building-real-time-penguin-259584", "row": 11, "column": 52, "tagName": "meta", "time": 14320.434125, "url": "", "pos": 1, "chunkLen": 1, "isStartTag": 1}}
06-28 12:34:16.787 11202 11215 E WProf.db: {"WprofHTMLTag": {"code": "0xaf047dc0", "doc": "http://searchengineland.com/authority-link-building-real-time-penguin-259584", "row": 14, "column": 56, "tagName": "meta", "time": 14320.434729, "url": "", "pos": 1, "chunkLen": 1, "isStartTag": 1}}
06-28 12:34:16.787 11202 11215 E WProf.db: {"WprofHTMLTag": {"code": "0xaf047df0", "doc": "http://searchengineland.com/authority-link-building-real-time-penguin-259584", "row": 15, "column": 83, "tagName": "meta", "time": 14320.440592, "url": "", "pos": 1, "chunkLen": 1, "isStartTag": 1}}
06-28 12:34:16.787 11202 11215 E WProf.db: {"WprofHTMLTag": {"code": "0xaf047e20", "doc": "http://searchengineland.com/authority-link-building-real-time-penguin-259584", "row": 16, "column": 57, "tagName": "meta", "time": 14320.441148, "url": "", "pos": 1, "chunkLen": 1, "isStartTag": 1}}
06-28 12:34:16.787 11202 11215 E WProf.db: {"WprofHTMLTag": {"code": "0xaf047eb0", "doc": "http://searchengineland.com/authority-link-building-real-time-penguin-259584", "row": 17, "column": 41, "tagName": "meta", "time": 14320.441740, "url": "", "pos": 1, "chunkLen": 1, "isStartTag": 1}}
06-28 12:34:16.787 11202 11215 E WProf.db: {"WprofHTMLTag": {"code": "0xaf047ee0", "doc": "http://searchengineland.com/authority-link-building-real-time-penguin-259584", "row": 18, "column": 50, "tagName": "meta", "time": 14320.442302, "url": "", "pos": 1, "chunkLen": 1, "isStartTag": 1}}
06-28 12:34:16.787 11202 11215 E WProf.db: {"WprofHTMLTag": {"code": "0xaf047f10", "doc": "http://searchengineland.com/authority-link-building-real-time-penguin-259584", "row": 19, "column": 174, "tagName": "meta", "time": 14320.442835, "url": "", "pos": 1, "chunkLen": 1, "isStartTag": 1}}
06-28 12:34:16.787 11202 11215 E WProf.db: {"WprofHTMLTag": {"code": "0xaf047e80", "doc": "http://searchengineland.com/authority-link-building-real-time-penguin-259584", "row": 20, "column": 47, "tagName": "meta", "time": 14320.443394, "url": "", "pos": 1, "chunkLen": 1, "isStartTag": 1}}
06-28 12:34:16.788 11202 11215 E WProf.db: {"WprofHTMLTag": {"code": "0xaf047e50", "doc": "http://searchengineland.com/authority-link-building-real-time-penguin-259584", "row": 21, "column": 67, "tagName": "meta", "time": 14320.443946, "url": "", "pos": 1, "chunkLen": 1, "isStartTag": 1}}
06-28 12:34:16.788 11202 11215 E WProf.db: {"WprofHTMLTag": {"code": "0xaf047f40", "doc": "http://searchengineland.com/authority-link-building-real-time-penguin-259584", "row": 22, "column": 57, "tagName": "meta", "time": 14320.444502, "url": "", "pos": 1, "chunkLen": 1, "isStartTag": 1}}
06-28 12:34:16.788 11202 11215 E WProf.db: {"WprofHTMLTag": {"code": "0xaf047f70", "doc": "http://searchengineland.com/authority-link-building-real-time-penguin-259584", "row": 23, "column": 65, "tagName": "meta", "time": 14320.445040, "url": "", "pos": 1, "chunkLen": 1, "isStartTag": 1}}
06-28 12:34:16.788 11202 11215 E WProf.db: {"WprofHTMLTag": {"code": "0xaf047fa0", "doc": "http://searchengineland.com/authority-link-building-real-time-penguin-259584", "row": 24, "column": 55, "tagName": "meta", "time": 14320.445592, "url": "", "pos": 1, "chunkLen": 1, "isStartTag": 1}}
06-28 12:34:16.788 11202 11215 E WProf.db: {"WprofHTMLTag": {"code": "0xaf047fd0", "doc": "http://searchengineland.com/authority-link-building-real-time-penguin-259584", "row": 25, "column": 71, "tagName": "meta", "time": 14320.446127, "url": "", "pos": 1, "chunkLen": 1, "isStartTag": 1}}
06-28 12:34:16.788 11202 11215 E WProf.db: {"WprofHTMLTag": {"code": "0xb4cc74b0", "doc": "http://searchengineland.com/authority-link-building-real-time-penguin-259584", "row": 26, "column": 86, "tagName": "meta", "time": 14320.446652, "url": "", "pos": 1, "chunkLen": 1, "isStartTag": 1}}
06-28 12:34:16.788 11202 11215 E WProf.db: {"WprofHTMLTag": {"code": "0xb4cc7540", "doc": "http://searchengineland.com/authority-link-building-real-time-penguin-259584", "row": 27, "column": 54, "tagName": "meta", "time": 14320.447198, "url": "", "pos": 1, "chunkLen": 1, "isStartTag": 1}}
06-28 12:34:16.788 11202 11215 E WProf.db: {"WprofHTMLTag": {"code": "0xb4cc78a0", "doc": "http://searchengineland.com/authority-link-building-real-time-penguin-259584", "row": 29, "column": 142, "tagName": "meta", "time": 14320.447776, "url": "", "pos": 1, "chunkLen": 1, "isStartTag": 1}}
06-28 12:34:16.788 11202 11215 E WProf.db: {"WprofHTMLTag": {"code": "0xb4cc78d0", "doc": "http://searchengineland.com/authority-link-building-real-time-penguin-259584", "row": 30, "column": 202, "tagName": "meta", "time": 14320.448324, "url": "", "pos": 1, "chunkLen": 1, "isStartTag": 1}}
06-28 12:34:16.788 11202 11215 E WProf.db: {"WprofHTMLTag": {"code": "0xb4cc7900", "doc": "http://searchengineland.com/authority-link-building-real-time-penguin-259584", "row": 31, "column": 55, "tagName": "meta", "time": 14320.448871, "url": "", "pos": 1, "chunkLen": 1, "isStartTag": 1}}
06-28 12:34:16.788 11202 11215 E WProf.db: {"WprofHTMLTag": {"code": "0xb4cc7930", "doc": "http://searchengineland.com/authority-link-building-real-time-penguin-259584", "row": 32, "column": 54, "tagName": "meta", "time": 14320.449392, "url": "", "pos": 1, "chunkLen": 1, "isStartTag": 1}}
06-28 12:34:16.788 11202 11215 E WProf.db: {"WprofHTMLTag": {"code": "0xb4cc7960", "doc": "http://searchengineland.com/authority-link-building-real-time-penguin-259584", "row": 33, "column": 136, "tagName": "meta", "time": 14320.449911, "url": "", "pos": 1, "chunkLen": 1, "isStartTag": 1}}
06-28 12:34:16.789 11202 11215 E WProf.db: {"WprofHTMLTag": {"code": "0xb4cc7990", "doc": "http://searchengineland.com/authority-link-building-real-time-penguin-259584", "row": 37, "column": 36, "tagName": "script", "time": 14320.451094, "url": "", "pos": 1, "chunkLen": 1, "isStartTag": 1}}
06-28 12:34:16.789 11202 11215 E WProf.db: {"WprofHTMLTag": {"code": "0xb4cc79c0", "doc": "http://searchengineland.com/authority-link-building-real-time-penguin-259584", "row": 53, "column": 10, "tagName": "script", "time": 14320.451369, "url": "", "pos": 1, "chunkLen": 1, "isStartTag": 0}}
06-28 12:34:16.789 11202 11215 E WProf.db: {"WprofHTMLTag": {"code": "0xaf047cd0", "doc": "http://searchengineland.com/authority-link-building-real-time-penguin-259584", "row": 55, "column": 86, "tagName": "link", "time": 14320.452861, "url": "http://searchengineland.com/apple-touch-icon.png", "pos": 1, "chunkLen": 1, "isStartTag": 1}}
06-28 12:34:16.789 11202 11215 E WProf.db: {"WprofHTMLTag": {"code": "0xb4cc79f0", "doc": "http://searchengineland.com/authority-link-building-real-time-penguin-259584", "row": 56, "column": 76, "tagName": "link", "time": 14320.453369, "url": "http://searchengineland.com/favicon.ico", "pos": 1, "chunkLen": 1, "isStartTag": 1}}
06-28 12:34:16.789 11202 11215 E WProf.db: {"WprofHTMLTag": {"code": "0xb4cc7a20", "doc": "http://searchengineland.com/authority-link-building-real-time-penguin-259584", "row": 57, "column": 158, "tagName": "link", "time": 14320.453573, "url": "http://feeds.searchengineland.com/searchengineland", "pos": 1, "chunkLen": 1, "isStartTag": 1}}
06-28 12:34:16.789 11202 11215 E WProf.db: {"WprofHTMLTag": {"code": "0xb4cc7a50", "doc": "http://searchengineland.com/authority-link-building-real-time-penguin-259584", "row": 58, "column": 149, "tagName": "link", "time": 14320.453850, "url": "http://feeds.searchengineland.com/searchcap", "pos": 1, "chunkLen": 1, "isStartTag": 1}}
06-28 12:34:16.789 11202 11215 E WProf.db: {"WprofHTMLTag": {"code": "0xb4cc7a80", "doc": "http://searchengineland.com/authority-link-building-real-time-penguin-259584", "row": 59, "column": 150, "tagName": "link", "time": 14320.454968, "url": "http://searchengineland.com/figz/wp-content/themes/searchengineland/css/searchengineland-bootstrap.css", "pos": 1, "chunkLen": 1, "isStartTag": 1}}
06-28 12:34:16.789 11202 11215 E WProf.db: {"WprofHTMLTag": {"code": "0xb4cc7ae0", "doc": "http://searchengineland.com/authority-link-building-real-time-penguin-259584", "row": 60, "column": 105, "tagName": "link", "time": 14320.455933, "url": "http://fonts.googleapis.com/css?family=Oswald:300,400,700", "pos": 1, "chunkLen": 1, "isStartTag": 1}}
06-28 12:34:16.789 11202 11215 E WProf.db: {"WprofHTMLTag": {"code": "0xb4cc7b40", "doc": "http://searchengineland.com/authority-link-building-real-time-penguin-259584", "row": 61, "column": 125, "tagName": "link", "time": 14320.456777, "url": "http://searchengineland.com/figz/wp-content/themes/searchengineland/style.css", "pos": 1, "chunkLen": 1, "isStartTag": 1}}
06-28 12:34:16.789 11202 11215 E WProf.db: {"WprofHTMLTag": {"code": "0xb4cc7ba0", "doc": "http://searchengineland.com/authority-link-building-real-time-penguin-259584", "row": 65, "column": 7, "tagName": "title", "time": 14320.457642, "url": "", "pos": 1, "chunkLen": 1, "isStartTag": 1}}
06-28 12:34:16.789 11202 11215 E WProf.db: {"WprofHTMLTag": {"code": "0xb4cc7bd0", "doc": "http://searchengineland.com/authority-link-building-real-time-penguin-259584", "row": 65, "column": 67, "tagName": "title", "time": 14320.457921, "url": "", "pos": 1, "chunkLen": 1, "isStartTag": 0}}
06-28 12:34:16.789 11202 11215 E WProf.db: {"WprofHTMLTag": {"code": "0xb4cc7c00", "doc": "http://searchengineland.com/authority-link-building-real-time-penguin-259584", "row": 66, "column": 199, "tagName": "meta", "time": 14320.457951, "url": "", "pos": 1, "chunkLen": 1, "isStartTag": 1}}
06-28 12:34:16.789 11202 11215 E WProf.db: {"WprofHTMLTag": {"code": "0xb4cc7c30", "doc": "http://searchengineland.com/authority-link-building-real-time-penguin-259584", "row": 67, "column": 143, "tagName": "meta", "time": 14320.458113, "url": "", "pos": 1, "chunkLen": 1, "isStartTag": 1}}
06-28 12:34:16.790 11202 11215 E WProf.db: {"WprofHTMLTag": {"code": "0xb4cc7c60", "doc": "http://searchengineland.com/authority-link-building-real-time-penguin-259584", "row": 68, "column": 118, "tagName": "meta", "time": 14320.458232, "url": "", "pos": 1, "chunkLen": 1, "isStartTag": 1}}
06-28 12:34:16.790 11202 11215 E WProf.db: {"WprofHTMLTag": {"code": "0xb4cc7c90", "doc": "http://searchengineland.com/authority-link-building-real-time-penguin-259584", "row": 69, "column": 37, "tagName": "meta", "time": 14320.458352, "url": "", "pos": 1, "chunkLen": 1, "isStartTag": 1}}
06-28 12:34:16.790 11202 11215 E WProf.db: {"WprofHTMLTag": {"code": "0xb4cc7cc0", "doc": "http://searchengineland.com/authority-link-building-real-time-penguin-259584", "row": 70, "column": 108, "tagName": "link", "time": 14320.458470, "url": "http://searchengineland.com/authority-link-building-real-time-penguin-259584", "pos": 1, "chunkLen": 1, "isStartTag": 1}}
06-28 12:34:16.790 11202 11215 E WProf.db: {"WprofHTMLTag": {"code": "0xb4cc7cf0", "doc": "http://searchengineland.com/authority-link-building-real-time-penguin-259584", "row": 71, "column": 76, "tagName": "link", "time": 14320.458696, "url": "https://plus.google.com/103218677032751327334", "pos": 1, "chunkLen": 1, "isStartTag": 1}}
06-28 12:34:16.790 11202 11215 E WProf.db: {"WprofHTMLTag": {"code": "0xb4cc7d20", "doc": "http://searchengineland.com/authority-link-building-real-time-penguin-259584", "row": 72, "column": 45, "tagName": "meta", "time": 14320.458882, "url": "", "pos": 1, "chunkLen": 1, "isStartTag": 1}}
06-28 12:34:16.790 11202 11215 E WProf.db: {"WprofHTMLTag": {"code": "0xb4cc7d50", "doc": "http://searchengineland.com/authority-link-building-real-time-penguin-259584", "row": 73, "column": 45, "tagName": "meta", "time": 14320.459000, "url": "", "pos": 1, "chunkLen": 1, "isStartTag": 1}}
06-28 12:34:16.790 11202 11215 E WProf.db: {"WprofHTMLTag": {"code": "0xb4cc7d80", "doc": "http://searchengineland.com/authority-link-building-real-time-penguin-259584", "row": 74, "column": 91, "tagName": "meta", "time": 14320.459110, "url": "", "pos": 1, "chunkLen": 1, "isStartTag": 1}}
06-28 12:34:16.790 11202 11215 E WProf.db: {"WprofHTMLTag": {"code": "0xb4cc7db0", "doc": "http://searchengineland.com/authority-link-building-real-time-penguin-259584", "row": 75, "column": 207, "tagName": "meta", "time": 14320.459217, "url": "", "pos": 1, "chunkLen": 1, "isStartTag": 1}}
06-28 12:34:16.790 11202 11215 E WProf.db: {"WprofHTMLTag": {"code": "0xb4cc7de0", "doc": "http://searchengineland.com/authority-link-building-real-time-penguin-259584", "row": 76, "column": 113, "tagName": "meta", "time": 14320.459327, "url": "", "pos": 1, "chunkLen": 1, "isStartTag": 1}}
06-28 12:34:16.790 11202 11215 E WProf.db: {"WprofHTMLTag": {"code": "0xb4cc7e10", "doc": "http://searchengineland.com/authority-link-building-real-time-penguin-259584", "row": 77, "column": 61, "tagName": "meta", "time": 14320.459433, "url": "", "pos": 1, "chunkLen": 1, "isStartTag": 1}}
06-28 12:34:16.790 11202 11215 E WProf.db: {"WprofHTMLTag": {"code": "0xb4cc7e40", "doc": "http://searchengineland.com/authority-link-building-real-time-penguin-259584", "row": 78, "column": 89, "tagName": "meta", "time": 14320.459542, "url": "", "pos": 1, "chunkLen": 1, "isStartTag": 1}}
06-28 12:34:16.790 11202 11215 E WProf.db: {"WprofHTMLTag": {"code": "0xb4cc7e70", "doc": "http://searchengineland.com/authority-link-building-real-time-penguin-259584", "row": 79, "column": 58, "tagName": "meta", "time": 14320.459651, "url": "", "pos": 1, "chunkLen": 1, "isStartTag": 1}}
06-28 12:34:16.790 11202 11215 E WProf.db: {"WprofHTMLTag": {"code": "0xb4cc7ea0", "doc": "http://searchengineland.com/authority-link-building-real-time-penguin-259584", "row": 80, "column": 78, "tagName": "meta", "time": 14320.459757, "url": "", "pos": 1, "chunkLen": 1, "isStartTag": 1}}
06-28 12:34:16.790 11202 11215 E WProf.db: {"WprofHTMLTag": {"code": "0xb4cc7ed0", "doc": "http://searchengineland.com/authority-link-building-real-time-penguin-259584", "row": 81, "column": 77, "tagName": "meta", "time": 14320.460118, "url": "", "pos": 1, "chunkLen": 1, "isStartTag": 1}}
06-28 12:34:16.791 11202 11215 E WProf.db: {"WprofHTMLTag": {"code": "0xb4cc7f00", "doc": "http://searchengineland.com/authority-link-building-real-time-penguin-259584", "row": 82, "column": 71, "tagName": "meta", "time": 14320.460229, "url": "", "pos": 1, "chunkLen": 1, "isStartTag": 1}}
06-28 12:34:16.791 11202 11215 E WProf.db: {"WprofHTMLTag": {"code": "0xb4cc7f30", "doc": "http://searchengineland.com/authority-link-building-real-time-penguin-259584", "row": 83, "column": 130, "tagName": "meta", "time": 14320.460431, "url": "", "pos": 1, "chunkLen": 1, "isStartTag": 1}}
06-28 12:34:16.791 11202 11215 E WProf.db: {"WprofHTMLTag": {"code": "0xb4cc7f60", "doc": "http://searchengineland.com/authority-link-building-real-time-penguin-259584", "row": 84, "column": 49, "tagName": "meta", "time": 14320.460548, "url": "", "pos": 1, "chunkLen": 1, "isStartTag": 1}}
06-28 12:34:16.791 11202 11215 E WProf.db: {"WprofHTMLTag": {"code": "0xb4cc7f90", "doc": "http://searchengineland.com/authority-link-building-real-time-penguin-259584", "row": 85, "column": 50, "tagName": "meta", "time": 14320.460665, "url": "", "pos": 1, "chunkLen": 1, "isStartTag": 1}}
06-28 12:34:16.791 11202 11215 E WProf.db: {"WprofHTMLTag": {"code": "0xb4cc7fc0", "doc": "http://searchengineland.com/authority-link-building-real-time-penguin-259584", "row": 86, "column": 58, "tagName": "meta", "time": 14320.460830, "url": "", "pos": 1, "chunkLen": 1, "isStartTag": 1}}
06-28 12:34:16.791 11202 11215 E WProf.db: {"WprofHTMLTag": {"code": "0xb4cc7ff0", "doc": "http://searchengineland.com/authority-link-building-real-time-penguin-259584", "row": 87, "column": 208, "tagName": "meta", "time": 14320.460973, "url": "", "pos": 1, "chunkLen": 1, "isStartTag": 1}}
06-28 12:34:16.791 11202 11215 E WProf.db: {"WprofHTMLTag": {"code": "0xb4cc8020", "doc": "http://searchengineland.com/authority-link-building-real-time-penguin-259584", "row": 88, "column": 92, "tagName": "meta", "time": 14320.461091, "url": "", "pos": 1, "chunkLen": 1, "isStartTag": 1}}
06-28 12:34:16.791 11202 11215 E WProf.db: {"WprofHTMLTag": {"code": "0xb4cc8050", "doc": "http://searchengineland.com/authority-link-building-real-time-penguin-259584", "row": 89, "column": 51, "tagName": "meta", "time": 14320.461225, "url": "", "pos": 1, "chunkLen": 1, "isStartTag": 1}}
06-28 12:34:16.791 11202 11215 E WProf.db: {"WprofHTMLTag": {"code": "0xb4cc8080", "doc": "http://searchengineland.com/authority-link-building-real-time-penguin-259584", "row": 90, "column": 131, "tagName": "meta", "time": 14320.461402, "url": "", "pos": 1, "chunkLen": 1, "isStartTag": 1}}
06-28 12:34:16.791 11202 11215 E WProf.db: {"WprofHTMLTag": {"code": "0xb4cc80b0", "doc": "http://searchengineland.com/authority-link-building-real-time-penguin-259584", "row": 91, "column": 58, "tagName": "meta", "time": 14320.461563, "url": "", "pos": 1, "chunkLen": 1, "isStartTag": 1}}
06-28 12:34:16.791 11202 11215 E WProf.db: {"WprofHTMLTag": {"code": "0xb4cc80e0", "doc": "http://searchengineland.com/authority-link-building-real-time-penguin-259584", "row": 94, "column": 44, "tagName": "link", "time": 14320.461704, "url": "http://s.w.org/", "pos": 1, "chunkLen": 1, "isStartTag": 1}}
06-28 12:34:16.791 11202 11215 E WProf.db: {"WprofHTMLTag": {"code": "0xb4cc8110", "doc": "http://searchengineland.com/authority-link-building-real-time-penguin-259584", "row": 95, "column": 33, "tagName": "script", "time": 14320.461940, "url": "", "pos": 1, "chunkLen": 1, "isStartTag": 1}}
06-28 12:34:16.791 11202 11215 E WProf.db: {"WprofHTMLTag": {"code": "0xb4cc8140", "doc": "http://searchengineland.com/authority-link-building-real-time-penguin-259584", "row": 98, "column": 11, "tagName": "script", "time": 14320.462125, "url": "http://searchengineland.com/figz/wp-includes/js/wp-emoji-release.min.js?ver=4.7.5", "pos": 1, "chunkLen": 1, "isStartTag": 0}}
06-28 12:34:16.791 11202 11215 E WProf.db: {"WprofHTMLTag": {"code": "0x9d6f6560", "doc": "http://searchengineland.com/authority-link-building-real-time-penguin-259584", "row": 99, "column": 25, "tagName": "style", "time": 14320.928610, "url": "", "pos": 1, "chunkLen": 1, "isStartTag": 1}}
06-28 12:34:16.792 11202 11215 E WProf.db: {"WprofHTMLTag": {"code": "0x9d6f6590", "doc": "http://searchengineland.com/authority-link-building-real-time-penguin-259584", "row": 112, "column": 8, "tagName": "style", "time": 14320.928799, "url": "", "pos": 1, "chunkLen": 1, "isStartTag": 0}}
06-28 12:34:16.792 11202 11215 E WProf.db: {"WprofHTMLTag": {"code": "0x9d6f65c0", "doc": "http://searchengineland.com/authority-link-building-real-time-penguin-259584", "row": 113, "column": 140, "tagName": "script", "time": 14320.930574, "url": "http://searchengineland.com/figz/wp-content/themes/searchengineland/js/lib/modernizr.custom.js?ver=1.0", "pos": 1, "chunkLen": 1, "isStartTag": 1}}
06-28 12:34:16.792 11202 11215 E WProf.db: {"WprofHTMLTag": {"code": "0x9d6f65f0", "doc": "http://searchengineland.com/authority-link-building-real-time-penguin-259584", "row": 113, "column": 149, "tagName": "script", "time": 14320.930821, "url": "", "pos": 1, "chunkLen": 1, "isStartTag": 0}}
06-28 12:34:16.792 11202 11215 E WProf.db: {"WprofHTMLTag": {"code": "0xaa407250", "doc": "http://searchengineland.com/authority-link-building-real-time-penguin-259584", "row": 114, "column": 144, "tagName": "script", "time": 14320.940066, "url": "http://searchengineland.com/figz/wp-content/themes/searchengineland/js/lib/jquery-1.11.0.min.js?ver=1.11.0", "pos": 1, "chunkLen": 1, "isStartTag": 1}}
06-28 12:34:16.792 11202 11215 E WProf.db: {"WprofHTMLTag": {"code": "0xaa407220", "doc": "http://searchengineland.com/authority-link-building-real-time-penguin-259584", "row": 114, "column": 153, "tagName": "script", "time": 14320.940312, "url": "", "pos": 1, "chunkLen": 1, "isStartTag": 0}}
06-28 12:34:16.792 11202 11215 E WProf.db: {"WprofHTMLTag": {"code": "0x9d6f67a0", "doc": "http://searchengineland.com/authority-link-building-real-time-penguin-259584", "row": 0, "column": 15, "tagName": "div", "time": 14321.809481, "url": "", "pos": 15, "chunkLen": 44, "isStartTag": 1}}
06-28 12:34:16.792 11202 11215 E WProf.db: {"WprofHTMLTag": {"code": "0x9d6f6740", "doc": "http://searchengineland.com/authority-link-building-real-time-penguin-259584", "row": 0, "column": 21, "tagName": "div", "time": 14321.809626, "url": "", "pos": 21, "chunkLen": 44, "isStartTag": 0}}
06-28 12:34:16.792 11202 11215 E WProf.db: {"WprofHTMLTag": {"code": "0x9d6f6500", "doc": "http://searchengineland.com/authority-link-building-real-time-penguin-259584", "row": 0, "column": 38, "tagName": "div", "time": 14321.809693, "url": "", "pos": 38, "chunkLen": 44, "isStartTag": 1}}
06-28 12:34:16.792 11202 11215 E WProf.db: {"WprofHTMLTag": {"code": "0x9d6f64d0", "doc": "http://searchengineland.com/authority-link-building-real-time-penguin-259584", "row": 0, "column": 44, "tagName": "div", "time": 14321.809806, "url": "", "pos": 44, "chunkLen": 44, "isStartTag": 0}}
06-28 12:34:16.792 11202 11215 E WProf.db: {"WprofHTMLTag": {"code": "0x9d6f64a0", "doc": "http://searchengineland.com/authority-link-building-real-time-penguin-259584", "row": 0, "column": 13, "tagName": "select", "time": 14321.811225, "url": "", "pos": 13, "chunkLen": 51, "isStartTag": 1}}
06-28 12:34:16.792 11202 11215 E WProf.db: {"WprofHTMLTag": {"code": "0x9d6f6470", "doc": "http://searchengineland.com/authority-link-building-real-time-penguin-259584", "row": 0, "column": 33, "tagName": "option", "time": 14321.811412, "url": "", "pos": 33, "chunkLen": 51, "isStartTag": 1}}
06-28 12:34:16.792 11202 11215 E WProf.db: {"WprofHTMLTag": {"code": "0x9d6f6680", "doc": "http://searchengineland.com/authority-link-building-real-time-penguin-259584", "row": 0, "column": 42, "tagName": "option", "time": 14321.811606, "url": "", "pos": 42, "chunkLen": 51, "isStartTag": 0}}
06-28 12:34:16.792 11202 11215 E WProf.db: {"WprofHTMLTag": {"code": "0x9d6f66b0", "doc": "http://searchengineland.com/authority-link-building-real-time-penguin-259584", "row": 0, "column": 51, "tagName": "select", "time": 14321.811664, "url": "", "pos": 51, "chunkLen": 51, "isStartTag": 0}}
06-28 12:34:16.793 11202 11215 E WProf.db: {"WprofHTMLTag": {"code": "0x9d6f66e0", "doc": "http://searchengineland.com/authority-link-building-real-time-penguin-259584", "row": 0, "column": 12, "tagName": "a", "time": 14321.816146, "url": "", "pos": 12, "chunkLen": 16, "isStartTag": 1}}
06-28 12:34:16.793 11202 11215 E WProf.db: {"WprofHTMLTag": {"code": "0x9d6f6830", "doc": "http://searchengineland.com/authority-link-building-real-time-penguin-259584", "row": 0, "column": 16, "tagName": "a", "time": 14321.816302, "url": "", "pos": 16, "chunkLen": 16, "isStartTag": 0}}
06-28 12:34:16.793 11202 11215 E WProf.db: {"WprofHTMLTag": {"code": "0x9d6f6860", "doc": "http://searchengineland.com/authority-link-building-real-time-penguin-259584", "row": 0, "column": 8, "tagName": "input", "time": 14321.817317, "url": "", "pos": 8, "chunkLen": 8, "isStartTag": 1}}
06-28 12:34:16.793 11202 11215 E WProf.db: {"WprofHTMLTag": {"code": "0x9d6f6890", "doc": "http://searchengineland.com/authority-link-building-real-time-penguin-259584", "row": 0, "column": 9, "tagName": "link", "time": 14321.827063, "url": "", "pos": 9, "chunkLen": 42, "isStartTag": 1}}
06-28 12:34:16.793 11202 11215 E WProf.db: {"WprofHTMLTag": {"code": "0x9d6f68c0", "doc": "http://searchengineland.com/authority-link-building-real-time-penguin-259584", "row": 0, "column": 16, "tagName": "table", "time": 14321.827184, "url": "", "pos": 16, "chunkLen": 42, "isStartTag": 1}}
06-28 12:34:16.793 11202 11215 E WProf.db: {"WprofHTMLTag": {"code": "0x9d6f68f0", "doc": "http://searchengineland.com/authority-link-building-real-time-penguin-259584", "row": 0, "column": 24, "tagName": "table", "time": 14321.827297, "url": "", "pos": 24, "chunkLen": 42, "isStartTag": 0}}
06-28 12:34:16.793 11202 11215 E WProf.db: {"WprofHTMLTag": {"code": "0x9d6f6920", "doc": "http://searchengineland.com/authority-link-building-real-time-penguin-259584", "row": 0, "column": 37, "tagName": "a", "time": 14321.827370, "url": "", "pos": 37, "chunkLen": 42, "isStartTag": 1}}
06-28 12:34:16.793 11202 11215 E WProf.db: {"WprofHTMLTag": {"code": "0x9d6f6950", "doc": "http://searchengineland.com/authority-link-building-real-time-penguin-259584", "row": 0, "column": 42, "tagName": "a", "time": 14321.827550, "url": "", "pos": 42, "chunkLen": 42, "isStartTag": 0}}
06-28 12:34:16.793 11202 11215 E WProf.db: {"WprofHTMLTag": {"code": "0x9d6f69e0", "doc": "http://searchengineland.com/authority-link-building-real-time-penguin-259584", "row": 0, "column": 10, "tagName": "textarea", "time": 14321.828715, "url": "", "pos": 10, "chunkLen": 22, "isStartTag": 1}}
06-28 12:34:16.793 11202 11215 E WProf.db: {"WprofHTMLTag": {"code": "0x9d6f6a10", "doc": "http://searchengineland.com/authority-link-building-real-time-penguin-259584", "row": 0, "column": 22, "tagName": "textarea", "time": 14321.828911, "url": "", "pos": 22, "chunkLen": 22, "isStartTag": 0}}
06-28 12:34:16.793 11202 11215 E WProf.db: {"WprofHTMLTag": {"code": "0x9d6f6a40", "doc": "http://searchengineland.com/authority-link-building-real-time-penguin-259584", "row": 0, "column": 48, "tagName": "input", "time": 14321.830104, "url": "", "pos": 48, "chunkLen": 48, "isStartTag": 1}}
06-28 12:34:16.793 11202 11215 E WProf.db: {"WprofHTMLTag": {"code": "0x9d6f6aa0", "doc": "http://searchengineland.com/authority-link-building-real-time-penguin-259584", "row": 0, "column": 9, "tagName": "link", "time": 14321.834359, "url": "", "pos": 9, "chunkLen": 66, "isStartTag": 1}}
06-28 12:34:16.793 11202 11215 E WProf.db: {"WprofHTMLTag": {"code": "0x9d6f6ad0", "doc": "http://searchengineland.com/authority-link-building-real-time-penguin-259584", "row": 0, "column": 16, "tagName": "table", "time": 14321.834476, "url": "", "pos": 16, "chunkLen": 66, "isStartTag": 1}}
06-28 12:34:16.794 11202 11215 E WProf.db: {"WprofHTMLTag": {"code": "0x9d6f6b00", "doc": "http://searchengineland.com/authority-link-building-real-time-penguin-259584", "row": 0, "column": 24, "tagName": "table", "time": 14321.834547, "url": "", "pos": 24, "chunkLen": 66, "isStartTag": 0}}
06-28 12:34:16.794 11202 11215 E WProf.db: {"WprofHTMLTag": {"code": "0x9d6f6b30", "doc": "http://searchengineland.com/authority-link-building-real-time-penguin-259584", "row": 0, "column": 37, "tagName": "a", "time": 14321.834610, "url": "", "pos": 37, "chunkLen": 66, "isStartTag": 1}}
06-28 12:34:16.794 11202 11215 E WProf.db: {"WprofHTMLTag": {"code": "0x9d6f6b60", "doc": "http://searchengineland.com/authority-link-building-real-time-penguin-259584", "row": 0, "column": 42, "tagName": "a", "time": 14321.834782, "url": "", "pos": 42, "chunkLen": 66, "isStartTag": 0}}
06-28 12:34:16.794 11202 11215 E WProf.db: {"WprofHTMLTag": {"code": "0x9d6f6b90", "doc": "http://searchengineland.com/authority-link-building-real-time-penguin-259584", "row": 0, "column": 66, "tagName": "input", "time": 14321.834844, "url": "", "pos": 66, "chunkLen": 66, "isStartTag": 1}}
06-28 12:34:16.794 11202 11215 E WProf.db: {"WprofHTMLTag": {"code": "0x9d6f6c20", "doc": "http://searchengineland.com/authority-link-building-real-time-penguin-259584", "row": 0, "column": 9, "tagName": "link", "time": 14321.836558, "url": "", "pos": 9, "chunkLen": 66, "isStartTag": 1}}
06-28 12:34:16.794 11202 11215 E WProf.db: {"WprofHTMLTag": {"code": "0x9d6f6c50", "doc": "http://searchengineland.com/authority-link-building-real-time-penguin-259584", "row": 0, "column": 16, "tagName": "table", "time": 14321.836670, "url": "", "pos": 16, "chunkLen": 66, "isStartTag": 1}}
06-28 12:34:16.794 11202 11215 E WProf.db: {"WprofHTMLTag": {"code": "0x9d6f6c80", "doc": "http://searchengineland.com/authority-link-building-real-time-penguin-259584", "row": 0, "column": 24, "tagName": "table", "time": 14321.836742, "url": "", "pos": 24, "chunkLen": 66, "isStartTag": 0}}
06-28 12:34:16.794 11202 11215 E WProf.db: {"WprofHTMLTag": {"code": "0x9d6f6cb0", "doc": "http://searchengineland.com/authority-link-building-real-time-penguin-259584", "row": 0, "column": 37, "tagName": "a", "time": 14321.836802, "url": "", "pos": 37, "chunkLen": 66, "isStartTag": 1}}
06-28 12:34:16.794 11202 11215 E WProf.db: {"WprofHTMLTag": {"code": "0x9d6f6ce0", "doc": "http://searchengineland.com/authority-link-building-real-time-penguin-259584", "row": 0, "column": 42, "tagName": "a", "time": 14321.836973, "url": "", "pos": 42, "chunkLen": 66, "isStartTag": 0}}
06-28 12:34:16.794 11202 11215 E WProf.db: {"WprofHTMLTag": {"code": "0x9d6f6d10", "doc": "http://searchengineland.com/authority-link-building-real-time-penguin-259584", "row": 0, "column": 66, "tagName": "input", "time": 14321.837039, "url": "", "pos": 66, "chunkLen": 66, "isStartTag": 1}}
06-28 12:34:16.794 11202 11215 E WProf.db: {"WprofHTMLTag": {"code": "0x9d6f6d70", "doc": "http://searchengineland.com/authority-link-building-real-time-penguin-259584", "row": 0, "column": 9, "tagName": "link", "time": 14321.841683, "url": "", "pos": 9, "chunkLen": 66, "isStartTag": 1}}
06-28 12:34:16.795 11202 11215 E WProf.db: {"WprofHTMLTag": {"code": "0x9d6f6da0", "doc": "http://searchengineland.com/authority-link-building-real-time-penguin-259584", "row": 0, "column": 16, "tagName": "table", "time": 14321.841797, "url": "", "pos": 16, "chunkLen": 66, "isStartTag": 1}}
06-28 12:34:16.795 11202 11215 E WProf.db: {"WprofHTMLTag": {"code": "0x9d6f6dd0", "doc": "http://searchengineland.com/authority-link-building-real-time-penguin-259584", "row": 0, "column": 24, "tagName": "table", "time": 14321.841876, "url": "", "pos": 24, "chunkLen": 66, "isStartTag": 0}}
06-28 12:34:16.795 11202 11215 E WProf.db: {"WprofHTMLTag": {"code": "0x9d6f6e00", "doc": "http://searchengineland.com/authority-link-building-real-time-penguin-259584", "row": 0, "column": 37, "tagName": "a", "time": 14321.841943, "url": "", "pos": 37, "chunkLen": 66, "isStartTag": 1}}
06-28 12:34:16.795 11202 11215 E WProf.db: {"WprofHTMLTag": {"code": "0x9d6f6e30", "doc": "http://searchengineland.com/authority-link-building-real-time-penguin-259584", "row": 0, "column": 42, "tagName": "a", "time": 14321.842109, "url": "", "pos": 42, "chunkLen": 66, "isStartTag": 0}}
06-28 12:34:16.795 11202 11215 E WProf.db: {"WprofHTMLTag": {"code": "0x9d6f6e60", "doc": "http://searchengineland.com/authority-link-building-real-time-penguin-259584", "row": 0, "column": 66, "tagName": "input", "time": 14321.842177, "url": "", "pos": 66, "chunkLen": 66, "isStartTag": 1}}
06-28 12:34:16.795 11202 11215 E WProf.db: {"WprofHTMLTag": {"code": "0x9d6f6f80", "doc": "http://searchengineland.com/authority-link-building-real-time-penguin-259584", "row": 115, "column": 154, "tagName": "script", "time": 14321.854466, "url": "http://searchengineland.com/figz/wp-content/themes/searchengineland/js/lib/jquery-ui-1.10.3.custom.min.js?ver=1.10.3", "pos": 67, "chunkLen": 67, "isStartTag": 1}}
