06-28 13:23:18.718 28974 29019 E chromium: [ERROR:gles2_cmd_decoder.cc(3852)] [.ChromiumCompositor-0xacbb2fc0]GL ERROR :GL_INVALID_ENUM : glDiscardFramebufferEXT: attachments was GL_COLOR_EXT
06-28 13:23:18.733 28974 29019 E chromium: [ERROR:gles2_cmd_decoder.cc(3852)] [.ChromiumCompositor-0xacbb2fc0]GL ERROR :GL_INVALID_ENUM : glDiscardFramebufferEXT: attachments was GL_COLOR_EXT
06-28 13:23:18.751 28974 29019 E chromium: [ERROR:gles2_cmd_decoder.cc(3852)] [.ChromiumCompositor-0xacbb2fc0]GL ERROR :GL_INVALID_ENUM : glDiscardFramebufferEXT: attachments was GL_COLOR_EXT
06-28 13:23:18.769 28974 29019 E chromium: [ERROR:gles2_cmd_decoder.cc(3852)] [.ChromiumCompositor-0xacbb2fc0]GL ERROR :GL_INVALID_ENUM : glDiscardFramebufferEXT: attachments was GL_COLOR_EXT
06-28 13:23:18.785 28974 29019 E chromium: [ERROR:gles2_cmd_decoder.cc(3852)] [.ChromiumCompositor-0xacbb2fc0]GL ERROR :GL_INVALID_ENUM : glDiscardFramebufferEXT: attachments was GL_COLOR_EXT
06-28 13:23:18.801 28974 29019 E chromium: [ERROR:gles2_cmd_decoder.cc(3852)] [.ChromiumCompositor-0xacbb2fc0]GL ERROR :GL_INVALID_ENUM : glDiscardFramebufferEXT: attachments was GL_COLOR_EXT
06-28 13:23:18.820 28974 29019 E chromium: [ERROR:gles2_cmd_decoder.cc(3852)] [.ChromiumCompositor-0xacbb2fc0]GL ERROR :GL_INVALID_ENUM : glDiscardFramebufferEXT: attachments was GL_COLOR_EXT
06-28 13:23:18.841 28974 29019 E chromium: [ERROR:gles2_cmd_decoder.cc(3852)] [.ChromiumCompositor-0xacbb2fc0]GL ERROR :GL_INVALID_ENUM : glDiscardFramebufferEXT: attachments was GL_COLOR_EXT
06-28 13:23:18.850 28974 29019 E chromium: [ERROR:gles2_cmd_decoder.cc(3852)] [.ChromiumCompositor-0xacbb2fc0]GL ERROR :GL_INVALID_ENUM : glDiscardFramebufferEXT: attachments was GL_COLOR_EXT
06-28 13:23:18.868 28974 29019 E chromium: [ERROR:gles2_cmd_decoder.cc(3852)] [.ChromiumCompositor-0xacbb2fc0]GL ERROR :GL_INVALID_ENUM : glDiscardFramebufferEXT: attachments was GL_COLOR_EXT
06-28 13:23:18.885 28974 29019 E chromium: [ERROR:gles2_cmd_decoder.cc(3852)] [.ChromiumCompositor-0xacbb2fc0]GL ERROR :GL_INVALID_ENUM : glDiscardFramebufferEXT: attachments was GL_COLOR_EXT
06-28 13:23:18.901 28974 29019 E chromium: [ERROR:gles2_cmd_decoder.cc(3852)] [.ChromiumCompositor-0xacbb2fc0]GL ERROR :GL_INVALID_ENUM : glDiscardFramebufferEXT: attachments was GL_COLOR_EXT
06-28 13:23:18.919 28974 29019 E chromium: [ERROR:gles2_cmd_decoder.cc(3852)] [.ChromiumCompositor-0xacbb2fc0]GL ERROR :GL_INVALID_ENUM : glDiscardFramebufferEXT: attachments was GL_COLOR_EXT
06-28 13:23:18.937 28974 29019 E chromium: [ERROR:gles2_cmd_decoder.cc(3852)] [.ChromiumCompositor-0xacbb2fc0]GL ERROR :GL_INVALID_ENUM : glDiscardFramebufferEXT: attachments was GL_COLOR_EXT
06-28 13:23:18.951 28974 29019 E chromium: [ERROR:gles2_cmd_decoder.cc(3852)] [.ChromiumCompositor-0xacbb2fc0]GL ERROR :GL_INVALID_ENUM : glDiscardFramebufferEXT: attachments was GL_COLOR_EXT
06-28 13:23:18.968 28974 29019 E chromium: [ERROR:gles2_cmd_decoder.cc(3852)] [.ChromiumCompositor-0xacbb2fc0]GL ERROR :GL_INVALID_ENUM : glDiscardFramebufferEXT: attachments was GL_COLOR_EXT
06-28 13:23:18.985 28974 29019 E chromium: [ERROR:gles2_cmd_decoder.cc(3852)] [.ChromiumCompositor-0xacbb2fc0]GL ERROR :GL_INVALID_ENUM : glDiscardFramebufferEXT: attachments was GL_COLOR_EXT
06-28 13:23:19.003 28974 29019 E chromium: [ERROR:gles2_cmd_decoder.cc(3852)] [.ChromiumCompositor-0xacbb2fc0]GL ERROR :GL_INVALID_ENUM : glDiscardFramebufferEXT: attachments was GL_COLOR_EXT
06-28 13:23:19.020 28974 29019 E chromium: [ERROR:gles2_cmd_decoder.cc(3852)] [.ChromiumCompositor-0xacbb2fc0]GL ERROR :GL_INVALID_ENUM : glDiscardFramebufferEXT: attachments was GL_COLOR_EXT
06-28 13:23:19.037 28974 29019 E chromium: [ERROR:gles2_cmd_decoder.cc(3852)] [.ChromiumCompositor-0xacbb2fc0]GL ERROR :GL_INVALID_ENUM : glDiscardFramebufferEXT: attachments was GL_COLOR_EXT
06-28 13:23:19.053 28974 29019 E chromium: [ERROR:gles2_cmd_decoder.cc(3852)] [.ChromiumCompositor-0xacbb2fc0]GL ERROR :GL_INVALID_ENUM : glDiscardFramebufferEXT: attachments was GL_COLOR_EXT
06-28 13:23:19.069 28974 29019 E chromium: [ERROR:gles2_cmd_decoder.cc(3852)] [.ChromiumCompositor-0xacbb2fc0]GL ERROR :GL_INVALID_ENUM : glDiscardFramebufferEXT: attachments was GL_COLOR_EXT
06-28 13:23:19.092 28974 29019 E chromium: [ERROR:gles2_cmd_decoder.cc(3852)] [.ChromiumCompositor-0xacbb2fc0]GL ERROR :GL_INVALID_ENUM : glDiscardFramebufferEXT: attachments was GL_COLOR_EXT
06-28 13:23:19.102 28974 29019 E chromium: [ERROR:gles2_cmd_decoder.cc(3852)] [.ChromiumCompositor-0xacbb2fc0]GL ERROR :GL_INVALID_ENUM : glDiscardFramebufferEXT: attachments was GL_COLOR_EXT
06-28 13:23:19.121 28974 29019 E chromium: [ERROR:gles2_cmd_decoder.cc(3852)] [.ChromiumCompositor-0xacbb2fc0]GL ERROR :GL_INVALID_ENUM : glDiscardFramebufferEXT: attachments was GL_COLOR_EXT
06-28 13:23:19.134 28974 29019 E chromium: [ERROR:gles2_cmd_decoder.cc(3852)] [.ChromiumCompositor-0xacbb2fc0]GL ERROR :GL_INVALID_ENUM : glDiscardFramebufferEXT: attachments was GL_COLOR_EXT
06-28 13:23:19.152 28974 29019 E chromium: [ERROR:gles2_cmd_decoder.cc(3852)] [.ChromiumCompositor-0xacbb2fc0]GL ERROR :GL_INVALID_ENUM : glDiscardFramebufferEXT: attachments was GL_COLOR_EXT
06-28 13:23:19.170 28974 29019 E chromium: [ERROR:gles2_cmd_decoder.cc(3852)] [.ChromiumCompositor-0xacbb2fc0]GL ERROR :GL_INVALID_ENUM : glDiscardFramebufferEXT: attachments was GL_COLOR_EXT
06-28 13:23:19.187 28974 29019 E chromium: [ERROR:gles2_cmd_decoder.cc(3852)] [.ChromiumCompositor-0xacbb2fc0]GL ERROR :GL_INVALID_ENUM : glDiscardFramebufferEXT: attachments was GL_COLOR_EXT
06-28 13:23:19.203 28974 29019 E chromium: [ERROR:gles2_cmd_decoder.cc(3852)] [.ChromiumCompositor-0xacbb2fc0]GL ERROR :GL_INVALID_ENUM : glDiscardFramebufferEXT: attachments was GL_COLOR_EXT
06-28 13:23:19.220 28974 29019 E chromium: [ERROR:gles2_cmd_decoder.cc(3852)] [.ChromiumCompositor-0xacbb2fc0]GL ERROR :GL_INVALID_ENUM : glDiscardFramebufferEXT: attachments was GL_COLOR_EXT
06-28 13:23:19.238 28974 29019 E chromium: [ERROR:gles2_cmd_decoder.cc(3852)] [.ChromiumCompositor-0xacbb2fc0]GL ERROR :GL_INVALID_ENUM : glDiscardFramebufferEXT: attachments was GL_COLOR_EXT
06-28 13:23:19.254 28974 29019 E chromium: [ERROR:gles2_cmd_decoder.cc(3852)] [.ChromiumCompositor-0xacbb2fc0]GL ERROR :GL_INVALID_ENUM : glDiscardFramebufferEXT: attachments was GL_COLOR_EXT
06-28 13:23:19.272 28974 29019 E chromium: [ERROR:gles2_cmd_decoder.cc(3852)] [.ChromiumCompositor-0xacbb2fc0]GL ERROR :GL_INVALID_ENUM : glDiscardFramebufferEXT: attachments was GL_COLOR_EXT
06-28 13:23:19.290 28974 29019 E chromium: [ERROR:gles2_cmd_decoder.cc(3852)] [.ChromiumCompositor-0xacbb2fc0]GL ERROR :GL_INVALID_ENUM : glDiscardFramebufferEXT: attachments was GL_COLOR_EXT
06-28 13:23:19.305 28974 29019 E chromium: [ERROR:gles2_cmd_decoder.cc(3852)] [.ChromiumCompositor-0xacbb2fc0]GL ERROR :GL_INVALID_ENUM : glDiscardFramebufferEXT: attachments was GL_COLOR_EXT
06-28 13:23:19.323 28974 29019 E chromium: [ERROR:gles2_cmd_decoder.cc(3852)] [.ChromiumCompositor-0xacbb2fc0]GL ERROR :GL_INVALID_ENUM : glDiscardFramebufferEXT: attachments was GL_COLOR_EXT
06-28 13:23:19.351 28974 29019 E chromium: [ERROR:gles2_cmd_decoder.cc(3852)] [.ChromiumCompositor-0xacbb2fc0]GL ERROR :GL_INVALID_ENUM : glDiscardFramebufferEXT: attachments was GL_COLOR_EXT
06-28 13:23:19.368 28974 29019 E chromium: [ERROR:gles2_cmd_decoder.cc(3852)] [.ChromiumCompositor-0xacbb2fc0]GL ERROR :GL_INVALID_ENUM : glDiscardFramebufferEXT: attachments was GL_COLOR_EXT
06-28 13:23:19.390 28974 29019 E chromium: [ERROR:gles2_cmd_decoder.cc(3852)] [.ChromiumCompositor-0xacbb2fc0]GL ERROR :GL_INVALID_ENUM : glDiscardFramebufferEXT: attachments was GL_COLOR_EXT
06-28 13:23:19.397 28974 29019 E chromium: [ERROR:gles2_cmd_decoder.cc(3852)] [.ChromiumCompositor-0xacbb2fc0]GL ERROR :GL_INVALID_ENUM : glDiscardFramebufferEXT: attachments was GL_COLOR_EXT
06-28 13:23:19.419 28974 29019 E chromium: [ERROR:gles2_cmd_decoder.cc(3852)] [.ChromiumCompositor-0xacbb2fc0]GL ERROR :GL_INVALID_ENUM : glDiscardFramebufferEXT: attachments was GL_COLOR_EXT
06-28 13:23:19.438 28974 29019 E chromium: [ERROR:gles2_cmd_decoder.cc(3852)] [.ChromiumCompositor-0xacbb2fc0]GL ERROR :GL_INVALID_ENUM : glDiscardFramebufferEXT: attachments was GL_COLOR_EXT
06-28 13:23:19.441 28974 29019 E chromium: [ERROR:gles2_cmd_decoder.cc(3852)] [.ChromiumCompositor-0xacbb2fc0]GL ERROR :GL_INVALID_ENUM : glDiscardFramebufferEXT: attachments was GL_COLOR_EXT
06-28 13:23:19.455 28974 29019 E chromium: [ERROR:gles2_cmd_decoder.cc(3852)] [.ChromiumCompositor-0xacbb2fc0]GL ERROR :GL_INVALID_ENUM : glDiscardFramebufferEXT: attachments was GL_COLOR_EXT
06-28 13:23:19.484 28974 29019 E chromium: [ERROR:gles2_cmd_decoder.cc(3852)] [.ChromiumCompositor-0xacbb2fc0]GL ERROR :GL_INVALID_ENUM : glDiscardFramebufferEXT: attachments was GL_COLOR_EXT
06-28 13:23:19.494 28974 29019 E chromium: [ERROR:gles2_cmd_decoder.cc(3852)] [.ChromiumCompositor-0xacbb2fc0]GL ERROR :GL_INVALID_ENUM : glDiscardFramebufferEXT: attachments was GL_COLOR_EXT
06-28 13:23:19.509 28974 29019 E chromium: [ERROR:gles2_cmd_decoder.cc(3852)] [.ChromiumCompositor-0xacbb2fc0]GL ERROR :GL_INVALID_ENUM : glDiscardFramebufferEXT: attachments was GL_COLOR_EXT
06-28 13:23:19.542 28974 29019 E chromium: [ERROR:gles2_cmd_decoder.cc(3852)] [.ChromiumCompositor-0xacbb2fc0]GL ERROR :GL_INVALID_ENUM : glDiscardFramebufferEXT: attachments was GL_COLOR_EXT
06-28 13:23:19.567 28974 29019 E chromium: [ERROR:gles2_cmd_decoder.cc(3852)] [.ChromiumCompositor-0xacbb2fc0]GL ERROR :GL_INVALID_ENUM : glDiscardFramebufferEXT: attachments was GL_COLOR_EXT
06-28 13:23:19.579 28974 29019 E chromium: [ERROR:gles2_cmd_decoder.cc(3852)] [.ChromiumCompositor-0xacbb2fc0]GL ERROR :GL_INVALID_ENUM : glDiscardFramebufferEXT: attachments was GL_COLOR_EXT
06-28 13:23:19.595 28974 29019 E chromium: [ERROR:gles2_cmd_decoder.cc(3852)] [.ChromiumCompositor-0xacbb2fc0]GL ERROR :GL_INVALID_ENUM : glDiscardFramebufferEXT: attachments was GL_COLOR_EXT
06-28 13:23:19.609 28974 29019 E chromium: [ERROR:gles2_cmd_decoder.cc(3852)] [.ChromiumCompositor-0xacbb2fc0]GL ERROR :GL_INVALID_ENUM : glDiscardFramebufferEXT: attachments was GL_COLOR_EXT
06-28 13:23:19.623 28974 29019 E chromium: [ERROR:gles2_cmd_decoder.cc(3852)] [.ChromiumCompositor-0xacbb2fc0]GL ERROR :GL_INVALID_ENUM : glDiscardFramebufferEXT: attachments was GL_COLOR_EXT
06-28 13:23:19.641 28974 29019 E chromium: [ERROR:gles2_cmd_decoder.cc(3852)] [.ChromiumCompositor-0xacbb2fc0]GL ERROR :GL_INVALID_ENUM : glDiscardFramebufferEXT: attachments was GL_COLOR_EXT
06-28 13:23:19.657 28974 29019 E chromium: [ERROR:gles2_cmd_decoder.cc(3852)] [.ChromiumCompositor-0xacbb2fc0]GL ERROR :GL_INVALID_ENUM : glDiscardFramebufferEXT: attachments was GL_COLOR_EXT
06-28 13:23:19.673 28974 29019 E chromium: [ERROR:gles2_cmd_decoder.cc(3852)] [.ChromiumCompositor-0xacbb2fc0]GL ERROR :GL_INVALID_ENUM : glDiscardFramebufferEXT: attachments was GL_COLOR_EXT
06-28 13:23:19.690 28974 29019 E chromium: [ERROR:gles2_cmd_decoder.cc(3852)] [.ChromiumCompositor-0xacbb2fc0]GL ERROR :GL_INVALID_ENUM : glDiscardFramebufferEXT: attachments was GL_COLOR_EXT
06-28 13:23:19.707 28974 29019 E chromium: [ERROR:gles2_cmd_decoder.cc(3852)] [.ChromiumCompositor-0xacbb2fc0]GL ERROR :GL_INVALID_ENUM : glDiscardFramebufferEXT: attachments was GL_COLOR_EXT
06-28 13:23:19.730 28974 29019 E chromium: [ERROR:gles2_cmd_decoder.cc(3852)] [.ChromiumCompositor-0xacbb2fc0]GL ERROR :GL_INVALID_ENUM : glDiscardFramebufferEXT: attachments was GL_COLOR_EXT
06-28 13:23:19.751 28974 29019 E chromium: [ERROR:gles2_cmd_decoder.cc(3852)] [.ChromiumCompositor-0xacbb2fc0]GL ERROR :GL_INVALID_ENUM : glDiscardFramebufferEXT: attachments was GL_COLOR_EXT
06-28 13:23:19.759 29040 29053 E WPROF   : {"Javascript": {"url": "https://3p.ampproject.net/1498506512561/f.js", "requestTime": 17276.814670}}
06-28 13:23:19.763 28974 29019 E chromium: [ERROR:gles2_cmd_decoder.cc(3852)] [.ChromiumCompositor-0xacbb2fc0]GL ERROR :GL_INVALID_ENUM : glDiscardFramebufferEXT: attachments was GL_COLOR_EXT
06-28 13:23:19.775 28974 29019 E chromium: [ERROR:gles2_cmd_decoder.cc(3852)] [.ChromiumCompositor-0xacbb2fc0]GL ERROR :GL_INVALID_ENUM : glDiscardFramebufferEXT: attachments was GL_COLOR_EXT
06-28 13:23:19.789 28974 29019 E chromium: [ERROR:gles2_cmd_decoder.cc(3852)] [.ChromiumCompositor-0xacbb2fc0]GL ERROR :GL_INVALID_ENUM : glDiscardFramebufferEXT: attachments was GL_COLOR_EXT
06-28 13:23:19.808 28974 29019 E chromium: [ERROR:gles2_cmd_decoder.cc(3852)] [.ChromiumCompositor-0xacbb2fc0]GL ERROR :GL_INVALID_ENUM : glDiscardFramebufferEXT: attachments was GL_COLOR_EXT
06-28 13:23:19.822 28974 29019 E chromium: [ERROR:gles2_cmd_decoder.cc(3852)] [.ChromiumCompositor-0xacbb2fc0]GL ERROR :GL_INVALID_ENUM : glDiscardFramebufferEXT: attachments was GL_COLOR_EXT
06-28 13:23:19.840 28974 29019 E chromium: [ERROR:gles2_cmd_decoder.cc(3852)] [.ChromiumCompositor-0xacbb2fc0]GL ERROR :GL_INVALID_ENUM : glDiscardFramebufferEXT: attachments was GL_COLOR_EXT
06-28 13:23:19.854 28974 29019 E chromium: [ERROR:gles2_cmd_decoder.cc(3852)] [.ChromiumCompositor-0xacbb2fc0]GL ERROR :GL_INVALID_ENUM : glDiscardFramebufferEXT: attachments was GL_COLOR_EXT
06-28 13:23:19.871 28974 29019 E chromium: [ERROR:gles2_cmd_decoder.cc(3852)] [.ChromiumCompositor-0xacbb2fc0]GL ERROR :GL_INVALID_ENUM : glDiscardFramebufferEXT: attachments was GL_COLOR_EXT
06-28 13:23:19.892 28974 29019 E chromium: [ERROR:gles2_cmd_decoder.cc(3852)] [.ChromiumCompositor-0xacbb2fc0]GL ERROR :GL_INVALID_ENUM : glDiscardFramebufferEXT: attachments was GL_COLOR_EXT
06-28 13:23:19.909 28974 29019 E chromium: [ERROR:gles2_cmd_decoder.cc(3852)] [.ChromiumCompositor-0xacbb2fc0]GL ERROR :GL_INVALID_ENUM : glDiscardFramebufferEXT: attachments was GL_COLOR_EXT
06-28 13:23:19.928 28974 29019 E chromium: [ERROR:gles2_cmd_decoder.cc(3852)] [.ChromiumCompositor-0xacbb2fc0]GL ERROR :GL_INVALID_ENUM : glDiscardFramebufferEXT: attachments was GL_COLOR_EXT
06-28 13:23:19.940 28974 29019 E chromium: [ERROR:gles2_cmd_decoder.cc(3852)] [.ChromiumCompositor-0xacbb2fc0]GL ERROR :GL_INVALID_ENUM : glDiscardFramebufferEXT: attachments was GL_COLOR_EXT
06-28 13:23:19.967 28974 29019 E chromium: [ERROR:gles2_cmd_decoder.cc(3852)] [.ChromiumCompositor-0xacbb2fc0]GL ERROR :GL_INVALID_ENUM : glDiscardFramebufferEXT: attachments was GL_COLOR_EXT
06-28 13:23:19.979 28974 29019 E chromium: [ERROR:gles2_cmd_decoder.cc(3852)] [.ChromiumCompositor-0xacbb2fc0]GL ERROR :GL_INVALID_ENUM : glDiscardFramebufferEXT: attachments was GL_COLOR_EXT
06-28 13:23:19.994 28974 29019 E chromium: [ERROR:gles2_cmd_decoder.cc(3852)] [.ChromiumCompositor-0xacbb2fc0]GL ERROR :GL_INVALID_ENUM : glDiscardFramebufferEXT: attachments was GL_COLOR_EXT
06-28 13:23:20.009 28974 29019 E chromium: [ERROR:gles2_cmd_decoder.cc(3852)] [.ChromiumCompositor-0xacbb2fc0]GL ERROR :GL_INVALID_ENUM : glDiscardFramebufferEXT: attachments was GL_COLOR_EXT
06-28 13:23:20.028 28974 29019 E chromium: [ERROR:gles2_cmd_decoder.cc(3852)] [.ChromiumCompositor-0xacbb2fc0]GL ERROR :GL_INVALID_ENUM : glDiscardFramebufferEXT: attachments was GL_COLOR_EXT
06-28 13:23:20.042 28974 29019 E chromium: [ERROR:gles2_cmd_decoder.cc(3852)] [.ChromiumCompositor-0xacbb2fc0]GL ERROR :GL_INVALID_ENUM : glDiscardFramebufferEXT: attachments was GL_COLOR_EXT
06-28 13:23:20.058 28974 29019 E chromium: [ERROR:gles2_cmd_decoder.cc(3852)] [.ChromiumCompositor-0xacbb2fc0]GL ERROR :GL_INVALID_ENUM : glDiscardFramebufferEXT: attachments was GL_COLOR_EXT
06-28 13:23:20.075 28974 29019 E chromium: [ERROR:gles2_cmd_decoder.cc(3852)] [.ChromiumCompositor-0xacbb2fc0]GL ERROR :GL_INVALID_ENUM : glDiscardFramebufferEXT: attachments was GL_COLOR_EXT
06-28 13:23:20.091 28974 29019 E chromium: [ERROR:gles2_cmd_decoder.cc(3852)] [.ChromiumCompositor-0xacbb2fc0]GL ERROR :GL_INVALID_ENUM : glDiscardFramebufferEXT: attachments was GL_COLOR_EXT
06-28 13:23:20.112 28974 29019 E chromium: [ERROR:gles2_cmd_decoder.cc(3852)] [.ChromiumCompositor-0xacbb2fc0]GL ERROR :GL_INVALID_ENUM : glDiscardFramebufferEXT: attachments was GL_COLOR_EXT
06-28 13:23:20.129 28974 29019 E chromium: [ERROR:gles2_cmd_decoder.cc(3852)] [.ChromiumCompositor-0xacbb2fc0]GL ERROR :GL_INVALID_ENUM : glDiscardFramebufferEXT: attachments was GL_COLOR_EXT
06-28 13:23:20.142 28974 29019 E chromium: [ERROR:gles2_cmd_decoder.cc(3852)] [.ChromiumCompositor-0xacbb2fc0]GL ERROR :GL_INVALID_ENUM : glDiscardFramebufferEXT: attachments was GL_COLOR_EXT
06-28 13:23:20.158 28974 29019 E chromium: [ERROR:gles2_cmd_decoder.cc(3852)] [.ChromiumCompositor-0xacbb2fc0]GL ERROR :GL_INVALID_ENUM : glDiscardFramebufferEXT: attachments was GL_COLOR_EXT
06-28 13:23:20.180 28974 29019 E chromium: [ERROR:gles2_cmd_decoder.cc(3852)] [.ChromiumCompositor-0xacbb2fc0]GL ERROR :GL_INVALID_ENUM : glDiscardFramebufferEXT: attachments was GL_COLOR_EXT
06-28 13:23:20.194 28974 29019 E chromium: [ERROR:gles2_cmd_decoder.cc(3852)] [.ChromiumCompositor-0xacbb2fc0]GL ERROR :GL_INVALID_ENUM : glDiscardFramebufferEXT: attachments was GL_COLOR_EXT
06-28 13:23:20.206 28974 29019 E chromium: [ERROR:gles2_cmd_decoder.cc(3852)] [.ChromiumCompositor-0xacbb2fc0]GL ERROR :GL_INVALID_ENUM : glDiscardFramebufferEXT: attachments was GL_COLOR_EXT
06-28 13:23:20.223 28974 29019 E chromium: [ERROR:gles2_cmd_decoder.cc(3852)] [.ChromiumCompositor-0xacbb2fc0]GL ERROR :GL_INVALID_ENUM : glDiscardFramebufferEXT: attachments was GL_COLOR_EXT
06-28 13:23:20.240 28974 29019 E chromium: [ERROR:gles2_cmd_decoder.cc(3852)] [.ChromiumCompositor-0xacbb2fc0]GL ERROR :GL_INVALID_ENUM : glDiscardFramebufferEXT: attachments was GL_COLOR_EXT
06-28 13:23:20.257 28974 29019 E chromium: [ERROR:gles2_cmd_decoder.cc(3852)] [.ChromiumCompositor-0xacbb2fc0]GL ERROR :GL_INVALID_ENUM : glDiscardFramebufferEXT: attachments was GL_COLOR_EXT
06-28 13:23:20.271 29040 29053 E WPROF   : {"Javascript": {"url": "https://securepubads.g.doubleclick.net/static/glade.js", "requestTime": 17277.326591}}
06-28 13:23:20.273 28974 29019 E chromium: [ERROR:gles2_cmd_decoder.cc(3852)] [.ChromiumCompositor-0xacbb2fc0]GL ERROR :GL_INVALID_ENUM : glDiscardFramebufferEXT: attachments was GL_COLOR_EXT
06-28 13:23:20.290 28974 29019 E chromium: [ERROR:gles2_cmd_decoder.cc(3852)] [.ChromiumCompositor-0xacbb2fc0]GL ERROR :GL_INVALID_ENUM : glDiscardFramebufferEXT: attachments was GL_COLOR_EXT
06-28 13:23:20.306 28974 29019 E chromium: [ERROR:gles2_cmd_decoder.cc(3852)] [.ChromiumCompositor-0xacbb2fc0]GL ERROR :GL_INVALID_ENUM : glDiscardFramebufferEXT: attachments was GL_COLOR_EXT
06-28 13:23:20.333 28974 29019 E chromium: [ERROR:gles2_cmd_decoder.cc(3852)] [.ChromiumCompositor-0xacbb2fc0]GL ERROR :GL_INVALID_ENUM : glDiscardFramebufferEXT: attachments was GL_COLOR_EXT
06-28 13:23:20.347 28974 29019 E chromium: [ERROR:gles2_cmd_decoder.cc(3852)] [.ChromiumCompositor-0xacbb2fc0]GL ERROR :GL_INVALID_ENUM : glDiscardFramebufferEXT: attachments was GL_COLOR_EXT
06-28 13:23:20.356 28974 29019 E chromium: [ERROR:gles2_cmd_decoder.cc(3852)] [.ChromiumCompositor-0xacbb2fc0]GL ERROR :GL_INVALID_ENUM : glDiscardFramebufferEXT: attachments was GL_COLOR_EXT
06-28 13:23:20.373 28974 29019 E chromium: [ERROR:gles2_cmd_decoder.cc(3852)] [.ChromiumCompositor-0xacbb2fc0]GL ERROR :GL_INVALID_ENUM : glDiscardFramebufferEXT: attachments was GL_COLOR_EXT
06-28 13:23:20.398 28974 29019 E chromium: [ERROR:gles2_cmd_decoder.cc(3852)] [.ChromiumCompositor-0xacbb2fc0]GL ERROR :GL_INVALID_ENUM : glDiscardFramebufferEXT: attachments was GL_COLOR_EXT
06-28 13:23:20.407 28974 29019 E chromium: [ERROR:gles2_cmd_decoder.cc(3852)] [.ChromiumCompositor-0xacbb2fc0]GL ERROR :GL_INVALID_ENUM : glDiscardFramebufferEXT: attachments was GL_COLOR_EXT
06-28 13:23:20.425 28974 29019 E chromium: [ERROR:gles2_cmd_decoder.cc(3852)] [.ChromiumCompositor-0xacbb2fc0]GL ERROR :GL_INVALID_ENUM : glDiscardFramebufferEXT: attachments was GL_COLOR_EXT
06-28 13:23:20.442 28974 29019 E chromium: [ERROR:gles2_cmd_decoder.cc(3852)] [.ChromiumCompositor-0xacbb2fc0]GL ERROR :GL_INVALID_ENUM : glDiscardFramebufferEXT: attachments was GL_COLOR_EXT
06-28 13:23:20.460 28974 29019 E chromium: [ERROR:gles2_cmd_decoder.cc(3852)] [.ChromiumCompositor-0xacbb2fc0]GL ERROR :GL_INVALID_ENUM : glDiscardFramebufferEXT: attachments was GL_COLOR_EXT
06-28 13:23:20.478 28974 29019 E chromium: [ERROR:gles2_cmd_decoder.cc(3852)] [.ChromiumCompositor-0xacbb2fc0]GL ERROR :GL_INVALID_ENUM : glDiscardFramebufferEXT: attachments was GL_COLOR_EXT
06-28 13:23:20.497 28974 29019 E chromium: [ERROR:gles2_cmd_decoder.cc(3852)] [.ChromiumCompositor-0xacbb2fc0]GL ERROR :GL_INVALID_ENUM : glDiscardFramebufferEXT: attachments was GL_COLOR_EXT
06-28 13:23:20.514 28974 29019 E chromium: [ERROR:gles2_cmd_decoder.cc(3852)] [.ChromiumCompositor-0xacbb2fc0]GL ERROR :GL_INVALID_ENUM : glDiscardFramebufferEXT: attachments was GL_COLOR_EXT
06-28 13:23:20.527 28974 29019 E chromium: [ERROR:gles2_cmd_decoder.cc(3852)] [.ChromiumCompositor-0xacbb2fc0]GL ERROR :GL_INVALID_ENUM : glDiscardFramebufferEXT: attachments was GL_COLOR_EXT
06-28 13:23:20.543 28974 29019 E chromium: [ERROR:gles2_cmd_decoder.cc(3852)] [.ChromiumCompositor-0xacbb2fc0]GL ERROR :GL_INVALID_ENUM : glDiscardFramebufferEXT: attachments was GL_COLOR_EXT
06-28 13:23:20.561 28974 29019 E chromium: [ERROR:gles2_cmd_decoder.cc(3852)] [.ChromiumCompositor-0xacbb2fc0]GL ERROR :GL_INVALID_ENUM : glDiscardFramebufferEXT: attachments was GL_COLOR_EXT
06-28 13:23:20.577 28974 29019 E chromium: [ERROR:gles2_cmd_decoder.cc(3852)] [.ChromiumCompositor-0xacbb2fc0]GL ERROR :GL_INVALID_ENUM : glDiscardFramebufferEXT: attachments was GL_COLOR_EXT
06-28 13:23:20.594 28974 29019 E chromium: [ERROR:gles2_cmd_decoder.cc(3852)] [.ChromiumCompositor-0xacbb2fc0]GL ERROR :GL_INVALID_ENUM : glDiscardFramebufferEXT: attachments was GL_COLOR_EXT
06-28 13:23:20.611 28974 29019 E chromium: [ERROR:gles2_cmd_decoder.cc(3852)] [.ChromiumCompositor-0xacbb2fc0]GL ERROR :GL_INVALID_ENUM : glDiscardFramebufferEXT: attachments was GL_COLOR_EXT
06-28 13:23:20.629 28974 29019 E chromium: [ERROR:gles2_cmd_decoder.cc(3852)] [.ChromiumCompositor-0xacbb2fc0]GL ERROR :GL_INVALID_ENUM : glDiscardFramebufferEXT: attachments was GL_COLOR_EXT
06-28 13:23:20.661 28974 29019 E chromium: [ERROR:gles2_cmd_decoder.cc(3852)] [.ChromiumCompositor-0xacbb2fc0]GL ERROR :GL_INVALID_ENUM : glDiscardFramebufferEXT: attachments was GL_COLOR_EXT
06-28 13:23:20.693 28974 29019 E chromium: [ERROR:gles2_cmd_decoder.cc(3852)] [.ChromiumCompositor-0xacbb2fc0]GL ERROR :GL_INVALID_ENUM : glDiscardFramebufferEXT: attachments was GL_COLOR_EXT
06-28 13:23:20.698 28974 29019 E chromium: [ERROR:gles2_cmd_decoder.cc(3852)] [.ChromiumCompositor-0xacbb2fc0]GL ERROR :GL_INVALID_ENUM : glDiscardFramebufferEXT: attachments was GL_COLOR_EXT
06-28 13:23:20.709 28974 29019 E chromium: [ERROR:gles2_cmd_decoder.cc(3852)] [.ChromiumCompositor-0xacbb2fc0]GL ERROR :GL_INVALID_ENUM : glDiscardFramebufferEXT: attachments was GL_COLOR_EXT
06-28 13:23:20.726 28974 29019 E chromium: [ERROR:gles2_cmd_decoder.cc(3852)] [.ChromiumCompositor-0xacbb2fc0]GL ERROR :GL_INVALID_ENUM : glDiscardFramebufferEXT: attachments was GL_COLOR_EXT
06-28 13:23:20.752 28974 29019 E chromium: [ERROR:gles2_cmd_decoder.cc(3852)] [.ChromiumCompositor-0xacbb2fc0]GL ERROR :GL_INVALID_ENUM : glDiscardFramebufferEXT: attachments was GL_COLOR_EXT
06-28 13:23:20.757 29040 29053 E WPROF   : {"Javascript": {"url": "https://securepubads.g.doubleclick.net/static/glade/extra_25.js", "requestTime": 17277.812356}}
06-28 13:23:20.767 28974 29019 E chromium: [ERROR:gles2_cmd_decoder.cc(3852)] [.ChromiumCompositor-0xacbb2fc0]GL ERROR :GL_INVALID_ENUM : glDiscardFramebufferEXT: attachments was GL_COLOR_EXT
06-28 13:23:20.779 28974 29019 E chromium: [ERROR:gles2_cmd_decoder.cc(3852)] [.ChromiumCompositor-0xacbb2fc0]GL ERROR :GL_INVALID_ENUM : glDiscardFramebufferEXT: attachments was GL_COLOR_EXT
06-28 13:23:20.792 28974 29019 E chromium: [ERROR:gles2_cmd_decoder.cc(3852)] [.ChromiumCompositor-0xacbb2fc0]GL ERROR :GL_INVALID_ENUM : glDiscardFramebufferEXT: attachments was GL_COLOR_EXT
06-28 13:23:20.809 28974 29019 E chromium: [ERROR:gles2_cmd_decoder.cc(3852)] [.ChromiumCompositor-0xacbb2fc0]GL ERROR :GL_INVALID_ENUM : glDiscardFramebufferEXT: attachments was GL_COLOR_EXT
06-28 13:23:20.827 28974 29019 E chromium: [ERROR:gles2_cmd_decoder.cc(3852)] [.ChromiumCompositor-0xacbb2fc0]GL ERROR :GL_INVALID_ENUM : glDiscardFramebufferEXT: attachments was GL_COLOR_EXT
06-28 13:23:20.845 28974 29019 E chromium: [ERROR:gles2_cmd_decoder.cc(3852)] [.ChromiumCompositor-0xacbb2fc0]GL ERROR :GL_INVALID_ENUM : glDiscardFramebufferEXT: attachments was GL_COLOR_EXT
06-28 13:23:20.861 28974 29019 E chromium: [ERROR:gles2_cmd_decoder.cc(3852)] [.ChromiumCompositor-0xacbb2fc0]GL ERROR :GL_INVALID_ENUM : glDiscardFramebufferEXT: attachments was GL_COLOR_EXT
06-28 13:23:20.884 28974 29019 E chromium: [ERROR:gles2_cmd_decoder.cc(3852)] [.ChromiumCompositor-0xacbb2fc0]GL ERROR :GL_INVALID_ENUM : glDiscardFramebufferEXT: attachments was GL_COLOR_EXT
06-28 13:23:20.902 28974 29019 E chromium: [ERROR:gles2_cmd_decoder.cc(3852)] [.ChromiumCompositor-0xacbb2fc0]GL ERROR :GL_INVALID_ENUM : glDiscardFramebufferEXT: attachments was GL_COLOR_EXT
06-28 13:23:20.916 28974 29019 E chromium: [ERROR:gles2_cmd_decoder.cc(3852)] [.ChromiumCompositor-0xacbb2fc0]GL ERROR :GL_INVALID_ENUM : glDiscardFramebufferEXT: attachments was GL_COLOR_EXT
06-28 13:23:20.932 28974 29019 E chromium: [ERROR:gles2_cmd_decoder.cc(3852)] [.ChromiumCompositor-0xacbb2fc0]GL ERROR :GL_INVALID_ENUM : glDiscardFramebufferEXT: attachments was GL_COLOR_EXT
06-28 13:23:20.944 28974 29019 E chromium: [ERROR:gles2_cmd_decoder.cc(3852)] [.ChromiumCompositor-0xacbb2fc0]GL ERROR :GL_INVALID_ENUM : glDiscardFramebufferEXT: attachments was GL_COLOR_EXT
06-28 13:23:20.960 28974 29019 E chromium: [ERROR:gles2_cmd_decoder.cc(3852)] [.ChromiumCompositor-0xacbb2fc0]GL ERROR :GL_INVALID_ENUM : glDiscardFramebufferEXT: attachments was GL_COLOR_EXT
06-28 13:23:20.981 28974 29019 E chromium: [ERROR:gles2_cmd_decoder.cc(3852)] [.ChromiumCompositor-0xacbb2fc0]GL ERROR :GL_INVALID_ENUM : glDiscardFramebufferEXT: attachments was GL_COLOR_EXT
06-28 13:23:21.001 29040 29053 E WPROF   : {"Javascript": {"url": "https://tpc.googlesyndication.com/pagead/js/r20170619/r20110914/client/ext/m_window_focus_non_hydra.js", "requestTime": 17278.056275}}
06-28 13:23:21.006 29040 29053 E WPROF   : {"Javascript": {"url": "https://tpc.googlesyndication.com/pagead/js/r20170619/r20110914/activeview/osd_listener.js", "requestTime": 17278.061847}}
06-28 13:23:21.007 28974 29019 E chromium: [ERROR:gles2_cmd_decoder.cc(3852)] [.ChromiumCompositor-0xacbb2fc0]GL ERROR :GL_INVALID_ENUM : glDiscardFramebufferEXT: attachments was GL_COLOR_EXT
06-28 13:23:21.028 28974 29019 E chromium: [ERROR:gles2_cmd_decoder.cc(3852)] [.ChromiumCompositor-0xacbb2fc0]GL ERROR :GL_INVALID_ENUM : glDiscardFramebufferEXT: attachments was GL_COLOR_EXT
06-28 13:23:21.028 29040 29053 E WPROF   : {"Javascript": {"url": "https://pagead2.googlesyndication.com/pagead/osd.js", "requestTime": 17278.084085}}
06-28 13:23:21.033 28974 29019 E chromium: [ERROR:gles2_cmd_decoder.cc(3852)] [.ChromiumCompositor-0xacbb2fc0]GL ERROR :GL_INVALID_ENUM : glDiscardFramebufferEXT: attachments was GL_COLOR_EXT
06-28 13:23:21.046 28974 29019 E chromium: [ERROR:gles2_cmd_decoder.cc(3852)] [.ChromiumCompositor-0xacbb2fc0]GL ERROR :GL_INVALID_ENUM : glDiscardFramebufferEXT: attachments was GL_COLOR_EXT
06-28 13:23:21.059 28974 29019 E chromium: [ERROR:gles2_cmd_decoder.cc(3852)] [.ChromiumCompositor-0xacbb2fc0]GL ERROR :GL_INVALID_ENUM : glDiscardFramebufferEXT: attachments was GL_COLOR_EXT
06-28 13:23:21.076 28974 29019 E chromium: [ERROR:gles2_cmd_decoder.cc(3852)] [.ChromiumCompositor-0xacbb2fc0]GL ERROR :GL_INVALID_ENUM : glDiscardFramebufferEXT: attachments was GL_COLOR_EXT
06-28 13:23:21.092 28974 29019 E chromium: [ERROR:gles2_cmd_decoder.cc(3852)] [.ChromiumCompositor-0xacbb2fc0]GL ERROR :GL_INVALID_ENUM : glDiscardFramebufferEXT: attachments was GL_COLOR_EXT
06-28 13:23:21.113 28974 29019 E chromium: [ERROR:gles2_cmd_decoder.cc(3852)] [.ChromiumCompositor-0xacbb2fc0]GL ERROR :GL_INVALID_ENUM : glDiscardFramebufferEXT: attachments was GL_COLOR_EXT
06-28 13:23:21.131 28974 29019 E chromium: [ERROR:gles2_cmd_decoder.cc(3852)] [.ChromiumCompositor-0xacbb2fc0]GL ERROR :GL_INVALID_ENUM : glDiscardFramebufferEXT: attachments was GL_COLOR_EXT
06-28 13:23:21.227 28974 29019 E chromium: [ERROR:gles2_cmd_decoder.cc(3852)] [.ChromiumCompositor-0xacbb2fc0]GL ERROR :GL_INVALID_ENUM : glDiscardFramebufferEXT: attachments was GL_COLOR_EXT
06-28 13:23:21.243 28974 29019 E chromium: [ERROR:gles2_cmd_decoder.cc(3852)] [.ChromiumCompositor-0xacbb2fc0]GL ERROR :GL_INVALID_ENUM : glDiscardFramebufferEXT: attachments was GL_COLOR_EXT
06-28 13:23:21.252 28974 29019 E chromium: [ERROR:gles2_cmd_decoder.cc(3852)] [.ChromiumCompositor-0xacbb2fc0]GL ERROR :GL_INVALID_ENUM : glDiscardFramebufferEXT: attachments was GL_COLOR_EXT
06-28 13:23:21.268 28974 29019 E chromium: [ERROR:gles2_cmd_decoder.cc(3852)] [.ChromiumCompositor-0xacbb2fc0]GL ERROR :GL_INVALID_ENUM : glDiscardFramebufferEXT: attachments was GL_COLOR_EXT
06-28 13:23:21.280 28974 29019 E chromium: [ERROR:logger.cc(46)] Too many GL errors, not reporting any more for this context. use --disable-gl-error-limit to see all errors.
06-28 13:23:21.627 29040 29053 E WProf.db: {"page": "d-22598853692702998554.ampproject.net_1498506512561_frame.html"}
06-28 13:23:21.627 29040 29053 E WProf.db: {"DOMLoad": 17278.682715}
06-28 13:23:21.627 29040 29053 E WProf.db: {"Resource": {"id": 33, "url": "https://d-22598853692702998554.ampproject.net/1498506512561/frame.html", "sentTime": -1.000000, "len": 375, "from": "0x0", "mimeType": "text/html", "contentLength": -1, "httpStatus": 200, "connId": 347, "connReused": 0, "cached": 0,"requestTime": 17276.433324, "proxyStart": -1, "proxyEnd": -1, "dnsStart": 0, "dnsEnd": 0, "connectStart": 0, "connectEnd": 236, "sendStart": 236, "sendEnd": 237, "receiveHeadersEnd": 332, "sslStart": 62, "sslEnd": 235}}
06-28 13:23:21.627 29040 29053 E WProf.db: {"ReceivedChunk": {"receivedTime": 17276.774880, "len": 375}}
06-28 13:23:21.627 29040 29053 E WProf.db: {"WprofHTMLTag": {"code": "0x9c5ba150", "doc": "https://d-22598853692702998554.ampproject.net/1498506512561/frame.html", "row": 1, "column": 6, "tagName": "head", "time": 17276.813120, "url": "", "pos": 1, "chunkLen": 1, "isStartTag": 1}}
06-28 13:23:21.627 29040 29053 E WProf.db: {"WprofHTMLTag": {"code": "0x9c5ba0f0", "doc": "https://d-22598853692702998554.ampproject.net/1498506512561/frame.html", "row": 2, "column": 22, "tagName": "meta", "time": 17276.813308, "url": "", "pos": 1, "chunkLen": 1, "isStartTag": 1}}
06-28 13:23:21.627 29040 29053 E WProf.db: {"WprofHTMLTag": {"code": "0xaa2b8c30", "doc": "https://d-22598853692702998554.ampproject.net/1498506512561/frame.html", "row": 3, "column": 38, "tagName": "meta", "time": 17276.813458, "url": "", "pos": 1, "chunkLen": 1, "isStartTag": 1}}
06-28 13:23:21.627 29040 29053 E WProf.db: {"WprofHTMLTag": {"code": "0x9eaa4760", "doc": "https://d-22598853692702998554.ampproject.net/1498506512561/frame.html", "row": 4, "column": 59, "tagName": "script", "time": 17276.813657, "url": "https://3p.ampproject.net/1498506512561/f.js", "pos": 1, "chunkLen": 1, "isStartTag": 1}}
06-28 13:23:21.628 29040 29053 E WProf.db: {"WprofHTMLTag": {"code": "0x9eaa4070", "doc": "https://d-22598853692702998554.ampproject.net/1498506512561/frame.html", "row": 4, "column": 68, "tagName": "script", "time": 17276.813999, "url": "", "pos": 1, "chunkLen": 1, "isStartTag": 0}}
06-28 13:23:21.629 29040 29053 E WProf.db: {"WprofHTMLTag": {"code": "0x9c5ba180", "doc": "https://d-22598853692702998554.ampproject.net/1498506512561/frame.html", "row": 5, "column": 7, "tagName": "head", "time": 17277.309821, "url": "", "pos": 1, "chunkLen": 1, "isStartTag": 0}}
06-28 13:23:21.629 29040 29053 E WProf.db: {"WprofHTMLTag": {"code": "0x9c5ba630", "doc": "https://d-22598853692702998554.ampproject.net/1498506512561/frame.html", "row": 6, "column": 23, "tagName": "body", "time": 17277.309846, "url": "", "pos": 1, "chunkLen": 1, "isStartTag": 1}}
06-28 13:23:21.630 29040 29053 E WProf.db: {"WprofHTMLTag": {"code": "0x9c5ba750", "doc": "https://d-22598853692702998554.ampproject.net/1498506512561/frame.html", "row": 7, "column": 69, "tagName": "div", "time": 17277.310063, "url": "", "pos": 1, "chunkLen": 1, "isStartTag": 1}}
06-28 13:23:21.631 29040 29053 E WProf.db: {"WprofHTMLTag": {"code": "0x9c5ba720", "doc": "https://d-22598853692702998554.ampproject.net/1498506512561/frame.html", "row": 8, "column": 10, "tagName": "script", "time": 17277.310454, "url": "", "pos": 1, "chunkLen": 1, "isStartTag": 1}}
06-28 13:23:21.631 29040 29053 E WProf.db: {"WprofHTMLTag": {"code": "0x9c5ba6c0", "doc": "https://d-22598853692702998554.ampproject.net/1498506512561/frame.html", "row": 8, "column": 27, "tagName": "script", "time": 17277.310590, "url": "https://securepubads.g.doubleclick.net/static/glade.js", "pos": 1, "chunkLen": 1, "isStartTag": 0}}
06-28 13:23:21.633 29040 29053 E WProf.db: {"WprofHTMLTag": {"code": "0xaa2b90b0", "doc": "https://d-22598853692702998554.ampproject.net/1498506512561/frame.html", "row": 9, "column": 6, "tagName": "div", "time": 17277.328523, "url": "", "pos": 1, "chunkLen": 1, "isStartTag": 0}}
06-28 13:23:21.633 29040 29053 E WProf.db: {"WprofHTMLTag": {"code": "0xaa2b90e0", "doc": "https://d-22598853692702998554.ampproject.net/1498506512561/frame.html", "row": 10, "column": 8, "tagName": "script", "time": 17277.328553, "url": "", "pos": 1, "chunkLen": 1, "isStartTag": 1}}
06-28 13:23:21.634 29040 29053 E WProf.db: {"WprofHTMLTag": {"code": "0x9c5ba6f0", "doc": "https://d-22598853692702998554.ampproject.net/1498506512561/frame.html", "row": 10, "column": 67, "tagName": "script", "time": 17277.328703, "url": "", "pos": 1, "chunkLen": 1, "isStartTag": 0}}
06-28 13:23:21.635 29040 29053 E WProf.db: {"WprofHTMLTag": {"code": "0xaa2b9110", "doc": "https://d-22598853692702998554.ampproject.net/1498506512561/frame.html", "row": 11, "column": 7, "tagName": "body", "time": 17277.332860, "url": "", "pos": 1, "chunkLen": 1, "isStartTag": 0}}
06-28 13:23:21.636 29040 29053 E WProf.db: {"WprofHTMLTag": {"code": "0xaa2b9140", "doc": "https://d-22598853692702998554.ampproject.net/1498506512561/frame.html", "row": 12, "column": 7, "tagName": "html", "time": 17277.332906, "url": "https://securepubads.g.doubleclick.net/static/glade/extra_25.js", "pos": 1, "chunkLen": 1, "isStartTag": 0}}
06-28 13:23:21.637 29040 29053 E WProf.db: {"Resource": {"id": 34, "url": "https://3p.ampproject.net/1498506512561/f.js", "sentTime": -1.000000, "len": 91779, "from": "0x9eaa4760", "mimeType": "text/javascript", "contentLength": -1, "httpStatus": 200, "connId": 393, "connReused": 0, "cached": 0,"requestTime": 17276.816405, "proxyStart": -1, "proxyEnd": -1, "dnsStart": 24, "dnsEnd": 24, "connectStart": 0, "connectEnd": 277, "sendStart": 277, "sendEnd": 279, "receiveHeadersEnd": 343, "sslStart": 84, "sslEnd": 276}}
06-28 13:23:21.637 29040 29053 E WProf.db: {"ReceivedChunk": {"receivedTime": 17277.165076, "len": 5555}}
06-28 13:23:21.637 29040 29053 E WProf.db: {"ReceivedChunk": {"receivedTime": 17277.172714, "len": 14383}}
06-28 13:23:21.638 29040 29053 E WProf.db: {"ReceivedChunk": {"receivedTime": 17277.174443, "len": 27194}}
06-28 13:23:21.638 29040 29053 E WProf.db: {"ReceivedChunk": {"receivedTime": 17277.175605, "len": 4386}}
06-28 13:23:21.638 29040 29053 E WProf.db: {"ReceivedChunk": {"receivedTime": 17277.176737, "len": 9188}}
06-28 13:23:21.639 29040 29053 E WProf.db: {"ReceivedChunk": {"receivedTime": 17277.181261, "len": 4122}}
06-28 13:23:21.639 29040 29053 E WProf.db: {"ReceivedChunk": {"receivedTime": 17277.221389, "len": 17712}}
06-28 13:23:21.640 29040 29053 E WProf.db: {"ReceivedChunk": {"receivedTime": 17277.229350, "len": 8496}}
06-28 13:23:21.640 29040 29053 E WProf.db: {"ReceivedChunk": {"receivedTime": 17277.229638, "len": 743}}
06-28 13:23:21.641 29040 29053 E WProf.db: {"Resource": {"id": 35, "url": "https://securepubads.g.doubleclick.net/static/glade.js", "sentTime": -1.000000, "len": 19455, "from": "0x9c5ba6c0", "mimeType": "text/javascript", "contentLength": -1, "httpStatus": 200, "connId": 407, "connReused": 0, "cached": 0,"requestTime": 17277.328245, "proxyStart": -1, "proxyEnd": -1, "dnsStart": 5, "dnsEnd": 5, "connectStart": 0, "connectEnd": 252, "sendStart": 252, "sendEnd": 253, "receiveHeadersEnd": 359, "sslStart": 66, "sslEnd": 252}}
06-28 13:23:21.641 29040 29053 E WProf.db: {"ReceivedChunk": {"receivedTime": 17277.697552, "len": 5435}}
06-28 13:23:21.641 29040 29053 E WProf.db: {"ReceivedChunk": {"receivedTime": 17277.703591, "len": 14020}}
06-28 13:23:21.642 29040 29053 E WProf.db: {"Resource": {"id": 36, "url": "https://securepubads.g.doubleclick.net/gampad/ads?gdfp_req=1&glade_req=1&glv=25&output=html&iu=%2F1038259%2FSEL-amp-cube&sz=300x250&sfv=1-0-8&correlator=353206755393536&eid=108809080&adk=2352184609&biw=412&bih=620&adx=56&ady=349&oid=3&u_sd=3.5&ifi=1&is_amp=1&amp_v=1498506512561&nhd=1&url=http%3A%2F%", "sentTime": -1.000000, "len": 20187, "from": "0xaa2b9140", "mimeType": "text/html", "contentLength": -1, "httpStatus": 200, "connId": 407, "connReused": 1, "cached": 0,"requestTime": 17277.800462, "proxyStart": -1, "proxyEnd": -1, "dnsStart": -1, "dnsEnd": -1, "connectStart": 0, "connectEnd": 23, "sendStart": 23, "sendEnd": 24, "receiveHeadersEnd": 154, "sslStart": -1, "sslEnd": -1}}
06-28 13:23:21.642 29040 29053 E WProf.db: {"ReceivedChunk": {"receivedTime": 17277.962852, "len": 4010}}
06-28 13:23:21.642 29040 29053 E WProf.db: {"ReceivedChunk": {"receivedTime": 17278.009954, "len": 6363}}
06-28 13:23:21.642 29040 29053 E WProf.db: {"ReceivedChunk": {"receivedTime": 17278.010658, "len": 9814}}
06-28 13:23:21.642 29040 29053 E WProf.db: {"WprofHTMLTag": {"code": "0x9c5bab70", "doc": "https://securepubads.g.doubleclick.net/gampad/ads?gdfp_req=1&glade_req=1&glv=25&output=html&iu=%2F1038259%2FSEL-amp-cube&sz=300x250&sfv=1-0-8&correlator=353206755393536&eid=108809080&adk=2352184609&biw=412&bih=620&adx=56&ady=349&oid=3&u_sd=3.5&ifi=1&is_amp=1&amp_v=1498506512561&nhd=1&url=http%3A%2F%", "row": 0, "column": 21, "tagName": "html", "time": 17278.021999, "url": "", "pos": 1, "chunkLen": 1, "isStartTag": 1}}
06-28 13:23:21.642 29040 29053 E WProf.db: {"WprofHTMLTag": {"code": "0x9c5bab40", "doc": "https://securepubads.g.doubleclick.net/gampad/ads?gdfp_req=1&glade_req=1&glv=25&output=html&iu=%2F1038259%2FSEL-amp-cube&sz=300x250&sfv=1-0-8&correlator=353206755393536&eid=108809080&adk=2352184609&biw=412&bih=620&adx=56&ady=349&oid=3&u_sd=3.5&ifi=1&is_amp=1&amp_v=1498506512561&nhd=1&url=http%3A%2F%", "row": 0, "column": 27, "tagName": "head", "time": 17278.022269, "url": "", "pos": 1, "chunkLen": 1, "isStartTag": 1}}
06-28 13:23:21.642 29040 29053 E WProf.db: {"WprofHTMLTag": {"code": "0x9c5ba9f0", "doc": "https://securepubads.g.doubleclick.net/gampad/ads?gdfp_req=1&glade_req=1&glv=25&output=html&iu=%2F1038259%2FSEL-amp-cube&sz=300x250&sfv=1-0-8&correlator=353206755393536&eid=108809080&adk=2352184609&biw=412&bih=620&adx=56&ady=349&oid=3&u_sd=3.5&ifi=1&is_amp=1&amp_v=1498506512561&nhd=1&url=http%3A%2F%", "row": 0, "column": 144, "tagName": "meta", "time": 17278.022307, "url": "", "pos": 1, "chunkLen": 1, "isStartTag": 1}}
06-28 13:23:21.643 29040 29053 E WProf.db: {"WprofHTMLTag": {"code": "0x9c5ba7e0", "doc": "https://securepubads.g.doubleclick.net/gampad/ads?gdfp_req=1&glade_req=1&glv=25&output=html&iu=%2F1038259%2FSEL-amp-cube&sz=300x250&sfv=1-0-8&correlator=353206755393536&eid=108809080&adk=2352184609&biw=412&bih=620&adx=56&ady=349&oid=3&u_sd=3.5&ifi=1&is_amp=1&amp_v=1498506512561&nhd=1&url=http%3A%2F%", "row": 0, "column": 152, "tagName": "script", "time": 17278.022664, "url": "", "pos": 1, "chunkLen": 1, "isStartTag": 1}}
06-28 13:23:21.643 29040 29053 E WProf.db: {"WprofHTMLTag": {"code": "0x9c5bab10", "doc": "https://securepubads.g.doubleclick.net/gampad/ads?gdfp_req=1&glade_req=1&glv=25&output=html&iu=%2F1038259%2FSEL-amp-cube&sz=300x250&sfv=1-0-8&correlator=353206755393536&eid=108809080&adk=2352184609&biw=412&bih=620&adx=56&ady=349&oid=3&u_sd=3.5&ifi=1&is_amp=1&amp_v=1498506512561&nhd=1&url=http%3A%2F%", "row": 0, "column": 195, "tagName": "script", "time": 17278.023063, "url": "", "pos": 1, "chunkLen": 1, "isStartTag": 0}}
06-28 13:23:21.643 29040 29053 E WProf.db: {"WprofHTMLTag": {"code": "0xaa2b9170", "doc": "https://securepubads.g.doubleclick.net/gampad/ads?gdfp_req=1&glade_req=1&glv=25&output=html&iu=%2F1038259%2FSEL-amp-cube&sz=300x250&sfv=1-0-8&correlator=353206755393536&eid=108809080&adk=2352184609&biw=412&bih=620&adx=56&ady=349&oid=3&u_sd=3.5&ifi=1&is_amp=1&amp_v=1498506512561&nhd=1&url=http%3A%2F%", "row": 0, "column": 202, "tagName": "style", "time": 17278.023806, "url": "", "pos": 1, "chunkLen": 1, "isStartTag": 1}}
06-28 13:23:21.643 29040 29053 E WProf.db: {"WprofHTMLTag": {"code": "0x9c5ba810", "doc": "https://securepubads.g.doubleclick.net/gampad/ads?gdfp_req=1&glade_req=1&glv=25&output=html&iu=%2F1038259%2FSEL-amp-cube&sz=300x250&sfv=1-0-8&correlator=353206755393536&eid=108809080&adk=2352184609&biw=412&bih=620&adx=56&ady=349&oid=3&u_sd=3.5&ifi=1&is_amp=1&amp_v=1498506512561&nhd=1&url=http%3A%2F%", "row": 0, "column": 230, "tagName": "style", "time": 17278.024093, "url": "", "pos": 1, "chunkLen": 1, "isStartTag": 0}}
06-28 13:23:21.643 29040 29053 E WProf.db: {"WprofHTMLTag": {"code": "0xaa2b9470", "doc": "https://securepubads.g.doubleclick.net/gampad/ads?gdfp_req=1&glade_req=1&glv=25&output=html&iu=%2F1038259%2FSEL-amp-cube&sz=300x250&sfv=1-0-8&correlator=353206755393536&eid=108809080&adk=2352184609&biw=412&bih=620&adx=56&ady=349&oid=3&u_sd=3.5&ifi=1&is_amp=1&amp_v=1498506512561&nhd=1&url=http%3A%2F%", "row": 0, "column": 238, "tagName": "script", "time": 17278.024988, "url": "", "pos": 1, "chunkLen": 1, "isStartTag": 1}}
06-28 13:23:21.643 29040 29053 E WProf.db: {"WprofHTMLTag": {"code": "0xaa2ba3a0", "doc": "https://securepubads.g.doubleclick.net/gampad/ads?gdfp_req=1&glade_req=1&glv=25&output=html&iu=%2F1038259%2FSEL-amp-cube&sz=300x250&sfv=1-0-8&correlator=353206755393536&eid=108809080&adk=2352184609&biw=412&bih=620&adx=56&ady=349&oid=3&u_sd=3.5&ifi=1&is_amp=1&amp_v=1498506512561&nhd=1&url=http%3A%2F%", "row": 0, "column": 8856, "tagName": "script", "time": 17278.025468, "url": "", "pos": 1, "chunkLen": 1, "isStartTag": 0}}
06-28 13:23:21.643 29040 29053 E WProf.db: {"WprofHTMLTag": {"code": "0xaa2ba400", "doc": "https://securepubads.g.doubleclick.net/gampad/ads?gdfp_req=1&glade_req=1&glv=25&output=html&iu=%2F1038259%2FSEL-amp-cube&sz=300x250&sfv=1-0-8&correlator=353206755393536&eid=108809080&adk=2352184609&biw=412&bih=620&adx=56&ady=349&oid=3&u_sd=3.5&ifi=1&is_amp=1&amp_v=1498506512561&nhd=1&url=http%3A%2F%", "row": 0, "column": 8863, "tagName": "head", "time": 17278.038715, "url": "", "pos": 1, "chunkLen": 1, "isStartTag": 0}}
06-28 13:23:21.644 29040 29053 E WProf.db: {"WprofHTMLTag": {"code": "0xaa2ba430", "doc": "https://securepubads.g.doubleclick.net/gampad/ads?gdfp_req=1&glade_req=1&glv=25&output=html&iu=%2F1038259%2FSEL-amp-cube&sz=300x250&sfv=1-0-8&correlator=353206755393536&eid=108809080&adk=2352184609&biw=412&bih=620&adx=56&ady=349&oid=3&u_sd=3.5&ifi=1&is_amp=1&amp_v=1498506512561&nhd=1&url=http%3A%2F%", "row": 0, "column": 8977, "tagName": "body", "time": 17278.038763, "url": "", "pos": 1, "chunkLen": 1, "isStartTag": 1}}
06-28 13:23:21.646 29040 29053 E WProf.db: {"WprofHTMLTag": {"code": "0xaa2ba460", "doc": "https://securepubads.g.doubleclick.net/gampad/ads?gdfp_req=1&glade_req=1&glv=25&output=html&iu=%2F1038259%2FSEL-amp-cube&sz=300x250&sfv=1-0-8&correlator=353206755393536&eid=108809080&adk=2352184609&biw=412&bih=620&adx=56&ady=349&oid=3&u_sd=3.5&ifi=1&is_amp=1&amp_v=1498506512561&nhd=1&url=http%3A%2F%", "row": 0, "column": 9047, "tagName": "div", "time": 17278.040412, "url": "", "pos": 1, "chunkLen": 1, "isStartTag": 1}}
06-28 13:23:21.646 29040 29053 E WProf.db: {"WprofHTMLTag": {"code": "0xaa2ba3d0", "doc": "https://securepubads.g.doubleclick.net/gampad/ads?gdfp_req=1&glade_req=1&glv=25&output=html&iu=%2F1038259%2FSEL-amp-cube&sz=300x250&sfv=1-0-8&correlator=353206755393536&eid=108809080&adk=2352184609&biw=412&bih=620&adx=56&ady=349&oid=3&u_sd=3.5&ifi=1&is_amp=1&amp_v=1498506512561&nhd=1&url=http%3A%2F%", "row": 0, "column": 9055, "tagName": "script", "time": 17278.040587, "url": "", "pos": 1, "chunkLen": 1, "isStartTag": 1}}
06-28 13:23:21.646 29040 29053 E WProf.db: {"WprofHTMLTag": {"code": "0xaa2ba490", "doc": "https://securepubads.g.doubleclick.net/gampad/ads?gdfp_req=1&glade_req=1&glv=25&output=html&iu=%2F1038259%2FSEL-amp-cube&sz=300x250&sfv=1-0-8&correlator=353206755393536&eid=108809080&adk=2352184609&biw=412&bih=620&adx=56&ady=349&oid=3&u_sd=3.5&ifi=1&is_amp=1&amp_v=1498506512561&nhd=1&url=http%3A%2F%", "row": 0, "column": 9428, "tagName": "script", "time": 17278.040761, "url": "", "pos": 1, "chunkLen": 1, "isStartTag": 0}}
06-28 13:23:21.646 29040 29053 E WProf.db: {"WprofHTMLTag": {"code": "0xaa2ba4c0", "doc": "https://securepubads.g.doubleclick.net/gampad/ads?gdfp_req=1&glade_req=1&glv=25&output=html&iu=%2F1038259%2FSEL-amp-cube&sz=300x250&sfv=1-0-8&correlator=353206755393536&eid=108809080&adk=2352184609&biw=412&bih=620&adx=56&ady=349&oid=3&u_sd=3.5&ifi=1&is_amp=1&amp_v=1498506512561&nhd=1&url=http%3A%2F%", "row": 0, "column": 10011, "tagName": "a", "time": 17278.051271, "url": "", "pos": 1, "chunkLen": 1, "isStartTag": 1}}
06-28 13:23:21.647 29040 29053 E WProf.db: {"WprofHTMLTag": {"code": "0xaa2ba550", "doc": "https://securepubads.g.doubleclick.net/gampad/ads?gdfp_req=1&glade_req=1&glv=25&output=html&iu=%2F1038259%2FSEL-amp-cube&sz=300x250&sfv=1-0-8&correlator=353206755393536&eid=108809080&adk=2352184609&biw=412&bih=620&adx=56&ady=349&oid=3&u_sd=3.5&ifi=1&is_amp=1&amp_v=1498506512561&nhd=1&url=http%3A%2F%", "row": 0, "column": 10144, "tagName": "img", "time": 17278.052054, "url": "", "pos": 1, "chunkLen": 1, "isStartTag": 1}}
06-28 13:23:21.647 29040 29053 E WProf.db: {"WprofHTMLTag": {"code": "0xaa2ba4f0", "doc": "https://securepubads.g.doubleclick.net/gampad/ads?gdfp_req=1&glade_req=1&glv=25&output=html&iu=%2F1038259%2FSEL-amp-cube&sz=300x250&sfv=1-0-8&correlator=353206755393536&eid=108809080&adk=2352184609&biw=412&bih=620&adx=56&ady=349&oid=3&u_sd=3.5&ifi=1&is_amp=1&amp_v=1498506512561&nhd=1&url=http%3A%2F%", "row": 0, "column": 10148, "tagName": "a", "time": 17278.055736, "url": "", "pos": 1, "chunkLen": 1, "isStartTag": 0}}
06-28 13:23:21.647 29040 29053 E WProf.db: {"WprofHTMLTag": {"code": "0xaa2ba580", "doc": "https://securepubads.g.doubleclick.net/gampad/ads?gdfp_req=1&glade_req=1&glv=25&output=html&iu=%2F1038259%2FSEL-amp-cube&sz=300x250&sfv=1-0-8&correlator=353206755393536&eid=108809080&adk=2352184609&biw=412&bih=620&adx=56&ady=349&oid=3&u_sd=3.5&ifi=1&is_amp=1&amp_v=1498506512561&nhd=1&url=http%3A%2F%", "row": 0, "column": 10154, "tagName": "div", "time": 17278.055765, "url": "", "pos": 1, "chunkLen": 1, "isStartTag": 0}}
06-28 13:23:21.647 29040 29053 E WProf.db: {"WprofHTMLTag": {"code": "0xaa2ba5b0", "doc": "https://securepubads.g.doubleclick.net/gampad/ads?gdfp_req=1&glade_req=1&glv=25&output=html&iu=%2F1038259%2FSEL-amp-cube&sz=300x250&sfv=1-0-8&correlator=353206755393536&eid=108809080&adk=2352184609&biw=412&bih=620&adx=56&ady=349&oid=3&u_sd=3.5&ifi=1&is_amp=1&amp_v=1498506512561&nhd=1&url=http%3A%2F%", "row": 0, "column": 10277, "tagName": "script", "time": 17278.055785, "url": "https://tpc.googlesyndication.com/pagead/js/r20170619/r20110914/client/ext/m_window_focus_non_hydra.js", "pos": 1, "chunkLen": 1, "isStartTag": 1}}
06-28 13:23:21.648 29040 29053 E WProf.db: {"WprofHTMLTag": {"code": "0xaa2ba5e0", "doc": "https://securepubads.g.doubleclick.net/gampad/ads?gdfp_req=1&glade_req=1&glv=25&output=html&iu=%2F1038259%2FSEL-amp-cube&sz=300x250&sfv=1-0-8&correlator=353206755393536&eid=108809080&adk=2352184609&biw=412&bih=620&adx=56&ady=349&oid=3&u_sd=3.5&ifi=1&is_amp=1&amp_v=1498506512561&nhd=1&url=http%3A%2F%", "row": 0, "column": 10286, "tagName": "script", "time": 17278.056038, "url": "", "pos": 1, "chunkLen": 1, "isStartTag": 0}}
06-28 13:23:21.648 29040 29053 E WProf.db: {"WprofHTMLTag": {"code": "0xb4cc79f0", "doc": "https://securepubads.g.doubleclick.net/gampad/ads?gdfp_req=1&glade_req=1&glv=25&output=html&iu=%2F1038259%2FSEL-amp-cube&sz=300x250&sfv=1-0-8&correlator=353206755393536&eid=108809080&adk=2352184609&biw=412&bih=620&adx=56&ady=349&oid=3&u_sd=3.5&ifi=1&is_amp=1&amp_v=1498506512561&nhd=1&url=http%3A%2F%", "row": 0, "column": 10294, "tagName": "script", "time": 17278.057812, "url": "", "pos": 1, "chunkLen": 1, "isStartTag": 1}}
06-28 13:23:21.648 29040 29053 E WProf.db: {"WprofHTMLTag": {"code": "0xaa2ba640", "doc": "https://securepubads.g.doubleclick.net/gampad/ads?gdfp_req=1&glade_req=1&glv=25&output=html&iu=%2F1038259%2FSEL-amp-cube&sz=300x250&sfv=1-0-8&correlator=353206755393536&eid=108809080&adk=2352184609&biw=412&bih=620&adx=56&ady=349&oid=3&u_sd=3.5&ifi=1&is_amp=1&amp_v=1498506512561&nhd=1&url=http%3A%2F%", "row": 0, "column": 10560, "tagName": "script", "time": 17278.059811, "url": "", "pos": 1, "chunkLen": 1, "isStartTag": 0}}
06-28 13:23:21.650 29040 29053 E WProf.db: {"WprofHTMLTag": {"code": "0xaa2ba670", "doc": "https://securepubads.g.doubleclick.net/gampad/ads?gdfp_req=1&glade_req=1&glv=25&output=html&iu=%2F1038259%2FSEL-amp-cube&sz=300x250&sfv=1-0-8&correlator=353206755393536&eid=108809080&adk=2352184609&biw=412&bih=620&adx=56&ady=349&oid=3&u_sd=3.5&ifi=1&is_amp=1&amp_v=1498506512561&nhd=1&url=http%3A%2F%", "row": 0, "column": 10665, "tagName": "script", "time": 17278.061418, "url": "https://tpc.googlesyndication.com/pagead/js/r20170619/r20110914/activeview/osd_listener.js", "pos": 1, "chunkLen": 1, "isStartTag": 1}}
