06-28 13:26:11.634 29934 29947 E WProf.db: {"Computation": {"type": "execScript", "code": "0x9e9bbea0", "docUrl": "https://searchengineland-com.cdn.ampproject.org/c/searchengineland.com/bing-launches-bots-local-businesses-275555/amp", "startTime": 17448.474190, "endTime": 17448.498418, "urlRecalcStyle": "https://cdn.ampproject.org/rtv/011498506512561/v0/amp-crypto-polyfill-0.1.js"}}
06-28 13:26:11.634 29934 29947 E WProf.db: {"Computation": {"type": "fireEvent", "code": "0x9e9bbea0", "docUrl": "https://searchengineland-com.cdn.ampproject.org/c/searchengineland.com/bing-launches-bots-local-businesses-275555/amp", "startTime": 17448.498507, "endTime": 17448.498576, "urlRecalcStyle": "load"}}
06-28 13:26:11.634 29934 29947 E WProf.db: {"Computation": {"type": "fireEvent", "code": "0x9e9bbea0", "docUrl": "https://searchengineland-com.cdn.ampproject.org/c/searchengineland.com/bing-launches-bots-local-businesses-275555/amp", "startTime": 17448.498635, "endTime": 17448.498687, "urlRecalcStyle": "load"}}
06-28 13:26:11.634 29934 29947 E WProf.db: {"Computation": {"type": "layout", "code": "0x9e9bbea0", "docUrl": "https://searchengineland-com.cdn.ampproject.org/c/searchengineland.com/bing-launches-bots-local-businesses-275555/amp", "startTime": 17448.599363, "endTime": 17448.600953, "urlRecalcStyle": ""}}
06-28 13:26:11.634 29934 29947 E WProf.db: {"Complete": "searchengineland-com.cdn.ampproject.org_c_searchengineland.com_bing-launches-bots-local-businesses-275555_amp"}
06-28 13:26:11.659   862  1657 E LocSvc_IzatApiV02: E/virtual int izat_core::IzatApiV02::getBatchSize(int32_t):522]: Error : st = 4, ind.status = -1628389555
06-28 13:26:11.659   862  1657 E LocSvc_IzatApiV02: E/virtual int izat_core::IzatApiV02::getBatchSize(int32_t):535]: get batching size failed.Or modem does not support batching 
06-28 13:26:11.661 29868 29913 E chromium: [ERROR:gles2_cmd_decoder.cc(3852)] [.ChromiumCompositor-0xacbb2fc0]GL ERROR :GL_INVALID_ENUM : glDiscardFramebufferEXT: attachments was GL_COLOR_EXT
06-28 13:26:11.668   862  1657 E LocSvc_IzatApiV02: E/virtual int izat_core::IzatApiV02::getBatchSize(int32_t):522]: Error : st = 4, ind.status = -1628389555
06-28 13:26:11.669   862  1657 E LocSvc_IzatApiV02: E/virtual int izat_core::IzatApiV02::getBatchSize(int32_t):535]: get batching size failed.Or modem does not support batching 
06-28 13:26:11.676 29868 29913 E chromium: [ERROR:gles2_cmd_decoder.cc(3852)] [.ChromiumCompositor-0xacbb2fc0]GL ERROR :GL_INVALID_ENUM : glDiscardFramebufferEXT: attachments was GL_COLOR_EXT
06-28 13:26:11.694 29868 29913 E chromium: [ERROR:gles2_cmd_decoder.cc(3852)] [.ChromiumCompositor-0xacbb2fc0]GL ERROR :GL_INVALID_ENUM : glDiscardFramebufferEXT: attachments was GL_COLOR_EXT
06-28 13:26:11.709 29868 29913 E chromium: [ERROR:gles2_cmd_decoder.cc(3852)] [.ChromiumCompositor-0xacbb2fc0]GL ERROR :GL_INVALID_ENUM : glDiscardFramebufferEXT: attachments was GL_COLOR_EXT
06-28 13:26:11.727 29868 29913 E chromium: [ERROR:gles2_cmd_decoder.cc(3852)] [.ChromiumCompositor-0xacbb2fc0]GL ERROR :GL_INVALID_ENUM : glDiscardFramebufferEXT: attachments was GL_COLOR_EXT
06-28 13:26:11.732 29868 29913 E chromium: [ERROR:gles2_cmd_decoder.cc(3852)] [.ChromiumCompositor-0xacbb2fc0]GL ERROR :GL_INVALID_ENUM : glDiscardFramebufferEXT: attachments was GL_COLOR_EXT
06-28 13:26:11.762 29868 29913 E chromium: [ERROR:gles2_cmd_decoder.cc(3852)] [.ChromiumCompositor-0xacbb2fc0]GL ERROR :GL_INVALID_ENUM : glDiscardFramebufferEXT: attachments was GL_COLOR_EXT
06-28 13:26:11.777 29868 29913 E chromium: [ERROR:gles2_cmd_decoder.cc(3852)] [.ChromiumCompositor-0xacbb2fc0]GL ERROR :GL_INVALID_ENUM : glDiscardFramebufferEXT: attachments was GL_COLOR_EXT
06-28 13:26:11.794 29868 29913 E chromium: [ERROR:gles2_cmd_decoder.cc(3852)] [.ChromiumCompositor-0xacbb2fc0]GL ERROR :GL_INVALID_ENUM : glDiscardFramebufferEXT: attachments was GL_COLOR_EXT
06-28 13:26:11.810 29868 29913 E chromium: [ERROR:gles2_cmd_decoder.cc(3852)] [.ChromiumCompositor-0xacbb2fc0]GL ERROR :GL_INVALID_ENUM : glDiscardFramebufferEXT: attachments was GL_COLOR_EXT
06-28 13:26:11.829 29868 29913 E chromium: [ERROR:gles2_cmd_decoder.cc(3852)] [.ChromiumCompositor-0xacbb2fc0]GL ERROR :GL_INVALID_ENUM : glDiscardFramebufferEXT: attachments was GL_COLOR_EXT
06-28 13:26:11.846 29868 29913 E chromium: [ERROR:gles2_cmd_decoder.cc(3852)] [.ChromiumCompositor-0xacbb2fc0]GL ERROR :GL_INVALID_ENUM : glDiscardFramebufferEXT: attachments was GL_COLOR_EXT
06-28 13:26:11.862 29868 29913 E chromium: [ERROR:gles2_cmd_decoder.cc(3852)] [.ChromiumCompositor-0xacbb2fc0]GL ERROR :GL_INVALID_ENUM : glDiscardFramebufferEXT: attachments was GL_COLOR_EXT
06-28 13:26:11.878 29868 29913 E chromium: [ERROR:gles2_cmd_decoder.cc(3852)] [.ChromiumCompositor-0xacbb2fc0]GL ERROR :GL_INVALID_ENUM : glDiscardFramebufferEXT: attachments was GL_COLOR_EXT
06-28 13:26:11.895 29868 29913 E chromium: [ERROR:gles2_cmd_decoder.cc(3852)] [.ChromiumCompositor-0xacbb2fc0]GL ERROR :GL_INVALID_ENUM : glDiscardFramebufferEXT: attachments was GL_COLOR_EXT
06-28 13:26:11.912 29868 29913 E chromium: [ERROR:gles2_cmd_decoder.cc(3852)] [.ChromiumCompositor-0xacbb2fc0]GL ERROR :GL_INVALID_ENUM : glDiscardFramebufferEXT: attachments was GL_COLOR_EXT
06-28 13:26:11.928 29868 29913 E chromium: [ERROR:gles2_cmd_decoder.cc(3852)] [.ChromiumCompositor-0xacbb2fc0]GL ERROR :GL_INVALID_ENUM : glDiscardFramebufferEXT: attachments was GL_COLOR_EXT
06-28 13:26:11.945 29868 29913 E chromium: [ERROR:gles2_cmd_decoder.cc(3852)] [.ChromiumCompositor-0xacbb2fc0]GL ERROR :GL_INVALID_ENUM : glDiscardFramebufferEXT: attachments was GL_COLOR_EXT
06-28 13:26:11.961 29868 29913 E chromium: [ERROR:gles2_cmd_decoder.cc(3852)] [.ChromiumCompositor-0xacbb2fc0]GL ERROR :GL_INVALID_ENUM : glDiscardFramebufferEXT: attachments was GL_COLOR_EXT
06-28 13:26:11.978 29868 29913 E chromium: [ERROR:gles2_cmd_decoder.cc(3852)] [.ChromiumCompositor-0xacbb2fc0]GL ERROR :GL_INVALID_ENUM : glDiscardFramebufferEXT: attachments was GL_COLOR_EXT
06-28 13:26:11.995 29868 29913 E chromium: [ERROR:gles2_cmd_decoder.cc(3852)] [.ChromiumCompositor-0xacbb2fc0]GL ERROR :GL_INVALID_ENUM : glDiscardFramebufferEXT: attachments was GL_COLOR_EXT
06-28 13:26:12.012 29868 29913 E chromium: [ERROR:gles2_cmd_decoder.cc(3852)] [.ChromiumCompositor-0xacbb2fc0]GL ERROR :GL_INVALID_ENUM : glDiscardFramebufferEXT: attachments was GL_COLOR_EXT
06-28 13:26:12.030 29868 29913 E chromium: [ERROR:gles2_cmd_decoder.cc(3852)] [.ChromiumCompositor-0xacbb2fc0]GL ERROR :GL_INVALID_ENUM : glDiscardFramebufferEXT: attachments was GL_COLOR_EXT
06-28 13:26:12.038 29868 29913 E chromium: [ERROR:gles2_cmd_decoder.cc(3852)] [.ChromiumCompositor-0xacbb2fc0]GL ERROR :GL_INVALID_ENUM : glDiscardFramebufferEXT: attachments was GL_COLOR_EXT
06-28 13:26:12.063 29868 29913 E chromium: [ERROR:gles2_cmd_decoder.cc(3852)] [.ChromiumCompositor-0xacbb2fc0]GL ERROR :GL_INVALID_ENUM : glDiscardFramebufferEXT: attachments was GL_COLOR_EXT
06-28 13:26:12.068 29868 29913 E chromium: [ERROR:gles2_cmd_decoder.cc(3852)] [.ChromiumCompositor-0xacbb2fc0]GL ERROR :GL_INVALID_ENUM : glDiscardFramebufferEXT: attachments was GL_COLOR_EXT
06-28 13:26:12.096 29868 29913 E chromium: [ERROR:gles2_cmd_decoder.cc(3852)] [.ChromiumCompositor-0xacbb2fc0]GL ERROR :GL_INVALID_ENUM : glDiscardFramebufferEXT: attachments was GL_COLOR_EXT
06-28 13:26:12.102 29868 29913 E chromium: [ERROR:gles2_cmd_decoder.cc(3852)] [.ChromiumCompositor-0xacbb2fc0]GL ERROR :GL_INVALID_ENUM : glDiscardFramebufferEXT: attachments was GL_COLOR_EXT
06-28 13:26:12.130 29868 29913 E chromium: [ERROR:gles2_cmd_decoder.cc(3852)] [.ChromiumCompositor-0xacbb2fc0]GL ERROR :GL_INVALID_ENUM : glDiscardFramebufferEXT: attachments was GL_COLOR_EXT
06-28 13:26:12.150 29868 29913 E chromium: [ERROR:gles2_cmd_decoder.cc(3852)] [.ChromiumCompositor-0xacbb2fc0]GL ERROR :GL_INVALID_ENUM : glDiscardFramebufferEXT: attachments was GL_COLOR_EXT
06-28 13:26:12.166 29868 29913 E chromium: [ERROR:gles2_cmd_decoder.cc(3852)] [.ChromiumCompositor-0xacbb2fc0]GL ERROR :GL_INVALID_ENUM : glDiscardFramebufferEXT: attachments was GL_COLOR_EXT
06-28 13:26:12.171 29868 29913 E chromium: [ERROR:gles2_cmd_decoder.cc(3852)] [.ChromiumCompositor-0xacbb2fc0]GL ERROR :GL_INVALID_ENUM : glDiscardFramebufferEXT: attachments was GL_COLOR_EXT
06-28 13:26:12.191 29868 29913 E chromium: [ERROR:gles2_cmd_decoder.cc(3852)] [.ChromiumCompositor-0xacbb2fc0]GL ERROR :GL_INVALID_ENUM : glDiscardFramebufferEXT: attachments was GL_COLOR_EXT
06-28 13:26:12.210 29868 29913 E chromium: [ERROR:gles2_cmd_decoder.cc(3852)] [.ChromiumCompositor-0xacbb2fc0]GL ERROR :GL_INVALID_ENUM : glDiscardFramebufferEXT: attachments was GL_COLOR_EXT
06-28 13:26:12.221 29868 29913 E chromium: [ERROR:gles2_cmd_decoder.cc(3852)] [.ChromiumCompositor-0xacbb2fc0]GL ERROR :GL_INVALID_ENUM : glDiscardFramebufferEXT: attachments was GL_COLOR_EXT
06-28 13:26:12.246 29868 29913 E chromium: [ERROR:gles2_cmd_decoder.cc(3852)] [.ChromiumCompositor-0xacbb2fc0]GL ERROR :GL_INVALID_ENUM : glDiscardFramebufferEXT: attachments was GL_COLOR_EXT
06-28 13:26:12.251 29868 29913 E chromium: [ERROR:gles2_cmd_decoder.cc(3852)] [.ChromiumCompositor-0xacbb2fc0]GL ERROR :GL_INVALID_ENUM : glDiscardFramebufferEXT: attachments was GL_COLOR_EXT
06-28 13:26:12.282 29868 29913 E chromium: [ERROR:gles2_cmd_decoder.cc(3852)] [.ChromiumCompositor-0xacbb2fc0]GL ERROR :GL_INVALID_ENUM : glDiscardFramebufferEXT: attachments was GL_COLOR_EXT
06-28 13:26:12.290 29868 29913 E chromium: [ERROR:gles2_cmd_decoder.cc(3852)] [.ChromiumCompositor-0xacbb2fc0]GL ERROR :GL_INVALID_ENUM : glDiscardFramebufferEXT: attachments was GL_COLOR_EXT
06-28 13:26:12.315 29868 29913 E chromium: [ERROR:gles2_cmd_decoder.cc(3852)] [.ChromiumCompositor-0xacbb2fc0]GL ERROR :GL_INVALID_ENUM : glDiscardFramebufferEXT: attachments was GL_COLOR_EXT
06-28 13:26:12.321 29868 29913 E chromium: [ERROR:gles2_cmd_decoder.cc(3852)] [.ChromiumCompositor-0xacbb2fc0]GL ERROR :GL_INVALID_ENUM : glDiscardFramebufferEXT: attachments was GL_COLOR_EXT
06-28 13:26:12.363 29868 29913 E chromium: [ERROR:gles2_cmd_decoder.cc(3852)] [.ChromiumCompositor-0xacbb2fc0]GL ERROR :GL_INVALID_ENUM : glDiscardFramebufferEXT: attachments was GL_COLOR_EXT
06-28 13:26:12.374 29868 29913 E chromium: [ERROR:gles2_cmd_decoder.cc(3852)] [.ChromiumCompositor-0xacbb2fc0]GL ERROR :GL_INVALID_ENUM : glDiscardFramebufferEXT: attachments was GL_COLOR_EXT
06-28 13:26:12.384 29868 29913 E chromium: [ERROR:gles2_cmd_decoder.cc(3852)] [.ChromiumCompositor-0xacbb2fc0]GL ERROR :GL_INVALID_ENUM : glDiscardFramebufferEXT: attachments was GL_COLOR_EXT
06-28 13:26:12.399 29868 29913 E chromium: [ERROR:gles2_cmd_decoder.cc(3852)] [.ChromiumCompositor-0xacbb2fc0]GL ERROR :GL_INVALID_ENUM : glDiscardFramebufferEXT: attachments was GL_COLOR_EXT
06-28 13:26:12.416 29868 29913 E chromium: [ERROR:gles2_cmd_decoder.cc(3852)] [.ChromiumCompositor-0xacbb2fc0]GL ERROR :GL_INVALID_ENUM : glDiscardFramebufferEXT: attachments was GL_COLOR_EXT
06-28 13:26:12.435 29868 29913 E chromium: [ERROR:gles2_cmd_decoder.cc(3852)] [.ChromiumCompositor-0xacbb2fc0]GL ERROR :GL_INVALID_ENUM : glDiscardFramebufferEXT: attachments was GL_COLOR_EXT
06-28 13:26:12.452 29868 29913 E chromium: [ERROR:gles2_cmd_decoder.cc(3852)] [.ChromiumCompositor-0xacbb2fc0]GL ERROR :GL_INVALID_ENUM : glDiscardFramebufferEXT: attachments was GL_COLOR_EXT
06-28 13:26:12.469 29868 29913 E chromium: [ERROR:gles2_cmd_decoder.cc(3852)] [.ChromiumCompositor-0xacbb2fc0]GL ERROR :GL_INVALID_ENUM : glDiscardFramebufferEXT: attachments was GL_COLOR_EXT
06-28 13:26:12.487 29868 29913 E chromium: [ERROR:gles2_cmd_decoder.cc(3852)] [.ChromiumCompositor-0xacbb2fc0]GL ERROR :GL_INVALID_ENUM : glDiscardFramebufferEXT: attachments was GL_COLOR_EXT
06-28 13:26:12.503 29868 29913 E chromium: [ERROR:gles2_cmd_decoder.cc(3852)] [.ChromiumCompositor-0xacbb2fc0]GL ERROR :GL_INVALID_ENUM : glDiscardFramebufferEXT: attachments was GL_COLOR_EXT
06-28 13:26:12.520 29868 29913 E chromium: [ERROR:gles2_cmd_decoder.cc(3852)] [.ChromiumCompositor-0xacbb2fc0]GL ERROR :GL_INVALID_ENUM : glDiscardFramebufferEXT: attachments was GL_COLOR_EXT
06-28 13:26:12.540 29868 29913 E chromium: [ERROR:gles2_cmd_decoder.cc(3852)] [.ChromiumCompositor-0xacbb2fc0]GL ERROR :GL_INVALID_ENUM : glDiscardFramebufferEXT: attachments was GL_COLOR_EXT
06-28 13:26:12.555 29868 29913 E chromium: [ERROR:gles2_cmd_decoder.cc(3852)] [.ChromiumCompositor-0xacbb2fc0]GL ERROR :GL_INVALID_ENUM : glDiscardFramebufferEXT: attachments was GL_COLOR_EXT
06-28 13:26:12.569 29868 29913 E chromium: [ERROR:gles2_cmd_decoder.cc(3852)] [.ChromiumCompositor-0xacbb2fc0]GL ERROR :GL_INVALID_ENUM : glDiscardFramebufferEXT: attachments was GL_COLOR_EXT
06-28 13:26:12.585 29868 29913 E chromium: [ERROR:gles2_cmd_decoder.cc(3852)] [.ChromiumCompositor-0xacbb2fc0]GL ERROR :GL_INVALID_ENUM : glDiscardFramebufferEXT: attachments was GL_COLOR_EXT
06-28 13:26:12.604 29868 29913 E chromium: [ERROR:gles2_cmd_decoder.cc(3852)] [.ChromiumCompositor-0xacbb2fc0]GL ERROR :GL_INVALID_ENUM : glDiscardFramebufferEXT: attachments was GL_COLOR_EXT
06-28 13:26:12.620 29868 29913 E chromium: [ERROR:gles2_cmd_decoder.cc(3852)] [.ChromiumCompositor-0xacbb2fc0]GL ERROR :GL_INVALID_ENUM : glDiscardFramebufferEXT: attachments was GL_COLOR_EXT
06-28 13:26:12.646 29868 29913 E chromium: [ERROR:gles2_cmd_decoder.cc(3852)] [.ChromiumCompositor-0xacbb2fc0]GL ERROR :GL_INVALID_ENUM : glDiscardFramebufferEXT: attachments was GL_COLOR_EXT
06-28 13:26:12.660 29868 29913 E chromium: [ERROR:gles2_cmd_decoder.cc(3852)] [.ChromiumCompositor-0xacbb2fc0]GL ERROR :GL_INVALID_ENUM : glDiscardFramebufferEXT: attachments was GL_COLOR_EXT
06-28 13:26:12.678 29868 29913 E chromium: [ERROR:gles2_cmd_decoder.cc(3852)] [.ChromiumCompositor-0xacbb2fc0]GL ERROR :GL_INVALID_ENUM : glDiscardFramebufferEXT: attachments was GL_COLOR_EXT
06-28 13:26:12.684 29868 29913 E chromium: [ERROR:gles2_cmd_decoder.cc(3852)] [.ChromiumCompositor-0xacbb2fc0]GL ERROR :GL_INVALID_ENUM : glDiscardFramebufferEXT: attachments was GL_COLOR_EXT
06-28 13:26:12.702 29868 29913 E chromium: [ERROR:gles2_cmd_decoder.cc(3852)] [.ChromiumCompositor-0xacbb2fc0]GL ERROR :GL_INVALID_ENUM : glDiscardFramebufferEXT: attachments was GL_COLOR_EXT
06-28 13:26:12.719 29868 29913 E chromium: [ERROR:gles2_cmd_decoder.cc(3852)] [.ChromiumCompositor-0xacbb2fc0]GL ERROR :GL_INVALID_ENUM : glDiscardFramebufferEXT: attachments was GL_COLOR_EXT
06-28 13:26:12.737 29868 29913 E chromium: [ERROR:gles2_cmd_decoder.cc(3852)] [.ChromiumCompositor-0xacbb2fc0]GL ERROR :GL_INVALID_ENUM : glDiscardFramebufferEXT: attachments was GL_COLOR_EXT
06-28 13:26:12.752 29868 29913 E chromium: [ERROR:gles2_cmd_decoder.cc(3852)] [.ChromiumCompositor-0xacbb2fc0]GL ERROR :GL_INVALID_ENUM : glDiscardFramebufferEXT: attachments was GL_COLOR_EXT
06-28 13:26:12.784 29868 29913 E chromium: [ERROR:gles2_cmd_decoder.cc(3852)] [.ChromiumCompositor-0xacbb2fc0]GL ERROR :GL_INVALID_ENUM : glDiscardFramebufferEXT: attachments was GL_COLOR_EXT
06-28 13:26:12.801 29868 29913 E chromium: [ERROR:gles2_cmd_decoder.cc(3852)] [.ChromiumCompositor-0xacbb2fc0]GL ERROR :GL_INVALID_ENUM : glDiscardFramebufferEXT: attachments was GL_COLOR_EXT
06-28 13:26:12.814 29868 29913 E chromium: [ERROR:gles2_cmd_decoder.cc(3852)] [.ChromiumCompositor-0xacbb2fc0]GL ERROR :GL_INVALID_ENUM : glDiscardFramebufferEXT: attachments was GL_COLOR_EXT
06-28 13:26:12.830 29868 29913 E chromium: [ERROR:gles2_cmd_decoder.cc(3852)] [.ChromiumCompositor-0xacbb2fc0]GL ERROR :GL_INVALID_ENUM : glDiscardFramebufferEXT: attachments was GL_COLOR_EXT
06-28 13:26:12.844 29868 29913 E chromium: [ERROR:gles2_cmd_decoder.cc(3852)] [.ChromiumCompositor-0xacbb2fc0]GL ERROR :GL_INVALID_ENUM : glDiscardFramebufferEXT: attachments was GL_COLOR_EXT
06-28 13:26:12.866 29868 29913 E chromium: [ERROR:gles2_cmd_decoder.cc(3852)] [.ChromiumCompositor-0xacbb2fc0]GL ERROR :GL_INVALID_ENUM : glDiscardFramebufferEXT: attachments was GL_COLOR_EXT
06-28 13:26:12.874 29868 29913 E chromium: [ERROR:gles2_cmd_decoder.cc(3852)] [.ChromiumCompositor-0xacbb2fc0]GL ERROR :GL_INVALID_ENUM : glDiscardFramebufferEXT: attachments was GL_COLOR_EXT
06-28 13:26:12.893 29868 29913 E chromium: [ERROR:gles2_cmd_decoder.cc(3852)] [.ChromiumCompositor-0xacbb2fc0]GL ERROR :GL_INVALID_ENUM : glDiscardFramebufferEXT: attachments was GL_COLOR_EXT
06-28 13:26:12.902 29868 29913 E chromium: [ERROR:gles2_cmd_decoder.cc(3852)] [.ChromiumCompositor-0xacbb2fc0]GL ERROR :GL_INVALID_ENUM : glDiscardFramebufferEXT: attachments was GL_COLOR_EXT
06-28 13:26:12.919 29868 29913 E chromium: [ERROR:gles2_cmd_decoder.cc(3852)] [.ChromiumCompositor-0xacbb2fc0]GL ERROR :GL_INVALID_ENUM : glDiscardFramebufferEXT: attachments was GL_COLOR_EXT
06-28 13:26:12.953 29868 29913 E chromium: [ERROR:gles2_cmd_decoder.cc(3852)] [.ChromiumCompositor-0xacbb2fc0]GL ERROR :GL_INVALID_ENUM : glDiscardFramebufferEXT: attachments was GL_COLOR_EXT
06-28 13:26:12.968 29868 29913 E chromium: [ERROR:gles2_cmd_decoder.cc(3852)] [.ChromiumCompositor-0xacbb2fc0]GL ERROR :GL_INVALID_ENUM : glDiscardFramebufferEXT: attachments was GL_COLOR_EXT
06-28 13:26:12.985 29868 29913 E chromium: [ERROR:gles2_cmd_decoder.cc(3852)] [.ChromiumCompositor-0xacbb2fc0]GL ERROR :GL_INVALID_ENUM : glDiscardFramebufferEXT: attachments was GL_COLOR_EXT
06-28 13:26:12.992 29868 29913 E chromium: [ERROR:gles2_cmd_decoder.cc(3852)] [.ChromiumCompositor-0xacbb2fc0]GL ERROR :GL_INVALID_ENUM : glDiscardFramebufferEXT: attachments was GL_COLOR_EXT
06-28 13:26:13.017 29868 29913 E chromium: [ERROR:gles2_cmd_decoder.cc(3852)] [.ChromiumCompositor-0xacbb2fc0]GL ERROR :GL_INVALID_ENUM : glDiscardFramebufferEXT: attachments was GL_COLOR_EXT
06-28 13:26:13.022 29868 29913 E chromium: [ERROR:gles2_cmd_decoder.cc(3852)] [.ChromiumCompositor-0xacbb2fc0]GL ERROR :GL_INVALID_ENUM : glDiscardFramebufferEXT: attachments was GL_COLOR_EXT
06-28 13:26:13.029 29934 29947 E WPROF   : {"Javascript": {"url": "https://3p.ampproject.net/1498506512561/f.js", "requestTime": 17450.084605}}
06-28 13:26:13.038 29868 29913 E chromium: [ERROR:gles2_cmd_decoder.cc(3852)] [.ChromiumCompositor-0xacbb2fc0]GL ERROR :GL_INVALID_ENUM : glDiscardFramebufferEXT: attachments was GL_COLOR_EXT
06-28 13:26:13.068 29868 29913 E chromium: [ERROR:gles2_cmd_decoder.cc(3852)] [.ChromiumCompositor-0xacbb2fc0]GL ERROR :GL_INVALID_ENUM : glDiscardFramebufferEXT: attachments was GL_COLOR_EXT
06-28 13:26:13.074 29868 29913 E chromium: [ERROR:gles2_cmd_decoder.cc(3852)] [.ChromiumCompositor-0xacbb2fc0]GL ERROR :GL_INVALID_ENUM : glDiscardFramebufferEXT: attachments was GL_COLOR_EXT
06-28 13:26:13.101 29868 29913 E chromium: [ERROR:gles2_cmd_decoder.cc(3852)] [.ChromiumCompositor-0xacbb2fc0]GL ERROR :GL_INVALID_ENUM : glDiscardFramebufferEXT: attachments was GL_COLOR_EXT
06-28 13:26:13.109 29868 29913 E chromium: [ERROR:gles2_cmd_decoder.cc(3852)] [.ChromiumCompositor-0xacbb2fc0]GL ERROR :GL_INVALID_ENUM : glDiscardFramebufferEXT: attachments was GL_COLOR_EXT
06-28 13:26:13.136 29868 29913 E chromium: [ERROR:gles2_cmd_decoder.cc(3852)] [.ChromiumCompositor-0xacbb2fc0]GL ERROR :GL_INVALID_ENUM : glDiscardFramebufferEXT: attachments was GL_COLOR_EXT
06-28 13:26:13.152 29868 29913 E chromium: [ERROR:gles2_cmd_decoder.cc(3852)] [.ChromiumCompositor-0xacbb2fc0]GL ERROR :GL_INVALID_ENUM : glDiscardFramebufferEXT: attachments was GL_COLOR_EXT
06-28 13:26:13.157 29868 29913 E chromium: [ERROR:gles2_cmd_decoder.cc(3852)] [.ChromiumCompositor-0xacbb2fc0]GL ERROR :GL_INVALID_ENUM : glDiscardFramebufferEXT: attachments was GL_COLOR_EXT
06-28 13:26:13.189 29868 29913 E chromium: [ERROR:gles2_cmd_decoder.cc(3852)] [.ChromiumCompositor-0xacbb2fc0]GL ERROR :GL_INVALID_ENUM : glDiscardFramebufferEXT: attachments was GL_COLOR_EXT
06-28 13:26:13.203 29868 29913 E chromium: [ERROR:gles2_cmd_decoder.cc(3852)] [.ChromiumCompositor-0xacbb2fc0]GL ERROR :GL_INVALID_ENUM : glDiscardFramebufferEXT: attachments was GL_COLOR_EXT
06-28 13:26:13.208 29868 29913 E chromium: [ERROR:gles2_cmd_decoder.cc(3852)] [.ChromiumCompositor-0xacbb2fc0]GL ERROR :GL_INVALID_ENUM : glDiscardFramebufferEXT: attachments was GL_COLOR_EXT
06-28 13:26:13.236 29868 29913 E chromium: [ERROR:gles2_cmd_decoder.cc(3852)] [.ChromiumCompositor-0xacbb2fc0]GL ERROR :GL_INVALID_ENUM : glDiscardFramebufferEXT: attachments was GL_COLOR_EXT
06-28 13:26:13.241 29868 29913 E chromium: [ERROR:gles2_cmd_decoder.cc(3852)] [.ChromiumCompositor-0xacbb2fc0]GL ERROR :GL_INVALID_ENUM : glDiscardFramebufferEXT: attachments was GL_COLOR_EXT
06-28 13:26:13.269 29868 29913 E chromium: [ERROR:gles2_cmd_decoder.cc(3852)] [.ChromiumCompositor-0xacbb2fc0]GL ERROR :GL_INVALID_ENUM : glDiscardFramebufferEXT: attachments was GL_COLOR_EXT
06-28 13:26:13.277 29868 29913 E chromium: [ERROR:gles2_cmd_decoder.cc(3852)] [.ChromiumCompositor-0xacbb2fc0]GL ERROR :GL_INVALID_ENUM : glDiscardFramebufferEXT: attachments was GL_COLOR_EXT
06-28 13:26:13.304 29868 29913 E chromium: [ERROR:gles2_cmd_decoder.cc(3852)] [.ChromiumCompositor-0xacbb2fc0]GL ERROR :GL_INVALID_ENUM : glDiscardFramebufferEXT: attachments was GL_COLOR_EXT
06-28 13:26:13.317 29868 29913 E chromium: [ERROR:gles2_cmd_decoder.cc(3852)] [.ChromiumCompositor-0xacbb2fc0]GL ERROR :GL_INVALID_ENUM : glDiscardFramebufferEXT: attachments was GL_COLOR_EXT
06-28 13:26:13.330 29868 29913 E chromium: [ERROR:gles2_cmd_decoder.cc(3852)] [.ChromiumCompositor-0xacbb2fc0]GL ERROR :GL_INVALID_ENUM : glDiscardFramebufferEXT: attachments was GL_COLOR_EXT
06-28 13:26:13.353 29868 29913 E chromium: [ERROR:gles2_cmd_decoder.cc(3852)] [.ChromiumCompositor-0xacbb2fc0]GL ERROR :GL_INVALID_ENUM : glDiscardFramebufferEXT: attachments was GL_COLOR_EXT
06-28 13:26:13.357 29868 29913 E chromium: [ERROR:gles2_cmd_decoder.cc(3852)] [.ChromiumCompositor-0xacbb2fc0]GL ERROR :GL_INVALID_ENUM : glDiscardFramebufferEXT: attachments was GL_COLOR_EXT
06-28 13:26:13.393 29868 29913 E chromium: [ERROR:gles2_cmd_decoder.cc(3852)] [.ChromiumCompositor-0xacbb2fc0]GL ERROR :GL_INVALID_ENUM : glDiscardFramebufferEXT: attachments was GL_COLOR_EXT
06-28 13:26:13.399 29868 29913 E chromium: [ERROR:gles2_cmd_decoder.cc(3852)] [.ChromiumCompositor-0xacbb2fc0]GL ERROR :GL_INVALID_ENUM : glDiscardFramebufferEXT: attachments was GL_COLOR_EXT
06-28 13:26:13.413 29868 29913 E chromium: [ERROR:gles2_cmd_decoder.cc(3852)] [.ChromiumCompositor-0xacbb2fc0]GL ERROR :GL_INVALID_ENUM : glDiscardFramebufferEXT: attachments was GL_COLOR_EXT
06-28 13:26:13.423 29868 29913 E chromium: [ERROR:gles2_cmd_decoder.cc(3852)] [.ChromiumCompositor-0xacbb2fc0]GL ERROR :GL_INVALID_ENUM : glDiscardFramebufferEXT: attachments was GL_COLOR_EXT
06-28 13:26:13.454 29868 29913 E chromium: [ERROR:gles2_cmd_decoder.cc(3852)] [.ChromiumCompositor-0xacbb2fc0]GL ERROR :GL_INVALID_ENUM : glDiscardFramebufferEXT: attachments was GL_COLOR_EXT
06-28 13:26:13.464 29868 29913 E chromium: [ERROR:gles2_cmd_decoder.cc(3852)] [.ChromiumCompositor-0xacbb2fc0]GL ERROR :GL_INVALID_ENUM : glDiscardFramebufferEXT: attachments was GL_COLOR_EXT
06-28 13:26:13.491 29868 29913 E chromium: [ERROR:gles2_cmd_decoder.cc(3852)] [.ChromiumCompositor-0xacbb2fc0]GL ERROR :GL_INVALID_ENUM : glDiscardFramebufferEXT: attachments was GL_COLOR_EXT
06-28 13:26:13.503 29868 29913 E chromium: [ERROR:gles2_cmd_decoder.cc(3852)] [.ChromiumCompositor-0xacbb2fc0]GL ERROR :GL_INVALID_ENUM : glDiscardFramebufferEXT: attachments was GL_COLOR_EXT
06-28 13:26:13.513 29868 29913 E chromium: [ERROR:gles2_cmd_decoder.cc(3852)] [.ChromiumCompositor-0xacbb2fc0]GL ERROR :GL_INVALID_ENUM : glDiscardFramebufferEXT: attachments was GL_COLOR_EXT
06-28 13:26:13.524 29868 29913 E chromium: [ERROR:gles2_cmd_decoder.cc(3852)] [.ChromiumCompositor-0xacbb2fc0]GL ERROR :GL_INVALID_ENUM : glDiscardFramebufferEXT: attachments was GL_COLOR_EXT
06-28 13:26:13.547 29934 29947 E WPROF   : {"Javascript": {"url": "https://securepubads.g.doubleclick.net/static/glade.js", "requestTime": 17450.603145}}
06-28 13:26:13.556 29868 29913 E chromium: [ERROR:gles2_cmd_decoder.cc(3852)] [.ChromiumCompositor-0xacbb2fc0]GL ERROR :GL_INVALID_ENUM : glDiscardFramebufferEXT: attachments was GL_COLOR_EXT
06-28 13:26:13.562 29868 29913 E chromium: [ERROR:gles2_cmd_decoder.cc(3852)] [.ChromiumCompositor-0xacbb2fc0]GL ERROR :GL_INVALID_ENUM : glDiscardFramebufferEXT: attachments was GL_COLOR_EXT
06-28 13:26:13.588 29868 29913 E chromium: [ERROR:gles2_cmd_decoder.cc(3852)] [.ChromiumCompositor-0xacbb2fc0]GL ERROR :GL_INVALID_ENUM : glDiscardFramebufferEXT: attachments was GL_COLOR_EXT
06-28 13:26:13.607 29868 29913 E chromium: [ERROR:gles2_cmd_decoder.cc(3852)] [.ChromiumCompositor-0xacbb2fc0]GL ERROR :GL_INVALID_ENUM : glDiscardFramebufferEXT: attachments was GL_COLOR_EXT
06-28 13:26:13.612 29868 29913 E chromium: [ERROR:gles2_cmd_decoder.cc(3852)] [.ChromiumCompositor-0xacbb2fc0]GL ERROR :GL_INVALID_ENUM : glDiscardFramebufferEXT: attachments was GL_COLOR_EXT
06-28 13:26:13.641 29868 29913 E chromium: [ERROR:gles2_cmd_decoder.cc(3852)] [.ChromiumCompositor-0xacbb2fc0]GL ERROR :GL_INVALID_ENUM : glDiscardFramebufferEXT: attachments was GL_COLOR_EXT
06-28 13:26:13.648 29868 29913 E chromium: [ERROR:gles2_cmd_decoder.cc(3852)] [.ChromiumCompositor-0xacbb2fc0]GL ERROR :GL_INVALID_ENUM : glDiscardFramebufferEXT: attachments was GL_COLOR_EXT
06-28 13:26:13.660 29868 29913 E chromium: [ERROR:gles2_cmd_decoder.cc(3852)] [.ChromiumCompositor-0xacbb2fc0]GL ERROR :GL_INVALID_ENUM : glDiscardFramebufferEXT: attachments was GL_COLOR_EXT
06-28 13:26:13.691 29868 29913 E chromium: [ERROR:gles2_cmd_decoder.cc(3852)] [.ChromiumCompositor-0xacbb2fc0]GL ERROR :GL_INVALID_ENUM : glDiscardFramebufferEXT: attachments was GL_COLOR_EXT
06-28 13:26:13.699 29868 29913 E chromium: [ERROR:gles2_cmd_decoder.cc(3852)] [.ChromiumCompositor-0xacbb2fc0]GL ERROR :GL_INVALID_ENUM : glDiscardFramebufferEXT: attachments was GL_COLOR_EXT
06-28 13:26:13.728 29868 29913 E chromium: [ERROR:gles2_cmd_decoder.cc(3852)] [.ChromiumCompositor-0xacbb2fc0]GL ERROR :GL_INVALID_ENUM : glDiscardFramebufferEXT: attachments was GL_COLOR_EXT
06-28 13:26:13.742 29868 29913 E chromium: [ERROR:gles2_cmd_decoder.cc(3852)] [.ChromiumCompositor-0xacbb2fc0]GL ERROR :GL_INVALID_ENUM : glDiscardFramebufferEXT: attachments was GL_COLOR_EXT
06-28 13:26:13.760 29868 29913 E chromium: [ERROR:gles2_cmd_decoder.cc(3852)] [.ChromiumCompositor-0xacbb2fc0]GL ERROR :GL_INVALID_ENUM : glDiscardFramebufferEXT: attachments was GL_COLOR_EXT
06-28 13:26:13.777 29868 29913 E chromium: [ERROR:gles2_cmd_decoder.cc(3852)] [.ChromiumCompositor-0xacbb2fc0]GL ERROR :GL_INVALID_ENUM : glDiscardFramebufferEXT: attachments was GL_COLOR_EXT
06-28 13:26:13.796 29868 29913 E chromium: [ERROR:gles2_cmd_decoder.cc(3852)] [.ChromiumCompositor-0xacbb2fc0]GL ERROR :GL_INVALID_ENUM : glDiscardFramebufferEXT: attachments was GL_COLOR_EXT
06-28 13:26:13.817 29868 29913 E chromium: [ERROR:gles2_cmd_decoder.cc(3852)] [.ChromiumCompositor-0xacbb2fc0]GL ERROR :GL_INVALID_ENUM : glDiscardFramebufferEXT: attachments was GL_COLOR_EXT
06-28 13:26:13.829 29868 29913 E chromium: [ERROR:gles2_cmd_decoder.cc(3852)] [.ChromiumCompositor-0xacbb2fc0]GL ERROR :GL_INVALID_ENUM : glDiscardFramebufferEXT: attachments was GL_COLOR_EXT
06-28 13:26:13.846 29868 29913 E chromium: [ERROR:gles2_cmd_decoder.cc(3852)] [.ChromiumCompositor-0xacbb2fc0]GL ERROR :GL_INVALID_ENUM : glDiscardFramebufferEXT: attachments was GL_COLOR_EXT
06-28 13:26:13.859 29868 29913 E chromium: [ERROR:gles2_cmd_decoder.cc(3852)] [.ChromiumCompositor-0xacbb2fc0]GL ERROR :GL_INVALID_ENUM : glDiscardFramebufferEXT: attachments was GL_COLOR_EXT
06-28 13:26:13.876 29868 29913 E chromium: [ERROR:gles2_cmd_decoder.cc(3852)] [.ChromiumCompositor-0xacbb2fc0]GL ERROR :GL_INVALID_ENUM : glDiscardFramebufferEXT: attachments was GL_COLOR_EXT
06-28 13:26:13.894 29868 29913 E chromium: [ERROR:gles2_cmd_decoder.cc(3852)] [.ChromiumCompositor-0xacbb2fc0]GL ERROR :GL_INVALID_ENUM : glDiscardFramebufferEXT: attachments was GL_COLOR_EXT
06-28 13:26:13.911 29868 29913 E chromium: [ERROR:gles2_cmd_decoder.cc(3852)] [.ChromiumCompositor-0xacbb2fc0]GL ERROR :GL_INVALID_ENUM : glDiscardFramebufferEXT: attachments was GL_COLOR_EXT
06-28 13:26:13.927 29868 29913 E chromium: [ERROR:gles2_cmd_decoder.cc(3852)] [.ChromiumCompositor-0xacbb2fc0]GL ERROR :GL_INVALID_ENUM : glDiscardFramebufferEXT: attachments was GL_COLOR_EXT
06-28 13:26:13.949 29868 29913 E chromium: [ERROR:gles2_cmd_decoder.cc(3852)] [.ChromiumCompositor-0xacbb2fc0]GL ERROR :GL_INVALID_ENUM : glDiscardFramebufferEXT: attachments was GL_COLOR_EXT
06-28 13:26:13.981 29868 29913 E chromium: [ERROR:gles2_cmd_decoder.cc(3852)] [.ChromiumCompositor-0xacbb2fc0]GL ERROR :GL_INVALID_ENUM : glDiscardFramebufferEXT: attachments was GL_COLOR_EXT
06-28 13:26:13.993 29868 29913 E chromium: [ERROR:gles2_cmd_decoder.cc(3852)] [.ChromiumCompositor-0xacbb2fc0]GL ERROR :GL_INVALID_ENUM : glDiscardFramebufferEXT: attachments was GL_COLOR_EXT
06-28 13:26:14.009 29868 29913 E chromium: [ERROR:gles2_cmd_decoder.cc(3852)] [.ChromiumCompositor-0xacbb2fc0]GL ERROR :GL_INVALID_ENUM : glDiscardFramebufferEXT: attachments was GL_COLOR_EXT
06-28 13:26:14.025 29868 29913 E chromium: [ERROR:gles2_cmd_decoder.cc(3852)] [.ChromiumCompositor-0xacbb2fc0]GL ERROR :GL_INVALID_ENUM : glDiscardFramebufferEXT: attachments was GL_COLOR_EXT
06-28 13:26:14.042 29934 29947 E WPROF   : {"Javascript": {"url": "https://securepubads.g.doubleclick.net/static/glade/extra_25.js", "requestTime": 17451.097417}}
06-28 13:26:14.049 29868 29913 E chromium: [ERROR:gles2_cmd_decoder.cc(3852)] [.ChromiumCompositor-0xacbb2fc0]GL ERROR :GL_INVALID_ENUM : glDiscardFramebufferEXT: attachments was GL_COLOR_EXT
06-28 13:26:14.084 29868 29913 E chromium: [ERROR:gles2_cmd_decoder.cc(3852)] [.ChromiumCompositor-0xacbb2fc0]GL ERROR :GL_INVALID_ENUM : glDiscardFramebufferEXT: attachments was GL_COLOR_EXT
06-28 13:26:14.088 29868 29913 E chromium: [ERROR:gles2_cmd_decoder.cc(3852)] [.ChromiumCompositor-0xacbb2fc0]GL ERROR :GL_INVALID_ENUM : glDiscardFramebufferEXT: attachments was GL_COLOR_EXT
06-28 13:26:14.094 29868 29913 E chromium: [ERROR:gles2_cmd_decoder.cc(3852)] [.ChromiumCompositor-0xacbb2fc0]GL ERROR :GL_INVALID_ENUM : glDiscardFramebufferEXT: attachments was GL_COLOR_EXT
06-28 13:26:14.110 29868 29913 E chromium: [ERROR:gles2_cmd_decoder.cc(3852)] [.ChromiumCompositor-0xacbb2fc0]GL ERROR :GL_INVALID_ENUM : glDiscardFramebufferEXT: attachments was GL_COLOR_EXT
06-28 13:26:14.126 29868 29913 E chromium: [ERROR:gles2_cmd_decoder.cc(3852)] [.ChromiumCompositor-0xacbb2fc0]GL ERROR :GL_INVALID_ENUM : glDiscardFramebufferEXT: attachments was GL_COLOR_EXT
06-28 13:26:14.144 29868 29913 E chromium: [ERROR:gles2_cmd_decoder.cc(3852)] [.ChromiumCompositor-0xacbb2fc0]GL ERROR :GL_INVALID_ENUM : glDiscardFramebufferEXT: attachments was GL_COLOR_EXT
06-28 13:26:14.165 29868 29913 E chromium: [ERROR:gles2_cmd_decoder.cc(3852)] [.ChromiumCompositor-0xacbb2fc0]GL ERROR :GL_INVALID_ENUM : glDiscardFramebufferEXT: attachments was GL_COLOR_EXT
06-28 13:26:14.188 29868 29913 E chromium: [ERROR:gles2_cmd_decoder.cc(3852)] [.ChromiumCompositor-0xacbb2fc0]GL ERROR :GL_INVALID_ENUM : glDiscardFramebufferEXT: attachments was GL_COLOR_EXT
06-28 13:26:14.202 29868 29913 E chromium: [ERROR:gles2_cmd_decoder.cc(3852)] [.ChromiumCompositor-0xacbb2fc0]GL ERROR :GL_INVALID_ENUM : glDiscardFramebufferEXT: attachments was GL_COLOR_EXT
06-28 13:26:14.218 29868 29913 E chromium: [ERROR:gles2_cmd_decoder.cc(3852)] [.ChromiumCompositor-0xacbb2fc0]GL ERROR :GL_INVALID_ENUM : glDiscardFramebufferEXT: attachments was GL_COLOR_EXT
06-28 13:26:14.229 29868 29913 E chromium: [ERROR:gles2_cmd_decoder.cc(3852)] [.ChromiumCompositor-0xacbb2fc0]GL ERROR :GL_INVALID_ENUM : glDiscardFramebufferEXT: attachments was GL_COLOR_EXT
06-28 13:26:14.257 29868 29913 E chromium: [ERROR:gles2_cmd_decoder.cc(3852)] [.ChromiumCompositor-0xacbb2fc0]GL ERROR :GL_INVALID_ENUM : glDiscardFramebufferEXT: attachments was GL_COLOR_EXT
06-28 13:26:14.276 29868 29913 E chromium: [ERROR:gles2_cmd_decoder.cc(3852)] [.ChromiumCompositor-0xacbb2fc0]GL ERROR :GL_INVALID_ENUM : glDiscardFramebufferEXT: attachments was GL_COLOR_EXT
06-28 13:26:14.283 29934 29947 E WPROF   : {"Javascript": {"url": "https://tpc.googlesyndication.com/pagead/js/r20170619/r20110914/client/ext/m_window_focus_non_hydra.js", "requestTime": 17451.338414}}
06-28 13:26:14.285 29934 29947 E WPROF   : {"Javascript": {"url": "https://tpc.googlesyndication.com/pagead/js/r20170619/r20110914/activeview/osd_listener.js", "requestTime": 17451.340259}}
06-28 13:26:14.295 29868 29913 E chromium: [ERROR:gles2_cmd_decoder.cc(3852)] [.ChromiumCompositor-0xacbb2fc0]GL ERROR :GL_INVALID_ENUM : glDiscardFramebufferEXT: attachments was GL_COLOR_EXT
06-28 13:26:14.300 29868 29913 E chromium: [ERROR:gles2_cmd_decoder.cc(3852)] [.ChromiumCompositor-0xacbb2fc0]GL ERROR :GL_INVALID_ENUM : glDiscardFramebufferEXT: attachments was GL_COLOR_EXT
06-28 13:26:14.308 29934 29947 E WPROF   : {"Javascript": {"url": "https://pagead2.googlesyndication.com/pagead/osd.js", "requestTime": 17451.364125}}
06-28 13:26:14.313 29868 29913 E chromium: [ERROR:gles2_cmd_decoder.cc(3852)] [.ChromiumCompositor-0xacbb2fc0]GL ERROR :GL_INVALID_ENUM : glDiscardFramebufferEXT: attachments was GL_COLOR_EXT
06-28 13:26:14.328 29868 29913 E chromium: [ERROR:gles2_cmd_decoder.cc(3852)] [.ChromiumCompositor-0xacbb2fc0]GL ERROR :GL_INVALID_ENUM : glDiscardFramebufferEXT: attachments was GL_COLOR_EXT
06-28 13:26:14.345 29868 29913 E chromium: [ERROR:gles2_cmd_decoder.cc(3852)] [.ChromiumCompositor-0xacbb2fc0]GL ERROR :GL_INVALID_ENUM : glDiscardFramebufferEXT: attachments was GL_COLOR_EXT
06-28 13:26:14.360 29868 29913 E chromium: [ERROR:gles2_cmd_decoder.cc(3852)] [.ChromiumCompositor-0xacbb2fc0]GL ERROR :GL_INVALID_ENUM : glDiscardFramebufferEXT: attachments was GL_COLOR_EXT
06-28 13:26:14.379 29868 29913 E chromium: [ERROR:gles2_cmd_decoder.cc(3852)] [.ChromiumCompositor-0xacbb2fc0]GL ERROR :GL_INVALID_ENUM : glDiscardFramebufferEXT: attachments was GL_COLOR_EXT
06-28 13:26:14.402 29868 29913 E chromium: [ERROR:gles2_cmd_decoder.cc(3852)] [.ChromiumCompositor-0xacbb2fc0]GL ERROR :GL_INVALID_ENUM : glDiscardFramebufferEXT: attachments was GL_COLOR_EXT
06-28 13:26:14.415 29868 29913 E chromium: [ERROR:gles2_cmd_decoder.cc(3852)] [.ChromiumCompositor-0xacbb2fc0]GL ERROR :GL_INVALID_ENUM : glDiscardFramebufferEXT: attachments was GL_COLOR_EXT
06-28 13:26:14.433 29868 29913 E chromium: [ERROR:gles2_cmd_decoder.cc(3852)] [.ChromiumCompositor-0xacbb2fc0]GL ERROR :GL_INVALID_ENUM : glDiscardFramebufferEXT: attachments was GL_COLOR_EXT
06-28 13:26:14.489 29868 29913 E chromium: [ERROR:gles2_cmd_decoder.cc(3852)] [.ChromiumCompositor-0xacbb2fc0]GL ERROR :GL_INVALID_ENUM : glDiscardFramebufferEXT: attachments was GL_COLOR_EXT
06-28 13:26:14.513 29868 29913 E chromium: [ERROR:gles2_cmd_decoder.cc(3852)] [.ChromiumCompositor-0xacbb2fc0]GL ERROR :GL_INVALID_ENUM : glDiscardFramebufferEXT: attachments was GL_COLOR_EXT
06-28 13:26:14.520 29868 29913 E chromium: [ERROR:gles2_cmd_decoder.cc(3852)] [.ChromiumCompositor-0xacbb2fc0]GL ERROR :GL_INVALID_ENUM : glDiscardFramebufferEXT: attachments was GL_COLOR_EXT
06-28 13:26:14.538 29868 29913 E chromium: [ERROR:gles2_cmd_decoder.cc(3852)] [.ChromiumCompositor-0xacbb2fc0]GL ERROR :GL_INVALID_ENUM : glDiscardFramebufferEXT: attachments was GL_COLOR_EXT
06-28 13:26:14.559 29868 29913 E chromium: [ERROR:gles2_cmd_decoder.cc(3852)] [.ChromiumCompositor-0xacbb2fc0]GL ERROR :GL_INVALID_ENUM : glDiscardFramebufferEXT: attachments was GL_COLOR_EXT
06-28 13:26:14.573 29868 29913 E chromium: [ERROR:gles2_cmd_decoder.cc(3852)] [.ChromiumCompositor-0xacbb2fc0]GL ERROR :GL_INVALID_ENUM : glDiscardFramebufferEXT: attachments was GL_COLOR_EXT
06-28 13:26:14.587 29868 29913 E chromium: [ERROR:gles2_cmd_decoder.cc(3852)] [.ChromiumCompositor-0xacbb2fc0]GL ERROR :GL_INVALID_ENUM : glDiscardFramebufferEXT: attachments was GL_COLOR_EXT
06-28 13:26:14.596 29868 29913 E chromium: [ERROR:gles2_cmd_decoder.cc(3852)] [.ChromiumCompositor-0xacbb2fc0]GL ERROR :GL_INVALID_ENUM : glDiscardFramebufferEXT: attachments was GL_COLOR_EXT
06-28 13:26:14.614 29868 29913 E chromium: [ERROR:gles2_cmd_decoder.cc(3852)] [.ChromiumCompositor-0xacbb2fc0]GL ERROR :GL_INVALID_ENUM : glDiscardFramebufferEXT: attachments was GL_COLOR_EXT
06-28 13:26:14.630 29868 29913 E chromium: [ERROR:gles2_cmd_decoder.cc(3852)] [.ChromiumCompositor-0xacbb2fc0]GL ERROR :GL_INVALID_ENUM : glDiscardFramebufferEXT: attachments was GL_COLOR_EXT
06-28 13:26:14.651 29868 29913 E chromium: [ERROR:gles2_cmd_decoder.cc(3852)] [.ChromiumCompositor-0xacbb2fc0]GL ERROR :GL_INVALID_ENUM : glDiscardFramebufferEXT: attachments was GL_COLOR_EXT
06-28 13:26:14.667 29868 29913 E chromium: [ERROR:gles2_cmd_decoder.cc(3852)] [.ChromiumCompositor-0xacbb2fc0]GL ERROR :GL_INVALID_ENUM : glDiscardFramebufferEXT: attachments was GL_COLOR_EXT
06-28 13:26:14.685 29868 29913 E chromium: [ERROR:gles2_cmd_decoder.cc(3852)] [.ChromiumCompositor-0xacbb2fc0]GL ERROR :GL_INVALID_ENUM : glDiscardFramebufferEXT: attachments was GL_COLOR_EXT
06-28 13:26:14.697 29868 29913 E chromium: [ERROR:gles2_cmd_decoder.cc(3852)] [.ChromiumCompositor-0xacbb2fc0]GL ERROR :GL_INVALID_ENUM : glDiscardFramebufferEXT: attachments was GL_COLOR_EXT
06-28 13:26:14.715 29868 29913 E chromium: [ERROR:gles2_cmd_decoder.cc(3852)] [.ChromiumCompositor-0xacbb2fc0]GL ERROR :GL_INVALID_ENUM : glDiscardFramebufferEXT: attachments was GL_COLOR_EXT
06-28 13:26:14.729 29868 29913 E chromium: [ERROR:gles2_cmd_decoder.cc(3852)] [.ChromiumCompositor-0xacbb2fc0]GL ERROR :GL_INVALID_ENUM : glDiscardFramebufferEXT: attachments was GL_COLOR_EXT
06-28 13:26:14.746 29868 29913 E chromium: [ERROR:gles2_cmd_decoder.cc(3852)] [.ChromiumCompositor-0xacbb2fc0]GL ERROR :GL_INVALID_ENUM : glDiscardFramebufferEXT: attachments was GL_COLOR_EXT
06-28 13:26:14.765 29868 29913 E chromium: [ERROR:gles2_cmd_decoder.cc(3852)] [.ChromiumCompositor-0xacbb2fc0]GL ERROR :GL_INVALID_ENUM : glDiscardFramebufferEXT: attachments was GL_COLOR_EXT
06-28 13:26:14.781 29868 29913 E chromium: [ERROR:gles2_cmd_decoder.cc(3852)] [.ChromiumCompositor-0xacbb2fc0]GL ERROR :GL_INVALID_ENUM : glDiscardFramebufferEXT: attachments was GL_COLOR_EXT
06-28 13:26:14.798 29868 29913 E chromium: [ERROR:gles2_cmd_decoder.cc(3852)] [.ChromiumCompositor-0xacbb2fc0]GL ERROR :GL_INVALID_ENUM : glDiscardFramebufferEXT: attachments was GL_COLOR_EXT
06-28 13:26:14.843 29868 29913 E chromium: [ERROR:logger.cc(46)] Too many GL errors, not reporting any more for this context. use --disable-gl-error-limit to see all errors.
06-28 13:26:14.926 29934 29947 E WProf.db: {"page": "d-2183981832586157908.ampproject.net_1498506512561_frame.html"}
06-28 13:26:14.926 29934 29947 E WProf.db: {"DOMLoad": 17451.982150}
06-28 13:26:14.927 29934 29947 E WProf.db: {"Resource": {"id": 30, "url": "https://ping.chartbeat.net/ping?h=searchengineland.com&p=%2Fbing-launches-bots-local-businesses-275555&u=rAgRmDcupOXVYLESfEp-jiGfeymqjaOX1H7wKSZAm-WVI48nVdEnNnxqGvbUikfG&d=searchengineland.com&g=&g0=&g1=&g2=&g3=&g4=&c=120&x=0&y=5427&j=30&R=1&W=0&I=0&E=0&r=&t=9063rAgRmDcupOXVYLESfEp-jiGfeymqjaOX1H7wK", "sentTime": -1.000000, "len": 43, "from": "0x0", "mimeType": "image/gif", "contentLength": 43, "httpStatus": 200, "connId": 319, "connReused": 0, "cached": 0,"requestTime": 17448.703277, "proxyStart": -1, "proxyEnd": -1, "dnsStart": 3, "dnsEnd": 7, "connectStart": 0, "connectEnd": 758, "sendStart": 758, "sendEnd": 759, "receiveHeadersEnd": 987, "sslStart": 265, "sslEnd": 758}}
06-28 13:26:14.927 29934 29947 E WProf.db: {"ReceivedChunk": {"receivedTime": 17449.699986, "len": 43}}
06-28 13:26:14.927 29934 29947 E WProf.db: {"Resource": {"id": 33, "url": "https://d-2183981832586157908.ampproject.net/1498506512561/frame.html", "sentTime": -1.000000, "len": 375, "from": "0x0", "mimeType": "text/html", "contentLength": -1, "httpStatus": 200, "connId": 365, "connReused": 0, "cached": 0,"requestTime": 17449.697762, "proxyStart": -1, "proxyEnd": -1, "dnsStart": 0, "dnsEnd": 0, "connectStart": 0, "connectEnd": 222, "sendStart": 222, "sendEnd": 223, "receiveHeadersEnd": 328, "sslStart": 55, "sslEnd": 221}}
06-28 13:26:14.927 29934 29947 E WProf.db: {"ReceivedChunk": {"receivedTime": 17450.032396, "len": 375}}
06-28 13:26:14.927 29934 29947 E WProf.db: {"WprofHTMLTag": {"code": "0x9cab1330", "doc": "https://d-2183981832586157908.ampproject.net/1498506512561/frame.html", "row": 1, "column": 6, "tagName": "head", "time": 17450.083373, "url": "", "pos": 1, "chunkLen": 1, "isStartTag": 1}}
06-28 13:26:14.927 29934 29947 E WProf.db: {"WprofHTMLTag": {"code": "0xaec479b0", "doc": "https://d-2183981832586157908.ampproject.net/1498506512561/frame.html", "row": 2, "column": 22, "tagName": "meta", "time": 17450.083549, "url": "", "pos": 1, "chunkLen": 1, "isStartTag": 1}}
06-28 13:26:14.927 29934 29947 E WProf.db: {"WprofHTMLTag": {"code": "0x9cab1150", "doc": "https://d-2183981832586157908.ampproject.net/1498506512561/frame.html", "row": 3, "column": 38, "tagName": "meta", "time": 17450.083827, "url": "", "pos": 1, "chunkLen": 1, "isStartTag": 1}}
06-28 13:26:14.927 29934 29947 E WProf.db: {"WprofHTMLTag": {"code": "0xaec47950", "doc": "https://d-2183981832586157908.ampproject.net/1498506512561/frame.html", "row": 4, "column": 59, "tagName": "script", "time": 17450.084009, "url": "https://3p.ampproject.net/1498506512561/f.js", "pos": 1, "chunkLen": 1, "isStartTag": 1}}
06-28 13:26:14.927 29934 29947 E WProf.db: {"WprofHTMLTag": {"code": "0xaec47920", "doc": "https://d-2183981832586157908.ampproject.net/1498506512561/frame.html", "row": 4, "column": 68, "tagName": "script", "time": 17450.084286, "url": "", "pos": 1, "chunkLen": 1, "isStartTag": 0}}
06-28 13:26:14.927 29934 29947 E WProf.db: {"WprofHTMLTag": {"code": "0x9cab13c0", "doc": "https://d-2183981832586157908.ampproject.net/1498506512561/frame.html", "row": 5, "column": 7, "tagName": "head", "time": 17450.582925, "url": "", "pos": 1, "chunkLen": 1, "isStartTag": 0}}
06-28 13:26:14.927 29934 29947 E WProf.db: {"WprofHTMLTag": {"code": "0x9cab1360", "doc": "https://d-2183981832586157908.ampproject.net/1498506512561/frame.html", "row": 6, "column": 23, "tagName": "body", "time": 17450.582949, "url": "", "pos": 1, "chunkLen": 1, "isStartTag": 1}}
06-28 13:26:14.928 29934 29947 E WProf.db: {"WprofHTMLTag": {"code": "0x9cab12d0", "doc": "https://d-2183981832586157908.ampproject.net/1498506512561/frame.html", "row": 7, "column": 69, "tagName": "div", "time": 17450.583098, "url": "", "pos": 1, "chunkLen": 1, "isStartTag": 1}}
06-28 13:26:14.928 29934 29947 E WProf.db: {"WprofHTMLTag": {"code": "0x9cab14e0", "doc": "https://d-2183981832586157908.ampproject.net/1498506512561/frame.html", "row": 8, "column": 10, "tagName": "script", "time": 17450.583250, "url": "", "pos": 1, "chunkLen": 1, "isStartTag": 1}}
06-28 13:26:14.928 29934 29947 E WProf.db: {"WprofHTMLTag": {"code": "0xaec47a40", "doc": "https://d-2183981832586157908.ampproject.net/1498506512561/frame.html", "row": 8, "column": 27, "tagName": "script", "time": 17450.583381, "url": "https://securepubads.g.doubleclick.net/static/glade.js", "pos": 1, "chunkLen": 1, "isStartTag": 0}}
06-28 13:26:14.928 29934 29947 E WProf.db: {"WprofHTMLTag": {"code": "0xaec47aa0", "doc": "https://d-2183981832586157908.ampproject.net/1498506512561/frame.html", "row": 9, "column": 6, "tagName": "div", "time": 17450.607855, "url": "", "pos": 1, "chunkLen": 1, "isStartTag": 0}}
06-28 13:26:14.928 29934 29947 E WProf.db: {"WprofHTMLTag": {"code": "0xaec47c20", "doc": "https://d-2183981832586157908.ampproject.net/1498506512561/frame.html", "row": 10, "column": 8, "tagName": "script", "time": 17450.607920, "url": "", "pos": 1, "chunkLen": 1, "isStartTag": 1}}
06-28 13:26:14.929 29934 29947 E WProf.db: {"WprofHTMLTag": {"code": "0x9cab14b0", "doc": "https://d-2183981832586157908.ampproject.net/1498506512561/frame.html", "row": 10, "column": 67, "tagName": "script", "time": 17450.608788, "url": "", "pos": 1, "chunkLen": 1, "isStartTag": 0}}
06-28 13:26:14.929 29934 29947 E WProf.db: {"WprofHTMLTag": {"code": "0xaec48c10", "doc": "https://d-2183981832586157908.ampproject.net/1498506512561/frame.html", "row": 11, "column": 7, "tagName": "body", "time": 17450.612486, "url": "", "pos": 1, "chunkLen": 1, "isStartTag": 0}}
06-28 13:26:14.929 29934 29947 E WProf.db: {"WprofHTMLTag": {"code": "0xaec48c40", "doc": "https://d-2183981832586157908.ampproject.net/1498506512561/frame.html", "row": 12, "column": 7, "tagName": "html", "time": 17450.612518, "url": "https://securepubads.g.doubleclick.net/static/glade/extra_25.js", "pos": 1, "chunkLen": 1, "isStartTag": 0}}
06-28 13:26:14.929 29934 29947 E WProf.db: {"Resource": {"id": 34, "url": "https://3p.ampproject.net/1498506512561/f.js", "sentTime": -1.000000, "len": 91779, "from": "0xaec47950", "mimeType": "text/javascript", "contentLength": -1, "httpStatus": 200, "connId": 416, "connReused": 0, "cached": 0,"requestTime": 17450.085753, "proxyStart": -1, "proxyEnd": -1, "dnsStart": 8, "dnsEnd": 8, "connectStart": 0, "connectEnd": 273, "sendStart": 273, "sendEnd": 274, "receiveHeadersEnd": 344, "sslStart": 73, "sslEnd": 273}}
06-28 13:26:14.929 29934 29947 E WProf.db: {"ReceivedChunk": {"receivedTime": 17450.434838, "len": 5555}}
06-28 13:26:14.929 29934 29947 E WProf.db: {"ReceivedChunk": {"receivedTime": 17450.438846, "len": 14383}}
06-28 13:26:14.929 29934 29947 E WProf.db: {"ReceivedChunk": {"receivedTime": 17450.442376, "len": 18363}}
06-28 13:26:14.929 29934 29947 E WProf.db: {"ReceivedChunk": {"receivedTime": 17450.443878, "len": 8831}}
06-28 13:26:14.929 29934 29947 E WProf.db: {"ReceivedChunk": {"receivedTime": 17450.445385, "len": 8792}}
06-28 13:26:14.929 29934 29947 E WProf.db: {"ReceivedChunk": {"receivedTime": 17450.449198, "len": 8904}}
06-28 13:26:14.929 29934 29947 E WProf.db: {"ReceivedChunk": {"receivedTime": 17450.490342, "len": 8648}}
06-28 13:26:14.929 29934 29947 E WProf.db: {"ReceivedChunk": {"receivedTime": 17450.492963, "len": 9064}}
06-28 13:26:14.929 29934 29947 E WProf.db: {"ReceivedChunk": {"receivedTime": 17450.494844, "len": 8496}}
06-28 13:26:14.929 29934 29947 E WProf.db: {"ReceivedChunk": {"receivedTime": 17450.496886, "len": 743}}
06-28 13:26:14.929 29934 29947 E WProf.db: {"Resource": {"id": 35, "url": "https://securepubads.g.doubleclick.net/static/glade.js", "sentTime": -1.000000, "len": 19455, "from": "0xaec47a40", "mimeType": "text/javascript", "contentLength": -1, "httpStatus": 200, "connId": 430, "connReused": 0, "cached": 0,"requestTime": 17450.604541, "proxyStart": -1, "proxyEnd": -1, "dnsStart": 17, "dnsEnd": 18, "connectStart": 0, "connectEnd": 272, "sendStart": 272, "sendEnd": 273, "receiveHeadersEnd": 377, "sslStart": 81, "sslEnd": 271}}
06-28 13:26:14.931 29934 29947 E WProf.db: {"ReceivedChunk": {"receivedTime": 17450.987669, "len": 8906}}
06-28 13:26:14.931 29934 29947 E WProf.db: {"ReceivedChunk": {"receivedTime": 17450.988990, "len": 230}}
06-28 13:26:14.931 29934 29947 E WProf.db: {"ReceivedChunk": {"receivedTime": 17450.994731, "len": 10319}}
06-28 13:26:14.931 29934 29947 E WProf.db: {"Resource": {"id": 36, "url": "https://securepubads.g.doubleclick.net/gampad/ads?gdfp_req=1&glade_req=1&glv=25&output=html&iu=%2F1038259%2FSEL-amp-cube&sz=300x250&sfv=1-0-8&correlator=4322475260248064&eid=108809080&adk=2352184609&biw=412&bih=620&adx=56&ady=239&oid=3&u_sd=3.5&ifi=1&is_amp=1&amp_v=1498506512561&nhd=1&url=http%3A%2F", "sentTime": -1.000000, "len": 20204, "from": "0xaec48c40", "mimeType": "text/html", "contentLength": -1, "httpStatus": 200, "connId": 430, "connReused": 1, "cached": 0,"requestTime": 17451.094591, "proxyStart": -1, "proxyEnd": -1, "dnsStart": -1, "dnsEnd": -1, "connectStart": 0, "connectEnd": 8, "sendStart": 8, "sendEnd": 8, "receiveHeadersEnd": 141, "sslStart": -1, "sslEnd": -1}}
06-28 13:26:14.931 29934 29947 E WProf.db: {"ReceivedChunk": {"receivedTime": 17451.248184, "len": 4005}}
06-28 13:26:14.931 29934 29947 E WProf.db: {"ReceivedChunk": {"receivedTime": 17451.287706, "len": 11273}}
06-28 13:26:14.931 29934 29947 E WProf.db: {"ReceivedChunk": {"receivedTime": 17451.288087, "len": 4926}}
06-28 13:26:14.931 29934 29947 E WProf.db: {"WprofHTMLTag": {"code": "0x9cab1750", "doc": "https://securepubads.g.doubleclick.net/gampad/ads?gdfp_req=1&glade_req=1&glv=25&output=html&iu=%2F1038259%2FSEL-amp-cube&sz=300x250&sfv=1-0-8&correlator=4322475260248064&eid=108809080&adk=2352184609&biw=412&bih=620&adx=56&ady=239&oid=3&u_sd=3.5&ifi=1&is_amp=1&amp_v=1498506512561&nhd=1&url=http%3A%2F", "row": 0, "column": 21, "tagName": "html", "time": 17451.296012, "url": "", "pos": 1, "chunkLen": 1, "isStartTag": 1}}
06-28 13:26:14.931 29934 29947 E WProf.db: {"WprofHTMLTag": {"code": "0x9cab1720", "doc": "https://securepubads.g.doubleclick.net/gampad/ads?gdfp_req=1&glade_req=1&glv=25&output=html&iu=%2F1038259%2FSEL-amp-cube&sz=300x250&sfv=1-0-8&correlator=4322475260248064&eid=108809080&adk=2352184609&biw=412&bih=620&adx=56&ady=239&oid=3&u_sd=3.5&ifi=1&is_amp=1&amp_v=1498506512561&nhd=1&url=http%3A%2F", "row": 0, "column": 27, "tagName": "head", "time": 17451.297521, "url": "", "pos": 1, "chunkLen": 1, "isStartTag": 1}}
06-28 13:26:14.931 29934 29947 E WProf.db: {"WprofHTMLTag": {"code": "0x9cab1390", "doc": "https://securepubads.g.doubleclick.net/gampad/ads?gdfp_req=1&glade_req=1&glv=25&output=html&iu=%2F1038259%2FSEL-amp-cube&sz=300x250&sfv=1-0-8&correlator=4322475260248064&eid=108809080&adk=2352184609&biw=412&bih=620&adx=56&ady=239&oid=3&u_sd=3.5&ifi=1&is_amp=1&amp_v=1498506512561&nhd=1&url=http%3A%2F", "row": 0, "column": 144, "tagName": "meta", "time": 17451.297578, "url": "", "pos": 1, "chunkLen": 1, "isStartTag": 1}}
