--------- beginning of main
06-28 12:06:23.096  3449  3449 E Finsky  : [1] com.google.android.finsky.wear.bl.a(3): onConnectionFailed: ConnectionResult{statusCode=API_UNAVAILABLE, resolution=null, message=null}
--------- beginning of system
06-28 12:06:24.672  1361  1361 E chromium: [ERROR:shell_integration_android.cc(12)] Not implemented reached in static ShellIntegration::DefaultWebClientSetPermission ShellIntegration::CanSetAsDefaultBrowser()
06-28 12:06:24.676  1361  1361 E chromium: [ERROR:browser_process_impl.cc(720)] Not implemented reached in virtual BackgroundModeManager* BrowserProcessImpl::background_mode_manager()
06-28 12:06:25.066  3218 10777 E AudioRecord-JNI: Error -4 during AudioRecord native read
06-28 12:06:27.419  1361  1431 E chromium: [ERROR:gles2_cmd_decoder.cc(3852)] [.ChromiumCompositor-0xacbb2fc0]GL ERROR :GL_INVALID_ENUM : glDiscardFramebufferEXT: attachments was GL_COLOR_EXT
06-28 12:06:27.736  1452  1466 E WPROF   : {"CSS": {"url": "http://searchengineland.com/figz/wp-content/themes/searchengineland/css/searchengineland-bootstrap.css", "requestTime": 12664.791768}}
06-28 12:06:27.737  1452  1466 E WPROF   : {"CSS": {"url": "http://fonts.googleapis.com/css?family=Oswald:300,400,700", "requestTime": 12664.792373}}
06-28 12:06:27.737  1452  1466 E WPROF   : {"CSS": {"url": "http://searchengineland.com/figz/wp-content/themes/searchengineland/style.css", "requestTime": 12664.792896}}
06-28 12:06:27.742  1452  1466 E WPROF   : {"Javascript": {"url": "http://searchengineland.com/figz/wp-content/themes/searchengineland/js/lib/modernizr.custom.js?ver=1.0", "requestTime": 12664.797685}}
06-28 12:06:27.742  1452  1466 E WPROF   : {"Javascript": {"url": "http://searchengineland.com/figz/wp-content/themes/searchengineland/js/lib/jquery-1.11.0.min.js?ver=1.11.0", "requestTime": 12664.798135}}
06-28 12:06:27.743  1452  1466 E WPROF   : {"Javascript": {"url": "http://searchengineland.com/figz/wp-content/themes/searchengineland/js/lib/jquery-ui-1.10.3.custom.min.js?ver=1.10.3", "requestTime": 12664.798497}}
06-28 12:06:27.743  1452  1466 E WPROF   : {"Javascript": {"url": "http://searchengineland.com/figz/wp-content/themes/searchengineland/js/lib/jquery.ba-throttle-debounce.min.js?ver=1.1", "requestTime": 12664.798822}}
06-28 12:06:27.743  1452  1466 E WPROF   : {"Javascript": {"url": "http://searchengineland.com/figz/wp-content/themes/searchengineland/js/lib/jquery.countdown.min.js?ver=2.0.4", "requestTime": 12664.799155}}
06-28 12:06:27.745  1452  1466 E WPROF   : {"Javascript": {"url": "http://static.chartbeat.com/js/chartbeat_mab.js", "requestTime": 12664.800793}}
06-28 12:06:28.222  1452  1466 E WPROF   : {"Javascript": {"url": "http://searchengineland.com/figz/wp-includes/js/wp-emoji-release.min.js?ver=4.7.5", "requestTime": 12665.277878}}
06-28 12:06:28.639  1452  1466 E WPROF   : {"Javascript": {"url": "http://www.googletagservices.com/tag/js/gpt.js", "requestTime": 12665.695048}}
06-28 12:06:28.645  1452  1466 E WPROF   : {"Javascript": {"url": "https://www.google-analytics.com/analytics.js", "requestTime": 12665.701027}}
06-28 12:06:28.648  1452  1466 E WPROF   : {"Javascript": {"url": "http://edge.quantserve.com/quant.js", "requestTime": 12665.703634}}
06-28 12:06:28.650  1452  1466 E WPROF   : {"Javascript": {"url": "https://connect.facebook.net/en_US/fbevents.js", "requestTime": 12665.706154}}
06-28 12:06:28.703  1361  1431 E chromium: [ERROR:gles2_cmd_decoder.cc(3852)] [.ChromiumCompositor-0xacbb2fc0]GL ERROR :GL_INVALID_ENUM : glDiscardFramebufferEXT: attachments was GL_COLOR_EXT
06-28 12:06:28.727  1452  1466 E WPROF   : {"Javascript": {"url": "http://app-sj02.marketo.com/js/forms2/js/forms2.min.js", "requestTime": 12665.782390}}
06-28 12:06:28.728  1452  1466 E WPROF   : {"Javascript": {"url": "http://platform.twitter.com/widgets.js", "requestTime": 12665.783793}}
06-28 12:06:28.811  1361  1431 E chromium: [ERROR:gles2_cmd_decoder.cc(3852)] [.ChromiumCompositor-0xacbb2fc0]GL ERROR :GL_INVALID_ENUM : glDiscardFramebufferEXT: attachments was GL_COLOR_EXT
06-28 12:06:28.880  1452  1466 E WPROF   : {"Javascript": {"url": "https://connect.facebook.net/signals/config/423979991297359?v=2.7.17", "requestTime": 12665.935587}}
06-28 12:06:29.034  1452  1466 E WPROF   : {"Javascript": {"url": "http://app-sj02.marketo.com/index.php/form/getForm?munchkinId=727-ZQE-044&form=5691&url=http%3A%2F%2Fsearchengineland.com%2Fbing-audience-targeting-in-market-custom-audiences-277080&callback=jQuery11020240416876738891_1498619188968&_=1498619188969", "requestTime": 12666.089819}}
06-28 12:06:29.050  1452  1466 E WPROF   : {"Javascript": {"url": "http://app-sj02.marketo.com/index.php/form/getForm?munchkinId=727-ZQE-044&form=5685&url=http%3A%2F%2Fsearchengineland.com%2Fbing-audience-targeting-in-market-custom-audiences-277080&callback=jQuery11020240416876738891_1498619188970&_=1498619188971", "requestTime": 12666.105724}}
06-28 12:06:29.298  1452  1466 E WPROF   : {"Javascript": {"url": "http://app-sj02.marketo.com/index.php/form/getForm?munchkinId=727-ZQE-044&form=5673&url=http%3A%2F%2Fsearchengineland.com%2Fbing-audience-targeting-in-market-custom-audiences-277080&callback=jQuery11020240416876738891_1498619188972&_=1498619188973", "requestTime": 12666.354058}}
06-28 12:06:29.310  1452  1466 E WPROF   : {"Javascript": {"url": "http://searchengineland.com/js/ga_social_tracking.js", "requestTime": 12666.366043}}
06-28 12:06:29.313  1452  1466 E WPROF   : {"Javascript": {"url": "http://s7.addthis.com/js/300/addthis_widget.js#pubid=ra-53e918f660794f37", "requestTime": 12666.368605}}
06-28 12:06:29.333  1361  1431 E chromium: [ERROR:gles2_cmd_decoder.cc(3852)] [.ChromiumCompositor-0xacbb2fc0]GL ERROR :GL_INVALID_ENUM : glDiscardFramebufferEXT: attachments was GL_COLOR_EXT
06-28 12:06:29.386  1452  1466 E WPROF   : {"Javascript": {"url": "https://securepubads.g.doubleclick.net/gpt/pubads_impl_121.js", "requestTime": 12666.441225}}
06-28 12:06:29.907  1452  1466 E WPROF   : {"Javascript": {"url": "http://cdn.api.twitter.com/1/users/show.json?screen_name=ginnymarvin&callback=twttr.setFollowersCount", "requestTime": 12666.962800}}
06-28 12:06:30.062  1452  1466 E WPROF   : {"CSS": {"url": "http://app-sj02.marketo.com/js/forms2/css/forms2.css", "requestTime": 12667.117786}}
06-28 12:06:30.067  1452  1466 E WPROF   : {"CSS": {"url": "http://app-sj02.marketo.com/js/forms2/css/forms2-theme-simple.css", "requestTime": 12667.122649}}
06-28 12:06:30.104  1361  1431 E chromium: [ERROR:gles2_cmd_decoder.cc(3852)] [.ChromiumCompositor-0xacbb2fc0]GL ERROR :GL_INVALID_ENUM : glDiscardFramebufferEXT: attachments was GL_COLOR_EXT
06-28 12:06:30.142  1452  1466 E WPROF   : {"Javascript": {"url": "https://static.xx.fbcdn.net/rsrc.php/v3iy6L4/yk/l/ko_KR/be4fIjHRc8P.js", "requestTime": 12667.197504}}
06-28 12:06:30.226  1452  1466 E WPROF   : {"Javascript": {"url": "http://www.googleadservices.com/pagead/conversion.js", "requestTime": 12667.281816}}
06-28 12:06:30.227  1452  1466 E WPROF   : {"Javascript": {"url": "http://searchengineland.com/figz/wp-content/themes/searchengineland/js/script.js?ver=1.0", "requestTime": 12667.282318}}
06-28 12:06:30.233  1452  1466 E WPROF   : {"Javascript": {"url": "http://searchengineland.com/figz/wp-includes/js/wp-embed.min.js?ver=4.7.5", "requestTime": 12667.282738}}
06-28 12:06:30.234  1452  1466 E WPROF   : {"Javascript": {"url": "http://searchengineland.com/figz/wp-content/themes/searchengineland/js/modules/sharing_controls.js", "requestTime": 12667.289618}}
06-28 12:06:30.280  1361  1431 E chromium: [ERROR:gles2_cmd_decoder.cc(3852)] [.ChromiumCompositor-0xacbb2fc0]GL ERROR :GL_INVALID_ENUM : glDiscardFramebufferEXT: attachments was GL_COLOR_EXT
06-28 12:06:30.362   862  1657 E LocSvc_IzatApiV02: E/virtual int izat_core::IzatApiV02::getBatchSize(int32_t):522]: Error : st = 4, ind.status = -1628389555
06-28 12:06:30.362   862  1657 E LocSvc_IzatApiV02: E/virtual int izat_core::IzatApiV02::getBatchSize(int32_t):535]: get batching size failed.Or modem does not support batching 
06-28 12:06:30.372   862  1657 E LocSvc_IzatApiV02: E/virtual int izat_core::IzatApiV02::getBatchSize(int32_t):522]: Error : st = 4, ind.status = -1628389555
06-28 12:06:30.372   862  1657 E LocSvc_IzatApiV02: E/virtual int izat_core::IzatApiV02::getBatchSize(int32_t):535]: get batching size failed.Or modem does not support batching 
06-28 12:06:30.402   862  1657 E LocSvc_IzatApiV02: E/virtual int izat_core::IzatApiV02::getBatchSize(int32_t):522]: Error : st = 4, ind.status = -1628389555
06-28 12:06:30.402   862  1657 E LocSvc_IzatApiV02: E/virtual int izat_core::IzatApiV02::getBatchSize(int32_t):535]: get batching size failed.Or modem does not support batching 
06-28 12:06:30.414   862  1657 E LocSvc_IzatApiV02: E/virtual int izat_core::IzatApiV02::getBatchSize(int32_t):522]: Error : st = 4, ind.status = -1628389555
06-28 12:06:30.414   862  1657 E LocSvc_IzatApiV02: E/virtual int izat_core::IzatApiV02::getBatchSize(int32_t):535]: get batching size failed.Or modem does not support batching 
06-28 12:06:30.821  1452  1466 E WPROF   : {"Javascript": {"url": "https://securepubads.g.doubleclick.net/gampad/ads?gdfp_req=1&correlator=1864707792175104&output=json_html&callback=googletag.impl.pubads.callbackProxy1&impl=fifs&json_a=1&eid=108809080%2C108809103%2C21060168&sc=0&sfv=1-0-9&iu_parts=1038259%2Csel-ciu-1%2Csel-ciu-2%2Csel-ciu-3%2Csel-ciu-4%2Csel-ciu-5%", "requestTime": 12667.876269}}
06-28 12:06:30.873  1452  1466 E WPROF   : {"Javascript": {"url": "http://d2j3qa5nc37287.cloudfront.net/coupon_code1.js", "requestTime": 12667.928914}}
06-28 12:06:31.325  1452  1466 E WPROF   : {"Javascript": {"url": "https://platform.twitter.com/js/button.b731e6c82269f70f6fc53634e044a4c6.js", "requestTime": 12668.380740}}
06-28 12:06:31.329  1452  1466 E WPROF   : {"Javascript": {"url": "https://platform.twitter.com/js/tweet.6352a9eebf6f1aa3bcc0a57d66d2a72d.js", "requestTime": 12668.384437}}
06-28 12:06:31.438  1361  1431 E chromium: [ERROR:gles2_cmd_decoder.cc(3852)] [.ChromiumCompositor-0xacbb2fc0]GL ERROR :GL_INVALID_ENUM : glDiscardFramebufferEXT: attachments was GL_COLOR_EXT
06-28 12:06:31.464  1452  1466 E WPROF   : {"CSS": {"url": "https://www.youtube.com/yts/cssbin/www-embed-player-sprite-mode-vfl5G4Xm8.css", "requestTime": 12668.519764}}
06-28 12:06:31.465  1452  1466 E WPROF   : {"Javascript": {"url": "https://www.youtube.com/yts/jsbin/www-embed-player-vfl_UY_j8/www-embed-player.js", "requestTime": 12668.520934}}
06-28 12:06:31.466  1452  1466 E WPROF   : {"Javascript": {"url": "https://www.youtube.com/yts/jsbin/player-vflo1w4O-/ko_KR/base.js", "requestTime": 12668.521342}}
06-28 12:06:32.160  1361  1431 E chromium: [ERROR:gles2_cmd_decoder.cc(3852)] [.ChromiumCompositor-0xacbb2fc0]GL ERROR :GL_INVALID_ENUM : glDiscardFramebufferEXT: attachments was GL_COLOR_EXT
06-28 12:06:32.688  1361  1431 E chromium: [ERROR:gles2_cmd_decoder.cc(3852)] [.ChromiumCompositor-0xacbb2fc0]GL ERROR :GL_INVALID_ENUM : glDiscardFramebufferEXT: attachments was GL_COLOR_EXT
06-28 12:06:33.561  1452  1466 E WPROF   : {"Javascript": {"url": "https://www.google.com/js/bg/KWBfAnWFESAEEaKKgdYlTHY9ysQaNoQuzeMFqvxDSM8.js", "requestTime": 12670.616456}}
06-28 12:06:33.564  1452  1466 E WPROF   : {"Javascript": {"url": "https://static.doubleclick.net/instream/ad_status.js", "requestTime": 12670.619466}}
06-28 12:06:33.854  1361  1431 E chromium: [ERROR:gles2_cmd_decoder.cc(3852)] [.ChromiumCompositor-0xacbb2fc0]GL ERROR :GL_INVALID_ENUM : glDiscardFramebufferEXT: attachments was GL_COLOR_EXT
06-28 12:06:34.019  1361  1431 E chromium: [ERROR:gles2_cmd_decoder.cc(3852)] [.ChromiumCompositor-0xacbb2fc0]GL ERROR :GL_INVALID_ENUM : glDiscardFramebufferEXT: attachments was GL_COLOR_EXT
06-28 12:06:34.097  1452  1466 E WPROF   : {"Javascript": {"url": "http://www.justuno.com/ajax/account_version_check.html?id=828FA275-FF73-401E-AA39-40F5A6FAB6B1", "requestTime": 12671.152441}}
06-28 12:06:34.134  1452  1466 E WPROF   : {"Javascript": {"url": "https://tpc.googlesyndication.com/pagead/js/r20170619/r20110914/client/ext/m_window_focus_non_hydra.js", "requestTime": 12671.189497}}
06-28 12:06:34.137  1452  1466 E WPROF   : {"Javascript": {"url": "https://tpc.googlesyndication.com/pagead/js/r20170619/r20110914/activeview/osd_listener.js", "requestTime": 12671.192651}}
06-28 12:06:34.141  1452  1466 E WPROF   : {"Javascript": {"url": "http://pagead2.googlesyndication.com/pagead/osd.js", "requestTime": 12671.197034}}
06-28 12:06:34.141  1361  1431 E chromium: [ERROR:gles2_cmd_decoder.cc(3852)] [.ChromiumCompositor-0xacbb2fc0]GL ERROR :GL_INVALID_ENUM : glDiscardFramebufferEXT: attachments was GL_COLOR_EXT
06-28 12:06:34.310  1452  1466 E WPROF   : {"Javascript": {"url": "https://cdn.syndication.twimg.com/tweets.json?callback=__twttr.callbacks.cb0&ids=874674306655035392&lang=en&suppress_response_codes=true", "requestTime": 12671.365784}}
06-28 12:06:34.478  1361  1431 E chromium: [ERROR:gles2_cmd_decoder.cc(3852)] [.ChromiumCompositor-0xacbb2fc0]GL ERROR :GL_INVALID_ENUM : glDiscardFramebufferEXT: attachments was GL_COLOR_EXT
06-28 12:06:34.667  1361  1431 E chromium: [ERROR:gles2_cmd_decoder.cc(3852)] [.ChromiumCompositor-0xacbb2fc0]GL ERROR :GL_INVALID_ENUM : glDiscardFramebufferEXT: attachments was GL_COLOR_EXT
06-28 12:06:35.534  1361  1431 E chromium: [ERROR:gles2_cmd_decoder.cc(3852)] [.ChromiumCompositor-0xacbb2fc0]GL ERROR :GL_INVALID_ENUM : glDiscardFramebufferEXT: attachments was GL_COLOR_EXT
06-28 12:06:35.790  1452  1466 E WPROF   : {"Javascript": {"url": "http://cdn.justuno.com/mwgt_3.6.js", "requestTime": 12672.845952}}
06-28 12:06:35.914  1452  1466 E WPROF   : {"Javascript": {"url": "https://cdn.syndication.twimg.com/widgets/followbutton/info.json?callback=__twttr.setFollowersCountAndFollowing&lang=en&screen_names=sengineland", "requestTime": 12672.970205}}
06-28 12:06:35.926  1555  1555 E FirebaseInstanceId: Failed to resolve target intent service, skipping classname enforcement
06-28 12:06:35.927  1555  1555 E FirebaseInstanceId: Error while delivering the message: ServiceIntent not found.
06-28 12:06:35.975  1555  1584 E FA      : AppMeasurementReceiver not registered/enabled
06-28 12:06:35.987  1555  1584 E FA      : AppMeasurementService not registered/enabled
06-28 12:06:35.987  1555  1584 E FA      : Uploading is not possible. App measurement disabled
06-28 12:06:36.003  1452  1466 E WPROF   : {"CSS": {"url": "http://platform.twitter.com/css/tweet.617c78967784cf8638fa20f3423757ac.light.ltr.css", "requestTime": 12673.058675}}
06-28 12:06:36.457  1361  1431 E chromium: [ERROR:gles2_cmd_decoder.cc(3852)] [.ChromiumCompositor-0xacbb2fc0]GL ERROR :GL_INVALID_ENUM : glDiscardFramebufferEXT: attachments was GL_COLOR_EXT
06-28 12:06:36.625  1361  1431 E chromium: [ERROR:gles2_cmd_decoder.cc(3852)] [.ChromiumCompositor-0xacbb2fc0]GL ERROR :GL_INVALID_ENUM : glDiscardFramebufferEXT: attachments was GL_COLOR_EXT
06-28 12:06:36.950  1452  1466 E WPROF   : {"Javascript": {"url": "https://app-sj02.marketo.com/js/forms2/js/forms2.min.js", "requestTime": 12674.005281}}
06-28 12:06:37.095  1361  1431 E chromium: [ERROR:gles2_cmd_decoder.cc(3852)] [.ChromiumCompositor-0xacbb2fc0]GL ERROR :GL_INVALID_ENUM : glDiscardFramebufferEXT: attachments was GL_COLOR_EXT
06-28 12:06:37.502  1361  1431 E chromium: [ERROR:gles2_cmd_decoder.cc(3852)] [.ChromiumCompositor-0xacbb2fc0]GL ERROR :GL_INVALID_ENUM : glDiscardFramebufferEXT: attachments was GL_COLOR_EXT
06-28 12:06:37.516  1452  1466 E WProf.db: {"page": "searchengineland.com_bing-audience-targeting-in-market-custom-audiences-277080"}
06-28 12:06:37.516  1452  1466 E WProf.db: {"DOMLoad": 12674.571313}
06-28 12:06:37.516  1452  1466 E WProf.db: {"Resource": {"id": 1, "url": "http://searchengineland.com/bing-audience-targeting-in-market-custom-audiences-277080", "sentTime": -1.000000, "len": 91814, "from": "0x0", "mimeType": "text/html", "contentLength": -1, "httpStatus": 200, "connId": 20, "connReused": 1, "cached": 0,"requestTime": 12664.392153, "proxyStart": -1, "proxyEnd": -1, "dnsStart": -1, "dnsEnd": -1, "connectStart": 0, "connectEnd": 87, "sendStart": 87, "sendEnd": 87, "receiveHeadersEnd": 247, "sslStart": -1, "sslEnd": -1}}
06-28 12:06:37.516  1452  1466 E WProf.db: {"ReceivedChunk": {"receivedTime": 12664.658060, "len": 2563}}
06-28 12:06:37.516  1452  1466 E WProf.db: {"ReceivedChunk": {"receivedTime": 12664.778334, "len": 32768}}
06-28 12:06:37.516  1452  1466 E WProf.db: {"ReceivedChunk": {"receivedTime": 12664.778787, "len": 32768}}
06-28 12:06:37.516  1452  1466 E WProf.db: {"ReceivedChunk": {"receivedTime": 12664.779179, "len": 2724}}
06-28 12:06:37.516  1452  1466 E WProf.db: {"ReceivedChunk": {"receivedTime": 12664.800263, "len": 15353}}
06-28 12:06:37.516  1452  1466 E WProf.db: {"ReceivedChunk": {"receivedTime": 12664.801256, "len": 5638}}
06-28 12:06:37.516  1452  1466 E WProf.db: {"WprofHTMLTag": {"code": "0xaedda660", "doc": "http://searchengineland.com/bing-audience-targeting-in-market-custom-audiences-277080", "row": 6, "column": 42, "tagName": "html", "time": 12664.785362, "url": "", "pos": 1, "chunkLen": 1, "isStartTag": 1}}
06-28 12:06:37.516  1452  1466 E WProf.db: {"WprofHTMLTag": {"code": "0xaedda5d0", "doc": "http://searchengineland.com/bing-audience-targeting-in-market-custom-audiences-277080", "row": 7, "column": 6, "tagName": "head", "time": 12664.785732, "url": "", "pos": 1, "chunkLen": 1, "isStartTag": 1}}
06-28 12:06:37.516  1452  1466 E WProf.db: {"WprofHTMLTag": {"code": "0xaf047820", "doc": "http://searchengineland.com/bing-audience-targeting-in-market-custom-audiences-277080", "row": 8, "column": 54, "tagName": "meta", "time": 12664.785787, "url": "", "pos": 1, "chunkLen": 1, "isStartTag": 1}}
06-28 12:06:37.516  1452  1466 E WProf.db: {"WprofHTMLTag": {"code": "0xaf047850", "doc": "http://searchengineland.com/bing-audience-targeting-in-market-custom-audiences-277080", "row": 9, "column": 68, "tagName": "meta", "time": 12664.785961, "url": "", "pos": 1, "chunkLen": 1, "isStartTag": 1}}
06-28 12:06:37.516  1452  1466 E WProf.db: {"WprofHTMLTag": {"code": "0xaf047880", "doc": "http://searchengineland.com/bing-audience-targeting-in-market-custom-audiences-277080", "row": 10, "column": 23, "tagName": "meta", "time": 12664.786086, "url": "", "pos": 1, "chunkLen": 1, "isStartTag": 1}}
06-28 12:06:37.517  1452  1466 E WProf.db: {"WprofHTMLTag": {"code": "0xaf0478b0", "doc": "http://searchengineland.com/bing-audience-targeting-in-market-custom-audiences-277080", "row": 11, "column": 52, "tagName": "meta", "time": 12664.786256, "url": "", "pos": 1, "chunkLen": 1, "isStartTag": 1}}
06-28 12:06:37.517  1452  1466 E WProf.db: {"WprofHTMLTag": {"code": "0xaf0478e0", "doc": "http://searchengineland.com/bing-audience-targeting-in-market-custom-audiences-277080", "row": 14, "column": 56, "tagName": "meta", "time": 12664.786414, "url": "", "pos": 1, "chunkLen": 1, "isStartTag": 1}}
06-28 12:06:37.517  1452  1466 E WProf.db: {"WprofHTMLTag": {"code": "0xaf047910", "doc": "http://searchengineland.com/bing-audience-targeting-in-market-custom-audiences-277080", "row": 15, "column": 83, "tagName": "meta", "time": 12664.786544, "url": "", "pos": 1, "chunkLen": 1, "isStartTag": 1}}
06-28 12:06:37.517  1452  1466 E WProf.db: {"WprofHTMLTag": {"code": "0xaf047940", "doc": "http://searchengineland.com/bing-audience-targeting-in-market-custom-audiences-277080", "row": 16, "column": 57, "tagName": "meta", "time": 12664.786677, "url": "", "pos": 1, "chunkLen": 1, "isStartTag": 1}}
06-28 12:06:37.517  1452  1466 E WProf.db: {"WprofHTMLTag": {"code": "0xaf0479d0", "doc": "http://searchengineland.com/bing-audience-targeting-in-market-custom-audiences-277080", "row": 17, "column": 41, "tagName": "meta", "time": 12664.786802, "url": "", "pos": 1, "chunkLen": 1, "isStartTag": 1}}
06-28 12:06:37.517  1452  1466 E WProf.db: {"WprofHTMLTag": {"code": "0xaf047a00", "doc": "http://searchengineland.com/bing-audience-targeting-in-market-custom-audiences-277080", "row": 18, "column": 50, "tagName": "meta", "time": 12664.786923, "url": "", "pos": 1, "chunkLen": 1, "isStartTag": 1}}
06-28 12:06:37.517  1452  1466 E WProf.db: {"WprofHTMLTag": {"code": "0xaf047a30", "doc": "http://searchengineland.com/bing-audience-targeting-in-market-custom-audiences-277080", "row": 19, "column": 174, "tagName": "meta", "time": 12664.787050, "url": "", "pos": 1, "chunkLen": 1, "isStartTag": 1}}
06-28 12:06:37.517  1452  1466 E WProf.db: {"WprofHTMLTag": {"code": "0xaf0479a0", "doc": "http://searchengineland.com/bing-audience-targeting-in-market-custom-audiences-277080", "row": 20, "column": 47, "tagName": "meta", "time": 12664.787175, "url": "", "pos": 1, "chunkLen": 1, "isStartTag": 1}}
06-28 12:06:37.517  1452  1466 E WProf.db: {"WprofHTMLTag": {"code": "0xaf047970", "doc": "http://searchengineland.com/bing-audience-targeting-in-market-custom-audiences-277080", "row": 21, "column": 67, "tagName": "meta", "time": 12664.787296, "url": "", "pos": 1, "chunkLen": 1, "isStartTag": 1}}
06-28 12:06:37.517  1452  1466 E WProf.db: {"WprofHTMLTag": {"code": "0xaf047a60", "doc": "http://searchengineland.com/bing-audience-targeting-in-market-custom-audiences-277080", "row": 22, "column": 57, "tagName": "meta", "time": 12664.787420, "url": "", "pos": 1, "chunkLen": 1, "isStartTag": 1}}
06-28 12:06:37.517  1452  1466 E WProf.db: {"WprofHTMLTag": {"code": "0xaf047a90", "doc": "http://searchengineland.com/bing-audience-targeting-in-market-custom-audiences-277080", "row": 23, "column": 65, "tagName": "meta", "time": 12664.787545, "url": "", "pos": 1, "chunkLen": 1, "isStartTag": 1}}
06-28 12:06:37.517  1452  1466 E WProf.db: {"WprofHTMLTag": {"code": "0xaf047ac0", "doc": "http://searchengineland.com/bing-audience-targeting-in-market-custom-audiences-277080", "row": 24, "column": 55, "tagName": "meta", "time": 12664.787673, "url": "", "pos": 1, "chunkLen": 1, "isStartTag": 1}}
06-28 12:06:37.518  1452  1466 E WProf.db: {"WprofHTMLTag": {"code": "0xaf047af0", "doc": "http://searchengineland.com/bing-audience-targeting-in-market-custom-audiences-277080", "row": 25, "column": 71, "tagName": "meta", "time": 12664.787800, "url": "", "pos": 1, "chunkLen": 1, "isStartTag": 1}}
06-28 12:06:37.518  1452  1466 E WProf.db: {"WprofHTMLTag": {"code": "0xaf047b20", "doc": "http://searchengineland.com/bing-audience-targeting-in-market-custom-audiences-277080", "row": 26, "column": 86, "tagName": "meta", "time": 12664.787929, "url": "", "pos": 1, "chunkLen": 1, "isStartTag": 1}}
06-28 12:06:37.518  1452  1466 E WProf.db: {"WprofHTMLTag": {"code": "0xaf047b50", "doc": "http://searchengineland.com/bing-audience-targeting-in-market-custom-audiences-277080", "row": 27, "column": 54, "tagName": "meta", "time": 12664.788056, "url": "", "pos": 1, "chunkLen": 1, "isStartTag": 1}}
06-28 12:06:37.518  1452  1466 E WProf.db: {"WprofHTMLTag": {"code": "0xaf047b80", "doc": "http://searchengineland.com/bing-audience-targeting-in-market-custom-audiences-277080", "row": 29, "column": 39, "tagName": "meta", "time": 12664.788182, "url": "", "pos": 1, "chunkLen": 1, "isStartTag": 1}}
06-28 12:06:37.518  1452  1466 E WProf.db: {"WprofHTMLTag": {"code": "0xaf047bb0", "doc": "http://searchengineland.com/bing-audience-targeting-in-market-custom-audiences-277080", "row": 30, "column": 121, "tagName": "meta", "time": 12664.788299, "url": "", "pos": 1, "chunkLen": 1, "isStartTag": 1}}
06-28 12:06:37.518  1452  1466 E WProf.db: {"WprofHTMLTag": {"code": "0xaf047be0", "doc": "http://searchengineland.com/bing-audience-targeting-in-market-custom-audiences-277080", "row": 31, "column": 55, "tagName": "meta", "time": 12664.788428, "url": "", "pos": 1, "chunkLen": 1, "isStartTag": 1}}
06-28 12:06:37.518  1452  1466 E WProf.db: {"WprofHTMLTag": {"code": "0xaf047c10", "doc": "http://searchengineland.com/bing-audience-targeting-in-market-custom-audiences-277080", "row": 32, "column": 54, "tagName": "meta", "time": 12664.788553, "url": "", "pos": 1, "chunkLen": 1, "isStartTag": 1}}
06-28 12:06:37.518  1452  1466 E WProf.db: {"WprofHTMLTag": {"code": "0xaf047c40", "doc": "http://searchengineland.com/bing-audience-targeting-in-market-custom-audiences-277080", "row": 33, "column": 126, "tagName": "meta", "time": 12664.788676, "url": "", "pos": 1, "chunkLen": 1, "isStartTag": 1}}
06-28 12:06:37.518  1452  1466 E WProf.db: {"WprofHTMLTag": {"code": "0xaf047c70", "doc": "http://searchengineland.com/bing-audience-targeting-in-market-custom-audiences-277080", "row": 37, "column": 36, "tagName": "script", "time": 12664.788800, "url": "", "pos": 1, "chunkLen": 1, "isStartTag": 1}}
06-28 12:06:37.518  1452  1466 E WProf.db: {"WprofHTMLTag": {"code": "0xaf047ca0", "doc": "http://searchengineland.com/bing-audience-targeting-in-market-custom-audiences-277080", "row": 53, "column": 10, "tagName": "script", "time": 12664.789170, "url": "", "pos": 1, "chunkLen": 1, "isStartTag": 0}}
06-28 12:06:37.518  1452  1466 E WProf.db: {"WprofHTMLTag": {"code": "0xaf047cd0", "doc": "http://searchengineland.com/bing-audience-targeting-in-market-custom-audiences-277080", "row": 55, "column": 86, "tagName": "link", "time": 12664.789457, "url": "http://searchengineland.com/apple-touch-icon.png", "pos": 1, "chunkLen": 1, "isStartTag": 1}}
06-28 12:06:37.519  1452  1466 E WProf.db: {"WprofHTMLTag": {"code": "0xaf047d00", "doc": "http://searchengineland.com/bing-audience-targeting-in-market-custom-audiences-277080", "row": 56, "column": 76, "tagName": "link", "time": 12664.789811, "url": "http://searchengineland.com/favicon.ico", "pos": 1, "chunkLen": 1, "isStartTag": 1}}
06-28 12:06:37.519  1452  1466 E WProf.db: {"WprofHTMLTag": {"code": "0xaf047d30", "doc": "http://searchengineland.com/bing-audience-targeting-in-market-custom-audiences-277080", "row": 57, "column": 158, "tagName": "link", "time": 12664.790141, "url": "http://feeds.searchengineland.com/searchengineland", "pos": 1, "chunkLen": 1, "isStartTag": 1}}
06-28 12:06:37.519  1452  1466 E WProf.db: {"WprofHTMLTag": {"code": "0xaf047d60", "doc": "http://searchengineland.com/bing-audience-targeting-in-market-custom-audiences-277080", "row": 58, "column": 149, "tagName": "link", "time": 12664.791091, "url": "http://feeds.searchengineland.com/searchcap", "pos": 1, "chunkLen": 1, "isStartTag": 1}}
06-28 12:06:37.519  1452  1466 E WProf.db: {"WprofHTMLTag": {"code": "0xaf047d90", "doc": "http://searchengineland.com/bing-audience-targeting-in-market-custom-audiences-277080", "row": 59, "column": 150, "tagName": "link", "time": 12664.791420, "url": "http://searchengineland.com/figz/wp-content/themes/searchengineland/css/searchengineland-bootstrap.css", "pos": 1, "chunkLen": 1, "isStartTag": 1}}
06-28 12:06:37.519  1452  1466 E WProf.db: {"WprofHTMLTag": {"code": "0xaf047df0", "doc": "http://searchengineland.com/bing-audience-targeting-in-market-custom-audiences-277080", "row": 60, "column": 105, "tagName": "link", "time": 12664.792075, "url": "http://fonts.googleapis.com/css?family=Oswald:300,400,700", "pos": 1, "chunkLen": 1, "isStartTag": 1}}
06-28 12:06:37.519  1452  1466 E WProf.db: {"WprofHTMLTag": {"code": "0xaf047e50", "doc": "http://searchengineland.com/bing-audience-targeting-in-market-custom-audiences-277080", "row": 61, "column": 125, "tagName": "link", "time": 12664.792599, "url": "http://searchengineland.com/figz/wp-content/themes/searchengineland/style.css", "pos": 1, "chunkLen": 1, "isStartTag": 1}}
06-28 12:06:37.519  1452  1466 E WProf.db: {"WprofHTMLTag": {"code": "0xaf047eb0", "doc": "http://searchengineland.com/bing-audience-targeting-in-market-custom-audiences-277080", "row": 65, "column": 7, "tagName": "title", "time": 12664.793118, "url": "", "pos": 1, "chunkLen": 1, "isStartTag": 1}}
06-28 12:06:37.519  1452  1466 E WProf.db: {"WprofHTMLTag": {"code": "0xaf047ee0", "doc": "http://searchengineland.com/bing-audience-targeting-in-market-custom-audiences-277080", "row": 65, "column": 74, "tagName": "title", "time": 12664.793215, "url": "", "pos": 1, "chunkLen": 1, "isStartTag": 0}}
06-28 12:06:37.519  1452  1466 E WProf.db: {"WprofHTMLTag": {"code": "0xaf047f10", "doc": "http://searchengineland.com/bing-audience-targeting-in-market-custom-audiences-277080", "row": 66, "column": 118, "tagName": "meta", "time": 12664.793235, "url": "", "pos": 1, "chunkLen": 1, "isStartTag": 1}}
06-28 12:06:37.519  1452  1466 E WProf.db: {"WprofHTMLTag": {"code": "0xaf047f40", "doc": "http://searchengineland.com/bing-audience-targeting-in-market-custom-audiences-277080", "row": 67, "column": 40, "tagName": "meta", "time": 12664.793356, "url": "", "pos": 1, "chunkLen": 1, "isStartTag": 1}}
06-28 12:06:37.519  1452  1466 E WProf.db: {"WprofHTMLTag": {"code": "0xaf047f70", "doc": "http://searchengineland.com/bing-audience-targeting-in-market-custom-audiences-277080", "row": 68, "column": 127, "tagName": "meta", "time": 12664.793484, "url": "", "pos": 1, "chunkLen": 1, "isStartTag": 1}}
06-28 12:06:37.520  1452  1466 E WProf.db: {"WprofHTMLTag": {"code": "0xaf047fa0", "doc": "http://searchengineland.com/bing-audience-targeting-in-market-custom-audiences-277080", "row": 69, "column": 37, "tagName": "meta", "time": 12664.793605, "url": "", "pos": 1, "chunkLen": 1, "isStartTag": 1}}
06-28 12:06:37.520  1452  1466 E WProf.db: {"WprofHTMLTag": {"code": "0xaf047fd0", "doc": "http://searchengineland.com/bing-audience-targeting-in-market-custom-audiences-277080", "row": 70, "column": 117, "tagName": "link", "time": 12664.793727, "url": "http://searchengineland.com/bing-audience-targeting-in-market-custom-audiences-277080", "pos": 1, "chunkLen": 1, "isStartTag": 1}}
06-28 12:06:37.520  1452  1466 E WProf.db: {"WprofHTMLTag": {"code": "0xb4cc74b0", "doc": "http://searchengineland.com/bing-audience-targeting-in-market-custom-audiences-277080", "row": 71, "column": 76, "tagName": "link", "time": 12664.793926, "url": "https://plus.google.com/103218677032751327334", "pos": 1, "chunkLen": 1, "isStartTag": 1}}
06-28 12:06:37.520  1452  1466 E WProf.db: {"WprofHTMLTag": {"code": "0xb4cc7540", "doc": "http://searchengineland.com/bing-audience-targeting-in-market-custom-audiences-277080", "row": 72, "column": 45, "tagName": "meta", "time": 12664.794129, "url": "", "pos": 1, "chunkLen": 1, "isStartTag": 1}}
06-28 12:06:37.520  1452  1466 E WProf.db: {"WprofHTMLTag": {"code": "0xb4cc78a0", "doc": "http://searchengineland.com/bing-audience-targeting-in-market-custom-audiences-277080", "row": 73, "column": 45, "tagName": "meta", "time": 12664.794263, "url": "", "pos": 1, "chunkLen": 1, "isStartTag": 1}}
06-28 12:06:37.520  1452  1466 E WProf.db: {"WprofHTMLTag": {"code": "0xb4cc78d0", "doc": "http://searchengineland.com/bing-audience-targeting-in-market-custom-audiences-277080", "row": 74, "column": 98, "tagName": "meta", "time": 12664.794381, "url": "", "pos": 1, "chunkLen": 1, "isStartTag": 1}}
06-28 12:06:37.520  1452  1466 E WProf.db: {"WprofHTMLTag": {"code": "0xb4cc7900", "doc": "http://searchengineland.com/bing-audience-targeting-in-market-custom-audiences-277080", "row": 75, "column": 126, "tagName": "meta", "time": 12664.794501, "url": "", "pos": 1, "chunkLen": 1, "isStartTag": 1}}
06-28 12:06:37.520  1452  1466 E WProf.db: {"WprofHTMLTag": {"code": "0xb4cc7930", "doc": "http://searchengineland.com/bing-audience-targeting-in-market-custom-audiences-277080", "row": 76, "column": 122, "tagName": "meta", "time": 12664.794621, "url": "", "pos": 1, "chunkLen": 1, "isStartTag": 1}}
06-28 12:06:37.520  1452  1466 E WProf.db: {"WprofHTMLTag": {"code": "0xb4cc7960", "doc": "http://searchengineland.com/bing-audience-targeting-in-market-custom-audiences-277080", "row": 77, "column": 61, "tagName": "meta", "time": 12664.794744, "url": "", "pos": 1, "chunkLen": 1, "isStartTag": 1}}
06-28 12:06:37.520  1452  1466 E WProf.db: {"WprofHTMLTag": {"code": "0xb4cc7990", "doc": "http://searchengineland.com/bing-audience-targeting-in-market-custom-audiences-277080", "row": 78, "column": 89, "tagName": "meta", "time": 12664.794863, "url": "", "pos": 1, "chunkLen": 1, "isStartTag": 1}}
06-28 12:06:37.520  1452  1466 E WProf.db: {"WprofHTMLTag": {"code": "0xb4cc79c0", "doc": "http://searchengineland.com/bing-audience-targeting-in-market-custom-audiences-277080", "row": 79, "column": 82, "tagName": "meta", "time": 12664.794987, "url": "", "pos": 1, "chunkLen": 1, "isStartTag": 1}}
06-28 12:06:37.520  1452  1466 E WProf.db: {"WprofHTMLTag": {"code": "0xb4cc79f0", "doc": "http://searchengineland.com/bing-audience-targeting-in-market-custom-audiences-277080", "row": 80, "column": 50, "tagName": "meta", "time": 12664.795118, "url": "", "pos": 1, "chunkLen": 1, "isStartTag": 1}}
06-28 12:06:37.521  1452  1466 E WProf.db: {"WprofHTMLTag": {"code": "0xb4cc7a20", "doc": "http://searchengineland.com/bing-audience-targeting-in-market-custom-audiences-277080", "row": 81, "column": 78, "tagName": "meta", "time": 12664.795238, "url": "", "pos": 1, "chunkLen": 1, "isStartTag": 1}}
06-28 12:06:37.521  1452  1466 E WProf.db: {"WprofHTMLTag": {"code": "0xb4cc7a50", "doc": "http://searchengineland.com/bing-audience-targeting-in-market-custom-audiences-277080", "row": 82, "column": 77, "tagName": "meta", "time": 12664.795360, "url": "", "pos": 1, "chunkLen": 1, "isStartTag": 1}}
06-28 12:06:37.521  1452  1466 E WProf.db: {"WprofHTMLTag": {"code": "0xb4cc7a80", "doc": "http://searchengineland.com/bing-audience-targeting-in-market-custom-audiences-277080", "row": 83, "column": 71, "tagName": "meta", "time": 12664.795480, "url": "", "pos": 1, "chunkLen": 1, "isStartTag": 1}}
06-28 12:06:37.521  1452  1466 E WProf.db: {"WprofHTMLTag": {"code": "0xb4cc7ab0", "doc": "http://searchengineland.com/bing-audience-targeting-in-market-custom-audiences-277080", "row": 84, "column": 120, "tagName": "meta", "time": 12664.795599, "url": "", "pos": 1, "chunkLen": 1, "isStartTag": 1}}
06-28 12:06:37.521  1452  1466 E WProf.db: {"WprofHTMLTag": {"code": "0xb4cc7ae0", "doc": "http://searchengineland.com/bing-audience-targeting-in-market-custom-audiences-277080", "row": 85, "column": 49, "tagName": "meta", "time": 12664.795714, "url": "", "pos": 1, "chunkLen": 1, "isStartTag": 1}}
06-28 12:06:37.521  1452  1466 E WProf.db: {"WprofHTMLTag": {"code": "0xb4cc7b10", "doc": "http://searchengineland.com/bing-audience-targeting-in-market-custom-audiences-277080", "row": 86, "column": 50, "tagName": "meta", "time": 12664.795833, "url": "", "pos": 1, "chunkLen": 1, "isStartTag": 1}}
06-28 12:06:37.521  1452  1466 E WProf.db: {"WprofHTMLTag": {"code": "0xb4cc7b40", "doc": "http://searchengineland.com/bing-audience-targeting-in-market-custom-audiences-277080", "row": 87, "column": 58, "tagName": "meta", "time": 12664.795945, "url": "", "pos": 1, "chunkLen": 1, "isStartTag": 1}}
06-28 12:06:37.521  1452  1466 E WProf.db: {"WprofHTMLTag": {"code": "0xb4cc7b70", "doc": "http://searchengineland.com/bing-audience-targeting-in-market-custom-audiences-277080", "row": 88, "column": 127, "tagName": "meta", "time": 12664.796065, "url": "", "pos": 1, "chunkLen": 1, "isStartTag": 1}}
06-28 12:06:37.521  1452  1466 E WProf.db: {"WprofHTMLTag": {"code": "0xb4cc7ba0", "doc": "http://searchengineland.com/bing-audience-targeting-in-market-custom-audiences-277080", "row": 89, "column": 99, "tagName": "meta", "time": 12664.796193, "url": "", "pos": 1, "chunkLen": 1, "isStartTag": 1}}
06-28 12:06:37.521  1452  1466 E WProf.db: {"WprofHTMLTag": {"code": "0xb4cc7bd0", "doc": "http://searchengineland.com/bing-audience-targeting-in-market-custom-audiences-277080", "row": 90, "column": 51, "tagName": "meta", "time": 12664.796316, "url": "", "pos": 1, "chunkLen": 1, "isStartTag": 1}}
06-28 12:06:37.521  1452  1466 E WProf.db: {"WprofHTMLTag": {"code": "0xb4cc7c00", "doc": "http://searchengineland.com/bing-audience-targeting-in-market-custom-audiences-277080", "row": 91, "column": 121, "tagName": "meta", "time": 12664.796434, "url": "", "pos": 1, "chunkLen": 1, "isStartTag": 1}}
06-28 12:06:37.521  1452  1466 E WProf.db: {"WprofHTMLTag": {"code": "0xb4cc7c30", "doc": "http://searchengineland.com/bing-audience-targeting-in-market-custom-audiences-277080", "row": 92, "column": 54, "tagName": "meta", "time": 12664.796557, "url": "", "pos": 1, "chunkLen": 1, "isStartTag": 1}}
06-28 12:06:37.522  1452  1466 E WProf.db: {"WprofHTMLTag": {"code": "0xb4cc7c60", "doc": "http://searchengineland.com/bing-audience-targeting-in-market-custom-audiences-277080", "row": 95, "column": 44, "tagName": "link", "time": 12664.796680, "url": "http://s.w.org/", "pos": 1, "chunkLen": 1, "isStartTag": 1}}
06-28 12:06:37.522  1452  1466 E WProf.db: {"WprofHTMLTag": {"code": "0xb4cc7c90", "doc": "http://searchengineland.com/bing-audience-targeting-in-market-custom-audiences-277080", "row": 96, "column": 33, "tagName": "script", "time": 12664.796931, "url": "", "pos": 1, "chunkLen": 1, "isStartTag": 1}}
06-28 12:06:37.522  1452  1466 E WProf.db: {"WprofHTMLTag": {"code": "0xb4cc7cc0", "doc": "http://searchengineland.com/bing-audience-targeting-in-market-custom-audiences-277080", "row": 99, "column": 11, "tagName": "script", "time": 12664.797146, "url": "http://searchengineland.com/figz/wp-includes/js/wp-emoji-release.min.js?ver=4.7.5", "pos": 1, "chunkLen": 1, "isStartTag": 0}}
06-28 12:06:37.522  1452  1466 E WProf.db: {"WprofHTMLTag": {"code": "0xaa2b59c0", "doc": "http://searchengineland.com/bing-audience-targeting-in-market-custom-audiences-277080", "row": 100, "column": 25, "tagName": "style", "time": 12665.278643, "url": "", "pos": 1, "chunkLen": 1, "isStartTag": 1}}
06-28 12:06:37.522  1452  1466 E WProf.db: {"WprofHTMLTag": {"code": "0xaa2b59f0", "doc": "http://searchengineland.com/bing-audience-targeting-in-market-custom-audiences-277080", "row": 113, "column": 8, "tagName": "style", "time": 12665.278854, "url": "", "pos": 1, "chunkLen": 1, "isStartTag": 0}}
06-28 12:06:37.522  1452  1466 E WProf.db: {"WprofHTMLTag": {"code": "0xaa2b5a20", "doc": "http://searchengineland.com/bing-audience-targeting-in-market-custom-audiences-277080", "row": 114, "column": 140, "tagName": "script", "time": 12665.280402, "url": "http://searchengineland.com/figz/wp-content/themes/searchengineland/js/lib/modernizr.custom.js?ver=1.0", "pos": 1, "chunkLen": 1, "isStartTag": 1}}
06-28 12:06:37.522  1452  1466 E WProf.db: {"WprofHTMLTag": {"code": "0xaa2b5a50", "doc": "http://searchengineland.com/bing-audience-targeting-in-market-custom-audiences-277080", "row": 114, "column": 149, "tagName": "script", "time": 12665.280628, "url": "", "pos": 1, "chunkLen": 1, "isStartTag": 0}}
06-28 12:06:37.522  1452  1466 E WProf.db: {"WprofHTMLTag": {"code": "0xaeddab40", "doc": "http://searchengineland.com/bing-audience-targeting-in-market-custom-audiences-277080", "row": 115, "column": 144, "tagName": "script", "time": 12665.289090, "url": "http://searchengineland.com/figz/wp-content/themes/searchengineland/js/lib/jquery-1.11.0.min.js?ver=1.11.0", "pos": 1, "chunkLen": 1, "isStartTag": 1}}
06-28 12:06:37.522  1452  1466 E WProf.db: {"WprofHTMLTag": {"code": "0xaeddab10", "doc": "http://searchengineland.com/bing-audience-targeting-in-market-custom-audiences-277080", "row": 115, "column": 153, "tagName": "script", "time": 12665.289341, "url": "", "pos": 1, "chunkLen": 1, "isStartTag": 0}}
06-28 12:06:37.522  1452  1466 E WProf.db: {"WprofHTMLTag": {"code": "0xaeddac30", "doc": "http://searchengineland.com/bing-audience-targeting-in-market-custom-audiences-277080", "row": 0, "column": 15, "tagName": "div", "time": 12665.441762, "url": "", "pos": 15, "chunkLen": 44, "isStartTag": 1}}
06-28 12:06:37.522  1452  1466 E WProf.db: {"WprofHTMLTag": {"code": "0xaeddac00", "doc": "http://searchengineland.com/bing-audience-targeting-in-market-custom-audiences-277080", "row": 0, "column": 21, "tagName": "div", "time": 12665.441915, "url": "", "pos": 21, "chunkLen": 44, "isStartTag": 0}}
06-28 12:06:37.522  1452  1466 E WProf.db: {"WprofHTMLTag": {"code": "0xaeddac60", "doc": "http://searchengineland.com/bing-audience-targeting-in-market-custom-audiences-277080", "row": 0, "column": 38, "tagName": "div", "time": 12665.441983, "url": "", "pos": 38, "chunkLen": 44, "isStartTag": 1}}
06-28 12:06:37.523  1452  1466 E WProf.db: {"WprofHTMLTag": {"code": "0xaeddab70", "doc": "http://searchengineland.com/bing-audience-targeting-in-market-custom-audiences-277080", "row": 0, "column": 44, "tagName": "div", "time": 12665.442125, "url": "", "pos": 44, "chunkLen": 44, "isStartTag": 0}}
06-28 12:06:37.523  1452  1466 E WProf.db: {"WprofHTMLTag": {"code": "0xaeddaea0", "doc": "http://searchengineland.com/bing-audience-targeting-in-market-custom-audiences-277080", "row": 0, "column": 13, "tagName": "select", "time": 12665.443877, "url": "", "pos": 13, "chunkLen": 51, "isStartTag": 1}}
06-28 12:06:37.523  1452  1466 E WProf.db: {"WprofHTMLTag": {"code": "0xaa2b5b10", "doc": "http://searchengineland.com/bing-audience-targeting-in-market-custom-audiences-277080", "row": 0, "column": 33, "tagName": "option", "time": 12665.444058, "url": "", "pos": 33, "chunkLen": 51, "isStartTag": 1}}
06-28 12:06:37.523  1452  1466 E WProf.db: {"WprofHTMLTag": {"code": "0xaa2b5b40", "doc": "http://searchengineland.com/bing-audience-targeting-in-market-custom-audiences-277080", "row": 0, "column": 42, "tagName": "option", "time": 12665.444307, "url": "", "pos": 42, "chunkLen": 51, "isStartTag": 0}}
06-28 12:06:37.523  1452  1466 E WProf.db: {"WprofHTMLTag": {"code": "0xaa2b5b70", "doc": "http://searchengineland.com/bing-audience-targeting-in-market-custom-audiences-277080", "row": 0, "column": 51, "tagName": "select", "time": 12665.444364, "url": "", "pos": 51, "chunkLen": 51, "isStartTag": 0}}
06-28 12:06:37.523  1452  1466 E WProf.db: {"WprofHTMLTag": {"code": "0xaa2b5ba0", "doc": "http://searchengineland.com/bing-audience-targeting-in-market-custom-audiences-277080", "row": 0, "column": 12, "tagName": "a", "time": 12665.448796, "url": "", "pos": 12, "chunkLen": 16, "isStartTag": 1}}
06-28 12:06:37.523  1452  1466 E WProf.db: {"WprofHTMLTag": {"code": "0xaa2b5bd0", "doc": "http://searchengineland.com/bing-audience-targeting-in-market-custom-audiences-277080", "row": 0, "column": 16, "tagName": "a", "time": 12665.448948, "url": "", "pos": 16, "chunkLen": 16, "isStartTag": 0}}
06-28 12:06:37.523  1452  1466 E WProf.db: {"WprofHTMLTag": {"code": "0xaa2b5c00", "doc": "http://searchengineland.com/bing-audience-targeting-in-market-custom-audiences-277080", "row": 0, "column": 8, "tagName": "input", "time": 12665.449921, "url": "", "pos": 8, "chunkLen": 8, "isStartTag": 1}}
06-28 12:06:37.523  1452  1466 E WProf.db: {"WprofHTMLTag": {"code": "0xaa2b5c30", "doc": "http://searchengineland.com/bing-audience-targeting-in-market-custom-audiences-277080", "row": 0, "column": 9, "tagName": "link", "time": 12665.460296, "url": "", "pos": 9, "chunkLen": 42, "isStartTag": 1}}
06-28 12:06:37.523  1452  1466 E WProf.db: {"WprofHTMLTag": {"code": "0xaa2b5c60", "doc": "http://searchengineland.com/bing-audience-targeting-in-market-custom-audiences-277080", "row": 0, "column": 16, "tagName": "table", "time": 12665.460412, "url": "", "pos": 16, "chunkLen": 42, "isStartTag": 1}}
06-28 12:06:37.523  1452  1466 E WProf.db: {"WprofHTMLTag": {"code": "0xaa2b5c90", "doc": "http://searchengineland.com/bing-audience-targeting-in-market-custom-audiences-277080", "row": 0, "column": 24, "tagName": "table", "time": 12665.460552, "url": "", "pos": 24, "chunkLen": 42, "isStartTag": 0}}
06-28 12:06:37.523  1452  1466 E WProf.db: {"WprofHTMLTag": {"code": "0xaa2b5cc0", "doc": "http://searchengineland.com/bing-audience-targeting-in-market-custom-audiences-277080", "row": 0, "column": 37, "tagName": "a", "time": 12665.460619, "url": "", "pos": 37, "chunkLen": 42, "isStartTag": 1}}
06-28 12:06:37.523  1452  1466 E WProf.db: {"WprofHTMLTag": {"code": "0xaa2b5cf0", "doc": "http://searchengineland.com/bing-audience-targeting-in-market-custom-audiences-277080", "row": 0, "column": 42, "tagName": "a", "time": 12665.460790, "url": "", "pos": 42, "chunkLen": 42, "isStartTag": 0}}
06-28 12:06:37.524  1452  1466 E WProf.db: {"WprofHTMLTag": {"code": "0xaa2b5d80", "doc": "http://searchengineland.com/bing-audience-targeting-in-market-custom-audiences-277080", "row": 0, "column": 10, "tagName": "textarea", "time": 12665.462012, "url": "", "pos": 10, "chunkLen": 22, "isStartTag": 1}}
06-28 12:06:37.524  1452  1466 E WProf.db: {"WprofHTMLTag": {"code": "0xaa2b5db0", "doc": "http://searchengineland.com/bing-audience-targeting-in-market-custom-audiences-277080", "row": 0, "column": 22, "tagName": "textarea", "time": 12665.462204, "url": "", "pos": 22, "chunkLen": 22, "isStartTag": 0}}
06-28 12:06:37.524  1452  1466 E WProf.db: {"WprofHTMLTag": {"code": "0xaa2b5de0", "doc": "http://searchengineland.com/bing-audience-targeting-in-market-custom-audiences-277080", "row": 0, "column": 48, "tagName": "input", "time": 12665.463479, "url": "", "pos": 48, "chunkLen": 48, "isStartTag": 1}}
06-28 12:06:37.524  1452  1466 E WProf.db: {"WprofHTMLTag": {"code": "0xaa2b5e40", "doc": "http://searchengineland.com/bing-audience-targeting-in-market-custom-audiences-277080", "row": 0, "column": 9, "tagName": "link", "time": 12665.468168, "url": "", "pos": 9, "chunkLen": 66, "isStartTag": 1}}
06-28 12:06:37.524  1452  1466 E WProf.db: {"WprofHTMLTag": {"code": "0xaa2b5e70", "doc": "http://searchengineland.com/bing-audience-targeting-in-market-custom-audiences-277080", "row": 0, "column": 16, "tagName": "table", "time": 12665.468284, "url": "", "pos": 16, "chunkLen": 66, "isStartTag": 1}}
06-28 12:06:37.524  1452  1466 E WProf.db: {"WprofHTMLTag": {"code": "0xaa2b5ea0", "doc": "http://searchengineland.com/bing-audience-targeting-in-market-custom-audiences-277080", "row": 0, "column": 24, "tagName": "table", "time": 12665.468361, "url": "", "pos": 24, "chunkLen": 66, "isStartTag": 0}}
06-28 12:06:37.524  1452  1466 E WProf.db: {"WprofHTMLTag": {"code": "0xaa2b5ed0", "doc": "http://searchengineland.com/bing-audience-targeting-in-market-custom-audiences-277080", "row": 0, "column": 37, "tagName": "a", "time": 12665.468431, "url": "", "pos": 37, "chunkLen": 66, "isStartTag": 1}}
06-28 12:06:37.524  1452  1466 E WProf.db: {"WprofHTMLTag": {"code": "0xaa2b5f00", "doc": "http://searchengineland.com/bing-audience-targeting-in-market-custom-audiences-277080", "row": 0, "column": 42, "tagName": "a", "time": 12665.468610, "url": "", "pos": 42, "chunkLen": 66, "isStartTag": 0}}
06-28 12:06:37.524  1452  1466 E WProf.db: {"WprofHTMLTag": {"code": "0xaa2b5f30", "doc": "http://searchengineland.com/bing-audience-targeting-in-market-custom-audiences-277080", "row": 0, "column": 66, "tagName": "input", "time": 12665.468983, "url": "", "pos": 66, "chunkLen": 66, "isStartTag": 1}}
06-28 12:06:37.524  1452  1466 E WProf.db: {"WprofHTMLTag": {"code": "0xaa2b5fc0", "doc": "http://searchengineland.com/bing-audience-targeting-in-market-custom-audiences-277080", "row": 0, "column": 9, "tagName": "link", "time": 12665.470914, "url": "", "pos": 9, "chunkLen": 66, "isStartTag": 1}}
06-28 12:06:37.525  1452  1466 E WProf.db: {"WprofHTMLTag": {"code": "0xaa2b5ff0", "doc": "http://searchengineland.com/bing-audience-targeting-in-market-custom-audiences-277080", "row": 0, "column": 16, "tagName": "table", "time": 12665.471027, "url": "", "pos": 16, "chunkLen": 66, "isStartTag": 1}}
06-28 12:06:37.525  1452  1466 E WProf.db: {"WprofHTMLTag": {"code": "0xaa2b6020", "doc": "http://searchengineland.com/bing-audience-targeting-in-market-custom-audiences-277080", "row": 0, "column": 24, "tagName": "table", "time": 12665.471108, "url": "", "pos": 24, "chunkLen": 66, "isStartTag": 0}}
06-28 12:06:37.525  1452  1466 E WProf.db: {"WprofHTMLTag": {"code": "0xaa2b6050", "doc": "http://searchengineland.com/bing-audience-targeting-in-market-custom-audiences-277080", "row": 0, "column": 37, "tagName": "a", "time": 12665.471172, "url": "", "pos": 37, "chunkLen": 66, "isStartTag": 1}}
06-28 12:06:37.525  1452  1466 E WProf.db: {"WprofHTMLTag": {"code": "0xaa2b6080", "doc": "http://searchengineland.com/bing-audience-targeting-in-market-custom-audiences-277080", "row": 0, "column": 42, "tagName": "a", "time": 12665.471343, "url": "", "pos": 42, "chunkLen": 66, "isStartTag": 0}}
06-28 12:06:37.525  1452  1466 E WProf.db: {"WprofHTMLTag": {"code": "0xaa2b60b0", "doc": "http://searchengineland.com/bing-audience-targeting-in-market-custom-audiences-277080", "row": 0, "column": 66, "tagName": "input", "time": 12665.471404, "url": "", "pos": 66, "chunkLen": 66, "isStartTag": 1}}
06-28 12:06:37.525  1452  1466 E WProf.db: {"WprofHTMLTag": {"code": "0xaa2b6110", "doc": "http://searchengineland.com/bing-audience-targeting-in-market-custom-audiences-277080", "row": 0, "column": 9, "tagName": "link", "time": 12665.476210, "url": "", "pos": 9, "chunkLen": 66, "isStartTag": 1}}
06-28 12:06:37.526  1452  1466 E WProf.db: {"WprofHTMLTag": {"code": "0xaa2b6140", "doc": "http://searchengineland.com/bing-audience-targeting-in-market-custom-audiences-277080", "row": 0, "column": 16, "tagName": "table", "time": 12665.476329, "url": "", "pos": 16, "chunkLen": 66, "isStartTag": 1}}
06-28 12:06:37.526  1452  1466 E WProf.db: {"WprofHTMLTag": {"code": "0xaa2b6170", "doc": "http://searchengineland.com/bing-audience-targeting-in-market-custom-audiences-277080", "row": 0, "column": 24, "tagName": "table", "time": 12665.476405, "url": "", "pos": 24, "chunkLen": 66, "isStartTag": 0}}
06-28 12:06:37.526  1452  1466 E WProf.db: {"WprofHTMLTag": {"code": "0xaa2b61a0", "doc": "http://searchengineland.com/bing-audience-targeting-in-market-custom-audiences-277080", "row": 0, "column": 37, "tagName": "a", "time": 12665.476475, "url": "", "pos": 37, "chunkLen": 66, "isStartTag": 1}}
