--------- beginning of main
06-28 11:30:57.707  3449  3449 E Finsky  : [1] com.google.android.finsky.wear.bl.a(3): onConnectionFailed: ConnectionResult{statusCode=API_UNAVAILABLE, resolution=null, message=null}
--------- beginning of system
06-28 11:30:58.826 21796 21796 E chromium: [ERROR:shell_integration_android.cc(12)] Not implemented reached in static ShellIntegration::DefaultWebClientSetPermission ShellIntegration::CanSetAsDefaultBrowser()
06-28 11:30:58.830 21796 21796 E chromium: [ERROR:browser_process_impl.cc(720)] Not implemented reached in virtual BackgroundModeManager* BrowserProcessImpl::background_mode_manager()
06-28 11:30:59.130  3218 10777 E AudioRecord-JNI: Error -4 during AudioRecord native read
06-28 11:31:01.531 21796 21841 E chromium: [ERROR:gles2_cmd_decoder.cc(3852)] [.ChromiumCompositor-0xacbb2fc0]GL ERROR :GL_INVALID_ENUM : glDiscardFramebufferEXT: attachments was GL_COLOR_EXT
06-28 11:31:01.759 21863 21875 E WPROF   : {"CSS": {"url": "http://searchengineland.com/figz/wp-content/themes/searchengineland/css/searchengineland-bootstrap.css", "requestTime": 10538.814864}}
06-28 11:31:01.761 21863 21875 E WPROF   : {"CSS": {"url": "http://fonts.googleapis.com/css?family=Oswald:300,400,700", "requestTime": 10538.816600}}
06-28 11:31:01.763 21863 21875 E WPROF   : {"CSS": {"url": "http://searchengineland.com/figz/wp-content/themes/searchengineland/style.css", "requestTime": 10538.818507}}
06-28 11:31:01.776 21863 21875 E WPROF   : {"Javascript": {"url": "http://searchengineland.com/figz/wp-content/themes/searchengineland/js/lib/modernizr.custom.js?ver=1.0", "requestTime": 10538.831269}}
06-28 11:31:01.778 21863 21875 E WPROF   : {"Javascript": {"url": "http://searchengineland.com/figz/wp-content/themes/searchengineland/js/lib/jquery-1.11.0.min.js?ver=1.11.0", "requestTime": 10538.833583}}
06-28 11:31:01.780 21863 21875 E WPROF   : {"Javascript": {"url": "http://searchengineland.com/figz/wp-content/themes/searchengineland/js/lib/jquery-ui-1.10.3.custom.min.js?ver=1.10.3", "requestTime": 10538.835581}}
06-28 11:31:01.781 21863 21875 E WPROF   : {"Javascript": {"url": "http://searchengineland.com/figz/wp-content/themes/searchengineland/js/lib/jquery.ba-throttle-debounce.min.js?ver=1.1", "requestTime": 10538.836710}}
06-28 11:31:01.787 21863 21875 E WPROF   : {"Javascript": {"url": "http://searchengineland.com/figz/wp-content/themes/searchengineland/js/lib/jquery.countdown.min.js?ver=2.0.4", "requestTime": 10538.842333}}
06-28 11:31:01.788 21863 21875 E WPROF   : {"Javascript": {"url": "http://static.chartbeat.com/js/chartbeat_mab.js", "requestTime": 10538.843830}}
06-28 11:31:02.319 21863 21875 E WPROF   : {"Javascript": {"url": "http://searchengineland.com/figz/wp-includes/js/wp-emoji-release.min.js?ver=4.7.5", "requestTime": 10539.374213}}
06-28 11:31:02.921 21863 21875 E WPROF   : {"Javascript": {"url": "http://www.googletagservices.com/tag/js/gpt.js", "requestTime": 10539.977010}}
06-28 11:31:02.925 21863 21875 E WPROF   : {"Javascript": {"url": "https://www.google-analytics.com/analytics.js", "requestTime": 10539.980661}}
06-28 11:31:02.927 21863 21875 E WPROF   : {"Javascript": {"url": "http://edge.quantserve.com/quant.js", "requestTime": 10539.982482}}
06-28 11:31:02.928 21863 21875 E WPROF   : {"Javascript": {"url": "https://connect.facebook.net/en_US/fbevents.js", "requestTime": 10539.983900}}
06-28 11:31:03.002 21863 21875 E WPROF   : {"Javascript": {"url": "http://app-sj02.marketo.com/js/forms2/js/forms2.min.js", "requestTime": 10540.057558}}
06-28 11:31:03.023 21796 21841 E chromium: [ERROR:gles2_cmd_decoder.cc(3852)] [.ChromiumCompositor-0xacbb2fc0]GL ERROR :GL_INVALID_ENUM : glDiscardFramebufferEXT: attachments was GL_COLOR_EXT
06-28 11:31:03.084 21796 21841 E chromium: [ERROR:gles2_cmd_decoder.cc(3852)] [.ChromiumCompositor-0xacbb2fc0]GL ERROR :GL_INVALID_ENUM : glDiscardFramebufferEXT: attachments was GL_COLOR_EXT
06-28 11:31:03.143 21863 21875 E WPROF   : {"Javascript": {"url": "https://connect.facebook.net/signals/config/423979991297359?v=2.7.17", "requestTime": 10540.198366}}
06-28 11:31:03.308 21863 21875 E WPROF   : {"Javascript": {"url": "http://app-sj02.marketo.com/index.php/form/getForm?munchkinId=727-ZQE-044&form=5691&url=http%3A%2F%2Fsearchengineland.com%2Fbing-visual-search-lets-search-specific-objects-within-images-276156&callback=jQuery110206693859789520502_1498617063239&_=1498617063240", "requestTime": 10540.363546}}
06-28 11:31:03.326 21863 21875 E WPROF   : {"Javascript": {"url": "http://app-sj02.marketo.com/index.php/form/getForm?munchkinId=727-ZQE-044&form=5685&url=http%3A%2F%2Fsearchengineland.com%2Fbing-visual-search-lets-search-specific-objects-within-images-276156&callback=jQuery110206693859789520502_1498617063241&_=1498617063242", "requestTime": 10540.381848}}
06-28 11:31:03.358 21863 21875 E WPROF   : {"Javascript": {"url": "https://securepubads.g.doubleclick.net/gpt/pubads_impl_121.js", "requestTime": 10540.414205}}
06-28 11:31:03.527 21863 21875 E WPROF   : {"Javascript": {"url": "http://app-sj02.marketo.com/index.php/form/getForm?munchkinId=727-ZQE-044&form=5673&url=http%3A%2F%2Fsearchengineland.com%2Fbing-visual-search-lets-search-specific-objects-within-images-276156&callback=jQuery110206693859789520502_1498617063243&_=1498617063244", "requestTime": 10540.582628}}
06-28 11:31:03.540 21863 21875 E WPROF   : {"Javascript": {"url": "http://searchengineland.com/js/ga_social_tracking.js", "requestTime": 10540.595600}}
06-28 11:31:03.541 21863 21875 E WPROF   : {"Javascript": {"url": "http://s7.addthis.com/js/300/addthis_widget.js#pubid=ra-53e918f660794f37", "requestTime": 10540.596283}}
06-28 11:31:03.608 21796 21841 E chromium: [ERROR:gles2_cmd_decoder.cc(3852)] [.ChromiumCompositor-0xacbb2fc0]GL ERROR :GL_INVALID_ENUM : glDiscardFramebufferEXT: attachments was GL_COLOR_EXT
06-28 11:31:03.926 21796 21841 E chromium: [ERROR:gles2_cmd_decoder.cc(3852)] [.ChromiumCompositor-0xacbb2fc0]GL ERROR :GL_INVALID_ENUM : glDiscardFramebufferEXT: attachments was GL_COLOR_EXT
06-28 11:31:03.977 21863 21875 E WPROF   : {"CSS": {"url": "http://app-sj02.marketo.com/js/forms2/css/forms2.css", "requestTime": 10541.033171}}
06-28 11:31:03.980 21863 21875 E WPROF   : {"CSS": {"url": "http://app-sj02.marketo.com/js/forms2/css/forms2-theme-simple.css", "requestTime": 10541.035641}}
06-28 11:31:04.034 21863 21875 E WPROF   : {"Javascript": {"url": "https://static.xx.fbcdn.net/rsrc.php/v3iy6L4/yk/l/ko_KR/be4fIjHRc8P.js", "requestTime": 10541.089432}}
06-28 11:31:04.144 21796 21841 E chromium: [ERROR:gles2_cmd_decoder.cc(3852)] [.ChromiumCompositor-0xacbb2fc0]GL ERROR :GL_INVALID_ENUM : glDiscardFramebufferEXT: attachments was GL_COLOR_EXT
06-28 11:31:04.345   862  1657 E LocSvc_IzatApiV02: E/virtual int izat_core::IzatApiV02::getBatchSize(int32_t):522]: Error : st = 4, ind.status = -1628389555
06-28 11:31:04.345   862  1657 E LocSvc_IzatApiV02: E/virtual int izat_core::IzatApiV02::getBatchSize(int32_t):535]: get batching size failed.Or modem does not support batching 
06-28 11:31:04.354   862  1657 E LocSvc_IzatApiV02: E/virtual int izat_core::IzatApiV02::getBatchSize(int32_t):522]: Error : st = 4, ind.status = -1628389555
06-28 11:31:04.354   862  1657 E LocSvc_IzatApiV02: E/virtual int izat_core::IzatApiV02::getBatchSize(int32_t):535]: get batching size failed.Or modem does not support batching 
06-28 11:31:04.387   862  1657 E LocSvc_IzatApiV02: E/virtual int izat_core::IzatApiV02::getBatchSize(int32_t):522]: Error : st = 4, ind.status = -1628389555
06-28 11:31:04.387   862  1657 E LocSvc_IzatApiV02: E/virtual int izat_core::IzatApiV02::getBatchSize(int32_t):535]: get batching size failed.Or modem does not support batching 
06-28 11:31:04.396   862  1657 E LocSvc_IzatApiV02: E/virtual int izat_core::IzatApiV02::getBatchSize(int32_t):522]: Error : st = 4, ind.status = -1628389555
06-28 11:31:04.396   862  1657 E LocSvc_IzatApiV02: E/virtual int izat_core::IzatApiV02::getBatchSize(int32_t):535]: get batching size failed.Or modem does not support batching 
06-28 11:31:04.844 21863 21875 E WPROF   : {"Javascript": {"url": "https://securepubads.g.doubleclick.net/gampad/ads?gdfp_req=1&correlator=1425609956786176&output=json_html&callback=googletag.impl.pubads.callbackProxy1&impl=fifs&json_a=1&eid=108809080%2C108809147%2C108809103%2C108809155&sc=0&sfv=1-0-9&iu_parts=1038259%2Csel-ciu-1%2Csel-ciu-2%2Csel-ciu-3%2Csel-ciu-4", "requestTime": 10541.899375}}
06-28 11:31:04.955 21863 21875 E WPROF   : {"Javascript": {"url": "http://cdn.api.twitter.com/1/users/show.json?screen_name=mattmcgee&callback=twttr.setFollowersCount", "requestTime": 10542.010544}}
06-28 11:31:05.393 21863 21875 E WPROF   : {"Javascript": {"url": "http://platform.twitter.com/widgets.js", "requestTime": 10542.448919}}
06-28 11:31:05.405 21863 21875 E WPROF   : {"Javascript": {"url": "http://connect.facebook.net/en_US/sdk.js", "requestTime": 10542.460362}}
06-28 11:31:05.413 21863 21875 E WPROF   : {"Javascript": {"url": "https://apis.google.com/js/platform.js", "requestTime": 10542.468386}}
06-28 11:31:05.485 21863 21875 E WPROF   : {"Javascript": {"url": "http://rules.quantcount.com/rules-p-5aGizvD82d9hk.js", "requestTime": 10542.540831}}
06-28 11:31:05.493 21863 21875 E WPROF   : {"Javascript": {"url": "http://munchkin.marketo.net/munchkin.js", "requestTime": 10542.548200}}
06-28 11:31:05.622 21796 21841 E chromium: [ERROR:gles2_cmd_decoder.cc(3852)] [.ChromiumCompositor-0xacbb2fc0]GL ERROR :GL_INVALID_ENUM : glDiscardFramebufferEXT: attachments was GL_COLOR_EXT
06-28 11:31:05.763 21863 21875 E WPROF   : {"Javascript": {"url": "http://d2j3qa5nc37287.cloudfront.net/coupon_code1.js", "requestTime": 10542.818352}}
06-28 11:31:05.771 21863 21875 E WPROF   : {"Javascript": {"url": "http://www.googleadservices.com/pagead/conversion.js", "requestTime": 10542.826834}}
06-28 11:31:05.773 21863 21875 E WPROF   : {"Javascript": {"url": "http://searchengineland.com/figz/wp-content/themes/searchengineland/js/script.js?ver=1.0", "requestTime": 10542.829156}}
06-28 11:31:05.774 21863 21875 E WPROF   : {"Javascript": {"url": "http://searchengineland.com/figz/wp-includes/js/wp-embed.min.js?ver=4.7.5", "requestTime": 10542.829568}}
06-28 11:31:05.777 21863 21875 E WPROF   : {"Javascript": {"url": "http://searchengineland.com/figz/wp-content/themes/searchengineland/js/modules/sharing_controls.js", "requestTime": 10542.832792}}
06-28 11:31:05.794 21863 21875 E WPROF   : {"CSS": {"url": "https://www.youtube.com/yts/cssbin/www-embed-player-sprite-mode-vfl5G4Xm8.css", "requestTime": 10542.849818}}
06-28 11:31:05.801 21863 21875 E WPROF   : {"Javascript": {"url": "https://www.youtube.com/yts/jsbin/www-embed-player-vfl_UY_j8/www-embed-player.js", "requestTime": 10542.856474}}
06-28 11:31:05.804 21863 21875 E WPROF   : {"Javascript": {"url": "https://www.youtube.com/yts/jsbin/player-vflo1w4O-/ko_KR/base.js", "requestTime": 10542.859865}}
06-28 11:31:05.877 21796 21841 E chromium: [ERROR:gles2_cmd_decoder.cc(3852)] [.ChromiumCompositor-0xacbb2fc0]GL ERROR :GL_INVALID_ENUM : glDiscardFramebufferEXT: attachments was GL_COLOR_EXT
06-28 11:31:06.657 21863 21875 E WPROF   : {"Javascript": {"url": "http://m.addthisedge.com/live/boost/ra-53e918f660794f37/_ate.track.config_resp", "requestTime": 10543.712495}}
06-28 11:31:06.720 21863 21875 E WPROF   : {"Javascript": {"url": "http://m.addthis.com/live/red_lojson/300lo.json?si=595314e979c12d89&bkl=0&bl=1&pdt=2119&sid=595314e979c12d89&pub=ra-53e918f660794f37&rev=v7.15.4-wp&ln=ko&pc=men&cb=0&ab=-&dp=searchengineland.com&fp=bing-visual-search-lets-search-specific-objects-within-images-276156&fr=&of=0&pd=0&irt=0&vcl=0&md=0&ct", "requestTime": 10543.775925}}
06-28 11:31:06.913 21796 21841 E chromium: [ERROR:gles2_cmd_decoder.cc(3852)] [.ChromiumCompositor-0xacbb2fc0]GL ERROR :GL_INVALID_ENUM : glDiscardFramebufferEXT: attachments was GL_COLOR_EXT
06-28 11:31:06.965 21863 21875 E WPROF   : {"Javascript": {"url": "http://dnn506yrbagrg.cloudfront.net/pages/scripts/0026/4062.js?416282", "requestTime": 10544.020870}}
06-28 11:31:08.254 21863 21875 E WPROF   : {"Javascript": {"url": "https://www.google.com/js/bg/KWBfAnWFESAEEaKKgdYlTHY9ysQaNoQuzeMFqvxDSM8.js", "requestTime": 10545.309643}}
06-28 11:31:08.256 21863 21875 E WPROF   : {"Javascript": {"url": "https://static.doubleclick.net/instream/ad_status.js", "requestTime": 10545.312101}}
06-28 11:31:08.460 21796 21841 E chromium: [ERROR:gles2_cmd_decoder.cc(3852)] [.ChromiumCompositor-0xacbb2fc0]GL ERROR :GL_INVALID_ENUM : glDiscardFramebufferEXT: attachments was GL_COLOR_EXT
06-28 11:31:08.771 21796 21841 E chromium: [ERROR:gles2_cmd_decoder.cc(3852)] [.ChromiumCompositor-0xacbb2fc0]GL ERROR :GL_INVALID_ENUM : glDiscardFramebufferEXT: attachments was GL_COLOR_EXT
06-28 11:31:08.924 21796 21841 E chromium: [ERROR:gles2_cmd_decoder.cc(3852)] [.ChromiumCompositor-0xacbb2fc0]GL ERROR :GL_INVALID_ENUM : glDiscardFramebufferEXT: attachments was GL_COLOR_EXT
06-28 11:31:09.164 21796 21841 E chromium: [ERROR:gles2_cmd_decoder.cc(3852)] [.ChromiumCompositor-0xacbb2fc0]GL ERROR :GL_INVALID_ENUM : glDiscardFramebufferEXT: attachments was GL_COLOR_EXT
06-28 11:31:09.767 21863 21875 E WPROF   : {"Javascript": {"url": "https://tpc.googlesyndication.com/pagead/js/r20170619/r20110914/client/ext/m_window_focus_non_hydra.js", "requestTime": 10546.822605}}
06-28 11:31:09.769 21863 21875 E WPROF   : {"Javascript": {"url": "https://tpc.googlesyndication.com/pagead/js/r20170619/r20110914/activeview/osd_listener.js", "requestTime": 10546.824654}}
06-28 11:31:09.773 21863 21875 E WPROF   : {"Javascript": {"url": "http://pagead2.googlesyndication.com/pagead/osd.js", "requestTime": 10546.828939}}
06-28 11:31:09.844 21863 21875 E WPROF   : {"Javascript": {"url": "http://munchkin.marketo.net/151/munchkin.js", "requestTime": 10546.899296}}
06-28 11:31:10.035 21863 21875 E WPROF   : {"Javascript": {"url": "https://platform.twitter.com/js/button.b731e6c82269f70f6fc53634e044a4c6.js", "requestTime": 10547.091029}}
06-28 11:31:10.045 21863 21875 E WPROF   : {"Javascript": {"url": "http://www.justuno.com/ajax/account_version_check.html?id=828FA275-FF73-401E-AA39-40F5A6FAB6B1", "requestTime": 10547.101108}}
06-28 11:31:10.315 21863 21875 E WPROF   : {"Javascript": {"url": "http://s7.addthis.com/static/layers.4acb6c577b51939661ec.js", "requestTime": 10547.370765}}
06-28 11:31:10.399 21796 21841 E chromium: [ERROR:gles2_cmd_decoder.cc(3852)] [.ChromiumCompositor-0xacbb2fc0]GL ERROR :GL_INVALID_ENUM : glDiscardFramebufferEXT: attachments was GL_COLOR_EXT
06-28 11:31:10.669 21796 21841 E chromium: [ERROR:gles2_cmd_decoder.cc(3852)] [.ChromiumCompositor-0xacbb2fc0]GL ERROR :GL_INVALID_ENUM : glDiscardFramebufferEXT: attachments was GL_COLOR_EXT
06-28 11:31:10.902 21796 21841 E chromium: [ERROR:gles2_cmd_decoder.cc(3852)] [.ChromiumCompositor-0xacbb2fc0]GL ERROR :GL_INVALID_ENUM : glDiscardFramebufferEXT: attachments was GL_COLOR_EXT
06-28 11:31:10.986 21796 21841 E chromium: [ERROR:gles2_cmd_decoder.cc(3852)] [.ChromiumCompositor-0xacbb2fc0]GL ERROR :GL_INVALID_ENUM : glDiscardFramebufferEXT: attachments was GL_COLOR_EXT
06-28 11:31:12.942 21863 21875 E WPROF   : {"Javascript": {"url": "http://cdn.justuno.com/mwgt_3.6.js", "requestTime": 10549.997355}}
06-28 11:31:13.172 21863 21875 E WPROF   : {"Javascript": {"url": "https://app-sj02.marketo.com/js/forms2/js/forms2.min.js", "requestTime": 10550.228080}}
06-28 11:31:13.200 21796 21841 E chromium: [ERROR:gles2_cmd_decoder.cc(3852)] [.ChromiumCompositor-0xacbb2fc0]GL ERROR :GL_INVALID_ENUM : glDiscardFramebufferEXT: attachments was GL_COLOR_EXT
06-28 11:31:13.612 21796 21841 E chromium: [ERROR:gles2_cmd_decoder.cc(3852)] [.ChromiumCompositor-0xacbb2fc0]GL ERROR :GL_INVALID_ENUM : glDiscardFramebufferEXT: attachments was GL_COLOR_EXT
06-28 11:31:14.190 21796 21841 E chromium: [ERROR:gles2_cmd_decoder.cc(3852)] [.ChromiumCompositor-0xacbb2fc0]GL ERROR :GL_INVALID_ENUM : glDiscardFramebufferEXT: attachments was GL_COLOR_EXT
06-28 11:31:14.270 21863 21875 E WProf.db: {"page": "searchengineland.com_bing-visual-search-lets-search-specific-objects-within-images-276156"}
06-28 11:31:14.270 21863 21875 E WProf.db: {"DOMLoad": 10551.325758}
06-28 11:31:14.270 21863 21875 E WProf.db: {"Resource": {"id": 1, "url": "http://searchengineland.com/bing-visual-search-lets-search-specific-objects-within-images-276156", "sentTime": -1.000000, "len": 93349, "from": "0x0", "mimeType": "text/html", "contentLength": -1, "httpStatus": 200, "connId": 19, "connReused": 1, "cached": 0,"requestTime": 10538.484625, "proxyStart": -1, "proxyEnd": -1, "dnsStart": -1, "dnsEnd": -1, "connectStart": 0, "connectEnd": 77, "sendStart": 77, "sendEnd": 77, "receiveHeadersEnd": 225, "sslStart": -1, "sslEnd": -1}}
06-28 11:31:14.270 21863 21875 E WProf.db: {"ReceivedChunk": {"receivedTime": 10538.721840, "len": 12480}}
06-28 11:31:14.270 21863 21875 E WProf.db: {"ReceivedChunk": {"receivedTime": 10538.798996, "len": 32768}}
06-28 11:31:14.270 21863 21875 E WProf.db: {"ReceivedChunk": {"receivedTime": 10538.800413, "len": 26483}}
06-28 11:31:14.270 21863 21875 E WProf.db: {"ReceivedChunk": {"receivedTime": 10538.855699, "len": 19588}}
06-28 11:31:14.270 21863 21875 E WProf.db: {"ReceivedChunk": {"receivedTime": 10538.859305, "len": 2030}}
06-28 11:31:14.270 21863 21875 E WProf.db: {"WprofHTMLTag": {"code": "0xaedcc630", "doc": "http://searchengineland.com/bing-visual-search-lets-search-specific-objects-within-images-276156", "row": 6, "column": 42, "tagName": "html", "time": 10538.802203, "url": "", "pos": 1, "chunkLen": 1, "isStartTag": 1}}
06-28 11:31:14.271 21863 21875 E WProf.db: {"WprofHTMLTag": {"code": "0xaf047700", "doc": "http://searchengineland.com/bing-visual-search-lets-search-specific-objects-within-images-276156", "row": 7, "column": 6, "tagName": "head", "time": 10538.806285, "url": "", "pos": 1, "chunkLen": 1, "isStartTag": 1}}
06-28 11:31:14.271 21863 21875 E WProf.db: {"WprofHTMLTag": {"code": "0xaf0477f0", "doc": "http://searchengineland.com/bing-visual-search-lets-search-specific-objects-within-images-276156", "row": 8, "column": 54, "tagName": "meta", "time": 10538.806484, "url": "", "pos": 1, "chunkLen": 1, "isStartTag": 1}}
06-28 11:31:14.271 21863 21875 E WProf.db: {"WprofHTMLTag": {"code": "0xaf047820", "doc": "http://searchengineland.com/bing-visual-search-lets-search-specific-objects-within-images-276156", "row": 9, "column": 68, "tagName": "meta", "time": 10538.807183, "url": "", "pos": 1, "chunkLen": 1, "isStartTag": 1}}
06-28 11:31:14.271 21863 21875 E WProf.db: {"WprofHTMLTag": {"code": "0xaf047850", "doc": "http://searchengineland.com/bing-visual-search-lets-search-specific-objects-within-images-276156", "row": 10, "column": 23, "tagName": "meta", "time": 10538.807743, "url": "", "pos": 1, "chunkLen": 1, "isStartTag": 1}}
06-28 11:31:14.271 21863 21875 E WProf.db: {"WprofHTMLTag": {"code": "0xaf047880", "doc": "http://searchengineland.com/bing-visual-search-lets-search-specific-objects-within-images-276156", "row": 11, "column": 52, "tagName": "meta", "time": 10538.808438, "url": "", "pos": 1, "chunkLen": 1, "isStartTag": 1}}
06-28 11:31:14.271 21863 21875 E WProf.db: {"WprofHTMLTag": {"code": "0xaf0478b0", "doc": "http://searchengineland.com/bing-visual-search-lets-search-specific-objects-within-images-276156", "row": 14, "column": 56, "tagName": "meta", "time": 10538.809032, "url": "", "pos": 1, "chunkLen": 1, "isStartTag": 1}}
06-28 11:31:14.271 21863 21875 E WProf.db: {"WprofHTMLTag": {"code": "0xaf0478e0", "doc": "http://searchengineland.com/bing-visual-search-lets-search-specific-objects-within-images-276156", "row": 15, "column": 83, "tagName": "meta", "time": 10538.810452, "url": "", "pos": 1, "chunkLen": 1, "isStartTag": 1}}
06-28 11:31:14.271 21863 21875 E WProf.db: {"WprofHTMLTag": {"code": "0xaf047910", "doc": "http://searchengineland.com/bing-visual-search-lets-search-specific-objects-within-images-276156", "row": 16, "column": 57, "tagName": "meta", "time": 10538.810579, "url": "", "pos": 1, "chunkLen": 1, "isStartTag": 1}}
06-28 11:31:14.271 21863 21875 E WProf.db: {"WprofHTMLTag": {"code": "0xaf0479a0", "doc": "http://searchengineland.com/bing-visual-search-lets-search-specific-objects-within-images-276156", "row": 17, "column": 41, "tagName": "meta", "time": 10538.810697, "url": "", "pos": 1, "chunkLen": 1, "isStartTag": 1}}
06-28 11:31:14.271 21863 21875 E WProf.db: {"WprofHTMLTag": {"code": "0xaf0479d0", "doc": "http://searchengineland.com/bing-visual-search-lets-search-specific-objects-within-images-276156", "row": 18, "column": 50, "tagName": "meta", "time": 10538.810815, "url": "", "pos": 1, "chunkLen": 1, "isStartTag": 1}}
06-28 11:31:14.271 21863 21875 E WProf.db: {"WprofHTMLTag": {"code": "0xaf047a00", "doc": "http://searchengineland.com/bing-visual-search-lets-search-specific-objects-within-images-276156", "row": 19, "column": 174, "tagName": "meta", "time": 10538.810932, "url": "", "pos": 1, "chunkLen": 1, "isStartTag": 1}}
06-28 11:31:14.271 21863 21875 E WProf.db: {"WprofHTMLTag": {"code": "0xaf047970", "doc": "http://searchengineland.com/bing-visual-search-lets-search-specific-objects-within-images-276156", "row": 20, "column": 47, "tagName": "meta", "time": 10538.811048, "url": "", "pos": 1, "chunkLen": 1, "isStartTag": 1}}
06-28 11:31:14.271 21863 21875 E WProf.db: {"WprofHTMLTag": {"code": "0xaf047940", "doc": "http://searchengineland.com/bing-visual-search-lets-search-specific-objects-within-images-276156", "row": 21, "column": 67, "tagName": "meta", "time": 10538.811163, "url": "", "pos": 1, "chunkLen": 1, "isStartTag": 1}}
06-28 11:31:14.272 21863 21875 E WProf.db: {"WprofHTMLTag": {"code": "0xaf047a30", "doc": "http://searchengineland.com/bing-visual-search-lets-search-specific-objects-within-images-276156", "row": 22, "column": 57, "tagName": "meta", "time": 10538.811275, "url": "", "pos": 1, "chunkLen": 1, "isStartTag": 1}}
06-28 11:31:14.272 21863 21875 E WProf.db: {"WprofHTMLTag": {"code": "0xaf047a60", "doc": "http://searchengineland.com/bing-visual-search-lets-search-specific-objects-within-images-276156", "row": 23, "column": 65, "tagName": "meta", "time": 10538.811392, "url": "", "pos": 1, "chunkLen": 1, "isStartTag": 1}}
06-28 11:31:14.272 21863 21875 E WProf.db: {"WprofHTMLTag": {"code": "0xaf047a90", "doc": "http://searchengineland.com/bing-visual-search-lets-search-specific-objects-within-images-276156", "row": 24, "column": 55, "tagName": "meta", "time": 10538.811500, "url": "", "pos": 1, "chunkLen": 1, "isStartTag": 1}}
06-28 11:31:14.272 21863 21875 E WProf.db: {"WprofHTMLTag": {"code": "0xaf047ac0", "doc": "http://searchengineland.com/bing-visual-search-lets-search-specific-objects-within-images-276156", "row": 25, "column": 71, "tagName": "meta", "time": 10538.811612, "url": "", "pos": 1, "chunkLen": 1, "isStartTag": 1}}
06-28 11:31:14.272 21863 21875 E WProf.db: {"WprofHTMLTag": {"code": "0xaf047af0", "doc": "http://searchengineland.com/bing-visual-search-lets-search-specific-objects-within-images-276156", "row": 26, "column": 86, "tagName": "meta", "time": 10538.811895, "url": "", "pos": 1, "chunkLen": 1, "isStartTag": 1}}
06-28 11:31:14.272 21863 21875 E WProf.db: {"WprofHTMLTag": {"code": "0xaf047b20", "doc": "http://searchengineland.com/bing-visual-search-lets-search-specific-objects-within-images-276156", "row": 27, "column": 54, "tagName": "meta", "time": 10538.812056, "url": "", "pos": 1, "chunkLen": 1, "isStartTag": 1}}
06-28 11:31:14.272 21863 21875 E WProf.db: {"WprofHTMLTag": {"code": "0xaf047b50", "doc": "http://searchengineland.com/bing-visual-search-lets-search-specific-objects-within-images-276156", "row": 29, "column": 39, "tagName": "meta", "time": 10538.812163, "url": "", "pos": 1, "chunkLen": 1, "isStartTag": 1}}
06-28 11:31:14.272 21863 21875 E WProf.db: {"WprofHTMLTag": {"code": "0xaf047b80", "doc": "http://searchengineland.com/bing-visual-search-lets-search-specific-objects-within-images-276156", "row": 31, "column": 2, "tagName": "meta", "time": 10538.812277, "url": "", "pos": 1, "chunkLen": 1, "isStartTag": 1}}
06-28 11:31:14.272 21863 21875 E WProf.db: {"WprofHTMLTag": {"code": "0xaf047bb0", "doc": "http://searchengineland.com/bing-visual-search-lets-search-specific-objects-within-images-276156", "row": 32, "column": 55, "tagName": "meta", "time": 10538.812389, "url": "", "pos": 1, "chunkLen": 1, "isStartTag": 1}}
06-28 11:31:14.272 21863 21875 E WProf.db: {"WprofHTMLTag": {"code": "0xaf047be0", "doc": "http://searchengineland.com/bing-visual-search-lets-search-specific-objects-within-images-276156", "row": 33, "column": 54, "tagName": "meta", "time": 10538.812495, "url": "", "pos": 1, "chunkLen": 1, "isStartTag": 1}}
06-28 11:31:14.273 21863 21875 E WProf.db: {"WprofHTMLTag": {"code": "0xaf047c10", "doc": "http://searchengineland.com/bing-visual-search-lets-search-specific-objects-within-images-276156", "row": 34, "column": 140, "tagName": "meta", "time": 10538.812610, "url": "", "pos": 1, "chunkLen": 1, "isStartTag": 1}}
06-28 11:31:14.273 21863 21875 E WProf.db: {"WprofHTMLTag": {"code": "0xaf047c40", "doc": "http://searchengineland.com/bing-visual-search-lets-search-specific-objects-within-images-276156", "row": 38, "column": 36, "tagName": "script", "time": 10538.812717, "url": "", "pos": 1, "chunkLen": 1, "isStartTag": 1}}
06-28 11:31:14.273 21863 21875 E WProf.db: {"WprofHTMLTag": {"code": "0xaf047c70", "doc": "http://searchengineland.com/bing-visual-search-lets-search-specific-objects-within-images-276156", "row": 54, "column": 10, "tagName": "script", "time": 10538.812980, "url": "", "pos": 1, "chunkLen": 1, "isStartTag": 0}}
06-28 11:31:14.273 21863 21875 E WProf.db: {"WprofHTMLTag": {"code": "0xaf047ca0", "doc": "http://searchengineland.com/bing-visual-search-lets-search-specific-objects-within-images-276156", "row": 56, "column": 86, "tagName": "link", "time": 10538.813466, "url": "http://searchengineland.com/apple-touch-icon.png", "pos": 1, "chunkLen": 1, "isStartTag": 1}}
06-28 11:31:14.273 21863 21875 E WProf.db: {"WprofHTMLTag": {"code": "0xaf047cd0", "doc": "http://searchengineland.com/bing-visual-search-lets-search-specific-objects-within-images-276156", "row": 57, "column": 76, "tagName": "link", "time": 10538.813784, "url": "http://searchengineland.com/favicon.ico", "pos": 1, "chunkLen": 1, "isStartTag": 1}}
06-28 11:31:14.273 21863 21875 E WProf.db: {"WprofHTMLTag": {"code": "0xaf047d00", "doc": "http://searchengineland.com/bing-visual-search-lets-search-specific-objects-within-images-276156", "row": 58, "column": 158, "tagName": "link", "time": 10538.813981, "url": "http://feeds.searchengineland.com/searchengineland", "pos": 1, "chunkLen": 1, "isStartTag": 1}}
06-28 11:31:14.273 21863 21875 E WProf.db: {"WprofHTMLTag": {"code": "0xaf047d30", "doc": "http://searchengineland.com/bing-visual-search-lets-search-specific-objects-within-images-276156", "row": 59, "column": 149, "tagName": "link", "time": 10538.814260, "url": "http://feeds.searchengineland.com/searchcap", "pos": 1, "chunkLen": 1, "isStartTag": 1}}
06-28 11:31:14.273 21863 21875 E WProf.db: {"WprofHTMLTag": {"code": "0xaf047d60", "doc": "http://searchengineland.com/bing-visual-search-lets-search-specific-objects-within-images-276156", "row": 60, "column": 150, "tagName": "link", "time": 10538.814548, "url": "http://searchengineland.com/figz/wp-content/themes/searchengineland/css/searchengineland-bootstrap.css", "pos": 1, "chunkLen": 1, "isStartTag": 1}}
06-28 11:31:14.273 21863 21875 E WProf.db: {"WprofHTMLTag": {"code": "0xaf047dc0", "doc": "http://searchengineland.com/bing-visual-search-lets-search-specific-objects-within-images-276156", "row": 61, "column": 105, "tagName": "link", "time": 10538.816233, "url": "http://fonts.googleapis.com/css?family=Oswald:300,400,700", "pos": 1, "chunkLen": 1, "isStartTag": 1}}
06-28 11:31:14.273 21863 21875 E WProf.db: {"WprofHTMLTag": {"code": "0xaf047e20", "doc": "http://searchengineland.com/bing-visual-search-lets-search-specific-objects-within-images-276156", "row": 62, "column": 125, "tagName": "link", "time": 10538.818089, "url": "http://searchengineland.com/figz/wp-content/themes/searchengineland/style.css", "pos": 1, "chunkLen": 1, "isStartTag": 1}}
06-28 11:31:14.273 21863 21875 E WProf.db: {"WprofHTMLTag": {"code": "0xaf047e80", "doc": "http://searchengineland.com/bing-visual-search-lets-search-specific-objects-within-images-276156", "row": 66, "column": 7, "tagName": "title", "time": 10538.819908, "url": "", "pos": 1, "chunkLen": 1, "isStartTag": 1}}
06-28 11:31:14.273 21863 21875 E WProf.db: {"WprofHTMLTag": {"code": "0xaf047eb0", "doc": "http://searchengineland.com/bing-visual-search-lets-search-specific-objects-within-images-276156", "row": 66, "column": 80, "tagName": "title", "time": 10538.826443, "url": "", "pos": 1, "chunkLen": 1, "isStartTag": 0}}
06-28 11:31:14.273 21863 21875 E WProf.db: {"WprofHTMLTag": {"code": "0xaf047ee0", "doc": "http://searchengineland.com/bing-visual-search-lets-search-specific-objects-within-images-276156", "row": 67, "column": 120, "tagName": "meta", "time": 10538.826491, "url": "", "pos": 1, "chunkLen": 1, "isStartTag": 1}}
06-28 11:31:14.273 21863 21875 E WProf.db: {"WprofHTMLTag": {"code": "0xaf047f10", "doc": "http://searchengineland.com/bing-visual-search-lets-search-specific-objects-within-images-276156", "row": 68, "column": 40, "tagName": "meta", "time": 10538.826704, "url": "", "pos": 1, "chunkLen": 1, "isStartTag": 1}}
06-28 11:31:14.274 21863 21875 E WProf.db: {"WprofHTMLTag": {"code": "0xaf047f40", "doc": "http://searchengineland.com/bing-visual-search-lets-search-specific-objects-within-images-276156", "row": 69, "column": 138, "tagName": "meta", "time": 10538.826827, "url": "", "pos": 1, "chunkLen": 1, "isStartTag": 1}}
06-28 11:31:14.274 21863 21875 E WProf.db: {"WprofHTMLTag": {"code": "0xaf047f70", "doc": "http://searchengineland.com/bing-visual-search-lets-search-specific-objects-within-images-276156", "row": 70, "column": 37, "tagName": "meta", "time": 10538.826944, "url": "", "pos": 1, "chunkLen": 1, "isStartTag": 1}}
06-28 11:31:14.274 21863 21875 E WProf.db: {"WprofHTMLTag": {"code": "0xaf047fa0", "doc": "http://searchengineland.com/bing-visual-search-lets-search-specific-objects-within-images-276156", "row": 71, "column": 128, "tagName": "link", "time": 10538.827062, "url": "http://searchengineland.com/bing-visual-search-lets-search-specific-objects-within-images-276156", "pos": 1, "chunkLen": 1, "isStartTag": 1}}
06-28 11:31:14.274 21863 21875 E WProf.db: {"WprofHTMLTag": {"code": "0xaf047fd0", "doc": "http://searchengineland.com/bing-visual-search-lets-search-specific-objects-within-images-276156", "row": 72, "column": 76, "tagName": "link", "time": 10538.827312, "url": "https://plus.google.com/103218677032751327334", "pos": 1, "chunkLen": 1, "isStartTag": 1}}
06-28 11:31:14.274 21863 21875 E WProf.db: {"WprofHTMLTag": {"code": "0xb4cc74b0", "doc": "http://searchengineland.com/bing-visual-search-lets-search-specific-objects-within-images-276156", "row": 73, "column": 45, "tagName": "meta", "time": 10538.827514, "url": "", "pos": 1, "chunkLen": 1, "isStartTag": 1}}
06-28 11:31:14.274 21863 21875 E WProf.db: {"WprofHTMLTag": {"code": "0xb4cc7540", "doc": "http://searchengineland.com/bing-visual-search-lets-search-specific-objects-within-images-276156", "row": 74, "column": 45, "tagName": "meta", "time": 10538.827641, "url": "", "pos": 1, "chunkLen": 1, "isStartTag": 1}}
06-28 11:31:14.274 21863 21875 E WProf.db: {"WprofHTMLTag": {"code": "0xb4cc78a0", "doc": "http://searchengineland.com/bing-visual-search-lets-search-specific-objects-within-images-276156", "row": 75, "column": 104, "tagName": "meta", "time": 10538.827752, "url": "", "pos": 1, "chunkLen": 1, "isStartTag": 1}}
06-28 11:31:14.274 21863 21875 E WProf.db: {"WprofHTMLTag": {"code": "0xb4cc78d0", "doc": "http://searchengineland.com/bing-visual-search-lets-search-specific-objects-within-images-276156", "row": 76, "column": 128, "tagName": "meta", "time": 10538.827865, "url": "", "pos": 1, "chunkLen": 1, "isStartTag": 1}}
06-28 11:31:14.274 21863 21875 E WProf.db: {"WprofHTMLTag": {"code": "0xb4cc7900", "doc": "http://searchengineland.com/bing-visual-search-lets-search-specific-objects-within-images-276156", "row": 77, "column": 133, "tagName": "meta", "time": 10538.827979, "url": "", "pos": 1, "chunkLen": 1, "isStartTag": 1}}
06-28 11:31:14.274 21863 21875 E WProf.db: {"WprofHTMLTag": {"code": "0xb4cc7930", "doc": "http://searchengineland.com/bing-visual-search-lets-search-specific-objects-within-images-276156", "row": 78, "column": 61, "tagName": "meta", "time": 10538.828096, "url": "", "pos": 1, "chunkLen": 1, "isStartTag": 1}}
06-28 11:31:14.274 21863 21875 E WProf.db: {"WprofHTMLTag": {"code": "0xb4cc7960", "doc": "http://searchengineland.com/bing-visual-search-lets-search-specific-objects-within-images-276156", "row": 79, "column": 89, "tagName": "meta", "time": 10538.828209, "url": "", "pos": 1, "chunkLen": 1, "isStartTag": 1}}
06-28 11:31:14.274 21863 21875 E WProf.db: {"WprofHTMLTag": {"code": "0xb4cc7990", "doc": "http://searchengineland.com/bing-visual-search-lets-search-specific-objects-within-images-276156", "row": 80, "column": 50, "tagName": "meta", "time": 10538.828322, "url": "", "pos": 1, "chunkLen": 1, "isStartTag": 1}}
06-28 11:31:14.275 21863 21875 E WProf.db: {"WprofHTMLTag": {"code": "0xb4cc79c0", "doc": "http://searchengineland.com/bing-visual-search-lets-search-specific-objects-within-images-276156", "row": 81, "column": 78, "tagName": "meta", "time": 10538.828443, "url": "", "pos": 1, "chunkLen": 1, "isStartTag": 1}}
06-28 11:31:14.275 21863 21875 E WProf.db: {"WprofHTMLTag": {"code": "0xb4cc79f0", "doc": "http://searchengineland.com/bing-visual-search-lets-search-specific-objects-within-images-276156", "row": 82, "column": 77, "tagName": "meta", "time": 10538.828561, "url": "", "pos": 1, "chunkLen": 1, "isStartTag": 1}}
06-28 11:31:14.275 21863 21875 E WProf.db: {"WprofHTMLTag": {"code": "0xb4cc7a20", "doc": "http://searchengineland.com/bing-visual-search-lets-search-specific-objects-within-images-276156", "row": 83, "column": 71, "tagName": "meta", "time": 10538.828675, "url": "", "pos": 1, "chunkLen": 1, "isStartTag": 1}}
06-28 11:31:14.275 21863 21875 E WProf.db: {"WprofHTMLTag": {"code": "0xb4cc7a50", "doc": "http://searchengineland.com/bing-visual-search-lets-search-specific-objects-within-images-276156", "row": 84, "column": 134, "tagName": "meta", "time": 10538.828791, "url": "", "pos": 1, "chunkLen": 1, "isStartTag": 1}}
06-28 11:31:14.275 21863 21875 E WProf.db: {"WprofHTMLTag": {"code": "0xb4cc7a80", "doc": "http://searchengineland.com/bing-visual-search-lets-search-specific-objects-within-images-276156", "row": 85, "column": 49, "tagName": "meta", "time": 10538.828910, "url": "", "pos": 1, "chunkLen": 1, "isStartTag": 1}}
06-28 11:31:14.275 21863 21875 E WProf.db: {"WprofHTMLTag": {"code": "0xb4cc7ab0", "doc": "http://searchengineland.com/bing-visual-search-lets-search-specific-objects-within-images-276156", "row": 86, "column": 50, "tagName": "meta", "time": 10538.829023, "url": "", "pos": 1, "chunkLen": 1, "isStartTag": 1}}
06-28 11:31:14.275 21863 21875 E WProf.db: {"WprofHTMLTag": {"code": "0xb4cc7ae0", "doc": "http://searchengineland.com/bing-visual-search-lets-search-specific-objects-within-images-276156", "row": 87, "column": 58, "tagName": "meta", "time": 10538.829146, "url": "", "pos": 1, "chunkLen": 1, "isStartTag": 1}}
06-28 11:31:14.275 21863 21875 E WProf.db: {"WprofHTMLTag": {"code": "0xb4cc7b10", "doc": "http://searchengineland.com/bing-visual-search-lets-search-specific-objects-within-images-276156", "row": 88, "column": 129, "tagName": "meta", "time": 10538.829256, "url": "", "pos": 1, "chunkLen": 1, "isStartTag": 1}}
06-28 11:31:14.275 21863 21875 E WProf.db: {"WprofHTMLTag": {"code": "0xb4cc7b40", "doc": "http://searchengineland.com/bing-visual-search-lets-search-specific-objects-within-images-276156", "row": 89, "column": 105, "tagName": "meta", "time": 10538.829372, "url": "", "pos": 1, "chunkLen": 1, "isStartTag": 1}}
06-28 11:31:14.275 21863 21875 E WProf.db: {"WprofHTMLTag": {"code": "0xb4cc7b70", "doc": "http://searchengineland.com/bing-visual-search-lets-search-specific-objects-within-images-276156", "row": 90, "column": 51, "tagName": "meta", "time": 10538.829488, "url": "", "pos": 1, "chunkLen": 1, "isStartTag": 1}}
06-28 11:31:14.275 21863 21875 E WProf.db: {"WprofHTMLTag": {"code": "0xb4cc7ba0", "doc": "http://searchengineland.com/bing-visual-search-lets-search-specific-objects-within-images-276156", "row": 91, "column": 135, "tagName": "meta", "time": 10538.829606, "url": "", "pos": 1, "chunkLen": 1, "isStartTag": 1}}
06-28 11:31:14.275 21863 21875 E WProf.db: {"WprofHTMLTag": {"code": "0xb4cc7bd0", "doc": "http://searchengineland.com/bing-visual-search-lets-search-specific-objects-within-images-276156", "row": 92, "column": 52, "tagName": "meta", "time": 10538.829716, "url": "", "pos": 1, "chunkLen": 1, "isStartTag": 1}}
06-28 11:31:14.275 21863 21875 E WProf.db: {"WprofHTMLTag": {"code": "0xb4cc7c00", "doc": "http://searchengineland.com/bing-visual-search-lets-search-specific-objects-within-images-276156", "row": 95, "column": 44, "tagName": "link", "time": 10538.829839, "url": "http://s.w.org/", "pos": 1, "chunkLen": 1, "isStartTag": 1}}
06-28 11:31:14.276 21863 21875 E WProf.db: {"WprofHTMLTag": {"code": "0xb4cc7c30", "doc": "http://searchengineland.com/bing-visual-search-lets-search-specific-objects-within-images-276156", "row": 96, "column": 33, "tagName": "script", "time": 10538.830322, "url": "", "pos": 1, "chunkLen": 1, "isStartTag": 1}}
06-28 11:31:14.276 21863 21875 E WProf.db: {"WprofHTMLTag": {"code": "0xb4cc7c60", "doc": "http://searchengineland.com/bing-visual-search-lets-search-specific-objects-within-images-276156", "row": 99, "column": 11, "tagName": "script", "time": 10538.830539, "url": "http://searchengineland.com/figz/wp-includes/js/wp-emoji-release.min.js?ver=4.7.5", "pos": 1, "chunkLen": 1, "isStartTag": 0}}
06-28 11:31:14.276 21863 21875 E WProf.db: {"WprofHTMLTag": {"code": "0x9cbd1960", "doc": "http://searchengineland.com/bing-visual-search-lets-search-specific-objects-within-images-276156", "row": 100, "column": 25, "tagName": "style", "time": 10539.374826, "url": "", "pos": 1, "chunkLen": 1, "isStartTag": 1}}
06-28 11:31:14.276 21863 21875 E WProf.db: {"WprofHTMLTag": {"code": "0x9cbd1990", "doc": "http://searchengineland.com/bing-visual-search-lets-search-specific-objects-within-images-276156", "row": 113, "column": 8, "tagName": "style", "time": 10539.374998, "url": "", "pos": 1, "chunkLen": 1, "isStartTag": 0}}
06-28 11:31:14.276 21863 21875 E WProf.db: {"WprofHTMLTag": {"code": "0x9cbd19c0", "doc": "http://searchengineland.com/bing-visual-search-lets-search-specific-objects-within-images-276156", "row": 114, "column": 140, "tagName": "script", "time": 10539.376542, "url": "http://searchengineland.com/figz/wp-content/themes/searchengineland/js/lib/modernizr.custom.js?ver=1.0", "pos": 1, "chunkLen": 1, "isStartTag": 1}}
06-28 11:31:14.276 21863 21875 E WProf.db: {"WprofHTMLTag": {"code": "0x9cbd19f0", "doc": "http://searchengineland.com/bing-visual-search-lets-search-specific-objects-within-images-276156", "row": 114, "column": 149, "tagName": "script", "time": 10539.376779, "url": "", "pos": 1, "chunkLen": 1, "isStartTag": 0}}
06-28 11:31:14.276 21863 21875 E WProf.db: {"WprofHTMLTag": {"code": "0xaedcca20", "doc": "http://searchengineland.com/bing-visual-search-lets-search-specific-objects-within-images-276156", "row": 115, "column": 144, "tagName": "script", "time": 10539.385785, "url": "http://searchengineland.com/figz/wp-content/themes/searchengineland/js/lib/jquery-1.11.0.min.js?ver=1.11.0", "pos": 1, "chunkLen": 1, "isStartTag": 1}}
06-28 11:31:14.276 21863 21875 E WProf.db: {"WprofHTMLTag": {"code": "0x9cbd1a80", "doc": "http://searchengineland.com/bing-visual-search-lets-search-specific-objects-within-images-276156", "row": 115, "column": 153, "tagName": "script", "time": 10539.386019, "url": "", "pos": 1, "chunkLen": 1, "isStartTag": 0}}
06-28 11:31:14.276 21863 21875 E WProf.db: {"WprofHTMLTag": {"code": "0xaedccea0", "doc": "http://searchengineland.com/bing-visual-search-lets-search-specific-objects-within-images-276156", "row": 0, "column": 15, "tagName": "div", "time": 10539.453033, "url": "", "pos": 15, "chunkLen": 44, "isStartTag": 1}}
06-28 11:31:14.276 21863 21875 E WProf.db: {"WprofHTMLTag": {"code": "0xaedcce70", "doc": "http://searchengineland.com/bing-visual-search-lets-search-specific-objects-within-images-276156", "row": 0, "column": 21, "tagName": "div", "time": 10539.453168, "url": "", "pos": 21, "chunkLen": 44, "isStartTag": 0}}
06-28 11:31:14.276 21863 21875 E WProf.db: {"WprofHTMLTag": {"code": "0xaedcce40", "doc": "http://searchengineland.com/bing-visual-search-lets-search-specific-objects-within-images-276156", "row": 0, "column": 38, "tagName": "div", "time": 10539.453235, "url": "", "pos": 38, "chunkLen": 44, "isStartTag": 1}}
06-28 11:31:14.276 21863 21875 E WProf.db: {"WprofHTMLTag": {"code": "0xaedccb40", "doc": "http://searchengineland.com/bing-visual-search-lets-search-specific-objects-within-images-276156", "row": 0, "column": 44, "tagName": "div", "time": 10539.453345, "url": "", "pos": 44, "chunkLen": 44, "isStartTag": 0}}
06-28 11:31:14.276 21863 21875 E WProf.db: {"WprofHTMLTag": {"code": "0x9cbd1ae0", "doc": "http://searchengineland.com/bing-visual-search-lets-search-specific-objects-within-images-276156", "row": 0, "column": 13, "tagName": "select", "time": 10539.460834, "url": "", "pos": 13, "chunkLen": 51, "isStartTag": 1}}
06-28 11:31:14.277 21863 21875 E WProf.db: {"WprofHTMLTag": {"code": "0x9cbd1b10", "doc": "http://searchengineland.com/bing-visual-search-lets-search-specific-objects-within-images-276156", "row": 0, "column": 33, "tagName": "option", "time": 10539.461044, "url": "", "pos": 33, "chunkLen": 51, "isStartTag": 1}}
06-28 11:31:14.277 21863 21875 E WProf.db: {"WprofHTMLTag": {"code": "0x9cbd1b40", "doc": "http://searchengineland.com/bing-visual-search-lets-search-specific-objects-within-images-276156", "row": 0, "column": 42, "tagName": "option", "time": 10539.461231, "url": "", "pos": 42, "chunkLen": 51, "isStartTag": 0}}
06-28 11:31:14.277 21863 21875 E WProf.db: {"WprofHTMLTag": {"code": "0x9cbd1b70", "doc": "http://searchengineland.com/bing-visual-search-lets-search-specific-objects-within-images-276156", "row": 0, "column": 51, "tagName": "select", "time": 10539.461288, "url": "", "pos": 51, "chunkLen": 51, "isStartTag": 0}}
06-28 11:31:14.277 21863 21875 E WProf.db: {"WprofHTMLTag": {"code": "0x9cbd1ba0", "doc": "http://searchengineland.com/bing-visual-search-lets-search-specific-objects-within-images-276156", "row": 0, "column": 12, "tagName": "a", "time": 10539.466420, "url": "", "pos": 12, "chunkLen": 16, "isStartTag": 1}}
06-28 11:31:14.277 21863 21875 E WProf.db: {"WprofHTMLTag": {"code": "0x9cbd1bd0", "doc": "http://searchengineland.com/bing-visual-search-lets-search-specific-objects-within-images-276156", "row": 0, "column": 16, "tagName": "a", "time": 10539.466597, "url": "", "pos": 16, "chunkLen": 16, "isStartTag": 0}}
06-28 11:31:14.277 21863 21875 E WProf.db: {"WprofHTMLTag": {"code": "0x9cbd1c00", "doc": "http://searchengineland.com/bing-visual-search-lets-search-specific-objects-within-images-276156", "row": 0, "column": 8, "tagName": "input", "time": 10539.467681, "url": "", "pos": 8, "chunkLen": 8, "isStartTag": 1}}
06-28 11:31:14.277 21863 21875 E WProf.db: {"WprofHTMLTag": {"code": "0x9cbd1c30", "doc": "http://searchengineland.com/bing-visual-search-lets-search-specific-objects-within-images-276156", "row": 0, "column": 9, "tagName": "link", "time": 10539.477452, "url": "", "pos": 9, "chunkLen": 42, "isStartTag": 1}}
06-28 11:31:14.277 21863 21875 E WProf.db: {"WprofHTMLTag": {"code": "0x9cbd1c60", "doc": "http://searchengineland.com/bing-visual-search-lets-search-specific-objects-within-images-276156", "row": 0, "column": 16, "tagName": "table", "time": 10539.477561, "url": "", "pos": 16, "chunkLen": 42, "isStartTag": 1}}
06-28 11:31:14.277 21863 21875 E WProf.db: {"WprofHTMLTag": {"code": "0x9cbd1c90", "doc": "http://searchengineland.com/bing-visual-search-lets-search-specific-objects-within-images-276156", "row": 0, "column": 24, "tagName": "table", "time": 10539.477671, "url": "", "pos": 24, "chunkLen": 42, "isStartTag": 0}}
06-28 11:31:14.277 21863 21875 E WProf.db: {"WprofHTMLTag": {"code": "0x9cbd1cc0", "doc": "http://searchengineland.com/bing-visual-search-lets-search-specific-objects-within-images-276156", "row": 0, "column": 37, "tagName": "a", "time": 10539.477733, "url": "", "pos": 37, "chunkLen": 42, "isStartTag": 1}}
06-28 11:31:14.277 21863 21875 E WProf.db: {"WprofHTMLTag": {"code": "0x9cbd1cf0", "doc": "http://searchengineland.com/bing-visual-search-lets-search-specific-objects-within-images-276156", "row": 0, "column": 42, "tagName": "a", "time": 10539.477904, "url": "", "pos": 42, "chunkLen": 42, "isStartTag": 0}}
06-28 11:31:14.277 21863 21875 E WProf.db: {"WprofHTMLTag": {"code": "0x9cbd1d80", "doc": "http://searchengineland.com/bing-visual-search-lets-search-specific-objects-within-images-276156", "row": 0, "column": 10, "tagName": "textarea", "time": 10539.479055, "url": "", "pos": 10, "chunkLen": 22, "isStartTag": 1}}
06-28 11:31:14.277 21863 21875 E WProf.db: {"WprofHTMLTag": {"code": "0x9cbd1db0", "doc": "http://searchengineland.com/bing-visual-search-lets-search-specific-objects-within-images-276156", "row": 0, "column": 22, "tagName": "textarea", "time": 10539.479242, "url": "", "pos": 22, "chunkLen": 22, "isStartTag": 0}}
06-28 11:31:14.277 21863 21875 E WProf.db: {"WprofHTMLTag": {"code": "0x9cbd1de0", "doc": "http://searchengineland.com/bing-visual-search-lets-search-specific-objects-within-images-276156", "row": 0, "column": 48, "tagName": "input", "time": 10539.480417, "url": "", "pos": 48, "chunkLen": 48, "isStartTag": 1}}
06-28 11:31:14.278 21863 21875 E WProf.db: {"WprofHTMLTag": {"code": "0x9cbd1e40", "doc": "http://searchengineland.com/bing-visual-search-lets-search-specific-objects-within-images-276156", "row": 0, "column": 9, "tagName": "link", "time": 10539.485234, "url": "", "pos": 9, "chunkLen": 66, "isStartTag": 1}}
06-28 11:31:14.278 21863 21875 E WProf.db: {"WprofHTMLTag": {"code": "0x9cbd1e70", "doc": "http://searchengineland.com/bing-visual-search-lets-search-specific-objects-within-images-276156", "row": 0, "column": 16, "tagName": "table", "time": 10539.485360, "url": "", "pos": 16, "chunkLen": 66, "isStartTag": 1}}
06-28 11:31:14.278 21863 21875 E WProf.db: {"WprofHTMLTag": {"code": "0x9cbd1ea0", "doc": "http://searchengineland.com/bing-visual-search-lets-search-specific-objects-within-images-276156", "row": 0, "column": 24, "tagName": "table", "time": 10539.485428, "url": "", "pos": 24, "chunkLen": 66, "isStartTag": 0}}
06-28 11:31:14.278 21863 21875 E WProf.db: {"WprofHTMLTag": {"code": "0x9cbd1ed0", "doc": "http://searchengineland.com/bing-visual-search-lets-search-specific-objects-within-images-276156", "row": 0, "column": 37, "tagName": "a", "time": 10539.485494, "url": "", "pos": 37, "chunkLen": 66, "isStartTag": 1}}
06-28 11:31:14.278 21863 21875 E WProf.db: {"WprofHTMLTag": {"code": "0x9cbd1f00", "doc": "http://searchengineland.com/bing-visual-search-lets-search-specific-objects-within-images-276156", "row": 0, "column": 42, "tagName": "a", "time": 10539.485683, "url": "", "pos": 42, "chunkLen": 66, "isStartTag": 0}}
06-28 11:31:14.278 21863 21875 E WProf.db: {"WprofHTMLTag": {"code": "0x9cbd1f30", "doc": "http://searchengineland.com/bing-visual-search-lets-search-specific-objects-within-images-276156", "row": 0, "column": 66, "tagName": "input", "time": 10539.485745, "url": "", "pos": 66, "chunkLen": 66, "isStartTag": 1}}
06-28 11:31:14.278 21863 21875 E WProf.db: {"WprofHTMLTag": {"code": "0x9cbd1fc0", "doc": "http://searchengineland.com/bing-visual-search-lets-search-specific-objects-within-images-276156", "row": 0, "column": 9, "tagName": "link", "time": 10539.487626, "url": "", "pos": 9, "chunkLen": 66, "isStartTag": 1}}
06-28 11:31:14.278 21863 21875 E WProf.db: {"WprofHTMLTag": {"code": "0x9cbd1ff0", "doc": "http://searchengineland.com/bing-visual-search-lets-search-specific-objects-within-images-276156", "row": 0, "column": 16, "tagName": "table", "time": 10539.487736, "url": "", "pos": 16, "chunkLen": 66, "isStartTag": 1}}
06-28 11:31:14.278 21863 21875 E WProf.db: {"WprofHTMLTag": {"code": "0x9cbd2020", "doc": "http://searchengineland.com/bing-visual-search-lets-search-specific-objects-within-images-276156", "row": 0, "column": 24, "tagName": "table", "time": 10539.487813, "url": "", "pos": 24, "chunkLen": 66, "isStartTag": 0}}
06-28 11:31:14.278 21863 21875 E WProf.db: {"WprofHTMLTag": {"code": "0x9cbd2050", "doc": "http://searchengineland.com/bing-visual-search-lets-search-specific-objects-within-images-276156", "row": 0, "column": 37, "tagName": "a", "time": 10539.487878, "url": "", "pos": 37, "chunkLen": 66, "isStartTag": 1}}
06-28 11:31:14.278 21863 21875 E WProf.db: {"WprofHTMLTag": {"code": "0x9cbd2080", "doc": "http://searchengineland.com/bing-visual-search-lets-search-specific-objects-within-images-276156", "row": 0, "column": 42, "tagName": "a", "time": 10539.488162, "url": "", "pos": 42, "chunkLen": 66, "isStartTag": 0}}
06-28 11:31:14.278 21863 21875 E WProf.db: {"WprofHTMLTag": {"code": "0x9cbd20b0", "doc": "http://searchengineland.com/bing-visual-search-lets-search-specific-objects-within-images-276156", "row": 0, "column": 66, "tagName": "input", "time": 10539.488225, "url": "", "pos": 66, "chunkLen": 66, "isStartTag": 1}}
