06-28 09:25:45.738  9858  9871 E WProf.db: {"HOL": {"type": 4, "docUrl": "https://searchengineland-com.cdn.ampproject.org/c/searchengineland.com/bing-audience-targeting-in-market-custom-audiences-277080/amp", "code": "0xb4cc79c0", "row": 0, "column": 2727, "url": "https://fonts.googleapis.com/css?family=Oswald:300,400,700"}}
06-28 09:25:45.738  9858  9871 E WProf.db: {"HOL": {"type": 4, "docUrl": "https://searchengineland-com.cdn.ampproject.org/c/searchengineland.com/bing-audience-targeting-in-market-custom-audiences-277080/amp", "code": "0xb4cc79f0", "row": 0, "column": 2796, "url": "https://fonts.gstatic.com/"}}
06-28 09:25:45.738  9858  9871 E WProf.db: {"HOL": {"type": 4, "docUrl": "https://searchengineland-com.cdn.ampproject.org/c/searchengineland.com/bing-audience-targeting-in-market-custom-audiences-277080/amp", "code": "0xb4cc7a20", "row": 0, "column": 2905, "url": "https://fonts.googleapis.com/css?family=Merriweather:400,400italic,700,700italic"}}
06-28 09:25:45.738  9858  9871 E WProf.db: {"HOL": {"type": 4, "docUrl": "https://searchengineland-com.cdn.ampproject.org/c/searchengineland.com/bing-audience-targeting-in-market-custom-audiences-277080/amp", "code": "0xb4cc7a50", "row": 0, "column": 2923, "url": ""}}
06-28 09:25:45.738  9858  9871 E WProf.db: {"HOL": {"type": 4, "docUrl": "https://searchengineland-com.cdn.ampproject.org/c/searchengineland.com/bing-audience-targeting-in-market-custom-audiences-277080/amp", "code": "0xb4cc7fc0", "row": 612, "column": 196, "url": "http://searchengineland.com/bing-audience-targeting-in-market-custom-audiences-277080"}}
06-28 09:25:45.738  9858  9871 E WProf.db: {"HOL": {"type": 3, "docUrl": "https://searchengineland-com.cdn.ampproject.org/c/searchengineland.com/bing-audience-targeting-in-market-custom-audiences-277080/amp", "code": "0xb4cc7ff0", "row": 612, "column": 317, "url": "https://cdn.ampproject.org/rtv/011498506512561/v0/amp-mustache-0.1.js"}}
06-28 09:25:45.738  9858  9871 E WProf.db: {"HOL": {"type": 4, "docUrl": "https://searchengineland-com.cdn.ampproject.org/c/searchengineland.com/bing-audience-targeting-in-market-custom-audiences-277080/amp", "code": "0xb4cc8080", "row": 612, "column": 349, "url": ""}}
06-28 09:25:45.738  9858  9871 E WProf.db: {"HOL": {"type": 1, "docUrl": "https://searchengineland-com.cdn.ampproject.org/c/searchengineland.com/bing-audience-targeting-in-market-custom-audiences-277080/amp", "code": "0xaa407930", "row": 813, "column": 34, "url": ""}}
06-28 09:25:45.739  9858  9871 E WProf.db: {"HOL": {"type": 1, "docUrl": "https://searchengineland-com.cdn.ampproject.org/c/searchengineland.com/bing-audience-targeting-in-market-custom-audiences-277080/amp", "code": "0xaa407990", "row": 840, "column": 37, "url": ""}}
06-28 09:25:45.740  9858  9871 E WProf.db: {"Computation": {"type": "fireEvent", "code": "0xaa407a50", "docUrl": "https://searchengineland-com.cdn.ampproject.org/c/searchengineland.com/bing-audience-targeting-in-market-custom-audiences-277080/amp", "startTime": 3021.143103, "endTime": 3021.143169, "urlRecalcStyle": "DOMContentLoaded"}}
06-28 09:25:45.740  9858  9871 E WProf.db: {"Computation": {"type": "fireEvent", "code": "0xaa407a50", "docUrl": "https://searchengineland-com.cdn.ampproject.org/c/searchengineland.com/bing-audience-targeting-in-market-custom-audiences-277080/amp", "startTime": 3021.143240, "endTime": 3021.143308, "urlRecalcStyle": "DOMContentLoaded"}}
06-28 09:25:45.740  9858  9871 E WProf.db: {"Computation": {"type": "fireEvent", "code": "0xaa407a50", "docUrl": "https://searchengineland-com.cdn.ampproject.org/c/searchengineland.com/bing-audience-targeting-in-market-custom-audiences-277080/amp", "startTime": 3021.144744, "endTime": 3021.144809, "urlRecalcStyle": "load"}}
06-28 09:25:45.741  9858  9871 E WProf.db: {"Computation": {"type": "execScript", "code": "0xaa407a50", "docUrl": "https://searchengineland-com.cdn.ampproject.org/c/searchengineland.com/bing-audience-targeting-in-market-custom-audiences-277080/amp", "startTime": 3021.607076, "endTime": 3021.621472, "urlRecalcStyle": "https://cdn.ampproject.org/rtv/011498506512561/v0/amp-anim-0.1.js"}}
06-28 09:25:45.741  9858  9871 E WProf.db: {"Computation": {"type": "fireEvent", "code": "0xaa407a50", "docUrl": "https://searchengineland-com.cdn.ampproject.org/c/searchengineland.com/bing-audience-targeting-in-market-custom-audiences-277080/amp", "startTime": 3021.621777, "endTime": 3021.621991, "urlRecalcStyle": "load"}}
06-28 09:25:45.741  9858  9871 E WProf.db: {"Computation": {"type": "execScript", "code": "0xaa407a50", "docUrl": "https://searchengineland-com.cdn.ampproject.org/c/searchengineland.com/bing-audience-targeting-in-market-custom-audiences-277080/amp", "startTime": 3021.622296, "endTime": 3021.635084, "urlRecalcStyle": "https://cdn.ampproject.org/rtv/011498506512561/v0/amp-sidebar-0.1.js"}}
06-28 09:25:45.741  9858  9871 E WProf.db: {"Computation": {"type": "fireEvent", "code": "0xaa407a50", "docUrl": "https://searchengineland-com.cdn.ampproject.org/c/searchengineland.com/bing-audience-targeting-in-market-custom-audiences-277080/amp", "startTime": 3021.635191, "endTime": 3021.635264, "urlRecalcStyle": "load"}}
06-28 09:25:45.741  9858  9871 E WProf.db: {"Computation": {"type": "recalcStyle", "code": "0xaa407a50", "docUrl": "https://searchengineland-com.cdn.ampproject.org/c/searchengineland.com/bing-audience-targeting-in-market-custom-audiences-277080/amp", "startTime": 3021.637421, "endTime": 3021.638311, "urlRecalcStyle": "https://fonts.googleapis.com/css?family=Oswald:300,400,700"}}
06-28 09:25:45.741  9858  9871 E WProf.db: {"Computation": {"type": "recalcStyle", "code": "0xaa407a50", "docUrl": "https://searchengineland-com.cdn.ampproject.org/c/searchengineland.com/bing-audience-targeting-in-market-custom-audiences-277080/amp", "startTime": 3021.639297, "endTime": 3021.712882, "urlRecalcStyle": "https://fonts.googleapis.com/css?family=Merriweather:400,400italic,700,700italic"}}
06-28 09:25:45.741  9858  9871 E WProf.db: {"Computation": {"type": "fireEvent", "code": "0xaa407a50", "docUrl": "https://searchengineland-com.cdn.ampproject.org/c/searchengineland.com/bing-audience-targeting-in-market-custom-audiences-277080/amp", "startTime": 3021.720779, "endTime": 3021.720847, "urlRecalcStyle": "load"}}
06-28 09:25:45.741  9858  9871 E WProf.db: {"Computation": {"type": "fireEvent", "code": "0xaa407a50", "docUrl": "https://searchengineland-com.cdn.ampproject.org/c/searchengineland.com/bing-audience-targeting-in-market-custom-audiences-277080/amp", "startTime": 3021.720935, "endTime": 3021.721045, "urlRecalcStyle": "load"}}
06-28 09:25:45.742  9858  9871 E WProf.db: {"Computation": {"type": "layout", "code": "0xaa407a50", "docUrl": "https://searchengineland-com.cdn.ampproject.org/c/searchengineland.com/bing-audience-targeting-in-market-custom-audiences-277080/amp", "startTime": 3021.721120, "endTime": 3021.741608, "urlRecalcStyle": ""}}
06-28 09:25:45.742  9858  9871 E WProf.db: {"Computation": {"type": "execScript", "code": "0xaa407a50", "docUrl": "https://searchengineland-com.cdn.ampproject.org/c/searchengineland.com/bing-audience-targeting-in-market-custom-audiences-277080/amp", "startTime": 3021.741763, "endTime": 3021.767594, "urlRecalcStyle": "https://cdn.ampproject.org/rtv/011498506512561/v0/amp-ad-0.1.js"}}
06-28 09:25:45.742  9858  9871 E WProf.db: {"Computation": {"type": "fireEvent", "code": "0xaa407a50", "docUrl": "https://searchengineland-com.cdn.ampproject.org/c/searchengineland.com/bing-audience-targeting-in-market-custom-audiences-277080/amp", "startTime": 3021.767680, "endTime": 3021.767734, "urlRecalcStyle": "load"}}
06-28 09:25:45.742  9858  9871 E WProf.db: {"Computation": {"type": "execScript", "code": "0xaa407a50", "docUrl": "https://searchengineland-com.cdn.ampproject.org/c/searchengineland.com/bing-audience-targeting-in-market-custom-audiences-277080/amp", "startTime": 3021.767819, "endTime": 3021.780550, "urlRecalcStyle": "https://cdn.ampproject.org/rtv/011498506512561/v0/amp-form-0.1.js"}}
06-28 09:25:45.742  9858  9871 E WProf.db: {"Computation": {"type": "fireEvent", "code": "0xaa407a50", "docUrl": "https://searchengineland-com.cdn.ampproject.org/c/searchengineland.com/bing-audience-targeting-in-market-custom-audiences-277080/amp", "startTime": 3021.780653, "endTime": 3021.780707, "urlRecalcStyle": "load"}}
06-28 09:25:45.742  9858  9871 E WProf.db: {"Computation": {"type": "execScript", "code": "0xaa407a50", "docUrl": "https://searchengineland-com.cdn.ampproject.org/c/searchengineland.com/bing-audience-targeting-in-market-custom-audiences-277080/amp", "startTime": 3021.780820, "endTime": 3021.812140, "urlRecalcStyle": "https://cdn.ampproject.org/rtv/011498506512561/v0/amp-analytics-0.1.js"}}
06-28 09:25:45.742  9858  9871 E WProf.db: {"Computation": {"type": "fireEvent", "code": "0xaa407a50", "docUrl": "https://searchengineland-com.cdn.ampproject.org/c/searchengineland.com/bing-audience-targeting-in-market-custom-audiences-277080/amp", "startTime": 3021.812249, "endTime": 3021.812307, "urlRecalcStyle": "load"}}
06-28 09:25:45.742  9858  9871 E WProf.db: {"Computation": {"type": "execScript", "code": "0xaa407a50", "docUrl": "https://searchengineland-com.cdn.ampproject.org/c/searchengineland.com/bing-audience-targeting-in-market-custom-audiences-277080/amp", "startTime": 3021.840455, "endTime": 3022.026639, "urlRecalcStyle": "https://cdn.ampproject.org/rtv/011498506512561/v0.js"}}
06-28 09:25:45.742  9858  9871 E WProf.db: {"Computation": {"type": "fireEvent", "code": "0xaa407a50", "docUrl": "https://searchengineland-com.cdn.ampproject.org/c/searchengineland.com/bing-audience-targeting-in-market-custom-audiences-277080/amp", "startTime": 3022.026713, "endTime": 3022.026765, "urlRecalcStyle": "load"}}
06-28 09:25:45.743  9858  9871 E WProf.db: {"Computation": {"type": "execScript", "code": "0xaa407a50", "docUrl": "https://searchengineland-com.cdn.ampproject.org/c/searchengineland.com/bing-audience-targeting-in-market-custom-audiences-277080/amp", "startTime": 3022.027085, "endTime": 3022.034313, "urlRecalcStyle": "https://cdn.ampproject.org/rtv/011498506512561/v0/amp-twitter-0.1.js"}}
06-28 09:25:45.743  9858  9871 E WProf.db: {"Computation": {"type": "fireEvent", "code": "0xaa407a50", "docUrl": "https://searchengineland-com.cdn.ampproject.org/c/searchengineland.com/bing-audience-targeting-in-market-custom-audiences-277080/amp", "startTime": 3022.034410, "endTime": 3022.034468, "urlRecalcStyle": "load"}}
06-28 09:25:45.743  9858  9871 E WProf.db: {"Computation": {"type": "execScript", "code": "0xaa407a50", "docUrl": "https://searchengineland-com.cdn.ampproject.org/c/searchengineland.com/bing-audience-targeting-in-market-custom-audiences-277080/amp", "startTime": 3022.034572, "endTime": 3022.039085, "urlRecalcStyle": "https://cdn.ampproject.org/rtv/011498506512561/v0/amp-video-0.1.js"}}
06-28 09:25:45.743  9858  9871 E WProf.db: {"Computation": {"type": "fireEvent", "code": "0xaa407a50", "docUrl": "https://searchengineland-com.cdn.ampproject.org/c/searchengineland.com/bing-audience-targeting-in-market-custom-audiences-277080/amp", "startTime": 3022.039168, "endTime": 3022.039220, "urlRecalcStyle": "load"}}
06-28 09:25:45.743  9858  9871 E WProf.db: {"Computation": {"type": "execScript", "code": "0xaa407a50", "docUrl": "https://searchengineland-com.cdn.ampproject.org/c/searchengineland.com/bing-audience-targeting-in-market-custom-audiences-277080/amp", "startTime": 3022.039305, "endTime": 3022.044488, "urlRecalcStyle": "https://cdn.ampproject.org/rtv/011498506512561/v0/amp-youtube-0.1.js"}}
06-28 09:25:45.743  9858  9871 E WProf.db: {"Computation": {"type": "fireEvent", "code": "0xaa407a50", "docUrl": "https://searchengineland-com.cdn.ampproject.org/c/searchengineland.com/bing-audience-targeting-in-market-custom-audiences-277080/amp", "startTime": 3022.044569, "endTime": 3022.044621, "urlRecalcStyle": "load"}}
06-28 09:25:45.743  9858  9871 E WProf.db: {"Computation": {"type": "execScript", "code": "0xaa407a50", "docUrl": "https://searchengineland-com.cdn.ampproject.org/c/searchengineland.com/bing-audience-targeting-in-market-custom-audiences-277080/amp", "startTime": 3022.044709, "endTime": 3022.079451, "urlRecalcStyle": "https://cdn.ampproject.org/rtv/011498506512561/v0/amp-mustache-0.1.js"}}
06-28 09:25:45.743  9858  9871 E WProf.db: {"Computation": {"type": "fireEvent", "code": "0xaa407a50", "docUrl": "https://searchengineland-com.cdn.ampproject.org/c/searchengineland.com/bing-audience-targeting-in-market-custom-audiences-277080/amp", "startTime": 3022.079561, "endTime": 3022.079634, "urlRecalcStyle": "load"}}
06-28 09:25:45.743  9858  9871 E WProf.db: {"Computation": {"type": "layout", "code": "0xaa407a50", "docUrl": "https://searchengineland-com.cdn.ampproject.org/c/searchengineland.com/bing-audience-targeting-in-market-custom-audiences-277080/amp", "startTime": 3022.311274, "endTime": 3022.320286, "urlRecalcStyle": ""}}
06-28 09:25:45.743  9858  9871 E WProf.db: {"Computation": {"type": "layout", "code": "0xaa407a50", "docUrl": "https://searchengineland-com.cdn.ampproject.org/c/searchengineland.com/bing-audience-targeting-in-market-custom-audiences-277080/amp", "startTime": 3022.344260, "endTime": 3022.345863, "urlRecalcStyle": ""}}
06-28 09:25:45.743  9858  9871 E WProf.db: {"Computation": {"type": "layout", "code": "0xaa407a50", "docUrl": "https://searchengineland-com.cdn.ampproject.org/c/searchengineland.com/bing-audience-targeting-in-market-custom-audiences-277080/amp", "startTime": 3022.352668, "endTime": 3022.353713, "urlRecalcStyle": ""}}
06-28 09:25:45.743  9858  9871 E WProf.db: {"Computation": {"type": "layout", "code": "0xaa407a50", "docUrl": "https://searchengineland-com.cdn.ampproject.org/c/searchengineland.com/bing-audience-targeting-in-market-custom-audiences-277080/amp", "startTime": 3022.356955, "endTime": 3022.358074, "urlRecalcStyle": ""}}
06-28 09:25:45.743  9858  9871 E WProf.db: {"Computation": {"type": "layout", "code": "0xaa407a50", "docUrl": "https://searchengineland-com.cdn.ampproject.org/c/searchengineland.com/bing-audience-targeting-in-market-custom-audiences-277080/amp", "startTime": 3022.365325, "endTime": 3022.373657, "urlRecalcStyle": ""}}
06-28 09:25:45.744  9858  9871 E WProf.db: {"Computation": {"type": "layout", "code": "0xaa407a50", "docUrl": "https://searchengineland-com.cdn.ampproject.org/c/searchengineland.com/bing-audience-targeting-in-market-custom-audiences-277080/amp", "startTime": 3022.381842, "endTime": 3022.384663, "urlRecalcStyle": ""}}
06-28 09:25:45.744  9858  9871 E WProf.db: {"Computation": {"type": "layout", "code": "0xaa407a50", "docUrl": "https://searchengineland-com.cdn.ampproject.org/c/searchengineland.com/bing-audience-targeting-in-market-custom-audiences-277080/amp", "startTime": 3022.409942, "endTime": 3022.413083, "urlRecalcStyle": ""}}
06-28 09:25:45.744  9858  9871 E WProf.db: {"Computation": {"type": "layout", "code": "0xaa407a50", "docUrl": "https://searchengineland-com.cdn.ampproject.org/c/searchengineland.com/bing-audience-targeting-in-market-custom-audiences-277080/amp", "startTime": 3022.426000, "endTime": 3022.427877, "urlRecalcStyle": ""}}
06-28 09:25:45.744  9858  9871 E WProf.db: {"Computation": {"type": "fireEvent", "code": "0xaa407a50", "docUrl": "https://searchengineland-com.cdn.ampproject.org/c/searchengineland.com/bing-audience-targeting-in-market-custom-audiences-277080/amp", "startTime": 3022.438599, "endTime": 3022.438650, "urlRecalcStyle": "load"}}
06-28 09:25:45.744  9787  9836 E chromium: [ERROR:gles2_cmd_decoder.cc(3852)] [.ChromiumCompositor-0xacbb2fc0]GL ERROR :GL_INVALID_ENUM : glDiscardFramebufferEXT: attachments was GL_COLOR_EXT
06-28 09:25:45.746  9858  9871 E WProf.db: {"Computation": {"type": "fireEvent", "code": "0xaa407a50", "docUrl": "https://searchengineland-com.cdn.ampproject.org/c/searchengineland.com/bing-audience-targeting-in-market-custom-audiences-277080/amp", "startTime": 3022.570290, "endTime": 3022.570337, "urlRecalcStyle": "DOMContentLoaded"}}
06-28 09:25:45.748  9858  9871 E WProf.db: {"Computation": {"type": "fireEvent", "code": "0xaa407a50", "docUrl": "https://searchengineland-com.cdn.ampproject.org/c/searchengineland.com/bing-audience-targeting-in-market-custom-audiences-277080/amp", "startTime": 3022.570387, "endTime": 3022.570436, "urlRecalcStyle": "DOMContentLoaded"}}
06-28 09:25:45.748  9858  9871 E WProf.db: {"Computation": {"type": "fireEvent", "code": "0xaa407a50", "docUrl": "https://searchengineland-com.cdn.ampproject.org/c/searchengineland.com/bing-audience-targeting-in-market-custom-audiences-277080/amp", "startTime": 3022.600616, "endTime": 3022.600675, "urlRecalcStyle": "DOMContentLoaded"}}
06-28 09:25:45.748  9858  9871 E WProf.db: {"Computation": {"type": "fireEvent", "code": "0xaa407a50", "docUrl": "https://searchengineland-com.cdn.ampproject.org/c/searchengineland.com/bing-audience-targeting-in-market-custom-audiences-277080/amp", "startTime": 3022.600727, "endTime": 3022.600779, "urlRecalcStyle": "DOMContentLoaded"}}
06-28 09:25:45.750  9787  9836 E chromium: [ERROR:gles2_cmd_decoder.cc(3852)] [.ChromiumCompositor-0xacbb2fc0]GL ERROR :GL_INVALID_ENUM : glDiscardFramebufferEXT: attachments was GL_COLOR_EXT
06-28 09:25:45.749  9858  9871 E WProf.db: {"Computation": {"type": "fireEvent", "code": "0xaa407a50", "docUrl": "https://searchengineland-com.cdn.ampproject.org/c/searchengineland.com/bing-audience-targeting-in-market-custom-audiences-277080/amp", "startTime": 3022.601322, "endTime": 3022.601369, "urlRecalcStyle": "load"}}
06-28 09:25:45.751  9858  9871 E WProf.db: {"Computation": {"type": "layout", "code": "0xaa407a50", "docUrl": "https://searchengineland-com.cdn.ampproject.org/c/searchengineland.com/bing-audience-targeting-in-market-custom-audiences-277080/amp", "startTime": 3022.601651, "endTime": 3022.602240, "urlRecalcStyle": ""}}
06-28 09:25:45.752  9858  9871 E WProf.db: {"Computation": {"type": "layout", "code": "0xaa407a50", "docUrl": "https://searchengineland-com.cdn.ampproject.org/c/searchengineland.com/bing-audience-targeting-in-market-custom-audiences-277080/amp", "startTime": 3022.607121, "endTime": 3022.622785, "urlRecalcStyle": ""}}
06-28 09:25:45.754  9858  9871 E WProf.db: {"Computation": {"type": "layout", "code": "0xaa407a50", "docUrl": "https://searchengineland-com.cdn.ampproject.org/c/searchengineland.com/bing-audience-targeting-in-market-custom-audiences-277080/amp", "startTime": 3022.629275, "endTime": 3022.629392, "urlRecalcStyle": ""}}
06-28 09:25:45.754  9858  9871 E WProf.db: {"Computation": {"type": "layout", "code": "0xaa407a50", "docUrl": "https://searchengineland-com.cdn.ampproject.org/c/searchengineland.com/bing-audience-targeting-in-market-custom-audiences-277080/amp", "startTime": 3022.629403, "endTime": 3022.629451, "urlRecalcStyle": ""}}
06-28 09:25:45.754  9858  9871 E WProf.db: {"Computation": {"type": "fireEvent", "code": "0xaa407a50", "docUrl": "https://searchengineland-com.cdn.ampproject.org/c/searchengineland.com/bing-audience-targeting-in-market-custom-audiences-277080/amp", "startTime": 3022.651297, "endTime": 3022.651589, "urlRecalcStyle": "load"}}
06-28 09:25:45.754  9858  9871 E WProf.db: {"Computation": {"type": "fireEvent", "code": "0xaa407a50", "docUrl": "https://searchengineland-com.cdn.ampproject.org/c/searchengineland.com/bing-audience-targeting-in-market-custom-audiences-277080/amp", "startTime": 3022.651727, "endTime": 3022.651780, "urlRecalcStyle": "load"}}
06-28 09:25:45.754  9858  9871 E WProf.db: {"Computation": {"type": "fireEvent", "code": "0xaa407a50", "docUrl": "https://searchengineland-com.cdn.ampproject.org/c/searchengineland.com/bing-audience-targeting-in-market-custom-audiences-277080/amp", "startTime": 3022.651847, "endTime": 3022.651892, "urlRecalcStyle": "load"}}
06-28 09:25:45.754  9858  9871 E WProf.db: {"Computation": {"type": "fireEvent", "code": "0xaa407a50", "docUrl": "https://searchengineland-com.cdn.ampproject.org/c/searchengineland.com/bing-audience-targeting-in-market-custom-audiences-277080/amp", "startTime": 3022.651946, "endTime": 3022.651989, "urlRecalcStyle": "load"}}
06-28 09:25:45.755  9858  9871 E WProf.db: {"Computation": {"type": "fireEvent", "code": "0xaa407a50", "docUrl": "https://searchengineland-com.cdn.ampproject.org/c/searchengineland.com/bing-audience-targeting-in-market-custom-audiences-277080/amp", "startTime": 3022.652052, "endTime": 3022.652104, "urlRecalcStyle": "load"}}
06-28 09:25:45.755  9858  9871 E WProf.db: {"Computation": {"type": "fireEvent", "code": "0xaa407a50", "docUrl": "https://searchengineland-com.cdn.ampproject.org/c/searchengineland.com/bing-audience-targeting-in-market-custom-audiences-277080/amp", "startTime": 3022.652152, "endTime": 3022.652198, "urlRecalcStyle": "load"}}
06-28 09:25:45.755  9858  9871 E WProf.db: {"Computation": {"type": "fireEvent", "code": "0xaa407a50", "docUrl": "https://searchengineland-com.cdn.ampproject.org/c/searchengineland.com/bing-audience-targeting-in-market-custom-audiences-277080/amp", "startTime": 3022.674777, "endTime": 3022.674860, "urlRecalcStyle": "load"}}
06-28 09:25:45.755  9858  9871 E WProf.db: {"Computation": {"type": "fireEvent", "code": "0xaa407a50", "docUrl": "https://searchengineland-com.cdn.ampproject.org/c/searchengineland.com/bing-audience-targeting-in-market-custom-audiences-277080/amp", "startTime": 3022.674928, "endTime": 3022.674979, "urlRecalcStyle": "load"}}
06-28 09:25:45.755  9858  9871 E WProf.db: {"Computation": {"type": "fireEvent", "code": "0xaa407a50", "docUrl": "https://searchengineland-com.cdn.ampproject.org/c/searchengineland.com/bing-audience-targeting-in-market-custom-audiences-277080/amp", "startTime": 3022.675033, "endTime": 3022.675719, "urlRecalcStyle": "load"}}
06-28 09:25:45.755  9858  9871 E WProf.db: {"Computation": {"type": "fireEvent", "code": "0xaa407a50", "docUrl": "https://searchengineland-com.cdn.ampproject.org/c/searchengineland.com/bing-audience-targeting-in-market-custom-audiences-277080/amp", "startTime": 3022.675822, "endTime": 3022.675882, "urlRecalcStyle": "load"}}
06-28 09:25:45.755  9858  9871 E WProf.db: {"Computation": {"type": "fireEvent", "code": "0xaa407a50", "docUrl": "https://searchengineland-com.cdn.ampproject.org/c/searchengineland.com/bing-audience-targeting-in-market-custom-audiences-277080/amp", "startTime": 3022.675944, "endTime": 3022.676001, "urlRecalcStyle": "load"}}
06-28 09:25:45.755  9858  9871 E WProf.db: {"Computation": {"type": "fireEvent", "code": "0xaa407a50", "docUrl": "https://searchengineland-com.cdn.ampproject.org/c/searchengineland.com/bing-audience-targeting-in-market-custom-audiences-277080/amp", "startTime": 3022.676064, "endTime": 3022.676281, "urlRecalcStyle": "load"}}
06-28 09:25:45.756  9858  9871 E WProf.db: {"Computation": {"type": "layout", "code": "0xaa407a50", "docUrl": "https://searchengineland-com.cdn.ampproject.org/c/searchengineland.com/bing-audience-targeting-in-market-custom-audiences-277080/amp", "startTime": 3022.688977, "endTime": 3022.692016, "urlRecalcStyle": ""}}
06-28 09:25:45.756  9858  9871 E WProf.db: {"Computation": {"type": "fireEvent", "code": "0xaa407a50", "docUrl": "https://searchengineland-com.cdn.ampproject.org/c/searchengineland.com/bing-audience-targeting-in-market-custom-audiences-277080/amp", "startTime": 3022.692297, "endTime": 3022.692345, "urlRecalcStyle": "load"}}
06-28 09:25:45.756  9858  9871 E WProf.db: {"Computation": {"type": "fireEvent", "code": "0xaa407a50", "docUrl": "https://searchengineland-com.cdn.ampproject.org/c/searchengineland.com/bing-audience-targeting-in-market-custom-audiences-277080/amp", "startTime": 3022.692391, "endTime": 3022.692434, "urlRecalcStyle": "load"}}
06-28 09:25:45.756  9858  9871 E WProf.db: {"Computation": {"type": "fireEvent", "code": "0xaa407a50", "docUrl": "https://searchengineland-com.cdn.ampproject.org/c/searchengineland.com/bing-audience-targeting-in-market-custom-audiences-277080/amp", "startTime": 3022.692487, "endTime": 3022.692693, "urlRecalcStyle": "load"}}
06-28 09:25:45.756  9858  9871 E WProf.db: {"Computation": {"type": "fireEvent", "code": "0xaa407a50", "docUrl": "https://searchengineland-com.cdn.ampproject.org/c/searchengineland.com/bing-audience-targeting-in-market-custom-audiences-277080/amp", "startTime": 3022.692759, "endTime": 3022.692801, "urlRecalcStyle": "load"}}
06-28 09:25:45.756  9858  9871 E WProf.db: {"Computation": {"type": "fireEvent", "code": "0xaa407a50", "docUrl": "https://searchengineland-com.cdn.ampproject.org/c/searchengineland.com/bing-audience-targeting-in-market-custom-audiences-277080/amp", "startTime": 3022.692847, "endTime": 3022.692889, "urlRecalcStyle": "load"}}
06-28 09:25:45.756  9858  9871 E WProf.db: {"Computation": {"type": "fireEvent", "code": "0xaa407a50", "docUrl": "https://searchengineland-com.cdn.ampproject.org/c/searchengineland.com/bing-audience-targeting-in-market-custom-audiences-277080/amp", "startTime": 3022.692938, "endTime": 3022.693027, "urlRecalcStyle": "load"}}
06-28 09:25:45.756  9858  9871 E WProf.db: {"Computation": {"type": "fireEvent", "code": "0xaa407a50", "docUrl": "https://searchengineland-com.cdn.ampproject.org/c/searchengineland.com/bing-audience-targeting-in-market-custom-audiences-277080/amp", "startTime": 3022.693089, "endTime": 3022.693135, "urlRecalcStyle": "load"}}
06-28 09:25:45.756  9858  9871 E WProf.db: {"Computation": {"type": "fireEvent", "code": "0xaa407a50", "docUrl": "https://searchengineland-com.cdn.ampproject.org/c/searchengineland.com/bing-audience-targeting-in-market-custom-audiences-277080/amp", "startTime": 3022.693181, "endTime": 3022.693223, "urlRecalcStyle": "load"}}
06-28 09:25:45.757  9858  9871 E WProf.db: {"Computation": {"type": "fireEvent", "code": "0xaa407a50", "docUrl": "https://searchengineland-com.cdn.ampproject.org/c/searchengineland.com/bing-audience-targeting-in-market-custom-audiences-277080/amp", "startTime": 3022.693271, "endTime": 3022.693360, "urlRecalcStyle": "load"}}
06-28 09:25:45.757  9858  9871 E WProf.db: {"Computation": {"type": "layout", "code": "0xaa407a50", "docUrl": "https://searchengineland-com.cdn.ampproject.org/c/searchengineland.com/bing-audience-targeting-in-market-custom-audiences-277080/amp", "startTime": 3022.715174, "endTime": 3022.716381, "urlRecalcStyle": ""}}
06-28 09:25:45.757  9858  9871 E WProf.db: {"Computation": {"type": "layout", "code": "0xaa407a50", "docUrl": "https://searchengineland-com.cdn.ampproject.org/c/searchengineland.com/bing-audience-targeting-in-market-custom-audiences-277080/amp", "startTime": 3022.746178, "endTime": 3022.747775, "urlRecalcStyle": ""}}
06-28 09:25:45.757  9858  9871 E WProf.db: {"Complete": "searchengineland-com.cdn.ampproject.org_c_searchengineland.com_bing-audience-targeting-in-market-custom-audiences-277080_amp"}
06-28 09:25:45.855  9787  9836 E chromium: [ERROR:gles2_cmd_decoder.cc(3852)] [.ChromiumCompositor-0xacbb2fc0]GL ERROR :GL_INVALID_ENUM : glDiscardFramebufferEXT: attachments was GL_COLOR_EXT
06-28 09:25:45.872  9787  9836 E chromium: [ERROR:gles2_cmd_decoder.cc(3852)] [.ChromiumCompositor-0xacbb2fc0]GL ERROR :GL_INVALID_ENUM : glDiscardFramebufferEXT: attachments was GL_COLOR_EXT
06-28 09:25:45.885  9787  9836 E chromium: [ERROR:gles2_cmd_decoder.cc(3852)] [.ChromiumCompositor-0xacbb2fc0]GL ERROR :GL_INVALID_ENUM : glDiscardFramebufferEXT: attachments was GL_COLOR_EXT
06-28 09:25:45.899  9787  9836 E chromium: [ERROR:gles2_cmd_decoder.cc(3852)] [.ChromiumCompositor-0xacbb2fc0]GL ERROR :GL_INVALID_ENUM : glDiscardFramebufferEXT: attachments was GL_COLOR_EXT
06-28 09:25:45.905  9858  9871 E WPROF   : {"Javascript": {"url": "https://cdn.ampproject.org/rtv/011498506512561/v0/amp-crypto-polyfill-0.1.js", "requestTime": 3022.961106}}
06-28 09:25:45.915  9787  9836 E chromium: [ERROR:gles2_cmd_decoder.cc(3852)] [.ChromiumCompositor-0xacbb2fc0]GL ERROR :GL_INVALID_ENUM : glDiscardFramebufferEXT: attachments was GL_COLOR_EXT
06-28 09:25:45.932  9787  9836 E chromium: [ERROR:gles2_cmd_decoder.cc(3852)] [.ChromiumCompositor-0xacbb2fc0]GL ERROR :GL_INVALID_ENUM : glDiscardFramebufferEXT: attachments was GL_COLOR_EXT
06-28 09:25:45.949  9787  9836 E chromium: [ERROR:gles2_cmd_decoder.cc(3852)] [.ChromiumCompositor-0xacbb2fc0]GL ERROR :GL_INVALID_ENUM : glDiscardFramebufferEXT: attachments was GL_COLOR_EXT
06-28 09:25:45.966  9787  9836 E chromium: [ERROR:gles2_cmd_decoder.cc(3852)] [.ChromiumCompositor-0xacbb2fc0]GL ERROR :GL_INVALID_ENUM : glDiscardFramebufferEXT: attachments was GL_COLOR_EXT
06-28 09:25:45.983  9787  9836 E chromium: [ERROR:gles2_cmd_decoder.cc(3852)] [.ChromiumCompositor-0xacbb2fc0]GL ERROR :GL_INVALID_ENUM : glDiscardFramebufferEXT: attachments was GL_COLOR_EXT
06-28 09:25:45.999  9787  9836 E chromium: [ERROR:gles2_cmd_decoder.cc(3852)] [.ChromiumCompositor-0xacbb2fc0]GL ERROR :GL_INVALID_ENUM : glDiscardFramebufferEXT: attachments was GL_COLOR_EXT
06-28 09:25:46.016  9787  9836 E chromium: [ERROR:gles2_cmd_decoder.cc(3852)] [.ChromiumCompositor-0xacbb2fc0]GL ERROR :GL_INVALID_ENUM : glDiscardFramebufferEXT: attachments was GL_COLOR_EXT
06-28 09:25:46.035  9787  9836 E chromium: [ERROR:gles2_cmd_decoder.cc(3852)] [.ChromiumCompositor-0xacbb2fc0]GL ERROR :GL_INVALID_ENUM : glDiscardFramebufferEXT: attachments was GL_COLOR_EXT
06-28 09:25:46.049  9787  9836 E chromium: [ERROR:gles2_cmd_decoder.cc(3852)] [.ChromiumCompositor-0xacbb2fc0]GL ERROR :GL_INVALID_ENUM : glDiscardFramebufferEXT: attachments was GL_COLOR_EXT
06-28 09:25:46.066  9787  9836 E chromium: [ERROR:gles2_cmd_decoder.cc(3852)] [.ChromiumCompositor-0xacbb2fc0]GL ERROR :GL_INVALID_ENUM : glDiscardFramebufferEXT: attachments was GL_COLOR_EXT
06-28 09:25:46.083  9787  9836 E chromium: [ERROR:gles2_cmd_decoder.cc(3852)] [.ChromiumCompositor-0xacbb2fc0]GL ERROR :GL_INVALID_ENUM : glDiscardFramebufferEXT: attachments was GL_COLOR_EXT
06-28 09:25:46.107  9787  9836 E chromium: [ERROR:gles2_cmd_decoder.cc(3852)] [.ChromiumCompositor-0xacbb2fc0]GL ERROR :GL_INVALID_ENUM : glDiscardFramebufferEXT: attachments was GL_COLOR_EXT
06-28 09:25:46.116  9787  9836 E chromium: [ERROR:gles2_cmd_decoder.cc(3852)] [.ChromiumCompositor-0xacbb2fc0]GL ERROR :GL_INVALID_ENUM : glDiscardFramebufferEXT: attachments was GL_COLOR_EXT
06-28 09:25:46.133  9787  9836 E chromium: [ERROR:gles2_cmd_decoder.cc(3852)] [.ChromiumCompositor-0xacbb2fc0]GL ERROR :GL_INVALID_ENUM : glDiscardFramebufferEXT: attachments was GL_COLOR_EXT
06-28 09:25:46.149  9787  9836 E chromium: [ERROR:gles2_cmd_decoder.cc(3852)] [.ChromiumCompositor-0xacbb2fc0]GL ERROR :GL_INVALID_ENUM : glDiscardFramebufferEXT: attachments was GL_COLOR_EXT
06-28 09:25:46.167  9787  9836 E chromium: [ERROR:gles2_cmd_decoder.cc(3852)] [.ChromiumCompositor-0xacbb2fc0]GL ERROR :GL_INVALID_ENUM : glDiscardFramebufferEXT: attachments was GL_COLOR_EXT
06-28 09:25:46.183  9787  9836 E chromium: [ERROR:gles2_cmd_decoder.cc(3852)] [.ChromiumCompositor-0xacbb2fc0]GL ERROR :GL_INVALID_ENUM : glDiscardFramebufferEXT: attachments was GL_COLOR_EXT
06-28 09:25:46.200  9787  9836 E chromium: [ERROR:gles2_cmd_decoder.cc(3852)] [.ChromiumCompositor-0xacbb2fc0]GL ERROR :GL_INVALID_ENUM : glDiscardFramebufferEXT: attachments was GL_COLOR_EXT
06-28 09:25:46.217  9787  9836 E chromium: [ERROR:gles2_cmd_decoder.cc(3852)] [.ChromiumCompositor-0xacbb2fc0]GL ERROR :GL_INVALID_ENUM : glDiscardFramebufferEXT: attachments was GL_COLOR_EXT
06-28 09:25:46.234  9787  9836 E chromium: [ERROR:gles2_cmd_decoder.cc(3852)] [.ChromiumCompositor-0xacbb2fc0]GL ERROR :GL_INVALID_ENUM : glDiscardFramebufferEXT: attachments was GL_COLOR_EXT
06-28 09:25:46.251  9787  9836 E chromium: [ERROR:gles2_cmd_decoder.cc(3852)] [.ChromiumCompositor-0xacbb2fc0]GL ERROR :GL_INVALID_ENUM : glDiscardFramebufferEXT: attachments was GL_COLOR_EXT
06-28 09:25:46.277  9787  9836 E chromium: [ERROR:gles2_cmd_decoder.cc(3852)] [.ChromiumCompositor-0xacbb2fc0]GL ERROR :GL_INVALID_ENUM : glDiscardFramebufferEXT: attachments was GL_COLOR_EXT
06-28 09:25:46.286  9787  9836 E chromium: [ERROR:gles2_cmd_decoder.cc(3852)] [.ChromiumCompositor-0xacbb2fc0]GL ERROR :GL_INVALID_ENUM : glDiscardFramebufferEXT: attachments was GL_COLOR_EXT
06-28 09:25:46.301  9787  9836 E chromium: [ERROR:gles2_cmd_decoder.cc(3852)] [.ChromiumCompositor-0xacbb2fc0]GL ERROR :GL_INVALID_ENUM : glDiscardFramebufferEXT: attachments was GL_COLOR_EXT
06-28 09:25:46.319  9787  9836 E chromium: [ERROR:gles2_cmd_decoder.cc(3852)] [.ChromiumCompositor-0xacbb2fc0]GL ERROR :GL_INVALID_ENUM : glDiscardFramebufferEXT: attachments was GL_COLOR_EXT
06-28 09:25:46.328   862  1657 E LocSvc_IzatApiV02: E/virtual int izat_core::IzatApiV02::getBatchSize(int32_t):522]: Error : st = 4, ind.status = -1628389555
06-28 09:25:46.328   862  1657 E LocSvc_IzatApiV02: E/virtual int izat_core::IzatApiV02::getBatchSize(int32_t):535]: get batching size failed.Or modem does not support batching 
06-28 09:25:46.335  9787  9836 E chromium: [ERROR:gles2_cmd_decoder.cc(3852)] [.ChromiumCompositor-0xacbb2fc0]GL ERROR :GL_INVALID_ENUM : glDiscardFramebufferEXT: attachments was GL_COLOR_EXT
06-28 09:25:46.337   862  1657 E LocSvc_IzatApiV02: E/virtual int izat_core::IzatApiV02::getBatchSize(int32_t):522]: Error : st = 4, ind.status = -1628389555
06-28 09:25:46.337   862  1657 E LocSvc_IzatApiV02: E/virtual int izat_core::IzatApiV02::getBatchSize(int32_t):535]: get batching size failed.Or modem does not support batching 
06-28 09:25:46.351  9787  9836 E chromium: [ERROR:gles2_cmd_decoder.cc(3852)] [.ChromiumCompositor-0xacbb2fc0]GL ERROR :GL_INVALID_ENUM : glDiscardFramebufferEXT: attachments was GL_COLOR_EXT
06-28 09:25:46.369  9787  9836 E chromium: [ERROR:gles2_cmd_decoder.cc(3852)] [.ChromiumCompositor-0xacbb2fc0]GL ERROR :GL_INVALID_ENUM : glDiscardFramebufferEXT: attachments was GL_COLOR_EXT
06-28 09:25:46.370   862  1657 E LocSvc_IzatApiV02: E/virtual int izat_core::IzatApiV02::getBatchSize(int32_t):522]: Error : st = 4, ind.status = -1628389555
06-28 09:25:46.370   862  1657 E LocSvc_IzatApiV02: E/virtual int izat_core::IzatApiV02::getBatchSize(int32_t):535]: get batching size failed.Or modem does not support batching 
06-28 09:25:46.380   862  1657 E LocSvc_IzatApiV02: E/virtual int izat_core::IzatApiV02::getBatchSize(int32_t):522]: Error : st = 4, ind.status = -1628389555
06-28 09:25:46.380   862  1657 E LocSvc_IzatApiV02: E/virtual int izat_core::IzatApiV02::getBatchSize(int32_t):535]: get batching size failed.Or modem does not support batching 
06-28 09:25:46.385  9787  9836 E chromium: [ERROR:gles2_cmd_decoder.cc(3852)] [.ChromiumCompositor-0xacbb2fc0]GL ERROR :GL_INVALID_ENUM : glDiscardFramebufferEXT: attachments was GL_COLOR_EXT
06-28 09:25:46.402  9787  9836 E chromium: [ERROR:gles2_cmd_decoder.cc(3852)] [.ChromiumCompositor-0xacbb2fc0]GL ERROR :GL_INVALID_ENUM : glDiscardFramebufferEXT: attachments was GL_COLOR_EXT
06-28 09:25:46.419  9787  9836 E chromium: [ERROR:gles2_cmd_decoder.cc(3852)] [.ChromiumCompositor-0xacbb2fc0]GL ERROR :GL_INVALID_ENUM : glDiscardFramebufferEXT: attachments was GL_COLOR_EXT
06-28 09:25:46.436  9787  9836 E chromium: [ERROR:gles2_cmd_decoder.cc(3852)] [.ChromiumCompositor-0xacbb2fc0]GL ERROR :GL_INVALID_ENUM : glDiscardFramebufferEXT: attachments was GL_COLOR_EXT
06-28 09:25:46.455  9787  9836 E chromium: [ERROR:gles2_cmd_decoder.cc(3852)] [.ChromiumCompositor-0xacbb2fc0]GL ERROR :GL_INVALID_ENUM : glDiscardFramebufferEXT: attachments was GL_COLOR_EXT
06-28 09:25:46.475  9787  9836 E chromium: [ERROR:gles2_cmd_decoder.cc(3852)] [.ChromiumCompositor-0xacbb2fc0]GL ERROR :GL_INVALID_ENUM : glDiscardFramebufferEXT: attachments was GL_COLOR_EXT
06-28 09:25:46.493  9787  9836 E chromium: [ERROR:gles2_cmd_decoder.cc(3852)] [.ChromiumCompositor-0xacbb2fc0]GL ERROR :GL_INVALID_ENUM : glDiscardFramebufferEXT: attachments was GL_COLOR_EXT
06-28 09:25:46.512  9787  9836 E chromium: [ERROR:gles2_cmd_decoder.cc(3852)] [.ChromiumCompositor-0xacbb2fc0]GL ERROR :GL_INVALID_ENUM : glDiscardFramebufferEXT: attachments was GL_COLOR_EXT
06-28 09:25:46.546  9787  9836 E chromium: [ERROR:gles2_cmd_decoder.cc(3852)] [.ChromiumCompositor-0xacbb2fc0]GL ERROR :GL_INVALID_ENUM : glDiscardFramebufferEXT: attachments was GL_COLOR_EXT
06-28 09:25:46.559  9787  9836 E chromium: [ERROR:gles2_cmd_decoder.cc(3852)] [.ChromiumCompositor-0xacbb2fc0]GL ERROR :GL_INVALID_ENUM : glDiscardFramebufferEXT: attachments was GL_COLOR_EXT
06-28 09:25:46.573  9787  9836 E chromium: [ERROR:gles2_cmd_decoder.cc(3852)] [.ChromiumCompositor-0xacbb2fc0]GL ERROR :GL_INVALID_ENUM : glDiscardFramebufferEXT: attachments was GL_COLOR_EXT
06-28 09:25:46.589  9787  9836 E chromium: [ERROR:gles2_cmd_decoder.cc(3852)] [.ChromiumCompositor-0xacbb2fc0]GL ERROR :GL_INVALID_ENUM : glDiscardFramebufferEXT: attachments was GL_COLOR_EXT
06-28 09:25:46.609  9787  9836 E chromium: [ERROR:gles2_cmd_decoder.cc(3852)] [.ChromiumCompositor-0xacbb2fc0]GL ERROR :GL_INVALID_ENUM : glDiscardFramebufferEXT: attachments was GL_COLOR_EXT
06-28 09:25:46.625  9787  9836 E chromium: [ERROR:gles2_cmd_decoder.cc(3852)] [.ChromiumCompositor-0xacbb2fc0]GL ERROR :GL_INVALID_ENUM : glDiscardFramebufferEXT: attachments was GL_COLOR_EXT
06-28 09:25:46.644  9787  9836 E chromium: [ERROR:gles2_cmd_decoder.cc(3852)] [.ChromiumCompositor-0xacbb2fc0]GL ERROR :GL_INVALID_ENUM : glDiscardFramebufferEXT: attachments was GL_COLOR_EXT
06-28 09:25:46.656  9787  9836 E chromium: [ERROR:gles2_cmd_decoder.cc(3852)] [.ChromiumCompositor-0xacbb2fc0]GL ERROR :GL_INVALID_ENUM : glDiscardFramebufferEXT: attachments was GL_COLOR_EXT
06-28 09:25:46.671  9787  9836 E chromium: [ERROR:gles2_cmd_decoder.cc(3852)] [.ChromiumCompositor-0xacbb2fc0]GL ERROR :GL_INVALID_ENUM : glDiscardFramebufferEXT: attachments was GL_COLOR_EXT
06-28 09:25:46.689  9787  9836 E chromium: [ERROR:gles2_cmd_decoder.cc(3852)] [.ChromiumCompositor-0xacbb2fc0]GL ERROR :GL_INVALID_ENUM : glDiscardFramebufferEXT: attachments was GL_COLOR_EXT
06-28 09:25:46.706  9787  9836 E chromium: [ERROR:gles2_cmd_decoder.cc(3852)] [.ChromiumCompositor-0xacbb2fc0]GL ERROR :GL_INVALID_ENUM : glDiscardFramebufferEXT: attachments was GL_COLOR_EXT
06-28 09:25:46.725  9787  9836 E chromium: [ERROR:gles2_cmd_decoder.cc(3852)] [.ChromiumCompositor-0xacbb2fc0]GL ERROR :GL_INVALID_ENUM : glDiscardFramebufferEXT: attachments was GL_COLOR_EXT
06-28 09:25:46.738  9787  9836 E chromium: [ERROR:gles2_cmd_decoder.cc(3852)] [.ChromiumCompositor-0xacbb2fc0]GL ERROR :GL_INVALID_ENUM : glDiscardFramebufferEXT: attachments was GL_COLOR_EXT
06-28 09:25:46.755  9787  9836 E chromium: [ERROR:gles2_cmd_decoder.cc(3852)] [.ChromiumCompositor-0xacbb2fc0]GL ERROR :GL_INVALID_ENUM : glDiscardFramebufferEXT: attachments was GL_COLOR_EXT
06-28 09:25:46.775  9787  9836 E chromium: [ERROR:gles2_cmd_decoder.cc(3852)] [.ChromiumCompositor-0xacbb2fc0]GL ERROR :GL_INVALID_ENUM : glDiscardFramebufferEXT: attachments was GL_COLOR_EXT
06-28 09:25:46.791  9787  9836 E chromium: [ERROR:gles2_cmd_decoder.cc(3852)] [.ChromiumCompositor-0xacbb2fc0]GL ERROR :GL_INVALID_ENUM : glDiscardFramebufferEXT: attachments was GL_COLOR_EXT
06-28 09:25:46.808  9787  9836 E chromium: [ERROR:gles2_cmd_decoder.cc(3852)] [.ChromiumCompositor-0xacbb2fc0]GL ERROR :GL_INVALID_ENUM : glDiscardFramebufferEXT: attachments was GL_COLOR_EXT
06-28 09:25:46.829  9787  9836 E chromium: [ERROR:gles2_cmd_decoder.cc(3852)] [.ChromiumCompositor-0xacbb2fc0]GL ERROR :GL_INVALID_ENUM : glDiscardFramebufferEXT: attachments was GL_COLOR_EXT
06-28 09:25:46.838  9787  9836 E chromium: [ERROR:gles2_cmd_decoder.cc(3852)] [.ChromiumCompositor-0xacbb2fc0]GL ERROR :GL_INVALID_ENUM : glDiscardFramebufferEXT: attachments was GL_COLOR_EXT
06-28 09:25:46.854  9787  9836 E chromium: [ERROR:gles2_cmd_decoder.cc(3852)] [.ChromiumCompositor-0xacbb2fc0]GL ERROR :GL_INVALID_ENUM : glDiscardFramebufferEXT: attachments was GL_COLOR_EXT
06-28 09:25:46.871  9787  9836 E chromium: [ERROR:gles2_cmd_decoder.cc(3852)] [.ChromiumCompositor-0xacbb2fc0]GL ERROR :GL_INVALID_ENUM : glDiscardFramebufferEXT: attachments was GL_COLOR_EXT
06-28 09:25:46.889  9787  9836 E chromium: [ERROR:gles2_cmd_decoder.cc(3852)] [.ChromiumCompositor-0xacbb2fc0]GL ERROR :GL_INVALID_ENUM : glDiscardFramebufferEXT: attachments was GL_COLOR_EXT
06-28 09:25:46.906  9787  9836 E chromium: [ERROR:gles2_cmd_decoder.cc(3852)] [.ChromiumCompositor-0xacbb2fc0]GL ERROR :GL_INVALID_ENUM : glDiscardFramebufferEXT: attachments was GL_COLOR_EXT
06-28 09:25:46.925  9787  9836 E chromium: [ERROR:gles2_cmd_decoder.cc(3852)] [.ChromiumCompositor-0xacbb2fc0]GL ERROR :GL_INVALID_ENUM : glDiscardFramebufferEXT: attachments was GL_COLOR_EXT
06-28 09:25:46.947  9787  9836 E chromium: [ERROR:gles2_cmd_decoder.cc(3852)] [.ChromiumCompositor-0xacbb2fc0]GL ERROR :GL_INVALID_ENUM : glDiscardFramebufferEXT: attachments was GL_COLOR_EXT
06-28 09:25:46.965  9787  9836 E chromium: [ERROR:gles2_cmd_decoder.cc(3852)] [.ChromiumCompositor-0xacbb2fc0]GL ERROR :GL_INVALID_ENUM : glDiscardFramebufferEXT: attachments was GL_COLOR_EXT
06-28 09:25:46.976  9787  9836 E chromium: [ERROR:gles2_cmd_decoder.cc(3852)] [.ChromiumCompositor-0xacbb2fc0]GL ERROR :GL_INVALID_ENUM : glDiscardFramebufferEXT: attachments was GL_COLOR_EXT
06-28 09:25:46.996  9787  9836 E chromium: [ERROR:gles2_cmd_decoder.cc(3852)] [.ChromiumCompositor-0xacbb2fc0]GL ERROR :GL_INVALID_ENUM : glDiscardFramebufferEXT: attachments was GL_COLOR_EXT
06-28 09:25:47.007  9787  9836 E chromium: [ERROR:gles2_cmd_decoder.cc(3852)] [.ChromiumCompositor-0xacbb2fc0]GL ERROR :GL_INVALID_ENUM : glDiscardFramebufferEXT: attachments was GL_COLOR_EXT
06-28 09:25:47.024  9787  9836 E chromium: [ERROR:gles2_cmd_decoder.cc(3852)] [.ChromiumCompositor-0xacbb2fc0]GL ERROR :GL_INVALID_ENUM : glDiscardFramebufferEXT: attachments was GL_COLOR_EXT
06-28 09:25:47.040  9787  9836 E chromium: [ERROR:gles2_cmd_decoder.cc(3852)] [.ChromiumCompositor-0xacbb2fc0]GL ERROR :GL_INVALID_ENUM : glDiscardFramebufferEXT: attachments was GL_COLOR_EXT
06-28 09:25:47.057  9787  9836 E chromium: [ERROR:gles2_cmd_decoder.cc(3852)] [.ChromiumCompositor-0xacbb2fc0]GL ERROR :GL_INVALID_ENUM : glDiscardFramebufferEXT: attachments was GL_COLOR_EXT
06-28 09:25:47.074  9787  9836 E chromium: [ERROR:gles2_cmd_decoder.cc(3852)] [.ChromiumCompositor-0xacbb2fc0]GL ERROR :GL_INVALID_ENUM : glDiscardFramebufferEXT: attachments was GL_COLOR_EXT
06-28 09:25:47.092  9787  9836 E chromium: [ERROR:gles2_cmd_decoder.cc(3852)] [.ChromiumCompositor-0xacbb2fc0]GL ERROR :GL_INVALID_ENUM : glDiscardFramebufferEXT: attachments was GL_COLOR_EXT
06-28 09:25:47.117  9787  9836 E chromium: [ERROR:gles2_cmd_decoder.cc(3852)] [.ChromiumCompositor-0xacbb2fc0]GL ERROR :GL_INVALID_ENUM : glDiscardFramebufferEXT: attachments was GL_COLOR_EXT
06-28 09:25:47.129  9787  9836 E chromium: [ERROR:gles2_cmd_decoder.cc(3852)] [.ChromiumCompositor-0xacbb2fc0]GL ERROR :GL_INVALID_ENUM : glDiscardFramebufferEXT: attachments was GL_COLOR_EXT
06-28 09:25:47.141  9787  9836 E chromium: [ERROR:gles2_cmd_decoder.cc(3852)] [.ChromiumCompositor-0xacbb2fc0]GL ERROR :GL_INVALID_ENUM : glDiscardFramebufferEXT: attachments was GL_COLOR_EXT
06-28 09:25:47.157  9787  9836 E chromium: [ERROR:gles2_cmd_decoder.cc(3852)] [.ChromiumCompositor-0xacbb2fc0]GL ERROR :GL_INVALID_ENUM : glDiscardFramebufferEXT: attachments was GL_COLOR_EXT
06-28 09:25:47.173  9787  9836 E chromium: [ERROR:gles2_cmd_decoder.cc(3852)] [.ChromiumCompositor-0xacbb2fc0]GL ERROR :GL_INVALID_ENUM : glDiscardFramebufferEXT: attachments was GL_COLOR_EXT
06-28 09:25:47.190  9787  9836 E chromium: [ERROR:gles2_cmd_decoder.cc(3852)] [.ChromiumCompositor-0xacbb2fc0]GL ERROR :GL_INVALID_ENUM : glDiscardFramebufferEXT: attachments was GL_COLOR_EXT
06-28 09:25:47.209  9787  9836 E chromium: [ERROR:gles2_cmd_decoder.cc(3852)] [.ChromiumCompositor-0xacbb2fc0]GL ERROR :GL_INVALID_ENUM : glDiscardFramebufferEXT: attachments was GL_COLOR_EXT
06-28 09:25:47.226  9787  9836 E chromium: [ERROR:gles2_cmd_decoder.cc(3852)] [.ChromiumCompositor-0xacbb2fc0]GL ERROR :GL_INVALID_ENUM : glDiscardFramebufferEXT: attachments was GL_COLOR_EXT
06-28 09:25:47.246  9787  9836 E chromium: [ERROR:gles2_cmd_decoder.cc(3852)] [.ChromiumCompositor-0xacbb2fc0]GL ERROR :GL_INVALID_ENUM : glDiscardFramebufferEXT: attachments was GL_COLOR_EXT
06-28 09:25:47.261  9787  9836 E chromium: [ERROR:gles2_cmd_decoder.cc(3852)] [.ChromiumCompositor-0xacbb2fc0]GL ERROR :GL_INVALID_ENUM : glDiscardFramebufferEXT: attachments was GL_COLOR_EXT
06-28 09:25:47.277  9787  9836 E chromium: [ERROR:gles2_cmd_decoder.cc(3852)] [.ChromiumCompositor-0xacbb2fc0]GL ERROR :GL_INVALID_ENUM : glDiscardFramebufferEXT: attachments was GL_COLOR_EXT
06-28 09:25:47.294  9787  9836 E chromium: [ERROR:gles2_cmd_decoder.cc(3852)] [.ChromiumCompositor-0xacbb2fc0]GL ERROR :GL_INVALID_ENUM : glDiscardFramebufferEXT: attachments was GL_COLOR_EXT
06-28 09:25:47.313  9787  9836 E chromium: [ERROR:gles2_cmd_decoder.cc(3852)] [.ChromiumCompositor-0xacbb2fc0]GL ERROR :GL_INVALID_ENUM : glDiscardFramebufferEXT: attachments was GL_COLOR_EXT
06-28 09:25:47.326  9787  9836 E chromium: [ERROR:gles2_cmd_decoder.cc(3852)] [.ChromiumCompositor-0xacbb2fc0]GL ERROR :GL_INVALID_ENUM : glDiscardFramebufferEXT: attachments was GL_COLOR_EXT
06-28 09:25:47.343  9787  9836 E chromium: [ERROR:gles2_cmd_decoder.cc(3852)] [.ChromiumCompositor-0xacbb2fc0]GL ERROR :GL_INVALID_ENUM : glDiscardFramebufferEXT: attachments was GL_COLOR_EXT
06-28 09:25:47.360  9787  9836 E chromium: [ERROR:gles2_cmd_decoder.cc(3852)] [.ChromiumCompositor-0xacbb2fc0]GL ERROR :GL_INVALID_ENUM : glDiscardFramebufferEXT: attachments was GL_COLOR_EXT
06-28 09:25:47.377  9787  9836 E chromium: [ERROR:gles2_cmd_decoder.cc(3852)] [.ChromiumCompositor-0xacbb2fc0]GL ERROR :GL_INVALID_ENUM : glDiscardFramebufferEXT: attachments was GL_COLOR_EXT
06-28 09:25:47.395  9787  9836 E chromium: [ERROR:gles2_cmd_decoder.cc(3852)] [.ChromiumCompositor-0xacbb2fc0]GL ERROR :GL_INVALID_ENUM : glDiscardFramebufferEXT: attachments was GL_COLOR_EXT
06-28 09:25:47.411  9787  9836 E chromium: [ERROR:gles2_cmd_decoder.cc(3852)] [.ChromiumCompositor-0xacbb2fc0]GL ERROR :GL_INVALID_ENUM : glDiscardFramebufferEXT: attachments was GL_COLOR_EXT
06-28 09:25:47.427  9787  9836 E chromium: [ERROR:gles2_cmd_decoder.cc(3852)] [.ChromiumCompositor-0xacbb2fc0]GL ERROR :GL_INVALID_ENUM : glDiscardFramebufferEXT: attachments was GL_COLOR_EXT
06-28 09:25:47.442  9787  9836 E chromium: [ERROR:gles2_cmd_decoder.cc(3852)] [.ChromiumCompositor-0xacbb2fc0]GL ERROR :GL_INVALID_ENUM : glDiscardFramebufferEXT: attachments was GL_COLOR_EXT
06-28 09:25:47.459  9787  9836 E chromium: [ERROR:gles2_cmd_decoder.cc(3852)] [.ChromiumCompositor-0xacbb2fc0]GL ERROR :GL_INVALID_ENUM : glDiscardFramebufferEXT: attachments was GL_COLOR_EXT
06-28 09:25:47.478  9787  9836 E chromium: [ERROR:gles2_cmd_decoder.cc(3852)] [.ChromiumCompositor-0xacbb2fc0]GL ERROR :GL_INVALID_ENUM : glDiscardFramebufferEXT: attachments was GL_COLOR_EXT
06-28 09:25:47.496  9787  9836 E chromium: [ERROR:gles2_cmd_decoder.cc(3852)] [.ChromiumCompositor-0xacbb2fc0]GL ERROR :GL_INVALID_ENUM : glDiscardFramebufferEXT: attachments was GL_COLOR_EXT
06-28 09:25:47.515  9787  9836 E chromium: [ERROR:gles2_cmd_decoder.cc(3852)] [.ChromiumCompositor-0xacbb2fc0]GL ERROR :GL_INVALID_ENUM : glDiscardFramebufferEXT: attachments was GL_COLOR_EXT
06-28 09:25:47.534  9787  9836 E chromium: [ERROR:gles2_cmd_decoder.cc(3852)] [.ChromiumCompositor-0xacbb2fc0]GL ERROR :GL_INVALID_ENUM : glDiscardFramebufferEXT: attachments was GL_COLOR_EXT
06-28 09:25:47.550  9787  9836 E chromium: [ERROR:gles2_cmd_decoder.cc(3852)] [.ChromiumCompositor-0xacbb2fc0]GL ERROR :GL_INVALID_ENUM : glDiscardFramebufferEXT: attachments was GL_COLOR_EXT
06-28 09:25:47.562  9787  9836 E chromium: [ERROR:gles2_cmd_decoder.cc(3852)] [.ChromiumCompositor-0xacbb2fc0]GL ERROR :GL_INVALID_ENUM : glDiscardFramebufferEXT: attachments was GL_COLOR_EXT
06-28 09:25:47.579  9787  9836 E chromium: [ERROR:gles2_cmd_decoder.cc(3852)] [.ChromiumCompositor-0xacbb2fc0]GL ERROR :GL_INVALID_ENUM : glDiscardFramebufferEXT: attachments was GL_COLOR_EXT
06-28 09:25:47.594  9787  9836 E chromium: [ERROR:gles2_cmd_decoder.cc(3852)] [.ChromiumCompositor-0xacbb2fc0]GL ERROR :GL_INVALID_ENUM : glDiscardFramebufferEXT: attachments was GL_COLOR_EXT
06-28 09:25:47.612  9787  9836 E chromium: [ERROR:gles2_cmd_decoder.cc(3852)] [.ChromiumCompositor-0xacbb2fc0]GL ERROR :GL_INVALID_ENUM : glDiscardFramebufferEXT: attachments was GL_COLOR_EXT
06-28 09:25:47.633  9787  9836 E chromium: [ERROR:gles2_cmd_decoder.cc(3852)] [.ChromiumCompositor-0xacbb2fc0]GL ERROR :GL_INVALID_ENUM : glDiscardFramebufferEXT: attachments was GL_COLOR_EXT
06-28 09:25:47.646  9787  9836 E chromium: [ERROR:gles2_cmd_decoder.cc(3852)] [.ChromiumCompositor-0xacbb2fc0]GL ERROR :GL_INVALID_ENUM : glDiscardFramebufferEXT: attachments was GL_COLOR_EXT
06-28 09:25:47.661  9787  9836 E chromium: [ERROR:gles2_cmd_decoder.cc(3852)] [.ChromiumCompositor-0xacbb2fc0]GL ERROR :GL_INVALID_ENUM : glDiscardFramebufferEXT: attachments was GL_COLOR_EXT
06-28 09:25:47.679  9787  9836 E chromium: [ERROR:gles2_cmd_decoder.cc(3852)] [.ChromiumCompositor-0xacbb2fc0]GL ERROR :GL_INVALID_ENUM : glDiscardFramebufferEXT: attachments was GL_COLOR_EXT
06-28 09:25:47.695  9787  9836 E chromium: [ERROR:gles2_cmd_decoder.cc(3852)] [.ChromiumCompositor-0xacbb2fc0]GL ERROR :GL_INVALID_ENUM : glDiscardFramebufferEXT: attachments was GL_COLOR_EXT
06-28 09:25:47.716  9787  9836 E chromium: [ERROR:gles2_cmd_decoder.cc(3852)] [.ChromiumCompositor-0xacbb2fc0]GL ERROR :GL_INVALID_ENUM : glDiscardFramebufferEXT: attachments was GL_COLOR_EXT
06-28 09:25:47.733  9787  9836 E chromium: [ERROR:gles2_cmd_decoder.cc(3852)] [.ChromiumCompositor-0xacbb2fc0]GL ERROR :GL_INVALID_ENUM : glDiscardFramebufferEXT: attachments was GL_COLOR_EXT
