06-28 15:50:05.422 15653 15667 E WProf.db: {"WprofHTMLTag": {"code": "0x9c9cfaa0", "doc": "https://searchengineland-com.cdn.ampproject.org/c/searchengineland.com/bing-ads-editor-gets-review-extension-support-better-keyword-import-273445/amp", "row": 752, "column": 460, "tagName": "a", "time": 26080.162672, "url": "", "pos": 1, "chunkLen": 1, "isStartTag": 1}}
06-28 15:50:05.422 15653 15667 E WProf.db: {"WprofHTMLTag": {"code": "0x9c9cfad0", "doc": "https://searchengineland-com.cdn.ampproject.org/c/searchengineland.com/bing-ads-editor-gets-review-extension-support-better-keyword-import-273445/amp", "row": 752, "column": 530, "tagName": "a", "time": 26080.162875, "url": "", "pos": 1, "chunkLen": 1, "isStartTag": 0}}
06-28 15:50:05.422 15653 15667 E WProf.db: {"WprofHTMLTag": {"code": "0x9c9cfb00", "doc": "https://searchengineland-com.cdn.ampproject.org/c/searchengineland.com/bing-ads-editor-gets-review-extension-support-better-keyword-import-273445/amp", "row": 752, "column": 535, "tagName": "li", "time": 26080.162887, "url": "", "pos": 1, "chunkLen": 1, "isStartTag": 0}}
06-28 15:50:05.422 15653 15667 E WProf.db: {"WprofHTMLTag": {"code": "0x9c9cfb30", "doc": "https://searchengineland-com.cdn.ampproject.org/c/searchengineland.com/bing-ads-editor-gets-review-extension-support-better-keyword-import-273445/amp", "row": 752, "column": 539, "tagName": "li", "time": 26080.162895, "url": "", "pos": 1, "chunkLen": 1, "isStartTag": 1}}
06-28 15:50:05.422 15653 15667 E WProf.db: {"WprofHTMLTag": {"code": "0x9c9cfb60", "doc": "https://searchengineland-com.cdn.ampproject.org/c/searchengineland.com/bing-ads-editor-gets-review-extension-support-better-keyword-import-273445/amp", "row": 752, "column": 734, "tagName": "a", "time": 26080.162922, "url": "", "pos": 1, "chunkLen": 1, "isStartTag": 1}}
06-28 15:50:05.422 15653 15667 E WProf.db: {"WprofHTMLTag": {"code": "0x9c9cfb90", "doc": "https://searchengineland-com.cdn.ampproject.org/c/searchengineland.com/bing-ads-editor-gets-review-extension-support-better-keyword-import-273445/amp", "row": 752, "column": 778, "tagName": "a", "time": 26080.163142, "url": "", "pos": 1, "chunkLen": 1, "isStartTag": 0}}
06-28 15:50:05.422 15653 15667 E WProf.db: {"WprofHTMLTag": {"code": "0x9c9cfbc0", "doc": "https://searchengineland-com.cdn.ampproject.org/c/searchengineland.com/bing-ads-editor-gets-review-extension-support-better-keyword-import-273445/amp", "row": 752, "column": 783, "tagName": "li", "time": 26080.163157, "url": "", "pos": 1, "chunkLen": 1, "isStartTag": 0}}
06-28 15:50:05.422 15653 15667 E WProf.db: {"WprofHTMLTag": {"code": "0x9c9cfbf0", "doc": "https://searchengineland-com.cdn.ampproject.org/c/searchengineland.com/bing-ads-editor-gets-review-extension-support-better-keyword-import-273445/amp", "row": 752, "column": 790, "tagName": "ul", "time": 26080.163174, "url": "", "pos": 1, "chunkLen": 1, "isStartTag": 0}}
06-28 15:50:05.423 15653 15667 E WProf.db: {"WprofHTMLTag": {"code": "0x9c9cfc20", "doc": "https://searchengineland-com.cdn.ampproject.org/c/searchengineland.com/bing-ads-editor-gets-review-extension-support-better-keyword-import-273445/amp", "row": 753, "column": 7, "tagName": "div", "time": 26080.163191, "url": "", "pos": 1, "chunkLen": 1, "isStartTag": 0}}
06-28 15:50:05.423 15653 15667 E WProf.db: {"WprofHTMLTag": {"code": "0x9c9cfc50", "doc": "https://searchengineland-com.cdn.ampproject.org/c/searchengineland.com/bing-ads-editor-gets-review-extension-support-better-keyword-import-273445/amp", "row": 754, "column": 128, "tagName": "a", "time": 26080.163214, "url": "", "pos": 1, "chunkLen": 1, "isStartTag": 1}}
06-28 15:50:05.423 15653 15667 E WProf.db: {"WprofHTMLTag": {"code": "0x9c9cfc80", "doc": "https://searchengineland-com.cdn.ampproject.org/c/searchengineland.com/bing-ads-editor-gets-review-extension-support-better-keyword-import-273445/amp", "row": 754, "column": 149, "tagName": "a", "time": 26080.163443, "url": "", "pos": 1, "chunkLen": 1, "isStartTag": 0}}
06-28 15:50:05.423 15653 15667 E WProf.db: {"WprofHTMLTag": {"code": "0x9c9cfcb0", "doc": "https://searchengineland-com.cdn.ampproject.org/c/searchengineland.com/bing-ads-editor-gets-review-extension-support-better-keyword-import-273445/amp", "row": 755, "column": 6, "tagName": "div", "time": 26080.163462, "url": "", "pos": 1, "chunkLen": 1, "isStartTag": 0}}
06-28 15:50:05.423 15653 15667 E WProf.db: {"WprofHTMLTag": {"code": "0x9c9cfce0", "doc": "https://searchengineland-com.cdn.ampproject.org/c/searchengineland.com/bing-ads-editor-gets-review-extension-support-better-keyword-import-273445/amp", "row": 759, "column": 21, "tagName": "div", "time": 26080.163483, "url": "", "pos": 1, "chunkLen": 1, "isStartTag": 1}}
06-28 15:50:05.423 15653 15667 E WProf.db: {"WprofHTMLTag": {"code": "0x9c9cfd10", "doc": "https://searchengineland-com.cdn.ampproject.org/c/searchengineland.com/bing-ads-editor-gets-review-extension-support-better-keyword-import-273445/amp", "row": 760, "column": 6, "tagName": "div", "time": 26080.163564, "url": "", "pos": 1, "chunkLen": 1, "isStartTag": 1}}
06-28 15:50:05.458 15536 15596 E chromium: [ERROR:gles2_cmd_decoder.cc(3852)] [.ChromiumCompositor-0x9ebb0640]GL ERROR :GL_INVALID_ENUM : glDiscardFramebufferEXT: attachments was GL_COLOR_EXT
06-28 15:50:05.476 15536 15596 E chromium: [ERROR:gles2_cmd_decoder.cc(3852)] [.ChromiumCompositor-0x9ebb0640]GL ERROR :GL_INVALID_ENUM : glDiscardFramebufferEXT: attachments was GL_COLOR_EXT
06-28 15:50:05.492 15536 15596 E chromium: [ERROR:gles2_cmd_decoder.cc(3852)] [.ChromiumCompositor-0x9ebb0640]GL ERROR :GL_INVALID_ENUM : glDiscardFramebufferEXT: attachments was GL_COLOR_EXT
06-28 15:50:05.509 15536 15596 E chromium: [ERROR:gles2_cmd_decoder.cc(3852)] [.ChromiumCompositor-0x9ebb0640]GL ERROR :GL_INVALID_ENUM : glDiscardFramebufferEXT: attachments was GL_COLOR_EXT
06-28 15:50:05.525 15536 15596 E chromium: [ERROR:gles2_cmd_decoder.cc(3852)] [.ChromiumCompositor-0x9ebb0640]GL ERROR :GL_INVALID_ENUM : glDiscardFramebufferEXT: attachments was GL_COLOR_EXT
06-28 15:50:05.542 15536 15596 E chromium: [ERROR:gles2_cmd_decoder.cc(3852)] [.ChromiumCompositor-0x9ebb0640]GL ERROR :GL_INVALID_ENUM : glDiscardFramebufferEXT: attachments was GL_COLOR_EXT
06-28 15:50:05.562 15536 15596 E chromium: [ERROR:gles2_cmd_decoder.cc(3852)] [.ChromiumCompositor-0x9ebb0640]GL ERROR :GL_INVALID_ENUM : glDiscardFramebufferEXT: attachments was GL_COLOR_EXT
06-28 15:50:05.576 15536 15596 E chromium: [ERROR:gles2_cmd_decoder.cc(3852)] [.ChromiumCompositor-0x9ebb0640]GL ERROR :GL_INVALID_ENUM : glDiscardFramebufferEXT: attachments was GL_COLOR_EXT
06-28 15:50:05.593 15536 15596 E chromium: [ERROR:gles2_cmd_decoder.cc(3852)] [.ChromiumCompositor-0x9ebb0640]GL ERROR :GL_INVALID_ENUM : glDiscardFramebufferEXT: attachments was GL_COLOR_EXT
06-28 15:50:05.623 15536 15596 E chromium: [ERROR:gles2_cmd_decoder.cc(3852)] [.ChromiumCompositor-0x9ebb0640]GL ERROR :GL_INVALID_ENUM : glDiscardFramebufferEXT: attachments was GL_COLOR_EXT
06-28 15:50:05.655   862  1657 E LocSvc_IzatApiV02: E/virtual int izat_core::IzatApiV02::getBatchSize(int32_t):522]: Error : st = 4, ind.status = -1628389555
06-28 15:50:05.655   862  1657 E LocSvc_IzatApiV02: E/virtual int izat_core::IzatApiV02::getBatchSize(int32_t):535]: get batching size failed.Or modem does not support batching 
06-28 15:50:05.656 15536 15596 E chromium: [ERROR:gles2_cmd_decoder.cc(3852)] [.ChromiumCompositor-0x9ebb0640]GL ERROR :GL_INVALID_ENUM : glDiscardFramebufferEXT: attachments was GL_COLOR_EXT
06-28 15:50:05.661 15536 15596 E chromium: [ERROR:gles2_cmd_decoder.cc(3852)] [.ChromiumCompositor-0x9ebb0640]GL ERROR :GL_INVALID_ENUM : glDiscardFramebufferEXT: attachments was GL_COLOR_EXT
06-28 15:50:05.667   862  1657 E LocSvc_IzatApiV02: E/virtual int izat_core::IzatApiV02::getBatchSize(int32_t):522]: Error : st = 4, ind.status = -1628389555
06-28 15:50:05.668   862  1657 E LocSvc_IzatApiV02: E/virtual int izat_core::IzatApiV02::getBatchSize(int32_t):535]: get batching size failed.Or modem does not support batching 
06-28 15:50:05.676 15536 15596 E chromium: [ERROR:gles2_cmd_decoder.cc(3852)] [.ChromiumCompositor-0x9ebb0640]GL ERROR :GL_INVALID_ENUM : glDiscardFramebufferEXT: attachments was GL_COLOR_EXT
06-28 15:50:05.696 15536 15596 E chromium: [ERROR:gles2_cmd_decoder.cc(3852)] [.ChromiumCompositor-0x9ebb0640]GL ERROR :GL_INVALID_ENUM : glDiscardFramebufferEXT: attachments was GL_COLOR_EXT
06-28 15:50:05.697   862  1657 E LocSvc_IzatApiV02: E/virtual int izat_core::IzatApiV02::getBatchSize(int32_t):522]: Error : st = 4, ind.status = -1628389555
06-28 15:50:05.697   862  1657 E LocSvc_IzatApiV02: E/virtual int izat_core::IzatApiV02::getBatchSize(int32_t):535]: get batching size failed.Or modem does not support batching 
06-28 15:50:05.710 15536 15596 E chromium: [ERROR:gles2_cmd_decoder.cc(3852)] [.ChromiumCompositor-0x9ebb0640]GL ERROR :GL_INVALID_ENUM : glDiscardFramebufferEXT: attachments was GL_COLOR_EXT
06-28 15:50:05.718   862  1657 E LocSvc_IzatApiV02: E/virtual int izat_core::IzatApiV02::getBatchSize(int32_t):522]: Error : st = 4, ind.status = -1628389555
06-28 15:50:05.718   862  1657 E LocSvc_IzatApiV02: E/virtual int izat_core::IzatApiV02::getBatchSize(int32_t):535]: get batching size failed.Or modem does not support batching 
06-28 15:50:05.727 15536 15596 E chromium: [ERROR:gles2_cmd_decoder.cc(3852)] [.ChromiumCompositor-0x9ebb0640]GL ERROR :GL_INVALID_ENUM : glDiscardFramebufferEXT: attachments was GL_COLOR_EXT
06-28 15:50:05.743 15536 15596 E chromium: [ERROR:gles2_cmd_decoder.cc(3852)] [.ChromiumCompositor-0x9ebb0640]GL ERROR :GL_INVALID_ENUM : glDiscardFramebufferEXT: attachments was GL_COLOR_EXT
06-28 15:50:05.760 15536 15596 E chromium: [ERROR:gles2_cmd_decoder.cc(3852)] [.ChromiumCompositor-0x9ebb0640]GL ERROR :GL_INVALID_ENUM : glDiscardFramebufferEXT: attachments was GL_COLOR_EXT
06-28 15:50:05.776 15536 15596 E chromium: [ERROR:gles2_cmd_decoder.cc(3852)] [.ChromiumCompositor-0x9ebb0640]GL ERROR :GL_INVALID_ENUM : glDiscardFramebufferEXT: attachments was GL_COLOR_EXT
06-28 15:50:05.793 15536 15596 E chromium: [ERROR:gles2_cmd_decoder.cc(3852)] [.ChromiumCompositor-0x9ebb0640]GL ERROR :GL_INVALID_ENUM : glDiscardFramebufferEXT: attachments was GL_COLOR_EXT
06-28 15:50:05.810 15536 15596 E chromium: [ERROR:gles2_cmd_decoder.cc(3852)] [.ChromiumCompositor-0x9ebb0640]GL ERROR :GL_INVALID_ENUM : glDiscardFramebufferEXT: attachments was GL_COLOR_EXT
06-28 15:50:05.828 15536 15596 E chromium: [ERROR:gles2_cmd_decoder.cc(3852)] [.ChromiumCompositor-0x9ebb0640]GL ERROR :GL_INVALID_ENUM : glDiscardFramebufferEXT: attachments was GL_COLOR_EXT
06-28 15:50:05.845 15536 15596 E chromium: [ERROR:gles2_cmd_decoder.cc(3852)] [.ChromiumCompositor-0x9ebb0640]GL ERROR :GL_INVALID_ENUM : glDiscardFramebufferEXT: attachments was GL_COLOR_EXT
06-28 15:50:05.866 15536 15596 E chromium: [ERROR:gles2_cmd_decoder.cc(3852)] [.ChromiumCompositor-0x9ebb0640]GL ERROR :GL_INVALID_ENUM : glDiscardFramebufferEXT: attachments was GL_COLOR_EXT
06-28 15:50:05.880 15536 15596 E chromium: [ERROR:gles2_cmd_decoder.cc(3852)] [.ChromiumCompositor-0x9ebb0640]GL ERROR :GL_INVALID_ENUM : glDiscardFramebufferEXT: attachments was GL_COLOR_EXT
06-28 15:50:05.909 15536 15596 E chromium: [ERROR:gles2_cmd_decoder.cc(3852)] [.ChromiumCompositor-0x9ebb0640]GL ERROR :GL_INVALID_ENUM : glDiscardFramebufferEXT: attachments was GL_COLOR_EXT
06-28 15:50:05.918 15536 15596 E chromium: [ERROR:gles2_cmd_decoder.cc(3852)] [.ChromiumCompositor-0x9ebb0640]GL ERROR :GL_INVALID_ENUM : glDiscardFramebufferEXT: attachments was GL_COLOR_EXT
06-28 15:50:05.931 15536 15596 E chromium: [ERROR:gles2_cmd_decoder.cc(3852)] [.ChromiumCompositor-0x9ebb0640]GL ERROR :GL_INVALID_ENUM : glDiscardFramebufferEXT: attachments was GL_COLOR_EXT
06-28 15:50:05.949 15536 15596 E chromium: [ERROR:gles2_cmd_decoder.cc(3852)] [.ChromiumCompositor-0x9ebb0640]GL ERROR :GL_INVALID_ENUM : glDiscardFramebufferEXT: attachments was GL_COLOR_EXT
06-28 15:50:05.964 15536 15596 E chromium: [ERROR:gles2_cmd_decoder.cc(3852)] [.ChromiumCompositor-0x9ebb0640]GL ERROR :GL_INVALID_ENUM : glDiscardFramebufferEXT: attachments was GL_COLOR_EXT
06-28 15:50:05.978 15536 15596 E chromium: [ERROR:gles2_cmd_decoder.cc(3852)] [.ChromiumCompositor-0x9ebb0640]GL ERROR :GL_INVALID_ENUM : glDiscardFramebufferEXT: attachments was GL_COLOR_EXT
06-28 15:50:05.999 15536 15596 E chromium: [ERROR:gles2_cmd_decoder.cc(3852)] [.ChromiumCompositor-0x9ebb0640]GL ERROR :GL_INVALID_ENUM : glDiscardFramebufferEXT: attachments was GL_COLOR_EXT
06-28 15:50:06.013 15536 15596 E chromium: [ERROR:gles2_cmd_decoder.cc(3852)] [.ChromiumCompositor-0x9ebb0640]GL ERROR :GL_INVALID_ENUM : glDiscardFramebufferEXT: attachments was GL_COLOR_EXT
06-28 15:50:06.031 15536 15596 E chromium: [ERROR:gles2_cmd_decoder.cc(3852)] [.ChromiumCompositor-0x9ebb0640]GL ERROR :GL_INVALID_ENUM : glDiscardFramebufferEXT: attachments was GL_COLOR_EXT
06-28 15:50:06.045 15536 15596 E chromium: [ERROR:gles2_cmd_decoder.cc(3852)] [.ChromiumCompositor-0x9ebb0640]GL ERROR :GL_INVALID_ENUM : glDiscardFramebufferEXT: attachments was GL_COLOR_EXT
06-28 15:50:06.062 15536 15596 E chromium: [ERROR:gles2_cmd_decoder.cc(3852)] [.ChromiumCompositor-0x9ebb0640]GL ERROR :GL_INVALID_ENUM : glDiscardFramebufferEXT: attachments was GL_COLOR_EXT
06-28 15:50:06.081 15536 15596 E chromium: [ERROR:gles2_cmd_decoder.cc(3852)] [.ChromiumCompositor-0x9ebb0640]GL ERROR :GL_INVALID_ENUM : glDiscardFramebufferEXT: attachments was GL_COLOR_EXT
06-28 15:50:06.099 15536 15596 E chromium: [ERROR:gles2_cmd_decoder.cc(3852)] [.ChromiumCompositor-0x9ebb0640]GL ERROR :GL_INVALID_ENUM : glDiscardFramebufferEXT: attachments was GL_COLOR_EXT
06-28 15:50:06.120 15536 15596 E chromium: [ERROR:gles2_cmd_decoder.cc(3852)] [.ChromiumCompositor-0x9ebb0640]GL ERROR :GL_INVALID_ENUM : glDiscardFramebufferEXT: attachments was GL_COLOR_EXT
06-28 15:50:06.148 15536 15596 E chromium: [ERROR:gles2_cmd_decoder.cc(3852)] [.ChromiumCompositor-0x9ebb0640]GL ERROR :GL_INVALID_ENUM : glDiscardFramebufferEXT: attachments was GL_COLOR_EXT
06-28 15:50:06.153 15536 15596 E chromium: [ERROR:gles2_cmd_decoder.cc(3852)] [.ChromiumCompositor-0x9ebb0640]GL ERROR :GL_INVALID_ENUM : glDiscardFramebufferEXT: attachments was GL_COLOR_EXT
06-28 15:50:06.175 15536 15596 E chromium: [ERROR:gles2_cmd_decoder.cc(3852)] [.ChromiumCompositor-0x9ebb0640]GL ERROR :GL_INVALID_ENUM : glDiscardFramebufferEXT: attachments was GL_COLOR_EXT
06-28 15:50:06.183 15536 15596 E chromium: [ERROR:gles2_cmd_decoder.cc(3852)] [.ChromiumCompositor-0x9ebb0640]GL ERROR :GL_INVALID_ENUM : glDiscardFramebufferEXT: attachments was GL_COLOR_EXT
06-28 15:50:06.202 15536 15596 E chromium: [ERROR:gles2_cmd_decoder.cc(3852)] [.ChromiumCompositor-0x9ebb0640]GL ERROR :GL_INVALID_ENUM : glDiscardFramebufferEXT: attachments was GL_COLOR_EXT
06-28 15:50:06.216 15536 15596 E chromium: [ERROR:gles2_cmd_decoder.cc(3852)] [.ChromiumCompositor-0x9ebb0640]GL ERROR :GL_INVALID_ENUM : glDiscardFramebufferEXT: attachments was GL_COLOR_EXT
06-28 15:50:06.232 15536 15596 E chromium: [ERROR:gles2_cmd_decoder.cc(3852)] [.ChromiumCompositor-0x9ebb0640]GL ERROR :GL_INVALID_ENUM : glDiscardFramebufferEXT: attachments was GL_COLOR_EXT
06-28 15:50:06.248 15536 15596 E chromium: [ERROR:gles2_cmd_decoder.cc(3852)] [.ChromiumCompositor-0x9ebb0640]GL ERROR :GL_INVALID_ENUM : glDiscardFramebufferEXT: attachments was GL_COLOR_EXT
06-28 15:50:06.265 15536 15596 E chromium: [ERROR:gles2_cmd_decoder.cc(3852)] [.ChromiumCompositor-0x9ebb0640]GL ERROR :GL_INVALID_ENUM : glDiscardFramebufferEXT: attachments was GL_COLOR_EXT
06-28 15:50:06.283 15536 15596 E chromium: [ERROR:gles2_cmd_decoder.cc(3852)] [.ChromiumCompositor-0x9ebb0640]GL ERROR :GL_INVALID_ENUM : glDiscardFramebufferEXT: attachments was GL_COLOR_EXT
06-28 15:50:06.298 15536 15596 E chromium: [ERROR:gles2_cmd_decoder.cc(3852)] [.ChromiumCompositor-0x9ebb0640]GL ERROR :GL_INVALID_ENUM : glDiscardFramebufferEXT: attachments was GL_COLOR_EXT
06-28 15:50:06.315 15536 15596 E chromium: [ERROR:gles2_cmd_decoder.cc(3852)] [.ChromiumCompositor-0x9ebb0640]GL ERROR :GL_INVALID_ENUM : glDiscardFramebufferEXT: attachments was GL_COLOR_EXT
06-28 15:50:06.331 15536 15596 E chromium: [ERROR:gles2_cmd_decoder.cc(3852)] [.ChromiumCompositor-0x9ebb0640]GL ERROR :GL_INVALID_ENUM : glDiscardFramebufferEXT: attachments was GL_COLOR_EXT
06-28 15:50:06.348 15536 15596 E chromium: [ERROR:gles2_cmd_decoder.cc(3852)] [.ChromiumCompositor-0x9ebb0640]GL ERROR :GL_INVALID_ENUM : glDiscardFramebufferEXT: attachments was GL_COLOR_EXT
06-28 15:50:06.366 15536 15596 E chromium: [ERROR:gles2_cmd_decoder.cc(3852)] [.ChromiumCompositor-0x9ebb0640]GL ERROR :GL_INVALID_ENUM : glDiscardFramebufferEXT: attachments was GL_COLOR_EXT
06-28 15:50:06.382 15536 15596 E chromium: [ERROR:gles2_cmd_decoder.cc(3852)] [.ChromiumCompositor-0x9ebb0640]GL ERROR :GL_INVALID_ENUM : glDiscardFramebufferEXT: attachments was GL_COLOR_EXT
06-28 15:50:06.398 15536 15596 E chromium: [ERROR:gles2_cmd_decoder.cc(3852)] [.ChromiumCompositor-0x9ebb0640]GL ERROR :GL_INVALID_ENUM : glDiscardFramebufferEXT: attachments was GL_COLOR_EXT
06-28 15:50:06.414 15536 15596 E chromium: [ERROR:gles2_cmd_decoder.cc(3852)] [.ChromiumCompositor-0x9ebb0640]GL ERROR :GL_INVALID_ENUM : glDiscardFramebufferEXT: attachments was GL_COLOR_EXT
06-28 15:50:06.432 15536 15596 E chromium: [ERROR:gles2_cmd_decoder.cc(3852)] [.ChromiumCompositor-0x9ebb0640]GL ERROR :GL_INVALID_ENUM : glDiscardFramebufferEXT: attachments was GL_COLOR_EXT
06-28 15:50:06.449 15536 15596 E chromium: [ERROR:gles2_cmd_decoder.cc(3852)] [.ChromiumCompositor-0x9ebb0640]GL ERROR :GL_INVALID_ENUM : glDiscardFramebufferEXT: attachments was GL_COLOR_EXT
06-28 15:50:06.465 15536 15596 E chromium: [ERROR:gles2_cmd_decoder.cc(3852)] [.ChromiumCompositor-0x9ebb0640]GL ERROR :GL_INVALID_ENUM : glDiscardFramebufferEXT: attachments was GL_COLOR_EXT
06-28 15:50:06.483 15536 15596 E chromium: [ERROR:gles2_cmd_decoder.cc(3852)] [.ChromiumCompositor-0x9ebb0640]GL ERROR :GL_INVALID_ENUM : glDiscardFramebufferEXT: attachments was GL_COLOR_EXT
06-28 15:50:06.501 15536 15596 E chromium: [ERROR:gles2_cmd_decoder.cc(3852)] [.ChromiumCompositor-0x9ebb0640]GL ERROR :GL_INVALID_ENUM : glDiscardFramebufferEXT: attachments was GL_COLOR_EXT
06-28 15:50:06.517 15536 15596 E chromium: [ERROR:gles2_cmd_decoder.cc(3852)] [.ChromiumCompositor-0x9ebb0640]GL ERROR :GL_INVALID_ENUM : glDiscardFramebufferEXT: attachments was GL_COLOR_EXT
06-28 15:50:06.535 15536 15596 E chromium: [ERROR:gles2_cmd_decoder.cc(3852)] [.ChromiumCompositor-0x9ebb0640]GL ERROR :GL_INVALID_ENUM : glDiscardFramebufferEXT: attachments was GL_COLOR_EXT
06-28 15:50:06.551 15536 15596 E chromium: [ERROR:gles2_cmd_decoder.cc(3852)] [.ChromiumCompositor-0x9ebb0640]GL ERROR :GL_INVALID_ENUM : glDiscardFramebufferEXT: attachments was GL_COLOR_EXT
06-28 15:50:06.569 15536 15596 E chromium: [ERROR:gles2_cmd_decoder.cc(3852)] [.ChromiumCompositor-0x9ebb0640]GL ERROR :GL_INVALID_ENUM : glDiscardFramebufferEXT: attachments was GL_COLOR_EXT
06-28 15:50:06.585 15536 15596 E chromium: [ERROR:gles2_cmd_decoder.cc(3852)] [.ChromiumCompositor-0x9ebb0640]GL ERROR :GL_INVALID_ENUM : glDiscardFramebufferEXT: attachments was GL_COLOR_EXT
06-28 15:50:06.607 15536 15596 E chromium: [ERROR:gles2_cmd_decoder.cc(3852)] [.ChromiumCompositor-0x9ebb0640]GL ERROR :GL_INVALID_ENUM : glDiscardFramebufferEXT: attachments was GL_COLOR_EXT
06-28 15:50:06.631 15536 15596 E chromium: [ERROR:gles2_cmd_decoder.cc(3852)] [.ChromiumCompositor-0x9ebb0640]GL ERROR :GL_INVALID_ENUM : glDiscardFramebufferEXT: attachments was GL_COLOR_EXT
06-28 15:50:06.654 15536 15596 E chromium: [ERROR:gles2_cmd_decoder.cc(3852)] [.ChromiumCompositor-0x9ebb0640]GL ERROR :GL_INVALID_ENUM : glDiscardFramebufferEXT: attachments was GL_COLOR_EXT
06-28 15:50:06.665 15536 15596 E chromium: [ERROR:gles2_cmd_decoder.cc(3852)] [.ChromiumCompositor-0x9ebb0640]GL ERROR :GL_INVALID_ENUM : glDiscardFramebufferEXT: attachments was GL_COLOR_EXT
06-28 15:50:06.668 15536 15596 E chromium: [ERROR:gles2_cmd_decoder.cc(3852)] [.ChromiumCompositor-0x9ebb0640]GL ERROR :GL_INVALID_ENUM : glDiscardFramebufferEXT: attachments was GL_COLOR_EXT
06-28 15:50:06.682 15536 15596 E chromium: [ERROR:gles2_cmd_decoder.cc(3852)] [.ChromiumCompositor-0x9ebb0640]GL ERROR :GL_INVALID_ENUM : glDiscardFramebufferEXT: attachments was GL_COLOR_EXT
06-28 15:50:06.698 15536 15596 E chromium: [ERROR:gles2_cmd_decoder.cc(3852)] [.ChromiumCompositor-0x9ebb0640]GL ERROR :GL_INVALID_ENUM : glDiscardFramebufferEXT: attachments was GL_COLOR_EXT
06-28 15:50:06.718 15536 15596 E chromium: [ERROR:gles2_cmd_decoder.cc(3852)] [.ChromiumCompositor-0x9ebb0640]GL ERROR :GL_INVALID_ENUM : glDiscardFramebufferEXT: attachments was GL_COLOR_EXT
06-28 15:50:06.737 15536 15596 E chromium: [ERROR:gles2_cmd_decoder.cc(3852)] [.ChromiumCompositor-0x9ebb0640]GL ERROR :GL_INVALID_ENUM : glDiscardFramebufferEXT: attachments was GL_COLOR_EXT
06-28 15:50:06.752 15536 15596 E chromium: [ERROR:gles2_cmd_decoder.cc(3852)] [.ChromiumCompositor-0x9ebb0640]GL ERROR :GL_INVALID_ENUM : glDiscardFramebufferEXT: attachments was GL_COLOR_EXT
06-28 15:50:06.769 15536 15596 E chromium: [ERROR:gles2_cmd_decoder.cc(3852)] [.ChromiumCompositor-0x9ebb0640]GL ERROR :GL_INVALID_ENUM : glDiscardFramebufferEXT: attachments was GL_COLOR_EXT
06-28 15:50:06.784 15536 15596 E chromium: [ERROR:gles2_cmd_decoder.cc(3852)] [.ChromiumCompositor-0x9ebb0640]GL ERROR :GL_INVALID_ENUM : glDiscardFramebufferEXT: attachments was GL_COLOR_EXT
06-28 15:50:06.806 15536 15596 E chromium: [ERROR:gles2_cmd_decoder.cc(3852)] [.ChromiumCompositor-0x9ebb0640]GL ERROR :GL_INVALID_ENUM : glDiscardFramebufferEXT: attachments was GL_COLOR_EXT
06-28 15:50:06.819 15536 15596 E chromium: [ERROR:gles2_cmd_decoder.cc(3852)] [.ChromiumCompositor-0x9ebb0640]GL ERROR :GL_INVALID_ENUM : glDiscardFramebufferEXT: attachments was GL_COLOR_EXT
06-28 15:50:06.840 15536 15596 E chromium: [ERROR:gles2_cmd_decoder.cc(3852)] [.ChromiumCompositor-0x9ebb0640]GL ERROR :GL_INVALID_ENUM : glDiscardFramebufferEXT: attachments was GL_COLOR_EXT
06-28 15:50:06.851 15536 15596 E chromium: [ERROR:gles2_cmd_decoder.cc(3852)] [.ChromiumCompositor-0x9ebb0640]GL ERROR :GL_INVALID_ENUM : glDiscardFramebufferEXT: attachments was GL_COLOR_EXT
06-28 15:50:06.870 15536 15596 E chromium: [ERROR:gles2_cmd_decoder.cc(3852)] [.ChromiumCompositor-0x9ebb0640]GL ERROR :GL_INVALID_ENUM : glDiscardFramebufferEXT: attachments was GL_COLOR_EXT
06-28 15:50:06.886 15536 15596 E chromium: [ERROR:gles2_cmd_decoder.cc(3852)] [.ChromiumCompositor-0x9ebb0640]GL ERROR :GL_INVALID_ENUM : glDiscardFramebufferEXT: attachments was GL_COLOR_EXT
06-28 15:50:06.903 15536 15596 E chromium: [ERROR:gles2_cmd_decoder.cc(3852)] [.ChromiumCompositor-0x9ebb0640]GL ERROR :GL_INVALID_ENUM : glDiscardFramebufferEXT: attachments was GL_COLOR_EXT
06-28 15:50:06.917 15536 15596 E chromium: [ERROR:gles2_cmd_decoder.cc(3852)] [.ChromiumCompositor-0x9ebb0640]GL ERROR :GL_INVALID_ENUM : glDiscardFramebufferEXT: attachments was GL_COLOR_EXT
06-28 15:50:06.934 15536 15596 E chromium: [ERROR:gles2_cmd_decoder.cc(3852)] [.ChromiumCompositor-0x9ebb0640]GL ERROR :GL_INVALID_ENUM : glDiscardFramebufferEXT: attachments was GL_COLOR_EXT
06-28 15:50:06.949 15653 15667 E WPROF   : {"Javascript": {"url": "https://3p.ampproject.net/1498506512561/f.js", "requestTime": 26084.004747}}
06-28 15:50:06.957 15536 15596 E chromium: [ERROR:gles2_cmd_decoder.cc(3852)] [.ChromiumCompositor-0x9ebb0640]GL ERROR :GL_INVALID_ENUM : glDiscardFramebufferEXT: attachments was GL_COLOR_EXT
06-28 15:50:06.968 15536 15596 E chromium: [ERROR:gles2_cmd_decoder.cc(3852)] [.ChromiumCompositor-0x9ebb0640]GL ERROR :GL_INVALID_ENUM : glDiscardFramebufferEXT: attachments was GL_COLOR_EXT
06-28 15:50:06.983 15536 15596 E chromium: [ERROR:gles2_cmd_decoder.cc(3852)] [.ChromiumCompositor-0x9ebb0640]GL ERROR :GL_INVALID_ENUM : glDiscardFramebufferEXT: attachments was GL_COLOR_EXT
06-28 15:50:07.001 15536 15596 E chromium: [ERROR:gles2_cmd_decoder.cc(3852)] [.ChromiumCompositor-0x9ebb0640]GL ERROR :GL_INVALID_ENUM : glDiscardFramebufferEXT: attachments was GL_COLOR_EXT
06-28 15:50:07.018 15536 15596 E chromium: [ERROR:gles2_cmd_decoder.cc(3852)] [.ChromiumCompositor-0x9ebb0640]GL ERROR :GL_INVALID_ENUM : glDiscardFramebufferEXT: attachments was GL_COLOR_EXT
06-28 15:50:07.034 15536 15596 E chromium: [ERROR:gles2_cmd_decoder.cc(3852)] [.ChromiumCompositor-0x9ebb0640]GL ERROR :GL_INVALID_ENUM : glDiscardFramebufferEXT: attachments was GL_COLOR_EXT
06-28 15:50:07.051 15536 15596 E chromium: [ERROR:gles2_cmd_decoder.cc(3852)] [.ChromiumCompositor-0x9ebb0640]GL ERROR :GL_INVALID_ENUM : glDiscardFramebufferEXT: attachments was GL_COLOR_EXT
06-28 15:50:07.071 15536 15596 E chromium: [ERROR:gles2_cmd_decoder.cc(3852)] [.ChromiumCompositor-0x9ebb0640]GL ERROR :GL_INVALID_ENUM : glDiscardFramebufferEXT: attachments was GL_COLOR_EXT
06-28 15:50:07.088 15536 15596 E chromium: [ERROR:gles2_cmd_decoder.cc(3852)] [.ChromiumCompositor-0x9ebb0640]GL ERROR :GL_INVALID_ENUM : glDiscardFramebufferEXT: attachments was GL_COLOR_EXT
06-28 15:50:07.102 15536 15596 E chromium: [ERROR:gles2_cmd_decoder.cc(3852)] [.ChromiumCompositor-0x9ebb0640]GL ERROR :GL_INVALID_ENUM : glDiscardFramebufferEXT: attachments was GL_COLOR_EXT
06-28 15:50:07.121 15536 15596 E chromium: [ERROR:gles2_cmd_decoder.cc(3852)] [.ChromiumCompositor-0x9ebb0640]GL ERROR :GL_INVALID_ENUM : glDiscardFramebufferEXT: attachments was GL_COLOR_EXT
06-28 15:50:07.141 15536 15596 E chromium: [ERROR:gles2_cmd_decoder.cc(3852)] [.ChromiumCompositor-0x9ebb0640]GL ERROR :GL_INVALID_ENUM : glDiscardFramebufferEXT: attachments was GL_COLOR_EXT
06-28 15:50:07.155 15536 15596 E chromium: [ERROR:gles2_cmd_decoder.cc(3852)] [.ChromiumCompositor-0x9ebb0640]GL ERROR :GL_INVALID_ENUM : glDiscardFramebufferEXT: attachments was GL_COLOR_EXT
06-28 15:50:07.172 15536 15596 E chromium: [ERROR:gles2_cmd_decoder.cc(3852)] [.ChromiumCompositor-0x9ebb0640]GL ERROR :GL_INVALID_ENUM : glDiscardFramebufferEXT: attachments was GL_COLOR_EXT
06-28 15:50:07.188 15536 15596 E chromium: [ERROR:gles2_cmd_decoder.cc(3852)] [.ChromiumCompositor-0x9ebb0640]GL ERROR :GL_INVALID_ENUM : glDiscardFramebufferEXT: attachments was GL_COLOR_EXT
06-28 15:50:07.203 15536 15596 E chromium: [ERROR:gles2_cmd_decoder.cc(3852)] [.ChromiumCompositor-0x9ebb0640]GL ERROR :GL_INVALID_ENUM : glDiscardFramebufferEXT: attachments was GL_COLOR_EXT
06-28 15:50:07.221 15536 15596 E chromium: [ERROR:gles2_cmd_decoder.cc(3852)] [.ChromiumCompositor-0x9ebb0640]GL ERROR :GL_INVALID_ENUM : glDiscardFramebufferEXT: attachments was GL_COLOR_EXT
06-28 15:50:07.242 15536 15596 E chromium: [ERROR:gles2_cmd_decoder.cc(3852)] [.ChromiumCompositor-0x9ebb0640]GL ERROR :GL_INVALID_ENUM : glDiscardFramebufferEXT: attachments was GL_COLOR_EXT
06-28 15:50:07.252 15536 15596 E chromium: [ERROR:gles2_cmd_decoder.cc(3852)] [.ChromiumCompositor-0x9ebb0640]GL ERROR :GL_INVALID_ENUM : glDiscardFramebufferEXT: attachments was GL_COLOR_EXT
06-28 15:50:07.274 15536 15596 E chromium: [ERROR:gles2_cmd_decoder.cc(3852)] [.ChromiumCompositor-0x9ebb0640]GL ERROR :GL_INVALID_ENUM : glDiscardFramebufferEXT: attachments was GL_COLOR_EXT
06-28 15:50:07.296 15536 15596 E chromium: [ERROR:gles2_cmd_decoder.cc(3852)] [.ChromiumCompositor-0x9ebb0640]GL ERROR :GL_INVALID_ENUM : glDiscardFramebufferEXT: attachments was GL_COLOR_EXT
06-28 15:50:07.308 15536 15596 E chromium: [ERROR:gles2_cmd_decoder.cc(3852)] [.ChromiumCompositor-0x9ebb0640]GL ERROR :GL_INVALID_ENUM : glDiscardFramebufferEXT: attachments was GL_COLOR_EXT
06-28 15:50:07.320 15536 15596 E chromium: [ERROR:gles2_cmd_decoder.cc(3852)] [.ChromiumCompositor-0x9ebb0640]GL ERROR :GL_INVALID_ENUM : glDiscardFramebufferEXT: attachments was GL_COLOR_EXT
06-28 15:50:07.336 15536 15596 E chromium: [ERROR:gles2_cmd_decoder.cc(3852)] [.ChromiumCompositor-0x9ebb0640]GL ERROR :GL_INVALID_ENUM : glDiscardFramebufferEXT: attachments was GL_COLOR_EXT
06-28 15:50:07.354 15536 15596 E chromium: [ERROR:gles2_cmd_decoder.cc(3852)] [.ChromiumCompositor-0x9ebb0640]GL ERROR :GL_INVALID_ENUM : glDiscardFramebufferEXT: attachments was GL_COLOR_EXT
06-28 15:50:07.368 15536 15596 E chromium: [ERROR:gles2_cmd_decoder.cc(3852)] [.ChromiumCompositor-0x9ebb0640]GL ERROR :GL_INVALID_ENUM : glDiscardFramebufferEXT: attachments was GL_COLOR_EXT
06-28 15:50:07.385 15536 15596 E chromium: [ERROR:gles2_cmd_decoder.cc(3852)] [.ChromiumCompositor-0x9ebb0640]GL ERROR :GL_INVALID_ENUM : glDiscardFramebufferEXT: attachments was GL_COLOR_EXT
06-28 15:50:07.404 15536 15596 E chromium: [ERROR:gles2_cmd_decoder.cc(3852)] [.ChromiumCompositor-0x9ebb0640]GL ERROR :GL_INVALID_ENUM : glDiscardFramebufferEXT: attachments was GL_COLOR_EXT
06-28 15:50:07.421 15536 15596 E chromium: [ERROR:gles2_cmd_decoder.cc(3852)] [.ChromiumCompositor-0x9ebb0640]GL ERROR :GL_INVALID_ENUM : glDiscardFramebufferEXT: attachments was GL_COLOR_EXT
06-28 15:50:07.431 15653 15667 E WPROF   : {"Javascript": {"url": "https://securepubads.g.doubleclick.net/static/glade.js", "requestTime": 26084.486535}}
06-28 15:50:07.436 15536 15596 E chromium: [ERROR:gles2_cmd_decoder.cc(3852)] [.ChromiumCompositor-0x9ebb0640]GL ERROR :GL_INVALID_ENUM : glDiscardFramebufferEXT: attachments was GL_COLOR_EXT
06-28 15:50:07.452 15536 15596 E chromium: [ERROR:gles2_cmd_decoder.cc(3852)] [.ChromiumCompositor-0x9ebb0640]GL ERROR :GL_INVALID_ENUM : glDiscardFramebufferEXT: attachments was GL_COLOR_EXT
06-28 15:50:07.486 15536 15596 E chromium: [ERROR:gles2_cmd_decoder.cc(3852)] [.ChromiumCompositor-0x9ebb0640]GL ERROR :GL_INVALID_ENUM : glDiscardFramebufferEXT: attachments was GL_COLOR_EXT
06-28 15:50:07.499 15536 15596 E chromium: [ERROR:gles2_cmd_decoder.cc(3852)] [.ChromiumCompositor-0x9ebb0640]GL ERROR :GL_INVALID_ENUM : glDiscardFramebufferEXT: attachments was GL_COLOR_EXT
06-28 15:50:07.506 15536 15596 E chromium: [ERROR:gles2_cmd_decoder.cc(3852)] [.ChromiumCompositor-0x9ebb0640]GL ERROR :GL_INVALID_ENUM : glDiscardFramebufferEXT: attachments was GL_COLOR_EXT
06-28 15:50:07.519 15536 15596 E chromium: [ERROR:gles2_cmd_decoder.cc(3852)] [.ChromiumCompositor-0x9ebb0640]GL ERROR :GL_INVALID_ENUM : glDiscardFramebufferEXT: attachments was GL_COLOR_EXT
06-28 15:50:07.536 15536 15596 E chromium: [ERROR:gles2_cmd_decoder.cc(3852)] [.ChromiumCompositor-0x9ebb0640]GL ERROR :GL_INVALID_ENUM : glDiscardFramebufferEXT: attachments was GL_COLOR_EXT
06-28 15:50:07.553 15536 15596 E chromium: [ERROR:gles2_cmd_decoder.cc(3852)] [.ChromiumCompositor-0x9ebb0640]GL ERROR :GL_INVALID_ENUM : glDiscardFramebufferEXT: attachments was GL_COLOR_EXT
06-28 15:50:07.570 15536 15596 E chromium: [ERROR:gles2_cmd_decoder.cc(3852)] [.ChromiumCompositor-0x9ebb0640]GL ERROR :GL_INVALID_ENUM : glDiscardFramebufferEXT: attachments was GL_COLOR_EXT
06-28 15:50:07.590 15536 15596 E chromium: [ERROR:gles2_cmd_decoder.cc(3852)] [.ChromiumCompositor-0x9ebb0640]GL ERROR :GL_INVALID_ENUM : glDiscardFramebufferEXT: attachments was GL_COLOR_EXT
06-28 15:50:07.611 15536 15596 E chromium: [ERROR:gles2_cmd_decoder.cc(3852)] [.ChromiumCompositor-0x9ebb0640]GL ERROR :GL_INVALID_ENUM : glDiscardFramebufferEXT: attachments was GL_COLOR_EXT
06-28 15:50:07.626 15536 15596 E chromium: [ERROR:gles2_cmd_decoder.cc(3852)] [.ChromiumCompositor-0x9ebb0640]GL ERROR :GL_INVALID_ENUM : glDiscardFramebufferEXT: attachments was GL_COLOR_EXT
06-28 15:50:07.642 15536 15596 E chromium: [ERROR:gles2_cmd_decoder.cc(3852)] [.ChromiumCompositor-0x9ebb0640]GL ERROR :GL_INVALID_ENUM : glDiscardFramebufferEXT: attachments was GL_COLOR_EXT
06-28 15:50:07.658 15536 15596 E chromium: [ERROR:gles2_cmd_decoder.cc(3852)] [.ChromiumCompositor-0x9ebb0640]GL ERROR :GL_INVALID_ENUM : glDiscardFramebufferEXT: attachments was GL_COLOR_EXT
06-28 15:50:07.675 15536 15596 E chromium: [ERROR:gles2_cmd_decoder.cc(3852)] [.ChromiumCompositor-0x9ebb0640]GL ERROR :GL_INVALID_ENUM : glDiscardFramebufferEXT: attachments was GL_COLOR_EXT
06-28 15:50:07.694 15536 15596 E chromium: [ERROR:gles2_cmd_decoder.cc(3852)] [.ChromiumCompositor-0x9ebb0640]GL ERROR :GL_INVALID_ENUM : glDiscardFramebufferEXT: attachments was GL_COLOR_EXT
06-28 15:50:07.708 15536 15596 E chromium: [ERROR:gles2_cmd_decoder.cc(3852)] [.ChromiumCompositor-0x9ebb0640]GL ERROR :GL_INVALID_ENUM : glDiscardFramebufferEXT: attachments was GL_COLOR_EXT
06-28 15:50:07.725 15536 15596 E chromium: [ERROR:gles2_cmd_decoder.cc(3852)] [.ChromiumCompositor-0x9ebb0640]GL ERROR :GL_INVALID_ENUM : glDiscardFramebufferEXT: attachments was GL_COLOR_EXT
06-28 15:50:07.741 15536 15596 E chromium: [ERROR:gles2_cmd_decoder.cc(3852)] [.ChromiumCompositor-0x9ebb0640]GL ERROR :GL_INVALID_ENUM : glDiscardFramebufferEXT: attachments was GL_COLOR_EXT
06-28 15:50:07.758 15536 15596 E chromium: [ERROR:gles2_cmd_decoder.cc(3852)] [.ChromiumCompositor-0x9ebb0640]GL ERROR :GL_INVALID_ENUM : glDiscardFramebufferEXT: attachments was GL_COLOR_EXT
06-28 15:50:07.776 15536 15596 E chromium: [ERROR:gles2_cmd_decoder.cc(3852)] [.ChromiumCompositor-0x9ebb0640]GL ERROR :GL_INVALID_ENUM : glDiscardFramebufferEXT: attachments was GL_COLOR_EXT
06-28 15:50:07.794 15536 15596 E chromium: [ERROR:gles2_cmd_decoder.cc(3852)] [.ChromiumCompositor-0x9ebb0640]GL ERROR :GL_INVALID_ENUM : glDiscardFramebufferEXT: attachments was GL_COLOR_EXT
06-28 15:50:07.807 15536 15596 E chromium: [ERROR:gles2_cmd_decoder.cc(3852)] [.ChromiumCompositor-0x9ebb0640]GL ERROR :GL_INVALID_ENUM : glDiscardFramebufferEXT: attachments was GL_COLOR_EXT
06-28 15:50:07.824 15536 15596 E chromium: [ERROR:gles2_cmd_decoder.cc(3852)] [.ChromiumCompositor-0x9ebb0640]GL ERROR :GL_INVALID_ENUM : glDiscardFramebufferEXT: attachments was GL_COLOR_EXT
06-28 15:50:07.842 15536 15596 E chromium: [ERROR:gles2_cmd_decoder.cc(3852)] [.ChromiumCompositor-0x9ebb0640]GL ERROR :GL_INVALID_ENUM : glDiscardFramebufferEXT: attachments was GL_COLOR_EXT
06-28 15:50:07.859 15536 15596 E chromium: [ERROR:gles2_cmd_decoder.cc(3852)] [.ChromiumCompositor-0x9ebb0640]GL ERROR :GL_INVALID_ENUM : glDiscardFramebufferEXT: attachments was GL_COLOR_EXT
06-28 15:50:07.897 15536 15596 E chromium: [ERROR:gles2_cmd_decoder.cc(3852)] [.ChromiumCompositor-0x9ebb0640]GL ERROR :GL_INVALID_ENUM : glDiscardFramebufferEXT: attachments was GL_COLOR_EXT
06-28 15:50:07.911 15536 15596 E chromium: [ERROR:gles2_cmd_decoder.cc(3852)] [.ChromiumCompositor-0x9ebb0640]GL ERROR :GL_INVALID_ENUM : glDiscardFramebufferEXT: attachments was GL_COLOR_EXT
06-28 15:50:07.927 15536 15596 E chromium: [ERROR:gles2_cmd_decoder.cc(3852)] [.ChromiumCompositor-0x9ebb0640]GL ERROR :GL_INVALID_ENUM : glDiscardFramebufferEXT: attachments was GL_COLOR_EXT
06-28 15:50:07.943 15536 15596 E chromium: [ERROR:gles2_cmd_decoder.cc(3852)] [.ChromiumCompositor-0x9ebb0640]GL ERROR :GL_INVALID_ENUM : glDiscardFramebufferEXT: attachments was GL_COLOR_EXT
06-28 15:50:07.967 15536 15596 E chromium: [ERROR:gles2_cmd_decoder.cc(3852)] [.ChromiumCompositor-0x9ebb0640]GL ERROR :GL_INVALID_ENUM : glDiscardFramebufferEXT: attachments was GL_COLOR_EXT
06-28 15:50:07.977 15536 15596 E chromium: [ERROR:gles2_cmd_decoder.cc(3852)] [.ChromiumCompositor-0x9ebb0640]GL ERROR :GL_INVALID_ENUM : glDiscardFramebufferEXT: attachments was GL_COLOR_EXT
06-28 15:50:07.994 15536 15596 E chromium: [ERROR:gles2_cmd_decoder.cc(3852)] [.ChromiumCompositor-0x9ebb0640]GL ERROR :GL_INVALID_ENUM : glDiscardFramebufferEXT: attachments was GL_COLOR_EXT
06-28 15:50:08.009 15536 15596 E chromium: [ERROR:gles2_cmd_decoder.cc(3852)] [.ChromiumCompositor-0x9ebb0640]GL ERROR :GL_INVALID_ENUM : glDiscardFramebufferEXT: attachments was GL_COLOR_EXT
06-28 15:50:08.025 15536 15596 E chromium: [ERROR:gles2_cmd_decoder.cc(3852)] [.ChromiumCompositor-0x9ebb0640]GL ERROR :GL_INVALID_ENUM : glDiscardFramebufferEXT: attachments was GL_COLOR_EXT
06-28 15:50:08.041 15536 15596 E chromium: [ERROR:gles2_cmd_decoder.cc(3852)] [.ChromiumCompositor-0x9ebb0640]GL ERROR :GL_INVALID_ENUM : glDiscardFramebufferEXT: attachments was GL_COLOR_EXT
06-28 15:50:08.060 15536 15596 E chromium: [ERROR:gles2_cmd_decoder.cc(3852)] [.ChromiumCompositor-0x9ebb0640]GL ERROR :GL_INVALID_ENUM : glDiscardFramebufferEXT: attachments was GL_COLOR_EXT
06-28 15:50:08.077 15536 15596 E chromium: [ERROR:gles2_cmd_decoder.cc(3852)] [.ChromiumCompositor-0x9ebb0640]GL ERROR :GL_INVALID_ENUM : glDiscardFramebufferEXT: attachments was GL_COLOR_EXT
06-28 15:50:08.095 15536 15596 E chromium: [ERROR:gles2_cmd_decoder.cc(3852)] [.ChromiumCompositor-0x9ebb0640]GL ERROR :GL_INVALID_ENUM : glDiscardFramebufferEXT: attachments was GL_COLOR_EXT
06-28 15:50:08.118 15536 15596 E chromium: [ERROR:gles2_cmd_decoder.cc(3852)] [.ChromiumCompositor-0x9ebb0640]GL ERROR :GL_INVALID_ENUM : glDiscardFramebufferEXT: attachments was GL_COLOR_EXT
06-28 15:50:08.177 15536 15596 E chromium: [ERROR:gles2_cmd_decoder.cc(3852)] [.ChromiumCompositor-0x9ebb0640]GL ERROR :GL_INVALID_ENUM : glDiscardFramebufferEXT: attachments was GL_COLOR_EXT
06-28 15:50:08.190 15536 15596 E chromium: [ERROR:gles2_cmd_decoder.cc(3852)] [.ChromiumCompositor-0x9ebb0640]GL ERROR :GL_INVALID_ENUM : glDiscardFramebufferEXT: attachments was GL_COLOR_EXT
06-28 15:50:08.199 15536 15596 E chromium: [ERROR:gles2_cmd_decoder.cc(3852)] [.ChromiumCompositor-0x9ebb0640]GL ERROR :GL_INVALID_ENUM : glDiscardFramebufferEXT: attachments was GL_COLOR_EXT
06-28 15:50:08.203 15653 15667 E WPROF   : {"Javascript": {"url": "https://securepubads.g.doubleclick.net/static/glade/extra_25.js", "requestTime": 26085.258456}}
06-28 15:50:08.220 15536 15596 E chromium: [ERROR:gles2_cmd_decoder.cc(3852)] [.ChromiumCompositor-0x9ebb0640]GL ERROR :GL_INVALID_ENUM : glDiscardFramebufferEXT: attachments was GL_COLOR_EXT
06-28 15:50:08.230 15536 15596 E chromium: [ERROR:gles2_cmd_decoder.cc(3852)] [.ChromiumCompositor-0x9ebb0640]GL ERROR :GL_INVALID_ENUM : glDiscardFramebufferEXT: attachments was GL_COLOR_EXT
06-28 15:50:08.241 15536 15596 E chromium: [ERROR:gles2_cmd_decoder.cc(3852)] [.ChromiumCompositor-0x9ebb0640]GL ERROR :GL_INVALID_ENUM : glDiscardFramebufferEXT: attachments was GL_COLOR_EXT
06-28 15:50:08.258 15536 15596 E chromium: [ERROR:gles2_cmd_decoder.cc(3852)] [.ChromiumCompositor-0x9ebb0640]GL ERROR :GL_INVALID_ENUM : glDiscardFramebufferEXT: attachments was GL_COLOR_EXT
06-28 15:50:08.276 15536 15596 E chromium: [ERROR:gles2_cmd_decoder.cc(3852)] [.ChromiumCompositor-0x9ebb0640]GL ERROR :GL_INVALID_ENUM : glDiscardFramebufferEXT: attachments was GL_COLOR_EXT
06-28 15:50:08.291 15536 15596 E chromium: [ERROR:gles2_cmd_decoder.cc(3852)] [.ChromiumCompositor-0x9ebb0640]GL ERROR :GL_INVALID_ENUM : glDiscardFramebufferEXT: attachments was GL_COLOR_EXT
06-28 15:50:08.310 15536 15596 E chromium: [ERROR:gles2_cmd_decoder.cc(3852)] [.ChromiumCompositor-0x9ebb0640]GL ERROR :GL_INVALID_ENUM : glDiscardFramebufferEXT: attachments was GL_COLOR_EXT
06-28 15:50:08.335 15536 15596 E chromium: [ERROR:gles2_cmd_decoder.cc(3852)] [.ChromiumCompositor-0x9ebb0640]GL ERROR :GL_INVALID_ENUM : glDiscardFramebufferEXT: attachments was GL_COLOR_EXT
06-28 15:50:08.350 15536 15596 E chromium: [ERROR:gles2_cmd_decoder.cc(3852)] [.ChromiumCompositor-0x9ebb0640]GL ERROR :GL_INVALID_ENUM : glDiscardFramebufferEXT: attachments was GL_COLOR_EXT
06-28 15:50:08.354 15653 15667 E WPROF   : {"Javascript": {"url": "https://pagead2.googlesyndication.com/pagead/osd.js", "requestTime": 26085.409705}}
06-28 15:50:08.372 15536 15596 E chromium: [ERROR:gles2_cmd_decoder.cc(3852)] [.ChromiumCompositor-0x9ebb0640]GL ERROR :GL_INVALID_ENUM : glDiscardFramebufferEXT: attachments was GL_COLOR_EXT
06-28 15:50:08.380 15536 15596 E chromium: [ERROR:gles2_cmd_decoder.cc(3852)] [.ChromiumCompositor-0x9ebb0640]GL ERROR :GL_INVALID_ENUM : glDiscardFramebufferEXT: attachments was GL_COLOR_EXT
06-28 15:50:08.393 15536 15596 E chromium: [ERROR:gles2_cmd_decoder.cc(3852)] [.ChromiumCompositor-0x9ebb0640]GL ERROR :GL_INVALID_ENUM : glDiscardFramebufferEXT: attachments was GL_COLOR_EXT
06-28 15:50:08.409 15536 15596 E chromium: [ERROR:gles2_cmd_decoder.cc(3852)] [.ChromiumCompositor-0x9ebb0640]GL ERROR :GL_INVALID_ENUM : glDiscardFramebufferEXT: attachments was GL_COLOR_EXT
06-28 15:50:08.431 15536 15596 E chromium: [ERROR:gles2_cmd_decoder.cc(3852)] [.ChromiumCompositor-0x9ebb0640]GL ERROR :GL_INVALID_ENUM : glDiscardFramebufferEXT: attachments was GL_COLOR_EXT
06-28 15:50:08.436 15653 15667 E WPROF   : {"Javascript": {"url": "https://tpc.googlesyndication.com/pagead/js/r20170619/r20110914/client/ext/m_window_focus_non_hydra.js", "requestTime": 26085.492087}}
06-28 15:50:08.441 15653 15667 E WPROF   : {"Javascript": {"url": "https://tpc.googlesyndication.com/pagead/js/r20170619/r20110914/activeview/osd_listener.js", "requestTime": 26085.496452}}
06-28 15:50:08.458 15536 15596 E chromium: [ERROR:gles2_cmd_decoder.cc(3852)] [.ChromiumCompositor-0x9ebb0640]GL ERROR :GL_INVALID_ENUM : glDiscardFramebufferEXT: attachments was GL_COLOR_EXT
06-28 15:50:08.468 15536 15596 E chromium: [ERROR:gles2_cmd_decoder.cc(3852)] [.ChromiumCompositor-0x9ebb0640]GL ERROR :GL_INVALID_ENUM : glDiscardFramebufferEXT: attachments was GL_COLOR_EXT
06-28 15:50:08.475 15536 15596 E chromium: [ERROR:gles2_cmd_decoder.cc(3852)] [.ChromiumCompositor-0x9ebb0640]GL ERROR :GL_INVALID_ENUM : glDiscardFramebufferEXT: attachments was GL_COLOR_EXT
06-28 15:50:08.491 15536 15596 E chromium: [ERROR:gles2_cmd_decoder.cc(3852)] [.ChromiumCompositor-0x9ebb0640]GL ERROR :GL_INVALID_ENUM : glDiscardFramebufferEXT: attachments was GL_COLOR_EXT
06-28 15:50:08.509 15536 15596 E chromium: [ERROR:gles2_cmd_decoder.cc(3852)] [.ChromiumCompositor-0x9ebb0640]GL ERROR :GL_INVALID_ENUM : glDiscardFramebufferEXT: attachments was GL_COLOR_EXT
06-28 15:50:08.559 15536 15596 E chromium: [ERROR:gles2_cmd_decoder.cc(3852)] [.ChromiumCompositor-0x9ebb0640]GL ERROR :GL_INVALID_ENUM : glDiscardFramebufferEXT: attachments was GL_COLOR_EXT
06-28 15:50:08.572 15536 15596 E chromium: [ERROR:gles2_cmd_decoder.cc(3852)] [.ChromiumCompositor-0x9ebb0640]GL ERROR :GL_INVALID_ENUM : glDiscardFramebufferEXT: attachments was GL_COLOR_EXT
06-28 15:50:08.589 15536 15596 E chromium: [ERROR:gles2_cmd_decoder.cc(3852)] [.ChromiumCompositor-0x9ebb0640]GL ERROR :GL_INVALID_ENUM : glDiscardFramebufferEXT: attachments was GL_COLOR_EXT
06-28 15:50:08.598 15536 15596 E chromium: [ERROR:gles2_cmd_decoder.cc(3852)] [.ChromiumCompositor-0x9ebb0640]GL ERROR :GL_INVALID_ENUM : glDiscardFramebufferEXT: attachments was GL_COLOR_EXT
06-28 15:50:08.618 15536 15596 E chromium: [ERROR:gles2_cmd_decoder.cc(3852)] [.ChromiumCompositor-0x9ebb0640]GL ERROR :GL_INVALID_ENUM : glDiscardFramebufferEXT: attachments was GL_COLOR_EXT
06-28 15:50:08.654 15536 15596 E chromium: [ERROR:gles2_cmd_decoder.cc(3852)] [.ChromiumCompositor-0x9ebb0640]GL ERROR :GL_INVALID_ENUM : glDiscardFramebufferEXT: attachments was GL_COLOR_EXT
06-28 15:50:08.681 15536 15596 E chromium: [ERROR:gles2_cmd_decoder.cc(3852)] [.ChromiumCompositor-0x9ebb0640]GL ERROR :GL_INVALID_ENUM : glDiscardFramebufferEXT: attachments was GL_COLOR_EXT
06-28 15:50:08.697 15536 15596 E chromium: [ERROR:gles2_cmd_decoder.cc(3852)] [.ChromiumCompositor-0x9ebb0640]GL ERROR :GL_INVALID_ENUM : glDiscardFramebufferEXT: attachments was GL_COLOR_EXT
06-28 15:50:08.714 15536 15596 E chromium: [ERROR:gles2_cmd_decoder.cc(3852)] [.ChromiumCompositor-0x9ebb0640]GL ERROR :GL_INVALID_ENUM : glDiscardFramebufferEXT: attachments was GL_COLOR_EXT
06-28 15:50:08.730 15536 15596 E chromium: [ERROR:gles2_cmd_decoder.cc(3852)] [.ChromiumCompositor-0x9ebb0640]GL ERROR :GL_INVALID_ENUM : glDiscardFramebufferEXT: attachments was GL_COLOR_EXT
06-28 15:50:08.748 15536 15596 E chromium: [ERROR:gles2_cmd_decoder.cc(3852)] [.ChromiumCompositor-0x9ebb0640]GL ERROR :GL_INVALID_ENUM : glDiscardFramebufferEXT: attachments was GL_COLOR_EXT
06-28 15:50:08.765 15536 15596 E chromium: [ERROR:gles2_cmd_decoder.cc(3852)] [.ChromiumCompositor-0x9ebb0640]GL ERROR :GL_INVALID_ENUM : glDiscardFramebufferEXT: attachments was GL_COLOR_EXT
06-28 15:50:08.781 15536 15596 E chromium: [ERROR:gles2_cmd_decoder.cc(3852)] [.ChromiumCompositor-0x9ebb0640]GL ERROR :GL_INVALID_ENUM : glDiscardFramebufferEXT: attachments was GL_COLOR_EXT
06-28 15:50:08.797 15536 15596 E chromium: [ERROR:gles2_cmd_decoder.cc(3852)] [.ChromiumCompositor-0x9ebb0640]GL ERROR :GL_INVALID_ENUM : glDiscardFramebufferEXT: attachments was GL_COLOR_EXT
06-28 15:50:08.814 15536 15596 E chromium: [ERROR:gles2_cmd_decoder.cc(3852)] [.ChromiumCompositor-0x9ebb0640]GL ERROR :GL_INVALID_ENUM : glDiscardFramebufferEXT: attachments was GL_COLOR_EXT
06-28 15:50:08.827 15536 15596 E chromium: [ERROR:gles2_cmd_decoder.cc(3852)] [.ChromiumCompositor-0x9ebb0640]GL ERROR :GL_INVALID_ENUM : glDiscardFramebufferEXT: attachments was GL_COLOR_EXT
06-28 15:50:08.849 15536 15596 E chromium: [ERROR:gles2_cmd_decoder.cc(3852)] [.ChromiumCompositor-0x9ebb0640]GL ERROR :GL_INVALID_ENUM : glDiscardFramebufferEXT: attachments was GL_COLOR_EXT
06-28 15:50:08.861 15536 15596 E chromium: [ERROR:gles2_cmd_decoder.cc(3852)] [.ChromiumCompositor-0x9ebb0640]GL ERROR :GL_INVALID_ENUM : glDiscardFramebufferEXT: attachments was GL_COLOR_EXT
06-28 15:50:08.878 15536 15596 E chromium: [ERROR:gles2_cmd_decoder.cc(3852)] [.ChromiumCompositor-0x9ebb0640]GL ERROR :GL_INVALID_ENUM : glDiscardFramebufferEXT: attachments was GL_COLOR_EXT
06-28 15:50:08.898 15536 15596 E chromium: [ERROR:logger.cc(46)] Too many GL errors, not reporting any more for this context. use --disable-gl-error-limit to see all errors.
06-28 15:50:09.031 15653 15667 E WProf.db: {"page": "d-14299425363635264216.ampproject.net_1498506512561_frame.html"}
06-28 15:50:09.032 15653 15667 E WProf.db: {"DOMLoad": 26086.087296}
06-28 15:50:09.032 15653 15667 E WProf.db: {"Resource": {"id": 32, "url": "https://d-14299425363635264216.ampproject.net/1498506512561/frame.html", "sentTime": -1.000000, "len": 375, "from": "0x0", "mimeType": "text/html", "contentLength": -1, "httpStatus": 200, "connId": 341, "connReused": 0, "cached": 0,"requestTime": 26083.666876, "proxyStart": -1, "proxyEnd": -1, "dnsStart": 0, "dnsEnd": 0, "connectStart": 0, "connectEnd": 212, "sendStart": 212, "sendEnd": 212, "receiveHeadersEnd": 311, "sslStart": 55, "sslEnd": 212}}
06-28 15:50:09.032 15653 15667 E WProf.db: {"ReceivedChunk": {"receivedTime": 26083.982396, "len": 375}}
06-28 15:50:09.032 15653 15667 E WProf.db: {"WprofHTMLTag": {"code": "0x9cab3510", "doc": "https://d-14299425363635264216.ampproject.net/1498506512561/frame.html", "row": 1, "column": 6, "tagName": "head", "time": 26084.003970, "url": "", "pos": 1, "chunkLen": 1, "isStartTag": 1}}
06-28 15:50:09.032 15653 15667 E WProf.db: {"WprofHTMLTag": {"code": "0x9cab34e0", "doc": "https://d-14299425363635264216.ampproject.net/1498506512561/frame.html", "row": 2, "column": 22, "tagName": "meta", "time": 26084.004138, "url": "", "pos": 1, "chunkLen": 1, "isStartTag": 1}}
06-28 15:50:09.032 15653 15667 E WProf.db: {"WprofHTMLTag": {"code": "0x9c8bc390", "doc": "https://d-14299425363635264216.ampproject.net/1498506512561/frame.html", "row": 3, "column": 38, "tagName": "meta", "time": 26084.004240, "url": "", "pos": 1, "chunkLen": 1, "isStartTag": 1}}
06-28 15:50:09.032 15653 15667 E WProf.db: {"WprofHTMLTag": {"code": "0x9c8bc300", "doc": "https://d-14299425363635264216.ampproject.net/1498506512561/frame.html", "row": 4, "column": 59, "tagName": "script", "time": 26084.004357, "url": "https://3p.ampproject.net/1498506512561/f.js", "pos": 1, "chunkLen": 1, "isStartTag": 1}}
06-28 15:50:09.033 15653 15667 E WProf.db: {"WprofHTMLTag": {"code": "0x9c8bc2d0", "doc": "https://d-14299425363635264216.ampproject.net/1498506512561/frame.html", "row": 4, "column": 68, "tagName": "script", "time": 26084.004539, "url": "", "pos": 1, "chunkLen": 1, "isStartTag": 0}}
06-28 15:50:09.033 15653 15667 E WProf.db: {"WprofHTMLTag": {"code": "0x9cab3540", "doc": "https://d-14299425363635264216.ampproject.net/1498506512561/frame.html", "row": 5, "column": 7, "tagName": "head", "time": 26084.468823, "url": "", "pos": 1, "chunkLen": 1, "isStartTag": 0}}
06-28 15:50:09.033 15653 15667 E WProf.db: {"WprofHTMLTag": {"code": "0x9cab31e0", "doc": "https://d-14299425363635264216.ampproject.net/1498506512561/frame.html", "row": 6, "column": 23, "tagName": "body", "time": 26084.468845, "url": "", "pos": 1, "chunkLen": 1, "isStartTag": 1}}
06-28 15:50:09.033 15653 15667 E WProf.db: {"WprofHTMLTag": {"code": "0x9cab3120", "doc": "https://d-14299425363635264216.ampproject.net/1498506512561/frame.html", "row": 7, "column": 69, "tagName": "div", "time": 26084.468989, "url": "", "pos": 1, "chunkLen": 1, "isStartTag": 1}}
06-28 15:50:09.033 15653 15667 E WProf.db: {"WprofHTMLTag": {"code": "0x9cab3720", "doc": "https://d-14299425363635264216.ampproject.net/1498506512561/frame.html", "row": 8, "column": 10, "tagName": "script", "time": 26084.469171, "url": "", "pos": 1, "chunkLen": 1, "isStartTag": 1}}
06-28 15:50:09.033 15653 15667 E WProf.db: {"WprofHTMLTag": {"code": "0x9cab3690", "doc": "https://d-14299425363635264216.ampproject.net/1498506512561/frame.html", "row": 8, "column": 27, "tagName": "script", "time": 26084.469348, "url": "https://securepubads.g.doubleclick.net/static/glade.js", "pos": 1, "chunkLen": 1, "isStartTag": 0}}
06-28 15:50:09.033 15653 15667 E WProf.db: {"WprofHTMLTag": {"code": "0x9cab3630", "doc": "https://d-14299425363635264216.ampproject.net/1498506512561/frame.html", "row": 9, "column": 6, "tagName": "div", "time": 26084.494519, "url": "", "pos": 1, "chunkLen": 1, "isStartTag": 0}}
06-28 15:50:09.033 15653 15667 E WProf.db: {"WprofHTMLTag": {"code": "0x9c8bc510", "doc": "https://d-14299425363635264216.ampproject.net/1498506512561/frame.html", "row": 10, "column": 8, "tagName": "script", "time": 26084.494550, "url": "", "pos": 1, "chunkLen": 1, "isStartTag": 1}}
