--------- beginning of main
--------- beginning of system
06-28 15:28:09.236  3449  3449 E Finsky  : [1] com.google.android.finsky.wear.bl.a(3): onConnectionFailed: ConnectionResult{statusCode=API_UNAVAILABLE, resolution=null, message=null}
06-28 15:28:10.294  6986  6986 E chromium: [ERROR:shell_integration_android.cc(12)] Not implemented reached in static ShellIntegration::DefaultWebClientSetPermission ShellIntegration::CanSetAsDefaultBrowser()
06-28 15:28:10.298  6986  6986 E chromium: [ERROR:browser_process_impl.cc(720)] Not implemented reached in virtual BackgroundModeManager* BrowserProcessImpl::background_mode_manager()
06-28 15:28:10.591  3218   781 E AudioRecord-JNI: Error -4 during AudioRecord native read
06-28 15:28:12.882  6986  7033 E chromium: [ERROR:gles2_cmd_decoder.cc(3852)] [.ChromiumCompositor-0xacbb2fc0]GL ERROR :GL_INVALID_ENUM : glDiscardFramebufferEXT: attachments was GL_COLOR_EXT
06-28 15:28:13.144  7052  7065 E WPROF   : {"CSS": {"url": "http://searchengineland.com/figz/wp-content/themes/searchengineland/css/searchengineland-bootstrap.css", "requestTime": 24770.199846}}
06-28 15:28:13.148  7052  7065 E WPROF   : {"CSS": {"url": "http://fonts.googleapis.com/css?family=Oswald:300,400,700", "requestTime": 24770.204117}}
06-28 15:28:13.151  7052  7065 E WPROF   : {"CSS": {"url": "http://searchengineland.com/figz/wp-content/themes/searchengineland/style.css", "requestTime": 24770.206982}}
06-28 15:28:13.167  7052  7065 E WPROF   : {"Javascript": {"url": "http://searchengineland.com/figz/wp-content/themes/searchengineland/js/lib/modernizr.custom.js?ver=1.0", "requestTime": 24770.222576}}
06-28 15:28:13.167  7052  7065 E WPROF   : {"Javascript": {"url": "http://searchengineland.com/figz/wp-content/themes/searchengineland/js/lib/jquery-1.11.0.min.js?ver=1.11.0", "requestTime": 24770.223150}}
06-28 15:28:13.168  7052  7065 E WPROF   : {"Javascript": {"url": "http://searchengineland.com/figz/wp-content/themes/searchengineland/js/lib/jquery-ui-1.10.3.custom.min.js?ver=1.10.3", "requestTime": 24770.223776}}
06-28 15:28:13.169  7052  7065 E WPROF   : {"Javascript": {"url": "http://searchengineland.com/figz/wp-content/themes/searchengineland/js/lib/jquery.ba-throttle-debounce.min.js?ver=1.1", "requestTime": 24770.224265}}
06-28 15:28:13.169  7052  7065 E WPROF   : {"Javascript": {"url": "http://searchengineland.com/figz/wp-content/themes/searchengineland/js/lib/jquery.countdown.min.js?ver=2.0.4", "requestTime": 24770.225016}}
06-28 15:28:13.170  7052  7065 E WPROF   : {"Javascript": {"url": "http://static.chartbeat.com/js/chartbeat_mab.js", "requestTime": 24770.225577}}
06-28 15:28:13.743  7052  7065 E WPROF   : {"Javascript": {"url": "http://searchengineland.com/figz/wp-includes/js/wp-emoji-release.min.js?ver=4.7.5", "requestTime": 24770.798719}}
06-28 15:28:14.067  7052  7065 E WPROF   : {"Javascript": {"url": "http://www.googletagservices.com/tag/js/gpt.js", "requestTime": 24771.122278}}
06-28 15:28:14.072  7052  7065 E WPROF   : {"Javascript": {"url": "https://www.google-analytics.com/analytics.js", "requestTime": 24771.128151}}
06-28 15:28:14.076  7052  7065 E WPROF   : {"Javascript": {"url": "http://edge.quantserve.com/quant.js", "requestTime": 24771.131362}}
06-28 15:28:14.078  7052  7065 E WPROF   : {"Javascript": {"url": "https://connect.facebook.net/en_US/fbevents.js", "requestTime": 24771.134088}}
06-28 15:28:14.141  6986  7033 E chromium: [ERROR:gles2_cmd_decoder.cc(3852)] [.ChromiumCompositor-0xacbb2fc0]GL ERROR :GL_INVALID_ENUM : glDiscardFramebufferEXT: attachments was GL_COLOR_EXT
06-28 15:28:14.168  7052  7065 E WPROF   : {"Javascript": {"url": "http://app-sj02.marketo.com/js/forms2/js/forms2.min.js", "requestTime": 24771.224030}}
06-28 15:28:14.253  6986  7033 E chromium: [ERROR:gles2_cmd_decoder.cc(3852)] [.ChromiumCompositor-0xacbb2fc0]GL ERROR :GL_INVALID_ENUM : glDiscardFramebufferEXT: attachments was GL_COLOR_EXT
06-28 15:28:14.296  7052  7065 E WPROF   : {"Javascript": {"url": "https://connect.facebook.net/signals/config/423979991297359?v=2.7.17", "requestTime": 24771.352074}}
06-28 15:28:14.536  7052  7065 E WPROF   : {"Javascript": {"url": "http://app-sj02.marketo.com/index.php/form/getForm?munchkinId=727-ZQE-044&form=5691&url=http%3A%2F%2Fsearchengineland.com%2Fbing-ads-competitor-metrics-277853&callback=jQuery110209114067496266216_1498631294397&_=1498631294398", "requestTime": 24771.591592}}
06-28 15:28:14.551  7052  7065 E WPROF   : {"Javascript": {"url": "http://app-sj02.marketo.com/index.php/form/getForm?munchkinId=727-ZQE-044&form=5685&url=http%3A%2F%2Fsearchengineland.com%2Fbing-ads-competitor-metrics-277853&callback=jQuery110209114067496266216_1498631294399&_=1498631294400", "requestTime": 24771.607192}}
06-28 15:28:14.654  7052  7065 E WPROF   : {"Javascript": {"url": "https://securepubads.g.doubleclick.net/gpt/pubads_impl_121.js", "requestTime": 24771.709559}}
06-28 15:28:14.799  7052  7065 E WPROF   : {"Javascript": {"url": "http://app-sj02.marketo.com/index.php/form/getForm?munchkinId=727-ZQE-044&form=5673&url=http%3A%2F%2Fsearchengineland.com%2Fbing-ads-competitor-metrics-277853&callback=jQuery110209114067496266216_1498631294401&_=1498631294402", "requestTime": 24771.854519}}
06-28 15:28:14.810  7052  7065 E WPROF   : {"Javascript": {"url": "http://searchengineland.com/js/ga_social_tracking.js", "requestTime": 24771.866021}}
06-28 15:28:14.813  7052  7065 E WPROF   : {"Javascript": {"url": "http://s7.addthis.com/js/300/addthis_widget.js#pubid=ra-53e918f660794f37", "requestTime": 24771.869206}}
06-28 15:28:14.874  6986  7033 E chromium: [ERROR:gles2_cmd_decoder.cc(3852)] [.ChromiumCompositor-0xacbb2fc0]GL ERROR :GL_INVALID_ENUM : glDiscardFramebufferEXT: attachments was GL_COLOR_EXT
06-28 15:28:15.218  6986  7033 E chromium: [ERROR:gles2_cmd_decoder.cc(3852)] [.ChromiumCompositor-0xacbb2fc0]GL ERROR :GL_INVALID_ENUM : glDiscardFramebufferEXT: attachments was GL_COLOR_EXT
06-28 15:28:15.290  7052  7065 E WPROF   : {"CSS": {"url": "http://app-sj02.marketo.com/js/forms2/css/forms2.css", "requestTime": 24772.345618}}
06-28 15:28:15.293  7052  7065 E WPROF   : {"CSS": {"url": "http://app-sj02.marketo.com/js/forms2/css/forms2-theme-simple.css", "requestTime": 24772.348967}}
06-28 15:28:15.779   862  1657 E LocSvc_IzatApiV02: E/virtual int izat_core::IzatApiV02::getBatchSize(int32_t):522]: Error : st = 4, ind.status = -1628389555
06-28 15:28:15.779   862  1657 E LocSvc_IzatApiV02: E/virtual int izat_core::IzatApiV02::getBatchSize(int32_t):535]: get batching size failed.Or modem does not support batching 
06-28 15:28:15.788   862  1657 E LocSvc_IzatApiV02: E/virtual int izat_core::IzatApiV02::getBatchSize(int32_t):522]: Error : st = 4, ind.status = -1628389555
06-28 15:28:15.789   862  1657 E LocSvc_IzatApiV02: E/virtual int izat_core::IzatApiV02::getBatchSize(int32_t):535]: get batching size failed.Or modem does not support batching 
06-28 15:28:15.823   862  1657 E LocSvc_IzatApiV02: E/virtual int izat_core::IzatApiV02::getBatchSize(int32_t):522]: Error : st = 4, ind.status = -1628389555
06-28 15:28:15.823   862  1657 E LocSvc_IzatApiV02: E/virtual int izat_core::IzatApiV02::getBatchSize(int32_t):535]: get batching size failed.Or modem does not support batching 
06-28 15:28:15.833   862  1657 E LocSvc_IzatApiV02: E/virtual int izat_core::IzatApiV02::getBatchSize(int32_t):522]: Error : st = 4, ind.status = -1628389555
06-28 15:28:15.833   862  1657 E LocSvc_IzatApiV02: E/virtual int izat_core::IzatApiV02::getBatchSize(int32_t):535]: get batching size failed.Or modem does not support batching 
06-28 15:28:15.847  7052  7065 E WPROF   : {"Javascript": {"url": "https://securepubads.g.doubleclick.net/gampad/ads?gdfp_req=1&correlator=4495791746973696&output=json_html&callback=googletag.impl.pubads.callbackProxy1&impl=fifs&json_a=1&eid=108809080%2C108809103&sc=0&sfv=1-0-9&iu_parts=1038259%2Csel-ciu-1%2Csel-ciu-2%2Csel-ciu-3%2Csel-ciu-4%2Csel-ciu-5%2Cch-sem-le", "requestTime": 24772.902917}}
06-28 15:28:15.898  7052  7065 E WPROF   : {"Javascript": {"url": "https://static.xx.fbcdn.net/rsrc.php/v3iy6L4/yF/l/ko_KR/w3AiswiqjrJ.js", "requestTime": 24772.953366}}
06-28 15:28:16.032  6986  7033 E chromium: [ERROR:gles2_cmd_decoder.cc(3852)] [.ChromiumCompositor-0xacbb2fc0]GL ERROR :GL_INVALID_ENUM : glDiscardFramebufferEXT: attachments was GL_COLOR_EXT
06-28 15:28:16.096  7052  7065 E WPROF   : {"Javascript": {"url": "http://cdn.api.twitter.com/1/users/show.json?screen_name=ginnymarvin&callback=twttr.setFollowersCount", "requestTime": 24773.151614}}
06-28 15:28:16.545  7052  7065 E WPROF   : {"Javascript": {"url": "http://platform.twitter.com/widgets.js", "requestTime": 24773.601184}}
06-28 15:28:16.547  7052  7065 E WPROF   : {"Javascript": {"url": "http://connect.facebook.net/en_US/sdk.js", "requestTime": 24773.603138}}
06-28 15:28:16.549  7052  7065 E WPROF   : {"Javascript": {"url": "https://apis.google.com/js/platform.js", "requestTime": 24773.604595}}
06-28 15:28:16.589  7052  7065 E WPROF   : {"Javascript": {"url": "http://rules.quantcount.com/rules-p-5aGizvD82d9hk.js", "requestTime": 24773.645013}}
06-28 15:28:16.596  7052  7065 E WPROF   : {"Javascript": {"url": "http://munchkin.marketo.net/munchkin.js", "requestTime": 24773.651852}}
06-28 15:28:16.807  7052  7065 E WPROF   : {"Javascript": {"url": "http://d2j3qa5nc37287.cloudfront.net/coupon_code1.js", "requestTime": 24773.856878}}
06-28 15:28:16.811  7052  7065 E WPROF   : {"Javascript": {"url": "http://www.googleadservices.com/pagead/conversion.js", "requestTime": 24773.866752}}
06-28 15:28:16.812  7052  7065 E WPROF   : {"Javascript": {"url": "http://searchengineland.com/figz/wp-content/themes/searchengineland/js/script.js?ver=1.0", "requestTime": 24773.867739}}
06-28 15:28:16.812  7052  7065 E WPROF   : {"Javascript": {"url": "http://searchengineland.com/figz/wp-includes/js/wp-embed.min.js?ver=4.7.5", "requestTime": 24773.868116}}
06-28 15:28:16.813  7052  7065 E WPROF   : {"Javascript": {"url": "http://searchengineland.com/figz/wp-content/themes/searchengineland/js/modules/sharing_controls.js", "requestTime": 24773.868478}}
06-28 15:28:16.817  7052  7065 E WPROF   : {"CSS": {"url": "https://www.youtube.com/yts/cssbin/www-embed-player-sprite-mode-vfl5G4Xm8.css", "requestTime": 24773.873183}}
06-28 15:28:16.828  7052  7065 E WPROF   : {"Javascript": {"url": "https://www.youtube.com/yts/jsbin/www-embed-player-vfl_UY_j8/www-embed-player.js", "requestTime": 24773.884205}}
06-28 15:28:16.829  7052  7065 E WPROF   : {"Javascript": {"url": "https://www.youtube.com/yts/jsbin/player-vflo1w4O-/ko_KR/base.js", "requestTime": 24773.884707}}
06-28 15:28:16.857  6986  7033 E chromium: [ERROR:gles2_cmd_decoder.cc(3852)] [.ChromiumCompositor-0xacbb2fc0]GL ERROR :GL_INVALID_ENUM : glDiscardFramebufferEXT: attachments was GL_COLOR_EXT
06-28 15:28:17.296  7052  7065 E WPROF   : {"Javascript": {"url": "http://dnn506yrbagrg.cloudfront.net/pages/scripts/0026/4062.js?416286", "requestTime": 24774.351411}}
06-28 15:28:17.507  6986  7033 E chromium: [ERROR:gles2_cmd_decoder.cc(3852)] [.ChromiumCompositor-0xacbb2fc0]GL ERROR :GL_INVALID_ENUM : glDiscardFramebufferEXT: attachments was GL_COLOR_EXT
06-28 15:28:17.889  7052  7065 E WPROF   : {"Javascript": {"url": "http://m.addthisedge.com/live/boost/ra-53e918f660794f37/_ate.track.config_resp", "requestTime": 24774.944444}}
06-28 15:28:17.935  7052  7065 E WPROF   : {"Javascript": {"url": "http://m.addthis.com/live/red_lojson/300lo.json?si=59534c80a4d78432&bkl=0&bl=1&pdt=2005&sid=59534c80a4d78432&pub=ra-53e918f660794f37&rev=v7.15.4-wp&ln=ko&pc=men&cb=0&ab=-&dp=searchengineland.com&fp=bing-ads-competitor-metrics-277853&fr=&of=0&pd=0&irt=0&vcl=0&md=0&ct=1&tct=0&abt=0&cdn=0&pi=1&rb=0&gen", "requestTime": 24774.990434}}
06-28 15:28:18.142  6986  7033 E chromium: [ERROR:gles2_cmd_decoder.cc(3852)] [.ChromiumCompositor-0xacbb2fc0]GL ERROR :GL_INVALID_ENUM : glDiscardFramebufferEXT: attachments was GL_COLOR_EXT
06-28 15:28:19.436  7052  7065 E WPROF   : {"Javascript": {"url": "https://www.google.com/js/bg/KWBfAnWFESAEEaKKgdYlTHY9ysQaNoQuzeMFqvxDSM8.js", "requestTime": 24776.491231}}
06-28 15:28:19.438  7052  7065 E WPROF   : {"Javascript": {"url": "https://static.doubleclick.net/instream/ad_status.js", "requestTime": 24776.493221}}
06-28 15:28:19.665  6986  7033 E chromium: [ERROR:gles2_cmd_decoder.cc(3852)] [.ChromiumCompositor-0xacbb2fc0]GL ERROR :GL_INVALID_ENUM : glDiscardFramebufferEXT: attachments was GL_COLOR_EXT
06-28 15:28:19.948  6986  7033 E chromium: [ERROR:gles2_cmd_decoder.cc(3852)] [.ChromiumCompositor-0xacbb2fc0]GL ERROR :GL_INVALID_ENUM : glDiscardFramebufferEXT: attachments was GL_COLOR_EXT
06-28 15:28:20.297  6986  7033 E chromium: [ERROR:gles2_cmd_decoder.cc(3852)] [.ChromiumCompositor-0xacbb2fc0]GL ERROR :GL_INVALID_ENUM : glDiscardFramebufferEXT: attachments was GL_COLOR_EXT
06-28 15:28:20.682  7052  7065 E WPROF   : {"Javascript": {"url": "https://tpc.googlesyndication.com/pagead/js/r20170619/r20110914/client/ext/m_window_focus_non_hydra.js", "requestTime": 24777.737454}}
06-28 15:28:20.683  7052  7065 E WPROF   : {"Javascript": {"url": "https://tpc.googlesyndication.com/pagead/js/r20170619/r20110914/activeview/osd_listener.js", "requestTime": 24777.739089}}
06-28 15:28:20.688  7052  7065 E WPROF   : {"Javascript": {"url": "http://pagead2.googlesyndication.com/pagead/osd.js", "requestTime": 24777.743238}}
06-28 15:28:20.761  7052  7065 E WPROF   : {"Javascript": {"url": "http://munchkin.marketo.net/151/munchkin.js", "requestTime": 24777.816323}}
06-28 15:28:20.939  7052  7065 E WPROF   : {"Javascript": {"url": "https://platform.twitter.com/js/button.b731e6c82269f70f6fc53634e044a4c6.js", "requestTime": 24777.995048}}
06-28 15:28:21.136  7052  7065 E WPROF   : {"Javascript": {"url": "http://www.justuno.com/ajax/account_version_check.html?id=828FA275-FF73-401E-AA39-40F5A6FAB6B1", "requestTime": 24778.191528}}
06-28 15:28:21.191  7052  7065 E WPROF   : {"Javascript": {"url": "http://s7.addthis.com/static/layers.4acb6c577b51939661ec.js", "requestTime": 24778.246820}}
06-28 15:28:21.256  6986  7033 E chromium: [ERROR:gles2_cmd_decoder.cc(3852)] [.ChromiumCompositor-0xacbb2fc0]GL ERROR :GL_INVALID_ENUM : glDiscardFramebufferEXT: attachments was GL_COLOR_EXT
06-28 15:28:21.480  6986  7033 E chromium: [ERROR:gles2_cmd_decoder.cc(3852)] [.ChromiumCompositor-0xacbb2fc0]GL ERROR :GL_INVALID_ENUM : glDiscardFramebufferEXT: attachments was GL_COLOR_EXT
06-28 15:28:21.665  6986  7033 E chromium: [ERROR:gles2_cmd_decoder.cc(3852)] [.ChromiumCompositor-0xacbb2fc0]GL ERROR :GL_INVALID_ENUM : glDiscardFramebufferEXT: attachments was GL_COLOR_EXT
06-28 15:28:21.765  6986  7033 E chromium: [ERROR:gles2_cmd_decoder.cc(3852)] [.ChromiumCompositor-0xacbb2fc0]GL ERROR :GL_INVALID_ENUM : glDiscardFramebufferEXT: attachments was GL_COLOR_EXT
06-28 15:28:21.782  6986  7033 E chromium: [ERROR:gles2_cmd_decoder.cc(3852)] [.ChromiumCompositor-0xacbb2fc0]GL ERROR :GL_INVALID_ENUM : glDiscardFramebufferEXT: attachments was GL_COLOR_EXT
06-28 15:28:21.943  7052  7065 E WPROF   : {"Javascript": {"url": "https://app-sj02.marketo.com/js/forms2/js/forms2.min.js", "requestTime": 24778.998856}}
06-28 15:28:23.729  7052  7065 E WPROF   : {"Javascript": {"url": "http://cdn.justuno.com/mwgt_3.6.js", "requestTime": 24780.784703}}
06-28 15:28:23.941  6986  7033 E chromium: [ERROR:gles2_cmd_decoder.cc(3852)] [.ChromiumCompositor-0xacbb2fc0]GL ERROR :GL_INVALID_ENUM : glDiscardFramebufferEXT: attachments was GL_COLOR_EXT
06-28 15:28:24.317  6986  7033 E chromium: [ERROR:gles2_cmd_decoder.cc(3852)] [.ChromiumCompositor-0xacbb2fc0]GL ERROR :GL_INVALID_ENUM : glDiscardFramebufferEXT: attachments was GL_COLOR_EXT
06-28 15:28:24.988  6986  7033 E chromium: [ERROR:gles2_cmd_decoder.cc(3852)] [.ChromiumCompositor-0xacbb2fc0]GL ERROR :GL_INVALID_ENUM : glDiscardFramebufferEXT: attachments was GL_COLOR_EXT
06-28 15:28:25.016  7052  7065 E WProf.db: {"page": "searchengineland.com_bing-ads-competitor-metrics-277853"}
06-28 15:28:25.016  7052  7065 E WProf.db: {"DOMLoad": 24782.072182}
06-28 15:28:25.017  7052  7065 E WProf.db: {"Resource": {"id": 1, "url": "http://searchengineland.com/bing-ads-competitor-metrics-277853", "sentTime": -1.000000, "len": 89956, "from": "0x0", "mimeType": "text/html", "contentLength": -1, "httpStatus": 200, "connId": 20, "connReused": 1, "cached": 0,"requestTime": 24769.871229, "proxyStart": -1, "proxyEnd": -1, "dnsStart": -1, "dnsEnd": -1, "connectStart": 0, "connectEnd": 72, "sendStart": 72, "sendEnd": 72, "receiveHeadersEnd": 228, "sslStart": -1, "sslEnd": -1}}
06-28 15:28:25.017  7052  7065 E WProf.db: {"ReceivedChunk": {"receivedTime": 24770.116544, "len": 12408}}
06-28 15:28:25.017  7052  7065 E WProf.db: {"ReceivedChunk": {"receivedTime": 24770.188450, "len": 32768}}
06-28 15:28:25.017  7052  7065 E WProf.db: {"ReceivedChunk": {"receivedTime": 24770.188677, "len": 29236}}
06-28 15:28:25.017  7052  7065 E WProf.db: {"ReceivedChunk": {"receivedTime": 24770.248018, "len": 15544}}
06-28 15:28:25.017  7052  7065 E WProf.db: {"WprofHTMLTag": {"code": "0xaedd8540", "doc": "http://searchengineland.com/bing-ads-competitor-metrics-277853", "row": 6, "column": 42, "tagName": "html", "time": 24770.192206, "url": "", "pos": 1, "chunkLen": 1, "isStartTag": 1}}
06-28 15:28:25.017  7052  7065 E WProf.db: {"WprofHTMLTag": {"code": "0xaf0477c0", "doc": "http://searchengineland.com/bing-ads-competitor-metrics-277853", "row": 7, "column": 6, "tagName": "head", "time": 24770.192936, "url": "", "pos": 1, "chunkLen": 1, "isStartTag": 1}}
06-28 15:28:25.017  7052  7065 E WProf.db: {"WprofHTMLTag": {"code": "0xaf0477f0", "doc": "http://searchengineland.com/bing-ads-competitor-metrics-277853", "row": 8, "column": 54, "tagName": "meta", "time": 24770.192979, "url": "", "pos": 1, "chunkLen": 1, "isStartTag": 1}}
06-28 15:28:25.017  7052  7065 E WProf.db: {"WprofHTMLTag": {"code": "0xaf047820", "doc": "http://searchengineland.com/bing-ads-competitor-metrics-277853", "row": 9, "column": 68, "tagName": "meta", "time": 24770.193113, "url": "", "pos": 1, "chunkLen": 1, "isStartTag": 1}}
06-28 15:28:25.017  7052  7065 E WProf.db: {"WprofHTMLTag": {"code": "0xaf047910", "doc": "http://searchengineland.com/bing-ads-competitor-metrics-277853", "row": 10, "column": 23, "tagName": "meta", "time": 24770.193224, "url": "", "pos": 1, "chunkLen": 1, "isStartTag": 1}}
06-28 15:28:25.017  7052  7065 E WProf.db: {"WprofHTMLTag": {"code": "0xaf047940", "doc": "http://searchengineland.com/bing-ads-competitor-metrics-277853", "row": 11, "column": 52, "tagName": "meta", "time": 24770.193352, "url": "", "pos": 1, "chunkLen": 1, "isStartTag": 1}}
06-28 15:28:25.018  7052  7065 E WProf.db: {"WprofHTMLTag": {"code": "0xaf047970", "doc": "http://searchengineland.com/bing-ads-competitor-metrics-277853", "row": 14, "column": 56, "tagName": "meta", "time": 24770.193484, "url": "", "pos": 1, "chunkLen": 1, "isStartTag": 1}}
06-28 15:28:25.018  7052  7065 E WProf.db: {"WprofHTMLTag": {"code": "0xaf0479a0", "doc": "http://searchengineland.com/bing-ads-competitor-metrics-277853", "row": 15, "column": 83, "tagName": "meta", "time": 24770.193596, "url": "", "pos": 1, "chunkLen": 1, "isStartTag": 1}}
06-28 15:28:25.018  7052  7065 E WProf.db: {"WprofHTMLTag": {"code": "0xaf0479d0", "doc": "http://searchengineland.com/bing-ads-competitor-metrics-277853", "row": 16, "column": 57, "tagName": "meta", "time": 24770.193708, "url": "", "pos": 1, "chunkLen": 1, "isStartTag": 1}}
06-28 15:28:25.018  7052  7065 E WProf.db: {"WprofHTMLTag": {"code": "0xaf047a60", "doc": "http://searchengineland.com/bing-ads-competitor-metrics-277853", "row": 17, "column": 41, "tagName": "meta", "time": 24770.193815, "url": "", "pos": 1, "chunkLen": 1, "isStartTag": 1}}
06-28 15:28:25.018  7052  7065 E WProf.db: {"WprofHTMLTag": {"code": "0xaf047a90", "doc": "http://searchengineland.com/bing-ads-competitor-metrics-277853", "row": 18, "column": 50, "tagName": "meta", "time": 24770.193926, "url": "", "pos": 1, "chunkLen": 1, "isStartTag": 1}}
06-28 15:28:25.018  7052  7065 E WProf.db: {"WprofHTMLTag": {"code": "0xaf047ac0", "doc": "http://searchengineland.com/bing-ads-competitor-metrics-277853", "row": 19, "column": 174, "tagName": "meta", "time": 24770.194037, "url": "", "pos": 1, "chunkLen": 1, "isStartTag": 1}}
06-28 15:28:25.018  7052  7065 E WProf.db: {"WprofHTMLTag": {"code": "0xaf047a30", "doc": "http://searchengineland.com/bing-ads-competitor-metrics-277853", "row": 20, "column": 47, "tagName": "meta", "time": 24770.194147, "url": "", "pos": 1, "chunkLen": 1, "isStartTag": 1}}
06-28 15:28:25.018  7052  7065 E WProf.db: {"WprofHTMLTag": {"code": "0xaf047a00", "doc": "http://searchengineland.com/bing-ads-competitor-metrics-277853", "row": 21, "column": 67, "tagName": "meta", "time": 24770.194359, "url": "", "pos": 1, "chunkLen": 1, "isStartTag": 1}}
06-28 15:28:25.018  7052  7065 E WProf.db: {"WprofHTMLTag": {"code": "0xaf047af0", "doc": "http://searchengineland.com/bing-ads-competitor-metrics-277853", "row": 22, "column": 57, "tagName": "meta", "time": 24770.194472, "url": "", "pos": 1, "chunkLen": 1, "isStartTag": 1}}
06-28 15:28:25.018  7052  7065 E WProf.db: {"WprofHTMLTag": {"code": "0xaf047b20", "doc": "http://searchengineland.com/bing-ads-competitor-metrics-277853", "row": 23, "column": 65, "tagName": "meta", "time": 24770.194578, "url": "", "pos": 1, "chunkLen": 1, "isStartTag": 1}}
06-28 15:28:25.019  7052  7065 E WProf.db: {"WprofHTMLTag": {"code": "0xaf047b50", "doc": "http://searchengineland.com/bing-ads-competitor-metrics-277853", "row": 24, "column": 55, "tagName": "meta", "time": 24770.194688, "url": "", "pos": 1, "chunkLen": 1, "isStartTag": 1}}
06-28 15:28:25.019  7052  7065 E WProf.db: {"WprofHTMLTag": {"code": "0xaf047b80", "doc": "http://searchengineland.com/bing-ads-competitor-metrics-277853", "row": 25, "column": 71, "tagName": "meta", "time": 24770.194796, "url": "", "pos": 1, "chunkLen": 1, "isStartTag": 1}}
06-28 15:28:25.019  7052  7065 E WProf.db: {"WprofHTMLTag": {"code": "0xaf047bb0", "doc": "http://searchengineland.com/bing-ads-competitor-metrics-277853", "row": 26, "column": 86, "tagName": "meta", "time": 24770.194907, "url": "", "pos": 1, "chunkLen": 1, "isStartTag": 1}}
06-28 15:28:25.019  7052  7065 E WProf.db: {"WprofHTMLTag": {"code": "0xaf047be0", "doc": "http://searchengineland.com/bing-ads-competitor-metrics-277853", "row": 27, "column": 54, "tagName": "meta", "time": 24770.195012, "url": "", "pos": 1, "chunkLen": 1, "isStartTag": 1}}
06-28 15:28:25.019  7052  7065 E WProf.db: {"WprofHTMLTag": {"code": "0xaf047c10", "doc": "http://searchengineland.com/bing-ads-competitor-metrics-277853", "row": 29, "column": 39, "tagName": "meta", "time": 24770.195121, "url": "", "pos": 1, "chunkLen": 1, "isStartTag": 1}}
06-28 15:28:25.019  7052  7065 E WProf.db: {"WprofHTMLTag": {"code": "0xaf047c40", "doc": "http://searchengineland.com/bing-ads-competitor-metrics-277853", "row": 30, "column": 158, "tagName": "meta", "time": 24770.195233, "url": "", "pos": 1, "chunkLen": 1, "isStartTag": 1}}
06-28 15:28:25.019  7052  7065 E WProf.db: {"WprofHTMLTag": {"code": "0xaf047c70", "doc": "http://searchengineland.com/bing-ads-competitor-metrics-277853", "row": 31, "column": 55, "tagName": "meta", "time": 24770.195340, "url": "", "pos": 1, "chunkLen": 1, "isStartTag": 1}}
06-28 15:28:25.019  7052  7065 E WProf.db: {"WprofHTMLTag": {"code": "0xaf047ca0", "doc": "http://searchengineland.com/bing-ads-competitor-metrics-277853", "row": 32, "column": 54, "tagName": "meta", "time": 24770.195445, "url": "", "pos": 1, "chunkLen": 1, "isStartTag": 1}}
06-28 15:28:25.020  7052  7065 E WProf.db: {"WprofHTMLTag": {"code": "0xaf047cd0", "doc": "http://searchengineland.com/bing-ads-competitor-metrics-277853", "row": 33, "column": 133, "tagName": "meta", "time": 24770.195554, "url": "", "pos": 1, "chunkLen": 1, "isStartTag": 1}}
06-28 15:28:25.020  7052  7065 E WProf.db: {"WprofHTMLTag": {"code": "0xaf047d00", "doc": "http://searchengineland.com/bing-ads-competitor-metrics-277853", "row": 37, "column": 36, "tagName": "script", "time": 24770.195668, "url": "", "pos": 1, "chunkLen": 1, "isStartTag": 1}}
06-28 15:28:25.020  7052  7065 E WProf.db: {"WprofHTMLTag": {"code": "0xaf047d30", "doc": "http://searchengineland.com/bing-ads-competitor-metrics-277853", "row": 53, "column": 10, "tagName": "script", "time": 24770.195910, "url": "", "pos": 1, "chunkLen": 1, "isStartTag": 0}}
06-28 15:28:25.020  7052  7065 E WProf.db: {"WprofHTMLTag": {"code": "0xaedd8570", "doc": "http://searchengineland.com/bing-ads-competitor-metrics-277853", "row": 55, "column": 86, "tagName": "link", "time": 24770.198454, "url": "http://searchengineland.com/apple-touch-icon.png", "pos": 1, "chunkLen": 1, "isStartTag": 1}}
06-28 15:28:25.020  7052  7065 E WProf.db: {"WprofHTMLTag": {"code": "0xaf047d60", "doc": "http://searchengineland.com/bing-ads-competitor-metrics-277853", "row": 56, "column": 76, "tagName": "link", "time": 24770.198773, "url": "http://searchengineland.com/favicon.ico", "pos": 1, "chunkLen": 1, "isStartTag": 1}}
06-28 15:28:25.020  7052  7065 E WProf.db: {"WprofHTMLTag": {"code": "0xaf047d90", "doc": "http://searchengineland.com/bing-ads-competitor-metrics-277853", "row": 57, "column": 158, "tagName": "link", "time": 24770.198977, "url": "http://feeds.searchengineland.com/searchengineland", "pos": 1, "chunkLen": 1, "isStartTag": 1}}
06-28 15:28:25.021  7052  7065 E WProf.db: {"WprofHTMLTag": {"code": "0xaf047dc0", "doc": "http://searchengineland.com/bing-ads-competitor-metrics-277853", "row": 58, "column": 149, "tagName": "link", "time": 24770.199252, "url": "http://feeds.searchengineland.com/searchcap", "pos": 1, "chunkLen": 1, "isStartTag": 1}}
06-28 15:28:25.021  7052  7065 E WProf.db: {"WprofHTMLTag": {"code": "0xaf047df0", "doc": "http://searchengineland.com/bing-ads-competitor-metrics-277853", "row": 59, "column": 150, "tagName": "link", "time": 24770.199537, "url": "http://searchengineland.com/figz/wp-content/themes/searchengineland/css/searchengineland-bootstrap.css", "pos": 1, "chunkLen": 1, "isStartTag": 1}}
06-28 15:28:25.021  7052  7065 E WProf.db: {"WprofHTMLTag": {"code": "0xaf047e50", "doc": "http://searchengineland.com/bing-ads-competitor-metrics-277853", "row": 60, "column": 105, "tagName": "link", "time": 24770.202591, "url": "http://fonts.googleapis.com/css?family=Oswald:300,400,700", "pos": 1, "chunkLen": 1, "isStartTag": 1}}
06-28 15:28:25.021  7052  7065 E WProf.db: {"WprofHTMLTag": {"code": "0xaf047eb0", "doc": "http://searchengineland.com/bing-ads-competitor-metrics-277853", "row": 61, "column": 125, "tagName": "link", "time": 24770.205577, "url": "http://searchengineland.com/figz/wp-content/themes/searchengineland/style.css", "pos": 1, "chunkLen": 1, "isStartTag": 1}}
06-28 15:28:25.021  7052  7065 E WProf.db: {"WprofHTMLTag": {"code": "0xaf047f10", "doc": "http://searchengineland.com/bing-ads-competitor-metrics-277853", "row": 65, "column": 7, "tagName": "title", "time": 24770.209305, "url": "", "pos": 1, "chunkLen": 1, "isStartTag": 1}}
06-28 15:28:25.022  7052  7065 E WProf.db: {"WprofHTMLTag": {"code": "0xaf047f40", "doc": "http://searchengineland.com/bing-ads-competitor-metrics-277853", "row": 65, "column": 69, "tagName": "title", "time": 24770.215128, "url": "", "pos": 1, "chunkLen": 1, "isStartTag": 0}}
06-28 15:28:25.022  7052  7065 E WProf.db: {"WprofHTMLTag": {"code": "0xaf047f70", "doc": "http://searchengineland.com/bing-ads-competitor-metrics-277853", "row": 66, "column": 155, "tagName": "meta", "time": 24770.215171, "url": "", "pos": 1, "chunkLen": 1, "isStartTag": 1}}
06-28 15:28:25.022  7052  7065 E WProf.db: {"WprofHTMLTag": {"code": "0xaf047fa0", "doc": "http://searchengineland.com/bing-ads-competitor-metrics-277853", "row": 67, "column": 40, "tagName": "meta", "time": 24770.215915, "url": "", "pos": 1, "chunkLen": 1, "isStartTag": 1}}
06-28 15:28:25.022  7052  7065 E WProf.db: {"WprofHTMLTag": {"code": "0xaf047fd0", "doc": "http://searchengineland.com/bing-ads-competitor-metrics-277853", "row": 68, "column": 104, "tagName": "meta", "time": 24770.216097, "url": "", "pos": 1, "chunkLen": 1, "isStartTag": 1}}
06-28 15:28:25.022  7052  7065 E WProf.db: {"WprofHTMLTag": {"code": "0xb4cc74b0", "doc": "http://searchengineland.com/bing-ads-competitor-metrics-277853", "row": 69, "column": 37, "tagName": "meta", "time": 24770.216330, "url": "", "pos": 1, "chunkLen": 1, "isStartTag": 1}}
06-28 15:28:25.022  7052  7065 E WProf.db: {"WprofHTMLTag": {"code": "0xb4cc7540", "doc": "http://searchengineland.com/bing-ads-competitor-metrics-277853", "row": 70, "column": 94, "tagName": "link", "time": 24770.216513, "url": "http://searchengineland.com/bing-ads-competitor-metrics-277853", "pos": 1, "chunkLen": 1, "isStartTag": 1}}
06-28 15:28:25.023  7052  7065 E WProf.db: {"WprofHTMLTag": {"code": "0xb4cc78a0", "doc": "http://searchengineland.com/bing-ads-competitor-metrics-277853", "row": 71, "column": 76, "tagName": "link", "time": 24770.216803, "url": "https://plus.google.com/103218677032751327334", "pos": 1, "chunkLen": 1, "isStartTag": 1}}
06-28 15:28:25.023  7052  7065 E WProf.db: {"WprofHTMLTag": {"code": "0xb4cc78d0", "doc": "http://searchengineland.com/bing-ads-competitor-metrics-277853", "row": 72, "column": 45, "tagName": "meta", "time": 24770.216995, "url": "", "pos": 1, "chunkLen": 1, "isStartTag": 1}}
06-28 15:28:25.023  7052  7065 E WProf.db: {"WprofHTMLTag": {"code": "0xb4cc7900", "doc": "http://searchengineland.com/bing-ads-competitor-metrics-277853", "row": 73, "column": 45, "tagName": "meta", "time": 24770.217163, "url": "", "pos": 1, "chunkLen": 1, "isStartTag": 1}}
06-28 15:28:25.023  7052  7065 E WProf.db: {"WprofHTMLTag": {"code": "0xb4cc7930", "doc": "http://searchengineland.com/bing-ads-competitor-metrics-277853", "row": 74, "column": 93, "tagName": "meta", "time": 24770.217275, "url": "", "pos": 1, "chunkLen": 1, "isStartTag": 1}}
06-28 15:28:25.023  7052  7065 E WProf.db: {"WprofHTMLTag": {"code": "0xb4cc7960", "doc": "http://searchengineland.com/bing-ads-competitor-metrics-277853", "row": 75, "column": 163, "tagName": "meta", "time": 24770.217389, "url": "", "pos": 1, "chunkLen": 1, "isStartTag": 1}}
06-28 15:28:25.023  7052  7065 E WProf.db: {"WprofHTMLTag": {"code": "0xb4cc7990", "doc": "http://searchengineland.com/bing-ads-competitor-metrics-277853", "row": 76, "column": 99, "tagName": "meta", "time": 24770.217954, "url": "", "pos": 1, "chunkLen": 1, "isStartTag": 1}}
06-28 15:28:25.023  7052  7065 E WProf.db: {"WprofHTMLTag": {"code": "0xb4cc79c0", "doc": "http://searchengineland.com/bing-ads-competitor-metrics-277853", "row": 77, "column": 61, "tagName": "meta", "time": 24770.218060, "url": "", "pos": 1, "chunkLen": 1, "isStartTag": 1}}
06-28 15:28:25.023  7052  7065 E WProf.db: {"WprofHTMLTag": {"code": "0xb4cc79f0", "doc": "http://searchengineland.com/bing-ads-competitor-metrics-277853", "row": 78, "column": 89, "tagName": "meta", "time": 24770.218353, "url": "", "pos": 1, "chunkLen": 1, "isStartTag": 1}}
06-28 15:28:25.023  7052  7065 E WProf.db: {"WprofHTMLTag": {"code": "0xb4cc7a20", "doc": "http://searchengineland.com/bing-ads-competitor-metrics-277853", "row": 79, "column": 82, "tagName": "meta", "time": 24770.218470, "url": "", "pos": 1, "chunkLen": 1, "isStartTag": 1}}
06-28 15:28:25.023  7052  7065 E WProf.db: {"WprofHTMLTag": {"code": "0xb4cc7a50", "doc": "http://searchengineland.com/bing-ads-competitor-metrics-277853", "row": 80, "column": 50, "tagName": "meta", "time": 24770.218593, "url": "", "pos": 1, "chunkLen": 1, "isStartTag": 1}}
06-28 15:28:25.024  7052  7065 E WProf.db: {"WprofHTMLTag": {"code": "0xb4cc7a80", "doc": "http://searchengineland.com/bing-ads-competitor-metrics-277853", "row": 81, "column": 78, "tagName": "meta", "time": 24770.218706, "url": "", "pos": 1, "chunkLen": 1, "isStartTag": 1}}
06-28 15:28:25.024  7052  7065 E WProf.db: {"WprofHTMLTag": {"code": "0xb4cc7ab0", "doc": "http://searchengineland.com/bing-ads-competitor-metrics-277853", "row": 82, "column": 77, "tagName": "meta", "time": 24770.218863, "url": "", "pos": 1, "chunkLen": 1, "isStartTag": 1}}
06-28 15:28:25.025  7052  7065 E WProf.db: {"WprofHTMLTag": {"code": "0xb4cc7ae0", "doc": "http://searchengineland.com/bing-ads-competitor-metrics-277853", "row": 83, "column": 71, "tagName": "meta", "time": 24770.218989, "url": "", "pos": 1, "chunkLen": 1, "isStartTag": 1}}
06-28 15:28:25.025  7052  7065 E WProf.db: {"WprofHTMLTag": {"code": "0xb4cc7b10", "doc": "http://searchengineland.com/bing-ads-competitor-metrics-277853", "row": 84, "column": 127, "tagName": "meta", "time": 24770.219110, "url": "", "pos": 1, "chunkLen": 1, "isStartTag": 1}}
06-28 15:28:25.025  7052  7065 E WProf.db: {"WprofHTMLTag": {"code": "0xb4cc7b40", "doc": "http://searchengineland.com/bing-ads-competitor-metrics-277853", "row": 85, "column": 49, "tagName": "meta", "time": 24770.219225, "url": "", "pos": 1, "chunkLen": 1, "isStartTag": 1}}
06-28 15:28:25.025  7052  7065 E WProf.db: {"WprofHTMLTag": {"code": "0xb4cc7b70", "doc": "http://searchengineland.com/bing-ads-competitor-metrics-277853", "row": 86, "column": 50, "tagName": "meta", "time": 24770.220413, "url": "", "pos": 1, "chunkLen": 1, "isStartTag": 1}}
06-28 15:28:25.025  7052  7065 E WProf.db: {"WprofHTMLTag": {"code": "0xb4cc7ba0", "doc": "http://searchengineland.com/bing-ads-competitor-metrics-277853", "row": 87, "column": 58, "tagName": "meta", "time": 24770.220530, "url": "", "pos": 1, "chunkLen": 1, "isStartTag": 1}}
06-28 15:28:25.025  7052  7065 E WProf.db: {"WprofHTMLTag": {"code": "0xb4cc7bd0", "doc": "http://searchengineland.com/bing-ads-competitor-metrics-277853", "row": 88, "column": 164, "tagName": "meta", "time": 24770.220647, "url": "", "pos": 1, "chunkLen": 1, "isStartTag": 1}}
06-28 15:28:25.025  7052  7065 E WProf.db: {"WprofHTMLTag": {"code": "0xb4cc7c00", "doc": "http://searchengineland.com/bing-ads-competitor-metrics-277853", "row": 89, "column": 94, "tagName": "meta", "time": 24770.220753, "url": "", "pos": 1, "chunkLen": 1, "isStartTag": 1}}
06-28 15:28:25.025  7052  7065 E WProf.db: {"WprofHTMLTag": {"code": "0xb4cc7c30", "doc": "http://searchengineland.com/bing-ads-competitor-metrics-277853", "row": 90, "column": 51, "tagName": "meta", "time": 24770.220879, "url": "", "pos": 1, "chunkLen": 1, "isStartTag": 1}}
06-28 15:28:25.025  7052  7065 E WProf.db: {"WprofHTMLTag": {"code": "0xb4cc7c60", "doc": "http://searchengineland.com/bing-ads-competitor-metrics-277853", "row": 91, "column": 128, "tagName": "meta", "time": 24770.220989, "url": "", "pos": 1, "chunkLen": 1, "isStartTag": 1}}
06-28 15:28:25.026  7052  7065 E WProf.db: {"WprofHTMLTag": {"code": "0xb4cc7c90", "doc": "http://searchengineland.com/bing-ads-competitor-metrics-277853", "row": 92, "column": 54, "tagName": "meta", "time": 24770.221185, "url": "", "pos": 1, "chunkLen": 1, "isStartTag": 1}}
06-28 15:28:25.026  7052  7065 E WProf.db: {"WprofHTMLTag": {"code": "0xb4cc7cc0", "doc": "http://searchengineland.com/bing-ads-competitor-metrics-277853", "row": 95, "column": 44, "tagName": "link", "time": 24770.221311, "url": "http://s.w.org/", "pos": 1, "chunkLen": 1, "isStartTag": 1}}
06-28 15:28:25.026  7052  7065 E WProf.db: {"WprofHTMLTag": {"code": "0xb4cc7cf0", "doc": "http://searchengineland.com/bing-ads-competitor-metrics-277853", "row": 96, "column": 33, "tagName": "script", "time": 24770.221649, "url": "", "pos": 1, "chunkLen": 1, "isStartTag": 1}}
06-28 15:28:25.026  7052  7065 E WProf.db: {"WprofHTMLTag": {"code": "0xb4cc7d20", "doc": "http://searchengineland.com/bing-ads-competitor-metrics-277853", "row": 99, "column": 11, "tagName": "script", "time": 24770.221868, "url": "http://searchengineland.com/figz/wp-includes/js/wp-emoji-release.min.js?ver=4.7.5", "pos": 1, "chunkLen": 1, "isStartTag": 0}}
06-28 15:28:25.026  7052  7065 E WProf.db: {"WprofHTMLTag": {"code": "0xaec5aa50", "doc": "http://searchengineland.com/bing-ads-competitor-metrics-277853", "row": 100, "column": 25, "tagName": "style", "time": 24770.799407, "url": "", "pos": 1, "chunkLen": 1, "isStartTag": 1}}
06-28 15:28:25.026  7052  7065 E WProf.db: {"WprofHTMLTag": {"code": "0xaec5aa80", "doc": "http://searchengineland.com/bing-ads-competitor-metrics-277853", "row": 113, "column": 8, "tagName": "style", "time": 24770.799578, "url": "", "pos": 1, "chunkLen": 1, "isStartTag": 0}}
06-28 15:28:25.026  7052  7065 E WProf.db: {"WprofHTMLTag": {"code": "0xaec5aab0", "doc": "http://searchengineland.com/bing-ads-competitor-metrics-277853", "row": 114, "column": 140, "tagName": "script", "time": 24770.801271, "url": "http://searchengineland.com/figz/wp-content/themes/searchengineland/js/lib/modernizr.custom.js?ver=1.0", "pos": 1, "chunkLen": 1, "isStartTag": 1}}
06-28 15:28:25.026  7052  7065 E WProf.db: {"WprofHTMLTag": {"code": "0xaec5aae0", "doc": "http://searchengineland.com/bing-ads-competitor-metrics-277853", "row": 114, "column": 149, "tagName": "script", "time": 24770.801513, "url": "", "pos": 1, "chunkLen": 1, "isStartTag": 0}}
06-28 15:28:25.026  7052  7065 E WProf.db: {"WprofHTMLTag": {"code": "0xaedd8ab0", "doc": "http://searchengineland.com/bing-ads-competitor-metrics-277853", "row": 115, "column": 144, "tagName": "script", "time": 24770.811046, "url": "http://searchengineland.com/figz/wp-content/themes/searchengineland/js/lib/jquery-1.11.0.min.js?ver=1.11.0", "pos": 1, "chunkLen": 1, "isStartTag": 1}}
06-28 15:28:25.026  7052  7065 E WProf.db: {"WprofHTMLTag": {"code": "0xaedd8960", "doc": "http://searchengineland.com/bing-ads-competitor-metrics-277853", "row": 115, "column": 153, "tagName": "script", "time": 24770.811302, "url": "", "pos": 1, "chunkLen": 1, "isStartTag": 0}}
06-28 15:28:25.027  7052  7065 E WProf.db: {"WprofHTMLTag": {"code": "0xaedd8e70", "doc": "http://searchengineland.com/bing-ads-competitor-metrics-277853", "row": 0, "column": 15, "tagName": "div", "time": 24770.876108, "url": "", "pos": 15, "chunkLen": 44, "isStartTag": 1}}
06-28 15:28:25.027  7052  7065 E WProf.db: {"WprofHTMLTag": {"code": "0xaedd8e40", "doc": "http://searchengineland.com/bing-ads-competitor-metrics-277853", "row": 0, "column": 21, "tagName": "div", "time": 24770.876231, "url": "", "pos": 21, "chunkLen": 44, "isStartTag": 0}}
06-28 15:28:25.027  7052  7065 E WProf.db: {"WprofHTMLTag": {"code": "0xaedd8e10", "doc": "http://searchengineland.com/bing-ads-competitor-metrics-277853", "row": 0, "column": 38, "tagName": "div", "time": 24770.876291, "url": "", "pos": 38, "chunkLen": 44, "isStartTag": 1}}
06-28 15:28:25.027  7052  7065 E WProf.db: {"WprofHTMLTag": {"code": "0xaedd8c00", "doc": "http://searchengineland.com/bing-ads-competitor-metrics-277853", "row": 0, "column": 44, "tagName": "div", "time": 24770.876408, "url": "", "pos": 44, "chunkLen": 44, "isStartTag": 0}}
06-28 15:28:25.027  7052  7065 E WProf.db: {"WprofHTMLTag": {"code": "0xaedd8de0", "doc": "http://searchengineland.com/bing-ads-competitor-metrics-277853", "row": 0, "column": 13, "tagName": "select", "time": 24770.877700, "url": "", "pos": 13, "chunkLen": 51, "isStartTag": 1}}
06-28 15:28:25.028  7052  7065 E WProf.db: {"WprofHTMLTag": {"code": "0xaec5aba0", "doc": "http://searchengineland.com/bing-ads-competitor-metrics-277853", "row": 0, "column": 33, "tagName": "option", "time": 24770.878035, "url": "", "pos": 33, "chunkLen": 51, "isStartTag": 1}}
06-28 15:28:25.028  7052  7065 E WProf.db: {"WprofHTMLTag": {"code": "0xaec5abd0", "doc": "http://searchengineland.com/bing-ads-competitor-metrics-277853", "row": 0, "column": 42, "tagName": "option", "time": 24770.878211, "url": "", "pos": 42, "chunkLen": 51, "isStartTag": 0}}
06-28 15:28:25.028  7052  7065 E WProf.db: {"WprofHTMLTag": {"code": "0xaec5ac00", "doc": "http://searchengineland.com/bing-ads-competitor-metrics-277853", "row": 0, "column": 51, "tagName": "select", "time": 24770.878273, "url": "", "pos": 51, "chunkLen": 51, "isStartTag": 0}}
06-28 15:28:25.028  7052  7065 E WProf.db: {"WprofHTMLTag": {"code": "0xaec5ac30", "doc": "http://searchengineland.com/bing-ads-competitor-metrics-277853", "row": 0, "column": 12, "tagName": "a", "time": 24770.883121, "url": "", "pos": 12, "chunkLen": 16, "isStartTag": 1}}
06-28 15:28:25.029  7052  7065 E WProf.db: {"WprofHTMLTag": {"code": "0xaec5ac60", "doc": "http://searchengineland.com/bing-ads-competitor-metrics-277853", "row": 0, "column": 16, "tagName": "a", "time": 24770.883295, "url": "", "pos": 16, "chunkLen": 16, "isStartTag": 0}}
06-28 15:28:25.029  7052  7065 E WProf.db: {"WprofHTMLTag": {"code": "0xaec5ac90", "doc": "http://searchengineland.com/bing-ads-competitor-metrics-277853", "row": 0, "column": 8, "tagName": "input", "time": 24770.884361, "url": "", "pos": 8, "chunkLen": 8, "isStartTag": 1}}
06-28 15:28:25.029  7052  7065 E WProf.db: {"WprofHTMLTag": {"code": "0xaec5acc0", "doc": "http://searchengineland.com/bing-ads-competitor-metrics-277853", "row": 0, "column": 9, "tagName": "link", "time": 24770.892761, "url": "", "pos": 9, "chunkLen": 42, "isStartTag": 1}}
06-28 15:28:25.030  7052  7065 E WProf.db: {"WprofHTMLTag": {"code": "0xaec5acf0", "doc": "http://searchengineland.com/bing-ads-competitor-metrics-277853", "row": 0, "column": 16, "tagName": "table", "time": 24770.892870, "url": "", "pos": 16, "chunkLen": 42, "isStartTag": 1}}
06-28 15:28:25.030  7052  7065 E WProf.db: {"WprofHTMLTag": {"code": "0xaec5ad20", "doc": "http://searchengineland.com/bing-ads-competitor-metrics-277853", "row": 0, "column": 24, "tagName": "table", "time": 24770.892972, "url": "", "pos": 24, "chunkLen": 42, "isStartTag": 0}}
06-28 15:28:25.030  7052  7065 E WProf.db: {"WprofHTMLTag": {"code": "0xaec5ad50", "doc": "http://searchengineland.com/bing-ads-competitor-metrics-277853", "row": 0, "column": 37, "tagName": "a", "time": 24770.893043, "url": "", "pos": 37, "chunkLen": 42, "isStartTag": 1}}
06-28 15:28:25.030  7052  7065 E WProf.db: {"WprofHTMLTag": {"code": "0xaec5ad80", "doc": "http://searchengineland.com/bing-ads-competitor-metrics-277853", "row": 0, "column": 42, "tagName": "a", "time": 24770.893211, "url": "", "pos": 42, "chunkLen": 42, "isStartTag": 0}}
06-28 15:28:25.030  7052  7065 E WProf.db: {"WprofHTMLTag": {"code": "0xaec5ae10", "doc": "http://searchengineland.com/bing-ads-competitor-metrics-277853", "row": 0, "column": 10, "tagName": "textarea", "time": 24770.894296, "url": "", "pos": 10, "chunkLen": 22, "isStartTag": 1}}
06-28 15:28:25.030  7052  7065 E WProf.db: {"WprofHTMLTag": {"code": "0xaec5ae40", "doc": "http://searchengineland.com/bing-ads-competitor-metrics-277853", "row": 0, "column": 22, "tagName": "textarea", "time": 24770.894472, "url": "", "pos": 22, "chunkLen": 22, "isStartTag": 0}}
06-28 15:28:25.030  7052  7065 E WProf.db: {"WprofHTMLTag": {"code": "0xaec5ae70", "doc": "http://searchengineland.com/bing-ads-competitor-metrics-277853", "row": 0, "column": 48, "tagName": "input", "time": 24770.895573, "url": "", "pos": 48, "chunkLen": 48, "isStartTag": 1}}
06-28 15:28:25.031  7052  7065 E WProf.db: {"WprofHTMLTag": {"code": "0xaec5aed0", "doc": "http://searchengineland.com/bing-ads-competitor-metrics-277853", "row": 0, "column": 9, "tagName": "link", "time": 24770.900269, "url": "", "pos": 9, "chunkLen": 66, "isStartTag": 1}}
06-28 15:28:25.031  7052  7065 E WProf.db: {"WprofHTMLTag": {"code": "0xaec5af00", "doc": "http://searchengineland.com/bing-ads-competitor-metrics-277853", "row": 0, "column": 16, "tagName": "table", "time": 24770.900381, "url": "", "pos": 16, "chunkLen": 66, "isStartTag": 1}}
06-28 15:28:25.031  7052  7065 E WProf.db: {"WprofHTMLTag": {"code": "0xaec5af30", "doc": "http://searchengineland.com/bing-ads-competitor-metrics-277853", "row": 0, "column": 24, "tagName": "table", "time": 24770.900452, "url": "", "pos": 24, "chunkLen": 66, "isStartTag": 0}}
06-28 15:28:25.031  7052  7065 E WProf.db: {"WprofHTMLTag": {"code": "0xaec5af60", "doc": "http://searchengineland.com/bing-ads-competitor-metrics-277853", "row": 0, "column": 37, "tagName": "a", "time": 24770.900520, "url": "", "pos": 37, "chunkLen": 66, "isStartTag": 1}}
06-28 15:28:25.031  7052  7065 E WProf.db: {"WprofHTMLTag": {"code": "0xaec5af90", "doc": "http://searchengineland.com/bing-ads-competitor-metrics-277853", "row": 0, "column": 42, "tagName": "a", "time": 24770.900703, "url": "", "pos": 42, "chunkLen": 66, "isStartTag": 0}}
06-28 15:28:25.031  7052  7065 E WProf.db: {"WprofHTMLTag": {"code": "0xaec5afc0", "doc": "http://searchengineland.com/bing-ads-competitor-metrics-277853", "row": 0, "column": 66, "tagName": "input", "time": 24770.900761, "url": "", "pos": 66, "chunkLen": 66, "isStartTag": 1}}
06-28 15:28:25.031  7052  7065 E WProf.db: {"WprofHTMLTag": {"code": "0xaec5b050", "doc": "http://searchengineland.com/bing-ads-competitor-metrics-277853", "row": 0, "column": 9, "tagName": "link", "time": 24770.902512, "url": "", "pos": 9, "chunkLen": 66, "isStartTag": 1}}
06-28 15:28:25.031  7052  7065 E WProf.db: {"WprofHTMLTag": {"code": "0xaec5b080", "doc": "http://searchengineland.com/bing-ads-competitor-metrics-277853", "row": 0, "column": 16, "tagName": "table", "time": 24770.902612, "url": "", "pos": 16, "chunkLen": 66, "isStartTag": 1}}
06-28 15:28:25.032  7052  7065 E WProf.db: {"WprofHTMLTag": {"code": "0xaec5b0b0", "doc": "http://searchengineland.com/bing-ads-competitor-metrics-277853", "row": 0, "column": 24, "tagName": "table", "time": 24770.902675, "url": "", "pos": 24, "chunkLen": 66, "isStartTag": 0}}
06-28 15:28:25.032  7052  7065 E WProf.db: {"WprofHTMLTag": {"code": "0xaec5b0e0", "doc": "http://searchengineland.com/bing-ads-competitor-metrics-277853", "row": 0, "column": 37, "tagName": "a", "time": 24770.902731, "url": "", "pos": 37, "chunkLen": 66, "isStartTag": 1}}
06-28 15:28:25.032  7052  7065 E WProf.db: {"WprofHTMLTag": {"code": "0xaec5b110", "doc": "http://searchengineland.com/bing-ads-competitor-metrics-277853", "row": 0, "column": 42, "tagName": "a", "time": 24770.902892, "url": "", "pos": 42, "chunkLen": 66, "isStartTag": 0}}
06-28 15:28:25.032  7052  7065 E WProf.db: {"WprofHTMLTag": {"code": "0xaec5b140", "doc": "http://searchengineland.com/bing-ads-competitor-metrics-277853", "row": 0, "column": 66, "tagName": "input", "time": 24770.902948, "url": "", "pos": 66, "chunkLen": 66, "isStartTag": 1}}
06-28 15:28:25.032  7052  7065 E WProf.db: {"WprofHTMLTag": {"code": "0xaec5b1a0", "doc": "http://searchengineland.com/bing-ads-competitor-metrics-277853", "row": 0, "column": 9, "tagName": "link", "time": 24770.906884, "url": "", "pos": 9, "chunkLen": 66, "isStartTag": 1}}
06-28 15:28:25.032  7052  7065 E WProf.db: {"WprofHTMLTag": {"code": "0xaec5b1d0", "doc": "http://searchengineland.com/bing-ads-competitor-metrics-277853", "row": 0, "column": 16, "tagName": "table", "time": 24770.906989, "url": "", "pos": 16, "chunkLen": 66, "isStartTag": 1}}
06-28 15:28:25.032  7052  7065 E WProf.db: {"WprofHTMLTag": {"code": "0xaec5b200", "doc": "http://searchengineland.com/bing-ads-competitor-metrics-277853", "row": 0, "column": 24, "tagName": "table", "time": 24770.907053, "url": "", "pos": 24, "chunkLen": 66, "isStartTag": 0}}
06-28 15:28:25.033  7052  7065 E WProf.db: {"WprofHTMLTag": {"code": "0xaec5b230", "doc": "http://searchengineland.com/bing-ads-competitor-metrics-277853", "row": 0, "column": 37, "tagName": "a", "time": 24770.907115, "url": "", "pos": 37, "chunkLen": 66, "isStartTag": 1}}
06-28 15:28:25.033  7052  7065 E WProf.db: {"WprofHTMLTag": {"code": "0xaec5b260", "doc": "http://searchengineland.com/bing-ads-competitor-metrics-277853", "row": 0, "column": 42, "tagName": "a", "time": 24770.907274, "url": "", "pos": 42, "chunkLen": 66, "isStartTag": 0}}
06-28 15:28:25.033  7052  7065 E WProf.db: {"WprofHTMLTag": {"code": "0xaec5b290", "doc": "http://searchengineland.com/bing-ads-competitor-metrics-277853", "row": 0, "column": 66, "tagName": "input", "time": 24770.907342, "url": "", "pos": 66, "chunkLen": 66, "isStartTag": 1}}
06-28 15:28:25.033  7052  7065 E WProf.db: {"WprofHTMLTag": {"code": "0xaec5b3b0", "doc": "http://searchengineland.com/bing-ads-competitor-metrics-277853", "row": 116, "column": 154, "tagName": "script", "time": 24770.919987, "url": "http://searchengineland.com/figz/wp-content/themes/searchengineland/js/lib/jquery-ui-1.10.3.custom.min.js?ver=1.10.3", "pos": 67, "chunkLen": 67, "isStartTag": 1}}
06-28 15:28:25.033  7052  7065 E WProf.db: {"WprofHTMLTag": {"code": "0xaec5b3e0", "doc": "http://searchengineland.com/bing-ads-competitor-metrics-277853", "row": 116, "column": 163, "tagName": "script", "time": 24770.920304, "url": "", "pos": 67, "chunkLen": 67, "isStartTag": 0}}
06-28 15:28:25.033  7052  7065 E WProf.db: {"WprofHTMLTag": {"code": "0xaedd8c30", "doc": "http://searchengineland.com/bing-ads-competitor-metrics-277853", "row": 0, "column": 111, "tagName": "div", "time": 24771.085767, "url": "", "pos": 111, "chunkLen": 117, "isStartTag": 1}}
06-28 15:28:25.034  7052  7065 E WProf.db: {"WprofHTMLTag": {"code": "0xaedd8bd0", "doc": "http://searchengineland.com/bing-ads-competitor-metrics-277853", "row": 0, "column": 117, "tagName": "div", "time": 24771.085986, "url": "", "pos": 117, "chunkLen": 117, "isStartTag": 0}}
06-28 15:28:25.034  7052  7065 E WProf.db: {"WprofHTMLTag": {"code": "0xaec5b6b0", "doc": "http://searchengineland.com/bing-ads-competitor-metrics-277853", "row": 117, "column": 155, "tagName": "script", "time": 24771.114622, "url": "http://searchengineland.com/figz/wp-content/themes/searchengineland/js/lib/jquery.ba-throttle-debounce.min.js?ver=1.1", "pos": 118, "chunkLen": 118, "isStartTag": 1}}
06-28 15:28:25.034  7052  7065 E WProf.db: {"WprofHTMLTag": {"code": "0xaec5b6e0", "doc": "http://searchengineland.com/bing-ads-competitor-metrics-277853", "row": 117, "column": 164, "tagName": "script", "time": 24771.114928, "url": "", "pos": 118, "chunkLen": 118, "isStartTag": 0}}
