--------- beginning of main
06-28 12:17:23.092  3449  3449 E Finsky  : [1] com.google.android.finsky.wear.bl.a(3): onConnectionFailed: ConnectionResult{statusCode=API_UNAVAILABLE, resolution=null, message=null}
--------- beginning of system
06-28 12:17:24.247  5566  5566 E chromium: [ERROR:shell_integration_android.cc(12)] Not implemented reached in static ShellIntegration::DefaultWebClientSetPermission ShellIntegration::CanSetAsDefaultBrowser()
06-28 12:17:24.250  5566  5566 E chromium: [ERROR:browser_process_impl.cc(720)] Not implemented reached in virtual BackgroundModeManager* BrowserProcessImpl::background_mode_manager()
06-28 12:17:24.502  3218 13864 E AudioRecord-JNI: Error -4 during AudioRecord native read
06-28 12:17:26.639  5622  5630 E art     : Thread attaching while runtime is shutting down: Binder_2
06-28 12:17:26.881  5566  5612 E chromium: [ERROR:gles2_cmd_decoder.cc(3852)] [.ChromiumCompositor-0xacbb2fc0]GL ERROR :GL_INVALID_ENUM : glDiscardFramebufferEXT: attachments was GL_COLOR_EXT
06-28 12:17:27.218  5632  5645 E WPROF   : {"CSS": {"url": "http://searchengineland.com/figz/wp-content/themes/searchengineland/css/searchengineland-bootstrap.css", "requestTime": 13324.273657}}
06-28 12:17:27.227  5632  5645 E WPROF   : {"CSS": {"url": "http://fonts.googleapis.com/css?family=Oswald:300,400,700", "requestTime": 13324.282611}}
06-28 12:17:27.229  5632  5645 E WPROF   : {"CSS": {"url": "http://searchengineland.com/figz/wp-content/themes/searchengineland/style.css", "requestTime": 13324.285074}}
06-28 12:17:27.247  5632  5645 E WPROF   : {"Javascript": {"url": "http://searchengineland.com/figz/wp-content/themes/searchengineland/js/lib/modernizr.custom.js?ver=1.0", "requestTime": 13324.303067}}
06-28 12:17:27.248  5632  5645 E WPROF   : {"Javascript": {"url": "http://searchengineland.com/figz/wp-content/themes/searchengineland/js/lib/jquery-1.11.0.min.js?ver=1.11.0", "requestTime": 13324.303723}}
06-28 12:17:27.249  5632  5645 E WPROF   : {"Javascript": {"url": "http://searchengineland.com/figz/wp-content/themes/searchengineland/js/lib/jquery-ui-1.10.3.custom.min.js?ver=1.10.3", "requestTime": 13324.304293}}
06-28 12:17:27.249  5632  5645 E WPROF   : {"Javascript": {"url": "http://searchengineland.com/figz/wp-content/themes/searchengineland/js/lib/jquery.ba-throttle-debounce.min.js?ver=1.1", "requestTime": 13324.304892}}
06-28 12:17:27.250  5632  5645 E WPROF   : {"Javascript": {"url": "http://searchengineland.com/figz/wp-content/themes/searchengineland/js/lib/jquery.countdown.min.js?ver=2.0.4", "requestTime": 13324.305525}}
06-28 12:17:27.251  5632  5645 E WPROF   : {"Javascript": {"url": "http://static.chartbeat.com/js/chartbeat_mab.js", "requestTime": 13324.306362}}
06-28 12:17:27.714  5632  5645 E WPROF   : {"Javascript": {"url": "http://searchengineland.com/figz/wp-includes/js/wp-emoji-release.min.js?ver=4.7.5", "requestTime": 13324.769236}}
06-28 12:17:28.992  5632  5645 E WPROF   : {"Javascript": {"url": "http://www.googletagservices.com/tag/js/gpt.js", "requestTime": 13326.048087}}
06-28 12:17:29.027  5632  5645 E WPROF   : {"Javascript": {"url": "https://www.google-analytics.com/analytics.js", "requestTime": 13326.082887}}
06-28 12:17:29.031  5632  5645 E WPROF   : {"Javascript": {"url": "http://edge.quantserve.com/quant.js", "requestTime": 13326.086530}}
06-28 12:17:29.034  5632  5645 E WPROF   : {"Javascript": {"url": "https://connect.facebook.net/en_US/fbevents.js", "requestTime": 13326.089565}}
06-28 12:17:29.107  5566  5612 E chromium: [ERROR:gles2_cmd_decoder.cc(3852)] [.ChromiumCompositor-0xacbb2fc0]GL ERROR :GL_INVALID_ENUM : glDiscardFramebufferEXT: attachments was GL_COLOR_EXT
06-28 12:17:29.167  5632  5645 E WPROF   : {"Javascript": {"url": "http://app-sj02.marketo.com/js/forms2/js/forms2.min.js", "requestTime": 13326.222233}}
06-28 12:17:29.178  5632  5645 E WPROF   : {"Javascript": {"url": "http://searchengineland.com/js/ga_social_tracking.js", "requestTime": 13326.233547}}
06-28 12:17:29.178  5632  5645 E WPROF   : {"Javascript": {"url": "http://s7.addthis.com/js/300/addthis_widget.js#pubid=ra-53e918f660794f37", "requestTime": 13326.234079}}
06-28 12:17:29.260  5566  5612 E chromium: [ERROR:gles2_cmd_decoder.cc(3852)] [.ChromiumCompositor-0xacbb2fc0]GL ERROR :GL_INVALID_ENUM : glDiscardFramebufferEXT: attachments was GL_COLOR_EXT
06-28 12:17:29.296  5632  5645 E WPROF   : {"Javascript": {"url": "https://connect.facebook.net/signals/config/423979991297359?v=2.7.17", "requestTime": 13326.351723}}
06-28 12:17:29.301  5632  5645 E WPROF   : {"Javascript": {"url": "https://securepubads.g.doubleclick.net/gpt/pubads_impl_121.js", "requestTime": 13326.357092}}
06-28 12:17:29.546  5632  5645 E WPROF   : {"Javascript": {"url": "http://app-sj02.marketo.com/index.php/form/getForm?munchkinId=727-ZQE-044&form=5691&url=http%3A%2F%2Fsearchengineland.com%2Fcompare-6-top-content-management-systems-277117&callback=jQuery110207577232378534973_1498619849392&_=1498619849393", "requestTime": 13326.601282}}
06-28 12:17:29.596  5632  5645 E WPROF   : {"Javascript": {"url": "http://app-sj02.marketo.com/index.php/form/getForm?munchkinId=727-ZQE-044&form=5673&url=http%3A%2F%2Fsearchengineland.com%2Fcompare-6-top-content-management-systems-277117&callback=jQuery110207577232378534973_1498619849394&_=1498619849395", "requestTime": 13326.651790}}
06-28 12:17:29.741   862  1657 E LocSvc_IzatApiV02: E/virtual int izat_core::IzatApiV02::getBatchSize(int32_t):522]: Error : st = 4, ind.status = -1628389555
06-28 12:17:29.741   862  1657 E LocSvc_IzatApiV02: E/virtual int izat_core::IzatApiV02::getBatchSize(int32_t):535]: get batching size failed.Or modem does not support batching 
06-28 12:17:29.750   862  1657 E LocSvc_IzatApiV02: E/virtual int izat_core::IzatApiV02::getBatchSize(int32_t):522]: Error : st = 4, ind.status = -1628389555
06-28 12:17:29.750   862  1657 E LocSvc_IzatApiV02: E/virtual int izat_core::IzatApiV02::getBatchSize(int32_t):535]: get batching size failed.Or modem does not support batching 
06-28 12:17:29.780   862  1657 E LocSvc_IzatApiV02: E/virtual int izat_core::IzatApiV02::getBatchSize(int32_t):522]: Error : st = 4, ind.status = -1628389555
06-28 12:17:29.781   862  1657 E LocSvc_IzatApiV02: E/virtual int izat_core::IzatApiV02::getBatchSize(int32_t):535]: get batching size failed.Or modem does not support batching 
06-28 12:17:29.792   862  1657 E LocSvc_IzatApiV02: E/virtual int izat_core::IzatApiV02::getBatchSize(int32_t):522]: Error : st = 4, ind.status = -1628389555
06-28 12:17:29.793   862  1657 E LocSvc_IzatApiV02: E/virtual int izat_core::IzatApiV02::getBatchSize(int32_t):535]: get batching size failed.Or modem does not support batching 
06-28 12:17:29.858  5566  5612 E chromium: [ERROR:gles2_cmd_decoder.cc(3852)] [.ChromiumCompositor-0xacbb2fc0]GL ERROR :GL_INVALID_ENUM : glDiscardFramebufferEXT: attachments was GL_COLOR_EXT
06-28 12:17:30.134  5632  5645 E WPROF   : {"Javascript": {"url": "http://platform.twitter.com/widgets.js", "requestTime": 13327.189702}}
06-28 12:17:30.154  5632  5645 E WPROF   : {"Javascript": {"url": "http://connect.facebook.net/en_US/sdk.js", "requestTime": 13327.210066}}
06-28 12:17:30.159  5632  5645 E WPROF   : {"Javascript": {"url": "https://apis.google.com/js/platform.js", "requestTime": 13327.214771}}
06-28 12:17:30.182  5632  5645 E WPROF   : {"Javascript": {"url": "http://rules.quantcount.com/rules-p-5aGizvD82d9hk.js", "requestTime": 13327.238032}}
06-28 12:17:30.186  5632  5645 E WPROF   : {"Javascript": {"url": "http://munchkin.marketo.net/munchkin.js", "requestTime": 13327.242074}}
06-28 12:17:30.727  5632  5645 E WPROF   : {"Javascript": {"url": "http://m.addthisedge.com/live/boost/ra-53e918f660794f37/_ate.track.config_resp", "requestTime": 13327.782600}}
06-28 12:17:30.800  5632  5645 E WPROF   : {"Javascript": {"url": "http://m.addthis.com/live/red_lojson/300lo.json?si=59531fca51fe3685&bkl=0&bl=1&pdt=2377&sid=59531fca51fe3685&pub=ra-53e918f660794f37&rev=v7.15.4-wp&ln=ko&pc=men&cb=0&ab=-&dp=searchengineland.com&fp=compare-6-top-content-management-systems-277117&fr=&of=0&pd=0&irt=0&vcl=0&md=0&ct=1&tct=0&abt=0&cdn=0&", "requestTime": 13327.855530}}
06-28 12:17:30.996  5566  5612 E chromium: [ERROR:gles2_cmd_decoder.cc(3852)] [.ChromiumCompositor-0xacbb2fc0]GL ERROR :GL_INVALID_ENUM : glDiscardFramebufferEXT: attachments was GL_COLOR_EXT
06-28 12:17:31.106  5632  5645 E WPROF   : {"Javascript": {"url": "http://cdn.api.twitter.com/1/users/show.json?screen_name=DMarketingDepot&callback=twttr.setFollowersCount", "requestTime": 13328.161219}}
06-28 12:17:31.157  5632  5645 E WPROF   : {"Javascript": {"url": "http://dnn506yrbagrg.cloudfront.net/pages/scripts/0026/4062.js?416283", "requestTime": 13328.212903}}
06-28 12:17:31.508  5632  5645 E WPROF   : {"Javascript": {"url": "https://securepubads.g.doubleclick.net/gampad/ads?gdfp_req=1&correlator=1632689878728704&output=json_html&callback=googletag.impl.pubads.callbackProxy1&impl=fifs&json_a=1&eid=108809080%2C108809103%2C21060003&sc=0&sfv=1-0-9&iu_parts=1038259%2Csel-ciu-1%2Csel-ciu-2%2Csel-ciu-3%2Csel-ciu-4%2Csel-ciu-5%", "requestTime": 13328.563524}}
06-28 12:17:31.524  5632  5645 E WPROF   : {"CSS": {"url": "http://app-sj02.marketo.com/js/forms2/css/forms2.css", "requestTime": 13328.579922}}
06-28 12:17:31.527  5632  5645 E WPROF   : {"CSS": {"url": "http://app-sj02.marketo.com/js/forms2/css/forms2-theme-simple.css", "requestTime": 13328.582447}}
06-28 12:17:31.711  5632  5645 E WPROF   : {"Javascript": {"url": "https://platform.twitter.com/js/button.b731e6c82269f70f6fc53634e044a4c6.js", "requestTime": 13328.766568}}
06-28 12:17:31.716  5632  5645 E WPROF   : {"Javascript": {"url": "http://munchkin.marketo.net/151/munchkin.js", "requestTime": 13328.772107}}
06-28 12:17:31.736  5632  5645 E WPROF   : {"Javascript": {"url": "https://static.xx.fbcdn.net/rsrc.php/v3iy6L4/yk/l/ko_KR/be4fIjHRc8P.js", "requestTime": 13328.792103}}
06-28 12:17:31.990  5566  5612 E chromium: [ERROR:gles2_cmd_decoder.cc(3852)] [.ChromiumCompositor-0xacbb2fc0]GL ERROR :GL_INVALID_ENUM : glDiscardFramebufferEXT: attachments was GL_COLOR_EXT
06-28 12:17:32.327  5632  5645 E WPROF   : {"Javascript": {"url": "http://s7.addthis.com/static/layers.4acb6c577b51939661ec.js", "requestTime": 13329.382373}}
06-28 12:17:32.350  5632  5645 E WPROF   : {"CSS": {"url": "https://www.youtube.com/yts/cssbin/www-embed-player-sprite-mode-vfl5G4Xm8.css", "requestTime": 13329.405601}}
06-28 12:17:32.351  5632  5645 E WPROF   : {"Javascript": {"url": "https://www.youtube.com/yts/jsbin/www-embed-player-vfl_UY_j8/www-embed-player.js", "requestTime": 13329.406797}}
06-28 12:17:32.352  5632  5645 E WPROF   : {"Javascript": {"url": "https://www.youtube.com/yts/jsbin/player-vflo1w4O-/ko_KR/base.js", "requestTime": 13329.407237}}
06-28 12:17:32.577  5566  5612 E chromium: [ERROR:gles2_cmd_decoder.cc(3852)] [.ChromiumCompositor-0xacbb2fc0]GL ERROR :GL_INVALID_ENUM : glDiscardFramebufferEXT: attachments was GL_COLOR_EXT
06-28 12:17:32.905  5566  5612 E chromium: [ERROR:gles2_cmd_decoder.cc(3852)] [.ChromiumCompositor-0xacbb2fc0]GL ERROR :GL_INVALID_ENUM : glDiscardFramebufferEXT: attachments was GL_COLOR_EXT
06-28 12:17:33.179  5566  5612 E chromium: [ERROR:gles2_cmd_decoder.cc(3852)] [.ChromiumCompositor-0xacbb2fc0]GL ERROR :GL_INVALID_ENUM : glDiscardFramebufferEXT: attachments was GL_COLOR_EXT
06-28 12:17:34.588  5632  5645 E WPROF   : {"Javascript": {"url": "https://www.google.com/js/bg/KWBfAnWFESAEEaKKgdYlTHY9ysQaNoQuzeMFqvxDSM8.js", "requestTime": 13331.643340}}
06-28 12:17:34.590  5632  5645 E WPROF   : {"Javascript": {"url": "https://static.doubleclick.net/instream/ad_status.js", "requestTime": 13331.645835}}
06-28 12:17:34.861  5566  5612 E chromium: [ERROR:gles2_cmd_decoder.cc(3852)] [.ChromiumCompositor-0xacbb2fc0]GL ERROR :GL_INVALID_ENUM : glDiscardFramebufferEXT: attachments was GL_COLOR_EXT
06-28 12:17:36.403  5566  5612 E chromium: [ERROR:gles2_cmd_decoder.cc(3852)] [.ChromiumCompositor-0xacbb2fc0]GL ERROR :GL_INVALID_ENUM : glDiscardFramebufferEXT: attachments was GL_COLOR_EXT
06-28 12:17:37.284  5632  5645 E WProf.db: {"page": "searchengineland.com_compare-6-top-content-management-systems-277117"}
06-28 12:17:37.284  5632  5645 E WProf.db: {"DOMLoad": 13334.339836}
06-28 12:17:37.284  5632  5645 E WProf.db: {"Resource": {"id": 1, "url": "http://searchengineland.com/compare-6-top-content-management-systems-277117", "sentTime": -1.000000, "len": 78522, "from": "0x0", "mimeType": "text/html", "contentLength": -1, "httpStatus": 200, "connId": 21, "connReused": 0, "cached": 0,"requestTime": 13323.859245, "proxyStart": -1, "proxyEnd": -1, "dnsStart": 0, "dnsEnd": 27, "connectStart": 0, "connectEnd": 163, "sendStart": 163, "sendEnd": 164, "receiveHeadersEnd": 308, "sslStart": -1, "sslEnd": -1}}
06-28 12:17:37.284  5632  5645 E WProf.db: {"ReceivedChunk": {"receivedTime": 13324.184663, "len": 7711}}
06-28 12:17:37.284  5632  5645 E WProf.db: {"ReceivedChunk": {"receivedTime": 13324.256973, "len": 32768}}
06-28 12:17:37.284  5632  5645 E WProf.db: {"ReceivedChunk": {"receivedTime": 13324.257223, "len": 32310}}
06-28 12:17:37.284  5632  5645 E WProf.db: {"ReceivedChunk": {"receivedTime": 13324.306884, "len": 5733}}
06-28 12:17:37.285  5632  5645 E WProf.db: {"WprofHTMLTag": {"code": "0xaedda630", "doc": "http://searchengineland.com/compare-6-top-content-management-systems-277117", "row": 6, "column": 42, "tagName": "html", "time": 13324.258304, "url": "", "pos": 1, "chunkLen": 1, "isStartTag": 1}}
06-28 12:17:37.285  5632  5645 E WProf.db: {"WprofHTMLTag": {"code": "0xaf047820", "doc": "http://searchengineland.com/compare-6-top-content-management-systems-277117", "row": 7, "column": 6, "tagName": "head", "time": 13324.258548, "url": "", "pos": 1, "chunkLen": 1, "isStartTag": 1}}
06-28 12:17:37.285  5632  5645 E WProf.db: {"WprofHTMLTag": {"code": "0xaf047850", "doc": "http://searchengineland.com/compare-6-top-content-management-systems-277117", "row": 8, "column": 54, "tagName": "meta", "time": 13324.258597, "url": "", "pos": 1, "chunkLen": 1, "isStartTag": 1}}
06-28 12:17:37.285  5632  5645 E WProf.db: {"WprofHTMLTag": {"code": "0xaf047880", "doc": "http://searchengineland.com/compare-6-top-content-management-systems-277117", "row": 9, "column": 68, "tagName": "meta", "time": 13324.258744, "url": "", "pos": 1, "chunkLen": 1, "isStartTag": 1}}
06-28 12:17:37.285  5632  5645 E WProf.db: {"WprofHTMLTag": {"code": "0xaf0478b0", "doc": "http://searchengineland.com/compare-6-top-content-management-systems-277117", "row": 10, "column": 23, "tagName": "meta", "time": 13324.258856, "url": "", "pos": 1, "chunkLen": 1, "isStartTag": 1}}
06-28 12:17:37.285  5632  5645 E WProf.db: {"WprofHTMLTag": {"code": "0xaf0478e0", "doc": "http://searchengineland.com/compare-6-top-content-management-systems-277117", "row": 11, "column": 52, "tagName": "meta", "time": 13324.258991, "url": "", "pos": 1, "chunkLen": 1, "isStartTag": 1}}
06-28 12:17:37.285  5632  5645 E WProf.db: {"WprofHTMLTag": {"code": "0xaf047910", "doc": "http://searchengineland.com/compare-6-top-content-management-systems-277117", "row": 14, "column": 56, "tagName": "meta", "time": 13324.259124, "url": "", "pos": 1, "chunkLen": 1, "isStartTag": 1}}
06-28 12:17:37.285  5632  5645 E WProf.db: {"WprofHTMLTag": {"code": "0xaf047940", "doc": "http://searchengineland.com/compare-6-top-content-management-systems-277117", "row": 15, "column": 83, "tagName": "meta", "time": 13324.259235, "url": "", "pos": 1, "chunkLen": 1, "isStartTag": 1}}
06-28 12:17:37.285  5632  5645 E WProf.db: {"WprofHTMLTag": {"code": "0xaf047970", "doc": "http://searchengineland.com/compare-6-top-content-management-systems-277117", "row": 16, "column": 57, "tagName": "meta", "time": 13324.259346, "url": "", "pos": 1, "chunkLen": 1, "isStartTag": 1}}
06-28 12:17:37.285  5632  5645 E WProf.db: {"WprofHTMLTag": {"code": "0xaf047a00", "doc": "http://searchengineland.com/compare-6-top-content-management-systems-277117", "row": 17, "column": 41, "tagName": "meta", "time": 13324.259462, "url": "", "pos": 1, "chunkLen": 1, "isStartTag": 1}}
06-28 12:17:37.285  5632  5645 E WProf.db: {"WprofHTMLTag": {"code": "0xaf047a30", "doc": "http://searchengineland.com/compare-6-top-content-management-systems-277117", "row": 18, "column": 50, "tagName": "meta", "time": 13324.259574, "url": "", "pos": 1, "chunkLen": 1, "isStartTag": 1}}
06-28 12:17:37.285  5632  5645 E WProf.db: {"WprofHTMLTag": {"code": "0xaf047a60", "doc": "http://searchengineland.com/compare-6-top-content-management-systems-277117", "row": 19, "column": 174, "tagName": "meta", "time": 13324.259690, "url": "", "pos": 1, "chunkLen": 1, "isStartTag": 1}}
06-28 12:17:37.285  5632  5645 E WProf.db: {"WprofHTMLTag": {"code": "0xaf0479d0", "doc": "http://searchengineland.com/compare-6-top-content-management-systems-277117", "row": 20, "column": 47, "tagName": "meta", "time": 13324.259802, "url": "", "pos": 1, "chunkLen": 1, "isStartTag": 1}}
06-28 12:17:37.285  5632  5645 E WProf.db: {"WprofHTMLTag": {"code": "0xaf0479a0", "doc": "http://searchengineland.com/compare-6-top-content-management-systems-277117", "row": 21, "column": 67, "tagName": "meta", "time": 13324.259916, "url": "", "pos": 1, "chunkLen": 1, "isStartTag": 1}}
06-28 12:17:37.286  5632  5645 E WProf.db: {"WprofHTMLTag": {"code": "0xaf047a90", "doc": "http://searchengineland.com/compare-6-top-content-management-systems-277117", "row": 22, "column": 57, "tagName": "meta", "time": 13324.260084, "url": "", "pos": 1, "chunkLen": 1, "isStartTag": 1}}
06-28 12:17:37.286  5632  5645 E WProf.db: {"WprofHTMLTag": {"code": "0xaf047ac0", "doc": "http://searchengineland.com/compare-6-top-content-management-systems-277117", "row": 23, "column": 65, "tagName": "meta", "time": 13324.260209, "url": "", "pos": 1, "chunkLen": 1, "isStartTag": 1}}
06-28 12:17:37.286  5632  5645 E WProf.db: {"WprofHTMLTag": {"code": "0xaf047af0", "doc": "http://searchengineland.com/compare-6-top-content-management-systems-277117", "row": 24, "column": 55, "tagName": "meta", "time": 13324.260629, "url": "", "pos": 1, "chunkLen": 1, "isStartTag": 1}}
06-28 12:17:37.286  5632  5645 E WProf.db: {"WprofHTMLTag": {"code": "0xaf047b20", "doc": "http://searchengineland.com/compare-6-top-content-management-systems-277117", "row": 25, "column": 71, "tagName": "meta", "time": 13324.260742, "url": "", "pos": 1, "chunkLen": 1, "isStartTag": 1}}
06-28 12:17:37.286  5632  5645 E WProf.db: {"WprofHTMLTag": {"code": "0xaf047b50", "doc": "http://searchengineland.com/compare-6-top-content-management-systems-277117", "row": 26, "column": 86, "tagName": "meta", "time": 13324.260852, "url": "", "pos": 1, "chunkLen": 1, "isStartTag": 1}}
06-28 12:17:37.286  5632  5645 E WProf.db: {"WprofHTMLTag": {"code": "0xaf047b80", "doc": "http://searchengineland.com/compare-6-top-content-management-systems-277117", "row": 27, "column": 54, "tagName": "meta", "time": 13324.260967, "url": "", "pos": 1, "chunkLen": 1, "isStartTag": 1}}
06-28 12:17:37.286  5632  5645 E WProf.db: {"WprofHTMLTag": {"code": "0xaf047bb0", "doc": "http://searchengineland.com/compare-6-top-content-management-systems-277117", "row": 29, "column": 39, "tagName": "meta", "time": 13324.261073, "url": "", "pos": 1, "chunkLen": 1, "isStartTag": 1}}
06-28 12:17:37.286  5632  5645 E WProf.db: {"WprofHTMLTag": {"code": "0xaf047be0", "doc": "http://searchengineland.com/compare-6-top-content-management-systems-277117", "row": 30, "column": 180, "tagName": "meta", "time": 13324.261196, "url": "", "pos": 1, "chunkLen": 1, "isStartTag": 1}}
06-28 12:17:37.287  5632  5645 E WProf.db: {"WprofHTMLTag": {"code": "0xaf047c10", "doc": "http://searchengineland.com/compare-6-top-content-management-systems-277117", "row": 31, "column": 55, "tagName": "meta", "time": 13324.261301, "url": "", "pos": 1, "chunkLen": 1, "isStartTag": 1}}
06-28 12:17:37.287  5632  5645 E WProf.db: {"WprofHTMLTag": {"code": "0xaf047c40", "doc": "http://searchengineland.com/compare-6-top-content-management-systems-277117", "row": 32, "column": 54, "tagName": "meta", "time": 13324.261404, "url": "", "pos": 1, "chunkLen": 1, "isStartTag": 1}}
06-28 12:17:37.287  5632  5645 E WProf.db: {"WprofHTMLTag": {"code": "0xaf047c70", "doc": "http://searchengineland.com/compare-6-top-content-management-systems-277117", "row": 33, "column": 130, "tagName": "meta", "time": 13324.261515, "url": "", "pos": 1, "chunkLen": 1, "isStartTag": 1}}
06-28 12:17:37.288  5632  5645 E WProf.db: {"WprofHTMLTag": {"code": "0xaf047ca0", "doc": "http://searchengineland.com/compare-6-top-content-management-systems-277117", "row": 37, "column": 36, "tagName": "script", "time": 13324.261623, "url": "", "pos": 1, "chunkLen": 1, "isStartTag": 1}}
06-28 12:17:37.288  5632  5645 E WProf.db: {"WprofHTMLTag": {"code": "0xaf047cd0", "doc": "http://searchengineland.com/compare-6-top-content-management-systems-277117", "row": 53, "column": 10, "tagName": "script", "time": 13324.261905, "url": "", "pos": 1, "chunkLen": 1, "isStartTag": 0}}
06-28 12:17:37.288  5632  5645 E WProf.db: {"WprofHTMLTag": {"code": "0xaedda660", "doc": "http://searchengineland.com/compare-6-top-content-management-systems-277117", "row": 55, "column": 86, "tagName": "link", "time": 13324.263492, "url": "http://searchengineland.com/apple-touch-icon.png", "pos": 1, "chunkLen": 1, "isStartTag": 1}}
06-28 12:17:37.288  5632  5645 E WProf.db: {"WprofHTMLTag": {"code": "0xaf047d00", "doc": "http://searchengineland.com/compare-6-top-content-management-systems-277117", "row": 56, "column": 76, "tagName": "link", "time": 13324.264878, "url": "http://searchengineland.com/favicon.ico", "pos": 1, "chunkLen": 1, "isStartTag": 1}}
06-28 12:17:37.288  5632  5645 E WProf.db: {"WprofHTMLTag": {"code": "0xaf047d30", "doc": "http://searchengineland.com/compare-6-top-content-management-systems-277117", "row": 57, "column": 158, "tagName": "link", "time": 13324.265858, "url": "http://feeds.searchengineland.com/searchengineland", "pos": 1, "chunkLen": 1, "isStartTag": 1}}
06-28 12:17:37.288  5632  5645 E WProf.db: {"WprofHTMLTag": {"code": "0xaf047d60", "doc": "http://searchengineland.com/compare-6-top-content-management-systems-277117", "row": 58, "column": 149, "tagName": "link", "time": 13324.267275, "url": "http://feeds.searchengineland.com/searchcap", "pos": 1, "chunkLen": 1, "isStartTag": 1}}
06-28 12:17:37.288  5632  5645 E WProf.db: {"WprofHTMLTag": {"code": "0xaf047d90", "doc": "http://searchengineland.com/compare-6-top-content-management-systems-277117", "row": 59, "column": 150, "tagName": "link", "time": 13324.272154, "url": "http://searchengineland.com/figz/wp-content/themes/searchengineland/css/searchengineland-bootstrap.css", "pos": 1, "chunkLen": 1, "isStartTag": 1}}
06-28 12:17:37.289  5632  5645 E WProf.db: {"WprofHTMLTag": {"code": "0xaf047df0", "doc": "http://searchengineland.com/compare-6-top-content-management-systems-277117", "row": 60, "column": 105, "tagName": "link", "time": 13324.279324, "url": "http://fonts.googleapis.com/css?family=Oswald:300,400,700", "pos": 1, "chunkLen": 1, "isStartTag": 1}}
06-28 12:17:37.289  5632  5645 E WProf.db: {"WprofHTMLTag": {"code": "0xaf047e50", "doc": "http://searchengineland.com/compare-6-top-content-management-systems-277117", "row": 61, "column": 125, "tagName": "link", "time": 13324.283861, "url": "http://searchengineland.com/figz/wp-content/themes/searchengineland/style.css", "pos": 1, "chunkLen": 1, "isStartTag": 1}}
06-28 12:17:37.289  5632  5645 E WProf.db: {"WprofHTMLTag": {"code": "0xaf047eb0", "doc": "http://searchengineland.com/compare-6-top-content-management-systems-277117", "row": 65, "column": 7, "tagName": "title", "time": 13324.286244, "url": "", "pos": 1, "chunkLen": 1, "isStartTag": 1}}
06-28 12:17:37.289  5632  5645 E WProf.db: {"WprofHTMLTag": {"code": "0xaf047ee0", "doc": "http://searchengineland.com/compare-6-top-content-management-systems-277117", "row": 65, "column": 55, "tagName": "title", "time": 13324.287075, "url": "", "pos": 1, "chunkLen": 1, "isStartTag": 0}}
06-28 12:17:37.289  5632  5645 E WProf.db: {"WprofHTMLTag": {"code": "0xaf047f10", "doc": "http://searchengineland.com/compare-6-top-content-management-systems-277117", "row": 66, "column": 192, "tagName": "meta", "time": 13324.287159, "url": "", "pos": 1, "chunkLen": 1, "isStartTag": 1}}
06-28 12:17:37.289  5632  5645 E WProf.db: {"WprofHTMLTag": {"code": "0xaf047f40", "doc": "http://searchengineland.com/compare-6-top-content-management-systems-277117", "row": 67, "column": 40, "tagName": "meta", "time": 13324.287696, "url": "", "pos": 1, "chunkLen": 1, "isStartTag": 1}}
06-28 12:17:37.289  5632  5645 E WProf.db: {"WprofHTMLTag": {"code": "0xaf047f70", "doc": "http://searchengineland.com/compare-6-top-content-management-systems-277117", "row": 68, "column": 117, "tagName": "meta", "time": 13324.288121, "url": "", "pos": 1, "chunkLen": 1, "isStartTag": 1}}
06-28 12:17:37.290  5632  5645 E WProf.db: {"WprofHTMLTag": {"code": "0xaf047fa0", "doc": "http://searchengineland.com/compare-6-top-content-management-systems-277117", "row": 69, "column": 48, "tagName": "meta", "time": 13324.288629, "url": "", "pos": 1, "chunkLen": 1, "isStartTag": 1}}
06-28 12:17:37.290  5632  5645 E WProf.db: {"WprofHTMLTag": {"code": "0xaf047fd0", "doc": "http://searchengineland.com/compare-6-top-content-management-systems-277117", "row": 70, "column": 37, "tagName": "meta", "time": 13324.289202, "url": "", "pos": 1, "chunkLen": 1, "isStartTag": 1}}
06-28 12:17:37.290  5632  5645 E WProf.db: {"WprofHTMLTag": {"code": "0xb4cc74b0", "doc": "http://searchengineland.com/compare-6-top-content-management-systems-277117", "row": 71, "column": 107, "tagName": "link", "time": 13324.289617, "url": "http://searchengineland.com/compare-6-top-content-management-systems-277117", "pos": 1, "chunkLen": 1, "isStartTag": 1}}
06-28 12:17:37.290  5632  5645 E WProf.db: {"WprofHTMLTag": {"code": "0xb4cc7540", "doc": "http://searchengineland.com/compare-6-top-content-management-systems-277117", "row": 72, "column": 76, "tagName": "link", "time": 13324.290561, "url": "https://plus.google.com/103218677032751327334", "pos": 1, "chunkLen": 1, "isStartTag": 1}}
06-28 12:17:37.290  5632  5645 E WProf.db: {"WprofHTMLTag": {"code": "0xb4cc78a0", "doc": "http://searchengineland.com/compare-6-top-content-management-systems-277117", "row": 73, "column": 45, "tagName": "meta", "time": 13324.291454, "url": "", "pos": 1, "chunkLen": 1, "isStartTag": 1}}
06-28 12:17:37.290  5632  5645 E WProf.db: {"WprofHTMLTag": {"code": "0xb4cc78d0", "doc": "http://searchengineland.com/compare-6-top-content-management-systems-277117", "row": 74, "column": 45, "tagName": "meta", "time": 13324.291981, "url": "", "pos": 1, "chunkLen": 1, "isStartTag": 1}}
06-28 12:17:37.290  5632  5645 E WProf.db: {"WprofHTMLTag": {"code": "0xb4cc7900", "doc": "http://searchengineland.com/compare-6-top-content-management-systems-277117", "row": 75, "column": 79, "tagName": "meta", "time": 13324.292500, "url": "", "pos": 1, "chunkLen": 1, "isStartTag": 1}}
06-28 12:17:37.290  5632  5645 E WProf.db: {"WprofHTMLTag": {"code": "0xb4cc7930", "doc": "http://searchengineland.com/compare-6-top-content-management-systems-277117", "row": 76, "column": 200, "tagName": "meta", "time": 13324.293010, "url": "", "pos": 1, "chunkLen": 1, "isStartTag": 1}}
06-28 12:17:37.290  5632  5645 E WProf.db: {"WprofHTMLTag": {"code": "0xb4cc7960", "doc": "http://searchengineland.com/compare-6-top-content-management-systems-277117", "row": 77, "column": 112, "tagName": "meta", "time": 13324.293526, "url": "", "pos": 1, "chunkLen": 1, "isStartTag": 1}}
06-28 12:17:37.290  5632  5645 E WProf.db: {"WprofHTMLTag": {"code": "0xb4cc7990", "doc": "http://searchengineland.com/compare-6-top-content-management-systems-277117", "row": 78, "column": 61, "tagName": "meta", "time": 13324.294032, "url": "", "pos": 1, "chunkLen": 1, "isStartTag": 1}}
06-28 12:17:37.290  5632  5645 E WProf.db: {"WprofHTMLTag": {"code": "0xb4cc79c0", "doc": "http://searchengineland.com/compare-6-top-content-management-systems-277117", "row": 79, "column": 89, "tagName": "meta", "time": 13324.294559, "url": "", "pos": 1, "chunkLen": 1, "isStartTag": 1}}
06-28 12:17:37.290  5632  5645 E WProf.db: {"WprofHTMLTag": {"code": "0xb4cc79f0", "doc": "http://searchengineland.com/compare-6-top-content-management-systems-277117", "row": 80, "column": 63, "tagName": "meta", "time": 13324.295021, "url": "", "pos": 1, "chunkLen": 1, "isStartTag": 1}}
06-28 12:17:37.290  5632  5645 E WProf.db: {"WprofHTMLTag": {"code": "0xb4cc7a20", "doc": "http://searchengineland.com/compare-6-top-content-management-systems-277117", "row": 81, "column": 78, "tagName": "meta", "time": 13324.298617, "url": "", "pos": 1, "chunkLen": 1, "isStartTag": 1}}
06-28 12:17:37.290  5632  5645 E WProf.db: {"WprofHTMLTag": {"code": "0xb4cc7a50", "doc": "http://searchengineland.com/compare-6-top-content-management-systems-277117", "row": 82, "column": 124, "tagName": "meta", "time": 13324.299063, "url": "", "pos": 1, "chunkLen": 1, "isStartTag": 1}}
06-28 12:17:37.291  5632  5645 E WProf.db: {"WprofHTMLTag": {"code": "0xb4cc7a80", "doc": "http://searchengineland.com/compare-6-top-content-management-systems-277117", "row": 83, "column": 49, "tagName": "meta", "time": 13324.299480, "url": "", "pos": 1, "chunkLen": 1, "isStartTag": 1}}
06-28 12:17:37.291  5632  5645 E WProf.db: {"WprofHTMLTag": {"code": "0xb4cc7ab0", "doc": "http://searchengineland.com/compare-6-top-content-management-systems-277117", "row": 84, "column": 50, "tagName": "meta", "time": 13324.299897, "url": "", "pos": 1, "chunkLen": 1, "isStartTag": 1}}
06-28 12:17:37.291  5632  5645 E WProf.db: {"WprofHTMLTag": {"code": "0xb4cc7ae0", "doc": "http://searchengineland.com/compare-6-top-content-management-systems-277117", "row": 85, "column": 58, "tagName": "meta", "time": 13324.300618, "url": "", "pos": 1, "chunkLen": 1, "isStartTag": 1}}
06-28 12:17:37.291  5632  5645 E WProf.db: {"WprofHTMLTag": {"code": "0xb4cc7b10", "doc": "http://searchengineland.com/compare-6-top-content-management-systems-277117", "row": 86, "column": 201, "tagName": "meta", "time": 13324.300781, "url": "", "pos": 1, "chunkLen": 1, "isStartTag": 1}}
06-28 12:17:37.291  5632  5645 E WProf.db: {"WprofHTMLTag": {"code": "0xb4cc7b40", "doc": "http://searchengineland.com/compare-6-top-content-management-systems-277117", "row": 87, "column": 80, "tagName": "meta", "time": 13324.301024, "url": "", "pos": 1, "chunkLen": 1, "isStartTag": 1}}
06-28 12:17:37.291  5632  5645 E WProf.db: {"WprofHTMLTag": {"code": "0xb4cc7b70", "doc": "http://searchengineland.com/compare-6-top-content-management-systems-277117", "row": 88, "column": 51, "tagName": "meta", "time": 13324.301171, "url": "", "pos": 1, "chunkLen": 1, "isStartTag": 1}}
06-28 12:17:37.291  5632  5645 E WProf.db: {"WprofHTMLTag": {"code": "0xb4cc7ba0", "doc": "http://searchengineland.com/compare-6-top-content-management-systems-277117", "row": 89, "column": 125, "tagName": "meta", "time": 13324.301327, "url": "", "pos": 1, "chunkLen": 1, "isStartTag": 1}}
06-28 12:17:37.291  5632  5645 E WProf.db: {"WprofHTMLTag": {"code": "0xb4cc7bd0", "doc": "http://searchengineland.com/compare-6-top-content-management-systems-277117", "row": 90, "column": 58, "tagName": "meta", "time": 13324.301496, "url": "", "pos": 1, "chunkLen": 1, "isStartTag": 1}}
06-28 12:17:37.291  5632  5645 E WProf.db: {"WprofHTMLTag": {"code": "0xb4cc7c00", "doc": "http://searchengineland.com/compare-6-top-content-management-systems-277117", "row": 93, "column": 44, "tagName": "link", "time": 13324.301662, "url": "http://s.w.org/", "pos": 1, "chunkLen": 1, "isStartTag": 1}}
06-28 12:17:37.291  5632  5645 E WProf.db: {"WprofHTMLTag": {"code": "0xb4cc7c30", "doc": "http://searchengineland.com/compare-6-top-content-management-systems-277117", "row": 94, "column": 33, "tagName": "script", "time": 13324.301986, "url": "", "pos": 1, "chunkLen": 1, "isStartTag": 1}}
06-28 12:17:37.291  5632  5645 E WProf.db: {"WprofHTMLTag": {"code": "0xb4cc7c60", "doc": "http://searchengineland.com/compare-6-top-content-management-systems-277117", "row": 97, "column": 11, "tagName": "script", "time": 13324.302412, "url": "http://searchengineland.com/figz/wp-includes/js/wp-emoji-release.min.js?ver=4.7.5", "pos": 1, "chunkLen": 1, "isStartTag": 0}}
06-28 12:17:37.291  5632  5645 E WProf.db: {"WprofHTMLTag": {"code": "0x9d502990", "doc": "http://searchengineland.com/compare-6-top-content-management-systems-277117", "row": 98, "column": 25, "tagName": "style", "time": 13324.770057, "url": "", "pos": 1, "chunkLen": 1, "isStartTag": 1}}
06-28 12:17:37.292  5632  5645 E WProf.db: {"WprofHTMLTag": {"code": "0x9d5029c0", "doc": "http://searchengineland.com/compare-6-top-content-management-systems-277117", "row": 111, "column": 8, "tagName": "style", "time": 13324.770294, "url": "", "pos": 1, "chunkLen": 1, "isStartTag": 0}}
06-28 12:17:37.292  5632  5645 E WProf.db: {"WprofHTMLTag": {"code": "0x9d5029f0", "doc": "http://searchengineland.com/compare-6-top-content-management-systems-277117", "row": 112, "column": 140, "tagName": "script", "time": 13324.771769, "url": "http://searchengineland.com/figz/wp-content/themes/searchengineland/js/lib/modernizr.custom.js?ver=1.0", "pos": 1, "chunkLen": 1, "isStartTag": 1}}
06-28 12:17:37.293  5632  5645 E WProf.db: {"WprofHTMLTag": {"code": "0x9d502a20", "doc": "http://searchengineland.com/compare-6-top-content-management-systems-277117", "row": 112, "column": 149, "tagName": "script", "time": 13324.771997, "url": "", "pos": 1, "chunkLen": 1, "isStartTag": 0}}
06-28 12:17:37.293  5632  5645 E WProf.db: {"WprofHTMLTag": {"code": "0x9d502ab0", "doc": "http://searchengineland.com/compare-6-top-content-management-systems-277117", "row": 113, "column": 144, "tagName": "script", "time": 13324.778808, "url": "http://searchengineland.com/figz/wp-content/themes/searchengineland/js/lib/jquery-1.11.0.min.js?ver=1.11.0", "pos": 1, "chunkLen": 1, "isStartTag": 1}}
06-28 12:17:37.293  5632  5645 E WProf.db: {"WprofHTMLTag": {"code": "0x9d502ae0", "doc": "http://searchengineland.com/compare-6-top-content-management-systems-277117", "row": 113, "column": 153, "tagName": "script", "time": 13324.779065, "url": "", "pos": 1, "chunkLen": 1, "isStartTag": 0}}
06-28 12:17:37.293  5632  5645 E WProf.db: {"WprofHTMLTag": {"code": "0xaeddab40", "doc": "http://searchengineland.com/compare-6-top-content-management-systems-277117", "row": 0, "column": 15, "tagName": "div", "time": 13324.902830, "url": "", "pos": 15, "chunkLen": 44, "isStartTag": 1}}
06-28 12:17:37.293  5632  5645 E WProf.db: {"WprofHTMLTag": {"code": "0xaeddabd0", "doc": "http://searchengineland.com/compare-6-top-content-management-systems-277117", "row": 0, "column": 21, "tagName": "div", "time": 13324.902958, "url": "", "pos": 21, "chunkLen": 44, "isStartTag": 0}}
06-28 12:17:37.294  5632  5645 E WProf.db: {"WprofHTMLTag": {"code": "0xaeddadb0", "doc": "http://searchengineland.com/compare-6-top-content-management-systems-277117", "row": 0, "column": 38, "tagName": "div", "time": 13324.903018, "url": "", "pos": 38, "chunkLen": 44, "isStartTag": 1}}
06-28 12:17:37.294  5632  5645 E WProf.db: {"WprofHTMLTag": {"code": "0x9d502a80", "doc": "http://searchengineland.com/compare-6-top-content-management-systems-277117", "row": 0, "column": 44, "tagName": "div", "time": 13324.903125, "url": "", "pos": 44, "chunkLen": 44, "isStartTag": 0}}
06-28 12:17:37.294  5632  5645 E WProf.db: {"WprofHTMLTag": {"code": "0xaeddad80", "doc": "http://searchengineland.com/compare-6-top-content-management-systems-277117", "row": 0, "column": 13, "tagName": "select", "time": 13324.904604, "url": "", "pos": 13, "chunkLen": 51, "isStartTag": 1}}
06-28 12:17:37.295  5632  5645 E WProf.db: {"WprofHTMLTag": {"code": "0xaeddad50", "doc": "http://searchengineland.com/compare-6-top-content-management-systems-277117", "row": 0, "column": 33, "tagName": "option", "time": 13324.904794, "url": "", "pos": 33, "chunkLen": 51, "isStartTag": 1}}
06-28 12:17:37.295  5632  5645 E WProf.db: {"WprofHTMLTag": {"code": "0x9d502b40", "doc": "http://searchengineland.com/compare-6-top-content-management-systems-277117", "row": 0, "column": 42, "tagName": "option", "time": 13324.905007, "url": "", "pos": 42, "chunkLen": 51, "isStartTag": 0}}
06-28 12:17:37.295  5632  5645 E WProf.db: {"WprofHTMLTag": {"code": "0x9d502b70", "doc": "http://searchengineland.com/compare-6-top-content-management-systems-277117", "row": 0, "column": 51, "tagName": "select", "time": 13324.905067, "url": "", "pos": 51, "chunkLen": 51, "isStartTag": 0}}
06-28 12:17:37.295  5632  5645 E WProf.db: {"WprofHTMLTag": {"code": "0x9d502ba0", "doc": "http://searchengineland.com/compare-6-top-content-management-systems-277117", "row": 0, "column": 12, "tagName": "a", "time": 13324.911486, "url": "", "pos": 12, "chunkLen": 16, "isStartTag": 1}}
06-28 12:17:37.295  5632  5645 E WProf.db: {"WprofHTMLTag": {"code": "0x9d502bd0", "doc": "http://searchengineland.com/compare-6-top-content-management-systems-277117", "row": 0, "column": 16, "tagName": "a", "time": 13324.911661, "url": "", "pos": 16, "chunkLen": 16, "isStartTag": 0}}
06-28 12:17:37.295  5632  5645 E WProf.db: {"WprofHTMLTag": {"code": "0x9d502c00", "doc": "http://searchengineland.com/compare-6-top-content-management-systems-277117", "row": 0, "column": 8, "tagName": "input", "time": 13324.912709, "url": "", "pos": 8, "chunkLen": 8, "isStartTag": 1}}
06-28 12:17:37.295  5632  5645 E WProf.db: {"WprofHTMLTag": {"code": "0x9d502c30", "doc": "http://searchengineland.com/compare-6-top-content-management-systems-277117", "row": 0, "column": 9, "tagName": "link", "time": 13324.922423, "url": "", "pos": 9, "chunkLen": 42, "isStartTag": 1}}
06-28 12:17:37.296  5632  5645 E WProf.db: {"WprofHTMLTag": {"code": "0x9d502c60", "doc": "http://searchengineland.com/compare-6-top-content-management-systems-277117", "row": 0, "column": 16, "tagName": "table", "time": 13324.922541, "url": "", "pos": 16, "chunkLen": 42, "isStartTag": 1}}
06-28 12:17:37.296  5632  5645 E WProf.db: {"WprofHTMLTag": {"code": "0x9d502c90", "doc": "http://searchengineland.com/compare-6-top-content-management-systems-277117", "row": 0, "column": 24, "tagName": "table", "time": 13324.922644, "url": "", "pos": 24, "chunkLen": 42, "isStartTag": 0}}
06-28 12:17:37.296  5632  5645 E WProf.db: {"WprofHTMLTag": {"code": "0x9d502cc0", "doc": "http://searchengineland.com/compare-6-top-content-management-systems-277117", "row": 0, "column": 37, "tagName": "a", "time": 13324.922707, "url": "", "pos": 37, "chunkLen": 42, "isStartTag": 1}}
06-28 12:17:37.296  5632  5645 E WProf.db: {"WprofHTMLTag": {"code": "0x9d502cf0", "doc": "http://searchengineland.com/compare-6-top-content-management-systems-277117", "row": 0, "column": 42, "tagName": "a", "time": 13324.922874, "url": "", "pos": 42, "chunkLen": 42, "isStartTag": 0}}
06-28 12:17:37.296  5632  5645 E WProf.db: {"WprofHTMLTag": {"code": "0x9d502d80", "doc": "http://searchengineland.com/compare-6-top-content-management-systems-277117", "row": 0, "column": 10, "tagName": "textarea", "time": 13324.923963, "url": "", "pos": 10, "chunkLen": 22, "isStartTag": 1}}
06-28 12:17:37.296  5632  5645 E WProf.db: {"WprofHTMLTag": {"code": "0x9d502db0", "doc": "http://searchengineland.com/compare-6-top-content-management-systems-277117", "row": 0, "column": 22, "tagName": "textarea", "time": 13324.924133, "url": "", "pos": 22, "chunkLen": 22, "isStartTag": 0}}
06-28 12:17:37.297  5632  5645 E WProf.db: {"WprofHTMLTag": {"code": "0x9d502de0", "doc": "http://searchengineland.com/compare-6-top-content-management-systems-277117", "row": 0, "column": 48, "tagName": "input", "time": 13324.925200, "url": "", "pos": 48, "chunkLen": 48, "isStartTag": 1}}
06-28 12:17:37.297  5632  5645 E WProf.db: {"WprofHTMLTag": {"code": "0x9d502e40", "doc": "http://searchengineland.com/compare-6-top-content-management-systems-277117", "row": 0, "column": 9, "tagName": "link", "time": 13324.929186, "url": "", "pos": 9, "chunkLen": 66, "isStartTag": 1}}
06-28 12:17:37.297  5632  5645 E WProf.db: {"WprofHTMLTag": {"code": "0x9d502e70", "doc": "http://searchengineland.com/compare-6-top-content-management-systems-277117", "row": 0, "column": 16, "tagName": "table", "time": 13324.929295, "url": "", "pos": 16, "chunkLen": 66, "isStartTag": 1}}
06-28 12:17:37.297  5632  5645 E WProf.db: {"WprofHTMLTag": {"code": "0x9d502ea0", "doc": "http://searchengineland.com/compare-6-top-content-management-systems-277117", "row": 0, "column": 24, "tagName": "table", "time": 13324.929363, "url": "", "pos": 24, "chunkLen": 66, "isStartTag": 0}}
06-28 12:17:37.297  5632  5645 E WProf.db: {"WprofHTMLTag": {"code": "0x9d502ed0", "doc": "http://searchengineland.com/compare-6-top-content-management-systems-277117", "row": 0, "column": 37, "tagName": "a", "time": 13324.929426, "url": "", "pos": 37, "chunkLen": 66, "isStartTag": 1}}
06-28 12:17:37.297  5632  5645 E WProf.db: {"WprofHTMLTag": {"code": "0x9d502f00", "doc": "http://searchengineland.com/compare-6-top-content-management-systems-277117", "row": 0, "column": 42, "tagName": "a", "time": 13324.929586, "url": "", "pos": 42, "chunkLen": 66, "isStartTag": 0}}
06-28 12:17:37.297  5632  5645 E WProf.db: {"WprofHTMLTag": {"code": "0x9d502f30", "doc": "http://searchengineland.com/compare-6-top-content-management-systems-277117", "row": 0, "column": 66, "tagName": "input", "time": 13324.929653, "url": "", "pos": 66, "chunkLen": 66, "isStartTag": 1}}
06-28 12:17:37.297  5632  5645 E WProf.db: {"WprofHTMLTag": {"code": "0x9d502fc0", "doc": "http://searchengineland.com/compare-6-top-content-management-systems-277117", "row": 0, "column": 9, "tagName": "link", "time": 13324.931337, "url": "", "pos": 9, "chunkLen": 66, "isStartTag": 1}}
06-28 12:17:37.297  5632  5645 E WProf.db: {"WprofHTMLTag": {"code": "0x9d502ff0", "doc": "http://searchengineland.com/compare-6-top-content-management-systems-277117", "row": 0, "column": 16, "tagName": "table", "time": 13324.931441, "url": "", "pos": 16, "chunkLen": 66, "isStartTag": 1}}
06-28 12:17:37.297  5632  5645 E WProf.db: {"WprofHTMLTag": {"code": "0x9d503020", "doc": "http://searchengineland.com/compare-6-top-content-management-systems-277117", "row": 0, "column": 24, "tagName": "table", "time": 13324.931519, "url": "", "pos": 24, "chunkLen": 66, "isStartTag": 0}}
06-28 12:17:37.298  5632  5645 E WProf.db: {"WprofHTMLTag": {"code": "0x9d503050", "doc": "http://searchengineland.com/compare-6-top-content-management-systems-277117", "row": 0, "column": 37, "tagName": "a", "time": 13324.931576, "url": "", "pos": 37, "chunkLen": 66, "isStartTag": 1}}
06-28 12:17:37.298  5632  5645 E WProf.db: {"WprofHTMLTag": {"code": "0x9d503080", "doc": "http://searchengineland.com/compare-6-top-content-management-systems-277117", "row": 0, "column": 42, "tagName": "a", "time": 13324.931732, "url": "", "pos": 42, "chunkLen": 66, "isStartTag": 0}}
06-28 12:17:37.298  5632  5645 E WProf.db: {"WprofHTMLTag": {"code": "0x9d5030b0", "doc": "http://searchengineland.com/compare-6-top-content-management-systems-277117", "row": 0, "column": 66, "tagName": "input", "time": 13324.931791, "url": "", "pos": 66, "chunkLen": 66, "isStartTag": 1}}
06-28 12:17:37.298  5632  5645 E WProf.db: {"WprofHTMLTag": {"code": "0x9d503110", "doc": "http://searchengineland.com/compare-6-top-content-management-systems-277117", "row": 0, "column": 9, "tagName": "link", "time": 13324.936773, "url": "", "pos": 9, "chunkLen": 66, "isStartTag": 1}}
06-28 12:17:37.298  5632  5645 E WProf.db: {"WprofHTMLTag": {"code": "0x9d503140", "doc": "http://searchengineland.com/compare-6-top-content-management-systems-277117", "row": 0, "column": 16, "tagName": "table", "time": 13324.936890, "url": "", "pos": 16, "chunkLen": 66, "isStartTag": 1}}
06-28 12:17:37.298  5632  5645 E WProf.db: {"WprofHTMLTag": {"code": "0x9d503170", "doc": "http://searchengineland.com/compare-6-top-content-management-systems-277117", "row": 0, "column": 24, "tagName": "table", "time": 13324.936967, "url": "", "pos": 24, "chunkLen": 66, "isStartTag": 0}}
06-28 12:17:37.298  5632  5645 E WProf.db: {"WprofHTMLTag": {"code": "0x9d5031a0", "doc": "http://searchengineland.com/compare-6-top-content-management-systems-277117", "row": 0, "column": 37, "tagName": "a", "time": 13324.937031, "url": "", "pos": 37, "chunkLen": 66, "isStartTag": 1}}
06-28 12:17:37.298  5632  5645 E WProf.db: {"WprofHTMLTag": {"code": "0x9d5031d0", "doc": "http://searchengineland.com/compare-6-top-content-management-systems-277117", "row": 0, "column": 42, "tagName": "a", "time": 13324.937210, "url": "", "pos": 42, "chunkLen": 66, "isStartTag": 0}}
06-28 12:17:37.298  5632  5645 E WProf.db: {"WprofHTMLTag": {"code": "0x9d503200", "doc": "http://searchengineland.com/compare-6-top-content-management-systems-277117", "row": 0, "column": 66, "tagName": "input", "time": 13324.937270, "url": "", "pos": 66, "chunkLen": 66, "isStartTag": 1}}
06-28 12:17:37.298  5632  5645 E WProf.db: {"WprofHTMLTag": {"code": "0x9d503320", "doc": "http://searchengineland.com/compare-6-top-content-management-systems-277117", "row": 114, "column": 154, "tagName": "script", "time": 13324.949011, "url": "http://searchengineland.com/figz/wp-content/themes/searchengineland/js/lib/jquery-ui-1.10.3.custom.min.js?ver=1.10.3", "pos": 67, "chunkLen": 67, "isStartTag": 1}}
06-28 12:17:37.299  5632  5645 E WProf.db: {"WprofHTMLTag": {"code": "0x9d503350", "doc": "http://searchengineland.com/compare-6-top-content-management-systems-277117", "row": 114, "column": 163, "tagName": "script", "time": 13324.949256, "url": "", "pos": 67, "chunkLen": 67, "isStartTag": 0}}
06-28 12:17:37.299  5632  5645 E WProf.db: {"WprofHTMLTag": {"code": "0xaeddae70", "doc": "http://searchengineland.com/compare-6-top-content-management-systems-277117", "row": 0, "column": 111, "tagName": "div", "time": 13325.941051, "url": "", "pos": 111, "chunkLen": 117, "isStartTag": 1}}
06-28 12:17:37.299  5632  5645 E WProf.db: {"WprofHTMLTag": {"code": "0xaeddaf00", "doc": "http://searchengineland.com/compare-6-top-content-management-systems-277117", "row": 0, "column": 117, "tagName": "div", "time": 13325.941233, "url": "", "pos": 117, "chunkLen": 117, "isStartTag": 0}}
06-28 12:17:37.299  5632  5645 E WProf.db: {"WprofHTMLTag": {"code": "0x9d503740", "doc": "http://searchengineland.com/compare-6-top-content-management-systems-277117", "row": 115, "column": 155, "tagName": "script", "time": 13326.036751, "url": "http://searchengineland.com/figz/wp-content/themes/searchengineland/js/lib/jquery.ba-throttle-debounce.min.js?ver=1.1", "pos": 118, "chunkLen": 118, "isStartTag": 1}}
06-28 12:17:37.299  5632  5645 E WProf.db: {"WprofHTMLTag": {"code": "0x9d503770", "doc": "http://searchengineland.com/compare-6-top-content-management-systems-277117", "row": 115, "column": 164, "tagName": "script", "time": 13326.037136, "url": "", "pos": 118, "chunkLen": 118, "isStartTag": 0}}
06-28 12:17:37.299  5632  5645 E WProf.db: {"WprofHTMLTag": {"code": "0x9d5037a0", "doc": "http://searchengineland.com/compare-6-top-content-management-systems-277117", "row": 116, "column": 146, "tagName": "script", "time": 13326.038926, "url": "http://searchengineland.com/figz/wp-content/themes/searchengineland/js/lib/jquery.countdown.min.js?ver=2.0.4", "pos": 118, "chunkLen": 118, "isStartTag": 1}}
06-28 12:17:37.299  5632  5645 E WProf.db: {"WprofHTMLTag": {"code": "0x9d5037d0", "doc": "http://searchengineland.com/compare-6-top-content-management-systems-277117", "row": 116, "column": 155, "tagName": "script", "time": 13326.039287, "url": "", "pos": 118, "chunkLen": 118, "isStartTag": 0}}
06-28 12:17:37.299  5632  5645 E WProf.db: {"WprofHTMLTag": {"code": "0x9d503a40", "doc": "http://searchengineland.com/compare-6-top-content-management-systems-277117", "row": 117, "column": 77, "tagName": "link", "time": 13326.044715, "url": "http://searchengineland.com/wp-json/", "pos": 118, "chunkLen": 118, "isStartTag": 1}}
06-28 12:17:37.299  5632  5645 E WProf.db: {"WprofHTMLTag": {"code": "0x9d503a70", "doc": "http://searchengineland.com/compare-6-top-content-management-systems-277117", "row": 118, "column": 69, "tagName": "link", "time": 13326.045044, "url": "http://searchengineland.com/?p=277117", "pos": 118, "chunkLen": 118, "isStartTag": 1}}
06-28 12:17:37.299  5632  5645 E WProf.db: {"WprofHTMLTag": {"code": "0x9d503aa0", "doc": "http://searchengineland.com/compare-6-top-content-management-systems-277117", "row": 119, "column": 203, "tagName": "link", "time": 13326.045316, "url": "http://searchengineland.com/wp-json/oembed/1.0/embed?url=http%3A%2F%2Fsearchengineland.com%2Fcompare-6-top-content-management-systems-277117", "pos": 118, "chunkLen": 118, "isStartTag": 1}}
06-28 12:17:37.299  5632  5645 E WProf.db: {"WprofHTMLTag": {"code": "0x9d503b00", "doc": "http://searchengineland.com/compare-6-top-content-management-systems-277117", "row": 120, "column": 211, "tagName": "link", "time": 13326.045673, "url": "http://searchengineland.com/wp-json/oembed/1.0/embed?url=http%3A%2F%2Fsearchengineland.com%2Fcompare-6-top-content-management-systems-277117&format=xml", "pos": 118, "chunkLen": 118, "isStartTag": 1}}
06-28 12:17:37.300  5632  5645 E WProf.db: {"WprofHTMLTag": {"code": "0x9d503b60", "doc": "http://searchengineland.com/compare-6-top-content-management-systems-277117", "row": 121, "column": 109, "tagName": "link", "time": 13326.046023, "url": "http://searchengineland.com/compare-6-top-content-management-systems-277117/amp", "pos": 118, "chunkLen": 118, "isStartTag": 1}}
06-28 12:17:37.300  5632  5645 E WProf.db: {"WprofHTMLTag": {"code": "0x9d503b90", "doc": "http://searchengineland.com/compare-6-top-content-management-systems-277117", "row": 123, "column": 31, "tagName": "script", "time": 13326.046307, "url": "", "pos": 118, "chunkLen": 118, "isStartTag": 1}}
