--------- beginning of main
06-28 09:21:02.674  3449  3449 E Finsky  : [1] com.google.android.finsky.wear.bl.a(3): onConnectionFailed: ConnectionResult{statusCode=API_UNAVAILABLE, resolution=null, message=null}
--------- beginning of system
06-28 09:21:03.795  8027  8027 E chromium: [ERROR:shell_integration_android.cc(12)] Not implemented reached in static ShellIntegration::DefaultWebClientSetPermission ShellIntegration::CanSetAsDefaultBrowser()
06-28 09:21:03.799  8027  8027 E chromium: [ERROR:browser_process_impl.cc(720)] Not implemented reached in virtual BackgroundModeManager* BrowserProcessImpl::background_mode_manager()
06-28 09:21:04.122  3218  5040 E AudioRecord-JNI: Error -4 during AudioRecord native read
06-28 09:21:06.694  8027  8072 E chromium: [ERROR:gles2_cmd_decoder.cc(3852)] [.ChromiumCompositor-0xacbb2fc0]GL ERROR :GL_INVALID_ENUM : glDiscardFramebufferEXT: attachments was GL_COLOR_EXT
06-28 09:21:06.957  8094  8107 E WPROF   : {"CSS": {"url": "http://searchengineland.com/figz/wp-content/themes/searchengineland/css/searchengineland-bootstrap.css", "requestTime": 2744.012247}}
06-28 09:21:06.958  8094  8107 E WPROF   : {"CSS": {"url": "http://fonts.googleapis.com/css?family=Oswald:300,400,700", "requestTime": 2744.013768}}
06-28 09:21:06.961  8094  8107 E WPROF   : {"CSS": {"url": "http://searchengineland.com/figz/wp-content/themes/searchengineland/style.css", "requestTime": 2744.016530}}
06-28 09:21:06.967  8094  8107 E WPROF   : {"Javascript": {"url": "http://searchengineland.com/figz/wp-content/themes/searchengineland/js/lib/modernizr.custom.js?ver=1.0", "requestTime": 2744.022785}}
06-28 09:21:06.975  8094  8107 E WPROF   : {"Javascript": {"url": "http://searchengineland.com/figz/wp-content/themes/searchengineland/js/lib/jquery-1.11.0.min.js?ver=1.11.0", "requestTime": 2744.030452}}
06-28 09:21:06.975  8094  8107 E WPROF   : {"Javascript": {"url": "http://searchengineland.com/figz/wp-content/themes/searchengineland/js/lib/jquery-ui-1.10.3.custom.min.js?ver=1.10.3", "requestTime": 2744.031026}}
06-28 09:21:06.976  8094  8107 E WPROF   : {"Javascript": {"url": "http://searchengineland.com/figz/wp-content/themes/searchengineland/js/lib/jquery.ba-throttle-debounce.min.js?ver=1.1", "requestTime": 2744.031446}}
06-28 09:21:06.976  8094  8107 E WPROF   : {"Javascript": {"url": "http://searchengineland.com/figz/wp-content/themes/searchengineland/js/lib/jquery.countdown.min.js?ver=2.0.4", "requestTime": 2744.031901}}
06-28 09:21:06.977  8094  8107 E WPROF   : {"Javascript": {"url": "http://static.chartbeat.com/js/chartbeat_mab.js", "requestTime": 2744.032839}}
06-28 09:21:07.515  8094  8107 E WPROF   : {"Javascript": {"url": "http://searchengineland.com/figz/wp-includes/js/wp-emoji-release.min.js?ver=4.7.5", "requestTime": 2744.570275}}
06-28 09:21:07.806  8094  8107 E WPROF   : {"Javascript": {"url": "http://www.googletagservices.com/tag/js/gpt.js", "requestTime": 2744.861328}}
06-28 09:21:07.813  8094  8107 E WPROF   : {"Javascript": {"url": "https://www.google-analytics.com/analytics.js", "requestTime": 2744.868337}}
06-28 09:21:07.816  8094  8107 E WPROF   : {"Javascript": {"url": "http://edge.quantserve.com/quant.js", "requestTime": 2744.871385}}
06-28 09:21:07.817  8094  8107 E WPROF   : {"Javascript": {"url": "https://connect.facebook.net/en_US/fbevents.js", "requestTime": 2744.873176}}
06-28 09:21:07.900  8027  8072 E chromium: [ERROR:gles2_cmd_decoder.cc(3852)] [.ChromiumCompositor-0xacbb2fc0]GL ERROR :GL_INVALID_ENUM : glDiscardFramebufferEXT: attachments was GL_COLOR_EXT
06-28 09:21:07.920  8094  8107 E WPROF   : {"Javascript": {"url": "http://app-sj02.marketo.com/js/forms2/js/forms2.min.js", "requestTime": 2744.975889}}
06-28 09:21:08.017  8094  8107 E WPROF   : {"Javascript": {"url": "https://securepubads.g.doubleclick.net/gpt/pubads_impl_121.js", "requestTime": 2745.073029}}
06-28 09:21:08.044  8027  8072 E chromium: [ERROR:gles2_cmd_decoder.cc(3852)] [.ChromiumCompositor-0xacbb2fc0]GL ERROR :GL_INVALID_ENUM : glDiscardFramebufferEXT: attachments was GL_COLOR_EXT
06-28 09:21:08.183  8094  8107 E WPROF   : {"Javascript": {"url": "http://app-sj02.marketo.com/index.php/form/getForm?munchkinId=727-ZQE-044&form=5691&url=http%3A%2F%2Fsearchengineland.com%2Fcompare-paid-search-organic-search-without-sounding-foolish-275575&callback=jQuery110209706363824661821_1498609268119&_=1498609268120", "requestTime": 2745.238615}}
06-28 09:21:08.198  8094  8107 E WPROF   : {"Javascript": {"url": "http://app-sj02.marketo.com/index.php/form/getForm?munchkinId=727-ZQE-044&form=5685&url=http%3A%2F%2Fsearchengineland.com%2Fcompare-paid-search-organic-search-without-sounding-foolish-275575&callback=jQuery110209706363824661821_1498609268121&_=1498609268122", "requestTime": 2745.253836}}
06-28 09:21:08.269  8094  8107 E WPROF   : {"Javascript": {"url": "https://connect.facebook.net/signals/config/423979991297359?v=2.7.17", "requestTime": 2745.325048}}
06-28 09:21:08.464  8094  8107 E WPROF   : {"Javascript": {"url": "http://app-sj02.marketo.com/index.php/form/getForm?munchkinId=727-ZQE-044&form=5673&url=http%3A%2F%2Fsearchengineland.com%2Fcompare-paid-search-organic-search-without-sounding-foolish-275575&callback=jQuery110209706363824661821_1498609268123&_=1498609268124", "requestTime": 2745.519924}}
06-28 09:21:08.472  8094  8107 E WPROF   : {"Javascript": {"url": "http://searchengineland.com/js/ga_social_tracking.js", "requestTime": 2745.528171}}
06-28 09:21:08.473  8094  8107 E WPROF   : {"Javascript": {"url": "http://s7.addthis.com/js/300/addthis_widget.js#pubid=ra-53e918f660794f37", "requestTime": 2745.528928}}
06-28 09:21:08.516  8027  8072 E chromium: [ERROR:gles2_cmd_decoder.cc(3852)] [.ChromiumCompositor-0xacbb2fc0]GL ERROR :GL_INVALID_ENUM : glDiscardFramebufferEXT: attachments was GL_COLOR_EXT
06-28 09:21:08.914  8027  8072 E chromium: [ERROR:gles2_cmd_decoder.cc(3852)] [.ChromiumCompositor-0xacbb2fc0]GL ERROR :GL_INVALID_ENUM : glDiscardFramebufferEXT: attachments was GL_COLOR_EXT
06-28 09:21:09.369   862  1657 E LocSvc_IzatApiV02: E/virtual int izat_core::IzatApiV02::getBatchSize(int32_t):522]: Error : st = 4, ind.status = -1628389555
06-28 09:21:09.369   862  1657 E LocSvc_IzatApiV02: E/virtual int izat_core::IzatApiV02::getBatchSize(int32_t):535]: get batching size failed.Or modem does not support batching 
06-28 09:21:09.378   862  1657 E LocSvc_IzatApiV02: E/virtual int izat_core::IzatApiV02::getBatchSize(int32_t):522]: Error : st = 4, ind.status = -1628389555
06-28 09:21:09.378   862  1657 E LocSvc_IzatApiV02: E/virtual int izat_core::IzatApiV02::getBatchSize(int32_t):535]: get batching size failed.Or modem does not support batching 
06-28 09:21:09.415   862  1657 E LocSvc_IzatApiV02: E/virtual int izat_core::IzatApiV02::getBatchSize(int32_t):522]: Error : st = 4, ind.status = -1628389555
06-28 09:21:09.415   862  1657 E LocSvc_IzatApiV02: E/virtual int izat_core::IzatApiV02::getBatchSize(int32_t):535]: get batching size failed.Or modem does not support batching 
06-28 09:21:09.426   862  1657 E LocSvc_IzatApiV02: E/virtual int izat_core::IzatApiV02::getBatchSize(int32_t):522]: Error : st = 4, ind.status = -1628389555
06-28 09:21:09.426   862  1657 E LocSvc_IzatApiV02: E/virtual int izat_core::IzatApiV02::getBatchSize(int32_t):535]: get batching size failed.Or modem does not support batching 
06-28 09:21:09.426  8094  8107 E WPROF   : {"Javascript": {"url": "https://securepubads.g.doubleclick.net/gampad/ads?gdfp_req=1&correlator=3862496767115264&output=json_html&callback=googletag.impl.pubads.callbackProxy1&impl=fifs&json_a=1&eid=108809080%2C108809107%2C108809152&sc=0&sfv=1-0-9&iu_parts=1038259%2Csel-ciu-1%2Csel-ciu-2%2Csel-ciu-3%2Csel-ciu-4%2Csel-ciu-5", "requestTime": 2746.481999}}
06-28 09:21:09.462  8094  8107 E WPROF   : {"CSS": {"url": "http://app-sj02.marketo.com/js/forms2/css/forms2.css", "requestTime": 2746.517261}}
06-28 09:21:09.464  8094  8107 E WPROF   : {"CSS": {"url": "http://app-sj02.marketo.com/js/forms2/css/forms2-theme-simple.css", "requestTime": 2746.519753}}
06-28 09:21:09.577  8094  8107 E WPROF   : {"Javascript": {"url": "http://cdn.api.twitter.com/1/users/show.json?screen_name=PronouncedAhndy&callback=twttr.setFollowersCount", "requestTime": 2746.632254}}
06-28 09:21:09.597  8094  8107 E WPROF   : {"Javascript": {"url": "https://static.xx.fbcdn.net/rsrc.php/v3iy6L4/yk/l/ko_KR/be4fIjHRc8P.js", "requestTime": 2746.652739}}
06-28 09:21:09.729  8027  8072 E chromium: [ERROR:gles2_cmd_decoder.cc(3852)] [.ChromiumCompositor-0xacbb2fc0]GL ERROR :GL_INVALID_ENUM : glDiscardFramebufferEXT: attachments was GL_COLOR_EXT
06-28 09:21:10.242  8094  8107 E WPROF   : {"Javascript": {"url": "http://platform.twitter.com/widgets.js", "requestTime": 2747.298206}}
06-28 09:21:10.244  8094  8107 E WPROF   : {"Javascript": {"url": "http://connect.facebook.net/en_US/sdk.js", "requestTime": 2747.299863}}
06-28 09:21:10.246  8094  8107 E WPROF   : {"Javascript": {"url": "https://apis.google.com/js/platform.js", "requestTime": 2747.301377}}
06-28 09:21:10.271  8094  8107 E WPROF   : {"Javascript": {"url": "http://rules.quantcount.com/rules-p-5aGizvD82d9hk.js", "requestTime": 2747.327149}}
06-28 09:21:10.274  8094  8107 E WPROF   : {"Javascript": {"url": "http://munchkin.marketo.net/munchkin.js", "requestTime": 2747.330077}}
06-28 09:21:10.348  8094  8107 E WPROF   : {"CSS": {"url": "https://www.youtube.com/yts/cssbin/www-embed-player-sprite-mode-vfl5G4Xm8.css", "requestTime": 2747.403976}}
06-28 09:21:10.350  8094  8107 E WPROF   : {"Javascript": {"url": "https://www.youtube.com/yts/jsbin/www-embed-player-vfl_UY_j8/www-embed-player.js", "requestTime": 2747.405923}}
06-28 09:21:10.351  8094  8107 E WPROF   : {"Javascript": {"url": "https://www.youtube.com/yts/jsbin/player-vflo1w4O-/ko_KR/base.js", "requestTime": 2747.406456}}
06-28 09:21:10.390  8027  8072 E chromium: [ERROR:gles2_cmd_decoder.cc(3852)] [.ChromiumCompositor-0xacbb2fc0]GL ERROR :GL_INVALID_ENUM : glDiscardFramebufferEXT: attachments was GL_COLOR_EXT
06-28 09:21:10.455  8094  8107 E WPROF   : {"Javascript": {"url": "http://d2j3qa5nc37287.cloudfront.net/coupon_code1.js", "requestTime": 2747.510971}}
06-28 09:21:10.457  8094  8107 E WPROF   : {"Javascript": {"url": "http://www.googleadservices.com/pagead/conversion.js", "requestTime": 2747.513172}}
06-28 09:21:10.458  8094  8107 E WPROF   : {"Javascript": {"url": "http://searchengineland.com/figz/wp-content/themes/searchengineland/js/script.js?ver=1.0", "requestTime": 2747.513757}}
06-28 09:21:10.458  8094  8107 E WPROF   : {"Javascript": {"url": "http://searchengineland.com/figz/wp-includes/js/wp-embed.min.js?ver=4.7.5", "requestTime": 2747.514128}}
06-28 09:21:10.459  8094  8107 E WPROF   : {"Javascript": {"url": "http://searchengineland.com/figz/wp-content/themes/searchengineland/js/modules/sharing_controls.js", "requestTime": 2747.514444}}
06-28 09:21:11.319  8094  8107 E WPROF   : {"Javascript": {"url": "http://m.addthisedge.com/live/boost/ra-53e918f660794f37/_ate.track.config_resp", "requestTime": 2748.374300}}
06-28 09:21:11.366  8094  8107 E WPROF   : {"Javascript": {"url": "http://m.addthis.com/live/red_lojson/300lo.json?si=5952f6767b5e0ef4&bkl=0&bl=1&pdt=1846&sid=5952f6767b5e0ef4&pub=ra-53e918f660794f37&rev=v7.15.4-wp&ln=ko&pc=men&cb=0&ab=-&dp=searchengineland.com&fp=compare-paid-search-organic-search-without-sounding-foolish-275575&fr=&of=0&pd=0&irt=0&vcl=0&md=0&ct=1", "requestTime": 2748.421909}}
06-28 09:21:11.462  8094  8107 E WPROF   : {"Javascript": {"url": "http://dnn506yrbagrg.cloudfront.net/pages/scripts/0026/4062.js?416280", "requestTime": 2748.517646}}
06-28 09:21:11.964  8027  8072 E chromium: [ERROR:gles2_cmd_decoder.cc(3852)] [.ChromiumCompositor-0xacbb2fc0]GL ERROR :GL_INVALID_ENUM : glDiscardFramebufferEXT: attachments was GL_COLOR_EXT
06-28 09:21:13.140  8094  8107 E WPROF   : {"Javascript": {"url": "https://www.google.com/js/bg/KWBfAnWFESAEEaKKgdYlTHY9ysQaNoQuzeMFqvxDSM8.js", "requestTime": 2750.195264}}
06-28 09:21:13.142  8094  8107 E WPROF   : {"Javascript": {"url": "https://static.doubleclick.net/instream/ad_status.js", "requestTime": 2750.197573}}
06-28 09:21:13.388  8027  8072 E chromium: [ERROR:gles2_cmd_decoder.cc(3852)] [.ChromiumCompositor-0xacbb2fc0]GL ERROR :GL_INVALID_ENUM : glDiscardFramebufferEXT: attachments was GL_COLOR_EXT
06-28 09:21:13.590  8027  8072 E chromium: [ERROR:gles2_cmd_decoder.cc(3852)] [.ChromiumCompositor-0xacbb2fc0]GL ERROR :GL_INVALID_ENUM : glDiscardFramebufferEXT: attachments was GL_COLOR_EXT
06-28 09:21:13.804  8027  8072 E chromium: [ERROR:gles2_cmd_decoder.cc(3852)] [.ChromiumCompositor-0xacbb2fc0]GL ERROR :GL_INVALID_ENUM : glDiscardFramebufferEXT: attachments was GL_COLOR_EXT
06-28 09:21:13.834  8094  8107 E WPROF   : {"Javascript": {"url": "https://tpc.googlesyndication.com/pagead/js/r20170619/r20110914/client/ext/m_window_focus_non_hydra.js", "requestTime": 2750.890206}}
06-28 09:21:13.837  8094  8107 E WPROF   : {"Javascript": {"url": "https://tpc.googlesyndication.com/pagead/js/r20170619/r20110914/activeview/osd_listener.js", "requestTime": 2750.892524}}
06-28 09:21:13.841  8094  8107 E WPROF   : {"Javascript": {"url": "http://pagead2.googlesyndication.com/pagead/osd.js", "requestTime": 2750.896785}}
06-28 09:21:14.079  8094  8107 E WPROF   : {"Javascript": {"url": "https://platform.twitter.com/js/button.b731e6c82269f70f6fc53634e044a4c6.js", "requestTime": 2751.134255}}
06-28 09:21:14.084  8094  8107 E WPROF   : {"Javascript": {"url": "http://munchkin.marketo.net/151/munchkin.js", "requestTime": 2751.139452}}
06-28 09:21:14.089  8094  8107 E WPROF   : {"Javascript": {"url": "http://www.justuno.com/ajax/account_version_check.html?id=828FA275-FF73-401E-AA39-40F5A6FAB6B1", "requestTime": 2751.144328}}
06-28 09:21:14.353  8094  8107 E WPROF   : {"Javascript": {"url": "http://s7.addthis.com/static/layers.4acb6c577b51939661ec.js", "requestTime": 2751.409030}}
06-28 09:21:14.465  8027  8072 E chromium: [ERROR:gles2_cmd_decoder.cc(3852)] [.ChromiumCompositor-0xacbb2fc0]GL ERROR :GL_INVALID_ENUM : glDiscardFramebufferEXT: attachments was GL_COLOR_EXT
06-28 09:21:14.954  8027  8072 E chromium: [ERROR:gles2_cmd_decoder.cc(3852)] [.ChromiumCompositor-0xacbb2fc0]GL ERROR :GL_INVALID_ENUM : glDiscardFramebufferEXT: attachments was GL_COLOR_EXT
06-28 09:21:15.367  8027  8072 E chromium: [ERROR:gles2_cmd_decoder.cc(3852)] [.ChromiumCompositor-0xacbb2fc0]GL ERROR :GL_INVALID_ENUM : glDiscardFramebufferEXT: attachments was GL_COLOR_EXT
06-28 09:21:15.522  8027  8072 E chromium: [ERROR:gles2_cmd_decoder.cc(3852)] [.ChromiumCompositor-0xacbb2fc0]GL ERROR :GL_INVALID_ENUM : glDiscardFramebufferEXT: attachments was GL_COLOR_EXT
06-28 09:21:15.696  8027  8072 E chromium: [ERROR:gles2_cmd_decoder.cc(3852)] [.ChromiumCompositor-0xacbb2fc0]GL ERROR :GL_INVALID_ENUM : glDiscardFramebufferEXT: attachments was GL_COLOR_EXT
06-28 09:21:15.769  8027  8072 E chromium: [ERROR:gles2_cmd_decoder.cc(3852)] [.ChromiumCompositor-0xacbb2fc0]GL ERROR :GL_INVALID_ENUM : glDiscardFramebufferEXT: attachments was GL_COLOR_EXT
06-28 09:21:17.667  8094  8107 E WPROF   : {"Javascript": {"url": "http://cdn.justuno.com/mwgt_3.6.js", "requestTime": 2754.722262}}
06-28 09:21:17.914  8027  8072 E chromium: [ERROR:gles2_cmd_decoder.cc(3852)] [.ChromiumCompositor-0xacbb2fc0]GL ERROR :GL_INVALID_ENUM : glDiscardFramebufferEXT: attachments was GL_COLOR_EXT
06-28 09:21:18.031  8027  8072 E chromium: [ERROR:gles2_cmd_decoder.cc(3852)] [.ChromiumCompositor-0xacbb2fc0]GL ERROR :GL_INVALID_ENUM : glDiscardFramebufferEXT: attachments was GL_COLOR_EXT
06-28 09:21:19.045  8094  8107 E WPROF   : {"Javascript": {"url": "https://cdn.syndication.twimg.com/widgets/followbutton/info.json?callback=__twttr.setFollowersCountAndFollowing&lang=en&screen_names=sengineland", "requestTime": 2756.101196}}
06-28 09:21:19.048  8094  8107 E WPROF   : {"Javascript": {"url": "https://app-sj02.marketo.com/js/forms2/js/forms2.min.js", "requestTime": 2756.104155}}
06-28 09:21:19.696  8094  8107 E WProf.db: {"page": "searchengineland.com_compare-paid-search-organic-search-without-sounding-foolish-275575"}
06-28 09:21:19.696  8094  8107 E WProf.db: {"DOMLoad": 2756.751361}
06-28 09:21:19.696  8094  8107 E WProf.db: {"Resource": {"id": 1, "url": "http://searchengineland.com/compare-paid-search-organic-search-without-sounding-foolish-275575", "sentTime": -1.000000, "len": 102297, "from": "0x0", "mimeType": "text/html", "contentLength": -1, "httpStatus": 200, "connId": 20, "connReused": 1, "cached": 0,"requestTime": 2743.685876, "proxyStart": -1, "proxyEnd": -1, "dnsStart": -1, "dnsEnd": -1, "connectStart": 0, "connectEnd": 56, "sendStart": 56, "sendEnd": 56, "receiveHeadersEnd": 209, "sslStart": -1, "sslEnd": -1}}
06-28 09:21:19.696  8094  8107 E WProf.db: {"ReceivedChunk": {"receivedTime": 2743.912637, "len": 12857}}
06-28 09:21:19.696  8094  8107 E WProf.db: {"ReceivedChunk": {"receivedTime": 2743.980545, "len": 32768}}
06-28 09:21:19.696  8094  8107 E WProf.db: {"ReceivedChunk": {"receivedTime": 2743.981848, "len": 24581}}
06-28 09:21:19.696  8094  8107 E WProf.db: {"ReceivedChunk": {"receivedTime": 2744.053312, "len": 32091}}
06-28 09:21:19.696  8094  8107 E WProf.db: {"WprofHTMLTag": {"code": "0xaedd3630", "doc": "http://searchengineland.com/compare-paid-search-organic-search-without-sounding-foolish-275575", "row": 6, "column": 42, "tagName": "html", "time": 2743.983638, "url": "", "pos": 1, "chunkLen": 1, "isStartTag": 1}}
06-28 09:21:19.696  8094  8107 E WProf.db: {"WprofHTMLTag": {"code": "0xaf0477f0", "doc": "http://searchengineland.com/compare-paid-search-organic-search-without-sounding-foolish-275575", "row": 7, "column": 6, "tagName": "head", "time": 2743.984598, "url": "", "pos": 1, "chunkLen": 1, "isStartTag": 1}}
06-28 09:21:19.696  8094  8107 E WProf.db: {"WprofHTMLTag": {"code": "0xaf047820", "doc": "http://searchengineland.com/compare-paid-search-organic-search-without-sounding-foolish-275575", "row": 8, "column": 54, "tagName": "meta", "time": 2743.984781, "url": "", "pos": 1, "chunkLen": 1, "isStartTag": 1}}
06-28 09:21:19.696  8094  8107 E WProf.db: {"WprofHTMLTag": {"code": "0xaf047850", "doc": "http://searchengineland.com/compare-paid-search-organic-search-without-sounding-foolish-275575", "row": 9, "column": 68, "tagName": "meta", "time": 2743.985483, "url": "", "pos": 1, "chunkLen": 1, "isStartTag": 1}}
06-28 09:21:19.696  8094  8107 E WProf.db: {"WprofHTMLTag": {"code": "0xaf047880", "doc": "http://searchengineland.com/compare-paid-search-organic-search-without-sounding-foolish-275575", "row": 10, "column": 23, "tagName": "meta", "time": 2743.986023, "url": "", "pos": 1, "chunkLen": 1, "isStartTag": 1}}
06-28 09:21:19.696  8094  8107 E WProf.db: {"WprofHTMLTag": {"code": "0xaf0478b0", "doc": "http://searchengineland.com/compare-paid-search-organic-search-without-sounding-foolish-275575", "row": 11, "column": 52, "tagName": "meta", "time": 2743.986663, "url": "", "pos": 1, "chunkLen": 1, "isStartTag": 1}}
06-28 09:21:19.696  8094  8107 E WProf.db: {"WprofHTMLTag": {"code": "0xaf0478e0", "doc": "http://searchengineland.com/compare-paid-search-organic-search-without-sounding-foolish-275575", "row": 14, "column": 56, "tagName": "meta", "time": 2743.987713, "url": "", "pos": 1, "chunkLen": 1, "isStartTag": 1}}
06-28 09:21:19.697  8094  8107 E WProf.db: {"WprofHTMLTag": {"code": "0xaf047910", "doc": "http://searchengineland.com/compare-paid-search-organic-search-without-sounding-foolish-275575", "row": 15, "column": 83, "tagName": "meta", "time": 2743.988313, "url": "", "pos": 1, "chunkLen": 1, "isStartTag": 1}}
06-28 09:21:19.697  8094  8107 E WProf.db: {"WprofHTMLTag": {"code": "0xaf047940", "doc": "http://searchengineland.com/compare-paid-search-organic-search-without-sounding-foolish-275575", "row": 16, "column": 57, "tagName": "meta", "time": 2743.988868, "url": "", "pos": 1, "chunkLen": 1, "isStartTag": 1}}
06-28 09:21:19.697  8094  8107 E WProf.db: {"WprofHTMLTag": {"code": "0xaf0479d0", "doc": "http://searchengineland.com/compare-paid-search-organic-search-without-sounding-foolish-275575", "row": 17, "column": 41, "tagName": "meta", "time": 2743.989458, "url": "", "pos": 1, "chunkLen": 1, "isStartTag": 1}}
06-28 09:21:19.697  8094  8107 E WProf.db: {"WprofHTMLTag": {"code": "0xaf047a00", "doc": "http://searchengineland.com/compare-paid-search-organic-search-without-sounding-foolish-275575", "row": 18, "column": 50, "tagName": "meta", "time": 2743.989986, "url": "", "pos": 1, "chunkLen": 1, "isStartTag": 1}}
06-28 09:21:19.697  8094  8107 E WProf.db: {"WprofHTMLTag": {"code": "0xaf047a30", "doc": "http://searchengineland.com/compare-paid-search-organic-search-without-sounding-foolish-275575", "row": 19, "column": 174, "tagName": "meta", "time": 2743.990651, "url": "", "pos": 1, "chunkLen": 1, "isStartTag": 1}}
06-28 09:21:19.697  8094  8107 E WProf.db: {"WprofHTMLTag": {"code": "0xaf0479a0", "doc": "http://searchengineland.com/compare-paid-search-organic-search-without-sounding-foolish-275575", "row": 20, "column": 47, "tagName": "meta", "time": 2743.991178, "url": "", "pos": 1, "chunkLen": 1, "isStartTag": 1}}
06-28 09:21:19.697  8094  8107 E WProf.db: {"WprofHTMLTag": {"code": "0xaf047970", "doc": "http://searchengineland.com/compare-paid-search-organic-search-without-sounding-foolish-275575", "row": 21, "column": 67, "tagName": "meta", "time": 2743.991702, "url": "", "pos": 1, "chunkLen": 1, "isStartTag": 1}}
06-28 09:21:19.697  8094  8107 E WProf.db: {"WprofHTMLTag": {"code": "0xaf047a60", "doc": "http://searchengineland.com/compare-paid-search-organic-search-without-sounding-foolish-275575", "row": 22, "column": 57, "tagName": "meta", "time": 2743.992241, "url": "", "pos": 1, "chunkLen": 1, "isStartTag": 1}}
06-28 09:21:19.697  8094  8107 E WProf.db: {"WprofHTMLTag": {"code": "0xaf047a90", "doc": "http://searchengineland.com/compare-paid-search-organic-search-without-sounding-foolish-275575", "row": 23, "column": 65, "tagName": "meta", "time": 2743.992796, "url": "", "pos": 1, "chunkLen": 1, "isStartTag": 1}}
06-28 09:21:19.697  8094  8107 E WProf.db: {"WprofHTMLTag": {"code": "0xaf047ac0", "doc": "http://searchengineland.com/compare-paid-search-organic-search-without-sounding-foolish-275575", "row": 24, "column": 55, "tagName": "meta", "time": 2743.994894, "url": "", "pos": 1, "chunkLen": 1, "isStartTag": 1}}
06-28 09:21:19.697  8094  8107 E WProf.db: {"WprofHTMLTag": {"code": "0xaf047af0", "doc": "http://searchengineland.com/compare-paid-search-organic-search-without-sounding-foolish-275575", "row": 25, "column": 71, "tagName": "meta", "time": 2743.995613, "url": "", "pos": 1, "chunkLen": 1, "isStartTag": 1}}
06-28 09:21:19.697  8094  8107 E WProf.db: {"WprofHTMLTag": {"code": "0xaf047b20", "doc": "http://searchengineland.com/compare-paid-search-organic-search-without-sounding-foolish-275575", "row": 26, "column": 86, "tagName": "meta", "time": 2743.996358, "url": "", "pos": 1, "chunkLen": 1, "isStartTag": 1}}
06-28 09:21:19.697  8094  8107 E WProf.db: {"WprofHTMLTag": {"code": "0xaf047b50", "doc": "http://searchengineland.com/compare-paid-search-organic-search-without-sounding-foolish-275575", "row": 27, "column": 54, "tagName": "meta", "time": 2743.997103, "url": "", "pos": 1, "chunkLen": 1, "isStartTag": 1}}
06-28 09:21:19.697  8094  8107 E WProf.db: {"WprofHTMLTag": {"code": "0xaf047b80", "doc": "http://searchengineland.com/compare-paid-search-organic-search-without-sounding-foolish-275575", "row": 29, "column": 169, "tagName": "meta", "time": 2743.999296, "url": "", "pos": 1, "chunkLen": 1, "isStartTag": 1}}
06-28 09:21:19.698  8094  8107 E WProf.db: {"WprofHTMLTag": {"code": "0xaf047bb0", "doc": "http://searchengineland.com/compare-paid-search-organic-search-without-sounding-foolish-275575", "row": 30, "column": 219, "tagName": "meta", "time": 2743.999875, "url": "", "pos": 1, "chunkLen": 1, "isStartTag": 1}}
06-28 09:21:19.698  8094  8107 E WProf.db: {"WprofHTMLTag": {"code": "0xaf047be0", "doc": "http://searchengineland.com/compare-paid-search-organic-search-without-sounding-foolish-275575", "row": 31, "column": 55, "tagName": "meta", "time": 2744.000520, "url": "", "pos": 1, "chunkLen": 1, "isStartTag": 1}}
06-28 09:21:19.698  8094  8107 E WProf.db: {"WprofHTMLTag": {"code": "0xaf047c10", "doc": "http://searchengineland.com/compare-paid-search-organic-search-without-sounding-foolish-275575", "row": 32, "column": 54, "tagName": "meta", "time": 2744.001070, "url": "", "pos": 1, "chunkLen": 1, "isStartTag": 1}}
06-28 09:21:19.698  8094  8107 E WProf.db: {"WprofHTMLTag": {"code": "0xaf047c40", "doc": "http://searchengineland.com/compare-paid-search-organic-search-without-sounding-foolish-275575", "row": 33, "column": 142, "tagName": "meta", "time": 2744.001614, "url": "", "pos": 1, "chunkLen": 1, "isStartTag": 1}}
06-28 09:21:19.698  8094  8107 E WProf.db: {"WprofHTMLTag": {"code": "0xaf047c70", "doc": "http://searchengineland.com/compare-paid-search-organic-search-without-sounding-foolish-275575", "row": 37, "column": 36, "tagName": "script", "time": 2744.002147, "url": "", "pos": 1, "chunkLen": 1, "isStartTag": 1}}
06-28 09:21:19.698  8094  8107 E WProf.db: {"WprofHTMLTag": {"code": "0xaf047ca0", "doc": "http://searchengineland.com/compare-paid-search-organic-search-without-sounding-foolish-275575", "row": 53, "column": 10, "tagName": "script", "time": 2744.010384, "url": "", "pos": 1, "chunkLen": 1, "isStartTag": 0}}
06-28 09:21:19.698  8094  8107 E WProf.db: {"WprofHTMLTag": {"code": "0xaf047cd0", "doc": "http://searchengineland.com/compare-paid-search-organic-search-without-sounding-foolish-275575", "row": 55, "column": 86, "tagName": "link", "time": 2744.010915, "url": "http://searchengineland.com/apple-touch-icon.png", "pos": 1, "chunkLen": 1, "isStartTag": 1}}
06-28 09:21:19.698  8094  8107 E WProf.db: {"WprofHTMLTag": {"code": "0xaf047d00", "doc": "http://searchengineland.com/compare-paid-search-organic-search-without-sounding-foolish-275575", "row": 56, "column": 76, "tagName": "link", "time": 2744.011195, "url": "http://searchengineland.com/favicon.ico", "pos": 1, "chunkLen": 1, "isStartTag": 1}}
06-28 09:21:19.698  8094  8107 E WProf.db: {"WprofHTMLTag": {"code": "0xaf047d30", "doc": "http://searchengineland.com/compare-paid-search-organic-search-without-sounding-foolish-275575", "row": 57, "column": 158, "tagName": "link", "time": 2744.011379, "url": "http://feeds.searchengineland.com/searchengineland", "pos": 1, "chunkLen": 1, "isStartTag": 1}}
06-28 09:21:19.698  8094  8107 E WProf.db: {"WprofHTMLTag": {"code": "0xaf047d60", "doc": "http://searchengineland.com/compare-paid-search-organic-search-without-sounding-foolish-275575", "row": 58, "column": 149, "tagName": "link", "time": 2744.011637, "url": "http://feeds.searchengineland.com/searchcap", "pos": 1, "chunkLen": 1, "isStartTag": 1}}
06-28 09:21:19.698  8094  8107 E WProf.db: {"WprofHTMLTag": {"code": "0xaf047d90", "doc": "http://searchengineland.com/compare-paid-search-organic-search-without-sounding-foolish-275575", "row": 59, "column": 150, "tagName": "link", "time": 2744.011897, "url": "http://searchengineland.com/figz/wp-content/themes/searchengineland/css/searchengineland-bootstrap.css", "pos": 1, "chunkLen": 1, "isStartTag": 1}}
06-28 09:21:19.701  8094  8107 E WProf.db: {"WprofHTMLTag": {"code": "0xaf047df0", "doc": "http://searchengineland.com/compare-paid-search-organic-search-without-sounding-foolish-275575", "row": 60, "column": 105, "tagName": "link", "time": 2744.013345, "url": "http://fonts.googleapis.com/css?family=Oswald:300,400,700", "pos": 1, "chunkLen": 1, "isStartTag": 1}}
06-28 09:21:19.701  8094  8107 E WProf.db: {"WprofHTMLTag": {"code": "0xaf047e50", "doc": "http://searchengineland.com/compare-paid-search-organic-search-without-sounding-foolish-275575", "row": 61, "column": 125, "tagName": "link", "time": 2744.015795, "url": "http://searchengineland.com/figz/wp-content/themes/searchengineland/style.css", "pos": 1, "chunkLen": 1, "isStartTag": 1}}
06-28 09:21:19.702  8094  8107 E WProf.db: {"WprofHTMLTag": {"code": "0xaf047eb0", "doc": "http://searchengineland.com/compare-paid-search-organic-search-without-sounding-foolish-275575", "row": 65, "column": 7, "tagName": "title", "time": 2744.017066, "url": "", "pos": 1, "chunkLen": 1, "isStartTag": 1}}
06-28 09:21:19.702  8094  8107 E WProf.db: {"WprofHTMLTag": {"code": "0xaf047ee0", "doc": "http://searchengineland.com/compare-paid-search-organic-search-without-sounding-foolish-275575", "row": 65, "column": 85, "tagName": "title", "time": 2744.017223, "url": "", "pos": 1, "chunkLen": 1, "isStartTag": 0}}
06-28 09:21:19.702  8094  8107 E WProf.db: {"WprofHTMLTag": {"code": "0xaf047f10", "doc": "http://searchengineland.com/compare-paid-search-organic-search-without-sounding-foolish-275575", "row": 66, "column": 216, "tagName": "meta", "time": 2744.017261, "url": "", "pos": 1, "chunkLen": 1, "isStartTag": 1}}
06-28 09:21:19.702  8094  8107 E WProf.db: {"WprofHTMLTag": {"code": "0xaf047f40", "doc": "http://searchengineland.com/compare-paid-search-organic-search-without-sounding-foolish-275575", "row": 67, "column": 170, "tagName": "meta", "time": 2744.017466, "url": "", "pos": 1, "chunkLen": 1, "isStartTag": 1}}
06-28 09:21:19.702  8094  8107 E WProf.db: {"WprofHTMLTag": {"code": "0xaf047f70", "doc": "http://searchengineland.com/compare-paid-search-organic-search-without-sounding-foolish-275575", "row": 68, "column": 136, "tagName": "meta", "time": 2744.017655, "url": "", "pos": 1, "chunkLen": 1, "isStartTag": 1}}
06-28 09:21:19.702  8094  8107 E WProf.db: {"WprofHTMLTag": {"code": "0xaf047fa0", "doc": "http://searchengineland.com/compare-paid-search-organic-search-without-sounding-foolish-275575", "row": 69, "column": 37, "tagName": "meta", "time": 2744.017840, "url": "", "pos": 1, "chunkLen": 1, "isStartTag": 1}}
06-28 09:21:19.702  8094  8107 E WProf.db: {"WprofHTMLTag": {"code": "0xaf047fd0", "doc": "http://searchengineland.com/compare-paid-search-organic-search-without-sounding-foolish-275575", "row": 70, "column": 126, "tagName": "link", "time": 2744.018003, "url": "http://searchengineland.com/compare-paid-search-organic-search-without-sounding-foolish-275575", "pos": 1, "chunkLen": 1, "isStartTag": 1}}
06-28 09:21:19.702  8094  8107 E WProf.db: {"WprofHTMLTag": {"code": "0xb4cc74b0", "doc": "http://searchengineland.com/compare-paid-search-organic-search-without-sounding-foolish-275575", "row": 71, "column": 76, "tagName": "link", "time": 2744.018304, "url": "https://plus.google.com/103218677032751327334", "pos": 1, "chunkLen": 1, "isStartTag": 1}}
06-28 09:21:19.702  8094  8107 E WProf.db: {"WprofHTMLTag": {"code": "0xb4cc7540", "doc": "http://searchengineland.com/compare-paid-search-organic-search-without-sounding-foolish-275575", "row": 72, "column": 45, "tagName": "meta", "time": 2744.018614, "url": "", "pos": 1, "chunkLen": 1, "isStartTag": 1}}
06-28 09:21:19.702  8094  8107 E WProf.db: {"WprofHTMLTag": {"code": "0xb4cc78a0", "doc": "http://searchengineland.com/compare-paid-search-organic-search-without-sounding-foolish-275575", "row": 73, "column": 45, "tagName": "meta", "time": 2744.018778, "url": "", "pos": 1, "chunkLen": 1, "isStartTag": 1}}
06-28 09:21:19.702  8094  8107 E WProf.db: {"WprofHTMLTag": {"code": "0xb4cc78d0", "doc": "http://searchengineland.com/compare-paid-search-organic-search-without-sounding-foolish-275575", "row": 74, "column": 109, "tagName": "meta", "time": 2744.018923, "url": "", "pos": 1, "chunkLen": 1, "isStartTag": 1}}
06-28 09:21:19.702  8094  8107 E WProf.db: {"WprofHTMLTag": {"code": "0xb4cc7900", "doc": "http://searchengineland.com/compare-paid-search-organic-search-without-sounding-foolish-275575", "row": 75, "column": 224, "tagName": "meta", "time": 2744.019070, "url": "", "pos": 1, "chunkLen": 1, "isStartTag": 1}}
06-28 09:21:19.702  8094  8107 E WProf.db: {"WprofHTMLTag": {"code": "0xb4cc7930", "doc": "http://searchengineland.com/compare-paid-search-organic-search-without-sounding-foolish-275575", "row": 76, "column": 131, "tagName": "meta", "time": 2744.019227, "url": "", "pos": 1, "chunkLen": 1, "isStartTag": 1}}
06-28 09:21:19.702  8094  8107 E WProf.db: {"WprofHTMLTag": {"code": "0xb4cc7960", "doc": "http://searchengineland.com/compare-paid-search-organic-search-without-sounding-foolish-275575", "row": 77, "column": 61, "tagName": "meta", "time": 2744.019386, "url": "", "pos": 1, "chunkLen": 1, "isStartTag": 1}}
06-28 09:21:19.703  8094  8107 E WProf.db: {"WprofHTMLTag": {"code": "0xb4cc7990", "doc": "http://searchengineland.com/compare-paid-search-organic-search-without-sounding-foolish-275575", "row": 78, "column": 89, "tagName": "meta", "time": 2744.019532, "url": "", "pos": 1, "chunkLen": 1, "isStartTag": 1}}
06-28 09:21:19.703  8094  8107 E WProf.db: {"WprofHTMLTag": {"code": "0xb4cc79c0", "doc": "http://searchengineland.com/compare-paid-search-organic-search-without-sounding-foolish-275575", "row": 79, "column": 58, "tagName": "meta", "time": 2744.019675, "url": "", "pos": 1, "chunkLen": 1, "isStartTag": 1}}
06-28 09:21:19.703  8094  8107 E WProf.db: {"WprofHTMLTag": {"code": "0xb4cc79f0", "doc": "http://searchengineland.com/compare-paid-search-organic-search-without-sounding-foolish-275575", "row": 80, "column": 78, "tagName": "meta", "time": 2744.019821, "url": "", "pos": 1, "chunkLen": 1, "isStartTag": 1}}
06-28 09:21:19.703  8094  8107 E WProf.db: {"WprofHTMLTag": {"code": "0xb4cc7a20", "doc": "http://searchengineland.com/compare-paid-search-organic-search-without-sounding-foolish-275575", "row": 81, "column": 77, "tagName": "meta", "time": 2744.019967, "url": "", "pos": 1, "chunkLen": 1, "isStartTag": 1}}
06-28 09:21:19.703  8094  8107 E WProf.db: {"WprofHTMLTag": {"code": "0xb4cc7a50", "doc": "http://searchengineland.com/compare-paid-search-organic-search-without-sounding-foolish-275575", "row": 82, "column": 71, "tagName": "meta", "time": 2744.020158, "url": "", "pos": 1, "chunkLen": 1, "isStartTag": 1}}
06-28 09:21:19.703  8094  8107 E WProf.db: {"WprofHTMLTag": {"code": "0xb4cc7a80", "doc": "http://searchengineland.com/compare-paid-search-organic-search-without-sounding-foolish-275575", "row": 83, "column": 136, "tagName": "meta", "time": 2744.020306, "url": "", "pos": 1, "chunkLen": 1, "isStartTag": 1}}
06-28 09:21:19.703  8094  8107 E WProf.db: {"WprofHTMLTag": {"code": "0xb4cc7ab0", "doc": "http://searchengineland.com/compare-paid-search-organic-search-without-sounding-foolish-275575", "row": 84, "column": 49, "tagName": "meta", "time": 2744.020446, "url": "", "pos": 1, "chunkLen": 1, "isStartTag": 1}}
06-28 09:21:19.703  8094  8107 E WProf.db: {"WprofHTMLTag": {"code": "0xb4cc7ae0", "doc": "http://searchengineland.com/compare-paid-search-organic-search-without-sounding-foolish-275575", "row": 85, "column": 50, "tagName": "meta", "time": 2744.020586, "url": "", "pos": 1, "chunkLen": 1, "isStartTag": 1}}
06-28 09:21:19.703  8094  8107 E WProf.db: {"WprofHTMLTag": {"code": "0xb4cc7b10", "doc": "http://searchengineland.com/compare-paid-search-organic-search-without-sounding-foolish-275575", "row": 86, "column": 58, "tagName": "meta", "time": 2744.020727, "url": "", "pos": 1, "chunkLen": 1, "isStartTag": 1}}
06-28 09:21:19.703  8094  8107 E WProf.db: {"WprofHTMLTag": {"code": "0xb4cc7b40", "doc": "http://searchengineland.com/compare-paid-search-organic-search-without-sounding-foolish-275575", "row": 87, "column": 225, "tagName": "meta", "time": 2744.020871, "url": "", "pos": 1, "chunkLen": 1, "isStartTag": 1}}
06-28 09:21:19.703  8094  8107 E WProf.db: {"WprofHTMLTag": {"code": "0xb4cc7b70", "doc": "http://searchengineland.com/compare-paid-search-organic-search-without-sounding-foolish-275575", "row": 88, "column": 110, "tagName": "meta", "time": 2744.021023, "url": "", "pos": 1, "chunkLen": 1, "isStartTag": 1}}
06-28 09:21:19.703  8094  8107 E WProf.db: {"WprofHTMLTag": {"code": "0xb4cc7ba0", "doc": "http://searchengineland.com/compare-paid-search-organic-search-without-sounding-foolish-275575", "row": 89, "column": 51, "tagName": "meta", "time": 2744.021189, "url": "", "pos": 1, "chunkLen": 1, "isStartTag": 1}}
06-28 09:21:19.703  8094  8107 E WProf.db: {"WprofHTMLTag": {"code": "0xb4cc7bd0", "doc": "http://searchengineland.com/compare-paid-search-organic-search-without-sounding-foolish-275575", "row": 90, "column": 137, "tagName": "meta", "time": 2744.021338, "url": "", "pos": 1, "chunkLen": 1, "isStartTag": 1}}
06-28 09:21:19.704  8094  8107 E WProf.db: {"WprofHTMLTag": {"code": "0xb4cc7c00", "doc": "http://searchengineland.com/compare-paid-search-organic-search-without-sounding-foolish-275575", "row": 91, "column": 58, "tagName": "meta", "time": 2744.021478, "url": "", "pos": 1, "chunkLen": 1, "isStartTag": 1}}
06-28 09:21:19.704  8094  8107 E WProf.db: {"WprofHTMLTag": {"code": "0xb4cc7c30", "doc": "http://searchengineland.com/compare-paid-search-organic-search-without-sounding-foolish-275575", "row": 94, "column": 44, "tagName": "link", "time": 2744.021623, "url": "http://s.w.org/", "pos": 1, "chunkLen": 1, "isStartTag": 1}}
06-28 09:21:19.704  8094  8107 E WProf.db: {"WprofHTMLTag": {"code": "0xb4cc7c60", "doc": "http://searchengineland.com/compare-paid-search-organic-search-without-sounding-foolish-275575", "row": 95, "column": 33, "tagName": "script", "time": 2744.021911, "url": "", "pos": 1, "chunkLen": 1, "isStartTag": 1}}
06-28 09:21:19.704  8094  8107 E WProf.db: {"WprofHTMLTag": {"code": "0xb4cc7c90", "doc": "http://searchengineland.com/compare-paid-search-organic-search-without-sounding-foolish-275575", "row": 98, "column": 11, "tagName": "script", "time": 2744.022158, "url": "http://searchengineland.com/figz/wp-includes/js/wp-emoji-release.min.js?ver=4.7.5", "pos": 1, "chunkLen": 1, "isStartTag": 0}}
06-28 09:21:19.704  8094  8107 E WProf.db: {"WprofHTMLTag": {"code": "0x9ea7c990", "doc": "http://searchengineland.com/compare-paid-search-organic-search-without-sounding-foolish-275575", "row": 99, "column": 25, "tagName": "style", "time": 2744.571085, "url": "", "pos": 1, "chunkLen": 1, "isStartTag": 1}}
06-28 09:21:19.704  8094  8107 E WProf.db: {"WprofHTMLTag": {"code": "0x9ea7c9c0", "doc": "http://searchengineland.com/compare-paid-search-organic-search-without-sounding-foolish-275575", "row": 112, "column": 8, "tagName": "style", "time": 2744.571295, "url": "", "pos": 1, "chunkLen": 1, "isStartTag": 0}}
06-28 09:21:19.704  8094  8107 E WProf.db: {"WprofHTMLTag": {"code": "0x9ea7c9f0", "doc": "http://searchengineland.com/compare-paid-search-organic-search-without-sounding-foolish-275575", "row": 113, "column": 140, "tagName": "script", "time": 2744.575490, "url": "http://searchengineland.com/figz/wp-content/themes/searchengineland/js/lib/modernizr.custom.js?ver=1.0", "pos": 1, "chunkLen": 1, "isStartTag": 1}}
06-28 09:21:19.704  8094  8107 E WProf.db: {"WprofHTMLTag": {"code": "0x9ea7ca20", "doc": "http://searchengineland.com/compare-paid-search-organic-search-without-sounding-foolish-275575", "row": 113, "column": 149, "tagName": "script", "time": 2744.575724, "url": "", "pos": 1, "chunkLen": 1, "isStartTag": 0}}
06-28 09:21:19.704  8094  8107 E WProf.db: {"WprofHTMLTag": {"code": "0xaedd38a0", "doc": "http://searchengineland.com/compare-paid-search-organic-search-without-sounding-foolish-275575", "row": 114, "column": 144, "tagName": "script", "time": 2744.584129, "url": "http://searchengineland.com/figz/wp-content/themes/searchengineland/js/lib/jquery-1.11.0.min.js?ver=1.11.0", "pos": 1, "chunkLen": 1, "isStartTag": 1}}
06-28 09:21:19.704  8094  8107 E WProf.db: {"WprofHTMLTag": {"code": "0x9ea7cab0", "doc": "http://searchengineland.com/compare-paid-search-organic-search-without-sounding-foolish-275575", "row": 114, "column": 153, "tagName": "script", "time": 2744.584372, "url": "", "pos": 1, "chunkLen": 1, "isStartTag": 0}}
06-28 09:21:19.704  8094  8107 E WProf.db: {"WprofHTMLTag": {"code": "0xaedd3f00", "doc": "http://searchengineland.com/compare-paid-search-organic-search-without-sounding-foolish-275575", "row": 0, "column": 15, "tagName": "div", "time": 2744.643844, "url": "", "pos": 15, "chunkLen": 44, "isStartTag": 1}}
06-28 09:21:19.706  8094  8107 E WProf.db: {"WprofHTMLTag": {"code": "0xaedd3ed0", "doc": "http://searchengineland.com/compare-paid-search-organic-search-without-sounding-foolish-275575", "row": 0, "column": 21, "tagName": "div", "time": 2744.643971, "url": "", "pos": 21, "chunkLen": 44, "isStartTag": 0}}
06-28 09:21:19.707  8094  8107 E WProf.db: {"WprofHTMLTag": {"code": "0xaedd3ea0", "doc": "http://searchengineland.com/compare-paid-search-organic-search-without-sounding-foolish-275575", "row": 0, "column": 38, "tagName": "div", "time": 2744.644030, "url": "", "pos": 38, "chunkLen": 44, "isStartTag": 1}}
06-28 09:21:19.707  8094  8107 E WProf.db: {"WprofHTMLTag": {"code": "0xaedd3e70", "doc": "http://searchengineland.com/compare-paid-search-organic-search-without-sounding-foolish-275575", "row": 0, "column": 44, "tagName": "div", "time": 2744.644134, "url": "", "pos": 44, "chunkLen": 44, "isStartTag": 0}}
06-28 09:21:19.708  8094  8107 E WProf.db: {"WprofHTMLTag": {"code": "0x9ea7cb40", "doc": "http://searchengineland.com/compare-paid-search-organic-search-without-sounding-foolish-275575", "row": 0, "column": 13, "tagName": "select", "time": 2744.645532, "url": "", "pos": 13, "chunkLen": 51, "isStartTag": 1}}
06-28 09:21:19.708  8094  8107 E WProf.db: {"WprofHTMLTag": {"code": "0x9ea7cb70", "doc": "http://searchengineland.com/compare-paid-search-organic-search-without-sounding-foolish-275575", "row": 0, "column": 33, "tagName": "option", "time": 2744.645717, "url": "", "pos": 33, "chunkLen": 51, "isStartTag": 1}}
06-28 09:21:19.708  8094  8107 E WProf.db: {"WprofHTMLTag": {"code": "0x9ea7cba0", "doc": "http://searchengineland.com/compare-paid-search-organic-search-without-sounding-foolish-275575", "row": 0, "column": 42, "tagName": "option", "time": 2744.645911, "url": "", "pos": 42, "chunkLen": 51, "isStartTag": 0}}
06-28 09:21:19.709  8094  8107 E WProf.db: {"WprofHTMLTag": {"code": "0x9ea7cbd0", "doc": "http://searchengineland.com/compare-paid-search-organic-search-without-sounding-foolish-275575", "row": 0, "column": 51, "tagName": "select", "time": 2744.645964, "url": "", "pos": 51, "chunkLen": 51, "isStartTag": 0}}
06-28 09:21:19.709  8094  8107 E WProf.db: {"WprofHTMLTag": {"code": "0x9ea7cc00", "doc": "http://searchengineland.com/compare-paid-search-organic-search-without-sounding-foolish-275575", "row": 0, "column": 12, "tagName": "a", "time": 2744.650413, "url": "", "pos": 12, "chunkLen": 16, "isStartTag": 1}}
06-28 09:21:19.710  8094  8107 E WProf.db: {"WprofHTMLTag": {"code": "0x9ea7cc30", "doc": "http://searchengineland.com/compare-paid-search-organic-search-without-sounding-foolish-275575", "row": 0, "column": 16, "tagName": "a", "time": 2744.650571, "url": "", "pos": 16, "chunkLen": 16, "isStartTag": 0}}
06-28 09:21:19.710  8094  8107 E WProf.db: {"WprofHTMLTag": {"code": "0x9ea7cc60", "doc": "http://searchengineland.com/compare-paid-search-organic-search-without-sounding-foolish-275575", "row": 0, "column": 8, "tagName": "input", "time": 2744.651614, "url": "", "pos": 8, "chunkLen": 8, "isStartTag": 1}}
06-28 09:21:19.712  8094  8107 E WProf.db: {"WprofHTMLTag": {"code": "0x9ea7cc90", "doc": "http://searchengineland.com/compare-paid-search-organic-search-without-sounding-foolish-275575", "row": 0, "column": 9, "tagName": "link", "time": 2744.660557, "url": "", "pos": 9, "chunkLen": 42, "isStartTag": 1}}
06-28 09:21:19.712  8094  8107 E WProf.db: {"WprofHTMLTag": {"code": "0x9ea7ccc0", "doc": "http://searchengineland.com/compare-paid-search-organic-search-without-sounding-foolish-275575", "row": 0, "column": 16, "tagName": "table", "time": 2744.660682, "url": "", "pos": 16, "chunkLen": 42, "isStartTag": 1}}
06-28 09:21:19.713  8094  8107 E WProf.db: {"WprofHTMLTag": {"code": "0x9ea7ccf0", "doc": "http://searchengineland.com/compare-paid-search-organic-search-without-sounding-foolish-275575", "row": 0, "column": 24, "tagName": "table", "time": 2744.660824, "url": "", "pos": 24, "chunkLen": 42, "isStartTag": 0}}
06-28 09:21:19.714  8094  8107 E WProf.db: {"WprofHTMLTag": {"code": "0x9ea7cd20", "doc": "http://searchengineland.com/compare-paid-search-organic-search-without-sounding-foolish-275575", "row": 0, "column": 37, "tagName": "a", "time": 2744.660893, "url": "", "pos": 37, "chunkLen": 42, "isStartTag": 1}}
06-28 09:21:19.714  8094  8107 E WProf.db: {"WprofHTMLTag": {"code": "0x9ea7cd50", "doc": "http://searchengineland.com/compare-paid-search-organic-search-without-sounding-foolish-275575", "row": 0, "column": 42, "tagName": "a", "time": 2744.661074, "url": "", "pos": 42, "chunkLen": 42, "isStartTag": 0}}
06-28 09:21:19.715  8094  8107 E WProf.db: {"WprofHTMLTag": {"code": "0x9ea7cde0", "doc": "http://searchengineland.com/compare-paid-search-organic-search-without-sounding-foolish-275575", "row": 0, "column": 10, "tagName": "textarea", "time": 2744.662307, "url": "", "pos": 10, "chunkLen": 22, "isStartTag": 1}}
06-28 09:21:19.715  8094  8107 E WProf.db: {"WprofHTMLTag": {"code": "0x9ea7ce10", "doc": "http://searchengineland.com/compare-paid-search-organic-search-without-sounding-foolish-275575", "row": 0, "column": 22, "tagName": "textarea", "time": 2744.662493, "url": "", "pos": 22, "chunkLen": 22, "isStartTag": 0}}
06-28 09:21:19.715  8094  8107 E WProf.db: {"WprofHTMLTag": {"code": "0x9ea7ce40", "doc": "http://searchengineland.com/compare-paid-search-organic-search-without-sounding-foolish-275575", "row": 0, "column": 48, "tagName": "input", "time": 2744.663631, "url": "", "pos": 48, "chunkLen": 48, "isStartTag": 1}}
06-28 09:21:19.716  8094  8107 E WProf.db: {"WprofHTMLTag": {"code": "0x9ea7cea0", "doc": "http://searchengineland.com/compare-paid-search-organic-search-without-sounding-foolish-275575", "row": 0, "column": 9, "tagName": "link", "time": 2744.667959, "url": "", "pos": 9, "chunkLen": 66, "isStartTag": 1}}
06-28 09:21:19.716  8094  8107 E WProf.db: {"WprofHTMLTag": {"code": "0x9ea7ced0", "doc": "http://searchengineland.com/compare-paid-search-organic-search-without-sounding-foolish-275575", "row": 0, "column": 16, "tagName": "table", "time": 2744.668067, "url": "", "pos": 16, "chunkLen": 66, "isStartTag": 1}}
06-28 09:21:19.717  8094  8107 E WProf.db: {"WprofHTMLTag": {"code": "0x9ea7cf00", "doc": "http://searchengineland.com/compare-paid-search-organic-search-without-sounding-foolish-275575", "row": 0, "column": 24, "tagName": "table", "time": 2744.668139, "url": "", "pos": 24, "chunkLen": 66, "isStartTag": 0}}
06-28 09:21:19.717  8094  8107 E WProf.db: {"WprofHTMLTag": {"code": "0x9ea7cf30", "doc": "http://searchengineland.com/compare-paid-search-organic-search-without-sounding-foolish-275575", "row": 0, "column": 37, "tagName": "a", "time": 2744.668204, "url": "", "pos": 37, "chunkLen": 66, "isStartTag": 1}}
06-28 09:21:19.719  8094  8107 E WProf.db: {"WprofHTMLTag": {"code": "0x9ea7cf60", "doc": "http://searchengineland.com/compare-paid-search-organic-search-without-sounding-foolish-275575", "row": 0, "column": 42, "tagName": "a", "time": 2744.668381, "url": "", "pos": 42, "chunkLen": 66, "isStartTag": 0}}
06-28 09:21:19.720  8094  8107 E WProf.db: {"WprofHTMLTag": {"code": "0x9ea7cf90", "doc": "http://searchengineland.com/compare-paid-search-organic-search-without-sounding-foolish-275575", "row": 0, "column": 66, "tagName": "input", "time": 2744.668440, "url": "", "pos": 66, "chunkLen": 66, "isStartTag": 1}}
06-28 09:21:19.720  8094  8107 E WProf.db: {"WprofHTMLTag": {"code": "0x9ea7d020", "doc": "http://searchengineland.com/compare-paid-search-organic-search-without-sounding-foolish-275575", "row": 0, "column": 9, "tagName": "link", "time": 2744.670228, "url": "", "pos": 9, "chunkLen": 66, "isStartTag": 1}}
06-28 09:21:19.721  8094  8107 E WProf.db: {"WprofHTMLTag": {"code": "0x9ea7d050", "doc": "http://searchengineland.com/compare-paid-search-organic-search-without-sounding-foolish-275575", "row": 0, "column": 16, "tagName": "table", "time": 2744.670331, "url": "", "pos": 16, "chunkLen": 66, "isStartTag": 1}}
06-28 09:21:19.721  8094  8107 E WProf.db: {"WprofHTMLTag": {"code": "0x9ea7d080", "doc": "http://searchengineland.com/compare-paid-search-organic-search-without-sounding-foolish-275575", "row": 0, "column": 24, "tagName": "table", "time": 2744.670399, "url": "", "pos": 24, "chunkLen": 66, "isStartTag": 0}}
06-28 09:21:19.722  8094  8107 E WProf.db: {"WprofHTMLTag": {"code": "0x9ea7d0b0", "doc": "http://searchengineland.com/compare-paid-search-organic-search-without-sounding-foolish-275575", "row": 0, "column": 37, "tagName": "a", "time": 2744.670461, "url": "", "pos": 37, "chunkLen": 66, "isStartTag": 1}}
06-28 09:21:19.723  8094  8107 E WProf.db: {"WprofHTMLTag": {"code": "0x9ea7d0e0", "doc": "http://searchengineland.com/compare-paid-search-organic-search-without-sounding-foolish-275575", "row": 0, "column": 42, "tagName": "a", "time": 2744.670623, "url": "", "pos": 42, "chunkLen": 66, "isStartTag": 0}}
06-28 09:21:19.723  8094  8107 E WProf.db: {"WprofHTMLTag": {"code": "0x9ea7d110", "doc": "http://searchengineland.com/compare-paid-search-organic-search-without-sounding-foolish-275575", "row": 0, "column": 66, "tagName": "input", "time": 2744.670683, "url": "", "pos": 66, "chunkLen": 66, "isStartTag": 1}}
06-28 09:21:19.724  8094  8107 E WProf.db: {"WprofHTMLTag": {"code": "0x9ea7d170", "doc": "http://searchengineland.com/compare-paid-search-organic-search-without-sounding-foolish-275575", "row": 0, "column": 9, "tagName": "link", "time": 2744.674699, "url": "", "pos": 9, "chunkLen": 66, "isStartTag": 1}}
