--------- beginning of main
--------- beginning of system
06-28 13:57:22.335  3449  3449 E Finsky  : [1] com.google.android.finsky.wear.bl.a(3): onConnectionFailed: ConnectionResult{statusCode=API_UNAVAILABLE, resolution=null, message=null}
06-28 13:57:23.562  8868  8868 E chromium: [ERROR:shell_integration_android.cc(12)] Not implemented reached in static ShellIntegration::DefaultWebClientSetPermission ShellIntegration::CanSetAsDefaultBrowser()
06-28 13:57:23.565  8868  8868 E chromium: [ERROR:browser_process_impl.cc(720)] Not implemented reached in virtual BackgroundModeManager* BrowserProcessImpl::background_mode_manager()
06-28 13:57:23.827  3218 23949 E AudioRecord-JNI: Error -4 during AudioRecord native read
06-28 13:57:26.115  8868  8918 E chromium: [ERROR:gles2_cmd_decoder.cc(3852)] [.ChromiumCompositor-0xacbb2fc0]GL ERROR :GL_INVALID_ENUM : glDiscardFramebufferEXT: attachments was GL_COLOR_EXT
06-28 13:57:26.427  8940  8953 E WPROF   : {"CSS": {"url": "http://searchengineland.com/figz/wp-content/themes/searchengineland/css/searchengineland-bootstrap.css", "requestTime": 19323.483062}}
06-28 13:57:26.431  8940  8953 E WPROF   : {"CSS": {"url": "http://fonts.googleapis.com/css?family=Oswald:300,400,700", "requestTime": 19323.486790}}
06-28 13:57:26.437  8940  8953 E WPROF   : {"CSS": {"url": "http://searchengineland.com/figz/wp-content/themes/searchengineland/style.css", "requestTime": 19323.492484}}
06-28 13:57:26.464  8940  8953 E WPROF   : {"Javascript": {"url": "http://searchengineland.com/figz/wp-content/themes/searchengineland/js/lib/modernizr.custom.js?ver=1.0", "requestTime": 19323.519712}}
06-28 13:57:26.465  8940  8953 E WPROF   : {"Javascript": {"url": "http://searchengineland.com/figz/wp-content/themes/searchengineland/js/lib/jquery-1.11.0.min.js?ver=1.11.0", "requestTime": 19323.521165}}
06-28 13:57:26.466  8940  8953 E WPROF   : {"Javascript": {"url": "http://searchengineland.com/figz/wp-content/themes/searchengineland/js/lib/jquery-ui-1.10.3.custom.min.js?ver=1.10.3", "requestTime": 19323.521881}}
06-28 13:57:26.467  8940  8953 E WPROF   : {"Javascript": {"url": "http://searchengineland.com/figz/wp-content/themes/searchengineland/js/lib/jquery.ba-throttle-debounce.min.js?ver=1.1", "requestTime": 19323.522403}}
06-28 13:57:26.467  8940  8953 E WPROF   : {"Javascript": {"url": "http://searchengineland.com/figz/wp-content/themes/searchengineland/js/lib/jquery.countdown.min.js?ver=2.0.4", "requestTime": 19323.522953}}
06-28 13:57:26.468  8940  8953 E WPROF   : {"Javascript": {"url": "http://static.chartbeat.com/js/chartbeat_mab.js", "requestTime": 19323.523551}}
06-28 13:57:26.960  8940  8953 E WPROF   : {"Javascript": {"url": "http://searchengineland.com/figz/wp-includes/js/wp-emoji-release.min.js?ver=4.7.5", "requestTime": 19324.015517}}
06-28 13:57:27.666  8940  8953 E WPROF   : {"Javascript": {"url": "http://www.googletagservices.com/tag/js/gpt.js", "requestTime": 19324.721920}}
06-28 13:57:27.675  8940  8953 E WPROF   : {"Javascript": {"url": "https://www.google-analytics.com/analytics.js", "requestTime": 19324.730277}}
06-28 13:57:27.681  8940  8953 E WPROF   : {"Javascript": {"url": "http://edge.quantserve.com/quant.js", "requestTime": 19324.736247}}
06-28 13:57:27.683  8940  8953 E WPROF   : {"Javascript": {"url": "https://connect.facebook.net/en_US/fbevents.js", "requestTime": 19324.739191}}
06-28 13:57:27.749  8868  8918 E chromium: [ERROR:gles2_cmd_decoder.cc(3852)] [.ChromiumCompositor-0xacbb2fc0]GL ERROR :GL_INVALID_ENUM : glDiscardFramebufferEXT: attachments was GL_COLOR_EXT
06-28 13:57:27.796  8940  8953 E WPROF   : {"Javascript": {"url": "http://app-sj02.marketo.com/js/forms2/js/forms2.min.js", "requestTime": 19324.852063}}
06-28 13:57:27.874  8868  8918 E chromium: [ERROR:gles2_cmd_decoder.cc(3852)] [.ChromiumCompositor-0xacbb2fc0]GL ERROR :GL_INVALID_ENUM : glDiscardFramebufferEXT: attachments was GL_COLOR_EXT
06-28 13:57:27.916  8940  8953 E WPROF   : {"Javascript": {"url": "https://connect.facebook.net/signals/config/423979991297359?v=2.7.17", "requestTime": 19324.972043}}
06-28 13:57:28.079  8940  8953 E WPROF   : {"Javascript": {"url": "http://app-sj02.marketo.com/index.php/form/getForm?munchkinId=727-ZQE-044&form=5691&url=http%3A%2F%2Fsearchengineland.com%2Fdata-google-monthly-search-volume-dwarfs-rivals-mobile-advantage-269120&callback=jQuery110209367104573175311_1498625848003&_=1498625848004", "requestTime": 19325.134697}}
06-28 13:57:28.096  8940  8953 E WPROF   : {"Javascript": {"url": "http://app-sj02.marketo.com/index.php/form/getForm?munchkinId=727-ZQE-044&form=5685&url=http%3A%2F%2Fsearchengineland.com%2Fdata-google-monthly-search-volume-dwarfs-rivals-mobile-advantage-269120&callback=jQuery110209367104573175311_1498625848005&_=1498625848006", "requestTime": 19325.151735}}
06-28 13:57:28.125  8940  8953 E WPROF   : {"Javascript": {"url": "https://securepubads.g.doubleclick.net/gpt/pubads_impl_121.js", "requestTime": 19325.181067}}
06-28 13:57:28.303  8940  8953 E WPROF   : {"Javascript": {"url": "http://app-sj02.marketo.com/index.php/form/getForm?munchkinId=727-ZQE-044&form=5673&url=http%3A%2F%2Fsearchengineland.com%2Fdata-google-monthly-search-volume-dwarfs-rivals-mobile-advantage-269120&callback=jQuery110209367104573175311_1498625848007&_=1498625848008", "requestTime": 19325.358887}}
06-28 13:57:28.318  8940  8953 E WPROF   : {"Javascript": {"url": "http://searchengineland.com/js/ga_social_tracking.js", "requestTime": 19325.373483}}
06-28 13:57:28.319  8940  8953 E WPROF   : {"Javascript": {"url": "http://s7.addthis.com/js/300/addthis_widget.js#pubid=ra-53e918f660794f37", "requestTime": 19325.374576}}
06-28 13:57:28.376  8868  8918 E chromium: [ERROR:gles2_cmd_decoder.cc(3852)] [.ChromiumCompositor-0xacbb2fc0]GL ERROR :GL_INVALID_ENUM : glDiscardFramebufferEXT: attachments was GL_COLOR_EXT
06-28 13:57:28.819  8940  8953 E WPROF   : {"CSS": {"url": "http://app-sj02.marketo.com/js/forms2/css/forms2.css", "requestTime": 19325.874767}}
06-28 13:57:28.822  8940  8953 E WPROF   : {"CSS": {"url": "http://app-sj02.marketo.com/js/forms2/css/forms2-theme-simple.css", "requestTime": 19325.878100}}
06-28 13:57:28.910  8868  8918 E chromium: [ERROR:gles2_cmd_decoder.cc(3852)] [.ChromiumCompositor-0xacbb2fc0]GL ERROR :GL_INVALID_ENUM : glDiscardFramebufferEXT: attachments was GL_COLOR_EXT
06-28 13:57:29.073   862  1657 E LocSvc_IzatApiV02: E/virtual int izat_core::IzatApiV02::getBatchSize(int32_t):522]: Error : st = 4, ind.status = -1628389555
06-28 13:57:29.073   862  1657 E LocSvc_IzatApiV02: E/virtual int izat_core::IzatApiV02::getBatchSize(int32_t):535]: get batching size failed.Or modem does not support batching 
06-28 13:57:29.085   862  1657 E LocSvc_IzatApiV02: E/virtual int izat_core::IzatApiV02::getBatchSize(int32_t):522]: Error : st = 4, ind.status = -1628389555
06-28 13:57:29.085   862  1657 E LocSvc_IzatApiV02: E/virtual int izat_core::IzatApiV02::getBatchSize(int32_t):535]: get batching size failed.Or modem does not support batching 
06-28 13:57:29.117   862  1657 E LocSvc_IzatApiV02: E/virtual int izat_core::IzatApiV02::getBatchSize(int32_t):522]: Error : st = 4, ind.status = -1628389555
06-28 13:57:29.117   862  1657 E LocSvc_IzatApiV02: E/virtual int izat_core::IzatApiV02::getBatchSize(int32_t):535]: get batching size failed.Or modem does not support batching 
06-28 13:57:29.132   862  1657 E LocSvc_IzatApiV02: E/virtual int izat_core::IzatApiV02::getBatchSize(int32_t):522]: Error : st = 4, ind.status = -1628389555
06-28 13:57:29.132   862  1657 E LocSvc_IzatApiV02: E/virtual int izat_core::IzatApiV02::getBatchSize(int32_t):535]: get batching size failed.Or modem does not support batching 
06-28 13:57:29.533  8940  8953 E WPROF   : {"Javascript": {"url": "https://securepubads.g.doubleclick.net/gampad/ads?gdfp_req=1&correlator=477475541876736&output=json_html&callback=googletag.impl.pubads.callbackProxy1&impl=fifs&json_a=1&eid=108809080%2C108809107&sc=0&sfv=1-0-9&iu_parts=1038259%2Csel-ciu-1%2Csel-ciu-2%2Csel-ciu-3%2Csel-ciu-4%2Csel-ciu-5%2Cch-consume", "requestTime": 19326.589160}}
06-28 13:57:29.581  8940  8953 E WPROF   : {"Javascript": {"url": "https://static.xx.fbcdn.net/rsrc.php/v3iy6L4/yk/l/ko_KR/be4fIjHRc8P.js", "requestTime": 19326.637186}}
06-28 13:57:29.778  8940  8953 E WPROF   : {"Javascript": {"url": "http://cdn.api.twitter.com/1/users/show.json?screen_name=gsterling&callback=twttr.setFollowersCount", "requestTime": 19326.833429}}
06-28 13:57:30.258  8940  8953 E WPROF   : {"Javascript": {"url": "http://platform.twitter.com/widgets.js", "requestTime": 19327.313974}}
06-28 13:57:30.261  8940  8953 E WPROF   : {"Javascript": {"url": "http://connect.facebook.net/en_US/sdk.js", "requestTime": 19327.316831}}
06-28 13:57:30.264  8940  8953 E WPROF   : {"Javascript": {"url": "https://apis.google.com/js/platform.js", "requestTime": 19327.319420}}
06-28 13:57:30.282  8940  8953 E WPROF   : {"Javascript": {"url": "http://rules.quantcount.com/rules-p-5aGizvD82d9hk.js", "requestTime": 19327.337885}}
06-28 13:57:30.285  8940  8953 E WPROF   : {"Javascript": {"url": "http://munchkin.marketo.net/munchkin.js", "requestTime": 19327.340976}}
06-28 13:57:30.369  8868  8918 E chromium: [ERROR:gles2_cmd_decoder.cc(3852)] [.ChromiumCompositor-0xacbb2fc0]GL ERROR :GL_INVALID_ENUM : glDiscardFramebufferEXT: attachments was GL_COLOR_EXT
06-28 13:57:30.582  8940  8953 E WPROF   : {"Javascript": {"url": "http://d2j3qa5nc37287.cloudfront.net/coupon_code1.js", "requestTime": 19327.638176}}
06-28 13:57:30.585  8940  8953 E WPROF   : {"Javascript": {"url": "http://www.googleadservices.com/pagead/conversion.js", "requestTime": 19327.640718}}
06-28 13:57:30.586  8940  8953 E WPROF   : {"Javascript": {"url": "http://searchengineland.com/figz/wp-content/themes/searchengineland/js/script.js?ver=1.0", "requestTime": 19327.641399}}
06-28 13:57:30.586  8940  8953 E WPROF   : {"Javascript": {"url": "http://searchengineland.com/figz/wp-includes/js/wp-embed.min.js?ver=4.7.5", "requestTime": 19327.641756}}
06-28 13:57:30.586  8940  8953 E WPROF   : {"Javascript": {"url": "http://searchengineland.com/figz/wp-content/themes/searchengineland/js/modules/sharing_controls.js", "requestTime": 19327.642135}}
06-28 13:57:30.602  8940  8953 E WPROF   : {"CSS": {"url": "https://www.youtube.com/yts/cssbin/www-embed-player-sprite-mode-vfl5G4Xm8.css", "requestTime": 19327.657896}}
06-28 13:57:30.604  8940  8953 E WPROF   : {"Javascript": {"url": "https://www.youtube.com/yts/jsbin/www-embed-player-vfl_UY_j8/www-embed-player.js", "requestTime": 19327.659260}}
06-28 13:57:30.604  8940  8953 E WPROF   : {"Javascript": {"url": "https://www.youtube.com/yts/jsbin/player-vflo1w4O-/ko_KR/base.js", "requestTime": 19327.659747}}
06-28 13:57:30.606  8868  8918 E chromium: [ERROR:gles2_cmd_decoder.cc(3852)] [.ChromiumCompositor-0xacbb2fc0]GL ERROR :GL_INVALID_ENUM : glDiscardFramebufferEXT: attachments was GL_COLOR_EXT
06-28 13:57:31.305  8940  8953 E WPROF   : {"Javascript": {"url": "http://dnn506yrbagrg.cloudfront.net/pages/scripts/0026/4062.js?416284", "requestTime": 19328.360530}}
06-28 13:57:31.719  8940  8953 E WPROF   : {"Javascript": {"url": "http://m.addthisedge.com/live/boost/ra-53e918f660794f37/_ate.track.config_resp", "requestTime": 19328.774578}}
06-28 13:57:31.775  8940  8953 E WPROF   : {"Javascript": {"url": "http://m.addthis.com/live/red_lojson/300lo.json?si=5953373ae3adeb7a&bkl=0&bl=1&pdt=2280&sid=5953373ae3adeb7a&pub=ra-53e918f660794f37&rev=v7.15.4-wp&ln=ko&pc=men&cb=0&ab=-&dp=searchengineland.com&fp=data-google-monthly-search-volume-dwarfs-rivals-mobile-advantage-269120&fr=&of=0&pd=0&irt=0&vcl=0&md=0", "requestTime": 19328.830922}}
06-28 13:57:31.902  8868  8918 E chromium: [ERROR:gles2_cmd_decoder.cc(3852)] [.ChromiumCompositor-0xacbb2fc0]GL ERROR :GL_INVALID_ENUM : glDiscardFramebufferEXT: attachments was GL_COLOR_EXT
06-28 13:57:32.148  8868  8918 E chromium: [ERROR:gles2_cmd_decoder.cc(3852)] [.ChromiumCompositor-0xacbb2fc0]GL ERROR :GL_INVALID_ENUM : glDiscardFramebufferEXT: attachments was GL_COLOR_EXT
06-28 13:57:33.404  8940  8953 E WPROF   : {"Javascript": {"url": "https://www.google.com/js/bg/KWBfAnWFESAEEaKKgdYlTHY9ysQaNoQuzeMFqvxDSM8.js", "requestTime": 19330.459678}}
06-28 13:57:33.406  8940  8953 E WPROF   : {"Javascript": {"url": "https://static.doubleclick.net/instream/ad_status.js", "requestTime": 19330.462136}}
06-28 13:57:33.757  8868  8918 E chromium: [ERROR:gles2_cmd_decoder.cc(3852)] [.ChromiumCompositor-0xacbb2fc0]GL ERROR :GL_INVALID_ENUM : glDiscardFramebufferEXT: attachments was GL_COLOR_EXT
06-28 13:57:33.890  8868  8918 E chromium: [ERROR:gles2_cmd_decoder.cc(3852)] [.ChromiumCompositor-0xacbb2fc0]GL ERROR :GL_INVALID_ENUM : glDiscardFramebufferEXT: attachments was GL_COLOR_EXT
06-28 13:57:34.688  8940  8953 E WPROF   : {"Javascript": {"url": "https://tpc.googlesyndication.com/pagead/js/r20170619/r20110914/client/ext/m_window_focus_non_hydra.js", "requestTime": 19331.743506}}
06-28 13:57:34.689  8940  8953 E WPROF   : {"Javascript": {"url": "https://tpc.googlesyndication.com/pagead/js/r20170619/r20110914/activeview/osd_listener.js", "requestTime": 19331.744991}}
06-28 13:57:34.696  8940  8953 E WPROF   : {"Javascript": {"url": "http://pagead2.googlesyndication.com/pagead/osd.js", "requestTime": 19331.752099}}
06-28 13:57:34.809  8940  8953 E WPROF   : {"Javascript": {"url": "http://munchkin.marketo.net/151/munchkin.js", "requestTime": 19331.864764}}
06-28 13:57:34.984  8940  8953 E WPROF   : {"Javascript": {"url": "https://platform.twitter.com/js/button.b731e6c82269f70f6fc53634e044a4c6.js", "requestTime": 19332.039945}}
06-28 13:57:34.993  8940  8953 E WPROF   : {"Javascript": {"url": "http://www.justuno.com/ajax/account_version_check.html?id=828FA275-FF73-401E-AA39-40F5A6FAB6B1", "requestTime": 19332.048603}}
06-28 13:57:35.235  8940  8953 E WPROF   : {"Javascript": {"url": "http://s7.addthis.com/static/layers.4acb6c577b51939661ec.js", "requestTime": 19332.290873}}
06-28 13:57:35.311  8868  8918 E chromium: [ERROR:gles2_cmd_decoder.cc(3852)] [.ChromiumCompositor-0xacbb2fc0]GL ERROR :GL_INVALID_ENUM : glDiscardFramebufferEXT: attachments was GL_COLOR_EXT
06-28 13:57:35.538  8868  8918 E chromium: [ERROR:gles2_cmd_decoder.cc(3852)] [.ChromiumCompositor-0xacbb2fc0]GL ERROR :GL_INVALID_ENUM : glDiscardFramebufferEXT: attachments was GL_COLOR_EXT
06-28 13:57:35.572  8868  8918 E chromium: [ERROR:gles2_cmd_decoder.cc(3852)] [.ChromiumCompositor-0xacbb2fc0]GL ERROR :GL_INVALID_ENUM : glDiscardFramebufferEXT: attachments was GL_COLOR_EXT
06-28 13:57:35.792  8868  8918 E chromium: [ERROR:gles2_cmd_decoder.cc(3852)] [.ChromiumCompositor-0xacbb2fc0]GL ERROR :GL_INVALID_ENUM : glDiscardFramebufferEXT: attachments was GL_COLOR_EXT
06-28 13:57:35.958  8868  8918 E chromium: [ERROR:gles2_cmd_decoder.cc(3852)] [.ChromiumCompositor-0xacbb2fc0]GL ERROR :GL_INVALID_ENUM : glDiscardFramebufferEXT: attachments was GL_COLOR_EXT
06-28 13:57:36.030  8940  8953 E WPROF   : {"Javascript": {"url": "https://app-sj02.marketo.com/js/forms2/js/forms2.min.js", "requestTime": 19333.086188}}
06-28 13:57:36.042  8868  8918 E chromium: [ERROR:gles2_cmd_decoder.cc(3852)] [.ChromiumCompositor-0xacbb2fc0]GL ERROR :GL_INVALID_ENUM : glDiscardFramebufferEXT: attachments was GL_COLOR_EXT
06-28 13:57:38.469  8940  8953 E WPROF   : {"Javascript": {"url": "http://cdn.justuno.com/mwgt_3.6.js", "requestTime": 19335.525100}}
06-28 13:57:38.691  8868  8918 E chromium: [ERROR:gles2_cmd_decoder.cc(3852)] [.ChromiumCompositor-0xacbb2fc0]GL ERROR :GL_INVALID_ENUM : glDiscardFramebufferEXT: attachments was GL_COLOR_EXT
06-28 13:57:38.719  8868  8918 E chromium: [ERROR:gles2_cmd_decoder.cc(3852)] [.ChromiumCompositor-0xacbb2fc0]GL ERROR :GL_INVALID_ENUM : glDiscardFramebufferEXT: attachments was GL_COLOR_EXT
06-28 13:57:39.168  8868  8918 E chromium: [ERROR:gles2_cmd_decoder.cc(3852)] [.ChromiumCompositor-0xacbb2fc0]GL ERROR :GL_INVALID_ENUM : glDiscardFramebufferEXT: attachments was GL_COLOR_EXT
06-28 13:57:39.658  8940  8953 E WProf.db: {"page": "searchengineland.com_data-google-monthly-search-volume-dwarfs-rivals-mobile-advantage-269120"}
06-28 13:57:39.658  8940  8953 E WProf.db: {"DOMLoad": 19336.713919}
06-28 13:57:39.658  8940  8953 E WProf.db: {"Resource": {"id": 1, "url": "http://searchengineland.com/data-google-monthly-search-volume-dwarfs-rivals-mobile-advantage-269120", "sentTime": -1.000000, "len": 93368, "from": "0x0", "mimeType": "text/html", "contentLength": -1, "httpStatus": 200, "connId": 20, "connReused": 1, "cached": 0,"requestTime": 19323.099282, "proxyStart": -1, "proxyEnd": -1, "dnsStart": -1, "dnsEnd": -1, "connectStart": 0, "connectEnd": 111, "sendStart": 111, "sendEnd": 112, "receiveHeadersEnd": 266, "sslStart": -1, "sslEnd": -1}}
06-28 13:57:39.658  8940  8953 E WProf.db: {"ReceivedChunk": {"receivedTime": 19323.385948, "len": 12466}}
06-28 13:57:39.658  8940  8953 E WProf.db: {"ReceivedChunk": {"receivedTime": 19323.471280, "len": 32768}}
06-28 13:57:39.659  8940  8953 E WProf.db: {"ReceivedChunk": {"receivedTime": 19323.471705, "len": 27318}}
06-28 13:57:39.659  8940  8953 E WProf.db: {"ReceivedChunk": {"receivedTime": 19323.524042, "len": 19350}}
06-28 13:57:39.659  8940  8953 E WProf.db: {"ReceivedChunk": {"receivedTime": 19323.524676, "len": 1466}}
06-28 13:57:39.659  8940  8953 E WProf.db: {"WprofHTMLTag": {"code": "0xaedd6630", "doc": "http://searchengineland.com/data-google-monthly-search-volume-dwarfs-rivals-mobile-advantage-269120", "row": 6, "column": 42, "tagName": "html", "time": 19323.474992, "url": "", "pos": 1, "chunkLen": 1, "isStartTag": 1}}
06-28 13:57:39.659  8940  8953 E WProf.db: {"WprofHTMLTag": {"code": "0xaf047820", "doc": "http://searchengineland.com/data-google-monthly-search-volume-dwarfs-rivals-mobile-advantage-269120", "row": 7, "column": 6, "tagName": "head", "time": 19323.475231, "url": "", "pos": 1, "chunkLen": 1, "isStartTag": 1}}
06-28 13:57:39.659  8940  8953 E WProf.db: {"WprofHTMLTag": {"code": "0xaf047850", "doc": "http://searchengineland.com/data-google-monthly-search-volume-dwarfs-rivals-mobile-advantage-269120", "row": 8, "column": 54, "tagName": "meta", "time": 19323.475652, "url": "", "pos": 1, "chunkLen": 1, "isStartTag": 1}}
06-28 13:57:39.659  8940  8953 E WProf.db: {"WprofHTMLTag": {"code": "0xaf047880", "doc": "http://searchengineland.com/data-google-monthly-search-volume-dwarfs-rivals-mobile-advantage-269120", "row": 9, "column": 68, "tagName": "meta", "time": 19323.475811, "url": "", "pos": 1, "chunkLen": 1, "isStartTag": 1}}
06-28 13:57:39.659  8940  8953 E WProf.db: {"WprofHTMLTag": {"code": "0xaf0478b0", "doc": "http://searchengineland.com/data-google-monthly-search-volume-dwarfs-rivals-mobile-advantage-269120", "row": 10, "column": 23, "tagName": "meta", "time": 19323.475917, "url": "", "pos": 1, "chunkLen": 1, "isStartTag": 1}}
06-28 13:57:39.659  8940  8953 E WProf.db: {"WprofHTMLTag": {"code": "0xaf0478e0", "doc": "http://searchengineland.com/data-google-monthly-search-volume-dwarfs-rivals-mobile-advantage-269120", "row": 11, "column": 52, "tagName": "meta", "time": 19323.476046, "url": "", "pos": 1, "chunkLen": 1, "isStartTag": 1}}
06-28 13:57:39.664  8940  8953 E WProf.db: {"WprofHTMLTag": {"code": "0xaf047910", "doc": "http://searchengineland.com/data-google-monthly-search-volume-dwarfs-rivals-mobile-advantage-269120", "row": 14, "column": 56, "tagName": "meta", "time": 19323.476178, "url": "", "pos": 1, "chunkLen": 1, "isStartTag": 1}}
06-28 13:57:39.664  8940  8953 E WProf.db: {"WprofHTMLTag": {"code": "0xaf047940", "doc": "http://searchengineland.com/data-google-monthly-search-volume-dwarfs-rivals-mobile-advantage-269120", "row": 15, "column": 83, "tagName": "meta", "time": 19323.476286, "url": "", "pos": 1, "chunkLen": 1, "isStartTag": 1}}
06-28 13:57:39.664  8940  8953 E WProf.db: {"WprofHTMLTag": {"code": "0xaf047970", "doc": "http://searchengineland.com/data-google-monthly-search-volume-dwarfs-rivals-mobile-advantage-269120", "row": 16, "column": 57, "tagName": "meta", "time": 19323.476398, "url": "", "pos": 1, "chunkLen": 1, "isStartTag": 1}}
06-28 13:57:39.664  8940  8953 E WProf.db: {"WprofHTMLTag": {"code": "0xaf047a00", "doc": "http://searchengineland.com/data-google-monthly-search-volume-dwarfs-rivals-mobile-advantage-269120", "row": 17, "column": 41, "tagName": "meta", "time": 19323.476514, "url": "", "pos": 1, "chunkLen": 1, "isStartTag": 1}}
06-28 13:57:39.664  8940  8953 E WProf.db: {"WprofHTMLTag": {"code": "0xaf047a30", "doc": "http://searchengineland.com/data-google-monthly-search-volume-dwarfs-rivals-mobile-advantage-269120", "row": 18, "column": 50, "tagName": "meta", "time": 19323.476920, "url": "", "pos": 1, "chunkLen": 1, "isStartTag": 1}}
06-28 13:57:39.664  8940  8953 E WProf.db: {"WprofHTMLTag": {"code": "0xaf047a60", "doc": "http://searchengineland.com/data-google-monthly-search-volume-dwarfs-rivals-mobile-advantage-269120", "row": 19, "column": 174, "tagName": "meta", "time": 19323.477539, "url": "", "pos": 1, "chunkLen": 1, "isStartTag": 1}}
06-28 13:57:39.664  8940  8953 E WProf.db: {"WprofHTMLTag": {"code": "0xaf0479d0", "doc": "http://searchengineland.com/data-google-monthly-search-volume-dwarfs-rivals-mobile-advantage-269120", "row": 20, "column": 47, "tagName": "meta", "time": 19323.477645, "url": "", "pos": 1, "chunkLen": 1, "isStartTag": 1}}
06-28 13:57:39.665  8940  8953 E WProf.db: {"WprofHTMLTag": {"code": "0xaf0479a0", "doc": "http://searchengineland.com/data-google-monthly-search-volume-dwarfs-rivals-mobile-advantage-269120", "row": 21, "column": 67, "tagName": "meta", "time": 19323.477744, "url": "", "pos": 1, "chunkLen": 1, "isStartTag": 1}}
06-28 13:57:39.665  8940  8953 E WProf.db: {"WprofHTMLTag": {"code": "0xaf047a90", "doc": "http://searchengineland.com/data-google-monthly-search-volume-dwarfs-rivals-mobile-advantage-269120", "row": 22, "column": 57, "tagName": "meta", "time": 19323.477845, "url": "", "pos": 1, "chunkLen": 1, "isStartTag": 1}}
06-28 13:57:39.665  8940  8953 E WProf.db: {"WprofHTMLTag": {"code": "0xaf047ac0", "doc": "http://searchengineland.com/data-google-monthly-search-volume-dwarfs-rivals-mobile-advantage-269120", "row": 23, "column": 65, "tagName": "meta", "time": 19323.477948, "url": "", "pos": 1, "chunkLen": 1, "isStartTag": 1}}
06-28 13:57:39.665  8940  8953 E WProf.db: {"WprofHTMLTag": {"code": "0xaf047af0", "doc": "http://searchengineland.com/data-google-monthly-search-volume-dwarfs-rivals-mobile-advantage-269120", "row": 24, "column": 55, "tagName": "meta", "time": 19323.478057, "url": "", "pos": 1, "chunkLen": 1, "isStartTag": 1}}
06-28 13:57:39.665  8940  8953 E WProf.db: {"WprofHTMLTag": {"code": "0xaf047b20", "doc": "http://searchengineland.com/data-google-monthly-search-volume-dwarfs-rivals-mobile-advantage-269120", "row": 25, "column": 71, "tagName": "meta", "time": 19323.478162, "url": "", "pos": 1, "chunkLen": 1, "isStartTag": 1}}
06-28 13:57:39.665  8940  8953 E WProf.db: {"WprofHTMLTag": {"code": "0xaf047b50", "doc": "http://searchengineland.com/data-google-monthly-search-volume-dwarfs-rivals-mobile-advantage-269120", "row": 26, "column": 86, "tagName": "meta", "time": 19323.478266, "url": "", "pos": 1, "chunkLen": 1, "isStartTag": 1}}
06-28 13:57:39.665  8940  8953 E WProf.db: {"WprofHTMLTag": {"code": "0xaf047b80", "doc": "http://searchengineland.com/data-google-monthly-search-volume-dwarfs-rivals-mobile-advantage-269120", "row": 27, "column": 54, "tagName": "meta", "time": 19323.478373, "url": "", "pos": 1, "chunkLen": 1, "isStartTag": 1}}
06-28 13:57:39.665  8940  8953 E WProf.db: {"WprofHTMLTag": {"code": "0xaf047bb0", "doc": "http://searchengineland.com/data-google-monthly-search-volume-dwarfs-rivals-mobile-advantage-269120", "row": 29, "column": 39, "tagName": "meta", "time": 19323.478474, "url": "", "pos": 1, "chunkLen": 1, "isStartTag": 1}}
06-28 13:57:39.665  8940  8953 E WProf.db: {"WprofHTMLTag": {"code": "0xaf047be0", "doc": "http://searchengineland.com/data-google-monthly-search-volume-dwarfs-rivals-mobile-advantage-269120", "row": 30, "column": 105, "tagName": "meta", "time": 19323.478576, "url": "", "pos": 1, "chunkLen": 1, "isStartTag": 1}}
06-28 13:57:39.665  8940  8953 E WProf.db: {"WprofHTMLTag": {"code": "0xaf047c10", "doc": "http://searchengineland.com/data-google-monthly-search-volume-dwarfs-rivals-mobile-advantage-269120", "row": 31, "column": 55, "tagName": "meta", "time": 19323.478691, "url": "", "pos": 1, "chunkLen": 1, "isStartTag": 1}}
06-28 13:57:39.665  8940  8953 E WProf.db: {"WprofHTMLTag": {"code": "0xaf047c40", "doc": "http://searchengineland.com/data-google-monthly-search-volume-dwarfs-rivals-mobile-advantage-269120", "row": 32, "column": 54, "tagName": "meta", "time": 19323.478798, "url": "", "pos": 1, "chunkLen": 1, "isStartTag": 1}}
06-28 13:57:39.665  8940  8953 E WProf.db: {"WprofHTMLTag": {"code": "0xaf047c70", "doc": "http://searchengineland.com/data-google-monthly-search-volume-dwarfs-rivals-mobile-advantage-269120", "row": 33, "column": 134, "tagName": "meta", "time": 19323.478905, "url": "", "pos": 1, "chunkLen": 1, "isStartTag": 1}}
06-28 13:57:39.666  8940  8953 E WProf.db: {"WprofHTMLTag": {"code": "0xaf047ca0", "doc": "http://searchengineland.com/data-google-monthly-search-volume-dwarfs-rivals-mobile-advantage-269120", "row": 37, "column": 36, "tagName": "script", "time": 19323.479014, "url": "", "pos": 1, "chunkLen": 1, "isStartTag": 1}}
06-28 13:57:39.666  8940  8953 E WProf.db: {"WprofHTMLTag": {"code": "0xaf047cd0", "doc": "http://searchengineland.com/data-google-monthly-search-volume-dwarfs-rivals-mobile-advantage-269120", "row": 53, "column": 10, "tagName": "script", "time": 19323.479271, "url": "", "pos": 1, "chunkLen": 1, "isStartTag": 0}}
06-28 13:57:39.666  8940  8953 E WProf.db: {"WprofHTMLTag": {"code": "0xaedd6660", "doc": "http://searchengineland.com/data-google-monthly-search-volume-dwarfs-rivals-mobile-advantage-269120", "row": 55, "column": 86, "tagName": "link", "time": 19323.480782, "url": "http://searchengineland.com/apple-touch-icon.png", "pos": 1, "chunkLen": 1, "isStartTag": 1}}
06-28 13:57:39.666  8940  8953 E WProf.db: {"WprofHTMLTag": {"code": "0xaf047d00", "doc": "http://searchengineland.com/data-google-monthly-search-volume-dwarfs-rivals-mobile-advantage-269120", "row": 56, "column": 76, "tagName": "link", "time": 19323.481124, "url": "http://searchengineland.com/favicon.ico", "pos": 1, "chunkLen": 1, "isStartTag": 1}}
06-28 13:57:39.666  8940  8953 E WProf.db: {"WprofHTMLTag": {"code": "0xaf047d30", "doc": "http://searchengineland.com/data-google-monthly-search-volume-dwarfs-rivals-mobile-advantage-269120", "row": 57, "column": 158, "tagName": "link", "time": 19323.481498, "url": "http://feeds.searchengineland.com/searchengineland", "pos": 1, "chunkLen": 1, "isStartTag": 1}}
06-28 13:57:39.666  8940  8953 E WProf.db: {"WprofHTMLTag": {"code": "0xaf047d60", "doc": "http://searchengineland.com/data-google-monthly-search-volume-dwarfs-rivals-mobile-advantage-269120", "row": 58, "column": 149, "tagName": "link", "time": 19323.481939, "url": "http://feeds.searchengineland.com/searchcap", "pos": 1, "chunkLen": 1, "isStartTag": 1}}
06-28 13:57:39.666  8940  8953 E WProf.db: {"WprofHTMLTag": {"code": "0xaf047d90", "doc": "http://searchengineland.com/data-google-monthly-search-volume-dwarfs-rivals-mobile-advantage-269120", "row": 59, "column": 150, "tagName": "link", "time": 19323.482386, "url": "http://searchengineland.com/figz/wp-content/themes/searchengineland/css/searchengineland-bootstrap.css", "pos": 1, "chunkLen": 1, "isStartTag": 1}}
06-28 13:57:39.666  8940  8953 E WProf.db: {"WprofHTMLTag": {"code": "0xaf047df0", "doc": "http://searchengineland.com/data-google-monthly-search-volume-dwarfs-rivals-mobile-advantage-269120", "row": 60, "column": 105, "tagName": "link", "time": 19323.483411, "url": "http://fonts.googleapis.com/css?family=Oswald:300,400,700", "pos": 1, "chunkLen": 1, "isStartTag": 1}}
06-28 13:57:39.666  8940  8953 E WProf.db: {"WprofHTMLTag": {"code": "0xaf047e50", "doc": "http://searchengineland.com/data-google-monthly-search-volume-dwarfs-rivals-mobile-advantage-269120", "row": 61, "column": 125, "tagName": "link", "time": 19323.490557, "url": "http://searchengineland.com/figz/wp-content/themes/searchengineland/style.css", "pos": 1, "chunkLen": 1, "isStartTag": 1}}
06-28 13:57:39.666  8940  8953 E WProf.db: {"WprofHTMLTag": {"code": "0xaf047eb0", "doc": "http://searchengineland.com/data-google-monthly-search-volume-dwarfs-rivals-mobile-advantage-269120", "row": 65, "column": 7, "tagName": "title", "time": 19323.493725, "url": "", "pos": 1, "chunkLen": 1, "isStartTag": 1}}
06-28 13:57:39.666  8940  8953 E WProf.db: {"WprofHTMLTag": {"code": "0xaf047ee0", "doc": "http://searchengineland.com/data-google-monthly-search-volume-dwarfs-rivals-mobile-advantage-269120", "row": 65, "column": 91, "tagName": "title", "time": 19323.494784, "url": "", "pos": 1, "chunkLen": 1, "isStartTag": 0}}
06-28 13:57:39.666  8940  8953 E WProf.db: {"WprofHTMLTag": {"code": "0xaf047f10", "doc": "http://searchengineland.com/data-google-monthly-search-volume-dwarfs-rivals-mobile-advantage-269120", "row": 66, "column": 102, "tagName": "meta", "time": 19323.494877, "url": "", "pos": 1, "chunkLen": 1, "isStartTag": 1}}
06-28 13:57:39.666  8940  8953 E WProf.db: {"WprofHTMLTag": {"code": "0xaf047f40", "doc": "http://searchengineland.com/data-google-monthly-search-volume-dwarfs-rivals-mobile-advantage-269120", "row": 67, "column": 40, "tagName": "meta", "time": 19323.495594, "url": "", "pos": 1, "chunkLen": 1, "isStartTag": 1}}
06-28 13:57:39.667  8940  8953 E WProf.db: {"WprofHTMLTag": {"code": "0xaf047f70", "doc": "http://searchengineland.com/data-google-monthly-search-volume-dwarfs-rivals-mobile-advantage-269120", "row": 68, "column": 141, "tagName": "meta", "time": 19323.496148, "url": "", "pos": 1, "chunkLen": 1, "isStartTag": 1}}
06-28 13:57:39.667  8940  8953 E WProf.db: {"WprofHTMLTag": {"code": "0xaf047fa0", "doc": "http://searchengineland.com/data-google-monthly-search-volume-dwarfs-rivals-mobile-advantage-269120", "row": 69, "column": 37, "tagName": "meta", "time": 19323.496720, "url": "", "pos": 1, "chunkLen": 1, "isStartTag": 1}}
06-28 13:57:39.667  8940  8953 E WProf.db: {"WprofHTMLTag": {"code": "0xaf047fd0", "doc": "http://searchengineland.com/data-google-monthly-search-volume-dwarfs-rivals-mobile-advantage-269120", "row": 70, "column": 131, "tagName": "link", "time": 19323.497718, "url": "http://searchengineland.com/data-google-monthly-search-volume-dwarfs-rivals-mobile-advantage-269120", "pos": 1, "chunkLen": 1, "isStartTag": 1}}
06-28 13:57:39.667  8940  8953 E WProf.db: {"WprofHTMLTag": {"code": "0xb4cc74b0", "doc": "http://searchengineland.com/data-google-monthly-search-volume-dwarfs-rivals-mobile-advantage-269120", "row": 71, "column": 76, "tagName": "link", "time": 19323.498721, "url": "https://plus.google.com/103218677032751327334", "pos": 1, "chunkLen": 1, "isStartTag": 1}}
06-28 13:57:39.667  8940  8953 E WProf.db: {"WprofHTMLTag": {"code": "0xb4cc7540", "doc": "http://searchengineland.com/data-google-monthly-search-volume-dwarfs-rivals-mobile-advantage-269120", "row": 72, "column": 45, "tagName": "meta", "time": 19323.499634, "url": "", "pos": 1, "chunkLen": 1, "isStartTag": 1}}
06-28 13:57:39.667  8940  8953 E WProf.db: {"WprofHTMLTag": {"code": "0xb4cc78a0", "doc": "http://searchengineland.com/data-google-monthly-search-volume-dwarfs-rivals-mobile-advantage-269120", "row": 73, "column": 45, "tagName": "meta", "time": 19323.500388, "url": "", "pos": 1, "chunkLen": 1, "isStartTag": 1}}
06-28 13:57:39.667  8940  8953 E WProf.db: {"WprofHTMLTag": {"code": "0xb4cc78d0", "doc": "http://searchengineland.com/data-google-monthly-search-volume-dwarfs-rivals-mobile-advantage-269120", "row": 74, "column": 115, "tagName": "meta", "time": 19323.500950, "url": "", "pos": 1, "chunkLen": 1, "isStartTag": 1}}
06-28 13:57:39.667  8940  8953 E WProf.db: {"WprofHTMLTag": {"code": "0xb4cc7900", "doc": "http://searchengineland.com/data-google-monthly-search-volume-dwarfs-rivals-mobile-advantage-269120", "row": 75, "column": 110, "tagName": "meta", "time": 19323.501687, "url": "", "pos": 1, "chunkLen": 1, "isStartTag": 1}}
06-28 13:57:39.667  8940  8953 E WProf.db: {"WprofHTMLTag": {"code": "0xb4cc7930", "doc": "http://searchengineland.com/data-google-monthly-search-volume-dwarfs-rivals-mobile-advantage-269120", "row": 76, "column": 136, "tagName": "meta", "time": 19323.503006, "url": "", "pos": 1, "chunkLen": 1, "isStartTag": 1}}
06-28 13:57:39.667  8940  8953 E WProf.db: {"WprofHTMLTag": {"code": "0xb4cc7960", "doc": "http://searchengineland.com/data-google-monthly-search-volume-dwarfs-rivals-mobile-advantage-269120", "row": 77, "column": 61, "tagName": "meta", "time": 19323.503572, "url": "", "pos": 1, "chunkLen": 1, "isStartTag": 1}}
06-28 13:57:39.667  8940  8953 E WProf.db: {"WprofHTMLTag": {"code": "0xb4cc7990", "doc": "http://searchengineland.com/data-google-monthly-search-volume-dwarfs-rivals-mobile-advantage-269120", "row": 78, "column": 89, "tagName": "meta", "time": 19323.504316, "url": "", "pos": 1, "chunkLen": 1, "isStartTag": 1}}
06-28 13:57:39.667  8940  8953 E WProf.db: {"WprofHTMLTag": {"code": "0xb4cc79c0", "doc": "http://searchengineland.com/data-google-monthly-search-volume-dwarfs-rivals-mobile-advantage-269120", "row": 79, "column": 63, "tagName": "meta", "time": 19323.504871, "url": "", "pos": 1, "chunkLen": 1, "isStartTag": 1}}
06-28 13:57:39.667  8940  8953 E WProf.db: {"WprofHTMLTag": {"code": "0xb4cc79f0", "doc": "http://searchengineland.com/data-google-monthly-search-volume-dwarfs-rivals-mobile-advantage-269120", "row": 80, "column": 78, "tagName": "meta", "time": 19323.505761, "url": "", "pos": 1, "chunkLen": 1, "isStartTag": 1}}
06-28 13:57:39.668  8940  8953 E WProf.db: {"WprofHTMLTag": {"code": "0xb4cc7a20", "doc": "http://searchengineland.com/data-google-monthly-search-volume-dwarfs-rivals-mobile-advantage-269120", "row": 81, "column": 77, "tagName": "meta", "time": 19323.506452, "url": "", "pos": 1, "chunkLen": 1, "isStartTag": 1}}
06-28 13:57:39.668  8940  8953 E WProf.db: {"WprofHTMLTag": {"code": "0xb4cc7a50", "doc": "http://searchengineland.com/data-google-monthly-search-volume-dwarfs-rivals-mobile-advantage-269120", "row": 82, "column": 71, "tagName": "meta", "time": 19323.506982, "url": "", "pos": 1, "chunkLen": 1, "isStartTag": 1}}
06-28 13:57:39.668  8940  8953 E WProf.db: {"WprofHTMLTag": {"code": "0xb4cc7a80", "doc": "http://searchengineland.com/data-google-monthly-search-volume-dwarfs-rivals-mobile-advantage-269120", "row": 83, "column": 128, "tagName": "meta", "time": 19323.507532, "url": "", "pos": 1, "chunkLen": 1, "isStartTag": 1}}
06-28 13:57:39.668  8940  8953 E WProf.db: {"WprofHTMLTag": {"code": "0xb4cc7ab0", "doc": "http://searchengineland.com/data-google-monthly-search-volume-dwarfs-rivals-mobile-advantage-269120", "row": 84, "column": 49, "tagName": "meta", "time": 19323.508108, "url": "", "pos": 1, "chunkLen": 1, "isStartTag": 1}}
06-28 13:57:39.668  8940  8953 E WProf.db: {"WprofHTMLTag": {"code": "0xb4cc7ae0", "doc": "http://searchengineland.com/data-google-monthly-search-volume-dwarfs-rivals-mobile-advantage-269120", "row": 85, "column": 50, "tagName": "meta", "time": 19323.508669, "url": "", "pos": 1, "chunkLen": 1, "isStartTag": 1}}
06-28 13:57:39.668  8940  8953 E WProf.db: {"WprofHTMLTag": {"code": "0xb4cc7b10", "doc": "http://searchengineland.com/data-google-monthly-search-volume-dwarfs-rivals-mobile-advantage-269120", "row": 86, "column": 58, "tagName": "meta", "time": 19323.509340, "url": "", "pos": 1, "chunkLen": 1, "isStartTag": 1}}
06-28 13:57:39.668  8940  8953 E WProf.db: {"WprofHTMLTag": {"code": "0xb4cc7b40", "doc": "http://searchengineland.com/data-google-monthly-search-volume-dwarfs-rivals-mobile-advantage-269120", "row": 87, "column": 111, "tagName": "meta", "time": 19323.509963, "url": "", "pos": 1, "chunkLen": 1, "isStartTag": 1}}
06-28 13:57:39.668  8940  8953 E WProf.db: {"WprofHTMLTag": {"code": "0xb4cc7b70", "doc": "http://searchengineland.com/data-google-monthly-search-volume-dwarfs-rivals-mobile-advantage-269120", "row": 88, "column": 116, "tagName": "meta", "time": 19323.510744, "url": "", "pos": 1, "chunkLen": 1, "isStartTag": 1}}
06-28 13:57:39.668  8940  8953 E WProf.db: {"WprofHTMLTag": {"code": "0xb4cc7ba0", "doc": "http://searchengineland.com/data-google-monthly-search-volume-dwarfs-rivals-mobile-advantage-269120", "row": 89, "column": 51, "tagName": "meta", "time": 19323.511307, "url": "", "pos": 1, "chunkLen": 1, "isStartTag": 1}}
06-28 13:57:39.668  8940  8953 E WProf.db: {"WprofHTMLTag": {"code": "0xb4cc7bd0", "doc": "http://searchengineland.com/data-google-monthly-search-volume-dwarfs-rivals-mobile-advantage-269120", "row": 90, "column": 129, "tagName": "meta", "time": 19323.511865, "url": "", "pos": 1, "chunkLen": 1, "isStartTag": 1}}
06-28 13:57:39.668  8940  8953 E WProf.db: {"WprofHTMLTag": {"code": "0xb4cc7c00", "doc": "http://searchengineland.com/data-google-monthly-search-volume-dwarfs-rivals-mobile-advantage-269120", "row": 91, "column": 52, "tagName": "meta", "time": 19323.512443, "url": "", "pos": 1, "chunkLen": 1, "isStartTag": 1}}
06-28 13:57:39.668  8940  8953 E WProf.db: {"WprofHTMLTag": {"code": "0xb4cc7c30", "doc": "http://searchengineland.com/data-google-monthly-search-volume-dwarfs-rivals-mobile-advantage-269120", "row": 94, "column": 44, "tagName": "link", "time": 19323.513000, "url": "http://s.w.org/", "pos": 1, "chunkLen": 1, "isStartTag": 1}}
06-28 13:57:39.669  8940  8953 E WProf.db: {"WprofHTMLTag": {"code": "0xb4cc7c60", "doc": "http://searchengineland.com/data-google-monthly-search-volume-dwarfs-rivals-mobile-advantage-269120", "row": 95, "column": 33, "tagName": "script", "time": 19323.516108, "url": "", "pos": 1, "chunkLen": 1, "isStartTag": 1}}
06-28 13:57:39.669  8940  8953 E WProf.db: {"WprofHTMLTag": {"code": "0xb4cc7c90", "doc": "http://searchengineland.com/data-google-monthly-search-volume-dwarfs-rivals-mobile-advantage-269120", "row": 98, "column": 11, "tagName": "script", "time": 19323.517141, "url": "http://searchengineland.com/figz/wp-includes/js/wp-emoji-release.min.js?ver=4.7.5", "pos": 1, "chunkLen": 1, "isStartTag": 0}}
06-28 13:57:39.669  8940  8953 E WProf.db: {"WprofHTMLTag": {"code": "0xaa16b9c0", "doc": "http://searchengineland.com/data-google-monthly-search-volume-dwarfs-rivals-mobile-advantage-269120", "row": 99, "column": 25, "tagName": "style", "time": 19324.016320, "url": "", "pos": 1, "chunkLen": 1, "isStartTag": 1}}
06-28 13:57:39.669  8940  8953 E WProf.db: {"WprofHTMLTag": {"code": "0xaa16b9f0", "doc": "http://searchengineland.com/data-google-monthly-search-volume-dwarfs-rivals-mobile-advantage-269120", "row": 112, "column": 8, "tagName": "style", "time": 19324.016559, "url": "", "pos": 1, "chunkLen": 1, "isStartTag": 0}}
06-28 13:57:39.669  8940  8953 E WProf.db: {"WprofHTMLTag": {"code": "0xaa16ba20", "doc": "http://searchengineland.com/data-google-monthly-search-volume-dwarfs-rivals-mobile-advantage-269120", "row": 113, "column": 140, "tagName": "script", "time": 19324.018190, "url": "http://searchengineland.com/figz/wp-content/themes/searchengineland/js/lib/modernizr.custom.js?ver=1.0", "pos": 1, "chunkLen": 1, "isStartTag": 1}}
06-28 13:57:39.669  8940  8953 E WProf.db: {"WprofHTMLTag": {"code": "0xaa16ba50", "doc": "http://searchengineland.com/data-google-monthly-search-volume-dwarfs-rivals-mobile-advantage-269120", "row": 113, "column": 149, "tagName": "script", "time": 19324.018436, "url": "", "pos": 1, "chunkLen": 1, "isStartTag": 0}}
06-28 13:57:39.669  8940  8953 E WProf.db: {"WprofHTMLTag": {"code": "0xaedd6930", "doc": "http://searchengineland.com/data-google-monthly-search-volume-dwarfs-rivals-mobile-advantage-269120", "row": 114, "column": 144, "tagName": "script", "time": 19324.027677, "url": "http://searchengineland.com/figz/wp-content/themes/searchengineland/js/lib/jquery-1.11.0.min.js?ver=1.11.0", "pos": 1, "chunkLen": 1, "isStartTag": 1}}
06-28 13:57:39.669  8940  8953 E WProf.db: {"WprofHTMLTag": {"code": "0xaa16bab0", "doc": "http://searchengineland.com/data-google-monthly-search-volume-dwarfs-rivals-mobile-advantage-269120", "row": 114, "column": 153, "tagName": "script", "time": 19324.027943, "url": "", "pos": 1, "chunkLen": 1, "isStartTag": 0}}
06-28 13:57:39.669  8940  8953 E WProf.db: {"WprofHTMLTag": {"code": "0xaedd6db0", "doc": "http://searchengineland.com/data-google-monthly-search-volume-dwarfs-rivals-mobile-advantage-269120", "row": 0, "column": 15, "tagName": "div", "time": 19324.093911, "url": "", "pos": 15, "chunkLen": 44, "isStartTag": 1}}
06-28 13:57:39.669  8940  8953 E WProf.db: {"WprofHTMLTag": {"code": "0xaedd6d80", "doc": "http://searchengineland.com/data-google-monthly-search-volume-dwarfs-rivals-mobile-advantage-269120", "row": 0, "column": 21, "tagName": "div", "time": 19324.094041, "url": "", "pos": 21, "chunkLen": 44, "isStartTag": 0}}
06-28 13:57:39.669  8940  8953 E WProf.db: {"WprofHTMLTag": {"code": "0xaedd6d50", "doc": "http://searchengineland.com/data-google-monthly-search-volume-dwarfs-rivals-mobile-advantage-269120", "row": 0, "column": 38, "tagName": "div", "time": 19324.094100, "url": "", "pos": 38, "chunkLen": 44, "isStartTag": 1}}
06-28 13:57:39.669  8940  8953 E WProf.db: {"WprofHTMLTag": {"code": "0xaedd6b40", "doc": "http://searchengineland.com/data-google-monthly-search-volume-dwarfs-rivals-mobile-advantage-269120", "row": 0, "column": 44, "tagName": "div", "time": 19324.094213, "url": "", "pos": 44, "chunkLen": 44, "isStartTag": 0}}
06-28 13:57:39.670  8940  8953 E WProf.db: {"WprofHTMLTag": {"code": "0xaa16bb10", "doc": "http://searchengineland.com/data-google-monthly-search-volume-dwarfs-rivals-mobile-advantage-269120", "row": 0, "column": 13, "tagName": "select", "time": 19324.095647, "url": "", "pos": 13, "chunkLen": 51, "isStartTag": 1}}
06-28 13:57:39.670  8940  8953 E WProf.db: {"WprofHTMLTag": {"code": "0xaa16bb40", "doc": "http://searchengineland.com/data-google-monthly-search-volume-dwarfs-rivals-mobile-advantage-269120", "row": 0, "column": 33, "tagName": "option", "time": 19324.095830, "url": "", "pos": 33, "chunkLen": 51, "isStartTag": 1}}
06-28 13:57:39.670  8940  8953 E WProf.db: {"WprofHTMLTag": {"code": "0xaa16bb70", "doc": "http://searchengineland.com/data-google-monthly-search-volume-dwarfs-rivals-mobile-advantage-269120", "row": 0, "column": 42, "tagName": "option", "time": 19324.096015, "url": "", "pos": 42, "chunkLen": 51, "isStartTag": 0}}
06-28 13:57:39.670  8940  8953 E WProf.db: {"WprofHTMLTag": {"code": "0xaa16bba0", "doc": "http://searchengineland.com/data-google-monthly-search-volume-dwarfs-rivals-mobile-advantage-269120", "row": 0, "column": 51, "tagName": "select", "time": 19324.096067, "url": "", "pos": 51, "chunkLen": 51, "isStartTag": 0}}
06-28 13:57:39.670  8940  8953 E WProf.db: {"WprofHTMLTag": {"code": "0xaa16bbd0", "doc": "http://searchengineland.com/data-google-monthly-search-volume-dwarfs-rivals-mobile-advantage-269120", "row": 0, "column": 12, "tagName": "a", "time": 19324.101146, "url": "", "pos": 12, "chunkLen": 16, "isStartTag": 1}}
06-28 13:57:39.670  8940  8953 E WProf.db: {"WprofHTMLTag": {"code": "0xaa16bc00", "doc": "http://searchengineland.com/data-google-monthly-search-volume-dwarfs-rivals-mobile-advantage-269120", "row": 0, "column": 16, "tagName": "a", "time": 19324.101310, "url": "", "pos": 16, "chunkLen": 16, "isStartTag": 0}}
06-28 13:57:39.670  8940  8953 E WProf.db: {"WprofHTMLTag": {"code": "0xaa16bc30", "doc": "http://searchengineland.com/data-google-monthly-search-volume-dwarfs-rivals-mobile-advantage-269120", "row": 0, "column": 8, "tagName": "input", "time": 19324.102314, "url": "", "pos": 8, "chunkLen": 8, "isStartTag": 1}}
06-28 13:57:39.670  8940  8953 E WProf.db: {"WprofHTMLTag": {"code": "0xaa16bc60", "doc": "http://searchengineland.com/data-google-monthly-search-volume-dwarfs-rivals-mobile-advantage-269120", "row": 0, "column": 9, "tagName": "link", "time": 19324.111318, "url": "", "pos": 9, "chunkLen": 42, "isStartTag": 1}}
06-28 13:57:39.670  8940  8953 E WProf.db: {"WprofHTMLTag": {"code": "0xaa16bc90", "doc": "http://searchengineland.com/data-google-monthly-search-volume-dwarfs-rivals-mobile-advantage-269120", "row": 0, "column": 16, "tagName": "table", "time": 19324.111437, "url": "", "pos": 16, "chunkLen": 42, "isStartTag": 1}}
06-28 13:57:39.670  8940  8953 E WProf.db: {"WprofHTMLTag": {"code": "0xaa16bcc0", "doc": "http://searchengineland.com/data-google-monthly-search-volume-dwarfs-rivals-mobile-advantage-269120", "row": 0, "column": 24, "tagName": "table", "time": 19324.111551, "url": "", "pos": 24, "chunkLen": 42, "isStartTag": 0}}
06-28 13:57:39.670  8940  8953 E WProf.db: {"WprofHTMLTag": {"code": "0xaa16bcf0", "doc": "http://searchengineland.com/data-google-monthly-search-volume-dwarfs-rivals-mobile-advantage-269120", "row": 0, "column": 37, "tagName": "a", "time": 19324.111615, "url": "", "pos": 37, "chunkLen": 42, "isStartTag": 1}}
06-28 13:57:39.670  8940  8953 E WProf.db: {"WprofHTMLTag": {"code": "0xaa16bd20", "doc": "http://searchengineland.com/data-google-monthly-search-volume-dwarfs-rivals-mobile-advantage-269120", "row": 0, "column": 42, "tagName": "a", "time": 19324.111787, "url": "", "pos": 42, "chunkLen": 42, "isStartTag": 0}}
06-28 13:57:39.670  8940  8953 E WProf.db: {"WprofHTMLTag": {"code": "0xaa16bdb0", "doc": "http://searchengineland.com/data-google-monthly-search-volume-dwarfs-rivals-mobile-advantage-269120", "row": 0, "column": 10, "tagName": "textarea", "time": 19324.113487, "url": "", "pos": 10, "chunkLen": 22, "isStartTag": 1}}
06-28 13:57:39.671  8940  8953 E WProf.db: {"WprofHTMLTag": {"code": "0xaa16bde0", "doc": "http://searchengineland.com/data-google-monthly-search-volume-dwarfs-rivals-mobile-advantage-269120", "row": 0, "column": 22, "tagName": "textarea", "time": 19324.113727, "url": "", "pos": 22, "chunkLen": 22, "isStartTag": 0}}
06-28 13:57:39.671  8940  8953 E WProf.db: {"WprofHTMLTag": {"code": "0xaa16be10", "doc": "http://searchengineland.com/data-google-monthly-search-volume-dwarfs-rivals-mobile-advantage-269120", "row": 0, "column": 48, "tagName": "input", "time": 19324.115071, "url": "", "pos": 48, "chunkLen": 48, "isStartTag": 1}}
06-28 13:57:39.671  8940  8953 E WProf.db: {"WprofHTMLTag": {"code": "0xaa16be70", "doc": "http://searchengineland.com/data-google-monthly-search-volume-dwarfs-rivals-mobile-advantage-269120", "row": 0, "column": 9, "tagName": "link", "time": 19324.120445, "url": "", "pos": 9, "chunkLen": 66, "isStartTag": 1}}
06-28 13:57:39.671  8940  8953 E WProf.db: {"WprofHTMLTag": {"code": "0xaa16bea0", "doc": "http://searchengineland.com/data-google-monthly-search-volume-dwarfs-rivals-mobile-advantage-269120", "row": 0, "column": 16, "tagName": "table", "time": 19324.120564, "url": "", "pos": 16, "chunkLen": 66, "isStartTag": 1}}
06-28 13:57:39.671  8940  8953 E WProf.db: {"WprofHTMLTag": {"code": "0xaa16bed0", "doc": "http://searchengineland.com/data-google-monthly-search-volume-dwarfs-rivals-mobile-advantage-269120", "row": 0, "column": 24, "tagName": "table", "time": 19324.120646, "url": "", "pos": 24, "chunkLen": 66, "isStartTag": 0}}
06-28 13:57:39.671  8940  8953 E WProf.db: {"WprofHTMLTag": {"code": "0xaa16bf00", "doc": "http://searchengineland.com/data-google-monthly-search-volume-dwarfs-rivals-mobile-advantage-269120", "row": 0, "column": 37, "tagName": "a", "time": 19324.120716, "url": "", "pos": 37, "chunkLen": 66, "isStartTag": 1}}
06-28 13:57:39.671  8940  8953 E WProf.db: {"WprofHTMLTag": {"code": "0xaa16bf30", "doc": "http://searchengineland.com/data-google-monthly-search-volume-dwarfs-rivals-mobile-advantage-269120", "row": 0, "column": 42, "tagName": "a", "time": 19324.120904, "url": "", "pos": 42, "chunkLen": 66, "isStartTag": 0}}
06-28 13:57:39.671  8940  8953 E WProf.db: {"WprofHTMLTag": {"code": "0xaa16bf60", "doc": "http://searchengineland.com/data-google-monthly-search-volume-dwarfs-rivals-mobile-advantage-269120", "row": 0, "column": 66, "tagName": "input", "time": 19324.120973, "url": "", "pos": 66, "chunkLen": 66, "isStartTag": 1}}
06-28 13:57:39.671  8940  8953 E WProf.db: {"WprofHTMLTag": {"code": "0xaa16bff0", "doc": "http://searchengineland.com/data-google-monthly-search-volume-dwarfs-rivals-mobile-advantage-269120", "row": 0, "column": 9, "tagName": "link", "time": 19324.122753, "url": "", "pos": 9, "chunkLen": 66, "isStartTag": 1}}
06-28 13:57:39.671  8940  8953 E WProf.db: {"WprofHTMLTag": {"code": "0xaa16c020", "doc": "http://searchengineland.com/data-google-monthly-search-volume-dwarfs-rivals-mobile-advantage-269120", "row": 0, "column": 16, "tagName": "table", "time": 19324.122855, "url": "", "pos": 16, "chunkLen": 66, "isStartTag": 1}}
06-28 13:57:39.671  8940  8953 E WProf.db: {"WprofHTMLTag": {"code": "0xaa16c050", "doc": "http://searchengineland.com/data-google-monthly-search-volume-dwarfs-rivals-mobile-advantage-269120", "row": 0, "column": 24, "tagName": "table", "time": 19324.122927, "url": "", "pos": 24, "chunkLen": 66, "isStartTag": 0}}
06-28 13:57:39.671  8940  8953 E WProf.db: {"WprofHTMLTag": {"code": "0xaa16c080", "doc": "http://searchengineland.com/data-google-monthly-search-volume-dwarfs-rivals-mobile-advantage-269120", "row": 0, "column": 37, "tagName": "a", "time": 19324.122986, "url": "", "pos": 37, "chunkLen": 66, "isStartTag": 1}}
06-28 13:57:39.671  8940  8953 E WProf.db: {"WprofHTMLTag": {"code": "0xaa16c0b0", "doc": "http://searchengineland.com/data-google-monthly-search-volume-dwarfs-rivals-mobile-advantage-269120", "row": 0, "column": 42, "tagName": "a", "time": 19324.123148, "url": "", "pos": 42, "chunkLen": 66, "isStartTag": 0}}
