--------- beginning of main
06-28 15:34:57.058  3449  3449 E Finsky  : [1] com.google.android.finsky.wear.bl.a(3): onConnectionFailed: ConnectionResult{statusCode=API_UNAVAILABLE, resolution=null, message=null}
--------- beginning of system
06-28 15:34:58.370  9562  9562 E chromium: [ERROR:shell_integration_android.cc(12)] Not implemented reached in static ShellIntegration::DefaultWebClientSetPermission ShellIntegration::CanSetAsDefaultBrowser()
06-28 15:34:58.374  9562  9562 E chromium: [ERROR:browser_process_impl.cc(720)] Not implemented reached in virtual BackgroundModeManager* BrowserProcessImpl::background_mode_manager()
06-28 15:34:58.680  3218   674 E AudioRecord-JNI: Error -4 during AudioRecord native read
06-28 15:35:01.016  9562  9608 E chromium: [ERROR:gles2_cmd_decoder.cc(3852)] [.ChromiumCompositor-0xacbb2fc0]GL ERROR :GL_INVALID_ENUM : glDiscardFramebufferEXT: attachments was GL_COLOR_EXT
06-28 15:35:01.225  9629  9642 E WPROF   : {"CSS": {"url": "http://searchengineland.com/figz/wp-content/themes/searchengineland/css/searchengineland-bootstrap.css", "requestTime": 25178.280514}}
06-28 15:35:01.230  9629  9642 E WPROF   : {"CSS": {"url": "http://fonts.googleapis.com/css?family=Oswald:300,400,700", "requestTime": 25178.285871}}
06-28 15:35:01.235  9629  9642 E WPROF   : {"CSS": {"url": "http://searchengineland.com/figz/wp-content/themes/searchengineland/style.css", "requestTime": 25178.290416}}
06-28 15:35:01.241  9629  9642 E WPROF   : {"Javascript": {"url": "http://searchengineland.com/figz/wp-content/themes/searchengineland/js/lib/modernizr.custom.js?ver=1.0", "requestTime": 25178.297080}}
06-28 15:35:01.242  9629  9642 E WPROF   : {"Javascript": {"url": "http://searchengineland.com/figz/wp-content/themes/searchengineland/js/lib/jquery-1.11.0.min.js?ver=1.11.0", "requestTime": 25178.297500}}
06-28 15:35:01.242  9629  9642 E WPROF   : {"Javascript": {"url": "http://searchengineland.com/figz/wp-content/themes/searchengineland/js/lib/jquery-ui-1.10.3.custom.min.js?ver=1.10.3", "requestTime": 25178.297930}}
06-28 15:35:01.243  9629  9642 E WPROF   : {"Javascript": {"url": "http://searchengineland.com/figz/wp-content/themes/searchengineland/js/lib/jquery.ba-throttle-debounce.min.js?ver=1.1", "requestTime": 25178.298996}}
06-28 15:35:01.244  9629  9642 E WPROF   : {"Javascript": {"url": "http://searchengineland.com/figz/wp-content/themes/searchengineland/js/lib/jquery.countdown.min.js?ver=2.0.4", "requestTime": 25178.300175}}
06-28 15:35:01.245  9629  9642 E WPROF   : {"Javascript": {"url": "http://static.chartbeat.com/js/chartbeat_mab.js", "requestTime": 25178.300881}}
06-28 15:35:01.751  9629  9642 E WPROF   : {"Javascript": {"url": "http://searchengineland.com/figz/wp-includes/js/wp-emoji-release.min.js?ver=4.7.5", "requestTime": 25178.806454}}
06-28 15:35:02.206  9629  9642 E WPROF   : {"Javascript": {"url": "http://www.googletagservices.com/tag/js/gpt.js", "requestTime": 25179.261924}}
06-28 15:35:02.212  9629  9642 E WPROF   : {"Javascript": {"url": "https://www.google-analytics.com/analytics.js", "requestTime": 25179.268127}}
06-28 15:35:02.216  9629  9642 E WPROF   : {"Javascript": {"url": "http://edge.quantserve.com/quant.js", "requestTime": 25179.271702}}
06-28 15:35:02.218  9629  9642 E WPROF   : {"Javascript": {"url": "https://connect.facebook.net/en_US/fbevents.js", "requestTime": 25179.273876}}
06-28 15:35:02.283  9562  9608 E chromium: [ERROR:gles2_cmd_decoder.cc(3852)] [.ChromiumCompositor-0xacbb2fc0]GL ERROR :GL_INVALID_ENUM : glDiscardFramebufferEXT: attachments was GL_COLOR_EXT
06-28 15:35:02.324  9629  9642 E WPROF   : {"Javascript": {"url": "http://app-sj02.marketo.com/js/forms2/js/forms2.min.js", "requestTime": 25179.379274}}
06-28 15:35:02.413  9562  9608 E chromium: [ERROR:gles2_cmd_decoder.cc(3852)] [.ChromiumCompositor-0xacbb2fc0]GL ERROR :GL_INVALID_ENUM : glDiscardFramebufferEXT: attachments was GL_COLOR_EXT
06-28 15:35:02.579  9629  9642 E WPROF   : {"Javascript": {"url": "http://app-sj02.marketo.com/index.php/form/getForm?munchkinId=727-ZQE-044&form=5691&url=http%3A%2F%2Fsearchengineland.com%2Fdont-miss-smx-advanced-year-register-now-save-400-274247&callback=jQuery11020919861730420962_1498631702489&_=1498631702490", "requestTime": 25179.634704}}
06-28 15:35:02.618  9629  9642 E WPROF   : {"Javascript": {"url": "http://app-sj02.marketo.com/index.php/form/getForm?munchkinId=727-ZQE-044&form=5685&url=http%3A%2F%2Fsearchengineland.com%2Fdont-miss-smx-advanced-year-register-now-save-400-274247&callback=jQuery11020919861730420962_1498631702491&_=1498631702492", "requestTime": 25179.673682}}
06-28 15:35:02.850  9562  9608 E chromium: [ERROR:gles2_cmd_decoder.cc(3852)] [.ChromiumCompositor-0xacbb2fc0]GL ERROR :GL_INVALID_ENUM : glDiscardFramebufferEXT: attachments was GL_COLOR_EXT
06-28 15:35:02.892  9629  9642 E WPROF   : {"Javascript": {"url": "http://app-sj02.marketo.com/index.php/form/getForm?munchkinId=727-ZQE-044&form=5673&url=http%3A%2F%2Fsearchengineland.com%2Fdont-miss-smx-advanced-year-register-now-save-400-274247&callback=jQuery11020919861730420962_1498631702493&_=1498631702494", "requestTime": 25179.947234}}
06-28 15:35:02.927  9629  9642 E WPROF   : {"Javascript": {"url": "http://searchengineland.com/js/ga_social_tracking.js", "requestTime": 25179.982807}}
06-28 15:35:02.932  9629  9642 E WPROF   : {"Javascript": {"url": "http://s7.addthis.com/js/300/addthis_widget.js#pubid=ra-53e918f660794f37", "requestTime": 25179.987973}}
06-28 15:35:03.095  9629  9642 E WPROF   : {"Javascript": {"url": "https://securepubads.g.doubleclick.net/gpt/pubads_impl_121.js", "requestTime": 25180.150826}}
06-28 15:35:03.168  9562  9608 E chromium: [ERROR:gles2_cmd_decoder.cc(3852)] [.ChromiumCompositor-0xacbb2fc0]GL ERROR :GL_INVALID_ENUM : glDiscardFramebufferEXT: attachments was GL_COLOR_EXT
06-28 15:35:03.273  9629  9642 E WPROF   : {"Javascript": {"url": "https://connect.facebook.net/signals/config/423979991297359?v=2.7.17", "requestTime": 25180.328439}}
06-28 15:35:03.318  9629  9642 E WPROF   : {"Javascript": {"url": "https://static.xx.fbcdn.net/rsrc.php/v3iy6L4/yF/l/ko_KR/w3AiswiqjrJ.js", "requestTime": 25180.373293}}
06-28 15:35:03.790  9629  9642 E WPROF   : {"Javascript": {"url": "http://platform.twitter.com/widgets.js", "requestTime": 25180.845512}}
06-28 15:35:03.792  9629  9642 E WPROF   : {"Javascript": {"url": "http://connect.facebook.net/en_US/sdk.js", "requestTime": 25180.847565}}
06-28 15:35:03.797  9629  9642 E WPROF   : {"Javascript": {"url": "https://apis.google.com/js/platform.js", "requestTime": 25180.852819}}
06-28 15:35:03.821  9629  9642 E WPROF   : {"Javascript": {"url": "http://rules.quantcount.com/rules-p-5aGizvD82d9hk.js", "requestTime": 25180.876700}}
06-28 15:35:03.824  9629  9642 E WPROF   : {"Javascript": {"url": "http://munchkin.marketo.net/munchkin.js", "requestTime": 25180.879608}}
06-28 15:35:03.926  9562  9608 E chromium: [ERROR:gles2_cmd_decoder.cc(3852)] [.ChromiumCompositor-0xacbb2fc0]GL ERROR :GL_INVALID_ENUM : glDiscardFramebufferEXT: attachments was GL_COLOR_EXT
06-28 15:35:03.931  9629  9642 E WPROF   : {"CSS": {"url": "http://app-sj02.marketo.com/js/forms2/css/forms2.css", "requestTime": 25180.987195}}
06-28 15:35:03.937  9629  9642 E WPROF   : {"CSS": {"url": "http://app-sj02.marketo.com/js/forms2/css/forms2-theme-simple.css", "requestTime": 25180.992546}}
06-28 15:35:03.939   862  1657 E LocSvc_IzatApiV02: E/virtual int izat_core::IzatApiV02::getBatchSize(int32_t):522]: Error : st = 4, ind.status = -1628389555
06-28 15:35:03.939   862  1657 E LocSvc_IzatApiV02: E/virtual int izat_core::IzatApiV02::getBatchSize(int32_t):535]: get batching size failed.Or modem does not support batching 
06-28 15:35:03.950   862  1657 E LocSvc_IzatApiV02: E/virtual int izat_core::IzatApiV02::getBatchSize(int32_t):522]: Error : st = 4, ind.status = -1628389555
06-28 15:35:03.950   862  1657 E LocSvc_IzatApiV02: E/virtual int izat_core::IzatApiV02::getBatchSize(int32_t):535]: get batching size failed.Or modem does not support batching 
06-28 15:35:03.983   862  1657 E LocSvc_IzatApiV02: E/virtual int izat_core::IzatApiV02::getBatchSize(int32_t):522]: Error : st = 4, ind.status = -1628389555
06-28 15:35:03.983   862  1657 E LocSvc_IzatApiV02: E/virtual int izat_core::IzatApiV02::getBatchSize(int32_t):535]: get batching size failed.Or modem does not support batching 
06-28 15:35:03.993   862  1657 E LocSvc_IzatApiV02: E/virtual int izat_core::IzatApiV02::getBatchSize(int32_t):522]: Error : st = 4, ind.status = -1628389555
06-28 15:35:03.993   862  1657 E LocSvc_IzatApiV02: E/virtual int izat_core::IzatApiV02::getBatchSize(int32_t):535]: get batching size failed.Or modem does not support batching 
06-28 15:35:04.108  9629  9642 E WPROF   : {"Javascript": {"url": "http://cdn.api.twitter.com/1/users/show.json?screen_name=sengineland&callback=twttr.setFollowersCount", "requestTime": 25181.163594}}
06-28 15:35:04.281  9629  9642 E WPROF   : {"Javascript": {"url": "http://www.googleadservices.com/pagead/conversion.js", "requestTime": 25181.336219}}
06-28 15:35:04.281  9629  9642 E WPROF   : {"Javascript": {"url": "http://searchengineland.com/figz/wp-content/themes/searchengineland/js/script.js?ver=1.0", "requestTime": 25181.336962}}
06-28 15:35:04.282  9629  9642 E WPROF   : {"Javascript": {"url": "http://searchengineland.com/figz/wp-includes/js/wp-embed.min.js?ver=4.7.5", "requestTime": 25181.337347}}
06-28 15:35:04.282  9629  9642 E WPROF   : {"Javascript": {"url": "http://searchengineland.com/figz/wp-content/themes/searchengineland/js/modules/sharing_controls.js", "requestTime": 25181.337963}}
06-28 15:35:04.351  9629  9642 E WPROF   : {"Javascript": {"url": "http://dnn506yrbagrg.cloudfront.net/pages/scripts/0026/4062.js?416286", "requestTime": 25181.407168}}
06-28 15:35:04.374  9562  9608 E chromium: [ERROR:gles2_cmd_decoder.cc(3852)] [.ChromiumCompositor-0xacbb2fc0]GL ERROR :GL_INVALID_ENUM : glDiscardFramebufferEXT: attachments was GL_COLOR_EXT
06-28 15:35:04.843  9629  9642 E WPROF   : {"Javascript": {"url": "http://d2j3qa5nc37287.cloudfront.net/coupon_code1.js", "requestTime": 25181.898900}}
06-28 15:35:04.855  9629  9642 E WPROF   : {"CSS": {"url": "https://www.youtube.com/yts/cssbin/www-embed-player-sprite-mode-vfl5G4Xm8.css", "requestTime": 25181.910659}}
06-28 15:35:04.856  9629  9642 E WPROF   : {"Javascript": {"url": "https://www.youtube.com/yts/jsbin/www-embed-player-vfl_UY_j8/www-embed-player.js", "requestTime": 25181.911883}}
06-28 15:35:04.857  9629  9642 E WPROF   : {"Javascript": {"url": "https://www.youtube.com/yts/jsbin/player-vflo1w4O-/ko_KR/base.js", "requestTime": 25181.912288}}
06-28 15:35:04.960  9562  9608 E chromium: [ERROR:gles2_cmd_decoder.cc(3852)] [.ChromiumCompositor-0xacbb2fc0]GL ERROR :GL_INVALID_ENUM : glDiscardFramebufferEXT: attachments was GL_COLOR_EXT
06-28 15:35:05.394  9629  9642 E WPROF   : {"Javascript": {"url": "http://m.addthisedge.com/live/boost/ra-53e918f660794f37/_ate.track.config_resp", "requestTime": 25182.449794}}
06-28 15:35:05.451  9629  9642 E WPROF   : {"Javascript": {"url": "http://m.addthis.com/live/red_lojson/300lo.json?si=59534e1758352141&bkl=0&bl=1&pdt=2020&sid=59534e1758352141&pub=ra-53e918f660794f37&rev=v7.15.4-wp&ln=ko&pc=men&cb=0&ab=-&dp=searchengineland.com&fp=dont-miss-smx-advanced-year-register-now-save-400-274247&fr=&of=0&pd=0&irt=0&vcl=0&md=0&ct=1&tct=0&abt", "requestTime": 25182.506665}}
06-28 15:35:05.732  9562  9608 E chromium: [ERROR:gles2_cmd_decoder.cc(3852)] [.ChromiumCompositor-0xacbb2fc0]GL ERROR :GL_INVALID_ENUM : glDiscardFramebufferEXT: attachments was GL_COLOR_EXT
06-28 15:35:06.204  9562  9608 E chromium: [ERROR:gles2_cmd_decoder.cc(3852)] [.ChromiumCompositor-0xacbb2fc0]GL ERROR :GL_INVALID_ENUM : glDiscardFramebufferEXT: attachments was GL_COLOR_EXT
06-28 15:35:07.296  9629  9642 E WPROF   : {"Javascript": {"url": "https://www.google.com/js/bg/KWBfAnWFESAEEaKKgdYlTHY9ysQaNoQuzeMFqvxDSM8.js", "requestTime": 25184.352097}}
06-28 15:35:07.298  9629  9642 E WPROF   : {"Javascript": {"url": "https://static.doubleclick.net/instream/ad_status.js", "requestTime": 25184.353926}}
06-28 15:35:07.447  9562  9608 E chromium: [ERROR:gles2_cmd_decoder.cc(3852)] [.ChromiumCompositor-0xacbb2fc0]GL ERROR :GL_INVALID_ENUM : glDiscardFramebufferEXT: attachments was GL_COLOR_EXT
06-28 15:35:07.811  9562  9608 E chromium: [ERROR:gles2_cmd_decoder.cc(3852)] [.ChromiumCompositor-0xacbb2fc0]GL ERROR :GL_INVALID_ENUM : glDiscardFramebufferEXT: attachments was GL_COLOR_EXT
06-28 15:35:08.360  9629  9642 E WPROF   : {"Javascript": {"url": "https://securepubads.g.doubleclick.net/gampad/ads?gdfp_req=1&correlator=4009377289732096&output=json_html&callback=googletag.impl.pubads.callbackProxy1&impl=fifs&json_a=1&eid=108809080%2C108809148%2C108809107&sc=0&sfv=1-0-9&iu_parts=1038259%2Csel-ciu-1%2Csel-ciu-2%2Csel-ciu-3%2Csel-ciu-4%2Csel-ciu-5", "requestTime": 25185.415871}}
06-28 15:35:08.525  9629  9642 E WPROF   : {"Javascript": {"url": "https://platform.twitter.com/js/button.b731e6c82269f70f6fc53634e044a4c6.js", "requestTime": 25185.581130}}
06-28 15:35:08.532  9629  9642 E WPROF   : {"Javascript": {"url": "http://munchkin.marketo.net/151/munchkin.js", "requestTime": 25185.587247}}
06-28 15:35:08.756  9629  9642 E WPROF   : {"Javascript": {"url": "http://www.justuno.com/ajax/account_version_check.html?id=828FA275-FF73-401E-AA39-40F5A6FAB6B1", "requestTime": 25185.811641}}
06-28 15:35:08.771  9629  9642 E WPROF   : {"Javascript": {"url": "http://s7.addthis.com/static/layers.4acb6c577b51939661ec.js", "requestTime": 25185.826846}}
06-28 15:35:08.889  9562  9608 E chromium: [ERROR:gles2_cmd_decoder.cc(3852)] [.ChromiumCompositor-0xacbb2fc0]GL ERROR :GL_INVALID_ENUM : glDiscardFramebufferEXT: attachments was GL_COLOR_EXT
06-28 15:35:08.950  9562  9608 E chromium: [ERROR:gles2_cmd_decoder.cc(3852)] [.ChromiumCompositor-0xacbb2fc0]GL ERROR :GL_INVALID_ENUM : glDiscardFramebufferEXT: attachments was GL_COLOR_EXT
06-28 15:35:09.319  9562  9608 E chromium: [ERROR:gles2_cmd_decoder.cc(3852)] [.ChromiumCompositor-0xacbb2fc0]GL ERROR :GL_INVALID_ENUM : glDiscardFramebufferEXT: attachments was GL_COLOR_EXT
06-28 15:35:09.807  9562  9608 E chromium: [ERROR:gles2_cmd_decoder.cc(3852)] [.ChromiumCompositor-0xacbb2fc0]GL ERROR :GL_INVALID_ENUM : glDiscardFramebufferEXT: attachments was GL_COLOR_EXT
06-28 15:35:10.155  9562  9608 E chromium: [ERROR:gles2_cmd_decoder.cc(3852)] [.ChromiumCompositor-0xacbb2fc0]GL ERROR :GL_INVALID_ENUM : glDiscardFramebufferEXT: attachments was GL_COLOR_EXT
06-28 15:35:10.356  9629  9642 E WPROF   : {"Javascript": {"url": "https://tpc.googlesyndication.com/pagead/js/r20170619/r20110914/client/ext/m_window_focus_non_hydra.js", "requestTime": 25187.412169}}
06-28 15:35:10.358  9629  9642 E WPROF   : {"Javascript": {"url": "https://tpc.googlesyndication.com/pagead/js/r20170619/r20110914/activeview/osd_listener.js", "requestTime": 25187.413836}}
06-28 15:35:10.363  9629  9642 E WPROF   : {"Javascript": {"url": "http://pagead2.googlesyndication.com/pagead/osd.js", "requestTime": 25187.418267}}
06-28 15:35:12.188  9629  9642 E WPROF   : {"Javascript": {"url": "http://cdn.justuno.com/mwgt_3.6.js", "requestTime": 25189.243532}}
06-28 15:35:12.474  9562  9608 E chromium: [ERROR:gles2_cmd_decoder.cc(3852)] [.ChromiumCompositor-0xacbb2fc0]GL ERROR :GL_INVALID_ENUM : glDiscardFramebufferEXT: attachments was GL_COLOR_EXT
06-28 15:35:12.679  9629  9642 E WPROF   : {"Javascript": {"url": "https://app-sj02.marketo.com/js/forms2/js/forms2.min.js", "requestTime": 25189.734522}}
06-28 15:35:12.734  9562  9608 E chromium: [ERROR:gles2_cmd_decoder.cc(3852)] [.ChromiumCompositor-0xacbb2fc0]GL ERROR :GL_INVALID_ENUM : glDiscardFramebufferEXT: attachments was GL_COLOR_EXT
06-28 15:35:12.810  9562  9608 E chromium: [ERROR:gles2_cmd_decoder.cc(3852)] [.ChromiumCompositor-0xacbb2fc0]GL ERROR :GL_INVALID_ENUM : glDiscardFramebufferEXT: attachments was GL_COLOR_EXT
06-28 15:35:13.366  9629  9642 E WPROF   : {"Javascript": {"url": "https://cdn.syndication.twimg.com/widgets/followbutton/info.json?callback=__twttr.setFollowersCountAndFollowing&lang=en&screen_names=sengineland", "requestTime": 25190.421429}}
06-28 15:35:14.553  9629  9642 E WProf.db: {"page": "searchengineland.com_dont-miss-smx-advanced-year-register-now-save-400-274247"}
06-28 15:35:14.553  9629  9642 E WProf.db: {"DOMLoad": 25191.608908}
06-28 15:35:14.553  9629  9642 E WProf.db: {"Resource": {"id": 1, "url": "http://searchengineland.com/dont-miss-smx-advanced-year-register-now-save-400-274247", "sentTime": -1.000000, "len": 95568, "from": "0x0", "mimeType": "text/html", "contentLength": -1, "httpStatus": 200, "connId": 20, "connReused": 1, "cached": 0,"requestTime": 25177.971413, "proxyStart": -1, "proxyEnd": -1, "dnsStart": -1, "dnsEnd": -1, "connectStart": 0, "connectEnd": 54, "sendStart": 54, "sendEnd": 54, "receiveHeadersEnd": 206, "sslStart": -1, "sslEnd": -1}}
06-28 15:35:14.553  9629  9642 E WProf.db: {"ReceivedChunk": {"receivedTime": 25178.186115, "len": 7696}}
06-28 15:35:14.553  9629  9642 E WProf.db: {"ReceivedChunk": {"receivedTime": 25178.274239, "len": 32768}}
06-28 15:35:14.554  9629  9642 E WProf.db: {"ReceivedChunk": {"receivedTime": 25178.274459, "len": 30290}}
06-28 15:35:14.554  9629  9642 E WProf.db: {"ReceivedChunk": {"receivedTime": 25178.315786, "len": 7708}}
06-28 15:35:14.554  9629  9642 E WProf.db: {"ReceivedChunk": {"receivedTime": 25178.316697, "len": 17106}}
06-28 15:35:14.554  9629  9642 E WProf.db: {"WprofHTMLTag": {"code": "0xaeddd630", "doc": "http://searchengineland.com/dont-miss-smx-advanced-year-register-now-save-400-274247", "row": 6, "column": 42, "tagName": "html", "time": 25178.275053, "url": "", "pos": 1, "chunkLen": 1, "isStartTag": 1}}
06-28 15:35:14.554  9629  9642 E WProf.db: {"WprofHTMLTag": {"code": "0xaf047760", "doc": "http://searchengineland.com/dont-miss-smx-advanced-year-register-now-save-400-274247", "row": 7, "column": 6, "tagName": "head", "time": 25178.275279, "url": "", "pos": 1, "chunkLen": 1, "isStartTag": 1}}
06-28 15:35:14.554  9629  9642 E WProf.db: {"WprofHTMLTag": {"code": "0xaf047850", "doc": "http://searchengineland.com/dont-miss-smx-advanced-year-register-now-save-400-274247", "row": 8, "column": 54, "tagName": "meta", "time": 25178.275326, "url": "", "pos": 1, "chunkLen": 1, "isStartTag": 1}}
06-28 15:35:14.554  9629  9642 E WProf.db: {"WprofHTMLTag": {"code": "0xaf047880", "doc": "http://searchengineland.com/dont-miss-smx-advanced-year-register-now-save-400-274247", "row": 9, "column": 68, "tagName": "meta", "time": 25178.275473, "url": "", "pos": 1, "chunkLen": 1, "isStartTag": 1}}
06-28 15:35:14.554  9629  9642 E WProf.db: {"WprofHTMLTag": {"code": "0xaf0478b0", "doc": "http://searchengineland.com/dont-miss-smx-advanced-year-register-now-save-400-274247", "row": 10, "column": 23, "tagName": "meta", "time": 25178.275583, "url": "", "pos": 1, "chunkLen": 1, "isStartTag": 1}}
06-28 15:35:14.554  9629  9642 E WProf.db: {"WprofHTMLTag": {"code": "0xaf0478e0", "doc": "http://searchengineland.com/dont-miss-smx-advanced-year-register-now-save-400-274247", "row": 11, "column": 52, "tagName": "meta", "time": 25178.275731, "url": "", "pos": 1, "chunkLen": 1, "isStartTag": 1}}
06-28 15:35:14.554  9629  9642 E WProf.db: {"WprofHTMLTag": {"code": "0xaf047910", "doc": "http://searchengineland.com/dont-miss-smx-advanced-year-register-now-save-400-274247", "row": 14, "column": 56, "tagName": "meta", "time": 25178.275867, "url": "", "pos": 1, "chunkLen": 1, "isStartTag": 1}}
06-28 15:35:14.554  9629  9642 E WProf.db: {"WprofHTMLTag": {"code": "0xaf047940", "doc": "http://searchengineland.com/dont-miss-smx-advanced-year-register-now-save-400-274247", "row": 15, "column": 83, "tagName": "meta", "time": 25178.275994, "url": "", "pos": 1, "chunkLen": 1, "isStartTag": 1}}
06-28 15:35:14.554  9629  9642 E WProf.db: {"WprofHTMLTag": {"code": "0xaf047970", "doc": "http://searchengineland.com/dont-miss-smx-advanced-year-register-now-save-400-274247", "row": 16, "column": 57, "tagName": "meta", "time": 25178.276100, "url": "", "pos": 1, "chunkLen": 1, "isStartTag": 1}}
06-28 15:35:14.554  9629  9642 E WProf.db: {"WprofHTMLTag": {"code": "0xaf047a00", "doc": "http://searchengineland.com/dont-miss-smx-advanced-year-register-now-save-400-274247", "row": 17, "column": 41, "tagName": "meta", "time": 25178.276231, "url": "", "pos": 1, "chunkLen": 1, "isStartTag": 1}}
06-28 15:35:14.555  9629  9642 E WProf.db: {"WprofHTMLTag": {"code": "0xaf047a30", "doc": "http://searchengineland.com/dont-miss-smx-advanced-year-register-now-save-400-274247", "row": 18, "column": 50, "tagName": "meta", "time": 25178.276345, "url": "", "pos": 1, "chunkLen": 1, "isStartTag": 1}}
06-28 15:35:14.555  9629  9642 E WProf.db: {"WprofHTMLTag": {"code": "0xaf047a60", "doc": "http://searchengineland.com/dont-miss-smx-advanced-year-register-now-save-400-274247", "row": 19, "column": 174, "tagName": "meta", "time": 25178.276457, "url": "", "pos": 1, "chunkLen": 1, "isStartTag": 1}}
06-28 15:35:14.555  9629  9642 E WProf.db: {"WprofHTMLTag": {"code": "0xaf0479d0", "doc": "http://searchengineland.com/dont-miss-smx-advanced-year-register-now-save-400-274247", "row": 20, "column": 47, "tagName": "meta", "time": 25178.276579, "url": "", "pos": 1, "chunkLen": 1, "isStartTag": 1}}
06-28 15:35:14.555  9629  9642 E WProf.db: {"WprofHTMLTag": {"code": "0xaf0479a0", "doc": "http://searchengineland.com/dont-miss-smx-advanced-year-register-now-save-400-274247", "row": 21, "column": 67, "tagName": "meta", "time": 25178.276687, "url": "", "pos": 1, "chunkLen": 1, "isStartTag": 1}}
06-28 15:35:14.555  9629  9642 E WProf.db: {"WprofHTMLTag": {"code": "0xaf047a90", "doc": "http://searchengineland.com/dont-miss-smx-advanced-year-register-now-save-400-274247", "row": 22, "column": 57, "tagName": "meta", "time": 25178.276794, "url": "", "pos": 1, "chunkLen": 1, "isStartTag": 1}}
06-28 15:35:14.555  9629  9642 E WProf.db: {"WprofHTMLTag": {"code": "0xaf047ac0", "doc": "http://searchengineland.com/dont-miss-smx-advanced-year-register-now-save-400-274247", "row": 23, "column": 65, "tagName": "meta", "time": 25178.276908, "url": "", "pos": 1, "chunkLen": 1, "isStartTag": 1}}
06-28 15:35:14.555  9629  9642 E WProf.db: {"WprofHTMLTag": {"code": "0xaf047af0", "doc": "http://searchengineland.com/dont-miss-smx-advanced-year-register-now-save-400-274247", "row": 24, "column": 55, "tagName": "meta", "time": 25178.277023, "url": "", "pos": 1, "chunkLen": 1, "isStartTag": 1}}
06-28 15:35:14.555  9629  9642 E WProf.db: {"WprofHTMLTag": {"code": "0xaf047b20", "doc": "http://searchengineland.com/dont-miss-smx-advanced-year-register-now-save-400-274247", "row": 25, "column": 71, "tagName": "meta", "time": 25178.277126, "url": "", "pos": 1, "chunkLen": 1, "isStartTag": 1}}
06-28 15:35:14.555  9629  9642 E WProf.db: {"WprofHTMLTag": {"code": "0xaf047b50", "doc": "http://searchengineland.com/dont-miss-smx-advanced-year-register-now-save-400-274247", "row": 26, "column": 86, "tagName": "meta", "time": 25178.277229, "url": "", "pos": 1, "chunkLen": 1, "isStartTag": 1}}
06-28 15:35:14.555  9629  9642 E WProf.db: {"WprofHTMLTag": {"code": "0xaf047b80", "doc": "http://searchengineland.com/dont-miss-smx-advanced-year-register-now-save-400-274247", "row": 27, "column": 54, "tagName": "meta", "time": 25178.277343, "url": "", "pos": 1, "chunkLen": 1, "isStartTag": 1}}
06-28 15:35:14.555  9629  9642 E WProf.db: {"WprofHTMLTag": {"code": "0xaf047bb0", "doc": "http://searchengineland.com/dont-miss-smx-advanced-year-register-now-save-400-274247", "row": 29, "column": 39, "tagName": "meta", "time": 25178.277452, "url": "", "pos": 1, "chunkLen": 1, "isStartTag": 1}}
06-28 15:35:14.555  9629  9642 E WProf.db: {"WprofHTMLTag": {"code": "0xaf047be0", "doc": "http://searchengineland.com/dont-miss-smx-advanced-year-register-now-save-400-274247", "row": 30, "column": 178, "tagName": "meta", "time": 25178.277564, "url": "", "pos": 1, "chunkLen": 1, "isStartTag": 1}}
06-28 15:35:14.555  9629  9642 E WProf.db: {"WprofHTMLTag": {"code": "0xaf047c10", "doc": "http://searchengineland.com/dont-miss-smx-advanced-year-register-now-save-400-274247", "row": 31, "column": 55, "tagName": "meta", "time": 25178.277668, "url": "", "pos": 1, "chunkLen": 1, "isStartTag": 1}}
06-28 15:35:14.556  9629  9642 E WProf.db: {"WprofHTMLTag": {"code": "0xaf047c40", "doc": "http://searchengineland.com/dont-miss-smx-advanced-year-register-now-save-400-274247", "row": 32, "column": 54, "tagName": "meta", "time": 25178.277776, "url": "", "pos": 1, "chunkLen": 1, "isStartTag": 1}}
06-28 15:35:14.556  9629  9642 E WProf.db: {"WprofHTMLTag": {"code": "0xaf047c70", "doc": "http://searchengineland.com/dont-miss-smx-advanced-year-register-now-save-400-274247", "row": 33, "column": 141, "tagName": "meta", "time": 25178.277880, "url": "", "pos": 1, "chunkLen": 1, "isStartTag": 1}}
06-28 15:35:14.556  9629  9642 E WProf.db: {"WprofHTMLTag": {"code": "0xaf047ca0", "doc": "http://searchengineland.com/dont-miss-smx-advanced-year-register-now-save-400-274247", "row": 37, "column": 36, "tagName": "script", "time": 25178.277990, "url": "", "pos": 1, "chunkLen": 1, "isStartTag": 1}}
06-28 15:35:14.556  9629  9642 E WProf.db: {"WprofHTMLTag": {"code": "0xaf047cd0", "doc": "http://searchengineland.com/dont-miss-smx-advanced-year-register-now-save-400-274247", "row": 53, "column": 10, "tagName": "script", "time": 25178.278238, "url": "", "pos": 1, "chunkLen": 1, "isStartTag": 0}}
06-28 15:35:14.556  9629  9642 E WProf.db: {"WprofHTMLTag": {"code": "0xaeddd660", "doc": "http://searchengineland.com/dont-miss-smx-advanced-year-register-now-save-400-274247", "row": 55, "column": 86, "tagName": "link", "time": 25178.278931, "url": "http://searchengineland.com/apple-touch-icon.png", "pos": 1, "chunkLen": 1, "isStartTag": 1}}
06-28 15:35:14.556  9629  9642 E WProf.db: {"WprofHTMLTag": {"code": "0xaf047d00", "doc": "http://searchengineland.com/dont-miss-smx-advanced-year-register-now-save-400-274247", "row": 56, "column": 76, "tagName": "link", "time": 25178.279237, "url": "http://searchengineland.com/favicon.ico", "pos": 1, "chunkLen": 1, "isStartTag": 1}}
06-28 15:35:14.556  9629  9642 E WProf.db: {"WprofHTMLTag": {"code": "0xaf047d30", "doc": "http://searchengineland.com/dont-miss-smx-advanced-year-register-now-save-400-274247", "row": 57, "column": 158, "tagName": "link", "time": 25178.279443, "url": "http://feeds.searchengineland.com/searchengineland", "pos": 1, "chunkLen": 1, "isStartTag": 1}}
06-28 15:35:14.556  9629  9642 E WProf.db: {"WprofHTMLTag": {"code": "0xaf047d60", "doc": "http://searchengineland.com/dont-miss-smx-advanced-year-register-now-save-400-274247", "row": 58, "column": 149, "tagName": "link", "time": 25178.279724, "url": "http://feeds.searchengineland.com/searchcap", "pos": 1, "chunkLen": 1, "isStartTag": 1}}
06-28 15:35:14.556  9629  9642 E WProf.db: {"WprofHTMLTag": {"code": "0xaf047d90", "doc": "http://searchengineland.com/dont-miss-smx-advanced-year-register-now-save-400-274247", "row": 59, "column": 150, "tagName": "link", "time": 25178.280158, "url": "http://searchengineland.com/figz/wp-content/themes/searchengineland/css/searchengineland-bootstrap.css", "pos": 1, "chunkLen": 1, "isStartTag": 1}}
06-28 15:35:14.557  9629  9642 E WProf.db: {"WprofHTMLTag": {"code": "0xaf047df0", "doc": "http://searchengineland.com/dont-miss-smx-advanced-year-register-now-save-400-274247", "row": 60, "column": 105, "tagName": "link", "time": 25178.280845, "url": "http://fonts.googleapis.com/css?family=Oswald:300,400,700", "pos": 1, "chunkLen": 1, "isStartTag": 1}}
06-28 15:35:14.557  9629  9642 E WProf.db: {"WprofHTMLTag": {"code": "0xaf047e50", "doc": "http://searchengineland.com/dont-miss-smx-advanced-year-register-now-save-400-274247", "row": 61, "column": 125, "tagName": "link", "time": 25178.286220, "url": "http://searchengineland.com/figz/wp-content/themes/searchengineland/style.css", "pos": 1, "chunkLen": 1, "isStartTag": 1}}
06-28 15:35:14.557  9629  9642 E WProf.db: {"WprofHTMLTag": {"code": "0xaf047eb0", "doc": "http://searchengineland.com/dont-miss-smx-advanced-year-register-now-save-400-274247", "row": 65, "column": 7, "tagName": "title", "time": 25178.290692, "url": "", "pos": 1, "chunkLen": 1, "isStartTag": 1}}
06-28 15:35:14.557  9629  9642 E WProf.db: {"WprofHTMLTag": {"code": "0xaf047ee0", "doc": "http://searchengineland.com/dont-miss-smx-advanced-year-register-now-save-400-274247", "row": 65, "column": 79, "tagName": "title", "time": 25178.290780, "url": "", "pos": 1, "chunkLen": 1, "isStartTag": 0}}
06-28 15:35:14.557  9629  9642 E WProf.db: {"WprofHTMLTag": {"code": "0xaf047f10", "doc": "http://searchengineland.com/dont-miss-smx-advanced-year-register-now-save-400-274247", "row": 66, "column": 191, "tagName": "meta", "time": 25178.290801, "url": "", "pos": 1, "chunkLen": 1, "isStartTag": 1}}
06-28 15:35:14.557  9629  9642 E WProf.db: {"WprofHTMLTag": {"code": "0xaf047f40", "doc": "http://searchengineland.com/dont-miss-smx-advanced-year-register-now-save-400-274247", "row": 67, "column": 40, "tagName": "meta", "time": 25178.290917, "url": "", "pos": 1, "chunkLen": 1, "isStartTag": 1}}
06-28 15:35:14.557  9629  9642 E WProf.db: {"WprofHTMLTag": {"code": "0xaf047f70", "doc": "http://searchengineland.com/dont-miss-smx-advanced-year-register-now-save-400-274247", "row": 68, "column": 126, "tagName": "meta", "time": 25178.291019, "url": "", "pos": 1, "chunkLen": 1, "isStartTag": 1}}
06-28 15:35:14.557  9629  9642 E WProf.db: {"WprofHTMLTag": {"code": "0xaf047fa0", "doc": "http://searchengineland.com/dont-miss-smx-advanced-year-register-now-save-400-274247", "row": 69, "column": 37, "tagName": "meta", "time": 25178.291129, "url": "", "pos": 1, "chunkLen": 1, "isStartTag": 1}}
06-28 15:35:14.557  9629  9642 E WProf.db: {"WprofHTMLTag": {"code": "0xaf047fd0", "doc": "http://searchengineland.com/dont-miss-smx-advanced-year-register-now-save-400-274247", "row": 70, "column": 116, "tagName": "link", "time": 25178.291239, "url": "http://searchengineland.com/dont-miss-smx-advanced-year-register-now-save-400-274247", "pos": 1, "chunkLen": 1, "isStartTag": 1}}
06-28 15:35:14.557  9629  9642 E WProf.db: {"WprofHTMLTag": {"code": "0xb4cc74b0", "doc": "http://searchengineland.com/dont-miss-smx-advanced-year-register-now-save-400-274247", "row": 71, "column": 76, "tagName": "link", "time": 25178.291445, "url": "https://plus.google.com/103218677032751327334", "pos": 1, "chunkLen": 1, "isStartTag": 1}}
06-28 15:35:14.557  9629  9642 E WProf.db: {"WprofHTMLTag": {"code": "0xb4cc7540", "doc": "http://searchengineland.com/dont-miss-smx-advanced-year-register-now-save-400-274247", "row": 72, "column": 45, "tagName": "meta", "time": 25178.291639, "url": "", "pos": 1, "chunkLen": 1, "isStartTag": 1}}
06-28 15:35:14.557  9629  9642 E WProf.db: {"WprofHTMLTag": {"code": "0xb4cc78a0", "doc": "http://searchengineland.com/dont-miss-smx-advanced-year-register-now-save-400-274247", "row": 73, "column": 45, "tagName": "meta", "time": 25178.291754, "url": "", "pos": 1, "chunkLen": 1, "isStartTag": 1}}
06-28 15:35:14.558  9629  9642 E WProf.db: {"WprofHTMLTag": {"code": "0xb4cc78d0", "doc": "http://searchengineland.com/dont-miss-smx-advanced-year-register-now-save-400-274247", "row": 74, "column": 103, "tagName": "meta", "time": 25178.291864, "url": "", "pos": 1, "chunkLen": 1, "isStartTag": 1}}
06-28 15:35:14.558  9629  9642 E WProf.db: {"WprofHTMLTag": {"code": "0xb4cc7900", "doc": "http://searchengineland.com/dont-miss-smx-advanced-year-register-now-save-400-274247", "row": 75, "column": 199, "tagName": "meta", "time": 25178.291976, "url": "", "pos": 1, "chunkLen": 1, "isStartTag": 1}}
06-28 15:35:14.558  9629  9642 E WProf.db: {"WprofHTMLTag": {"code": "0xb4cc7930", "doc": "http://searchengineland.com/dont-miss-smx-advanced-year-register-now-save-400-274247", "row": 76, "column": 121, "tagName": "meta", "time": 25178.292766, "url": "", "pos": 1, "chunkLen": 1, "isStartTag": 1}}
06-28 15:35:14.558  9629  9642 E WProf.db: {"WprofHTMLTag": {"code": "0xb4cc7960", "doc": "http://searchengineland.com/dont-miss-smx-advanced-year-register-now-save-400-274247", "row": 77, "column": 61, "tagName": "meta", "time": 25178.294715, "url": "", "pos": 1, "chunkLen": 1, "isStartTag": 1}}
06-28 15:35:14.558  9629  9642 E WProf.db: {"WprofHTMLTag": {"code": "0xb4cc7990", "doc": "http://searchengineland.com/dont-miss-smx-advanced-year-register-now-save-400-274247", "row": 78, "column": 89, "tagName": "meta", "time": 25178.294840, "url": "", "pos": 1, "chunkLen": 1, "isStartTag": 1}}
06-28 15:35:14.558  9629  9642 E WProf.db: {"WprofHTMLTag": {"code": "0xb4cc79c0", "doc": "http://searchengineland.com/dont-miss-smx-advanced-year-register-now-save-400-274247", "row": 79, "column": 63, "tagName": "meta", "time": 25178.294952, "url": "", "pos": 1, "chunkLen": 1, "isStartTag": 1}}
06-28 15:35:14.558  9629  9642 E WProf.db: {"WprofHTMLTag": {"code": "0xb4cc79f0", "doc": "http://searchengineland.com/dont-miss-smx-advanced-year-register-now-save-400-274247", "row": 80, "column": 78, "tagName": "meta", "time": 25178.295065, "url": "", "pos": 1, "chunkLen": 1, "isStartTag": 1}}
06-28 15:35:14.558  9629  9642 E WProf.db: {"WprofHTMLTag": {"code": "0xb4cc7a20", "doc": "http://searchengineland.com/dont-miss-smx-advanced-year-register-now-save-400-274247", "row": 81, "column": 135, "tagName": "meta", "time": 25178.295173, "url": "", "pos": 1, "chunkLen": 1, "isStartTag": 1}}
06-28 15:35:14.558  9629  9642 E WProf.db: {"WprofHTMLTag": {"code": "0xb4cc7a50", "doc": "http://searchengineland.com/dont-miss-smx-advanced-year-register-now-save-400-274247", "row": 82, "column": 58, "tagName": "meta", "time": 25178.295288, "url": "", "pos": 1, "chunkLen": 1, "isStartTag": 1}}
06-28 15:35:14.558  9629  9642 E WProf.db: {"WprofHTMLTag": {"code": "0xb4cc7a80", "doc": "http://searchengineland.com/dont-miss-smx-advanced-year-register-now-save-400-274247", "row": 83, "column": 200, "tagName": "meta", "time": 25178.295401, "url": "", "pos": 1, "chunkLen": 1, "isStartTag": 1}}
06-28 15:35:14.558  9629  9642 E WProf.db: {"WprofHTMLTag": {"code": "0xb4cc7ab0", "doc": "http://searchengineland.com/dont-miss-smx-advanced-year-register-now-save-400-274247", "row": 84, "column": 104, "tagName": "meta", "time": 25178.295507, "url": "", "pos": 1, "chunkLen": 1, "isStartTag": 1}}
06-28 15:35:14.558  9629  9642 E WProf.db: {"WprofHTMLTag": {"code": "0xb4cc7ae0", "doc": "http://searchengineland.com/dont-miss-smx-advanced-year-register-now-save-400-274247", "row": 85, "column": 51, "tagName": "meta", "time": 25178.295610, "url": "", "pos": 1, "chunkLen": 1, "isStartTag": 1}}
06-28 15:35:14.558  9629  9642 E WProf.db: {"WprofHTMLTag": {"code": "0xb4cc7b10", "doc": "http://searchengineland.com/dont-miss-smx-advanced-year-register-now-save-400-274247", "row": 86, "column": 136, "tagName": "meta", "time": 25178.295717, "url": "", "pos": 1, "chunkLen": 1, "isStartTag": 1}}
06-28 15:35:14.559  9629  9642 E WProf.db: {"WprofHTMLTag": {"code": "0xb4cc7b40", "doc": "http://searchengineland.com/dont-miss-smx-advanced-year-register-now-save-400-274247", "row": 87, "column": 54, "tagName": "meta", "time": 25178.295824, "url": "", "pos": 1, "chunkLen": 1, "isStartTag": 1}}
06-28 15:35:14.559  9629  9642 E WProf.db: {"WprofHTMLTag": {"code": "0xb4cc7b70", "doc": "http://searchengineland.com/dont-miss-smx-advanced-year-register-now-save-400-274247", "row": 90, "column": 44, "tagName": "link", "time": 25178.295950, "url": "http://s.w.org/", "pos": 1, "chunkLen": 1, "isStartTag": 1}}
06-28 15:35:14.559  9629  9642 E WProf.db: {"WprofHTMLTag": {"code": "0xb4cc7ba0", "doc": "http://searchengineland.com/dont-miss-smx-advanced-year-register-now-save-400-274247", "row": 91, "column": 33, "tagName": "script", "time": 25178.296177, "url": "", "pos": 1, "chunkLen": 1, "isStartTag": 1}}
06-28 15:35:14.559  9629  9642 E WProf.db: {"WprofHTMLTag": {"code": "0xb4cc7bd0", "doc": "http://searchengineland.com/dont-miss-smx-advanced-year-register-now-save-400-274247", "row": 94, "column": 11, "tagName": "script", "time": 25178.296638, "url": "http://searchengineland.com/figz/wp-includes/js/wp-emoji-release.min.js?ver=4.7.5", "pos": 1, "chunkLen": 1, "isStartTag": 0}}
06-28 15:35:14.559  9629  9642 E WProf.db: {"WprofHTMLTag": {"code": "0x9d1688d0", "doc": "http://searchengineland.com/dont-miss-smx-advanced-year-register-now-save-400-274247", "row": 95, "column": 25, "tagName": "style", "time": 25178.807199, "url": "", "pos": 1, "chunkLen": 1, "isStartTag": 1}}
06-28 15:35:14.559  9629  9642 E WProf.db: {"WprofHTMLTag": {"code": "0x9d168900", "doc": "http://searchengineland.com/dont-miss-smx-advanced-year-register-now-save-400-274247", "row": 108, "column": 8, "tagName": "style", "time": 25178.807373, "url": "", "pos": 1, "chunkLen": 1, "isStartTag": 0}}
06-28 15:35:14.559  9629  9642 E WProf.db: {"WprofHTMLTag": {"code": "0x9d168930", "doc": "http://searchengineland.com/dont-miss-smx-advanced-year-register-now-save-400-274247", "row": 109, "column": 140, "tagName": "script", "time": 25178.808884, "url": "http://searchengineland.com/figz/wp-content/themes/searchengineland/js/lib/modernizr.custom.js?ver=1.0", "pos": 1, "chunkLen": 1, "isStartTag": 1}}
06-28 15:35:14.559  9629  9642 E WProf.db: {"WprofHTMLTag": {"code": "0x9d168960", "doc": "http://searchengineland.com/dont-miss-smx-advanced-year-register-now-save-400-274247", "row": 109, "column": 149, "tagName": "script", "time": 25178.809113, "url": "", "pos": 1, "chunkLen": 1, "isStartTag": 0}}
06-28 15:35:14.559  9629  9642 E WProf.db: {"WprofHTMLTag": {"code": "0xaedddab0", "doc": "http://searchengineland.com/dont-miss-smx-advanced-year-register-now-save-400-274247", "row": 110, "column": 144, "tagName": "script", "time": 25178.817800, "url": "http://searchengineland.com/figz/wp-content/themes/searchengineland/js/lib/jquery-1.11.0.min.js?ver=1.11.0", "pos": 1, "chunkLen": 1, "isStartTag": 1}}
06-28 15:35:14.559  9629  9642 E WProf.db: {"WprofHTMLTag": {"code": "0x9d1689f0", "doc": "http://searchengineland.com/dont-miss-smx-advanced-year-register-now-save-400-274247", "row": 110, "column": 153, "tagName": "script", "time": 25178.818044, "url": "", "pos": 1, "chunkLen": 1, "isStartTag": 0}}
06-28 15:35:14.559  9629  9642 E WProf.db: {"WprofHTMLTag": {"code": "0xaedddf30", "doc": "http://searchengineland.com/dont-miss-smx-advanced-year-register-now-save-400-274247", "row": 0, "column": 15, "tagName": "div", "time": 25178.880134, "url": "", "pos": 15, "chunkLen": 44, "isStartTag": 1}}
06-28 15:35:14.559  9629  9642 E WProf.db: {"WprofHTMLTag": {"code": "0xaedddf00", "doc": "http://searchengineland.com/dont-miss-smx-advanced-year-register-now-save-400-274247", "row": 0, "column": 21, "tagName": "div", "time": 25178.880277, "url": "", "pos": 21, "chunkLen": 44, "isStartTag": 0}}
06-28 15:35:14.559  9629  9642 E WProf.db: {"WprofHTMLTag": {"code": "0xaeddded0", "doc": "http://searchengineland.com/dont-miss-smx-advanced-year-register-now-save-400-274247", "row": 0, "column": 38, "tagName": "div", "time": 25178.880341, "url": "", "pos": 38, "chunkLen": 44, "isStartTag": 1}}
06-28 15:35:14.560  9629  9642 E WProf.db: {"WprofHTMLTag": {"code": "0xaedddea0", "doc": "http://searchengineland.com/dont-miss-smx-advanced-year-register-now-save-400-274247", "row": 0, "column": 44, "tagName": "div", "time": 25178.880453, "url": "", "pos": 44, "chunkLen": 44, "isStartTag": 0}}
06-28 15:35:14.560  9629  9642 E WProf.db: {"WprofHTMLTag": {"code": "0xaeddde70", "doc": "http://searchengineland.com/dont-miss-smx-advanced-year-register-now-save-400-274247", "row": 0, "column": 13, "tagName": "select", "time": 25178.881857, "url": "", "pos": 13, "chunkLen": 51, "isStartTag": 1}}
06-28 15:35:14.560  9629  9642 E WProf.db: {"WprofHTMLTag": {"code": "0xaedddd80", "doc": "http://searchengineland.com/dont-miss-smx-advanced-year-register-now-save-400-274247", "row": 0, "column": 33, "tagName": "option", "time": 25178.882028, "url": "", "pos": 33, "chunkLen": 51, "isStartTag": 1}}
06-28 15:35:14.560  9629  9642 E WProf.db: {"WprofHTMLTag": {"code": "0xaeddde40", "doc": "http://searchengineland.com/dont-miss-smx-advanced-year-register-now-save-400-274247", "row": 0, "column": 42, "tagName": "option", "time": 25178.882200, "url": "", "pos": 42, "chunkLen": 51, "isStartTag": 0}}
06-28 15:35:14.560  9629  9642 E WProf.db: {"WprofHTMLTag": {"code": "0x9d168a80", "doc": "http://searchengineland.com/dont-miss-smx-advanced-year-register-now-save-400-274247", "row": 0, "column": 51, "tagName": "select", "time": 25178.882254, "url": "", "pos": 51, "chunkLen": 51, "isStartTag": 0}}
06-28 15:35:14.560  9629  9642 E WProf.db: {"WprofHTMLTag": {"code": "0x9d168ab0", "doc": "http://searchengineland.com/dont-miss-smx-advanced-year-register-now-save-400-274247", "row": 0, "column": 12, "tagName": "a", "time": 25178.886429, "url": "", "pos": 12, "chunkLen": 16, "isStartTag": 1}}
06-28 15:35:14.560  9629  9642 E WProf.db: {"WprofHTMLTag": {"code": "0x9d168ae0", "doc": "http://searchengineland.com/dont-miss-smx-advanced-year-register-now-save-400-274247", "row": 0, "column": 16, "tagName": "a", "time": 25178.886572, "url": "", "pos": 16, "chunkLen": 16, "isStartTag": 0}}
06-28 15:35:14.560  9629  9642 E WProf.db: {"WprofHTMLTag": {"code": "0x9d168b10", "doc": "http://searchengineland.com/dont-miss-smx-advanced-year-register-now-save-400-274247", "row": 0, "column": 8, "tagName": "input", "time": 25178.887549, "url": "", "pos": 8, "chunkLen": 8, "isStartTag": 1}}
06-28 15:35:14.560  9629  9642 E WProf.db: {"WprofHTMLTag": {"code": "0x9d168b40", "doc": "http://searchengineland.com/dont-miss-smx-advanced-year-register-now-save-400-274247", "row": 0, "column": 9, "tagName": "link", "time": 25178.895925, "url": "", "pos": 9, "chunkLen": 42, "isStartTag": 1}}
06-28 15:35:14.560  9629  9642 E WProf.db: {"WprofHTMLTag": {"code": "0x9d168b70", "doc": "http://searchengineland.com/dont-miss-smx-advanced-year-register-now-save-400-274247", "row": 0, "column": 16, "tagName": "table", "time": 25178.896038, "url": "", "pos": 16, "chunkLen": 42, "isStartTag": 1}}
06-28 15:35:14.560  9629  9642 E WProf.db: {"WprofHTMLTag": {"code": "0x9d168ba0", "doc": "http://searchengineland.com/dont-miss-smx-advanced-year-register-now-save-400-274247", "row": 0, "column": 24, "tagName": "table", "time": 25178.896151, "url": "", "pos": 24, "chunkLen": 42, "isStartTag": 0}}
06-28 15:35:14.560  9629  9642 E WProf.db: {"WprofHTMLTag": {"code": "0x9d168bd0", "doc": "http://searchengineland.com/dont-miss-smx-advanced-year-register-now-save-400-274247", "row": 0, "column": 37, "tagName": "a", "time": 25178.896214, "url": "", "pos": 37, "chunkLen": 42, "isStartTag": 1}}
06-28 15:35:14.560  9629  9642 E WProf.db: {"WprofHTMLTag": {"code": "0x9d168c00", "doc": "http://searchengineland.com/dont-miss-smx-advanced-year-register-now-save-400-274247", "row": 0, "column": 42, "tagName": "a", "time": 25178.896384, "url": "", "pos": 42, "chunkLen": 42, "isStartTag": 0}}
06-28 15:35:14.560  9629  9642 E WProf.db: {"WprofHTMLTag": {"code": "0x9d168c90", "doc": "http://searchengineland.com/dont-miss-smx-advanced-year-register-now-save-400-274247", "row": 0, "column": 10, "tagName": "textarea", "time": 25178.897653, "url": "", "pos": 10, "chunkLen": 22, "isStartTag": 1}}
06-28 15:35:14.561  9629  9642 E WProf.db: {"WprofHTMLTag": {"code": "0x9d168cc0", "doc": "http://searchengineland.com/dont-miss-smx-advanced-year-register-now-save-400-274247", "row": 0, "column": 22, "tagName": "textarea", "time": 25178.897850, "url": "", "pos": 22, "chunkLen": 22, "isStartTag": 0}}
06-28 15:35:14.561  9629  9642 E WProf.db: {"WprofHTMLTag": {"code": "0x9d168cf0", "doc": "http://searchengineland.com/dont-miss-smx-advanced-year-register-now-save-400-274247", "row": 0, "column": 48, "tagName": "input", "time": 25178.899206, "url": "", "pos": 48, "chunkLen": 48, "isStartTag": 1}}
06-28 15:35:14.561  9629  9642 E WProf.db: {"WprofHTMLTag": {"code": "0x9d168d50", "doc": "http://searchengineland.com/dont-miss-smx-advanced-year-register-now-save-400-274247", "row": 0, "column": 9, "tagName": "link", "time": 25178.903938, "url": "", "pos": 9, "chunkLen": 66, "isStartTag": 1}}
06-28 15:35:14.561  9629  9642 E WProf.db: {"WprofHTMLTag": {"code": "0x9d168d80", "doc": "http://searchengineland.com/dont-miss-smx-advanced-year-register-now-save-400-274247", "row": 0, "column": 16, "tagName": "table", "time": 25178.904060, "url": "", "pos": 16, "chunkLen": 66, "isStartTag": 1}}
06-28 15:35:14.561  9629  9642 E WProf.db: {"WprofHTMLTag": {"code": "0x9d168db0", "doc": "http://searchengineland.com/dont-miss-smx-advanced-year-register-now-save-400-274247", "row": 0, "column": 24, "tagName": "table", "time": 25178.904133, "url": "", "pos": 24, "chunkLen": 66, "isStartTag": 0}}
06-28 15:35:14.561  9629  9642 E WProf.db: {"WprofHTMLTag": {"code": "0x9d168de0", "doc": "http://searchengineland.com/dont-miss-smx-advanced-year-register-now-save-400-274247", "row": 0, "column": 37, "tagName": "a", "time": 25178.904199, "url": "", "pos": 37, "chunkLen": 66, "isStartTag": 1}}
06-28 15:35:14.561  9629  9642 E WProf.db: {"WprofHTMLTag": {"code": "0x9d168e10", "doc": "http://searchengineland.com/dont-miss-smx-advanced-year-register-now-save-400-274247", "row": 0, "column": 42, "tagName": "a", "time": 25178.904368, "url": "", "pos": 42, "chunkLen": 66, "isStartTag": 0}}
06-28 15:35:14.561  9629  9642 E WProf.db: {"WprofHTMLTag": {"code": "0x9d168e40", "doc": "http://searchengineland.com/dont-miss-smx-advanced-year-register-now-save-400-274247", "row": 0, "column": 66, "tagName": "input", "time": 25178.904435, "url": "", "pos": 66, "chunkLen": 66, "isStartTag": 1}}
06-28 15:35:14.561  9629  9642 E WProf.db: {"WprofHTMLTag": {"code": "0x9d168ed0", "doc": "http://searchengineland.com/dont-miss-smx-advanced-year-register-now-save-400-274247", "row": 0, "column": 9, "tagName": "link", "time": 25178.906223, "url": "", "pos": 9, "chunkLen": 66, "isStartTag": 1}}
06-28 15:35:14.561  9629  9642 E WProf.db: {"WprofHTMLTag": {"code": "0x9d168f00", "doc": "http://searchengineland.com/dont-miss-smx-advanced-year-register-now-save-400-274247", "row": 0, "column": 16, "tagName": "table", "time": 25178.906331, "url": "", "pos": 16, "chunkLen": 66, "isStartTag": 1}}
06-28 15:35:14.561  9629  9642 E WProf.db: {"WprofHTMLTag": {"code": "0x9d168f30", "doc": "http://searchengineland.com/dont-miss-smx-advanced-year-register-now-save-400-274247", "row": 0, "column": 24, "tagName": "table", "time": 25178.906402, "url": "", "pos": 24, "chunkLen": 66, "isStartTag": 0}}
06-28 15:35:14.561  9629  9642 E WProf.db: {"WprofHTMLTag": {"code": "0x9d168f60", "doc": "http://searchengineland.com/dont-miss-smx-advanced-year-register-now-save-400-274247", "row": 0, "column": 37, "tagName": "a", "time": 25178.906465, "url": "", "pos": 37, "chunkLen": 66, "isStartTag": 1}}
06-28 15:35:14.561  9629  9642 E WProf.db: {"WprofHTMLTag": {"code": "0x9d168f90", "doc": "http://searchengineland.com/dont-miss-smx-advanced-year-register-now-save-400-274247", "row": 0, "column": 42, "tagName": "a", "time": 25178.906635, "url": "", "pos": 42, "chunkLen": 66, "isStartTag": 0}}
06-28 15:35:14.562  9629  9642 E WProf.db: {"WprofHTMLTag": {"code": "0x9d168fc0", "doc": "http://searchengineland.com/dont-miss-smx-advanced-year-register-now-save-400-274247", "row": 0, "column": 66, "tagName": "input", "time": 25178.906698, "url": "", "pos": 66, "chunkLen": 66, "isStartTag": 1}}
06-28 15:35:14.562  9629  9642 E WProf.db: {"WprofHTMLTag": {"code": "0x9d169020", "doc": "http://searchengineland.com/dont-miss-smx-advanced-year-register-now-save-400-274247", "row": 0, "column": 9, "tagName": "link", "time": 25178.911062, "url": "", "pos": 9, "chunkLen": 66, "isStartTag": 1}}
06-28 15:35:14.562  9629  9642 E WProf.db: {"WprofHTMLTag": {"code": "0x9d169050", "doc": "http://searchengineland.com/dont-miss-smx-advanced-year-register-now-save-400-274247", "row": 0, "column": 16, "tagName": "table", "time": 25178.911178, "url": "", "pos": 16, "chunkLen": 66, "isStartTag": 1}}
06-28 15:35:14.562  9629  9642 E WProf.db: {"WprofHTMLTag": {"code": "0x9d169080", "doc": "http://searchengineland.com/dont-miss-smx-advanced-year-register-now-save-400-274247", "row": 0, "column": 24, "tagName": "table", "time": 25178.911250, "url": "", "pos": 24, "chunkLen": 66, "isStartTag": 0}}
06-28 15:35:14.562  9629  9642 E WProf.db: {"WprofHTMLTag": {"code": "0x9d1690b0", "doc": "http://searchengineland.com/dont-miss-smx-advanced-year-register-now-save-400-274247", "row": 0, "column": 37, "tagName": "a", "time": 25178.911317, "url": "", "pos": 37, "chunkLen": 66, "isStartTag": 1}}
06-28 15:35:14.562  9629  9642 E WProf.db: {"WprofHTMLTag": {"code": "0x9d1690e0", "doc": "http://searchengineland.com/dont-miss-smx-advanced-year-register-now-save-400-274247", "row": 0, "column": 42, "tagName": "a", "time": 25178.911487, "url": "", "pos": 42, "chunkLen": 66, "isStartTag": 0}}
06-28 15:35:14.562  9629  9642 E WProf.db: {"WprofHTMLTag": {"code": "0x9d169110", "doc": "http://searchengineland.com/dont-miss-smx-advanced-year-register-now-save-400-274247", "row": 0, "column": 66, "tagName": "input", "time": 25178.911552, "url": "", "pos": 66, "chunkLen": 66, "isStartTag": 1}}
06-28 15:35:14.562  9629  9642 E WProf.db: {"WprofHTMLTag": {"code": "0x9d169230", "doc": "http://searchengineland.com/dont-miss-smx-advanced-year-register-now-save-400-274247", "row": 111, "column": 154, "tagName": "script", "time": 25178.923533, "url": "http://searchengineland.com/figz/wp-content/themes/searchengineland/js/lib/jquery-ui-1.10.3.custom.min.js?ver=1.10.3", "pos": 67, "chunkLen": 67, "isStartTag": 1}}
