--------- beginning of main
06-28 12:02:40.878  3449  3449 E Finsky  : [1] com.google.android.finsky.wear.bl.a(3): onConnectionFailed: ConnectionResult{statusCode=API_UNAVAILABLE, resolution=null, message=null}
--------- beginning of system
06-28 12:02:41.991 32299 32299 E chromium: [ERROR:shell_integration_android.cc(12)] Not implemented reached in static ShellIntegration::DefaultWebClientSetPermission ShellIntegration::CanSetAsDefaultBrowser()
06-28 12:02:41.994 32299 32299 E chromium: [ERROR:browser_process_impl.cc(720)] Not implemented reached in virtual BackgroundModeManager* BrowserProcessImpl::background_mode_manager()
06-28 12:02:42.247  3218 10918 E AudioRecord-JNI: Error -4 during AudioRecord native read
06-28 12:02:44.682 32299 32345 E chromium: [ERROR:gles2_cmd_decoder.cc(3852)] [.ChromiumCompositor-0xacbb2fc0]GL ERROR :GL_INVALID_ENUM : glDiscardFramebufferEXT: attachments was GL_COLOR_EXT
06-28 12:02:44.953 32366 32379 E WPROF   : {"CSS": {"url": "http://searchengineland.com/figz/wp-content/themes/searchengineland/css/searchengineland-bootstrap.css", "requestTime": 12442.008764}}
06-28 12:02:44.954 32366 32379 E WPROF   : {"CSS": {"url": "http://fonts.googleapis.com/css?family=Oswald:300,400,700", "requestTime": 12442.009366}}
06-28 12:02:44.954 32366 32379 E WPROF   : {"CSS": {"url": "http://searchengineland.com/figz/wp-content/themes/searchengineland/style.css", "requestTime": 12442.009904}}
06-28 12:02:44.959 32366 32379 E WPROF   : {"Javascript": {"url": "http://searchengineland.com/figz/wp-content/themes/searchengineland/js/lib/modernizr.custom.js?ver=1.0", "requestTime": 12442.014373}}
06-28 12:02:44.959 32366 32379 E WPROF   : {"Javascript": {"url": "http://searchengineland.com/figz/wp-content/themes/searchengineland/js/lib/jquery-1.11.0.min.js?ver=1.11.0", "requestTime": 12442.014820}}
06-28 12:02:44.959 32366 32379 E WPROF   : {"Javascript": {"url": "http://searchengineland.com/figz/wp-content/themes/searchengineland/js/lib/jquery-ui-1.10.3.custom.min.js?ver=1.10.3", "requestTime": 12442.015209}}
06-28 12:02:44.960 32366 32379 E WPROF   : {"Javascript": {"url": "http://searchengineland.com/figz/wp-content/themes/searchengineland/js/lib/jquery.ba-throttle-debounce.min.js?ver=1.1", "requestTime": 12442.015588}}
06-28 12:02:44.960 32366 32379 E WPROF   : {"Javascript": {"url": "http://searchengineland.com/figz/wp-content/themes/searchengineland/js/lib/jquery.countdown.min.js?ver=2.0.4", "requestTime": 12442.016005}}
06-28 12:02:44.961 32366 32379 E WPROF   : {"Javascript": {"url": "http://static.chartbeat.com/js/chartbeat_mab.js", "requestTime": 12442.016425}}
06-28 12:02:45.628 32366 32379 E WPROF   : {"Javascript": {"url": "http://searchengineland.com/figz/wp-includes/js/wp-emoji-release.min.js?ver=4.7.5", "requestTime": 12442.683938}}
06-28 12:02:46.061 32366 32379 E WPROF   : {"Javascript": {"url": "http://www.googletagservices.com/tag/js/gpt.js", "requestTime": 12443.116536}}
06-28 12:02:46.073 32366 32379 E WPROF   : {"Javascript": {"url": "https://www.google-analytics.com/analytics.js", "requestTime": 12443.128215}}
06-28 12:02:46.081 32366 32379 E WPROF   : {"Javascript": {"url": "http://edge.quantserve.com/quant.js", "requestTime": 12443.136188}}
06-28 12:02:46.086 32366 32379 E WPROF   : {"Javascript": {"url": "https://connect.facebook.net/en_US/fbevents.js", "requestTime": 12443.141445}}
06-28 12:02:46.175 32299 32345 E chromium: [ERROR:gles2_cmd_decoder.cc(3852)] [.ChromiumCompositor-0xacbb2fc0]GL ERROR :GL_INVALID_ENUM : glDiscardFramebufferEXT: attachments was GL_COLOR_EXT
06-28 12:02:46.204 32366 32379 E WPROF   : {"Javascript": {"url": "http://app-sj02.marketo.com/js/forms2/js/forms2.min.js", "requestTime": 12443.259893}}
06-28 12:02:46.301 32366 32379 E WPROF   : {"Javascript": {"url": "https://connect.facebook.net/signals/config/423979991297359?v=2.7.17", "requestTime": 12443.356560}}
06-28 12:02:46.302 32299 32345 E chromium: [ERROR:gles2_cmd_decoder.cc(3852)] [.ChromiumCompositor-0xacbb2fc0]GL ERROR :GL_INVALID_ENUM : glDiscardFramebufferEXT: attachments was GL_COLOR_EXT
06-28 12:02:46.306 32366 32379 E WPROF   : {"Javascript": {"url": "https://securepubads.g.doubleclick.net/gpt/pubads_impl_121.js", "requestTime": 12443.361794}}
06-28 12:02:46.457 32366 32379 E WPROF   : {"Javascript": {"url": "http://app-sj02.marketo.com/index.php/form/getForm?munchkinId=727-ZQE-044&form=5691&url=http%3A%2F%2Fsearchengineland.com%2Feu-ready-fine-google-billions-shopping-search-case-report-276190&callback=jQuery110205938582334201783_1498618966387&_=1498618966388", "requestTime": 12443.512758}}
06-28 12:02:46.472 32366 32379 E WPROF   : {"Javascript": {"url": "http://app-sj02.marketo.com/index.php/form/getForm?munchkinId=727-ZQE-044&form=5685&url=http%3A%2F%2Fsearchengineland.com%2Feu-ready-fine-google-billions-shopping-search-case-report-276190&callback=jQuery110205938582334201783_1498618966389&_=1498618966390", "requestTime": 12443.527775}}
06-28 12:02:46.723 32366 32379 E WPROF   : {"Javascript": {"url": "http://app-sj02.marketo.com/index.php/form/getForm?munchkinId=727-ZQE-044&form=5673&url=http%3A%2F%2Fsearchengineland.com%2Feu-ready-fine-google-billions-shopping-search-case-report-276190&callback=jQuery110205938582334201783_1498618966391&_=1498618966392", "requestTime": 12443.778922}}
06-28 12:02:46.730 32366 32379 E WPROF   : {"Javascript": {"url": "http://searchengineland.com/js/ga_social_tracking.js", "requestTime": 12443.785968}}
06-28 12:02:46.732 32366 32379 E WPROF   : {"Javascript": {"url": "http://s7.addthis.com/js/300/addthis_widget.js#pubid=ra-53e918f660794f37", "requestTime": 12443.787443}}
06-28 12:02:46.761 32299 32345 E chromium: [ERROR:gles2_cmd_decoder.cc(3852)] [.ChromiumCompositor-0xacbb2fc0]GL ERROR :GL_INVALID_ENUM : glDiscardFramebufferEXT: attachments was GL_COLOR_EXT
06-28 12:02:47.019 32299 32345 E chromium: [ERROR:gles2_cmd_decoder.cc(3852)] [.ChromiumCompositor-0xacbb2fc0]GL ERROR :GL_INVALID_ENUM : glDiscardFramebufferEXT: attachments was GL_COLOR_EXT
06-28 12:02:47.484   862  1657 E LocSvc_IzatApiV02: E/virtual int izat_core::IzatApiV02::getBatchSize(int32_t):522]: Error : st = 4, ind.status = -1628389555
06-28 12:02:47.484   862  1657 E LocSvc_IzatApiV02: E/virtual int izat_core::IzatApiV02::getBatchSize(int32_t):535]: get batching size failed.Or modem does not support batching 
06-28 12:02:47.493   862  1657 E LocSvc_IzatApiV02: E/virtual int izat_core::IzatApiV02::getBatchSize(int32_t):522]: Error : st = 4, ind.status = -1628389555
06-28 12:02:47.493   862  1657 E LocSvc_IzatApiV02: E/virtual int izat_core::IzatApiV02::getBatchSize(int32_t):535]: get batching size failed.Or modem does not support batching 
06-28 12:02:47.523   862  1657 E LocSvc_IzatApiV02: E/virtual int izat_core::IzatApiV02::getBatchSize(int32_t):522]: Error : st = 4, ind.status = -1628389555
06-28 12:02:47.523   862  1657 E LocSvc_IzatApiV02: E/virtual int izat_core::IzatApiV02::getBatchSize(int32_t):535]: get batching size failed.Or modem does not support batching 
06-28 12:02:47.536   862  1657 E LocSvc_IzatApiV02: E/virtual int izat_core::IzatApiV02::getBatchSize(int32_t):522]: Error : st = 4, ind.status = -1628389555
06-28 12:02:47.536   862  1657 E LocSvc_IzatApiV02: E/virtual int izat_core::IzatApiV02::getBatchSize(int32_t):535]: get batching size failed.Or modem does not support batching 
06-28 12:02:47.549 32366 32379 E WPROF   : {"Javascript": {"url": "https://securepubads.g.doubleclick.net/gampad/ads?gdfp_req=1&correlator=980671439831040&output=json_html&callback=googletag.impl.pubads.callbackProxy1&impl=fifs&json_a=1&eid=108809080%2C108809103&sc=0&sfv=1-0-9&iu_parts=1038259%2Csel-ciu-1%2Csel-ciu-2%2Csel-ciu-3%2Csel-ciu-4%2Csel-ciu-5%2Cch-seo-lea", "requestTime": 12444.605153}}
06-28 12:02:47.683 32299 32345 E chromium: [ERROR:gles2_cmd_decoder.cc(3852)] [.ChromiumCompositor-0xacbb2fc0]GL ERROR :GL_INVALID_ENUM : glDiscardFramebufferEXT: attachments was GL_COLOR_EXT
06-28 12:02:47.839 32366 32379 E WPROF   : {"Javascript": {"url": "https://static.xx.fbcdn.net/rsrc.php/v3iy6L4/yk/l/ko_KR/be4fIjHRc8P.js", "requestTime": 12444.894673}}
06-28 12:02:47.959 32366 32379 E WPROF   : {"Javascript": {"url": "http://cdn.api.twitter.com/1/users/show.json?screen_name=gsterling&callback=twttr.setFollowersCount", "requestTime": 12445.014625}}
06-28 12:02:48.056 32366 32379 E WPROF   : {"Javascript": {"url": "http://d2j3qa5nc37287.cloudfront.net/coupon_code1.js", "requestTime": 12445.112068}}
06-28 12:02:48.058 32366 32379 E WPROF   : {"Javascript": {"url": "http://www.googleadservices.com/pagead/conversion.js", "requestTime": 12445.114070}}
06-28 12:02:48.059 32366 32379 E WPROF   : {"Javascript": {"url": "http://searchengineland.com/figz/wp-content/themes/searchengineland/js/script.js?ver=1.0", "requestTime": 12445.114740}}
06-28 12:02:48.060 32366 32379 E WPROF   : {"Javascript": {"url": "http://searchengineland.com/figz/wp-includes/js/wp-embed.min.js?ver=4.7.5", "requestTime": 12445.116193}}
06-28 12:02:48.061 32366 32379 E WPROF   : {"Javascript": {"url": "http://searchengineland.com/figz/wp-content/themes/searchengineland/js/modules/sharing_controls.js", "requestTime": 12445.116742}}
06-28 12:02:48.086 32299 32345 E chromium: [ERROR:gles2_cmd_decoder.cc(3852)] [.ChromiumCompositor-0xacbb2fc0]GL ERROR :GL_INVALID_ENUM : glDiscardFramebufferEXT: attachments was GL_COLOR_EXT
06-28 12:02:48.204 32299 32345 E chromium: [ERROR:gles2_cmd_decoder.cc(3852)] [.ChromiumCompositor-0xacbb2fc0]GL ERROR :GL_INVALID_ENUM : glDiscardFramebufferEXT: attachments was GL_COLOR_EXT
06-28 12:02:48.260 32366 32379 E WPROF   : {"CSS": {"url": "https://www.youtube.com/yts/cssbin/www-embed-player-sprite-mode-vfl5G4Xm8.css", "requestTime": 12445.315935}}
06-28 12:02:48.262 32366 32379 E WPROF   : {"Javascript": {"url": "https://www.youtube.com/yts/jsbin/www-embed-player-vfl_UY_j8/www-embed-player.js", "requestTime": 12445.317508}}
06-28 12:02:48.264 32366 32379 E WPROF   : {"Javascript": {"url": "https://www.youtube.com/yts/jsbin/player-vflo1w4O-/ko_KR/base.js", "requestTime": 12445.319447}}
06-28 12:02:48.621 32299 32345 E chromium: [ERROR:gles2_cmd_decoder.cc(3852)] [.ChromiumCompositor-0xacbb2fc0]GL ERROR :GL_INVALID_ENUM : glDiscardFramebufferEXT: attachments was GL_COLOR_EXT
06-28 12:02:49.639 32366 32379 E WPROF   : {"CSS": {"url": "http://app-sj02.marketo.com/js/forms2/css/forms2.css", "requestTime": 12446.694843}}
06-28 12:02:49.644 32366 32379 E WPROF   : {"CSS": {"url": "http://app-sj02.marketo.com/js/forms2/css/forms2-theme-simple.css", "requestTime": 12446.699832}}
06-28 12:02:49.665 32299 32345 E chromium: [ERROR:gles2_cmd_decoder.cc(3852)] [.ChromiumCompositor-0xacbb2fc0]GL ERROR :GL_INVALID_ENUM : glDiscardFramebufferEXT: attachments was GL_COLOR_EXT
06-28 12:02:49.757 32366 32379 E WPROF   : {"Javascript": {"url": "https://tpc.googlesyndication.com/pagead/js/r20170619/r20110914/client/ext/m_window_focus_non_hydra.js", "requestTime": 12446.812735}}
06-28 12:02:49.759 32366 32379 E WPROF   : {"Javascript": {"url": "https://tpc.googlesyndication.com/pagead/js/r20170619/r20110914/activeview/osd_listener.js", "requestTime": 12446.814651}}
06-28 12:02:49.763 32366 32379 E WPROF   : {"Javascript": {"url": "http://pagead2.googlesyndication.com/pagead/osd.js", "requestTime": 12446.818552}}
06-28 12:02:49.836 32366 32379 E WPROF   : {"Javascript": {"url": "http://www.justuno.com/ajax/account_version_check.html?id=828FA275-FF73-401E-AA39-40F5A6FAB6B1", "requestTime": 12446.891626}}
06-28 12:02:50.681 32366 32379 E WPROF   : {"Javascript": {"url": "https://www.google.com/js/bg/KWBfAnWFESAEEaKKgdYlTHY9ysQaNoQuzeMFqvxDSM8.js", "requestTime": 12447.736671}}
06-28 12:02:50.683 32366 32379 E WPROF   : {"Javascript": {"url": "https://static.doubleclick.net/instream/ad_status.js", "requestTime": 12447.739203}}
06-28 12:02:50.932 32299 32345 E chromium: [ERROR:gles2_cmd_decoder.cc(3852)] [.ChromiumCompositor-0xacbb2fc0]GL ERROR :GL_INVALID_ENUM : glDiscardFramebufferEXT: attachments was GL_COLOR_EXT
06-28 12:02:51.194 32299 32345 E chromium: [ERROR:gles2_cmd_decoder.cc(3852)] [.ChromiumCompositor-0xacbb2fc0]GL ERROR :GL_INVALID_ENUM : glDiscardFramebufferEXT: attachments was GL_COLOR_EXT
06-28 12:02:51.913 32366 32379 E WPROF   : {"Javascript": {"url": "http://cdn.justuno.com/mwgt_3.6.js", "requestTime": 12448.968677}}
06-28 12:02:52.137 32299 32345 E chromium: [ERROR:gles2_cmd_decoder.cc(3852)] [.ChromiumCompositor-0xacbb2fc0]GL ERROR :GL_INVALID_ENUM : glDiscardFramebufferEXT: attachments was GL_COLOR_EXT
06-28 12:02:52.350 32299 32345 E chromium: [ERROR:gles2_cmd_decoder.cc(3852)] [.ChromiumCompositor-0xacbb2fc0]GL ERROR :GL_INVALID_ENUM : glDiscardFramebufferEXT: attachments was GL_COLOR_EXT
06-28 12:02:52.470 32299 32345 E chromium: [ERROR:gles2_cmd_decoder.cc(3852)] [.ChromiumCompositor-0xacbb2fc0]GL ERROR :GL_INVALID_ENUM : glDiscardFramebufferEXT: attachments was GL_COLOR_EXT
06-28 12:02:52.588 32299 32345 E chromium: [ERROR:gles2_cmd_decoder.cc(3852)] [.ChromiumCompositor-0xacbb2fc0]GL ERROR :GL_INVALID_ENUM : glDiscardFramebufferEXT: attachments was GL_COLOR_EXT
06-28 12:02:52.617 32366 32379 E WProf.db: {"page": "searchengineland.com_eu-ready-fine-google-billions-shopping-search-case-report-276190"}
06-28 12:02:52.617 32366 32379 E WProf.db: {"DOMLoad": 12449.672811}
06-28 12:02:52.618 32366 32379 E WProf.db: {"Resource": {"id": 1, "url": "http://searchengineland.com/eu-ready-fine-google-billions-shopping-search-case-report-276190", "sentTime": -1.000000, "len": 92728, "from": "0x0", "mimeType": "text/html", "contentLength": -1, "httpStatus": 200, "connId": 19, "connReused": 1, "cached": 0,"requestTime": 12441.627163, "proxyStart": -1, "proxyEnd": -1, "dnsStart": -1, "dnsEnd": -1, "connectStart": 0, "connectEnd": 105, "sendStart": 105, "sendEnd": 106, "receiveHeadersEnd": 276, "sslStart": -1, "sslEnd": -1}}
06-28 12:02:52.618 32366 32379 E WProf.db: {"ReceivedChunk": {"receivedTime": 12441.922659, "len": 7578}}
06-28 12:02:52.618 32366 32379 E WProf.db: {"ReceivedChunk": {"receivedTime": 12441.999628, "len": 32768}}
06-28 12:02:52.618 32366 32379 E WProf.db: {"ReceivedChunk": {"receivedTime": 12441.999935, "len": 29417}}
06-28 12:02:52.618 32366 32379 E WProf.db: {"ReceivedChunk": {"receivedTime": 12442.067057, "len": 20426}}
06-28 12:02:52.618 32366 32379 E WProf.db: {"ReceivedChunk": {"receivedTime": 12442.067439, "len": 2539}}
06-28 12:02:52.618 32366 32379 E WProf.db: {"WprofHTMLTag": {"code": "0xaedda630", "doc": "http://searchengineland.com/eu-ready-fine-google-billions-shopping-search-case-report-276190", "row": 6, "column": 42, "tagName": "html", "time": 12442.003716, "url": "", "pos": 1, "chunkLen": 1, "isStartTag": 1}}
06-28 12:02:52.618 32366 32379 E WProf.db: {"WprofHTMLTag": {"code": "0xaf047820", "doc": "http://searchengineland.com/eu-ready-fine-google-billions-shopping-search-case-report-276190", "row": 7, "column": 6, "tagName": "head", "time": 12442.004111, "url": "", "pos": 1, "chunkLen": 1, "isStartTag": 1}}
06-28 12:02:52.618 32366 32379 E WProf.db: {"WprofHTMLTag": {"code": "0xaf047850", "doc": "http://searchengineland.com/eu-ready-fine-google-billions-shopping-search-case-report-276190", "row": 8, "column": 54, "tagName": "meta", "time": 12442.004153, "url": "", "pos": 1, "chunkLen": 1, "isStartTag": 1}}
06-28 12:02:52.618 32366 32379 E WProf.db: {"WprofHTMLTag": {"code": "0xaf047880", "doc": "http://searchengineland.com/eu-ready-fine-google-billions-shopping-search-case-report-276190", "row": 9, "column": 68, "tagName": "meta", "time": 12442.004282, "url": "", "pos": 1, "chunkLen": 1, "isStartTag": 1}}
06-28 12:02:52.618 32366 32379 E WProf.db: {"WprofHTMLTag": {"code": "0xaf0478b0", "doc": "http://searchengineland.com/eu-ready-fine-google-billions-shopping-search-case-report-276190", "row": 10, "column": 23, "tagName": "meta", "time": 12442.004460, "url": "", "pos": 1, "chunkLen": 1, "isStartTag": 1}}
06-28 12:02:52.618 32366 32379 E WProf.db: {"WprofHTMLTag": {"code": "0xaf0478e0", "doc": "http://searchengineland.com/eu-ready-fine-google-billions-shopping-search-case-report-276190", "row": 11, "column": 52, "tagName": "meta", "time": 12442.004583, "url": "", "pos": 1, "chunkLen": 1, "isStartTag": 1}}
06-28 12:02:52.618 32366 32379 E WProf.db: {"WprofHTMLTag": {"code": "0xaf047910", "doc": "http://searchengineland.com/eu-ready-fine-google-billions-shopping-search-case-report-276190", "row": 14, "column": 56, "tagName": "meta", "time": 12442.004701, "url": "", "pos": 1, "chunkLen": 1, "isStartTag": 1}}
06-28 12:02:52.618 32366 32379 E WProf.db: {"WprofHTMLTag": {"code": "0xaf047940", "doc": "http://searchengineland.com/eu-ready-fine-google-billions-shopping-search-case-report-276190", "row": 15, "column": 83, "tagName": "meta", "time": 12442.004805, "url": "", "pos": 1, "chunkLen": 1, "isStartTag": 1}}
06-28 12:02:52.618 32366 32379 E WProf.db: {"WprofHTMLTag": {"code": "0xaf047970", "doc": "http://searchengineland.com/eu-ready-fine-google-billions-shopping-search-case-report-276190", "row": 16, "column": 57, "tagName": "meta", "time": 12442.004912, "url": "", "pos": 1, "chunkLen": 1, "isStartTag": 1}}
06-28 12:02:52.619 32366 32379 E WProf.db: {"WprofHTMLTag": {"code": "0xaf047a00", "doc": "http://searchengineland.com/eu-ready-fine-google-billions-shopping-search-case-report-276190", "row": 17, "column": 41, "tagName": "meta", "time": 12442.005020, "url": "", "pos": 1, "chunkLen": 1, "isStartTag": 1}}
06-28 12:02:52.619 32366 32379 E WProf.db: {"WprofHTMLTag": {"code": "0xaf047a30", "doc": "http://searchengineland.com/eu-ready-fine-google-billions-shopping-search-case-report-276190", "row": 18, "column": 50, "tagName": "meta", "time": 12442.005127, "url": "", "pos": 1, "chunkLen": 1, "isStartTag": 1}}
06-28 12:02:52.619 32366 32379 E WProf.db: {"WprofHTMLTag": {"code": "0xaf047a60", "doc": "http://searchengineland.com/eu-ready-fine-google-billions-shopping-search-case-report-276190", "row": 19, "column": 174, "tagName": "meta", "time": 12442.005231, "url": "", "pos": 1, "chunkLen": 1, "isStartTag": 1}}
06-28 12:02:52.619 32366 32379 E WProf.db: {"WprofHTMLTag": {"code": "0xaf0479d0", "doc": "http://searchengineland.com/eu-ready-fine-google-billions-shopping-search-case-report-276190", "row": 20, "column": 47, "tagName": "meta", "time": 12442.005347, "url": "", "pos": 1, "chunkLen": 1, "isStartTag": 1}}
06-28 12:02:52.619 32366 32379 E WProf.db: {"WprofHTMLTag": {"code": "0xaf0479a0", "doc": "http://searchengineland.com/eu-ready-fine-google-billions-shopping-search-case-report-276190", "row": 21, "column": 67, "tagName": "meta", "time": 12442.005453, "url": "", "pos": 1, "chunkLen": 1, "isStartTag": 1}}
06-28 12:02:52.619 32366 32379 E WProf.db: {"WprofHTMLTag": {"code": "0xaf047a90", "doc": "http://searchengineland.com/eu-ready-fine-google-billions-shopping-search-case-report-276190", "row": 22, "column": 57, "tagName": "meta", "time": 12442.005557, "url": "", "pos": 1, "chunkLen": 1, "isStartTag": 1}}
06-28 12:02:52.619 32366 32379 E WProf.db: {"WprofHTMLTag": {"code": "0xaf047ac0", "doc": "http://searchengineland.com/eu-ready-fine-google-billions-shopping-search-case-report-276190", "row": 23, "column": 65, "tagName": "meta", "time": 12442.005658, "url": "", "pos": 1, "chunkLen": 1, "isStartTag": 1}}
06-28 12:02:52.619 32366 32379 E WProf.db: {"WprofHTMLTag": {"code": "0xaf047af0", "doc": "http://searchengineland.com/eu-ready-fine-google-billions-shopping-search-case-report-276190", "row": 24, "column": 55, "tagName": "meta", "time": 12442.005765, "url": "", "pos": 1, "chunkLen": 1, "isStartTag": 1}}
06-28 12:02:52.619 32366 32379 E WProf.db: {"WprofHTMLTag": {"code": "0xaf047b20", "doc": "http://searchengineland.com/eu-ready-fine-google-billions-shopping-search-case-report-276190", "row": 25, "column": 71, "tagName": "meta", "time": 12442.005871, "url": "", "pos": 1, "chunkLen": 1, "isStartTag": 1}}
06-28 12:02:52.619 32366 32379 E WProf.db: {"WprofHTMLTag": {"code": "0xaf047b50", "doc": "http://searchengineland.com/eu-ready-fine-google-billions-shopping-search-case-report-276190", "row": 26, "column": 86, "tagName": "meta", "time": 12442.005976, "url": "", "pos": 1, "chunkLen": 1, "isStartTag": 1}}
06-28 12:02:52.619 32366 32379 E WProf.db: {"WprofHTMLTag": {"code": "0xaf047b80", "doc": "http://searchengineland.com/eu-ready-fine-google-billions-shopping-search-case-report-276190", "row": 27, "column": 54, "tagName": "meta", "time": 12442.006082, "url": "", "pos": 1, "chunkLen": 1, "isStartTag": 1}}
06-28 12:02:52.619 32366 32379 E WProf.db: {"WprofHTMLTag": {"code": "0xaf047bb0", "doc": "http://searchengineland.com/eu-ready-fine-google-billions-shopping-search-case-report-276190", "row": 29, "column": 39, "tagName": "meta", "time": 12442.006183, "url": "", "pos": 1, "chunkLen": 1, "isStartTag": 1}}
06-28 12:02:52.619 32366 32379 E WProf.db: {"WprofHTMLTag": {"code": "0xaf047be0", "doc": "http://searchengineland.com/eu-ready-fine-google-billions-shopping-search-case-report-276190", "row": 30, "column": 125, "tagName": "meta", "time": 12442.006285, "url": "", "pos": 1, "chunkLen": 1, "isStartTag": 1}}
06-28 12:02:52.619 32366 32379 E WProf.db: {"WprofHTMLTag": {"code": "0xaf047c10", "doc": "http://searchengineland.com/eu-ready-fine-google-billions-shopping-search-case-report-276190", "row": 31, "column": 55, "tagName": "meta", "time": 12442.006387, "url": "", "pos": 1, "chunkLen": 1, "isStartTag": 1}}
06-28 12:02:52.620 32366 32379 E WProf.db: {"WprofHTMLTag": {"code": "0xaf047c40", "doc": "http://searchengineland.com/eu-ready-fine-google-billions-shopping-search-case-report-276190", "row": 32, "column": 54, "tagName": "meta", "time": 12442.006491, "url": "", "pos": 1, "chunkLen": 1, "isStartTag": 1}}
06-28 12:02:52.620 32366 32379 E WProf.db: {"WprofHTMLTag": {"code": "0xaf047c70", "doc": "http://searchengineland.com/eu-ready-fine-google-billions-shopping-search-case-report-276190", "row": 33, "column": 125, "tagName": "meta", "time": 12442.006600, "url": "", "pos": 1, "chunkLen": 1, "isStartTag": 1}}
06-28 12:02:52.620 32366 32379 E WProf.db: {"WprofHTMLTag": {"code": "0xaf047ca0", "doc": "http://searchengineland.com/eu-ready-fine-google-billions-shopping-search-case-report-276190", "row": 37, "column": 36, "tagName": "script", "time": 12442.006703, "url": "", "pos": 1, "chunkLen": 1, "isStartTag": 1}}
06-28 12:02:52.620 32366 32379 E WProf.db: {"WprofHTMLTag": {"code": "0xaf047cd0", "doc": "http://searchengineland.com/eu-ready-fine-google-billions-shopping-search-case-report-276190", "row": 53, "column": 10, "tagName": "script", "time": 12442.006956, "url": "", "pos": 1, "chunkLen": 1, "isStartTag": 0}}
06-28 12:02:52.620 32366 32379 E WProf.db: {"WprofHTMLTag": {"code": "0xaedda660", "doc": "http://searchengineland.com/eu-ready-fine-google-billions-shopping-search-case-report-276190", "row": 55, "column": 86, "tagName": "link", "time": 12442.007501, "url": "http://searchengineland.com/apple-touch-icon.png", "pos": 1, "chunkLen": 1, "isStartTag": 1}}
06-28 12:02:52.620 32366 32379 E WProf.db: {"WprofHTMLTag": {"code": "0xaf047d00", "doc": "http://searchengineland.com/eu-ready-fine-google-billions-shopping-search-case-report-276190", "row": 56, "column": 76, "tagName": "link", "time": 12442.007787, "url": "http://searchengineland.com/favicon.ico", "pos": 1, "chunkLen": 1, "isStartTag": 1}}
06-28 12:02:52.620 32366 32379 E WProf.db: {"WprofHTMLTag": {"code": "0xaf047d30", "doc": "http://searchengineland.com/eu-ready-fine-google-billions-shopping-search-case-report-276190", "row": 57, "column": 158, "tagName": "link", "time": 12442.007974, "url": "http://feeds.searchengineland.com/searchengineland", "pos": 1, "chunkLen": 1, "isStartTag": 1}}
06-28 12:02:52.620 32366 32379 E WProf.db: {"WprofHTMLTag": {"code": "0xaf047d60", "doc": "http://searchengineland.com/eu-ready-fine-google-billions-shopping-search-case-report-276190", "row": 58, "column": 149, "tagName": "link", "time": 12442.008230, "url": "http://feeds.searchengineland.com/searchcap", "pos": 1, "chunkLen": 1, "isStartTag": 1}}
06-28 12:02:52.620 32366 32379 E WProf.db: {"WprofHTMLTag": {"code": "0xaf047d90", "doc": "http://searchengineland.com/eu-ready-fine-google-billions-shopping-search-case-report-276190", "row": 59, "column": 150, "tagName": "link", "time": 12442.008487, "url": "http://searchengineland.com/figz/wp-content/themes/searchengineland/css/searchengineland-bootstrap.css", "pos": 1, "chunkLen": 1, "isStartTag": 1}}
06-28 12:02:52.620 32366 32379 E WProf.db: {"WprofHTMLTag": {"code": "0xaf047df0", "doc": "http://searchengineland.com/eu-ready-fine-google-billions-shopping-search-case-report-276190", "row": 60, "column": 105, "tagName": "link", "time": 12442.009100, "url": "http://fonts.googleapis.com/css?family=Oswald:300,400,700", "pos": 1, "chunkLen": 1, "isStartTag": 1}}
06-28 12:02:52.620 32366 32379 E WProf.db: {"WprofHTMLTag": {"code": "0xaf047e50", "doc": "http://searchengineland.com/eu-ready-fine-google-billions-shopping-search-case-report-276190", "row": 61, "column": 125, "tagName": "link", "time": 12442.009635, "url": "http://searchengineland.com/figz/wp-content/themes/searchengineland/style.css", "pos": 1, "chunkLen": 1, "isStartTag": 1}}
06-28 12:02:52.620 32366 32379 E WProf.db: {"WprofHTMLTag": {"code": "0xaf047eb0", "doc": "http://searchengineland.com/eu-ready-fine-google-billions-shopping-search-case-report-276190", "row": 65, "column": 7, "tagName": "title", "time": 12442.010331, "url": "", "pos": 1, "chunkLen": 1, "isStartTag": 1}}
06-28 12:02:52.621 32366 32379 E WProf.db: {"WprofHTMLTag": {"code": "0xaf047ee0", "doc": "http://searchengineland.com/eu-ready-fine-google-billions-shopping-search-case-report-276190", "row": 65, "column": 90, "tagName": "title", "time": 12442.010563, "url": "", "pos": 1, "chunkLen": 1, "isStartTag": 0}}
06-28 12:02:52.621 32366 32379 E WProf.db: {"WprofHTMLTag": {"code": "0xaf047f10", "doc": "http://searchengineland.com/eu-ready-fine-google-billions-shopping-search-case-report-276190", "row": 66, "column": 121, "tagName": "meta", "time": 12442.010584, "url": "", "pos": 1, "chunkLen": 1, "isStartTag": 1}}
06-28 12:02:52.621 32366 32379 E WProf.db: {"WprofHTMLTag": {"code": "0xaf047f40", "doc": "http://searchengineland.com/eu-ready-fine-google-billions-shopping-search-case-report-276190", "row": 67, "column": 40, "tagName": "meta", "time": 12442.010706, "url": "", "pos": 1, "chunkLen": 1, "isStartTag": 1}}
06-28 12:02:52.621 32366 32379 E WProf.db: {"WprofHTMLTag": {"code": "0xaf047f70", "doc": "http://searchengineland.com/eu-ready-fine-google-billions-shopping-search-case-report-276190", "row": 68, "column": 134, "tagName": "meta", "time": 12442.010814, "url": "", "pos": 1, "chunkLen": 1, "isStartTag": 1}}
06-28 12:02:52.621 32366 32379 E WProf.db: {"WprofHTMLTag": {"code": "0xaf047fa0", "doc": "http://searchengineland.com/eu-ready-fine-google-billions-shopping-search-case-report-276190", "row": 69, "column": 37, "tagName": "meta", "time": 12442.010922, "url": "", "pos": 1, "chunkLen": 1, "isStartTag": 1}}
06-28 12:02:52.621 32366 32379 E WProf.db: {"WprofHTMLTag": {"code": "0xaf047fd0", "doc": "http://searchengineland.com/eu-ready-fine-google-billions-shopping-search-case-report-276190", "row": 70, "column": 124, "tagName": "link", "time": 12442.011032, "url": "http://searchengineland.com/eu-ready-fine-google-billions-shopping-search-case-report-276190", "pos": 1, "chunkLen": 1, "isStartTag": 1}}
06-28 12:02:52.621 32366 32379 E WProf.db: {"WprofHTMLTag": {"code": "0xb4cc74b0", "doc": "http://searchengineland.com/eu-ready-fine-google-billions-shopping-search-case-report-276190", "row": 71, "column": 76, "tagName": "link", "time": 12442.011229, "url": "https://plus.google.com/103218677032751327334", "pos": 1, "chunkLen": 1, "isStartTag": 1}}
06-28 12:02:52.621 32366 32379 E WProf.db: {"WprofHTMLTag": {"code": "0xb4cc7540", "doc": "http://searchengineland.com/eu-ready-fine-google-billions-shopping-search-case-report-276190", "row": 72, "column": 45, "tagName": "meta", "time": 12442.011404, "url": "", "pos": 1, "chunkLen": 1, "isStartTag": 1}}
06-28 12:02:52.621 32366 32379 E WProf.db: {"WprofHTMLTag": {"code": "0xb4cc78a0", "doc": "http://searchengineland.com/eu-ready-fine-google-billions-shopping-search-case-report-276190", "row": 73, "column": 45, "tagName": "meta", "time": 12442.011520, "url": "", "pos": 1, "chunkLen": 1, "isStartTag": 1}}
06-28 12:02:52.621 32366 32379 E WProf.db: {"WprofHTMLTag": {"code": "0xb4cc78d0", "doc": "http://searchengineland.com/eu-ready-fine-google-billions-shopping-search-case-report-276190", "row": 74, "column": 114, "tagName": "meta", "time": 12442.011628, "url": "", "pos": 1, "chunkLen": 1, "isStartTag": 1}}
06-28 12:02:52.621 32366 32379 E WProf.db: {"WprofHTMLTag": {"code": "0xb4cc7900", "doc": "http://searchengineland.com/eu-ready-fine-google-billions-shopping-search-case-report-276190", "row": 75, "column": 129, "tagName": "meta", "time": 12442.011742, "url": "", "pos": 1, "chunkLen": 1, "isStartTag": 1}}
06-28 12:02:52.621 32366 32379 E WProf.db: {"WprofHTMLTag": {"code": "0xb4cc7930", "doc": "http://searchengineland.com/eu-ready-fine-google-billions-shopping-search-case-report-276190", "row": 76, "column": 129, "tagName": "meta", "time": 12442.011846, "url": "", "pos": 1, "chunkLen": 1, "isStartTag": 1}}
06-28 12:02:52.621 32366 32379 E WProf.db: {"WprofHTMLTag": {"code": "0xb4cc7960", "doc": "http://searchengineland.com/eu-ready-fine-google-billions-shopping-search-case-report-276190", "row": 77, "column": 61, "tagName": "meta", "time": 12442.011958, "url": "", "pos": 1, "chunkLen": 1, "isStartTag": 1}}
06-28 12:02:52.622 32366 32379 E WProf.db: {"WprofHTMLTag": {"code": "0xb4cc7990", "doc": "http://searchengineland.com/eu-ready-fine-google-billions-shopping-search-case-report-276190", "row": 78, "column": 89, "tagName": "meta", "time": 12442.012065, "url": "", "pos": 1, "chunkLen": 1, "isStartTag": 1}}
06-28 12:02:52.622 32366 32379 E WProf.db: {"WprofHTMLTag": {"code": "0xb4cc79c0", "doc": "http://searchengineland.com/eu-ready-fine-google-billions-shopping-search-case-report-276190", "row": 79, "column": 58, "tagName": "meta", "time": 12442.012175, "url": "", "pos": 1, "chunkLen": 1, "isStartTag": 1}}
06-28 12:02:52.622 32366 32379 E WProf.db: {"WprofHTMLTag": {"code": "0xb4cc79f0", "doc": "http://searchengineland.com/eu-ready-fine-google-billions-shopping-search-case-report-276190", "row": 80, "column": 78, "tagName": "meta", "time": 12442.012288, "url": "", "pos": 1, "chunkLen": 1, "isStartTag": 1}}
06-28 12:02:52.622 32366 32379 E WProf.db: {"WprofHTMLTag": {"code": "0xb4cc7a20", "doc": "http://searchengineland.com/eu-ready-fine-google-billions-shopping-search-case-report-276190", "row": 81, "column": 119, "tagName": "meta", "time": 12442.012391, "url": "", "pos": 1, "chunkLen": 1, "isStartTag": 1}}
06-28 12:02:52.622 32366 32379 E WProf.db: {"WprofHTMLTag": {"code": "0xb4cc7a50", "doc": "http://searchengineland.com/eu-ready-fine-google-billions-shopping-search-case-report-276190", "row": 82, "column": 49, "tagName": "meta", "time": 12442.012505, "url": "", "pos": 1, "chunkLen": 1, "isStartTag": 1}}
06-28 12:02:52.622 32366 32379 E WProf.db: {"WprofHTMLTag": {"code": "0xb4cc7a80", "doc": "http://searchengineland.com/eu-ready-fine-google-billions-shopping-search-case-report-276190", "row": 83, "column": 50, "tagName": "meta", "time": 12442.012609, "url": "", "pos": 1, "chunkLen": 1, "isStartTag": 1}}
06-28 12:02:52.622 32366 32379 E WProf.db: {"WprofHTMLTag": {"code": "0xb4cc7ab0", "doc": "http://searchengineland.com/eu-ready-fine-google-billions-shopping-search-case-report-276190", "row": 84, "column": 58, "tagName": "meta", "time": 12442.012717, "url": "", "pos": 1, "chunkLen": 1, "isStartTag": 1}}
06-28 12:02:52.622 32366 32379 E WProf.db: {"WprofHTMLTag": {"code": "0xb4cc7ae0", "doc": "http://searchengineland.com/eu-ready-fine-google-billions-shopping-search-case-report-276190", "row": 85, "column": 130, "tagName": "meta", "time": 12442.012829, "url": "", "pos": 1, "chunkLen": 1, "isStartTag": 1}}
06-28 12:02:52.622 32366 32379 E WProf.db: {"WprofHTMLTag": {"code": "0xb4cc7b10", "doc": "http://searchengineland.com/eu-ready-fine-google-billions-shopping-search-case-report-276190", "row": 86, "column": 115, "tagName": "meta", "time": 12442.012933, "url": "", "pos": 1, "chunkLen": 1, "isStartTag": 1}}
06-28 12:02:52.622 32366 32379 E WProf.db: {"WprofHTMLTag": {"code": "0xb4cc7b40", "doc": "http://searchengineland.com/eu-ready-fine-google-billions-shopping-search-case-report-276190", "row": 87, "column": 51, "tagName": "meta", "time": 12442.013045, "url": "", "pos": 1, "chunkLen": 1, "isStartTag": 1}}
06-28 12:02:52.622 32366 32379 E WProf.db: {"WprofHTMLTag": {"code": "0xb4cc7b70", "doc": "http://searchengineland.com/eu-ready-fine-google-billions-shopping-search-case-report-276190", "row": 88, "column": 120, "tagName": "meta", "time": 12442.013156, "url": "", "pos": 1, "chunkLen": 1, "isStartTag": 1}}
06-28 12:02:52.622 32366 32379 E WProf.db: {"WprofHTMLTag": {"code": "0xb4cc7ba0", "doc": "http://searchengineland.com/eu-ready-fine-google-billions-shopping-search-case-report-276190", "row": 89, "column": 52, "tagName": "meta", "time": 12442.013256, "url": "", "pos": 1, "chunkLen": 1, "isStartTag": 1}}
06-28 12:02:52.623 32366 32379 E WProf.db: {"WprofHTMLTag": {"code": "0xb4cc7bd0", "doc": "http://searchengineland.com/eu-ready-fine-google-billions-shopping-search-case-report-276190", "row": 92, "column": 44, "tagName": "link", "time": 12442.013362, "url": "http://s.w.org/", "pos": 1, "chunkLen": 1, "isStartTag": 1}}
06-28 12:02:52.623 32366 32379 E WProf.db: {"WprofHTMLTag": {"code": "0xb4cc7c00", "doc": "http://searchengineland.com/eu-ready-fine-google-billions-shopping-search-case-report-276190", "row": 93, "column": 33, "tagName": "script", "time": 12442.013558, "url": "", "pos": 1, "chunkLen": 1, "isStartTag": 1}}
06-28 12:02:52.623 32366 32379 E WProf.db: {"WprofHTMLTag": {"code": "0xb4cc7c30", "doc": "http://searchengineland.com/eu-ready-fine-google-billions-shopping-search-case-report-276190", "row": 96, "column": 11, "tagName": "script", "time": 12442.013839, "url": "http://searchengineland.com/figz/wp-includes/js/wp-emoji-release.min.js?ver=4.7.5", "pos": 1, "chunkLen": 1, "isStartTag": 0}}
06-28 12:02:52.623 32366 32379 E WProf.db: {"WprofHTMLTag": {"code": "0x9ced08a0", "doc": "http://searchengineland.com/eu-ready-fine-google-billions-shopping-search-case-report-276190", "row": 97, "column": 25, "tagName": "style", "time": 12442.684966, "url": "", "pos": 1, "chunkLen": 1, "isStartTag": 1}}
06-28 12:02:52.623 32366 32379 E WProf.db: {"WprofHTMLTag": {"code": "0x9ced08d0", "doc": "http://searchengineland.com/eu-ready-fine-google-billions-shopping-search-case-report-276190", "row": 110, "column": 8, "tagName": "style", "time": 12442.685168, "url": "", "pos": 1, "chunkLen": 1, "isStartTag": 0}}
06-28 12:02:52.623 32366 32379 E WProf.db: {"WprofHTMLTag": {"code": "0x9ced0900", "doc": "http://searchengineland.com/eu-ready-fine-google-billions-shopping-search-case-report-276190", "row": 111, "column": 140, "tagName": "script", "time": 12442.686843, "url": "http://searchengineland.com/figz/wp-content/themes/searchengineland/js/lib/modernizr.custom.js?ver=1.0", "pos": 1, "chunkLen": 1, "isStartTag": 1}}
06-28 12:02:52.623 32366 32379 E WProf.db: {"WprofHTMLTag": {"code": "0x9ced0930", "doc": "http://searchengineland.com/eu-ready-fine-google-billions-shopping-search-case-report-276190", "row": 111, "column": 149, "tagName": "script", "time": 12442.687066, "url": "", "pos": 1, "chunkLen": 1, "isStartTag": 0}}
06-28 12:02:52.623 32366 32379 E WProf.db: {"WprofHTMLTag": {"code": "0x9ced09c0", "doc": "http://searchengineland.com/eu-ready-fine-google-billions-shopping-search-case-report-276190", "row": 112, "column": 144, "tagName": "script", "time": 12442.697159, "url": "http://searchengineland.com/figz/wp-content/themes/searchengineland/js/lib/jquery-1.11.0.min.js?ver=1.11.0", "pos": 1, "chunkLen": 1, "isStartTag": 1}}
06-28 12:02:52.623 32366 32379 E WProf.db: {"WprofHTMLTag": {"code": "0x9ced09f0", "doc": "http://searchengineland.com/eu-ready-fine-google-billions-shopping-search-case-report-276190", "row": 112, "column": 153, "tagName": "script", "time": 12442.697391, "url": "", "pos": 1, "chunkLen": 1, "isStartTag": 0}}
06-28 12:02:52.623 32366 32379 E WProf.db: {"WprofHTMLTag": {"code": "0xaeddaea0", "doc": "http://searchengineland.com/eu-ready-fine-google-billions-shopping-search-case-report-276190", "row": 0, "column": 15, "tagName": "div", "time": 12442.765876, "url": "", "pos": 15, "chunkLen": 44, "isStartTag": 1}}
06-28 12:02:52.623 32366 32379 E WProf.db: {"WprofHTMLTag": {"code": "0xaeddae70", "doc": "http://searchengineland.com/eu-ready-fine-google-billions-shopping-search-case-report-276190", "row": 0, "column": 21, "tagName": "div", "time": 12442.766002, "url": "", "pos": 21, "chunkLen": 44, "isStartTag": 0}}
06-28 12:02:52.623 32366 32379 E WProf.db: {"WprofHTMLTag": {"code": "0xaeddaba0", "doc": "http://searchengineland.com/eu-ready-fine-google-billions-shopping-search-case-report-276190", "row": 0, "column": 38, "tagName": "div", "time": 12442.766063, "url": "", "pos": 38, "chunkLen": 44, "isStartTag": 1}}
06-28 12:02:52.623 32366 32379 E WProf.db: {"WprofHTMLTag": {"code": "0xaeddae40", "doc": "http://searchengineland.com/eu-ready-fine-google-billions-shopping-search-case-report-276190", "row": 0, "column": 44, "tagName": "div", "time": 12442.766165, "url": "", "pos": 44, "chunkLen": 44, "isStartTag": 0}}
06-28 12:02:52.624 32366 32379 E WProf.db: {"WprofHTMLTag": {"code": "0xaeddade0", "doc": "http://searchengineland.com/eu-ready-fine-google-billions-shopping-search-case-report-276190", "row": 0, "column": 13, "tagName": "select", "time": 12442.768320, "url": "", "pos": 13, "chunkLen": 51, "isStartTag": 1}}
06-28 12:02:52.624 32366 32379 E WProf.db: {"WprofHTMLTag": {"code": "0xaeddae10", "doc": "http://searchengineland.com/eu-ready-fine-google-billions-shopping-search-case-report-276190", "row": 0, "column": 33, "tagName": "option", "time": 12442.768509, "url": "", "pos": 33, "chunkLen": 51, "isStartTag": 1}}
06-28 12:02:52.624 32366 32379 E WProf.db: {"WprofHTMLTag": {"code": "0xaeddadb0", "doc": "http://searchengineland.com/eu-ready-fine-google-billions-shopping-search-case-report-276190", "row": 0, "column": 42, "tagName": "option", "time": 12442.768704, "url": "", "pos": 42, "chunkLen": 51, "isStartTag": 0}}
06-28 12:02:52.624 32366 32379 E WProf.db: {"WprofHTMLTag": {"code": "0x9ced0a80", "doc": "http://searchengineland.com/eu-ready-fine-google-billions-shopping-search-case-report-276190", "row": 0, "column": 51, "tagName": "select", "time": 12442.768760, "url": "", "pos": 51, "chunkLen": 51, "isStartTag": 0}}
06-28 12:02:52.624 32366 32379 E WProf.db: {"WprofHTMLTag": {"code": "0x9ced0ab0", "doc": "http://searchengineland.com/eu-ready-fine-google-billions-shopping-search-case-report-276190", "row": 0, "column": 12, "tagName": "a", "time": 12442.773827, "url": "", "pos": 12, "chunkLen": 16, "isStartTag": 1}}
06-28 12:02:52.624 32366 32379 E WProf.db: {"WprofHTMLTag": {"code": "0x9ced0ae0", "doc": "http://searchengineland.com/eu-ready-fine-google-billions-shopping-search-case-report-276190", "row": 0, "column": 16, "tagName": "a", "time": 12442.774061, "url": "", "pos": 16, "chunkLen": 16, "isStartTag": 0}}
06-28 12:02:52.624 32366 32379 E WProf.db: {"WprofHTMLTag": {"code": "0x9ced0b10", "doc": "http://searchengineland.com/eu-ready-fine-google-billions-shopping-search-case-report-276190", "row": 0, "column": 8, "tagName": "input", "time": 12442.775206, "url": "", "pos": 8, "chunkLen": 8, "isStartTag": 1}}
06-28 12:02:52.624 32366 32379 E WProf.db: {"WprofHTMLTag": {"code": "0x9ced0b40", "doc": "http://searchengineland.com/eu-ready-fine-google-billions-shopping-search-case-report-276190", "row": 0, "column": 9, "tagName": "link", "time": 12442.784293, "url": "", "pos": 9, "chunkLen": 42, "isStartTag": 1}}
06-28 12:02:52.624 32366 32379 E WProf.db: {"WprofHTMLTag": {"code": "0x9ced0b70", "doc": "http://searchengineland.com/eu-ready-fine-google-billions-shopping-search-case-report-276190", "row": 0, "column": 16, "tagName": "table", "time": 12442.784629, "url": "", "pos": 16, "chunkLen": 42, "isStartTag": 1}}
06-28 12:02:52.624 32366 32379 E WProf.db: {"WprofHTMLTag": {"code": "0x9ced0ba0", "doc": "http://searchengineland.com/eu-ready-fine-google-billions-shopping-search-case-report-276190", "row": 0, "column": 24, "tagName": "table", "time": 12442.784742, "url": "", "pos": 24, "chunkLen": 42, "isStartTag": 0}}
06-28 12:02:52.624 32366 32379 E WProf.db: {"WprofHTMLTag": {"code": "0x9ced0bd0", "doc": "http://searchengineland.com/eu-ready-fine-google-billions-shopping-search-case-report-276190", "row": 0, "column": 37, "tagName": "a", "time": 12442.784816, "url": "", "pos": 37, "chunkLen": 42, "isStartTag": 1}}
06-28 12:02:52.625 32366 32379 E WProf.db: {"WprofHTMLTag": {"code": "0x9ced0c00", "doc": "http://searchengineland.com/eu-ready-fine-google-billions-shopping-search-case-report-276190", "row": 0, "column": 42, "tagName": "a", "time": 12442.784990, "url": "", "pos": 42, "chunkLen": 42, "isStartTag": 0}}
06-28 12:02:52.625 32366 32379 E WProf.db: {"WprofHTMLTag": {"code": "0x9ced0c90", "doc": "http://searchengineland.com/eu-ready-fine-google-billions-shopping-search-case-report-276190", "row": 0, "column": 10, "tagName": "textarea", "time": 12442.786207, "url": "", "pos": 10, "chunkLen": 22, "isStartTag": 1}}
06-28 12:02:52.625 32366 32379 E WProf.db: {"WprofHTMLTag": {"code": "0x9ced0cc0", "doc": "http://searchengineland.com/eu-ready-fine-google-billions-shopping-search-case-report-276190", "row": 0, "column": 22, "tagName": "textarea", "time": 12442.786413, "url": "", "pos": 22, "chunkLen": 22, "isStartTag": 0}}
06-28 12:02:52.625 32366 32379 E WProf.db: {"WprofHTMLTag": {"code": "0x9ced0cf0", "doc": "http://searchengineland.com/eu-ready-fine-google-billions-shopping-search-case-report-276190", "row": 0, "column": 48, "tagName": "input", "time": 12442.787538, "url": "", "pos": 48, "chunkLen": 48, "isStartTag": 1}}
06-28 12:02:52.625 32366 32379 E WProf.db: {"WprofHTMLTag": {"code": "0x9ced0d50", "doc": "http://searchengineland.com/eu-ready-fine-google-billions-shopping-search-case-report-276190", "row": 0, "column": 9, "tagName": "link", "time": 12442.793598, "url": "", "pos": 9, "chunkLen": 66, "isStartTag": 1}}
06-28 12:02:52.625 32366 32379 E WProf.db: {"WprofHTMLTag": {"code": "0x9ced0d80", "doc": "http://searchengineland.com/eu-ready-fine-google-billions-shopping-search-case-report-276190", "row": 0, "column": 16, "tagName": "table", "time": 12442.793758, "url": "", "pos": 16, "chunkLen": 66, "isStartTag": 1}}
06-28 12:02:52.625 32366 32379 E WProf.db: {"WprofHTMLTag": {"code": "0x9ced0db0", "doc": "http://searchengineland.com/eu-ready-fine-google-billions-shopping-search-case-report-276190", "row": 0, "column": 24, "tagName": "table", "time": 12442.793866, "url": "", "pos": 24, "chunkLen": 66, "isStartTag": 0}}
06-28 12:02:52.625 32366 32379 E WProf.db: {"WprofHTMLTag": {"code": "0x9ced0de0", "doc": "http://searchengineland.com/eu-ready-fine-google-billions-shopping-search-case-report-276190", "row": 0, "column": 37, "tagName": "a", "time": 12442.793965, "url": "", "pos": 37, "chunkLen": 66, "isStartTag": 1}}
06-28 12:02:52.626 32366 32379 E WProf.db: {"WprofHTMLTag": {"code": "0x9ced0e10", "doc": "http://searchengineland.com/eu-ready-fine-google-billions-shopping-search-case-report-276190", "row": 0, "column": 42, "tagName": "a", "time": 12442.794196, "url": "", "pos": 42, "chunkLen": 66, "isStartTag": 0}}
06-28 12:02:52.626 32366 32379 E WProf.db: {"WprofHTMLTag": {"code": "0x9ced0e40", "doc": "http://searchengineland.com/eu-ready-fine-google-billions-shopping-search-case-report-276190", "row": 0, "column": 66, "tagName": "input", "time": 12442.794284, "url": "", "pos": 66, "chunkLen": 66, "isStartTag": 1}}
06-28 12:02:52.626 32366 32379 E WProf.db: {"WprofHTMLTag": {"code": "0x9ced0ed0", "doc": "http://searchengineland.com/eu-ready-fine-google-billions-shopping-search-case-report-276190", "row": 0, "column": 9, "tagName": "link", "time": 12442.796614, "url": "", "pos": 9, "chunkLen": 66, "isStartTag": 1}}
06-28 12:02:52.626 32366 32379 E WProf.db: {"WprofHTMLTag": {"code": "0x9ced0f00", "doc": "http://searchengineland.com/eu-ready-fine-google-billions-shopping-search-case-report-276190", "row": 0, "column": 16, "tagName": "table", "time": 12442.796765, "url": "", "pos": 16, "chunkLen": 66, "isStartTag": 1}}
06-28 12:02:52.626 32366 32379 E WProf.db: {"WprofHTMLTag": {"code": "0x9ced0f30", "doc": "http://searchengineland.com/eu-ready-fine-google-billions-shopping-search-case-report-276190", "row": 0, "column": 24, "tagName": "table", "time": 12442.796857, "url": "", "pos": 24, "chunkLen": 66, "isStartTag": 0}}
06-28 12:02:52.626 32366 32379 E WProf.db: {"WprofHTMLTag": {"code": "0x9ced0f60", "doc": "http://searchengineland.com/eu-ready-fine-google-billions-shopping-search-case-report-276190", "row": 0, "column": 37, "tagName": "a", "time": 12442.796939, "url": "", "pos": 37, "chunkLen": 66, "isStartTag": 1}}
06-28 12:02:52.626 32366 32379 E WProf.db: {"WprofHTMLTag": {"code": "0x9ced0f90", "doc": "http://searchengineland.com/eu-ready-fine-google-billions-shopping-search-case-report-276190", "row": 0, "column": 42, "tagName": "a", "time": 12442.797152, "url": "", "pos": 42, "chunkLen": 66, "isStartTag": 0}}
06-28 12:02:52.626 32366 32379 E WProf.db: {"WprofHTMLTag": {"code": "0x9ced0fc0", "doc": "http://searchengineland.com/eu-ready-fine-google-billions-shopping-search-case-report-276190", "row": 0, "column": 66, "tagName": "input", "time": 12442.797239, "url": "", "pos": 66, "chunkLen": 66, "isStartTag": 1}}
06-28 12:02:52.626 32366 32379 E WProf.db: {"WprofHTMLTag": {"code": "0x9ced1020", "doc": "http://searchengineland.com/eu-ready-fine-google-billions-shopping-search-case-report-276190", "row": 0, "column": 9, "tagName": "link", "time": 12442.803301, "url": "", "pos": 9, "chunkLen": 66, "isStartTag": 1}}
06-28 12:02:52.626 32366 32379 E WProf.db: {"WprofHTMLTag": {"code": "0x9ced1050", "doc": "http://searchengineland.com/eu-ready-fine-google-billions-shopping-search-case-report-276190", "row": 0, "column": 16, "tagName": "table", "time": 12442.803460, "url": "", "pos": 16, "chunkLen": 66, "isStartTag": 1}}
06-28 12:02:52.626 32366 32379 E WProf.db: {"WprofHTMLTag": {"code": "0x9ced1080", "doc": "http://searchengineland.com/eu-ready-fine-google-billions-shopping-search-case-report-276190", "row": 0, "column": 24, "tagName": "table", "time": 12442.803553, "url": "", "pos": 24, "chunkLen": 66, "isStartTag": 0}}
06-28 12:02:52.626 32366 32379 E WProf.db: {"WprofHTMLTag": {"code": "0x9ced10b0", "doc": "http://searchengineland.com/eu-ready-fine-google-billions-shopping-search-case-report-276190", "row": 0, "column": 37, "tagName": "a", "time": 12442.803647, "url": "", "pos": 37, "chunkLen": 66, "isStartTag": 1}}
06-28 12:02:52.626 32366 32379 E WProf.db: {"WprofHTMLTag": {"code": "0x9ced10e0", "doc": "http://searchengineland.com/eu-ready-fine-google-billions-shopping-search-case-report-276190", "row": 0, "column": 42, "tagName": "a", "time": 12442.803874, "url": "", "pos": 42, "chunkLen": 66, "isStartTag": 0}}
06-28 12:02:52.627 32366 32379 E WProf.db: {"WprofHTMLTag": {"code": "0x9ced1110", "doc": "http://searchengineland.com/eu-ready-fine-google-billions-shopping-search-case-report-276190", "row": 0, "column": 66, "tagName": "input", "time": 12442.803958, "url": "", "pos": 66, "chunkLen": 66, "isStartTag": 1}}
06-28 12:02:52.627 32366 32379 E WProf.db: {"WprofHTMLTag": {"code": "0x9ced0990", "doc": "http://searchengineland.com/eu-ready-fine-google-billions-shopping-search-case-report-276190", "row": 113, "column": 154, "tagName": "script", "time": 12442.820102, "url": "http://searchengineland.com/figz/wp-content/themes/searchengineland/js/lib/jquery-ui-1.10.3.custom.min.js?ver=1.10.3", "pos": 67, "chunkLen": 67, "isStartTag": 1}}
06-28 12:02:52.627 32366 32379 E WProf.db: {"WprofHTMLTag": {"code": "0x9ced1230", "doc": "http://searchengineland.com/eu-ready-fine-google-billions-shopping-search-case-report-276190", "row": 113, "column": 163, "tagName": "script", "time": 12442.820371, "url": "", "pos": 67, "chunkLen": 67, "isStartTag": 0}}
06-28 12:02:52.627 32366 32379 E WProf.db: {"WprofHTMLTag": {"code": "0xaeddb050", "doc": "http://searchengineland.com/eu-ready-fine-google-billions-shopping-search-case-report-276190", "row": 0, "column": 111, "tagName": "div", "time": 12443.077913, "url": "", "pos": 111, "chunkLen": 117, "isStartTag": 1}}
06-28 12:02:52.627 32366 32379 E WProf.db: {"WprofHTMLTag": {"code": "0xaeddb020", "doc": "http://searchengineland.com/eu-ready-fine-google-billions-shopping-search-case-report-276190", "row": 0, "column": 117, "tagName": "div", "time": 12443.078118, "url": "", "pos": 117, "chunkLen": 117, "isStartTag": 0}}
06-28 12:02:52.627 32366 32379 E WProf.db: {"WprofHTMLTag": {"code": "0x9ced1590", "doc": "http://searchengineland.com/eu-ready-fine-google-billions-shopping-search-case-report-276190", "row": 114, "column": 155, "tagName": "script", "time": 12443.107658, "url": "http://searchengineland.com/figz/wp-content/themes/searchengineland/js/lib/jquery.ba-throttle-debounce.min.js?ver=1.1", "pos": 118, "chunkLen": 118, "isStartTag": 1}}
06-28 12:02:52.627 32366 32379 E WProf.db: {"WprofHTMLTag": {"code": "0x9ced1800", "doc": "http://searchengineland.com/eu-ready-fine-google-billions-shopping-search-case-report-276190", "row": 114, "column": 164, "tagName": "script", "time": 12443.107954, "url": "", "pos": 118, "chunkLen": 118, "isStartTag": 0}}
