--------- beginning of main
06-28 11:05:05.265  3449  3449 E Finsky  : [1] com.google.android.finsky.wear.bl.a(3): onConnectionFailed: ConnectionResult{statusCode=API_UNAVAILABLE, resolution=null, message=null}
--------- beginning of system
06-28 11:05:06.385 12802 12802 E chromium: [ERROR:shell_integration_android.cc(12)] Not implemented reached in static ShellIntegration::DefaultWebClientSetPermission ShellIntegration::CanSetAsDefaultBrowser()
06-28 11:05:06.389 12802 12802 E chromium: [ERROR:browser_process_impl.cc(720)] Not implemented reached in virtual BackgroundModeManager* BrowserProcessImpl::background_mode_manager()
06-28 11:05:06.682  3218 10777 E AudioRecord-JNI: Error -4 during AudioRecord native read
06-28 11:05:09.108 12802 12847 E chromium: [ERROR:gles2_cmd_decoder.cc(3852)] [.ChromiumCompositor-0xacbb2fc0]GL ERROR :GL_INVALID_ENUM : glDiscardFramebufferEXT: attachments was GL_COLOR_EXT
06-28 11:05:09.388 12868 12881 E WPROF   : {"CSS": {"url": "http://searchengineland.com/figz/wp-content/themes/searchengineland/css/searchengineland-bootstrap.css", "requestTime": 8986.444017}}
06-28 11:05:09.389 12868 12881 E WPROF   : {"CSS": {"url": "http://fonts.googleapis.com/css?family=Oswald:300,400,700", "requestTime": 8986.444670}}
06-28 11:05:09.390 12868 12881 E WPROF   : {"CSS": {"url": "http://searchengineland.com/figz/wp-content/themes/searchengineland/style.css", "requestTime": 8986.445454}}
06-28 11:05:09.399 12868 12881 E WPROF   : {"Javascript": {"url": "http://searchengineland.com/figz/wp-content/themes/searchengineland/js/lib/modernizr.custom.js?ver=1.0", "requestTime": 8986.454352}}
06-28 11:05:09.403 12868 12881 E WPROF   : {"Javascript": {"url": "http://searchengineland.com/figz/wp-content/themes/searchengineland/js/lib/jquery-1.11.0.min.js?ver=1.11.0", "requestTime": 8986.458761}}
06-28 11:05:09.404 12868 12881 E WPROF   : {"Javascript": {"url": "http://searchengineland.com/figz/wp-content/themes/searchengineland/js/lib/jquery-ui-1.10.3.custom.min.js?ver=1.10.3", "requestTime": 8986.459645}}
06-28 11:05:09.405 12868 12881 E WPROF   : {"Javascript": {"url": "http://searchengineland.com/figz/wp-content/themes/searchengineland/js/lib/jquery.ba-throttle-debounce.min.js?ver=1.1", "requestTime": 8986.460611}}
06-28 11:05:09.406 12868 12881 E WPROF   : {"Javascript": {"url": "http://searchengineland.com/figz/wp-content/themes/searchengineland/js/lib/jquery.countdown.min.js?ver=2.0.4", "requestTime": 8986.461486}}
06-28 11:05:09.407 12868 12881 E WPROF   : {"Javascript": {"url": "http://static.chartbeat.com/js/chartbeat_mab.js", "requestTime": 8986.462472}}
06-28 11:05:09.943 12868 12881 E WPROF   : {"Javascript": {"url": "http://searchengineland.com/figz/wp-includes/js/wp-emoji-release.min.js?ver=4.7.5", "requestTime": 8986.998311}}
06-28 11:05:10.266 12868 12881 E WPROF   : {"Javascript": {"url": "http://www.googletagservices.com/tag/js/gpt.js", "requestTime": 8987.321829}}
06-28 11:05:10.270 12868 12881 E WPROF   : {"Javascript": {"url": "https://www.google-analytics.com/analytics.js", "requestTime": 8987.325778}}
06-28 11:05:10.272 12868 12881 E WPROF   : {"Javascript": {"url": "http://edge.quantserve.com/quant.js", "requestTime": 8987.327904}}
06-28 11:05:10.276 12868 12881 E WPROF   : {"Javascript": {"url": "https://connect.facebook.net/en_US/fbevents.js", "requestTime": 8987.331326}}
06-28 11:05:10.335 12802 12847 E chromium: [ERROR:gles2_cmd_decoder.cc(3852)] [.ChromiumCompositor-0xacbb2fc0]GL ERROR :GL_INVALID_ENUM : glDiscardFramebufferEXT: attachments was GL_COLOR_EXT
06-28 11:05:10.352 12868 12881 E WPROF   : {"Javascript": {"url": "http://app-sj02.marketo.com/js/forms2/js/forms2.min.js", "requestTime": 8987.408055}}
06-28 11:05:10.443 12802 12847 E chromium: [ERROR:gles2_cmd_decoder.cc(3852)] [.ChromiumCompositor-0xacbb2fc0]GL ERROR :GL_INVALID_ENUM : glDiscardFramebufferEXT: attachments was GL_COLOR_EXT
06-28 11:05:10.475 12868 12881 E WPROF   : {"Javascript": {"url": "https://connect.facebook.net/signals/config/423979991297359?v=2.7.17", "requestTime": 8987.530945}}
06-28 11:05:10.633 12868 12881 E WPROF   : {"Javascript": {"url": "http://app-sj02.marketo.com/index.php/form/getForm?munchkinId=727-ZQE-044&form=5691&url=http%3A%2F%2Fsearchengineland.com%2Feu-sources-say-1-17-billion-antitrust-fine-google-coming-weeks-277215&callback=jQuery110204821821809746325_1498615510564&_=1498615510565", "requestTime": 8987.689206}}
06-28 11:05:10.651 12868 12881 E WPROF   : {"Javascript": {"url": "http://app-sj02.marketo.com/index.php/form/getForm?munchkinId=727-ZQE-044&form=5685&url=http%3A%2F%2Fsearchengineland.com%2Feu-sources-say-1-17-billion-antitrust-fine-google-coming-weeks-277215&callback=jQuery110204821821809746325_1498615510566&_=1498615510567", "requestTime": 8987.707033}}
06-28 11:05:10.870 12868 12881 E WPROF   : {"Javascript": {"url": "http://app-sj02.marketo.com/index.php/form/getForm?munchkinId=727-ZQE-044&form=5673&url=http%3A%2F%2Fsearchengineland.com%2Feu-sources-say-1-17-billion-antitrust-fine-google-coming-weeks-277215&callback=jQuery110204821821809746325_1498615510568&_=1498615510569", "requestTime": 8987.925850}}
06-28 11:05:10.879 12868 12881 E WPROF   : {"Javascript": {"url": "http://searchengineland.com/js/ga_social_tracking.js", "requestTime": 8987.934598}}
06-28 11:05:10.880 12868 12881 E WPROF   : {"Javascript": {"url": "http://s7.addthis.com/js/300/addthis_widget.js#pubid=ra-53e918f660794f37", "requestTime": 8987.935723}}
06-28 11:05:10.894 12868 12881 E WPROF   : {"Javascript": {"url": "https://securepubads.g.doubleclick.net/gpt/pubads_impl_121.js", "requestTime": 8987.949847}}
06-28 11:05:10.972 12802 12847 E chromium: [ERROR:gles2_cmd_decoder.cc(3852)] [.ChromiumCompositor-0xacbb2fc0]GL ERROR :GL_INVALID_ENUM : glDiscardFramebufferEXT: attachments was GL_COLOR_EXT
06-28 11:05:11.267 12868 12881 E WPROF   : {"CSS": {"url": "http://app-sj02.marketo.com/js/forms2/css/forms2.css", "requestTime": 8988.322564}}
06-28 11:05:11.270 12868 12881 E WPROF   : {"CSS": {"url": "http://app-sj02.marketo.com/js/forms2/css/forms2-theme-simple.css", "requestTime": 8988.325683}}
06-28 11:05:11.328 12802 12847 E chromium: [ERROR:gles2_cmd_decoder.cc(3852)] [.ChromiumCompositor-0xacbb2fc0]GL ERROR :GL_INVALID_ENUM : glDiscardFramebufferEXT: attachments was GL_COLOR_EXT
06-28 11:05:11.423 12868 12881 E WPROF   : {"Javascript": {"url": "http://cdn.api.twitter.com/1/users/show.json?screen_name=gsterling&callback=twttr.setFollowersCount", "requestTime": 8988.478725}}
06-28 11:05:11.466 12868 12881 E WPROF   : {"Javascript": {"url": "https://static.xx.fbcdn.net/rsrc.php/v3iy6L4/yk/l/ko_KR/be4fIjHRc8P.js", "requestTime": 8988.521512}}
06-28 11:05:11.610 12802 12847 E chromium: [ERROR:gles2_cmd_decoder.cc(3852)] [.ChromiumCompositor-0xacbb2fc0]GL ERROR :GL_INVALID_ENUM : glDiscardFramebufferEXT: attachments was GL_COLOR_EXT
06-28 11:05:11.924   862  1657 E LocSvc_IzatApiV02: E/virtual int izat_core::IzatApiV02::getBatchSize(int32_t):522]: Error : st = 4, ind.status = -1628389555
06-28 11:05:11.924   862  1657 E LocSvc_IzatApiV02: E/virtual int izat_core::IzatApiV02::getBatchSize(int32_t):535]: get batching size failed.Or modem does not support batching 
06-28 11:05:11.933   862  1657 E LocSvc_IzatApiV02: E/virtual int izat_core::IzatApiV02::getBatchSize(int32_t):522]: Error : st = 4, ind.status = -1628389555
06-28 11:05:11.933   862  1657 E LocSvc_IzatApiV02: E/virtual int izat_core::IzatApiV02::getBatchSize(int32_t):535]: get batching size failed.Or modem does not support batching 
06-28 11:05:11.963   862  1657 E LocSvc_IzatApiV02: E/virtual int izat_core::IzatApiV02::getBatchSize(int32_t):522]: Error : st = 4, ind.status = -1628389555
06-28 11:05:11.963   862  1657 E LocSvc_IzatApiV02: E/virtual int izat_core::IzatApiV02::getBatchSize(int32_t):535]: get batching size failed.Or modem does not support batching 
06-28 11:05:11.975   862  1657 E LocSvc_IzatApiV02: E/virtual int izat_core::IzatApiV02::getBatchSize(int32_t):522]: Error : st = 4, ind.status = -1628389555
06-28 11:05:11.975   862  1657 E LocSvc_IzatApiV02: E/virtual int izat_core::IzatApiV02::getBatchSize(int32_t):535]: get batching size failed.Or modem does not support batching 
06-28 11:05:12.144 12868 12881 E WPROF   : {"Javascript": {"url": "http://platform.twitter.com/widgets.js", "requestTime": 8989.199550}}
06-28 11:05:12.147 12868 12881 E WPROF   : {"Javascript": {"url": "http://connect.facebook.net/en_US/sdk.js", "requestTime": 8989.202550}}
06-28 11:05:12.149 12868 12881 E WPROF   : {"Javascript": {"url": "https://apis.google.com/js/platform.js", "requestTime": 8989.204428}}
06-28 11:05:12.166 12868 12881 E WPROF   : {"Javascript": {"url": "http://rules.quantcount.com/rules-p-5aGizvD82d9hk.js", "requestTime": 8989.221752}}
06-28 11:05:12.282 12868 12881 E WPROF   : {"Javascript": {"url": "http://munchkin.marketo.net/munchkin.js", "requestTime": 8989.338100}}
06-28 11:05:13.020 12868 12881 E WPROF   : {"Javascript": {"url": "https://securepubads.g.doubleclick.net/gampad/ads?gdfp_req=1&correlator=2386495760498688&output=json_html&callback=googletag.impl.pubads.callbackProxy1&impl=fifs&json_a=1&eid=108809080%2C108809107%2C108809152%2C21060002&sc=0&sfv=1-0-9&iu_parts=1038259%2Csel-ciu-1%2Csel-ciu-2%2Csel-ciu-3%2Csel-ciu-4%", "requestTime": 8990.075581}}
06-28 11:05:13.139 12868 12881 E WPROF   : {"Javascript": {"url": "http://d2j3qa5nc37287.cloudfront.net/coupon_code1.js", "requestTime": 8990.194747}}
06-28 11:05:13.168 12868 12881 E WPROF   : {"Javascript": {"url": "http://www.googleadservices.com/pagead/conversion.js", "requestTime": 8990.223643}}
06-28 11:05:13.169 12868 12881 E WPROF   : {"Javascript": {"url": "http://searchengineland.com/figz/wp-content/themes/searchengineland/js/script.js?ver=1.0", "requestTime": 8990.224497}}
06-28 11:05:13.170 12868 12881 E WPROF   : {"Javascript": {"url": "http://searchengineland.com/figz/wp-includes/js/wp-embed.min.js?ver=4.7.5", "requestTime": 8990.226003}}
06-28 11:05:13.171 12868 12881 E WPROF   : {"Javascript": {"url": "http://searchengineland.com/figz/wp-content/themes/searchengineland/js/modules/sharing_controls.js", "requestTime": 8990.226862}}
06-28 11:05:13.180 12802 12847 E chromium: [ERROR:gles2_cmd_decoder.cc(3852)] [.ChromiumCompositor-0xacbb2fc0]GL ERROR :GL_INVALID_ENUM : glDiscardFramebufferEXT: attachments was GL_COLOR_EXT
06-28 11:05:13.621 12868 12881 E WPROF   : {"CSS": {"url": "https://www.youtube.com/yts/cssbin/www-embed-player-sprite-mode-vfl5G4Xm8.css", "requestTime": 8990.676587}}
06-28 11:05:13.622 12868 12881 E WPROF   : {"Javascript": {"url": "https://www.youtube.com/yts/jsbin/www-embed-player-vfl_UY_j8/www-embed-player.js", "requestTime": 8990.677963}}
06-28 11:05:13.623 12868 12881 E WPROF   : {"Javascript": {"url": "https://www.youtube.com/yts/jsbin/player-vflo1w4O-/ko_KR/base.js", "requestTime": 8990.678389}}
06-28 11:05:13.646 12802 12847 E chromium: [ERROR:gles2_cmd_decoder.cc(3852)] [.ChromiumCompositor-0xacbb2fc0]GL ERROR :GL_INVALID_ENUM : glDiscardFramebufferEXT: attachments was GL_COLOR_EXT
06-28 11:05:14.118 12868 12881 E WPROF   : {"Javascript": {"url": "http://m.addthisedge.com/live/boost/ra-53e918f660794f37/_ate.track.config_resp", "requestTime": 8991.173248}}
06-28 11:05:14.186 12868 12881 E WPROF   : {"Javascript": {"url": "http://m.addthis.com/live/red_lojson/300lo.json?si=59530ed7054c1030&bkl=0&bl=1&pdt=1892&sid=59530ed7054c1030&pub=ra-53e918f660794f37&rev=v7.15.4-wp&ln=ko&pc=men&cb=0&ab=-&dp=searchengineland.com&fp=eu-sources-say-1-17-billion-antitrust-fine-google-coming-weeks-277215&fr=&of=0&pd=0&irt=0&vcl=0&md=0&c", "requestTime": 8991.241931}}
06-28 11:05:14.444 12802 12847 E chromium: [ERROR:gles2_cmd_decoder.cc(3852)] [.ChromiumCompositor-0xacbb2fc0]GL ERROR :GL_INVALID_ENUM : glDiscardFramebufferEXT: attachments was GL_COLOR_EXT
06-28 11:05:14.885 12802 12847 E chromium: [ERROR:gles2_cmd_decoder.cc(3852)] [.ChromiumCompositor-0xacbb2fc0]GL ERROR :GL_INVALID_ENUM : glDiscardFramebufferEXT: attachments was GL_COLOR_EXT
06-28 11:05:16.012 12868 12881 E WPROF   : {"Javascript": {"url": "https://www.google.com/js/bg/KWBfAnWFESAEEaKKgdYlTHY9ysQaNoQuzeMFqvxDSM8.js", "requestTime": 8993.067285}}
06-28 11:05:16.013 12868 12881 E WPROF   : {"Javascript": {"url": "https://static.doubleclick.net/instream/ad_status.js", "requestTime": 8993.069154}}
06-28 11:05:16.157 12868 12881 E WPROF   : {"Javascript": {"url": "http://dnn506yrbagrg.cloudfront.net/pages/scripts/0026/4062.js?416282", "requestTime": 8993.212865}}
06-28 11:05:16.204 12802 12847 E chromium: [ERROR:gles2_cmd_decoder.cc(3852)] [.ChromiumCompositor-0xacbb2fc0]GL ERROR :GL_INVALID_ENUM : glDiscardFramebufferEXT: attachments was GL_COLOR_EXT
06-28 11:05:16.411 12802 12847 E chromium: [ERROR:gles2_cmd_decoder.cc(3852)] [.ChromiumCompositor-0xacbb2fc0]GL ERROR :GL_INVALID_ENUM : glDiscardFramebufferEXT: attachments was GL_COLOR_EXT
06-28 11:05:16.546 12802 12847 E chromium: [ERROR:gles2_cmd_decoder.cc(3852)] [.ChromiumCompositor-0xacbb2fc0]GL ERROR :GL_INVALID_ENUM : glDiscardFramebufferEXT: attachments was GL_COLOR_EXT
06-28 11:05:17.472 12868 12881 E WPROF   : {"Javascript": {"url": "https://platform.twitter.com/js/button.b731e6c82269f70f6fc53634e044a4c6.js", "requestTime": 8994.527863}}
06-28 11:05:17.479 12868 12881 E WPROF   : {"Javascript": {"url": "http://munchkin.marketo.net/151/munchkin.js", "requestTime": 8994.534697}}
06-28 11:05:17.601 12868 12881 E WPROF   : {"Javascript": {"url": "https://tpc.googlesyndication.com/pagead/js/r20170619/r20110914/client/ext/m_window_focus_non_hydra.js", "requestTime": 8994.656276}}
06-28 11:05:17.605 12868 12881 E WPROF   : {"Javascript": {"url": "https://tpc.googlesyndication.com/pagead/js/r20170619/r20110914/activeview/osd_listener.js", "requestTime": 8994.660506}}
06-28 11:05:17.611 12868 12881 E WPROF   : {"Javascript": {"url": "http://pagead2.googlesyndication.com/pagead/osd.js", "requestTime": 8994.666846}}
06-28 11:05:17.893 12868 12881 E WPROF   : {"Javascript": {"url": "http://www.justuno.com/ajax/account_version_check.html?id=828FA275-FF73-401E-AA39-40F5A6FAB6B1", "requestTime": 8994.948293}}
06-28 11:05:17.903 12868 12881 E WPROF   : {"Javascript": {"url": "http://s7.addthis.com/static/layers.4acb6c577b51939661ec.js", "requestTime": 8994.958883}}
06-28 11:05:17.968 12802 12847 E chromium: [ERROR:gles2_cmd_decoder.cc(3852)] [.ChromiumCompositor-0xacbb2fc0]GL ERROR :GL_INVALID_ENUM : glDiscardFramebufferEXT: attachments was GL_COLOR_EXT
06-28 11:05:18.122 12802 12847 E chromium: [ERROR:gles2_cmd_decoder.cc(3852)] [.ChromiumCompositor-0xacbb2fc0]GL ERROR :GL_INVALID_ENUM : glDiscardFramebufferEXT: attachments was GL_COLOR_EXT
06-28 11:05:18.218 12802 12847 E chromium: [ERROR:gles2_cmd_decoder.cc(3852)] [.ChromiumCompositor-0xacbb2fc0]GL ERROR :GL_INVALID_ENUM : glDiscardFramebufferEXT: attachments was GL_COLOR_EXT
06-28 11:05:18.386 12802 12847 E chromium: [ERROR:gles2_cmd_decoder.cc(3852)] [.ChromiumCompositor-0xacbb2fc0]GL ERROR :GL_INVALID_ENUM : glDiscardFramebufferEXT: attachments was GL_COLOR_EXT
06-28 11:05:18.472 12868 12881 E WPROF   : {"Javascript": {"url": "https://app-sj02.marketo.com/js/forms2/js/forms2.min.js", "requestTime": 8995.527664}}
06-28 11:05:18.488 12802 12847 E chromium: [ERROR:gles2_cmd_decoder.cc(3852)] [.ChromiumCompositor-0xacbb2fc0]GL ERROR :GL_INVALID_ENUM : glDiscardFramebufferEXT: attachments was GL_COLOR_EXT
06-28 11:05:21.172 12868 12881 E WPROF   : {"Javascript": {"url": "http://cdn.justuno.com/mwgt_3.6.js", "requestTime": 8998.227837}}
06-28 11:05:21.343 12802 12847 E chromium: [ERROR:gles2_cmd_decoder.cc(3852)] [.ChromiumCompositor-0xacbb2fc0]GL ERROR :GL_INVALID_ENUM : glDiscardFramebufferEXT: attachments was GL_COLOR_EXT
06-28 11:05:21.405 12802 12847 E chromium: [ERROR:gles2_cmd_decoder.cc(3852)] [.ChromiumCompositor-0xacbb2fc0]GL ERROR :GL_INVALID_ENUM : glDiscardFramebufferEXT: attachments was GL_COLOR_EXT
06-28 11:05:21.432 12802 12847 E chromium: [ERROR:gles2_cmd_decoder.cc(3852)] [.ChromiumCompositor-0xacbb2fc0]GL ERROR :GL_INVALID_ENUM : glDiscardFramebufferEXT: attachments was GL_COLOR_EXT
06-28 11:05:21.689 12868 12881 E WPROF   : {"Javascript": {"url": "https://cdn.syndication.twimg.com/widgets/followbutton/info.json?callback=__twttr.setFollowersCountAndFollowing&lang=en&screen_names=sengineland", "requestTime": 8998.745035}}
06-28 11:05:22.065 12802 12847 E chromium: [ERROR:gles2_cmd_decoder.cc(3852)] [.ChromiumCompositor-0xacbb2fc0]GL ERROR :GL_INVALID_ENUM : glDiscardFramebufferEXT: attachments was GL_COLOR_EXT
06-28 11:05:22.081 12868 12881 E WProf.db: {"page": "searchengineland.com_eu-sources-say-1-17-billion-antitrust-fine-google-coming-weeks-277215"}
06-28 11:05:22.081 12868 12881 E WProf.db: {"DOMLoad": 8999.136539}
06-28 11:05:22.081 12868 12881 E WProf.db: {"Resource": {"id": 1, "url": "http://searchengineland.com/eu-sources-say-1-17-billion-antitrust-fine-google-coming-weeks-277215", "sentTime": -1.000000, "len": 92467, "from": "0x0", "mimeType": "text/html", "contentLength": -1, "httpStatus": 200, "connId": 20, "connReused": 1, "cached": 0,"requestTime": 8986.049087, "proxyStart": -1, "proxyEnd": -1, "dnsStart": -1, "dnsEnd": -1, "connectStart": 0, "connectEnd": 86, "sendStart": 86, "sendEnd": 86, "receiveHeadersEnd": 248, "sslStart": -1, "sslEnd": -1}}
06-28 11:05:22.081 12868 12881 E WProf.db: {"ReceivedChunk": {"receivedTime": 8986.318627, "len": 7687}}
06-28 11:05:22.081 12868 12881 E WProf.db: {"ReceivedChunk": {"receivedTime": 8986.416710, "len": 32768}}
06-28 11:05:22.081 12868 12881 E WProf.db: {"ReceivedChunk": {"receivedTime": 8986.418112, "len": 29652}}
06-28 11:05:22.081 12868 12881 E WProf.db: {"ReceivedChunk": {"receivedTime": 8986.466251, "len": 15831}}
06-28 11:05:22.081 12868 12881 E WProf.db: {"ReceivedChunk": {"receivedTime": 8986.468759, "len": 6529}}
06-28 11:05:22.081 12868 12881 E WProf.db: {"WprofHTMLTag": {"code": "0xaedd5600", "doc": "http://searchengineland.com/eu-sources-say-1-17-billion-antitrust-fine-google-coming-weeks-277215", "row": 6, "column": 42, "tagName": "html", "time": 8986.421707, "url": "", "pos": 1, "chunkLen": 1, "isStartTag": 1}}
06-28 11:05:22.082 12868 12881 E WProf.db: {"WprofHTMLTag": {"code": "0xaf047700", "doc": "http://searchengineland.com/eu-sources-say-1-17-billion-antitrust-fine-google-coming-weeks-277215", "row": 7, "column": 6, "tagName": "head", "time": 8986.422707, "url": "", "pos": 1, "chunkLen": 1, "isStartTag": 1}}
06-28 11:05:22.082 12868 12881 E WProf.db: {"WprofHTMLTag": {"code": "0xaf0477f0", "doc": "http://searchengineland.com/eu-sources-say-1-17-billion-antitrust-fine-google-coming-weeks-277215", "row": 8, "column": 54, "tagName": "meta", "time": 8986.422887, "url": "", "pos": 1, "chunkLen": 1, "isStartTag": 1}}
06-28 11:05:22.082 12868 12881 E WProf.db: {"WprofHTMLTag": {"code": "0xaf047820", "doc": "http://searchengineland.com/eu-sources-say-1-17-billion-antitrust-fine-google-coming-weeks-277215", "row": 9, "column": 68, "tagName": "meta", "time": 8986.423570, "url": "", "pos": 1, "chunkLen": 1, "isStartTag": 1}}
06-28 11:05:22.082 12868 12881 E WProf.db: {"WprofHTMLTag": {"code": "0xaf047850", "doc": "http://searchengineland.com/eu-sources-say-1-17-billion-antitrust-fine-google-coming-weeks-277215", "row": 10, "column": 23, "tagName": "meta", "time": 8986.424209, "url": "", "pos": 1, "chunkLen": 1, "isStartTag": 1}}
06-28 11:05:22.082 12868 12881 E WProf.db: {"WprofHTMLTag": {"code": "0xaf047880", "doc": "http://searchengineland.com/eu-sources-say-1-17-billion-antitrust-fine-google-coming-weeks-277215", "row": 11, "column": 52, "tagName": "meta", "time": 8986.427881, "url": "", "pos": 1, "chunkLen": 1, "isStartTag": 1}}
06-28 11:05:22.082 12868 12881 E WProf.db: {"WprofHTMLTag": {"code": "0xaf0478b0", "doc": "http://searchengineland.com/eu-sources-say-1-17-billion-antitrust-fine-google-coming-weeks-277215", "row": 14, "column": 56, "tagName": "meta", "time": 8986.428506, "url": "", "pos": 1, "chunkLen": 1, "isStartTag": 1}}
06-28 11:05:22.082 12868 12881 E WProf.db: {"WprofHTMLTag": {"code": "0xaf0478e0", "doc": "http://searchengineland.com/eu-sources-say-1-17-billion-antitrust-fine-google-coming-weeks-277215", "row": 15, "column": 83, "tagName": "meta", "time": 8986.429107, "url": "", "pos": 1, "chunkLen": 1, "isStartTag": 1}}
06-28 11:05:22.082 12868 12881 E WProf.db: {"WprofHTMLTag": {"code": "0xaf047910", "doc": "http://searchengineland.com/eu-sources-say-1-17-billion-antitrust-fine-google-coming-weeks-277215", "row": 16, "column": 57, "tagName": "meta", "time": 8986.429695, "url": "", "pos": 1, "chunkLen": 1, "isStartTag": 1}}
06-28 11:05:22.082 12868 12881 E WProf.db: {"WprofHTMLTag": {"code": "0xaf0479a0", "doc": "http://searchengineland.com/eu-sources-say-1-17-billion-antitrust-fine-google-coming-weeks-277215", "row": 17, "column": 41, "tagName": "meta", "time": 8986.430386, "url": "", "pos": 1, "chunkLen": 1, "isStartTag": 1}}
06-28 11:05:22.083 12868 12881 E WProf.db: {"WprofHTMLTag": {"code": "0xaf0479d0", "doc": "http://searchengineland.com/eu-sources-say-1-17-billion-antitrust-fine-google-coming-weeks-277215", "row": 18, "column": 50, "tagName": "meta", "time": 8986.431167, "url": "", "pos": 1, "chunkLen": 1, "isStartTag": 1}}
06-28 11:05:22.083 12868 12881 E WProf.db: {"WprofHTMLTag": {"code": "0xaf047a00", "doc": "http://searchengineland.com/eu-sources-say-1-17-billion-antitrust-fine-google-coming-weeks-277215", "row": 19, "column": 174, "tagName": "meta", "time": 8986.431823, "url": "", "pos": 1, "chunkLen": 1, "isStartTag": 1}}
06-28 11:05:22.083 12868 12881 E WProf.db: {"WprofHTMLTag": {"code": "0xaf047970", "doc": "http://searchengineland.com/eu-sources-say-1-17-billion-antitrust-fine-google-coming-weeks-277215", "row": 20, "column": 47, "tagName": "meta", "time": 8986.432355, "url": "", "pos": 1, "chunkLen": 1, "isStartTag": 1}}
06-28 11:05:22.083 12868 12881 E WProf.db: {"WprofHTMLTag": {"code": "0xaf047940", "doc": "http://searchengineland.com/eu-sources-say-1-17-billion-antitrust-fine-google-coming-weeks-277215", "row": 21, "column": 67, "tagName": "meta", "time": 8986.432894, "url": "", "pos": 1, "chunkLen": 1, "isStartTag": 1}}
06-28 11:05:22.083 12868 12881 E WProf.db: {"WprofHTMLTag": {"code": "0xaf047a30", "doc": "http://searchengineland.com/eu-sources-say-1-17-billion-antitrust-fine-google-coming-weeks-277215", "row": 22, "column": 57, "tagName": "meta", "time": 8986.433447, "url": "", "pos": 1, "chunkLen": 1, "isStartTag": 1}}
06-28 11:05:22.083 12868 12881 E WProf.db: {"WprofHTMLTag": {"code": "0xaf047a60", "doc": "http://searchengineland.com/eu-sources-say-1-17-billion-antitrust-fine-google-coming-weeks-277215", "row": 23, "column": 65, "tagName": "meta", "time": 8986.440375, "url": "", "pos": 1, "chunkLen": 1, "isStartTag": 1}}
06-28 11:05:22.083 12868 12881 E WProf.db: {"WprofHTMLTag": {"code": "0xaf047a90", "doc": "http://searchengineland.com/eu-sources-say-1-17-billion-antitrust-fine-google-coming-weeks-277215", "row": 24, "column": 55, "tagName": "meta", "time": 8986.440519, "url": "", "pos": 1, "chunkLen": 1, "isStartTag": 1}}
06-28 11:05:22.083 12868 12881 E WProf.db: {"WprofHTMLTag": {"code": "0xaf047ac0", "doc": "http://searchengineland.com/eu-sources-say-1-17-billion-antitrust-fine-google-coming-weeks-277215", "row": 25, "column": 71, "tagName": "meta", "time": 8986.440640, "url": "", "pos": 1, "chunkLen": 1, "isStartTag": 1}}
06-28 11:05:22.083 12868 12881 E WProf.db: {"WprofHTMLTag": {"code": "0xaf047af0", "doc": "http://searchengineland.com/eu-sources-say-1-17-billion-antitrust-fine-google-coming-weeks-277215", "row": 26, "column": 86, "tagName": "meta", "time": 8986.440754, "url": "", "pos": 1, "chunkLen": 1, "isStartTag": 1}}
06-28 11:05:22.083 12868 12881 E WProf.db: {"WprofHTMLTag": {"code": "0xaf047b20", "doc": "http://searchengineland.com/eu-sources-say-1-17-billion-antitrust-fine-google-coming-weeks-277215", "row": 27, "column": 54, "tagName": "meta", "time": 8986.440873, "url": "", "pos": 1, "chunkLen": 1, "isStartTag": 1}}
06-28 11:05:22.084 12868 12881 E WProf.db: {"WprofHTMLTag": {"code": "0xaf047b50", "doc": "http://searchengineland.com/eu-sources-say-1-17-billion-antitrust-fine-google-coming-weeks-277215", "row": 29, "column": 39, "tagName": "meta", "time": 8986.440988, "url": "", "pos": 1, "chunkLen": 1, "isStartTag": 1}}
06-28 11:05:22.084 12868 12881 E WProf.db: {"WprofHTMLTag": {"code": "0xaf047b80", "doc": "http://searchengineland.com/eu-sources-say-1-17-billion-antitrust-fine-google-coming-weeks-277215", "row": 30, "column": 123, "tagName": "meta", "time": 8986.441107, "url": "", "pos": 1, "chunkLen": 1, "isStartTag": 1}}
06-28 11:05:22.084 12868 12881 E WProf.db: {"WprofHTMLTag": {"code": "0xaf047bb0", "doc": "http://searchengineland.com/eu-sources-say-1-17-billion-antitrust-fine-google-coming-weeks-277215", "row": 31, "column": 55, "tagName": "meta", "time": 8986.441223, "url": "", "pos": 1, "chunkLen": 1, "isStartTag": 1}}
06-28 11:05:22.084 12868 12881 E WProf.db: {"WprofHTMLTag": {"code": "0xaf047be0", "doc": "http://searchengineland.com/eu-sources-say-1-17-billion-antitrust-fine-google-coming-weeks-277215", "row": 32, "column": 54, "tagName": "meta", "time": 8986.441342, "url": "", "pos": 1, "chunkLen": 1, "isStartTag": 1}}
06-28 11:05:22.084 12868 12881 E WProf.db: {"WprofHTMLTag": {"code": "0xaf047c10", "doc": "http://searchengineland.com/eu-sources-say-1-17-billion-antitrust-fine-google-coming-weeks-277215", "row": 33, "column": 127, "tagName": "meta", "time": 8986.441462, "url": "", "pos": 1, "chunkLen": 1, "isStartTag": 1}}
06-28 11:05:22.084 12868 12881 E WProf.db: {"WprofHTMLTag": {"code": "0xaf047c40", "doc": "http://searchengineland.com/eu-sources-say-1-17-billion-antitrust-fine-google-coming-weeks-277215", "row": 37, "column": 36, "tagName": "script", "time": 8986.441575, "url": "", "pos": 1, "chunkLen": 1, "isStartTag": 1}}
06-28 11:05:22.084 12868 12881 E WProf.db: {"WprofHTMLTag": {"code": "0xaf047c70", "doc": "http://searchengineland.com/eu-sources-say-1-17-billion-antitrust-fine-google-coming-weeks-277215", "row": 53, "column": 10, "tagName": "script", "time": 8986.441850, "url": "", "pos": 1, "chunkLen": 1, "isStartTag": 0}}
06-28 11:05:22.084 12868 12881 E WProf.db: {"WprofHTMLTag": {"code": "0xaedd5630", "doc": "http://searchengineland.com/eu-sources-say-1-17-billion-antitrust-fine-google-coming-weeks-277215", "row": 55, "column": 86, "tagName": "link", "time": 8986.442528, "url": "http://searchengineland.com/apple-touch-icon.png", "pos": 1, "chunkLen": 1, "isStartTag": 1}}
06-28 11:05:22.084 12868 12881 E WProf.db: {"WprofHTMLTag": {"code": "0xaf047ca0", "doc": "http://searchengineland.com/eu-sources-say-1-17-billion-antitrust-fine-google-coming-weeks-277215", "row": 56, "column": 76, "tagName": "link", "time": 8986.442857, "url": "http://searchengineland.com/favicon.ico", "pos": 1, "chunkLen": 1, "isStartTag": 1}}
06-28 11:05:22.085 12868 12881 E WProf.db: {"WprofHTMLTag": {"code": "0xaf047cd0", "doc": "http://searchengineland.com/eu-sources-say-1-17-billion-antitrust-fine-google-coming-weeks-277215", "row": 57, "column": 158, "tagName": "link", "time": 8986.443068, "url": "http://feeds.searchengineland.com/searchengineland", "pos": 1, "chunkLen": 1, "isStartTag": 1}}
06-28 11:05:22.085 12868 12881 E WProf.db: {"WprofHTMLTag": {"code": "0xaf047d00", "doc": "http://searchengineland.com/eu-sources-say-1-17-billion-antitrust-fine-google-coming-weeks-277215", "row": 58, "column": 149, "tagName": "link", "time": 8986.443366, "url": "http://feeds.searchengineland.com/searchcap", "pos": 1, "chunkLen": 1, "isStartTag": 1}}
06-28 11:05:22.085 12868 12881 E WProf.db: {"WprofHTMLTag": {"code": "0xaf047d30", "doc": "http://searchengineland.com/eu-sources-say-1-17-billion-antitrust-fine-google-coming-weeks-277215", "row": 59, "column": 150, "tagName": "link", "time": 8986.443704, "url": "http://searchengineland.com/figz/wp-content/themes/searchengineland/css/searchengineland-bootstrap.css", "pos": 1, "chunkLen": 1, "isStartTag": 1}}
06-28 11:05:22.085 12868 12881 E WProf.db: {"WprofHTMLTag": {"code": "0xaf047d90", "doc": "http://searchengineland.com/eu-sources-say-1-17-billion-antitrust-fine-google-coming-weeks-277215", "row": 60, "column": 105, "tagName": "link", "time": 8986.444387, "url": "http://fonts.googleapis.com/css?family=Oswald:300,400,700", "pos": 1, "chunkLen": 1, "isStartTag": 1}}
06-28 11:05:22.085 12868 12881 E WProf.db: {"WprofHTMLTag": {"code": "0xaf047df0", "doc": "http://searchengineland.com/eu-sources-say-1-17-billion-antitrust-fine-google-coming-weeks-277215", "row": 61, "column": 125, "tagName": "link", "time": 8986.445000, "url": "http://searchengineland.com/figz/wp-content/themes/searchengineland/style.css", "pos": 1, "chunkLen": 1, "isStartTag": 1}}
06-28 11:05:22.085 12868 12881 E WProf.db: {"WprofHTMLTag": {"code": "0xaf047e50", "doc": "http://searchengineland.com/eu-sources-say-1-17-billion-antitrust-fine-google-coming-weeks-277215", "row": 65, "column": 7, "tagName": "title", "time": 8986.445783, "url": "", "pos": 1, "chunkLen": 1, "isStartTag": 1}}
06-28 11:05:22.085 12868 12881 E WProf.db: {"WprofHTMLTag": {"code": "0xaf047e80", "doc": "http://searchengineland.com/eu-sources-say-1-17-billion-antitrust-fine-google-coming-weeks-277215", "row": 65, "column": 89, "tagName": "title", "time": 8986.446036, "url": "", "pos": 1, "chunkLen": 1, "isStartTag": 0}}
06-28 11:05:22.085 12868 12881 E WProf.db: {"WprofHTMLTag": {"code": "0xaf047eb0", "doc": "http://searchengineland.com/eu-sources-say-1-17-billion-antitrust-fine-google-coming-weeks-277215", "row": 66, "column": 119, "tagName": "meta", "time": 8986.446058, "url": "", "pos": 1, "chunkLen": 1, "isStartTag": 1}}
06-28 11:05:22.085 12868 12881 E WProf.db: {"WprofHTMLTag": {"code": "0xaf047ee0", "doc": "http://searchengineland.com/eu-sources-say-1-17-billion-antitrust-fine-google-coming-weeks-277215", "row": 67, "column": 40, "tagName": "meta", "time": 8986.446182, "url": "", "pos": 1, "chunkLen": 1, "isStartTag": 1}}
06-28 11:05:22.086 12868 12881 E WProf.db: {"WprofHTMLTag": {"code": "0xaf047f10", "doc": "http://searchengineland.com/eu-sources-say-1-17-billion-antitrust-fine-google-coming-weeks-277215", "row": 68, "column": 139, "tagName": "meta", "time": 8986.446294, "url": "", "pos": 1, "chunkLen": 1, "isStartTag": 1}}
06-28 11:05:22.086 12868 12881 E WProf.db: {"WprofHTMLTag": {"code": "0xaf047f40", "doc": "http://searchengineland.com/eu-sources-say-1-17-billion-antitrust-fine-google-coming-weeks-277215", "row": 69, "column": 37, "tagName": "meta", "time": 8986.446409, "url": "", "pos": 1, "chunkLen": 1, "isStartTag": 1}}
06-28 11:05:22.086 12868 12881 E WProf.db: {"WprofHTMLTag": {"code": "0xaf047f70", "doc": "http://searchengineland.com/eu-sources-say-1-17-billion-antitrust-fine-google-coming-weeks-277215", "row": 70, "column": 129, "tagName": "link", "time": 8986.446519, "url": "http://searchengineland.com/eu-sources-say-1-17-billion-antitrust-fine-google-coming-weeks-277215", "pos": 1, "chunkLen": 1, "isStartTag": 1}}
06-28 11:05:22.086 12868 12881 E WProf.db: {"WprofHTMLTag": {"code": "0xaf047fa0", "doc": "http://searchengineland.com/eu-sources-say-1-17-billion-antitrust-fine-google-coming-weeks-277215", "row": 71, "column": 76, "tagName": "link", "time": 8986.446721, "url": "https://plus.google.com/103218677032751327334", "pos": 1, "chunkLen": 1, "isStartTag": 1}}
06-28 11:05:22.086 12868 12881 E WProf.db: {"WprofHTMLTag": {"code": "0xaf047fd0", "doc": "http://searchengineland.com/eu-sources-say-1-17-billion-antitrust-fine-google-coming-weeks-277215", "row": 72, "column": 45, "tagName": "meta", "time": 8986.446912, "url": "", "pos": 1, "chunkLen": 1, "isStartTag": 1}}
06-28 11:05:22.086 12868 12881 E WProf.db: {"WprofHTMLTag": {"code": "0xb4cc74b0", "doc": "http://searchengineland.com/eu-sources-say-1-17-billion-antitrust-fine-google-coming-weeks-277215", "row": 73, "column": 45, "tagName": "meta", "time": 8986.447025, "url": "", "pos": 1, "chunkLen": 1, "isStartTag": 1}}
06-28 11:05:22.086 12868 12881 E WProf.db: {"WprofHTMLTag": {"code": "0xb4cc7540", "doc": "http://searchengineland.com/eu-sources-say-1-17-billion-antitrust-fine-google-coming-weeks-277215", "row": 74, "column": 113, "tagName": "meta", "time": 8986.447143, "url": "", "pos": 1, "chunkLen": 1, "isStartTag": 1}}
06-28 11:05:22.086 12868 12881 E WProf.db: {"WprofHTMLTag": {"code": "0xb4cc78a0", "doc": "http://searchengineland.com/eu-sources-say-1-17-billion-antitrust-fine-google-coming-weeks-277215", "row": 75, "column": 127, "tagName": "meta", "time": 8986.447257, "url": "", "pos": 1, "chunkLen": 1, "isStartTag": 1}}
06-28 11:05:22.086 12868 12881 E WProf.db: {"WprofHTMLTag": {"code": "0xb4cc78d0", "doc": "http://searchengineland.com/eu-sources-say-1-17-billion-antitrust-fine-google-coming-weeks-277215", "row": 76, "column": 134, "tagName": "meta", "time": 8986.447375, "url": "", "pos": 1, "chunkLen": 1, "isStartTag": 1}}
06-28 11:05:22.087 12868 12881 E WProf.db: {"WprofHTMLTag": {"code": "0xb4cc7900", "doc": "http://searchengineland.com/eu-sources-say-1-17-billion-antitrust-fine-google-coming-weeks-277215", "row": 77, "column": 61, "tagName": "meta", "time": 8986.447483, "url": "", "pos": 1, "chunkLen": 1, "isStartTag": 1}}
06-28 11:05:22.087 12868 12881 E WProf.db: {"WprofHTMLTag": {"code": "0xb4cc7930", "doc": "http://searchengineland.com/eu-sources-say-1-17-billion-antitrust-fine-google-coming-weeks-277215", "row": 78, "column": 89, "tagName": "meta", "time": 8986.447604, "url": "", "pos": 1, "chunkLen": 1, "isStartTag": 1}}
06-28 11:05:22.087 12868 12881 E WProf.db: {"WprofHTMLTag": {"code": "0xb4cc7960", "doc": "http://searchengineland.com/eu-sources-say-1-17-billion-antitrust-fine-google-coming-weeks-277215", "row": 79, "column": 58, "tagName": "meta", "time": 8986.447716, "url": "", "pos": 1, "chunkLen": 1, "isStartTag": 1}}
06-28 11:05:22.087 12868 12881 E WProf.db: {"WprofHTMLTag": {"code": "0xb4cc7990", "doc": "http://searchengineland.com/eu-sources-say-1-17-billion-antitrust-fine-google-coming-weeks-277215", "row": 80, "column": 78, "tagName": "meta", "time": 8986.447839, "url": "", "pos": 1, "chunkLen": 1, "isStartTag": 1}}
06-28 11:05:22.087 12868 12881 E WProf.db: {"WprofHTMLTag": {"code": "0xb4cc79c0", "doc": "http://searchengineland.com/eu-sources-say-1-17-billion-antitrust-fine-google-coming-weeks-277215", "row": 81, "column": 77, "tagName": "meta", "time": 8986.448376, "url": "", "pos": 1, "chunkLen": 1, "isStartTag": 1}}
06-28 11:05:22.087 12868 12881 E WProf.db: {"WprofHTMLTag": {"code": "0xb4cc79f0", "doc": "http://searchengineland.com/eu-sources-say-1-17-billion-antitrust-fine-google-coming-weeks-277215", "row": 82, "column": 71, "tagName": "meta", "time": 8986.448501, "url": "", "pos": 1, "chunkLen": 1, "isStartTag": 1}}
06-28 11:05:22.087 12868 12881 E WProf.db: {"WprofHTMLTag": {"code": "0xb4cc7a20", "doc": "http://searchengineland.com/eu-sources-say-1-17-billion-antitrust-fine-google-coming-weeks-277215", "row": 83, "column": 121, "tagName": "meta", "time": 8986.448629, "url": "", "pos": 1, "chunkLen": 1, "isStartTag": 1}}
06-28 11:05:22.087 12868 12881 E WProf.db: {"WprofHTMLTag": {"code": "0xb4cc7a50", "doc": "http://searchengineland.com/eu-sources-say-1-17-billion-antitrust-fine-google-coming-weeks-277215", "row": 84, "column": 49, "tagName": "meta", "time": 8986.448745, "url": "", "pos": 1, "chunkLen": 1, "isStartTag": 1}}
06-28 11:05:22.087 12868 12881 E WProf.db: {"WprofHTMLTag": {"code": "0xb4cc7a80", "doc": "http://searchengineland.com/eu-sources-say-1-17-billion-antitrust-fine-google-coming-weeks-277215", "row": 85, "column": 50, "tagName": "meta", "time": 8986.448868, "url": "", "pos": 1, "chunkLen": 1, "isStartTag": 1}}
06-28 11:05:22.087 12868 12881 E WProf.db: {"WprofHTMLTag": {"code": "0xb4cc7ab0", "doc": "http://searchengineland.com/eu-sources-say-1-17-billion-antitrust-fine-google-coming-weeks-277215", "row": 86, "column": 58, "tagName": "meta", "time": 8986.448987, "url": "", "pos": 1, "chunkLen": 1, "isStartTag": 1}}
06-28 11:05:22.088 12868 12881 E WProf.db: {"WprofHTMLTag": {"code": "0xb4cc7ae0", "doc": "http://searchengineland.com/eu-sources-say-1-17-billion-antitrust-fine-google-coming-weeks-277215", "row": 87, "column": 128, "tagName": "meta", "time": 8986.449107, "url": "", "pos": 1, "chunkLen": 1, "isStartTag": 1}}
06-28 11:05:22.088 12868 12881 E WProf.db: {"WprofHTMLTag": {"code": "0xb4cc7b10", "doc": "http://searchengineland.com/eu-sources-say-1-17-billion-antitrust-fine-google-coming-weeks-277215", "row": 88, "column": 114, "tagName": "meta", "time": 8986.449224, "url": "", "pos": 1, "chunkLen": 1, "isStartTag": 1}}
06-28 11:05:22.088 12868 12881 E WProf.db: {"WprofHTMLTag": {"code": "0xb4cc7b40", "doc": "http://searchengineland.com/eu-sources-say-1-17-billion-antitrust-fine-google-coming-weeks-277215", "row": 89, "column": 51, "tagName": "meta", "time": 8986.450535, "url": "", "pos": 1, "chunkLen": 1, "isStartTag": 1}}
06-28 11:05:22.088 12868 12881 E WProf.db: {"WprofHTMLTag": {"code": "0xb4cc7b70", "doc": "http://searchengineland.com/eu-sources-say-1-17-billion-antitrust-fine-google-coming-weeks-277215", "row": 90, "column": 122, "tagName": "meta", "time": 8986.450707, "url": "", "pos": 1, "chunkLen": 1, "isStartTag": 1}}
06-28 11:05:22.088 12868 12881 E WProf.db: {"WprofHTMLTag": {"code": "0xb4cc7ba0", "doc": "http://searchengineland.com/eu-sources-say-1-17-billion-antitrust-fine-google-coming-weeks-277215", "row": 91, "column": 52, "tagName": "meta", "time": 8986.450836, "url": "", "pos": 1, "chunkLen": 1, "isStartTag": 1}}
06-28 11:05:22.088 12868 12881 E WProf.db: {"WprofHTMLTag": {"code": "0xb4cc7bd0", "doc": "http://searchengineland.com/eu-sources-say-1-17-billion-antitrust-fine-google-coming-weeks-277215", "row": 94, "column": 44, "tagName": "link", "time": 8986.450971, "url": "http://s.w.org/", "pos": 1, "chunkLen": 1, "isStartTag": 1}}
06-28 11:05:22.088 12868 12881 E WProf.db: {"WprofHTMLTag": {"code": "0xb4cc7c00", "doc": "http://searchengineland.com/eu-sources-say-1-17-billion-antitrust-fine-google-coming-weeks-277215", "row": 95, "column": 33, "tagName": "script", "time": 8986.451248, "url": "", "pos": 1, "chunkLen": 1, "isStartTag": 1}}
06-28 11:05:22.088 12868 12881 E WProf.db: {"WprofHTMLTag": {"code": "0xb4cc7c30", "doc": "http://searchengineland.com/eu-sources-say-1-17-billion-antitrust-fine-google-coming-weeks-277215", "row": 98, "column": 11, "tagName": "script", "time": 8986.453756, "url": "http://searchengineland.com/figz/wp-includes/js/wp-emoji-release.min.js?ver=4.7.5", "pos": 1, "chunkLen": 1, "isStartTag": 0}}
06-28 11:05:22.088 12868 12881 E WProf.db: {"WprofHTMLTag": {"code": "0x9ea9c930", "doc": "http://searchengineland.com/eu-sources-say-1-17-billion-antitrust-fine-google-coming-weeks-277215", "row": 99, "column": 25, "tagName": "style", "time": 8986.998951, "url": "", "pos": 1, "chunkLen": 1, "isStartTag": 1}}
06-28 11:05:22.089 12868 12881 E WProf.db: {"WprofHTMLTag": {"code": "0x9ea9c960", "doc": "http://searchengineland.com/eu-sources-say-1-17-billion-antitrust-fine-google-coming-weeks-277215", "row": 112, "column": 8, "tagName": "style", "time": 8986.999128, "url": "", "pos": 1, "chunkLen": 1, "isStartTag": 0}}
06-28 11:05:22.089 12868 12881 E WProf.db: {"WprofHTMLTag": {"code": "0x9ea9c990", "doc": "http://searchengineland.com/eu-sources-say-1-17-billion-antitrust-fine-google-coming-weeks-277215", "row": 113, "column": 140, "tagName": "script", "time": 8987.001704, "url": "http://searchengineland.com/figz/wp-content/themes/searchengineland/js/lib/modernizr.custom.js?ver=1.0", "pos": 1, "chunkLen": 1, "isStartTag": 1}}
06-28 11:05:22.089 12868 12881 E WProf.db: {"WprofHTMLTag": {"code": "0x9ea9c9c0", "doc": "http://searchengineland.com/eu-sources-say-1-17-billion-antitrust-fine-google-coming-weeks-277215", "row": 113, "column": 149, "tagName": "script", "time": 8987.001942, "url": "", "pos": 1, "chunkLen": 1, "isStartTag": 0}}
06-28 11:05:22.089 12868 12881 E WProf.db: {"WprofHTMLTag": {"code": "0xaedd5a80", "doc": "http://searchengineland.com/eu-sources-say-1-17-billion-antitrust-fine-google-coming-weeks-277215", "row": 114, "column": 144, "tagName": "script", "time": 8987.010750, "url": "http://searchengineland.com/figz/wp-content/themes/searchengineland/js/lib/jquery-1.11.0.min.js?ver=1.11.0", "pos": 1, "chunkLen": 1, "isStartTag": 1}}
06-28 11:05:22.089 12868 12881 E WProf.db: {"WprofHTMLTag": {"code": "0x9ea9ca50", "doc": "http://searchengineland.com/eu-sources-say-1-17-billion-antitrust-fine-google-coming-weeks-277215", "row": 114, "column": 153, "tagName": "script", "time": 8987.010995, "url": "", "pos": 1, "chunkLen": 1, "isStartTag": 0}}
06-28 11:05:22.089 12868 12881 E WProf.db: {"WprofHTMLTag": {"code": "0xaedd5f00", "doc": "http://searchengineland.com/eu-sources-say-1-17-billion-antitrust-fine-google-coming-weeks-277215", "row": 0, "column": 15, "tagName": "div", "time": 8987.080214, "url": "", "pos": 15, "chunkLen": 44, "isStartTag": 1}}
06-28 11:05:22.089 12868 12881 E WProf.db: {"WprofHTMLTag": {"code": "0xaedd5ed0", "doc": "http://searchengineland.com/eu-sources-say-1-17-billion-antitrust-fine-google-coming-weeks-277215", "row": 0, "column": 21, "tagName": "div", "time": 8987.080353, "url": "", "pos": 21, "chunkLen": 44, "isStartTag": 0}}
06-28 11:05:22.089 12868 12881 E WProf.db: {"WprofHTMLTag": {"code": "0xaedd5ea0", "doc": "http://searchengineland.com/eu-sources-say-1-17-billion-antitrust-fine-google-coming-weeks-277215", "row": 0, "column": 38, "tagName": "div", "time": 8987.080417, "url": "", "pos": 38, "chunkLen": 44, "isStartTag": 1}}
06-28 11:05:22.089 12868 12881 E WProf.db: {"WprofHTMLTag": {"code": "0xaedd5cc0", "doc": "http://searchengineland.com/eu-sources-say-1-17-billion-antitrust-fine-google-coming-weeks-277215", "row": 0, "column": 44, "tagName": "div", "time": 8987.080529, "url": "", "pos": 44, "chunkLen": 44, "isStartTag": 0}}
06-28 11:05:22.090 12868 12881 E WProf.db: {"WprofHTMLTag": {"code": "0xaedd5e70", "doc": "http://searchengineland.com/eu-sources-say-1-17-billion-antitrust-fine-google-coming-weeks-277215", "row": 0, "column": 13, "tagName": "select", "time": 8987.082688, "url": "", "pos": 13, "chunkLen": 51, "isStartTag": 1}}
06-28 11:05:22.090 12868 12881 E WProf.db: {"WprofHTMLTag": {"code": "0xaedd5e40", "doc": "http://searchengineland.com/eu-sources-say-1-17-billion-antitrust-fine-google-coming-weeks-277215", "row": 0, "column": 33, "tagName": "option", "time": 8987.082880, "url": "", "pos": 33, "chunkLen": 51, "isStartTag": 1}}
06-28 11:05:22.090 12868 12881 E WProf.db: {"WprofHTMLTag": {"code": "0x9ea9cae0", "doc": "http://searchengineland.com/eu-sources-say-1-17-billion-antitrust-fine-google-coming-weeks-277215", "row": 0, "column": 42, "tagName": "option", "time": 8987.083063, "url": "", "pos": 42, "chunkLen": 51, "isStartTag": 0}}
06-28 11:05:22.090 12868 12881 E WProf.db: {"WprofHTMLTag": {"code": "0x9ea9cb10", "doc": "http://searchengineland.com/eu-sources-say-1-17-billion-antitrust-fine-google-coming-weeks-277215", "row": 0, "column": 51, "tagName": "select", "time": 8987.083122, "url": "", "pos": 51, "chunkLen": 51, "isStartTag": 0}}
06-28 11:05:22.090 12868 12881 E WProf.db: {"WprofHTMLTag": {"code": "0x9ea9cb40", "doc": "http://searchengineland.com/eu-sources-say-1-17-billion-antitrust-fine-google-coming-weeks-277215", "row": 0, "column": 12, "tagName": "a", "time": 8987.088959, "url": "", "pos": 12, "chunkLen": 16, "isStartTag": 1}}
06-28 11:05:22.090 12868 12881 E WProf.db: {"WprofHTMLTag": {"code": "0x9ea9cb70", "doc": "http://searchengineland.com/eu-sources-say-1-17-billion-antitrust-fine-google-coming-weeks-277215", "row": 0, "column": 16, "tagName": "a", "time": 8987.089126, "url": "", "pos": 16, "chunkLen": 16, "isStartTag": 0}}
06-28 11:05:22.090 12868 12881 E WProf.db: {"WprofHTMLTag": {"code": "0x9ea9cba0", "doc": "http://searchengineland.com/eu-sources-say-1-17-billion-antitrust-fine-google-coming-weeks-277215", "row": 0, "column": 8, "tagName": "input", "time": 8987.090218, "url": "", "pos": 8, "chunkLen": 8, "isStartTag": 1}}
06-28 11:05:22.090 12868 12881 E WProf.db: {"WprofHTMLTag": {"code": "0x9ea9cbd0", "doc": "http://searchengineland.com/eu-sources-say-1-17-billion-antitrust-fine-google-coming-weeks-277215", "row": 0, "column": 9, "tagName": "link", "time": 8987.098510, "url": "", "pos": 9, "chunkLen": 42, "isStartTag": 1}}
06-28 11:05:22.090 12868 12881 E WProf.db: {"WprofHTMLTag": {"code": "0x9ea9cc00", "doc": "http://searchengineland.com/eu-sources-say-1-17-billion-antitrust-fine-google-coming-weeks-277215", "row": 0, "column": 16, "tagName": "table", "time": 8987.098621, "url": "", "pos": 16, "chunkLen": 42, "isStartTag": 1}}
06-28 11:05:22.091 12868 12881 E WProf.db: {"WprofHTMLTag": {"code": "0x9ea9cc30", "doc": "http://searchengineland.com/eu-sources-say-1-17-billion-antitrust-fine-google-coming-weeks-277215", "row": 0, "column": 24, "tagName": "table", "time": 8987.098732, "url": "", "pos": 24, "chunkLen": 42, "isStartTag": 0}}
06-28 11:05:22.091 12868 12881 E WProf.db: {"WprofHTMLTag": {"code": "0x9ea9cc60", "doc": "http://searchengineland.com/eu-sources-say-1-17-billion-antitrust-fine-google-coming-weeks-277215", "row": 0, "column": 37, "tagName": "a", "time": 8987.098793, "url": "", "pos": 37, "chunkLen": 42, "isStartTag": 1}}
06-28 11:05:22.091 12868 12881 E WProf.db: {"WprofHTMLTag": {"code": "0x9ea9cc90", "doc": "http://searchengineland.com/eu-sources-say-1-17-billion-antitrust-fine-google-coming-weeks-277215", "row": 0, "column": 42, "tagName": "a", "time": 8987.098967, "url": "", "pos": 42, "chunkLen": 42, "isStartTag": 0}}
06-28 11:05:22.091 12868 12881 E WProf.db: {"WprofHTMLTag": {"code": "0x9ea9cd20", "doc": "http://searchengineland.com/eu-sources-say-1-17-billion-antitrust-fine-google-coming-weeks-277215", "row": 0, "column": 10, "tagName": "textarea", "time": 8987.100615, "url": "", "pos": 10, "chunkLen": 22, "isStartTag": 1}}
06-28 11:05:22.091 12868 12881 E WProf.db: {"WprofHTMLTag": {"code": "0x9ea9cd50", "doc": "http://searchengineland.com/eu-sources-say-1-17-billion-antitrust-fine-google-coming-weeks-277215", "row": 0, "column": 22, "tagName": "textarea", "time": 8987.100839, "url": "", "pos": 22, "chunkLen": 22, "isStartTag": 0}}
06-28 11:05:22.091 12868 12881 E WProf.db: {"WprofHTMLTag": {"code": "0x9ea9cd80", "doc": "http://searchengineland.com/eu-sources-say-1-17-billion-antitrust-fine-google-coming-weeks-277215", "row": 0, "column": 48, "tagName": "input", "time": 8987.102773, "url": "", "pos": 48, "chunkLen": 48, "isStartTag": 1}}
06-28 11:05:22.091 12868 12881 E WProf.db: {"WprofHTMLTag": {"code": "0x9ea9cde0", "doc": "http://searchengineland.com/eu-sources-say-1-17-billion-antitrust-fine-google-coming-weeks-277215", "row": 0, "column": 9, "tagName": "link", "time": 8987.107261, "url": "", "pos": 9, "chunkLen": 66, "isStartTag": 1}}
06-28 11:05:22.091 12868 12881 E WProf.db: {"WprofHTMLTag": {"code": "0x9ea9ce10", "doc": "http://searchengineland.com/eu-sources-say-1-17-billion-antitrust-fine-google-coming-weeks-277215", "row": 0, "column": 16, "tagName": "table", "time": 8987.107383, "url": "", "pos": 16, "chunkLen": 66, "isStartTag": 1}}
06-28 11:05:22.091 12868 12881 E WProf.db: {"WprofHTMLTag": {"code": "0x9ea9ce40", "doc": "http://searchengineland.com/eu-sources-say-1-17-billion-antitrust-fine-google-coming-weeks-277215", "row": 0, "column": 24, "tagName": "table", "time": 8987.107460, "url": "", "pos": 24, "chunkLen": 66, "isStartTag": 0}}
06-28 11:05:22.092 12868 12881 E WProf.db: {"WprofHTMLTag": {"code": "0x9ea9ce70", "doc": "http://searchengineland.com/eu-sources-say-1-17-billion-antitrust-fine-google-coming-weeks-277215", "row": 0, "column": 37, "tagName": "a", "time": 8987.107523, "url": "", "pos": 37, "chunkLen": 66, "isStartTag": 1}}
06-28 11:05:22.092 12868 12881 E WProf.db: {"WprofHTMLTag": {"code": "0x9ea9cea0", "doc": "http://searchengineland.com/eu-sources-say-1-17-billion-antitrust-fine-google-coming-weeks-277215", "row": 0, "column": 42, "tagName": "a", "time": 8987.107698, "url": "", "pos": 42, "chunkLen": 66, "isStartTag": 0}}
06-28 11:05:22.092 12868 12881 E WProf.db: {"WprofHTMLTag": {"code": "0x9ea9ced0", "doc": "http://searchengineland.com/eu-sources-say-1-17-billion-antitrust-fine-google-coming-weeks-277215", "row": 0, "column": 66, "tagName": "input", "time": 8987.107767, "url": "", "pos": 66, "chunkLen": 66, "isStartTag": 1}}
06-28 11:05:22.092 12868 12881 E WProf.db: {"WprofHTMLTag": {"code": "0x9ea9cf60", "doc": "http://searchengineland.com/eu-sources-say-1-17-billion-antitrust-fine-google-coming-weeks-277215", "row": 0, "column": 9, "tagName": "link", "time": 8987.109654, "url": "", "pos": 9, "chunkLen": 66, "isStartTag": 1}}
06-28 11:05:22.092 12868 12881 E WProf.db: {"WprofHTMLTag": {"code": "0x9ea9cf90", "doc": "http://searchengineland.com/eu-sources-say-1-17-billion-antitrust-fine-google-coming-weeks-277215", "row": 0, "column": 16, "tagName": "table", "time": 8987.109766, "url": "", "pos": 16, "chunkLen": 66, "isStartTag": 1}}
06-28 11:05:22.092 12868 12881 E WProf.db: {"WprofHTMLTag": {"code": "0x9ea9cfc0", "doc": "http://searchengineland.com/eu-sources-say-1-17-billion-antitrust-fine-google-coming-weeks-277215", "row": 0, "column": 24, "tagName": "table", "time": 8987.109835, "url": "", "pos": 24, "chunkLen": 66, "isStartTag": 0}}
06-28 11:05:22.092 12868 12881 E WProf.db: {"WprofHTMLTag": {"code": "0x9ea9cff0", "doc": "http://searchengineland.com/eu-sources-say-1-17-billion-antitrust-fine-google-coming-weeks-277215", "row": 0, "column": 37, "tagName": "a", "time": 8987.109898, "url": "", "pos": 37, "chunkLen": 66, "isStartTag": 1}}
