06-28 15:34:25.144  9415  9427 E WProf.db: {"HOL": {"type": 3, "docUrl": "https://searchengineland-com.cdn.ampproject.org/c/searchengineland.com/get-google-review-links-g-update-237190/amp", "code": "0xb4cc7960", "row": 0, "column": 2126, "url": "https://cdn.ampproject.org/rtv/011498506512561/v0/amp-form-0.1.js"}}
06-28 15:34:25.144  9415  9427 E WProf.db: {"HOL": {"type": 3, "docUrl": "https://searchengineland-com.cdn.ampproject.org/c/searchengineland.com/get-google-review-links-g-update-237190/amp", "code": "0xb4cc79f0", "row": 0, "column": 2253, "url": "https://cdn.ampproject.org/rtv/011498506512561/v0/amp-sidebar-0.1.js"}}
06-28 15:34:25.144  9415  9427 E WProf.db: {"HOL": {"type": 3, "docUrl": "https://searchengineland-com.cdn.ampproject.org/c/searchengineland.com/get-google-review-links-g-update-237190/amp", "code": "0xb4cc7a80", "row": 0, "column": 2376, "url": "https://cdn.ampproject.org/rtv/011498506512561/v0/amp-video-0.1.js"}}
06-28 15:34:25.144  9415  9427 E WProf.db: {"HOL": {"type": 3, "docUrl": "https://searchengineland-com.cdn.ampproject.org/c/searchengineland.com/get-google-review-links-g-update-237190/amp", "code": "0xb4cc7b10", "row": 0, "column": 2503, "url": "https://cdn.ampproject.org/rtv/011498506512561/v0/amp-youtube-0.1.js"}}
06-28 15:34:25.144  9415  9427 E WProf.db: {"HOL": {"type": 4, "docUrl": "https://searchengineland-com.cdn.ampproject.org/c/searchengineland.com/get-google-review-links-g-update-237190/amp", "code": "0xb4cc7ba0", "row": 0, "column": 2570, "url": "https://searchengineland-com.cdn.ampproject.org/i/searchengineland.com/favicon.ico"}}
06-28 15:34:25.144  9415  9427 E WProf.db: {"HOL": {"type": 4, "docUrl": "https://searchengineland-com.cdn.ampproject.org/c/searchengineland.com/get-google-review-links-g-update-237190/amp", "code": "0xb4cc7bd0", "row": 0, "column": 2657, "url": "https://fonts.googleapis.com/css?family=Oswald:300,400,700"}}
06-28 15:34:25.145  9344  9392 E chromium: [ERROR:gles2_cmd_decoder.cc(3852)] [.ChromiumCompositor-0xacbb2fc0]GL ERROR :GL_INVALID_ENUM : glDiscardFramebufferEXT: attachments was GL_COLOR_EXT
06-28 15:34:25.145  9415  9427 E WProf.db: {"HOL": {"type": 4, "docUrl": "https://searchengineland-com.cdn.ampproject.org/c/searchengineland.com/get-google-review-links-g-update-237190/amp", "code": "0xb4cc7c00", "row": 0, "column": 2726, "url": "https://fonts.gstatic.com/"}}
06-28 15:34:25.145  9415  9427 E WProf.db: {"HOL": {"type": 4, "docUrl": "https://searchengineland-com.cdn.ampproject.org/c/searchengineland.com/get-google-review-links-g-update-237190/amp", "code": "0xb4cc7c30", "row": 0, "column": 2835, "url": "https://fonts.googleapis.com/css?family=Merriweather:400,400italic,700,700italic"}}
06-28 15:34:25.145  9415  9427 E WProf.db: {"HOL": {"type": 4, "docUrl": "https://searchengineland-com.cdn.ampproject.org/c/searchengineland.com/get-google-review-links-g-update-237190/amp", "code": "0xb4cc7c60", "row": 0, "column": 2853, "url": ""}}
06-28 15:34:25.145  9415  9427 E WProf.db: {"HOL": {"type": 4, "docUrl": "https://searchengineland-com.cdn.ampproject.org/c/searchengineland.com/get-google-review-links-g-update-237190/amp", "code": "0xb4cc8020", "row": 612, "column": 169, "url": "http://searchengineland.com/get-google-review-links-g-update-237190"}}
06-28 15:34:25.146  9415  9427 E WProf.db: {"HOL": {"type": 3, "docUrl": "https://searchengineland-com.cdn.ampproject.org/c/searchengineland.com/get-google-review-links-g-update-237190/amp", "code": "0xb4cc8050", "row": 612, "column": 290, "url": "https://cdn.ampproject.org/rtv/011498506512561/v0/amp-mustache-0.1.js"}}
06-28 15:34:25.146  9415  9427 E WProf.db: {"HOL": {"type": 4, "docUrl": "https://searchengineland-com.cdn.ampproject.org/c/searchengineland.com/get-google-review-links-g-update-237190/amp", "code": "0xb4cc80e0", "row": 612, "column": 322, "url": ""}}
06-28 15:34:25.146  9415  9427 E WProf.db: {"HOL": {"type": 1, "docUrl": "https://searchengineland-com.cdn.ampproject.org/c/searchengineland.com/get-google-review-links-g-update-237190/amp", "code": "0xaa142f60", "row": 825, "column": 34, "url": ""}}
06-28 15:34:25.146  9415  9427 E WProf.db: {"HOL": {"type": 1, "docUrl": "https://searchengineland-com.cdn.ampproject.org/c/searchengineland.com/get-google-review-links-g-update-237190/amp", "code": "0xaf047e80", "row": 852, "column": 37, "url": ""}}
06-28 15:34:25.146  9415  9427 E WProf.db: {"Computation": {"type": "fireEvent", "code": "0xaa142ff0", "docUrl": "https://searchengineland-com.cdn.ampproject.org/c/searchengineland.com/get-google-review-links-g-update-237190/amp", "startTime": 25140.528616, "endTime": 25140.528668, "urlRecalcStyle": "DOMContentLoaded"}}
06-28 15:34:25.146  9415  9427 E WProf.db: {"Computation": {"type": "fireEvent", "code": "0xaa142ff0", "docUrl": "https://searchengineland-com.cdn.ampproject.org/c/searchengineland.com/get-google-review-links-g-update-237190/amp", "startTime": 25140.528719, "endTime": 25140.528781, "urlRecalcStyle": "DOMContentLoaded"}}
06-28 15:34:25.146  9415  9427 E WProf.db: {"Computation": {"type": "fireEvent", "code": "0xaa142ff0", "docUrl": "https://searchengineland-com.cdn.ampproject.org/c/searchengineland.com/get-google-review-links-g-update-237190/amp", "startTime": 25140.529609, "endTime": 25140.529661, "urlRecalcStyle": "load"}}
06-28 15:34:25.146  9415  9427 E WProf.db: {"Computation": {"type": "fireEvent", "code": "0xaa142ff0", "docUrl": "https://searchengineland-com.cdn.ampproject.org/c/searchengineland.com/get-google-review-links-g-update-237190/amp", "startTime": 25140.529724, "endTime": 25140.529773, "urlRecalcStyle": "load"}}
06-28 15:34:25.146  9415  9427 E WProf.db: {"Computation": {"type": "execScript", "code": "0xaa142ff0", "docUrl": "https://searchengineland-com.cdn.ampproject.org/c/searchengineland.com/get-google-review-links-g-update-237190/amp", "startTime": 25140.803069, "endTime": 25140.811425, "urlRecalcStyle": "https://cdn.ampproject.org/rtv/011498506512561/v0/amp-anim-0.1.js"}}
06-28 15:34:25.146  9415  9427 E WProf.db: {"Computation": {"type": "fireEvent", "code": "0xaa142ff0", "docUrl": "https://searchengineland-com.cdn.ampproject.org/c/searchengineland.com/get-google-review-links-g-update-237190/amp", "startTime": 25140.811525, "endTime": 25140.811589, "urlRecalcStyle": "load"}}
06-28 15:34:25.146  9415  9427 E WProf.db: {"Computation": {"type": "execScript", "code": "0xaa142ff0", "docUrl": "https://searchengineland-com.cdn.ampproject.org/c/searchengineland.com/get-google-review-links-g-update-237190/amp", "startTime": 25140.815409, "endTime": 25140.836306, "urlRecalcStyle": "https://cdn.ampproject.org/rtv/011498506512561/v0/amp-form-0.1.js"}}
06-28 15:34:25.146  9415  9427 E WProf.db: {"Computation": {"type": "fireEvent", "code": "0xaa142ff0", "docUrl": "https://searchengineland-com.cdn.ampproject.org/c/searchengineland.com/get-google-review-links-g-update-237190/amp", "startTime": 25140.836400, "endTime": 25140.836481, "urlRecalcStyle": "load"}}
06-28 15:34:25.146  9415  9427 E WProf.db: {"Computation": {"type": "execScript", "code": "0xaa142ff0", "docUrl": "https://searchengineland-com.cdn.ampproject.org/c/searchengineland.com/get-google-review-links-g-update-237190/amp", "startTime": 25140.836583, "endTime": 25140.891457, "urlRecalcStyle": "https://cdn.ampproject.org/rtv/011498506512561/v0/amp-ad-0.1.js"}}
06-28 15:34:25.146  9415  9427 E WProf.db: {"Computation": {"type": "fireEvent", "code": "0xaa142ff0", "docUrl": "https://searchengineland-com.cdn.ampproject.org/c/searchengineland.com/get-google-review-links-g-update-237190/amp", "startTime": 25140.891564, "endTime": 25140.891629, "urlRecalcStyle": "load"}}
06-28 15:34:25.147  9415  9427 E WProf.db: {"Computation": {"type": "execScript", "code": "0xaa142ff0", "docUrl": "https://searchengineland-com.cdn.ampproject.org/c/searchengineland.com/get-google-review-links-g-update-237190/amp", "startTime": 25140.891739, "endTime": 25140.932665, "urlRecalcStyle": "https://cdn.ampproject.org/rtv/011498506512561/v0/amp-analytics-0.1.js"}}
06-28 15:34:25.147  9415  9427 E WProf.db: {"Computation": {"type": "fireEvent", "code": "0xaa142ff0", "docUrl": "https://searchengineland-com.cdn.ampproject.org/c/searchengineland.com/get-google-review-links-g-update-237190/amp", "startTime": 25140.932759, "endTime": 25140.932819, "urlRecalcStyle": "load"}}
06-28 15:34:25.147  9415  9427 E WProf.db: {"Computation": {"type": "recalcStyle", "code": "0xaa142ff0", "docUrl": "https://searchengineland-com.cdn.ampproject.org/c/searchengineland.com/get-google-review-links-g-update-237190/amp", "startTime": 25140.938240, "endTime": 25140.938653, "urlRecalcStyle": "https://fonts.googleapis.com/css?family=Oswald:300,400,700"}}
06-28 15:34:25.147  9415  9427 E WProf.db: {"Computation": {"type": "recalcStyle", "code": "0xaa142ff0", "docUrl": "https://searchengineland-com.cdn.ampproject.org/c/searchengineland.com/get-google-review-links-g-update-237190/amp", "startTime": 25140.939245, "endTime": 25140.978033, "urlRecalcStyle": "https://fonts.googleapis.com/css?family=Merriweather:400,400italic,700,700italic"}}
06-28 15:34:25.147  9415  9427 E WProf.db: {"Computation": {"type": "execScript", "code": "0xaa142ff0", "docUrl": "https://searchengineland-com.cdn.ampproject.org/c/searchengineland.com/get-google-review-links-g-update-237190/amp", "startTime": 25140.978257, "endTime": 25140.980970, "urlRecalcStyle": "https://cdn.ampproject.org/rtv/011498506512561/v0/amp-sidebar-0.1.js"}}
06-28 15:34:25.147  9415  9427 E WProf.db: {"Computation": {"type": "fireEvent", "code": "0xaa142ff0", "docUrl": "https://searchengineland-com.cdn.ampproject.org/c/searchengineland.com/get-google-review-links-g-update-237190/amp", "startTime": 25140.981042, "endTime": 25140.981088, "urlRecalcStyle": "load"}}
06-28 15:34:25.147  9415  9427 E WProf.db: {"Computation": {"type": "execScript", "code": "0xaa142ff0", "docUrl": "https://searchengineland-com.cdn.ampproject.org/c/searchengineland.com/get-google-review-links-g-update-237190/amp", "startTime": 25140.981163, "endTime": 25140.985370, "urlRecalcStyle": "https://cdn.ampproject.org/rtv/011498506512561/v0/amp-video-0.1.js"}}
06-28 15:34:25.147  9415  9427 E WProf.db: {"Computation": {"type": "fireEvent", "code": "0xaa142ff0", "docUrl": "https://searchengineland-com.cdn.ampproject.org/c/searchengineland.com/get-google-review-links-g-update-237190/amp", "startTime": 25140.985445, "endTime": 25140.985499, "urlRecalcStyle": "load"}}
06-28 15:34:25.147  9415  9427 E WProf.db: {"Computation": {"type": "execScript", "code": "0xaa142ff0", "docUrl": "https://searchengineland-com.cdn.ampproject.org/c/searchengineland.com/get-google-review-links-g-update-237190/amp", "startTime": 25140.985570, "endTime": 25141.000904, "urlRecalcStyle": "https://cdn.ampproject.org/rtv/011498506512561/v0/amp-mustache-0.1.js"}}
06-28 15:34:25.147  9415  9427 E WProf.db: {"Computation": {"type": "fireEvent", "code": "0xaa142ff0", "docUrl": "https://searchengineland-com.cdn.ampproject.org/c/searchengineland.com/get-google-review-links-g-update-237190/amp", "startTime": 25141.000989, "endTime": 25141.001041, "urlRecalcStyle": "load"}}
06-28 15:34:25.147  9415  9427 E WProf.db: {"Computation": {"type": "execScript", "code": "0xaa142ff0", "docUrl": "https://searchengineland-com.cdn.ampproject.org/c/searchengineland.com/get-google-review-links-g-update-237190/amp", "startTime": 25141.001122, "endTime": 25141.006011, "urlRecalcStyle": "https://cdn.ampproject.org/rtv/011498506512561/v0/amp-youtube-0.1.js"}}
06-28 15:34:25.147  9415  9427 E WProf.db: {"Computation": {"type": "fireEvent", "code": "0xaa142ff0", "docUrl": "https://searchengineland-com.cdn.ampproject.org/c/searchengineland.com/get-google-review-links-g-update-237190/amp", "startTime": 25141.006188, "endTime": 25141.006235, "urlRecalcStyle": "load"}}
06-28 15:34:25.147  9415  9427 E WProf.db: {"Computation": {"type": "fireEvent", "code": "0xaa142ff0", "docUrl": "https://searchengineland-com.cdn.ampproject.org/c/searchengineland.com/get-google-review-links-g-update-237190/amp", "startTime": 25141.006324, "endTime": 25141.006377, "urlRecalcStyle": "load"}}
06-28 15:34:25.147  9415  9427 E WProf.db: {"Computation": {"type": "fireEvent", "code": "0xaa142ff0", "docUrl": "https://searchengineland-com.cdn.ampproject.org/c/searchengineland.com/get-google-review-links-g-update-237190/amp", "startTime": 25141.006437, "endTime": 25141.006488, "urlRecalcStyle": "load"}}
06-28 15:34:25.148  9415  9427 E WProf.db: {"Computation": {"type": "layout", "code": "0xaa142ff0", "docUrl": "https://searchengineland-com.cdn.ampproject.org/c/searchengineland.com/get-google-review-links-g-update-237190/amp", "startTime": 25141.006537, "endTime": 25141.022424, "urlRecalcStyle": ""}}
06-28 15:34:25.148  9415  9427 E WProf.db: {"Computation": {"type": "execScript", "code": "0xaa142ff0", "docUrl": "https://searchengineland-com.cdn.ampproject.org/c/searchengineland.com/get-google-review-links-g-update-237190/amp", "startTime": 25141.080244, "endTime": 25141.286838, "urlRecalcStyle": "https://cdn.ampproject.org/rtv/011498506512561/v0.js"}}
06-28 15:34:25.148  9415  9427 E WProf.db: {"Computation": {"type": "fireEvent", "code": "0xaa142ff0", "docUrl": "https://searchengineland-com.cdn.ampproject.org/c/searchengineland.com/get-google-review-links-g-update-237190/amp", "startTime": 25141.286979, "endTime": 25141.287037, "urlRecalcStyle": "load"}}
06-28 15:34:25.148  9415  9427 E WProf.db: {"Computation": {"type": "layout", "code": "0xaa142ff0", "docUrl": "https://searchengineland-com.cdn.ampproject.org/c/searchengineland.com/get-google-review-links-g-update-237190/amp", "startTime": 25141.544551, "endTime": 25141.558205, "urlRecalcStyle": ""}}
06-28 15:34:25.149  9415  9427 E WProf.db: {"Computation": {"type": "layout", "code": "0xaa142ff0", "docUrl": "https://searchengineland-com.cdn.ampproject.org/c/searchengineland.com/get-google-review-links-g-update-237190/amp", "startTime": 25141.586706, "endTime": 25141.587912, "urlRecalcStyle": ""}}
06-28 15:34:25.149  9415  9427 E WProf.db: {"Computation": {"type": "layout", "code": "0xaa142ff0", "docUrl": "https://searchengineland-com.cdn.ampproject.org/c/searchengineland.com/get-google-review-links-g-update-237190/amp", "startTime": 25141.593550, "endTime": 25141.594814, "urlRecalcStyle": ""}}
06-28 15:34:25.150  9415  9427 E WProf.db: {"Computation": {"type": "layout", "code": "0xaa142ff0", "docUrl": "https://searchengineland-com.cdn.ampproject.org/c/searchengineland.com/get-google-review-links-g-update-237190/amp", "startTime": 25141.597643, "endTime": 25141.599009, "urlRecalcStyle": ""}}
06-28 15:34:25.150  9415  9427 E WProf.db: {"Computation": {"type": "layout", "code": "0xaa142ff0", "docUrl": "https://searchengineland-com.cdn.ampproject.org/c/searchengineland.com/get-google-review-links-g-update-237190/amp", "startTime": 25141.601745, "endTime": 25141.603104, "urlRecalcStyle": ""}}
06-28 15:34:25.150  9415  9427 E WProf.db: {"Computation": {"type": "layout", "code": "0xaa142ff0", "docUrl": "https://searchengineland-com.cdn.ampproject.org/c/searchengineland.com/get-google-review-links-g-update-237190/amp", "startTime": 25141.606160, "endTime": 25141.607343, "urlRecalcStyle": ""}}
06-28 15:34:25.150  9415  9427 E WProf.db: {"Computation": {"type": "layout", "code": "0xaa142ff0", "docUrl": "https://searchengineland-com.cdn.ampproject.org/c/searchengineland.com/get-google-review-links-g-update-237190/amp", "startTime": 25141.629793, "endTime": 25141.634468, "urlRecalcStyle": ""}}
06-28 15:34:25.150  9415  9427 E WProf.db: {"Computation": {"type": "layout", "code": "0xaa142ff0", "docUrl": "https://searchengineland-com.cdn.ampproject.org/c/searchengineland.com/get-google-review-links-g-update-237190/amp", "startTime": 25141.644045, "endTime": 25141.645995, "urlRecalcStyle": ""}}
06-28 15:34:25.150  9415  9427 E WProf.db: {"Computation": {"type": "fireEvent", "code": "0xaa142ff0", "docUrl": "https://searchengineland-com.cdn.ampproject.org/c/searchengineland.com/get-google-review-links-g-update-237190/amp", "startTime": 25141.665050, "endTime": 25141.665194, "urlRecalcStyle": "load"}}
06-28 15:34:25.150  9415  9427 E WProf.db: {"Computation": {"type": "fireEvent", "code": "0xaa142ff0", "docUrl": "https://searchengineland-com.cdn.ampproject.org/c/searchengineland.com/get-google-review-links-g-update-237190/amp", "startTime": 25141.831588, "endTime": 25141.832072, "urlRecalcStyle": "DOMContentLoaded"}}
06-28 15:34:25.150  9415  9427 E WProf.db: {"Computation": {"type": "fireEvent", "code": "0xaa142ff0", "docUrl": "https://searchengineland-com.cdn.ampproject.org/c/searchengineland.com/get-google-review-links-g-update-237190/amp", "startTime": 25141.832139, "endTime": 25141.832192, "urlRecalcStyle": "DOMContentLoaded"}}
06-28 15:34:25.150  9415  9427 E WProf.db: {"Computation": {"type": "fireEvent", "code": "0xaa142ff0", "docUrl": "https://searchengineland-com.cdn.ampproject.org/c/searchengineland.com/get-google-review-links-g-update-237190/amp", "startTime": 25141.860963, "endTime": 25141.861095, "urlRecalcStyle": "DOMContentLoaded"}}
06-28 15:34:25.150  9415  9427 E WProf.db: {"Computation": {"type": "fireEvent", "code": "0xaa142ff0", "docUrl": "https://searchengineland-com.cdn.ampproject.org/c/searchengineland.com/get-google-review-links-g-update-237190/amp", "startTime": 25141.861154, "endTime": 25141.861326, "urlRecalcStyle": "DOMContentLoaded"}}
06-28 15:34:25.150  9415  9427 E WProf.db: {"Computation": {"type": "fireEvent", "code": "0xaa142ff0", "docUrl": "https://searchengineland-com.cdn.ampproject.org/c/searchengineland.com/get-google-review-links-g-update-237190/amp", "startTime": 25141.861692, "endTime": 25141.861744, "urlRecalcStyle": "load"}}
06-28 15:34:25.150  9415  9427 E WProf.db: {"Computation": {"type": "layout", "code": "0xaa142ff0", "docUrl": "https://searchengineland-com.cdn.ampproject.org/c/searchengineland.com/get-google-review-links-g-update-237190/amp", "startTime": 25141.862068, "endTime": 25141.862673, "urlRecalcStyle": ""}}
06-28 15:34:25.150  9415  9427 E WProf.db: {"Computation": {"type": "layout", "code": "0xaa142ff0", "docUrl": "https://searchengineland-com.cdn.ampproject.org/c/searchengineland.com/get-google-review-links-g-update-237190/amp", "startTime": 25141.868894, "endTime": 25141.883535, "urlRecalcStyle": ""}}
06-28 15:34:25.151  9415  9427 E WProf.db: {"Computation": {"type": "layout", "code": "0xaa142ff0", "docUrl": "https://searchengineland-com.cdn.ampproject.org/c/searchengineland.com/get-google-review-links-g-update-237190/amp", "startTime": 25141.890770, "endTime": 25141.890898, "urlRecalcStyle": ""}}
06-28 15:34:25.151  9415  9427 E WProf.db: {"Computation": {"type": "layout", "code": "0xaa142ff0", "docUrl": "https://searchengineland-com.cdn.ampproject.org/c/searchengineland.com/get-google-review-links-g-update-237190/amp", "startTime": 25141.890909, "endTime": 25141.890962, "urlRecalcStyle": ""}}
06-28 15:34:25.151  9415  9427 E WProf.db: {"Computation": {"type": "fireEvent", "code": "0xaa142ff0", "docUrl": "https://searchengineland-com.cdn.ampproject.org/c/searchengineland.com/get-google-review-links-g-update-237190/amp", "startTime": 25141.918602, "endTime": 25141.918679, "urlRecalcStyle": "load"}}
06-28 15:34:25.151  9415  9427 E WProf.db: {"Computation": {"type": "fireEvent", "code": "0xaa142ff0", "docUrl": "https://searchengineland-com.cdn.ampproject.org/c/searchengineland.com/get-google-review-links-g-update-237190/amp", "startTime": 25141.918748, "endTime": 25141.918813, "urlRecalcStyle": "load"}}
06-28 15:34:25.151  9415  9427 E WProf.db: {"Computation": {"type": "fireEvent", "code": "0xaa142ff0", "docUrl": "https://searchengineland-com.cdn.ampproject.org/c/searchengineland.com/get-google-review-links-g-update-237190/amp", "startTime": 25141.918896, "endTime": 25141.918959, "urlRecalcStyle": "load"}}
06-28 15:34:25.151  9415  9427 E WProf.db: {"Computation": {"type": "fireEvent", "code": "0xaa142ff0", "docUrl": "https://searchengineland-com.cdn.ampproject.org/c/searchengineland.com/get-google-review-links-g-update-237190/amp", "startTime": 25141.919028, "endTime": 25141.919097, "urlRecalcStyle": "load"}}
06-28 15:34:25.151  9415  9427 E WProf.db: {"Computation": {"type": "fireEvent", "code": "0xaa142ff0", "docUrl": "https://searchengineland-com.cdn.ampproject.org/c/searchengineland.com/get-google-review-links-g-update-237190/amp", "startTime": 25141.919182, "endTime": 25141.919245, "urlRecalcStyle": "load"}}
06-28 15:34:25.151  9415  9427 E WProf.db: {"Computation": {"type": "fireEvent", "code": "0xaa142ff0", "docUrl": "https://searchengineland-com.cdn.ampproject.org/c/searchengineland.com/get-google-review-links-g-update-237190/amp", "startTime": 25141.919313, "endTime": 25141.919403, "urlRecalcStyle": "load"}}
06-28 15:34:25.151  9415  9427 E WProf.db: {"Computation": {"type": "fireEvent", "code": "0xaa142ff0", "docUrl": "https://searchengineland-com.cdn.ampproject.org/c/searchengineland.com/get-google-review-links-g-update-237190/amp", "startTime": 25141.936376, "endTime": 25141.936435, "urlRecalcStyle": "load"}}
06-28 15:34:25.151  9415  9427 E WProf.db: {"Computation": {"type": "fireEvent", "code": "0xaa142ff0", "docUrl": "https://searchengineland-com.cdn.ampproject.org/c/searchengineland.com/get-google-review-links-g-update-237190/amp", "startTime": 25141.936500, "endTime": 25141.936556, "urlRecalcStyle": "load"}}
06-28 15:34:25.152  9415  9427 E WProf.db: {"Computation": {"type": "fireEvent", "code": "0xaa142ff0", "docUrl": "https://searchengineland-com.cdn.ampproject.org/c/searchengineland.com/get-google-review-links-g-update-237190/amp", "startTime": 25141.936619, "endTime": 25141.937276, "urlRecalcStyle": "load"}}
06-28 15:34:25.152  9415  9427 E WProf.db: {"Computation": {"type": "fireEvent", "code": "0xaa142ff0", "docUrl": "https://searchengineland-com.cdn.ampproject.org/c/searchengineland.com/get-google-review-links-g-update-237190/amp", "startTime": 25141.937382, "endTime": 25141.937456, "urlRecalcStyle": "load"}}
06-28 15:34:25.152  9415  9427 E WProf.db: {"Computation": {"type": "fireEvent", "code": "0xaa142ff0", "docUrl": "https://searchengineland-com.cdn.ampproject.org/c/searchengineland.com/get-google-review-links-g-update-237190/amp", "startTime": 25141.937522, "endTime": 25141.937581, "urlRecalcStyle": "load"}}
06-28 15:34:25.152  9415  9427 E WProf.db: {"Computation": {"type": "fireEvent", "code": "0xaa142ff0", "docUrl": "https://searchengineland-com.cdn.ampproject.org/c/searchengineland.com/get-google-review-links-g-update-237190/amp", "startTime": 25141.937635, "endTime": 25141.937828, "urlRecalcStyle": "load"}}
06-28 15:34:25.152  9415  9427 E WProf.db: {"Computation": {"type": "layout", "code": "0xaa142ff0", "docUrl": "https://searchengineland-com.cdn.ampproject.org/c/searchengineland.com/get-google-review-links-g-update-237190/amp", "startTime": 25141.957817, "endTime": 25141.963264, "urlRecalcStyle": ""}}
06-28 15:34:25.152  9415  9427 E WProf.db: {"Computation": {"type": "fireEvent", "code": "0xaa142ff0", "docUrl": "https://searchengineland-com.cdn.ampproject.org/c/searchengineland.com/get-google-review-links-g-update-237190/amp", "startTime": 25141.963476, "endTime": 25141.963570, "urlRecalcStyle": "load"}}
06-28 15:34:25.152  9415  9427 E WProf.db: {"Computation": {"type": "fireEvent", "code": "0xaa142ff0", "docUrl": "https://searchengineland-com.cdn.ampproject.org/c/searchengineland.com/get-google-review-links-g-update-237190/amp", "startTime": 25141.963655, "endTime": 25141.963729, "urlRecalcStyle": "load"}}
06-28 15:34:25.152  9415  9427 E WProf.db: {"Computation": {"type": "fireEvent", "code": "0xaa142ff0", "docUrl": "https://searchengineland-com.cdn.ampproject.org/c/searchengineland.com/get-google-review-links-g-update-237190/amp", "startTime": 25141.963817, "endTime": 25141.964145, "urlRecalcStyle": "load"}}
06-28 15:34:25.152  9415  9427 E WProf.db: {"Computation": {"type": "fireEvent", "code": "0xaa142ff0", "docUrl": "https://searchengineland-com.cdn.ampproject.org/c/searchengineland.com/get-google-review-links-g-update-237190/amp", "startTime": 25141.964306, "endTime": 25141.964408, "urlRecalcStyle": "load"}}
06-28 15:34:25.152  9415  9427 E WProf.db: {"Computation": {"type": "fireEvent", "code": "0xaa142ff0", "docUrl": "https://searchengineland-com.cdn.ampproject.org/c/searchengineland.com/get-google-review-links-g-update-237190/amp", "startTime": 25141.964516, "endTime": 25141.964616, "urlRecalcStyle": "load"}}
06-28 15:34:25.153  9415  9427 E WProf.db: {"Computation": {"type": "fireEvent", "code": "0xaa142ff0", "docUrl": "https://searchengineland-com.cdn.ampproject.org/c/searchengineland.com/get-google-review-links-g-update-237190/amp", "startTime": 25141.964713, "endTime": 25141.964886, "urlRecalcStyle": "load"}}
06-28 15:34:25.153  9415  9427 E WProf.db: {"Computation": {"type": "fireEvent", "code": "0xaa142ff0", "docUrl": "https://searchengineland-com.cdn.ampproject.org/c/searchengineland.com/get-google-review-links-g-update-237190/amp", "startTime": 25141.965032, "endTime": 25141.965129, "urlRecalcStyle": "load"}}
06-28 15:34:25.153  9415  9427 E WProf.db: {"Computation": {"type": "fireEvent", "code": "0xaa142ff0", "docUrl": "https://searchengineland-com.cdn.ampproject.org/c/searchengineland.com/get-google-review-links-g-update-237190/amp", "startTime": 25141.965219, "endTime": 25141.965293, "urlRecalcStyle": "load"}}
06-28 15:34:25.153  9415  9427 E WProf.db: {"Computation": {"type": "fireEvent", "code": "0xaa142ff0", "docUrl": "https://searchengineland-com.cdn.ampproject.org/c/searchengineland.com/get-google-review-links-g-update-237190/amp", "startTime": 25141.965376, "endTime": 25141.965568, "urlRecalcStyle": "load"}}
06-28 15:34:25.153  9415  9427 E WProf.db: {"Computation": {"type": "layout", "code": "0xaa142ff0", "docUrl": "https://searchengineland-com.cdn.ampproject.org/c/searchengineland.com/get-google-review-links-g-update-237190/amp", "startTime": 25141.972878, "endTime": 25141.973926, "urlRecalcStyle": ""}}
06-28 15:34:25.153  9415  9427 E WProf.db: {"Computation": {"type": "layout", "code": "0xaa142ff0", "docUrl": "https://searchengineland-com.cdn.ampproject.org/c/searchengineland.com/get-google-review-links-g-update-237190/amp", "startTime": 25142.014030, "endTime": 25142.015595, "urlRecalcStyle": ""}}
06-28 15:34:25.153  9415  9427 E WProf.db: {"Computation": {"type": "layout", "code": "0xaa142ff0", "docUrl": "https://searchengineland-com.cdn.ampproject.org/c/searchengineland.com/get-google-review-links-g-update-237190/amp", "startTime": 25142.060146, "endTime": 25142.061658, "urlRecalcStyle": ""}}
06-28 15:34:25.153  9415  9427 E WProf.db: {"Complete": "searchengineland-com.cdn.ampproject.org_c_searchengineland.com_get-google-review-links-g-update-237190_amp"}
06-28 15:34:25.160  9344  9392 E chromium: [ERROR:gles2_cmd_decoder.cc(3852)] [.ChromiumCompositor-0xacbb2fc0]GL ERROR :GL_INVALID_ENUM : glDiscardFramebufferEXT: attachments was GL_COLOR_EXT
06-28 15:34:25.176  9344  9392 E chromium: [ERROR:gles2_cmd_decoder.cc(3852)] [.ChromiumCompositor-0xacbb2fc0]GL ERROR :GL_INVALID_ENUM : glDiscardFramebufferEXT: attachments was GL_COLOR_EXT
06-28 15:34:25.208  9344  9392 E chromium: [ERROR:gles2_cmd_decoder.cc(3852)] [.ChromiumCompositor-0xacbb2fc0]GL ERROR :GL_INVALID_ENUM : glDiscardFramebufferEXT: attachments was GL_COLOR_EXT
06-28 15:34:25.223  9344  9392 E chromium: [ERROR:gles2_cmd_decoder.cc(3852)] [.ChromiumCompositor-0xacbb2fc0]GL ERROR :GL_INVALID_ENUM : glDiscardFramebufferEXT: attachments was GL_COLOR_EXT
06-28 15:34:25.230  9344  9392 E chromium: [ERROR:gles2_cmd_decoder.cc(3852)] [.ChromiumCompositor-0xacbb2fc0]GL ERROR :GL_INVALID_ENUM : glDiscardFramebufferEXT: attachments was GL_COLOR_EXT
06-28 15:34:25.255  9344  9392 E chromium: [ERROR:gles2_cmd_decoder.cc(3852)] [.ChromiumCompositor-0xacbb2fc0]GL ERROR :GL_INVALID_ENUM : glDiscardFramebufferEXT: attachments was GL_COLOR_EXT
06-28 15:34:25.267  9344  9392 E chromium: [ERROR:gles2_cmd_decoder.cc(3852)] [.ChromiumCompositor-0xacbb2fc0]GL ERROR :GL_INVALID_ENUM : glDiscardFramebufferEXT: attachments was GL_COLOR_EXT
06-28 15:34:25.278  9344  9392 E chromium: [ERROR:gles2_cmd_decoder.cc(3852)] [.ChromiumCompositor-0xacbb2fc0]GL ERROR :GL_INVALID_ENUM : glDiscardFramebufferEXT: attachments was GL_COLOR_EXT
06-28 15:34:25.294  9344  9392 E chromium: [ERROR:gles2_cmd_decoder.cc(3852)] [.ChromiumCompositor-0xacbb2fc0]GL ERROR :GL_INVALID_ENUM : glDiscardFramebufferEXT: attachments was GL_COLOR_EXT
06-28 15:34:25.310  9344  9392 E chromium: [ERROR:gles2_cmd_decoder.cc(3852)] [.ChromiumCompositor-0xacbb2fc0]GL ERROR :GL_INVALID_ENUM : glDiscardFramebufferEXT: attachments was GL_COLOR_EXT
06-28 15:34:25.327  9344  9392 E chromium: [ERROR:gles2_cmd_decoder.cc(3852)] [.ChromiumCompositor-0xacbb2fc0]GL ERROR :GL_INVALID_ENUM : glDiscardFramebufferEXT: attachments was GL_COLOR_EXT
06-28 15:34:25.332  9415  9427 E WPROF   : {"Javascript": {"url": "https://cdn.ampproject.org/rtv/011498506512561/v0/amp-crypto-polyfill-0.1.js", "requestTime": 25142.387490}}
06-28 15:34:25.344  9344  9392 E chromium: [ERROR:gles2_cmd_decoder.cc(3852)] [.ChromiumCompositor-0xacbb2fc0]GL ERROR :GL_INVALID_ENUM : glDiscardFramebufferEXT: attachments was GL_COLOR_EXT
06-28 15:34:25.362  9344  9392 E chromium: [ERROR:gles2_cmd_decoder.cc(3852)] [.ChromiumCompositor-0xacbb2fc0]GL ERROR :GL_INVALID_ENUM : glDiscardFramebufferEXT: attachments was GL_COLOR_EXT
06-28 15:34:25.378  9344  9392 E chromium: [ERROR:gles2_cmd_decoder.cc(3852)] [.ChromiumCompositor-0xacbb2fc0]GL ERROR :GL_INVALID_ENUM : glDiscardFramebufferEXT: attachments was GL_COLOR_EXT
06-28 15:34:25.394  9344  9392 E chromium: [ERROR:gles2_cmd_decoder.cc(3852)] [.ChromiumCompositor-0xacbb2fc0]GL ERROR :GL_INVALID_ENUM : glDiscardFramebufferEXT: attachments was GL_COLOR_EXT
06-28 15:34:25.411  9344  9392 E chromium: [ERROR:gles2_cmd_decoder.cc(3852)] [.ChromiumCompositor-0xacbb2fc0]GL ERROR :GL_INVALID_ENUM : glDiscardFramebufferEXT: attachments was GL_COLOR_EXT
06-28 15:34:25.427  9344  9392 E chromium: [ERROR:gles2_cmd_decoder.cc(3852)] [.ChromiumCompositor-0xacbb2fc0]GL ERROR :GL_INVALID_ENUM : glDiscardFramebufferEXT: attachments was GL_COLOR_EXT
06-28 15:34:25.445  9344  9392 E chromium: [ERROR:gles2_cmd_decoder.cc(3852)] [.ChromiumCompositor-0xacbb2fc0]GL ERROR :GL_INVALID_ENUM : glDiscardFramebufferEXT: attachments was GL_COLOR_EXT
06-28 15:34:25.462  9344  9392 E chromium: [ERROR:gles2_cmd_decoder.cc(3852)] [.ChromiumCompositor-0xacbb2fc0]GL ERROR :GL_INVALID_ENUM : glDiscardFramebufferEXT: attachments was GL_COLOR_EXT
06-28 15:34:25.478  9344  9392 E chromium: [ERROR:gles2_cmd_decoder.cc(3852)] [.ChromiumCompositor-0xacbb2fc0]GL ERROR :GL_INVALID_ENUM : glDiscardFramebufferEXT: attachments was GL_COLOR_EXT
06-28 15:34:25.495  9344  9392 E chromium: [ERROR:gles2_cmd_decoder.cc(3852)] [.ChromiumCompositor-0xacbb2fc0]GL ERROR :GL_INVALID_ENUM : glDiscardFramebufferEXT: attachments was GL_COLOR_EXT
06-28 15:34:25.512  9344  9392 E chromium: [ERROR:gles2_cmd_decoder.cc(3852)] [.ChromiumCompositor-0xacbb2fc0]GL ERROR :GL_INVALID_ENUM : glDiscardFramebufferEXT: attachments was GL_COLOR_EXT
06-28 15:34:25.528  9344  9392 E chromium: [ERROR:gles2_cmd_decoder.cc(3852)] [.ChromiumCompositor-0xacbb2fc0]GL ERROR :GL_INVALID_ENUM : glDiscardFramebufferEXT: attachments was GL_COLOR_EXT
06-28 15:34:25.545  9344  9392 E chromium: [ERROR:gles2_cmd_decoder.cc(3852)] [.ChromiumCompositor-0xacbb2fc0]GL ERROR :GL_INVALID_ENUM : glDiscardFramebufferEXT: attachments was GL_COLOR_EXT
06-28 15:34:25.562  9344  9392 E chromium: [ERROR:gles2_cmd_decoder.cc(3852)] [.ChromiumCompositor-0xacbb2fc0]GL ERROR :GL_INVALID_ENUM : glDiscardFramebufferEXT: attachments was GL_COLOR_EXT
06-28 15:34:25.579  9344  9392 E chromium: [ERROR:gles2_cmd_decoder.cc(3852)] [.ChromiumCompositor-0xacbb2fc0]GL ERROR :GL_INVALID_ENUM : glDiscardFramebufferEXT: attachments was GL_COLOR_EXT
06-28 15:34:25.596  9344  9392 E chromium: [ERROR:gles2_cmd_decoder.cc(3852)] [.ChromiumCompositor-0xacbb2fc0]GL ERROR :GL_INVALID_ENUM : glDiscardFramebufferEXT: attachments was GL_COLOR_EXT
06-28 15:34:25.615  9344  9392 E chromium: [ERROR:gles2_cmd_decoder.cc(3852)] [.ChromiumCompositor-0xacbb2fc0]GL ERROR :GL_INVALID_ENUM : glDiscardFramebufferEXT: attachments was GL_COLOR_EXT
06-28 15:34:25.634  9344  9392 E chromium: [ERROR:gles2_cmd_decoder.cc(3852)] [.ChromiumCompositor-0xacbb2fc0]GL ERROR :GL_INVALID_ENUM : glDiscardFramebufferEXT: attachments was GL_COLOR_EXT
06-28 15:34:25.667  9344  9392 E chromium: [ERROR:gles2_cmd_decoder.cc(3852)] [.ChromiumCompositor-0xacbb2fc0]GL ERROR :GL_INVALID_ENUM : glDiscardFramebufferEXT: attachments was GL_COLOR_EXT
06-28 15:34:25.677  9344  9392 E chromium: [ERROR:gles2_cmd_decoder.cc(3852)] [.ChromiumCompositor-0xacbb2fc0]GL ERROR :GL_INVALID_ENUM : glDiscardFramebufferEXT: attachments was GL_COLOR_EXT
06-28 15:34:25.686  9344  9392 E chromium: [ERROR:gles2_cmd_decoder.cc(3852)] [.ChromiumCompositor-0xacbb2fc0]GL ERROR :GL_INVALID_ENUM : glDiscardFramebufferEXT: attachments was GL_COLOR_EXT
06-28 15:34:25.705  9344  9392 E chromium: [ERROR:gles2_cmd_decoder.cc(3852)] [.ChromiumCompositor-0xacbb2fc0]GL ERROR :GL_INVALID_ENUM : glDiscardFramebufferEXT: attachments was GL_COLOR_EXT
06-28 15:34:25.717  9344  9392 E chromium: [ERROR:gles2_cmd_decoder.cc(3852)] [.ChromiumCompositor-0xacbb2fc0]GL ERROR :GL_INVALID_ENUM : glDiscardFramebufferEXT: attachments was GL_COLOR_EXT
06-28 15:34:25.730  9344  9392 E chromium: [ERROR:gles2_cmd_decoder.cc(3852)] [.ChromiumCompositor-0xacbb2fc0]GL ERROR :GL_INVALID_ENUM : glDiscardFramebufferEXT: attachments was GL_COLOR_EXT
06-28 15:34:25.746  9344  9392 E chromium: [ERROR:gles2_cmd_decoder.cc(3852)] [.ChromiumCompositor-0xacbb2fc0]GL ERROR :GL_INVALID_ENUM : glDiscardFramebufferEXT: attachments was GL_COLOR_EXT
06-28 15:34:25.763  9344  9392 E chromium: [ERROR:gles2_cmd_decoder.cc(3852)] [.ChromiumCompositor-0xacbb2fc0]GL ERROR :GL_INVALID_ENUM : glDiscardFramebufferEXT: attachments was GL_COLOR_EXT
06-28 15:34:25.779  9344  9392 E chromium: [ERROR:gles2_cmd_decoder.cc(3852)] [.ChromiumCompositor-0xacbb2fc0]GL ERROR :GL_INVALID_ENUM : glDiscardFramebufferEXT: attachments was GL_COLOR_EXT
06-28 15:34:25.797  9344  9392 E chromium: [ERROR:gles2_cmd_decoder.cc(3852)] [.ChromiumCompositor-0xacbb2fc0]GL ERROR :GL_INVALID_ENUM : glDiscardFramebufferEXT: attachments was GL_COLOR_EXT
06-28 15:34:25.815  9344  9392 E chromium: [ERROR:gles2_cmd_decoder.cc(3852)] [.ChromiumCompositor-0xacbb2fc0]GL ERROR :GL_INVALID_ENUM : glDiscardFramebufferEXT: attachments was GL_COLOR_EXT
06-28 15:34:25.830  9344  9392 E chromium: [ERROR:gles2_cmd_decoder.cc(3852)] [.ChromiumCompositor-0xacbb2fc0]GL ERROR :GL_INVALID_ENUM : glDiscardFramebufferEXT: attachments was GL_COLOR_EXT
06-28 15:34:25.856  9344  9392 E chromium: [ERROR:gles2_cmd_decoder.cc(3852)] [.ChromiumCompositor-0xacbb2fc0]GL ERROR :GL_INVALID_ENUM : glDiscardFramebufferEXT: attachments was GL_COLOR_EXT
06-28 15:34:25.865  9344  9392 E chromium: [ERROR:gles2_cmd_decoder.cc(3852)] [.ChromiumCompositor-0xacbb2fc0]GL ERROR :GL_INVALID_ENUM : glDiscardFramebufferEXT: attachments was GL_COLOR_EXT
06-28 15:34:25.881  9344  9392 E chromium: [ERROR:gles2_cmd_decoder.cc(3852)] [.ChromiumCompositor-0xacbb2fc0]GL ERROR :GL_INVALID_ENUM : glDiscardFramebufferEXT: attachments was GL_COLOR_EXT
06-28 15:34:25.902  9344  9392 E chromium: [ERROR:gles2_cmd_decoder.cc(3852)] [.ChromiumCompositor-0xacbb2fc0]GL ERROR :GL_INVALID_ENUM : glDiscardFramebufferEXT: attachments was GL_COLOR_EXT
06-28 15:34:25.918  9344  9392 E chromium: [ERROR:gles2_cmd_decoder.cc(3852)] [.ChromiumCompositor-0xacbb2fc0]GL ERROR :GL_INVALID_ENUM : glDiscardFramebufferEXT: attachments was GL_COLOR_EXT
06-28 15:34:25.939  9344  9392 E chromium: [ERROR:gles2_cmd_decoder.cc(3852)] [.ChromiumCompositor-0xacbb2fc0]GL ERROR :GL_INVALID_ENUM : glDiscardFramebufferEXT: attachments was GL_COLOR_EXT
06-28 15:34:25.949  9344  9392 E chromium: [ERROR:gles2_cmd_decoder.cc(3852)] [.ChromiumCompositor-0xacbb2fc0]GL ERROR :GL_INVALID_ENUM : glDiscardFramebufferEXT: attachments was GL_COLOR_EXT
06-28 15:34:25.967  9344  9392 E chromium: [ERROR:gles2_cmd_decoder.cc(3852)] [.ChromiumCompositor-0xacbb2fc0]GL ERROR :GL_INVALID_ENUM : glDiscardFramebufferEXT: attachments was GL_COLOR_EXT
06-28 15:34:25.981  9344  9392 E chromium: [ERROR:gles2_cmd_decoder.cc(3852)] [.ChromiumCompositor-0xacbb2fc0]GL ERROR :GL_INVALID_ENUM : glDiscardFramebufferEXT: attachments was GL_COLOR_EXT
06-28 15:34:25.987   862  1657 E LocSvc_IzatApiV02: E/virtual int izat_core::IzatApiV02::getBatchSize(int32_t):522]: Error : st = 4, ind.status = -1628389555
06-28 15:34:25.987   862  1657 E LocSvc_IzatApiV02: E/virtual int izat_core::IzatApiV02::getBatchSize(int32_t):535]: get batching size failed.Or modem does not support batching 
06-28 15:34:25.998  9344  9392 E chromium: [ERROR:gles2_cmd_decoder.cc(3852)] [.ChromiumCompositor-0xacbb2fc0]GL ERROR :GL_INVALID_ENUM : glDiscardFramebufferEXT: attachments was GL_COLOR_EXT
06-28 15:34:26.000   862  1657 E LocSvc_IzatApiV02: E/virtual int izat_core::IzatApiV02::getBatchSize(int32_t):522]: Error : st = 4, ind.status = -1628389555
06-28 15:34:26.000   862  1657 E LocSvc_IzatApiV02: E/virtual int izat_core::IzatApiV02::getBatchSize(int32_t):535]: get batching size failed.Or modem does not support batching 
06-28 15:34:26.015  9344  9392 E chromium: [ERROR:gles2_cmd_decoder.cc(3852)] [.ChromiumCompositor-0xacbb2fc0]GL ERROR :GL_INVALID_ENUM : glDiscardFramebufferEXT: attachments was GL_COLOR_EXT
06-28 15:34:26.030   862  1657 E LocSvc_IzatApiV02: E/virtual int izat_core::IzatApiV02::getBatchSize(int32_t):522]: Error : st = 4, ind.status = -1628389555
06-28 15:34:26.030   862  1657 E LocSvc_IzatApiV02: E/virtual int izat_core::IzatApiV02::getBatchSize(int32_t):535]: get batching size failed.Or modem does not support batching 
06-28 15:34:26.033  9344  9392 E chromium: [ERROR:gles2_cmd_decoder.cc(3852)] [.ChromiumCompositor-0xacbb2fc0]GL ERROR :GL_INVALID_ENUM : glDiscardFramebufferEXT: attachments was GL_COLOR_EXT
06-28 15:34:26.039   862  1657 E LocSvc_IzatApiV02: E/virtual int izat_core::IzatApiV02::getBatchSize(int32_t):522]: Error : st = 4, ind.status = -1628389555
06-28 15:34:26.039   862  1657 E LocSvc_IzatApiV02: E/virtual int izat_core::IzatApiV02::getBatchSize(int32_t):535]: get batching size failed.Or modem does not support batching 
06-28 15:34:26.049  9344  9392 E chromium: [ERROR:gles2_cmd_decoder.cc(3852)] [.ChromiumCompositor-0xacbb2fc0]GL ERROR :GL_INVALID_ENUM : glDiscardFramebufferEXT: attachments was GL_COLOR_EXT
06-28 15:34:26.066  9344  9392 E chromium: [ERROR:gles2_cmd_decoder.cc(3852)] [.ChromiumCompositor-0xacbb2fc0]GL ERROR :GL_INVALID_ENUM : glDiscardFramebufferEXT: attachments was GL_COLOR_EXT
06-28 15:34:26.082  9344  9392 E chromium: [ERROR:gles2_cmd_decoder.cc(3852)] [.ChromiumCompositor-0xacbb2fc0]GL ERROR :GL_INVALID_ENUM : glDiscardFramebufferEXT: attachments was GL_COLOR_EXT
06-28 15:34:26.099  9344  9392 E chromium: [ERROR:gles2_cmd_decoder.cc(3852)] [.ChromiumCompositor-0xacbb2fc0]GL ERROR :GL_INVALID_ENUM : glDiscardFramebufferEXT: attachments was GL_COLOR_EXT
06-28 15:34:26.117  9344  9392 E chromium: [ERROR:gles2_cmd_decoder.cc(3852)] [.ChromiumCompositor-0xacbb2fc0]GL ERROR :GL_INVALID_ENUM : glDiscardFramebufferEXT: attachments was GL_COLOR_EXT
06-28 15:34:26.134  9344  9392 E chromium: [ERROR:gles2_cmd_decoder.cc(3852)] [.ChromiumCompositor-0xacbb2fc0]GL ERROR :GL_INVALID_ENUM : glDiscardFramebufferEXT: attachments was GL_COLOR_EXT
06-28 15:34:26.153  9344  9392 E chromium: [ERROR:gles2_cmd_decoder.cc(3852)] [.ChromiumCompositor-0xacbb2fc0]GL ERROR :GL_INVALID_ENUM : glDiscardFramebufferEXT: attachments was GL_COLOR_EXT
06-28 15:34:26.201  9344  9392 E chromium: [ERROR:gles2_cmd_decoder.cc(3852)] [.ChromiumCompositor-0xacbb2fc0]GL ERROR :GL_INVALID_ENUM : glDiscardFramebufferEXT: attachments was GL_COLOR_EXT
06-28 15:34:26.209  9344  9392 E chromium: [ERROR:gles2_cmd_decoder.cc(3852)] [.ChromiumCompositor-0xacbb2fc0]GL ERROR :GL_INVALID_ENUM : glDiscardFramebufferEXT: attachments was GL_COLOR_EXT
06-28 15:34:26.229  9344  9392 E chromium: [ERROR:gles2_cmd_decoder.cc(3852)] [.ChromiumCompositor-0xacbb2fc0]GL ERROR :GL_INVALID_ENUM : glDiscardFramebufferEXT: attachments was GL_COLOR_EXT
06-28 15:34:26.250  9344  9392 E chromium: [ERROR:gles2_cmd_decoder.cc(3852)] [.ChromiumCompositor-0xacbb2fc0]GL ERROR :GL_INVALID_ENUM : glDiscardFramebufferEXT: attachments was GL_COLOR_EXT
06-28 15:34:26.258  9344  9392 E chromium: [ERROR:gles2_cmd_decoder.cc(3852)] [.ChromiumCompositor-0xacbb2fc0]GL ERROR :GL_INVALID_ENUM : glDiscardFramebufferEXT: attachments was GL_COLOR_EXT
06-28 15:34:26.271  9344  9392 E chromium: [ERROR:gles2_cmd_decoder.cc(3852)] [.ChromiumCompositor-0xacbb2fc0]GL ERROR :GL_INVALID_ENUM : glDiscardFramebufferEXT: attachments was GL_COLOR_EXT
06-28 15:34:26.286  9344  9392 E chromium: [ERROR:gles2_cmd_decoder.cc(3852)] [.ChromiumCompositor-0xacbb2fc0]GL ERROR :GL_INVALID_ENUM : glDiscardFramebufferEXT: attachments was GL_COLOR_EXT
06-28 15:34:26.304  9344  9392 E chromium: [ERROR:gles2_cmd_decoder.cc(3852)] [.ChromiumCompositor-0xacbb2fc0]GL ERROR :GL_INVALID_ENUM : glDiscardFramebufferEXT: attachments was GL_COLOR_EXT
06-28 15:34:26.321  9344  9392 E chromium: [ERROR:gles2_cmd_decoder.cc(3852)] [.ChromiumCompositor-0xacbb2fc0]GL ERROR :GL_INVALID_ENUM : glDiscardFramebufferEXT: attachments was GL_COLOR_EXT
06-28 15:34:26.340  9344  9392 E chromium: [ERROR:gles2_cmd_decoder.cc(3852)] [.ChromiumCompositor-0xacbb2fc0]GL ERROR :GL_INVALID_ENUM : glDiscardFramebufferEXT: attachments was GL_COLOR_EXT
06-28 15:34:26.359  9344  9392 E chromium: [ERROR:gles2_cmd_decoder.cc(3852)] [.ChromiumCompositor-0xacbb2fc0]GL ERROR :GL_INVALID_ENUM : glDiscardFramebufferEXT: attachments was GL_COLOR_EXT
06-28 15:34:26.372  9344  9392 E chromium: [ERROR:gles2_cmd_decoder.cc(3852)] [.ChromiumCompositor-0xacbb2fc0]GL ERROR :GL_INVALID_ENUM : glDiscardFramebufferEXT: attachments was GL_COLOR_EXT
06-28 15:34:26.391  9344  9392 E chromium: [ERROR:gles2_cmd_decoder.cc(3852)] [.ChromiumCompositor-0xacbb2fc0]GL ERROR :GL_INVALID_ENUM : glDiscardFramebufferEXT: attachments was GL_COLOR_EXT
06-28 15:34:26.405  9344  9392 E chromium: [ERROR:gles2_cmd_decoder.cc(3852)] [.ChromiumCompositor-0xacbb2fc0]GL ERROR :GL_INVALID_ENUM : glDiscardFramebufferEXT: attachments was GL_COLOR_EXT
06-28 15:34:26.425  9344  9392 E chromium: [ERROR:gles2_cmd_decoder.cc(3852)] [.ChromiumCompositor-0xacbb2fc0]GL ERROR :GL_INVALID_ENUM : glDiscardFramebufferEXT: attachments was GL_COLOR_EXT
06-28 15:34:26.440  9344  9392 E chromium: [ERROR:gles2_cmd_decoder.cc(3852)] [.ChromiumCompositor-0xacbb2fc0]GL ERROR :GL_INVALID_ENUM : glDiscardFramebufferEXT: attachments was GL_COLOR_EXT
06-28 15:34:26.452  9344  9392 E chromium: [ERROR:gles2_cmd_decoder.cc(3852)] [.ChromiumCompositor-0xacbb2fc0]GL ERROR :GL_INVALID_ENUM : glDiscardFramebufferEXT: attachments was GL_COLOR_EXT
06-28 15:34:26.469  9344  9392 E chromium: [ERROR:gles2_cmd_decoder.cc(3852)] [.ChromiumCompositor-0xacbb2fc0]GL ERROR :GL_INVALID_ENUM : glDiscardFramebufferEXT: attachments was GL_COLOR_EXT
06-28 15:34:26.486  9344  9392 E chromium: [ERROR:gles2_cmd_decoder.cc(3852)] [.ChromiumCompositor-0xacbb2fc0]GL ERROR :GL_INVALID_ENUM : glDiscardFramebufferEXT: attachments was GL_COLOR_EXT
06-28 15:34:26.504  9344  9392 E chromium: [ERROR:gles2_cmd_decoder.cc(3852)] [.ChromiumCompositor-0xacbb2fc0]GL ERROR :GL_INVALID_ENUM : glDiscardFramebufferEXT: attachments was GL_COLOR_EXT
06-28 15:34:26.522  9344  9392 E chromium: [ERROR:gles2_cmd_decoder.cc(3852)] [.ChromiumCompositor-0xacbb2fc0]GL ERROR :GL_INVALID_ENUM : glDiscardFramebufferEXT: attachments was GL_COLOR_EXT
06-28 15:34:26.539  9344  9392 E chromium: [ERROR:gles2_cmd_decoder.cc(3852)] [.ChromiumCompositor-0xacbb2fc0]GL ERROR :GL_INVALID_ENUM : glDiscardFramebufferEXT: attachments was GL_COLOR_EXT
06-28 15:34:26.560  9344  9392 E chromium: [ERROR:gles2_cmd_decoder.cc(3852)] [.ChromiumCompositor-0xacbb2fc0]GL ERROR :GL_INVALID_ENUM : glDiscardFramebufferEXT: attachments was GL_COLOR_EXT
06-28 15:34:26.573  9344  9392 E chromium: [ERROR:gles2_cmd_decoder.cc(3852)] [.ChromiumCompositor-0xacbb2fc0]GL ERROR :GL_INVALID_ENUM : glDiscardFramebufferEXT: attachments was GL_COLOR_EXT
06-28 15:34:26.590  9344  9392 E chromium: [ERROR:gles2_cmd_decoder.cc(3852)] [.ChromiumCompositor-0xacbb2fc0]GL ERROR :GL_INVALID_ENUM : glDiscardFramebufferEXT: attachments was GL_COLOR_EXT
06-28 15:34:26.605  9344  9392 E chromium: [ERROR:gles2_cmd_decoder.cc(3852)] [.ChromiumCompositor-0xacbb2fc0]GL ERROR :GL_INVALID_ENUM : glDiscardFramebufferEXT: attachments was GL_COLOR_EXT
06-28 15:34:26.622  9344  9392 E chromium: [ERROR:gles2_cmd_decoder.cc(3852)] [.ChromiumCompositor-0xacbb2fc0]GL ERROR :GL_INVALID_ENUM : glDiscardFramebufferEXT: attachments was GL_COLOR_EXT
06-28 15:34:26.639  9344  9392 E chromium: [ERROR:gles2_cmd_decoder.cc(3852)] [.ChromiumCompositor-0xacbb2fc0]GL ERROR :GL_INVALID_ENUM : glDiscardFramebufferEXT: attachments was GL_COLOR_EXT
06-28 15:34:26.658  9344  9392 E chromium: [ERROR:gles2_cmd_decoder.cc(3852)] [.ChromiumCompositor-0xacbb2fc0]GL ERROR :GL_INVALID_ENUM : glDiscardFramebufferEXT: attachments was GL_COLOR_EXT
06-28 15:34:26.671  9344  9392 E chromium: [ERROR:gles2_cmd_decoder.cc(3852)] [.ChromiumCompositor-0xacbb2fc0]GL ERROR :GL_INVALID_ENUM : glDiscardFramebufferEXT: attachments was GL_COLOR_EXT
06-28 15:34:26.688  9344  9392 E chromium: [ERROR:gles2_cmd_decoder.cc(3852)] [.ChromiumCompositor-0xacbb2fc0]GL ERROR :GL_INVALID_ENUM : glDiscardFramebufferEXT: attachments was GL_COLOR_EXT
06-28 15:34:26.704  9344  9392 E chromium: [ERROR:gles2_cmd_decoder.cc(3852)] [.ChromiumCompositor-0xacbb2fc0]GL ERROR :GL_INVALID_ENUM : glDiscardFramebufferEXT: attachments was GL_COLOR_EXT
06-28 15:34:26.726  9344  9392 E chromium: [ERROR:gles2_cmd_decoder.cc(3852)] [.ChromiumCompositor-0xacbb2fc0]GL ERROR :GL_INVALID_ENUM : glDiscardFramebufferEXT: attachments was GL_COLOR_EXT
06-28 15:34:26.746  9344  9392 E chromium: [ERROR:gles2_cmd_decoder.cc(3852)] [.ChromiumCompositor-0xacbb2fc0]GL ERROR :GL_INVALID_ENUM : glDiscardFramebufferEXT: attachments was GL_COLOR_EXT
06-28 15:34:26.760  9344  9392 E chromium: [ERROR:gles2_cmd_decoder.cc(3852)] [.ChromiumCompositor-0xacbb2fc0]GL ERROR :GL_INVALID_ENUM : glDiscardFramebufferEXT: attachments was GL_COLOR_EXT
06-28 15:34:26.777  9344  9392 E chromium: [ERROR:gles2_cmd_decoder.cc(3852)] [.ChromiumCompositor-0xacbb2fc0]GL ERROR :GL_INVALID_ENUM : glDiscardFramebufferEXT: attachments was GL_COLOR_EXT
06-28 15:34:26.794  9344  9392 E chromium: [ERROR:gles2_cmd_decoder.cc(3852)] [.ChromiumCompositor-0xacbb2fc0]GL ERROR :GL_INVALID_ENUM : glDiscardFramebufferEXT: attachments was GL_COLOR_EXT
06-28 15:34:26.814  9344  9392 E chromium: [ERROR:gles2_cmd_decoder.cc(3852)] [.ChromiumCompositor-0xacbb2fc0]GL ERROR :GL_INVALID_ENUM : glDiscardFramebufferEXT: attachments was GL_COLOR_EXT
06-28 15:34:26.828  9344  9392 E chromium: [ERROR:gles2_cmd_decoder.cc(3852)] [.ChromiumCompositor-0xacbb2fc0]GL ERROR :GL_INVALID_ENUM : glDiscardFramebufferEXT: attachments was GL_COLOR_EXT
06-28 15:34:26.840  9344  9392 E chromium: [ERROR:gles2_cmd_decoder.cc(3852)] [.ChromiumCompositor-0xacbb2fc0]GL ERROR :GL_INVALID_ENUM : glDiscardFramebufferEXT: attachments was GL_COLOR_EXT
06-28 15:34:26.857  9344  9392 E chromium: [ERROR:gles2_cmd_decoder.cc(3852)] [.ChromiumCompositor-0xacbb2fc0]GL ERROR :GL_INVALID_ENUM : glDiscardFramebufferEXT: attachments was GL_COLOR_EXT
06-28 15:34:26.874  9344  9392 E chromium: [ERROR:gles2_cmd_decoder.cc(3852)] [.ChromiumCompositor-0xacbb2fc0]GL ERROR :GL_INVALID_ENUM : glDiscardFramebufferEXT: attachments was GL_COLOR_EXT
06-28 15:34:26.890  9344  9392 E chromium: [ERROR:gles2_cmd_decoder.cc(3852)] [.ChromiumCompositor-0xacbb2fc0]GL ERROR :GL_INVALID_ENUM : glDiscardFramebufferEXT: attachments was GL_COLOR_EXT
06-28 15:34:26.908  9344  9392 E chromium: [ERROR:gles2_cmd_decoder.cc(3852)] [.ChromiumCompositor-0xacbb2fc0]GL ERROR :GL_INVALID_ENUM : glDiscardFramebufferEXT: attachments was GL_COLOR_EXT
06-28 15:34:26.928  9344  9392 E chromium: [ERROR:gles2_cmd_decoder.cc(3852)] [.ChromiumCompositor-0xacbb2fc0]GL ERROR :GL_INVALID_ENUM : glDiscardFramebufferEXT: attachments was GL_COLOR_EXT
06-28 15:34:26.941  9344  9392 E chromium: [ERROR:gles2_cmd_decoder.cc(3852)] [.ChromiumCompositor-0xacbb2fc0]GL ERROR :GL_INVALID_ENUM : glDiscardFramebufferEXT: attachments was GL_COLOR_EXT
06-28 15:34:26.958  9344  9392 E chromium: [ERROR:gles2_cmd_decoder.cc(3852)] [.ChromiumCompositor-0xacbb2fc0]GL ERROR :GL_INVALID_ENUM : glDiscardFramebufferEXT: attachments was GL_COLOR_EXT
06-28 15:34:26.974  9344  9392 E chromium: [ERROR:gles2_cmd_decoder.cc(3852)] [.ChromiumCompositor-0xacbb2fc0]GL ERROR :GL_INVALID_ENUM : glDiscardFramebufferEXT: attachments was GL_COLOR_EXT
06-28 15:34:26.991  9344  9392 E chromium: [ERROR:gles2_cmd_decoder.cc(3852)] [.ChromiumCompositor-0xacbb2fc0]GL ERROR :GL_INVALID_ENUM : glDiscardFramebufferEXT: attachments was GL_COLOR_EXT
06-28 15:34:27.008  9344  9392 E chromium: [ERROR:gles2_cmd_decoder.cc(3852)] [.ChromiumCompositor-0xacbb2fc0]GL ERROR :GL_INVALID_ENUM : glDiscardFramebufferEXT: attachments was GL_COLOR_EXT
06-28 15:34:27.031  9344  9392 E chromium: [ERROR:gles2_cmd_decoder.cc(3852)] [.ChromiumCompositor-0xacbb2fc0]GL ERROR :GL_INVALID_ENUM : glDiscardFramebufferEXT: attachments was GL_COLOR_EXT
06-28 15:34:27.042  9344  9392 E chromium: [ERROR:gles2_cmd_decoder.cc(3852)] [.ChromiumCompositor-0xacbb2fc0]GL ERROR :GL_INVALID_ENUM : glDiscardFramebufferEXT: attachments was GL_COLOR_EXT
