--------- beginning of main
06-28 10:18:20.079  3449  3449 E Finsky  : [1] com.google.android.finsky.wear.bl.a(3): onConnectionFailed: ConnectionResult{statusCode=API_UNAVAILABLE, resolution=null, message=null}
--------- beginning of system
06-28 10:18:21.357 28670 28670 E chromium: [ERROR:shell_integration_android.cc(12)] Not implemented reached in static ShellIntegration::DefaultWebClientSetPermission ShellIntegration::CanSetAsDefaultBrowser()
06-28 10:18:21.360 28670 28670 E chromium: [ERROR:browser_process_impl.cc(720)] Not implemented reached in virtual BackgroundModeManager* BrowserProcessImpl::background_mode_manager()
06-28 10:18:21.640  3218 15780 E AudioRecord-JNI: Error -4 during AudioRecord native read
06-28 10:18:23.967 28670 28717 E chromium: [ERROR:gles2_cmd_decoder.cc(3852)] [.ChromiumCompositor-0xacbb2fc0]GL ERROR :GL_INVALID_ENUM : glDiscardFramebufferEXT: attachments was GL_COLOR_EXT
06-28 10:18:24.209 28738 28751 E WPROF   : {"CSS": {"url": "http://searchengineland.com/figz/wp-content/themes/searchengineland/css/searchengineland-bootstrap.css", "requestTime": 6181.264269}}
06-28 10:18:24.210 28738 28751 E WPROF   : {"CSS": {"url": "http://fonts.googleapis.com/css?family=Oswald:300,400,700", "requestTime": 6181.265734}}
06-28 10:18:24.211 28738 28751 E WPROF   : {"CSS": {"url": "http://searchengineland.com/figz/wp-content/themes/searchengineland/style.css", "requestTime": 6181.267188}}
06-28 10:18:24.218 28738 28751 E WPROF   : {"Javascript": {"url": "http://searchengineland.com/figz/wp-content/themes/searchengineland/js/lib/modernizr.custom.js?ver=1.0", "requestTime": 6181.273242}}
06-28 10:18:24.219 28738 28751 E WPROF   : {"Javascript": {"url": "http://searchengineland.com/figz/wp-content/themes/searchengineland/js/lib/jquery-1.11.0.min.js?ver=1.11.0", "requestTime": 6181.274605}}
06-28 10:18:24.220 28738 28751 E WPROF   : {"Javascript": {"url": "http://searchengineland.com/figz/wp-content/themes/searchengineland/js/lib/jquery-ui-1.10.3.custom.min.js?ver=1.10.3", "requestTime": 6181.275716}}
06-28 10:18:24.221 28738 28751 E WPROF   : {"Javascript": {"url": "http://searchengineland.com/figz/wp-content/themes/searchengineland/js/lib/jquery.ba-throttle-debounce.min.js?ver=1.1", "requestTime": 6181.276785}}
06-28 10:18:24.222 28738 28751 E WPROF   : {"Javascript": {"url": "http://searchengineland.com/figz/wp-content/themes/searchengineland/js/lib/jquery.countdown.min.js?ver=2.0.4", "requestTime": 6181.277973}}
06-28 10:18:24.223 28738 28751 E WPROF   : {"Javascript": {"url": "http://static.chartbeat.com/js/chartbeat_mab.js", "requestTime": 6181.279122}}
06-28 10:18:24.809 28738 28751 E WPROF   : {"Javascript": {"url": "http://searchengineland.com/figz/wp-includes/js/wp-emoji-release.min.js?ver=4.7.5", "requestTime": 6181.864967}}
06-28 10:18:25.134 28738 28751 E WPROF   : {"Javascript": {"url": "http://www.googletagservices.com/tag/js/gpt.js", "requestTime": 6182.189443}}
06-28 10:18:25.141 28738 28751 E WPROF   : {"Javascript": {"url": "https://www.google-analytics.com/analytics.js", "requestTime": 6182.197061}}
06-28 10:18:25.150 28738 28751 E WPROF   : {"Javascript": {"url": "http://edge.quantserve.com/quant.js", "requestTime": 6182.205691}}
06-28 10:18:25.153 28738 28751 E WPROF   : {"Javascript": {"url": "https://connect.facebook.net/en_US/fbevents.js", "requestTime": 6182.208720}}
06-28 10:18:25.230 28670 28717 E chromium: [ERROR:gles2_cmd_decoder.cc(3852)] [.ChromiumCompositor-0xacbb2fc0]GL ERROR :GL_INVALID_ENUM : glDiscardFramebufferEXT: attachments was GL_COLOR_EXT
06-28 10:18:25.253 28738 28751 E WPROF   : {"Javascript": {"url": "http://app-sj02.marketo.com/js/forms2/js/forms2.min.js", "requestTime": 6182.308883}}
06-28 10:18:25.261 28738 28751 E WPROF   : {"Javascript": {"url": "http://platform.twitter.com/widgets.js", "requestTime": 6182.316438}}
06-28 10:18:25.342 28670 28717 E chromium: [ERROR:gles2_cmd_decoder.cc(3852)] [.ChromiumCompositor-0xacbb2fc0]GL ERROR :GL_INVALID_ENUM : glDiscardFramebufferEXT: attachments was GL_COLOR_EXT
06-28 10:18:25.371 28738 28751 E WPROF   : {"Javascript": {"url": "https://connect.facebook.net/signals/config/423979991297359?v=2.7.17", "requestTime": 6182.426404}}
06-28 10:18:25.376 28738 28751 E WPROF   : {"Javascript": {"url": "https://securepubads.g.doubleclick.net/gpt/pubads_impl_121.js", "requestTime": 6182.431342}}
06-28 10:18:25.444 28670 28717 E chromium: [ERROR:gles2_cmd_decoder.cc(3852)] [.ChromiumCompositor-0xacbb2fc0]GL ERROR :GL_INVALID_ENUM : glDiscardFramebufferEXT: attachments was GL_COLOR_EXT
06-28 10:18:25.673 28738 28751 E WPROF   : {"Javascript": {"url": "http://app-sj02.marketo.com/index.php/form/getForm?munchkinId=727-ZQE-044&form=5691&url=http%3A%2F%2Fsearchengineland.com%2Fgoogle-optimize-surveys-adwords-integrations-275671&callback=jQuery110208799754676874727_1498612705606&_=1498612705607", "requestTime": 6182.729052}}
06-28 10:18:25.690 28738 28751 E WPROF   : {"Javascript": {"url": "http://app-sj02.marketo.com/index.php/form/getForm?munchkinId=727-ZQE-044&form=5685&url=http%3A%2F%2Fsearchengineland.com%2Fgoogle-optimize-surveys-adwords-integrations-275671&callback=jQuery110208799754676874727_1498612705608&_=1498612705609", "requestTime": 6182.745739}}
06-28 10:18:25.945 28738 28751 E WPROF   : {"Javascript": {"url": "http://app-sj02.marketo.com/index.php/form/getForm?munchkinId=727-ZQE-044&form=5673&url=http%3A%2F%2Fsearchengineland.com%2Fgoogle-optimize-surveys-adwords-integrations-275671&callback=jQuery110208799754676874727_1498612705610&_=1498612705611", "requestTime": 6183.000977}}
06-28 10:18:25.959 28738 28751 E WPROF   : {"Javascript": {"url": "http://searchengineland.com/js/ga_social_tracking.js", "requestTime": 6183.014763}}
06-28 10:18:25.960 28738 28751 E WPROF   : {"Javascript": {"url": "http://s7.addthis.com/js/300/addthis_widget.js#pubid=ra-53e918f660794f37", "requestTime": 6183.016180}}
06-28 10:18:25.990 28670 28717 E chromium: [ERROR:gles2_cmd_decoder.cc(3852)] [.ChromiumCompositor-0xacbb2fc0]GL ERROR :GL_INVALID_ENUM : glDiscardFramebufferEXT: attachments was GL_COLOR_EXT
06-28 10:18:26.329 28738 28751 E WPROF   : {"Javascript": {"url": "https://static.xx.fbcdn.net/rsrc.php/v3iy6L4/yk/l/ko_KR/be4fIjHRc8P.js", "requestTime": 6183.384287}}
06-28 10:18:26.486 28670 28717 E chromium: [ERROR:gles2_cmd_decoder.cc(3852)] [.ChromiumCompositor-0xacbb2fc0]GL ERROR :GL_INVALID_ENUM : glDiscardFramebufferEXT: attachments was GL_COLOR_EXT
06-28 10:18:26.835   862  1657 E LocSvc_IzatApiV02: E/virtual int izat_core::IzatApiV02::getBatchSize(int32_t):522]: Error : st = 4, ind.status = -1628389555
06-28 10:18:26.835   862  1657 E LocSvc_IzatApiV02: E/virtual int izat_core::IzatApiV02::getBatchSize(int32_t):535]: get batching size failed.Or modem does not support batching 
06-28 10:18:26.845   862  1657 E LocSvc_IzatApiV02: E/virtual int izat_core::IzatApiV02::getBatchSize(int32_t):522]: Error : st = 4, ind.status = -1628389555
06-28 10:18:26.845   862  1657 E LocSvc_IzatApiV02: E/virtual int izat_core::IzatApiV02::getBatchSize(int32_t):535]: get batching size failed.Or modem does not support batching 
06-28 10:18:26.879   862  1657 E LocSvc_IzatApiV02: E/virtual int izat_core::IzatApiV02::getBatchSize(int32_t):522]: Error : st = 4, ind.status = -1628389555
06-28 10:18:26.879   862  1657 E LocSvc_IzatApiV02: E/virtual int izat_core::IzatApiV02::getBatchSize(int32_t):535]: get batching size failed.Or modem does not support batching 
06-28 10:18:26.888   862  1657 E LocSvc_IzatApiV02: E/virtual int izat_core::IzatApiV02::getBatchSize(int32_t):522]: Error : st = 4, ind.status = -1628389555
06-28 10:18:26.888   862  1657 E LocSvc_IzatApiV02: E/virtual int izat_core::IzatApiV02::getBatchSize(int32_t):535]: get batching size failed.Or modem does not support batching 
06-28 10:18:26.891 28738 28751 E WPROF   : {"Javascript": {"url": "http://connect.facebook.net/en_US/sdk.js", "requestTime": 6183.947142}}
06-28 10:18:26.893 28738 28751 E WPROF   : {"Javascript": {"url": "https://apis.google.com/js/platform.js", "requestTime": 6183.948504}}
06-28 10:18:26.909 28738 28751 E WPROF   : {"Javascript": {"url": "http://rules.quantcount.com/rules-p-5aGizvD82d9hk.js", "requestTime": 6183.964725}}
06-28 10:18:26.911 28738 28751 E WPROF   : {"Javascript": {"url": "http://munchkin.marketo.net/munchkin.js", "requestTime": 6183.967163}}
06-28 10:18:27.382 28738 28751 E WPROF   : {"Javascript": {"url": "https://securepubads.g.doubleclick.net/gampad/ads?gdfp_req=1&correlator=1857826932654080&output=json_html&callback=googletag.impl.pubads.callbackProxy1&impl=fifs&json_a=1&eid=108809080%2C108809107&sc=0&sfv=1-0-9&iu_parts=1038259%2Csel-ciu-1%2Csel-ciu-2%2Csel-ciu-3%2Csel-ciu-4%2Csel-ciu-5%2Cch-sem-le", "requestTime": 6184.437952}}
06-28 10:18:27.411 28738 28751 E WPROF   : {"CSS": {"url": "http://app-sj02.marketo.com/js/forms2/css/forms2.css", "requestTime": 6184.466380}}
06-28 10:18:27.414 28738 28751 E WPROF   : {"CSS": {"url": "http://app-sj02.marketo.com/js/forms2/css/forms2-theme-simple.css", "requestTime": 6184.469860}}
06-28 10:18:27.587 28738 28751 E WPROF   : {"Javascript": {"url": "http://cdn.api.twitter.com/1/users/show.json?screen_name=ginnymarvin&callback=twttr.setFollowersCount", "requestTime": 6184.642315}}
06-28 10:18:27.699 28670 28717 E chromium: [ERROR:gles2_cmd_decoder.cc(3852)] [.ChromiumCompositor-0xacbb2fc0]GL ERROR :GL_INVALID_ENUM : glDiscardFramebufferEXT: attachments was GL_COLOR_EXT
06-28 10:18:27.735 28738 28751 E WPROF   : {"Javascript": {"url": "http://www.googleadservices.com/pagead/conversion.js", "requestTime": 6184.790658}}
06-28 10:18:27.735 28738 28751 E WPROF   : {"Javascript": {"url": "http://searchengineland.com/figz/wp-content/themes/searchengineland/js/script.js?ver=1.0", "requestTime": 6184.791083}}
06-28 10:18:27.736 28738 28751 E WPROF   : {"Javascript": {"url": "http://searchengineland.com/figz/wp-includes/js/wp-embed.min.js?ver=4.7.5", "requestTime": 6184.791481}}
06-28 10:18:27.736 28738 28751 E WPROF   : {"Javascript": {"url": "http://searchengineland.com/figz/wp-content/themes/searchengineland/js/modules/sharing_controls.js", "requestTime": 6184.792158}}
06-28 10:18:27.769 28738 28751 E WPROF   : {"Javascript": {"url": "http://dnn506yrbagrg.cloudfront.net/pages/scripts/0026/4062.js?416281", "requestTime": 6184.824576}}
06-28 10:18:27.877 28738 28751 E WPROF   : {"Javascript": {"url": "http://d2j3qa5nc37287.cloudfront.net/coupon_code1.js", "requestTime": 6184.932916}}
06-28 10:18:27.929 28738 28751 E WPROF   : {"CSS": {"url": "https://www.youtube.com/yts/cssbin/www-embed-player-sprite-mode-vfl5G4Xm8.css", "requestTime": 6184.984895}}
06-28 10:18:27.930 28738 28751 E WPROF   : {"Javascript": {"url": "https://www.youtube.com/yts/jsbin/www-embed-player-vfl_UY_j8/www-embed-player.js", "requestTime": 6184.986076}}
06-28 10:18:27.931 28738 28751 E WPROF   : {"Javascript": {"url": "https://www.youtube.com/yts/jsbin/player-vflo1w4O-/ko_KR/base.js", "requestTime": 6184.986702}}
06-28 10:18:27.976 28670 28717 E chromium: [ERROR:gles2_cmd_decoder.cc(3852)] [.ChromiumCompositor-0xacbb2fc0]GL ERROR :GL_INVALID_ENUM : glDiscardFramebufferEXT: attachments was GL_COLOR_EXT
06-28 10:18:28.421 28738 28751 E WPROF   : {"Javascript": {"url": "https://platform.twitter.com/js/button.b731e6c82269f70f6fc53634e044a4c6.js", "requestTime": 6185.477057}}
06-28 10:18:28.426 28738 28751 E WPROF   : {"Javascript": {"url": "https://platform.twitter.com/js/tweet.6352a9eebf6f1aa3bcc0a57d66d2a72d.js", "requestTime": 6185.481497}}
06-28 10:18:28.458 28738 28751 E WPROF   : {"Javascript": {"url": "http://m.addthisedge.com/live/boost/ra-53e918f660794f37/_ate.track.config_resp", "requestTime": 6185.513287}}
06-28 10:18:28.528 28738 28751 E WPROF   : {"Javascript": {"url": "http://m.addthis.com/live/red_lojson/300lo.json?si=595303e2fc26b543&bkl=0&bl=1&pdt=2095&sid=595303e2fc26b543&pub=ra-53e918f660794f37&rev=v7.15.4-wp&ln=ko&pc=men&cb=0&ab=-&dp=searchengineland.com&fp=google-optimize-surveys-adwords-integrations-275671&fr=&of=0&pd=0&irt=0&vcl=0&md=0&ct=1&tct=0&abt=0&cd", "requestTime": 6185.583948}}
06-28 10:18:28.668 28670 28717 E chromium: [ERROR:gles2_cmd_decoder.cc(3852)] [.ChromiumCompositor-0xacbb2fc0]GL ERROR :GL_INVALID_ENUM : glDiscardFramebufferEXT: attachments was GL_COLOR_EXT
06-28 10:18:29.107 28670 28717 E chromium: [ERROR:gles2_cmd_decoder.cc(3852)] [.ChromiumCompositor-0xacbb2fc0]GL ERROR :GL_INVALID_ENUM : glDiscardFramebufferEXT: attachments was GL_COLOR_EXT
06-28 10:18:29.977 28738 28751 E WPROF   : {"Javascript": {"url": "https://www.google.com/js/bg/KWBfAnWFESAEEaKKgdYlTHY9ysQaNoQuzeMFqvxDSM8.js", "requestTime": 6187.032332}}
06-28 10:18:29.979 28738 28751 E WPROF   : {"Javascript": {"url": "https://static.doubleclick.net/instream/ad_status.js", "requestTime": 6187.034670}}
06-28 10:18:30.129 28670 28717 E chromium: [ERROR:gles2_cmd_decoder.cc(3852)] [.ChromiumCompositor-0xacbb2fc0]GL ERROR :GL_INVALID_ENUM : glDiscardFramebufferEXT: attachments was GL_COLOR_EXT
06-28 10:18:30.898 28670 28717 E chromium: [ERROR:gles2_cmd_decoder.cc(3852)] [.ChromiumCompositor-0xacbb2fc0]GL ERROR :GL_INVALID_ENUM : glDiscardFramebufferEXT: attachments was GL_COLOR_EXT
06-28 10:18:30.944 28738 28751 E WPROF   : {"Javascript": {"url": "http://munchkin.marketo.net/151/munchkin.js", "requestTime": 6187.999666}}
06-28 10:18:31.051 28738 28751 E WPROF   : {"Javascript": {"url": "https://tpc.googlesyndication.com/pagead/js/r20170619/r20110914/client/ext/m_window_focus_non_hydra.js", "requestTime": 6188.106307}}
06-28 10:18:31.059 28738 28751 E WPROF   : {"Javascript": {"url": "https://tpc.googlesyndication.com/pagead/js/r20170619/r20110914/activeview/osd_listener.js", "requestTime": 6188.114882}}
06-28 10:18:31.086 28738 28751 E WPROF   : {"Javascript": {"url": "http://pagead2.googlesyndication.com/pagead/osd.js", "requestTime": 6188.141548}}
06-28 10:18:31.355 28738 28751 E WPROF   : {"Javascript": {"url": "http://www.justuno.com/ajax/account_version_check.html?id=828FA275-FF73-401E-AA39-40F5A6FAB6B1", "requestTime": 6188.410378}}
06-28 10:18:31.431 28738 28751 E WPROF   : {"Javascript": {"url": "https://cdn.syndication.twimg.com/tweets.json?callback=__twttr.callbacks.cb0&ids=867060320463761408%2C867060679831715840&lang=en&suppress_response_codes=true", "requestTime": 6188.486714}}
06-28 10:18:31.442 28738 28751 E WPROF   : {"Javascript": {"url": "http://s7.addthis.com/static/layers.4acb6c577b51939661ec.js", "requestTime": 6188.497770}}
06-28 10:18:31.661 28670 28717 E chromium: [ERROR:gles2_cmd_decoder.cc(3852)] [.ChromiumCompositor-0xacbb2fc0]GL ERROR :GL_INVALID_ENUM : glDiscardFramebufferEXT: attachments was GL_COLOR_EXT
06-28 10:18:32.492 28670 28717 E chromium: [ERROR:gles2_cmd_decoder.cc(3852)] [.ChromiumCompositor-0xacbb2fc0]GL ERROR :GL_INVALID_ENUM : glDiscardFramebufferEXT: attachments was GL_COLOR_EXT
06-28 10:18:32.875 28670 28717 E chromium: [ERROR:gles2_cmd_decoder.cc(3852)] [.ChromiumCompositor-0xacbb2fc0]GL ERROR :GL_INVALID_ENUM : glDiscardFramebufferEXT: attachments was GL_COLOR_EXT
06-28 10:18:33.028 28670 28717 E chromium: [ERROR:gles2_cmd_decoder.cc(3852)] [.ChromiumCompositor-0xacbb2fc0]GL ERROR :GL_INVALID_ENUM : glDiscardFramebufferEXT: attachments was GL_COLOR_EXT
06-28 10:18:33.183 28670 28717 E chromium: [ERROR:gles2_cmd_decoder.cc(3852)] [.ChromiumCompositor-0xacbb2fc0]GL ERROR :GL_INVALID_ENUM : glDiscardFramebufferEXT: attachments was GL_COLOR_EXT
06-28 10:18:33.492 28670 28717 E chromium: [ERROR:gles2_cmd_decoder.cc(3852)] [.ChromiumCompositor-0xacbb2fc0]GL ERROR :GL_INVALID_ENUM : glDiscardFramebufferEXT: attachments was GL_COLOR_EXT
06-28 10:18:33.667 28738 28751 E WPROF   : {"Javascript": {"url": "https://cdn.syndication.twimg.com/widgets/followbutton/info.json?callback=__twttr.setFollowersCountAndFollowing&lang=en&screen_names=sengineland", "requestTime": 6190.722374}}
06-28 10:18:33.759 28670 28717 E chromium: [ERROR:gles2_cmd_decoder.cc(3852)] [.ChromiumCompositor-0xacbb2fc0]GL ERROR :GL_INVALID_ENUM : glDiscardFramebufferEXT: attachments was GL_COLOR_EXT
06-28 10:18:35.598 28738 28751 E WPROF   : {"Javascript": {"url": "http://cdn.justuno.com/mwgt_3.6.js", "requestTime": 6192.653339}}
06-28 10:18:35.702 28738 28751 E WPROF   : {"CSS": {"url": "http://platform.twitter.com/css/tweet.617c78967784cf8638fa20f3423757ac.light.ltr.css", "requestTime": 6192.757577}}
06-28 10:18:35.813 28670 28717 E chromium: [ERROR:gles2_cmd_decoder.cc(3852)] [.ChromiumCompositor-0xacbb2fc0]GL ERROR :GL_INVALID_ENUM : glDiscardFramebufferEXT: attachments was GL_COLOR_EXT
06-28 10:18:36.015 28670 28717 E chromium: [ERROR:gles2_cmd_decoder.cc(3852)] [.ChromiumCompositor-0xacbb2fc0]GL ERROR :GL_INVALID_ENUM : glDiscardFramebufferEXT: attachments was GL_COLOR_EXT
06-28 10:18:36.213 28670 28717 E chromium: [ERROR:gles2_cmd_decoder.cc(3852)] [.ChromiumCompositor-0xacbb2fc0]GL ERROR :GL_INVALID_ENUM : glDiscardFramebufferEXT: attachments was GL_COLOR_EXT
06-28 10:18:36.572 28670 28717 E chromium: [ERROR:gles2_cmd_decoder.cc(3852)] [.ChromiumCompositor-0xacbb2fc0]GL ERROR :GL_INVALID_ENUM : glDiscardFramebufferEXT: attachments was GL_COLOR_EXT
06-28 10:18:36.934 28670 28717 E chromium: [ERROR:gles2_cmd_decoder.cc(3852)] [.ChromiumCompositor-0xacbb2fc0]GL ERROR :GL_INVALID_ENUM : glDiscardFramebufferEXT: attachments was GL_COLOR_EXT
06-28 10:18:37.106 28738 28751 E WPROF   : {"Javascript": {"url": "https://app-sj02.marketo.com/js/forms2/js/forms2.min.js", "requestTime": 6194.161405}}
06-28 10:18:37.169 28670 28717 E chromium: [ERROR:gles2_cmd_decoder.cc(3852)] [.ChromiumCompositor-0xacbb2fc0]GL ERROR :GL_INVALID_ENUM : glDiscardFramebufferEXT: attachments was GL_COLOR_EXT
06-28 10:18:37.415 28738 28751 E WProf.db: {"page": "searchengineland.com_google-optimize-surveys-adwords-integrations-275671"}
06-28 10:18:37.415 28738 28751 E WProf.db: {"DOMLoad": 6194.471217}
06-28 10:18:37.416 28738 28751 E WProf.db: {"Resource": {"id": 1, "url": "http://searchengineland.com/google-optimize-surveys-adwords-integrations-275671", "sentTime": -1.000000, "len": 92665, "from": "0x0", "mimeType": "text/html", "contentLength": -1, "httpStatus": 200, "connId": 19, "connReused": 1, "cached": 0,"requestTime": 6180.923240, "proxyStart": -1, "proxyEnd": -1, "dnsStart": -1, "dnsEnd": -1, "connectStart": 0, "connectEnd": 58, "sendStart": 58, "sendEnd": 58, "receiveHeadersEnd": 220, "sslStart": -1, "sslEnd": -1}}
06-28 10:18:37.416 28738 28751 E WProf.db: {"ReceivedChunk": {"receivedTime": 6181.164876, "len": 12572}}
06-28 10:18:37.416 28738 28751 E WProf.db: {"ReceivedChunk": {"receivedTime": 6181.255230, "len": 32768}}
06-28 10:18:37.416 28738 28751 E WProf.db: {"ReceivedChunk": {"receivedTime": 6181.255638, "len": 26837}}
06-28 10:18:37.416 28738 28751 E WProf.db: {"ReceivedChunk": {"receivedTime": 6181.308883, "len": 15200}}
06-28 10:18:37.416 28738 28751 E WProf.db: {"ReceivedChunk": {"receivedTime": 6181.324841, "len": 5288}}
06-28 10:18:37.416 28738 28751 E WProf.db: {"WprofHTMLTag": {"code": "0xaedd5300", "doc": "http://searchengineland.com/google-optimize-surveys-adwords-integrations-275671", "row": 6, "column": 42, "tagName": "html", "time": 6181.258071, "url": "", "pos": 1, "chunkLen": 1, "isStartTag": 1}}
06-28 10:18:37.416 28738 28751 E WProf.db: {"WprofHTMLTag": {"code": "0xaf047790", "doc": "http://searchengineland.com/google-optimize-surveys-adwords-integrations-275671", "row": 7, "column": 6, "tagName": "head", "time": 6181.258813, "url": "", "pos": 1, "chunkLen": 1, "isStartTag": 1}}
06-28 10:18:37.416 28738 28751 E WProf.db: {"WprofHTMLTag": {"code": "0xaf047880", "doc": "http://searchengineland.com/google-optimize-surveys-adwords-integrations-275671", "row": 8, "column": 54, "tagName": "meta", "time": 6181.258859, "url": "", "pos": 1, "chunkLen": 1, "isStartTag": 1}}
06-28 10:18:37.416 28738 28751 E WProf.db: {"WprofHTMLTag": {"code": "0xaf0478b0", "doc": "http://searchengineland.com/google-optimize-surveys-adwords-integrations-275671", "row": 9, "column": 68, "tagName": "meta", "time": 6181.259011, "url": "", "pos": 1, "chunkLen": 1, "isStartTag": 1}}
06-28 10:18:37.416 28738 28751 E WProf.db: {"WprofHTMLTag": {"code": "0xaf0478e0", "doc": "http://searchengineland.com/google-optimize-surveys-adwords-integrations-275671", "row": 10, "column": 23, "tagName": "meta", "time": 6181.259126, "url": "", "pos": 1, "chunkLen": 1, "isStartTag": 1}}
06-28 10:18:37.416 28738 28751 E WProf.db: {"WprofHTMLTag": {"code": "0xaf047910", "doc": "http://searchengineland.com/google-optimize-surveys-adwords-integrations-275671", "row": 11, "column": 52, "tagName": "meta", "time": 6181.259263, "url": "", "pos": 1, "chunkLen": 1, "isStartTag": 1}}
06-28 10:18:37.416 28738 28751 E WProf.db: {"WprofHTMLTag": {"code": "0xaf047940", "doc": "http://searchengineland.com/google-optimize-surveys-adwords-integrations-275671", "row": 14, "column": 56, "tagName": "meta", "time": 6181.259399, "url": "", "pos": 1, "chunkLen": 1, "isStartTag": 1}}
06-28 10:18:37.416 28738 28751 E WProf.db: {"WprofHTMLTag": {"code": "0xaf047970", "doc": "http://searchengineland.com/google-optimize-surveys-adwords-integrations-275671", "row": 15, "column": 83, "tagName": "meta", "time": 6181.259517, "url": "", "pos": 1, "chunkLen": 1, "isStartTag": 1}}
06-28 10:18:37.417 28738 28751 E WProf.db: {"WprofHTMLTag": {"code": "0xaf0479a0", "doc": "http://searchengineland.com/google-optimize-surveys-adwords-integrations-275671", "row": 16, "column": 57, "tagName": "meta", "time": 6181.259635, "url": "", "pos": 1, "chunkLen": 1, "isStartTag": 1}}
06-28 10:18:37.417 28738 28751 E WProf.db: {"WprofHTMLTag": {"code": "0xaf047a30", "doc": "http://searchengineland.com/google-optimize-surveys-adwords-integrations-275671", "row": 17, "column": 41, "tagName": "meta", "time": 6181.259760, "url": "", "pos": 1, "chunkLen": 1, "isStartTag": 1}}
06-28 10:18:37.417 28738 28751 E WProf.db: {"WprofHTMLTag": {"code": "0xaf047a60", "doc": "http://searchengineland.com/google-optimize-surveys-adwords-integrations-275671", "row": 18, "column": 50, "tagName": "meta", "time": 6181.259872, "url": "", "pos": 1, "chunkLen": 1, "isStartTag": 1}}
06-28 10:18:37.417 28738 28751 E WProf.db: {"WprofHTMLTag": {"code": "0xaf047a90", "doc": "http://searchengineland.com/google-optimize-surveys-adwords-integrations-275671", "row": 19, "column": 174, "tagName": "meta", "time": 6181.259988, "url": "", "pos": 1, "chunkLen": 1, "isStartTag": 1}}
06-28 10:18:37.417 28738 28751 E WProf.db: {"WprofHTMLTag": {"code": "0xaf047a00", "doc": "http://searchengineland.com/google-optimize-surveys-adwords-integrations-275671", "row": 20, "column": 47, "tagName": "meta", "time": 6181.260237, "url": "", "pos": 1, "chunkLen": 1, "isStartTag": 1}}
06-28 10:18:37.417 28738 28751 E WProf.db: {"WprofHTMLTag": {"code": "0xaf0479d0", "doc": "http://searchengineland.com/google-optimize-surveys-adwords-integrations-275671", "row": 21, "column": 67, "tagName": "meta", "time": 6181.260350, "url": "", "pos": 1, "chunkLen": 1, "isStartTag": 1}}
06-28 10:18:37.417 28738 28751 E WProf.db: {"WprofHTMLTag": {"code": "0xaf047ac0", "doc": "http://searchengineland.com/google-optimize-surveys-adwords-integrations-275671", "row": 22, "column": 57, "tagName": "meta", "time": 6181.260461, "url": "", "pos": 1, "chunkLen": 1, "isStartTag": 1}}
06-28 10:18:37.417 28738 28751 E WProf.db: {"WprofHTMLTag": {"code": "0xaf047af0", "doc": "http://searchengineland.com/google-optimize-surveys-adwords-integrations-275671", "row": 23, "column": 65, "tagName": "meta", "time": 6181.260944, "url": "", "pos": 1, "chunkLen": 1, "isStartTag": 1}}
06-28 10:18:37.417 28738 28751 E WProf.db: {"WprofHTMLTag": {"code": "0xaf047b20", "doc": "http://searchengineland.com/google-optimize-surveys-adwords-integrations-275671", "row": 24, "column": 55, "tagName": "meta", "time": 6181.261049, "url": "", "pos": 1, "chunkLen": 1, "isStartTag": 1}}
06-28 10:18:37.417 28738 28751 E WProf.db: {"WprofHTMLTag": {"code": "0xaf047b50", "doc": "http://searchengineland.com/google-optimize-surveys-adwords-integrations-275671", "row": 25, "column": 71, "tagName": "meta", "time": 6181.261159, "url": "", "pos": 1, "chunkLen": 1, "isStartTag": 1}}
06-28 10:18:37.417 28738 28751 E WProf.db: {"WprofHTMLTag": {"code": "0xaf047b80", "doc": "http://searchengineland.com/google-optimize-surveys-adwords-integrations-275671", "row": 26, "column": 86, "tagName": "meta", "time": 6181.261265, "url": "", "pos": 1, "chunkLen": 1, "isStartTag": 1}}
06-28 10:18:37.417 28738 28751 E WProf.db: {"WprofHTMLTag": {"code": "0xaf047bb0", "doc": "http://searchengineland.com/google-optimize-surveys-adwords-integrations-275671", "row": 27, "column": 54, "tagName": "meta", "time": 6181.261372, "url": "", "pos": 1, "chunkLen": 1, "isStartTag": 1}}
06-28 10:18:37.417 28738 28751 E WProf.db: {"WprofHTMLTag": {"code": "0xaf047be0", "doc": "http://searchengineland.com/google-optimize-surveys-adwords-integrations-275671", "row": 29, "column": 39, "tagName": "meta", "time": 6181.261476, "url": "", "pos": 1, "chunkLen": 1, "isStartTag": 1}}
06-28 10:18:37.417 28738 28751 E WProf.db: {"WprofHTMLTag": {"code": "0xaf047c10", "doc": "http://searchengineland.com/google-optimize-surveys-adwords-integrations-275671", "row": 30, "column": 169, "tagName": "meta", "time": 6181.261587, "url": "", "pos": 1, "chunkLen": 1, "isStartTag": 1}}
06-28 10:18:37.418 28738 28751 E WProf.db: {"WprofHTMLTag": {"code": "0xaf047c40", "doc": "http://searchengineland.com/google-optimize-surveys-adwords-integrations-275671", "row": 31, "column": 55, "tagName": "meta", "time": 6181.261692, "url": "", "pos": 1, "chunkLen": 1, "isStartTag": 1}}
06-28 10:18:37.418 28738 28751 E WProf.db: {"WprofHTMLTag": {"code": "0xaf047c70", "doc": "http://searchengineland.com/google-optimize-surveys-adwords-integrations-275671", "row": 32, "column": 54, "tagName": "meta", "time": 6181.261803, "url": "", "pos": 1, "chunkLen": 1, "isStartTag": 1}}
06-28 10:18:37.418 28738 28751 E WProf.db: {"WprofHTMLTag": {"code": "0xaf047ca0", "doc": "http://searchengineland.com/google-optimize-surveys-adwords-integrations-275671", "row": 33, "column": 142, "tagName": "meta", "time": 6181.261908, "url": "", "pos": 1, "chunkLen": 1, "isStartTag": 1}}
06-28 10:18:37.418 28738 28751 E WProf.db: {"WprofHTMLTag": {"code": "0xaf047cd0", "doc": "http://searchengineland.com/google-optimize-surveys-adwords-integrations-275671", "row": 37, "column": 36, "tagName": "script", "time": 6181.262009, "url": "", "pos": 1, "chunkLen": 1, "isStartTag": 1}}
06-28 10:18:37.418 28738 28751 E WProf.db: {"WprofHTMLTag": {"code": "0xaf047d00", "doc": "http://searchengineland.com/google-optimize-surveys-adwords-integrations-275671", "row": 53, "column": 10, "tagName": "script", "time": 6181.262248, "url": "", "pos": 1, "chunkLen": 1, "isStartTag": 0}}
06-28 10:18:37.418 28738 28751 E WProf.db: {"WprofHTMLTag": {"code": "0xaedd55d0", "doc": "http://searchengineland.com/google-optimize-surveys-adwords-integrations-275671", "row": 55, "column": 86, "tagName": "link", "time": 6181.262983, "url": "http://searchengineland.com/apple-touch-icon.png", "pos": 1, "chunkLen": 1, "isStartTag": 1}}
06-28 10:18:37.418 28738 28751 E WProf.db: {"WprofHTMLTag": {"code": "0xaf047d30", "doc": "http://searchengineland.com/google-optimize-surveys-adwords-integrations-275671", "row": 56, "column": 76, "tagName": "link", "time": 6181.263255, "url": "http://searchengineland.com/favicon.ico", "pos": 1, "chunkLen": 1, "isStartTag": 1}}
06-28 10:18:37.418 28738 28751 E WProf.db: {"WprofHTMLTag": {"code": "0xaf047d60", "doc": "http://searchengineland.com/google-optimize-surveys-adwords-integrations-275671", "row": 57, "column": 158, "tagName": "link", "time": 6181.263451, "url": "http://feeds.searchengineland.com/searchengineland", "pos": 1, "chunkLen": 1, "isStartTag": 1}}
06-28 10:18:37.418 28738 28751 E WProf.db: {"WprofHTMLTag": {"code": "0xaf047d90", "doc": "http://searchengineland.com/google-optimize-surveys-adwords-integrations-275671", "row": 58, "column": 149, "tagName": "link", "time": 6181.263716, "url": "http://feeds.searchengineland.com/searchcap", "pos": 1, "chunkLen": 1, "isStartTag": 1}}
06-28 10:18:37.418 28738 28751 E WProf.db: {"WprofHTMLTag": {"code": "0xaf047dc0", "doc": "http://searchengineland.com/google-optimize-surveys-adwords-integrations-275671", "row": 59, "column": 150, "tagName": "link", "time": 6181.263985, "url": "http://searchengineland.com/figz/wp-content/themes/searchengineland/css/searchengineland-bootstrap.css", "pos": 1, "chunkLen": 1, "isStartTag": 1}}
06-28 10:18:37.418 28738 28751 E WProf.db: {"WprofHTMLTag": {"code": "0xaf047e20", "doc": "http://searchengineland.com/google-optimize-surveys-adwords-integrations-275671", "row": 60, "column": 105, "tagName": "link", "time": 6181.265415, "url": "http://fonts.googleapis.com/css?family=Oswald:300,400,700", "pos": 1, "chunkLen": 1, "isStartTag": 1}}
06-28 10:18:37.418 28738 28751 E WProf.db: {"WprofHTMLTag": {"code": "0xaf047e80", "doc": "http://searchengineland.com/google-optimize-surveys-adwords-integrations-275671", "row": 61, "column": 125, "tagName": "link", "time": 6181.266852, "url": "http://searchengineland.com/figz/wp-content/themes/searchengineland/style.css", "pos": 1, "chunkLen": 1, "isStartTag": 1}}
06-28 10:18:37.419 28738 28751 E WProf.db: {"WprofHTMLTag": {"code": "0xaf047ee0", "doc": "http://searchengineland.com/google-optimize-surveys-adwords-integrations-275671", "row": 65, "column": 7, "tagName": "title", "time": 6181.267728, "url": "", "pos": 1, "chunkLen": 1, "isStartTag": 1}}
06-28 10:18:37.419 28738 28751 E WProf.db: {"WprofHTMLTag": {"code": "0xaf047f10", "doc": "http://searchengineland.com/google-optimize-surveys-adwords-integrations-275671", "row": 65, "column": 81, "tagName": "title", "time": 6181.268776, "url": "", "pos": 1, "chunkLen": 1, "isStartTag": 0}}
06-28 10:18:37.419 28738 28751 E WProf.db: {"WprofHTMLTag": {"code": "0xaf047f40", "doc": "http://searchengineland.com/google-optimize-surveys-adwords-integrations-275671", "row": 66, "column": 166, "tagName": "meta", "time": 6181.268800, "url": "", "pos": 1, "chunkLen": 1, "isStartTag": 1}}
06-28 10:18:37.419 28738 28751 E WProf.db: {"WprofHTMLTag": {"code": "0xaf047f70", "doc": "http://searchengineland.com/google-optimize-surveys-adwords-integrations-275671", "row": 67, "column": 40, "tagName": "meta", "time": 6181.268942, "url": "", "pos": 1, "chunkLen": 1, "isStartTag": 1}}
06-28 10:18:37.419 28738 28751 E WProf.db: {"WprofHTMLTag": {"code": "0xaf047fa0", "doc": "http://searchengineland.com/google-optimize-surveys-adwords-integrations-275671", "row": 68, "column": 121, "tagName": "meta", "time": 6181.269052, "url": "", "pos": 1, "chunkLen": 1, "isStartTag": 1}}
06-28 10:18:37.419 28738 28751 E WProf.db: {"WprofHTMLTag": {"code": "0xaf047fd0", "doc": "http://searchengineland.com/google-optimize-surveys-adwords-integrations-275671", "row": 69, "column": 37, "tagName": "meta", "time": 6181.269170, "url": "", "pos": 1, "chunkLen": 1, "isStartTag": 1}}
06-28 10:18:37.419 28738 28751 E WProf.db: {"WprofHTMLTag": {"code": "0xb4cc74b0", "doc": "http://searchengineland.com/google-optimize-surveys-adwords-integrations-275671", "row": 70, "column": 111, "tagName": "link", "time": 6181.269294, "url": "http://searchengineland.com/google-optimize-surveys-adwords-integrations-275671", "pos": 1, "chunkLen": 1, "isStartTag": 1}}
06-28 10:18:37.419 28738 28751 E WProf.db: {"WprofHTMLTag": {"code": "0xb4cc7540", "doc": "http://searchengineland.com/google-optimize-surveys-adwords-integrations-275671", "row": 71, "column": 76, "tagName": "link", "time": 6181.269512, "url": "https://plus.google.com/103218677032751327334", "pos": 1, "chunkLen": 1, "isStartTag": 1}}
06-28 10:18:37.419 28738 28751 E WProf.db: {"WprofHTMLTag": {"code": "0xb4cc78a0", "doc": "http://searchengineland.com/google-optimize-surveys-adwords-integrations-275671", "row": 72, "column": 45, "tagName": "meta", "time": 6181.269822, "url": "", "pos": 1, "chunkLen": 1, "isStartTag": 1}}
06-28 10:18:37.419 28738 28751 E WProf.db: {"WprofHTMLTag": {"code": "0xb4cc78d0", "doc": "http://searchengineland.com/google-optimize-surveys-adwords-integrations-275671", "row": 73, "column": 45, "tagName": "meta", "time": 6181.269940, "url": "", "pos": 1, "chunkLen": 1, "isStartTag": 1}}
06-28 10:18:37.419 28738 28751 E WProf.db: {"WprofHTMLTag": {"code": "0xb4cc7900", "doc": "http://searchengineland.com/google-optimize-surveys-adwords-integrations-275671", "row": 74, "column": 105, "tagName": "meta", "time": 6181.270087, "url": "", "pos": 1, "chunkLen": 1, "isStartTag": 1}}
06-28 10:18:37.419 28738 28751 E WProf.db: {"WprofHTMLTag": {"code": "0xb4cc7930", "doc": "http://searchengineland.com/google-optimize-surveys-adwords-integrations-275671", "row": 75, "column": 174, "tagName": "meta", "time": 6181.270201, "url": "", "pos": 1, "chunkLen": 1, "isStartTag": 1}}
06-28 10:18:37.419 28738 28751 E WProf.db: {"WprofHTMLTag": {"code": "0xb4cc7960", "doc": "http://searchengineland.com/google-optimize-surveys-adwords-integrations-275671", "row": 76, "column": 116, "tagName": "meta", "time": 6181.270315, "url": "", "pos": 1, "chunkLen": 1, "isStartTag": 1}}
06-28 10:18:37.419 28738 28751 E WProf.db: {"WprofHTMLTag": {"code": "0xb4cc7990", "doc": "http://searchengineland.com/google-optimize-surveys-adwords-integrations-275671", "row": 77, "column": 61, "tagName": "meta", "time": 6181.270426, "url": "", "pos": 1, "chunkLen": 1, "isStartTag": 1}}
06-28 10:18:37.420 28738 28751 E WProf.db: {"WprofHTMLTag": {"code": "0xb4cc79c0", "doc": "http://searchengineland.com/google-optimize-surveys-adwords-integrations-275671", "row": 78, "column": 89, "tagName": "meta", "time": 6181.270538, "url": "", "pos": 1, "chunkLen": 1, "isStartTag": 1}}
06-28 10:18:37.420 28738 28751 E WProf.db: {"WprofHTMLTag": {"code": "0xb4cc79f0", "doc": "http://searchengineland.com/google-optimize-surveys-adwords-integrations-275671", "row": 79, "column": 82, "tagName": "meta", "time": 6181.270653, "url": "", "pos": 1, "chunkLen": 1, "isStartTag": 1}}
06-28 10:18:37.420 28738 28751 E WProf.db: {"WprofHTMLTag": {"code": "0xb4cc7a20", "doc": "http://searchengineland.com/google-optimize-surveys-adwords-integrations-275671", "row": 80, "column": 70, "tagName": "meta", "time": 6181.270764, "url": "", "pos": 1, "chunkLen": 1, "isStartTag": 1}}
06-28 10:18:37.420 28738 28751 E WProf.db: {"WprofHTMLTag": {"code": "0xb4cc7a50", "doc": "http://searchengineland.com/google-optimize-surveys-adwords-integrations-275671", "row": 81, "column": 78, "tagName": "meta", "time": 6181.270870, "url": "", "pos": 1, "chunkLen": 1, "isStartTag": 1}}
06-28 10:18:37.420 28738 28751 E WProf.db: {"WprofHTMLTag": {"code": "0xb4cc7a80", "doc": "http://searchengineland.com/google-optimize-surveys-adwords-integrations-275671", "row": 82, "column": 77, "tagName": "meta", "time": 6181.270973, "url": "", "pos": 1, "chunkLen": 1, "isStartTag": 1}}
06-28 10:18:37.420 28738 28751 E WProf.db: {"WprofHTMLTag": {"code": "0xb4cc7ab0", "doc": "http://searchengineland.com/google-optimize-surveys-adwords-integrations-275671", "row": 83, "column": 71, "tagName": "meta", "time": 6181.271082, "url": "", "pos": 1, "chunkLen": 1, "isStartTag": 1}}
06-28 10:18:37.420 28738 28751 E WProf.db: {"WprofHTMLTag": {"code": "0xb4cc7ae0", "doc": "http://searchengineland.com/google-optimize-surveys-adwords-integrations-275671", "row": 84, "column": 136, "tagName": "meta", "time": 6181.271204, "url": "", "pos": 1, "chunkLen": 1, "isStartTag": 1}}
06-28 10:18:37.420 28738 28751 E WProf.db: {"WprofHTMLTag": {"code": "0xb4cc7b10", "doc": "http://searchengineland.com/google-optimize-surveys-adwords-integrations-275671", "row": 85, "column": 48, "tagName": "meta", "time": 6181.271311, "url": "", "pos": 1, "chunkLen": 1, "isStartTag": 1}}
06-28 10:18:37.420 28738 28751 E WProf.db: {"WprofHTMLTag": {"code": "0xb4cc7b40", "doc": "http://searchengineland.com/google-optimize-surveys-adwords-integrations-275671", "row": 86, "column": 49, "tagName": "meta", "time": 6181.271427, "url": "", "pos": 1, "chunkLen": 1, "isStartTag": 1}}
06-28 10:18:37.420 28738 28751 E WProf.db: {"WprofHTMLTag": {"code": "0xb4cc7b70", "doc": "http://searchengineland.com/google-optimize-surveys-adwords-integrations-275671", "row": 87, "column": 58, "tagName": "meta", "time": 6181.271542, "url": "", "pos": 1, "chunkLen": 1, "isStartTag": 1}}
06-28 10:18:37.420 28738 28751 E WProf.db: {"WprofHTMLTag": {"code": "0xb4cc7ba0", "doc": "http://searchengineland.com/google-optimize-surveys-adwords-integrations-275671", "row": 88, "column": 175, "tagName": "meta", "time": 6181.271656, "url": "", "pos": 1, "chunkLen": 1, "isStartTag": 1}}
06-28 10:18:37.420 28738 28751 E WProf.db: {"WprofHTMLTag": {"code": "0xb4cc7bd0", "doc": "http://searchengineland.com/google-optimize-surveys-adwords-integrations-275671", "row": 89, "column": 106, "tagName": "meta", "time": 6181.271772, "url": "", "pos": 1, "chunkLen": 1, "isStartTag": 1}}
06-28 10:18:37.420 28738 28751 E WProf.db: {"WprofHTMLTag": {"code": "0xb4cc7c00", "doc": "http://searchengineland.com/google-optimize-surveys-adwords-integrations-275671", "row": 90, "column": 51, "tagName": "meta", "time": 6181.271882, "url": "", "pos": 1, "chunkLen": 1, "isStartTag": 1}}
06-28 10:18:37.420 28738 28751 E WProf.db: {"WprofHTMLTag": {"code": "0xb4cc7c30", "doc": "http://searchengineland.com/google-optimize-surveys-adwords-integrations-275671", "row": 91, "column": 137, "tagName": "meta", "time": 6181.271989, "url": "", "pos": 1, "chunkLen": 1, "isStartTag": 1}}
06-28 10:18:37.421 28738 28751 E WProf.db: {"WprofHTMLTag": {"code": "0xb4cc7c60", "doc": "http://searchengineland.com/google-optimize-surveys-adwords-integrations-275671", "row": 92, "column": 54, "tagName": "meta", "time": 6181.272094, "url": "", "pos": 1, "chunkLen": 1, "isStartTag": 1}}
06-28 10:18:37.421 28738 28751 E WProf.db: {"WprofHTMLTag": {"code": "0xb4cc7c90", "doc": "http://searchengineland.com/google-optimize-surveys-adwords-integrations-275671", "row": 95, "column": 44, "tagName": "link", "time": 6181.272209, "url": "http://s.w.org/", "pos": 1, "chunkLen": 1, "isStartTag": 1}}
06-28 10:18:37.421 28738 28751 E WProf.db: {"WprofHTMLTag": {"code": "0xb4cc7cc0", "doc": "http://searchengineland.com/google-optimize-surveys-adwords-integrations-275671", "row": 96, "column": 33, "tagName": "script", "time": 6181.272561, "url": "", "pos": 1, "chunkLen": 1, "isStartTag": 1}}
06-28 10:18:37.421 28738 28751 E WProf.db: {"WprofHTMLTag": {"code": "0xb4cc7cf0", "doc": "http://searchengineland.com/google-optimize-surveys-adwords-integrations-275671", "row": 99, "column": 11, "tagName": "script", "time": 6181.272739, "url": "http://searchengineland.com/figz/wp-includes/js/wp-emoji-release.min.js?ver=4.7.5", "pos": 1, "chunkLen": 1, "isStartTag": 0}}
06-28 10:18:37.421 28738 28751 E WProf.db: {"WprofHTMLTag": {"code": "0x9ca619c0", "doc": "http://searchengineland.com/google-optimize-surveys-adwords-integrations-275671", "row": 100, "column": 25, "tagName": "style", "time": 6181.865717, "url": "", "pos": 1, "chunkLen": 1, "isStartTag": 1}}
06-28 10:18:37.421 28738 28751 E WProf.db: {"WprofHTMLTag": {"code": "0x9ca619f0", "doc": "http://searchengineland.com/google-optimize-surveys-adwords-integrations-275671", "row": 113, "column": 8, "tagName": "style", "time": 6181.865917, "url": "", "pos": 1, "chunkLen": 1, "isStartTag": 0}}
06-28 10:18:37.421 28738 28751 E WProf.db: {"WprofHTMLTag": {"code": "0x9ca61a20", "doc": "http://searchengineland.com/google-optimize-surveys-adwords-integrations-275671", "row": 114, "column": 140, "tagName": "script", "time": 6181.867659, "url": "http://searchengineland.com/figz/wp-content/themes/searchengineland/js/lib/modernizr.custom.js?ver=1.0", "pos": 1, "chunkLen": 1, "isStartTag": 1}}
06-28 10:18:37.421 28738 28751 E WProf.db: {"WprofHTMLTag": {"code": "0x9ca61a50", "doc": "http://searchengineland.com/google-optimize-surveys-adwords-integrations-275671", "row": 114, "column": 149, "tagName": "script", "time": 6181.867899, "url": "", "pos": 1, "chunkLen": 1, "isStartTag": 0}}
06-28 10:18:37.421 28738 28751 E WProf.db: {"WprofHTMLTag": {"code": "0x9ca61ae0", "doc": "http://searchengineland.com/google-optimize-surveys-adwords-integrations-275671", "row": 115, "column": 144, "tagName": "script", "time": 6181.875702, "url": "http://searchengineland.com/figz/wp-content/themes/searchengineland/js/lib/jquery-1.11.0.min.js?ver=1.11.0", "pos": 1, "chunkLen": 1, "isStartTag": 1}}
06-28 10:18:37.421 28738 28751 E WProf.db: {"WprofHTMLTag": {"code": "0x9ca61b10", "doc": "http://searchengineland.com/google-optimize-surveys-adwords-integrations-275671", "row": 115, "column": 153, "tagName": "script", "time": 6181.875952, "url": "", "pos": 1, "chunkLen": 1, "isStartTag": 0}}
06-28 10:18:37.421 28738 28751 E WProf.db: {"WprofHTMLTag": {"code": "0xaedd5db0", "doc": "http://searchengineland.com/google-optimize-surveys-adwords-integrations-275671", "row": 0, "column": 15, "tagName": "div", "time": 6181.940351, "url": "", "pos": 15, "chunkLen": 44, "isStartTag": 1}}
06-28 10:18:37.422 28738 28751 E WProf.db: {"WprofHTMLTag": {"code": "0xaedd5d80", "doc": "http://searchengineland.com/google-optimize-surveys-adwords-integrations-275671", "row": 0, "column": 21, "tagName": "div", "time": 6181.940490, "url": "", "pos": 21, "chunkLen": 44, "isStartTag": 0}}
06-28 10:18:37.422 28738 28751 E WProf.db: {"WprofHTMLTag": {"code": "0xaedd5ab0", "doc": "http://searchengineland.com/google-optimize-surveys-adwords-integrations-275671", "row": 0, "column": 38, "tagName": "div", "time": 6181.940559, "url": "", "pos": 38, "chunkLen": 44, "isStartTag": 1}}
06-28 10:18:37.422 28738 28751 E WProf.db: {"WprofHTMLTag": {"code": "0xaedd5d50", "doc": "http://searchengineland.com/google-optimize-surveys-adwords-integrations-275671", "row": 0, "column": 44, "tagName": "div", "time": 6181.940675, "url": "", "pos": 44, "chunkLen": 44, "isStartTag": 0}}
06-28 10:18:37.422 28738 28751 E WProf.db: {"WprofHTMLTag": {"code": "0xaedd5d20", "doc": "http://searchengineland.com/google-optimize-surveys-adwords-integrations-275671", "row": 0, "column": 13, "tagName": "select", "time": 6181.942114, "url": "", "pos": 13, "chunkLen": 51, "isStartTag": 1}}
06-28 10:18:37.422 28738 28751 E WProf.db: {"WprofHTMLTag": {"code": "0xaedd5cf0", "doc": "http://searchengineland.com/google-optimize-surveys-adwords-integrations-275671", "row": 0, "column": 33, "tagName": "option", "time": 6181.942296, "url": "", "pos": 33, "chunkLen": 51, "isStartTag": 1}}
06-28 10:18:37.422 28738 28751 E WProf.db: {"WprofHTMLTag": {"code": "0x9ca61b70", "doc": "http://searchengineland.com/google-optimize-surveys-adwords-integrations-275671", "row": 0, "column": 42, "tagName": "option", "time": 6181.942490, "url": "", "pos": 42, "chunkLen": 51, "isStartTag": 0}}
06-28 10:18:37.422 28738 28751 E WProf.db: {"WprofHTMLTag": {"code": "0x9ca61ba0", "doc": "http://searchengineland.com/google-optimize-surveys-adwords-integrations-275671", "row": 0, "column": 51, "tagName": "select", "time": 6181.942548, "url": "", "pos": 51, "chunkLen": 51, "isStartTag": 0}}
06-28 10:18:37.422 28738 28751 E WProf.db: {"WprofHTMLTag": {"code": "0x9ca61bd0", "doc": "http://searchengineland.com/google-optimize-surveys-adwords-integrations-275671", "row": 0, "column": 12, "tagName": "a", "time": 6181.947232, "url": "", "pos": 12, "chunkLen": 16, "isStartTag": 1}}
06-28 10:18:37.422 28738 28751 E WProf.db: {"WprofHTMLTag": {"code": "0x9ca61c00", "doc": "http://searchengineland.com/google-optimize-surveys-adwords-integrations-275671", "row": 0, "column": 16, "tagName": "a", "time": 6181.947396, "url": "", "pos": 16, "chunkLen": 16, "isStartTag": 0}}
06-28 10:18:37.422 28738 28751 E WProf.db: {"WprofHTMLTag": {"code": "0x9ca61c30", "doc": "http://searchengineland.com/google-optimize-surveys-adwords-integrations-275671", "row": 0, "column": 8, "tagName": "input", "time": 6181.948475, "url": "", "pos": 8, "chunkLen": 8, "isStartTag": 1}}
06-28 10:18:37.422 28738 28751 E WProf.db: {"WprofHTMLTag": {"code": "0x9ca61c60", "doc": "http://searchengineland.com/google-optimize-surveys-adwords-integrations-275671", "row": 0, "column": 9, "tagName": "link", "time": 6181.958589, "url": "", "pos": 9, "chunkLen": 42, "isStartTag": 1}}
06-28 10:18:37.422 28738 28751 E WProf.db: {"WprofHTMLTag": {"code": "0x9ca61c90", "doc": "http://searchengineland.com/google-optimize-surveys-adwords-integrations-275671", "row": 0, "column": 16, "tagName": "table", "time": 6181.958702, "url": "", "pos": 16, "chunkLen": 42, "isStartTag": 1}}
06-28 10:18:37.423 28738 28751 E WProf.db: {"WprofHTMLTag": {"code": "0x9ca61cc0", "doc": "http://searchengineland.com/google-optimize-surveys-adwords-integrations-275671", "row": 0, "column": 24, "tagName": "table", "time": 6181.958818, "url": "", "pos": 24, "chunkLen": 42, "isStartTag": 0}}
06-28 10:18:37.423 28738 28751 E WProf.db: {"WprofHTMLTag": {"code": "0x9ca61cf0", "doc": "http://searchengineland.com/google-optimize-surveys-adwords-integrations-275671", "row": 0, "column": 37, "tagName": "a", "time": 6181.958885, "url": "", "pos": 37, "chunkLen": 42, "isStartTag": 1}}
06-28 10:18:37.423 28738 28751 E WProf.db: {"WprofHTMLTag": {"code": "0x9ca61d20", "doc": "http://searchengineland.com/google-optimize-surveys-adwords-integrations-275671", "row": 0, "column": 42, "tagName": "a", "time": 6181.959196, "url": "", "pos": 42, "chunkLen": 42, "isStartTag": 0}}
06-28 10:18:37.423 28738 28751 E WProf.db: {"WprofHTMLTag": {"code": "0x9ca61db0", "doc": "http://searchengineland.com/google-optimize-surveys-adwords-integrations-275671", "row": 0, "column": 10, "tagName": "textarea", "time": 6181.960577, "url": "", "pos": 10, "chunkLen": 22, "isStartTag": 1}}
06-28 10:18:37.423 28738 28751 E WProf.db: {"WprofHTMLTag": {"code": "0x9ca61de0", "doc": "http://searchengineland.com/google-optimize-surveys-adwords-integrations-275671", "row": 0, "column": 22, "tagName": "textarea", "time": 6181.960781, "url": "", "pos": 22, "chunkLen": 22, "isStartTag": 0}}
06-28 10:18:37.423 28738 28751 E WProf.db: {"WprofHTMLTag": {"code": "0x9ca61e10", "doc": "http://searchengineland.com/google-optimize-surveys-adwords-integrations-275671", "row": 0, "column": 48, "tagName": "input", "time": 6181.962140, "url": "", "pos": 48, "chunkLen": 48, "isStartTag": 1}}
06-28 10:18:37.423 28738 28751 E WProf.db: {"WprofHTMLTag": {"code": "0x9ca61e70", "doc": "http://searchengineland.com/google-optimize-surveys-adwords-integrations-275671", "row": 0, "column": 9, "tagName": "link", "time": 6181.967357, "url": "", "pos": 9, "chunkLen": 66, "isStartTag": 1}}
06-28 10:18:37.423 28738 28751 E WProf.db: {"WprofHTMLTag": {"code": "0x9ca61ea0", "doc": "http://searchengineland.com/google-optimize-surveys-adwords-integrations-275671", "row": 0, "column": 16, "tagName": "table", "time": 6181.967475, "url": "", "pos": 16, "chunkLen": 66, "isStartTag": 1}}
06-28 10:18:37.423 28738 28751 E WProf.db: {"WprofHTMLTag": {"code": "0x9ca61ed0", "doc": "http://searchengineland.com/google-optimize-surveys-adwords-integrations-275671", "row": 0, "column": 24, "tagName": "table", "time": 6181.967550, "url": "", "pos": 24, "chunkLen": 66, "isStartTag": 0}}
06-28 10:18:37.423 28738 28751 E WProf.db: {"WprofHTMLTag": {"code": "0x9ca61f00", "doc": "http://searchengineland.com/google-optimize-surveys-adwords-integrations-275671", "row": 0, "column": 37, "tagName": "a", "time": 6181.967622, "url": "", "pos": 37, "chunkLen": 66, "isStartTag": 1}}
06-28 10:18:37.423 28738 28751 E WProf.db: {"WprofHTMLTag": {"code": "0x9ca61f30", "doc": "http://searchengineland.com/google-optimize-surveys-adwords-integrations-275671", "row": 0, "column": 42, "tagName": "a", "time": 6181.967793, "url": "", "pos": 42, "chunkLen": 66, "isStartTag": 0}}
06-28 10:18:37.423 28738 28751 E WProf.db: {"WprofHTMLTag": {"code": "0x9ca61f60", "doc": "http://searchengineland.com/google-optimize-surveys-adwords-integrations-275671", "row": 0, "column": 66, "tagName": "input", "time": 6181.967860, "url": "", "pos": 66, "chunkLen": 66, "isStartTag": 1}}
06-28 10:18:37.423 28738 28751 E WProf.db: {"WprofHTMLTag": {"code": "0x9ca61ff0", "doc": "http://searchengineland.com/google-optimize-surveys-adwords-integrations-275671", "row": 0, "column": 9, "tagName": "link", "time": 6181.969653, "url": "", "pos": 9, "chunkLen": 66, "isStartTag": 1}}
06-28 10:18:37.424 28738 28751 E WProf.db: {"WprofHTMLTag": {"code": "0x9ca62020", "doc": "http://searchengineland.com/google-optimize-surveys-adwords-integrations-275671", "row": 0, "column": 16, "tagName": "table", "time": 6181.969761, "url": "", "pos": 16, "chunkLen": 66, "isStartTag": 1}}
06-28 10:18:37.424 28738 28751 E WProf.db: {"WprofHTMLTag": {"code": "0x9ca62050", "doc": "http://searchengineland.com/google-optimize-surveys-adwords-integrations-275671", "row": 0, "column": 24, "tagName": "table", "time": 6181.969824, "url": "", "pos": 24, "chunkLen": 66, "isStartTag": 0}}
06-28 10:18:37.424 28738 28751 E WProf.db: {"WprofHTMLTag": {"code": "0x9ca62080", "doc": "http://searchengineland.com/google-optimize-surveys-adwords-integrations-275671", "row": 0, "column": 37, "tagName": "a", "time": 6181.969882, "url": "", "pos": 37, "chunkLen": 66, "isStartTag": 1}}
06-28 10:18:37.424 28738 28751 E WProf.db: {"WprofHTMLTag": {"code": "0x9ca620b0", "doc": "http://searchengineland.com/google-optimize-surveys-adwords-integrations-275671", "row": 0, "column": 42, "tagName": "a", "time": 6181.970122, "url": "", "pos": 42, "chunkLen": 66, "isStartTag": 0}}
06-28 10:18:37.424 28738 28751 E WProf.db: {"WprofHTMLTag": {"code": "0x9ca620e0", "doc": "http://searchengineland.com/google-optimize-surveys-adwords-integrations-275671", "row": 0, "column": 66, "tagName": "input", "time": 6181.970182, "url": "", "pos": 66, "chunkLen": 66, "isStartTag": 1}}
