--------- beginning of main
06-28 09:36:53.200  3449  3449 E Finsky  : [1] com.google.android.finsky.wear.bl.a(3): onConnectionFailed: ConnectionResult{statusCode=API_UNAVAILABLE, resolution=null, message=null}
--------- beginning of system
06-28 09:36:54.316 13659 13659 E chromium: [ERROR:shell_integration_android.cc(12)] Not implemented reached in static ShellIntegration::DefaultWebClientSetPermission ShellIntegration::CanSetAsDefaultBrowser()
06-28 09:36:54.320 13659 13659 E chromium: [ERROR:browser_process_impl.cc(720)] Not implemented reached in virtual BackgroundModeManager* BrowserProcessImpl::background_mode_manager()
06-28 09:36:54.613  3218  5040 E AudioRecord-JNI: Error -4 during AudioRecord native read
06-28 09:36:54.892  2135 13034 E Publisher: ProcessDatabaseInternal start
06-28 09:36:57.155 13659 13717 E chromium: [ERROR:gles2_cmd_decoder.cc(3852)] [.ChromiumCompositor-0xacbb2fc0]GL ERROR :GL_INVALID_ENUM : glDiscardFramebufferEXT: attachments was GL_COLOR_EXT
06-28 09:36:57.425 13737 13750 E WPROF   : {"Javascript": {"url": "https://cdn.ampproject.org/rtv/011498506512561/v0.js", "requestTime": 3694.480509}}
06-28 09:36:57.426 13737 13750 E WPROF   : {"Javascript": {"url": "https://cdn.ampproject.org/rtv/011498506512561/v0/amp-ad-0.1.js", "requestTime": 3694.481234}}
06-28 09:36:57.426 13737 13750 E WPROF   : {"Javascript": {"url": "https://cdn.ampproject.org/rtv/011498506512561/v0/amp-analytics-0.1.js", "requestTime": 3694.481907}}
06-28 09:36:57.427 13737 13750 E WPROF   : {"Javascript": {"url": "https://cdn.ampproject.org/rtv/011498506512561/v0/amp-anim-0.1.js", "requestTime": 3694.482854}}
06-28 09:36:57.428 13737 13750 E WPROF   : {"Javascript": {"url": "https://cdn.ampproject.org/rtv/011498506512561/v0/amp-form-0.1.js", "requestTime": 3694.483531}}
06-28 09:36:57.428 13737 13750 E WPROF   : {"Javascript": {"url": "https://cdn.ampproject.org/rtv/011498506512561/v0/amp-sidebar-0.1.js", "requestTime": 3694.484151}}
06-28 09:36:57.429 13737 13750 E WPROF   : {"Javascript": {"url": "https://cdn.ampproject.org/rtv/011498506512561/v0/amp-video-0.1.js", "requestTime": 3694.484783}}
06-28 09:36:57.430 13737 13750 E WPROF   : {"Javascript": {"url": "https://cdn.ampproject.org/rtv/011498506512561/v0/amp-youtube-0.1.js", "requestTime": 3694.485424}}
06-28 09:36:57.431 13737 13750 E WPROF   : {"CSS": {"url": "https://fonts.googleapis.com/css?family=Oswald:300,400,700", "requestTime": 3694.486246}}
06-28 09:36:57.431 13737 13750 E WPROF   : {"CSS": {"url": "https://fonts.googleapis.com/css?family=Merriweather:400,400italic,700,700italic", "requestTime": 3694.486869}}
06-28 09:36:57.439 13737 13750 E WPROF   : {"Javascript": {"url": "https://cdn.ampproject.org/rtv/011498506512561/v0/amp-mustache-0.1.js", "requestTime": 3694.494442}}
06-28 09:36:58.084 13659 13717 E chromium: [ERROR:gles2_cmd_decoder.cc(3852)] [.ChromiumCompositor-0xacbb2fc0]GL ERROR :GL_INVALID_ENUM : glDiscardFramebufferEXT: attachments was GL_COLOR_EXT
06-28 09:36:58.798 13659 13717 E chromium: [ERROR:gles2_cmd_decoder.cc(3852)] [.ChromiumCompositor-0xacbb2fc0]GL ERROR :GL_INVALID_ENUM : glDiscardFramebufferEXT: attachments was GL_COLOR_EXT
06-28 09:36:58.858 13659 13717 E chromium: [ERROR:gles2_cmd_decoder.cc(3852)] [.ChromiumCompositor-0xacbb2fc0]GL ERROR :GL_INVALID_ENUM : glDiscardFramebufferEXT: attachments was GL_COLOR_EXT
06-28 09:36:58.880 13659 13717 E chromium: [ERROR:gles2_cmd_decoder.cc(3852)] [.ChromiumCompositor-0xacbb2fc0]GL ERROR :GL_INVALID_ENUM : glDiscardFramebufferEXT: attachments was GL_COLOR_EXT
06-28 09:36:58.888 13659 13717 E chromium: [ERROR:gles2_cmd_decoder.cc(3852)] [.ChromiumCompositor-0xacbb2fc0]GL ERROR :GL_INVALID_ENUM : glDiscardFramebufferEXT: attachments was GL_COLOR_EXT
06-28 09:36:58.905 13659 13717 E chromium: [ERROR:gles2_cmd_decoder.cc(3852)] [.ChromiumCompositor-0xacbb2fc0]GL ERROR :GL_INVALID_ENUM : glDiscardFramebufferEXT: attachments was GL_COLOR_EXT
06-28 09:36:58.925 13659 13717 E chromium: [ERROR:gles2_cmd_decoder.cc(3852)] [.ChromiumCompositor-0xacbb2fc0]GL ERROR :GL_INVALID_ENUM : glDiscardFramebufferEXT: attachments was GL_COLOR_EXT
06-28 09:36:58.938 13659 13717 E chromium: [ERROR:gles2_cmd_decoder.cc(3852)] [.ChromiumCompositor-0xacbb2fc0]GL ERROR :GL_INVALID_ENUM : glDiscardFramebufferEXT: attachments was GL_COLOR_EXT
06-28 09:36:58.955 13659 13717 E chromium: [ERROR:gles2_cmd_decoder.cc(3852)] [.ChromiumCompositor-0xacbb2fc0]GL ERROR :GL_INVALID_ENUM : glDiscardFramebufferEXT: attachments was GL_COLOR_EXT
06-28 09:36:58.973 13659 13717 E chromium: [ERROR:gles2_cmd_decoder.cc(3852)] [.ChromiumCompositor-0xacbb2fc0]GL ERROR :GL_INVALID_ENUM : glDiscardFramebufferEXT: attachments was GL_COLOR_EXT
06-28 09:36:58.989 13659 13717 E chromium: [ERROR:gles2_cmd_decoder.cc(3852)] [.ChromiumCompositor-0xacbb2fc0]GL ERROR :GL_INVALID_ENUM : glDiscardFramebufferEXT: attachments was GL_COLOR_EXT
06-28 09:36:59.004 13659 13717 E chromium: [ERROR:gles2_cmd_decoder.cc(3852)] [.ChromiumCompositor-0xacbb2fc0]GL ERROR :GL_INVALID_ENUM : glDiscardFramebufferEXT: attachments was GL_COLOR_EXT
06-28 09:36:59.022 13659 13717 E chromium: [ERROR:gles2_cmd_decoder.cc(3852)] [.ChromiumCompositor-0xacbb2fc0]GL ERROR :GL_INVALID_ENUM : glDiscardFramebufferEXT: attachments was GL_COLOR_EXT
06-28 09:36:59.039 13659 13717 E chromium: [ERROR:gles2_cmd_decoder.cc(3852)] [.ChromiumCompositor-0xacbb2fc0]GL ERROR :GL_INVALID_ENUM : glDiscardFramebufferEXT: attachments was GL_COLOR_EXT
06-28 09:36:59.055 13659 13717 E chromium: [ERROR:gles2_cmd_decoder.cc(3852)] [.ChromiumCompositor-0xacbb2fc0]GL ERROR :GL_INVALID_ENUM : glDiscardFramebufferEXT: attachments was GL_COLOR_EXT
06-28 09:36:59.093 13659 13717 E chromium: [ERROR:gles2_cmd_decoder.cc(3852)] [.ChromiumCompositor-0xacbb2fc0]GL ERROR :GL_INVALID_ENUM : glDiscardFramebufferEXT: attachments was GL_COLOR_EXT
06-28 09:36:59.111 13659 13717 E chromium: [ERROR:gles2_cmd_decoder.cc(3852)] [.ChromiumCompositor-0xacbb2fc0]GL ERROR :GL_INVALID_ENUM : glDiscardFramebufferEXT: attachments was GL_COLOR_EXT
06-28 09:36:59.136 13659 13717 E chromium: [ERROR:gles2_cmd_decoder.cc(3852)] [.ChromiumCompositor-0xacbb2fc0]GL ERROR :GL_INVALID_ENUM : glDiscardFramebufferEXT: attachments was GL_COLOR_EXT
06-28 09:36:59.156 13659 13717 E chromium: [ERROR:gles2_cmd_decoder.cc(3852)] [.ChromiumCompositor-0xacbb2fc0]GL ERROR :GL_INVALID_ENUM : glDiscardFramebufferEXT: attachments was GL_COLOR_EXT
06-28 09:36:59.207 13659 13717 E chromium: [ERROR:gles2_cmd_decoder.cc(3852)] [.ChromiumCompositor-0xacbb2fc0]GL ERROR :GL_INVALID_ENUM : glDiscardFramebufferEXT: attachments was GL_COLOR_EXT
06-28 09:36:59.235 13659 13717 E chromium: [ERROR:gles2_cmd_decoder.cc(3852)] [.ChromiumCompositor-0xacbb2fc0]GL ERROR :GL_INVALID_ENUM : glDiscardFramebufferEXT: attachments was GL_COLOR_EXT
06-28 09:36:59.253 13659 13717 E chromium: [ERROR:gles2_cmd_decoder.cc(3852)] [.ChromiumCompositor-0xacbb2fc0]GL ERROR :GL_INVALID_ENUM : glDiscardFramebufferEXT: attachments was GL_COLOR_EXT
06-28 09:36:59.264 13659 13717 E chromium: [ERROR:gles2_cmd_decoder.cc(3852)] [.ChromiumCompositor-0xacbb2fc0]GL ERROR :GL_INVALID_ENUM : glDiscardFramebufferEXT: attachments was GL_COLOR_EXT
06-28 09:36:59.281 13659 13717 E chromium: [ERROR:gles2_cmd_decoder.cc(3852)] [.ChromiumCompositor-0xacbb2fc0]GL ERROR :GL_INVALID_ENUM : glDiscardFramebufferEXT: attachments was GL_COLOR_EXT
06-28 09:36:59.290 13659 13717 E chromium: [ERROR:gles2_cmd_decoder.cc(3852)] [.ChromiumCompositor-0xacbb2fc0]GL ERROR :GL_INVALID_ENUM : glDiscardFramebufferEXT: attachments was GL_COLOR_EXT
06-28 09:36:59.307 13659 13717 E chromium: [ERROR:gles2_cmd_decoder.cc(3852)] [.ChromiumCompositor-0xacbb2fc0]GL ERROR :GL_INVALID_ENUM : glDiscardFramebufferEXT: attachments was GL_COLOR_EXT
06-28 09:36:59.324 13659 13717 E chromium: [ERROR:gles2_cmd_decoder.cc(3852)] [.ChromiumCompositor-0xacbb2fc0]GL ERROR :GL_INVALID_ENUM : glDiscardFramebufferEXT: attachments was GL_COLOR_EXT
06-28 09:36:59.341 13659 13717 E chromium: [ERROR:gles2_cmd_decoder.cc(3852)] [.ChromiumCompositor-0xacbb2fc0]GL ERROR :GL_INVALID_ENUM : glDiscardFramebufferEXT: attachments was GL_COLOR_EXT
06-28 09:36:59.357 13659 13717 E chromium: [ERROR:gles2_cmd_decoder.cc(3852)] [.ChromiumCompositor-0xacbb2fc0]GL ERROR :GL_INVALID_ENUM : glDiscardFramebufferEXT: attachments was GL_COLOR_EXT
06-28 09:36:59.375 13659 13717 E chromium: [ERROR:gles2_cmd_decoder.cc(3852)] [.ChromiumCompositor-0xacbb2fc0]GL ERROR :GL_INVALID_ENUM : glDiscardFramebufferEXT: attachments was GL_COLOR_EXT
06-28 09:36:59.391 13659 13717 E chromium: [ERROR:gles2_cmd_decoder.cc(3852)] [.ChromiumCompositor-0xacbb2fc0]GL ERROR :GL_INVALID_ENUM : glDiscardFramebufferEXT: attachments was GL_COLOR_EXT
06-28 09:36:59.410 13659 13717 E chromium: [ERROR:gles2_cmd_decoder.cc(3852)] [.ChromiumCompositor-0xacbb2fc0]GL ERROR :GL_INVALID_ENUM : glDiscardFramebufferEXT: attachments was GL_COLOR_EXT
06-28 09:36:59.424 13659 13717 E chromium: [ERROR:gles2_cmd_decoder.cc(3852)] [.ChromiumCompositor-0xacbb2fc0]GL ERROR :GL_INVALID_ENUM : glDiscardFramebufferEXT: attachments was GL_COLOR_EXT
06-28 09:36:59.443 13659 13717 E chromium: [ERROR:gles2_cmd_decoder.cc(3852)] [.ChromiumCompositor-0xacbb2fc0]GL ERROR :GL_INVALID_ENUM : glDiscardFramebufferEXT: attachments was GL_COLOR_EXT
06-28 09:36:59.457 13659 13717 E chromium: [ERROR:gles2_cmd_decoder.cc(3852)] [.ChromiumCompositor-0xacbb2fc0]GL ERROR :GL_INVALID_ENUM : glDiscardFramebufferEXT: attachments was GL_COLOR_EXT
06-28 09:36:59.475 13659 13717 E chromium: [ERROR:gles2_cmd_decoder.cc(3852)] [.ChromiumCompositor-0xacbb2fc0]GL ERROR :GL_INVALID_ENUM : glDiscardFramebufferEXT: attachments was GL_COLOR_EXT
06-28 09:36:59.493 13659 13717 E chromium: [ERROR:gles2_cmd_decoder.cc(3852)] [.ChromiumCompositor-0xacbb2fc0]GL ERROR :GL_INVALID_ENUM : glDiscardFramebufferEXT: attachments was GL_COLOR_EXT
06-28 09:36:59.508 13659 13717 E chromium: [ERROR:gles2_cmd_decoder.cc(3852)] [.ChromiumCompositor-0xacbb2fc0]GL ERROR :GL_INVALID_ENUM : glDiscardFramebufferEXT: attachments was GL_COLOR_EXT
06-28 09:36:59.525 13659 13717 E chromium: [ERROR:gles2_cmd_decoder.cc(3852)] [.ChromiumCompositor-0xacbb2fc0]GL ERROR :GL_INVALID_ENUM : glDiscardFramebufferEXT: attachments was GL_COLOR_EXT
06-28 09:36:59.543 13659 13717 E chromium: [ERROR:gles2_cmd_decoder.cc(3852)] [.ChromiumCompositor-0xacbb2fc0]GL ERROR :GL_INVALID_ENUM : glDiscardFramebufferEXT: attachments was GL_COLOR_EXT
06-28 09:36:59.559 13659 13717 E chromium: [ERROR:gles2_cmd_decoder.cc(3852)] [.ChromiumCompositor-0xacbb2fc0]GL ERROR :GL_INVALID_ENUM : glDiscardFramebufferEXT: attachments was GL_COLOR_EXT
06-28 09:36:59.576 13659 13717 E chromium: [ERROR:gles2_cmd_decoder.cc(3852)] [.ChromiumCompositor-0xacbb2fc0]GL ERROR :GL_INVALID_ENUM : glDiscardFramebufferEXT: attachments was GL_COLOR_EXT
06-28 09:36:59.594 13659 13717 E chromium: [ERROR:gles2_cmd_decoder.cc(3852)] [.ChromiumCompositor-0xacbb2fc0]GL ERROR :GL_INVALID_ENUM : glDiscardFramebufferEXT: attachments was GL_COLOR_EXT
06-28 09:36:59.611 13659 13717 E chromium: [ERROR:gles2_cmd_decoder.cc(3852)] [.ChromiumCompositor-0xacbb2fc0]GL ERROR :GL_INVALID_ENUM : glDiscardFramebufferEXT: attachments was GL_COLOR_EXT
06-28 09:36:59.631 13659 13717 E chromium: [ERROR:gles2_cmd_decoder.cc(3852)] [.ChromiumCompositor-0xacbb2fc0]GL ERROR :GL_INVALID_ENUM : glDiscardFramebufferEXT: attachments was GL_COLOR_EXT
06-28 09:36:59.645 13659 13717 E chromium: [ERROR:gles2_cmd_decoder.cc(3852)] [.ChromiumCompositor-0xacbb2fc0]GL ERROR :GL_INVALID_ENUM : glDiscardFramebufferEXT: attachments was GL_COLOR_EXT
06-28 09:36:59.662 13659 13717 E chromium: [ERROR:gles2_cmd_decoder.cc(3852)] [.ChromiumCompositor-0xacbb2fc0]GL ERROR :GL_INVALID_ENUM : glDiscardFramebufferEXT: attachments was GL_COLOR_EXT
06-28 09:36:59.679 13659 13717 E chromium: [ERROR:gles2_cmd_decoder.cc(3852)] [.ChromiumCompositor-0xacbb2fc0]GL ERROR :GL_INVALID_ENUM : glDiscardFramebufferEXT: attachments was GL_COLOR_EXT
06-28 09:36:59.695 13659 13717 E chromium: [ERROR:gles2_cmd_decoder.cc(3852)] [.ChromiumCompositor-0xacbb2fc0]GL ERROR :GL_INVALID_ENUM : glDiscardFramebufferEXT: attachments was GL_COLOR_EXT
06-28 09:36:59.712 13659 13717 E chromium: [ERROR:gles2_cmd_decoder.cc(3852)] [.ChromiumCompositor-0xacbb2fc0]GL ERROR :GL_INVALID_ENUM : glDiscardFramebufferEXT: attachments was GL_COLOR_EXT
06-28 09:36:59.727 13659 13717 E chromium: [ERROR:gles2_cmd_decoder.cc(3852)] [.ChromiumCompositor-0xacbb2fc0]GL ERROR :GL_INVALID_ENUM : glDiscardFramebufferEXT: attachments was GL_COLOR_EXT
06-28 09:36:59.743 13659 13717 E chromium: [ERROR:gles2_cmd_decoder.cc(3852)] [.ChromiumCompositor-0xacbb2fc0]GL ERROR :GL_INVALID_ENUM : glDiscardFramebufferEXT: attachments was GL_COLOR_EXT
06-28 09:36:59.761 13659 13717 E chromium: [ERROR:gles2_cmd_decoder.cc(3852)] [.ChromiumCompositor-0xacbb2fc0]GL ERROR :GL_INVALID_ENUM : glDiscardFramebufferEXT: attachments was GL_COLOR_EXT
06-28 09:36:59.779 13659 13717 E chromium: [ERROR:gles2_cmd_decoder.cc(3852)] [.ChromiumCompositor-0xacbb2fc0]GL ERROR :GL_INVALID_ENUM : glDiscardFramebufferEXT: attachments was GL_COLOR_EXT
06-28 09:36:59.797 13659 13717 E chromium: [ERROR:gles2_cmd_decoder.cc(3852)] [.ChromiumCompositor-0xacbb2fc0]GL ERROR :GL_INVALID_ENUM : glDiscardFramebufferEXT: attachments was GL_COLOR_EXT
06-28 09:36:59.813 13659 13717 E chromium: [ERROR:gles2_cmd_decoder.cc(3852)] [.ChromiumCompositor-0xacbb2fc0]GL ERROR :GL_INVALID_ENUM : glDiscardFramebufferEXT: attachments was GL_COLOR_EXT
06-28 09:36:59.831 13659 13717 E chromium: [ERROR:gles2_cmd_decoder.cc(3852)] [.ChromiumCompositor-0xacbb2fc0]GL ERROR :GL_INVALID_ENUM : glDiscardFramebufferEXT: attachments was GL_COLOR_EXT
06-28 09:36:59.844 13659 13717 E chromium: [ERROR:gles2_cmd_decoder.cc(3852)] [.ChromiumCompositor-0xacbb2fc0]GL ERROR :GL_INVALID_ENUM : glDiscardFramebufferEXT: attachments was GL_COLOR_EXT
06-28 09:36:59.860 13659 13717 E chromium: [ERROR:gles2_cmd_decoder.cc(3852)] [.ChromiumCompositor-0xacbb2fc0]GL ERROR :GL_INVALID_ENUM : glDiscardFramebufferEXT: attachments was GL_COLOR_EXT
06-28 09:36:59.884 13659 13717 E chromium: [ERROR:gles2_cmd_decoder.cc(3852)] [.ChromiumCompositor-0xacbb2fc0]GL ERROR :GL_INVALID_ENUM : glDiscardFramebufferEXT: attachments was GL_COLOR_EXT
06-28 09:36:59.894 13659 13717 E chromium: [ERROR:gles2_cmd_decoder.cc(3852)] [.ChromiumCompositor-0xacbb2fc0]GL ERROR :GL_INVALID_ENUM : glDiscardFramebufferEXT: attachments was GL_COLOR_EXT
06-28 09:36:59.895   862  1657 E LocSvc_IzatApiV02: E/virtual int izat_core::IzatApiV02::getBatchSize(int32_t):522]: Error : st = 4, ind.status = -1628389555
06-28 09:36:59.895   862  1657 E LocSvc_IzatApiV02: E/virtual int izat_core::IzatApiV02::getBatchSize(int32_t):535]: get batching size failed.Or modem does not support batching 
06-28 09:36:59.904   862  1657 E LocSvc_IzatApiV02: E/virtual int izat_core::IzatApiV02::getBatchSize(int32_t):522]: Error : st = 4, ind.status = -1628389555
06-28 09:36:59.904   862  1657 E LocSvc_IzatApiV02: E/virtual int izat_core::IzatApiV02::getBatchSize(int32_t):535]: get batching size failed.Or modem does not support batching 
06-28 09:36:59.910 13659 13717 E chromium: [ERROR:gles2_cmd_decoder.cc(3852)] [.ChromiumCompositor-0xacbb2fc0]GL ERROR :GL_INVALID_ENUM : glDiscardFramebufferEXT: attachments was GL_COLOR_EXT
06-28 09:36:59.926 13659 13717 E chromium: [ERROR:gles2_cmd_decoder.cc(3852)] [.ChromiumCompositor-0xacbb2fc0]GL ERROR :GL_INVALID_ENUM : glDiscardFramebufferEXT: attachments was GL_COLOR_EXT
06-28 09:36:59.937   862  1657 E LocSvc_IzatApiV02: E/virtual int izat_core::IzatApiV02::getBatchSize(int32_t):522]: Error : st = 4, ind.status = -1628389555
06-28 09:36:59.937   862  1657 E LocSvc_IzatApiV02: E/virtual int izat_core::IzatApiV02::getBatchSize(int32_t):535]: get batching size failed.Or modem does not support batching 
06-28 09:36:59.943 13659 13717 E chromium: [ERROR:gles2_cmd_decoder.cc(3852)] [.ChromiumCompositor-0xacbb2fc0]GL ERROR :GL_INVALID_ENUM : glDiscardFramebufferEXT: attachments was GL_COLOR_EXT
06-28 09:36:59.960 13659 13717 E chromium: [ERROR:gles2_cmd_decoder.cc(3852)] [.ChromiumCompositor-0xacbb2fc0]GL ERROR :GL_INVALID_ENUM : glDiscardFramebufferEXT: attachments was GL_COLOR_EXT
06-28 09:36:59.960   862  1657 E LocSvc_IzatApiV02: E/virtual int izat_core::IzatApiV02::getBatchSize(int32_t):522]: Error : st = 4, ind.status = -1628389555
06-28 09:36:59.960   862  1657 E LocSvc_IzatApiV02: E/virtual int izat_core::IzatApiV02::getBatchSize(int32_t):535]: get batching size failed.Or modem does not support batching 
06-28 09:36:59.976 13659 13717 E chromium: [ERROR:gles2_cmd_decoder.cc(3852)] [.ChromiumCompositor-0xacbb2fc0]GL ERROR :GL_INVALID_ENUM : glDiscardFramebufferEXT: attachments was GL_COLOR_EXT
06-28 09:36:59.993 13659 13717 E chromium: [ERROR:gles2_cmd_decoder.cc(3852)] [.ChromiumCompositor-0xacbb2fc0]GL ERROR :GL_INVALID_ENUM : glDiscardFramebufferEXT: attachments was GL_COLOR_EXT
06-28 09:37:00.011 13659 13717 E chromium: [ERROR:gles2_cmd_decoder.cc(3852)] [.ChromiumCompositor-0xacbb2fc0]GL ERROR :GL_INVALID_ENUM : glDiscardFramebufferEXT: attachments was GL_COLOR_EXT
06-28 09:37:00.026 13659 13717 E chromium: [ERROR:gles2_cmd_decoder.cc(3852)] [.ChromiumCompositor-0xacbb2fc0]GL ERROR :GL_INVALID_ENUM : glDiscardFramebufferEXT: attachments was GL_COLOR_EXT
06-28 09:37:00.043 13659 13717 E chromium: [ERROR:gles2_cmd_decoder.cc(3852)] [.ChromiumCompositor-0xacbb2fc0]GL ERROR :GL_INVALID_ENUM : glDiscardFramebufferEXT: attachments was GL_COLOR_EXT
06-28 09:37:00.061 13659 13717 E chromium: [ERROR:gles2_cmd_decoder.cc(3852)] [.ChromiumCompositor-0xacbb2fc0]GL ERROR :GL_INVALID_ENUM : glDiscardFramebufferEXT: attachments was GL_COLOR_EXT
06-28 09:37:00.064 13737 13750 E WPROF   : {"Javascript": {"url": "https://cdn.ampproject.org/rtv/011498506512561/v0/amp-crypto-polyfill-0.1.js", "requestTime": 3697.119419}}
06-28 09:37:00.077 13659 13717 E chromium: [ERROR:gles2_cmd_decoder.cc(3852)] [.ChromiumCompositor-0xacbb2fc0]GL ERROR :GL_INVALID_ENUM : glDiscardFramebufferEXT: attachments was GL_COLOR_EXT
06-28 09:37:00.094 13659 13717 E chromium: [ERROR:gles2_cmd_decoder.cc(3852)] [.ChromiumCompositor-0xacbb2fc0]GL ERROR :GL_INVALID_ENUM : glDiscardFramebufferEXT: attachments was GL_COLOR_EXT
06-28 09:37:00.112 13659 13717 E chromium: [ERROR:gles2_cmd_decoder.cc(3852)] [.ChromiumCompositor-0xacbb2fc0]GL ERROR :GL_INVALID_ENUM : glDiscardFramebufferEXT: attachments was GL_COLOR_EXT
06-28 09:37:00.128 13659 13717 E chromium: [ERROR:gles2_cmd_decoder.cc(3852)] [.ChromiumCompositor-0xacbb2fc0]GL ERROR :GL_INVALID_ENUM : glDiscardFramebufferEXT: attachments was GL_COLOR_EXT
06-28 09:37:00.145 13659 13717 E chromium: [ERROR:gles2_cmd_decoder.cc(3852)] [.ChromiumCompositor-0xacbb2fc0]GL ERROR :GL_INVALID_ENUM : glDiscardFramebufferEXT: attachments was GL_COLOR_EXT
06-28 09:37:00.162 13659 13717 E chromium: [ERROR:gles2_cmd_decoder.cc(3852)] [.ChromiumCompositor-0xacbb2fc0]GL ERROR :GL_INVALID_ENUM : glDiscardFramebufferEXT: attachments was GL_COLOR_EXT
06-28 09:37:00.178 13659 13717 E chromium: [ERROR:gles2_cmd_decoder.cc(3852)] [.ChromiumCompositor-0xacbb2fc0]GL ERROR :GL_INVALID_ENUM : glDiscardFramebufferEXT: attachments was GL_COLOR_EXT
06-28 09:37:00.194 13659 13717 E chromium: [ERROR:gles2_cmd_decoder.cc(3852)] [.ChromiumCompositor-0xacbb2fc0]GL ERROR :GL_INVALID_ENUM : glDiscardFramebufferEXT: attachments was GL_COLOR_EXT
06-28 09:37:00.211 13659 13717 E chromium: [ERROR:gles2_cmd_decoder.cc(3852)] [.ChromiumCompositor-0xacbb2fc0]GL ERROR :GL_INVALID_ENUM : glDiscardFramebufferEXT: attachments was GL_COLOR_EXT
06-28 09:37:00.228 13659 13717 E chromium: [ERROR:gles2_cmd_decoder.cc(3852)] [.ChromiumCompositor-0xacbb2fc0]GL ERROR :GL_INVALID_ENUM : glDiscardFramebufferEXT: attachments was GL_COLOR_EXT
06-28 09:37:00.241 13737 13750 E WProf.db: {"page": "searchengineland-com.cdn.ampproject.org_c_searchengineland.com_google-officially-rolled-new-tabbed-based-local-panel-quick-access-reviews-276509_amp"}
06-28 09:37:00.241 13737 13750 E WProf.db: {"DOMLoad": 3697.297171}
06-28 09:37:00.242 13737 13750 E WProf.db: {"Resource": {"id": 1, "url": "https://searchengineland-com.cdn.ampproject.org/c/searchengineland.com/google-officially-rolled-new-tabbed-based-local-panel-quick-access-reviews-276509/amp", "sentTime": -1.000000, "len": 35407, "from": "0x0", "mimeType": "text/html", "contentLength": -1, "httpStatus": 200, "connId": 21, "connReused": 1, "cached": 0,"requestTime": 3694.095225, "proxyStart": -1, "proxyEnd": -1, "dnsStart": -1, "dnsEnd": -1, "connectStart": 0, "connectEnd": 71, "sendStart": 71, "sendEnd": 71, "receiveHeadersEnd": 290, "sslStart": -1, "sslEnd": -1}}
06-28 09:37:00.242 13737 13750 E WProf.db: {"ReceivedChunk": {"receivedTime": 3694.403544, "len": 11765}}
06-28 09:37:00.242 13737 13750 E WProf.db: {"ReceivedChunk": {"receivedTime": 3694.476074, "len": 17803}}
06-28 09:37:00.242 13737 13750 E WProf.db: {"ReceivedChunk": {"receivedTime": 3694.476281, "len": 5839}}
06-28 09:37:00.242 13737 13750 E WProf.db: {"WprofHTMLTag": {"code": "0xaedd4660", "doc": "https://searchengineland-com.cdn.ampproject.org/c/searchengineland.com/google-officially-rolled-new-tabbed-based-local-panel-quick-access-reviews-276509/amp", "row": 0, "column": 25, "tagName": "html", "time": 3694.477171, "url": "", "pos": 1, "chunkLen": 1, "isStartTag": 1}}
06-28 09:37:00.242 13737 13750 E WProf.db: {"WprofHTMLTag": {"code": "0xaedd42a0", "doc": "https://searchengineland-com.cdn.ampproject.org/c/searchengineland.com/google-officially-rolled-new-tabbed-based-local-panel-quick-access-reviews-276509/amp", "row": 0, "column": 31, "tagName": "head", "time": 3694.477421, "url": "", "pos": 1, "chunkLen": 1, "isStartTag": 1}}
06-28 09:37:00.242 13737 13750 E WProf.db: {"WprofHTMLTag": {"code": "0xaf0477f0", "doc": "https://searchengineland-com.cdn.ampproject.org/c/searchengineland.com/google-officially-rolled-new-tabbed-based-local-panel-quick-access-reviews-276509/amp", "row": 0, "column": 53, "tagName": "meta", "time": 3694.477445, "url": "", "pos": 1, "chunkLen": 1, "isStartTag": 1}}
06-28 09:37:00.242 13737 13750 E WProf.db: {"WprofHTMLTag": {"code": "0xaf047820", "doc": "https://searchengineland-com.cdn.ampproject.org/c/searchengineland.com/google-officially-rolled-new-tabbed-based-local-panel-quick-access-reviews-276509/amp", "row": 0, "column": 88, "tagName": "meta", "time": 3694.477544, "url": "", "pos": 1, "chunkLen": 1, "isStartTag": 1}}
06-28 09:37:00.242 13737 13750 E WProf.db: {"WprofHTMLTag": {"code": "0xaf047850", "doc": "https://searchengineland-com.cdn.ampproject.org/c/searchengineland.com/google-officially-rolled-new-tabbed-based-local-panel-quick-access-reviews-276509/amp", "row": 0, "column": 122, "tagName": "meta", "time": 3694.477657, "url": "", "pos": 1, "chunkLen": 1, "isStartTag": 1}}
06-28 09:37:00.242 13737 13750 E WProf.db: {"WprofHTMLTag": {"code": "0xaf047880", "doc": "https://searchengineland-com.cdn.ampproject.org/c/searchengineland.com/google-officially-rolled-new-tabbed-based-local-panel-quick-access-reviews-276509/amp", "row": 0, "column": 247, "tagName": "meta", "time": 3694.477778, "url": "", "pos": 1, "chunkLen": 1, "isStartTag": 1}}
06-28 09:37:00.243 13737 13750 E WProf.db: {"WprofHTMLTag": {"code": "0xaf047970", "doc": "https://searchengineland-com.cdn.ampproject.org/c/searchengineland.com/google-officially-rolled-new-tabbed-based-local-panel-quick-access-reviews-276509/amp", "row": 0, "column": 303, "tagName": "meta", "time": 3694.477989, "url": "", "pos": 1, "chunkLen": 1, "isStartTag": 1}}
06-28 09:37:00.243 13737 13750 E WProf.db: {"WprofHTMLTag": {"code": "0xaf0479a0", "doc": "https://searchengineland-com.cdn.ampproject.org/c/searchengineland.com/google-officially-rolled-new-tabbed-based-local-panel-quick-access-reviews-276509/amp", "row": 0, "column": 458, "tagName": "meta", "time": 3694.478110, "url": "", "pos": 1, "chunkLen": 1, "isStartTag": 1}}
06-28 09:37:00.243 13737 13750 E WProf.db: {"WprofHTMLTag": {"code": "0xaf0479d0", "doc": "https://searchengineland-com.cdn.ampproject.org/c/searchengineland.com/google-officially-rolled-new-tabbed-based-local-panel-quick-access-reviews-276509/amp", "row": 0, "column": 585, "tagName": "meta", "time": 3694.478223, "url": "", "pos": 1, "chunkLen": 1, "isStartTag": 1}}
06-28 09:37:00.243 13737 13750 E WProf.db: {"WprofHTMLTag": {"code": "0xaf047a60", "doc": "https://searchengineland-com.cdn.ampproject.org/c/searchengineland.com/google-officially-rolled-new-tabbed-based-local-panel-quick-access-reviews-276509/amp", "row": 0, "column": 634, "tagName": "meta", "time": 3694.478336, "url": "", "pos": 1, "chunkLen": 1, "isStartTag": 1}}
06-28 09:37:00.243 13737 13750 E WProf.db: {"WprofHTMLTag": {"code": "0xaf047a90", "doc": "https://searchengineland-com.cdn.ampproject.org/c/searchengineland.com/google-officially-rolled-new-tabbed-based-local-panel-quick-access-reviews-276509/amp", "row": 0, "column": 764, "tagName": "meta", "time": 3694.478444, "url": "", "pos": 1, "chunkLen": 1, "isStartTag": 1}}
06-28 09:37:00.243 13737 13750 E WProf.db: {"WprofHTMLTag": {"code": "0xaf047ac0", "doc": "https://searchengineland-com.cdn.ampproject.org/c/searchengineland.com/google-officially-rolled-new-tabbed-based-local-panel-quick-access-reviews-276509/amp", "row": 0, "column": 815, "tagName": "meta", "time": 3694.478566, "url": "", "pos": 1, "chunkLen": 1, "isStartTag": 1}}
06-28 09:37:00.243 13737 13750 E WProf.db: {"WprofHTMLTag": {"code": "0xaf047a30", "doc": "https://searchengineland-com.cdn.ampproject.org/c/searchengineland.com/google-officially-rolled-new-tabbed-based-local-panel-quick-access-reviews-276509/amp", "row": 0, "column": 858, "tagName": "meta", "time": 3694.478680, "url": "", "pos": 1, "chunkLen": 1, "isStartTag": 1}}
06-28 09:37:00.243 13737 13750 E WProf.db: {"WprofHTMLTag": {"code": "0xaf047a00", "doc": "https://searchengineland-com.cdn.ampproject.org/c/searchengineland.com/google-officially-rolled-new-tabbed-based-local-panel-quick-access-reviews-276509/amp", "row": 0, "column": 899, "tagName": "meta", "time": 3694.478785, "url": "", "pos": 1, "chunkLen": 1, "isStartTag": 1}}
06-28 09:37:00.243 13737 13750 E WProf.db: {"WprofHTMLTag": {"code": "0xaf047af0", "doc": "https://searchengineland-com.cdn.ampproject.org/c/searchengineland.com/google-officially-rolled-new-tabbed-based-local-panel-quick-access-reviews-276509/amp", "row": 0, "column": 1025, "tagName": "meta", "time": 3694.478891, "url": "", "pos": 1, "chunkLen": 1, "isStartTag": 1}}
06-28 09:37:00.243 13737 13750 E WProf.db: {"WprofHTMLTag": {"code": "0xaf047b20", "doc": "https://searchengineland-com.cdn.ampproject.org/c/searchengineland.com/google-officially-rolled-new-tabbed-based-local-panel-quick-access-reviews-276509/amp", "row": 0, "column": 1179, "tagName": "meta", "time": 3694.479008, "url": "", "pos": 1, "chunkLen": 1, "isStartTag": 1}}
06-28 09:37:00.244 13737 13750 E WProf.db: {"WprofHTMLTag": {"code": "0xaf047b50", "doc": "https://searchengineland-com.cdn.ampproject.org/c/searchengineland.com/google-officially-rolled-new-tabbed-based-local-panel-quick-access-reviews-276509/amp", "row": 0, "column": 1323, "tagName": "meta", "time": 3694.479117, "url": "", "pos": 1, "chunkLen": 1, "isStartTag": 1}}
06-28 09:37:00.244 13737 13750 E WProf.db: {"WprofHTMLTag": {"code": "0xaf047b80", "doc": "https://searchengineland-com.cdn.ampproject.org/c/searchengineland.com/google-officially-rolled-new-tabbed-based-local-panel-quick-access-reviews-276509/amp", "row": 0, "column": 1382, "tagName": "meta", "time": 3694.479224, "url": "", "pos": 1, "chunkLen": 1, "isStartTag": 1}}
06-28 09:37:00.244 13737 13750 E WProf.db: {"WprofHTMLTag": {"code": "0xaf047bb0", "doc": "https://searchengineland-com.cdn.ampproject.org/c/searchengineland.com/google-officially-rolled-new-tabbed-based-local-panel-quick-access-reviews-276509/amp", "row": 0, "column": 1511, "tagName": "meta", "time": 3694.479330, "url": "", "pos": 1, "chunkLen": 1, "isStartTag": 1}}
06-28 09:37:00.244 13737 13750 E WProf.db: {"WprofHTMLTag": {"code": "0xaf047be0", "doc": "https://searchengineland-com.cdn.ampproject.org/c/searchengineland.com/google-officially-rolled-new-tabbed-based-local-panel-quick-access-reviews-276509/amp", "row": 0, "column": 1556, "tagName": "meta", "time": 3694.479441, "url": "", "pos": 1, "chunkLen": 1, "isStartTag": 1}}
06-28 09:37:00.244 13737 13750 E WProf.db: {"WprofHTMLTag": {"code": "0xaf047c10", "doc": "https://searchengineland-com.cdn.ampproject.org/c/searchengineland.com/google-officially-rolled-new-tabbed-based-local-panel-quick-access-reviews-276509/amp", "row": 0, "column": 1602, "tagName": "meta", "time": 3694.479558, "url": "", "pos": 1, "chunkLen": 1, "isStartTag": 1}}
06-28 09:37:00.244 13737 13750 E WProf.db: {"WprofHTMLTag": {"code": "0xaf047c40", "doc": "https://searchengineland-com.cdn.ampproject.org/c/searchengineland.com/google-officially-rolled-new-tabbed-based-local-panel-quick-access-reviews-276509/amp", "row": 0, "column": 1675, "tagName": "script", "time": 3694.479670, "url": "https://cdn.ampproject.org/rtv/011498506512561/v0.js", "pos": 1, "chunkLen": 1, "isStartTag": 1}}
06-28 09:37:00.244 13737 13750 E WProf.db: {"WprofHTMLTag": {"code": "0xaf047c70", "doc": "https://searchengineland-com.cdn.ampproject.org/c/searchengineland.com/google-officially-rolled-new-tabbed-based-local-panel-quick-access-reviews-276509/amp", "row": 0, "column": 1684, "tagName": "script", "time": 3694.479965, "url": "", "pos": 1, "chunkLen": 1, "isStartTag": 0}}
06-28 09:37:00.245 13659 13717 E chromium: [ERROR:gles2_cmd_decoder.cc(3852)] [.ChromiumCompositor-0xacbb2fc0]GL ERROR :GL_INVALID_ENUM : glDiscardFramebufferEXT: attachments was GL_COLOR_EXT
06-28 09:37:00.246 13737 13750 E WProf.db: {"WprofHTMLTag": {"code": "0xaf047ca0", "doc": "https://searchengineland-com.cdn.ampproject.org/c/searchengineland.com/google-officially-rolled-new-tabbed-based-local-panel-quick-access-reviews-276509/amp", "row": 0, "column": 1792, "tagName": "script", "time": 3694.480825, "url": "https://cdn.ampproject.org/rtv/011498506512561/v0/amp-ad-0.1.js", "pos": 1, "chunkLen": 1, "isStartTag": 1}}
06-28 09:37:00.246 13737 13750 E WProf.db: {"WprofHTMLTag": {"code": "0xaf047d00", "doc": "https://searchengineland-com.cdn.ampproject.org/c/searchengineland.com/google-officially-rolled-new-tabbed-based-local-panel-quick-access-reviews-276509/amp", "row": 0, "column": 1801, "tagName": "script", "time": 3694.481077, "url": "", "pos": 1, "chunkLen": 1, "isStartTag": 0}}
06-28 09:37:00.246 13737 13750 E WProf.db: {"WprofHTMLTag": {"code": "0xaf047d30", "doc": "https://searchengineland-com.cdn.ampproject.org/c/searchengineland.com/google-officially-rolled-new-tabbed-based-local-panel-quick-access-reviews-276509/amp", "row": 0, "column": 1923, "tagName": "script", "time": 3694.481480, "url": "https://cdn.ampproject.org/rtv/011498506512561/v0/amp-analytics-0.1.js", "pos": 1, "chunkLen": 1, "isStartTag": 1}}
06-28 09:37:00.246 13737 13750 E WProf.db: {"WprofHTMLTag": {"code": "0xaf047d90", "doc": "https://searchengineland-com.cdn.ampproject.org/c/searchengineland.com/google-officially-rolled-new-tabbed-based-local-panel-quick-access-reviews-276509/amp", "row": 0, "column": 1932, "tagName": "script", "time": 3694.481744, "url": "", "pos": 1, "chunkLen": 1, "isStartTag": 0}}
06-28 09:37:00.246 13737 13750 E WProf.db: {"WprofHTMLTag": {"code": "0xaf047dc0", "doc": "https://searchengineland-com.cdn.ampproject.org/c/searchengineland.com/google-officially-rolled-new-tabbed-based-local-panel-quick-access-reviews-276509/amp", "row": 0, "column": 2044, "tagName": "script", "time": 3694.482384, "url": "https://cdn.ampproject.org/rtv/011498506512561/v0/amp-anim-0.1.js", "pos": 1, "chunkLen": 1, "isStartTag": 1}}
06-28 09:37:00.246 13737 13750 E WProf.db: {"WprofHTMLTag": {"code": "0xaf047e20", "doc": "https://searchengineland-com.cdn.ampproject.org/c/searchengineland.com/google-officially-rolled-new-tabbed-based-local-panel-quick-access-reviews-276509/amp", "row": 0, "column": 2053, "tagName": "script", "time": 3694.482663, "url": "", "pos": 1, "chunkLen": 1, "isStartTag": 0}}
06-28 09:37:00.247 13737 13750 E WProf.db: {"WprofHTMLTag": {"code": "0xaf047e50", "doc": "https://searchengineland-com.cdn.ampproject.org/c/searchengineland.com/google-officially-rolled-new-tabbed-based-local-panel-quick-access-reviews-276509/amp", "row": 0, "column": 2165, "tagName": "script", "time": 3694.483113, "url": "https://cdn.ampproject.org/rtv/011498506512561/v0/amp-form-0.1.js", "pos": 1, "chunkLen": 1, "isStartTag": 1}}
06-28 09:37:00.247 13737 13750 E WProf.db: {"WprofHTMLTag": {"code": "0xaf047eb0", "doc": "https://searchengineland-com.cdn.ampproject.org/c/searchengineland.com/google-officially-rolled-new-tabbed-based-local-panel-quick-access-reviews-276509/amp", "row": 0, "column": 2174, "tagName": "script", "time": 3694.483367, "url": "", "pos": 1, "chunkLen": 1, "isStartTag": 0}}
06-28 09:37:00.247 13737 13750 E WProf.db: {"WprofHTMLTag": {"code": "0xaf047ee0", "doc": "https://searchengineland-com.cdn.ampproject.org/c/searchengineland.com/google-officially-rolled-new-tabbed-based-local-panel-quick-access-reviews-276509/amp", "row": 0, "column": 2292, "tagName": "script", "time": 3694.483741, "url": "https://cdn.ampproject.org/rtv/011498506512561/v0/amp-sidebar-0.1.js", "pos": 1, "chunkLen": 1, "isStartTag": 1}}
06-28 09:37:00.247 13737 13750 E WProf.db: {"WprofHTMLTag": {"code": "0xaf047f40", "doc": "https://searchengineland-com.cdn.ampproject.org/c/searchengineland.com/google-officially-rolled-new-tabbed-based-local-panel-quick-access-reviews-276509/amp", "row": 0, "column": 2301, "tagName": "script", "time": 3694.483989, "url": "", "pos": 1, "chunkLen": 1, "isStartTag": 0}}
06-28 09:37:00.247 13737 13750 E WProf.db: {"WprofHTMLTag": {"code": "0xaf047f70", "doc": "https://searchengineland-com.cdn.ampproject.org/c/searchengineland.com/google-officially-rolled-new-tabbed-based-local-panel-quick-access-reviews-276509/amp", "row": 0, "column": 2415, "tagName": "script", "time": 3694.484367, "url": "https://cdn.ampproject.org/rtv/011498506512561/v0/amp-video-0.1.js", "pos": 1, "chunkLen": 1, "isStartTag": 1}}
06-28 09:37:00.247 13737 13750 E WProf.db: {"WprofHTMLTag": {"code": "0xaf047fd0", "doc": "https://searchengineland-com.cdn.ampproject.org/c/searchengineland.com/google-officially-rolled-new-tabbed-based-local-panel-quick-access-reviews-276509/amp", "row": 0, "column": 2424, "tagName": "script", "time": 3694.484620, "url": "", "pos": 1, "chunkLen": 1, "isStartTag": 0}}
06-28 09:37:00.247 13737 13750 E WProf.db: {"WprofHTMLTag": {"code": "0xb4cc74b0", "doc": "https://searchengineland-com.cdn.ampproject.org/c/searchengineland.com/google-officially-rolled-new-tabbed-based-local-panel-quick-access-reviews-276509/amp", "row": 0, "column": 2542, "tagName": "script", "time": 3694.485002, "url": "https://cdn.ampproject.org/rtv/011498506512561/v0/amp-youtube-0.1.js", "pos": 1, "chunkLen": 1, "isStartTag": 1}}
06-28 09:37:00.248 13737 13750 E WProf.db: {"WprofHTMLTag": {"code": "0xb4cc78a0", "doc": "https://searchengineland-com.cdn.ampproject.org/c/searchengineland.com/google-officially-rolled-new-tabbed-based-local-panel-quick-access-reviews-276509/amp", "row": 0, "column": 2551, "tagName": "script", "time": 3694.485253, "url": "", "pos": 1, "chunkLen": 1, "isStartTag": 0}}
06-28 09:37:00.248 13737 13750 E WProf.db: {"WprofHTMLTag": {"code": "0xaedd4690", "doc": "https://searchengineland-com.cdn.ampproject.org/c/searchengineland.com/google-officially-rolled-new-tabbed-based-local-panel-quick-access-reviews-276509/amp", "row": 0, "column": 2609, "tagName": "link", "time": 3694.485749, "url": "https://searchengineland-com.cdn.ampproject.org/i/searchengineland.com/favicon.ico", "pos": 1, "chunkLen": 1, "isStartTag": 1}}
06-28 09:37:00.248 13737 13750 E WProf.db: {"WprofHTMLTag": {"code": "0xb4cc78d0", "doc": "https://searchengineland-com.cdn.ampproject.org/c/searchengineland.com/google-officially-rolled-new-tabbed-based-local-panel-quick-access-reviews-276509/amp", "row": 0, "column": 2696, "tagName": "link", "time": 3694.486014, "url": "https://fonts.googleapis.com/css?family=Oswald:300,400,700", "pos": 1, "chunkLen": 1, "isStartTag": 1}}
06-28 09:37:00.249 13737 13750 E WProf.db: {"WprofHTMLTag": {"code": "0xb4cc7900", "doc": "https://searchengineland-com.cdn.ampproject.org/c/searchengineland.com/google-officially-rolled-new-tabbed-based-local-panel-quick-access-reviews-276509/amp", "row": 0, "column": 2765, "tagName": "link", "time": 3694.486447, "url": "https://fonts.gstatic.com/", "pos": 1, "chunkLen": 1, "isStartTag": 1}}
06-28 09:37:00.249 13737 13750 E WProf.db: {"WprofHTMLTag": {"code": "0xb4cc79f0", "doc": "https://searchengineland-com.cdn.ampproject.org/c/searchengineland.com/google-officially-rolled-new-tabbed-based-local-panel-quick-access-reviews-276509/amp", "row": 0, "column": 2874, "tagName": "link", "time": 3694.486637, "url": "https://fonts.googleapis.com/css?family=Merriweather:400,400italic,700,700italic", "pos": 1, "chunkLen": 1, "isStartTag": 1}}
06-28 09:37:00.249 13737 13750 E WProf.db: {"WprofHTMLTag": {"code": "0xb4cc7a20", "doc": "https://searchengineland-com.cdn.ampproject.org/c/searchengineland.com/google-officially-rolled-new-tabbed-based-local-panel-quick-access-reviews-276509/amp", "row": 0, "column": 2892, "tagName": "style", "time": 3694.487045, "url": "", "pos": 1, "chunkLen": 1, "isStartTag": 1}}
06-28 09:37:00.249 13737 13750 E WProf.db: {"WprofHTMLTag": {"code": "0xb4cc7a50", "doc": "https://searchengineland-com.cdn.ampproject.org/c/searchengineland.com/google-officially-rolled-new-tabbed-based-local-panel-quick-access-reviews-276509/amp", "row": 612, "column": 9, "tagName": "style", "time": 3694.487296, "url": "", "pos": 1, "chunkLen": 1, "isStartTag": 0}}
06-28 09:37:00.250 13737 13750 E WProf.db: {"WprofHTMLTag": {"code": "0xb4cc7e70", "doc": "https://searchengineland-com.cdn.ampproject.org/c/searchengineland.com/google-officially-rolled-new-tabbed-based-local-panel-quick-access-reviews-276509/amp", "row": 612, "column": 16, "tagName": "title", "time": 3694.493438, "url": "", "pos": 1, "chunkLen": 1, "isStartTag": 1}}
06-28 09:37:00.250 13737 13750 E WProf.db: {"WprofHTMLTag": {"code": "0xb4cc7ea0", "doc": "https://searchengineland-com.cdn.ampproject.org/c/searchengineland.com/google-officially-rolled-new-tabbed-based-local-panel-quick-access-reviews-276509/amp", "row": 612, "column": 113, "tagName": "title", "time": 3694.493730, "url": "", "pos": 1, "chunkLen": 1, "isStartTag": 0}}
06-28 09:37:00.250 13737 13750 E WProf.db: {"WprofHTMLTag": {"code": "0xb4cc7ed0", "doc": "https://searchengineland-com.cdn.ampproject.org/c/searchengineland.com/google-officially-rolled-new-tabbed-based-local-panel-quick-access-reviews-276509/amp", "row": 612, "column": 250, "tagName": "link", "time": 3694.493745, "url": "http://searchengineland.com/google-officially-rolled-new-tabbed-based-local-panel-quick-access-reviews-276509", "pos": 1, "chunkLen": 1, "isStartTag": 1}}
06-28 09:37:00.250 13737 13750 E WProf.db: {"WprofHTMLTag": {"code": "0xb4cc7f00", "doc": "https://searchengineland-com.cdn.ampproject.org/c/searchengineland.com/google-officially-rolled-new-tabbed-based-local-panel-quick-access-reviews-276509/amp", "row": 612, "column": 371, "tagName": "script", "time": 3694.493962, "url": "https://cdn.ampproject.org/rtv/011498506512561/v0/amp-mustache-0.1.js", "pos": 1, "chunkLen": 1, "isStartTag": 1}}
06-28 09:37:00.250 13737 13750 E WProf.db: {"WprofHTMLTag": {"code": "0xb4cc7f60", "doc": "https://searchengineland-com.cdn.ampproject.org/c/searchengineland.com/google-officially-rolled-new-tabbed-based-local-panel-quick-access-reviews-276509/amp", "row": 612, "column": 380, "tagName": "script", "time": 3694.494210, "url": "", "pos": 1, "chunkLen": 1, "isStartTag": 0}}
06-28 09:37:00.250 13737 13750 E WProf.db: {"WprofHTMLTag": {"code": "0xb4cc7f90", "doc": "https://searchengineland-com.cdn.ampproject.org/c/searchengineland.com/google-officially-rolled-new-tabbed-based-local-panel-quick-access-reviews-276509/amp", "row": 612, "column": 403, "tagName": "style", "time": 3694.494964, "url": "", "pos": 1, "chunkLen": 1, "isStartTag": 1}}
06-28 09:37:00.251 13737 13750 E WProf.db: {"WprofHTMLTag": {"code": "0xb4cc7fc0", "doc": "https://searchengineland-com.cdn.ampproject.org/c/searchengineland.com/google-officially-rolled-new-tabbed-based-local-panel-quick-access-reviews-276509/amp", "row": 612, "column": 1027, "tagName": "style", "time": 3694.495113, "url": "", "pos": 1, "chunkLen": 1, "isStartTag": 0}}
06-28 09:37:00.251 13737 13750 E WProf.db: {"WprofHTMLTag": {"code": "0xb4cc7ff0", "doc": "https://searchengineland-com.cdn.ampproject.org/c/searchengineland.com/google-officially-rolled-new-tabbed-based-local-panel-quick-access-reviews-276509/amp", "row": 612, "column": 1037, "tagName": "noscript", "time": 3694.495458, "url": "", "pos": 1, "chunkLen": 1, "isStartTag": 1}}
06-28 09:37:00.251 13737 13750 E WProf.db: {"WprofHTMLTag": {"code": "0xb4cc8020", "doc": "https://searchengineland-com.cdn.ampproject.org/c/searchengineland.com/google-officially-rolled-new-tabbed-based-local-panel-quick-access-reviews-276509/amp", "row": 612, "column": 1180, "tagName": "noscript", "time": 3694.495486, "url": "", "pos": 1, "chunkLen": 1, "isStartTag": 0}}
06-28 09:37:00.251 13737 13750 E WProf.db: {"WprofHTMLTag": {"code": "0xb4cc8050", "doc": "https://searchengineland-com.cdn.ampproject.org/c/searchengineland.com/google-officially-rolled-new-tabbed-based-local-panel-quick-access-reviews-276509/amp", "row": 612, "column": 1187, "tagName": "head", "time": 3694.495493, "url": "", "pos": 1, "chunkLen": 1, "isStartTag": 0}}
06-28 09:37:00.251 13737 13750 E WProf.db: {"WprofHTMLTag": {"code": "0xb4cc8080", "doc": "https://searchengineland-com.cdn.ampproject.org/c/searchengineland.com/google-officially-rolled-new-tabbed-based-local-panel-quick-access-reviews-276509/amp", "row": 612, "column": 1193, "tagName": "body", "time": 3694.495498, "url": "", "pos": 1, "chunkLen": 1, "isStartTag": 1}}
06-28 09:37:00.252 13737 13750 E WProf.db: {"WprofHTMLTag": {"code": "0xb4cc80b0", "doc": "https://searchengineland-com.cdn.ampproject.org/c/searchengineland.com/google-officially-rolled-new-tabbed-based-local-panel-quick-access-reviews-276509/amp", "row": 613, "column": 48, "tagName": "amp-sidebar", "time": 3694.495660, "url": "", "pos": 1, "chunkLen": 1, "isStartTag": 1}}
06-28 09:37:00.252 13737 13750 E WProf.db: {"WprofHTMLTag": {"code": "0xb4cc80e0", "doc": "https://searchengineland-com.cdn.ampproject.org/c/searchengineland.com/google-officially-rolled-new-tabbed-based-local-panel-quick-access-reviews-276509/amp", "row": 614, "column": 6, "tagName": "ul", "time": 3694.495803, "url": "", "pos": 1, "chunkLen": 1, "isStartTag": 1}}
06-28 09:37:00.252 13737 13750 E WProf.db: {"WprofHTMLTag": {"code": "0xb4cc8110", "doc": "https://searchengineland-com.cdn.ampproject.org/c/searchengineland.com/google-officially-rolled-new-tabbed-based-local-panel-quick-access-reviews-276509/amp", "row": 615, "column": 7, "tagName": "li", "time": 3694.495831, "url": "", "pos": 1, "chunkLen": 1, "isStartTag": 1}}
06-28 09:37:00.253 13737 13750 E WProf.db: {"WprofHTMLTag": {"code": "0xb4cc8140", "doc": "https://searchengineland-com.cdn.ampproject.org/c/searchengineland.com/google-officially-rolled-new-tabbed-based-local-panel-quick-access-reviews-276509/amp", "row": 616, "column": 83, "tagName": "a", "time": 3694.495880, "url": "", "pos": 1, "chunkLen": 1, "isStartTag": 1}}
06-28 09:37:00.253 13737 13750 E WProf.db: {"WprofHTMLTag": {"code": "0xb4cc81a0", "doc": "https://searchengineland-com.cdn.ampproject.org/c/searchengineland.com/google-officially-rolled-new-tabbed-based-local-panel-quick-access-reviews-276509/amp", "row": 616, "column": 90, "tagName": "a", "time": 3694.496081, "url": "", "pos": 1, "chunkLen": 1, "isStartTag": 0}}
06-28 09:37:00.253 13737 13750 E WProf.db: {"WprofHTMLTag": {"code": "0xb4cc81d0", "doc": "https://searchengineland-com.cdn.ampproject.org/c/searchengineland.com/google-officially-rolled-new-tabbed-based-local-panel-quick-access-reviews-276509/amp", "row": 617, "column": 8, "tagName": "li", "time": 3694.496099, "url": "", "pos": 1, "chunkLen": 1, "isStartTag": 0}}
06-28 09:37:00.253 13737 13750 E WProf.db: {"WprofHTMLTag": {"code": "0xb4cc8200", "doc": "https://searchengineland-com.cdn.ampproject.org/c/searchengineland.com/google-officially-rolled-new-tabbed-based-local-panel-quick-access-reviews-276509/amp", "row": 618, "column": 7, "tagName": "li", "time": 3694.496115, "url": "", "pos": 1, "chunkLen": 1, "isStartTag": 1}}
06-28 09:37:00.253 13737 13750 E WProf.db: {"WprofHTMLTag": {"code": "0xb4cc8230", "doc": "https://searchengineland-com.cdn.ampproject.org/c/searchengineland.com/google-officially-rolled-new-tabbed-based-local-panel-quick-access-reviews-276509/amp", "row": 619, "column": 83, "tagName": "a", "time": 3694.496146, "url": "", "pos": 1, "chunkLen": 1, "isStartTag": 1}}
06-28 09:37:00.254 13737 13750 E WProf.db: {"WprofHTMLTag": {"code": "0xb4cc8290", "doc": "https://searchengineland-com.cdn.ampproject.org/c/searchengineland.com/google-officially-rolled-new-tabbed-based-local-panel-quick-access-reviews-276509/amp", "row": 619, "column": 90, "tagName": "a", "time": 3694.496331, "url": "", "pos": 1, "chunkLen": 1, "isStartTag": 0}}
06-28 09:37:00.254 13737 13750 E WProf.db: {"WprofHTMLTag": {"code": "0xb4cc82c0", "doc": "https://searchengineland-com.cdn.ampproject.org/c/searchengineland.com/google-officially-rolled-new-tabbed-based-local-panel-quick-access-reviews-276509/amp", "row": 620, "column": 8, "tagName": "li", "time": 3694.496349, "url": "", "pos": 1, "chunkLen": 1, "isStartTag": 0}}
06-28 09:37:00.254 13737 13750 E WProf.db: {"WprofHTMLTag": {"code": "0xb4cc82f0", "doc": "https://searchengineland-com.cdn.ampproject.org/c/searchengineland.com/google-officially-rolled-new-tabbed-based-local-panel-quick-access-reviews-276509/amp", "row": 621, "column": 7, "tagName": "li", "time": 3694.496363, "url": "", "pos": 1, "chunkLen": 1, "isStartTag": 1}}
06-28 09:37:00.254 13737 13750 E WProf.db: {"WprofHTMLTag": {"code": "0xb4cc8350", "doc": "https://searchengineland-com.cdn.ampproject.org/c/searchengineland.com/google-officially-rolled-new-tabbed-based-local-panel-quick-access-reviews-276509/amp", "row": 622, "column": 89, "tagName": "a", "time": 3694.496393, "url": "", "pos": 1, "chunkLen": 1, "isStartTag": 1}}
06-28 09:37:00.254 13737 13750 E WProf.db: {"WprofHTMLTag": {"code": "0xb4cc83b0", "doc": "https://searchengineland-com.cdn.ampproject.org/c/searchengineland.com/google-officially-rolled-new-tabbed-based-local-panel-quick-access-reviews-276509/amp", "row": 622, "column": 99, "tagName": "a", "time": 3694.496549, "url": "", "pos": 1, "chunkLen": 1, "isStartTag": 0}}
06-28 09:37:00.254 13737 13750 E WProf.db: {"WprofHTMLTag": {"code": "0xb4cc83e0", "doc": "https://searchengineland-com.cdn.ampproject.org/c/searchengineland.com/google-officially-rolled-new-tabbed-based-local-panel-quick-access-reviews-276509/amp", "row": 623, "column": 8, "tagName": "li", "time": 3694.496567, "url": "", "pos": 1, "chunkLen": 1, "isStartTag": 0}}
06-28 09:37:00.254 13737 13750 E WProf.db: {"WprofHTMLTag": {"code": "0xb4cc9250", "doc": "https://searchengineland-com.cdn.ampproject.org/c/searchengineland.com/google-officially-rolled-new-tabbed-based-local-panel-quick-access-reviews-276509/amp", "row": 624, "column": 7, "tagName": "li", "time": 3694.496583, "url": "", "pos": 1, "chunkLen": 1, "isStartTag": 1}}
06-28 09:37:00.254 13737 13750 E WProf.db: {"WprofHTMLTag": {"code": "0xb4cc9400", "doc": "https://searchengineland-com.cdn.ampproject.org/c/searchengineland.com/google-officially-rolled-new-tabbed-based-local-panel-quick-access-reviews-276509/amp", "row": 625, "column": 87, "tagName": "a", "time": 3694.496612, "url": "", "pos": 1, "chunkLen": 1, "isStartTag": 1}}
06-28 09:37:00.254 13737 13750 E WProf.db: {"WprofHTMLTag": {"code": "0xb4cc9460", "doc": "https://searchengineland-com.cdn.ampproject.org/c/searchengineland.com/google-officially-rolled-new-tabbed-based-local-panel-quick-access-reviews-276509/amp", "row": 625, "column": 96, "tagName": "a", "time": 3694.496756, "url": "", "pos": 1, "chunkLen": 1, "isStartTag": 0}}
06-28 09:37:00.255 13737 13750 E WProf.db: {"WprofHTMLTag": {"code": "0xb4cc9490", "doc": "https://searchengineland-com.cdn.ampproject.org/c/searchengineland.com/google-officially-rolled-new-tabbed-based-local-panel-quick-access-reviews-276509/amp", "row": 626, "column": 8, "tagName": "li", "time": 3694.496774, "url": "", "pos": 1, "chunkLen": 1, "isStartTag": 0}}
06-28 09:37:00.255 13737 13750 E WProf.db: {"WprofHTMLTag": {"code": "0xb4cc94c0", "doc": "https://searchengineland-com.cdn.ampproject.org/c/searchengineland.com/google-officially-rolled-new-tabbed-based-local-panel-quick-access-reviews-276509/amp", "row": 627, "column": 7, "tagName": "li", "time": 3694.496788, "url": "", "pos": 1, "chunkLen": 1, "isStartTag": 1}}
06-28 09:37:00.255 13737 13750 E WProf.db: {"WprofHTMLTag": {"code": "0xb4cc94f0", "doc": "https://searchengineland-com.cdn.ampproject.org/c/searchengineland.com/google-officially-rolled-new-tabbed-based-local-panel-quick-access-reviews-276509/amp", "row": 628, "column": 89, "tagName": "a", "time": 3694.496815, "url": "", "pos": 1, "chunkLen": 1, "isStartTag": 1}}
06-28 09:37:00.255 13737 13750 E WProf.db: {"WprofHTMLTag": {"code": "0xaa2ae000", "doc": "https://searchengineland-com.cdn.ampproject.org/c/searchengineland.com/google-officially-rolled-new-tabbed-based-local-panel-quick-access-reviews-276509/amp", "row": 628, "column": 99, "tagName": "a", "time": 3694.496969, "url": "", "pos": 1, "chunkLen": 1, "isStartTag": 0}}
