--------- beginning of main
06-28 09:49:37.592  3449  3449 E Finsky  : [1] com.google.android.finsky.wear.bl.a(3): onConnectionFailed: ConnectionResult{statusCode=API_UNAVAILABLE, resolution=null, message=null}
--------- beginning of system
06-28 09:49:38.650 18114 18114 E chromium: [ERROR:shell_integration_android.cc(12)] Not implemented reached in static ShellIntegration::DefaultWebClientSetPermission ShellIntegration::CanSetAsDefaultBrowser()
06-28 09:49:38.655 18114 18114 E chromium: [ERROR:browser_process_impl.cc(720)] Not implemented reached in virtual BackgroundModeManager* BrowserProcessImpl::background_mode_manager()
06-28 09:49:39.006  3218 15780 E AudioRecord-JNI: Error -4 during AudioRecord native read
06-28 09:49:41.497 18114 18162 E chromium: [ERROR:gles2_cmd_decoder.cc(3852)] [.ChromiumCompositor-0xacbb2fc0]GL ERROR :GL_INVALID_ENUM : glDiscardFramebufferEXT: attachments was GL_COLOR_EXT
06-28 09:49:41.815 18180 18193 E WPROF   : {"CSS": {"url": "http://searchengineland.com/figz/wp-content/themes/searchengineland/css/searchengineland-bootstrap.css", "requestTime": 4458.871205}}
06-28 09:49:41.816 18180 18193 E WPROF   : {"CSS": {"url": "http://fonts.googleapis.com/css?family=Oswald:300,400,700", "requestTime": 4458.872040}}
06-28 09:49:41.817 18180 18193 E WPROF   : {"CSS": {"url": "http://searchengineland.com/figz/wp-content/themes/searchengineland/style.css", "requestTime": 4458.873002}}
06-28 09:49:41.826 18180 18193 E WPROF   : {"Javascript": {"url": "http://searchengineland.com/figz/wp-content/themes/searchengineland/js/lib/modernizr.custom.js?ver=1.0", "requestTime": 4458.881944}}
06-28 09:49:41.827 18180 18193 E WPROF   : {"Javascript": {"url": "http://searchengineland.com/figz/wp-content/themes/searchengineland/js/lib/jquery-1.11.0.min.js?ver=1.11.0", "requestTime": 4458.882932}}
06-28 09:49:41.828 18180 18193 E WPROF   : {"Javascript": {"url": "http://searchengineland.com/figz/wp-content/themes/searchengineland/js/lib/jquery-ui-1.10.3.custom.min.js?ver=1.10.3", "requestTime": 4458.883923}}
06-28 09:49:41.829 18180 18193 E WPROF   : {"Javascript": {"url": "http://searchengineland.com/figz/wp-content/themes/searchengineland/js/lib/jquery.ba-throttle-debounce.min.js?ver=1.1", "requestTime": 4458.884549}}
06-28 09:49:41.833 18180 18193 E WPROF   : {"Javascript": {"url": "http://searchengineland.com/figz/wp-content/themes/searchengineland/js/lib/jquery.countdown.min.js?ver=2.0.4", "requestTime": 4458.889087}}
06-28 09:49:41.835 18180 18193 E WPROF   : {"Javascript": {"url": "http://static.chartbeat.com/js/chartbeat_mab.js", "requestTime": 4458.890532}}
06-28 09:49:42.438 18180 18193 E WPROF   : {"Javascript": {"url": "http://searchengineland.com/figz/wp-includes/js/wp-emoji-release.min.js?ver=4.7.5", "requestTime": 4459.493676}}
06-28 09:49:42.722 18180 18193 E WPROF   : {"Javascript": {"url": "http://www.googletagservices.com/tag/js/gpt.js", "requestTime": 4459.778034}}
06-28 09:49:42.728 18180 18193 E WPROF   : {"Javascript": {"url": "https://www.google-analytics.com/analytics.js", "requestTime": 4459.783511}}
06-28 09:49:42.731 18180 18193 E WPROF   : {"Javascript": {"url": "http://edge.quantserve.com/quant.js", "requestTime": 4459.786885}}
06-28 09:49:42.734 18180 18193 E WPROF   : {"Javascript": {"url": "https://connect.facebook.net/en_US/fbevents.js", "requestTime": 4459.789781}}
06-28 09:49:42.805 18114 18162 E chromium: [ERROR:gles2_cmd_decoder.cc(3852)] [.ChromiumCompositor-0xacbb2fc0]GL ERROR :GL_INVALID_ENUM : glDiscardFramebufferEXT: attachments was GL_COLOR_EXT
06-28 09:49:42.839 18180 18193 E WPROF   : {"Javascript": {"url": "http://app-sj02.marketo.com/js/forms2/js/forms2.min.js", "requestTime": 4459.894390}}
06-28 09:49:42.927 18114 18162 E chromium: [ERROR:gles2_cmd_decoder.cc(3852)] [.ChromiumCompositor-0xacbb2fc0]GL ERROR :GL_INVALID_ENUM : glDiscardFramebufferEXT: attachments was GL_COLOR_EXT
06-28 09:49:42.960 18180 18193 E WPROF   : {"Javascript": {"url": "https://connect.facebook.net/signals/config/423979991297359?v=2.7.17", "requestTime": 4460.015951}}
06-28 09:49:43.120 18180 18193 E WPROF   : {"Javascript": {"url": "http://app-sj02.marketo.com/index.php/form/getForm?munchkinId=727-ZQE-044&form=5691&url=http%3A%2F%2Fsearchengineland.com%2Fgoogle-announces-assistant-app-discovery-channels-broad-ranking-factors-275360&callback=jQuery110202453069807961583_1498610983051&_=1498610983052", "requestTime": 4460.176195}}
06-28 09:49:43.140 18180 18193 E WPROF   : {"Javascript": {"url": "http://app-sj02.marketo.com/index.php/form/getForm?munchkinId=727-ZQE-044&form=5685&url=http%3A%2F%2Fsearchengineland.com%2Fgoogle-announces-assistant-app-discovery-channels-broad-ranking-factors-275360&callback=jQuery110202453069807961583_1498610983053&_=1498610983054", "requestTime": 4460.195879}}
06-28 09:49:43.193 18180 18193 E WPROF   : {"Javascript": {"url": "https://securepubads.g.doubleclick.net/gpt/pubads_impl_121.js", "requestTime": 4460.248421}}
06-28 09:49:43.370 18180 18193 E WPROF   : {"Javascript": {"url": "http://app-sj02.marketo.com/index.php/form/getForm?munchkinId=727-ZQE-044&form=5673&url=http%3A%2F%2Fsearchengineland.com%2Fgoogle-announces-assistant-app-discovery-channels-broad-ranking-factors-275360&callback=jQuery110202453069807961583_1498610983055&_=1498610983056", "requestTime": 4460.426013}}
06-28 09:49:43.399 18180 18193 E WPROF   : {"Javascript": {"url": "http://searchengineland.com/js/ga_social_tracking.js", "requestTime": 4460.454609}}
06-28 09:49:43.400 18180 18193 E WPROF   : {"Javascript": {"url": "http://s7.addthis.com/js/300/addthis_widget.js#pubid=ra-53e918f660794f37", "requestTime": 4460.455861}}
06-28 09:49:43.481 18114 18162 E chromium: [ERROR:gles2_cmd_decoder.cc(3852)] [.ChromiumCompositor-0xacbb2fc0]GL ERROR :GL_INVALID_ENUM : glDiscardFramebufferEXT: attachments was GL_COLOR_EXT
06-28 09:49:43.759 18114 18162 E chromium: [ERROR:gles2_cmd_decoder.cc(3852)] [.ChromiumCompositor-0xacbb2fc0]GL ERROR :GL_INVALID_ENUM : glDiscardFramebufferEXT: attachments was GL_COLOR_EXT
06-28 09:49:43.786 18180 18193 E WPROF   : {"CSS": {"url": "http://app-sj02.marketo.com/js/forms2/css/forms2.css", "requestTime": 4460.841781}}
06-28 09:49:43.789 18180 18193 E WPROF   : {"CSS": {"url": "http://app-sj02.marketo.com/js/forms2/css/forms2-theme-simple.css", "requestTime": 4460.844924}}
06-28 09:49:44.215   862  1657 E LocSvc_IzatApiV02: E/virtual int izat_core::IzatApiV02::getBatchSize(int32_t):522]: Error : st = 4, ind.status = -1628389555
06-28 09:49:44.215   862  1657 E LocSvc_IzatApiV02: E/virtual int izat_core::IzatApiV02::getBatchSize(int32_t):535]: get batching size failed.Or modem does not support batching 
06-28 09:49:44.227   862  1657 E LocSvc_IzatApiV02: E/virtual int izat_core::IzatApiV02::getBatchSize(int32_t):522]: Error : st = 4, ind.status = -1628389555
06-28 09:49:44.227   862  1657 E LocSvc_IzatApiV02: E/virtual int izat_core::IzatApiV02::getBatchSize(int32_t):535]: get batching size failed.Or modem does not support batching 
06-28 09:49:44.258   862  1657 E LocSvc_IzatApiV02: E/virtual int izat_core::IzatApiV02::getBatchSize(int32_t):522]: Error : st = 4, ind.status = -1628389555
06-28 09:49:44.258   862  1657 E LocSvc_IzatApiV02: E/virtual int izat_core::IzatApiV02::getBatchSize(int32_t):535]: get batching size failed.Or modem does not support batching 
06-28 09:49:44.266   862  1657 E LocSvc_IzatApiV02: E/virtual int izat_core::IzatApiV02::getBatchSize(int32_t):522]: Error : st = 4, ind.status = -1628389555
06-28 09:49:44.266   862  1657 E LocSvc_IzatApiV02: E/virtual int izat_core::IzatApiV02::getBatchSize(int32_t):535]: get batching size failed.Or modem does not support batching 
06-28 09:49:44.429 18180 18193 E WPROF   : {"Javascript": {"url": "https://securepubads.g.doubleclick.net/gampad/ads?gdfp_req=1&correlator=3803505702731776&output=json_html&callback=googletag.impl.pubads.callbackProxy1&impl=fifs&json_a=1&eid=108809080%2C108809107%2C108809152&sc=0&sfv=1-0-9&iu_parts=1038259%2Csel-ciu-1%2Csel-ciu-2%2Csel-ciu-3%2Csel-ciu-4%2Csel-ciu-5", "requestTime": 4461.484663}}
06-28 09:49:44.527 18180 18193 E WPROF   : {"Javascript": {"url": "https://static.xx.fbcdn.net/rsrc.php/v3iy6L4/yk/l/ko_KR/be4fIjHRc8P.js", "requestTime": 4461.582595}}
06-28 09:49:44.644 18114 18162 E chromium: [ERROR:gles2_cmd_decoder.cc(3852)] [.ChromiumCompositor-0xacbb2fc0]GL ERROR :GL_INVALID_ENUM : glDiscardFramebufferEXT: attachments was GL_COLOR_EXT
06-28 09:49:45.089 18180 18193 E WPROF   : {"Javascript": {"url": "http://platform.twitter.com/widgets.js", "requestTime": 4462.144329}}
06-28 09:49:45.093 18180 18193 E WPROF   : {"Javascript": {"url": "http://connect.facebook.net/en_US/sdk.js", "requestTime": 4462.148415}}
06-28 09:49:45.101 18180 18193 E WPROF   : {"Javascript": {"url": "https://apis.google.com/js/platform.js", "requestTime": 4462.156232}}
06-28 09:49:45.135 18180 18193 E WPROF   : {"Javascript": {"url": "http://rules.quantcount.com/rules-p-5aGizvD82d9hk.js", "requestTime": 4462.190743}}
06-28 09:49:45.140 18180 18193 E WPROF   : {"Javascript": {"url": "http://munchkin.marketo.net/munchkin.js", "requestTime": 4462.196037}}
06-28 09:49:45.438 18180 18193 E WPROF   : {"Javascript": {"url": "http://cdn.api.twitter.com/1/users/show.json?screen_name=gsterling&callback=twttr.setFollowersCount", "requestTime": 4462.493395}}
06-28 09:49:45.552 18180 18193 E WPROF   : {"Javascript": {"url": "http://d2j3qa5nc37287.cloudfront.net/coupon_code1.js", "requestTime": 4462.607762}}
06-28 09:49:45.565 18180 18193 E WPROF   : {"Javascript": {"url": "http://www.googleadservices.com/pagead/conversion.js", "requestTime": 4462.620688}}
06-28 09:49:45.566 18180 18193 E WPROF   : {"Javascript": {"url": "http://searchengineland.com/figz/wp-content/themes/searchengineland/js/script.js?ver=1.0", "requestTime": 4462.622001}}
06-28 09:49:45.568 18180 18193 E WPROF   : {"Javascript": {"url": "http://searchengineland.com/figz/wp-includes/js/wp-embed.min.js?ver=4.7.5", "requestTime": 4462.623350}}
06-28 09:49:45.570 18180 18193 E WPROF   : {"Javascript": {"url": "http://searchengineland.com/figz/wp-content/themes/searchengineland/js/modules/sharing_controls.js", "requestTime": 4462.625640}}
06-28 09:49:45.578 18180 18193 E WPROF   : {"CSS": {"url": "https://www.youtube.com/yts/cssbin/www-embed-player-sprite-mode-vfl5G4Xm8.css", "requestTime": 4462.633429}}
06-28 09:49:45.579 18180 18193 E WPROF   : {"Javascript": {"url": "https://www.youtube.com/yts/jsbin/www-embed-player-vfl_UY_j8/www-embed-player.js", "requestTime": 4462.635091}}
06-28 09:49:45.580 18180 18193 E WPROF   : {"Javascript": {"url": "https://www.youtube.com/yts/jsbin/player-vflo1w4O-/ko_KR/base.js", "requestTime": 4462.635612}}
06-28 09:49:45.593 18114 18162 E chromium: [ERROR:gles2_cmd_decoder.cc(3852)] [.ChromiumCompositor-0xacbb2fc0]GL ERROR :GL_INVALID_ENUM : glDiscardFramebufferEXT: attachments was GL_COLOR_EXT
06-28 09:49:45.677 18114 18162 E chromium: [ERROR:gles2_cmd_decoder.cc(3852)] [.ChromiumCompositor-0xacbb2fc0]GL ERROR :GL_INVALID_ENUM : glDiscardFramebufferEXT: attachments was GL_COLOR_EXT
06-28 09:49:46.430 18180 18193 E WPROF   : {"Javascript": {"url": "http://m.addthisedge.com/live/boost/ra-53e918f660794f37/_ate.track.config_resp", "requestTime": 4463.485407}}
06-28 09:49:46.483 18180 18193 E WPROF   : {"Javascript": {"url": "http://m.addthis.com/live/red_lojson/300lo.json?si=5952fd2825526917&bkl=0&bl=1&pdt=2012&sid=5952fd2825526917&pub=ra-53e918f660794f37&rev=v7.15.4-wp&ln=ko&pc=men&cb=0&ab=-&dp=searchengineland.com&fp=google-announces-assistant-app-discovery-channels-broad-ranking-factors-275360&fr=&of=0&pd=0&irt=0&vcl", "requestTime": 4463.538920}}
06-28 09:49:46.556 18180 18193 E WPROF   : {"Javascript": {"url": "http://dnn506yrbagrg.cloudfront.net/pages/scripts/0026/4062.js?416280", "requestTime": 4463.612186}}
06-28 09:49:46.580 18114 18162 E chromium: [ERROR:gles2_cmd_decoder.cc(3852)] [.ChromiumCompositor-0xacbb2fc0]GL ERROR :GL_INVALID_ENUM : glDiscardFramebufferEXT: attachments was GL_COLOR_EXT
06-28 09:49:46.915 18114 18162 E chromium: [ERROR:gles2_cmd_decoder.cc(3852)] [.ChromiumCompositor-0xacbb2fc0]GL ERROR :GL_INVALID_ENUM : glDiscardFramebufferEXT: attachments was GL_COLOR_EXT
06-28 09:49:47.879 18180 18193 E WPROF   : {"Javascript": {"url": "https://www.google.com/js/bg/KWBfAnWFESAEEaKKgdYlTHY9ysQaNoQuzeMFqvxDSM8.js", "requestTime": 4464.934812}}
06-28 09:49:47.881 18180 18193 E WPROF   : {"Javascript": {"url": "https://static.doubleclick.net/instream/ad_status.js", "requestTime": 4464.936978}}
06-28 09:49:48.062 18114 18162 E chromium: [ERROR:gles2_cmd_decoder.cc(3852)] [.ChromiumCompositor-0xacbb2fc0]GL ERROR :GL_INVALID_ENUM : glDiscardFramebufferEXT: attachments was GL_COLOR_EXT
06-28 09:49:48.705 18114 18162 E chromium: [ERROR:gles2_cmd_decoder.cc(3852)] [.ChromiumCompositor-0xacbb2fc0]GL ERROR :GL_INVALID_ENUM : glDiscardFramebufferEXT: attachments was GL_COLOR_EXT
06-28 09:49:48.847 18114 18162 E chromium: [ERROR:gles2_cmd_decoder.cc(3852)] [.ChromiumCompositor-0xacbb2fc0]GL ERROR :GL_INVALID_ENUM : glDiscardFramebufferEXT: attachments was GL_COLOR_EXT
06-28 09:49:49.437 18114 18162 E chromium: [ERROR:gles2_cmd_decoder.cc(3852)] [.ChromiumCompositor-0xacbb2fc0]GL ERROR :GL_INVALID_ENUM : glDiscardFramebufferEXT: attachments was GL_COLOR_EXT
06-28 09:49:49.780 18180 18193 E WPROF   : {"Javascript": {"url": "https://tpc.googlesyndication.com/pagead/js/r20170619/r20110914/client/ext/m_window_focus_non_hydra.js", "requestTime": 4466.835932}}
06-28 09:49:49.782 18180 18193 E WPROF   : {"Javascript": {"url": "https://tpc.googlesyndication.com/pagead/js/r20170619/r20110914/activeview/osd_listener.js", "requestTime": 4466.837593}}
06-28 09:49:49.786 18180 18193 E WPROF   : {"Javascript": {"url": "http://pagead2.googlesyndication.com/pagead/osd.js", "requestTime": 4466.841738}}
06-28 09:49:50.085 18180 18193 E WPROF   : {"Javascript": {"url": "https://platform.twitter.com/js/button.b731e6c82269f70f6fc53634e044a4c6.js", "requestTime": 4467.140775}}
06-28 09:49:50.091 18180 18193 E WPROF   : {"Javascript": {"url": "http://munchkin.marketo.net/151/munchkin.js", "requestTime": 4467.146422}}
06-28 09:49:50.324 18180 18193 E WPROF   : {"Javascript": {"url": "http://www.justuno.com/ajax/account_version_check.html?id=828FA275-FF73-401E-AA39-40F5A6FAB6B1", "requestTime": 4467.379695}}
06-28 09:49:50.336 18180 18193 E WPROF   : {"Javascript": {"url": "http://s7.addthis.com/static/layers.4acb6c577b51939661ec.js", "requestTime": 4467.391489}}
06-28 09:49:50.426 18114 18162 E chromium: [ERROR:gles2_cmd_decoder.cc(3852)] [.ChromiumCompositor-0xacbb2fc0]GL ERROR :GL_INVALID_ENUM : glDiscardFramebufferEXT: attachments was GL_COLOR_EXT
06-28 09:49:50.626 18114 18162 E chromium: [ERROR:gles2_cmd_decoder.cc(3852)] [.ChromiumCompositor-0xacbb2fc0]GL ERROR :GL_INVALID_ENUM : glDiscardFramebufferEXT: attachments was GL_COLOR_EXT
06-28 09:49:50.663 18114 18162 E chromium: [ERROR:gles2_cmd_decoder.cc(3852)] [.ChromiumCompositor-0xacbb2fc0]GL ERROR :GL_INVALID_ENUM : glDiscardFramebufferEXT: attachments was GL_COLOR_EXT
06-28 09:49:50.845 18114 18162 E chromium: [ERROR:gles2_cmd_decoder.cc(3852)] [.ChromiumCompositor-0xacbb2fc0]GL ERROR :GL_INVALID_ENUM : glDiscardFramebufferEXT: attachments was GL_COLOR_EXT
06-28 09:49:50.996 18114 18162 E chromium: [ERROR:gles2_cmd_decoder.cc(3852)] [.ChromiumCompositor-0xacbb2fc0]GL ERROR :GL_INVALID_ENUM : glDiscardFramebufferEXT: attachments was GL_COLOR_EXT
06-28 09:49:51.047 18114 18162 E chromium: [ERROR:gles2_cmd_decoder.cc(3852)] [.ChromiumCompositor-0xacbb2fc0]GL ERROR :GL_INVALID_ENUM : glDiscardFramebufferEXT: attachments was GL_COLOR_EXT
06-28 09:49:51.198 18180 18193 E WPROF   : {"Javascript": {"url": "https://app-sj02.marketo.com/js/forms2/js/forms2.min.js", "requestTime": 4468.253349}}
06-28 09:49:51.263 18114 18162 E chromium: [ERROR:gles2_cmd_decoder.cc(3852)] [.ChromiumCompositor-0xacbb2fc0]GL ERROR :GL_INVALID_ENUM : glDiscardFramebufferEXT: attachments was GL_COLOR_EXT
06-28 09:49:53.523 18180 18193 E WPROF   : {"Javascript": {"url": "http://cdn.justuno.com/mwgt_3.6.js", "requestTime": 4470.578403}}
06-28 09:49:53.730 18114 18162 E chromium: [ERROR:gles2_cmd_decoder.cc(3852)] [.ChromiumCompositor-0xacbb2fc0]GL ERROR :GL_INVALID_ENUM : glDiscardFramebufferEXT: attachments was GL_COLOR_EXT
06-28 09:49:53.880 18114 18162 E chromium: [ERROR:gles2_cmd_decoder.cc(3852)] [.ChromiumCompositor-0xacbb2fc0]GL ERROR :GL_INVALID_ENUM : glDiscardFramebufferEXT: attachments was GL_COLOR_EXT
06-28 09:49:54.501 18180 18193 E WProf.db: {"page": "searchengineland.com_google-announces-assistant-app-discovery-channels-broad-ranking-factors-275360"}
06-28 09:49:54.501 18180 18193 E WProf.db: {"DOMLoad": 4471.557116}
06-28 09:49:54.502 18180 18193 E WProf.db: {"Resource": {"id": 1, "url": "http://searchengineland.com/google-announces-assistant-app-discovery-channels-broad-ranking-factors-275360", "sentTime": -1.000000, "len": 93905, "from": "0x0", "mimeType": "text/html", "contentLength": -1, "httpStatus": 200, "connId": 20, "connReused": 1, "cached": 0,"requestTime": 4458.451189, "proxyStart": -1, "proxyEnd": -1, "dnsStart": -1, "dnsEnd": -1, "connectStart": 0, "connectEnd": 81, "sendStart": 81, "sendEnd": 82, "receiveHeadersEnd": 278, "sslStart": -1, "sslEnd": -1}}
06-28 09:49:54.502 18180 18193 E WProf.db: {"ReceivedChunk": {"receivedTime": 4458.759518, "len": 2578}}
06-28 09:49:54.502 18180 18193 E WProf.db: {"ReceivedChunk": {"receivedTime": 4458.837152, "len": 32768}}
06-28 09:49:54.502 18180 18193 E WProf.db: {"ReceivedChunk": {"receivedTime": 4458.838441, "len": 32768}}
06-28 09:49:54.502 18180 18193 E WProf.db: {"ReceivedChunk": {"receivedTime": 4458.840187, "len": 510}}
06-28 09:49:54.502 18180 18193 E WProf.db: {"ReceivedChunk": {"receivedTime": 4458.926257, "len": 7665}}
06-28 09:49:54.502 18180 18193 E WProf.db: {"ReceivedChunk": {"receivedTime": 4458.927523, "len": 17616}}
06-28 09:49:54.502 18180 18193 E WProf.db: {"WprofHTMLTag": {"code": "0xaedd3660", "doc": "http://searchengineland.com/google-announces-assistant-app-discovery-channels-broad-ranking-factors-275360", "row": 6, "column": 42, "tagName": "html", "time": 4458.847210, "url": "", "pos": 1, "chunkLen": 1, "isStartTag": 1}}
06-28 09:49:54.502 18180 18193 E WProf.db: {"WprofHTMLTag": {"code": "0xaedd32a0", "doc": "http://searchengineland.com/google-announces-assistant-app-discovery-channels-broad-ranking-factors-275360", "row": 7, "column": 6, "tagName": "head", "time": 4458.848190, "url": "", "pos": 1, "chunkLen": 1, "isStartTag": 1}}
06-28 09:49:54.502 18180 18193 E WProf.db: {"WprofHTMLTag": {"code": "0xaf0477f0", "doc": "http://searchengineland.com/google-announces-assistant-app-discovery-channels-broad-ranking-factors-275360", "row": 8, "column": 54, "tagName": "meta", "time": 4458.848356, "url": "", "pos": 1, "chunkLen": 1, "isStartTag": 1}}
06-28 09:49:54.502 18180 18193 E WProf.db: {"WprofHTMLTag": {"code": "0xaf047820", "doc": "http://searchengineland.com/google-announces-assistant-app-discovery-channels-broad-ranking-factors-275360", "row": 9, "column": 68, "tagName": "meta", "time": 4458.849005, "url": "", "pos": 1, "chunkLen": 1, "isStartTag": 1}}
06-28 09:49:54.502 18180 18193 E WProf.db: {"WprofHTMLTag": {"code": "0xaf047850", "doc": "http://searchengineland.com/google-announces-assistant-app-discovery-channels-broad-ranking-factors-275360", "row": 10, "column": 23, "tagName": "meta", "time": 4458.849546, "url": "", "pos": 1, "chunkLen": 1, "isStartTag": 1}}
06-28 09:49:54.502 18180 18193 E WProf.db: {"WprofHTMLTag": {"code": "0xaf047880", "doc": "http://searchengineland.com/google-announces-assistant-app-discovery-channels-broad-ranking-factors-275360", "row": 11, "column": 52, "tagName": "meta", "time": 4458.850365, "url": "", "pos": 1, "chunkLen": 1, "isStartTag": 1}}
06-28 09:49:54.502 18180 18193 E WProf.db: {"WprofHTMLTag": {"code": "0xaf0478b0", "doc": "http://searchengineland.com/google-announces-assistant-app-discovery-channels-broad-ranking-factors-275360", "row": 14, "column": 56, "tagName": "meta", "time": 4458.851036, "url": "", "pos": 1, "chunkLen": 1, "isStartTag": 1}}
06-28 09:49:54.502 18180 18193 E WProf.db: {"WprofHTMLTag": {"code": "0xaf0478e0", "doc": "http://searchengineland.com/google-announces-assistant-app-discovery-channels-broad-ranking-factors-275360", "row": 15, "column": 83, "tagName": "meta", "time": 4458.851603, "url": "", "pos": 1, "chunkLen": 1, "isStartTag": 1}}
06-28 09:49:54.502 18180 18193 E WProf.db: {"WprofHTMLTag": {"code": "0xaf047910", "doc": "http://searchengineland.com/google-announces-assistant-app-discovery-channels-broad-ranking-factors-275360", "row": 16, "column": 57, "tagName": "meta", "time": 4458.852116, "url": "", "pos": 1, "chunkLen": 1, "isStartTag": 1}}
06-28 09:49:54.503 18180 18193 E WProf.db: {"WprofHTMLTag": {"code": "0xaf0479a0", "doc": "http://searchengineland.com/google-announces-assistant-app-discovery-channels-broad-ranking-factors-275360", "row": 17, "column": 41, "tagName": "meta", "time": 4458.852657, "url": "", "pos": 1, "chunkLen": 1, "isStartTag": 1}}
06-28 09:49:54.503 18180 18193 E WProf.db: {"WprofHTMLTag": {"code": "0xaf0479d0", "doc": "http://searchengineland.com/google-announces-assistant-app-discovery-channels-broad-ranking-factors-275360", "row": 18, "column": 50, "tagName": "meta", "time": 4458.853152, "url": "", "pos": 1, "chunkLen": 1, "isStartTag": 1}}
06-28 09:49:54.503 18180 18193 E WProf.db: {"WprofHTMLTag": {"code": "0xaf047a00", "doc": "http://searchengineland.com/google-announces-assistant-app-discovery-channels-broad-ranking-factors-275360", "row": 19, "column": 174, "tagName": "meta", "time": 4458.853699, "url": "", "pos": 1, "chunkLen": 1, "isStartTag": 1}}
06-28 09:49:54.503 18114 18162 E chromium: [ERROR:gles2_cmd_decoder.cc(3852)] [.ChromiumCompositor-0xacbb2fc0]GL ERROR :GL_INVALID_ENUM : glDiscardFramebufferEXT: attachments was GL_COLOR_EXT
06-28 09:49:54.503 18180 18193 E WProf.db: {"WprofHTMLTag": {"code": "0xaf047970", "doc": "http://searchengineland.com/google-announces-assistant-app-discovery-channels-broad-ranking-factors-275360", "row": 20, "column": 47, "tagName": "meta", "time": 4458.854230, "url": "", "pos": 1, "chunkLen": 1, "isStartTag": 1}}
06-28 09:49:54.506 18180 18193 E WProf.db: {"WprofHTMLTag": {"code": "0xaf047940", "doc": "http://searchengineland.com/google-announces-assistant-app-discovery-channels-broad-ranking-factors-275360", "row": 21, "column": 67, "tagName": "meta", "time": 4458.854747, "url": "", "pos": 1, "chunkLen": 1, "isStartTag": 1}}
06-28 09:49:54.506 18180 18193 E WProf.db: {"WprofHTMLTag": {"code": "0xaf047a30", "doc": "http://searchengineland.com/google-announces-assistant-app-discovery-channels-broad-ranking-factors-275360", "row": 22, "column": 57, "tagName": "meta", "time": 4458.855278, "url": "", "pos": 1, "chunkLen": 1, "isStartTag": 1}}
06-28 09:49:54.506 18180 18193 E WProf.db: {"WprofHTMLTag": {"code": "0xaf047a60", "doc": "http://searchengineland.com/google-announces-assistant-app-discovery-channels-broad-ranking-factors-275360", "row": 23, "column": 65, "tagName": "meta", "time": 4458.855796, "url": "", "pos": 1, "chunkLen": 1, "isStartTag": 1}}
06-28 09:49:54.506 18180 18193 E WProf.db: {"WprofHTMLTag": {"code": "0xaf047a90", "doc": "http://searchengineland.com/google-announces-assistant-app-discovery-channels-broad-ranking-factors-275360", "row": 24, "column": 55, "tagName": "meta", "time": 4458.856292, "url": "", "pos": 1, "chunkLen": 1, "isStartTag": 1}}
06-28 09:49:54.509 18180 18193 E WProf.db: {"WprofHTMLTag": {"code": "0xaf047ac0", "doc": "http://searchengineland.com/google-announces-assistant-app-discovery-channels-broad-ranking-factors-275360", "row": 25, "column": 71, "tagName": "meta", "time": 4458.856816, "url": "", "pos": 1, "chunkLen": 1, "isStartTag": 1}}
06-28 09:49:54.510 18180 18193 E WProf.db: {"WprofHTMLTag": {"code": "0xaf047af0", "doc": "http://searchengineland.com/google-announces-assistant-app-discovery-channels-broad-ranking-factors-275360", "row": 26, "column": 86, "tagName": "meta", "time": 4458.857328, "url": "", "pos": 1, "chunkLen": 1, "isStartTag": 1}}
06-28 09:49:54.510 18180 18193 E WProf.db: {"WprofHTMLTag": {"code": "0xaf047b20", "doc": "http://searchengineland.com/google-announces-assistant-app-discovery-channels-broad-ranking-factors-275360", "row": 27, "column": 54, "tagName": "meta", "time": 4458.857863, "url": "", "pos": 1, "chunkLen": 1, "isStartTag": 1}}
06-28 09:49:54.510 18180 18193 E WProf.db: {"WprofHTMLTag": {"code": "0xaf047b50", "doc": "http://searchengineland.com/google-announces-assistant-app-discovery-channels-broad-ranking-factors-275360", "row": 29, "column": 39, "tagName": "meta", "time": 4458.858377, "url": "", "pos": 1, "chunkLen": 1, "isStartTag": 1}}
06-28 09:49:54.510 18180 18193 E WProf.db: {"WprofHTMLTag": {"code": "0xaf047b80", "doc": "http://searchengineland.com/google-announces-assistant-app-discovery-channels-broad-ranking-factors-275360", "row": 30, "column": 107, "tagName": "meta", "time": 4458.858873, "url": "", "pos": 1, "chunkLen": 1, "isStartTag": 1}}
06-28 09:49:54.510 18180 18193 E WProf.db: {"WprofHTMLTag": {"code": "0xaf047bb0", "doc": "http://searchengineland.com/google-announces-assistant-app-discovery-channels-broad-ranking-factors-275360", "row": 31, "column": 55, "tagName": "meta", "time": 4458.859364, "url": "", "pos": 1, "chunkLen": 1, "isStartTag": 1}}
06-28 09:49:54.510 18180 18193 E WProf.db: {"WprofHTMLTag": {"code": "0xaf047be0", "doc": "http://searchengineland.com/google-announces-assistant-app-discovery-channels-broad-ranking-factors-275360", "row": 32, "column": 54, "tagName": "meta", "time": 4458.859871, "url": "", "pos": 1, "chunkLen": 1, "isStartTag": 1}}
06-28 09:49:54.511 18180 18193 E WProf.db: {"WprofHTMLTag": {"code": "0xaf047c10", "doc": "http://searchengineland.com/google-announces-assistant-app-discovery-channels-broad-ranking-factors-275360", "row": 33, "column": 131, "tagName": "meta", "time": 4458.860482, "url": "", "pos": 1, "chunkLen": 1, "isStartTag": 1}}
06-28 09:49:54.511 18180 18193 E WProf.db: {"WprofHTMLTag": {"code": "0xaf047c40", "doc": "http://searchengineland.com/google-announces-assistant-app-discovery-channels-broad-ranking-factors-275360", "row": 37, "column": 36, "tagName": "script", "time": 4458.860963, "url": "", "pos": 1, "chunkLen": 1, "isStartTag": 1}}
06-28 09:49:54.511 18180 18193 E WProf.db: {"WprofHTMLTag": {"code": "0xaf047c70", "doc": "http://searchengineland.com/google-announces-assistant-app-discovery-channels-broad-ranking-factors-275360", "row": 53, "column": 10, "tagName": "script", "time": 4458.862036, "url": "", "pos": 1, "chunkLen": 1, "isStartTag": 0}}
06-28 09:49:54.511 18180 18193 E WProf.db: {"WprofHTMLTag": {"code": "0xaedd3690", "doc": "http://searchengineland.com/google-announces-assistant-app-discovery-channels-broad-ranking-factors-275360", "row": 55, "column": 86, "tagName": "link", "time": 4458.864522, "url": "http://searchengineland.com/apple-touch-icon.png", "pos": 1, "chunkLen": 1, "isStartTag": 1}}
06-28 09:49:54.512 18180 18193 E WProf.db: {"WprofHTMLTag": {"code": "0xaf047ca0", "doc": "http://searchengineland.com/google-announces-assistant-app-discovery-channels-broad-ranking-factors-275360", "row": 56, "column": 76, "tagName": "link", "time": 4458.865996, "url": "http://searchengineland.com/favicon.ico", "pos": 1, "chunkLen": 1, "isStartTag": 1}}
06-28 09:49:54.512 18180 18193 E WProf.db: {"WprofHTMLTag": {"code": "0xaf047cd0", "doc": "http://searchengineland.com/google-announces-assistant-app-discovery-channels-broad-ranking-factors-275360", "row": 57, "column": 158, "tagName": "link", "time": 4458.866995, "url": "http://feeds.searchengineland.com/searchengineland", "pos": 1, "chunkLen": 1, "isStartTag": 1}}
06-28 09:49:54.512 18180 18193 E WProf.db: {"WprofHTMLTag": {"code": "0xaf047d00", "doc": "http://searchengineland.com/google-announces-assistant-app-discovery-channels-broad-ranking-factors-275360", "row": 58, "column": 149, "tagName": "link", "time": 4458.868295, "url": "http://feeds.searchengineland.com/searchcap", "pos": 1, "chunkLen": 1, "isStartTag": 1}}
06-28 09:49:54.516 18180 18193 E WProf.db: {"WprofHTMLTag": {"code": "0xaf047d30", "doc": "http://searchengineland.com/google-announces-assistant-app-discovery-channels-broad-ranking-factors-275360", "row": 59, "column": 150, "tagName": "link", "time": 4458.869595, "url": "http://searchengineland.com/figz/wp-content/themes/searchengineland/css/searchengineland-bootstrap.css", "pos": 1, "chunkLen": 1, "isStartTag": 1}}
06-28 09:49:54.516 18180 18193 E WProf.db: {"WprofHTMLTag": {"code": "0xaf047d90", "doc": "http://searchengineland.com/google-announces-assistant-app-discovery-channels-broad-ranking-factors-275360", "row": 60, "column": 105, "tagName": "link", "time": 4458.871602, "url": "http://fonts.googleapis.com/css?family=Oswald:300,400,700", "pos": 1, "chunkLen": 1, "isStartTag": 1}}
06-28 09:49:54.516 18180 18193 E WProf.db: {"WprofHTMLTag": {"code": "0xaf047df0", "doc": "http://searchengineland.com/google-announces-assistant-app-discovery-channels-broad-ranking-factors-275360", "row": 61, "column": 125, "tagName": "link", "time": 4458.872516, "url": "http://searchengineland.com/figz/wp-content/themes/searchengineland/style.css", "pos": 1, "chunkLen": 1, "isStartTag": 1}}
06-28 09:49:54.517 18180 18193 E WProf.db: {"WprofHTMLTag": {"code": "0xaf047e50", "doc": "http://searchengineland.com/google-announces-assistant-app-discovery-channels-broad-ranking-factors-275360", "row": 65, "column": 7, "tagName": "title", "time": 4458.873505, "url": "", "pos": 1, "chunkLen": 1, "isStartTag": 1}}
06-28 09:49:54.517 18180 18193 E WProf.db: {"WprofHTMLTag": {"code": "0xaf047e80", "doc": "http://searchengineland.com/google-announces-assistant-app-discovery-channels-broad-ranking-factors-275360", "row": 65, "column": 87, "tagName": "title", "time": 4458.873868, "url": "", "pos": 1, "chunkLen": 1, "isStartTag": 0}}
06-28 09:49:54.517 18180 18193 E WProf.db: {"WprofHTMLTag": {"code": "0xaf047eb0", "doc": "http://searchengineland.com/google-announces-assistant-app-discovery-channels-broad-ranking-factors-275360", "row": 66, "column": 108, "tagName": "meta", "time": 4458.873901, "url": "", "pos": 1, "chunkLen": 1, "isStartTag": 1}}
06-28 09:49:54.517 18180 18193 E WProf.db: {"WprofHTMLTag": {"code": "0xaf047ee0", "doc": "http://searchengineland.com/google-announces-assistant-app-discovery-channels-broad-ranking-factors-275360", "row": 67, "column": 40, "tagName": "meta", "time": 4458.874084, "url": "", "pos": 1, "chunkLen": 1, "isStartTag": 1}}
06-28 09:49:54.517 18180 18193 E WProf.db: {"WprofHTMLTag": {"code": "0xaf047f10", "doc": "http://searchengineland.com/google-announces-assistant-app-discovery-channels-broad-ranking-factors-275360", "row": 68, "column": 148, "tagName": "meta", "time": 4458.874236, "url": "", "pos": 1, "chunkLen": 1, "isStartTag": 1}}
06-28 09:49:54.517 18180 18193 E WProf.db: {"WprofHTMLTag": {"code": "0xaf047f40", "doc": "http://searchengineland.com/google-announces-assistant-app-discovery-channels-broad-ranking-factors-275360", "row": 69, "column": 37, "tagName": "meta", "time": 4458.874380, "url": "", "pos": 1, "chunkLen": 1, "isStartTag": 1}}
06-28 09:49:54.517 18180 18193 E WProf.db: {"WprofHTMLTag": {"code": "0xaf047f70", "doc": "http://searchengineland.com/google-announces-assistant-app-discovery-channels-broad-ranking-factors-275360", "row": 70, "column": 138, "tagName": "link", "time": 4458.874541, "url": "http://searchengineland.com/google-announces-assistant-app-discovery-channels-broad-ranking-factors-275360", "pos": 1, "chunkLen": 1, "isStartTag": 1}}
06-28 09:49:54.517 18180 18193 E WProf.db: {"WprofHTMLTag": {"code": "0xaf047fa0", "doc": "http://searchengineland.com/google-announces-assistant-app-discovery-channels-broad-ranking-factors-275360", "row": 71, "column": 76, "tagName": "link", "time": 4458.876018, "url": "https://plus.google.com/103218677032751327334", "pos": 1, "chunkLen": 1, "isStartTag": 1}}
06-28 09:49:54.518 18180 18193 E WProf.db: {"WprofHTMLTag": {"code": "0xaf047fd0", "doc": "http://searchengineland.com/google-announces-assistant-app-discovery-channels-broad-ranking-factors-275360", "row": 72, "column": 45, "tagName": "meta", "time": 4458.876290, "url": "", "pos": 1, "chunkLen": 1, "isStartTag": 1}}
06-28 09:49:54.518 18180 18193 E WProf.db: {"WprofHTMLTag": {"code": "0xb4cc74b0", "doc": "http://searchengineland.com/google-announces-assistant-app-discovery-channels-broad-ranking-factors-275360", "row": 73, "column": 45, "tagName": "meta", "time": 4458.876446, "url": "", "pos": 1, "chunkLen": 1, "isStartTag": 1}}
06-28 09:49:54.518 18180 18193 E WProf.db: {"WprofHTMLTag": {"code": "0xb4cc7540", "doc": "http://searchengineland.com/google-announces-assistant-app-discovery-channels-broad-ranking-factors-275360", "row": 74, "column": 111, "tagName": "meta", "time": 4458.876604, "url": "", "pos": 1, "chunkLen": 1, "isStartTag": 1}}
06-28 09:49:54.518 18180 18193 E WProf.db: {"WprofHTMLTag": {"code": "0xb4cc78a0", "doc": "http://searchengineland.com/google-announces-assistant-app-discovery-channels-broad-ranking-factors-275360", "row": 75, "column": 116, "tagName": "meta", "time": 4458.876777, "url": "", "pos": 1, "chunkLen": 1, "isStartTag": 1}}
06-28 09:49:54.518 18180 18193 E WProf.db: {"WprofHTMLTag": {"code": "0xb4cc78d0", "doc": "http://searchengineland.com/google-announces-assistant-app-discovery-channels-broad-ranking-factors-275360", "row": 76, "column": 143, "tagName": "meta", "time": 4458.876930, "url": "", "pos": 1, "chunkLen": 1, "isStartTag": 1}}
06-28 09:49:54.518 18180 18193 E WProf.db: {"WprofHTMLTag": {"code": "0xb4cc7900", "doc": "http://searchengineland.com/google-announces-assistant-app-discovery-channels-broad-ranking-factors-275360", "row": 77, "column": 61, "tagName": "meta", "time": 4458.877083, "url": "", "pos": 1, "chunkLen": 1, "isStartTag": 1}}
06-28 09:49:54.518 18180 18193 E WProf.db: {"WprofHTMLTag": {"code": "0xb4cc7930", "doc": "http://searchengineland.com/google-announces-assistant-app-discovery-channels-broad-ranking-factors-275360", "row": 78, "column": 89, "tagName": "meta", "time": 4458.877249, "url": "", "pos": 1, "chunkLen": 1, "isStartTag": 1}}
06-28 09:49:54.518 18180 18193 E WProf.db: {"WprofHTMLTag": {"code": "0xb4cc7960", "doc": "http://searchengineland.com/google-announces-assistant-app-discovery-channels-broad-ranking-factors-275360", "row": 79, "column": 52, "tagName": "meta", "time": 4458.877398, "url": "", "pos": 1, "chunkLen": 1, "isStartTag": 1}}
06-28 09:49:54.518 18180 18193 E WProf.db: {"WprofHTMLTag": {"code": "0xb4cc7990", "doc": "http://searchengineland.com/google-announces-assistant-app-discovery-channels-broad-ranking-factors-275360", "row": 80, "column": 78, "tagName": "meta", "time": 4458.877549, "url": "", "pos": 1, "chunkLen": 1, "isStartTag": 1}}
06-28 09:49:54.519 18180 18193 E WProf.db: {"WprofHTMLTag": {"code": "0xb4cc79c0", "doc": "http://searchengineland.com/google-announces-assistant-app-discovery-channels-broad-ranking-factors-275360", "row": 81, "column": 77, "tagName": "meta", "time": 4458.877705, "url": "", "pos": 1, "chunkLen": 1, "isStartTag": 1}}
06-28 09:49:54.519 18180 18193 E WProf.db: {"WprofHTMLTag": {"code": "0xb4cc79f0", "doc": "http://searchengineland.com/google-announces-assistant-app-discovery-channels-broad-ranking-factors-275360", "row": 82, "column": 71, "tagName": "meta", "time": 4458.877866, "url": "", "pos": 1, "chunkLen": 1, "isStartTag": 1}}
06-28 09:49:54.519 18180 18193 E WProf.db: {"WprofHTMLTag": {"code": "0xb4cc7a20", "doc": "http://searchengineland.com/google-announces-assistant-app-discovery-channels-broad-ranking-factors-275360", "row": 83, "column": 125, "tagName": "meta", "time": 4458.878026, "url": "", "pos": 1, "chunkLen": 1, "isStartTag": 1}}
06-28 09:49:54.519 18180 18193 E WProf.db: {"WprofHTMLTag": {"code": "0xb4cc7a50", "doc": "http://searchengineland.com/google-announces-assistant-app-discovery-channels-broad-ranking-factors-275360", "row": 84, "column": 49, "tagName": "meta", "time": 4458.878182, "url": "", "pos": 1, "chunkLen": 1, "isStartTag": 1}}
06-28 09:49:54.519 18180 18193 E WProf.db: {"WprofHTMLTag": {"code": "0xb4cc7a80", "doc": "http://searchengineland.com/google-announces-assistant-app-discovery-channels-broad-ranking-factors-275360", "row": 85, "column": 50, "tagName": "meta", "time": 4458.878338, "url": "", "pos": 1, "chunkLen": 1, "isStartTag": 1}}
06-28 09:49:54.519 18180 18193 E WProf.db: {"WprofHTMLTag": {"code": "0xb4cc7ab0", "doc": "http://searchengineland.com/google-announces-assistant-app-discovery-channels-broad-ranking-factors-275360", "row": 86, "column": 58, "tagName": "meta", "time": 4458.878501, "url": "", "pos": 1, "chunkLen": 1, "isStartTag": 1}}
06-28 09:49:54.520 18180 18193 E WProf.db: {"WprofHTMLTag": {"code": "0xb4cc7ae0", "doc": "http://searchengineland.com/google-announces-assistant-app-discovery-channels-broad-ranking-factors-275360", "row": 87, "column": 117, "tagName": "meta", "time": 4458.878667, "url": "", "pos": 1, "chunkLen": 1, "isStartTag": 1}}
06-28 09:49:54.520 18180 18193 E WProf.db: {"WprofHTMLTag": {"code": "0xb4cc7b10", "doc": "http://searchengineland.com/google-announces-assistant-app-discovery-channels-broad-ranking-factors-275360", "row": 88, "column": 112, "tagName": "meta", "time": 4458.878827, "url": "", "pos": 1, "chunkLen": 1, "isStartTag": 1}}
06-28 09:49:54.520 18180 18193 E WProf.db: {"WprofHTMLTag": {"code": "0xb4cc7b40", "doc": "http://searchengineland.com/google-announces-assistant-app-discovery-channels-broad-ranking-factors-275360", "row": 89, "column": 51, "tagName": "meta", "time": 4458.878990, "url": "", "pos": 1, "chunkLen": 1, "isStartTag": 1}}
06-28 09:49:54.520 18180 18193 E WProf.db: {"WprofHTMLTag": {"code": "0xb4cc7b70", "doc": "http://searchengineland.com/google-announces-assistant-app-discovery-channels-broad-ranking-factors-275360", "row": 90, "column": 126, "tagName": "meta", "time": 4458.879154, "url": "", "pos": 1, "chunkLen": 1, "isStartTag": 1}}
06-28 09:49:54.520 18180 18193 E WProf.db: {"WprofHTMLTag": {"code": "0xb4cc7ba0", "doc": "http://searchengineland.com/google-announces-assistant-app-discovery-channels-broad-ranking-factors-275360", "row": 91, "column": 52, "tagName": "meta", "time": 4458.880478, "url": "", "pos": 1, "chunkLen": 1, "isStartTag": 1}}
06-28 09:49:54.521 18180 18193 E WProf.db: {"WprofHTMLTag": {"code": "0xb4cc7bd0", "doc": "http://searchengineland.com/google-announces-assistant-app-discovery-channels-broad-ranking-factors-275360", "row": 94, "column": 44, "tagName": "link", "time": 4458.880656, "url": "http://s.w.org/", "pos": 1, "chunkLen": 1, "isStartTag": 1}}
06-28 09:49:54.521 18180 18193 E WProf.db: {"WprofHTMLTag": {"code": "0xb4cc7c00", "doc": "http://searchengineland.com/google-announces-assistant-app-discovery-channels-broad-ranking-factors-275360", "row": 95, "column": 33, "tagName": "script", "time": 4458.880988, "url": "", "pos": 1, "chunkLen": 1, "isStartTag": 1}}
06-28 09:49:54.521 18180 18193 E WProf.db: {"WprofHTMLTag": {"code": "0xb4cc7c30", "doc": "http://searchengineland.com/google-announces-assistant-app-discovery-channels-broad-ranking-factors-275360", "row": 98, "column": 11, "tagName": "script", "time": 4458.881240, "url": "http://searchengineland.com/figz/wp-includes/js/wp-emoji-release.min.js?ver=4.7.5", "pos": 1, "chunkLen": 1, "isStartTag": 0}}
06-28 09:49:54.521 18180 18193 E WProf.db: {"WprofHTMLTag": {"code": "0x9ce708d0", "doc": "http://searchengineland.com/google-announces-assistant-app-discovery-channels-broad-ranking-factors-275360", "row": 99, "column": 25, "tagName": "style", "time": 4459.494296, "url": "", "pos": 1, "chunkLen": 1, "isStartTag": 1}}
06-28 09:49:54.522 18180 18193 E WProf.db: {"WprofHTMLTag": {"code": "0x9ce70900", "doc": "http://searchengineland.com/google-announces-assistant-app-discovery-channels-broad-ranking-factors-275360", "row": 112, "column": 8, "tagName": "style", "time": 4459.494475, "url": "", "pos": 1, "chunkLen": 1, "isStartTag": 0}}
06-28 09:49:54.522 18180 18193 E WProf.db: {"WprofHTMLTag": {"code": "0x9ce70930", "doc": "http://searchengineland.com/google-announces-assistant-app-discovery-channels-broad-ranking-factors-275360", "row": 113, "column": 140, "tagName": "script", "time": 4459.496033, "url": "http://searchengineland.com/figz/wp-content/themes/searchengineland/js/lib/modernizr.custom.js?ver=1.0", "pos": 1, "chunkLen": 1, "isStartTag": 1}}
06-28 09:49:54.522 18180 18193 E WProf.db: {"WprofHTMLTag": {"code": "0x9ce70960", "doc": "http://searchengineland.com/google-announces-assistant-app-discovery-channels-broad-ranking-factors-275360", "row": 113, "column": 149, "tagName": "script", "time": 4459.496263, "url": "", "pos": 1, "chunkLen": 1, "isStartTag": 0}}
06-28 09:49:54.522 18180 18193 E WProf.db: {"WprofHTMLTag": {"code": "0x9ce709f0", "doc": "http://searchengineland.com/google-announces-assistant-app-discovery-channels-broad-ranking-factors-275360", "row": 114, "column": 144, "tagName": "script", "time": 4459.502939, "url": "http://searchengineland.com/figz/wp-content/themes/searchengineland/js/lib/jquery-1.11.0.min.js?ver=1.11.0", "pos": 1, "chunkLen": 1, "isStartTag": 1}}
06-28 09:49:54.522 18180 18193 E WProf.db: {"WprofHTMLTag": {"code": "0x9ce70a20", "doc": "http://searchengineland.com/google-announces-assistant-app-discovery-channels-broad-ranking-factors-275360", "row": 114, "column": 153, "tagName": "script", "time": 4459.503183, "url": "", "pos": 1, "chunkLen": 1, "isStartTag": 0}}
06-28 09:49:54.522 18180 18193 E WProf.db: {"WprofHTMLTag": {"code": "0xaedd3db0", "doc": "http://searchengineland.com/google-announces-assistant-app-discovery-channels-broad-ranking-factors-275360", "row": 0, "column": 15, "tagName": "div", "time": 4459.563880, "url": "", "pos": 15, "chunkLen": 44, "isStartTag": 1}}
06-28 09:49:54.523 18180 18193 E WProf.db: {"WprofHTMLTag": {"code": "0xaedd3ba0", "doc": "http://searchengineland.com/google-announces-assistant-app-discovery-channels-broad-ranking-factors-275360", "row": 0, "column": 21, "tagName": "div", "time": 4459.564013, "url": "", "pos": 21, "chunkLen": 44, "isStartTag": 0}}
06-28 09:49:54.523 18180 18193 E WProf.db: {"WprofHTMLTag": {"code": "0xaedd3c00", "doc": "http://searchengineland.com/google-announces-assistant-app-discovery-channels-broad-ranking-factors-275360", "row": 0, "column": 38, "tagName": "div", "time": 4459.564075, "url": "", "pos": 38, "chunkLen": 44, "isStartTag": 1}}
06-28 09:49:54.523 18180 18193 E WProf.db: {"WprofHTMLTag": {"code": "0xaedd3b70", "doc": "http://searchengineland.com/google-announces-assistant-app-discovery-channels-broad-ranking-factors-275360", "row": 0, "column": 44, "tagName": "div", "time": 4459.564183, "url": "", "pos": 44, "chunkLen": 44, "isStartTag": 0}}
06-28 09:49:54.523 18180 18193 E WProf.db: {"WprofHTMLTag": {"code": "0x9ce70a50", "doc": "http://searchengineland.com/google-announces-assistant-app-discovery-channels-broad-ranking-factors-275360", "row": 0, "column": 13, "tagName": "select", "time": 4459.565577, "url": "", "pos": 13, "chunkLen": 51, "isStartTag": 1}}
06-28 09:49:54.523 18180 18193 E WProf.db: {"WprofHTMLTag": {"code": "0x9ce70a80", "doc": "http://searchengineland.com/google-announces-assistant-app-discovery-channels-broad-ranking-factors-275360", "row": 0, "column": 33, "tagName": "option", "time": 4459.565760, "url": "", "pos": 33, "chunkLen": 51, "isStartTag": 1}}
06-28 09:49:54.524 18180 18193 E WProf.db: {"WprofHTMLTag": {"code": "0x9ce70ab0", "doc": "http://searchengineland.com/google-announces-assistant-app-discovery-channels-broad-ranking-factors-275360", "row": 0, "column": 42, "tagName": "option", "time": 4459.565946, "url": "", "pos": 42, "chunkLen": 51, "isStartTag": 0}}
06-28 09:49:54.524 18180 18193 E WProf.db: {"WprofHTMLTag": {"code": "0x9ce70ae0", "doc": "http://searchengineland.com/google-announces-assistant-app-discovery-channels-broad-ranking-factors-275360", "row": 0, "column": 51, "tagName": "select", "time": 4459.565999, "url": "", "pos": 51, "chunkLen": 51, "isStartTag": 0}}
06-28 09:49:54.524 18180 18193 E WProf.db: {"WprofHTMLTag": {"code": "0x9ce70b10", "doc": "http://searchengineland.com/google-announces-assistant-app-discovery-channels-broad-ranking-factors-275360", "row": 0, "column": 12, "tagName": "a", "time": 4459.570762, "url": "", "pos": 12, "chunkLen": 16, "isStartTag": 1}}
06-28 09:49:54.524 18180 18193 E WProf.db: {"WprofHTMLTag": {"code": "0x9ce70b40", "doc": "http://searchengineland.com/google-announces-assistant-app-discovery-channels-broad-ranking-factors-275360", "row": 0, "column": 16, "tagName": "a", "time": 4459.570922, "url": "", "pos": 16, "chunkLen": 16, "isStartTag": 0}}
06-28 09:49:54.525 18180 18193 E WProf.db: {"WprofHTMLTag": {"code": "0x9ce70b70", "doc": "http://searchengineland.com/google-announces-assistant-app-discovery-channels-broad-ranking-factors-275360", "row": 0, "column": 8, "tagName": "input", "time": 4459.571921, "url": "", "pos": 8, "chunkLen": 8, "isStartTag": 1}}
06-28 09:49:54.525 18180 18193 E WProf.db: {"WprofHTMLTag": {"code": "0x9ce70ba0", "doc": "http://searchengineland.com/google-announces-assistant-app-discovery-channels-broad-ranking-factors-275360", "row": 0, "column": 9, "tagName": "link", "time": 4459.583201, "url": "", "pos": 9, "chunkLen": 42, "isStartTag": 1}}
06-28 09:49:54.525 18180 18193 E WProf.db: {"WprofHTMLTag": {"code": "0x9ce70bd0", "doc": "http://searchengineland.com/google-announces-assistant-app-discovery-channels-broad-ranking-factors-275360", "row": 0, "column": 16, "tagName": "table", "time": 4459.583324, "url": "", "pos": 16, "chunkLen": 42, "isStartTag": 1}}
06-28 09:49:54.525 18180 18193 E WProf.db: {"WprofHTMLTag": {"code": "0x9ce70c00", "doc": "http://searchengineland.com/google-announces-assistant-app-discovery-channels-broad-ranking-factors-275360", "row": 0, "column": 24, "tagName": "table", "time": 4459.585271, "url": "", "pos": 24, "chunkLen": 42, "isStartTag": 0}}
06-28 09:49:54.525 18180 18193 E WProf.db: {"WprofHTMLTag": {"code": "0x9ce70c30", "doc": "http://searchengineland.com/google-announces-assistant-app-discovery-channels-broad-ranking-factors-275360", "row": 0, "column": 37, "tagName": "a", "time": 4459.585357, "url": "", "pos": 37, "chunkLen": 42, "isStartTag": 1}}
06-28 09:49:54.525 18180 18193 E WProf.db: {"WprofHTMLTag": {"code": "0x9ce70c60", "doc": "http://searchengineland.com/google-announces-assistant-app-discovery-channels-broad-ranking-factors-275360", "row": 0, "column": 42, "tagName": "a", "time": 4459.585546, "url": "", "pos": 42, "chunkLen": 42, "isStartTag": 0}}
06-28 09:49:54.526 18180 18193 E WProf.db: {"WprofHTMLTag": {"code": "0x9ce70cf0", "doc": "http://searchengineland.com/google-announces-assistant-app-discovery-channels-broad-ranking-factors-275360", "row": 0, "column": 10, "tagName": "textarea", "time": 4459.586996, "url": "", "pos": 10, "chunkLen": 22, "isStartTag": 1}}
06-28 09:49:54.526 18180 18193 E WProf.db: {"WprofHTMLTag": {"code": "0x9ce70d20", "doc": "http://searchengineland.com/google-announces-assistant-app-discovery-channels-broad-ranking-factors-275360", "row": 0, "column": 22, "tagName": "textarea", "time": 4459.587204, "url": "", "pos": 22, "chunkLen": 22, "isStartTag": 0}}
06-28 09:49:54.526 18180 18193 E WProf.db: {"WprofHTMLTag": {"code": "0x9ce70d50", "doc": "http://searchengineland.com/google-announces-assistant-app-discovery-channels-broad-ranking-factors-275360", "row": 0, "column": 48, "tagName": "input", "time": 4459.588472, "url": "", "pos": 48, "chunkLen": 48, "isStartTag": 1}}
06-28 09:49:54.526 18180 18193 E WProf.db: {"WprofHTMLTag": {"code": "0x9ce70db0", "doc": "http://searchengineland.com/google-announces-assistant-app-discovery-channels-broad-ranking-factors-275360", "row": 0, "column": 9, "tagName": "link", "time": 4459.593011, "url": "", "pos": 9, "chunkLen": 66, "isStartTag": 1}}
06-28 09:49:54.526 18180 18193 E WProf.db: {"WprofHTMLTag": {"code": "0x9ce70de0", "doc": "http://searchengineland.com/google-announces-assistant-app-discovery-channels-broad-ranking-factors-275360", "row": 0, "column": 16, "tagName": "table", "time": 4459.593124, "url": "", "pos": 16, "chunkLen": 66, "isStartTag": 1}}
06-28 09:49:54.526 18180 18193 E WProf.db: {"WprofHTMLTag": {"code": "0x9ce70e10", "doc": "http://searchengineland.com/google-announces-assistant-app-discovery-channels-broad-ranking-factors-275360", "row": 0, "column": 24, "tagName": "table", "time": 4459.593196, "url": "", "pos": 24, "chunkLen": 66, "isStartTag": 0}}
06-28 09:49:54.526 18180 18193 E WProf.db: {"WprofHTMLTag": {"code": "0x9ce70e40", "doc": "http://searchengineland.com/google-announces-assistant-app-discovery-channels-broad-ranking-factors-275360", "row": 0, "column": 37, "tagName": "a", "time": 4459.593260, "url": "", "pos": 37, "chunkLen": 66, "isStartTag": 1}}
06-28 09:49:54.526 18180 18193 E WProf.db: {"WprofHTMLTag": {"code": "0x9ce70e70", "doc": "http://searchengineland.com/google-announces-assistant-app-discovery-channels-broad-ranking-factors-275360", "row": 0, "column": 42, "tagName": "a", "time": 4459.593429, "url": "", "pos": 42, "chunkLen": 66, "isStartTag": 0}}
06-28 09:49:54.526 18180 18193 E WProf.db: {"WprofHTMLTag": {"code": "0x9ce70ea0", "doc": "http://searchengineland.com/google-announces-assistant-app-discovery-channels-broad-ranking-factors-275360", "row": 0, "column": 66, "tagName": "input", "time": 4459.593491, "url": "", "pos": 66, "chunkLen": 66, "isStartTag": 1}}
