--------- beginning of main
06-28 11:21:07.840  3449  3449 E Finsky  : [1] com.google.android.finsky.wear.bl.a(3): onConnectionFailed: ConnectionResult{statusCode=API_UNAVAILABLE, resolution=null, message=null}
--------- beginning of system
06-28 11:21:08.986 18410 18410 E chromium: [ERROR:shell_integration_android.cc(12)] Not implemented reached in static ShellIntegration::DefaultWebClientSetPermission ShellIntegration::CanSetAsDefaultBrowser()
06-28 11:21:08.991 18410 18410 E chromium: [ERROR:browser_process_impl.cc(720)] Not implemented reached in virtual BackgroundModeManager* BrowserProcessImpl::background_mode_manager()
06-28 11:21:09.326  3218 10777 E AudioRecord-JNI: Error -4 during AudioRecord native read
06-28 11:21:11.755 18410 18456 E chromium: [ERROR:gles2_cmd_decoder.cc(3852)] [.ChromiumCompositor-0xacbb2fc0]GL ERROR :GL_INVALID_ENUM : glDiscardFramebufferEXT: attachments was GL_COLOR_EXT
06-28 11:21:12.018 18478 18490 E WPROF   : {"CSS": {"url": "http://searchengineland.com/figz/wp-content/themes/searchengineland/css/searchengineland-bootstrap.css", "requestTime": 9949.073778}}
06-28 11:21:12.019 18478 18490 E WPROF   : {"CSS": {"url": "http://fonts.googleapis.com/css?family=Oswald:300,400,700", "requestTime": 9949.075176}}
06-28 11:21:12.021 18478 18490 E WPROF   : {"CSS": {"url": "http://searchengineland.com/figz/wp-content/themes/searchengineland/style.css", "requestTime": 9949.076362}}
06-28 11:21:12.029 18478 18490 E WPROF   : {"Javascript": {"url": "http://searchengineland.com/figz/wp-content/themes/searchengineland/js/lib/modernizr.custom.js?ver=1.0", "requestTime": 9949.084641}}
06-28 11:21:12.029 18478 18490 E WPROF   : {"Javascript": {"url": "http://searchengineland.com/figz/wp-content/themes/searchengineland/js/lib/jquery-1.11.0.min.js?ver=1.11.0", "requestTime": 9949.085183}}
06-28 11:21:12.030 18478 18490 E WPROF   : {"Javascript": {"url": "http://searchengineland.com/figz/wp-content/themes/searchengineland/js/lib/jquery-ui-1.10.3.custom.min.js?ver=1.10.3", "requestTime": 9949.085640}}
06-28 11:21:12.030 18478 18490 E WPROF   : {"Javascript": {"url": "http://searchengineland.com/figz/wp-content/themes/searchengineland/js/lib/jquery.ba-throttle-debounce.min.js?ver=1.1", "requestTime": 9949.086041}}
06-28 11:21:12.031 18478 18490 E WPROF   : {"Javascript": {"url": "http://searchengineland.com/figz/wp-content/themes/searchengineland/js/lib/jquery.countdown.min.js?ver=2.0.4", "requestTime": 9949.086468}}
06-28 11:21:12.038 18478 18490 E WPROF   : {"Javascript": {"url": "http://static.chartbeat.com/js/chartbeat_mab.js", "requestTime": 9949.093852}}
06-28 11:21:12.602 18478 18490 E WPROF   : {"Javascript": {"url": "http://searchengineland.com/figz/wp-includes/js/wp-emoji-release.min.js?ver=4.7.5", "requestTime": 9949.657254}}
06-28 11:21:12.942 18478 18490 E WPROF   : {"Javascript": {"url": "http://www.googletagservices.com/tag/js/gpt.js", "requestTime": 9949.997983}}
06-28 11:21:12.949 18478 18490 E WPROF   : {"Javascript": {"url": "https://www.google-analytics.com/analytics.js", "requestTime": 9950.004489}}
06-28 11:21:12.952 18478 18490 E WPROF   : {"Javascript": {"url": "http://edge.quantserve.com/quant.js", "requestTime": 9950.007211}}
06-28 11:21:12.954 18478 18490 E WPROF   : {"Javascript": {"url": "https://connect.facebook.net/en_US/fbevents.js", "requestTime": 9950.009705}}
06-28 11:21:13.026 18410 18456 E chromium: [ERROR:gles2_cmd_decoder.cc(3852)] [.ChromiumCompositor-0xacbb2fc0]GL ERROR :GL_INVALID_ENUM : glDiscardFramebufferEXT: attachments was GL_COLOR_EXT
06-28 11:21:13.070 18478 18490 E WPROF   : {"Javascript": {"url": "http://app-sj02.marketo.com/js/forms2/js/forms2.min.js", "requestTime": 9950.126047}}
06-28 11:21:13.208 18410 18456 E chromium: [ERROR:gles2_cmd_decoder.cc(3852)] [.ChromiumCompositor-0xacbb2fc0]GL ERROR :GL_INVALID_ENUM : glDiscardFramebufferEXT: attachments was GL_COLOR_EXT
06-28 11:21:13.339 18478 18490 E WPROF   : {"Javascript": {"url": "http://app-sj02.marketo.com/index.php/form/getForm?munchkinId=727-ZQE-044&form=5691&url=http%3A%2F%2Fsearchengineland.com%2Fgoogle-introduces-candidate-cards-for-presidential-election-season-241026&callback=jQuery110203464146514888853_1498616473272&_=1498616473273", "requestTime": 9950.394292}}
06-28 11:21:13.355 18478 18490 E WPROF   : {"Javascript": {"url": "http://app-sj02.marketo.com/index.php/form/getForm?munchkinId=727-ZQE-044&form=5685&url=http%3A%2F%2Fsearchengineland.com%2Fgoogle-introduces-candidate-cards-for-presidential-election-season-241026&callback=jQuery110203464146514888853_1498616473274&_=1498616473275", "requestTime": 9950.411186}}
06-28 11:21:13.416 18478 18490 E WPROF   : {"Javascript": {"url": "https://connect.facebook.net/signals/config/423979991297359?v=2.7.17", "requestTime": 9950.472174}}
06-28 11:21:13.421 18478 18490 E WPROF   : {"Javascript": {"url": "https://securepubads.g.doubleclick.net/gpt/pubads_impl_121.js", "requestTime": 9950.476937}}
06-28 11:21:13.606 18478 18490 E WPROF   : {"Javascript": {"url": "http://app-sj02.marketo.com/index.php/form/getForm?munchkinId=727-ZQE-044&form=5673&url=http%3A%2F%2Fsearchengineland.com%2Fgoogle-introduces-candidate-cards-for-presidential-election-season-241026&callback=jQuery110203464146514888853_1498616473276&_=1498616473277", "requestTime": 9950.661589}}
06-28 11:21:13.617 18478 18490 E WPROF   : {"Javascript": {"url": "http://searchengineland.com/js/ga_social_tracking.js", "requestTime": 9950.672681}}
06-28 11:21:13.618 18478 18490 E WPROF   : {"Javascript": {"url": "http://s7.addthis.com/js/300/addthis_widget.js#pubid=ra-53e918f660794f37", "requestTime": 9950.673610}}
06-28 11:21:13.643 18410 18456 E chromium: [ERROR:gles2_cmd_decoder.cc(3852)] [.ChromiumCompositor-0xacbb2fc0]GL ERROR :GL_INVALID_ENUM : glDiscardFramebufferEXT: attachments was GL_COLOR_EXT
06-28 11:21:13.993 18410 18456 E chromium: [ERROR:gles2_cmd_decoder.cc(3852)] [.ChromiumCompositor-0xacbb2fc0]GL ERROR :GL_INVALID_ENUM : glDiscardFramebufferEXT: attachments was GL_COLOR_EXT
06-28 11:21:14.117 18478 18490 E WPROF   : {"Javascript": {"url": "http://cdn.api.twitter.com/1/users/show.json?screen_name=gsterling&callback=twttr.setFollowersCount", "requestTime": 9951.172811}}
06-28 11:21:14.140 18478 18490 E WPROF   : {"Javascript": {"url": "https://static.xx.fbcdn.net/rsrc.php/v3iy6L4/yk/l/ko_KR/be4fIjHRc8P.js", "requestTime": 9951.196123}}
06-28 11:21:14.502   862  1657 E LocSvc_IzatApiV02: E/virtual int izat_core::IzatApiV02::getBatchSize(int32_t):522]: Error : st = 4, ind.status = -1628389555
06-28 11:21:14.502   862  1657 E LocSvc_IzatApiV02: E/virtual int izat_core::IzatApiV02::getBatchSize(int32_t):535]: get batching size failed.Or modem does not support batching 
06-28 11:21:14.514   862  1657 E LocSvc_IzatApiV02: E/virtual int izat_core::IzatApiV02::getBatchSize(int32_t):522]: Error : st = 4, ind.status = -1628389555
06-28 11:21:14.514   862  1657 E LocSvc_IzatApiV02: E/virtual int izat_core::IzatApiV02::getBatchSize(int32_t):535]: get batching size failed.Or modem does not support batching 
06-28 11:21:14.546   862  1657 E LocSvc_IzatApiV02: E/virtual int izat_core::IzatApiV02::getBatchSize(int32_t):522]: Error : st = 4, ind.status = -1628389555
06-28 11:21:14.546   862  1657 E LocSvc_IzatApiV02: E/virtual int izat_core::IzatApiV02::getBatchSize(int32_t):535]: get batching size failed.Or modem does not support batching 
06-28 11:21:14.555   862  1657 E LocSvc_IzatApiV02: E/virtual int izat_core::IzatApiV02::getBatchSize(int32_t):522]: Error : st = 4, ind.status = -1628389555
06-28 11:21:14.555   862  1657 E LocSvc_IzatApiV02: E/virtual int izat_core::IzatApiV02::getBatchSize(int32_t):535]: get batching size failed.Or modem does not support batching 
06-28 11:21:14.708 18478 18490 E WPROF   : {"Javascript": {"url": "https://securepubads.g.doubleclick.net/gampad/ads?gdfp_req=1&correlator=668689046175744&output=json_html&callback=googletag.impl.pubads.callbackProxy1&impl=fifs&json_a=1&eid=108809080%2C108809103&sc=0&sfv=1-0-9&iu_parts=1038259%2Csel-ciu-1%2Csel-ciu-2%2Csel-ciu-3%2Csel-ciu-4%2Csel-ciu-5%2Cch-seo-lea", "requestTime": 9951.763367}}
06-28 11:21:14.768 18410 18456 E chromium: [ERROR:gles2_cmd_decoder.cc(3852)] [.ChromiumCompositor-0xacbb2fc0]GL ERROR :GL_INVALID_ENUM : glDiscardFramebufferEXT: attachments was GL_COLOR_EXT
06-28 11:21:14.802 18478 18490 E WPROF   : {"Javascript": {"url": "http://d2j3qa5nc37287.cloudfront.net/coupon_code1.js", "requestTime": 9951.857870}}
06-28 11:21:14.804 18478 18490 E WPROF   : {"Javascript": {"url": "http://www.googleadservices.com/pagead/conversion.js", "requestTime": 9951.859627}}
06-28 11:21:14.805 18478 18490 E WPROF   : {"Javascript": {"url": "http://searchengineland.com/figz/wp-content/themes/searchengineland/js/script.js?ver=1.0", "requestTime": 9951.860892}}
06-28 11:21:14.806 18478 18490 E WPROF   : {"Javascript": {"url": "http://searchengineland.com/figz/wp-includes/js/wp-embed.min.js?ver=4.7.5", "requestTime": 9951.861264}}
06-28 11:21:14.806 18478 18490 E WPROF   : {"Javascript": {"url": "http://searchengineland.com/figz/wp-content/themes/searchengineland/js/modules/sharing_controls.js", "requestTime": 9951.861554}}
06-28 11:21:14.966 18410 18456 E chromium: [ERROR:gles2_cmd_decoder.cc(3852)] [.ChromiumCompositor-0xacbb2fc0]GL ERROR :GL_INVALID_ENUM : glDiscardFramebufferEXT: attachments was GL_COLOR_EXT
06-28 11:21:14.968 18478 18490 E WPROF   : {"CSS": {"url": "https://www.youtube.com/yts/cssbin/www-embed-player-sprite-mode-vfl5G4Xm8.css", "requestTime": 9952.024089}}
06-28 11:21:14.970 18478 18490 E WPROF   : {"Javascript": {"url": "https://www.youtube.com/yts/jsbin/www-embed-player-vfl_UY_j8/www-embed-player.js", "requestTime": 9952.025346}}
06-28 11:21:14.970 18478 18490 E WPROF   : {"Javascript": {"url": "https://www.youtube.com/yts/jsbin/player-vflo1w4O-/ko_KR/base.js", "requestTime": 9952.025946}}
06-28 11:21:15.823 18410 18456 E chromium: [ERROR:gles2_cmd_decoder.cc(3852)] [.ChromiumCompositor-0xacbb2fc0]GL ERROR :GL_INVALID_ENUM : glDiscardFramebufferEXT: attachments was GL_COLOR_EXT
06-28 11:21:15.888 18410 18456 E chromium: [ERROR:gles2_cmd_decoder.cc(3852)] [.ChromiumCompositor-0xacbb2fc0]GL ERROR :GL_INVALID_ENUM : glDiscardFramebufferEXT: attachments was GL_COLOR_EXT
06-28 11:21:17.183 18478 18490 E WPROF   : {"Javascript": {"url": "https://www.google.com/js/bg/KWBfAnWFESAEEaKKgdYlTHY9ysQaNoQuzeMFqvxDSM8.js", "requestTime": 9954.238967}}
06-28 11:21:17.187 18478 18490 E WPROF   : {"Javascript": {"url": "https://static.doubleclick.net/instream/ad_status.js", "requestTime": 9954.243116}}
06-28 11:21:17.498 18478 18490 E WPROF   : {"CSS": {"url": "http://app-sj02.marketo.com/js/forms2/css/forms2.css", "requestTime": 9954.553335}}
06-28 11:21:17.501 18478 18490 E WPROF   : {"CSS": {"url": "http://app-sj02.marketo.com/js/forms2/css/forms2-theme-simple.css", "requestTime": 9954.556396}}
06-28 11:21:17.529 18478 18490 E WPROF   : {"Javascript": {"url": "http://www.justuno.com/ajax/account_version_check.html?id=828FA275-FF73-401E-AA39-40F5A6FAB6B1", "requestTime": 9954.584253}}
06-28 11:21:17.598 18478 18490 E WPROF   : {"Javascript": {"url": "https://tpc.googlesyndication.com/pagead/js/r20170619/r20110914/client/ext/m_window_focus_non_hydra.js", "requestTime": 9954.653654}}
06-28 11:21:17.599 18478 18490 E WPROF   : {"Javascript": {"url": "https://tpc.googlesyndication.com/pagead/js/r20170619/r20110914/activeview/osd_listener.js", "requestTime": 9954.655087}}
06-28 11:21:17.603 18478 18490 E WPROF   : {"Javascript": {"url": "http://pagead2.googlesyndication.com/pagead/osd.js", "requestTime": 9954.658742}}
06-28 11:21:17.701 18410 18456 E chromium: [ERROR:gles2_cmd_decoder.cc(3852)] [.ChromiumCompositor-0xacbb2fc0]GL ERROR :GL_INVALID_ENUM : glDiscardFramebufferEXT: attachments was GL_COLOR_EXT
06-28 11:21:17.931 18410 18456 E chromium: [ERROR:gles2_cmd_decoder.cc(3852)] [.ChromiumCompositor-0xacbb2fc0]GL ERROR :GL_INVALID_ENUM : glDiscardFramebufferEXT: attachments was GL_COLOR_EXT
06-28 11:21:18.692 18410 18456 E chromium: [ERROR:gles2_cmd_decoder.cc(3852)] [.ChromiumCompositor-0xacbb2fc0]GL ERROR :GL_INVALID_ENUM : glDiscardFramebufferEXT: attachments was GL_COLOR_EXT
06-28 11:21:18.808 18478 18490 E WPROF   : {"Javascript": {"url": "http://cdn.justuno.com/mwgt_3.6.js", "requestTime": 9955.863725}}
06-28 11:21:18.825 18410 18456 E chromium: [ERROR:gles2_cmd_decoder.cc(3852)] [.ChromiumCompositor-0xacbb2fc0]GL ERROR :GL_INVALID_ENUM : glDiscardFramebufferEXT: attachments was GL_COLOR_EXT
06-28 11:21:19.031 18410 18456 E chromium: [ERROR:gles2_cmd_decoder.cc(3852)] [.ChromiumCompositor-0xacbb2fc0]GL ERROR :GL_INVALID_ENUM : glDiscardFramebufferEXT: attachments was GL_COLOR_EXT
06-28 11:21:19.164 18410 18456 E chromium: [ERROR:gles2_cmd_decoder.cc(3852)] [.ChromiumCompositor-0xacbb2fc0]GL ERROR :GL_INVALID_ENUM : glDiscardFramebufferEXT: attachments was GL_COLOR_EXT
06-28 11:21:19.279 18410 18456 E chromium: [ERROR:gles2_cmd_decoder.cc(3852)] [.ChromiumCompositor-0xacbb2fc0]GL ERROR :GL_INVALID_ENUM : glDiscardFramebufferEXT: attachments was GL_COLOR_EXT
06-28 11:21:19.412 18478 18490 E WProf.db: {"page": "searchengineland.com_google-introduces-candidate-cards-for-presidential-election-season-241026"}
06-28 11:21:19.412 18478 18490 E WProf.db: {"DOMLoad": 9956.467731}
06-28 11:21:19.412 18478 18490 E WProf.db: {"Resource": {"id": 1, "url": "http://searchengineland.com/google-introduces-candidate-cards-for-presidential-election-season-241026", "sentTime": -1.000000, "len": 92720, "from": "0x0", "mimeType": "text/html", "contentLength": -1, "httpStatus": 200, "connId": 19, "connReused": 1, "cached": 0,"requestTime": 9948.713424, "proxyStart": -1, "proxyEnd": -1, "dnsStart": -1, "dnsEnd": -1, "connectStart": 0, "connectEnd": 113, "sendStart": 113, "sendEnd": 113, "receiveHeadersEnd": 267, "sslStart": -1, "sslEnd": -1}}
06-28 11:21:19.412 18478 18490 E WProf.db: {"ReceivedChunk": {"receivedTime": 9948.998925, "len": 12688}}
06-28 11:21:19.412 18478 18490 E WProf.db: {"ReceivedChunk": {"receivedTime": 9949.062960, "len": 32768}}
06-28 11:21:19.412 18478 18490 E WProf.db: {"ReceivedChunk": {"receivedTime": 9949.063249, "len": 26138}}
06-28 11:21:19.412 18478 18490 E WProf.db: {"ReceivedChunk": {"receivedTime": 9949.131105, "len": 15389}}
06-28 11:21:19.412 18478 18490 E WProf.db: {"ReceivedChunk": {"receivedTime": 9949.139878, "len": 5737}}
06-28 11:21:19.412 18478 18490 E WProf.db: {"WprofHTMLTag": {"code": "0xaedd52d0", "doc": "http://searchengineland.com/google-introduces-candidate-cards-for-presidential-election-season-241026", "row": 6, "column": 42, "tagName": "html", "time": 9949.064279, "url": "", "pos": 1, "chunkLen": 1, "isStartTag": 1}}
06-28 11:21:19.413 18478 18490 E WProf.db: {"WprofHTMLTag": {"code": "0xaf047760", "doc": "http://searchengineland.com/google-introduces-candidate-cards-for-presidential-election-season-241026", "row": 7, "column": 6, "tagName": "head", "time": 9949.064952, "url": "", "pos": 1, "chunkLen": 1, "isStartTag": 1}}
06-28 11:21:19.413 18478 18490 E WProf.db: {"WprofHTMLTag": {"code": "0xaf047790", "doc": "http://searchengineland.com/google-introduces-candidate-cards-for-presidential-election-season-241026", "row": 8, "column": 54, "tagName": "meta", "time": 9949.065002, "url": "", "pos": 1, "chunkLen": 1, "isStartTag": 1}}
06-28 11:21:19.413 18478 18490 E WProf.db: {"WprofHTMLTag": {"code": "0xaf047880", "doc": "http://searchengineland.com/google-introduces-candidate-cards-for-presidential-election-season-241026", "row": 9, "column": 68, "tagName": "meta", "time": 9949.065150, "url": "", "pos": 1, "chunkLen": 1, "isStartTag": 1}}
06-28 11:21:19.413 18478 18490 E WProf.db: {"WprofHTMLTag": {"code": "0xaf0478b0", "doc": "http://searchengineland.com/google-introduces-candidate-cards-for-presidential-election-season-241026", "row": 10, "column": 23, "tagName": "meta", "time": 9949.065262, "url": "", "pos": 1, "chunkLen": 1, "isStartTag": 1}}
06-28 11:21:19.413 18478 18490 E WProf.db: {"WprofHTMLTag": {"code": "0xaf0478e0", "doc": "http://searchengineland.com/google-introduces-candidate-cards-for-presidential-election-season-241026", "row": 11, "column": 52, "tagName": "meta", "time": 9949.065386, "url": "", "pos": 1, "chunkLen": 1, "isStartTag": 1}}
06-28 11:21:19.413 18478 18490 E WProf.db: {"WprofHTMLTag": {"code": "0xaf047910", "doc": "http://searchengineland.com/google-introduces-candidate-cards-for-presidential-election-season-241026", "row": 14, "column": 56, "tagName": "meta", "time": 9949.065511, "url": "", "pos": 1, "chunkLen": 1, "isStartTag": 1}}
06-28 11:21:19.413 18478 18490 E WProf.db: {"WprofHTMLTag": {"code": "0xaf047940", "doc": "http://searchengineland.com/google-introduces-candidate-cards-for-presidential-election-season-241026", "row": 15, "column": 83, "tagName": "meta", "time": 9949.065616, "url": "", "pos": 1, "chunkLen": 1, "isStartTag": 1}}
06-28 11:21:19.413 18478 18490 E WProf.db: {"WprofHTMLTag": {"code": "0xaf047970", "doc": "http://searchengineland.com/google-introduces-candidate-cards-for-presidential-election-season-241026", "row": 16, "column": 57, "tagName": "meta", "time": 9949.065723, "url": "", "pos": 1, "chunkLen": 1, "isStartTag": 1}}
06-28 11:21:19.413 18478 18490 E WProf.db: {"WprofHTMLTag": {"code": "0xaf047a00", "doc": "http://searchengineland.com/google-introduces-candidate-cards-for-presidential-election-season-241026", "row": 17, "column": 41, "tagName": "meta", "time": 9949.065835, "url": "", "pos": 1, "chunkLen": 1, "isStartTag": 1}}
06-28 11:21:19.413 18478 18490 E WProf.db: {"WprofHTMLTag": {"code": "0xaf047a30", "doc": "http://searchengineland.com/google-introduces-candidate-cards-for-presidential-election-season-241026", "row": 18, "column": 50, "tagName": "meta", "time": 9949.065941, "url": "", "pos": 1, "chunkLen": 1, "isStartTag": 1}}
06-28 11:21:19.413 18478 18490 E WProf.db: {"WprofHTMLTag": {"code": "0xaf047a60", "doc": "http://searchengineland.com/google-introduces-candidate-cards-for-presidential-election-season-241026", "row": 19, "column": 174, "tagName": "meta", "time": 9949.066046, "url": "", "pos": 1, "chunkLen": 1, "isStartTag": 1}}
06-28 11:21:19.413 18478 18490 E WProf.db: {"WprofHTMLTag": {"code": "0xaf0479d0", "doc": "http://searchengineland.com/google-introduces-candidate-cards-for-presidential-election-season-241026", "row": 20, "column": 47, "tagName": "meta", "time": 9949.066154, "url": "", "pos": 1, "chunkLen": 1, "isStartTag": 1}}
06-28 11:21:19.413 18478 18490 E WProf.db: {"WprofHTMLTag": {"code": "0xaf0479a0", "doc": "http://searchengineland.com/google-introduces-candidate-cards-for-presidential-election-season-241026", "row": 21, "column": 67, "tagName": "meta", "time": 9949.066259, "url": "", "pos": 1, "chunkLen": 1, "isStartTag": 1}}
06-28 11:21:19.413 18478 18490 E WProf.db: {"WprofHTMLTag": {"code": "0xaf047a90", "doc": "http://searchengineland.com/google-introduces-candidate-cards-for-presidential-election-season-241026", "row": 22, "column": 57, "tagName": "meta", "time": 9949.066367, "url": "", "pos": 1, "chunkLen": 1, "isStartTag": 1}}
06-28 11:21:19.414 18478 18490 E WProf.db: {"WprofHTMLTag": {"code": "0xaf047ac0", "doc": "http://searchengineland.com/google-introduces-candidate-cards-for-presidential-election-season-241026", "row": 23, "column": 65, "tagName": "meta", "time": 9949.066470, "url": "", "pos": 1, "chunkLen": 1, "isStartTag": 1}}
06-28 11:21:19.414 18478 18490 E WProf.db: {"WprofHTMLTag": {"code": "0xaf047af0", "doc": "http://searchengineland.com/google-introduces-candidate-cards-for-presidential-election-season-241026", "row": 24, "column": 55, "tagName": "meta", "time": 9949.066576, "url": "", "pos": 1, "chunkLen": 1, "isStartTag": 1}}
06-28 11:21:19.414 18478 18490 E WProf.db: {"WprofHTMLTag": {"code": "0xaf047b20", "doc": "http://searchengineland.com/google-introduces-candidate-cards-for-presidential-election-season-241026", "row": 25, "column": 71, "tagName": "meta", "time": 9949.066681, "url": "", "pos": 1, "chunkLen": 1, "isStartTag": 1}}
06-28 11:21:19.414 18478 18490 E WProf.db: {"WprofHTMLTag": {"code": "0xaf047b50", "doc": "http://searchengineland.com/google-introduces-candidate-cards-for-presidential-election-season-241026", "row": 26, "column": 86, "tagName": "meta", "time": 9949.066784, "url": "", "pos": 1, "chunkLen": 1, "isStartTag": 1}}
06-28 11:21:19.414 18478 18490 E WProf.db: {"WprofHTMLTag": {"code": "0xaf047b80", "doc": "http://searchengineland.com/google-introduces-candidate-cards-for-presidential-election-season-241026", "row": 27, "column": 54, "tagName": "meta", "time": 9949.066889, "url": "", "pos": 1, "chunkLen": 1, "isStartTag": 1}}
06-28 11:21:19.414 18478 18490 E WProf.db: {"WprofHTMLTag": {"code": "0xaf047bb0", "doc": "http://searchengineland.com/google-introduces-candidate-cards-for-presidential-election-season-241026", "row": 29, "column": 39, "tagName": "meta", "time": 9949.066995, "url": "", "pos": 1, "chunkLen": 1, "isStartTag": 1}}
06-28 11:21:19.414 18478 18490 E WProf.db: {"WprofHTMLTag": {"code": "0xaf047be0", "doc": "http://searchengineland.com/google-introduces-candidate-cards-for-presidential-election-season-241026", "row": 30, "column": 180, "tagName": "meta", "time": 9949.067100, "url": "", "pos": 1, "chunkLen": 1, "isStartTag": 1}}
06-28 11:21:19.414 18478 18490 E WProf.db: {"WprofHTMLTag": {"code": "0xaf047c10", "doc": "http://searchengineland.com/google-introduces-candidate-cards-for-presidential-election-season-241026", "row": 31, "column": 55, "tagName": "meta", "time": 9949.067205, "url": "", "pos": 1, "chunkLen": 1, "isStartTag": 1}}
06-28 11:21:19.414 18478 18490 E WProf.db: {"WprofHTMLTag": {"code": "0xaf047c40", "doc": "http://searchengineland.com/google-introduces-candidate-cards-for-presidential-election-season-241026", "row": 32, "column": 54, "tagName": "meta", "time": 9949.067314, "url": "", "pos": 1, "chunkLen": 1, "isStartTag": 1}}
06-28 11:21:19.414 18478 18490 E WProf.db: {"WprofHTMLTag": {"code": "0xaf047c70", "doc": "http://searchengineland.com/google-introduces-candidate-cards-for-presidential-election-season-241026", "row": 33, "column": 145, "tagName": "meta", "time": 9949.067422, "url": "", "pos": 1, "chunkLen": 1, "isStartTag": 1}}
06-28 11:21:19.414 18478 18490 E WProf.db: {"WprofHTMLTag": {"code": "0xaf047ca0", "doc": "http://searchengineland.com/google-introduces-candidate-cards-for-presidential-election-season-241026", "row": 37, "column": 36, "tagName": "script", "time": 9949.067738, "url": "", "pos": 1, "chunkLen": 1, "isStartTag": 1}}
06-28 11:21:19.415 18478 18490 E WProf.db: {"WprofHTMLTag": {"code": "0xaf047cd0", "doc": "http://searchengineland.com/google-introduces-candidate-cards-for-presidential-election-season-241026", "row": 53, "column": 10, "tagName": "script", "time": 9949.068279, "url": "", "pos": 1, "chunkLen": 1, "isStartTag": 0}}
06-28 11:21:19.415 18478 18490 E WProf.db: {"WprofHTMLTag": {"code": "0xaedd55a0", "doc": "http://searchengineland.com/google-introduces-candidate-cards-for-presidential-election-season-241026", "row": 55, "column": 86, "tagName": "link", "time": 9949.072449, "url": "http://searchengineland.com/apple-touch-icon.png", "pos": 1, "chunkLen": 1, "isStartTag": 1}}
06-28 11:21:19.415 18478 18490 E WProf.db: {"WprofHTMLTag": {"code": "0xaf047d00", "doc": "http://searchengineland.com/google-introduces-candidate-cards-for-presidential-election-season-241026", "row": 56, "column": 76, "tagName": "link", "time": 9949.072755, "url": "http://searchengineland.com/favicon.ico", "pos": 1, "chunkLen": 1, "isStartTag": 1}}
06-28 11:21:19.415 18478 18490 E WProf.db: {"WprofHTMLTag": {"code": "0xaf047d30", "doc": "http://searchengineland.com/google-introduces-candidate-cards-for-presidential-election-season-241026", "row": 57, "column": 158, "tagName": "link", "time": 9949.072955, "url": "http://feeds.searchengineland.com/searchengineland", "pos": 1, "chunkLen": 1, "isStartTag": 1}}
06-28 11:21:19.415 18478 18490 E WProf.db: {"WprofHTMLTag": {"code": "0xaf047d60", "doc": "http://searchengineland.com/google-introduces-candidate-cards-for-presidential-election-season-241026", "row": 58, "column": 149, "tagName": "link", "time": 9949.073223, "url": "http://feeds.searchengineland.com/searchcap", "pos": 1, "chunkLen": 1, "isStartTag": 1}}
06-28 11:21:19.415 18478 18490 E WProf.db: {"WprofHTMLTag": {"code": "0xaf047d90", "doc": "http://searchengineland.com/google-introduces-candidate-cards-for-presidential-election-season-241026", "row": 59, "column": 150, "tagName": "link", "time": 9949.073498, "url": "http://searchengineland.com/figz/wp-content/themes/searchengineland/css/searchengineland-bootstrap.css", "pos": 1, "chunkLen": 1, "isStartTag": 1}}
06-28 11:21:19.415 18478 18490 E WProf.db: {"WprofHTMLTag": {"code": "0xaf047df0", "doc": "http://searchengineland.com/google-introduces-candidate-cards-for-presidential-election-season-241026", "row": 60, "column": 105, "tagName": "link", "time": 9949.074887, "url": "http://fonts.googleapis.com/css?family=Oswald:300,400,700", "pos": 1, "chunkLen": 1, "isStartTag": 1}}
06-28 11:21:19.415 18478 18490 E WProf.db: {"WprofHTMLTag": {"code": "0xaf047e50", "doc": "http://searchengineland.com/google-introduces-candidate-cards-for-presidential-election-season-241026", "row": 61, "column": 125, "tagName": "link", "time": 9949.076064, "url": "http://searchengineland.com/figz/wp-content/themes/searchengineland/style.css", "pos": 1, "chunkLen": 1, "isStartTag": 1}}
06-28 11:21:19.415 18478 18490 E WProf.db: {"WprofHTMLTag": {"code": "0xaf047eb0", "doc": "http://searchengineland.com/google-introduces-candidate-cards-for-presidential-election-season-241026", "row": 65, "column": 7, "tagName": "title", "time": 9949.077277, "url": "", "pos": 1, "chunkLen": 1, "isStartTag": 1}}
06-28 11:21:19.415 18478 18490 E WProf.db: {"WprofHTMLTag": {"code": "0xaf047ee0", "doc": "http://searchengineland.com/google-introduces-candidate-cards-for-presidential-election-season-241026", "row": 65, "column": 91, "tagName": "title", "time": 9949.077737, "url": "", "pos": 1, "chunkLen": 1, "isStartTag": 0}}
06-28 11:21:19.415 18478 18490 E WProf.db: {"WprofHTMLTag": {"code": "0xaf047f10", "doc": "http://searchengineland.com/google-introduces-candidate-cards-for-presidential-election-season-241026", "row": 66, "column": 192, "tagName": "meta", "time": 9949.077761, "url": "", "pos": 1, "chunkLen": 1, "isStartTag": 1}}
06-28 11:21:19.415 18478 18490 E WProf.db: {"WprofHTMLTag": {"code": "0xaf047f40", "doc": "http://searchengineland.com/google-introduces-candidate-cards-for-presidential-election-season-241026", "row": 67, "column": 40, "tagName": "meta", "time": 9949.077911, "url": "", "pos": 1, "chunkLen": 1, "isStartTag": 1}}
06-28 11:21:19.415 18478 18490 E WProf.db: {"WprofHTMLTag": {"code": "0xaf047f70", "doc": "http://searchengineland.com/google-introduces-candidate-cards-for-presidential-election-season-241026", "row": 68, "column": 143, "tagName": "meta", "time": 9949.078023, "url": "", "pos": 1, "chunkLen": 1, "isStartTag": 1}}
06-28 11:21:19.416 18478 18490 E WProf.db: {"WprofHTMLTag": {"code": "0xaf047fa0", "doc": "http://searchengineland.com/google-introduces-candidate-cards-for-presidential-election-season-241026", "row": 69, "column": 37, "tagName": "meta", "time": 9949.078136, "url": "", "pos": 1, "chunkLen": 1, "isStartTag": 1}}
06-28 11:21:19.416 18478 18490 E WProf.db: {"WprofHTMLTag": {"code": "0xaf047fd0", "doc": "http://searchengineland.com/google-introduces-candidate-cards-for-presidential-election-season-241026", "row": 70, "column": 133, "tagName": "link", "time": 9949.078243, "url": "http://searchengineland.com/google-introduces-candidate-cards-for-presidential-election-season-241026", "pos": 1, "chunkLen": 1, "isStartTag": 1}}
06-28 11:21:19.416 18478 18490 E WProf.db: {"WprofHTMLTag": {"code": "0xb4cc74b0", "doc": "http://searchengineland.com/google-introduces-candidate-cards-for-presidential-election-season-241026", "row": 71, "column": 76, "tagName": "link", "time": 9949.078452, "url": "https://plus.google.com/103218677032751327334", "pos": 1, "chunkLen": 1, "isStartTag": 1}}
06-28 11:21:19.416 18478 18490 E WProf.db: {"WprofHTMLTag": {"code": "0xb4cc7540", "doc": "http://searchengineland.com/google-introduces-candidate-cards-for-presidential-election-season-241026", "row": 72, "column": 45, "tagName": "meta", "time": 9949.078642, "url": "", "pos": 1, "chunkLen": 1, "isStartTag": 1}}
06-28 11:21:19.416 18478 18490 E WProf.db: {"WprofHTMLTag": {"code": "0xb4cc78a0", "doc": "http://searchengineland.com/google-introduces-candidate-cards-for-presidential-election-season-241026", "row": 73, "column": 45, "tagName": "meta", "time": 9949.078750, "url": "", "pos": 1, "chunkLen": 1, "isStartTag": 1}}
06-28 11:21:19.416 18478 18490 E WProf.db: {"WprofHTMLTag": {"code": "0xb4cc78d0", "doc": "http://searchengineland.com/google-introduces-candidate-cards-for-presidential-election-season-241026", "row": 74, "column": 115, "tagName": "meta", "time": 9949.078861, "url": "", "pos": 1, "chunkLen": 1, "isStartTag": 1}}
06-28 11:21:19.416 18478 18490 E WProf.db: {"WprofHTMLTag": {"code": "0xb4cc7900", "doc": "http://searchengineland.com/google-introduces-candidate-cards-for-presidential-election-season-241026", "row": 75, "column": 200, "tagName": "meta", "time": 9949.078964, "url": "", "pos": 1, "chunkLen": 1, "isStartTag": 1}}
06-28 11:21:19.416 18478 18490 E WProf.db: {"WprofHTMLTag": {"code": "0xb4cc7930", "doc": "http://searchengineland.com/google-introduces-candidate-cards-for-presidential-election-season-241026", "row": 76, "column": 138, "tagName": "meta", "time": 9949.079210, "url": "", "pos": 1, "chunkLen": 1, "isStartTag": 1}}
06-28 11:21:19.416 18478 18490 E WProf.db: {"WprofHTMLTag": {"code": "0xb4cc7960", "doc": "http://searchengineland.com/google-introduces-candidate-cards-for-presidential-election-season-241026", "row": 77, "column": 61, "tagName": "meta", "time": 9949.079319, "url": "", "pos": 1, "chunkLen": 1, "isStartTag": 1}}
06-28 11:21:19.416 18478 18490 E WProf.db: {"WprofHTMLTag": {"code": "0xb4cc7990", "doc": "http://searchengineland.com/google-introduces-candidate-cards-for-presidential-election-season-241026", "row": 78, "column": 89, "tagName": "meta", "time": 9949.079431, "url": "", "pos": 1, "chunkLen": 1, "isStartTag": 1}}
06-28 11:21:19.416 18478 18490 E WProf.db: {"WprofHTMLTag": {"code": "0xb4cc79c0", "doc": "http://searchengineland.com/google-introduces-candidate-cards-for-presidential-election-season-241026", "row": 79, "column": 58, "tagName": "meta", "time": 9949.079538, "url": "", "pos": 1, "chunkLen": 1, "isStartTag": 1}}
06-28 11:21:19.416 18478 18490 E WProf.db: {"WprofHTMLTag": {"code": "0xb4cc79f0", "doc": "http://searchengineland.com/google-introduces-candidate-cards-for-presidential-election-season-241026", "row": 80, "column": 78, "tagName": "meta", "time": 9949.079646, "url": "", "pos": 1, "chunkLen": 1, "isStartTag": 1}}
06-28 11:21:19.416 18478 18490 E WProf.db: {"WprofHTMLTag": {"code": "0xb4cc7a20", "doc": "http://searchengineland.com/google-introduces-candidate-cards-for-presidential-election-season-241026", "row": 81, "column": 77, "tagName": "meta", "time": 9949.079750, "url": "", "pos": 1, "chunkLen": 1, "isStartTag": 1}}
06-28 11:21:19.417 18478 18490 E WProf.db: {"WprofHTMLTag": {"code": "0xb4cc7a50", "doc": "http://searchengineland.com/google-introduces-candidate-cards-for-presidential-election-season-241026", "row": 82, "column": 71, "tagName": "meta", "time": 9949.079858, "url": "", "pos": 1, "chunkLen": 1, "isStartTag": 1}}
06-28 11:21:19.417 18478 18490 E WProf.db: {"WprofHTMLTag": {"code": "0xb4cc7a80", "doc": "http://searchengineland.com/google-introduces-candidate-cards-for-presidential-election-season-241026", "row": 83, "column": 139, "tagName": "meta", "time": 9949.079968, "url": "", "pos": 1, "chunkLen": 1, "isStartTag": 1}}
06-28 11:21:19.417 18478 18490 E WProf.db: {"WprofHTMLTag": {"code": "0xb4cc7ab0", "doc": "http://searchengineland.com/google-introduces-candidate-cards-for-presidential-election-season-241026", "row": 84, "column": 49, "tagName": "meta", "time": 9949.080501, "url": "", "pos": 1, "chunkLen": 1, "isStartTag": 1}}
06-28 11:21:19.417 18478 18490 E WProf.db: {"WprofHTMLTag": {"code": "0xb4cc7ae0", "doc": "http://searchengineland.com/google-introduces-candidate-cards-for-presidential-election-season-241026", "row": 85, "column": 50, "tagName": "meta", "time": 9949.080617, "url": "", "pos": 1, "chunkLen": 1, "isStartTag": 1}}
06-28 11:21:19.417 18478 18490 E WProf.db: {"WprofHTMLTag": {"code": "0xb4cc7b10", "doc": "http://searchengineland.com/google-introduces-candidate-cards-for-presidential-election-season-241026", "row": 86, "column": 58, "tagName": "meta", "time": 9949.080757, "url": "", "pos": 1, "chunkLen": 1, "isStartTag": 1}}
06-28 11:21:19.417 18478 18490 E WProf.db: {"WprofHTMLTag": {"code": "0xb4cc7b40", "doc": "http://searchengineland.com/google-introduces-candidate-cards-for-presidential-election-season-241026", "row": 87, "column": 201, "tagName": "meta", "time": 9949.080873, "url": "", "pos": 1, "chunkLen": 1, "isStartTag": 1}}
06-28 11:21:19.417 18478 18490 E WProf.db: {"WprofHTMLTag": {"code": "0xb4cc7b70", "doc": "http://searchengineland.com/google-introduces-candidate-cards-for-presidential-election-season-241026", "row": 88, "column": 116, "tagName": "meta", "time": 9949.080990, "url": "", "pos": 1, "chunkLen": 1, "isStartTag": 1}}
06-28 11:21:19.417 18478 18490 E WProf.db: {"WprofHTMLTag": {"code": "0xb4cc7ba0", "doc": "http://searchengineland.com/google-introduces-candidate-cards-for-presidential-election-season-241026", "row": 89, "column": 51, "tagName": "meta", "time": 9949.082018, "url": "", "pos": 1, "chunkLen": 1, "isStartTag": 1}}
06-28 11:21:19.417 18478 18490 E WProf.db: {"WprofHTMLTag": {"code": "0xb4cc7bd0", "doc": "http://searchengineland.com/google-introduces-candidate-cards-for-presidential-election-season-241026", "row": 90, "column": 140, "tagName": "meta", "time": 9949.082881, "url": "", "pos": 1, "chunkLen": 1, "isStartTag": 1}}
06-28 11:21:19.417 18478 18490 E WProf.db: {"WprofHTMLTag": {"code": "0xb4cc7c00", "doc": "http://searchengineland.com/google-introduces-candidate-cards-for-presidential-election-season-241026", "row": 91, "column": 52, "tagName": "meta", "time": 9949.083053, "url": "", "pos": 1, "chunkLen": 1, "isStartTag": 1}}
06-28 11:21:19.417 18478 18490 E WProf.db: {"WprofHTMLTag": {"code": "0xb4cc7c30", "doc": "http://searchengineland.com/google-introduces-candidate-cards-for-presidential-election-season-241026", "row": 94, "column": 44, "tagName": "link", "time": 9949.083223, "url": "http://s.w.org/", "pos": 1, "chunkLen": 1, "isStartTag": 1}}
06-28 11:21:19.417 18478 18490 E WProf.db: {"WprofHTMLTag": {"code": "0xb4cc7c60", "doc": "http://searchengineland.com/google-introduces-candidate-cards-for-presidential-election-season-241026", "row": 95, "column": 33, "tagName": "script", "time": 9949.083544, "url": "", "pos": 1, "chunkLen": 1, "isStartTag": 1}}
06-28 11:21:19.417 18478 18490 E WProf.db: {"WprofHTMLTag": {"code": "0xb4cc7c90", "doc": "http://searchengineland.com/google-introduces-candidate-cards-for-presidential-election-season-241026", "row": 98, "column": 11, "tagName": "script", "time": 9949.083804, "url": "http://searchengineland.com/figz/wp-includes/js/wp-emoji-release.min.js?ver=4.7.5", "pos": 1, "chunkLen": 1, "isStartTag": 0}}
06-28 11:21:19.417 18478 18490 E WProf.db: {"WprofHTMLTag": {"code": "0x9d27a930", "doc": "http://searchengineland.com/google-introduces-candidate-cards-for-presidential-election-season-241026", "row": 99, "column": 25, "tagName": "style", "time": 9949.658103, "url": "", "pos": 1, "chunkLen": 1, "isStartTag": 1}}
06-28 11:21:19.418 18478 18490 E WProf.db: {"WprofHTMLTag": {"code": "0x9d27a960", "doc": "http://searchengineland.com/google-introduces-candidate-cards-for-presidential-election-season-241026", "row": 112, "column": 8, "tagName": "style", "time": 9949.658288, "url": "", "pos": 1, "chunkLen": 1, "isStartTag": 0}}
06-28 11:21:19.418 18478 18490 E WProf.db: {"WprofHTMLTag": {"code": "0x9d27a990", "doc": "http://searchengineland.com/google-introduces-candidate-cards-for-presidential-election-season-241026", "row": 113, "column": 140, "tagName": "script", "time": 9949.659830, "url": "http://searchengineland.com/figz/wp-content/themes/searchengineland/js/lib/modernizr.custom.js?ver=1.0", "pos": 1, "chunkLen": 1, "isStartTag": 1}}
06-28 11:21:19.418 18478 18490 E WProf.db: {"WprofHTMLTag": {"code": "0x9d27a9c0", "doc": "http://searchengineland.com/google-introduces-candidate-cards-for-presidential-election-season-241026", "row": 113, "column": 149, "tagName": "script", "time": 9949.660108, "url": "", "pos": 1, "chunkLen": 1, "isStartTag": 0}}
06-28 11:21:19.418 18478 18490 E WProf.db: {"WprofHTMLTag": {"code": "0x9d27aa50", "doc": "http://searchengineland.com/google-introduces-candidate-cards-for-presidential-election-season-241026", "row": 114, "column": 144, "tagName": "script", "time": 9949.666798, "url": "http://searchengineland.com/figz/wp-content/themes/searchengineland/js/lib/jquery-1.11.0.min.js?ver=1.11.0", "pos": 1, "chunkLen": 1, "isStartTag": 1}}
06-28 11:21:19.418 18478 18490 E WProf.db: {"WprofHTMLTag": {"code": "0x9d27aa80", "doc": "http://searchengineland.com/google-introduces-candidate-cards-for-presidential-election-season-241026", "row": 114, "column": 153, "tagName": "script", "time": 9949.667042, "url": "", "pos": 1, "chunkLen": 1, "isStartTag": 0}}
06-28 11:21:19.418 18478 18490 E WProf.db: {"WprofHTMLTag": {"code": "0xaedd5e10", "doc": "http://searchengineland.com/google-introduces-candidate-cards-for-presidential-election-season-241026", "row": 0, "column": 15, "tagName": "div", "time": 9949.734875, "url": "", "pos": 15, "chunkLen": 44, "isStartTag": 1}}
06-28 11:21:19.418 18478 18490 E WProf.db: {"WprofHTMLTag": {"code": "0xaedd5de0", "doc": "http://searchengineland.com/google-introduces-candidate-cards-for-presidential-election-season-241026", "row": 0, "column": 21, "tagName": "div", "time": 9949.735005, "url": "", "pos": 21, "chunkLen": 44, "isStartTag": 0}}
06-28 11:21:19.418 18478 18490 E WProf.db: {"WprofHTMLTag": {"code": "0xaedd5ba0", "doc": "http://searchengineland.com/google-introduces-candidate-cards-for-presidential-election-season-241026", "row": 0, "column": 38, "tagName": "div", "time": 9949.735063, "url": "", "pos": 38, "chunkLen": 44, "isStartTag": 1}}
06-28 11:21:19.418 18478 18490 E WProf.db: {"WprofHTMLTag": {"code": "0xaedd5db0", "doc": "http://searchengineland.com/google-introduces-candidate-cards-for-presidential-election-season-241026", "row": 0, "column": 44, "tagName": "div", "time": 9949.735170, "url": "", "pos": 44, "chunkLen": 44, "isStartTag": 0}}
06-28 11:21:19.419 18478 18490 E WProf.db: {"WprofHTMLTag": {"code": "0xaedd5d80", "doc": "http://searchengineland.com/google-introduces-candidate-cards-for-presidential-election-season-241026", "row": 0, "column": 13, "tagName": "select", "time": 9949.736508, "url": "", "pos": 13, "chunkLen": 51, "isStartTag": 1}}
06-28 11:21:19.419 18478 18490 E WProf.db: {"WprofHTMLTag": {"code": "0xaedd5d50", "doc": "http://searchengineland.com/google-introduces-candidate-cards-for-presidential-election-season-241026", "row": 0, "column": 33, "tagName": "option", "time": 9949.736684, "url": "", "pos": 33, "chunkLen": 51, "isStartTag": 1}}
06-28 11:21:19.419 18478 18490 E WProf.db: {"WprofHTMLTag": {"code": "0xaedd5d20", "doc": "http://searchengineland.com/google-introduces-candidate-cards-for-presidential-election-season-241026", "row": 0, "column": 42, "tagName": "option", "time": 9949.736866, "url": "", "pos": 42, "chunkLen": 51, "isStartTag": 0}}
06-28 11:21:19.419 18478 18490 E WProf.db: {"WprofHTMLTag": {"code": "0x9d27ab10", "doc": "http://searchengineland.com/google-introduces-candidate-cards-for-presidential-election-season-241026", "row": 0, "column": 51, "tagName": "select", "time": 9949.736924, "url": "", "pos": 51, "chunkLen": 51, "isStartTag": 0}}
06-28 11:21:19.419 18478 18490 E WProf.db: {"WprofHTMLTag": {"code": "0x9d27ab40", "doc": "http://searchengineland.com/google-introduces-candidate-cards-for-presidential-election-season-241026", "row": 0, "column": 12, "tagName": "a", "time": 9949.752697, "url": "", "pos": 12, "chunkLen": 16, "isStartTag": 1}}
06-28 11:21:19.419 18478 18490 E WProf.db: {"WprofHTMLTag": {"code": "0x9d27ab70", "doc": "http://searchengineland.com/google-introduces-candidate-cards-for-presidential-election-season-241026", "row": 0, "column": 16, "tagName": "a", "time": 9949.752872, "url": "", "pos": 16, "chunkLen": 16, "isStartTag": 0}}
06-28 11:21:19.419 18478 18490 E WProf.db: {"WprofHTMLTag": {"code": "0x9d27aba0", "doc": "http://searchengineland.com/google-introduces-candidate-cards-for-presidential-election-season-241026", "row": 0, "column": 8, "tagName": "input", "time": 9949.754009, "url": "", "pos": 8, "chunkLen": 8, "isStartTag": 1}}
06-28 11:21:19.419 18478 18490 E WProf.db: {"WprofHTMLTag": {"code": "0x9d27abd0", "doc": "http://searchengineland.com/google-introduces-candidate-cards-for-presidential-election-season-241026", "row": 0, "column": 9, "tagName": "link", "time": 9949.763664, "url": "", "pos": 9, "chunkLen": 42, "isStartTag": 1}}
06-28 11:21:19.420 18478 18490 E WProf.db: {"WprofHTMLTag": {"code": "0x9d27ac00", "doc": "http://searchengineland.com/google-introduces-candidate-cards-for-presidential-election-season-241026", "row": 0, "column": 16, "tagName": "table", "time": 9949.763777, "url": "", "pos": 16, "chunkLen": 42, "isStartTag": 1}}
06-28 11:21:19.420 18478 18490 E WProf.db: {"WprofHTMLTag": {"code": "0x9d27ac30", "doc": "http://searchengineland.com/google-introduces-candidate-cards-for-presidential-election-season-241026", "row": 0, "column": 24, "tagName": "table", "time": 9949.763888, "url": "", "pos": 24, "chunkLen": 42, "isStartTag": 0}}
06-28 11:21:19.420 18478 18490 E WProf.db: {"WprofHTMLTag": {"code": "0x9d27ac60", "doc": "http://searchengineland.com/google-introduces-candidate-cards-for-presidential-election-season-241026", "row": 0, "column": 37, "tagName": "a", "time": 9949.763952, "url": "", "pos": 37, "chunkLen": 42, "isStartTag": 1}}
06-28 11:21:19.420 18478 18490 E WProf.db: {"WprofHTMLTag": {"code": "0x9d27ac90", "doc": "http://searchengineland.com/google-introduces-candidate-cards-for-presidential-election-season-241026", "row": 0, "column": 42, "tagName": "a", "time": 9949.764140, "url": "", "pos": 42, "chunkLen": 42, "isStartTag": 0}}
06-28 11:21:19.420 18478 18490 E WProf.db: {"WprofHTMLTag": {"code": "0x9d27ad20", "doc": "http://searchengineland.com/google-introduces-candidate-cards-for-presidential-election-season-241026", "row": 0, "column": 10, "tagName": "textarea", "time": 9949.765598, "url": "", "pos": 10, "chunkLen": 22, "isStartTag": 1}}
06-28 11:21:19.420 18478 18490 E WProf.db: {"WprofHTMLTag": {"code": "0x9d27ad50", "doc": "http://searchengineland.com/google-introduces-candidate-cards-for-presidential-election-season-241026", "row": 0, "column": 22, "tagName": "textarea", "time": 9949.765789, "url": "", "pos": 22, "chunkLen": 22, "isStartTag": 0}}
06-28 11:21:19.420 18478 18490 E WProf.db: {"WprofHTMLTag": {"code": "0x9d27ad80", "doc": "http://searchengineland.com/google-introduces-candidate-cards-for-presidential-election-season-241026", "row": 0, "column": 48, "tagName": "input", "time": 9949.767125, "url": "", "pos": 48, "chunkLen": 48, "isStartTag": 1}}
06-28 11:21:19.420 18478 18490 E WProf.db: {"WprofHTMLTag": {"code": "0x9d27ade0", "doc": "http://searchengineland.com/google-introduces-candidate-cards-for-presidential-election-season-241026", "row": 0, "column": 9, "tagName": "link", "time": 9949.771769, "url": "", "pos": 9, "chunkLen": 66, "isStartTag": 1}}
06-28 11:21:19.420 18478 18490 E WProf.db: {"WprofHTMLTag": {"code": "0x9d27ae10", "doc": "http://searchengineland.com/google-introduces-candidate-cards-for-presidential-election-season-241026", "row": 0, "column": 16, "tagName": "table", "time": 9949.771889, "url": "", "pos": 16, "chunkLen": 66, "isStartTag": 1}}
06-28 11:21:19.420 18478 18490 E WProf.db: {"WprofHTMLTag": {"code": "0x9d27ae40", "doc": "http://searchengineland.com/google-introduces-candidate-cards-for-presidential-election-season-241026", "row": 0, "column": 24, "tagName": "table", "time": 9949.771963, "url": "", "pos": 24, "chunkLen": 66, "isStartTag": 0}}
06-28 11:21:19.420 18478 18490 E WProf.db: {"WprofHTMLTag": {"code": "0x9d27ae70", "doc": "http://searchengineland.com/google-introduces-candidate-cards-for-presidential-election-season-241026", "row": 0, "column": 37, "tagName": "a", "time": 9949.772031, "url": "", "pos": 37, "chunkLen": 66, "isStartTag": 1}}
06-28 11:21:19.420 18478 18490 E WProf.db: {"WprofHTMLTag": {"code": "0x9d27aea0", "doc": "http://searchengineland.com/google-introduces-candidate-cards-for-presidential-election-season-241026", "row": 0, "column": 42, "tagName": "a", "time": 9949.772212, "url": "", "pos": 42, "chunkLen": 66, "isStartTag": 0}}
06-28 11:21:19.421 18478 18490 E WProf.db: {"WprofHTMLTag": {"code": "0x9d27aed0", "doc": "http://searchengineland.com/google-introduces-candidate-cards-for-presidential-election-season-241026", "row": 0, "column": 66, "tagName": "input", "time": 9949.772271, "url": "", "pos": 66, "chunkLen": 66, "isStartTag": 1}}
06-28 11:21:19.421 18478 18490 E WProf.db: {"WprofHTMLTag": {"code": "0x9d27af60", "doc": "http://searchengineland.com/google-introduces-candidate-cards-for-presidential-election-season-241026", "row": 0, "column": 9, "tagName": "link", "time": 9949.781752, "url": "", "pos": 9, "chunkLen": 66, "isStartTag": 1}}
06-28 11:21:19.421 18478 18490 E WProf.db: {"WprofHTMLTag": {"code": "0x9d27af90", "doc": "http://searchengineland.com/google-introduces-candidate-cards-for-presidential-election-season-241026", "row": 0, "column": 16, "tagName": "table", "time": 9949.781855, "url": "", "pos": 16, "chunkLen": 66, "isStartTag": 1}}
06-28 11:21:19.421 18478 18490 E WProf.db: {"WprofHTMLTag": {"code": "0x9d27afc0", "doc": "http://searchengineland.com/google-introduces-candidate-cards-for-presidential-election-season-241026", "row": 0, "column": 24, "tagName": "table", "time": 9949.781922, "url": "", "pos": 24, "chunkLen": 66, "isStartTag": 0}}
06-28 11:21:19.421 18478 18490 E WProf.db: {"WprofHTMLTag": {"code": "0x9d27aff0", "doc": "http://searchengineland.com/google-introduces-candidate-cards-for-presidential-election-season-241026", "row": 0, "column": 37, "tagName": "a", "time": 9949.781978, "url": "", "pos": 37, "chunkLen": 66, "isStartTag": 1}}
06-28 11:21:19.421 18478 18490 E WProf.db: {"WprofHTMLTag": {"code": "0x9d27b020", "doc": "http://searchengineland.com/google-introduces-candidate-cards-for-presidential-election-season-241026", "row": 0, "column": 42, "tagName": "a", "time": 9949.782145, "url": "", "pos": 42, "chunkLen": 66, "isStartTag": 0}}
06-28 11:21:19.421 18478 18490 E WProf.db: {"WprofHTMLTag": {"code": "0x9d27b050", "doc": "http://searchengineland.com/google-introduces-candidate-cards-for-presidential-election-season-241026", "row": 0, "column": 66, "tagName": "input", "time": 9949.782206, "url": "", "pos": 66, "chunkLen": 66, "isStartTag": 1}}
06-28 11:21:19.421 18478 18490 E WProf.db: {"WprofHTMLTag": {"code": "0x9d27b0b0", "doc": "http://searchengineland.com/google-introduces-candidate-cards-for-presidential-election-season-241026", "row": 0, "column": 9, "tagName": "link", "time": 9949.786733, "url": "", "pos": 9, "chunkLen": 66, "isStartTag": 1}}
06-28 11:21:19.421 18478 18490 E WProf.db: {"WprofHTMLTag": {"code": "0x9d27b0e0", "doc": "http://searchengineland.com/google-introduces-candidate-cards-for-presidential-election-season-241026", "row": 0, "column": 16, "tagName": "table", "time": 9949.786839, "url": "", "pos": 16, "chunkLen": 66, "isStartTag": 1}}
06-28 11:21:19.421 18478 18490 E WProf.db: {"WprofHTMLTag": {"code": "0x9d27b110", "doc": "http://searchengineland.com/google-introduces-candidate-cards-for-presidential-election-season-241026", "row": 0, "column": 24, "tagName": "table", "time": 9949.786908, "url": "", "pos": 24, "chunkLen": 66, "isStartTag": 0}}
06-28 11:21:19.421 18478 18490 E WProf.db: {"WprofHTMLTag": {"code": "0x9d27b140", "doc": "http://searchengineland.com/google-introduces-candidate-cards-for-presidential-election-season-241026", "row": 0, "column": 37, "tagName": "a", "time": 9949.786967, "url": "", "pos": 37, "chunkLen": 66, "isStartTag": 1}}
06-28 11:21:19.422 18478 18490 E WProf.db: {"WprofHTMLTag": {"code": "0x9d27b170", "doc": "http://searchengineland.com/google-introduces-candidate-cards-for-presidential-election-season-241026", "row": 0, "column": 42, "tagName": "a", "time": 9949.787128, "url": "", "pos": 42, "chunkLen": 66, "isStartTag": 0}}
06-28 11:21:19.422 18478 18490 E WProf.db: {"WprofHTMLTag": {"code": "0x9d27b1a0", "doc": "http://searchengineland.com/google-introduces-candidate-cards-for-presidential-election-season-241026", "row": 0, "column": 66, "tagName": "input", "time": 9949.787185, "url": "", "pos": 66, "chunkLen": 66, "isStartTag": 1}}
06-28 11:21:19.422 18478 18490 E WProf.db: {"WprofHTMLTag": {"code": "0x9d27aa20", "doc": "http://searchengineland.com/google-introduces-candidate-cards-for-presidential-election-season-241026", "row": 115, "column": 154, "tagName": "script", "time": 9949.799122, "url": "http://searchengineland.com/figz/wp-content/themes/searchengineland/js/lib/jquery-ui-1.10.3.custom.min.js?ver=1.10.3", "pos": 67, "chunkLen": 67, "isStartTag": 1}}
