--------- beginning of system
--------- beginning of main
06-28 14:35:30.540  3449  3449 E Finsky  : [1] com.google.android.finsky.wear.bl.a(3): onConnectionFailed: ConnectionResult{statusCode=API_UNAVAILABLE, resolution=null, message=null}
06-28 14:35:31.506 21081 21081 E chromium: [ERROR:shell_integration_android.cc(12)] Not implemented reached in static ShellIntegration::DefaultWebClientSetPermission ShellIntegration::CanSetAsDefaultBrowser()
06-28 14:35:31.514 21081 21081 E chromium: [ERROR:browser_process_impl.cc(720)] Not implemented reached in virtual BackgroundModeManager* BrowserProcessImpl::background_mode_manager()
06-28 14:35:31.826  3218 12931 E AudioRecord-JNI: Error -4 during AudioRecord native read
06-28 14:35:34.356 21081 21133 E chromium: [ERROR:gles2_cmd_decoder.cc(3852)] [.ChromiumCompositor-0xacbb2fc0]GL ERROR :GL_INVALID_ENUM : glDiscardFramebufferEXT: attachments was GL_COLOR_EXT
06-28 14:35:34.709 21158 21170 E WPROF   : {"Javascript": {"url": "https://cdn.ampproject.org/rtv/011498506512561/v0.js", "requestTime": 21611.764988}}
06-28 14:35:34.710 21158 21170 E WPROF   : {"Javascript": {"url": "https://cdn.ampproject.org/rtv/011498506512561/v0/amp-ad-0.1.js", "requestTime": 21611.765743}}
06-28 14:35:34.715 21158 21170 E WPROF   : {"Javascript": {"url": "https://cdn.ampproject.org/rtv/011498506512561/v0/amp-analytics-0.1.js", "requestTime": 21611.770472}}
06-28 14:35:34.715 21158 21170 E WPROF   : {"Javascript": {"url": "https://cdn.ampproject.org/rtv/011498506512561/v0/amp-anim-0.1.js", "requestTime": 21611.771206}}
06-28 14:35:34.716 21158 21170 E WPROF   : {"Javascript": {"url": "https://cdn.ampproject.org/rtv/011498506512561/v0/amp-form-0.1.js", "requestTime": 21611.771889}}
06-28 14:35:34.725 21158 21170 E WPROF   : {"Javascript": {"url": "https://cdn.ampproject.org/rtv/011498506512561/v0/amp-sidebar-0.1.js", "requestTime": 21611.775853}}
06-28 14:35:34.726 21158 21170 E WPROF   : {"Javascript": {"url": "https://cdn.ampproject.org/rtv/011498506512561/v0/amp-video-0.1.js", "requestTime": 21611.781811}}
06-28 14:35:34.727 21158 21170 E WPROF   : {"Javascript": {"url": "https://cdn.ampproject.org/rtv/011498506512561/v0/amp-youtube-0.1.js", "requestTime": 21611.782533}}
06-28 14:35:34.728 21158 21170 E WPROF   : {"CSS": {"url": "https://fonts.googleapis.com/css?family=Oswald:300,400,700", "requestTime": 21611.783321}}
06-28 14:35:34.728 21158 21170 E WPROF   : {"CSS": {"url": "https://fonts.googleapis.com/css?family=Merriweather:400,400italic,700,700italic", "requestTime": 21611.784009}}
06-28 14:35:34.747 21158 21170 E WPROF   : {"Javascript": {"url": "https://cdn.ampproject.org/rtv/011498506512561/v0/amp-mustache-0.1.js", "requestTime": 21611.802694}}
06-28 14:35:35.414 21081 21133 E chromium: [ERROR:gles2_cmd_decoder.cc(3852)] [.ChromiumCompositor-0xacbb2fc0]GL ERROR :GL_INVALID_ENUM : glDiscardFramebufferEXT: attachments was GL_COLOR_EXT
06-28 14:35:36.156 21081 21133 E chromium: [ERROR:gles2_cmd_decoder.cc(3852)] [.ChromiumCompositor-0xacbb2fc0]GL ERROR :GL_INVALID_ENUM : glDiscardFramebufferEXT: attachments was GL_COLOR_EXT
06-28 14:35:36.356 21081 21133 E chromium: [ERROR:gles2_cmd_decoder.cc(3852)] [.ChromiumCompositor-0xacbb2fc0]GL ERROR :GL_INVALID_ENUM : glDiscardFramebufferEXT: attachments was GL_COLOR_EXT
06-28 14:35:36.382 21081 21133 E chromium: [ERROR:gles2_cmd_decoder.cc(3852)] [.ChromiumCompositor-0xacbb2fc0]GL ERROR :GL_INVALID_ENUM : glDiscardFramebufferEXT: attachments was GL_COLOR_EXT
06-28 14:35:36.412 21081 21133 E chromium: [ERROR:gles2_cmd_decoder.cc(3852)] [.ChromiumCompositor-0xacbb2fc0]GL ERROR :GL_INVALID_ENUM : glDiscardFramebufferEXT: attachments was GL_COLOR_EXT
06-28 14:35:36.424 21081 21133 E chromium: [ERROR:gles2_cmd_decoder.cc(3852)] [.ChromiumCompositor-0xacbb2fc0]GL ERROR :GL_INVALID_ENUM : glDiscardFramebufferEXT: attachments was GL_COLOR_EXT
06-28 14:35:36.434 21081 21133 E chromium: [ERROR:gles2_cmd_decoder.cc(3852)] [.ChromiumCompositor-0xacbb2fc0]GL ERROR :GL_INVALID_ENUM : glDiscardFramebufferEXT: attachments was GL_COLOR_EXT
06-28 14:35:36.475 21081 21133 E chromium: [ERROR:gles2_cmd_decoder.cc(3852)] [.ChromiumCompositor-0xacbb2fc0]GL ERROR :GL_INVALID_ENUM : glDiscardFramebufferEXT: attachments was GL_COLOR_EXT
06-28 14:35:36.480 21081 21133 E chromium: [ERROR:gles2_cmd_decoder.cc(3852)] [.ChromiumCompositor-0xacbb2fc0]GL ERROR :GL_INVALID_ENUM : glDiscardFramebufferEXT: attachments was GL_COLOR_EXT
06-28 14:35:36.498 21081 21133 E chromium: [ERROR:gles2_cmd_decoder.cc(3852)] [.ChromiumCompositor-0xacbb2fc0]GL ERROR :GL_INVALID_ENUM : glDiscardFramebufferEXT: attachments was GL_COLOR_EXT
06-28 14:35:36.510 21081 21133 E chromium: [ERROR:gles2_cmd_decoder.cc(3852)] [.ChromiumCompositor-0xacbb2fc0]GL ERROR :GL_INVALID_ENUM : glDiscardFramebufferEXT: attachments was GL_COLOR_EXT
06-28 14:35:36.518 21081 21133 E chromium: [ERROR:gles2_cmd_decoder.cc(3852)] [.ChromiumCompositor-0xacbb2fc0]GL ERROR :GL_INVALID_ENUM : glDiscardFramebufferEXT: attachments was GL_COLOR_EXT
06-28 14:35:36.532 21081 21133 E chromium: [ERROR:gles2_cmd_decoder.cc(3852)] [.ChromiumCompositor-0xacbb2fc0]GL ERROR :GL_INVALID_ENUM : glDiscardFramebufferEXT: attachments was GL_COLOR_EXT
06-28 14:35:36.549 21081 21133 E chromium: [ERROR:gles2_cmd_decoder.cc(3852)] [.ChromiumCompositor-0xacbb2fc0]GL ERROR :GL_INVALID_ENUM : glDiscardFramebufferEXT: attachments was GL_COLOR_EXT
06-28 14:35:36.567 21081 21133 E chromium: [ERROR:gles2_cmd_decoder.cc(3852)] [.ChromiumCompositor-0xacbb2fc0]GL ERROR :GL_INVALID_ENUM : glDiscardFramebufferEXT: attachments was GL_COLOR_EXT
06-28 14:35:36.582 21081 21133 E chromium: [ERROR:gles2_cmd_decoder.cc(3852)] [.ChromiumCompositor-0xacbb2fc0]GL ERROR :GL_INVALID_ENUM : glDiscardFramebufferEXT: attachments was GL_COLOR_EXT
06-28 14:35:36.602 21081 21133 E chromium: [ERROR:gles2_cmd_decoder.cc(3852)] [.ChromiumCompositor-0xacbb2fc0]GL ERROR :GL_INVALID_ENUM : glDiscardFramebufferEXT: attachments was GL_COLOR_EXT
06-28 14:35:36.616 21081 21133 E chromium: [ERROR:gles2_cmd_decoder.cc(3852)] [.ChromiumCompositor-0xacbb2fc0]GL ERROR :GL_INVALID_ENUM : glDiscardFramebufferEXT: attachments was GL_COLOR_EXT
06-28 14:35:36.634 21081 21133 E chromium: [ERROR:gles2_cmd_decoder.cc(3852)] [.ChromiumCompositor-0xacbb2fc0]GL ERROR :GL_INVALID_ENUM : glDiscardFramebufferEXT: attachments was GL_COLOR_EXT
06-28 14:35:36.649 21081 21133 E chromium: [ERROR:gles2_cmd_decoder.cc(3852)] [.ChromiumCompositor-0xacbb2fc0]GL ERROR :GL_INVALID_ENUM : glDiscardFramebufferEXT: attachments was GL_COLOR_EXT
06-28 14:35:36.667 21081 21133 E chromium: [ERROR:gles2_cmd_decoder.cc(3852)] [.ChromiumCompositor-0xacbb2fc0]GL ERROR :GL_INVALID_ENUM : glDiscardFramebufferEXT: attachments was GL_COLOR_EXT
06-28 14:35:36.684 21081 21133 E chromium: [ERROR:gles2_cmd_decoder.cc(3852)] [.ChromiumCompositor-0xacbb2fc0]GL ERROR :GL_INVALID_ENUM : glDiscardFramebufferEXT: attachments was GL_COLOR_EXT
06-28 14:35:36.700 21081 21133 E chromium: [ERROR:gles2_cmd_decoder.cc(3852)] [.ChromiumCompositor-0xacbb2fc0]GL ERROR :GL_INVALID_ENUM : glDiscardFramebufferEXT: attachments was GL_COLOR_EXT
06-28 14:35:36.706 21081 21133 E chromium: [ERROR:gles2_cmd_decoder.cc(3852)] [.ChromiumCompositor-0xacbb2fc0]GL ERROR :GL_INVALID_ENUM : glDiscardFramebufferEXT: attachments was GL_COLOR_EXT
06-28 14:35:36.737 21081 21133 E chromium: [ERROR:gles2_cmd_decoder.cc(3852)] [.ChromiumCompositor-0xacbb2fc0]GL ERROR :GL_INVALID_ENUM : glDiscardFramebufferEXT: attachments was GL_COLOR_EXT
06-28 14:35:36.749 21081 21133 E chromium: [ERROR:gles2_cmd_decoder.cc(3852)] [.ChromiumCompositor-0xacbb2fc0]GL ERROR :GL_INVALID_ENUM : glDiscardFramebufferEXT: attachments was GL_COLOR_EXT
06-28 14:35:36.766 21081 21133 E chromium: [ERROR:gles2_cmd_decoder.cc(3852)] [.ChromiumCompositor-0xacbb2fc0]GL ERROR :GL_INVALID_ENUM : glDiscardFramebufferEXT: attachments was GL_COLOR_EXT
06-28 14:35:36.784 21081 21133 E chromium: [ERROR:gles2_cmd_decoder.cc(3852)] [.ChromiumCompositor-0xacbb2fc0]GL ERROR :GL_INVALID_ENUM : glDiscardFramebufferEXT: attachments was GL_COLOR_EXT
06-28 14:35:36.801 21081 21133 E chromium: [ERROR:gles2_cmd_decoder.cc(3852)] [.ChromiumCompositor-0xacbb2fc0]GL ERROR :GL_INVALID_ENUM : glDiscardFramebufferEXT: attachments was GL_COLOR_EXT
06-28 14:35:36.818 21081 21133 E chromium: [ERROR:gles2_cmd_decoder.cc(3852)] [.ChromiumCompositor-0xacbb2fc0]GL ERROR :GL_INVALID_ENUM : glDiscardFramebufferEXT: attachments was GL_COLOR_EXT
06-28 14:35:36.838 21081 21133 E chromium: [ERROR:gles2_cmd_decoder.cc(3852)] [.ChromiumCompositor-0xacbb2fc0]GL ERROR :GL_INVALID_ENUM : glDiscardFramebufferEXT: attachments was GL_COLOR_EXT
06-28 14:35:36.844 21081 21133 E chromium: [ERROR:gles2_cmd_decoder.cc(3852)] [.ChromiumCompositor-0xacbb2fc0]GL ERROR :GL_INVALID_ENUM : glDiscardFramebufferEXT: attachments was GL_COLOR_EXT
06-28 14:35:36.868 21081 21133 E chromium: [ERROR:gles2_cmd_decoder.cc(3852)] [.ChromiumCompositor-0xacbb2fc0]GL ERROR :GL_INVALID_ENUM : glDiscardFramebufferEXT: attachments was GL_COLOR_EXT
06-28 14:35:36.886 21081 21133 E chromium: [ERROR:gles2_cmd_decoder.cc(3852)] [.ChromiumCompositor-0xacbb2fc0]GL ERROR :GL_INVALID_ENUM : glDiscardFramebufferEXT: attachments was GL_COLOR_EXT
06-28 14:35:36.902 21081 21133 E chromium: [ERROR:gles2_cmd_decoder.cc(3852)] [.ChromiumCompositor-0xacbb2fc0]GL ERROR :GL_INVALID_ENUM : glDiscardFramebufferEXT: attachments was GL_COLOR_EXT
06-28 14:35:36.919 21081 21133 E chromium: [ERROR:gles2_cmd_decoder.cc(3852)] [.ChromiumCompositor-0xacbb2fc0]GL ERROR :GL_INVALID_ENUM : glDiscardFramebufferEXT: attachments was GL_COLOR_EXT
06-28 14:35:36.935 21081 21133 E chromium: [ERROR:gles2_cmd_decoder.cc(3852)] [.ChromiumCompositor-0xacbb2fc0]GL ERROR :GL_INVALID_ENUM : glDiscardFramebufferEXT: attachments was GL_COLOR_EXT
06-28 14:35:36.957 21081 21133 E chromium: [ERROR:gles2_cmd_decoder.cc(3852)] [.ChromiumCompositor-0xacbb2fc0]GL ERROR :GL_INVALID_ENUM : glDiscardFramebufferEXT: attachments was GL_COLOR_EXT
06-28 14:35:36.967 21081 21133 E chromium: [ERROR:gles2_cmd_decoder.cc(3852)] [.ChromiumCompositor-0xacbb2fc0]GL ERROR :GL_INVALID_ENUM : glDiscardFramebufferEXT: attachments was GL_COLOR_EXT
06-28 14:35:36.984 21081 21133 E chromium: [ERROR:gles2_cmd_decoder.cc(3852)] [.ChromiumCompositor-0xacbb2fc0]GL ERROR :GL_INVALID_ENUM : glDiscardFramebufferEXT: attachments was GL_COLOR_EXT
06-28 14:35:37.006 21081 21133 E chromium: [ERROR:gles2_cmd_decoder.cc(3852)] [.ChromiumCompositor-0xacbb2fc0]GL ERROR :GL_INVALID_ENUM : glDiscardFramebufferEXT: attachments was GL_COLOR_EXT
06-28 14:35:37.018 21081 21133 E chromium: [ERROR:gles2_cmd_decoder.cc(3852)] [.ChromiumCompositor-0xacbb2fc0]GL ERROR :GL_INVALID_ENUM : glDiscardFramebufferEXT: attachments was GL_COLOR_EXT
06-28 14:35:37.034 21081 21133 E chromium: [ERROR:gles2_cmd_decoder.cc(3852)] [.ChromiumCompositor-0xacbb2fc0]GL ERROR :GL_INVALID_ENUM : glDiscardFramebufferEXT: attachments was GL_COLOR_EXT
06-28 14:35:37.051 21081 21133 E chromium: [ERROR:gles2_cmd_decoder.cc(3852)] [.ChromiumCompositor-0xacbb2fc0]GL ERROR :GL_INVALID_ENUM : glDiscardFramebufferEXT: attachments was GL_COLOR_EXT
06-28 14:35:37.055 21081 21133 E chromium: [ERROR:gles2_cmd_decoder.cc(3852)] [.ChromiumCompositor-0xacbb2fc0]GL ERROR :GL_INVALID_ENUM : glDiscardFramebufferEXT: attachments was GL_COLOR_EXT
06-28 14:35:37.087 21081 21133 E chromium: [ERROR:gles2_cmd_decoder.cc(3852)] [.ChromiumCompositor-0xacbb2fc0]GL ERROR :GL_INVALID_ENUM : glDiscardFramebufferEXT: attachments was GL_COLOR_EXT
06-28 14:35:37.096 21158 21170 E WPROF   : {"Javascript": {"url": "https://cdn.ampproject.org/rtv/011498506512561/v0/amp-crypto-polyfill-0.1.js", "requestTime": 21614.151848}}
06-28 14:35:37.103 21081 21133 E chromium: [ERROR:gles2_cmd_decoder.cc(3852)] [.ChromiumCompositor-0xacbb2fc0]GL ERROR :GL_INVALID_ENUM : glDiscardFramebufferEXT: attachments was GL_COLOR_EXT
06-28 14:35:37.117 21081 21133 E chromium: [ERROR:gles2_cmd_decoder.cc(3852)] [.ChromiumCompositor-0xacbb2fc0]GL ERROR :GL_INVALID_ENUM : glDiscardFramebufferEXT: attachments was GL_COLOR_EXT
06-28 14:35:37.136 21081 21133 E chromium: [ERROR:gles2_cmd_decoder.cc(3852)] [.ChromiumCompositor-0xacbb2fc0]GL ERROR :GL_INVALID_ENUM : glDiscardFramebufferEXT: attachments was GL_COLOR_EXT
06-28 14:35:37.151 21081 21133 E chromium: [ERROR:gles2_cmd_decoder.cc(3852)] [.ChromiumCompositor-0xacbb2fc0]GL ERROR :GL_INVALID_ENUM : glDiscardFramebufferEXT: attachments was GL_COLOR_EXT
06-28 14:35:37.168 21081 21133 E chromium: [ERROR:gles2_cmd_decoder.cc(3852)] [.ChromiumCompositor-0xacbb2fc0]GL ERROR :GL_INVALID_ENUM : glDiscardFramebufferEXT: attachments was GL_COLOR_EXT
06-28 14:35:37.168   862  1657 E LocSvc_IzatApiV02: E/virtual int izat_core::IzatApiV02::getBatchSize(int32_t):522]: Error : st = 4, ind.status = -1628389555
06-28 14:35:37.168   862  1657 E LocSvc_IzatApiV02: E/virtual int izat_core::IzatApiV02::getBatchSize(int32_t):535]: get batching size failed.Or modem does not support batching 
06-28 14:35:37.170 21081 21133 E chromium: [ERROR:gles2_cmd_decoder.cc(3852)] [.ChromiumCompositor-0xacbb2fc0]GL ERROR :GL_INVALID_ENUM : glDiscardFramebufferEXT: attachments was GL_COLOR_EXT
06-28 14:35:37.177   862  1657 E LocSvc_IzatApiV02: E/virtual int izat_core::IzatApiV02::getBatchSize(int32_t):522]: Error : st = 4, ind.status = -1628389555
06-28 14:35:37.177   862  1657 E LocSvc_IzatApiV02: E/virtual int izat_core::IzatApiV02::getBatchSize(int32_t):535]: get batching size failed.Or modem does not support batching 
06-28 14:35:37.201 21081 21133 E chromium: [ERROR:gles2_cmd_decoder.cc(3852)] [.ChromiumCompositor-0xacbb2fc0]GL ERROR :GL_INVALID_ENUM : glDiscardFramebufferEXT: attachments was GL_COLOR_EXT
06-28 14:35:37.206 21081 21133 E chromium: [ERROR:gles2_cmd_decoder.cc(3852)] [.ChromiumCompositor-0xacbb2fc0]GL ERROR :GL_INVALID_ENUM : glDiscardFramebufferEXT: attachments was GL_COLOR_EXT
06-28 14:35:37.210   862  1657 E LocSvc_IzatApiV02: E/virtual int izat_core::IzatApiV02::getBatchSize(int32_t):522]: Error : st = 4, ind.status = -1628389555
06-28 14:35:37.210   862  1657 E LocSvc_IzatApiV02: E/virtual int izat_core::IzatApiV02::getBatchSize(int32_t):535]: get batching size failed.Or modem does not support batching 
06-28 14:35:37.217 21158 21170 E WProf.db: {"page": "searchengineland-com.cdn.ampproject.org_c_searchengineland.com_google-shopping-feed-optimization-speak-customers-language-write-compelling-product-titles-266170_amp"}
06-28 14:35:37.217 21158 21170 E WProf.db: {"DOMLoad": 21614.273088}
06-28 14:35:37.217 21158 21170 E WProf.db: {"Resource": {"id": 1, "url": "https://searchengineland-com.cdn.ampproject.org/c/searchengineland.com/google-shopping-feed-optimization-speak-customers-language-write-compelling-product-titles-266170/amp", "sentTime": -1.000000, "len": 45599, "from": "0x0", "mimeType": "text/html", "contentLength": -1, "httpStatus": 200, "connId": 22, "connReused": 1, "cached": 0,"requestTime": 21611.337958, "proxyStart": -1, "proxyEnd": -1, "dnsStart": -1, "dnsEnd": -1, "connectStart": 0, "connectEnd": 60, "sendStart": 60, "sendEnd": 60, "receiveHeadersEnd": 333, "sslStart": -1, "sslEnd": -1}}
06-28 14:35:37.218 21158 21170 E WProf.db: {"ReceivedChunk": {"receivedTime": 21611.690746, "len": 11599}}
06-28 14:35:37.218 21158 21170 E WProf.db: {"ReceivedChunk": {"receivedTime": 21611.759450, "len": 21494}}
06-28 14:35:37.218 21158 21170 E WProf.db: {"ReceivedChunk": {"receivedTime": 21611.759731, "len": 12506}}
06-28 14:35:37.218 21158 21170 E WProf.db: {"WprofHTMLTag": {"code": "0xaedd7660", "doc": "https://searchengineland-com.cdn.ampproject.org/c/searchengineland.com/google-shopping-feed-optimization-speak-customers-language-write-compelling-product-titles-266170/amp", "row": 0, "column": 25, "tagName": "html", "time": 21611.761790, "url": "", "pos": 1, "chunkLen": 1, "isStartTag": 1}}
06-28 14:35:37.218 21158 21170 E WProf.db: {"WprofHTMLTag": {"code": "0xaedd72a0", "doc": "https://searchengineland-com.cdn.ampproject.org/c/searchengineland.com/google-shopping-feed-optimization-speak-customers-language-write-compelling-product-titles-266170/amp", "row": 0, "column": 31, "tagName": "head", "time": 21611.762135, "url": "", "pos": 1, "chunkLen": 1, "isStartTag": 1}}
06-28 14:35:37.218 21158 21170 E WProf.db: {"WprofHTMLTag": {"code": "0xaf0479d0", "doc": "https://searchengineland-com.cdn.ampproject.org/c/searchengineland.com/google-shopping-feed-optimization-speak-customers-language-write-compelling-product-titles-266170/amp", "row": 0, "column": 53, "tagName": "meta", "time": 21611.762159, "url": "", "pos": 1, "chunkLen": 1, "isStartTag": 1}}
06-28 14:35:37.219 21158 21170 E WProf.db: {"WprofHTMLTag": {"code": "0xaf047a00", "doc": "https://searchengineland-com.cdn.ampproject.org/c/searchengineland.com/google-shopping-feed-optimization-speak-customers-language-write-compelling-product-titles-266170/amp", "row": 0, "column": 88, "tagName": "meta", "time": 21611.762247, "url": "", "pos": 1, "chunkLen": 1, "isStartTag": 1}}
06-28 14:35:37.219 21158 21170 E WProf.db: {"WprofHTMLTag": {"code": "0xaf047a30", "doc": "https://searchengineland-com.cdn.ampproject.org/c/searchengineland.com/google-shopping-feed-optimization-speak-customers-language-write-compelling-product-titles-266170/amp", "row": 0, "column": 122, "tagName": "meta", "time": 21611.762401, "url": "", "pos": 1, "chunkLen": 1, "isStartTag": 1}}
06-28 14:35:37.219 21158 21170 E WProf.db: {"WprofHTMLTag": {"code": "0xaf047a60", "doc": "https://searchengineland-com.cdn.ampproject.org/c/searchengineland.com/google-shopping-feed-optimization-speak-customers-language-write-compelling-product-titles-266170/amp", "row": 0, "column": 247, "tagName": "meta", "time": 21611.762520, "url": "", "pos": 1, "chunkLen": 1, "isStartTag": 1}}
06-28 14:35:37.219   862  1657 E LocSvc_IzatApiV02: E/virtual int izat_core::IzatApiV02::getBatchSize(int32_t):522]: Error : st = 4, ind.status = -1628389555
06-28 14:35:37.219   862  1657 E LocSvc_IzatApiV02: E/virtual int izat_core::IzatApiV02::getBatchSize(int32_t):535]: get batching size failed.Or modem does not support batching 
06-28 14:35:37.219 21158 21170 E WProf.db: {"WprofHTMLTag": {"code": "0xaf047a90", "doc": "https://searchengineland-com.cdn.ampproject.org/c/searchengineland.com/google-shopping-feed-optimization-speak-customers-language-write-compelling-product-titles-266170/amp", "row": 0, "column": 303, "tagName": "meta", "time": 21611.762848, "url": "", "pos": 1, "chunkLen": 1, "isStartTag": 1}}
06-28 14:35:37.219 21158 21170 E WProf.db: {"WprofHTMLTag": {"code": "0xaf047ac0", "doc": "https://searchengineland-com.cdn.ampproject.org/c/searchengineland.com/google-shopping-feed-optimization-speak-customers-language-write-compelling-product-titles-266170/amp", "row": 0, "column": 526, "tagName": "meta", "time": 21611.762963, "url": "", "pos": 1, "chunkLen": 1, "isStartTag": 1}}
06-28 14:35:37.219 21158 21170 E WProf.db: {"WprofHTMLTag": {"code": "0xaf047af0", "doc": "https://searchengineland-com.cdn.ampproject.org/c/searchengineland.com/google-shopping-feed-optimization-speak-customers-language-write-compelling-product-titles-266170/amp", "row": 0, "column": 670, "tagName": "meta", "time": 21611.763069, "url": "", "pos": 1, "chunkLen": 1, "isStartTag": 1}}
06-28 14:35:37.219 21158 21170 E WProf.db: {"WprofHTMLTag": {"code": "0xaf047c40", "doc": "https://searchengineland-com.cdn.ampproject.org/c/searchengineland.com/google-shopping-feed-optimization-speak-customers-language-write-compelling-product-titles-266170/amp", "row": 0, "column": 719, "tagName": "meta", "time": 21611.763177, "url": "", "pos": 1, "chunkLen": 1, "isStartTag": 1}}
06-28 14:35:37.219 21158 21170 E WProf.db: {"WprofHTMLTag": {"code": "0xaf047c70", "doc": "https://searchengineland-com.cdn.ampproject.org/c/searchengineland.com/google-shopping-feed-optimization-speak-customers-language-write-compelling-product-titles-266170/amp", "row": 0, "column": 845, "tagName": "meta", "time": 21611.763286, "url": "", "pos": 1, "chunkLen": 1, "isStartTag": 1}}
06-28 14:35:37.220 21158 21170 E WProf.db: {"WprofHTMLTag": {"code": "0xaf047ca0", "doc": "https://searchengineland-com.cdn.ampproject.org/c/searchengineland.com/google-shopping-feed-optimization-speak-customers-language-write-compelling-product-titles-266170/amp", "row": 0, "column": 900, "tagName": "meta", "time": 21611.763387, "url": "", "pos": 1, "chunkLen": 1, "isStartTag": 1}}
06-28 14:35:37.220 21158 21170 E WProf.db: {"WprofHTMLTag": {"code": "0xaf047c10", "doc": "https://searchengineland-com.cdn.ampproject.org/c/searchengineland.com/google-shopping-feed-optimization-speak-customers-language-write-compelling-product-titles-266170/amp", "row": 0, "column": 943, "tagName": "meta", "time": 21611.763493, "url": "", "pos": 1, "chunkLen": 1, "isStartTag": 1}}
06-28 14:35:37.220 21158 21170 E WProf.db: {"WprofHTMLTag": {"code": "0xaf047be0", "doc": "https://searchengineland-com.cdn.ampproject.org/c/searchengineland.com/google-shopping-feed-optimization-speak-customers-language-write-compelling-product-titles-266170/amp", "row": 0, "column": 984, "tagName": "meta", "time": 21611.763594, "url": "", "pos": 1, "chunkLen": 1, "isStartTag": 1}}
06-28 14:35:37.220 21158 21170 E WProf.db: {"WprofHTMLTag": {"code": "0xaf047cd0", "doc": "https://searchengineland-com.cdn.ampproject.org/c/searchengineland.com/google-shopping-feed-optimization-speak-customers-language-write-compelling-product-titles-266170/amp", "row": 0, "column": 1127, "tagName": "meta", "time": 21611.763714, "url": "", "pos": 1, "chunkLen": 1, "isStartTag": 1}}
06-28 14:35:37.220 21158 21170 E WProf.db: {"WprofHTMLTag": {"code": "0xaf047d00", "doc": "https://searchengineland-com.cdn.ampproject.org/c/searchengineland.com/google-shopping-feed-optimization-speak-customers-language-write-compelling-product-titles-266170/amp", "row": 0, "column": 1349, "tagName": "meta", "time": 21611.763823, "url": "", "pos": 1, "chunkLen": 1, "isStartTag": 1}}
06-28 14:35:37.220 21158 21170 E WProf.db: {"WprofHTMLTag": {"code": "0xaf047d30", "doc": "https://searchengineland-com.cdn.ampproject.org/c/searchengineland.com/google-shopping-feed-optimization-speak-customers-language-write-compelling-product-titles-266170/amp", "row": 0, "column": 1509, "tagName": "meta", "time": 21611.763938, "url": "", "pos": 1, "chunkLen": 1, "isStartTag": 1}}
06-28 14:35:37.220 21158 21170 E WProf.db: {"WprofHTMLTag": {"code": "0xaf047d60", "doc": "https://searchengineland-com.cdn.ampproject.org/c/searchengineland.com/google-shopping-feed-optimization-speak-customers-language-write-compelling-product-titles-266170/amp", "row": 0, "column": 1568, "tagName": "meta", "time": 21611.764046, "url": "", "pos": 1, "chunkLen": 1, "isStartTag": 1}}
06-28 14:35:37.220 21158 21170 E WProf.db: {"WprofHTMLTag": {"code": "0xaf047d90", "doc": "https://searchengineland-com.cdn.ampproject.org/c/searchengineland.com/google-shopping-feed-optimization-speak-customers-language-write-compelling-product-titles-266170/amp", "row": 0, "column": 1693, "tagName": "meta", "time": 21611.764154, "url": "", "pos": 1, "chunkLen": 1, "isStartTag": 1}}
06-28 14:35:37.220 21158 21170 E WProf.db: {"WprofHTMLTag": {"code": "0xaf047dc0", "doc": "https://searchengineland-com.cdn.ampproject.org/c/searchengineland.com/google-shopping-feed-optimization-speak-customers-language-write-compelling-product-titles-266170/amp", "row": 0, "column": 1738, "tagName": "meta", "time": 21611.764265, "url": "", "pos": 1, "chunkLen": 1, "isStartTag": 1}}
06-28 14:35:37.220 21158 21170 E WProf.db: {"WprofHTMLTag": {"code": "0xaf047df0", "doc": "https://searchengineland-com.cdn.ampproject.org/c/searchengineland.com/google-shopping-feed-optimization-speak-customers-language-write-compelling-product-titles-266170/amp", "row": 0, "column": 1784, "tagName": "meta", "time": 21611.764370, "url": "", "pos": 1, "chunkLen": 1, "isStartTag": 1}}
06-28 14:35:37.220 21158 21170 E WProf.db: {"WprofHTMLTag": {"code": "0xaf047e20", "doc": "https://searchengineland-com.cdn.ampproject.org/c/searchengineland.com/google-shopping-feed-optimization-speak-customers-language-write-compelling-product-titles-266170/amp", "row": 0, "column": 1857, "tagName": "script", "time": 21611.764477, "url": "https://cdn.ampproject.org/rtv/011498506512561/v0.js", "pos": 1, "chunkLen": 1, "isStartTag": 1}}
06-28 14:35:37.220 21158 21170 E WProf.db: {"WprofHTMLTag": {"code": "0xaf047e50", "doc": "https://searchengineland-com.cdn.ampproject.org/c/searchengineland.com/google-shopping-feed-optimization-speak-customers-language-write-compelling-product-titles-266170/amp", "row": 0, "column": 1866, "tagName": "script", "time": 21611.764761, "url": "", "pos": 1, "chunkLen": 1, "isStartTag": 0}}
06-28 14:35:37.221 21158 21170 E WProf.db: {"WprofHTMLTag": {"code": "0xaf047e80", "doc": "https://searchengineland-com.cdn.ampproject.org/c/searchengineland.com/google-shopping-feed-optimization-speak-customers-language-write-compelling-product-titles-266170/amp", "row": 0, "column": 1974, "tagName": "script", "time": 21611.765301, "url": "https://cdn.ampproject.org/rtv/011498506512561/v0/amp-ad-0.1.js", "pos": 1, "chunkLen": 1, "isStartTag": 1}}
06-28 14:35:37.221 21158 21170 E WProf.db: {"WprofHTMLTag": {"code": "0xaf047ee0", "doc": "https://searchengineland-com.cdn.ampproject.org/c/searchengineland.com/google-shopping-feed-optimization-speak-customers-language-write-compelling-product-titles-266170/amp", "row": 0, "column": 1983, "tagName": "script", "time": 21611.765575, "url": "", "pos": 1, "chunkLen": 1, "isStartTag": 0}}
06-28 14:35:37.222 21158 21170 E WProf.db: {"WprofHTMLTag": {"code": "0xaf047f10", "doc": "https://searchengineland-com.cdn.ampproject.org/c/searchengineland.com/google-shopping-feed-optimization-speak-customers-language-write-compelling-product-titles-266170/amp", "row": 0, "column": 2105, "tagName": "script", "time": 21611.769924, "url": "https://cdn.ampproject.org/rtv/011498506512561/v0/amp-analytics-0.1.js", "pos": 1, "chunkLen": 1, "isStartTag": 1}}
06-28 14:35:37.222 21158 21170 E WProf.db: {"WprofHTMLTag": {"code": "0xaf047f70", "doc": "https://searchengineland-com.cdn.ampproject.org/c/searchengineland.com/google-shopping-feed-optimization-speak-customers-language-write-compelling-product-titles-266170/amp", "row": 0, "column": 2114, "tagName": "script", "time": 21611.770269, "url": "", "pos": 1, "chunkLen": 1, "isStartTag": 0}}
06-28 14:35:37.222 21158 21170 E WProf.db: {"WprofHTMLTag": {"code": "0xaf047fa0", "doc": "https://searchengineland-com.cdn.ampproject.org/c/searchengineland.com/google-shopping-feed-optimization-speak-customers-language-write-compelling-product-titles-266170/amp", "row": 0, "column": 2226, "tagName": "script", "time": 21611.770754, "url": "https://cdn.ampproject.org/rtv/011498506512561/v0/amp-anim-0.1.js", "pos": 1, "chunkLen": 1, "isStartTag": 1}}
06-28 14:35:37.222 21158 21170 E WProf.db: {"WprofHTMLTag": {"code": "0xb4cc74b0", "doc": "https://searchengineland-com.cdn.ampproject.org/c/searchengineland.com/google-shopping-feed-optimization-speak-customers-language-write-compelling-product-titles-266170/amp", "row": 0, "column": 2235, "tagName": "script", "time": 21611.771034, "url": "", "pos": 1, "chunkLen": 1, "isStartTag": 0}}
06-28 14:35:37.222 21158 21170 E WProf.db: {"WprofHTMLTag": {"code": "0xb4cc7540", "doc": "https://searchengineland-com.cdn.ampproject.org/c/searchengineland.com/google-shopping-feed-optimization-speak-customers-language-write-compelling-product-titles-266170/amp", "row": 0, "column": 2347, "tagName": "script", "time": 21611.771449, "url": "https://cdn.ampproject.org/rtv/011498506512561/v0/amp-form-0.1.js", "pos": 1, "chunkLen": 1, "isStartTag": 1}}
06-28 14:35:37.222 21158 21170 E WProf.db: {"WprofHTMLTag": {"code": "0xb4cc78d0", "doc": "https://searchengineland-com.cdn.ampproject.org/c/searchengineland.com/google-shopping-feed-optimization-speak-customers-language-write-compelling-product-titles-266170/amp", "row": 0, "column": 2356, "tagName": "script", "time": 21611.771723, "url": "", "pos": 1, "chunkLen": 1, "isStartTag": 0}}
06-28 14:35:37.222 21158 21170 E WProf.db: {"WprofHTMLTag": {"code": "0xb4cc7900", "doc": "https://searchengineland-com.cdn.ampproject.org/c/searchengineland.com/google-shopping-feed-optimization-speak-customers-language-write-compelling-product-titles-266170/amp", "row": 0, "column": 2474, "tagName": "script", "time": 21611.774260, "url": "https://cdn.ampproject.org/rtv/011498506512561/v0/amp-sidebar-0.1.js", "pos": 1, "chunkLen": 1, "isStartTag": 1}}
06-28 14:35:37.222 21158 21170 E WProf.db: {"WprofHTMLTag": {"code": "0xb4cc7960", "doc": "https://searchengineland-com.cdn.ampproject.org/c/searchengineland.com/google-shopping-feed-optimization-speak-customers-language-write-compelling-product-titles-266170/amp", "row": 0, "column": 2483, "tagName": "script", "time": 21611.775636, "url": "", "pos": 1, "chunkLen": 1, "isStartTag": 0}}
06-28 14:35:37.222 21158 21170 E WProf.db: {"WprofHTMLTag": {"code": "0xb4cc7990", "doc": "https://searchengineland-com.cdn.ampproject.org/c/searchengineland.com/google-shopping-feed-optimization-speak-customers-language-write-compelling-product-titles-266170/amp", "row": 0, "column": 2597, "tagName": "script", "time": 21611.781325, "url": "https://cdn.ampproject.org/rtv/011498506512561/v0/amp-video-0.1.js", "pos": 1, "chunkLen": 1, "isStartTag": 1}}
06-28 14:35:37.222 21158 21170 E WProf.db: {"WprofHTMLTag": {"code": "0xb4cc79f0", "doc": "https://searchengineland-com.cdn.ampproject.org/c/searchengineland.com/google-shopping-feed-optimization-speak-customers-language-write-compelling-product-titles-266170/amp", "row": 0, "column": 2606, "tagName": "script", "time": 21611.781613, "url": "", "pos": 1, "chunkLen": 1, "isStartTag": 0}}
06-28 14:35:37.222 21158 21170 E WProf.db: {"WprofHTMLTag": {"code": "0xb4cc7c60", "doc": "https://searchengineland-com.cdn.ampproject.org/c/searchengineland.com/google-shopping-feed-optimization-speak-customers-language-write-compelling-product-titles-266170/amp", "row": 0, "column": 2724, "tagName": "script", "time": 21611.782092, "url": "https://cdn.ampproject.org/rtv/011498506512561/v0/amp-youtube-0.1.js", "pos": 1, "chunkLen": 1, "isStartTag": 1}}
06-28 14:35:37.223 21158 21170 E WProf.db: {"WprofHTMLTag": {"code": "0xb4cc7cc0", "doc": "https://searchengineland-com.cdn.ampproject.org/c/searchengineland.com/google-shopping-feed-optimization-speak-customers-language-write-compelling-product-titles-266170/amp", "row": 0, "column": 2733, "tagName": "script", "time": 21611.782354, "url": "", "pos": 1, "chunkLen": 1, "isStartTag": 0}}
06-28 14:35:37.223 21158 21170 E WProf.db: {"WprofHTMLTag": {"code": "0xaedd7690", "doc": "https://searchengineland-com.cdn.ampproject.org/c/searchengineland.com/google-shopping-feed-optimization-speak-customers-language-write-compelling-product-titles-266170/amp", "row": 0, "column": 2791, "tagName": "link", "time": 21611.782850, "url": "https://searchengineland-com.cdn.ampproject.org/i/searchengineland.com/favicon.ico", "pos": 1, "chunkLen": 1, "isStartTag": 1}}
06-28 14:35:37.223 21158 21170 E WProf.db: {"WprofHTMLTag": {"code": "0xb4cc7cf0", "doc": "https://searchengineland-com.cdn.ampproject.org/c/searchengineland.com/google-shopping-feed-optimization-speak-customers-language-write-compelling-product-titles-266170/amp", "row": 0, "column": 2878, "tagName": "link", "time": 21611.783098, "url": "https://fonts.googleapis.com/css?family=Oswald:300,400,700", "pos": 1, "chunkLen": 1, "isStartTag": 1}}
06-28 14:35:37.223 21158 21170 E WProf.db: {"WprofHTMLTag": {"code": "0xb4cc7ea0", "doc": "https://searchengineland-com.cdn.ampproject.org/c/searchengineland.com/google-shopping-feed-optimization-speak-customers-language-write-compelling-product-titles-266170/amp", "row": 0, "column": 2947, "tagName": "link", "time": 21611.783575, "url": "https://fonts.gstatic.com/", "pos": 1, "chunkLen": 1, "isStartTag": 1}}
06-28 14:35:37.223 21158 21170 E WProf.db: {"WprofHTMLTag": {"code": "0xb4cc7ed0", "doc": "https://searchengineland-com.cdn.ampproject.org/c/searchengineland.com/google-shopping-feed-optimization-speak-customers-language-write-compelling-product-titles-266170/amp", "row": 0, "column": 3056, "tagName": "link", "time": 21611.783768, "url": "https://fonts.googleapis.com/css?family=Merriweather:400,400italic,700,700italic", "pos": 1, "chunkLen": 1, "isStartTag": 1}}
06-28 14:35:37.223 21158 21170 E WProf.db: {"WprofHTMLTag": {"code": "0xb4cc7f00", "doc": "https://searchengineland-com.cdn.ampproject.org/c/searchengineland.com/google-shopping-feed-optimization-speak-customers-language-write-compelling-product-titles-266170/amp", "row": 0, "column": 3074, "tagName": "style", "time": 21611.784220, "url": "", "pos": 1, "chunkLen": 1, "isStartTag": 1}}
06-28 14:35:37.223 21158 21170 E WProf.db: {"WprofHTMLTag": {"code": "0xb4cc7f30", "doc": "https://searchengineland-com.cdn.ampproject.org/c/searchengineland.com/google-shopping-feed-optimization-speak-customers-language-write-compelling-product-titles-266170/amp", "row": 612, "column": 9, "tagName": "style", "time": 21611.789770, "url": "", "pos": 1, "chunkLen": 1, "isStartTag": 0}}
06-28 14:35:37.223 21158 21170 E WProf.db: {"WprofHTMLTag": {"code": "0xb4cc8290", "doc": "https://searchengineland-com.cdn.ampproject.org/c/searchengineland.com/google-shopping-feed-optimization-speak-customers-language-write-compelling-product-titles-266170/amp", "row": 612, "column": 16, "tagName": "title", "time": 21611.801326, "url": "", "pos": 1, "chunkLen": 1, "isStartTag": 1}}
06-28 14:35:37.223 21158 21170 E WProf.db: {"WprofHTMLTag": {"code": "0xb4cc82c0", "doc": "https://searchengineland-com.cdn.ampproject.org/c/searchengineland.com/google-shopping-feed-optimization-speak-customers-language-write-compelling-product-titles-266170/amp", "row": 612, "column": 130, "tagName": "title", "time": 21611.801523, "url": "", "pos": 1, "chunkLen": 1, "isStartTag": 0}}
06-28 14:35:37.223 21158 21170 E WProf.db: {"WprofHTMLTag": {"code": "0xb4cc82f0", "doc": "https://searchengineland-com.cdn.ampproject.org/c/searchengineland.com/google-shopping-feed-optimization-speak-customers-language-write-compelling-product-titles-266170/amp", "row": 612, "column": 283, "tagName": "link", "time": 21611.801542, "url": "http://searchengineland.com/google-shopping-feed-optimization-speak-customers-language-write-compelling-product-titles-266170", "pos": 1, "chunkLen": 1, "isStartTag": 1}}
06-28 14:35:37.223 21158 21170 E WProf.db: {"WprofHTMLTag": {"code": "0xb4cc8350", "doc": "https://searchengineland-com.cdn.ampproject.org/c/searchengineland.com/google-shopping-feed-optimization-speak-customers-language-write-compelling-product-titles-266170/amp", "row": 612, "column": 404, "tagName": "script", "time": 21611.801914, "url": "https://cdn.ampproject.org/rtv/011498506512561/v0/amp-mustache-0.1.js", "pos": 1, "chunkLen": 1, "isStartTag": 1}}
06-28 14:35:37.223 21158 21170 E WProf.db: {"WprofHTMLTag": {"code": "0xb4cc83b0", "doc": "https://searchengineland-com.cdn.ampproject.org/c/searchengineland.com/google-shopping-feed-optimization-speak-customers-language-write-compelling-product-titles-266170/amp", "row": 612, "column": 413, "tagName": "script", "time": 21611.802341, "url": "", "pos": 1, "chunkLen": 1, "isStartTag": 0}}
06-28 14:35:37.223 21158 21170 E WProf.db: {"WprofHTMLTag": {"code": "0xb4cc83e0", "doc": "https://searchengineland-com.cdn.ampproject.org/c/searchengineland.com/google-shopping-feed-optimization-speak-customers-language-write-compelling-product-titles-266170/amp", "row": 612, "column": 436, "tagName": "style", "time": 21611.803112, "url": "", "pos": 1, "chunkLen": 1, "isStartTag": 1}}
06-28 14:35:37.224 21158 21170 E WProf.db: {"WprofHTMLTag": {"code": "0xb4cc9250", "doc": "https://searchengineland-com.cdn.ampproject.org/c/searchengineland.com/google-shopping-feed-optimization-speak-customers-language-write-compelling-product-titles-266170/amp", "row": 612, "column": 1060, "tagName": "style", "time": 21611.803657, "url": "", "pos": 1, "chunkLen": 1, "isStartTag": 0}}
06-28 14:35:37.224 21158 21170 E WProf.db: {"WprofHTMLTag": {"code": "0xb4cc9400", "doc": "https://searchengineland-com.cdn.ampproject.org/c/searchengineland.com/google-shopping-feed-optimization-speak-customers-language-write-compelling-product-titles-266170/amp", "row": 612, "column": 1070, "tagName": "noscript", "time": 21611.804195, "url": "", "pos": 1, "chunkLen": 1, "isStartTag": 1}}
06-28 14:35:37.224 21158 21170 E WProf.db: {"WprofHTMLTag": {"code": "0xb4cc9430", "doc": "https://searchengineland-com.cdn.ampproject.org/c/searchengineland.com/google-shopping-feed-optimization-speak-customers-language-write-compelling-product-titles-266170/amp", "row": 612, "column": 1213, "tagName": "noscript", "time": 21611.804236, "url": "", "pos": 1, "chunkLen": 1, "isStartTag": 0}}
06-28 14:35:37.224 21158 21170 E WProf.db: {"WprofHTMLTag": {"code": "0xb4cc9460", "doc": "https://searchengineland-com.cdn.ampproject.org/c/searchengineland.com/google-shopping-feed-optimization-speak-customers-language-write-compelling-product-titles-266170/amp", "row": 612, "column": 1220, "tagName": "head", "time": 21611.804251, "url": "", "pos": 1, "chunkLen": 1, "isStartTag": 0}}
06-28 14:35:37.224 21158 21170 E WProf.db: {"WprofHTMLTag": {"code": "0xb4cc9490", "doc": "https://searchengineland-com.cdn.ampproject.org/c/searchengineland.com/google-shopping-feed-optimization-speak-customers-language-write-compelling-product-titles-266170/amp", "row": 612, "column": 1226, "tagName": "body", "time": 21611.804261, "url": "", "pos": 1, "chunkLen": 1, "isStartTag": 1}}
06-28 14:35:37.224 21158 21170 E WProf.db: {"WprofHTMLTag": {"code": "0xb4cc94c0", "doc": "https://searchengineland-com.cdn.ampproject.org/c/searchengineland.com/google-shopping-feed-optimization-speak-customers-language-write-compelling-product-titles-266170/amp", "row": 613, "column": 48, "tagName": "amp-sidebar", "time": 21611.804327, "url": "", "pos": 1, "chunkLen": 1, "isStartTag": 1}}
06-28 14:35:37.224 21158 21170 E WProf.db: {"WprofHTMLTag": {"code": "0xb4cc94f0", "doc": "https://searchengineland-com.cdn.ampproject.org/c/searchengineland.com/google-shopping-feed-optimization-speak-customers-language-write-compelling-product-titles-266170/amp", "row": 614, "column": 6, "tagName": "ul", "time": 21611.804533, "url": "", "pos": 1, "chunkLen": 1, "isStartTag": 1}}
06-28 14:35:37.224 21158 21170 E WProf.db: {"WprofHTMLTag": {"code": "0xb4cc9520", "doc": "https://searchengineland-com.cdn.ampproject.org/c/searchengineland.com/google-shopping-feed-optimization-speak-customers-language-write-compelling-product-titles-266170/amp", "row": 615, "column": 7, "tagName": "li", "time": 21611.804616, "url": "", "pos": 1, "chunkLen": 1, "isStartTag": 1}}
06-28 14:35:37.224 21158 21170 E WProf.db: {"WprofHTMLTag": {"code": "0xaa17c000", "doc": "https://searchengineland-com.cdn.ampproject.org/c/searchengineland.com/google-shopping-feed-optimization-speak-customers-language-write-compelling-product-titles-266170/amp", "row": 616, "column": 83, "tagName": "a", "time": 21611.804693, "url": "", "pos": 1, "chunkLen": 1, "isStartTag": 1}}
06-28 14:35:37.224 21158 21170 E WProf.db: {"WprofHTMLTag": {"code": "0xaa17c060", "doc": "https://searchengineland-com.cdn.ampproject.org/c/searchengineland.com/google-shopping-feed-optimization-speak-customers-language-write-compelling-product-titles-266170/amp", "row": 616, "column": 90, "tagName": "a", "time": 21611.805041, "url": "", "pos": 1, "chunkLen": 1, "isStartTag": 0}}
06-28 14:35:37.224 21158 21170 E WProf.db: {"WprofHTMLTag": {"code": "0xaa17c090", "doc": "https://searchengineland-com.cdn.ampproject.org/c/searchengineland.com/google-shopping-feed-optimization-speak-customers-language-write-compelling-product-titles-266170/amp", "row": 617, "column": 8, "tagName": "li", "time": 21611.805067, "url": "", "pos": 1, "chunkLen": 1, "isStartTag": 0}}
06-28 14:35:37.224 21158 21170 E WProf.db: {"WprofHTMLTag": {"code": "0xaa17c0c0", "doc": "https://searchengineland-com.cdn.ampproject.org/c/searchengineland.com/google-shopping-feed-optimization-speak-customers-language-write-compelling-product-titles-266170/amp", "row": 618, "column": 7, "tagName": "li", "time": 21611.805090, "url": "", "pos": 1, "chunkLen": 1, "isStartTag": 1}}
06-28 14:35:37.224 21158 21170 E WProf.db: {"WprofHTMLTag": {"code": "0xaa17c0f0", "doc": "https://searchengineland-com.cdn.ampproject.org/c/searchengineland.com/google-shopping-feed-optimization-speak-customers-language-write-compelling-product-titles-266170/amp", "row": 619, "column": 83, "tagName": "a", "time": 21611.805133, "url": "", "pos": 1, "chunkLen": 1, "isStartTag": 1}}
06-28 14:35:37.225 21158 21170 E WProf.db: {"WprofHTMLTag": {"code": "0xaa17c150", "doc": "https://searchengineland-com.cdn.ampproject.org/c/searchengineland.com/google-shopping-feed-optimization-speak-customers-language-write-compelling-product-titles-266170/amp", "row": 619, "column": 90, "tagName": "a", "time": 21611.805402, "url": "", "pos": 1, "chunkLen": 1, "isStartTag": 0}}
06-28 14:35:37.225 21158 21170 E WProf.db: {"WprofHTMLTag": {"code": "0xaa17c180", "doc": "https://searchengineland-com.cdn.ampproject.org/c/searchengineland.com/google-shopping-feed-optimization-speak-customers-language-write-compelling-product-titles-266170/amp", "row": 620, "column": 8, "tagName": "li", "time": 21611.805425, "url": "", "pos": 1, "chunkLen": 1, "isStartTag": 0}}
06-28 14:35:37.225 21158 21170 E WProf.db: {"WprofHTMLTag": {"code": "0xaa17c1b0", "doc": "https://searchengineland-com.cdn.ampproject.org/c/searchengineland.com/google-shopping-feed-optimization-speak-customers-language-write-compelling-product-titles-266170/amp", "row": 621, "column": 7, "tagName": "li", "time": 21611.805445, "url": "", "pos": 1, "chunkLen": 1, "isStartTag": 1}}
06-28 14:35:37.225 21158 21170 E WProf.db: {"WprofHTMLTag": {"code": "0xaa17c1e0", "doc": "https://searchengineland-com.cdn.ampproject.org/c/searchengineland.com/google-shopping-feed-optimization-speak-customers-language-write-compelling-product-titles-266170/amp", "row": 622, "column": 89, "tagName": "a", "time": 21611.805484, "url": "", "pos": 1, "chunkLen": 1, "isStartTag": 1}}
06-28 14:35:37.225 21158 21170 E WProf.db: {"WprofHTMLTag": {"code": "0xaa17c240", "doc": "https://searchengineland-com.cdn.ampproject.org/c/searchengineland.com/google-shopping-feed-optimization-speak-customers-language-write-compelling-product-titles-266170/amp", "row": 622, "column": 99, "tagName": "a", "time": 21611.805785, "url": "", "pos": 1, "chunkLen": 1, "isStartTag": 0}}
06-28 14:35:37.225 21158 21170 E WProf.db: {"WprofHTMLTag": {"code": "0xaa17c270", "doc": "https://searchengineland-com.cdn.ampproject.org/c/searchengineland.com/google-shopping-feed-optimization-speak-customers-language-write-compelling-product-titles-266170/amp", "row": 623, "column": 8, "tagName": "li", "time": 21611.805811, "url": "", "pos": 1, "chunkLen": 1, "isStartTag": 0}}
06-28 14:35:37.225 21158 21170 E WProf.db: {"WprofHTMLTag": {"code": "0xaa17c2a0", "doc": "https://searchengineland-com.cdn.ampproject.org/c/searchengineland.com/google-shopping-feed-optimization-speak-customers-language-write-compelling-product-titles-266170/amp", "row": 624, "column": 7, "tagName": "li", "time": 21611.805830, "url": "", "pos": 1, "chunkLen": 1, "isStartTag": 1}}
06-28 14:35:37.225 21158 21170 E WProf.db: {"WprofHTMLTag": {"code": "0xaa17c2d0", "doc": "https://searchengineland-com.cdn.ampproject.org/c/searchengineland.com/google-shopping-feed-optimization-speak-customers-language-write-compelling-product-titles-266170/amp", "row": 625, "column": 87, "tagName": "a", "time": 21611.805871, "url": "", "pos": 1, "chunkLen": 1, "isStartTag": 1}}
06-28 14:35:37.225 21158 21170 E WProf.db: {"WprofHTMLTag": {"code": "0xaa17c330", "doc": "https://searchengineland-com.cdn.ampproject.org/c/searchengineland.com/google-shopping-feed-optimization-speak-customers-language-write-compelling-product-titles-266170/amp", "row": 625, "column": 96, "tagName": "a", "time": 21611.806152, "url": "", "pos": 1, "chunkLen": 1, "isStartTag": 0}}
06-28 14:35:37.225 21158 21170 E WProf.db: {"WprofHTMLTag": {"code": "0xaa17c360", "doc": "https://searchengineland-com.cdn.ampproject.org/c/searchengineland.com/google-shopping-feed-optimization-speak-customers-language-write-compelling-product-titles-266170/amp", "row": 626, "column": 8, "tagName": "li", "time": 21611.806176, "url": "", "pos": 1, "chunkLen": 1, "isStartTag": 0}}
06-28 14:35:37.225 21158 21170 E WProf.db: {"WprofHTMLTag": {"code": "0xaa17c390", "doc": "https://searchengineland-com.cdn.ampproject.org/c/searchengineland.com/google-shopping-feed-optimization-speak-customers-language-write-compelling-product-titles-266170/amp", "row": 627, "column": 7, "tagName": "li", "time": 21611.806196, "url": "", "pos": 1, "chunkLen": 1, "isStartTag": 1}}
06-28 14:35:37.225 21158 21170 E WProf.db: {"WprofHTMLTag": {"code": "0xaa17c3c0", "doc": "https://searchengineland-com.cdn.ampproject.org/c/searchengineland.com/google-shopping-feed-optimization-speak-customers-language-write-compelling-product-titles-266170/amp", "row": 628, "column": 89, "tagName": "a", "time": 21611.806238, "url": "", "pos": 1, "chunkLen": 1, "isStartTag": 1}}
06-28 14:35:37.225 21158 21170 E WProf.db: {"WprofHTMLTag": {"code": "0xaa17c420", "doc": "https://searchengineland-com.cdn.ampproject.org/c/searchengineland.com/google-shopping-feed-optimization-speak-customers-language-write-compelling-product-titles-266170/amp", "row": 628, "column": 99, "tagName": "a", "time": 21611.806550, "url": "", "pos": 1, "chunkLen": 1, "isStartTag": 0}}
06-28 14:35:37.225 21158 21170 E WProf.db: {"WprofHTMLTag": {"code": "0xaa17c450", "doc": "https://searchengineland-com.cdn.ampproject.org/c/searchengineland.com/google-shopping-feed-optimization-speak-customers-language-write-compelling-product-titles-266170/amp", "row": 629, "column": 8, "tagName": "li", "time": 21611.806578, "url": "", "pos": 1, "chunkLen": 1, "isStartTag": 0}}
06-28 14:35:37.226 21158 21170 E WProf.db: {"WprofHTMLTag": {"code": "0xaa17c480", "doc": "https://searchengineland-com.cdn.ampproject.org/c/searchengineland.com/google-shopping-feed-optimization-speak-customers-language-write-compelling-product-titles-266170/amp", "row": 630, "column": 7, "tagName": "li", "time": 21611.806598, "url": "", "pos": 1, "chunkLen": 1, "isStartTag": 1}}
06-28 14:35:37.226 21158 21170 E WProf.db: {"WprofHTMLTag": {"code": "0xaa17c4b0", "doc": "https://searchengineland-com.cdn.ampproject.org/c/searchengineland.com/google-shopping-feed-optimization-speak-customers-language-write-compelling-product-titles-266170/amp", "row": 631, "column": 89, "tagName": "a", "time": 21611.806641, "url": "", "pos": 1, "chunkLen": 1, "isStartTag": 1}}
06-28 14:35:37.226 21158 21170 E WProf.db: {"WprofHTMLTag": {"code": "0xaa17c510", "doc": "https://searchengineland-com.cdn.ampproject.org/c/searchengineland.com/google-shopping-feed-optimization-speak-customers-language-write-compelling-product-titles-266170/amp", "row": 631, "column": 99, "tagName": "a", "time": 21611.806915, "url": "", "pos": 1, "chunkLen": 1, "isStartTag": 0}}
06-28 14:35:37.226 21158 21170 E WProf.db: {"WprofHTMLTag": {"code": "0xaa17c540", "doc": "https://searchengineland-com.cdn.ampproject.org/c/searchengineland.com/google-shopping-feed-optimization-speak-customers-language-write-compelling-product-titles-266170/amp", "row": 632, "column": 8, "tagName": "li", "time": 21611.806942, "url": "", "pos": 1, "chunkLen": 1, "isStartTag": 0}}
06-28 14:35:37.226 21158 21170 E WProf.db: {"WprofHTMLTag": {"code": "0xaa17c570", "doc": "https://searchengineland-com.cdn.ampproject.org/c/searchengineland.com/google-shopping-feed-optimization-speak-customers-language-write-compelling-product-titles-266170/amp", "row": 633, "column": 7, "tagName": "li", "time": 21611.807019, "url": "", "pos": 1, "chunkLen": 1, "isStartTag": 1}}
06-28 14:35:37.226 21158 21170 E WProf.db: {"WprofHTMLTag": {"code": "0xaa17c5a0", "doc": "https://searchengineland-com.cdn.ampproject.org/c/searchengineland.com/google-shopping-feed-optimization-speak-customers-language-write-compelling-product-titles-266170/amp", "row": 634, "column": 85, "tagName": "a", "time": 21611.807112, "url": "", "pos": 1, "chunkLen": 1, "isStartTag": 1}}
06-28 14:35:37.226 21158 21170 E WProf.db: {"WprofHTMLTag": {"code": "0xaa17c600", "doc": "https://searchengineland-com.cdn.ampproject.org/c/searchengineland.com/google-shopping-feed-optimization-speak-customers-language-write-compelling-product-titles-266170/amp", "row": 634, "column": 93, "tagName": "a", "time": 21611.807350, "url": "", "pos": 1, "chunkLen": 1, "isStartTag": 0}}
06-28 14:35:37.226 21158 21170 E WProf.db: {"WprofHTMLTag": {"code": "0xaa17c630", "doc": "https://searchengineland-com.cdn.ampproject.org/c/searchengineland.com/google-shopping-feed-optimization-speak-customers-language-write-compelling-product-titles-266170/amp", "row": 635, "column": 8, "tagName": "li", "time": 21611.807376, "url": "", "pos": 1, "chunkLen": 1, "isStartTag": 0}}
06-28 14:35:37.226 21158 21170 E WProf.db: {"WprofHTMLTag": {"code": "0xaa17c660", "doc": "https://searchengineland-com.cdn.ampproject.org/c/searchengineland.com/google-shopping-feed-optimization-speak-customers-language-write-compelling-product-titles-266170/amp", "row": 636, "column": 7, "tagName": "li", "time": 21611.807438, "url": "", "pos": 1, "chunkLen": 1, "isStartTag": 1}}
