--------- beginning of main
06-28 12:48:39.933  3449  3449 E Finsky  : [1] com.google.android.finsky.wear.bl.a(3): onConnectionFailed: ConnectionResult{statusCode=API_UNAVAILABLE, resolution=null, message=null}
--------- beginning of system
06-28 12:48:41.329 17528 17528 E chromium: [ERROR:shell_integration_android.cc(12)] Not implemented reached in static ShellIntegration::DefaultWebClientSetPermission ShellIntegration::CanSetAsDefaultBrowser()
06-28 12:48:41.332 17528 17528 E chromium: [ERROR:browser_process_impl.cc(720)] Not implemented reached in virtual BackgroundModeManager* BrowserProcessImpl::background_mode_manager()
06-28 12:48:41.573  3218  5383 E AudioRecord-JNI: Error -4 during AudioRecord native read
06-28 12:48:43.823 17528 17576 E chromium: [ERROR:gles2_cmd_decoder.cc(3852)] [.ChromiumCompositor-0xacbb2fc0]GL ERROR :GL_INVALID_ENUM : glDiscardFramebufferEXT: attachments was GL_COLOR_EXT
06-28 12:48:44.091 17596 17609 E WPROF   : {"CSS": {"url": "http://searchengineland.com/figz/wp-content/themes/searchengineland/css/searchengineland-bootstrap.css", "requestTime": 15201.146589}}
06-28 12:48:44.091 17596 17609 E WPROF   : {"CSS": {"url": "http://fonts.googleapis.com/css?family=Oswald:300,400,700", "requestTime": 15201.147180}}
06-28 12:48:44.092 17596 17609 E WPROF   : {"CSS": {"url": "http://searchengineland.com/figz/wp-content/themes/searchengineland/style.css", "requestTime": 15201.147728}}
06-28 12:48:44.097 17596 17609 E WPROF   : {"Javascript": {"url": "http://searchengineland.com/figz/wp-content/themes/searchengineland/js/lib/modernizr.custom.js?ver=1.0", "requestTime": 15201.152305}}
06-28 12:48:44.097 17596 17609 E WPROF   : {"Javascript": {"url": "http://searchengineland.com/figz/wp-content/themes/searchengineland/js/lib/jquery-1.11.0.min.js?ver=1.11.0", "requestTime": 15201.152790}}
06-28 12:48:44.097 17596 17609 E WPROF   : {"Javascript": {"url": "http://searchengineland.com/figz/wp-content/themes/searchengineland/js/lib/jquery-ui-1.10.3.custom.min.js?ver=1.10.3", "requestTime": 15201.153178}}
06-28 12:48:44.098 17596 17609 E WPROF   : {"Javascript": {"url": "http://searchengineland.com/figz/wp-content/themes/searchengineland/js/lib/jquery.ba-throttle-debounce.min.js?ver=1.1", "requestTime": 15201.153560}}
06-28 12:48:44.098 17596 17609 E WPROF   : {"Javascript": {"url": "http://searchengineland.com/figz/wp-content/themes/searchengineland/js/lib/jquery.countdown.min.js?ver=2.0.4", "requestTime": 15201.153961}}
06-28 12:48:44.099 17596 17609 E WPROF   : {"Javascript": {"url": "http://static.chartbeat.com/js/chartbeat_mab.js", "requestTime": 15201.154377}}
06-28 12:48:44.701 17596 17609 E WPROF   : {"Javascript": {"url": "http://searchengineland.com/figz/wp-includes/js/wp-emoji-release.min.js?ver=4.7.5", "requestTime": 15201.756531}}
06-28 12:48:45.002 17596 17609 E WPROF   : {"Javascript": {"url": "http://www.googletagservices.com/tag/js/gpt.js", "requestTime": 15202.057682}}
06-28 12:48:45.009 17596 17609 E WPROF   : {"Javascript": {"url": "https://www.google-analytics.com/analytics.js", "requestTime": 15202.064369}}
06-28 12:48:45.012 17596 17609 E WPROF   : {"Javascript": {"url": "http://edge.quantserve.com/quant.js", "requestTime": 15202.067722}}
06-28 12:48:45.014 17596 17609 E WPROF   : {"Javascript": {"url": "https://connect.facebook.net/en_US/fbevents.js", "requestTime": 15202.069711}}
06-28 12:48:45.101 17528 17576 E chromium: [ERROR:gles2_cmd_decoder.cc(3852)] [.ChromiumCompositor-0xacbb2fc0]GL ERROR :GL_INVALID_ENUM : glDiscardFramebufferEXT: attachments was GL_COLOR_EXT
06-28 12:48:45.130 17596 17609 E WPROF   : {"Javascript": {"url": "http://app-sj02.marketo.com/js/forms2/js/forms2.min.js", "requestTime": 15202.185317}}
06-28 12:48:45.223 17528 17576 E chromium: [ERROR:gles2_cmd_decoder.cc(3852)] [.ChromiumCompositor-0xacbb2fc0]GL ERROR :GL_INVALID_ENUM : glDiscardFramebufferEXT: attachments was GL_COLOR_EXT
06-28 12:48:45.249 17596 17609 E WPROF   : {"Javascript": {"url": "https://connect.facebook.net/signals/config/423979991297359?v=2.7.17", "requestTime": 15202.304422}}
06-28 12:48:45.435 17596 17609 E WPROF   : {"Javascript": {"url": "http://app-sj02.marketo.com/index.php/form/getForm?munchkinId=727-ZQE-044&form=5691&url=http%3A%2F%2Fsearchengineland.com%2Fgoogle-advice-switch-m-dot-domain-responsive-mobile-first-index-rollout-277446&callback=jQuery110209692076318897307_1498621725362&_=1498621725363", "requestTime": 15202.490757}}
06-28 12:48:45.459 17596 17609 E WPROF   : {"Javascript": {"url": "http://app-sj02.marketo.com/index.php/form/getForm?munchkinId=727-ZQE-044&form=5685&url=http%3A%2F%2Fsearchengineland.com%2Fgoogle-advice-switch-m-dot-domain-responsive-mobile-first-index-rollout-277446&callback=jQuery110209692076318897307_1498621725364&_=1498621725365", "requestTime": 15202.514358}}
06-28 12:48:45.728 17596 17609 E WPROF   : {"Javascript": {"url": "http://app-sj02.marketo.com/index.php/form/getForm?munchkinId=727-ZQE-044&form=5673&url=http%3A%2F%2Fsearchengineland.com%2Fgoogle-advice-switch-m-dot-domain-responsive-mobile-first-index-rollout-277446&callback=jQuery110209692076318897307_1498621725366&_=1498621725367", "requestTime": 15202.783582}}
06-28 12:48:45.745 17596 17609 E WPROF   : {"Javascript": {"url": "http://searchengineland.com/js/ga_social_tracking.js", "requestTime": 15202.800987}}
06-28 12:48:45.747 17596 17609 E WPROF   : {"Javascript": {"url": "http://s7.addthis.com/js/300/addthis_widget.js#pubid=ra-53e918f660794f37", "requestTime": 15202.802324}}
06-28 12:48:45.761 17596 17609 E WPROF   : {"Javascript": {"url": "https://securepubads.g.doubleclick.net/gpt/pubads_impl_121.js", "requestTime": 15202.816320}}
06-28 12:48:45.769 17528 17576 E chromium: [ERROR:gles2_cmd_decoder.cc(3852)] [.ChromiumCompositor-0xacbb2fc0]GL ERROR :GL_INVALID_ENUM : glDiscardFramebufferEXT: attachments was GL_COLOR_EXT
06-28 12:48:46.131 17528 17576 E chromium: [ERROR:gles2_cmd_decoder.cc(3852)] [.ChromiumCompositor-0xacbb2fc0]GL ERROR :GL_INVALID_ENUM : glDiscardFramebufferEXT: attachments was GL_COLOR_EXT
06-28 12:48:46.153 17596 17609 E WPROF   : {"CSS": {"url": "http://app-sj02.marketo.com/js/forms2/css/forms2.css", "requestTime": 15203.208266}}
06-28 12:48:46.156 17596 17609 E WPROF   : {"CSS": {"url": "http://app-sj02.marketo.com/js/forms2/css/forms2-theme-simple.css", "requestTime": 15203.211720}}
06-28 12:48:46.240 17596 17609 E WPROF   : {"Javascript": {"url": "https://static.xx.fbcdn.net/rsrc.php/v3iy6L4/yk/l/ko_KR/be4fIjHRc8P.js", "requestTime": 15203.296064}}
06-28 12:48:46.388 17596 17609 E WPROF   : {"Javascript": {"url": "http://cdn.api.twitter.com/1/users/show.json?screen_name=rustybrick&callback=twttr.setFollowersCount", "requestTime": 15203.443276}}
06-28 12:48:46.396 17596 17609 E WPROF   : {"Javascript": {"url": "http://www.googleadservices.com/pagead/conversion.js", "requestTime": 15203.451362}}
06-28 12:48:46.396 17596 17609 E WPROF   : {"Javascript": {"url": "http://searchengineland.com/figz/wp-content/themes/searchengineland/js/script.js?ver=1.0", "requestTime": 15203.451937}}
06-28 12:48:46.397 17596 17609 E WPROF   : {"Javascript": {"url": "http://searchengineland.com/figz/wp-includes/js/wp-embed.min.js?ver=4.7.5", "requestTime": 15203.452347}}
06-28 12:48:46.397 17596 17609 E WPROF   : {"Javascript": {"url": "http://searchengineland.com/figz/wp-content/themes/searchengineland/js/modules/sharing_controls.js", "requestTime": 15203.452815}}
06-28 12:48:46.451 17528 17576 E chromium: [ERROR:gles2_cmd_decoder.cc(3852)] [.ChromiumCompositor-0xacbb2fc0]GL ERROR :GL_INVALID_ENUM : glDiscardFramebufferEXT: attachments was GL_COLOR_EXT
06-28 12:48:46.540 17596 17609 E WPROF   : {"Javascript": {"url": "http://d2j3qa5nc37287.cloudfront.net/coupon_code1.js", "requestTime": 15203.595576}}
06-28 12:48:46.698 17528 17576 E chromium: [ERROR:gles2_cmd_decoder.cc(3852)] [.ChromiumCompositor-0xacbb2fc0]GL ERROR :GL_INVALID_ENUM : glDiscardFramebufferEXT: attachments was GL_COLOR_EXT
06-28 12:48:46.786 17596 17609 E WPROF   : {"CSS": {"url": "https://www.youtube.com/yts/cssbin/www-embed-player-sprite-mode-vfl5G4Xm8.css", "requestTime": 15203.841413}}
06-28 12:48:46.787 17596 17609 E WPROF   : {"Javascript": {"url": "https://www.youtube.com/yts/jsbin/www-embed-player-vfl_UY_j8/www-embed-player.js", "requestTime": 15203.843204}}
06-28 12:48:46.788 17596 17609 E WPROF   : {"Javascript": {"url": "https://www.youtube.com/yts/jsbin/player-vflo1w4O-/ko_KR/base.js", "requestTime": 15203.843881}}
06-28 12:48:46.883   862  1657 E LocSvc_IzatApiV02: E/virtual int izat_core::IzatApiV02::getBatchSize(int32_t):522]: Error : st = 4, ind.status = -1628389555
06-28 12:48:46.883   862  1657 E LocSvc_IzatApiV02: E/virtual int izat_core::IzatApiV02::getBatchSize(int32_t):535]: get batching size failed.Or modem does not support batching 
06-28 12:48:46.894   862  1657 E LocSvc_IzatApiV02: E/virtual int izat_core::IzatApiV02::getBatchSize(int32_t):522]: Error : st = 4, ind.status = -1628389555
06-28 12:48:46.894   862  1657 E LocSvc_IzatApiV02: E/virtual int izat_core::IzatApiV02::getBatchSize(int32_t):535]: get batching size failed.Or modem does not support batching 
06-28 12:48:46.925   862  1657 E LocSvc_IzatApiV02: E/virtual int izat_core::IzatApiV02::getBatchSize(int32_t):522]: Error : st = 4, ind.status = -1628389555
06-28 12:48:46.925   862  1657 E LocSvc_IzatApiV02: E/virtual int izat_core::IzatApiV02::getBatchSize(int32_t):535]: get batching size failed.Or modem does not support batching 
06-28 12:48:46.934   862  1657 E LocSvc_IzatApiV02: E/virtual int izat_core::IzatApiV02::getBatchSize(int32_t):522]: Error : st = 4, ind.status = -1628389555
06-28 12:48:46.934   862  1657 E LocSvc_IzatApiV02: E/virtual int izat_core::IzatApiV02::getBatchSize(int32_t):535]: get batching size failed.Or modem does not support batching 
06-28 12:48:47.738 17528 17576 E chromium: [ERROR:gles2_cmd_decoder.cc(3852)] [.ChromiumCompositor-0xacbb2fc0]GL ERROR :GL_INVALID_ENUM : glDiscardFramebufferEXT: attachments was GL_COLOR_EXT
06-28 12:48:48.142 17528 17576 E chromium: [ERROR:gles2_cmd_decoder.cc(3852)] [.ChromiumCompositor-0xacbb2fc0]GL ERROR :GL_INVALID_ENUM : glDiscardFramebufferEXT: attachments was GL_COLOR_EXT
06-28 12:48:48.692 17596 17609 E WPROF   : {"Javascript": {"url": "https://securepubads.g.doubleclick.net/gampad/ads?gdfp_req=1&correlator=2365236513341440&output=json_html&callback=googletag.impl.pubads.callbackProxy1&impl=fifs&json_a=1&eid=108809080%2C108809107%2C21060510&sc=0&sfv=1-0-9&iu_parts=1038259%2Csel-ciu-1%2Csel-ciu-2%2Csel-ciu-3%2Csel-ciu-4%2Csel-ciu-5%", "requestTime": 15205.747944}}
06-28 12:48:48.705 17596 17609 E WPROF   : {"Javascript": {"url": "http://www.justuno.com/ajax/account_version_check.html?id=828FA275-FF73-401E-AA39-40F5A6FAB6B1", "requestTime": 15205.760724}}
06-28 12:48:49.552 17596 17609 E WPROF   : {"Javascript": {"url": "https://www.google.com/js/bg/KWBfAnWFESAEEaKKgdYlTHY9ysQaNoQuzeMFqvxDSM8.js", "requestTime": 15206.608134}}
06-28 12:48:49.555 17596 17609 E WPROF   : {"Javascript": {"url": "https://static.doubleclick.net/instream/ad_status.js", "requestTime": 15206.610432}}
06-28 12:48:49.844 17528 17576 E chromium: [ERROR:gles2_cmd_decoder.cc(3852)] [.ChromiumCompositor-0xacbb2fc0]GL ERROR :GL_INVALID_ENUM : glDiscardFramebufferEXT: attachments was GL_COLOR_EXT
06-28 12:48:50.003 17528 17576 E chromium: [ERROR:gles2_cmd_decoder.cc(3852)] [.ChromiumCompositor-0xacbb2fc0]GL ERROR :GL_INVALID_ENUM : glDiscardFramebufferEXT: attachments was GL_COLOR_EXT
06-28 12:48:50.152 17528 17576 E chromium: [ERROR:gles2_cmd_decoder.cc(3852)] [.ChromiumCompositor-0xacbb2fc0]GL ERROR :GL_INVALID_ENUM : glDiscardFramebufferEXT: attachments was GL_COLOR_EXT
06-28 12:48:50.383 17528 17576 E chromium: [ERROR:gles2_cmd_decoder.cc(3852)] [.ChromiumCompositor-0xacbb2fc0]GL ERROR :GL_INVALID_ENUM : glDiscardFramebufferEXT: attachments was GL_COLOR_EXT
06-28 12:48:50.472 17528 17576 E chromium: [ERROR:gles2_cmd_decoder.cc(3852)] [.ChromiumCompositor-0xacbb2fc0]GL ERROR :GL_INVALID_ENUM : glDiscardFramebufferEXT: attachments was GL_COLOR_EXT
06-28 12:48:50.975 17528 17576 E chromium: [ERROR:gles2_cmd_decoder.cc(3852)] [.ChromiumCompositor-0xacbb2fc0]GL ERROR :GL_INVALID_ENUM : glDiscardFramebufferEXT: attachments was GL_COLOR_EXT
06-28 12:48:51.279 17596 17609 E WPROF   : {"Javascript": {"url": "https://tpc.googlesyndication.com/pagead/js/r20170619/r20110914/client/ext/m_window_focus_non_hydra.js", "requestTime": 15208.335208}}
06-28 12:48:51.281 17596 17609 E WPROF   : {"Javascript": {"url": "https://tpc.googlesyndication.com/pagead/js/r20170619/r20110914/activeview/osd_listener.js", "requestTime": 15208.336802}}
06-28 12:48:51.282 17596 17609 E WPROF   : {"Javascript": {"url": "https://tpc.googlesyndication.com/pagead/js/r20170619/r20110914/client/ext/m_qs_click_protection.js", "requestTime": 15208.337453}}
06-28 12:48:51.286 17596 17609 E WPROF   : {"Javascript": {"url": "http://pagead2.googlesyndication.com/pagead/osd.js", "requestTime": 15208.341332}}
06-28 12:48:51.360 17596 17609 E WPROF   : {"Javascript": {"url": "http://cdn.justuno.com/mwgt_3.6.js", "requestTime": 15208.415430}}
06-28 12:48:51.391 17528 17576 E chromium: [ERROR:gles2_cmd_decoder.cc(3852)] [.ChromiumCompositor-0xacbb2fc0]GL ERROR :GL_INVALID_ENUM : glDiscardFramebufferEXT: attachments was GL_COLOR_EXT
06-28 12:48:51.430 17528 17576 E chromium: [ERROR:gles2_cmd_decoder.cc(3852)] [.ChromiumCompositor-0xacbb2fc0]GL ERROR :GL_INVALID_ENUM : glDiscardFramebufferEXT: attachments was GL_COLOR_EXT
06-28 12:48:52.386 17596 17609 E WPROF   : {"Javascript": {"url": "https://app-sj02.marketo.com/js/forms2/js/forms2.min.js", "requestTime": 15209.441925}}
06-28 12:48:52.426 17528 17576 E chromium: [ERROR:gles2_cmd_decoder.cc(3852)] [.ChromiumCompositor-0xacbb2fc0]GL ERROR :GL_INVALID_ENUM : glDiscardFramebufferEXT: attachments was GL_COLOR_EXT
06-28 12:48:52.558 17528 17576 E chromium: [ERROR:gles2_cmd_decoder.cc(3852)] [.ChromiumCompositor-0xacbb2fc0]GL ERROR :GL_INVALID_ENUM : glDiscardFramebufferEXT: attachments was GL_COLOR_EXT
06-28 12:48:52.877 17596 17609 E WProf.db: {"page": "searchengineland.com_google-advice-switch-m-dot-domain-responsive-mobile-first-index-rollout-277446"}
06-28 12:48:52.877 17596 17609 E WProf.db: {"DOMLoad": 15209.932341}
06-28 12:48:52.877 17596 17609 E WProf.db: {"Resource": {"id": 1, "url": "http://searchengineland.com/google-advice-switch-m-dot-domain-responsive-mobile-first-index-rollout-277446", "sentTime": -1.000000, "len": 94067, "from": "0x0", "mimeType": "text/html", "contentLength": -1, "httpStatus": 200, "connId": 19, "connReused": 1, "cached": 0,"requestTime": 15200.791402, "proxyStart": -1, "proxyEnd": -1, "dnsStart": -1, "dnsEnd": -1, "connectStart": 0, "connectEnd": 89, "sendStart": 89, "sendEnd": 90, "receiveHeadersEnd": 253, "sslStart": -1, "sslEnd": -1}}
06-28 12:48:52.877 17596 17609 E WProf.db: {"ReceivedChunk": {"receivedTime": 15201.063472, "len": 7949}}
06-28 12:48:52.877 17596 17609 E WProf.db: {"ReceivedChunk": {"receivedTime": 15201.137157, "len": 32768}}
06-28 12:48:52.877 17596 17609 E WProf.db: {"ReceivedChunk": {"receivedTime": 15201.137530, "len": 30314}}
06-28 12:48:52.877 17596 17609 E WProf.db: {"ReceivedChunk": {"receivedTime": 15201.221799, "len": 15664}}
06-28 12:48:52.877 17596 17609 E WProf.db: {"ReceivedChunk": {"receivedTime": 15201.223200, "len": 7372}}
06-28 12:48:52.877 17596 17609 E WProf.db: {"WprofHTMLTag": {"code": "0xaedda630", "doc": "http://searchengineland.com/google-advice-switch-m-dot-domain-responsive-mobile-first-index-rollout-277446", "row": 6, "column": 42, "tagName": "html", "time": 15201.141427, "url": "", "pos": 1, "chunkLen": 1, "isStartTag": 1}}
06-28 12:48:52.877 17596 17609 E WProf.db: {"WprofHTMLTag": {"code": "0xaf047820", "doc": "http://searchengineland.com/google-advice-switch-m-dot-domain-responsive-mobile-first-index-rollout-277446", "row": 7, "column": 6, "tagName": "head", "time": 15201.141936, "url": "", "pos": 1, "chunkLen": 1, "isStartTag": 1}}
06-28 12:48:52.877 17596 17609 E WProf.db: {"WprofHTMLTag": {"code": "0xaf047850", "doc": "http://searchengineland.com/google-advice-switch-m-dot-domain-responsive-mobile-first-index-rollout-277446", "row": 8, "column": 54, "tagName": "meta", "time": 15201.141981, "url": "", "pos": 1, "chunkLen": 1, "isStartTag": 1}}
06-28 12:48:52.877 17596 17609 E WProf.db: {"WprofHTMLTag": {"code": "0xaf047880", "doc": "http://searchengineland.com/google-advice-switch-m-dot-domain-responsive-mobile-first-index-rollout-277446", "row": 9, "column": 68, "tagName": "meta", "time": 15201.142129, "url": "", "pos": 1, "chunkLen": 1, "isStartTag": 1}}
06-28 12:48:52.877 17596 17609 E WProf.db: {"WprofHTMLTag": {"code": "0xaf0478b0", "doc": "http://searchengineland.com/google-advice-switch-m-dot-domain-responsive-mobile-first-index-rollout-277446", "row": 10, "column": 23, "tagName": "meta", "time": 15201.142234, "url": "", "pos": 1, "chunkLen": 1, "isStartTag": 1}}
06-28 12:48:52.877 17596 17609 E WProf.db: {"WprofHTMLTag": {"code": "0xaf0478e0", "doc": "http://searchengineland.com/google-advice-switch-m-dot-domain-responsive-mobile-first-index-rollout-277446", "row": 11, "column": 52, "tagName": "meta", "time": 15201.142365, "url": "", "pos": 1, "chunkLen": 1, "isStartTag": 1}}
06-28 12:48:52.878 17596 17609 E WProf.db: {"WprofHTMLTag": {"code": "0xaf047910", "doc": "http://searchengineland.com/google-advice-switch-m-dot-domain-responsive-mobile-first-index-rollout-277446", "row": 14, "column": 56, "tagName": "meta", "time": 15201.142561, "url": "", "pos": 1, "chunkLen": 1, "isStartTag": 1}}
06-28 12:48:52.878 17596 17609 E WProf.db: {"WprofHTMLTag": {"code": "0xaf047940", "doc": "http://searchengineland.com/google-advice-switch-m-dot-domain-responsive-mobile-first-index-rollout-277446", "row": 15, "column": 83, "tagName": "meta", "time": 15201.142666, "url": "", "pos": 1, "chunkLen": 1, "isStartTag": 1}}
06-28 12:48:52.878 17596 17609 E WProf.db: {"WprofHTMLTag": {"code": "0xaf047970", "doc": "http://searchengineland.com/google-advice-switch-m-dot-domain-responsive-mobile-first-index-rollout-277446", "row": 16, "column": 57, "tagName": "meta", "time": 15201.142767, "url": "", "pos": 1, "chunkLen": 1, "isStartTag": 1}}
06-28 12:48:52.878 17596 17609 E WProf.db: {"WprofHTMLTag": {"code": "0xaf047a00", "doc": "http://searchengineland.com/google-advice-switch-m-dot-domain-responsive-mobile-first-index-rollout-277446", "row": 17, "column": 41, "tagName": "meta", "time": 15201.142870, "url": "", "pos": 1, "chunkLen": 1, "isStartTag": 1}}
06-28 12:48:52.878 17596 17609 E WProf.db: {"WprofHTMLTag": {"code": "0xaf047a30", "doc": "http://searchengineland.com/google-advice-switch-m-dot-domain-responsive-mobile-first-index-rollout-277446", "row": 18, "column": 50, "tagName": "meta", "time": 15201.142969, "url": "", "pos": 1, "chunkLen": 1, "isStartTag": 1}}
06-28 12:48:52.878 17596 17609 E WProf.db: {"WprofHTMLTag": {"code": "0xaf047a60", "doc": "http://searchengineland.com/google-advice-switch-m-dot-domain-responsive-mobile-first-index-rollout-277446", "row": 19, "column": 174, "tagName": "meta", "time": 15201.143073, "url": "", "pos": 1, "chunkLen": 1, "isStartTag": 1}}
06-28 12:48:52.878 17596 17609 E WProf.db: {"WprofHTMLTag": {"code": "0xaf0479d0", "doc": "http://searchengineland.com/google-advice-switch-m-dot-domain-responsive-mobile-first-index-rollout-277446", "row": 20, "column": 47, "tagName": "meta", "time": 15201.143177, "url": "", "pos": 1, "chunkLen": 1, "isStartTag": 1}}
06-28 12:48:52.878 17596 17609 E WProf.db: {"WprofHTMLTag": {"code": "0xaf0479a0", "doc": "http://searchengineland.com/google-advice-switch-m-dot-domain-responsive-mobile-first-index-rollout-277446", "row": 21, "column": 67, "tagName": "meta", "time": 15201.143276, "url": "", "pos": 1, "chunkLen": 1, "isStartTag": 1}}
06-28 12:48:52.878 17596 17609 E WProf.db: {"WprofHTMLTag": {"code": "0xaf047a90", "doc": "http://searchengineland.com/google-advice-switch-m-dot-domain-responsive-mobile-first-index-rollout-277446", "row": 22, "column": 57, "tagName": "meta", "time": 15201.143373, "url": "", "pos": 1, "chunkLen": 1, "isStartTag": 1}}
06-28 12:48:52.878 17596 17609 E WProf.db: {"WprofHTMLTag": {"code": "0xaf047ac0", "doc": "http://searchengineland.com/google-advice-switch-m-dot-domain-responsive-mobile-first-index-rollout-277446", "row": 23, "column": 65, "tagName": "meta", "time": 15201.143476, "url": "", "pos": 1, "chunkLen": 1, "isStartTag": 1}}
06-28 12:48:52.878 17596 17609 E WProf.db: {"WprofHTMLTag": {"code": "0xaf047af0", "doc": "http://searchengineland.com/google-advice-switch-m-dot-domain-responsive-mobile-first-index-rollout-277446", "row": 24, "column": 55, "tagName": "meta", "time": 15201.143575, "url": "", "pos": 1, "chunkLen": 1, "isStartTag": 1}}
06-28 12:48:52.878 17596 17609 E WProf.db: {"WprofHTMLTag": {"code": "0xaf047b20", "doc": "http://searchengineland.com/google-advice-switch-m-dot-domain-responsive-mobile-first-index-rollout-277446", "row": 25, "column": 71, "tagName": "meta", "time": 15201.143681, "url": "", "pos": 1, "chunkLen": 1, "isStartTag": 1}}
06-28 12:48:52.878 17596 17609 E WProf.db: {"WprofHTMLTag": {"code": "0xaf047b50", "doc": "http://searchengineland.com/google-advice-switch-m-dot-domain-responsive-mobile-first-index-rollout-277446", "row": 26, "column": 86, "tagName": "meta", "time": 15201.143783, "url": "", "pos": 1, "chunkLen": 1, "isStartTag": 1}}
06-28 12:48:52.878 17596 17609 E WProf.db: {"WprofHTMLTag": {"code": "0xaf047b80", "doc": "http://searchengineland.com/google-advice-switch-m-dot-domain-responsive-mobile-first-index-rollout-277446", "row": 27, "column": 54, "tagName": "meta", "time": 15201.143886, "url": "", "pos": 1, "chunkLen": 1, "isStartTag": 1}}
06-28 12:48:52.879 17596 17609 E WProf.db: {"WprofHTMLTag": {"code": "0xaf047bb0", "doc": "http://searchengineland.com/google-advice-switch-m-dot-domain-responsive-mobile-first-index-rollout-277446", "row": 29, "column": 90, "tagName": "meta", "time": 15201.143985, "url": "", "pos": 1, "chunkLen": 1, "isStartTag": 1}}
06-28 12:48:52.879 17596 17609 E WProf.db: {"WprofHTMLTag": {"code": "0xaf047be0", "doc": "http://searchengineland.com/google-advice-switch-m-dot-domain-responsive-mobile-first-index-rollout-277446", "row": 30, "column": 176, "tagName": "meta", "time": 15201.144084, "url": "", "pos": 1, "chunkLen": 1, "isStartTag": 1}}
06-28 12:48:52.879 17596 17609 E WProf.db: {"WprofHTMLTag": {"code": "0xaf047c10", "doc": "http://searchengineland.com/google-advice-switch-m-dot-domain-responsive-mobile-first-index-rollout-277446", "row": 31, "column": 55, "tagName": "meta", "time": 15201.144194, "url": "", "pos": 1, "chunkLen": 1, "isStartTag": 1}}
06-28 12:48:52.879 17596 17609 E WProf.db: {"WprofHTMLTag": {"code": "0xaf047c40", "doc": "http://searchengineland.com/google-advice-switch-m-dot-domain-responsive-mobile-first-index-rollout-277446", "row": 32, "column": 54, "tagName": "meta", "time": 15201.144294, "url": "", "pos": 1, "chunkLen": 1, "isStartTag": 1}}
06-28 12:48:52.879 17596 17609 E WProf.db: {"WprofHTMLTag": {"code": "0xaf047c70", "doc": "http://searchengineland.com/google-advice-switch-m-dot-domain-responsive-mobile-first-index-rollout-277446", "row": 33, "column": 140, "tagName": "meta", "time": 15201.144394, "url": "", "pos": 1, "chunkLen": 1, "isStartTag": 1}}
06-28 12:48:52.879 17596 17609 E WProf.db: {"WprofHTMLTag": {"code": "0xaf047ca0", "doc": "http://searchengineland.com/google-advice-switch-m-dot-domain-responsive-mobile-first-index-rollout-277446", "row": 37, "column": 36, "tagName": "script", "time": 15201.144498, "url": "", "pos": 1, "chunkLen": 1, "isStartTag": 1}}
06-28 12:48:52.879 17596 17609 E WProf.db: {"WprofHTMLTag": {"code": "0xaf047cd0", "doc": "http://searchengineland.com/google-advice-switch-m-dot-domain-responsive-mobile-first-index-rollout-277446", "row": 53, "column": 10, "tagName": "script", "time": 15201.144750, "url": "", "pos": 1, "chunkLen": 1, "isStartTag": 0}}
06-28 12:48:52.879 17596 17609 E WProf.db: {"WprofHTMLTag": {"code": "0xaedda660", "doc": "http://searchengineland.com/google-advice-switch-m-dot-domain-responsive-mobile-first-index-rollout-277446", "row": 55, "column": 86, "tagName": "link", "time": 15201.145301, "url": "http://searchengineland.com/apple-touch-icon.png", "pos": 1, "chunkLen": 1, "isStartTag": 1}}
06-28 12:48:52.879 17596 17609 E WProf.db: {"WprofHTMLTag": {"code": "0xaf047d00", "doc": "http://searchengineland.com/google-advice-switch-m-dot-domain-responsive-mobile-first-index-rollout-277446", "row": 56, "column": 76, "tagName": "link", "time": 15201.145567, "url": "http://searchengineland.com/favicon.ico", "pos": 1, "chunkLen": 1, "isStartTag": 1}}
06-28 12:48:52.879 17596 17609 E WProf.db: {"WprofHTMLTag": {"code": "0xaf047d30", "doc": "http://searchengineland.com/google-advice-switch-m-dot-domain-responsive-mobile-first-index-rollout-277446", "row": 57, "column": 158, "tagName": "link", "time": 15201.145766, "url": "http://feeds.searchengineland.com/searchengineland", "pos": 1, "chunkLen": 1, "isStartTag": 1}}
06-28 12:48:52.879 17596 17609 E WProf.db: {"WprofHTMLTag": {"code": "0xaf047d60", "doc": "http://searchengineland.com/google-advice-switch-m-dot-domain-responsive-mobile-first-index-rollout-277446", "row": 58, "column": 149, "tagName": "link", "time": 15201.146033, "url": "http://feeds.searchengineland.com/searchcap", "pos": 1, "chunkLen": 1, "isStartTag": 1}}
06-28 12:48:52.879 17596 17609 E WProf.db: {"WprofHTMLTag": {"code": "0xaf047d90", "doc": "http://searchengineland.com/google-advice-switch-m-dot-domain-responsive-mobile-first-index-rollout-277446", "row": 59, "column": 150, "tagName": "link", "time": 15201.146310, "url": "http://searchengineland.com/figz/wp-content/themes/searchengineland/css/searchengineland-bootstrap.css", "pos": 1, "chunkLen": 1, "isStartTag": 1}}
06-28 12:48:52.879 17596 17609 E WProf.db: {"WprofHTMLTag": {"code": "0xaf047df0", "doc": "http://searchengineland.com/google-advice-switch-m-dot-domain-responsive-mobile-first-index-rollout-277446", "row": 60, "column": 105, "tagName": "link", "time": 15201.146909, "url": "http://fonts.googleapis.com/css?family=Oswald:300,400,700", "pos": 1, "chunkLen": 1, "isStartTag": 1}}
06-28 12:48:52.880 17596 17609 E WProf.db: {"WprofHTMLTag": {"code": "0xaf047e50", "doc": "http://searchengineland.com/google-advice-switch-m-dot-domain-responsive-mobile-first-index-rollout-277446", "row": 61, "column": 125, "tagName": "link", "time": 15201.147456, "url": "http://searchengineland.com/figz/wp-content/themes/searchengineland/style.css", "pos": 1, "chunkLen": 1, "isStartTag": 1}}
06-28 12:48:52.880 17596 17609 E WProf.db: {"WprofHTMLTag": {"code": "0xaf047eb0", "doc": "http://searchengineland.com/google-advice-switch-m-dot-domain-responsive-mobile-first-index-rollout-277446", "row": 65, "column": 7, "tagName": "title", "time": 15201.148000, "url": "", "pos": 1, "chunkLen": 1, "isStartTag": 1}}
06-28 12:48:52.880 17596 17609 E WProf.db: {"WprofHTMLTag": {"code": "0xaf047ee0", "doc": "http://searchengineland.com/google-advice-switch-m-dot-domain-responsive-mobile-first-index-rollout-277446", "row": 65, "column": 106, "tagName": "title", "time": 15201.148227, "url": "", "pos": 1, "chunkLen": 1, "isStartTag": 0}}
06-28 12:48:52.880 17596 17609 E WProf.db: {"WprofHTMLTag": {"code": "0xaf047f10", "doc": "http://searchengineland.com/google-advice-switch-m-dot-domain-responsive-mobile-first-index-rollout-277446", "row": 66, "column": 173, "tagName": "meta", "time": 15201.148248, "url": "", "pos": 1, "chunkLen": 1, "isStartTag": 1}}
06-28 12:48:52.880 17596 17609 E WProf.db: {"WprofHTMLTag": {"code": "0xaf047f40", "doc": "http://searchengineland.com/google-advice-switch-m-dot-domain-responsive-mobile-first-index-rollout-277446", "row": 67, "column": 90, "tagName": "meta", "time": 15201.148357, "url": "", "pos": 1, "chunkLen": 1, "isStartTag": 1}}
06-28 12:48:52.880 17596 17609 E WProf.db: {"WprofHTMLTag": {"code": "0xaf047f70", "doc": "http://searchengineland.com/google-advice-switch-m-dot-domain-responsive-mobile-first-index-rollout-277446", "row": 68, "column": 148, "tagName": "meta", "time": 15201.148460, "url": "", "pos": 1, "chunkLen": 1, "isStartTag": 1}}
06-28 12:48:52.880 17596 17609 E WProf.db: {"WprofHTMLTag": {"code": "0xaf047fa0", "doc": "http://searchengineland.com/google-advice-switch-m-dot-domain-responsive-mobile-first-index-rollout-277446", "row": 69, "column": 37, "tagName": "meta", "time": 15201.148565, "url": "", "pos": 1, "chunkLen": 1, "isStartTag": 1}}
06-28 12:48:52.880 17596 17609 E WProf.db: {"WprofHTMLTag": {"code": "0xaf047fd0", "doc": "http://searchengineland.com/google-advice-switch-m-dot-domain-responsive-mobile-first-index-rollout-277446", "row": 70, "column": 138, "tagName": "link", "time": 15201.148679, "url": "http://searchengineland.com/google-advice-switch-m-dot-domain-responsive-mobile-first-index-rollout-277446", "pos": 1, "chunkLen": 1, "isStartTag": 1}}
06-28 12:48:52.880 17596 17609 E WProf.db: {"WprofHTMLTag": {"code": "0xb4cc74b0", "doc": "http://searchengineland.com/google-advice-switch-m-dot-domain-responsive-mobile-first-index-rollout-277446", "row": 71, "column": 76, "tagName": "link", "time": 15201.148874, "url": "https://plus.google.com/103218677032751327334", "pos": 1, "chunkLen": 1, "isStartTag": 1}}
06-28 12:48:52.880 17596 17609 E WProf.db: {"WprofHTMLTag": {"code": "0xb4cc7540", "doc": "http://searchengineland.com/google-advice-switch-m-dot-domain-responsive-mobile-first-index-rollout-277446", "row": 72, "column": 45, "tagName": "meta", "time": 15201.149062, "url": "", "pos": 1, "chunkLen": 1, "isStartTag": 1}}
06-28 12:48:52.880 17596 17609 E WProf.db: {"WprofHTMLTag": {"code": "0xb4cc78a0", "doc": "http://searchengineland.com/google-advice-switch-m-dot-domain-responsive-mobile-first-index-rollout-277446", "row": 73, "column": 45, "tagName": "meta", "time": 15201.149175, "url": "", "pos": 1, "chunkLen": 1, "isStartTag": 1}}
06-28 12:48:52.880 17596 17609 E WProf.db: {"WprofHTMLTag": {"code": "0xb4cc78d0", "doc": "http://searchengineland.com/google-advice-switch-m-dot-domain-responsive-mobile-first-index-rollout-277446", "row": 74, "column": 130, "tagName": "meta", "time": 15201.149282, "url": "", "pos": 1, "chunkLen": 1, "isStartTag": 1}}
06-28 12:48:52.880 17596 17609 E WProf.db: {"WprofHTMLTag": {"code": "0xb4cc7900", "doc": "http://searchengineland.com/google-advice-switch-m-dot-domain-responsive-mobile-first-index-rollout-277446", "row": 75, "column": 181, "tagName": "meta", "time": 15201.149387, "url": "", "pos": 1, "chunkLen": 1, "isStartTag": 1}}
06-28 12:48:52.881 17596 17609 E WProf.db: {"WprofHTMLTag": {"code": "0xb4cc7930", "doc": "http://searchengineland.com/google-advice-switch-m-dot-domain-responsive-mobile-first-index-rollout-277446", "row": 76, "column": 143, "tagName": "meta", "time": 15201.149497, "url": "", "pos": 1, "chunkLen": 1, "isStartTag": 1}}
06-28 12:48:52.881 17596 17609 E WProf.db: {"WprofHTMLTag": {"code": "0xb4cc7960", "doc": "http://searchengineland.com/google-advice-switch-m-dot-domain-responsive-mobile-first-index-rollout-277446", "row": 77, "column": 61, "tagName": "meta", "time": 15201.149605, "url": "", "pos": 1, "chunkLen": 1, "isStartTag": 1}}
06-28 12:48:52.881 17596 17609 E WProf.db: {"WprofHTMLTag": {"code": "0xb4cc7990", "doc": "http://searchengineland.com/google-advice-switch-m-dot-domain-responsive-mobile-first-index-rollout-277446", "row": 78, "column": 89, "tagName": "meta", "time": 15201.149714, "url": "", "pos": 1, "chunkLen": 1, "isStartTag": 1}}
06-28 12:48:52.881 17596 17609 E WProf.db: {"WprofHTMLTag": {"code": "0xb4cc79c0", "doc": "http://searchengineland.com/google-advice-switch-m-dot-domain-responsive-mobile-first-index-rollout-277446", "row": 79, "column": 58, "tagName": "meta", "time": 15201.149821, "url": "", "pos": 1, "chunkLen": 1, "isStartTag": 1}}
06-28 12:48:52.881 17596 17609 E WProf.db: {"WprofHTMLTag": {"code": "0xb4cc79f0", "doc": "http://searchengineland.com/google-advice-switch-m-dot-domain-responsive-mobile-first-index-rollout-277446", "row": 80, "column": 78, "tagName": "meta", "time": 15201.149928, "url": "", "pos": 1, "chunkLen": 1, "isStartTag": 1}}
06-28 12:48:52.881 17596 17609 E WProf.db: {"WprofHTMLTag": {"code": "0xb4cc7a20", "doc": "http://searchengineland.com/google-advice-switch-m-dot-domain-responsive-mobile-first-index-rollout-277446", "row": 81, "column": 77, "tagName": "meta", "time": 15201.150083, "url": "", "pos": 1, "chunkLen": 1, "isStartTag": 1}}
06-28 12:48:52.881 17596 17609 E WProf.db: {"WprofHTMLTag": {"code": "0xb4cc7a50", "doc": "http://searchengineland.com/google-advice-switch-m-dot-domain-responsive-mobile-first-index-rollout-277446", "row": 82, "column": 71, "tagName": "meta", "time": 15201.150187, "url": "", "pos": 1, "chunkLen": 1, "isStartTag": 1}}
06-28 12:48:52.881 17596 17609 E WProf.db: {"WprofHTMLTag": {"code": "0xb4cc7a80", "doc": "http://searchengineland.com/google-advice-switch-m-dot-domain-responsive-mobile-first-index-rollout-277446", "row": 83, "column": 134, "tagName": "meta", "time": 15201.150293, "url": "", "pos": 1, "chunkLen": 1, "isStartTag": 1}}
06-28 12:48:52.881 17596 17609 E WProf.db: {"WprofHTMLTag": {"code": "0xb4cc7ab0", "doc": "http://searchengineland.com/google-advice-switch-m-dot-domain-responsive-mobile-first-index-rollout-277446", "row": 84, "column": 49, "tagName": "meta", "time": 15201.150394, "url": "", "pos": 1, "chunkLen": 1, "isStartTag": 1}}
06-28 12:48:52.881 17596 17609 E WProf.db: {"WprofHTMLTag": {"code": "0xb4cc7ae0", "doc": "http://searchengineland.com/google-advice-switch-m-dot-domain-responsive-mobile-first-index-rollout-277446", "row": 85, "column": 50, "tagName": "meta", "time": 15201.150502, "url": "", "pos": 1, "chunkLen": 1, "isStartTag": 1}}
06-28 12:48:52.881 17596 17609 E WProf.db: {"WprofHTMLTag": {"code": "0xb4cc7b10", "doc": "http://searchengineland.com/google-advice-switch-m-dot-domain-responsive-mobile-first-index-rollout-277446", "row": 86, "column": 58, "tagName": "meta", "time": 15201.150611, "url": "", "pos": 1, "chunkLen": 1, "isStartTag": 1}}
06-28 12:48:52.881 17596 17609 E WProf.db: {"WprofHTMLTag": {"code": "0xb4cc7b40", "doc": "http://searchengineland.com/google-advice-switch-m-dot-domain-responsive-mobile-first-index-rollout-277446", "row": 87, "column": 182, "tagName": "meta", "time": 15201.150714, "url": "", "pos": 1, "chunkLen": 1, "isStartTag": 1}}
06-28 12:48:52.881 17596 17609 E WProf.db: {"WprofHTMLTag": {"code": "0xb4cc7b70", "doc": "http://searchengineland.com/google-advice-switch-m-dot-domain-responsive-mobile-first-index-rollout-277446", "row": 88, "column": 131, "tagName": "meta", "time": 15201.150815, "url": "", "pos": 1, "chunkLen": 1, "isStartTag": 1}}
06-28 12:48:52.882 17596 17609 E WProf.db: {"WprofHTMLTag": {"code": "0xb4cc7ba0", "doc": "http://searchengineland.com/google-advice-switch-m-dot-domain-responsive-mobile-first-index-rollout-277446", "row": 89, "column": 51, "tagName": "meta", "time": 15201.150914, "url": "", "pos": 1, "chunkLen": 1, "isStartTag": 1}}
06-28 12:48:52.882 17596 17609 E WProf.db: {"WprofHTMLTag": {"code": "0xb4cc7bd0", "doc": "http://searchengineland.com/google-advice-switch-m-dot-domain-responsive-mobile-first-index-rollout-277446", "row": 90, "column": 135, "tagName": "meta", "time": 15201.151028, "url": "", "pos": 1, "chunkLen": 1, "isStartTag": 1}}
06-28 12:48:52.882 17596 17609 E WProf.db: {"WprofHTMLTag": {"code": "0xb4cc7c00", "doc": "http://searchengineland.com/google-advice-switch-m-dot-domain-responsive-mobile-first-index-rollout-277446", "row": 91, "column": 53, "tagName": "meta", "time": 15201.151134, "url": "", "pos": 1, "chunkLen": 1, "isStartTag": 1}}
06-28 12:48:52.882 17596 17609 E WProf.db: {"WprofHTMLTag": {"code": "0xb4cc7c30", "doc": "http://searchengineland.com/google-advice-switch-m-dot-domain-responsive-mobile-first-index-rollout-277446", "row": 94, "column": 44, "tagName": "link", "time": 15201.151243, "url": "http://s.w.org/", "pos": 1, "chunkLen": 1, "isStartTag": 1}}
06-28 12:48:52.882 17596 17609 E WProf.db: {"WprofHTMLTag": {"code": "0xb4cc7c60", "doc": "http://searchengineland.com/google-advice-switch-m-dot-domain-responsive-mobile-first-index-rollout-277446", "row": 95, "column": 33, "tagName": "script", "time": 15201.151448, "url": "", "pos": 1, "chunkLen": 1, "isStartTag": 1}}
06-28 12:48:52.882 17596 17609 E WProf.db: {"WprofHTMLTag": {"code": "0xb4cc7c90", "doc": "http://searchengineland.com/google-advice-switch-m-dot-domain-responsive-mobile-first-index-rollout-277446", "row": 98, "column": 11, "tagName": "script", "time": 15201.151754, "url": "http://searchengineland.com/figz/wp-includes/js/wp-emoji-release.min.js?ver=4.7.5", "pos": 1, "chunkLen": 1, "isStartTag": 0}}
06-28 12:48:52.882 17596 17609 E WProf.db: {"WprofHTMLTag": {"code": "0x9c916990", "doc": "http://searchengineland.com/google-advice-switch-m-dot-domain-responsive-mobile-first-index-rollout-277446", "row": 99, "column": 25, "tagName": "style", "time": 15201.758374, "url": "", "pos": 1, "chunkLen": 1, "isStartTag": 1}}
06-28 12:48:52.882 17596 17609 E WProf.db: {"WprofHTMLTag": {"code": "0x9c9169c0", "doc": "http://searchengineland.com/google-advice-switch-m-dot-domain-responsive-mobile-first-index-rollout-277446", "row": 112, "column": 8, "tagName": "style", "time": 15201.758653, "url": "", "pos": 1, "chunkLen": 1, "isStartTag": 0}}
06-28 12:48:52.882 17596 17609 E WProf.db: {"WprofHTMLTag": {"code": "0x9c9169f0", "doc": "http://searchengineland.com/google-advice-switch-m-dot-domain-responsive-mobile-first-index-rollout-277446", "row": 113, "column": 140, "tagName": "script", "time": 15201.760511, "url": "http://searchengineland.com/figz/wp-content/themes/searchengineland/js/lib/modernizr.custom.js?ver=1.0", "pos": 1, "chunkLen": 1, "isStartTag": 1}}
06-28 12:48:52.882 17596 17609 E WProf.db: {"WprofHTMLTag": {"code": "0x9c916a20", "doc": "http://searchengineland.com/google-advice-switch-m-dot-domain-responsive-mobile-first-index-rollout-277446", "row": 113, "column": 149, "tagName": "script", "time": 15201.760761, "url": "", "pos": 1, "chunkLen": 1, "isStartTag": 0}}
06-28 12:48:52.882 17596 17609 E WProf.db: {"WprofHTMLTag": {"code": "0x9c916ab0", "doc": "http://searchengineland.com/google-advice-switch-m-dot-domain-responsive-mobile-first-index-rollout-277446", "row": 114, "column": 144, "tagName": "script", "time": 15201.768533, "url": "http://searchengineland.com/figz/wp-content/themes/searchengineland/js/lib/jquery-1.11.0.min.js?ver=1.11.0", "pos": 1, "chunkLen": 1, "isStartTag": 1}}
06-28 12:48:52.882 17596 17609 E WProf.db: {"WprofHTMLTag": {"code": "0x9c916ae0", "doc": "http://searchengineland.com/google-advice-switch-m-dot-domain-responsive-mobile-first-index-rollout-277446", "row": 114, "column": 153, "tagName": "script", "time": 15201.768791, "url": "", "pos": 1, "chunkLen": 1, "isStartTag": 0}}
06-28 12:48:52.882 17596 17609 E WProf.db: {"WprofHTMLTag": {"code": "0xaeddae70", "doc": "http://searchengineland.com/google-advice-switch-m-dot-domain-responsive-mobile-first-index-rollout-277446", "row": 0, "column": 15, "tagName": "div", "time": 15201.837439, "url": "", "pos": 15, "chunkLen": 44, "isStartTag": 1}}
06-28 12:48:52.882 17596 17609 E WProf.db: {"WprofHTMLTag": {"code": "0xaeddae40", "doc": "http://searchengineland.com/google-advice-switch-m-dot-domain-responsive-mobile-first-index-rollout-277446", "row": 0, "column": 21, "tagName": "div", "time": 15201.837565, "url": "", "pos": 21, "chunkLen": 44, "isStartTag": 0}}
06-28 12:48:52.883 17596 17609 E WProf.db: {"WprofHTMLTag": {"code": "0xaeddaba0", "doc": "http://searchengineland.com/google-advice-switch-m-dot-domain-responsive-mobile-first-index-rollout-277446", "row": 0, "column": 38, "tagName": "div", "time": 15201.837626, "url": "", "pos": 38, "chunkLen": 44, "isStartTag": 1}}
06-28 12:48:52.883 17596 17609 E WProf.db: {"WprofHTMLTag": {"code": "0xaeddae10", "doc": "http://searchengineland.com/google-advice-switch-m-dot-domain-responsive-mobile-first-index-rollout-277446", "row": 0, "column": 44, "tagName": "div", "time": 15201.837747, "url": "", "pos": 44, "chunkLen": 44, "isStartTag": 0}}
06-28 12:48:52.883 17596 17609 E WProf.db: {"WprofHTMLTag": {"code": "0xaeddade0", "doc": "http://searchengineland.com/google-advice-switch-m-dot-domain-responsive-mobile-first-index-rollout-277446", "row": 0, "column": 13, "tagName": "select", "time": 15201.839068, "url": "", "pos": 13, "chunkLen": 51, "isStartTag": 1}}
06-28 12:48:52.883 17596 17609 E WProf.db: {"WprofHTMLTag": {"code": "0xaeddadb0", "doc": "http://searchengineland.com/google-advice-switch-m-dot-domain-responsive-mobile-first-index-rollout-277446", "row": 0, "column": 33, "tagName": "option", "time": 15201.839245, "url": "", "pos": 33, "chunkLen": 51, "isStartTag": 1}}
06-28 12:48:52.883 17596 17609 E WProf.db: {"WprofHTMLTag": {"code": "0xaeddad80", "doc": "http://searchengineland.com/google-advice-switch-m-dot-domain-responsive-mobile-first-index-rollout-277446", "row": 0, "column": 42, "tagName": "option", "time": 15201.839425, "url": "", "pos": 42, "chunkLen": 51, "isStartTag": 0}}
06-28 12:48:52.883 17596 17609 E WProf.db: {"WprofHTMLTag": {"code": "0x9c916b10", "doc": "http://searchengineland.com/google-advice-switch-m-dot-domain-responsive-mobile-first-index-rollout-277446", "row": 0, "column": 51, "tagName": "select", "time": 15201.839490, "url": "", "pos": 51, "chunkLen": 51, "isStartTag": 0}}
06-28 12:48:52.883 17596 17609 E WProf.db: {"WprofHTMLTag": {"code": "0x9c916b40", "doc": "http://searchengineland.com/google-advice-switch-m-dot-domain-responsive-mobile-first-index-rollout-277446", "row": 0, "column": 12, "tagName": "a", "time": 15201.844295, "url": "", "pos": 12, "chunkLen": 16, "isStartTag": 1}}
06-28 12:48:52.883 17596 17609 E WProf.db: {"WprofHTMLTag": {"code": "0x9c916b70", "doc": "http://searchengineland.com/google-advice-switch-m-dot-domain-responsive-mobile-first-index-rollout-277446", "row": 0, "column": 16, "tagName": "a", "time": 15201.844448, "url": "", "pos": 16, "chunkLen": 16, "isStartTag": 0}}
06-28 12:48:52.883 17596 17609 E WProf.db: {"WprofHTMLTag": {"code": "0x9c916ba0", "doc": "http://searchengineland.com/google-advice-switch-m-dot-domain-responsive-mobile-first-index-rollout-277446", "row": 0, "column": 8, "tagName": "input", "time": 15201.845433, "url": "", "pos": 8, "chunkLen": 8, "isStartTag": 1}}
06-28 12:48:52.883 17596 17609 E WProf.db: {"WprofHTMLTag": {"code": "0x9c916bd0", "doc": "http://searchengineland.com/google-advice-switch-m-dot-domain-responsive-mobile-first-index-rollout-277446", "row": 0, "column": 9, "tagName": "link", "time": 15201.853726, "url": "", "pos": 9, "chunkLen": 42, "isStartTag": 1}}
06-28 12:48:52.883 17596 17609 E WProf.db: {"WprofHTMLTag": {"code": "0x9c916c00", "doc": "http://searchengineland.com/google-advice-switch-m-dot-domain-responsive-mobile-first-index-rollout-277446", "row": 0, "column": 16, "tagName": "table", "time": 15201.853839, "url": "", "pos": 16, "chunkLen": 42, "isStartTag": 1}}
06-28 12:48:52.883 17596 17609 E WProf.db: {"WprofHTMLTag": {"code": "0x9c916c30", "doc": "http://searchengineland.com/google-advice-switch-m-dot-domain-responsive-mobile-first-index-rollout-277446", "row": 0, "column": 24, "tagName": "table", "time": 15201.853950, "url": "", "pos": 24, "chunkLen": 42, "isStartTag": 0}}
06-28 12:48:52.883 17596 17609 E WProf.db: {"WprofHTMLTag": {"code": "0x9c916c60", "doc": "http://searchengineland.com/google-advice-switch-m-dot-domain-responsive-mobile-first-index-rollout-277446", "row": 0, "column": 37, "tagName": "a", "time": 15201.854011, "url": "", "pos": 37, "chunkLen": 42, "isStartTag": 1}}
06-28 12:48:52.884 17596 17609 E WProf.db: {"WprofHTMLTag": {"code": "0x9c916c90", "doc": "http://searchengineland.com/google-advice-switch-m-dot-domain-responsive-mobile-first-index-rollout-277446", "row": 0, "column": 42, "tagName": "a", "time": 15201.854185, "url": "", "pos": 42, "chunkLen": 42, "isStartTag": 0}}
06-28 12:48:52.884 17596 17609 E WProf.db: {"WprofHTMLTag": {"code": "0x9c916d20", "doc": "http://searchengineland.com/google-advice-switch-m-dot-domain-responsive-mobile-first-index-rollout-277446", "row": 0, "column": 10, "tagName": "textarea", "time": 15201.855248, "url": "", "pos": 10, "chunkLen": 22, "isStartTag": 1}}
06-28 12:48:52.884 17596 17609 E WProf.db: {"WprofHTMLTag": {"code": "0x9c916d50", "doc": "http://searchengineland.com/google-advice-switch-m-dot-domain-responsive-mobile-first-index-rollout-277446", "row": 0, "column": 22, "tagName": "textarea", "time": 15201.855438, "url": "", "pos": 22, "chunkLen": 22, "isStartTag": 0}}
06-28 12:48:52.884 17596 17609 E WProf.db: {"WprofHTMLTag": {"code": "0x9c916d80", "doc": "http://searchengineland.com/google-advice-switch-m-dot-domain-responsive-mobile-first-index-rollout-277446", "row": 0, "column": 48, "tagName": "input", "time": 15201.856529, "url": "", "pos": 48, "chunkLen": 48, "isStartTag": 1}}
06-28 12:48:52.884 17596 17609 E WProf.db: {"WprofHTMLTag": {"code": "0x9c916de0", "doc": "http://searchengineland.com/google-advice-switch-m-dot-domain-responsive-mobile-first-index-rollout-277446", "row": 0, "column": 9, "tagName": "link", "time": 15201.861141, "url": "", "pos": 9, "chunkLen": 66, "isStartTag": 1}}
06-28 12:48:52.884 17596 17609 E WProf.db: {"WprofHTMLTag": {"code": "0x9c916e10", "doc": "http://searchengineland.com/google-advice-switch-m-dot-domain-responsive-mobile-first-index-rollout-277446", "row": 0, "column": 16, "tagName": "table", "time": 15201.861266, "url": "", "pos": 16, "chunkLen": 66, "isStartTag": 1}}
06-28 12:48:52.884 17596 17609 E WProf.db: {"WprofHTMLTag": {"code": "0x9c916e40", "doc": "http://searchengineland.com/google-advice-switch-m-dot-domain-responsive-mobile-first-index-rollout-277446", "row": 0, "column": 24, "tagName": "table", "time": 15201.861342, "url": "", "pos": 24, "chunkLen": 66, "isStartTag": 0}}
06-28 12:48:52.884 17596 17609 E WProf.db: {"WprofHTMLTag": {"code": "0x9c916e70", "doc": "http://searchengineland.com/google-advice-switch-m-dot-domain-responsive-mobile-first-index-rollout-277446", "row": 0, "column": 37, "tagName": "a", "time": 15201.861408, "url": "", "pos": 37, "chunkLen": 66, "isStartTag": 1}}
06-28 12:48:52.884 17596 17609 E WProf.db: {"WprofHTMLTag": {"code": "0x9c916ea0", "doc": "http://searchengineland.com/google-advice-switch-m-dot-domain-responsive-mobile-first-index-rollout-277446", "row": 0, "column": 42, "tagName": "a", "time": 15201.861592, "url": "", "pos": 42, "chunkLen": 66, "isStartTag": 0}}
06-28 12:48:52.884 17596 17609 E WProf.db: {"WprofHTMLTag": {"code": "0x9c916ed0", "doc": "http://searchengineland.com/google-advice-switch-m-dot-domain-responsive-mobile-first-index-rollout-277446", "row": 0, "column": 66, "tagName": "input", "time": 15201.861654, "url": "", "pos": 66, "chunkLen": 66, "isStartTag": 1}}
06-28 12:48:52.885 17596 17609 E WProf.db: {"WprofHTMLTag": {"code": "0x9c916f60", "doc": "http://searchengineland.com/google-advice-switch-m-dot-domain-responsive-mobile-first-index-rollout-277446", "row": 0, "column": 9, "tagName": "link", "time": 15201.863283, "url": "", "pos": 9, "chunkLen": 66, "isStartTag": 1}}
06-28 12:48:52.885 17596 17609 E WProf.db: {"WprofHTMLTag": {"code": "0x9c916f90", "doc": "http://searchengineland.com/google-advice-switch-m-dot-domain-responsive-mobile-first-index-rollout-277446", "row": 0, "column": 16, "tagName": "table", "time": 15201.863379, "url": "", "pos": 16, "chunkLen": 66, "isStartTag": 1}}
06-28 12:48:52.885 17596 17609 E WProf.db: {"WprofHTMLTag": {"code": "0x9c916fc0", "doc": "http://searchengineland.com/google-advice-switch-m-dot-domain-responsive-mobile-first-index-rollout-277446", "row": 0, "column": 24, "tagName": "table", "time": 15201.863448, "url": "", "pos": 24, "chunkLen": 66, "isStartTag": 0}}
06-28 12:48:52.885 17596 17609 E WProf.db: {"WprofHTMLTag": {"code": "0x9c916ff0", "doc": "http://searchengineland.com/google-advice-switch-m-dot-domain-responsive-mobile-first-index-rollout-277446", "row": 0, "column": 37, "tagName": "a", "time": 15201.863507, "url": "", "pos": 37, "chunkLen": 66, "isStartTag": 1}}
06-28 12:48:52.885 17596 17609 E WProf.db: {"WprofHTMLTag": {"code": "0x9c917020", "doc": "http://searchengineland.com/google-advice-switch-m-dot-domain-responsive-mobile-first-index-rollout-277446", "row": 0, "column": 42, "tagName": "a", "time": 15201.863677, "url": "", "pos": 42, "chunkLen": 66, "isStartTag": 0}}
06-28 12:48:52.885 17596 17609 E WProf.db: {"WprofHTMLTag": {"code": "0x9c917050", "doc": "http://searchengineland.com/google-advice-switch-m-dot-domain-responsive-mobile-first-index-rollout-277446", "row": 0, "column": 66, "tagName": "input", "time": 15201.863735, "url": "", "pos": 66, "chunkLen": 66, "isStartTag": 1}}
06-28 12:48:52.885 17596 17609 E WProf.db: {"WprofHTMLTag": {"code": "0x9c9170b0", "doc": "http://searchengineland.com/google-advice-switch-m-dot-domain-responsive-mobile-first-index-rollout-277446", "row": 0, "column": 9, "tagName": "link", "time": 15201.867564, "url": "", "pos": 9, "chunkLen": 66, "isStartTag": 1}}
06-28 12:48:52.885 17596 17609 E WProf.db: {"WprofHTMLTag": {"code": "0x9c9170e0", "doc": "http://searchengineland.com/google-advice-switch-m-dot-domain-responsive-mobile-first-index-rollout-277446", "row": 0, "column": 16, "tagName": "table", "time": 15201.867663, "url": "", "pos": 16, "chunkLen": 66, "isStartTag": 1}}
06-28 12:48:52.885 17596 17609 E WProf.db: {"WprofHTMLTag": {"code": "0x9c917110", "doc": "http://searchengineland.com/google-advice-switch-m-dot-domain-responsive-mobile-first-index-rollout-277446", "row": 0, "column": 24, "tagName": "table", "time": 15201.867741, "url": "", "pos": 24, "chunkLen": 66, "isStartTag": 0}}
