--------- beginning of main
06-28 16:04:29.655  3449  3449 E Finsky  : [1] com.google.android.finsky.wear.bl.a(3): onConnectionFailed: ConnectionResult{statusCode=API_UNAVAILABLE, resolution=null, message=null}
--------- beginning of system
06-28 16:04:30.802 21171 21171 E chromium: [ERROR:shell_integration_android.cc(12)] Not implemented reached in static ShellIntegration::DefaultWebClientSetPermission ShellIntegration::CanSetAsDefaultBrowser()
06-28 16:04:30.806 21171 21171 E chromium: [ERROR:browser_process_impl.cc(720)] Not implemented reached in virtual BackgroundModeManager* BrowserProcessImpl::background_mode_manager()
06-28 16:04:31.129  3218   781 E AudioRecord-JNI: Error -4 during AudioRecord native read
06-28 16:04:33.640 21171 21218 E chromium: [ERROR:gles2_cmd_decoder.cc(3852)] [.ChromiumCompositor-0xacbb34c0]GL ERROR :GL_INVALID_ENUM : glDiscardFramebufferEXT: attachments was GL_COLOR_EXT
06-28 16:04:33.928 21237 21250 E WPROF   : {"CSS": {"url": "http://searchengineland.com/figz/wp-content/themes/searchengineland/css/searchengineland-bootstrap.css", "requestTime": 26950.984189}}
06-28 16:04:33.930 21237 21250 E WPROF   : {"CSS": {"url": "http://fonts.googleapis.com/css?family=Oswald:300,400,700", "requestTime": 26950.985641}}
06-28 16:04:33.931 21237 21250 E WPROF   : {"CSS": {"url": "http://searchengineland.com/figz/wp-content/themes/searchengineland/style.css", "requestTime": 26950.986905}}
06-28 16:04:33.937 21237 21250 E WPROF   : {"Javascript": {"url": "http://searchengineland.com/figz/wp-content/themes/searchengineland/js/lib/modernizr.custom.js?ver=1.0", "requestTime": 26950.992620}}
06-28 16:04:33.938 21237 21250 E WPROF   : {"Javascript": {"url": "http://searchengineland.com/figz/wp-content/themes/searchengineland/js/lib/jquery-1.11.0.min.js?ver=1.11.0", "requestTime": 26950.993365}}
06-28 16:04:33.938 21237 21250 E WPROF   : {"Javascript": {"url": "http://searchengineland.com/figz/wp-content/themes/searchengineland/js/lib/jquery-ui-1.10.3.custom.min.js?ver=1.10.3", "requestTime": 26950.993794}}
06-28 16:04:33.939 21237 21250 E WPROF   : {"Javascript": {"url": "http://searchengineland.com/figz/wp-content/themes/searchengineland/js/lib/jquery.ba-throttle-debounce.min.js?ver=1.1", "requestTime": 26950.994224}}
06-28 16:04:33.939 21237 21250 E WPROF   : {"Javascript": {"url": "http://searchengineland.com/figz/wp-content/themes/searchengineland/js/lib/jquery.countdown.min.js?ver=2.0.4", "requestTime": 26950.994787}}
06-28 16:04:33.940 21237 21250 E WPROF   : {"Javascript": {"url": "http://static.chartbeat.com/js/chartbeat_mab.js", "requestTime": 26950.995259}}
06-28 16:04:34.492 21237 21250 E WPROF   : {"Javascript": {"url": "http://searchengineland.com/figz/wp-includes/js/wp-emoji-release.min.js?ver=4.7.5", "requestTime": 26951.547425}}
06-28 16:04:34.802 21237 21250 E WPROF   : {"Javascript": {"url": "http://www.googletagservices.com/tag/js/gpt.js", "requestTime": 26951.857414}}
06-28 16:04:34.806 21237 21250 E WPROF   : {"Javascript": {"url": "https://www.google-analytics.com/analytics.js", "requestTime": 26951.861393}}
06-28 16:04:34.808 21237 21250 E WPROF   : {"Javascript": {"url": "http://edge.quantserve.com/quant.js", "requestTime": 26951.863515}}
06-28 16:04:34.810 21237 21250 E WPROF   : {"Javascript": {"url": "https://connect.facebook.net/en_US/fbevents.js", "requestTime": 26951.865408}}
06-28 16:04:34.865 21171 21218 E chromium: [ERROR:gles2_cmd_decoder.cc(3852)] [.ChromiumCompositor-0xacbb34c0]GL ERROR :GL_INVALID_ENUM : glDiscardFramebufferEXT: attachments was GL_COLOR_EXT
06-28 16:04:34.895 21237 21250 E WPROF   : {"Javascript": {"url": "http://app-sj02.marketo.com/js/forms2/js/forms2.min.js", "requestTime": 26951.950346}}
06-28 16:04:34.898 21237 21250 E WPROF   : {"Javascript": {"url": "http://platform.twitter.com/widgets.js", "requestTime": 26951.953753}}
06-28 16:04:35.043 21171 21218 E chromium: [ERROR:gles2_cmd_decoder.cc(3852)] [.ChromiumCompositor-0xacbb34c0]GL ERROR :GL_INVALID_ENUM : glDiscardFramebufferEXT: attachments was GL_COLOR_EXT
06-28 16:04:35.051 21237 21250 E WPROF   : {"Javascript": {"url": "https://connect.facebook.net/signals/config/423979991297359?v=2.7.17", "requestTime": 26952.106528}}
06-28 16:04:35.205 21237 21250 E WPROF   : {"Javascript": {"url": "http://app-sj02.marketo.com/index.php/form/getForm?munchkinId=727-ZQE-044&form=5691&url=http%3A%2F%2Fsearchengineland.com%2Fgoogle-flag-upsetting-offensive-content-271119&callback=jQuery110204224904391448945_1498633475142&_=1498633475143", "requestTime": 26952.260449}}
06-28 16:04:35.219 21237 21250 E WPROF   : {"Javascript": {"url": "http://app-sj02.marketo.com/index.php/form/getForm?munchkinId=727-ZQE-044&form=5685&url=http%3A%2F%2Fsearchengineland.com%2Fgoogle-flag-upsetting-offensive-content-271119&callback=jQuery110204224904391448945_1498633475144&_=1498633475145", "requestTime": 26952.274699}}
06-28 16:04:35.481 21237 21250 E WPROF   : {"Javascript": {"url": "http://app-sj02.marketo.com/index.php/form/getForm?munchkinId=727-ZQE-044&form=5673&url=http%3A%2F%2Fsearchengineland.com%2Fgoogle-flag-upsetting-offensive-content-271119&callback=jQuery110204224904391448945_1498633475146&_=1498633475147", "requestTime": 26952.536265}}
06-28 16:04:35.494 21237 21250 E WPROF   : {"Javascript": {"url": "http://searchengineland.com/js/ga_social_tracking.js", "requestTime": 26952.549948}}
06-28 16:04:35.495 21237 21250 E WPROF   : {"Javascript": {"url": "http://s7.addthis.com/js/300/addthis_widget.js#pubid=ra-53e918f660794f37", "requestTime": 26952.550755}}
06-28 16:04:35.519 21171 21218 E chromium: [ERROR:gles2_cmd_decoder.cc(3852)] [.ChromiumCompositor-0xacbb34c0]GL ERROR :GL_INVALID_ENUM : glDiscardFramebufferEXT: attachments was GL_COLOR_EXT
06-28 16:04:35.534 21237 21250 E WPROF   : {"Javascript": {"url": "https://securepubads.g.doubleclick.net/gpt/pubads_impl_121.js", "requestTime": 26952.589487}}
06-28 16:04:36.119 21237 21250 E WPROF   : {"Javascript": {"url": "http://cdn.api.twitter.com/1/users/show.json?screen_name=dannysullivan&callback=twttr.setFollowersCount", "requestTime": 26953.175035}}
06-28 16:04:36.289 21237 21250 E WPROF   : {"CSS": {"url": "http://app-sj02.marketo.com/js/forms2/css/forms2.css", "requestTime": 26953.344426}}
06-28 16:04:36.293 21237 21250 E WPROF   : {"CSS": {"url": "http://app-sj02.marketo.com/js/forms2/css/forms2-theme-simple.css", "requestTime": 26953.348324}}
06-28 16:04:36.354   862  1657 E LocSvc_IzatApiV02: E/virtual int izat_core::IzatApiV02::getBatchSize(int32_t):522]: Error : st = 4, ind.status = -1628389555
06-28 16:04:36.354   862  1657 E LocSvc_IzatApiV02: E/virtual int izat_core::IzatApiV02::getBatchSize(int32_t):535]: get batching size failed.Or modem does not support batching 
06-28 16:04:36.363   862  1657 E LocSvc_IzatApiV02: E/virtual int izat_core::IzatApiV02::getBatchSize(int32_t):522]: Error : st = 4, ind.status = -1628389555
06-28 16:04:36.363   862  1657 E LocSvc_IzatApiV02: E/virtual int izat_core::IzatApiV02::getBatchSize(int32_t):535]: get batching size failed.Or modem does not support batching 
06-28 16:04:36.383 21171 21218 E chromium: [ERROR:gles2_cmd_decoder.cc(3852)] [.ChromiumCompositor-0xacbb34c0]GL ERROR :GL_INVALID_ENUM : glDiscardFramebufferEXT: attachments was GL_COLOR_EXT
06-28 16:04:36.393   862  1657 E LocSvc_IzatApiV02: E/virtual int izat_core::IzatApiV02::getBatchSize(int32_t):522]: Error : st = 4, ind.status = -1628389555
06-28 16:04:36.393   862  1657 E LocSvc_IzatApiV02: E/virtual int izat_core::IzatApiV02::getBatchSize(int32_t):535]: get batching size failed.Or modem does not support batching 
06-28 16:04:36.403   862  1657 E LocSvc_IzatApiV02: E/virtual int izat_core::IzatApiV02::getBatchSize(int32_t):522]: Error : st = 4, ind.status = -1628389555
06-28 16:04:36.403   862  1657 E LocSvc_IzatApiV02: E/virtual int izat_core::IzatApiV02::getBatchSize(int32_t):535]: get batching size failed.Or modem does not support batching 
06-28 16:04:36.906 21237 21250 E WPROF   : {"Javascript": {"url": "https://securepubads.g.doubleclick.net/gampad/ads?gdfp_req=1&correlator=1480898595782656&output=json_html&callback=googletag.impl.pubads.callbackProxy1&impl=fifs&json_a=1&eid=108809080%2C108809107%2C21060494&sc=0&sfv=1-0-9&iu_parts=1038259%2Csel-ciu-1%2Csel-ciu-2%2Csel-ciu-3%2Csel-ciu-4%2Csel-ciu-5%", "requestTime": 26953.961843}}
06-28 16:04:36.979 21237 21250 E WPROF   : {"Javascript": {"url": "https://static.xx.fbcdn.net/rsrc.php/v3iy6L4/yF/l/ko_KR/w3AiswiqjrJ.js", "requestTime": 26954.034415}}
06-28 16:04:37.075 21237 21250 E WPROF   : {"Javascript": {"url": "http://www.googleadservices.com/pagead/conversion.js", "requestTime": 26954.130276}}
06-28 16:04:37.075 21237 21250 E WPROF   : {"Javascript": {"url": "http://searchengineland.com/figz/wp-content/themes/searchengineland/js/script.js?ver=1.0", "requestTime": 26954.130758}}
06-28 16:04:37.075 21237 21250 E WPROF   : {"Javascript": {"url": "http://searchengineland.com/figz/wp-includes/js/wp-embed.min.js?ver=4.7.5", "requestTime": 26954.131196}}
06-28 16:04:37.076 21237 21250 E WPROF   : {"Javascript": {"url": "http://searchengineland.com/figz/wp-content/themes/searchengineland/js/modules/sharing_controls.js", "requestTime": 26954.131988}}
06-28 16:04:37.145 21237 21250 E WPROF   : {"Javascript": {"url": "http://d2j3qa5nc37287.cloudfront.net/coupon_code1.js", "requestTime": 26954.200760}}
06-28 16:04:37.230 21171 21218 E chromium: [ERROR:gles2_cmd_decoder.cc(3852)] [.ChromiumCompositor-0xacbb34c0]GL ERROR :GL_INVALID_ENUM : glDiscardFramebufferEXT: attachments was GL_COLOR_EXT
06-28 16:04:37.297 21237 21250 E WPROF   : {"CSS": {"url": "https://www.youtube.com/yts/cssbin/www-embed-player-sprite-mode-vfl5G4Xm8.css", "requestTime": 26954.353063}}
06-28 16:04:37.299 21237 21250 E WPROF   : {"Javascript": {"url": "https://www.youtube.com/yts/jsbin/www-embed-player-vfl_UY_j8/www-embed-player.js", "requestTime": 26954.354510}}
06-28 16:04:37.299 21237 21250 E WPROF   : {"Javascript": {"url": "https://www.youtube.com/yts/jsbin/player-vflo1w4O-/ko_KR/base.js", "requestTime": 26954.354968}}
06-28 16:04:37.315 21171 21218 E chromium: [ERROR:gles2_cmd_decoder.cc(3852)] [.ChromiumCompositor-0xacbb34c0]GL ERROR :GL_INVALID_ENUM : glDiscardFramebufferEXT: attachments was GL_COLOR_EXT
06-28 16:04:37.840 21237 21250 E WPROF   : {"Javascript": {"url": "https://platform.twitter.com/js/button.b731e6c82269f70f6fc53634e044a4c6.js", "requestTime": 26954.896034}}
06-28 16:04:37.843 21237 21250 E WPROF   : {"Javascript": {"url": "https://platform.twitter.com/js/tweet.6352a9eebf6f1aa3bcc0a57d66d2a72d.js", "requestTime": 26954.899002}}
06-28 16:04:38.254 21171 21218 E chromium: [ERROR:gles2_cmd_decoder.cc(3852)] [.ChromiumCompositor-0xacbb34c0]GL ERROR :GL_INVALID_ENUM : glDiscardFramebufferEXT: attachments was GL_COLOR_EXT
06-28 16:04:39.283 21237 21250 E WPROF   : {"Javascript": {"url": "https://www.google.com/js/bg/KWBfAnWFESAEEaKKgdYlTHY9ysQaNoQuzeMFqvxDSM8.js", "requestTime": 26956.339051}}
06-28 16:04:39.286 21237 21250 E WPROF   : {"Javascript": {"url": "https://static.doubleclick.net/instream/ad_status.js", "requestTime": 26956.341359}}
06-28 16:04:39.452 21171 21218 E chromium: [ERROR:gles2_cmd_decoder.cc(3852)] [.ChromiumCompositor-0xacbb34c0]GL ERROR :GL_INVALID_ENUM : glDiscardFramebufferEXT: attachments was GL_COLOR_EXT
06-28 16:04:40.033 21171 21218 E chromium: [ERROR:gles2_cmd_decoder.cc(3852)] [.ChromiumCompositor-0xacbb34c0]GL ERROR :GL_INVALID_ENUM : glDiscardFramebufferEXT: attachments was GL_COLOR_EXT
06-28 16:04:40.098 21237 21250 E WPROF   : {"Javascript": {"url": "https://tpc.googlesyndication.com/pagead/js/r20170619/r20110914/client/ext/m_window_focus_non_hydra.js", "requestTime": 26957.153682}}
06-28 16:04:40.100 21237 21250 E WPROF   : {"Javascript": {"url": "https://tpc.googlesyndication.com/pagead/js/r20170619/r20110914/activeview/osd_listener.js", "requestTime": 26957.155352}}
06-28 16:04:40.106 21237 21250 E WPROF   : {"Javascript": {"url": "http://pagead2.googlesyndication.com/pagead/osd.js", "requestTime": 26957.161330}}
06-28 16:04:40.208 21237 21250 E WPROF   : {"Javascript": {"url": "http://www.justuno.com/ajax/account_version_check.html?id=828FA275-FF73-401E-AA39-40F5A6FAB6B1", "requestTime": 26957.264053}}
06-28 16:04:40.307 21237 21250 E WPROF   : {"Javascript": {"url": "https://cdn.syndication.twimg.com/tweets.json?callback=__twttr.callbacks.cb0&ids=839626402370482176%2C839637621903020033&lang=en&suppress_response_codes=true", "requestTime": 26957.363005}}
06-28 16:04:40.602 21171 21218 E chromium: [ERROR:gles2_cmd_decoder.cc(3852)] [.ChromiumCompositor-0xacbb34c0]GL ERROR :GL_INVALID_ENUM : glDiscardFramebufferEXT: attachments was GL_COLOR_EXT
06-28 16:04:41.088 21171 21218 E chromium: [ERROR:gles2_cmd_decoder.cc(3852)] [.ChromiumCompositor-0xacbb34c0]GL ERROR :GL_INVALID_ENUM : glDiscardFramebufferEXT: attachments was GL_COLOR_EXT
06-28 16:04:41.965 21171 21218 E chromium: [ERROR:gles2_cmd_decoder.cc(3852)] [.ChromiumCompositor-0xacbb34c0]GL ERROR :GL_INVALID_ENUM : glDiscardFramebufferEXT: attachments was GL_COLOR_EXT
06-28 16:04:42.284 21237 21250 E WPROF   : {"Javascript": {"url": "https://cdn.syndication.twimg.com/widgets/followbutton/info.json?callback=__twttr.setFollowersCountAndFollowing&lang=en&screen_names=sengineland", "requestTime": 26959.339456}}
06-28 16:04:42.472 21237 21250 E WPROF   : {"Javascript": {"url": "http://cdn.justuno.com/mwgt_3.6.js", "requestTime": 26959.527329}}
06-28 16:04:42.541 21237 21250 E WPROF   : {"CSS": {"url": "http://platform.twitter.com/css/tweet.617c78967784cf8638fa20f3423757ac.light.ltr.css", "requestTime": 26959.596533}}
06-28 16:04:42.582 21171 21218 E chromium: [ERROR:gles2_cmd_decoder.cc(3852)] [.ChromiumCompositor-0xacbb34c0]GL ERROR :GL_INVALID_ENUM : glDiscardFramebufferEXT: attachments was GL_COLOR_EXT
06-28 16:04:42.705 21171 21218 E chromium: [ERROR:gles2_cmd_decoder.cc(3852)] [.ChromiumCompositor-0xacbb34c0]GL ERROR :GL_INVALID_ENUM : glDiscardFramebufferEXT: attachments was GL_COLOR_EXT
06-28 16:04:42.722 21237 21250 E WPROF   : {"Javascript": {"url": "https://app-sj02.marketo.com/js/forms2/js/forms2.min.js", "requestTime": 26959.777664}}
06-28 16:04:42.749 21171 21218 E chromium: [ERROR:gles2_cmd_decoder.cc(3852)] [.ChromiumCompositor-0xacbb34c0]GL ERROR :GL_INVALID_ENUM : glDiscardFramebufferEXT: attachments was GL_COLOR_EXT
06-28 16:04:43.950 21237 21250 E WProf.db: {"page": "searchengineland.com_google-flag-upsetting-offensive-content-271119"}
06-28 16:04:43.950 21237 21250 E WProf.db: {"DOMLoad": 26961.005365}
06-28 16:04:43.950 21237 21250 E WProf.db: {"Resource": {"id": 1, "url": "http://searchengineland.com/google-flag-upsetting-offensive-content-271119", "sentTime": -1.000000, "len": 105830, "from": "0x0", "mimeType": "text/html", "contentLength": -1, "httpStatus": 200, "connId": 19, "connReused": 1, "cached": 0,"requestTime": 26950.610990, "proxyStart": -1, "proxyEnd": -1, "dnsStart": -1, "dnsEnd": -1, "connectStart": 0, "connectEnd": 123, "sendStart": 123, "sendEnd": 124, "receiveHeadersEnd": 275, "sslStart": -1, "sslEnd": -1}}
06-28 16:04:43.950 21237 21250 E WProf.db: {"ReceivedChunk": {"receivedTime": 26950.906674, "len": 12622}}
06-28 16:04:43.950 21237 21250 E WProf.db: {"ReceivedChunk": {"receivedTime": 26950.973670, "len": 32768}}
06-28 16:04:43.950 21237 21250 E WProf.db: {"ReceivedChunk": {"receivedTime": 26950.974070, "len": 25218}}
06-28 16:04:43.950 21237 21250 E WProf.db: {"ReceivedChunk": {"receivedTime": 26951.053004, "len": 9083}}
06-28 16:04:43.950 21237 21250 E WProf.db: {"ReceivedChunk": {"receivedTime": 26951.056775, "len": 26139}}
06-28 16:04:43.950 21237 21250 E WProf.db: {"WprofHTMLTag": {"code": "0xaf046350", "doc": "http://searchengineland.com/google-flag-upsetting-offensive-content-271119", "row": 6, "column": 42, "tagName": "html", "time": 26950.977508, "url": "", "pos": 1, "chunkLen": 1, "isStartTag": 1}}
06-28 16:04:43.950 21237 21250 E WProf.db: {"WprofHTMLTag": {"code": "0xaf047cd0", "doc": "http://searchengineland.com/google-flag-upsetting-offensive-content-271119", "row": 7, "column": 6, "tagName": "head", "time": 26950.978312, "url": "", "pos": 1, "chunkLen": 1, "isStartTag": 1}}
06-28 16:04:43.950 21237 21250 E WProf.db: {"WprofHTMLTag": {"code": "0xaf047dc0", "doc": "http://searchengineland.com/google-flag-upsetting-offensive-content-271119", "row": 8, "column": 54, "tagName": "meta", "time": 26950.978362, "url": "", "pos": 1, "chunkLen": 1, "isStartTag": 1}}
06-28 16:04:43.950 21237 21250 E WProf.db: {"WprofHTMLTag": {"code": "0xaf047df0", "doc": "http://searchengineland.com/google-flag-upsetting-offensive-content-271119", "row": 9, "column": 68, "tagName": "meta", "time": 26950.978535, "url": "", "pos": 1, "chunkLen": 1, "isStartTag": 1}}
06-28 16:04:43.950 21237 21250 E WProf.db: {"WprofHTMLTag": {"code": "0xaf047e20", "doc": "http://searchengineland.com/google-flag-upsetting-offensive-content-271119", "row": 10, "column": 23, "tagName": "meta", "time": 26950.978655, "url": "", "pos": 1, "chunkLen": 1, "isStartTag": 1}}
06-28 16:04:43.950 21237 21250 E WProf.db: {"WprofHTMLTag": {"code": "0xaf047e50", "doc": "http://searchengineland.com/google-flag-upsetting-offensive-content-271119", "row": 11, "column": 52, "tagName": "meta", "time": 26950.978790, "url": "", "pos": 1, "chunkLen": 1, "isStartTag": 1}}
06-28 16:04:43.951 21237 21250 E WProf.db: {"WprofHTMLTag": {"code": "0xaf047e80", "doc": "http://searchengineland.com/google-flag-upsetting-offensive-content-271119", "row": 14, "column": 56, "tagName": "meta", "time": 26950.978928, "url": "", "pos": 1, "chunkLen": 1, "isStartTag": 1}}
06-28 16:04:43.951 21237 21250 E WProf.db: {"WprofHTMLTag": {"code": "0xaf047eb0", "doc": "http://searchengineland.com/google-flag-upsetting-offensive-content-271119", "row": 15, "column": 83, "tagName": "meta", "time": 26950.979052, "url": "", "pos": 1, "chunkLen": 1, "isStartTag": 1}}
06-28 16:04:43.951 21237 21250 E WProf.db: {"WprofHTMLTag": {"code": "0xaf047ee0", "doc": "http://searchengineland.com/google-flag-upsetting-offensive-content-271119", "row": 16, "column": 57, "tagName": "meta", "time": 26950.979166, "url": "", "pos": 1, "chunkLen": 1, "isStartTag": 1}}
06-28 16:04:43.951 21237 21250 E WProf.db: {"WprofHTMLTag": {"code": "0xaf047f70", "doc": "http://searchengineland.com/google-flag-upsetting-offensive-content-271119", "row": 17, "column": 41, "tagName": "meta", "time": 26950.979286, "url": "", "pos": 1, "chunkLen": 1, "isStartTag": 1}}
06-28 16:04:43.951 21237 21250 E WProf.db: {"WprofHTMLTag": {"code": "0xaf047fa0", "doc": "http://searchengineland.com/google-flag-upsetting-offensive-content-271119", "row": 18, "column": 50, "tagName": "meta", "time": 26950.979403, "url": "", "pos": 1, "chunkLen": 1, "isStartTag": 1}}
06-28 16:04:43.951 21237 21250 E WProf.db: {"WprofHTMLTag": {"code": "0xaf047fd0", "doc": "http://searchengineland.com/google-flag-upsetting-offensive-content-271119", "row": 19, "column": 174, "tagName": "meta", "time": 26950.979519, "url": "", "pos": 1, "chunkLen": 1, "isStartTag": 1}}
06-28 16:04:43.951 21237 21250 E WProf.db: {"WprofHTMLTag": {"code": "0xaf047f40", "doc": "http://searchengineland.com/google-flag-upsetting-offensive-content-271119", "row": 20, "column": 47, "tagName": "meta", "time": 26950.979635, "url": "", "pos": 1, "chunkLen": 1, "isStartTag": 1}}
06-28 16:04:43.951 21237 21250 E WProf.db: {"WprofHTMLTag": {"code": "0xaf047f10", "doc": "http://searchengineland.com/google-flag-upsetting-offensive-content-271119", "row": 21, "column": 67, "tagName": "meta", "time": 26950.979752, "url": "", "pos": 1, "chunkLen": 1, "isStartTag": 1}}
06-28 16:04:43.951 21237 21250 E WProf.db: {"WprofHTMLTag": {"code": "0xb4cc74b0", "doc": "http://searchengineland.com/google-flag-upsetting-offensive-content-271119", "row": 22, "column": 57, "tagName": "meta", "time": 26950.979871, "url": "", "pos": 1, "chunkLen": 1, "isStartTag": 1}}
06-28 16:04:43.951 21237 21250 E WProf.db: {"WprofHTMLTag": {"code": "0xb4cc7540", "doc": "http://searchengineland.com/google-flag-upsetting-offensive-content-271119", "row": 23, "column": 65, "tagName": "meta", "time": 26950.979991, "url": "", "pos": 1, "chunkLen": 1, "isStartTag": 1}}
06-28 16:04:43.951 21237 21250 E WProf.db: {"WprofHTMLTag": {"code": "0xb4cc78a0", "doc": "http://searchengineland.com/google-flag-upsetting-offensive-content-271119", "row": 24, "column": 55, "tagName": "meta", "time": 26950.980397, "url": "", "pos": 1, "chunkLen": 1, "isStartTag": 1}}
06-28 16:04:43.951 21237 21250 E WProf.db: {"WprofHTMLTag": {"code": "0xb4cc78d0", "doc": "http://searchengineland.com/google-flag-upsetting-offensive-content-271119", "row": 25, "column": 71, "tagName": "meta", "time": 26950.980506, "url": "", "pos": 1, "chunkLen": 1, "isStartTag": 1}}
06-28 16:04:43.951 21237 21250 E WProf.db: {"WprofHTMLTag": {"code": "0xb4cc7900", "doc": "http://searchengineland.com/google-flag-upsetting-offensive-content-271119", "row": 26, "column": 86, "tagName": "meta", "time": 26950.980613, "url": "", "pos": 1, "chunkLen": 1, "isStartTag": 1}}
06-28 16:04:43.952 21237 21250 E WProf.db: {"WprofHTMLTag": {"code": "0xb4cc7930", "doc": "http://searchengineland.com/google-flag-upsetting-offensive-content-271119", "row": 27, "column": 54, "tagName": "meta", "time": 26950.980717, "url": "", "pos": 1, "chunkLen": 1, "isStartTag": 1}}
06-28 16:04:43.952 21237 21250 E WProf.db: {"WprofHTMLTag": {"code": "0xb4cc7960", "doc": "http://searchengineland.com/google-flag-upsetting-offensive-content-271119", "row": 29, "column": 39, "tagName": "meta", "time": 26950.980828, "url": "", "pos": 1, "chunkLen": 1, "isStartTag": 1}}
06-28 16:04:43.952 21237 21250 E WProf.db: {"WprofHTMLTag": {"code": "0xb4cc7990", "doc": "http://searchengineland.com/google-flag-upsetting-offensive-content-271119", "row": 30, "column": 188, "tagName": "meta", "time": 26950.980955, "url": "", "pos": 1, "chunkLen": 1, "isStartTag": 1}}
06-28 16:04:43.952 21237 21250 E WProf.db: {"WprofHTMLTag": {"code": "0xb4cc79c0", "doc": "http://searchengineland.com/google-flag-upsetting-offensive-content-271119", "row": 31, "column": 55, "tagName": "meta", "time": 26950.981768, "url": "", "pos": 1, "chunkLen": 1, "isStartTag": 1}}
06-28 16:04:43.952 21237 21250 E WProf.db: {"WprofHTMLTag": {"code": "0xb4cc79f0", "doc": "http://searchengineland.com/google-flag-upsetting-offensive-content-271119", "row": 32, "column": 54, "tagName": "meta", "time": 26950.981879, "url": "", "pos": 1, "chunkLen": 1, "isStartTag": 1}}
06-28 16:04:43.952 21237 21250 E WProf.db: {"WprofHTMLTag": {"code": "0xb4cc7a20", "doc": "http://searchengineland.com/google-flag-upsetting-offensive-content-271119", "row": 33, "column": 150, "tagName": "meta", "time": 26950.981982, "url": "", "pos": 1, "chunkLen": 1, "isStartTag": 1}}
06-28 16:04:43.952 21237 21250 E WProf.db: {"WprofHTMLTag": {"code": "0xb4cc7a50", "doc": "http://searchengineland.com/google-flag-upsetting-offensive-content-271119", "row": 37, "column": 36, "tagName": "script", "time": 26950.982093, "url": "", "pos": 1, "chunkLen": 1, "isStartTag": 1}}
06-28 16:04:43.952 21237 21250 E WProf.db: {"WprofHTMLTag": {"code": "0xb4cc7a80", "doc": "http://searchengineland.com/google-flag-upsetting-offensive-content-271119", "row": 53, "column": 10, "tagName": "script", "time": 26950.982329, "url": "", "pos": 1, "chunkLen": 1, "isStartTag": 0}}
06-28 16:04:43.952 21237 21250 E WProf.db: {"WprofHTMLTag": {"code": "0xaf047d00", "doc": "http://searchengineland.com/google-flag-upsetting-offensive-content-271119", "row": 55, "column": 86, "tagName": "link", "time": 26950.982891, "url": "http://searchengineland.com/apple-touch-icon.png", "pos": 1, "chunkLen": 1, "isStartTag": 1}}
06-28 16:04:43.952 21237 21250 E WProf.db: {"WprofHTMLTag": {"code": "0xb4cc7ab0", "doc": "http://searchengineland.com/google-flag-upsetting-offensive-content-271119", "row": 56, "column": 76, "tagName": "link", "time": 26950.983160, "url": "http://searchengineland.com/favicon.ico", "pos": 1, "chunkLen": 1, "isStartTag": 1}}
06-28 16:04:43.952 21237 21250 E WProf.db: {"WprofHTMLTag": {"code": "0xb4cc7ae0", "doc": "http://searchengineland.com/google-flag-upsetting-offensive-content-271119", "row": 57, "column": 158, "tagName": "link", "time": 26950.983348, "url": "http://feeds.searchengineland.com/searchengineland", "pos": 1, "chunkLen": 1, "isStartTag": 1}}
06-28 16:04:43.952 21237 21250 E WProf.db: {"WprofHTMLTag": {"code": "0xb4cc7b10", "doc": "http://searchengineland.com/google-flag-upsetting-offensive-content-271119", "row": 58, "column": 149, "tagName": "link", "time": 26950.983608, "url": "http://feeds.searchengineland.com/searchcap", "pos": 1, "chunkLen": 1, "isStartTag": 1}}
06-28 16:04:43.952 21237 21250 E WProf.db: {"WprofHTMLTag": {"code": "0xb4cc7b40", "doc": "http://searchengineland.com/google-flag-upsetting-offensive-content-271119", "row": 59, "column": 150, "tagName": "link", "time": 26950.983898, "url": "http://searchengineland.com/figz/wp-content/themes/searchengineland/css/searchengineland-bootstrap.css", "pos": 1, "chunkLen": 1, "isStartTag": 1}}
06-28 16:04:43.953 21237 21250 E WProf.db: {"WprofHTMLTag": {"code": "0xb4cc7ba0", "doc": "http://searchengineland.com/google-flag-upsetting-offensive-content-271119", "row": 60, "column": 105, "tagName": "link", "time": 26950.985332, "url": "http://fonts.googleapis.com/css?family=Oswald:300,400,700", "pos": 1, "chunkLen": 1, "isStartTag": 1}}
06-28 16:04:43.953 21237 21250 E WProf.db: {"WprofHTMLTag": {"code": "0xb4cc7c00", "doc": "http://searchengineland.com/google-flag-upsetting-offensive-content-271119", "row": 61, "column": 125, "tagName": "link", "time": 26950.986595, "url": "http://searchengineland.com/figz/wp-content/themes/searchengineland/style.css", "pos": 1, "chunkLen": 1, "isStartTag": 1}}
06-28 16:04:43.953 21237 21250 E WProf.db: {"WprofHTMLTag": {"code": "0xb4cc7c60", "doc": "http://searchengineland.com/google-flag-upsetting-offensive-content-271119", "row": 65, "column": 7, "tagName": "title", "time": 26950.987917, "url": "", "pos": 1, "chunkLen": 1, "isStartTag": 1}}
06-28 16:04:43.953 21237 21250 E WProf.db: {"WprofHTMLTag": {"code": "0xb4cc7c90", "doc": "http://searchengineland.com/google-flag-upsetting-offensive-content-271119", "row": 65, "column": 90, "tagName": "title", "time": 26950.988375, "url": "", "pos": 1, "chunkLen": 1, "isStartTag": 0}}
06-28 16:04:43.953 21237 21250 E WProf.db: {"WprofHTMLTag": {"code": "0xb4cc7cc0", "doc": "http://searchengineland.com/google-flag-upsetting-offensive-content-271119", "row": 66, "column": 195, "tagName": "meta", "time": 26950.988398, "url": "", "pos": 1, "chunkLen": 1, "isStartTag": 1}}
06-28 16:04:43.953 21237 21250 E WProf.db: {"WprofHTMLTag": {"code": "0xb4cc7cf0", "doc": "http://searchengineland.com/google-flag-upsetting-offensive-content-271119", "row": 67, "column": 40, "tagName": "meta", "time": 26950.988532, "url": "", "pos": 1, "chunkLen": 1, "isStartTag": 1}}
06-28 16:04:43.953 21237 21250 E WProf.db: {"WprofHTMLTag": {"code": "0xb4cc7d20", "doc": "http://searchengineland.com/google-flag-upsetting-offensive-content-271119", "row": 68, "column": 116, "tagName": "meta", "time": 26950.988652, "url": "", "pos": 1, "chunkLen": 1, "isStartTag": 1}}
06-28 16:04:43.953 21237 21250 E WProf.db: {"WprofHTMLTag": {"code": "0xb4cc7d50", "doc": "http://searchengineland.com/google-flag-upsetting-offensive-content-271119", "row": 69, "column": 37, "tagName": "meta", "time": 26950.988764, "url": "", "pos": 1, "chunkLen": 1, "isStartTag": 1}}
06-28 16:04:43.953 21237 21250 E WProf.db: {"WprofHTMLTag": {"code": "0xb4cc7d80", "doc": "http://searchengineland.com/google-flag-upsetting-offensive-content-271119", "row": 70, "column": 106, "tagName": "link", "time": 26950.988875, "url": "http://searchengineland.com/google-flag-upsetting-offensive-content-271119", "pos": 1, "chunkLen": 1, "isStartTag": 1}}
06-28 16:04:43.953 21237 21250 E WProf.db: {"WprofHTMLTag": {"code": "0xb4cc7db0", "doc": "http://searchengineland.com/google-flag-upsetting-offensive-content-271119", "row": 71, "column": 76, "tagName": "link", "time": 26950.989084, "url": "https://plus.google.com/103218677032751327334", "pos": 1, "chunkLen": 1, "isStartTag": 1}}
06-28 16:04:43.953 21237 21250 E WProf.db: {"WprofHTMLTag": {"code": "0xb4cc7de0", "doc": "http://searchengineland.com/google-flag-upsetting-offensive-content-271119", "row": 72, "column": 45, "tagName": "meta", "time": 26950.989266, "url": "", "pos": 1, "chunkLen": 1, "isStartTag": 1}}
06-28 16:04:43.953 21237 21250 E WProf.db: {"WprofHTMLTag": {"code": "0xb4cc7e10", "doc": "http://searchengineland.com/google-flag-upsetting-offensive-content-271119", "row": 73, "column": 45, "tagName": "meta", "time": 26950.989377, "url": "", "pos": 1, "chunkLen": 1, "isStartTag": 1}}
06-28 16:04:43.953 21237 21250 E WProf.db: {"WprofHTMLTag": {"code": "0xb4cc7e40", "doc": "http://searchengineland.com/google-flag-upsetting-offensive-content-271119", "row": 74, "column": 114, "tagName": "meta", "time": 26950.989609, "url": "", "pos": 1, "chunkLen": 1, "isStartTag": 1}}
06-28 16:04:43.954 21237 21250 E WProf.db: {"WprofHTMLTag": {"code": "0xb4cc7e70", "doc": "http://searchengineland.com/google-flag-upsetting-offensive-content-271119", "row": 75, "column": 203, "tagName": "meta", "time": 26950.989724, "url": "", "pos": 1, "chunkLen": 1, "isStartTag": 1}}
06-28 16:04:43.954 21237 21250 E WProf.db: {"WprofHTMLTag": {"code": "0xb4cc7ea0", "doc": "http://searchengineland.com/google-flag-upsetting-offensive-content-271119", "row": 76, "column": 111, "tagName": "meta", "time": 26950.989831, "url": "", "pos": 1, "chunkLen": 1, "isStartTag": 1}}
06-28 16:04:43.954 21237 21250 E WProf.db: {"WprofHTMLTag": {"code": "0xb4cc7ed0", "doc": "http://searchengineland.com/google-flag-upsetting-offensive-content-271119", "row": 77, "column": 61, "tagName": "meta", "time": 26950.989936, "url": "", "pos": 1, "chunkLen": 1, "isStartTag": 1}}
06-28 16:04:43.954 21237 21250 E WProf.db: {"WprofHTMLTag": {"code": "0xb4cc7f00", "doc": "http://searchengineland.com/google-flag-upsetting-offensive-content-271119", "row": 78, "column": 89, "tagName": "meta", "time": 26950.990109, "url": "", "pos": 1, "chunkLen": 1, "isStartTag": 1}}
06-28 16:04:43.954 21237 21250 E WProf.db: {"WprofHTMLTag": {"code": "0xb4cc7f30", "doc": "http://searchengineland.com/google-flag-upsetting-offensive-content-271119", "row": 79, "column": 83, "tagName": "meta", "time": 26950.990215, "url": "", "pos": 1, "chunkLen": 1, "isStartTag": 1}}
06-28 16:04:43.954 21237 21250 E WProf.db: {"WprofHTMLTag": {"code": "0xb4cc7f60", "doc": "http://searchengineland.com/google-flag-upsetting-offensive-content-271119", "row": 80, "column": 52, "tagName": "meta", "time": 26950.990319, "url": "", "pos": 1, "chunkLen": 1, "isStartTag": 1}}
06-28 16:04:43.954 21237 21250 E WProf.db: {"WprofHTMLTag": {"code": "0xb4cc7f90", "doc": "http://searchengineland.com/google-flag-upsetting-offensive-content-271119", "row": 81, "column": 78, "tagName": "meta", "time": 26950.990430, "url": "", "pos": 1, "chunkLen": 1, "isStartTag": 1}}
06-28 16:04:43.954 21237 21250 E WProf.db: {"WprofHTMLTag": {"code": "0xb4cc7fc0", "doc": "http://searchengineland.com/google-flag-upsetting-offensive-content-271119", "row": 82, "column": 77, "tagName": "meta", "time": 26950.990535, "url": "", "pos": 1, "chunkLen": 1, "isStartTag": 1}}
06-28 16:04:43.955 21237 21250 E WProf.db: {"WprofHTMLTag": {"code": "0xb4cc7ff0", "doc": "http://searchengineland.com/google-flag-upsetting-offensive-content-271119", "row": 83, "column": 71, "tagName": "meta", "time": 26950.990641, "url": "", "pos": 1, "chunkLen": 1, "isStartTag": 1}}
06-28 16:04:43.955 21237 21250 E WProf.db: {"WprofHTMLTag": {"code": "0xb4cc8020", "doc": "http://searchengineland.com/google-flag-upsetting-offensive-content-271119", "row": 84, "column": 144, "tagName": "meta", "time": 26950.990746, "url": "", "pos": 1, "chunkLen": 1, "isStartTag": 1}}
06-28 16:04:43.955 21237 21250 E WProf.db: {"WprofHTMLTag": {"code": "0xb4cc8050", "doc": "http://searchengineland.com/google-flag-upsetting-offensive-content-271119", "row": 85, "column": 49, "tagName": "meta", "time": 26950.990858, "url": "", "pos": 1, "chunkLen": 1, "isStartTag": 1}}
06-28 16:04:43.955 21237 21250 E WProf.db: {"WprofHTMLTag": {"code": "0xb4cc8080", "doc": "http://searchengineland.com/google-flag-upsetting-offensive-content-271119", "row": 86, "column": 50, "tagName": "meta", "time": 26950.990964, "url": "", "pos": 1, "chunkLen": 1, "isStartTag": 1}}
06-28 16:04:43.955 21237 21250 E WProf.db: {"WprofHTMLTag": {"code": "0xb4cc80b0", "doc": "http://searchengineland.com/google-flag-upsetting-offensive-content-271119", "row": 87, "column": 58, "tagName": "meta", "time": 26950.991070, "url": "", "pos": 1, "chunkLen": 1, "isStartTag": 1}}
06-28 16:04:43.955 21237 21250 E WProf.db: {"WprofHTMLTag": {"code": "0xb4cc80e0", "doc": "http://searchengineland.com/google-flag-upsetting-offensive-content-271119", "row": 88, "column": 204, "tagName": "meta", "time": 26950.991173, "url": "", "pos": 1, "chunkLen": 1, "isStartTag": 1}}
06-28 16:04:43.955 21237 21250 E WProf.db: {"WprofHTMLTag": {"code": "0xb4cc8110", "doc": "http://searchengineland.com/google-flag-upsetting-offensive-content-271119", "row": 89, "column": 115, "tagName": "meta", "time": 26950.991285, "url": "", "pos": 1, "chunkLen": 1, "isStartTag": 1}}
06-28 16:04:43.955 21237 21250 E WProf.db: {"WprofHTMLTag": {"code": "0xb4cc8140", "doc": "http://searchengineland.com/google-flag-upsetting-offensive-content-271119", "row": 90, "column": 51, "tagName": "meta", "time": 26950.991391, "url": "", "pos": 1, "chunkLen": 1, "isStartTag": 1}}
06-28 16:04:43.955 21237 21250 E WProf.db: {"WprofHTMLTag": {"code": "0xb4cc8170", "doc": "http://searchengineland.com/google-flag-upsetting-offensive-content-271119", "row": 91, "column": 145, "tagName": "meta", "time": 26950.991497, "url": "", "pos": 1, "chunkLen": 1, "isStartTag": 1}}
06-28 16:04:43.955 21237 21250 E WProf.db: {"WprofHTMLTag": {"code": "0xb4cc81a0", "doc": "http://searchengineland.com/google-flag-upsetting-offensive-content-271119", "row": 92, "column": 56, "tagName": "meta", "time": 26950.991617, "url": "", "pos": 1, "chunkLen": 1, "isStartTag": 1}}
06-28 16:04:43.955 21237 21250 E WProf.db: {"WprofHTMLTag": {"code": "0xb4cc81d0", "doc": "http://searchengineland.com/google-flag-upsetting-offensive-content-271119", "row": 95, "column": 44, "tagName": "link", "time": 26950.991727, "url": "http://s.w.org/", "pos": 1, "chunkLen": 1, "isStartTag": 1}}
06-28 16:04:43.955 21237 21250 E WProf.db: {"WprofHTMLTag": {"code": "0xb4cc8200", "doc": "http://searchengineland.com/google-flag-upsetting-offensive-content-271119", "row": 96, "column": 33, "tagName": "script", "time": 26950.991938, "url": "", "pos": 1, "chunkLen": 1, "isStartTag": 1}}
06-28 16:04:43.955 21237 21250 E WProf.db: {"WprofHTMLTag": {"code": "0xb4cc8230", "doc": "http://searchengineland.com/google-flag-upsetting-offensive-content-271119", "row": 99, "column": 11, "tagName": "script", "time": 26950.992114, "url": "http://searchengineland.com/figz/wp-includes/js/wp-emoji-release.min.js?ver=4.7.5", "pos": 1, "chunkLen": 1, "isStartTag": 0}}
06-28 16:04:43.956 21237 21250 E WProf.db: {"WprofHTMLTag": {"code": "0xaa1a06e0", "doc": "http://searchengineland.com/google-flag-upsetting-offensive-content-271119", "row": 100, "column": 25, "tagName": "style", "time": 26951.548955, "url": "", "pos": 1, "chunkLen": 1, "isStartTag": 1}}
06-28 16:04:43.956 21237 21250 E WProf.db: {"WprofHTMLTag": {"code": "0xaa1a0710", "doc": "http://searchengineland.com/google-flag-upsetting-offensive-content-271119", "row": 113, "column": 8, "tagName": "style", "time": 26951.549206, "url": "", "pos": 1, "chunkLen": 1, "isStartTag": 0}}
06-28 16:04:43.956 21237 21250 E WProf.db: {"WprofHTMLTag": {"code": "0xaa1a0740", "doc": "http://searchengineland.com/google-flag-upsetting-offensive-content-271119", "row": 114, "column": 140, "tagName": "script", "time": 26951.551582, "url": "http://searchengineland.com/figz/wp-content/themes/searchengineland/js/lib/modernizr.custom.js?ver=1.0", "pos": 1, "chunkLen": 1, "isStartTag": 1}}
06-28 16:04:43.956 21237 21250 E WProf.db: {"WprofHTMLTag": {"code": "0xaa1a0770", "doc": "http://searchengineland.com/google-flag-upsetting-offensive-content-271119", "row": 114, "column": 149, "tagName": "script", "time": 26951.551910, "url": "", "pos": 1, "chunkLen": 1, "isStartTag": 0}}
06-28 16:04:43.956 21237 21250 E WProf.db: {"WprofHTMLTag": {"code": "0xaa1a0800", "doc": "http://searchengineland.com/google-flag-upsetting-offensive-content-271119", "row": 115, "column": 144, "tagName": "script", "time": 26951.563423, "url": "http://searchengineland.com/figz/wp-content/themes/searchengineland/js/lib/jquery-1.11.0.min.js?ver=1.11.0", "pos": 1, "chunkLen": 1, "isStartTag": 1}}
06-28 16:04:43.956 21237 21250 E WProf.db: {"WprofHTMLTag": {"code": "0xaa1a0830", "doc": "http://searchengineland.com/google-flag-upsetting-offensive-content-271119", "row": 115, "column": 153, "tagName": "script", "time": 26951.563929, "url": "", "pos": 1, "chunkLen": 1, "isStartTag": 0}}
06-28 16:04:43.956 21237 21250 E WProf.db: {"WprofHTMLTag": {"code": "0xaa1a0650", "doc": "http://searchengineland.com/google-flag-upsetting-offensive-content-271119", "row": 0, "column": 15, "tagName": "div", "time": 26951.647646, "url": "", "pos": 15, "chunkLen": 44, "isStartTag": 1}}
06-28 16:04:43.956 21237 21250 E WProf.db: {"WprofHTMLTag": {"code": "0xaa1a0620", "doc": "http://searchengineland.com/google-flag-upsetting-offensive-content-271119", "row": 0, "column": 21, "tagName": "div", "time": 26951.647788, "url": "", "pos": 21, "chunkLen": 44, "isStartTag": 0}}
06-28 16:04:43.956 21237 21250 E WProf.db: {"WprofHTMLTag": {"code": "0xaa28c310", "doc": "http://searchengineland.com/google-flag-upsetting-offensive-content-271119", "row": 0, "column": 38, "tagName": "div", "time": 26951.647857, "url": "", "pos": 38, "chunkLen": 44, "isStartTag": 1}}
06-28 16:04:43.956 21237 21250 E WProf.db: {"WprofHTMLTag": {"code": "0xaa28c2e0", "doc": "http://searchengineland.com/google-flag-upsetting-offensive-content-271119", "row": 0, "column": 44, "tagName": "div", "time": 26951.647973, "url": "", "pos": 44, "chunkLen": 44, "isStartTag": 0}}
06-28 16:04:43.956 21237 21250 E WProf.db: {"WprofHTMLTag": {"code": "0xaa1a0950", "doc": "http://searchengineland.com/google-flag-upsetting-offensive-content-271119", "row": 0, "column": 13, "tagName": "select", "time": 26951.649388, "url": "", "pos": 13, "chunkLen": 51, "isStartTag": 1}}
06-28 16:04:43.956 21237 21250 E WProf.db: {"WprofHTMLTag": {"code": "0xaa1a0980", "doc": "http://searchengineland.com/google-flag-upsetting-offensive-content-271119", "row": 0, "column": 33, "tagName": "option", "time": 26951.649573, "url": "", "pos": 33, "chunkLen": 51, "isStartTag": 1}}
06-28 16:04:43.956 21237 21250 E WProf.db: {"WprofHTMLTag": {"code": "0xaa1a09b0", "doc": "http://searchengineland.com/google-flag-upsetting-offensive-content-271119", "row": 0, "column": 42, "tagName": "option", "time": 26951.649777, "url": "", "pos": 42, "chunkLen": 51, "isStartTag": 0}}
06-28 16:04:43.957 21237 21250 E WProf.db: {"WprofHTMLTag": {"code": "0xaa1a09e0", "doc": "http://searchengineland.com/google-flag-upsetting-offensive-content-271119", "row": 0, "column": 51, "tagName": "select", "time": 26951.649835, "url": "", "pos": 51, "chunkLen": 51, "isStartTag": 0}}
06-28 16:04:43.957 21237 21250 E WProf.db: {"WprofHTMLTag": {"code": "0xaa1a0a10", "doc": "http://searchengineland.com/google-flag-upsetting-offensive-content-271119", "row": 0, "column": 12, "tagName": "a", "time": 26951.655160, "url": "", "pos": 12, "chunkLen": 16, "isStartTag": 1}}
06-28 16:04:43.957 21237 21250 E WProf.db: {"WprofHTMLTag": {"code": "0xaa1a0a40", "doc": "http://searchengineland.com/google-flag-upsetting-offensive-content-271119", "row": 0, "column": 16, "tagName": "a", "time": 26951.655331, "url": "", "pos": 16, "chunkLen": 16, "isStartTag": 0}}
06-28 16:04:43.957 21237 21250 E WProf.db: {"WprofHTMLTag": {"code": "0xaa1a0a70", "doc": "http://searchengineland.com/google-flag-upsetting-offensive-content-271119", "row": 0, "column": 8, "tagName": "input", "time": 26951.656384, "url": "", "pos": 8, "chunkLen": 8, "isStartTag": 1}}
06-28 16:04:43.957 21237 21250 E WProf.db: {"WprofHTMLTag": {"code": "0xaa1a0aa0", "doc": "http://searchengineland.com/google-flag-upsetting-offensive-content-271119", "row": 0, "column": 9, "tagName": "link", "time": 26951.665050, "url": "", "pos": 9, "chunkLen": 42, "isStartTag": 1}}
06-28 16:04:43.957 21237 21250 E WProf.db: {"WprofHTMLTag": {"code": "0xaa1a0ad0", "doc": "http://searchengineland.com/google-flag-upsetting-offensive-content-271119", "row": 0, "column": 16, "tagName": "table", "time": 26951.665173, "url": "", "pos": 16, "chunkLen": 42, "isStartTag": 1}}
06-28 16:04:43.957 21237 21250 E WProf.db: {"WprofHTMLTag": {"code": "0xaa1a0b00", "doc": "http://searchengineland.com/google-flag-upsetting-offensive-content-271119", "row": 0, "column": 24, "tagName": "table", "time": 26951.665290, "url": "", "pos": 24, "chunkLen": 42, "isStartTag": 0}}
06-28 16:04:43.957 21237 21250 E WProf.db: {"WprofHTMLTag": {"code": "0xaa1a0b30", "doc": "http://searchengineland.com/google-flag-upsetting-offensive-content-271119", "row": 0, "column": 37, "tagName": "a", "time": 26951.665356, "url": "", "pos": 37, "chunkLen": 42, "isStartTag": 1}}
06-28 16:04:43.957 21237 21250 E WProf.db: {"WprofHTMLTag": {"code": "0xaa1a0b60", "doc": "http://searchengineland.com/google-flag-upsetting-offensive-content-271119", "row": 0, "column": 42, "tagName": "a", "time": 26951.665541, "url": "", "pos": 42, "chunkLen": 42, "isStartTag": 0}}
06-28 16:04:43.957 21237 21250 E WProf.db: {"WprofHTMLTag": {"code": "0xaa1a0bf0", "doc": "http://searchengineland.com/google-flag-upsetting-offensive-content-271119", "row": 0, "column": 10, "tagName": "textarea", "time": 26951.666732, "url": "", "pos": 10, "chunkLen": 22, "isStartTag": 1}}
06-28 16:04:43.957 21237 21250 E WProf.db: {"WprofHTMLTag": {"code": "0xaa1a0c20", "doc": "http://searchengineland.com/google-flag-upsetting-offensive-content-271119", "row": 0, "column": 22, "tagName": "textarea", "time": 26951.666923, "url": "", "pos": 22, "chunkLen": 22, "isStartTag": 0}}
06-28 16:04:43.957 21237 21250 E WProf.db: {"WprofHTMLTag": {"code": "0xaa1a0c50", "doc": "http://searchengineland.com/google-flag-upsetting-offensive-content-271119", "row": 0, "column": 48, "tagName": "input", "time": 26951.668715, "url": "", "pos": 48, "chunkLen": 48, "isStartTag": 1}}
06-28 16:04:43.958 21237 21250 E WProf.db: {"WprofHTMLTag": {"code": "0xaa1a0cb0", "doc": "http://searchengineland.com/google-flag-upsetting-offensive-content-271119", "row": 0, "column": 9, "tagName": "link", "time": 26951.673397, "url": "", "pos": 9, "chunkLen": 66, "isStartTag": 1}}
06-28 16:04:43.958 21237 21250 E WProf.db: {"WprofHTMLTag": {"code": "0xaa1a0ce0", "doc": "http://searchengineland.com/google-flag-upsetting-offensive-content-271119", "row": 0, "column": 16, "tagName": "table", "time": 26951.673589, "url": "", "pos": 16, "chunkLen": 66, "isStartTag": 1}}
06-28 16:04:43.958 21237 21250 E WProf.db: {"WprofHTMLTag": {"code": "0xaa1a0d10", "doc": "http://searchengineland.com/google-flag-upsetting-offensive-content-271119", "row": 0, "column": 24, "tagName": "table", "time": 26951.673664, "url": "", "pos": 24, "chunkLen": 66, "isStartTag": 0}}
06-28 16:04:43.958 21237 21250 E WProf.db: {"WprofHTMLTag": {"code": "0xaa1a0d40", "doc": "http://searchengineland.com/google-flag-upsetting-offensive-content-271119", "row": 0, "column": 37, "tagName": "a", "time": 26951.673733, "url": "", "pos": 37, "chunkLen": 66, "isStartTag": 1}}
06-28 16:04:43.958 21237 21250 E WProf.db: {"WprofHTMLTag": {"code": "0xaa1a0d70", "doc": "http://searchengineland.com/google-flag-upsetting-offensive-content-271119", "row": 0, "column": 42, "tagName": "a", "time": 26951.673920, "url": "", "pos": 42, "chunkLen": 66, "isStartTag": 0}}
06-28 16:04:43.958 21237 21250 E WProf.db: {"WprofHTMLTag": {"code": "0xaa1a0da0", "doc": "http://searchengineland.com/google-flag-upsetting-offensive-content-271119", "row": 0, "column": 66, "tagName": "input", "time": 26951.673982, "url": "", "pos": 66, "chunkLen": 66, "isStartTag": 1}}
06-28 16:04:43.958 21237 21250 E WProf.db: {"WprofHTMLTag": {"code": "0xaa1a0e30", "doc": "http://searchengineland.com/google-flag-upsetting-offensive-content-271119", "row": 0, "column": 9, "tagName": "link", "time": 26951.675926, "url": "", "pos": 9, "chunkLen": 66, "isStartTag": 1}}
06-28 16:04:43.959 21237 21250 E WProf.db: {"WprofHTMLTag": {"code": "0xaa1a0e60", "doc": "http://searchengineland.com/google-flag-upsetting-offensive-content-271119", "row": 0, "column": 16, "tagName": "table", "time": 26951.676038, "url": "", "pos": 16, "chunkLen": 66, "isStartTag": 1}}
06-28 16:04:43.959 21237 21250 E WProf.db: {"WprofHTMLTag": {"code": "0xaa1a0e90", "doc": "http://searchengineland.com/google-flag-upsetting-offensive-content-271119", "row": 0, "column": 24, "tagName": "table", "time": 26951.676123, "url": "", "pos": 24, "chunkLen": 66, "isStartTag": 0}}
06-28 16:04:43.959 21237 21250 E WProf.db: {"WprofHTMLTag": {"code": "0xaa1a0ec0", "doc": "http://searchengineland.com/google-flag-upsetting-offensive-content-271119", "row": 0, "column": 37, "tagName": "a", "time": 26951.676191, "url": "", "pos": 37, "chunkLen": 66, "isStartTag": 1}}
06-28 16:04:43.959 21237 21250 E WProf.db: {"WprofHTMLTag": {"code": "0xaa1a0ef0", "doc": "http://searchengineland.com/google-flag-upsetting-offensive-content-271119", "row": 0, "column": 42, "tagName": "a", "time": 26951.676374, "url": "", "pos": 42, "chunkLen": 66, "isStartTag": 0}}
06-28 16:04:43.959 21237 21250 E WProf.db: {"WprofHTMLTag": {"code": "0xaa1a0f20", "doc": "http://searchengineland.com/google-flag-upsetting-offensive-content-271119", "row": 0, "column": 66, "tagName": "input", "time": 26951.676437, "url": "", "pos": 66, "chunkLen": 66, "isStartTag": 1}}
06-28 16:04:43.959 21237 21250 E WProf.db: {"WprofHTMLTag": {"code": "0xaa1a0f80", "doc": "http://searchengineland.com/google-flag-upsetting-offensive-content-271119", "row": 0, "column": 9, "tagName": "link", "time": 26951.681454, "url": "", "pos": 9, "chunkLen": 66, "isStartTag": 1}}
06-28 16:04:43.959 21237 21250 E WProf.db: {"WprofHTMLTag": {"code": "0xaa1a0fb0", "doc": "http://searchengineland.com/google-flag-upsetting-offensive-content-271119", "row": 0, "column": 16, "tagName": "table", "time": 26951.681588, "url": "", "pos": 16, "chunkLen": 66, "isStartTag": 1}}
06-28 16:04:43.959 21237 21250 E WProf.db: {"WprofHTMLTag": {"code": "0xaa1a0fe0", "doc": "http://searchengineland.com/google-flag-upsetting-offensive-content-271119", "row": 0, "column": 24, "tagName": "table", "time": 26951.681682, "url": "", "pos": 24, "chunkLen": 66, "isStartTag": 0}}
06-28 16:04:43.959 21237 21250 E WProf.db: {"WprofHTMLTag": {"code": "0xaa1a1010", "doc": "http://searchengineland.com/google-flag-upsetting-offensive-content-271119", "row": 0, "column": 37, "tagName": "a", "time": 26951.681773, "url": "", "pos": 37, "chunkLen": 66, "isStartTag": 1}}
06-28 16:04:43.959 21237 21250 E WProf.db: {"WprofHTMLTag": {"code": "0xaa1a1040", "doc": "http://searchengineland.com/google-flag-upsetting-offensive-content-271119", "row": 0, "column": 42, "tagName": "a", "time": 26951.681961, "url": "", "pos": 42, "chunkLen": 66, "isStartTag": 0}}
06-28 16:04:43.959 21237 21250 E WProf.db: {"WprofHTMLTag": {"code": "0xaa1a1070", "doc": "http://searchengineland.com/google-flag-upsetting-offensive-content-271119", "row": 0, "column": 66, "tagName": "input", "time": 26951.682029, "url": "", "pos": 66, "chunkLen": 66, "isStartTag": 1}}
06-28 16:04:43.959 21237 21250 E WProf.db: {"WprofHTMLTag": {"code": "0xaa1a1250", "doc": "http://searchengineland.com/google-flag-upsetting-offensive-content-271119", "row": 116, "column": 154, "tagName": "script", "time": 26951.697060, "url": "http://searchengineland.com/figz/wp-content/themes/searchengineland/js/lib/jquery-ui-1.10.3.custom.min.js?ver=1.10.3", "pos": 67, "chunkLen": 67, "isStartTag": 1}}
06-28 16:04:43.959 21237 21250 E WProf.db: {"WprofHTMLTag": {"code": "0xaa1a1280", "doc": "http://searchengineland.com/google-flag-upsetting-offensive-content-271119", "row": 116, "column": 163, "tagName": "script", "time": 26951.697315, "url": "", "pos": 67, "chunkLen": 67, "isStartTag": 0}}
06-28 16:04:43.960 21237 21250 E WProf.db: {"WprofHTMLTag": {"code": "0xaa1a1190", "doc": "http://searchengineland.com/google-flag-upsetting-offensive-content-271119", "row": 0, "column": 111, "tagName": "div", "time": 26951.825366, "url": "", "pos": 111, "chunkLen": 117, "isStartTag": 1}}
06-28 16:04:43.960 21237 21250 E WProf.db: {"WprofHTMLTag": {"code": "0xaa1a08f0", "doc": "http://searchengineland.com/google-flag-upsetting-offensive-content-271119", "row": 0, "column": 117, "tagName": "div", "time": 26951.825551, "url": "", "pos": 117, "chunkLen": 117, "isStartTag": 0}}
06-28 16:04:43.960 21237 21250 E WProf.db: {"WprofHTMLTag": {"code": "0xaa1a1610", "doc": "http://searchengineland.com/google-flag-upsetting-offensive-content-271119", "row": 117, "column": 155, "tagName": "script", "time": 26951.850252, "url": "http://searchengineland.com/figz/wp-content/themes/searchengineland/js/lib/jquery.ba-throttle-debounce.min.js?ver=1.1", "pos": 118, "chunkLen": 118, "isStartTag": 1}}
06-28 16:04:43.960 21237 21250 E WProf.db: {"WprofHTMLTag": {"code": "0xaa1a1640", "doc": "http://searchengineland.com/google-flag-upsetting-offensive-content-271119", "row": 117, "column": 164, "tagName": "script", "time": 26951.850493, "url": "", "pos": 118, "chunkLen": 118, "isStartTag": 0}}
