--------- beginning of main
06-28 15:45:27.570  3449  3449 E Finsky  : [1] com.google.android.finsky.wear.bl.a(3): onConnectionFailed: ConnectionResult{statusCode=API_UNAVAILABLE, resolution=null, message=null}
--------- beginning of system
06-28 15:45:28.648 13856 13856 E chromium: [ERROR:shell_integration_android.cc(12)] Not implemented reached in static ShellIntegration::DefaultWebClientSetPermission ShellIntegration::CanSetAsDefaultBrowser()
06-28 15:45:28.651 13856 13856 E chromium: [ERROR:browser_process_impl.cc(720)] Not implemented reached in virtual BackgroundModeManager* BrowserProcessImpl::background_mode_manager()
06-28 15:45:29.130  3218   781 E AudioRecord-JNI: Error -4 during AudioRecord native read
06-28 15:45:31.540 13856 13904 E chromium: [ERROR:gles2_cmd_decoder.cc(3852)] [.ChromiumCompositor-0xacbb34c0]GL ERROR :GL_INVALID_ENUM : glDiscardFramebufferEXT: attachments was GL_COLOR_EXT
06-28 15:45:31.845 13923 13936 E WPROF   : {"CSS": {"url": "http://searchengineland.com/figz/wp-content/themes/searchengineland/css/searchengineland-bootstrap.css", "requestTime": 25808.901021}}
06-28 15:45:31.846 13923 13936 E WPROF   : {"CSS": {"url": "http://fonts.googleapis.com/css?family=Oswald:300,400,700", "requestTime": 25808.901931}}
06-28 15:45:31.847 13923 13936 E WPROF   : {"CSS": {"url": "http://searchengineland.com/figz/wp-content/themes/searchengineland/style.css", "requestTime": 25808.902861}}
06-28 15:45:31.856 13923 13936 E WPROF   : {"Javascript": {"url": "http://searchengineland.com/figz/wp-content/themes/searchengineland/js/lib/modernizr.custom.js?ver=1.0", "requestTime": 25808.911843}}
06-28 15:45:31.858 13923 13936 E WPROF   : {"Javascript": {"url": "http://searchengineland.com/figz/wp-content/themes/searchengineland/js/lib/jquery-1.11.0.min.js?ver=1.11.0", "requestTime": 25808.913392}}
06-28 15:45:31.859 13923 13936 E WPROF   : {"Javascript": {"url": "http://searchengineland.com/figz/wp-content/themes/searchengineland/js/lib/jquery-ui-1.10.3.custom.min.js?ver=1.10.3", "requestTime": 25808.914240}}
06-28 15:45:31.860 13923 13936 E WPROF   : {"Javascript": {"url": "http://searchengineland.com/figz/wp-content/themes/searchengineland/js/lib/jquery.ba-throttle-debounce.min.js?ver=1.1", "requestTime": 25808.915935}}
06-28 15:45:31.865 13923 13936 E WPROF   : {"Javascript": {"url": "http://searchengineland.com/figz/wp-content/themes/searchengineland/js/lib/jquery.countdown.min.js?ver=2.0.4", "requestTime": 25808.920367}}
06-28 15:45:31.867 13923 13936 E WPROF   : {"Javascript": {"url": "http://static.chartbeat.com/js/chartbeat_mab.js", "requestTime": 25808.923032}}
06-28 15:45:32.271 13923 13936 E WPROF   : {"Javascript": {"url": "http://searchengineland.com/figz/wp-includes/js/wp-emoji-release.min.js?ver=4.7.5", "requestTime": 25809.327147}}
06-28 15:45:32.867 13923 13936 E WPROF   : {"Javascript": {"url": "http://www.googletagservices.com/tag/js/gpt.js", "requestTime": 25809.922753}}
06-28 15:45:32.871 13923 13936 E WPROF   : {"Javascript": {"url": "https://www.google-analytics.com/analytics.js", "requestTime": 25809.926567}}
06-28 15:45:32.873 13923 13936 E WPROF   : {"Javascript": {"url": "http://edge.quantserve.com/quant.js", "requestTime": 25809.928597}}
06-28 15:45:32.876 13923 13936 E WPROF   : {"Javascript": {"url": "https://connect.facebook.net/en_US/fbevents.js", "requestTime": 25809.931548}}
06-28 15:45:32.935 13856 13904 E chromium: [ERROR:gles2_cmd_decoder.cc(3852)] [.ChromiumCompositor-0xacbb34c0]GL ERROR :GL_INVALID_ENUM : glDiscardFramebufferEXT: attachments was GL_COLOR_EXT
06-28 15:45:32.976 13923 13936 E WPROF   : {"Javascript": {"url": "http://app-sj02.marketo.com/js/forms2/js/forms2.min.js", "requestTime": 25810.031674}}
06-28 15:45:33.071 13856 13904 E chromium: [ERROR:gles2_cmd_decoder.cc(3852)] [.ChromiumCompositor-0xacbb34c0]GL ERROR :GL_INVALID_ENUM : glDiscardFramebufferEXT: attachments was GL_COLOR_EXT
06-28 15:45:33.083 13923 13936 E WPROF   : {"Javascript": {"url": "https://connect.facebook.net/signals/config/423979991297359?v=2.7.17", "requestTime": 25810.138758}}
06-28 15:45:33.237 13923 13936 E WPROF   : {"Javascript": {"url": "http://app-sj02.marketo.com/index.php/form/getForm?munchkinId=727-ZQE-044&form=5691&url=http%3A%2F%2Fsearchengineland.com%2Fgoogle-maps-ad-traffic-steadily-growing-271908&callback=jQuery110203151037630159408_1498632333171&_=1498632333172", "requestTime": 25810.292295}}
06-28 15:45:33.251 13923 13936 E WPROF   : {"Javascript": {"url": "http://app-sj02.marketo.com/index.php/form/getForm?munchkinId=727-ZQE-044&form=5685&url=http%3A%2F%2Fsearchengineland.com%2Fgoogle-maps-ad-traffic-steadily-growing-271908&callback=jQuery110203151037630159408_1498632333173&_=1498632333174", "requestTime": 25810.306682}}
06-28 15:45:33.473 13923 13936 E WPROF   : {"Javascript": {"url": "http://app-sj02.marketo.com/index.php/form/getForm?munchkinId=727-ZQE-044&form=5673&url=http%3A%2F%2Fsearchengineland.com%2Fgoogle-maps-ad-traffic-steadily-growing-271908&callback=jQuery110203151037630159408_1498632333175&_=1498632333176", "requestTime": 25810.529047}}
06-28 15:45:33.487 13923 13936 E WPROF   : {"Javascript": {"url": "http://searchengineland.com/js/ga_social_tracking.js", "requestTime": 25810.543014}}
06-28 15:45:33.488 13923 13936 E WPROF   : {"Javascript": {"url": "http://s7.addthis.com/js/300/addthis_widget.js#pubid=ra-53e918f660794f37", "requestTime": 25810.543772}}
06-28 15:45:33.573 13856 13904 E chromium: [ERROR:gles2_cmd_decoder.cc(3852)] [.ChromiumCompositor-0xacbb34c0]GL ERROR :GL_INVALID_ENUM : glDiscardFramebufferEXT: attachments was GL_COLOR_EXT
06-28 15:45:33.705 13923 13936 E WPROF   : {"Javascript": {"url": "https://securepubads.g.doubleclick.net/gpt/pubads_impl_121.js", "requestTime": 25810.760741}}
06-28 15:45:34.025 13856 13904 E chromium: [ERROR:gles2_cmd_decoder.cc(3852)] [.ChromiumCompositor-0xacbb34c0]GL ERROR :GL_INVALID_ENUM : glDiscardFramebufferEXT: attachments was GL_COLOR_EXT
06-28 15:45:34.046 13923 13936 E WPROF   : {"CSS": {"url": "http://app-sj02.marketo.com/js/forms2/css/forms2.css", "requestTime": 25811.102048}}
06-28 15:45:34.051 13923 13936 E WPROF   : {"CSS": {"url": "http://app-sj02.marketo.com/js/forms2/css/forms2-theme-simple.css", "requestTime": 25811.106243}}
06-28 15:45:34.109 13923 13936 E WPROF   : {"Javascript": {"url": "https://static.xx.fbcdn.net/rsrc.php/v3iy6L4/yF/l/ko_KR/w3AiswiqjrJ.js", "requestTime": 25811.164452}}
06-28 15:45:34.134 13923 13936 E WPROF   : {"Javascript": {"url": "http://www.googleadservices.com/pagead/conversion.js", "requestTime": 25811.189867}}
06-28 15:45:34.136 13923 13936 E WPROF   : {"Javascript": {"url": "http://searchengineland.com/figz/wp-content/themes/searchengineland/js/script.js?ver=1.0", "requestTime": 25811.191988}}
06-28 15:45:34.137 13923 13936 E WPROF   : {"Javascript": {"url": "http://searchengineland.com/figz/wp-includes/js/wp-embed.min.js?ver=4.7.5", "requestTime": 25811.192455}}
06-28 15:45:34.137 13923 13936 E WPROF   : {"Javascript": {"url": "http://searchengineland.com/figz/wp-content/themes/searchengineland/js/modules/sharing_controls.js", "requestTime": 25811.192892}}
06-28 15:45:34.260 13923 13936 E WPROF   : {"Javascript": {"url": "http://cdn.api.twitter.com/1/users/show.json?screen_name=PronouncedAhndy&callback=twttr.setFollowersCount", "requestTime": 25811.315374}}
06-28 15:45:34.369   862  1657 E LocSvc_IzatApiV02: E/virtual int izat_core::IzatApiV02::getBatchSize(int32_t):522]: Error : st = 4, ind.status = -1628389555
06-28 15:45:34.369   862  1657 E LocSvc_IzatApiV02: E/virtual int izat_core::IzatApiV02::getBatchSize(int32_t):535]: get batching size failed.Or modem does not support batching 
06-28 15:45:34.377   862  1657 E LocSvc_IzatApiV02: E/virtual int izat_core::IzatApiV02::getBatchSize(int32_t):522]: Error : st = 4, ind.status = -1628389555
06-28 15:45:34.377   862  1657 E LocSvc_IzatApiV02: E/virtual int izat_core::IzatApiV02::getBatchSize(int32_t):535]: get batching size failed.Or modem does not support batching 
06-28 15:45:34.419   862  1657 E LocSvc_IzatApiV02: E/virtual int izat_core::IzatApiV02::getBatchSize(int32_t):522]: Error : st = 4, ind.status = -1628389555
06-28 15:45:34.419   862  1657 E LocSvc_IzatApiV02: E/virtual int izat_core::IzatApiV02::getBatchSize(int32_t):535]: get batching size failed.Or modem does not support batching 
06-28 15:45:34.428   862  1657 E LocSvc_IzatApiV02: E/virtual int izat_core::IzatApiV02::getBatchSize(int32_t):522]: Error : st = 4, ind.status = -1628389555
06-28 15:45:34.428   862  1657 E LocSvc_IzatApiV02: E/virtual int izat_core::IzatApiV02::getBatchSize(int32_t):535]: get batching size failed.Or modem does not support batching 
06-28 15:45:34.478 13856 13904 E chromium: [ERROR:gles2_cmd_decoder.cc(3852)] [.ChromiumCompositor-0xacbb34c0]GL ERROR :GL_INVALID_ENUM : glDiscardFramebufferEXT: attachments was GL_COLOR_EXT
06-28 15:45:34.520 13923 13936 E WPROF   : {"Javascript": {"url": "http://d2j3qa5nc37287.cloudfront.net/coupon_code1.js", "requestTime": 25811.575859}}
06-28 15:45:35.454 13923 13936 E WPROF   : {"Javascript": {"url": "https://securepubads.g.doubleclick.net/gampad/ads?gdfp_req=1&correlator=3816619378737152&output=json_html&callback=googletag.impl.pubads.callbackProxy1&impl=fifs&json_a=1&eid=108809080%2C108809103%2C21060167&sc=0&sfv=1-0-9&iu_parts=1038259%2Csel-ciu-1%2Csel-ciu-2%2Csel-ciu-3%2Csel-ciu-4%2Csel-ciu-5%", "requestTime": 25812.509207}}
06-28 15:45:35.505 13923 13936 E WPROF   : {"CSS": {"url": "https://www.youtube.com/yts/cssbin/www-embed-player-sprite-mode-vfl5G4Xm8.css", "requestTime": 25812.560891}}
06-28 15:45:35.508 13923 13936 E WPROF   : {"Javascript": {"url": "https://www.youtube.com/yts/jsbin/www-embed-player-vfl_UY_j8/www-embed-player.js", "requestTime": 25812.563338}}
06-28 15:45:35.509 13923 13936 E WPROF   : {"Javascript": {"url": "https://www.youtube.com/yts/jsbin/player-vflo1w4O-/ko_KR/base.js", "requestTime": 25812.563678}}
06-28 15:45:35.537 13856 13904 E chromium: [ERROR:gles2_cmd_decoder.cc(3852)] [.ChromiumCompositor-0xacbb34c0]GL ERROR :GL_INVALID_ENUM : glDiscardFramebufferEXT: attachments was GL_COLOR_EXT
06-28 15:45:35.989 13856 13904 E chromium: [ERROR:gles2_cmd_decoder.cc(3852)] [.ChromiumCompositor-0xacbb34c0]GL ERROR :GL_INVALID_ENUM : glDiscardFramebufferEXT: attachments was GL_COLOR_EXT
06-28 15:45:36.549 13856 13904 E chromium: [ERROR:gles2_cmd_decoder.cc(3852)] [.ChromiumCompositor-0xacbb34c0]GL ERROR :GL_INVALID_ENUM : glDiscardFramebufferEXT: attachments was GL_COLOR_EXT
06-28 15:45:37.420 13923 13936 E WPROF   : {"Javascript": {"url": "https://www.google.com/js/bg/KWBfAnWFESAEEaKKgdYlTHY9ysQaNoQuzeMFqvxDSM8.js", "requestTime": 25814.475624}}
06-28 15:45:37.422 13923 13936 E WPROF   : {"Javascript": {"url": "https://static.doubleclick.net/instream/ad_status.js", "requestTime": 25814.477869}}
06-28 15:45:37.717 13856 13904 E chromium: [ERROR:gles2_cmd_decoder.cc(3852)] [.ChromiumCompositor-0xacbb34c0]GL ERROR :GL_INVALID_ENUM : glDiscardFramebufferEXT: attachments was GL_COLOR_EXT
06-28 15:45:37.825 13856 13904 E chromium: [ERROR:gles2_cmd_decoder.cc(3852)] [.ChromiumCompositor-0xacbb34c0]GL ERROR :GL_INVALID_ENUM : glDiscardFramebufferEXT: attachments was GL_COLOR_EXT
06-28 15:45:38.292 13923 13936 E WPROF   : {"Javascript": {"url": "http://www.justuno.com/ajax/account_version_check.html?id=828FA275-FF73-401E-AA39-40F5A6FAB6B1", "requestTime": 25815.347720}}
06-28 15:45:38.312 13856 13904 E chromium: [ERROR:gles2_cmd_decoder.cc(3852)] [.ChromiumCompositor-0xacbb34c0]GL ERROR :GL_INVALID_ENUM : glDiscardFramebufferEXT: attachments was GL_COLOR_EXT
06-28 15:45:38.339 13923 13936 E WPROF   : {"Javascript": {"url": "https://tpc.googlesyndication.com/pagead/js/r20170619/r20110914/client/ext/m_window_focus_non_hydra.js", "requestTime": 25815.394352}}
06-28 15:45:38.341 13923 13936 E WPROF   : {"Javascript": {"url": "https://tpc.googlesyndication.com/pagead/js/r20170619/r20110914/activeview/osd_listener.js", "requestTime": 25815.396233}}
06-28 15:45:38.348 13923 13936 E WPROF   : {"Javascript": {"url": "http://pagead2.googlesyndication.com/pagead/osd.js", "requestTime": 25815.403422}}
06-28 15:45:38.477 13856 13904 E chromium: [ERROR:gles2_cmd_decoder.cc(3852)] [.ChromiumCompositor-0xacbb34c0]GL ERROR :GL_INVALID_ENUM : glDiscardFramebufferEXT: attachments was GL_COLOR_EXT
06-28 15:45:39.190 13856 13904 E chromium: [ERROR:gles2_cmd_decoder.cc(3852)] [.ChromiumCompositor-0xacbb34c0]GL ERROR :GL_INVALID_ENUM : glDiscardFramebufferEXT: attachments was GL_COLOR_EXT
06-28 15:45:39.531 13923 13936 E WPROF   : {"Javascript": {"url": "http://cdn.justuno.com/mwgt_3.6.js", "requestTime": 25816.587138}}
06-28 15:45:39.696 13923 13936 E WPROF   : {"Javascript": {"url": "https://app-sj02.marketo.com/js/forms2/js/forms2.min.js", "requestTime": 25816.751641}}
06-28 15:45:39.698 13856 13904 E chromium: [ERROR:gles2_cmd_decoder.cc(3852)] [.ChromiumCompositor-0xacbb34c0]GL ERROR :GL_INVALID_ENUM : glDiscardFramebufferEXT: attachments was GL_COLOR_EXT
06-28 15:45:40.710 13923 13936 E WProf.db: {"page": "searchengineland.com_google-maps-ad-traffic-steadily-growing-271908"}
06-28 15:45:40.710 13923 13936 E WProf.db: {"DOMLoad": 25817.766082}
06-28 15:45:40.710 13923 13936 E WProf.db: {"Resource": {"id": 1, "url": "http://searchengineland.com/google-maps-ad-traffic-steadily-growing-271908", "sentTime": -1.000000, "len": 101497, "from": "0x0", "mimeType": "text/html", "contentLength": -1, "httpStatus": 200, "connId": 20, "connReused": 1, "cached": 0,"requestTime": 25808.496876, "proxyStart": -1, "proxyEnd": -1, "dnsStart": -1, "dnsEnd": -1, "connectStart": 0, "connectEnd": 71, "sendStart": 71, "sendEnd": 72, "receiveHeadersEnd": 237, "sslStart": -1, "sslEnd": -1}}
06-28 15:45:40.711 13923 13936 E WProf.db: {"ReceivedChunk": {"receivedTime": 25808.751720, "len": 7779}}
06-28 15:45:40.711 13923 13936 E WProf.db: {"ReceivedChunk": {"receivedTime": 25808.860843, "len": 32768}}
06-28 15:45:40.711 13923 13936 E WProf.db: {"ReceivedChunk": {"receivedTime": 25808.863079, "len": 30721}}
06-28 15:45:40.711 13923 13936 E WProf.db: {"ReceivedChunk": {"receivedTime": 25808.921018, "len": 4026}}
06-28 15:45:40.711 13923 13936 E WProf.db: {"ReceivedChunk": {"receivedTime": 25808.921621, "len": 26203}}
06-28 15:45:40.711 13923 13936 E WProf.db: {"WprofHTMLTag": {"code": "0xaf047b50", "doc": "http://searchengineland.com/google-maps-ad-traffic-steadily-growing-271908", "row": 6, "column": 42, "tagName": "html", "time": 25808.865676, "url": "", "pos": 1, "chunkLen": 1, "isStartTag": 1}}
06-28 15:45:40.711 13923 13936 E WProf.db: {"WprofHTMLTag": {"code": "0xaf047c40", "doc": "http://searchengineland.com/google-maps-ad-traffic-steadily-growing-271908", "row": 7, "column": 6, "tagName": "head", "time": 25808.866767, "url": "", "pos": 1, "chunkLen": 1, "isStartTag": 1}}
06-28 15:45:40.711 13923 13936 E WProf.db: {"WprofHTMLTag": {"code": "0xaf047d30", "doc": "http://searchengineland.com/google-maps-ad-traffic-steadily-growing-271908", "row": 8, "column": 54, "tagName": "meta", "time": 25808.866969, "url": "", "pos": 1, "chunkLen": 1, "isStartTag": 1}}
06-28 15:45:40.711 13923 13936 E WProf.db: {"WprofHTMLTag": {"code": "0xaf047d60", "doc": "http://searchengineland.com/google-maps-ad-traffic-steadily-growing-271908", "row": 9, "column": 68, "tagName": "meta", "time": 25808.867679, "url": "", "pos": 1, "chunkLen": 1, "isStartTag": 1}}
06-28 15:45:40.711 13923 13936 E WProf.db: {"WprofHTMLTag": {"code": "0xaf047d90", "doc": "http://searchengineland.com/google-maps-ad-traffic-steadily-growing-271908", "row": 10, "column": 23, "tagName": "meta", "time": 25808.868283, "url": "", "pos": 1, "chunkLen": 1, "isStartTag": 1}}
06-28 15:45:40.711 13923 13936 E WProf.db: {"WprofHTMLTag": {"code": "0xaf047e80", "doc": "http://searchengineland.com/google-maps-ad-traffic-steadily-growing-271908", "row": 11, "column": 52, "tagName": "meta", "time": 25808.868971, "url": "", "pos": 1, "chunkLen": 1, "isStartTag": 1}}
06-28 15:45:40.711 13923 13936 E WProf.db: {"WprofHTMLTag": {"code": "0xaf047eb0", "doc": "http://searchengineland.com/google-maps-ad-traffic-steadily-growing-271908", "row": 14, "column": 56, "tagName": "meta", "time": 25808.869621, "url": "", "pos": 1, "chunkLen": 1, "isStartTag": 1}}
06-28 15:45:40.711 13923 13936 E WProf.db: {"WprofHTMLTag": {"code": "0xaf047ee0", "doc": "http://searchengineland.com/google-maps-ad-traffic-steadily-growing-271908", "row": 15, "column": 83, "tagName": "meta", "time": 25808.870466, "url": "", "pos": 1, "chunkLen": 1, "isStartTag": 1}}
06-28 15:45:40.711 13923 13936 E WProf.db: {"WprofHTMLTag": {"code": "0xaf047f10", "doc": "http://searchengineland.com/google-maps-ad-traffic-steadily-growing-271908", "row": 16, "column": 57, "tagName": "meta", "time": 25808.871067, "url": "", "pos": 1, "chunkLen": 1, "isStartTag": 1}}
06-28 15:45:40.711 13923 13936 E WProf.db: {"WprofHTMLTag": {"code": "0xaf047fa0", "doc": "http://searchengineland.com/google-maps-ad-traffic-steadily-growing-271908", "row": 17, "column": 41, "tagName": "meta", "time": 25808.871644, "url": "", "pos": 1, "chunkLen": 1, "isStartTag": 1}}
06-28 15:45:40.712 13923 13936 E WProf.db: {"WprofHTMLTag": {"code": "0xaf047fd0", "doc": "http://searchengineland.com/google-maps-ad-traffic-steadily-growing-271908", "row": 18, "column": 50, "tagName": "meta", "time": 25808.872208, "url": "", "pos": 1, "chunkLen": 1, "isStartTag": 1}}
06-28 15:45:40.712 13923 13936 E WProf.db: {"WprofHTMLTag": {"code": "0xb4cc74b0", "doc": "http://searchengineland.com/google-maps-ad-traffic-steadily-growing-271908", "row": 19, "column": 174, "tagName": "meta", "time": 25808.872779, "url": "", "pos": 1, "chunkLen": 1, "isStartTag": 1}}
06-28 15:45:40.712 13923 13936 E WProf.db: {"WprofHTMLTag": {"code": "0xaf047f70", "doc": "http://searchengineland.com/google-maps-ad-traffic-steadily-growing-271908", "row": 20, "column": 47, "tagName": "meta", "time": 25808.873392, "url": "", "pos": 1, "chunkLen": 1, "isStartTag": 1}}
06-28 15:45:40.712 13923 13936 E WProf.db: {"WprofHTMLTag": {"code": "0xaf047f40", "doc": "http://searchengineland.com/google-maps-ad-traffic-steadily-growing-271908", "row": 21, "column": 67, "tagName": "meta", "time": 25808.875345, "url": "", "pos": 1, "chunkLen": 1, "isStartTag": 1}}
06-28 15:45:40.712 13923 13936 E WProf.db: {"WprofHTMLTag": {"code": "0xb4cc7540", "doc": "http://searchengineland.com/google-maps-ad-traffic-steadily-growing-271908", "row": 22, "column": 57, "tagName": "meta", "time": 25808.875958, "url": "", "pos": 1, "chunkLen": 1, "isStartTag": 1}}
06-28 15:45:40.712 13923 13936 E WProf.db: {"WprofHTMLTag": {"code": "0xb4cc78a0", "doc": "http://searchengineland.com/google-maps-ad-traffic-steadily-growing-271908", "row": 23, "column": 65, "tagName": "meta", "time": 25808.876595, "url": "", "pos": 1, "chunkLen": 1, "isStartTag": 1}}
06-28 15:45:40.712 13923 13936 E WProf.db: {"WprofHTMLTag": {"code": "0xb4cc78d0", "doc": "http://searchengineland.com/google-maps-ad-traffic-steadily-growing-271908", "row": 24, "column": 55, "tagName": "meta", "time": 25808.877252, "url": "", "pos": 1, "chunkLen": 1, "isStartTag": 1}}
06-28 15:45:40.712 13923 13936 E WProf.db: {"WprofHTMLTag": {"code": "0xb4cc7900", "doc": "http://searchengineland.com/google-maps-ad-traffic-steadily-growing-271908", "row": 25, "column": 71, "tagName": "meta", "time": 25808.878972, "url": "", "pos": 1, "chunkLen": 1, "isStartTag": 1}}
06-28 15:45:40.712 13923 13936 E WProf.db: {"WprofHTMLTag": {"code": "0xb4cc7930", "doc": "http://searchengineland.com/google-maps-ad-traffic-steadily-growing-271908", "row": 26, "column": 86, "tagName": "meta", "time": 25808.883091, "url": "", "pos": 1, "chunkLen": 1, "isStartTag": 1}}
06-28 15:45:40.712 13923 13936 E WProf.db: {"WprofHTMLTag": {"code": "0xb4cc7960", "doc": "http://searchengineland.com/google-maps-ad-traffic-steadily-growing-271908", "row": 27, "column": 54, "tagName": "meta", "time": 25808.883898, "url": "", "pos": 1, "chunkLen": 1, "isStartTag": 1}}
06-28 15:45:40.713 13923 13936 E WProf.db: {"WprofHTMLTag": {"code": "0xb4cc7990", "doc": "http://searchengineland.com/google-maps-ad-traffic-steadily-growing-271908", "row": 29, "column": 167, "tagName": "meta", "time": 25808.895657, "url": "", "pos": 1, "chunkLen": 1, "isStartTag": 1}}
06-28 15:45:40.713 13923 13936 E WProf.db: {"WprofHTMLTag": {"code": "0xb4cc79c0", "doc": "http://searchengineland.com/google-maps-ad-traffic-steadily-growing-271908", "row": 30, "column": 179, "tagName": "meta", "time": 25808.895924, "url": "", "pos": 1, "chunkLen": 1, "isStartTag": 1}}
06-28 15:45:40.713 13923 13936 E WProf.db: {"WprofHTMLTag": {"code": "0xb4cc79f0", "doc": "http://searchengineland.com/google-maps-ad-traffic-steadily-growing-271908", "row": 31, "column": 55, "tagName": "meta", "time": 25808.896113, "url": "", "pos": 1, "chunkLen": 1, "isStartTag": 1}}
06-28 15:45:40.713 13923 13936 E WProf.db: {"WprofHTMLTag": {"code": "0xb4cc7a20", "doc": "http://searchengineland.com/google-maps-ad-traffic-steadily-growing-271908", "row": 32, "column": 54, "tagName": "meta", "time": 25808.896363, "url": "", "pos": 1, "chunkLen": 1, "isStartTag": 1}}
06-28 15:45:40.713 13923 13936 E WProf.db: {"WprofHTMLTag": {"code": "0xb4cc7a50", "doc": "http://searchengineland.com/google-maps-ad-traffic-steadily-growing-271908", "row": 33, "column": 134, "tagName": "meta", "time": 25808.896533, "url": "", "pos": 1, "chunkLen": 1, "isStartTag": 1}}
06-28 15:45:40.713 13923 13936 E WProf.db: {"WprofHTMLTag": {"code": "0xb4cc7a80", "doc": "http://searchengineland.com/google-maps-ad-traffic-steadily-growing-271908", "row": 37, "column": 36, "tagName": "script", "time": 25808.896812, "url": "", "pos": 1, "chunkLen": 1, "isStartTag": 1}}
06-28 15:45:40.713 13923 13936 E WProf.db: {"WprofHTMLTag": {"code": "0xb4cc7ab0", "doc": "http://searchengineland.com/google-maps-ad-traffic-steadily-growing-271908", "row": 53, "column": 10, "tagName": "script", "time": 25808.897352, "url": "", "pos": 1, "chunkLen": 1, "isStartTag": 0}}
06-28 15:45:40.713 13923 13936 E WProf.db: {"WprofHTMLTag": {"code": "0xb4cc7ae0", "doc": "http://searchengineland.com/google-maps-ad-traffic-steadily-growing-271908", "row": 55, "column": 86, "tagName": "link", "time": 25808.898459, "url": "http://searchengineland.com/apple-touch-icon.png", "pos": 1, "chunkLen": 1, "isStartTag": 1}}
06-28 15:45:40.713 13923 13936 E WProf.db: {"WprofHTMLTag": {"code": "0xb4cc7b10", "doc": "http://searchengineland.com/google-maps-ad-traffic-steadily-growing-271908", "row": 56, "column": 76, "tagName": "link", "time": 25808.898967, "url": "http://searchengineland.com/favicon.ico", "pos": 1, "chunkLen": 1, "isStartTag": 1}}
06-28 15:45:40.713 13923 13936 E WProf.db: {"WprofHTMLTag": {"code": "0xb4cc7b40", "doc": "http://searchengineland.com/google-maps-ad-traffic-steadily-growing-271908", "row": 57, "column": 158, "tagName": "link", "time": 25808.899350, "url": "http://feeds.searchengineland.com/searchengineland", "pos": 1, "chunkLen": 1, "isStartTag": 1}}
06-28 15:45:40.713 13923 13936 E WProf.db: {"WprofHTMLTag": {"code": "0xb4cc7b70", "doc": "http://searchengineland.com/google-maps-ad-traffic-steadily-growing-271908", "row": 58, "column": 149, "tagName": "link", "time": 25808.899863, "url": "http://feeds.searchengineland.com/searchcap", "pos": 1, "chunkLen": 1, "isStartTag": 1}}
06-28 15:45:40.714 13923 13936 E WProf.db: {"WprofHTMLTag": {"code": "0xb4cc7ba0", "doc": "http://searchengineland.com/google-maps-ad-traffic-steadily-growing-271908", "row": 59, "column": 150, "tagName": "link", "time": 25808.900483, "url": "http://searchengineland.com/figz/wp-content/themes/searchengineland/css/searchengineland-bootstrap.css", "pos": 1, "chunkLen": 1, "isStartTag": 1}}
06-28 15:45:40.714 13923 13936 E WProf.db: {"WprofHTMLTag": {"code": "0xb4cc7c00", "doc": "http://searchengineland.com/google-maps-ad-traffic-steadily-growing-271908", "row": 60, "column": 105, "tagName": "link", "time": 25808.901450, "url": "http://fonts.googleapis.com/css?family=Oswald:300,400,700", "pos": 1, "chunkLen": 1, "isStartTag": 1}}
06-28 15:45:40.714 13923 13936 E WProf.db: {"WprofHTMLTag": {"code": "0xb4cc7c60", "doc": "http://searchengineland.com/google-maps-ad-traffic-steadily-growing-271908", "row": 61, "column": 125, "tagName": "link", "time": 25808.902330, "url": "http://searchengineland.com/figz/wp-content/themes/searchengineland/style.css", "pos": 1, "chunkLen": 1, "isStartTag": 1}}
06-28 15:45:40.714 13923 13936 E WProf.db: {"WprofHTMLTag": {"code": "0xb4cc7cc0", "doc": "http://searchengineland.com/google-maps-ad-traffic-steadily-growing-271908", "row": 65, "column": 7, "tagName": "title", "time": 25808.903354, "url": "", "pos": 1, "chunkLen": 1, "isStartTag": 1}}
06-28 15:45:40.714 13923 13936 E WProf.db: {"WprofHTMLTag": {"code": "0xb4cc7cf0", "doc": "http://searchengineland.com/google-maps-ad-traffic-steadily-growing-271908", "row": 65, "column": 54, "tagName": "title", "time": 25808.903500, "url": "", "pos": 1, "chunkLen": 1, "isStartTag": 0}}
06-28 15:45:40.714 13923 13936 E WProf.db: {"WprofHTMLTag": {"code": "0xb4cc7d20", "doc": "http://searchengineland.com/google-maps-ad-traffic-steadily-growing-271908", "row": 66, "column": 176, "tagName": "meta", "time": 25808.903530, "url": "", "pos": 1, "chunkLen": 1, "isStartTag": 1}}
06-28 15:45:40.714 13923 13936 E WProf.db: {"WprofHTMLTag": {"code": "0xb4cc7d50", "doc": "http://searchengineland.com/google-maps-ad-traffic-steadily-growing-271908", "row": 67, "column": 168, "tagName": "meta", "time": 25808.903720, "url": "", "pos": 1, "chunkLen": 1, "isStartTag": 1}}
06-28 15:45:40.714 13923 13936 E WProf.db: {"WprofHTMLTag": {"code": "0xb4cc7d80", "doc": "http://searchengineland.com/google-maps-ad-traffic-steadily-growing-271908", "row": 68, "column": 116, "tagName": "meta", "time": 25808.903907, "url": "", "pos": 1, "chunkLen": 1, "isStartTag": 1}}
06-28 15:45:40.714 13923 13936 E WProf.db: {"WprofHTMLTag": {"code": "0xb4cc7db0", "doc": "http://searchengineland.com/google-maps-ad-traffic-steadily-growing-271908", "row": 69, "column": 37, "tagName": "meta", "time": 25808.904091, "url": "", "pos": 1, "chunkLen": 1, "isStartTag": 1}}
06-28 15:45:40.714 13923 13936 E WProf.db: {"WprofHTMLTag": {"code": "0xb4cc7de0", "doc": "http://searchengineland.com/google-maps-ad-traffic-steadily-growing-271908", "row": 70, "column": 106, "tagName": "link", "time": 25808.904278, "url": "http://searchengineland.com/google-maps-ad-traffic-steadily-growing-271908", "pos": 1, "chunkLen": 1, "isStartTag": 1}}
06-28 15:45:40.714 13923 13936 E WProf.db: {"WprofHTMLTag": {"code": "0xb4cc7e10", "doc": "http://searchengineland.com/google-maps-ad-traffic-steadily-growing-271908", "row": 71, "column": 76, "tagName": "link", "time": 25808.904654, "url": "https://plus.google.com/103218677032751327334", "pos": 1, "chunkLen": 1, "isStartTag": 1}}
06-28 15:45:40.714 13923 13936 E WProf.db: {"WprofHTMLTag": {"code": "0xb4cc7e40", "doc": "http://searchengineland.com/google-maps-ad-traffic-steadily-growing-271908", "row": 72, "column": 45, "tagName": "meta", "time": 25808.905049, "url": "", "pos": 1, "chunkLen": 1, "isStartTag": 1}}
06-28 15:45:40.714 13923 13936 E WProf.db: {"WprofHTMLTag": {"code": "0xb4cc7e70", "doc": "http://searchengineland.com/google-maps-ad-traffic-steadily-growing-271908", "row": 73, "column": 45, "tagName": "meta", "time": 25808.905439, "url": "", "pos": 1, "chunkLen": 1, "isStartTag": 1}}
06-28 15:45:40.715 13923 13936 E WProf.db: {"WprofHTMLTag": {"code": "0xb4cc7ea0", "doc": "http://searchengineland.com/google-maps-ad-traffic-steadily-growing-271908", "row": 74, "column": 78, "tagName": "meta", "time": 25808.905651, "url": "", "pos": 1, "chunkLen": 1, "isStartTag": 1}}
06-28 15:45:40.715 13923 13936 E WProf.db: {"WprofHTMLTag": {"code": "0xb4cc7ed0", "doc": "http://searchengineland.com/google-maps-ad-traffic-steadily-growing-271908", "row": 75, "column": 184, "tagName": "meta", "time": 25808.905858, "url": "", "pos": 1, "chunkLen": 1, "isStartTag": 1}}
06-28 15:45:40.715 13923 13936 E WProf.db: {"WprofHTMLTag": {"code": "0xb4cc7f00", "doc": "http://searchengineland.com/google-maps-ad-traffic-steadily-growing-271908", "row": 76, "column": 111, "tagName": "meta", "time": 25808.907040, "url": "", "pos": 1, "chunkLen": 1, "isStartTag": 1}}
06-28 15:45:40.715 13923 13936 E WProf.db: {"WprofHTMLTag": {"code": "0xb4cc7f30", "doc": "http://searchengineland.com/google-maps-ad-traffic-steadily-growing-271908", "row": 77, "column": 61, "tagName": "meta", "time": 25808.907274, "url": "", "pos": 1, "chunkLen": 1, "isStartTag": 1}}
06-28 15:45:40.715 13923 13936 E WProf.db: {"WprofHTMLTag": {"code": "0xb4cc7f60", "doc": "http://searchengineland.com/google-maps-ad-traffic-steadily-growing-271908", "row": 78, "column": 89, "tagName": "meta", "time": 25808.907485, "url": "", "pos": 1, "chunkLen": 1, "isStartTag": 1}}
06-28 15:45:40.715 13923 13936 E WProf.db: {"WprofHTMLTag": {"code": "0xb4cc7f90", "doc": "http://searchengineland.com/google-maps-ad-traffic-steadily-growing-271908", "row": 79, "column": 60, "tagName": "meta", "time": 25808.907695, "url": "", "pos": 1, "chunkLen": 1, "isStartTag": 1}}
06-28 15:45:40.715 13923 13936 E WProf.db: {"WprofHTMLTag": {"code": "0xb4cc7fc0", "doc": "http://searchengineland.com/google-maps-ad-traffic-steadily-growing-271908", "row": 80, "column": 78, "tagName": "meta", "time": 25808.907887, "url": "", "pos": 1, "chunkLen": 1, "isStartTag": 1}}
06-28 15:45:40.715 13923 13936 E WProf.db: {"WprofHTMLTag": {"code": "0xb4cc7ff0", "doc": "http://searchengineland.com/google-maps-ad-traffic-steadily-growing-271908", "row": 81, "column": 128, "tagName": "meta", "time": 25808.908098, "url": "", "pos": 1, "chunkLen": 1, "isStartTag": 1}}
06-28 15:45:40.715 13923 13936 E WProf.db: {"WprofHTMLTag": {"code": "0xb4cc8020", "doc": "http://searchengineland.com/google-maps-ad-traffic-steadily-growing-271908", "row": 82, "column": 49, "tagName": "meta", "time": 25808.908276, "url": "", "pos": 1, "chunkLen": 1, "isStartTag": 1}}
06-28 15:45:40.715 13923 13936 E WProf.db: {"WprofHTMLTag": {"code": "0xb4cc8050", "doc": "http://searchengineland.com/google-maps-ad-traffic-steadily-growing-271908", "row": 83, "column": 50, "tagName": "meta", "time": 25808.908470, "url": "", "pos": 1, "chunkLen": 1, "isStartTag": 1}}
06-28 15:45:40.715 13923 13936 E WProf.db: {"WprofHTMLTag": {"code": "0xb4cc8080", "doc": "http://searchengineland.com/google-maps-ad-traffic-steadily-growing-271908", "row": 84, "column": 58, "tagName": "meta", "time": 25808.908851, "url": "", "pos": 1, "chunkLen": 1, "isStartTag": 1}}
06-28 15:45:40.715 13923 13936 E WProf.db: {"WprofHTMLTag": {"code": "0xb4cc80b0", "doc": "http://searchengineland.com/google-maps-ad-traffic-steadily-growing-271908", "row": 85, "column": 185, "tagName": "meta", "time": 25808.909030, "url": "", "pos": 1, "chunkLen": 1, "isStartTag": 1}}
06-28 15:45:40.715 13923 13936 E WProf.db: {"WprofHTMLTag": {"code": "0xb4cc80e0", "doc": "http://searchengineland.com/google-maps-ad-traffic-steadily-growing-271908", "row": 86, "column": 79, "tagName": "meta", "time": 25808.909239, "url": "", "pos": 1, "chunkLen": 1, "isStartTag": 1}}
06-28 15:45:40.715 13923 13936 E WProf.db: {"WprofHTMLTag": {"code": "0xb4cc8110", "doc": "http://searchengineland.com/google-maps-ad-traffic-steadily-growing-271908", "row": 87, "column": 51, "tagName": "meta", "time": 25808.909413, "url": "", "pos": 1, "chunkLen": 1, "isStartTag": 1}}
06-28 15:45:40.716 13923 13936 E WProf.db: {"WprofHTMLTag": {"code": "0xb4cc8140", "doc": "http://searchengineland.com/google-maps-ad-traffic-steadily-growing-271908", "row": 88, "column": 129, "tagName": "meta", "time": 25808.909590, "url": "", "pos": 1, "chunkLen": 1, "isStartTag": 1}}
06-28 15:45:40.716 13923 13936 E WProf.db: {"WprofHTMLTag": {"code": "0xb4cc8170", "doc": "http://searchengineland.com/google-maps-ad-traffic-steadily-growing-271908", "row": 89, "column": 58, "tagName": "meta", "time": 25808.909766, "url": "", "pos": 1, "chunkLen": 1, "isStartTag": 1}}
06-28 15:45:40.716 13923 13936 E WProf.db: {"WprofHTMLTag": {"code": "0xb4cc81a0", "doc": "http://searchengineland.com/google-maps-ad-traffic-steadily-growing-271908", "row": 92, "column": 44, "tagName": "link", "time": 25808.909954, "url": "http://s.w.org/", "pos": 1, "chunkLen": 1, "isStartTag": 1}}
06-28 15:45:40.716 13923 13936 E WProf.db: {"WprofHTMLTag": {"code": "0xb4cc81d0", "doc": "http://searchengineland.com/google-maps-ad-traffic-steadily-growing-271908", "row": 93, "column": 33, "tagName": "script", "time": 25808.910374, "url": "", "pos": 1, "chunkLen": 1, "isStartTag": 1}}
06-28 15:45:40.716 13923 13936 E WProf.db: {"WprofHTMLTag": {"code": "0xb4cc8200", "doc": "http://searchengineland.com/google-maps-ad-traffic-steadily-growing-271908", "row": 96, "column": 11, "tagName": "script", "time": 25808.910823, "url": "http://searchengineland.com/figz/wp-includes/js/wp-emoji-release.min.js?ver=4.7.5", "pos": 1, "chunkLen": 1, "isStartTag": 0}}
06-28 15:45:40.718 13856 13904 E chromium: [ERROR:gles2_cmd_decoder.cc(3852)] [.ChromiumCompositor-0xacbb34c0]GL ERROR :GL_INVALID_ENUM : glDiscardFramebufferEXT: attachments was GL_COLOR_EXT
06-28 15:45:40.718 13923 13936 E WProf.db: {"WprofHTMLTag": {"code": "0x9d2dc440", "doc": "http://searchengineland.com/google-maps-ad-traffic-steadily-growing-271908", "row": 97, "column": 25, "tagName": "style", "time": 25809.327950, "url": "", "pos": 1, "chunkLen": 1, "isStartTag": 1}}
06-28 15:45:40.720 13923 13936 E WProf.db: {"WprofHTMLTag": {"code": "0x9d2dc470", "doc": "http://searchengineland.com/google-maps-ad-traffic-steadily-growing-271908", "row": 110, "column": 8, "tagName": "style", "time": 25809.328150, "url": "", "pos": 1, "chunkLen": 1, "isStartTag": 0}}
06-28 15:45:40.720 13923 13936 E WProf.db: {"WprofHTMLTag": {"code": "0x9d2dc6e0", "doc": "http://searchengineland.com/google-maps-ad-traffic-steadily-growing-271908", "row": 111, "column": 140, "tagName": "script", "time": 25809.329622, "url": "http://searchengineland.com/figz/wp-content/themes/searchengineland/js/lib/modernizr.custom.js?ver=1.0", "pos": 1, "chunkLen": 1, "isStartTag": 1}}
06-28 15:45:40.720 13923 13936 E WProf.db: {"WprofHTMLTag": {"code": "0x9d2dc710", "doc": "http://searchengineland.com/google-maps-ad-traffic-steadily-growing-271908", "row": 111, "column": 149, "tagName": "script", "time": 25809.329857, "url": "", "pos": 1, "chunkLen": 1, "isStartTag": 0}}
06-28 15:45:40.720 13923 13936 E WProf.db: {"WprofHTMLTag": {"code": "0x9eab6ee0", "doc": "http://searchengineland.com/google-maps-ad-traffic-steadily-growing-271908", "row": 112, "column": 144, "tagName": "script", "time": 25809.338790, "url": "http://searchengineland.com/figz/wp-content/themes/searchengineland/js/lib/jquery-1.11.0.min.js?ver=1.11.0", "pos": 1, "chunkLen": 1, "isStartTag": 1}}
06-28 15:45:40.720 13923 13936 E WProf.db: {"WprofHTMLTag": {"code": "0x9eab61f0", "doc": "http://searchengineland.com/google-maps-ad-traffic-steadily-growing-271908", "row": 112, "column": 153, "tagName": "script", "time": 25809.339044, "url": "", "pos": 1, "chunkLen": 1, "isStartTag": 0}}
06-28 15:45:40.721 13923 13936 E WProf.db: {"WprofHTMLTag": {"code": "0x9d2db570", "doc": "http://searchengineland.com/google-maps-ad-traffic-steadily-growing-271908", "row": 0, "column": 15, "tagName": "div", "time": 25809.498300, "url": "", "pos": 15, "chunkLen": 44, "isStartTag": 1}}
06-28 15:45:40.721 13923 13936 E WProf.db: {"WprofHTMLTag": {"code": "0x9d2db510", "doc": "http://searchengineland.com/google-maps-ad-traffic-steadily-growing-271908", "row": 0, "column": 21, "tagName": "div", "time": 25809.498463, "url": "", "pos": 21, "chunkLen": 44, "isStartTag": 0}}
06-28 15:45:40.721 13923 13936 E WProf.db: {"WprofHTMLTag": {"code": "0x9d2db4e0", "doc": "http://searchengineland.com/google-maps-ad-traffic-steadily-growing-271908", "row": 0, "column": 38, "tagName": "div", "time": 25809.498532, "url": "", "pos": 38, "chunkLen": 44, "isStartTag": 1}}
06-28 15:45:40.721 13923 13936 E WProf.db: {"WprofHTMLTag": {"code": "0x9d2dc6b0", "doc": "http://searchengineland.com/google-maps-ad-traffic-steadily-growing-271908", "row": 0, "column": 44, "tagName": "div", "time": 25809.498647, "url": "", "pos": 44, "chunkLen": 44, "isStartTag": 0}}
06-28 15:45:40.722 13923 13936 E WProf.db: {"WprofHTMLTag": {"code": "0x9d2dc680", "doc": "http://searchengineland.com/google-maps-ad-traffic-steadily-growing-271908", "row": 0, "column": 13, "tagName": "select", "time": 25809.500329, "url": "", "pos": 13, "chunkLen": 51, "isStartTag": 1}}
06-28 15:45:40.722 13923 13936 E WProf.db: {"WprofHTMLTag": {"code": "0x9d2dc650", "doc": "http://searchengineland.com/google-maps-ad-traffic-steadily-growing-271908", "row": 0, "column": 33, "tagName": "option", "time": 25809.500533, "url": "", "pos": 33, "chunkLen": 51, "isStartTag": 1}}
06-28 15:45:40.722 13923 13936 E WProf.db: {"WprofHTMLTag": {"code": "0x9d2dc620", "doc": "http://searchengineland.com/google-maps-ad-traffic-steadily-growing-271908", "row": 0, "column": 42, "tagName": "option", "time": 25809.500734, "url": "", "pos": 42, "chunkLen": 51, "isStartTag": 0}}
06-28 15:45:40.722 13923 13936 E WProf.db: {"WprofHTMLTag": {"code": "0x9d2dc7a0", "doc": "http://searchengineland.com/google-maps-ad-traffic-steadily-growing-271908", "row": 0, "column": 51, "tagName": "select", "time": 25809.500794, "url": "", "pos": 51, "chunkLen": 51, "isStartTag": 0}}
06-28 15:45:40.725 13923 13936 E WProf.db: {"WprofHTMLTag": {"code": "0x9d2dc7d0", "doc": "http://searchengineland.com/google-maps-ad-traffic-steadily-growing-271908", "row": 0, "column": 12, "tagName": "a", "time": 25809.506380, "url": "", "pos": 12, "chunkLen": 16, "isStartTag": 1}}
06-28 15:45:40.725 13923 13936 E WProf.db: {"WprofHTMLTag": {"code": "0x9d2dc800", "doc": "http://searchengineland.com/google-maps-ad-traffic-steadily-growing-271908", "row": 0, "column": 16, "tagName": "a", "time": 25809.506567, "url": "", "pos": 16, "chunkLen": 16, "isStartTag": 0}}
06-28 15:45:40.725 13923 13936 E WProf.db: {"WprofHTMLTag": {"code": "0x9d2dc830", "doc": "http://searchengineland.com/google-maps-ad-traffic-steadily-growing-271908", "row": 0, "column": 8, "tagName": "input", "time": 25809.507838, "url": "", "pos": 8, "chunkLen": 8, "isStartTag": 1}}
06-28 15:45:40.725 13923 13936 E WProf.db: {"WprofHTMLTag": {"code": "0x9d2dc9e0", "doc": "http://searchengineland.com/google-maps-ad-traffic-steadily-growing-271908", "row": 0, "column": 9, "tagName": "link", "time": 25809.517119, "url": "", "pos": 9, "chunkLen": 42, "isStartTag": 1}}
06-28 15:45:40.725 13923 13936 E WProf.db: {"WprofHTMLTag": {"code": "0x9d2dca10", "doc": "http://searchengineland.com/google-maps-ad-traffic-steadily-growing-271908", "row": 0, "column": 16, "tagName": "table", "time": 25809.517234, "url": "", "pos": 16, "chunkLen": 42, "isStartTag": 1}}
06-28 15:45:40.725 13923 13936 E WProf.db: {"WprofHTMLTag": {"code": "0x9d2dca40", "doc": "http://searchengineland.com/google-maps-ad-traffic-steadily-growing-271908", "row": 0, "column": 24, "tagName": "table", "time": 25809.517339, "url": "", "pos": 24, "chunkLen": 42, "isStartTag": 0}}
06-28 15:45:40.725 13923 13936 E WProf.db: {"WprofHTMLTag": {"code": "0x9d2dca70", "doc": "http://searchengineland.com/google-maps-ad-traffic-steadily-growing-271908", "row": 0, "column": 37, "tagName": "a", "time": 25809.517441, "url": "", "pos": 37, "chunkLen": 42, "isStartTag": 1}}
06-28 15:45:40.725 13923 13936 E WProf.db: {"WprofHTMLTag": {"code": "0x9d2dcaa0", "doc": "http://searchengineland.com/google-maps-ad-traffic-steadily-growing-271908", "row": 0, "column": 42, "tagName": "a", "time": 25809.517658, "url": "", "pos": 42, "chunkLen": 42, "isStartTag": 0}}
06-28 15:45:40.725 13923 13936 E WProf.db: {"WprofHTMLTag": {"code": "0x9d2dcb30", "doc": "http://searchengineland.com/google-maps-ad-traffic-steadily-growing-271908", "row": 0, "column": 10, "tagName": "textarea", "time": 25809.518756, "url": "", "pos": 10, "chunkLen": 22, "isStartTag": 1}}
06-28 15:45:40.726 13923 13936 E WProf.db: {"WprofHTMLTag": {"code": "0x9d2dcb60", "doc": "http://searchengineland.com/google-maps-ad-traffic-steadily-growing-271908", "row": 0, "column": 22, "tagName": "textarea", "time": 25809.519044, "url": "", "pos": 22, "chunkLen": 22, "isStartTag": 0}}
06-28 15:45:40.726 13923 13936 E WProf.db: {"WprofHTMLTag": {"code": "0x9d2dcb90", "doc": "http://searchengineland.com/google-maps-ad-traffic-steadily-growing-271908", "row": 0, "column": 48, "tagName": "input", "time": 25809.520300, "url": "", "pos": 48, "chunkLen": 48, "isStartTag": 1}}
06-28 15:45:40.726 13923 13936 E WProf.db: {"WprofHTMLTag": {"code": "0x9d2dcbf0", "doc": "http://searchengineland.com/google-maps-ad-traffic-steadily-growing-271908", "row": 0, "column": 9, "tagName": "link", "time": 25809.524520, "url": "", "pos": 9, "chunkLen": 66, "isStartTag": 1}}
06-28 15:45:40.726 13923 13936 E WProf.db: {"WprofHTMLTag": {"code": "0x9d2dcc20", "doc": "http://searchengineland.com/google-maps-ad-traffic-steadily-growing-271908", "row": 0, "column": 16, "tagName": "table", "time": 25809.524632, "url": "", "pos": 16, "chunkLen": 66, "isStartTag": 1}}
06-28 15:45:40.726 13923 13936 E WProf.db: {"WprofHTMLTag": {"code": "0x9d2dcc50", "doc": "http://searchengineland.com/google-maps-ad-traffic-steadily-growing-271908", "row": 0, "column": 24, "tagName": "table", "time": 25809.524701, "url": "", "pos": 24, "chunkLen": 66, "isStartTag": 0}}
06-28 15:45:40.726 13923 13936 E WProf.db: {"WprofHTMLTag": {"code": "0x9d2dcc80", "doc": "http://searchengineland.com/google-maps-ad-traffic-steadily-growing-271908", "row": 0, "column": 37, "tagName": "a", "time": 25809.524764, "url": "", "pos": 37, "chunkLen": 66, "isStartTag": 1}}
06-28 15:45:40.726 13923 13936 E WProf.db: {"WprofHTMLTag": {"code": "0x9d2dccb0", "doc": "http://searchengineland.com/google-maps-ad-traffic-steadily-growing-271908", "row": 0, "column": 42, "tagName": "a", "time": 25809.524930, "url": "", "pos": 42, "chunkLen": 66, "isStartTag": 0}}
06-28 15:45:40.726 13923 13936 E WProf.db: {"WprofHTMLTag": {"code": "0x9d2dcce0", "doc": "http://searchengineland.com/google-maps-ad-traffic-steadily-growing-271908", "row": 0, "column": 66, "tagName": "input", "time": 25809.524991, "url": "", "pos": 66, "chunkLen": 66, "isStartTag": 1}}
06-28 15:45:40.726 13923 13936 E WProf.db: {"WprofHTMLTag": {"code": "0x9d2dcd70", "doc": "http://searchengineland.com/google-maps-ad-traffic-steadily-growing-271908", "row": 0, "column": 9, "tagName": "link", "time": 25809.526760, "url": "", "pos": 9, "chunkLen": 66, "isStartTag": 1}}
06-28 15:45:40.728 13923 13936 E WProf.db: {"WprofHTMLTag": {"code": "0x9d2dcda0", "doc": "http://searchengineland.com/google-maps-ad-traffic-steadily-growing-271908", "row": 0, "column": 16, "tagName": "table", "time": 25809.526867, "url": "", "pos": 16, "chunkLen": 66, "isStartTag": 1}}
06-28 15:45:40.728 13923 13936 E WProf.db: {"WprofHTMLTag": {"code": "0x9d2dcdd0", "doc": "http://searchengineland.com/google-maps-ad-traffic-steadily-growing-271908", "row": 0, "column": 24, "tagName": "table", "time": 25809.526955, "url": "", "pos": 24, "chunkLen": 66, "isStartTag": 0}}
06-28 15:45:40.728 13923 13936 E WProf.db: {"WprofHTMLTag": {"code": "0x9d2dce00", "doc": "http://searchengineland.com/google-maps-ad-traffic-steadily-growing-271908", "row": 0, "column": 37, "tagName": "a", "time": 25809.527019, "url": "", "pos": 37, "chunkLen": 66, "isStartTag": 1}}
06-28 15:45:40.728 13923 13936 E WProf.db: {"WprofHTMLTag": {"code": "0x9d2dce30", "doc": "http://searchengineland.com/google-maps-ad-traffic-steadily-growing-271908", "row": 0, "column": 42, "tagName": "a", "time": 25809.527230, "url": "", "pos": 42, "chunkLen": 66, "isStartTag": 0}}
06-28 15:45:40.728 13923 13936 E WProf.db: {"WprofHTMLTag": {"code": "0x9d2dce60", "doc": "http://searchengineland.com/google-maps-ad-traffic-steadily-growing-271908", "row": 0, "column": 66, "tagName": "input", "time": 25809.527306, "url": "", "pos": 66, "chunkLen": 66, "isStartTag": 1}}
06-28 15:45:40.728 13923 13936 E WProf.db: {"WprofHTMLTag": {"code": "0x9d2dcec0", "doc": "http://searchengineland.com/google-maps-ad-traffic-steadily-growing-271908", "row": 0, "column": 9, "tagName": "link", "time": 25809.531319, "url": "", "pos": 9, "chunkLen": 66, "isStartTag": 1}}
06-28 15:45:40.728 13923 13936 E WProf.db: {"WprofHTMLTag": {"code": "0x9d2dcef0", "doc": "http://searchengineland.com/google-maps-ad-traffic-steadily-growing-271908", "row": 0, "column": 16, "tagName": "table", "time": 25809.531424, "url": "", "pos": 16, "chunkLen": 66, "isStartTag": 1}}
06-28 15:45:40.728 13923 13936 E WProf.db: {"WprofHTMLTag": {"code": "0x9d2dcf20", "doc": "http://searchengineland.com/google-maps-ad-traffic-steadily-growing-271908", "row": 0, "column": 24, "tagName": "table", "time": 25809.531492, "url": "", "pos": 24, "chunkLen": 66, "isStartTag": 0}}
06-28 15:45:40.728 13923 13936 E WProf.db: {"WprofHTMLTag": {"code": "0x9d2dcf50", "doc": "http://searchengineland.com/google-maps-ad-traffic-steadily-growing-271908", "row": 0, "column": 37, "tagName": "a", "time": 25809.531563, "url": "", "pos": 37, "chunkLen": 66, "isStartTag": 1}}
06-28 15:45:40.729 13923 13936 E WProf.db: {"WprofHTMLTag": {"code": "0x9d2dcf80", "doc": "http://searchengineland.com/google-maps-ad-traffic-steadily-growing-271908", "row": 0, "column": 42, "tagName": "a", "time": 25809.531778, "url": "", "pos": 42, "chunkLen": 66, "isStartTag": 0}}
06-28 15:45:40.729 13923 13936 E WProf.db: {"WprofHTMLTag": {"code": "0x9d2dcfb0", "doc": "http://searchengineland.com/google-maps-ad-traffic-steadily-growing-271908", "row": 0, "column": 66, "tagName": "input", "time": 25809.531843, "url": "", "pos": 66, "chunkLen": 66, "isStartTag": 1}}
06-28 15:45:40.729 13923 13936 E WProf.db: {"WprofHTMLTag": {"code": "0x9d2dd0d0", "doc": "http://searchengineland.com/google-maps-ad-traffic-steadily-growing-271908", "row": 113, "column": 154, "tagName": "script", "time": 25809.543842, "url": "http://searchengineland.com/figz/wp-content/themes/searchengineland/js/lib/jquery-ui-1.10.3.custom.min.js?ver=1.10.3", "pos": 67, "chunkLen": 67, "isStartTag": 1}}
06-28 15:45:40.729 13923 13936 E WProf.db: {"WprofHTMLTag": {"code": "0x9d2dd100", "doc": "http://searchengineland.com/google-maps-ad-traffic-steadily-growing-271908", "row": 113, "column": 163, "tagName": "script", "time": 25809.544100, "url": "", "pos": 67, "chunkLen": 67, "isStartTag": 0}}
06-28 15:45:40.729 13923 13936 E WProf.db: {"WprofHTMLTag": {"code": "0x9d2dc980", "doc": "http://searchengineland.com/google-maps-ad-traffic-steadily-growing-271908", "row": 0, "column": 111, "tagName": "div", "time": 25809.886959, "url": "", "pos": 111, "chunkLen": 117, "isStartTag": 1}}
06-28 15:45:40.729 13923 13936 E WProf.db: {"WprofHTMLTag": {"code": "0x9d2dc920", "doc": "http://searchengineland.com/google-maps-ad-traffic-steadily-growing-271908", "row": 0, "column": 117, "tagName": "div", "time": 25809.887181, "url": "", "pos": 117, "chunkLen": 117, "isStartTag": 0}}
06-28 15:45:40.729 13923 13936 E WProf.db: {"WprofHTMLTag": {"code": "0x9d2dd400", "doc": "http://searchengineland.com/google-maps-ad-traffic-steadily-growing-271908", "row": 114, "column": 155, "tagName": "script", "time": 25809.914889, "url": "http://searchengineland.com/figz/wp-content/themes/searchengineland/js/lib/jquery.ba-throttle-debounce.min.js?ver=1.1", "pos": 118, "chunkLen": 118, "isStartTag": 1}}
06-28 15:45:40.729 13923 13936 E WProf.db: {"WprofHTMLTag": {"code": "0x9d2dd430", "doc": "http://searchengineland.com/google-maps-ad-traffic-steadily-growing-271908", "row": 114, "column": 164, "tagName": "script", "time": 25809.915154, "url": "", "pos": 118, "chunkLen": 118, "isStartTag": 0}}
06-28 15:45:40.729 13923 13936 E WProf.db: {"WprofHTMLTag": {"code": "0x9d2dd460", "doc": "http://searchengineland.com/google-maps-ad-traffic-steadily-growing-271908", "row": 115, "column": 146, "tagName": "script", "time": 25809.916448, "url": "http://searchengineland.com/figz/wp-content/themes/searchengineland/js/lib/jquery.countdown.min.js?ver=2.0.4", "pos": 118, "chunkLen": 118, "isStartTag": 1}}
06-28 15:45:40.729 13923 13936 E WProf.db: {"WprofHTMLTag": {"code": "0x9d2dd490", "doc": "http://searchengineland.com/google-maps-ad-traffic-steadily-growing-271908", "row": 115, "column": 155, "tagName": "script", "time": 25809.916687, "url": "", "pos": 118, "chunkLen": 118, "isStartTag": 0}}
06-28 15:45:40.729 13923 13936 E WProf.db: {"WprofHTMLTag": {"code": "0x9d2dd4c0", "doc": "http://searchengineland.com/google-maps-ad-traffic-steadily-growing-271908", "row": 116, "column": 77, "tagName": "link", "time": 25809.919346, "url": "http://searchengineland.com/wp-json/", "pos": 118, "chunkLen": 118, "isStartTag": 1}}
06-28 15:45:40.729 13923 13936 E WProf.db: {"WprofHTMLTag": {"code": "0x9d2dd4f0", "doc": "http://searchengineland.com/google-maps-ad-traffic-steadily-growing-271908", "row": 117, "column": 69, "tagName": "link", "time": 25809.919579, "url": "http://searchengineland.com/?p=271908", "pos": 118, "chunkLen": 118, "isStartTag": 1}}
06-28 15:45:40.729 13923 13936 E WProf.db: {"WprofHTMLTag": {"code": "0x9d2dd520", "doc": "http://searchengineland.com/google-maps-ad-traffic-steadily-growing-271908", "row": 118, "column": 202, "tagName": "link", "time": 25809.919775, "url": "http://searchengineland.com/wp-json/oembed/1.0/embed?url=http%3A%2F%2Fsearchengineland.com%2Fgoogle-maps-ad-traffic-steadily-growing-271908", "pos": 118, "chunkLen": 118, "isStartTag": 1}}
