--------- beginning of main
06-28 11:24:34.660  3449  3449 E Finsky  : [1] com.google.android.finsky.wear.bl.a(3): onConnectionFailed: ConnectionResult{statusCode=API_UNAVAILABLE, resolution=null, message=null}
--------- beginning of system
06-28 11:24:35.725 19563 19563 E chromium: [ERROR:shell_integration_android.cc(12)] Not implemented reached in static ShellIntegration::DefaultWebClientSetPermission ShellIntegration::CanSetAsDefaultBrowser()
06-28 11:24:35.729 19563 19563 E chromium: [ERROR:browser_process_impl.cc(720)] Not implemented reached in virtual BackgroundModeManager* BrowserProcessImpl::background_mode_manager()
06-28 11:24:36.029  3218 13864 E AudioRecord-JNI: Error -4 during AudioRecord native read
06-28 11:24:38.515 19563 19608 E chromium: [ERROR:gles2_cmd_decoder.cc(3852)] [.ChromiumCompositor-0xacbb2fc0]GL ERROR :GL_INVALID_ENUM : glDiscardFramebufferEXT: attachments was GL_COLOR_EXT
06-28 11:24:38.772 19630 19643 E WPROF   : {"CSS": {"url": "http://searchengineland.com/figz/wp-content/themes/searchengineland/css/searchengineland-bootstrap.css", "requestTime": 10155.827251}}
06-28 11:24:38.772 19630 19643 E WPROF   : {"CSS": {"url": "http://fonts.googleapis.com/css?family=Oswald:300,400,700", "requestTime": 10155.827850}}
06-28 11:24:38.773 19630 19643 E WPROF   : {"CSS": {"url": "http://searchengineland.com/figz/wp-content/themes/searchengineland/style.css", "requestTime": 10155.828397}}
06-28 11:24:38.780 19630 19643 E WPROF   : {"Javascript": {"url": "http://searchengineland.com/figz/wp-content/themes/searchengineland/js/lib/modernizr.custom.js?ver=1.0", "requestTime": 10155.835672}}
06-28 11:24:38.780 19630 19643 E WPROF   : {"Javascript": {"url": "http://searchengineland.com/figz/wp-content/themes/searchengineland/js/lib/jquery-1.11.0.min.js?ver=1.11.0", "requestTime": 10155.836192}}
06-28 11:24:38.781 19630 19643 E WPROF   : {"Javascript": {"url": "http://searchengineland.com/figz/wp-content/themes/searchengineland/js/lib/jquery-ui-1.10.3.custom.min.js?ver=1.10.3", "requestTime": 10155.836562}}
06-28 11:24:38.781 19630 19643 E WPROF   : {"Javascript": {"url": "http://searchengineland.com/figz/wp-content/themes/searchengineland/js/lib/jquery.ba-throttle-debounce.min.js?ver=1.1", "requestTime": 10155.836929}}
06-28 11:24:38.782 19630 19643 E WPROF   : {"Javascript": {"url": "http://searchengineland.com/figz/wp-content/themes/searchengineland/js/lib/jquery.countdown.min.js?ver=2.0.4", "requestTime": 10155.837324}}
06-28 11:24:38.783 19630 19643 E WPROF   : {"Javascript": {"url": "http://static.chartbeat.com/js/chartbeat_mab.js", "requestTime": 10155.839054}}
06-28 11:24:39.341 19630 19643 E WPROF   : {"Javascript": {"url": "http://searchengineland.com/figz/wp-includes/js/wp-emoji-release.min.js?ver=4.7.5", "requestTime": 10156.396837}}
06-28 11:24:39.882 19630 19643 E WPROF   : {"Javascript": {"url": "http://www.googletagservices.com/tag/js/gpt.js", "requestTime": 10156.938087}}
06-28 11:24:39.888 19630 19643 E WPROF   : {"Javascript": {"url": "https://www.google-analytics.com/analytics.js", "requestTime": 10156.943838}}
06-28 11:24:39.891 19630 19643 E WPROF   : {"Javascript": {"url": "http://edge.quantserve.com/quant.js", "requestTime": 10156.946474}}
06-28 11:24:39.894 19630 19643 E WPROF   : {"Javascript": {"url": "https://connect.facebook.net/en_US/fbevents.js", "requestTime": 10156.949629}}
06-28 11:24:39.961 19563 19608 E chromium: [ERROR:gles2_cmd_decoder.cc(3852)] [.ChromiumCompositor-0xacbb2fc0]GL ERROR :GL_INVALID_ENUM : glDiscardFramebufferEXT: attachments was GL_COLOR_EXT
06-28 11:24:40.004 19630 19643 E WPROF   : {"Javascript": {"url": "http://app-sj02.marketo.com/js/forms2/js/forms2.min.js", "requestTime": 10157.060153}}
06-28 11:24:40.114 19563 19608 E chromium: [ERROR:gles2_cmd_decoder.cc(3852)] [.ChromiumCompositor-0xacbb2fc0]GL ERROR :GL_INVALID_ENUM : glDiscardFramebufferEXT: attachments was GL_COLOR_EXT
06-28 11:24:40.150 19630 19643 E WPROF   : {"Javascript": {"url": "https://connect.facebook.net/signals/config/423979991297359?v=2.7.17", "requestTime": 10157.205383}}
06-28 11:24:40.155 19630 19643 E WPROF   : {"Javascript": {"url": "https://securepubads.g.doubleclick.net/gpt/pubads_impl_121.js", "requestTime": 10157.211166}}
06-28 11:24:40.210 19563 19608 E chromium: [ERROR:gles2_cmd_decoder.cc(3852)] [.ChromiumCompositor-0xacbb2fc0]GL ERROR :GL_INVALID_ENUM : glDiscardFramebufferEXT: attachments was GL_COLOR_EXT
06-28 11:24:40.475 19630 19643 E WPROF   : {"Javascript": {"url": "http://app-sj02.marketo.com/index.php/form/getForm?munchkinId=727-ZQE-044&form=5691&url=http%3A%2F%2Fsearchengineland.com%2Fgoogle-assistant-guide-270312&callback=jQuery11020776235822122544_1498616680369&_=1498616680370", "requestTime": 10157.531174}}
06-28 11:24:40.496 19630 19643 E WPROF   : {"Javascript": {"url": "http://app-sj02.marketo.com/index.php/form/getForm?munchkinId=727-ZQE-044&form=5685&url=http%3A%2F%2Fsearchengineland.com%2Fgoogle-assistant-guide-270312&callback=jQuery11020776235822122544_1498616680371&_=1498616680372", "requestTime": 10157.551316}}
06-28 11:24:40.798 19563 19608 E chromium: [ERROR:gles2_cmd_decoder.cc(3852)] [.ChromiumCompositor-0xacbb2fc0]GL ERROR :GL_INVALID_ENUM : glDiscardFramebufferEXT: attachments was GL_COLOR_EXT
06-28 11:24:40.849 19630 19643 E WPROF   : {"Javascript": {"url": "http://app-sj02.marketo.com/index.php/form/getForm?munchkinId=727-ZQE-044&form=5673&url=http%3A%2F%2Fsearchengineland.com%2Fgoogle-assistant-guide-270312&callback=jQuery11020776235822122544_1498616680373&_=1498616680374", "requestTime": 10157.904874}}
06-28 11:24:40.857 19630 19643 E WPROF   : {"Javascript": {"url": "http://searchengineland.com/js/ga_social_tracking.js", "requestTime": 10157.913042}}
06-28 11:24:40.859 19630 19643 E WPROF   : {"Javascript": {"url": "http://s7.addthis.com/js/300/addthis_widget.js#pubid=ra-53e918f660794f37", "requestTime": 10157.915041}}
06-28 11:24:40.963 19630 19643 E WPROF   : {"Javascript": {"url": "https://static.xx.fbcdn.net/rsrc.php/v3iy6L4/yk/l/ko_KR/be4fIjHRc8P.js", "requestTime": 10158.018604}}
06-28 11:24:41.161 19630 19643 E WPROF   : {"Javascript": {"url": "http://cdn.api.twitter.com/1/users/show.json?screen_name=dannysullivan&callback=twttr.setFollowersCount", "requestTime": 10158.216827}}
06-28 11:24:41.250 19563 19608 E chromium: [ERROR:gles2_cmd_decoder.cc(3852)] [.ChromiumCompositor-0xacbb2fc0]GL ERROR :GL_INVALID_ENUM : glDiscardFramebufferEXT: attachments was GL_COLOR_EXT
06-28 11:24:41.259   862  1657 E LocSvc_IzatApiV02: E/virtual int izat_core::IzatApiV02::getBatchSize(int32_t):522]: Error : st = 4, ind.status = -1628389555
06-28 11:24:41.260   862  1657 E LocSvc_IzatApiV02: E/virtual int izat_core::IzatApiV02::getBatchSize(int32_t):535]: get batching size failed.Or modem does not support batching 
06-28 11:24:41.271   862  1657 E LocSvc_IzatApiV02: E/virtual int izat_core::IzatApiV02::getBatchSize(int32_t):522]: Error : st = 4, ind.status = -1628389555
06-28 11:24:41.271   862  1657 E LocSvc_IzatApiV02: E/virtual int izat_core::IzatApiV02::getBatchSize(int32_t):535]: get batching size failed.Or modem does not support batching 
06-28 11:24:41.302   862  1657 E LocSvc_IzatApiV02: E/virtual int izat_core::IzatApiV02::getBatchSize(int32_t):522]: Error : st = 4, ind.status = -1628389555
06-28 11:24:41.302   862  1657 E LocSvc_IzatApiV02: E/virtual int izat_core::IzatApiV02::getBatchSize(int32_t):535]: get batching size failed.Or modem does not support batching 
06-28 11:24:41.311   862  1657 E LocSvc_IzatApiV02: E/virtual int izat_core::IzatApiV02::getBatchSize(int32_t):522]: Error : st = 4, ind.status = -1628389555
06-28 11:24:41.311   862  1657 E LocSvc_IzatApiV02: E/virtual int izat_core::IzatApiV02::getBatchSize(int32_t):535]: get batching size failed.Or modem does not support batching 
06-28 11:24:41.784 19630 19643 E WPROF   : {"Javascript": {"url": "https://securepubads.g.doubleclick.net/gampad/ads?gdfp_req=1&correlator=3966533241929728&output=json_html&callback=googletag.impl.pubads.callbackProxy1&impl=fifs&json_a=1&eid=108809080%2C108809107&sc=0&sfv=1-0-9&iu_parts=1038259%2Csel-ciu-1%2Csel-ciu-2%2Csel-ciu-3%2Csel-ciu-4%2Csel-ciu-5%2Cch-mobile", "requestTime": 10158.839786}}
06-28 11:24:41.804 19630 19643 E WPROF   : {"CSS": {"url": "http://app-sj02.marketo.com/js/forms2/css/forms2.css", "requestTime": 10158.860092}}
06-28 11:24:41.808 19630 19643 E WPROF   : {"CSS": {"url": "http://app-sj02.marketo.com/js/forms2/css/forms2-theme-simple.css", "requestTime": 10158.863332}}
06-28 11:24:41.962 19563 19608 E chromium: [ERROR:gles2_cmd_decoder.cc(3852)] [.ChromiumCompositor-0xacbb2fc0]GL ERROR :GL_INVALID_ENUM : glDiscardFramebufferEXT: attachments was GL_COLOR_EXT
06-28 11:24:42.540 19630 19643 E WPROF   : {"Javascript": {"url": "http://platform.twitter.com/widgets.js", "requestTime": 10159.596110}}
06-28 11:24:42.542 19630 19643 E WPROF   : {"Javascript": {"url": "http://connect.facebook.net/en_US/sdk.js", "requestTime": 10159.597737}}
06-28 11:24:42.545 19630 19643 E WPROF   : {"Javascript": {"url": "https://apis.google.com/js/platform.js", "requestTime": 10159.600926}}
06-28 11:24:42.564 19630 19643 E WPROF   : {"Javascript": {"url": "http://rules.quantcount.com/rules-p-5aGizvD82d9hk.js", "requestTime": 10159.619498}}
06-28 11:24:42.570 19630 19643 E WPROF   : {"Javascript": {"url": "http://munchkin.marketo.net/munchkin.js", "requestTime": 10159.625307}}
06-28 11:24:42.675 19563 19608 E chromium: [ERROR:gles2_cmd_decoder.cc(3852)] [.ChromiumCompositor-0xacbb2fc0]GL ERROR :GL_INVALID_ENUM : glDiscardFramebufferEXT: attachments was GL_COLOR_EXT
06-28 11:24:42.726 19630 19643 E WPROF   : {"Javascript": {"url": "http://d2j3qa5nc37287.cloudfront.net/coupon_code1.js", "requestTime": 10159.782106}}
06-28 11:24:42.837 19630 19643 E WPROF   : {"Javascript": {"url": "http://www.googleadservices.com/pagead/conversion.js", "requestTime": 10159.892860}}
06-28 11:24:42.838 19630 19643 E WPROF   : {"Javascript": {"url": "http://searchengineland.com/figz/wp-content/themes/searchengineland/js/script.js?ver=1.0", "requestTime": 10159.893451}}
06-28 11:24:42.838 19630 19643 E WPROF   : {"Javascript": {"url": "http://searchengineland.com/figz/wp-includes/js/wp-embed.min.js?ver=4.7.5", "requestTime": 10159.893865}}
06-28 11:24:42.839 19630 19643 E WPROF   : {"Javascript": {"url": "http://searchengineland.com/figz/wp-content/themes/searchengineland/js/modules/sharing_controls.js", "requestTime": 10159.894370}}
06-28 11:24:42.875 19563 19608 E chromium: [ERROR:gles2_cmd_decoder.cc(3852)] [.ChromiumCompositor-0xacbb2fc0]GL ERROR :GL_INVALID_ENUM : glDiscardFramebufferEXT: attachments was GL_COLOR_EXT
06-28 11:24:42.926 19630 19643 E WPROF   : {"CSS": {"url": "https://www.youtube.com/yts/cssbin/www-embed-player-sprite-mode-vfl5G4Xm8.css", "requestTime": 10159.982021}}
06-28 11:24:42.928 19630 19643 E WPROF   : {"Javascript": {"url": "https://www.youtube.com/yts/jsbin/www-embed-player-vfl_UY_j8/www-embed-player.js", "requestTime": 10159.984045}}
06-28 11:24:42.929 19630 19643 E WPROF   : {"Javascript": {"url": "https://www.youtube.com/yts/jsbin/player-vflo1w4O-/ko_KR/base.js", "requestTime": 10159.984376}}
06-28 11:24:43.079 19563 19608 E chromium: [ERROR:gles2_cmd_decoder.cc(3852)] [.ChromiumCompositor-0xacbb2fc0]GL ERROR :GL_INVALID_ENUM : glDiscardFramebufferEXT: attachments was GL_COLOR_EXT
06-28 11:24:44.053 19630 19643 E WPROF   : {"Javascript": {"url": "http://m.addthisedge.com/live/boost/ra-53e918f660794f37/_ate.track.config_resp", "requestTime": 10161.109156}}
06-28 11:24:44.124 19630 19643 E WPROF   : {"Javascript": {"url": "http://m.addthis.com/live/red_lojson/300lo.json?si=5953136a2eb8db67&bkl=0&bl=1&pdt=2439&sid=5953136a2eb8db67&pub=ra-53e918f660794f37&rev=v7.15.4-wp&ln=ko&pc=men&cb=0&ab=-&dp=searchengineland.com&fp=google-assistant-guide-270312&fr=&of=0&pd=0&irt=0&vcl=0&md=0&ct=1&tct=0&abt=0&cdn=0&pi=1&rb=0&gen=100&", "requestTime": 10161.179866}}
06-28 11:24:44.469 19563 19608 E chromium: [ERROR:gles2_cmd_decoder.cc(3852)] [.ChromiumCompositor-0xacbb2fc0]GL ERROR :GL_INVALID_ENUM : glDiscardFramebufferEXT: attachments was GL_COLOR_EXT
06-28 11:24:44.546 19630 19643 E WPROF   : {"Javascript": {"url": "http://dnn506yrbagrg.cloudfront.net/pages/scripts/0026/4062.js?416282", "requestTime": 10161.601742}}
06-28 11:24:44.770 19563 19608 E chromium: [ERROR:gles2_cmd_decoder.cc(3852)] [.ChromiumCompositor-0xacbb2fc0]GL ERROR :GL_INVALID_ENUM : glDiscardFramebufferEXT: attachments was GL_COLOR_EXT
06-28 11:24:45.705 19630 19643 E WPROF   : {"Javascript": {"url": "https://www.google.com/js/bg/KWBfAnWFESAEEaKKgdYlTHY9ysQaNoQuzeMFqvxDSM8.js", "requestTime": 10162.761002}}
06-28 11:24:45.712 19630 19643 E WPROF   : {"Javascript": {"url": "https://static.doubleclick.net/instream/ad_status.js", "requestTime": 10162.767777}}
06-28 11:24:46.046 19563 19608 E chromium: [ERROR:gles2_cmd_decoder.cc(3852)] [.ChromiumCompositor-0xacbb2fc0]GL ERROR :GL_INVALID_ENUM : glDiscardFramebufferEXT: attachments was GL_COLOR_EXT
06-28 11:24:46.515 19563 19608 E chromium: [ERROR:gles2_cmd_decoder.cc(3852)] [.ChromiumCompositor-0xacbb2fc0]GL ERROR :GL_INVALID_ENUM : glDiscardFramebufferEXT: attachments was GL_COLOR_EXT
06-28 11:24:46.894 19630 19643 E WPROF   : {"Javascript": {"url": "https://tpc.googlesyndication.com/pagead/js/r20170619/r20110914/client/ext/m_window_focus_non_hydra.js", "requestTime": 10163.949772}}
06-28 11:24:46.896 19630 19643 E WPROF   : {"Javascript": {"url": "https://tpc.googlesyndication.com/pagead/js/r20170619/r20110914/activeview/osd_listener.js", "requestTime": 10163.951651}}
06-28 11:24:46.901 19630 19643 E WPROF   : {"Javascript": {"url": "http://pagead2.googlesyndication.com/pagead/osd.js", "requestTime": 10163.956217}}
06-28 11:24:47.155 19630 19643 E WPROF   : {"Javascript": {"url": "https://platform.twitter.com/js/button.b731e6c82269f70f6fc53634e044a4c6.js", "requestTime": 10164.210863}}
06-28 11:24:47.161 19630 19643 E WPROF   : {"Javascript": {"url": "http://munchkin.marketo.net/151/munchkin.js", "requestTime": 10164.217049}}
06-28 11:24:47.168 19630 19643 E WPROF   : {"Javascript": {"url": "http://www.justuno.com/ajax/account_version_check.html?id=828FA275-FF73-401E-AA39-40F5A6FAB6B1", "requestTime": 10164.223498}}
06-28 11:24:47.393 19630 19643 E WPROF   : {"Javascript": {"url": "http://s7.addthis.com/static/layers.4acb6c577b51939661ec.js", "requestTime": 10164.448524}}
06-28 11:24:47.453 19563 19608 E chromium: [ERROR:gles2_cmd_decoder.cc(3852)] [.ChromiumCompositor-0xacbb2fc0]GL ERROR :GL_INVALID_ENUM : glDiscardFramebufferEXT: attachments was GL_COLOR_EXT
06-28 11:24:47.713 19563 19608 E chromium: [ERROR:gles2_cmd_decoder.cc(3852)] [.ChromiumCompositor-0xacbb2fc0]GL ERROR :GL_INVALID_ENUM : glDiscardFramebufferEXT: attachments was GL_COLOR_EXT
06-28 11:24:47.858 19563 19608 E chromium: [ERROR:gles2_cmd_decoder.cc(3852)] [.ChromiumCompositor-0xacbb2fc0]GL ERROR :GL_INVALID_ENUM : glDiscardFramebufferEXT: attachments was GL_COLOR_EXT
06-28 11:24:48.060 19563 19608 E chromium: [ERROR:gles2_cmd_decoder.cc(3852)] [.ChromiumCompositor-0xacbb2fc0]GL ERROR :GL_INVALID_ENUM : glDiscardFramebufferEXT: attachments was GL_COLOR_EXT
06-28 11:24:48.200 19563 19608 E chromium: [ERROR:gles2_cmd_decoder.cc(3852)] [.ChromiumCompositor-0xacbb2fc0]GL ERROR :GL_INVALID_ENUM : glDiscardFramebufferEXT: attachments was GL_COLOR_EXT
06-28 11:24:48.222 19630 19643 E WPROF   : {"Javascript": {"url": "https://app-sj02.marketo.com/js/forms2/js/forms2.min.js", "requestTime": 10165.278067}}
06-28 11:24:48.245 19563 19608 E chromium: [ERROR:gles2_cmd_decoder.cc(3852)] [.ChromiumCompositor-0xacbb2fc0]GL ERROR :GL_INVALID_ENUM : glDiscardFramebufferEXT: attachments was GL_COLOR_EXT
06-28 11:24:50.565 19630 19643 E WPROF   : {"Javascript": {"url": "http://cdn.justuno.com/mwgt_3.6.js", "requestTime": 10167.620287}}
06-28 11:24:50.794 19563 19608 E chromium: [ERROR:gles2_cmd_decoder.cc(3852)] [.ChromiumCompositor-0xacbb2fc0]GL ERROR :GL_INVALID_ENUM : glDiscardFramebufferEXT: attachments was GL_COLOR_EXT
06-28 11:24:50.878 19563 19608 E chromium: [ERROR:gles2_cmd_decoder.cc(3852)] [.ChromiumCompositor-0xacbb2fc0]GL ERROR :GL_INVALID_ENUM : glDiscardFramebufferEXT: attachments was GL_COLOR_EXT
06-28 11:24:51.961 19630 19643 E WPROF   : {"Javascript": {"url": "https://cdn.syndication.twimg.com/widgets/followbutton/info.json?callback=__twttr.setFollowersCountAndFollowing&lang=en&screen_names=sengineland", "requestTime": 10169.016209}}
06-28 11:24:52.356 19563 19608 E chromium: [ERROR:gles2_cmd_decoder.cc(3852)] [.ChromiumCompositor-0xacbb2fc0]GL ERROR :GL_INVALID_ENUM : glDiscardFramebufferEXT: attachments was GL_COLOR_EXT
06-28 11:24:52.399 19630 19643 E WProf.db: {"page": "searchengineland.com_google-assistant-guide-270312"}
06-28 11:24:52.399 19630 19643 E WProf.db: {"DOMLoad": 10169.454526}
06-28 11:24:52.399 19630 19643 E WProf.db: {"Resource": {"id": 1, "url": "http://searchengineland.com/google-assistant-guide-270312", "sentTime": -1.000000, "len": 105760, "from": "0x0", "mimeType": "text/html", "contentLength": -1, "httpStatus": 200, "connId": 19, "connReused": 1, "cached": 0,"requestTime": 10155.478986, "proxyStart": -1, "proxyEnd": -1, "dnsStart": -1, "dnsEnd": -1, "connectStart": 0, "connectEnd": 115, "sendStart": 115, "sendEnd": 116, "receiveHeadersEnd": 267, "sslStart": -1, "sslEnd": -1}}
06-28 11:24:52.399 19630 19643 E WProf.db: {"ReceivedChunk": {"receivedTime": 10155.753034, "len": 12547}}
06-28 11:24:52.399 19630 19643 E WProf.db: {"ReceivedChunk": {"receivedTime": 10155.816162, "len": 32768}}
06-28 11:24:52.399 19630 19643 E WProf.db: {"ReceivedChunk": {"receivedTime": 10155.816580, "len": 23871}}
06-28 11:24:52.399 19630 19643 E WProf.db: {"ReceivedChunk": {"receivedTime": 10155.891479, "len": 4420}}
06-28 11:24:52.400 19630 19643 E WProf.db: {"ReceivedChunk": {"receivedTime": 10155.892563, "len": 26704}}
06-28 11:24:52.400 19630 19643 E WProf.db: {"ReceivedChunk": {"receivedTime": 10155.893006, "len": 5450}}
06-28 11:24:52.400 19630 19643 E WProf.db: {"WprofHTMLTag": {"code": "0xaedcc630", "doc": "http://searchengineland.com/google-assistant-guide-270312", "row": 6, "column": 42, "tagName": "html", "time": 10155.821098, "url": "", "pos": 1, "chunkLen": 1, "isStartTag": 1}}
06-28 11:24:52.400 19630 19643 E WProf.db: {"WprofHTMLTag": {"code": "0xaf047760", "doc": "http://searchengineland.com/google-assistant-guide-270312", "row": 7, "column": 6, "tagName": "head", "time": 10155.821590, "url": "", "pos": 1, "chunkLen": 1, "isStartTag": 1}}
06-28 11:24:52.400 19630 19643 E WProf.db: {"WprofHTMLTag": {"code": "0xaf047790", "doc": "http://searchengineland.com/google-assistant-guide-270312", "row": 8, "column": 54, "tagName": "meta", "time": 10155.821636, "url": "", "pos": 1, "chunkLen": 1, "isStartTag": 1}}
06-28 11:24:52.400 19630 19643 E WProf.db: {"WprofHTMLTag": {"code": "0xaf0477c0", "doc": "http://searchengineland.com/google-assistant-guide-270312", "row": 9, "column": 68, "tagName": "meta", "time": 10155.821779, "url": "", "pos": 1, "chunkLen": 1, "isStartTag": 1}}
06-28 11:24:52.401 19630 19643 E WProf.db: {"WprofHTMLTag": {"code": "0xaf0478b0", "doc": "http://searchengineland.com/google-assistant-guide-270312", "row": 10, "column": 23, "tagName": "meta", "time": 10155.821958, "url": "", "pos": 1, "chunkLen": 1, "isStartTag": 1}}
06-28 11:24:52.401 19630 19643 E WProf.db: {"WprofHTMLTag": {"code": "0xaf0478e0", "doc": "http://searchengineland.com/google-assistant-guide-270312", "row": 11, "column": 52, "tagName": "meta", "time": 10155.822080, "url": "", "pos": 1, "chunkLen": 1, "isStartTag": 1}}
06-28 11:24:52.401 19630 19643 E WProf.db: {"WprofHTMLTag": {"code": "0xaf047910", "doc": "http://searchengineland.com/google-assistant-guide-270312", "row": 14, "column": 56, "tagName": "meta", "time": 10155.822208, "url": "", "pos": 1, "chunkLen": 1, "isStartTag": 1}}
06-28 11:24:52.401 19630 19643 E WProf.db: {"WprofHTMLTag": {"code": "0xaf047940", "doc": "http://searchengineland.com/google-assistant-guide-270312", "row": 15, "column": 83, "tagName": "meta", "time": 10155.822311, "url": "", "pos": 1, "chunkLen": 1, "isStartTag": 1}}
06-28 11:24:52.401 19630 19643 E WProf.db: {"WprofHTMLTag": {"code": "0xaf047970", "doc": "http://searchengineland.com/google-assistant-guide-270312", "row": 16, "column": 57, "tagName": "meta", "time": 10155.822415, "url": "", "pos": 1, "chunkLen": 1, "isStartTag": 1}}
06-28 11:24:52.401 19630 19643 E WProf.db: {"WprofHTMLTag": {"code": "0xaf047a00", "doc": "http://searchengineland.com/google-assistant-guide-270312", "row": 17, "column": 41, "tagName": "meta", "time": 10155.822527, "url": "", "pos": 1, "chunkLen": 1, "isStartTag": 1}}
06-28 11:24:52.402 19630 19643 E WProf.db: {"WprofHTMLTag": {"code": "0xaf047a30", "doc": "http://searchengineland.com/google-assistant-guide-270312", "row": 18, "column": 50, "tagName": "meta", "time": 10155.822637, "url": "", "pos": 1, "chunkLen": 1, "isStartTag": 1}}
06-28 11:24:52.402 19630 19643 E WProf.db: {"WprofHTMLTag": {"code": "0xaf047a60", "doc": "http://searchengineland.com/google-assistant-guide-270312", "row": 19, "column": 174, "tagName": "meta", "time": 10155.822747, "url": "", "pos": 1, "chunkLen": 1, "isStartTag": 1}}
06-28 11:24:52.402 19630 19643 E WProf.db: {"WprofHTMLTag": {"code": "0xaf0479d0", "doc": "http://searchengineland.com/google-assistant-guide-270312", "row": 20, "column": 47, "tagName": "meta", "time": 10155.822867, "url": "", "pos": 1, "chunkLen": 1, "isStartTag": 1}}
06-28 11:24:52.402 19630 19643 E WProf.db: {"WprofHTMLTag": {"code": "0xaf0479a0", "doc": "http://searchengineland.com/google-assistant-guide-270312", "row": 21, "column": 67, "tagName": "meta", "time": 10155.822970, "url": "", "pos": 1, "chunkLen": 1, "isStartTag": 1}}
06-28 11:24:52.402 19630 19643 E WProf.db: {"WprofHTMLTag": {"code": "0xaf047a90", "doc": "http://searchengineland.com/google-assistant-guide-270312", "row": 22, "column": 57, "tagName": "meta", "time": 10155.823076, "url": "", "pos": 1, "chunkLen": 1, "isStartTag": 1}}
06-28 11:24:52.402 19630 19643 E WProf.db: {"WprofHTMLTag": {"code": "0xaf047ac0", "doc": "http://searchengineland.com/google-assistant-guide-270312", "row": 23, "column": 65, "tagName": "meta", "time": 10155.823183, "url": "", "pos": 1, "chunkLen": 1, "isStartTag": 1}}
06-28 11:24:52.402 19630 19643 E WProf.db: {"WprofHTMLTag": {"code": "0xaf047af0", "doc": "http://searchengineland.com/google-assistant-guide-270312", "row": 24, "column": 55, "tagName": "meta", "time": 10155.823288, "url": "", "pos": 1, "chunkLen": 1, "isStartTag": 1}}
06-28 11:24:52.402 19630 19643 E WProf.db: {"WprofHTMLTag": {"code": "0xaf047b20", "doc": "http://searchengineland.com/google-assistant-guide-270312", "row": 25, "column": 71, "tagName": "meta", "time": 10155.823395, "url": "", "pos": 1, "chunkLen": 1, "isStartTag": 1}}
06-28 11:24:52.403 19630 19643 E WProf.db: {"WprofHTMLTag": {"code": "0xaf047b50", "doc": "http://searchengineland.com/google-assistant-guide-270312", "row": 26, "column": 86, "tagName": "meta", "time": 10155.823497, "url": "", "pos": 1, "chunkLen": 1, "isStartTag": 1}}
06-28 11:24:52.403 19630 19643 E WProf.db: {"WprofHTMLTag": {"code": "0xaf047b80", "doc": "http://searchengineland.com/google-assistant-guide-270312", "row": 27, "column": 54, "tagName": "meta", "time": 10155.823603, "url": "", "pos": 1, "chunkLen": 1, "isStartTag": 1}}
06-28 11:24:52.403 19630 19643 E WProf.db: {"WprofHTMLTag": {"code": "0xaf047bb0", "doc": "http://searchengineland.com/google-assistant-guide-270312", "row": 29, "column": 39, "tagName": "meta", "time": 10155.823708, "url": "", "pos": 1, "chunkLen": 1, "isStartTag": 1}}
06-28 11:24:52.403 19630 19643 E WProf.db: {"WprofHTMLTag": {"code": "0xaf047be0", "doc": "http://searchengineland.com/google-assistant-guide-270312", "row": 30, "column": 183, "tagName": "meta", "time": 10155.823816, "url": "", "pos": 1, "chunkLen": 1, "isStartTag": 1}}
06-28 11:24:52.403 19630 19643 E WProf.db: {"WprofHTMLTag": {"code": "0xaf047c10", "doc": "http://searchengineland.com/google-assistant-guide-270312", "row": 31, "column": 55, "tagName": "meta", "time": 10155.823920, "url": "", "pos": 1, "chunkLen": 1, "isStartTag": 1}}
06-28 11:24:52.403 19630 19643 E WProf.db: {"WprofHTMLTag": {"code": "0xaf047c40", "doc": "http://searchengineland.com/google-assistant-guide-270312", "row": 32, "column": 54, "tagName": "meta", "time": 10155.824026, "url": "", "pos": 1, "chunkLen": 1, "isStartTag": 1}}
06-28 11:24:52.403 19630 19643 E WProf.db: {"WprofHTMLTag": {"code": "0xaf047c70", "doc": "http://searchengineland.com/google-assistant-guide-270312", "row": 33, "column": 131, "tagName": "meta", "time": 10155.824133, "url": "", "pos": 1, "chunkLen": 1, "isStartTag": 1}}
06-28 11:24:52.404 19630 19643 E WProf.db: {"WprofHTMLTag": {"code": "0xaf047ca0", "doc": "http://searchengineland.com/google-assistant-guide-270312", "row": 37, "column": 36, "tagName": "script", "time": 10155.824239, "url": "", "pos": 1, "chunkLen": 1, "isStartTag": 1}}
06-28 11:24:52.404 19630 19643 E WProf.db: {"WprofHTMLTag": {"code": "0xaf047cd0", "doc": "http://searchengineland.com/google-assistant-guide-270312", "row": 53, "column": 10, "tagName": "script", "time": 10155.824476, "url": "", "pos": 1, "chunkLen": 1, "isStartTag": 0}}
06-28 11:24:52.404 19630 19643 E WProf.db: {"WprofHTMLTag": {"code": "0xaedcc660", "doc": "http://searchengineland.com/google-assistant-guide-270312", "row": 55, "column": 86, "tagName": "link", "time": 10155.825961, "url": "http://searchengineland.com/apple-touch-icon.png", "pos": 1, "chunkLen": 1, "isStartTag": 1}}
06-28 11:24:52.404 19630 19643 E WProf.db: {"WprofHTMLTag": {"code": "0xaf047d00", "doc": "http://searchengineland.com/google-assistant-guide-270312", "row": 56, "column": 76, "tagName": "link", "time": 10155.826246, "url": "http://searchengineland.com/favicon.ico", "pos": 1, "chunkLen": 1, "isStartTag": 1}}
06-28 11:24:52.404 19630 19643 E WProf.db: {"WprofHTMLTag": {"code": "0xaf047d30", "doc": "http://searchengineland.com/google-assistant-guide-270312", "row": 57, "column": 158, "tagName": "link", "time": 10155.826437, "url": "http://feeds.searchengineland.com/searchengineland", "pos": 1, "chunkLen": 1, "isStartTag": 1}}
06-28 11:24:52.404 19630 19643 E WProf.db: {"WprofHTMLTag": {"code": "0xaf047d60", "doc": "http://searchengineland.com/google-assistant-guide-270312", "row": 58, "column": 149, "tagName": "link", "time": 10155.826699, "url": "http://feeds.searchengineland.com/searchcap", "pos": 1, "chunkLen": 1, "isStartTag": 1}}
06-28 11:24:52.404 19630 19643 E WProf.db: {"WprofHTMLTag": {"code": "0xaf047d90", "doc": "http://searchengineland.com/google-assistant-guide-270312", "row": 59, "column": 150, "tagName": "link", "time": 10155.826969, "url": "http://searchengineland.com/figz/wp-content/themes/searchengineland/css/searchengineland-bootstrap.css", "pos": 1, "chunkLen": 1, "isStartTag": 1}}
06-28 11:24:52.405 19630 19643 E WProf.db: {"WprofHTMLTag": {"code": "0xaf047df0", "doc": "http://searchengineland.com/google-assistant-guide-270312", "row": 60, "column": 105, "tagName": "link", "time": 10155.827576, "url": "http://fonts.googleapis.com/css?family=Oswald:300,400,700", "pos": 1, "chunkLen": 1, "isStartTag": 1}}
06-28 11:24:52.405 19630 19643 E WProf.db: {"WprofHTMLTag": {"code": "0xaf047e50", "doc": "http://searchengineland.com/google-assistant-guide-270312", "row": 61, "column": 125, "tagName": "link", "time": 10155.828121, "url": "http://searchengineland.com/figz/wp-content/themes/searchengineland/style.css", "pos": 1, "chunkLen": 1, "isStartTag": 1}}
06-28 11:24:52.405 19630 19643 E WProf.db: {"WprofHTMLTag": {"code": "0xaf047eb0", "doc": "http://searchengineland.com/google-assistant-guide-270312", "row": 65, "column": 7, "tagName": "title", "time": 10155.830296, "url": "", "pos": 1, "chunkLen": 1, "isStartTag": 1}}
06-28 11:24:52.405 19630 19643 E WProf.db: {"WprofHTMLTag": {"code": "0xaf047ee0", "doc": "http://searchengineland.com/google-assistant-guide-270312", "row": 65, "column": 101, "tagName": "title", "time": 10155.830531, "url": "", "pos": 1, "chunkLen": 1, "isStartTag": 0}}
06-28 11:24:52.405 19630 19643 E WProf.db: {"WprofHTMLTag": {"code": "0xaf047f10", "doc": "http://searchengineland.com/google-assistant-guide-270312", "row": 66, "column": 185, "tagName": "meta", "time": 10155.830553, "url": "", "pos": 1, "chunkLen": 1, "isStartTag": 1}}
06-28 11:24:52.405 19630 19643 E WProf.db: {"WprofHTMLTag": {"code": "0xaf047f40", "doc": "http://searchengineland.com/google-assistant-guide-270312", "row": 67, "column": 40, "tagName": "meta", "time": 10155.830682, "url": "", "pos": 1, "chunkLen": 1, "isStartTag": 1}}
06-28 11:24:52.405 19630 19643 E WProf.db: {"WprofHTMLTag": {"code": "0xaf047f70", "doc": "http://searchengineland.com/google-assistant-guide-270312", "row": 68, "column": 99, "tagName": "meta", "time": 10155.830791, "url": "", "pos": 1, "chunkLen": 1, "isStartTag": 1}}
06-28 11:24:52.406 19630 19643 E WProf.db: {"WprofHTMLTag": {"code": "0xaf047fa0", "doc": "http://searchengineland.com/google-assistant-guide-270312", "row": 69, "column": 37, "tagName": "meta", "time": 10155.830952, "url": "", "pos": 1, "chunkLen": 1, "isStartTag": 1}}
06-28 11:24:52.406 19630 19643 E WProf.db: {"WprofHTMLTag": {"code": "0xaf047fd0", "doc": "http://searchengineland.com/google-assistant-guide-270312", "row": 70, "column": 89, "tagName": "link", "time": 10155.831068, "url": "http://searchengineland.com/google-assistant-guide-270312", "pos": 1, "chunkLen": 1, "isStartTag": 1}}
06-28 11:24:52.406 19630 19643 E WProf.db: {"WprofHTMLTag": {"code": "0xb4cc74b0", "doc": "http://searchengineland.com/google-assistant-guide-270312", "row": 71, "column": 76, "tagName": "link", "time": 10155.831269, "url": "https://plus.google.com/103218677032751327334", "pos": 1, "chunkLen": 1, "isStartTag": 1}}
06-28 11:24:52.406 19630 19643 E WProf.db: {"WprofHTMLTag": {"code": "0xb4cc7540", "doc": "http://searchengineland.com/google-assistant-guide-270312", "row": 72, "column": 45, "tagName": "meta", "time": 10155.831467, "url": "", "pos": 1, "chunkLen": 1, "isStartTag": 1}}
06-28 11:24:52.406 19630 19643 E WProf.db: {"WprofHTMLTag": {"code": "0xb4cc78a0", "doc": "http://searchengineland.com/google-assistant-guide-270312", "row": 73, "column": 45, "tagName": "meta", "time": 10155.831587, "url": "", "pos": 1, "chunkLen": 1, "isStartTag": 1}}
06-28 11:24:52.406 19630 19643 E WProf.db: {"WprofHTMLTag": {"code": "0xb4cc78d0", "doc": "http://searchengineland.com/google-assistant-guide-270312", "row": 74, "column": 125, "tagName": "meta", "time": 10155.831692, "url": "", "pos": 1, "chunkLen": 1, "isStartTag": 1}}
06-28 11:24:52.406 19630 19643 E WProf.db: {"WprofHTMLTag": {"code": "0xb4cc7900", "doc": "http://searchengineland.com/google-assistant-guide-270312", "row": 75, "column": 193, "tagName": "meta", "time": 10155.831813, "url": "", "pos": 1, "chunkLen": 1, "isStartTag": 1}}
06-28 11:24:52.406 19630 19643 E WProf.db: {"WprofHTMLTag": {"code": "0xb4cc7930", "doc": "http://searchengineland.com/google-assistant-guide-270312", "row": 76, "column": 94, "tagName": "meta", "time": 10155.831927, "url": "", "pos": 1, "chunkLen": 1, "isStartTag": 1}}
06-28 11:24:52.407 19630 19643 E WProf.db: {"WprofHTMLTag": {"code": "0xb4cc7960", "doc": "http://searchengineland.com/google-assistant-guide-270312", "row": 77, "column": 61, "tagName": "meta", "time": 10155.832045, "url": "", "pos": 1, "chunkLen": 1, "isStartTag": 1}}
06-28 11:24:52.407 19630 19643 E WProf.db: {"WprofHTMLTag": {"code": "0xb4cc7990", "doc": "http://searchengineland.com/google-assistant-guide-270312", "row": 78, "column": 89, "tagName": "meta", "time": 10155.832164, "url": "", "pos": 1, "chunkLen": 1, "isStartTag": 1}}
06-28 11:24:52.407 19630 19643 E WProf.db: {"WprofHTMLTag": {"code": "0xb4cc79c0", "doc": "http://searchengineland.com/google-assistant-guide-270312", "row": 79, "column": 83, "tagName": "meta", "time": 10155.832286, "url": "", "pos": 1, "chunkLen": 1, "isStartTag": 1}}
06-28 11:24:52.407 19630 19643 E WProf.db: {"WprofHTMLTag": {"code": "0xb4cc79f0", "doc": "http://searchengineland.com/google-assistant-guide-270312", "row": 80, "column": 70, "tagName": "meta", "time": 10155.832453, "url": "", "pos": 1, "chunkLen": 1, "isStartTag": 1}}
06-28 11:24:52.407 19630 19643 E WProf.db: {"WprofHTMLTag": {"code": "0xb4cc7a20", "doc": "http://searchengineland.com/google-assistant-guide-270312", "row": 81, "column": 78, "tagName": "meta", "time": 10155.832570, "url": "", "pos": 1, "chunkLen": 1, "isStartTag": 1}}
06-28 11:24:52.407 19630 19643 E WProf.db: {"WprofHTMLTag": {"code": "0xb4cc7a50", "doc": "http://searchengineland.com/google-assistant-guide-270312", "row": 82, "column": 77, "tagName": "meta", "time": 10155.832678, "url": "", "pos": 1, "chunkLen": 1, "isStartTag": 1}}
06-28 11:24:52.407 19630 19643 E WProf.db: {"WprofHTMLTag": {"code": "0xb4cc7a80", "doc": "http://searchengineland.com/google-assistant-guide-270312", "row": 83, "column": 71, "tagName": "meta", "time": 10155.832787, "url": "", "pos": 1, "chunkLen": 1, "isStartTag": 1}}
06-28 11:24:52.408 19630 19643 E WProf.db: {"WprofHTMLTag": {"code": "0xb4cc7ab0", "doc": "http://searchengineland.com/google-assistant-guide-270312", "row": 84, "column": 125, "tagName": "meta", "time": 10155.832902, "url": "", "pos": 1, "chunkLen": 1, "isStartTag": 1}}
06-28 11:24:52.408 19630 19643 E WProf.db: {"WprofHTMLTag": {"code": "0xb4cc7ae0", "doc": "http://searchengineland.com/google-assistant-guide-270312", "row": 85, "column": 49, "tagName": "meta", "time": 10155.833009, "url": "", "pos": 1, "chunkLen": 1, "isStartTag": 1}}
06-28 11:24:52.408 19630 19643 E WProf.db: {"WprofHTMLTag": {"code": "0xb4cc7b10", "doc": "http://searchengineland.com/google-assistant-guide-270312", "row": 86, "column": 50, "tagName": "meta", "time": 10155.833112, "url": "", "pos": 1, "chunkLen": 1, "isStartTag": 1}}
06-28 11:24:52.408 19630 19643 E WProf.db: {"WprofHTMLTag": {"code": "0xb4cc7b40", "doc": "http://searchengineland.com/google-assistant-guide-270312", "row": 87, "column": 58, "tagName": "meta", "time": 10155.833221, "url": "", "pos": 1, "chunkLen": 1, "isStartTag": 1}}
06-28 11:24:52.408 19630 19643 E WProf.db: {"WprofHTMLTag": {"code": "0xb4cc7b70", "doc": "http://searchengineland.com/google-assistant-guide-270312", "row": 88, "column": 194, "tagName": "meta", "time": 10155.833329, "url": "", "pos": 1, "chunkLen": 1, "isStartTag": 1}}
06-28 11:24:52.408 19630 19643 E WProf.db: {"WprofHTMLTag": {"code": "0xb4cc7ba0", "doc": "http://searchengineland.com/google-assistant-guide-270312", "row": 89, "column": 126, "tagName": "meta", "time": 10155.833440, "url": "", "pos": 1, "chunkLen": 1, "isStartTag": 1}}
06-28 11:24:52.409 19630 19643 E WProf.db: {"WprofHTMLTag": {"code": "0xb4cc7bd0", "doc": "http://searchengineland.com/google-assistant-guide-270312", "row": 90, "column": 51, "tagName": "meta", "time": 10155.833547, "url": "", "pos": 1, "chunkLen": 1, "isStartTag": 1}}
06-28 11:24:52.409 19630 19643 E WProf.db: {"WprofHTMLTag": {"code": "0xb4cc7c00", "doc": "http://searchengineland.com/google-assistant-guide-270312", "row": 91, "column": 126, "tagName": "meta", "time": 10155.833654, "url": "", "pos": 1, "chunkLen": 1, "isStartTag": 1}}
06-28 11:24:52.409 19630 19643 E WProf.db: {"WprofHTMLTag": {"code": "0xb4cc7c30", "doc": "http://searchengineland.com/google-assistant-guide-270312", "row": 92, "column": 56, "tagName": "meta", "time": 10155.833768, "url": "", "pos": 1, "chunkLen": 1, "isStartTag": 1}}
06-28 11:24:52.409 19630 19643 E WProf.db: {"WprofHTMLTag": {"code": "0xb4cc7c60", "doc": "http://searchengineland.com/google-assistant-guide-270312", "row": 95, "column": 44, "tagName": "link", "time": 10155.833885, "url": "http://s.w.org/", "pos": 1, "chunkLen": 1, "isStartTag": 1}}
06-28 11:24:52.409 19630 19643 E WProf.db: {"WprofHTMLTag": {"code": "0xb4cc7c90", "doc": "http://searchengineland.com/google-assistant-guide-270312", "row": 96, "column": 33, "tagName": "script", "time": 10155.834102, "url": "", "pos": 1, "chunkLen": 1, "isStartTag": 1}}
06-28 11:24:52.409 19630 19643 E WProf.db: {"WprofHTMLTag": {"code": "0xb4cc7cc0", "doc": "http://searchengineland.com/google-assistant-guide-270312", "row": 99, "column": 11, "tagName": "script", "time": 10155.834291, "url": "http://searchengineland.com/figz/wp-includes/js/wp-emoji-release.min.js?ver=4.7.5", "pos": 1, "chunkLen": 1, "isStartTag": 0}}
06-28 11:24:52.409 19630 19643 E WProf.db: {"WprofHTMLTag": {"code": "0x9ca98990", "doc": "http://searchengineland.com/google-assistant-guide-270312", "row": 100, "column": 25, "tagName": "style", "time": 10156.397641, "url": "", "pos": 1, "chunkLen": 1, "isStartTag": 1}}
06-28 11:24:52.410 19630 19643 E WProf.db: {"WprofHTMLTag": {"code": "0x9ca989c0", "doc": "http://searchengineland.com/google-assistant-guide-270312", "row": 113, "column": 8, "tagName": "style", "time": 10156.397827, "url": "", "pos": 1, "chunkLen": 1, "isStartTag": 0}}
06-28 11:24:52.410 19630 19643 E WProf.db: {"WprofHTMLTag": {"code": "0x9ca989f0", "doc": "http://searchengineland.com/google-assistant-guide-270312", "row": 114, "column": 140, "tagName": "script", "time": 10156.399409, "url": "http://searchengineland.com/figz/wp-content/themes/searchengineland/js/lib/modernizr.custom.js?ver=1.0", "pos": 1, "chunkLen": 1, "isStartTag": 1}}
06-28 11:24:52.410 19630 19643 E WProf.db: {"WprofHTMLTag": {"code": "0x9ca98a20", "doc": "http://searchengineland.com/google-assistant-guide-270312", "row": 114, "column": 149, "tagName": "script", "time": 10156.399649, "url": "", "pos": 1, "chunkLen": 1, "isStartTag": 0}}
06-28 11:24:52.410 19630 19643 E WProf.db: {"WprofHTMLTag": {"code": "0xaedccab0", "doc": "http://searchengineland.com/google-assistant-guide-270312", "row": 115, "column": 144, "tagName": "script", "time": 10156.408646, "url": "http://searchengineland.com/figz/wp-content/themes/searchengineland/js/lib/jquery-1.11.0.min.js?ver=1.11.0", "pos": 1, "chunkLen": 1, "isStartTag": 1}}
06-28 11:24:52.410 19630 19643 E WProf.db: {"WprofHTMLTag": {"code": "0x9ca98a80", "doc": "http://searchengineland.com/google-assistant-guide-270312", "row": 115, "column": 153, "tagName": "script", "time": 10156.408902, "url": "", "pos": 1, "chunkLen": 1, "isStartTag": 0}}
06-28 11:24:52.410 19630 19643 E WProf.db: {"WprofHTMLTag": {"code": "0xaedccf00", "doc": "http://searchengineland.com/google-assistant-guide-270312", "row": 0, "column": 15, "tagName": "div", "time": 10156.478540, "url": "", "pos": 15, "chunkLen": 44, "isStartTag": 1}}
06-28 11:24:52.411 19630 19643 E WProf.db: {"WprofHTMLTag": {"code": "0xaedcced0", "doc": "http://searchengineland.com/google-assistant-guide-270312", "row": 0, "column": 21, "tagName": "div", "time": 10156.478672, "url": "", "pos": 21, "chunkLen": 44, "isStartTag": 0}}
06-28 11:24:52.411 19630 19643 E WProf.db: {"WprofHTMLTag": {"code": "0xaedccd20", "doc": "http://searchengineland.com/google-assistant-guide-270312", "row": 0, "column": 38, "tagName": "div", "time": 10156.478732, "url": "", "pos": 38, "chunkLen": 44, "isStartTag": 1}}
06-28 11:24:52.411 19630 19643 E WProf.db: {"WprofHTMLTag": {"code": "0xaedccea0", "doc": "http://searchengineland.com/google-assistant-guide-270312", "row": 0, "column": 44, "tagName": "div", "time": 10156.478852, "url": "", "pos": 44, "chunkLen": 44, "isStartTag": 0}}
06-28 11:24:52.411 19630 19643 E WProf.db: {"WprofHTMLTag": {"code": "0xaedcce70", "doc": "http://searchengineland.com/google-assistant-guide-270312", "row": 0, "column": 13, "tagName": "select", "time": 10156.480223, "url": "", "pos": 13, "chunkLen": 51, "isStartTag": 1}}
06-28 11:24:52.411 19630 19643 E WProf.db: {"WprofHTMLTag": {"code": "0x9ca98b40", "doc": "http://searchengineland.com/google-assistant-guide-270312", "row": 0, "column": 33, "tagName": "option", "time": 10156.480394, "url": "", "pos": 33, "chunkLen": 51, "isStartTag": 1}}
06-28 11:24:52.411 19630 19643 E WProf.db: {"WprofHTMLTag": {"code": "0x9ca98b70", "doc": "http://searchengineland.com/google-assistant-guide-270312", "row": 0, "column": 42, "tagName": "option", "time": 10156.480574, "url": "", "pos": 42, "chunkLen": 51, "isStartTag": 0}}
06-28 11:24:52.412 19630 19643 E WProf.db: {"WprofHTMLTag": {"code": "0x9ca98ba0", "doc": "http://searchengineland.com/google-assistant-guide-270312", "row": 0, "column": 51, "tagName": "select", "time": 10156.480628, "url": "", "pos": 51, "chunkLen": 51, "isStartTag": 0}}
06-28 11:24:52.412 19630 19643 E WProf.db: {"WprofHTMLTag": {"code": "0x9ca98bd0", "doc": "http://searchengineland.com/google-assistant-guide-270312", "row": 0, "column": 12, "tagName": "a", "time": 10156.485121, "url": "", "pos": 12, "chunkLen": 16, "isStartTag": 1}}
06-28 11:24:52.412 19630 19643 E WProf.db: {"WprofHTMLTag": {"code": "0x9ca98c00", "doc": "http://searchengineland.com/google-assistant-guide-270312", "row": 0, "column": 16, "tagName": "a", "time": 10156.485272, "url": "", "pos": 16, "chunkLen": 16, "isStartTag": 0}}
06-28 11:24:52.412 19630 19643 E WProf.db: {"WprofHTMLTag": {"code": "0x9ca98c30", "doc": "http://searchengineland.com/google-assistant-guide-270312", "row": 0, "column": 8, "tagName": "input", "time": 10156.486510, "url": "", "pos": 8, "chunkLen": 8, "isStartTag": 1}}
06-28 11:24:52.412 19630 19643 E WProf.db: {"WprofHTMLTag": {"code": "0x9ca98c60", "doc": "http://searchengineland.com/google-assistant-guide-270312", "row": 0, "column": 9, "tagName": "link", "time": 10156.495537, "url": "", "pos": 9, "chunkLen": 42, "isStartTag": 1}}
06-28 11:24:52.412 19630 19643 E WProf.db: {"WprofHTMLTag": {"code": "0x9ca98c90", "doc": "http://searchengineland.com/google-assistant-guide-270312", "row": 0, "column": 16, "tagName": "table", "time": 10156.495649, "url": "", "pos": 16, "chunkLen": 42, "isStartTag": 1}}
06-28 11:24:52.413 19630 19643 E WProf.db: {"WprofHTMLTag": {"code": "0x9ca98cc0", "doc": "http://searchengineland.com/google-assistant-guide-270312", "row": 0, "column": 24, "tagName": "table", "time": 10156.495755, "url": "", "pos": 24, "chunkLen": 42, "isStartTag": 0}}
06-28 11:24:52.413 19630 19643 E WProf.db: {"WprofHTMLTag": {"code": "0x9ca98cf0", "doc": "http://searchengineland.com/google-assistant-guide-270312", "row": 0, "column": 37, "tagName": "a", "time": 10156.495817, "url": "", "pos": 37, "chunkLen": 42, "isStartTag": 1}}
06-28 11:24:52.413 19630 19643 E WProf.db: {"WprofHTMLTag": {"code": "0x9ca98d20", "doc": "http://searchengineland.com/google-assistant-guide-270312", "row": 0, "column": 42, "tagName": "a", "time": 10156.495987, "url": "", "pos": 42, "chunkLen": 42, "isStartTag": 0}}
06-28 11:24:52.413 19630 19643 E WProf.db: {"WprofHTMLTag": {"code": "0x9ca98db0", "doc": "http://searchengineland.com/google-assistant-guide-270312", "row": 0, "column": 10, "tagName": "textarea", "time": 10156.497099, "url": "", "pos": 10, "chunkLen": 22, "isStartTag": 1}}
06-28 11:24:52.413 19630 19643 E WProf.db: {"WprofHTMLTag": {"code": "0x9ca98de0", "doc": "http://searchengineland.com/google-assistant-guide-270312", "row": 0, "column": 22, "tagName": "textarea", "time": 10156.497285, "url": "", "pos": 22, "chunkLen": 22, "isStartTag": 0}}
06-28 11:24:52.413 19630 19643 E WProf.db: {"WprofHTMLTag": {"code": "0x9ca98e10", "doc": "http://searchengineland.com/google-assistant-guide-270312", "row": 0, "column": 48, "tagName": "input", "time": 10156.498383, "url": "", "pos": 48, "chunkLen": 48, "isStartTag": 1}}
06-28 11:24:52.414 19630 19643 E WProf.db: {"WprofHTMLTag": {"code": "0x9ca98e70", "doc": "http://searchengineland.com/google-assistant-guide-270312", "row": 0, "column": 9, "tagName": "link", "time": 10156.502999, "url": "", "pos": 9, "chunkLen": 66, "isStartTag": 1}}
06-28 11:24:52.414 19630 19643 E WProf.db: {"WprofHTMLTag": {"code": "0x9ca98ea0", "doc": "http://searchengineland.com/google-assistant-guide-270312", "row": 0, "column": 16, "tagName": "table", "time": 10156.503120, "url": "", "pos": 16, "chunkLen": 66, "isStartTag": 1}}
06-28 11:24:52.414 19630 19643 E WProf.db: {"WprofHTMLTag": {"code": "0x9ca98ed0", "doc": "http://searchengineland.com/google-assistant-guide-270312", "row": 0, "column": 24, "tagName": "table", "time": 10156.503192, "url": "", "pos": 24, "chunkLen": 66, "isStartTag": 0}}
06-28 11:24:52.414 19630 19643 E WProf.db: {"WprofHTMLTag": {"code": "0x9ca98f00", "doc": "http://searchengineland.com/google-assistant-guide-270312", "row": 0, "column": 37, "tagName": "a", "time": 10156.503276, "url": "", "pos": 37, "chunkLen": 66, "isStartTag": 1}}
06-28 11:24:52.414 19630 19643 E WProf.db: {"WprofHTMLTag": {"code": "0x9ca98f30", "doc": "http://searchengineland.com/google-assistant-guide-270312", "row": 0, "column": 42, "tagName": "a", "time": 10156.503454, "url": "", "pos": 42, "chunkLen": 66, "isStartTag": 0}}
06-28 11:24:52.415 19630 19643 E WProf.db: {"WprofHTMLTag": {"code": "0x9ca98f60", "doc": "http://searchengineland.com/google-assistant-guide-270312", "row": 0, "column": 66, "tagName": "input", "time": 10156.503517, "url": "", "pos": 66, "chunkLen": 66, "isStartTag": 1}}
06-28 11:24:52.415 19630 19643 E WProf.db: {"WprofHTMLTag": {"code": "0x9ca98ff0", "doc": "http://searchengineland.com/google-assistant-guide-270312", "row": 0, "column": 9, "tagName": "link", "time": 10156.505835, "url": "", "pos": 9, "chunkLen": 66, "isStartTag": 1}}
06-28 11:24:52.415 19630 19643 E WProf.db: {"WprofHTMLTag": {"code": "0x9ca99020", "doc": "http://searchengineland.com/google-assistant-guide-270312", "row": 0, "column": 16, "tagName": "table", "time": 10156.505947, "url": "", "pos": 16, "chunkLen": 66, "isStartTag": 1}}
06-28 11:24:52.415 19630 19643 E WProf.db: {"WprofHTMLTag": {"code": "0x9ca99050", "doc": "http://searchengineland.com/google-assistant-guide-270312", "row": 0, "column": 24, "tagName": "table", "time": 10156.506018, "url": "", "pos": 24, "chunkLen": 66, "isStartTag": 0}}
06-28 11:24:52.415 19630 19643 E WProf.db: {"WprofHTMLTag": {"code": "0x9ca99080", "doc": "http://searchengineland.com/google-assistant-guide-270312", "row": 0, "column": 37, "tagName": "a", "time": 10156.506082, "url": "", "pos": 37, "chunkLen": 66, "isStartTag": 1}}
06-28 11:24:52.415 19630 19643 E WProf.db: {"WprofHTMLTag": {"code": "0x9ca990b0", "doc": "http://searchengineland.com/google-assistant-guide-270312", "row": 0, "column": 42, "tagName": "a", "time": 10156.506251, "url": "", "pos": 42, "chunkLen": 66, "isStartTag": 0}}
06-28 11:24:52.416 19630 19643 E WProf.db: {"WprofHTMLTag": {"code": "0x9ca990e0", "doc": "http://searchengineland.com/google-assistant-guide-270312", "row": 0, "column": 66, "tagName": "input", "time": 10156.506315, "url": "", "pos": 66, "chunkLen": 66, "isStartTag": 1}}
06-28 11:24:52.416 19630 19643 E WProf.db: {"WprofHTMLTag": {"code": "0x9ca99140", "doc": "http://searchengineland.com/google-assistant-guide-270312", "row": 0, "column": 9, "tagName": "link", "time": 10156.510745, "url": "", "pos": 9, "chunkLen": 66, "isStartTag": 1}}
06-28 11:24:52.416 19630 19643 E WProf.db: {"WprofHTMLTag": {"code": "0x9ca99170", "doc": "http://searchengineland.com/google-assistant-guide-270312", "row": 0, "column": 16, "tagName": "table", "time": 10156.510865, "url": "", "pos": 16, "chunkLen": 66, "isStartTag": 1}}
06-28 11:24:52.416 19630 19643 E WProf.db: {"WprofHTMLTag": {"code": "0x9ca991a0", "doc": "http://searchengineland.com/google-assistant-guide-270312", "row": 0, "column": 24, "tagName": "table", "time": 10156.510935, "url": "", "pos": 24, "chunkLen": 66, "isStartTag": 0}}
06-28 11:24:52.416 19630 19643 E WProf.db: {"WprofHTMLTag": {"code": "0x9ca991d0", "doc": "http://searchengineland.com/google-assistant-guide-270312", "row": 0, "column": 37, "tagName": "a", "time": 10156.511001, "url": "", "pos": 37, "chunkLen": 66, "isStartTag": 1}}
06-28 11:24:52.416 19630 19643 E WProf.db: {"WprofHTMLTag": {"code": "0x9ca99200", "doc": "http://searchengineland.com/google-assistant-guide-270312", "row": 0, "column": 42, "tagName": "a", "time": 10156.511175, "url": "", "pos": 42, "chunkLen": 66, "isStartTag": 0}}
06-28 11:24:52.416 19630 19643 E WProf.db: {"WprofHTMLTag": {"code": "0x9ca99230", "doc": "http://searchengineland.com/google-assistant-guide-270312", "row": 0, "column": 66, "tagName": "input", "time": 10156.511241, "url": "", "pos": 66, "chunkLen": 66, "isStartTag": 1}}
06-28 11:24:52.417 19630 19643 E WProf.db: {"WprofHTMLTag": {"code": "0x9ca99350", "doc": "http://searchengineland.com/google-assistant-guide-270312", "row": 116, "column": 154, "tagName": "script", "time": 10156.524588, "url": "http://searchengineland.com/figz/wp-content/themes/searchengineland/js/lib/jquery-ui-1.10.3.custom.min.js?ver=1.10.3", "pos": 67, "chunkLen": 67, "isStartTag": 1}}
06-28 11:24:52.417 19630 19643 E WProf.db: {"WprofHTMLTag": {"code": "0x9ca99380", "doc": "http://searchengineland.com/google-assistant-guide-270312", "row": 116, "column": 163, "tagName": "script", "time": 10156.524855, "url": "", "pos": 67, "chunkLen": 67, "isStartTag": 0}}
06-28 11:24:52.417 19630 19643 E WProf.db: {"WprofHTMLTag": {"code": "0xaedccbd0", "doc": "http://searchengineland.com/google-assistant-guide-270312", "row": 0, "column": 111, "tagName": "div", "time": 10156.903463, "url": "", "pos": 111, "chunkLen": 117, "isStartTag": 1}}
06-28 11:24:52.417 19630 19643 E WProf.db: {"WprofHTMLTag": {"code": "0xaedcd050", "doc": "http://searchengineland.com/google-assistant-guide-270312", "row": 0, "column": 117, "tagName": "div", "time": 10156.903676, "url": "", "pos": 117, "chunkLen": 117, "isStartTag": 0}}
