06-28 16:39:54.847  3353  3410 E chromium: [ERROR:gles2_cmd_decoder.cc(3852)] [.ChromiumCompositor-0x9ea42640]GL ERROR :GL_INVALID_ENUM : glDiscardFramebufferEXT: attachments was GL_COLOR_EXT
06-28 16:39:54.869  3353  3410 E chromium: [ERROR:gles2_cmd_decoder.cc(3852)] [.ChromiumCompositor-0x9ea42640]GL ERROR :GL_INVALID_ENUM : glDiscardFramebufferEXT: attachments was GL_COLOR_EXT
06-28 16:39:54.884  3353  3410 E chromium: [ERROR:gles2_cmd_decoder.cc(3852)] [.ChromiumCompositor-0x9ea42640]GL ERROR :GL_INVALID_ENUM : glDiscardFramebufferEXT: attachments was GL_COLOR_EXT
06-28 16:39:54.898  3353  3410 E chromium: [ERROR:gles2_cmd_decoder.cc(3852)] [.ChromiumCompositor-0x9ea42640]GL ERROR :GL_INVALID_ENUM : glDiscardFramebufferEXT: attachments was GL_COLOR_EXT
06-28 16:39:54.916  3353  3410 E chromium: [ERROR:gles2_cmd_decoder.cc(3852)] [.ChromiumCompositor-0x9ea42640]GL ERROR :GL_INVALID_ENUM : glDiscardFramebufferEXT: attachments was GL_COLOR_EXT
06-28 16:39:54.930  3353  3410 E chromium: [ERROR:gles2_cmd_decoder.cc(3852)] [.ChromiumCompositor-0x9ea42640]GL ERROR :GL_INVALID_ENUM : glDiscardFramebufferEXT: attachments was GL_COLOR_EXT
06-28 16:39:54.945  3353  3410 E chromium: [ERROR:gles2_cmd_decoder.cc(3852)] [.ChromiumCompositor-0x9ea42640]GL ERROR :GL_INVALID_ENUM : glDiscardFramebufferEXT: attachments was GL_COLOR_EXT
06-28 16:39:54.964  3353  3410 E chromium: [ERROR:gles2_cmd_decoder.cc(3852)] [.ChromiumCompositor-0x9ea42640]GL ERROR :GL_INVALID_ENUM : glDiscardFramebufferEXT: attachments was GL_COLOR_EXT
06-28 16:39:54.981  3353  3410 E chromium: [ERROR:gles2_cmd_decoder.cc(3852)] [.ChromiumCompositor-0x9ea42640]GL ERROR :GL_INVALID_ENUM : glDiscardFramebufferEXT: attachments was GL_COLOR_EXT
06-28 16:39:55.001  3353  3410 E chromium: [ERROR:gles2_cmd_decoder.cc(3852)] [.ChromiumCompositor-0x9ea42640]GL ERROR :GL_INVALID_ENUM : glDiscardFramebufferEXT: attachments was GL_COLOR_EXT
06-28 16:39:55.020  3353  3410 E chromium: [ERROR:gles2_cmd_decoder.cc(3852)] [.ChromiumCompositor-0x9ea42640]GL ERROR :GL_INVALID_ENUM : glDiscardFramebufferEXT: attachments was GL_COLOR_EXT
06-28 16:39:55.023  3433  3446 E WPROF   : {"Javascript": {"url": "https://3p.ampproject.net/1498506512561/f.js", "requestTime": 29072.078287}}
06-28 16:39:55.037  3353  3410 E chromium: [ERROR:gles2_cmd_decoder.cc(3852)] [.ChromiumCompositor-0x9ea42640]GL ERROR :GL_INVALID_ENUM : glDiscardFramebufferEXT: attachments was GL_COLOR_EXT
06-28 16:39:55.048  3353  3410 E chromium: [ERROR:gles2_cmd_decoder.cc(3852)] [.ChromiumCompositor-0x9ea42640]GL ERROR :GL_INVALID_ENUM : glDiscardFramebufferEXT: attachments was GL_COLOR_EXT
06-28 16:39:55.062  3353  3410 E chromium: [ERROR:gles2_cmd_decoder.cc(3852)] [.ChromiumCompositor-0x9ea42640]GL ERROR :GL_INVALID_ENUM : glDiscardFramebufferEXT: attachments was GL_COLOR_EXT
06-28 16:39:55.078  3353  3410 E chromium: [ERROR:gles2_cmd_decoder.cc(3852)] [.ChromiumCompositor-0x9ea42640]GL ERROR :GL_INVALID_ENUM : glDiscardFramebufferEXT: attachments was GL_COLOR_EXT
06-28 16:39:55.095  3353  3410 E chromium: [ERROR:gles2_cmd_decoder.cc(3852)] [.ChromiumCompositor-0x9ea42640]GL ERROR :GL_INVALID_ENUM : glDiscardFramebufferEXT: attachments was GL_COLOR_EXT
06-28 16:39:55.113  3353  3410 E chromium: [ERROR:gles2_cmd_decoder.cc(3852)] [.ChromiumCompositor-0x9ea42640]GL ERROR :GL_INVALID_ENUM : glDiscardFramebufferEXT: attachments was GL_COLOR_EXT
06-28 16:39:55.133  3353  3410 E chromium: [ERROR:gles2_cmd_decoder.cc(3852)] [.ChromiumCompositor-0x9ea42640]GL ERROR :GL_INVALID_ENUM : glDiscardFramebufferEXT: attachments was GL_COLOR_EXT
06-28 16:39:55.150  3353  3410 E chromium: [ERROR:gles2_cmd_decoder.cc(3852)] [.ChromiumCompositor-0x9ea42640]GL ERROR :GL_INVALID_ENUM : glDiscardFramebufferEXT: attachments was GL_COLOR_EXT
06-28 16:39:55.199  3353  3410 E chromium: [ERROR:gles2_cmd_decoder.cc(3852)] [.ChromiumCompositor-0x9ea42640]GL ERROR :GL_INVALID_ENUM : glDiscardFramebufferEXT: attachments was GL_COLOR_EXT
06-28 16:39:55.213  3353  3410 E chromium: [ERROR:gles2_cmd_decoder.cc(3852)] [.ChromiumCompositor-0x9ea42640]GL ERROR :GL_INVALID_ENUM : glDiscardFramebufferEXT: attachments was GL_COLOR_EXT
06-28 16:39:55.223  3353  3410 E chromium: [ERROR:gles2_cmd_decoder.cc(3852)] [.ChromiumCompositor-0x9ea42640]GL ERROR :GL_INVALID_ENUM : glDiscardFramebufferEXT: attachments was GL_COLOR_EXT
06-28 16:39:55.238  3353  3410 E chromium: [ERROR:gles2_cmd_decoder.cc(3852)] [.ChromiumCompositor-0x9ea42640]GL ERROR :GL_INVALID_ENUM : glDiscardFramebufferEXT: attachments was GL_COLOR_EXT
06-28 16:39:55.271  3353  3410 E chromium: [ERROR:gles2_cmd_decoder.cc(3852)] [.ChromiumCompositor-0x9ea42640]GL ERROR :GL_INVALID_ENUM : glDiscardFramebufferEXT: attachments was GL_COLOR_EXT
06-28 16:39:55.282  3353  3410 E chromium: [ERROR:gles2_cmd_decoder.cc(3852)] [.ChromiumCompositor-0x9ea42640]GL ERROR :GL_INVALID_ENUM : glDiscardFramebufferEXT: attachments was GL_COLOR_EXT
06-28 16:39:55.288  3353  3410 E chromium: [ERROR:gles2_cmd_decoder.cc(3852)] [.ChromiumCompositor-0x9ea42640]GL ERROR :GL_INVALID_ENUM : glDiscardFramebufferEXT: attachments was GL_COLOR_EXT
06-28 16:39:55.305  3353  3410 E chromium: [ERROR:gles2_cmd_decoder.cc(3852)] [.ChromiumCompositor-0x9ea42640]GL ERROR :GL_INVALID_ENUM : glDiscardFramebufferEXT: attachments was GL_COLOR_EXT
06-28 16:39:55.314  3353  3410 E chromium: [ERROR:gles2_cmd_decoder.cc(3852)] [.ChromiumCompositor-0x9ea42640]GL ERROR :GL_INVALID_ENUM : glDiscardFramebufferEXT: attachments was GL_COLOR_EXT
06-28 16:39:55.330  3353  3410 E chromium: [ERROR:gles2_cmd_decoder.cc(3852)] [.ChromiumCompositor-0x9ea42640]GL ERROR :GL_INVALID_ENUM : glDiscardFramebufferEXT: attachments was GL_COLOR_EXT
06-28 16:39:55.348  3353  3410 E chromium: [ERROR:gles2_cmd_decoder.cc(3852)] [.ChromiumCompositor-0x9ea42640]GL ERROR :GL_INVALID_ENUM : glDiscardFramebufferEXT: attachments was GL_COLOR_EXT
06-28 16:39:55.368  3353  3410 E chromium: [ERROR:gles2_cmd_decoder.cc(3852)] [.ChromiumCompositor-0x9ea42640]GL ERROR :GL_INVALID_ENUM : glDiscardFramebufferEXT: attachments was GL_COLOR_EXT
06-28 16:39:55.383  3353  3410 E chromium: [ERROR:gles2_cmd_decoder.cc(3852)] [.ChromiumCompositor-0x9ea42640]GL ERROR :GL_INVALID_ENUM : glDiscardFramebufferEXT: attachments was GL_COLOR_EXT
06-28 16:39:55.400  3353  3410 E chromium: [ERROR:gles2_cmd_decoder.cc(3852)] [.ChromiumCompositor-0x9ea42640]GL ERROR :GL_INVALID_ENUM : glDiscardFramebufferEXT: attachments was GL_COLOR_EXT
06-28 16:39:55.417  3353  3410 E chromium: [ERROR:gles2_cmd_decoder.cc(3852)] [.ChromiumCompositor-0x9ea42640]GL ERROR :GL_INVALID_ENUM : glDiscardFramebufferEXT: attachments was GL_COLOR_EXT
06-28 16:39:55.433  3353  3410 E chromium: [ERROR:gles2_cmd_decoder.cc(3852)] [.ChromiumCompositor-0x9ea42640]GL ERROR :GL_INVALID_ENUM : glDiscardFramebufferEXT: attachments was GL_COLOR_EXT
06-28 16:39:55.451  3353  3410 E chromium: [ERROR:gles2_cmd_decoder.cc(3852)] [.ChromiumCompositor-0x9ea42640]GL ERROR :GL_INVALID_ENUM : glDiscardFramebufferEXT: attachments was GL_COLOR_EXT
06-28 16:39:55.467  3353  3410 E chromium: [ERROR:gles2_cmd_decoder.cc(3852)] [.ChromiumCompositor-0x9ea42640]GL ERROR :GL_INVALID_ENUM : glDiscardFramebufferEXT: attachments was GL_COLOR_EXT
06-28 16:39:55.483  3353  3410 E chromium: [ERROR:gles2_cmd_decoder.cc(3852)] [.ChromiumCompositor-0x9ea42640]GL ERROR :GL_INVALID_ENUM : glDiscardFramebufferEXT: attachments was GL_COLOR_EXT
06-28 16:39:55.498  3353  3410 E chromium: [ERROR:gles2_cmd_decoder.cc(3852)] [.ChromiumCompositor-0x9ea42640]GL ERROR :GL_INVALID_ENUM : glDiscardFramebufferEXT: attachments was GL_COLOR_EXT
06-28 16:39:55.514  3353  3410 E chromium: [ERROR:gles2_cmd_decoder.cc(3852)] [.ChromiumCompositor-0x9ea42640]GL ERROR :GL_INVALID_ENUM : glDiscardFramebufferEXT: attachments was GL_COLOR_EXT
06-28 16:39:55.533  3353  3410 E chromium: [ERROR:gles2_cmd_decoder.cc(3852)] [.ChromiumCompositor-0x9ea42640]GL ERROR :GL_INVALID_ENUM : glDiscardFramebufferEXT: attachments was GL_COLOR_EXT
06-28 16:39:55.549  3353  3410 E chromium: [ERROR:gles2_cmd_decoder.cc(3852)] [.ChromiumCompositor-0x9ea42640]GL ERROR :GL_INVALID_ENUM : glDiscardFramebufferEXT: attachments was GL_COLOR_EXT
06-28 16:39:55.554  3433  3446 E WPROF   : {"Javascript": {"url": "https://securepubads.g.doubleclick.net/static/glade.js", "requestTime": 29072.609137}}
06-28 16:39:55.569  3353  3410 E chromium: [ERROR:gles2_cmd_decoder.cc(3852)] [.ChromiumCompositor-0x9ea42640]GL ERROR :GL_INVALID_ENUM : glDiscardFramebufferEXT: attachments was GL_COLOR_EXT
06-28 16:39:55.583  3353  3410 E chromium: [ERROR:gles2_cmd_decoder.cc(3852)] [.ChromiumCompositor-0x9ea42640]GL ERROR :GL_INVALID_ENUM : glDiscardFramebufferEXT: attachments was GL_COLOR_EXT
06-28 16:39:55.601  3353  3410 E chromium: [ERROR:gles2_cmd_decoder.cc(3852)] [.ChromiumCompositor-0x9ea42640]GL ERROR :GL_INVALID_ENUM : glDiscardFramebufferEXT: attachments was GL_COLOR_EXT
06-28 16:39:55.641  3353  3410 E chromium: [ERROR:gles2_cmd_decoder.cc(3852)] [.ChromiumCompositor-0x9ea42640]GL ERROR :GL_INVALID_ENUM : glDiscardFramebufferEXT: attachments was GL_COLOR_EXT
06-28 16:39:55.646  3353  3410 E chromium: [ERROR:gles2_cmd_decoder.cc(3852)] [.ChromiumCompositor-0x9ea42640]GL ERROR :GL_INVALID_ENUM : glDiscardFramebufferEXT: attachments was GL_COLOR_EXT
06-28 16:39:55.658  3353  3410 E chromium: [ERROR:gles2_cmd_decoder.cc(3852)] [.ChromiumCompositor-0x9ea42640]GL ERROR :GL_INVALID_ENUM : glDiscardFramebufferEXT: attachments was GL_COLOR_EXT
06-28 16:39:55.672  3353  3410 E chromium: [ERROR:gles2_cmd_decoder.cc(3852)] [.ChromiumCompositor-0x9ea42640]GL ERROR :GL_INVALID_ENUM : glDiscardFramebufferEXT: attachments was GL_COLOR_EXT
06-28 16:39:55.682  3353  3410 E chromium: [ERROR:gles2_cmd_decoder.cc(3852)] [.ChromiumCompositor-0x9ea42640]GL ERROR :GL_INVALID_ENUM : glDiscardFramebufferEXT: attachments was GL_COLOR_EXT
06-28 16:39:55.722  3353  3410 E chromium: [ERROR:gles2_cmd_decoder.cc(3852)] [.ChromiumCompositor-0x9ea42640]GL ERROR :GL_INVALID_ENUM : glDiscardFramebufferEXT: attachments was GL_COLOR_EXT
06-28 16:39:55.734  3353  3410 E chromium: [ERROR:gles2_cmd_decoder.cc(3852)] [.ChromiumCompositor-0x9ea42640]GL ERROR :GL_INVALID_ENUM : glDiscardFramebufferEXT: attachments was GL_COLOR_EXT
06-28 16:39:55.751  3353  3410 E chromium: [ERROR:gles2_cmd_decoder.cc(3852)] [.ChromiumCompositor-0x9ea42640]GL ERROR :GL_INVALID_ENUM : glDiscardFramebufferEXT: attachments was GL_COLOR_EXT
06-28 16:39:55.760  3353  3410 E chromium: [ERROR:gles2_cmd_decoder.cc(3852)] [.ChromiumCompositor-0x9ea42640]GL ERROR :GL_INVALID_ENUM : glDiscardFramebufferEXT: attachments was GL_COLOR_EXT
06-28 16:39:55.782  3353  3410 E chromium: [ERROR:gles2_cmd_decoder.cc(3852)] [.ChromiumCompositor-0x9ea42640]GL ERROR :GL_INVALID_ENUM : glDiscardFramebufferEXT: attachments was GL_COLOR_EXT
06-28 16:39:55.787  3353  3410 E chromium: [ERROR:gles2_cmd_decoder.cc(3852)] [.ChromiumCompositor-0x9ea42640]GL ERROR :GL_INVALID_ENUM : glDiscardFramebufferEXT: attachments was GL_COLOR_EXT
06-28 16:39:55.815  3353  3410 E chromium: [ERROR:gles2_cmd_decoder.cc(3852)] [.ChromiumCompositor-0x9ea42640]GL ERROR :GL_INVALID_ENUM : glDiscardFramebufferEXT: attachments was GL_COLOR_EXT
06-28 16:39:55.821  3353  3410 E chromium: [ERROR:gles2_cmd_decoder.cc(3852)] [.ChromiumCompositor-0x9ea42640]GL ERROR :GL_INVALID_ENUM : glDiscardFramebufferEXT: attachments was GL_COLOR_EXT
06-28 16:39:55.850  3353  3410 E chromium: [ERROR:gles2_cmd_decoder.cc(3852)] [.ChromiumCompositor-0x9ea42640]GL ERROR :GL_INVALID_ENUM : glDiscardFramebufferEXT: attachments was GL_COLOR_EXT
06-28 16:39:55.857  3353  3410 E chromium: [ERROR:gles2_cmd_decoder.cc(3852)] [.ChromiumCompositor-0x9ea42640]GL ERROR :GL_INVALID_ENUM : glDiscardFramebufferEXT: attachments was GL_COLOR_EXT
06-28 16:39:55.871  3353  3410 E chromium: [ERROR:gles2_cmd_decoder.cc(3852)] [.ChromiumCompositor-0x9ea42640]GL ERROR :GL_INVALID_ENUM : glDiscardFramebufferEXT: attachments was GL_COLOR_EXT
06-28 16:39:55.899  3353  3410 E chromium: [ERROR:gles2_cmd_decoder.cc(3852)] [.ChromiumCompositor-0x9ea42640]GL ERROR :GL_INVALID_ENUM : glDiscardFramebufferEXT: attachments was GL_COLOR_EXT
06-28 16:39:55.916  3353  3410 E chromium: [ERROR:gles2_cmd_decoder.cc(3852)] [.ChromiumCompositor-0x9ea42640]GL ERROR :GL_INVALID_ENUM : glDiscardFramebufferEXT: attachments was GL_COLOR_EXT
06-28 16:39:55.934  3353  3410 E chromium: [ERROR:gles2_cmd_decoder.cc(3852)] [.ChromiumCompositor-0x9ea42640]GL ERROR :GL_INVALID_ENUM : glDiscardFramebufferEXT: attachments was GL_COLOR_EXT
06-28 16:39:55.954  3353  3410 E chromium: [ERROR:gles2_cmd_decoder.cc(3852)] [.ChromiumCompositor-0x9ea42640]GL ERROR :GL_INVALID_ENUM : glDiscardFramebufferEXT: attachments was GL_COLOR_EXT
06-28 16:39:55.968  3353  3410 E chromium: [ERROR:gles2_cmd_decoder.cc(3852)] [.ChromiumCompositor-0x9ea42640]GL ERROR :GL_INVALID_ENUM : glDiscardFramebufferEXT: attachments was GL_COLOR_EXT
06-28 16:39:55.984  3353  3410 E chromium: [ERROR:gles2_cmd_decoder.cc(3852)] [.ChromiumCompositor-0x9ea42640]GL ERROR :GL_INVALID_ENUM : glDiscardFramebufferEXT: attachments was GL_COLOR_EXT
06-28 16:39:56.001  3353  3410 E chromium: [ERROR:gles2_cmd_decoder.cc(3852)] [.ChromiumCompositor-0x9ea42640]GL ERROR :GL_INVALID_ENUM : glDiscardFramebufferEXT: attachments was GL_COLOR_EXT
06-28 16:39:56.022  3353  3410 E chromium: [ERROR:gles2_cmd_decoder.cc(3852)] [.ChromiumCompositor-0x9ea42640]GL ERROR :GL_INVALID_ENUM : glDiscardFramebufferEXT: attachments was GL_COLOR_EXT
06-28 16:39:56.029  3433  3446 E WPROF   : {"Javascript": {"url": "https://securepubads.g.doubleclick.net/static/glade/extra_25.js", "requestTime": 29073.085074}}
06-28 16:39:56.035  3353  3410 E chromium: [ERROR:gles2_cmd_decoder.cc(3852)] [.ChromiumCompositor-0x9ea42640]GL ERROR :GL_INVALID_ENUM : glDiscardFramebufferEXT: attachments was GL_COLOR_EXT
06-28 16:39:56.077  3353  3410 E chromium: [ERROR:gles2_cmd_decoder.cc(3852)] [.ChromiumCompositor-0x9ea42640]GL ERROR :GL_INVALID_ENUM : glDiscardFramebufferEXT: attachments was GL_COLOR_EXT
06-28 16:39:56.081  3353  3410 E chromium: [ERROR:gles2_cmd_decoder.cc(3852)] [.ChromiumCompositor-0x9ea42640]GL ERROR :GL_INVALID_ENUM : glDiscardFramebufferEXT: attachments was GL_COLOR_EXT
06-28 16:39:56.090  3353  3410 E chromium: [ERROR:gles2_cmd_decoder.cc(3852)] [.ChromiumCompositor-0x9ea42640]GL ERROR :GL_INVALID_ENUM : glDiscardFramebufferEXT: attachments was GL_COLOR_EXT
06-28 16:39:56.105  3353  3410 E chromium: [ERROR:gles2_cmd_decoder.cc(3852)] [.ChromiumCompositor-0x9ea42640]GL ERROR :GL_INVALID_ENUM : glDiscardFramebufferEXT: attachments was GL_COLOR_EXT
06-28 16:39:56.120  3353  3410 E chromium: [ERROR:gles2_cmd_decoder.cc(3852)] [.ChromiumCompositor-0x9ea42640]GL ERROR :GL_INVALID_ENUM : glDiscardFramebufferEXT: attachments was GL_COLOR_EXT
06-28 16:39:56.136  3353  3410 E chromium: [ERROR:gles2_cmd_decoder.cc(3852)] [.ChromiumCompositor-0x9ea42640]GL ERROR :GL_INVALID_ENUM : glDiscardFramebufferEXT: attachments was GL_COLOR_EXT
06-28 16:39:56.166  3353  3410 E chromium: [ERROR:gles2_cmd_decoder.cc(3852)] [.ChromiumCompositor-0x9ea42640]GL ERROR :GL_INVALID_ENUM : glDiscardFramebufferEXT: attachments was GL_COLOR_EXT
06-28 16:39:56.186  3353  3410 E chromium: [ERROR:gles2_cmd_decoder.cc(3852)] [.ChromiumCompositor-0x9ea42640]GL ERROR :GL_INVALID_ENUM : glDiscardFramebufferEXT: attachments was GL_COLOR_EXT
06-28 16:39:56.196  3353  3410 E chromium: [ERROR:gles2_cmd_decoder.cc(3852)] [.ChromiumCompositor-0x9ea42640]GL ERROR :GL_INVALID_ENUM : glDiscardFramebufferEXT: attachments was GL_COLOR_EXT
06-28 16:39:56.203  3353  3410 E chromium: [ERROR:gles2_cmd_decoder.cc(3852)] [.ChromiumCompositor-0x9ea42640]GL ERROR :GL_INVALID_ENUM : glDiscardFramebufferEXT: attachments was GL_COLOR_EXT
06-28 16:39:56.235  3353  3410 E chromium: [ERROR:gles2_cmd_decoder.cc(3852)] [.ChromiumCompositor-0x9ea42640]GL ERROR :GL_INVALID_ENUM : glDiscardFramebufferEXT: attachments was GL_COLOR_EXT
06-28 16:39:56.242  3353  3410 E chromium: [ERROR:gles2_cmd_decoder.cc(3852)] [.ChromiumCompositor-0x9ea42640]GL ERROR :GL_INVALID_ENUM : glDiscardFramebufferEXT: attachments was GL_COLOR_EXT
06-28 16:39:56.288  3433  3446 E WPROF   : {"Javascript": {"url": "https://tpc.googlesyndication.com/pagead/js/r20170619/r20110914/client/ext/m_window_focus_non_hydra.js", "requestTime": 29073.343733}}
06-28 16:39:56.290  3353  3410 E chromium: [ERROR:gles2_cmd_decoder.cc(3852)] [.ChromiumCompositor-0x9ea42640]GL ERROR :GL_INVALID_ENUM : glDiscardFramebufferEXT: attachments was GL_COLOR_EXT
06-28 16:39:56.294  3433  3446 E WPROF   : {"Javascript": {"url": "https://tpc.googlesyndication.com/pagead/js/r20170619/r20110914/activeview/osd_listener.js", "requestTime": 29073.349610}}
06-28 16:39:56.302  3353  3410 E chromium: [ERROR:gles2_cmd_decoder.cc(3852)] [.ChromiumCompositor-0x9ea42640]GL ERROR :GL_INVALID_ENUM : glDiscardFramebufferEXT: attachments was GL_COLOR_EXT
06-28 16:39:56.305  3353  3410 E chromium: [ERROR:gles2_cmd_decoder.cc(3852)] [.ChromiumCompositor-0x9ea42640]GL ERROR :GL_INVALID_ENUM : glDiscardFramebufferEXT: attachments was GL_COLOR_EXT
06-28 16:39:56.311  3353  3410 E chromium: [ERROR:gles2_cmd_decoder.cc(3852)] [.ChromiumCompositor-0x9ea42640]GL ERROR :GL_INVALID_ENUM : glDiscardFramebufferEXT: attachments was GL_COLOR_EXT
06-28 16:39:56.319  3353  3410 E chromium: [ERROR:gles2_cmd_decoder.cc(3852)] [.ChromiumCompositor-0x9ea42640]GL ERROR :GL_INVALID_ENUM : glDiscardFramebufferEXT: attachments was GL_COLOR_EXT
06-28 16:39:56.321  3433  3446 E WPROF   : {"Javascript": {"url": "https://pagead2.googlesyndication.com/pagead/osd.js", "requestTime": 29073.376555}}
06-28 16:39:56.350  3353  3410 E chromium: [ERROR:gles2_cmd_decoder.cc(3852)] [.ChromiumCompositor-0x9ea42640]GL ERROR :GL_INVALID_ENUM : glDiscardFramebufferEXT: attachments was GL_COLOR_EXT
06-28 16:39:56.356  3353  3410 E chromium: [ERROR:gles2_cmd_decoder.cc(3852)] [.ChromiumCompositor-0x9ea42640]GL ERROR :GL_INVALID_ENUM : glDiscardFramebufferEXT: attachments was GL_COLOR_EXT
06-28 16:39:56.386  3353  3410 E chromium: [ERROR:gles2_cmd_decoder.cc(3852)] [.ChromiumCompositor-0x9ea42640]GL ERROR :GL_INVALID_ENUM : glDiscardFramebufferEXT: attachments was GL_COLOR_EXT
06-28 16:39:56.397  3353  3410 E chromium: [ERROR:gles2_cmd_decoder.cc(3852)] [.ChromiumCompositor-0x9ea42640]GL ERROR :GL_INVALID_ENUM : glDiscardFramebufferEXT: attachments was GL_COLOR_EXT
06-28 16:39:56.410  3353  3410 E chromium: [ERROR:gles2_cmd_decoder.cc(3852)] [.ChromiumCompositor-0x9ea42640]GL ERROR :GL_INVALID_ENUM : glDiscardFramebufferEXT: attachments was GL_COLOR_EXT
06-28 16:39:56.435  3353  3410 E chromium: [ERROR:gles2_cmd_decoder.cc(3852)] [.ChromiumCompositor-0x9ea42640]GL ERROR :GL_INVALID_ENUM : glDiscardFramebufferEXT: attachments was GL_COLOR_EXT
06-28 16:39:56.478  3353  3410 E chromium: [ERROR:logger.cc(46)] Too many GL errors, not reporting any more for this context. use --disable-gl-error-limit to see all errors.
06-28 16:39:56.909  3433  3446 E WProf.db: {"page": "d-36944034551601143375.ampproject.net_1498506512561_frame.html"}
06-28 16:39:56.909  3433  3446 E WProf.db: {"DOMLoad": 29073.964652}
06-28 16:39:56.909  3433  3446 E WProf.db: {"Resource": {"id": 31, "url": "https://d-36944034551601143375.ampproject.net/1498506512561/frame.html", "sentTime": -1.000000, "len": 375, "from": "0x0", "mimeType": "text/html", "contentLength": -1, "httpStatus": 200, "connId": 357, "connReused": 0, "cached": 0,"requestTime": 29071.670046, "proxyStart": -1, "proxyEnd": -1, "dnsStart": 0, "dnsEnd": 0, "connectStart": 0, "connectEnd": 259, "sendStart": 259, "sendEnd": 260, "receiveHeadersEnd": 357, "sslStart": 55, "sslEnd": 259}}
06-28 16:39:56.910  3433  3446 E WProf.db: {"ReceivedChunk": {"receivedTime": 29072.034351, "len": 375}}
06-28 16:39:56.910  3433  3446 E WProf.db: {"WprofHTMLTag": {"code": "0x9cadb780", "doc": "https://d-36944034551601143375.ampproject.net/1498506512561/frame.html", "row": 1, "column": 6, "tagName": "head", "time": 29072.076626, "url": "", "pos": 1, "chunkLen": 1, "isStartTag": 1}}
06-28 16:39:56.910  3433  3446 E WProf.db: {"WprofHTMLTag": {"code": "0x9cadb6f0", "doc": "https://d-36944034551601143375.ampproject.net/1498506512561/frame.html", "row": 2, "column": 22, "tagName": "meta", "time": 29072.077070, "url": "", "pos": 1, "chunkLen": 1, "isStartTag": 1}}
06-28 16:39:56.910  3433  3446 E WProf.db: {"WprofHTMLTag": {"code": "0x9eb95540", "doc": "https://d-36944034551601143375.ampproject.net/1498506512561/frame.html", "row": 3, "column": 38, "tagName": "meta", "time": 29072.077328, "url": "", "pos": 1, "chunkLen": 1, "isStartTag": 1}}
06-28 16:39:56.910  3433  3446 E WProf.db: {"WprofHTMLTag": {"code": "0x9eb8ddd0", "doc": "https://d-36944034551601143375.ampproject.net/1498506512561/frame.html", "row": 4, "column": 59, "tagName": "script", "time": 29072.077597, "url": "https://3p.ampproject.net/1498506512561/f.js", "pos": 1, "chunkLen": 1, "isStartTag": 1}}
06-28 16:39:56.910  3433  3446 E WProf.db: {"WprofHTMLTag": {"code": "0x9cadb0f0", "doc": "https://d-36944034551601143375.ampproject.net/1498506512561/frame.html", "row": 4, "column": 68, "tagName": "script", "time": 29072.077951, "url": "", "pos": 1, "chunkLen": 1, "isStartTag": 0}}
06-28 16:39:56.910  3433  3446 E WProf.db: {"WprofHTMLTag": {"code": "0x9cadb8d0", "doc": "https://d-36944034551601143375.ampproject.net/1498506512561/frame.html", "row": 5, "column": 7, "tagName": "head", "time": 29072.572021, "url": "", "pos": 1, "chunkLen": 1, "isStartTag": 0}}
06-28 16:39:56.911  3433  3446 E WProf.db: {"WprofHTMLTag": {"code": "0x9cadb6c0", "doc": "https://d-36944034551601143375.ampproject.net/1498506512561/frame.html", "row": 6, "column": 23, "tagName": "body", "time": 29072.572054, "url": "", "pos": 1, "chunkLen": 1, "isStartTag": 1}}
06-28 16:39:56.911  3433  3446 E WProf.db: {"WprofHTMLTag": {"code": "0x9cadb420", "doc": "https://d-36944034551601143375.ampproject.net/1498506512561/frame.html", "row": 7, "column": 69, "tagName": "div", "time": 29072.572270, "url": "", "pos": 1, "chunkLen": 1, "isStartTag": 1}}
06-28 16:39:56.911  3433  3446 E WProf.db: {"WprofHTMLTag": {"code": "0x9cadb810", "doc": "https://d-36944034551601143375.ampproject.net/1498506512561/frame.html", "row": 8, "column": 10, "tagName": "script", "time": 29072.572722, "url": "", "pos": 1, "chunkLen": 1, "isStartTag": 1}}
06-28 16:39:56.911  3433  3446 E WProf.db: {"WprofHTMLTag": {"code": "0x9cadb7b0", "doc": "https://d-36944034551601143375.ampproject.net/1498506512561/frame.html", "row": 8, "column": 27, "tagName": "script", "time": 29072.572961, "url": "https://securepubads.g.doubleclick.net/static/glade.js", "pos": 1, "chunkLen": 1, "isStartTag": 0}}
06-28 16:39:56.911  3433  3446 E WProf.db: {"WprofHTMLTag": {"code": "0x9cadb450", "doc": "https://d-36944034551601143375.ampproject.net/1498506512561/frame.html", "row": 9, "column": 6, "tagName": "div", "time": 29072.613557, "url": "", "pos": 1, "chunkLen": 1, "isStartTag": 0}}
06-28 16:39:56.911  3433  3446 E WProf.db: {"WprofHTMLTag": {"code": "0x9eb95780", "doc": "https://d-36944034551601143375.ampproject.net/1498506512561/frame.html", "row": 10, "column": 8, "tagName": "script", "time": 29072.613601, "url": "", "pos": 1, "chunkLen": 1, "isStartTag": 1}}
06-28 16:39:56.911  3433  3446 E WProf.db: {"WprofHTMLTag": {"code": "0x9cadb7e0", "doc": "https://d-36944034551601143375.ampproject.net/1498506512561/frame.html", "row": 10, "column": 67, "tagName": "script", "time": 29072.613876, "url": "", "pos": 1, "chunkLen": 1, "isStartTag": 0}}
06-28 16:39:56.911  3433  3446 E WProf.db: {"WprofHTMLTag": {"code": "0x9eb95870", "doc": "https://d-36944034551601143375.ampproject.net/1498506512561/frame.html", "row": 11, "column": 7, "tagName": "body", "time": 29072.619883, "url": "", "pos": 1, "chunkLen": 1, "isStartTag": 0}}
06-28 16:39:56.911  3433  3446 E WProf.db: {"WprofHTMLTag": {"code": "0x9eb958a0", "doc": "https://d-36944034551601143375.ampproject.net/1498506512561/frame.html", "row": 12, "column": 7, "tagName": "html", "time": 29072.619903, "url": "https://securepubads.g.doubleclick.net/static/glade/extra_25.js", "pos": 1, "chunkLen": 1, "isStartTag": 0}}
06-28 16:39:56.912  3433  3446 E WProf.db: {"Resource": {"id": 32, "url": "https://3p.ampproject.net/1498506512561/f.js", "sentTime": -1.000000, "len": 91779, "from": "0x9eb8ddd0", "mimeType": "text/javascript", "contentLength": -1, "httpStatus": 200, "connId": 381, "connReused": 0, "cached": 0,"requestTime": 29072.078989, "proxyStart": -1, "proxyEnd": -1, "dnsStart": 16, "dnsEnd": 16, "connectStart": 0, "connectEnd": 255, "sendStart": 255, "sendEnd": 256, "receiveHeadersEnd": 324, "sslStart": 77, "sslEnd": 255}}
06-28 16:39:56.912  3433  3446 E WProf.db: {"ReceivedChunk": {"receivedTime": 29072.408807, "len": 1736}}
06-28 16:39:56.912  3433  3446 E WProf.db: {"ReceivedChunk": {"receivedTime": 29072.413387, "len": 18202}}
06-28 16:39:56.912  3433  3446 E WProf.db: {"ReceivedChunk": {"receivedTime": 29072.415890, "len": 32768}}
06-28 16:39:56.912  3433  3446 E WProf.db: {"ReceivedChunk": {"receivedTime": 29072.417021, "len": 8000}}
06-28 16:39:56.912  3433  3446 E WProf.db: {"ReceivedChunk": {"receivedTime": 29072.418161, "len": 4122}}
06-28 16:39:56.912  3433  3446 E WProf.db: {"ReceivedChunk": {"receivedTime": 29072.454487, "len": 8648}}
06-28 16:39:56.912  3433  3446 E WProf.db: {"ReceivedChunk": {"receivedTime": 29072.454991, "len": 9064}}
06-28 16:39:56.912  3433  3446 E WProf.db: {"ReceivedChunk": {"receivedTime": 29072.460982, "len": 9239}}
06-28 16:39:56.912  3433  3446 E WProf.db: {"Resource": {"id": 33, "url": "https://securepubads.g.doubleclick.net/static/glade.js", "sentTime": -1.000000, "len": 19455, "from": "0x9cadb7b0", "mimeType": "text/javascript", "contentLength": -1, "httpStatus": 200, "connId": 395, "connReused": 0, "cached": 0,"requestTime": 29072.610811, "proxyStart": -1, "proxyEnd": -1, "dnsStart": 13, "dnsEnd": 13, "connectStart": 0, "connectEnd": 254, "sendStart": 254, "sendEnd": 254, "receiveHeadersEnd": 355, "sslStart": 72, "sslEnd": 253}}
06-28 16:39:56.912  3433  3446 E WProf.db: {"ReceivedChunk": {"receivedTime": 29072.971429, "len": 1803}}
06-28 16:39:56.912  3433  3446 E WProf.db: {"ReceivedChunk": {"receivedTime": 29072.977522, "len": 14715}}
06-28 16:39:56.912  3433  3446 E WProf.db: {"ReceivedChunk": {"receivedTime": 29072.980500, "len": 2937}}
06-28 16:39:56.912  3433  3446 E WProf.db: {"Resource": {"id": 34, "url": "https://securepubads.g.doubleclick.net/gampad/ads?gdfp_req=1&glade_req=1&glv=25&output=html&iu=%2F1038259%2FSEL-amp-cube&sz=300x250&sfv=1-0-8&correlator=212442152960000&eid=108809080&adk=2352184609&biw=412&bih=620&adx=56&ady=294&oid=3&u_sd=3.5&ifi=1&is_amp=1&amp_v=1498506512561&nhd=1&url=http%3A%2F%", "sentTime": -1.000000, "len": 20185, "from": "0x9eb958a0", "mimeType": "text/html", "contentLength": -1, "httpStatus": 200, "connId": 395, "connReused": 1, "cached": 0,"requestTime": 29073.073599, "proxyStart": -1, "proxyEnd": -1, "dnsStart": -1, "dnsEnd": -1, "connectStart": 0, "connectEnd": 7, "sendStart": 7, "sendEnd": 7, "receiveHeadersEnd": 141, "sslStart": -1, "sslEnd": -1}}
06-28 16:39:56.913  3433  3446 E WProf.db: {"ReceivedChunk": {"receivedTime": 29073.224633, "len": 3977}}
06-28 16:39:56.913  3433  3446 E WProf.db: {"ReceivedChunk": {"receivedTime": 29073.287817, "len": 16208}}
06-28 16:39:56.913  3433  3446 E WProf.db: {"WprofHTMLTag": {"code": "0x9cadbab0", "doc": "https://securepubads.g.doubleclick.net/gampad/ads?gdfp_req=1&glade_req=1&glv=25&output=html&iu=%2F1038259%2FSEL-amp-cube&sz=300x250&sfv=1-0-8&correlator=212442152960000&eid=108809080&adk=2352184609&biw=412&bih=620&adx=56&ady=294&oid=3&u_sd=3.5&ifi=1&is_amp=1&amp_v=1498506512561&nhd=1&url=http%3A%2F%", "row": 0, "column": 21, "tagName": "html", "time": 29073.306529, "url": "", "pos": 1, "chunkLen": 1, "isStartTag": 1}}
06-28 16:39:56.913  3433  3446 E WProf.db: {"WprofHTMLTag": {"code": "0x9cadba50", "doc": "https://securepubads.g.doubleclick.net/gampad/ads?gdfp_req=1&glade_req=1&glv=25&output=html&iu=%2F1038259%2FSEL-amp-cube&sz=300x250&sfv=1-0-8&correlator=212442152960000&eid=108809080&adk=2352184609&biw=412&bih=620&adx=56&ady=294&oid=3&u_sd=3.5&ifi=1&is_amp=1&amp_v=1498506512561&nhd=1&url=http%3A%2F%", "row": 0, "column": 27, "tagName": "head", "time": 29073.306915, "url": "", "pos": 1, "chunkLen": 1, "isStartTag": 1}}
06-28 16:39:56.913  3433  3446 E WProf.db: {"WprofHTMLTag": {"code": "0x9cadb540", "doc": "https://securepubads.g.doubleclick.net/gampad/ads?gdfp_req=1&glade_req=1&glv=25&output=html&iu=%2F1038259%2FSEL-amp-cube&sz=300x250&sfv=1-0-8&correlator=212442152960000&eid=108809080&adk=2352184609&biw=412&bih=620&adx=56&ady=294&oid=3&u_sd=3.5&ifi=1&is_amp=1&amp_v=1498506512561&nhd=1&url=http%3A%2F%", "row": 0, "column": 144, "tagName": "meta", "time": 29073.307204, "url": "", "pos": 1, "chunkLen": 1, "isStartTag": 1}}
06-28 16:39:56.913  3433  3446 E WProf.db: {"WprofHTMLTag": {"code": "0x9eb96560", "doc": "https://securepubads.g.doubleclick.net/gampad/ads?gdfp_req=1&glade_req=1&glv=25&output=html&iu=%2F1038259%2FSEL-amp-cube&sz=300x250&sfv=1-0-8&correlator=212442152960000&eid=108809080&adk=2352184609&biw=412&bih=620&adx=56&ady=294&oid=3&u_sd=3.5&ifi=1&is_amp=1&amp_v=1498506512561&nhd=1&url=http%3A%2F%", "row": 0, "column": 152, "tagName": "script", "time": 29073.307694, "url": "", "pos": 1, "chunkLen": 1, "isStartTag": 1}}
06-28 16:39:56.913  3433  3446 E WProf.db: {"WprofHTMLTag": {"code": "0x9cadba80", "doc": "https://securepubads.g.doubleclick.net/gampad/ads?gdfp_req=1&glade_req=1&glv=25&output=html&iu=%2F1038259%2FSEL-amp-cube&sz=300x250&sfv=1-0-8&correlator=212442152960000&eid=108809080&adk=2352184609&biw=412&bih=620&adx=56&ady=294&oid=3&u_sd=3.5&ifi=1&is_amp=1&amp_v=1498506512561&nhd=1&url=http%3A%2F%", "row": 0, "column": 195, "tagName": "script", "time": 29073.308019, "url": "", "pos": 1, "chunkLen": 1, "isStartTag": 0}}
06-28 16:39:56.913  3433  3446 E WProf.db: {"WprofHTMLTag": {"code": "0x9eb96590", "doc": "https://securepubads.g.doubleclick.net/gampad/ads?gdfp_req=1&glade_req=1&glv=25&output=html&iu=%2F1038259%2FSEL-amp-cube&sz=300x250&sfv=1-0-8&correlator=212442152960000&eid=108809080&adk=2352184609&biw=412&bih=620&adx=56&ady=294&oid=3&u_sd=3.5&ifi=1&is_amp=1&amp_v=1498506512561&nhd=1&url=http%3A%2F%", "row": 0, "column": 202, "tagName": "style", "time": 29073.313325, "url": "", "pos": 1, "chunkLen": 1, "isStartTag": 1}}
06-28 16:39:56.913  3433  3446 E WProf.db: {"WprofHTMLTag": {"code": "0x9eb965f0", "doc": "https://securepubads.g.doubleclick.net/gampad/ads?gdfp_req=1&glade_req=1&glv=25&output=html&iu=%2F1038259%2FSEL-amp-cube&sz=300x250&sfv=1-0-8&correlator=212442152960000&eid=108809080&adk=2352184609&biw=412&bih=620&adx=56&ady=294&oid=3&u_sd=3.5&ifi=1&is_amp=1&amp_v=1498506512561&nhd=1&url=http%3A%2F%", "row": 0, "column": 230, "tagName": "style", "time": 29073.313788, "url": "", "pos": 1, "chunkLen": 1, "isStartTag": 0}}
06-28 16:39:56.913  3433  3446 E WProf.db: {"WprofHTMLTag": {"code": "0x9eb96680", "doc": "https://securepubads.g.doubleclick.net/gampad/ads?gdfp_req=1&glade_req=1&glv=25&output=html&iu=%2F1038259%2FSEL-amp-cube&sz=300x250&sfv=1-0-8&correlator=212442152960000&eid=108809080&adk=2352184609&biw=412&bih=620&adx=56&ady=294&oid=3&u_sd=3.5&ifi=1&is_amp=1&amp_v=1498506512561&nhd=1&url=http%3A%2F%", "row": 0, "column": 238, "tagName": "script", "time": 29073.314869, "url": "", "pos": 1, "chunkLen": 1, "isStartTag": 1}}
06-28 16:39:56.913  3433  3446 E WProf.db: {"WprofHTMLTag": {"code": "0x9eb96770", "doc": "https://securepubads.g.doubleclick.net/gampad/ads?gdfp_req=1&glade_req=1&glv=25&output=html&iu=%2F1038259%2FSEL-amp-cube&sz=300x250&sfv=1-0-8&correlator=212442152960000&eid=108809080&adk=2352184609&biw=412&bih=620&adx=56&ady=294&oid=3&u_sd=3.5&ifi=1&is_amp=1&amp_v=1498506512561&nhd=1&url=http%3A%2F%", "row": 0, "column": 8856, "tagName": "script", "time": 29073.315369, "url": "", "pos": 1, "chunkLen": 1, "isStartTag": 0}}
06-28 16:39:56.914  3433  3446 E WProf.db: {"WprofHTMLTag": {"code": "0x9eb96800", "doc": "https://securepubads.g.doubleclick.net/gampad/ads?gdfp_req=1&glade_req=1&glv=25&output=html&iu=%2F1038259%2FSEL-amp-cube&sz=300x250&sfv=1-0-8&correlator=212442152960000&eid=108809080&adk=2352184609&biw=412&bih=620&adx=56&ady=294&oid=3&u_sd=3.5&ifi=1&is_amp=1&amp_v=1498506512561&nhd=1&url=http%3A%2F%", "row": 0, "column": 8863, "tagName": "head", "time": 29073.326961, "url": "", "pos": 1, "chunkLen": 1, "isStartTag": 0}}
06-28 16:39:56.914  3433  3446 E WProf.db: {"WprofHTMLTag": {"code": "0x9eb96830", "doc": "https://securepubads.g.doubleclick.net/gampad/ads?gdfp_req=1&glade_req=1&glv=25&output=html&iu=%2F1038259%2FSEL-amp-cube&sz=300x250&sfv=1-0-8&correlator=212442152960000&eid=108809080&adk=2352184609&biw=412&bih=620&adx=56&ady=294&oid=3&u_sd=3.5&ifi=1&is_amp=1&amp_v=1498506512561&nhd=1&url=http%3A%2F%", "row": 0, "column": 8977, "tagName": "body", "time": 29073.327565, "url": "", "pos": 1, "chunkLen": 1, "isStartTag": 1}}
06-28 16:39:56.914  3433  3446 E WProf.db: {"WprofHTMLTag": {"code": "0x9eb96860", "doc": "https://securepubads.g.doubleclick.net/gampad/ads?gdfp_req=1&glade_req=1&glv=25&output=html&iu=%2F1038259%2FSEL-amp-cube&sz=300x250&sfv=1-0-8&correlator=212442152960000&eid=108809080&adk=2352184609&biw=412&bih=620&adx=56&ady=294&oid=3&u_sd=3.5&ifi=1&is_amp=1&amp_v=1498506512561&nhd=1&url=http%3A%2F%", "row": 0, "column": 9047, "tagName": "div", "time": 29073.328245, "url": "", "pos": 1, "chunkLen": 1, "isStartTag": 1}}
06-28 16:39:56.914  3433  3446 E WProf.db: {"WprofHTMLTag": {"code": "0x9eb967d0", "doc": "https://securepubads.g.doubleclick.net/gampad/ads?gdfp_req=1&glade_req=1&glv=25&output=html&iu=%2F1038259%2FSEL-amp-cube&sz=300x250&sfv=1-0-8&correlator=212442152960000&eid=108809080&adk=2352184609&biw=412&bih=620&adx=56&ady=294&oid=3&u_sd=3.5&ifi=1&is_amp=1&amp_v=1498506512561&nhd=1&url=http%3A%2F%", "row": 0, "column": 9055, "tagName": "script", "time": 29073.328469, "url": "", "pos": 1, "chunkLen": 1, "isStartTag": 1}}
06-28 16:39:56.914  3433  3446 E WProf.db: {"WprofHTMLTag": {"code": "0x9eb96890", "doc": "https://securepubads.g.doubleclick.net/gampad/ads?gdfp_req=1&glade_req=1&glv=25&output=html&iu=%2F1038259%2FSEL-amp-cube&sz=300x250&sfv=1-0-8&correlator=212442152960000&eid=108809080&adk=2352184609&biw=412&bih=620&adx=56&ady=294&oid=3&u_sd=3.5&ifi=1&is_amp=1&amp_v=1498506512561&nhd=1&url=http%3A%2F%", "row": 0, "column": 9428, "tagName": "script", "time": 29073.328732, "url": "", "pos": 1, "chunkLen": 1, "isStartTag": 0}}
06-28 16:39:56.914  3433  3446 E WProf.db: {"WprofHTMLTag": {"code": "0x9eb968c0", "doc": "https://securepubads.g.doubleclick.net/gampad/ads?gdfp_req=1&glade_req=1&glv=25&output=html&iu=%2F1038259%2FSEL-amp-cube&sz=300x250&sfv=1-0-8&correlator=212442152960000&eid=108809080&adk=2352184609&biw=412&bih=620&adx=56&ady=294&oid=3&u_sd=3.5&ifi=1&is_amp=1&amp_v=1498506512561&nhd=1&url=http%3A%2F%", "row": 0, "column": 10009, "tagName": "a", "time": 29073.337943, "url": "", "pos": 1, "chunkLen": 1, "isStartTag": 1}}
06-28 16:39:56.914  3433  3446 E WProf.db: {"WprofHTMLTag": {"code": "0x9eb96920", "doc": "https://securepubads.g.doubleclick.net/gampad/ads?gdfp_req=1&glade_req=1&glv=25&output=html&iu=%2F1038259%2FSEL-amp-cube&sz=300x250&sfv=1-0-8&correlator=212442152960000&eid=108809080&adk=2352184609&biw=412&bih=620&adx=56&ady=294&oid=3&u_sd=3.5&ifi=1&is_amp=1&amp_v=1498506512561&nhd=1&url=http%3A%2F%", "row": 0, "column": 10142, "tagName": "img", "time": 29073.338739, "url": "", "pos": 1, "chunkLen": 1, "isStartTag": 1}}
06-28 16:39:56.915  3433  3446 E WProf.db: {"WprofHTMLTag": {"code": "0x9eb968f0", "doc": "https://securepubads.g.doubleclick.net/gampad/ads?gdfp_req=1&glade_req=1&glv=25&output=html&iu=%2F1038259%2FSEL-amp-cube&sz=300x250&sfv=1-0-8&correlator=212442152960000&eid=108809080&adk=2352184609&biw=412&bih=620&adx=56&ady=294&oid=3&u_sd=3.5&ifi=1&is_amp=1&amp_v=1498506512561&nhd=1&url=http%3A%2F%", "row": 0, "column": 10146, "tagName": "a", "time": 29073.342886, "url": "", "pos": 1, "chunkLen": 1, "isStartTag": 0}}
06-28 16:39:56.915  3433  3446 E WProf.db: {"WprofHTMLTag": {"code": "0x9eb96950", "doc": "https://securepubads.g.doubleclick.net/gampad/ads?gdfp_req=1&glade_req=1&glv=25&output=html&iu=%2F1038259%2FSEL-amp-cube&sz=300x250&sfv=1-0-8&correlator=212442152960000&eid=108809080&adk=2352184609&biw=412&bih=620&adx=56&ady=294&oid=3&u_sd=3.5&ifi=1&is_amp=1&amp_v=1498506512561&nhd=1&url=http%3A%2F%", "row": 0, "column": 10152, "tagName": "div", "time": 29073.342921, "url": "", "pos": 1, "chunkLen": 1, "isStartTag": 0}}
06-28 16:39:56.915  3433  3446 E WProf.db: {"WprofHTMLTag": {"code": "0x9eb96980", "doc": "https://securepubads.g.doubleclick.net/gampad/ads?gdfp_req=1&glade_req=1&glv=25&output=html&iu=%2F1038259%2FSEL-amp-cube&sz=300x250&sfv=1-0-8&correlator=212442152960000&eid=108809080&adk=2352184609&biw=412&bih=620&adx=56&ady=294&oid=3&u_sd=3.5&ifi=1&is_amp=1&amp_v=1498506512561&nhd=1&url=http%3A%2F%", "row": 0, "column": 10275, "tagName": "script", "time": 29073.342951, "url": "https://tpc.googlesyndication.com/pagead/js/r20170619/r20110914/client/ext/m_window_focus_non_hydra.js", "pos": 1, "chunkLen": 1, "isStartTag": 1}}
06-28 16:39:56.915  3433  3446 E WProf.db: {"WprofHTMLTag": {"code": "0x9eb969b0", "doc": "https://securepubads.g.doubleclick.net/gampad/ads?gdfp_req=1&glade_req=1&glv=25&output=html&iu=%2F1038259%2FSEL-amp-cube&sz=300x250&sfv=1-0-8&correlator=212442152960000&eid=108809080&adk=2352184609&biw=412&bih=620&adx=56&ady=294&oid=3&u_sd=3.5&ifi=1&is_amp=1&amp_v=1498506512561&nhd=1&url=http%3A%2F%", "row": 0, "column": 10284, "tagName": "script", "time": 29073.343368, "url": "", "pos": 1, "chunkLen": 1, "isStartTag": 0}}
06-28 16:39:56.915  3433  3446 E WProf.db: {"WprofHTMLTag": {"code": "0x9eb964d0", "doc": "https://securepubads.g.doubleclick.net/gampad/ads?gdfp_req=1&glade_req=1&glv=25&output=html&iu=%2F1038259%2FSEL-amp-cube&sz=300x250&sfv=1-0-8&correlator=212442152960000&eid=108809080&adk=2352184609&biw=412&bih=620&adx=56&ady=294&oid=3&u_sd=3.5&ifi=1&is_amp=1&amp_v=1498506512561&nhd=1&url=http%3A%2F%", "row": 0, "column": 10292, "tagName": "script", "time": 29073.344621, "url": "", "pos": 1, "chunkLen": 1, "isStartTag": 1}}
06-28 16:39:56.915  3433  3446 E WProf.db: {"WprofHTMLTag": {"code": "0x9eb969e0", "doc": "https://securepubads.g.doubleclick.net/gampad/ads?gdfp_req=1&glade_req=1&glv=25&output=html&iu=%2F1038259%2FSEL-amp-cube&sz=300x250&sfv=1-0-8&correlator=212442152960000&eid=108809080&adk=2352184609&biw=412&bih=620&adx=56&ady=294&oid=3&u_sd=3.5&ifi=1&is_amp=1&amp_v=1498506512561&nhd=1&url=http%3A%2F%", "row": 0, "column": 10558, "tagName": "script", "time": 29073.347139, "url": "", "pos": 1, "chunkLen": 1, "isStartTag": 0}}
06-28 16:39:56.915  3433  3446 E WProf.db: {"WprofHTMLTag": {"code": "0x9eb96a10", "doc": "https://securepubads.g.doubleclick.net/gampad/ads?gdfp_req=1&glade_req=1&glv=25&output=html&iu=%2F1038259%2FSEL-amp-cube&sz=300x250&sfv=1-0-8&correlator=212442152960000&eid=108809080&adk=2352184609&biw=412&bih=620&adx=56&ady=294&oid=3&u_sd=3.5&ifi=1&is_amp=1&amp_v=1498506512561&nhd=1&url=http%3A%2F%", "row": 0, "column": 10663, "tagName": "script", "time": 29073.348163, "url": "https://tpc.googlesyndication.com/pagead/js/r20170619/r20110914/activeview/osd_listener.js", "pos": 1, "chunkLen": 1, "isStartTag": 1}}
06-28 16:39:56.916  3433  3446 E WProf.db: {"WprofHTMLTag": {"code": "0x9eb96a40", "doc": "https://securepubads.g.doubleclick.net/gampad/ads?gdfp_req=1&glade_req=1&glv=25&output=html&iu=%2F1038259%2FSEL-amp-cube&sz=300x250&sfv=1-0-8&correlator=212442152960000&eid=108809080&adk=2352184609&biw=412&bih=620&adx=56&ady=294&oid=3&u_sd=3.5&ifi=1&is_amp=1&amp_v=1498506512561&nhd=1&url=http%3A%2F%", "row": 0, "column": 10672, "tagName": "script", "time": 29073.349248, "url": "https://pagead2.googlesyndication.com/pagead/osd.js", "pos": 1, "chunkLen": 1, "isStartTag": 0}}
06-28 16:39:56.916  3433  3446 E WProf.db: {"WprofHTMLTag": {"code": "0x9cadbf60", "doc": "https://securepubads.g.doubleclick.net/gampad/ads?gdfp_req=1&glade_req=1&glv=25&output=html&iu=%2F1038259%2FSEL-amp-cube&sz=300x250&sfv=1-0-8&correlator=212442152960000&eid=108809080&adk=2352184609&biw=412&bih=620&adx=56&ady=294&oid=3&u_sd=3.5&ifi=1&is_amp=1&amp_v=1498506512561&nhd=1&url=http%3A%2F%", "row": 0, "column": 10703, "tagName": "script", "time": 29073.797098, "url": "", "pos": 1, "chunkLen": 1, "isStartTag": 1}}
06-28 16:39:56.916  3433  3446 E WProf.db: {"WprofHTMLTag": {"code": "0x9cadbd80", "doc": "https://securepubads.g.doubleclick.net/gampad/ads?gdfp_req=1&glade_req=1&glv=25&output=html&iu=%2F1038259%2FSEL-amp-cube&sz=300x250&sfv=1-0-8&correlator=212442152960000&eid=108809080&adk=2352184609&biw=412&bih=620&adx=56&ady=294&oid=3&u_sd=3.5&ifi=1&is_amp=1&amp_v=1498506512561&nhd=1&url=http%3A%2F%", "row": 0, "column": 11056, "tagName": "script", "time": 29073.797349, "url": "", "pos": 1, "chunkLen": 1, "isStartTag": 0}}
06-28 16:39:56.916  3433  3446 E WProf.db: {"WprofHTMLTag": {"code": "0x9cadb3f0", "doc": "https://securepubads.g.doubleclick.net/gampad/ads?gdfp_req=1&glade_req=1&glv=25&output=html&iu=%2F1038259%2FSEL-amp-cube&sz=300x250&sfv=1-0-8&correlator=212442152960000&eid=108809080&adk=2352184609&biw=412&bih=620&adx=56&ady=294&oid=3&u_sd=3.5&ifi=1&is_amp=1&amp_v=1498506512561&nhd=1&url=http%3A%2F%", "row": 0, "column": 11064, "tagName": "script", "time": 29073.819363, "url": "", "pos": 1, "chunkLen": 1, "isStartTag": 1}}
06-28 16:39:56.916  3433  3446 E WProf.db: {"WprofHTMLTag": {"code": "0x9cadb330", "doc": "https://securepubads.g.doubleclick.net/gampad/ads?gdfp_req=1&glade_req=1&glv=25&output=html&iu=%2F1038259%2FSEL-amp-cube&sz=300x250&sfv=1-0-8&correlator=212442152960000&eid=108809080&adk=2352184609&biw=412&bih=620&adx=56&ady=294&oid=3&u_sd=3.5&ifi=1&is_amp=1&amp_v=1498506512561&nhd=1&url=http%3A%2F%", "row": 0, "column": 19626, "tagName": "script", "time": 29073.819568, "url": "", "pos": 1, "chunkLen": 1, "isStartTag": 0}}
06-28 16:39:56.916  3433  3446 E WProf.db: {"WprofHTMLTag": {"code": "0x9cadbcf0", "doc": "https://securepubads.g.doubleclick.net/gampad/ads?gdfp_req=1&glade_req=1&glv=25&output=html&iu=%2F1038259%2FSEL-amp-cube&sz=300x250&sfv=1-0-8&correlator=212442152960000&eid=108809080&adk=2352184609&biw=412&bih=620&adx=56&ady=294&oid=3&u_sd=3.5&ifi=1&is_amp=1&amp_v=1498506512561&nhd=1&url=http%3A%2F%", "row": 0, "column": 19634, "tagName": "script", "time": 29073.827822, "url": "", "pos": 1, "chunkLen": 1, "isStartTag": 1}}
06-28 16:39:56.916  3433  3446 E WProf.db: {"WprofHTMLTag": {"code": "0x9cadbf30", "doc": "https://securepubads.g.doubleclick.net/gampad/ads?gdfp_req=1&glade_req=1&glv=25&output=html&iu=%2F1038259%2FSEL-amp-cube&sz=300x250&sfv=1-0-8&correlator=212442152960000&eid=108809080&adk=2352184609&biw=412&bih=620&adx=56&ady=294&oid=3&u_sd=3.5&ifi=1&is_amp=1&amp_v=1498506512561&nhd=1&url=http%3A%2F%", "row": 0, "column": 19709, "tagName": "script", "time": 29073.828016, "url": "", "pos": 1, "chunkLen": 1, "isStartTag": 0}}
06-28 16:39:56.916  3433  3446 E WProf.db: {"WprofHTMLTag": {"code": "0x9cadbf00", "doc": "https://securepubads.g.doubleclick.net/gampad/ads?gdfp_req=1&glade_req=1&glv=25&output=html&iu=%2F1038259%2FSEL-amp-cube&sz=300x250&sfv=1-0-8&correlator=212442152960000&eid=108809080&adk=2352184609&biw=412&bih=620&adx=56&ady=294&oid=3&u_sd=3.5&ifi=1&is_amp=1&amp_v=1498506512561&nhd=1&url=http%3A%2F%", "row": 0, "column": 19717, "tagName": "script", "time": 29073.831287, "url": "", "pos": 1, "chunkLen": 1, "isStartTag": 1}}
06-28 16:39:56.916  3433  3446 E WProf.db: {"WprofHTMLTag": {"code": "0x9eb96c50", "doc": "https://securepubads.g.doubleclick.net/gampad/ads?gdfp_req=1&glade_req=1&glv=25&output=html&iu=%2F1038259%2FSEL-amp-cube&sz=300x250&sfv=1-0-8&correlator=212442152960000&eid=108809080&adk=2352184609&biw=412&bih=620&adx=56&ady=294&oid=3&u_sd=3.5&ifi=1&is_amp=1&amp_v=1498506512561&nhd=1&url=http%3A%2F%", "row": 0, "column": 19824, "tagName": "script", "time": 29073.831464, "url": "", "pos": 1, "chunkLen": 1, "isStartTag": 0}}
06-28 16:39:56.916  3433  3446 E WProf.db: {"WprofHTMLTag": {"code": "0x9eb96c80", "doc": "https://securepubads.g.doubleclick.net/gampad/ads?gdfp_req=1&glade_req=1&glv=25&output=html&iu=%2F1038259%2FSEL-amp-cube&sz=300x250&sfv=1-0-8&correlator=212442152960000&eid=108809080&adk=2352184609&biw=412&bih=620&adx=56&ady=294&oid=3&u_sd=3.5&ifi=1&is_amp=1&amp_v=1498506512561&nhd=1&url=http%3A%2F%", "row": 0, "column": 19832, "tagName": "script", "time": 29073.832024, "url": "", "pos": 1, "chunkLen": 1, "isStartTag": 1}}
06-28 16:39:56.916  3433  3446 E WProf.db: {"WprofHTMLTag": {"code": "0x9eb96cb0", "doc": "https://securepubads.g.doubleclick.net/gampad/ads?gdfp_req=1&glade_req=1&glv=25&output=html&iu=%2F1038259%2FSEL-amp-cube&sz=300x250&sfv=1-0-8&correlator=212442152960000&eid=108809080&adk=2352184609&biw=412&bih=620&adx=56&ady=294&oid=3&u_sd=3.5&ifi=1&is_amp=1&amp_v=1498506512561&nhd=1&url=http%3A%2F%", "row": 0, "column": 20171, "tagName": "script", "time": 29073.832190, "url": "", "pos": 1, "chunkLen": 1, "isStartTag": 0}}
06-28 16:39:56.917  3433  3446 E WProf.db: {"WprofHTMLTag": {"code": "0x9eb96ce0", "doc": "https://securepubads.g.doubleclick.net/gampad/ads?gdfp_req=1&glade_req=1&glv=25&output=html&iu=%2F1038259%2FSEL-amp-cube&sz=300x250&sfv=1-0-8&correlator=212442152960000&eid=108809080&adk=2352184609&biw=412&bih=620&adx=56&ady=294&oid=3&u_sd=3.5&ifi=1&is_amp=1&amp_v=1498506512561&nhd=1&url=http%3A%2F%", "row": 0, "column": 20178, "tagName": "body", "time": 29073.833056, "url": "", "pos": 1, "chunkLen": 1, "isStartTag": 0}}
06-28 16:39:56.917  3433  3446 E WProf.db: {"WprofHTMLTag": {"code": "0x9eb96d10", "doc": "https://securepubads.g.doubleclick.net/gampad/ads?gdfp_req=1&glade_req=1&glv=25&output=html&iu=%2F1038259%2FSEL-amp-cube&sz=300x250&sfv=1-0-8&correlator=212442152960000&eid=108809080&adk=2352184609&biw=412&bih=620&adx=56&ady=294&oid=3&u_sd=3.5&ifi=1&is_amp=1&amp_v=1498506512561&nhd=1&url=http%3A%2F%", "row": 0, "column": 20185, "tagName": "html", "time": 29073.833183, "url": "", "pos": 1, "chunkLen": 1, "isStartTag": 0}}
06-28 16:39:56.917  3433  3446 E WProf.db: {"Resource": {"id": 35, "url": "https://securepubads.g.doubleclick.net/static/glade/extra_25.js", "sentTime": -1.000000, "len": 10944, "from": "0x9eb958a0", "mimeType": "text/javascript", "contentLength": -1, "httpStatus": 200, "connId": 405, "connReused": 0, "cached": 0,"requestTime": 29073.085751, "proxyStart": -1, "proxyEnd": -1, "dnsStart": 0, "dnsEnd": 0, "connectStart": 0, "connectEnd": 118, "sendStart": 118, "sendEnd": 121, "receiveHeadersEnd": 195, "sslStart": 46, "sslEnd": 109}}
06-28 16:39:56.917  3433  3446 E WProf.db: {"ReceivedChunk": {"receivedTime": 29073.303022, "len": 2169}}
06-28 16:39:56.917  3433  3446 E WProf.db: {"ReceivedChunk": {"receivedTime": 29073.304597, "len": 3178}}
06-28 16:39:56.917  3433  3446 E WProf.db: {"ReceivedChunk": {"receivedTime": 29073.350919, "len": 5597}}
06-28 16:39:56.917  3433  3446 E WProf.db: {"Resource": {"id": 36, "url": "https://securepubads.g.doubleclick.net/pcs/view?xai=AKAOjsu6D-9VnIFy5hJBIgpzAr3D7pAiCjVqGxNtYtJnPiVh4vl743JBRsHvlX3Ni2EBixRz0qSDLMgk6ouFQOX8PHXHFylOS6zry-m3MMm5lx8cmZlsLbSCh_rz-dVqxE4owCK-og_SRajvID3tUqZLJzdSrpTKy7lOjVLEsfQi_I2i4FVG4EDdhdNWDqhS_-i0t5rNQrn-k015Su_ZCouj0YoJ4lM7NP8JwnntBltLqMi4KAwge1Lz", "sentTime": -1.000000, "len": 0, "from": "0x9eb96890", "mimeType": "text/html", "contentLength": 0, "httpStatus": 200, "connId": 405, "connReused": 1, "cached": 0,"requestTime": 29073.337997, "proxyStart": -1, "proxyEnd": -1, "dnsStart": -1, "dnsEnd": -1, "connectStart": 0, "connectEnd": 18, "sendStart": 18, "sendEnd": 19, "receiveHeadersEnd": 123, "sslStart": -1, "sslEnd": -1}}
06-28 16:39:56.917  3433  3446 E WProf.db: {"Resource": {"id": 38, "url": "https://tpc.googlesyndication.com/pagead/js/r20170619/r20110914/client/ext/m_window_focus_non_hydra.js", "sentTime": -1.000000, "len": 4938, "from": "0x9eb96980", "mimeType": "text/javascript", "contentLength": -1, "httpStatus": 200, "connId": 453, "connReused": 0, "cached": 0,"requestTime": 29073.345052, "proxyStart": -1, "proxyEnd": -1, "dnsStart": 22, "dnsEnd": 22, "connectStart": 0, "connectEnd": 258, "sendStart": 258, "sendEnd": 259, "receiveHeadersEnd": 346, "sslStart": 82, "sslEnd": 256}}
06-28 16:39:56.917  3433  3446 E WProf.db: {"ReceivedChunk": {"receivedTime": 29073.721660, "len": 1609}}
06-28 16:39:56.917  3433  3446 E WProf.db: {"ReceivedChunk": {"receivedTime": 29073.733680, "len": 3329}}
06-28 16:39:56.917  3433  3446 E WProf.db: {"Resource": {"id": 37, "url": "https://tpc.googlesyndication.com/simgad/5251963177760068320", "sentTime": -1.000000, "len": 29604, "from": "0x9eb96920", "mimeType": "image/jpeg", "contentLength": 29604, "httpStatus": 200, "connId": 463, "connReused": 0, "cached": 0,"requestTime": 29073.340366, "proxyStart": -1, "proxyEnd": -1, "dnsStart": 30, "dnsEnd": 30, "connectStart": 0, "connectEnd": 264, "sendStart": 264, "sendEnd": 265, "receiveHeadersEnd": 372, "sslStart": 90, "sslEnd": 261}}
06-28 16:39:56.918  3433  3446 E WProf.db: {"ReceivedChunk": {"receivedTime": 29073.731631, "len": 3639}}
06-28 16:39:56.918  3433  3446 E WProf.db: {"ReceivedChunk": {"receivedTime": 29073.762463, "len": 4238}}
06-28 16:39:56.918  3433  3446 E WProf.db: {"ReceivedChunk": {"receivedTime": 29073.763521, "len": 16668}}
06-28 16:39:56.918  3433  3446 E WProf.db: {"ReceivedChunk": {"receivedTime": 29073.840616, "len": 5059}}
