--------- beginning of main
06-28 09:21:41.217  3449  3449 E Finsky  : [1] com.google.android.finsky.wear.bl.a(3): onConnectionFailed: ConnectionResult{statusCode=API_UNAVAILABLE, resolution=null, message=null}
--------- beginning of system
06-28 09:21:42.423  8329  8329 E chromium: [ERROR:shell_integration_android.cc(12)] Not implemented reached in static ShellIntegration::DefaultWebClientSetPermission ShellIntegration::CanSetAsDefaultBrowser()
06-28 09:21:42.427  8329  8329 E chromium: [ERROR:browser_process_impl.cc(720)] Not implemented reached in virtual BackgroundModeManager* BrowserProcessImpl::background_mode_manager()
06-28 09:21:42.722  3218  4782 E AudioRecord-JNI: Error -4 during AudioRecord native read
06-28 09:21:45.259  8329  8378 E chromium: [ERROR:gles2_cmd_decoder.cc(3852)] [.ChromiumCompositor-0xacbb2fc0]GL ERROR :GL_INVALID_ENUM : glDiscardFramebufferEXT: attachments was GL_COLOR_EXT
06-28 09:21:45.623  8397  8410 E WPROF   : {"Javascript": {"url": "https://cdn.ampproject.org/rtv/011498506512561/v0.js", "requestTime": 2782.678430}}
06-28 09:21:45.625  8397  8410 E WPROF   : {"Javascript": {"url": "https://cdn.ampproject.org/rtv/011498506512561/v0/amp-ad-0.1.js", "requestTime": 2782.680661}}
06-28 09:21:45.626  8397  8410 E WPROF   : {"Javascript": {"url": "https://cdn.ampproject.org/rtv/011498506512561/v0/amp-analytics-0.1.js", "requestTime": 2782.681387}}
06-28 09:21:45.626  8397  8410 E WPROF   : {"Javascript": {"url": "https://cdn.ampproject.org/rtv/011498506512561/v0/amp-anim-0.1.js", "requestTime": 2782.682089}}
06-28 09:21:45.627  8397  8410 E WPROF   : {"Javascript": {"url": "https://cdn.ampproject.org/rtv/011498506512561/v0/amp-form-0.1.js", "requestTime": 2782.682746}}
06-28 09:21:45.628  8397  8410 E WPROF   : {"Javascript": {"url": "https://cdn.ampproject.org/rtv/011498506512561/v0/amp-sidebar-0.1.js", "requestTime": 2782.683412}}
06-28 09:21:45.628  8397  8410 E WPROF   : {"Javascript": {"url": "https://cdn.ampproject.org/rtv/011498506512561/v0/amp-video-0.1.js", "requestTime": 2782.684074}}
06-28 09:21:45.629  8397  8410 E WPROF   : {"Javascript": {"url": "https://cdn.ampproject.org/rtv/011498506512561/v0/amp-youtube-0.1.js", "requestTime": 2782.684752}}
06-28 09:21:45.630  8397  8410 E WPROF   : {"CSS": {"url": "https://fonts.googleapis.com/css?family=Oswald:300,400,700", "requestTime": 2782.685529}}
06-28 09:21:45.630  8397  8410 E WPROF   : {"CSS": {"url": "https://fonts.googleapis.com/css?family=Merriweather:400,400italic,700,700italic", "requestTime": 2782.686150}}
06-28 09:21:45.641  8397  8410 E WPROF   : {"Javascript": {"url": "https://cdn.ampproject.org/rtv/011498506512561/v0/amp-mustache-0.1.js", "requestTime": 2782.696926}}
06-28 09:21:46.665  8329  8378 E chromium: [ERROR:gles2_cmd_decoder.cc(3852)] [.ChromiumCompositor-0xacbb2fc0]GL ERROR :GL_INVALID_ENUM : glDiscardFramebufferEXT: attachments was GL_COLOR_EXT
06-28 09:21:47.043  8329  8378 E chromium: [ERROR:gles2_cmd_decoder.cc(3852)] [.ChromiumCompositor-0xacbb2fc0]GL ERROR :GL_INVALID_ENUM : glDiscardFramebufferEXT: attachments was GL_COLOR_EXT
06-28 09:21:47.124  8329  8378 E chromium: [ERROR:gles2_cmd_decoder.cc(3852)] [.ChromiumCompositor-0xacbb2fc0]GL ERROR :GL_INVALID_ENUM : glDiscardFramebufferEXT: attachments was GL_COLOR_EXT
06-28 09:21:47.148  8329  8378 E chromium: [ERROR:gles2_cmd_decoder.cc(3852)] [.ChromiumCompositor-0xacbb2fc0]GL ERROR :GL_INVALID_ENUM : glDiscardFramebufferEXT: attachments was GL_COLOR_EXT
06-28 09:21:47.159  8329  8378 E chromium: [ERROR:gles2_cmd_decoder.cc(3852)] [.ChromiumCompositor-0xacbb2fc0]GL ERROR :GL_INVALID_ENUM : glDiscardFramebufferEXT: attachments was GL_COLOR_EXT
06-28 09:21:47.174  8329  8378 E chromium: [ERROR:gles2_cmd_decoder.cc(3852)] [.ChromiumCompositor-0xacbb2fc0]GL ERROR :GL_INVALID_ENUM : glDiscardFramebufferEXT: attachments was GL_COLOR_EXT
06-28 09:21:47.191  8329  8378 E chromium: [ERROR:gles2_cmd_decoder.cc(3852)] [.ChromiumCompositor-0xacbb2fc0]GL ERROR :GL_INVALID_ENUM : glDiscardFramebufferEXT: attachments was GL_COLOR_EXT
06-28 09:21:47.208  8329  8378 E chromium: [ERROR:gles2_cmd_decoder.cc(3852)] [.ChromiumCompositor-0xacbb2fc0]GL ERROR :GL_INVALID_ENUM : glDiscardFramebufferEXT: attachments was GL_COLOR_EXT
06-28 09:21:47.225  8329  8378 E chromium: [ERROR:gles2_cmd_decoder.cc(3852)] [.ChromiumCompositor-0xacbb2fc0]GL ERROR :GL_INVALID_ENUM : glDiscardFramebufferEXT: attachments was GL_COLOR_EXT
06-28 09:21:47.242  8329  8378 E chromium: [ERROR:gles2_cmd_decoder.cc(3852)] [.ChromiumCompositor-0xacbb2fc0]GL ERROR :GL_INVALID_ENUM : glDiscardFramebufferEXT: attachments was GL_COLOR_EXT
06-28 09:21:47.258  8329  8378 E chromium: [ERROR:gles2_cmd_decoder.cc(3852)] [.ChromiumCompositor-0xacbb2fc0]GL ERROR :GL_INVALID_ENUM : glDiscardFramebufferEXT: attachments was GL_COLOR_EXT
06-28 09:21:47.288  8329  8378 E chromium: [ERROR:gles2_cmd_decoder.cc(3852)] [.ChromiumCompositor-0xacbb2fc0]GL ERROR :GL_INVALID_ENUM : glDiscardFramebufferEXT: attachments was GL_COLOR_EXT
06-28 09:21:47.294  8329  8378 E chromium: [ERROR:gles2_cmd_decoder.cc(3852)] [.ChromiumCompositor-0xacbb2fc0]GL ERROR :GL_INVALID_ENUM : glDiscardFramebufferEXT: attachments was GL_COLOR_EXT
06-28 09:21:47.310  8329  8378 E chromium: [ERROR:gles2_cmd_decoder.cc(3852)] [.ChromiumCompositor-0xacbb2fc0]GL ERROR :GL_INVALID_ENUM : glDiscardFramebufferEXT: attachments was GL_COLOR_EXT
06-28 09:21:47.349  8329  8378 E chromium: [ERROR:gles2_cmd_decoder.cc(3852)] [.ChromiumCompositor-0xacbb2fc0]GL ERROR :GL_INVALID_ENUM : glDiscardFramebufferEXT: attachments was GL_COLOR_EXT
06-28 09:21:47.367  8329  8378 E chromium: [ERROR:gles2_cmd_decoder.cc(3852)] [.ChromiumCompositor-0xacbb2fc0]GL ERROR :GL_INVALID_ENUM : glDiscardFramebufferEXT: attachments was GL_COLOR_EXT
06-28 09:21:47.381  8329  8378 E chromium: [ERROR:gles2_cmd_decoder.cc(3852)] [.ChromiumCompositor-0xacbb2fc0]GL ERROR :GL_INVALID_ENUM : glDiscardFramebufferEXT: attachments was GL_COLOR_EXT
06-28 09:21:47.401  8329  8378 E chromium: [ERROR:gles2_cmd_decoder.cc(3852)] [.ChromiumCompositor-0xacbb2fc0]GL ERROR :GL_INVALID_ENUM : glDiscardFramebufferEXT: attachments was GL_COLOR_EXT
06-28 09:21:47.436  8329  8378 E chromium: [ERROR:gles2_cmd_decoder.cc(3852)] [.ChromiumCompositor-0xacbb2fc0]GL ERROR :GL_INVALID_ENUM : glDiscardFramebufferEXT: attachments was GL_COLOR_EXT
06-28 09:21:47.443  8329  8378 E chromium: [ERROR:gles2_cmd_decoder.cc(3852)] [.ChromiumCompositor-0xacbb2fc0]GL ERROR :GL_INVALID_ENUM : glDiscardFramebufferEXT: attachments was GL_COLOR_EXT
06-28 09:21:47.459  8329  8378 E chromium: [ERROR:gles2_cmd_decoder.cc(3852)] [.ChromiumCompositor-0xacbb2fc0]GL ERROR :GL_INVALID_ENUM : glDiscardFramebufferEXT: attachments was GL_COLOR_EXT
06-28 09:21:47.476  8329  8378 E chromium: [ERROR:gles2_cmd_decoder.cc(3852)] [.ChromiumCompositor-0xacbb2fc0]GL ERROR :GL_INVALID_ENUM : glDiscardFramebufferEXT: attachments was GL_COLOR_EXT
06-28 09:21:47.499  8329  8378 E chromium: [ERROR:gles2_cmd_decoder.cc(3852)] [.ChromiumCompositor-0xacbb2fc0]GL ERROR :GL_INVALID_ENUM : glDiscardFramebufferEXT: attachments was GL_COLOR_EXT
06-28 09:21:47.514  8329  8378 E chromium: [ERROR:gles2_cmd_decoder.cc(3852)] [.ChromiumCompositor-0xacbb2fc0]GL ERROR :GL_INVALID_ENUM : glDiscardFramebufferEXT: attachments was GL_COLOR_EXT
06-28 09:21:47.526  8329  8378 E chromium: [ERROR:gles2_cmd_decoder.cc(3852)] [.ChromiumCompositor-0xacbb2fc0]GL ERROR :GL_INVALID_ENUM : glDiscardFramebufferEXT: attachments was GL_COLOR_EXT
06-28 09:21:47.544  8329  8378 E chromium: [ERROR:gles2_cmd_decoder.cc(3852)] [.ChromiumCompositor-0xacbb2fc0]GL ERROR :GL_INVALID_ENUM : glDiscardFramebufferEXT: attachments was GL_COLOR_EXT
06-28 09:21:47.560  8329  8378 E chromium: [ERROR:gles2_cmd_decoder.cc(3852)] [.ChromiumCompositor-0xacbb2fc0]GL ERROR :GL_INVALID_ENUM : glDiscardFramebufferEXT: attachments was GL_COLOR_EXT
06-28 09:21:47.583  8329  8378 E chromium: [ERROR:gles2_cmd_decoder.cc(3852)] [.ChromiumCompositor-0xacbb2fc0]GL ERROR :GL_INVALID_ENUM : glDiscardFramebufferEXT: attachments was GL_COLOR_EXT
06-28 09:21:47.596  8329  8378 E chromium: [ERROR:gles2_cmd_decoder.cc(3852)] [.ChromiumCompositor-0xacbb2fc0]GL ERROR :GL_INVALID_ENUM : glDiscardFramebufferEXT: attachments was GL_COLOR_EXT
06-28 09:21:47.611  8329  8378 E chromium: [ERROR:gles2_cmd_decoder.cc(3852)] [.ChromiumCompositor-0xacbb2fc0]GL ERROR :GL_INVALID_ENUM : glDiscardFramebufferEXT: attachments was GL_COLOR_EXT
06-28 09:21:47.628  8329  8378 E chromium: [ERROR:gles2_cmd_decoder.cc(3852)] [.ChromiumCompositor-0xacbb2fc0]GL ERROR :GL_INVALID_ENUM : glDiscardFramebufferEXT: attachments was GL_COLOR_EXT
06-28 09:21:47.645  8329  8378 E chromium: [ERROR:gles2_cmd_decoder.cc(3852)] [.ChromiumCompositor-0xacbb2fc0]GL ERROR :GL_INVALID_ENUM : glDiscardFramebufferEXT: attachments was GL_COLOR_EXT
06-28 09:21:47.661  8329  8378 E chromium: [ERROR:gles2_cmd_decoder.cc(3852)] [.ChromiumCompositor-0xacbb2fc0]GL ERROR :GL_INVALID_ENUM : glDiscardFramebufferEXT: attachments was GL_COLOR_EXT
06-28 09:21:47.678  8329  8378 E chromium: [ERROR:gles2_cmd_decoder.cc(3852)] [.ChromiumCompositor-0xacbb2fc0]GL ERROR :GL_INVALID_ENUM : glDiscardFramebufferEXT: attachments was GL_COLOR_EXT
06-28 09:21:47.695  8329  8378 E chromium: [ERROR:gles2_cmd_decoder.cc(3852)] [.ChromiumCompositor-0xacbb2fc0]GL ERROR :GL_INVALID_ENUM : glDiscardFramebufferEXT: attachments was GL_COLOR_EXT
06-28 09:21:47.713  8329  8378 E chromium: [ERROR:gles2_cmd_decoder.cc(3852)] [.ChromiumCompositor-0xacbb2fc0]GL ERROR :GL_INVALID_ENUM : glDiscardFramebufferEXT: attachments was GL_COLOR_EXT
06-28 09:21:47.728  8329  8378 E chromium: [ERROR:gles2_cmd_decoder.cc(3852)] [.ChromiumCompositor-0xacbb2fc0]GL ERROR :GL_INVALID_ENUM : glDiscardFramebufferEXT: attachments was GL_COLOR_EXT
06-28 09:21:47.745  8329  8378 E chromium: [ERROR:gles2_cmd_decoder.cc(3852)] [.ChromiumCompositor-0xacbb2fc0]GL ERROR :GL_INVALID_ENUM : glDiscardFramebufferEXT: attachments was GL_COLOR_EXT
06-28 09:21:47.761  8329  8378 E chromium: [ERROR:gles2_cmd_decoder.cc(3852)] [.ChromiumCompositor-0xacbb2fc0]GL ERROR :GL_INVALID_ENUM : glDiscardFramebufferEXT: attachments was GL_COLOR_EXT
06-28 09:21:47.778  8329  8378 E chromium: [ERROR:gles2_cmd_decoder.cc(3852)] [.ChromiumCompositor-0xacbb2fc0]GL ERROR :GL_INVALID_ENUM : glDiscardFramebufferEXT: attachments was GL_COLOR_EXT
06-28 09:21:47.796  8329  8378 E chromium: [ERROR:gles2_cmd_decoder.cc(3852)] [.ChromiumCompositor-0xacbb2fc0]GL ERROR :GL_INVALID_ENUM : glDiscardFramebufferEXT: attachments was GL_COLOR_EXT
06-28 09:21:47.818  8329  8378 E chromium: [ERROR:gles2_cmd_decoder.cc(3852)] [.ChromiumCompositor-0xacbb2fc0]GL ERROR :GL_INVALID_ENUM : glDiscardFramebufferEXT: attachments was GL_COLOR_EXT
06-28 09:21:47.832  8329  8378 E chromium: [ERROR:gles2_cmd_decoder.cc(3852)] [.ChromiumCompositor-0xacbb2fc0]GL ERROR :GL_INVALID_ENUM : glDiscardFramebufferEXT: attachments was GL_COLOR_EXT
06-28 09:21:47.845  8329  8378 E chromium: [ERROR:gles2_cmd_decoder.cc(3852)] [.ChromiumCompositor-0xacbb2fc0]GL ERROR :GL_INVALID_ENUM : glDiscardFramebufferEXT: attachments was GL_COLOR_EXT
06-28 09:21:47.862  8329  8378 E chromium: [ERROR:gles2_cmd_decoder.cc(3852)] [.ChromiumCompositor-0xacbb2fc0]GL ERROR :GL_INVALID_ENUM : glDiscardFramebufferEXT: attachments was GL_COLOR_EXT
06-28 09:21:47.878  8329  8378 E chromium: [ERROR:gles2_cmd_decoder.cc(3852)] [.ChromiumCompositor-0xacbb2fc0]GL ERROR :GL_INVALID_ENUM : glDiscardFramebufferEXT: attachments was GL_COLOR_EXT
06-28 09:21:47.895  8329  8378 E chromium: [ERROR:gles2_cmd_decoder.cc(3852)] [.ChromiumCompositor-0xacbb2fc0]GL ERROR :GL_INVALID_ENUM : glDiscardFramebufferEXT: attachments was GL_COLOR_EXT
06-28 09:21:47.912  8329  8378 E chromium: [ERROR:gles2_cmd_decoder.cc(3852)] [.ChromiumCompositor-0xacbb2fc0]GL ERROR :GL_INVALID_ENUM : glDiscardFramebufferEXT: attachments was GL_COLOR_EXT
06-28 09:21:47.928  8329  8378 E chromium: [ERROR:gles2_cmd_decoder.cc(3852)] [.ChromiumCompositor-0xacbb2fc0]GL ERROR :GL_INVALID_ENUM : glDiscardFramebufferEXT: attachments was GL_COLOR_EXT
06-28 09:21:47.949  8397  8410 E WPROF   : {"Javascript": {"url": "https://cdn.ampproject.org/rtv/011498506512561/v0/amp-crypto-polyfill-0.1.js", "requestTime": 2785.004511}}
06-28 09:21:47.952   862  1657 E LocSvc_IzatApiV02: E/virtual int izat_core::IzatApiV02::getBatchSize(int32_t):522]: Error : st = 4, ind.status = -1628389555
06-28 09:21:47.952   862  1657 E LocSvc_IzatApiV02: E/virtual int izat_core::IzatApiV02::getBatchSize(int32_t):535]: get batching size failed.Or modem does not support batching 
06-28 09:21:47.953  8329  8378 E chromium: [ERROR:gles2_cmd_decoder.cc(3852)] [.ChromiumCompositor-0xacbb2fc0]GL ERROR :GL_INVALID_ENUM : glDiscardFramebufferEXT: attachments was GL_COLOR_EXT
06-28 09:21:47.963  8329  8378 E chromium: [ERROR:gles2_cmd_decoder.cc(3852)] [.ChromiumCompositor-0xacbb2fc0]GL ERROR :GL_INVALID_ENUM : glDiscardFramebufferEXT: attachments was GL_COLOR_EXT
06-28 09:21:47.965   862  1657 E LocSvc_IzatApiV02: E/virtual int izat_core::IzatApiV02::getBatchSize(int32_t):522]: Error : st = 4, ind.status = -1628389555
06-28 09:21:47.965   862  1657 E LocSvc_IzatApiV02: E/virtual int izat_core::IzatApiV02::getBatchSize(int32_t):535]: get batching size failed.Or modem does not support batching 
06-28 09:21:47.979  8329  8378 E chromium: [ERROR:gles2_cmd_decoder.cc(3852)] [.ChromiumCompositor-0xacbb2fc0]GL ERROR :GL_INVALID_ENUM : glDiscardFramebufferEXT: attachments was GL_COLOR_EXT
06-28 09:21:47.994   862  1657 E LocSvc_IzatApiV02: E/virtual int izat_core::IzatApiV02::getBatchSize(int32_t):522]: Error : st = 4, ind.status = -1628389555
06-28 09:21:47.994   862  1657 E LocSvc_IzatApiV02: E/virtual int izat_core::IzatApiV02::getBatchSize(int32_t):535]: get batching size failed.Or modem does not support batching 
06-28 09:21:47.995  8329  8378 E chromium: [ERROR:gles2_cmd_decoder.cc(3852)] [.ChromiumCompositor-0xacbb2fc0]GL ERROR :GL_INVALID_ENUM : glDiscardFramebufferEXT: attachments was GL_COLOR_EXT
06-28 09:21:48.013   862  1657 E LocSvc_IzatApiV02: E/virtual int izat_core::IzatApiV02::getBatchSize(int32_t):522]: Error : st = 4, ind.status = -1628389555
06-28 09:21:48.013   862  1657 E LocSvc_IzatApiV02: E/virtual int izat_core::IzatApiV02::getBatchSize(int32_t):535]: get batching size failed.Or modem does not support batching 
06-28 09:21:48.013  8329  8378 E chromium: [ERROR:gles2_cmd_decoder.cc(3852)] [.ChromiumCompositor-0xacbb2fc0]GL ERROR :GL_INVALID_ENUM : glDiscardFramebufferEXT: attachments was GL_COLOR_EXT
06-28 09:21:48.029  8329  8378 E chromium: [ERROR:gles2_cmd_decoder.cc(3852)] [.ChromiumCompositor-0xacbb2fc0]GL ERROR :GL_INVALID_ENUM : glDiscardFramebufferEXT: attachments was GL_COLOR_EXT
06-28 09:21:48.046  8329  8378 E chromium: [ERROR:gles2_cmd_decoder.cc(3852)] [.ChromiumCompositor-0xacbb2fc0]GL ERROR :GL_INVALID_ENUM : glDiscardFramebufferEXT: attachments was GL_COLOR_EXT
06-28 09:21:48.062  8329  8378 E chromium: [ERROR:gles2_cmd_decoder.cc(3852)] [.ChromiumCompositor-0xacbb2fc0]GL ERROR :GL_INVALID_ENUM : glDiscardFramebufferEXT: attachments was GL_COLOR_EXT
06-28 09:21:48.079  8329  8378 E chromium: [ERROR:gles2_cmd_decoder.cc(3852)] [.ChromiumCompositor-0xacbb2fc0]GL ERROR :GL_INVALID_ENUM : glDiscardFramebufferEXT: attachments was GL_COLOR_EXT
06-28 09:21:48.096  8329  8378 E chromium: [ERROR:gles2_cmd_decoder.cc(3852)] [.ChromiumCompositor-0xacbb2fc0]GL ERROR :GL_INVALID_ENUM : glDiscardFramebufferEXT: attachments was GL_COLOR_EXT
06-28 09:21:48.113  8329  8378 E chromium: [ERROR:gles2_cmd_decoder.cc(3852)] [.ChromiumCompositor-0xacbb2fc0]GL ERROR :GL_INVALID_ENUM : glDiscardFramebufferEXT: attachments was GL_COLOR_EXT
06-28 09:21:48.130  8329  8378 E chromium: [ERROR:gles2_cmd_decoder.cc(3852)] [.ChromiumCompositor-0xacbb2fc0]GL ERROR :GL_INVALID_ENUM : glDiscardFramebufferEXT: attachments was GL_COLOR_EXT
06-28 09:21:48.147  8329  8378 E chromium: [ERROR:gles2_cmd_decoder.cc(3852)] [.ChromiumCompositor-0xacbb2fc0]GL ERROR :GL_INVALID_ENUM : glDiscardFramebufferEXT: attachments was GL_COLOR_EXT
06-28 09:21:48.164  8329  8378 E chromium: [ERROR:gles2_cmd_decoder.cc(3852)] [.ChromiumCompositor-0xacbb2fc0]GL ERROR :GL_INVALID_ENUM : glDiscardFramebufferEXT: attachments was GL_COLOR_EXT
06-28 09:21:48.181  8329  8378 E chromium: [ERROR:gles2_cmd_decoder.cc(3852)] [.ChromiumCompositor-0xacbb2fc0]GL ERROR :GL_INVALID_ENUM : glDiscardFramebufferEXT: attachments was GL_COLOR_EXT
06-28 09:21:48.198  8329  8378 E chromium: [ERROR:gles2_cmd_decoder.cc(3852)] [.ChromiumCompositor-0xacbb2fc0]GL ERROR :GL_INVALID_ENUM : glDiscardFramebufferEXT: attachments was GL_COLOR_EXT
06-28 09:21:48.215  8329  8378 E chromium: [ERROR:gles2_cmd_decoder.cc(3852)] [.ChromiumCompositor-0xacbb2fc0]GL ERROR :GL_INVALID_ENUM : glDiscardFramebufferEXT: attachments was GL_COLOR_EXT
06-28 09:21:48.231  8329  8378 E chromium: [ERROR:gles2_cmd_decoder.cc(3852)] [.ChromiumCompositor-0xacbb2fc0]GL ERROR :GL_INVALID_ENUM : glDiscardFramebufferEXT: attachments was GL_COLOR_EXT
06-28 09:21:48.247  8329  8378 E chromium: [ERROR:gles2_cmd_decoder.cc(3852)] [.ChromiumCompositor-0xacbb2fc0]GL ERROR :GL_INVALID_ENUM : glDiscardFramebufferEXT: attachments was GL_COLOR_EXT
06-28 09:21:48.262  8397  8410 E WProf.db: {"page": "searchengineland-com.cdn.ampproject.org_c_searchengineland.com_google-shopping-ads-retailer-outlet-used-items-263725_amp"}
06-28 09:21:48.262  8397  8410 E WProf.db: {"DOMLoad": 2785.317464}
06-28 09:21:48.262  8397  8410 E WProf.db: {"Resource": {"id": 1, "url": "https://searchengineland-com.cdn.ampproject.org/c/searchengineland.com/google-shopping-ads-retailer-outlet-used-items-263725/amp", "sentTime": -1.000000, "len": 38872, "from": "0x0", "mimeType": "text/html", "contentLength": -1, "httpStatus": 200, "connId": 22, "connReused": 1, "cached": 0,"requestTime": 2782.247994, "proxyStart": -1, "proxyEnd": -1, "dnsStart": -1, "dnsEnd": -1, "connectStart": 0, "connectEnd": 84, "sendStart": 84, "sendEnd": 84, "receiveHeadersEnd": 344, "sslStart": -1, "sslEnd": -1}}
06-28 09:21:48.262  8397  8410 E WProf.db: {"ReceivedChunk": {"receivedTime": 2782.610714, "len": 10895}}
06-28 09:21:48.263  8397  8410 E WProf.db: {"ReceivedChunk": {"receivedTime": 2782.674550, "len": 6086}}
06-28 09:21:48.263  8397  8410 E WProf.db: {"ReceivedChunk": {"receivedTime": 2782.674686, "len": 21891}}
06-28 09:21:48.263  8397  8410 E WProf.db: {"WprofHTMLTag": {"code": "0xaedd35d0", "doc": "https://searchengineland-com.cdn.ampproject.org/c/searchengineland.com/google-shopping-ads-retailer-outlet-used-items-263725/amp", "row": 0, "column": 25, "tagName": "html", "time": 2782.675614, "url": "", "pos": 1, "chunkLen": 1, "isStartTag": 1}}
06-28 09:21:48.263  8397  8410 E WProf.db: {"WprofHTMLTag": {"code": "0xaedd32a0", "doc": "https://searchengineland-com.cdn.ampproject.org/c/searchengineland.com/google-shopping-ads-retailer-outlet-used-items-263725/amp", "row": 0, "column": 31, "tagName": "head", "time": 2782.675845, "url": "", "pos": 1, "chunkLen": 1, "isStartTag": 1}}
06-28 09:21:48.263  8397  8410 E WProf.db: {"WprofHTMLTag": {"code": "0xaf047850", "doc": "https://searchengineland-com.cdn.ampproject.org/c/searchengineland.com/google-shopping-ads-retailer-outlet-used-items-263725/amp", "row": 0, "column": 53, "tagName": "meta", "time": 2782.675867, "url": "", "pos": 1, "chunkLen": 1, "isStartTag": 1}}
06-28 09:21:48.263  8397  8410 E WProf.db: {"WprofHTMLTag": {"code": "0xaf047880", "doc": "https://searchengineland-com.cdn.ampproject.org/c/searchengineland.com/google-shopping-ads-retailer-outlet-used-items-263725/amp", "row": 0, "column": 88, "tagName": "meta", "time": 2782.675953, "url": "", "pos": 1, "chunkLen": 1, "isStartTag": 1}}
06-28 09:21:48.263  8397  8410 E WProf.db: {"WprofHTMLTag": {"code": "0xaf0478b0", "doc": "https://searchengineland-com.cdn.ampproject.org/c/searchengineland.com/google-shopping-ads-retailer-outlet-used-items-263725/amp", "row": 0, "column": 122, "tagName": "meta", "time": 2782.676052, "url": "", "pos": 1, "chunkLen": 1, "isStartTag": 1}}
06-28 09:21:48.263  8397  8410 E WProf.db: {"WprofHTMLTag": {"code": "0xaf0478e0", "doc": "https://searchengineland-com.cdn.ampproject.org/c/searchengineland.com/google-shopping-ads-retailer-outlet-used-items-263725/amp", "row": 0, "column": 247, "tagName": "meta", "time": 2782.676160, "url": "", "pos": 1, "chunkLen": 1, "isStartTag": 1}}
06-28 09:21:48.263  8397  8410 E WProf.db: {"WprofHTMLTag": {"code": "0xaf047910", "doc": "https://searchengineland-com.cdn.ampproject.org/c/searchengineland.com/google-shopping-ads-retailer-outlet-used-items-263725/amp", "row": 0, "column": 303, "tagName": "meta", "time": 2782.676352, "url": "", "pos": 1, "chunkLen": 1, "isStartTag": 1}}
06-28 09:21:48.263  8397  8410 E WProf.db: {"WprofHTMLTag": {"code": "0xaf047940", "doc": "https://searchengineland-com.cdn.ampproject.org/c/searchengineland.com/google-shopping-ads-retailer-outlet-used-items-263725/amp", "row": 0, "column": 443, "tagName": "meta", "time": 2782.676459, "url": "", "pos": 1, "chunkLen": 1, "isStartTag": 1}}
06-28 09:21:48.263  8397  8410 E WProf.db: {"WprofHTMLTag": {"code": "0xaf047970", "doc": "https://searchengineland-com.cdn.ampproject.org/c/searchengineland.com/google-shopping-ads-retailer-outlet-used-items-263725/amp", "row": 0, "column": 576, "tagName": "meta", "time": 2782.676557, "url": "", "pos": 1, "chunkLen": 1, "isStartTag": 1}}
06-28 09:21:48.263  8397  8410 E WProf.db: {"WprofHTMLTag": {"code": "0xaf047a00", "doc": "https://searchengineland-com.cdn.ampproject.org/c/searchengineland.com/google-shopping-ads-retailer-outlet-used-items-263725/amp", "row": 0, "column": 625, "tagName": "meta", "time": 2782.676656, "url": "", "pos": 1, "chunkLen": 1, "isStartTag": 1}}
06-28 09:21:48.263  8397  8410 E WProf.db: {"WprofHTMLTag": {"code": "0xaf047a30", "doc": "https://searchengineland-com.cdn.ampproject.org/c/searchengineland.com/google-shopping-ads-retailer-outlet-used-items-263725/amp", "row": 0, "column": 761, "tagName": "meta", "time": 2782.676757, "url": "", "pos": 1, "chunkLen": 1, "isStartTag": 1}}
06-28 09:21:48.263  8397  8410 E WProf.db: {"WprofHTMLTag": {"code": "0xaf047a60", "doc": "https://searchengineland-com.cdn.ampproject.org/c/searchengineland.com/google-shopping-ads-retailer-outlet-used-items-263725/amp", "row": 0, "column": 813, "tagName": "meta", "time": 2782.676856, "url": "", "pos": 1, "chunkLen": 1, "isStartTag": 1}}
06-28 09:21:48.264  8397  8410 E WProf.db: {"WprofHTMLTag": {"code": "0xaf0479d0", "doc": "https://searchengineland-com.cdn.ampproject.org/c/searchengineland.com/google-shopping-ads-retailer-outlet-used-items-263725/amp", "row": 0, "column": 856, "tagName": "meta", "time": 2782.676962, "url": "", "pos": 1, "chunkLen": 1, "isStartTag": 1}}
06-28 09:21:48.264  8397  8410 E WProf.db: {"WprofHTMLTag": {"code": "0xaf0479a0", "doc": "https://searchengineland-com.cdn.ampproject.org/c/searchengineland.com/google-shopping-ads-retailer-outlet-used-items-263725/amp", "row": 0, "column": 897, "tagName": "meta", "time": 2782.677062, "url": "", "pos": 1, "chunkLen": 1, "isStartTag": 1}}
06-28 09:21:48.264  8397  8410 E WProf.db: {"WprofHTMLTag": {"code": "0xaf047a90", "doc": "https://searchengineland-com.cdn.ampproject.org/c/searchengineland.com/google-shopping-ads-retailer-outlet-used-items-263725/amp", "row": 0, "column": 1029, "tagName": "meta", "time": 2782.677160, "url": "", "pos": 1, "chunkLen": 1, "isStartTag": 1}}
06-28 09:21:48.264  8397  8410 E WProf.db: {"WprofHTMLTag": {"code": "0xaf047ac0", "doc": "https://searchengineland-com.cdn.ampproject.org/c/searchengineland.com/google-shopping-ads-retailer-outlet-used-items-263725/amp", "row": 0, "column": 1168, "tagName": "meta", "time": 2782.677259, "url": "", "pos": 1, "chunkLen": 1, "isStartTag": 1}}
06-28 09:21:48.264  8397  8410 E WProf.db: {"WprofHTMLTag": {"code": "0xaf047af0", "doc": "https://searchengineland-com.cdn.ampproject.org/c/searchengineland.com/google-shopping-ads-retailer-outlet-used-items-263725/amp", "row": 0, "column": 1284, "tagName": "meta", "time": 2782.677358, "url": "", "pos": 1, "chunkLen": 1, "isStartTag": 1}}
06-28 09:21:48.264  8397  8410 E WProf.db: {"WprofHTMLTag": {"code": "0xaf047b20", "doc": "https://searchengineland-com.cdn.ampproject.org/c/searchengineland.com/google-shopping-ads-retailer-outlet-used-items-263725/amp", "row": 0, "column": 1343, "tagName": "meta", "time": 2782.677461, "url": "", "pos": 1, "chunkLen": 1, "isStartTag": 1}}
06-28 09:21:48.264  8397  8410 E WProf.db: {"WprofHTMLTag": {"code": "0xaf047b50", "doc": "https://searchengineland-com.cdn.ampproject.org/c/searchengineland.com/google-shopping-ads-retailer-outlet-used-items-263725/amp", "row": 0, "column": 1412, "tagName": "meta", "time": 2782.677559, "url": "", "pos": 1, "chunkLen": 1, "isStartTag": 1}}
06-28 09:21:48.264  8397  8410 E WProf.db: {"WprofHTMLTag": {"code": "0xaf047b80", "doc": "https://searchengineland-com.cdn.ampproject.org/c/searchengineland.com/google-shopping-ads-retailer-outlet-used-items-263725/amp", "row": 0, "column": 1547, "tagName": "meta", "time": 2782.677658, "url": "", "pos": 1, "chunkLen": 1, "isStartTag": 1}}
06-28 09:21:48.264  8397  8410 E WProf.db: {"WprofHTMLTag": {"code": "0xaf047bb0", "doc": "https://searchengineland-com.cdn.ampproject.org/c/searchengineland.com/google-shopping-ads-retailer-outlet-used-items-263725/amp", "row": 0, "column": 1592, "tagName": "meta", "time": 2782.677754, "url": "", "pos": 1, "chunkLen": 1, "isStartTag": 1}}
06-28 09:21:48.264  8329  8378 E chromium: [ERROR:gles2_cmd_decoder.cc(3852)] [.ChromiumCompositor-0xacbb2fc0]GL ERROR :GL_INVALID_ENUM : glDiscardFramebufferEXT: attachments was GL_COLOR_EXT
06-28 09:21:48.264  8397  8410 E WProf.db: {"WprofHTMLTag": {"code": "0xaf047be0", "doc": "https://searchengineland-com.cdn.ampproject.org/c/searchengineland.com/google-shopping-ads-retailer-outlet-used-items-263725/amp", "row": 0, "column": 1638, "tagName": "meta", "time": 2782.677851, "url": "", "pos": 1, "chunkLen": 1, "isStartTag": 1}}
06-28 09:21:48.265  8397  8410 E WProf.db: {"WprofHTMLTag": {"code": "0xaf047c10", "doc": "https://searchengineland-com.cdn.ampproject.org/c/searchengineland.com/google-shopping-ads-retailer-outlet-used-items-263725/amp", "row": 0, "column": 1711, "tagName": "script", "time": 2782.677946, "url": "https://cdn.ampproject.org/rtv/011498506512561/v0.js", "pos": 1, "chunkLen": 1, "isStartTag": 1}}
06-28 09:21:48.265  8397  8410 E WProf.db: {"WprofHTMLTag": {"code": "0xaf047c40", "doc": "https://searchengineland-com.cdn.ampproject.org/c/searchengineland.com/google-shopping-ads-retailer-outlet-used-items-263725/amp", "row": 0, "column": 1720, "tagName": "script", "time": 2782.678220, "url": "", "pos": 1, "chunkLen": 1, "isStartTag": 0}}
06-28 09:21:48.266  8397  8410 E WProf.db: {"WprofHTMLTag": {"code": "0xaedd3600", "doc": "https://searchengineland-com.cdn.ampproject.org/c/searchengineland.com/google-shopping-ads-retailer-outlet-used-items-263725/amp", "row": 0, "column": 1828, "tagName": "script", "time": 2782.680159, "url": "https://cdn.ampproject.org/rtv/011498506512561/v0/amp-ad-0.1.js", "pos": 1, "chunkLen": 1, "isStartTag": 1}}
06-28 09:21:48.266  8397  8410 E WProf.db: {"WprofHTMLTag": {"code": "0xaf047ca0", "doc": "https://searchengineland-com.cdn.ampproject.org/c/searchengineland.com/google-shopping-ads-retailer-outlet-used-items-263725/amp", "row": 0, "column": 1837, "tagName": "script", "time": 2782.680476, "url": "", "pos": 1, "chunkLen": 1, "isStartTag": 0}}
06-28 09:21:48.266  8397  8410 E WProf.db: {"WprofHTMLTag": {"code": "0xaf047cd0", "doc": "https://searchengineland-com.cdn.ampproject.org/c/searchengineland.com/google-shopping-ads-retailer-outlet-used-items-263725/amp", "row": 0, "column": 1959, "tagName": "script", "time": 2782.680941, "url": "https://cdn.ampproject.org/rtv/011498506512561/v0/amp-analytics-0.1.js", "pos": 1, "chunkLen": 1, "isStartTag": 1}}
06-28 09:21:48.266  8397  8410 E WProf.db: {"WprofHTMLTag": {"code": "0xaf047df0", "doc": "https://searchengineland-com.cdn.ampproject.org/c/searchengineland.com/google-shopping-ads-retailer-outlet-used-items-263725/amp", "row": 0, "column": 1968, "tagName": "script", "time": 2782.681212, "url": "", "pos": 1, "chunkLen": 1, "isStartTag": 0}}
06-28 09:21:48.267  8397  8410 E WProf.db: {"WprofHTMLTag": {"code": "0xaf047e20", "doc": "https://searchengineland-com.cdn.ampproject.org/c/searchengineland.com/google-shopping-ads-retailer-outlet-used-items-263725/amp", "row": 0, "column": 2080, "tagName": "script", "time": 2782.681630, "url": "https://cdn.ampproject.org/rtv/011498506512561/v0/amp-anim-0.1.js", "pos": 1, "chunkLen": 1, "isStartTag": 1}}
06-28 09:21:48.267  8397  8410 E WProf.db: {"WprofHTMLTag": {"code": "0xaf047e80", "doc": "https://searchengineland-com.cdn.ampproject.org/c/searchengineland.com/google-shopping-ads-retailer-outlet-used-items-263725/amp", "row": 0, "column": 2089, "tagName": "script", "time": 2782.681903, "url": "", "pos": 1, "chunkLen": 1, "isStartTag": 0}}
06-28 09:21:48.267  8397  8410 E WProf.db: {"WprofHTMLTag": {"code": "0xaf047eb0", "doc": "https://searchengineland-com.cdn.ampproject.org/c/searchengineland.com/google-shopping-ads-retailer-outlet-used-items-263725/amp", "row": 0, "column": 2201, "tagName": "script", "time": 2782.682332, "url": "https://cdn.ampproject.org/rtv/011498506512561/v0/amp-form-0.1.js", "pos": 1, "chunkLen": 1, "isStartTag": 1}}
06-28 09:21:48.267  8397  8410 E WProf.db: {"WprofHTMLTag": {"code": "0xaf047f10", "doc": "https://searchengineland-com.cdn.ampproject.org/c/searchengineland.com/google-shopping-ads-retailer-outlet-used-items-263725/amp", "row": 0, "column": 2210, "tagName": "script", "time": 2782.682587, "url": "", "pos": 1, "chunkLen": 1, "isStartTag": 0}}
06-28 09:21:48.267  8397  8410 E WProf.db: {"WprofHTMLTag": {"code": "0xaf047f40", "doc": "https://searchengineland-com.cdn.ampproject.org/c/searchengineland.com/google-shopping-ads-retailer-outlet-used-items-263725/amp", "row": 0, "column": 2328, "tagName": "script", "time": 2782.682972, "url": "https://cdn.ampproject.org/rtv/011498506512561/v0/amp-sidebar-0.1.js", "pos": 1, "chunkLen": 1, "isStartTag": 1}}
06-28 09:21:48.267  8397  8410 E WProf.db: {"WprofHTMLTag": {"code": "0xaf047fa0", "doc": "https://searchengineland-com.cdn.ampproject.org/c/searchengineland.com/google-shopping-ads-retailer-outlet-used-items-263725/amp", "row": 0, "column": 2337, "tagName": "script", "time": 2782.683250, "url": "", "pos": 1, "chunkLen": 1, "isStartTag": 0}}
06-28 09:21:48.267  8397  8410 E WProf.db: {"WprofHTMLTag": {"code": "0xaf047fd0", "doc": "https://searchengineland-com.cdn.ampproject.org/c/searchengineland.com/google-shopping-ads-retailer-outlet-used-items-263725/amp", "row": 0, "column": 2451, "tagName": "script", "time": 2782.683642, "url": "https://cdn.ampproject.org/rtv/011498506512561/v0/amp-video-0.1.js", "pos": 1, "chunkLen": 1, "isStartTag": 1}}
06-28 09:21:48.267  8397  8410 E WProf.db: {"WprofHTMLTag": {"code": "0xb4cc7540", "doc": "https://searchengineland-com.cdn.ampproject.org/c/searchengineland.com/google-shopping-ads-retailer-outlet-used-items-263725/amp", "row": 0, "column": 2460, "tagName": "script", "time": 2782.683904, "url": "", "pos": 1, "chunkLen": 1, "isStartTag": 0}}
06-28 09:21:48.267  8397  8410 E WProf.db: {"WprofHTMLTag": {"code": "0xb4cc78a0", "doc": "https://searchengineland-com.cdn.ampproject.org/c/searchengineland.com/google-shopping-ads-retailer-outlet-used-items-263725/amp", "row": 0, "column": 2578, "tagName": "script", "time": 2782.684298, "url": "https://cdn.ampproject.org/rtv/011498506512561/v0/amp-youtube-0.1.js", "pos": 1, "chunkLen": 1, "isStartTag": 1}}
06-28 09:21:48.267  8397  8410 E WProf.db: {"WprofHTMLTag": {"code": "0xb4cc7900", "doc": "https://searchengineland-com.cdn.ampproject.org/c/searchengineland.com/google-shopping-ads-retailer-outlet-used-items-263725/amp", "row": 0, "column": 2587, "tagName": "script", "time": 2782.684572, "url": "", "pos": 1, "chunkLen": 1, "isStartTag": 0}}
06-28 09:21:48.268  8397  8410 E WProf.db: {"WprofHTMLTag": {"code": "0xb4cc7930", "doc": "https://searchengineland-com.cdn.ampproject.org/c/searchengineland.com/google-shopping-ads-retailer-outlet-used-items-263725/amp", "row": 0, "column": 2645, "tagName": "link", "time": 2782.685037, "url": "https://searchengineland-com.cdn.ampproject.org/i/searchengineland.com/favicon.ico", "pos": 1, "chunkLen": 1, "isStartTag": 1}}
06-28 09:21:48.268  8397  8410 E WProf.db: {"WprofHTMLTag": {"code": "0xb4cc7960", "doc": "https://searchengineland-com.cdn.ampproject.org/c/searchengineland.com/google-shopping-ads-retailer-outlet-used-items-263725/amp", "row": 0, "column": 2732, "tagName": "link", "time": 2782.685301, "url": "https://fonts.googleapis.com/css?family=Oswald:300,400,700", "pos": 1, "chunkLen": 1, "isStartTag": 1}}
06-28 09:21:48.268  8397  8410 E WProf.db: {"WprofHTMLTag": {"code": "0xb4cc7990", "doc": "https://searchengineland-com.cdn.ampproject.org/c/searchengineland.com/google-shopping-ads-retailer-outlet-used-items-263725/amp", "row": 0, "column": 2801, "tagName": "link", "time": 2782.685733, "url": "https://fonts.gstatic.com/", "pos": 1, "chunkLen": 1, "isStartTag": 1}}
06-28 09:21:48.268  8397  8410 E WProf.db: {"WprofHTMLTag": {"code": "0xb4cc79c0", "doc": "https://searchengineland-com.cdn.ampproject.org/c/searchengineland.com/google-shopping-ads-retailer-outlet-used-items-263725/amp", "row": 0, "column": 2910, "tagName": "link", "time": 2782.685922, "url": "https://fonts.googleapis.com/css?family=Merriweather:400,400italic,700,700italic", "pos": 1, "chunkLen": 1, "isStartTag": 1}}
06-28 09:21:48.269  8397  8410 E WProf.db: {"WprofHTMLTag": {"code": "0xb4cc79f0", "doc": "https://searchengineland-com.cdn.ampproject.org/c/searchengineland.com/google-shopping-ads-retailer-outlet-used-items-263725/amp", "row": 0, "column": 2928, "tagName": "style", "time": 2782.688994, "url": "", "pos": 1, "chunkLen": 1, "isStartTag": 1}}
06-28 09:21:48.269  8397  8410 E WProf.db: {"WprofHTMLTag": {"code": "0xb4cc7a20", "doc": "https://searchengineland-com.cdn.ampproject.org/c/searchengineland.com/google-shopping-ads-retailer-outlet-used-items-263725/amp", "row": 612, "column": 9, "tagName": "style", "time": 2782.689319, "url": "", "pos": 1, "chunkLen": 1, "isStartTag": 0}}
06-28 09:21:48.269  8397  8410 E WProf.db: {"WprofHTMLTag": {"code": "0xb4cc8080", "doc": "https://searchengineland-com.cdn.ampproject.org/c/searchengineland.com/google-shopping-ads-retailer-outlet-used-items-263725/amp", "row": 612, "column": 16, "tagName": "title", "time": 2782.695812, "url": "", "pos": 1, "chunkLen": 1, "isStartTag": 1}}
06-28 09:21:48.269  8397  8410 E WProf.db: {"WprofHTMLTag": {"code": "0xb4cc80b0", "doc": "https://searchengineland-com.cdn.ampproject.org/c/searchengineland.com/google-shopping-ads-retailer-outlet-used-items-263725/amp", "row": 612, "column": 119, "tagName": "title", "time": 2782.696156, "url": "", "pos": 1, "chunkLen": 1, "isStartTag": 0}}
06-28 09:21:48.269  8397  8410 E WProf.db: {"WprofHTMLTag": {"code": "0xb4cc80e0", "doc": "https://searchengineland-com.cdn.ampproject.org/c/searchengineland.com/google-shopping-ads-retailer-outlet-used-items-263725/amp", "row": 612, "column": 228, "tagName": "link", "time": 2782.696173, "url": "http://searchengineland.com/google-shopping-ads-retailer-outlet-used-items-263725", "pos": 1, "chunkLen": 1, "isStartTag": 1}}
06-28 09:21:48.269  8397  8410 E WProf.db: {"WprofHTMLTag": {"code": "0xb4cc8110", "doc": "https://searchengineland-com.cdn.ampproject.org/c/searchengineland.com/google-shopping-ads-retailer-outlet-used-items-263725/amp", "row": 612, "column": 349, "tagName": "script", "time": 2782.696408, "url": "https://cdn.ampproject.org/rtv/011498506512561/v0/amp-mustache-0.1.js", "pos": 1, "chunkLen": 1, "isStartTag": 1}}
06-28 09:21:48.269  8397  8410 E WProf.db: {"WprofHTMLTag": {"code": "0xb4cc8170", "doc": "https://searchengineland-com.cdn.ampproject.org/c/searchengineland.com/google-shopping-ads-retailer-outlet-used-items-263725/amp", "row": 612, "column": 358, "tagName": "script", "time": 2782.696674, "url": "", "pos": 1, "chunkLen": 1, "isStartTag": 0}}
06-28 09:21:48.269  8397  8410 E WProf.db: {"WprofHTMLTag": {"code": "0xb4cc81a0", "doc": "https://searchengineland-com.cdn.ampproject.org/c/searchengineland.com/google-shopping-ads-retailer-outlet-used-items-263725/amp", "row": 612, "column": 381, "tagName": "style", "time": 2782.697490, "url": "", "pos": 1, "chunkLen": 1, "isStartTag": 1}}
06-28 09:21:48.269  8397  8410 E WProf.db: {"WprofHTMLTag": {"code": "0xb4cc81d0", "doc": "https://searchengineland-com.cdn.ampproject.org/c/searchengineland.com/google-shopping-ads-retailer-outlet-used-items-263725/amp", "row": 612, "column": 1005, "tagName": "style", "time": 2782.697628, "url": "", "pos": 1, "chunkLen": 1, "isStartTag": 0}}
06-28 09:21:48.270  8397  8410 E WProf.db: {"WprofHTMLTag": {"code": "0xb4cc8200", "doc": "https://searchengineland-com.cdn.ampproject.org/c/searchengineland.com/google-shopping-ads-retailer-outlet-used-items-263725/amp", "row": 612, "column": 1015, "tagName": "noscript", "time": 2782.697965, "url": "", "pos": 1, "chunkLen": 1, "isStartTag": 1}}
06-28 09:21:48.270  8397  8410 E WProf.db: {"WprofHTMLTag": {"code": "0xb4cc8230", "doc": "https://searchengineland-com.cdn.ampproject.org/c/searchengineland.com/google-shopping-ads-retailer-outlet-used-items-263725/amp", "row": 612, "column": 1158, "tagName": "noscript", "time": 2782.697992, "url": "", "pos": 1, "chunkLen": 1, "isStartTag": 0}}
06-28 09:21:48.270  8397  8410 E WProf.db: {"WprofHTMLTag": {"code": "0xb4cc8260", "doc": "https://searchengineland-com.cdn.ampproject.org/c/searchengineland.com/google-shopping-ads-retailer-outlet-used-items-263725/amp", "row": 612, "column": 1165, "tagName": "head", "time": 2782.697999, "url": "", "pos": 1, "chunkLen": 1, "isStartTag": 0}}
06-28 09:21:48.270  8397  8410 E WProf.db: {"WprofHTMLTag": {"code": "0xb4cc8290", "doc": "https://searchengineland-com.cdn.ampproject.org/c/searchengineland.com/google-shopping-ads-retailer-outlet-used-items-263725/amp", "row": 612, "column": 1171, "tagName": "body", "time": 2782.698005, "url": "", "pos": 1, "chunkLen": 1, "isStartTag": 1}}
06-28 09:21:48.270  8397  8410 E WProf.db: {"WprofHTMLTag": {"code": "0xb4cc82c0", "doc": "https://searchengineland-com.cdn.ampproject.org/c/searchengineland.com/google-shopping-ads-retailer-outlet-used-items-263725/amp", "row": 613, "column": 48, "tagName": "amp-sidebar", "time": 2782.698135, "url": "", "pos": 1, "chunkLen": 1, "isStartTag": 1}}
06-28 09:21:48.270  8397  8410 E WProf.db: {"WprofHTMLTag": {"code": "0xb4cc82f0", "doc": "https://searchengineland-com.cdn.ampproject.org/c/searchengineland.com/google-shopping-ads-retailer-outlet-used-items-263725/amp", "row": 614, "column": 6, "tagName": "ul", "time": 2782.698259, "url": "", "pos": 1, "chunkLen": 1, "isStartTag": 1}}
06-28 09:21:48.271  8397  8410 E WProf.db: {"WprofHTMLTag": {"code": "0xb4cc8350", "doc": "https://searchengineland-com.cdn.ampproject.org/c/searchengineland.com/google-shopping-ads-retailer-outlet-used-items-263725/amp", "row": 615, "column": 7, "tagName": "li", "time": 2782.698286, "url": "", "pos": 1, "chunkLen": 1, "isStartTag": 1}}
06-28 09:21:48.271  8397  8410 E WProf.db: {"WprofHTMLTag": {"code": "0xb4cc8380", "doc": "https://searchengineland-com.cdn.ampproject.org/c/searchengineland.com/google-shopping-ads-retailer-outlet-used-items-263725/amp", "row": 616, "column": 83, "tagName": "a", "time": 2782.698336, "url": "", "pos": 1, "chunkLen": 1, "isStartTag": 1}}
06-28 09:21:48.272  8397  8410 E WProf.db: {"WprofHTMLTag": {"code": "0xb4cc83e0", "doc": "https://searchengineland-com.cdn.ampproject.org/c/searchengineland.com/google-shopping-ads-retailer-outlet-used-items-263725/amp", "row": 616, "column": 90, "tagName": "a", "time": 2782.698539, "url": "", "pos": 1, "chunkLen": 1, "isStartTag": 0}}
06-28 09:21:48.272  8397  8410 E WProf.db: {"WprofHTMLTag": {"code": "0xb4cc9250", "doc": "https://searchengineland-com.cdn.ampproject.org/c/searchengineland.com/google-shopping-ads-retailer-outlet-used-items-263725/amp", "row": 617, "column": 8, "tagName": "li", "time": 2782.698559, "url": "", "pos": 1, "chunkLen": 1, "isStartTag": 0}}
06-28 09:21:48.272  8397  8410 E WProf.db: {"WprofHTMLTag": {"code": "0xb4cc9400", "doc": "https://searchengineland-com.cdn.ampproject.org/c/searchengineland.com/google-shopping-ads-retailer-outlet-used-items-263725/amp", "row": 618, "column": 7, "tagName": "li", "time": 2782.698574, "url": "", "pos": 1, "chunkLen": 1, "isStartTag": 1}}
06-28 09:21:48.272  8397  8410 E WProf.db: {"WprofHTMLTag": {"code": "0xb4cc9430", "doc": "https://searchengineland-com.cdn.ampproject.org/c/searchengineland.com/google-shopping-ads-retailer-outlet-used-items-263725/amp", "row": 619, "column": 83, "tagName": "a", "time": 2782.698605, "url": "", "pos": 1, "chunkLen": 1, "isStartTag": 1}}
06-28 09:21:48.273  8397  8410 E WProf.db: {"WprofHTMLTag": {"code": "0xb4cc9490", "doc": "https://searchengineland-com.cdn.ampproject.org/c/searchengineland.com/google-shopping-ads-retailer-outlet-used-items-263725/amp", "row": 619, "column": 90, "tagName": "a", "time": 2782.698804, "url": "", "pos": 1, "chunkLen": 1, "isStartTag": 0}}
06-28 09:21:48.273  8397  8410 E WProf.db: {"WprofHTMLTag": {"code": "0xb4cc94c0", "doc": "https://searchengineland-com.cdn.ampproject.org/c/searchengineland.com/google-shopping-ads-retailer-outlet-used-items-263725/amp", "row": 620, "column": 8, "tagName": "li", "time": 2782.698824, "url": "", "pos": 1, "chunkLen": 1, "isStartTag": 0}}
06-28 09:21:48.273  8397  8410 E WProf.db: {"WprofHTMLTag": {"code": "0xb4cc94f0", "doc": "https://searchengineland-com.cdn.ampproject.org/c/searchengineland.com/google-shopping-ads-retailer-outlet-used-items-263725/amp", "row": 621, "column": 7, "tagName": "li", "time": 2782.698838, "url": "", "pos": 1, "chunkLen": 1, "isStartTag": 1}}
06-28 09:21:48.273  8397  8410 E WProf.db: {"WprofHTMLTag": {"code": "0xb4cc9520", "doc": "https://searchengineland-com.cdn.ampproject.org/c/searchengineland.com/google-shopping-ads-retailer-outlet-used-items-263725/amp", "row": 622, "column": 89, "tagName": "a", "time": 2782.698874, "url": "", "pos": 1, "chunkLen": 1, "isStartTag": 1}}
06-28 09:21:48.273  8397  8410 E WProf.db: {"WprofHTMLTag": {"code": "0xaa159030", "doc": "https://searchengineland-com.cdn.ampproject.org/c/searchengineland.com/google-shopping-ads-retailer-outlet-used-items-263725/amp", "row": 622, "column": 99, "tagName": "a", "time": 2782.699048, "url": "", "pos": 1, "chunkLen": 1, "isStartTag": 0}}
06-28 09:21:48.274  8397  8410 E WProf.db: {"WprofHTMLTag": {"code": "0xaa159060", "doc": "https://searchengineland-com.cdn.ampproject.org/c/searchengineland.com/google-shopping-ads-retailer-outlet-used-items-263725/amp", "row": 623, "column": 8, "tagName": "li", "time": 2782.699067, "url": "", "pos": 1, "chunkLen": 1, "isStartTag": 0}}
06-28 09:21:48.274  8397  8410 E WProf.db: {"WprofHTMLTag": {"code": "0xaa159090", "doc": "https://searchengineland-com.cdn.ampproject.org/c/searchengineland.com/google-shopping-ads-retailer-outlet-used-items-263725/amp", "row": 624, "column": 7, "tagName": "li", "time": 2782.699083, "url": "", "pos": 1, "chunkLen": 1, "isStartTag": 1}}
06-28 09:21:48.275  8397  8410 E WProf.db: {"WprofHTMLTag": {"code": "0xaa1590c0", "doc": "https://searchengineland-com.cdn.ampproject.org/c/searchengineland.com/google-shopping-ads-retailer-outlet-used-items-263725/amp", "row": 625, "column": 87, "tagName": "a", "time": 2782.699115, "url": "", "pos": 1, "chunkLen": 1, "isStartTag": 1}}
06-28 09:21:48.275  8397  8410 E WProf.db: {"WprofHTMLTag": {"code": "0xaa159120", "doc": "https://searchengineland-com.cdn.ampproject.org/c/searchengineland.com/google-shopping-ads-retailer-outlet-used-items-263725/amp", "row": 625, "column": 96, "tagName": "a", "time": 2782.699268, "url": "", "pos": 1, "chunkLen": 1, "isStartTag": 0}}
06-28 09:21:48.275  8397  8410 E WProf.db: {"WprofHTMLTag": {"code": "0xaa159150", "doc": "https://searchengineland-com.cdn.ampproject.org/c/searchengineland.com/google-shopping-ads-retailer-outlet-used-items-263725/amp", "row": 626, "column": 8, "tagName": "li", "time": 2782.699288, "url": "", "pos": 1, "chunkLen": 1, "isStartTag": 0}}
06-28 09:21:48.276  8397  8410 E WProf.db: {"WprofHTMLTag": {"code": "0xaa159180", "doc": "https://searchengineland-com.cdn.ampproject.org/c/searchengineland.com/google-shopping-ads-retailer-outlet-used-items-263725/amp", "row": 627, "column": 7, "tagName": "li", "time": 2782.699302, "url": "", "pos": 1, "chunkLen": 1, "isStartTag": 1}}
06-28 09:21:48.276  8397  8410 E WProf.db: {"WprofHTMLTag": {"code": "0xaa1591b0", "doc": "https://searchengineland-com.cdn.ampproject.org/c/searchengineland.com/google-shopping-ads-retailer-outlet-used-items-263725/amp", "row": 628, "column": 89, "tagName": "a", "time": 2782.699330, "url": "", "pos": 1, "chunkLen": 1, "isStartTag": 1}}
06-28 09:21:48.278  8397  8410 E WProf.db: {"WprofHTMLTag": {"code": "0xaa159210", "doc": "https://searchengineland-com.cdn.ampproject.org/c/searchengineland.com/google-shopping-ads-retailer-outlet-used-items-263725/amp", "row": 628, "column": 99, "tagName": "a", "time": 2782.699487, "url": "", "pos": 1, "chunkLen": 1, "isStartTag": 0}}
06-28 09:21:48.278  8397  8410 E WProf.db: {"WprofHTMLTag": {"code": "0xaa159240", "doc": "https://searchengineland-com.cdn.ampproject.org/c/searchengineland.com/google-shopping-ads-retailer-outlet-used-items-263725/amp", "row": 629, "column": 8, "tagName": "li", "time": 2782.699504, "url": "", "pos": 1, "chunkLen": 1, "isStartTag": 0}}
06-28 09:21:48.278  8397  8410 E WProf.db: {"WprofHTMLTag": {"code": "0xaa159270", "doc": "https://searchengineland-com.cdn.ampproject.org/c/searchengineland.com/google-shopping-ads-retailer-outlet-used-items-263725/amp", "row": 630, "column": 7, "tagName": "li", "time": 2782.699521, "url": "", "pos": 1, "chunkLen": 1, "isStartTag": 1}}
06-28 09:21:48.278  8397  8410 E WProf.db: {"WprofHTMLTag": {"code": "0xaa1592a0", "doc": "https://searchengineland-com.cdn.ampproject.org/c/searchengineland.com/google-shopping-ads-retailer-outlet-used-items-263725/amp", "row": 631, "column": 89, "tagName": "a", "time": 2782.699551, "url": "", "pos": 1, "chunkLen": 1, "isStartTag": 1}}
06-28 09:21:48.279  8397  8410 E WProf.db: {"WprofHTMLTag": {"code": "0xaa159300", "doc": "https://searchengineland-com.cdn.ampproject.org/c/searchengineland.com/google-shopping-ads-retailer-outlet-used-items-263725/amp", "row": 631, "column": 99, "tagName": "a", "time": 2782.699705, "url": "", "pos": 1, "chunkLen": 1, "isStartTag": 0}}
06-28 09:21:48.279  8397  8410 E WProf.db: {"WprofHTMLTag": {"code": "0xaa159330", "doc": "https://searchengineland-com.cdn.ampproject.org/c/searchengineland.com/google-shopping-ads-retailer-outlet-used-items-263725/amp", "row": 632, "column": 8, "tagName": "li", "time": 2782.699723, "url": "", "pos": 1, "chunkLen": 1, "isStartTag": 0}}
06-28 09:21:48.279  8397  8410 E WProf.db: {"WprofHTMLTag": {"code": "0xaa159360", "doc": "https://searchengineland-com.cdn.ampproject.org/c/searchengineland.com/google-shopping-ads-retailer-outlet-used-items-263725/amp", "row": 633, "column": 7, "tagName": "li", "time": 2782.699736, "url": "", "pos": 1, "chunkLen": 1, "isStartTag": 1}}
06-28 09:21:48.279  8397  8410 E WProf.db: {"WprofHTMLTag": {"code": "0xaa159390", "doc": "https://searchengineland-com.cdn.ampproject.org/c/searchengineland.com/google-shopping-ads-retailer-outlet-used-items-263725/amp", "row": 634, "column": 85, "tagName": "a", "time": 2782.699764, "url": "", "pos": 1, "chunkLen": 1, "isStartTag": 1}}
06-28 09:21:48.279  8397  8410 E WProf.db: {"WprofHTMLTag": {"code": "0xaa1593f0", "doc": "https://searchengineland-com.cdn.ampproject.org/c/searchengineland.com/google-shopping-ads-retailer-outlet-used-items-263725/amp", "row": 634, "column": 93, "tagName": "a", "time": 2782.699974, "url": "", "pos": 1, "chunkLen": 1, "isStartTag": 0}}
06-28 09:21:48.281  8397  8410 E WProf.db: {"WprofHTMLTag": {"code": "0xaa159420", "doc": "https://searchengineland-com.cdn.ampproject.org/c/searchengineland.com/google-shopping-ads-retailer-outlet-used-items-263725/amp", "row": 635, "column": 8, "tagName": "li", "time": 2782.699991, "url": "", "pos": 1, "chunkLen": 1, "isStartTag": 0}}
06-28 09:21:48.281  8397  8410 E WProf.db: {"WprofHTMLTag": {"code": "0xaa159450", "doc": "https://searchengineland-com.cdn.ampproject.org/c/searchengineland.com/google-shopping-ads-retailer-outlet-used-items-263725/amp", "row": 636, "column": 7, "tagName": "li", "time": 2782.700056, "url": "", "pos": 1, "chunkLen": 1, "isStartTag": 1}}
06-28 09:21:48.281  8397  8410 E WProf.db: {"WprofHTMLTag": {"code": "0xaa159480", "doc": "https://searchengineland-com.cdn.ampproject.org/c/searchengineland.com/google-shopping-ads-retailer-outlet-used-items-263725/amp", "row": 637, "column": 103, "tagName": "a", "time": 2782.700089, "url": "", "pos": 1, "chunkLen": 1, "isStartTag": 1}}
06-28 09:21:48.281  8397  8410 E WProf.db: {"WprofHTMLTag": {"code": "0xaa1594e0", "doc": "https://searchengineland-com.cdn.ampproject.org/c/searchengineland.com/google-shopping-ads-retailer-outlet-used-items-263725/amp", "row": 637, "column": 113, "tagName": "a", "time": 2782.700248, "url": "", "pos": 1, "chunkLen": 1, "isStartTag": 0}}
06-28 09:21:48.281  8329  8378 E chromium: [ERROR:gles2_cmd_decoder.cc(3852)] [.ChromiumCompositor-0xacbb2fc0]GL ERROR :GL_INVALID_ENUM : glDiscardFramebufferEXT: attachments was GL_COLOR_EXT
