--------- beginning of main
06-28 09:58:39.604  3449  3449 E Finsky  : [1] com.google.android.finsky.wear.bl.a(3): onConnectionFailed: ConnectionResult{statusCode=API_UNAVAILABLE, resolution=null, message=null}
--------- beginning of system
06-28 09:58:41.142 21346 21346 E chromium: [ERROR:shell_integration_android.cc(12)] Not implemented reached in static ShellIntegration::DefaultWebClientSetPermission ShellIntegration::CanSetAsDefaultBrowser()
06-28 09:58:41.145 21346 21346 E chromium: [ERROR:browser_process_impl.cc(720)] Not implemented reached in virtual BackgroundModeManager* BrowserProcessImpl::background_mode_manager()
06-28 09:58:41.410  3218 15780 E AudioRecord-JNI: Error -4 during AudioRecord native read
06-28 09:58:43.886 21346 21393 E chromium: [ERROR:gles2_cmd_decoder.cc(3852)] [.ChromiumCompositor-0xacbb2fc0]GL ERROR :GL_INVALID_ENUM : glDiscardFramebufferEXT: attachments was GL_COLOR_EXT
06-28 09:58:44.178 21412 21425 E WPROF   : {"Javascript": {"url": "https://cdn.ampproject.org/rtv/011498506512561/v0.js", "requestTime": 5001.233682}}
06-28 09:58:44.184 21412 21425 E WPROF   : {"Javascript": {"url": "https://cdn.ampproject.org/rtv/011498506512561/v0/amp-ad-0.1.js", "requestTime": 5001.239900}}
06-28 09:58:44.197 21412 21425 E WPROF   : {"Javascript": {"url": "https://cdn.ampproject.org/rtv/011498506512561/v0/amp-analytics-0.1.js", "requestTime": 5001.252522}}
06-28 09:58:44.198 21412 21425 E WPROF   : {"Javascript": {"url": "https://cdn.ampproject.org/rtv/011498506512561/v0/amp-anim-0.1.js", "requestTime": 5001.253565}}
06-28 09:58:44.199 21412 21425 E WPROF   : {"Javascript": {"url": "https://cdn.ampproject.org/rtv/011498506512561/v0/amp-form-0.1.js", "requestTime": 5001.254504}}
06-28 09:58:44.200 21412 21425 E WPROF   : {"Javascript": {"url": "https://cdn.ampproject.org/rtv/011498506512561/v0/amp-sidebar-0.1.js", "requestTime": 5001.255421}}
06-28 09:58:44.201 21412 21425 E WPROF   : {"Javascript": {"url": "https://cdn.ampproject.org/rtv/011498506512561/v0/amp-twitter-0.1.js", "requestTime": 5001.256446}}
06-28 09:58:44.202 21412 21425 E WPROF   : {"Javascript": {"url": "https://cdn.ampproject.org/rtv/011498506512561/v0/amp-video-0.1.js", "requestTime": 5001.257390}}
06-28 09:58:44.203 21412 21425 E WPROF   : {"Javascript": {"url": "https://cdn.ampproject.org/rtv/011498506512561/v0/amp-youtube-0.1.js", "requestTime": 5001.258374}}
06-28 09:58:44.208 21412 21425 E WPROF   : {"CSS": {"url": "https://fonts.googleapis.com/css?family=Oswald:300,400,700", "requestTime": 5001.263271}}
06-28 09:58:44.212 21412 21425 E WPROF   : {"CSS": {"url": "https://fonts.googleapis.com/css?family=Merriweather:400,400italic,700,700italic", "requestTime": 5001.267841}}
06-28 09:58:44.231 21412 21425 E WPROF   : {"Javascript": {"url": "https://cdn.ampproject.org/rtv/011498506512561/v0/amp-mustache-0.1.js", "requestTime": 5001.286983}}
06-28 09:58:44.910 21346 21393 E chromium: [ERROR:gles2_cmd_decoder.cc(3852)] [.ChromiumCompositor-0xacbb2fc0]GL ERROR :GL_INVALID_ENUM : glDiscardFramebufferEXT: attachments was GL_COLOR_EXT
06-28 09:58:45.535 21346 21393 E chromium: [ERROR:gles2_cmd_decoder.cc(3852)] [.ChromiumCompositor-0xacbb2fc0]GL ERROR :GL_INVALID_ENUM : glDiscardFramebufferEXT: attachments was GL_COLOR_EXT
06-28 09:58:45.800 21346 21393 E chromium: [ERROR:gles2_cmd_decoder.cc(3852)] [.ChromiumCompositor-0xacbb2fc0]GL ERROR :GL_INVALID_ENUM : glDiscardFramebufferEXT: attachments was GL_COLOR_EXT
06-28 09:58:45.820 21346 21393 E chromium: [ERROR:gles2_cmd_decoder.cc(3852)] [.ChromiumCompositor-0xacbb2fc0]GL ERROR :GL_INVALID_ENUM : glDiscardFramebufferEXT: attachments was GL_COLOR_EXT
06-28 09:58:45.837 21346 21393 E chromium: [ERROR:gles2_cmd_decoder.cc(3852)] [.ChromiumCompositor-0xacbb2fc0]GL ERROR :GL_INVALID_ENUM : glDiscardFramebufferEXT: attachments was GL_COLOR_EXT
06-28 09:58:45.845 21346 21393 E chromium: [ERROR:gles2_cmd_decoder.cc(3852)] [.ChromiumCompositor-0xacbb2fc0]GL ERROR :GL_INVALID_ENUM : glDiscardFramebufferEXT: attachments was GL_COLOR_EXT
06-28 09:58:45.857 21346 21393 E chromium: [ERROR:gles2_cmd_decoder.cc(3852)] [.ChromiumCompositor-0xacbb2fc0]GL ERROR :GL_INVALID_ENUM : glDiscardFramebufferEXT: attachments was GL_COLOR_EXT
06-28 09:58:45.898 21346 21393 E chromium: [ERROR:gles2_cmd_decoder.cc(3852)] [.ChromiumCompositor-0xacbb2fc0]GL ERROR :GL_INVALID_ENUM : glDiscardFramebufferEXT: attachments was GL_COLOR_EXT
06-28 09:58:45.935 21346 21393 E chromium: [ERROR:gles2_cmd_decoder.cc(3852)] [.ChromiumCompositor-0xacbb2fc0]GL ERROR :GL_INVALID_ENUM : glDiscardFramebufferEXT: attachments was GL_COLOR_EXT
06-28 09:58:45.950 21346 21393 E chromium: [ERROR:gles2_cmd_decoder.cc(3852)] [.ChromiumCompositor-0xacbb2fc0]GL ERROR :GL_INVALID_ENUM : glDiscardFramebufferEXT: attachments was GL_COLOR_EXT
06-28 09:58:45.965 21346 21393 E chromium: [ERROR:gles2_cmd_decoder.cc(3852)] [.ChromiumCompositor-0xacbb2fc0]GL ERROR :GL_INVALID_ENUM : glDiscardFramebufferEXT: attachments was GL_COLOR_EXT
06-28 09:58:45.982 21346 21393 E chromium: [ERROR:gles2_cmd_decoder.cc(3852)] [.ChromiumCompositor-0xacbb2fc0]GL ERROR :GL_INVALID_ENUM : glDiscardFramebufferEXT: attachments was GL_COLOR_EXT
06-28 09:58:45.998 21346 21393 E chromium: [ERROR:gles2_cmd_decoder.cc(3852)] [.ChromiumCompositor-0xacbb2fc0]GL ERROR :GL_INVALID_ENUM : glDiscardFramebufferEXT: attachments was GL_COLOR_EXT
06-28 09:58:46.016 21346 21393 E chromium: [ERROR:gles2_cmd_decoder.cc(3852)] [.ChromiumCompositor-0xacbb2fc0]GL ERROR :GL_INVALID_ENUM : glDiscardFramebufferEXT: attachments was GL_COLOR_EXT
06-28 09:58:46.033 21346 21393 E chromium: [ERROR:gles2_cmd_decoder.cc(3852)] [.ChromiumCompositor-0xacbb2fc0]GL ERROR :GL_INVALID_ENUM : glDiscardFramebufferEXT: attachments was GL_COLOR_EXT
06-28 09:58:46.036 21412 21425 E WPROF   : {"Javascript": {"url": "https://3p.ampproject.net/1498506512561/f.js", "requestTime": 5003.091927}}
06-28 09:58:46.049 21346 21393 E chromium: [ERROR:gles2_cmd_decoder.cc(3852)] [.ChromiumCompositor-0xacbb2fc0]GL ERROR :GL_INVALID_ENUM : glDiscardFramebufferEXT: attachments was GL_COLOR_EXT
06-28 09:58:46.065 21346 21393 E chromium: [ERROR:gles2_cmd_decoder.cc(3852)] [.ChromiumCompositor-0xacbb2fc0]GL ERROR :GL_INVALID_ENUM : glDiscardFramebufferEXT: attachments was GL_COLOR_EXT
06-28 09:58:46.083 21346 21393 E chromium: [ERROR:gles2_cmd_decoder.cc(3852)] [.ChromiumCompositor-0xacbb2fc0]GL ERROR :GL_INVALID_ENUM : glDiscardFramebufferEXT: attachments was GL_COLOR_EXT
06-28 09:58:46.100 21346 21393 E chromium: [ERROR:gles2_cmd_decoder.cc(3852)] [.ChromiumCompositor-0xacbb2fc0]GL ERROR :GL_INVALID_ENUM : glDiscardFramebufferEXT: attachments was GL_COLOR_EXT
06-28 09:58:46.116 21346 21393 E chromium: [ERROR:gles2_cmd_decoder.cc(3852)] [.ChromiumCompositor-0xacbb2fc0]GL ERROR :GL_INVALID_ENUM : glDiscardFramebufferEXT: attachments was GL_COLOR_EXT
06-28 09:58:46.133 21346 21393 E chromium: [ERROR:gles2_cmd_decoder.cc(3852)] [.ChromiumCompositor-0xacbb2fc0]GL ERROR :GL_INVALID_ENUM : glDiscardFramebufferEXT: attachments was GL_COLOR_EXT
06-28 09:58:46.156 21346 21393 E chromium: [ERROR:gles2_cmd_decoder.cc(3852)] [.ChromiumCompositor-0xacbb2fc0]GL ERROR :GL_INVALID_ENUM : glDiscardFramebufferEXT: attachments was GL_COLOR_EXT
06-28 09:58:46.170 21346 21393 E chromium: [ERROR:gles2_cmd_decoder.cc(3852)] [.ChromiumCompositor-0xacbb2fc0]GL ERROR :GL_INVALID_ENUM : glDiscardFramebufferEXT: attachments was GL_COLOR_EXT
06-28 09:58:46.184 21346 21393 E chromium: [ERROR:gles2_cmd_decoder.cc(3852)] [.ChromiumCompositor-0xacbb2fc0]GL ERROR :GL_INVALID_ENUM : glDiscardFramebufferEXT: attachments was GL_COLOR_EXT
06-28 09:58:46.200 21346 21393 E chromium: [ERROR:gles2_cmd_decoder.cc(3852)] [.ChromiumCompositor-0xacbb2fc0]GL ERROR :GL_INVALID_ENUM : glDiscardFramebufferEXT: attachments was GL_COLOR_EXT
06-28 09:58:46.217 21346 21393 E chromium: [ERROR:gles2_cmd_decoder.cc(3852)] [.ChromiumCompositor-0xacbb2fc0]GL ERROR :GL_INVALID_ENUM : glDiscardFramebufferEXT: attachments was GL_COLOR_EXT
06-28 09:58:46.235 21346 21393 E chromium: [ERROR:gles2_cmd_decoder.cc(3852)] [.ChromiumCompositor-0xacbb2fc0]GL ERROR :GL_INVALID_ENUM : glDiscardFramebufferEXT: attachments was GL_COLOR_EXT
06-28 09:58:46.255 21346 21393 E chromium: [ERROR:gles2_cmd_decoder.cc(3852)] [.ChromiumCompositor-0xacbb2fc0]GL ERROR :GL_INVALID_ENUM : glDiscardFramebufferEXT: attachments was GL_COLOR_EXT
06-28 09:58:46.268 21346 21393 E chromium: [ERROR:gles2_cmd_decoder.cc(3852)] [.ChromiumCompositor-0xacbb2fc0]GL ERROR :GL_INVALID_ENUM : glDiscardFramebufferEXT: attachments was GL_COLOR_EXT
06-28 09:58:46.286 21346 21393 E chromium: [ERROR:gles2_cmd_decoder.cc(3852)] [.ChromiumCompositor-0xacbb2fc0]GL ERROR :GL_INVALID_ENUM : glDiscardFramebufferEXT: attachments was GL_COLOR_EXT
06-28 09:58:46.310 21346 21393 E chromium: [ERROR:gles2_cmd_decoder.cc(3852)] [.ChromiumCompositor-0xacbb2fc0]GL ERROR :GL_INVALID_ENUM : glDiscardFramebufferEXT: attachments was GL_COLOR_EXT
06-28 09:58:46.324 21346 21393 E chromium: [ERROR:gles2_cmd_decoder.cc(3852)] [.ChromiumCompositor-0xacbb2fc0]GL ERROR :GL_INVALID_ENUM : glDiscardFramebufferEXT: attachments was GL_COLOR_EXT
06-28 09:58:46.335 21346 21393 E chromium: [ERROR:gles2_cmd_decoder.cc(3852)] [.ChromiumCompositor-0xacbb2fc0]GL ERROR :GL_INVALID_ENUM : glDiscardFramebufferEXT: attachments was GL_COLOR_EXT
06-28 09:58:46.351 21346 21393 E chromium: [ERROR:gles2_cmd_decoder.cc(3852)] [.ChromiumCompositor-0xacbb2fc0]GL ERROR :GL_INVALID_ENUM : glDiscardFramebufferEXT: attachments was GL_COLOR_EXT
06-28 09:58:46.368 21346 21393 E chromium: [ERROR:gles2_cmd_decoder.cc(3852)] [.ChromiumCompositor-0xacbb2fc0]GL ERROR :GL_INVALID_ENUM : glDiscardFramebufferEXT: attachments was GL_COLOR_EXT
06-28 09:58:46.386 21346 21393 E chromium: [ERROR:gles2_cmd_decoder.cc(3852)] [.ChromiumCompositor-0xacbb2fc0]GL ERROR :GL_INVALID_ENUM : glDiscardFramebufferEXT: attachments was GL_COLOR_EXT
06-28 09:58:46.405 21346 21393 E chromium: [ERROR:gles2_cmd_decoder.cc(3852)] [.ChromiumCompositor-0xacbb2fc0]GL ERROR :GL_INVALID_ENUM : glDiscardFramebufferEXT: attachments was GL_COLOR_EXT
06-28 09:58:46.425 21346 21393 E chromium: [ERROR:gles2_cmd_decoder.cc(3852)] [.ChromiumCompositor-0xacbb2fc0]GL ERROR :GL_INVALID_ENUM : glDiscardFramebufferEXT: attachments was GL_COLOR_EXT
06-28 09:58:46.442 21346 21393 E chromium: [ERROR:gles2_cmd_decoder.cc(3852)] [.ChromiumCompositor-0xacbb2fc0]GL ERROR :GL_INVALID_ENUM : glDiscardFramebufferEXT: attachments was GL_COLOR_EXT
06-28 09:58:46.444 21412 21425 E WPROF   : {"Javascript": {"url": "https://platform.twitter.com/widgets.js", "requestTime": 5003.499632}}
06-28 09:58:46.456 21346 21393 E chromium: [ERROR:gles2_cmd_decoder.cc(3852)] [.ChromiumCompositor-0xacbb2fc0]GL ERROR :GL_INVALID_ENUM : glDiscardFramebufferEXT: attachments was GL_COLOR_EXT
06-28 09:58:46.472 21346 21393 E chromium: [ERROR:gles2_cmd_decoder.cc(3852)] [.ChromiumCompositor-0xacbb2fc0]GL ERROR :GL_INVALID_ENUM : glDiscardFramebufferEXT: attachments was GL_COLOR_EXT
06-28 09:58:46.486 21346 21393 E chromium: [ERROR:gles2_cmd_decoder.cc(3852)] [.ChromiumCompositor-0xacbb2fc0]GL ERROR :GL_INVALID_ENUM : glDiscardFramebufferEXT: attachments was GL_COLOR_EXT
06-28 09:58:46.502 21346 21393 E chromium: [ERROR:gles2_cmd_decoder.cc(3852)] [.ChromiumCompositor-0xacbb2fc0]GL ERROR :GL_INVALID_ENUM : glDiscardFramebufferEXT: attachments was GL_COLOR_EXT
06-28 09:58:46.519 21346 21393 E chromium: [ERROR:gles2_cmd_decoder.cc(3852)] [.ChromiumCompositor-0xacbb2fc0]GL ERROR :GL_INVALID_ENUM : glDiscardFramebufferEXT: attachments was GL_COLOR_EXT
06-28 09:58:46.538 21346 21393 E chromium: [ERROR:gles2_cmd_decoder.cc(3852)] [.ChromiumCompositor-0xacbb2fc0]GL ERROR :GL_INVALID_ENUM : glDiscardFramebufferEXT: attachments was GL_COLOR_EXT
06-28 09:58:46.557 21346 21393 E chromium: [ERROR:gles2_cmd_decoder.cc(3852)] [.ChromiumCompositor-0xacbb2fc0]GL ERROR :GL_INVALID_ENUM : glDiscardFramebufferEXT: attachments was GL_COLOR_EXT
06-28 09:58:46.569 21346 21393 E chromium: [ERROR:gles2_cmd_decoder.cc(3852)] [.ChromiumCompositor-0xacbb2fc0]GL ERROR :GL_INVALID_ENUM : glDiscardFramebufferEXT: attachments was GL_COLOR_EXT
06-28 09:58:46.587 21346 21393 E chromium: [ERROR:gles2_cmd_decoder.cc(3852)] [.ChromiumCompositor-0xacbb2fc0]GL ERROR :GL_INVALID_ENUM : glDiscardFramebufferEXT: attachments was GL_COLOR_EXT
06-28 09:58:46.602 21346 21393 E chromium: [ERROR:gles2_cmd_decoder.cc(3852)] [.ChromiumCompositor-0xacbb2fc0]GL ERROR :GL_INVALID_ENUM : glDiscardFramebufferEXT: attachments was GL_COLOR_EXT
06-28 09:58:46.619 21346 21393 E chromium: [ERROR:gles2_cmd_decoder.cc(3852)] [.ChromiumCompositor-0xacbb2fc0]GL ERROR :GL_INVALID_ENUM : glDiscardFramebufferEXT: attachments was GL_COLOR_EXT
06-28 09:58:46.635 21346 21393 E chromium: [ERROR:gles2_cmd_decoder.cc(3852)] [.ChromiumCompositor-0xacbb2fc0]GL ERROR :GL_INVALID_ENUM : glDiscardFramebufferEXT: attachments was GL_COLOR_EXT
06-28 09:58:46.652 21346 21393 E chromium: [ERROR:gles2_cmd_decoder.cc(3852)] [.ChromiumCompositor-0xacbb2fc0]GL ERROR :GL_INVALID_ENUM : glDiscardFramebufferEXT: attachments was GL_COLOR_EXT
06-28 09:58:46.669 21346 21393 E chromium: [ERROR:gles2_cmd_decoder.cc(3852)] [.ChromiumCompositor-0xacbb2fc0]GL ERROR :GL_INVALID_ENUM : glDiscardFramebufferEXT: attachments was GL_COLOR_EXT
06-28 09:58:46.686 21346 21393 E chromium: [ERROR:gles2_cmd_decoder.cc(3852)] [.ChromiumCompositor-0xacbb2fc0]GL ERROR :GL_INVALID_ENUM : glDiscardFramebufferEXT: attachments was GL_COLOR_EXT
06-28 09:58:46.701   862  1657 E LocSvc_IzatApiV02: E/virtual int izat_core::IzatApiV02::getBatchSize(int32_t):522]: Error : st = 4, ind.status = -1628389555
06-28 09:58:46.701   862  1657 E LocSvc_IzatApiV02: E/virtual int izat_core::IzatApiV02::getBatchSize(int32_t):535]: get batching size failed.Or modem does not support batching 
06-28 09:58:46.703 21346 21393 E chromium: [ERROR:gles2_cmd_decoder.cc(3852)] [.ChromiumCompositor-0xacbb2fc0]GL ERROR :GL_INVALID_ENUM : glDiscardFramebufferEXT: attachments was GL_COLOR_EXT
06-28 09:58:46.711   862  1657 E LocSvc_IzatApiV02: E/virtual int izat_core::IzatApiV02::getBatchSize(int32_t):522]: Error : st = 4, ind.status = -1628389555
06-28 09:58:46.711   862  1657 E LocSvc_IzatApiV02: E/virtual int izat_core::IzatApiV02::getBatchSize(int32_t):535]: get batching size failed.Or modem does not support batching 
06-28 09:58:46.720 21346 21393 E chromium: [ERROR:gles2_cmd_decoder.cc(3852)] [.ChromiumCompositor-0xacbb2fc0]GL ERROR :GL_INVALID_ENUM : glDiscardFramebufferEXT: attachments was GL_COLOR_EXT
06-28 09:58:46.736 21346 21393 E chromium: [ERROR:gles2_cmd_decoder.cc(3852)] [.ChromiumCompositor-0xacbb2fc0]GL ERROR :GL_INVALID_ENUM : glDiscardFramebufferEXT: attachments was GL_COLOR_EXT
06-28 09:58:46.745   862  1657 E LocSvc_IzatApiV02: E/virtual int izat_core::IzatApiV02::getBatchSize(int32_t):522]: Error : st = 4, ind.status = -1628389555
06-28 09:58:46.745   862  1657 E LocSvc_IzatApiV02: E/virtual int izat_core::IzatApiV02::getBatchSize(int32_t):535]: get batching size failed.Or modem does not support batching 
06-28 09:58:46.750 21412 21425 E WPROF   : {"Javascript": {"url": "https://platform.twitter.com/js/tweet.6352a9eebf6f1aa3bcc0a57d66d2a72d.js", "requestTime": 5003.805922}}
06-28 09:58:46.755 21346 21393 E chromium: [ERROR:gles2_cmd_decoder.cc(3852)] [.ChromiumCompositor-0xacbb2fc0]GL ERROR :GL_INVALID_ENUM : glDiscardFramebufferEXT: attachments was GL_COLOR_EXT
06-28 09:58:46.755   862  1657 E LocSvc_IzatApiV02: E/virtual int izat_core::IzatApiV02::getBatchSize(int32_t):522]: Error : st = 4, ind.status = -1628389555
06-28 09:58:46.755   862  1657 E LocSvc_IzatApiV02: E/virtual int izat_core::IzatApiV02::getBatchSize(int32_t):535]: get batching size failed.Or modem does not support batching 
06-28 09:58:46.771 21346 21393 E chromium: [ERROR:gles2_cmd_decoder.cc(3852)] [.ChromiumCompositor-0xacbb2fc0]GL ERROR :GL_INVALID_ENUM : glDiscardFramebufferEXT: attachments was GL_COLOR_EXT
06-28 09:58:46.787 21346 21393 E chromium: [ERROR:gles2_cmd_decoder.cc(3852)] [.ChromiumCompositor-0xacbb2fc0]GL ERROR :GL_INVALID_ENUM : glDiscardFramebufferEXT: attachments was GL_COLOR_EXT
06-28 09:58:46.804 21346 21393 E chromium: [ERROR:gles2_cmd_decoder.cc(3852)] [.ChromiumCompositor-0xacbb2fc0]GL ERROR :GL_INVALID_ENUM : glDiscardFramebufferEXT: attachments was GL_COLOR_EXT
06-28 09:58:46.821 21346 21393 E chromium: [ERROR:gles2_cmd_decoder.cc(3852)] [.ChromiumCompositor-0xacbb2fc0]GL ERROR :GL_INVALID_ENUM : glDiscardFramebufferEXT: attachments was GL_COLOR_EXT
06-28 09:58:46.830 21412 21425 E WPROF   : {"Javascript": {"url": "https://cdn.syndication.twimg.com/tweets.json?callback=__twttr.callbacks.cb0&ids=862957998041419776&lang=en&suppress_response_codes=true", "requestTime": 5003.885323}}
06-28 09:58:46.837 21346 21393 E chromium: [ERROR:gles2_cmd_decoder.cc(3852)] [.ChromiumCompositor-0xacbb2fc0]GL ERROR :GL_INVALID_ENUM : glDiscardFramebufferEXT: attachments was GL_COLOR_EXT
06-28 09:58:46.858 21346 21393 E chromium: [ERROR:gles2_cmd_decoder.cc(3852)] [.ChromiumCompositor-0xacbb2fc0]GL ERROR :GL_INVALID_ENUM : glDiscardFramebufferEXT: attachments was GL_COLOR_EXT
06-28 09:58:46.873 21346 21393 E chromium: [ERROR:gles2_cmd_decoder.cc(3852)] [.ChromiumCompositor-0xacbb2fc0]GL ERROR :GL_INVALID_ENUM : glDiscardFramebufferEXT: attachments was GL_COLOR_EXT
06-28 09:58:46.888 21346 21393 E chromium: [ERROR:gles2_cmd_decoder.cc(3852)] [.ChromiumCompositor-0xacbb2fc0]GL ERROR :GL_INVALID_ENUM : glDiscardFramebufferEXT: attachments was GL_COLOR_EXT
06-28 09:58:46.905 21346 21393 E chromium: [ERROR:gles2_cmd_decoder.cc(3852)] [.ChromiumCompositor-0xacbb2fc0]GL ERROR :GL_INVALID_ENUM : glDiscardFramebufferEXT: attachments was GL_COLOR_EXT
06-28 09:58:46.922 21346 21393 E chromium: [ERROR:gles2_cmd_decoder.cc(3852)] [.ChromiumCompositor-0xacbb2fc0]GL ERROR :GL_INVALID_ENUM : glDiscardFramebufferEXT: attachments was GL_COLOR_EXT
06-28 09:58:46.938 21346 21393 E chromium: [ERROR:gles2_cmd_decoder.cc(3852)] [.ChromiumCompositor-0xacbb2fc0]GL ERROR :GL_INVALID_ENUM : glDiscardFramebufferEXT: attachments was GL_COLOR_EXT
06-28 09:58:46.955 21346 21393 E chromium: [ERROR:gles2_cmd_decoder.cc(3852)] [.ChromiumCompositor-0xacbb2fc0]GL ERROR :GL_INVALID_ENUM : glDiscardFramebufferEXT: attachments was GL_COLOR_EXT
06-28 09:58:46.973 21346 21393 E chromium: [ERROR:gles2_cmd_decoder.cc(3852)] [.ChromiumCompositor-0xacbb2fc0]GL ERROR :GL_INVALID_ENUM : glDiscardFramebufferEXT: attachments was GL_COLOR_EXT
06-28 09:58:46.989 21346 21393 E chromium: [ERROR:gles2_cmd_decoder.cc(3852)] [.ChromiumCompositor-0xacbb2fc0]GL ERROR :GL_INVALID_ENUM : glDiscardFramebufferEXT: attachments was GL_COLOR_EXT
06-28 09:58:46.999 21412 21425 E WPROF   : {"Javascript": {"url": "https://cdn.ampproject.org/rtv/011498506512561/v0/amp-crypto-polyfill-0.1.js", "requestTime": 5004.054782}}
06-28 09:58:47.009 21346 21393 E chromium: [ERROR:gles2_cmd_decoder.cc(3852)] [.ChromiumCompositor-0xacbb2fc0]GL ERROR :GL_INVALID_ENUM : glDiscardFramebufferEXT: attachments was GL_COLOR_EXT
06-28 09:58:47.028 21346 21393 E chromium: [ERROR:gles2_cmd_decoder.cc(3852)] [.ChromiumCompositor-0xacbb2fc0]GL ERROR :GL_INVALID_ENUM : glDiscardFramebufferEXT: attachments was GL_COLOR_EXT
06-28 09:58:47.040 21346 21393 E chromium: [ERROR:gles2_cmd_decoder.cc(3852)] [.ChromiumCompositor-0xacbb2fc0]GL ERROR :GL_INVALID_ENUM : glDiscardFramebufferEXT: attachments was GL_COLOR_EXT
06-28 09:58:47.056 21346 21393 E chromium: [ERROR:gles2_cmd_decoder.cc(3852)] [.ChromiumCompositor-0xacbb2fc0]GL ERROR :GL_INVALID_ENUM : glDiscardFramebufferEXT: attachments was GL_COLOR_EXT
06-28 09:58:47.073 21346 21393 E chromium: [ERROR:gles2_cmd_decoder.cc(3852)] [.ChromiumCompositor-0xacbb2fc0]GL ERROR :GL_INVALID_ENUM : glDiscardFramebufferEXT: attachments was GL_COLOR_EXT
06-28 09:58:47.096 21346 21393 E chromium: [ERROR:gles2_cmd_decoder.cc(3852)] [.ChromiumCompositor-0xacbb2fc0]GL ERROR :GL_INVALID_ENUM : glDiscardFramebufferEXT: attachments was GL_COLOR_EXT
06-28 09:58:47.108 21346 21393 E chromium: [ERROR:gles2_cmd_decoder.cc(3852)] [.ChromiumCompositor-0xacbb2fc0]GL ERROR :GL_INVALID_ENUM : glDiscardFramebufferEXT: attachments was GL_COLOR_EXT
06-28 09:58:47.123 21346 21393 E chromium: [ERROR:gles2_cmd_decoder.cc(3852)] [.ChromiumCompositor-0xacbb2fc0]GL ERROR :GL_INVALID_ENUM : glDiscardFramebufferEXT: attachments was GL_COLOR_EXT
06-28 09:58:47.140 21346 21393 E chromium: [ERROR:gles2_cmd_decoder.cc(3852)] [.ChromiumCompositor-0xacbb2fc0]GL ERROR :GL_INVALID_ENUM : glDiscardFramebufferEXT: attachments was GL_COLOR_EXT
06-28 09:58:47.156 21346 21393 E chromium: [ERROR:gles2_cmd_decoder.cc(3852)] [.ChromiumCompositor-0xacbb2fc0]GL ERROR :GL_INVALID_ENUM : glDiscardFramebufferEXT: attachments was GL_COLOR_EXT
06-28 09:58:47.172 21346 21393 E chromium: [ERROR:gles2_cmd_decoder.cc(3852)] [.ChromiumCompositor-0xacbb2fc0]GL ERROR :GL_INVALID_ENUM : glDiscardFramebufferEXT: attachments was GL_COLOR_EXT
06-28 09:58:47.189 21346 21393 E chromium: [ERROR:gles2_cmd_decoder.cc(3852)] [.ChromiumCompositor-0xacbb2fc0]GL ERROR :GL_INVALID_ENUM : glDiscardFramebufferEXT: attachments was GL_COLOR_EXT
06-28 09:58:47.206 21346 21393 E chromium: [ERROR:gles2_cmd_decoder.cc(3852)] [.ChromiumCompositor-0xacbb2fc0]GL ERROR :GL_INVALID_ENUM : glDiscardFramebufferEXT: attachments was GL_COLOR_EXT
06-28 09:58:47.223 21346 21393 E chromium: [ERROR:gles2_cmd_decoder.cc(3852)] [.ChromiumCompositor-0xacbb2fc0]GL ERROR :GL_INVALID_ENUM : glDiscardFramebufferEXT: attachments was GL_COLOR_EXT
06-28 09:58:47.241 21346 21393 E chromium: [ERROR:gles2_cmd_decoder.cc(3852)] [.ChromiumCompositor-0xacbb2fc0]GL ERROR :GL_INVALID_ENUM : glDiscardFramebufferEXT: attachments was GL_COLOR_EXT
06-28 09:58:47.262 21346 21393 E chromium: [ERROR:gles2_cmd_decoder.cc(3852)] [.ChromiumCompositor-0xacbb2fc0]GL ERROR :GL_INVALID_ENUM : glDiscardFramebufferEXT: attachments was GL_COLOR_EXT
06-28 09:58:47.274 21346 21393 E chromium: [ERROR:gles2_cmd_decoder.cc(3852)] [.ChromiumCompositor-0xacbb2fc0]GL ERROR :GL_INVALID_ENUM : glDiscardFramebufferEXT: attachments was GL_COLOR_EXT
06-28 09:58:47.291 21346 21393 E chromium: [ERROR:gles2_cmd_decoder.cc(3852)] [.ChromiumCompositor-0xacbb2fc0]GL ERROR :GL_INVALID_ENUM : glDiscardFramebufferEXT: attachments was GL_COLOR_EXT
06-28 09:58:47.308 21412 21425 E WPROF   : {"CSS": {"url": "https://platform.twitter.com/css/tweet.617c78967784cf8638fa20f3423757ac.light.ltr.css", "requestTime": 5004.363502}}
06-28 09:58:47.308 21346 21393 E chromium: [ERROR:gles2_cmd_decoder.cc(3852)] [.ChromiumCompositor-0xacbb2fc0]GL ERROR :GL_INVALID_ENUM : glDiscardFramebufferEXT: attachments was GL_COLOR_EXT
06-28 09:58:47.327 21346 21393 E chromium: [ERROR:gles2_cmd_decoder.cc(3852)] [.ChromiumCompositor-0xacbb2fc0]GL ERROR :GL_INVALID_ENUM : glDiscardFramebufferEXT: attachments was GL_COLOR_EXT
06-28 09:58:47.343 21346 21393 E chromium: [ERROR:gles2_cmd_decoder.cc(3852)] [.ChromiumCompositor-0xacbb2fc0]GL ERROR :GL_INVALID_ENUM : glDiscardFramebufferEXT: attachments was GL_COLOR_EXT
06-28 09:58:47.358 21346 21393 E chromium: [ERROR:gles2_cmd_decoder.cc(3852)] [.ChromiumCompositor-0xacbb2fc0]GL ERROR :GL_INVALID_ENUM : glDiscardFramebufferEXT: attachments was GL_COLOR_EXT
06-28 09:58:47.375 21346 21393 E chromium: [ERROR:gles2_cmd_decoder.cc(3852)] [.ChromiumCompositor-0xacbb2fc0]GL ERROR :GL_INVALID_ENUM : glDiscardFramebufferEXT: attachments was GL_COLOR_EXT
06-28 09:58:47.391 21346 21393 E chromium: [ERROR:gles2_cmd_decoder.cc(3852)] [.ChromiumCompositor-0xacbb2fc0]GL ERROR :GL_INVALID_ENUM : glDiscardFramebufferEXT: attachments was GL_COLOR_EXT
06-28 09:58:47.408 21346 21393 E chromium: [ERROR:gles2_cmd_decoder.cc(3852)] [.ChromiumCompositor-0xacbb2fc0]GL ERROR :GL_INVALID_ENUM : glDiscardFramebufferEXT: attachments was GL_COLOR_EXT
06-28 09:58:47.424 21346 21393 E chromium: [ERROR:gles2_cmd_decoder.cc(3852)] [.ChromiumCompositor-0xacbb2fc0]GL ERROR :GL_INVALID_ENUM : glDiscardFramebufferEXT: attachments was GL_COLOR_EXT
06-28 09:58:47.442 21346 21393 E chromium: [ERROR:gles2_cmd_decoder.cc(3852)] [.ChromiumCompositor-0xacbb2fc0]GL ERROR :GL_INVALID_ENUM : glDiscardFramebufferEXT: attachments was GL_COLOR_EXT
06-28 09:58:47.458 21346 21393 E chromium: [ERROR:gles2_cmd_decoder.cc(3852)] [.ChromiumCompositor-0xacbb2fc0]GL ERROR :GL_INVALID_ENUM : glDiscardFramebufferEXT: attachments was GL_COLOR_EXT
06-28 09:58:47.474 21346 21393 E chromium: [ERROR:gles2_cmd_decoder.cc(3852)] [.ChromiumCompositor-0xacbb2fc0]GL ERROR :GL_INVALID_ENUM : glDiscardFramebufferEXT: attachments was GL_COLOR_EXT
06-28 09:58:47.492 21346 21393 E chromium: [ERROR:gles2_cmd_decoder.cc(3852)] [.ChromiumCompositor-0xacbb2fc0]GL ERROR :GL_INVALID_ENUM : glDiscardFramebufferEXT: attachments was GL_COLOR_EXT
06-28 09:58:47.508 21346 21393 E chromium: [ERROR:gles2_cmd_decoder.cc(3852)] [.ChromiumCompositor-0xacbb2fc0]GL ERROR :GL_INVALID_ENUM : glDiscardFramebufferEXT: attachments was GL_COLOR_EXT
06-28 09:58:47.525 21346 21393 E chromium: [ERROR:gles2_cmd_decoder.cc(3852)] [.ChromiumCompositor-0xacbb2fc0]GL ERROR :GL_INVALID_ENUM : glDiscardFramebufferEXT: attachments was GL_COLOR_EXT
06-28 09:58:47.541 21346 21393 E chromium: [ERROR:gles2_cmd_decoder.cc(3852)] [.ChromiumCompositor-0xacbb2fc0]GL ERROR :GL_INVALID_ENUM : glDiscardFramebufferEXT: attachments was GL_COLOR_EXT
06-28 09:58:47.561 21346 21393 E chromium: [ERROR:gles2_cmd_decoder.cc(3852)] [.ChromiumCompositor-0xacbb2fc0]GL ERROR :GL_INVALID_ENUM : glDiscardFramebufferEXT: attachments was GL_COLOR_EXT
06-28 09:58:47.585 21346 21393 E chromium: [ERROR:gles2_cmd_decoder.cc(3852)] [.ChromiumCompositor-0xacbb2fc0]GL ERROR :GL_INVALID_ENUM : glDiscardFramebufferEXT: attachments was GL_COLOR_EXT
06-28 09:58:47.606 21346 21393 E chromium: [ERROR:gles2_cmd_decoder.cc(3852)] [.ChromiumCompositor-0xacbb2fc0]GL ERROR :GL_INVALID_ENUM : glDiscardFramebufferEXT: attachments was GL_COLOR_EXT
06-28 09:58:47.613 21346 21393 E chromium: [ERROR:gles2_cmd_decoder.cc(3852)] [.ChromiumCompositor-0xacbb2fc0]GL ERROR :GL_INVALID_ENUM : glDiscardFramebufferEXT: attachments was GL_COLOR_EXT
06-28 09:58:47.629 21346 21393 E chromium: [ERROR:gles2_cmd_decoder.cc(3852)] [.ChromiumCompositor-0xacbb2fc0]GL ERROR :GL_INVALID_ENUM : glDiscardFramebufferEXT: attachments was GL_COLOR_EXT
06-28 09:58:47.643 21346 21393 E chromium: [ERROR:gles2_cmd_decoder.cc(3852)] [.ChromiumCompositor-0xacbb2fc0]GL ERROR :GL_INVALID_ENUM : glDiscardFramebufferEXT: attachments was GL_COLOR_EXT
06-28 09:58:47.662 21346 21393 E chromium: [ERROR:gles2_cmd_decoder.cc(3852)] [.ChromiumCompositor-0xacbb2fc0]GL ERROR :GL_INVALID_ENUM : glDiscardFramebufferEXT: attachments was GL_COLOR_EXT
06-28 09:58:47.678 21346 21393 E chromium: [ERROR:gles2_cmd_decoder.cc(3852)] [.ChromiumCompositor-0xacbb2fc0]GL ERROR :GL_INVALID_ENUM : glDiscardFramebufferEXT: attachments was GL_COLOR_EXT
06-28 09:58:47.695 21346 21393 E chromium: [ERROR:gles2_cmd_decoder.cc(3852)] [.ChromiumCompositor-0xacbb2fc0]GL ERROR :GL_INVALID_ENUM : glDiscardFramebufferEXT: attachments was GL_COLOR_EXT
06-28 09:58:47.709 21346 21393 E chromium: [ERROR:gles2_cmd_decoder.cc(3852)] [.ChromiumCompositor-0xacbb2fc0]GL ERROR :GL_INVALID_ENUM : glDiscardFramebufferEXT: attachments was GL_COLOR_EXT
06-28 09:58:47.734 21346 21393 E chromium: [ERROR:gles2_cmd_decoder.cc(3852)] [.ChromiumCompositor-0xacbb2fc0]GL ERROR :GL_INVALID_ENUM : glDiscardFramebufferEXT: attachments was GL_COLOR_EXT
06-28 09:58:47.768 21346 21393 E chromium: [ERROR:gles2_cmd_decoder.cc(3852)] [.ChromiumCompositor-0xacbb2fc0]GL ERROR :GL_INVALID_ENUM : glDiscardFramebufferEXT: attachments was GL_COLOR_EXT
06-28 09:58:47.775 21346 21393 E chromium: [ERROR:gles2_cmd_decoder.cc(3852)] [.ChromiumCompositor-0xacbb2fc0]GL ERROR :GL_INVALID_ENUM : glDiscardFramebufferEXT: attachments was GL_COLOR_EXT
06-28 09:58:47.786 21346 21393 E chromium: [ERROR:gles2_cmd_decoder.cc(3852)] [.ChromiumCompositor-0xacbb2fc0]GL ERROR :GL_INVALID_ENUM : glDiscardFramebufferEXT: attachments was GL_COLOR_EXT
06-28 09:58:47.798 21412 21425 E WProf.db: {"page": "searchengineland-com.cdn.ampproject.org_c_searchengineland.com_google-adwords-keyword-bidding-interface-change-274949_amp"}
06-28 09:58:47.798 21412 21425 E WProf.db: {"DOMLoad": 5004.853984}
06-28 09:58:47.800 21412 21425 E WProf.db: {"Resource": {"id": 1, "url": "https://searchengineland-com.cdn.ampproject.org/c/searchengineland.com/google-adwords-keyword-bidding-interface-change-274949/amp", "sentTime": -1.000000, "len": 35928, "from": "0x0", "mimeType": "text/html", "contentLength": -1, "httpStatus": 200, "connId": 21, "connReused": 1, "cached": 0,"requestTime": 5000.824816, "proxyStart": -1, "proxyEnd": -1, "dnsStart": -1, "dnsEnd": -1, "connectStart": 0, "connectEnd": 80, "sendStart": 80, "sendEnd": 80, "receiveHeadersEnd": 273, "sslStart": -1, "sslEnd": -1}}
06-28 09:58:47.801 21412 21425 E WProf.db: {"ReceivedChunk": {"receivedTime": 5001.118444, "len": 11276}}
06-28 09:58:47.801 21412 21425 E WProf.db: {"ReceivedChunk": {"receivedTime": 5001.224719, "len": 16220}}
06-28 09:58:47.801 21412 21425 E WProf.db: {"ReceivedChunk": {"receivedTime": 5001.225269, "len": 8432}}
06-28 09:58:47.802 21412 21425 E WProf.db: {"WprofHTMLTag": {"code": "0xaedd0660", "doc": "https://searchengineland-com.cdn.ampproject.org/c/searchengineland.com/google-adwords-keyword-bidding-interface-change-274949/amp", "row": 0, "column": 25, "tagName": "html", "time": 5001.228327, "url": "", "pos": 1, "chunkLen": 1, "isStartTag": 1}}
06-28 09:58:47.802 21412 21425 E WProf.db: {"WprofHTMLTag": {"code": "0xaedd02a0", "doc": "https://searchengineland-com.cdn.ampproject.org/c/searchengineland.com/google-adwords-keyword-bidding-interface-change-274949/amp", "row": 0, "column": 31, "tagName": "head", "time": 5001.228736, "url": "", "pos": 1, "chunkLen": 1, "isStartTag": 1}}
06-28 09:58:47.802 21412 21425 E WProf.db: {"WprofHTMLTag": {"code": "0xaf0478b0", "doc": "https://searchengineland-com.cdn.ampproject.org/c/searchengineland.com/google-adwords-keyword-bidding-interface-change-274949/amp", "row": 0, "column": 53, "tagName": "meta", "time": 5001.228773, "url": "", "pos": 1, "chunkLen": 1, "isStartTag": 1}}
06-28 09:58:47.802 21412 21425 E WProf.db: {"WprofHTMLTag": {"code": "0xaf0478e0", "doc": "https://searchengineland-com.cdn.ampproject.org/c/searchengineland.com/google-adwords-keyword-bidding-interface-change-274949/amp", "row": 0, "column": 88, "tagName": "meta", "time": 5001.229267, "url": "", "pos": 1, "chunkLen": 1, "isStartTag": 1}}
06-28 09:58:47.802 21412 21425 E WProf.db: {"WprofHTMLTag": {"code": "0xaf047910", "doc": "https://searchengineland-com.cdn.ampproject.org/c/searchengineland.com/google-adwords-keyword-bidding-interface-change-274949/amp", "row": 0, "column": 122, "tagName": "meta", "time": 5001.229468, "url": "", "pos": 1, "chunkLen": 1, "isStartTag": 1}}
06-28 09:58:47.802 21412 21425 E WProf.db: {"WprofHTMLTag": {"code": "0xaf047940", "doc": "https://searchengineland-com.cdn.ampproject.org/c/searchengineland.com/google-adwords-keyword-bidding-interface-change-274949/amp", "row": 0, "column": 247, "tagName": "meta", "time": 5001.229639, "url": "", "pos": 1, "chunkLen": 1, "isStartTag": 1}}
06-28 09:58:47.802 21346 21393 E chromium: [ERROR:gles2_cmd_decoder.cc(3852)] [.ChromiumCompositor-0xacbb2fc0]GL ERROR :GL_INVALID_ENUM : glDiscardFramebufferEXT: attachments was GL_COLOR_EXT
06-28 09:58:47.802 21412 21425 E WProf.db: {"WprofHTMLTag": {"code": "0xaf047970", "doc": "https://searchengineland-com.cdn.ampproject.org/c/searchengineland.com/google-adwords-keyword-bidding-interface-change-274949/amp", "row": 0, "column": 303, "tagName": "meta", "time": 5001.229946, "url": "", "pos": 1, "chunkLen": 1, "isStartTag": 1}}
06-28 09:58:47.803 21412 21425 E WProf.db: {"WprofHTMLTag": {"code": "0xaf0479a0", "doc": "https://searchengineland-com.cdn.ampproject.org/c/searchengineland.com/google-adwords-keyword-bidding-interface-change-274949/amp", "row": 0, "column": 411, "tagName": "meta", "time": 5001.230173, "url": "", "pos": 1, "chunkLen": 1, "isStartTag": 1}}
06-28 09:58:47.803 21412 21425 E WProf.db: {"WprofHTMLTag": {"code": "0xaf0479d0", "doc": "https://searchengineland-com.cdn.ampproject.org/c/searchengineland.com/google-adwords-keyword-bidding-interface-change-274949/amp", "row": 0, "column": 513, "tagName": "meta", "time": 5001.230506, "url": "", "pos": 1, "chunkLen": 1, "isStartTag": 1}}
06-28 09:58:47.803 21412 21425 E WProf.db: {"WprofHTMLTag": {"code": "0xaf047a60", "doc": "https://searchengineland-com.cdn.ampproject.org/c/searchengineland.com/google-adwords-keyword-bidding-interface-change-274949/amp", "row": 0, "column": 562, "tagName": "meta", "time": 5001.230669, "url": "", "pos": 1, "chunkLen": 1, "isStartTag": 1}}
06-28 09:58:47.803 21412 21425 E WProf.db: {"WprofHTMLTag": {"code": "0xaf047a90", "doc": "https://searchengineland-com.cdn.ampproject.org/c/searchengineland.com/google-adwords-keyword-bidding-interface-change-274949/amp", "row": 0, "column": 691, "tagName": "meta", "time": 5001.230829, "url": "", "pos": 1, "chunkLen": 1, "isStartTag": 1}}
06-28 09:58:47.803 21412 21425 E WProf.db: {"WprofHTMLTag": {"code": "0xaf047ac0", "doc": "https://searchengineland-com.cdn.ampproject.org/c/searchengineland.com/google-adwords-keyword-bidding-interface-change-274949/amp", "row": 0, "column": 743, "tagName": "meta", "time": 5001.230990, "url": "", "pos": 1, "chunkLen": 1, "isStartTag": 1}}
06-28 09:58:47.803 21412 21425 E WProf.db: {"WprofHTMLTag": {"code": "0xaf047a30", "doc": "https://searchengineland-com.cdn.ampproject.org/c/searchengineland.com/google-adwords-keyword-bidding-interface-change-274949/amp", "row": 0, "column": 786, "tagName": "meta", "time": 5001.231158, "url": "", "pos": 1, "chunkLen": 1, "isStartTag": 1}}
06-28 09:58:47.803 21412 21425 E WProf.db: {"WprofHTMLTag": {"code": "0xaf047a00", "doc": "https://searchengineland-com.cdn.ampproject.org/c/searchengineland.com/google-adwords-keyword-bidding-interface-change-274949/amp", "row": 0, "column": 827, "tagName": "meta", "time": 5001.231615, "url": "", "pos": 1, "chunkLen": 1, "isStartTag": 1}}
06-28 09:58:47.803 21412 21425 E WProf.db: {"WprofHTMLTag": {"code": "0xaf047af0", "doc": "https://searchengineland-com.cdn.ampproject.org/c/searchengineland.com/google-adwords-keyword-bidding-interface-change-274949/amp", "row": 0, "column": 928, "tagName": "meta", "time": 5001.231783, "url": "", "pos": 1, "chunkLen": 1, "isStartTag": 1}}
06-28 09:58:47.804 21412 21425 E WProf.db: {"WprofHTMLTag": {"code": "0xaf047b20", "doc": "https://searchengineland-com.cdn.ampproject.org/c/searchengineland.com/google-adwords-keyword-bidding-interface-change-274949/amp", "row": 0, "column": 1035, "tagName": "meta", "time": 5001.231953, "url": "", "pos": 1, "chunkLen": 1, "isStartTag": 1}}
06-28 09:58:47.804 21412 21425 E WProf.db: {"WprofHTMLTag": {"code": "0xaf047b50", "doc": "https://searchengineland-com.cdn.ampproject.org/c/searchengineland.com/google-adwords-keyword-bidding-interface-change-274949/amp", "row": 0, "column": 1152, "tagName": "meta", "time": 5001.232114, "url": "", "pos": 1, "chunkLen": 1, "isStartTag": 1}}
06-28 09:58:47.804 21412 21425 E WProf.db: {"WprofHTMLTag": {"code": "0xaf047b80", "doc": "https://searchengineland-com.cdn.ampproject.org/c/searchengineland.com/google-adwords-keyword-bidding-interface-change-274949/amp", "row": 0, "column": 1211, "tagName": "meta", "time": 5001.232278, "url": "", "pos": 1, "chunkLen": 1, "isStartTag": 1}}
06-28 09:58:47.804 21412 21425 E WProf.db: {"WprofHTMLTag": {"code": "0xaf047bb0", "doc": "https://searchengineland-com.cdn.ampproject.org/c/searchengineland.com/google-adwords-keyword-bidding-interface-change-274949/amp", "row": 0, "column": 1339, "tagName": "meta", "time": 5001.232445, "url": "", "pos": 1, "chunkLen": 1, "isStartTag": 1}}
06-28 09:58:47.804 21412 21425 E WProf.db: {"WprofHTMLTag": {"code": "0xaf047be0", "doc": "https://searchengineland-com.cdn.ampproject.org/c/searchengineland.com/google-adwords-keyword-bidding-interface-change-274949/amp", "row": 0, "column": 1384, "tagName": "meta", "time": 5001.232613, "url": "", "pos": 1, "chunkLen": 1, "isStartTag": 1}}
06-28 09:58:47.804 21412 21425 E WProf.db: {"WprofHTMLTag": {"code": "0xaf047c10", "doc": "https://searchengineland-com.cdn.ampproject.org/c/searchengineland.com/google-adwords-keyword-bidding-interface-change-274949/amp", "row": 0, "column": 1430, "tagName": "meta", "time": 5001.232777, "url": "", "pos": 1, "chunkLen": 1, "isStartTag": 1}}
06-28 09:58:47.804 21412 21425 E WProf.db: {"WprofHTMLTag": {"code": "0xaf047c40", "doc": "https://searchengineland-com.cdn.ampproject.org/c/searchengineland.com/google-adwords-keyword-bidding-interface-change-274949/amp", "row": 0, "column": 1503, "tagName": "script", "time": 5001.232940, "url": "https://cdn.ampproject.org/rtv/011498506512561/v0.js", "pos": 1, "chunkLen": 1, "isStartTag": 1}}
06-28 09:58:47.804 21412 21425 E WProf.db: {"WprofHTMLTag": {"code": "0xaf047c70", "doc": "https://searchengineland-com.cdn.ampproject.org/c/searchengineland.com/google-adwords-keyword-bidding-interface-change-274949/amp", "row": 0, "column": 1512, "tagName": "script", "time": 5001.233366, "url": "", "pos": 1, "chunkLen": 1, "isStartTag": 0}}
06-28 09:58:47.804 21412 21425 E WProf.db: {"WprofHTMLTag": {"code": "0xaf047ca0", "doc": "https://searchengineland-com.cdn.ampproject.org/c/searchengineland.com/google-adwords-keyword-bidding-interface-change-274949/amp", "row": 0, "column": 1620, "tagName": "script", "time": 5001.239178, "url": "https://cdn.ampproject.org/rtv/011498506512561/v0/amp-ad-0.1.js", "pos": 1, "chunkLen": 1, "isStartTag": 1}}
06-28 09:58:47.805 21412 21425 E WProf.db: {"WprofHTMLTag": {"code": "0xaf047d00", "doc": "https://searchengineland-com.cdn.ampproject.org/c/searchengineland.com/google-adwords-keyword-bidding-interface-change-274949/amp", "row": 0, "column": 1629, "tagName": "script", "time": 5001.239618, "url": "", "pos": 1, "chunkLen": 1, "isStartTag": 0}}
06-28 09:58:47.809 21412 21425 E WProf.db: {"WprofHTMLTag": {"code": "0xaf047f70", "doc": "https://searchengineland-com.cdn.ampproject.org/c/searchengineland.com/google-adwords-keyword-bidding-interface-change-274949/amp", "row": 0, "column": 1751, "tagName": "script", "time": 5001.245169, "url": "https://cdn.ampproject.org/rtv/011498506512561/v0/amp-analytics-0.1.js", "pos": 1, "chunkLen": 1, "isStartTag": 1}}
06-28 09:58:47.809 21412 21425 E WProf.db: {"WprofHTMLTag": {"code": "0xaf047fd0", "doc": "https://searchengineland-com.cdn.ampproject.org/c/searchengineland.com/google-adwords-keyword-bidding-interface-change-274949/amp", "row": 0, "column": 1760, "tagName": "script", "time": 5001.252240, "url": "", "pos": 1, "chunkLen": 1, "isStartTag": 0}}
06-28 09:58:47.809 21412 21425 E WProf.db: {"WprofHTMLTag": {"code": "0xb4cc74b0", "doc": "https://searchengineland-com.cdn.ampproject.org/c/searchengineland.com/google-adwords-keyword-bidding-interface-change-274949/amp", "row": 0, "column": 1872, "tagName": "script", "time": 5001.252931, "url": "https://cdn.ampproject.org/rtv/011498506512561/v0/amp-anim-0.1.js", "pos": 1, "chunkLen": 1, "isStartTag": 1}}
06-28 09:58:47.809 21412 21425 E WProf.db: {"WprofHTMLTag": {"code": "0xb4cc78a0", "doc": "https://searchengineland-com.cdn.ampproject.org/c/searchengineland.com/google-adwords-keyword-bidding-interface-change-274949/amp", "row": 0, "column": 1881, "tagName": "script", "time": 5001.253307, "url": "", "pos": 1, "chunkLen": 1, "isStartTag": 0}}
06-28 09:58:47.810 21412 21425 E WProf.db: {"WprofHTMLTag": {"code": "0xb4cc78d0", "doc": "https://searchengineland-com.cdn.ampproject.org/c/searchengineland.com/google-adwords-keyword-bidding-interface-change-274949/amp", "row": 0, "column": 1993, "tagName": "script", "time": 5001.253916, "url": "https://cdn.ampproject.org/rtv/011498506512561/v0/amp-form-0.1.js", "pos": 1, "chunkLen": 1, "isStartTag": 1}}
06-28 09:58:47.810 21412 21425 E WProf.db: {"WprofHTMLTag": {"code": "0xb4cc7930", "doc": "https://searchengineland-com.cdn.ampproject.org/c/searchengineland.com/google-adwords-keyword-bidding-interface-change-274949/amp", "row": 0, "column": 2002, "tagName": "script", "time": 5001.254273, "url": "", "pos": 1, "chunkLen": 1, "isStartTag": 0}}
06-28 09:58:47.810 21412 21425 E WProf.db: {"WprofHTMLTag": {"code": "0xb4cc7960", "doc": "https://searchengineland-com.cdn.ampproject.org/c/searchengineland.com/google-adwords-keyword-bidding-interface-change-274949/amp", "row": 0, "column": 2120, "tagName": "script", "time": 5001.254831, "url": "https://cdn.ampproject.org/rtv/011498506512561/v0/amp-sidebar-0.1.js", "pos": 1, "chunkLen": 1, "isStartTag": 1}}
06-28 09:58:47.810 21412 21425 E WProf.db: {"WprofHTMLTag": {"code": "0xb4cc79c0", "doc": "https://searchengineland-com.cdn.ampproject.org/c/searchengineland.com/google-adwords-keyword-bidding-interface-change-274949/amp", "row": 0, "column": 2129, "tagName": "script", "time": 5001.255191, "url": "", "pos": 1, "chunkLen": 1, "isStartTag": 0}}
06-28 09:58:47.811 21412 21425 E WProf.db: {"WprofHTMLTag": {"code": "0xb4cc79f0", "doc": "https://searchengineland-com.cdn.ampproject.org/c/searchengineland.com/google-adwords-keyword-bidding-interface-change-274949/amp", "row": 0, "column": 2247, "tagName": "script", "time": 5001.255759, "url": "https://cdn.ampproject.org/rtv/011498506512561/v0/amp-twitter-0.1.js", "pos": 1, "chunkLen": 1, "isStartTag": 1}}
06-28 09:58:47.811 21346 21393 E chromium: [ERROR:gles2_cmd_decoder.cc(3852)] [.ChromiumCompositor-0xacbb2fc0]GL ERROR :GL_INVALID_ENUM : glDiscardFramebufferEXT: attachments was GL_COLOR_EXT
06-28 09:58:47.811 21412 21425 E WProf.db: {"WprofHTMLTag": {"code": "0xb4cc7a50", "doc": "https://searchengineland-com.cdn.ampproject.org/c/searchengineland.com/google-adwords-keyword-bidding-interface-change-274949/amp", "row": 0, "column": 2256, "tagName": "script", "time": 5001.256115, "url": "", "pos": 1, "chunkLen": 1, "isStartTag": 0}}
06-28 09:58:47.811 21412 21425 E WProf.db: {"WprofHTMLTag": {"code": "0xb4cc7a80", "doc": "https://searchengineland-com.cdn.ampproject.org/c/searchengineland.com/google-adwords-keyword-bidding-interface-change-274949/amp", "row": 0, "column": 2370, "tagName": "script", "time": 5001.256771, "url": "https://cdn.ampproject.org/rtv/011498506512561/v0/amp-video-0.1.js", "pos": 1, "chunkLen": 1, "isStartTag": 1}}
06-28 09:58:47.811 21412 21425 E WProf.db: {"WprofHTMLTag": {"code": "0xb4cc7ae0", "doc": "https://searchengineland-com.cdn.ampproject.org/c/searchengineland.com/google-adwords-keyword-bidding-interface-change-274949/amp", "row": 0, "column": 2379, "tagName": "script", "time": 5001.257140, "url": "", "pos": 1, "chunkLen": 1, "isStartTag": 0}}
06-28 09:58:47.811 21412 21425 E WProf.db: {"WprofHTMLTag": {"code": "0xb4cc7b10", "doc": "https://searchengineland-com.cdn.ampproject.org/c/searchengineland.com/google-adwords-keyword-bidding-interface-change-274949/amp", "row": 0, "column": 2497, "tagName": "script", "time": 5001.257772, "url": "https://cdn.ampproject.org/rtv/011498506512561/v0/amp-youtube-0.1.js", "pos": 1, "chunkLen": 1, "isStartTag": 1}}
06-28 09:58:47.811 21412 21425 E WProf.db: {"WprofHTMLTag": {"code": "0xb4cc7b70", "doc": "https://searchengineland-com.cdn.ampproject.org/c/searchengineland.com/google-adwords-keyword-bidding-interface-change-274949/amp", "row": 0, "column": 2506, "tagName": "script", "time": 5001.258127, "url": "", "pos": 1, "chunkLen": 1, "isStartTag": 0}}
06-28 09:58:47.812 21412 21425 E WProf.db: {"WprofHTMLTag": {"code": "0xb4cc7ba0", "doc": "https://searchengineland-com.cdn.ampproject.org/c/searchengineland.com/google-adwords-keyword-bidding-interface-change-274949/amp", "row": 0, "column": 2564, "tagName": "link", "time": 5001.259747, "url": "https://searchengineland-com.cdn.ampproject.org/i/searchengineland.com/favicon.ico", "pos": 1, "chunkLen": 1, "isStartTag": 1}}
06-28 09:58:47.812 21412 21425 E WProf.db: {"WprofHTMLTag": {"code": "0xb4cc7bd0", "doc": "https://searchengineland-com.cdn.ampproject.org/c/searchengineland.com/google-adwords-keyword-bidding-interface-change-274949/amp", "row": 0, "column": 2651, "tagName": "link", "time": 5001.260307, "url": "https://fonts.googleapis.com/css?family=Oswald:300,400,700", "pos": 1, "chunkLen": 1, "isStartTag": 1}}
06-28 09:58:47.812 21412 21425 E WProf.db: {"WprofHTMLTag": {"code": "0xb4cc7c00", "doc": "https://searchengineland-com.cdn.ampproject.org/c/searchengineland.com/google-adwords-keyword-bidding-interface-change-274949/amp", "row": 0, "column": 2720, "tagName": "link", "time": 5001.264211, "url": "https://fonts.gstatic.com/", "pos": 1, "chunkLen": 1, "isStartTag": 1}}
06-28 09:58:47.812 21412 21425 E WProf.db: {"WprofHTMLTag": {"code": "0xb4cc7c30", "doc": "https://searchengineland-com.cdn.ampproject.org/c/searchengineland.com/google-adwords-keyword-bidding-interface-change-274949/amp", "row": 0, "column": 2829, "tagName": "link", "time": 5001.267239, "url": "https://fonts.googleapis.com/css?family=Merriweather:400,400italic,700,700italic", "pos": 1, "chunkLen": 1, "isStartTag": 1}}
06-28 09:58:47.812 21412 21425 E WProf.db: {"WprofHTMLTag": {"code": "0xb4cc7c60", "doc": "https://searchengineland-com.cdn.ampproject.org/c/searchengineland.com/google-adwords-keyword-bidding-interface-change-274949/amp", "row": 0, "column": 2847, "tagName": "style", "time": 5001.268976, "url": "", "pos": 1, "chunkLen": 1, "isStartTag": 1}}
06-28 09:58:47.812 21412 21425 E WProf.db: {"WprofHTMLTag": {"code": "0xb4cc7c90", "doc": "https://searchengineland-com.cdn.ampproject.org/c/searchengineland.com/google-adwords-keyword-bidding-interface-change-274949/amp", "row": 612, "column": 9, "tagName": "style", "time": 5001.269866, "url": "", "pos": 1, "chunkLen": 1, "isStartTag": 0}}
06-28 09:58:47.812 21412 21425 E WProf.db: {"WprofHTMLTag": {"code": "0xb4cc7ff0", "doc": "https://searchengineland-com.cdn.ampproject.org/c/searchengineland.com/google-adwords-keyword-bidding-interface-change-274949/amp", "row": 612, "column": 16, "tagName": "title", "time": 5001.285636, "url": "", "pos": 1, "chunkLen": 1, "isStartTag": 1}}
06-28 09:58:47.812 21412 21425 E WProf.db: {"WprofHTMLTag": {"code": "0xb4cc8020", "doc": "https://searchengineland-com.cdn.ampproject.org/c/searchengineland.com/google-adwords-keyword-bidding-interface-change-274949/amp", "row": 612, "column": 88, "tagName": "title", "time": 5001.286031, "url": "", "pos": 1, "chunkLen": 1, "isStartTag": 0}}
06-28 09:58:47.813 21412 21425 E WProf.db: {"WprofHTMLTag": {"code": "0xb4cc8050", "doc": "https://searchengineland-com.cdn.ampproject.org/c/searchengineland.com/google-adwords-keyword-bidding-interface-change-274949/amp", "row": 612, "column": 198, "tagName": "link", "time": 5001.286054, "url": "http://searchengineland.com/google-adwords-keyword-bidding-interface-change-274949", "pos": 1, "chunkLen": 1, "isStartTag": 1}}
06-28 09:58:47.813 21412 21425 E WProf.db: {"WprofHTMLTag": {"code": "0xb4cc8080", "doc": "https://searchengineland-com.cdn.ampproject.org/c/searchengineland.com/google-adwords-keyword-bidding-interface-change-274949/amp", "row": 612, "column": 319, "tagName": "script", "time": 5001.286370, "url": "https://cdn.ampproject.org/rtv/011498506512561/v0/amp-mustache-0.1.js", "pos": 1, "chunkLen": 1, "isStartTag": 1}}
06-28 09:58:47.813 21412 21425 E WProf.db: {"WprofHTMLTag": {"code": "0xb4cc80e0", "doc": "https://searchengineland-com.cdn.ampproject.org/c/searchengineland.com/google-adwords-keyword-bidding-interface-change-274949/amp", "row": 612, "column": 328, "tagName": "script", "time": 5001.286730, "url": "", "pos": 1, "chunkLen": 1, "isStartTag": 0}}
06-28 09:58:47.813 21412 21425 E WProf.db: {"WprofHTMLTag": {"code": "0xaedd0690", "doc": "https://searchengineland-com.cdn.ampproject.org/c/searchengineland.com/google-adwords-keyword-bidding-interface-change-274949/amp", "row": 612, "column": 351, "tagName": "style", "time": 5001.288357, "url": "", "pos": 1, "chunkLen": 1, "isStartTag": 1}}
06-28 09:58:47.813 21412 21425 E WProf.db: {"WprofHTMLTag": {"code": "0xb4cc8110", "doc": "https://searchengineland-com.cdn.ampproject.org/c/searchengineland.com/google-adwords-keyword-bidding-interface-change-274949/amp", "row": 612, "column": 975, "tagName": "style", "time": 5001.288548, "url": "", "pos": 1, "chunkLen": 1, "isStartTag": 0}}
06-28 09:58:47.813 21412 21425 E WProf.db: {"WprofHTMLTag": {"code": "0xb4cc8140", "doc": "https://searchengineland-com.cdn.ampproject.org/c/searchengineland.com/google-adwords-keyword-bidding-interface-change-274949/amp", "row": 612, "column": 985, "tagName": "noscript", "time": 5001.288978, "url": "", "pos": 1, "chunkLen": 1, "isStartTag": 1}}
06-28 09:58:47.813 21412 21425 E WProf.db: {"WprofHTMLTag": {"code": "0xb4cc8170", "doc": "https://searchengineland-com.cdn.ampproject.org/c/searchengineland.com/google-adwords-keyword-bidding-interface-change-274949/amp", "row": 612, "column": 1128, "tagName": "noscript", "time": 5001.289059, "url": "", "pos": 1, "chunkLen": 1, "isStartTag": 0}}
06-28 09:58:47.813 21412 21425 E WProf.db: {"WprofHTMLTag": {"code": "0xb4cc81a0", "doc": "https://searchengineland-com.cdn.ampproject.org/c/searchengineland.com/google-adwords-keyword-bidding-interface-change-274949/amp", "row": 612, "column": 1135, "tagName": "head", "time": 5001.289072, "url": "", "pos": 1, "chunkLen": 1, "isStartTag": 0}}
06-28 09:58:47.814 21412 21425 E WProf.db: {"WprofHTMLTag": {"code": "0xb4cc81d0", "doc": "https://searchengineland-com.cdn.ampproject.org/c/searchengineland.com/google-adwords-keyword-bidding-interface-change-274949/amp", "row": 612, "column": 1141, "tagName": "body", "time": 5001.289081, "url": "", "pos": 1, "chunkLen": 1, "isStartTag": 1}}
