06-28 11:19:55.851 18037 18050 E WProf.db: {"Computation": {"type": "layout", "code": "0xab419660", "docUrl": "https://searchengineland-com.cdn.ampproject.org/c/searchengineland.com/hotel-ads-price-trends-275390/amp", "startTime": 9870.533702, "endTime": 9870.538048, "urlRecalcStyle": ""}}
06-28 11:19:55.851 18037 18050 E WProf.db: {"Computation": {"type": "layout", "code": "0xab419660", "docUrl": "https://searchengineland-com.cdn.ampproject.org/c/searchengineland.com/hotel-ads-price-trends-275390/amp", "startTime": 9870.561577, "endTime": 9870.562853, "urlRecalcStyle": ""}}
06-28 11:19:55.851 18037 18050 E WProf.db: {"Computation": {"type": "layout", "code": "0xab419660", "docUrl": "https://searchengineland-com.cdn.ampproject.org/c/searchengineland.com/hotel-ads-price-trends-275390/amp", "startTime": 9870.583821, "endTime": 9870.585274, "urlRecalcStyle": ""}}
06-28 11:19:55.851 18037 18050 E WProf.db: {"Computation": {"type": "layout", "code": "0xab419660", "docUrl": "https://searchengineland-com.cdn.ampproject.org/c/searchengineland.com/hotel-ads-price-trends-275390/amp", "startTime": 9870.625393, "endTime": 9870.625986, "urlRecalcStyle": ""}}
06-28 11:19:55.851 18037 18050 E WProf.db: {"Computation": {"type": "fireEvent", "code": "0xab419660", "docUrl": "https://searchengineland-com.cdn.ampproject.org/c/searchengineland.com/hotel-ads-price-trends-275390/amp", "startTime": 9870.689519, "endTime": 9870.689572, "urlRecalcStyle": "load"}}
06-28 11:19:55.851 18037 18050 E WProf.db: {"Computation": {"type": "fireEvent", "code": "0xab419660", "docUrl": "https://searchengineland-com.cdn.ampproject.org/c/searchengineland.com/hotel-ads-price-trends-275390/amp", "startTime": 9870.689682, "endTime": 9870.689766, "urlRecalcStyle": "load"}}
06-28 11:19:55.851 18037 18050 E WProf.db: {"Computation": {"type": "fireEvent", "code": "0xab419660", "docUrl": "https://searchengineland-com.cdn.ampproject.org/c/searchengineland.com/hotel-ads-price-trends-275390/amp", "startTime": 9870.689829, "endTime": 9870.690262, "urlRecalcStyle": "load"}}
06-28 11:19:55.851 18037 18050 E WProf.db: {"Computation": {"type": "layout", "code": "0xab419660", "docUrl": "https://searchengineland-com.cdn.ampproject.org/c/searchengineland.com/hotel-ads-price-trends-275390/amp", "startTime": 9870.766215, "endTime": 9870.767330, "urlRecalcStyle": ""}}
06-28 11:19:55.851 18037 18050 E WProf.db: {"Computation": {"type": "execScript", "code": "0x9eafd6d0", "docUrl": "https://d-38378387364141037197.ampproject.net/1498506512561/frame.html", "startTime": 9870.816883, "endTime": -1.000000, "urlRecalcStyle": "https://3p.ampproject.net/1498506512561/f.js"}}
06-28 11:19:55.851 18037 18050 E WProf.db: {"Computation": {"type": "execScript", "code": "0x9eafd6d0", "docUrl": "https://d-38378387364141037197.ampproject.net/1498506512561/frame.html", "startTime": 9871.190210, "endTime": 9871.275750, "urlRecalcStyle": "https://3p.ampproject.net/1498506512561/f.js"}}
06-28 11:19:55.851 18037 18050 E WProf.db: {"Computation": {"type": "execScript", "code": "0x9d316330", "docUrl": "https://d-38378387364141037197.ampproject.net/1498506512561/frame.html", "startTime": 9871.278240, "endTime": 9871.312352, "urlRecalcStyle": ""}}
06-28 11:19:55.851 18037 18050 E WProf.db: {"Computation": {"type": "execScript", "code": "0x9d3160c0", "docUrl": "https://d-38378387364141037197.ampproject.net/1498506512561/frame.html", "startTime": 9871.313602, "endTime": 9871.313851, "urlRecalcStyle": ""}}
06-28 11:19:55.852 18037 18050 E WProf.db: {"Computation": {"type": "fireEvent", "code": "0x9eafbe10", "docUrl": "https://d-38378387364141037197.ampproject.net/1498506512561/frame.html", "startTime": 9871.315187, "endTime": 9871.315235, "urlRecalcStyle": "DOMContentLoaded"}}
06-28 11:19:55.852 18037 18050 E WProf.db: {"Computation": {"type": "fireEvent", "code": "0x9eafbe10", "docUrl": "https://d-38378387364141037197.ampproject.net/1498506512561/frame.html", "startTime": 9871.315288, "endTime": 9871.315428, "urlRecalcStyle": "DOMContentLoaded"}}
06-28 11:19:55.852 18037 18050 E WProf.db: {"Computation": {"type": "layout", "code": "0x9eafbe10", "docUrl": "https://d-38378387364141037197.ampproject.net/1498506512561/frame.html", "startTime": 9871.319517, "endTime": 9871.320123, "urlRecalcStyle": ""}}
06-28 11:19:55.852 18037 18050 E WProf.db: {"Computation": {"type": "layout", "code": "0x9eafbe10", "docUrl": "https://d-38378387364141037197.ampproject.net/1498506512561/frame.html", "startTime": 9871.368808, "endTime": 9871.369747, "urlRecalcStyle": ""}}
06-28 11:19:55.852 18037 18050 E WProf.db: {"Computation": {"type": "layout", "code": "0x9eafbe10", "docUrl": "https://d-38378387364141037197.ampproject.net/1498506512561/frame.html", "startTime": 9871.375889, "endTime": 9871.376815, "urlRecalcStyle": ""}}
06-28 11:19:55.852 18037 18050 E WProf.db: {"Computation": {"type": "execScript", "code": "0x9eafbe10", "docUrl": "https://d-38378387364141037197.ampproject.net/1498506512561/frame.html", "startTime": 9871.377045, "endTime": 9871.594871, "urlRecalcStyle": "https://platform.twitter.com/widgets.js"}}
06-28 11:19:55.852 18037 18050 E WProf.db: {"Computation": {"type": "fireEvent", "code": "0x9eafbe10", "docUrl": "https://d-38378387364141037197.ampproject.net/1498506512561/frame.html", "startTime": 9871.594978, "endTime": 9871.595088, "urlRecalcStyle": "load"}}
06-28 11:19:55.853 18037 18050 E WProf.db: {"Computation": {"type": "fireEvent", "code": "0x9eafbe10", "docUrl": "https://d-38378387364141037197.ampproject.net/1498506512561/frame.html", "startTime": 9871.595170, "endTime": 9871.612372, "urlRecalcStyle": "load"}}
06-28 11:19:55.853 18037 18050 E WProf.db: {"Computation": {"type": "execScript", "code": "0x9eafbe10", "docUrl": "https://d-38378387364141037197.ampproject.net/1498506512561/frame.html", "startTime": 9871.732478, "endTime": 9871.810410, "urlRecalcStyle": "https://platform.twitter.com/js/tweet.6352a9eebf6f1aa3bcc0a57d66d2a72d.js"}}
06-28 11:19:55.853 18037 18050 E WProf.db: {"Computation": {"type": "fireEvent", "code": "0x9eafbe10", "docUrl": "https://d-38378387364141037197.ampproject.net/1498506512561/frame.html", "startTime": 9871.810512, "endTime": 9871.810581, "urlRecalcStyle": "load"}}
06-28 11:19:55.853 18037 18050 E WProf.db: {"Computation": {"type": "fireEvent", "code": "0x9eafbe10", "docUrl": "https://d-38378387364141037197.ampproject.net/1498506512561/frame.html", "startTime": 9871.810649, "endTime": 9871.810719, "urlRecalcStyle": "load"}}
06-28 11:19:55.853 18037 18050 E WProf.db: {"Computation": {"type": "fireEvent", "code": "0x9eafbe10", "docUrl": "https://d-38378387364141037197.ampproject.net/1498506512561/frame.html", "startTime": 9871.817581, "endTime": 9871.817631, "urlRecalcStyle": "DOMContentLoaded"}}
06-28 11:19:55.853 18037 18050 E WProf.db: {"Computation": {"type": "fireEvent", "code": "0x9eafbe10", "docUrl": "https://d-38378387364141037197.ampproject.net/1498506512561/frame.html", "startTime": 9871.817682, "endTime": 9871.817732, "urlRecalcStyle": "DOMContentLoaded"}}
06-28 11:19:55.853 18037 18050 E WProf.db: {"Computation": {"type": "fireEvent", "code": "0x9eafbe10", "docUrl": "https://d-38378387364141037197.ampproject.net/1498506512561/frame.html", "startTime": 9871.840552, "endTime": 9871.840613, "urlRecalcStyle": "DOMContentLoaded"}}
06-28 11:19:55.853 18037 18050 E WProf.db: {"Computation": {"type": "fireEvent", "code": "0x9eafbe10", "docUrl": "https://d-38378387364141037197.ampproject.net/1498506512561/frame.html", "startTime": 9871.840678, "endTime": 9871.840737, "urlRecalcStyle": "DOMContentLoaded"}}
06-28 11:19:55.853 18037 18050 E WProf.db: {"Computation": {"type": "fireEvent", "code": "0x9eafbe10", "docUrl": "https://d-38378387364141037197.ampproject.net/1498506512561/frame.html", "startTime": 9871.843112, "endTime": 9871.843158, "urlRecalcStyle": "load"}}
06-28 11:19:55.853 18037 18050 E WProf.db: {"Computation": {"type": "fireEvent", "code": "0x9eafbe10", "docUrl": "https://d-38378387364141037197.ampproject.net/1498506512561/frame.html", "startTime": 9871.843224, "endTime": 9871.843275, "urlRecalcStyle": "load"}}
06-28 11:19:55.853 18037 18050 E WProf.db: {"Computation": {"type": "fireEvent", "code": "0x9eafbe10", "docUrl": "https://d-38378387364141037197.ampproject.net/1498506512561/frame.html", "startTime": 9871.843331, "endTime": 9871.844149, "urlRecalcStyle": "load"}}
06-28 11:19:55.853 18037 18050 E WProf.db: {"Computation": {"type": "fireEvent", "code": "0x9eafbe10", "docUrl": "https://d-38378387364141037197.ampproject.net/1498506512561/frame.html", "startTime": 9871.846864, "endTime": 9871.846914, "urlRecalcStyle": "DOMContentLoaded"}}
06-28 11:19:55.853 18037 18050 E WProf.db: {"Computation": {"type": "fireEvent", "code": "0x9eafbe10", "docUrl": "https://d-38378387364141037197.ampproject.net/1498506512561/frame.html", "startTime": 9871.846966, "endTime": 9871.847011, "urlRecalcStyle": "DOMContentLoaded"}}
06-28 11:19:55.853 18037 18050 E WProf.db: {"Computation": {"type": "fireEvent", "code": "0x9eafbe10", "docUrl": "https://d-38378387364141037197.ampproject.net/1498506512561/frame.html", "startTime": 9871.862786, "endTime": 9871.862833, "urlRecalcStyle": "DOMContentLoaded"}}
06-28 11:19:55.853 18037 18050 E WProf.db: {"Computation": {"type": "fireEvent", "code": "0x9eafbe10", "docUrl": "https://d-38378387364141037197.ampproject.net/1498506512561/frame.html", "startTime": 9871.862888, "endTime": 9871.862937, "urlRecalcStyle": "DOMContentLoaded"}}
06-28 11:19:55.854 18037 18050 E WProf.db: {"Computation": {"type": "fireEvent", "code": "0x9eafbe10", "docUrl": "https://d-38378387364141037197.ampproject.net/1498506512561/frame.html", "startTime": 9871.864877, "endTime": 9871.864944, "urlRecalcStyle": "load"}}
06-28 11:19:55.854 18037 18050 E WProf.db: {"Computation": {"type": "fireEvent", "code": "0x9eafbe10", "docUrl": "https://d-38378387364141037197.ampproject.net/1498506512561/frame.html", "startTime": 9871.865021, "endTime": 9871.865066, "urlRecalcStyle": "load"}}
06-28 11:19:55.854 18037 18050 E WProf.db: {"Computation": {"type": "fireEvent", "code": "0x9eafbe10", "docUrl": "https://d-38378387364141037197.ampproject.net/1498506512561/frame.html", "startTime": 9871.865116, "endTime": 9871.865439, "urlRecalcStyle": "load"}}
06-28 11:19:55.854 18037 18050 E WProf.db: {"Computation": {"type": "layout", "code": "0x9eafbe10", "docUrl": "https://d-38378387364141037197.ampproject.net/1498506512561/frame.html", "startTime": 9871.988635, "endTime": 9871.989136, "urlRecalcStyle": ""}}
06-28 11:19:55.854 18037 18050 E WProf.db: {"Computation": {"type": "layout", "code": "0x9eafbe10", "docUrl": "https://d-38378387364141037197.ampproject.net/1498506512561/frame.html", "startTime": 9871.988924, "endTime": 9871.989076, "urlRecalcStyle": ""}}
06-28 11:19:55.854 18037 18050 E WProf.db: {"Computation": {"type": "layout", "code": "0x9eafbe10", "docUrl": "https://d-38378387364141037197.ampproject.net/1498506512561/frame.html", "startTime": 9871.989085, "endTime": 9871.989127, "urlRecalcStyle": ""}}
06-28 11:19:55.854 18037 18050 E WProf.db: {"Computation": {"type": "fireEvent", "code": "0x9eafbe10", "docUrl": "https://d-38378387364141037197.ampproject.net/1498506512561/frame.html", "startTime": 9871.992092, "endTime": 9871.992140, "urlRecalcStyle": "load"}}
06-28 11:19:55.855 18037 18050 E WProf.db: {"Computation": {"type": "execScript", "code": "0x9eafbe10", "docUrl": "https://d-38378387364141037197.ampproject.net/1498506512561/frame.html", "startTime": 9871.992202, "endTime": 9871.998658, "urlRecalcStyle": "https://cdn.ampproject.org/rtv/011498506512561/v0/amp-crypto-polyfill-0.1.js"}}
06-28 11:19:55.855 18037 18050 E WProf.db: {"Computation": {"type": "fireEvent", "code": "0x9eafbe10", "docUrl": "https://d-38378387364141037197.ampproject.net/1498506512561/frame.html", "startTime": 9871.998768, "endTime": 9871.998823, "urlRecalcStyle": "load"}}
06-28 11:19:55.855 18037 18050 E WProf.db: {"Computation": {"type": "fireEvent", "code": "0x9eafbe10", "docUrl": "https://d-38378387364141037197.ampproject.net/1498506512561/frame.html", "startTime": 9871.998877, "endTime": 9871.998926, "urlRecalcStyle": "load"}}
06-28 11:19:55.855 18037 18050 E WProf.db: {"Computation": {"type": "layout", "code": "0x9eafbe10", "docUrl": "https://d-38378387364141037197.ampproject.net/1498506512561/frame.html", "startTime": 9872.074224, "endTime": 9872.074367, "urlRecalcStyle": ""}}
06-28 11:19:55.855 18037 18050 E WProf.db: {"Computation": {"type": "fireEvent", "code": "0x9eafbe10", "docUrl": "https://d-38378387364141037197.ampproject.net/1498506512561/frame.html", "startTime": 9872.079037, "endTime": 9872.079388, "urlRecalcStyle": "load"}}
06-28 11:19:55.855 18037 18050 E WProf.db: {"Computation": {"type": "fireEvent", "code": "0x9eafbe10", "docUrl": "https://d-38378387364141037197.ampproject.net/1498506512561/frame.html", "startTime": 9872.079511, "endTime": 9872.079576, "urlRecalcStyle": "load"}}
06-28 11:19:55.856 18037 18050 E WProf.db: {"Computation": {"type": "layout", "code": "0x9eafbe10", "docUrl": "https://d-38378387364141037197.ampproject.net/1498506512561/frame.html", "startTime": 9872.079828, "endTime": 9872.080447, "urlRecalcStyle": ""}}
06-28 11:19:55.856 18037 18050 E WProf.db: {"Computation": {"type": "execScript", "code": "0x9eafbe10", "docUrl": "https://d-38378387364141037197.ampproject.net/1498506512561/frame.html", "startTime": 9872.631711, "endTime": 9872.738516, "urlRecalcStyle": "https://cdn.syndication.twimg.com/tweets.json?callback=__twttr.callbacks.cb0&ids=865334115977097217&lang=en&suppress_response_codes=true"}}
06-28 11:19:55.856 18037 18050 E WProf.db: {"Computation": {"type": "fireEvent", "code": "0xaa190a80", "docUrl": "about:blank", "startTime": 9872.738617, "endTime": 9872.739159, "urlRecalcStyle": "load"}}
06-28 11:19:55.856 18037 18050 E WProf.db: {"Computation": {"type": "layout", "code": "0xaa190a80", "docUrl": "about:blank", "startTime": 9872.745608, "endTime": 9872.746225, "urlRecalcStyle": ""}}
06-28 11:19:55.856 18037 18050 E WProf.db: {"Computation": {"type": "layout", "code": "0xaa190a80", "docUrl": "about:blank", "startTime": 9872.746062, "endTime": 9872.746211, "urlRecalcStyle": ""}}
06-28 11:19:55.856 18037 18050 E WProf.db: {"Computation": {"type": "recalcStyle", "code": "0xaa190a80", "docUrl": "about:blank", "startTime": 9872.771509, "endTime": 9872.796150, "urlRecalcStyle": "https://platform.twitter.com/css/tweet.617c78967784cf8638fa20f3423757ac.light.ltr.css"}}
06-28 11:19:55.856 17971 18017 E chromium: [ERROR:gles2_cmd_decoder.cc(3852)] [.ChromiumCompositor-0xacbb2fc0]GL ERROR :GL_INVALID_ENUM : glDiscardFramebufferEXT: attachments was GL_COLOR_EXT
06-28 11:19:55.856 18037 18050 E WProf.db: {"Computation": {"type": "fireEvent", "code": "0xaa190a80", "docUrl": "about:blank", "startTime": 9872.800669, "endTime": 9872.800733, "urlRecalcStyle": "load"}}
06-28 11:19:55.856 18037 18050 E WProf.db: {"Computation": {"type": "fireEvent", "code": "0xaa190a80", "docUrl": "about:blank", "startTime": 9872.800803, "endTime": 9872.831611, "urlRecalcStyle": "load"}}
06-28 11:19:55.856 18037 18050 E WProf.db: {"Computation": {"type": "fireEvent", "code": "0xaa190a80", "docUrl": "about:blank", "startTime": 9872.833246, "endTime": 9872.834081, "urlRecalcStyle": "load"}}
06-28 11:19:55.856 18037 18050 E WProf.db: {"Computation": {"type": "fireEvent", "code": "0xaa190a80", "docUrl": "about:blank", "startTime": 9872.834765, "endTime": 9872.834879, "urlRecalcStyle": "load"}}
06-28 11:19:55.856 18037 18050 E WProf.db: {"Computation": {"type": "fireEvent", "code": "0xaa190a80", "docUrl": "about:blank", "startTime": 9872.834992, "endTime": 9872.835113, "urlRecalcStyle": "load"}}
06-28 11:19:55.857 18037 18050 E WProf.db: {"Computation": {"type": "fireEvent", "code": "0xaa190a80", "docUrl": "about:blank", "startTime": 9872.835232, "endTime": 9872.836228, "urlRecalcStyle": "load"}}
06-28 11:19:55.857 18037 18050 E WProf.db: {"Complete": "searchengineland-com.cdn.ampproject.org_c_searchengineland.com_hotel-ads-price-trends-275390_amp"}
06-28 11:19:55.872 17971 18017 E chromium: [ERROR:gles2_cmd_decoder.cc(3852)] [.ChromiumCompositor-0xacbb2fc0]GL ERROR :GL_INVALID_ENUM : glDiscardFramebufferEXT: attachments was GL_COLOR_EXT
06-28 11:19:55.895 17971 18017 E chromium: [ERROR:gles2_cmd_decoder.cc(3852)] [.ChromiumCompositor-0xacbb2fc0]GL ERROR :GL_INVALID_ENUM : glDiscardFramebufferEXT: attachments was GL_COLOR_EXT
06-28 11:19:55.906 17971 18017 E chromium: [ERROR:gles2_cmd_decoder.cc(3852)] [.ChromiumCompositor-0xacbb2fc0]GL ERROR :GL_INVALID_ENUM : glDiscardFramebufferEXT: attachments was GL_COLOR_EXT
06-28 11:19:55.919 17971 18017 E chromium: [ERROR:gles2_cmd_decoder.cc(3852)] [.ChromiumCompositor-0xacbb2fc0]GL ERROR :GL_INVALID_ENUM : glDiscardFramebufferEXT: attachments was GL_COLOR_EXT
06-28 11:19:55.935 17971 18017 E chromium: [ERROR:gles2_cmd_decoder.cc(3852)] [.ChromiumCompositor-0xacbb2fc0]GL ERROR :GL_INVALID_ENUM : glDiscardFramebufferEXT: attachments was GL_COLOR_EXT
06-28 11:19:55.952 17971 18017 E chromium: [ERROR:gles2_cmd_decoder.cc(3852)] [.ChromiumCompositor-0xacbb2fc0]GL ERROR :GL_INVALID_ENUM : glDiscardFramebufferEXT: attachments was GL_COLOR_EXT
06-28 11:19:55.968 17971 18017 E chromium: [ERROR:gles2_cmd_decoder.cc(3852)] [.ChromiumCompositor-0xacbb2fc0]GL ERROR :GL_INVALID_ENUM : glDiscardFramebufferEXT: attachments was GL_COLOR_EXT
06-28 11:19:55.985 17971 18017 E chromium: [ERROR:gles2_cmd_decoder.cc(3852)] [.ChromiumCompositor-0xacbb2fc0]GL ERROR :GL_INVALID_ENUM : glDiscardFramebufferEXT: attachments was GL_COLOR_EXT
06-28 11:19:56.002 17971 18017 E chromium: [ERROR:gles2_cmd_decoder.cc(3852)] [.ChromiumCompositor-0xacbb2fc0]GL ERROR :GL_INVALID_ENUM : glDiscardFramebufferEXT: attachments was GL_COLOR_EXT
06-28 11:19:56.020 17971 18017 E chromium: [ERROR:gles2_cmd_decoder.cc(3852)] [.ChromiumCompositor-0xacbb2fc0]GL ERROR :GL_INVALID_ENUM : glDiscardFramebufferEXT: attachments was GL_COLOR_EXT
06-28 11:19:56.037 17971 18017 E chromium: [ERROR:gles2_cmd_decoder.cc(3852)] [.ChromiumCompositor-0xacbb2fc0]GL ERROR :GL_INVALID_ENUM : glDiscardFramebufferEXT: attachments was GL_COLOR_EXT
06-28 11:19:56.054 17971 18017 E chromium: [ERROR:gles2_cmd_decoder.cc(3852)] [.ChromiumCompositor-0xacbb2fc0]GL ERROR :GL_INVALID_ENUM : glDiscardFramebufferEXT: attachments was GL_COLOR_EXT
06-28 11:19:56.078 17971 18017 E chromium: [ERROR:gles2_cmd_decoder.cc(3852)] [.ChromiumCompositor-0xacbb2fc0]GL ERROR :GL_INVALID_ENUM : glDiscardFramebufferEXT: attachments was GL_COLOR_EXT
06-28 11:19:56.115 17971 18017 E chromium: [ERROR:gles2_cmd_decoder.cc(3852)] [.ChromiumCompositor-0xacbb2fc0]GL ERROR :GL_INVALID_ENUM : glDiscardFramebufferEXT: attachments was GL_COLOR_EXT
06-28 11:19:56.123 17971 18017 E chromium: [ERROR:gles2_cmd_decoder.cc(3852)] [.ChromiumCompositor-0xacbb2fc0]GL ERROR :GL_INVALID_ENUM : glDiscardFramebufferEXT: attachments was GL_COLOR_EXT
06-28 11:19:56.138 17971 18017 E chromium: [ERROR:gles2_cmd_decoder.cc(3852)] [.ChromiumCompositor-0xacbb2fc0]GL ERROR :GL_INVALID_ENUM : glDiscardFramebufferEXT: attachments was GL_COLOR_EXT
06-28 11:19:56.155 17971 18017 E chromium: [ERROR:gles2_cmd_decoder.cc(3852)] [.ChromiumCompositor-0xacbb2fc0]GL ERROR :GL_INVALID_ENUM : glDiscardFramebufferEXT: attachments was GL_COLOR_EXT
06-28 11:19:56.171 17971 18017 E chromium: [ERROR:gles2_cmd_decoder.cc(3852)] [.ChromiumCompositor-0xacbb2fc0]GL ERROR :GL_INVALID_ENUM : glDiscardFramebufferEXT: attachments was GL_COLOR_EXT
06-28 11:19:56.186 17971 18017 E chromium: [ERROR:gles2_cmd_decoder.cc(3852)] [.ChromiumCompositor-0xacbb2fc0]GL ERROR :GL_INVALID_ENUM : glDiscardFramebufferEXT: attachments was GL_COLOR_EXT
06-28 11:19:56.204 17971 18017 E chromium: [ERROR:gles2_cmd_decoder.cc(3852)] [.ChromiumCompositor-0xacbb2fc0]GL ERROR :GL_INVALID_ENUM : glDiscardFramebufferEXT: attachments was GL_COLOR_EXT
06-28 11:19:56.221 17971 18017 E chromium: [ERROR:gles2_cmd_decoder.cc(3852)] [.ChromiumCompositor-0xacbb2fc0]GL ERROR :GL_INVALID_ENUM : glDiscardFramebufferEXT: attachments was GL_COLOR_EXT
06-28 11:19:56.240 17971 18017 E chromium: [ERROR:gles2_cmd_decoder.cc(3852)] [.ChromiumCompositor-0xacbb2fc0]GL ERROR :GL_INVALID_ENUM : glDiscardFramebufferEXT: attachments was GL_COLOR_EXT
06-28 11:19:56.278 17971 18017 E chromium: [ERROR:gles2_cmd_decoder.cc(3852)] [.ChromiumCompositor-0xacbb2fc0]GL ERROR :GL_INVALID_ENUM : glDiscardFramebufferEXT: attachments was GL_COLOR_EXT
06-28 11:19:56.285 17971 18017 E chromium: [ERROR:gles2_cmd_decoder.cc(3852)] [.ChromiumCompositor-0xacbb2fc0]GL ERROR :GL_INVALID_ENUM : glDiscardFramebufferEXT: attachments was GL_COLOR_EXT
06-28 11:19:56.289 17971 18017 E chromium: [ERROR:gles2_cmd_decoder.cc(3852)] [.ChromiumCompositor-0xacbb2fc0]GL ERROR :GL_INVALID_ENUM : glDiscardFramebufferEXT: attachments was GL_COLOR_EXT
06-28 11:19:56.305 17971 18017 E chromium: [ERROR:gles2_cmd_decoder.cc(3852)] [.ChromiumCompositor-0xacbb2fc0]GL ERROR :GL_INVALID_ENUM : glDiscardFramebufferEXT: attachments was GL_COLOR_EXT
06-28 11:19:56.324 17971 18017 E chromium: [ERROR:gles2_cmd_decoder.cc(3852)] [.ChromiumCompositor-0xacbb2fc0]GL ERROR :GL_INVALID_ENUM : glDiscardFramebufferEXT: attachments was GL_COLOR_EXT
06-28 11:19:56.339 17971 18017 E chromium: [ERROR:gles2_cmd_decoder.cc(3852)] [.ChromiumCompositor-0xacbb2fc0]GL ERROR :GL_INVALID_ENUM : glDiscardFramebufferEXT: attachments was GL_COLOR_EXT
06-28 11:19:56.355 17971 18017 E chromium: [ERROR:gles2_cmd_decoder.cc(3852)] [.ChromiumCompositor-0xacbb2fc0]GL ERROR :GL_INVALID_ENUM : glDiscardFramebufferEXT: attachments was GL_COLOR_EXT
06-28 11:19:56.374 17971 18017 E chromium: [ERROR:gles2_cmd_decoder.cc(3852)] [.ChromiumCompositor-0xacbb2fc0]GL ERROR :GL_INVALID_ENUM : glDiscardFramebufferEXT: attachments was GL_COLOR_EXT
06-28 11:19:56.409 17971 18017 E chromium: [ERROR:gles2_cmd_decoder.cc(3852)] [.ChromiumCompositor-0xacbb2fc0]GL ERROR :GL_INVALID_ENUM : glDiscardFramebufferEXT: attachments was GL_COLOR_EXT
06-28 11:19:56.428 17971 18017 E chromium: [ERROR:gles2_cmd_decoder.cc(3852)] [.ChromiumCompositor-0xacbb2fc0]GL ERROR :GL_INVALID_ENUM : glDiscardFramebufferEXT: attachments was GL_COLOR_EXT
06-28 11:19:56.438 17971 18017 E chromium: [ERROR:gles2_cmd_decoder.cc(3852)] [.ChromiumCompositor-0xacbb2fc0]GL ERROR :GL_INVALID_ENUM : glDiscardFramebufferEXT: attachments was GL_COLOR_EXT
06-28 11:19:56.451 18037 18050 E WPROF   : {"Javascript": {"url": "https://securepubads.g.doubleclick.net/static/glade.js", "requestTime": 9873.507123}}
06-28 11:19:56.455 17971 18017 E chromium: [ERROR:gles2_cmd_decoder.cc(3852)] [.ChromiumCompositor-0xacbb2fc0]GL ERROR :GL_INVALID_ENUM : glDiscardFramebufferEXT: attachments was GL_COLOR_EXT
06-28 11:19:56.471 17971 18017 E chromium: [ERROR:gles2_cmd_decoder.cc(3852)] [.ChromiumCompositor-0xacbb2fc0]GL ERROR :GL_INVALID_ENUM : glDiscardFramebufferEXT: attachments was GL_COLOR_EXT
06-28 11:19:56.493 17971 18017 E chromium: [ERROR:gles2_cmd_decoder.cc(3852)] [.ChromiumCompositor-0xacbb2fc0]GL ERROR :GL_INVALID_ENUM : glDiscardFramebufferEXT: attachments was GL_COLOR_EXT
06-28 11:19:56.506 17971 18017 E chromium: [ERROR:gles2_cmd_decoder.cc(3852)] [.ChromiumCompositor-0xacbb2fc0]GL ERROR :GL_INVALID_ENUM : glDiscardFramebufferEXT: attachments was GL_COLOR_EXT
06-28 11:19:56.524 17971 18017 E chromium: [ERROR:gles2_cmd_decoder.cc(3852)] [.ChromiumCompositor-0xacbb2fc0]GL ERROR :GL_INVALID_ENUM : glDiscardFramebufferEXT: attachments was GL_COLOR_EXT
06-28 11:19:56.540 17971 18017 E chromium: [ERROR:gles2_cmd_decoder.cc(3852)] [.ChromiumCompositor-0xacbb2fc0]GL ERROR :GL_INVALID_ENUM : glDiscardFramebufferEXT: attachments was GL_COLOR_EXT
06-28 11:19:56.555 17971 18017 E chromium: [ERROR:gles2_cmd_decoder.cc(3852)] [.ChromiumCompositor-0xacbb2fc0]GL ERROR :GL_INVALID_ENUM : glDiscardFramebufferEXT: attachments was GL_COLOR_EXT
06-28 11:19:56.573 17971 18017 E chromium: [ERROR:gles2_cmd_decoder.cc(3852)] [.ChromiumCompositor-0xacbb2fc0]GL ERROR :GL_INVALID_ENUM : glDiscardFramebufferEXT: attachments was GL_COLOR_EXT
06-28 11:19:56.589 17971 18017 E chromium: [ERROR:gles2_cmd_decoder.cc(3852)] [.ChromiumCompositor-0xacbb2fc0]GL ERROR :GL_INVALID_ENUM : glDiscardFramebufferEXT: attachments was GL_COLOR_EXT
06-28 11:19:56.606 17971 18017 E chromium: [ERROR:gles2_cmd_decoder.cc(3852)] [.ChromiumCompositor-0xacbb2fc0]GL ERROR :GL_INVALID_ENUM : glDiscardFramebufferEXT: attachments was GL_COLOR_EXT
06-28 11:19:56.623 17971 18017 E chromium: [ERROR:gles2_cmd_decoder.cc(3852)] [.ChromiumCompositor-0xacbb2fc0]GL ERROR :GL_INVALID_ENUM : glDiscardFramebufferEXT: attachments was GL_COLOR_EXT
06-28 11:19:56.640 17971 18017 E chromium: [ERROR:gles2_cmd_decoder.cc(3852)] [.ChromiumCompositor-0xacbb2fc0]GL ERROR :GL_INVALID_ENUM : glDiscardFramebufferEXT: attachments was GL_COLOR_EXT
06-28 11:19:56.657 17971 18017 E chromium: [ERROR:gles2_cmd_decoder.cc(3852)] [.ChromiumCompositor-0xacbb2fc0]GL ERROR :GL_INVALID_ENUM : glDiscardFramebufferEXT: attachments was GL_COLOR_EXT
06-28 11:19:56.673 17971 18017 E chromium: [ERROR:gles2_cmd_decoder.cc(3852)] [.ChromiumCompositor-0xacbb2fc0]GL ERROR :GL_INVALID_ENUM : glDiscardFramebufferEXT: attachments was GL_COLOR_EXT
06-28 11:19:56.690 17971 18017 E chromium: [ERROR:gles2_cmd_decoder.cc(3852)] [.ChromiumCompositor-0xacbb2fc0]GL ERROR :GL_INVALID_ENUM : glDiscardFramebufferEXT: attachments was GL_COLOR_EXT
06-28 11:19:56.707 17971 18017 E chromium: [ERROR:gles2_cmd_decoder.cc(3852)] [.ChromiumCompositor-0xacbb2fc0]GL ERROR :GL_INVALID_ENUM : glDiscardFramebufferEXT: attachments was GL_COLOR_EXT
06-28 11:19:56.723 17971 18017 E chromium: [ERROR:gles2_cmd_decoder.cc(3852)] [.ChromiumCompositor-0xacbb2fc0]GL ERROR :GL_INVALID_ENUM : glDiscardFramebufferEXT: attachments was GL_COLOR_EXT
06-28 11:19:56.741 17971 18017 E chromium: [ERROR:gles2_cmd_decoder.cc(3852)] [.ChromiumCompositor-0xacbb2fc0]GL ERROR :GL_INVALID_ENUM : glDiscardFramebufferEXT: attachments was GL_COLOR_EXT
06-28 11:19:56.765 17971 18017 E chromium: [ERROR:gles2_cmd_decoder.cc(3852)] [.ChromiumCompositor-0xacbb2fc0]GL ERROR :GL_INVALID_ENUM : glDiscardFramebufferEXT: attachments was GL_COLOR_EXT
06-28 11:19:56.800 17971 18017 E chromium: [ERROR:gles2_cmd_decoder.cc(3852)] [.ChromiumCompositor-0xacbb2fc0]GL ERROR :GL_INVALID_ENUM : glDiscardFramebufferEXT: attachments was GL_COLOR_EXT
06-28 11:19:56.814 17971 18017 E chromium: [ERROR:gles2_cmd_decoder.cc(3852)] [.ChromiumCompositor-0xacbb2fc0]GL ERROR :GL_INVALID_ENUM : glDiscardFramebufferEXT: attachments was GL_COLOR_EXT
06-28 11:19:56.829 17971 18017 E chromium: [ERROR:gles2_cmd_decoder.cc(3852)] [.ChromiumCompositor-0xacbb2fc0]GL ERROR :GL_INVALID_ENUM : glDiscardFramebufferEXT: attachments was GL_COLOR_EXT
06-28 11:19:56.843 17971 18017 E chromium: [ERROR:gles2_cmd_decoder.cc(3852)] [.ChromiumCompositor-0xacbb2fc0]GL ERROR :GL_INVALID_ENUM : glDiscardFramebufferEXT: attachments was GL_COLOR_EXT
06-28 11:19:56.860 18037 18050 E WPROF   : {"Javascript": {"url": "https://securepubads.g.doubleclick.net/static/glade/extra_25.js", "requestTime": 9873.915434}}
06-28 11:19:56.865 17971 18017 E chromium: [ERROR:gles2_cmd_decoder.cc(3852)] [.ChromiumCompositor-0xacbb2fc0]GL ERROR :GL_INVALID_ENUM : glDiscardFramebufferEXT: attachments was GL_COLOR_EXT
06-28 11:19:56.890 17971 18017 E chromium: [ERROR:gles2_cmd_decoder.cc(3852)] [.ChromiumCompositor-0xacbb2fc0]GL ERROR :GL_INVALID_ENUM : glDiscardFramebufferEXT: attachments was GL_COLOR_EXT
06-28 11:19:56.898 17971 18017 E chromium: [ERROR:gles2_cmd_decoder.cc(3852)] [.ChromiumCompositor-0xacbb2fc0]GL ERROR :GL_INVALID_ENUM : glDiscardFramebufferEXT: attachments was GL_COLOR_EXT
06-28 11:19:56.911 17971 18017 E chromium: [ERROR:gles2_cmd_decoder.cc(3852)] [.ChromiumCompositor-0xacbb2fc0]GL ERROR :GL_INVALID_ENUM : glDiscardFramebufferEXT: attachments was GL_COLOR_EXT
06-28 11:19:56.927 17971 18017 E chromium: [ERROR:gles2_cmd_decoder.cc(3852)] [.ChromiumCompositor-0xacbb2fc0]GL ERROR :GL_INVALID_ENUM : glDiscardFramebufferEXT: attachments was GL_COLOR_EXT
06-28 11:19:56.945 17971 18017 E chromium: [ERROR:gles2_cmd_decoder.cc(3852)] [.ChromiumCompositor-0xacbb2fc0]GL ERROR :GL_INVALID_ENUM : glDiscardFramebufferEXT: attachments was GL_COLOR_EXT
06-28 11:19:56.961 17971 18017 E chromium: [ERROR:gles2_cmd_decoder.cc(3852)] [.ChromiumCompositor-0xacbb2fc0]GL ERROR :GL_INVALID_ENUM : glDiscardFramebufferEXT: attachments was GL_COLOR_EXT
06-28 11:19:56.978 17971 18017 E chromium: [ERROR:gles2_cmd_decoder.cc(3852)] [.ChromiumCompositor-0xacbb2fc0]GL ERROR :GL_INVALID_ENUM : glDiscardFramebufferEXT: attachments was GL_COLOR_EXT
06-28 11:19:56.993 17971 18017 E chromium: [ERROR:gles2_cmd_decoder.cc(3852)] [.ChromiumCompositor-0xacbb2fc0]GL ERROR :GL_INVALID_ENUM : glDiscardFramebufferEXT: attachments was GL_COLOR_EXT
06-28 11:19:57.008 17971 18017 E chromium: [ERROR:gles2_cmd_decoder.cc(3852)] [.ChromiumCompositor-0xacbb2fc0]GL ERROR :GL_INVALID_ENUM : glDiscardFramebufferEXT: attachments was GL_COLOR_EXT
06-28 11:19:57.025 17971 18017 E chromium: [ERROR:gles2_cmd_decoder.cc(3852)] [.ChromiumCompositor-0xacbb2fc0]GL ERROR :GL_INVALID_ENUM : glDiscardFramebufferEXT: attachments was GL_COLOR_EXT
06-28 11:19:57.042 18037 18050 E WPROF   : {"Javascript": {"url": "https://tpc.googlesyndication.com/pagead/js/r20170619/r20110914/client/ext/m_window_focus_non_hydra.js", "requestTime": 9874.097351}}
06-28 11:19:57.044 18037 18050 E WPROF   : {"Javascript": {"url": "https://tpc.googlesyndication.com/pagead/js/r20170619/r20110914/activeview/osd_listener.js", "requestTime": 9874.099717}}
06-28 11:19:57.055 17971 18017 E chromium: [ERROR:gles2_cmd_decoder.cc(3852)] [.ChromiumCompositor-0xacbb2fc0]GL ERROR :GL_INVALID_ENUM : glDiscardFramebufferEXT: attachments was GL_COLOR_EXT
06-28 11:19:57.062 17971 18017 E chromium: [ERROR:gles2_cmd_decoder.cc(3852)] [.ChromiumCompositor-0xacbb2fc0]GL ERROR :GL_INVALID_ENUM : glDiscardFramebufferEXT: attachments was GL_COLOR_EXT
06-28 11:19:57.076 17971 18017 E chromium: [ERROR:gles2_cmd_decoder.cc(3852)] [.ChromiumCompositor-0xacbb2fc0]GL ERROR :GL_INVALID_ENUM : glDiscardFramebufferEXT: attachments was GL_COLOR_EXT
06-28 11:19:57.082 18037 18050 E WPROF   : {"Javascript": {"url": "https://pagead2.googlesyndication.com/pagead/osd.js", "requestTime": 9874.137660}}
06-28 11:19:57.091 17971 18017 E chromium: [ERROR:gles2_cmd_decoder.cc(3852)] [.ChromiumCompositor-0xacbb2fc0]GL ERROR :GL_INVALID_ENUM : glDiscardFramebufferEXT: attachments was GL_COLOR_EXT
06-28 11:19:57.109 17971 18017 E chromium: [ERROR:gles2_cmd_decoder.cc(3852)] [.ChromiumCompositor-0xacbb2fc0]GL ERROR :GL_INVALID_ENUM : glDiscardFramebufferEXT: attachments was GL_COLOR_EXT
06-28 11:19:57.126 17971 18017 E chromium: [ERROR:gles2_cmd_decoder.cc(3852)] [.ChromiumCompositor-0xacbb2fc0]GL ERROR :GL_INVALID_ENUM : glDiscardFramebufferEXT: attachments was GL_COLOR_EXT
06-28 11:19:57.141 17971 18017 E chromium: [ERROR:gles2_cmd_decoder.cc(3852)] [.ChromiumCompositor-0xacbb2fc0]GL ERROR :GL_INVALID_ENUM : glDiscardFramebufferEXT: attachments was GL_COLOR_EXT
06-28 11:19:57.158 17971 18017 E chromium: [ERROR:gles2_cmd_decoder.cc(3852)] [.ChromiumCompositor-0xacbb2fc0]GL ERROR :GL_INVALID_ENUM : glDiscardFramebufferEXT: attachments was GL_COLOR_EXT
06-28 11:19:57.175 17971 18017 E chromium: [ERROR:gles2_cmd_decoder.cc(3852)] [.ChromiumCompositor-0xacbb2fc0]GL ERROR :GL_INVALID_ENUM : glDiscardFramebufferEXT: attachments was GL_COLOR_EXT
06-28 11:19:57.197 17971 18017 E chromium: [ERROR:gles2_cmd_decoder.cc(3852)] [.ChromiumCompositor-0xacbb2fc0]GL ERROR :GL_INVALID_ENUM : glDiscardFramebufferEXT: attachments was GL_COLOR_EXT
06-28 11:19:57.221 17971 18017 E chromium: [ERROR:gles2_cmd_decoder.cc(3852)] [.ChromiumCompositor-0xacbb2fc0]GL ERROR :GL_INVALID_ENUM : glDiscardFramebufferEXT: attachments was GL_COLOR_EXT
06-28 11:19:57.231 17971 18017 E chromium: [ERROR:gles2_cmd_decoder.cc(3852)] [.ChromiumCompositor-0xacbb2fc0]GL ERROR :GL_INVALID_ENUM : glDiscardFramebufferEXT: attachments was GL_COLOR_EXT
06-28 11:19:57.246 17971 18017 E chromium: [ERROR:gles2_cmd_decoder.cc(3852)] [.ChromiumCompositor-0xacbb2fc0]GL ERROR :GL_INVALID_ENUM : glDiscardFramebufferEXT: attachments was GL_COLOR_EXT
06-28 11:19:57.290 17971 18017 E chromium: [ERROR:gles2_cmd_decoder.cc(3852)] [.ChromiumCompositor-0xacbb2fc0]GL ERROR :GL_INVALID_ENUM : glDiscardFramebufferEXT: attachments was GL_COLOR_EXT
06-28 11:19:57.310 17971 18017 E chromium: [ERROR:gles2_cmd_decoder.cc(3852)] [.ChromiumCompositor-0xacbb2fc0]GL ERROR :GL_INVALID_ENUM : glDiscardFramebufferEXT: attachments was GL_COLOR_EXT
06-28 11:19:57.326 17971 18017 E chromium: [ERROR:gles2_cmd_decoder.cc(3852)] [.ChromiumCompositor-0xacbb2fc0]GL ERROR :GL_INVALID_ENUM : glDiscardFramebufferEXT: attachments was GL_COLOR_EXT
06-28 11:19:57.347 17971 18017 E chromium: [ERROR:gles2_cmd_decoder.cc(3852)] [.ChromiumCompositor-0xacbb2fc0]GL ERROR :GL_INVALID_ENUM : glDiscardFramebufferEXT: attachments was GL_COLOR_EXT
06-28 11:19:57.363 17971 18017 E chromium: [ERROR:gles2_cmd_decoder.cc(3852)] [.ChromiumCompositor-0xacbb2fc0]GL ERROR :GL_INVALID_ENUM : glDiscardFramebufferEXT: attachments was GL_COLOR_EXT
06-28 11:19:57.378 17971 18017 E chromium: [ERROR:gles2_cmd_decoder.cc(3852)] [.ChromiumCompositor-0xacbb2fc0]GL ERROR :GL_INVALID_ENUM : glDiscardFramebufferEXT: attachments was GL_COLOR_EXT
06-28 11:19:57.395 17971 18017 E chromium: [ERROR:gles2_cmd_decoder.cc(3852)] [.ChromiumCompositor-0xacbb2fc0]GL ERROR :GL_INVALID_ENUM : glDiscardFramebufferEXT: attachments was GL_COLOR_EXT
06-28 11:19:57.419 17971 18017 E chromium: [ERROR:gles2_cmd_decoder.cc(3852)] [.ChromiumCompositor-0xacbb2fc0]GL ERROR :GL_INVALID_ENUM : glDiscardFramebufferEXT: attachments was GL_COLOR_EXT
06-28 11:19:57.428 17971 18017 E chromium: [ERROR:gles2_cmd_decoder.cc(3852)] [.ChromiumCompositor-0xacbb2fc0]GL ERROR :GL_INVALID_ENUM : glDiscardFramebufferEXT: attachments was GL_COLOR_EXT
06-28 11:19:57.443 17971 18017 E chromium: [ERROR:gles2_cmd_decoder.cc(3852)] [.ChromiumCompositor-0xacbb2fc0]GL ERROR :GL_INVALID_ENUM : glDiscardFramebufferEXT: attachments was GL_COLOR_EXT
06-28 11:19:57.460 17971 18017 E chromium: [ERROR:gles2_cmd_decoder.cc(3852)] [.ChromiumCompositor-0xacbb2fc0]GL ERROR :GL_INVALID_ENUM : glDiscardFramebufferEXT: attachments was GL_COLOR_EXT
06-28 11:19:57.478 17971 18017 E chromium: [ERROR:gles2_cmd_decoder.cc(3852)] [.ChromiumCompositor-0xacbb2fc0]GL ERROR :GL_INVALID_ENUM : glDiscardFramebufferEXT: attachments was GL_COLOR_EXT
06-28 11:19:57.494 17971 18017 E chromium: [ERROR:gles2_cmd_decoder.cc(3852)] [.ChromiumCompositor-0xacbb2fc0]GL ERROR :GL_INVALID_ENUM : glDiscardFramebufferEXT: attachments was GL_COLOR_EXT
06-28 11:19:57.511 17971 18017 E chromium: [ERROR:gles2_cmd_decoder.cc(3852)] [.ChromiumCompositor-0xacbb2fc0]GL ERROR :GL_INVALID_ENUM : glDiscardFramebufferEXT: attachments was GL_COLOR_EXT
06-28 11:19:57.549 17971 18017 E chromium: [ERROR:gles2_cmd_decoder.cc(3852)] [.ChromiumCompositor-0xacbb2fc0]GL ERROR :GL_INVALID_ENUM : glDiscardFramebufferEXT: attachments was GL_COLOR_EXT
06-28 11:19:57.562 17971 18017 E chromium: [ERROR:gles2_cmd_decoder.cc(3852)] [.ChromiumCompositor-0xacbb2fc0]GL ERROR :GL_INVALID_ENUM : glDiscardFramebufferEXT: attachments was GL_COLOR_EXT
06-28 11:19:57.579 17971 18017 E chromium: [ERROR:gles2_cmd_decoder.cc(3852)] [.ChromiumCompositor-0xacbb2fc0]GL ERROR :GL_INVALID_ENUM : glDiscardFramebufferEXT: attachments was GL_COLOR_EXT
06-28 11:19:57.596 17971 18017 E chromium: [ERROR:gles2_cmd_decoder.cc(3852)] [.ChromiumCompositor-0xacbb2fc0]GL ERROR :GL_INVALID_ENUM : glDiscardFramebufferEXT: attachments was GL_COLOR_EXT
06-28 11:19:57.613 17971 18017 E chromium: [ERROR:gles2_cmd_decoder.cc(3852)] [.ChromiumCompositor-0xacbb2fc0]GL ERROR :GL_INVALID_ENUM : glDiscardFramebufferEXT: attachments was GL_COLOR_EXT
06-28 11:19:57.629 17971 18017 E chromium: [ERROR:gles2_cmd_decoder.cc(3852)] [.ChromiumCompositor-0xacbb2fc0]GL ERROR :GL_INVALID_ENUM : glDiscardFramebufferEXT: attachments was GL_COLOR_EXT
06-28 11:19:57.632 18037 18050 E WProf.db: {"page": "d-38378387364141037197.ampproject.net_1498506512561_frame.html"}
06-28 11:19:57.632 18037 18050 E WProf.db: {"DOMLoad": 9874.687982}
06-28 11:19:57.632 18037 18050 E WProf.db: {"Resource": {"id": 44, "url": "https://d-38378387364141037197.ampproject.net/1498506512561/frame.html", "sentTime": -1.000000, "len": 375, "from": "0x0", "mimeType": "text/html", "contentLength": -1, "httpStatus": 200, "connId": 0, "connReused": 0, "cached": 1,"requestTime": 9873.429425, "proxyStart": -1, "proxyEnd": -1, "dnsStart": -1, "dnsEnd": -1, "connectStart": 0, "connectEnd": 1, "sendStart": 1, "sendEnd": 1, "receiveHeadersEnd": 7, "sslStart": -1, "sslEnd": -1}}
06-28 11:19:57.632 18037 18050 E WProf.db: {"ReceivedChunk": {"receivedTime": 9873.447769, "len": 375}}
06-28 11:19:57.633 18037 18050 E WProf.db: {"WprofHTMLTag": {"code": "0x9d316f00", "doc": "https://d-38378387364141037197.ampproject.net/1498506512561/frame.html", "row": 1, "column": 6, "tagName": "head", "time": 9873.474404, "url": "", "pos": 1, "chunkLen": 1, "isStartTag": 1}}
06-28 11:19:57.633 18037 18050 E WProf.db: {"WprofHTMLTag": {"code": "0x9d316c00", "doc": "https://d-38378387364141037197.ampproject.net/1498506512561/frame.html", "row": 2, "column": 22, "tagName": "meta", "time": 9873.474505, "url": "", "pos": 1, "chunkLen": 1, "isStartTag": 1}}
06-28 11:19:57.633 18037 18050 E WProf.db: {"WprofHTMLTag": {"code": "0x9d316e40", "doc": "https://d-38378387364141037197.ampproject.net/1498506512561/frame.html", "row": 3, "column": 38, "tagName": "meta", "time": 9873.474601, "url": "", "pos": 1, "chunkLen": 1, "isStartTag": 1}}
06-28 11:19:57.633 18037 18050 E WProf.db: {"WprofHTMLTag": {"code": "0x9d316e10", "doc": "https://d-38378387364141037197.ampproject.net/1498506512561/frame.html", "row": 4, "column": 59, "tagName": "script", "time": 9873.474720, "url": "https://3p.ampproject.net/1498506512561/f.js", "pos": 1, "chunkLen": 1, "isStartTag": 1}}
06-28 11:19:57.633 18037 18050 E WProf.db: {"WprofHTMLTag": {"code": "0x9eafb780", "doc": "https://d-38378387364141037197.ampproject.net/1498506512561/frame.html", "row": 4, "column": 68, "tagName": "script", "time": 9873.474910, "url": "", "pos": 1, "chunkLen": 1, "isStartTag": 0}}
06-28 11:19:57.633 18037 18050 E WProf.db: {"WprofHTMLTag": {"code": "0x9d316cf0", "doc": "https://d-38378387364141037197.ampproject.net/1498506512561/frame.html", "row": 5, "column": 7, "tagName": "head", "time": 9873.483679, "url": "", "pos": 1, "chunkLen": 1, "isStartTag": 0}}
06-28 11:19:57.634 18037 18050 E WProf.db: {"WprofHTMLTag": {"code": "0x9c84b960", "doc": "https://d-38378387364141037197.ampproject.net/1498506512561/frame.html", "row": 6, "column": 23, "tagName": "body", "time": 9873.483702, "url": "", "pos": 1, "chunkLen": 1, "isStartTag": 1}}
06-28 11:19:57.634 18037 18050 E WProf.db: {"WprofHTMLTag": {"code": "0x9c84b990", "doc": "https://d-38378387364141037197.ampproject.net/1498506512561/frame.html", "row": 7, "column": 69, "tagName": "div", "time": 9873.483879, "url": "", "pos": 1, "chunkLen": 1, "isStartTag": 1}}
06-28 11:19:57.634 18037 18050 E WProf.db: {"WprofHTMLTag": {"code": "0x9c84b9c0", "doc": "https://d-38378387364141037197.ampproject.net/1498506512561/frame.html", "row": 8, "column": 10, "tagName": "script", "time": 9873.484040, "url": "", "pos": 1, "chunkLen": 1, "isStartTag": 1}}
06-28 11:19:57.634 18037 18050 E WProf.db: {"WprofHTMLTag": {"code": "0x9c84ba20", "doc": "https://d-38378387364141037197.ampproject.net/1498506512561/frame.html", "row": 8, "column": 27, "tagName": "script", "time": 9873.484240, "url": "https://securepubads.g.doubleclick.net/static/glade.js", "pos": 1, "chunkLen": 1, "isStartTag": 0}}
06-28 11:19:57.634 18037 18050 E WProf.db: {"WprofHTMLTag": {"code": "0x9c84bab0", "doc": "https://d-38378387364141037197.ampproject.net/1498506512561/frame.html", "row": 9, "column": 6, "tagName": "div", "time": 9873.509907, "url": "", "pos": 1, "chunkLen": 1, "isStartTag": 0}}
06-28 11:19:57.634 18037 18050 E WProf.db: {"WprofHTMLTag": {"code": "0x9c84bae0", "doc": "https://d-38378387364141037197.ampproject.net/1498506512561/frame.html", "row": 10, "column": 8, "tagName": "script", "time": 9873.509939, "url": "", "pos": 1, "chunkLen": 1, "isStartTag": 1}}
06-28 11:19:57.634 18037 18050 E WProf.db: {"WprofHTMLTag": {"code": "0x9c84b9f0", "doc": "https://d-38378387364141037197.ampproject.net/1498506512561/frame.html", "row": 10, "column": 67, "tagName": "script", "time": 9873.510169, "url": "", "pos": 1, "chunkLen": 1, "isStartTag": 0}}
06-28 11:19:57.635 18037 18050 E WProf.db: {"WprofHTMLTag": {"code": "0x9c84bb10", "doc": "https://d-38378387364141037197.ampproject.net/1498506512561/frame.html", "row": 11, "column": 7, "tagName": "body", "time": 9873.511816, "url": "", "pos": 1, "chunkLen": 1, "isStartTag": 0}}
06-28 11:19:57.635 18037 18050 E WProf.db: {"WprofHTMLTag": {"code": "0x9c84bc30", "doc": "https://d-38378387364141037197.ampproject.net/1498506512561/frame.html", "row": 12, "column": 7, "tagName": "html", "time": 9873.511828, "url": "https://securepubads.g.doubleclick.net/static/glade/extra_25.js", "pos": 1, "chunkLen": 1, "isStartTag": 0}}
06-28 11:19:57.635 18037 18050 E WProf.db: {"Resource": {"id": 40, "url": "https://pbs.twimg.com/profile_images/756690227775799296/M8TjPivd_bigger.jpg", "sentTime": -1.000000, "len": 2795, "from": "0x0", "mimeType": "image/jpeg", "contentLength": 2795, "httpStatus": 200, "connId": 473, "connReused": 0, "cached": 0,"requestTime": 9872.819766, "proxyStart": -1, "proxyEnd": -1, "dnsStart": 6, "dnsEnd": 7, "connectStart": 0, "connectEnd": 469, "sendStart": 469, "sendEnd": 469, "receiveHeadersEnd": 618, "sslStart": 152, "sslEnd": 468}}
06-28 11:19:57.635 18037 18050 E WProf.db: {"ReceivedChunk": {"receivedTime": 9873.473842, "len": 2795}}
06-28 11:19:57.635 18037 18050 E WProf.db: {"Resource": {"id": 46, "url": "https://securepubads.g.doubleclick.net/static/glade.js", "sentTime": -1.000000, "len": 19455, "from": "0x9c84ba20", "mimeType": "text/javascript", "contentLength": -1, "httpStatus": 200, "connId": 562, "connReused": 0, "cached": 0,"requestTime": 9873.508077, "proxyStart": -1, "proxyEnd": -1, "dnsStart": 4, "dnsEnd": 4, "connectStart": 0, "connectEnd": 208, "sendStart": 208, "sendEnd": 208, "receiveHeadersEnd": 304, "sslStart": 67, "sslEnd": 207}}
06-28 11:19:57.635 18037 18050 E WProf.db: {"ReceivedChunk": {"receivedTime": 9873.818379, "len": 8930}}
06-28 11:19:57.635 18037 18050 E WProf.db: {"ReceivedChunk": {"receivedTime": 9873.818775, "len": 245}}
06-28 11:19:57.635 18037 18050 E WProf.db: {"ReceivedChunk": {"receivedTime": 9873.819832, "len": 10280}}
06-28 11:19:57.635 18037 18050 E WProf.db: {"Resource": {"id": 41, "url": "https://pbs.twimg.com/media/DAJIyFQXsAAezp1.jpg:large", "sentTime": -1.000000, "len": 68538, "from": "0x0", "mimeType": "image/jpeg", "contentLength": 68538, "httpStatus": 200, "connId": 486, "connReused": 0, "cached": 0,"requestTime": 9872.826865, "proxyStart": -1, "proxyEnd": -1, "dnsStart": 6, "dnsEnd": 7, "connectStart": 0, "connectEnd": 488, "sendStart": 488, "sendEnd": 488, "receiveHeadersEnd": 1044, "sslStart": 153, "sslEnd": 487}}
06-28 11:19:57.635 18037 18050 E WProf.db: {"ReceivedChunk": {"receivedTime": 9873.913268, "len": 2127}}
06-28 11:19:57.635 18037 18050 E WProf.db: {"ReceivedChunk": {"receivedTime": 9873.913577, "len": 2759}}
06-28 11:19:57.635 18037 18050 E WProf.db: {"ReceivedChunk": {"receivedTime": 9873.913710, "len": 8277}}
06-28 11:19:57.635 18037 18050 E WProf.db: {"ReceivedChunk": {"receivedTime": 9874.016564, "len": 5348}}
06-28 11:19:57.636 18037 18050 E WProf.db: {"ReceivedChunk": {"receivedTime": 9874.016792, "len": 8277}}
06-28 11:19:57.636 18037 18050 E WProf.db: {"ReceivedChunk": {"receivedTime": 9874.027254, "len": 5348}}
06-28 11:19:57.636 18037 18050 E WProf.db: {"ReceivedChunk": {"receivedTime": 9874.163235, "len": 16384}}
06-28 11:19:57.636 18037 18050 E WProf.db: {"ReceivedChunk": {"receivedTime": 9874.171164, "len": 16384}}
06-28 11:19:57.636 18037 18050 E WProf.db: {"ReceivedChunk": {"receivedTime": 9874.171527, "len": 3634}}
06-28 11:19:57.636 18037 18050 E WProf.db: {"Resource": {"id": 43, "url": "https://ping.chartbeat.net/ping?h=searchengineland.com&p=%2Fhotel-ads-price-trends-275390&u=B0jDOkXX7czxS90TnHm03bxgN1hsvNgXwb4CIQ86L2Ua0xSp_r6gR23kpEHPTU61&d=searchengineland.com&g=&g0=&g1=&g2=&g3=&g4=&c=120&x=0&y=3690&j=30&R=1&W=0&I=0&E=1&r=&t=9010B0jDOkXX7czxS90TnHm03bxgN1hsvNgXwb4CIQ86L2Ua0xSp_r", "sentTime": -1.000000, "len": 43, "from": "0x0", "mimeType": "image/gif", "contentLength": 43, "httpStatus": 200, "connId": 505, "connReused": 0, "cached": 0,"requestTime": 9872.948705, "proxyStart": -1, "proxyEnd": -1, "dnsStart": 27, "dnsEnd": 37, "connectStart": 0, "connectEnd": 800, "sendStart": 800, "sendEnd": 801, "receiveHeadersEnd": 1041, "sslStart": 277, "sslEnd": 800}}
06-28 11:19:57.636 18037 18050 E WProf.db: {"ReceivedChunk": {"receivedTime": 9873.993451, "len": 43}}
06-28 11:19:57.636 18037 18050 E WProf.db: {"Resource": {"id": 47, "url": "https://securepubads.g.doubleclick.net/gampad/ads?gdfp_req=1&glade_req=1&glv=25&output=html&iu=%2F1038259%2FSEL-amp-cube&sz=300x250&sfv=1-0-8&correlator=2266270028267520&eid=108809080&adk=2352184609&biw=412&bih=620&adx=56&ady=294&oid=3&u_sd=3.5&ifi=1&is_amp=1&amp_v=1498506512561&nhd=1&url=http%3A%2F", "sentTime": -1.000000, "len": 20190, "from": "0x9c84bc30", "mimeType": "text/html", "contentLength": -1, "httpStatus": 200, "connId": 562, "connReused": 1, "cached": 0,"requestTime": 9873.910656, "proxyStart": -1, "proxyEnd": -1, "dnsStart": -1, "dnsEnd": -1, "connectStart": 0, "connectEnd": 6, "sendStart": 6, "sendEnd": 6, "receiveHeadersEnd": 127, "sslStart": -1, "sslEnd": -1}}
06-28 11:19:57.636 18037 18050 E WProf.db: {"ReceivedChunk": {"receivedTime": 9874.041328, "len": 4014}}
06-28 11:19:57.636 18037 18050 E WProf.db: {"ReceivedChunk": {"receivedTime": 9874.056502, "len": 11268}}
06-28 11:19:57.636 18037 18050 E WProf.db: {"ReceivedChunk": {"receivedTime": 9874.057425, "len": 4908}}
06-28 11:19:57.637 18037 18050 E WProf.db: {"WprofHTMLTag": {"code": "0x9d317170", "doc": "https://securepubads.g.doubleclick.net/gampad/ads?gdfp_req=1&glade_req=1&glv=25&output=html&iu=%2F1038259%2FSEL-amp-cube&sz=300x250&sfv=1-0-8&correlator=2266270028267520&eid=108809080&adk=2352184609&biw=412&bih=620&adx=56&ady=294&oid=3&u_sd=3.5&ifi=1&is_amp=1&amp_v=1498506512561&nhd=1&url=http%3A%2F", "row": 0, "column": 21, "tagName": "html", "time": 9874.066013, "url": "", "pos": 1, "chunkLen": 1, "isStartTag": 1}}
06-28 11:19:57.637 18037 18050 E WProf.db: {"WprofHTMLTag": {"code": "0x9c84be10", "doc": "https://securepubads.g.doubleclick.net/gampad/ads?gdfp_req=1&glade_req=1&glv=25&output=html&iu=%2F1038259%2FSEL-amp-cube&sz=300x250&sfv=1-0-8&correlator=2266270028267520&eid=108809080&adk=2352184609&biw=412&bih=620&adx=56&ady=294&oid=3&u_sd=3.5&ifi=1&is_amp=1&amp_v=1498506512561&nhd=1&url=http%3A%2F", "row": 0, "column": 27, "tagName": "head", "time": 9874.066103, "url": "", "pos": 1, "chunkLen": 1, "isStartTag": 1}}
06-28 11:19:57.637 18037 18050 E WProf.db: {"WprofHTMLTag": {"code": "0x9c84bcf0", "doc": "https://securepubads.g.doubleclick.net/gampad/ads?gdfp_req=1&glade_req=1&glv=25&output=html&iu=%2F1038259%2FSEL-amp-cube&sz=300x250&sfv=1-0-8&correlator=2266270028267520&eid=108809080&adk=2352184609&biw=412&bih=620&adx=56&ady=294&oid=3&u_sd=3.5&ifi=1&is_amp=1&amp_v=1498506512561&nhd=1&url=http%3A%2F", "row": 0, "column": 144, "tagName": "meta", "time": 9874.066131, "url": "", "pos": 1, "chunkLen": 1, "isStartTag": 1}}
06-28 11:19:57.637 18037 18050 E WProf.db: {"WprofHTMLTag": {"code": "0x9d317620", "doc": "https://securepubads.g.doubleclick.net/gampad/ads?gdfp_req=1&glade_req=1&glv=25&output=html&iu=%2F1038259%2FSEL-amp-cube&sz=300x250&sfv=1-0-8&correlator=2266270028267520&eid=108809080&adk=2352184609&biw=412&bih=620&adx=56&ady=294&oid=3&u_sd=3.5&ifi=1&is_amp=1&amp_v=1498506512561&nhd=1&url=http%3A%2F", "row": 0, "column": 152, "tagName": "script", "time": 9874.066290, "url": "", "pos": 1, "chunkLen": 1, "isStartTag": 1}}
06-28 11:19:57.637 18037 18050 E WProf.db: {"WprofHTMLTag": {"code": "0x9d316fc0", "doc": "https://securepubads.g.doubleclick.net/gampad/ads?gdfp_req=1&glade_req=1&glv=25&output=html&iu=%2F1038259%2FSEL-amp-cube&sz=300x250&sfv=1-0-8&correlator=2266270028267520&eid=108809080&adk=2352184609&biw=412&bih=620&adx=56&ady=294&oid=3&u_sd=3.5&ifi=1&is_amp=1&amp_v=1498506512561&nhd=1&url=http%3A%2F", "row": 0, "column": 195, "tagName": "script", "time": 9874.068663, "url": "", "pos": 1, "chunkLen": 1, "isStartTag": 0}}
06-28 11:19:57.637 18037 18050 E WProf.db: {"WprofHTMLTag": {"code": "0x9c84c080", "doc": "https://securepubads.g.doubleclick.net/gampad/ads?gdfp_req=1&glade_req=1&glv=25&output=html&iu=%2F1038259%2FSEL-amp-cube&sz=300x250&sfv=1-0-8&correlator=2266270028267520&eid=108809080&adk=2352184609&biw=412&bih=620&adx=56&ady=294&oid=3&u_sd=3.5&ifi=1&is_amp=1&amp_v=1498506512561&nhd=1&url=http%3A%2F", "row": 0, "column": 202, "tagName": "style", "time": 9874.070935, "url": "", "pos": 1, "chunkLen": 1, "isStartTag": 1}}
06-28 11:19:57.637 18037 18050 E WProf.db: {"WprofHTMLTag": {"code": "0x9c84c0b0", "doc": "https://securepubads.g.doubleclick.net/gampad/ads?gdfp_req=1&glade_req=1&glv=25&output=html&iu=%2F1038259%2FSEL-amp-cube&sz=300x250&sfv=1-0-8&correlator=2266270028267520&eid=108809080&adk=2352184609&biw=412&bih=620&adx=56&ady=294&oid=3&u_sd=3.5&ifi=1&is_amp=1&amp_v=1498506512561&nhd=1&url=http%3A%2F", "row": 0, "column": 230, "tagName": "style", "time": 9874.071033, "url": "", "pos": 1, "chunkLen": 1, "isStartTag": 0}}
