--------- beginning of main
--------- beginning of system
06-28 10:47:51.405  3449  3449 E Finsky  : [1] com.google.android.finsky.wear.bl.a(3): onConnectionFailed: ConnectionResult{statusCode=API_UNAVAILABLE, resolution=null, message=null}
06-28 10:47:52.565  7153  7153 E chromium: [ERROR:shell_integration_android.cc(12)] Not implemented reached in static ShellIntegration::DefaultWebClientSetPermission ShellIntegration::CanSetAsDefaultBrowser()
06-28 10:47:52.569  7153  7153 E chromium: [ERROR:browser_process_impl.cc(720)] Not implemented reached in virtual BackgroundModeManager* BrowserProcessImpl::background_mode_manager()
06-28 10:47:52.852  3218 30601 E AudioRecord-JNI: Error -4 during AudioRecord native read
06-28 10:47:55.315  7153  7205 E chromium: [ERROR:gles2_cmd_decoder.cc(3852)] [.ChromiumCompositor-0xacbb3100]GL ERROR :GL_INVALID_ENUM : glDiscardFramebufferEXT: attachments was GL_COLOR_EXT
06-28 10:47:55.635  7226  7239 E WPROF   : {"Javascript": {"url": "https://cdn.ampproject.org/rtv/011498506512561/v0.js", "requestTime": 7952.691008}}
06-28 10:47:55.636  7226  7239 E WPROF   : {"Javascript": {"url": "https://cdn.ampproject.org/rtv/011498506512561/v0/amp-ad-0.1.js", "requestTime": 7952.691771}}
06-28 10:47:55.637  7226  7239 E WPROF   : {"Javascript": {"url": "https://cdn.ampproject.org/rtv/011498506512561/v0/amp-analytics-0.1.js", "requestTime": 7952.692750}}
06-28 10:47:55.638  7226  7239 E WPROF   : {"Javascript": {"url": "https://cdn.ampproject.org/rtv/011498506512561/v0/amp-anim-0.1.js", "requestTime": 7952.693417}}
06-28 10:47:55.638  7226  7239 E WPROF   : {"Javascript": {"url": "https://cdn.ampproject.org/rtv/011498506512561/v0/amp-form-0.1.js", "requestTime": 7952.694076}}
06-28 10:47:55.639  7226  7239 E WPROF   : {"Javascript": {"url": "https://cdn.ampproject.org/rtv/011498506512561/v0/amp-sidebar-0.1.js", "requestTime": 7952.694771}}
06-28 10:47:55.640  7226  7239 E WPROF   : {"Javascript": {"url": "https://cdn.ampproject.org/rtv/011498506512561/v0/amp-video-0.1.js", "requestTime": 7952.695424}}
06-28 10:47:55.640  7226  7239 E WPROF   : {"Javascript": {"url": "https://cdn.ampproject.org/rtv/011498506512561/v0/amp-youtube-0.1.js", "requestTime": 7952.696044}}
06-28 10:47:55.641  7226  7239 E WPROF   : {"CSS": {"url": "https://fonts.googleapis.com/css?family=Oswald:300,400,700", "requestTime": 7952.696791}}
06-28 10:47:55.642  7226  7239 E WPROF   : {"CSS": {"url": "https://fonts.googleapis.com/css?family=Merriweather:400,400italic,700,700italic", "requestTime": 7952.697367}}
06-28 10:47:55.654  7226  7239 E WPROF   : {"Javascript": {"url": "https://cdn.ampproject.org/rtv/011498506512561/v0/amp-mustache-0.1.js", "requestTime": 7952.709906}}
06-28 10:47:56.818  7153  7205 E chromium: [ERROR:gles2_cmd_decoder.cc(3852)] [.ChromiumCompositor-0xacbb3100]GL ERROR :GL_INVALID_ENUM : glDiscardFramebufferEXT: attachments was GL_COLOR_EXT
06-28 10:47:57.023  7153  7205 E chromium: [ERROR:gles2_cmd_decoder.cc(3852)] [.ChromiumCompositor-0xacbb3100]GL ERROR :GL_INVALID_ENUM : glDiscardFramebufferEXT: attachments was GL_COLOR_EXT
06-28 10:47:57.062  7153  7205 E chromium: [ERROR:gles2_cmd_decoder.cc(3852)] [.ChromiumCompositor-0xacbb3100]GL ERROR :GL_INVALID_ENUM : glDiscardFramebufferEXT: attachments was GL_COLOR_EXT
06-28 10:47:57.082  7153  7205 E chromium: [ERROR:gles2_cmd_decoder.cc(3852)] [.ChromiumCompositor-0xacbb3100]GL ERROR :GL_INVALID_ENUM : glDiscardFramebufferEXT: attachments was GL_COLOR_EXT
06-28 10:47:57.105  7153  7205 E chromium: [ERROR:gles2_cmd_decoder.cc(3852)] [.ChromiumCompositor-0xacbb3100]GL ERROR :GL_INVALID_ENUM : glDiscardFramebufferEXT: attachments was GL_COLOR_EXT
06-28 10:47:57.141  7153  7205 E chromium: [ERROR:gles2_cmd_decoder.cc(3852)] [.ChromiumCompositor-0xacbb3100]GL ERROR :GL_INVALID_ENUM : glDiscardFramebufferEXT: attachments was GL_COLOR_EXT
06-28 10:47:57.156  7153  7205 E chromium: [ERROR:gles2_cmd_decoder.cc(3852)] [.ChromiumCompositor-0xacbb3100]GL ERROR :GL_INVALID_ENUM : glDiscardFramebufferEXT: attachments was GL_COLOR_EXT
06-28 10:47:57.167  7153  7205 E chromium: [ERROR:gles2_cmd_decoder.cc(3852)] [.ChromiumCompositor-0xacbb3100]GL ERROR :GL_INVALID_ENUM : glDiscardFramebufferEXT: attachments was GL_COLOR_EXT
06-28 10:47:57.183  7153  7205 E chromium: [ERROR:gles2_cmd_decoder.cc(3852)] [.ChromiumCompositor-0xacbb3100]GL ERROR :GL_INVALID_ENUM : glDiscardFramebufferEXT: attachments was GL_COLOR_EXT
06-28 10:47:57.200  7153  7205 E chromium: [ERROR:gles2_cmd_decoder.cc(3852)] [.ChromiumCompositor-0xacbb3100]GL ERROR :GL_INVALID_ENUM : glDiscardFramebufferEXT: attachments was GL_COLOR_EXT
06-28 10:47:57.221  7153  7205 E chromium: [ERROR:gles2_cmd_decoder.cc(3852)] [.ChromiumCompositor-0xacbb3100]GL ERROR :GL_INVALID_ENUM : glDiscardFramebufferEXT: attachments was GL_COLOR_EXT
06-28 10:47:57.239  7153  7205 E chromium: [ERROR:gles2_cmd_decoder.cc(3852)] [.ChromiumCompositor-0xacbb3100]GL ERROR :GL_INVALID_ENUM : glDiscardFramebufferEXT: attachments was GL_COLOR_EXT
06-28 10:47:57.256  7153  7205 E chromium: [ERROR:gles2_cmd_decoder.cc(3852)] [.ChromiumCompositor-0xacbb3100]GL ERROR :GL_INVALID_ENUM : glDiscardFramebufferEXT: attachments was GL_COLOR_EXT
06-28 10:47:57.270  7153  7205 E chromium: [ERROR:gles2_cmd_decoder.cc(3852)] [.ChromiumCompositor-0xacbb3100]GL ERROR :GL_INVALID_ENUM : glDiscardFramebufferEXT: attachments was GL_COLOR_EXT
06-28 10:47:57.288  7153  7205 E chromium: [ERROR:gles2_cmd_decoder.cc(3852)] [.ChromiumCompositor-0xacbb3100]GL ERROR :GL_INVALID_ENUM : glDiscardFramebufferEXT: attachments was GL_COLOR_EXT
06-28 10:47:57.304  7153  7205 E chromium: [ERROR:gles2_cmd_decoder.cc(3852)] [.ChromiumCompositor-0xacbb3100]GL ERROR :GL_INVALID_ENUM : glDiscardFramebufferEXT: attachments was GL_COLOR_EXT
06-28 10:47:57.326  7153  7205 E chromium: [ERROR:gles2_cmd_decoder.cc(3852)] [.ChromiumCompositor-0xacbb3100]GL ERROR :GL_INVALID_ENUM : glDiscardFramebufferEXT: attachments was GL_COLOR_EXT
06-28 10:47:57.335  7153  7205 E chromium: [ERROR:gles2_cmd_decoder.cc(3852)] [.ChromiumCompositor-0xacbb3100]GL ERROR :GL_INVALID_ENUM : glDiscardFramebufferEXT: attachments was GL_COLOR_EXT
06-28 10:47:57.351  7153  7205 E chromium: [ERROR:gles2_cmd_decoder.cc(3852)] [.ChromiumCompositor-0xacbb3100]GL ERROR :GL_INVALID_ENUM : glDiscardFramebufferEXT: attachments was GL_COLOR_EXT
06-28 10:47:57.376  7153  7205 E chromium: [ERROR:gles2_cmd_decoder.cc(3852)] [.ChromiumCompositor-0xacbb3100]GL ERROR :GL_INVALID_ENUM : glDiscardFramebufferEXT: attachments was GL_COLOR_EXT
06-28 10:47:57.385  7153  7205 E chromium: [ERROR:gles2_cmd_decoder.cc(3852)] [.ChromiumCompositor-0xacbb3100]GL ERROR :GL_INVALID_ENUM : glDiscardFramebufferEXT: attachments was GL_COLOR_EXT
06-28 10:47:57.409  7153  7205 E chromium: [ERROR:gles2_cmd_decoder.cc(3852)] [.ChromiumCompositor-0xacbb3100]GL ERROR :GL_INVALID_ENUM : glDiscardFramebufferEXT: attachments was GL_COLOR_EXT
06-28 10:47:57.418  7153  7205 E chromium: [ERROR:gles2_cmd_decoder.cc(3852)] [.ChromiumCompositor-0xacbb3100]GL ERROR :GL_INVALID_ENUM : glDiscardFramebufferEXT: attachments was GL_COLOR_EXT
06-28 10:47:57.434  7153  7205 E chromium: [ERROR:gles2_cmd_decoder.cc(3852)] [.ChromiumCompositor-0xacbb3100]GL ERROR :GL_INVALID_ENUM : glDiscardFramebufferEXT: attachments was GL_COLOR_EXT
06-28 10:47:57.451  7153  7205 E chromium: [ERROR:gles2_cmd_decoder.cc(3852)] [.ChromiumCompositor-0xacbb3100]GL ERROR :GL_INVALID_ENUM : glDiscardFramebufferEXT: attachments was GL_COLOR_EXT
06-28 10:47:57.468  7153  7205 E chromium: [ERROR:gles2_cmd_decoder.cc(3852)] [.ChromiumCompositor-0xacbb3100]GL ERROR :GL_INVALID_ENUM : glDiscardFramebufferEXT: attachments was GL_COLOR_EXT
06-28 10:47:57.485  7153  7205 E chromium: [ERROR:gles2_cmd_decoder.cc(3852)] [.ChromiumCompositor-0xacbb3100]GL ERROR :GL_INVALID_ENUM : glDiscardFramebufferEXT: attachments was GL_COLOR_EXT
06-28 10:47:57.502  7153  7205 E chromium: [ERROR:gles2_cmd_decoder.cc(3852)] [.ChromiumCompositor-0xacbb3100]GL ERROR :GL_INVALID_ENUM : glDiscardFramebufferEXT: attachments was GL_COLOR_EXT
06-28 10:47:57.518  7153  7205 E chromium: [ERROR:gles2_cmd_decoder.cc(3852)] [.ChromiumCompositor-0xacbb3100]GL ERROR :GL_INVALID_ENUM : glDiscardFramebufferEXT: attachments was GL_COLOR_EXT
06-28 10:47:57.536  7153  7205 E chromium: [ERROR:gles2_cmd_decoder.cc(3852)] [.ChromiumCompositor-0xacbb3100]GL ERROR :GL_INVALID_ENUM : glDiscardFramebufferEXT: attachments was GL_COLOR_EXT
06-28 10:47:57.553  7153  7205 E chromium: [ERROR:gles2_cmd_decoder.cc(3852)] [.ChromiumCompositor-0xacbb3100]GL ERROR :GL_INVALID_ENUM : glDiscardFramebufferEXT: attachments was GL_COLOR_EXT
06-28 10:47:57.570  7153  7205 E chromium: [ERROR:gles2_cmd_decoder.cc(3852)] [.ChromiumCompositor-0xacbb3100]GL ERROR :GL_INVALID_ENUM : glDiscardFramebufferEXT: attachments was GL_COLOR_EXT
06-28 10:47:57.590  7153  7205 E chromium: [ERROR:gles2_cmd_decoder.cc(3852)] [.ChromiumCompositor-0xacbb3100]GL ERROR :GL_INVALID_ENUM : glDiscardFramebufferEXT: attachments was GL_COLOR_EXT
06-28 10:47:57.606  7153  7205 E chromium: [ERROR:gles2_cmd_decoder.cc(3852)] [.ChromiumCompositor-0xacbb3100]GL ERROR :GL_INVALID_ENUM : glDiscardFramebufferEXT: attachments was GL_COLOR_EXT
06-28 10:47:57.619  7153  7205 E chromium: [ERROR:gles2_cmd_decoder.cc(3852)] [.ChromiumCompositor-0xacbb3100]GL ERROR :GL_INVALID_ENUM : glDiscardFramebufferEXT: attachments was GL_COLOR_EXT
06-28 10:47:57.636  7153  7205 E chromium: [ERROR:gles2_cmd_decoder.cc(3852)] [.ChromiumCompositor-0xacbb3100]GL ERROR :GL_INVALID_ENUM : glDiscardFramebufferEXT: attachments was GL_COLOR_EXT
06-28 10:47:57.653  7153  7205 E chromium: [ERROR:gles2_cmd_decoder.cc(3852)] [.ChromiumCompositor-0xacbb3100]GL ERROR :GL_INVALID_ENUM : glDiscardFramebufferEXT: attachments was GL_COLOR_EXT
06-28 10:47:57.670  7153  7205 E chromium: [ERROR:gles2_cmd_decoder.cc(3852)] [.ChromiumCompositor-0xacbb3100]GL ERROR :GL_INVALID_ENUM : glDiscardFramebufferEXT: attachments was GL_COLOR_EXT
06-28 10:47:57.688  7153  7205 E chromium: [ERROR:gles2_cmd_decoder.cc(3852)] [.ChromiumCompositor-0xacbb3100]GL ERROR :GL_INVALID_ENUM : glDiscardFramebufferEXT: attachments was GL_COLOR_EXT
06-28 10:47:57.689  7226  7239 E WPROF   : {"Javascript": {"url": "https://cdn.ampproject.org/rtv/011498506512561/v0/amp-crypto-polyfill-0.1.js", "requestTime": 7954.744792}}
06-28 10:47:57.706  7153  7205 E chromium: [ERROR:gles2_cmd_decoder.cc(3852)] [.ChromiumCompositor-0xacbb3100]GL ERROR :GL_INVALID_ENUM : glDiscardFramebufferEXT: attachments was GL_COLOR_EXT
06-28 10:47:57.720  7153  7205 E chromium: [ERROR:gles2_cmd_decoder.cc(3852)] [.ChromiumCompositor-0xacbb3100]GL ERROR :GL_INVALID_ENUM : glDiscardFramebufferEXT: attachments was GL_COLOR_EXT
06-28 10:47:57.738  7153  7205 E chromium: [ERROR:gles2_cmd_decoder.cc(3852)] [.ChromiumCompositor-0xacbb3100]GL ERROR :GL_INVALID_ENUM : glDiscardFramebufferEXT: attachments was GL_COLOR_EXT
06-28 10:47:57.754  7153  7205 E chromium: [ERROR:gles2_cmd_decoder.cc(3852)] [.ChromiumCompositor-0xacbb3100]GL ERROR :GL_INVALID_ENUM : glDiscardFramebufferEXT: attachments was GL_COLOR_EXT
06-28 10:47:57.778  7153  7205 E chromium: [ERROR:gles2_cmd_decoder.cc(3852)] [.ChromiumCompositor-0xacbb3100]GL ERROR :GL_INVALID_ENUM : glDiscardFramebufferEXT: attachments was GL_COLOR_EXT
06-28 10:47:57.789  7153  7205 E chromium: [ERROR:gles2_cmd_decoder.cc(3852)] [.ChromiumCompositor-0xacbb3100]GL ERROR :GL_INVALID_ENUM : glDiscardFramebufferEXT: attachments was GL_COLOR_EXT
06-28 10:47:57.805  7153  7205 E chromium: [ERROR:gles2_cmd_decoder.cc(3852)] [.ChromiumCompositor-0xacbb3100]GL ERROR :GL_INVALID_ENUM : glDiscardFramebufferEXT: attachments was GL_COLOR_EXT
06-28 10:47:57.821  7153  7205 E chromium: [ERROR:gles2_cmd_decoder.cc(3852)] [.ChromiumCompositor-0xacbb3100]GL ERROR :GL_INVALID_ENUM : glDiscardFramebufferEXT: attachments was GL_COLOR_EXT
06-28 10:47:57.841  7153  7205 E chromium: [ERROR:gles2_cmd_decoder.cc(3852)] [.ChromiumCompositor-0xacbb3100]GL ERROR :GL_INVALID_ENUM : glDiscardFramebufferEXT: attachments was GL_COLOR_EXT
06-28 10:47:57.855  7153  7205 E chromium: [ERROR:gles2_cmd_decoder.cc(3852)] [.ChromiumCompositor-0xacbb3100]GL ERROR :GL_INVALID_ENUM : glDiscardFramebufferEXT: attachments was GL_COLOR_EXT
06-28 10:47:57.872  7153  7205 E chromium: [ERROR:gles2_cmd_decoder.cc(3852)] [.ChromiumCompositor-0xacbb3100]GL ERROR :GL_INVALID_ENUM : glDiscardFramebufferEXT: attachments was GL_COLOR_EXT
06-28 10:47:57.888  7153  7205 E chromium: [ERROR:gles2_cmd_decoder.cc(3852)] [.ChromiumCompositor-0xacbb3100]GL ERROR :GL_INVALID_ENUM : glDiscardFramebufferEXT: attachments was GL_COLOR_EXT
06-28 10:47:57.905  7153  7205 E chromium: [ERROR:gles2_cmd_decoder.cc(3852)] [.ChromiumCompositor-0xacbb3100]GL ERROR :GL_INVALID_ENUM : glDiscardFramebufferEXT: attachments was GL_COLOR_EXT
06-28 10:47:57.922  7153  7205 E chromium: [ERROR:gles2_cmd_decoder.cc(3852)] [.ChromiumCompositor-0xacbb3100]GL ERROR :GL_INVALID_ENUM : glDiscardFramebufferEXT: attachments was GL_COLOR_EXT
06-28 10:47:57.961  7153  7205 E chromium: [ERROR:gles2_cmd_decoder.cc(3852)] [.ChromiumCompositor-0xacbb3100]GL ERROR :GL_INVALID_ENUM : glDiscardFramebufferEXT: attachments was GL_COLOR_EXT
06-28 10:47:57.971  7153  7205 E chromium: [ERROR:gles2_cmd_decoder.cc(3852)] [.ChromiumCompositor-0xacbb3100]GL ERROR :GL_INVALID_ENUM : glDiscardFramebufferEXT: attachments was GL_COLOR_EXT
06-28 10:47:57.987  7153  7205 E chromium: [ERROR:gles2_cmd_decoder.cc(3852)] [.ChromiumCompositor-0xacbb3100]GL ERROR :GL_INVALID_ENUM : glDiscardFramebufferEXT: attachments was GL_COLOR_EXT
06-28 10:47:57.993  7153  7205 E chromium: [ERROR:gles2_cmd_decoder.cc(3852)] [.ChromiumCompositor-0xacbb3100]GL ERROR :GL_INVALID_ENUM : glDiscardFramebufferEXT: attachments was GL_COLOR_EXT
06-28 10:47:58.024  7153  7205 E chromium: [ERROR:gles2_cmd_decoder.cc(3852)] [.ChromiumCompositor-0xacbb3100]GL ERROR :GL_INVALID_ENUM : glDiscardFramebufferEXT: attachments was GL_COLOR_EXT
06-28 10:47:58.033  7153  7205 E chromium: [ERROR:gles2_cmd_decoder.cc(3852)] [.ChromiumCompositor-0xacbb3100]GL ERROR :GL_INVALID_ENUM : glDiscardFramebufferEXT: attachments was GL_COLOR_EXT
06-28 10:47:58.047  7153  7205 E chromium: [ERROR:gles2_cmd_decoder.cc(3852)] [.ChromiumCompositor-0xacbb3100]GL ERROR :GL_INVALID_ENUM : glDiscardFramebufferEXT: attachments was GL_COLOR_EXT
06-28 10:47:58.070  7153  7205 E chromium: [ERROR:gles2_cmd_decoder.cc(3852)] [.ChromiumCompositor-0xacbb3100]GL ERROR :GL_INVALID_ENUM : glDiscardFramebufferEXT: attachments was GL_COLOR_EXT
06-28 10:47:58.074  7153  7205 E chromium: [ERROR:gles2_cmd_decoder.cc(3852)] [.ChromiumCompositor-0xacbb3100]GL ERROR :GL_INVALID_ENUM : glDiscardFramebufferEXT: attachments was GL_COLOR_EXT
06-28 10:47:58.097  7153  7205 E chromium: [ERROR:gles2_cmd_decoder.cc(3852)] [.ChromiumCompositor-0xacbb3100]GL ERROR :GL_INVALID_ENUM : glDiscardFramebufferEXT: attachments was GL_COLOR_EXT
06-28 10:47:58.120  7153  7205 E chromium: [ERROR:gles2_cmd_decoder.cc(3852)] [.ChromiumCompositor-0xacbb3100]GL ERROR :GL_INVALID_ENUM : glDiscardFramebufferEXT: attachments was GL_COLOR_EXT
06-28 10:47:58.123  7153  7205 E chromium: [ERROR:gles2_cmd_decoder.cc(3852)] [.ChromiumCompositor-0xacbb3100]GL ERROR :GL_INVALID_ENUM : glDiscardFramebufferEXT: attachments was GL_COLOR_EXT
06-28 10:47:58.139  7153  7205 E chromium: [ERROR:gles2_cmd_decoder.cc(3852)] [.ChromiumCompositor-0xacbb3100]GL ERROR :GL_INVALID_ENUM : glDiscardFramebufferEXT: attachments was GL_COLOR_EXT
06-28 10:47:58.169  7153  7205 E chromium: [ERROR:gles2_cmd_decoder.cc(3852)] [.ChromiumCompositor-0xacbb3100]GL ERROR :GL_INVALID_ENUM : glDiscardFramebufferEXT: attachments was GL_COLOR_EXT
06-28 10:47:58.186  7153  7205 E chromium: [ERROR:gles2_cmd_decoder.cc(3852)] [.ChromiumCompositor-0xacbb3100]GL ERROR :GL_INVALID_ENUM : glDiscardFramebufferEXT: attachments was GL_COLOR_EXT
06-28 10:47:58.187   862  1657 E LocSvc_IzatApiV02: E/virtual int izat_core::IzatApiV02::getBatchSize(int32_t):522]: Error : st = 4, ind.status = -1628389555
06-28 10:47:58.187   862  1657 E LocSvc_IzatApiV02: E/virtual int izat_core::IzatApiV02::getBatchSize(int32_t):535]: get batching size failed.Or modem does not support batching 
06-28 10:47:58.189  7153  7205 E chromium: [ERROR:gles2_cmd_decoder.cc(3852)] [.ChromiumCompositor-0xacbb3100]GL ERROR :GL_INVALID_ENUM : glDiscardFramebufferEXT: attachments was GL_COLOR_EXT
06-28 10:47:58.199   862  1657 E LocSvc_IzatApiV02: E/virtual int izat_core::IzatApiV02::getBatchSize(int32_t):522]: Error : st = 4, ind.status = -1628389555
06-28 10:47:58.199   862  1657 E LocSvc_IzatApiV02: E/virtual int izat_core::IzatApiV02::getBatchSize(int32_t):535]: get batching size failed.Or modem does not support batching 
06-28 10:47:58.220  7153  7205 E chromium: [ERROR:gles2_cmd_decoder.cc(3852)] [.ChromiumCompositor-0xacbb3100]GL ERROR :GL_INVALID_ENUM : glDiscardFramebufferEXT: attachments was GL_COLOR_EXT
06-28 10:47:58.222  7153  7205 E chromium: [ERROR:gles2_cmd_decoder.cc(3852)] [.ChromiumCompositor-0xacbb3100]GL ERROR :GL_INVALID_ENUM : glDiscardFramebufferEXT: attachments was GL_COLOR_EXT
06-28 10:47:58.229   862  1657 E LocSvc_IzatApiV02: E/virtual int izat_core::IzatApiV02::getBatchSize(int32_t):522]: Error : st = 4, ind.status = -1628389555
06-28 10:47:58.229   862  1657 E LocSvc_IzatApiV02: E/virtual int izat_core::IzatApiV02::getBatchSize(int32_t):535]: get batching size failed.Or modem does not support batching 
06-28 10:47:58.239   862  1657 E LocSvc_IzatApiV02: E/virtual int izat_core::IzatApiV02::getBatchSize(int32_t):522]: Error : st = 4, ind.status = -1628389555
06-28 10:47:58.239   862  1657 E LocSvc_IzatApiV02: E/virtual int izat_core::IzatApiV02::getBatchSize(int32_t):535]: get batching size failed.Or modem does not support batching 
06-28 10:47:58.253  7153  7205 E chromium: [ERROR:gles2_cmd_decoder.cc(3852)] [.ChromiumCompositor-0xacbb3100]GL ERROR :GL_INVALID_ENUM : glDiscardFramebufferEXT: attachments was GL_COLOR_EXT
06-28 10:47:58.256  7153  7205 E chromium: [ERROR:gles2_cmd_decoder.cc(3852)] [.ChromiumCompositor-0xacbb3100]GL ERROR :GL_INVALID_ENUM : glDiscardFramebufferEXT: attachments was GL_COLOR_EXT
06-28 10:47:58.290  7153  7205 E chromium: [ERROR:gles2_cmd_decoder.cc(3852)] [.ChromiumCompositor-0xacbb3100]GL ERROR :GL_INVALID_ENUM : glDiscardFramebufferEXT: attachments was GL_COLOR_EXT
06-28 10:47:58.305  7153  7205 E chromium: [ERROR:gles2_cmd_decoder.cc(3852)] [.ChromiumCompositor-0xacbb3100]GL ERROR :GL_INVALID_ENUM : glDiscardFramebufferEXT: attachments was GL_COLOR_EXT
06-28 10:47:58.310  7153  7205 E chromium: [ERROR:gles2_cmd_decoder.cc(3852)] [.ChromiumCompositor-0xacbb3100]GL ERROR :GL_INVALID_ENUM : glDiscardFramebufferEXT: attachments was GL_COLOR_EXT
06-28 10:47:58.329  7153  7205 E chromium: [ERROR:gles2_cmd_decoder.cc(3852)] [.ChromiumCompositor-0xacbb3100]GL ERROR :GL_INVALID_ENUM : glDiscardFramebufferEXT: attachments was GL_COLOR_EXT
06-28 10:47:58.356  7153  7205 E chromium: [ERROR:gles2_cmd_decoder.cc(3852)] [.ChromiumCompositor-0xacbb3100]GL ERROR :GL_INVALID_ENUM : glDiscardFramebufferEXT: attachments was GL_COLOR_EXT
06-28 10:47:58.362  7153  7205 E chromium: [ERROR:gles2_cmd_decoder.cc(3852)] [.ChromiumCompositor-0xacbb3100]GL ERROR :GL_INVALID_ENUM : glDiscardFramebufferEXT: attachments was GL_COLOR_EXT
06-28 10:47:58.390  7153  7205 E chromium: [ERROR:gles2_cmd_decoder.cc(3852)] [.ChromiumCompositor-0xacbb3100]GL ERROR :GL_INVALID_ENUM : glDiscardFramebufferEXT: attachments was GL_COLOR_EXT
06-28 10:47:58.397  7153  7205 E chromium: [ERROR:gles2_cmd_decoder.cc(3852)] [.ChromiumCompositor-0xacbb3100]GL ERROR :GL_INVALID_ENUM : glDiscardFramebufferEXT: attachments was GL_COLOR_EXT
06-28 10:47:58.423  7153  7205 E chromium: [ERROR:gles2_cmd_decoder.cc(3852)] [.ChromiumCompositor-0xacbb3100]GL ERROR :GL_INVALID_ENUM : glDiscardFramebufferEXT: attachments was GL_COLOR_EXT
06-28 10:47:58.428  7153  7205 E chromium: [ERROR:gles2_cmd_decoder.cc(3852)] [.ChromiumCompositor-0xacbb3100]GL ERROR :GL_INVALID_ENUM : glDiscardFramebufferEXT: attachments was GL_COLOR_EXT
06-28 10:47:58.458  7153  7205 E chromium: [ERROR:gles2_cmd_decoder.cc(3852)] [.ChromiumCompositor-0xacbb3100]GL ERROR :GL_INVALID_ENUM : glDiscardFramebufferEXT: attachments was GL_COLOR_EXT
06-28 10:47:58.475  7153  7205 E chromium: [ERROR:gles2_cmd_decoder.cc(3852)] [.ChromiumCompositor-0xacbb3100]GL ERROR :GL_INVALID_ENUM : glDiscardFramebufferEXT: attachments was GL_COLOR_EXT
06-28 10:47:58.489  7153  7205 E chromium: [ERROR:gles2_cmd_decoder.cc(3852)] [.ChromiumCompositor-0xacbb3100]GL ERROR :GL_INVALID_ENUM : glDiscardFramebufferEXT: attachments was GL_COLOR_EXT
06-28 10:47:58.508  7153  7205 E chromium: [ERROR:gles2_cmd_decoder.cc(3852)] [.ChromiumCompositor-0xacbb3100]GL ERROR :GL_INVALID_ENUM : glDiscardFramebufferEXT: attachments was GL_COLOR_EXT
06-28 10:47:58.520  7153  7205 E chromium: [ERROR:gles2_cmd_decoder.cc(3852)] [.ChromiumCompositor-0xacbb3100]GL ERROR :GL_INVALID_ENUM : glDiscardFramebufferEXT: attachments was GL_COLOR_EXT
06-28 10:47:58.532  7153  7205 E chromium: [ERROR:gles2_cmd_decoder.cc(3852)] [.ChromiumCompositor-0xacbb3100]GL ERROR :GL_INVALID_ENUM : glDiscardFramebufferEXT: attachments was GL_COLOR_EXT
06-28 10:47:58.545  7153  7205 E chromium: [ERROR:gles2_cmd_decoder.cc(3852)] [.ChromiumCompositor-0xacbb3100]GL ERROR :GL_INVALID_ENUM : glDiscardFramebufferEXT: attachments was GL_COLOR_EXT
06-28 10:47:58.578  7153  7205 E chromium: [ERROR:gles2_cmd_decoder.cc(3852)] [.ChromiumCompositor-0xacbb3100]GL ERROR :GL_INVALID_ENUM : glDiscardFramebufferEXT: attachments was GL_COLOR_EXT
06-28 10:47:58.594  7153  7205 E chromium: [ERROR:gles2_cmd_decoder.cc(3852)] [.ChromiumCompositor-0xacbb3100]GL ERROR :GL_INVALID_ENUM : glDiscardFramebufferEXT: attachments was GL_COLOR_EXT
06-28 10:47:58.599  7153  7205 E chromium: [ERROR:gles2_cmd_decoder.cc(3852)] [.ChromiumCompositor-0xacbb3100]GL ERROR :GL_INVALID_ENUM : glDiscardFramebufferEXT: attachments was GL_COLOR_EXT
06-28 10:47:58.613  7153  7205 E chromium: [ERROR:gles2_cmd_decoder.cc(3852)] [.ChromiumCompositor-0xacbb3100]GL ERROR :GL_INVALID_ENUM : glDiscardFramebufferEXT: attachments was GL_COLOR_EXT
06-28 10:47:58.629  7153  7205 E chromium: [ERROR:gles2_cmd_decoder.cc(3852)] [.ChromiumCompositor-0xacbb3100]GL ERROR :GL_INVALID_ENUM : glDiscardFramebufferEXT: attachments was GL_COLOR_EXT
06-28 10:47:58.659  7153  7205 E chromium: [ERROR:gles2_cmd_decoder.cc(3852)] [.ChromiumCompositor-0xacbb3100]GL ERROR :GL_INVALID_ENUM : glDiscardFramebufferEXT: attachments was GL_COLOR_EXT
06-28 10:47:58.664  7153  7205 E chromium: [ERROR:gles2_cmd_decoder.cc(3852)] [.ChromiumCompositor-0xacbb3100]GL ERROR :GL_INVALID_ENUM : glDiscardFramebufferEXT: attachments was GL_COLOR_EXT
06-28 10:47:58.690  7153  7205 E chromium: [ERROR:gles2_cmd_decoder.cc(3852)] [.ChromiumCompositor-0xacbb3100]GL ERROR :GL_INVALID_ENUM : glDiscardFramebufferEXT: attachments was GL_COLOR_EXT
06-28 10:47:58.694  7153  7205 E chromium: [ERROR:gles2_cmd_decoder.cc(3852)] [.ChromiumCompositor-0xacbb3100]GL ERROR :GL_INVALID_ENUM : glDiscardFramebufferEXT: attachments was GL_COLOR_EXT
06-28 10:47:58.723  7153  7205 E chromium: [ERROR:gles2_cmd_decoder.cc(3852)] [.ChromiumCompositor-0xacbb3100]GL ERROR :GL_INVALID_ENUM : glDiscardFramebufferEXT: attachments was GL_COLOR_EXT
06-28 10:47:58.741  7153  7205 E chromium: [ERROR:gles2_cmd_decoder.cc(3852)] [.ChromiumCompositor-0xacbb3100]GL ERROR :GL_INVALID_ENUM : glDiscardFramebufferEXT: attachments was GL_COLOR_EXT
06-28 10:47:58.745  7153  7205 E chromium: [ERROR:gles2_cmd_decoder.cc(3852)] [.ChromiumCompositor-0xacbb3100]GL ERROR :GL_INVALID_ENUM : glDiscardFramebufferEXT: attachments was GL_COLOR_EXT
06-28 10:47:58.764  7153  7205 E chromium: [ERROR:gles2_cmd_decoder.cc(3852)] [.ChromiumCompositor-0xacbb3100]GL ERROR :GL_INVALID_ENUM : glDiscardFramebufferEXT: attachments was GL_COLOR_EXT
06-28 10:47:58.790  7153  7205 E chromium: [ERROR:gles2_cmd_decoder.cc(3852)] [.ChromiumCompositor-0xacbb3100]GL ERROR :GL_INVALID_ENUM : glDiscardFramebufferEXT: attachments was GL_COLOR_EXT
06-28 10:47:58.814  7153  7205 E chromium: [ERROR:gles2_cmd_decoder.cc(3852)] [.ChromiumCompositor-0xacbb3100]GL ERROR :GL_INVALID_ENUM : glDiscardFramebufferEXT: attachments was GL_COLOR_EXT
06-28 10:47:58.827  7153  7205 E chromium: [ERROR:gles2_cmd_decoder.cc(3852)] [.ChromiumCompositor-0xacbb3100]GL ERROR :GL_INVALID_ENUM : glDiscardFramebufferEXT: attachments was GL_COLOR_EXT
06-28 10:47:58.840  7153  7205 E chromium: [ERROR:gles2_cmd_decoder.cc(3852)] [.ChromiumCompositor-0xacbb3100]GL ERROR :GL_INVALID_ENUM : glDiscardFramebufferEXT: attachments was GL_COLOR_EXT
06-28 10:47:58.849  7153  7205 E chromium: [ERROR:gles2_cmd_decoder.cc(3852)] [.ChromiumCompositor-0xacbb3100]GL ERROR :GL_INVALID_ENUM : glDiscardFramebufferEXT: attachments was GL_COLOR_EXT
06-28 10:47:58.875  7153  7205 E chromium: [ERROR:gles2_cmd_decoder.cc(3852)] [.ChromiumCompositor-0xacbb3100]GL ERROR :GL_INVALID_ENUM : glDiscardFramebufferEXT: attachments was GL_COLOR_EXT
06-28 10:47:58.879  7153  7205 E chromium: [ERROR:gles2_cmd_decoder.cc(3852)] [.ChromiumCompositor-0xacbb3100]GL ERROR :GL_INVALID_ENUM : glDiscardFramebufferEXT: attachments was GL_COLOR_EXT
06-28 10:47:58.908  7153  7205 E chromium: [ERROR:gles2_cmd_decoder.cc(3852)] [.ChromiumCompositor-0xacbb3100]GL ERROR :GL_INVALID_ENUM : glDiscardFramebufferEXT: attachments was GL_COLOR_EXT
06-28 10:47:58.927  7153  7205 E chromium: [ERROR:gles2_cmd_decoder.cc(3852)] [.ChromiumCompositor-0xacbb3100]GL ERROR :GL_INVALID_ENUM : glDiscardFramebufferEXT: attachments was GL_COLOR_EXT
06-28 10:47:58.936  7153  7205 E chromium: [ERROR:gles2_cmd_decoder.cc(3852)] [.ChromiumCompositor-0xacbb3100]GL ERROR :GL_INVALID_ENUM : glDiscardFramebufferEXT: attachments was GL_COLOR_EXT
06-28 10:47:58.953  7153  7205 E chromium: [ERROR:gles2_cmd_decoder.cc(3852)] [.ChromiumCompositor-0xacbb3100]GL ERROR :GL_INVALID_ENUM : glDiscardFramebufferEXT: attachments was GL_COLOR_EXT
06-28 10:47:58.989  7153  7205 E chromium: [ERROR:gles2_cmd_decoder.cc(3852)] [.ChromiumCompositor-0xacbb3100]GL ERROR :GL_INVALID_ENUM : glDiscardFramebufferEXT: attachments was GL_COLOR_EXT
06-28 10:47:58.998  7153  7205 E chromium: [ERROR:gles2_cmd_decoder.cc(3852)] [.ChromiumCompositor-0xacbb3100]GL ERROR :GL_INVALID_ENUM : glDiscardFramebufferEXT: attachments was GL_COLOR_EXT
06-28 10:47:59.006  7153  7205 E chromium: [ERROR:gles2_cmd_decoder.cc(3852)] [.ChromiumCompositor-0xacbb3100]GL ERROR :GL_INVALID_ENUM : glDiscardFramebufferEXT: attachments was GL_COLOR_EXT
06-28 10:47:59.019  7153  7205 E chromium: [ERROR:gles2_cmd_decoder.cc(3852)] [.ChromiumCompositor-0xacbb3100]GL ERROR :GL_INVALID_ENUM : glDiscardFramebufferEXT: attachments was GL_COLOR_EXT
06-28 10:47:59.036  7153  7205 E chromium: [ERROR:gles2_cmd_decoder.cc(3852)] [.ChromiumCompositor-0xacbb3100]GL ERROR :GL_INVALID_ENUM : glDiscardFramebufferEXT: attachments was GL_COLOR_EXT
06-28 10:47:59.060  7153  7205 E chromium: [ERROR:gles2_cmd_decoder.cc(3852)] [.ChromiumCompositor-0xacbb3100]GL ERROR :GL_INVALID_ENUM : glDiscardFramebufferEXT: attachments was GL_COLOR_EXT
06-28 10:47:59.086  7153  7205 E chromium: [ERROR:gles2_cmd_decoder.cc(3852)] [.ChromiumCompositor-0xacbb3100]GL ERROR :GL_INVALID_ENUM : glDiscardFramebufferEXT: attachments was GL_COLOR_EXT
06-28 10:47:59.101  7153  7205 E chromium: [ERROR:gles2_cmd_decoder.cc(3852)] [.ChromiumCompositor-0xacbb3100]GL ERROR :GL_INVALID_ENUM : glDiscardFramebufferEXT: attachments was GL_COLOR_EXT
06-28 10:47:59.119  7153  7205 E chromium: [ERROR:gles2_cmd_decoder.cc(3852)] [.ChromiumCompositor-0xacbb3100]GL ERROR :GL_INVALID_ENUM : glDiscardFramebufferEXT: attachments was GL_COLOR_EXT
06-28 10:47:59.132  7153  7205 E chromium: [ERROR:gles2_cmd_decoder.cc(3852)] [.ChromiumCompositor-0xacbb3100]GL ERROR :GL_INVALID_ENUM : glDiscardFramebufferEXT: attachments was GL_COLOR_EXT
06-28 10:47:59.146  7153  7205 E chromium: [ERROR:gles2_cmd_decoder.cc(3852)] [.ChromiumCompositor-0xacbb3100]GL ERROR :GL_INVALID_ENUM : glDiscardFramebufferEXT: attachments was GL_COLOR_EXT
06-28 10:47:59.160  7153  7205 E chromium: [ERROR:gles2_cmd_decoder.cc(3852)] [.ChromiumCompositor-0xacbb3100]GL ERROR :GL_INVALID_ENUM : glDiscardFramebufferEXT: attachments was GL_COLOR_EXT
06-28 10:47:59.177  7153  7205 E chromium: [ERROR:gles2_cmd_decoder.cc(3852)] [.ChromiumCompositor-0xacbb3100]GL ERROR :GL_INVALID_ENUM : glDiscardFramebufferEXT: attachments was GL_COLOR_EXT
06-28 10:47:59.182  7153  7205 E chromium: [ERROR:gles2_cmd_decoder.cc(3852)] [.ChromiumCompositor-0xacbb3100]GL ERROR :GL_INVALID_ENUM : glDiscardFramebufferEXT: attachments was GL_COLOR_EXT
06-28 10:47:59.209  7153  7205 E chromium: [ERROR:gles2_cmd_decoder.cc(3852)] [.ChromiumCompositor-0xacbb3100]GL ERROR :GL_INVALID_ENUM : glDiscardFramebufferEXT: attachments was GL_COLOR_EXT
06-28 10:47:59.226  7153  7205 E chromium: [ERROR:gles2_cmd_decoder.cc(3852)] [.ChromiumCompositor-0xacbb3100]GL ERROR :GL_INVALID_ENUM : glDiscardFramebufferEXT: attachments was GL_COLOR_EXT
06-28 10:47:59.243  7153  7205 E chromium: [ERROR:gles2_cmd_decoder.cc(3852)] [.ChromiumCompositor-0xacbb3100]GL ERROR :GL_INVALID_ENUM : glDiscardFramebufferEXT: attachments was GL_COLOR_EXT
06-28 10:47:59.265  7153  7205 E chromium: [ERROR:gles2_cmd_decoder.cc(3852)] [.ChromiumCompositor-0xacbb3100]GL ERROR :GL_INVALID_ENUM : glDiscardFramebufferEXT: attachments was GL_COLOR_EXT
06-28 10:47:59.278  7153  7205 E chromium: [ERROR:gles2_cmd_decoder.cc(3852)] [.ChromiumCompositor-0xacbb3100]GL ERROR :GL_INVALID_ENUM : glDiscardFramebufferEXT: attachments was GL_COLOR_EXT
06-28 10:47:59.286  7153  7205 E chromium: [ERROR:gles2_cmd_decoder.cc(3852)] [.ChromiumCompositor-0xacbb3100]GL ERROR :GL_INVALID_ENUM : glDiscardFramebufferEXT: attachments was GL_COLOR_EXT
06-28 10:47:59.310  7153  7205 E chromium: [ERROR:gles2_cmd_decoder.cc(3852)] [.ChromiumCompositor-0xacbb3100]GL ERROR :GL_INVALID_ENUM : glDiscardFramebufferEXT: attachments was GL_COLOR_EXT
06-28 10:47:59.327  7153  7205 E chromium: [ERROR:gles2_cmd_decoder.cc(3852)] [.ChromiumCompositor-0xacbb3100]GL ERROR :GL_INVALID_ENUM : glDiscardFramebufferEXT: attachments was GL_COLOR_EXT
06-28 10:47:59.333  7153  7205 E chromium: [ERROR:gles2_cmd_decoder.cc(3852)] [.ChromiumCompositor-0xacbb3100]GL ERROR :GL_INVALID_ENUM : glDiscardFramebufferEXT: attachments was GL_COLOR_EXT
06-28 10:47:59.361  7153  7205 E chromium: [ERROR:gles2_cmd_decoder.cc(3852)] [.ChromiumCompositor-0xacbb3100]GL ERROR :GL_INVALID_ENUM : glDiscardFramebufferEXT: attachments was GL_COLOR_EXT
06-28 10:47:59.365  7153  7205 E chromium: [ERROR:gles2_cmd_decoder.cc(3852)] [.ChromiumCompositor-0xacbb3100]GL ERROR :GL_INVALID_ENUM : glDiscardFramebufferEXT: attachments was GL_COLOR_EXT
06-28 10:47:59.380  7153  7205 E chromium: [ERROR:gles2_cmd_decoder.cc(3852)] [.ChromiumCompositor-0xacbb3100]GL ERROR :GL_INVALID_ENUM : glDiscardFramebufferEXT: attachments was GL_COLOR_EXT
06-28 10:47:59.410  7153  7205 E chromium: [ERROR:gles2_cmd_decoder.cc(3852)] [.ChromiumCompositor-0xacbb3100]GL ERROR :GL_INVALID_ENUM : glDiscardFramebufferEXT: attachments was GL_COLOR_EXT
06-28 10:47:59.426  7226  7239 E WProf.db: {"page": "searchengineland-com.cdn.ampproject.org_c_searchengineland.com_iac-buying-angies-list-will-combine-homeadvisor-new-public-company-274233_amp"}
06-28 10:47:59.426  7226  7239 E WProf.db: {"DOMLoad": 7956.481782}
06-28 10:47:59.427  7226  7239 E WProf.db: {"Resource": {"id": 1, "url": "https://searchengineland-com.cdn.ampproject.org/c/searchengineland.com/iac-buying-angies-list-will-combine-homeadvisor-new-public-company-274233/amp", "sentTime": -1.000000, "len": 36991, "from": "0x0", "mimeType": "text/html", "contentLength": -1, "httpStatus": 200, "connId": 21, "connReused": 0, "cached": 0,"requestTime": 7952.283470, "proxyStart": -1, "proxyEnd": -1, "dnsStart": 0, "dnsEnd": 0, "connectStart": 0, "connectEnd": 91, "sendStart": 91, "sendEnd": 92, "receiveHeadersEnd": 295, "sslStart": 0, "sslEnd": 90}}
06-28 10:47:59.427  7226  7239 E WProf.db: {"ReceivedChunk": {"receivedTime": 7952.600916, "len": 11753}}
06-28 10:47:59.427  7226  7239 E WProf.db: {"ReceivedChunk": {"receivedTime": 7952.676760, "len": 314}}
06-28 10:47:59.427  7226  7239 E WProf.db: {"ReceivedChunk": {"receivedTime": 7952.676878, "len": 24924}}
06-28 10:47:59.427  7226  7239 E WProf.db: {"WprofHTMLTag": {"code": "0xaedd44b0", "doc": "https://searchengineland-com.cdn.ampproject.org/c/searchengineland.com/iac-buying-angies-list-will-combine-homeadvisor-new-public-company-274233/amp", "row": 0, "column": 25, "tagName": "html", "time": 7952.679609, "url": "", "pos": 1, "chunkLen": 1, "isStartTag": 1}}
06-28 10:47:59.429  7153  7205 E chromium: [ERROR:gles2_cmd_decoder.cc(3852)] [.ChromiumCompositor-0xacbb3100]GL ERROR :GL_INVALID_ENUM : glDiscardFramebufferEXT: attachments was GL_COLOR_EXT
06-28 10:47:59.429  7226  7239 E WProf.db: {"WprofHTMLTag": {"code": "0xaedd4270", "doc": "https://searchengineland-com.cdn.ampproject.org/c/searchengineland.com/iac-buying-angies-list-will-combine-homeadvisor-new-public-company-274233/amp", "row": 0, "column": 31, "tagName": "head", "time": 7952.679899, "url": "", "pos": 1, "chunkLen": 1, "isStartTag": 1}}
06-28 10:47:59.430  7226  7239 E WProf.db: {"WprofHTMLTag": {"code": "0xaf0478e0", "doc": "https://searchengineland-com.cdn.ampproject.org/c/searchengineland.com/iac-buying-angies-list-will-combine-homeadvisor-new-public-company-274233/amp", "row": 0, "column": 53, "tagName": "meta", "time": 7952.679923, "url": "", "pos": 1, "chunkLen": 1, "isStartTag": 1}}
06-28 10:47:59.430  7226  7239 E WProf.db: {"WprofHTMLTag": {"code": "0xaf047910", "doc": "https://searchengineland-com.cdn.ampproject.org/c/searchengineland.com/iac-buying-angies-list-will-combine-homeadvisor-new-public-company-274233/amp", "row": 0, "column": 88, "tagName": "meta", "time": 7952.680517, "url": "", "pos": 1, "chunkLen": 1, "isStartTag": 1}}
06-28 10:47:59.430  7226  7239 E WProf.db: {"WprofHTMLTag": {"code": "0xaf047940", "doc": "https://searchengineland-com.cdn.ampproject.org/c/searchengineland.com/iac-buying-angies-list-will-combine-homeadvisor-new-public-company-274233/amp", "row": 0, "column": 122, "tagName": "meta", "time": 7952.680642, "url": "", "pos": 1, "chunkLen": 1, "isStartTag": 1}}
06-28 10:47:59.431  7226  7239 E WProf.db: {"WprofHTMLTag": {"code": "0xaf047970", "doc": "https://searchengineland-com.cdn.ampproject.org/c/searchengineland.com/iac-buying-angies-list-will-combine-homeadvisor-new-public-company-274233/amp", "row": 0, "column": 247, "tagName": "meta", "time": 7952.688446, "url": "", "pos": 1, "chunkLen": 1, "isStartTag": 1}}
06-28 10:47:59.431  7226  7239 E WProf.db: {"WprofHTMLTag": {"code": "0xaf0479a0", "doc": "https://searchengineland-com.cdn.ampproject.org/c/searchengineland.com/iac-buying-angies-list-will-combine-homeadvisor-new-public-company-274233/amp", "row": 0, "column": 303, "tagName": "meta", "time": 7952.688662, "url": "", "pos": 1, "chunkLen": 1, "isStartTag": 1}}
06-28 10:47:59.431  7226  7239 E WProf.db: {"WprofHTMLTag": {"code": "0xaf047a90", "doc": "https://searchengineland-com.cdn.ampproject.org/c/searchengineland.com/iac-buying-angies-list-will-combine-homeadvisor-new-public-company-274233/amp", "row": 0, "column": 413, "tagName": "meta", "time": 7952.689038, "url": "", "pos": 1, "chunkLen": 1, "isStartTag": 1}}
06-28 10:47:59.431  7226  7239 E WProf.db: {"WprofHTMLTag": {"code": "0xaf047ac0", "doc": "https://searchengineland-com.cdn.ampproject.org/c/searchengineland.com/iac-buying-angies-list-will-combine-homeadvisor-new-public-company-274233/amp", "row": 0, "column": 533, "tagName": "meta", "time": 7952.689143, "url": "", "pos": 1, "chunkLen": 1, "isStartTag": 1}}
06-28 10:47:59.431  7226  7239 E WProf.db: {"WprofHTMLTag": {"code": "0xaf047b50", "doc": "https://searchengineland-com.cdn.ampproject.org/c/searchengineland.com/iac-buying-angies-list-will-combine-homeadvisor-new-public-company-274233/amp", "row": 0, "column": 582, "tagName": "meta", "time": 7952.689245, "url": "", "pos": 1, "chunkLen": 1, "isStartTag": 1}}
06-28 10:47:59.431  7153  7205 E chromium: [ERROR:gles2_cmd_decoder.cc(3852)] [.ChromiumCompositor-0xacbb3100]GL ERROR :GL_INVALID_ENUM : glDiscardFramebufferEXT: attachments was GL_COLOR_EXT
06-28 10:47:59.431  7226  7239 E WProf.db: {"WprofHTMLTag": {"code": "0xaf047b80", "doc": "https://searchengineland-com.cdn.ampproject.org/c/searchengineland.com/iac-buying-angies-list-will-combine-homeadvisor-new-public-company-274233/amp", "row": 0, "column": 716, "tagName": "meta", "time": 7952.689347, "url": "", "pos": 1, "chunkLen": 1, "isStartTag": 1}}
06-28 10:47:59.432  7226  7239 E WProf.db: {"WprofHTMLTag": {"code": "0xaf047bb0", "doc": "https://searchengineland-com.cdn.ampproject.org/c/searchengineland.com/iac-buying-angies-list-will-combine-homeadvisor-new-public-company-274233/amp", "row": 0, "column": 766, "tagName": "meta", "time": 7952.689450, "url": "", "pos": 1, "chunkLen": 1, "isStartTag": 1}}
06-28 10:47:59.432  7226  7239 E WProf.db: {"WprofHTMLTag": {"code": "0xaf047b20", "doc": "https://searchengineland-com.cdn.ampproject.org/c/searchengineland.com/iac-buying-angies-list-will-combine-homeadvisor-new-public-company-274233/amp", "row": 0, "column": 809, "tagName": "meta", "time": 7952.689559, "url": "", "pos": 1, "chunkLen": 1, "isStartTag": 1}}
06-28 10:47:59.432  7226  7239 E WProf.db: {"WprofHTMLTag": {"code": "0xaf047af0", "doc": "https://searchengineland-com.cdn.ampproject.org/c/searchengineland.com/iac-buying-angies-list-will-combine-homeadvisor-new-public-company-274233/amp", "row": 0, "column": 850, "tagName": "meta", "time": 7952.689663, "url": "", "pos": 1, "chunkLen": 1, "isStartTag": 1}}
06-28 10:47:59.432  7226  7239 E WProf.db: {"WprofHTMLTag": {"code": "0xaf047be0", "doc": "https://searchengineland-com.cdn.ampproject.org/c/searchengineland.com/iac-buying-angies-list-will-combine-homeadvisor-new-public-company-274233/amp", "row": 0, "column": 969, "tagName": "meta", "time": 7952.689764, "url": "", "pos": 1, "chunkLen": 1, "isStartTag": 1}}
06-28 10:47:59.432  7226  7239 E WProf.db: {"WprofHTMLTag": {"code": "0xaf047c10", "doc": "https://searchengineland-com.cdn.ampproject.org/c/searchengineland.com/iac-buying-angies-list-will-combine-homeadvisor-new-public-company-274233/amp", "row": 0, "column": 1078, "tagName": "meta", "time": 7952.689869, "url": "", "pos": 1, "chunkLen": 1, "isStartTag": 1}}
06-28 10:47:59.432  7226  7239 E WProf.db: {"WprofHTMLTag": {"code": "0xaf047c40", "doc": "https://searchengineland-com.cdn.ampproject.org/c/searchengineland.com/iac-buying-angies-list-will-combine-homeadvisor-new-public-company-274233/amp", "row": 0, "column": 1214, "tagName": "meta", "time": 7952.689980, "url": "", "pos": 1, "chunkLen": 1, "isStartTag": 1}}
06-28 10:47:59.432  7226  7239 E WProf.db: {"WprofHTMLTag": {"code": "0xaf047c70", "doc": "https://searchengineland-com.cdn.ampproject.org/c/searchengineland.com/iac-buying-angies-list-will-combine-homeadvisor-new-public-company-274233/amp", "row": 0, "column": 1273, "tagName": "meta", "time": 7952.690113, "url": "", "pos": 1, "chunkLen": 1, "isStartTag": 1}}
06-28 10:47:59.432  7226  7239 E WProf.db: {"WprofHTMLTag": {"code": "0xaf047ca0", "doc": "https://searchengineland-com.cdn.ampproject.org/c/searchengineland.com/iac-buying-angies-list-will-combine-homeadvisor-new-public-company-274233/amp", "row": 0, "column": 1406, "tagName": "meta", "time": 7952.690217, "url": "", "pos": 1, "chunkLen": 1, "isStartTag": 1}}
06-28 10:47:59.433  7226  7239 E WProf.db: {"WprofHTMLTag": {"code": "0xaf047cd0", "doc": "https://searchengineland-com.cdn.ampproject.org/c/searchengineland.com/iac-buying-angies-list-will-combine-homeadvisor-new-public-company-274233/amp", "row": 0, "column": 1451, "tagName": "meta", "time": 7952.690315, "url": "", "pos": 1, "chunkLen": 1, "isStartTag": 1}}
06-28 10:47:59.433  7226  7239 E WProf.db: {"WprofHTMLTag": {"code": "0xaf047d00", "doc": "https://searchengineland-com.cdn.ampproject.org/c/searchengineland.com/iac-buying-angies-list-will-combine-homeadvisor-new-public-company-274233/amp", "row": 0, "column": 1497, "tagName": "meta", "time": 7952.690422, "url": "", "pos": 1, "chunkLen": 1, "isStartTag": 1}}
06-28 10:47:59.433  7226  7239 E WProf.db: {"WprofHTMLTag": {"code": "0xaf047d30", "doc": "https://searchengineland-com.cdn.ampproject.org/c/searchengineland.com/iac-buying-angies-list-will-combine-homeadvisor-new-public-company-274233/amp", "row": 0, "column": 1570, "tagName": "script", "time": 7952.690524, "url": "https://cdn.ampproject.org/rtv/011498506512561/v0.js", "pos": 1, "chunkLen": 1, "isStartTag": 1}}
06-28 10:47:59.433  7226  7239 E WProf.db: {"WprofHTMLTag": {"code": "0xaf047d60", "doc": "https://searchengineland-com.cdn.ampproject.org/c/searchengineland.com/iac-buying-angies-list-will-combine-homeadvisor-new-public-company-274233/amp", "row": 0, "column": 1579, "tagName": "script", "time": 7952.690784, "url": "", "pos": 1, "chunkLen": 1, "isStartTag": 0}}
06-28 10:47:59.433  7226  7239 E WProf.db: {"WprofHTMLTag": {"code": "0xaf047d90", "doc": "https://searchengineland-com.cdn.ampproject.org/c/searchengineland.com/iac-buying-angies-list-will-combine-homeadvisor-new-public-company-274233/amp", "row": 0, "column": 1687, "tagName": "script", "time": 7952.691358, "url": "https://cdn.ampproject.org/rtv/011498506512561/v0/amp-ad-0.1.js", "pos": 1, "chunkLen": 1, "isStartTag": 1}}
06-28 10:47:59.434  7226  7239 E WProf.db: {"WprofHTMLTag": {"code": "0xaf047df0", "doc": "https://searchengineland-com.cdn.ampproject.org/c/searchengineland.com/iac-buying-angies-list-will-combine-homeadvisor-new-public-company-274233/amp", "row": 0, "column": 1696, "tagName": "script", "time": 7952.691612, "url": "", "pos": 1, "chunkLen": 1, "isStartTag": 0}}
06-28 10:47:59.434  7226  7239 E WProf.db: {"WprofHTMLTag": {"code": "0xaf047e20", "doc": "https://searchengineland-com.cdn.ampproject.org/c/searchengineland.com/iac-buying-angies-list-will-combine-homeadvisor-new-public-company-274233/amp", "row": 0, "column": 1818, "tagName": "script", "time": 7952.692291, "url": "https://cdn.ampproject.org/rtv/011498506512561/v0/amp-analytics-0.1.js", "pos": 1, "chunkLen": 1, "isStartTag": 1}}
06-28 10:47:59.434  7226  7239 E WProf.db: {"WprofHTMLTag": {"code": "0xaf047e80", "doc": "https://searchengineland-com.cdn.ampproject.org/c/searchengineland.com/iac-buying-angies-list-will-combine-homeadvisor-new-public-company-274233/amp", "row": 0, "column": 1827, "tagName": "script", "time": 7952.692572, "url": "", "pos": 1, "chunkLen": 1, "isStartTag": 0}}
06-28 10:47:59.434  7226  7239 E WProf.db: {"WprofHTMLTag": {"code": "0xaf047eb0", "doc": "https://searchengineland-com.cdn.ampproject.org/c/searchengineland.com/iac-buying-angies-list-will-combine-homeadvisor-new-public-company-274233/amp", "row": 0, "column": 1939, "tagName": "script", "time": 7952.692977, "url": "https://cdn.ampproject.org/rtv/011498506512561/v0/amp-anim-0.1.js", "pos": 1, "chunkLen": 1, "isStartTag": 1}}
06-28 10:47:59.434  7226  7239 E WProf.db: {"WprofHTMLTag": {"code": "0xaf047f10", "doc": "https://searchengineland-com.cdn.ampproject.org/c/searchengineland.com/iac-buying-angies-list-will-combine-homeadvisor-new-public-company-274233/amp", "row": 0, "column": 1948, "tagName": "script", "time": 7952.693234, "url": "", "pos": 1, "chunkLen": 1, "isStartTag": 0}}
06-28 10:47:59.434  7226  7239 E WProf.db: {"WprofHTMLTag": {"code": "0xaf047f40", "doc": "https://searchengineland-com.cdn.ampproject.org/c/searchengineland.com/iac-buying-angies-list-will-combine-homeadvisor-new-public-company-274233/amp", "row": 0, "column": 2060, "tagName": "script", "time": 7952.693652, "url": "https://cdn.ampproject.org/rtv/011498506512561/v0/amp-form-0.1.js", "pos": 1, "chunkLen": 1, "isStartTag": 1}}
06-28 10:47:59.434  7226  7239 E WProf.db: {"WprofHTMLTag": {"code": "0xaf047fa0", "doc": "https://searchengineland-com.cdn.ampproject.org/c/searchengineland.com/iac-buying-angies-list-will-combine-homeadvisor-new-public-company-274233/amp", "row": 0, "column": 2069, "tagName": "script", "time": 7952.693907, "url": "", "pos": 1, "chunkLen": 1, "isStartTag": 0}}
06-28 10:47:59.435  7226  7239 E WProf.db: {"WprofHTMLTag": {"code": "0xaedd44e0", "doc": "https://searchengineland-com.cdn.ampproject.org/c/searchengineland.com/iac-buying-angies-list-will-combine-homeadvisor-new-public-company-274233/amp", "row": 0, "column": 2187, "tagName": "script", "time": 7952.694352, "url": "https://cdn.ampproject.org/rtv/011498506512561/v0/amp-sidebar-0.1.js", "pos": 1, "chunkLen": 1, "isStartTag": 1}}
06-28 10:47:59.435  7226  7239 E WProf.db: {"WprofHTMLTag": {"code": "0xb4cc74b0", "doc": "https://searchengineland-com.cdn.ampproject.org/c/searchengineland.com/iac-buying-angies-list-will-combine-homeadvisor-new-public-company-274233/amp", "row": 0, "column": 2196, "tagName": "script", "time": 7952.694615, "url": "", "pos": 1, "chunkLen": 1, "isStartTag": 0}}
06-28 10:47:59.435  7226  7239 E WProf.db: {"WprofHTMLTag": {"code": "0xb4cc7540", "doc": "https://searchengineland-com.cdn.ampproject.org/c/searchengineland.com/iac-buying-angies-list-will-combine-homeadvisor-new-public-company-274233/amp", "row": 0, "column": 2310, "tagName": "script", "time": 7952.694995, "url": "https://cdn.ampproject.org/rtv/011498506512561/v0/amp-video-0.1.js", "pos": 1, "chunkLen": 1, "isStartTag": 1}}
06-28 10:47:59.435  7226  7239 E WProf.db: {"WprofHTMLTag": {"code": "0xb4cc78d0", "doc": "https://searchengineland-com.cdn.ampproject.org/c/searchengineland.com/iac-buying-angies-list-will-combine-homeadvisor-new-public-company-274233/amp", "row": 0, "column": 2319, "tagName": "script", "time": 7952.695256, "url": "", "pos": 1, "chunkLen": 1, "isStartTag": 0}}
06-28 10:47:59.435  7226  7239 E WProf.db: {"WprofHTMLTag": {"code": "0xb4cc7900", "doc": "https://searchengineland-com.cdn.ampproject.org/c/searchengineland.com/iac-buying-angies-list-will-combine-homeadvisor-new-public-company-274233/amp", "row": 0, "column": 2437, "tagName": "script", "time": 7952.695628, "url": "https://cdn.ampproject.org/rtv/011498506512561/v0/amp-youtube-0.1.js", "pos": 1, "chunkLen": 1, "isStartTag": 1}}
06-28 10:47:59.436  7226  7239 E WProf.db: {"WprofHTMLTag": {"code": "0xb4cc7960", "doc": "https://searchengineland-com.cdn.ampproject.org/c/searchengineland.com/iac-buying-angies-list-will-combine-homeadvisor-new-public-company-274233/amp", "row": 0, "column": 2446, "tagName": "script", "time": 7952.695892, "url": "", "pos": 1, "chunkLen": 1, "isStartTag": 0}}
06-28 10:47:59.436  7226  7239 E WProf.db: {"WprofHTMLTag": {"code": "0xb4cc7990", "doc": "https://searchengineland-com.cdn.ampproject.org/c/searchengineland.com/iac-buying-angies-list-will-combine-homeadvisor-new-public-company-274233/amp", "row": 0, "column": 2504, "tagName": "link", "time": 7952.696306, "url": "https://searchengineland-com.cdn.ampproject.org/i/searchengineland.com/favicon.ico", "pos": 1, "chunkLen": 1, "isStartTag": 1}}
06-28 10:47:59.436  7226  7239 E WProf.db: {"WprofHTMLTag": {"code": "0xb4cc79c0", "doc": "https://searchengineland-com.cdn.ampproject.org/c/searchengineland.com/iac-buying-angies-list-will-combine-homeadvisor-new-public-company-274233/amp", "row": 0, "column": 2591, "tagName": "link", "time": 7952.696567, "url": "https://fonts.googleapis.com/css?family=Oswald:300,400,700", "pos": 1, "chunkLen": 1, "isStartTag": 1}}
06-28 10:47:59.436  7226  7239 E WProf.db: {"WprofHTMLTag": {"code": "0xb4cc79f0", "doc": "https://searchengineland-com.cdn.ampproject.org/c/searchengineland.com/iac-buying-angies-list-will-combine-homeadvisor-new-public-company-274233/amp", "row": 0, "column": 2660, "tagName": "link", "time": 7952.696967, "url": "https://fonts.gstatic.com/", "pos": 1, "chunkLen": 1, "isStartTag": 1}}
06-28 10:47:59.436  7226  7239 E WProf.db: {"WprofHTMLTag": {"code": "0xb4cc7a20", "doc": "https://searchengineland-com.cdn.ampproject.org/c/searchengineland.com/iac-buying-angies-list-will-combine-homeadvisor-new-public-company-274233/amp", "row": 0, "column": 2769, "tagName": "link", "time": 7952.697146, "url": "https://fonts.googleapis.com/css?family=Merriweather:400,400italic,700,700italic", "pos": 1, "chunkLen": 1, "isStartTag": 1}}
06-28 10:47:59.437  7226  7239 E WProf.db: {"WprofHTMLTag": {"code": "0xb4cc7a50", "doc": "https://searchengineland-com.cdn.ampproject.org/c/searchengineland.com/iac-buying-angies-list-will-combine-homeadvisor-new-public-company-274233/amp", "row": 0, "column": 2787, "tagName": "style", "time": 7952.697547, "url": "", "pos": 1, "chunkLen": 1, "isStartTag": 1}}
06-28 10:47:59.437  7226  7239 E WProf.db: {"WprofHTMLTag": {"code": "0xb4cc7a80", "doc": "https://searchengineland-com.cdn.ampproject.org/c/searchengineland.com/iac-buying-angies-list-will-combine-homeadvisor-new-public-company-274233/amp", "row": 612, "column": 9, "tagName": "style", "time": 7952.697839, "url": "", "pos": 1, "chunkLen": 1, "isStartTag": 0}}
06-28 10:47:59.437  7226  7239 E WProf.db: {"WprofHTMLTag": {"code": "0xb4cc7f60", "doc": "https://searchengineland-com.cdn.ampproject.org/c/searchengineland.com/iac-buying-angies-list-will-combine-homeadvisor-new-public-company-274233/amp", "row": 612, "column": 16, "tagName": "title", "time": 7952.708987, "url": "", "pos": 1, "chunkLen": 1, "isStartTag": 1}}
06-28 10:47:59.437  7226  7239 E WProf.db: {"WprofHTMLTag": {"code": "0xb4cc7f90", "doc": "https://searchengineland-com.cdn.ampproject.org/c/searchengineland.com/iac-buying-angies-list-will-combine-homeadvisor-new-public-company-274233/amp", "row": 612, "column": 106, "tagName": "title", "time": 7952.709138, "url": "", "pos": 1, "chunkLen": 1, "isStartTag": 0}}
