--------- beginning of main
06-28 14:54:02.422  3449  3449 E Finsky  : [1] com.google.android.finsky.wear.bl.a(3): onConnectionFailed: ConnectionResult{statusCode=API_UNAVAILABLE, resolution=null, message=null}
--------- beginning of system
06-28 14:54:03.774 27206 27206 E chromium: [ERROR:shell_integration_android.cc(12)] Not implemented reached in static ShellIntegration::DefaultWebClientSetPermission ShellIntegration::CanSetAsDefaultBrowser()
06-28 14:54:03.779 27206 27206 E chromium: [ERROR:browser_process_impl.cc(720)] Not implemented reached in virtual BackgroundModeManager* BrowserProcessImpl::background_mode_manager()
06-28 14:54:06.470 27206 27253 E chromium: [ERROR:gles2_cmd_decoder.cc(3852)] [.ChromiumCompositor-0xacbb2fc0]GL ERROR :GL_INVALID_ENUM : glDiscardFramebufferEXT: attachments was GL_COLOR_EXT
06-28 14:54:06.811 27273 27286 E WPROF   : {"CSS": {"url": "http://searchengineland.com/figz/wp-content/themes/searchengineland/css/searchengineland-bootstrap.css", "requestTime": 22723.866980}}
06-28 14:54:06.812 27273 27286 E WPROF   : {"CSS": {"url": "http://fonts.googleapis.com/css?family=Oswald:300,400,700", "requestTime": 22723.867598}}
06-28 14:54:06.812 27273 27286 E WPROF   : {"CSS": {"url": "http://searchengineland.com/figz/wp-content/themes/searchengineland/style.css", "requestTime": 22723.868194}}
06-28 14:54:06.817 27273 27286 E WPROF   : {"Javascript": {"url": "http://searchengineland.com/figz/wp-content/themes/searchengineland/js/lib/modernizr.custom.js?ver=1.0", "requestTime": 22723.872856}}
06-28 14:54:06.818 27273 27286 E WPROF   : {"Javascript": {"url": "http://searchengineland.com/figz/wp-content/themes/searchengineland/js/lib/jquery-1.11.0.min.js?ver=1.11.0", "requestTime": 22723.873523}}
06-28 14:54:06.818 27273 27286 E WPROF   : {"Javascript": {"url": "http://searchengineland.com/figz/wp-content/themes/searchengineland/js/lib/jquery-ui-1.10.3.custom.min.js?ver=1.10.3", "requestTime": 22723.873959}}
06-28 14:54:06.819 27273 27286 E WPROF   : {"Javascript": {"url": "http://searchengineland.com/figz/wp-content/themes/searchengineland/js/lib/jquery.ba-throttle-debounce.min.js?ver=1.1", "requestTime": 22723.874373}}
06-28 14:54:06.819 27273 27286 E WPROF   : {"Javascript": {"url": "http://searchengineland.com/figz/wp-content/themes/searchengineland/js/lib/jquery.countdown.min.js?ver=2.0.4", "requestTime": 22723.874791}}
06-28 14:54:06.819 27273 27286 E WPROF   : {"Javascript": {"url": "http://static.chartbeat.com/js/chartbeat_mab.js", "requestTime": 22723.875215}}
06-28 14:54:07.412 27273 27286 E WPROF   : {"Javascript": {"url": "http://searchengineland.com/figz/wp-includes/js/wp-emoji-release.min.js?ver=4.7.5", "requestTime": 22724.468147}}
06-28 14:54:07.786 27273 27286 E WPROF   : {"Javascript": {"url": "http://www.googletagservices.com/tag/js/gpt.js", "requestTime": 22724.841341}}
06-28 14:54:07.793 27273 27286 E WPROF   : {"Javascript": {"url": "https://www.google-analytics.com/analytics.js", "requestTime": 22724.848678}}
06-28 14:54:07.796 27273 27286 E WPROF   : {"Javascript": {"url": "http://edge.quantserve.com/quant.js", "requestTime": 22724.851275}}
06-28 14:54:07.797 27273 27286 E WPROF   : {"Javascript": {"url": "https://connect.facebook.net/en_US/fbevents.js", "requestTime": 22724.853021}}
06-28 14:54:07.868 27206 27253 E chromium: [ERROR:gles2_cmd_decoder.cc(3852)] [.ChromiumCompositor-0xacbb2fc0]GL ERROR :GL_INVALID_ENUM : glDiscardFramebufferEXT: attachments was GL_COLOR_EXT
06-28 14:54:07.901 27273 27286 E WPROF   : {"Javascript": {"url": "http://app-sj02.marketo.com/js/forms2/js/forms2.min.js", "requestTime": 22724.957188}}
06-28 14:54:07.987 27206 27253 E chromium: [ERROR:gles2_cmd_decoder.cc(3852)] [.ChromiumCompositor-0xacbb2fc0]GL ERROR :GL_INVALID_ENUM : glDiscardFramebufferEXT: attachments was GL_COLOR_EXT
06-28 14:54:08.023 27273 27286 E WPROF   : {"Javascript": {"url": "https://connect.facebook.net/signals/config/423979991297359?v=2.7.17", "requestTime": 22725.078906}}
06-28 14:54:08.181 27273 27286 E WPROF   : {"Javascript": {"url": "http://app-sj02.marketo.com/index.php/form/getForm?munchkinId=727-ZQE-044&form=5691&url=http%3A%2F%2Fsearchengineland.com%2Fjust-launched-search-engine-lands-new-martech-today-website-261253&callback=jQuery110200768647794611752_1498629248113&_=1498629248114", "requestTime": 22725.236844}}
06-28 14:54:08.197 27273 27286 E WPROF   : {"Javascript": {"url": "http://app-sj02.marketo.com/index.php/form/getForm?munchkinId=727-ZQE-044&form=5685&url=http%3A%2F%2Fsearchengineland.com%2Fjust-launched-search-engine-lands-new-martech-today-website-261253&callback=jQuery110200768647794611752_1498629248115&_=1498629248116", "requestTime": 22725.252901}}
06-28 14:54:08.282 27273 27286 E WPROF   : {"Javascript": {"url": "https://securepubads.g.doubleclick.net/gpt/pubads_impl_121.js", "requestTime": 22725.337436}}
06-28 14:54:08.454 27273 27286 E WPROF   : {"Javascript": {"url": "http://app-sj02.marketo.com/index.php/form/getForm?munchkinId=727-ZQE-044&form=5673&url=http%3A%2F%2Fsearchengineland.com%2Fjust-launched-search-engine-lands-new-martech-today-website-261253&callback=jQuery110200768647794611752_1498629248117&_=1498629248118", "requestTime": 22725.509358}}
06-28 14:54:08.465 27273 27286 E WPROF   : {"Javascript": {"url": "http://searchengineland.com/js/ga_social_tracking.js", "requestTime": 22725.520711}}
06-28 14:54:08.466 27273 27286 E WPROF   : {"Javascript": {"url": "http://s7.addthis.com/js/300/addthis_widget.js#pubid=ra-53e918f660794f37", "requestTime": 22725.521600}}
06-28 14:54:08.531 27206 27253 E chromium: [ERROR:gles2_cmd_decoder.cc(3852)] [.ChromiumCompositor-0xacbb2fc0]GL ERROR :GL_INVALID_ENUM : glDiscardFramebufferEXT: attachments was GL_COLOR_EXT
06-28 14:54:08.919 27273 27286 E WPROF   : {"Javascript": {"url": "http://cdn.api.twitter.com/1/users/show.json?screen_name=mattmcgee&callback=twttr.setFollowersCount", "requestTime": 22725.975195}}
06-28 14:54:09.048 27273 27286 E WPROF   : {"CSS": {"url": "http://app-sj02.marketo.com/js/forms2/css/forms2.css", "requestTime": 22726.103267}}
06-28 14:54:09.051 27273 27286 E WPROF   : {"CSS": {"url": "http://app-sj02.marketo.com/js/forms2/css/forms2-theme-simple.css", "requestTime": 22726.106614}}
06-28 14:54:09.131 27206 27253 E chromium: [ERROR:gles2_cmd_decoder.cc(3852)] [.ChromiumCompositor-0xacbb2fc0]GL ERROR :GL_INVALID_ENUM : glDiscardFramebufferEXT: attachments was GL_COLOR_EXT
06-28 14:54:09.677 27273 27286 E WPROF   : {"Javascript": {"url": "https://securepubads.g.doubleclick.net/gampad/ads?gdfp_req=1&correlator=706492496871424&output=json_html&callback=googletag.impl.pubads.callbackProxy1&impl=fifs&json_a=1&eid=108809080%2C108809107&sc=0&sfv=1-0-9&iu_parts=1038259%2Csel-ciu-1%2Csel-ciu-2%2Csel-ciu-3%2Csel-ciu-4%2Csel-ciu-5%2Cch-industr", "requestTime": 22726.733061}}
06-28 14:54:09.759 27273 27286 E WPROF   : {"Javascript": {"url": "https://static.xx.fbcdn.net/rsrc.php/v3iy6L4/yk/l/ko_KR/be4fIjHRc8P.js", "requestTime": 22726.814313}}
06-28 14:54:10.247 27273 27286 E WPROF   : {"Javascript": {"url": "http://platform.twitter.com/widgets.js", "requestTime": 22727.302456}}
06-28 14:54:10.250 27273 27286 E WPROF   : {"Javascript": {"url": "http://connect.facebook.net/en_US/sdk.js", "requestTime": 22727.305788}}
06-28 14:54:10.253 27273 27286 E WPROF   : {"Javascript": {"url": "https://apis.google.com/js/platform.js", "requestTime": 22727.308650}}
06-28 14:54:10.274 27273 27286 E WPROF   : {"Javascript": {"url": "http://rules.quantcount.com/rules-p-5aGizvD82d9hk.js", "requestTime": 22727.329318}}
06-28 14:54:10.277 27273 27286 E WPROF   : {"Javascript": {"url": "http://munchkin.marketo.net/munchkin.js", "requestTime": 22727.332404}}
06-28 14:54:10.361 27206 27253 E chromium: [ERROR:gles2_cmd_decoder.cc(3852)] [.ChromiumCompositor-0xacbb2fc0]GL ERROR :GL_INVALID_ENUM : glDiscardFramebufferEXT: attachments was GL_COLOR_EXT
06-28 14:54:10.540 27273 27286 E WPROF   : {"Javascript": {"url": "http://d2j3qa5nc37287.cloudfront.net/coupon_code1.js", "requestTime": 22727.596160}}
06-28 14:54:10.553 27273 27286 E WPROF   : {"Javascript": {"url": "http://www.googleadservices.com/pagead/conversion.js", "requestTime": 22727.608589}}
06-28 14:54:10.558 27273 27286 E WPROF   : {"Javascript": {"url": "http://searchengineland.com/figz/wp-content/themes/searchengineland/js/script.js?ver=1.0", "requestTime": 22727.613798}}
06-28 14:54:10.563 27273 27286 E WPROF   : {"Javascript": {"url": "http://searchengineland.com/figz/wp-includes/js/wp-embed.min.js?ver=4.7.5", "requestTime": 22727.618462}}
06-28 14:54:10.563 27273 27286 E WPROF   : {"Javascript": {"url": "http://searchengineland.com/figz/wp-content/themes/searchengineland/js/modules/sharing_controls.js", "requestTime": 22727.619136}}
06-28 14:54:10.580 27273 27286 E WPROF   : {"CSS": {"url": "https://www.youtube.com/yts/cssbin/www-embed-player-sprite-mode-vfl5G4Xm8.css", "requestTime": 22727.636111}}
06-28 14:54:10.583 27273 27286 E WPROF   : {"Javascript": {"url": "https://www.youtube.com/yts/jsbin/www-embed-player-vfl_UY_j8/www-embed-player.js", "requestTime": 22727.638983}}
06-28 14:54:10.584 27273 27286 E WPROF   : {"Javascript": {"url": "https://www.youtube.com/yts/jsbin/player-vflo1w4O-/ko_KR/base.js", "requestTime": 22727.639428}}
06-28 14:54:10.591 27206 27253 E chromium: [ERROR:gles2_cmd_decoder.cc(3852)] [.ChromiumCompositor-0xacbb2fc0]GL ERROR :GL_INVALID_ENUM : glDiscardFramebufferEXT: attachments was GL_COLOR_EXT
06-28 14:54:10.831 27273 27286 E WPROF   : {"Javascript": {"url": "http://dnn506yrbagrg.cloudfront.net/pages/scripts/0026/4062.js?416285", "requestTime": 22727.886504}}
06-28 14:54:10.995 27206 27253 E chromium: [ERROR:gles2_cmd_decoder.cc(3852)] [.ChromiumCompositor-0xacbb2fc0]GL ERROR :GL_INVALID_ENUM : glDiscardFramebufferEXT: attachments was GL_COLOR_EXT
06-28 14:54:11.524 27273 27286 E WPROF   : {"Javascript": {"url": "http://m.addthisedge.com/live/boost/ra-53e918f660794f37/_ate.track.config_resp", "requestTime": 22728.579765}}
06-28 14:54:11.583 27273 27286 E WPROF   : {"Javascript": {"url": "http://m.addthis.com/live/red_lojson/300lo.json?si=59534482254b0a5e&bkl=0&bl=1&pdt=2088&sid=59534482254b0a5e&pub=ra-53e918f660794f37&rev=v7.15.4-wp&ln=ko&pc=men&cb=0&ab=-&dp=marketingland.com&fp=just-launched-marketing-lands-new-martech-today-website-194900&fr=&of=0&pd=0&irt=0&vcl=0&md=0&ct=1&tct=0&", "requestTime": 22728.638656}}
06-28 14:54:11.913 27206 27253 E chromium: [ERROR:gles2_cmd_decoder.cc(3852)] [.ChromiumCompositor-0xacbb2fc0]GL ERROR :GL_INVALID_ENUM : glDiscardFramebufferEXT: attachments was GL_COLOR_EXT
06-28 14:54:12.455 27206 27253 E chromium: [ERROR:gles2_cmd_decoder.cc(3852)] [.ChromiumCompositor-0xacbb2fc0]GL ERROR :GL_INVALID_ENUM : glDiscardFramebufferEXT: attachments was GL_COLOR_EXT
06-28 14:54:13.355 27273 27286 E WPROF   : {"Javascript": {"url": "https://www.google.com/js/bg/KWBfAnWFESAEEaKKgdYlTHY9ysQaNoQuzeMFqvxDSM8.js", "requestTime": 22730.411108}}
06-28 14:54:13.358 27273 27286 E WPROF   : {"Javascript": {"url": "https://static.doubleclick.net/instream/ad_status.js", "requestTime": 22730.413598}}
06-28 14:54:13.785 27206 27253 E chromium: [ERROR:gles2_cmd_decoder.cc(3852)] [.ChromiumCompositor-0xacbb2fc0]GL ERROR :GL_INVALID_ENUM : glDiscardFramebufferEXT: attachments was GL_COLOR_EXT
06-28 14:54:13.873 27273 27286 E WPROF   : {"Javascript": {"url": "https://tpc.googlesyndication.com/pagead/js/r20170619/r20110914/client/ext/m_window_focus_non_hydra.js", "requestTime": 22730.928449}}
06-28 14:54:13.875 27273 27286 E WPROF   : {"Javascript": {"url": "https://tpc.googlesyndication.com/pagead/js/r20170619/r20110914/activeview/osd_listener.js", "requestTime": 22730.930288}}
06-28 14:54:13.879 27273 27286 E WPROF   : {"Javascript": {"url": "http://pagead2.googlesyndication.com/pagead/osd.js", "requestTime": 22730.935078}}
06-28 14:54:14.159 27273 27286 E WPROF   : {"Javascript": {"url": "https://platform.twitter.com/js/button.b731e6c82269f70f6fc53634e044a4c6.js", "requestTime": 22731.214909}}
06-28 14:54:14.165 27273 27286 E WPROF   : {"Javascript": {"url": "http://munchkin.marketo.net/151/munchkin.js", "requestTime": 22731.220391}}
06-28 14:54:14.171 27273 27286 E WPROF   : {"Javascript": {"url": "http://www.justuno.com/ajax/account_version_check.html?id=828FA275-FF73-401E-AA39-40F5A6FAB6B1", "requestTime": 22731.227171}}
06-28 14:54:14.434 27273 27286 E WPROF   : {"Javascript": {"url": "http://s7.addthis.com/static/layers.4acb6c577b51939661ec.js", "requestTime": 22731.489238}}
06-28 14:54:14.523 27206 27253 E chromium: [ERROR:gles2_cmd_decoder.cc(3852)] [.ChromiumCompositor-0xacbb2fc0]GL ERROR :GL_INVALID_ENUM : glDiscardFramebufferEXT: attachments was GL_COLOR_EXT
06-28 14:54:15.226 27206 27253 E chromium: [ERROR:gles2_cmd_decoder.cc(3852)] [.ChromiumCompositor-0xacbb2fc0]GL ERROR :GL_INVALID_ENUM : glDiscardFramebufferEXT: attachments was GL_COLOR_EXT
06-28 14:54:15.695 27206 27253 E chromium: [ERROR:gles2_cmd_decoder.cc(3852)] [.ChromiumCompositor-0xacbb2fc0]GL ERROR :GL_INVALID_ENUM : glDiscardFramebufferEXT: attachments was GL_COLOR_EXT
06-28 14:54:15.897 27206 27253 E chromium: [ERROR:gles2_cmd_decoder.cc(3852)] [.ChromiumCompositor-0xacbb2fc0]GL ERROR :GL_INVALID_ENUM : glDiscardFramebufferEXT: attachments was GL_COLOR_EXT
06-28 14:54:15.996 27273 27286 E WPROF   : {"Javascript": {"url": "https://app-sj02.marketo.com/js/forms2/js/forms2.min.js", "requestTime": 22733.051692}}
06-28 14:54:18.102 27273 27286 E WPROF   : {"Javascript": {"url": "http://cdn.justuno.com/mwgt_3.6.js", "requestTime": 22735.157502}}
06-28 14:54:18.356 27206 27253 E chromium: [ERROR:gles2_cmd_decoder.cc(3852)] [.ChromiumCompositor-0xacbb2fc0]GL ERROR :GL_INVALID_ENUM : glDiscardFramebufferEXT: attachments was GL_COLOR_EXT
06-28 14:54:18.450 27206 27253 E chromium: [ERROR:gles2_cmd_decoder.cc(3852)] [.ChromiumCompositor-0xacbb2fc0]GL ERROR :GL_INVALID_ENUM : glDiscardFramebufferEXT: attachments was GL_COLOR_EXT
06-28 14:54:18.564 27206 27253 E chromium: [ERROR:gles2_cmd_decoder.cc(3852)] [.ChromiumCompositor-0xacbb2fc0]GL ERROR :GL_INVALID_ENUM : glDiscardFramebufferEXT: attachments was GL_COLOR_EXT
06-28 14:54:19.333 27273 27286 E WPROF   : {"Javascript": {"url": "https://cdn.syndication.twimg.com/widgets/followbutton/info.json?callback=__twttr.setFollowersCountAndFollowing&lang=en&screen_names=sengineland", "requestTime": 22736.388946}}
06-28 14:54:19.908 27273 27286 E WProf.db: {"page": "searchengineland.com_just-launched-search-engine-lands-new-martech-today-website-261253"}
06-28 14:54:19.908 27273 27286 E WProf.db: {"DOMLoad": 22736.963804}
06-28 14:54:19.908 27273 27286 E WProf.db: {"Resource": {"id": 1, "url": "http://searchengineland.com/just-launched-search-engine-lands-new-martech-today-website-261253", "sentTime": -1.000000, "len": 90318, "from": "0x0", "mimeType": "text/html", "contentLength": -1, "httpStatus": 200, "connId": 22, "connReused": 0, "cached": 0,"requestTime": 22723.440245, "proxyStart": -1, "proxyEnd": -1, "dnsStart": 0, "dnsEnd": 17, "connectStart": 0, "connectEnd": 171, "sendStart": 171, "sendEnd": 172, "receiveHeadersEnd": 335, "sslStart": -1, "sslEnd": -1}}
06-28 14:54:19.908 27273 27286 E WProf.db: {"ReceivedChunk": {"receivedTime": 22723.794799, "len": 7869}}
06-28 14:54:19.908 27273 27286 E WProf.db: {"ReceivedChunk": {"receivedTime": 22723.858198, "len": 32768}}
06-28 14:54:19.908 27273 27286 E WProf.db: {"ReceivedChunk": {"receivedTime": 22723.858424, "len": 32155}}
06-28 14:54:19.908 27273 27286 E WProf.db: {"ReceivedChunk": {"receivedTime": 22723.923514, "len": 17526}}
06-28 14:54:19.909 27273 27286 E WProf.db: {"WprofHTMLTag": {"code": "0xaedd7300", "doc": "http://searchengineland.com/just-launched-search-engine-lands-new-martech-today-website-261253", "row": 6, "column": 42, "tagName": "html", "time": 22723.861901, "url": "", "pos": 1, "chunkLen": 1, "isStartTag": 1}}
06-28 14:54:19.909 27273 27286 E WProf.db: {"WprofHTMLTag": {"code": "0xaf0477f0", "doc": "http://searchengineland.com/just-launched-search-engine-lands-new-martech-today-website-261253", "row": 7, "column": 6, "tagName": "head", "time": 22723.862296, "url": "", "pos": 1, "chunkLen": 1, "isStartTag": 1}}
06-28 14:54:19.909 27273 27286 E WProf.db: {"WprofHTMLTag": {"code": "0xaf0478e0", "doc": "http://searchengineland.com/just-launched-search-engine-lands-new-martech-today-website-261253", "row": 8, "column": 54, "tagName": "meta", "time": 22723.862339, "url": "", "pos": 1, "chunkLen": 1, "isStartTag": 1}}
06-28 14:54:19.909 27273 27286 E WProf.db: {"WprofHTMLTag": {"code": "0xaf047910", "doc": "http://searchengineland.com/just-launched-search-engine-lands-new-martech-today-website-261253", "row": 9, "column": 68, "tagName": "meta", "time": 22723.862470, "url": "", "pos": 1, "chunkLen": 1, "isStartTag": 1}}
06-28 14:54:19.909 27273 27286 E WProf.db: {"WprofHTMLTag": {"code": "0xaf047940", "doc": "http://searchengineland.com/just-launched-search-engine-lands-new-martech-today-website-261253", "row": 10, "column": 23, "tagName": "meta", "time": 22723.862570, "url": "", "pos": 1, "chunkLen": 1, "isStartTag": 1}}
06-28 14:54:19.909 27273 27286 E WProf.db: {"WprofHTMLTag": {"code": "0xaf047970", "doc": "http://searchengineland.com/just-launched-search-engine-lands-new-martech-today-website-261253", "row": 11, "column": 52, "tagName": "meta", "time": 22723.862689, "url": "", "pos": 1, "chunkLen": 1, "isStartTag": 1}}
06-28 14:54:19.909 27273 27286 E WProf.db: {"WprofHTMLTag": {"code": "0xaf0479a0", "doc": "http://searchengineland.com/just-launched-search-engine-lands-new-martech-today-website-261253", "row": 14, "column": 56, "tagName": "meta", "time": 22723.862886, "url": "", "pos": 1, "chunkLen": 1, "isStartTag": 1}}
06-28 14:54:19.909 27273 27286 E WProf.db: {"WprofHTMLTag": {"code": "0xaf0479d0", "doc": "http://searchengineland.com/just-launched-search-engine-lands-new-martech-today-website-261253", "row": 15, "column": 83, "tagName": "meta", "time": 22723.862989, "url": "", "pos": 1, "chunkLen": 1, "isStartTag": 1}}
06-28 14:54:19.909 27273 27286 E WProf.db: {"WprofHTMLTag": {"code": "0xaf047a00", "doc": "http://searchengineland.com/just-launched-search-engine-lands-new-martech-today-website-261253", "row": 16, "column": 57, "tagName": "meta", "time": 22723.863097, "url": "", "pos": 1, "chunkLen": 1, "isStartTag": 1}}
06-28 14:54:19.909 27273 27286 E WProf.db: {"WprofHTMLTag": {"code": "0xaf047a90", "doc": "http://searchengineland.com/just-launched-search-engine-lands-new-martech-today-website-261253", "row": 17, "column": 41, "tagName": "meta", "time": 22723.863198, "url": "", "pos": 1, "chunkLen": 1, "isStartTag": 1}}
06-28 14:54:19.909 27273 27286 E WProf.db: {"WprofHTMLTag": {"code": "0xaf047ac0", "doc": "http://searchengineland.com/just-launched-search-engine-lands-new-martech-today-website-261253", "row": 18, "column": 50, "tagName": "meta", "time": 22723.863304, "url": "", "pos": 1, "chunkLen": 1, "isStartTag": 1}}
06-28 14:54:19.909 27273 27286 E WProf.db: {"WprofHTMLTag": {"code": "0xaf047af0", "doc": "http://searchengineland.com/just-launched-search-engine-lands-new-martech-today-website-261253", "row": 19, "column": 174, "tagName": "meta", "time": 22723.863408, "url": "", "pos": 1, "chunkLen": 1, "isStartTag": 1}}
06-28 14:54:19.909 27273 27286 E WProf.db: {"WprofHTMLTag": {"code": "0xaf047a60", "doc": "http://searchengineland.com/just-launched-search-engine-lands-new-martech-today-website-261253", "row": 20, "column": 47, "tagName": "meta", "time": 22723.863507, "url": "", "pos": 1, "chunkLen": 1, "isStartTag": 1}}
06-28 14:54:19.910 27273 27286 E WProf.db: {"WprofHTMLTag": {"code": "0xaf047a30", "doc": "http://searchengineland.com/just-launched-search-engine-lands-new-martech-today-website-261253", "row": 21, "column": 67, "tagName": "meta", "time": 22723.863609, "url": "", "pos": 1, "chunkLen": 1, "isStartTag": 1}}
06-28 14:54:19.910 27273 27286 E WProf.db: {"WprofHTMLTag": {"code": "0xaf047b20", "doc": "http://searchengineland.com/just-launched-search-engine-lands-new-martech-today-website-261253", "row": 22, "column": 57, "tagName": "meta", "time": 22723.863713, "url": "", "pos": 1, "chunkLen": 1, "isStartTag": 1}}
06-28 14:54:19.910 27273 27286 E WProf.db: {"WprofHTMLTag": {"code": "0xaf047b50", "doc": "http://searchengineland.com/just-launched-search-engine-lands-new-martech-today-website-261253", "row": 23, "column": 65, "tagName": "meta", "time": 22723.863822, "url": "", "pos": 1, "chunkLen": 1, "isStartTag": 1}}
06-28 14:54:19.910 27273 27286 E WProf.db: {"WprofHTMLTag": {"code": "0xaf047b80", "doc": "http://searchengineland.com/just-launched-search-engine-lands-new-martech-today-website-261253", "row": 24, "column": 55, "tagName": "meta", "time": 22723.863937, "url": "", "pos": 1, "chunkLen": 1, "isStartTag": 1}}
06-28 14:54:19.910 27273 27286 E WProf.db: {"WprofHTMLTag": {"code": "0xaf047bb0", "doc": "http://searchengineland.com/just-launched-search-engine-lands-new-martech-today-website-261253", "row": 25, "column": 71, "tagName": "meta", "time": 22723.864047, "url": "", "pos": 1, "chunkLen": 1, "isStartTag": 1}}
06-28 14:54:19.910 27273 27286 E WProf.db: {"WprofHTMLTag": {"code": "0xaf047be0", "doc": "http://searchengineland.com/just-launched-search-engine-lands-new-martech-today-website-261253", "row": 26, "column": 86, "tagName": "meta", "time": 22723.864153, "url": "", "pos": 1, "chunkLen": 1, "isStartTag": 1}}
06-28 14:54:19.910 27273 27286 E WProf.db: {"WprofHTMLTag": {"code": "0xaf047c10", "doc": "http://searchengineland.com/just-launched-search-engine-lands-new-martech-today-website-261253", "row": 27, "column": 54, "tagName": "meta", "time": 22723.864260, "url": "", "pos": 1, "chunkLen": 1, "isStartTag": 1}}
06-28 14:54:19.910 27273 27286 E WProf.db: {"WprofHTMLTag": {"code": "0xaf047c40", "doc": "http://searchengineland.com/just-launched-search-engine-lands-new-martech-today-website-261253", "row": 29, "column": 39, "tagName": "meta", "time": 22723.864373, "url": "", "pos": 1, "chunkLen": 1, "isStartTag": 1}}
06-28 14:54:19.910 27273 27286 E WProf.db: {"WprofHTMLTag": {"code": "0xaf047c70", "doc": "http://searchengineland.com/just-launched-search-engine-lands-new-martech-today-website-261253", "row": 30, "column": 184, "tagName": "meta", "time": 22723.864473, "url": "", "pos": 1, "chunkLen": 1, "isStartTag": 1}}
06-28 14:54:19.910 27273 27286 E WProf.db: {"WprofHTMLTag": {"code": "0xaf047ca0", "doc": "http://searchengineland.com/just-launched-search-engine-lands-new-martech-today-website-261253", "row": 31, "column": 55, "tagName": "meta", "time": 22723.864574, "url": "", "pos": 1, "chunkLen": 1, "isStartTag": 1}}
06-28 14:54:19.910 27273 27286 E WProf.db: {"WprofHTMLTag": {"code": "0xaf047cd0", "doc": "http://searchengineland.com/just-launched-search-engine-lands-new-martech-today-website-261253", "row": 32, "column": 54, "tagName": "meta", "time": 22723.864676, "url": "", "pos": 1, "chunkLen": 1, "isStartTag": 1}}
06-28 14:54:19.910 27273 27286 E WProf.db: {"WprofHTMLTag": {"code": "0xaf047d00", "doc": "http://searchengineland.com/just-launched-search-engine-lands-new-martech-today-website-261253", "row": 33, "column": 131, "tagName": "meta", "time": 22723.864786, "url": "", "pos": 1, "chunkLen": 1, "isStartTag": 1}}
06-28 14:54:19.910 27273 27286 E WProf.db: {"WprofHTMLTag": {"code": "0xaf047d30", "doc": "http://searchengineland.com/just-launched-search-engine-lands-new-martech-today-website-261253", "row": 37, "column": 36, "tagName": "script", "time": 22723.864890, "url": "", "pos": 1, "chunkLen": 1, "isStartTag": 1}}
06-28 14:54:19.911 27273 27286 E WProf.db: {"WprofHTMLTag": {"code": "0xaf047d60", "doc": "http://searchengineland.com/just-launched-search-engine-lands-new-martech-today-website-261253", "row": 53, "column": 10, "tagName": "script", "time": 22723.865128, "url": "", "pos": 1, "chunkLen": 1, "isStartTag": 0}}
06-28 14:54:19.911 27273 27286 E WProf.db: {"WprofHTMLTag": {"code": "0xaedd75d0", "doc": "http://searchengineland.com/just-launched-search-engine-lands-new-martech-today-website-261253", "row": 55, "column": 86, "tagName": "link", "time": 22723.865680, "url": "http://searchengineland.com/apple-touch-icon.png", "pos": 1, "chunkLen": 1, "isStartTag": 1}}
06-28 14:54:19.911 27273 27286 E WProf.db: {"WprofHTMLTag": {"code": "0xaf047d90", "doc": "http://searchengineland.com/just-launched-search-engine-lands-new-martech-today-website-261253", "row": 56, "column": 76, "tagName": "link", "time": 22723.865965, "url": "http://searchengineland.com/favicon.ico", "pos": 1, "chunkLen": 1, "isStartTag": 1}}
06-28 14:54:19.911 27273 27286 E WProf.db: {"WprofHTMLTag": {"code": "0xaf047dc0", "doc": "http://searchengineland.com/just-launched-search-engine-lands-new-martech-today-website-261253", "row": 57, "column": 158, "tagName": "link", "time": 22723.866161, "url": "http://feeds.searchengineland.com/searchengineland", "pos": 1, "chunkLen": 1, "isStartTag": 1}}
06-28 14:54:19.911 27273 27286 E WProf.db: {"WprofHTMLTag": {"code": "0xaf047df0", "doc": "http://searchengineland.com/just-launched-search-engine-lands-new-martech-today-website-261253", "row": 58, "column": 149, "tagName": "link", "time": 22723.866431, "url": "http://feeds.searchengineland.com/searchcap", "pos": 1, "chunkLen": 1, "isStartTag": 1}}
06-28 14:54:19.911 27273 27286 E WProf.db: {"WprofHTMLTag": {"code": "0xaf047e20", "doc": "http://searchengineland.com/just-launched-search-engine-lands-new-martech-today-website-261253", "row": 59, "column": 150, "tagName": "link", "time": 22723.866701, "url": "http://searchengineland.com/figz/wp-content/themes/searchengineland/css/searchengineland-bootstrap.css", "pos": 1, "chunkLen": 1, "isStartTag": 1}}
06-28 14:54:19.911 27273 27286 E WProf.db: {"WprofHTMLTag": {"code": "0xaf047e80", "doc": "http://searchengineland.com/just-launched-search-engine-lands-new-martech-today-website-261253", "row": 60, "column": 105, "tagName": "link", "time": 22723.867311, "url": "http://fonts.googleapis.com/css?family=Oswald:300,400,700", "pos": 1, "chunkLen": 1, "isStartTag": 1}}
06-28 14:54:19.911 27273 27286 E WProf.db: {"WprofHTMLTag": {"code": "0xaf047ee0", "doc": "http://searchengineland.com/just-launched-search-engine-lands-new-martech-today-website-261253", "row": 61, "column": 125, "tagName": "link", "time": 22723.867902, "url": "http://searchengineland.com/figz/wp-content/themes/searchengineland/style.css", "pos": 1, "chunkLen": 1, "isStartTag": 1}}
06-28 14:54:19.911 27273 27286 E WProf.db: {"WprofHTMLTag": {"code": "0xaf047f40", "doc": "http://searchengineland.com/just-launched-search-engine-lands-new-martech-today-website-261253", "row": 65, "column": 7, "tagName": "title", "time": 22723.868471, "url": "", "pos": 1, "chunkLen": 1, "isStartTag": 1}}
06-28 14:54:19.911 27273 27286 E WProf.db: {"WprofHTMLTag": {"code": "0xaf047f70", "doc": "http://searchengineland.com/just-launched-search-engine-lands-new-martech-today-website-261253", "row": 65, "column": 82, "tagName": "title", "time": 22723.868701, "url": "", "pos": 1, "chunkLen": 1, "isStartTag": 0}}
06-28 14:54:19.911 27273 27286 E WProf.db: {"WprofHTMLTag": {"code": "0xaf047fa0", "doc": "http://searchengineland.com/just-launched-search-engine-lands-new-martech-today-website-261253", "row": 66, "column": 181, "tagName": "meta", "time": 22723.868721, "url": "", "pos": 1, "chunkLen": 1, "isStartTag": 1}}
06-28 14:54:19.911 27273 27286 E WProf.db: {"WprofHTMLTag": {"code": "0xaf047fd0", "doc": "http://searchengineland.com/just-launched-search-engine-lands-new-martech-today-website-261253", "row": 67, "column": 40, "tagName": "meta", "time": 22723.868838, "url": "", "pos": 1, "chunkLen": 1, "isStartTag": 1}}
06-28 14:54:19.911 27273 27286 E WProf.db: {"WprofHTMLTag": {"code": "0xb4cc74b0", "doc": "http://searchengineland.com/just-launched-search-engine-lands-new-martech-today-website-261253", "row": 68, "column": 136, "tagName": "meta", "time": 22723.868949, "url": "", "pos": 1, "chunkLen": 1, "isStartTag": 1}}
06-28 14:54:19.912 27273 27286 E WProf.db: {"WprofHTMLTag": {"code": "0xb4cc7540", "doc": "http://searchengineland.com/just-launched-search-engine-lands-new-martech-today-website-261253", "row": 69, "column": 37, "tagName": "meta", "time": 22723.869049, "url": "", "pos": 1, "chunkLen": 1, "isStartTag": 1}}
06-28 14:54:19.912 27273 27286 E WProf.db: {"WprofHTMLTag": {"code": "0xb4cc78a0", "doc": "http://searchengineland.com/just-launched-search-engine-lands-new-martech-today-website-261253", "row": 70, "column": 119, "tagName": "link", "time": 22723.869152, "url": "http://marketingland.com/just-launched-marketing-lands-new-martech-today-website-194900", "pos": 1, "chunkLen": 1, "isStartTag": 1}}
06-28 14:54:19.912 27273 27286 E WProf.db: {"WprofHTMLTag": {"code": "0xb4cc78d0", "doc": "http://searchengineland.com/just-launched-search-engine-lands-new-martech-today-website-261253", "row": 71, "column": 76, "tagName": "link", "time": 22723.869351, "url": "https://plus.google.com/103218677032751327334", "pos": 1, "chunkLen": 1, "isStartTag": 1}}
06-28 14:54:19.912 27273 27286 E WProf.db: {"WprofHTMLTag": {"code": "0xb4cc7900", "doc": "http://searchengineland.com/just-launched-search-engine-lands-new-martech-today-website-261253", "row": 72, "column": 45, "tagName": "meta", "time": 22723.869531, "url": "", "pos": 1, "chunkLen": 1, "isStartTag": 1}}
06-28 14:54:19.912 27273 27286 E WProf.db: {"WprofHTMLTag": {"code": "0xb4cc7930", "doc": "http://searchengineland.com/just-launched-search-engine-lands-new-martech-today-website-261253", "row": 73, "column": 45, "tagName": "meta", "time": 22723.869647, "url": "", "pos": 1, "chunkLen": 1, "isStartTag": 1}}
06-28 14:54:19.912 27273 27286 E WProf.db: {"WprofHTMLTag": {"code": "0xb4cc7960", "doc": "http://searchengineland.com/just-launched-search-engine-lands-new-martech-today-website-261253", "row": 74, "column": 106, "tagName": "meta", "time": 22723.869759, "url": "", "pos": 1, "chunkLen": 1, "isStartTag": 1}}
06-28 14:54:19.912 27273 27286 E WProf.db: {"WprofHTMLTag": {"code": "0xb4cc7990", "doc": "http://searchengineland.com/just-launched-search-engine-lands-new-martech-today-website-261253", "row": 75, "column": 189, "tagName": "meta", "time": 22723.869864, "url": "", "pos": 1, "chunkLen": 1, "isStartTag": 1}}
06-28 14:54:19.912 27273 27286 E WProf.db: {"WprofHTMLTag": {"code": "0xb4cc79c0", "doc": "http://searchengineland.com/just-launched-search-engine-lands-new-martech-today-website-261253", "row": 76, "column": 124, "tagName": "meta", "time": 22723.869972, "url": "", "pos": 1, "chunkLen": 1, "isStartTag": 1}}
06-28 14:54:19.912 27273 27286 E WProf.db: {"WprofHTMLTag": {"code": "0xb4cc79f0", "doc": "http://searchengineland.com/just-launched-search-engine-lands-new-martech-today-website-261253", "row": 77, "column": 61, "tagName": "meta", "time": 22723.870153, "url": "", "pos": 1, "chunkLen": 1, "isStartTag": 1}}
06-28 14:54:19.913 27273 27286 E WProf.db: {"WprofHTMLTag": {"code": "0xb4cc7a20", "doc": "http://searchengineland.com/just-launched-search-engine-lands-new-martech-today-website-261253", "row": 78, "column": 89, "tagName": "meta", "time": 22723.870268, "url": "", "pos": 1, "chunkLen": 1, "isStartTag": 1}}
06-28 14:54:19.913 27273 27286 E WProf.db: {"WprofHTMLTag": {"code": "0xb4cc7a50", "doc": "http://searchengineland.com/just-launched-search-engine-lands-new-martech-today-website-261253", "row": 79, "column": 70, "tagName": "meta", "time": 22723.870400, "url": "", "pos": 1, "chunkLen": 1, "isStartTag": 1}}
06-28 14:54:19.913 27273 27286 E WProf.db: {"WprofHTMLTag": {"code": "0xb4cc7a80", "doc": "http://searchengineland.com/just-launched-search-engine-lands-new-martech-today-website-261253", "row": 80, "column": 78, "tagName": "meta", "time": 22723.870511, "url": "", "pos": 1, "chunkLen": 1, "isStartTag": 1}}
06-28 14:54:19.914 27273 27286 E WProf.db: {"WprofHTMLTag": {"code": "0xb4cc7ab0", "doc": "http://searchengineland.com/just-launched-search-engine-lands-new-martech-today-website-261253", "row": 81, "column": 77, "tagName": "meta", "time": 22723.870611, "url": "", "pos": 1, "chunkLen": 1, "isStartTag": 1}}
06-28 14:54:19.914 27273 27286 E WProf.db: {"WprofHTMLTag": {"code": "0xb4cc7ae0", "doc": "http://searchengineland.com/just-launched-search-engine-lands-new-martech-today-website-261253", "row": 82, "column": 71, "tagName": "meta", "time": 22723.870713, "url": "", "pos": 1, "chunkLen": 1, "isStartTag": 1}}
06-28 14:54:19.914 27273 27286 E WProf.db: {"WprofHTMLTag": {"code": "0xb4cc7b10", "doc": "http://searchengineland.com/just-launched-search-engine-lands-new-martech-today-website-261253", "row": 83, "column": 125, "tagName": "meta", "time": 22723.870820, "url": "", "pos": 1, "chunkLen": 1, "isStartTag": 1}}
06-28 14:54:19.914 27273 27286 E WProf.db: {"WprofHTMLTag": {"code": "0xb4cc7b40", "doc": "http://searchengineland.com/just-launched-search-engine-lands-new-martech-today-website-261253", "row": 84, "column": 49, "tagName": "meta", "time": 22723.870925, "url": "", "pos": 1, "chunkLen": 1, "isStartTag": 1}}
06-28 14:54:19.914 27273 27286 E WProf.db: {"WprofHTMLTag": {"code": "0xb4cc7b70", "doc": "http://searchengineland.com/just-launched-search-engine-lands-new-martech-today-website-261253", "row": 85, "column": 50, "tagName": "meta", "time": 22723.871034, "url": "", "pos": 1, "chunkLen": 1, "isStartTag": 1}}
06-28 14:54:19.914 27273 27286 E WProf.db: {"WprofHTMLTag": {"code": "0xb4cc7ba0", "doc": "http://searchengineland.com/just-launched-search-engine-lands-new-martech-today-website-261253", "row": 86, "column": 58, "tagName": "meta", "time": 22723.871139, "url": "", "pos": 1, "chunkLen": 1, "isStartTag": 1}}
06-28 14:54:19.914 27273 27286 E WProf.db: {"WprofHTMLTag": {"code": "0xb4cc7bd0", "doc": "http://searchengineland.com/just-launched-search-engine-lands-new-martech-today-website-261253", "row": 87, "column": 190, "tagName": "meta", "time": 22723.871250, "url": "", "pos": 1, "chunkLen": 1, "isStartTag": 1}}
06-28 14:54:19.914 27273 27286 E WProf.db: {"WprofHTMLTag": {"code": "0xb4cc7c00", "doc": "http://searchengineland.com/just-launched-search-engine-lands-new-martech-today-website-261253", "row": 88, "column": 107, "tagName": "meta", "time": 22723.871354, "url": "", "pos": 1, "chunkLen": 1, "isStartTag": 1}}
06-28 14:54:19.914 27273 27286 E WProf.db: {"WprofHTMLTag": {"code": "0xb4cc7c30", "doc": "http://searchengineland.com/just-launched-search-engine-lands-new-martech-today-website-261253", "row": 89, "column": 51, "tagName": "meta", "time": 22723.871460, "url": "", "pos": 1, "chunkLen": 1, "isStartTag": 1}}
06-28 14:54:19.914 27273 27286 E WProf.db: {"WprofHTMLTag": {"code": "0xb4cc7c60", "doc": "http://searchengineland.com/just-launched-search-engine-lands-new-martech-today-website-261253", "row": 90, "column": 126, "tagName": "meta", "time": 22723.871571, "url": "", "pos": 1, "chunkLen": 1, "isStartTag": 1}}
06-28 14:54:19.914 27273 27286 E WProf.db: {"WprofHTMLTag": {"code": "0xb4cc7c90", "doc": "http://searchengineland.com/just-launched-search-engine-lands-new-martech-today-website-261253", "row": 91, "column": 52, "tagName": "meta", "time": 22723.871675, "url": "", "pos": 1, "chunkLen": 1, "isStartTag": 1}}
06-28 14:54:19.914 27273 27286 E WProf.db: {"WprofHTMLTag": {"code": "0xb4cc7cc0", "doc": "http://searchengineland.com/just-launched-search-engine-lands-new-martech-today-website-261253", "row": 94, "column": 44, "tagName": "link", "time": 22723.871794, "url": "http://s.w.org/", "pos": 1, "chunkLen": 1, "isStartTag": 1}}
06-28 14:54:19.915 27273 27286 E WProf.db: {"WprofHTMLTag": {"code": "0xb4cc7cf0", "doc": "http://searchengineland.com/just-launched-search-engine-lands-new-martech-today-website-261253", "row": 95, "column": 33, "tagName": "script", "time": 22723.872007, "url": "", "pos": 1, "chunkLen": 1, "isStartTag": 1}}
06-28 14:54:19.915 27273 27286 E WProf.db: {"WprofHTMLTag": {"code": "0xb4cc7d20", "doc": "http://searchengineland.com/just-launched-search-engine-lands-new-martech-today-website-261253", "row": 98, "column": 11, "tagName": "script", "time": 22723.872298, "url": "http://searchengineland.com/figz/wp-includes/js/wp-emoji-release.min.js?ver=4.7.5", "pos": 1, "chunkLen": 1, "isStartTag": 0}}
06-28 14:54:19.915 27273 27286 E WProf.db: {"WprofHTMLTag": {"code": "0x9c7099c0", "doc": "http://searchengineland.com/just-launched-search-engine-lands-new-martech-today-website-261253", "row": 99, "column": 25, "tagName": "style", "time": 22724.468856, "url": "", "pos": 1, "chunkLen": 1, "isStartTag": 1}}
06-28 14:54:19.915 27273 27286 E WProf.db: {"WprofHTMLTag": {"code": "0x9c7099f0", "doc": "http://searchengineland.com/just-launched-search-engine-lands-new-martech-today-website-261253", "row": 112, "column": 8, "tagName": "style", "time": 22724.469059, "url": "", "pos": 1, "chunkLen": 1, "isStartTag": 0}}
06-28 14:54:19.915 27273 27286 E WProf.db: {"WprofHTMLTag": {"code": "0x9c709a20", "doc": "http://searchengineland.com/just-launched-search-engine-lands-new-martech-today-website-261253", "row": 113, "column": 140, "tagName": "script", "time": 22724.470819, "url": "http://searchengineland.com/figz/wp-content/themes/searchengineland/js/lib/modernizr.custom.js?ver=1.0", "pos": 1, "chunkLen": 1, "isStartTag": 1}}
06-28 14:54:19.915 27273 27286 E WProf.db: {"WprofHTMLTag": {"code": "0x9c709a50", "doc": "http://searchengineland.com/just-launched-search-engine-lands-new-martech-today-website-261253", "row": 113, "column": 149, "tagName": "script", "time": 22724.471077, "url": "", "pos": 1, "chunkLen": 1, "isStartTag": 0}}
06-28 14:54:19.915 27273 27286 E WProf.db: {"WprofHTMLTag": {"code": "0x9c709ae0", "doc": "http://searchengineland.com/just-launched-search-engine-lands-new-martech-today-website-261253", "row": 114, "column": 144, "tagName": "script", "time": 22724.481920, "url": "http://searchengineland.com/figz/wp-content/themes/searchengineland/js/lib/jquery-1.11.0.min.js?ver=1.11.0", "pos": 1, "chunkLen": 1, "isStartTag": 1}}
06-28 14:54:19.915 27273 27286 E WProf.db: {"WprofHTMLTag": {"code": "0x9c709b10", "doc": "http://searchengineland.com/just-launched-search-engine-lands-new-martech-today-website-261253", "row": 114, "column": 153, "tagName": "script", "time": 22724.482173, "url": "", "pos": 1, "chunkLen": 1, "isStartTag": 0}}
06-28 14:54:19.915 27273 27286 E WProf.db: {"WprofHTMLTag": {"code": "0xaedd7de0", "doc": "http://searchengineland.com/just-launched-search-engine-lands-new-martech-today-website-261253", "row": 0, "column": 15, "tagName": "div", "time": 22724.566483, "url": "", "pos": 15, "chunkLen": 44, "isStartTag": 1}}
06-28 14:54:19.915 27273 27286 E WProf.db: {"WprofHTMLTag": {"code": "0xaedd7c00", "doc": "http://searchengineland.com/just-launched-search-engine-lands-new-martech-today-website-261253", "row": 0, "column": 21, "tagName": "div", "time": 22724.566673, "url": "", "pos": 21, "chunkLen": 44, "isStartTag": 0}}
06-28 14:54:19.915 27273 27286 E WProf.db: {"WprofHTMLTag": {"code": "0xaedd7db0", "doc": "http://searchengineland.com/just-launched-search-engine-lands-new-martech-today-website-261253", "row": 0, "column": 38, "tagName": "div", "time": 22724.566762, "url": "", "pos": 38, "chunkLen": 44, "isStartTag": 1}}
06-28 14:54:19.916 27273 27286 E WProf.db: {"WprofHTMLTag": {"code": "0xaedd7d80", "doc": "http://searchengineland.com/just-launched-search-engine-lands-new-martech-today-website-261253", "row": 0, "column": 44, "tagName": "div", "time": 22724.566913, "url": "", "pos": 44, "chunkLen": 44, "isStartTag": 0}}
06-28 14:54:19.916 27273 27286 E WProf.db: {"WprofHTMLTag": {"code": "0x9c709b70", "doc": "http://searchengineland.com/just-launched-search-engine-lands-new-martech-today-website-261253", "row": 0, "column": 13, "tagName": "select", "time": 22724.568801, "url": "", "pos": 13, "chunkLen": 51, "isStartTag": 1}}
06-28 14:54:19.916 27273 27286 E WProf.db: {"WprofHTMLTag": {"code": "0x9c709ba0", "doc": "http://searchengineland.com/just-launched-search-engine-lands-new-martech-today-website-261253", "row": 0, "column": 33, "tagName": "option", "time": 22724.569067, "url": "", "pos": 33, "chunkLen": 51, "isStartTag": 1}}
06-28 14:54:19.916 27273 27286 E WProf.db: {"WprofHTMLTag": {"code": "0x9c709bd0", "doc": "http://searchengineland.com/just-launched-search-engine-lands-new-martech-today-website-261253", "row": 0, "column": 42, "tagName": "option", "time": 22724.569319, "url": "", "pos": 42, "chunkLen": 51, "isStartTag": 0}}
06-28 14:54:19.916 27273 27286 E WProf.db: {"WprofHTMLTag": {"code": "0x9c709c00", "doc": "http://searchengineland.com/just-launched-search-engine-lands-new-martech-today-website-261253", "row": 0, "column": 51, "tagName": "select", "time": 22724.569401, "url": "", "pos": 51, "chunkLen": 51, "isStartTag": 0}}
06-28 14:54:19.916 27273 27286 E WProf.db: {"WprofHTMLTag": {"code": "0x9c709c30", "doc": "http://searchengineland.com/just-launched-search-engine-lands-new-martech-today-website-261253", "row": 0, "column": 12, "tagName": "a", "time": 22724.577025, "url": "", "pos": 12, "chunkLen": 16, "isStartTag": 1}}
06-28 14:54:19.916 27273 27286 E WProf.db: {"WprofHTMLTag": {"code": "0x9c709c60", "doc": "http://searchengineland.com/just-launched-search-engine-lands-new-martech-today-website-261253", "row": 0, "column": 16, "tagName": "a", "time": 22724.577250, "url": "", "pos": 16, "chunkLen": 16, "isStartTag": 0}}
06-28 14:54:19.917 27273 27286 E WProf.db: {"WprofHTMLTag": {"code": "0x9c709c90", "doc": "http://searchengineland.com/just-launched-search-engine-lands-new-martech-today-website-261253", "row": 0, "column": 8, "tagName": "input", "time": 22724.578673, "url": "", "pos": 8, "chunkLen": 8, "isStartTag": 1}}
06-28 14:54:19.917 27273 27286 E WProf.db: {"WprofHTMLTag": {"code": "0x9c709cc0", "doc": "http://searchengineland.com/just-launched-search-engine-lands-new-martech-today-website-261253", "row": 0, "column": 9, "tagName": "link", "time": 22724.592098, "url": "", "pos": 9, "chunkLen": 42, "isStartTag": 1}}
06-28 14:54:19.917 27273 27286 E WProf.db: {"WprofHTMLTag": {"code": "0x9c709cf0", "doc": "http://searchengineland.com/just-launched-search-engine-lands-new-martech-today-website-261253", "row": 0, "column": 16, "tagName": "table", "time": 22724.592255, "url": "", "pos": 16, "chunkLen": 42, "isStartTag": 1}}
06-28 14:54:19.917 27273 27286 E WProf.db: {"WprofHTMLTag": {"code": "0x9c709d20", "doc": "http://searchengineland.com/just-launched-search-engine-lands-new-martech-today-website-261253", "row": 0, "column": 24, "tagName": "table", "time": 22724.592436, "url": "", "pos": 24, "chunkLen": 42, "isStartTag": 0}}
06-28 14:54:19.917 27273 27286 E WProf.db: {"WprofHTMLTag": {"code": "0x9c709d50", "doc": "http://searchengineland.com/just-launched-search-engine-lands-new-martech-today-website-261253", "row": 0, "column": 37, "tagName": "a", "time": 22724.592604, "url": "", "pos": 37, "chunkLen": 42, "isStartTag": 1}}
06-28 14:54:19.918 27273 27286 E WProf.db: {"WprofHTMLTag": {"code": "0x9c709d80", "doc": "http://searchengineland.com/just-launched-search-engine-lands-new-martech-today-website-261253", "row": 0, "column": 42, "tagName": "a", "time": 22724.592849, "url": "", "pos": 42, "chunkLen": 42, "isStartTag": 0}}
06-28 14:54:19.918 27273 27286 E WProf.db: {"WprofHTMLTag": {"code": "0x9c709e10", "doc": "http://searchengineland.com/just-launched-search-engine-lands-new-martech-today-website-261253", "row": 0, "column": 10, "tagName": "textarea", "time": 22724.594522, "url": "", "pos": 10, "chunkLen": 22, "isStartTag": 1}}
06-28 14:54:19.918 27273 27286 E WProf.db: {"WprofHTMLTag": {"code": "0x9c709e40", "doc": "http://searchengineland.com/just-launched-search-engine-lands-new-martech-today-website-261253", "row": 0, "column": 22, "tagName": "textarea", "time": 22724.594787, "url": "", "pos": 22, "chunkLen": 22, "isStartTag": 0}}
06-28 14:54:19.918 27273 27286 E WProf.db: {"WprofHTMLTag": {"code": "0x9c709e70", "doc": "http://searchengineland.com/just-launched-search-engine-lands-new-martech-today-website-261253", "row": 0, "column": 48, "tagName": "input", "time": 22724.596371, "url": "", "pos": 48, "chunkLen": 48, "isStartTag": 1}}
06-28 14:54:19.918 27273 27286 E WProf.db: {"WprofHTMLTag": {"code": "0x9c709ed0", "doc": "http://searchengineland.com/just-launched-search-engine-lands-new-martech-today-website-261253", "row": 0, "column": 9, "tagName": "link", "time": 22724.602331, "url": "", "pos": 9, "chunkLen": 66, "isStartTag": 1}}
06-28 14:54:19.918 27273 27286 E WProf.db: {"WprofHTMLTag": {"code": "0x9c709f00", "doc": "http://searchengineland.com/just-launched-search-engine-lands-new-martech-today-website-261253", "row": 0, "column": 16, "tagName": "table", "time": 22724.602461, "url": "", "pos": 16, "chunkLen": 66, "isStartTag": 1}}
06-28 14:54:19.918 27273 27286 E WProf.db: {"WprofHTMLTag": {"code": "0x9c709f30", "doc": "http://searchengineland.com/just-launched-search-engine-lands-new-martech-today-website-261253", "row": 0, "column": 24, "tagName": "table", "time": 22724.602538, "url": "", "pos": 24, "chunkLen": 66, "isStartTag": 0}}
06-28 14:54:19.918 27273 27286 E WProf.db: {"WprofHTMLTag": {"code": "0x9c709f60", "doc": "http://searchengineland.com/just-launched-search-engine-lands-new-martech-today-website-261253", "row": 0, "column": 37, "tagName": "a", "time": 22724.602614, "url": "", "pos": 37, "chunkLen": 66, "isStartTag": 1}}
06-28 14:54:19.918 27273 27286 E WProf.db: {"WprofHTMLTag": {"code": "0x9c709f90", "doc": "http://searchengineland.com/just-launched-search-engine-lands-new-martech-today-website-261253", "row": 0, "column": 42, "tagName": "a", "time": 22724.602802, "url": "", "pos": 42, "chunkLen": 66, "isStartTag": 0}}
06-28 14:54:19.918 27273 27286 E WProf.db: {"WprofHTMLTag": {"code": "0x9c709fc0", "doc": "http://searchengineland.com/just-launched-search-engine-lands-new-martech-today-website-261253", "row": 0, "column": 66, "tagName": "input", "time": 22724.602879, "url": "", "pos": 66, "chunkLen": 66, "isStartTag": 1}}
06-28 14:54:19.918 27273 27286 E WProf.db: {"WprofHTMLTag": {"code": "0x9c70a050", "doc": "http://searchengineland.com/just-launched-search-engine-lands-new-martech-today-website-261253", "row": 0, "column": 9, "tagName": "link", "time": 22724.604808, "url": "", "pos": 9, "chunkLen": 66, "isStartTag": 1}}
06-28 14:54:19.918 27273 27286 E WProf.db: {"WprofHTMLTag": {"code": "0x9c70a080", "doc": "http://searchengineland.com/just-launched-search-engine-lands-new-martech-today-website-261253", "row": 0, "column": 16, "tagName": "table", "time": 22724.604931, "url": "", "pos": 16, "chunkLen": 66, "isStartTag": 1}}
06-28 14:54:19.918 27273 27286 E WProf.db: {"WprofHTMLTag": {"code": "0x9c70a0b0", "doc": "http://searchengineland.com/just-launched-search-engine-lands-new-martech-today-website-261253", "row": 0, "column": 24, "tagName": "table", "time": 22724.605005, "url": "", "pos": 24, "chunkLen": 66, "isStartTag": 0}}
06-28 14:54:19.918 27273 27286 E WProf.db: {"WprofHTMLTag": {"code": "0x9c70a0e0", "doc": "http://searchengineland.com/just-launched-search-engine-lands-new-martech-today-website-261253", "row": 0, "column": 37, "tagName": "a", "time": 22724.605072, "url": "", "pos": 37, "chunkLen": 66, "isStartTag": 1}}
06-28 14:54:19.919 27273 27286 E WProf.db: {"WprofHTMLTag": {"code": "0x9c70a110", "doc": "http://searchengineland.com/just-launched-search-engine-lands-new-martech-today-website-261253", "row": 0, "column": 42, "tagName": "a", "time": 22724.605260, "url": "", "pos": 42, "chunkLen": 66, "isStartTag": 0}}
06-28 14:54:19.919 27273 27286 E WProf.db: {"WprofHTMLTag": {"code": "0x9c70a140", "doc": "http://searchengineland.com/just-launched-search-engine-lands-new-martech-today-website-261253", "row": 0, "column": 66, "tagName": "input", "time": 22724.605325, "url": "", "pos": 66, "chunkLen": 66, "isStartTag": 1}}
06-28 14:54:19.919 27273 27286 E WProf.db: {"WprofHTMLTag": {"code": "0x9c70a1a0", "doc": "http://searchengineland.com/just-launched-search-engine-lands-new-martech-today-website-261253", "row": 0, "column": 9, "tagName": "link", "time": 22724.610660, "url": "", "pos": 9, "chunkLen": 66, "isStartTag": 1}}
06-28 14:54:19.919 27273 27286 E WProf.db: {"WprofHTMLTag": {"code": "0x9c70a1d0", "doc": "http://searchengineland.com/just-launched-search-engine-lands-new-martech-today-website-261253", "row": 0, "column": 16, "tagName": "table", "time": 22724.610796, "url": "", "pos": 16, "chunkLen": 66, "isStartTag": 1}}
06-28 14:54:19.920 27273 27286 E WProf.db: {"WprofHTMLTag": {"code": "0x9c70a200", "doc": "http://searchengineland.com/just-launched-search-engine-lands-new-martech-today-website-261253", "row": 0, "column": 24, "tagName": "table", "time": 22724.610881, "url": "", "pos": 24, "chunkLen": 66, "isStartTag": 0}}
06-28 14:54:19.920 27273 27286 E WProf.db: {"WprofHTMLTag": {"code": "0x9c70a230", "doc": "http://searchengineland.com/just-launched-search-engine-lands-new-martech-today-website-261253", "row": 0, "column": 37, "tagName": "a", "time": 22724.610955, "url": "", "pos": 37, "chunkLen": 66, "isStartTag": 1}}
06-28 14:54:19.920 27273 27286 E WProf.db: {"WprofHTMLTag": {"code": "0x9c70a260", "doc": "http://searchengineland.com/just-launched-search-engine-lands-new-martech-today-website-261253", "row": 0, "column": 42, "tagName": "a", "time": 22724.611161, "url": "", "pos": 42, "chunkLen": 66, "isStartTag": 0}}
06-28 14:54:19.920 27273 27286 E WProf.db: {"WprofHTMLTag": {"code": "0x9c70a290", "doc": "http://searchengineland.com/just-launched-search-engine-lands-new-martech-today-website-261253", "row": 0, "column": 66, "tagName": "input", "time": 22724.611235, "url": "", "pos": 66, "chunkLen": 66, "isStartTag": 1}}
