--------- beginning of main
06-28 10:07:51.129  3449  3449 E Finsky  : [1] com.google.android.finsky.wear.bl.a(3): onConnectionFailed: ConnectionResult{statusCode=API_UNAVAILABLE, resolution=null, message=null}
--------- beginning of system
06-28 10:07:52.258 24740 24740 E chromium: [ERROR:shell_integration_android.cc(12)] Not implemented reached in static ShellIntegration::DefaultWebClientSetPermission ShellIntegration::CanSetAsDefaultBrowser()
06-28 10:07:52.263 24740 24740 E chromium: [ERROR:browser_process_impl.cc(720)] Not implemented reached in virtual BackgroundModeManager* BrowserProcessImpl::background_mode_manager()
06-28 10:07:52.583  3218 22162 E AudioRecord-JNI: Error -4 during AudioRecord native read
06-28 10:07:55.073 24740 24789 E chromium: [ERROR:gles2_cmd_decoder.cc(3852)] [.ChromiumCompositor-0xacbb2fc0]GL ERROR :GL_INVALID_ENUM : glDiscardFramebufferEXT: attachments was GL_COLOR_EXT
06-28 10:07:55.649 24811 24824 E WPROF   : {"CSS": {"url": "http://searchengineland.com/figz/wp-content/themes/searchengineland/css/searchengineland-bootstrap.css", "requestTime": 5552.704729}}
06-28 10:07:55.650 24811 24824 E WPROF   : {"CSS": {"url": "http://fonts.googleapis.com/css?family=Oswald:300,400,700", "requestTime": 5552.705250}}
06-28 10:07:55.650 24811 24824 E WPROF   : {"CSS": {"url": "http://searchengineland.com/figz/wp-content/themes/searchengineland/style.css", "requestTime": 5552.705706}}
06-28 10:07:55.666 24811 24824 E WPROF   : {"Javascript": {"url": "http://searchengineland.com/figz/wp-content/themes/searchengineland/js/lib/modernizr.custom.js?ver=1.0", "requestTime": 5552.721652}}
06-28 10:07:55.666 24811 24824 E WPROF   : {"Javascript": {"url": "http://searchengineland.com/figz/wp-content/themes/searchengineland/js/lib/jquery-1.11.0.min.js?ver=1.11.0", "requestTime": 5552.722052}}
06-28 10:07:55.667 24811 24824 E WPROF   : {"Javascript": {"url": "http://searchengineland.com/figz/wp-content/themes/searchengineland/js/lib/jquery-ui-1.10.3.custom.min.js?ver=1.10.3", "requestTime": 5552.722356}}
06-28 10:07:55.667 24811 24824 E WPROF   : {"Javascript": {"url": "http://searchengineland.com/figz/wp-content/themes/searchengineland/js/lib/jquery.ba-throttle-debounce.min.js?ver=1.1", "requestTime": 5552.722649}}
06-28 10:07:55.667 24811 24824 E WPROF   : {"Javascript": {"url": "http://searchengineland.com/figz/wp-content/themes/searchengineland/js/lib/jquery.countdown.min.js?ver=2.0.4", "requestTime": 5552.722947}}
06-28 10:07:55.668 24811 24824 E WPROF   : {"Javascript": {"url": "http://static.chartbeat.com/js/chartbeat_mab.js", "requestTime": 5552.723379}}
06-28 10:07:56.442 24811 24824 E WPROF   : {"Javascript": {"url": "http://searchengineland.com/figz/wp-includes/js/wp-emoji-release.min.js?ver=4.7.5", "requestTime": 5553.498078}}
06-28 10:07:57.092 24811 24824 E WPROF   : {"Javascript": {"url": "http://www.googletagservices.com/tag/js/gpt.js", "requestTime": 5554.148046}}
06-28 10:07:57.101 24811 24824 E WPROF   : {"Javascript": {"url": "https://www.google-analytics.com/analytics.js", "requestTime": 5554.157134}}
06-28 10:07:57.105 24811 24824 E WPROF   : {"Javascript": {"url": "http://edge.quantserve.com/quant.js", "requestTime": 5554.160558}}
06-28 10:07:57.107 24811 24824 E WPROF   : {"Javascript": {"url": "https://connect.facebook.net/en_US/fbevents.js", "requestTime": 5554.162371}}
06-28 10:07:57.180 24740 24789 E chromium: [ERROR:gles2_cmd_decoder.cc(3852)] [.ChromiumCompositor-0xacbb2fc0]GL ERROR :GL_INVALID_ENUM : glDiscardFramebufferEXT: attachments was GL_COLOR_EXT
06-28 10:07:57.205 24811 24824 E WPROF   : {"Javascript": {"url": "http://app-sj02.marketo.com/js/forms2/js/forms2.min.js", "requestTime": 5554.261023}}
06-28 10:07:57.302 24740 24789 E chromium: [ERROR:gles2_cmd_decoder.cc(3852)] [.ChromiumCompositor-0xacbb2fc0]GL ERROR :GL_INVALID_ENUM : glDiscardFramebufferEXT: attachments was GL_COLOR_EXT
06-28 10:07:57.330 24811 24824 E WPROF   : {"Javascript": {"url": "https://connect.facebook.net/signals/config/423979991297359?v=2.7.17", "requestTime": 5554.386136}}
06-28 10:07:57.527 24811 24824 E WPROF   : {"Javascript": {"url": "http://app-sj02.marketo.com/index.php/form/getForm?munchkinId=727-ZQE-044&form=5691&url=http%3A%2F%2Fsearchengineland.com%2Fkey-local-seo-253785&callback=jQuery110203110376209951937_1498612077422&_=1498612077423", "requestTime": 5554.583170}}
06-28 10:07:57.547 24811 24824 E WPROF   : {"Javascript": {"url": "http://app-sj02.marketo.com/index.php/form/getForm?munchkinId=727-ZQE-044&form=5685&url=http%3A%2F%2Fsearchengineland.com%2Fkey-local-seo-253785&callback=jQuery110203110376209951937_1498612077424&_=1498612077425", "requestTime": 5554.603157}}
06-28 10:07:57.576 24811 24824 E WPROF   : {"Javascript": {"url": "https://securepubads.g.doubleclick.net/gpt/pubads_impl_121.js", "requestTime": 5554.631582}}
06-28 10:07:57.785 24740 24789 E chromium: [ERROR:gles2_cmd_decoder.cc(3852)] [.ChromiumCompositor-0xacbb2fc0]GL ERROR :GL_INVALID_ENUM : glDiscardFramebufferEXT: attachments was GL_COLOR_EXT
06-28 10:07:57.792 24811 24824 E WPROF   : {"Javascript": {"url": "http://app-sj02.marketo.com/index.php/form/getForm?munchkinId=727-ZQE-044&form=5673&url=http%3A%2F%2Fsearchengineland.com%2Fkey-local-seo-253785&callback=jQuery110203110376209951937_1498612077426&_=1498612077427", "requestTime": 5554.847493}}
06-28 10:07:57.819 24811 24824 E WPROF   : {"Javascript": {"url": "http://searchengineland.com/js/ga_social_tracking.js", "requestTime": 5554.875212}}
06-28 10:07:57.821 24811 24824 E WPROF   : {"Javascript": {"url": "http://s7.addthis.com/js/300/addthis_widget.js#pubid=ra-53e918f660794f37", "requestTime": 5554.876877}}
06-28 10:07:57.961   862  1657 E LocSvc_IzatApiV02: E/virtual int izat_core::IzatApiV02::getBatchSize(int32_t):522]: Error : st = 4, ind.status = -1628389555
06-28 10:07:57.961   862  1657 E LocSvc_IzatApiV02: E/virtual int izat_core::IzatApiV02::getBatchSize(int32_t):535]: get batching size failed.Or modem does not support batching 
06-28 10:07:57.970   862  1657 E LocSvc_IzatApiV02: E/virtual int izat_core::IzatApiV02::getBatchSize(int32_t):522]: Error : st = 4, ind.status = -1628389555
06-28 10:07:57.970   862  1657 E LocSvc_IzatApiV02: E/virtual int izat_core::IzatApiV02::getBatchSize(int32_t):535]: get batching size failed.Or modem does not support batching 
06-28 10:07:58.003   862  1657 E LocSvc_IzatApiV02: E/virtual int izat_core::IzatApiV02::getBatchSize(int32_t):522]: Error : st = 4, ind.status = -1628389555
06-28 10:07:58.003   862  1657 E LocSvc_IzatApiV02: E/virtual int izat_core::IzatApiV02::getBatchSize(int32_t):535]: get batching size failed.Or modem does not support batching 
06-28 10:07:58.013   862  1657 E LocSvc_IzatApiV02: E/virtual int izat_core::IzatApiV02::getBatchSize(int32_t):522]: Error : st = 4, ind.status = -1628389555
06-28 10:07:58.013   862  1657 E LocSvc_IzatApiV02: E/virtual int izat_core::IzatApiV02::getBatchSize(int32_t):535]: get batching size failed.Or modem does not support batching 
06-28 10:07:58.309 24811 24824 E WPROF   : {"CSS": {"url": "http://app-sj02.marketo.com/js/forms2/css/forms2.css", "requestTime": 5555.364582}}
06-28 10:07:58.315 24811 24824 E WPROF   : {"CSS": {"url": "http://app-sj02.marketo.com/js/forms2/css/forms2-theme-simple.css", "requestTime": 5555.370557}}
06-28 10:07:58.523 24740 24789 E chromium: [ERROR:gles2_cmd_decoder.cc(3852)] [.ChromiumCompositor-0xacbb2fc0]GL ERROR :GL_INVALID_ENUM : glDiscardFramebufferEXT: attachments was GL_COLOR_EXT
06-28 10:07:58.949 24811 24824 E WPROF   : {"Javascript": {"url": "https://securepubads.g.doubleclick.net/gampad/ads?gdfp_req=1&correlator=3574209292795904&output=json_html&callback=googletag.impl.pubads.callbackProxy1&impl=fifs&json_a=1&eid=108809080%2C108809107%2C21060361&sc=0&sfv=1-0-9&iu_parts=1038259%2Csel-ciu-1%2Csel-ciu-2%2Csel-ciu-3%2Csel-ciu-4%2Csel-ciu-5%", "requestTime": 5556.004188}}
06-28 10:07:59.067 24811 24824 E WPROF   : {"Javascript": {"url": "http://cdn.api.twitter.com/1/users/show.json?screen_name=greggifford&callback=twttr.setFollowersCount", "requestTime": 5556.122605}}
06-28 10:07:59.089 24811 24824 E WPROF   : {"Javascript": {"url": "https://static.xx.fbcdn.net/rsrc.php/v3iy6L4/yk/l/ko_KR/be4fIjHRc8P.js", "requestTime": 5556.144922}}
06-28 10:07:59.585 24811 24824 E WPROF   : {"Javascript": {"url": "http://platform.twitter.com/widgets.js", "requestTime": 5556.641009}}
06-28 10:07:59.588 24811 24824 E WPROF   : {"Javascript": {"url": "http://connect.facebook.net/en_US/sdk.js", "requestTime": 5556.643897}}
06-28 10:07:59.591 24811 24824 E WPROF   : {"Javascript": {"url": "https://apis.google.com/js/platform.js", "requestTime": 5556.646294}}
06-28 10:07:59.612 24811 24824 E WPROF   : {"Javascript": {"url": "http://rules.quantcount.com/rules-p-5aGizvD82d9hk.js", "requestTime": 5556.667227}}
06-28 10:07:59.614 24811 24824 E WPROF   : {"Javascript": {"url": "http://munchkin.marketo.net/munchkin.js", "requestTime": 5556.670199}}
06-28 10:07:59.721 24740 24789 E chromium: [ERROR:gles2_cmd_decoder.cc(3852)] [.ChromiumCompositor-0xacbb2fc0]GL ERROR :GL_INVALID_ENUM : glDiscardFramebufferEXT: attachments was GL_COLOR_EXT
06-28 10:07:59.804 24811 24824 E WPROF   : {"Javascript": {"url": "http://d2j3qa5nc37287.cloudfront.net/coupon_code1.js", "requestTime": 5556.860097}}
06-28 10:07:59.811 24811 24824 E WPROF   : {"Javascript": {"url": "http://www.googleadservices.com/pagead/conversion.js", "requestTime": 5556.867144}}
06-28 10:07:59.812 24811 24824 E WPROF   : {"Javascript": {"url": "http://searchengineland.com/figz/wp-content/themes/searchengineland/js/script.js?ver=1.0", "requestTime": 5556.868175}}
06-28 10:07:59.813 24811 24824 E WPROF   : {"Javascript": {"url": "http://searchengineland.com/figz/wp-includes/js/wp-embed.min.js?ver=4.7.5", "requestTime": 5556.868573}}
06-28 10:07:59.813 24811 24824 E WPROF   : {"Javascript": {"url": "http://searchengineland.com/figz/wp-content/themes/searchengineland/js/modules/sharing_controls.js", "requestTime": 5556.868960}}
06-28 10:07:59.821 24811 24824 E WPROF   : {"CSS": {"url": "https://www.youtube.com/yts/cssbin/www-embed-player-sprite-mode-vfl5G4Xm8.css", "requestTime": 5556.876586}}
06-28 10:07:59.822 24811 24824 E WPROF   : {"Javascript": {"url": "https://www.youtube.com/yts/jsbin/www-embed-player-vfl_UY_j8/www-embed-player.js", "requestTime": 5556.877833}}
06-28 10:07:59.823 24811 24824 E WPROF   : {"Javascript": {"url": "https://www.youtube.com/yts/jsbin/player-vflo1w4O-/ko_KR/base.js", "requestTime": 5556.878279}}
06-28 10:07:59.845 24740 24789 E chromium: [ERROR:gles2_cmd_decoder.cc(3852)] [.ChromiumCompositor-0xacbb2fc0]GL ERROR :GL_INVALID_ENUM : glDiscardFramebufferEXT: attachments was GL_COLOR_EXT
06-28 10:08:00.341 24811 24824 E WPROF   : {"Javascript": {"url": "http://dnn506yrbagrg.cloudfront.net/pages/scripts/0026/4062.js?416281", "requestTime": 5557.397078}}
06-28 10:08:00.884 24811 24824 E WPROF   : {"Javascript": {"url": "http://m.addthisedge.com/live/boost/ra-53e918f660794f37/_ate.track.config_resp", "requestTime": 5557.939435}}
06-28 10:08:00.938 24811 24824 E WPROF   : {"Javascript": {"url": "http://m.addthis.com/live/red_lojson/300lo.json?si=5953016ff6999250&bkl=0&bl=1&pdt=2836&sid=5953016ff6999250&pub=ra-53e918f660794f37&rev=v7.15.4-wp&ln=ko&pc=men&cb=0&ab=-&dp=searchengineland.com&fp=key-local-seo-253785&fr=&of=0&pd=0&irt=0&vcl=0&md=0&ct=1&tct=0&abt=0&cdn=0&pi=1&rb=0&gen=100&chr=UTF-8", "requestTime": 5557.993440}}
06-28 10:08:01.041 24740 24789 E chromium: [ERROR:gles2_cmd_decoder.cc(3852)] [.ChromiumCompositor-0xacbb2fc0]GL ERROR :GL_INVALID_ENUM : glDiscardFramebufferEXT: attachments was GL_COLOR_EXT
06-28 10:08:01.800 24740 24789 E chromium: [ERROR:gles2_cmd_decoder.cc(3852)] [.ChromiumCompositor-0xacbb2fc0]GL ERROR :GL_INVALID_ENUM : glDiscardFramebufferEXT: attachments was GL_COLOR_EXT
06-28 10:08:02.814 24811 24824 E WPROF   : {"Javascript": {"url": "https://www.google.com/js/bg/KWBfAnWFESAEEaKKgdYlTHY9ysQaNoQuzeMFqvxDSM8.js", "requestTime": 5559.869901}}
06-28 10:08:02.819 24811 24824 E WPROF   : {"Javascript": {"url": "https://static.doubleclick.net/instream/ad_status.js", "requestTime": 5559.874359}}
06-28 10:08:03.160 24740 24789 E chromium: [ERROR:gles2_cmd_decoder.cc(3852)] [.ChromiumCompositor-0xacbb2fc0]GL ERROR :GL_INVALID_ENUM : glDiscardFramebufferEXT: attachments was GL_COLOR_EXT
06-28 10:08:03.297 24740 24789 E chromium: [ERROR:gles2_cmd_decoder.cc(3852)] [.ChromiumCompositor-0xacbb2fc0]GL ERROR :GL_INVALID_ENUM : glDiscardFramebufferEXT: attachments was GL_COLOR_EXT
06-28 10:08:03.358 24811 24824 E WPROF   : {"Javascript": {"url": "https://tpc.googlesyndication.com/pagead/js/r20170619/r20110914/client/ext/m_window_focus_non_hydra.js", "requestTime": 5560.414111}}
06-28 10:08:03.360 24811 24824 E WPROF   : {"Javascript": {"url": "https://tpc.googlesyndication.com/pagead/js/r20170619/r20110914/activeview/osd_listener.js", "requestTime": 5560.415818}}
06-28 10:08:03.365 24811 24824 E WPROF   : {"Javascript": {"url": "http://pagead2.googlesyndication.com/pagead/osd.js", "requestTime": 5560.420443}}
06-28 10:08:03.648 24811 24824 E WPROF   : {"Javascript": {"url": "https://platform.twitter.com/js/button.b731e6c82269f70f6fc53634e044a4c6.js", "requestTime": 5560.703949}}
06-28 10:08:03.654 24811 24824 E WPROF   : {"Javascript": {"url": "http://munchkin.marketo.net/151/munchkin.js", "requestTime": 5560.709582}}
06-28 10:08:03.658 24811 24824 E WPROF   : {"Javascript": {"url": "http://www.justuno.com/ajax/account_version_check.html?id=828FA275-FF73-401E-AA39-40F5A6FAB6B1", "requestTime": 5560.714096}}
06-28 10:08:03.893 24811 24824 E WPROF   : {"Javascript": {"url": "http://s7.addthis.com/static/layers.4acb6c577b51939661ec.js", "requestTime": 5560.948665}}
06-28 10:08:04.136 24740 24789 E chromium: [ERROR:gles2_cmd_decoder.cc(3852)] [.ChromiumCompositor-0xacbb2fc0]GL ERROR :GL_INVALID_ENUM : glDiscardFramebufferEXT: attachments was GL_COLOR_EXT
06-28 10:08:04.672 24740 24789 E chromium: [ERROR:gles2_cmd_decoder.cc(3852)] [.ChromiumCompositor-0xacbb2fc0]GL ERROR :GL_INVALID_ENUM : glDiscardFramebufferEXT: attachments was GL_COLOR_EXT
06-28 10:08:05.108 24740 24789 E chromium: [ERROR:gles2_cmd_decoder.cc(3852)] [.ChromiumCompositor-0xacbb2fc0]GL ERROR :GL_INVALID_ENUM : glDiscardFramebufferEXT: attachments was GL_COLOR_EXT
06-28 10:08:05.292 24740 24789 E chromium: [ERROR:gles2_cmd_decoder.cc(3852)] [.ChromiumCompositor-0xacbb2fc0]GL ERROR :GL_INVALID_ENUM : glDiscardFramebufferEXT: attachments was GL_COLOR_EXT
06-28 10:08:05.392 24811 24824 E WPROF   : {"Javascript": {"url": "https://app-sj02.marketo.com/js/forms2/js/forms2.min.js", "requestTime": 5562.447544}}
06-28 10:08:05.410 24740 24789 E chromium: [ERROR:gles2_cmd_decoder.cc(3852)] [.ChromiumCompositor-0xacbb2fc0]GL ERROR :GL_INVALID_ENUM : glDiscardFramebufferEXT: attachments was GL_COLOR_EXT
06-28 10:08:07.433 24811 24824 E WPROF   : {"Javascript": {"url": "http://cdn.justuno.com/mwgt_3.6.js", "requestTime": 5564.488414}}
06-28 10:08:07.606 24740 24789 E chromium: [ERROR:gles2_cmd_decoder.cc(3852)] [.ChromiumCompositor-0xacbb2fc0]GL ERROR :GL_INVALID_ENUM : glDiscardFramebufferEXT: attachments was GL_COLOR_EXT
06-28 10:08:07.652 24740 24789 E chromium: [ERROR:gles2_cmd_decoder.cc(3852)] [.ChromiumCompositor-0xacbb2fc0]GL ERROR :GL_INVALID_ENUM : glDiscardFramebufferEXT: attachments was GL_COLOR_EXT
06-28 10:08:07.791 24740 24789 E chromium: [ERROR:gles2_cmd_decoder.cc(3852)] [.ChromiumCompositor-0xacbb2fc0]GL ERROR :GL_INVALID_ENUM : glDiscardFramebufferEXT: attachments was GL_COLOR_EXT
06-28 10:08:08.349 24740 24789 E chromium: [ERROR:gles2_cmd_decoder.cc(3852)] [.ChromiumCompositor-0xacbb2fc0]GL ERROR :GL_INVALID_ENUM : glDiscardFramebufferEXT: attachments was GL_COLOR_EXT
06-28 10:08:08.719 24811 24824 E WPROF   : {"Javascript": {"url": "https://cdn.syndication.twimg.com/widgets/followbutton/info.json?callback=__twttr.setFollowersCountAndFollowing&lang=en&screen_names=sengineland", "requestTime": 5565.774652}}
06-28 10:08:09.298 24740 24789 E chromium: [ERROR:gles2_cmd_decoder.cc(3852)] [.ChromiumCompositor-0xacbb2fc0]GL ERROR :GL_INVALID_ENUM : glDiscardFramebufferEXT: attachments was GL_COLOR_EXT
06-28 10:08:09.344 24811 24824 E WProf.db: {"page": "searchengineland.com_key-local-seo-253785"}
06-28 10:08:09.344 24811 24824 E WProf.db: {"DOMLoad": 5566.399444}
06-28 10:08:09.344 24811 24824 E WProf.db: {"Resource": {"id": 1, "url": "http://searchengineland.com/key-local-seo-253785", "sentTime": -1.000000, "len": 94642, "from": "0x0", "mimeType": "text/html", "contentLength": -1, "httpStatus": 200, "connId": 19, "connReused": 0, "cached": 0,"requestTime": 5552.046754, "proxyStart": -1, "proxyEnd": -1, "dnsStart": 0, "dnsEnd": 0, "connectStart": 0, "connectEnd": 262, "sendStart": 262, "sendEnd": 263, "receiveHeadersEnd": 572, "sslStart": -1, "sslEnd": -1}}
06-28 10:08:09.344 24811 24824 E WProf.db: {"ReceivedChunk": {"receivedTime": 5552.633249, "len": 7844}}
06-28 10:08:09.344 24811 24824 E WProf.db: {"ReceivedChunk": {"receivedTime": 5552.697426, "len": 32768}}
06-28 10:08:09.344 24811 24824 E WProf.db: {"ReceivedChunk": {"receivedTime": 5552.697647, "len": 27636}}
06-28 10:08:09.344 24811 24824 E WProf.db: {"ReceivedChunk": {"receivedTime": 5552.852521, "len": 26394}}
06-28 10:08:09.344 24811 24824 E WProf.db: {"WprofHTMLTag": {"code": "0xaedd1630", "doc": "http://searchengineland.com/key-local-seo-253785", "row": 6, "column": 42, "tagName": "html", "time": 5552.698798, "url": "", "pos": 1, "chunkLen": 1, "isStartTag": 1}}
06-28 10:08:09.344 24811 24824 E WProf.db: {"WprofHTMLTag": {"code": "0xaf047700", "doc": "http://searchengineland.com/key-local-seo-253785", "row": 7, "column": 6, "tagName": "head", "time": 5552.699008, "url": "", "pos": 1, "chunkLen": 1, "isStartTag": 1}}
06-28 10:08:09.344 24811 24824 E WProf.db: {"WprofHTMLTag": {"code": "0xaf0477f0", "doc": "http://searchengineland.com/key-local-seo-253785", "row": 8, "column": 54, "tagName": "meta", "time": 5552.699053, "url": "", "pos": 1, "chunkLen": 1, "isStartTag": 1}}
06-28 10:08:09.344 24811 24824 E WProf.db: {"WprofHTMLTag": {"code": "0xaf047820", "doc": "http://searchengineland.com/key-local-seo-253785", "row": 9, "column": 68, "tagName": "meta", "time": 5552.699184, "url": "", "pos": 1, "chunkLen": 1, "isStartTag": 1}}
06-28 10:08:09.344 24811 24824 E WProf.db: {"WprofHTMLTag": {"code": "0xaf047850", "doc": "http://searchengineland.com/key-local-seo-253785", "row": 10, "column": 23, "tagName": "meta", "time": 5552.699289, "url": "", "pos": 1, "chunkLen": 1, "isStartTag": 1}}
06-28 10:08:09.344 24811 24824 E WProf.db: {"WprofHTMLTag": {"code": "0xaf047880", "doc": "http://searchengineland.com/key-local-seo-253785", "row": 11, "column": 52, "tagName": "meta", "time": 5552.699411, "url": "", "pos": 1, "chunkLen": 1, "isStartTag": 1}}
06-28 10:08:09.345 24811 24824 E WProf.db: {"WprofHTMLTag": {"code": "0xaf0478b0", "doc": "http://searchengineland.com/key-local-seo-253785", "row": 14, "column": 56, "tagName": "meta", "time": 5552.699533, "url": "", "pos": 1, "chunkLen": 1, "isStartTag": 1}}
06-28 10:08:09.345 24811 24824 E WProf.db: {"WprofHTMLTag": {"code": "0xaf0478e0", "doc": "http://searchengineland.com/key-local-seo-253785", "row": 15, "column": 83, "tagName": "meta", "time": 5552.699635, "url": "", "pos": 1, "chunkLen": 1, "isStartTag": 1}}
06-28 10:08:09.345 24811 24824 E WProf.db: {"WprofHTMLTag": {"code": "0xaf047910", "doc": "http://searchengineland.com/key-local-seo-253785", "row": 16, "column": 57, "tagName": "meta", "time": 5552.699739, "url": "", "pos": 1, "chunkLen": 1, "isStartTag": 1}}
06-28 10:08:09.345 24811 24824 E WProf.db: {"WprofHTMLTag": {"code": "0xaf0479a0", "doc": "http://searchengineland.com/key-local-seo-253785", "row": 17, "column": 41, "tagName": "meta", "time": 5552.699846, "url": "", "pos": 1, "chunkLen": 1, "isStartTag": 1}}
06-28 10:08:09.345 24811 24824 E WProf.db: {"WprofHTMLTag": {"code": "0xaf0479d0", "doc": "http://searchengineland.com/key-local-seo-253785", "row": 18, "column": 50, "tagName": "meta", "time": 5552.699949, "url": "", "pos": 1, "chunkLen": 1, "isStartTag": 1}}
06-28 10:08:09.345 24811 24824 E WProf.db: {"WprofHTMLTag": {"code": "0xaf047a00", "doc": "http://searchengineland.com/key-local-seo-253785", "row": 19, "column": 174, "tagName": "meta", "time": 5552.700088, "url": "", "pos": 1, "chunkLen": 1, "isStartTag": 1}}
06-28 10:08:09.345 24811 24824 E WProf.db: {"WprofHTMLTag": {"code": "0xaf047970", "doc": "http://searchengineland.com/key-local-seo-253785", "row": 20, "column": 47, "tagName": "meta", "time": 5552.700194, "url": "", "pos": 1, "chunkLen": 1, "isStartTag": 1}}
06-28 10:08:09.345 24811 24824 E WProf.db: {"WprofHTMLTag": {"code": "0xaf047940", "doc": "http://searchengineland.com/key-local-seo-253785", "row": 21, "column": 67, "tagName": "meta", "time": 5552.700294, "url": "", "pos": 1, "chunkLen": 1, "isStartTag": 1}}
06-28 10:08:09.345 24811 24824 E WProf.db: {"WprofHTMLTag": {"code": "0xaf047a30", "doc": "http://searchengineland.com/key-local-seo-253785", "row": 22, "column": 57, "tagName": "meta", "time": 5552.700400, "url": "", "pos": 1, "chunkLen": 1, "isStartTag": 1}}
06-28 10:08:09.345 24811 24824 E WProf.db: {"WprofHTMLTag": {"code": "0xaf047a60", "doc": "http://searchengineland.com/key-local-seo-253785", "row": 23, "column": 65, "tagName": "meta", "time": 5552.700505, "url": "", "pos": 1, "chunkLen": 1, "isStartTag": 1}}
06-28 10:08:09.345 24811 24824 E WProf.db: {"WprofHTMLTag": {"code": "0xaf047a90", "doc": "http://searchengineland.com/key-local-seo-253785", "row": 24, "column": 55, "tagName": "meta", "time": 5552.700610, "url": "", "pos": 1, "chunkLen": 1, "isStartTag": 1}}
06-28 10:08:09.345 24811 24824 E WProf.db: {"WprofHTMLTag": {"code": "0xaf047ac0", "doc": "http://searchengineland.com/key-local-seo-253785", "row": 25, "column": 71, "tagName": "meta", "time": 5552.700717, "url": "", "pos": 1, "chunkLen": 1, "isStartTag": 1}}
06-28 10:08:09.345 24811 24824 E WProf.db: {"WprofHTMLTag": {"code": "0xaf047af0", "doc": "http://searchengineland.com/key-local-seo-253785", "row": 26, "column": 86, "tagName": "meta", "time": 5552.700815, "url": "", "pos": 1, "chunkLen": 1, "isStartTag": 1}}
06-28 10:08:09.345 24811 24824 E WProf.db: {"WprofHTMLTag": {"code": "0xaf047b20", "doc": "http://searchengineland.com/key-local-seo-253785", "row": 27, "column": 54, "tagName": "meta", "time": 5552.700920, "url": "", "pos": 1, "chunkLen": 1, "isStartTag": 1}}
06-28 10:08:09.346 24811 24824 E WProf.db: {"WprofHTMLTag": {"code": "0xaf047b50", "doc": "http://searchengineland.com/key-local-seo-253785", "row": 29, "column": 166, "tagName": "meta", "time": 5552.701025, "url": "", "pos": 1, "chunkLen": 1, "isStartTag": 1}}
06-28 10:08:09.346 24811 24824 E WProf.db: {"WprofHTMLTag": {"code": "0xaf047b80", "doc": "http://searchengineland.com/key-local-seo-253785", "row": 30, "column": 196, "tagName": "meta", "time": 5552.701123, "url": "", "pos": 1, "chunkLen": 1, "isStartTag": 1}}
06-28 10:08:09.346 24811 24824 E WProf.db: {"WprofHTMLTag": {"code": "0xaf047bb0", "doc": "http://searchengineland.com/key-local-seo-253785", "row": 31, "column": 55, "tagName": "meta", "time": 5552.701223, "url": "", "pos": 1, "chunkLen": 1, "isStartTag": 1}}
06-28 10:08:09.346 24811 24824 E WProf.db: {"WprofHTMLTag": {"code": "0xaf047be0", "doc": "http://searchengineland.com/key-local-seo-253785", "row": 32, "column": 54, "tagName": "meta", "time": 5552.701322, "url": "", "pos": 1, "chunkLen": 1, "isStartTag": 1}}
06-28 10:08:09.346 24811 24824 E WProf.db: {"WprofHTMLTag": {"code": "0xaf047c10", "doc": "http://searchengineland.com/key-local-seo-253785", "row": 33, "column": 120, "tagName": "meta", "time": 5552.701423, "url": "", "pos": 1, "chunkLen": 1, "isStartTag": 1}}
06-28 10:08:09.346 24811 24824 E WProf.db: {"WprofHTMLTag": {"code": "0xaf047c40", "doc": "http://searchengineland.com/key-local-seo-253785", "row": 37, "column": 36, "tagName": "script", "time": 5552.701525, "url": "", "pos": 1, "chunkLen": 1, "isStartTag": 1}}
06-28 10:08:09.346 24811 24824 E WProf.db: {"WprofHTMLTag": {"code": "0xaf047c70", "doc": "http://searchengineland.com/key-local-seo-253785", "row": 53, "column": 10, "tagName": "script", "time": 5552.701769, "url": "", "pos": 1, "chunkLen": 1, "isStartTag": 0}}
06-28 10:08:09.346 24811 24824 E WProf.db: {"WprofHTMLTag": {"code": "0xaedd1660", "doc": "http://searchengineland.com/key-local-seo-253785", "row": 55, "column": 86, "tagName": "link", "time": 5552.703436, "url": "http://searchengineland.com/apple-touch-icon.png", "pos": 1, "chunkLen": 1, "isStartTag": 1}}
06-28 10:08:09.346 24811 24824 E WProf.db: {"WprofHTMLTag": {"code": "0xaf047ca0", "doc": "http://searchengineland.com/key-local-seo-253785", "row": 56, "column": 76, "tagName": "link", "time": 5552.703723, "url": "http://searchengineland.com/favicon.ico", "pos": 1, "chunkLen": 1, "isStartTag": 1}}
06-28 10:08:09.346 24811 24824 E WProf.db: {"WprofHTMLTag": {"code": "0xaf047cd0", "doc": "http://searchengineland.com/key-local-seo-253785", "row": 57, "column": 158, "tagName": "link", "time": 5552.703913, "url": "http://feeds.searchengineland.com/searchengineland", "pos": 1, "chunkLen": 1, "isStartTag": 1}}
06-28 10:08:09.346 24811 24824 E WProf.db: {"WprofHTMLTag": {"code": "0xaf047d00", "doc": "http://searchengineland.com/key-local-seo-253785", "row": 58, "column": 149, "tagName": "link", "time": 5552.704189, "url": "http://feeds.searchengineland.com/searchcap", "pos": 1, "chunkLen": 1, "isStartTag": 1}}
06-28 10:08:09.346 24811 24824 E WProf.db: {"WprofHTMLTag": {"code": "0xaf047d30", "doc": "http://searchengineland.com/key-local-seo-253785", "row": 59, "column": 150, "tagName": "link", "time": 5552.704452, "url": "http://searchengineland.com/figz/wp-content/themes/searchengineland/css/searchengineland-bootstrap.css", "pos": 1, "chunkLen": 1, "isStartTag": 1}}
06-28 10:08:09.346 24811 24824 E WProf.db: {"WprofHTMLTag": {"code": "0xaf047d90", "doc": "http://searchengineland.com/key-local-seo-253785", "row": 60, "column": 105, "tagName": "link", "time": 5552.704978, "url": "http://fonts.googleapis.com/css?family=Oswald:300,400,700", "pos": 1, "chunkLen": 1, "isStartTag": 1}}
06-28 10:08:09.346 24811 24824 E WProf.db: {"WprofHTMLTag": {"code": "0xaf047df0", "doc": "http://searchengineland.com/key-local-seo-253785", "row": 61, "column": 125, "tagName": "link", "time": 5552.705448, "url": "http://searchengineland.com/figz/wp-content/themes/searchengineland/style.css", "pos": 1, "chunkLen": 1, "isStartTag": 1}}
06-28 10:08:09.347 24811 24824 E WProf.db: {"WprofHTMLTag": {"code": "0xaf047e50", "doc": "http://searchengineland.com/key-local-seo-253785", "row": 65, "column": 7, "tagName": "title", "time": 5552.705915, "url": "", "pos": 1, "chunkLen": 1, "isStartTag": 1}}
06-28 10:08:09.347 24811 24824 E WProf.db: {"WprofHTMLTag": {"code": "0xaf047e80", "doc": "http://searchengineland.com/key-local-seo-253785", "row": 65, "column": 35, "tagName": "title", "time": 5552.706004, "url": "", "pos": 1, "chunkLen": 1, "isStartTag": 0}}
06-28 10:08:09.347 24811 24824 E WProf.db: {"WprofHTMLTag": {"code": "0xaf047eb0", "doc": "http://searchengineland.com/key-local-seo-253785", "row": 66, "column": 193, "tagName": "meta", "time": 5552.706022, "url": "", "pos": 1, "chunkLen": 1, "isStartTag": 1}}
06-28 10:08:09.347 24811 24824 E WProf.db: {"WprofHTMLTag": {"code": "0xaf047ee0", "doc": "http://searchengineland.com/key-local-seo-253785", "row": 67, "column": 167, "tagName": "meta", "time": 5552.706137, "url": "", "pos": 1, "chunkLen": 1, "isStartTag": 1}}
06-28 10:08:09.347 24811 24824 E WProf.db: {"WprofHTMLTag": {"code": "0xaf047f10", "doc": "http://searchengineland.com/key-local-seo-253785", "row": 68, "column": 90, "tagName": "meta", "time": 5552.706242, "url": "", "pos": 1, "chunkLen": 1, "isStartTag": 1}}
06-28 10:08:09.347 24811 24824 E WProf.db: {"WprofHTMLTag": {"code": "0xaf047f40", "doc": "http://searchengineland.com/key-local-seo-253785", "row": 69, "column": 37, "tagName": "meta", "time": 5552.706349, "url": "", "pos": 1, "chunkLen": 1, "isStartTag": 1}}
06-28 10:08:09.347 24811 24824 E WProf.db: {"WprofHTMLTag": {"code": "0xaf047f70", "doc": "http://searchengineland.com/key-local-seo-253785", "row": 70, "column": 80, "tagName": "link", "time": 5552.706456, "url": "http://searchengineland.com/key-local-seo-253785", "pos": 1, "chunkLen": 1, "isStartTag": 1}}
06-28 10:08:09.347 24811 24824 E WProf.db: {"WprofHTMLTag": {"code": "0xaf047fa0", "doc": "http://searchengineland.com/key-local-seo-253785", "row": 71, "column": 76, "tagName": "link", "time": 5552.706634, "url": "https://plus.google.com/103218677032751327334", "pos": 1, "chunkLen": 1, "isStartTag": 1}}
06-28 10:08:09.347 24811 24824 E WProf.db: {"WprofHTMLTag": {"code": "0xaf047fd0", "doc": "http://searchengineland.com/key-local-seo-253785", "row": 72, "column": 45, "tagName": "meta", "time": 5552.718370, "url": "", "pos": 1, "chunkLen": 1, "isStartTag": 1}}
06-28 10:08:09.347 24811 24824 E WProf.db: {"WprofHTMLTag": {"code": "0xb4cc74b0", "doc": "http://searchengineland.com/key-local-seo-253785", "row": 73, "column": 45, "tagName": "meta", "time": 5552.718508, "url": "", "pos": 1, "chunkLen": 1, "isStartTag": 1}}
06-28 10:08:09.347 24811 24824 E WProf.db: {"WprofHTMLTag": {"code": "0xb4cc7540", "doc": "http://searchengineland.com/key-local-seo-253785", "row": 74, "column": 59, "tagName": "meta", "time": 5552.718615, "url": "", "pos": 1, "chunkLen": 1, "isStartTag": 1}}
06-28 10:08:09.347 24811 24824 E WProf.db: {"WprofHTMLTag": {"code": "0xb4cc78a0", "doc": "http://searchengineland.com/key-local-seo-253785", "row": 75, "column": 201, "tagName": "meta", "time": 5552.718727, "url": "", "pos": 1, "chunkLen": 1, "isStartTag": 1}}
06-28 10:08:09.347 24811 24824 E WProf.db: {"WprofHTMLTag": {"code": "0xb4cc78d0", "doc": "http://searchengineland.com/key-local-seo-253785", "row": 76, "column": 85, "tagName": "meta", "time": 5552.718829, "url": "", "pos": 1, "chunkLen": 1, "isStartTag": 1}}
06-28 10:08:09.347 24740 24789 E chromium: [ERROR:gles2_cmd_decoder.cc(3852)] [.ChromiumCompositor-0xacbb2fc0]GL ERROR :GL_INVALID_ENUM : glDiscardFramebufferEXT: attachments was GL_COLOR_EXT
06-28 10:08:09.348 24811 24824 E WProf.db: {"WprofHTMLTag": {"code": "0xb4cc7900", "doc": "http://searchengineland.com/key-local-seo-253785", "row": 77, "column": 61, "tagName": "meta", "time": 5552.718929, "url": "", "pos": 1, "chunkLen": 1, "isStartTag": 1}}
06-28 10:08:09.348 24811 24824 E WProf.db: {"WprofHTMLTag": {"code": "0xb4cc7930", "doc": "http://searchengineland.com/key-local-seo-253785", "row": 78, "column": 89, "tagName": "meta", "time": 5552.719038, "url": "", "pos": 1, "chunkLen": 1, "isStartTag": 1}}
06-28 10:08:09.348 24811 24824 E WProf.db: {"WprofHTMLTag": {"code": "0xb4cc7960", "doc": "http://searchengineland.com/key-local-seo-253785", "row": 79, "column": 60, "tagName": "meta", "time": 5552.719141, "url": "", "pos": 1, "chunkLen": 1, "isStartTag": 1}}
06-28 10:08:09.348 24811 24824 E WProf.db: {"WprofHTMLTag": {"code": "0xb4cc7990", "doc": "http://searchengineland.com/key-local-seo-253785", "row": 80, "column": 78, "tagName": "meta", "time": 5552.719246, "url": "", "pos": 1, "chunkLen": 1, "isStartTag": 1}}
06-28 10:08:09.348 24811 24824 E WProf.db: {"WprofHTMLTag": {"code": "0xb4cc79c0", "doc": "http://searchengineland.com/key-local-seo-253785", "row": 81, "column": 77, "tagName": "meta", "time": 5552.719352, "url": "", "pos": 1, "chunkLen": 1, "isStartTag": 1}}
06-28 10:08:09.348 24811 24824 E WProf.db: {"WprofHTMLTag": {"code": "0xb4cc79f0", "doc": "http://searchengineland.com/key-local-seo-253785", "row": 82, "column": 71, "tagName": "meta", "time": 5552.719458, "url": "", "pos": 1, "chunkLen": 1, "isStartTag": 1}}
06-28 10:08:09.348 24811 24824 E WProf.db: {"WprofHTMLTag": {"code": "0xb4cc7a20", "doc": "http://searchengineland.com/key-local-seo-253785", "row": 83, "column": 114, "tagName": "meta", "time": 5552.719565, "url": "", "pos": 1, "chunkLen": 1, "isStartTag": 1}}
06-28 10:08:09.348 24811 24824 E WProf.db: {"WprofHTMLTag": {"code": "0xb4cc7a50", "doc": "http://searchengineland.com/key-local-seo-253785", "row": 84, "column": 49, "tagName": "meta", "time": 5552.719667, "url": "", "pos": 1, "chunkLen": 1, "isStartTag": 1}}
06-28 10:08:09.348 24811 24824 E WProf.db: {"WprofHTMLTag": {"code": "0xb4cc7a80", "doc": "http://searchengineland.com/key-local-seo-253785", "row": 85, "column": 50, "tagName": "meta", "time": 5552.719766, "url": "", "pos": 1, "chunkLen": 1, "isStartTag": 1}}
06-28 10:08:09.348 24811 24824 E WProf.db: {"WprofHTMLTag": {"code": "0xb4cc7ab0", "doc": "http://searchengineland.com/key-local-seo-253785", "row": 86, "column": 58, "tagName": "meta", "time": 5552.719870, "url": "", "pos": 1, "chunkLen": 1, "isStartTag": 1}}
06-28 10:08:09.348 24811 24824 E WProf.db: {"WprofHTMLTag": {"code": "0xb4cc7ae0", "doc": "http://searchengineland.com/key-local-seo-253785", "row": 87, "column": 202, "tagName": "meta", "time": 5552.719975, "url": "", "pos": 1, "chunkLen": 1, "isStartTag": 1}}
06-28 10:08:09.348 24811 24824 E WProf.db: {"WprofHTMLTag": {"code": "0xb4cc7b10", "doc": "http://searchengineland.com/key-local-seo-253785", "row": 88, "column": 60, "tagName": "meta", "time": 5552.720115, "url": "", "pos": 1, "chunkLen": 1, "isStartTag": 1}}
06-28 10:08:09.348 24811 24824 E WProf.db: {"WprofHTMLTag": {"code": "0xb4cc7b40", "doc": "http://searchengineland.com/key-local-seo-253785", "row": 89, "column": 51, "tagName": "meta", "time": 5552.720223, "url": "", "pos": 1, "chunkLen": 1, "isStartTag": 1}}
06-28 10:08:09.348 24811 24824 E WProf.db: {"WprofHTMLTag": {"code": "0xb4cc7b70", "doc": "http://searchengineland.com/key-local-seo-253785", "row": 90, "column": 115, "tagName": "meta", "time": 5552.720326, "url": "", "pos": 1, "chunkLen": 1, "isStartTag": 1}}
06-28 10:08:09.348 24811 24824 E WProf.db: {"WprofHTMLTag": {"code": "0xb4cc7ba0", "doc": "http://searchengineland.com/key-local-seo-253785", "row": 91, "column": 54, "tagName": "meta", "time": 5552.720431, "url": "", "pos": 1, "chunkLen": 1, "isStartTag": 1}}
06-28 10:08:09.349 24811 24824 E WProf.db: {"WprofHTMLTag": {"code": "0xb4cc7bd0", "doc": "http://searchengineland.com/key-local-seo-253785", "row": 94, "column": 44, "tagName": "link", "time": 5552.720542, "url": "http://s.w.org/", "pos": 1, "chunkLen": 1, "isStartTag": 1}}
06-28 10:08:09.349 24811 24824 E WProf.db: {"WprofHTMLTag": {"code": "0xb4cc7c00", "doc": "http://searchengineland.com/key-local-seo-253785", "row": 95, "column": 33, "tagName": "script", "time": 5552.720749, "url": "", "pos": 1, "chunkLen": 1, "isStartTag": 1}}
06-28 10:08:09.349 24811 24824 E WProf.db: {"WprofHTMLTag": {"code": "0xb4cc7c30", "doc": "http://searchengineland.com/key-local-seo-253785", "row": 98, "column": 11, "tagName": "script", "time": 5552.721199, "url": "http://searchengineland.com/figz/wp-includes/js/wp-emoji-release.min.js?ver=4.7.5", "pos": 1, "chunkLen": 1, "isStartTag": 0}}
06-28 10:08:09.349 24811 24824 E WProf.db: {"WprofHTMLTag": {"code": "0x9d2d3960", "doc": "http://searchengineland.com/key-local-seo-253785", "row": 99, "column": 25, "tagName": "style", "time": 5553.499694, "url": "", "pos": 1, "chunkLen": 1, "isStartTag": 1}}
06-28 10:08:09.350 24811 24824 E WProf.db: {"WprofHTMLTag": {"code": "0x9d2d3990", "doc": "http://searchengineland.com/key-local-seo-253785", "row": 112, "column": 8, "tagName": "style", "time": 5553.499892, "url": "", "pos": 1, "chunkLen": 1, "isStartTag": 0}}
06-28 10:08:09.350 24811 24824 E WProf.db: {"WprofHTMLTag": {"code": "0x9d2d39c0", "doc": "http://searchengineland.com/key-local-seo-253785", "row": 113, "column": 140, "tagName": "script", "time": 5553.501996, "url": "http://searchengineland.com/figz/wp-content/themes/searchengineland/js/lib/modernizr.custom.js?ver=1.0", "pos": 1, "chunkLen": 1, "isStartTag": 1}}
06-28 10:08:09.350 24811 24824 E WProf.db: {"WprofHTMLTag": {"code": "0x9d2d39f0", "doc": "http://searchengineland.com/key-local-seo-253785", "row": 113, "column": 149, "tagName": "script", "time": 5553.502227, "url": "", "pos": 1, "chunkLen": 1, "isStartTag": 0}}
06-28 10:08:09.350 24811 24824 E WProf.db: {"WprofHTMLTag": {"code": "0x9d2d3a20", "doc": "http://searchengineland.com/key-local-seo-253785", "row": 114, "column": 144, "tagName": "script", "time": 5553.510538, "url": "http://searchengineland.com/figz/wp-content/themes/searchengineland/js/lib/jquery-1.11.0.min.js?ver=1.11.0", "pos": 1, "chunkLen": 1, "isStartTag": 1}}
06-28 10:08:09.350 24811 24824 E WProf.db: {"WprofHTMLTag": {"code": "0x9d2d3a50", "doc": "http://searchengineland.com/key-local-seo-253785", "row": 114, "column": 153, "tagName": "script", "time": 5553.510774, "url": "", "pos": 1, "chunkLen": 1, "isStartTag": 0}}
06-28 10:08:09.350 24811 24824 E WProf.db: {"WprofHTMLTag": {"code": "0xaedd1b40", "doc": "http://searchengineland.com/key-local-seo-253785", "row": 0, "column": 15, "tagName": "div", "time": 5553.614947, "url": "", "pos": 15, "chunkLen": 44, "isStartTag": 1}}
06-28 10:08:09.350 24811 24824 E WProf.db: {"WprofHTMLTag": {"code": "0xaedd1ea0", "doc": "http://searchengineland.com/key-local-seo-253785", "row": 0, "column": 21, "tagName": "div", "time": 5553.615115, "url": "", "pos": 21, "chunkLen": 44, "isStartTag": 0}}
06-28 10:08:09.350 24811 24824 E WProf.db: {"WprofHTMLTag": {"code": "0xaedd1e70", "doc": "http://searchengineland.com/key-local-seo-253785", "row": 0, "column": 38, "tagName": "div", "time": 5553.615203, "url": "", "pos": 38, "chunkLen": 44, "isStartTag": 1}}
06-28 10:08:09.350 24811 24824 E WProf.db: {"WprofHTMLTag": {"code": "0xaedd1c00", "doc": "http://searchengineland.com/key-local-seo-253785", "row": 0, "column": 44, "tagName": "div", "time": 5553.615358, "url": "", "pos": 44, "chunkLen": 44, "isStartTag": 0}}
06-28 10:08:09.350 24811 24824 E WProf.db: {"WprofHTMLTag": {"code": "0xaedd1ab0", "doc": "http://searchengineland.com/key-local-seo-253785", "row": 0, "column": 13, "tagName": "select", "time": 5553.617829, "url": "", "pos": 13, "chunkLen": 51, "isStartTag": 1}}
06-28 10:08:09.351 24811 24824 E WProf.db: {"WprofHTMLTag": {"code": "0x9d2d3ae0", "doc": "http://searchengineland.com/key-local-seo-253785", "row": 0, "column": 33, "tagName": "option", "time": 5553.618069, "url": "", "pos": 33, "chunkLen": 51, "isStartTag": 1}}
06-28 10:08:09.351 24811 24824 E WProf.db: {"WprofHTMLTag": {"code": "0x9d2d3b10", "doc": "http://searchengineland.com/key-local-seo-253785", "row": 0, "column": 42, "tagName": "option", "time": 5553.618308, "url": "", "pos": 42, "chunkLen": 51, "isStartTag": 0}}
06-28 10:08:09.351 24811 24824 E WProf.db: {"WprofHTMLTag": {"code": "0x9d2d3b40", "doc": "http://searchengineland.com/key-local-seo-253785", "row": 0, "column": 51, "tagName": "select", "time": 5553.618385, "url": "", "pos": 51, "chunkLen": 51, "isStartTag": 0}}
06-28 10:08:09.351 24811 24824 E WProf.db: {"WprofHTMLTag": {"code": "0x9d2d3b70", "doc": "http://searchengineland.com/key-local-seo-253785", "row": 0, "column": 12, "tagName": "a", "time": 5553.624364, "url": "", "pos": 12, "chunkLen": 16, "isStartTag": 1}}
06-28 10:08:09.351 24811 24824 E WProf.db: {"WprofHTMLTag": {"code": "0x9d2d3ba0", "doc": "http://searchengineland.com/key-local-seo-253785", "row": 0, "column": 16, "tagName": "a", "time": 5553.624560, "url": "", "pos": 16, "chunkLen": 16, "isStartTag": 0}}
06-28 10:08:09.351 24811 24824 E WProf.db: {"WprofHTMLTag": {"code": "0x9d2d3bd0", "doc": "http://searchengineland.com/key-local-seo-253785", "row": 0, "column": 8, "tagName": "input", "time": 5553.625891, "url": "", "pos": 8, "chunkLen": 8, "isStartTag": 1}}
06-28 10:08:09.351 24811 24824 E WProf.db: {"WprofHTMLTag": {"code": "0x9d2d3c00", "doc": "http://searchengineland.com/key-local-seo-253785", "row": 0, "column": 9, "tagName": "link", "time": 5553.638756, "url": "", "pos": 9, "chunkLen": 42, "isStartTag": 1}}
06-28 10:08:09.351 24811 24824 E WProf.db: {"WprofHTMLTag": {"code": "0x9d2d3c30", "doc": "http://searchengineland.com/key-local-seo-253785", "row": 0, "column": 16, "tagName": "table", "time": 5553.638905, "url": "", "pos": 16, "chunkLen": 42, "isStartTag": 1}}
06-28 10:08:09.351 24811 24824 E WProf.db: {"WprofHTMLTag": {"code": "0x9d2d3c60", "doc": "http://searchengineland.com/key-local-seo-253785", "row": 0, "column": 24, "tagName": "table", "time": 5553.639047, "url": "", "pos": 24, "chunkLen": 42, "isStartTag": 0}}
06-28 10:08:09.351 24811 24824 E WProf.db: {"WprofHTMLTag": {"code": "0x9d2d3c90", "doc": "http://searchengineland.com/key-local-seo-253785", "row": 0, "column": 37, "tagName": "a", "time": 5553.639133, "url": "", "pos": 37, "chunkLen": 42, "isStartTag": 1}}
06-28 10:08:09.351 24811 24824 E WProf.db: {"WprofHTMLTag": {"code": "0x9d2d3cc0", "doc": "http://searchengineland.com/key-local-seo-253785", "row": 0, "column": 42, "tagName": "a", "time": 5553.639353, "url": "", "pos": 42, "chunkLen": 42, "isStartTag": 0}}
06-28 10:08:09.351 24811 24824 E WProf.db: {"WprofHTMLTag": {"code": "0x9d2d3d50", "doc": "http://searchengineland.com/key-local-seo-253785", "row": 0, "column": 10, "tagName": "textarea", "time": 5553.641035, "url": "", "pos": 10, "chunkLen": 22, "isStartTag": 1}}
06-28 10:08:09.351 24811 24824 E WProf.db: {"WprofHTMLTag": {"code": "0x9d2d3d80", "doc": "http://searchengineland.com/key-local-seo-253785", "row": 0, "column": 22, "tagName": "textarea", "time": 5553.641335, "url": "", "pos": 22, "chunkLen": 22, "isStartTag": 0}}
06-28 10:08:09.351 24811 24824 E WProf.db: {"WprofHTMLTag": {"code": "0x9d2d3db0", "doc": "http://searchengineland.com/key-local-seo-253785", "row": 0, "column": 48, "tagName": "input", "time": 5553.642706, "url": "", "pos": 48, "chunkLen": 48, "isStartTag": 1}}
06-28 10:08:09.352 24811 24824 E WProf.db: {"WprofHTMLTag": {"code": "0x9d2d3e10", "doc": "http://searchengineland.com/key-local-seo-253785", "row": 0, "column": 9, "tagName": "link", "time": 5553.647604, "url": "", "pos": 9, "chunkLen": 66, "isStartTag": 1}}
06-28 10:08:09.352 24811 24824 E WProf.db: {"WprofHTMLTag": {"code": "0x9d2d3e40", "doc": "http://searchengineland.com/key-local-seo-253785", "row": 0, "column": 16, "tagName": "table", "time": 5553.647728, "url": "", "pos": 16, "chunkLen": 66, "isStartTag": 1}}
06-28 10:08:09.352 24811 24824 E WProf.db: {"WprofHTMLTag": {"code": "0x9d2d3e70", "doc": "http://searchengineland.com/key-local-seo-253785", "row": 0, "column": 24, "tagName": "table", "time": 5553.647813, "url": "", "pos": 24, "chunkLen": 66, "isStartTag": 0}}
06-28 10:08:09.352 24811 24824 E WProf.db: {"WprofHTMLTag": {"code": "0x9d2d3ea0", "doc": "http://searchengineland.com/key-local-seo-253785", "row": 0, "column": 37, "tagName": "a", "time": 5553.647882, "url": "", "pos": 37, "chunkLen": 66, "isStartTag": 1}}
06-28 10:08:09.352 24811 24824 E WProf.db: {"WprofHTMLTag": {"code": "0x9d2d3ed0", "doc": "http://searchengineland.com/key-local-seo-253785", "row": 0, "column": 42, "tagName": "a", "time": 5553.648099, "url": "", "pos": 42, "chunkLen": 66, "isStartTag": 0}}
06-28 10:08:09.352 24811 24824 E WProf.db: {"WprofHTMLTag": {"code": "0x9d2d3f00", "doc": "http://searchengineland.com/key-local-seo-253785", "row": 0, "column": 66, "tagName": "input", "time": 5553.648172, "url": "", "pos": 66, "chunkLen": 66, "isStartTag": 1}}
06-28 10:08:09.352 24811 24824 E WProf.db: {"WprofHTMLTag": {"code": "0x9d2d3f90", "doc": "http://searchengineland.com/key-local-seo-253785", "row": 0, "column": 9, "tagName": "link", "time": 5553.650196, "url": "", "pos": 9, "chunkLen": 66, "isStartTag": 1}}
06-28 10:08:09.352 24811 24824 E WProf.db: {"WprofHTMLTag": {"code": "0x9d2d3fc0", "doc": "http://searchengineland.com/key-local-seo-253785", "row": 0, "column": 16, "tagName": "table", "time": 5553.652925, "url": "", "pos": 16, "chunkLen": 66, "isStartTag": 1}}
06-28 10:08:09.352 24811 24824 E WProf.db: {"WprofHTMLTag": {"code": "0x9d2d3ff0", "doc": "http://searchengineland.com/key-local-seo-253785", "row": 0, "column": 24, "tagName": "table", "time": 5553.653294, "url": "", "pos": 24, "chunkLen": 66, "isStartTag": 0}}
06-28 10:08:09.352 24811 24824 E WProf.db: {"WprofHTMLTag": {"code": "0x9d2d4020", "doc": "http://searchengineland.com/key-local-seo-253785", "row": 0, "column": 37, "tagName": "a", "time": 5553.653667, "url": "", "pos": 37, "chunkLen": 66, "isStartTag": 1}}
06-28 10:08:09.352 24811 24824 E WProf.db: {"WprofHTMLTag": {"code": "0x9d2d4050", "doc": "http://searchengineland.com/key-local-seo-253785", "row": 0, "column": 42, "tagName": "a", "time": 5553.654604, "url": "", "pos": 42, "chunkLen": 66, "isStartTag": 0}}
06-28 10:08:09.352 24811 24824 E WProf.db: {"WprofHTMLTag": {"code": "0x9d2d4080", "doc": "http://searchengineland.com/key-local-seo-253785", "row": 0, "column": 66, "tagName": "input", "time": 5553.654923, "url": "", "pos": 66, "chunkLen": 66, "isStartTag": 1}}
06-28 10:08:09.352 24811 24824 E WProf.db: {"WprofHTMLTag": {"code": "0x9d2d40e0", "doc": "http://searchengineland.com/key-local-seo-253785", "row": 0, "column": 9, "tagName": "link", "time": 5553.671312, "url": "", "pos": 9, "chunkLen": 66, "isStartTag": 1}}
06-28 10:08:09.352 24811 24824 E WProf.db: {"WprofHTMLTag": {"code": "0x9d2d4110", "doc": "http://searchengineland.com/key-local-seo-253785", "row": 0, "column": 16, "tagName": "table", "time": 5553.671447, "url": "", "pos": 16, "chunkLen": 66, "isStartTag": 1}}
06-28 10:08:09.353 24811 24824 E WProf.db: {"WprofHTMLTag": {"code": "0x9d2d4140", "doc": "http://searchengineland.com/key-local-seo-253785", "row": 0, "column": 24, "tagName": "table", "time": 5553.671530, "url": "", "pos": 24, "chunkLen": 66, "isStartTag": 0}}
06-28 10:08:09.353 24811 24824 E WProf.db: {"WprofHTMLTag": {"code": "0x9d2d4170", "doc": "http://searchengineland.com/key-local-seo-253785", "row": 0, "column": 37, "tagName": "a", "time": 5553.671603, "url": "", "pos": 37, "chunkLen": 66, "isStartTag": 1}}
06-28 10:08:09.355 24811 24824 E WProf.db: {"WprofHTMLTag": {"code": "0x9d2d41a0", "doc": "http://searchengineland.com/key-local-seo-253785", "row": 0, "column": 42, "tagName": "a", "time": 5553.671797, "url": "", "pos": 42, "chunkLen": 66, "isStartTag": 0}}
06-28 10:08:09.355 24811 24824 E WProf.db: {"WprofHTMLTag": {"code": "0x9d2d41d0", "doc": "http://searchengineland.com/key-local-seo-253785", "row": 0, "column": 66, "tagName": "input", "time": 5553.671875, "url": "", "pos": 66, "chunkLen": 66, "isStartTag": 1}}
06-28 10:08:09.355 24811 24824 E WProf.db: {"WprofHTMLTag": {"code": "0x9d2d42f0", "doc": "http://searchengineland.com/key-local-seo-253785", "row": 115, "column": 154, "tagName": "script", "time": 5553.687403, "url": "http://searchengineland.com/figz/wp-content/themes/searchengineland/js/lib/jquery-ui-1.10.3.custom.min.js?ver=1.10.3", "pos": 67, "chunkLen": 67, "isStartTag": 1}}
06-28 10:08:09.355 24811 24824 E WProf.db: {"WprofHTMLTag": {"code": "0x9d2d4320", "doc": "http://searchengineland.com/key-local-seo-253785", "row": 115, "column": 163, "tagName": "script", "time": 5553.687712, "url": "", "pos": 67, "chunkLen": 67, "isStartTag": 0}}
06-28 10:08:09.355 24811 24824 E WProf.db: {"WprofHTMLTag": {"code": "0xaedd1d50", "doc": "http://searchengineland.com/key-local-seo-253785", "row": 0, "column": 111, "tagName": "div", "time": 5554.110738, "url": "", "pos": 111, "chunkLen": 117, "isStartTag": 1}}
06-28 10:08:09.355 24811 24824 E WProf.db: {"WprofHTMLTag": {"code": "0xaedd1d20", "doc": "http://searchengineland.com/key-local-seo-253785", "row": 0, "column": 117, "tagName": "div", "time": 5554.110961, "url": "", "pos": 117, "chunkLen": 117, "isStartTag": 0}}
06-28 10:08:09.355 24811 24824 E WProf.db: {"WprofHTMLTag": {"code": "0x9d2d4620", "doc": "http://searchengineland.com/key-local-seo-253785", "row": 116, "column": 155, "tagName": "script", "time": 5554.141189, "url": "http://searchengineland.com/figz/wp-content/themes/searchengineland/js/lib/jquery.ba-throttle-debounce.min.js?ver=1.1", "pos": 118, "chunkLen": 118, "isStartTag": 1}}
06-28 10:08:09.356 24811 24824 E WProf.db: {"WprofHTMLTag": {"code": "0x9d2d4650", "doc": "http://searchengineland.com/key-local-seo-253785", "row": 116, "column": 164, "tagName": "script", "time": 5554.141466, "url": "", "pos": 118, "chunkLen": 118, "isStartTag": 0}}
06-28 10:08:09.356 24811 24824 E WProf.db: {"WprofHTMLTag": {"code": "0x9d2d4680", "doc": "http://searchengineland.com/key-local-seo-253785", "row": 117, "column": 146, "tagName": "script", "time": 5554.142740, "url": "http://searchengineland.com/figz/wp-content/themes/searchengineland/js/lib/jquery.countdown.min.js?ver=2.0.4", "pos": 118, "chunkLen": 118, "isStartTag": 1}}
06-28 10:08:09.356 24811 24824 E WProf.db: {"WprofHTMLTag": {"code": "0x9d2d46b0", "doc": "http://searchengineland.com/key-local-seo-253785", "row": 117, "column": 155, "tagName": "script", "time": 5554.142967, "url": "", "pos": 118, "chunkLen": 118, "isStartTag": 0}}
06-28 10:08:09.356 24811 24824 E WProf.db: {"WprofHTMLTag": {"code": "0x9d2d46e0", "doc": "http://searchengineland.com/key-local-seo-253785", "row": 118, "column": 77, "tagName": "link", "time": 5554.145606, "url": "http://searchengineland.com/wp-json/", "pos": 118, "chunkLen": 118, "isStartTag": 1}}
06-28 10:08:09.356 24811 24824 E WProf.db: {"WprofHTMLTag": {"code": "0x9d2d47d0", "doc": "http://searchengineland.com/key-local-seo-253785", "row": 119, "column": 69, "tagName": "link", "time": 5554.145840, "url": "http://searchengineland.com/?p=253785", "pos": 118, "chunkLen": 118, "isStartTag": 1}}
