--------- beginning of main
06-28 14:46:30.317  3449  3449 E Finsky  : [1] com.google.android.finsky.wear.bl.a(3): onConnectionFailed: ConnectionResult{statusCode=API_UNAVAILABLE, resolution=null, message=null}
--------- beginning of system
06-28 14:46:31.497 24770 24770 E chromium: [ERROR:shell_integration_android.cc(12)] Not implemented reached in static ShellIntegration::DefaultWebClientSetPermission ShellIntegration::CanSetAsDefaultBrowser()
06-28 14:46:31.501 24770 24770 E chromium: [ERROR:browser_process_impl.cc(720)] Not implemented reached in virtual BackgroundModeManager* BrowserProcessImpl::background_mode_manager()
06-28 14:46:31.797  3218 23949 E AudioRecord-JNI: Error -4 during AudioRecord native read
06-28 14:46:34.242 24770 24815 E chromium: [ERROR:gles2_cmd_decoder.cc(3852)] [.ChromiumCompositor-0xacbb2fc0]GL ERROR :GL_INVALID_ENUM : glDiscardFramebufferEXT: attachments was GL_COLOR_EXT
06-28 14:46:34.457 24836 24849 E WPROF   : {"CSS": {"url": "http://searchengineland.com/figz/wp-content/themes/searchengineland/css/searchengineland-bootstrap.css", "requestTime": 22271.512943}}
06-28 14:46:34.459 24836 24849 E WPROF   : {"CSS": {"url": "http://fonts.googleapis.com/css?family=Oswald:300,400,700", "requestTime": 22271.514627}}
06-28 14:46:34.460 24836 24849 E WPROF   : {"CSS": {"url": "http://searchengineland.com/figz/wp-content/themes/searchengineland/style.css", "requestTime": 22271.516069}}
06-28 14:46:34.468 24836 24849 E WPROF   : {"Javascript": {"url": "http://searchengineland.com/figz/wp-content/themes/searchengineland/js/lib/modernizr.custom.js?ver=1.0", "requestTime": 22271.523293}}
06-28 14:46:34.468 24836 24849 E WPROF   : {"Javascript": {"url": "http://searchengineland.com/figz/wp-content/themes/searchengineland/js/lib/jquery-1.11.0.min.js?ver=1.11.0", "requestTime": 22271.523848}}
06-28 14:46:34.469 24836 24849 E WPROF   : {"Javascript": {"url": "http://searchengineland.com/figz/wp-content/themes/searchengineland/js/lib/jquery-ui-1.10.3.custom.min.js?ver=1.10.3", "requestTime": 22271.524304}}
06-28 14:46:34.469 24836 24849 E WPROF   : {"Javascript": {"url": "http://searchengineland.com/figz/wp-content/themes/searchengineland/js/lib/jquery.ba-throttle-debounce.min.js?ver=1.1", "requestTime": 22271.524727}}
06-28 14:46:34.469 24836 24849 E WPROF   : {"Javascript": {"url": "http://searchengineland.com/figz/wp-content/themes/searchengineland/js/lib/jquery.countdown.min.js?ver=2.0.4", "requestTime": 22271.525194}}
06-28 14:46:34.470 24836 24849 E WPROF   : {"Javascript": {"url": "http://static.chartbeat.com/js/chartbeat_mab.js", "requestTime": 22271.525680}}
06-28 14:46:35.101 24836 24849 E WPROF   : {"Javascript": {"url": "http://searchengineland.com/figz/wp-includes/js/wp-emoji-release.min.js?ver=4.7.5", "requestTime": 22272.156952}}
06-28 14:46:35.506 24836 24849 E WPROF   : {"Javascript": {"url": "http://www.googletagservices.com/tag/js/gpt.js", "requestTime": 22272.561701}}
06-28 14:46:35.512 24836 24849 E WPROF   : {"Javascript": {"url": "https://www.google-analytics.com/analytics.js", "requestTime": 22272.567895}}
06-28 14:46:35.515 24836 24849 E WPROF   : {"Javascript": {"url": "http://edge.quantserve.com/quant.js", "requestTime": 22272.571090}}
06-28 14:46:35.517 24836 24849 E WPROF   : {"Javascript": {"url": "https://connect.facebook.net/en_US/fbevents.js", "requestTime": 22272.572840}}
06-28 14:46:35.583 24770 24815 E chromium: [ERROR:gles2_cmd_decoder.cc(3852)] [.ChromiumCompositor-0xacbb2fc0]GL ERROR :GL_INVALID_ENUM : glDiscardFramebufferEXT: attachments was GL_COLOR_EXT
06-28 14:46:35.602 24836 24849 E WPROF   : {"Javascript": {"url": "http://app-sj02.marketo.com/js/forms2/js/forms2.min.js", "requestTime": 22272.657504}}
06-28 14:46:35.679 24770 24815 E chromium: [ERROR:gles2_cmd_decoder.cc(3852)] [.ChromiumCompositor-0xacbb2fc0]GL ERROR :GL_INVALID_ENUM : glDiscardFramebufferEXT: attachments was GL_COLOR_EXT
06-28 14:46:35.714 24836 24849 E WPROF   : {"Javascript": {"url": "https://connect.facebook.net/signals/config/423979991297359?v=2.7.17", "requestTime": 22272.769225}}
06-28 14:46:35.720 24836 24849 E WPROF   : {"Javascript": {"url": "https://securepubads.g.doubleclick.net/gpt/pubads_impl_121.js", "requestTime": 22272.775287}}
06-28 14:46:35.787 24770 24815 E chromium: [ERROR:gles2_cmd_decoder.cc(3852)] [.ChromiumCompositor-0xacbb2fc0]GL ERROR :GL_INVALID_ENUM : glDiscardFramebufferEXT: attachments was GL_COLOR_EXT
06-28 14:46:36.444 24836 24849 E WPROF   : {"Javascript": {"url": "http://app-sj02.marketo.com/index.php/form/getForm?munchkinId=727-ZQE-044&form=5691&url=http%3A%2F%2Fsearchengineland.com%2Fknow-thy-enemy-local-seo-art-war-231891&callback=jQuery1102005315750231966376_1498628796357&_=1498628796358", "requestTime": 22273.499531}}
06-28 14:46:36.460 24836 24849 E WPROF   : {"Javascript": {"url": "http://app-sj02.marketo.com/index.php/form/getForm?munchkinId=727-ZQE-044&form=5685&url=http%3A%2F%2Fsearchengineland.com%2Fknow-thy-enemy-local-seo-art-war-231891&callback=jQuery1102005315750231966376_1498628796359&_=1498628796360", "requestTime": 22273.515828}}
06-28 14:46:36.840 24836 24849 E WPROF   : {"Javascript": {"url": "http://app-sj02.marketo.com/index.php/form/getForm?munchkinId=727-ZQE-044&form=5673&url=http%3A%2F%2Fsearchengineland.com%2Fknow-thy-enemy-local-seo-art-war-231891&callback=jQuery1102005315750231966376_1498628796361&_=1498628796362", "requestTime": 22273.896196}}
06-28 14:46:36.850 24836 24849 E WPROF   : {"Javascript": {"url": "http://searchengineland.com/js/ga_social_tracking.js", "requestTime": 22273.905916}}
06-28 14:46:36.852 24836 24849 E WPROF   : {"Javascript": {"url": "http://s7.addthis.com/js/300/addthis_widget.js#pubid=ra-53e918f660794f37", "requestTime": 22273.907311}}
06-28 14:46:36.929 24770 24815 E chromium: [ERROR:gles2_cmd_decoder.cc(3852)] [.ChromiumCompositor-0xacbb2fc0]GL ERROR :GL_INVALID_ENUM : glDiscardFramebufferEXT: attachments was GL_COLOR_EXT
06-28 14:46:37.053   862  1657 E LocSvc_IzatApiV02: E/virtual int izat_core::IzatApiV02::getBatchSize(int32_t):522]: Error : st = 4, ind.status = -1628389555
06-28 14:46:37.053   862  1657 E LocSvc_IzatApiV02: E/virtual int izat_core::IzatApiV02::getBatchSize(int32_t):535]: get batching size failed.Or modem does not support batching 
06-28 14:46:37.061   862  1657 E LocSvc_IzatApiV02: E/virtual int izat_core::IzatApiV02::getBatchSize(int32_t):522]: Error : st = 4, ind.status = -1628389555
06-28 14:46:37.062   862  1657 E LocSvc_IzatApiV02: E/virtual int izat_core::IzatApiV02::getBatchSize(int32_t):535]: get batching size failed.Or modem does not support batching 
06-28 14:46:37.102   862  1657 E LocSvc_IzatApiV02: E/virtual int izat_core::IzatApiV02::getBatchSize(int32_t):522]: Error : st = 4, ind.status = -1628389555
06-28 14:46:37.103   862  1657 E LocSvc_IzatApiV02: E/virtual int izat_core::IzatApiV02::getBatchSize(int32_t):535]: get batching size failed.Or modem does not support batching 
06-28 14:46:37.111   862  1657 E LocSvc_IzatApiV02: E/virtual int izat_core::IzatApiV02::getBatchSize(int32_t):522]: Error : st = 4, ind.status = -1628389555
06-28 14:46:37.112   862  1657 E LocSvc_IzatApiV02: E/virtual int izat_core::IzatApiV02::getBatchSize(int32_t):535]: get batching size failed.Or modem does not support batching 
06-28 14:46:37.470 24836 24849 E WPROF   : {"Javascript": {"url": "https://securepubads.g.doubleclick.net/gampad/ads?gdfp_req=1&correlator=4399375820259328&output=json_html&callback=googletag.impl.pubads.callbackProxy1&impl=fifs&json_a=1&eid=108809080%2C21060130%2C108809107%2C108809152&sc=0&sfv=1-0-9&iu_parts=1038259%2Csel-ciu-1%2Csel-ciu-2%2Csel-ciu-3%2Csel-ciu-4%", "requestTime": 22274.525651}}
06-28 14:46:37.551 24836 24849 E WPROF   : {"Javascript": {"url": "https://static.xx.fbcdn.net/rsrc.php/v3iy6L4/yk/l/ko_KR/be4fIjHRc8P.js", "requestTime": 22274.606794}}
06-28 14:46:37.749 24836 24849 E WPROF   : {"Javascript": {"url": "http://cdn.api.twitter.com/1/users/show.json?screen_name=marcusbowlerhat&callback=twttr.setFollowersCount", "requestTime": 22274.804533}}
06-28 14:46:37.932 24770 24815 E chromium: [ERROR:gles2_cmd_decoder.cc(3852)] [.ChromiumCompositor-0xacbb2fc0]GL ERROR :GL_INVALID_ENUM : glDiscardFramebufferEXT: attachments was GL_COLOR_EXT
06-28 14:46:38.321 24836 24849 E WPROF   : {"Javascript": {"url": "http://platform.twitter.com/widgets.js", "requestTime": 22275.376682}}
06-28 14:46:38.329 24836 24849 E WPROF   : {"Javascript": {"url": "http://connect.facebook.net/en_US/sdk.js", "requestTime": 22275.384809}}
06-28 14:46:38.332 24836 24849 E WPROF   : {"Javascript": {"url": "https://apis.google.com/js/platform.js", "requestTime": 22275.387266}}
06-28 14:46:38.391 24836 24849 E WPROF   : {"Javascript": {"url": "http://rules.quantcount.com/rules-p-5aGizvD82d9hk.js", "requestTime": 22275.446792}}
06-28 14:46:38.398 24836 24849 E WPROF   : {"Javascript": {"url": "http://munchkin.marketo.net/munchkin.js", "requestTime": 22275.453711}}
06-28 14:46:38.541 24836 24849 E WPROF   : {"Javascript": {"url": "http://d2j3qa5nc37287.cloudfront.net/coupon_code1.js", "requestTime": 22275.597092}}
06-28 14:46:38.599 24770 24815 E chromium: [ERROR:gles2_cmd_decoder.cc(3852)] [.ChromiumCompositor-0xacbb2fc0]GL ERROR :GL_INVALID_ENUM : glDiscardFramebufferEXT: attachments was GL_COLOR_EXT
06-28 14:46:38.606 24836 24849 E WPROF   : {"Javascript": {"url": "http://www.googleadservices.com/pagead/conversion.js", "requestTime": 22275.661928}}
06-28 14:46:38.611 24836 24849 E WPROF   : {"Javascript": {"url": "http://searchengineland.com/figz/wp-content/themes/searchengineland/js/script.js?ver=1.0", "requestTime": 22275.666303}}
06-28 14:46:38.617 24836 24849 E WPROF   : {"Javascript": {"url": "http://searchengineland.com/figz/wp-includes/js/wp-embed.min.js?ver=4.7.5", "requestTime": 22275.672786}}
06-28 14:46:38.618 24836 24849 E WPROF   : {"Javascript": {"url": "http://searchengineland.com/figz/wp-content/themes/searchengineland/js/modules/sharing_controls.js", "requestTime": 22275.674125}}
06-28 14:46:38.688 24836 24849 E WPROF   : {"CSS": {"url": "https://www.youtube.com/yts/cssbin/www-embed-player-sprite-mode-vfl5G4Xm8.css", "requestTime": 22275.744002}}
06-28 14:46:38.689 24836 24849 E WPROF   : {"Javascript": {"url": "https://www.youtube.com/yts/jsbin/www-embed-player-vfl_UY_j8/www-embed-player.js", "requestTime": 22275.745124}}
06-28 14:46:38.690 24836 24849 E WPROF   : {"Javascript": {"url": "https://www.youtube.com/yts/jsbin/player-vflo1w4O-/ko_KR/base.js", "requestTime": 22275.745613}}
06-28 14:46:38.848 24836 24849 E WPROF   : {"Javascript": {"url": "http://dnn506yrbagrg.cloudfront.net/pages/scripts/0026/4062.js?416285", "requestTime": 22275.903633}}
06-28 14:46:39.399 24770 24815 E chromium: [ERROR:gles2_cmd_decoder.cc(3852)] [.ChromiumCompositor-0xacbb2fc0]GL ERROR :GL_INVALID_ENUM : glDiscardFramebufferEXT: attachments was GL_COLOR_EXT
06-28 14:46:40.028 24836 24849 E WPROF   : {"Javascript": {"url": "http://m.addthisedge.com/live/boost/ra-53e918f660794f37/_ate.track.config_resp", "requestTime": 22277.083987}}
06-28 14:46:40.076 24836 24849 E WPROF   : {"Javascript": {"url": "http://m.addthis.com/live/red_lojson/300lo.json?si=595342be8a54e3d5&bkl=0&bl=1&pdt=2717&sid=595342be8a54e3d5&pub=ra-53e918f660794f37&rev=v7.15.4-wp&ln=ko&pc=men&cb=0&ab=-&dp=searchengineland.com&fp=know-thy-enemy-local-seo-art-war-231891&fr=&of=0&pd=0&irt=0&vcl=0&md=0&ct=1&tct=0&abt=0&cdn=0&pi=1&rb=", "requestTime": 22277.132191}}
06-28 14:46:40.349 24770 24815 E chromium: [ERROR:gles2_cmd_decoder.cc(3852)] [.ChromiumCompositor-0xacbb2fc0]GL ERROR :GL_INVALID_ENUM : glDiscardFramebufferEXT: attachments was GL_COLOR_EXT
06-28 14:46:40.488 24836 24849 E WPROF   : {"CSS": {"url": "http://app-sj02.marketo.com/js/forms2/css/forms2.css", "requestTime": 22277.543813}}
06-28 14:46:40.491 24836 24849 E WPROF   : {"CSS": {"url": "http://app-sj02.marketo.com/js/forms2/css/forms2-theme-simple.css", "requestTime": 22277.547156}}
06-28 14:46:40.657 24836 24849 E WPROF   : {"Javascript": {"url": "https://tpc.googlesyndication.com/pagead/js/r20170619/r20110914/client/ext/m_window_focus_non_hydra.js", "requestTime": 22277.712889}}
06-28 14:46:40.659 24836 24849 E WPROF   : {"Javascript": {"url": "https://tpc.googlesyndication.com/pagead/js/r20170619/r20110914/activeview/osd_listener.js", "requestTime": 22277.715206}}
06-28 14:46:40.665 24836 24849 E WPROF   : {"Javascript": {"url": "http://pagead2.googlesyndication.com/pagead/osd.js", "requestTime": 22277.720658}}
06-28 14:46:40.950 24836 24849 E WPROF   : {"Javascript": {"url": "https://platform.twitter.com/js/button.b731e6c82269f70f6fc53634e044a4c6.js", "requestTime": 22278.005240}}
06-28 14:46:40.955 24836 24849 E WPROF   : {"Javascript": {"url": "http://munchkin.marketo.net/151/munchkin.js", "requestTime": 22278.010321}}
06-28 14:46:40.960 24836 24849 E WPROF   : {"Javascript": {"url": "http://www.justuno.com/ajax/account_version_check.html?id=828FA275-FF73-401E-AA39-40F5A6FAB6B1", "requestTime": 22278.015278}}
06-28 14:46:41.191 24836 24849 E WPROF   : {"Javascript": {"url": "http://s7.addthis.com/static/layers.4acb6c577b51939661ec.js", "requestTime": 22278.246455}}
06-28 14:46:41.271 24770 24815 E chromium: [ERROR:gles2_cmd_decoder.cc(3852)] [.ChromiumCompositor-0xacbb2fc0]GL ERROR :GL_INVALID_ENUM : glDiscardFramebufferEXT: attachments was GL_COLOR_EXT
06-28 14:46:42.121 24836 24849 E WPROF   : {"Javascript": {"url": "https://www.google.com/js/bg/KWBfAnWFESAEEaKKgdYlTHY9ysQaNoQuzeMFqvxDSM8.js", "requestTime": 22279.176547}}
06-28 14:46:42.127 24836 24849 E WPROF   : {"Javascript": {"url": "https://static.doubleclick.net/instream/ad_status.js", "requestTime": 22279.183132}}
06-28 14:46:43.032 24770 24815 E chromium: [ERROR:gles2_cmd_decoder.cc(3852)] [.ChromiumCompositor-0xacbb2fc0]GL ERROR :GL_INVALID_ENUM : glDiscardFramebufferEXT: attachments was GL_COLOR_EXT
06-28 14:46:43.135 24770 24815 E chromium: [ERROR:gles2_cmd_decoder.cc(3852)] [.ChromiumCompositor-0xacbb2fc0]GL ERROR :GL_INVALID_ENUM : glDiscardFramebufferEXT: attachments was GL_COLOR_EXT
06-28 14:46:45.534 24836 24849 E WPROF   : {"Javascript": {"url": "http://cdn.justuno.com/mwgt_3.6.js", "requestTime": 22282.589600}}
06-28 14:46:45.767 24770 24815 E chromium: [ERROR:gles2_cmd_decoder.cc(3852)] [.ChromiumCompositor-0xacbb2fc0]GL ERROR :GL_INVALID_ENUM : glDiscardFramebufferEXT: attachments was GL_COLOR_EXT
06-28 14:46:45.949 24770 24815 E chromium: [ERROR:gles2_cmd_decoder.cc(3852)] [.ChromiumCompositor-0xacbb2fc0]GL ERROR :GL_INVALID_ENUM : glDiscardFramebufferEXT: attachments was GL_COLOR_EXT
06-28 14:46:46.053 24770 24815 E chromium: [ERROR:gles2_cmd_decoder.cc(3852)] [.ChromiumCompositor-0xacbb2fc0]GL ERROR :GL_INVALID_ENUM : glDiscardFramebufferEXT: attachments was GL_COLOR_EXT
06-28 14:46:46.250 24770 24815 E chromium: [ERROR:gles2_cmd_decoder.cc(3852)] [.ChromiumCompositor-0xacbb2fc0]GL ERROR :GL_INVALID_ENUM : glDiscardFramebufferEXT: attachments was GL_COLOR_EXT
06-28 14:46:46.435 24770 24815 E chromium: [ERROR:gles2_cmd_decoder.cc(3852)] [.ChromiumCompositor-0xacbb2fc0]GL ERROR :GL_INVALID_ENUM : glDiscardFramebufferEXT: attachments was GL_COLOR_EXT
06-28 14:46:46.982 24836 24849 E WPROF   : {"Javascript": {"url": "https://cdn.syndication.twimg.com/widgets/followbutton/info.json?callback=__twttr.setFollowersCountAndFollowing&lang=en&screen_names=sengineland", "requestTime": 22284.037208}}
06-28 14:46:47.034 24770 24815 E chromium: [ERROR:gles2_cmd_decoder.cc(3852)] [.ChromiumCompositor-0xacbb2fc0]GL ERROR :GL_INVALID_ENUM : glDiscardFramebufferEXT: attachments was GL_COLOR_EXT
06-28 14:46:48.164 24836 24849 E WProf.db: {"page": "searchengineland.com_know-thy-enemy-local-seo-art-war-231891"}
06-28 14:46:48.164 24836 24849 E WProf.db: {"DOMLoad": 22285.220126}
06-28 14:46:48.165 24836 24849 E WProf.db: {"Resource": {"id": 1, "url": "http://searchengineland.com/know-thy-enemy-local-seo-art-war-231891", "sentTime": -1.000000, "len": 101189, "from": "0x0", "mimeType": "text/html", "contentLength": -1, "httpStatus": 200, "connId": 20, "connReused": 1, "cached": 0,"requestTime": 22271.193056, "proxyStart": -1, "proxyEnd": -1, "dnsStart": -1, "dnsEnd": -1, "connectStart": 0, "connectEnd": 70, "sendStart": 70, "sendEnd": 70, "receiveHeadersEnd": 222, "sslStart": -1, "sslEnd": -1}}
06-28 14:46:48.165 24836 24849 E WProf.db: {"ReceivedChunk": {"receivedTime": 22271.428505, "len": 12239}}
06-28 14:46:48.165 24836 24849 E WProf.db: {"ReceivedChunk": {"receivedTime": 22271.501545, "len": 32768}}
06-28 14:46:48.165 24836 24849 E WProf.db: {"ReceivedChunk": {"receivedTime": 22271.501875, "len": 22297}}
06-28 14:46:48.165 24836 24849 E WProf.db: {"ReceivedChunk": {"receivedTime": 22271.575581, "len": 32768}}
06-28 14:46:48.165 24836 24849 E WProf.db: {"ReceivedChunk": {"receivedTime": 22271.576207, "len": 1117}}
06-28 14:46:48.165 24836 24849 E WProf.db: {"WprofHTMLTag": {"code": "0xaedd73c0", "doc": "http://searchengineland.com/know-thy-enemy-local-seo-art-war-231891", "row": 6, "column": 42, "tagName": "html", "time": 22271.506228, "url": "", "pos": 1, "chunkLen": 1, "isStartTag": 1}}
06-28 14:46:48.165 24836 24849 E WProf.db: {"WprofHTMLTag": {"code": "0xaf047730", "doc": "http://searchengineland.com/know-thy-enemy-local-seo-art-war-231891", "row": 7, "column": 6, "tagName": "head", "time": 22271.507140, "url": "", "pos": 1, "chunkLen": 1, "isStartTag": 1}}
06-28 14:46:48.165 24836 24849 E WProf.db: {"WprofHTMLTag": {"code": "0xaf047820", "doc": "http://searchengineland.com/know-thy-enemy-local-seo-art-war-231891", "row": 8, "column": 54, "tagName": "meta", "time": 22271.507191, "url": "", "pos": 1, "chunkLen": 1, "isStartTag": 1}}
06-28 14:46:48.165 24836 24849 E WProf.db: {"WprofHTMLTag": {"code": "0xaf047850", "doc": "http://searchengineland.com/know-thy-enemy-local-seo-art-war-231891", "row": 9, "column": 68, "tagName": "meta", "time": 22271.507351, "url": "", "pos": 1, "chunkLen": 1, "isStartTag": 1}}
06-28 14:46:48.165 24836 24849 E WProf.db: {"WprofHTMLTag": {"code": "0xaf047880", "doc": "http://searchengineland.com/know-thy-enemy-local-seo-art-war-231891", "row": 10, "column": 23, "tagName": "meta", "time": 22271.507467, "url": "", "pos": 1, "chunkLen": 1, "isStartTag": 1}}
06-28 14:46:48.165 24836 24849 E WProf.db: {"WprofHTMLTag": {"code": "0xaf0478b0", "doc": "http://searchengineland.com/know-thy-enemy-local-seo-art-war-231891", "row": 11, "column": 52, "tagName": "meta", "time": 22271.507612, "url": "", "pos": 1, "chunkLen": 1, "isStartTag": 1}}
06-28 14:46:48.165 24836 24849 E WProf.db: {"WprofHTMLTag": {"code": "0xaf0478e0", "doc": "http://searchengineland.com/know-thy-enemy-local-seo-art-war-231891", "row": 14, "column": 56, "tagName": "meta", "time": 22271.507744, "url": "", "pos": 1, "chunkLen": 1, "isStartTag": 1}}
06-28 14:46:48.165 24836 24849 E WProf.db: {"WprofHTMLTag": {"code": "0xaf047910", "doc": "http://searchengineland.com/know-thy-enemy-local-seo-art-war-231891", "row": 15, "column": 83, "tagName": "meta", "time": 22271.507859, "url": "", "pos": 1, "chunkLen": 1, "isStartTag": 1}}
06-28 14:46:48.165 24836 24849 E WProf.db: {"WprofHTMLTag": {"code": "0xaf047940", "doc": "http://searchengineland.com/know-thy-enemy-local-seo-art-war-231891", "row": 16, "column": 57, "tagName": "meta", "time": 22271.507973, "url": "", "pos": 1, "chunkLen": 1, "isStartTag": 1}}
06-28 14:46:48.165 24836 24849 E WProf.db: {"WprofHTMLTag": {"code": "0xaf0479d0", "doc": "http://searchengineland.com/know-thy-enemy-local-seo-art-war-231891", "row": 17, "column": 41, "tagName": "meta", "time": 22271.508085, "url": "", "pos": 1, "chunkLen": 1, "isStartTag": 1}}
06-28 14:46:48.166 24836 24849 E WProf.db: {"WprofHTMLTag": {"code": "0xaf047a00", "doc": "http://searchengineland.com/know-thy-enemy-local-seo-art-war-231891", "row": 18, "column": 50, "tagName": "meta", "time": 22271.508206, "url": "", "pos": 1, "chunkLen": 1, "isStartTag": 1}}
06-28 14:46:48.166 24836 24849 E WProf.db: {"WprofHTMLTag": {"code": "0xaf047a30", "doc": "http://searchengineland.com/know-thy-enemy-local-seo-art-war-231891", "row": 19, "column": 174, "tagName": "meta", "time": 22271.508320, "url": "", "pos": 1, "chunkLen": 1, "isStartTag": 1}}
06-28 14:46:48.166 24836 24849 E WProf.db: {"WprofHTMLTag": {"code": "0xaf0479a0", "doc": "http://searchengineland.com/know-thy-enemy-local-seo-art-war-231891", "row": 20, "column": 47, "tagName": "meta", "time": 22271.508431, "url": "", "pos": 1, "chunkLen": 1, "isStartTag": 1}}
06-28 14:46:48.166 24836 24849 E WProf.db: {"WprofHTMLTag": {"code": "0xaf047970", "doc": "http://searchengineland.com/know-thy-enemy-local-seo-art-war-231891", "row": 21, "column": 67, "tagName": "meta", "time": 22271.508542, "url": "", "pos": 1, "chunkLen": 1, "isStartTag": 1}}
06-28 14:46:48.166 24836 24849 E WProf.db: {"WprofHTMLTag": {"code": "0xaf047a60", "doc": "http://searchengineland.com/know-thy-enemy-local-seo-art-war-231891", "row": 22, "column": 57, "tagName": "meta", "time": 22271.508656, "url": "", "pos": 1, "chunkLen": 1, "isStartTag": 1}}
06-28 14:46:48.166 24836 24849 E WProf.db: {"WprofHTMLTag": {"code": "0xaf047a90", "doc": "http://searchengineland.com/know-thy-enemy-local-seo-art-war-231891", "row": 23, "column": 65, "tagName": "meta", "time": 22271.508774, "url": "", "pos": 1, "chunkLen": 1, "isStartTag": 1}}
06-28 14:46:48.166 24836 24849 E WProf.db: {"WprofHTMLTag": {"code": "0xaf047ac0", "doc": "http://searchengineland.com/know-thy-enemy-local-seo-art-war-231891", "row": 24, "column": 55, "tagName": "meta", "time": 22271.508882, "url": "", "pos": 1, "chunkLen": 1, "isStartTag": 1}}
06-28 14:46:48.166 24836 24849 E WProf.db: {"WprofHTMLTag": {"code": "0xaf047af0", "doc": "http://searchengineland.com/know-thy-enemy-local-seo-art-war-231891", "row": 25, "column": 71, "tagName": "meta", "time": 22271.509005, "url": "", "pos": 1, "chunkLen": 1, "isStartTag": 1}}
06-28 14:46:48.166 24836 24849 E WProf.db: {"WprofHTMLTag": {"code": "0xaf047b20", "doc": "http://searchengineland.com/know-thy-enemy-local-seo-art-war-231891", "row": 26, "column": 86, "tagName": "meta", "time": 22271.509112, "url": "", "pos": 1, "chunkLen": 1, "isStartTag": 1}}
06-28 14:46:48.166 24836 24849 E WProf.db: {"WprofHTMLTag": {"code": "0xaf047b50", "doc": "http://searchengineland.com/know-thy-enemy-local-seo-art-war-231891", "row": 27, "column": 54, "tagName": "meta", "time": 22271.509225, "url": "", "pos": 1, "chunkLen": 1, "isStartTag": 1}}
06-28 14:46:48.166 24836 24849 E WProf.db: {"WprofHTMLTag": {"code": "0xaf047b80", "doc": "http://searchengineland.com/know-thy-enemy-local-seo-art-war-231891", "row": 29, "column": 151, "tagName": "meta", "time": 22271.509333, "url": "", "pos": 1, "chunkLen": 1, "isStartTag": 1}}
06-28 14:46:48.166 24836 24849 E WProf.db: {"WprofHTMLTag": {"code": "0xaf047bb0", "doc": "http://searchengineland.com/know-thy-enemy-local-seo-art-war-231891", "row": 30, "column": 151, "tagName": "meta", "time": 22271.509444, "url": "", "pos": 1, "chunkLen": 1, "isStartTag": 1}}
06-28 14:46:48.166 24836 24849 E WProf.db: {"WprofHTMLTag": {"code": "0xaf047be0", "doc": "http://searchengineland.com/know-thy-enemy-local-seo-art-war-231891", "row": 31, "column": 55, "tagName": "meta", "time": 22271.509550, "url": "", "pos": 1, "chunkLen": 1, "isStartTag": 1}}
06-28 14:46:48.166 24836 24849 E WProf.db: {"WprofHTMLTag": {"code": "0xaf047c10", "doc": "http://searchengineland.com/know-thy-enemy-local-seo-art-war-231891", "row": 32, "column": 54, "tagName": "meta", "time": 22271.509664, "url": "", "pos": 1, "chunkLen": 1, "isStartTag": 1}}
06-28 14:46:48.166 24836 24849 E WProf.db: {"WprofHTMLTag": {"code": "0xaf047c40", "doc": "http://searchengineland.com/know-thy-enemy-local-seo-art-war-231891", "row": 33, "column": 135, "tagName": "meta", "time": 22271.509777, "url": "", "pos": 1, "chunkLen": 1, "isStartTag": 1}}
06-28 14:46:48.167 24836 24849 E WProf.db: {"WprofHTMLTag": {"code": "0xaf047c70", "doc": "http://searchengineland.com/know-thy-enemy-local-seo-art-war-231891", "row": 37, "column": 36, "tagName": "script", "time": 22271.509887, "url": "", "pos": 1, "chunkLen": 1, "isStartTag": 1}}
06-28 14:46:48.167 24836 24849 E WProf.db: {"WprofHTMLTag": {"code": "0xaf047ca0", "doc": "http://searchengineland.com/know-thy-enemy-local-seo-art-war-231891", "row": 53, "column": 10, "tagName": "script", "time": 22271.510235, "url": "", "pos": 1, "chunkLen": 1, "isStartTag": 0}}
06-28 14:46:48.167 24836 24849 E WProf.db: {"WprofHTMLTag": {"code": "0xaedd7690", "doc": "http://searchengineland.com/know-thy-enemy-local-seo-art-war-231891", "row": 55, "column": 86, "tagName": "link", "time": 22271.511519, "url": "http://searchengineland.com/apple-touch-icon.png", "pos": 1, "chunkLen": 1, "isStartTag": 1}}
06-28 14:46:48.167 24836 24849 E WProf.db: {"WprofHTMLTag": {"code": "0xaf047cd0", "doc": "http://searchengineland.com/know-thy-enemy-local-seo-art-war-231891", "row": 56, "column": 76, "tagName": "link", "time": 22271.511852, "url": "http://searchengineland.com/favicon.ico", "pos": 1, "chunkLen": 1, "isStartTag": 1}}
06-28 14:46:48.167 24836 24849 E WProf.db: {"WprofHTMLTag": {"code": "0xaf047d00", "doc": "http://searchengineland.com/know-thy-enemy-local-seo-art-war-231891", "row": 57, "column": 158, "tagName": "link", "time": 22271.512054, "url": "http://feeds.searchengineland.com/searchengineland", "pos": 1, "chunkLen": 1, "isStartTag": 1}}
06-28 14:46:48.167 24836 24849 E WProf.db: {"WprofHTMLTag": {"code": "0xaf047d30", "doc": "http://searchengineland.com/know-thy-enemy-local-seo-art-war-231891", "row": 58, "column": 149, "tagName": "link", "time": 22271.512347, "url": "http://feeds.searchengineland.com/searchcap", "pos": 1, "chunkLen": 1, "isStartTag": 1}}
06-28 14:46:48.167 24836 24849 E WProf.db: {"WprofHTMLTag": {"code": "0xaf047d60", "doc": "http://searchengineland.com/know-thy-enemy-local-seo-art-war-231891", "row": 59, "column": 150, "tagName": "link", "time": 22271.512630, "url": "http://searchengineland.com/figz/wp-content/themes/searchengineland/css/searchengineland-bootstrap.css", "pos": 1, "chunkLen": 1, "isStartTag": 1}}
06-28 14:46:48.167 24836 24849 E WProf.db: {"WprofHTMLTag": {"code": "0xaf047dc0", "doc": "http://searchengineland.com/know-thy-enemy-local-seo-art-war-231891", "row": 60, "column": 105, "tagName": "link", "time": 22271.514286, "url": "http://fonts.googleapis.com/css?family=Oswald:300,400,700", "pos": 1, "chunkLen": 1, "isStartTag": 1}}
06-28 14:46:48.167 24836 24849 E WProf.db: {"WprofHTMLTag": {"code": "0xaf047e20", "doc": "http://searchengineland.com/know-thy-enemy-local-seo-art-war-231891", "row": 61, "column": 125, "tagName": "link", "time": 22271.515721, "url": "http://searchengineland.com/figz/wp-content/themes/searchengineland/style.css", "pos": 1, "chunkLen": 1, "isStartTag": 1}}
06-28 14:46:48.167 24836 24849 E WProf.db: {"WprofHTMLTag": {"code": "0xaf047e80", "doc": "http://searchengineland.com/know-thy-enemy-local-seo-art-war-231891", "row": 65, "column": 7, "tagName": "title", "time": 22271.516488, "url": "", "pos": 1, "chunkLen": 1, "isStartTag": 1}}
06-28 14:46:48.168 24836 24849 E WProf.db: {"WprofHTMLTag": {"code": "0xaf047eb0", "doc": "http://searchengineland.com/know-thy-enemy-local-seo-art-war-231891", "row": 65, "column": 61, "tagName": "title", "time": 22271.516753, "url": "", "pos": 1, "chunkLen": 1, "isStartTag": 0}}
06-28 14:46:48.168 24836 24849 E WProf.db: {"WprofHTMLTag": {"code": "0xaf047ee0", "doc": "http://searchengineland.com/know-thy-enemy-local-seo-art-war-231891", "row": 66, "column": 148, "tagName": "meta", "time": 22271.516777, "url": "", "pos": 1, "chunkLen": 1, "isStartTag": 1}}
06-28 14:46:48.168 24836 24849 E WProf.db: {"WprofHTMLTag": {"code": "0xaf047f10", "doc": "http://searchengineland.com/know-thy-enemy-local-seo-art-war-231891", "row": 67, "column": 151, "tagName": "meta", "time": 22271.516913, "url": "", "pos": 1, "chunkLen": 1, "isStartTag": 1}}
06-28 14:46:48.168 24836 24849 E WProf.db: {"WprofHTMLTag": {"code": "0xaf047f40", "doc": "http://searchengineland.com/know-thy-enemy-local-seo-art-war-231891", "row": 68, "column": 109, "tagName": "meta", "time": 22271.517032, "url": "", "pos": 1, "chunkLen": 1, "isStartTag": 1}}
06-28 14:46:48.168 24836 24849 E WProf.db: {"WprofHTMLTag": {"code": "0xaf047f70", "doc": "http://searchengineland.com/know-thy-enemy-local-seo-art-war-231891", "row": 69, "column": 37, "tagName": "meta", "time": 22271.517147, "url": "", "pos": 1, "chunkLen": 1, "isStartTag": 1}}
06-28 14:46:48.168 24836 24849 E WProf.db: {"WprofHTMLTag": {"code": "0xaf047fa0", "doc": "http://searchengineland.com/know-thy-enemy-local-seo-art-war-231891", "row": 70, "column": 99, "tagName": "link", "time": 22271.517266, "url": "http://searchengineland.com/know-thy-enemy-local-seo-art-war-231891", "pos": 1, "chunkLen": 1, "isStartTag": 1}}
06-28 14:46:48.168 24836 24849 E WProf.db: {"WprofHTMLTag": {"code": "0xaf047fd0", "doc": "http://searchengineland.com/know-thy-enemy-local-seo-art-war-231891", "row": 71, "column": 76, "tagName": "link", "time": 22271.517485, "url": "https://plus.google.com/103218677032751327334", "pos": 1, "chunkLen": 1, "isStartTag": 1}}
06-28 14:46:48.168 24836 24849 E WProf.db: {"WprofHTMLTag": {"code": "0xb4cc74b0", "doc": "http://searchengineland.com/know-thy-enemy-local-seo-art-war-231891", "row": 72, "column": 45, "tagName": "meta", "time": 22271.517689, "url": "", "pos": 1, "chunkLen": 1, "isStartTag": 1}}
06-28 14:46:48.168 24836 24849 E WProf.db: {"WprofHTMLTag": {"code": "0xb4cc7540", "doc": "http://searchengineland.com/know-thy-enemy-local-seo-art-war-231891", "row": 73, "column": 45, "tagName": "meta", "time": 22271.517804, "url": "", "pos": 1, "chunkLen": 1, "isStartTag": 1}}
06-28 14:46:48.168 24836 24849 E WProf.db: {"WprofHTMLTag": {"code": "0xb4cc78a0", "doc": "http://searchengineland.com/know-thy-enemy-local-seo-art-war-231891", "row": 74, "column": 85, "tagName": "meta", "time": 22271.517918, "url": "", "pos": 1, "chunkLen": 1, "isStartTag": 1}}
06-28 14:46:48.168 24836 24849 E WProf.db: {"WprofHTMLTag": {"code": "0xb4cc78d0", "doc": "http://searchengineland.com/know-thy-enemy-local-seo-art-war-231891", "row": 75, "column": 156, "tagName": "meta", "time": 22271.518031, "url": "", "pos": 1, "chunkLen": 1, "isStartTag": 1}}
06-28 14:46:48.168 24836 24849 E WProf.db: {"WprofHTMLTag": {"code": "0xb4cc7900", "doc": "http://searchengineland.com/know-thy-enemy-local-seo-art-war-231891", "row": 76, "column": 104, "tagName": "meta", "time": 22271.518143, "url": "", "pos": 1, "chunkLen": 1, "isStartTag": 1}}
06-28 14:46:48.168 24836 24849 E WProf.db: {"WprofHTMLTag": {"code": "0xb4cc7930", "doc": "http://searchengineland.com/know-thy-enemy-local-seo-art-war-231891", "row": 77, "column": 61, "tagName": "meta", "time": 22271.518259, "url": "", "pos": 1, "chunkLen": 1, "isStartTag": 1}}
06-28 14:46:48.168 24836 24849 E WProf.db: {"WprofHTMLTag": {"code": "0xb4cc7960", "doc": "http://searchengineland.com/know-thy-enemy-local-seo-art-war-231891", "row": 78, "column": 89, "tagName": "meta", "time": 22271.518376, "url": "", "pos": 1, "chunkLen": 1, "isStartTag": 1}}
06-28 14:46:48.169 24836 24849 E WProf.db: {"WprofHTMLTag": {"code": "0xb4cc7990", "doc": "http://searchengineland.com/know-thy-enemy-local-seo-art-war-231891", "row": 79, "column": 60, "tagName": "meta", "time": 22271.518486, "url": "", "pos": 1, "chunkLen": 1, "isStartTag": 1}}
06-28 14:46:48.169 24836 24849 E WProf.db: {"WprofHTMLTag": {"code": "0xb4cc79c0", "doc": "http://searchengineland.com/know-thy-enemy-local-seo-art-war-231891", "row": 80, "column": 78, "tagName": "meta", "time": 22271.518604, "url": "", "pos": 1, "chunkLen": 1, "isStartTag": 1}}
06-28 14:46:48.169 24836 24849 E WProf.db: {"WprofHTMLTag": {"code": "0xb4cc79f0", "doc": "http://searchengineland.com/know-thy-enemy-local-seo-art-war-231891", "row": 81, "column": 111, "tagName": "meta", "time": 22271.518722, "url": "", "pos": 1, "chunkLen": 1, "isStartTag": 1}}
06-28 14:46:48.169 24836 24849 E WProf.db: {"WprofHTMLTag": {"code": "0xb4cc7a20", "doc": "http://searchengineland.com/know-thy-enemy-local-seo-art-war-231891", "row": 82, "column": 58, "tagName": "meta", "time": 22271.518831, "url": "", "pos": 1, "chunkLen": 1, "isStartTag": 1}}
06-28 14:46:48.169 24836 24849 E WProf.db: {"WprofHTMLTag": {"code": "0xb4cc7a50", "doc": "http://searchengineland.com/know-thy-enemy-local-seo-art-war-231891", "row": 83, "column": 157, "tagName": "meta", "time": 22271.518953, "url": "", "pos": 1, "chunkLen": 1, "isStartTag": 1}}
06-28 14:46:48.169 24836 24849 E WProf.db: {"WprofHTMLTag": {"code": "0xb4cc7a80", "doc": "http://searchengineland.com/know-thy-enemy-local-seo-art-war-231891", "row": 84, "column": 86, "tagName": "meta", "time": 22271.519064, "url": "", "pos": 1, "chunkLen": 1, "isStartTag": 1}}
06-28 14:46:48.169 24836 24849 E WProf.db: {"WprofHTMLTag": {"code": "0xb4cc7ab0", "doc": "http://searchengineland.com/know-thy-enemy-local-seo-art-war-231891", "row": 85, "column": 51, "tagName": "meta", "time": 22271.519179, "url": "", "pos": 1, "chunkLen": 1, "isStartTag": 1}}
06-28 14:46:48.169 24836 24849 E WProf.db: {"WprofHTMLTag": {"code": "0xb4cc7ae0", "doc": "http://searchengineland.com/know-thy-enemy-local-seo-art-war-231891", "row": 86, "column": 112, "tagName": "meta", "time": 22271.519291, "url": "", "pos": 1, "chunkLen": 1, "isStartTag": 1}}
06-28 14:46:48.169 24836 24849 E WProf.db: {"WprofHTMLTag": {"code": "0xb4cc7b10", "doc": "http://searchengineland.com/know-thy-enemy-local-seo-art-war-231891", "row": 87, "column": 58, "tagName": "meta", "time": 22271.519410, "url": "", "pos": 1, "chunkLen": 1, "isStartTag": 1}}
06-28 14:46:48.169 24836 24849 E WProf.db: {"WprofHTMLTag": {"code": "0xb4cc7b40", "doc": "http://searchengineland.com/know-thy-enemy-local-seo-art-war-231891", "row": 90, "column": 44, "tagName": "link", "time": 22271.519537, "url": "http://s.w.org/", "pos": 1, "chunkLen": 1, "isStartTag": 1}}
06-28 14:46:48.169 24836 24849 E WProf.db: {"WprofHTMLTag": {"code": "0xb4cc7b70", "doc": "http://searchengineland.com/know-thy-enemy-local-seo-art-war-231891", "row": 91, "column": 33, "tagName": "script", "time": 22271.519780, "url": "", "pos": 1, "chunkLen": 1, "isStartTag": 1}}
06-28 14:46:48.169 24836 24849 E WProf.db: {"WprofHTMLTag": {"code": "0xb4cc7ba0", "doc": "http://searchengineland.com/know-thy-enemy-local-seo-art-war-231891", "row": 94, "column": 11, "tagName": "script", "time": 22271.519987, "url": "http://searchengineland.com/figz/wp-includes/js/wp-emoji-release.min.js?ver=4.7.5", "pos": 1, "chunkLen": 1, "isStartTag": 0}}
06-28 14:46:48.170 24836 24849 E WProf.db: {"WprofHTMLTag": {"code": "0xaa1bc8a0", "doc": "http://searchengineland.com/know-thy-enemy-local-seo-art-war-231891", "row": 95, "column": 25, "tagName": "style", "time": 22272.159969, "url": "", "pos": 1, "chunkLen": 1, "isStartTag": 1}}
06-28 14:46:48.170 24836 24849 E WProf.db: {"WprofHTMLTag": {"code": "0xaa1bc8d0", "doc": "http://searchengineland.com/know-thy-enemy-local-seo-art-war-231891", "row": 108, "column": 8, "tagName": "style", "time": 22272.166288, "url": "", "pos": 1, "chunkLen": 1, "isStartTag": 0}}
06-28 14:46:48.170 24836 24849 E WProf.db: {"WprofHTMLTag": {"code": "0xaa1bc900", "doc": "http://searchengineland.com/know-thy-enemy-local-seo-art-war-231891", "row": 109, "column": 140, "tagName": "script", "time": 22272.176448, "url": "http://searchengineland.com/figz/wp-content/themes/searchengineland/js/lib/modernizr.custom.js?ver=1.0", "pos": 1, "chunkLen": 1, "isStartTag": 1}}
06-28 14:46:48.170 24836 24849 E WProf.db: {"WprofHTMLTag": {"code": "0xaa1bc930", "doc": "http://searchengineland.com/know-thy-enemy-local-seo-art-war-231891", "row": 109, "column": 149, "tagName": "script", "time": 22272.177680, "url": "", "pos": 1, "chunkLen": 1, "isStartTag": 0}}
06-28 14:46:48.170 24836 24849 E WProf.db: {"WprofHTMLTag": {"code": "0xaa1bc9c0", "doc": "http://searchengineland.com/know-thy-enemy-local-seo-art-war-231891", "row": 110, "column": 144, "tagName": "script", "time": 22272.202191, "url": "http://searchengineland.com/figz/wp-content/themes/searchengineland/js/lib/jquery-1.11.0.min.js?ver=1.11.0", "pos": 1, "chunkLen": 1, "isStartTag": 1}}
06-28 14:46:48.170 24836 24849 E WProf.db: {"WprofHTMLTag": {"code": "0xaa1bc9f0", "doc": "http://searchengineland.com/know-thy-enemy-local-seo-art-war-231891", "row": 110, "column": 153, "tagName": "script", "time": 22272.202547, "url": "", "pos": 1, "chunkLen": 1, "isStartTag": 0}}
06-28 14:46:48.170 24836 24849 E WProf.db: {"WprofHTMLTag": {"code": "0xaedd7e70", "doc": "http://searchengineland.com/know-thy-enemy-local-seo-art-war-231891", "row": 0, "column": 15, "tagName": "div", "time": 22272.303424, "url": "", "pos": 15, "chunkLen": 44, "isStartTag": 1}}
06-28 14:46:48.170 24836 24849 E WProf.db: {"WprofHTMLTag": {"code": "0xaedd7e40", "doc": "http://searchengineland.com/know-thy-enemy-local-seo-art-war-231891", "row": 0, "column": 21, "tagName": "div", "time": 22272.303612, "url": "", "pos": 21, "chunkLen": 44, "isStartTag": 0}}
06-28 14:46:48.170 24836 24849 E WProf.db: {"WprofHTMLTag": {"code": "0xaedd7bd0", "doc": "http://searchengineland.com/know-thy-enemy-local-seo-art-war-231891", "row": 0, "column": 38, "tagName": "div", "time": 22272.303701, "url": "", "pos": 38, "chunkLen": 44, "isStartTag": 1}}
06-28 14:46:48.170 24836 24849 E WProf.db: {"WprofHTMLTag": {"code": "0xaedd7e10", "doc": "http://searchengineland.com/know-thy-enemy-local-seo-art-war-231891", "row": 0, "column": 44, "tagName": "div", "time": 22272.303849, "url": "", "pos": 44, "chunkLen": 44, "isStartTag": 0}}
06-28 14:46:48.170 24836 24849 E WProf.db: {"WprofHTMLTag": {"code": "0xaa1bca50", "doc": "http://searchengineland.com/know-thy-enemy-local-seo-art-war-231891", "row": 0, "column": 13, "tagName": "select", "time": 22272.305666, "url": "", "pos": 13, "chunkLen": 51, "isStartTag": 1}}
06-28 14:46:48.170 24836 24849 E WProf.db: {"WprofHTMLTag": {"code": "0xaa1bca80", "doc": "http://searchengineland.com/know-thy-enemy-local-seo-art-war-231891", "row": 0, "column": 33, "tagName": "option", "time": 22272.305898, "url": "", "pos": 33, "chunkLen": 51, "isStartTag": 1}}
06-28 14:46:48.170 24836 24849 E WProf.db: {"WprofHTMLTag": {"code": "0xaa1bcab0", "doc": "http://searchengineland.com/know-thy-enemy-local-seo-art-war-231891", "row": 0, "column": 42, "tagName": "option", "time": 22272.306163, "url": "", "pos": 42, "chunkLen": 51, "isStartTag": 0}}
06-28 14:46:48.170 24836 24849 E WProf.db: {"WprofHTMLTag": {"code": "0xaa1bcae0", "doc": "http://searchengineland.com/know-thy-enemy-local-seo-art-war-231891", "row": 0, "column": 51, "tagName": "select", "time": 22272.306250, "url": "", "pos": 51, "chunkLen": 51, "isStartTag": 0}}
06-28 14:46:48.171 24836 24849 E WProf.db: {"WprofHTMLTag": {"code": "0xaa1bcb10", "doc": "http://searchengineland.com/know-thy-enemy-local-seo-art-war-231891", "row": 0, "column": 12, "tagName": "a", "time": 22272.313010, "url": "", "pos": 12, "chunkLen": 16, "isStartTag": 1}}
06-28 14:46:48.171 24836 24849 E WProf.db: {"WprofHTMLTag": {"code": "0xaa1bcb40", "doc": "http://searchengineland.com/know-thy-enemy-local-seo-art-war-231891", "row": 0, "column": 16, "tagName": "a", "time": 22272.313249, "url": "", "pos": 16, "chunkLen": 16, "isStartTag": 0}}
06-28 14:46:48.171 24836 24849 E WProf.db: {"WprofHTMLTag": {"code": "0xaa1bcb70", "doc": "http://searchengineland.com/know-thy-enemy-local-seo-art-war-231891", "row": 0, "column": 8, "tagName": "input", "time": 22272.315229, "url": "", "pos": 8, "chunkLen": 8, "isStartTag": 1}}
06-28 14:46:48.171 24836 24849 E WProf.db: {"WprofHTMLTag": {"code": "0xaa1bcba0", "doc": "http://searchengineland.com/know-thy-enemy-local-seo-art-war-231891", "row": 0, "column": 9, "tagName": "link", "time": 22272.328953, "url": "", "pos": 9, "chunkLen": 42, "isStartTag": 1}}
06-28 14:46:48.171 24836 24849 E WProf.db: {"WprofHTMLTag": {"code": "0xaa1bcbd0", "doc": "http://searchengineland.com/know-thy-enemy-local-seo-art-war-231891", "row": 0, "column": 16, "tagName": "table", "time": 22272.329079, "url": "", "pos": 16, "chunkLen": 42, "isStartTag": 1}}
06-28 14:46:48.171 24836 24849 E WProf.db: {"WprofHTMLTag": {"code": "0xaa1bcc00", "doc": "http://searchengineland.com/know-thy-enemy-local-seo-art-war-231891", "row": 0, "column": 24, "tagName": "table", "time": 22272.329238, "url": "", "pos": 24, "chunkLen": 42, "isStartTag": 0}}
06-28 14:46:48.171 24836 24849 E WProf.db: {"WprofHTMLTag": {"code": "0xaa1bcc30", "doc": "http://searchengineland.com/know-thy-enemy-local-seo-art-war-231891", "row": 0, "column": 37, "tagName": "a", "time": 22272.329310, "url": "", "pos": 37, "chunkLen": 42, "isStartTag": 1}}
06-28 14:46:48.171 24836 24849 E WProf.db: {"WprofHTMLTag": {"code": "0xaa1bcc60", "doc": "http://searchengineland.com/know-thy-enemy-local-seo-art-war-231891", "row": 0, "column": 42, "tagName": "a", "time": 22272.329524, "url": "", "pos": 42, "chunkLen": 42, "isStartTag": 0}}
06-28 14:46:48.171 24836 24849 E WProf.db: {"WprofHTMLTag": {"code": "0xaa1bccf0", "doc": "http://searchengineland.com/know-thy-enemy-local-seo-art-war-231891", "row": 0, "column": 10, "tagName": "textarea", "time": 22272.330885, "url": "", "pos": 10, "chunkLen": 22, "isStartTag": 1}}
06-28 14:46:48.171 24836 24849 E WProf.db: {"WprofHTMLTag": {"code": "0xaa1bcd20", "doc": "http://searchengineland.com/know-thy-enemy-local-seo-art-war-231891", "row": 0, "column": 22, "tagName": "textarea", "time": 22272.331235, "url": "", "pos": 22, "chunkLen": 22, "isStartTag": 0}}
06-28 14:46:48.171 24836 24849 E WProf.db: {"WprofHTMLTag": {"code": "0xaa1bcd50", "doc": "http://searchengineland.com/know-thy-enemy-local-seo-art-war-231891", "row": 0, "column": 48, "tagName": "input", "time": 22272.332657, "url": "", "pos": 48, "chunkLen": 48, "isStartTag": 1}}
06-28 14:46:48.171 24836 24849 E WProf.db: {"WprofHTMLTag": {"code": "0xaa1bcdb0", "doc": "http://searchengineland.com/know-thy-enemy-local-seo-art-war-231891", "row": 0, "column": 9, "tagName": "link", "time": 22272.337665, "url": "", "pos": 9, "chunkLen": 66, "isStartTag": 1}}
06-28 14:46:48.171 24836 24849 E WProf.db: {"WprofHTMLTag": {"code": "0xaa1bcde0", "doc": "http://searchengineland.com/know-thy-enemy-local-seo-art-war-231891", "row": 0, "column": 16, "tagName": "table", "time": 22272.337795, "url": "", "pos": 16, "chunkLen": 66, "isStartTag": 1}}
06-28 14:46:48.171 24836 24849 E WProf.db: {"WprofHTMLTag": {"code": "0xaa1bce10", "doc": "http://searchengineland.com/know-thy-enemy-local-seo-art-war-231891", "row": 0, "column": 24, "tagName": "table", "time": 22272.337882, "url": "", "pos": 24, "chunkLen": 66, "isStartTag": 0}}
06-28 14:46:48.171 24836 24849 E WProf.db: {"WprofHTMLTag": {"code": "0xaa1bce40", "doc": "http://searchengineland.com/know-thy-enemy-local-seo-art-war-231891", "row": 0, "column": 37, "tagName": "a", "time": 22272.337953, "url": "", "pos": 37, "chunkLen": 66, "isStartTag": 1}}
06-28 14:46:48.172 24836 24849 E WProf.db: {"WprofHTMLTag": {"code": "0xaa1bce70", "doc": "http://searchengineland.com/know-thy-enemy-local-seo-art-war-231891", "row": 0, "column": 42, "tagName": "a", "time": 22272.338146, "url": "", "pos": 42, "chunkLen": 66, "isStartTag": 0}}
06-28 14:46:48.172 24836 24849 E WProf.db: {"WprofHTMLTag": {"code": "0xaa1bcea0", "doc": "http://searchengineland.com/know-thy-enemy-local-seo-art-war-231891", "row": 0, "column": 66, "tagName": "input", "time": 22272.338222, "url": "", "pos": 66, "chunkLen": 66, "isStartTag": 1}}
06-28 14:46:48.172 24836 24849 E WProf.db: {"WprofHTMLTag": {"code": "0xaa1bcf30", "doc": "http://searchengineland.com/know-thy-enemy-local-seo-art-war-231891", "row": 0, "column": 9, "tagName": "link", "time": 22272.340312, "url": "", "pos": 9, "chunkLen": 66, "isStartTag": 1}}
06-28 14:46:48.172 24836 24849 E WProf.db: {"WprofHTMLTag": {"code": "0xaa1bcf60", "doc": "http://searchengineland.com/know-thy-enemy-local-seo-art-war-231891", "row": 0, "column": 16, "tagName": "table", "time": 22272.340429, "url": "", "pos": 16, "chunkLen": 66, "isStartTag": 1}}
06-28 14:46:48.172 24836 24849 E WProf.db: {"WprofHTMLTag": {"code": "0xaa1bcf90", "doc": "http://searchengineland.com/know-thy-enemy-local-seo-art-war-231891", "row": 0, "column": 24, "tagName": "table", "time": 22272.340501, "url": "", "pos": 24, "chunkLen": 66, "isStartTag": 0}}
06-28 14:46:48.172 24836 24849 E WProf.db: {"WprofHTMLTag": {"code": "0xaa1bcfc0", "doc": "http://searchengineland.com/know-thy-enemy-local-seo-art-war-231891", "row": 0, "column": 37, "tagName": "a", "time": 22272.340567, "url": "", "pos": 37, "chunkLen": 66, "isStartTag": 1}}
06-28 14:46:48.172 24836 24849 E WProf.db: {"WprofHTMLTag": {"code": "0xaa1bcff0", "doc": "http://searchengineland.com/know-thy-enemy-local-seo-art-war-231891", "row": 0, "column": 42, "tagName": "a", "time": 22272.341105, "url": "", "pos": 42, "chunkLen": 66, "isStartTag": 0}}
06-28 14:46:48.172 24836 24849 E WProf.db: {"WprofHTMLTag": {"code": "0xaa1bd020", "doc": "http://searchengineland.com/know-thy-enemy-local-seo-art-war-231891", "row": 0, "column": 66, "tagName": "input", "time": 22272.341179, "url": "", "pos": 66, "chunkLen": 66, "isStartTag": 1}}
06-28 14:46:48.172 24836 24849 E WProf.db: {"WprofHTMLTag": {"code": "0xaa1bd080", "doc": "http://searchengineland.com/know-thy-enemy-local-seo-art-war-231891", "row": 0, "column": 9, "tagName": "link", "time": 22272.345330, "url": "", "pos": 9, "chunkLen": 66, "isStartTag": 1}}
06-28 14:46:48.172 24836 24849 E WProf.db: {"WprofHTMLTag": {"code": "0xaa1bd0b0", "doc": "http://searchengineland.com/know-thy-enemy-local-seo-art-war-231891", "row": 0, "column": 16, "tagName": "table", "time": 22272.345451, "url": "", "pos": 16, "chunkLen": 66, "isStartTag": 1}}
06-28 14:46:48.172 24836 24849 E WProf.db: {"WprofHTMLTag": {"code": "0xaa1bd0e0", "doc": "http://searchengineland.com/know-thy-enemy-local-seo-art-war-231891", "row": 0, "column": 24, "tagName": "table", "time": 22272.345521, "url": "", "pos": 24, "chunkLen": 66, "isStartTag": 0}}
06-28 14:46:48.172 24836 24849 E WProf.db: {"WprofHTMLTag": {"code": "0xaa1bd110", "doc": "http://searchengineland.com/know-thy-enemy-local-seo-art-war-231891", "row": 0, "column": 37, "tagName": "a", "time": 22272.345582, "url": "", "pos": 37, "chunkLen": 66, "isStartTag": 1}}
06-28 14:46:48.172 24836 24849 E WProf.db: {"WprofHTMLTag": {"code": "0xaa1bd140", "doc": "http://searchengineland.com/know-thy-enemy-local-seo-art-war-231891", "row": 0, "column": 42, "tagName": "a", "time": 22272.345767, "url": "", "pos": 42, "chunkLen": 66, "isStartTag": 0}}
06-28 14:46:48.172 24836 24849 E WProf.db: {"WprofHTMLTag": {"code": "0xaa1bd170", "doc": "http://searchengineland.com/know-thy-enemy-local-seo-art-war-231891", "row": 0, "column": 66, "tagName": "input", "time": 22272.345830, "url": "", "pos": 66, "chunkLen": 66, "isStartTag": 1}}
06-28 14:46:48.173 24836 24849 E WProf.db: {"WprofHTMLTag": {"code": "0xaa1bc990", "doc": "http://searchengineland.com/know-thy-enemy-local-seo-art-war-231891", "row": 111, "column": 154, "tagName": "script", "time": 22272.358200, "url": "http://searchengineland.com/figz/wp-content/themes/searchengineland/js/lib/jquery-ui-1.10.3.custom.min.js?ver=1.10.3", "pos": 67, "chunkLen": 67, "isStartTag": 1}}
06-28 14:46:48.173 24836 24849 E WProf.db: {"WprofHTMLTag": {"code": "0xaa1bd290", "doc": "http://searchengineland.com/know-thy-enemy-local-seo-art-war-231891", "row": 111, "column": 163, "tagName": "script", "time": 22272.358492, "url": "", "pos": 67, "chunkLen": 67, "isStartTag": 0}}
06-28 14:46:48.173 24836 24849 E WProf.db: {"WprofHTMLTag": {"code": "0xaedd7ff0", "doc": "http://searchengineland.com/know-thy-enemy-local-seo-art-war-231891", "row": 0, "column": 111, "tagName": "div", "time": 22272.525181, "url": "", "pos": 111, "chunkLen": 117, "isStartTag": 1}}
06-28 14:46:48.173 24836 24849 E WProf.db: {"WprofHTMLTag": {"code": "0xaedd7f90", "doc": "http://searchengineland.com/know-thy-enemy-local-seo-art-war-231891", "row": 0, "column": 117, "tagName": "div", "time": 22272.525369, "url": "", "pos": 117, "chunkLen": 117, "isStartTag": 0}}
06-28 14:46:48.173 24836 24849 E WProf.db: {"WprofHTMLTag": {"code": "0xaa1bd590", "doc": "http://searchengineland.com/know-thy-enemy-local-seo-art-war-231891", "row": 112, "column": 155, "tagName": "script", "time": 22272.550593, "url": "http://searchengineland.com/figz/wp-content/themes/searchengineland/js/lib/jquery.ba-throttle-debounce.min.js?ver=1.1", "pos": 118, "chunkLen": 118, "isStartTag": 1}}
06-28 14:46:48.173 24836 24849 E WProf.db: {"WprofHTMLTag": {"code": "0xaa1bd800", "doc": "http://searchengineland.com/know-thy-enemy-local-seo-art-war-231891", "row": 112, "column": 164, "tagName": "script", "time": 22272.553650, "url": "", "pos": 118, "chunkLen": 118, "isStartTag": 0}}
06-28 14:46:48.173 24836 24849 E WProf.db: {"WprofHTMLTag": {"code": "0xaa1bd830", "doc": "http://searchengineland.com/know-thy-enemy-local-seo-art-war-231891", "row": 113, "column": 146, "tagName": "script", "time": 22272.555183, "url": "http://searchengineland.com/figz/wp-content/themes/searchengineland/js/lib/jquery.countdown.min.js?ver=2.0.4", "pos": 118, "chunkLen": 118, "isStartTag": 1}}
06-28 14:46:48.173 24836 24849 E WProf.db: {"WprofHTMLTag": {"code": "0xaa1bd860", "doc": "http://searchengineland.com/know-thy-enemy-local-seo-art-war-231891", "row": 113, "column": 155, "tagName": "script", "time": 22272.555424, "url": "", "pos": 118, "chunkLen": 118, "isStartTag": 0}}
06-28 14:46:48.173 24836 24849 E WProf.db: {"WprofHTMLTag": {"code": "0xaa1bd890", "doc": "http://searchengineland.com/know-thy-enemy-local-seo-art-war-231891", "row": 114, "column": 77, "tagName": "link", "time": 22272.558984, "url": "http://searchengineland.com/wp-json/", "pos": 118, "chunkLen": 118, "isStartTag": 1}}
