--------- beginning of main
06-28 10:12:05.122  3449  3449 E Finsky  : [1] com.google.android.finsky.wear.bl.a(3): onConnectionFailed: ConnectionResult{statusCode=API_UNAVAILABLE, resolution=null, message=null}
--------- beginning of system
06-28 10:12:06.190 26344 26344 E chromium: [ERROR:shell_integration_android.cc(12)] Not implemented reached in static ShellIntegration::DefaultWebClientSetPermission ShellIntegration::CanSetAsDefaultBrowser()
06-28 10:12:06.193 26344 26344 E chromium: [ERROR:browser_process_impl.cc(720)] Not implemented reached in virtual BackgroundModeManager* BrowserProcessImpl::background_mode_manager()
06-28 10:12:06.547  3218 22162 E AudioRecord-JNI: Error -4 during AudioRecord native read
06-28 10:12:09.090 26344 26393 E chromium: [ERROR:gles2_cmd_decoder.cc(3852)] [.ChromiumCompositor-0xacbb34c0]GL ERROR :GL_INVALID_ENUM : glDiscardFramebufferEXT: attachments was GL_COLOR_EXT
06-28 10:12:09.348 26415 26428 E WPROF   : {"CSS": {"url": "http://searchengineland.com/figz/wp-content/themes/searchengineland/css/searchengineland-bootstrap.css", "requestTime": 5806.403502}}
06-28 10:12:09.349 26415 26428 E WPROF   : {"CSS": {"url": "http://fonts.googleapis.com/css?family=Oswald:300,400,700", "requestTime": 5806.404919}}
06-28 10:12:09.350 26415 26428 E WPROF   : {"CSS": {"url": "http://searchengineland.com/figz/wp-content/themes/searchengineland/style.css", "requestTime": 5806.406193}}
06-28 10:12:09.359 26415 26428 E WPROF   : {"Javascript": {"url": "http://searchengineland.com/figz/wp-content/themes/searchengineland/js/lib/modernizr.custom.js?ver=1.0", "requestTime": 5806.414617}}
06-28 10:12:09.363 26415 26428 E WPROF   : {"Javascript": {"url": "http://searchengineland.com/figz/wp-content/themes/searchengineland/js/lib/jquery-1.11.0.min.js?ver=1.11.0", "requestTime": 5806.418818}}
06-28 10:12:09.364 26415 26428 E WPROF   : {"Javascript": {"url": "http://searchengineland.com/figz/wp-content/themes/searchengineland/js/lib/jquery-ui-1.10.3.custom.min.js?ver=1.10.3", "requestTime": 5806.419356}}
06-28 10:12:09.364 26415 26428 E WPROF   : {"Javascript": {"url": "http://searchengineland.com/figz/wp-content/themes/searchengineland/js/lib/jquery.ba-throttle-debounce.min.js?ver=1.1", "requestTime": 5806.419940}}
06-28 10:12:09.368 26415 26428 E WPROF   : {"Javascript": {"url": "http://searchengineland.com/figz/wp-content/themes/searchengineland/js/lib/jquery.countdown.min.js?ver=2.0.4", "requestTime": 5806.423365}}
06-28 10:12:09.368 26415 26428 E WPROF   : {"Javascript": {"url": "http://static.chartbeat.com/js/chartbeat_mab.js", "requestTime": 5806.423805}}
06-28 10:12:09.983 26415 26428 E WPROF   : {"Javascript": {"url": "http://searchengineland.com/figz/wp-includes/js/wp-emoji-release.min.js?ver=4.7.5", "requestTime": 5807.038603}}
06-28 10:12:10.375 26415 26428 E WPROF   : {"Javascript": {"url": "http://www.googletagservices.com/tag/js/gpt.js", "requestTime": 5807.431060}}
06-28 10:12:10.379 26415 26428 E WPROF   : {"Javascript": {"url": "https://www.google-analytics.com/analytics.js", "requestTime": 5807.435048}}
06-28 10:12:10.381 26415 26428 E WPROF   : {"Javascript": {"url": "http://edge.quantserve.com/quant.js", "requestTime": 5807.437141}}
06-28 10:12:10.383 26415 26428 E WPROF   : {"Javascript": {"url": "https://connect.facebook.net/en_US/fbevents.js", "requestTime": 5807.438857}}
06-28 10:12:10.464 26415 26428 E WPROF   : {"Javascript": {"url": "http://app-sj02.marketo.com/js/forms2/js/forms2.min.js", "requestTime": 5807.519874}}
06-28 10:12:10.477 26344 26393 E chromium: [ERROR:gles2_cmd_decoder.cc(3852)] [.ChromiumCompositor-0xacbb34c0]GL ERROR :GL_INVALID_ENUM : glDiscardFramebufferEXT: attachments was GL_COLOR_EXT
06-28 10:12:10.580 26344 26393 E chromium: [ERROR:gles2_cmd_decoder.cc(3852)] [.ChromiumCompositor-0xacbb34c0]GL ERROR :GL_INVALID_ENUM : glDiscardFramebufferEXT: attachments was GL_COLOR_EXT
06-28 10:12:10.611 26415 26428 E WPROF   : {"Javascript": {"url": "https://connect.facebook.net/signals/config/423979991297359?v=2.7.17", "requestTime": 5807.667092}}
06-28 10:12:10.808 26415 26428 E WPROF   : {"Javascript": {"url": "http://app-sj02.marketo.com/index.php/form/getForm?munchkinId=727-ZQE-044&form=5691&url=http%3A%2F%2Fsearchengineland.com%2Fkobe-bryant-teach-succeeding-adwords-247865&callback=jQuery110207090875683352351_1498612330730&_=1498612330731", "requestTime": 5807.863988}}
06-28 10:12:10.827 26415 26428 E WPROF   : {"Javascript": {"url": "http://app-sj02.marketo.com/index.php/form/getForm?munchkinId=727-ZQE-044&form=5685&url=http%3A%2F%2Fsearchengineland.com%2Fkobe-bryant-teach-succeeding-adwords-247865&callback=jQuery110207090875683352351_1498612330732&_=1498612330733", "requestTime": 5807.882364}}
06-28 10:12:11.125 26415 26428 E WPROF   : {"Javascript": {"url": "http://app-sj02.marketo.com/index.php/form/getForm?munchkinId=727-ZQE-044&form=5673&url=http%3A%2F%2Fsearchengineland.com%2Fkobe-bryant-teach-succeeding-adwords-247865&callback=jQuery110207090875683352351_1498612330734&_=1498612330735", "requestTime": 5808.180955}}
06-28 10:12:11.133 26415 26428 E WPROF   : {"Javascript": {"url": "http://searchengineland.com/js/ga_social_tracking.js", "requestTime": 5808.188992}}
06-28 10:12:11.134 26415 26428 E WPROF   : {"Javascript": {"url": "http://s7.addthis.com/js/300/addthis_widget.js#pubid=ra-53e918f660794f37", "requestTime": 5808.189642}}
06-28 10:12:11.136 26344 26393 E chromium: [ERROR:gles2_cmd_decoder.cc(3852)] [.ChromiumCompositor-0xacbb34c0]GL ERROR :GL_INVALID_ENUM : glDiscardFramebufferEXT: attachments was GL_COLOR_EXT
06-28 10:12:11.183 26415 26428 E WPROF   : {"Javascript": {"url": "https://securepubads.g.doubleclick.net/gpt/pubads_impl_121.js", "requestTime": 5808.238672}}
06-28 10:12:11.587 26415 26428 E WPROF   : {"CSS": {"url": "http://app-sj02.marketo.com/js/forms2/css/forms2.css", "requestTime": 5808.642323}}
06-28 10:12:11.591 26415 26428 E WPROF   : {"CSS": {"url": "http://app-sj02.marketo.com/js/forms2/css/forms2-theme-simple.css", "requestTime": 5808.646882}}
06-28 10:12:11.615 26344 26393 E chromium: [ERROR:gles2_cmd_decoder.cc(3852)] [.ChromiumCompositor-0xacbb34c0]GL ERROR :GL_INVALID_ENUM : glDiscardFramebufferEXT: attachments was GL_COLOR_EXT
06-28 10:12:11.764 26415 26428 E WPROF   : {"Javascript": {"url": "http://cdn.api.twitter.com/1/users/show.json?screen_name=toddsaunders&callback=twttr.setFollowersCount", "requestTime": 5808.819397}}
06-28 10:12:11.790 26415 26428 E WPROF   : {"Javascript": {"url": "https://static.xx.fbcdn.net/rsrc.php/v3iy6L4/yk/l/ko_KR/be4fIjHRc8P.js", "requestTime": 5808.845522}}
06-28 10:12:11.870   862  1657 E LocSvc_IzatApiV02: E/virtual int izat_core::IzatApiV02::getBatchSize(int32_t):522]: Error : st = 4, ind.status = -1628389555
06-28 10:12:11.870   862  1657 E LocSvc_IzatApiV02: E/virtual int izat_core::IzatApiV02::getBatchSize(int32_t):535]: get batching size failed.Or modem does not support batching 
06-28 10:12:11.879   862  1657 E LocSvc_IzatApiV02: E/virtual int izat_core::IzatApiV02::getBatchSize(int32_t):522]: Error : st = 4, ind.status = -1628389555
06-28 10:12:11.879   862  1657 E LocSvc_IzatApiV02: E/virtual int izat_core::IzatApiV02::getBatchSize(int32_t):535]: get batching size failed.Or modem does not support batching 
06-28 10:12:11.910   862  1657 E LocSvc_IzatApiV02: E/virtual int izat_core::IzatApiV02::getBatchSize(int32_t):522]: Error : st = 4, ind.status = -1628389555
06-28 10:12:11.910   862  1657 E LocSvc_IzatApiV02: E/virtual int izat_core::IzatApiV02::getBatchSize(int32_t):535]: get batching size failed.Or modem does not support batching 
06-28 10:12:11.922   862  1657 E LocSvc_IzatApiV02: E/virtual int izat_core::IzatApiV02::getBatchSize(int32_t):522]: Error : st = 4, ind.status = -1628389555
06-28 10:12:11.922   862  1657 E LocSvc_IzatApiV02: E/virtual int izat_core::IzatApiV02::getBatchSize(int32_t):535]: get batching size failed.Or modem does not support batching 
06-28 10:12:12.435 26415 26428 E WPROF   : {"Javascript": {"url": "http://platform.twitter.com/widgets.js", "requestTime": 5809.490852}}
06-28 10:12:12.437 26415 26428 E WPROF   : {"Javascript": {"url": "http://connect.facebook.net/en_US/sdk.js", "requestTime": 5809.492725}}
06-28 10:12:12.439 26415 26428 E WPROF   : {"Javascript": {"url": "https://apis.google.com/js/platform.js", "requestTime": 5809.494267}}
06-28 10:12:12.470 26415 26428 E WPROF   : {"Javascript": {"url": "http://rules.quantcount.com/rules-p-5aGizvD82d9hk.js", "requestTime": 5809.526093}}
06-28 10:12:12.473 26415 26428 E WPROF   : {"Javascript": {"url": "http://munchkin.marketo.net/munchkin.js", "requestTime": 5809.528937}}
06-28 10:12:12.926 26415 26428 E WPROF   : {"Javascript": {"url": "https://securepubads.g.doubleclick.net/gampad/ads?gdfp_req=1&correlator=2180246396731392&output=json_html&callback=googletag.impl.pubads.callbackProxy1&impl=fifs&json_a=1&eid=108809080%2C108809107&sc=0&sfv=1-0-9&iu_parts=1038259%2Csel-ciu-1%2Csel-ciu-2%2Csel-ciu-3%2Csel-ciu-4%2Csel-ciu-5%2Cch-sem-le", "requestTime": 5809.981273}}
06-28 10:12:13.027 26344 26393 E chromium: [ERROR:gles2_cmd_decoder.cc(3852)] [.ChromiumCompositor-0xacbb34c0]GL ERROR :GL_INVALID_ENUM : glDiscardFramebufferEXT: attachments was GL_COLOR_EXT
06-28 10:12:13.063 26415 26428 E WPROF   : {"Javascript": {"url": "http://d2j3qa5nc37287.cloudfront.net/coupon_code1.js", "requestTime": 5810.119209}}
06-28 10:12:13.078 26415 26428 E WPROF   : {"Javascript": {"url": "http://www.googleadservices.com/pagead/conversion.js", "requestTime": 5810.134105}}
06-28 10:12:13.079 26415 26428 E WPROF   : {"Javascript": {"url": "http://searchengineland.com/figz/wp-content/themes/searchengineland/js/script.js?ver=1.0", "requestTime": 5810.134665}}
06-28 10:12:13.079 26415 26428 E WPROF   : {"Javascript": {"url": "http://searchengineland.com/figz/wp-includes/js/wp-embed.min.js?ver=4.7.5", "requestTime": 5810.135087}}
06-28 10:12:13.080 26415 26428 E WPROF   : {"Javascript": {"url": "http://searchengineland.com/figz/wp-content/themes/searchengineland/js/modules/sharing_controls.js", "requestTime": 5810.135373}}
06-28 10:12:13.099 26415 26428 E WPROF   : {"Javascript": {"url": "http://dnn506yrbagrg.cloudfront.net/pages/scripts/0026/4062.js?416281", "requestTime": 5810.154309}}
06-28 10:12:13.241 26415 26428 E WPROF   : {"CSS": {"url": "https://www.youtube.com/yts/cssbin/www-embed-player-sprite-mode-vfl5G4Xm8.css", "requestTime": 5810.296464}}
06-28 10:12:13.242 26415 26428 E WPROF   : {"Javascript": {"url": "https://www.youtube.com/yts/jsbin/www-embed-player-vfl_UY_j8/www-embed-player.js", "requestTime": 5810.297705}}
06-28 10:12:13.242 26415 26428 E WPROF   : {"Javascript": {"url": "https://www.youtube.com/yts/jsbin/player-vflo1w4O-/ko_KR/base.js", "requestTime": 5810.298165}}
06-28 10:12:13.275 26344 26393 E chromium: [ERROR:gles2_cmd_decoder.cc(3852)] [.ChromiumCompositor-0xacbb34c0]GL ERROR :GL_INVALID_ENUM : glDiscardFramebufferEXT: attachments was GL_COLOR_EXT
06-28 10:12:13.399 26344 26393 E chromium: [ERROR:gles2_cmd_decoder.cc(3852)] [.ChromiumCompositor-0xacbb34c0]GL ERROR :GL_INVALID_ENUM : glDiscardFramebufferEXT: attachments was GL_COLOR_EXT
06-28 10:12:13.872 26415 26428 E WPROF   : {"Javascript": {"url": "http://m.addthisedge.com/live/boost/ra-53e918f660794f37/_ate.track.config_resp", "requestTime": 5810.927450}}
06-28 10:12:13.922 26415 26428 E WPROF   : {"Javascript": {"url": "http://m.addthis.com/live/red_lojson/300lo.json?si=5953026c5f62479e&bkl=0&bl=1&pdt=2140&sid=5953026c5f62479e&pub=ra-53e918f660794f37&rev=v7.15.4-wp&ln=ko&pc=men&cb=0&ab=-&dp=searchengineland.com&fp=kobe-bryant-teach-succeeding-adwords-247865&fr=&of=0&pd=0&irt=0&vcl=0&md=0&ct=1&tct=0&abt=0&cdn=0&pi=1", "requestTime": 5810.978076}}
06-28 10:12:14.324 26344 26393 E chromium: [ERROR:gles2_cmd_decoder.cc(3852)] [.ChromiumCompositor-0xacbb34c0]GL ERROR :GL_INVALID_ENUM : glDiscardFramebufferEXT: attachments was GL_COLOR_EXT
06-28 10:12:14.599 26344 26393 E chromium: [ERROR:gles2_cmd_decoder.cc(3852)] [.ChromiumCompositor-0xacbb34c0]GL ERROR :GL_INVALID_ENUM : glDiscardFramebufferEXT: attachments was GL_COLOR_EXT
06-28 10:12:15.509 26415 26428 E WPROF   : {"Javascript": {"url": "https://www.google.com/js/bg/KWBfAnWFESAEEaKKgdYlTHY9ysQaNoQuzeMFqvxDSM8.js", "requestTime": 5812.565052}}
06-28 10:12:15.512 26415 26428 E WPROF   : {"Javascript": {"url": "https://static.doubleclick.net/instream/ad_status.js", "requestTime": 5812.567313}}
06-28 10:12:15.943 26344 26393 E chromium: [ERROR:gles2_cmd_decoder.cc(3852)] [.ChromiumCompositor-0xacbb34c0]GL ERROR :GL_INVALID_ENUM : glDiscardFramebufferEXT: attachments was GL_COLOR_EXT
06-28 10:12:16.470 26344 26393 E chromium: [ERROR:gles2_cmd_decoder.cc(3852)] [.ChromiumCompositor-0xacbb34c0]GL ERROR :GL_INVALID_ENUM : glDiscardFramebufferEXT: attachments was GL_COLOR_EXT
06-28 10:12:16.711 26344 26393 E chromium: [ERROR:gles2_cmd_decoder.cc(3852)] [.ChromiumCompositor-0xacbb34c0]GL ERROR :GL_INVALID_ENUM : glDiscardFramebufferEXT: attachments was GL_COLOR_EXT
06-28 10:12:16.889 26415 26428 E WPROF   : {"Javascript": {"url": "https://platform.twitter.com/js/button.b731e6c82269f70f6fc53634e044a4c6.js", "requestTime": 5813.944565}}
06-28 10:12:16.895 26415 26428 E WPROF   : {"Javascript": {"url": "http://munchkin.marketo.net/151/munchkin.js", "requestTime": 5813.950546}}
06-28 10:12:16.974 26415 26428 E WPROF   : {"Javascript": {"url": "https://tpc.googlesyndication.com/pagead/js/r20170619/r20110914/client/ext/m_window_focus_non_hydra.js", "requestTime": 5814.029733}}
06-28 10:12:16.976 26415 26428 E WPROF   : {"Javascript": {"url": "https://tpc.googlesyndication.com/pagead/js/r20170619/r20110914/activeview/osd_listener.js", "requestTime": 5814.031649}}
06-28 10:12:16.980 26415 26428 E WPROF   : {"Javascript": {"url": "http://pagead2.googlesyndication.com/pagead/osd.js", "requestTime": 5814.035908}}
06-28 10:12:17.053 26415 26428 E WPROF   : {"Javascript": {"url": "http://www.justuno.com/ajax/account_version_check.html?id=828FA275-FF73-401E-AA39-40F5A6FAB6B1", "requestTime": 5814.108897}}
06-28 10:12:17.240 26415 26428 E WPROF   : {"Javascript": {"url": "http://s7.addthis.com/static/layers.4acb6c577b51939661ec.js", "requestTime": 5814.296004}}
06-28 10:12:17.446 26344 26393 E chromium: [ERROR:gles2_cmd_decoder.cc(3852)] [.ChromiumCompositor-0xacbb34c0]GL ERROR :GL_INVALID_ENUM : glDiscardFramebufferEXT: attachments was GL_COLOR_EXT
06-28 10:12:18.287 26344 26393 E chromium: [ERROR:gles2_cmd_decoder.cc(3852)] [.ChromiumCompositor-0xacbb34c0]GL ERROR :GL_INVALID_ENUM : glDiscardFramebufferEXT: attachments was GL_COLOR_EXT
06-28 10:12:18.489 26344 26393 E chromium: [ERROR:gles2_cmd_decoder.cc(3852)] [.ChromiumCompositor-0xacbb34c0]GL ERROR :GL_INVALID_ENUM : glDiscardFramebufferEXT: attachments was GL_COLOR_EXT
06-28 10:12:18.606 26344 26393 E chromium: [ERROR:gles2_cmd_decoder.cc(3852)] [.ChromiumCompositor-0xacbb34c0]GL ERROR :GL_INVALID_ENUM : glDiscardFramebufferEXT: attachments was GL_COLOR_EXT
06-28 10:12:20.603 26415 26428 E WPROF   : {"Javascript": {"url": "http://cdn.justuno.com/mwgt_3.6.js", "requestTime": 5817.658495}}
06-28 10:12:20.850 26344 26393 E chromium: [ERROR:gles2_cmd_decoder.cc(3852)] [.ChromiumCompositor-0xacbb34c0]GL ERROR :GL_INVALID_ENUM : glDiscardFramebufferEXT: attachments was GL_COLOR_EXT
06-28 10:12:20.961 26415 26428 E WPROF   : {"Javascript": {"url": "https://app-sj02.marketo.com/js/forms2/js/forms2.min.js", "requestTime": 5818.017006}}
06-28 10:12:20.968 26344 26393 E chromium: [ERROR:gles2_cmd_decoder.cc(3852)] [.ChromiumCompositor-0xacbb34c0]GL ERROR :GL_INVALID_ENUM : glDiscardFramebufferEXT: attachments was GL_COLOR_EXT
06-28 10:12:21.036 26344 26393 E chromium: [ERROR:gles2_cmd_decoder.cc(3852)] [.ChromiumCompositor-0xacbb34c0]GL ERROR :GL_INVALID_ENUM : glDiscardFramebufferEXT: attachments was GL_COLOR_EXT
06-28 10:12:21.588 26344 26393 E chromium: [ERROR:gles2_cmd_decoder.cc(3852)] [.ChromiumCompositor-0xacbb34c0]GL ERROR :GL_INVALID_ENUM : glDiscardFramebufferEXT: attachments was GL_COLOR_EXT
06-28 10:12:21.974 26415 26428 E WPROF   : {"Javascript": {"url": "https://cdn.syndication.twimg.com/widgets/followbutton/info.json?callback=__twttr.setFollowersCountAndFollowing&lang=en&screen_names=sengineland", "requestTime": 5819.029995}}
06-28 10:12:22.567 26415 26428 E WProf.db: {"page": "searchengineland.com_kobe-bryant-teach-succeeding-adwords-247865"}
06-28 10:12:22.567 26415 26428 E WProf.db: {"DOMLoad": 5819.622949}
06-28 10:12:22.567 26415 26428 E WProf.db: {"Resource": {"id": 1, "url": "http://searchengineland.com/kobe-bryant-teach-succeeding-adwords-247865", "sentTime": -1.000000, "len": 99126, "from": "0x0", "mimeType": "text/html", "contentLength": -1, "httpStatus": 200, "connId": 20, "connReused": 1, "cached": 0,"requestTime": 5806.052033, "proxyStart": -1, "proxyEnd": -1, "dnsStart": -1, "dnsEnd": -1, "connectStart": 0, "connectEnd": 75, "sendStart": 75, "sendEnd": 76, "receiveHeadersEnd": 231, "sslStart": -1, "sslEnd": -1}}
06-28 10:12:22.567 26415 26428 E WProf.db: {"ReceivedChunk": {"receivedTime": 5806.305168, "len": 7886}}
06-28 10:12:22.567 26415 26428 E WProf.db: {"ReceivedChunk": {"receivedTime": 5806.392703, "len": 32768}}
06-28 10:12:22.568 26415 26428 E WProf.db: {"ReceivedChunk": {"receivedTime": 5806.393020, "len": 27419}}
06-28 10:12:22.568 26415 26428 E WProf.db: {"ReceivedChunk": {"receivedTime": 5806.439284, "len": 31053}}
06-28 10:12:22.568 26415 26428 E WProf.db: {"WprofHTMLTag": {"code": "0xaf047a30", "doc": "http://searchengineland.com/kobe-bryant-teach-succeeding-adwords-247865", "row": 6, "column": 42, "tagName": "html", "time": 5806.397338, "url": "", "pos": 1, "chunkLen": 1, "isStartTag": 1}}
06-28 10:12:22.568 26415 26428 E WProf.db: {"WprofHTMLTag": {"code": "0xaf047be0", "doc": "http://searchengineland.com/kobe-bryant-teach-succeeding-adwords-247865", "row": 7, "column": 6, "tagName": "head", "time": 5806.398145, "url": "", "pos": 1, "chunkLen": 1, "isStartTag": 1}}
06-28 10:12:22.568 26415 26428 E WProf.db: {"WprofHTMLTag": {"code": "0xaf047c10", "doc": "http://searchengineland.com/kobe-bryant-teach-succeeding-adwords-247865", "row": 8, "column": 54, "tagName": "meta", "time": 5806.398195, "url": "", "pos": 1, "chunkLen": 1, "isStartTag": 1}}
06-28 10:12:22.568 26415 26428 E WProf.db: {"WprofHTMLTag": {"code": "0xaf047cd0", "doc": "http://searchengineland.com/kobe-bryant-teach-succeeding-adwords-247865", "row": 9, "column": 68, "tagName": "meta", "time": 5806.398363, "url": "", "pos": 1, "chunkLen": 1, "isStartTag": 1}}
06-28 10:12:22.568 26415 26428 E WProf.db: {"WprofHTMLTag": {"code": "0xaf047d00", "doc": "http://searchengineland.com/kobe-bryant-teach-succeeding-adwords-247865", "row": 10, "column": 23, "tagName": "meta", "time": 5806.398482, "url": "", "pos": 1, "chunkLen": 1, "isStartTag": 1}}
06-28 10:12:22.568 26415 26428 E WProf.db: {"WprofHTMLTag": {"code": "0xaf047d30", "doc": "http://searchengineland.com/kobe-bryant-teach-succeeding-adwords-247865", "row": 11, "column": 52, "tagName": "meta", "time": 5806.398620, "url": "", "pos": 1, "chunkLen": 1, "isStartTag": 1}}
06-28 10:12:22.568 26415 26428 E WProf.db: {"WprofHTMLTag": {"code": "0xaf047d60", "doc": "http://searchengineland.com/kobe-bryant-teach-succeeding-adwords-247865", "row": 14, "column": 56, "tagName": "meta", "time": 5806.398753, "url": "", "pos": 1, "chunkLen": 1, "isStartTag": 1}}
06-28 10:12:22.568 26415 26428 E WProf.db: {"WprofHTMLTag": {"code": "0xaf047d90", "doc": "http://searchengineland.com/kobe-bryant-teach-succeeding-adwords-247865", "row": 15, "column": 83, "tagName": "meta", "time": 5806.398869, "url": "", "pos": 1, "chunkLen": 1, "isStartTag": 1}}
06-28 10:12:22.568 26415 26428 E WProf.db: {"WprofHTMLTag": {"code": "0xaf047dc0", "doc": "http://searchengineland.com/kobe-bryant-teach-succeeding-adwords-247865", "row": 16, "column": 57, "tagName": "meta", "time": 5806.398991, "url": "", "pos": 1, "chunkLen": 1, "isStartTag": 1}}
06-28 10:12:22.568 26415 26428 E WProf.db: {"WprofHTMLTag": {"code": "0xaf047e50", "doc": "http://searchengineland.com/kobe-bryant-teach-succeeding-adwords-247865", "row": 17, "column": 41, "tagName": "meta", "time": 5806.399106, "url": "", "pos": 1, "chunkLen": 1, "isStartTag": 1}}
06-28 10:12:22.568 26415 26428 E WProf.db: {"WprofHTMLTag": {"code": "0xaf047e80", "doc": "http://searchengineland.com/kobe-bryant-teach-succeeding-adwords-247865", "row": 18, "column": 50, "tagName": "meta", "time": 5806.399218, "url": "", "pos": 1, "chunkLen": 1, "isStartTag": 1}}
06-28 10:12:22.568 26415 26428 E WProf.db: {"WprofHTMLTag": {"code": "0xaf047eb0", "doc": "http://searchengineland.com/kobe-bryant-teach-succeeding-adwords-247865", "row": 19, "column": 174, "tagName": "meta", "time": 5806.399331, "url": "", "pos": 1, "chunkLen": 1, "isStartTag": 1}}
06-28 10:12:22.569 26415 26428 E WProf.db: {"WprofHTMLTag": {"code": "0xaf047e20", "doc": "http://searchengineland.com/kobe-bryant-teach-succeeding-adwords-247865", "row": 20, "column": 47, "tagName": "meta", "time": 5806.399446, "url": "", "pos": 1, "chunkLen": 1, "isStartTag": 1}}
06-28 10:12:22.569 26415 26428 E WProf.db: {"WprofHTMLTag": {"code": "0xaf047df0", "doc": "http://searchengineland.com/kobe-bryant-teach-succeeding-adwords-247865", "row": 21, "column": 67, "tagName": "meta", "time": 5806.399557, "url": "", "pos": 1, "chunkLen": 1, "isStartTag": 1}}
06-28 10:12:22.569 26415 26428 E WProf.db: {"WprofHTMLTag": {"code": "0xaf047ee0", "doc": "http://searchengineland.com/kobe-bryant-teach-succeeding-adwords-247865", "row": 22, "column": 57, "tagName": "meta", "time": 5806.399666, "url": "", "pos": 1, "chunkLen": 1, "isStartTag": 1}}
06-28 10:12:22.569 26415 26428 E WProf.db: {"WprofHTMLTag": {"code": "0xaf047f10", "doc": "http://searchengineland.com/kobe-bryant-teach-succeeding-adwords-247865", "row": 23, "column": 65, "tagName": "meta", "time": 5806.399781, "url": "", "pos": 1, "chunkLen": 1, "isStartTag": 1}}
06-28 10:12:22.569 26415 26428 E WProf.db: {"WprofHTMLTag": {"code": "0xaf047f40", "doc": "http://searchengineland.com/kobe-bryant-teach-succeeding-adwords-247865", "row": 24, "column": 55, "tagName": "meta", "time": 5806.399892, "url": "", "pos": 1, "chunkLen": 1, "isStartTag": 1}}
06-28 10:12:22.569 26415 26428 E WProf.db: {"WprofHTMLTag": {"code": "0xaf047f70", "doc": "http://searchengineland.com/kobe-bryant-teach-succeeding-adwords-247865", "row": 25, "column": 71, "tagName": "meta", "time": 5806.400097, "url": "", "pos": 1, "chunkLen": 1, "isStartTag": 1}}
06-28 10:12:22.569 26415 26428 E WProf.db: {"WprofHTMLTag": {"code": "0xaf047fa0", "doc": "http://searchengineland.com/kobe-bryant-teach-succeeding-adwords-247865", "row": 26, "column": 86, "tagName": "meta", "time": 5806.400207, "url": "", "pos": 1, "chunkLen": 1, "isStartTag": 1}}
06-28 10:12:22.569 26415 26428 E WProf.db: {"WprofHTMLTag": {"code": "0xaf047fd0", "doc": "http://searchengineland.com/kobe-bryant-teach-succeeding-adwords-247865", "row": 27, "column": 54, "tagName": "meta", "time": 5806.400524, "url": "", "pos": 1, "chunkLen": 1, "isStartTag": 1}}
06-28 10:12:22.569 26415 26428 E WProf.db: {"WprofHTMLTag": {"code": "0xb4cc74b0", "doc": "http://searchengineland.com/kobe-bryant-teach-succeeding-adwords-247865", "row": 29, "column": 140, "tagName": "meta", "time": 5806.400627, "url": "", "pos": 1, "chunkLen": 1, "isStartTag": 1}}
06-28 10:12:22.569 26415 26428 E WProf.db: {"WprofHTMLTag": {"code": "0xb4cc7540", "doc": "http://searchengineland.com/kobe-bryant-teach-succeeding-adwords-247865", "row": 30, "column": 182, "tagName": "meta", "time": 5806.400741, "url": "", "pos": 1, "chunkLen": 1, "isStartTag": 1}}
06-28 10:12:22.569 26415 26428 E WProf.db: {"WprofHTMLTag": {"code": "0xb4cc78a0", "doc": "http://searchengineland.com/kobe-bryant-teach-succeeding-adwords-247865", "row": 31, "column": 55, "tagName": "meta", "time": 5806.400845, "url": "", "pos": 1, "chunkLen": 1, "isStartTag": 1}}
06-28 10:12:22.569 26415 26428 E WProf.db: {"WprofHTMLTag": {"code": "0xb4cc78d0", "doc": "http://searchengineland.com/kobe-bryant-teach-succeeding-adwords-247865", "row": 32, "column": 54, "tagName": "meta", "time": 5806.400950, "url": "", "pos": 1, "chunkLen": 1, "isStartTag": 1}}
06-28 10:12:22.570 26415 26428 E WProf.db: {"WprofHTMLTag": {"code": "0xb4cc7900", "doc": "http://searchengineland.com/kobe-bryant-teach-succeeding-adwords-247865", "row": 33, "column": 141, "tagName": "meta", "time": 5806.401059, "url": "", "pos": 1, "chunkLen": 1, "isStartTag": 1}}
06-28 10:12:22.570 26415 26428 E WProf.db: {"WprofHTMLTag": {"code": "0xb4cc7930", "doc": "http://searchengineland.com/kobe-bryant-teach-succeeding-adwords-247865", "row": 37, "column": 36, "tagName": "script", "time": 5806.401177, "url": "", "pos": 1, "chunkLen": 1, "isStartTag": 1}}
06-28 10:12:22.570 26415 26428 E WProf.db: {"WprofHTMLTag": {"code": "0xb4cc7960", "doc": "http://searchengineland.com/kobe-bryant-teach-succeeding-adwords-247865", "row": 53, "column": 10, "tagName": "script", "time": 5806.401415, "url": "", "pos": 1, "chunkLen": 1, "isStartTag": 0}}
06-28 10:12:22.570 26415 26428 E WProf.db: {"WprofHTMLTag": {"code": "0xaf047a60", "doc": "http://searchengineland.com/kobe-bryant-teach-succeeding-adwords-247865", "row": 55, "column": 86, "tagName": "link", "time": 5806.402175, "url": "http://searchengineland.com/apple-touch-icon.png", "pos": 1, "chunkLen": 1, "isStartTag": 1}}
06-28 10:12:22.570 26415 26428 E WProf.db: {"WprofHTMLTag": {"code": "0xb4cc7990", "doc": "http://searchengineland.com/kobe-bryant-teach-succeeding-adwords-247865", "row": 56, "column": 76, "tagName": "link", "time": 5806.402461, "url": "http://searchengineland.com/favicon.ico", "pos": 1, "chunkLen": 1, "isStartTag": 1}}
06-28 10:12:22.570 26415 26428 E WProf.db: {"WprofHTMLTag": {"code": "0xb4cc79c0", "doc": "http://searchengineland.com/kobe-bryant-teach-succeeding-adwords-247865", "row": 57, "column": 158, "tagName": "link", "time": 5806.402658, "url": "http://feeds.searchengineland.com/searchengineland", "pos": 1, "chunkLen": 1, "isStartTag": 1}}
06-28 10:12:22.570 26415 26428 E WProf.db: {"WprofHTMLTag": {"code": "0xb4cc79f0", "doc": "http://searchengineland.com/kobe-bryant-teach-succeeding-adwords-247865", "row": 58, "column": 149, "tagName": "link", "time": 5806.402941, "url": "http://feeds.searchengineland.com/searchcap", "pos": 1, "chunkLen": 1, "isStartTag": 1}}
06-28 10:12:22.570 26415 26428 E WProf.db: {"WprofHTMLTag": {"code": "0xb4cc7a20", "doc": "http://searchengineland.com/kobe-bryant-teach-succeeding-adwords-247865", "row": 59, "column": 150, "tagName": "link", "time": 5806.403213, "url": "http://searchengineland.com/figz/wp-content/themes/searchengineland/css/searchengineland-bootstrap.css", "pos": 1, "chunkLen": 1, "isStartTag": 1}}
06-28 10:12:22.570 26415 26428 E WProf.db: {"WprofHTMLTag": {"code": "0xb4cc7a80", "doc": "http://searchengineland.com/kobe-bryant-teach-succeeding-adwords-247865", "row": 60, "column": 105, "tagName": "link", "time": 5806.404622, "url": "http://fonts.googleapis.com/css?family=Oswald:300,400,700", "pos": 1, "chunkLen": 1, "isStartTag": 1}}
06-28 10:12:22.570 26415 26428 E WProf.db: {"WprofHTMLTag": {"code": "0xb4cc7ae0", "doc": "http://searchengineland.com/kobe-bryant-teach-succeeding-adwords-247865", "row": 61, "column": 125, "tagName": "link", "time": 5806.405888, "url": "http://searchengineland.com/figz/wp-content/themes/searchengineland/style.css", "pos": 1, "chunkLen": 1, "isStartTag": 1}}
06-28 10:12:22.570 26415 26428 E WProf.db: {"WprofHTMLTag": {"code": "0xb4cc7b40", "doc": "http://searchengineland.com/kobe-bryant-teach-succeeding-adwords-247865", "row": 65, "column": 7, "tagName": "title", "time": 5806.407138, "url": "", "pos": 1, "chunkLen": 1, "isStartTag": 1}}
06-28 10:12:22.570 26415 26428 E WProf.db: {"WprofHTMLTag": {"code": "0xb4cc7b70", "doc": "http://searchengineland.com/kobe-bryant-teach-succeeding-adwords-247865", "row": 65, "column": 75, "tagName": "title", "time": 5806.407591, "url": "", "pos": 1, "chunkLen": 1, "isStartTag": 0}}
06-28 10:12:22.570 26415 26428 E WProf.db: {"WprofHTMLTag": {"code": "0xb4cc7ba0", "doc": "http://searchengineland.com/kobe-bryant-teach-succeeding-adwords-247865", "row": 66, "column": 179, "tagName": "meta", "time": 5806.407615, "url": "", "pos": 1, "chunkLen": 1, "isStartTag": 1}}
06-28 10:12:22.571 26415 26428 E WProf.db: {"WprofHTMLTag": {"code": "0xb4cc7bd0", "doc": "http://searchengineland.com/kobe-bryant-teach-succeeding-adwords-247865", "row": 67, "column": 141, "tagName": "meta", "time": 5806.407754, "url": "", "pos": 1, "chunkLen": 1, "isStartTag": 1}}
06-28 10:12:22.571 26415 26428 E WProf.db: {"WprofHTMLTag": {"code": "0xb4cc7c00", "doc": "http://searchengineland.com/kobe-bryant-teach-succeeding-adwords-247865", "row": 68, "column": 113, "tagName": "meta", "time": 5806.407868, "url": "", "pos": 1, "chunkLen": 1, "isStartTag": 1}}
06-28 10:12:22.571 26415 26428 E WProf.db: {"WprofHTMLTag": {"code": "0xb4cc7c30", "doc": "http://searchengineland.com/kobe-bryant-teach-succeeding-adwords-247865", "row": 69, "column": 37, "tagName": "meta", "time": 5806.407976, "url": "", "pos": 1, "chunkLen": 1, "isStartTag": 1}}
06-28 10:12:22.571 26415 26428 E WProf.db: {"WprofHTMLTag": {"code": "0xb4cc7c60", "doc": "http://searchengineland.com/kobe-bryant-teach-succeeding-adwords-247865", "row": 70, "column": 103, "tagName": "link", "time": 5806.408082, "url": "http://searchengineland.com/kobe-bryant-teach-succeeding-adwords-247865", "pos": 1, "chunkLen": 1, "isStartTag": 1}}
06-28 10:12:22.571 26415 26428 E WProf.db: {"WprofHTMLTag": {"code": "0xb4cc7c90", "doc": "http://searchengineland.com/kobe-bryant-teach-succeeding-adwords-247865", "row": 71, "column": 76, "tagName": "link", "time": 5806.408291, "url": "https://plus.google.com/103218677032751327334", "pos": 1, "chunkLen": 1, "isStartTag": 1}}
06-28 10:12:22.571 26415 26428 E WProf.db: {"WprofHTMLTag": {"code": "0xb4cc7cc0", "doc": "http://searchengineland.com/kobe-bryant-teach-succeeding-adwords-247865", "row": 72, "column": 45, "tagName": "meta", "time": 5806.408475, "url": "", "pos": 1, "chunkLen": 1, "isStartTag": 1}}
06-28 10:12:22.571 26415 26428 E WProf.db: {"WprofHTMLTag": {"code": "0xb4cc7cf0", "doc": "http://searchengineland.com/kobe-bryant-teach-succeeding-adwords-247865", "row": 73, "column": 45, "tagName": "meta", "time": 5806.408707, "url": "", "pos": 1, "chunkLen": 1, "isStartTag": 1}}
06-28 10:12:22.571 26415 26428 E WProf.db: {"WprofHTMLTag": {"code": "0xb4cc7d20", "doc": "http://searchengineland.com/kobe-bryant-teach-succeeding-adwords-247865", "row": 74, "column": 99, "tagName": "meta", "time": 5806.408823, "url": "", "pos": 1, "chunkLen": 1, "isStartTag": 1}}
06-28 10:12:22.571 26415 26428 E WProf.db: {"WprofHTMLTag": {"code": "0xb4cc7d50", "doc": "http://searchengineland.com/kobe-bryant-teach-succeeding-adwords-247865", "row": 75, "column": 187, "tagName": "meta", "time": 5806.408941, "url": "", "pos": 1, "chunkLen": 1, "isStartTag": 1}}
06-28 10:12:22.571 26415 26428 E WProf.db: {"WprofHTMLTag": {"code": "0xb4cc7d80", "doc": "http://searchengineland.com/kobe-bryant-teach-succeeding-adwords-247865", "row": 76, "column": 108, "tagName": "meta", "time": 5806.409047, "url": "", "pos": 1, "chunkLen": 1, "isStartTag": 1}}
06-28 10:12:22.571 26415 26428 E WProf.db: {"WprofHTMLTag": {"code": "0xb4cc7db0", "doc": "http://searchengineland.com/kobe-bryant-teach-succeeding-adwords-247865", "row": 77, "column": 61, "tagName": "meta", "time": 5806.409157, "url": "", "pos": 1, "chunkLen": 1, "isStartTag": 1}}
06-28 10:12:22.572 26415 26428 E WProf.db: {"WprofHTMLTag": {"code": "0xb4cc7de0", "doc": "http://searchengineland.com/kobe-bryant-teach-succeeding-adwords-247865", "row": 78, "column": 89, "tagName": "meta", "time": 5806.409264, "url": "", "pos": 1, "chunkLen": 1, "isStartTag": 1}}
06-28 10:12:22.572 26415 26428 E WProf.db: {"WprofHTMLTag": {"code": "0xb4cc7e10", "doc": "http://searchengineland.com/kobe-bryant-teach-succeeding-adwords-247865", "row": 79, "column": 58, "tagName": "meta", "time": 5806.409376, "url": "", "pos": 1, "chunkLen": 1, "isStartTag": 1}}
06-28 10:12:22.572 26415 26428 E WProf.db: {"WprofHTMLTag": {"code": "0xb4cc7e40", "doc": "http://searchengineland.com/kobe-bryant-teach-succeeding-adwords-247865", "row": 80, "column": 78, "tagName": "meta", "time": 5806.409489, "url": "", "pos": 1, "chunkLen": 1, "isStartTag": 1}}
06-28 10:12:22.572 26415 26428 E WProf.db: {"WprofHTMLTag": {"code": "0xb4cc7e70", "doc": "http://searchengineland.com/kobe-bryant-teach-succeeding-adwords-247865", "row": 81, "column": 77, "tagName": "meta", "time": 5806.409596, "url": "", "pos": 1, "chunkLen": 1, "isStartTag": 1}}
06-28 10:12:22.572 26415 26428 E WProf.db: {"WprofHTMLTag": {"code": "0xb4cc7ea0", "doc": "http://searchengineland.com/kobe-bryant-teach-succeeding-adwords-247865", "row": 82, "column": 71, "tagName": "meta", "time": 5806.409700, "url": "", "pos": 1, "chunkLen": 1, "isStartTag": 1}}
06-28 10:12:22.572 26415 26428 E WProf.db: {"WprofHTMLTag": {"code": "0xb4cc7ed0", "doc": "http://searchengineland.com/kobe-bryant-teach-succeeding-adwords-247865", "row": 83, "column": 135, "tagName": "meta", "time": 5806.409809, "url": "", "pos": 1, "chunkLen": 1, "isStartTag": 1}}
06-28 10:12:22.572 26415 26428 E WProf.db: {"WprofHTMLTag": {"code": "0xb4cc7f00", "doc": "http://searchengineland.com/kobe-bryant-teach-succeeding-adwords-247865", "row": 84, "column": 49, "tagName": "meta", "time": 5806.409925, "url": "", "pos": 1, "chunkLen": 1, "isStartTag": 1}}
06-28 10:12:22.572 26415 26428 E WProf.db: {"WprofHTMLTag": {"code": "0xb4cc7f30", "doc": "http://searchengineland.com/kobe-bryant-teach-succeeding-adwords-247865", "row": 85, "column": 50, "tagName": "meta", "time": 5806.411309, "url": "", "pos": 1, "chunkLen": 1, "isStartTag": 1}}
06-28 10:12:22.572 26415 26428 E WProf.db: {"WprofHTMLTag": {"code": "0xb4cc7f60", "doc": "http://searchengineland.com/kobe-bryant-teach-succeeding-adwords-247865", "row": 86, "column": 58, "tagName": "meta", "time": 5806.411460, "url": "", "pos": 1, "chunkLen": 1, "isStartTag": 1}}
06-28 10:12:22.572 26415 26428 E WProf.db: {"WprofHTMLTag": {"code": "0xb4cc7f90", "doc": "http://searchengineland.com/kobe-bryant-teach-succeeding-adwords-247865", "row": 87, "column": 188, "tagName": "meta", "time": 5806.411574, "url": "", "pos": 1, "chunkLen": 1, "isStartTag": 1}}
06-28 10:12:22.572 26415 26428 E WProf.db: {"WprofHTMLTag": {"code": "0xb4cc7fc0", "doc": "http://searchengineland.com/kobe-bryant-teach-succeeding-adwords-247865", "row": 88, "column": 100, "tagName": "meta", "time": 5806.411724, "url": "", "pos": 1, "chunkLen": 1, "isStartTag": 1}}
06-28 10:12:22.572 26415 26428 E WProf.db: {"WprofHTMLTag": {"code": "0xb4cc7ff0", "doc": "http://searchengineland.com/kobe-bryant-teach-succeeding-adwords-247865", "row": 89, "column": 51, "tagName": "meta", "time": 5806.411832, "url": "", "pos": 1, "chunkLen": 1, "isStartTag": 1}}
06-28 10:12:22.572 26415 26428 E WProf.db: {"WprofHTMLTag": {"code": "0xb4cc8020", "doc": "http://searchengineland.com/kobe-bryant-teach-succeeding-adwords-247865", "row": 90, "column": 136, "tagName": "meta", "time": 5806.413169, "url": "", "pos": 1, "chunkLen": 1, "isStartTag": 1}}
06-28 10:12:22.573 26415 26428 E WProf.db: {"WprofHTMLTag": {"code": "0xb4cc8050", "doc": "http://searchengineland.com/kobe-bryant-teach-succeeding-adwords-247865", "row": 91, "column": 55, "tagName": "meta", "time": 5806.413304, "url": "", "pos": 1, "chunkLen": 1, "isStartTag": 1}}
06-28 10:12:22.573 26415 26428 E WProf.db: {"WprofHTMLTag": {"code": "0xb4cc8080", "doc": "http://searchengineland.com/kobe-bryant-teach-succeeding-adwords-247865", "row": 94, "column": 44, "tagName": "link", "time": 5806.413435, "url": "http://s.w.org/", "pos": 1, "chunkLen": 1, "isStartTag": 1}}
06-28 10:12:22.573 26415 26428 E WProf.db: {"WprofHTMLTag": {"code": "0xb4cc80b0", "doc": "http://searchengineland.com/kobe-bryant-teach-succeeding-adwords-247865", "row": 95, "column": 33, "tagName": "script", "time": 5806.413717, "url": "", "pos": 1, "chunkLen": 1, "isStartTag": 1}}
06-28 10:12:22.573 26415 26428 E WProf.db: {"WprofHTMLTag": {"code": "0xb4cc80e0", "doc": "http://searchengineland.com/kobe-bryant-teach-succeeding-adwords-247865", "row": 98, "column": 11, "tagName": "script", "time": 5806.414069, "url": "http://searchengineland.com/figz/wp-includes/js/wp-emoji-release.min.js?ver=4.7.5", "pos": 1, "chunkLen": 1, "isStartTag": 0}}
06-28 10:12:22.573 26415 26428 E WProf.db: {"WprofHTMLTag": {"code": "0xaa1a65f0", "doc": "http://searchengineland.com/kobe-bryant-teach-succeeding-adwords-247865", "row": 99, "column": 25, "tagName": "style", "time": 5807.040634, "url": "", "pos": 1, "chunkLen": 1, "isStartTag": 1}}
06-28 10:12:22.573 26415 26428 E WProf.db: {"WprofHTMLTag": {"code": "0xaa1a6620", "doc": "http://searchengineland.com/kobe-bryant-teach-succeeding-adwords-247865", "row": 112, "column": 8, "tagName": "style", "time": 5807.040965, "url": "", "pos": 1, "chunkLen": 1, "isStartTag": 0}}
06-28 10:12:22.573 26415 26428 E WProf.db: {"WprofHTMLTag": {"code": "0xaa1a6650", "doc": "http://searchengineland.com/kobe-bryant-teach-succeeding-adwords-247865", "row": 113, "column": 140, "tagName": "script", "time": 5807.043448, "url": "http://searchengineland.com/figz/wp-content/themes/searchengineland/js/lib/modernizr.custom.js?ver=1.0", "pos": 1, "chunkLen": 1, "isStartTag": 1}}
06-28 10:12:22.573 26415 26428 E WProf.db: {"WprofHTMLTag": {"code": "0xaa1a6740", "doc": "http://searchengineland.com/kobe-bryant-teach-succeeding-adwords-247865", "row": 113, "column": 149, "tagName": "script", "time": 5807.043801, "url": "", "pos": 1, "chunkLen": 1, "isStartTag": 0}}
06-28 10:12:22.573 26415 26428 E WProf.db: {"WprofHTMLTag": {"code": "0x9cde3150", "doc": "http://searchengineland.com/kobe-bryant-teach-succeeding-adwords-247865", "row": 114, "column": 144, "tagName": "script", "time": 5807.055557, "url": "http://searchengineland.com/figz/wp-content/themes/searchengineland/js/lib/jquery-1.11.0.min.js?ver=1.11.0", "pos": 1, "chunkLen": 1, "isStartTag": 1}}
06-28 10:12:22.573 26415 26428 E WProf.db: {"WprofHTMLTag": {"code": "0xaa1a67d0", "doc": "http://searchengineland.com/kobe-bryant-teach-succeeding-adwords-247865", "row": 114, "column": 153, "tagName": "script", "time": 5807.055851, "url": "", "pos": 1, "chunkLen": 1, "isStartTag": 0}}
06-28 10:12:22.573 26415 26428 E WProf.db: {"WprofHTMLTag": {"code": "0x9cde48f0", "doc": "http://searchengineland.com/kobe-bryant-teach-succeeding-adwords-247865", "row": 0, "column": 15, "tagName": "div", "time": 5807.154155, "url": "", "pos": 15, "chunkLen": 44, "isStartTag": 1}}
06-28 10:12:22.573 26415 26428 E WProf.db: {"WprofHTMLTag": {"code": "0x9cde48c0", "doc": "http://searchengineland.com/kobe-bryant-teach-succeeding-adwords-247865", "row": 0, "column": 21, "tagName": "div", "time": 5807.154304, "url": "", "pos": 21, "chunkLen": 44, "isStartTag": 0}}
06-28 10:12:22.573 26415 26428 E WProf.db: {"WprofHTMLTag": {"code": "0x9cde3510", "doc": "http://searchengineland.com/kobe-bryant-teach-succeeding-adwords-247865", "row": 0, "column": 38, "tagName": "div", "time": 5807.154376, "url": "", "pos": 38, "chunkLen": 44, "isStartTag": 1}}
06-28 10:12:22.574 26415 26428 E WProf.db: {"WprofHTMLTag": {"code": "0x9cde3270", "doc": "http://searchengineland.com/kobe-bryant-teach-succeeding-adwords-247865", "row": 0, "column": 44, "tagName": "div", "time": 5807.154495, "url": "", "pos": 44, "chunkLen": 44, "isStartTag": 0}}
06-28 10:12:22.574 26415 26428 E WProf.db: {"WprofHTMLTag": {"code": "0x9cde34e0", "doc": "http://searchengineland.com/kobe-bryant-teach-succeeding-adwords-247865", "row": 0, "column": 13, "tagName": "select", "time": 5807.156096, "url": "", "pos": 13, "chunkLen": 51, "isStartTag": 1}}
06-28 10:12:22.574 26415 26428 E WProf.db: {"WprofHTMLTag": {"code": "0x9cde3480", "doc": "http://searchengineland.com/kobe-bryant-teach-succeeding-adwords-247865", "row": 0, "column": 33, "tagName": "option", "time": 5807.156281, "url": "", "pos": 33, "chunkLen": 51, "isStartTag": 1}}
06-28 10:12:22.574 26415 26428 E WProf.db: {"WprofHTMLTag": {"code": "0x9cde34b0", "doc": "http://searchengineland.com/kobe-bryant-teach-succeeding-adwords-247865", "row": 0, "column": 42, "tagName": "option", "time": 5807.156465, "url": "", "pos": 42, "chunkLen": 51, "isStartTag": 0}}
06-28 10:12:22.574 26415 26428 E WProf.db: {"WprofHTMLTag": {"code": "0x9cde31e0", "doc": "http://searchengineland.com/kobe-bryant-teach-succeeding-adwords-247865", "row": 0, "column": 51, "tagName": "select", "time": 5807.156520, "url": "", "pos": 51, "chunkLen": 51, "isStartTag": 0}}
06-28 10:12:22.574 26415 26428 E WProf.db: {"WprofHTMLTag": {"code": "0x9cde3210", "doc": "http://searchengineland.com/kobe-bryant-teach-succeeding-adwords-247865", "row": 0, "column": 12, "tagName": "a", "time": 5807.162000, "url": "", "pos": 12, "chunkLen": 16, "isStartTag": 1}}
06-28 10:12:22.574 26415 26428 E WProf.db: {"WprofHTMLTag": {"code": "0x9cde32a0", "doc": "http://searchengineland.com/kobe-bryant-teach-succeeding-adwords-247865", "row": 0, "column": 16, "tagName": "a", "time": 5807.162156, "url": "", "pos": 16, "chunkLen": 16, "isStartTag": 0}}
06-28 10:12:22.574 26415 26428 E WProf.db: {"WprofHTMLTag": {"code": "0x9cde32d0", "doc": "http://searchengineland.com/kobe-bryant-teach-succeeding-adwords-247865", "row": 0, "column": 8, "tagName": "input", "time": 5807.163184, "url": "", "pos": 8, "chunkLen": 8, "isStartTag": 1}}
06-28 10:12:22.574 26415 26428 E WProf.db: {"WprofHTMLTag": {"code": "0x9cde3360", "doc": "http://searchengineland.com/kobe-bryant-teach-succeeding-adwords-247865", "row": 0, "column": 9, "tagName": "link", "time": 5807.172669, "url": "", "pos": 9, "chunkLen": 42, "isStartTag": 1}}
06-28 10:12:22.574 26415 26428 E WProf.db: {"WprofHTMLTag": {"code": "0x9cde3390", "doc": "http://searchengineland.com/kobe-bryant-teach-succeeding-adwords-247865", "row": 0, "column": 16, "tagName": "table", "time": 5807.172785, "url": "", "pos": 16, "chunkLen": 42, "isStartTag": 1}}
06-28 10:12:22.574 26415 26428 E WProf.db: {"WprofHTMLTag": {"code": "0x9cde3420", "doc": "http://searchengineland.com/kobe-bryant-teach-succeeding-adwords-247865", "row": 0, "column": 24, "tagName": "table", "time": 5807.172903, "url": "", "pos": 24, "chunkLen": 42, "isStartTag": 0}}
06-28 10:12:22.574 26415 26428 E WProf.db: {"WprofHTMLTag": {"code": "0x9cde3450", "doc": "http://searchengineland.com/kobe-bryant-teach-succeeding-adwords-247865", "row": 0, "column": 37, "tagName": "a", "time": 5807.172968, "url": "", "pos": 37, "chunkLen": 42, "isStartTag": 1}}
06-28 10:12:22.574 26415 26428 E WProf.db: {"WprofHTMLTag": {"code": "0xaa1a6800", "doc": "http://searchengineland.com/kobe-bryant-teach-succeeding-adwords-247865", "row": 0, "column": 42, "tagName": "a", "time": 5807.173139, "url": "", "pos": 42, "chunkLen": 42, "isStartTag": 0}}
06-28 10:12:22.575 26415 26428 E WProf.db: {"WprofHTMLTag": {"code": "0xaa1a6890", "doc": "http://searchengineland.com/kobe-bryant-teach-succeeding-adwords-247865", "row": 0, "column": 10, "tagName": "textarea", "time": 5807.174309, "url": "", "pos": 10, "chunkLen": 22, "isStartTag": 1}}
06-28 10:12:22.575 26415 26428 E WProf.db: {"WprofHTMLTag": {"code": "0xaa1a68c0", "doc": "http://searchengineland.com/kobe-bryant-teach-succeeding-adwords-247865", "row": 0, "column": 22, "tagName": "textarea", "time": 5807.174510, "url": "", "pos": 22, "chunkLen": 22, "isStartTag": 0}}
06-28 10:12:22.575 26415 26428 E WProf.db: {"WprofHTMLTag": {"code": "0xaa1a68f0", "doc": "http://searchengineland.com/kobe-bryant-teach-succeeding-adwords-247865", "row": 0, "column": 48, "tagName": "input", "time": 5807.175592, "url": "", "pos": 48, "chunkLen": 48, "isStartTag": 1}}
06-28 10:12:22.575 26415 26428 E WProf.db: {"WprofHTMLTag": {"code": "0xaa1a6950", "doc": "http://searchengineland.com/kobe-bryant-teach-succeeding-adwords-247865", "row": 0, "column": 9, "tagName": "link", "time": 5807.180992, "url": "", "pos": 9, "chunkLen": 66, "isStartTag": 1}}
06-28 10:12:22.575 26415 26428 E WProf.db: {"WprofHTMLTag": {"code": "0xaa1a6980", "doc": "http://searchengineland.com/kobe-bryant-teach-succeeding-adwords-247865", "row": 0, "column": 16, "tagName": "table", "time": 5807.181109, "url": "", "pos": 16, "chunkLen": 66, "isStartTag": 1}}
06-28 10:12:22.575 26415 26428 E WProf.db: {"WprofHTMLTag": {"code": "0xaa1a69b0", "doc": "http://searchengineland.com/kobe-bryant-teach-succeeding-adwords-247865", "row": 0, "column": 24, "tagName": "table", "time": 5807.181187, "url": "", "pos": 24, "chunkLen": 66, "isStartTag": 0}}
06-28 10:12:22.578 26415 26428 E WProf.db: {"WprofHTMLTag": {"code": "0xaa1a69e0", "doc": "http://searchengineland.com/kobe-bryant-teach-succeeding-adwords-247865", "row": 0, "column": 37, "tagName": "a", "time": 5807.181253, "url": "", "pos": 37, "chunkLen": 66, "isStartTag": 1}}
06-28 10:12:22.578 26415 26428 E WProf.db: {"WprofHTMLTag": {"code": "0xaa1a6a10", "doc": "http://searchengineland.com/kobe-bryant-teach-succeeding-adwords-247865", "row": 0, "column": 42, "tagName": "a", "time": 5807.181450, "url": "", "pos": 42, "chunkLen": 66, "isStartTag": 0}}
06-28 10:12:22.578 26415 26428 E WProf.db: {"WprofHTMLTag": {"code": "0xaa1a6a40", "doc": "http://searchengineland.com/kobe-bryant-teach-succeeding-adwords-247865", "row": 0, "column": 66, "tagName": "input", "time": 5807.181515, "url": "", "pos": 66, "chunkLen": 66, "isStartTag": 1}}
06-28 10:12:22.578 26415 26428 E WProf.db: {"WprofHTMLTag": {"code": "0xaa1a6ad0", "doc": "http://searchengineland.com/kobe-bryant-teach-succeeding-adwords-247865", "row": 0, "column": 9, "tagName": "link", "time": 5807.183390, "url": "", "pos": 9, "chunkLen": 66, "isStartTag": 1}}
06-28 10:12:22.578 26415 26428 E WProf.db: {"WprofHTMLTag": {"code": "0xaa1a6b00", "doc": "http://searchengineland.com/kobe-bryant-teach-succeeding-adwords-247865", "row": 0, "column": 16, "tagName": "table", "time": 5807.183505, "url": "", "pos": 16, "chunkLen": 66, "isStartTag": 1}}
06-28 10:12:22.578 26415 26428 E WProf.db: {"WprofHTMLTag": {"code": "0xaa1a6b30", "doc": "http://searchengineland.com/kobe-bryant-teach-succeeding-adwords-247865", "row": 0, "column": 24, "tagName": "table", "time": 5807.183575, "url": "", "pos": 24, "chunkLen": 66, "isStartTag": 0}}
06-28 10:12:22.578 26415 26428 E WProf.db: {"WprofHTMLTag": {"code": "0xaa1a6b60", "doc": "http://searchengineland.com/kobe-bryant-teach-succeeding-adwords-247865", "row": 0, "column": 37, "tagName": "a", "time": 5807.183637, "url": "", "pos": 37, "chunkLen": 66, "isStartTag": 1}}
06-28 10:12:22.578 26415 26428 E WProf.db: {"WprofHTMLTag": {"code": "0xaa1a6b90", "doc": "http://searchengineland.com/kobe-bryant-teach-succeeding-adwords-247865", "row": 0, "column": 42, "tagName": "a", "time": 5807.183801, "url": "", "pos": 42, "chunkLen": 66, "isStartTag": 0}}
06-28 10:12:22.579 26415 26428 E WProf.db: {"WprofHTMLTag": {"code": "0xaa1a6bc0", "doc": "http://searchengineland.com/kobe-bryant-teach-succeeding-adwords-247865", "row": 0, "column": 66, "tagName": "input", "time": 5807.183862, "url": "", "pos": 66, "chunkLen": 66, "isStartTag": 1}}
06-28 10:12:22.579 26415 26428 E WProf.db: {"WprofHTMLTag": {"code": "0xaa1a6c20", "doc": "http://searchengineland.com/kobe-bryant-teach-succeeding-adwords-247865", "row": 0, "column": 9, "tagName": "link", "time": 5807.188133, "url": "", "pos": 9, "chunkLen": 66, "isStartTag": 1}}
06-28 10:12:22.579 26415 26428 E WProf.db: {"WprofHTMLTag": {"code": "0xaa1a6c50", "doc": "http://searchengineland.com/kobe-bryant-teach-succeeding-adwords-247865", "row": 0, "column": 16, "tagName": "table", "time": 5807.188248, "url": "", "pos": 16, "chunkLen": 66, "isStartTag": 1}}
06-28 10:12:22.579 26415 26428 E WProf.db: {"WprofHTMLTag": {"code": "0xaa1a6c80", "doc": "http://searchengineland.com/kobe-bryant-teach-succeeding-adwords-247865", "row": 0, "column": 24, "tagName": "table", "time": 5807.188325, "url": "", "pos": 24, "chunkLen": 66, "isStartTag": 0}}
06-28 10:12:22.579 26415 26428 E WProf.db: {"WprofHTMLTag": {"code": "0xaa1a6cb0", "doc": "http://searchengineland.com/kobe-bryant-teach-succeeding-adwords-247865", "row": 0, "column": 37, "tagName": "a", "time": 5807.188394, "url": "", "pos": 37, "chunkLen": 66, "isStartTag": 1}}
06-28 10:12:22.579 26415 26428 E WProf.db: {"WprofHTMLTag": {"code": "0xaa1a6ce0", "doc": "http://searchengineland.com/kobe-bryant-teach-succeeding-adwords-247865", "row": 0, "column": 42, "tagName": "a", "time": 5807.188560, "url": "", "pos": 42, "chunkLen": 66, "isStartTag": 0}}
06-28 10:12:22.579 26415 26428 E WProf.db: {"WprofHTMLTag": {"code": "0xaa1a6d10", "doc": "http://searchengineland.com/kobe-bryant-teach-succeeding-adwords-247865", "row": 0, "column": 66, "tagName": "input", "time": 5807.188626, "url": "", "pos": 66, "chunkLen": 66, "isStartTag": 1}}
06-28 10:12:22.579 26415 26428 E WProf.db: {"WprofHTMLTag": {"code": "0xaa1a6e30", "doc": "http://searchengineland.com/kobe-bryant-teach-succeeding-adwords-247865", "row": 115, "column": 154, "tagName": "script", "time": 5807.201635, "url": "http://searchengineland.com/figz/wp-content/themes/searchengineland/js/lib/jquery-ui-1.10.3.custom.min.js?ver=1.10.3", "pos": 67, "chunkLen": 67, "isStartTag": 1}}
06-28 10:12:22.579 26415 26428 E WProf.db: {"WprofHTMLTag": {"code": "0xaa1a6e60", "doc": "http://searchengineland.com/kobe-bryant-teach-succeeding-adwords-247865", "row": 115, "column": 163, "tagName": "script", "time": 5807.201882, "url": "", "pos": 67, "chunkLen": 67, "isStartTag": 0}}
06-28 10:12:22.579 26415 26428 E WProf.db: {"WprofHTMLTag": {"code": "0xaa1a6ef0", "doc": "http://searchengineland.com/kobe-bryant-teach-succeeding-adwords-247865", "row": 0, "column": 111, "tagName": "div", "time": 5807.395565, "url": "", "pos": 111, "chunkLen": 117, "isStartTag": 1}}
