06-28 11:44:43.577 26079 26124 E chromium: [ERROR:gles2_cmd_decoder.cc(3852)] [.ChromiumCompositor-0xacbb34c0]GL ERROR :GL_INVALID_ENUM : glDiscardFramebufferEXT: attachments was GL_COLOR_EXT
06-28 11:44:43.586 26144 26157 E WPROF   : {"Javascript": {"url": "https://3p.ampproject.net/1498506512561/f.js", "requestTime": 11360.642189}}
06-28 11:44:43.594 26079 26124 E chromium: [ERROR:gles2_cmd_decoder.cc(3852)] [.ChromiumCompositor-0xacbb34c0]GL ERROR :GL_INVALID_ENUM : glDiscardFramebufferEXT: attachments was GL_COLOR_EXT
06-28 11:44:43.610 26079 26124 E chromium: [ERROR:gles2_cmd_decoder.cc(3852)] [.ChromiumCompositor-0xacbb34c0]GL ERROR :GL_INVALID_ENUM : glDiscardFramebufferEXT: attachments was GL_COLOR_EXT
06-28 11:44:43.620 26079 26124 E chromium: [ERROR:gles2_cmd_decoder.cc(3852)] [.ChromiumCompositor-0xacbb34c0]GL ERROR :GL_INVALID_ENUM : glDiscardFramebufferEXT: attachments was GL_COLOR_EXT
06-28 11:44:43.630 26079 26124 E chromium: [ERROR:gles2_cmd_decoder.cc(3852)] [.ChromiumCompositor-0xacbb34c0]GL ERROR :GL_INVALID_ENUM : glDiscardFramebufferEXT: attachments was GL_COLOR_EXT
06-28 11:44:43.643 26079 26124 E chromium: [ERROR:gles2_cmd_decoder.cc(3852)] [.ChromiumCompositor-0xacbb34c0]GL ERROR :GL_INVALID_ENUM : glDiscardFramebufferEXT: attachments was GL_COLOR_EXT
06-28 11:44:43.656 26079 26124 E chromium: [ERROR:gles2_cmd_decoder.cc(3852)] [.ChromiumCompositor-0xacbb34c0]GL ERROR :GL_INVALID_ENUM : glDiscardFramebufferEXT: attachments was GL_COLOR_EXT
06-28 11:44:43.684 26079 26124 E chromium: [ERROR:gles2_cmd_decoder.cc(3852)] [.ChromiumCompositor-0xacbb34c0]GL ERROR :GL_INVALID_ENUM : glDiscardFramebufferEXT: attachments was GL_COLOR_EXT
06-28 11:44:43.692 26079 26124 E chromium: [ERROR:gles2_cmd_decoder.cc(3852)] [.ChromiumCompositor-0xacbb34c0]GL ERROR :GL_INVALID_ENUM : glDiscardFramebufferEXT: attachments was GL_COLOR_EXT
06-28 11:44:43.721 26079 26124 E chromium: [ERROR:gles2_cmd_decoder.cc(3852)] [.ChromiumCompositor-0xacbb34c0]GL ERROR :GL_INVALID_ENUM : glDiscardFramebufferEXT: attachments was GL_COLOR_EXT
06-28 11:44:43.737 26079 26124 E chromium: [ERROR:gles2_cmd_decoder.cc(3852)] [.ChromiumCompositor-0xacbb34c0]GL ERROR :GL_INVALID_ENUM : glDiscardFramebufferEXT: attachments was GL_COLOR_EXT
06-28 11:44:43.748 26079 26124 E chromium: [ERROR:gles2_cmd_decoder.cc(3852)] [.ChromiumCompositor-0xacbb34c0]GL ERROR :GL_INVALID_ENUM : glDiscardFramebufferEXT: attachments was GL_COLOR_EXT
06-28 11:44:43.758 26079 26124 E chromium: [ERROR:gles2_cmd_decoder.cc(3852)] [.ChromiumCompositor-0xacbb34c0]GL ERROR :GL_INVALID_ENUM : glDiscardFramebufferEXT: attachments was GL_COLOR_EXT
06-28 11:44:43.787 26079 26124 E chromium: [ERROR:gles2_cmd_decoder.cc(3852)] [.ChromiumCompositor-0xacbb34c0]GL ERROR :GL_INVALID_ENUM : glDiscardFramebufferEXT: attachments was GL_COLOR_EXT
06-28 11:44:43.804 26079 26124 E chromium: [ERROR:gles2_cmd_decoder.cc(3852)] [.ChromiumCompositor-0xacbb34c0]GL ERROR :GL_INVALID_ENUM : glDiscardFramebufferEXT: attachments was GL_COLOR_EXT
06-28 11:44:43.810 26079 26124 E chromium: [ERROR:gles2_cmd_decoder.cc(3852)] [.ChromiumCompositor-0xacbb34c0]GL ERROR :GL_INVALID_ENUM : glDiscardFramebufferEXT: attachments was GL_COLOR_EXT
06-28 11:44:43.822 26079 26124 E chromium: [ERROR:gles2_cmd_decoder.cc(3852)] [.ChromiumCompositor-0xacbb34c0]GL ERROR :GL_INVALID_ENUM : glDiscardFramebufferEXT: attachments was GL_COLOR_EXT
06-28 11:44:43.852 26079 26124 E chromium: [ERROR:gles2_cmd_decoder.cc(3852)] [.ChromiumCompositor-0xacbb34c0]GL ERROR :GL_INVALID_ENUM : glDiscardFramebufferEXT: attachments was GL_COLOR_EXT
06-28 11:44:43.860 26079 26124 E chromium: [ERROR:gles2_cmd_decoder.cc(3852)] [.ChromiumCompositor-0xacbb34c0]GL ERROR :GL_INVALID_ENUM : glDiscardFramebufferEXT: attachments was GL_COLOR_EXT
06-28 11:44:43.876 26079 26124 E chromium: [ERROR:gles2_cmd_decoder.cc(3852)] [.ChromiumCompositor-0xacbb34c0]GL ERROR :GL_INVALID_ENUM : glDiscardFramebufferEXT: attachments was GL_COLOR_EXT
06-28 11:44:43.889 26079 26124 E chromium: [ERROR:gles2_cmd_decoder.cc(3852)] [.ChromiumCompositor-0xacbb34c0]GL ERROR :GL_INVALID_ENUM : glDiscardFramebufferEXT: attachments was GL_COLOR_EXT
06-28 11:44:43.904 26079 26124 E chromium: [ERROR:gles2_cmd_decoder.cc(3852)] [.ChromiumCompositor-0xacbb34c0]GL ERROR :GL_INVALID_ENUM : glDiscardFramebufferEXT: attachments was GL_COLOR_EXT
06-28 11:44:43.920 26079 26124 E chromium: [ERROR:gles2_cmd_decoder.cc(3852)] [.ChromiumCompositor-0xacbb34c0]GL ERROR :GL_INVALID_ENUM : glDiscardFramebufferEXT: attachments was GL_COLOR_EXT
06-28 11:44:43.937 26079 26124 E chromium: [ERROR:gles2_cmd_decoder.cc(3852)] [.ChromiumCompositor-0xacbb34c0]GL ERROR :GL_INVALID_ENUM : glDiscardFramebufferEXT: attachments was GL_COLOR_EXT
06-28 11:44:43.971 26079 26124 E chromium: [ERROR:gles2_cmd_decoder.cc(3852)] [.ChromiumCompositor-0xacbb34c0]GL ERROR :GL_INVALID_ENUM : glDiscardFramebufferEXT: attachments was GL_COLOR_EXT
06-28 11:44:43.977 26079 26124 E chromium: [ERROR:gles2_cmd_decoder.cc(3852)] [.ChromiumCompositor-0xacbb34c0]GL ERROR :GL_INVALID_ENUM : glDiscardFramebufferEXT: attachments was GL_COLOR_EXT
06-28 11:44:43.995 26079 26124 E chromium: [ERROR:gles2_cmd_decoder.cc(3852)] [.ChromiumCompositor-0xacbb34c0]GL ERROR :GL_INVALID_ENUM : glDiscardFramebufferEXT: attachments was GL_COLOR_EXT
06-28 11:44:44.009 26079 26124 E chromium: [ERROR:gles2_cmd_decoder.cc(3852)] [.ChromiumCompositor-0xacbb34c0]GL ERROR :GL_INVALID_ENUM : glDiscardFramebufferEXT: attachments was GL_COLOR_EXT
06-28 11:44:44.035 26079 26124 E chromium: [ERROR:gles2_cmd_decoder.cc(3852)] [.ChromiumCompositor-0xacbb34c0]GL ERROR :GL_INVALID_ENUM : glDiscardFramebufferEXT: attachments was GL_COLOR_EXT
06-28 11:44:44.041 26079 26124 E chromium: [ERROR:gles2_cmd_decoder.cc(3852)] [.ChromiumCompositor-0xacbb34c0]GL ERROR :GL_INVALID_ENUM : glDiscardFramebufferEXT: attachments was GL_COLOR_EXT
06-28 11:44:44.057 26079 26124 E chromium: [ERROR:gles2_cmd_decoder.cc(3852)] [.ChromiumCompositor-0xacbb34c0]GL ERROR :GL_INVALID_ENUM : glDiscardFramebufferEXT: attachments was GL_COLOR_EXT
06-28 11:44:44.090 26079 26124 E chromium: [ERROR:gles2_cmd_decoder.cc(3852)] [.ChromiumCompositor-0xacbb34c0]GL ERROR :GL_INVALID_ENUM : glDiscardFramebufferEXT: attachments was GL_COLOR_EXT
06-28 11:44:44.095 26079 26124 E chromium: [ERROR:gles2_cmd_decoder.cc(3852)] [.ChromiumCompositor-0xacbb34c0]GL ERROR :GL_INVALID_ENUM : glDiscardFramebufferEXT: attachments was GL_COLOR_EXT
06-28 11:44:44.108 26079 26124 E chromium: [ERROR:gles2_cmd_decoder.cc(3852)] [.ChromiumCompositor-0xacbb34c0]GL ERROR :GL_INVALID_ENUM : glDiscardFramebufferEXT: attachments was GL_COLOR_EXT
06-28 11:44:44.126 26079 26124 E chromium: [ERROR:gles2_cmd_decoder.cc(3852)] [.ChromiumCompositor-0xacbb34c0]GL ERROR :GL_INVALID_ENUM : glDiscardFramebufferEXT: attachments was GL_COLOR_EXT
06-28 11:44:44.137 26144 26157 E WPROF   : {"Javascript": {"url": "https://securepubads.g.doubleclick.net/static/glade.js", "requestTime": 11361.192210}}
06-28 11:44:44.152 26079 26124 E chromium: [ERROR:gles2_cmd_decoder.cc(3852)] [.ChromiumCompositor-0xacbb34c0]GL ERROR :GL_INVALID_ENUM : glDiscardFramebufferEXT: attachments was GL_COLOR_EXT
06-28 11:44:44.158 26079 26124 E chromium: [ERROR:gles2_cmd_decoder.cc(3852)] [.ChromiumCompositor-0xacbb34c0]GL ERROR :GL_INVALID_ENUM : glDiscardFramebufferEXT: attachments was GL_COLOR_EXT
06-28 11:44:44.197 26079 26124 E chromium: [ERROR:gles2_cmd_decoder.cc(3852)] [.ChromiumCompositor-0xacbb34c0]GL ERROR :GL_INVALID_ENUM : glDiscardFramebufferEXT: attachments was GL_COLOR_EXT
06-28 11:44:44.212 26079 26124 E chromium: [ERROR:gles2_cmd_decoder.cc(3852)] [.ChromiumCompositor-0xacbb34c0]GL ERROR :GL_INVALID_ENUM : glDiscardFramebufferEXT: attachments was GL_COLOR_EXT
06-28 11:44:44.216 26079 26124 E chromium: [ERROR:gles2_cmd_decoder.cc(3852)] [.ChromiumCompositor-0xacbb34c0]GL ERROR :GL_INVALID_ENUM : glDiscardFramebufferEXT: attachments was GL_COLOR_EXT
06-28 11:44:44.226 26079 26124 E chromium: [ERROR:gles2_cmd_decoder.cc(3852)] [.ChromiumCompositor-0xacbb34c0]GL ERROR :GL_INVALID_ENUM : glDiscardFramebufferEXT: attachments was GL_COLOR_EXT
06-28 11:44:44.255 26079 26124 E chromium: [ERROR:gles2_cmd_decoder.cc(3852)] [.ChromiumCompositor-0xacbb34c0]GL ERROR :GL_INVALID_ENUM : glDiscardFramebufferEXT: attachments was GL_COLOR_EXT
06-28 11:44:44.265 26079 26124 E chromium: [ERROR:gles2_cmd_decoder.cc(3852)] [.ChromiumCompositor-0xacbb34c0]GL ERROR :GL_INVALID_ENUM : glDiscardFramebufferEXT: attachments was GL_COLOR_EXT
06-28 11:44:44.279 26079 26124 E chromium: [ERROR:gles2_cmd_decoder.cc(3852)] [.ChromiumCompositor-0xacbb34c0]GL ERROR :GL_INVALID_ENUM : glDiscardFramebufferEXT: attachments was GL_COLOR_EXT
06-28 11:44:44.308 26079 26124 E chromium: [ERROR:gles2_cmd_decoder.cc(3852)] [.ChromiumCompositor-0xacbb34c0]GL ERROR :GL_INVALID_ENUM : glDiscardFramebufferEXT: attachments was GL_COLOR_EXT
06-28 11:44:44.319 26079 26124 E chromium: [ERROR:gles2_cmd_decoder.cc(3852)] [.ChromiumCompositor-0xacbb34c0]GL ERROR :GL_INVALID_ENUM : glDiscardFramebufferEXT: attachments was GL_COLOR_EXT
06-28 11:44:44.339 26079 26124 E chromium: [ERROR:gles2_cmd_decoder.cc(3852)] [.ChromiumCompositor-0xacbb34c0]GL ERROR :GL_INVALID_ENUM : glDiscardFramebufferEXT: attachments was GL_COLOR_EXT
06-28 11:44:44.348 26079 26124 E chromium: [ERROR:gles2_cmd_decoder.cc(3852)] [.ChromiumCompositor-0xacbb34c0]GL ERROR :GL_INVALID_ENUM : glDiscardFramebufferEXT: attachments was GL_COLOR_EXT
06-28 11:44:44.361 26079 26124 E chromium: [ERROR:gles2_cmd_decoder.cc(3852)] [.ChromiumCompositor-0xacbb34c0]GL ERROR :GL_INVALID_ENUM : glDiscardFramebufferEXT: attachments was GL_COLOR_EXT
06-28 11:44:44.377 26079 26124 E chromium: [ERROR:gles2_cmd_decoder.cc(3852)] [.ChromiumCompositor-0xacbb34c0]GL ERROR :GL_INVALID_ENUM : glDiscardFramebufferEXT: attachments was GL_COLOR_EXT
06-28 11:44:44.398 26079 26124 E chromium: [ERROR:gles2_cmd_decoder.cc(3852)] [.ChromiumCompositor-0xacbb34c0]GL ERROR :GL_INVALID_ENUM : glDiscardFramebufferEXT: attachments was GL_COLOR_EXT
06-28 11:44:44.413 26079 26124 E chromium: [ERROR:gles2_cmd_decoder.cc(3852)] [.ChromiumCompositor-0xacbb34c0]GL ERROR :GL_INVALID_ENUM : glDiscardFramebufferEXT: attachments was GL_COLOR_EXT
06-28 11:44:44.430 26079 26124 E chromium: [ERROR:gles2_cmd_decoder.cc(3852)] [.ChromiumCompositor-0xacbb34c0]GL ERROR :GL_INVALID_ENUM : glDiscardFramebufferEXT: attachments was GL_COLOR_EXT
06-28 11:44:44.448 26079 26124 E chromium: [ERROR:gles2_cmd_decoder.cc(3852)] [.ChromiumCompositor-0xacbb34c0]GL ERROR :GL_INVALID_ENUM : glDiscardFramebufferEXT: attachments was GL_COLOR_EXT
06-28 11:44:44.468 26079 26124 E chromium: [ERROR:gles2_cmd_decoder.cc(3852)] [.ChromiumCompositor-0xacbb34c0]GL ERROR :GL_INVALID_ENUM : glDiscardFramebufferEXT: attachments was GL_COLOR_EXT
06-28 11:44:44.482 26079 26124 E chromium: [ERROR:gles2_cmd_decoder.cc(3852)] [.ChromiumCompositor-0xacbb34c0]GL ERROR :GL_INVALID_ENUM : glDiscardFramebufferEXT: attachments was GL_COLOR_EXT
06-28 11:44:44.503 26079 26124 E chromium: [ERROR:gles2_cmd_decoder.cc(3852)] [.ChromiumCompositor-0xacbb34c0]GL ERROR :GL_INVALID_ENUM : glDiscardFramebufferEXT: attachments was GL_COLOR_EXT
06-28 11:44:44.524 26079 26124 E chromium: [ERROR:gles2_cmd_decoder.cc(3852)] [.ChromiumCompositor-0xacbb34c0]GL ERROR :GL_INVALID_ENUM : glDiscardFramebufferEXT: attachments was GL_COLOR_EXT
06-28 11:44:44.542 26079 26124 E chromium: [ERROR:gles2_cmd_decoder.cc(3852)] [.ChromiumCompositor-0xacbb34c0]GL ERROR :GL_INVALID_ENUM : glDiscardFramebufferEXT: attachments was GL_COLOR_EXT
06-28 11:44:44.558 26079 26124 E chromium: [ERROR:gles2_cmd_decoder.cc(3852)] [.ChromiumCompositor-0xacbb34c0]GL ERROR :GL_INVALID_ENUM : glDiscardFramebufferEXT: attachments was GL_COLOR_EXT
06-28 11:44:44.574 26079 26124 E chromium: [ERROR:gles2_cmd_decoder.cc(3852)] [.ChromiumCompositor-0xacbb34c0]GL ERROR :GL_INVALID_ENUM : glDiscardFramebufferEXT: attachments was GL_COLOR_EXT
06-28 11:44:44.592 26079 26124 E chromium: [ERROR:gles2_cmd_decoder.cc(3852)] [.ChromiumCompositor-0xacbb34c0]GL ERROR :GL_INVALID_ENUM : glDiscardFramebufferEXT: attachments was GL_COLOR_EXT
06-28 11:44:44.610 26079 26124 E chromium: [ERROR:gles2_cmd_decoder.cc(3852)] [.ChromiumCompositor-0xacbb34c0]GL ERROR :GL_INVALID_ENUM : glDiscardFramebufferEXT: attachments was GL_COLOR_EXT
06-28 11:44:44.614 26144 26157 E WPROF   : {"Javascript": {"url": "https://securepubads.g.doubleclick.net/static/glade/extra_25.js", "requestTime": 11361.669312}}
06-28 11:44:44.640 26079 26124 E chromium: [ERROR:gles2_cmd_decoder.cc(3852)] [.ChromiumCompositor-0xacbb34c0]GL ERROR :GL_INVALID_ENUM : glDiscardFramebufferEXT: attachments was GL_COLOR_EXT
06-28 11:44:44.651 26079 26124 E chromium: [ERROR:gles2_cmd_decoder.cc(3852)] [.ChromiumCompositor-0xacbb34c0]GL ERROR :GL_INVALID_ENUM : glDiscardFramebufferEXT: attachments was GL_COLOR_EXT
06-28 11:44:44.659 26079 26124 E chromium: [ERROR:gles2_cmd_decoder.cc(3852)] [.ChromiumCompositor-0xacbb34c0]GL ERROR :GL_INVALID_ENUM : glDiscardFramebufferEXT: attachments was GL_COLOR_EXT
06-28 11:44:44.673 26079 26124 E chromium: [ERROR:gles2_cmd_decoder.cc(3852)] [.ChromiumCompositor-0xacbb34c0]GL ERROR :GL_INVALID_ENUM : glDiscardFramebufferEXT: attachments was GL_COLOR_EXT
06-28 11:44:44.690 26079 26124 E chromium: [ERROR:gles2_cmd_decoder.cc(3852)] [.ChromiumCompositor-0xacbb34c0]GL ERROR :GL_INVALID_ENUM : glDiscardFramebufferEXT: attachments was GL_COLOR_EXT
06-28 11:44:44.709 26079 26124 E chromium: [ERROR:gles2_cmd_decoder.cc(3852)] [.ChromiumCompositor-0xacbb34c0]GL ERROR :GL_INVALID_ENUM : glDiscardFramebufferEXT: attachments was GL_COLOR_EXT
06-28 11:44:44.728 26079 26124 E chromium: [ERROR:gles2_cmd_decoder.cc(3852)] [.ChromiumCompositor-0xacbb34c0]GL ERROR :GL_INVALID_ENUM : glDiscardFramebufferEXT: attachments was GL_COLOR_EXT
06-28 11:44:44.750 26079 26124 E chromium: [ERROR:gles2_cmd_decoder.cc(3852)] [.ChromiumCompositor-0xacbb34c0]GL ERROR :GL_INVALID_ENUM : glDiscardFramebufferEXT: attachments was GL_COLOR_EXT
06-28 11:44:44.768 26079 26124 E chromium: [ERROR:gles2_cmd_decoder.cc(3852)] [.ChromiumCompositor-0xacbb34c0]GL ERROR :GL_INVALID_ENUM : glDiscardFramebufferEXT: attachments was GL_COLOR_EXT
06-28 11:44:44.784 26079 26124 E chromium: [ERROR:gles2_cmd_decoder.cc(3852)] [.ChromiumCompositor-0xacbb34c0]GL ERROR :GL_INVALID_ENUM : glDiscardFramebufferEXT: attachments was GL_COLOR_EXT
06-28 11:44:44.800 26079 26124 E chromium: [ERROR:gles2_cmd_decoder.cc(3852)] [.ChromiumCompositor-0xacbb34c0]GL ERROR :GL_INVALID_ENUM : glDiscardFramebufferEXT: attachments was GL_COLOR_EXT
06-28 11:44:44.810 26079 26124 E chromium: [ERROR:gles2_cmd_decoder.cc(3852)] [.ChromiumCompositor-0xacbb34c0]GL ERROR :GL_INVALID_ENUM : glDiscardFramebufferEXT: attachments was GL_COLOR_EXT
06-28 11:44:44.834 26079 26124 E chromium: [ERROR:gles2_cmd_decoder.cc(3852)] [.ChromiumCompositor-0xacbb34c0]GL ERROR :GL_INVALID_ENUM : glDiscardFramebufferEXT: attachments was GL_COLOR_EXT
06-28 11:44:44.863 26079 26124 E chromium: [ERROR:gles2_cmd_decoder.cc(3852)] [.ChromiumCompositor-0xacbb34c0]GL ERROR :GL_INVALID_ENUM : glDiscardFramebufferEXT: attachments was GL_COLOR_EXT
06-28 11:44:44.878 26144 26157 E WPROF   : {"Javascript": {"url": "https://tpc.googlesyndication.com/pagead/js/r20170619/r20110914/client/ext/m_window_focus_non_hydra.js", "requestTime": 11361.933580}}
06-28 11:44:44.880 26079 26124 E chromium: [ERROR:gles2_cmd_decoder.cc(3852)] [.ChromiumCompositor-0xacbb34c0]GL ERROR :GL_INVALID_ENUM : glDiscardFramebufferEXT: attachments was GL_COLOR_EXT
06-28 11:44:44.881 26144 26157 E WPROF   : {"Javascript": {"url": "https://tpc.googlesyndication.com/pagead/js/r20170619/r20110914/activeview/osd_listener.js", "requestTime": 11361.936910}}
06-28 11:44:44.886 26079 26124 E chromium: [ERROR:gles2_cmd_decoder.cc(3852)] [.ChromiumCompositor-0xacbb34c0]GL ERROR :GL_INVALID_ENUM : glDiscardFramebufferEXT: attachments was GL_COLOR_EXT
06-28 11:44:44.895 26079 26124 E chromium: [ERROR:gles2_cmd_decoder.cc(3852)] [.ChromiumCompositor-0xacbb34c0]GL ERROR :GL_INVALID_ENUM : glDiscardFramebufferEXT: attachments was GL_COLOR_EXT
06-28 11:44:44.911 26079 26124 E chromium: [ERROR:gles2_cmd_decoder.cc(3852)] [.ChromiumCompositor-0xacbb34c0]GL ERROR :GL_INVALID_ENUM : glDiscardFramebufferEXT: attachments was GL_COLOR_EXT
06-28 11:44:44.926 26079 26124 E chromium: [ERROR:gles2_cmd_decoder.cc(3852)] [.ChromiumCompositor-0xacbb34c0]GL ERROR :GL_INVALID_ENUM : glDiscardFramebufferEXT: attachments was GL_COLOR_EXT
06-28 11:44:44.942 26079 26124 E chromium: [ERROR:gles2_cmd_decoder.cc(3852)] [.ChromiumCompositor-0xacbb34c0]GL ERROR :GL_INVALID_ENUM : glDiscardFramebufferEXT: attachments was GL_COLOR_EXT
06-28 11:44:44.947 26144 26157 E WPROF   : {"Javascript": {"url": "https://pagead2.googlesyndication.com/pagead/osd.js", "requestTime": 11362.003058}}
06-28 11:44:44.966 26079 26124 E chromium: [ERROR:gles2_cmd_decoder.cc(3852)] [.ChromiumCompositor-0xacbb34c0]GL ERROR :GL_INVALID_ENUM : glDiscardFramebufferEXT: attachments was GL_COLOR_EXT
06-28 11:44:44.979 26079 26124 E chromium: [ERROR:gles2_cmd_decoder.cc(3852)] [.ChromiumCompositor-0xacbb34c0]GL ERROR :GL_INVALID_ENUM : glDiscardFramebufferEXT: attachments was GL_COLOR_EXT
06-28 11:44:44.996 26079 26124 E chromium: [ERROR:gles2_cmd_decoder.cc(3852)] [.ChromiumCompositor-0xacbb34c0]GL ERROR :GL_INVALID_ENUM : glDiscardFramebufferEXT: attachments was GL_COLOR_EXT
06-28 11:44:45.047 26079 26124 E chromium: [ERROR:gles2_cmd_decoder.cc(3852)] [.ChromiumCompositor-0xacbb34c0]GL ERROR :GL_INVALID_ENUM : glDiscardFramebufferEXT: attachments was GL_COLOR_EXT
06-28 11:44:45.056 26079 26124 E chromium: [ERROR:gles2_cmd_decoder.cc(3852)] [.ChromiumCompositor-0xacbb34c0]GL ERROR :GL_INVALID_ENUM : glDiscardFramebufferEXT: attachments was GL_COLOR_EXT
06-28 11:44:45.068 26079 26124 E chromium: [ERROR:gles2_cmd_decoder.cc(3852)] [.ChromiumCompositor-0xacbb34c0]GL ERROR :GL_INVALID_ENUM : glDiscardFramebufferEXT: attachments was GL_COLOR_EXT
06-28 11:44:45.077 26079 26124 E chromium: [ERROR:gles2_cmd_decoder.cc(3852)] [.ChromiumCompositor-0xacbb34c0]GL ERROR :GL_INVALID_ENUM : glDiscardFramebufferEXT: attachments was GL_COLOR_EXT
06-28 11:44:45.097 26079 26124 E chromium: [ERROR:gles2_cmd_decoder.cc(3852)] [.ChromiumCompositor-0xacbb34c0]GL ERROR :GL_INVALID_ENUM : glDiscardFramebufferEXT: attachments was GL_COLOR_EXT
06-28 11:44:45.165 26079 26124 E chromium: [ERROR:gles2_cmd_decoder.cc(3852)] [.ChromiumCompositor-0xacbb34c0]GL ERROR :GL_INVALID_ENUM : glDiscardFramebufferEXT: attachments was GL_COLOR_EXT
06-28 11:44:45.179 26079 26124 E chromium: [ERROR:gles2_cmd_decoder.cc(3852)] [.ChromiumCompositor-0xacbb34c0]GL ERROR :GL_INVALID_ENUM : glDiscardFramebufferEXT: attachments was GL_COLOR_EXT
06-28 11:44:45.197 26079 26124 E chromium: [ERROR:gles2_cmd_decoder.cc(3852)] [.ChromiumCompositor-0xacbb34c0]GL ERROR :GL_INVALID_ENUM : glDiscardFramebufferEXT: attachments was GL_COLOR_EXT
06-28 11:44:45.214 26079 26124 E chromium: [ERROR:gles2_cmd_decoder.cc(3852)] [.ChromiumCompositor-0xacbb34c0]GL ERROR :GL_INVALID_ENUM : glDiscardFramebufferEXT: attachments was GL_COLOR_EXT
06-28 11:44:45.240 26079 26124 E chromium: [ERROR:gles2_cmd_decoder.cc(3852)] [.ChromiumCompositor-0xacbb34c0]GL ERROR :GL_INVALID_ENUM : glDiscardFramebufferEXT: attachments was GL_COLOR_EXT
06-28 11:44:45.250 26079 26124 E chromium: [ERROR:gles2_cmd_decoder.cc(3852)] [.ChromiumCompositor-0xacbb34c0]GL ERROR :GL_INVALID_ENUM : glDiscardFramebufferEXT: attachments was GL_COLOR_EXT
06-28 11:44:45.263 26079 26124 E chromium: [ERROR:gles2_cmd_decoder.cc(3852)] [.ChromiumCompositor-0xacbb34c0]GL ERROR :GL_INVALID_ENUM : glDiscardFramebufferEXT: attachments was GL_COLOR_EXT
06-28 11:44:45.278 26079 26124 E chromium: [ERROR:gles2_cmd_decoder.cc(3852)] [.ChromiumCompositor-0xacbb34c0]GL ERROR :GL_INVALID_ENUM : glDiscardFramebufferEXT: attachments was GL_COLOR_EXT
06-28 11:44:45.294 26079 26124 E chromium: [ERROR:gles2_cmd_decoder.cc(3852)] [.ChromiumCompositor-0xacbb34c0]GL ERROR :GL_INVALID_ENUM : glDiscardFramebufferEXT: attachments was GL_COLOR_EXT
06-28 11:44:45.310 26079 26124 E chromium: [ERROR:gles2_cmd_decoder.cc(3852)] [.ChromiumCompositor-0xacbb34c0]GL ERROR :GL_INVALID_ENUM : glDiscardFramebufferEXT: attachments was GL_COLOR_EXT
06-28 11:44:45.327 26079 26124 E chromium: [ERROR:gles2_cmd_decoder.cc(3852)] [.ChromiumCompositor-0xacbb34c0]GL ERROR :GL_INVALID_ENUM : glDiscardFramebufferEXT: attachments was GL_COLOR_EXT
06-28 11:44:45.345 26079 26124 E chromium: [ERROR:gles2_cmd_decoder.cc(3852)] [.ChromiumCompositor-0xacbb34c0]GL ERROR :GL_INVALID_ENUM : glDiscardFramebufferEXT: attachments was GL_COLOR_EXT
06-28 11:44:45.362 26079 26124 E chromium: [ERROR:gles2_cmd_decoder.cc(3852)] [.ChromiumCompositor-0xacbb34c0]GL ERROR :GL_INVALID_ENUM : glDiscardFramebufferEXT: attachments was GL_COLOR_EXT
06-28 11:44:45.378 26079 26124 E chromium: [ERROR:gles2_cmd_decoder.cc(3852)] [.ChromiumCompositor-0xacbb34c0]GL ERROR :GL_INVALID_ENUM : glDiscardFramebufferEXT: attachments was GL_COLOR_EXT
06-28 11:44:45.395 26079 26124 E chromium: [ERROR:gles2_cmd_decoder.cc(3852)] [.ChromiumCompositor-0xacbb34c0]GL ERROR :GL_INVALID_ENUM : glDiscardFramebufferEXT: attachments was GL_COLOR_EXT
06-28 11:44:45.412 26079 26124 E chromium: [ERROR:gles2_cmd_decoder.cc(3852)] [.ChromiumCompositor-0xacbb34c0]GL ERROR :GL_INVALID_ENUM : glDiscardFramebufferEXT: attachments was GL_COLOR_EXT
06-28 11:44:45.433 26079 26124 E chromium: [ERROR:gles2_cmd_decoder.cc(3852)] [.ChromiumCompositor-0xacbb34c0]GL ERROR :GL_INVALID_ENUM : glDiscardFramebufferEXT: attachments was GL_COLOR_EXT
06-28 11:44:45.483 26079 26124 E chromium: [ERROR:gles2_cmd_decoder.cc(3852)] [.ChromiumCompositor-0xacbb34c0]GL ERROR :GL_INVALID_ENUM : glDiscardFramebufferEXT: attachments was GL_COLOR_EXT
06-28 11:44:45.487 26079 26124 E chromium: [ERROR:logger.cc(46)] Too many GL errors, not reporting any more for this context. use --disable-gl-error-limit to see all errors.
06-28 11:44:45.543 26144 26157 E WProf.db: {"page": "d-3093613626799583190.ampproject.net_1498506512561_frame.html"}
06-28 11:44:45.543 26144 26157 E WProf.db: {"DOMLoad": 11362.599199}
06-28 11:44:45.544 26144 26157 E WProf.db: {"Resource": {"id": 30, "url": "https://ping.chartbeat.net/ping?h=searchengineland.com&p=%2Flearn-basics-programmatic-advertising-2-275356&u=IHXBnO5sKB6_hbodYHSzTIX2qiKShVHHI1wNpSz4s6pv4inG_EerBJIpG06AuSlW&d=searchengineland.com&g=&g0=&g1=&g2=&g3=&g4=&c=120&x=0&y=3404&j=30&R=1&W=0&I=0&E=0&r=&t=9671IHXBnO5sKB6_hbodYHSzTIX2qiKShVHHI", "sentTime": -1.000000, "len": 43, "from": "0x0", "mimeType": "image/gif", "contentLength": 43, "httpStatus": 200, "connId": 302, "connReused": 0, "cached": 0,"requestTime": 11359.143973, "proxyStart": -1, "proxyEnd": -1, "dnsStart": 65, "dnsEnd": 77, "connectStart": 0, "connectEnd": 994, "sendStart": 994, "sendEnd": 994, "receiveHeadersEnd": 1274, "sslStart": 354, "sslEnd": 993}}
06-28 11:44:45.544 26144 26157 E WProf.db: {"ReceivedChunk": {"receivedTime": 11360.426281, "len": 43}}
06-28 11:44:45.544 26144 26157 E WProf.db: {"Resource": {"id": 33, "url": "https://d-3093613626799583190.ampproject.net/1498506512561/frame.html", "sentTime": -1.000000, "len": 375, "from": "0x0", "mimeType": "text/html", "contentLength": -1, "httpStatus": 200, "connId": 348, "connReused": 0, "cached": 0,"requestTime": 11360.202329, "proxyStart": -1, "proxyEnd": -1, "dnsStart": 0, "dnsEnd": 0, "connectStart": 0, "connectEnd": 255, "sendStart": 255, "sendEnd": 256, "receiveHeadersEnd": 359, "sslStart": 52, "sslEnd": 255}}
06-28 11:44:45.544 26144 26157 E WProf.db: {"ReceivedChunk": {"receivedTime": 11360.576907, "len": 375}}
06-28 11:44:45.544 26144 26157 E WProf.db: {"WprofHTMLTag": {"code": "0x9cd7fdc0", "doc": "https://d-3093613626799583190.ampproject.net/1498506512561/frame.html", "row": 1, "column": 6, "tagName": "head", "time": 11360.633727, "url": "", "pos": 1, "chunkLen": 1, "isStartTag": 1}}
06-28 11:44:45.544 26144 26157 E WProf.db: {"WprofHTMLTag": {"code": "0x9cd7d180", "doc": "https://d-3093613626799583190.ampproject.net/1498506512561/frame.html", "row": 2, "column": 22, "tagName": "meta", "time": 11360.635074, "url": "", "pos": 1, "chunkLen": 1, "isStartTag": 1}}
06-28 11:44:45.544 26144 26157 E WProf.db: {"WprofHTMLTag": {"code": "0x9cd7f5e0", "doc": "https://d-3093613626799583190.ampproject.net/1498506512561/frame.html", "row": 3, "column": 38, "tagName": "meta", "time": 11360.635344, "url": "", "pos": 1, "chunkLen": 1, "isStartTag": 1}}
06-28 11:44:45.544 26144 26157 E WProf.db: {"WprofHTMLTag": {"code": "0x9cd7d240", "doc": "https://d-3093613626799583190.ampproject.net/1498506512561/frame.html", "row": 4, "column": 59, "tagName": "script", "time": 11360.635546, "url": "https://3p.ampproject.net/1498506512561/f.js", "pos": 1, "chunkLen": 1, "isStartTag": 1}}
06-28 11:44:45.544 26144 26157 E WProf.db: {"WprofHTMLTag": {"code": "0x9cd7f3d0", "doc": "https://d-3093613626799583190.ampproject.net/1498506512561/frame.html", "row": 4, "column": 68, "tagName": "script", "time": 11360.641224, "url": "", "pos": 1, "chunkLen": 1, "isStartTag": 0}}
06-28 11:44:45.544 26144 26157 E WProf.db: {"WprofHTMLTag": {"code": "0x9cd7fc40", "doc": "https://d-3093613626799583190.ampproject.net/1498506512561/frame.html", "row": 5, "column": 7, "tagName": "head", "time": 11361.168306, "url": "", "pos": 1, "chunkLen": 1, "isStartTag": 0}}
06-28 11:44:45.544 26144 26157 E WProf.db: {"WprofHTMLTag": {"code": "0x9cd7f340", "doc": "https://d-3093613626799583190.ampproject.net/1498506512561/frame.html", "row": 6, "column": 23, "tagName": "body", "time": 11361.168363, "url": "", "pos": 1, "chunkLen": 1, "isStartTag": 1}}
06-28 11:44:45.544 26144 26157 E WProf.db: {"WprofHTMLTag": {"code": "0x9cd7faf0", "doc": "https://d-3093613626799583190.ampproject.net/1498506512561/frame.html", "row": 7, "column": 69, "tagName": "div", "time": 11361.168831, "url": "", "pos": 1, "chunkLen": 1, "isStartTag": 1}}
06-28 11:44:45.545 26144 26157 E WProf.db: {"WprofHTMLTag": {"code": "0x9cd7f940", "doc": "https://d-3093613626799583190.ampproject.net/1498506512561/frame.html", "row": 8, "column": 10, "tagName": "script", "time": 11361.169077, "url": "", "pos": 1, "chunkLen": 1, "isStartTag": 1}}
06-28 11:44:45.545 26144 26157 E WProf.db: {"WprofHTMLTag": {"code": "0x9cd7fe80", "doc": "https://d-3093613626799583190.ampproject.net/1498506512561/frame.html", "row": 8, "column": 27, "tagName": "script", "time": 11361.169251, "url": "https://securepubads.g.doubleclick.net/static/glade.js", "pos": 1, "chunkLen": 1, "isStartTag": 0}}
06-28 11:44:45.545 26144 26157 E WProf.db: {"WprofHTMLTag": {"code": "0x9cd7fee0", "doc": "https://d-3093613626799583190.ampproject.net/1498506512561/frame.html", "row": 9, "column": 6, "tagName": "div", "time": 11361.195523, "url": "", "pos": 1, "chunkLen": 1, "isStartTag": 0}}
06-28 11:44:45.545 26144 26157 E WProf.db: {"WprofHTMLTag": {"code": "0x9cd7ff10", "doc": "https://d-3093613626799583190.ampproject.net/1498506512561/frame.html", "row": 10, "column": 8, "tagName": "script", "time": 11361.195558, "url": "", "pos": 1, "chunkLen": 1, "isStartTag": 1}}
06-28 11:44:45.545 26144 26157 E WProf.db: {"WprofHTMLTag": {"code": "0x9cd7fe50", "doc": "https://d-3093613626799583190.ampproject.net/1498506512561/frame.html", "row": 10, "column": 67, "tagName": "script", "time": 11361.195720, "url": "", "pos": 1, "chunkLen": 1, "isStartTag": 0}}
06-28 11:44:45.545 26144 26157 E WProf.db: {"WprofHTMLTag": {"code": "0x9cd7ff40", "doc": "https://d-3093613626799583190.ampproject.net/1498506512561/frame.html", "row": 11, "column": 7, "tagName": "body", "time": 11361.197091, "url": "", "pos": 1, "chunkLen": 1, "isStartTag": 0}}
06-28 11:44:45.545 26144 26157 E WProf.db: {"WprofHTMLTag": {"code": "0x9cd7ff70", "doc": "https://d-3093613626799583190.ampproject.net/1498506512561/frame.html", "row": 12, "column": 7, "tagName": "html", "time": 11361.197108, "url": "https://securepubads.g.doubleclick.net/static/glade/extra_25.js", "pos": 1, "chunkLen": 1, "isStartTag": 0}}
06-28 11:44:45.546 26144 26157 E WProf.db: {"Resource": {"id": 34, "url": "https://3p.ampproject.net/1498506512561/f.js", "sentTime": -1.000000, "len": 91779, "from": "0x9cd7d240", "mimeType": "text/javascript", "contentLength": -1, "httpStatus": 200, "connId": 399, "connReused": 0, "cached": 0,"requestTime": 11360.643904, "proxyStart": -1, "proxyEnd": -1, "dnsStart": 10, "dnsEnd": 11, "connectStart": 0, "connectEnd": 309, "sendStart": 309, "sendEnd": 309, "receiveHeadersEnd": 373, "sslStart": 74, "sslEnd": 308}}
06-28 11:44:45.546 26144 26157 E WProf.db: {"ReceivedChunk": {"receivedTime": 11361.024112, "len": 8664}}
06-28 11:44:45.546 26144 26157 E WProf.db: {"ReceivedChunk": {"receivedTime": 11361.024728, "len": 179}}
06-28 11:44:45.546 26144 26157 E WProf.db: {"ReceivedChunk": {"receivedTime": 11361.033362, "len": 32768}}
06-28 11:44:45.546 26144 26157 E WProf.db: {"ReceivedChunk": {"receivedTime": 11361.034845, "len": 668}}
06-28 11:44:45.546 26144 26157 E WProf.db: {"ReceivedChunk": {"receivedTime": 11361.035373, "len": 18427}}
06-28 11:44:45.546 26144 26157 E WProf.db: {"ReceivedChunk": {"receivedTime": 11361.036585, "len": 4122}}
06-28 11:44:45.546 26144 26157 E WProf.db: {"ReceivedChunk": {"receivedTime": 11361.075964, "len": 12970}}
06-28 11:44:45.546 26144 26157 E WProf.db: {"ReceivedChunk": {"receivedTime": 11361.076898, "len": 4742}}
06-28 11:44:45.546 26144 26157 E WProf.db: {"ReceivedChunk": {"receivedTime": 11361.077490, "len": 8496}}
06-28 11:44:45.546 26144 26157 E WProf.db: {"ReceivedChunk": {"receivedTime": 11361.078968, "len": 743}}
06-28 11:44:45.546 26144 26157 E WProf.db: {"Resource": {"id": 35, "url": "https://securepubads.g.doubleclick.net/static/glade.js", "sentTime": -1.000000, "len": 19455, "from": "0x9cd7fe80", "mimeType": "text/javascript", "contentLength": -1, "httpStatus": 200, "connId": 413, "connReused": 0, "cached": 0,"requestTime": 11361.194908, "proxyStart": -1, "proxyEnd": -1, "dnsStart": 11, "dnsEnd": 12, "connectStart": 0, "connectEnd": 246, "sendStart": 246, "sendEnd": 247, "receiveHeadersEnd": 350, "sslStart": 74, "sslEnd": 246}}
06-28 11:44:45.546 26144 26157 E WProf.db: {"ReceivedChunk": {"receivedTime": 11361.551839, "len": 5890}}
06-28 11:44:45.546 26144 26157 E WProf.db: {"ReceivedChunk": {"receivedTime": 11361.552502, "len": 13565}}
06-28 11:44:45.547 26144 26157 E WProf.db: {"Resource": {"id": 36, "url": "https://securepubads.g.doubleclick.net/gampad/ads?gdfp_req=1&glade_req=1&glv=25&output=html&iu=%2F1038259%2FSEL-amp-cube&sz=300x250&sfv=1-0-8&correlator=4132643921723392&eid=108809080&adk=2352184609&biw=412&bih=620&adx=56&ady=239&oid=3&u_sd=3.5&ifi=1&is_amp=1&amp_v=1498506512561&nhd=1&url=http%3A%2F", "sentTime": -1.000000, "len": 20185, "from": "0x9cd7ff70", "mimeType": "text/html", "contentLength": -1, "httpStatus": 200, "connId": 413, "connReused": 1, "cached": 0,"requestTime": 11361.657652, "proxyStart": -1, "proxyEnd": -1, "dnsStart": -1, "dnsEnd": -1, "connectStart": 0, "connectEnd": 22, "sendStart": 22, "sendEnd": 22, "receiveHeadersEnd": 153, "sslStart": -1, "sslEnd": -1}}
06-28 11:44:45.547 26144 26157 E WProf.db: {"ReceivedChunk": {"receivedTime": 11361.820221, "len": 3637}}
06-28 11:44:45.547 26144 26157 E WProf.db: {"ReceivedChunk": {"receivedTime": 11361.878018, "len": 11206}}
06-28 11:44:45.547 26144 26157 E WProf.db: {"ReceivedChunk": {"receivedTime": 11361.886988, "len": 5342}}
06-28 11:44:45.547 26144 26157 E WProf.db: {"WprofHTMLTag": {"code": "0xaa151690", "doc": "https://securepubads.g.doubleclick.net/gampad/ads?gdfp_req=1&glade_req=1&glv=25&output=html&iu=%2F1038259%2FSEL-amp-cube&sz=300x250&sfv=1-0-8&correlator=4132643921723392&eid=108809080&adk=2352184609&biw=412&bih=620&adx=56&ady=239&oid=3&u_sd=3.5&ifi=1&is_amp=1&amp_v=1498506512561&nhd=1&url=http%3A%2F", "row": 0, "column": 21, "tagName": "html", "time": 11361.895309, "url": "", "pos": 1, "chunkLen": 1, "isStartTag": 1}}
06-28 11:44:45.547 26144 26157 E WProf.db: {"WprofHTMLTag": {"code": "0x9cd7fdf0", "doc": "https://securepubads.g.doubleclick.net/gampad/ads?gdfp_req=1&glade_req=1&glv=25&output=html&iu=%2F1038259%2FSEL-amp-cube&sz=300x250&sfv=1-0-8&correlator=4132643921723392&eid=108809080&adk=2352184609&biw=412&bih=620&adx=56&ady=239&oid=3&u_sd=3.5&ifi=1&is_amp=1&amp_v=1498506512561&nhd=1&url=http%3A%2F", "row": 0, "column": 27, "tagName": "head", "time": 11361.895593, "url": "", "pos": 1, "chunkLen": 1, "isStartTag": 1}}
06-28 11:44:45.547 26144 26157 E WProf.db: {"WprofHTMLTag": {"code": "0x9cd7fbe0", "doc": "https://securepubads.g.doubleclick.net/gampad/ads?gdfp_req=1&glade_req=1&glv=25&output=html&iu=%2F1038259%2FSEL-amp-cube&sz=300x250&sfv=1-0-8&correlator=4132643921723392&eid=108809080&adk=2352184609&biw=412&bih=620&adx=56&ady=239&oid=3&u_sd=3.5&ifi=1&is_amp=1&amp_v=1498506512561&nhd=1&url=http%3A%2F", "row": 0, "column": 144, "tagName": "meta", "time": 11361.895664, "url": "", "pos": 1, "chunkLen": 1, "isStartTag": 1}}
06-28 11:44:45.547 26144 26157 E WProf.db: {"WprofHTMLTag": {"code": "0x9cd7fd90", "doc": "https://securepubads.g.doubleclick.net/gampad/ads?gdfp_req=1&glade_req=1&glv=25&output=html&iu=%2F1038259%2FSEL-amp-cube&sz=300x250&sfv=1-0-8&correlator=4132643921723392&eid=108809080&adk=2352184609&biw=412&bih=620&adx=56&ady=239&oid=3&u_sd=3.5&ifi=1&is_amp=1&amp_v=1498506512561&nhd=1&url=http%3A%2F", "row": 0, "column": 152, "tagName": "script", "time": 11361.896705, "url": "", "pos": 1, "chunkLen": 1, "isStartTag": 1}}
06-28 11:44:45.548 26144 26157 E WProf.db: {"WprofHTMLTag": {"code": "0x9cd7fd30", "doc": "https://securepubads.g.doubleclick.net/gampad/ads?gdfp_req=1&glade_req=1&glv=25&output=html&iu=%2F1038259%2FSEL-amp-cube&sz=300x250&sfv=1-0-8&correlator=4132643921723392&eid=108809080&adk=2352184609&biw=412&bih=620&adx=56&ady=239&oid=3&u_sd=3.5&ifi=1&is_amp=1&amp_v=1498506512561&nhd=1&url=http%3A%2F", "row": 0, "column": 195, "tagName": "script", "time": 11361.897361, "url": "", "pos": 1, "chunkLen": 1, "isStartTag": 0}}
06-28 11:44:45.548 26144 26157 E WProf.db: {"WprofHTMLTag": {"code": "0x9cd7fcd0", "doc": "https://securepubads.g.doubleclick.net/gampad/ads?gdfp_req=1&glade_req=1&glv=25&output=html&iu=%2F1038259%2FSEL-amp-cube&sz=300x250&sfv=1-0-8&correlator=4132643921723392&eid=108809080&adk=2352184609&biw=412&bih=620&adx=56&ady=239&oid=3&u_sd=3.5&ifi=1&is_amp=1&amp_v=1498506512561&nhd=1&url=http%3A%2F", "row": 0, "column": 202, "tagName": "style", "time": 11361.899105, "url": "", "pos": 1, "chunkLen": 1, "isStartTag": 1}}
06-28 11:44:45.548 26144 26157 E WProf.db: {"WprofHTMLTag": {"code": "0x9cd7fe20", "doc": "https://securepubads.g.doubleclick.net/gampad/ads?gdfp_req=1&glade_req=1&glv=25&output=html&iu=%2F1038259%2FSEL-amp-cube&sz=300x250&sfv=1-0-8&correlator=4132643921723392&eid=108809080&adk=2352184609&biw=412&bih=620&adx=56&ady=239&oid=3&u_sd=3.5&ifi=1&is_amp=1&amp_v=1498506512561&nhd=1&url=http%3A%2F", "row": 0, "column": 230, "tagName": "style", "time": 11361.899499, "url": "", "pos": 1, "chunkLen": 1, "isStartTag": 0}}
06-28 11:44:45.548 26144 26157 E WProf.db: {"WprofHTMLTag": {"code": "0xaa1518a0", "doc": "https://securepubads.g.doubleclick.net/gampad/ads?gdfp_req=1&glade_req=1&glv=25&output=html&iu=%2F1038259%2FSEL-amp-cube&sz=300x250&sfv=1-0-8&correlator=4132643921723392&eid=108809080&adk=2352184609&biw=412&bih=620&adx=56&ady=239&oid=3&u_sd=3.5&ifi=1&is_amp=1&amp_v=1498506512561&nhd=1&url=http%3A%2F", "row": 0, "column": 238, "tagName": "script", "time": 11361.901871, "url": "", "pos": 1, "chunkLen": 1, "isStartTag": 1}}
06-28 11:44:45.548 26144 26157 E WProf.db: {"WprofHTMLTag": {"code": "0xaa151900", "doc": "https://securepubads.g.doubleclick.net/gampad/ads?gdfp_req=1&glade_req=1&glv=25&output=html&iu=%2F1038259%2FSEL-amp-cube&sz=300x250&sfv=1-0-8&correlator=4132643921723392&eid=108809080&adk=2352184609&biw=412&bih=620&adx=56&ady=239&oid=3&u_sd=3.5&ifi=1&is_amp=1&amp_v=1498506512561&nhd=1&url=http%3A%2F", "row": 0, "column": 8856, "tagName": "script", "time": 11361.902564, "url": "", "pos": 1, "chunkLen": 1, "isStartTag": 0}}
06-28 11:44:45.548 26144 26157 E WProf.db: {"WprofHTMLTag": {"code": "0xaa151960", "doc": "https://securepubads.g.doubleclick.net/gampad/ads?gdfp_req=1&glade_req=1&glv=25&output=html&iu=%2F1038259%2FSEL-amp-cube&sz=300x250&sfv=1-0-8&correlator=4132643921723392&eid=108809080&adk=2352184609&biw=412&bih=620&adx=56&ady=239&oid=3&u_sd=3.5&ifi=1&is_amp=1&amp_v=1498506512561&nhd=1&url=http%3A%2F", "row": 0, "column": 8863, "tagName": "head", "time": 11361.918862, "url": "", "pos": 1, "chunkLen": 1, "isStartTag": 0}}
06-28 11:44:45.548 26144 26157 E WProf.db: {"WprofHTMLTag": {"code": "0xaa151990", "doc": "https://securepubads.g.doubleclick.net/gampad/ads?gdfp_req=1&glade_req=1&glv=25&output=html&iu=%2F1038259%2FSEL-amp-cube&sz=300x250&sfv=1-0-8&correlator=4132643921723392&eid=108809080&adk=2352184609&biw=412&bih=620&adx=56&ady=239&oid=3&u_sd=3.5&ifi=1&is_amp=1&amp_v=1498506512561&nhd=1&url=http%3A%2F", "row": 0, "column": 8977, "tagName": "body", "time": 11361.918899, "url": "", "pos": 1, "chunkLen": 1, "isStartTag": 1}}
06-28 11:44:45.548 26144 26157 E WProf.db: {"WprofHTMLTag": {"code": "0xaa1519c0", "doc": "https://securepubads.g.doubleclick.net/gampad/ads?gdfp_req=1&glade_req=1&glv=25&output=html&iu=%2F1038259%2FSEL-amp-cube&sz=300x250&sfv=1-0-8&correlator=4132643921723392&eid=108809080&adk=2352184609&biw=412&bih=620&adx=56&ady=239&oid=3&u_sd=3.5&ifi=1&is_amp=1&amp_v=1498506512561&nhd=1&url=http%3A%2F", "row": 0, "column": 9047, "tagName": "div", "time": 11361.920310, "url": "", "pos": 1, "chunkLen": 1, "isStartTag": 1}}
06-28 11:44:45.548 26144 26157 E WProf.db: {"WprofHTMLTag": {"code": "0xaa151930", "doc": "https://securepubads.g.doubleclick.net/gampad/ads?gdfp_req=1&glade_req=1&glv=25&output=html&iu=%2F1038259%2FSEL-amp-cube&sz=300x250&sfv=1-0-8&correlator=4132643921723392&eid=108809080&adk=2352184609&biw=412&bih=620&adx=56&ady=239&oid=3&u_sd=3.5&ifi=1&is_amp=1&amp_v=1498506512561&nhd=1&url=http%3A%2F", "row": 0, "column": 9055, "tagName": "script", "time": 11361.920538, "url": "", "pos": 1, "chunkLen": 1, "isStartTag": 1}}
06-28 11:44:45.548 26144 26157 E WProf.db: {"WprofHTMLTag": {"code": "0x9cd7dc30", "doc": "https://securepubads.g.doubleclick.net/gampad/ads?gdfp_req=1&glade_req=1&glv=25&output=html&iu=%2F1038259%2FSEL-amp-cube&sz=300x250&sfv=1-0-8&correlator=4132643921723392&eid=108809080&adk=2352184609&biw=412&bih=620&adx=56&ady=239&oid=3&u_sd=3.5&ifi=1&is_amp=1&amp_v=1498506512561&nhd=1&url=http%3A%2F", "row": 0, "column": 9428, "tagName": "script", "time": 11361.920754, "url": "", "pos": 1, "chunkLen": 1, "isStartTag": 0}}
06-28 11:44:45.549 26144 26157 E WProf.db: {"WprofHTMLTag": {"code": "0x9cd7fa60", "doc": "https://securepubads.g.doubleclick.net/gampad/ads?gdfp_req=1&glade_req=1&glv=25&output=html&iu=%2F1038259%2FSEL-amp-cube&sz=300x250&sfv=1-0-8&correlator=4132643921723392&eid=108809080&adk=2352184609&biw=412&bih=620&adx=56&ady=239&oid=3&u_sd=3.5&ifi=1&is_amp=1&amp_v=1498506512561&nhd=1&url=http%3A%2F", "row": 0, "column": 10008, "tagName": "a", "time": 11361.930844, "url": "", "pos": 1, "chunkLen": 1, "isStartTag": 1}}
06-28 11:44:45.549 26144 26157 E WProf.db: {"WprofHTMLTag": {"code": "0xaa1517b0", "doc": "https://securepubads.g.doubleclick.net/gampad/ads?gdfp_req=1&glade_req=1&glv=25&output=html&iu=%2F1038259%2FSEL-amp-cube&sz=300x250&sfv=1-0-8&correlator=4132643921723392&eid=108809080&adk=2352184609&biw=412&bih=620&adx=56&ady=239&oid=3&u_sd=3.5&ifi=1&is_amp=1&amp_v=1498506512561&nhd=1&url=http%3A%2F", "row": 0, "column": 10142, "tagName": "img", "time": 11361.931835, "url": "", "pos": 1, "chunkLen": 1, "isStartTag": 1}}
06-28 11:44:45.549 26144 26157 E WProf.db: {"WprofHTMLTag": {"code": "0xaa1515a0", "doc": "https://securepubads.g.doubleclick.net/gampad/ads?gdfp_req=1&glade_req=1&glv=25&output=html&iu=%2F1038259%2FSEL-amp-cube&sz=300x250&sfv=1-0-8&correlator=4132643921723392&eid=108809080&adk=2352184609&biw=412&bih=620&adx=56&ady=239&oid=3&u_sd=3.5&ifi=1&is_amp=1&amp_v=1498506512561&nhd=1&url=http%3A%2F", "row": 0, "column": 10146, "tagName": "a", "time": 11361.932827, "url": "", "pos": 1, "chunkLen": 1, "isStartTag": 0}}
06-28 11:44:45.549 26144 26157 E WProf.db: {"WprofHTMLTag": {"code": "0xaa1519f0", "doc": "https://securepubads.g.doubleclick.net/gampad/ads?gdfp_req=1&glade_req=1&glv=25&output=html&iu=%2F1038259%2FSEL-amp-cube&sz=300x250&sfv=1-0-8&correlator=4132643921723392&eid=108809080&adk=2352184609&biw=412&bih=620&adx=56&ady=239&oid=3&u_sd=3.5&ifi=1&is_amp=1&amp_v=1498506512561&nhd=1&url=http%3A%2F", "row": 0, "column": 10152, "tagName": "div", "time": 11361.932858, "url": "", "pos": 1, "chunkLen": 1, "isStartTag": 0}}
06-28 11:44:45.549 26144 26157 E WProf.db: {"WprofHTMLTag": {"code": "0xaa151a20", "doc": "https://securepubads.g.doubleclick.net/gampad/ads?gdfp_req=1&glade_req=1&glv=25&output=html&iu=%2F1038259%2FSEL-amp-cube&sz=300x250&sfv=1-0-8&correlator=4132643921723392&eid=108809080&adk=2352184609&biw=412&bih=620&adx=56&ady=239&oid=3&u_sd=3.5&ifi=1&is_amp=1&amp_v=1498506512561&nhd=1&url=http%3A%2F", "row": 0, "column": 10275, "tagName": "script", "time": 11361.932887, "url": "https://tpc.googlesyndication.com/pagead/js/r20170619/r20110914/client/ext/m_window_focus_non_hydra.js", "pos": 1, "chunkLen": 1, "isStartTag": 1}}
06-28 11:44:45.549 26144 26157 E WProf.db: {"WprofHTMLTag": {"code": "0xaa151a50", "doc": "https://securepubads.g.doubleclick.net/gampad/ads?gdfp_req=1&glade_req=1&glv=25&output=html&iu=%2F1038259%2FSEL-amp-cube&sz=300x250&sfv=1-0-8&correlator=4132643921723392&eid=108809080&adk=2352184609&biw=412&bih=620&adx=56&ady=239&oid=3&u_sd=3.5&ifi=1&is_amp=1&amp_v=1498506512561&nhd=1&url=http%3A%2F", "row": 0, "column": 10284, "tagName": "script", "time": 11361.933263, "url": "", "pos": 1, "chunkLen": 1, "isStartTag": 0}}
06-28 11:44:45.550 26144 26157 E WProf.db: {"WprofHTMLTag": {"code": "0xaedd86f0", "doc": "https://securepubads.g.doubleclick.net/gampad/ads?gdfp_req=1&glade_req=1&glv=25&output=html&iu=%2F1038259%2FSEL-amp-cube&sz=300x250&sfv=1-0-8&correlator=4132643921723392&eid=108809080&adk=2352184609&biw=412&bih=620&adx=56&ady=239&oid=3&u_sd=3.5&ifi=1&is_amp=1&amp_v=1498506512561&nhd=1&url=http%3A%2F", "row": 0, "column": 10292, "tagName": "script", "time": 11361.934862, "url": "", "pos": 1, "chunkLen": 1, "isStartTag": 1}}
06-28 11:44:45.550 26144 26157 E WProf.db: {"WprofHTMLTag": {"code": "0xaa151a80", "doc": "https://securepubads.g.doubleclick.net/gampad/ads?gdfp_req=1&glade_req=1&glv=25&output=html&iu=%2F1038259%2FSEL-amp-cube&sz=300x250&sfv=1-0-8&correlator=4132643921723392&eid=108809080&adk=2352184609&biw=412&bih=620&adx=56&ady=239&oid=3&u_sd=3.5&ifi=1&is_amp=1&amp_v=1498506512561&nhd=1&url=http%3A%2F", "row": 0, "column": 10558, "tagName": "script", "time": 11361.935138, "url": "", "pos": 1, "chunkLen": 1, "isStartTag": 0}}
06-28 11:44:45.551 26144 26157 E WProf.db: {"WprofHTMLTag": {"code": "0xaa151ab0", "doc": "https://securepubads.g.doubleclick.net/gampad/ads?gdfp_req=1&glade_req=1&glv=25&output=html&iu=%2F1038259%2FSEL-amp-cube&sz=300x250&sfv=1-0-8&correlator=4132643921723392&eid=108809080&adk=2352184609&biw=412&bih=620&adx=56&ady=239&oid=3&u_sd=3.5&ifi=1&is_amp=1&amp_v=1498506512561&nhd=1&url=http%3A%2F", "row": 0, "column": 10663, "tagName": "script", "time": 11361.936134, "url": "https://tpc.googlesyndication.com/pagead/js/r20170619/r20110914/activeview/osd_listener.js", "pos": 1, "chunkLen": 1, "isStartTag": 1}}
06-28 11:44:45.551 26144 26157 E WProf.db: {"WprofHTMLTag": {"code": "0xaa151ae0", "doc": "https://securepubads.g.doubleclick.net/gampad/ads?gdfp_req=1&glade_req=1&glv=25&output=html&iu=%2F1038259%2FSEL-amp-cube&sz=300x250&sfv=1-0-8&correlator=4132643921723392&eid=108809080&adk=2352184609&biw=412&bih=620&adx=56&ady=239&oid=3&u_sd=3.5&ifi=1&is_amp=1&amp_v=1498506512561&nhd=1&url=http%3A%2F", "row": 0, "column": 10672, "tagName": "script", "time": 11361.936591, "url": "https://pagead2.googlesyndication.com/pagead/osd.js", "pos": 1, "chunkLen": 1, "isStartTag": 0}}
06-28 11:44:45.551 26144 26157 E WProf.db: {"WprofHTMLTag": {"code": "0x9cd7f280", "doc": "https://securepubads.g.doubleclick.net/gampad/ads?gdfp_req=1&glade_req=1&glv=25&output=html&iu=%2F1038259%2FSEL-amp-cube&sz=300x250&sfv=1-0-8&correlator=4132643921723392&eid=108809080&adk=2352184609&biw=412&bih=620&adx=56&ady=239&oid=3&u_sd=3.5&ifi=1&is_amp=1&amp_v=1498506512561&nhd=1&url=http%3A%2F", "row": 0, "column": 10703, "tagName": "script", "time": 11362.401773, "url": "", "pos": 1, "chunkLen": 1, "isStartTag": 1}}
06-28 11:44:45.551 26144 26157 E WProf.db: {"WprofHTMLTag": {"code": "0x9cd7fbb0", "doc": "https://securepubads.g.doubleclick.net/gampad/ads?gdfp_req=1&glade_req=1&glv=25&output=html&iu=%2F1038259%2FSEL-amp-cube&sz=300x250&sfv=1-0-8&correlator=4132643921723392&eid=108809080&adk=2352184609&biw=412&bih=620&adx=56&ady=239&oid=3&u_sd=3.5&ifi=1&is_amp=1&amp_v=1498506512561&nhd=1&url=http%3A%2F", "row": 0, "column": 11056, "tagName": "script", "time": 11362.402000, "url": "", "pos": 1, "chunkLen": 1, "isStartTag": 0}}
06-28 11:44:45.551 26144 26157 E WProf.db: {"WprofHTMLTag": {"code": "0xaa152020", "doc": "https://securepubads.g.doubleclick.net/gampad/ads?gdfp_req=1&glade_req=1&glv=25&output=html&iu=%2F1038259%2FSEL-amp-cube&sz=300x250&sfv=1-0-8&correlator=4132643921723392&eid=108809080&adk=2352184609&biw=412&bih=620&adx=56&ady=239&oid=3&u_sd=3.5&ifi=1&is_amp=1&amp_v=1498506512561&nhd=1&url=http%3A%2F", "row": 0, "column": 11064, "tagName": "script", "time": 11362.425892, "url": "", "pos": 1, "chunkLen": 1, "isStartTag": 1}}
06-28 11:44:45.552 26144 26157 E WProf.db: {"WprofHTMLTag": {"code": "0xaa152080", "doc": "https://securepubads.g.doubleclick.net/gampad/ads?gdfp_req=1&glade_req=1&glv=25&output=html&iu=%2F1038259%2FSEL-amp-cube&sz=300x250&sfv=1-0-8&correlator=4132643921723392&eid=108809080&adk=2352184609&biw=412&bih=620&adx=56&ady=239&oid=3&u_sd=3.5&ifi=1&is_amp=1&amp_v=1498506512561&nhd=1&url=http%3A%2F", "row": 0, "column": 19626, "tagName": "script", "time": 11362.426270, "url": "", "pos": 1, "chunkLen": 1, "isStartTag": 0}}
06-28 11:44:45.552 26144 26157 E WProf.db: {"WprofHTMLTag": {"code": "0xaa1520b0", "doc": "https://securepubads.g.doubleclick.net/gampad/ads?gdfp_req=1&glade_req=1&glv=25&output=html&iu=%2F1038259%2FSEL-amp-cube&sz=300x250&sfv=1-0-8&correlator=4132643921723392&eid=108809080&adk=2352184609&biw=412&bih=620&adx=56&ady=239&oid=3&u_sd=3.5&ifi=1&is_amp=1&amp_v=1498506512561&nhd=1&url=http%3A%2F", "row": 0, "column": 19634, "tagName": "script", "time": 11362.444549, "url": "", "pos": 1, "chunkLen": 1, "isStartTag": 1}}
06-28 11:44:45.552 26144 26157 E WProf.db: {"WprofHTMLTag": {"code": "0xaa152230", "doc": "https://securepubads.g.doubleclick.net/gampad/ads?gdfp_req=1&glade_req=1&glv=25&output=html&iu=%2F1038259%2FSEL-amp-cube&sz=300x250&sfv=1-0-8&correlator=4132643921723392&eid=108809080&adk=2352184609&biw=412&bih=620&adx=56&ady=239&oid=3&u_sd=3.5&ifi=1&is_amp=1&amp_v=1498506512561&nhd=1&url=http%3A%2F", "row": 0, "column": 19709, "tagName": "script", "time": 11362.444996, "url": "", "pos": 1, "chunkLen": 1, "isStartTag": 0}}
06-28 11:44:45.552 26144 26157 E WProf.db: {"WprofHTMLTag": {"code": "0xaa152260", "doc": "https://securepubads.g.doubleclick.net/gampad/ads?gdfp_req=1&glade_req=1&glv=25&output=html&iu=%2F1038259%2FSEL-amp-cube&sz=300x250&sfv=1-0-8&correlator=4132643921723392&eid=108809080&adk=2352184609&biw=412&bih=620&adx=56&ady=239&oid=3&u_sd=3.5&ifi=1&is_amp=1&amp_v=1498506512561&nhd=1&url=http%3A%2F", "row": 0, "column": 19717, "tagName": "script", "time": 11362.452877, "url": "", "pos": 1, "chunkLen": 1, "isStartTag": 1}}
06-28 11:44:45.552 26144 26157 E WProf.db: {"WprofHTMLTag": {"code": "0xaa152290", "doc": "https://securepubads.g.doubleclick.net/gampad/ads?gdfp_req=1&glade_req=1&glv=25&output=html&iu=%2F1038259%2FSEL-amp-cube&sz=300x250&sfv=1-0-8&correlator=4132643921723392&eid=108809080&adk=2352184609&biw=412&bih=620&adx=56&ady=239&oid=3&u_sd=3.5&ifi=1&is_amp=1&amp_v=1498506512561&nhd=1&url=http%3A%2F", "row": 0, "column": 19824, "tagName": "script", "time": 11362.453137, "url": "", "pos": 1, "chunkLen": 1, "isStartTag": 0}}
06-28 11:44:45.552 26144 26157 E WProf.db: {"WprofHTMLTag": {"code": "0xaa1522c0", "doc": "https://securepubads.g.doubleclick.net/gampad/ads?gdfp_req=1&glade_req=1&glv=25&output=html&iu=%2F1038259%2FSEL-amp-cube&sz=300x250&sfv=1-0-8&correlator=4132643921723392&eid=108809080&adk=2352184609&biw=412&bih=620&adx=56&ady=239&oid=3&u_sd=3.5&ifi=1&is_amp=1&amp_v=1498506512561&nhd=1&url=http%3A%2F", "row": 0, "column": 19832, "tagName": "script", "time": 11362.455129, "url": "", "pos": 1, "chunkLen": 1, "isStartTag": 1}}
06-28 11:44:45.552 26144 26157 E WProf.db: {"WprofHTMLTag": {"code": "0xaa151d20", "doc": "https://securepubads.g.doubleclick.net/gampad/ads?gdfp_req=1&glade_req=1&glv=25&output=html&iu=%2F1038259%2FSEL-amp-cube&sz=300x250&sfv=1-0-8&correlator=4132643921723392&eid=108809080&adk=2352184609&biw=412&bih=620&adx=56&ady=239&oid=3&u_sd=3.5&ifi=1&is_amp=1&amp_v=1498506512561&nhd=1&url=http%3A%2F", "row": 0, "column": 20171, "tagName": "script", "time": 11362.455357, "url": "", "pos": 1, "chunkLen": 1, "isStartTag": 0}}
06-28 11:44:45.552 26144 26157 E WProf.db: {"WprofHTMLTag": {"code": "0xaa151f60", "doc": "https://securepubads.g.doubleclick.net/gampad/ads?gdfp_req=1&glade_req=1&glv=25&output=html&iu=%2F1038259%2FSEL-amp-cube&sz=300x250&sfv=1-0-8&correlator=4132643921723392&eid=108809080&adk=2352184609&biw=412&bih=620&adx=56&ady=239&oid=3&u_sd=3.5&ifi=1&is_amp=1&amp_v=1498506512561&nhd=1&url=http%3A%2F", "row": 0, "column": 20178, "tagName": "body", "time": 11362.456420, "url": "", "pos": 1, "chunkLen": 1, "isStartTag": 0}}
