--------- beginning of main
06-28 15:33:40.960  3449  3449 E Finsky  : [1] com.google.android.finsky.wear.bl.a(3): onConnectionFailed: ConnectionResult{statusCode=API_UNAVAILABLE, resolution=null, message=null}
--------- beginning of system
06-28 15:33:42.135  9081  9081 E chromium: [ERROR:shell_integration_android.cc(12)] Not implemented reached in static ShellIntegration::DefaultWebClientSetPermission ShellIntegration::CanSetAsDefaultBrowser()
06-28 15:33:42.138  9081  9081 E chromium: [ERROR:browser_process_impl.cc(720)] Not implemented reached in virtual BackgroundModeManager* BrowserProcessImpl::background_mode_manager()
06-28 15:33:42.383  3218   674 E AudioRecord-JNI: Error -4 during AudioRecord native read
06-28 15:33:44.815  9081  9126 E chromium: [ERROR:gles2_cmd_decoder.cc(3852)] [.ChromiumCompositor-0xacbb2fc0]GL ERROR :GL_INVALID_ENUM : glDiscardFramebufferEXT: attachments was GL_COLOR_EXT
06-28 15:33:45.077  9148  9161 E WPROF   : {"CSS": {"url": "http://searchengineland.com/figz/wp-content/themes/searchengineland/css/searchengineland-bootstrap.css", "requestTime": 25102.132359}}
06-28 15:33:45.077  9148  9161 E WPROF   : {"CSS": {"url": "http://fonts.googleapis.com/css?family=Oswald:300,400,700", "requestTime": 25102.133052}}
06-28 15:33:45.085  9148  9161 E WPROF   : {"CSS": {"url": "http://searchengineland.com/figz/wp-content/themes/searchengineland/style.css", "requestTime": 25102.140765}}
06-28 15:33:45.094  9148  9161 E WPROF   : {"Javascript": {"url": "http://searchengineland.com/figz/wp-content/themes/searchengineland/js/lib/modernizr.custom.js?ver=1.0", "requestTime": 25102.149272}}
06-28 15:33:45.094  9148  9161 E WPROF   : {"Javascript": {"url": "http://searchengineland.com/figz/wp-content/themes/searchengineland/js/lib/jquery-1.11.0.min.js?ver=1.11.0", "requestTime": 25102.149836}}
06-28 15:33:45.095  9148  9161 E WPROF   : {"Javascript": {"url": "http://searchengineland.com/figz/wp-content/themes/searchengineland/js/lib/jquery-ui-1.10.3.custom.min.js?ver=1.10.3", "requestTime": 25102.150721}}
06-28 15:33:45.096  9148  9161 E WPROF   : {"Javascript": {"url": "http://searchengineland.com/figz/wp-content/themes/searchengineland/js/lib/jquery.ba-throttle-debounce.min.js?ver=1.1", "requestTime": 25102.151516}}
06-28 15:33:45.097  9148  9161 E WPROF   : {"Javascript": {"url": "http://searchengineland.com/figz/wp-content/themes/searchengineland/js/lib/jquery.countdown.min.js?ver=2.0.4", "requestTime": 25102.152288}}
06-28 15:33:45.097  9148  9161 E WPROF   : {"Javascript": {"url": "http://static.chartbeat.com/js/chartbeat_mab.js", "requestTime": 25102.153035}}
06-28 15:33:45.611  9148  9161 E WPROF   : {"Javascript": {"url": "http://searchengineland.com/figz/wp-includes/js/wp-emoji-release.min.js?ver=4.7.5", "requestTime": 25102.666958}}
06-28 15:33:46.062  9148  9161 E WPROF   : {"Javascript": {"url": "http://www.googletagservices.com/tag/js/gpt.js", "requestTime": 25103.117792}}
06-28 15:33:46.074  9148  9161 E WPROF   : {"Javascript": {"url": "https://www.google-analytics.com/analytics.js", "requestTime": 25103.129510}}
06-28 15:33:46.083  9148  9161 E WPROF   : {"Javascript": {"url": "http://edge.quantserve.com/quant.js", "requestTime": 25103.138842}}
06-28 15:33:46.091  9148  9161 E WPROF   : {"Javascript": {"url": "https://connect.facebook.net/en_US/fbevents.js", "requestTime": 25103.146224}}
06-28 15:33:46.178  9081  9126 E chromium: [ERROR:gles2_cmd_decoder.cc(3852)] [.ChromiumCompositor-0xacbb2fc0]GL ERROR :GL_INVALID_ENUM : glDiscardFramebufferEXT: attachments was GL_COLOR_EXT
06-28 15:33:46.222  9148  9161 E WPROF   : {"Javascript": {"url": "http://app-sj02.marketo.com/js/forms2/js/forms2.min.js", "requestTime": 25103.277882}}
06-28 15:33:46.308  9081  9126 E chromium: [ERROR:gles2_cmd_decoder.cc(3852)] [.ChromiumCompositor-0xacbb2fc0]GL ERROR :GL_INVALID_ENUM : glDiscardFramebufferEXT: attachments was GL_COLOR_EXT
06-28 15:33:46.336  9148  9161 E WPROF   : {"Javascript": {"url": "https://connect.facebook.net/signals/config/423979991297359?v=2.7.17", "requestTime": 25103.392028}}
06-28 15:33:46.342  9148  9161 E WPROF   : {"Javascript": {"url": "https://securepubads.g.doubleclick.net/gpt/pubads_impl_121.js", "requestTime": 25103.397264}}
06-28 15:33:46.491  9148  9161 E WPROF   : {"Javascript": {"url": "http://app-sj02.marketo.com/index.php/form/getForm?munchkinId=727-ZQE-044&form=5691&url=http%3A%2F%2Fsearchengineland.com%2Flearn-three-proven-methods-winning-additional-ppc-budget-clients-276130&callback=jQuery1102004201743332669139_1498631626425&_=1498631626426", "requestTime": 25103.546271}}
06-28 15:33:46.507  9148  9161 E WPROF   : {"Javascript": {"url": "http://app-sj02.marketo.com/index.php/form/getForm?munchkinId=727-ZQE-044&form=5685&url=http%3A%2F%2Fsearchengineland.com%2Flearn-three-proven-methods-winning-additional-ppc-budget-clients-276130&callback=jQuery1102004201743332669139_1498631626427&_=1498631626428", "requestTime": 25103.563124}}
06-28 15:33:46.683  9148  9161 E WPROF   : {"Javascript": {"url": "http://app-sj02.marketo.com/index.php/form/getForm?munchkinId=727-ZQE-044&form=5673&url=http%3A%2F%2Fsearchengineland.com%2Flearn-three-proven-methods-winning-additional-ppc-budget-clients-276130&callback=jQuery1102004201743332669139_1498631626429&_=1498631626430", "requestTime": 25103.738458}}
06-28 15:33:46.691  9148  9161 E WPROF   : {"Javascript": {"url": "http://searchengineland.com/js/ga_social_tracking.js", "requestTime": 25103.746695}}
06-28 15:33:46.695  9148  9161 E WPROF   : {"Javascript": {"url": "http://s7.addthis.com/js/300/addthis_widget.js#pubid=ra-53e918f660794f37", "requestTime": 25103.751030}}
06-28 15:33:46.780  9081  9126 E chromium: [ERROR:gles2_cmd_decoder.cc(3852)] [.ChromiumCompositor-0xacbb2fc0]GL ERROR :GL_INVALID_ENUM : glDiscardFramebufferEXT: attachments was GL_COLOR_EXT
06-28 15:33:47.182  9148  9161 E WPROF   : {"Javascript": {"url": "http://cdn.api.twitter.com/1/users/show.json?screen_name=jeffbaum71&callback=twttr.setFollowersCount", "requestTime": 25104.237995}}
06-28 15:33:47.271  9081  9126 E chromium: [ERROR:gles2_cmd_decoder.cc(3852)] [.ChromiumCompositor-0xacbb2fc0]GL ERROR :GL_INVALID_ENUM : glDiscardFramebufferEXT: attachments was GL_COLOR_EXT
06-28 15:33:47.600   862  1657 E LocSvc_IzatApiV02: E/virtual int izat_core::IzatApiV02::getBatchSize(int32_t):522]: Error : st = 4, ind.status = -1628389555
06-28 15:33:47.600   862  1657 E LocSvc_IzatApiV02: E/virtual int izat_core::IzatApiV02::getBatchSize(int32_t):535]: get batching size failed.Or modem does not support batching 
06-28 15:33:47.610   862  1657 E LocSvc_IzatApiV02: E/virtual int izat_core::IzatApiV02::getBatchSize(int32_t):522]: Error : st = 4, ind.status = -1628389555
06-28 15:33:47.610   862  1657 E LocSvc_IzatApiV02: E/virtual int izat_core::IzatApiV02::getBatchSize(int32_t):535]: get batching size failed.Or modem does not support batching 
06-28 15:33:47.642   862  1657 E LocSvc_IzatApiV02: E/virtual int izat_core::IzatApiV02::getBatchSize(int32_t):522]: Error : st = 4, ind.status = -1628389555
06-28 15:33:47.642   862  1657 E LocSvc_IzatApiV02: E/virtual int izat_core::IzatApiV02::getBatchSize(int32_t):535]: get batching size failed.Or modem does not support batching 
06-28 15:33:47.652   862  1657 E LocSvc_IzatApiV02: E/virtual int izat_core::IzatApiV02::getBatchSize(int32_t):522]: Error : st = 4, ind.status = -1628389555
06-28 15:33:47.652   862  1657 E LocSvc_IzatApiV02: E/virtual int izat_core::IzatApiV02::getBatchSize(int32_t):535]: get batching size failed.Or modem does not support batching 
06-28 15:33:47.774  9148  9161 E WPROF   : {"Javascript": {"url": "https://securepubads.g.doubleclick.net/gampad/ads?gdfp_req=1&correlator=617440671170560&output=json_html&callback=googletag.impl.pubads.callbackProxy1&impl=fifs&json_a=1&eid=108809080%2C108809147%2C108809107&sc=0&sfv=1-0-9&iu_parts=1038259%2Csel-ciu-1%2Csel-ciu-2%2Csel-ciu-3%2Csel-ciu-4%2Csel-ciu-5%", "requestTime": 25104.829780}}
06-28 15:33:47.799  9148  9161 E WPROF   : {"CSS": {"url": "http://app-sj02.marketo.com/js/forms2/css/forms2.css", "requestTime": 25104.854455}}
06-28 15:33:47.807  9148  9161 E WPROF   : {"CSS": {"url": "http://app-sj02.marketo.com/js/forms2/css/forms2-theme-simple.css", "requestTime": 25104.863171}}
06-28 15:33:47.906  9148  9161 E WPROF   : {"Javascript": {"url": "https://static.xx.fbcdn.net/rsrc.php/v3iy6L4/yF/l/ko_KR/w3AiswiqjrJ.js", "requestTime": 25104.962174}}
06-28 15:33:47.970  9081  9126 E chromium: [ERROR:gles2_cmd_decoder.cc(3852)] [.ChromiumCompositor-0xacbb2fc0]GL ERROR :GL_INVALID_ENUM : glDiscardFramebufferEXT: attachments was GL_COLOR_EXT
06-28 15:33:48.452  9148  9161 E WPROF   : {"Javascript": {"url": "http://platform.twitter.com/widgets.js", "requestTime": 25105.507632}}
06-28 15:33:48.454  9148  9161 E WPROF   : {"Javascript": {"url": "http://connect.facebook.net/en_US/sdk.js", "requestTime": 25105.509354}}
06-28 15:33:48.456  9148  9161 E WPROF   : {"Javascript": {"url": "https://apis.google.com/js/platform.js", "requestTime": 25105.511870}}
06-28 15:33:48.480  9148  9161 E WPROF   : {"Javascript": {"url": "http://rules.quantcount.com/rules-p-5aGizvD82d9hk.js", "requestTime": 25105.535726}}
06-28 15:33:48.483  9148  9161 E WPROF   : {"Javascript": {"url": "http://munchkin.marketo.net/munchkin.js", "requestTime": 25105.538762}}
06-28 15:33:48.683  9148  9161 E WPROF   : {"CSS": {"url": "https://www.youtube.com/yts/cssbin/www-embed-player-sprite-mode-vfl5G4Xm8.css", "requestTime": 25105.739003}}
06-28 15:33:48.686  9148  9161 E WPROF   : {"Javascript": {"url": "https://www.youtube.com/yts/jsbin/www-embed-player-vfl_UY_j8/www-embed-player.js", "requestTime": 25105.741763}}
06-28 15:33:48.687  9148  9161 E WPROF   : {"Javascript": {"url": "https://www.youtube.com/yts/jsbin/player-vflo1w4O-/ko_KR/base.js", "requestTime": 25105.742296}}
06-28 15:33:48.696  9148  9161 E WPROF   : {"Javascript": {"url": "http://d2j3qa5nc37287.cloudfront.net/coupon_code1.js", "requestTime": 25105.752001}}
06-28 15:33:48.698  9081  9126 E chromium: [ERROR:gles2_cmd_decoder.cc(3852)] [.ChromiumCompositor-0xacbb2fc0]GL ERROR :GL_INVALID_ENUM : glDiscardFramebufferEXT: attachments was GL_COLOR_EXT
06-28 15:33:48.706  9148  9161 E WPROF   : {"Javascript": {"url": "http://www.googleadservices.com/pagead/conversion.js", "requestTime": 25105.761797}}
06-28 15:33:48.710  9148  9161 E WPROF   : {"Javascript": {"url": "http://searchengineland.com/figz/wp-content/themes/searchengineland/js/script.js?ver=1.0", "requestTime": 25105.765938}}
06-28 15:33:48.712  9148  9161 E WPROF   : {"Javascript": {"url": "http://searchengineland.com/figz/wp-includes/js/wp-embed.min.js?ver=4.7.5", "requestTime": 25105.767269}}
06-28 15:33:48.717  9148  9161 E WPROF   : {"Javascript": {"url": "http://searchengineland.com/figz/wp-content/themes/searchengineland/js/modules/sharing_controls.js", "requestTime": 25105.772592}}
06-28 15:33:48.808  9081  9126 E chromium: [ERROR:gles2_cmd_decoder.cc(3852)] [.ChromiumCompositor-0xacbb2fc0]GL ERROR :GL_INVALID_ENUM : glDiscardFramebufferEXT: attachments was GL_COLOR_EXT
06-28 15:33:49.675  9148  9161 E WPROF   : {"Javascript": {"url": "http://m.addthisedge.com/live/boost/ra-53e918f660794f37/_ate.track.config_resp", "requestTime": 25106.730795}}
06-28 15:33:49.730  9148  9161 E WPROF   : {"Javascript": {"url": "http://m.addthis.com/live/red_lojson/300lo.json?si=59534dccd861163a&bkl=0&bl=1&pdt=1979&sid=59534dccd861163a&pub=ra-53e918f660794f37&rev=v7.15.4-wp&ln=ko&pc=men&cb=0&ab=-&dp=searchengineland.com&fp=learn-three-proven-methods-winning-additional-ppc-budget-clients-276130&fr=&of=0&pd=0&irt=0&vcl=0&md=0", "requestTime": 25106.785975}}
06-28 15:33:49.815  9148  9161 E WPROF   : {"Javascript": {"url": "http://dnn506yrbagrg.cloudfront.net/pages/scripts/0026/4062.js?416286", "requestTime": 25106.871071}}
06-28 15:33:49.825  9081  9126 E chromium: [ERROR:gles2_cmd_decoder.cc(3852)] [.ChromiumCompositor-0xacbb2fc0]GL ERROR :GL_INVALID_ENUM : glDiscardFramebufferEXT: attachments was GL_COLOR_EXT
06-28 15:33:51.132  9148  9161 E WPROF   : {"Javascript": {"url": "https://www.google.com/js/bg/KWBfAnWFESAEEaKKgdYlTHY9ysQaNoQuzeMFqvxDSM8.js", "requestTime": 25108.187498}}
06-28 15:33:51.134  9148  9161 E WPROF   : {"Javascript": {"url": "https://static.doubleclick.net/instream/ad_status.js", "requestTime": 25108.190139}}
06-28 15:33:51.450  9081  9126 E chromium: [ERROR:gles2_cmd_decoder.cc(3852)] [.ChromiumCompositor-0xacbb2fc0]GL ERROR :GL_INVALID_ENUM : glDiscardFramebufferEXT: attachments was GL_COLOR_EXT
06-28 15:33:51.727  9081  9126 E chromium: [ERROR:gles2_cmd_decoder.cc(3852)] [.ChromiumCompositor-0xacbb2fc0]GL ERROR :GL_INVALID_ENUM : glDiscardFramebufferEXT: attachments was GL_COLOR_EXT
06-28 15:33:51.878  9081  9126 E chromium: [ERROR:gles2_cmd_decoder.cc(3852)] [.ChromiumCompositor-0xacbb2fc0]GL ERROR :GL_INVALID_ENUM : glDiscardFramebufferEXT: attachments was GL_COLOR_EXT
06-28 15:33:51.980  9081  9126 E chromium: [ERROR:gles2_cmd_decoder.cc(3852)] [.ChromiumCompositor-0xacbb2fc0]GL ERROR :GL_INVALID_ENUM : glDiscardFramebufferEXT: attachments was GL_COLOR_EXT
06-28 15:33:52.745  9148  9161 E WPROF   : {"Javascript": {"url": "https://tpc.googlesyndication.com/pagead/js/r20170619/r20110914/client/ext/m_window_focus_non_hydra.js", "requestTime": 25109.800790}}
06-28 15:33:52.755  9148  9161 E WPROF   : {"Javascript": {"url": "https://tpc.googlesyndication.com/pagead/js/r20170619/r20110914/activeview/osd_listener.js", "requestTime": 25109.810665}}
06-28 15:33:52.768  9148  9161 E WPROF   : {"Javascript": {"url": "http://pagead2.googlesyndication.com/pagead/osd.js", "requestTime": 25109.823336}}
06-28 15:33:53.064  9148  9161 E WPROF   : {"Javascript": {"url": "https://platform.twitter.com/js/button.b731e6c82269f70f6fc53634e044a4c6.js", "requestTime": 25110.119573}}
06-28 15:33:53.071  9148  9161 E WPROF   : {"Javascript": {"url": "http://munchkin.marketo.net/151/munchkin.js", "requestTime": 25110.126709}}
06-28 15:33:53.269  9148  9161 E WPROF   : {"Javascript": {"url": "http://www.justuno.com/ajax/account_version_check.html?id=828FA275-FF73-401E-AA39-40F5A6FAB6B1", "requestTime": 25110.325185}}
06-28 15:33:53.336  9148  9161 E WPROF   : {"Javascript": {"url": "http://s7.addthis.com/static/layers.4acb6c577b51939661ec.js", "requestTime": 25110.391805}}
06-28 15:33:53.425  9081  9126 E chromium: [ERROR:gles2_cmd_decoder.cc(3852)] [.ChromiumCompositor-0xacbb2fc0]GL ERROR :GL_INVALID_ENUM : glDiscardFramebufferEXT: attachments was GL_COLOR_EXT
06-28 15:33:53.615  9081  9126 E chromium: [ERROR:gles2_cmd_decoder.cc(3852)] [.ChromiumCompositor-0xacbb2fc0]GL ERROR :GL_INVALID_ENUM : glDiscardFramebufferEXT: attachments was GL_COLOR_EXT
06-28 15:33:53.641  9081  9126 E chromium: [ERROR:gles2_cmd_decoder.cc(3852)] [.ChromiumCompositor-0xacbb2fc0]GL ERROR :GL_INVALID_ENUM : glDiscardFramebufferEXT: attachments was GL_COLOR_EXT
06-28 15:33:53.875  9081  9126 E chromium: [ERROR:gles2_cmd_decoder.cc(3852)] [.ChromiumCompositor-0xacbb2fc0]GL ERROR :GL_INVALID_ENUM : glDiscardFramebufferEXT: attachments was GL_COLOR_EXT
06-28 15:33:54.002  9081  9126 E chromium: [ERROR:gles2_cmd_decoder.cc(3852)] [.ChromiumCompositor-0xacbb2fc0]GL ERROR :GL_INVALID_ENUM : glDiscardFramebufferEXT: attachments was GL_COLOR_EXT
06-28 15:33:54.043  9081  9126 E chromium: [ERROR:gles2_cmd_decoder.cc(3852)] [.ChromiumCompositor-0xacbb2fc0]GL ERROR :GL_INVALID_ENUM : glDiscardFramebufferEXT: attachments was GL_COLOR_EXT
06-28 15:33:56.060  9148  9161 E WPROF   : {"Javascript": {"url": "http://cdn.justuno.com/mwgt_3.6.js", "requestTime": 25113.115972}}
06-28 15:33:56.293  9081  9126 E chromium: [ERROR:gles2_cmd_decoder.cc(3852)] [.ChromiumCompositor-0xacbb2fc0]GL ERROR :GL_INVALID_ENUM : glDiscardFramebufferEXT: attachments was GL_COLOR_EXT
06-28 15:33:56.337  9148  9161 E WPROF   : {"Javascript": {"url": "https://app-sj02.marketo.com/js/forms2/js/forms2.min.js", "requestTime": 25113.392557}}
06-28 15:33:57.502  9081  9126 E chromium: [ERROR:gles2_cmd_decoder.cc(3852)] [.ChromiumCompositor-0xacbb2fc0]GL ERROR :GL_INVALID_ENUM : glDiscardFramebufferEXT: attachments was GL_COLOR_EXT
06-28 15:33:57.659  9148  9161 E WPROF   : {"Javascript": {"url": "https://cdn.syndication.twimg.com/widgets/followbutton/info.json?callback=__twttr.setFollowersCountAndFollowing&lang=en&screen_names=sengineland", "requestTime": 25114.714827}}
06-28 15:33:57.762  9081  9126 E chromium: [ERROR:gles2_cmd_decoder.cc(3852)] [.ChromiumCompositor-0xacbb2fc0]GL ERROR :GL_INVALID_ENUM : glDiscardFramebufferEXT: attachments was GL_COLOR_EXT
06-28 15:33:58.106  9081  9126 E chromium: [ERROR:gles2_cmd_decoder.cc(3852)] [.ChromiumCompositor-0xacbb2fc0]GL ERROR :GL_INVALID_ENUM : glDiscardFramebufferEXT: attachments was GL_COLOR_EXT
06-28 15:33:58.130  9081  9126 E chromium: [ERROR:gles2_cmd_decoder.cc(3852)] [.ChromiumCompositor-0xacbb2fc0]GL ERROR :GL_INVALID_ENUM : glDiscardFramebufferEXT: attachments was GL_COLOR_EXT
06-28 15:33:58.205  9148  9161 E WProf.db: {"page": "searchengineland.com_learn-three-proven-methods-winning-additional-ppc-budget-clients-276130"}
06-28 15:33:58.205  9148  9161 E WProf.db: {"DOMLoad": 25115.260747}
06-28 15:33:58.205  9148  9161 E WProf.db: {"Resource": {"id": 1, "url": "http://searchengineland.com/learn-three-proven-methods-winning-additional-ppc-budget-clients-276130", "sentTime": -1.000000, "len": 96765, "from": "0x0", "mimeType": "text/html", "contentLength": -1, "httpStatus": 200, "connId": 20, "connReused": 1, "cached": 0,"requestTime": 25101.774226, "proxyStart": -1, "proxyEnd": -1, "dnsStart": -1, "dnsEnd": -1, "connectStart": 0, "connectEnd": 90, "sendStart": 90, "sendEnd": 91, "receiveHeadersEnd": 246, "sslStart": -1, "sslEnd": -1}}
06-28 15:33:58.205  9148  9161 E WProf.db: {"ReceivedChunk": {"receivedTime": 25102.045394, "len": 8018}}
06-28 15:33:58.205  9148  9161 E WProf.db: {"ReceivedChunk": {"receivedTime": 25102.119933, "len": 32768}}
06-28 15:33:58.205  9148  9161 E WProf.db: {"ReceivedChunk": {"receivedTime": 25102.120734, "len": 27989}}
06-28 15:33:58.205  9148  9161 E WProf.db: {"ReceivedChunk": {"receivedTime": 25102.176634, "len": 13800}}
06-28 15:33:58.205  9148  9161 E WProf.db: {"ReceivedChunk": {"receivedTime": 25102.176985, "len": 14190}}
06-28 15:33:58.205  9148  9161 E WProf.db: {"WprofHTMLTag": {"code": "0xaedd8600", "doc": "http://searchengineland.com/learn-three-proven-methods-winning-additional-ppc-budget-clients-276130", "row": 6, "column": 42, "tagName": "html", "time": 25102.123278, "url": "", "pos": 1, "chunkLen": 1, "isStartTag": 1}}
06-28 15:33:58.206  9148  9161 E WProf.db: {"WprofHTMLTag": {"code": "0xaf0477f0", "doc": "http://searchengineland.com/learn-three-proven-methods-winning-additional-ppc-budget-clients-276130", "row": 7, "column": 6, "tagName": "head", "time": 25102.124246, "url": "", "pos": 1, "chunkLen": 1, "isStartTag": 1}}
06-28 15:33:58.206  9148  9161 E WProf.db: {"WprofHTMLTag": {"code": "0xaf0478e0", "doc": "http://searchengineland.com/learn-three-proven-methods-winning-additional-ppc-budget-clients-276130", "row": 8, "column": 54, "tagName": "meta", "time": 25102.124298, "url": "", "pos": 1, "chunkLen": 1, "isStartTag": 1}}
06-28 15:33:58.206  9148  9161 E WProf.db: {"WprofHTMLTag": {"code": "0xaf047910", "doc": "http://searchengineland.com/learn-three-proven-methods-winning-additional-ppc-budget-clients-276130", "row": 9, "column": 68, "tagName": "meta", "time": 25102.124457, "url": "", "pos": 1, "chunkLen": 1, "isStartTag": 1}}
06-28 15:33:58.206  9148  9161 E WProf.db: {"WprofHTMLTag": {"code": "0xaf047940", "doc": "http://searchengineland.com/learn-three-proven-methods-winning-additional-ppc-budget-clients-276130", "row": 10, "column": 23, "tagName": "meta", "time": 25102.124570, "url": "", "pos": 1, "chunkLen": 1, "isStartTag": 1}}
06-28 15:33:58.206  9148  9161 E WProf.db: {"WprofHTMLTag": {"code": "0xaf047970", "doc": "http://searchengineland.com/learn-three-proven-methods-winning-additional-ppc-budget-clients-276130", "row": 11, "column": 52, "tagName": "meta", "time": 25102.124699, "url": "", "pos": 1, "chunkLen": 1, "isStartTag": 1}}
06-28 15:33:58.206  9148  9161 E WProf.db: {"WprofHTMLTag": {"code": "0xaf0479a0", "doc": "http://searchengineland.com/learn-three-proven-methods-winning-additional-ppc-budget-clients-276130", "row": 14, "column": 56, "tagName": "meta", "time": 25102.124822, "url": "", "pos": 1, "chunkLen": 1, "isStartTag": 1}}
06-28 15:33:58.206  9148  9161 E WProf.db: {"WprofHTMLTag": {"code": "0xaf0479d0", "doc": "http://searchengineland.com/learn-three-proven-methods-winning-additional-ppc-budget-clients-276130", "row": 15, "column": 83, "tagName": "meta", "time": 25102.124953, "url": "", "pos": 1, "chunkLen": 1, "isStartTag": 1}}
06-28 15:33:58.206  9148  9161 E WProf.db: {"WprofHTMLTag": {"code": "0xaf047a00", "doc": "http://searchengineland.com/learn-three-proven-methods-winning-additional-ppc-budget-clients-276130", "row": 16, "column": 57, "tagName": "meta", "time": 25102.125082, "url": "", "pos": 1, "chunkLen": 1, "isStartTag": 1}}
06-28 15:33:58.206  9148  9161 E WProf.db: {"WprofHTMLTag": {"code": "0xaf047a90", "doc": "http://searchengineland.com/learn-three-proven-methods-winning-additional-ppc-budget-clients-276130", "row": 17, "column": 41, "tagName": "meta", "time": 25102.125199, "url": "", "pos": 1, "chunkLen": 1, "isStartTag": 1}}
06-28 15:33:58.206  9148  9161 E WProf.db: {"WprofHTMLTag": {"code": "0xaf047ac0", "doc": "http://searchengineland.com/learn-three-proven-methods-winning-additional-ppc-budget-clients-276130", "row": 18, "column": 50, "tagName": "meta", "time": 25102.125310, "url": "", "pos": 1, "chunkLen": 1, "isStartTag": 1}}
06-28 15:33:58.206  9148  9161 E WProf.db: {"WprofHTMLTag": {"code": "0xaf047af0", "doc": "http://searchengineland.com/learn-three-proven-methods-winning-additional-ppc-budget-clients-276130", "row": 19, "column": 174, "tagName": "meta", "time": 25102.125437, "url": "", "pos": 1, "chunkLen": 1, "isStartTag": 1}}
06-28 15:33:58.206  9148  9161 E WProf.db: {"WprofHTMLTag": {"code": "0xaf047a60", "doc": "http://searchengineland.com/learn-three-proven-methods-winning-additional-ppc-budget-clients-276130", "row": 20, "column": 47, "tagName": "meta", "time": 25102.125560, "url": "", "pos": 1, "chunkLen": 1, "isStartTag": 1}}
06-28 15:33:58.206  9148  9161 E WProf.db: {"WprofHTMLTag": {"code": "0xaf047a30", "doc": "http://searchengineland.com/learn-three-proven-methods-winning-additional-ppc-budget-clients-276130", "row": 21, "column": 67, "tagName": "meta", "time": 25102.125673, "url": "", "pos": 1, "chunkLen": 1, "isStartTag": 1}}
06-28 15:33:58.207  9148  9161 E WProf.db: {"WprofHTMLTag": {"code": "0xaf047b20", "doc": "http://searchengineland.com/learn-three-proven-methods-winning-additional-ppc-budget-clients-276130", "row": 22, "column": 57, "tagName": "meta", "time": 25102.125785, "url": "", "pos": 1, "chunkLen": 1, "isStartTag": 1}}
06-28 15:33:58.207  9148  9161 E WProf.db: {"WprofHTMLTag": {"code": "0xaf047b50", "doc": "http://searchengineland.com/learn-three-proven-methods-winning-additional-ppc-budget-clients-276130", "row": 23, "column": 65, "tagName": "meta", "time": 25102.125904, "url": "", "pos": 1, "chunkLen": 1, "isStartTag": 1}}
06-28 15:33:58.207  9148  9161 E WProf.db: {"WprofHTMLTag": {"code": "0xaf047b80", "doc": "http://searchengineland.com/learn-three-proven-methods-winning-additional-ppc-budget-clients-276130", "row": 24, "column": 55, "tagName": "meta", "time": 25102.126015, "url": "", "pos": 1, "chunkLen": 1, "isStartTag": 1}}
06-28 15:33:58.207  9148  9161 E WProf.db: {"WprofHTMLTag": {"code": "0xaf047bb0", "doc": "http://searchengineland.com/learn-three-proven-methods-winning-additional-ppc-budget-clients-276130", "row": 25, "column": 71, "tagName": "meta", "time": 25102.126125, "url": "", "pos": 1, "chunkLen": 1, "isStartTag": 1}}
06-28 15:33:58.207  9148  9161 E WProf.db: {"WprofHTMLTag": {"code": "0xaf047be0", "doc": "http://searchengineland.com/learn-three-proven-methods-winning-additional-ppc-budget-clients-276130", "row": 26, "column": 86, "tagName": "meta", "time": 25102.126231, "url": "", "pos": 1, "chunkLen": 1, "isStartTag": 1}}
06-28 15:33:58.207  9148  9161 E WProf.db: {"WprofHTMLTag": {"code": "0xaf047c10", "doc": "http://searchengineland.com/learn-three-proven-methods-winning-additional-ppc-budget-clients-276130", "row": 27, "column": 54, "tagName": "meta", "time": 25102.126337, "url": "", "pos": 1, "chunkLen": 1, "isStartTag": 1}}
06-28 15:33:58.207  9148  9161 E WProf.db: {"WprofHTMLTag": {"code": "0xaf047c40", "doc": "http://searchengineland.com/learn-three-proven-methods-winning-additional-ppc-budget-clients-276130", "row": 29, "column": 138, "tagName": "meta", "time": 25102.126438, "url": "", "pos": 1, "chunkLen": 1, "isStartTag": 1}}
06-28 15:33:58.207  9148  9161 E WProf.db: {"WprofHTMLTag": {"code": "0xaf047c70", "doc": "http://searchengineland.com/learn-three-proven-methods-winning-additional-ppc-budget-clients-276130", "row": 30, "column": 253, "tagName": "meta", "time": 25102.126549, "url": "", "pos": 1, "chunkLen": 1, "isStartTag": 1}}
06-28 15:33:58.207  9148  9161 E WProf.db: {"WprofHTMLTag": {"code": "0xaf047ca0", "doc": "http://searchengineland.com/learn-three-proven-methods-winning-additional-ppc-budget-clients-276130", "row": 31, "column": 55, "tagName": "meta", "time": 25102.126653, "url": "", "pos": 1, "chunkLen": 1, "isStartTag": 1}}
06-28 15:33:58.207  9148  9161 E WProf.db: {"WprofHTMLTag": {"code": "0xaf047cd0", "doc": "http://searchengineland.com/learn-three-proven-methods-winning-additional-ppc-budget-clients-276130", "row": 32, "column": 54, "tagName": "meta", "time": 25102.126757, "url": "", "pos": 1, "chunkLen": 1, "isStartTag": 1}}
06-28 15:33:58.207  9148  9161 E WProf.db: {"WprofHTMLTag": {"code": "0xaf047d00", "doc": "http://searchengineland.com/learn-three-proven-methods-winning-additional-ppc-budget-clients-276130", "row": 33, "column": 138, "tagName": "meta", "time": 25102.126862, "url": "", "pos": 1, "chunkLen": 1, "isStartTag": 1}}
06-28 15:33:58.207  9148  9161 E WProf.db: {"WprofHTMLTag": {"code": "0xaf047d30", "doc": "http://searchengineland.com/learn-three-proven-methods-winning-additional-ppc-budget-clients-276130", "row": 37, "column": 36, "tagName": "script", "time": 25102.126983, "url": "", "pos": 1, "chunkLen": 1, "isStartTag": 1}}
06-28 15:33:58.207  9148  9161 E WProf.db: {"WprofHTMLTag": {"code": "0xaf047d60", "doc": "http://searchengineland.com/learn-three-proven-methods-winning-additional-ppc-budget-clients-276130", "row": 53, "column": 10, "tagName": "script", "time": 25102.127230, "url": "", "pos": 1, "chunkLen": 1, "isStartTag": 0}}
06-28 15:33:58.208  9148  9161 E WProf.db: {"WprofHTMLTag": {"code": "0xaedd8240", "doc": "http://searchengineland.com/learn-three-proven-methods-winning-additional-ppc-budget-clients-276130", "row": 55, "column": 86, "tagName": "link", "time": 25102.130531, "url": "http://searchengineland.com/apple-touch-icon.png", "pos": 1, "chunkLen": 1, "isStartTag": 1}}
06-28 15:33:58.208  9148  9161 E WProf.db: {"WprofHTMLTag": {"code": "0xaf047d90", "doc": "http://searchengineland.com/learn-three-proven-methods-winning-additional-ppc-budget-clients-276130", "row": 56, "column": 76, "tagName": "link", "time": 25102.130981, "url": "http://searchengineland.com/favicon.ico", "pos": 1, "chunkLen": 1, "isStartTag": 1}}
06-28 15:33:58.208  9148  9161 E WProf.db: {"WprofHTMLTag": {"code": "0xaf047dc0", "doc": "http://searchengineland.com/learn-three-proven-methods-winning-additional-ppc-budget-clients-276130", "row": 57, "column": 158, "tagName": "link", "time": 25102.131243, "url": "http://feeds.searchengineland.com/searchengineland", "pos": 1, "chunkLen": 1, "isStartTag": 1}}
06-28 15:33:58.208  9148  9161 E WProf.db: {"WprofHTMLTag": {"code": "0xaf047df0", "doc": "http://searchengineland.com/learn-three-proven-methods-winning-additional-ppc-budget-clients-276130", "row": 58, "column": 149, "tagName": "link", "time": 25102.131599, "url": "http://feeds.searchengineland.com/searchcap", "pos": 1, "chunkLen": 1, "isStartTag": 1}}
06-28 15:33:58.208  9148  9161 E WProf.db: {"WprofHTMLTag": {"code": "0xaf047e20", "doc": "http://searchengineland.com/learn-three-proven-methods-winning-additional-ppc-budget-clients-276130", "row": 59, "column": 150, "tagName": "link", "time": 25102.131972, "url": "http://searchengineland.com/figz/wp-content/themes/searchengineland/css/searchengineland-bootstrap.css", "pos": 1, "chunkLen": 1, "isStartTag": 1}}
06-28 15:33:58.208  9148  9161 E WProf.db: {"WprofHTMLTag": {"code": "0xaf047e80", "doc": "http://searchengineland.com/learn-three-proven-methods-winning-additional-ppc-budget-clients-276130", "row": 60, "column": 105, "tagName": "link", "time": 25102.132690, "url": "http://fonts.googleapis.com/css?family=Oswald:300,400,700", "pos": 1, "chunkLen": 1, "isStartTag": 1}}
06-28 15:33:58.208  9148  9161 E WProf.db: {"WprofHTMLTag": {"code": "0xaf047ee0", "doc": "http://searchengineland.com/learn-three-proven-methods-winning-additional-ppc-budget-clients-276130", "row": 61, "column": 125, "tagName": "link", "time": 25102.133452, "url": "http://searchengineland.com/figz/wp-content/themes/searchengineland/style.css", "pos": 1, "chunkLen": 1, "isStartTag": 1}}
06-28 15:33:58.208  9148  9161 E WProf.db: {"WprofHTMLTag": {"code": "0xaf047f40", "doc": "http://searchengineland.com/learn-three-proven-methods-winning-additional-ppc-budget-clients-276130", "row": 65, "column": 7, "tagName": "title", "time": 25102.141205, "url": "", "pos": 1, "chunkLen": 1, "isStartTag": 1}}
06-28 15:33:58.208  9148  9161 E WProf.db: {"WprofHTMLTag": {"code": "0xaf047f70", "doc": "http://searchengineland.com/learn-three-proven-methods-winning-additional-ppc-budget-clients-276130", "row": 65, "column": 89, "tagName": "title", "time": 25102.141361, "url": "", "pos": 1, "chunkLen": 1, "isStartTag": 0}}
06-28 15:33:58.208  9148  9161 E WProf.db: {"WprofHTMLTag": {"code": "0xaf047fa0", "doc": "http://searchengineland.com/learn-three-proven-methods-winning-additional-ppc-budget-clients-276130", "row": 66, "column": 250, "tagName": "meta", "time": 25102.141392, "url": "", "pos": 1, "chunkLen": 1, "isStartTag": 1}}
06-28 15:33:58.208  9148  9161 E WProf.db: {"WprofHTMLTag": {"code": "0xaf047fd0", "doc": "http://searchengineland.com/learn-three-proven-methods-winning-additional-ppc-budget-clients-276130", "row": 67, "column": 139, "tagName": "meta", "time": 25102.141755, "url": "", "pos": 1, "chunkLen": 1, "isStartTag": 1}}
06-28 15:33:58.209  9148  9161 E WProf.db: {"WprofHTMLTag": {"code": "0xb4cc74b0", "doc": "http://searchengineland.com/learn-three-proven-methods-winning-additional-ppc-budget-clients-276130", "row": 68, "column": 141, "tagName": "meta", "time": 25102.141938, "url": "", "pos": 1, "chunkLen": 1, "isStartTag": 1}}
06-28 15:33:58.209  9148  9161 E WProf.db: {"WprofHTMLTag": {"code": "0xb4cc7540", "doc": "http://searchengineland.com/learn-three-proven-methods-winning-additional-ppc-budget-clients-276130", "row": 69, "column": 37, "tagName": "meta", "time": 25102.142108, "url": "", "pos": 1, "chunkLen": 1, "isStartTag": 1}}
06-28 15:33:58.209  9148  9161 E WProf.db: {"WprofHTMLTag": {"code": "0xb4cc78a0", "doc": "http://searchengineland.com/learn-three-proven-methods-winning-additional-ppc-budget-clients-276130", "row": 70, "column": 131, "tagName": "link", "time": 25102.142283, "url": "http://searchengineland.com/learn-three-proven-methods-winning-additional-ppc-budget-clients-276130", "pos": 1, "chunkLen": 1, "isStartTag": 1}}
06-28 15:33:58.209  9148  9161 E WProf.db: {"WprofHTMLTag": {"code": "0xb4cc78d0", "doc": "http://searchengineland.com/learn-three-proven-methods-winning-additional-ppc-budget-clients-276130", "row": 71, "column": 76, "tagName": "link", "time": 25102.143355, "url": "https://plus.google.com/103218677032751327334", "pos": 1, "chunkLen": 1, "isStartTag": 1}}
06-28 15:33:58.209  9148  9161 E WProf.db: {"WprofHTMLTag": {"code": "0xb4cc7900", "doc": "http://searchengineland.com/learn-three-proven-methods-winning-additional-ppc-budget-clients-276130", "row": 72, "column": 45, "tagName": "meta", "time": 25102.144065, "url": "", "pos": 1, "chunkLen": 1, "isStartTag": 1}}
06-28 15:33:58.209  9148  9161 E WProf.db: {"WprofHTMLTag": {"code": "0xb4cc7930", "doc": "http://searchengineland.com/learn-three-proven-methods-winning-additional-ppc-budget-clients-276130", "row": 73, "column": 45, "tagName": "meta", "time": 25102.144267, "url": "", "pos": 1, "chunkLen": 1, "isStartTag": 1}}
06-28 15:33:58.209  9148  9161 E WProf.db: {"WprofHTMLTag": {"code": "0xb4cc7960", "doc": "http://searchengineland.com/learn-three-proven-methods-winning-additional-ppc-budget-clients-276130", "row": 74, "column": 113, "tagName": "meta", "time": 25102.144514, "url": "", "pos": 1, "chunkLen": 1, "isStartTag": 1}}
06-28 15:33:58.209  9148  9161 E WProf.db: {"WprofHTMLTag": {"code": "0xb4cc7990", "doc": "http://searchengineland.com/learn-three-proven-methods-winning-additional-ppc-budget-clients-276130", "row": 75, "column": 258, "tagName": "meta", "time": 25102.144683, "url": "", "pos": 1, "chunkLen": 1, "isStartTag": 1}}
06-28 15:33:58.209  9148  9161 E WProf.db: {"WprofHTMLTag": {"code": "0xb4cc79c0", "doc": "http://searchengineland.com/learn-three-proven-methods-winning-additional-ppc-budget-clients-276130", "row": 76, "column": 136, "tagName": "meta", "time": 25102.144850, "url": "", "pos": 1, "chunkLen": 1, "isStartTag": 1}}
06-28 15:33:58.210  9148  9161 E WProf.db: {"WprofHTMLTag": {"code": "0xb4cc79f0", "doc": "http://searchengineland.com/learn-three-proven-methods-winning-additional-ppc-budget-clients-276130", "row": 77, "column": 61, "tagName": "meta", "time": 25102.145007, "url": "", "pos": 1, "chunkLen": 1, "isStartTag": 1}}
06-28 15:33:58.210  9148  9161 E WProf.db: {"WprofHTMLTag": {"code": "0xb4cc7a20", "doc": "http://searchengineland.com/learn-three-proven-methods-winning-additional-ppc-budget-clients-276130", "row": 78, "column": 89, "tagName": "meta", "time": 25102.145176, "url": "", "pos": 1, "chunkLen": 1, "isStartTag": 1}}
06-28 15:33:58.210  9148  9161 E WProf.db: {"WprofHTMLTag": {"code": "0xb4cc7a50", "doc": "http://searchengineland.com/learn-three-proven-methods-winning-additional-ppc-budget-clients-276130", "row": 79, "column": 58, "tagName": "meta", "time": 25102.145329, "url": "", "pos": 1, "chunkLen": 1, "isStartTag": 1}}
06-28 15:33:58.210  9148  9161 E WProf.db: {"WprofHTMLTag": {"code": "0xb4cc7a80", "doc": "http://searchengineland.com/learn-three-proven-methods-winning-additional-ppc-budget-clients-276130", "row": 80, "column": 78, "tagName": "meta", "time": 25102.145486, "url": "", "pos": 1, "chunkLen": 1, "isStartTag": 1}}
06-28 15:33:58.210  9148  9161 E WProf.db: {"WprofHTMLTag": {"code": "0xb4cc7ab0", "doc": "http://searchengineland.com/learn-three-proven-methods-winning-additional-ppc-budget-clients-276130", "row": 81, "column": 77, "tagName": "meta", "time": 25102.145647, "url": "", "pos": 1, "chunkLen": 1, "isStartTag": 1}}
06-28 15:33:58.210  9148  9161 E WProf.db: {"WprofHTMLTag": {"code": "0xb4cc7ae0", "doc": "http://searchengineland.com/learn-three-proven-methods-winning-additional-ppc-budget-clients-276130", "row": 82, "column": 71, "tagName": "meta", "time": 25102.145804, "url": "", "pos": 1, "chunkLen": 1, "isStartTag": 1}}
06-28 15:33:58.210  9148  9161 E WProf.db: {"WprofHTMLTag": {"code": "0xb4cc7b10", "doc": "http://searchengineland.com/learn-three-proven-methods-winning-additional-ppc-budget-clients-276130", "row": 83, "column": 132, "tagName": "meta", "time": 25102.145970, "url": "", "pos": 1, "chunkLen": 1, "isStartTag": 1}}
06-28 15:33:58.210  9148  9161 E WProf.db: {"WprofHTMLTag": {"code": "0xb4cc7b40", "doc": "http://searchengineland.com/learn-three-proven-methods-winning-additional-ppc-budget-clients-276130", "row": 84, "column": 49, "tagName": "meta", "time": 25102.146130, "url": "", "pos": 1, "chunkLen": 1, "isStartTag": 1}}
06-28 15:33:58.210  9148  9161 E WProf.db: {"WprofHTMLTag": {"code": "0xb4cc7b70", "doc": "http://searchengineland.com/learn-three-proven-methods-winning-additional-ppc-budget-clients-276130", "row": 85, "column": 50, "tagName": "meta", "time": 25102.146283, "url": "", "pos": 1, "chunkLen": 1, "isStartTag": 1}}
06-28 15:33:58.210  9148  9161 E WProf.db: {"WprofHTMLTag": {"code": "0xb4cc7ba0", "doc": "http://searchengineland.com/learn-three-proven-methods-winning-additional-ppc-budget-clients-276130", "row": 86, "column": 58, "tagName": "meta", "time": 25102.146455, "url": "", "pos": 1, "chunkLen": 1, "isStartTag": 1}}
06-28 15:33:58.210  9148  9161 E WProf.db: {"WprofHTMLTag": {"code": "0xb4cc7bd0", "doc": "http://searchengineland.com/learn-three-proven-methods-winning-additional-ppc-budget-clients-276130", "row": 87, "column": 259, "tagName": "meta", "time": 25102.146623, "url": "", "pos": 1, "chunkLen": 1, "isStartTag": 1}}
06-28 15:33:58.210  9148  9161 E WProf.db: {"WprofHTMLTag": {"code": "0xb4cc7c00", "doc": "http://searchengineland.com/learn-three-proven-methods-winning-additional-ppc-budget-clients-276130", "row": 88, "column": 114, "tagName": "meta", "time": 25102.146782, "url": "", "pos": 1, "chunkLen": 1, "isStartTag": 1}}
06-28 15:33:58.210  9148  9161 E WProf.db: {"WprofHTMLTag": {"code": "0xb4cc7c30", "doc": "http://searchengineland.com/learn-three-proven-methods-winning-additional-ppc-budget-clients-276130", "row": 89, "column": 51, "tagName": "meta", "time": 25102.146942, "url": "", "pos": 1, "chunkLen": 1, "isStartTag": 1}}
06-28 15:33:58.210  9148  9161 E WProf.db: {"WprofHTMLTag": {"code": "0xb4cc7c60", "doc": "http://searchengineland.com/learn-three-proven-methods-winning-additional-ppc-budget-clients-276130", "row": 90, "column": 133, "tagName": "meta", "time": 25102.147113, "url": "", "pos": 1, "chunkLen": 1, "isStartTag": 1}}
06-28 15:33:58.211  9148  9161 E WProf.db: {"WprofHTMLTag": {"code": "0xb4cc7c90", "doc": "http://searchengineland.com/learn-three-proven-methods-winning-additional-ppc-budget-clients-276130", "row": 91, "column": 53, "tagName": "meta", "time": 25102.147289, "url": "", "pos": 1, "chunkLen": 1, "isStartTag": 1}}
06-28 15:33:58.211  9148  9161 E WProf.db: {"WprofHTMLTag": {"code": "0xb4cc7cc0", "doc": "http://searchengineland.com/learn-three-proven-methods-winning-additional-ppc-budget-clients-276130", "row": 94, "column": 44, "tagName": "link", "time": 25102.147464, "url": "http://s.w.org/", "pos": 1, "chunkLen": 1, "isStartTag": 1}}
06-28 15:33:58.211  9148  9161 E WProf.db: {"WprofHTMLTag": {"code": "0xb4cc7cf0", "doc": "http://searchengineland.com/learn-three-proven-methods-winning-additional-ppc-budget-clients-276130", "row": 95, "column": 33, "tagName": "script", "time": 25102.147773, "url": "", "pos": 1, "chunkLen": 1, "isStartTag": 1}}
06-28 15:33:58.211  9148  9161 E WProf.db: {"WprofHTMLTag": {"code": "0xb4cc7d20", "doc": "http://searchengineland.com/learn-three-proven-methods-winning-additional-ppc-budget-clients-276130", "row": 98, "column": 11, "tagName": "script", "time": 25102.148648, "url": "http://searchengineland.com/figz/wp-includes/js/wp-emoji-release.min.js?ver=4.7.5", "pos": 1, "chunkLen": 1, "isStartTag": 0}}
06-28 15:33:58.211  9148  9161 E WProf.db: {"WprofHTMLTag": {"code": "0x9ea95960", "doc": "http://searchengineland.com/learn-three-proven-methods-winning-additional-ppc-budget-clients-276130", "row": 99, "column": 25, "tagName": "style", "time": 25102.667741, "url": "", "pos": 1, "chunkLen": 1, "isStartTag": 1}}
06-28 15:33:58.211  9148  9161 E WProf.db: {"WprofHTMLTag": {"code": "0x9ea95990", "doc": "http://searchengineland.com/learn-three-proven-methods-winning-additional-ppc-budget-clients-276130", "row": 112, "column": 8, "tagName": "style", "time": 25102.668029, "url": "", "pos": 1, "chunkLen": 1, "isStartTag": 0}}
06-28 15:33:58.211  9148  9161 E WProf.db: {"WprofHTMLTag": {"code": "0x9ea959c0", "doc": "http://searchengineland.com/learn-three-proven-methods-winning-additional-ppc-budget-clients-276130", "row": 113, "column": 140, "tagName": "script", "time": 25102.669783, "url": "http://searchengineland.com/figz/wp-content/themes/searchengineland/js/lib/modernizr.custom.js?ver=1.0", "pos": 1, "chunkLen": 1, "isStartTag": 1}}
06-28 15:33:58.211  9148  9161 E WProf.db: {"WprofHTMLTag": {"code": "0x9ea959f0", "doc": "http://searchengineland.com/learn-three-proven-methods-winning-additional-ppc-budget-clients-276130", "row": 113, "column": 149, "tagName": "script", "time": 25102.670083, "url": "", "pos": 1, "chunkLen": 1, "isStartTag": 0}}
06-28 15:33:58.211  9148  9161 E WProf.db: {"WprofHTMLTag": {"code": "0xaedd8ae0", "doc": "http://searchengineland.com/learn-three-proven-methods-winning-additional-ppc-budget-clients-276130", "row": 114, "column": 144, "tagName": "script", "time": 25102.679721, "url": "http://searchengineland.com/figz/wp-content/themes/searchengineland/js/lib/jquery-1.11.0.min.js?ver=1.11.0", "pos": 1, "chunkLen": 1, "isStartTag": 1}}
06-28 15:33:58.211  9148  9161 E WProf.db: {"WprofHTMLTag": {"code": "0x9ea95a80", "doc": "http://searchengineland.com/learn-three-proven-methods-winning-additional-ppc-budget-clients-276130", "row": 114, "column": 153, "tagName": "script", "time": 25102.679962, "url": "", "pos": 1, "chunkLen": 1, "isStartTag": 0}}
06-28 15:33:58.211  9148  9161 E WProf.db: {"WprofHTMLTag": {"code": "0xaedd8ed0", "doc": "http://searchengineland.com/learn-three-proven-methods-winning-additional-ppc-budget-clients-276130", "row": 0, "column": 15, "tagName": "div", "time": 25102.741324, "url": "", "pos": 15, "chunkLen": 44, "isStartTag": 1}}
06-28 15:33:58.211  9148  9161 E WProf.db: {"WprofHTMLTag": {"code": "0xaedd8ea0", "doc": "http://searchengineland.com/learn-three-proven-methods-winning-additional-ppc-budget-clients-276130", "row": 0, "column": 21, "tagName": "div", "time": 25102.741468, "url": "", "pos": 21, "chunkLen": 44, "isStartTag": 0}}
06-28 15:33:58.211  9148  9161 E WProf.db: {"WprofHTMLTag": {"code": "0xaedd8e70", "doc": "http://searchengineland.com/learn-three-proven-methods-winning-additional-ppc-budget-clients-276130", "row": 0, "column": 38, "tagName": "div", "time": 25102.741536, "url": "", "pos": 38, "chunkLen": 44, "isStartTag": 1}}
06-28 15:33:58.212  9148  9161 E WProf.db: {"WprofHTMLTag": {"code": "0xaedd8d20", "doc": "http://searchengineland.com/learn-three-proven-methods-winning-additional-ppc-budget-clients-276130", "row": 0, "column": 44, "tagName": "div", "time": 25102.741651, "url": "", "pos": 44, "chunkLen": 44, "isStartTag": 0}}
06-28 15:33:58.212  9148  9161 E WProf.db: {"WprofHTMLTag": {"code": "0x9ea95b10", "doc": "http://searchengineland.com/learn-three-proven-methods-winning-additional-ppc-budget-clients-276130", "row": 0, "column": 13, "tagName": "select", "time": 25102.743087, "url": "", "pos": 13, "chunkLen": 51, "isStartTag": 1}}
06-28 15:33:58.212  9148  9161 E WProf.db: {"WprofHTMLTag": {"code": "0x9ea95b40", "doc": "http://searchengineland.com/learn-three-proven-methods-winning-additional-ppc-budget-clients-276130", "row": 0, "column": 33, "tagName": "option", "time": 25102.743283, "url": "", "pos": 33, "chunkLen": 51, "isStartTag": 1}}
06-28 15:33:58.212  9148  9161 E WProf.db: {"WprofHTMLTag": {"code": "0x9ea95b70", "doc": "http://searchengineland.com/learn-three-proven-methods-winning-additional-ppc-budget-clients-276130", "row": 0, "column": 42, "tagName": "option", "time": 25102.743767, "url": "", "pos": 42, "chunkLen": 51, "isStartTag": 0}}
06-28 15:33:58.212  9148  9161 E WProf.db: {"WprofHTMLTag": {"code": "0x9ea95ba0", "doc": "http://searchengineland.com/learn-three-proven-methods-winning-additional-ppc-budget-clients-276130", "row": 0, "column": 51, "tagName": "select", "time": 25102.743827, "url": "", "pos": 51, "chunkLen": 51, "isStartTag": 0}}
06-28 15:33:58.212  9148  9161 E WProf.db: {"WprofHTMLTag": {"code": "0x9ea95bd0", "doc": "http://searchengineland.com/learn-three-proven-methods-winning-additional-ppc-budget-clients-276130", "row": 0, "column": 12, "tagName": "a", "time": 25102.748526, "url": "", "pos": 12, "chunkLen": 16, "isStartTag": 1}}
06-28 15:33:58.212  9148  9161 E WProf.db: {"WprofHTMLTag": {"code": "0x9ea95c00", "doc": "http://searchengineland.com/learn-three-proven-methods-winning-additional-ppc-budget-clients-276130", "row": 0, "column": 16, "tagName": "a", "time": 25102.748696, "url": "", "pos": 16, "chunkLen": 16, "isStartTag": 0}}
06-28 15:33:58.212  9148  9161 E WProf.db: {"WprofHTMLTag": {"code": "0x9ea95c30", "doc": "http://searchengineland.com/learn-three-proven-methods-winning-additional-ppc-budget-clients-276130", "row": 0, "column": 8, "tagName": "input", "time": 25102.750925, "url": "", "pos": 8, "chunkLen": 8, "isStartTag": 1}}
06-28 15:33:58.212  9148  9161 E WProf.db: {"WprofHTMLTag": {"code": "0x9ea95c60", "doc": "http://searchengineland.com/learn-three-proven-methods-winning-additional-ppc-budget-clients-276130", "row": 0, "column": 9, "tagName": "link", "time": 25102.760732, "url": "", "pos": 9, "chunkLen": 42, "isStartTag": 1}}
06-28 15:33:58.212  9148  9161 E WProf.db: {"WprofHTMLTag": {"code": "0x9ea95c90", "doc": "http://searchengineland.com/learn-three-proven-methods-winning-additional-ppc-budget-clients-276130", "row": 0, "column": 16, "tagName": "table", "time": 25102.760858, "url": "", "pos": 16, "chunkLen": 42, "isStartTag": 1}}
06-28 15:33:58.212  9148  9161 E WProf.db: {"WprofHTMLTag": {"code": "0x9ea95cc0", "doc": "http://searchengineland.com/learn-three-proven-methods-winning-additional-ppc-budget-clients-276130", "row": 0, "column": 24, "tagName": "table", "time": 25102.760985, "url": "", "pos": 24, "chunkLen": 42, "isStartTag": 0}}
06-28 15:33:58.212  9148  9161 E WProf.db: {"WprofHTMLTag": {"code": "0x9ea95cf0", "doc": "http://searchengineland.com/learn-three-proven-methods-winning-additional-ppc-budget-clients-276130", "row": 0, "column": 37, "tagName": "a", "time": 25102.761053, "url": "", "pos": 37, "chunkLen": 42, "isStartTag": 1}}
06-28 15:33:58.212  9148  9161 E WProf.db: {"WprofHTMLTag": {"code": "0x9ea95d20", "doc": "http://searchengineland.com/learn-three-proven-methods-winning-additional-ppc-budget-clients-276130", "row": 0, "column": 42, "tagName": "a", "time": 25102.761230, "url": "", "pos": 42, "chunkLen": 42, "isStartTag": 0}}
06-28 15:33:58.213  9148  9161 E WProf.db: {"WprofHTMLTag": {"code": "0x9ea95db0", "doc": "http://searchengineland.com/learn-three-proven-methods-winning-additional-ppc-budget-clients-276130", "row": 0, "column": 10, "tagName": "textarea", "time": 25102.762518, "url": "", "pos": 10, "chunkLen": 22, "isStartTag": 1}}
06-28 15:33:58.213  9148  9161 E WProf.db: {"WprofHTMLTag": {"code": "0x9ea95de0", "doc": "http://searchengineland.com/learn-three-proven-methods-winning-additional-ppc-budget-clients-276130", "row": 0, "column": 22, "tagName": "textarea", "time": 25102.762714, "url": "", "pos": 22, "chunkLen": 22, "isStartTag": 0}}
06-28 15:33:58.213  9148  9161 E WProf.db: {"WprofHTMLTag": {"code": "0x9ea95e10", "doc": "http://searchengineland.com/learn-three-proven-methods-winning-additional-ppc-budget-clients-276130", "row": 0, "column": 48, "tagName": "input", "time": 25102.763969, "url": "", "pos": 48, "chunkLen": 48, "isStartTag": 1}}
06-28 15:33:58.213  9148  9161 E WProf.db: {"WprofHTMLTag": {"code": "0x9ea95e70", "doc": "http://searchengineland.com/learn-three-proven-methods-winning-additional-ppc-budget-clients-276130", "row": 0, "column": 9, "tagName": "link", "time": 25102.768542, "url": "", "pos": 9, "chunkLen": 66, "isStartTag": 1}}
06-28 15:33:58.213  9148  9161 E WProf.db: {"WprofHTMLTag": {"code": "0x9ea95ea0", "doc": "http://searchengineland.com/learn-three-proven-methods-winning-additional-ppc-budget-clients-276130", "row": 0, "column": 16, "tagName": "table", "time": 25102.768662, "url": "", "pos": 16, "chunkLen": 66, "isStartTag": 1}}
06-28 15:33:58.213  9148  9161 E WProf.db: {"WprofHTMLTag": {"code": "0x9ea95ed0", "doc": "http://searchengineland.com/learn-three-proven-methods-winning-additional-ppc-budget-clients-276130", "row": 0, "column": 24, "tagName": "table", "time": 25102.768734, "url": "", "pos": 24, "chunkLen": 66, "isStartTag": 0}}
06-28 15:33:58.213  9148  9161 E WProf.db: {"WprofHTMLTag": {"code": "0x9ea95f00", "doc": "http://searchengineland.com/learn-three-proven-methods-winning-additional-ppc-budget-clients-276130", "row": 0, "column": 37, "tagName": "a", "time": 25102.768799, "url": "", "pos": 37, "chunkLen": 66, "isStartTag": 1}}
06-28 15:33:58.213  9148  9161 E WProf.db: {"WprofHTMLTag": {"code": "0x9ea95f30", "doc": "http://searchengineland.com/learn-three-proven-methods-winning-additional-ppc-budget-clients-276130", "row": 0, "column": 42, "tagName": "a", "time": 25102.768989, "url": "", "pos": 42, "chunkLen": 66, "isStartTag": 0}}
06-28 15:33:58.213  9148  9161 E WProf.db: {"WprofHTMLTag": {"code": "0x9ea95f60", "doc": "http://searchengineland.com/learn-three-proven-methods-winning-additional-ppc-budget-clients-276130", "row": 0, "column": 66, "tagName": "input", "time": 25102.769052, "url": "", "pos": 66, "chunkLen": 66, "isStartTag": 1}}
06-28 15:33:58.213  9148  9161 E WProf.db: {"WprofHTMLTag": {"code": "0x9ea95ff0", "doc": "http://searchengineland.com/learn-three-proven-methods-winning-additional-ppc-budget-clients-276130", "row": 0, "column": 9, "tagName": "link", "time": 25102.771305, "url": "", "pos": 9, "chunkLen": 66, "isStartTag": 1}}
06-28 15:33:58.213  9148  9161 E WProf.db: {"WprofHTMLTag": {"code": "0x9ea96020", "doc": "http://searchengineland.com/learn-three-proven-methods-winning-additional-ppc-budget-clients-276130", "row": 0, "column": 16, "tagName": "table", "time": 25102.771423, "url": "", "pos": 16, "chunkLen": 66, "isStartTag": 1}}
