--------- beginning of main
06-28 17:12:23.204  3449  3449 E Finsky  : [1] com.google.android.finsky.wear.bl.a(3): onConnectionFailed: ConnectionResult{statusCode=API_UNAVAILABLE, resolution=null, message=null}
--------- beginning of system
06-28 17:12:24.283 16626 16626 E chromium: [ERROR:shell_integration_android.cc(12)] Not implemented reached in static ShellIntegration::DefaultWebClientSetPermission ShellIntegration::CanSetAsDefaultBrowser()
06-28 17:12:24.287 16626 16626 E chromium: [ERROR:browser_process_impl.cc(720)] Not implemented reached in virtual BackgroundModeManager* BrowserProcessImpl::background_mode_manager()
06-28 17:12:27.088 16626 16676 E chromium: [ERROR:gles2_cmd_decoder.cc(3852)] [.ChromiumCompositor-0xacbb2fc0]GL ERROR :GL_INVALID_ENUM : glDiscardFramebufferEXT: attachments was GL_COLOR_EXT
06-28 17:12:27.421 16696 16709 E WPROF   : {"CSS": {"url": "http://searchengineland.com/figz/wp-content/themes/searchengineland/css/searchengineland-bootstrap.css", "requestTime": 31024.476339}}
06-28 17:12:27.423 16696 16709 E WPROF   : {"CSS": {"url": "http://fonts.googleapis.com/css?family=Oswald:300,400,700", "requestTime": 31024.479193}}
06-28 17:12:27.426 16696 16709 E WPROF   : {"CSS": {"url": "http://searchengineland.com/figz/wp-content/themes/searchengineland/style.css", "requestTime": 31024.481966}}
06-28 17:12:27.439 16696 16709 E WPROF   : {"Javascript": {"url": "http://searchengineland.com/figz/wp-content/themes/searchengineland/js/lib/modernizr.custom.js?ver=1.0", "requestTime": 31024.495037}}
06-28 17:12:27.440 16696 16709 E WPROF   : {"Javascript": {"url": "http://searchengineland.com/figz/wp-content/themes/searchengineland/js/lib/jquery-1.11.0.min.js?ver=1.11.0", "requestTime": 31024.495668}}
06-28 17:12:27.441 16696 16709 E WPROF   : {"Javascript": {"url": "http://searchengineland.com/figz/wp-content/themes/searchengineland/js/lib/jquery-ui-1.10.3.custom.min.js?ver=1.10.3", "requestTime": 31024.496647}}
06-28 17:12:27.442 16696 16709 E WPROF   : {"Javascript": {"url": "http://searchengineland.com/figz/wp-content/themes/searchengineland/js/lib/jquery.ba-throttle-debounce.min.js?ver=1.1", "requestTime": 31024.497528}}
06-28 17:12:27.443 16696 16709 E WPROF   : {"Javascript": {"url": "http://searchengineland.com/figz/wp-content/themes/searchengineland/js/lib/jquery.countdown.min.js?ver=2.0.4", "requestTime": 31024.498422}}
06-28 17:12:27.444 16696 16709 E WPROF   : {"Javascript": {"url": "http://static.chartbeat.com/js/chartbeat_mab.js", "requestTime": 31024.499602}}
06-28 17:12:28.081 16696 16709 E WPROF   : {"Javascript": {"url": "http://searchengineland.com/figz/wp-includes/js/wp-emoji-release.min.js?ver=4.7.5", "requestTime": 31025.137209}}
06-28 17:12:28.447 16696 16709 E WPROF   : {"Javascript": {"url": "http://www.googletagservices.com/tag/js/gpt.js", "requestTime": 31025.502693}}
06-28 17:12:28.451 16696 16709 E WPROF   : {"Javascript": {"url": "https://www.google-analytics.com/analytics.js", "requestTime": 31025.506382}}
06-28 17:12:28.453 16696 16709 E WPROF   : {"Javascript": {"url": "http://edge.quantserve.com/quant.js", "requestTime": 31025.508565}}
06-28 17:12:28.455 16696 16709 E WPROF   : {"Javascript": {"url": "https://connect.facebook.net/en_US/fbevents.js", "requestTime": 31025.510416}}
06-28 17:12:28.524 16626 16676 E chromium: [ERROR:gles2_cmd_decoder.cc(3852)] [.ChromiumCompositor-0xacbb2fc0]GL ERROR :GL_INVALID_ENUM : glDiscardFramebufferEXT: attachments was GL_COLOR_EXT
06-28 17:12:28.573 16696 16709 E WPROF   : {"Javascript": {"url": "http://app-sj02.marketo.com/js/forms2/js/forms2.min.js", "requestTime": 31025.628985}}
06-28 17:12:28.722 16696 16709 E WPROF   : {"Javascript": {"url": "https://connect.facebook.net/signals/config/423979991297359?v=2.7.17", "requestTime": 31025.777623}}
06-28 17:12:28.723 16626 16676 E chromium: [ERROR:gles2_cmd_decoder.cc(3852)] [.ChromiumCompositor-0xacbb2fc0]GL ERROR :GL_INVALID_ENUM : glDiscardFramebufferEXT: attachments was GL_COLOR_EXT
06-28 17:12:28.886 16696 16709 E WPROF   : {"Javascript": {"url": "http://app-sj02.marketo.com/index.php/form/getForm?munchkinId=727-ZQE-044&form=5691&url=http%3A%2F%2Fsearchengineland.com%2Flocally-sourced-search-engine-lands-top-10-local-search-columns-2015-237927&callback=jQuery110205327368483413011_1498637548819&_=1498637548820", "requestTime": 31025.941438}}
06-28 17:12:28.929 16696 16709 E WPROF   : {"Javascript": {"url": "http://app-sj02.marketo.com/index.php/form/getForm?munchkinId=727-ZQE-044&form=5685&url=http%3A%2F%2Fsearchengineland.com%2Flocally-sourced-search-engine-lands-top-10-local-search-columns-2015-237927&callback=jQuery110205327368483413011_1498637548821&_=1498637548822", "requestTime": 31025.984825}}
06-28 17:12:29.025 16696 16709 E WPROF   : {"Javascript": {"url": "https://securepubads.g.doubleclick.net/gpt/pubads_impl_121.js", "requestTime": 31026.080859}}
06-28 17:12:29.244 16696 16709 E WPROF   : {"Javascript": {"url": "http://app-sj02.marketo.com/index.php/form/getForm?munchkinId=727-ZQE-044&form=5673&url=http%3A%2F%2Fsearchengineland.com%2Flocally-sourced-search-engine-lands-top-10-local-search-columns-2015-237927&callback=jQuery110205327368483413011_1498637548823&_=1498637548824", "requestTime": 31026.300083}}
06-28 17:12:29.251 16626 16676 E chromium: [ERROR:gles2_cmd_decoder.cc(3852)] [.ChromiumCompositor-0xacbb2fc0]GL ERROR :GL_INVALID_ENUM : glDiscardFramebufferEXT: attachments was GL_COLOR_EXT
06-28 17:12:29.254 16696 16709 E WPROF   : {"Javascript": {"url": "http://searchengineland.com/js/ga_social_tracking.js", "requestTime": 31026.309571}}
06-28 17:12:29.259 16696 16709 E WPROF   : {"Javascript": {"url": "http://s7.addthis.com/js/300/addthis_widget.js#pubid=ra-53e918f660794f37", "requestTime": 31026.314706}}
06-28 17:12:29.722 16696 16709 E WPROF   : {"Javascript": {"url": "http://cdn.api.twitter.com/1/users/show.json?screen_name=jessotron&callback=twttr.setFollowersCount", "requestTime": 31026.777884}}
06-28 17:12:29.846 16626 16676 E chromium: [ERROR:gles2_cmd_decoder.cc(3852)] [.ChromiumCompositor-0xacbb2fc0]GL ERROR :GL_INVALID_ENUM : glDiscardFramebufferEXT: attachments was GL_COLOR_EXT
06-28 17:12:29.849 16696 16709 E WPROF   : {"CSS": {"url": "http://app-sj02.marketo.com/js/forms2/css/forms2.css", "requestTime": 31026.904486}}
06-28 17:12:29.855 16696 16709 E WPROF   : {"CSS": {"url": "http://app-sj02.marketo.com/js/forms2/css/forms2-theme-simple.css", "requestTime": 31026.910730}}
06-28 17:12:30.483 16696 16709 E WPROF   : {"Javascript": {"url": "https://securepubads.g.doubleclick.net/gampad/ads?gdfp_req=1&correlator=2417934429323264&output=json_html&callback=googletag.impl.pubads.callbackProxy1&impl=fifs&json_a=1&eid=108809080%2C108809107&sc=0&sfv=1-0-9&iu_parts=1038259%2Csel-ciu-1%2Csel-ciu-2%2Csel-ciu-3%2Csel-ciu-4%2Csel-ciu-5%2Cch-local-", "requestTime": 31027.539088}}
06-28 17:12:30.544 16696 16709 E WPROF   : {"Javascript": {"url": "https://static.xx.fbcdn.net/rsrc.php/v3iy6L4/yF/l/ko_KR/w3AiswiqjrJ.js", "requestTime": 31027.599397}}
06-28 17:12:30.718 16626 16676 E chromium: [ERROR:gles2_cmd_decoder.cc(3852)] [.ChromiumCompositor-0xacbb2fc0]GL ERROR :GL_INVALID_ENUM : glDiscardFramebufferEXT: attachments was GL_COLOR_EXT
06-28 17:12:31.095 16696 16709 E WPROF   : {"Javascript": {"url": "http://platform.twitter.com/widgets.js", "requestTime": 31028.150724}}
06-28 17:12:31.097 16696 16709 E WPROF   : {"Javascript": {"url": "http://connect.facebook.net/en_US/sdk.js", "requestTime": 31028.152550}}
06-28 17:12:31.098 16696 16709 E WPROF   : {"Javascript": {"url": "https://apis.google.com/js/platform.js", "requestTime": 31028.154192}}
06-28 17:12:31.116 16696 16709 E WPROF   : {"Javascript": {"url": "http://rules.quantcount.com/rules-p-5aGizvD82d9hk.js", "requestTime": 31028.171326}}
06-28 17:12:31.118 16696 16709 E WPROF   : {"Javascript": {"url": "http://munchkin.marketo.net/munchkin.js", "requestTime": 31028.174135}}
06-28 17:12:31.296 16696 16709 E WPROF   : {"Javascript": {"url": "http://d2j3qa5nc37287.cloudfront.net/coupon_code1.js", "requestTime": 31028.351934}}
06-28 17:12:31.302 16696 16709 E WPROF   : {"Javascript": {"url": "http://www.googleadservices.com/pagead/conversion.js", "requestTime": 31028.357701}}
06-28 17:12:31.303 16696 16709 E WPROF   : {"Javascript": {"url": "http://searchengineland.com/figz/wp-content/themes/searchengineland/js/script.js?ver=1.0", "requestTime": 31028.358473}}
06-28 17:12:31.303 16696 16709 E WPROF   : {"Javascript": {"url": "http://searchengineland.com/figz/wp-includes/js/wp-embed.min.js?ver=4.7.5", "requestTime": 31028.358864}}
06-28 17:12:31.304 16696 16709 E WPROF   : {"Javascript": {"url": "http://searchengineland.com/figz/wp-content/themes/searchengineland/js/modules/sharing_controls.js", "requestTime": 31028.359489}}
06-28 17:12:31.324 16696 16709 E WPROF   : {"CSS": {"url": "https://www.youtube.com/yts/cssbin/www-embed-player-sprite-mode-vfl5G4Xm8.css", "requestTime": 31028.379754}}
06-28 17:12:31.338 16696 16709 E WPROF   : {"Javascript": {"url": "https://www.youtube.com/yts/jsbin/www-embed-player-vfl_UY_j8/www-embed-player.js", "requestTime": 31028.393659}}
06-28 17:12:31.339 16696 16709 E WPROF   : {"Javascript": {"url": "https://www.youtube.com/yts/jsbin/player-vflo1w4O-/ko_KR/base.js", "requestTime": 31028.394534}}
06-28 17:12:31.359 16626 16676 E chromium: [ERROR:gles2_cmd_decoder.cc(3852)] [.ChromiumCompositor-0xacbb2fc0]GL ERROR :GL_INVALID_ENUM : glDiscardFramebufferEXT: attachments was GL_COLOR_EXT
06-28 17:12:31.450 16626 16676 E chromium: [ERROR:gles2_cmd_decoder.cc(3852)] [.ChromiumCompositor-0xacbb2fc0]GL ERROR :GL_INVALID_ENUM : glDiscardFramebufferEXT: attachments was GL_COLOR_EXT
06-28 17:12:32.183 16696 16709 E WPROF   : {"Javascript": {"url": "http://m.addthisedge.com/live/boost/ra-53e918f660794f37/_ate.track.config_resp", "requestTime": 31029.238417}}
06-28 17:12:32.231 16696 16709 E WPROF   : {"Javascript": {"url": "http://m.addthis.com/live/red_lojson/300lo.json?si=595364ee4cec9872&bkl=0&bl=1&pdt=2250&sid=595364ee4cec9872&pub=ra-53e918f660794f37&rev=v7.15.4-wp&ln=ko&pc=men&cb=0&ab=-&dp=searchengineland.com&fp=locally-sourced-search-engine-lands-top-10-local-search-columns-2015-237927&fr=&of=0&pd=0&irt=0&vcl=0&", "requestTime": 31029.286566}}
06-28 17:12:32.286 16696 16709 E WPROF   : {"Javascript": {"url": "http://dnn506yrbagrg.cloudfront.net/pages/scripts/0026/4062.js?416288", "requestTime": 31029.341609}}
06-28 17:12:32.328 16626 16676 E chromium: [ERROR:gles2_cmd_decoder.cc(3852)] [.ChromiumCompositor-0xacbb2fc0]GL ERROR :GL_INVALID_ENUM : glDiscardFramebufferEXT: attachments was GL_COLOR_EXT
06-28 17:12:32.488 16626 16676 E chromium: [ERROR:gles2_cmd_decoder.cc(3852)] [.ChromiumCompositor-0xacbb2fc0]GL ERROR :GL_INVALID_ENUM : glDiscardFramebufferEXT: attachments was GL_COLOR_EXT
06-28 17:12:33.583 16696 16709 E WPROF   : {"Javascript": {"url": "https://www.google.com/js/bg/KWBfAnWFESAEEaKKgdYlTHY9ysQaNoQuzeMFqvxDSM8.js", "requestTime": 31030.638358}}
06-28 17:12:33.585 16696 16709 E WPROF   : {"Javascript": {"url": "https://static.doubleclick.net/instream/ad_status.js", "requestTime": 31030.640490}}
06-28 17:12:33.841 16626 16676 E chromium: [ERROR:gles2_cmd_decoder.cc(3852)] [.ChromiumCompositor-0xacbb2fc0]GL ERROR :GL_INVALID_ENUM : glDiscardFramebufferEXT: attachments was GL_COLOR_EXT
06-28 17:12:34.261 16626 16676 E chromium: [ERROR:gles2_cmd_decoder.cc(3852)] [.ChromiumCompositor-0xacbb2fc0]GL ERROR :GL_INVALID_ENUM : glDiscardFramebufferEXT: attachments was GL_COLOR_EXT
06-28 17:12:34.670 16626 16676 E chromium: [ERROR:gles2_cmd_decoder.cc(3852)] [.ChromiumCompositor-0xacbb2fc0]GL ERROR :GL_INVALID_ENUM : glDiscardFramebufferEXT: attachments was GL_COLOR_EXT
06-28 17:12:35.431 16696 16709 E WPROF   : {"Javascript": {"url": "https://tpc.googlesyndication.com/pagead/js/r20170619/r20110914/client/ext/m_window_focus_non_hydra.js", "requestTime": 31032.486499}}
06-28 17:12:35.434 16696 16709 E WPROF   : {"Javascript": {"url": "https://tpc.googlesyndication.com/pagead/js/r20170619/r20110914/activeview/osd_listener.js", "requestTime": 31032.489945}}
06-28 17:12:35.439 16696 16709 E WPROF   : {"Javascript": {"url": "http://pagead2.googlesyndication.com/pagead/osd.js", "requestTime": 31032.494870}}
06-28 17:12:35.810 16696 16709 E WPROF   : {"Javascript": {"url": "https://platform.twitter.com/js/button.b731e6c82269f70f6fc53634e044a4c6.js", "requestTime": 31032.865969}}
06-28 17:12:35.819 16696 16709 E WPROF   : {"Javascript": {"url": "http://www.justuno.com/ajax/account_version_check.html?id=828FA275-FF73-401E-AA39-40F5A6FAB6B1", "requestTime": 31032.875117}}
06-28 17:12:36.061 16696 16709 E WPROF   : {"Javascript": {"url": "http://s7.addthis.com/static/layers.4acb6c577b51939661ec.js", "requestTime": 31033.116326}}
06-28 17:12:36.137 16626 16676 E chromium: [ERROR:gles2_cmd_decoder.cc(3852)] [.ChromiumCompositor-0xacbb2fc0]GL ERROR :GL_INVALID_ENUM : glDiscardFramebufferEXT: attachments was GL_COLOR_EXT
06-28 17:12:36.358 16626 16676 E chromium: [ERROR:gles2_cmd_decoder.cc(3852)] [.ChromiumCompositor-0xacbb2fc0]GL ERROR :GL_INVALID_ENUM : glDiscardFramebufferEXT: attachments was GL_COLOR_EXT
06-28 17:12:36.556 16626 16676 E chromium: [ERROR:gles2_cmd_decoder.cc(3852)] [.ChromiumCompositor-0xacbb2fc0]GL ERROR :GL_INVALID_ENUM : glDiscardFramebufferEXT: attachments was GL_COLOR_EXT
06-28 17:12:36.708 16626 16676 E chromium: [ERROR:gles2_cmd_decoder.cc(3852)] [.ChromiumCompositor-0xacbb2fc0]GL ERROR :GL_INVALID_ENUM : glDiscardFramebufferEXT: attachments was GL_COLOR_EXT
06-28 17:12:36.753 16696 16709 E WPROF   : {"Javascript": {"url": "https://app-sj02.marketo.com/js/forms2/js/forms2.min.js", "requestTime": 31033.808635}}
06-28 17:12:39.143 16696 16709 E WPROF   : {"Javascript": {"url": "http://cdn.justuno.com/mwgt_3.6.js", "requestTime": 31036.199189}}
06-28 17:12:39.474 16626 16676 E chromium: [ERROR:gles2_cmd_decoder.cc(3852)] [.ChromiumCompositor-0xacbb2fc0]GL ERROR :GL_INVALID_ENUM : glDiscardFramebufferEXT: attachments was GL_COLOR_EXT
06-28 17:12:39.787 16626 16676 E chromium: [ERROR:gles2_cmd_decoder.cc(3852)] [.ChromiumCompositor-0xacbb2fc0]GL ERROR :GL_INVALID_ENUM : glDiscardFramebufferEXT: attachments was GL_COLOR_EXT
06-28 17:12:40.135 16696 16709 E WPROF   : {"Javascript": {"url": "http://munchkin.marketo.net/151/munchkin.js", "requestTime": 31037.190936}}
06-28 17:12:40.318 16626 16676 E chromium: [ERROR:gles2_cmd_decoder.cc(3852)] [.ChromiumCompositor-0xacbb2fc0]GL ERROR :GL_INVALID_ENUM : glDiscardFramebufferEXT: attachments was GL_COLOR_EXT
06-28 17:12:40.393 16696 16709 E WPROF   : {"Javascript": {"url": "https://cdn.syndication.twimg.com/widgets/followbutton/info.json?callback=__twttr.setFollowersCountAndFollowing&lang=en&screen_names=sengineland", "requestTime": 31037.448979}}
06-28 17:12:40.600 16626 16676 E chromium: [ERROR:gles2_cmd_decoder.cc(3852)] [.ChromiumCompositor-0xacbb2fc0]GL ERROR :GL_INVALID_ENUM : glDiscardFramebufferEXT: attachments was GL_COLOR_EXT
06-28 17:12:40.863 16696 16709 E WProf.db: {"page": "searchengineland.com_locally-sourced-search-engine-lands-top-10-local-search-columns-2015-237927"}
06-28 17:12:40.863 16696 16709 E WProf.db: {"DOMLoad": 31037.918790}
06-28 17:12:40.863 16696 16709 E WProf.db: {"Resource": {"id": 1, "url": "http://searchengineland.com/locally-sourced-search-engine-lands-top-10-local-search-columns-2015-237927", "sentTime": -1.000000, "len": 96998, "from": "0x0", "mimeType": "text/html", "contentLength": -1, "httpStatus": 200, "connId": 20, "connReused": 1, "cached": 0,"requestTime": 31024.071158, "proxyStart": -1, "proxyEnd": -1, "dnsStart": -1, "dnsEnd": -1, "connectStart": 0, "connectEnd": 63, "sendStart": 63, "sendEnd": 64, "receiveHeadersEnd": 260, "sslStart": -1, "sslEnd": -1}}
06-28 17:12:40.863 16696 16709 E WProf.db: {"ReceivedChunk": {"receivedTime": 31024.347581, "len": 12889}}
06-28 17:12:40.863 16696 16709 E WProf.db: {"ReceivedChunk": {"receivedTime": 31024.462523, "len": 32768}}
06-28 17:12:40.863 16696 16709 E WProf.db: {"ReceivedChunk": {"receivedTime": 31024.463122, "len": 24790}}
06-28 17:12:40.864 16696 16709 E WProf.db: {"ReceivedChunk": {"receivedTime": 31024.530589, "len": 7742}}
06-28 17:12:40.864 16696 16709 E WProf.db: {"ReceivedChunk": {"receivedTime": 31024.548192, "len": 18809}}
06-28 17:12:40.864 16696 16709 E WProf.db: {"WprofHTMLTag": {"code": "0xaeddd630", "doc": "http://searchengineland.com/locally-sourced-search-engine-lands-top-10-local-search-columns-2015-237927", "row": 6, "column": 42, "tagName": "html", "time": 31024.466746, "url": "", "pos": 1, "chunkLen": 1, "isStartTag": 1}}
06-28 17:12:40.864 16696 16709 E WProf.db: {"WprofHTMLTag": {"code": "0xaf047760", "doc": "http://searchengineland.com/locally-sourced-search-engine-lands-top-10-local-search-columns-2015-237927", "row": 7, "column": 6, "tagName": "head", "time": 31024.467549, "url": "", "pos": 1, "chunkLen": 1, "isStartTag": 1}}
06-28 17:12:40.864 16696 16709 E WProf.db: {"WprofHTMLTag": {"code": "0xaf047850", "doc": "http://searchengineland.com/locally-sourced-search-engine-lands-top-10-local-search-columns-2015-237927", "row": 8, "column": 54, "tagName": "meta", "time": 31024.467632, "url": "", "pos": 1, "chunkLen": 1, "isStartTag": 1}}
06-28 17:12:40.864 16696 16709 E WProf.db: {"WprofHTMLTag": {"code": "0xaf047880", "doc": "http://searchengineland.com/locally-sourced-search-engine-lands-top-10-local-search-columns-2015-237927", "row": 9, "column": 68, "tagName": "meta", "time": 31024.467857, "url": "", "pos": 1, "chunkLen": 1, "isStartTag": 1}}
06-28 17:12:40.864 16696 16709 E WProf.db: {"WprofHTMLTag": {"code": "0xaf0478b0", "doc": "http://searchengineland.com/locally-sourced-search-engine-lands-top-10-local-search-columns-2015-237927", "row": 10, "column": 23, "tagName": "meta", "time": 31024.468032, "url": "", "pos": 1, "chunkLen": 1, "isStartTag": 1}}
06-28 17:12:40.864 16696 16709 E WProf.db: {"WprofHTMLTag": {"code": "0xaf0478e0", "doc": "http://searchengineland.com/locally-sourced-search-engine-lands-top-10-local-search-columns-2015-237927", "row": 11, "column": 52, "tagName": "meta", "time": 31024.468237, "url": "", "pos": 1, "chunkLen": 1, "isStartTag": 1}}
06-28 17:12:40.864 16696 16709 E WProf.db: {"WprofHTMLTag": {"code": "0xaf047910", "doc": "http://searchengineland.com/locally-sourced-search-engine-lands-top-10-local-search-columns-2015-237927", "row": 14, "column": 56, "tagName": "meta", "time": 31024.468455, "url": "", "pos": 1, "chunkLen": 1, "isStartTag": 1}}
06-28 17:12:40.865 16696 16709 E WProf.db: {"WprofHTMLTag": {"code": "0xaf047940", "doc": "http://searchengineland.com/locally-sourced-search-engine-lands-top-10-local-search-columns-2015-237927", "row": 15, "column": 83, "tagName": "meta", "time": 31024.468637, "url": "", "pos": 1, "chunkLen": 1, "isStartTag": 1}}
06-28 17:12:40.865 16696 16709 E WProf.db: {"WprofHTMLTag": {"code": "0xaf047970", "doc": "http://searchengineland.com/locally-sourced-search-engine-lands-top-10-local-search-columns-2015-237927", "row": 16, "column": 57, "tagName": "meta", "time": 31024.468814, "url": "", "pos": 1, "chunkLen": 1, "isStartTag": 1}}
06-28 17:12:40.865 16696 16709 E WProf.db: {"WprofHTMLTag": {"code": "0xaf047a00", "doc": "http://searchengineland.com/locally-sourced-search-engine-lands-top-10-local-search-columns-2015-237927", "row": 17, "column": 41, "tagName": "meta", "time": 31024.469001, "url": "", "pos": 1, "chunkLen": 1, "isStartTag": 1}}
06-28 17:12:40.865 16696 16709 E WProf.db: {"WprofHTMLTag": {"code": "0xaf047a30", "doc": "http://searchengineland.com/locally-sourced-search-engine-lands-top-10-local-search-columns-2015-237927", "row": 18, "column": 50, "tagName": "meta", "time": 31024.469174, "url": "", "pos": 1, "chunkLen": 1, "isStartTag": 1}}
06-28 17:12:40.865 16696 16709 E WProf.db: {"WprofHTMLTag": {"code": "0xaf047a60", "doc": "http://searchengineland.com/locally-sourced-search-engine-lands-top-10-local-search-columns-2015-237927", "row": 19, "column": 174, "tagName": "meta", "time": 31024.469348, "url": "", "pos": 1, "chunkLen": 1, "isStartTag": 1}}
06-28 17:12:40.865 16696 16709 E WProf.db: {"WprofHTMLTag": {"code": "0xaf0479d0", "doc": "http://searchengineland.com/locally-sourced-search-engine-lands-top-10-local-search-columns-2015-237927", "row": 20, "column": 47, "tagName": "meta", "time": 31024.469521, "url": "", "pos": 1, "chunkLen": 1, "isStartTag": 1}}
06-28 17:12:40.865 16696 16709 E WProf.db: {"WprofHTMLTag": {"code": "0xaf0479a0", "doc": "http://searchengineland.com/locally-sourced-search-engine-lands-top-10-local-search-columns-2015-237927", "row": 21, "column": 67, "tagName": "meta", "time": 31024.469687, "url": "", "pos": 1, "chunkLen": 1, "isStartTag": 1}}
06-28 17:12:40.865 16696 16709 E WProf.db: {"WprofHTMLTag": {"code": "0xaf047a90", "doc": "http://searchengineland.com/locally-sourced-search-engine-lands-top-10-local-search-columns-2015-237927", "row": 22, "column": 57, "tagName": "meta", "time": 31024.469858, "url": "", "pos": 1, "chunkLen": 1, "isStartTag": 1}}
06-28 17:12:40.865 16696 16709 E WProf.db: {"WprofHTMLTag": {"code": "0xaf047ac0", "doc": "http://searchengineland.com/locally-sourced-search-engine-lands-top-10-local-search-columns-2015-237927", "row": 23, "column": 65, "tagName": "meta", "time": 31024.470108, "url": "", "pos": 1, "chunkLen": 1, "isStartTag": 1}}
06-28 17:12:40.866 16696 16709 E WProf.db: {"WprofHTMLTag": {"code": "0xaf047af0", "doc": "http://searchengineland.com/locally-sourced-search-engine-lands-top-10-local-search-columns-2015-237927", "row": 24, "column": 55, "tagName": "meta", "time": 31024.470284, "url": "", "pos": 1, "chunkLen": 1, "isStartTag": 1}}
06-28 17:12:40.866 16696 16709 E WProf.db: {"WprofHTMLTag": {"code": "0xaf047b20", "doc": "http://searchengineland.com/locally-sourced-search-engine-lands-top-10-local-search-columns-2015-237927", "row": 25, "column": 71, "tagName": "meta", "time": 31024.470456, "url": "", "pos": 1, "chunkLen": 1, "isStartTag": 1}}
06-28 17:12:40.866 16696 16709 E WProf.db: {"WprofHTMLTag": {"code": "0xaf047b50", "doc": "http://searchengineland.com/locally-sourced-search-engine-lands-top-10-local-search-columns-2015-237927", "row": 26, "column": 86, "tagName": "meta", "time": 31024.470621, "url": "", "pos": 1, "chunkLen": 1, "isStartTag": 1}}
06-28 17:12:40.868 16696 16709 E WProf.db: {"WprofHTMLTag": {"code": "0xaf047b80", "doc": "http://searchengineland.com/locally-sourced-search-engine-lands-top-10-local-search-columns-2015-237927", "row": 27, "column": 54, "tagName": "meta", "time": 31024.470798, "url": "", "pos": 1, "chunkLen": 1, "isStartTag": 1}}
06-28 17:12:40.868 16696 16709 E WProf.db: {"WprofHTMLTag": {"code": "0xaf047bb0", "doc": "http://searchengineland.com/locally-sourced-search-engine-lands-top-10-local-search-columns-2015-237927", "row": 29, "column": 127, "tagName": "meta", "time": 31024.470975, "url": "", "pos": 1, "chunkLen": 1, "isStartTag": 1}}
06-28 17:12:40.868 16696 16709 E WProf.db: {"WprofHTMLTag": {"code": "0xaf047be0", "doc": "http://searchengineland.com/locally-sourced-search-engine-lands-top-10-local-search-columns-2015-237927", "row": 30, "column": 205, "tagName": "meta", "time": 31024.471206, "url": "", "pos": 1, "chunkLen": 1, "isStartTag": 1}}
06-28 17:12:40.868 16696 16709 E WProf.db: {"WprofHTMLTag": {"code": "0xaf047c10", "doc": "http://searchengineland.com/locally-sourced-search-engine-lands-top-10-local-search-columns-2015-237927", "row": 31, "column": 55, "tagName": "meta", "time": 31024.471461, "url": "", "pos": 1, "chunkLen": 1, "isStartTag": 1}}
06-28 17:12:40.868 16696 16709 E WProf.db: {"WprofHTMLTag": {"code": "0xaf047c40", "doc": "http://searchengineland.com/locally-sourced-search-engine-lands-top-10-local-search-columns-2015-237927", "row": 32, "column": 54, "tagName": "meta", "time": 31024.471678, "url": "", "pos": 1, "chunkLen": 1, "isStartTag": 1}}
06-28 17:12:40.868 16696 16709 E WProf.db: {"WprofHTMLTag": {"code": "0xaf047c70", "doc": "http://searchengineland.com/locally-sourced-search-engine-lands-top-10-local-search-columns-2015-237927", "row": 33, "column": 144, "tagName": "meta", "time": 31024.471860, "url": "", "pos": 1, "chunkLen": 1, "isStartTag": 1}}
06-28 17:12:40.868 16696 16709 E WProf.db: {"WprofHTMLTag": {"code": "0xaf047ca0", "doc": "http://searchengineland.com/locally-sourced-search-engine-lands-top-10-local-search-columns-2015-237927", "row": 37, "column": 36, "tagName": "script", "time": 31024.472031, "url": "", "pos": 1, "chunkLen": 1, "isStartTag": 1}}
06-28 17:12:40.868 16696 16709 E WProf.db: {"WprofHTMLTag": {"code": "0xaf047cd0", "doc": "http://searchengineland.com/locally-sourced-search-engine-lands-top-10-local-search-columns-2015-237927", "row": 53, "column": 10, "tagName": "script", "time": 31024.472419, "url": "", "pos": 1, "chunkLen": 1, "isStartTag": 0}}
06-28 17:12:40.869 16696 16709 E WProf.db: {"WprofHTMLTag": {"code": "0xaeddd660", "doc": "http://searchengineland.com/locally-sourced-search-engine-lands-top-10-local-search-columns-2015-237927", "row": 55, "column": 86, "tagName": "link", "time": 31024.473984, "url": "http://searchengineland.com/apple-touch-icon.png", "pos": 1, "chunkLen": 1, "isStartTag": 1}}
06-28 17:12:40.869 16696 16709 E WProf.db: {"WprofHTMLTag": {"code": "0xaf047d00", "doc": "http://searchengineland.com/locally-sourced-search-engine-lands-top-10-local-search-columns-2015-237927", "row": 56, "column": 76, "tagName": "link", "time": 31024.474579, "url": "http://searchengineland.com/favicon.ico", "pos": 1, "chunkLen": 1, "isStartTag": 1}}
06-28 17:12:40.869 16626 16676 E chromium: [ERROR:gles2_cmd_decoder.cc(3852)] [.ChromiumCompositor-0xacbb2fc0]GL ERROR :GL_INVALID_ENUM : glDiscardFramebufferEXT: attachments was GL_COLOR_EXT
06-28 17:12:40.870 16696 16709 E WProf.db: {"WprofHTMLTag": {"code": "0xaf047d30", "doc": "http://searchengineland.com/locally-sourced-search-engine-lands-top-10-local-search-columns-2015-237927", "row": 57, "column": 158, "tagName": "link", "time": 31024.474909, "url": "http://feeds.searchengineland.com/searchengineland", "pos": 1, "chunkLen": 1, "isStartTag": 1}}
06-28 17:12:40.870 16696 16709 E WProf.db: {"WprofHTMLTag": {"code": "0xaf047d60", "doc": "http://searchengineland.com/locally-sourced-search-engine-lands-top-10-local-search-columns-2015-237927", "row": 58, "column": 149, "tagName": "link", "time": 31024.475354, "url": "http://feeds.searchengineland.com/searchcap", "pos": 1, "chunkLen": 1, "isStartTag": 1}}
06-28 17:12:40.870 16696 16709 E WProf.db: {"WprofHTMLTag": {"code": "0xaf047d90", "doc": "http://searchengineland.com/locally-sourced-search-engine-lands-top-10-local-search-columns-2015-237927", "row": 59, "column": 150, "tagName": "link", "time": 31024.475829, "url": "http://searchengineland.com/figz/wp-content/themes/searchengineland/css/searchengineland-bootstrap.css", "pos": 1, "chunkLen": 1, "isStartTag": 1}}
06-28 17:12:40.870 16696 16709 E WProf.db: {"WprofHTMLTag": {"code": "0xaf047df0", "doc": "http://searchengineland.com/locally-sourced-search-engine-lands-top-10-local-search-columns-2015-237927", "row": 60, "column": 105, "tagName": "link", "time": 31024.478558, "url": "http://fonts.googleapis.com/css?family=Oswald:300,400,700", "pos": 1, "chunkLen": 1, "isStartTag": 1}}
06-28 17:12:40.871 16696 16709 E WProf.db: {"WprofHTMLTag": {"code": "0xaf047e50", "doc": "http://searchengineland.com/locally-sourced-search-engine-lands-top-10-local-search-columns-2015-237927", "row": 61, "column": 125, "tagName": "link", "time": 31024.481338, "url": "http://searchengineland.com/figz/wp-content/themes/searchengineland/style.css", "pos": 1, "chunkLen": 1, "isStartTag": 1}}
06-28 17:12:40.871 16696 16709 E WProf.db: {"WprofHTMLTag": {"code": "0xaf047eb0", "doc": "http://searchengineland.com/locally-sourced-search-engine-lands-top-10-local-search-columns-2015-237927", "row": 65, "column": 7, "tagName": "title", "time": 31024.483110, "url": "", "pos": 1, "chunkLen": 1, "isStartTag": 1}}
06-28 17:12:40.871 16696 16709 E WProf.db: {"WprofHTMLTag": {"code": "0xaf047ee0", "doc": "http://searchengineland.com/locally-sourced-search-engine-lands-top-10-local-search-columns-2015-237927", "row": 65, "column": 93, "tagName": "title", "time": 31024.483766, "url": "", "pos": 1, "chunkLen": 1, "isStartTag": 0}}
06-28 17:12:40.871 16696 16709 E WProf.db: {"WprofHTMLTag": {"code": "0xaf047f10", "doc": "http://searchengineland.com/locally-sourced-search-engine-lands-top-10-local-search-columns-2015-237927", "row": 66, "column": 212, "tagName": "meta", "time": 31024.483813, "url": "", "pos": 1, "chunkLen": 1, "isStartTag": 1}}
06-28 17:12:40.871 16696 16709 E WProf.db: {"WprofHTMLTag": {"code": "0xaf047f40", "doc": "http://searchengineland.com/locally-sourced-search-engine-lands-top-10-local-search-columns-2015-237927", "row": 67, "column": 128, "tagName": "meta", "time": 31024.484050, "url": "", "pos": 1, "chunkLen": 1, "isStartTag": 1}}
06-28 17:12:40.871 16696 16709 E WProf.db: {"WprofHTMLTag": {"code": "0xaf047f70", "doc": "http://searchengineland.com/locally-sourced-search-engine-lands-top-10-local-search-columns-2015-237927", "row": 68, "column": 145, "tagName": "meta", "time": 31024.484238, "url": "", "pos": 1, "chunkLen": 1, "isStartTag": 1}}
06-28 17:12:40.871 16696 16709 E WProf.db: {"WprofHTMLTag": {"code": "0xaf047fa0", "doc": "http://searchengineland.com/locally-sourced-search-engine-lands-top-10-local-search-columns-2015-237927", "row": 69, "column": 37, "tagName": "meta", "time": 31024.484436, "url": "", "pos": 1, "chunkLen": 1, "isStartTag": 1}}
06-28 17:12:40.871 16696 16709 E WProf.db: {"WprofHTMLTag": {"code": "0xaf047fd0", "doc": "http://searchengineland.com/locally-sourced-search-engine-lands-top-10-local-search-columns-2015-237927", "row": 70, "column": 135, "tagName": "link", "time": 31024.484634, "url": "http://searchengineland.com/locally-sourced-search-engine-lands-top-10-local-search-columns-2015-237927", "pos": 1, "chunkLen": 1, "isStartTag": 1}}
06-28 17:12:40.871 16696 16709 E WProf.db: {"WprofHTMLTag": {"code": "0xb4cc74b0", "doc": "http://searchengineland.com/locally-sourced-search-engine-lands-top-10-local-search-columns-2015-237927", "row": 71, "column": 76, "tagName": "link", "time": 31024.486500, "url": "https://plus.google.com/103218677032751327334", "pos": 1, "chunkLen": 1, "isStartTag": 1}}
06-28 17:12:40.871 16696 16709 E WProf.db: {"WprofHTMLTag": {"code": "0xb4cc7540", "doc": "http://searchengineland.com/locally-sourced-search-engine-lands-top-10-local-search-columns-2015-237927", "row": 72, "column": 45, "tagName": "meta", "time": 31024.487488, "url": "", "pos": 1, "chunkLen": 1, "isStartTag": 1}}
06-28 17:12:40.871 16696 16709 E WProf.db: {"WprofHTMLTag": {"code": "0xb4cc78a0", "doc": "http://searchengineland.com/locally-sourced-search-engine-lands-top-10-local-search-columns-2015-237927", "row": 73, "column": 45, "tagName": "meta", "time": 31024.487695, "url": "", "pos": 1, "chunkLen": 1, "isStartTag": 1}}
06-28 17:12:40.871 16696 16709 E WProf.db: {"WprofHTMLTag": {"code": "0xb4cc78d0", "doc": "http://searchengineland.com/locally-sourced-search-engine-lands-top-10-local-search-columns-2015-237927", "row": 74, "column": 117, "tagName": "meta", "time": 31024.488101, "url": "", "pos": 1, "chunkLen": 1, "isStartTag": 1}}
06-28 17:12:40.871 16696 16709 E WProf.db: {"WprofHTMLTag": {"code": "0xb4cc7900", "doc": "http://searchengineland.com/locally-sourced-search-engine-lands-top-10-local-search-columns-2015-237927", "row": 75, "column": 220, "tagName": "meta", "time": 31024.488315, "url": "", "pos": 1, "chunkLen": 1, "isStartTag": 1}}
06-28 17:12:40.871 16696 16709 E WProf.db: {"WprofHTMLTag": {"code": "0xb4cc7930", "doc": "http://searchengineland.com/locally-sourced-search-engine-lands-top-10-local-search-columns-2015-237927", "row": 76, "column": 140, "tagName": "meta", "time": 31024.488517, "url": "", "pos": 1, "chunkLen": 1, "isStartTag": 1}}
06-28 17:12:40.872 16696 16709 E WProf.db: {"WprofHTMLTag": {"code": "0xb4cc7960", "doc": "http://searchengineland.com/locally-sourced-search-engine-lands-top-10-local-search-columns-2015-237927", "row": 77, "column": 61, "tagName": "meta", "time": 31024.488706, "url": "", "pos": 1, "chunkLen": 1, "isStartTag": 1}}
06-28 17:12:40.872 16696 16709 E WProf.db: {"WprofHTMLTag": {"code": "0xb4cc7990", "doc": "http://searchengineland.com/locally-sourced-search-engine-lands-top-10-local-search-columns-2015-237927", "row": 78, "column": 89, "tagName": "meta", "time": 31024.488998, "url": "", "pos": 1, "chunkLen": 1, "isStartTag": 1}}
06-28 17:12:40.872 16696 16709 E WProf.db: {"WprofHTMLTag": {"code": "0xb4cc79c0", "doc": "http://searchengineland.com/locally-sourced-search-engine-lands-top-10-local-search-columns-2015-237927", "row": 79, "column": 70, "tagName": "meta", "time": 31024.489180, "url": "", "pos": 1, "chunkLen": 1, "isStartTag": 1}}
06-28 17:12:40.872 16696 16709 E WProf.db: {"WprofHTMLTag": {"code": "0xb4cc79f0", "doc": "http://searchengineland.com/locally-sourced-search-engine-lands-top-10-local-search-columns-2015-237927", "row": 80, "column": 78, "tagName": "meta", "time": 31024.489387, "url": "", "pos": 1, "chunkLen": 1, "isStartTag": 1}}
06-28 17:12:40.872 16696 16709 E WProf.db: {"WprofHTMLTag": {"code": "0xb4cc7a20", "doc": "http://searchengineland.com/locally-sourced-search-engine-lands-top-10-local-search-columns-2015-237927", "row": 81, "column": 77, "tagName": "meta", "time": 31024.489569, "url": "", "pos": 1, "chunkLen": 1, "isStartTag": 1}}
06-28 17:12:40.872 16696 16709 E WProf.db: {"WprofHTMLTag": {"code": "0xb4cc7a50", "doc": "http://searchengineland.com/locally-sourced-search-engine-lands-top-10-local-search-columns-2015-237927", "row": 82, "column": 71, "tagName": "meta", "time": 31024.489750, "url": "", "pos": 1, "chunkLen": 1, "isStartTag": 1}}
06-28 17:12:40.872 16696 16709 E WProf.db: {"WprofHTMLTag": {"code": "0xb4cc7a80", "doc": "http://searchengineland.com/locally-sourced-search-engine-lands-top-10-local-search-columns-2015-237927", "row": 83, "column": 138, "tagName": "meta", "time": 31024.489929, "url": "", "pos": 1, "chunkLen": 1, "isStartTag": 1}}
06-28 17:12:40.872 16696 16709 E WProf.db: {"WprofHTMLTag": {"code": "0xb4cc7ab0", "doc": "http://searchengineland.com/locally-sourced-search-engine-lands-top-10-local-search-columns-2015-237927", "row": 84, "column": 49, "tagName": "meta", "time": 31024.490234, "url": "", "pos": 1, "chunkLen": 1, "isStartTag": 1}}
06-28 17:12:40.872 16696 16709 E WProf.db: {"WprofHTMLTag": {"code": "0xb4cc7ae0", "doc": "http://searchengineland.com/locally-sourced-search-engine-lands-top-10-local-search-columns-2015-237927", "row": 85, "column": 50, "tagName": "meta", "time": 31024.490437, "url": "", "pos": 1, "chunkLen": 1, "isStartTag": 1}}
06-28 17:12:40.872 16696 16709 E WProf.db: {"WprofHTMLTag": {"code": "0xb4cc7b10", "doc": "http://searchengineland.com/locally-sourced-search-engine-lands-top-10-local-search-columns-2015-237927", "row": 86, "column": 58, "tagName": "meta", "time": 31024.492464, "url": "", "pos": 1, "chunkLen": 1, "isStartTag": 1}}
06-28 17:12:40.873 16696 16709 E WProf.db: {"WprofHTMLTag": {"code": "0xb4cc7b40", "doc": "http://searchengineland.com/locally-sourced-search-engine-lands-top-10-local-search-columns-2015-237927", "row": 87, "column": 221, "tagName": "meta", "time": 31024.492681, "url": "", "pos": 1, "chunkLen": 1, "isStartTag": 1}}
06-28 17:12:40.873 16696 16709 E WProf.db: {"WprofHTMLTag": {"code": "0xb4cc7b70", "doc": "http://searchengineland.com/locally-sourced-search-engine-lands-top-10-local-search-columns-2015-237927", "row": 88, "column": 118, "tagName": "meta", "time": 31024.492869, "url": "", "pos": 1, "chunkLen": 1, "isStartTag": 1}}
06-28 17:12:40.873 16696 16709 E WProf.db: {"WprofHTMLTag": {"code": "0xb4cc7ba0", "doc": "http://searchengineland.com/locally-sourced-search-engine-lands-top-10-local-search-columns-2015-237927", "row": 89, "column": 51, "tagName": "meta", "time": 31024.493048, "url": "", "pos": 1, "chunkLen": 1, "isStartTag": 1}}
06-28 17:12:40.873 16696 16709 E WProf.db: {"WprofHTMLTag": {"code": "0xb4cc7bd0", "doc": "http://searchengineland.com/locally-sourced-search-engine-lands-top-10-local-search-columns-2015-237927", "row": 90, "column": 139, "tagName": "meta", "time": 31024.493218, "url": "", "pos": 1, "chunkLen": 1, "isStartTag": 1}}
06-28 17:12:40.873 16696 16709 E WProf.db: {"WprofHTMLTag": {"code": "0xb4cc7c00", "doc": "http://searchengineland.com/locally-sourced-search-engine-lands-top-10-local-search-columns-2015-237927", "row": 91, "column": 52, "tagName": "meta", "time": 31024.493396, "url": "", "pos": 1, "chunkLen": 1, "isStartTag": 1}}
06-28 17:12:40.873 16696 16709 E WProf.db: {"WprofHTMLTag": {"code": "0xb4cc7c30", "doc": "http://searchengineland.com/locally-sourced-search-engine-lands-top-10-local-search-columns-2015-237927", "row": 94, "column": 44, "tagName": "link", "time": 31024.493583, "url": "http://s.w.org/", "pos": 1, "chunkLen": 1, "isStartTag": 1}}
06-28 17:12:40.873 16696 16709 E WProf.db: {"WprofHTMLTag": {"code": "0xb4cc7c60", "doc": "http://searchengineland.com/locally-sourced-search-engine-lands-top-10-local-search-columns-2015-237927", "row": 95, "column": 33, "tagName": "script", "time": 31024.493943, "url": "", "pos": 1, "chunkLen": 1, "isStartTag": 1}}
06-28 17:12:40.873 16696 16709 E WProf.db: {"WprofHTMLTag": {"code": "0xb4cc7c90", "doc": "http://searchengineland.com/locally-sourced-search-engine-lands-top-10-local-search-columns-2015-237927", "row": 98, "column": 11, "tagName": "script", "time": 31024.494248, "url": "http://searchengineland.com/figz/wp-includes/js/wp-emoji-release.min.js?ver=4.7.5", "pos": 1, "chunkLen": 1, "isStartTag": 0}}
06-28 17:12:40.873 16696 16709 E WProf.db: {"WprofHTMLTag": {"code": "0xaa2b7990", "doc": "http://searchengineland.com/locally-sourced-search-engine-lands-top-10-local-search-columns-2015-237927", "row": 99, "column": 25, "tagName": "style", "time": 31025.137949, "url": "", "pos": 1, "chunkLen": 1, "isStartTag": 1}}
06-28 17:12:40.873 16696 16709 E WProf.db: {"WprofHTMLTag": {"code": "0xaa2b79c0", "doc": "http://searchengineland.com/locally-sourced-search-engine-lands-top-10-local-search-columns-2015-237927", "row": 112, "column": 8, "tagName": "style", "time": 31025.138523, "url": "", "pos": 1, "chunkLen": 1, "isStartTag": 0}}
06-28 17:12:40.873 16696 16709 E WProf.db: {"WprofHTMLTag": {"code": "0xaa2b79f0", "doc": "http://searchengineland.com/locally-sourced-search-engine-lands-top-10-local-search-columns-2015-237927", "row": 113, "column": 140, "tagName": "script", "time": 31025.140674, "url": "http://searchengineland.com/figz/wp-content/themes/searchengineland/js/lib/modernizr.custom.js?ver=1.0", "pos": 1, "chunkLen": 1, "isStartTag": 1}}
06-28 17:12:40.873 16696 16709 E WProf.db: {"WprofHTMLTag": {"code": "0xaa2b7a20", "doc": "http://searchengineland.com/locally-sourced-search-engine-lands-top-10-local-search-columns-2015-237927", "row": 113, "column": 149, "tagName": "script", "time": 31025.140933, "url": "", "pos": 1, "chunkLen": 1, "isStartTag": 0}}
06-28 17:12:40.874 16696 16709 E WProf.db: {"WprofHTMLTag": {"code": "0xaeddda50", "doc": "http://searchengineland.com/locally-sourced-search-engine-lands-top-10-local-search-columns-2015-237927", "row": 114, "column": 144, "tagName": "script", "time": 31025.150168, "url": "http://searchengineland.com/figz/wp-content/themes/searchengineland/js/lib/jquery-1.11.0.min.js?ver=1.11.0", "pos": 1, "chunkLen": 1, "isStartTag": 1}}
06-28 17:12:40.874 16696 16709 E WProf.db: {"WprofHTMLTag": {"code": "0xaa2b7a80", "doc": "http://searchengineland.com/locally-sourced-search-engine-lands-top-10-local-search-columns-2015-237927", "row": 114, "column": 153, "tagName": "script", "time": 31025.150436, "url": "", "pos": 1, "chunkLen": 1, "isStartTag": 0}}
06-28 17:12:40.874 16696 16709 E WProf.db: {"WprofHTMLTag": {"code": "0xaedddea0", "doc": "http://searchengineland.com/locally-sourced-search-engine-lands-top-10-local-search-columns-2015-237927", "row": 0, "column": 15, "tagName": "div", "time": 31025.221273, "url": "", "pos": 15, "chunkLen": 44, "isStartTag": 1}}
06-28 17:12:40.874 16696 16709 E WProf.db: {"WprofHTMLTag": {"code": "0xaeddde70", "doc": "http://searchengineland.com/locally-sourced-search-engine-lands-top-10-local-search-columns-2015-237927", "row": 0, "column": 21, "tagName": "div", "time": 31025.221406, "url": "", "pos": 21, "chunkLen": 44, "isStartTag": 0}}
06-28 17:12:40.874 16696 16709 E WProf.db: {"WprofHTMLTag": {"code": "0xaeddde40", "doc": "http://searchengineland.com/locally-sourced-search-engine-lands-top-10-local-search-columns-2015-237927", "row": 0, "column": 38, "tagName": "div", "time": 31025.221469, "url": "", "pos": 38, "chunkLen": 44, "isStartTag": 1}}
06-28 17:12:40.874 16696 16709 E WProf.db: {"WprofHTMLTag": {"code": "0xaedddb70", "doc": "http://searchengineland.com/locally-sourced-search-engine-lands-top-10-local-search-columns-2015-237927", "row": 0, "column": 44, "tagName": "div", "time": 31025.221583, "url": "", "pos": 44, "chunkLen": 44, "isStartTag": 0}}
06-28 17:12:40.874 16696 16709 E WProf.db: {"WprofHTMLTag": {"code": "0xaeddde10", "doc": "http://searchengineland.com/locally-sourced-search-engine-lands-top-10-local-search-columns-2015-237927", "row": 0, "column": 13, "tagName": "select", "time": 31025.223250, "url": "", "pos": 13, "chunkLen": 51, "isStartTag": 1}}
06-28 17:12:40.874 16696 16709 E WProf.db: {"WprofHTMLTag": {"code": "0xaedddde0", "doc": "http://searchengineland.com/locally-sourced-search-engine-lands-top-10-local-search-columns-2015-237927", "row": 0, "column": 33, "tagName": "option", "time": 31025.223449, "url": "", "pos": 33, "chunkLen": 51, "isStartTag": 1}}
06-28 17:12:40.874 16696 16709 E WProf.db: {"WprofHTMLTag": {"code": "0xaa2b7b40", "doc": "http://searchengineland.com/locally-sourced-search-engine-lands-top-10-local-search-columns-2015-237927", "row": 0, "column": 42, "tagName": "option", "time": 31025.223644, "url": "", "pos": 42, "chunkLen": 51, "isStartTag": 0}}
06-28 17:12:40.874 16696 16709 E WProf.db: {"WprofHTMLTag": {"code": "0xaa2b7b70", "doc": "http://searchengineland.com/locally-sourced-search-engine-lands-top-10-local-search-columns-2015-237927", "row": 0, "column": 51, "tagName": "select", "time": 31025.223710, "url": "", "pos": 51, "chunkLen": 51, "isStartTag": 0}}
06-28 17:12:40.875 16696 16709 E WProf.db: {"WprofHTMLTag": {"code": "0xaa2b7ba0", "doc": "http://searchengineland.com/locally-sourced-search-engine-lands-top-10-local-search-columns-2015-237927", "row": 0, "column": 12, "tagName": "a", "time": 31025.228403, "url": "", "pos": 12, "chunkLen": 16, "isStartTag": 1}}
06-28 17:12:40.875 16696 16709 E WProf.db: {"WprofHTMLTag": {"code": "0xaa2b7bd0", "doc": "http://searchengineland.com/locally-sourced-search-engine-lands-top-10-local-search-columns-2015-237927", "row": 0, "column": 16, "tagName": "a", "time": 31025.228564, "url": "", "pos": 16, "chunkLen": 16, "isStartTag": 0}}
06-28 17:12:40.875 16696 16709 E WProf.db: {"WprofHTMLTag": {"code": "0xaa2b7c00", "doc": "http://searchengineland.com/locally-sourced-search-engine-lands-top-10-local-search-columns-2015-237927", "row": 0, "column": 8, "tagName": "input", "time": 31025.229581, "url": "", "pos": 8, "chunkLen": 8, "isStartTag": 1}}
06-28 17:12:40.875 16696 16709 E WProf.db: {"WprofHTMLTag": {"code": "0xaa2b7c30", "doc": "http://searchengineland.com/locally-sourced-search-engine-lands-top-10-local-search-columns-2015-237927", "row": 0, "column": 9, "tagName": "link", "time": 31025.238375, "url": "", "pos": 9, "chunkLen": 42, "isStartTag": 1}}
06-28 17:12:40.875 16696 16709 E WProf.db: {"WprofHTMLTag": {"code": "0xaa2b7c60", "doc": "http://searchengineland.com/locally-sourced-search-engine-lands-top-10-local-search-columns-2015-237927", "row": 0, "column": 16, "tagName": "table", "time": 31025.238501, "url": "", "pos": 16, "chunkLen": 42, "isStartTag": 1}}
06-28 17:12:40.875 16696 16709 E WProf.db: {"WprofHTMLTag": {"code": "0xaa2b7c90", "doc": "http://searchengineland.com/locally-sourced-search-engine-lands-top-10-local-search-columns-2015-237927", "row": 0, "column": 24, "tagName": "table", "time": 31025.238616, "url": "", "pos": 24, "chunkLen": 42, "isStartTag": 0}}
06-28 17:12:40.875 16696 16709 E WProf.db: {"WprofHTMLTag": {"code": "0xaa2b7cc0", "doc": "http://searchengineland.com/locally-sourced-search-engine-lands-top-10-local-search-columns-2015-237927", "row": 0, "column": 37, "tagName": "a", "time": 31025.238688, "url": "", "pos": 37, "chunkLen": 42, "isStartTag": 1}}
06-28 17:12:40.875 16696 16709 E WProf.db: {"WprofHTMLTag": {"code": "0xaa2b7cf0", "doc": "http://searchengineland.com/locally-sourced-search-engine-lands-top-10-local-search-columns-2015-237927", "row": 0, "column": 42, "tagName": "a", "time": 31025.238866, "url": "", "pos": 42, "chunkLen": 42, "isStartTag": 0}}
06-28 17:12:40.875 16696 16709 E WProf.db: {"WprofHTMLTag": {"code": "0xaa2b7d80", "doc": "http://searchengineland.com/locally-sourced-search-engine-lands-top-10-local-search-columns-2015-237927", "row": 0, "column": 10, "tagName": "textarea", "time": 31025.240429, "url": "", "pos": 10, "chunkLen": 22, "isStartTag": 1}}
06-28 17:12:40.875 16696 16709 E WProf.db: {"WprofHTMLTag": {"code": "0xaa2b7db0", "doc": "http://searchengineland.com/locally-sourced-search-engine-lands-top-10-local-search-columns-2015-237927", "row": 0, "column": 22, "tagName": "textarea", "time": 31025.240634, "url": "", "pos": 22, "chunkLen": 22, "isStartTag": 0}}
06-28 17:12:40.875 16696 16709 E WProf.db: {"WprofHTMLTag": {"code": "0xaa2b7de0", "doc": "http://searchengineland.com/locally-sourced-search-engine-lands-top-10-local-search-columns-2015-237927", "row": 0, "column": 48, "tagName": "input", "time": 31025.242092, "url": "", "pos": 48, "chunkLen": 48, "isStartTag": 1}}
06-28 17:12:40.875 16696 16709 E WProf.db: {"WprofHTMLTag": {"code": "0xaa2b7e40", "doc": "http://searchengineland.com/locally-sourced-search-engine-lands-top-10-local-search-columns-2015-237927", "row": 0, "column": 9, "tagName": "link", "time": 31025.246500, "url": "", "pos": 9, "chunkLen": 66, "isStartTag": 1}}
06-28 17:12:40.876 16696 16709 E WProf.db: {"WprofHTMLTag": {"code": "0xaa2b7e70", "doc": "http://searchengineland.com/locally-sourced-search-engine-lands-top-10-local-search-columns-2015-237927", "row": 0, "column": 16, "tagName": "table", "time": 31025.246620, "url": "", "pos": 16, "chunkLen": 66, "isStartTag": 1}}
06-28 17:12:40.876 16696 16709 E WProf.db: {"WprofHTMLTag": {"code": "0xaa2b7ea0", "doc": "http://searchengineland.com/locally-sourced-search-engine-lands-top-10-local-search-columns-2015-237927", "row": 0, "column": 24, "tagName": "table", "time": 31025.246690, "url": "", "pos": 24, "chunkLen": 66, "isStartTag": 0}}
06-28 17:12:40.876 16696 16709 E WProf.db: {"WprofHTMLTag": {"code": "0xaa2b7ed0", "doc": "http://searchengineland.com/locally-sourced-search-engine-lands-top-10-local-search-columns-2015-237927", "row": 0, "column": 37, "tagName": "a", "time": 31025.246755, "url": "", "pos": 37, "chunkLen": 66, "isStartTag": 1}}
06-28 17:12:40.876 16696 16709 E WProf.db: {"WprofHTMLTag": {"code": "0xaa2b7f00", "doc": "http://searchengineland.com/locally-sourced-search-engine-lands-top-10-local-search-columns-2015-237927", "row": 0, "column": 42, "tagName": "a", "time": 31025.246944, "url": "", "pos": 42, "chunkLen": 66, "isStartTag": 0}}
06-28 17:12:40.876 16696 16709 E WProf.db: {"WprofHTMLTag": {"code": "0xaa2b7f30", "doc": "http://searchengineland.com/locally-sourced-search-engine-lands-top-10-local-search-columns-2015-237927", "row": 0, "column": 66, "tagName": "input", "time": 31025.247009, "url": "", "pos": 66, "chunkLen": 66, "isStartTag": 1}}
06-28 17:12:40.876 16696 16709 E WProf.db: {"WprofHTMLTag": {"code": "0xaa2b7fc0", "doc": "http://searchengineland.com/locally-sourced-search-engine-lands-top-10-local-search-columns-2015-237927", "row": 0, "column": 9, "tagName": "link", "time": 31025.248771, "url": "", "pos": 9, "chunkLen": 66, "isStartTag": 1}}
06-28 17:12:40.876 16696 16709 E WProf.db: {"WprofHTMLTag": {"code": "0xaa2b7ff0", "doc": "http://searchengineland.com/locally-sourced-search-engine-lands-top-10-local-search-columns-2015-237927", "row": 0, "column": 16, "tagName": "table", "time": 31025.248879, "url": "", "pos": 16, "chunkLen": 66, "isStartTag": 1}}
06-28 17:12:40.876 16696 16709 E WProf.db: {"WprofHTMLTag": {"code": "0xaa2b8020", "doc": "http://searchengineland.com/locally-sourced-search-engine-lands-top-10-local-search-columns-2015-237927", "row": 0, "column": 24, "tagName": "table", "time": 31025.248959, "url": "", "pos": 24, "chunkLen": 66, "isStartTag": 0}}
06-28 17:12:40.877 16696 16709 E WProf.db: {"WprofHTMLTag": {"code": "0xaa2b8050", "doc": "http://searchengineland.com/locally-sourced-search-engine-lands-top-10-local-search-columns-2015-237927", "row": 0, "column": 37, "tagName": "a", "time": 31025.249024, "url": "", "pos": 37, "chunkLen": 66, "isStartTag": 1}}
06-28 17:12:40.877 16696 16709 E WProf.db: {"WprofHTMLTag": {"code": "0xaa2b8080", "doc": "http://searchengineland.com/locally-sourced-search-engine-lands-top-10-local-search-columns-2015-237927", "row": 0, "column": 42, "tagName": "a", "time": 31025.249184, "url": "", "pos": 42, "chunkLen": 66, "isStartTag": 0}}
06-28 17:12:40.877 16696 16709 E WProf.db: {"WprofHTMLTag": {"code": "0xaa2b80b0", "doc": "http://searchengineland.com/locally-sourced-search-engine-lands-top-10-local-search-columns-2015-237927", "row": 0, "column": 66, "tagName": "input", "time": 31025.249248, "url": "", "pos": 66, "chunkLen": 66, "isStartTag": 1}}
