--------- beginning of main
06-28 17:02:36.843  3449  3449 E Finsky  : [1] com.google.android.finsky.wear.bl.a(3): onConnectionFailed: ConnectionResult{statusCode=API_UNAVAILABLE, resolution=null, message=null}
--------- beginning of system
06-28 17:02:38.372 12739 12739 E chromium: [ERROR:shell_integration_android.cc(12)] Not implemented reached in static ShellIntegration::DefaultWebClientSetPermission ShellIntegration::CanSetAsDefaultBrowser()
06-28 17:02:38.380 12739 12739 E chromium: [ERROR:browser_process_impl.cc(720)] Not implemented reached in virtual BackgroundModeManager* BrowserProcessImpl::background_mode_manager()
06-28 17:02:40.887 12739 12788 E chromium: [ERROR:gles2_cmd_decoder.cc(3852)] [.ChromiumCompositor-0xacbb2fc0]GL ERROR :GL_INVALID_ENUM : glDiscardFramebufferEXT: attachments was GL_COLOR_EXT
06-28 17:02:41.121 12806 12819 E WPROF   : {"CSS": {"url": "http://searchengineland.com/figz/wp-content/themes/searchengineland/css/searchengineland-bootstrap.css", "requestTime": 30438.176573}}
06-28 17:02:41.121 12806 12819 E WPROF   : {"CSS": {"url": "http://fonts.googleapis.com/css?family=Oswald:300,400,700", "requestTime": 30438.177175}}
06-28 17:02:41.122 12806 12819 E WPROF   : {"CSS": {"url": "http://searchengineland.com/figz/wp-content/themes/searchengineland/style.css", "requestTime": 30438.177699}}
06-28 17:02:41.131 12806 12819 E WPROF   : {"Javascript": {"url": "http://searchengineland.com/figz/wp-content/themes/searchengineland/js/lib/modernizr.custom.js?ver=1.0", "requestTime": 30438.186845}}
06-28 17:02:41.132 12806 12819 E WPROF   : {"Javascript": {"url": "http://searchengineland.com/figz/wp-content/themes/searchengineland/js/lib/jquery-1.11.0.min.js?ver=1.11.0", "requestTime": 30438.187331}}
06-28 17:02:41.132 12806 12819 E WPROF   : {"Javascript": {"url": "http://searchengineland.com/figz/wp-content/themes/searchengineland/js/lib/jquery-ui-1.10.3.custom.min.js?ver=1.10.3", "requestTime": 30438.187701}}
06-28 17:02:41.132 12806 12819 E WPROF   : {"Javascript": {"url": "http://searchengineland.com/figz/wp-content/themes/searchengineland/js/lib/jquery.ba-throttle-debounce.min.js?ver=1.1", "requestTime": 30438.188060}}
06-28 17:02:41.133 12806 12819 E WPROF   : {"Javascript": {"url": "http://searchengineland.com/figz/wp-content/themes/searchengineland/js/lib/jquery.countdown.min.js?ver=2.0.4", "requestTime": 30438.188439}}
06-28 17:02:41.137 12806 12819 E WPROF   : {"Javascript": {"url": "http://static.chartbeat.com/js/chartbeat_mab.js", "requestTime": 30438.192432}}
06-28 17:02:41.747 12806 12819 E WPROF   : {"Javascript": {"url": "http://searchengineland.com/figz/wp-includes/js/wp-emoji-release.min.js?ver=4.7.5", "requestTime": 30438.802663}}
06-28 17:02:42.141 12806 12819 E WPROF   : {"Javascript": {"url": "http://www.googletagservices.com/tag/js/gpt.js", "requestTime": 30439.196620}}
06-28 17:02:42.145 12806 12819 E WPROF   : {"Javascript": {"url": "https://www.google-analytics.com/analytics.js", "requestTime": 30439.200531}}
06-28 17:02:42.147 12806 12819 E WPROF   : {"Javascript": {"url": "http://edge.quantserve.com/quant.js", "requestTime": 30439.202982}}
06-28 17:02:42.150 12806 12819 E WPROF   : {"Javascript": {"url": "https://connect.facebook.net/en_US/fbevents.js", "requestTime": 30439.205293}}
06-28 17:02:42.208 12739 12788 E chromium: [ERROR:gles2_cmd_decoder.cc(3852)] [.ChromiumCompositor-0xacbb2fc0]GL ERROR :GL_INVALID_ENUM : glDiscardFramebufferEXT: attachments was GL_COLOR_EXT
06-28 17:02:42.257 12806 12819 E WPROF   : {"Javascript": {"url": "http://app-sj02.marketo.com/js/forms2/js/forms2.min.js", "requestTime": 30439.313001}}
06-28 17:02:42.364 12739 12788 E chromium: [ERROR:gles2_cmd_decoder.cc(3852)] [.ChromiumCompositor-0xacbb2fc0]GL ERROR :GL_INVALID_ENUM : glDiscardFramebufferEXT: attachments was GL_COLOR_EXT
06-28 17:02:42.375 12806 12819 E WPROF   : {"Javascript": {"url": "https://connect.facebook.net/signals/config/423979991297359?v=2.7.17", "requestTime": 30439.431210}}
06-28 17:02:42.528 12806 12819 E WPROF   : {"Javascript": {"url": "http://app-sj02.marketo.com/index.php/form/getForm?munchkinId=727-ZQE-044&form=5691&url=http%3A%2F%2Fsearchengineland.com%2Flocal-seo-doesnt-happen-vacuum-249679&callback=jQuery1102006470554787665606_1498636962463&_=1498636962464", "requestTime": 30439.584142}}
06-28 17:02:42.547 12806 12819 E WPROF   : {"Javascript": {"url": "http://app-sj02.marketo.com/index.php/form/getForm?munchkinId=727-ZQE-044&form=5685&url=http%3A%2F%2Fsearchengineland.com%2Flocal-seo-doesnt-happen-vacuum-249679&callback=jQuery1102006470554787665606_1498636962465&_=1498636962466", "requestTime": 30439.602233}}
06-28 17:02:42.587 12806 12819 E WPROF   : {"Javascript": {"url": "https://securepubads.g.doubleclick.net/gpt/pubads_impl_121.js", "requestTime": 30439.643132}}
06-28 17:02:42.801 12806 12819 E WPROF   : {"Javascript": {"url": "http://app-sj02.marketo.com/index.php/form/getForm?munchkinId=727-ZQE-044&form=5673&url=http%3A%2F%2Fsearchengineland.com%2Flocal-seo-doesnt-happen-vacuum-249679&callback=jQuery1102006470554787665606_1498636962467&_=1498636962468", "requestTime": 30439.856407}}
06-28 17:02:42.817 12806 12819 E WPROF   : {"Javascript": {"url": "http://searchengineland.com/js/ga_social_tracking.js", "requestTime": 30439.872772}}
06-28 17:02:42.819 12806 12819 E WPROF   : {"Javascript": {"url": "http://s7.addthis.com/js/300/addthis_widget.js#pubid=ra-53e918f660794f37", "requestTime": 30439.874561}}
06-28 17:02:42.850 12739 12788 E chromium: [ERROR:gles2_cmd_decoder.cc(3852)] [.ChromiumCompositor-0xacbb2fc0]GL ERROR :GL_INVALID_ENUM : glDiscardFramebufferEXT: attachments was GL_COLOR_EXT
06-28 17:02:43.235 12806 12819 E WPROF   : {"CSS": {"url": "http://app-sj02.marketo.com/js/forms2/css/forms2.css", "requestTime": 30440.290958}}
06-28 17:02:43.238 12806 12819 E WPROF   : {"CSS": {"url": "http://app-sj02.marketo.com/js/forms2/css/forms2-theme-simple.css", "requestTime": 30440.294100}}
06-28 17:02:43.416 12739 12788 E chromium: [ERROR:gles2_cmd_decoder.cc(3852)] [.ChromiumCompositor-0xacbb2fc0]GL ERROR :GL_INVALID_ENUM : glDiscardFramebufferEXT: attachments was GL_COLOR_EXT
06-28 17:02:43.922 12806 12819 E WPROF   : {"Javascript": {"url": "https://securepubads.g.doubleclick.net/gampad/ads?gdfp_req=1&correlator=3938431009816576&output=json_html&callback=googletag.impl.pubads.callbackProxy1&impl=fifs&json_a=1&eid=108809080%2C108809103&sc=0&sfv=1-0-9&iu_parts=1038259%2Csel-ciu-1%2Csel-ciu-2%2Csel-ciu-3%2Csel-ciu-4%2Csel-ciu-5%2Cch-local-", "requestTime": 30440.977290}}
06-28 17:02:43.992 12806 12819 E WPROF   : {"Javascript": {"url": "https://static.xx.fbcdn.net/rsrc.php/v3iy6L4/yF/l/ko_KR/w3AiswiqjrJ.js", "requestTime": 30441.048202}}
06-28 17:02:44.102 12806 12819 E WPROF   : {"Javascript": {"url": "http://cdn.api.twitter.com/1/users/show.json?screen_name=greggifford&callback=twttr.setFollowersCount", "requestTime": 30441.157531}}
06-28 17:02:44.109 12806 12819 E WPROF   : {"Javascript": {"url": "http://www.googleadservices.com/pagead/conversion.js", "requestTime": 30441.164693}}
06-28 17:02:44.110 12806 12819 E WPROF   : {"Javascript": {"url": "http://searchengineland.com/figz/wp-content/themes/searchengineland/js/script.js?ver=1.0", "requestTime": 30441.165375}}
06-28 17:02:44.110 12806 12819 E WPROF   : {"Javascript": {"url": "http://searchengineland.com/figz/wp-includes/js/wp-embed.min.js?ver=4.7.5", "requestTime": 30441.165821}}
06-28 17:02:44.111 12806 12819 E WPROF   : {"Javascript": {"url": "http://searchengineland.com/figz/wp-content/themes/searchengineland/js/modules/sharing_controls.js", "requestTime": 30441.166268}}
06-28 17:02:44.180 12806 12819 E WPROF   : {"Javascript": {"url": "http://d2j3qa5nc37287.cloudfront.net/coupon_code1.js", "requestTime": 30441.236142}}
06-28 17:02:44.265 12739 12788 E chromium: [ERROR:gles2_cmd_decoder.cc(3852)] [.ChromiumCompositor-0xacbb2fc0]GL ERROR :GL_INVALID_ENUM : glDiscardFramebufferEXT: attachments was GL_COLOR_EXT
06-28 17:02:44.456 12739 12788 E chromium: [ERROR:gles2_cmd_decoder.cc(3852)] [.ChromiumCompositor-0xacbb2fc0]GL ERROR :GL_INVALID_ENUM : glDiscardFramebufferEXT: attachments was GL_COLOR_EXT
06-28 17:02:44.457 12806 12819 E WPROF   : {"CSS": {"url": "https://www.youtube.com/yts/cssbin/www-embed-player-sprite-mode-vfl5G4Xm8.css", "requestTime": 30441.512408}}
06-28 17:02:44.466 12806 12819 E WPROF   : {"Javascript": {"url": "https://www.youtube.com/yts/jsbin/www-embed-player-vfl_UY_j8/www-embed-player.js", "requestTime": 30441.521266}}
06-28 17:02:44.466 12806 12819 E WPROF   : {"Javascript": {"url": "https://www.youtube.com/yts/jsbin/player-vflo1w4O-/ko_KR/base.js", "requestTime": 30441.522188}}
06-28 17:02:44.740 12739 12788 E chromium: [ERROR:gles2_cmd_decoder.cc(3852)] [.ChromiumCompositor-0xacbb2fc0]GL ERROR :GL_INVALID_ENUM : glDiscardFramebufferEXT: attachments was GL_COLOR_EXT
06-28 17:02:45.572 12739 12788 E chromium: [ERROR:gles2_cmd_decoder.cc(3852)] [.ChromiumCompositor-0xacbb2fc0]GL ERROR :GL_INVALID_ENUM : glDiscardFramebufferEXT: attachments was GL_COLOR_EXT
06-28 17:02:47.062 12806 12819 E WPROF   : {"Javascript": {"url": "https://www.google.com/js/bg/KWBfAnWFESAEEaKKgdYlTHY9ysQaNoQuzeMFqvxDSM8.js", "requestTime": 30444.117508}}
06-28 17:02:47.066 12806 12819 E WPROF   : {"Javascript": {"url": "https://static.doubleclick.net/instream/ad_status.js", "requestTime": 30444.121267}}
06-28 17:02:47.290 12806 12819 E WPROF   : {"Javascript": {"url": "https://tpc.googlesyndication.com/pagead/js/r20170619/r20110914/client/ext/m_window_focus_non_hydra.js", "requestTime": 30444.345376}}
06-28 17:02:47.294 12806 12819 E WPROF   : {"Javascript": {"url": "https://tpc.googlesyndication.com/pagead/js/r20170619/r20110914/activeview/osd_listener.js", "requestTime": 30444.349599}}
06-28 17:02:47.302 12806 12819 E WPROF   : {"Javascript": {"url": "http://pagead2.googlesyndication.com/pagead/osd.js", "requestTime": 30444.357687}}
06-28 17:02:47.395 12806 12819 E WPROF   : {"Javascript": {"url": "http://www.justuno.com/ajax/account_version_check.html?id=828FA275-FF73-401E-AA39-40F5A6FAB6B1", "requestTime": 30444.450614}}
06-28 17:02:47.455 12739 12788 E chromium: [ERROR:gles2_cmd_decoder.cc(3852)] [.ChromiumCompositor-0xacbb2fc0]GL ERROR :GL_INVALID_ENUM : glDiscardFramebufferEXT: attachments was GL_COLOR_EXT
06-28 17:02:47.612 12739 12788 E chromium: [ERROR:gles2_cmd_decoder.cc(3852)] [.ChromiumCompositor-0xacbb2fc0]GL ERROR :GL_INVALID_ENUM : glDiscardFramebufferEXT: attachments was GL_COLOR_EXT
06-28 17:02:47.987 12739 12788 E chromium: [ERROR:gles2_cmd_decoder.cc(3852)] [.ChromiumCompositor-0xacbb2fc0]GL ERROR :GL_INVALID_ENUM : glDiscardFramebufferEXT: attachments was GL_COLOR_EXT
06-28 17:02:48.702 12739 12788 E chromium: [ERROR:gles2_cmd_decoder.cc(3852)] [.ChromiumCompositor-0xacbb2fc0]GL ERROR :GL_INVALID_ENUM : glDiscardFramebufferEXT: attachments was GL_COLOR_EXT
06-28 17:02:48.812 12739 12788 E chromium: [ERROR:gles2_cmd_decoder.cc(3852)] [.ChromiumCompositor-0xacbb2fc0]GL ERROR :GL_INVALID_ENUM : glDiscardFramebufferEXT: attachments was GL_COLOR_EXT
06-28 17:02:48.987 12806 12819 E WPROF   : {"Javascript": {"url": "http://cdn.justuno.com/mwgt_3.6.js", "requestTime": 30446.042541}}
06-28 17:02:49.251 12739 12788 E chromium: [ERROR:gles2_cmd_decoder.cc(3852)] [.ChromiumCompositor-0xacbb2fc0]GL ERROR :GL_INVALID_ENUM : glDiscardFramebufferEXT: attachments was GL_COLOR_EXT
06-28 17:02:49.619 12806 12819 E WPROF   : {"Javascript": {"url": "https://app-sj02.marketo.com/js/forms2/js/forms2.min.js", "requestTime": 30446.674500}}
06-28 17:02:49.636 12739 12788 E chromium: [ERROR:gles2_cmd_decoder.cc(3852)] [.ChromiumCompositor-0xacbb2fc0]GL ERROR :GL_INVALID_ENUM : glDiscardFramebufferEXT: attachments was GL_COLOR_EXT
06-28 17:02:50.328 12806 12819 E WProf.db: {"page": "searchengineland.com_local-seo-doesnt-happen-vacuum-249679"}
06-28 17:02:50.328 12806 12819 E WProf.db: {"DOMLoad": 30447.384019}
06-28 17:02:50.328 12806 12819 E WProf.db: {"Resource": {"id": 1, "url": "http://searchengineland.com/local-seo-doesnt-happen-vacuum-249679", "sentTime": -1.000000, "len": 96045, "from": "0x0", "mimeType": "text/html", "contentLength": -1, "httpStatus": 200, "connId": 19, "connReused": 1, "cached": 0,"requestTime": 30437.856812, "proxyStart": -1, "proxyEnd": -1, "dnsStart": -1, "dnsEnd": -1, "connectStart": 0, "connectEnd": 40, "sendStart": 40, "sendEnd": 41, "receiveHeadersEnd": 215, "sslStart": -1, "sslEnd": -1}}
06-28 17:02:50.328 12806 12819 E WProf.db: {"ReceivedChunk": {"receivedTime": 30438.092658, "len": 7881}}
06-28 17:02:50.329 12806 12819 E WProf.db: {"ReceivedChunk": {"receivedTime": 30438.167136, "len": 32768}}
06-28 17:02:50.329 12806 12819 E WProf.db: {"ReceivedChunk": {"receivedTime": 30438.167453, "len": 28618}}
06-28 17:02:50.329 12806 12819 E WProf.db: {"ReceivedChunk": {"receivedTime": 30438.247930, "len": 14735}}
06-28 17:02:50.329 12806 12819 E WProf.db: {"ReceivedChunk": {"receivedTime": 30438.248382, "len": 12043}}
06-28 17:02:50.329 12806 12819 E WProf.db: {"WprofHTMLTag": {"code": "0xaeddd780", "doc": "http://searchengineland.com/local-seo-doesnt-happen-vacuum-249679", "row": 6, "column": 42, "tagName": "html", "time": 30438.170421, "url": "", "pos": 1, "chunkLen": 1, "isStartTag": 1}}
06-28 17:02:50.329 12806 12819 E WProf.db: {"WprofHTMLTag": {"code": "0xaf047760", "doc": "http://searchengineland.com/local-seo-doesnt-happen-vacuum-249679", "row": 7, "column": 6, "tagName": "head", "time": 30438.170797, "url": "", "pos": 1, "chunkLen": 1, "isStartTag": 1}}
06-28 17:02:50.329 12806 12819 E WProf.db: {"WprofHTMLTag": {"code": "0xaf047850", "doc": "http://searchengineland.com/local-seo-doesnt-happen-vacuum-249679", "row": 8, "column": 54, "tagName": "meta", "time": 30438.170842, "url": "", "pos": 1, "chunkLen": 1, "isStartTag": 1}}
06-28 17:02:50.329 12806 12819 E WProf.db: {"WprofHTMLTag": {"code": "0xaf047880", "doc": "http://searchengineland.com/local-seo-doesnt-happen-vacuum-249679", "row": 9, "column": 68, "tagName": "meta", "time": 30438.171054, "url": "", "pos": 1, "chunkLen": 1, "isStartTag": 1}}
06-28 17:02:50.329 12806 12819 E WProf.db: {"WprofHTMLTag": {"code": "0xaf0478b0", "doc": "http://searchengineland.com/local-seo-doesnt-happen-vacuum-249679", "row": 10, "column": 23, "tagName": "meta", "time": 30438.171157, "url": "", "pos": 1, "chunkLen": 1, "isStartTag": 1}}
06-28 17:02:50.329 12806 12819 E WProf.db: {"WprofHTMLTag": {"code": "0xaf0478e0", "doc": "http://searchengineland.com/local-seo-doesnt-happen-vacuum-249679", "row": 11, "column": 52, "tagName": "meta", "time": 30438.171274, "url": "", "pos": 1, "chunkLen": 1, "isStartTag": 1}}
06-28 17:02:50.329 12806 12819 E WProf.db: {"WprofHTMLTag": {"code": "0xaf047910", "doc": "http://searchengineland.com/local-seo-doesnt-happen-vacuum-249679", "row": 14, "column": 56, "tagName": "meta", "time": 30438.171390, "url": "", "pos": 1, "chunkLen": 1, "isStartTag": 1}}
06-28 17:02:50.329 12806 12819 E WProf.db: {"WprofHTMLTag": {"code": "0xaf047940", "doc": "http://searchengineland.com/local-seo-doesnt-happen-vacuum-249679", "row": 15, "column": 83, "tagName": "meta", "time": 30438.171492, "url": "", "pos": 1, "chunkLen": 1, "isStartTag": 1}}
06-28 17:02:50.329 12806 12819 E WProf.db: {"WprofHTMLTag": {"code": "0xaf047970", "doc": "http://searchengineland.com/local-seo-doesnt-happen-vacuum-249679", "row": 16, "column": 57, "tagName": "meta", "time": 30438.171599, "url": "", "pos": 1, "chunkLen": 1, "isStartTag": 1}}
06-28 17:02:50.329 12806 12819 E WProf.db: {"WprofHTMLTag": {"code": "0xaf047a00", "doc": "http://searchengineland.com/local-seo-doesnt-happen-vacuum-249679", "row": 17, "column": 41, "tagName": "meta", "time": 30438.171701, "url": "", "pos": 1, "chunkLen": 1, "isStartTag": 1}}
06-28 17:02:50.330 12806 12819 E WProf.db: {"WprofHTMLTag": {"code": "0xaf047a30", "doc": "http://searchengineland.com/local-seo-doesnt-happen-vacuum-249679", "row": 18, "column": 50, "tagName": "meta", "time": 30438.171799, "url": "", "pos": 1, "chunkLen": 1, "isStartTag": 1}}
06-28 17:02:50.330 12806 12819 E WProf.db: {"WprofHTMLTag": {"code": "0xaf047a60", "doc": "http://searchengineland.com/local-seo-doesnt-happen-vacuum-249679", "row": 19, "column": 174, "tagName": "meta", "time": 30438.171901, "url": "", "pos": 1, "chunkLen": 1, "isStartTag": 1}}
06-28 17:02:50.330 12806 12819 E WProf.db: {"WprofHTMLTag": {"code": "0xaf0479d0", "doc": "http://searchengineland.com/local-seo-doesnt-happen-vacuum-249679", "row": 20, "column": 47, "tagName": "meta", "time": 30438.172008, "url": "", "pos": 1, "chunkLen": 1, "isStartTag": 1}}
06-28 17:02:50.330 12806 12819 E WProf.db: {"WprofHTMLTag": {"code": "0xaf0479a0", "doc": "http://searchengineland.com/local-seo-doesnt-happen-vacuum-249679", "row": 21, "column": 67, "tagName": "meta", "time": 30438.172106, "url": "", "pos": 1, "chunkLen": 1, "isStartTag": 1}}
06-28 17:02:50.330 12806 12819 E WProf.db: {"WprofHTMLTag": {"code": "0xaf047a90", "doc": "http://searchengineland.com/local-seo-doesnt-happen-vacuum-249679", "row": 22, "column": 57, "tagName": "meta", "time": 30438.172205, "url": "", "pos": 1, "chunkLen": 1, "isStartTag": 1}}
06-28 17:02:50.330 12806 12819 E WProf.db: {"WprofHTMLTag": {"code": "0xaf047ac0", "doc": "http://searchengineland.com/local-seo-doesnt-happen-vacuum-249679", "row": 23, "column": 65, "tagName": "meta", "time": 30438.172308, "url": "", "pos": 1, "chunkLen": 1, "isStartTag": 1}}
06-28 17:02:50.330 12806 12819 E WProf.db: {"WprofHTMLTag": {"code": "0xaf047af0", "doc": "http://searchengineland.com/local-seo-doesnt-happen-vacuum-249679", "row": 24, "column": 55, "tagName": "meta", "time": 30438.172409, "url": "", "pos": 1, "chunkLen": 1, "isStartTag": 1}}
06-28 17:02:50.330 12806 12819 E WProf.db: {"WprofHTMLTag": {"code": "0xaf047b20", "doc": "http://searchengineland.com/local-seo-doesnt-happen-vacuum-249679", "row": 25, "column": 71, "tagName": "meta", "time": 30438.172510, "url": "", "pos": 1, "chunkLen": 1, "isStartTag": 1}}
06-28 17:02:50.330 12806 12819 E WProf.db: {"WprofHTMLTag": {"code": "0xaf047b50", "doc": "http://searchengineland.com/local-seo-doesnt-happen-vacuum-249679", "row": 26, "column": 86, "tagName": "meta", "time": 30438.172610, "url": "", "pos": 1, "chunkLen": 1, "isStartTag": 1}}
06-28 17:02:50.330 12806 12819 E WProf.db: {"WprofHTMLTag": {"code": "0xaf047b80", "doc": "http://searchengineland.com/local-seo-doesnt-happen-vacuum-249679", "row": 27, "column": 54, "tagName": "meta", "time": 30438.172712, "url": "", "pos": 1, "chunkLen": 1, "isStartTag": 1}}
06-28 17:02:50.330 12806 12819 E WProf.db: {"WprofHTMLTag": {"code": "0xaf047bb0", "doc": "http://searchengineland.com/local-seo-doesnt-happen-vacuum-249679", "row": 29, "column": 157, "tagName": "meta", "time": 30438.172812, "url": "", "pos": 1, "chunkLen": 1, "isStartTag": 1}}
06-28 17:02:50.330 12806 12819 E WProf.db: {"WprofHTMLTag": {"code": "0xaf047be0", "doc": "http://searchengineland.com/local-seo-doesnt-happen-vacuum-249679", "row": 30, "column": 172, "tagName": "meta", "time": 30438.172913, "url": "", "pos": 1, "chunkLen": 1, "isStartTag": 1}}
06-28 17:02:50.330 12806 12819 E WProf.db: {"WprofHTMLTag": {"code": "0xaf047c10", "doc": "http://searchengineland.com/local-seo-doesnt-happen-vacuum-249679", "row": 31, "column": 55, "tagName": "meta", "time": 30438.173017, "url": "", "pos": 1, "chunkLen": 1, "isStartTag": 1}}
06-28 17:02:50.330 12806 12819 E WProf.db: {"WprofHTMLTag": {"code": "0xaf047c40", "doc": "http://searchengineland.com/local-seo-doesnt-happen-vacuum-249679", "row": 32, "column": 54, "tagName": "meta", "time": 30438.173120, "url": "", "pos": 1, "chunkLen": 1, "isStartTag": 1}}
06-28 17:02:50.331 12806 12819 E WProf.db: {"WprofHTMLTag": {"code": "0xaf047c70", "doc": "http://searchengineland.com/local-seo-doesnt-happen-vacuum-249679", "row": 33, "column": 130, "tagName": "meta", "time": 30438.173222, "url": "", "pos": 1, "chunkLen": 1, "isStartTag": 1}}
06-28 17:02:50.331 12806 12819 E WProf.db: {"WprofHTMLTag": {"code": "0xaf047ca0", "doc": "http://searchengineland.com/local-seo-doesnt-happen-vacuum-249679", "row": 37, "column": 36, "tagName": "script", "time": 30438.173321, "url": "", "pos": 1, "chunkLen": 1, "isStartTag": 1}}
06-28 17:02:50.331 12806 12819 E WProf.db: {"WprofHTMLTag": {"code": "0xaf047cd0", "doc": "http://searchengineland.com/local-seo-doesnt-happen-vacuum-249679", "row": 53, "column": 10, "tagName": "script", "time": 30438.173555, "url": "", "pos": 1, "chunkLen": 1, "isStartTag": 0}}
06-28 17:02:50.331 12806 12819 E WProf.db: {"WprofHTMLTag": {"code": "0xaeddd7b0", "doc": "http://searchengineland.com/local-seo-doesnt-happen-vacuum-249679", "row": 55, "column": 86, "tagName": "link", "time": 30438.175289, "url": "http://searchengineland.com/apple-touch-icon.png", "pos": 1, "chunkLen": 1, "isStartTag": 1}}
06-28 17:02:50.331 12806 12819 E WProf.db: {"WprofHTMLTag": {"code": "0xaf047d00", "doc": "http://searchengineland.com/local-seo-doesnt-happen-vacuum-249679", "row": 56, "column": 76, "tagName": "link", "time": 30438.175584, "url": "http://searchengineland.com/favicon.ico", "pos": 1, "chunkLen": 1, "isStartTag": 1}}
06-28 17:02:50.331 12806 12819 E WProf.db: {"WprofHTMLTag": {"code": "0xaf047d30", "doc": "http://searchengineland.com/local-seo-doesnt-happen-vacuum-249679", "row": 57, "column": 158, "tagName": "link", "time": 30438.175780, "url": "http://feeds.searchengineland.com/searchengineland", "pos": 1, "chunkLen": 1, "isStartTag": 1}}
06-28 17:02:50.331 12806 12819 E WProf.db: {"WprofHTMLTag": {"code": "0xaf047d60", "doc": "http://searchengineland.com/local-seo-doesnt-happen-vacuum-249679", "row": 58, "column": 149, "tagName": "link", "time": 30438.176036, "url": "http://feeds.searchengineland.com/searchcap", "pos": 1, "chunkLen": 1, "isStartTag": 1}}
06-28 17:02:50.332 12806 12819 E WProf.db: {"WprofHTMLTag": {"code": "0xaf047d90", "doc": "http://searchengineland.com/local-seo-doesnt-happen-vacuum-249679", "row": 59, "column": 150, "tagName": "link", "time": 30438.176298, "url": "http://searchengineland.com/figz/wp-content/themes/searchengineland/css/searchengineland-bootstrap.css", "pos": 1, "chunkLen": 1, "isStartTag": 1}}
06-28 17:02:50.332 12806 12819 E WProf.db: {"WprofHTMLTag": {"code": "0xaf047df0", "doc": "http://searchengineland.com/local-seo-doesnt-happen-vacuum-249679", "row": 60, "column": 105, "tagName": "link", "time": 30438.176905, "url": "http://fonts.googleapis.com/css?family=Oswald:300,400,700", "pos": 1, "chunkLen": 1, "isStartTag": 1}}
06-28 17:02:50.332 12806 12819 E WProf.db: {"WprofHTMLTag": {"code": "0xaf047e50", "doc": "http://searchengineland.com/local-seo-doesnt-happen-vacuum-249679", "row": 61, "column": 125, "tagName": "link", "time": 30438.177436, "url": "http://searchengineland.com/figz/wp-content/themes/searchengineland/style.css", "pos": 1, "chunkLen": 1, "isStartTag": 1}}
06-28 17:02:50.332 12806 12819 E WProf.db: {"WprofHTMLTag": {"code": "0xaf047eb0", "doc": "http://searchengineland.com/local-seo-doesnt-happen-vacuum-249679", "row": 65, "column": 7, "tagName": "title", "time": 30438.177968, "url": "", "pos": 1, "chunkLen": 1, "isStartTag": 1}}
06-28 17:02:50.332 12806 12819 E WProf.db: {"WprofHTMLTag": {"code": "0xaf047f10", "doc": "http://searchengineland.com/local-seo-doesnt-happen-vacuum-249679", "row": 65, "column": 56, "tagName": "title", "time": 30438.178211, "url": "", "pos": 1, "chunkLen": 1, "isStartTag": 0}}
06-28 17:02:50.332 12806 12819 E WProf.db: {"WprofHTMLTag": {"code": "0xaf047f40", "doc": "http://searchengineland.com/local-seo-doesnt-happen-vacuum-249679", "row": 66, "column": 169, "tagName": "meta", "time": 30438.178231, "url": "", "pos": 1, "chunkLen": 1, "isStartTag": 1}}
06-28 17:02:50.332 12806 12819 E WProf.db: {"WprofHTMLTag": {"code": "0xaf047f70", "doc": "http://searchengineland.com/local-seo-doesnt-happen-vacuum-249679", "row": 67, "column": 158, "tagName": "meta", "time": 30438.178343, "url": "", "pos": 1, "chunkLen": 1, "isStartTag": 1}}
06-28 17:02:50.332 12806 12819 E WProf.db: {"WprofHTMLTag": {"code": "0xaf047fa0", "doc": "http://searchengineland.com/local-seo-doesnt-happen-vacuum-249679", "row": 68, "column": 107, "tagName": "meta", "time": 30438.178448, "url": "", "pos": 1, "chunkLen": 1, "isStartTag": 1}}
06-28 17:02:50.332 12806 12819 E WProf.db: {"WprofHTMLTag": {"code": "0xaf047fd0", "doc": "http://searchengineland.com/local-seo-doesnt-happen-vacuum-249679", "row": 69, "column": 37, "tagName": "meta", "time": 30438.178552, "url": "", "pos": 1, "chunkLen": 1, "isStartTag": 1}}
06-28 17:02:50.332 12806 12819 E WProf.db: {"WprofHTMLTag": {"code": "0xb4cc74b0", "doc": "http://searchengineland.com/local-seo-doesnt-happen-vacuum-249679", "row": 70, "column": 97, "tagName": "link", "time": 30438.178659, "url": "http://searchengineland.com/local-seo-doesnt-happen-vacuum-249679", "pos": 1, "chunkLen": 1, "isStartTag": 1}}
06-28 17:02:50.332 12806 12819 E WProf.db: {"WprofHTMLTag": {"code": "0xb4cc7540", "doc": "http://searchengineland.com/local-seo-doesnt-happen-vacuum-249679", "row": 71, "column": 76, "tagName": "link", "time": 30438.178843, "url": "https://plus.google.com/103218677032751327334", "pos": 1, "chunkLen": 1, "isStartTag": 1}}
06-28 17:02:50.332 12806 12819 E WProf.db: {"WprofHTMLTag": {"code": "0xb4cc78a0", "doc": "http://searchengineland.com/local-seo-doesnt-happen-vacuum-249679", "row": 72, "column": 45, "tagName": "meta", "time": 30438.179034, "url": "", "pos": 1, "chunkLen": 1, "isStartTag": 1}}
06-28 17:02:50.332 12806 12819 E WProf.db: {"WprofHTMLTag": {"code": "0xb4cc78d0", "doc": "http://searchengineland.com/local-seo-doesnt-happen-vacuum-249679", "row": 73, "column": 45, "tagName": "meta", "time": 30438.179144, "url": "", "pos": 1, "chunkLen": 1, "isStartTag": 1}}
06-28 17:02:50.333 12806 12819 E WProf.db: {"WprofHTMLTag": {"code": "0xb4cc7900", "doc": "http://searchengineland.com/local-seo-doesnt-happen-vacuum-249679", "row": 74, "column": 80, "tagName": "meta", "time": 30438.179249, "url": "", "pos": 1, "chunkLen": 1, "isStartTag": 1}}
06-28 17:02:50.333 12806 12819 E WProf.db: {"WprofHTMLTag": {"code": "0xb4cc7930", "doc": "http://searchengineland.com/local-seo-doesnt-happen-vacuum-249679", "row": 75, "column": 177, "tagName": "meta", "time": 30438.179353, "url": "", "pos": 1, "chunkLen": 1, "isStartTag": 1}}
06-28 17:02:50.333 12806 12819 E WProf.db: {"WprofHTMLTag": {"code": "0xb4cc7960", "doc": "http://searchengineland.com/local-seo-doesnt-happen-vacuum-249679", "row": 76, "column": 102, "tagName": "meta", "time": 30438.179466, "url": "", "pos": 1, "chunkLen": 1, "isStartTag": 1}}
06-28 17:02:50.333 12806 12819 E WProf.db: {"WprofHTMLTag": {"code": "0xb4cc7990", "doc": "http://searchengineland.com/local-seo-doesnt-happen-vacuum-249679", "row": 77, "column": 61, "tagName": "meta", "time": 30438.179578, "url": "", "pos": 1, "chunkLen": 1, "isStartTag": 1}}
06-28 17:02:50.333 12806 12819 E WProf.db: {"WprofHTMLTag": {"code": "0xb4cc79c0", "doc": "http://searchengineland.com/local-seo-doesnt-happen-vacuum-249679", "row": 78, "column": 89, "tagName": "meta", "time": 30438.179689, "url": "", "pos": 1, "chunkLen": 1, "isStartTag": 1}}
06-28 17:02:50.333 12806 12819 E WProf.db: {"WprofHTMLTag": {"code": "0xb4cc79f0", "doc": "http://searchengineland.com/local-seo-doesnt-happen-vacuum-249679", "row": 79, "column": 60, "tagName": "meta", "time": 30438.179802, "url": "", "pos": 1, "chunkLen": 1, "isStartTag": 1}}
06-28 17:02:50.333 12806 12819 E WProf.db: {"WprofHTMLTag": {"code": "0xb4cc7a20", "doc": "http://searchengineland.com/local-seo-doesnt-happen-vacuum-249679", "row": 80, "column": 78, "tagName": "meta", "time": 30438.179910, "url": "", "pos": 1, "chunkLen": 1, "isStartTag": 1}}
06-28 17:02:50.333 12806 12819 E WProf.db: {"WprofHTMLTag": {"code": "0xb4cc7a50", "doc": "http://searchengineland.com/local-seo-doesnt-happen-vacuum-249679", "row": 81, "column": 77, "tagName": "meta", "time": 30438.180058, "url": "", "pos": 1, "chunkLen": 1, "isStartTag": 1}}
06-28 17:02:50.333 12806 12819 E WProf.db: {"WprofHTMLTag": {"code": "0xb4cc7a80", "doc": "http://searchengineland.com/local-seo-doesnt-happen-vacuum-249679", "row": 82, "column": 71, "tagName": "meta", "time": 30438.180166, "url": "", "pos": 1, "chunkLen": 1, "isStartTag": 1}}
06-28 17:02:50.333 12806 12819 E WProf.db: {"WprofHTMLTag": {"code": "0xb4cc7ab0", "doc": "http://searchengineland.com/local-seo-doesnt-happen-vacuum-249679", "row": 83, "column": 124, "tagName": "meta", "time": 30438.180279, "url": "", "pos": 1, "chunkLen": 1, "isStartTag": 1}}
06-28 17:02:50.333 12806 12819 E WProf.db: {"WprofHTMLTag": {"code": "0xb4cc7ae0", "doc": "http://searchengineland.com/local-seo-doesnt-happen-vacuum-249679", "row": 84, "column": 49, "tagName": "meta", "time": 30438.180393, "url": "", "pos": 1, "chunkLen": 1, "isStartTag": 1}}
06-28 17:02:50.333 12806 12819 E WProf.db: {"WprofHTMLTag": {"code": "0xb4cc7b10", "doc": "http://searchengineland.com/local-seo-doesnt-happen-vacuum-249679", "row": 85, "column": 50, "tagName": "meta", "time": 30438.180499, "url": "", "pos": 1, "chunkLen": 1, "isStartTag": 1}}
06-28 17:02:50.333 12806 12819 E WProf.db: {"WprofHTMLTag": {"code": "0xb4cc7b40", "doc": "http://searchengineland.com/local-seo-doesnt-happen-vacuum-249679", "row": 86, "column": 58, "tagName": "meta", "time": 30438.180605, "url": "", "pos": 1, "chunkLen": 1, "isStartTag": 1}}
06-28 17:02:50.333 12806 12819 E WProf.db: {"WprofHTMLTag": {"code": "0xb4cc7b70", "doc": "http://searchengineland.com/local-seo-doesnt-happen-vacuum-249679", "row": 87, "column": 178, "tagName": "meta", "time": 30438.180713, "url": "", "pos": 1, "chunkLen": 1, "isStartTag": 1}}
06-28 17:02:50.334 12806 12819 E WProf.db: {"WprofHTMLTag": {"code": "0xb4cc7ba0", "doc": "http://searchengineland.com/local-seo-doesnt-happen-vacuum-249679", "row": 88, "column": 81, "tagName": "meta", "time": 30438.180821, "url": "", "pos": 1, "chunkLen": 1, "isStartTag": 1}}
06-28 17:02:50.334 12806 12819 E WProf.db: {"WprofHTMLTag": {"code": "0xb4cc7bd0", "doc": "http://searchengineland.com/local-seo-doesnt-happen-vacuum-249679", "row": 89, "column": 51, "tagName": "meta", "time": 30438.180922, "url": "", "pos": 1, "chunkLen": 1, "isStartTag": 1}}
06-28 17:02:50.334 12806 12819 E WProf.db: {"WprofHTMLTag": {"code": "0xb4cc7c00", "doc": "http://searchengineland.com/local-seo-doesnt-happen-vacuum-249679", "row": 90, "column": 125, "tagName": "meta", "time": 30438.181029, "url": "", "pos": 1, "chunkLen": 1, "isStartTag": 1}}
06-28 17:02:50.334 12806 12819 E WProf.db: {"WprofHTMLTag": {"code": "0xb4cc7c30", "doc": "http://searchengineland.com/local-seo-doesnt-happen-vacuum-249679", "row": 91, "column": 54, "tagName": "meta", "time": 30438.181129, "url": "", "pos": 1, "chunkLen": 1, "isStartTag": 1}}
06-28 17:02:50.334 12806 12819 E WProf.db: {"WprofHTMLTag": {"code": "0xb4cc7c60", "doc": "http://searchengineland.com/local-seo-doesnt-happen-vacuum-249679", "row": 94, "column": 44, "tagName": "link", "time": 30438.181243, "url": "http://s.w.org/", "pos": 1, "chunkLen": 1, "isStartTag": 1}}
06-28 17:02:50.334 12806 12819 E WProf.db: {"WprofHTMLTag": {"code": "0xb4cc7c90", "doc": "http://searchengineland.com/local-seo-doesnt-happen-vacuum-249679", "row": 95, "column": 33, "tagName": "script", "time": 30438.185987, "url": "", "pos": 1, "chunkLen": 1, "isStartTag": 1}}
06-28 17:02:50.334 12806 12819 E WProf.db: {"WprofHTMLTag": {"code": "0xaf047820", "doc": "http://searchengineland.com/local-seo-doesnt-happen-vacuum-249679", "row": 98, "column": 11, "tagName": "script", "time": 30438.186289, "url": "http://searchengineland.com/figz/wp-includes/js/wp-emoji-release.min.js?ver=4.7.5", "pos": 1, "chunkLen": 1, "isStartTag": 0}}
06-28 17:02:50.334 12806 12819 E WProf.db: {"WprofHTMLTag": {"code": "0x9ea7da50", "doc": "http://searchengineland.com/local-seo-doesnt-happen-vacuum-249679", "row": 99, "column": 25, "tagName": "style", "time": 30438.803765, "url": "", "pos": 1, "chunkLen": 1, "isStartTag": 1}}
06-28 17:02:50.334 12806 12819 E WProf.db: {"WprofHTMLTag": {"code": "0x9ea7da80", "doc": "http://searchengineland.com/local-seo-doesnt-happen-vacuum-249679", "row": 112, "column": 8, "tagName": "style", "time": 30438.803980, "url": "", "pos": 1, "chunkLen": 1, "isStartTag": 0}}
06-28 17:02:50.334 12806 12819 E WProf.db: {"WprofHTMLTag": {"code": "0x9ea7dab0", "doc": "http://searchengineland.com/local-seo-doesnt-happen-vacuum-249679", "row": 113, "column": 140, "tagName": "script", "time": 30438.805844, "url": "http://searchengineland.com/figz/wp-content/themes/searchengineland/js/lib/modernizr.custom.js?ver=1.0", "pos": 1, "chunkLen": 1, "isStartTag": 1}}
06-28 17:02:50.334 12806 12819 E WProf.db: {"WprofHTMLTag": {"code": "0x9ea7dae0", "doc": "http://searchengineland.com/local-seo-doesnt-happen-vacuum-249679", "row": 113, "column": 149, "tagName": "script", "time": 30438.806085, "url": "", "pos": 1, "chunkLen": 1, "isStartTag": 0}}
06-28 17:02:50.334 12806 12819 E WProf.db: {"WprofHTMLTag": {"code": "0xaeddd9c0", "doc": "http://searchengineland.com/local-seo-doesnt-happen-vacuum-249679", "row": 114, "column": 144, "tagName": "script", "time": 30438.815751, "url": "http://searchengineland.com/figz/wp-content/themes/searchengineland/js/lib/jquery-1.11.0.min.js?ver=1.11.0", "pos": 1, "chunkLen": 1, "isStartTag": 1}}
06-28 17:02:50.335 12806 12819 E WProf.db: {"WprofHTMLTag": {"code": "0x9ea7db40", "doc": "http://searchengineland.com/local-seo-doesnt-happen-vacuum-249679", "row": 114, "column": 153, "tagName": "script", "time": 30438.816017, "url": "", "pos": 1, "chunkLen": 1, "isStartTag": 0}}
06-28 17:02:50.335 12806 12819 E WProf.db: {"WprofHTMLTag": {"code": "0xaeddddb0", "doc": "http://searchengineland.com/local-seo-doesnt-happen-vacuum-249679", "row": 0, "column": 15, "tagName": "div", "time": 30438.973089, "url": "", "pos": 15, "chunkLen": 44, "isStartTag": 1}}
06-28 17:02:50.335 12806 12819 E WProf.db: {"WprofHTMLTag": {"code": "0xaedddd50", "doc": "http://searchengineland.com/local-seo-doesnt-happen-vacuum-249679", "row": 0, "column": 21, "tagName": "div", "time": 30438.973271, "url": "", "pos": 21, "chunkLen": 44, "isStartTag": 0}}
06-28 17:02:50.335 12806 12819 E WProf.db: {"WprofHTMLTag": {"code": "0xaedddcf0", "doc": "http://searchengineland.com/local-seo-doesnt-happen-vacuum-249679", "row": 0, "column": 38, "tagName": "div", "time": 30438.973363, "url": "", "pos": 38, "chunkLen": 44, "isStartTag": 1}}
06-28 17:02:50.335 12806 12819 E WProf.db: {"WprofHTMLTag": {"code": "0xaedddd20", "doc": "http://searchengineland.com/local-seo-doesnt-happen-vacuum-249679", "row": 0, "column": 44, "tagName": "div", "time": 30438.973527, "url": "", "pos": 44, "chunkLen": 44, "isStartTag": 0}}
06-28 17:02:50.335 12806 12819 E WProf.db: {"WprofHTMLTag": {"code": "0xaedddc60", "doc": "http://searchengineland.com/local-seo-doesnt-happen-vacuum-249679", "row": 0, "column": 13, "tagName": "select", "time": 30438.976148, "url": "", "pos": 13, "chunkLen": 51, "isStartTag": 1}}
06-28 17:02:50.335 12806 12819 E WProf.db: {"WprofHTMLTag": {"code": "0xaedddc00", "doc": "http://searchengineland.com/local-seo-doesnt-happen-vacuum-249679", "row": 0, "column": 33, "tagName": "option", "time": 30438.976411, "url": "", "pos": 33, "chunkLen": 51, "isStartTag": 1}}
06-28 17:02:50.335 12806 12819 E WProf.db: {"WprofHTMLTag": {"code": "0x9ea7dba0", "doc": "http://searchengineland.com/local-seo-doesnt-happen-vacuum-249679", "row": 0, "column": 42, "tagName": "option", "time": 30438.976665, "url": "", "pos": 42, "chunkLen": 51, "isStartTag": 0}}
06-28 17:02:50.335 12806 12819 E WProf.db: {"WprofHTMLTag": {"code": "0x9ea7dbd0", "doc": "http://searchengineland.com/local-seo-doesnt-happen-vacuum-249679", "row": 0, "column": 51, "tagName": "select", "time": 30438.976748, "url": "", "pos": 51, "chunkLen": 51, "isStartTag": 0}}
06-28 17:02:50.335 12806 12819 E WProf.db: {"WprofHTMLTag": {"code": "0x9ea7dc00", "doc": "http://searchengineland.com/local-seo-doesnt-happen-vacuum-249679", "row": 0, "column": 12, "tagName": "a", "time": 30438.983516, "url": "", "pos": 12, "chunkLen": 16, "isStartTag": 1}}
06-28 17:02:50.335 12806 12819 E WProf.db: {"WprofHTMLTag": {"code": "0x9ea7dc30", "doc": "http://searchengineland.com/local-seo-doesnt-happen-vacuum-249679", "row": 0, "column": 16, "tagName": "a", "time": 30438.983749, "url": "", "pos": 16, "chunkLen": 16, "isStartTag": 0}}
06-28 17:02:50.335 12806 12819 E WProf.db: {"WprofHTMLTag": {"code": "0x9ea7dc60", "doc": "http://searchengineland.com/local-seo-doesnt-happen-vacuum-249679", "row": 0, "column": 8, "tagName": "input", "time": 30438.985330, "url": "", "pos": 8, "chunkLen": 8, "isStartTag": 1}}
06-28 17:02:50.335 12806 12819 E WProf.db: {"WprofHTMLTag": {"code": "0x9ea7dc90", "doc": "http://searchengineland.com/local-seo-doesnt-happen-vacuum-249679", "row": 0, "column": 9, "tagName": "link", "time": 30438.997769, "url": "", "pos": 9, "chunkLen": 42, "isStartTag": 1}}
06-28 17:02:50.335 12806 12819 E WProf.db: {"WprofHTMLTag": {"code": "0x9ea7dcc0", "doc": "http://searchengineland.com/local-seo-doesnt-happen-vacuum-249679", "row": 0, "column": 16, "tagName": "table", "time": 30438.997919, "url": "", "pos": 16, "chunkLen": 42, "isStartTag": 1}}
06-28 17:02:50.336 12806 12819 E WProf.db: {"WprofHTMLTag": {"code": "0x9ea7dcf0", "doc": "http://searchengineland.com/local-seo-doesnt-happen-vacuum-249679", "row": 0, "column": 24, "tagName": "table", "time": 30438.998055, "url": "", "pos": 24, "chunkLen": 42, "isStartTag": 0}}
06-28 17:02:50.336 12806 12819 E WProf.db: {"WprofHTMLTag": {"code": "0x9ea7dd20", "doc": "http://searchengineland.com/local-seo-doesnt-happen-vacuum-249679", "row": 0, "column": 37, "tagName": "a", "time": 30438.998129, "url": "", "pos": 37, "chunkLen": 42, "isStartTag": 1}}
06-28 17:02:50.336 12806 12819 E WProf.db: {"WprofHTMLTag": {"code": "0x9ea7dd50", "doc": "http://searchengineland.com/local-seo-doesnt-happen-vacuum-249679", "row": 0, "column": 42, "tagName": "a", "time": 30438.998353, "url": "", "pos": 42, "chunkLen": 42, "isStartTag": 0}}
06-28 17:02:50.336 12806 12819 E WProf.db: {"WprofHTMLTag": {"code": "0x9ea7dde0", "doc": "http://searchengineland.com/local-seo-doesnt-happen-vacuum-249679", "row": 0, "column": 10, "tagName": "textarea", "time": 30438.999743, "url": "", "pos": 10, "chunkLen": 22, "isStartTag": 1}}
06-28 17:02:50.336 12806 12819 E WProf.db: {"WprofHTMLTag": {"code": "0x9ea7de10", "doc": "http://searchengineland.com/local-seo-doesnt-happen-vacuum-249679", "row": 0, "column": 22, "tagName": "textarea", "time": 30438.999977, "url": "", "pos": 22, "chunkLen": 22, "isStartTag": 0}}
06-28 17:02:50.336 12806 12819 E WProf.db: {"WprofHTMLTag": {"code": "0x9ea7de40", "doc": "http://searchengineland.com/local-seo-doesnt-happen-vacuum-249679", "row": 0, "column": 48, "tagName": "input", "time": 30439.001442, "url": "", "pos": 48, "chunkLen": 48, "isStartTag": 1}}
06-28 17:02:50.336 12806 12819 E WProf.db: {"WprofHTMLTag": {"code": "0x9ea7dea0", "doc": "http://searchengineland.com/local-seo-doesnt-happen-vacuum-249679", "row": 0, "column": 9, "tagName": "link", "time": 30439.006853, "url": "", "pos": 9, "chunkLen": 66, "isStartTag": 1}}
06-28 17:02:50.336 12806 12819 E WProf.db: {"WprofHTMLTag": {"code": "0x9ea7ded0", "doc": "http://searchengineland.com/local-seo-doesnt-happen-vacuum-249679", "row": 0, "column": 16, "tagName": "table", "time": 30439.006984, "url": "", "pos": 16, "chunkLen": 66, "isStartTag": 1}}
06-28 17:02:50.336 12806 12819 E WProf.db: {"WprofHTMLTag": {"code": "0x9ea7df00", "doc": "http://searchengineland.com/local-seo-doesnt-happen-vacuum-249679", "row": 0, "column": 24, "tagName": "table", "time": 30439.007076, "url": "", "pos": 24, "chunkLen": 66, "isStartTag": 0}}
06-28 17:02:50.336 12806 12819 E WProf.db: {"WprofHTMLTag": {"code": "0x9ea7df30", "doc": "http://searchengineland.com/local-seo-doesnt-happen-vacuum-249679", "row": 0, "column": 37, "tagName": "a", "time": 30439.007148, "url": "", "pos": 37, "chunkLen": 66, "isStartTag": 1}}
06-28 17:02:50.336 12806 12819 E WProf.db: {"WprofHTMLTag": {"code": "0x9ea7df60", "doc": "http://searchengineland.com/local-seo-doesnt-happen-vacuum-249679", "row": 0, "column": 42, "tagName": "a", "time": 30439.007360, "url": "", "pos": 42, "chunkLen": 66, "isStartTag": 0}}
06-28 17:02:50.336 12806 12819 E WProf.db: {"WprofHTMLTag": {"code": "0x9ea7df90", "doc": "http://searchengineland.com/local-seo-doesnt-happen-vacuum-249679", "row": 0, "column": 66, "tagName": "input", "time": 30439.007431, "url": "", "pos": 66, "chunkLen": 66, "isStartTag": 1}}
06-28 17:02:50.336 12806 12819 E WProf.db: {"WprofHTMLTag": {"code": "0x9ea7e020", "doc": "http://searchengineland.com/local-seo-doesnt-happen-vacuum-249679", "row": 0, "column": 9, "tagName": "link", "time": 30439.010507, "url": "", "pos": 9, "chunkLen": 66, "isStartTag": 1}}
06-28 17:02:50.337 12806 12819 E WProf.db: {"WprofHTMLTag": {"code": "0x9ea7e050", "doc": "http://searchengineland.com/local-seo-doesnt-happen-vacuum-249679", "row": 0, "column": 16, "tagName": "table", "time": 30439.010631, "url": "", "pos": 16, "chunkLen": 66, "isStartTag": 1}}
06-28 17:02:50.337 12806 12819 E WProf.db: {"WprofHTMLTag": {"code": "0x9ea7e080", "doc": "http://searchengineland.com/local-seo-doesnt-happen-vacuum-249679", "row": 0, "column": 24, "tagName": "table", "time": 30439.010717, "url": "", "pos": 24, "chunkLen": 66, "isStartTag": 0}}
06-28 17:02:50.337 12806 12819 E WProf.db: {"WprofHTMLTag": {"code": "0x9ea7e0b0", "doc": "http://searchengineland.com/local-seo-doesnt-happen-vacuum-249679", "row": 0, "column": 37, "tagName": "a", "time": 30439.010781, "url": "", "pos": 37, "chunkLen": 66, "isStartTag": 1}}
06-28 17:02:50.337 12806 12819 E WProf.db: {"WprofHTMLTag": {"code": "0x9ea7e0e0", "doc": "http://searchengineland.com/local-seo-doesnt-happen-vacuum-249679", "row": 0, "column": 42, "tagName": "a", "time": 30439.010969, "url": "", "pos": 42, "chunkLen": 66, "isStartTag": 0}}
06-28 17:02:50.337 12806 12819 E WProf.db: {"WprofHTMLTag": {"code": "0x9ea7e110", "doc": "http://searchengineland.com/local-seo-doesnt-happen-vacuum-249679", "row": 0, "column": 66, "tagName": "input", "time": 30439.011043, "url": "", "pos": 66, "chunkLen": 66, "isStartTag": 1}}
06-28 17:02:50.337 12806 12819 E WProf.db: {"WprofHTMLTag": {"code": "0x9ea7e170", "doc": "http://searchengineland.com/local-seo-doesnt-happen-vacuum-249679", "row": 0, "column": 9, "tagName": "link", "time": 30439.015885, "url": "", "pos": 9, "chunkLen": 66, "isStartTag": 1}}
06-28 17:02:50.337 12806 12819 E WProf.db: {"WprofHTMLTag": {"code": "0x9ea7e1a0", "doc": "http://searchengineland.com/local-seo-doesnt-happen-vacuum-249679", "row": 0, "column": 16, "tagName": "table", "time": 30439.016011, "url": "", "pos": 16, "chunkLen": 66, "isStartTag": 1}}
06-28 17:02:50.337 12806 12819 E WProf.db: {"WprofHTMLTag": {"code": "0x9ea7e1d0", "doc": "http://searchengineland.com/local-seo-doesnt-happen-vacuum-249679", "row": 0, "column": 24, "tagName": "table", "time": 30439.016091, "url": "", "pos": 24, "chunkLen": 66, "isStartTag": 0}}
06-28 17:02:50.337 12806 12819 E WProf.db: {"WprofHTMLTag": {"code": "0x9ea7e200", "doc": "http://searchengineland.com/local-seo-doesnt-happen-vacuum-249679", "row": 0, "column": 37, "tagName": "a", "time": 30439.016166, "url": "", "pos": 37, "chunkLen": 66, "isStartTag": 1}}
06-28 17:02:50.338 12806 12819 E WProf.db: {"WprofHTMLTag": {"code": "0x9ea7e230", "doc": "http://searchengineland.com/local-seo-doesnt-happen-vacuum-249679", "row": 0, "column": 42, "tagName": "a", "time": 30439.016351, "url": "", "pos": 42, "chunkLen": 66, "isStartTag": 0}}
06-28 17:02:50.338 12806 12819 E WProf.db: {"WprofHTMLTag": {"code": "0x9ea7e260", "doc": "http://searchengineland.com/local-seo-doesnt-happen-vacuum-249679", "row": 0, "column": 66, "tagName": "input", "time": 30439.016422, "url": "", "pos": 66, "chunkLen": 66, "isStartTag": 1}}
06-28 17:02:50.338 12806 12819 E WProf.db: {"WprofHTMLTag": {"code": "0x9ea7e380", "doc": "http://searchengineland.com/local-seo-doesnt-happen-vacuum-249679", "row": 115, "column": 154, "tagName": "script", "time": 30439.032135, "url": "http://searchengineland.com/figz/wp-content/themes/searchengineland/js/lib/jquery-ui-1.10.3.custom.min.js?ver=1.10.3", "pos": 67, "chunkLen": 67, "isStartTag": 1}}
06-28 17:02:50.338 12806 12819 E WProf.db: {"WprofHTMLTag": {"code": "0x9ea7e3b0", "doc": "http://searchengineland.com/local-seo-doesnt-happen-vacuum-249679", "row": 115, "column": 163, "tagName": "script", "time": 30439.032403, "url": "", "pos": 67, "chunkLen": 67, "isStartTag": 0}}
06-28 17:02:50.338 12806 12819 E WProf.db: {"WprofHTMLTag": {"code": "0xaedddf60", "doc": "http://searchengineland.com/local-seo-doesnt-happen-vacuum-249679", "row": 0, "column": 111, "tagName": "div", "time": 30439.162569, "url": "", "pos": 111, "chunkLen": 117, "isStartTag": 1}}
06-28 17:02:50.338 12806 12819 E WProf.db: {"WprofHTMLTag": {"code": "0xaedddf30", "doc": "http://searchengineland.com/local-seo-doesnt-happen-vacuum-249679", "row": 0, "column": 117, "tagName": "div", "time": 30439.162781, "url": "", "pos": 117, "chunkLen": 117, "isStartTag": 0}}
06-28 17:02:50.338 12806 12819 E WProf.db: {"WprofHTMLTag": {"code": "0x9ea7e6b0", "doc": "http://searchengineland.com/local-seo-doesnt-happen-vacuum-249679", "row": 116, "column": 155, "tagName": "script", "time": 30439.189033, "url": "http://searchengineland.com/figz/wp-content/themes/searchengineland/js/lib/jquery.ba-throttle-debounce.min.js?ver=1.1", "pos": 118, "chunkLen": 118, "isStartTag": 1}}
06-28 17:02:50.338 12806 12819 E WProf.db: {"WprofHTMLTag": {"code": "0x9ea7e6e0", "doc": "http://searchengineland.com/local-seo-doesnt-happen-vacuum-249679", "row": 116, "column": 164, "tagName": "script", "time": 30439.189301, "url": "", "pos": 118, "chunkLen": 118, "isStartTag": 0}}
06-28 17:02:50.338 12806 12819 E WProf.db: {"WprofHTMLTag": {"code": "0x9ea7e710", "doc": "http://searchengineland.com/local-seo-doesnt-happen-vacuum-249679", "row": 117, "column": 146, "tagName": "script", "time": 30439.190610, "url": "http://searchengineland.com/figz/wp-content/themes/searchengineland/js/lib/jquery.countdown.min.js?ver=2.0.4", "pos": 118, "chunkLen": 118, "isStartTag": 1}}
06-28 17:02:50.338 12806 12819 E WProf.db: {"WprofHTMLTag": {"code": "0x9ea7e740", "doc": "http://searchengineland.com/local-seo-doesnt-happen-vacuum-249679", "row": 117, "column": 155, "tagName": "script", "time": 30439.190833, "url": "", "pos": 118, "chunkLen": 118, "isStartTag": 0}}
06-28 17:02:50.338 12806 12819 E WProf.db: {"WprofHTMLTag": {"code": "0x9ea7e770", "doc": "http://searchengineland.com/local-seo-doesnt-happen-vacuum-249679", "row": 118, "column": 77, "tagName": "link", "time": 30439.194043, "url": "http://searchengineland.com/wp-json/", "pos": 118, "chunkLen": 118, "isStartTag": 1}}
06-28 17:02:50.338 12806 12819 E WProf.db: {"WprofHTMLTag": {"code": "0x9ea7e860", "doc": "http://searchengineland.com/local-seo-doesnt-happen-vacuum-249679", "row": 119, "column": 69, "tagName": "link", "time": 30439.194277, "url": "http://searchengineland.com/?p=249679", "pos": 118, "chunkLen": 118, "isStartTag": 1}}
06-28 17:02:50.338 12806 12819 E WProf.db: {"WprofHTMLTag": {"code": "0x9ea7e890", "doc": "http://searchengineland.com/local-seo-doesnt-happen-vacuum-249679", "row": 120, "column": 193, "tagName": "link", "time": 30439.194485, "url": "http://searchengineland.com/wp-json/oembed/1.0/embed?url=http%3A%2F%2Fsearchengineland.com%2Flocal-seo-doesnt-happen-vacuum-249679", "pos": 118, "chunkLen": 118, "isStartTag": 1}}
06-28 17:02:50.339 12806 12819 E WProf.db: {"WprofHTMLTag": {"code": "0x9ea7e8f0", "doc": "http://searchengineland.com/local-seo-doesnt-happen-vacuum-249679", "row": 121, "column": 201, "tagName": "link", "time": 30439.194733, "url": "http://searchengineland.com/wp-json/oembed/1.0/embed?url=http%3A%2F%2Fsearchengineland.com%2Flocal-seo-doesnt-happen-vacuum-249679&format=xml", "pos": 118, "chunkLen": 118, "isStartTag": 1}}
06-28 17:02:50.339 12806 12819 E WProf.db: {"WprofHTMLTag": {"code": "0x9ea7e950", "doc": "http://searchengineland.com/local-seo-doesnt-happen-vacuum-249679", "row": 122, "column": 99, "tagName": "link", "time": 30439.194990, "url": "http://searchengineland.com/local-seo-doesnt-happen-vacuum-249679/amp", "pos": 118, "chunkLen": 118, "isStartTag": 1}}
06-28 17:02:50.339 12806 12819 E WProf.db: {"WprofHTMLTag": {"code": "0x9ea7e980", "doc": "http://searchengineland.com/local-seo-doesnt-happen-vacuum-249679", "row": 124, "column": 31, "tagName": "script", "time": 30439.195196, "url": "", "pos": 118, "chunkLen": 118, "isStartTag": 1}}
06-28 17:02:50.339 12806 12819 E WProf.db: {"WprofHTMLTag": {"code": "0x9ea7e9b0", "doc": "http://searchengineland.com/local-seo-doesnt-happen-vacuum-249679", "row": 137, "column": 9, "tagName": "script", "time": 30439.195404, "url": "http://www.googletagservices.com/tag/js/gpt.js", "pos": 118, "chunkLen": 118, "isStartTag": 0}}
06-28 17:02:50.339 12806 12819 E WProf.db: {"WprofHTMLTag": {"code": "0x9ea7ead0", "doc": "http://searchengineland.com/local-seo-doesnt-happen-vacuum-249679", "row": 140, "column": 31, "tagName": "script", "time": 30439.197017, "url": "", "pos": 118, "chunkLen": 118, "isStartTag": 1}}
06-28 17:02:50.339 12806 12819 E WProf.db: {"WprofHTMLTag": {"code": "0x9ea7eb00", "doc": "http://searchengineland.com/local-seo-doesnt-happen-vacuum-249679", "row": 157, "column": 9, "tagName": "script", "time": 30439.197219, "url": "", "pos": 118, "chunkLen": 118, "isStartTag": 0}}
06-28 17:02:50.339 12806 12819 E WProf.db: {"WprofHTMLTag": {"code": "0x9ea7eb30", "doc": "http://searchengineland.com/local-seo-doesnt-happen-vacuum-249679", "row": 161, "column": 32, "tagName": "script", "time": 30439.197704, "url": "", "pos": 118, "chunkLen": 118, "isStartTag": 1}}
