--------- beginning of main
06-28 12:09:27.926  3449  3449 E Finsky  : [1] com.google.android.finsky.wear.bl.a(3): onConnectionFailed: ConnectionResult{statusCode=API_UNAVAILABLE, resolution=null, message=null}
--------- beginning of system
06-28 12:09:29.128  2651  2651 E chromium: [ERROR:shell_integration_android.cc(12)] Not implemented reached in static ShellIntegration::DefaultWebClientSetPermission ShellIntegration::CanSetAsDefaultBrowser()
06-28 12:09:29.131  2651  2651 E chromium: [ERROR:browser_process_impl.cc(720)] Not implemented reached in virtual BackgroundModeManager* BrowserProcessImpl::background_mode_manager()
06-28 12:09:29.359  3218 10918 E AudioRecord-JNI: Error -4 during AudioRecord native read
06-28 12:09:31.800  2651  2706 E chromium: [ERROR:gles2_cmd_decoder.cc(3852)] [.ChromiumCompositor-0xacbb34c0]GL ERROR :GL_INVALID_ENUM : glDiscardFramebufferEXT: attachments was GL_COLOR_EXT
06-28 12:09:32.142  2726  2739 E WPROF   : {"CSS": {"url": "http://searchengineland.com/figz/wp-content/themes/searchengineland/css/searchengineland-bootstrap.css", "requestTime": 12849.197884}}
06-28 12:09:32.143  2726  2739 E WPROF   : {"CSS": {"url": "http://fonts.googleapis.com/css?family=Oswald:300,400,700", "requestTime": 12849.198816}}
06-28 12:09:32.144  2726  2739 E WPROF   : {"CSS": {"url": "http://searchengineland.com/figz/wp-content/themes/searchengineland/style.css", "requestTime": 12849.199420}}
06-28 12:09:32.151  2726  2739 E WPROF   : {"Javascript": {"url": "http://searchengineland.com/figz/wp-content/themes/searchengineland/js/lib/modernizr.custom.js?ver=1.0", "requestTime": 12849.206963}}
06-28 12:09:32.152  2726  2739 E WPROF   : {"Javascript": {"url": "http://searchengineland.com/figz/wp-content/themes/searchengineland/js/lib/jquery-1.11.0.min.js?ver=1.11.0", "requestTime": 12849.207641}}
06-28 12:09:32.152  2726  2739 E WPROF   : {"Javascript": {"url": "http://searchengineland.com/figz/wp-content/themes/searchengineland/js/lib/jquery-ui-1.10.3.custom.min.js?ver=1.10.3", "requestTime": 12849.207966}}
06-28 12:09:32.153  2726  2739 E WPROF   : {"Javascript": {"url": "http://searchengineland.com/figz/wp-content/themes/searchengineland/js/lib/jquery.ba-throttle-debounce.min.js?ver=1.1", "requestTime": 12849.208269}}
06-28 12:09:32.153  2726  2739 E WPROF   : {"Javascript": {"url": "http://searchengineland.com/figz/wp-content/themes/searchengineland/js/lib/jquery.countdown.min.js?ver=2.0.4", "requestTime": 12849.208599}}
06-28 12:09:32.153  2726  2739 E WPROF   : {"Javascript": {"url": "http://static.chartbeat.com/js/chartbeat_mab.js", "requestTime": 12849.208971}}
06-28 12:09:32.798  2726  2739 E WPROF   : {"Javascript": {"url": "http://searchengineland.com/figz/wp-includes/js/wp-emoji-release.min.js?ver=4.7.5", "requestTime": 12849.854168}}
06-28 12:09:33.221  2726  2739 E WPROF   : {"Javascript": {"url": "http://www.googletagservices.com/tag/js/gpt.js", "requestTime": 12850.276536}}
06-28 12:09:33.226  2726  2739 E WPROF   : {"Javascript": {"url": "https://www.google-analytics.com/analytics.js", "requestTime": 12850.282129}}
06-28 12:09:33.229  2726  2739 E WPROF   : {"Javascript": {"url": "http://edge.quantserve.com/quant.js", "requestTime": 12850.285063}}
06-28 12:09:33.231  2726  2739 E WPROF   : {"Javascript": {"url": "https://connect.facebook.net/en_US/fbevents.js", "requestTime": 12850.286817}}
06-28 12:09:33.310  2651  2706 E chromium: [ERROR:gles2_cmd_decoder.cc(3852)] [.ChromiumCompositor-0xacbb34c0]GL ERROR :GL_INVALID_ENUM : glDiscardFramebufferEXT: attachments was GL_COLOR_EXT
06-28 12:09:33.343  2726  2739 E WPROF   : {"Javascript": {"url": "http://app-sj02.marketo.com/js/forms2/js/forms2.min.js", "requestTime": 12850.399217}}
06-28 12:09:33.428  2651  2706 E chromium: [ERROR:gles2_cmd_decoder.cc(3852)] [.ChromiumCompositor-0xacbb34c0]GL ERROR :GL_INVALID_ENUM : glDiscardFramebufferEXT: attachments was GL_COLOR_EXT
06-28 12:09:33.476  2726  2739 E WPROF   : {"Javascript": {"url": "https://connect.facebook.net/signals/config/423979991297359?v=2.7.17", "requestTime": 12850.531358}}
06-28 12:09:33.697  2726  2739 E WPROF   : {"Javascript": {"url": "http://app-sj02.marketo.com/index.php/form/getForm?munchkinId=727-ZQE-044&form=5691&url=http%3A%2F%2Fsearchengineland.com%2Flooking-for-black-friday-deals-bing-flyer-ads-retailer-circulars-263997&callback=jQuery1102045551411458291113_1498619373599&_=1498619373600", "requestTime": 12850.753104}}
06-28 12:09:33.716  2726  2739 E WPROF   : {"Javascript": {"url": "http://app-sj02.marketo.com/index.php/form/getForm?munchkinId=727-ZQE-044&form=5685&url=http%3A%2F%2Fsearchengineland.com%2Flooking-for-black-friday-deals-bing-flyer-ads-retailer-circulars-263997&callback=jQuery1102045551411458291113_1498619373601&_=1498619373602", "requestTime": 12850.771328}}
06-28 12:09:33.745  2726  2739 E WPROF   : {"Javascript": {"url": "https://securepubads.g.doubleclick.net/gpt/pubads_impl_121.js", "requestTime": 12850.800421}}
06-28 12:09:33.876  2726  2739 E WPROF   : {"Javascript": {"url": "http://app-sj02.marketo.com/index.php/form/getForm?munchkinId=727-ZQE-044&form=5673&url=http%3A%2F%2Fsearchengineland.com%2Flooking-for-black-friday-deals-bing-flyer-ads-retailer-circulars-263997&callback=jQuery1102045551411458291113_1498619373603&_=1498619373604", "requestTime": 12850.931966}}
06-28 12:09:33.888  2726  2739 E WPROF   : {"Javascript": {"url": "http://searchengineland.com/js/ga_social_tracking.js", "requestTime": 12850.943312}}
06-28 12:09:33.888  2726  2739 E WPROF   : {"Javascript": {"url": "http://s7.addthis.com/js/300/addthis_widget.js#pubid=ra-53e918f660794f37", "requestTime": 12850.943927}}
06-28 12:09:33.922  2651  2706 E chromium: [ERROR:gles2_cmd_decoder.cc(3852)] [.ChromiumCompositor-0xacbb34c0]GL ERROR :GL_INVALID_ENUM : glDiscardFramebufferEXT: attachments was GL_COLOR_EXT
06-28 12:09:34.328  2726  2739 E WPROF   : {"Javascript": {"url": "https://static.xx.fbcdn.net/rsrc.php/v3iy6L4/yk/l/ko_KR/be4fIjHRc8P.js", "requestTime": 12851.383832}}
06-28 12:09:34.338  2651  2706 E chromium: [ERROR:gles2_cmd_decoder.cc(3852)] [.ChromiumCompositor-0xacbb34c0]GL ERROR :GL_INVALID_ENUM : glDiscardFramebufferEXT: attachments was GL_COLOR_EXT
06-28 12:09:34.570   862  1657 E LocSvc_IzatApiV02: E/virtual int izat_core::IzatApiV02::getBatchSize(int32_t):522]: Error : st = 4, ind.status = -1628389555
06-28 12:09:34.570   862  1657 E LocSvc_IzatApiV02: E/virtual int izat_core::IzatApiV02::getBatchSize(int32_t):535]: get batching size failed.Or modem does not support batching 
06-28 12:09:34.579   862  1657 E LocSvc_IzatApiV02: E/virtual int izat_core::IzatApiV02::getBatchSize(int32_t):522]: Error : st = 4, ind.status = -1628389555
06-28 12:09:34.579   862  1657 E LocSvc_IzatApiV02: E/virtual int izat_core::IzatApiV02::getBatchSize(int32_t):535]: get batching size failed.Or modem does not support batching 
06-28 12:09:34.612   862  1657 E LocSvc_IzatApiV02: E/virtual int izat_core::IzatApiV02::getBatchSize(int32_t):522]: Error : st = 4, ind.status = -1628389555
06-28 12:09:34.612   862  1657 E LocSvc_IzatApiV02: E/virtual int izat_core::IzatApiV02::getBatchSize(int32_t):535]: get batching size failed.Or modem does not support batching 
06-28 12:09:34.622   862  1657 E LocSvc_IzatApiV02: E/virtual int izat_core::IzatApiV02::getBatchSize(int32_t):522]: Error : st = 4, ind.status = -1628389555
06-28 12:09:34.622   862  1657 E LocSvc_IzatApiV02: E/virtual int izat_core::IzatApiV02::getBatchSize(int32_t):535]: get batching size failed.Or modem does not support batching 
06-28 12:09:34.808  2726  2739 E WPROF   : {"Javascript": {"url": "http://platform.twitter.com/widgets.js", "requestTime": 12851.864172}}
06-28 12:09:34.810  2726  2739 E WPROF   : {"Javascript": {"url": "http://connect.facebook.net/en_US/sdk.js", "requestTime": 12851.865905}}
06-28 12:09:34.812  2726  2739 E WPROF   : {"Javascript": {"url": "https://apis.google.com/js/platform.js", "requestTime": 12851.868023}}
06-28 12:09:34.835  2726  2739 E WPROF   : {"Javascript": {"url": "http://rules.quantcount.com/rules-p-5aGizvD82d9hk.js", "requestTime": 12851.889600}}
06-28 12:09:34.839  2726  2739 E WPROF   : {"Javascript": {"url": "http://munchkin.marketo.net/munchkin.js", "requestTime": 12851.894634}}
06-28 12:09:34.953  2726  2739 E WPROF   : {"Javascript": {"url": "http://dnn506yrbagrg.cloudfront.net/pages/scripts/0026/4062.js?416283", "requestTime": 12852.008606}}
06-28 12:09:34.974  2726  2739 E WPROF   : {"CSS": {"url": "http://app-sj02.marketo.com/js/forms2/css/forms2.css", "requestTime": 12852.029939}}
06-28 12:09:34.979  2726  2739 E WPROF   : {"CSS": {"url": "http://app-sj02.marketo.com/js/forms2/css/forms2-theme-simple.css", "requestTime": 12852.034552}}
06-28 12:09:35.609  2726  2739 E WPROF   : {"Javascript": {"url": "https://securepubads.g.doubleclick.net/gampad/ads?gdfp_req=1&correlator=2720526111866880&output=json_html&callback=googletag.impl.pubads.callbackProxy1&impl=fifs&json_a=1&eid=108809080%2C108809103&sc=0&sfv=1-0-9&iu_parts=1038259%2Csel-ciu-1%2Csel-ciu-2%2Csel-ciu-3%2Csel-ciu-4%2Csel-ciu-5%2Cch-retail", "requestTime": 12852.664827}}
06-28 12:09:35.704  2651  2706 E chromium: [ERROR:gles2_cmd_decoder.cc(3852)] [.ChromiumCompositor-0xacbb34c0]GL ERROR :GL_INVALID_ENUM : glDiscardFramebufferEXT: attachments was GL_COLOR_EXT
06-28 12:09:35.757  2726  2739 E WPROF   : {"Javascript": {"url": "http://www.googleadservices.com/pagead/conversion.js", "requestTime": 12852.813158}}
06-28 12:09:35.758  2726  2739 E WPROF   : {"Javascript": {"url": "http://searchengineland.com/figz/wp-content/themes/searchengineland/js/script.js?ver=1.0", "requestTime": 12852.813574}}
06-28 12:09:35.758  2726  2739 E WPROF   : {"Javascript": {"url": "http://searchengineland.com/figz/wp-includes/js/wp-embed.min.js?ver=4.7.5", "requestTime": 12852.813941}}
06-28 12:09:35.759  2726  2739 E WPROF   : {"Javascript": {"url": "http://searchengineland.com/figz/wp-content/themes/searchengineland/js/modules/sharing_controls.js", "requestTime": 12852.814276}}
06-28 12:09:35.884  2726  2739 E WPROF   : {"Javascript": {"url": "http://cdn.api.twitter.com/1/users/show.json?screen_name=ginnymarvin&callback=twttr.setFollowersCount", "requestTime": 12852.939924}}
06-28 12:09:35.965  2726  2739 E WPROF   : {"Javascript": {"url": "http://d2j3qa5nc37287.cloudfront.net/coupon_code1.js", "requestTime": 12853.020520}}
06-28 12:09:36.123  2726  2739 E WPROF   : {"CSS": {"url": "https://www.youtube.com/yts/cssbin/www-embed-player-sprite-mode-vfl5G4Xm8.css", "requestTime": 12853.178491}}
06-28 12:09:36.125  2726  2739 E WPROF   : {"Javascript": {"url": "https://www.youtube.com/yts/jsbin/www-embed-player-vfl_UY_j8/www-embed-player.js", "requestTime": 12853.180735}}
06-28 12:09:36.126  2726  2739 E WPROF   : {"Javascript": {"url": "https://www.youtube.com/yts/jsbin/player-vflo1w4O-/ko_KR/base.js", "requestTime": 12853.181401}}
06-28 12:09:36.173  2651  2706 E chromium: [ERROR:gles2_cmd_decoder.cc(3852)] [.ChromiumCompositor-0xacbb34c0]GL ERROR :GL_INVALID_ENUM : glDiscardFramebufferEXT: attachments was GL_COLOR_EXT
06-28 12:09:36.563  2726  2739 E WPROF   : {"Javascript": {"url": "http://m.addthisedge.com/live/boost/ra-53e918f660794f37/_ate.track.config_resp", "requestTime": 12853.618588}}
06-28 12:09:36.614  2726  2739 E WPROF   : {"Javascript": {"url": "http://m.addthis.com/live/red_lojson/300lo.json?si=59531dee50075f5c&bkl=0&bl=1&pdt=2178&sid=59531dee50075f5c&pub=ra-53e918f660794f37&rev=v7.15.4-wp&ln=ko&pc=men&cb=0&ab=-&dp=searchengineland.com&fp=looking-for-black-friday-deals-bing-flyer-ads-retailer-circulars-263997&fr=&of=0&pd=0&irt=0&vcl=0&md=0", "requestTime": 12853.669931}}
06-28 12:09:36.795  2651  2706 E chromium: [ERROR:gles2_cmd_decoder.cc(3852)] [.ChromiumCompositor-0xacbb34c0]GL ERROR :GL_INVALID_ENUM : glDiscardFramebufferEXT: attachments was GL_COLOR_EXT
06-28 12:09:37.318  2651  2706 E chromium: [ERROR:gles2_cmd_decoder.cc(3852)] [.ChromiumCompositor-0xacbb34c0]GL ERROR :GL_INVALID_ENUM : glDiscardFramebufferEXT: attachments was GL_COLOR_EXT
06-28 12:09:38.278  2726  2739 E WPROF   : {"Javascript": {"url": "https://www.google.com/js/bg/KWBfAnWFESAEEaKKgdYlTHY9ysQaNoQuzeMFqvxDSM8.js", "requestTime": 12855.333530}}
06-28 12:09:38.281  2726  2739 E WPROF   : {"Javascript": {"url": "https://static.doubleclick.net/instream/ad_status.js", "requestTime": 12855.336810}}
06-28 12:09:39.043  2651  2706 E chromium: [ERROR:gles2_cmd_decoder.cc(3852)] [.ChromiumCompositor-0xacbb34c0]GL ERROR :GL_INVALID_ENUM : glDiscardFramebufferEXT: attachments was GL_COLOR_EXT
06-28 12:09:39.258  2651  2706 E chromium: [ERROR:gles2_cmd_decoder.cc(3852)] [.ChromiumCompositor-0xacbb34c0]GL ERROR :GL_INVALID_ENUM : glDiscardFramebufferEXT: attachments was GL_COLOR_EXT
06-28 12:09:39.381  2651  2706 E chromium: [ERROR:gles2_cmd_decoder.cc(3852)] [.ChromiumCompositor-0xacbb34c0]GL ERROR :GL_INVALID_ENUM : glDiscardFramebufferEXT: attachments was GL_COLOR_EXT
06-28 12:09:39.479  2651  2706 E chromium: [ERROR:gles2_cmd_decoder.cc(3852)] [.ChromiumCompositor-0xacbb34c0]GL ERROR :GL_INVALID_ENUM : glDiscardFramebufferEXT: attachments was GL_COLOR_EXT
06-28 12:09:39.493  2726  2739 E WPROF   : {"Javascript": {"url": "http://munchkin.marketo.net/151/munchkin.js", "requestTime": 12856.548432}}
06-28 12:09:39.670  2726  2739 E WPROF   : {"Javascript": {"url": "https://platform.twitter.com/js/button.b731e6c82269f70f6fc53634e044a4c6.js", "requestTime": 12856.725882}}
06-28 12:09:39.956  2726  2739 E WPROF   : {"Javascript": {"url": "https://tpc.googlesyndication.com/pagead/js/r20170619/r20110914/client/ext/m_window_focus_non_hydra.js", "requestTime": 12857.011462}}
06-28 12:09:39.967  2726  2739 E WPROF   : {"Javascript": {"url": "https://tpc.googlesyndication.com/pagead/js/r20170619/r20110914/activeview/osd_listener.js", "requestTime": 12857.022566}}
06-28 12:09:39.981  2726  2739 E WPROF   : {"Javascript": {"url": "http://pagead2.googlesyndication.com/pagead/osd.js", "requestTime": 12857.036268}}
06-28 12:09:40.097  2726  2739 E WPROF   : {"Javascript": {"url": "http://www.justuno.com/ajax/account_version_check.html?id=828FA275-FF73-401E-AA39-40F5A6FAB6B1", "requestTime": 12857.152254}}
06-28 12:09:40.107  2726  2739 E WPROF   : {"Javascript": {"url": "http://s7.addthis.com/static/layers.4acb6c577b51939661ec.js", "requestTime": 12857.163093}}
06-28 12:09:40.304  2651  2706 E chromium: [ERROR:gles2_cmd_decoder.cc(3852)] [.ChromiumCompositor-0xacbb34c0]GL ERROR :GL_INVALID_ENUM : glDiscardFramebufferEXT: attachments was GL_COLOR_EXT
06-28 12:09:41.158  2651  2706 E chromium: [ERROR:gles2_cmd_decoder.cc(3852)] [.ChromiumCompositor-0xacbb34c0]GL ERROR :GL_INVALID_ENUM : glDiscardFramebufferEXT: attachments was GL_COLOR_EXT
06-28 12:09:41.431  2651  2706 E chromium: [ERROR:gles2_cmd_decoder.cc(3852)] [.ChromiumCompositor-0xacbb34c0]GL ERROR :GL_INVALID_ENUM : glDiscardFramebufferEXT: attachments was GL_COLOR_EXT
06-28 12:09:41.610  2651  2706 E chromium: [ERROR:gles2_cmd_decoder.cc(3852)] [.ChromiumCompositor-0xacbb34c0]GL ERROR :GL_INVALID_ENUM : glDiscardFramebufferEXT: attachments was GL_COLOR_EXT
06-28 12:09:43.735  2726  2739 E WPROF   : {"Javascript": {"url": "http://cdn.justuno.com/mwgt_3.6.js", "requestTime": 12860.791207}}
06-28 12:09:43.963  2651  2706 E chromium: [ERROR:gles2_cmd_decoder.cc(3852)] [.ChromiumCompositor-0xacbb34c0]GL ERROR :GL_INVALID_ENUM : glDiscardFramebufferEXT: attachments was GL_COLOR_EXT
06-28 12:09:44.061  2651  2706 E chromium: [ERROR:gles2_cmd_decoder.cc(3852)] [.ChromiumCompositor-0xacbb34c0]GL ERROR :GL_INVALID_ENUM : glDiscardFramebufferEXT: attachments was GL_COLOR_EXT
06-28 12:09:44.175  2651  2706 E chromium: [ERROR:gles2_cmd_decoder.cc(3852)] [.ChromiumCompositor-0xacbb34c0]GL ERROR :GL_INVALID_ENUM : glDiscardFramebufferEXT: attachments was GL_COLOR_EXT
06-28 12:09:44.263  2651  2706 E chromium: [ERROR:gles2_cmd_decoder.cc(3852)] [.ChromiumCompositor-0xacbb34c0]GL ERROR :GL_INVALID_ENUM : glDiscardFramebufferEXT: attachments was GL_COLOR_EXT
06-28 12:09:44.431  2726  2739 E WProf.db: {"page": "searchengineland.com_looking-for-black-friday-deals-bing-flyer-ads-retailer-circulars-263997"}
06-28 12:09:44.431  2726  2739 E WProf.db: {"DOMLoad": 12861.486752}
06-28 12:09:44.431  2726  2739 E WProf.db: {"Resource": {"id": 1, "url": "http://searchengineland.com/looking-for-black-friday-deals-bing-flyer-ads-retailer-circulars-263997", "sentTime": -1.000000, "len": 90733, "from": "0x0", "mimeType": "text/html", "contentLength": -1, "httpStatus": 200, "connId": 19, "connReused": 1, "cached": 0,"requestTime": 12848.767857, "proxyStart": -1, "proxyEnd": -1, "dnsStart": -1, "dnsEnd": -1, "connectStart": 0, "connectEnd": 70, "sendStart": 70, "sendEnd": 70, "receiveHeadersEnd": 311, "sslStart": -1, "sslEnd": -1}}
06-28 12:09:44.431  2726  2739 E WProf.db: {"ReceivedChunk": {"receivedTime": 12849.097389, "len": 12384}}
06-28 12:09:44.431  2726  2739 E WProf.db: {"ReceivedChunk": {"receivedTime": 12849.186912, "len": 32768}}
06-28 12:09:44.431  2726  2739 E WProf.db: {"ReceivedChunk": {"receivedTime": 12849.187148, "len": 28201}}
06-28 12:09:44.432  2726  2739 E WProf.db: {"ReceivedChunk": {"receivedTime": 12849.235679, "len": 17380}}
06-28 12:09:44.432  2726  2739 E WProf.db: {"WprofHTMLTag": {"code": "0xaf047b20", "doc": "http://searchengineland.com/looking-for-black-friday-deals-bing-flyer-ads-retailer-circulars-263997", "row": 6, "column": 42, "tagName": "html", "time": 12849.190500, "url": "", "pos": 1, "chunkLen": 1, "isStartTag": 1}}
06-28 12:09:44.432  2726  2739 E WProf.db: {"WprofHTMLTag": {"code": "0xaf047c10", "doc": "http://searchengineland.com/looking-for-black-friday-deals-bing-flyer-ads-retailer-circulars-263997", "row": 7, "column": 6, "tagName": "head", "time": 12849.190859, "url": "", "pos": 1, "chunkLen": 1, "isStartTag": 1}}
06-28 12:09:44.432  2726  2739 E WProf.db: {"WprofHTMLTag": {"code": "0xaf047d00", "doc": "http://searchengineland.com/looking-for-black-friday-deals-bing-flyer-ads-retailer-circulars-263997", "row": 8, "column": 54, "tagName": "meta", "time": 12849.190936, "url": "", "pos": 1, "chunkLen": 1, "isStartTag": 1}}
06-28 12:09:44.432  2726  2739 E WProf.db: {"WprofHTMLTag": {"code": "0xaf047d30", "doc": "http://searchengineland.com/looking-for-black-friday-deals-bing-flyer-ads-retailer-circulars-263997", "row": 9, "column": 68, "tagName": "meta", "time": 12849.191132, "url": "", "pos": 1, "chunkLen": 1, "isStartTag": 1}}
06-28 12:09:44.432  2726  2739 E WProf.db: {"WprofHTMLTag": {"code": "0xaf047d60", "doc": "http://searchengineland.com/looking-for-black-friday-deals-bing-flyer-ads-retailer-circulars-263997", "row": 10, "column": 23, "tagName": "meta", "time": 12849.191247, "url": "", "pos": 1, "chunkLen": 1, "isStartTag": 1}}
06-28 12:09:44.432  2726  2739 E WProf.db: {"WprofHTMLTag": {"code": "0xaf047d90", "doc": "http://searchengineland.com/looking-for-black-friday-deals-bing-flyer-ads-retailer-circulars-263997", "row": 11, "column": 52, "tagName": "meta", "time": 12849.191382, "url": "", "pos": 1, "chunkLen": 1, "isStartTag": 1}}
06-28 12:09:44.432  2726  2739 E WProf.db: {"WprofHTMLTag": {"code": "0xaf047dc0", "doc": "http://searchengineland.com/looking-for-black-friday-deals-bing-flyer-ads-retailer-circulars-263997", "row": 14, "column": 56, "tagName": "meta", "time": 12849.191513, "url": "", "pos": 1, "chunkLen": 1, "isStartTag": 1}}
06-28 12:09:44.432  2726  2739 E WProf.db: {"WprofHTMLTag": {"code": "0xaf047df0", "doc": "http://searchengineland.com/looking-for-black-friday-deals-bing-flyer-ads-retailer-circulars-263997", "row": 15, "column": 83, "tagName": "meta", "time": 12849.191636, "url": "", "pos": 1, "chunkLen": 1, "isStartTag": 1}}
06-28 12:09:44.432  2726  2739 E WProf.db: {"WprofHTMLTag": {"code": "0xaf047e20", "doc": "http://searchengineland.com/looking-for-black-friday-deals-bing-flyer-ads-retailer-circulars-263997", "row": 16, "column": 57, "tagName": "meta", "time": 12849.191767, "url": "", "pos": 1, "chunkLen": 1, "isStartTag": 1}}
06-28 12:09:44.433  2726  2739 E WProf.db: {"WprofHTMLTag": {"code": "0xaf047eb0", "doc": "http://searchengineland.com/looking-for-black-friday-deals-bing-flyer-ads-retailer-circulars-263997", "row": 17, "column": 41, "tagName": "meta", "time": 12849.191901, "url": "", "pos": 1, "chunkLen": 1, "isStartTag": 1}}
06-28 12:09:44.433  2726  2739 E WProf.db: {"WprofHTMLTag": {"code": "0xaf047ee0", "doc": "http://searchengineland.com/looking-for-black-friday-deals-bing-flyer-ads-retailer-circulars-263997", "row": 18, "column": 50, "tagName": "meta", "time": 12849.192099, "url": "", "pos": 1, "chunkLen": 1, "isStartTag": 1}}
06-28 12:09:44.433  2726  2739 E WProf.db: {"WprofHTMLTag": {"code": "0xaf047fd0", "doc": "http://searchengineland.com/looking-for-black-friday-deals-bing-flyer-ads-retailer-circulars-263997", "row": 19, "column": 174, "tagName": "meta", "time": 12849.192225, "url": "", "pos": 1, "chunkLen": 1, "isStartTag": 1}}
06-28 12:09:44.433  2726  2739 E WProf.db: {"WprofHTMLTag": {"code": "0xaf047e80", "doc": "http://searchengineland.com/looking-for-black-friday-deals-bing-flyer-ads-retailer-circulars-263997", "row": 20, "column": 47, "tagName": "meta", "time": 12849.192356, "url": "", "pos": 1, "chunkLen": 1, "isStartTag": 1}}
06-28 12:09:44.433  2726  2739 E WProf.db: {"WprofHTMLTag": {"code": "0xaf047e50", "doc": "http://searchengineland.com/looking-for-black-friday-deals-bing-flyer-ads-retailer-circulars-263997", "row": 21, "column": 67, "tagName": "meta", "time": 12849.192512, "url": "", "pos": 1, "chunkLen": 1, "isStartTag": 1}}
06-28 12:09:44.433  2726  2739 E WProf.db: {"WprofHTMLTag": {"code": "0xb4cc74b0", "doc": "http://searchengineland.com/looking-for-black-friday-deals-bing-flyer-ads-retailer-circulars-263997", "row": 22, "column": 57, "tagName": "meta", "time": 12849.192629, "url": "", "pos": 1, "chunkLen": 1, "isStartTag": 1}}
06-28 12:09:44.433  2726  2739 E WProf.db: {"WprofHTMLTag": {"code": "0xb4cc7540", "doc": "http://searchengineland.com/looking-for-black-friday-deals-bing-flyer-ads-retailer-circulars-263997", "row": 23, "column": 65, "tagName": "meta", "time": 12849.192784, "url": "", "pos": 1, "chunkLen": 1, "isStartTag": 1}}
06-28 12:09:44.433  2726  2739 E WProf.db: {"WprofHTMLTag": {"code": "0xb4cc78a0", "doc": "http://searchengineland.com/looking-for-black-friday-deals-bing-flyer-ads-retailer-circulars-263997", "row": 24, "column": 55, "tagName": "meta", "time": 12849.192908, "url": "", "pos": 1, "chunkLen": 1, "isStartTag": 1}}
06-28 12:09:44.433  2726  2739 E WProf.db: {"WprofHTMLTag": {"code": "0xb4cc78d0", "doc": "http://searchengineland.com/looking-for-black-friday-deals-bing-flyer-ads-retailer-circulars-263997", "row": 25, "column": 71, "tagName": "meta", "time": 12849.193068, "url": "", "pos": 1, "chunkLen": 1, "isStartTag": 1}}
06-28 12:09:44.434  2726  2739 E WProf.db: {"WprofHTMLTag": {"code": "0xb4cc7900", "doc": "http://searchengineland.com/looking-for-black-friday-deals-bing-flyer-ads-retailer-circulars-263997", "row": 26, "column": 86, "tagName": "meta", "time": 12849.193189, "url": "", "pos": 1, "chunkLen": 1, "isStartTag": 1}}
06-28 12:09:44.434  2726  2739 E WProf.db: {"WprofHTMLTag": {"code": "0xb4cc7930", "doc": "http://searchengineland.com/looking-for-black-friday-deals-bing-flyer-ads-retailer-circulars-263997", "row": 27, "column": 54, "tagName": "meta", "time": 12849.193318, "url": "", "pos": 1, "chunkLen": 1, "isStartTag": 1}}
06-28 12:09:44.434  2726  2739 E WProf.db: {"WprofHTMLTag": {"code": "0xb4cc7960", "doc": "http://searchengineland.com/looking-for-black-friday-deals-bing-flyer-ads-retailer-circulars-263997", "row": 29, "column": 39, "tagName": "meta", "time": 12849.193477, "url": "", "pos": 1, "chunkLen": 1, "isStartTag": 1}}
06-28 12:09:44.434  2726  2739 E WProf.db: {"WprofHTMLTag": {"code": "0xb4cc7990", "doc": "http://searchengineland.com/looking-for-black-friday-deals-bing-flyer-ads-retailer-circulars-263997", "row": 30, "column": 101, "tagName": "meta", "time": 12849.193652, "url": "", "pos": 1, "chunkLen": 1, "isStartTag": 1}}
06-28 12:09:44.434  2726  2739 E WProf.db: {"WprofHTMLTag": {"code": "0xb4cc79c0", "doc": "http://searchengineland.com/looking-for-black-friday-deals-bing-flyer-ads-retailer-circulars-263997", "row": 31, "column": 55, "tagName": "meta", "time": 12849.193776, "url": "", "pos": 1, "chunkLen": 1, "isStartTag": 1}}
06-28 12:09:44.434  2726  2739 E WProf.db: {"WprofHTMLTag": {"code": "0xb4cc79f0", "doc": "http://searchengineland.com/looking-for-black-friday-deals-bing-flyer-ads-retailer-circulars-263997", "row": 32, "column": 54, "tagName": "meta", "time": 12849.193899, "url": "", "pos": 1, "chunkLen": 1, "isStartTag": 1}}
06-28 12:09:44.434  2726  2739 E WProf.db: {"WprofHTMLTag": {"code": "0xb4cc7a20", "doc": "http://searchengineland.com/looking-for-black-friday-deals-bing-flyer-ads-retailer-circulars-263997", "row": 33, "column": 130, "tagName": "meta", "time": 12849.194214, "url": "", "pos": 1, "chunkLen": 1, "isStartTag": 1}}
06-28 12:09:44.435  2726  2739 E WProf.db: {"WprofHTMLTag": {"code": "0xb4cc7a50", "doc": "http://searchengineland.com/looking-for-black-friday-deals-bing-flyer-ads-retailer-circulars-263997", "row": 37, "column": 36, "tagName": "script", "time": 12849.194345, "url": "", "pos": 1, "chunkLen": 1, "isStartTag": 1}}
06-28 12:09:44.435  2726  2739 E WProf.db: {"WprofHTMLTag": {"code": "0xb4cc7a80", "doc": "http://searchengineland.com/looking-for-black-friday-deals-bing-flyer-ads-retailer-circulars-263997", "row": 53, "column": 10, "tagName": "script", "time": 12849.194709, "url": "", "pos": 1, "chunkLen": 1, "isStartTag": 0}}
06-28 12:09:44.435  2726  2739 E WProf.db: {"WprofHTMLTag": {"code": "0xaf047f10", "doc": "http://searchengineland.com/looking-for-black-friday-deals-bing-flyer-ads-retailer-circulars-263997", "row": 55, "column": 86, "tagName": "link", "time": 12849.195540, "url": "http://searchengineland.com/apple-touch-icon.png", "pos": 1, "chunkLen": 1, "isStartTag": 1}}
06-28 12:09:44.435  2726  2739 E WProf.db: {"WprofHTMLTag": {"code": "0xb4cc7ab0", "doc": "http://searchengineland.com/looking-for-black-friday-deals-bing-flyer-ads-retailer-circulars-263997", "row": 56, "column": 76, "tagName": "link", "time": 12849.195898, "url": "http://searchengineland.com/favicon.ico", "pos": 1, "chunkLen": 1, "isStartTag": 1}}
06-28 12:09:44.435  2726  2739 E WProf.db: {"WprofHTMLTag": {"code": "0xb4cc7ae0", "doc": "http://searchengineland.com/looking-for-black-friday-deals-bing-flyer-ads-retailer-circulars-263997", "row": 57, "column": 158, "tagName": "link", "time": 12849.196152, "url": "http://feeds.searchengineland.com/searchengineland", "pos": 1, "chunkLen": 1, "isStartTag": 1}}
06-28 12:09:44.435  2726  2739 E WProf.db: {"WprofHTMLTag": {"code": "0xb4cc7b10", "doc": "http://searchengineland.com/looking-for-black-friday-deals-bing-flyer-ads-retailer-circulars-263997", "row": 58, "column": 149, "tagName": "link", "time": 12849.196461, "url": "http://feeds.searchengineland.com/searchcap", "pos": 1, "chunkLen": 1, "isStartTag": 1}}
06-28 12:09:44.435  2726  2739 E WProf.db: {"WprofHTMLTag": {"code": "0xb4cc7b40", "doc": "http://searchengineland.com/looking-for-black-friday-deals-bing-flyer-ads-retailer-circulars-263997", "row": 59, "column": 150, "tagName": "link", "time": 12849.196771, "url": "http://searchengineland.com/figz/wp-content/themes/searchengineland/css/searchengineland-bootstrap.css", "pos": 1, "chunkLen": 1, "isStartTag": 1}}
06-28 12:09:44.435  2726  2739 E WProf.db: {"WprofHTMLTag": {"code": "0xb4cc7ba0", "doc": "http://searchengineland.com/looking-for-black-friday-deals-bing-flyer-ads-retailer-circulars-263997", "row": 60, "column": 105, "tagName": "link", "time": 12849.198453, "url": "http://fonts.googleapis.com/css?family=Oswald:300,400,700", "pos": 1, "chunkLen": 1, "isStartTag": 1}}
06-28 12:09:44.435  2726  2739 E WProf.db: {"WprofHTMLTag": {"code": "0xb4cc7c00", "doc": "http://searchengineland.com/looking-for-black-friday-deals-bing-flyer-ads-retailer-circulars-263997", "row": 61, "column": 125, "tagName": "link", "time": 12849.199092, "url": "http://searchengineland.com/figz/wp-content/themes/searchengineland/style.css", "pos": 1, "chunkLen": 1, "isStartTag": 1}}
06-28 12:09:44.435  2726  2739 E WProf.db: {"WprofHTMLTag": {"code": "0xb4cc7c60", "doc": "http://searchengineland.com/looking-for-black-friday-deals-bing-flyer-ads-retailer-circulars-263997", "row": 65, "column": 7, "tagName": "title", "time": 12849.199699, "url": "", "pos": 1, "chunkLen": 1, "isStartTag": 1}}
06-28 12:09:44.436  2726  2739 E WProf.db: {"WprofHTMLTag": {"code": "0xb4cc7c90", "doc": "http://searchengineland.com/looking-for-black-friday-deals-bing-flyer-ads-retailer-circulars-263997", "row": 65, "column": 109, "tagName": "title", "time": 12849.199810, "url": "", "pos": 1, "chunkLen": 1, "isStartTag": 0}}
06-28 12:09:44.436  2726  2739 E WProf.db: {"WprofHTMLTag": {"code": "0xb4cc7cc0", "doc": "http://searchengineland.com/looking-for-black-friday-deals-bing-flyer-ads-retailer-circulars-263997", "row": 66, "column": 97, "tagName": "meta", "time": 12849.199833, "url": "", "pos": 1, "chunkLen": 1, "isStartTag": 1}}
06-28 12:09:44.436  2726  2739 E WProf.db: {"WprofHTMLTag": {"code": "0xb4cc7cf0", "doc": "http://searchengineland.com/looking-for-black-friday-deals-bing-flyer-ads-retailer-circulars-263997", "row": 67, "column": 40, "tagName": "meta", "time": 12849.199968, "url": "", "pos": 1, "chunkLen": 1, "isStartTag": 1}}
06-28 12:09:44.436  2726  2739 E WProf.db: {"WprofHTMLTag": {"code": "0xb4cc7d20", "doc": "http://searchengineland.com/looking-for-black-friday-deals-bing-flyer-ads-retailer-circulars-263997", "row": 68, "column": 141, "tagName": "meta", "time": 12849.200171, "url": "", "pos": 1, "chunkLen": 1, "isStartTag": 1}}
06-28 12:09:44.436  2726  2739 E WProf.db: {"WprofHTMLTag": {"code": "0xb4cc7d50", "doc": "http://searchengineland.com/looking-for-black-friday-deals-bing-flyer-ads-retailer-circulars-263997", "row": 69, "column": 37, "tagName": "meta", "time": 12849.200940, "url": "", "pos": 1, "chunkLen": 1, "isStartTag": 1}}
06-28 12:09:44.436  2726  2739 E WProf.db: {"WprofHTMLTag": {"code": "0xb4cc7d80", "doc": "http://searchengineland.com/looking-for-black-friday-deals-bing-flyer-ads-retailer-circulars-263997", "row": 70, "column": 131, "tagName": "link", "time": 12849.201064, "url": "http://searchengineland.com/looking-for-black-friday-deals-bing-flyer-ads-retailer-circulars-263997", "pos": 1, "chunkLen": 1, "isStartTag": 1}}
06-28 12:09:44.436  2726  2739 E WProf.db: {"WprofHTMLTag": {"code": "0xb4cc7db0", "doc": "http://searchengineland.com/looking-for-black-friday-deals-bing-flyer-ads-retailer-circulars-263997", "row": 71, "column": 76, "tagName": "link", "time": 12849.201300, "url": "https://plus.google.com/103218677032751327334", "pos": 1, "chunkLen": 1, "isStartTag": 1}}
06-28 12:09:44.436  2726  2739 E WProf.db: {"WprofHTMLTag": {"code": "0xb4cc7de0", "doc": "http://searchengineland.com/looking-for-black-friday-deals-bing-flyer-ads-retailer-circulars-263997", "row": 72, "column": 45, "tagName": "meta", "time": 12849.201497, "url": "", "pos": 1, "chunkLen": 1, "isStartTag": 1}}
06-28 12:09:44.436  2726  2739 E WProf.db: {"WprofHTMLTag": {"code": "0xb4cc7e10", "doc": "http://searchengineland.com/looking-for-black-friday-deals-bing-flyer-ads-retailer-circulars-263997", "row": 73, "column": 45, "tagName": "meta", "time": 12849.201666, "url": "", "pos": 1, "chunkLen": 1, "isStartTag": 1}}
06-28 12:09:44.436  2726  2739 E WProf.db: {"WprofHTMLTag": {"code": "0xb4cc7e40", "doc": "http://searchengineland.com/looking-for-black-friday-deals-bing-flyer-ads-retailer-circulars-263997", "row": 74, "column": 133, "tagName": "meta", "time": 12849.201807, "url": "", "pos": 1, "chunkLen": 1, "isStartTag": 1}}
06-28 12:09:44.437  2726  2739 E WProf.db: {"WprofHTMLTag": {"code": "0xb4cc7e70", "doc": "http://searchengineland.com/looking-for-black-friday-deals-bing-flyer-ads-retailer-circulars-263997", "row": 75, "column": 105, "tagName": "meta", "time": 12849.201953, "url": "", "pos": 1, "chunkLen": 1, "isStartTag": 1}}
06-28 12:09:44.437  2726  2739 E WProf.db: {"WprofHTMLTag": {"code": "0xb4cc7ea0", "doc": "http://searchengineland.com/looking-for-black-friday-deals-bing-flyer-ads-retailer-circulars-263997", "row": 76, "column": 136, "tagName": "meta", "time": 12849.202068, "url": "", "pos": 1, "chunkLen": 1, "isStartTag": 1}}
06-28 12:09:44.437  2726  2739 E WProf.db: {"WprofHTMLTag": {"code": "0xb4cc7ed0", "doc": "http://searchengineland.com/looking-for-black-friday-deals-bing-flyer-ads-retailer-circulars-263997", "row": 77, "column": 61, "tagName": "meta", "time": 12849.202185, "url": "", "pos": 1, "chunkLen": 1, "isStartTag": 1}}
06-28 12:09:44.437  2726  2739 E WProf.db: {"WprofHTMLTag": {"code": "0xb4cc7f00", "doc": "http://searchengineland.com/looking-for-black-friday-deals-bing-flyer-ads-retailer-circulars-263997", "row": 78, "column": 89, "tagName": "meta", "time": 12849.203305, "url": "", "pos": 1, "chunkLen": 1, "isStartTag": 1}}
06-28 12:09:44.437  2726  2739 E WProf.db: {"WprofHTMLTag": {"code": "0xb4cc7f30", "doc": "http://searchengineland.com/looking-for-black-friday-deals-bing-flyer-ads-retailer-circulars-263997", "row": 79, "column": 82, "tagName": "meta", "time": 12849.203442, "url": "", "pos": 1, "chunkLen": 1, "isStartTag": 1}}
06-28 12:09:44.437  2726  2739 E WProf.db: {"WprofHTMLTag": {"code": "0xb4cc7f60", "doc": "http://searchengineland.com/looking-for-black-friday-deals-bing-flyer-ads-retailer-circulars-263997", "row": 80, "column": 50, "tagName": "meta", "time": 12849.203559, "url": "", "pos": 1, "chunkLen": 1, "isStartTag": 1}}
06-28 12:09:44.437  2726  2739 E WProf.db: {"WprofHTMLTag": {"code": "0xb4cc7f90", "doc": "http://searchengineland.com/looking-for-black-friday-deals-bing-flyer-ads-retailer-circulars-263997", "row": 81, "column": 78, "tagName": "meta", "time": 12849.203678, "url": "", "pos": 1, "chunkLen": 1, "isStartTag": 1}}
06-28 12:09:44.437  2726  2739 E WProf.db: {"WprofHTMLTag": {"code": "0xb4cc7fc0", "doc": "http://searchengineland.com/looking-for-black-friday-deals-bing-flyer-ads-retailer-circulars-263997", "row": 82, "column": 77, "tagName": "meta", "time": 12849.203793, "url": "", "pos": 1, "chunkLen": 1, "isStartTag": 1}}
06-28 12:09:44.437  2726  2739 E WProf.db: {"WprofHTMLTag": {"code": "0xb4cc7ff0", "doc": "http://searchengineland.com/looking-for-black-friday-deals-bing-flyer-ads-retailer-circulars-263997", "row": 83, "column": 71, "tagName": "meta", "time": 12849.203903, "url": "", "pos": 1, "chunkLen": 1, "isStartTag": 1}}
06-28 12:09:44.437  2726  2739 E WProf.db: {"WprofHTMLTag": {"code": "0xb4cc8020", "doc": "http://searchengineland.com/looking-for-black-friday-deals-bing-flyer-ads-retailer-circulars-263997", "row": 84, "column": 124, "tagName": "meta", "time": 12849.204072, "url": "", "pos": 1, "chunkLen": 1, "isStartTag": 1}}
06-28 12:09:44.437  2726  2739 E WProf.db: {"WprofHTMLTag": {"code": "0xb4cc8050", "doc": "http://searchengineland.com/looking-for-black-friday-deals-bing-flyer-ads-retailer-circulars-263997", "row": 85, "column": 49, "tagName": "meta", "time": 12849.204207, "url": "", "pos": 1, "chunkLen": 1, "isStartTag": 1}}
06-28 12:09:44.438  2726  2739 E WProf.db: {"WprofHTMLTag": {"code": "0xb4cc8080", "doc": "http://searchengineland.com/looking-for-black-friday-deals-bing-flyer-ads-retailer-circulars-263997", "row": 86, "column": 50, "tagName": "meta", "time": 12849.204329, "url": "", "pos": 1, "chunkLen": 1, "isStartTag": 1}}
06-28 12:09:44.438  2726  2739 E WProf.db: {"WprofHTMLTag": {"code": "0xb4cc80b0", "doc": "http://searchengineland.com/looking-for-black-friday-deals-bing-flyer-ads-retailer-circulars-263997", "row": 87, "column": 58, "tagName": "meta", "time": 12849.204445, "url": "", "pos": 1, "chunkLen": 1, "isStartTag": 1}}
06-28 12:09:44.438  2726  2739 E WProf.db: {"WprofHTMLTag": {"code": "0xb4cc80e0", "doc": "http://searchengineland.com/looking-for-black-friday-deals-bing-flyer-ads-retailer-circulars-263997", "row": 88, "column": 106, "tagName": "meta", "time": 12849.204562, "url": "", "pos": 1, "chunkLen": 1, "isStartTag": 1}}
06-28 12:09:44.438  2726  2739 E WProf.db: {"WprofHTMLTag": {"code": "0xb4cc8110", "doc": "http://searchengineland.com/looking-for-black-friday-deals-bing-flyer-ads-retailer-circulars-263997", "row": 89, "column": 134, "tagName": "meta", "time": 12849.204677, "url": "", "pos": 1, "chunkLen": 1, "isStartTag": 1}}
06-28 12:09:44.438  2726  2739 E WProf.db: {"WprofHTMLTag": {"code": "0xb4cc8140", "doc": "http://searchengineland.com/looking-for-black-friday-deals-bing-flyer-ads-retailer-circulars-263997", "row": 90, "column": 51, "tagName": "meta", "time": 12849.204796, "url": "", "pos": 1, "chunkLen": 1, "isStartTag": 1}}
06-28 12:09:44.438  2726  2739 E WProf.db: {"WprofHTMLTag": {"code": "0xb4cc8170", "doc": "http://searchengineland.com/looking-for-black-friday-deals-bing-flyer-ads-retailer-circulars-263997", "row": 91, "column": 125, "tagName": "meta", "time": 12849.204906, "url": "", "pos": 1, "chunkLen": 1, "isStartTag": 1}}
06-28 12:09:44.438  2726  2739 E WProf.db: {"WprofHTMLTag": {"code": "0xb4cc81a0", "doc": "http://searchengineland.com/looking-for-black-friday-deals-bing-flyer-ads-retailer-circulars-263997", "row": 92, "column": 54, "tagName": "meta", "time": 12849.205017, "url": "", "pos": 1, "chunkLen": 1, "isStartTag": 1}}
06-28 12:09:44.438  2726  2739 E WProf.db: {"WprofHTMLTag": {"code": "0xb4cc81d0", "doc": "http://searchengineland.com/looking-for-black-friday-deals-bing-flyer-ads-retailer-circulars-263997", "row": 95, "column": 44, "tagName": "link", "time": 12849.205138, "url": "http://s.w.org/", "pos": 1, "chunkLen": 1, "isStartTag": 1}}
06-28 12:09:44.438  2726  2739 E WProf.db: {"WprofHTMLTag": {"code": "0xb4cc8200", "doc": "http://searchengineland.com/looking-for-black-friday-deals-bing-flyer-ads-retailer-circulars-263997", "row": 96, "column": 33, "tagName": "script", "time": 12849.205393, "url": "", "pos": 1, "chunkLen": 1, "isStartTag": 1}}
06-28 12:09:44.438  2726  2739 E WProf.db: {"WprofHTMLTag": {"code": "0xb4cc8230", "doc": "http://searchengineland.com/looking-for-black-friday-deals-bing-flyer-ads-retailer-circulars-263997", "row": 99, "column": 11, "tagName": "script", "time": 12849.205612, "url": "http://searchengineland.com/figz/wp-includes/js/wp-emoji-release.min.js?ver=4.7.5", "pos": 1, "chunkLen": 1, "isStartTag": 0}}
06-28 12:09:44.439  2726  2739 E WProf.db: {"WprofHTMLTag": {"code": "0x9e952830", "doc": "http://searchengineland.com/looking-for-black-friday-deals-bing-flyer-ads-retailer-circulars-263997", "row": 100, "column": 25, "tagName": "style", "time": 12849.855052, "url": "", "pos": 1, "chunkLen": 1, "isStartTag": 1}}
06-28 12:09:44.439  2726  2739 E WProf.db: {"WprofHTMLTag": {"code": "0x9e952860", "doc": "http://searchengineland.com/looking-for-black-friday-deals-bing-flyer-ads-retailer-circulars-263997", "row": 113, "column": 8, "tagName": "style", "time": 12849.855280, "url": "", "pos": 1, "chunkLen": 1, "isStartTag": 0}}
06-28 12:09:44.439  2726  2739 E WProf.db: {"WprofHTMLTag": {"code": "0x9e952890", "doc": "http://searchengineland.com/looking-for-black-friday-deals-bing-flyer-ads-retailer-circulars-263997", "row": 114, "column": 140, "tagName": "script", "time": 12849.857407, "url": "http://searchengineland.com/figz/wp-content/themes/searchengineland/js/lib/modernizr.custom.js?ver=1.0", "pos": 1, "chunkLen": 1, "isStartTag": 1}}
06-28 12:09:44.439  2726  2739 E WProf.db: {"WprofHTMLTag": {"code": "0x9e9528c0", "doc": "http://searchengineland.com/looking-for-black-friday-deals-bing-flyer-ads-retailer-circulars-263997", "row": 114, "column": 149, "tagName": "script", "time": 12849.857657, "url": "", "pos": 1, "chunkLen": 1, "isStartTag": 0}}
06-28 12:09:44.439  2726  2739 E WProf.db: {"WprofHTMLTag": {"code": "0x9ea4f240", "doc": "http://searchengineland.com/looking-for-black-friday-deals-bing-flyer-ads-retailer-circulars-263997", "row": 115, "column": 144, "tagName": "script", "time": 12849.896878, "url": "http://searchengineland.com/figz/wp-content/themes/searchengineland/js/lib/jquery-1.11.0.min.js?ver=1.11.0", "pos": 1, "chunkLen": 1, "isStartTag": 1}}
06-28 12:09:44.439  2726  2739 E WProf.db: {"WprofHTMLTag": {"code": "0x9e952920", "doc": "http://searchengineland.com/looking-for-black-friday-deals-bing-flyer-ads-retailer-circulars-263997", "row": 115, "column": 153, "tagName": "script", "time": 12849.897826, "url": "", "pos": 1, "chunkLen": 1, "isStartTag": 0}}
06-28 12:09:44.439  2726  2739 E WProf.db: {"WprofHTMLTag": {"code": "0x9ea51a30", "doc": "http://searchengineland.com/looking-for-black-friday-deals-bing-flyer-ads-retailer-circulars-263997", "row": 0, "column": 15, "tagName": "div", "time": 12850.023964, "url": "", "pos": 15, "chunkLen": 44, "isStartTag": 1}}
06-28 12:09:44.439  2726  2739 E WProf.db: {"WprofHTMLTag": {"code": "0x9ea50080", "doc": "http://searchengineland.com/looking-for-black-friday-deals-bing-flyer-ads-retailer-circulars-263997", "row": 0, "column": 21, "tagName": "div", "time": 12850.024130, "url": "", "pos": 21, "chunkLen": 44, "isStartTag": 0}}
06-28 12:09:44.439  2726  2739 E WProf.db: {"WprofHTMLTag": {"code": "0x9ea50050", "doc": "http://searchengineland.com/looking-for-black-friday-deals-bing-flyer-ads-retailer-circulars-263997", "row": 0, "column": 38, "tagName": "div", "time": 12850.024202, "url": "", "pos": 38, "chunkLen": 44, "isStartTag": 1}}
06-28 12:09:44.439  2726  2739 E WProf.db: {"WprofHTMLTag": {"code": "0x9ea50020", "doc": "http://searchengineland.com/looking-for-black-friday-deals-bing-flyer-ads-retailer-circulars-263997", "row": 0, "column": 44, "tagName": "div", "time": 12850.024330, "url": "", "pos": 44, "chunkLen": 44, "isStartTag": 0}}
06-28 12:09:44.439  2726  2739 E WProf.db: {"WprofHTMLTag": {"code": "0x9ea4f360", "doc": "http://searchengineland.com/looking-for-black-friday-deals-bing-flyer-ads-retailer-circulars-263997", "row": 0, "column": 13, "tagName": "select", "time": 12850.031437, "url": "", "pos": 13, "chunkLen": 51, "isStartTag": 1}}
06-28 12:09:44.440  2726  2739 E WProf.db: {"WprofHTMLTag": {"code": "0x9ea4fff0", "doc": "http://searchengineland.com/looking-for-black-friday-deals-bing-flyer-ads-retailer-circulars-263997", "row": 0, "column": 33, "tagName": "option", "time": 12850.032089, "url": "", "pos": 33, "chunkLen": 51, "isStartTag": 1}}
06-28 12:09:44.440  2726  2739 E WProf.db: {"WprofHTMLTag": {"code": "0x9e952b00", "doc": "http://searchengineland.com/looking-for-black-friday-deals-bing-flyer-ads-retailer-circulars-263997", "row": 0, "column": 42, "tagName": "option", "time": 12850.032683, "url": "", "pos": 42, "chunkLen": 51, "isStartTag": 0}}
06-28 12:09:44.440  2726  2739 E WProf.db: {"WprofHTMLTag": {"code": "0x9e952b30", "doc": "http://searchengineland.com/looking-for-black-friday-deals-bing-flyer-ads-retailer-circulars-263997", "row": 0, "column": 51, "tagName": "select", "time": 12850.032904, "url": "", "pos": 51, "chunkLen": 51, "isStartTag": 0}}
06-28 12:09:44.440  2726  2739 E WProf.db: {"WprofHTMLTag": {"code": "0x9e952b60", "doc": "http://searchengineland.com/looking-for-black-friday-deals-bing-flyer-ads-retailer-circulars-263997", "row": 0, "column": 12, "tagName": "a", "time": 12850.052985, "url": "", "pos": 12, "chunkLen": 16, "isStartTag": 1}}
06-28 12:09:44.440  2726  2739 E WProf.db: {"WprofHTMLTag": {"code": "0x9e952b90", "doc": "http://searchengineland.com/looking-for-black-friday-deals-bing-flyer-ads-retailer-circulars-263997", "row": 0, "column": 16, "tagName": "a", "time": 12850.053219, "url": "", "pos": 16, "chunkLen": 16, "isStartTag": 0}}
06-28 12:09:44.440  2726  2739 E WProf.db: {"WprofHTMLTag": {"code": "0x9e952bc0", "doc": "http://searchengineland.com/looking-for-black-friday-deals-bing-flyer-ads-retailer-circulars-263997", "row": 0, "column": 8, "tagName": "input", "time": 12850.054809, "url": "", "pos": 8, "chunkLen": 8, "isStartTag": 1}}
06-28 12:09:44.440  2726  2739 E WProf.db: {"WprofHTMLTag": {"code": "0x9e952bf0", "doc": "http://searchengineland.com/looking-for-black-friday-deals-bing-flyer-ads-retailer-circulars-263997", "row": 0, "column": 9, "tagName": "link", "time": 12850.067824, "url": "", "pos": 9, "chunkLen": 42, "isStartTag": 1}}
06-28 12:09:44.440  2726  2739 E WProf.db: {"WprofHTMLTag": {"code": "0x9e952c20", "doc": "http://searchengineland.com/looking-for-black-friday-deals-bing-flyer-ads-retailer-circulars-263997", "row": 0, "column": 16, "tagName": "table", "time": 12850.067995, "url": "", "pos": 16, "chunkLen": 42, "isStartTag": 1}}
06-28 12:09:44.440  2726  2739 E WProf.db: {"WprofHTMLTag": {"code": "0x9e952c50", "doc": "http://searchengineland.com/looking-for-black-friday-deals-bing-flyer-ads-retailer-circulars-263997", "row": 0, "column": 24, "tagName": "table", "time": 12850.068150, "url": "", "pos": 24, "chunkLen": 42, "isStartTag": 0}}
06-28 12:09:44.440  2726  2739 E WProf.db: {"WprofHTMLTag": {"code": "0x9e952c80", "doc": "http://searchengineland.com/looking-for-black-friday-deals-bing-flyer-ads-retailer-circulars-263997", "row": 0, "column": 37, "tagName": "a", "time": 12850.068240, "url": "", "pos": 37, "chunkLen": 42, "isStartTag": 1}}
06-28 12:09:44.441  2726  2739 E WProf.db: {"WprofHTMLTag": {"code": "0x9e952cb0", "doc": "http://searchengineland.com/looking-for-black-friday-deals-bing-flyer-ads-retailer-circulars-263997", "row": 0, "column": 42, "tagName": "a", "time": 12850.068495, "url": "", "pos": 42, "chunkLen": 42, "isStartTag": 0}}
06-28 12:09:44.441  2726  2739 E WProf.db: {"WprofHTMLTag": {"code": "0x9e952d40", "doc": "http://searchengineland.com/looking-for-black-friday-deals-bing-flyer-ads-retailer-circulars-263997", "row": 0, "column": 10, "tagName": "textarea", "time": 12850.070227, "url": "", "pos": 10, "chunkLen": 22, "isStartTag": 1}}
06-28 12:09:44.441  2726  2739 E WProf.db: {"WprofHTMLTag": {"code": "0x9e952d70", "doc": "http://searchengineland.com/looking-for-black-friday-deals-bing-flyer-ads-retailer-circulars-263997", "row": 0, "column": 22, "tagName": "textarea", "time": 12850.070510, "url": "", "pos": 22, "chunkLen": 22, "isStartTag": 0}}
06-28 12:09:44.441  2726  2739 E WProf.db: {"WprofHTMLTag": {"code": "0x9e952da0", "doc": "http://searchengineland.com/looking-for-black-friday-deals-bing-flyer-ads-retailer-circulars-263997", "row": 0, "column": 48, "tagName": "input", "time": 12850.072143, "url": "", "pos": 48, "chunkLen": 48, "isStartTag": 1}}
06-28 12:09:44.441  2726  2739 E WProf.db: {"WprofHTMLTag": {"code": "0x9e952e00", "doc": "http://searchengineland.com/looking-for-black-friday-deals-bing-flyer-ads-retailer-circulars-263997", "row": 0, "column": 9, "tagName": "link", "time": 12850.078124, "url": "", "pos": 9, "chunkLen": 66, "isStartTag": 1}}
06-28 12:09:44.441  2726  2739 E WProf.db: {"WprofHTMLTag": {"code": "0x9e952e30", "doc": "http://searchengineland.com/looking-for-black-friday-deals-bing-flyer-ads-retailer-circulars-263997", "row": 0, "column": 16, "tagName": "table", "time": 12850.078289, "url": "", "pos": 16, "chunkLen": 66, "isStartTag": 1}}
06-28 12:09:44.441  2726  2739 E WProf.db: {"WprofHTMLTag": {"code": "0x9e952e60", "doc": "http://searchengineland.com/looking-for-black-friday-deals-bing-flyer-ads-retailer-circulars-263997", "row": 0, "column": 24, "tagName": "table", "time": 12850.078497, "url": "", "pos": 24, "chunkLen": 66, "isStartTag": 0}}
06-28 12:09:44.441  2726  2739 E WProf.db: {"WprofHTMLTag": {"code": "0x9e952e90", "doc": "http://searchengineland.com/looking-for-black-friday-deals-bing-flyer-ads-retailer-circulars-263997", "row": 0, "column": 37, "tagName": "a", "time": 12850.078601, "url": "", "pos": 37, "chunkLen": 66, "isStartTag": 1}}
06-28 12:09:44.441  2726  2739 E WProf.db: {"WprofHTMLTag": {"code": "0x9e952ec0", "doc": "http://searchengineland.com/looking-for-black-friday-deals-bing-flyer-ads-retailer-circulars-263997", "row": 0, "column": 42, "tagName": "a", "time": 12850.078844, "url": "", "pos": 42, "chunkLen": 66, "isStartTag": 0}}
06-28 12:09:44.441  2726  2739 E WProf.db: {"WprofHTMLTag": {"code": "0x9e952ef0", "doc": "http://searchengineland.com/looking-for-black-friday-deals-bing-flyer-ads-retailer-circulars-263997", "row": 0, "column": 66, "tagName": "input", "time": 12850.078940, "url": "", "pos": 66, "chunkLen": 66, "isStartTag": 1}}
06-28 12:09:44.441  2726  2739 E WProf.db: {"WprofHTMLTag": {"code": "0x9e952f80", "doc": "http://searchengineland.com/looking-for-black-friday-deals-bing-flyer-ads-retailer-circulars-263997", "row": 0, "column": 9, "tagName": "link", "time": 12850.081590, "url": "", "pos": 9, "chunkLen": 66, "isStartTag": 1}}
06-28 12:09:44.442  2726  2739 E WProf.db: {"WprofHTMLTag": {"code": "0x9e952fb0", "doc": "http://searchengineland.com/looking-for-black-friday-deals-bing-flyer-ads-retailer-circulars-263997", "row": 0, "column": 16, "tagName": "table", "time": 12850.081735, "url": "", "pos": 16, "chunkLen": 66, "isStartTag": 1}}
06-28 12:09:44.442  2726  2739 E WProf.db: {"WprofHTMLTag": {"code": "0x9e952fe0", "doc": "http://searchengineland.com/looking-for-black-friday-deals-bing-flyer-ads-retailer-circulars-263997", "row": 0, "column": 24, "tagName": "table", "time": 12850.081841, "url": "", "pos": 24, "chunkLen": 66, "isStartTag": 0}}
06-28 12:09:44.442  2726  2739 E WProf.db: {"WprofHTMLTag": {"code": "0x9e953010", "doc": "http://searchengineland.com/looking-for-black-friday-deals-bing-flyer-ads-retailer-circulars-263997", "row": 0, "column": 37, "tagName": "a", "time": 12850.081950, "url": "", "pos": 37, "chunkLen": 66, "isStartTag": 1}}
