--------- beginning of main
06-28 11:03:42.065  3449  3449 E Finsky  : [1] com.google.android.finsky.wear.bl.a(3): onConnectionFailed: ConnectionResult{statusCode=API_UNAVAILABLE, resolution=null, message=null}
--------- beginning of system
06-28 11:03:43.267 12307 12307 E chromium: [ERROR:shell_integration_android.cc(12)] Not implemented reached in static ShellIntegration::DefaultWebClientSetPermission ShellIntegration::CanSetAsDefaultBrowser()
06-28 11:03:43.276 12307 12307 E chromium: [ERROR:browser_process_impl.cc(720)] Not implemented reached in virtual BackgroundModeManager* BrowserProcessImpl::background_mode_manager()
06-28 11:03:43.498  3218 10916 E AudioRecord-JNI: Error -4 during AudioRecord native read
06-28 11:03:45.963 12307 12361 E chromium: [ERROR:gles2_cmd_decoder.cc(3852)] [.ChromiumCompositor-0xacbb2fc0]GL ERROR :GL_INVALID_ENUM : glDiscardFramebufferEXT: attachments was GL_COLOR_EXT
06-28 11:03:46.273 12381 12394 E WPROF   : {"CSS": {"url": "http://searchengineland.com/figz/wp-content/themes/searchengineland/css/searchengineland-bootstrap.css", "requestTime": 8903.328441}}
06-28 11:03:46.276 12381 12394 E WPROF   : {"CSS": {"url": "http://fonts.googleapis.com/css?family=Oswald:300,400,700", "requestTime": 8903.332101}}
06-28 11:03:46.278 12381 12394 E WPROF   : {"CSS": {"url": "http://searchengineland.com/figz/wp-content/themes/searchengineland/style.css", "requestTime": 8903.333493}}
06-28 11:03:46.283 12381 12394 E WPROF   : {"Javascript": {"url": "http://searchengineland.com/figz/wp-content/themes/searchengineland/js/lib/modernizr.custom.js?ver=1.0", "requestTime": 8903.339043}}
06-28 11:03:46.284 12381 12394 E WPROF   : {"Javascript": {"url": "http://searchengineland.com/figz/wp-content/themes/searchengineland/js/lib/jquery-1.11.0.min.js?ver=1.11.0", "requestTime": 8903.339445}}
06-28 11:03:46.285 12381 12394 E WPROF   : {"Javascript": {"url": "http://searchengineland.com/figz/wp-content/themes/searchengineland/js/lib/jquery-ui-1.10.3.custom.min.js?ver=1.10.3", "requestTime": 8903.340858}}
06-28 11:03:46.286 12381 12394 E WPROF   : {"Javascript": {"url": "http://searchengineland.com/figz/wp-content/themes/searchengineland/js/lib/jquery.ba-throttle-debounce.min.js?ver=1.1", "requestTime": 8903.341870}}
06-28 11:03:46.287 12381 12394 E WPROF   : {"Javascript": {"url": "http://searchengineland.com/figz/wp-content/themes/searchengineland/js/lib/jquery.countdown.min.js?ver=2.0.4", "requestTime": 8903.342588}}
06-28 11:03:46.288 12381 12394 E WPROF   : {"Javascript": {"url": "http://static.chartbeat.com/js/chartbeat_mab.js", "requestTime": 8903.343279}}
06-28 11:03:46.946 12381 12394 E WPROF   : {"Javascript": {"url": "http://searchengineland.com/figz/wp-includes/js/wp-emoji-release.min.js?ver=4.7.5", "requestTime": 8904.001856}}
06-28 11:03:47.321 12381 12394 E WPROF   : {"Javascript": {"url": "http://www.googletagservices.com/tag/js/gpt.js", "requestTime": 8904.377007}}
06-28 11:03:47.328 12381 12394 E WPROF   : {"Javascript": {"url": "https://www.google-analytics.com/analytics.js", "requestTime": 8904.383577}}
06-28 11:03:47.377 12381 12394 E WPROF   : {"Javascript": {"url": "http://edge.quantserve.com/quant.js", "requestTime": 8904.432392}}
06-28 11:03:47.384 12381 12394 E WPROF   : {"Javascript": {"url": "https://connect.facebook.net/en_US/fbevents.js", "requestTime": 8904.435697}}
06-28 11:03:47.426 12307 12361 E chromium: [ERROR:gles2_cmd_decoder.cc(3852)] [.ChromiumCompositor-0xacbb2fc0]GL ERROR :GL_INVALID_ENUM : glDiscardFramebufferEXT: attachments was GL_COLOR_EXT
06-28 11:03:47.457 12381 12394 E WPROF   : {"Javascript": {"url": "http://app-sj02.marketo.com/js/forms2/js/forms2.min.js", "requestTime": 8904.512263}}
06-28 11:03:47.549 12307 12361 E chromium: [ERROR:gles2_cmd_decoder.cc(3852)] [.ChromiumCompositor-0xacbb2fc0]GL ERROR :GL_INVALID_ENUM : glDiscardFramebufferEXT: attachments was GL_COLOR_EXT
06-28 11:03:47.575 12381 12394 E WPROF   : {"Javascript": {"url": "https://connect.facebook.net/signals/config/423979991297359?v=2.7.17", "requestTime": 8904.631083}}
06-28 11:03:47.734 12381 12394 E WPROF   : {"Javascript": {"url": "http://app-sj02.marketo.com/index.php/form/getForm?munchkinId=727-ZQE-044&form=5691&url=http%3A%2F%2Fsearchengineland.com%2Fmobile-marketing-vs-store-sales-help-whats-correlation-275779&callback=jQuery110206198861619923264_1498615427664&_=1498615427665", "requestTime": 8904.789911}}
06-28 11:03:47.777 12381 12394 E WPROF   : {"Javascript": {"url": "http://app-sj02.marketo.com/index.php/form/getForm?munchkinId=727-ZQE-044&form=5685&url=http%3A%2F%2Fsearchengineland.com%2Fmobile-marketing-vs-store-sales-help-whats-correlation-275779&callback=jQuery110206198861619923264_1498615427666&_=1498615427667", "requestTime": 8904.832447}}
06-28 11:03:47.835 12381 12394 E WPROF   : {"Javascript": {"url": "https://securepubads.g.doubleclick.net/gpt/pubads_impl_121.js", "requestTime": 8904.890415}}
06-28 11:03:48.016 12381 12394 E WPROF   : {"Javascript": {"url": "http://app-sj02.marketo.com/index.php/form/getForm?munchkinId=727-ZQE-044&form=5673&url=http%3A%2F%2Fsearchengineland.com%2Fmobile-marketing-vs-store-sales-help-whats-correlation-275779&callback=jQuery110206198861619923264_1498615427668&_=1498615427669", "requestTime": 8905.071855}}
06-28 11:03:48.024 12381 12394 E WPROF   : {"Javascript": {"url": "http://searchengineland.com/js/ga_social_tracking.js", "requestTime": 8905.079593}}
06-28 11:03:48.027 12381 12394 E WPROF   : {"Javascript": {"url": "http://s7.addthis.com/js/300/addthis_widget.js#pubid=ra-53e918f660794f37", "requestTime": 8905.083113}}
06-28 11:03:48.052 12307 12361 E chromium: [ERROR:gles2_cmd_decoder.cc(3852)] [.ChromiumCompositor-0xacbb2fc0]GL ERROR :GL_INVALID_ENUM : glDiscardFramebufferEXT: attachments was GL_COLOR_EXT
06-28 11:03:48.387 12307 12361 E chromium: [ERROR:gles2_cmd_decoder.cc(3852)] [.ChromiumCompositor-0xacbb2fc0]GL ERROR :GL_INVALID_ENUM : glDiscardFramebufferEXT: attachments was GL_COLOR_EXT
06-28 11:03:48.756   862  1657 E LocSvc_IzatApiV02: E/virtual int izat_core::IzatApiV02::getBatchSize(int32_t):522]: Error : st = 4, ind.status = -1628389555
06-28 11:03:48.756   862  1657 E LocSvc_IzatApiV02: E/virtual int izat_core::IzatApiV02::getBatchSize(int32_t):535]: get batching size failed.Or modem does not support batching 
06-28 11:03:48.768   862  1657 E LocSvc_IzatApiV02: E/virtual int izat_core::IzatApiV02::getBatchSize(int32_t):522]: Error : st = 4, ind.status = -1628389555
06-28 11:03:48.768   862  1657 E LocSvc_IzatApiV02: E/virtual int izat_core::IzatApiV02::getBatchSize(int32_t):535]: get batching size failed.Or modem does not support batching 
06-28 11:03:48.799   862  1657 E LocSvc_IzatApiV02: E/virtual int izat_core::IzatApiV02::getBatchSize(int32_t):522]: Error : st = 4, ind.status = -1628389555
06-28 11:03:48.799   862  1657 E LocSvc_IzatApiV02: E/virtual int izat_core::IzatApiV02::getBatchSize(int32_t):535]: get batching size failed.Or modem does not support batching 
06-28 11:03:48.808   862  1657 E LocSvc_IzatApiV02: E/virtual int izat_core::IzatApiV02::getBatchSize(int32_t):522]: Error : st = 4, ind.status = -1628389555
06-28 11:03:48.808   862  1657 E LocSvc_IzatApiV02: E/virtual int izat_core::IzatApiV02::getBatchSize(int32_t):535]: get batching size failed.Or modem does not support batching 
06-28 11:03:48.960 12381 12394 E WPROF   : {"Javascript": {"url": "https://securepubads.g.doubleclick.net/gampad/ads?gdfp_req=1&correlator=1367579094417408&output=json_html&callback=googletag.impl.pubads.callbackProxy1&impl=fifs&json_a=1&eid=108809080%2C108809107&sc=0&sfv=1-0-9&iu_parts=1038259%2Csel-ciu-1%2Csel-ciu-2%2Csel-ciu-3%2Csel-ciu-4%2Csel-ciu-5%2Cch-mobile", "requestTime": 8906.016106}}
06-28 11:03:48.982 12381 12394 E WPROF   : {"CSS": {"url": "http://app-sj02.marketo.com/js/forms2/css/forms2.css", "requestTime": 8906.038134}}
06-28 11:03:48.986 12381 12394 E WPROF   : {"CSS": {"url": "http://app-sj02.marketo.com/js/forms2/css/forms2-theme-simple.css", "requestTime": 8906.041845}}
06-28 11:03:49.103 12381 12394 E WPROF   : {"Javascript": {"url": "https://static.xx.fbcdn.net/rsrc.php/v3iy6L4/yk/l/ko_KR/be4fIjHRc8P.js", "requestTime": 8906.158550}}
06-28 11:03:49.108 12307 12361 E chromium: [ERROR:gles2_cmd_decoder.cc(3852)] [.ChromiumCompositor-0xacbb2fc0]GL ERROR :GL_INVALID_ENUM : glDiscardFramebufferEXT: attachments was GL_COLOR_EXT
06-28 11:03:49.300 12381 12394 E WPROF   : {"Javascript": {"url": "http://cdn.api.twitter.com/1/users/show.json?screen_name=DMarketingDepot&callback=twttr.setFollowersCount", "requestTime": 8906.355510}}
06-28 11:03:49.306 12381 12394 E WPROF   : {"Javascript": {"url": "http://www.googleadservices.com/pagead/conversion.js", "requestTime": 8906.361447}}
06-28 11:03:49.306 12381 12394 E WPROF   : {"Javascript": {"url": "http://searchengineland.com/figz/wp-content/themes/searchengineland/js/script.js?ver=1.0", "requestTime": 8906.361893}}
06-28 11:03:49.307 12381 12394 E WPROF   : {"Javascript": {"url": "http://searchengineland.com/figz/wp-includes/js/wp-embed.min.js?ver=4.7.5", "requestTime": 8906.363170}}
06-28 11:03:49.308 12381 12394 E WPROF   : {"Javascript": {"url": "http://searchengineland.com/figz/wp-content/themes/searchengineland/js/modules/sharing_controls.js", "requestTime": 8906.363728}}
06-28 11:03:49.507 12381 12394 E WPROF   : {"Javascript": {"url": "http://d2j3qa5nc37287.cloudfront.net/coupon_code1.js", "requestTime": 8906.562269}}
06-28 11:03:49.555 12381 12394 E WPROF   : {"CSS": {"url": "https://www.youtube.com/yts/cssbin/www-embed-player-sprite-mode-vfl5G4Xm8.css", "requestTime": 8906.610947}}
06-28 11:03:49.556 12381 12394 E WPROF   : {"Javascript": {"url": "https://www.youtube.com/yts/jsbin/www-embed-player-vfl_UY_j8/www-embed-player.js", "requestTime": 8906.612170}}
06-28 11:03:49.557 12381 12394 E WPROF   : {"Javascript": {"url": "https://www.youtube.com/yts/jsbin/player-vflo1w4O-/ko_KR/base.js", "requestTime": 8906.612536}}
06-28 11:03:49.584 12307 12361 E chromium: [ERROR:gles2_cmd_decoder.cc(3852)] [.ChromiumCompositor-0xacbb2fc0]GL ERROR :GL_INVALID_ENUM : glDiscardFramebufferEXT: attachments was GL_COLOR_EXT
06-28 11:03:50.081 12307 12361 E chromium: [ERROR:gles2_cmd_decoder.cc(3852)] [.ChromiumCompositor-0xacbb2fc0]GL ERROR :GL_INVALID_ENUM : glDiscardFramebufferEXT: attachments was GL_COLOR_EXT
06-28 11:03:50.887 12307 12361 E chromium: [ERROR:gles2_cmd_decoder.cc(3852)] [.ChromiumCompositor-0xacbb2fc0]GL ERROR :GL_INVALID_ENUM : glDiscardFramebufferEXT: attachments was GL_COLOR_EXT
06-28 11:03:51.854 12381 12394 E WPROF   : {"Javascript": {"url": "https://www.google.com/js/bg/KWBfAnWFESAEEaKKgdYlTHY9ysQaNoQuzeMFqvxDSM8.js", "requestTime": 8908.910121}}
06-28 11:03:51.857 12381 12394 E WPROF   : {"Javascript": {"url": "https://static.doubleclick.net/instream/ad_status.js", "requestTime": 8908.912332}}
06-28 11:03:52.051 12381 12394 E WPROF   : {"Javascript": {"url": "https://tpc.googlesyndication.com/pagead/js/r20170619/r20110914/client/ext/m_window_focus_non_hydra.js", "requestTime": 8909.106311}}
06-28 11:03:52.052 12381 12394 E WPROF   : {"Javascript": {"url": "https://tpc.googlesyndication.com/pagead/js/r20170619/r20110914/activeview/osd_listener.js", "requestTime": 8909.108046}}
06-28 11:03:52.056 12381 12394 E WPROF   : {"Javascript": {"url": "http://pagead2.googlesyndication.com/pagead/osd.js", "requestTime": 8909.112057}}
06-28 11:03:52.186 12381 12394 E WPROF   : {"Javascript": {"url": "http://www.justuno.com/ajax/account_version_check.html?id=828FA275-FF73-401E-AA39-40F5A6FAB6B1", "requestTime": 8909.241666}}
06-28 11:03:52.219 12307 12361 E chromium: [ERROR:gles2_cmd_decoder.cc(3852)] [.ChromiumCompositor-0xacbb2fc0]GL ERROR :GL_INVALID_ENUM : glDiscardFramebufferEXT: attachments was GL_COLOR_EXT
06-28 11:03:52.478 12307 12361 E chromium: [ERROR:gles2_cmd_decoder.cc(3852)] [.ChromiumCompositor-0xacbb2fc0]GL ERROR :GL_INVALID_ENUM : glDiscardFramebufferEXT: attachments was GL_COLOR_EXT
06-28 11:03:53.291 12307 12361 E chromium: [ERROR:gles2_cmd_decoder.cc(3852)] [.ChromiumCompositor-0xacbb2fc0]GL ERROR :GL_INVALID_ENUM : glDiscardFramebufferEXT: attachments was GL_COLOR_EXT
06-28 11:03:53.434 12307 12361 E chromium: [ERROR:gles2_cmd_decoder.cc(3852)] [.ChromiumCompositor-0xacbb2fc0]GL ERROR :GL_INVALID_ENUM : glDiscardFramebufferEXT: attachments was GL_COLOR_EXT
06-28 11:03:53.552 12307 12361 E chromium: [ERROR:gles2_cmd_decoder.cc(3852)] [.ChromiumCompositor-0xacbb2fc0]GL ERROR :GL_INVALID_ENUM : glDiscardFramebufferEXT: attachments was GL_COLOR_EXT
06-28 11:03:53.932 12381 12394 E WPROF   : {"Javascript": {"url": "http://cdn.justuno.com/mwgt_3.6.js", "requestTime": 8910.987578}}
06-28 11:03:54.105 12307 12361 E chromium: [ERROR:gles2_cmd_decoder.cc(3852)] [.ChromiumCompositor-0xacbb2fc0]GL ERROR :GL_INVALID_ENUM : glDiscardFramebufferEXT: attachments was GL_COLOR_EXT
06-28 11:03:54.550 12307 12361 E chromium: [ERROR:gles2_cmd_decoder.cc(3852)] [.ChromiumCompositor-0xacbb2fc0]GL ERROR :GL_INVALID_ENUM : glDiscardFramebufferEXT: attachments was GL_COLOR_EXT
06-28 11:03:54.878 12381 12394 E WPROF   : {"Javascript": {"url": "https://app-sj02.marketo.com/js/forms2/js/forms2.min.js", "requestTime": 8911.933661}}
06-28 11:03:55.195 12381 12394 E WProf.db: {"page": "searchengineland.com_mobile-marketing-vs-store-sales-help-whats-correlation-275779"}
06-28 11:03:55.195 12381 12394 E WProf.db: {"DOMLoad": 8912.250339}
06-28 11:03:55.195 12381 12394 E WProf.db: {"Resource": {"id": 1, "url": "http://searchengineland.com/mobile-marketing-vs-store-sales-help-whats-correlation-275779", "sentTime": -1.000000, "len": 90286, "from": "0x0", "mimeType": "text/html", "contentLength": -1, "httpStatus": 200, "connId": 19, "connReused": 1, "cached": 0,"requestTime": 8902.924308, "proxyStart": -1, "proxyEnd": -1, "dnsStart": -1, "dnsEnd": -1, "connectStart": 0, "connectEnd": 103, "sendStart": 103, "sendEnd": 103, "receiveHeadersEnd": 273, "sslStart": -1, "sslEnd": -1}}
06-28 11:03:55.195 12381 12394 E WProf.db: {"ReceivedChunk": {"receivedTime": 8903.215981, "len": 12507}}
06-28 11:03:55.195 12381 12394 E WProf.db: {"ReceivedChunk": {"receivedTime": 8903.294445, "len": 32768}}
06-28 11:03:55.195 12381 12394 E WProf.db: {"ReceivedChunk": {"receivedTime": 8903.295869, "len": 27769}}
06-28 11:03:55.195 12381 12394 E WProf.db: {"ReceivedChunk": {"receivedTime": 8903.352622, "len": 14310}}
06-28 11:03:55.195 12381 12394 E WProf.db: {"ReceivedChunk": {"receivedTime": 8903.368348, "len": 2932}}
06-28 11:03:55.195 12381 12394 E WProf.db: {"WprofHTMLTag": {"code": "0xaedd5600", "doc": "http://searchengineland.com/mobile-marketing-vs-store-sales-help-whats-correlation-275779", "row": 6, "column": 42, "tagName": "html", "time": 8903.299105, "url": "", "pos": 1, "chunkLen": 1, "isStartTag": 1}}
06-28 11:03:55.195 12381 12394 E WProf.db: {"WprofHTMLTag": {"code": "0xaf0477c0", "doc": "http://searchengineland.com/mobile-marketing-vs-store-sales-help-whats-correlation-275779", "row": 7, "column": 6, "tagName": "head", "time": 8903.300349, "url": "", "pos": 1, "chunkLen": 1, "isStartTag": 1}}
06-28 11:03:55.195 12381 12394 E WProf.db: {"WprofHTMLTag": {"code": "0xaf0477f0", "doc": "http://searchengineland.com/mobile-marketing-vs-store-sales-help-whats-correlation-275779", "row": 8, "column": 54, "tagName": "meta", "time": 8903.300526, "url": "", "pos": 1, "chunkLen": 1, "isStartTag": 1}}
06-28 11:03:55.195 12381 12394 E WProf.db: {"WprofHTMLTag": {"code": "0xaf047820", "doc": "http://searchengineland.com/mobile-marketing-vs-store-sales-help-whats-correlation-275779", "row": 9, "column": 68, "tagName": "meta", "time": 8903.301172, "url": "", "pos": 1, "chunkLen": 1, "isStartTag": 1}}
06-28 11:03:55.195 12381 12394 E WProf.db: {"WprofHTMLTag": {"code": "0xaf047850", "doc": "http://searchengineland.com/mobile-marketing-vs-store-sales-help-whats-correlation-275779", "row": 10, "column": 23, "tagName": "meta", "time": 8903.301744, "url": "", "pos": 1, "chunkLen": 1, "isStartTag": 1}}
06-28 11:03:55.196 12381 12394 E WProf.db: {"WprofHTMLTag": {"code": "0xaf047880", "doc": "http://searchengineland.com/mobile-marketing-vs-store-sales-help-whats-correlation-275779", "row": 11, "column": 52, "tagName": "meta", "time": 8903.302420, "url": "", "pos": 1, "chunkLen": 1, "isStartTag": 1}}
06-28 11:03:55.196 12381 12394 E WProf.db: {"WprofHTMLTag": {"code": "0xaf0478b0", "doc": "http://searchengineland.com/mobile-marketing-vs-store-sales-help-whats-correlation-275779", "row": 14, "column": 56, "tagName": "meta", "time": 8903.303014, "url": "", "pos": 1, "chunkLen": 1, "isStartTag": 1}}
06-28 11:03:55.196 12381 12394 E WProf.db: {"WprofHTMLTag": {"code": "0xaf0478e0", "doc": "http://searchengineland.com/mobile-marketing-vs-store-sales-help-whats-correlation-275779", "row": 15, "column": 83, "tagName": "meta", "time": 8903.303600, "url": "", "pos": 1, "chunkLen": 1, "isStartTag": 1}}
06-28 11:03:55.196 12381 12394 E WProf.db: {"WprofHTMLTag": {"code": "0xaf047910", "doc": "http://searchengineland.com/mobile-marketing-vs-store-sales-help-whats-correlation-275779", "row": 16, "column": 57, "tagName": "meta", "time": 8903.304265, "url": "", "pos": 1, "chunkLen": 1, "isStartTag": 1}}
06-28 11:03:55.196 12381 12394 E WProf.db: {"WprofHTMLTag": {"code": "0xaf0479a0", "doc": "http://searchengineland.com/mobile-marketing-vs-store-sales-help-whats-correlation-275779", "row": 17, "column": 41, "tagName": "meta", "time": 8903.306683, "url": "", "pos": 1, "chunkLen": 1, "isStartTag": 1}}
06-28 11:03:55.196 12381 12394 E WProf.db: {"WprofHTMLTag": {"code": "0xaf0479d0", "doc": "http://searchengineland.com/mobile-marketing-vs-store-sales-help-whats-correlation-275779", "row": 18, "column": 50, "tagName": "meta", "time": 8903.307203, "url": "", "pos": 1, "chunkLen": 1, "isStartTag": 1}}
06-28 11:03:55.196 12381 12394 E WProf.db: {"WprofHTMLTag": {"code": "0xaf047a00", "doc": "http://searchengineland.com/mobile-marketing-vs-store-sales-help-whats-correlation-275779", "row": 19, "column": 174, "tagName": "meta", "time": 8903.307702, "url": "", "pos": 1, "chunkLen": 1, "isStartTag": 1}}
06-28 11:03:55.196 12381 12394 E WProf.db: {"WprofHTMLTag": {"code": "0xaf047970", "doc": "http://searchengineland.com/mobile-marketing-vs-store-sales-help-whats-correlation-275779", "row": 20, "column": 47, "tagName": "meta", "time": 8903.308362, "url": "", "pos": 1, "chunkLen": 1, "isStartTag": 1}}
06-28 11:03:55.196 12381 12394 E WProf.db: {"WprofHTMLTag": {"code": "0xaf047940", "doc": "http://searchengineland.com/mobile-marketing-vs-store-sales-help-whats-correlation-275779", "row": 21, "column": 67, "tagName": "meta", "time": 8903.309817, "url": "", "pos": 1, "chunkLen": 1, "isStartTag": 1}}
06-28 11:03:55.196 12381 12394 E WProf.db: {"WprofHTMLTag": {"code": "0xaf047a30", "doc": "http://searchengineland.com/mobile-marketing-vs-store-sales-help-whats-correlation-275779", "row": 22, "column": 57, "tagName": "meta", "time": 8903.311232, "url": "", "pos": 1, "chunkLen": 1, "isStartTag": 1}}
06-28 11:03:55.196 12381 12394 E WProf.db: {"WprofHTMLTag": {"code": "0xaf047a60", "doc": "http://searchengineland.com/mobile-marketing-vs-store-sales-help-whats-correlation-275779", "row": 23, "column": 65, "tagName": "meta", "time": 8903.311662, "url": "", "pos": 1, "chunkLen": 1, "isStartTag": 1}}
06-28 11:03:55.196 12381 12394 E WProf.db: {"WprofHTMLTag": {"code": "0xaf047a90", "doc": "http://searchengineland.com/mobile-marketing-vs-store-sales-help-whats-correlation-275779", "row": 24, "column": 55, "tagName": "meta", "time": 8903.312061, "url": "", "pos": 1, "chunkLen": 1, "isStartTag": 1}}
06-28 11:03:55.196 12381 12394 E WProf.db: {"WprofHTMLTag": {"code": "0xaf047ac0", "doc": "http://searchengineland.com/mobile-marketing-vs-store-sales-help-whats-correlation-275779", "row": 25, "column": 71, "tagName": "meta", "time": 8903.312458, "url": "", "pos": 1, "chunkLen": 1, "isStartTag": 1}}
06-28 11:03:55.197 12381 12394 E WProf.db: {"WprofHTMLTag": {"code": "0xaf047af0", "doc": "http://searchengineland.com/mobile-marketing-vs-store-sales-help-whats-correlation-275779", "row": 26, "column": 86, "tagName": "meta", "time": 8903.312854, "url": "", "pos": 1, "chunkLen": 1, "isStartTag": 1}}
06-28 11:03:55.197 12381 12394 E WProf.db: {"WprofHTMLTag": {"code": "0xaf047b20", "doc": "http://searchengineland.com/mobile-marketing-vs-store-sales-help-whats-correlation-275779", "row": 27, "column": 54, "tagName": "meta", "time": 8903.313984, "url": "", "pos": 1, "chunkLen": 1, "isStartTag": 1}}
06-28 11:03:55.197 12381 12394 E WProf.db: {"WprofHTMLTag": {"code": "0xaf047b50", "doc": "http://searchengineland.com/mobile-marketing-vs-store-sales-help-whats-correlation-275779", "row": 29, "column": 39, "tagName": "meta", "time": 8903.314369, "url": "", "pos": 1, "chunkLen": 1, "isStartTag": 1}}
06-28 11:03:55.197 12381 12394 E WProf.db: {"WprofHTMLTag": {"code": "0xaf047b80", "doc": "http://searchengineland.com/mobile-marketing-vs-store-sales-help-whats-correlation-275779", "row": 30, "column": 178, "tagName": "meta", "time": 8903.314740, "url": "", "pos": 1, "chunkLen": 1, "isStartTag": 1}}
06-28 11:03:55.197 12381 12394 E WProf.db: {"WprofHTMLTag": {"code": "0xaf047bb0", "doc": "http://searchengineland.com/mobile-marketing-vs-store-sales-help-whats-correlation-275779", "row": 31, "column": 55, "tagName": "meta", "time": 8903.315106, "url": "", "pos": 1, "chunkLen": 1, "isStartTag": 1}}
06-28 11:03:55.197 12381 12394 E WProf.db: {"WprofHTMLTag": {"code": "0xaf047be0", "doc": "http://searchengineland.com/mobile-marketing-vs-store-sales-help-whats-correlation-275779", "row": 32, "column": 54, "tagName": "meta", "time": 8903.315464, "url": "", "pos": 1, "chunkLen": 1, "isStartTag": 1}}
06-28 11:03:55.197 12381 12394 E WProf.db: {"WprofHTMLTag": {"code": "0xaf047c10", "doc": "http://searchengineland.com/mobile-marketing-vs-store-sales-help-whats-correlation-275779", "row": 33, "column": 134, "tagName": "meta", "time": 8903.315838, "url": "", "pos": 1, "chunkLen": 1, "isStartTag": 1}}
06-28 11:03:55.197 12381 12394 E WProf.db: {"WprofHTMLTag": {"code": "0xaf047c40", "doc": "http://searchengineland.com/mobile-marketing-vs-store-sales-help-whats-correlation-275779", "row": 37, "column": 36, "tagName": "script", "time": 8903.316202, "url": "", "pos": 1, "chunkLen": 1, "isStartTag": 1}}
06-28 11:03:55.197 12381 12394 E WProf.db: {"WprofHTMLTag": {"code": "0xaf047c70", "doc": "http://searchengineland.com/mobile-marketing-vs-store-sales-help-whats-correlation-275779", "row": 53, "column": 10, "tagName": "script", "time": 8903.317041, "url": "", "pos": 1, "chunkLen": 1, "isStartTag": 0}}
06-28 11:03:55.197 12381 12394 E WProf.db: {"WprofHTMLTag": {"code": "0xaedd5630", "doc": "http://searchengineland.com/mobile-marketing-vs-store-sales-help-whats-correlation-275779", "row": 55, "column": 86, "tagName": "link", "time": 8903.319755, "url": "http://searchengineland.com/apple-touch-icon.png", "pos": 1, "chunkLen": 1, "isStartTag": 1}}
06-28 11:03:55.197 12381 12394 E WProf.db: {"WprofHTMLTag": {"code": "0xaf047ca0", "doc": "http://searchengineland.com/mobile-marketing-vs-store-sales-help-whats-correlation-275779", "row": 56, "column": 76, "tagName": "link", "time": 8903.320938, "url": "http://searchengineland.com/favicon.ico", "pos": 1, "chunkLen": 1, "isStartTag": 1}}
06-28 11:03:55.197 12381 12394 E WProf.db: {"WprofHTMLTag": {"code": "0xaf047cd0", "doc": "http://searchengineland.com/mobile-marketing-vs-store-sales-help-whats-correlation-275779", "row": 57, "column": 158, "tagName": "link", "time": 8903.321636, "url": "http://feeds.searchengineland.com/searchengineland", "pos": 1, "chunkLen": 1, "isStartTag": 1}}
06-28 11:03:55.197 12381 12394 E WProf.db: {"WprofHTMLTag": {"code": "0xaf047d00", "doc": "http://searchengineland.com/mobile-marketing-vs-store-sales-help-whats-correlation-275779", "row": 58, "column": 149, "tagName": "link", "time": 8903.325252, "url": "http://feeds.searchengineland.com/searchcap", "pos": 1, "chunkLen": 1, "isStartTag": 1}}
06-28 11:03:55.198 12381 12394 E WProf.db: {"WprofHTMLTag": {"code": "0xaf047d30", "doc": "http://searchengineland.com/mobile-marketing-vs-store-sales-help-whats-correlation-275779", "row": 59, "column": 150, "tagName": "link", "time": 8903.326692, "url": "http://searchengineland.com/figz/wp-content/themes/searchengineland/css/searchengineland-bootstrap.css", "pos": 1, "chunkLen": 1, "isStartTag": 1}}
06-28 11:03:55.198 12381 12394 E WProf.db: {"WprofHTMLTag": {"code": "0xaf047d90", "doc": "http://searchengineland.com/mobile-marketing-vs-store-sales-help-whats-correlation-275779", "row": 60, "column": 105, "tagName": "link", "time": 8903.330823, "url": "http://fonts.googleapis.com/css?family=Oswald:300,400,700", "pos": 1, "chunkLen": 1, "isStartTag": 1}}
06-28 11:03:55.198 12381 12394 E WProf.db: {"WprofHTMLTag": {"code": "0xaf047df0", "doc": "http://searchengineland.com/mobile-marketing-vs-store-sales-help-whats-correlation-275779", "row": 61, "column": 125, "tagName": "link", "time": 8903.332358, "url": "http://searchengineland.com/figz/wp-content/themes/searchengineland/style.css", "pos": 1, "chunkLen": 1, "isStartTag": 1}}
06-28 11:03:55.198 12381 12394 E WProf.db: {"WprofHTMLTag": {"code": "0xaf047e50", "doc": "http://searchengineland.com/mobile-marketing-vs-store-sales-help-whats-correlation-275779", "row": 65, "column": 7, "tagName": "title", "time": 8903.333736, "url": "", "pos": 1, "chunkLen": 1, "isStartTag": 1}}
06-28 11:03:55.198 12381 12394 E WProf.db: {"WprofHTMLTag": {"code": "0xaf047e80", "doc": "http://searchengineland.com/mobile-marketing-vs-store-sales-help-whats-correlation-275779", "row": 65, "column": 81, "tagName": "title", "time": 8903.333837, "url": "", "pos": 1, "chunkLen": 1, "isStartTag": 0}}
06-28 11:03:55.198 12381 12394 E WProf.db: {"WprofHTMLTag": {"code": "0xaf047eb0", "doc": "http://searchengineland.com/mobile-marketing-vs-store-sales-help-whats-correlation-275779", "row": 66, "column": 192, "tagName": "meta", "time": 8903.333860, "url": "", "pos": 1, "chunkLen": 1, "isStartTag": 1}}
06-28 11:03:55.198 12381 12394 E WProf.db: {"WprofHTMLTag": {"code": "0xaf047ee0", "doc": "http://searchengineland.com/mobile-marketing-vs-store-sales-help-whats-correlation-275779", "row": 67, "column": 40, "tagName": "meta", "time": 8903.335228, "url": "", "pos": 1, "chunkLen": 1, "isStartTag": 1}}
06-28 11:03:55.198 12381 12394 E WProf.db: {"WprofHTMLTag": {"code": "0xaf047f10", "doc": "http://searchengineland.com/mobile-marketing-vs-store-sales-help-whats-correlation-275779", "row": 68, "column": 131, "tagName": "meta", "time": 8903.335349, "url": "", "pos": 1, "chunkLen": 1, "isStartTag": 1}}
06-28 11:03:55.198 12381 12394 E WProf.db: {"WprofHTMLTag": {"code": "0xaf047f40", "doc": "http://searchengineland.com/mobile-marketing-vs-store-sales-help-whats-correlation-275779", "row": 69, "column": 37, "tagName": "meta", "time": 8903.335464, "url": "", "pos": 1, "chunkLen": 1, "isStartTag": 1}}
06-28 11:03:55.198 12381 12394 E WProf.db: {"WprofHTMLTag": {"code": "0xaf047f70", "doc": "http://searchengineland.com/mobile-marketing-vs-store-sales-help-whats-correlation-275779", "row": 70, "column": 121, "tagName": "link", "time": 8903.335582, "url": "http://searchengineland.com/mobile-marketing-vs-store-sales-help-whats-correlation-275779", "pos": 1, "chunkLen": 1, "isStartTag": 1}}
06-28 11:03:55.198 12381 12394 E WProf.db: {"WprofHTMLTag": {"code": "0xaf047fa0", "doc": "http://searchengineland.com/mobile-marketing-vs-store-sales-help-whats-correlation-275779", "row": 71, "column": 76, "tagName": "link", "time": 8903.335933, "url": "https://plus.google.com/103218677032751327334", "pos": 1, "chunkLen": 1, "isStartTag": 1}}
06-28 11:03:55.198 12381 12394 E WProf.db: {"WprofHTMLTag": {"code": "0xaf047fd0", "doc": "http://searchengineland.com/mobile-marketing-vs-store-sales-help-whats-correlation-275779", "row": 72, "column": 45, "tagName": "meta", "time": 8903.336129, "url": "", "pos": 1, "chunkLen": 1, "isStartTag": 1}}
06-28 11:03:55.199 12381 12394 E WProf.db: {"WprofHTMLTag": {"code": "0xb4cc74b0", "doc": "http://searchengineland.com/mobile-marketing-vs-store-sales-help-whats-correlation-275779", "row": 73, "column": 45, "tagName": "meta", "time": 8903.336246, "url": "", "pos": 1, "chunkLen": 1, "isStartTag": 1}}
06-28 11:03:55.199 12381 12394 E WProf.db: {"WprofHTMLTag": {"code": "0xb4cc7540", "doc": "http://searchengineland.com/mobile-marketing-vs-store-sales-help-whats-correlation-275779", "row": 74, "column": 105, "tagName": "meta", "time": 8903.336358, "url": "", "pos": 1, "chunkLen": 1, "isStartTag": 1}}
06-28 11:03:55.199 12381 12394 E WProf.db: {"WprofHTMLTag": {"code": "0xb4cc78a0", "doc": "http://searchengineland.com/mobile-marketing-vs-store-sales-help-whats-correlation-275779", "row": 75, "column": 200, "tagName": "meta", "time": 8903.336468, "url": "", "pos": 1, "chunkLen": 1, "isStartTag": 1}}
06-28 11:03:55.199 12381 12394 E WProf.db: {"WprofHTMLTag": {"code": "0xb4cc78d0", "doc": "http://searchengineland.com/mobile-marketing-vs-store-sales-help-whats-correlation-275779", "row": 76, "column": 126, "tagName": "meta", "time": 8903.336578, "url": "", "pos": 1, "chunkLen": 1, "isStartTag": 1}}
06-28 11:03:55.199 12381 12394 E WProf.db: {"WprofHTMLTag": {"code": "0xb4cc7900", "doc": "http://searchengineland.com/mobile-marketing-vs-store-sales-help-whats-correlation-275779", "row": 77, "column": 61, "tagName": "meta", "time": 8903.336686, "url": "", "pos": 1, "chunkLen": 1, "isStartTag": 1}}
06-28 11:03:55.199 12381 12394 E WProf.db: {"WprofHTMLTag": {"code": "0xb4cc7930", "doc": "http://searchengineland.com/mobile-marketing-vs-store-sales-help-whats-correlation-275779", "row": 78, "column": 89, "tagName": "meta", "time": 8903.336794, "url": "", "pos": 1, "chunkLen": 1, "isStartTag": 1}}
06-28 11:03:55.199 12381 12394 E WProf.db: {"WprofHTMLTag": {"code": "0xb4cc7960", "doc": "http://searchengineland.com/mobile-marketing-vs-store-sales-help-whats-correlation-275779", "row": 79, "column": 61, "tagName": "meta", "time": 8903.336905, "url": "", "pos": 1, "chunkLen": 1, "isStartTag": 1}}
06-28 11:03:55.199 12381 12394 E WProf.db: {"WprofHTMLTag": {"code": "0xb4cc7990", "doc": "http://searchengineland.com/mobile-marketing-vs-store-sales-help-whats-correlation-275779", "row": 80, "column": 78, "tagName": "meta", "time": 8903.337019, "url": "", "pos": 1, "chunkLen": 1, "isStartTag": 1}}
06-28 11:03:55.199 12381 12394 E WProf.db: {"WprofHTMLTag": {"code": "0xb4cc79c0", "doc": "http://searchengineland.com/mobile-marketing-vs-store-sales-help-whats-correlation-275779", "row": 81, "column": 128, "tagName": "meta", "time": 8903.337126, "url": "", "pos": 1, "chunkLen": 1, "isStartTag": 1}}
06-28 11:03:55.199 12381 12394 E WProf.db: {"WprofHTMLTag": {"code": "0xb4cc79f0", "doc": "http://searchengineland.com/mobile-marketing-vs-store-sales-help-whats-correlation-275779", "row": 82, "column": 49, "tagName": "meta", "time": 8903.337234, "url": "", "pos": 1, "chunkLen": 1, "isStartTag": 1}}
06-28 11:03:55.199 12381 12394 E WProf.db: {"WprofHTMLTag": {"code": "0xb4cc7a20", "doc": "http://searchengineland.com/mobile-marketing-vs-store-sales-help-whats-correlation-275779", "row": 83, "column": 50, "tagName": "meta", "time": 8903.337342, "url": "", "pos": 1, "chunkLen": 1, "isStartTag": 1}}
06-28 11:03:55.199 12381 12394 E WProf.db: {"WprofHTMLTag": {"code": "0xb4cc7a50", "doc": "http://searchengineland.com/mobile-marketing-vs-store-sales-help-whats-correlation-275779", "row": 84, "column": 58, "tagName": "meta", "time": 8903.337449, "url": "", "pos": 1, "chunkLen": 1, "isStartTag": 1}}
06-28 11:03:55.199 12381 12394 E WProf.db: {"WprofHTMLTag": {"code": "0xb4cc7a80", "doc": "http://searchengineland.com/mobile-marketing-vs-store-sales-help-whats-correlation-275779", "row": 85, "column": 201, "tagName": "meta", "time": 8903.337559, "url": "", "pos": 1, "chunkLen": 1, "isStartTag": 1}}
06-28 11:03:55.200 12381 12394 E WProf.db: {"WprofHTMLTag": {"code": "0xb4cc7ab0", "doc": "http://searchengineland.com/mobile-marketing-vs-store-sales-help-whats-correlation-275779", "row": 86, "column": 106, "tagName": "meta", "time": 8903.337668, "url": "", "pos": 1, "chunkLen": 1, "isStartTag": 1}}
06-28 11:03:55.200 12381 12394 E WProf.db: {"WprofHTMLTag": {"code": "0xb4cc7ae0", "doc": "http://searchengineland.com/mobile-marketing-vs-store-sales-help-whats-correlation-275779", "row": 87, "column": 51, "tagName": "meta", "time": 8903.337792, "url": "", "pos": 1, "chunkLen": 1, "isStartTag": 1}}
06-28 11:03:55.200 12381 12394 E WProf.db: {"WprofHTMLTag": {"code": "0xb4cc7b10", "doc": "http://searchengineland.com/mobile-marketing-vs-store-sales-help-whats-correlation-275779", "row": 88, "column": 129, "tagName": "meta", "time": 8903.337901, "url": "", "pos": 1, "chunkLen": 1, "isStartTag": 1}}
06-28 11:03:55.200 12381 12394 E WProf.db: {"WprofHTMLTag": {"code": "0xb4cc7b40", "doc": "http://searchengineland.com/mobile-marketing-vs-store-sales-help-whats-correlation-275779", "row": 89, "column": 58, "tagName": "meta", "time": 8903.338017, "url": "", "pos": 1, "chunkLen": 1, "isStartTag": 1}}
06-28 11:03:55.200 12381 12394 E WProf.db: {"WprofHTMLTag": {"code": "0xb4cc7b70", "doc": "http://searchengineland.com/mobile-marketing-vs-store-sales-help-whats-correlation-275779", "row": 92, "column": 44, "tagName": "link", "time": 8903.338131, "url": "http://s.w.org/", "pos": 1, "chunkLen": 1, "isStartTag": 1}}
06-28 11:03:55.200 12381 12394 E WProf.db: {"WprofHTMLTag": {"code": "0xb4cc7ba0", "doc": "http://searchengineland.com/mobile-marketing-vs-store-sales-help-whats-correlation-275779", "row": 93, "column": 33, "tagName": "script", "time": 8903.338349, "url": "", "pos": 1, "chunkLen": 1, "isStartTag": 1}}
06-28 11:03:55.200 12381 12394 E WProf.db: {"WprofHTMLTag": {"code": "0xb4cc7bd0", "doc": "http://searchengineland.com/mobile-marketing-vs-store-sales-help-whats-correlation-275779", "row": 96, "column": 11, "tagName": "script", "time": 8903.338540, "url": "http://searchengineland.com/figz/wp-includes/js/wp-emoji-release.min.js?ver=4.7.5", "pos": 1, "chunkLen": 1, "isStartTag": 0}}
06-28 11:03:55.200 12381 12394 E WProf.db: {"WprofHTMLTag": {"code": "0x9c347900", "doc": "http://searchengineland.com/mobile-marketing-vs-store-sales-help-whats-correlation-275779", "row": 97, "column": 25, "tagName": "style", "time": 8904.002686, "url": "", "pos": 1, "chunkLen": 1, "isStartTag": 1}}
06-28 11:03:55.200 12381 12394 E WProf.db: {"WprofHTMLTag": {"code": "0x9c347930", "doc": "http://searchengineland.com/mobile-marketing-vs-store-sales-help-whats-correlation-275779", "row": 110, "column": 8, "tagName": "style", "time": 8904.002895, "url": "", "pos": 1, "chunkLen": 1, "isStartTag": 0}}
06-28 11:03:55.200 12381 12394 E WProf.db: {"WprofHTMLTag": {"code": "0x9c347960", "doc": "http://searchengineland.com/mobile-marketing-vs-store-sales-help-whats-correlation-275779", "row": 111, "column": 140, "tagName": "script", "time": 8904.005035, "url": "http://searchengineland.com/figz/wp-content/themes/searchengineland/js/lib/modernizr.custom.js?ver=1.0", "pos": 1, "chunkLen": 1, "isStartTag": 1}}
06-28 11:03:55.200 12381 12394 E WProf.db: {"WprofHTMLTag": {"code": "0x9c347990", "doc": "http://searchengineland.com/mobile-marketing-vs-store-sales-help-whats-correlation-275779", "row": 111, "column": 149, "tagName": "script", "time": 8904.005312, "url": "", "pos": 1, "chunkLen": 1, "isStartTag": 0}}
06-28 11:03:55.200 12381 12394 E WProf.db: {"WprofHTMLTag": {"code": "0x9c347a20", "doc": "http://searchengineland.com/mobile-marketing-vs-store-sales-help-whats-correlation-275779", "row": 112, "column": 144, "tagName": "script", "time": 8904.013978, "url": "http://searchengineland.com/figz/wp-content/themes/searchengineland/js/lib/jquery-1.11.0.min.js?ver=1.11.0", "pos": 1, "chunkLen": 1, "isStartTag": 1}}
06-28 11:03:55.201 12381 12394 E WProf.db: {"WprofHTMLTag": {"code": "0x9c347a50", "doc": "http://searchengineland.com/mobile-marketing-vs-store-sales-help-whats-correlation-275779", "row": 112, "column": 153, "tagName": "script", "time": 8904.014280, "url": "", "pos": 1, "chunkLen": 1, "isStartTag": 0}}
06-28 11:03:55.201 12381 12394 E WProf.db: {"WprofHTMLTag": {"code": "0xaedd5db0", "doc": "http://searchengineland.com/mobile-marketing-vs-store-sales-help-whats-correlation-275779", "row": 0, "column": 15, "tagName": "div", "time": 8904.078051, "url": "", "pos": 15, "chunkLen": 44, "isStartTag": 1}}
06-28 11:03:55.201 12381 12394 E WProf.db: {"WprofHTMLTag": {"code": "0xaedd5b40", "doc": "http://searchengineland.com/mobile-marketing-vs-store-sales-help-whats-correlation-275779", "row": 0, "column": 21, "tagName": "div", "time": 8904.078199, "url": "", "pos": 21, "chunkLen": 44, "isStartTag": 0}}
06-28 11:03:55.201 12381 12394 E WProf.db: {"WprofHTMLTag": {"code": "0xaedd5d80", "doc": "http://searchengineland.com/mobile-marketing-vs-store-sales-help-whats-correlation-275779", "row": 0, "column": 38, "tagName": "div", "time": 8904.078261, "url": "", "pos": 38, "chunkLen": 44, "isStartTag": 1}}
06-28 11:03:55.201 12381 12394 E WProf.db: {"WprofHTMLTag": {"code": "0xaedd5d50", "doc": "http://searchengineland.com/mobile-marketing-vs-store-sales-help-whats-correlation-275779", "row": 0, "column": 44, "tagName": "div", "time": 8904.078374, "url": "", "pos": 44, "chunkLen": 44, "isStartTag": 0}}
06-28 11:03:55.201 12381 12394 E WProf.db: {"WprofHTMLTag": {"code": "0xaedd5d20", "doc": "http://searchengineland.com/mobile-marketing-vs-store-sales-help-whats-correlation-275779", "row": 0, "column": 13, "tagName": "select", "time": 8904.079706, "url": "", "pos": 13, "chunkLen": 51, "isStartTag": 1}}
06-28 11:03:55.201 12381 12394 E WProf.db: {"WprofHTMLTag": {"code": "0x9c347a80", "doc": "http://searchengineland.com/mobile-marketing-vs-store-sales-help-whats-correlation-275779", "row": 0, "column": 33, "tagName": "option", "time": 8904.079884, "url": "", "pos": 33, "chunkLen": 51, "isStartTag": 1}}
06-28 11:03:55.201 12381 12394 E WProf.db: {"WprofHTMLTag": {"code": "0x9c347ab0", "doc": "http://searchengineland.com/mobile-marketing-vs-store-sales-help-whats-correlation-275779", "row": 0, "column": 42, "tagName": "option", "time": 8904.080146, "url": "", "pos": 42, "chunkLen": 51, "isStartTag": 0}}
06-28 11:03:55.201 12381 12394 E WProf.db: {"WprofHTMLTag": {"code": "0x9c347ae0", "doc": "http://searchengineland.com/mobile-marketing-vs-store-sales-help-whats-correlation-275779", "row": 0, "column": 51, "tagName": "select", "time": 8904.080206, "url": "", "pos": 51, "chunkLen": 51, "isStartTag": 0}}
06-28 11:03:55.201 12381 12394 E WProf.db: {"WprofHTMLTag": {"code": "0x9c347b10", "doc": "http://searchengineland.com/mobile-marketing-vs-store-sales-help-whats-correlation-275779", "row": 0, "column": 12, "tagName": "a", "time": 8904.085532, "url": "", "pos": 12, "chunkLen": 16, "isStartTag": 1}}
06-28 11:03:55.201 12381 12394 E WProf.db: {"WprofHTMLTag": {"code": "0x9c347b40", "doc": "http://searchengineland.com/mobile-marketing-vs-store-sales-help-whats-correlation-275779", "row": 0, "column": 16, "tagName": "a", "time": 8904.085706, "url": "", "pos": 16, "chunkLen": 16, "isStartTag": 0}}
06-28 11:03:55.201 12381 12394 E WProf.db: {"WprofHTMLTag": {"code": "0x9c347b70", "doc": "http://searchengineland.com/mobile-marketing-vs-store-sales-help-whats-correlation-275779", "row": 0, "column": 8, "tagName": "input", "time": 8904.086771, "url": "", "pos": 8, "chunkLen": 8, "isStartTag": 1}}
06-28 11:03:55.201 12381 12394 E WProf.db: {"WprofHTMLTag": {"code": "0x9c347ba0", "doc": "http://searchengineland.com/mobile-marketing-vs-store-sales-help-whats-correlation-275779", "row": 0, "column": 9, "tagName": "link", "time": 8904.095662, "url": "", "pos": 9, "chunkLen": 42, "isStartTag": 1}}
06-28 11:03:55.202 12381 12394 E WProf.db: {"WprofHTMLTag": {"code": "0x9c347bd0", "doc": "http://searchengineland.com/mobile-marketing-vs-store-sales-help-whats-correlation-275779", "row": 0, "column": 16, "tagName": "table", "time": 8904.095777, "url": "", "pos": 16, "chunkLen": 42, "isStartTag": 1}}
06-28 11:03:55.202 12381 12394 E WProf.db: {"WprofHTMLTag": {"code": "0x9c347c00", "doc": "http://searchengineland.com/mobile-marketing-vs-store-sales-help-whats-correlation-275779", "row": 0, "column": 24, "tagName": "table", "time": 8904.095891, "url": "", "pos": 24, "chunkLen": 42, "isStartTag": 0}}
06-28 11:03:55.202 12381 12394 E WProf.db: {"WprofHTMLTag": {"code": "0x9c347c30", "doc": "http://searchengineland.com/mobile-marketing-vs-store-sales-help-whats-correlation-275779", "row": 0, "column": 37, "tagName": "a", "time": 8904.095958, "url": "", "pos": 37, "chunkLen": 42, "isStartTag": 1}}
06-28 11:03:55.202 12381 12394 E WProf.db: {"WprofHTMLTag": {"code": "0x9c347c60", "doc": "http://searchengineland.com/mobile-marketing-vs-store-sales-help-whats-correlation-275779", "row": 0, "column": 42, "tagName": "a", "time": 8904.096128, "url": "", "pos": 42, "chunkLen": 42, "isStartTag": 0}}
06-28 11:03:55.202 12381 12394 E WProf.db: {"WprofHTMLTag": {"code": "0x9c347cf0", "doc": "http://searchengineland.com/mobile-marketing-vs-store-sales-help-whats-correlation-275779", "row": 0, "column": 10, "tagName": "textarea", "time": 8904.097243, "url": "", "pos": 10, "chunkLen": 22, "isStartTag": 1}}
06-28 11:03:55.202 12381 12394 E WProf.db: {"WprofHTMLTag": {"code": "0x9c347d20", "doc": "http://searchengineland.com/mobile-marketing-vs-store-sales-help-whats-correlation-275779", "row": 0, "column": 22, "tagName": "textarea", "time": 8904.097433, "url": "", "pos": 22, "chunkLen": 22, "isStartTag": 0}}
06-28 11:03:55.202 12381 12394 E WProf.db: {"WprofHTMLTag": {"code": "0x9c347d50", "doc": "http://searchengineland.com/mobile-marketing-vs-store-sales-help-whats-correlation-275779", "row": 0, "column": 48, "tagName": "input", "time": 8904.099418, "url": "", "pos": 48, "chunkLen": 48, "isStartTag": 1}}
06-28 11:03:55.202 12381 12394 E WProf.db: {"WprofHTMLTag": {"code": "0x9c347db0", "doc": "http://searchengineland.com/mobile-marketing-vs-store-sales-help-whats-correlation-275779", "row": 0, "column": 9, "tagName": "link", "time": 8904.105073, "url": "", "pos": 9, "chunkLen": 66, "isStartTag": 1}}
06-28 11:03:55.202 12381 12394 E WProf.db: {"WprofHTMLTag": {"code": "0x9c347de0", "doc": "http://searchengineland.com/mobile-marketing-vs-store-sales-help-whats-correlation-275779", "row": 0, "column": 16, "tagName": "table", "time": 8904.105197, "url": "", "pos": 16, "chunkLen": 66, "isStartTag": 1}}
06-28 11:03:55.202 12381 12394 E WProf.db: {"WprofHTMLTag": {"code": "0x9c347e10", "doc": "http://searchengineland.com/mobile-marketing-vs-store-sales-help-whats-correlation-275779", "row": 0, "column": 24, "tagName": "table", "time": 8904.105271, "url": "", "pos": 24, "chunkLen": 66, "isStartTag": 0}}
06-28 11:03:55.202 12381 12394 E WProf.db: {"WprofHTMLTag": {"code": "0x9c347e40", "doc": "http://searchengineland.com/mobile-marketing-vs-store-sales-help-whats-correlation-275779", "row": 0, "column": 37, "tagName": "a", "time": 8904.105342, "url": "", "pos": 37, "chunkLen": 66, "isStartTag": 1}}
06-28 11:03:55.202 12381 12394 E WProf.db: {"WprofHTMLTag": {"code": "0x9c347e70", "doc": "http://searchengineland.com/mobile-marketing-vs-store-sales-help-whats-correlation-275779", "row": 0, "column": 42, "tagName": "a", "time": 8904.105527, "url": "", "pos": 42, "chunkLen": 66, "isStartTag": 0}}
06-28 11:03:55.203 12381 12394 E WProf.db: {"WprofHTMLTag": {"code": "0x9c347ea0", "doc": "http://searchengineland.com/mobile-marketing-vs-store-sales-help-whats-correlation-275779", "row": 0, "column": 66, "tagName": "input", "time": 8904.105592, "url": "", "pos": 66, "chunkLen": 66, "isStartTag": 1}}
06-28 11:03:55.203 12381 12394 E WProf.db: {"WprofHTMLTag": {"code": "0x9c347f30", "doc": "http://searchengineland.com/mobile-marketing-vs-store-sales-help-whats-correlation-275779", "row": 0, "column": 9, "tagName": "link", "time": 8904.107419, "url": "", "pos": 9, "chunkLen": 66, "isStartTag": 1}}
06-28 11:03:55.203 12381 12394 E WProf.db: {"WprofHTMLTag": {"code": "0x9c347f60", "doc": "http://searchengineland.com/mobile-marketing-vs-store-sales-help-whats-correlation-275779", "row": 0, "column": 16, "tagName": "table", "time": 8904.107523, "url": "", "pos": 16, "chunkLen": 66, "isStartTag": 1}}
06-28 11:03:55.203 12381 12394 E WProf.db: {"WprofHTMLTag": {"code": "0x9c347f90", "doc": "http://searchengineland.com/mobile-marketing-vs-store-sales-help-whats-correlation-275779", "row": 0, "column": 24, "tagName": "table", "time": 8904.107590, "url": "", "pos": 24, "chunkLen": 66, "isStartTag": 0}}
06-28 11:03:55.203 12381 12394 E WProf.db: {"WprofHTMLTag": {"code": "0x9c347fc0", "doc": "http://searchengineland.com/mobile-marketing-vs-store-sales-help-whats-correlation-275779", "row": 0, "column": 37, "tagName": "a", "time": 8904.107650, "url": "", "pos": 37, "chunkLen": 66, "isStartTag": 1}}
06-28 11:03:55.203 12381 12394 E WProf.db: {"WprofHTMLTag": {"code": "0x9c347ff0", "doc": "http://searchengineland.com/mobile-marketing-vs-store-sales-help-whats-correlation-275779", "row": 0, "column": 42, "tagName": "a", "time": 8904.107812, "url": "", "pos": 42, "chunkLen": 66, "isStartTag": 0}}
06-28 11:03:55.203 12381 12394 E WProf.db: {"WprofHTMLTag": {"code": "0x9c348020", "doc": "http://searchengineland.com/mobile-marketing-vs-store-sales-help-whats-correlation-275779", "row": 0, "column": 66, "tagName": "input", "time": 8904.107887, "url": "", "pos": 66, "chunkLen": 66, "isStartTag": 1}}
06-28 11:03:55.203 12381 12394 E WProf.db: {"WprofHTMLTag": {"code": "0x9c348080", "doc": "http://searchengineland.com/mobile-marketing-vs-store-sales-help-whats-correlation-275779", "row": 0, "column": 9, "tagName": "link", "time": 8904.112671, "url": "", "pos": 9, "chunkLen": 66, "isStartTag": 1}}
06-28 11:03:55.203 12381 12394 E WProf.db: {"WprofHTMLTag": {"code": "0x9c3480b0", "doc": "http://searchengineland.com/mobile-marketing-vs-store-sales-help-whats-correlation-275779", "row": 0, "column": 16, "tagName": "table", "time": 8904.112784, "url": "", "pos": 16, "chunkLen": 66, "isStartTag": 1}}
06-28 11:03:55.203 12381 12394 E WProf.db: {"WprofHTMLTag": {"code": "0x9c3480e0", "doc": "http://searchengineland.com/mobile-marketing-vs-store-sales-help-whats-correlation-275779", "row": 0, "column": 24, "tagName": "table", "time": 8904.112851, "url": "", "pos": 24, "chunkLen": 66, "isStartTag": 0}}
06-28 11:03:55.203 12381 12394 E WProf.db: {"WprofHTMLTag": {"code": "0x9c348110", "doc": "http://searchengineland.com/mobile-marketing-vs-store-sales-help-whats-correlation-275779", "row": 0, "column": 37, "tagName": "a", "time": 8904.112912, "url": "", "pos": 37, "chunkLen": 66, "isStartTag": 1}}
06-28 11:03:55.203 12381 12394 E WProf.db: {"WprofHTMLTag": {"code": "0x9c348140", "doc": "http://searchengineland.com/mobile-marketing-vs-store-sales-help-whats-correlation-275779", "row": 0, "column": 42, "tagName": "a", "time": 8904.113081, "url": "", "pos": 42, "chunkLen": 66, "isStartTag": 0}}
06-28 11:03:55.203 12381 12394 E WProf.db: {"WprofHTMLTag": {"code": "0x9c348170", "doc": "http://searchengineland.com/mobile-marketing-vs-store-sales-help-whats-correlation-275779", "row": 0, "column": 66, "tagName": "input", "time": 8904.113141, "url": "", "pos": 66, "chunkLen": 66, "isStartTag": 1}}
06-28 11:03:55.204 12381 12394 E WProf.db: {"WprofHTMLTag": {"code": "0x9c3479f0", "doc": "http://searchengineland.com/mobile-marketing-vs-store-sales-help-whats-correlation-275779", "row": 113, "column": 154, "tagName": "script", "time": 8904.125933, "url": "http://searchengineland.com/figz/wp-content/themes/searchengineland/js/lib/jquery-ui-1.10.3.custom.min.js?ver=1.10.3", "pos": 67, "chunkLen": 67, "isStartTag": 1}}
06-28 11:03:55.204 12381 12394 E WProf.db: {"WprofHTMLTag": {"code": "0x9c348290", "doc": "http://searchengineland.com/mobile-marketing-vs-store-sales-help-whats-correlation-275779", "row": 113, "column": 163, "tagName": "script", "time": 8904.126201, "url": "", "pos": 67, "chunkLen": 67, "isStartTag": 0}}
06-28 11:03:55.204 12381 12394 E WProf.db: {"WprofHTMLTag": {"code": "0xaedd5f60", "doc": "http://searchengineland.com/mobile-marketing-vs-store-sales-help-whats-correlation-275779", "row": 0, "column": 111, "tagName": "div", "time": 8904.315671, "url": "", "pos": 111, "chunkLen": 117, "isStartTag": 1}}
06-28 11:03:55.204 12381 12394 E WProf.db: {"WprofHTMLTag": {"code": "0xaedd5f30", "doc": "http://searchengineland.com/mobile-marketing-vs-store-sales-help-whats-correlation-275779", "row": 0, "column": 117, "tagName": "div", "time": 8904.315921, "url": "", "pos": 117, "chunkLen": 117, "isStartTag": 0}}
06-28 11:03:55.204 12381 12394 E WProf.db: {"WprofHTMLTag": {"code": "0x9c348530", "doc": "http://searchengineland.com/mobile-marketing-vs-store-sales-help-whats-correlation-275779", "row": 114, "column": 155, "tagName": "script", "time": 8904.366159, "url": "http://searchengineland.com/figz/wp-content/themes/searchengineland/js/lib/jquery.ba-throttle-debounce.min.js?ver=1.1", "pos": 118, "chunkLen": 118, "isStartTag": 1}}
06-28 11:03:55.204 12381 12394 E WProf.db: {"WprofHTMLTag": {"code": "0x9c348560", "doc": "http://searchengineland.com/mobile-marketing-vs-store-sales-help-whats-correlation-275779", "row": 114, "column": 164, "tagName": "script", "time": 8904.366547, "url": "", "pos": 118, "chunkLen": 118, "isStartTag": 0}}
06-28 11:03:55.204 12381 12394 E WProf.db: {"WprofHTMLTag": {"code": "0x9c348590", "doc": "http://searchengineland.com/mobile-marketing-vs-store-sales-help-whats-correlation-275779", "row": 115, "column": 146, "tagName": "script", "time": 8904.368182, "url": "http://searchengineland.com/figz/wp-content/themes/searchengineland/js/lib/jquery.countdown.min.js?ver=2.0.4", "pos": 118, "chunkLen": 118, "isStartTag": 1}}
