06-28 12:50:15.468 18132 18145 E WProf.db: {"WprofHTMLTag": {"code": "0xaa1b1730", "doc": "https://searchengineland-com.cdn.ampproject.org/c/searchengineland.com/much-happy-customer-worth-271868/amp", "row": 754, "column": 228, "tagName": "a", "time": 15290.212259, "url": "", "pos": 1, "chunkLen": 1, "isStartTag": 0}}
06-28 12:50:15.469 18132 18145 E WProf.db: {"WprofHTMLTag": {"code": "0xaa1b1760", "doc": "https://searchengineland-com.cdn.ampproject.org/c/searchengineland.com/much-happy-customer-worth-271868/amp", "row": 754, "column": 233, "tagName": "li", "time": 15290.212270, "url": "", "pos": 1, "chunkLen": 1, "isStartTag": 0}}
06-28 12:50:15.469 18132 18145 E WProf.db: {"WprofHTMLTag": {"code": "0xaa1b1790", "doc": "https://searchengineland-com.cdn.ampproject.org/c/searchengineland.com/much-happy-customer-worth-271868/amp", "row": 755, "column": 7, "tagName": "li", "time": 15290.212284, "url": "", "pos": 1, "chunkLen": 1, "isStartTag": 1}}
06-28 12:50:15.469 18132 18145 E WProf.db: {"WprofHTMLTag": {"code": "0xaa1b17c0", "doc": "https://searchengineland-com.cdn.ampproject.org/c/searchengineland.com/much-happy-customer-worth-271868/amp", "row": 755, "column": 198, "tagName": "a", "time": 15290.212315, "url": "", "pos": 1, "chunkLen": 1, "isStartTag": 1}}
06-28 12:50:15.469 18132 18145 E WProf.db: {"WprofHTMLTag": {"code": "0xaa1b1820", "doc": "https://searchengineland-com.cdn.ampproject.org/c/searchengineland.com/much-happy-customer-worth-271868/amp", "row": 755, "column": 242, "tagName": "a", "time": 15290.212508, "url": "", "pos": 1, "chunkLen": 1, "isStartTag": 0}}
06-28 12:50:15.469 18132 18145 E WProf.db: {"WprofHTMLTag": {"code": "0xaa1b1850", "doc": "https://searchengineland-com.cdn.ampproject.org/c/searchengineland.com/much-happy-customer-worth-271868/amp", "row": 755, "column": 247, "tagName": "li", "time": 15290.212522, "url": "", "pos": 1, "chunkLen": 1, "isStartTag": 0}}
06-28 12:50:15.469 18132 18145 E WProf.db: {"WprofHTMLTag": {"code": "0xaa1b1880", "doc": "https://searchengineland-com.cdn.ampproject.org/c/searchengineland.com/much-happy-customer-worth-271868/amp", "row": 756, "column": 7, "tagName": "li", "time": 15290.212540, "url": "", "pos": 1, "chunkLen": 1, "isStartTag": 1}}
06-28 12:50:15.469 18132 18145 E WProf.db: {"WprofHTMLTag": {"code": "0xaa1b18b0", "doc": "https://searchengineland-com.cdn.ampproject.org/c/searchengineland.com/much-happy-customer-worth-271868/amp", "row": 756, "column": 178, "tagName": "a", "time": 15290.212568, "url": "", "pos": 1, "chunkLen": 1, "isStartTag": 1}}
06-28 12:50:15.469 18132 18145 E WProf.db: {"WprofHTMLTag": {"code": "0xaa1b1910", "doc": "https://searchengineland-com.cdn.ampproject.org/c/searchengineland.com/much-happy-customer-worth-271868/amp", "row": 756, "column": 216, "tagName": "a", "time": 15290.212737, "url": "", "pos": 1, "chunkLen": 1, "isStartTag": 0}}
06-28 12:50:15.469 18132 18145 E WProf.db: {"WprofHTMLTag": {"code": "0xaa1b1940", "doc": "https://searchengineland-com.cdn.ampproject.org/c/searchengineland.com/much-happy-customer-worth-271868/amp", "row": 756, "column": 221, "tagName": "li", "time": 15290.212748, "url": "", "pos": 1, "chunkLen": 1, "isStartTag": 0}}
06-28 12:50:15.469 18132 18145 E WProf.db: {"WprofHTMLTag": {"code": "0xaa1b1970", "doc": "https://searchengineland-com.cdn.ampproject.org/c/searchengineland.com/much-happy-customer-worth-271868/amp", "row": 757, "column": 7, "tagName": "li", "time": 15290.212762, "url": "", "pos": 1, "chunkLen": 1, "isStartTag": 1}}
06-28 12:50:15.469 18132 18145 E WProf.db: {"WprofHTMLTag": {"code": "0xaa1b19a0", "doc": "https://searchengineland-com.cdn.ampproject.org/c/searchengineland.com/much-happy-customer-worth-271868/amp", "row": 757, "column": 199, "tagName": "a", "time": 15290.212787, "url": "", "pos": 1, "chunkLen": 1, "isStartTag": 1}}
06-28 12:50:15.469 18132 18145 E WProf.db: {"WprofHTMLTag": {"code": "0xaa1b1a00", "doc": "https://searchengineland-com.cdn.ampproject.org/c/searchengineland.com/much-happy-customer-worth-271868/amp", "row": 757, "column": 216, "tagName": "a", "time": 15290.212994, "url": "", "pos": 1, "chunkLen": 1, "isStartTag": 0}}
06-28 12:50:15.469 18132 18145 E WProf.db: {"WprofHTMLTag": {"code": "0xaa1b1a30", "doc": "https://searchengineland-com.cdn.ampproject.org/c/searchengineland.com/much-happy-customer-worth-271868/amp", "row": 757, "column": 221, "tagName": "li", "time": 15290.213006, "url": "", "pos": 1, "chunkLen": 1, "isStartTag": 0}}
06-28 12:50:15.470 18132 18145 E WProf.db: {"WprofHTMLTag": {"code": "0xaa1b1a60", "doc": "https://searchengineland-com.cdn.ampproject.org/c/searchengineland.com/much-happy-customer-worth-271868/amp", "row": 758, "column": 7, "tagName": "ul", "time": 15290.213021, "url": "", "pos": 1, "chunkLen": 1, "isStartTag": 0}}
06-28 12:50:15.470 18132 18145 E WProf.db: {"WprofHTMLTag": {"code": "0xaa1b1a90", "doc": "https://searchengineland-com.cdn.ampproject.org/c/searchengineland.com/much-happy-customer-worth-271868/amp", "row": 759, "column": 7, "tagName": "div", "time": 15290.213038, "url": "", "pos": 1, "chunkLen": 1, "isStartTag": 0}}
06-28 12:50:15.470 18132 18145 E WProf.db: {"WprofHTMLTag": {"code": "0xaa1b1ac0", "doc": "https://searchengineland-com.cdn.ampproject.org/c/searchengineland.com/much-happy-customer-worth-271868/amp", "row": 760, "column": 128, "tagName": "a", "time": 15290.213061, "url": "", "pos": 1, "chunkLen": 1, "isStartTag": 1}}
06-28 12:50:15.470 18132 18145 E WProf.db: {"WprofHTMLTag": {"code": "0xaa1b1af0", "doc": "https://searchengineland-com.cdn.ampproject.org/c/searchengineland.com/much-happy-customer-worth-271868/amp", "row": 760, "column": 149, "tagName": "a", "time": 15290.213313, "url": "", "pos": 1, "chunkLen": 1, "isStartTag": 0}}
06-28 12:50:15.470 18132 18145 E WProf.db: {"WprofHTMLTag": {"code": "0xaa1b1b20", "doc": "https://searchengineland-com.cdn.ampproject.org/c/searchengineland.com/much-happy-customer-worth-271868/amp", "row": 761, "column": 6, "tagName": "div", "time": 15290.213331, "url": "", "pos": 1, "chunkLen": 1, "isStartTag": 0}}
06-28 12:50:15.470 18132 18145 E WProf.db: {"WprofHTMLTag": {"code": "0xaa1b1b50", "doc": "https://searchengineland-com.cdn.ampproject.org/c/searchengineland.com/much-happy-customer-worth-271868/amp", "row": 764, "column": 10, "tagName": "div", "time": 15290.213347, "url": "", "pos": 1, "chunkLen": 1, "isStartTag": 0}}
06-28 12:50:15.470 18132 18145 E WProf.db: {"WprofHTMLTag": {"code": "0xaa1b1b80", "doc": "https://searchengineland-com.cdn.ampproject.org/c/searchengineland.com/much-happy-customer-worth-271868/amp", "row": 766, "column": 11, "tagName": "aside", "time": 15290.213364, "url": "", "pos": 1, "chunkLen": 1, "isStartTag": 0}}
06-28 12:50:15.470 18132 18145 E WProf.db: {"WprofHTMLTag": {"code": "0xaa1b1bb0", "doc": "https://searchengineland-com.cdn.ampproject.org/c/searchengineland.com/much-happy-customer-worth-271868/amp", "row": 767, "column": 11, "tagName": "center", "time": 15290.213380, "url": "", "pos": 1, "chunkLen": 1, "isStartTag": 1}}
06-28 12:50:15.470 18132 18145 E WProf.db: {"WprofHTMLTag": {"code": "0xaa1b1be0", "doc": "https://searchengineland-com.cdn.ampproject.org/c/searchengineland.com/much-happy-customer-worth-271868/amp", "row": 768, "column": 30, "tagName": "div", "time": 15290.213406, "url": "", "pos": 1, "chunkLen": 1, "isStartTag": 1}}
06-28 12:50:15.470 18132 18145 E WProf.db: {"WprofHTMLTag": {"code": "0xaa1b1c10", "doc": "https://searchengineland-com.cdn.ampproject.org/c/searchengineland.com/much-happy-customer-worth-271868/amp", "row": 769, "column": 34, "tagName": "div", "time": 15290.213489, "url": "", "pos": 1, "chunkLen": 1, "isStartTag": 1}}
06-28 12:50:15.470 18132 18145 E WProf.db: {"WprofHTMLTag": {"code": "0xaa1b1c40", "doc": "https://searchengineland-com.cdn.ampproject.org/c/searchengineland.com/much-happy-customer-worth-271868/amp", "row": 770, "column": 67, "tagName": "a", "time": 15290.213579, "url": "", "pos": 1, "chunkLen": 1, "isStartTag": 1}}
06-28 12:50:15.470 18132 18145 E WProf.db: {"WprofHTMLTag": {"code": "0xaa1b1ca0", "doc": "https://searchengineland-com.cdn.ampproject.org/c/searchengineland.com/much-happy-customer-worth-271868/amp", "row": 771, "column": 171, "tagName": "amp-img", "time": 15290.213867, "url": "", "pos": 1, "chunkLen": 1, "isStartTag": 1}}
06-28 12:50:15.470 18132 18145 E WProf.db: {"WprofHTMLTag": {"code": "0xaa1b1cd0", "doc": "https://searchengineland-com.cdn.ampproject.org/c/searchengineland.com/much-happy-customer-worth-271868/amp", "row": 772, "column": 16, "tagName": "amp-img", "time": 15290.214184, "url": "", "pos": 1, "chunkLen": 1, "isStartTag": 0}}
06-28 12:50:15.470 18132 18145 E WProf.db: {"WprofHTMLTag": {"code": "0xaa1b1d00", "doc": "https://searchengineland-com.cdn.ampproject.org/c/searchengineland.com/much-happy-customer-worth-271868/amp", "row": 772, "column": 20, "tagName": "a", "time": 15290.214197, "url": "", "pos": 1, "chunkLen": 1, "isStartTag": 0}}
06-28 12:50:15.471 18132 18145 E WProf.db: {"WprofHTMLTag": {"code": "0xaa1b1d30", "doc": "https://searchengineland-com.cdn.ampproject.org/c/searchengineland.com/much-happy-customer-worth-271868/amp", "row": 773, "column": 34, "tagName": "div", "time": 15290.214214, "url": "", "pos": 1, "chunkLen": 1, "isStartTag": 1}}
06-28 12:50:15.471 18132 18145 E WProf.db: {"WprofHTMLTag": {"code": "0xaa1b1d60", "doc": "https://searchengineland-com.cdn.ampproject.org/c/searchengineland.com/much-happy-customer-worth-271868/amp", "row": 774, "column": 123, "tagName": "a", "time": 15290.214298, "url": "", "pos": 1, "chunkLen": 1, "isStartTag": 1}}
06-28 12:50:15.471 18132 18145 E WProf.db: {"WprofHTMLTag": {"code": "0xaa1b1dc0", "doc": "https://searchengineland-com.cdn.ampproject.org/c/searchengineland.com/much-happy-customer-worth-271868/amp", "row": 775, "column": 192, "tagName": "amp-img", "time": 15290.214482, "url": "", "pos": 1, "chunkLen": 1, "isStartTag": 1}}
06-28 12:50:15.471 18132 18145 E WProf.db: {"WprofHTMLTag": {"code": "0xaa1b1df0", "doc": "https://searchengineland-com.cdn.ampproject.org/c/searchengineland.com/much-happy-customer-worth-271868/amp", "row": 776, "column": 17, "tagName": "amp-img", "time": 15290.214688, "url": "", "pos": 1, "chunkLen": 1, "isStartTag": 0}}
06-28 12:50:15.471 18132 18145 E WProf.db: {"WprofHTMLTag": {"code": "0xaa1b1e20", "doc": "https://searchengineland-com.cdn.ampproject.org/c/searchengineland.com/much-happy-customer-worth-271868/amp", "row": 776, "column": 21, "tagName": "a", "time": 15290.214700, "url": "", "pos": 1, "chunkLen": 1, "isStartTag": 0}}
06-28 12:50:15.471 18132 18145 E WProf.db: {"WprofHTMLTag": {"code": "0xaa1b1e50", "doc": "https://searchengineland-com.cdn.ampproject.org/c/searchengineland.com/much-happy-customer-worth-271868/amp", "row": 777, "column": 118, "tagName": "a", "time": 15290.214717, "url": "", "pos": 1, "chunkLen": 1, "isStartTag": 1}}
06-28 12:50:15.471 18132 18145 E WProf.db: {"WprofHTMLTag": {"code": "0xaa1b1eb0", "doc": "https://searchengineland-com.cdn.ampproject.org/c/searchengineland.com/much-happy-customer-worth-271868/amp", "row": 778, "column": 198, "tagName": "amp-img", "time": 15290.214890, "url": "", "pos": 1, "chunkLen": 1, "isStartTag": 1}}
06-28 12:50:15.471 18132 18145 E WProf.db: {"WprofHTMLTag": {"code": "0xaa1b1ee0", "doc": "https://searchengineland-com.cdn.ampproject.org/c/searchengineland.com/much-happy-customer-worth-271868/amp", "row": 779, "column": 17, "tagName": "amp-img", "time": 15290.215098, "url": "", "pos": 1, "chunkLen": 1, "isStartTag": 0}}
06-28 12:50:15.471 18132 18145 E WProf.db: {"WprofHTMLTag": {"code": "0xaa1b1f10", "doc": "https://searchengineland-com.cdn.ampproject.org/c/searchengineland.com/much-happy-customer-worth-271868/amp", "row": 779, "column": 21, "tagName": "a", "time": 15290.215111, "url": "", "pos": 1, "chunkLen": 1, "isStartTag": 0}}
06-28 12:50:15.471 18132 18145 E WProf.db: {"WprofHTMLTag": {"code": "0xaa1b1f40", "doc": "https://searchengineland-com.cdn.ampproject.org/c/searchengineland.com/much-happy-customer-worth-271868/amp", "row": 780, "column": 12, "tagName": "div", "time": 15290.215124, "url": "", "pos": 1, "chunkLen": 1, "isStartTag": 0}}
06-28 12:50:15.472 18132 18145 E WProf.db: {"WprofHTMLTag": {"code": "0xaa1b1f70", "doc": "https://searchengineland-com.cdn.ampproject.org/c/searchengineland.com/much-happy-customer-worth-271868/amp", "row": 781, "column": 11, "tagName": "div", "time": 15290.215140, "url": "", "pos": 1, "chunkLen": 1, "isStartTag": 0}}
06-28 12:50:15.472 18132 18145 E WProf.db: {"WprofHTMLTag": {"code": "0xaa1b1fa0", "doc": "https://searchengineland-com.cdn.ampproject.org/c/searchengineland.com/much-happy-customer-worth-271868/amp", "row": 782, "column": 35, "tagName": "div", "time": 15290.215158, "url": "", "pos": 1, "chunkLen": 1, "isStartTag": 1}}
06-28 12:50:15.472 18132 18145 E WProf.db: {"WprofHTMLTag": {"code": "0xaa1b1fd0", "doc": "https://searchengineland-com.cdn.ampproject.org/c/searchengineland.com/much-happy-customer-worth-271868/amp", "row": 783, "column": 70, "tagName": "a", "time": 15290.215235, "url": "", "pos": 1, "chunkLen": 1, "isStartTag": 1}}
06-28 12:50:15.472 18132 18145 E WProf.db: {"WprofHTMLTag": {"code": "0xaa1b2030", "doc": "https://searchengineland-com.cdn.ampproject.org/c/searchengineland.com/much-happy-customer-worth-271868/amp", "row": 784, "column": 176, "tagName": "amp-img", "time": 15290.215412, "url": "", "pos": 1, "chunkLen": 1, "isStartTag": 1}}
06-28 12:50:15.472 18132 18145 E WProf.db: {"WprofHTMLTag": {"code": "0xaa1b2060", "doc": "https://searchengineland-com.cdn.ampproject.org/c/searchengineland.com/much-happy-customer-worth-271868/amp", "row": 785, "column": 16, "tagName": "amp-img", "time": 15290.215684, "url": "", "pos": 1, "chunkLen": 1, "isStartTag": 0}}
06-28 12:50:15.473 18132 18145 E WProf.db: {"WprofHTMLTag": {"code": "0xaa1b2090", "doc": "https://searchengineland-com.cdn.ampproject.org/c/searchengineland.com/much-happy-customer-worth-271868/amp", "row": 785, "column": 20, "tagName": "a", "time": 15290.215697, "url": "", "pos": 1, "chunkLen": 1, "isStartTag": 0}}
06-28 12:50:15.473 18132 18145 E WProf.db: {"WprofHTMLTag": {"code": "0xaa1b20c0", "doc": "https://searchengineland-com.cdn.ampproject.org/c/searchengineland.com/much-happy-customer-worth-271868/amp", "row": 786, "column": 58, "tagName": "div", "time": 15290.215713, "url": "", "pos": 1, "chunkLen": 1, "isStartTag": 1}}
06-28 12:50:15.473 18132 18145 E WProf.db: {"WprofHTMLTag": {"code": "0xaa1b20f0", "doc": "https://searchengineland-com.cdn.ampproject.org/c/searchengineland.com/much-happy-customer-worth-271868/amp", "row": 787, "column": 126, "tagName": "a", "time": 15290.215800, "url": "", "pos": 1, "chunkLen": 1, "isStartTag": 1}}
06-28 12:50:15.473 18132 18145 E WProf.db: {"WprofHTMLTag": {"code": "0xaa1b2150", "doc": "https://searchengineland-com.cdn.ampproject.org/c/searchengineland.com/much-happy-customer-worth-271868/amp", "row": 788, "column": 196, "tagName": "amp-img", "time": 15290.215973, "url": "", "pos": 1, "chunkLen": 1, "isStartTag": 1}}
06-28 12:50:15.473 18132 18145 E WProf.db: {"WprofHTMLTag": {"code": "0xaa1b2180", "doc": "https://searchengineland-com.cdn.ampproject.org/c/searchengineland.com/much-happy-customer-worth-271868/amp", "row": 789, "column": 16, "tagName": "amp-img", "time": 15290.216197, "url": "", "pos": 1, "chunkLen": 1, "isStartTag": 0}}
06-28 12:50:15.473 18132 18145 E WProf.db: {"WprofHTMLTag": {"code": "0xaa1b21b0", "doc": "https://searchengineland-com.cdn.ampproject.org/c/searchengineland.com/much-happy-customer-worth-271868/amp", "row": 789, "column": 20, "tagName": "a", "time": 15290.216209, "url": "", "pos": 1, "chunkLen": 1, "isStartTag": 0}}
06-28 12:50:15.473 18132 18145 E WProf.db: {"WprofHTMLTag": {"code": "0xaa1b21e0", "doc": "https://searchengineland-com.cdn.ampproject.org/c/searchengineland.com/much-happy-customer-worth-271868/amp", "row": 790, "column": 130, "tagName": "a", "time": 15290.216226, "url": "", "pos": 1, "chunkLen": 1, "isStartTag": 1}}
06-28 12:50:15.474 18064 18112 E chromium: [ERROR:gles2_cmd_decoder.cc(3852)] [.ChromiumCompositor-0xacbb2fc0]GL ERROR :GL_INVALID_ENUM : glDiscardFramebufferEXT: attachments was GL_COLOR_EXT
06-28 12:50:15.475 18132 18145 E WProf.db: {"WprofHTMLTag": {"code": "0xaa1b2240", "doc": "https://searchengineland-com.cdn.ampproject.org/c/searchengineland.com/much-happy-customer-worth-271868/amp", "row": 791, "column": 202, "tagName": "amp-img", "time": 15290.216394, "url": "", "pos": 1, "chunkLen": 1, "isStartTag": 1}}
06-28 12:50:15.475 18132 18145 E WProf.db: {"WprofHTMLTag": {"code": "0xaa1b2270", "doc": "https://searchengineland-com.cdn.ampproject.org/c/searchengineland.com/much-happy-customer-worth-271868/amp", "row": 792, "column": 16, "tagName": "amp-img", "time": 15290.216593, "url": "", "pos": 1, "chunkLen": 1, "isStartTag": 0}}
06-28 12:50:15.477 18132 18145 E WProf.db: {"WprofHTMLTag": {"code": "0xaa1b22a0", "doc": "https://searchengineland-com.cdn.ampproject.org/c/searchengineland.com/much-happy-customer-worth-271868/amp", "row": 792, "column": 20, "tagName": "a", "time": 15290.216604, "url": "", "pos": 1, "chunkLen": 1, "isStartTag": 0}}
06-28 12:50:15.477 18132 18145 E WProf.db: {"WprofHTMLTag": {"code": "0xaa1b22d0", "doc": "https://searchengineland-com.cdn.ampproject.org/c/searchengineland.com/much-happy-customer-worth-271868/amp", "row": 793, "column": 11, "tagName": "div", "time": 15290.216618, "url": "", "pos": 1, "chunkLen": 1, "isStartTag": 0}}
06-28 12:50:15.477 18132 18145 E WProf.db: {"WprofHTMLTag": {"code": "0xaa1b2300", "doc": "https://searchengineland-com.cdn.ampproject.org/c/searchengineland.com/much-happy-customer-worth-271868/amp", "row": 794, "column": 11, "tagName": "div", "time": 15290.216634, "url": "", "pos": 1, "chunkLen": 1, "isStartTag": 0}}
06-28 12:50:15.477 18132 18145 E WProf.db: {"WprofHTMLTag": {"code": "0xaa1b2330", "doc": "https://searchengineland-com.cdn.ampproject.org/c/searchengineland.com/much-happy-customer-worth-271868/amp", "row": 794, "column": 17, "tagName": "div", "time": 15290.216648, "url": "", "pos": 1, "chunkLen": 1, "isStartTag": 0}}
06-28 12:50:15.477 18132 18145 E WProf.db: {"WprofHTMLTag": {"code": "0xaa1b2360", "doc": "https://searchengineland-com.cdn.ampproject.org/c/searchengineland.com/much-happy-customer-worth-271868/amp", "row": 794, "column": 26, "tagName": "center", "time": 15290.216656, "url": "", "pos": 1, "chunkLen": 1, "isStartTag": 0}}
06-28 12:50:15.478 18132 18145 E WProf.db: {"WprofHTMLTag": {"code": "0xaa1b2390", "doc": "https://searchengineland-com.cdn.ampproject.org/c/searchengineland.com/much-happy-customer-worth-271868/amp", "row": 796, "column": 25, "tagName": "div", "time": 15290.216672, "url": "", "pos": 1, "chunkLen": 1, "isStartTag": 1}}
06-28 12:50:15.478 18132 18145 E WProf.db: {"WprofHTMLTag": {"code": "0xaa1b23c0", "doc": "https://searchengineland-com.cdn.ampproject.org/c/searchengineland.com/much-happy-customer-worth-271868/amp", "row": 797, "column": 8, "tagName": "p", "time": 15290.216746, "url": "", "pos": 1, "chunkLen": 1, "isStartTag": 1}}
06-28 12:50:15.480 18132 18145 E WProf.db: {"ReceivedChunk": {"receivedTime": 15290.583832, "len": 16698}}
06-28 12:50:15.481 18132 18145 E WProf.db: {"Resource": {"id": 11, "url": "https://fonts.googleapis.com/css?family=Merriweather:400,400italic,700,700italic", "sentTime": -1.000000, "len": 1079, "from": "0xb4cc7ba0", "mimeType": "text/css", "contentLength": -1, "httpStatus": 200, "connId": 146, "connReused": 0, "cached": 0,"requestTime": 15290.165183, "proxyStart": -1, "proxyEnd": -1, "dnsStart": 34, "dnsEnd": 39, "connectStart": 0, "connectEnd": 278, "sendStart": 278, "sendEnd": 278, "receiveHeadersEnd": 413, "sslStart": 104, "sslEnd": 277}}
06-28 12:50:15.484 18132 18145 E WProf.db: {"ReceivedChunk": {"receivedTime": 15292.182867, "len": 816}}
06-28 12:50:15.485 18132 18145 E WProf.db: {"ReceivedChunk": {"receivedTime": 15292.371934, "len": 4167}}
06-28 12:50:15.486 18132 18145 E WProf.db: {"HOL": {"type": 3, "docUrl": "https://searchengineland-com.cdn.ampproject.org/c/searchengineland.com/much-happy-customer-worth-271868/amp", "code": "0xb4cc7990", "row": 0, "column": 2222, "url": "https://cdn.ampproject.org/rtv/011498506512561/v0/amp-sidebar-0.1.js"}}
06-28 12:50:15.487 18132 18145 E WProf.db: {"HOL": {"type": 4, "docUrl": "https://searchengineland-com.cdn.ampproject.org/c/searchengineland.com/much-happy-customer-worth-271868/amp", "code": "0xb4cc80b0", "row": 612, "column": 300, "url": ""}}
06-28 12:50:15.487 18132 18145 E WProf.db: {"Computation": {"type": "fireEvent", "code": "0xaa1b2690", "docUrl": "https://searchengineland-com.cdn.ampproject.org/c/searchengineland.com/much-happy-customer-worth-271868/amp", "startTime": 15290.545301, "endTime": 15290.545376, "urlRecalcStyle": "load"}}
06-28 12:50:15.489 18132 18145 E WProf.db: {"Computation": {"type": "fireEvent", "code": "0xaa1b2690", "docUrl": "https://searchengineland-com.cdn.ampproject.org/c/searchengineland.com/much-happy-customer-worth-271868/amp", "startTime": 15290.721857, "endTime": 15290.721906, "urlRecalcStyle": "load"}}
06-28 12:50:15.491 18064 18112 E chromium: [ERROR:gles2_cmd_decoder.cc(3852)] [.ChromiumCompositor-0xacbb2fc0]GL ERROR :GL_INVALID_ENUM : glDiscardFramebufferEXT: attachments was GL_COLOR_EXT
06-28 12:50:15.492 18132 18145 E WProf.db: {"Computation": {"type": "fireEvent", "code": "0xaa1b2690", "docUrl": "https://searchengineland-com.cdn.ampproject.org/c/searchengineland.com/much-happy-customer-worth-271868/amp", "startTime": 15290.884710, "endTime": 15290.884764, "urlRecalcStyle": "load"}}
06-28 12:50:15.492 18132 18145 E WProf.db: {"Computation": {"type": "execScript", "code": "0xaa1b2690", "docUrl": "https://searchengineland-com.cdn.ampproject.org/c/searchengineland.com/much-happy-customer-worth-271868/amp", "startTime": 15290.884844, "endTime": 15290.901746, "urlRecalcStyle": "https://cdn.ampproject.org/rtv/011498506512561/v0/amp-mustache-0.1.js"}}
06-28 12:50:15.492 18132 18145 E WProf.db: {"Computation": {"type": "fireEvent", "code": "0xaa1b2690", "docUrl": "https://searchengineland-com.cdn.ampproject.org/c/searchengineland.com/much-happy-customer-worth-271868/amp", "startTime": 15290.901841, "endTime": 15290.901899, "urlRecalcStyle": "load"}}
06-28 12:50:15.492 18132 18145 E WProf.db: {"Computation": {"type": "layout", "code": "0xaa1b2690", "docUrl": "https://searchengineland-com.cdn.ampproject.org/c/searchengineland.com/much-happy-customer-worth-271868/amp", "startTime": 15291.129518, "endTime": 15291.137848, "urlRecalcStyle": ""}}
06-28 12:50:15.494 18132 18145 E WProf.db: {"Computation": {"type": "layout", "code": "0xaa1b2690", "docUrl": "https://searchengineland-com.cdn.ampproject.org/c/searchengineland.com/much-happy-customer-worth-271868/amp", "startTime": 15291.168816, "endTime": 15291.171313, "urlRecalcStyle": ""}}
06-28 12:50:15.494 18132 18145 E WProf.db: {"Computation": {"type": "layout", "code": "0xaa1b2690", "docUrl": "https://searchengineland-com.cdn.ampproject.org/c/searchengineland.com/much-happy-customer-worth-271868/amp", "startTime": 15291.177272, "endTime": 15291.178462, "urlRecalcStyle": ""}}
06-28 12:50:15.494 18132 18145 E WProf.db: {"Computation": {"type": "layout", "code": "0xaa1b2690", "docUrl": "https://searchengineland-com.cdn.ampproject.org/c/searchengineland.com/much-happy-customer-worth-271868/amp", "startTime": 15291.181442, "endTime": 15291.182676, "urlRecalcStyle": ""}}
06-28 12:50:15.494 18132 18145 E WProf.db: {"Computation": {"type": "layout", "code": "0xaa1b2690", "docUrl": "https://searchengineland-com.cdn.ampproject.org/c/searchengineland.com/much-happy-customer-worth-271868/amp", "startTime": 15291.185204, "endTime": 15291.191639, "urlRecalcStyle": ""}}
06-28 12:50:15.494 18132 18145 E WProf.db: {"Computation": {"type": "layout", "code": "0xaa1b2690", "docUrl": "https://searchengineland-com.cdn.ampproject.org/c/searchengineland.com/much-happy-customer-worth-271868/amp", "startTime": 15291.194009, "endTime": 15291.195006, "urlRecalcStyle": ""}}
06-28 12:50:15.495 18132 18145 E WProf.db: {"Computation": {"type": "layout", "code": "0xaa1b2690", "docUrl": "https://searchengineland-com.cdn.ampproject.org/c/searchengineland.com/much-happy-customer-worth-271868/amp", "startTime": 15291.197608, "endTime": 15291.198574, "urlRecalcStyle": ""}}
06-28 12:50:15.495 18132 18145 E WProf.db: {"Computation": {"type": "fireEvent", "code": "0xaa1b2690", "docUrl": "https://searchengineland-com.cdn.ampproject.org/c/searchengineland.com/much-happy-customer-worth-271868/amp", "startTime": 15291.424071, "endTime": 15291.424118, "urlRecalcStyle": "DOMContentLoaded"}}
06-28 12:50:15.497 18132 18145 E WProf.db: {"Computation": {"type": "fireEvent", "code": "0xaa1b2690", "docUrl": "https://searchengineland-com.cdn.ampproject.org/c/searchengineland.com/much-happy-customer-worth-271868/amp", "startTime": 15291.562718, "endTime": 15291.562780, "urlRecalcStyle": "load"}}
06-28 12:50:15.498 18132 18145 E WProf.db: {"Computation": {"type": "fireEvent", "code": "0xaa1b2690", "docUrl": "https://searchengineland-com.cdn.ampproject.org/c/searchengineland.com/much-happy-customer-worth-271868/amp", "startTime": 15291.565463, "endTime": 15291.565513, "urlRecalcStyle": "load"}}
06-28 12:50:15.500 18132 18145 E WProf.db: {"Computation": {"type": "execScript", "code": "0xaa1b2690", "docUrl": "https://searchengineland-com.cdn.ampproject.org/c/searchengineland.com/much-happy-customer-worth-271868/amp", "startTime": 15292.407471, "endTime": 15292.422529, "urlRecalcStyle": "https://cdn.ampproject.org/rtv/011498506512561/v0/amp-crypto-polyfill-0.1.js"}}
06-28 12:50:15.516   862  1657 E LocSvc_IzatApiV02: E/virtual int izat_core::IzatApiV02::getBatchSize(int32_t):522]: Error : st = 4, ind.status = -1628389555
06-28 12:50:15.517   862  1657 E LocSvc_IzatApiV02: E/virtual int izat_core::IzatApiV02::getBatchSize(int32_t):535]: get batching size failed.Or modem does not support batching 
06-28 12:50:15.518 18064 18112 E chromium: [ERROR:gles2_cmd_decoder.cc(3852)] [.ChromiumCompositor-0xacbb2fc0]GL ERROR :GL_INVALID_ENUM : glDiscardFramebufferEXT: attachments was GL_COLOR_EXT
06-28 12:50:15.525 18064 18112 E chromium: [ERROR:gles2_cmd_decoder.cc(3852)] [.ChromiumCompositor-0xacbb2fc0]GL ERROR :GL_INVALID_ENUM : glDiscardFramebufferEXT: attachments was GL_COLOR_EXT
06-28 12:50:15.529   862  1657 E LocSvc_IzatApiV02: E/virtual int izat_core::IzatApiV02::getBatchSize(int32_t):522]: Error : st = 4, ind.status = -1628389555
06-28 12:50:15.529   862  1657 E LocSvc_IzatApiV02: E/virtual int izat_core::IzatApiV02::getBatchSize(int32_t):535]: get batching size failed.Or modem does not support batching 
06-28 12:50:15.541 18064 18112 E chromium: [ERROR:gles2_cmd_decoder.cc(3852)] [.ChromiumCompositor-0xacbb2fc0]GL ERROR :GL_INVALID_ENUM : glDiscardFramebufferEXT: attachments was GL_COLOR_EXT
06-28 12:50:15.558 18064 18112 E chromium: [ERROR:gles2_cmd_decoder.cc(3852)] [.ChromiumCompositor-0xacbb2fc0]GL ERROR :GL_INVALID_ENUM : glDiscardFramebufferEXT: attachments was GL_COLOR_EXT
06-28 12:50:15.558   862  1657 E LocSvc_IzatApiV02: E/virtual int izat_core::IzatApiV02::getBatchSize(int32_t):522]: Error : st = 4, ind.status = -1628389555
06-28 12:50:15.559   862  1657 E LocSvc_IzatApiV02: E/virtual int izat_core::IzatApiV02::getBatchSize(int32_t):535]: get batching size failed.Or modem does not support batching 
06-28 12:50:15.578 18064 18112 E chromium: [ERROR:gles2_cmd_decoder.cc(3852)] [.ChromiumCompositor-0xacbb2fc0]GL ERROR :GL_INVALID_ENUM : glDiscardFramebufferEXT: attachments was GL_COLOR_EXT
06-28 12:50:15.594 18064 18112 E chromium: [ERROR:gles2_cmd_decoder.cc(3852)] [.ChromiumCompositor-0xacbb2fc0]GL ERROR :GL_INVALID_ENUM : glDiscardFramebufferEXT: attachments was GL_COLOR_EXT
06-28 12:50:15.598   862  1657 E LocSvc_IzatApiV02: E/virtual int izat_core::IzatApiV02::getBatchSize(int32_t):522]: Error : st = 4, ind.status = -1628389555
06-28 12:50:15.598   862  1657 E LocSvc_IzatApiV02: E/virtual int izat_core::IzatApiV02::getBatchSize(int32_t):535]: get batching size failed.Or modem does not support batching 
06-28 12:50:15.608 18064 18112 E chromium: [ERROR:gles2_cmd_decoder.cc(3852)] [.ChromiumCompositor-0xacbb2fc0]GL ERROR :GL_INVALID_ENUM : glDiscardFramebufferEXT: attachments was GL_COLOR_EXT
06-28 12:50:15.641 18064 18112 E chromium: [ERROR:gles2_cmd_decoder.cc(3852)] [.ChromiumCompositor-0xacbb2fc0]GL ERROR :GL_INVALID_ENUM : glDiscardFramebufferEXT: attachments was GL_COLOR_EXT
06-28 12:50:15.658 18064 18112 E chromium: [ERROR:gles2_cmd_decoder.cc(3852)] [.ChromiumCompositor-0xacbb2fc0]GL ERROR :GL_INVALID_ENUM : glDiscardFramebufferEXT: attachments was GL_COLOR_EXT
06-28 12:50:15.674 18064 18112 E chromium: [ERROR:gles2_cmd_decoder.cc(3852)] [.ChromiumCompositor-0xacbb2fc0]GL ERROR :GL_INVALID_ENUM : glDiscardFramebufferEXT: attachments was GL_COLOR_EXT
06-28 12:50:15.679 18064 18112 E chromium: [ERROR:gles2_cmd_decoder.cc(3852)] [.ChromiumCompositor-0xacbb2fc0]GL ERROR :GL_INVALID_ENUM : glDiscardFramebufferEXT: attachments was GL_COLOR_EXT
06-28 12:50:15.692 18064 18112 E chromium: [ERROR:gles2_cmd_decoder.cc(3852)] [.ChromiumCompositor-0xacbb2fc0]GL ERROR :GL_INVALID_ENUM : glDiscardFramebufferEXT: attachments was GL_COLOR_EXT
06-28 12:50:15.708 18064 18112 E chromium: [ERROR:gles2_cmd_decoder.cc(3852)] [.ChromiumCompositor-0xacbb2fc0]GL ERROR :GL_INVALID_ENUM : glDiscardFramebufferEXT: attachments was GL_COLOR_EXT
06-28 12:50:15.725 18064 18112 E chromium: [ERROR:gles2_cmd_decoder.cc(3852)] [.ChromiumCompositor-0xacbb2fc0]GL ERROR :GL_INVALID_ENUM : glDiscardFramebufferEXT: attachments was GL_COLOR_EXT
06-28 12:50:15.742 18064 18112 E chromium: [ERROR:gles2_cmd_decoder.cc(3852)] [.ChromiumCompositor-0xacbb2fc0]GL ERROR :GL_INVALID_ENUM : glDiscardFramebufferEXT: attachments was GL_COLOR_EXT
06-28 12:50:15.762 18064 18112 E chromium: [ERROR:gles2_cmd_decoder.cc(3852)] [.ChromiumCompositor-0xacbb2fc0]GL ERROR :GL_INVALID_ENUM : glDiscardFramebufferEXT: attachments was GL_COLOR_EXT
06-28 12:50:15.783 18064 18112 E chromium: [ERROR:gles2_cmd_decoder.cc(3852)] [.ChromiumCompositor-0xacbb2fc0]GL ERROR :GL_INVALID_ENUM : glDiscardFramebufferEXT: attachments was GL_COLOR_EXT
06-28 12:50:15.794 18064 18112 E chromium: [ERROR:gles2_cmd_decoder.cc(3852)] [.ChromiumCompositor-0xacbb2fc0]GL ERROR :GL_INVALID_ENUM : glDiscardFramebufferEXT: attachments was GL_COLOR_EXT
06-28 12:50:15.809 18064 18112 E chromium: [ERROR:gles2_cmd_decoder.cc(3852)] [.ChromiumCompositor-0xacbb2fc0]GL ERROR :GL_INVALID_ENUM : glDiscardFramebufferEXT: attachments was GL_COLOR_EXT
06-28 12:50:15.826 18064 18112 E chromium: [ERROR:gles2_cmd_decoder.cc(3852)] [.ChromiumCompositor-0xacbb2fc0]GL ERROR :GL_INVALID_ENUM : glDiscardFramebufferEXT: attachments was GL_COLOR_EXT
06-28 12:50:15.842 18064 18112 E chromium: [ERROR:gles2_cmd_decoder.cc(3852)] [.ChromiumCompositor-0xacbb2fc0]GL ERROR :GL_INVALID_ENUM : glDiscardFramebufferEXT: attachments was GL_COLOR_EXT
06-28 12:50:15.859 18064 18112 E chromium: [ERROR:gles2_cmd_decoder.cc(3852)] [.ChromiumCompositor-0xacbb2fc0]GL ERROR :GL_INVALID_ENUM : glDiscardFramebufferEXT: attachments was GL_COLOR_EXT
06-28 12:50:15.876 18064 18112 E chromium: [ERROR:gles2_cmd_decoder.cc(3852)] [.ChromiumCompositor-0xacbb2fc0]GL ERROR :GL_INVALID_ENUM : glDiscardFramebufferEXT: attachments was GL_COLOR_EXT
06-28 12:50:15.893 18064 18112 E chromium: [ERROR:gles2_cmd_decoder.cc(3852)] [.ChromiumCompositor-0xacbb2fc0]GL ERROR :GL_INVALID_ENUM : glDiscardFramebufferEXT: attachments was GL_COLOR_EXT
06-28 12:50:15.910 18064 18112 E chromium: [ERROR:gles2_cmd_decoder.cc(3852)] [.ChromiumCompositor-0xacbb2fc0]GL ERROR :GL_INVALID_ENUM : glDiscardFramebufferEXT: attachments was GL_COLOR_EXT
06-28 12:50:15.927 18064 18112 E chromium: [ERROR:gles2_cmd_decoder.cc(3852)] [.ChromiumCompositor-0xacbb2fc0]GL ERROR :GL_INVALID_ENUM : glDiscardFramebufferEXT: attachments was GL_COLOR_EXT
06-28 12:50:15.944 18064 18112 E chromium: [ERROR:gles2_cmd_decoder.cc(3852)] [.ChromiumCompositor-0xacbb2fc0]GL ERROR :GL_INVALID_ENUM : glDiscardFramebufferEXT: attachments was GL_COLOR_EXT
06-28 12:50:15.961 18064 18112 E chromium: [ERROR:gles2_cmd_decoder.cc(3852)] [.ChromiumCompositor-0xacbb2fc0]GL ERROR :GL_INVALID_ENUM : glDiscardFramebufferEXT: attachments was GL_COLOR_EXT
06-28 12:50:15.978 18064 18112 E chromium: [ERROR:gles2_cmd_decoder.cc(3852)] [.ChromiumCompositor-0xacbb2fc0]GL ERROR :GL_INVALID_ENUM : glDiscardFramebufferEXT: attachments was GL_COLOR_EXT
06-28 12:50:15.995 18064 18112 E chromium: [ERROR:gles2_cmd_decoder.cc(3852)] [.ChromiumCompositor-0xacbb2fc0]GL ERROR :GL_INVALID_ENUM : glDiscardFramebufferEXT: attachments was GL_COLOR_EXT
06-28 12:50:16.016 18064 18112 E chromium: [ERROR:gles2_cmd_decoder.cc(3852)] [.ChromiumCompositor-0xacbb2fc0]GL ERROR :GL_INVALID_ENUM : glDiscardFramebufferEXT: attachments was GL_COLOR_EXT
06-28 12:50:16.034 18064 18112 E chromium: [ERROR:gles2_cmd_decoder.cc(3852)] [.ChromiumCompositor-0xacbb2fc0]GL ERROR :GL_INVALID_ENUM : glDiscardFramebufferEXT: attachments was GL_COLOR_EXT
06-28 12:50:16.053 18064 18112 E chromium: [ERROR:gles2_cmd_decoder.cc(3852)] [.ChromiumCompositor-0xacbb2fc0]GL ERROR :GL_INVALID_ENUM : glDiscardFramebufferEXT: attachments was GL_COLOR_EXT
06-28 12:50:16.068 18064 18112 E chromium: [ERROR:gles2_cmd_decoder.cc(3852)] [.ChromiumCompositor-0xacbb2fc0]GL ERROR :GL_INVALID_ENUM : glDiscardFramebufferEXT: attachments was GL_COLOR_EXT
06-28 12:50:16.081 18064 18112 E chromium: [ERROR:gles2_cmd_decoder.cc(3852)] [.ChromiumCompositor-0xacbb2fc0]GL ERROR :GL_INVALID_ENUM : glDiscardFramebufferEXT: attachments was GL_COLOR_EXT
06-28 12:50:16.096 18064 18112 E chromium: [ERROR:gles2_cmd_decoder.cc(3852)] [.ChromiumCompositor-0xacbb2fc0]GL ERROR :GL_INVALID_ENUM : glDiscardFramebufferEXT: attachments was GL_COLOR_EXT
06-28 12:50:16.112 18064 18112 E chromium: [ERROR:gles2_cmd_decoder.cc(3852)] [.ChromiumCompositor-0xacbb2fc0]GL ERROR :GL_INVALID_ENUM : glDiscardFramebufferEXT: attachments was GL_COLOR_EXT
06-28 12:50:16.130 18064 18112 E chromium: [ERROR:gles2_cmd_decoder.cc(3852)] [.ChromiumCompositor-0xacbb2fc0]GL ERROR :GL_INVALID_ENUM : glDiscardFramebufferEXT: attachments was GL_COLOR_EXT
06-28 12:50:16.147 18064 18112 E chromium: [ERROR:gles2_cmd_decoder.cc(3852)] [.ChromiumCompositor-0xacbb2fc0]GL ERROR :GL_INVALID_ENUM : glDiscardFramebufferEXT: attachments was GL_COLOR_EXT
06-28 12:50:16.172 18064 18112 E chromium: [ERROR:gles2_cmd_decoder.cc(3852)] [.ChromiumCompositor-0xacbb2fc0]GL ERROR :GL_INVALID_ENUM : glDiscardFramebufferEXT: attachments was GL_COLOR_EXT
06-28 12:50:16.198 18064 18112 E chromium: [ERROR:gles2_cmd_decoder.cc(3852)] [.ChromiumCompositor-0xacbb2fc0]GL ERROR :GL_INVALID_ENUM : glDiscardFramebufferEXT: attachments was GL_COLOR_EXT
06-28 12:50:16.204 18064 18112 E chromium: [ERROR:gles2_cmd_decoder.cc(3852)] [.ChromiumCompositor-0xacbb2fc0]GL ERROR :GL_INVALID_ENUM : glDiscardFramebufferEXT: attachments was GL_COLOR_EXT
06-28 12:50:16.217 18064 18112 E chromium: [ERROR:gles2_cmd_decoder.cc(3852)] [.ChromiumCompositor-0xacbb2fc0]GL ERROR :GL_INVALID_ENUM : glDiscardFramebufferEXT: attachments was GL_COLOR_EXT
06-28 12:50:16.241 18064 18112 E chromium: [ERROR:gles2_cmd_decoder.cc(3852)] [.ChromiumCompositor-0xacbb2fc0]GL ERROR :GL_INVALID_ENUM : glDiscardFramebufferEXT: attachments was GL_COLOR_EXT
06-28 12:50:16.255 18064 18112 E chromium: [ERROR:gles2_cmd_decoder.cc(3852)] [.ChromiumCompositor-0xacbb2fc0]GL ERROR :GL_INVALID_ENUM : glDiscardFramebufferEXT: attachments was GL_COLOR_EXT
06-28 12:50:16.268 18064 18112 E chromium: [ERROR:gles2_cmd_decoder.cc(3852)] [.ChromiumCompositor-0xacbb2fc0]GL ERROR :GL_INVALID_ENUM : glDiscardFramebufferEXT: attachments was GL_COLOR_EXT
06-28 12:50:16.284 18064 18112 E chromium: [ERROR:gles2_cmd_decoder.cc(3852)] [.ChromiumCompositor-0xacbb2fc0]GL ERROR :GL_INVALID_ENUM : glDiscardFramebufferEXT: attachments was GL_COLOR_EXT
06-28 12:50:16.300 18064 18112 E chromium: [ERROR:gles2_cmd_decoder.cc(3852)] [.ChromiumCompositor-0xacbb2fc0]GL ERROR :GL_INVALID_ENUM : glDiscardFramebufferEXT: attachments was GL_COLOR_EXT
06-28 12:50:16.331 18064 18112 E chromium: [ERROR:gles2_cmd_decoder.cc(3852)] [.ChromiumCompositor-0xacbb2fc0]GL ERROR :GL_INVALID_ENUM : glDiscardFramebufferEXT: attachments was GL_COLOR_EXT
06-28 12:50:16.338 18064 18112 E chromium: [ERROR:gles2_cmd_decoder.cc(3852)] [.ChromiumCompositor-0xacbb2fc0]GL ERROR :GL_INVALID_ENUM : glDiscardFramebufferEXT: attachments was GL_COLOR_EXT
06-28 12:50:16.365 18064 18112 E chromium: [ERROR:gles2_cmd_decoder.cc(3852)] [.ChromiumCompositor-0xacbb2fc0]GL ERROR :GL_INVALID_ENUM : glDiscardFramebufferEXT: attachments was GL_COLOR_EXT
06-28 12:50:16.372 18064 18112 E chromium: [ERROR:gles2_cmd_decoder.cc(3852)] [.ChromiumCompositor-0xacbb2fc0]GL ERROR :GL_INVALID_ENUM : glDiscardFramebufferEXT: attachments was GL_COLOR_EXT
06-28 12:50:16.399 18064 18112 E chromium: [ERROR:gles2_cmd_decoder.cc(3852)] [.ChromiumCompositor-0xacbb2fc0]GL ERROR :GL_INVALID_ENUM : glDiscardFramebufferEXT: attachments was GL_COLOR_EXT
06-28 12:50:16.408 18064 18112 E chromium: [ERROR:gles2_cmd_decoder.cc(3852)] [.ChromiumCompositor-0xacbb2fc0]GL ERROR :GL_INVALID_ENUM : glDiscardFramebufferEXT: attachments was GL_COLOR_EXT
06-28 12:50:16.428 18064 18112 E chromium: [ERROR:gles2_cmd_decoder.cc(3852)] [.ChromiumCompositor-0xacbb2fc0]GL ERROR :GL_INVALID_ENUM : glDiscardFramebufferEXT: attachments was GL_COLOR_EXT
06-28 12:50:16.439 18064 18112 E chromium: [ERROR:gles2_cmd_decoder.cc(3852)] [.ChromiumCompositor-0xacbb2fc0]GL ERROR :GL_INVALID_ENUM : glDiscardFramebufferEXT: attachments was GL_COLOR_EXT
06-28 12:50:16.464 18064 18112 E chromium: [ERROR:gles2_cmd_decoder.cc(3852)] [.ChromiumCompositor-0xacbb2fc0]GL ERROR :GL_INVALID_ENUM : glDiscardFramebufferEXT: attachments was GL_COLOR_EXT
06-28 12:50:16.470 18064 18112 E chromium: [ERROR:gles2_cmd_decoder.cc(3852)] [.ChromiumCompositor-0xacbb2fc0]GL ERROR :GL_INVALID_ENUM : glDiscardFramebufferEXT: attachments was GL_COLOR_EXT
06-28 12:50:16.505 18064 18112 E chromium: [ERROR:gles2_cmd_decoder.cc(3852)] [.ChromiumCompositor-0xacbb2fc0]GL ERROR :GL_INVALID_ENUM : glDiscardFramebufferEXT: attachments was GL_COLOR_EXT
06-28 12:50:16.513 18064 18112 E chromium: [ERROR:gles2_cmd_decoder.cc(3852)] [.ChromiumCompositor-0xacbb2fc0]GL ERROR :GL_INVALID_ENUM : glDiscardFramebufferEXT: attachments was GL_COLOR_EXT
06-28 12:50:16.524 18064 18112 E chromium: [ERROR:gles2_cmd_decoder.cc(3852)] [.ChromiumCompositor-0xacbb2fc0]GL ERROR :GL_INVALID_ENUM : glDiscardFramebufferEXT: attachments was GL_COLOR_EXT
06-28 12:50:16.537 18064 18112 E chromium: [ERROR:gles2_cmd_decoder.cc(3852)] [.ChromiumCompositor-0xacbb2fc0]GL ERROR :GL_INVALID_ENUM : glDiscardFramebufferEXT: attachments was GL_COLOR_EXT
06-28 12:50:16.566 18064 18112 E chromium: [ERROR:gles2_cmd_decoder.cc(3852)] [.ChromiumCompositor-0xacbb2fc0]GL ERROR :GL_INVALID_ENUM : glDiscardFramebufferEXT: attachments was GL_COLOR_EXT
06-28 12:50:16.572 18064 18112 E chromium: [ERROR:gles2_cmd_decoder.cc(3852)] [.ChromiumCompositor-0xacbb2fc0]GL ERROR :GL_INVALID_ENUM : glDiscardFramebufferEXT: attachments was GL_COLOR_EXT
06-28 12:50:16.587 18064 18112 E chromium: [ERROR:gles2_cmd_decoder.cc(3852)] [.ChromiumCompositor-0xacbb2fc0]GL ERROR :GL_INVALID_ENUM : glDiscardFramebufferEXT: attachments was GL_COLOR_EXT
06-28 12:50:16.622 18064 18112 E chromium: [ERROR:gles2_cmd_decoder.cc(3852)] [.ChromiumCompositor-0xacbb2fc0]GL ERROR :GL_INVALID_ENUM : glDiscardFramebufferEXT: attachments was GL_COLOR_EXT
06-28 12:50:16.637 18064 18112 E chromium: [ERROR:gles2_cmd_decoder.cc(3852)] [.ChromiumCompositor-0xacbb2fc0]GL ERROR :GL_INVALID_ENUM : glDiscardFramebufferEXT: attachments was GL_COLOR_EXT
06-28 12:50:16.643 18064 18112 E chromium: [ERROR:gles2_cmd_decoder.cc(3852)] [.ChromiumCompositor-0xacbb2fc0]GL ERROR :GL_INVALID_ENUM : glDiscardFramebufferEXT: attachments was GL_COLOR_EXT
06-28 12:50:16.650 18064 18112 E chromium: [ERROR:gles2_cmd_decoder.cc(3852)] [.ChromiumCompositor-0xacbb2fc0]GL ERROR :GL_INVALID_ENUM : glDiscardFramebufferEXT: attachments was GL_COLOR_EXT
06-28 12:50:16.682 18064 18112 E chromium: [ERROR:gles2_cmd_decoder.cc(3852)] [.ChromiumCompositor-0xacbb2fc0]GL ERROR :GL_INVALID_ENUM : glDiscardFramebufferEXT: attachments was GL_COLOR_EXT
06-28 12:50:16.689 18064 18112 E chromium: [ERROR:gles2_cmd_decoder.cc(3852)] [.ChromiumCompositor-0xacbb2fc0]GL ERROR :GL_INVALID_ENUM : glDiscardFramebufferEXT: attachments was GL_COLOR_EXT
06-28 12:50:16.730 18064 18112 E chromium: [ERROR:gles2_cmd_decoder.cc(3852)] [.ChromiumCompositor-0xacbb2fc0]GL ERROR :GL_INVALID_ENUM : glDiscardFramebufferEXT: attachments was GL_COLOR_EXT
06-28 12:50:16.744 18064 18112 E chromium: [ERROR:gles2_cmd_decoder.cc(3852)] [.ChromiumCompositor-0xacbb2fc0]GL ERROR :GL_INVALID_ENUM : glDiscardFramebufferEXT: attachments was GL_COLOR_EXT
06-28 12:50:16.761 18064 18112 E chromium: [ERROR:gles2_cmd_decoder.cc(3852)] [.ChromiumCompositor-0xacbb2fc0]GL ERROR :GL_INVALID_ENUM : glDiscardFramebufferEXT: attachments was GL_COLOR_EXT
06-28 12:50:16.775 18064 18112 E chromium: [ERROR:gles2_cmd_decoder.cc(3852)] [.ChromiumCompositor-0xacbb2fc0]GL ERROR :GL_INVALID_ENUM : glDiscardFramebufferEXT: attachments was GL_COLOR_EXT
06-28 12:50:16.793 18064 18112 E chromium: [ERROR:gles2_cmd_decoder.cc(3852)] [.ChromiumCompositor-0xacbb2fc0]GL ERROR :GL_INVALID_ENUM : glDiscardFramebufferEXT: attachments was GL_COLOR_EXT
06-28 12:50:16.810 18064 18112 E chromium: [ERROR:gles2_cmd_decoder.cc(3852)] [.ChromiumCompositor-0xacbb2fc0]GL ERROR :GL_INVALID_ENUM : glDiscardFramebufferEXT: attachments was GL_COLOR_EXT
06-28 12:50:16.819 18064 18112 E chromium: [ERROR:gles2_cmd_decoder.cc(3852)] [.ChromiumCompositor-0xacbb2fc0]GL ERROR :GL_INVALID_ENUM : glDiscardFramebufferEXT: attachments was GL_COLOR_EXT
06-28 12:50:16.835 18064 18112 E chromium: [ERROR:gles2_cmd_decoder.cc(3852)] [.ChromiumCompositor-0xacbb2fc0]GL ERROR :GL_INVALID_ENUM : glDiscardFramebufferEXT: attachments was GL_COLOR_EXT
06-28 12:50:16.854 18064 18112 E chromium: [ERROR:gles2_cmd_decoder.cc(3852)] [.ChromiumCompositor-0xacbb2fc0]GL ERROR :GL_INVALID_ENUM : glDiscardFramebufferEXT: attachments was GL_COLOR_EXT
06-28 12:50:16.873 18064 18112 E chromium: [ERROR:gles2_cmd_decoder.cc(3852)] [.ChromiumCompositor-0xacbb2fc0]GL ERROR :GL_INVALID_ENUM : glDiscardFramebufferEXT: attachments was GL_COLOR_EXT
06-28 12:50:16.895 18064 18112 E chromium: [ERROR:gles2_cmd_decoder.cc(3852)] [.ChromiumCompositor-0xacbb2fc0]GL ERROR :GL_INVALID_ENUM : glDiscardFramebufferEXT: attachments was GL_COLOR_EXT
06-28 12:50:16.909 18064 18112 E chromium: [ERROR:gles2_cmd_decoder.cc(3852)] [.ChromiumCompositor-0xacbb2fc0]GL ERROR :GL_INVALID_ENUM : glDiscardFramebufferEXT: attachments was GL_COLOR_EXT
06-28 12:50:16.923 18064 18112 E chromium: [ERROR:gles2_cmd_decoder.cc(3852)] [.ChromiumCompositor-0xacbb2fc0]GL ERROR :GL_INVALID_ENUM : glDiscardFramebufferEXT: attachments was GL_COLOR_EXT
06-28 12:50:16.949 18064 18112 E chromium: [ERROR:gles2_cmd_decoder.cc(3852)] [.ChromiumCompositor-0xacbb2fc0]GL ERROR :GL_INVALID_ENUM : glDiscardFramebufferEXT: attachments was GL_COLOR_EXT
06-28 12:50:16.961 18064 18112 E chromium: [ERROR:gles2_cmd_decoder.cc(3852)] [.ChromiumCompositor-0xacbb2fc0]GL ERROR :GL_INVALID_ENUM : glDiscardFramebufferEXT: attachments was GL_COLOR_EXT
06-28 12:50:16.971 18064 18112 E chromium: [ERROR:gles2_cmd_decoder.cc(3852)] [.ChromiumCompositor-0xacbb2fc0]GL ERROR :GL_INVALID_ENUM : glDiscardFramebufferEXT: attachments was GL_COLOR_EXT
06-28 12:50:16.988 18064 18112 E chromium: [ERROR:gles2_cmd_decoder.cc(3852)] [.ChromiumCompositor-0xacbb2fc0]GL ERROR :GL_INVALID_ENUM : glDiscardFramebufferEXT: attachments was GL_COLOR_EXT
06-28 12:50:17.003 18064 18112 E chromium: [ERROR:gles2_cmd_decoder.cc(3852)] [.ChromiumCompositor-0xacbb2fc0]GL ERROR :GL_INVALID_ENUM : glDiscardFramebufferEXT: attachments was GL_COLOR_EXT
06-28 12:50:17.019 18064 18112 E chromium: [ERROR:gles2_cmd_decoder.cc(3852)] [.ChromiumCompositor-0xacbb2fc0]GL ERROR :GL_INVALID_ENUM : glDiscardFramebufferEXT: attachments was GL_COLOR_EXT
06-28 12:50:17.029 18132 18145 E WPROF   : {"Javascript": {"url": "https://3p.ampproject.net/1498506512561/f.js", "requestTime": 15294.084482}}
06-28 12:50:17.038 18064 18112 E chromium: [ERROR:gles2_cmd_decoder.cc(3852)] [.ChromiumCompositor-0xacbb2fc0]GL ERROR :GL_INVALID_ENUM : glDiscardFramebufferEXT: attachments was GL_COLOR_EXT
06-28 12:50:17.056 18064 18112 E chromium: [ERROR:gles2_cmd_decoder.cc(3852)] [.ChromiumCompositor-0xacbb2fc0]GL ERROR :GL_INVALID_ENUM : glDiscardFramebufferEXT: attachments was GL_COLOR_EXT
06-28 12:50:17.072 18064 18112 E chromium: [ERROR:gles2_cmd_decoder.cc(3852)] [.ChromiumCompositor-0xacbb2fc0]GL ERROR :GL_INVALID_ENUM : glDiscardFramebufferEXT: attachments was GL_COLOR_EXT
06-28 12:50:17.088 18064 18112 E chromium: [ERROR:gles2_cmd_decoder.cc(3852)] [.ChromiumCompositor-0xacbb2fc0]GL ERROR :GL_INVALID_ENUM : glDiscardFramebufferEXT: attachments was GL_COLOR_EXT
06-28 12:50:17.105 18064 18112 E chromium: [ERROR:gles2_cmd_decoder.cc(3852)] [.ChromiumCompositor-0xacbb2fc0]GL ERROR :GL_INVALID_ENUM : glDiscardFramebufferEXT: attachments was GL_COLOR_EXT
06-28 12:50:17.122 18064 18112 E chromium: [ERROR:gles2_cmd_decoder.cc(3852)] [.ChromiumCompositor-0xacbb2fc0]GL ERROR :GL_INVALID_ENUM : glDiscardFramebufferEXT: attachments was GL_COLOR_EXT
06-28 12:50:17.140 18064 18112 E chromium: [ERROR:gles2_cmd_decoder.cc(3852)] [.ChromiumCompositor-0xacbb2fc0]GL ERROR :GL_INVALID_ENUM : glDiscardFramebufferEXT: attachments was GL_COLOR_EXT
06-28 12:50:17.159 18064 18112 E chromium: [ERROR:gles2_cmd_decoder.cc(3852)] [.ChromiumCompositor-0xacbb2fc0]GL ERROR :GL_INVALID_ENUM : glDiscardFramebufferEXT: attachments was GL_COLOR_EXT
06-28 12:50:17.177 18064 18112 E chromium: [ERROR:gles2_cmd_decoder.cc(3852)] [.ChromiumCompositor-0xacbb2fc0]GL ERROR :GL_INVALID_ENUM : glDiscardFramebufferEXT: attachments was GL_COLOR_EXT
06-28 12:50:17.189 18064 18112 E chromium: [ERROR:gles2_cmd_decoder.cc(3852)] [.ChromiumCompositor-0xacbb2fc0]GL ERROR :GL_INVALID_ENUM : glDiscardFramebufferEXT: attachments was GL_COLOR_EXT
06-28 12:50:17.206 18064 18112 E chromium: [ERROR:gles2_cmd_decoder.cc(3852)] [.ChromiumCompositor-0xacbb2fc0]GL ERROR :GL_INVALID_ENUM : glDiscardFramebufferEXT: attachments was GL_COLOR_EXT
06-28 12:50:17.240 18064 18112 E chromium: [ERROR:gles2_cmd_decoder.cc(3852)] [.ChromiumCompositor-0xacbb2fc0]GL ERROR :GL_INVALID_ENUM : glDiscardFramebufferEXT: attachments was GL_COLOR_EXT
06-28 12:50:17.256 18064 18112 E chromium: [ERROR:gles2_cmd_decoder.cc(3852)] [.ChromiumCompositor-0xacbb2fc0]GL ERROR :GL_INVALID_ENUM : glDiscardFramebufferEXT: attachments was GL_COLOR_EXT
06-28 12:50:17.264 18064 18112 E chromium: [ERROR:gles2_cmd_decoder.cc(3852)] [.ChromiumCompositor-0xacbb2fc0]GL ERROR :GL_INVALID_ENUM : glDiscardFramebufferEXT: attachments was GL_COLOR_EXT
06-28 12:50:17.272 18064 18112 E chromium: [ERROR:gles2_cmd_decoder.cc(3852)] [.ChromiumCompositor-0xacbb2fc0]GL ERROR :GL_INVALID_ENUM : glDiscardFramebufferEXT: attachments was GL_COLOR_EXT
06-28 12:50:17.303 18064 18112 E chromium: [ERROR:gles2_cmd_decoder.cc(3852)] [.ChromiumCompositor-0xacbb2fc0]GL ERROR :GL_INVALID_ENUM : glDiscardFramebufferEXT: attachments was GL_COLOR_EXT
06-28 12:50:17.308 18064 18112 E chromium: [ERROR:gles2_cmd_decoder.cc(3852)] [.ChromiumCompositor-0xacbb2fc0]GL ERROR :GL_INVALID_ENUM : glDiscardFramebufferEXT: attachments was GL_COLOR_EXT
06-28 12:50:17.327 18064 18112 E chromium: [ERROR:gles2_cmd_decoder.cc(3852)] [.ChromiumCompositor-0xacbb2fc0]GL ERROR :GL_INVALID_ENUM : glDiscardFramebufferEXT: attachments was GL_COLOR_EXT
06-28 12:50:17.356 18064 18112 E chromium: [ERROR:gles2_cmd_decoder.cc(3852)] [.ChromiumCompositor-0xacbb2fc0]GL ERROR :GL_INVALID_ENUM : glDiscardFramebufferEXT: attachments was GL_COLOR_EXT
06-28 12:50:17.360 18064 18112 E chromium: [ERROR:gles2_cmd_decoder.cc(3852)] [.ChromiumCompositor-0xacbb2fc0]GL ERROR :GL_INVALID_ENUM : glDiscardFramebufferEXT: attachments was GL_COLOR_EXT
06-28 12:50:17.390 18064 18112 E chromium: [ERROR:gles2_cmd_decoder.cc(3852)] [.ChromiumCompositor-0xacbb2fc0]GL ERROR :GL_INVALID_ENUM : glDiscardFramebufferEXT: attachments was GL_COLOR_EXT
06-28 12:50:17.397 18064 18112 E chromium: [ERROR:gles2_cmd_decoder.cc(3852)] [.ChromiumCompositor-0xacbb2fc0]GL ERROR :GL_INVALID_ENUM : glDiscardFramebufferEXT: attachments was GL_COLOR_EXT
06-28 12:50:17.428 18064 18112 E chromium: [ERROR:gles2_cmd_decoder.cc(3852)] [.ChromiumCompositor-0xacbb2fc0]GL ERROR :GL_INVALID_ENUM : glDiscardFramebufferEXT: attachments was GL_COLOR_EXT
06-28 12:50:17.435 18064 18112 E chromium: [ERROR:gles2_cmd_decoder.cc(3852)] [.ChromiumCompositor-0xacbb2fc0]GL ERROR :GL_INVALID_ENUM : glDiscardFramebufferEXT: attachments was GL_COLOR_EXT
06-28 12:50:17.449 18064 18112 E chromium: [ERROR:gles2_cmd_decoder.cc(3852)] [.ChromiumCompositor-0xacbb2fc0]GL ERROR :GL_INVALID_ENUM : glDiscardFramebufferEXT: attachments was GL_COLOR_EXT
06-28 12:50:17.464 18064 18112 E chromium: [ERROR:gles2_cmd_decoder.cc(3852)] [.ChromiumCompositor-0xacbb2fc0]GL ERROR :GL_INVALID_ENUM : glDiscardFramebufferEXT: attachments was GL_COLOR_EXT
06-28 12:50:17.482 18064 18112 E chromium: [ERROR:gles2_cmd_decoder.cc(3852)] [.ChromiumCompositor-0xacbb2fc0]GL ERROR :GL_INVALID_ENUM : glDiscardFramebufferEXT: attachments was GL_COLOR_EXT
06-28 12:50:17.491 18064 18112 E chromium: [ERROR:gles2_cmd_decoder.cc(3852)] [.ChromiumCompositor-0xacbb2fc0]GL ERROR :GL_INVALID_ENUM : glDiscardFramebufferEXT: attachments was GL_COLOR_EXT
