--------- beginning of main
06-28 10:44:59.700  3449  3449 E Finsky  : [1] com.google.android.finsky.wear.bl.a(3): onConnectionFailed: ConnectionResult{statusCode=API_UNAVAILABLE, resolution=null, message=null}
--------- beginning of system
06-28 10:45:01.030  6124  6124 E chromium: [ERROR:shell_integration_android.cc(12)] Not implemented reached in static ShellIntegration::DefaultWebClientSetPermission ShellIntegration::CanSetAsDefaultBrowser()
06-28 10:45:01.034  6124  6124 E chromium: [ERROR:browser_process_impl.cc(720)] Not implemented reached in virtual BackgroundModeManager* BrowserProcessImpl::background_mode_manager()
06-28 10:45:01.273  3218 30601 E AudioRecord-JNI: Error -4 during AudioRecord native read
06-28 10:45:03.562  6124  6172 E chromium: [ERROR:gles2_cmd_decoder.cc(3852)] [.ChromiumCompositor-0xacbb2fc0]GL ERROR :GL_INVALID_ENUM : glDiscardFramebufferEXT: attachments was GL_COLOR_EXT
06-28 10:45:03.822  6193  6206 E WPROF   : {"CSS": {"url": "http://searchengineland.com/figz/wp-content/themes/searchengineland/css/searchengineland-bootstrap.css", "requestTime": 7780.877945}}
06-28 10:45:03.823  6193  6206 E WPROF   : {"CSS": {"url": "http://fonts.googleapis.com/css?family=Oswald:300,400,700", "requestTime": 7780.878440}}
06-28 10:45:03.823  6193  6206 E WPROF   : {"CSS": {"url": "http://searchengineland.com/figz/wp-content/themes/searchengineland/style.css", "requestTime": 7780.878904}}
06-28 10:45:03.827  6193  6206 E WPROF   : {"Javascript": {"url": "http://searchengineland.com/figz/wp-content/themes/searchengineland/js/lib/modernizr.custom.js?ver=1.0", "requestTime": 7780.883030}}
06-28 10:45:03.828  6193  6206 E WPROF   : {"Javascript": {"url": "http://searchengineland.com/figz/wp-content/themes/searchengineland/js/lib/jquery-1.11.0.min.js?ver=1.11.0", "requestTime": 7780.883507}}
06-28 10:45:03.828  6193  6206 E WPROF   : {"Javascript": {"url": "http://searchengineland.com/figz/wp-content/themes/searchengineland/js/lib/jquery-ui-1.10.3.custom.min.js?ver=1.10.3", "requestTime": 7780.883879}}
06-28 10:45:03.829  6193  6206 E WPROF   : {"Javascript": {"url": "http://searchengineland.com/figz/wp-content/themes/searchengineland/js/lib/jquery.ba-throttle-debounce.min.js?ver=1.1", "requestTime": 7780.884242}}
06-28 10:45:03.829  6193  6206 E WPROF   : {"Javascript": {"url": "http://searchengineland.com/figz/wp-content/themes/searchengineland/js/lib/jquery.countdown.min.js?ver=2.0.4", "requestTime": 7780.884645}}
06-28 10:45:03.829  6193  6206 E WPROF   : {"Javascript": {"url": "http://static.chartbeat.com/js/chartbeat_mab.js", "requestTime": 7780.885067}}
06-28 10:45:04.457  6193  6206 E WPROF   : {"Javascript": {"url": "http://searchengineland.com/figz/wp-includes/js/wp-emoji-release.min.js?ver=4.7.5", "requestTime": 7781.512478}}
06-28 10:45:04.794  6193  6206 E WPROF   : {"Javascript": {"url": "http://www.googletagservices.com/tag/js/gpt.js", "requestTime": 7781.849891}}
06-28 10:45:04.816  6193  6206 E WPROF   : {"Javascript": {"url": "https://www.google-analytics.com/analytics.js", "requestTime": 7781.871606}}
06-28 10:45:04.821  6193  6206 E WPROF   : {"Javascript": {"url": "http://edge.quantserve.com/quant.js", "requestTime": 7781.876299}}
06-28 10:45:04.824  6193  6206 E WPROF   : {"Javascript": {"url": "https://connect.facebook.net/en_US/fbevents.js", "requestTime": 7781.879757}}
06-28 10:45:04.913  6124  6172 E chromium: [ERROR:gles2_cmd_decoder.cc(3852)] [.ChromiumCompositor-0xacbb2fc0]GL ERROR :GL_INVALID_ENUM : glDiscardFramebufferEXT: attachments was GL_COLOR_EXT
06-28 10:45:04.964  6193  6206 E WPROF   : {"Javascript": {"url": "http://app-sj02.marketo.com/js/forms2/js/forms2.min.js", "requestTime": 7782.019921}}
06-28 10:45:05.030  6193  6206 E WPROF   : {"Javascript": {"url": "https://securepubads.g.doubleclick.net/gpt/pubads_impl_121.js", "requestTime": 7782.085257}}
06-28 10:45:05.059  6124  6172 E chromium: [ERROR:gles2_cmd_decoder.cc(3852)] [.ChromiumCompositor-0xacbb2fc0]GL ERROR :GL_INVALID_ENUM : glDiscardFramebufferEXT: attachments was GL_COLOR_EXT
06-28 10:45:05.075  6193  6206 E WPROF   : {"Javascript": {"url": "https://connect.facebook.net/signals/config/423979991297359?v=2.7.17", "requestTime": 7782.130315}}
06-28 10:45:05.125  6124  6172 E chromium: [ERROR:gles2_cmd_decoder.cc(3852)] [.ChromiumCompositor-0xacbb2fc0]GL ERROR :GL_INVALID_ENUM : glDiscardFramebufferEXT: attachments was GL_COLOR_EXT
06-28 10:45:05.446  6193  6206 E WPROF   : {"Javascript": {"url": "http://app-sj02.marketo.com/index.php/form/getForm?munchkinId=727-ZQE-044&form=5691&url=http%3A%2F%2Fsearchengineland.com%2Fmuch-happy-customer-worth-271868&callback=jQuery110204434606763534248_1498614305376&_=1498614305377", "requestTime": 7782.502104}}
06-28 10:45:05.463  6193  6206 E WPROF   : {"Javascript": {"url": "http://app-sj02.marketo.com/index.php/form/getForm?munchkinId=727-ZQE-044&form=5685&url=http%3A%2F%2Fsearchengineland.com%2Fmuch-happy-customer-worth-271868&callback=jQuery110204434606763534248_1498614305378&_=1498614305379", "requestTime": 7782.518972}}
06-28 10:45:05.742  6193  6206 E WPROF   : {"Javascript": {"url": "http://app-sj02.marketo.com/index.php/form/getForm?munchkinId=727-ZQE-044&form=5673&url=http%3A%2F%2Fsearchengineland.com%2Fmuch-happy-customer-worth-271868&callback=jQuery110204434606763534248_1498614305380&_=1498614305381", "requestTime": 7782.797313}}
06-28 10:45:05.750  6193  6206 E WPROF   : {"Javascript": {"url": "http://searchengineland.com/js/ga_social_tracking.js", "requestTime": 7782.805770}}
06-28 10:45:05.751  6193  6206 E WPROF   : {"Javascript": {"url": "http://s7.addthis.com/js/300/addthis_widget.js#pubid=ra-53e918f660794f37", "requestTime": 7782.806558}}
06-28 10:45:06.016  6124  6172 E chromium: [ERROR:gles2_cmd_decoder.cc(3852)] [.ChromiumCompositor-0xacbb2fc0]GL ERROR :GL_INVALID_ENUM : glDiscardFramebufferEXT: attachments was GL_COLOR_EXT
06-28 10:45:06.235  6193  6206 E WPROF   : {"Javascript": {"url": "https://securepubads.g.doubleclick.net/gampad/ads?gdfp_req=1&correlator=1519006620057600&output=json_html&callback=googletag.impl.pubads.callbackProxy1&impl=fifs&json_a=1&eid=108809080%2C108809107&sc=0&sfv=1-0-9&iu_parts=1038259%2Csel-ciu-1%2Csel-ciu-2%2Csel-ciu-3%2Csel-ciu-4%2Csel-ciu-5%2Cch-retail", "requestTime": 7783.290914}}
06-28 10:45:06.260  6193  6206 E WPROF   : {"Javascript": {"url": "https://static.xx.fbcdn.net/rsrc.php/v3iy6L4/yk/l/ko_KR/be4fIjHRc8P.js", "requestTime": 7783.315773}}
06-28 10:45:06.564   862  1657 E LocSvc_IzatApiV02: E/virtual int izat_core::IzatApiV02::getBatchSize(int32_t):522]: Error : st = 4, ind.status = -1628389555
06-28 10:45:06.564   862  1657 E LocSvc_IzatApiV02: E/virtual int izat_core::IzatApiV02::getBatchSize(int32_t):535]: get batching size failed.Or modem does not support batching 
06-28 10:45:06.574   862  1657 E LocSvc_IzatApiV02: E/virtual int izat_core::IzatApiV02::getBatchSize(int32_t):522]: Error : st = 4, ind.status = -1628389555
06-28 10:45:06.574   862  1657 E LocSvc_IzatApiV02: E/virtual int izat_core::IzatApiV02::getBatchSize(int32_t):535]: get batching size failed.Or modem does not support batching 
06-28 10:45:06.607   862  1657 E LocSvc_IzatApiV02: E/virtual int izat_core::IzatApiV02::getBatchSize(int32_t):522]: Error : st = 4, ind.status = -1628389555
06-28 10:45:06.607   862  1657 E LocSvc_IzatApiV02: E/virtual int izat_core::IzatApiV02::getBatchSize(int32_t):535]: get batching size failed.Or modem does not support batching 
06-28 10:45:06.616   862  1657 E LocSvc_IzatApiV02: E/virtual int izat_core::IzatApiV02::getBatchSize(int32_t):522]: Error : st = 4, ind.status = -1628389555
06-28 10:45:06.616   862  1657 E LocSvc_IzatApiV02: E/virtual int izat_core::IzatApiV02::getBatchSize(int32_t):535]: get batching size failed.Or modem does not support batching 
06-28 10:45:06.835  6193  6206 E WPROF   : {"Javascript": {"url": "http://platform.twitter.com/widgets.js", "requestTime": 7783.890323}}
06-28 10:45:06.846  6193  6206 E WPROF   : {"Javascript": {"url": "http://connect.facebook.net/en_US/sdk.js", "requestTime": 7783.901258}}
06-28 10:45:06.847  6193  6206 E WPROF   : {"Javascript": {"url": "https://apis.google.com/js/platform.js", "requestTime": 7783.902693}}
06-28 10:45:06.877  6193  6206 E WPROF   : {"Javascript": {"url": "http://rules.quantcount.com/rules-p-5aGizvD82d9hk.js", "requestTime": 7783.932637}}
06-28 10:45:06.880  6193  6206 E WPROF   : {"Javascript": {"url": "http://munchkin.marketo.net/munchkin.js", "requestTime": 7783.935940}}
06-28 10:45:06.975  6124  6172 E chromium: [ERROR:gles2_cmd_decoder.cc(3852)] [.ChromiumCompositor-0xacbb2fc0]GL ERROR :GL_INVALID_ENUM : glDiscardFramebufferEXT: attachments was GL_COLOR_EXT
06-28 10:45:07.198  6193  6206 E WPROF   : {"Javascript": {"url": "http://cdn.api.twitter.com/1/users/show.json?screen_name=DMarketingDepot&callback=twttr.setFollowersCount", "requestTime": 7784.254044}}
06-28 10:45:07.207  6193  6206 E WPROF   : {"Javascript": {"url": "http://d2j3qa5nc37287.cloudfront.net/coupon_code1.js", "requestTime": 7784.262357}}
06-28 10:45:07.259  6193  6206 E WPROF   : {"Javascript": {"url": "http://www.googleadservices.com/pagead/conversion.js", "requestTime": 7784.314536}}
06-28 10:45:07.260  6193  6206 E WPROF   : {"Javascript": {"url": "http://searchengineland.com/figz/wp-content/themes/searchengineland/js/script.js?ver=1.0", "requestTime": 7784.315368}}
06-28 10:45:07.260  6193  6206 E WPROF   : {"Javascript": {"url": "http://searchengineland.com/figz/wp-includes/js/wp-embed.min.js?ver=4.7.5", "requestTime": 7784.315973}}
06-28 10:45:07.261  6193  6206 E WPROF   : {"Javascript": {"url": "http://searchengineland.com/figz/wp-content/themes/searchengineland/js/modules/sharing_controls.js", "requestTime": 7784.316559}}
06-28 10:45:07.329  6124  6172 E chromium: [ERROR:gles2_cmd_decoder.cc(3852)] [.ChromiumCompositor-0xacbb2fc0]GL ERROR :GL_INVALID_ENUM : glDiscardFramebufferEXT: attachments was GL_COLOR_EXT
06-28 10:45:07.381  6193  6206 E WPROF   : {"CSS": {"url": "https://www.youtube.com/yts/cssbin/www-embed-player-sprite-mode-vfl5G4Xm8.css", "requestTime": 7784.436735}}
06-28 10:45:07.382  6193  6206 E WPROF   : {"Javascript": {"url": "https://www.youtube.com/yts/jsbin/www-embed-player-vfl_UY_j8/www-embed-player.js", "requestTime": 7784.437789}}
06-28 10:45:07.383  6193  6206 E WPROF   : {"Javascript": {"url": "https://www.youtube.com/yts/jsbin/player-vflo1w4O-/ko_KR/base.js", "requestTime": 7784.438844}}
06-28 10:45:07.783  6193  6206 E WPROF   : {"Javascript": {"url": "http://dnn506yrbagrg.cloudfront.net/pages/scripts/0026/4062.js?416281", "requestTime": 7784.838545}}
06-28 10:45:08.380  6193  6206 E WPROF   : {"Javascript": {"url": "http://m.addthisedge.com/live/boost/ra-53e918f660794f37/_ate.track.config_resp", "requestTime": 7785.435557}}
06-28 10:45:08.451  6193  6206 E WPROF   : {"Javascript": {"url": "http://m.addthis.com/live/red_lojson/300lo.json?si=59530a228006f033&bkl=0&bl=1&pdt=2289&sid=59530a228006f033&pub=ra-53e918f660794f37&rev=v7.15.4-wp&ln=ko&pc=men&cb=0&ab=-&dp=searchengineland.com&fp=much-happy-customer-worth-271868&fr=&of=0&pd=0&irt=0&vcl=0&md=0&ct=1&tct=0&abt=0&cdn=0&pi=1&rb=0&gen=1", "requestTime": 7785.507049}}
06-28 10:45:08.765  6124  6172 E chromium: [ERROR:gles2_cmd_decoder.cc(3852)] [.ChromiumCompositor-0xacbb2fc0]GL ERROR :GL_INVALID_ENUM : glDiscardFramebufferEXT: attachments was GL_COLOR_EXT
06-28 10:45:09.171  6124  6172 E chromium: [ERROR:gles2_cmd_decoder.cc(3852)] [.ChromiumCompositor-0xacbb2fc0]GL ERROR :GL_INVALID_ENUM : glDiscardFramebufferEXT: attachments was GL_COLOR_EXT
06-28 10:45:10.281  6193  6206 E WPROF   : {"Javascript": {"url": "https://www.google.com/js/bg/KWBfAnWFESAEEaKKgdYlTHY9ysQaNoQuzeMFqvxDSM8.js", "requestTime": 7787.337025}}
06-28 10:45:10.285  6193  6206 E WPROF   : {"Javascript": {"url": "https://static.doubleclick.net/instream/ad_status.js", "requestTime": 7787.340499}}
06-28 10:45:10.533  6193  6206 E WPROF   : {"CSS": {"url": "http://app-sj02.marketo.com/js/forms2/css/forms2.css", "requestTime": 7787.588664}}
06-28 10:45:10.536  6193  6206 E WPROF   : {"CSS": {"url": "http://app-sj02.marketo.com/js/forms2/css/forms2-theme-simple.css", "requestTime": 7787.591892}}
06-28 10:45:10.631  6193  6206 E WPROF   : {"Javascript": {"url": "https://tpc.googlesyndication.com/pagead/js/r20170619/r20110914/client/ext/m_window_focus_non_hydra.js", "requestTime": 7787.686933}}
06-28 10:45:10.633  6193  6206 E WPROF   : {"Javascript": {"url": "https://tpc.googlesyndication.com/pagead/js/r20170619/r20110914/activeview/osd_listener.js", "requestTime": 7787.688583}}
06-28 10:45:10.637  6193  6206 E WPROF   : {"Javascript": {"url": "http://pagead2.googlesyndication.com/pagead/osd.js", "requestTime": 7787.692440}}
06-28 10:45:10.721  6193  6206 E WPROF   : {"Javascript": {"url": "http://munchkin.marketo.net/151/munchkin.js", "requestTime": 7787.776304}}
06-28 10:45:10.879  6193  6206 E WPROF   : {"Javascript": {"url": "https://platform.twitter.com/js/button.b731e6c82269f70f6fc53634e044a4c6.js", "requestTime": 7787.934833}}
06-28 10:45:10.887  6193  6206 E WPROF   : {"Javascript": {"url": "http://www.justuno.com/ajax/account_version_check.html?id=828FA275-FF73-401E-AA39-40F5A6FAB6B1", "requestTime": 7787.942215}}
06-28 10:45:11.093  6193  6206 E WPROF   : {"Javascript": {"url": "http://s7.addthis.com/static/layers.4acb6c577b51939661ec.js", "requestTime": 7788.149188}}
06-28 10:45:11.479  6124  6172 E chromium: [ERROR:gles2_cmd_decoder.cc(3852)] [.ChromiumCompositor-0xacbb2fc0]GL ERROR :GL_INVALID_ENUM : glDiscardFramebufferEXT: attachments was GL_COLOR_EXT
06-28 10:45:12.191  6124  6172 E chromium: [ERROR:gles2_cmd_decoder.cc(3852)] [.ChromiumCompositor-0xacbb2fc0]GL ERROR :GL_INVALID_ENUM : glDiscardFramebufferEXT: attachments was GL_COLOR_EXT
06-28 10:45:12.636  6124  6172 E chromium: [ERROR:gles2_cmd_decoder.cc(3852)] [.ChromiumCompositor-0xacbb2fc0]GL ERROR :GL_INVALID_ENUM : glDiscardFramebufferEXT: attachments was GL_COLOR_EXT
06-28 10:45:14.286  6193  6206 E WPROF   : {"Javascript": {"url": "http://cdn.justuno.com/mwgt_3.6.js", "requestTime": 7791.341927}}
06-28 10:45:14.507  6124  6172 E chromium: [ERROR:gles2_cmd_decoder.cc(3852)] [.ChromiumCompositor-0xacbb2fc0]GL ERROR :GL_INVALID_ENUM : glDiscardFramebufferEXT: attachments was GL_COLOR_EXT
06-28 10:45:14.698  6124  6172 E chromium: [ERROR:gles2_cmd_decoder.cc(3852)] [.ChromiumCompositor-0xacbb2fc0]GL ERROR :GL_INVALID_ENUM : glDiscardFramebufferEXT: attachments was GL_COLOR_EXT
06-28 10:45:14.791  6124  6172 E chromium: [ERROR:gles2_cmd_decoder.cc(3852)] [.ChromiumCompositor-0xacbb2fc0]GL ERROR :GL_INVALID_ENUM : glDiscardFramebufferEXT: attachments was GL_COLOR_EXT
06-28 10:45:14.919  6124  6172 E chromium: [ERROR:gles2_cmd_decoder.cc(3852)] [.ChromiumCompositor-0xacbb2fc0]GL ERROR :GL_INVALID_ENUM : glDiscardFramebufferEXT: attachments was GL_COLOR_EXT
06-28 10:45:14.957  6124  6172 E chromium: [ERROR:gles2_cmd_decoder.cc(3852)] [.ChromiumCompositor-0xacbb2fc0]GL ERROR :GL_INVALID_ENUM : glDiscardFramebufferEXT: attachments was GL_COLOR_EXT
06-28 10:45:15.084  6124  6172 E chromium: [ERROR:gles2_cmd_decoder.cc(3852)] [.ChromiumCompositor-0xacbb2fc0]GL ERROR :GL_INVALID_ENUM : glDiscardFramebufferEXT: attachments was GL_COLOR_EXT
06-28 10:45:15.347  6193  6206 E WProf.db: {"page": "searchengineland.com_much-happy-customer-worth-271868"}
06-28 10:45:15.347  6193  6206 E WProf.db: {"DOMLoad": 7792.403025}
06-28 10:45:15.347  6193  6206 E WProf.db: {"Resource": {"id": 1, "url": "http://searchengineland.com/much-happy-customer-worth-271868", "sentTime": -1.000000, "len": 89790, "from": "0x0", "mimeType": "text/html", "contentLength": -1, "httpStatus": 200, "connId": 20, "connReused": 1, "cached": 0,"requestTime": 7780.522829, "proxyStart": -1, "proxyEnd": -1, "dnsStart": -1, "dnsEnd": -1, "connectStart": 0, "connectEnd": 92, "sendStart": 92, "sendEnd": 92, "receiveHeadersEnd": 253, "sslStart": -1, "sslEnd": -1}}
06-28 10:45:15.347  6193  6206 E WProf.db: {"ReceivedChunk": {"receivedTime": 7780.794047, "len": 7630}}
06-28 10:45:15.348  6193  6206 E WProf.db: {"ReceivedChunk": {"receivedTime": 7780.870232, "len": 32768}}
06-28 10:45:15.348  6193  6206 E WProf.db: {"ReceivedChunk": {"receivedTime": 7780.870676, "len": 31883}}
06-28 10:45:15.348  6193  6206 E WProf.db: {"ReceivedChunk": {"receivedTime": 7780.939535, "len": 14278}}
06-28 10:45:15.348  6193  6206 E WProf.db: {"ReceivedChunk": {"receivedTime": 7780.940321, "len": 3231}}
06-28 10:45:15.348  6193  6206 E WProf.db: {"WprofHTMLTag": {"code": "0xaedd4630", "doc": "http://searchengineland.com/much-happy-customer-worth-271868", "row": 6, "column": 42, "tagName": "html", "time": 7780.872985, "url": "", "pos": 1, "chunkLen": 1, "isStartTag": 1}}
06-28 10:45:15.348  6193  6206 E WProf.db: {"WprofHTMLTag": {"code": "0xaf047760", "doc": "http://searchengineland.com/much-happy-customer-worth-271868", "row": 7, "column": 6, "tagName": "head", "time": 7780.873225, "url": "", "pos": 1, "chunkLen": 1, "isStartTag": 1}}
06-28 10:45:15.348  6193  6206 E WProf.db: {"WprofHTMLTag": {"code": "0xaf047790", "doc": "http://searchengineland.com/much-happy-customer-worth-271868", "row": 8, "column": 54, "tagName": "meta", "time": 7780.873269, "url": "", "pos": 1, "chunkLen": 1, "isStartTag": 1}}
06-28 10:45:15.348  6193  6206 E WProf.db: {"WprofHTMLTag": {"code": "0xaf0477c0", "doc": "http://searchengineland.com/much-happy-customer-worth-271868", "row": 9, "column": 68, "tagName": "meta", "time": 7780.873400, "url": "", "pos": 1, "chunkLen": 1, "isStartTag": 1}}
06-28 10:45:15.348  6193  6206 E WProf.db: {"WprofHTMLTag": {"code": "0xaf0478b0", "doc": "http://searchengineland.com/much-happy-customer-worth-271868", "row": 10, "column": 23, "tagName": "meta", "time": 7780.873513, "url": "", "pos": 1, "chunkLen": 1, "isStartTag": 1}}
06-28 10:45:15.348  6193  6206 E WProf.db: {"WprofHTMLTag": {"code": "0xaf0478e0", "doc": "http://searchengineland.com/much-happy-customer-worth-271868", "row": 11, "column": 52, "tagName": "meta", "time": 7780.873641, "url": "", "pos": 1, "chunkLen": 1, "isStartTag": 1}}
06-28 10:45:15.348  6193  6206 E WProf.db: {"WprofHTMLTag": {"code": "0xaf047910", "doc": "http://searchengineland.com/much-happy-customer-worth-271868", "row": 14, "column": 56, "tagName": "meta", "time": 7780.873759, "url": "", "pos": 1, "chunkLen": 1, "isStartTag": 1}}
06-28 10:45:15.348  6193  6206 E WProf.db: {"WprofHTMLTag": {"code": "0xaf047940", "doc": "http://searchengineland.com/much-happy-customer-worth-271868", "row": 15, "column": 83, "tagName": "meta", "time": 7780.873869, "url": "", "pos": 1, "chunkLen": 1, "isStartTag": 1}}
06-28 10:45:15.348  6193  6206 E WProf.db: {"WprofHTMLTag": {"code": "0xaf047970", "doc": "http://searchengineland.com/much-happy-customer-worth-271868", "row": 16, "column": 57, "tagName": "meta", "time": 7780.873981, "url": "", "pos": 1, "chunkLen": 1, "isStartTag": 1}}
06-28 10:45:15.348  6193  6206 E WProf.db: {"WprofHTMLTag": {"code": "0xaf047a00", "doc": "http://searchengineland.com/much-happy-customer-worth-271868", "row": 17, "column": 41, "tagName": "meta", "time": 7780.874089, "url": "", "pos": 1, "chunkLen": 1, "isStartTag": 1}}
06-28 10:45:15.348  6193  6206 E WProf.db: {"WprofHTMLTag": {"code": "0xaf047a30", "doc": "http://searchengineland.com/much-happy-customer-worth-271868", "row": 18, "column": 50, "tagName": "meta", "time": 7780.874194, "url": "", "pos": 1, "chunkLen": 1, "isStartTag": 1}}
06-28 10:45:15.349  6193  6206 E WProf.db: {"WprofHTMLTag": {"code": "0xaf047a60", "doc": "http://searchengineland.com/much-happy-customer-worth-271868", "row": 19, "column": 174, "tagName": "meta", "time": 7780.874302, "url": "", "pos": 1, "chunkLen": 1, "isStartTag": 1}}
06-28 10:45:15.349  6193  6206 E WProf.db: {"WprofHTMLTag": {"code": "0xaf0479d0", "doc": "http://searchengineland.com/much-happy-customer-worth-271868", "row": 20, "column": 47, "tagName": "meta", "time": 7780.874410, "url": "", "pos": 1, "chunkLen": 1, "isStartTag": 1}}
06-28 10:45:15.349  6193  6206 E WProf.db: {"WprofHTMLTag": {"code": "0xaf0479a0", "doc": "http://searchengineland.com/much-happy-customer-worth-271868", "row": 21, "column": 67, "tagName": "meta", "time": 7780.874516, "url": "", "pos": 1, "chunkLen": 1, "isStartTag": 1}}
06-28 10:45:15.349  6193  6206 E WProf.db: {"WprofHTMLTag": {"code": "0xaf047a90", "doc": "http://searchengineland.com/much-happy-customer-worth-271868", "row": 22, "column": 57, "tagName": "meta", "time": 7780.874621, "url": "", "pos": 1, "chunkLen": 1, "isStartTag": 1}}
06-28 10:45:15.349  6193  6206 E WProf.db: {"WprofHTMLTag": {"code": "0xaf047ac0", "doc": "http://searchengineland.com/much-happy-customer-worth-271868", "row": 23, "column": 65, "tagName": "meta", "time": 7780.874727, "url": "", "pos": 1, "chunkLen": 1, "isStartTag": 1}}
06-28 10:45:15.349  6193  6206 E WProf.db: {"WprofHTMLTag": {"code": "0xaf047af0", "doc": "http://searchengineland.com/much-happy-customer-worth-271868", "row": 24, "column": 55, "tagName": "meta", "time": 7780.874831, "url": "", "pos": 1, "chunkLen": 1, "isStartTag": 1}}
06-28 10:45:15.349  6193  6206 E WProf.db: {"WprofHTMLTag": {"code": "0xaf047b20", "doc": "http://searchengineland.com/much-happy-customer-worth-271868", "row": 25, "column": 71, "tagName": "meta", "time": 7780.874936, "url": "", "pos": 1, "chunkLen": 1, "isStartTag": 1}}
06-28 10:45:15.349  6193  6206 E WProf.db: {"WprofHTMLTag": {"code": "0xaf047b50", "doc": "http://searchengineland.com/much-happy-customer-worth-271868", "row": 26, "column": 86, "tagName": "meta", "time": 7780.875034, "url": "", "pos": 1, "chunkLen": 1, "isStartTag": 1}}
06-28 10:45:15.349  6193  6206 E WProf.db: {"WprofHTMLTag": {"code": "0xaf047b80", "doc": "http://searchengineland.com/much-happy-customer-worth-271868", "row": 27, "column": 54, "tagName": "meta", "time": 7780.875138, "url": "", "pos": 1, "chunkLen": 1, "isStartTag": 1}}
06-28 10:45:15.349  6193  6206 E WProf.db: {"WprofHTMLTag": {"code": "0xaf047bb0", "doc": "http://searchengineland.com/much-happy-customer-worth-271868", "row": 29, "column": 39, "tagName": "meta", "time": 7780.875245, "url": "", "pos": 1, "chunkLen": 1, "isStartTag": 1}}
06-28 10:45:15.349  6193  6206 E WProf.db: {"WprofHTMLTag": {"code": "0xaf047be0", "doc": "http://searchengineland.com/much-happy-customer-worth-271868", "row": 30, "column": 176, "tagName": "meta", "time": 7780.875347, "url": "", "pos": 1, "chunkLen": 1, "isStartTag": 1}}
06-28 10:45:15.349  6193  6206 E WProf.db: {"WprofHTMLTag": {"code": "0xaf047c10", "doc": "http://searchengineland.com/much-happy-customer-worth-271868", "row": 31, "column": 55, "tagName": "meta", "time": 7780.875447, "url": "", "pos": 1, "chunkLen": 1, "isStartTag": 1}}
06-28 10:45:15.349  6193  6206 E WProf.db: {"WprofHTMLTag": {"code": "0xaf047c40", "doc": "http://searchengineland.com/much-happy-customer-worth-271868", "row": 32, "column": 54, "tagName": "meta", "time": 7780.875554, "url": "", "pos": 1, "chunkLen": 1, "isStartTag": 1}}
06-28 10:45:15.350  6193  6206 E WProf.db: {"WprofHTMLTag": {"code": "0xaf047c70", "doc": "http://searchengineland.com/much-happy-customer-worth-271868", "row": 33, "column": 135, "tagName": "meta", "time": 7780.875659, "url": "", "pos": 1, "chunkLen": 1, "isStartTag": 1}}
06-28 10:45:15.350  6193  6206 E WProf.db: {"WprofHTMLTag": {"code": "0xaf047ca0", "doc": "http://searchengineland.com/much-happy-customer-worth-271868", "row": 37, "column": 36, "tagName": "script", "time": 7780.875763, "url": "", "pos": 1, "chunkLen": 1, "isStartTag": 1}}
06-28 10:45:15.350  6193  6206 E WProf.db: {"WprofHTMLTag": {"code": "0xaf047cd0", "doc": "http://searchengineland.com/much-happy-customer-worth-271868", "row": 53, "column": 10, "tagName": "script", "time": 7780.876009, "url": "", "pos": 1, "chunkLen": 1, "isStartTag": 0}}
06-28 10:45:15.350  6193  6206 E WProf.db: {"WprofHTMLTag": {"code": "0xaedd4660", "doc": "http://searchengineland.com/much-happy-customer-worth-271868", "row": 55, "column": 86, "tagName": "link", "time": 7780.876647, "url": "http://searchengineland.com/apple-touch-icon.png", "pos": 1, "chunkLen": 1, "isStartTag": 1}}
06-28 10:45:15.350  6193  6206 E WProf.db: {"WprofHTMLTag": {"code": "0xaf047d00", "doc": "http://searchengineland.com/much-happy-customer-worth-271868", "row": 56, "column": 76, "tagName": "link", "time": 7780.876931, "url": "http://searchengineland.com/favicon.ico", "pos": 1, "chunkLen": 1, "isStartTag": 1}}
06-28 10:45:15.350  6193  6206 E WProf.db: {"WprofHTMLTag": {"code": "0xaf047d30", "doc": "http://searchengineland.com/much-happy-customer-worth-271868", "row": 57, "column": 158, "tagName": "link", "time": 7780.877124, "url": "http://feeds.searchengineland.com/searchengineland", "pos": 1, "chunkLen": 1, "isStartTag": 1}}
06-28 10:45:15.350  6193  6206 E WProf.db: {"WprofHTMLTag": {"code": "0xaf047d60", "doc": "http://searchengineland.com/much-happy-customer-worth-271868", "row": 58, "column": 149, "tagName": "link", "time": 7780.877392, "url": "http://feeds.searchengineland.com/searchcap", "pos": 1, "chunkLen": 1, "isStartTag": 1}}
06-28 10:45:15.350  6193  6206 E WProf.db: {"WprofHTMLTag": {"code": "0xaf047d90", "doc": "http://searchengineland.com/much-happy-customer-worth-271868", "row": 59, "column": 150, "tagName": "link", "time": 7780.877663, "url": "http://searchengineland.com/figz/wp-content/themes/searchengineland/css/searchengineland-bootstrap.css", "pos": 1, "chunkLen": 1, "isStartTag": 1}}
06-28 10:45:15.350  6193  6206 E WProf.db: {"WprofHTMLTag": {"code": "0xaf047eb0", "doc": "http://searchengineland.com/much-happy-customer-worth-271868", "row": 60, "column": 105, "tagName": "link", "time": 7780.878180, "url": "http://fonts.googleapis.com/css?family=Oswald:300,400,700", "pos": 1, "chunkLen": 1, "isStartTag": 1}}
06-28 10:45:15.350  6193  6206 E WProf.db: {"WprofHTMLTag": {"code": "0xaf047f10", "doc": "http://searchengineland.com/much-happy-customer-worth-271868", "row": 61, "column": 125, "tagName": "link", "time": 7780.878638, "url": "http://searchengineland.com/figz/wp-content/themes/searchengineland/style.css", "pos": 1, "chunkLen": 1, "isStartTag": 1}}
06-28 10:45:15.350  6193  6206 E WProf.db: {"WprofHTMLTag": {"code": "0xaf047f70", "doc": "http://searchengineland.com/much-happy-customer-worth-271868", "row": 65, "column": 7, "tagName": "title", "time": 7780.879090, "url": "", "pos": 1, "chunkLen": 1, "isStartTag": 1}}
06-28 10:45:15.350  6193  6206 E WProf.db: {"WprofHTMLTag": {"code": "0xaf047fd0", "doc": "http://searchengineland.com/much-happy-customer-worth-271868", "row": 65, "column": 50, "tagName": "title", "time": 7780.879165, "url": "", "pos": 1, "chunkLen": 1, "isStartTag": 0}}
06-28 10:45:15.350  6193  6206 E WProf.db: {"WprofHTMLTag": {"code": "0xb4cc74b0", "doc": "http://searchengineland.com/much-happy-customer-worth-271868", "row": 66, "column": 191, "tagName": "meta", "time": 7780.879184, "url": "", "pos": 1, "chunkLen": 1, "isStartTag": 1}}
06-28 10:45:15.350  6193  6206 E WProf.db: {"WprofHTMLTag": {"code": "0xb4cc7540", "doc": "http://searchengineland.com/much-happy-customer-worth-271868", "row": 67, "column": 40, "tagName": "meta", "time": 7780.879297, "url": "", "pos": 1, "chunkLen": 1, "isStartTag": 1}}
06-28 10:45:15.351  6193  6206 E WProf.db: {"WprofHTMLTag": {"code": "0xb4cc78a0", "doc": "http://searchengineland.com/much-happy-customer-worth-271868", "row": 68, "column": 102, "tagName": "meta", "time": 7780.879402, "url": "", "pos": 1, "chunkLen": 1, "isStartTag": 1}}
06-28 10:45:15.351  6193  6206 E WProf.db: {"WprofHTMLTag": {"code": "0xb4cc78d0", "doc": "http://searchengineland.com/much-happy-customer-worth-271868", "row": 69, "column": 37, "tagName": "meta", "time": 7780.879512, "url": "", "pos": 1, "chunkLen": 1, "isStartTag": 1}}
06-28 10:45:15.351  6193  6206 E WProf.db: {"WprofHTMLTag": {"code": "0xb4cc7900", "doc": "http://searchengineland.com/much-happy-customer-worth-271868", "row": 70, "column": 92, "tagName": "link", "time": 7780.879616, "url": "http://searchengineland.com/much-happy-customer-worth-271868", "pos": 1, "chunkLen": 1, "isStartTag": 1}}
06-28 10:45:15.351  6193  6206 E WProf.db: {"WprofHTMLTag": {"code": "0xb4cc7930", "doc": "http://searchengineland.com/much-happy-customer-worth-271868", "row": 71, "column": 76, "tagName": "link", "time": 7780.879795, "url": "https://plus.google.com/103218677032751327334", "pos": 1, "chunkLen": 1, "isStartTag": 1}}
06-28 10:45:15.351  6193  6206 E WProf.db: {"WprofHTMLTag": {"code": "0xb4cc7960", "doc": "http://searchengineland.com/much-happy-customer-worth-271868", "row": 72, "column": 45, "tagName": "meta", "time": 7780.879976, "url": "", "pos": 1, "chunkLen": 1, "isStartTag": 1}}
06-28 10:45:15.351  6193  6206 E WProf.db: {"WprofHTMLTag": {"code": "0xb4cc7990", "doc": "http://searchengineland.com/much-happy-customer-worth-271868", "row": 73, "column": 45, "tagName": "meta", "time": 7780.880244, "url": "", "pos": 1, "chunkLen": 1, "isStartTag": 1}}
06-28 10:45:15.351  6193  6206 E WProf.db: {"WprofHTMLTag": {"code": "0xb4cc79c0", "doc": "http://searchengineland.com/much-happy-customer-worth-271868", "row": 74, "column": 74, "tagName": "meta", "time": 7780.880346, "url": "", "pos": 1, "chunkLen": 1, "isStartTag": 1}}
06-28 10:45:15.351  6193  6206 E WProf.db: {"WprofHTMLTag": {"code": "0xb4cc79f0", "doc": "http://searchengineland.com/much-happy-customer-worth-271868", "row": 75, "column": 199, "tagName": "meta", "time": 7780.880450, "url": "", "pos": 1, "chunkLen": 1, "isStartTag": 1}}
06-28 10:45:15.351  6193  6206 E WProf.db: {"WprofHTMLTag": {"code": "0xb4cc7a20", "doc": "http://searchengineland.com/much-happy-customer-worth-271868", "row": 76, "column": 97, "tagName": "meta", "time": 7780.880560, "url": "", "pos": 1, "chunkLen": 1, "isStartTag": 1}}
06-28 10:45:15.351  6193  6206 E WProf.db: {"WprofHTMLTag": {"code": "0xb4cc7a50", "doc": "http://searchengineland.com/much-happy-customer-worth-271868", "row": 77, "column": 61, "tagName": "meta", "time": 7780.880659, "url": "", "pos": 1, "chunkLen": 1, "isStartTag": 1}}
06-28 10:45:15.351  6193  6206 E WProf.db: {"WprofHTMLTag": {"code": "0xb4cc7a80", "doc": "http://searchengineland.com/much-happy-customer-worth-271868", "row": 78, "column": 89, "tagName": "meta", "time": 7780.880760, "url": "", "pos": 1, "chunkLen": 1, "isStartTag": 1}}
06-28 10:45:15.351  6193  6206 E WProf.db: {"WprofHTMLTag": {"code": "0xb4cc7ab0", "doc": "http://searchengineland.com/much-happy-customer-worth-271868", "row": 79, "column": 61, "tagName": "meta", "time": 7780.880861, "url": "", "pos": 1, "chunkLen": 1, "isStartTag": 1}}
06-28 10:45:15.351  6193  6206 E WProf.db: {"WprofHTMLTag": {"code": "0xb4cc7ae0", "doc": "http://searchengineland.com/much-happy-customer-worth-271868", "row": 80, "column": 78, "tagName": "meta", "time": 7780.880967, "url": "", "pos": 1, "chunkLen": 1, "isStartTag": 1}}
06-28 10:45:15.352  6193  6206 E WProf.db: {"WprofHTMLTag": {"code": "0xb4cc7b10", "doc": "http://searchengineland.com/much-happy-customer-worth-271868", "row": 81, "column": 129, "tagName": "meta", "time": 7780.881071, "url": "", "pos": 1, "chunkLen": 1, "isStartTag": 1}}
06-28 10:45:15.352  6193  6206 E WProf.db: {"WprofHTMLTag": {"code": "0xb4cc7b40", "doc": "http://searchengineland.com/much-happy-customer-worth-271868", "row": 82, "column": 49, "tagName": "meta", "time": 7780.881174, "url": "", "pos": 1, "chunkLen": 1, "isStartTag": 1}}
06-28 10:45:15.352  6193  6206 E WProf.db: {"WprofHTMLTag": {"code": "0xb4cc7b70", "doc": "http://searchengineland.com/much-happy-customer-worth-271868", "row": 83, "column": 50, "tagName": "meta", "time": 7780.881278, "url": "", "pos": 1, "chunkLen": 1, "isStartTag": 1}}
06-28 10:45:15.352  6193  6206 E WProf.db: {"WprofHTMLTag": {"code": "0xb4cc7ba0", "doc": "http://searchengineland.com/much-happy-customer-worth-271868", "row": 84, "column": 58, "tagName": "meta", "time": 7780.881386, "url": "", "pos": 1, "chunkLen": 1, "isStartTag": 1}}
06-28 10:45:15.352  6193  6206 E WProf.db: {"WprofHTMLTag": {"code": "0xb4cc7bd0", "doc": "http://searchengineland.com/much-happy-customer-worth-271868", "row": 85, "column": 200, "tagName": "meta", "time": 7780.881492, "url": "", "pos": 1, "chunkLen": 1, "isStartTag": 1}}
06-28 10:45:15.352  6193  6206 E WProf.db: {"WprofHTMLTag": {"code": "0xb4cc7c00", "doc": "http://searchengineland.com/much-happy-customer-worth-271868", "row": 86, "column": 75, "tagName": "meta", "time": 7780.881596, "url": "", "pos": 1, "chunkLen": 1, "isStartTag": 1}}
06-28 10:45:15.352  6193  6206 E WProf.db: {"WprofHTMLTag": {"code": "0xb4cc7c30", "doc": "http://searchengineland.com/much-happy-customer-worth-271868", "row": 87, "column": 51, "tagName": "meta", "time": 7780.881705, "url": "", "pos": 1, "chunkLen": 1, "isStartTag": 1}}
06-28 10:45:15.352  6193  6206 E WProf.db: {"WprofHTMLTag": {"code": "0xb4cc7c60", "doc": "http://searchengineland.com/much-happy-customer-worth-271868", "row": 88, "column": 130, "tagName": "meta", "time": 7780.881809, "url": "", "pos": 1, "chunkLen": 1, "isStartTag": 1}}
06-28 10:45:15.352  6193  6206 E WProf.db: {"WprofHTMLTag": {"code": "0xb4cc7c90", "doc": "http://searchengineland.com/much-happy-customer-worth-271868", "row": 89, "column": 58, "tagName": "meta", "time": 7780.881920, "url": "", "pos": 1, "chunkLen": 1, "isStartTag": 1}}
06-28 10:45:15.352  6193  6206 E WProf.db: {"WprofHTMLTag": {"code": "0xb4cc7cc0", "doc": "http://searchengineland.com/much-happy-customer-worth-271868", "row": 92, "column": 44, "tagName": "link", "time": 7780.882027, "url": "http://s.w.org/", "pos": 1, "chunkLen": 1, "isStartTag": 1}}
06-28 10:45:15.352  6193  6206 E WProf.db: {"WprofHTMLTag": {"code": "0xb4cc7cf0", "doc": "http://searchengineland.com/much-happy-customer-worth-271868", "row": 93, "column": 33, "tagName": "script", "time": 7780.882233, "url": "", "pos": 1, "chunkLen": 1, "isStartTag": 1}}
06-28 10:45:15.352  6193  6206 E WProf.db: {"WprofHTMLTag": {"code": "0xaf047880", "doc": "http://searchengineland.com/much-happy-customer-worth-271868", "row": 96, "column": 11, "tagName": "script", "time": 7780.882624, "url": "http://searchengineland.com/figz/wp-includes/js/wp-emoji-release.min.js?ver=4.7.5", "pos": 1, "chunkLen": 1, "isStartTag": 0}}
06-28 10:45:15.352  6193  6206 E WProf.db: {"WprofHTMLTag": {"code": "0xaec6c930", "doc": "http://searchengineland.com/much-happy-customer-worth-271868", "row": 97, "column": 25, "tagName": "style", "time": 7781.513741, "url": "", "pos": 1, "chunkLen": 1, "isStartTag": 1}}
06-28 10:45:15.353  6193  6206 E WProf.db: {"WprofHTMLTag": {"code": "0xaec6c960", "doc": "http://searchengineland.com/much-happy-customer-worth-271868", "row": 110, "column": 8, "tagName": "style", "time": 7781.513971, "url": "", "pos": 1, "chunkLen": 1, "isStartTag": 0}}
06-28 10:45:15.353  6193  6206 E WProf.db: {"WprofHTMLTag": {"code": "0xaec6c990", "doc": "http://searchengineland.com/much-happy-customer-worth-271868", "row": 111, "column": 140, "tagName": "script", "time": 7781.516713, "url": "http://searchengineland.com/figz/wp-content/themes/searchengineland/js/lib/modernizr.custom.js?ver=1.0", "pos": 1, "chunkLen": 1, "isStartTag": 1}}
06-28 10:45:15.353  6193  6206 E WProf.db: {"WprofHTMLTag": {"code": "0xaec6c9c0", "doc": "http://searchengineland.com/much-happy-customer-worth-271868", "row": 111, "column": 149, "tagName": "script", "time": 7781.517048, "url": "", "pos": 1, "chunkLen": 1, "isStartTag": 0}}
06-28 10:45:15.353  6193  6206 E WProf.db: {"WprofHTMLTag": {"code": "0xaec6ca50", "doc": "http://searchengineland.com/much-happy-customer-worth-271868", "row": 112, "column": 144, "tagName": "script", "time": 7781.525987, "url": "http://searchengineland.com/figz/wp-content/themes/searchengineland/js/lib/jquery-1.11.0.min.js?ver=1.11.0", "pos": 1, "chunkLen": 1, "isStartTag": 1}}
06-28 10:45:15.353  6193  6206 E WProf.db: {"WprofHTMLTag": {"code": "0xaec6ca80", "doc": "http://searchengineland.com/much-happy-customer-worth-271868", "row": 112, "column": 153, "tagName": "script", "time": 7781.526314, "url": "", "pos": 1, "chunkLen": 1, "isStartTag": 0}}
06-28 10:45:15.353  6193  6206 E WProf.db: {"WprofHTMLTag": {"code": "0xaedd4e40", "doc": "http://searchengineland.com/much-happy-customer-worth-271868", "row": 0, "column": 15, "tagName": "div", "time": 7781.598673, "url": "", "pos": 15, "chunkLen": 44, "isStartTag": 1}}
06-28 10:45:15.353  6193  6206 E WProf.db: {"WprofHTMLTag": {"code": "0xaedd4e10", "doc": "http://searchengineland.com/much-happy-customer-worth-271868", "row": 0, "column": 21, "tagName": "div", "time": 7781.598801, "url": "", "pos": 21, "chunkLen": 44, "isStartTag": 0}}
06-28 10:45:15.353  6193  6206 E WProf.db: {"WprofHTMLTag": {"code": "0xaedd4b40", "doc": "http://searchengineland.com/much-happy-customer-worth-271868", "row": 0, "column": 38, "tagName": "div", "time": 7781.598860, "url": "", "pos": 38, "chunkLen": 44, "isStartTag": 1}}
06-28 10:45:15.353  6193  6206 E WProf.db: {"WprofHTMLTag": {"code": "0xaedd4de0", "doc": "http://searchengineland.com/much-happy-customer-worth-271868", "row": 0, "column": 44, "tagName": "div", "time": 7781.598969, "url": "", "pos": 44, "chunkLen": 44, "isStartTag": 0}}
06-28 10:45:15.353  6193  6206 E WProf.db: {"WprofHTMLTag": {"code": "0xaedd4db0", "doc": "http://searchengineland.com/much-happy-customer-worth-271868", "row": 0, "column": 13, "tagName": "select", "time": 7781.600394, "url": "", "pos": 13, "chunkLen": 51, "isStartTag": 1}}
06-28 10:45:15.353  6193  6206 E WProf.db: {"WprofHTMLTag": {"code": "0xaedd4d80", "doc": "http://searchengineland.com/much-happy-customer-worth-271868", "row": 0, "column": 33, "tagName": "option", "time": 7781.600575, "url": "", "pos": 33, "chunkLen": 51, "isStartTag": 1}}
06-28 10:45:15.353  6193  6206 E WProf.db: {"WprofHTMLTag": {"code": "0xaec6cae0", "doc": "http://searchengineland.com/much-happy-customer-worth-271868", "row": 0, "column": 42, "tagName": "option", "time": 7781.600753, "url": "", "pos": 42, "chunkLen": 51, "isStartTag": 0}}
06-28 10:45:15.353  6193  6206 E WProf.db: {"WprofHTMLTag": {"code": "0xaec6cb10", "doc": "http://searchengineland.com/much-happy-customer-worth-271868", "row": 0, "column": 51, "tagName": "select", "time": 7781.600809, "url": "", "pos": 51, "chunkLen": 51, "isStartTag": 0}}
06-28 10:45:15.353  6193  6206 E WProf.db: {"WprofHTMLTag": {"code": "0xaec6cb40", "doc": "http://searchengineland.com/much-happy-customer-worth-271868", "row": 0, "column": 12, "tagName": "a", "time": 7781.605740, "url": "", "pos": 12, "chunkLen": 16, "isStartTag": 1}}
06-28 10:45:15.354  6193  6206 E WProf.db: {"WprofHTMLTag": {"code": "0xaec6cb70", "doc": "http://searchengineland.com/much-happy-customer-worth-271868", "row": 0, "column": 16, "tagName": "a", "time": 7781.605918, "url": "", "pos": 16, "chunkLen": 16, "isStartTag": 0}}
06-28 10:45:15.354  6193  6206 E WProf.db: {"WprofHTMLTag": {"code": "0xaec6cba0", "doc": "http://searchengineland.com/much-happy-customer-worth-271868", "row": 0, "column": 8, "tagName": "input", "time": 7781.606987, "url": "", "pos": 8, "chunkLen": 8, "isStartTag": 1}}
06-28 10:45:15.354  6193  6206 E WProf.db: {"WprofHTMLTag": {"code": "0xaec6cbd0", "doc": "http://searchengineland.com/much-happy-customer-worth-271868", "row": 0, "column": 9, "tagName": "link", "time": 7781.616609, "url": "", "pos": 9, "chunkLen": 42, "isStartTag": 1}}
06-28 10:45:15.354  6193  6206 E WProf.db: {"WprofHTMLTag": {"code": "0xaec6cc00", "doc": "http://searchengineland.com/much-happy-customer-worth-271868", "row": 0, "column": 16, "tagName": "table", "time": 7781.616719, "url": "", "pos": 16, "chunkLen": 42, "isStartTag": 1}}
06-28 10:45:15.354  6193  6206 E WProf.db: {"WprofHTMLTag": {"code": "0xaec6cc30", "doc": "http://searchengineland.com/much-happy-customer-worth-271868", "row": 0, "column": 24, "tagName": "table", "time": 7781.616831, "url": "", "pos": 24, "chunkLen": 42, "isStartTag": 0}}
06-28 10:45:15.354  6193  6206 E WProf.db: {"WprofHTMLTag": {"code": "0xaec6cc60", "doc": "http://searchengineland.com/much-happy-customer-worth-271868", "row": 0, "column": 37, "tagName": "a", "time": 7781.616891, "url": "", "pos": 37, "chunkLen": 42, "isStartTag": 1}}
06-28 10:45:15.354  6193  6206 E WProf.db: {"WprofHTMLTag": {"code": "0xaec6cc90", "doc": "http://searchengineland.com/much-happy-customer-worth-271868", "row": 0, "column": 42, "tagName": "a", "time": 7781.617061, "url": "", "pos": 42, "chunkLen": 42, "isStartTag": 0}}
06-28 10:45:15.354  6193  6206 E WProf.db: {"WprofHTMLTag": {"code": "0xaec6cd20", "doc": "http://searchengineland.com/much-happy-customer-worth-271868", "row": 0, "column": 10, "tagName": "textarea", "time": 7781.618146, "url": "", "pos": 10, "chunkLen": 22, "isStartTag": 1}}
06-28 10:45:15.354  6193  6206 E WProf.db: {"WprofHTMLTag": {"code": "0xaec6cd50", "doc": "http://searchengineland.com/much-happy-customer-worth-271868", "row": 0, "column": 22, "tagName": "textarea", "time": 7781.618317, "url": "", "pos": 22, "chunkLen": 22, "isStartTag": 0}}
06-28 10:45:15.354  6193  6206 E WProf.db: {"WprofHTMLTag": {"code": "0xaec6cd80", "doc": "http://searchengineland.com/much-happy-customer-worth-271868", "row": 0, "column": 48, "tagName": "input", "time": 7781.619376, "url": "", "pos": 48, "chunkLen": 48, "isStartTag": 1}}
06-28 10:45:15.354  6193  6206 E WProf.db: {"WprofHTMLTag": {"code": "0xaec6cde0", "doc": "http://searchengineland.com/much-happy-customer-worth-271868", "row": 0, "column": 9, "tagName": "link", "time": 7781.623713, "url": "", "pos": 9, "chunkLen": 66, "isStartTag": 1}}
06-28 10:45:15.354  6193  6206 E WProf.db: {"WprofHTMLTag": {"code": "0xaec6ce10", "doc": "http://searchengineland.com/much-happy-customer-worth-271868", "row": 0, "column": 16, "tagName": "table", "time": 7781.623824, "url": "", "pos": 16, "chunkLen": 66, "isStartTag": 1}}
06-28 10:45:15.354  6193  6206 E WProf.db: {"WprofHTMLTag": {"code": "0xaec6ce40", "doc": "http://searchengineland.com/much-happy-customer-worth-271868", "row": 0, "column": 24, "tagName": "table", "time": 7781.623893, "url": "", "pos": 24, "chunkLen": 66, "isStartTag": 0}}
06-28 10:45:15.355  6193  6206 E WProf.db: {"WprofHTMLTag": {"code": "0xaec6ce70", "doc": "http://searchengineland.com/much-happy-customer-worth-271868", "row": 0, "column": 37, "tagName": "a", "time": 7781.623953, "url": "", "pos": 37, "chunkLen": 66, "isStartTag": 1}}
06-28 10:45:15.355  6193  6206 E WProf.db: {"WprofHTMLTag": {"code": "0xaec6cea0", "doc": "http://searchengineland.com/much-happy-customer-worth-271868", "row": 0, "column": 42, "tagName": "a", "time": 7781.624120, "url": "", "pos": 42, "chunkLen": 66, "isStartTag": 0}}
06-28 10:45:15.355  6193  6206 E WProf.db: {"WprofHTMLTag": {"code": "0xaec6ced0", "doc": "http://searchengineland.com/much-happy-customer-worth-271868", "row": 0, "column": 66, "tagName": "input", "time": 7781.624181, "url": "", "pos": 66, "chunkLen": 66, "isStartTag": 1}}
06-28 10:45:15.355  6193  6206 E WProf.db: {"WprofHTMLTag": {"code": "0xaec6cf60", "doc": "http://searchengineland.com/much-happy-customer-worth-271868", "row": 0, "column": 9, "tagName": "link", "time": 7781.625844, "url": "", "pos": 9, "chunkLen": 66, "isStartTag": 1}}
06-28 10:45:15.355  6193  6206 E WProf.db: {"WprofHTMLTag": {"code": "0xaec6cf90", "doc": "http://searchengineland.com/much-happy-customer-worth-271868", "row": 0, "column": 16, "tagName": "table", "time": 7781.625948, "url": "", "pos": 16, "chunkLen": 66, "isStartTag": 1}}
06-28 10:45:15.355  6193  6206 E WProf.db: {"WprofHTMLTag": {"code": "0xaec6cfc0", "doc": "http://searchengineland.com/much-happy-customer-worth-271868", "row": 0, "column": 24, "tagName": "table", "time": 7781.626012, "url": "", "pos": 24, "chunkLen": 66, "isStartTag": 0}}
06-28 10:45:15.355  6193  6206 E WProf.db: {"WprofHTMLTag": {"code": "0xaec6cff0", "doc": "http://searchengineland.com/much-happy-customer-worth-271868", "row": 0, "column": 37, "tagName": "a", "time": 7781.626070, "url": "", "pos": 37, "chunkLen": 66, "isStartTag": 1}}
06-28 10:45:15.355  6193  6206 E WProf.db: {"WprofHTMLTag": {"code": "0xaec6d020", "doc": "http://searchengineland.com/much-happy-customer-worth-271868", "row": 0, "column": 42, "tagName": "a", "time": 7781.626237, "url": "", "pos": 42, "chunkLen": 66, "isStartTag": 0}}
06-28 10:45:15.355  6193  6206 E WProf.db: {"WprofHTMLTag": {"code": "0xaec6d050", "doc": "http://searchengineland.com/much-happy-customer-worth-271868", "row": 0, "column": 66, "tagName": "input", "time": 7781.626298, "url": "", "pos": 66, "chunkLen": 66, "isStartTag": 1}}
06-28 10:45:15.355  6193  6206 E WProf.db: {"WprofHTMLTag": {"code": "0xaec6d0b0", "doc": "http://searchengineland.com/much-happy-customer-worth-271868", "row": 0, "column": 9, "tagName": "link", "time": 7781.631452, "url": "", "pos": 9, "chunkLen": 66, "isStartTag": 1}}
06-28 10:45:15.355  6193  6206 E WProf.db: {"WprofHTMLTag": {"code": "0xaec6d0e0", "doc": "http://searchengineland.com/much-happy-customer-worth-271868", "row": 0, "column": 16, "tagName": "table", "time": 7781.631564, "url": "", "pos": 16, "chunkLen": 66, "isStartTag": 1}}
06-28 10:45:15.355  6193  6206 E WProf.db: {"WprofHTMLTag": {"code": "0xaec6d110", "doc": "http://searchengineland.com/much-happy-customer-worth-271868", "row": 0, "column": 24, "tagName": "table", "time": 7781.631638, "url": "", "pos": 24, "chunkLen": 66, "isStartTag": 0}}
06-28 10:45:15.355  6193  6206 E WProf.db: {"WprofHTMLTag": {"code": "0xaec6d140", "doc": "http://searchengineland.com/much-happy-customer-worth-271868", "row": 0, "column": 37, "tagName": "a", "time": 7781.631701, "url": "", "pos": 37, "chunkLen": 66, "isStartTag": 1}}
06-28 10:45:15.356  6193  6206 E WProf.db: {"WprofHTMLTag": {"code": "0xaec6d170", "doc": "http://searchengineland.com/much-happy-customer-worth-271868", "row": 0, "column": 42, "tagName": "a", "time": 7781.631855, "url": "", "pos": 42, "chunkLen": 66, "isStartTag": 0}}
06-28 10:45:15.356  6193  6206 E WProf.db: {"WprofHTMLTag": {"code": "0xaec6d1a0", "doc": "http://searchengineland.com/much-happy-customer-worth-271868", "row": 0, "column": 66, "tagName": "input", "time": 7781.631915, "url": "", "pos": 66, "chunkLen": 66, "isStartTag": 1}}
06-28 10:45:15.356  6193  6206 E WProf.db: {"WprofHTMLTag": {"code": "0xaec6ca20", "doc": "http://searchengineland.com/much-happy-customer-worth-271868", "row": 113, "column": 154, "tagName": "script", "time": 7781.643426, "url": "http://searchengineland.com/figz/wp-content/themes/searchengineland/js/lib/jquery-ui-1.10.3.custom.min.js?ver=1.10.3", "pos": 67, "chunkLen": 67, "isStartTag": 1}}
06-28 10:45:15.356  6193  6206 E WProf.db: {"WprofHTMLTag": {"code": "0xaec6d2c0", "doc": "http://searchengineland.com/much-happy-customer-worth-271868", "row": 113, "column": 163, "tagName": "script", "time": 7781.643680, "url": "", "pos": 67, "chunkLen": 67, "isStartTag": 0}}
06-28 10:45:15.356  6193  6206 E WProf.db: {"WprofHTMLTag": {"code": "0xaedd4ff0", "doc": "http://searchengineland.com/much-happy-customer-worth-271868", "row": 0, "column": 111, "tagName": "div", "time": 7781.784448, "url": "", "pos": 111, "chunkLen": 117, "isStartTag": 1}}
06-28 10:45:15.356  6193  6206 E WProf.db: {"WprofHTMLTag": {"code": "0xaedd4fc0", "doc": "http://searchengineland.com/much-happy-customer-worth-271868", "row": 0, "column": 117, "tagName": "div", "time": 7781.784658, "url": "", "pos": 117, "chunkLen": 117, "isStartTag": 0}}
06-28 10:45:15.356  6193  6206 E WProf.db: {"WprofHTMLTag": {"code": "0xaec6d620", "doc": "http://searchengineland.com/much-happy-customer-worth-271868", "row": 114, "column": 155, "tagName": "script", "time": 7781.840361, "url": "http://searchengineland.com/figz/wp-content/themes/searchengineland/js/lib/jquery.ba-throttle-debounce.min.js?ver=1.1", "pos": 118, "chunkLen": 118, "isStartTag": 1}}
06-28 10:45:15.356  6193  6206 E WProf.db: {"WprofHTMLTag": {"code": "0xaec6d7d0", "doc": "http://searchengineland.com/much-happy-customer-worth-271868", "row": 114, "column": 164, "tagName": "script", "time": 7781.840672, "url": "", "pos": 118, "chunkLen": 118, "isStartTag": 0}}
06-28 10:45:15.356  6193  6206 E WProf.db: {"WprofHTMLTag": {"code": "0xaec6d800", "doc": "http://searchengineland.com/much-happy-customer-worth-271868", "row": 115, "column": 146, "tagName": "script", "time": 7781.842096, "url": "http://searchengineland.com/figz/wp-content/themes/searchengineland/js/lib/jquery.countdown.min.js?ver=2.0.4", "pos": 118, "chunkLen": 118, "isStartTag": 1}}
06-28 10:45:15.356  6193  6206 E WProf.db: {"WprofHTMLTag": {"code": "0xaec6d830", "doc": "http://searchengineland.com/much-happy-customer-worth-271868", "row": 115, "column": 155, "tagName": "script", "time": 7781.842358, "url": "", "pos": 118, "chunkLen": 118, "isStartTag": 0}}
06-28 10:45:15.356  6193  6206 E WProf.db: {"WprofHTMLTag": {"code": "0xaec6d860", "doc": "http://searchengineland.com/much-happy-customer-worth-271868", "row": 116, "column": 77, "tagName": "link", "time": 7781.845332, "url": "http://searchengineland.com/wp-json/", "pos": 118, "chunkLen": 118, "isStartTag": 1}}
06-28 10:45:15.356  6193  6206 E WProf.db: {"WprofHTMLTag": {"code": "0xaec6d950", "doc": "http://searchengineland.com/much-happy-customer-worth-271868", "row": 117, "column": 69, "tagName": "link", "time": 7781.845595, "url": "http://searchengineland.com/?p=271868", "pos": 118, "chunkLen": 118, "isStartTag": 1}}
06-28 10:45:15.356  6193  6206 E WProf.db: {"WprofHTMLTag": {"code": "0xaec6d980", "doc": "http://searchengineland.com/much-happy-customer-worth-271868", "row": 118, "column": 188, "tagName": "link", "time": 7781.845796, "url": "http://searchengineland.com/wp-json/oembed/1.0/embed?url=http%3A%2F%2Fsearchengineland.com%2Fmuch-happy-customer-worth-271868", "pos": 118, "chunkLen": 118, "isStartTag": 1}}
