--------- beginning of main
06-28 16:13:58.165  3449  3449 E Finsky  : [1] com.google.android.finsky.wear.bl.a(3): onConnectionFailed: ConnectionResult{statusCode=API_UNAVAILABLE, resolution=null, message=null}
--------- beginning of system
06-28 16:13:59.383 24863 24863 E chromium: [ERROR:shell_integration_android.cc(12)] Not implemented reached in static ShellIntegration::DefaultWebClientSetPermission ShellIntegration::CanSetAsDefaultBrowser()
06-28 16:13:59.387 24863 24863 E chromium: [ERROR:browser_process_impl.cc(720)] Not implemented reached in virtual BackgroundModeManager* BrowserProcessImpl::background_mode_manager()
06-28 16:13:59.620  3218   781 E AudioRecord-JNI: Error -4 during AudioRecord native read
06-28 16:14:02.286 24863 24910 E chromium: [ERROR:gles2_cmd_decoder.cc(3852)] [.ChromiumCompositor-0xacbb2fc0]GL ERROR :GL_INVALID_ENUM : glDiscardFramebufferEXT: attachments was GL_COLOR_EXT
06-28 16:14:02.530 24930 24943 E WPROF   : {"CSS": {"url": "http://searchengineland.com/figz/wp-content/themes/searchengineland/css/searchengineland-bootstrap.css", "requestTime": 27519.585580}}
06-28 16:14:02.530 24930 24943 E WPROF   : {"CSS": {"url": "http://fonts.googleapis.com/css?family=Oswald:300,400,700", "requestTime": 27519.586214}}
06-28 16:14:02.531 24930 24943 E WPROF   : {"CSS": {"url": "http://searchengineland.com/figz/wp-content/themes/searchengineland/style.css", "requestTime": 27519.586782}}
06-28 16:14:02.543 24930 24943 E WPROF   : {"Javascript": {"url": "http://searchengineland.com/figz/wp-content/themes/searchengineland/js/lib/modernizr.custom.js?ver=1.0", "requestTime": 27519.598848}}
06-28 16:14:02.544 24930 24943 E WPROF   : {"Javascript": {"url": "http://searchengineland.com/figz/wp-content/themes/searchengineland/js/lib/jquery-1.11.0.min.js?ver=1.11.0", "requestTime": 27519.599349}}
06-28 16:14:02.544 24930 24943 E WPROF   : {"Javascript": {"url": "http://searchengineland.com/figz/wp-content/themes/searchengineland/js/lib/jquery-ui-1.10.3.custom.min.js?ver=1.10.3", "requestTime": 27519.599735}}
06-28 16:14:02.545 24930 24943 E WPROF   : {"Javascript": {"url": "http://searchengineland.com/figz/wp-content/themes/searchengineland/js/lib/jquery.ba-throttle-debounce.min.js?ver=1.1", "requestTime": 27519.600233}}
06-28 16:14:02.545 24930 24943 E WPROF   : {"Javascript": {"url": "http://searchengineland.com/figz/wp-content/themes/searchengineland/js/lib/jquery.countdown.min.js?ver=2.0.4", "requestTime": 27519.600681}}
06-28 16:14:02.545 24930 24943 E WPROF   : {"Javascript": {"url": "http://static.chartbeat.com/js/chartbeat_mab.js", "requestTime": 27519.601169}}
06-28 16:14:03.307 24930 24943 E WPROF   : {"Javascript": {"url": "http://searchengineland.com/figz/wp-includes/js/wp-emoji-release.min.js?ver=4.7.5", "requestTime": 27520.362882}}
06-28 16:14:03.698 24930 24943 E WPROF   : {"Javascript": {"url": "http://www.googletagservices.com/tag/js/gpt.js", "requestTime": 27520.753393}}
06-28 16:14:03.705 24930 24943 E WPROF   : {"Javascript": {"url": "https://www.google-analytics.com/analytics.js", "requestTime": 27520.760657}}
06-28 16:14:03.708 24930 24943 E WPROF   : {"Javascript": {"url": "http://edge.quantserve.com/quant.js", "requestTime": 27520.763578}}
06-28 16:14:03.711 24930 24943 E WPROF   : {"Javascript": {"url": "https://connect.facebook.net/en_US/fbevents.js", "requestTime": 27520.767112}}
06-28 16:14:03.817 24863 24910 E chromium: [ERROR:gles2_cmd_decoder.cc(3852)] [.ChromiumCompositor-0xacbb2fc0]GL ERROR :GL_INVALID_ENUM : glDiscardFramebufferEXT: attachments was GL_COLOR_EXT
06-28 16:14:03.850 24930 24943 E WPROF   : {"Javascript": {"url": "http://app-sj02.marketo.com/js/forms2/js/forms2.min.js", "requestTime": 27520.906110}}
06-28 16:14:03.917 24930 24943 E WPROF   : {"Javascript": {"url": "https://securepubads.g.doubleclick.net/gpt/pubads_impl_121.js", "requestTime": 27520.972715}}
06-28 16:14:03.963 24863 24910 E chromium: [ERROR:gles2_cmd_decoder.cc(3852)] [.ChromiumCompositor-0xacbb2fc0]GL ERROR :GL_INVALID_ENUM : glDiscardFramebufferEXT: attachments was GL_COLOR_EXT
06-28 16:14:03.968 24930 24943 E WPROF   : {"Javascript": {"url": "https://connect.facebook.net/signals/config/423979991297359?v=2.7.17", "requestTime": 27521.023260}}
06-28 16:14:04.413 24930 24943 E WPROF   : {"Javascript": {"url": "http://app-sj02.marketo.com/index.php/form/getForm?munchkinId=727-ZQE-044&form=5691&url=http%3A%2F%2Fsearchengineland.com%2Fneed-know-referrer-policy-276185&callback=jQuery110207970569105818868_1498634044340&_=1498634044341", "requestTime": 27521.469176}}
06-28 16:14:04.429 24930 24943 E WPROF   : {"Javascript": {"url": "http://app-sj02.marketo.com/index.php/form/getForm?munchkinId=727-ZQE-044&form=5685&url=http%3A%2F%2Fsearchengineland.com%2Fneed-know-referrer-policy-276185&callback=jQuery110207970569105818868_1498634044342&_=1498634044343", "requestTime": 27521.484961}}
06-28 16:14:04.740 24863 24910 E chromium: [ERROR:gles2_cmd_decoder.cc(3852)] [.ChromiumCompositor-0xacbb2fc0]GL ERROR :GL_INVALID_ENUM : glDiscardFramebufferEXT: attachments was GL_COLOR_EXT
06-28 16:14:04.754 24930 24943 E WPROF   : {"Javascript": {"url": "http://app-sj02.marketo.com/index.php/form/getForm?munchkinId=727-ZQE-044&form=5673&url=http%3A%2F%2Fsearchengineland.com%2Fneed-know-referrer-policy-276185&callback=jQuery110207970569105818868_1498634044344&_=1498634044345", "requestTime": 27521.809233}}
06-28 16:14:04.781 24930 24943 E WPROF   : {"Javascript": {"url": "http://searchengineland.com/js/ga_social_tracking.js", "requestTime": 27521.836736}}
06-28 16:14:04.782 24930 24943 E WPROF   : {"Javascript": {"url": "http://s7.addthis.com/js/300/addthis_widget.js#pubid=ra-53e918f660794f37", "requestTime": 27521.837546}}
06-28 16:14:04.910   862  1657 E LocSvc_IzatApiV02: E/virtual int izat_core::IzatApiV02::getBatchSize(int32_t):522]: Error : st = 4, ind.status = -1628389555
06-28 16:14:04.910   862  1657 E LocSvc_IzatApiV02: E/virtual int izat_core::IzatApiV02::getBatchSize(int32_t):535]: get batching size failed.Or modem does not support batching 
06-28 16:14:04.919   862  1657 E LocSvc_IzatApiV02: E/virtual int izat_core::IzatApiV02::getBatchSize(int32_t):522]: Error : st = 4, ind.status = -1628389555
06-28 16:14:04.919   862  1657 E LocSvc_IzatApiV02: E/virtual int izat_core::IzatApiV02::getBatchSize(int32_t):535]: get batching size failed.Or modem does not support batching 
06-28 16:14:04.952   862  1657 E LocSvc_IzatApiV02: E/virtual int izat_core::IzatApiV02::getBatchSize(int32_t):522]: Error : st = 4, ind.status = -1628389555
06-28 16:14:04.953   862  1657 E LocSvc_IzatApiV02: E/virtual int izat_core::IzatApiV02::getBatchSize(int32_t):535]: get batching size failed.Or modem does not support batching 
06-28 16:14:04.962   862  1657 E LocSvc_IzatApiV02: E/virtual int izat_core::IzatApiV02::getBatchSize(int32_t):522]: Error : st = 4, ind.status = -1628389555
06-28 16:14:04.962   862  1657 E LocSvc_IzatApiV02: E/virtual int izat_core::IzatApiV02::getBatchSize(int32_t):535]: get batching size failed.Or modem does not support batching 
06-28 16:14:05.257 24930 24943 E WPROF   : {"Javascript": {"url": "https://securepubads.g.doubleclick.net/gampad/ads?gdfp_req=1&correlator=1147103222956032&output=json_html&callback=googletag.impl.pubads.callbackProxy1&impl=fifs&json_a=1&eid=108809080%2C108809107&sc=0&sfv=1-0-9&iu_parts=1038259%2Csel-ciu-1%2Csel-ciu-2%2Csel-ciu-3%2Csel-ciu-4%2Csel-ciu-5%2Cch-seo-le", "requestTime": 27522.313191}}
06-28 16:14:05.297 24930 24943 E WPROF   : {"Javascript": {"url": "https://static.xx.fbcdn.net/rsrc.php/v3iy6L4/yF/l/ko_KR/w3AiswiqjrJ.js", "requestTime": 27522.352618}}
06-28 16:14:05.498 24930 24943 E WPROF   : {"Javascript": {"url": "http://cdn.api.twitter.com/1/users/show.json?screen_name=patrickstox&callback=twttr.setFollowersCount", "requestTime": 27522.553938}}
06-28 16:14:05.585 24863 24910 E chromium: [ERROR:gles2_cmd_decoder.cc(3852)] [.ChromiumCompositor-0xacbb2fc0]GL ERROR :GL_INVALID_ENUM : glDiscardFramebufferEXT: attachments was GL_COLOR_EXT
06-28 16:14:05.955 24930 24943 E WPROF   : {"Javascript": {"url": "http://platform.twitter.com/widgets.js", "requestTime": 27523.010765}}
06-28 16:14:05.958 24930 24943 E WPROF   : {"Javascript": {"url": "http://connect.facebook.net/en_US/sdk.js", "requestTime": 27523.013249}}
06-28 16:14:05.960 24930 24943 E WPROF   : {"Javascript": {"url": "https://apis.google.com/js/platform.js", "requestTime": 27523.015280}}
06-28 16:14:05.978 24930 24943 E WPROF   : {"Javascript": {"url": "http://rules.quantcount.com/rules-p-5aGizvD82d9hk.js", "requestTime": 27523.033994}}
06-28 16:14:05.982 24930 24943 E WPROF   : {"Javascript": {"url": "http://munchkin.marketo.net/munchkin.js", "requestTime": 27523.037330}}
06-28 16:14:06.142 24930 24943 E WPROF   : {"Javascript": {"url": "http://d2j3qa5nc37287.cloudfront.net/coupon_code1.js", "requestTime": 27523.197631}}
06-28 16:14:06.222 24863 24910 E chromium: [ERROR:gles2_cmd_decoder.cc(3852)] [.ChromiumCompositor-0xacbb2fc0]GL ERROR :GL_INVALID_ENUM : glDiscardFramebufferEXT: attachments was GL_COLOR_EXT
06-28 16:14:06.268 24930 24943 E WPROF   : {"Javascript": {"url": "http://www.googleadservices.com/pagead/conversion.js", "requestTime": 27523.323489}}
06-28 16:14:06.269 24930 24943 E WPROF   : {"Javascript": {"url": "http://searchengineland.com/figz/wp-content/themes/searchengineland/js/script.js?ver=1.0", "requestTime": 27523.325111}}
06-28 16:14:06.270 24930 24943 E WPROF   : {"Javascript": {"url": "http://searchengineland.com/figz/wp-includes/js/wp-embed.min.js?ver=4.7.5", "requestTime": 27523.325710}}
06-28 16:14:06.271 24930 24943 E WPROF   : {"Javascript": {"url": "http://searchengineland.com/figz/wp-content/themes/searchengineland/js/modules/sharing_controls.js", "requestTime": 27523.326782}}
06-28 16:14:06.356 24930 24943 E WPROF   : {"CSS": {"url": "https://www.youtube.com/yts/cssbin/www-embed-player-sprite-mode-vfl5G4Xm8.css", "requestTime": 27523.412204}}
06-28 16:14:06.358 24930 24943 E WPROF   : {"Javascript": {"url": "https://www.youtube.com/yts/jsbin/www-embed-player-vfl_UY_j8/www-embed-player.js", "requestTime": 27523.413432}}
06-28 16:14:06.358 24930 24943 E WPROF   : {"Javascript": {"url": "https://www.youtube.com/yts/jsbin/player-vflo1w4O-/ko_KR/base.js", "requestTime": 27523.413792}}
06-28 16:14:06.363 24863 24910 E chromium: [ERROR:gles2_cmd_decoder.cc(3852)] [.ChromiumCompositor-0xacbb2fc0]GL ERROR :GL_INVALID_ENUM : glDiscardFramebufferEXT: attachments was GL_COLOR_EXT
06-28 16:14:06.570 24930 24943 E WPROF   : {"Javascript": {"url": "http://dnn506yrbagrg.cloudfront.net/pages/scripts/0026/4062.js?416287", "requestTime": 27523.625581}}
06-28 16:14:07.105 24863 24910 E chromium: [ERROR:gles2_cmd_decoder.cc(3852)] [.ChromiumCompositor-0xacbb2fc0]GL ERROR :GL_INVALID_ENUM : glDiscardFramebufferEXT: attachments was GL_COLOR_EXT
06-28 16:14:07.728 24930 24943 E WPROF   : {"Javascript": {"url": "http://m.addthisedge.com/live/boost/ra-53e918f660794f37/_ate.track.config_resp", "requestTime": 27524.783253}}
06-28 16:14:07.819 24930 24943 E WPROF   : {"Javascript": {"url": "http://m.addthis.com/live/red_lojson/300lo.json?si=5953573d18541c0e&bkl=0&bl=1&pdt=2602&sid=5953573d18541c0e&pub=ra-53e918f660794f37&rev=v7.15.4-wp&ln=ko&pc=men&cb=0&ab=-&dp=searchengineland.com&fp=need-know-referrer-policy-276185&fr=&of=0&pd=0&irt=0&vcl=0&md=0&ct=1&tct=0&abt=0&cdn=0&pi=1&rb=0&gen=1", "requestTime": 27524.874978}}
06-28 16:14:08.142 24863 24910 E chromium: [ERROR:gles2_cmd_decoder.cc(3852)] [.ChromiumCompositor-0xacbb2fc0]GL ERROR :GL_INVALID_ENUM : glDiscardFramebufferEXT: attachments was GL_COLOR_EXT
06-28 16:14:08.354 24863 24910 E chromium: [ERROR:gles2_cmd_decoder.cc(3852)] [.ChromiumCompositor-0xacbb2fc0]GL ERROR :GL_INVALID_ENUM : glDiscardFramebufferEXT: attachments was GL_COLOR_EXT
06-28 16:14:09.275 24930 24943 E WPROF   : {"Javascript": {"url": "https://www.google.com/js/bg/KWBfAnWFESAEEaKKgdYlTHY9ysQaNoQuzeMFqvxDSM8.js", "requestTime": 27526.330638}}
06-28 16:14:09.277 24930 24943 E WPROF   : {"Javascript": {"url": "https://static.doubleclick.net/instream/ad_status.js", "requestTime": 27526.332978}}
06-28 16:14:09.523 24930 24943 E WPROF   : {"CSS": {"url": "http://app-sj02.marketo.com/js/forms2/css/forms2.css", "requestTime": 27526.578566}}
06-28 16:14:09.532 24930 24943 E WPROF   : {"CSS": {"url": "http://app-sj02.marketo.com/js/forms2/css/forms2-theme-simple.css", "requestTime": 27526.587864}}
06-28 16:14:09.696 24930 24943 E WPROF   : {"Javascript": {"url": "https://tpc.googlesyndication.com/pagead/js/r20170619/r20110914/client/ext/m_window_focus_non_hydra.js", "requestTime": 27526.751672}}
06-28 16:14:09.698 24930 24943 E WPROF   : {"Javascript": {"url": "https://tpc.googlesyndication.com/pagead/js/r20170619/r20110914/activeview/osd_listener.js", "requestTime": 27526.753949}}
06-28 16:14:09.704 24930 24943 E WPROF   : {"Javascript": {"url": "http://pagead2.googlesyndication.com/pagead/osd.js", "requestTime": 27526.759312}}
06-28 16:14:09.958 24930 24943 E WPROF   : {"Javascript": {"url": "https://platform.twitter.com/js/button.b731e6c82269f70f6fc53634e044a4c6.js", "requestTime": 27527.013716}}
06-28 16:14:09.963 24930 24943 E WPROF   : {"Javascript": {"url": "http://munchkin.marketo.net/151/munchkin.js", "requestTime": 27527.019095}}
06-28 16:14:09.970 24930 24943 E WPROF   : {"Javascript": {"url": "http://www.justuno.com/ajax/account_version_check.html?id=828FA275-FF73-401E-AA39-40F5A6FAB6B1", "requestTime": 27527.025968}}
06-28 16:14:10.198 24930 24943 E WPROF   : {"Javascript": {"url": "http://s7.addthis.com/static/layers.4acb6c577b51939661ec.js", "requestTime": 27527.254023}}
06-28 16:14:10.630 24863 24910 E chromium: [ERROR:gles2_cmd_decoder.cc(3852)] [.ChromiumCompositor-0xacbb2fc0]GL ERROR :GL_INVALID_ENUM : glDiscardFramebufferEXT: attachments was GL_COLOR_EXT
06-28 16:14:11.160 24863 24910 E chromium: [ERROR:gles2_cmd_decoder.cc(3852)] [.ChromiumCompositor-0xacbb2fc0]GL ERROR :GL_INVALID_ENUM : glDiscardFramebufferEXT: attachments was GL_COLOR_EXT
06-28 16:14:11.667 24863 24910 E chromium: [ERROR:gles2_cmd_decoder.cc(3852)] [.ChromiumCompositor-0xacbb2fc0]GL ERROR :GL_INVALID_ENUM : glDiscardFramebufferEXT: attachments was GL_COLOR_EXT
06-28 16:14:13.471 24930 24943 E WPROF   : {"Javascript": {"url": "http://cdn.justuno.com/mwgt_3.6.js", "requestTime": 27530.526863}}
06-28 16:14:13.738 24863 24910 E chromium: [ERROR:gles2_cmd_decoder.cc(3852)] [.ChromiumCompositor-0xacbb2fc0]GL ERROR :GL_INVALID_ENUM : glDiscardFramebufferEXT: attachments was GL_COLOR_EXT
06-28 16:14:13.863 24863 24910 E chromium: [ERROR:gles2_cmd_decoder.cc(3852)] [.ChromiumCompositor-0xacbb2fc0]GL ERROR :GL_INVALID_ENUM : glDiscardFramebufferEXT: attachments was GL_COLOR_EXT
06-28 16:14:14.013 24863 24910 E chromium: [ERROR:gles2_cmd_decoder.cc(3852)] [.ChromiumCompositor-0xacbb2fc0]GL ERROR :GL_INVALID_ENUM : glDiscardFramebufferEXT: attachments was GL_COLOR_EXT
06-28 16:14:14.131 24863 24910 E chromium: [ERROR:gles2_cmd_decoder.cc(3852)] [.ChromiumCompositor-0xacbb2fc0]GL ERROR :GL_INVALID_ENUM : glDiscardFramebufferEXT: attachments was GL_COLOR_EXT
06-28 16:14:14.215 24863 24910 E chromium: [ERROR:gles2_cmd_decoder.cc(3852)] [.ChromiumCompositor-0xacbb2fc0]GL ERROR :GL_INVALID_ENUM : glDiscardFramebufferEXT: attachments was GL_COLOR_EXT
06-28 16:14:14.382 24863 24910 E chromium: [ERROR:gles2_cmd_decoder.cc(3852)] [.ChromiumCompositor-0xacbb2fc0]GL ERROR :GL_INVALID_ENUM : glDiscardFramebufferEXT: attachments was GL_COLOR_EXT
06-28 16:14:14.466 24863 24910 E chromium: [ERROR:gles2_cmd_decoder.cc(3852)] [.ChromiumCompositor-0xacbb2fc0]GL ERROR :GL_INVALID_ENUM : glDiscardFramebufferEXT: attachments was GL_COLOR_EXT
06-28 16:14:15.055 24930 24943 E WPROF   : {"Javascript": {"url": "https://cdn.syndication.twimg.com/widgets/followbutton/info.json?callback=__twttr.setFollowersCountAndFollowing&lang=en&screen_names=sengineland", "requestTime": 27532.110340}}
06-28 16:14:15.882 24863 24910 E chromium: [ERROR:gles2_cmd_decoder.cc(3852)] [.ChromiumCompositor-0xacbb2fc0]GL ERROR :GL_INVALID_ENUM : glDiscardFramebufferEXT: attachments was GL_COLOR_EXT
06-28 16:14:15.911 24863 24910 E chromium: [ERROR:gles2_cmd_decoder.cc(3852)] [.ChromiumCompositor-0xacbb2fc0]GL ERROR :GL_INVALID_ENUM : glDiscardFramebufferEXT: attachments was GL_COLOR_EXT
06-28 16:14:15.923 24930 24943 E WProf.db: {"page": "searchengineland.com_need-know-referrer-policy-276185"}
06-28 16:14:15.923 24930 24943 E WProf.db: {"DOMLoad": 27532.979167}
06-28 16:14:15.924 24930 24943 E WProf.db: {"Resource": {"id": 1, "url": "http://searchengineland.com/need-know-referrer-policy-276185", "sentTime": -1.000000, "len": 97113, "from": "0x0", "mimeType": "text/html", "contentLength": -1, "httpStatus": 200, "connId": 19, "connReused": 1, "cached": 0,"requestTime": 27519.238280, "proxyStart": -1, "proxyEnd": -1, "dnsStart": -1, "dnsEnd": -1, "connectStart": 0, "connectEnd": 64, "sendStart": 64, "sendEnd": 65, "receiveHeadersEnd": 238, "sslStart": -1, "sslEnd": -1}}
06-28 16:14:15.924 24930 24943 E WProf.db: {"ReceivedChunk": {"receivedTime": 27519.492362, "len": 12805}}
06-28 16:14:15.924 24930 24943 E WProf.db: {"ReceivedChunk": {"receivedTime": 27519.571915, "len": 32768}}
06-28 16:14:15.924 24930 24943 E WProf.db: {"ReceivedChunk": {"receivedTime": 27519.572159, "len": 23646}}
06-28 16:14:15.924 24930 24943 E WProf.db: {"ReceivedChunk": {"receivedTime": 27519.652055, "len": 6256}}
06-28 16:14:15.924 24930 24943 E WProf.db: {"ReceivedChunk": {"receivedTime": 27519.662709, "len": 21638}}
06-28 16:14:15.924 24930 24943 E WProf.db: {"WprofHTMLTag": {"code": "0xaeddd3c0", "doc": "http://searchengineland.com/need-know-referrer-policy-276185", "row": 6, "column": 42, "tagName": "html", "time": 27519.576543, "url": "", "pos": 1, "chunkLen": 1, "isStartTag": 1}}
06-28 16:14:15.924 24930 24943 E WProf.db: {"WprofHTMLTag": {"code": "0xaf047820", "doc": "http://searchengineland.com/need-know-referrer-policy-276185", "row": 7, "column": 6, "tagName": "head", "time": 27519.576789, "url": "", "pos": 1, "chunkLen": 1, "isStartTag": 1}}
06-28 16:14:15.924 24930 24943 E WProf.db: {"WprofHTMLTag": {"code": "0xaf047850", "doc": "http://searchengineland.com/need-know-referrer-policy-276185", "row": 8, "column": 54, "tagName": "meta", "time": 27519.576835, "url": "", "pos": 1, "chunkLen": 1, "isStartTag": 1}}
06-28 16:14:15.924 24930 24943 E WProf.db: {"WprofHTMLTag": {"code": "0xaf047880", "doc": "http://searchengineland.com/need-know-referrer-policy-276185", "row": 9, "column": 68, "tagName": "meta", "time": 27519.576986, "url": "", "pos": 1, "chunkLen": 1, "isStartTag": 1}}
06-28 16:14:15.924 24930 24943 E WProf.db: {"WprofHTMLTag": {"code": "0xaf0478b0", "doc": "http://searchengineland.com/need-know-referrer-policy-276185", "row": 10, "column": 23, "tagName": "meta", "time": 27519.577100, "url": "", "pos": 1, "chunkLen": 1, "isStartTag": 1}}
06-28 16:14:15.924 24930 24943 E WProf.db: {"WprofHTMLTag": {"code": "0xaf0478e0", "doc": "http://searchengineland.com/need-know-referrer-policy-276185", "row": 11, "column": 52, "tagName": "meta", "time": 27519.577242, "url": "", "pos": 1, "chunkLen": 1, "isStartTag": 1}}
06-28 16:14:15.924 24930 24943 E WProf.db: {"WprofHTMLTag": {"code": "0xaf047910", "doc": "http://searchengineland.com/need-know-referrer-policy-276185", "row": 14, "column": 56, "tagName": "meta", "time": 27519.577365, "url": "", "pos": 1, "chunkLen": 1, "isStartTag": 1}}
06-28 16:14:15.924 24930 24943 E WProf.db: {"WprofHTMLTag": {"code": "0xaf047940", "doc": "http://searchengineland.com/need-know-referrer-policy-276185", "row": 15, "column": 83, "tagName": "meta", "time": 27519.577474, "url": "", "pos": 1, "chunkLen": 1, "isStartTag": 1}}
06-28 16:14:15.925 24930 24943 E WProf.db: {"WprofHTMLTag": {"code": "0xaf047970", "doc": "http://searchengineland.com/need-know-referrer-policy-276185", "row": 16, "column": 57, "tagName": "meta", "time": 27519.577582, "url": "", "pos": 1, "chunkLen": 1, "isStartTag": 1}}
06-28 16:14:15.925 24930 24943 E WProf.db: {"WprofHTMLTag": {"code": "0xaf047a00", "doc": "http://searchengineland.com/need-know-referrer-policy-276185", "row": 17, "column": 41, "tagName": "meta", "time": 27519.577693, "url": "", "pos": 1, "chunkLen": 1, "isStartTag": 1}}
06-28 16:14:15.925 24930 24943 E WProf.db: {"WprofHTMLTag": {"code": "0xaf047a30", "doc": "http://searchengineland.com/need-know-referrer-policy-276185", "row": 18, "column": 50, "tagName": "meta", "time": 27519.577810, "url": "", "pos": 1, "chunkLen": 1, "isStartTag": 1}}
06-28 16:14:15.925 24930 24943 E WProf.db: {"WprofHTMLTag": {"code": "0xaf047a60", "doc": "http://searchengineland.com/need-know-referrer-policy-276185", "row": 19, "column": 174, "tagName": "meta", "time": 27519.577929, "url": "", "pos": 1, "chunkLen": 1, "isStartTag": 1}}
06-28 16:14:15.925 24930 24943 E WProf.db: {"WprofHTMLTag": {"code": "0xaf0479d0", "doc": "http://searchengineland.com/need-know-referrer-policy-276185", "row": 20, "column": 47, "tagName": "meta", "time": 27519.578037, "url": "", "pos": 1, "chunkLen": 1, "isStartTag": 1}}
06-28 16:14:15.925 24930 24943 E WProf.db: {"WprofHTMLTag": {"code": "0xaf0479a0", "doc": "http://searchengineland.com/need-know-referrer-policy-276185", "row": 21, "column": 67, "tagName": "meta", "time": 27519.578150, "url": "", "pos": 1, "chunkLen": 1, "isStartTag": 1}}
06-28 16:14:15.925 24930 24943 E WProf.db: {"WprofHTMLTag": {"code": "0xaf047a90", "doc": "http://searchengineland.com/need-know-referrer-policy-276185", "row": 22, "column": 57, "tagName": "meta", "time": 27519.578264, "url": "", "pos": 1, "chunkLen": 1, "isStartTag": 1}}
06-28 16:14:15.925 24930 24943 E WProf.db: {"WprofHTMLTag": {"code": "0xaf047ac0", "doc": "http://searchengineland.com/need-know-referrer-policy-276185", "row": 23, "column": 65, "tagName": "meta", "time": 27519.578377, "url": "", "pos": 1, "chunkLen": 1, "isStartTag": 1}}
06-28 16:14:15.925 24930 24943 E WProf.db: {"WprofHTMLTag": {"code": "0xaf047af0", "doc": "http://searchengineland.com/need-know-referrer-policy-276185", "row": 24, "column": 55, "tagName": "meta", "time": 27519.578495, "url": "", "pos": 1, "chunkLen": 1, "isStartTag": 1}}
06-28 16:14:15.925 24930 24943 E WProf.db: {"WprofHTMLTag": {"code": "0xaf047b20", "doc": "http://searchengineland.com/need-know-referrer-policy-276185", "row": 25, "column": 71, "tagName": "meta", "time": 27519.578606, "url": "", "pos": 1, "chunkLen": 1, "isStartTag": 1}}
06-28 16:14:15.925 24930 24943 E WProf.db: {"WprofHTMLTag": {"code": "0xaf047b50", "doc": "http://searchengineland.com/need-know-referrer-policy-276185", "row": 26, "column": 86, "tagName": "meta", "time": 27519.578722, "url": "", "pos": 1, "chunkLen": 1, "isStartTag": 1}}
06-28 16:14:15.925 24930 24943 E WProf.db: {"WprofHTMLTag": {"code": "0xaf047b80", "doc": "http://searchengineland.com/need-know-referrer-policy-276185", "row": 27, "column": 54, "tagName": "meta", "time": 27519.578827, "url": "", "pos": 1, "chunkLen": 1, "isStartTag": 1}}
06-28 16:14:15.925 24930 24943 E WProf.db: {"WprofHTMLTag": {"code": "0xaf047bb0", "doc": "http://searchengineland.com/need-know-referrer-policy-276185", "row": 29, "column": 141, "tagName": "meta", "time": 27519.578940, "url": "", "pos": 1, "chunkLen": 1, "isStartTag": 1}}
06-28 16:14:15.926 24930 24943 E WProf.db: {"WprofHTMLTag": {"code": "0xaf047be0", "doc": "http://searchengineland.com/need-know-referrer-policy-276185", "row": 30, "column": 286, "tagName": "meta", "time": 27519.579052, "url": "", "pos": 1, "chunkLen": 1, "isStartTag": 1}}
06-28 16:14:15.926 24930 24943 E WProf.db: {"WprofHTMLTag": {"code": "0xaf047c10", "doc": "http://searchengineland.com/need-know-referrer-policy-276185", "row": 31, "column": 55, "tagName": "meta", "time": 27519.579158, "url": "", "pos": 1, "chunkLen": 1, "isStartTag": 1}}
06-28 16:14:15.926 24930 24943 E WProf.db: {"WprofHTMLTag": {"code": "0xaf047c40", "doc": "http://searchengineland.com/need-know-referrer-policy-276185", "row": 32, "column": 54, "tagName": "meta", "time": 27519.579272, "url": "", "pos": 1, "chunkLen": 1, "isStartTag": 1}}
06-28 16:14:15.926 24930 24943 E WProf.db: {"WprofHTMLTag": {"code": "0xaf047c70", "doc": "http://searchengineland.com/need-know-referrer-policy-276185", "row": 33, "column": 143, "tagName": "meta", "time": 27519.579383, "url": "", "pos": 1, "chunkLen": 1, "isStartTag": 1}}
06-28 16:14:15.926 24930 24943 E WProf.db: {"WprofHTMLTag": {"code": "0xaf047ca0", "doc": "http://searchengineland.com/need-know-referrer-policy-276185", "row": 37, "column": 36, "tagName": "script", "time": 27519.579488, "url": "", "pos": 1, "chunkLen": 1, "isStartTag": 1}}
06-28 16:14:15.926 24930 24943 E WProf.db: {"WprofHTMLTag": {"code": "0xaf047cd0", "doc": "http://searchengineland.com/need-know-referrer-policy-276185", "row": 53, "column": 10, "tagName": "script", "time": 27519.579732, "url": "", "pos": 1, "chunkLen": 1, "isStartTag": 0}}
06-28 16:14:15.926 24930 24943 E WProf.db: {"WprofHTMLTag": {"code": "0xaeddd690", "doc": "http://searchengineland.com/need-know-referrer-policy-276185", "row": 55, "column": 86, "tagName": "link", "time": 27519.584188, "url": "http://searchengineland.com/apple-touch-icon.png", "pos": 1, "chunkLen": 1, "isStartTag": 1}}
06-28 16:14:15.926 24930 24943 E WProf.db: {"WprofHTMLTag": {"code": "0xaf047d00", "doc": "http://searchengineland.com/need-know-referrer-policy-276185", "row": 56, "column": 76, "tagName": "link", "time": 27519.584522, "url": "http://searchengineland.com/favicon.ico", "pos": 1, "chunkLen": 1, "isStartTag": 1}}
06-28 16:14:15.926 24930 24943 E WProf.db: {"WprofHTMLTag": {"code": "0xaf047d30", "doc": "http://searchengineland.com/need-know-referrer-policy-276185", "row": 57, "column": 158, "tagName": "link", "time": 27519.584723, "url": "http://feeds.searchengineland.com/searchengineland", "pos": 1, "chunkLen": 1, "isStartTag": 1}}
06-28 16:14:15.926 24930 24943 E WProf.db: {"WprofHTMLTag": {"code": "0xaf047d60", "doc": "http://searchengineland.com/need-know-referrer-policy-276185", "row": 58, "column": 149, "tagName": "link", "time": 27519.585002, "url": "http://feeds.searchengineland.com/searchcap", "pos": 1, "chunkLen": 1, "isStartTag": 1}}
06-28 16:14:15.926 24930 24943 E WProf.db: {"WprofHTMLTag": {"code": "0xaf047d90", "doc": "http://searchengineland.com/need-know-referrer-policy-276185", "row": 59, "column": 150, "tagName": "link", "time": 27519.585286, "url": "http://searchengineland.com/figz/wp-content/themes/searchengineland/css/searchengineland-bootstrap.css", "pos": 1, "chunkLen": 1, "isStartTag": 1}}
06-28 16:14:15.926 24930 24943 E WProf.db: {"WprofHTMLTag": {"code": "0xaf047df0", "doc": "http://searchengineland.com/need-know-referrer-policy-276185", "row": 60, "column": 105, "tagName": "link", "time": 27519.585939, "url": "http://fonts.googleapis.com/css?family=Oswald:300,400,700", "pos": 1, "chunkLen": 1, "isStartTag": 1}}
06-28 16:14:15.926 24930 24943 E WProf.db: {"WprofHTMLTag": {"code": "0xaf047e50", "doc": "http://searchengineland.com/need-know-referrer-policy-276185", "row": 61, "column": 125, "tagName": "link", "time": 27519.586500, "url": "http://searchengineland.com/figz/wp-content/themes/searchengineland/style.css", "pos": 1, "chunkLen": 1, "isStartTag": 1}}
06-28 16:14:15.926 24930 24943 E WProf.db: {"WprofHTMLTag": {"code": "0xaf047eb0", "doc": "http://searchengineland.com/need-know-referrer-policy-276185", "row": 65, "column": 7, "tagName": "title", "time": 27519.587059, "url": "", "pos": 1, "chunkLen": 1, "isStartTag": 1}}
06-28 16:14:15.927 24930 24943 E WProf.db: {"WprofHTMLTag": {"code": "0xaf047ee0", "doc": "http://searchengineland.com/need-know-referrer-policy-276185", "row": 65, "column": 58, "tagName": "title", "time": 27519.587294, "url": "", "pos": 1, "chunkLen": 1, "isStartTag": 0}}
06-28 16:14:15.927 24930 24943 E WProf.db: {"WprofHTMLTag": {"code": "0xaf047f10", "doc": "http://searchengineland.com/need-know-referrer-policy-276185", "row": 66, "column": 293, "tagName": "meta", "time": 27519.587317, "url": "", "pos": 1, "chunkLen": 1, "isStartTag": 1}}
06-28 16:14:15.927 24930 24943 E WProf.db: {"WprofHTMLTag": {"code": "0xaf047f40", "doc": "http://searchengineland.com/need-know-referrer-policy-276185", "row": 67, "column": 142, "tagName": "meta", "time": 27519.587429, "url": "", "pos": 1, "chunkLen": 1, "isStartTag": 1}}
06-28 16:14:15.927 24930 24943 E WProf.db: {"WprofHTMLTag": {"code": "0xaf047f70", "doc": "http://searchengineland.com/need-know-referrer-policy-276185", "row": 68, "column": 102, "tagName": "meta", "time": 27519.587544, "url": "", "pos": 1, "chunkLen": 1, "isStartTag": 1}}
06-28 16:14:15.927 24930 24943 E WProf.db: {"WprofHTMLTag": {"code": "0xaf047fa0", "doc": "http://searchengineland.com/need-know-referrer-policy-276185", "row": 69, "column": 37, "tagName": "meta", "time": 27519.587651, "url": "", "pos": 1, "chunkLen": 1, "isStartTag": 1}}
06-28 16:14:15.927 24930 24943 E WProf.db: {"WprofHTMLTag": {"code": "0xaf047fd0", "doc": "http://searchengineland.com/need-know-referrer-policy-276185", "row": 70, "column": 92, "tagName": "link", "time": 27519.587781, "url": "http://searchengineland.com/need-know-referrer-policy-276185", "pos": 1, "chunkLen": 1, "isStartTag": 1}}
06-28 16:14:15.927 24930 24943 E WProf.db: {"WprofHTMLTag": {"code": "0xb4cc74b0", "doc": "http://searchengineland.com/need-know-referrer-policy-276185", "row": 71, "column": 76, "tagName": "link", "time": 27519.587985, "url": "https://plus.google.com/103218677032751327334", "pos": 1, "chunkLen": 1, "isStartTag": 1}}
06-28 16:14:15.927 24930 24943 E WProf.db: {"WprofHTMLTag": {"code": "0xb4cc7540", "doc": "http://searchengineland.com/need-know-referrer-policy-276185", "row": 72, "column": 45, "tagName": "meta", "time": 27519.588187, "url": "", "pos": 1, "chunkLen": 1, "isStartTag": 1}}
06-28 16:14:15.927 24930 24943 E WProf.db: {"WprofHTMLTag": {"code": "0xb4cc78a0", "doc": "http://searchengineland.com/need-know-referrer-policy-276185", "row": 73, "column": 45, "tagName": "meta", "time": 27519.588300, "url": "", "pos": 1, "chunkLen": 1, "isStartTag": 1}}
06-28 16:14:15.927 24930 24943 E WProf.db: {"WprofHTMLTag": {"code": "0xb4cc78d0", "doc": "http://searchengineland.com/need-know-referrer-policy-276185", "row": 74, "column": 82, "tagName": "meta", "time": 27519.588415, "url": "", "pos": 1, "chunkLen": 1, "isStartTag": 1}}
06-28 16:14:15.927 24930 24943 E WProf.db: {"WprofHTMLTag": {"code": "0xb4cc7900", "doc": "http://searchengineland.com/need-know-referrer-policy-276185", "row": 75, "column": 301, "tagName": "meta", "time": 27519.588528, "url": "", "pos": 1, "chunkLen": 1, "isStartTag": 1}}
06-28 16:14:15.927 24930 24943 E WProf.db: {"WprofHTMLTag": {"code": "0xb4cc7930", "doc": "http://searchengineland.com/need-know-referrer-policy-276185", "row": 76, "column": 97, "tagName": "meta", "time": 27519.588637, "url": "", "pos": 1, "chunkLen": 1, "isStartTag": 1}}
06-28 16:14:15.927 24930 24943 E WProf.db: {"WprofHTMLTag": {"code": "0xb4cc7960", "doc": "http://searchengineland.com/need-know-referrer-policy-276185", "row": 77, "column": 61, "tagName": "meta", "time": 27519.588757, "url": "", "pos": 1, "chunkLen": 1, "isStartTag": 1}}
06-28 16:14:15.927 24930 24943 E WProf.db: {"WprofHTMLTag": {"code": "0xb4cc7990", "doc": "http://searchengineland.com/need-know-referrer-policy-276185", "row": 78, "column": 89, "tagName": "meta", "time": 27519.588878, "url": "", "pos": 1, "chunkLen": 1, "isStartTag": 1}}
06-28 16:14:15.927 24930 24943 E WProf.db: {"WprofHTMLTag": {"code": "0xb4cc79c0", "doc": "http://searchengineland.com/need-know-referrer-policy-276185", "row": 79, "column": 67, "tagName": "meta", "time": 27519.588986, "url": "", "pos": 1, "chunkLen": 1, "isStartTag": 1}}
06-28 16:14:15.928 24930 24943 E WProf.db: {"WprofHTMLTag": {"code": "0xb4cc79f0", "doc": "http://searchengineland.com/need-know-referrer-policy-276185", "row": 80, "column": 78, "tagName": "meta", "time": 27519.589095, "url": "", "pos": 1, "chunkLen": 1, "isStartTag": 1}}
06-28 16:14:15.928 24930 24943 E WProf.db: {"WprofHTMLTag": {"code": "0xb4cc7a20", "doc": "http://searchengineland.com/need-know-referrer-policy-276185", "row": 81, "column": 77, "tagName": "meta", "time": 27519.589213, "url": "", "pos": 1, "chunkLen": 1, "isStartTag": 1}}
06-28 16:14:15.928 24930 24943 E WProf.db: {"WprofHTMLTag": {"code": "0xb4cc7a50", "doc": "http://searchengineland.com/need-know-referrer-policy-276185", "row": 82, "column": 71, "tagName": "meta", "time": 27519.589327, "url": "", "pos": 1, "chunkLen": 1, "isStartTag": 1}}
06-28 16:14:15.928 24930 24943 E WProf.db: {"WprofHTMLTag": {"code": "0xb4cc7a80", "doc": "http://searchengineland.com/need-know-referrer-policy-276185", "row": 83, "column": 137, "tagName": "meta", "time": 27519.589441, "url": "", "pos": 1, "chunkLen": 1, "isStartTag": 1}}
06-28 16:14:15.928 24930 24943 E WProf.db: {"WprofHTMLTag": {"code": "0xb4cc7ab0", "doc": "http://searchengineland.com/need-know-referrer-policy-276185", "row": 84, "column": 49, "tagName": "meta", "time": 27519.589561, "url": "", "pos": 1, "chunkLen": 1, "isStartTag": 1}}
06-28 16:14:15.928 24930 24943 E WProf.db: {"WprofHTMLTag": {"code": "0xb4cc7ae0", "doc": "http://searchengineland.com/need-know-referrer-policy-276185", "row": 85, "column": 49, "tagName": "meta", "time": 27519.589676, "url": "", "pos": 1, "chunkLen": 1, "isStartTag": 1}}
06-28 16:14:15.928 24930 24943 E WProf.db: {"WprofHTMLTag": {"code": "0xb4cc7b10", "doc": "http://searchengineland.com/need-know-referrer-policy-276185", "row": 86, "column": 58, "tagName": "meta", "time": 27519.589788, "url": "", "pos": 1, "chunkLen": 1, "isStartTag": 1}}
06-28 16:14:15.928 24930 24943 E WProf.db: {"WprofHTMLTag": {"code": "0xb4cc7b40", "doc": "http://searchengineland.com/need-know-referrer-policy-276185", "row": 87, "column": 302, "tagName": "meta", "time": 27519.589906, "url": "", "pos": 1, "chunkLen": 1, "isStartTag": 1}}
06-28 16:14:15.928 24930 24943 E WProf.db: {"WprofHTMLTag": {"code": "0xb4cc7b70", "doc": "http://searchengineland.com/need-know-referrer-policy-276185", "row": 88, "column": 83, "tagName": "meta", "time": 27519.597088, "url": "", "pos": 1, "chunkLen": 1, "isStartTag": 1}}
06-28 16:14:15.928 24930 24943 E WProf.db: {"WprofHTMLTag": {"code": "0xb4cc7ba0", "doc": "http://searchengineland.com/need-know-referrer-policy-276185", "row": 89, "column": 51, "tagName": "meta", "time": 27519.597247, "url": "", "pos": 1, "chunkLen": 1, "isStartTag": 1}}
06-28 16:14:15.928 24930 24943 E WProf.db: {"WprofHTMLTag": {"code": "0xb4cc7bd0", "doc": "http://searchengineland.com/need-know-referrer-policy-276185", "row": 90, "column": 138, "tagName": "meta", "time": 27519.597373, "url": "", "pos": 1, "chunkLen": 1, "isStartTag": 1}}
06-28 16:14:15.928 24930 24943 E WProf.db: {"WprofHTMLTag": {"code": "0xb4cc7c00", "doc": "http://searchengineland.com/need-know-referrer-policy-276185", "row": 91, "column": 54, "tagName": "meta", "time": 27519.597489, "url": "", "pos": 1, "chunkLen": 1, "isStartTag": 1}}
06-28 16:14:15.928 24930 24943 E WProf.db: {"WprofHTMLTag": {"code": "0xb4cc7c30", "doc": "http://searchengineland.com/need-know-referrer-policy-276185", "row": 94, "column": 44, "tagName": "link", "time": 27519.597604, "url": "http://s.w.org/", "pos": 1, "chunkLen": 1, "isStartTag": 1}}
06-28 16:14:15.928 24930 24943 E WProf.db: {"WprofHTMLTag": {"code": "0xb4cc7c60", "doc": "http://searchengineland.com/need-know-referrer-policy-276185", "row": 95, "column": 33, "tagName": "script", "time": 27519.597846, "url": "", "pos": 1, "chunkLen": 1, "isStartTag": 1}}
06-28 16:14:15.928 24930 24943 E WProf.db: {"WprofHTMLTag": {"code": "0xb4cc7c90", "doc": "http://searchengineland.com/need-know-referrer-policy-276185", "row": 98, "column": 11, "tagName": "script", "time": 27519.598044, "url": "http://searchengineland.com/figz/wp-includes/js/wp-emoji-release.min.js?ver=4.7.5", "pos": 1, "chunkLen": 1, "isStartTag": 0}}
06-28 16:14:15.929 24930 24943 E WProf.db: {"WprofHTMLTag": {"code": "0x9d36d8d0", "doc": "http://searchengineland.com/need-know-referrer-policy-276185", "row": 99, "column": 25, "tagName": "style", "time": 27520.364007, "url": "", "pos": 1, "chunkLen": 1, "isStartTag": 1}}
06-28 16:14:15.929 24930 24943 E WProf.db: {"WprofHTMLTag": {"code": "0x9d36d900", "doc": "http://searchengineland.com/need-know-referrer-policy-276185", "row": 112, "column": 8, "tagName": "style", "time": 27520.364238, "url": "", "pos": 1, "chunkLen": 1, "isStartTag": 0}}
06-28 16:14:15.929 24930 24943 E WProf.db: {"WprofHTMLTag": {"code": "0x9d36d930", "doc": "http://searchengineland.com/need-know-referrer-policy-276185", "row": 113, "column": 140, "tagName": "script", "time": 27520.366402, "url": "http://searchengineland.com/figz/wp-content/themes/searchengineland/js/lib/modernizr.custom.js?ver=1.0", "pos": 1, "chunkLen": 1, "isStartTag": 1}}
06-28 16:14:15.929 24930 24943 E WProf.db: {"WprofHTMLTag": {"code": "0x9d36d960", "doc": "http://searchengineland.com/need-know-referrer-policy-276185", "row": 113, "column": 149, "tagName": "script", "time": 27520.366706, "url": "", "pos": 1, "chunkLen": 1, "isStartTag": 0}}
06-28 16:14:15.929 24930 24943 E WProf.db: {"WprofHTMLTag": {"code": "0x9d36d9f0", "doc": "http://searchengineland.com/need-know-referrer-policy-276185", "row": 114, "column": 144, "tagName": "script", "time": 27520.410720, "url": "http://searchengineland.com/figz/wp-content/themes/searchengineland/js/lib/jquery-1.11.0.min.js?ver=1.11.0", "pos": 1, "chunkLen": 1, "isStartTag": 1}}
06-28 16:14:15.929 24930 24943 E WProf.db: {"WprofHTMLTag": {"code": "0x9d36da20", "doc": "http://searchengineland.com/need-know-referrer-policy-276185", "row": 114, "column": 153, "tagName": "script", "time": 27520.412049, "url": "", "pos": 1, "chunkLen": 1, "isStartTag": 0}}
06-28 16:14:15.929 24930 24943 E WProf.db: {"WprofHTMLTag": {"code": "0xaedddf30", "doc": "http://searchengineland.com/need-know-referrer-policy-276185", "row": 0, "column": 15, "tagName": "div", "time": 27520.535519, "url": "", "pos": 15, "chunkLen": 44, "isStartTag": 1}}
06-28 16:14:15.929 24930 24943 E WProf.db: {"WprofHTMLTag": {"code": "0xaedddf00", "doc": "http://searchengineland.com/need-know-referrer-policy-276185", "row": 0, "column": 21, "tagName": "div", "time": 27520.535663, "url": "", "pos": 21, "chunkLen": 44, "isStartTag": 0}}
06-28 16:14:15.929 24930 24943 E WProf.db: {"WprofHTMLTag": {"code": "0xaedddd80", "doc": "http://searchengineland.com/need-know-referrer-policy-276185", "row": 0, "column": 38, "tagName": "div", "time": 27520.535729, "url": "", "pos": 38, "chunkLen": 44, "isStartTag": 1}}
06-28 16:14:15.929 24930 24943 E WProf.db: {"WprofHTMLTag": {"code": "0xaeddded0", "doc": "http://searchengineland.com/need-know-referrer-policy-276185", "row": 0, "column": 44, "tagName": "div", "time": 27520.535848, "url": "", "pos": 44, "chunkLen": 44, "isStartTag": 0}}
06-28 16:14:15.929 24930 24943 E WProf.db: {"WprofHTMLTag": {"code": "0xaedddea0", "doc": "http://searchengineland.com/need-know-referrer-policy-276185", "row": 0, "column": 13, "tagName": "select", "time": 27520.537318, "url": "", "pos": 13, "chunkLen": 51, "isStartTag": 1}}
06-28 16:14:15.929 24930 24943 E WProf.db: {"WprofHTMLTag": {"code": "0xaeddde70", "doc": "http://searchengineland.com/need-know-referrer-policy-276185", "row": 0, "column": 33, "tagName": "option", "time": 27520.537521, "url": "", "pos": 33, "chunkLen": 51, "isStartTag": 1}}
06-28 16:14:15.929 24930 24943 E WProf.db: {"WprofHTMLTag": {"code": "0x9d36dae0", "doc": "http://searchengineland.com/need-know-referrer-policy-276185", "row": 0, "column": 42, "tagName": "option", "time": 27520.537741, "url": "", "pos": 42, "chunkLen": 51, "isStartTag": 0}}
06-28 16:14:15.930 24930 24943 E WProf.db: {"WprofHTMLTag": {"code": "0x9d36db10", "doc": "http://searchengineland.com/need-know-referrer-policy-276185", "row": 0, "column": 51, "tagName": "select", "time": 27520.537802, "url": "", "pos": 51, "chunkLen": 51, "isStartTag": 0}}
06-28 16:14:15.930 24930 24943 E WProf.db: {"WprofHTMLTag": {"code": "0x9d36db40", "doc": "http://searchengineland.com/need-know-referrer-policy-276185", "row": 0, "column": 12, "tagName": "a", "time": 27520.542943, "url": "", "pos": 12, "chunkLen": 16, "isStartTag": 1}}
06-28 16:14:15.930 24930 24943 E WProf.db: {"WprofHTMLTag": {"code": "0x9d36db70", "doc": "http://searchengineland.com/need-know-referrer-policy-276185", "row": 0, "column": 16, "tagName": "a", "time": 27520.543111, "url": "", "pos": 16, "chunkLen": 16, "isStartTag": 0}}
06-28 16:14:15.930 24930 24943 E WProf.db: {"WprofHTMLTag": {"code": "0x9d36dba0", "doc": "http://searchengineland.com/need-know-referrer-policy-276185", "row": 0, "column": 8, "tagName": "input", "time": 27520.544128, "url": "", "pos": 8, "chunkLen": 8, "isStartTag": 1}}
06-28 16:14:15.930 24930 24943 E WProf.db: {"WprofHTMLTag": {"code": "0x9d36dbd0", "doc": "http://searchengineland.com/need-know-referrer-policy-276185", "row": 0, "column": 9, "tagName": "link", "time": 27520.553453, "url": "", "pos": 9, "chunkLen": 42, "isStartTag": 1}}
06-28 16:14:15.930 24930 24943 E WProf.db: {"WprofHTMLTag": {"code": "0x9d36dc00", "doc": "http://searchengineland.com/need-know-referrer-policy-276185", "row": 0, "column": 16, "tagName": "table", "time": 27520.553575, "url": "", "pos": 16, "chunkLen": 42, "isStartTag": 1}}
06-28 16:14:15.930 24930 24943 E WProf.db: {"WprofHTMLTag": {"code": "0x9d36dc30", "doc": "http://searchengineland.com/need-know-referrer-policy-276185", "row": 0, "column": 24, "tagName": "table", "time": 27520.553704, "url": "", "pos": 24, "chunkLen": 42, "isStartTag": 0}}
06-28 16:14:15.930 24930 24943 E WProf.db: {"WprofHTMLTag": {"code": "0x9d36dc60", "doc": "http://searchengineland.com/need-know-referrer-policy-276185", "row": 0, "column": 37, "tagName": "a", "time": 27520.553778, "url": "", "pos": 37, "chunkLen": 42, "isStartTag": 1}}
06-28 16:14:15.930 24930 24943 E WProf.db: {"WprofHTMLTag": {"code": "0x9d36dc90", "doc": "http://searchengineland.com/need-know-referrer-policy-276185", "row": 0, "column": 42, "tagName": "a", "time": 27520.553962, "url": "", "pos": 42, "chunkLen": 42, "isStartTag": 0}}
06-28 16:14:15.930 24930 24943 E WProf.db: {"WprofHTMLTag": {"code": "0x9d36dd20", "doc": "http://searchengineland.com/need-know-referrer-policy-276185", "row": 0, "column": 10, "tagName": "textarea", "time": 27520.555168, "url": "", "pos": 10, "chunkLen": 22, "isStartTag": 1}}
06-28 16:14:15.930 24930 24943 E WProf.db: {"WprofHTMLTag": {"code": "0x9d36dd50", "doc": "http://searchengineland.com/need-know-referrer-policy-276185", "row": 0, "column": 22, "tagName": "textarea", "time": 27520.555365, "url": "", "pos": 22, "chunkLen": 22, "isStartTag": 0}}
06-28 16:14:15.930 24930 24943 E WProf.db: {"WprofHTMLTag": {"code": "0x9d36dd80", "doc": "http://searchengineland.com/need-know-referrer-policy-276185", "row": 0, "column": 48, "tagName": "input", "time": 27520.556520, "url": "", "pos": 48, "chunkLen": 48, "isStartTag": 1}}
06-28 16:14:15.930 24930 24943 E WProf.db: {"WprofHTMLTag": {"code": "0x9d36dde0", "doc": "http://searchengineland.com/need-know-referrer-policy-276185", "row": 0, "column": 9, "tagName": "link", "time": 27520.560895, "url": "", "pos": 9, "chunkLen": 66, "isStartTag": 1}}
06-28 16:14:15.930 24930 24943 E WProf.db: {"WprofHTMLTag": {"code": "0x9d36de10", "doc": "http://searchengineland.com/need-know-referrer-policy-276185", "row": 0, "column": 16, "tagName": "table", "time": 27520.561022, "url": "", "pos": 16, "chunkLen": 66, "isStartTag": 1}}
06-28 16:14:15.931 24930 24943 E WProf.db: {"WprofHTMLTag": {"code": "0x9d36de40", "doc": "http://searchengineland.com/need-know-referrer-policy-276185", "row": 0, "column": 24, "tagName": "table", "time": 27520.561099, "url": "", "pos": 24, "chunkLen": 66, "isStartTag": 0}}
06-28 16:14:15.931 24930 24943 E WProf.db: {"WprofHTMLTag": {"code": "0x9d36de70", "doc": "http://searchengineland.com/need-know-referrer-policy-276185", "row": 0, "column": 37, "tagName": "a", "time": 27520.561162, "url": "", "pos": 37, "chunkLen": 66, "isStartTag": 1}}
06-28 16:14:15.931 24930 24943 E WProf.db: {"WprofHTMLTag": {"code": "0x9d36dea0", "doc": "http://searchengineland.com/need-know-referrer-policy-276185", "row": 0, "column": 42, "tagName": "a", "time": 27520.561334, "url": "", "pos": 42, "chunkLen": 66, "isStartTag": 0}}
06-28 16:14:15.931 24930 24943 E WProf.db: {"WprofHTMLTag": {"code": "0x9d36ded0", "doc": "http://searchengineland.com/need-know-referrer-policy-276185", "row": 0, "column": 66, "tagName": "input", "time": 27520.561401, "url": "", "pos": 66, "chunkLen": 66, "isStartTag": 1}}
06-28 16:14:15.931 24930 24943 E WProf.db: {"WprofHTMLTag": {"code": "0x9d36df60", "doc": "http://searchengineland.com/need-know-referrer-policy-276185", "row": 0, "column": 9, "tagName": "link", "time": 27520.563172, "url": "", "pos": 9, "chunkLen": 66, "isStartTag": 1}}
06-28 16:14:15.931 24930 24943 E WProf.db: {"WprofHTMLTag": {"code": "0x9d36df90", "doc": "http://searchengineland.com/need-know-referrer-policy-276185", "row": 0, "column": 16, "tagName": "table", "time": 27520.563274, "url": "", "pos": 16, "chunkLen": 66, "isStartTag": 1}}
06-28 16:14:15.931 24930 24943 E WProf.db: {"WprofHTMLTag": {"code": "0x9d36dfc0", "doc": "http://searchengineland.com/need-know-referrer-policy-276185", "row": 0, "column": 24, "tagName": "table", "time": 27520.563341, "url": "", "pos": 24, "chunkLen": 66, "isStartTag": 0}}
06-28 16:14:15.931 24930 24943 E WProf.db: {"WprofHTMLTag": {"code": "0x9d36dff0", "doc": "http://searchengineland.com/need-know-referrer-policy-276185", "row": 0, "column": 37, "tagName": "a", "time": 27520.563403, "url": "", "pos": 37, "chunkLen": 66, "isStartTag": 1}}
06-28 16:14:15.931 24930 24943 E WProf.db: {"WprofHTMLTag": {"code": "0x9d36e020", "doc": "http://searchengineland.com/need-know-referrer-policy-276185", "row": 0, "column": 42, "tagName": "a", "time": 27520.563575, "url": "", "pos": 42, "chunkLen": 66, "isStartTag": 0}}
06-28 16:14:15.931 24930 24943 E WProf.db: {"WprofHTMLTag": {"code": "0x9d36e050", "doc": "http://searchengineland.com/need-know-referrer-policy-276185", "row": 0, "column": 66, "tagName": "input", "time": 27520.563647, "url": "", "pos": 66, "chunkLen": 66, "isStartTag": 1}}
06-28 16:14:15.931 24930 24943 E WProf.db: {"WprofHTMLTag": {"code": "0x9d36e0b0", "doc": "http://searchengineland.com/need-know-referrer-policy-276185", "row": 0, "column": 9, "tagName": "link", "time": 27520.568355, "url": "", "pos": 9, "chunkLen": 66, "isStartTag": 1}}
06-28 16:14:15.931 24930 24943 E WProf.db: {"WprofHTMLTag": {"code": "0x9d36e0e0", "doc": "http://searchengineland.com/need-know-referrer-policy-276185", "row": 0, "column": 16, "tagName": "table", "time": 27520.568485, "url": "", "pos": 16, "chunkLen": 66, "isStartTag": 1}}
06-28 16:14:15.931 24930 24943 E WProf.db: {"WprofHTMLTag": {"code": "0x9d36e110", "doc": "http://searchengineland.com/need-know-referrer-policy-276185", "row": 0, "column": 24, "tagName": "table", "time": 27520.568567, "url": "", "pos": 24, "chunkLen": 66, "isStartTag": 0}}
06-28 16:14:15.932 24930 24943 E WProf.db: {"WprofHTMLTag": {"code": "0x9d36e140", "doc": "http://searchengineland.com/need-know-referrer-policy-276185", "row": 0, "column": 37, "tagName": "a", "time": 27520.568634, "url": "", "pos": 37, "chunkLen": 66, "isStartTag": 1}}
06-28 16:14:15.932 24930 24943 E WProf.db: {"WprofHTMLTag": {"code": "0x9d36e170", "doc": "http://searchengineland.com/need-know-referrer-policy-276185", "row": 0, "column": 42, "tagName": "a", "time": 27520.568817, "url": "", "pos": 42, "chunkLen": 66, "isStartTag": 0}}
06-28 16:14:15.932 24930 24943 E WProf.db: {"WprofHTMLTag": {"code": "0x9d36e1a0", "doc": "http://searchengineland.com/need-know-referrer-policy-276185", "row": 0, "column": 66, "tagName": "input", "time": 27520.568883, "url": "", "pos": 66, "chunkLen": 66, "isStartTag": 1}}
06-28 16:14:15.932 24930 24943 E WProf.db: {"WprofHTMLTag": {"code": "0x9d36d9c0", "doc": "http://searchengineland.com/need-know-referrer-policy-276185", "row": 115, "column": 154, "tagName": "script", "time": 27520.583279, "url": "http://searchengineland.com/figz/wp-content/themes/searchengineland/js/lib/jquery-ui-1.10.3.custom.min.js?ver=1.10.3", "pos": 67, "chunkLen": 67, "isStartTag": 1}}
06-28 16:14:15.932 24930 24943 E WProf.db: {"WprofHTMLTag": {"code": "0x9d36e2c0", "doc": "http://searchengineland.com/need-know-referrer-policy-276185", "row": 115, "column": 163, "tagName": "script", "time": 27520.583565, "url": "", "pos": 67, "chunkLen": 67, "isStartTag": 0}}
06-28 16:14:15.932 24930 24943 E WProf.db: {"WprofHTMLTag": {"code": "0xaedde0b0", "doc": "http://searchengineland.com/need-know-referrer-policy-276185", "row": 0, "column": 111, "tagName": "div", "time": 27520.713858, "url": "", "pos": 111, "chunkLen": 117, "isStartTag": 1}}
06-28 16:14:15.932 24930 24943 E WProf.db: {"WprofHTMLTag": {"code": "0xaedde050", "doc": "http://searchengineland.com/need-know-referrer-policy-276185", "row": 0, "column": 117, "tagName": "div", "time": 27520.714056, "url": "", "pos": 117, "chunkLen": 117, "isStartTag": 0}}
06-28 16:14:15.932 24930 24943 E WProf.db: {"WprofHTMLTag": {"code": "0x9d36e590", "doc": "http://searchengineland.com/need-know-referrer-policy-276185", "row": 116, "column": 155, "tagName": "script", "time": 27520.742090, "url": "http://searchengineland.com/figz/wp-content/themes/searchengineland/js/lib/jquery.ba-throttle-debounce.min.js?ver=1.1", "pos": 118, "chunkLen": 118, "isStartTag": 1}}
06-28 16:14:15.932 24930 24943 E WProf.db: {"WprofHTMLTag": {"code": "0x9d36e5c0", "doc": "http://searchengineland.com/need-know-referrer-policy-276185", "row": 116, "column": 164, "tagName": "script", "time": 27520.742378, "url": "", "pos": 118, "chunkLen": 118, "isStartTag": 0}}
