--------- beginning of main
06-28 14:18:46.585  3449  3449 E Finsky  : [1] com.google.android.finsky.wear.bl.a(3): onConnectionFailed: ConnectionResult{statusCode=API_UNAVAILABLE, resolution=null, message=null}
--------- beginning of system
06-28 14:18:47.700 15599 15599 E chromium: [ERROR:shell_integration_android.cc(12)] Not implemented reached in static ShellIntegration::DefaultWebClientSetPermission ShellIntegration::CanSetAsDefaultBrowser()
06-28 14:18:47.704 15599 15599 E chromium: [ERROR:browser_process_impl.cc(720)] Not implemented reached in virtual BackgroundModeManager* BrowserProcessImpl::background_mode_manager()
06-28 14:18:48.026  3218 23949 E AudioRecord-JNI: Error -4 during AudioRecord native read
06-28 14:18:50.449 15599 15644 E chromium: [ERROR:gles2_cmd_decoder.cc(3852)] [.ChromiumCompositor-0xacbb2fc0]GL ERROR :GL_INVALID_ENUM : glDiscardFramebufferEXT: attachments was GL_COLOR_EXT
06-28 14:18:50.814 15665 15678 E WPROF   : {"Javascript": {"url": "https://cdn.ampproject.org/rtv/011498506512561/v0.js", "requestTime": 20607.869584}}
06-28 14:18:50.815 15665 15678 E WPROF   : {"Javascript": {"url": "https://cdn.ampproject.org/rtv/011498506512561/v0/amp-ad-0.1.js", "requestTime": 20607.870498}}
06-28 14:18:50.816 15665 15678 E WPROF   : {"Javascript": {"url": "https://cdn.ampproject.org/rtv/011498506512561/v0/amp-analytics-0.1.js", "requestTime": 20607.871225}}
06-28 14:18:50.817 15665 15678 E WPROF   : {"Javascript": {"url": "https://cdn.ampproject.org/rtv/011498506512561/v0/amp-anim-0.1.js", "requestTime": 20607.872276}}
06-28 14:18:50.817 15665 15678 E WPROF   : {"Javascript": {"url": "https://cdn.ampproject.org/rtv/011498506512561/v0/amp-form-0.1.js", "requestTime": 20607.873042}}
06-28 14:18:50.818 15665 15678 E WPROF   : {"Javascript": {"url": "https://cdn.ampproject.org/rtv/011498506512561/v0/amp-sidebar-0.1.js", "requestTime": 20607.873780}}
06-28 14:18:50.819 15665 15678 E WPROF   : {"Javascript": {"url": "https://cdn.ampproject.org/rtv/011498506512561/v0/amp-video-0.1.js", "requestTime": 20607.874529}}
06-28 14:18:50.820 15665 15678 E WPROF   : {"Javascript": {"url": "https://cdn.ampproject.org/rtv/011498506512561/v0/amp-youtube-0.1.js", "requestTime": 20607.875254}}
06-28 14:18:50.820 15665 15678 E WPROF   : {"CSS": {"url": "https://fonts.googleapis.com/css?family=Oswald:300,400,700", "requestTime": 20607.876197}}
06-28 14:18:50.821 15665 15678 E WPROF   : {"CSS": {"url": "https://fonts.googleapis.com/css?family=Merriweather:400,400italic,700,700italic", "requestTime": 20607.876917}}
06-28 14:18:50.831 15665 15678 E WPROF   : {"Javascript": {"url": "https://cdn.ampproject.org/rtv/011498506512561/v0/amp-mustache-0.1.js", "requestTime": 20607.886425}}
06-28 14:18:51.449 15599 15644 E chromium: [ERROR:gles2_cmd_decoder.cc(3852)] [.ChromiumCompositor-0xacbb2fc0]GL ERROR :GL_INVALID_ENUM : glDiscardFramebufferEXT: attachments was GL_COLOR_EXT
06-28 14:18:52.179 15599 15644 E chromium: [ERROR:gles2_cmd_decoder.cc(3852)] [.ChromiumCompositor-0xacbb2fc0]GL ERROR :GL_INVALID_ENUM : glDiscardFramebufferEXT: attachments was GL_COLOR_EXT
06-28 14:18:52.428 15599 15644 E chromium: [ERROR:gles2_cmd_decoder.cc(3852)] [.ChromiumCompositor-0xacbb2fc0]GL ERROR :GL_INVALID_ENUM : glDiscardFramebufferEXT: attachments was GL_COLOR_EXT
06-28 14:18:52.455 15599 15644 E chromium: [ERROR:gles2_cmd_decoder.cc(3852)] [.ChromiumCompositor-0xacbb2fc0]GL ERROR :GL_INVALID_ENUM : glDiscardFramebufferEXT: attachments was GL_COLOR_EXT
06-28 14:18:52.477 15599 15644 E chromium: [ERROR:gles2_cmd_decoder.cc(3852)] [.ChromiumCompositor-0xacbb2fc0]GL ERROR :GL_INVALID_ENUM : glDiscardFramebufferEXT: attachments was GL_COLOR_EXT
06-28 14:18:52.501 15599 15644 E chromium: [ERROR:gles2_cmd_decoder.cc(3852)] [.ChromiumCompositor-0xacbb2fc0]GL ERROR :GL_INVALID_ENUM : glDiscardFramebufferEXT: attachments was GL_COLOR_EXT
06-28 14:18:52.539 15599 15644 E chromium: [ERROR:gles2_cmd_decoder.cc(3852)] [.ChromiumCompositor-0xacbb2fc0]GL ERROR :GL_INVALID_ENUM : glDiscardFramebufferEXT: attachments was GL_COLOR_EXT
06-28 14:18:52.565 15599 15644 E chromium: [ERROR:gles2_cmd_decoder.cc(3852)] [.ChromiumCompositor-0xacbb2fc0]GL ERROR :GL_INVALID_ENUM : glDiscardFramebufferEXT: attachments was GL_COLOR_EXT
06-28 14:18:52.568 15599 15644 E chromium: [ERROR:gles2_cmd_decoder.cc(3852)] [.ChromiumCompositor-0xacbb2fc0]GL ERROR :GL_INVALID_ENUM : glDiscardFramebufferEXT: attachments was GL_COLOR_EXT
06-28 14:18:52.577 15599 15644 E chromium: [ERROR:gles2_cmd_decoder.cc(3852)] [.ChromiumCompositor-0xacbb2fc0]GL ERROR :GL_INVALID_ENUM : glDiscardFramebufferEXT: attachments was GL_COLOR_EXT
06-28 14:18:52.591 15599 15644 E chromium: [ERROR:gles2_cmd_decoder.cc(3852)] [.ChromiumCompositor-0xacbb2fc0]GL ERROR :GL_INVALID_ENUM : glDiscardFramebufferEXT: attachments was GL_COLOR_EXT
06-28 14:18:52.609 15599 15644 E chromium: [ERROR:gles2_cmd_decoder.cc(3852)] [.ChromiumCompositor-0xacbb2fc0]GL ERROR :GL_INVALID_ENUM : glDiscardFramebufferEXT: attachments was GL_COLOR_EXT
06-28 14:18:52.627 15599 15644 E chromium: [ERROR:gles2_cmd_decoder.cc(3852)] [.ChromiumCompositor-0xacbb2fc0]GL ERROR :GL_INVALID_ENUM : glDiscardFramebufferEXT: attachments was GL_COLOR_EXT
06-28 14:18:52.643 15599 15644 E chromium: [ERROR:gles2_cmd_decoder.cc(3852)] [.ChromiumCompositor-0xacbb2fc0]GL ERROR :GL_INVALID_ENUM : glDiscardFramebufferEXT: attachments was GL_COLOR_EXT
06-28 14:18:52.659 15599 15644 E chromium: [ERROR:gles2_cmd_decoder.cc(3852)] [.ChromiumCompositor-0xacbb2fc0]GL ERROR :GL_INVALID_ENUM : glDiscardFramebufferEXT: attachments was GL_COLOR_EXT
06-28 14:18:52.676 15599 15644 E chromium: [ERROR:gles2_cmd_decoder.cc(3852)] [.ChromiumCompositor-0xacbb2fc0]GL ERROR :GL_INVALID_ENUM : glDiscardFramebufferEXT: attachments was GL_COLOR_EXT
06-28 14:18:52.693 15599 15644 E chromium: [ERROR:gles2_cmd_decoder.cc(3852)] [.ChromiumCompositor-0xacbb2fc0]GL ERROR :GL_INVALID_ENUM : glDiscardFramebufferEXT: attachments was GL_COLOR_EXT
06-28 14:18:52.712 15599 15644 E chromium: [ERROR:gles2_cmd_decoder.cc(3852)] [.ChromiumCompositor-0xacbb2fc0]GL ERROR :GL_INVALID_ENUM : glDiscardFramebufferEXT: attachments was GL_COLOR_EXT
06-28 14:18:52.727 15599 15644 E chromium: [ERROR:gles2_cmd_decoder.cc(3852)] [.ChromiumCompositor-0xacbb2fc0]GL ERROR :GL_INVALID_ENUM : glDiscardFramebufferEXT: attachments was GL_COLOR_EXT
06-28 14:18:52.746 15599 15644 E chromium: [ERROR:gles2_cmd_decoder.cc(3852)] [.ChromiumCompositor-0xacbb2fc0]GL ERROR :GL_INVALID_ENUM : glDiscardFramebufferEXT: attachments was GL_COLOR_EXT
06-28 14:18:52.764 15599 15644 E chromium: [ERROR:gles2_cmd_decoder.cc(3852)] [.ChromiumCompositor-0xacbb2fc0]GL ERROR :GL_INVALID_ENUM : glDiscardFramebufferEXT: attachments was GL_COLOR_EXT
06-28 14:18:52.784 15599 15644 E chromium: [ERROR:gles2_cmd_decoder.cc(3852)] [.ChromiumCompositor-0xacbb2fc0]GL ERROR :GL_INVALID_ENUM : glDiscardFramebufferEXT: attachments was GL_COLOR_EXT
06-28 14:18:52.802 15599 15644 E chromium: [ERROR:gles2_cmd_decoder.cc(3852)] [.ChromiumCompositor-0xacbb2fc0]GL ERROR :GL_INVALID_ENUM : glDiscardFramebufferEXT: attachments was GL_COLOR_EXT
06-28 14:18:52.813 15599 15644 E chromium: [ERROR:gles2_cmd_decoder.cc(3852)] [.ChromiumCompositor-0xacbb2fc0]GL ERROR :GL_INVALID_ENUM : glDiscardFramebufferEXT: attachments was GL_COLOR_EXT
06-28 14:18:52.830 15599 15644 E chromium: [ERROR:gles2_cmd_decoder.cc(3852)] [.ChromiumCompositor-0xacbb2fc0]GL ERROR :GL_INVALID_ENUM : glDiscardFramebufferEXT: attachments was GL_COLOR_EXT
06-28 14:18:52.845 15599 15644 E chromium: [ERROR:gles2_cmd_decoder.cc(3852)] [.ChromiumCompositor-0xacbb2fc0]GL ERROR :GL_INVALID_ENUM : glDiscardFramebufferEXT: attachments was GL_COLOR_EXT
06-28 14:18:52.850 15599 15644 E chromium: [ERROR:gles2_cmd_decoder.cc(3852)] [.ChromiumCompositor-0xacbb2fc0]GL ERROR :GL_INVALID_ENUM : glDiscardFramebufferEXT: attachments was GL_COLOR_EXT
06-28 14:18:52.878 15599 15644 E chromium: [ERROR:gles2_cmd_decoder.cc(3852)] [.ChromiumCompositor-0xacbb2fc0]GL ERROR :GL_INVALID_ENUM : glDiscardFramebufferEXT: attachments was GL_COLOR_EXT
06-28 14:18:52.895 15599 15644 E chromium: [ERROR:gles2_cmd_decoder.cc(3852)] [.ChromiumCompositor-0xacbb2fc0]GL ERROR :GL_INVALID_ENUM : glDiscardFramebufferEXT: attachments was GL_COLOR_EXT
06-28 14:18:52.911 15599 15644 E chromium: [ERROR:gles2_cmd_decoder.cc(3852)] [.ChromiumCompositor-0xacbb2fc0]GL ERROR :GL_INVALID_ENUM : glDiscardFramebufferEXT: attachments was GL_COLOR_EXT
06-28 14:18:52.933 15599 15644 E chromium: [ERROR:gles2_cmd_decoder.cc(3852)] [.ChromiumCompositor-0xacbb2fc0]GL ERROR :GL_INVALID_ENUM : glDiscardFramebufferEXT: attachments was GL_COLOR_EXT
06-28 14:18:52.948 15599 15644 E chromium: [ERROR:gles2_cmd_decoder.cc(3852)] [.ChromiumCompositor-0xacbb2fc0]GL ERROR :GL_INVALID_ENUM : glDiscardFramebufferEXT: attachments was GL_COLOR_EXT
06-28 14:18:52.962 15599 15644 E chromium: [ERROR:gles2_cmd_decoder.cc(3852)] [.ChromiumCompositor-0xacbb2fc0]GL ERROR :GL_INVALID_ENUM : glDiscardFramebufferEXT: attachments was GL_COLOR_EXT
06-28 14:18:52.978 15599 15644 E chromium: [ERROR:gles2_cmd_decoder.cc(3852)] [.ChromiumCompositor-0xacbb2fc0]GL ERROR :GL_INVALID_ENUM : glDiscardFramebufferEXT: attachments was GL_COLOR_EXT
06-28 14:18:52.995 15599 15644 E chromium: [ERROR:gles2_cmd_decoder.cc(3852)] [.ChromiumCompositor-0xacbb2fc0]GL ERROR :GL_INVALID_ENUM : glDiscardFramebufferEXT: attachments was GL_COLOR_EXT
06-28 14:18:53.011 15599 15644 E chromium: [ERROR:gles2_cmd_decoder.cc(3852)] [.ChromiumCompositor-0xacbb2fc0]GL ERROR :GL_INVALID_ENUM : glDiscardFramebufferEXT: attachments was GL_COLOR_EXT
06-28 14:18:53.027 15599 15644 E chromium: [ERROR:gles2_cmd_decoder.cc(3852)] [.ChromiumCompositor-0xacbb2fc0]GL ERROR :GL_INVALID_ENUM : glDiscardFramebufferEXT: attachments was GL_COLOR_EXT
06-28 14:18:53.044 15599 15644 E chromium: [ERROR:gles2_cmd_decoder.cc(3852)] [.ChromiumCompositor-0xacbb2fc0]GL ERROR :GL_INVALID_ENUM : glDiscardFramebufferEXT: attachments was GL_COLOR_EXT
06-28 14:18:53.057 15665 15678 E WPROF   : {"Javascript": {"url": "https://cdn.ampproject.org/rtv/011498506512561/v0/amp-crypto-polyfill-0.1.js", "requestTime": 20610.112856}}
06-28 14:18:53.061 15599 15644 E chromium: [ERROR:gles2_cmd_decoder.cc(3852)] [.ChromiumCompositor-0xacbb2fc0]GL ERROR :GL_INVALID_ENUM : glDiscardFramebufferEXT: attachments was GL_COLOR_EXT
06-28 14:18:53.077 15599 15644 E chromium: [ERROR:gles2_cmd_decoder.cc(3852)] [.ChromiumCompositor-0xacbb2fc0]GL ERROR :GL_INVALID_ENUM : glDiscardFramebufferEXT: attachments was GL_COLOR_EXT
06-28 14:18:53.095 15599 15644 E chromium: [ERROR:gles2_cmd_decoder.cc(3852)] [.ChromiumCompositor-0xacbb2fc0]GL ERROR :GL_INVALID_ENUM : glDiscardFramebufferEXT: attachments was GL_COLOR_EXT
06-28 14:18:53.112 15599 15644 E chromium: [ERROR:gles2_cmd_decoder.cc(3852)] [.ChromiumCompositor-0xacbb2fc0]GL ERROR :GL_INVALID_ENUM : glDiscardFramebufferEXT: attachments was GL_COLOR_EXT
06-28 14:18:53.129 15599 15644 E chromium: [ERROR:gles2_cmd_decoder.cc(3852)] [.ChromiumCompositor-0xacbb2fc0]GL ERROR :GL_INVALID_ENUM : glDiscardFramebufferEXT: attachments was GL_COLOR_EXT
06-28 14:18:53.146 15599 15644 E chromium: [ERROR:gles2_cmd_decoder.cc(3852)] [.ChromiumCompositor-0xacbb2fc0]GL ERROR :GL_INVALID_ENUM : glDiscardFramebufferEXT: attachments was GL_COLOR_EXT
06-28 14:18:53.151 15599 15644 E chromium: [ERROR:gles2_cmd_decoder.cc(3852)] [.ChromiumCompositor-0xacbb2fc0]GL ERROR :GL_INVALID_ENUM : glDiscardFramebufferEXT: attachments was GL_COLOR_EXT
06-28 14:18:53.184 15599 15644 E chromium: [ERROR:gles2_cmd_decoder.cc(3852)] [.ChromiumCompositor-0xacbb2fc0]GL ERROR :GL_INVALID_ENUM : glDiscardFramebufferEXT: attachments was GL_COLOR_EXT
06-28 14:18:53.187 15599 15644 E chromium: [ERROR:gles2_cmd_decoder.cc(3852)] [.ChromiumCompositor-0xacbb2fc0]GL ERROR :GL_INVALID_ENUM : glDiscardFramebufferEXT: attachments was GL_COLOR_EXT
06-28 14:18:53.212 15599 15644 E chromium: [ERROR:gles2_cmd_decoder.cc(3852)] [.ChromiumCompositor-0xacbb2fc0]GL ERROR :GL_INVALID_ENUM : glDiscardFramebufferEXT: attachments was GL_COLOR_EXT
06-28 14:18:53.215 15599 15644 E chromium: [ERROR:gles2_cmd_decoder.cc(3852)] [.ChromiumCompositor-0xacbb2fc0]GL ERROR :GL_INVALID_ENUM : glDiscardFramebufferEXT: attachments was GL_COLOR_EXT
06-28 14:18:53.244   862  1657 E LocSvc_IzatApiV02: E/virtual int izat_core::IzatApiV02::getBatchSize(int32_t):522]: Error : st = 4, ind.status = -1628389555
06-28 14:18:53.244   862  1657 E LocSvc_IzatApiV02: E/virtual int izat_core::IzatApiV02::getBatchSize(int32_t):535]: get batching size failed.Or modem does not support batching 
06-28 14:18:53.246 15599 15644 E chromium: [ERROR:gles2_cmd_decoder.cc(3852)] [.ChromiumCompositor-0xacbb2fc0]GL ERROR :GL_INVALID_ENUM : glDiscardFramebufferEXT: attachments was GL_COLOR_EXT
06-28 14:18:53.253   862  1657 E LocSvc_IzatApiV02: E/virtual int izat_core::IzatApiV02::getBatchSize(int32_t):522]: Error : st = 4, ind.status = -1628389555
06-28 14:18:53.253   862  1657 E LocSvc_IzatApiV02: E/virtual int izat_core::IzatApiV02::getBatchSize(int32_t):535]: get batching size failed.Or modem does not support batching 
06-28 14:18:53.263 15599 15644 E chromium: [ERROR:gles2_cmd_decoder.cc(3852)] [.ChromiumCompositor-0xacbb2fc0]GL ERROR :GL_INVALID_ENUM : glDiscardFramebufferEXT: attachments was GL_COLOR_EXT
06-28 14:18:53.265 15599 15644 E chromium: [ERROR:gles2_cmd_decoder.cc(3852)] [.ChromiumCompositor-0xacbb2fc0]GL ERROR :GL_INVALID_ENUM : glDiscardFramebufferEXT: attachments was GL_COLOR_EXT
06-28 14:18:53.286   862  1657 E LocSvc_IzatApiV02: E/virtual int izat_core::IzatApiV02::getBatchSize(int32_t):522]: Error : st = 4, ind.status = -1628389555
06-28 14:18:53.286   862  1657 E LocSvc_IzatApiV02: E/virtual int izat_core::IzatApiV02::getBatchSize(int32_t):535]: get batching size failed.Or modem does not support batching 
06-28 14:18:53.296 15599 15644 E chromium: [ERROR:gles2_cmd_decoder.cc(3852)] [.ChromiumCompositor-0xacbb2fc0]GL ERROR :GL_INVALID_ENUM : glDiscardFramebufferEXT: attachments was GL_COLOR_EXT
06-28 14:18:53.296   862  1657 E LocSvc_IzatApiV02: E/virtual int izat_core::IzatApiV02::getBatchSize(int32_t):522]: Error : st = 4, ind.status = -1628389555
06-28 14:18:53.296   862  1657 E LocSvc_IzatApiV02: E/virtual int izat_core::IzatApiV02::getBatchSize(int32_t):535]: get batching size failed.Or modem does not support batching 
06-28 14:18:53.298 15599 15644 E chromium: [ERROR:gles2_cmd_decoder.cc(3852)] [.ChromiumCompositor-0xacbb2fc0]GL ERROR :GL_INVALID_ENUM : glDiscardFramebufferEXT: attachments was GL_COLOR_EXT
06-28 14:18:53.316 15665 15678 E WProf.db: {"page": "searchengineland-com.cdn.ampproject.org_c_searchengineland.com_paid-search-kpi-says-273702_amp"}
06-28 14:18:53.316 15665 15678 E WProf.db: {"DOMLoad": 20610.372142}
06-28 14:18:53.317 15665 15678 E WProf.db: {"Resource": {"id": 1, "url": "https://searchengineland-com.cdn.ampproject.org/c/searchengineland.com/paid-search-kpi-says-273702/amp", "sentTime": -1.000000, "len": 43235, "from": "0x0", "mimeType": "text/html", "contentLength": -1, "httpStatus": 200, "connId": 21, "connReused": 0, "cached": 0,"requestTime": 20607.412412, "proxyStart": -1, "proxyEnd": -1, "dnsStart": 0, "dnsEnd": 0, "connectStart": 0, "connectEnd": 140, "sendStart": 140, "sendEnd": 140, "receiveHeadersEnd": 361, "sslStart": 0, "sslEnd": 139}}
06-28 14:18:53.317 15665 15678 E WProf.db: {"ReceivedChunk": {"receivedTime": 20607.797147, "len": 11544}}
06-28 14:18:53.317 15665 15678 E WProf.db: {"ReceivedChunk": {"receivedTime": 20607.863461, "len": 11182}}
06-28 14:18:53.317 15665 15678 E WProf.db: {"ReceivedChunk": {"receivedTime": 20607.863672, "len": 20509}}
06-28 14:18:53.317 15665 15678 E WProf.db: {"WprofHTMLTag": {"code": "0xaedda660", "doc": "https://searchengineland-com.cdn.ampproject.org/c/searchengineland.com/paid-search-kpi-says-273702/amp", "row": 0, "column": 25, "tagName": "html", "time": 20607.866322, "url": "", "pos": 1, "chunkLen": 1, "isStartTag": 1}}
06-28 14:18:53.317 15665 15678 E WProf.db: {"WprofHTMLTag": {"code": "0xaedda5d0", "doc": "https://searchengineland-com.cdn.ampproject.org/c/searchengineland.com/paid-search-kpi-says-273702/amp", "row": 0, "column": 31, "tagName": "head", "time": 20607.866749, "url": "", "pos": 1, "chunkLen": 1, "isStartTag": 1}}
06-28 14:18:53.317 15665 15678 E WProf.db: {"WprofHTMLTag": {"code": "0xaf047850", "doc": "https://searchengineland-com.cdn.ampproject.org/c/searchengineland.com/paid-search-kpi-says-273702/amp", "row": 0, "column": 53, "tagName": "meta", "time": 20607.866773, "url": "", "pos": 1, "chunkLen": 1, "isStartTag": 1}}
06-28 14:18:53.317 15665 15678 E WProf.db: {"WprofHTMLTag": {"code": "0xaf047880", "doc": "https://searchengineland-com.cdn.ampproject.org/c/searchengineland.com/paid-search-kpi-says-273702/amp", "row": 0, "column": 88, "tagName": "meta", "time": 20607.866861, "url": "", "pos": 1, "chunkLen": 1, "isStartTag": 1}}
06-28 14:18:53.317 15665 15678 E WProf.db: {"WprofHTMLTag": {"code": "0xaf0478b0", "doc": "https://searchengineland-com.cdn.ampproject.org/c/searchengineland.com/paid-search-kpi-says-273702/amp", "row": 0, "column": 122, "tagName": "meta", "time": 20607.866968, "url": "", "pos": 1, "chunkLen": 1, "isStartTag": 1}}
06-28 14:18:53.317 15665 15678 E WProf.db: {"WprofHTMLTag": {"code": "0xaf0478e0", "doc": "https://searchengineland-com.cdn.ampproject.org/c/searchengineland.com/paid-search-kpi-says-273702/amp", "row": 0, "column": 247, "tagName": "meta", "time": 20607.867077, "url": "", "pos": 1, "chunkLen": 1, "isStartTag": 1}}
06-28 14:18:53.317 15665 15678 E WProf.db: {"WprofHTMLTag": {"code": "0xaf047910", "doc": "https://searchengineland-com.cdn.ampproject.org/c/searchengineland.com/paid-search-kpi-says-273702/amp", "row": 0, "column": 303, "tagName": "meta", "time": 20607.867410, "url": "", "pos": 1, "chunkLen": 1, "isStartTag": 1}}
06-28 14:18:53.317 15665 15678 E WProf.db: {"WprofHTMLTag": {"code": "0xaf047940", "doc": "https://searchengineland-com.cdn.ampproject.org/c/searchengineland.com/paid-search-kpi-says-273702/amp", "row": 0, "column": 528, "tagName": "meta", "time": 20607.867524, "url": "", "pos": 1, "chunkLen": 1, "isStartTag": 1}}
06-28 14:18:53.317 15665 15678 E WProf.db: {"WprofHTMLTag": {"code": "0xaf047970", "doc": "https://searchengineland-com.cdn.ampproject.org/c/searchengineland.com/paid-search-kpi-says-273702/amp", "row": 0, "column": 606, "tagName": "meta", "time": 20607.867630, "url": "", "pos": 1, "chunkLen": 1, "isStartTag": 1}}
06-28 14:18:53.318 15665 15678 E WProf.db: {"WprofHTMLTag": {"code": "0xaf047ac0", "doc": "https://searchengineland-com.cdn.ampproject.org/c/searchengineland.com/paid-search-kpi-says-273702/amp", "row": 0, "column": 655, "tagName": "meta", "time": 20607.867733, "url": "", "pos": 1, "chunkLen": 1, "isStartTag": 1}}
06-28 14:18:53.318 15665 15678 E WProf.db: {"WprofHTMLTag": {"code": "0xaf047af0", "doc": "https://searchengineland-com.cdn.ampproject.org/c/searchengineland.com/paid-search-kpi-says-273702/amp", "row": 0, "column": 792, "tagName": "meta", "time": 20607.867837, "url": "", "pos": 1, "chunkLen": 1, "isStartTag": 1}}
06-28 14:18:53.318 15665 15678 E WProf.db: {"WprofHTMLTag": {"code": "0xaf047b20", "doc": "https://searchengineland-com.cdn.ampproject.org/c/searchengineland.com/paid-search-kpi-says-273702/amp", "row": 0, "column": 848, "tagName": "meta", "time": 20607.867942, "url": "", "pos": 1, "chunkLen": 1, "isStartTag": 1}}
06-28 14:18:53.318 15665 15678 E WProf.db: {"WprofHTMLTag": {"code": "0xaf047a90", "doc": "https://searchengineland-com.cdn.ampproject.org/c/searchengineland.com/paid-search-kpi-says-273702/amp", "row": 0, "column": 891, "tagName": "meta", "time": 20607.868049, "url": "", "pos": 1, "chunkLen": 1, "isStartTag": 1}}
06-28 14:18:53.318 15665 15678 E WProf.db: {"WprofHTMLTag": {"code": "0xaf047a60", "doc": "https://searchengineland-com.cdn.ampproject.org/c/searchengineland.com/paid-search-kpi-says-273702/amp", "row": 0, "column": 932, "tagName": "meta", "time": 20607.868150, "url": "", "pos": 1, "chunkLen": 1, "isStartTag": 1}}
06-28 14:18:53.318 15665 15678 E WProf.db: {"WprofHTMLTag": {"code": "0xaf047b50", "doc": "https://searchengineland-com.cdn.ampproject.org/c/searchengineland.com/paid-search-kpi-says-273702/amp", "row": 0, "column": 1009, "tagName": "meta", "time": 20607.868254, "url": "", "pos": 1, "chunkLen": 1, "isStartTag": 1}}
06-28 14:18:53.318 15665 15678 E WProf.db: {"WprofHTMLTag": {"code": "0xaf047b80", "doc": "https://searchengineland-com.cdn.ampproject.org/c/searchengineland.com/paid-search-kpi-says-273702/amp", "row": 0, "column": 1233, "tagName": "meta", "time": 20607.868357, "url": "", "pos": 1, "chunkLen": 1, "isStartTag": 1}}
06-28 14:18:53.318 15665 15678 E WProf.db: {"WprofHTMLTag": {"code": "0xaf047bb0", "doc": "https://searchengineland-com.cdn.ampproject.org/c/searchengineland.com/paid-search-kpi-says-273702/amp", "row": 0, "column": 1323, "tagName": "meta", "time": 20607.868459, "url": "", "pos": 1, "chunkLen": 1, "isStartTag": 1}}
06-28 14:18:53.318 15665 15678 E WProf.db: {"WprofHTMLTag": {"code": "0xaf047be0", "doc": "https://searchengineland-com.cdn.ampproject.org/c/searchengineland.com/paid-search-kpi-says-273702/amp", "row": 0, "column": 1382, "tagName": "meta", "time": 20607.868563, "url": "", "pos": 1, "chunkLen": 1, "isStartTag": 1}}
06-28 14:18:53.318 15665 15678 E WProf.db: {"WprofHTMLTag": {"code": "0xaf047c10", "doc": "https://searchengineland-com.cdn.ampproject.org/c/searchengineland.com/paid-search-kpi-says-273702/amp", "row": 0, "column": 1451, "tagName": "meta", "time": 20607.868676, "url": "", "pos": 1, "chunkLen": 1, "isStartTag": 1}}
06-28 14:18:53.318 15665 15678 E WProf.db: {"WprofHTMLTag": {"code": "0xaf047c40", "doc": "https://searchengineland-com.cdn.ampproject.org/c/searchengineland.com/paid-search-kpi-says-273702/amp", "row": 0, "column": 1587, "tagName": "meta", "time": 20607.868780, "url": "", "pos": 1, "chunkLen": 1, "isStartTag": 1}}
06-28 14:18:53.318 15665 15678 E WProf.db: {"WprofHTMLTag": {"code": "0xaf047c70", "doc": "https://searchengineland-com.cdn.ampproject.org/c/searchengineland.com/paid-search-kpi-says-273702/amp", "row": 0, "column": 1632, "tagName": "meta", "time": 20607.868881, "url": "", "pos": 1, "chunkLen": 1, "isStartTag": 1}}
06-28 14:18:53.319 15665 15678 E WProf.db: {"WprofHTMLTag": {"code": "0xaf047ca0", "doc": "https://searchengineland-com.cdn.ampproject.org/c/searchengineland.com/paid-search-kpi-says-273702/amp", "row": 0, "column": 1678, "tagName": "meta", "time": 20607.868983, "url": "", "pos": 1, "chunkLen": 1, "isStartTag": 1}}
06-28 14:18:53.319 15665 15678 E WProf.db: {"WprofHTMLTag": {"code": "0xaf047cd0", "doc": "https://searchengineland-com.cdn.ampproject.org/c/searchengineland.com/paid-search-kpi-says-273702/amp", "row": 0, "column": 1751, "tagName": "script", "time": 20607.869085, "url": "https://cdn.ampproject.org/rtv/011498506512561/v0.js", "pos": 1, "chunkLen": 1, "isStartTag": 1}}
06-28 14:18:53.319 15665 15678 E WProf.db: {"WprofHTMLTag": {"code": "0xaf047d00", "doc": "https://searchengineland-com.cdn.ampproject.org/c/searchengineland.com/paid-search-kpi-says-273702/amp", "row": 0, "column": 1760, "tagName": "script", "time": 20607.869363, "url": "", "pos": 1, "chunkLen": 1, "isStartTag": 0}}
06-28 14:18:53.319 15665 15678 E WProf.db: {"WprofHTMLTag": {"code": "0xaf047d30", "doc": "https://searchengineland-com.cdn.ampproject.org/c/searchengineland.com/paid-search-kpi-says-273702/amp", "row": 0, "column": 1868, "tagName": "script", "time": 20607.869972, "url": "https://cdn.ampproject.org/rtv/011498506512561/v0/amp-ad-0.1.js", "pos": 1, "chunkLen": 1, "isStartTag": 1}}
06-28 14:18:53.319 15665 15678 E WProf.db: {"WprofHTMLTag": {"code": "0xaf047d90", "doc": "https://searchengineland-com.cdn.ampproject.org/c/searchengineland.com/paid-search-kpi-says-273702/amp", "row": 0, "column": 1877, "tagName": "script", "time": 20607.870341, "url": "", "pos": 1, "chunkLen": 1, "isStartTag": 0}}
06-28 14:18:53.319 15665 15678 E WProf.db: {"WprofHTMLTag": {"code": "0xaf047dc0", "doc": "https://searchengineland-com.cdn.ampproject.org/c/searchengineland.com/paid-search-kpi-says-273702/amp", "row": 0, "column": 1999, "tagName": "script", "time": 20607.870806, "url": "https://cdn.ampproject.org/rtv/011498506512561/v0/amp-analytics-0.1.js", "pos": 1, "chunkLen": 1, "isStartTag": 1}}
06-28 14:18:53.319 15665 15678 E WProf.db: {"WprofHTMLTag": {"code": "0xaf047e20", "doc": "https://searchengineland-com.cdn.ampproject.org/c/searchengineland.com/paid-search-kpi-says-273702/amp", "row": 0, "column": 2008, "tagName": "script", "time": 20607.871065, "url": "", "pos": 1, "chunkLen": 1, "isStartTag": 0}}
06-28 14:18:53.319 15665 15678 E WProf.db: {"WprofHTMLTag": {"code": "0xaf047e50", "doc": "https://searchengineland-com.cdn.ampproject.org/c/searchengineland.com/paid-search-kpi-says-273702/amp", "row": 0, "column": 2120, "tagName": "script", "time": 20607.871801, "url": "https://cdn.ampproject.org/rtv/011498506512561/v0/amp-anim-0.1.js", "pos": 1, "chunkLen": 1, "isStartTag": 1}}
06-28 14:18:53.319 15665 15678 E WProf.db: {"WprofHTMLTag": {"code": "0xaf047eb0", "doc": "https://searchengineland-com.cdn.ampproject.org/c/searchengineland.com/paid-search-kpi-says-273702/amp", "row": 0, "column": 2129, "tagName": "script", "time": 20607.872083, "url": "", "pos": 1, "chunkLen": 1, "isStartTag": 0}}
06-28 14:18:53.319 15665 15678 E WProf.db: {"WprofHTMLTag": {"code": "0xaf047ee0", "doc": "https://searchengineland-com.cdn.ampproject.org/c/searchengineland.com/paid-search-kpi-says-273702/amp", "row": 0, "column": 2241, "tagName": "script", "time": 20607.872608, "url": "https://cdn.ampproject.org/rtv/011498506512561/v0/amp-form-0.1.js", "pos": 1, "chunkLen": 1, "isStartTag": 1}}
06-28 14:18:53.319 15665 15678 E WProf.db: {"WprofHTMLTag": {"code": "0xaf047f40", "doc": "https://searchengineland-com.cdn.ampproject.org/c/searchengineland.com/paid-search-kpi-says-273702/amp", "row": 0, "column": 2250, "tagName": "script", "time": 20607.872873, "url": "", "pos": 1, "chunkLen": 1, "isStartTag": 0}}
06-28 14:18:53.319 15665 15678 E WProf.db: {"WprofHTMLTag": {"code": "0xaf047f70", "doc": "https://searchengineland-com.cdn.ampproject.org/c/searchengineland.com/paid-search-kpi-says-273702/amp", "row": 0, "column": 2368, "tagName": "script", "time": 20607.873354, "url": "https://cdn.ampproject.org/rtv/011498506512561/v0/amp-sidebar-0.1.js", "pos": 1, "chunkLen": 1, "isStartTag": 1}}
06-28 14:18:53.319 15665 15678 E WProf.db: {"WprofHTMLTag": {"code": "0xaf047fd0", "doc": "https://searchengineland-com.cdn.ampproject.org/c/searchengineland.com/paid-search-kpi-says-273702/amp", "row": 0, "column": 2377, "tagName": "script", "time": 20607.873613, "url": "", "pos": 1, "chunkLen": 1, "isStartTag": 0}}
06-28 14:18:53.319 15665 15678 E WProf.db: {"WprofHTMLTag": {"code": "0xb4cc74b0", "doc": "https://searchengineland-com.cdn.ampproject.org/c/searchengineland.com/paid-search-kpi-says-273702/amp", "row": 0, "column": 2491, "tagName": "script", "time": 20607.874088, "url": "https://cdn.ampproject.org/rtv/011498506512561/v0/amp-video-0.1.js", "pos": 1, "chunkLen": 1, "isStartTag": 1}}
06-28 14:18:53.319 15665 15678 E WProf.db: {"WprofHTMLTag": {"code": "0xb4cc78a0", "doc": "https://searchengineland-com.cdn.ampproject.org/c/searchengineland.com/paid-search-kpi-says-273702/amp", "row": 0, "column": 2500, "tagName": "script", "time": 20607.874352, "url": "", "pos": 1, "chunkLen": 1, "isStartTag": 0}}
06-28 14:18:53.320 15665 15678 E WProf.db: {"WprofHTMLTag": {"code": "0xb4cc78d0", "doc": "https://searchengineland-com.cdn.ampproject.org/c/searchengineland.com/paid-search-kpi-says-273702/amp", "row": 0, "column": 2618, "tagName": "script", "time": 20607.874831, "url": "https://cdn.ampproject.org/rtv/011498506512561/v0/amp-youtube-0.1.js", "pos": 1, "chunkLen": 1, "isStartTag": 1}}
06-28 14:18:53.320 15665 15678 E WProf.db: {"WprofHTMLTag": {"code": "0xb4cc7930", "doc": "https://searchengineland-com.cdn.ampproject.org/c/searchengineland.com/paid-search-kpi-says-273702/amp", "row": 0, "column": 2627, "tagName": "script", "time": 20607.875086, "url": "", "pos": 1, "chunkLen": 1, "isStartTag": 0}}
06-28 14:18:53.320 15665 15678 E WProf.db: {"WprofHTMLTag": {"code": "0xaedda690", "doc": "https://searchengineland-com.cdn.ampproject.org/c/searchengineland.com/paid-search-kpi-says-273702/amp", "row": 0, "column": 2685, "tagName": "link", "time": 20607.875670, "url": "https://searchengineland-com.cdn.ampproject.org/i/searchengineland.com/favicon.ico", "pos": 1, "chunkLen": 1, "isStartTag": 1}}
06-28 14:18:53.320 15665 15678 E WProf.db: {"WprofHTMLTag": {"code": "0xb4cc7960", "doc": "https://searchengineland-com.cdn.ampproject.org/c/searchengineland.com/paid-search-kpi-says-273702/amp", "row": 0, "column": 2772, "tagName": "link", "time": 20607.875956, "url": "https://fonts.googleapis.com/css?family=Oswald:300,400,700", "pos": 1, "chunkLen": 1, "isStartTag": 1}}
06-28 14:18:53.320 15665 15678 E WProf.db: {"WprofHTMLTag": {"code": "0xb4cc7990", "doc": "https://searchengineland-com.cdn.ampproject.org/c/searchengineland.com/paid-search-kpi-says-273702/amp", "row": 0, "column": 2841, "tagName": "link", "time": 20607.876496, "url": "https://fonts.gstatic.com/", "pos": 1, "chunkLen": 1, "isStartTag": 1}}
06-28 14:18:53.320 15665 15678 E WProf.db: {"WprofHTMLTag": {"code": "0xb4cc79c0", "doc": "https://searchengineland-com.cdn.ampproject.org/c/searchengineland.com/paid-search-kpi-says-273702/amp", "row": 0, "column": 2950, "tagName": "link", "time": 20607.876690, "url": "https://fonts.googleapis.com/css?family=Merriweather:400,400italic,700,700italic", "pos": 1, "chunkLen": 1, "isStartTag": 1}}
06-28 14:18:53.320 15665 15678 E WProf.db: {"WprofHTMLTag": {"code": "0xb4cc79f0", "doc": "https://searchengineland-com.cdn.ampproject.org/c/searchengineland.com/paid-search-kpi-says-273702/amp", "row": 0, "column": 2968, "tagName": "style", "time": 20607.877195, "url": "", "pos": 1, "chunkLen": 1, "isStartTag": 1}}
06-28 14:18:53.320 15665 15678 E WProf.db: {"WprofHTMLTag": {"code": "0xb4cc7a20", "doc": "https://searchengineland-com.cdn.ampproject.org/c/searchengineland.com/paid-search-kpi-says-273702/amp", "row": 612, "column": 9, "tagName": "style", "time": 20607.877579, "url": "", "pos": 1, "chunkLen": 1, "isStartTag": 0}}
06-28 14:18:53.320 15665 15678 E WProf.db: {"WprofHTMLTag": {"code": "0xb4cc7d80", "doc": "https://searchengineland-com.cdn.ampproject.org/c/searchengineland.com/paid-search-kpi-says-273702/amp", "row": 612, "column": 16, "tagName": "title", "time": 20607.884162, "url": "", "pos": 1, "chunkLen": 1, "isStartTag": 1}}
06-28 14:18:53.320 15665 15678 E WProf.db: {"WprofHTMLTag": {"code": "0xb4cc7db0", "doc": "https://searchengineland-com.cdn.ampproject.org/c/searchengineland.com/paid-search-kpi-says-273702/amp", "row": 612, "column": 64, "tagName": "title", "time": 20607.884651, "url": "", "pos": 1, "chunkLen": 1, "isStartTag": 0}}
06-28 14:18:53.320 15665 15678 E WProf.db: {"WprofHTMLTag": {"code": "0xb4cc7de0", "doc": "https://searchengineland-com.cdn.ampproject.org/c/searchengineland.com/paid-search-kpi-says-273702/amp", "row": 612, "column": 147, "tagName": "link", "time": 20607.884665, "url": "http://searchengineland.com/paid-search-kpi-says-273702", "pos": 1, "chunkLen": 1, "isStartTag": 1}}
06-28 14:18:53.320 15665 15678 E WProf.db: {"WprofHTMLTag": {"code": "0xb4cc7e10", "doc": "https://searchengineland-com.cdn.ampproject.org/c/searchengineland.com/paid-search-kpi-says-273702/amp", "row": 612, "column": 268, "tagName": "script", "time": 20607.884891, "url": "https://cdn.ampproject.org/rtv/011498506512561/v0/amp-mustache-0.1.js", "pos": 1, "chunkLen": 1, "isStartTag": 1}}
06-28 14:18:53.320 15665 15678 E WProf.db: {"WprofHTMLTag": {"code": "0xb4cc7e70", "doc": "https://searchengineland-com.cdn.ampproject.org/c/searchengineland.com/paid-search-kpi-says-273702/amp", "row": 612, "column": 277, "tagName": "script", "time": 20607.885141, "url": "", "pos": 1, "chunkLen": 1, "isStartTag": 0}}
06-28 14:18:53.320 15665 15678 E WProf.db: {"WprofHTMLTag": {"code": "0xb4cc7ea0", "doc": "https://searchengineland-com.cdn.ampproject.org/c/searchengineland.com/paid-search-kpi-says-273702/amp", "row": 612, "column": 300, "tagName": "style", "time": 20607.891938, "url": "", "pos": 1, "chunkLen": 1, "isStartTag": 1}}
06-28 14:18:53.321 15665 15678 E WProf.db: {"WprofHTMLTag": {"code": "0xb4cc7ed0", "doc": "https://searchengineland-com.cdn.ampproject.org/c/searchengineland.com/paid-search-kpi-says-273702/amp", "row": 612, "column": 924, "tagName": "style", "time": 20607.892640, "url": "", "pos": 1, "chunkLen": 1, "isStartTag": 0}}
06-28 14:18:53.321 15665 15678 E WProf.db: {"WprofHTMLTag": {"code": "0xb4cc7f00", "doc": "https://searchengineland-com.cdn.ampproject.org/c/searchengineland.com/paid-search-kpi-says-273702/amp", "row": 612, "column": 934, "tagName": "noscript", "time": 20607.894221, "url": "", "pos": 1, "chunkLen": 1, "isStartTag": 1}}
06-28 14:18:53.321 15665 15678 E WProf.db: {"WprofHTMLTag": {"code": "0xb4cc7f30", "doc": "https://searchengineland-com.cdn.ampproject.org/c/searchengineland.com/paid-search-kpi-says-273702/amp", "row": 612, "column": 1077, "tagName": "noscript", "time": 20607.894338, "url": "", "pos": 1, "chunkLen": 1, "isStartTag": 0}}
06-28 14:18:53.321 15665 15678 E WProf.db: {"WprofHTMLTag": {"code": "0xb4cc7f60", "doc": "https://searchengineland-com.cdn.ampproject.org/c/searchengineland.com/paid-search-kpi-says-273702/amp", "row": 612, "column": 1084, "tagName": "head", "time": 20607.894376, "url": "", "pos": 1, "chunkLen": 1, "isStartTag": 0}}
06-28 14:18:53.321 15665 15678 E WProf.db: {"WprofHTMLTag": {"code": "0xb4cc7f90", "doc": "https://searchengineland-com.cdn.ampproject.org/c/searchengineland.com/paid-search-kpi-says-273702/amp", "row": 612, "column": 1090, "tagName": "body", "time": 20607.894411, "url": "", "pos": 1, "chunkLen": 1, "isStartTag": 1}}
06-28 14:18:53.321 15665 15678 E WProf.db: {"WprofHTMLTag": {"code": "0xb4cc7fc0", "doc": "https://searchengineland-com.cdn.ampproject.org/c/searchengineland.com/paid-search-kpi-says-273702/amp", "row": 613, "column": 48, "tagName": "amp-sidebar", "time": 20607.894636, "url": "", "pos": 1, "chunkLen": 1, "isStartTag": 1}}
06-28 14:18:53.321 15665 15678 E WProf.db: {"WprofHTMLTag": {"code": "0xb4cc7ff0", "doc": "https://searchengineland-com.cdn.ampproject.org/c/searchengineland.com/paid-search-kpi-says-273702/amp", "row": 614, "column": 6, "tagName": "ul", "time": 20607.895227, "url": "", "pos": 1, "chunkLen": 1, "isStartTag": 1}}
06-28 14:18:53.321 15665 15678 E WProf.db: {"WprofHTMLTag": {"code": "0xb4cc8020", "doc": "https://searchengineland-com.cdn.ampproject.org/c/searchengineland.com/paid-search-kpi-says-273702/amp", "row": 615, "column": 7, "tagName": "li", "time": 20607.895350, "url": "", "pos": 1, "chunkLen": 1, "isStartTag": 1}}
06-28 14:18:53.322 15665 15678 E WProf.db: {"WprofHTMLTag": {"code": "0xb4cc8050", "doc": "https://searchengineland-com.cdn.ampproject.org/c/searchengineland.com/paid-search-kpi-says-273702/amp", "row": 616, "column": 83, "tagName": "a", "time": 20607.895550, "url": "", "pos": 1, "chunkLen": 1, "isStartTag": 1}}
06-28 14:18:53.322 15665 15678 E WProf.db: {"WprofHTMLTag": {"code": "0xb4cc80b0", "doc": "https://searchengineland-com.cdn.ampproject.org/c/searchengineland.com/paid-search-kpi-says-273702/amp", "row": 616, "column": 90, "tagName": "a", "time": 20607.902218, "url": "", "pos": 1, "chunkLen": 1, "isStartTag": 0}}
06-28 14:18:53.323 15665 15678 E WProf.db: {"WprofHTMLTag": {"code": "0xb4cc8350", "doc": "https://searchengineland-com.cdn.ampproject.org/c/searchengineland.com/paid-search-kpi-says-273702/amp", "row": 617, "column": 8, "tagName": "li", "time": 20607.902290, "url": "", "pos": 1, "chunkLen": 1, "isStartTag": 0}}
06-28 14:18:53.323 15665 15678 E WProf.db: {"WprofHTMLTag": {"code": "0xb4cc8380", "doc": "https://searchengineland-com.cdn.ampproject.org/c/searchengineland.com/paid-search-kpi-says-273702/amp", "row": 618, "column": 7, "tagName": "li", "time": 20607.902317, "url": "", "pos": 1, "chunkLen": 1, "isStartTag": 1}}
06-28 14:18:53.323 15665 15678 E WProf.db: {"WprofHTMLTag": {"code": "0xb4cc83b0", "doc": "https://searchengineland-com.cdn.ampproject.org/c/searchengineland.com/paid-search-kpi-says-273702/amp", "row": 619, "column": 83, "tagName": "a", "time": 20607.902384, "url": "", "pos": 1, "chunkLen": 1, "isStartTag": 1}}
06-28 14:18:53.323 15665 15678 E WProf.db: {"WprofHTMLTag": {"code": "0xb4cc9250", "doc": "https://searchengineland-com.cdn.ampproject.org/c/searchengineland.com/paid-search-kpi-says-273702/amp", "row": 619, "column": 90, "tagName": "a", "time": 20607.902694, "url": "", "pos": 1, "chunkLen": 1, "isStartTag": 0}}
06-28 14:18:53.323 15665 15678 E WProf.db: {"WprofHTMLTag": {"code": "0xb4cc9400", "doc": "https://searchengineland-com.cdn.ampproject.org/c/searchengineland.com/paid-search-kpi-says-273702/amp", "row": 620, "column": 8, "tagName": "li", "time": 20607.902719, "url": "", "pos": 1, "chunkLen": 1, "isStartTag": 0}}
06-28 14:18:53.323 15665 15678 E WProf.db: {"WprofHTMLTag": {"code": "0xb4cc9430", "doc": "https://searchengineland-com.cdn.ampproject.org/c/searchengineland.com/paid-search-kpi-says-273702/amp", "row": 621, "column": 7, "tagName": "li", "time": 20607.902740, "url": "", "pos": 1, "chunkLen": 1, "isStartTag": 1}}
06-28 14:18:53.324 15665 15678 E WProf.db: {"WprofHTMLTag": {"code": "0xb4cc9460", "doc": "https://searchengineland-com.cdn.ampproject.org/c/searchengineland.com/paid-search-kpi-says-273702/amp", "row": 622, "column": 89, "tagName": "a", "time": 20607.902781, "url": "", "pos": 1, "chunkLen": 1, "isStartTag": 1}}
06-28 14:18:53.324 15665 15678 E WProf.db: {"WprofHTMLTag": {"code": "0xb4cc94c0", "doc": "https://searchengineland-com.cdn.ampproject.org/c/searchengineland.com/paid-search-kpi-says-273702/amp", "row": 622, "column": 99, "tagName": "a", "time": 20607.903235, "url": "", "pos": 1, "chunkLen": 1, "isStartTag": 0}}
06-28 14:18:53.324 15665 15678 E WProf.db: {"WprofHTMLTag": {"code": "0xb4cc94f0", "doc": "https://searchengineland-com.cdn.ampproject.org/c/searchengineland.com/paid-search-kpi-says-273702/amp", "row": 623, "column": 8, "tagName": "li", "time": 20607.903263, "url": "", "pos": 1, "chunkLen": 1, "isStartTag": 0}}
06-28 14:18:53.324 15665 15678 E WProf.db: {"WprofHTMLTag": {"code": "0xb4cc9520", "doc": "https://searchengineland-com.cdn.ampproject.org/c/searchengineland.com/paid-search-kpi-says-273702/amp", "row": 624, "column": 7, "tagName": "li", "time": 20607.903283, "url": "", "pos": 1, "chunkLen": 1, "isStartTag": 1}}
06-28 14:18:53.324 15665 15678 E WProf.db: {"WprofHTMLTag": {"code": "0xaa15d000", "doc": "https://searchengineland-com.cdn.ampproject.org/c/searchengineland.com/paid-search-kpi-says-273702/amp", "row": 625, "column": 87, "tagName": "a", "time": 20607.903326, "url": "", "pos": 1, "chunkLen": 1, "isStartTag": 1}}
06-28 14:18:53.324 15665 15678 E WProf.db: {"WprofHTMLTag": {"code": "0xaa15d060", "doc": "https://searchengineland-com.cdn.ampproject.org/c/searchengineland.com/paid-search-kpi-says-273702/amp", "row": 625, "column": 96, "tagName": "a", "time": 20607.903587, "url": "", "pos": 1, "chunkLen": 1, "isStartTag": 0}}
06-28 14:18:53.325 15665 15678 E WProf.db: {"WprofHTMLTag": {"code": "0xaa15d090", "doc": "https://searchengineland-com.cdn.ampproject.org/c/searchengineland.com/paid-search-kpi-says-273702/amp", "row": 626, "column": 8, "tagName": "li", "time": 20607.903614, "url": "", "pos": 1, "chunkLen": 1, "isStartTag": 0}}
06-28 14:18:53.325 15665 15678 E WProf.db: {"WprofHTMLTag": {"code": "0xaa15d0c0", "doc": "https://searchengineland-com.cdn.ampproject.org/c/searchengineland.com/paid-search-kpi-says-273702/amp", "row": 627, "column": 7, "tagName": "li", "time": 20607.903634, "url": "", "pos": 1, "chunkLen": 1, "isStartTag": 1}}
06-28 14:18:53.325 15665 15678 E WProf.db: {"WprofHTMLTag": {"code": "0xaa15d0f0", "doc": "https://searchengineland-com.cdn.ampproject.org/c/searchengineland.com/paid-search-kpi-says-273702/amp", "row": 628, "column": 89, "tagName": "a", "time": 20607.903766, "url": "", "pos": 1, "chunkLen": 1, "isStartTag": 1}}
06-28 14:18:53.326 15665 15678 E WProf.db: {"WprofHTMLTag": {"code": "0xaa15d150", "doc": "https://searchengineland-com.cdn.ampproject.org/c/searchengineland.com/paid-search-kpi-says-273702/amp", "row": 628, "column": 99, "tagName": "a", "time": 20607.903988, "url": "", "pos": 1, "chunkLen": 1, "isStartTag": 0}}
06-28 14:18:53.326 15665 15678 E WProf.db: {"WprofHTMLTag": {"code": "0xaa15d180", "doc": "https://searchengineland-com.cdn.ampproject.org/c/searchengineland.com/paid-search-kpi-says-273702/amp", "row": 629, "column": 8, "tagName": "li", "time": 20607.904012, "url": "", "pos": 1, "chunkLen": 1, "isStartTag": 0}}
06-28 14:18:53.327 15665 15678 E WProf.db: {"WprofHTMLTag": {"code": "0xaa15d1b0", "doc": "https://searchengineland-com.cdn.ampproject.org/c/searchengineland.com/paid-search-kpi-says-273702/amp", "row": 630, "column": 7, "tagName": "li", "time": 20607.904034, "url": "", "pos": 1, "chunkLen": 1, "isStartTag": 1}}
06-28 14:18:53.327 15665 15678 E WProf.db: {"WprofHTMLTag": {"code": "0xaa15d1e0", "doc": "https://searchengineland-com.cdn.ampproject.org/c/searchengineland.com/paid-search-kpi-says-273702/amp", "row": 631, "column": 89, "tagName": "a", "time": 20607.904075, "url": "", "pos": 1, "chunkLen": 1, "isStartTag": 1}}
06-28 14:18:53.327 15665 15678 E WProf.db: {"WprofHTMLTag": {"code": "0xaa15d240", "doc": "https://searchengineland-com.cdn.ampproject.org/c/searchengineland.com/paid-search-kpi-says-273702/amp", "row": 631, "column": 99, "tagName": "a", "time": 20607.904288, "url": "", "pos": 1, "chunkLen": 1, "isStartTag": 0}}
06-28 14:18:53.327 15665 15678 E WProf.db: {"WprofHTMLTag": {"code": "0xaa15d270", "doc": "https://searchengineland-com.cdn.ampproject.org/c/searchengineland.com/paid-search-kpi-says-273702/amp", "row": 632, "column": 8, "tagName": "li", "time": 20607.904314, "url": "", "pos": 1, "chunkLen": 1, "isStartTag": 0}}
06-28 14:18:53.327 15665 15678 E WProf.db: {"WprofHTMLTag": {"code": "0xaa15d2a0", "doc": "https://searchengineland-com.cdn.ampproject.org/c/searchengineland.com/paid-search-kpi-says-273702/amp", "row": 633, "column": 7, "tagName": "li", "time": 20607.904333, "url": "", "pos": 1, "chunkLen": 1, "isStartTag": 1}}
06-28 14:18:53.327 15665 15678 E WProf.db: {"WprofHTMLTag": {"code": "0xaa15d2d0", "doc": "https://searchengineland-com.cdn.ampproject.org/c/searchengineland.com/paid-search-kpi-says-273702/amp", "row": 634, "column": 85, "tagName": "a", "time": 20607.904374, "url": "", "pos": 1, "chunkLen": 1, "isStartTag": 1}}
06-28 14:18:53.327 15665 15678 E WProf.db: {"WprofHTMLTag": {"code": "0xaa15d330", "doc": "https://searchengineland-com.cdn.ampproject.org/c/searchengineland.com/paid-search-kpi-says-273702/amp", "row": 634, "column": 93, "tagName": "a", "time": 20607.904684, "url": "", "pos": 1, "chunkLen": 1, "isStartTag": 0}}
06-28 14:18:53.328 15665 15678 E WProf.db: {"WprofHTMLTag": {"code": "0xaa15d360", "doc": "https://searchengineland-com.cdn.ampproject.org/c/searchengineland.com/paid-search-kpi-says-273702/amp", "row": 635, "column": 8, "tagName": "li", "time": 20607.904707, "url": "", "pos": 1, "chunkLen": 1, "isStartTag": 0}}
06-28 14:18:53.328 15665 15678 E WProf.db: {"WprofHTMLTag": {"code": "0xaa15d390", "doc": "https://searchengineland-com.cdn.ampproject.org/c/searchengineland.com/paid-search-kpi-says-273702/amp", "row": 636, "column": 7, "tagName": "li", "time": 20607.904727, "url": "", "pos": 1, "chunkLen": 1, "isStartTag": 1}}
06-28 14:18:53.328 15665 15678 E WProf.db: {"WprofHTMLTag": {"code": "0xaa15d3c0", "doc": "https://searchengineland-com.cdn.ampproject.org/c/searchengineland.com/paid-search-kpi-says-273702/amp", "row": 637, "column": 103, "tagName": "a", "time": 20607.904885, "url": "", "pos": 1, "chunkLen": 1, "isStartTag": 1}}
06-28 14:18:53.328 15665 15678 E WProf.db: {"WprofHTMLTag": {"code": "0xaa15d420", "doc": "https://searchengineland-com.cdn.ampproject.org/c/searchengineland.com/paid-search-kpi-says-273702/amp", "row": 637, "column": 113, "tagName": "a", "time": 20607.905092, "url": "", "pos": 1, "chunkLen": 1, "isStartTag": 0}}
06-28 14:18:53.328 15665 15678 E WProf.db: {"WprofHTMLTag": {"code": "0xaa15d450", "doc": "https://searchengineland-com.cdn.ampproject.org/c/searchengineland.com/paid-search-kpi-says-273702/amp", "row": 638, "column": 8, "tagName": "li", "time": 20607.905196, "url": "", "pos": 1, "chunkLen": 1, "isStartTag": 0}}
06-28 14:18:53.330 15665 15678 E WProf.db: {"WprofHTMLTag": {"code": "0xaa15d480", "doc": "https://searchengineland-com.cdn.ampproject.org/c/searchengineland.com/paid-search-kpi-says-273702/amp", "row": 639, "column": 7, "tagName": "li", "time": 20607.905217, "url": "", "pos": 1, "chunkLen": 1, "isStartTag": 1}}
06-28 14:18:53.331 15665 15678 E WProf.db: {"WprofHTMLTag": {"code": "0xaa15d4b0", "doc": "https://searchengineland-com.cdn.ampproject.org/c/searchengineland.com/paid-search-kpi-says-273702/amp", "row": 640, "column": 67, "tagName": "a", "time": 20607.905257, "url": "", "pos": 1, "chunkLen": 1, "isStartTag": 1}}
06-28 14:18:53.331 15665 15678 E WProf.db: {"WprofHTMLTag": {"code": "0xaa15d510", "doc": "https://searchengineland-com.cdn.ampproject.org/c/searchengineland.com/paid-search-kpi-says-273702/amp", "row": 640, "column": 75, "tagName": "a", "time": 20607.905458, "url": "", "pos": 1, "chunkLen": 1, "isStartTag": 0}}
06-28 14:18:53.331 15665 15678 E WProf.db: {"WprofHTMLTag": {"code": "0xaa15d540", "doc": "https://searchengineland-com.cdn.ampproject.org/c/searchengineland.com/paid-search-kpi-says-273702/amp", "row": 641, "column": 8, "tagName": "li", "time": 20607.905479, "url": "", "pos": 1, "chunkLen": 1, "isStartTag": 0}}
06-28 14:18:53.331 15665 15678 E WProf.db: {"WprofHTMLTag": {"code": "0xaa15d570", "doc": "https://searchengineland-com.cdn.ampproject.org/c/searchengineland.com/paid-search-kpi-says-273702/amp", "row": 643, "column": 8, "tagName": "ul", "time": 20607.905499, "url": "", "pos": 1, "chunkLen": 1, "isStartTag": 0}}
06-28 14:18:53.331 15665 15678 E WProf.db: {"WprofHTMLTag": {"code": "0xaa15d5a0", "doc": "https://searchengineland-com.cdn.ampproject.org/c/searchengineland.com/paid-search-kpi-says-273702/amp", "row": 644, "column": 15, "tagName": "amp-sidebar", "time": 20607.905521, "url": "", "pos": 1, "chunkLen": 1, "isStartTag": 0}}
06-28 14:18:53.331 15665 15678 E WProf.db: {"WprofHTMLTag": {"code": "0xaa15d5d0", "doc": "https://searchengineland-com.cdn.ampproject.org/c/searchengineland.com/paid-search-kpi-says-273702/amp", "row": 645, "column": 29, "tagName": "div", "time": 20607.905547, "url": "", "pos": 1, "chunkLen": 1, "isStartTag": 1}}
06-28 14:18:53.331 15665 15678 E WProf.db: {"WprofHTMLTag": {"code": "0xaa15d600", "doc": "https://searchengineland-com.cdn.ampproject.org/c/searchengineland.com/paid-search-kpi-says-273702/amp", "row": 646, "column": 55, "tagName": "a", "time": 20607.905704, "url": "", "pos": 1, "chunkLen": 1, "isStartTag": 1}}
06-28 14:18:53.331 15665 15678 E WProf.db: {"WprofHTMLTag": {"code": "0xaa15d630", "doc": "https://searchengineland-com.cdn.ampproject.org/c/searchengineland.com/paid-search-kpi-says-273702/amp", "row": 647, "column": 455, "tagName": "amp-img", "time": 20607.905865, "url": "", "pos": 1, "chunkLen": 1, "isStartTag": 1}}
06-28 14:18:53.331 15665 15678 E WProf.db: {"WprofHTMLTag": {"code": "0xaa15d660", "doc": "https://searchengineland-com.cdn.ampproject.org/c/searchengineland.com/paid-search-kpi-says-273702/amp", "row": 647, "column": 465, "tagName": "amp-img", "time": 20607.906269, "url": "", "pos": 1, "chunkLen": 1, "isStartTag": 0}}
06-28 14:18:53.332 15665 15678 E WProf.db: {"WprofHTMLTag": {"code": "0xaa15d690", "doc": "https://searchengineland-com.cdn.ampproject.org/c/searchengineland.com/paid-search-kpi-says-273702/amp", "row": 648, "column": 10, "tagName": "a", "time": 20607.906306, "url": "", "pos": 1, "chunkLen": 1, "isStartTag": 0}}
06-28 14:18:53.332 15665 15678 E WProf.db: {"WprofHTMLTag": {"code": "0xaa15d6c0", "doc": "https://searchengineland-com.cdn.ampproject.org/c/searchengineland.com/paid-search-kpi-says-273702/amp", "row": 648, "column": 52, "tagName": "a", "time": 20607.906325, "url": "", "pos": 1, "chunkLen": 1, "isStartTag": 1}}
06-28 14:18:53.332 15665 15678 E WProf.db: {"WprofHTMLTag": {"code": "0xaa15d6f0", "doc": "https://searchengineland-com.cdn.ampproject.org/c/searchengineland.com/paid-search-kpi-says-273702/amp", "row": 648, "column": 177, "tagName": "amp-img", "time": 20607.906479, "url": "", "pos": 1, "chunkLen": 1, "isStartTag": 1}}
06-28 14:18:53.332 15665 15678 E WProf.db: {"WprofHTMLTag": {"code": "0xaa15d750", "doc": "https://searchengineland-com.cdn.ampproject.org/c/searchengineland.com/paid-search-kpi-says-273702/amp", "row": 648, "column": 187, "tagName": "amp-img", "time": 20607.906692, "url": "", "pos": 1, "chunkLen": 1, "isStartTag": 0}}
06-28 14:18:53.332 15665 15678 E WProf.db: {"WprofHTMLTag": {"code": "0xaa15d780", "doc": "https://searchengineland-com.cdn.ampproject.org/c/searchengineland.com/paid-search-kpi-says-273702/amp", "row": 648, "column": 191, "tagName": "a", "time": 20607.906709, "url": "", "pos": 1, "chunkLen": 1, "isStartTag": 0}}
06-28 14:18:53.332 15665 15678 E WProf.db: {"WprofHTMLTag": {"code": "0xaa15d7b0", "doc": "https://searchengineland-com.cdn.ampproject.org/c/searchengineland.com/paid-search-kpi-says-273702/amp", "row": 650, "column": 7, "tagName": "div", "time": 20607.906730, "url": "", "pos": 1, "chunkLen": 1, "isStartTag": 0}}
