--------- beginning of main
06-28 11:55:50.528  3449  3449 E Finsky  : [1] com.google.android.finsky.wear.bl.a(3): onConnectionFailed: ConnectionResult{statusCode=API_UNAVAILABLE, resolution=null, message=null}
--------- beginning of system
06-28 11:55:51.556 30069 30069 E chromium: [ERROR:shell_integration_android.cc(12)] Not implemented reached in static ShellIntegration::DefaultWebClientSetPermission ShellIntegration::CanSetAsDefaultBrowser()
06-28 11:55:51.559 30069 30069 E chromium: [ERROR:browser_process_impl.cc(720)] Not implemented reached in virtual BackgroundModeManager* BrowserProcessImpl::background_mode_manager()
06-28 11:55:52.008  3218 10918 E AudioRecord-JNI: Error -4 during AudioRecord native read
06-28 11:55:54.511 30069 30115 E chromium: [ERROR:gles2_cmd_decoder.cc(3852)] [.ChromiumCompositor-0xacbb2fc0]GL ERROR :GL_INVALID_ENUM : glDiscardFramebufferEXT: attachments was GL_COLOR_EXT
06-28 11:55:54.889 30137 30150 E WPROF   : {"CSS": {"url": "http://searchengineland.com/figz/wp-content/themes/searchengineland/css/searchengineland-bootstrap.css", "requestTime": 12031.944934}}
06-28 11:55:54.890 30137 30150 E WPROF   : {"CSS": {"url": "http://fonts.googleapis.com/css?family=Oswald:300,400,700", "requestTime": 12031.945823}}
06-28 11:55:54.891 30137 30150 E WPROF   : {"CSS": {"url": "http://searchengineland.com/figz/wp-content/themes/searchengineland/style.css", "requestTime": 12031.946672}}
06-28 11:55:54.898 30137 30150 E WPROF   : {"Javascript": {"url": "http://searchengineland.com/figz/wp-content/themes/searchengineland/js/lib/modernizr.custom.js?ver=1.0", "requestTime": 12031.954006}}
06-28 11:55:54.899 30137 30150 E WPROF   : {"Javascript": {"url": "http://searchengineland.com/figz/wp-content/themes/searchengineland/js/lib/jquery-1.11.0.min.js?ver=1.11.0", "requestTime": 12031.954778}}
06-28 11:55:54.900 30137 30150 E WPROF   : {"Javascript": {"url": "http://searchengineland.com/figz/wp-content/themes/searchengineland/js/lib/jquery-ui-1.10.3.custom.min.js?ver=1.10.3", "requestTime": 12031.955416}}
06-28 11:55:54.900 30137 30150 E WPROF   : {"Javascript": {"url": "http://searchengineland.com/figz/wp-content/themes/searchengineland/js/lib/jquery.ba-throttle-debounce.min.js?ver=1.1", "requestTime": 12031.955988}}
06-28 11:55:54.901 30137 30150 E WPROF   : {"Javascript": {"url": "http://searchengineland.com/figz/wp-content/themes/searchengineland/js/lib/jquery.countdown.min.js?ver=2.0.4", "requestTime": 12031.956599}}
06-28 11:55:54.902 30137 30150 E WPROF   : {"Javascript": {"url": "http://static.chartbeat.com/js/chartbeat_mab.js", "requestTime": 12031.957231}}
06-28 11:55:55.535 30137 30150 E WPROF   : {"Javascript": {"url": "http://searchengineland.com/figz/wp-includes/js/wp-emoji-release.min.js?ver=4.7.5", "requestTime": 12032.590606}}
06-28 11:55:55.817 30137 30150 E WPROF   : {"Javascript": {"url": "http://www.googletagservices.com/tag/js/gpt.js", "requestTime": 12032.872568}}
06-28 11:55:55.822 30137 30150 E WPROF   : {"Javascript": {"url": "https://www.google-analytics.com/analytics.js", "requestTime": 12032.877564}}
06-28 11:55:55.862 30137 30150 E WPROF   : {"Javascript": {"url": "http://edge.quantserve.com/quant.js", "requestTime": 12032.917678}}
06-28 11:55:55.865 30137 30150 E WPROF   : {"Javascript": {"url": "https://connect.facebook.net/en_US/fbevents.js", "requestTime": 12032.920617}}
06-28 11:55:55.897 30069 30115 E chromium: [ERROR:gles2_cmd_decoder.cc(3852)] [.ChromiumCompositor-0xacbb2fc0]GL ERROR :GL_INVALID_ENUM : glDiscardFramebufferEXT: attachments was GL_COLOR_EXT
06-28 11:55:55.930 30137 30150 E WPROF   : {"Javascript": {"url": "http://app-sj02.marketo.com/js/forms2/js/forms2.min.js", "requestTime": 12032.985361}}
06-28 11:55:56.014 30069 30115 E chromium: [ERROR:gles2_cmd_decoder.cc(3852)] [.ChromiumCompositor-0xacbb2fc0]GL ERROR :GL_INVALID_ENUM : glDiscardFramebufferEXT: attachments was GL_COLOR_EXT
06-28 11:55:56.050 30137 30150 E WPROF   : {"Javascript": {"url": "https://connect.facebook.net/signals/config/423979991297359?v=2.7.17", "requestTime": 12033.106034}}
06-28 11:55:56.058 30137 30150 E WPROF   : {"Javascript": {"url": "https://securepubads.g.doubleclick.net/gpt/pubads_impl_121.js", "requestTime": 12033.113326}}
06-28 11:55:56.131 30069 30115 E chromium: [ERROR:gles2_cmd_decoder.cc(3852)] [.ChromiumCompositor-0xacbb2fc0]GL ERROR :GL_INVALID_ENUM : glDiscardFramebufferEXT: attachments was GL_COLOR_EXT
06-28 11:55:56.359 30137 30150 E WPROF   : {"Javascript": {"url": "http://app-sj02.marketo.com/index.php/form/getForm?munchkinId=727-ZQE-044&form=5691&url=http%3A%2F%2Fsearchengineland.com%2Fparticipate-in-our-audience-survey-enter-to-win-a-50-amazon-gift-card-230299&callback=jQuery110207531814894173294_1498618556283&_=1498618556284", "requestTime": 12033.414798}}
06-28 11:55:56.376 30137 30150 E WPROF   : {"Javascript": {"url": "http://app-sj02.marketo.com/index.php/form/getForm?munchkinId=727-ZQE-044&form=5685&url=http%3A%2F%2Fsearchengineland.com%2Fparticipate-in-our-audience-survey-enter-to-win-a-50-amazon-gift-card-230299&callback=jQuery110207531814894173294_1498618556285&_=1498618556286", "requestTime": 12033.432105}}
06-28 11:55:56.677 30137 30150 E WPROF   : {"Javascript": {"url": "http://app-sj02.marketo.com/index.php/form/getForm?munchkinId=727-ZQE-044&form=5673&url=http%3A%2F%2Fsearchengineland.com%2Fparticipate-in-our-audience-survey-enter-to-win-a-50-amazon-gift-card-230299&callback=jQuery110207531814894173294_1498618556287&_=1498618556288", "requestTime": 12033.732624}}
06-28 11:55:56.686 30137 30150 E WPROF   : {"Javascript": {"url": "http://searchengineland.com/js/ga_social_tracking.js", "requestTime": 12033.741449}}
06-28 11:55:56.687 30137 30150 E WPROF   : {"Javascript": {"url": "http://s7.addthis.com/js/300/addthis_widget.js#pubid=ra-53e918f660794f37", "requestTime": 12033.742356}}
06-28 11:55:56.760 30137 30150 E WPROF   : {"Javascript": {"url": "https://static.xx.fbcdn.net/rsrc.php/v3iy6L4/yk/l/ko_KR/be4fIjHRc8P.js", "requestTime": 12033.815596}}
06-28 11:55:56.899 30069 30115 E chromium: [ERROR:gles2_cmd_decoder.cc(3852)] [.ChromiumCompositor-0xacbb2fc0]GL ERROR :GL_INVALID_ENUM : glDiscardFramebufferEXT: attachments was GL_COLOR_EXT
06-28 11:55:56.957 30137 30150 E WPROF   : {"Javascript": {"url": "http://cdn.api.twitter.com/1/users/show.json?screen_name=sengineland&callback=twttr.setFollowersCount", "requestTime": 12034.012988}}
06-28 11:55:57.226  3218 20995 E GmsContextObserver: Received context data while not listening
06-28 11:55:57.233   862  1657 E LocSvc_IzatApiV02: E/virtual int izat_core::IzatApiV02::getBatchSize(int32_t):522]: Error : st = 4, ind.status = -1628389555
06-28 11:55:57.233   862  1657 E LocSvc_IzatApiV02: E/virtual int izat_core::IzatApiV02::getBatchSize(int32_t):535]: get batching size failed.Or modem does not support batching 
06-28 11:55:57.242   862  1657 E LocSvc_IzatApiV02: E/virtual int izat_core::IzatApiV02::getBatchSize(int32_t):522]: Error : st = 4, ind.status = -1628389555
06-28 11:55:57.242   862  1657 E LocSvc_IzatApiV02: E/virtual int izat_core::IzatApiV02::getBatchSize(int32_t):535]: get batching size failed.Or modem does not support batching 
06-28 11:55:57.269   862  1657 E LocSvc_IzatApiV02: E/virtual int izat_core::IzatApiV02::getBatchSize(int32_t):522]: Error : st = 4, ind.status = -1628389555
06-28 11:55:57.269   862  1657 E LocSvc_IzatApiV02: E/virtual int izat_core::IzatApiV02::getBatchSize(int32_t):535]: get batching size failed.Or modem does not support batching 
06-28 11:55:57.278   862  1657 E LocSvc_IzatApiV02: E/virtual int izat_core::IzatApiV02::getBatchSize(int32_t):522]: Error : st = 4, ind.status = -1628389555
06-28 11:55:57.278   862  1657 E LocSvc_IzatApiV02: E/virtual int izat_core::IzatApiV02::getBatchSize(int32_t):535]: get batching size failed.Or modem does not support batching 
06-28 11:55:57.534 30137 30150 E WPROF   : {"Javascript": {"url": "https://securepubads.g.doubleclick.net/gampad/ads?gdfp_req=1&correlator=2130177503002624&output=json_html&callback=googletag.impl.pubads.callbackProxy1&impl=fifs&json_a=1&eid=108809080%2C108809107&sc=0&sfv=1-0-9&iu_parts=1038259%2Csel-ciu-1%2Csel-ciu-2%2Csel-ciu-3%2Csel-ciu-4%2Csel-ciu-5%2Cch-indust", "requestTime": 12034.590037}}
06-28 11:55:57.645 30069 30115 E chromium: [ERROR:gles2_cmd_decoder.cc(3852)] [.ChromiumCompositor-0xacbb2fc0]GL ERROR :GL_INVALID_ENUM : glDiscardFramebufferEXT: attachments was GL_COLOR_EXT
06-28 11:55:58.101 30137 30150 E WPROF   : {"Javascript": {"url": "http://platform.twitter.com/widgets.js", "requestTime": 12035.156368}}
06-28 11:55:58.102 30137 30150 E WPROF   : {"Javascript": {"url": "http://connect.facebook.net/en_US/sdk.js", "requestTime": 12035.157950}}
06-28 11:55:58.105 30137 30150 E WPROF   : {"Javascript": {"url": "https://apis.google.com/js/platform.js", "requestTime": 12035.160724}}
06-28 11:55:58.129 30137 30150 E WPROF   : {"Javascript": {"url": "http://rules.quantcount.com/rules-p-5aGizvD82d9hk.js", "requestTime": 12035.184576}}
06-28 11:55:58.135 30137 30150 E WPROF   : {"Javascript": {"url": "http://munchkin.marketo.net/munchkin.js", "requestTime": 12035.190577}}
06-28 11:55:58.271 30137 30150 E WPROF   : {"Javascript": {"url": "http://d2j3qa5nc37287.cloudfront.net/coupon_code1.js", "requestTime": 12035.326627}}
06-28 11:55:58.326 30069 30115 E chromium: [ERROR:gles2_cmd_decoder.cc(3852)] [.ChromiumCompositor-0xacbb2fc0]GL ERROR :GL_INVALID_ENUM : glDiscardFramebufferEXT: attachments was GL_COLOR_EXT
06-28 11:55:58.351 30137 30150 E WPROF   : {"Javascript": {"url": "http://www.googleadservices.com/pagead/conversion.js", "requestTime": 12035.407081}}
06-28 11:55:58.353 30137 30150 E WPROF   : {"Javascript": {"url": "http://searchengineland.com/figz/wp-content/themes/searchengineland/js/script.js?ver=1.0", "requestTime": 12035.408569}}
06-28 11:55:58.355 30137 30150 E WPROF   : {"Javascript": {"url": "http://searchengineland.com/figz/wp-includes/js/wp-embed.min.js?ver=4.7.5", "requestTime": 12035.410367}}
06-28 11:55:58.355 30137 30150 E WPROF   : {"Javascript": {"url": "http://searchengineland.com/figz/wp-content/themes/searchengineland/js/modules/sharing_controls.js", "requestTime": 12035.410829}}
06-28 11:55:58.433 30137 30150 E WPROF   : {"CSS": {"url": "https://www.youtube.com/yts/cssbin/www-embed-player-sprite-mode-vfl5G4Xm8.css", "requestTime": 12035.488622}}
06-28 11:55:58.434 30137 30150 E WPROF   : {"Javascript": {"url": "https://www.youtube.com/yts/jsbin/www-embed-player-vfl_UY_j8/www-embed-player.js", "requestTime": 12035.489819}}
06-28 11:55:58.435 30137 30150 E WPROF   : {"Javascript": {"url": "https://www.youtube.com/yts/jsbin/player-vflo1w4O-/ko_KR/base.js", "requestTime": 12035.490322}}
06-28 11:55:58.443 30069 30115 E chromium: [ERROR:gles2_cmd_decoder.cc(3852)] [.ChromiumCompositor-0xacbb2fc0]GL ERROR :GL_INVALID_ENUM : glDiscardFramebufferEXT: attachments was GL_COLOR_EXT
06-28 11:55:58.593 30069 30115 E chromium: [ERROR:gles2_cmd_decoder.cc(3852)] [.ChromiumCompositor-0xacbb2fc0]GL ERROR :GL_INVALID_ENUM : glDiscardFramebufferEXT: attachments was GL_COLOR_EXT
06-28 11:55:59.464 30137 30150 E WPROF   : {"Javascript": {"url": "http://m.addthisedge.com/live/boost/ra-53e918f660794f37/_ate.track.config_resp", "requestTime": 12036.519478}}
06-28 11:55:59.515 30137 30150 E WPROF   : {"Javascript": {"url": "http://m.addthis.com/live/red_lojson/300lo.json?si=59531abd9adf2073&bkl=0&bl=1&pdt=2239&sid=59531abd9adf2073&pub=ra-53e918f660794f37&rev=v7.15.4-wp&ln=ko&pc=men&cb=0&ab=-&dp=searchengineland.com&fp=participate-in-our-audience-survey-enter-to-win-a-50-amazon-gift-card-230299&fr=&of=0&pd=0&irt=0&vcl=0", "requestTime": 12036.571005}}
06-28 11:56:00.098 30069 30115 E chromium: [ERROR:gles2_cmd_decoder.cc(3852)] [.ChromiumCompositor-0xacbb2fc0]GL ERROR :GL_INVALID_ENUM : glDiscardFramebufferEXT: attachments was GL_COLOR_EXT
06-28 11:56:00.113 30137 30150 E WPROF   : {"Javascript": {"url": "http://dnn506yrbagrg.cloudfront.net/pages/scripts/0026/4062.js?416282", "requestTime": 12037.168307}}
06-28 11:56:00.276 30069 30115 E chromium: [ERROR:gles2_cmd_decoder.cc(3852)] [.ChromiumCompositor-0xacbb2fc0]GL ERROR :GL_INVALID_ENUM : glDiscardFramebufferEXT: attachments was GL_COLOR_EXT
06-28 11:56:01.200 30137 30150 E WPROF   : {"Javascript": {"url": "https://www.google.com/js/bg/KWBfAnWFESAEEaKKgdYlTHY9ysQaNoQuzeMFqvxDSM8.js", "requestTime": 12038.255795}}
06-28 11:56:01.203 30137 30150 E WPROF   : {"Javascript": {"url": "https://static.doubleclick.net/instream/ad_status.js", "requestTime": 12038.258661}}
06-28 11:56:02.117 30069 30115 E chromium: [ERROR:gles2_cmd_decoder.cc(3852)] [.ChromiumCompositor-0xacbb2fc0]GL ERROR :GL_INVALID_ENUM : glDiscardFramebufferEXT: attachments was GL_COLOR_EXT
06-28 11:56:02.122 30137 30150 E WPROF   : {"CSS": {"url": "http://app-sj02.marketo.com/js/forms2/css/forms2.css", "requestTime": 12039.177233}}
06-28 11:56:02.125 30137 30150 E WPROF   : {"CSS": {"url": "http://app-sj02.marketo.com/js/forms2/css/forms2-theme-simple.css", "requestTime": 12039.180494}}
06-28 11:56:02.229 30137 30150 E WPROF   : {"Javascript": {"url": "https://tpc.googlesyndication.com/pagead/js/r20170619/r20110914/client/ext/m_window_focus_non_hydra.js", "requestTime": 12039.284435}}
06-28 11:56:02.230 30137 30150 E WPROF   : {"Javascript": {"url": "https://tpc.googlesyndication.com/pagead/js/r20170619/r20110914/activeview/osd_listener.js", "requestTime": 12039.285903}}
06-28 11:56:02.234 30137 30150 E WPROF   : {"Javascript": {"url": "http://pagead2.googlesyndication.com/pagead/osd.js", "requestTime": 12039.289552}}
06-28 11:56:02.538 30137 30150 E WPROF   : {"Javascript": {"url": "https://platform.twitter.com/js/button.b731e6c82269f70f6fc53634e044a4c6.js", "requestTime": 12039.594168}}
06-28 11:56:02.544 30137 30150 E WPROF   : {"Javascript": {"url": "http://munchkin.marketo.net/151/munchkin.js", "requestTime": 12039.599715}}
06-28 11:56:02.549 30137 30150 E WPROF   : {"Javascript": {"url": "http://www.justuno.com/ajax/account_version_check.html?id=828FA275-FF73-401E-AA39-40F5A6FAB6B1", "requestTime": 12039.604733}}
06-28 11:56:02.765 30137 30150 E WPROF   : {"Javascript": {"url": "http://s7.addthis.com/static/layers.4acb6c577b51939661ec.js", "requestTime": 12039.820606}}
06-28 11:56:02.910 30069 30115 E chromium: [ERROR:gles2_cmd_decoder.cc(3852)] [.ChromiumCompositor-0xacbb2fc0]GL ERROR :GL_INVALID_ENUM : glDiscardFramebufferEXT: attachments was GL_COLOR_EXT
06-28 11:56:03.281 30069 30115 E chromium: [ERROR:gles2_cmd_decoder.cc(3852)] [.ChromiumCompositor-0xacbb2fc0]GL ERROR :GL_INVALID_ENUM : glDiscardFramebufferEXT: attachments was GL_COLOR_EXT
06-28 11:56:03.427 30069 30115 E chromium: [ERROR:gles2_cmd_decoder.cc(3852)] [.ChromiumCompositor-0xacbb2fc0]GL ERROR :GL_INVALID_ENUM : glDiscardFramebufferEXT: attachments was GL_COLOR_EXT
06-28 11:56:05.147 30137 30150 E WPROF   : {"Javascript": {"url": "http://cdn.justuno.com/mwgt_3.6.js", "requestTime": 12042.202899}}
06-28 11:56:05.358 30069 30115 E chromium: [ERROR:gles2_cmd_decoder.cc(3852)] [.ChromiumCompositor-0xacbb2fc0]GL ERROR :GL_INVALID_ENUM : glDiscardFramebufferEXT: attachments was GL_COLOR_EXT
06-28 11:56:05.559 30069 30115 E chromium: [ERROR:gles2_cmd_decoder.cc(3852)] [.ChromiumCompositor-0xacbb2fc0]GL ERROR :GL_INVALID_ENUM : glDiscardFramebufferEXT: attachments was GL_COLOR_EXT
06-28 11:56:05.676 30069 30115 E chromium: [ERROR:gles2_cmd_decoder.cc(3852)] [.ChromiumCompositor-0xacbb2fc0]GL ERROR :GL_INVALID_ENUM : glDiscardFramebufferEXT: attachments was GL_COLOR_EXT
06-28 11:56:05.823 30069 30115 E chromium: [ERROR:gles2_cmd_decoder.cc(3852)] [.ChromiumCompositor-0xacbb2fc0]GL ERROR :GL_INVALID_ENUM : glDiscardFramebufferEXT: attachments was GL_COLOR_EXT
06-28 11:56:06.655 30069 30115 E chromium: [ERROR:gles2_cmd_decoder.cc(3852)] [.ChromiumCompositor-0xacbb2fc0]GL ERROR :GL_INVALID_ENUM : glDiscardFramebufferEXT: attachments was GL_COLOR_EXT
06-28 11:56:06.863 30137 30150 E WPROF   : {"Javascript": {"url": "https://cdn.syndication.twimg.com/widgets/followbutton/info.json?callback=__twttr.setFollowersCountAndFollowing&lang=en&screen_names=sengineland", "requestTime": 12043.918550}}
06-28 11:56:07.374 30069 30115 E chromium: [ERROR:gles2_cmd_decoder.cc(3852)] [.ChromiumCompositor-0xacbb2fc0]GL ERROR :GL_INVALID_ENUM : glDiscardFramebufferEXT: attachments was GL_COLOR_EXT
06-28 11:56:07.375 30137 30150 E WPROF   : {"Javascript": {"url": "https://app-sj02.marketo.com/js/forms2/js/forms2.min.js", "requestTime": 12044.430818}}
06-28 11:56:07.389 30069 30115 E chromium: [ERROR:gles2_cmd_decoder.cc(3852)] [.ChromiumCompositor-0xacbb2fc0]GL ERROR :GL_INVALID_ENUM : glDiscardFramebufferEXT: attachments was GL_COLOR_EXT
06-28 11:56:07.455 30069 30115 E chromium: [ERROR:gles2_cmd_decoder.cc(3852)] [.ChromiumCompositor-0xacbb2fc0]GL ERROR :GL_INVALID_ENUM : glDiscardFramebufferEXT: attachments was GL_COLOR_EXT
06-28 11:56:07.652 30137 30150 E WProf.db: {"page": "searchengineland.com_participate-in-our-audience-survey-enter-to-win-a-50-amazon-gift-card-230299"}
06-28 11:56:07.652 30137 30150 E WProf.db: {"DOMLoad": 12044.707770}
06-28 11:56:07.652 30137 30150 E WProf.db: {"Resource": {"id": 1, "url": "http://searchengineland.com/participate-in-our-audience-survey-enter-to-win-a-50-amazon-gift-card-230299", "sentTime": -1.000000, "len": 90286, "from": "0x0", "mimeType": "text/html", "contentLength": -1, "httpStatus": 200, "connId": 20, "connReused": 1, "cached": 0,"requestTime": 12031.507342, "proxyStart": -1, "proxyEnd": -1, "dnsStart": -1, "dnsEnd": -1, "connectStart": 0, "connectEnd": 139, "sendStart": 139, "sendEnd": 139, "receiveHeadersEnd": 310, "sslStart": -1, "sslEnd": -1}}
06-28 11:56:07.652 30137 30150 E WProf.db: {"ReceivedChunk": {"receivedTime": 12031.844478, "len": 12715}}
06-28 11:56:07.652 30137 30150 E WProf.db: {"ReceivedChunk": {"receivedTime": 12031.926902, "len": 32768}}
06-28 11:56:07.652 30137 30150 E WProf.db: {"ReceivedChunk": {"receivedTime": 12031.928609, "len": 28071}}
06-28 11:56:07.652 30137 30150 E WProf.db: {"ReceivedChunk": {"receivedTime": 12031.975802, "len": 16732}}
06-28 11:56:07.652 30137 30150 E WProf.db: {"WprofHTMLTag": {"code": "0xaedda600", "doc": "http://searchengineland.com/participate-in-our-audience-survey-enter-to-win-a-50-amazon-gift-card-230299", "row": 6, "column": 42, "tagName": "html", "time": 12031.930840, "url": "", "pos": 1, "chunkLen": 1, "isStartTag": 1}}
06-28 11:56:07.653 30137 30150 E WProf.db: {"WprofHTMLTag": {"code": "0xaf0477c0", "doc": "http://searchengineland.com/participate-in-our-audience-survey-enter-to-win-a-50-amazon-gift-card-230299", "row": 7, "column": 6, "tagName": "head", "time": 12031.932704, "url": "", "pos": 1, "chunkLen": 1, "isStartTag": 1}}
06-28 11:56:07.653 30137 30150 E WProf.db: {"WprofHTMLTag": {"code": "0xaf0478b0", "doc": "http://searchengineland.com/participate-in-our-audience-survey-enter-to-win-a-50-amazon-gift-card-230299", "row": 8, "column": 54, "tagName": "meta", "time": 12031.932885, "url": "", "pos": 1, "chunkLen": 1, "isStartTag": 1}}
06-28 11:56:07.653 30137 30150 E WProf.db: {"WprofHTMLTag": {"code": "0xaf0478e0", "doc": "http://searchengineland.com/participate-in-our-audience-survey-enter-to-win-a-50-amazon-gift-card-230299", "row": 9, "column": 68, "tagName": "meta", "time": 12031.933538, "url": "", "pos": 1, "chunkLen": 1, "isStartTag": 1}}
06-28 11:56:07.653 30137 30150 E WProf.db: {"WprofHTMLTag": {"code": "0xaf047910", "doc": "http://searchengineland.com/participate-in-our-audience-survey-enter-to-win-a-50-amazon-gift-card-230299", "row": 10, "column": 23, "tagName": "meta", "time": 12031.934057, "url": "", "pos": 1, "chunkLen": 1, "isStartTag": 1}}
06-28 11:56:07.653 30137 30150 E WProf.db: {"WprofHTMLTag": {"code": "0xaf047940", "doc": "http://searchengineland.com/participate-in-our-audience-survey-enter-to-win-a-50-amazon-gift-card-230299", "row": 11, "column": 52, "tagName": "meta", "time": 12031.934694, "url": "", "pos": 1, "chunkLen": 1, "isStartTag": 1}}
06-28 11:56:07.653 30137 30150 E WProf.db: {"WprofHTMLTag": {"code": "0xaf047970", "doc": "http://searchengineland.com/participate-in-our-audience-survey-enter-to-win-a-50-amazon-gift-card-230299", "row": 14, "column": 56, "tagName": "meta", "time": 12031.935261, "url": "", "pos": 1, "chunkLen": 1, "isStartTag": 1}}
06-28 11:56:07.653 30137 30150 E WProf.db: {"WprofHTMLTag": {"code": "0xaf0479a0", "doc": "http://searchengineland.com/participate-in-our-audience-survey-enter-to-win-a-50-amazon-gift-card-230299", "row": 15, "column": 83, "tagName": "meta", "time": 12031.935780, "url": "", "pos": 1, "chunkLen": 1, "isStartTag": 1}}
06-28 11:56:07.653 30137 30150 E WProf.db: {"WprofHTMLTag": {"code": "0xaf0479d0", "doc": "http://searchengineland.com/participate-in-our-audience-survey-enter-to-win-a-50-amazon-gift-card-230299", "row": 16, "column": 57, "tagName": "meta", "time": 12031.936293, "url": "", "pos": 1, "chunkLen": 1, "isStartTag": 1}}
06-28 11:56:07.653 30137 30150 E WProf.db: {"WprofHTMLTag": {"code": "0xaf047a60", "doc": "http://searchengineland.com/participate-in-our-audience-survey-enter-to-win-a-50-amazon-gift-card-230299", "row": 17, "column": 41, "tagName": "meta", "time": 12031.936834, "url": "", "pos": 1, "chunkLen": 1, "isStartTag": 1}}
06-28 11:56:07.653 30137 30150 E WProf.db: {"WprofHTMLTag": {"code": "0xaf047a90", "doc": "http://searchengineland.com/participate-in-our-audience-survey-enter-to-win-a-50-amazon-gift-card-230299", "row": 18, "column": 50, "tagName": "meta", "time": 12031.937353, "url": "", "pos": 1, "chunkLen": 1, "isStartTag": 1}}
06-28 11:56:07.653 30137 30150 E WProf.db: {"WprofHTMLTag": {"code": "0xaf047ac0", "doc": "http://searchengineland.com/participate-in-our-audience-survey-enter-to-win-a-50-amazon-gift-card-230299", "row": 19, "column": 174, "tagName": "meta", "time": 12031.937863, "url": "", "pos": 1, "chunkLen": 1, "isStartTag": 1}}
06-28 11:56:07.653 30137 30150 E WProf.db: {"WprofHTMLTag": {"code": "0xaf047a30", "doc": "http://searchengineland.com/participate-in-our-audience-survey-enter-to-win-a-50-amazon-gift-card-230299", "row": 20, "column": 47, "tagName": "meta", "time": 12031.938383, "url": "", "pos": 1, "chunkLen": 1, "isStartTag": 1}}
06-28 11:56:07.654 30137 30150 E WProf.db: {"WprofHTMLTag": {"code": "0xaf047a00", "doc": "http://searchengineland.com/participate-in-our-audience-survey-enter-to-win-a-50-amazon-gift-card-230299", "row": 21, "column": 67, "tagName": "meta", "time": 12031.939393, "url": "", "pos": 1, "chunkLen": 1, "isStartTag": 1}}
06-28 11:56:07.654 30137 30150 E WProf.db: {"WprofHTMLTag": {"code": "0xaf047af0", "doc": "http://searchengineland.com/participate-in-our-audience-survey-enter-to-win-a-50-amazon-gift-card-230299", "row": 22, "column": 57, "tagName": "meta", "time": 12031.939978, "url": "", "pos": 1, "chunkLen": 1, "isStartTag": 1}}
06-28 11:56:07.654 30137 30150 E WProf.db: {"WprofHTMLTag": {"code": "0xaf047b20", "doc": "http://searchengineland.com/participate-in-our-audience-survey-enter-to-win-a-50-amazon-gift-card-230299", "row": 23, "column": 65, "tagName": "meta", "time": 12031.940692, "url": "", "pos": 1, "chunkLen": 1, "isStartTag": 1}}
06-28 11:56:07.654 30137 30150 E WProf.db: {"WprofHTMLTag": {"code": "0xaf047b50", "doc": "http://searchengineland.com/participate-in-our-audience-survey-enter-to-win-a-50-amazon-gift-card-230299", "row": 24, "column": 55, "tagName": "meta", "time": 12031.940838, "url": "", "pos": 1, "chunkLen": 1, "isStartTag": 1}}
06-28 11:56:07.654 30137 30150 E WProf.db: {"WprofHTMLTag": {"code": "0xaf047b80", "doc": "http://searchengineland.com/participate-in-our-audience-survey-enter-to-win-a-50-amazon-gift-card-230299", "row": 25, "column": 71, "tagName": "meta", "time": 12031.940982, "url": "", "pos": 1, "chunkLen": 1, "isStartTag": 1}}
06-28 11:56:07.654 30137 30150 E WProf.db: {"WprofHTMLTag": {"code": "0xaf047bb0", "doc": "http://searchengineland.com/participate-in-our-audience-survey-enter-to-win-a-50-amazon-gift-card-230299", "row": 26, "column": 86, "tagName": "meta", "time": 12031.941117, "url": "", "pos": 1, "chunkLen": 1, "isStartTag": 1}}
06-28 11:56:07.654 30137 30150 E WProf.db: {"WprofHTMLTag": {"code": "0xaf047be0", "doc": "http://searchengineland.com/participate-in-our-audience-survey-enter-to-win-a-50-amazon-gift-card-230299", "row": 27, "column": 54, "tagName": "meta", "time": 12031.941268, "url": "", "pos": 1, "chunkLen": 1, "isStartTag": 1}}
06-28 11:56:07.654 30137 30150 E WProf.db: {"WprofHTMLTag": {"code": "0xaf047c10", "doc": "http://searchengineland.com/participate-in-our-audience-survey-enter-to-win-a-50-amazon-gift-card-230299", "row": 29, "column": 39, "tagName": "meta", "time": 12031.941415, "url": "", "pos": 1, "chunkLen": 1, "isStartTag": 1}}
06-28 11:56:07.654 30137 30150 E WProf.db: {"WprofHTMLTag": {"code": "0xaf047c40", "doc": "http://searchengineland.com/participate-in-our-audience-survey-enter-to-win-a-50-amazon-gift-card-230299", "row": 30, "column": 177, "tagName": "meta", "time": 12031.941566, "url": "", "pos": 1, "chunkLen": 1, "isStartTag": 1}}
06-28 11:56:07.654 30137 30150 E WProf.db: {"WprofHTMLTag": {"code": "0xaf047c70", "doc": "http://searchengineland.com/participate-in-our-audience-survey-enter-to-win-a-50-amazon-gift-card-230299", "row": 31, "column": 55, "tagName": "meta", "time": 12031.941706, "url": "", "pos": 1, "chunkLen": 1, "isStartTag": 1}}
06-28 11:56:07.654 30137 30150 E WProf.db: {"WprofHTMLTag": {"code": "0xaf047ca0", "doc": "http://searchengineland.com/participate-in-our-audience-survey-enter-to-win-a-50-amazon-gift-card-230299", "row": 32, "column": 54, "tagName": "meta", "time": 12031.941842, "url": "", "pos": 1, "chunkLen": 1, "isStartTag": 1}}
06-28 11:56:07.654 30137 30150 E WProf.db: {"WprofHTMLTag": {"code": "0xaf047cd0", "doc": "http://searchengineland.com/participate-in-our-audience-survey-enter-to-win-a-50-amazon-gift-card-230299", "row": 33, "column": 130, "tagName": "meta", "time": 12031.941986, "url": "", "pos": 1, "chunkLen": 1, "isStartTag": 1}}
06-28 11:56:07.654 30137 30150 E WProf.db: {"WprofHTMLTag": {"code": "0xaf047d00", "doc": "http://searchengineland.com/participate-in-our-audience-survey-enter-to-win-a-50-amazon-gift-card-230299", "row": 37, "column": 36, "tagName": "script", "time": 12031.942122, "url": "", "pos": 1, "chunkLen": 1, "isStartTag": 1}}
06-28 11:56:07.655 30137 30150 E WProf.db: {"WprofHTMLTag": {"code": "0xaf047d30", "doc": "http://searchengineland.com/participate-in-our-audience-survey-enter-to-win-a-50-amazon-gift-card-230299", "row": 53, "column": 10, "tagName": "script", "time": 12031.942436, "url": "", "pos": 1, "chunkLen": 1, "isStartTag": 0}}
06-28 11:56:07.655 30137 30150 E WProf.db: {"WprofHTMLTag": {"code": "0xaedda240", "doc": "http://searchengineland.com/participate-in-our-audience-survey-enter-to-win-a-50-amazon-gift-card-230299", "row": 55, "column": 86, "tagName": "link", "time": 12031.943195, "url": "http://searchengineland.com/apple-touch-icon.png", "pos": 1, "chunkLen": 1, "isStartTag": 1}}
06-28 11:56:07.655 30137 30150 E WProf.db: {"WprofHTMLTag": {"code": "0xaf047d60", "doc": "http://searchengineland.com/participate-in-our-audience-survey-enter-to-win-a-50-amazon-gift-card-230299", "row": 56, "column": 76, "tagName": "link", "time": 12031.943572, "url": "http://searchengineland.com/favicon.ico", "pos": 1, "chunkLen": 1, "isStartTag": 1}}
06-28 11:56:07.655 30137 30150 E WProf.db: {"WprofHTMLTag": {"code": "0xaf047d90", "doc": "http://searchengineland.com/participate-in-our-audience-survey-enter-to-win-a-50-amazon-gift-card-230299", "row": 57, "column": 158, "tagName": "link", "time": 12031.943834, "url": "http://feeds.searchengineland.com/searchengineland", "pos": 1, "chunkLen": 1, "isStartTag": 1}}
06-28 11:56:07.655 30137 30150 E WProf.db: {"WprofHTMLTag": {"code": "0xaf047dc0", "doc": "http://searchengineland.com/participate-in-our-audience-survey-enter-to-win-a-50-amazon-gift-card-230299", "row": 58, "column": 149, "tagName": "link", "time": 12031.944188, "url": "http://feeds.searchengineland.com/searchcap", "pos": 1, "chunkLen": 1, "isStartTag": 1}}
06-28 11:56:07.655 30137 30150 E WProf.db: {"WprofHTMLTag": {"code": "0xaf047df0", "doc": "http://searchengineland.com/participate-in-our-audience-survey-enter-to-win-a-50-amazon-gift-card-230299", "row": 59, "column": 150, "tagName": "link", "time": 12031.944547, "url": "http://searchengineland.com/figz/wp-content/themes/searchengineland/css/searchengineland-bootstrap.css", "pos": 1, "chunkLen": 1, "isStartTag": 1}}
06-28 11:56:07.655 30137 30150 E WProf.db: {"WprofHTMLTag": {"code": "0xaf047e50", "doc": "http://searchengineland.com/participate-in-our-audience-survey-enter-to-win-a-50-amazon-gift-card-230299", "row": 60, "column": 105, "tagName": "link", "time": 12031.945406, "url": "http://fonts.googleapis.com/css?family=Oswald:300,400,700", "pos": 1, "chunkLen": 1, "isStartTag": 1}}
06-28 11:56:07.655 30137 30150 E WProf.db: {"WprofHTMLTag": {"code": "0xaf047eb0", "doc": "http://searchengineland.com/participate-in-our-audience-survey-enter-to-win-a-50-amazon-gift-card-230299", "row": 61, "column": 125, "tagName": "link", "time": 12031.946244, "url": "http://searchengineland.com/figz/wp-content/themes/searchengineland/style.css", "pos": 1, "chunkLen": 1, "isStartTag": 1}}
06-28 11:56:07.655 30137 30150 E WProf.db: {"WprofHTMLTag": {"code": "0xaf047f10", "doc": "http://searchengineland.com/participate-in-our-audience-survey-enter-to-win-a-50-amazon-gift-card-230299", "row": 65, "column": 7, "tagName": "title", "time": 12031.947087, "url": "", "pos": 1, "chunkLen": 1, "isStartTag": 1}}
06-28 11:56:07.655 30137 30150 E WProf.db: {"WprofHTMLTag": {"code": "0xaf047f40", "doc": "http://searchengineland.com/participate-in-our-audience-survey-enter-to-win-a-50-amazon-gift-card-230299", "row": 65, "column": 91, "tagName": "title", "time": 12031.947410, "url": "", "pos": 1, "chunkLen": 1, "isStartTag": 0}}
06-28 11:56:07.655 30137 30150 E WProf.db: {"WprofHTMLTag": {"code": "0xaf047f70", "doc": "http://searchengineland.com/participate-in-our-audience-survey-enter-to-win-a-50-amazon-gift-card-230299", "row": 66, "column": 192, "tagName": "meta", "time": 12031.947439, "url": "", "pos": 1, "chunkLen": 1, "isStartTag": 1}}
06-28 11:56:07.655 30137 30150 E WProf.db: {"WprofHTMLTag": {"code": "0xaf047fa0", "doc": "http://searchengineland.com/participate-in-our-audience-survey-enter-to-win-a-50-amazon-gift-card-230299", "row": 67, "column": 40, "tagName": "meta", "time": 12031.947612, "url": "", "pos": 1, "chunkLen": 1, "isStartTag": 1}}
06-28 11:56:07.655 30137 30150 E WProf.db: {"WprofHTMLTag": {"code": "0xaf047fd0", "doc": "http://searchengineland.com/participate-in-our-audience-survey-enter-to-win-a-50-amazon-gift-card-230299", "row": 68, "column": 146, "tagName": "meta", "time": 12031.947761, "url": "", "pos": 1, "chunkLen": 1, "isStartTag": 1}}
06-28 11:56:07.655 30137 30150 E WProf.db: {"WprofHTMLTag": {"code": "0xb4cc74b0", "doc": "http://searchengineland.com/participate-in-our-audience-survey-enter-to-win-a-50-amazon-gift-card-230299", "row": 69, "column": 37, "tagName": "meta", "time": 12031.948239, "url": "", "pos": 1, "chunkLen": 1, "isStartTag": 1}}
06-28 11:56:07.656 30137 30150 E WProf.db: {"WprofHTMLTag": {"code": "0xb4cc7540", "doc": "http://searchengineland.com/participate-in-our-audience-survey-enter-to-win-a-50-amazon-gift-card-230299", "row": 70, "column": 136, "tagName": "link", "time": 12031.948413, "url": "http://searchengineland.com/participate-in-our-audience-survey-enter-to-win-a-50-amazon-gift-card-230299", "pos": 1, "chunkLen": 1, "isStartTag": 1}}
06-28 11:56:07.656 30137 30150 E WProf.db: {"WprofHTMLTag": {"code": "0xb4cc78a0", "doc": "http://searchengineland.com/participate-in-our-audience-survey-enter-to-win-a-50-amazon-gift-card-230299", "row": 71, "column": 76, "tagName": "link", "time": 12031.948941, "url": "https://plus.google.com/103218677032751327334", "pos": 1, "chunkLen": 1, "isStartTag": 1}}
06-28 11:56:07.656 30137 30150 E WProf.db: {"WprofHTMLTag": {"code": "0xb4cc78d0", "doc": "http://searchengineland.com/participate-in-our-audience-survey-enter-to-win-a-50-amazon-gift-card-230299", "row": 72, "column": 45, "tagName": "meta", "time": 12031.949283, "url": "", "pos": 1, "chunkLen": 1, "isStartTag": 1}}
06-28 11:56:07.656 30137 30150 E WProf.db: {"WprofHTMLTag": {"code": "0xb4cc7900", "doc": "http://searchengineland.com/participate-in-our-audience-survey-enter-to-win-a-50-amazon-gift-card-230299", "row": 73, "column": 45, "tagName": "meta", "time": 12031.949475, "url": "", "pos": 1, "chunkLen": 1, "isStartTag": 1}}
06-28 11:56:07.656 30137 30150 E WProf.db: {"WprofHTMLTag": {"code": "0xb4cc7930", "doc": "http://searchengineland.com/participate-in-our-audience-survey-enter-to-win-a-50-amazon-gift-card-230299", "row": 74, "column": 115, "tagName": "meta", "time": 12031.949656, "url": "", "pos": 1, "chunkLen": 1, "isStartTag": 1}}
06-28 11:56:07.656 30137 30150 E WProf.db: {"WprofHTMLTag": {"code": "0xb4cc7960", "doc": "http://searchengineland.com/participate-in-our-audience-survey-enter-to-win-a-50-amazon-gift-card-230299", "row": 75, "column": 200, "tagName": "meta", "time": 12031.949841, "url": "", "pos": 1, "chunkLen": 1, "isStartTag": 1}}
06-28 11:56:07.656 30137 30150 E WProf.db: {"WprofHTMLTag": {"code": "0xb4cc7990", "doc": "http://searchengineland.com/participate-in-our-audience-survey-enter-to-win-a-50-amazon-gift-card-230299", "row": 76, "column": 141, "tagName": "meta", "time": 12031.950144, "url": "", "pos": 1, "chunkLen": 1, "isStartTag": 1}}
06-28 11:56:07.656 30137 30150 E WProf.db: {"WprofHTMLTag": {"code": "0xb4cc79c0", "doc": "http://searchengineland.com/participate-in-our-audience-survey-enter-to-win-a-50-amazon-gift-card-230299", "row": 77, "column": 61, "tagName": "meta", "time": 12031.950334, "url": "", "pos": 1, "chunkLen": 1, "isStartTag": 1}}
06-28 11:56:07.657 30137 30150 E WProf.db: {"WprofHTMLTag": {"code": "0xb4cc79f0", "doc": "http://searchengineland.com/participate-in-our-audience-survey-enter-to-win-a-50-amazon-gift-card-230299", "row": 78, "column": 89, "tagName": "meta", "time": 12031.950496, "url": "", "pos": 1, "chunkLen": 1, "isStartTag": 1}}
06-28 11:56:07.657 30137 30150 E WProf.db: {"WprofHTMLTag": {"code": "0xb4cc7a20", "doc": "http://searchengineland.com/participate-in-our-audience-survey-enter-to-win-a-50-amazon-gift-card-230299", "row": 79, "column": 70, "tagName": "meta", "time": 12031.950675, "url": "", "pos": 1, "chunkLen": 1, "isStartTag": 1}}
06-28 11:56:07.657 30137 30150 E WProf.db: {"WprofHTMLTag": {"code": "0xb4cc7a50", "doc": "http://searchengineland.com/participate-in-our-audience-survey-enter-to-win-a-50-amazon-gift-card-230299", "row": 80, "column": 78, "tagName": "meta", "time": 12031.950879, "url": "", "pos": 1, "chunkLen": 1, "isStartTag": 1}}
06-28 11:56:07.657 30137 30150 E WProf.db: {"WprofHTMLTag": {"code": "0xb4cc7a80", "doc": "http://searchengineland.com/participate-in-our-audience-survey-enter-to-win-a-50-amazon-gift-card-230299", "row": 81, "column": 77, "tagName": "meta", "time": 12031.951077, "url": "", "pos": 1, "chunkLen": 1, "isStartTag": 1}}
06-28 11:56:07.657 30137 30150 E WProf.db: {"WprofHTMLTag": {"code": "0xb4cc7ab0", "doc": "http://searchengineland.com/participate-in-our-audience-survey-enter-to-win-a-50-amazon-gift-card-230299", "row": 82, "column": 71, "tagName": "meta", "time": 12031.951307, "url": "", "pos": 1, "chunkLen": 1, "isStartTag": 1}}
06-28 11:56:07.657 30137 30150 E WProf.db: {"WprofHTMLTag": {"code": "0xb4cc7ae0", "doc": "http://searchengineland.com/participate-in-our-audience-survey-enter-to-win-a-50-amazon-gift-card-230299", "row": 83, "column": 125, "tagName": "meta", "time": 12031.951553, "url": "", "pos": 1, "chunkLen": 1, "isStartTag": 1}}
06-28 11:56:07.657 30137 30150 E WProf.db: {"WprofHTMLTag": {"code": "0xb4cc7b10", "doc": "http://searchengineland.com/participate-in-our-audience-survey-enter-to-win-a-50-amazon-gift-card-230299", "row": 84, "column": 58, "tagName": "meta", "time": 12031.951743, "url": "", "pos": 1, "chunkLen": 1, "isStartTag": 1}}
06-28 11:56:07.657 30137 30150 E WProf.db: {"WprofHTMLTag": {"code": "0xb4cc7b40", "doc": "http://searchengineland.com/participate-in-our-audience-survey-enter-to-win-a-50-amazon-gift-card-230299", "row": 85, "column": 201, "tagName": "meta", "time": 12031.951918, "url": "", "pos": 1, "chunkLen": 1, "isStartTag": 1}}
06-28 11:56:07.657 30137 30150 E WProf.db: {"WprofHTMLTag": {"code": "0xb4cc7b70", "doc": "http://searchengineland.com/participate-in-our-audience-survey-enter-to-win-a-50-amazon-gift-card-230299", "row": 86, "column": 116, "tagName": "meta", "time": 12031.952087, "url": "", "pos": 1, "chunkLen": 1, "isStartTag": 1}}
06-28 11:56:07.657 30137 30150 E WProf.db: {"WprofHTMLTag": {"code": "0xb4cc7ba0", "doc": "http://searchengineland.com/participate-in-our-audience-survey-enter-to-win-a-50-amazon-gift-card-230299", "row": 87, "column": 51, "tagName": "meta", "time": 12031.952246, "url": "", "pos": 1, "chunkLen": 1, "isStartTag": 1}}
06-28 11:56:07.657 30137 30150 E WProf.db: {"WprofHTMLTag": {"code": "0xb4cc7bd0", "doc": "http://searchengineland.com/participate-in-our-audience-survey-enter-to-win-a-50-amazon-gift-card-230299", "row": 88, "column": 126, "tagName": "meta", "time": 12031.952399, "url": "", "pos": 1, "chunkLen": 1, "isStartTag": 1}}
06-28 11:56:07.657 30137 30150 E WProf.db: {"WprofHTMLTag": {"code": "0xb4cc7c00", "doc": "http://searchengineland.com/participate-in-our-audience-survey-enter-to-win-a-50-amazon-gift-card-230299", "row": 89, "column": 54, "tagName": "meta", "time": 12031.952560, "url": "", "pos": 1, "chunkLen": 1, "isStartTag": 1}}
06-28 11:56:07.658 30137 30150 E WProf.db: {"WprofHTMLTag": {"code": "0xb4cc7c30", "doc": "http://searchengineland.com/participate-in-our-audience-survey-enter-to-win-a-50-amazon-gift-card-230299", "row": 92, "column": 44, "tagName": "link", "time": 12031.952722, "url": "http://s.w.org/", "pos": 1, "chunkLen": 1, "isStartTag": 1}}
06-28 11:56:07.658 30137 30150 E WProf.db: {"WprofHTMLTag": {"code": "0xb4cc7c60", "doc": "http://searchengineland.com/participate-in-our-audience-survey-enter-to-win-a-50-amazon-gift-card-230299", "row": 93, "column": 33, "tagName": "script", "time": 12031.953025, "url": "", "pos": 1, "chunkLen": 1, "isStartTag": 1}}
06-28 11:56:07.658 30137 30150 E WProf.db: {"WprofHTMLTag": {"code": "0xb4cc7c90", "doc": "http://searchengineland.com/participate-in-our-audience-survey-enter-to-win-a-50-amazon-gift-card-230299", "row": 96, "column": 11, "tagName": "script", "time": 12031.953293, "url": "http://searchengineland.com/figz/wp-includes/js/wp-emoji-release.min.js?ver=4.7.5", "pos": 1, "chunkLen": 1, "isStartTag": 0}}
06-28 11:56:07.658 30137 30150 E WProf.db: {"WprofHTMLTag": {"code": "0x9d0d89c0", "doc": "http://searchengineland.com/participate-in-our-audience-survey-enter-to-win-a-50-amazon-gift-card-230299", "row": 97, "column": 25, "tagName": "style", "time": 12032.591288, "url": "", "pos": 1, "chunkLen": 1, "isStartTag": 1}}
06-28 11:56:07.658 30137 30150 E WProf.db: {"WprofHTMLTag": {"code": "0x9d0d89f0", "doc": "http://searchengineland.com/participate-in-our-audience-survey-enter-to-win-a-50-amazon-gift-card-230299", "row": 110, "column": 8, "tagName": "style", "time": 12032.591459, "url": "", "pos": 1, "chunkLen": 1, "isStartTag": 0}}
06-28 11:56:07.658 30137 30150 E WProf.db: {"WprofHTMLTag": {"code": "0x9d0d8a20", "doc": "http://searchengineland.com/participate-in-our-audience-survey-enter-to-win-a-50-amazon-gift-card-230299", "row": 111, "column": 140, "tagName": "script", "time": 12032.593022, "url": "http://searchengineland.com/figz/wp-content/themes/searchengineland/js/lib/modernizr.custom.js?ver=1.0", "pos": 1, "chunkLen": 1, "isStartTag": 1}}
06-28 11:56:07.658 30137 30150 E WProf.db: {"WprofHTMLTag": {"code": "0x9d0d8a50", "doc": "http://searchengineland.com/participate-in-our-audience-survey-enter-to-win-a-50-amazon-gift-card-230299", "row": 111, "column": 149, "tagName": "script", "time": 12032.593284, "url": "", "pos": 1, "chunkLen": 1, "isStartTag": 0}}
06-28 11:56:07.658 30137 30150 E WProf.db: {"WprofHTMLTag": {"code": "0xaeddaa20", "doc": "http://searchengineland.com/participate-in-our-audience-survey-enter-to-win-a-50-amazon-gift-card-230299", "row": 112, "column": 144, "tagName": "script", "time": 12032.601463, "url": "http://searchengineland.com/figz/wp-content/themes/searchengineland/js/lib/jquery-1.11.0.min.js?ver=1.11.0", "pos": 1, "chunkLen": 1, "isStartTag": 1}}
06-28 11:56:07.658 30137 30150 E WProf.db: {"WprofHTMLTag": {"code": "0x9d0d8ab0", "doc": "http://searchengineland.com/participate-in-our-audience-survey-enter-to-win-a-50-amazon-gift-card-230299", "row": 112, "column": 153, "tagName": "script", "time": 12032.601684, "url": "", "pos": 1, "chunkLen": 1, "isStartTag": 0}}
06-28 11:56:07.658 30137 30150 E WProf.db: {"WprofHTMLTag": {"code": "0xaeddae70", "doc": "http://searchengineland.com/participate-in-our-audience-survey-enter-to-win-a-50-amazon-gift-card-230299", "row": 0, "column": 15, "tagName": "div", "time": 12032.662805, "url": "", "pos": 15, "chunkLen": 44, "isStartTag": 1}}
06-28 11:56:07.658 30137 30150 E WProf.db: {"WprofHTMLTag": {"code": "0xaeddae40", "doc": "http://searchengineland.com/participate-in-our-audience-survey-enter-to-win-a-50-amazon-gift-card-230299", "row": 0, "column": 21, "tagName": "div", "time": 12032.662940, "url": "", "pos": 21, "chunkLen": 44, "isStartTag": 0}}
06-28 11:56:07.658 30137 30150 E WProf.db: {"WprofHTMLTag": {"code": "0xaeddae10", "doc": "http://searchengineland.com/participate-in-our-audience-survey-enter-to-win-a-50-amazon-gift-card-230299", "row": 0, "column": 38, "tagName": "div", "time": 12032.662998, "url": "", "pos": 38, "chunkLen": 44, "isStartTag": 1}}
06-28 11:56:07.658 30137 30150 E WProf.db: {"WprofHTMLTag": {"code": "0xaeddac60", "doc": "http://searchengineland.com/participate-in-our-audience-survey-enter-to-win-a-50-amazon-gift-card-230299", "row": 0, "column": 44, "tagName": "div", "time": 12032.663105, "url": "", "pos": 44, "chunkLen": 44, "isStartTag": 0}}
06-28 11:56:07.658 30137 30150 E WProf.db: {"WprofHTMLTag": {"code": "0xaeddade0", "doc": "http://searchengineland.com/participate-in-our-audience-survey-enter-to-win-a-50-amazon-gift-card-230299", "row": 0, "column": 13, "tagName": "select", "time": 12032.664515, "url": "", "pos": 13, "chunkLen": 51, "isStartTag": 1}}
06-28 11:56:07.659 30137 30150 E WProf.db: {"WprofHTMLTag": {"code": "0x9d0d8b40", "doc": "http://searchengineland.com/participate-in-our-audience-survey-enter-to-win-a-50-amazon-gift-card-230299", "row": 0, "column": 33, "tagName": "option", "time": 12032.664687, "url": "", "pos": 33, "chunkLen": 51, "isStartTag": 1}}
06-28 11:56:07.659 30137 30150 E WProf.db: {"WprofHTMLTag": {"code": "0x9d0d8b70", "doc": "http://searchengineland.com/participate-in-our-audience-survey-enter-to-win-a-50-amazon-gift-card-230299", "row": 0, "column": 42, "tagName": "option", "time": 12032.664873, "url": "", "pos": 42, "chunkLen": 51, "isStartTag": 0}}
06-28 11:56:07.659 30137 30150 E WProf.db: {"WprofHTMLTag": {"code": "0x9d0d8ba0", "doc": "http://searchengineland.com/participate-in-our-audience-survey-enter-to-win-a-50-amazon-gift-card-230299", "row": 0, "column": 51, "tagName": "select", "time": 12032.664928, "url": "", "pos": 51, "chunkLen": 51, "isStartTag": 0}}
06-28 11:56:07.659 30137 30150 E WProf.db: {"WprofHTMLTag": {"code": "0x9d0d8bd0", "doc": "http://searchengineland.com/participate-in-our-audience-survey-enter-to-win-a-50-amazon-gift-card-230299", "row": 0, "column": 12, "tagName": "a", "time": 12032.669119, "url": "", "pos": 12, "chunkLen": 16, "isStartTag": 1}}
06-28 11:56:07.659 30137 30150 E WProf.db: {"WprofHTMLTag": {"code": "0x9d0d8c00", "doc": "http://searchengineland.com/participate-in-our-audience-survey-enter-to-win-a-50-amazon-gift-card-230299", "row": 0, "column": 16, "tagName": "a", "time": 12032.669268, "url": "", "pos": 16, "chunkLen": 16, "isStartTag": 0}}
06-28 11:56:07.659 30137 30150 E WProf.db: {"WprofHTMLTag": {"code": "0x9d0d8c30", "doc": "http://searchengineland.com/participate-in-our-audience-survey-enter-to-win-a-50-amazon-gift-card-230299", "row": 0, "column": 8, "tagName": "input", "time": 12032.670464, "url": "", "pos": 8, "chunkLen": 8, "isStartTag": 1}}
06-28 11:56:07.659 30137 30150 E WProf.db: {"WprofHTMLTag": {"code": "0x9d0d8c60", "doc": "http://searchengineland.com/participate-in-our-audience-survey-enter-to-win-a-50-amazon-gift-card-230299", "row": 0, "column": 9, "tagName": "link", "time": 12032.678920, "url": "", "pos": 9, "chunkLen": 42, "isStartTag": 1}}
06-28 11:56:07.659 30137 30150 E WProf.db: {"WprofHTMLTag": {"code": "0x9d0d8c90", "doc": "http://searchengineland.com/participate-in-our-audience-survey-enter-to-win-a-50-amazon-gift-card-230299", "row": 0, "column": 16, "tagName": "table", "time": 12032.679026, "url": "", "pos": 16, "chunkLen": 42, "isStartTag": 1}}
06-28 11:56:07.659 30137 30150 E WProf.db: {"WprofHTMLTag": {"code": "0x9d0d8cc0", "doc": "http://searchengineland.com/participate-in-our-audience-survey-enter-to-win-a-50-amazon-gift-card-230299", "row": 0, "column": 24, "tagName": "table", "time": 12032.679379, "url": "", "pos": 24, "chunkLen": 42, "isStartTag": 0}}
06-28 11:56:07.659 30137 30150 E WProf.db: {"WprofHTMLTag": {"code": "0x9d0d8cf0", "doc": "http://searchengineland.com/participate-in-our-audience-survey-enter-to-win-a-50-amazon-gift-card-230299", "row": 0, "column": 37, "tagName": "a", "time": 12032.679446, "url": "", "pos": 37, "chunkLen": 42, "isStartTag": 1}}
06-28 11:56:07.659 30137 30150 E WProf.db: {"WprofHTMLTag": {"code": "0x9d0d8d20", "doc": "http://searchengineland.com/participate-in-our-audience-survey-enter-to-win-a-50-amazon-gift-card-230299", "row": 0, "column": 42, "tagName": "a", "time": 12032.679609, "url": "", "pos": 42, "chunkLen": 42, "isStartTag": 0}}
06-28 11:56:07.659 30137 30150 E WProf.db: {"WprofHTMLTag": {"code": "0x9d0d8db0", "doc": "http://searchengineland.com/participate-in-our-audience-survey-enter-to-win-a-50-amazon-gift-card-230299", "row": 0, "column": 10, "tagName": "textarea", "time": 12032.680815, "url": "", "pos": 10, "chunkLen": 22, "isStartTag": 1}}
06-28 11:56:07.659 30137 30150 E WProf.db: {"WprofHTMLTag": {"code": "0x9d0d8de0", "doc": "http://searchengineland.com/participate-in-our-audience-survey-enter-to-win-a-50-amazon-gift-card-230299", "row": 0, "column": 22, "tagName": "textarea", "time": 12032.681005, "url": "", "pos": 22, "chunkLen": 22, "isStartTag": 0}}
06-28 11:56:07.659 30137 30150 E WProf.db: {"WprofHTMLTag": {"code": "0x9d0d8e10", "doc": "http://searchengineland.com/participate-in-our-audience-survey-enter-to-win-a-50-amazon-gift-card-230299", "row": 0, "column": 48, "tagName": "input", "time": 12032.682126, "url": "", "pos": 48, "chunkLen": 48, "isStartTag": 1}}
06-28 11:56:07.660 30137 30150 E WProf.db: {"WprofHTMLTag": {"code": "0x9d0d8e70", "doc": "http://searchengineland.com/participate-in-our-audience-survey-enter-to-win-a-50-amazon-gift-card-230299", "row": 0, "column": 9, "tagName": "link", "time": 12032.686234, "url": "", "pos": 9, "chunkLen": 66, "isStartTag": 1}}
06-28 11:56:07.660 30137 30150 E WProf.db: {"WprofHTMLTag": {"code": "0x9d0d8ea0", "doc": "http://searchengineland.com/participate-in-our-audience-survey-enter-to-win-a-50-amazon-gift-card-230299", "row": 0, "column": 16, "tagName": "table", "time": 12032.686344, "url": "", "pos": 16, "chunkLen": 66, "isStartTag": 1}}
06-28 11:56:07.660 30137 30150 E WProf.db: {"WprofHTMLTag": {"code": "0x9d0d8ed0", "doc": "http://searchengineland.com/participate-in-our-audience-survey-enter-to-win-a-50-amazon-gift-card-230299", "row": 0, "column": 24, "tagName": "table", "time": 12032.686411, "url": "", "pos": 24, "chunkLen": 66, "isStartTag": 0}}
06-28 11:56:07.660 30137 30150 E WProf.db: {"WprofHTMLTag": {"code": "0x9d0d8f00", "doc": "http://searchengineland.com/participate-in-our-audience-survey-enter-to-win-a-50-amazon-gift-card-230299", "row": 0, "column": 37, "tagName": "a", "time": 12032.686470, "url": "", "pos": 37, "chunkLen": 66, "isStartTag": 1}}
06-28 11:56:07.660 30137 30150 E WProf.db: {"WprofHTMLTag": {"code": "0x9d0d8f30", "doc": "http://searchengineland.com/participate-in-our-audience-survey-enter-to-win-a-50-amazon-gift-card-230299", "row": 0, "column": 42, "tagName": "a", "time": 12032.686637, "url": "", "pos": 42, "chunkLen": 66, "isStartTag": 0}}
06-28 11:56:07.660 30137 30150 E WProf.db: {"WprofHTMLTag": {"code": "0x9d0d8f60", "doc": "http://searchengineland.com/participate-in-our-audience-survey-enter-to-win-a-50-amazon-gift-card-230299", "row": 0, "column": 66, "tagName": "input", "time": 12032.686699, "url": "", "pos": 66, "chunkLen": 66, "isStartTag": 1}}
06-28 11:56:07.660 30137 30150 E WProf.db: {"WprofHTMLTag": {"code": "0x9d0d8ff0", "doc": "http://searchengineland.com/participate-in-our-audience-survey-enter-to-win-a-50-amazon-gift-card-230299", "row": 0, "column": 9, "tagName": "link", "time": 12032.688540, "url": "", "pos": 9, "chunkLen": 66, "isStartTag": 1}}
06-28 11:56:07.660 30137 30150 E WProf.db: {"WprofHTMLTag": {"code": "0x9d0d9020", "doc": "http://searchengineland.com/participate-in-our-audience-survey-enter-to-win-a-50-amazon-gift-card-230299", "row": 0, "column": 16, "tagName": "table", "time": 12032.688643, "url": "", "pos": 16, "chunkLen": 66, "isStartTag": 1}}
06-28 11:56:07.660 30137 30150 E WProf.db: {"WprofHTMLTag": {"code": "0x9d0d9050", "doc": "http://searchengineland.com/participate-in-our-audience-survey-enter-to-win-a-50-amazon-gift-card-230299", "row": 0, "column": 24, "tagName": "table", "time": 12032.688710, "url": "", "pos": 24, "chunkLen": 66, "isStartTag": 0}}
