06-28 13:46:57.517  5375  5387 E WProf.db: {"HOL": {"type": 3, "docUrl": "https://searchengineland-com.cdn.ampproject.org/c/searchengineland.com/ppc-strategy-planning-beyond-click-276678/amp", "code": "0xb4cc7f60", "row": 612, "column": 281, "url": "https://cdn.ampproject.org/rtv/011498506512561/v0/amp-mustache-0.1.js"}}
06-28 13:46:57.518  5375  5387 E WProf.db: {"HOL": {"type": 4, "docUrl": "https://searchengineland-com.cdn.ampproject.org/c/searchengineland.com/ppc-strategy-planning-beyond-click-276678/amp", "code": "0xb4cc7ff0", "row": 612, "column": 313, "url": ""}}
06-28 13:46:57.518  5375  5387 E WProf.db: {"HOL": {"type": 1, "docUrl": "https://searchengineland-com.cdn.ampproject.org/c/searchengineland.com/ppc-strategy-planning-beyond-click-276678/amp", "code": "0x9e8fc9c0", "row": 818, "column": 34, "url": ""}}
06-28 13:46:57.518  5375  5387 E WProf.db: {"HOL": {"type": 1, "docUrl": "https://searchengineland-com.cdn.ampproject.org/c/searchengineland.com/ppc-strategy-planning-beyond-click-276678/amp", "code": "0x9e8fca20", "row": 845, "column": 37, "url": ""}}
06-28 13:46:57.518  5375  5387 E WProf.db: {"Computation": {"type": "fireEvent", "code": "0x9e8fcae0", "docUrl": "https://searchengineland-com.cdn.ampproject.org/c/searchengineland.com/ppc-strategy-planning-beyond-click-276678/amp", "startTime": 18692.889340, "endTime": 18692.889395, "urlRecalcStyle": "DOMContentLoaded"}}
06-28 13:46:57.518  5375  5387 E WProf.db: {"Computation": {"type": "fireEvent", "code": "0x9e8fcae0", "docUrl": "https://searchengineland-com.cdn.ampproject.org/c/searchengineland.com/ppc-strategy-planning-beyond-click-276678/amp", "startTime": 18692.889453, "endTime": 18692.889509, "urlRecalcStyle": "DOMContentLoaded"}}
06-28 13:46:57.518  5375  5387 E WProf.db: {"Computation": {"type": "fireEvent", "code": "0x9e8fcae0", "docUrl": "https://searchengineland-com.cdn.ampproject.org/c/searchengineland.com/ppc-strategy-planning-beyond-click-276678/amp", "startTime": 18692.890379, "endTime": 18692.890433, "urlRecalcStyle": "load"}}
06-28 13:46:57.518  5375  5387 E WProf.db: {"Computation": {"type": "recalcStyle", "code": "0x9e8fcae0", "docUrl": "https://searchengineland-com.cdn.ampproject.org/c/searchengineland.com/ppc-strategy-planning-beyond-click-276678/amp", "startTime": 18693.201465, "endTime": 18693.204557, "urlRecalcStyle": "https://fonts.googleapis.com/css?family=Oswald:300,400,700"}}
06-28 13:46:57.518  5375  5387 E WProf.db: {"Computation": {"type": "fireEvent", "code": "0x9e8fcae0", "docUrl": "https://searchengineland-com.cdn.ampproject.org/c/searchengineland.com/ppc-strategy-planning-beyond-click-276678/amp", "startTime": 18693.205690, "endTime": 18693.205970, "urlRecalcStyle": "load"}}
06-28 13:46:57.518  5375  5387 E WProf.db: {"Computation": {"type": "recalcStyle", "code": "0x9e8fcae0", "docUrl": "https://searchengineland-com.cdn.ampproject.org/c/searchengineland.com/ppc-strategy-planning-beyond-click-276678/amp", "startTime": 18693.209862, "endTime": 18693.287510, "urlRecalcStyle": "https://fonts.googleapis.com/css?family=Merriweather:400,400italic,700,700italic"}}
06-28 13:46:57.518  5375  5387 E WProf.db: {"Computation": {"type": "layout", "code": "0x9e8fcae0", "docUrl": "https://searchengineland-com.cdn.ampproject.org/c/searchengineland.com/ppc-strategy-planning-beyond-click-276678/amp", "startTime": 18693.295863, "endTime": 18693.312834, "urlRecalcStyle": ""}}
06-28 13:46:57.518  5375  5387 E WProf.db: {"Computation": {"type": "fireEvent", "code": "0x9e8fcae0", "docUrl": "https://searchengineland-com.cdn.ampproject.org/c/searchengineland.com/ppc-strategy-planning-beyond-click-276678/amp", "startTime": 18693.312963, "endTime": 18693.313013, "urlRecalcStyle": "load"}}
06-28 13:46:57.518  5375  5387 E WProf.db: {"Computation": {"type": "execScript", "code": "0x9e8fcae0", "docUrl": "https://searchengineland-com.cdn.ampproject.org/c/searchengineland.com/ppc-strategy-planning-beyond-click-276678/amp", "startTime": 18693.313078, "endTime": 18693.315873, "urlRecalcStyle": "https://cdn.ampproject.org/rtv/011498506512561/v0/amp-anim-0.1.js"}}
06-28 13:46:57.519  5375  5387 E WProf.db: {"Computation": {"type": "fireEvent", "code": "0x9e8fcae0", "docUrl": "https://searchengineland-com.cdn.ampproject.org/c/searchengineland.com/ppc-strategy-planning-beyond-click-276678/amp", "startTime": 18693.315949, "endTime": 18693.316001, "urlRecalcStyle": "load"}}
06-28 13:46:57.519  5375  5387 E WProf.db: {"Computation": {"type": "execScript", "code": "0x9e8fcae0", "docUrl": "https://searchengineland-com.cdn.ampproject.org/c/searchengineland.com/ppc-strategy-planning-beyond-click-276678/amp", "startTime": 18693.316070, "endTime": 18693.318793, "urlRecalcStyle": "https://cdn.ampproject.org/rtv/011498506512561/v0/amp-sidebar-0.1.js"}}
06-28 13:46:57.519  5375  5387 E WProf.db: {"Computation": {"type": "fireEvent", "code": "0x9e8fcae0", "docUrl": "https://searchengineland-com.cdn.ampproject.org/c/searchengineland.com/ppc-strategy-planning-beyond-click-276678/amp", "startTime": 18693.318868, "endTime": 18693.318914, "urlRecalcStyle": "load"}}
06-28 13:46:57.519  5375  5387 E WProf.db: {"Computation": {"type": "execScript", "code": "0x9e8fcae0", "docUrl": "https://searchengineland-com.cdn.ampproject.org/c/searchengineland.com/ppc-strategy-planning-beyond-click-276678/amp", "startTime": 18693.335279, "endTime": 18693.382885, "urlRecalcStyle": "https://cdn.ampproject.org/rtv/011498506512561/v0/amp-ad-0.1.js"}}
06-28 13:46:57.519  5375  5387 E WProf.db: {"Computation": {"type": "fireEvent", "code": "0x9e8fcae0", "docUrl": "https://searchengineland-com.cdn.ampproject.org/c/searchengineland.com/ppc-strategy-planning-beyond-click-276678/amp", "startTime": 18693.383009, "endTime": 18693.383103, "urlRecalcStyle": "load"}}
06-28 13:46:57.519  5375  5387 E WProf.db: {"Computation": {"type": "execScript", "code": "0x9e8fcae0", "docUrl": "https://searchengineland-com.cdn.ampproject.org/c/searchengineland.com/ppc-strategy-planning-beyond-click-276678/amp", "startTime": 18693.383242, "endTime": 18693.403779, "urlRecalcStyle": "https://cdn.ampproject.org/rtv/011498506512561/v0/amp-form-0.1.js"}}
06-28 13:46:57.519  5375  5387 E WProf.db: {"Computation": {"type": "fireEvent", "code": "0x9e8fcae0", "docUrl": "https://searchengineland-com.cdn.ampproject.org/c/searchengineland.com/ppc-strategy-planning-beyond-click-276678/amp", "startTime": 18693.403853, "endTime": 18693.403900, "urlRecalcStyle": "load"}}
06-28 13:46:57.519  5375  5387 E WProf.db: {"Computation": {"type": "execScript", "code": "0x9e8fcae0", "docUrl": "https://searchengineland-com.cdn.ampproject.org/c/searchengineland.com/ppc-strategy-planning-beyond-click-276678/amp", "startTime": 18693.403974, "endTime": 18693.444146, "urlRecalcStyle": "https://cdn.ampproject.org/rtv/011498506512561/v0/amp-analytics-0.1.js"}}
06-28 13:46:57.519  5375  5387 E WProf.db: {"Computation": {"type": "fireEvent", "code": "0x9e8fcae0", "docUrl": "https://searchengineland-com.cdn.ampproject.org/c/searchengineland.com/ppc-strategy-planning-beyond-click-276678/amp", "startTime": 18693.444258, "endTime": 18693.444328, "urlRecalcStyle": "load"}}
06-28 13:46:57.519  5375  5387 E WProf.db: {"Computation": {"type": "execScript", "code": "0x9e8fcae0", "docUrl": "https://searchengineland-com.cdn.ampproject.org/c/searchengineland.com/ppc-strategy-planning-beyond-click-276678/amp", "startTime": 18693.452547, "endTime": 18693.459364, "urlRecalcStyle": "https://cdn.ampproject.org/rtv/011498506512561/v0/amp-video-0.1.js"}}
06-28 13:46:57.519  5375  5387 E WProf.db: {"Computation": {"type": "fireEvent", "code": "0x9e8fcae0", "docUrl": "https://searchengineland-com.cdn.ampproject.org/c/searchengineland.com/ppc-strategy-planning-beyond-click-276678/amp", "startTime": 18693.459472, "endTime": 18693.459542, "urlRecalcStyle": "load"}}
06-28 13:46:57.519  5375  5387 E WProf.db: {"Computation": {"type": "execScript", "code": "0x9e8fcae0", "docUrl": "https://searchengineland-com.cdn.ampproject.org/c/searchengineland.com/ppc-strategy-planning-beyond-click-276678/amp", "startTime": 18693.459646, "endTime": 18693.610850, "urlRecalcStyle": "https://cdn.ampproject.org/rtv/011498506512561/v0.js"}}
06-28 13:46:57.519  5375  5387 E WProf.db: {"Computation": {"type": "fireEvent", "code": "0x9e8fcae0", "docUrl": "https://searchengineland-com.cdn.ampproject.org/c/searchengineland.com/ppc-strategy-planning-beyond-click-276678/amp", "startTime": 18693.610931, "endTime": 18693.610986, "urlRecalcStyle": "load"}}
06-28 13:46:57.520  5375  5387 E WProf.db: {"Computation": {"type": "execScript", "code": "0x9e8fcae0", "docUrl": "https://searchengineland-com.cdn.ampproject.org/c/searchengineland.com/ppc-strategy-planning-beyond-click-276678/amp", "startTime": 18693.611078, "endTime": 18693.616105, "urlRecalcStyle": "https://cdn.ampproject.org/rtv/011498506512561/v0/amp-youtube-0.1.js"}}
06-28 13:46:57.520  5375  5387 E WProf.db: {"Computation": {"type": "fireEvent", "code": "0x9e8fcae0", "docUrl": "https://searchengineland-com.cdn.ampproject.org/c/searchengineland.com/ppc-strategy-planning-beyond-click-276678/amp", "startTime": 18693.616189, "endTime": 18693.616242, "urlRecalcStyle": "load"}}
06-28 13:46:57.520  5375  5387 E WProf.db: {"Computation": {"type": "execScript", "code": "0x9e8fcae0", "docUrl": "https://searchengineland-com.cdn.ampproject.org/c/searchengineland.com/ppc-strategy-planning-beyond-click-276678/amp", "startTime": 18693.616319, "endTime": 18693.632571, "urlRecalcStyle": "https://cdn.ampproject.org/rtv/011498506512561/v0/amp-mustache-0.1.js"}}
06-28 13:46:57.520  5375  5387 E WProf.db: {"Computation": {"type": "fireEvent", "code": "0x9e8fcae0", "docUrl": "https://searchengineland-com.cdn.ampproject.org/c/searchengineland.com/ppc-strategy-planning-beyond-click-276678/amp", "startTime": 18693.632668, "endTime": 18693.632729, "urlRecalcStyle": "load"}}
06-28 13:46:57.522  5306  5351 E chromium: [ERROR:gles2_cmd_decoder.cc(3852)] [.ChromiumCompositor-0xacbb2fc0]GL ERROR :GL_INVALID_ENUM : glDiscardFramebufferEXT: attachments was GL_COLOR_EXT
06-28 13:46:57.521  5375  5387 E WProf.db: {"Computation": {"type": "layout", "code": "0x9e8fcae0", "docUrl": "https://searchengineland-com.cdn.ampproject.org/c/searchengineland.com/ppc-strategy-planning-beyond-click-276678/amp", "startTime": 18693.814425, "endTime": 18693.824665, "urlRecalcStyle": ""}}
06-28 13:46:57.522  5375  5387 E WProf.db: {"Computation": {"type": "layout", "code": "0x9e8fcae0", "docUrl": "https://searchengineland-com.cdn.ampproject.org/c/searchengineland.com/ppc-strategy-planning-beyond-click-276678/amp", "startTime": 18693.851070, "endTime": 18693.852075, "urlRecalcStyle": ""}}
06-28 13:46:57.522  5375  5387 E WProf.db: {"Computation": {"type": "layout", "code": "0x9e8fcae0", "docUrl": "https://searchengineland-com.cdn.ampproject.org/c/searchengineland.com/ppc-strategy-planning-beyond-click-276678/amp", "startTime": 18693.856926, "endTime": 18693.857870, "urlRecalcStyle": ""}}
06-28 13:46:57.522  5375  5387 E WProf.db: {"Computation": {"type": "layout", "code": "0x9e8fcae0", "docUrl": "https://searchengineland-com.cdn.ampproject.org/c/searchengineland.com/ppc-strategy-planning-beyond-click-276678/amp", "startTime": 18693.860128, "endTime": 18693.861148, "urlRecalcStyle": ""}}
06-28 13:46:57.523  5375  5387 E WProf.db: {"Computation": {"type": "layout", "code": "0x9e8fcae0", "docUrl": "https://searchengineland-com.cdn.ampproject.org/c/searchengineland.com/ppc-strategy-planning-beyond-click-276678/amp", "startTime": 18693.863045, "endTime": 18693.864066, "urlRecalcStyle": ""}}
06-28 13:46:57.523  5375  5387 E WProf.db: {"Computation": {"type": "layout", "code": "0x9e8fcae0", "docUrl": "https://searchengineland-com.cdn.ampproject.org/c/searchengineland.com/ppc-strategy-planning-beyond-click-276678/amp", "startTime": 18693.866352, "endTime": 18693.867395, "urlRecalcStyle": ""}}
06-28 13:46:57.523  5375  5387 E WProf.db: {"Computation": {"type": "layout", "code": "0x9e8fcae0", "docUrl": "https://searchengineland-com.cdn.ampproject.org/c/searchengineland.com/ppc-strategy-planning-beyond-click-276678/amp", "startTime": 18693.895749, "endTime": 18693.900455, "urlRecalcStyle": ""}}
06-28 13:46:57.523  5375  5387 E WProf.db: {"Computation": {"type": "fireEvent", "code": "0x9e8fcae0", "docUrl": "https://searchengineland-com.cdn.ampproject.org/c/searchengineland.com/ppc-strategy-planning-beyond-click-276678/amp", "startTime": 18693.911310, "endTime": 18693.911368, "urlRecalcStyle": "load"}}
06-28 13:46:57.523  5375  5387 E WProf.db: {"Computation": {"type": "layout", "code": "0x9e8fcae0", "docUrl": "https://searchengineland-com.cdn.ampproject.org/c/searchengineland.com/ppc-strategy-planning-beyond-click-276678/amp", "startTime": 18694.067629, "endTime": 18694.082445, "urlRecalcStyle": ""}}
06-28 13:46:57.523  5375  5387 E WProf.db: {"Computation": {"type": "layout", "code": "0x9e8fcae0", "docUrl": "https://searchengineland-com.cdn.ampproject.org/c/searchengineland.com/ppc-strategy-planning-beyond-click-276678/amp", "startTime": 18694.096306, "endTime": 18694.097067, "urlRecalcStyle": ""}}
06-28 13:46:57.524  5375  5387 E WProf.db: {"Computation": {"type": "fireEvent", "code": "0x9e8fcae0", "docUrl": "https://searchengineland-com.cdn.ampproject.org/c/searchengineland.com/ppc-strategy-planning-beyond-click-276678/amp", "startTime": 18694.129813, "endTime": 18694.129872, "urlRecalcStyle": "DOMContentLoaded"}}
06-28 13:46:57.524  5375  5387 E WProf.db: {"Computation": {"type": "fireEvent", "code": "0x9e8fcae0", "docUrl": "https://searchengineland-com.cdn.ampproject.org/c/searchengineland.com/ppc-strategy-planning-beyond-click-276678/amp", "startTime": 18694.129925, "endTime": 18694.129976, "urlRecalcStyle": "DOMContentLoaded"}}
06-28 13:46:57.524  5375  5387 E WProf.db: {"Computation": {"type": "fireEvent", "code": "0x9e8fcae0", "docUrl": "https://searchengineland-com.cdn.ampproject.org/c/searchengineland.com/ppc-strategy-planning-beyond-click-276678/amp", "startTime": 18694.162696, "endTime": 18694.162862, "urlRecalcStyle": "DOMContentLoaded"}}
06-28 13:46:57.524  5375  5387 E WProf.db: {"Computation": {"type": "fireEvent", "code": "0x9e8fcae0", "docUrl": "https://searchengineland-com.cdn.ampproject.org/c/searchengineland.com/ppc-strategy-planning-beyond-click-276678/amp", "startTime": 18694.163017, "endTime": 18694.163176, "urlRecalcStyle": "DOMContentLoaded"}}
06-28 13:46:57.524  5375  5387 E WProf.db: {"Computation": {"type": "fireEvent", "code": "0x9e8fcae0", "docUrl": "https://searchengineland-com.cdn.ampproject.org/c/searchengineland.com/ppc-strategy-planning-beyond-click-276678/amp", "startTime": 18694.164302, "endTime": 18694.164438, "urlRecalcStyle": "load"}}
06-28 13:46:57.524  5375  5387 E WProf.db: {"Computation": {"type": "layout", "code": "0x9e8fcae0", "docUrl": "https://searchengineland-com.cdn.ampproject.org/c/searchengineland.com/ppc-strategy-planning-beyond-click-276678/amp", "startTime": 18694.165252, "endTime": 18694.166749, "urlRecalcStyle": ""}}
06-28 13:46:57.524  5375  5387 E WProf.db: {"Computation": {"type": "fireEvent", "code": "0x9e8fcae0", "docUrl": "https://searchengineland-com.cdn.ampproject.org/c/searchengineland.com/ppc-strategy-planning-beyond-click-276678/amp", "startTime": 18694.168697, "endTime": 18694.168858, "urlRecalcStyle": "load"}}
06-28 13:46:57.525  5375  5387 E WProf.db: {"Computation": {"type": "fireEvent", "code": "0x9e8fcae0", "docUrl": "https://searchengineland-com.cdn.ampproject.org/c/searchengineland.com/ppc-strategy-planning-beyond-click-276678/amp", "startTime": 18694.169049, "endTime": 18694.169219, "urlRecalcStyle": "load"}}
06-28 13:46:57.525  5375  5387 E WProf.db: {"Computation": {"type": "fireEvent", "code": "0x9e8fcae0", "docUrl": "https://searchengineland-com.cdn.ampproject.org/c/searchengineland.com/ppc-strategy-planning-beyond-click-276678/amp", "startTime": 18694.169456, "endTime": 18694.169593, "urlRecalcStyle": "load"}}
06-28 13:46:57.525  5375  5387 E WProf.db: {"Computation": {"type": "fireEvent", "code": "0x9e8fcae0", "docUrl": "https://searchengineland-com.cdn.ampproject.org/c/searchengineland.com/ppc-strategy-planning-beyond-click-276678/amp", "startTime": 18694.169753, "endTime": 18694.169928, "urlRecalcStyle": "load"}}
06-28 13:46:57.525  5375  5387 E WProf.db: {"Computation": {"type": "fireEvent", "code": "0x9e8fcae0", "docUrl": "https://searchengineland-com.cdn.ampproject.org/c/searchengineland.com/ppc-strategy-planning-beyond-click-276678/amp", "startTime": 18694.170199, "endTime": 18694.170374, "urlRecalcStyle": "load"}}
06-28 13:46:57.525  5375  5387 E WProf.db: {"Computation": {"type": "fireEvent", "code": "0x9e8fcae0", "docUrl": "https://searchengineland-com.cdn.ampproject.org/c/searchengineland.com/ppc-strategy-planning-beyond-click-276678/amp", "startTime": 18694.170755, "endTime": 18694.170927, "urlRecalcStyle": "load"}}
06-28 13:46:57.525  5375  5387 E WProf.db: {"Computation": {"type": "fireEvent", "code": "0x9e8fcae0", "docUrl": "https://searchengineland-com.cdn.ampproject.org/c/searchengineland.com/ppc-strategy-planning-beyond-click-276678/amp", "startTime": 18694.196986, "endTime": 18694.197053, "urlRecalcStyle": "load"}}
06-28 13:46:57.525  5375  5387 E WProf.db: {"Computation": {"type": "fireEvent", "code": "0x9e8fcae0", "docUrl": "https://searchengineland-com.cdn.ampproject.org/c/searchengineland.com/ppc-strategy-planning-beyond-click-276678/amp", "startTime": 18694.197130, "endTime": 18694.197195, "urlRecalcStyle": "load"}}
06-28 13:46:57.525  5375  5387 E WProf.db: {"Computation": {"type": "fireEvent", "code": "0x9e8fcae0", "docUrl": "https://searchengineland-com.cdn.ampproject.org/c/searchengineland.com/ppc-strategy-planning-beyond-click-276678/amp", "startTime": 18694.197274, "endTime": 18694.197822, "urlRecalcStyle": "load"}}
06-28 13:46:57.525  5375  5387 E WProf.db: {"Computation": {"type": "fireEvent", "code": "0x9e8fcae0", "docUrl": "https://searchengineland-com.cdn.ampproject.org/c/searchengineland.com/ppc-strategy-planning-beyond-click-276678/amp", "startTime": 18694.197913, "endTime": 18694.197983, "urlRecalcStyle": "load"}}
06-28 13:46:57.525  5375  5387 E WProf.db: {"Computation": {"type": "fireEvent", "code": "0x9e8fcae0", "docUrl": "https://searchengineland-com.cdn.ampproject.org/c/searchengineland.com/ppc-strategy-planning-beyond-click-276678/amp", "startTime": 18694.198066, "endTime": 18694.198140, "urlRecalcStyle": "load"}}
06-28 13:46:57.525  5375  5387 E WProf.db: {"Computation": {"type": "fireEvent", "code": "0x9e8fcae0", "docUrl": "https://searchengineland-com.cdn.ampproject.org/c/searchengineland.com/ppc-strategy-planning-beyond-click-276678/amp", "startTime": 18694.198215, "endTime": 18694.198410, "urlRecalcStyle": "load"}}
06-28 13:46:57.525  5375  5387 E WProf.db: {"Computation": {"type": "layout", "code": "0x9e8fcae0", "docUrl": "https://searchengineland-com.cdn.ampproject.org/c/searchengineland.com/ppc-strategy-planning-beyond-click-276678/amp", "startTime": 18694.206265, "endTime": 18694.207597, "urlRecalcStyle": ""}}
06-28 13:46:57.525  5375  5387 E WProf.db: {"Computation": {"type": "layout", "code": "0x9e8fcae0", "docUrl": "https://searchengineland-com.cdn.ampproject.org/c/searchengineland.com/ppc-strategy-planning-beyond-click-276678/amp", "startTime": 18694.220155, "endTime": 18694.224084, "urlRecalcStyle": ""}}
06-28 13:46:57.526  5375  5387 E WProf.db: {"Computation": {"type": "layout", "code": "0x9e8fcae0", "docUrl": "https://searchengineland-com.cdn.ampproject.org/c/searchengineland.com/ppc-strategy-planning-beyond-click-276678/amp", "startTime": 18694.226071, "endTime": 18694.226240, "urlRecalcStyle": ""}}
06-28 13:46:57.526  5375  5387 E WProf.db: {"Computation": {"type": "layout", "code": "0x9e8fcae0", "docUrl": "https://searchengineland-com.cdn.ampproject.org/c/searchengineland.com/ppc-strategy-planning-beyond-click-276678/amp", "startTime": 18694.226254, "endTime": 18694.226576, "urlRecalcStyle": ""}}
06-28 13:46:57.527  5375  5387 E WProf.db: {"Computation": {"type": "fireEvent", "code": "0x9e8fcae0", "docUrl": "https://searchengineland-com.cdn.ampproject.org/c/searchengineland.com/ppc-strategy-planning-beyond-click-276678/amp", "startTime": 18694.233350, "endTime": 18694.233424, "urlRecalcStyle": "load"}}
06-28 13:46:57.527  5375  5387 E WProf.db: {"Computation": {"type": "fireEvent", "code": "0x9e8fcae0", "docUrl": "https://searchengineland-com.cdn.ampproject.org/c/searchengineland.com/ppc-strategy-planning-beyond-click-276678/amp", "startTime": 18694.233489, "endTime": 18694.233543, "urlRecalcStyle": "load"}}
06-28 13:46:57.527  5375  5387 E WProf.db: {"Computation": {"type": "fireEvent", "code": "0x9e8fcae0", "docUrl": "https://searchengineland-com.cdn.ampproject.org/c/searchengineland.com/ppc-strategy-planning-beyond-click-276678/amp", "startTime": 18694.233602, "endTime": 18694.233869, "urlRecalcStyle": "load"}}
06-28 13:46:57.527  5375  5387 E WProf.db: {"Computation": {"type": "fireEvent", "code": "0x9e8fcae0", "docUrl": "https://searchengineland-com.cdn.ampproject.org/c/searchengineland.com/ppc-strategy-planning-beyond-click-276678/amp", "startTime": 18694.233952, "endTime": 18694.234003, "urlRecalcStyle": "load"}}
06-28 13:46:57.527  5375  5387 E WProf.db: {"Computation": {"type": "fireEvent", "code": "0x9e8fcae0", "docUrl": "https://searchengineland-com.cdn.ampproject.org/c/searchengineland.com/ppc-strategy-planning-beyond-click-276678/amp", "startTime": 18694.234072, "endTime": 18694.234130, "urlRecalcStyle": "load"}}
06-28 13:46:57.527  5375  5387 E WProf.db: {"Computation": {"type": "fireEvent", "code": "0x9e8fcae0", "docUrl": "https://searchengineland-com.cdn.ampproject.org/c/searchengineland.com/ppc-strategy-planning-beyond-click-276678/amp", "startTime": 18694.234182, "endTime": 18694.234537, "urlRecalcStyle": "load"}}
06-28 13:46:57.528  5375  5387 E WProf.db: {"Computation": {"type": "layout", "code": "0x9e8fcae0", "docUrl": "https://searchengineland-com.cdn.ampproject.org/c/searchengineland.com/ppc-strategy-planning-beyond-click-276678/amp", "startTime": 18694.264155, "endTime": 18694.266109, "urlRecalcStyle": ""}}
06-28 13:46:57.528  5375  5387 E WProf.db: {"Computation": {"type": "layout", "code": "0x9e8fcae0", "docUrl": "https://searchengineland-com.cdn.ampproject.org/c/searchengineland.com/ppc-strategy-planning-beyond-click-276678/amp", "startTime": 18694.387226, "endTime": 18694.387883, "urlRecalcStyle": ""}}
06-28 13:46:57.528  5375  5387 E WProf.db: {"Computation": {"type": "fireEvent", "code": "0x9e8fcae0", "docUrl": "https://searchengineland-com.cdn.ampproject.org/c/searchengineland.com/ppc-strategy-planning-beyond-click-276678/amp", "startTime": 18694.388067, "endTime": 18694.388124, "urlRecalcStyle": "load"}}
06-28 13:46:57.528  5375  5387 E WProf.db: {"Computation": {"type": "fireEvent", "code": "0x9e8fcae0", "docUrl": "https://searchengineland-com.cdn.ampproject.org/c/searchengineland.com/ppc-strategy-planning-beyond-click-276678/amp", "startTime": 18694.388180, "endTime": 18694.388232, "urlRecalcStyle": "load"}}
06-28 13:46:57.528  5375  5387 E WProf.db: {"Computation": {"type": "fireEvent", "code": "0x9e8fcae0", "docUrl": "https://searchengineland-com.cdn.ampproject.org/c/searchengineland.com/ppc-strategy-planning-beyond-click-276678/amp", "startTime": 18694.388295, "endTime": 18694.388664, "urlRecalcStyle": "load"}}
06-28 13:46:57.528  5375  5387 E WProf.db: {"Computation": {"type": "layout", "code": "0x9e8fcae0", "docUrl": "https://searchengineland-com.cdn.ampproject.org/c/searchengineland.com/ppc-strategy-planning-beyond-click-276678/amp", "startTime": 18694.408461, "endTime": 18694.412993, "urlRecalcStyle": ""}}
06-28 13:46:57.528  5375  5387 E WProf.db: {"Complete": "searchengineland-com.cdn.ampproject.org_c_searchengineland.com_ppc-strategy-planning-beyond-click-276678_amp"}
06-28 13:46:57.544  5306  5351 E chromium: [ERROR:gles2_cmd_decoder.cc(3852)] [.ChromiumCompositor-0xacbb2fc0]GL ERROR :GL_INVALID_ENUM : glDiscardFramebufferEXT: attachments was GL_COLOR_EXT
06-28 13:46:57.568  5306  5351 E chromium: [ERROR:gles2_cmd_decoder.cc(3852)] [.ChromiumCompositor-0xacbb2fc0]GL ERROR :GL_INVALID_ENUM : glDiscardFramebufferEXT: attachments was GL_COLOR_EXT
06-28 13:46:57.586  5306  5351 E chromium: [ERROR:gles2_cmd_decoder.cc(3852)] [.ChromiumCompositor-0xacbb2fc0]GL ERROR :GL_INVALID_ENUM : glDiscardFramebufferEXT: attachments was GL_COLOR_EXT
06-28 13:46:57.593  5306  5351 E chromium: [ERROR:gles2_cmd_decoder.cc(3852)] [.ChromiumCompositor-0xacbb2fc0]GL ERROR :GL_INVALID_ENUM : glDiscardFramebufferEXT: attachments was GL_COLOR_EXT
06-28 13:46:57.627  5306  5351 E chromium: [ERROR:gles2_cmd_decoder.cc(3852)] [.ChromiumCompositor-0xacbb2fc0]GL ERROR :GL_INVALID_ENUM : glDiscardFramebufferEXT: attachments was GL_COLOR_EXT
06-28 13:46:57.641  5306  5351 E chromium: [ERROR:gles2_cmd_decoder.cc(3852)] [.ChromiumCompositor-0xacbb2fc0]GL ERROR :GL_INVALID_ENUM : glDiscardFramebufferEXT: attachments was GL_COLOR_EXT
06-28 13:46:57.647  5306  5351 E chromium: [ERROR:gles2_cmd_decoder.cc(3852)] [.ChromiumCompositor-0xacbb2fc0]GL ERROR :GL_INVALID_ENUM : glDiscardFramebufferEXT: attachments was GL_COLOR_EXT
06-28 13:46:57.657  5306  5351 E chromium: [ERROR:gles2_cmd_decoder.cc(3852)] [.ChromiumCompositor-0xacbb2fc0]GL ERROR :GL_INVALID_ENUM : glDiscardFramebufferEXT: attachments was GL_COLOR_EXT
06-28 13:46:57.672  5306  5351 E chromium: [ERROR:gles2_cmd_decoder.cc(3852)] [.ChromiumCompositor-0xacbb2fc0]GL ERROR :GL_INVALID_ENUM : glDiscardFramebufferEXT: attachments was GL_COLOR_EXT
06-28 13:46:57.689  5375  5387 E WPROF   : {"Javascript": {"url": "https://cdn.ampproject.org/rtv/011498506512561/v0/amp-crypto-polyfill-0.1.js", "requestTime": 18694.744650}}
06-28 13:46:57.691  5306  5351 E chromium: [ERROR:gles2_cmd_decoder.cc(3852)] [.ChromiumCompositor-0xacbb2fc0]GL ERROR :GL_INVALID_ENUM : glDiscardFramebufferEXT: attachments was GL_COLOR_EXT
06-28 13:46:57.706  5306  5351 E chromium: [ERROR:gles2_cmd_decoder.cc(3852)] [.ChromiumCompositor-0xacbb2fc0]GL ERROR :GL_INVALID_ENUM : glDiscardFramebufferEXT: attachments was GL_COLOR_EXT
06-28 13:46:57.723  5306  5351 E chromium: [ERROR:gles2_cmd_decoder.cc(3852)] [.ChromiumCompositor-0xacbb2fc0]GL ERROR :GL_INVALID_ENUM : glDiscardFramebufferEXT: attachments was GL_COLOR_EXT
06-28 13:46:57.740  5306  5351 E chromium: [ERROR:gles2_cmd_decoder.cc(3852)] [.ChromiumCompositor-0xacbb2fc0]GL ERROR :GL_INVALID_ENUM : glDiscardFramebufferEXT: attachments was GL_COLOR_EXT
06-28 13:46:57.757  5306  5351 E chromium: [ERROR:gles2_cmd_decoder.cc(3852)] [.ChromiumCompositor-0xacbb2fc0]GL ERROR :GL_INVALID_ENUM : glDiscardFramebufferEXT: attachments was GL_COLOR_EXT
06-28 13:46:57.776  5306  5351 E chromium: [ERROR:gles2_cmd_decoder.cc(3852)] [.ChromiumCompositor-0xacbb2fc0]GL ERROR :GL_INVALID_ENUM : glDiscardFramebufferEXT: attachments was GL_COLOR_EXT
06-28 13:46:57.791  5306  5351 E chromium: [ERROR:gles2_cmd_decoder.cc(3852)] [.ChromiumCompositor-0xacbb2fc0]GL ERROR :GL_INVALID_ENUM : glDiscardFramebufferEXT: attachments was GL_COLOR_EXT
06-28 13:46:57.807  5306  5351 E chromium: [ERROR:gles2_cmd_decoder.cc(3852)] [.ChromiumCompositor-0xacbb2fc0]GL ERROR :GL_INVALID_ENUM : glDiscardFramebufferEXT: attachments was GL_COLOR_EXT
06-28 13:46:57.823  5306  5351 E chromium: [ERROR:gles2_cmd_decoder.cc(3852)] [.ChromiumCompositor-0xacbb2fc0]GL ERROR :GL_INVALID_ENUM : glDiscardFramebufferEXT: attachments was GL_COLOR_EXT
06-28 13:46:57.840  5306  5351 E chromium: [ERROR:gles2_cmd_decoder.cc(3852)] [.ChromiumCompositor-0xacbb2fc0]GL ERROR :GL_INVALID_ENUM : glDiscardFramebufferEXT: attachments was GL_COLOR_EXT
06-28 13:46:57.857  5306  5351 E chromium: [ERROR:gles2_cmd_decoder.cc(3852)] [.ChromiumCompositor-0xacbb2fc0]GL ERROR :GL_INVALID_ENUM : glDiscardFramebufferEXT: attachments was GL_COLOR_EXT
06-28 13:46:57.874  5306  5351 E chromium: [ERROR:gles2_cmd_decoder.cc(3852)] [.ChromiumCompositor-0xacbb2fc0]GL ERROR :GL_INVALID_ENUM : glDiscardFramebufferEXT: attachments was GL_COLOR_EXT
06-28 13:46:57.891  5306  5351 E chromium: [ERROR:gles2_cmd_decoder.cc(3852)] [.ChromiumCompositor-0xacbb2fc0]GL ERROR :GL_INVALID_ENUM : glDiscardFramebufferEXT: attachments was GL_COLOR_EXT
06-28 13:46:57.908  5306  5351 E chromium: [ERROR:gles2_cmd_decoder.cc(3852)] [.ChromiumCompositor-0xacbb2fc0]GL ERROR :GL_INVALID_ENUM : glDiscardFramebufferEXT: attachments was GL_COLOR_EXT
06-28 13:46:57.925  5306  5351 E chromium: [ERROR:gles2_cmd_decoder.cc(3852)] [.ChromiumCompositor-0xacbb2fc0]GL ERROR :GL_INVALID_ENUM : glDiscardFramebufferEXT: attachments was GL_COLOR_EXT
06-28 13:46:57.946  5306  5351 E chromium: [ERROR:gles2_cmd_decoder.cc(3852)] [.ChromiumCompositor-0xacbb2fc0]GL ERROR :GL_INVALID_ENUM : glDiscardFramebufferEXT: attachments was GL_COLOR_EXT
06-28 13:46:57.967  5306  5351 E chromium: [ERROR:gles2_cmd_decoder.cc(3852)] [.ChromiumCompositor-0xacbb2fc0]GL ERROR :GL_INVALID_ENUM : glDiscardFramebufferEXT: attachments was GL_COLOR_EXT
06-28 13:46:57.981  5306  5351 E chromium: [ERROR:gles2_cmd_decoder.cc(3852)] [.ChromiumCompositor-0xacbb2fc0]GL ERROR :GL_INVALID_ENUM : glDiscardFramebufferEXT: attachments was GL_COLOR_EXT
06-28 13:46:57.999  5306  5351 E chromium: [ERROR:gles2_cmd_decoder.cc(3852)] [.ChromiumCompositor-0xacbb2fc0]GL ERROR :GL_INVALID_ENUM : glDiscardFramebufferEXT: attachments was GL_COLOR_EXT
06-28 13:46:58.027  5306  5351 E chromium: [ERROR:gles2_cmd_decoder.cc(3852)] [.ChromiumCompositor-0xacbb2fc0]GL ERROR :GL_INVALID_ENUM : glDiscardFramebufferEXT: attachments was GL_COLOR_EXT
06-28 13:46:58.046  5306  5351 E chromium: [ERROR:gles2_cmd_decoder.cc(3852)] [.ChromiumCompositor-0xacbb2fc0]GL ERROR :GL_INVALID_ENUM : glDiscardFramebufferEXT: attachments was GL_COLOR_EXT
06-28 13:46:58.064  5306  5351 E chromium: [ERROR:gles2_cmd_decoder.cc(3852)] [.ChromiumCompositor-0xacbb2fc0]GL ERROR :GL_INVALID_ENUM : glDiscardFramebufferEXT: attachments was GL_COLOR_EXT
06-28 13:46:58.081  5306  5351 E chromium: [ERROR:gles2_cmd_decoder.cc(3852)] [.ChromiumCompositor-0xacbb2fc0]GL ERROR :GL_INVALID_ENUM : glDiscardFramebufferEXT: attachments was GL_COLOR_EXT
06-28 13:46:58.109  5306  5351 E chromium: [ERROR:gles2_cmd_decoder.cc(3852)] [.ChromiumCompositor-0xacbb2fc0]GL ERROR :GL_INVALID_ENUM : glDiscardFramebufferEXT: attachments was GL_COLOR_EXT
06-28 13:46:58.121  5306  5351 E chromium: [ERROR:gles2_cmd_decoder.cc(3852)] [.ChromiumCompositor-0xacbb2fc0]GL ERROR :GL_INVALID_ENUM : glDiscardFramebufferEXT: attachments was GL_COLOR_EXT
06-28 13:46:58.125   862  1657 E LocSvc_IzatApiV02: E/virtual int izat_core::IzatApiV02::getBatchSize(int32_t):522]: Error : st = 4, ind.status = -1628389555
06-28 13:46:58.125   862  1657 E LocSvc_IzatApiV02: E/virtual int izat_core::IzatApiV02::getBatchSize(int32_t):535]: get batching size failed.Or modem does not support batching 
06-28 13:46:58.132  5306  5351 E chromium: [ERROR:gles2_cmd_decoder.cc(3852)] [.ChromiumCompositor-0xacbb2fc0]GL ERROR :GL_INVALID_ENUM : glDiscardFramebufferEXT: attachments was GL_COLOR_EXT
06-28 13:46:58.134   862  1657 E LocSvc_IzatApiV02: E/virtual int izat_core::IzatApiV02::getBatchSize(int32_t):522]: Error : st = 4, ind.status = -1628389555
06-28 13:46:58.134   862  1657 E LocSvc_IzatApiV02: E/virtual int izat_core::IzatApiV02::getBatchSize(int32_t):535]: get batching size failed.Or modem does not support batching 
06-28 13:46:58.144  5306  5351 E chromium: [ERROR:gles2_cmd_decoder.cc(3852)] [.ChromiumCompositor-0xacbb2fc0]GL ERROR :GL_INVALID_ENUM : glDiscardFramebufferEXT: attachments was GL_COLOR_EXT
06-28 13:46:58.160  5306  5351 E chromium: [ERROR:gles2_cmd_decoder.cc(3852)] [.ChromiumCompositor-0xacbb2fc0]GL ERROR :GL_INVALID_ENUM : glDiscardFramebufferEXT: attachments was GL_COLOR_EXT
06-28 13:46:58.168   862  1657 E LocSvc_IzatApiV02: E/virtual int izat_core::IzatApiV02::getBatchSize(int32_t):522]: Error : st = 4, ind.status = -1628389555
06-28 13:46:58.168   862  1657 E LocSvc_IzatApiV02: E/virtual int izat_core::IzatApiV02::getBatchSize(int32_t):535]: get batching size failed.Or modem does not support batching 
06-28 13:46:58.176  5306  5351 E chromium: [ERROR:gles2_cmd_decoder.cc(3852)] [.ChromiumCompositor-0xacbb2fc0]GL ERROR :GL_INVALID_ENUM : glDiscardFramebufferEXT: attachments was GL_COLOR_EXT
06-28 13:46:58.187   862  1657 E LocSvc_IzatApiV02: E/virtual int izat_core::IzatApiV02::getBatchSize(int32_t):522]: Error : st = 4, ind.status = -1628389555
06-28 13:46:58.187   862  1657 E LocSvc_IzatApiV02: E/virtual int izat_core::IzatApiV02::getBatchSize(int32_t):535]: get batching size failed.Or modem does not support batching 
06-28 13:46:58.193  5306  5351 E chromium: [ERROR:gles2_cmd_decoder.cc(3852)] [.ChromiumCompositor-0xacbb2fc0]GL ERROR :GL_INVALID_ENUM : glDiscardFramebufferEXT: attachments was GL_COLOR_EXT
06-28 13:46:58.210  5306  5351 E chromium: [ERROR:gles2_cmd_decoder.cc(3852)] [.ChromiumCompositor-0xacbb2fc0]GL ERROR :GL_INVALID_ENUM : glDiscardFramebufferEXT: attachments was GL_COLOR_EXT
06-28 13:46:58.226  5306  5351 E chromium: [ERROR:gles2_cmd_decoder.cc(3852)] [.ChromiumCompositor-0xacbb2fc0]GL ERROR :GL_INVALID_ENUM : glDiscardFramebufferEXT: attachments was GL_COLOR_EXT
06-28 13:46:58.243  5306  5351 E chromium: [ERROR:gles2_cmd_decoder.cc(3852)] [.ChromiumCompositor-0xacbb2fc0]GL ERROR :GL_INVALID_ENUM : glDiscardFramebufferEXT: attachments was GL_COLOR_EXT
06-28 13:46:58.260  5306  5351 E chromium: [ERROR:gles2_cmd_decoder.cc(3852)] [.ChromiumCompositor-0xacbb2fc0]GL ERROR :GL_INVALID_ENUM : glDiscardFramebufferEXT: attachments was GL_COLOR_EXT
06-28 13:46:58.277  5306  5351 E chromium: [ERROR:gles2_cmd_decoder.cc(3852)] [.ChromiumCompositor-0xacbb2fc0]GL ERROR :GL_INVALID_ENUM : glDiscardFramebufferEXT: attachments was GL_COLOR_EXT
06-28 13:46:58.295  5306  5351 E chromium: [ERROR:gles2_cmd_decoder.cc(3852)] [.ChromiumCompositor-0xacbb2fc0]GL ERROR :GL_INVALID_ENUM : glDiscardFramebufferEXT: attachments was GL_COLOR_EXT
06-28 13:46:58.312  5306  5351 E chromium: [ERROR:gles2_cmd_decoder.cc(3852)] [.ChromiumCompositor-0xacbb2fc0]GL ERROR :GL_INVALID_ENUM : glDiscardFramebufferEXT: attachments was GL_COLOR_EXT
06-28 13:46:58.328  5306  5351 E chromium: [ERROR:gles2_cmd_decoder.cc(3852)] [.ChromiumCompositor-0xacbb2fc0]GL ERROR :GL_INVALID_ENUM : glDiscardFramebufferEXT: attachments was GL_COLOR_EXT
06-28 13:46:58.367  5306  5351 E chromium: [ERROR:gles2_cmd_decoder.cc(3852)] [.ChromiumCompositor-0xacbb2fc0]GL ERROR :GL_INVALID_ENUM : glDiscardFramebufferEXT: attachments was GL_COLOR_EXT
06-28 13:46:58.379  5306  5351 E chromium: [ERROR:gles2_cmd_decoder.cc(3852)] [.ChromiumCompositor-0xacbb2fc0]GL ERROR :GL_INVALID_ENUM : glDiscardFramebufferEXT: attachments was GL_COLOR_EXT
06-28 13:46:58.398  5306  5351 E chromium: [ERROR:gles2_cmd_decoder.cc(3852)] [.ChromiumCompositor-0xacbb2fc0]GL ERROR :GL_INVALID_ENUM : glDiscardFramebufferEXT: attachments was GL_COLOR_EXT
06-28 13:46:58.417  5306  5351 E chromium: [ERROR:gles2_cmd_decoder.cc(3852)] [.ChromiumCompositor-0xacbb2fc0]GL ERROR :GL_INVALID_ENUM : glDiscardFramebufferEXT: attachments was GL_COLOR_EXT
06-28 13:46:58.433  5306  5351 E chromium: [ERROR:gles2_cmd_decoder.cc(3852)] [.ChromiumCompositor-0xacbb2fc0]GL ERROR :GL_INVALID_ENUM : glDiscardFramebufferEXT: attachments was GL_COLOR_EXT
06-28 13:46:58.449  5306  5351 E chromium: [ERROR:gles2_cmd_decoder.cc(3852)] [.ChromiumCompositor-0xacbb2fc0]GL ERROR :GL_INVALID_ENUM : glDiscardFramebufferEXT: attachments was GL_COLOR_EXT
06-28 13:46:58.467  5306  5351 E chromium: [ERROR:gles2_cmd_decoder.cc(3852)] [.ChromiumCompositor-0xacbb2fc0]GL ERROR :GL_INVALID_ENUM : glDiscardFramebufferEXT: attachments was GL_COLOR_EXT
06-28 13:46:58.480  5306  5351 E chromium: [ERROR:gles2_cmd_decoder.cc(3852)] [.ChromiumCompositor-0xacbb2fc0]GL ERROR :GL_INVALID_ENUM : glDiscardFramebufferEXT: attachments was GL_COLOR_EXT
06-28 13:46:58.498  5306  5351 E chromium: [ERROR:gles2_cmd_decoder.cc(3852)] [.ChromiumCompositor-0xacbb2fc0]GL ERROR :GL_INVALID_ENUM : glDiscardFramebufferEXT: attachments was GL_COLOR_EXT
06-28 13:46:58.515  5306  5351 E chromium: [ERROR:gles2_cmd_decoder.cc(3852)] [.ChromiumCompositor-0xacbb2fc0]GL ERROR :GL_INVALID_ENUM : glDiscardFramebufferEXT: attachments was GL_COLOR_EXT
06-28 13:46:58.530  5306  5351 E chromium: [ERROR:gles2_cmd_decoder.cc(3852)] [.ChromiumCompositor-0xacbb2fc0]GL ERROR :GL_INVALID_ENUM : glDiscardFramebufferEXT: attachments was GL_COLOR_EXT
06-28 13:46:58.547  5306  5351 E chromium: [ERROR:gles2_cmd_decoder.cc(3852)] [.ChromiumCompositor-0xacbb2fc0]GL ERROR :GL_INVALID_ENUM : glDiscardFramebufferEXT: attachments was GL_COLOR_EXT
06-28 13:46:58.563  5306  5351 E chromium: [ERROR:gles2_cmd_decoder.cc(3852)] [.ChromiumCompositor-0xacbb2fc0]GL ERROR :GL_INVALID_ENUM : glDiscardFramebufferEXT: attachments was GL_COLOR_EXT
06-28 13:46:58.586  5306  5351 E chromium: [ERROR:gles2_cmd_decoder.cc(3852)] [.ChromiumCompositor-0xacbb2fc0]GL ERROR :GL_INVALID_ENUM : glDiscardFramebufferEXT: attachments was GL_COLOR_EXT
06-28 13:46:58.603  5306  5351 E chromium: [ERROR:gles2_cmd_decoder.cc(3852)] [.ChromiumCompositor-0xacbb2fc0]GL ERROR :GL_INVALID_ENUM : glDiscardFramebufferEXT: attachments was GL_COLOR_EXT
06-28 13:46:58.617  5306  5351 E chromium: [ERROR:gles2_cmd_decoder.cc(3852)] [.ChromiumCompositor-0xacbb2fc0]GL ERROR :GL_INVALID_ENUM : glDiscardFramebufferEXT: attachments was GL_COLOR_EXT
06-28 13:46:58.635  5306  5351 E chromium: [ERROR:gles2_cmd_decoder.cc(3852)] [.ChromiumCompositor-0xacbb2fc0]GL ERROR :GL_INVALID_ENUM : glDiscardFramebufferEXT: attachments was GL_COLOR_EXT
06-28 13:46:58.652  5306  5351 E chromium: [ERROR:gles2_cmd_decoder.cc(3852)] [.ChromiumCompositor-0xacbb2fc0]GL ERROR :GL_INVALID_ENUM : glDiscardFramebufferEXT: attachments was GL_COLOR_EXT
06-28 13:46:58.666  5306  5351 E chromium: [ERROR:gles2_cmd_decoder.cc(3852)] [.ChromiumCompositor-0xacbb2fc0]GL ERROR :GL_INVALID_ENUM : glDiscardFramebufferEXT: attachments was GL_COLOR_EXT
06-28 13:46:58.682  5306  5351 E chromium: [ERROR:gles2_cmd_decoder.cc(3852)] [.ChromiumCompositor-0xacbb2fc0]GL ERROR :GL_INVALID_ENUM : glDiscardFramebufferEXT: attachments was GL_COLOR_EXT
06-28 13:46:58.700  5306  5351 E chromium: [ERROR:gles2_cmd_decoder.cc(3852)] [.ChromiumCompositor-0xacbb2fc0]GL ERROR :GL_INVALID_ENUM : glDiscardFramebufferEXT: attachments was GL_COLOR_EXT
06-28 13:46:58.719  5306  5351 E chromium: [ERROR:gles2_cmd_decoder.cc(3852)] [.ChromiumCompositor-0xacbb2fc0]GL ERROR :GL_INVALID_ENUM : glDiscardFramebufferEXT: attachments was GL_COLOR_EXT
06-28 13:46:58.732  5306  5351 E chromium: [ERROR:gles2_cmd_decoder.cc(3852)] [.ChromiumCompositor-0xacbb2fc0]GL ERROR :GL_INVALID_ENUM : glDiscardFramebufferEXT: attachments was GL_COLOR_EXT
06-28 13:46:58.748  5306  5351 E chromium: [ERROR:gles2_cmd_decoder.cc(3852)] [.ChromiumCompositor-0xacbb2fc0]GL ERROR :GL_INVALID_ENUM : glDiscardFramebufferEXT: attachments was GL_COLOR_EXT
06-28 13:46:58.766  5306  5351 E chromium: [ERROR:gles2_cmd_decoder.cc(3852)] [.ChromiumCompositor-0xacbb2fc0]GL ERROR :GL_INVALID_ENUM : glDiscardFramebufferEXT: attachments was GL_COLOR_EXT
06-28 13:46:58.783  5306  5351 E chromium: [ERROR:gles2_cmd_decoder.cc(3852)] [.ChromiumCompositor-0xacbb2fc0]GL ERROR :GL_INVALID_ENUM : glDiscardFramebufferEXT: attachments was GL_COLOR_EXT
06-28 13:46:58.802  5306  5351 E chromium: [ERROR:gles2_cmd_decoder.cc(3852)] [.ChromiumCompositor-0xacbb2fc0]GL ERROR :GL_INVALID_ENUM : glDiscardFramebufferEXT: attachments was GL_COLOR_EXT
06-28 13:46:58.821  5306  5351 E chromium: [ERROR:gles2_cmd_decoder.cc(3852)] [.ChromiumCompositor-0xacbb2fc0]GL ERROR :GL_INVALID_ENUM : glDiscardFramebufferEXT: attachments was GL_COLOR_EXT
06-28 13:46:58.834  5306  5351 E chromium: [ERROR:gles2_cmd_decoder.cc(3852)] [.ChromiumCompositor-0xacbb2fc0]GL ERROR :GL_INVALID_ENUM : glDiscardFramebufferEXT: attachments was GL_COLOR_EXT
06-28 13:46:58.851  5306  5351 E chromium: [ERROR:gles2_cmd_decoder.cc(3852)] [.ChromiumCompositor-0xacbb2fc0]GL ERROR :GL_INVALID_ENUM : glDiscardFramebufferEXT: attachments was GL_COLOR_EXT
06-28 13:46:58.866  5306  5351 E chromium: [ERROR:gles2_cmd_decoder.cc(3852)] [.ChromiumCompositor-0xacbb2fc0]GL ERROR :GL_INVALID_ENUM : glDiscardFramebufferEXT: attachments was GL_COLOR_EXT
06-28 13:46:58.883  5306  5351 E chromium: [ERROR:gles2_cmd_decoder.cc(3852)] [.ChromiumCompositor-0xacbb2fc0]GL ERROR :GL_INVALID_ENUM : glDiscardFramebufferEXT: attachments was GL_COLOR_EXT
06-28 13:46:58.902  5306  5351 E chromium: [ERROR:gles2_cmd_decoder.cc(3852)] [.ChromiumCompositor-0xacbb2fc0]GL ERROR :GL_INVALID_ENUM : glDiscardFramebufferEXT: attachments was GL_COLOR_EXT
06-28 13:46:58.922  5306  5351 E chromium: [ERROR:gles2_cmd_decoder.cc(3852)] [.ChromiumCompositor-0xacbb2fc0]GL ERROR :GL_INVALID_ENUM : glDiscardFramebufferEXT: attachments was GL_COLOR_EXT
06-28 13:46:58.937  5306  5351 E chromium: [ERROR:gles2_cmd_decoder.cc(3852)] [.ChromiumCompositor-0xacbb2fc0]GL ERROR :GL_INVALID_ENUM : glDiscardFramebufferEXT: attachments was GL_COLOR_EXT
06-28 13:46:58.955  5306  5351 E chromium: [ERROR:gles2_cmd_decoder.cc(3852)] [.ChromiumCompositor-0xacbb2fc0]GL ERROR :GL_INVALID_ENUM : glDiscardFramebufferEXT: attachments was GL_COLOR_EXT
06-28 13:46:58.968  5306  5351 E chromium: [ERROR:gles2_cmd_decoder.cc(3852)] [.ChromiumCompositor-0xacbb2fc0]GL ERROR :GL_INVALID_ENUM : glDiscardFramebufferEXT: attachments was GL_COLOR_EXT
06-28 13:46:58.987  5306  5351 E chromium: [ERROR:gles2_cmd_decoder.cc(3852)] [.ChromiumCompositor-0xacbb2fc0]GL ERROR :GL_INVALID_ENUM : glDiscardFramebufferEXT: attachments was GL_COLOR_EXT
06-28 13:46:59.000  5306  5351 E chromium: [ERROR:gles2_cmd_decoder.cc(3852)] [.ChromiumCompositor-0xacbb2fc0]GL ERROR :GL_INVALID_ENUM : glDiscardFramebufferEXT: attachments was GL_COLOR_EXT
06-28 13:46:59.019  5306  5351 E chromium: [ERROR:gles2_cmd_decoder.cc(3852)] [.ChromiumCompositor-0xacbb2fc0]GL ERROR :GL_INVALID_ENUM : glDiscardFramebufferEXT: attachments was GL_COLOR_EXT
06-28 13:46:59.039  5306  5351 E chromium: [ERROR:gles2_cmd_decoder.cc(3852)] [.ChromiumCompositor-0xacbb2fc0]GL ERROR :GL_INVALID_ENUM : glDiscardFramebufferEXT: attachments was GL_COLOR_EXT
06-28 13:46:59.064  5306  5351 E chromium: [ERROR:gles2_cmd_decoder.cc(3852)] [.ChromiumCompositor-0xacbb2fc0]GL ERROR :GL_INVALID_ENUM : glDiscardFramebufferEXT: attachments was GL_COLOR_EXT
06-28 13:46:59.073  5306  5351 E chromium: [ERROR:gles2_cmd_decoder.cc(3852)] [.ChromiumCompositor-0xacbb2fc0]GL ERROR :GL_INVALID_ENUM : glDiscardFramebufferEXT: attachments was GL_COLOR_EXT
06-28 13:46:59.087  5306  5351 E chromium: [ERROR:gles2_cmd_decoder.cc(3852)] [.ChromiumCompositor-0xacbb2fc0]GL ERROR :GL_INVALID_ENUM : glDiscardFramebufferEXT: attachments was GL_COLOR_EXT
06-28 13:46:59.107  5306  5351 E chromium: [ERROR:gles2_cmd_decoder.cc(3852)] [.ChromiumCompositor-0xacbb2fc0]GL ERROR :GL_INVALID_ENUM : glDiscardFramebufferEXT: attachments was GL_COLOR_EXT
06-28 13:46:59.120  5306  5351 E chromium: [ERROR:gles2_cmd_decoder.cc(3852)] [.ChromiumCompositor-0xacbb2fc0]GL ERROR :GL_INVALID_ENUM : glDiscardFramebufferEXT: attachments was GL_COLOR_EXT
06-28 13:46:59.138  5306  5351 E chromium: [ERROR:gles2_cmd_decoder.cc(3852)] [.ChromiumCompositor-0xacbb2fc0]GL ERROR :GL_INVALID_ENUM : glDiscardFramebufferEXT: attachments was GL_COLOR_EXT
06-28 13:46:59.153  5306  5351 E chromium: [ERROR:gles2_cmd_decoder.cc(3852)] [.ChromiumCompositor-0xacbb2fc0]GL ERROR :GL_INVALID_ENUM : glDiscardFramebufferEXT: attachments was GL_COLOR_EXT
06-28 13:46:59.169  5306  5351 E chromium: [ERROR:gles2_cmd_decoder.cc(3852)] [.ChromiumCompositor-0xacbb2fc0]GL ERROR :GL_INVALID_ENUM : glDiscardFramebufferEXT: attachments was GL_COLOR_EXT
06-28 13:46:59.185  5306  5351 E chromium: [ERROR:gles2_cmd_decoder.cc(3852)] [.ChromiumCompositor-0xacbb2fc0]GL ERROR :GL_INVALID_ENUM : glDiscardFramebufferEXT: attachments was GL_COLOR_EXT
06-28 13:46:59.202  5306  5351 E chromium: [ERROR:gles2_cmd_decoder.cc(3852)] [.ChromiumCompositor-0xacbb2fc0]GL ERROR :GL_INVALID_ENUM : glDiscardFramebufferEXT: attachments was GL_COLOR_EXT
06-28 13:46:59.218  5306  5351 E chromium: [ERROR:gles2_cmd_decoder.cc(3852)] [.ChromiumCompositor-0xacbb2fc0]GL ERROR :GL_INVALID_ENUM : glDiscardFramebufferEXT: attachments was GL_COLOR_EXT
06-28 13:46:59.239  5306  5351 E chromium: [ERROR:gles2_cmd_decoder.cc(3852)] [.ChromiumCompositor-0xacbb2fc0]GL ERROR :GL_INVALID_ENUM : glDiscardFramebufferEXT: attachments was GL_COLOR_EXT
06-28 13:46:59.255  5306  5351 E chromium: [ERROR:gles2_cmd_decoder.cc(3852)] [.ChromiumCompositor-0xacbb2fc0]GL ERROR :GL_INVALID_ENUM : glDiscardFramebufferEXT: attachments was GL_COLOR_EXT
06-28 13:46:59.271  5306  5351 E chromium: [ERROR:gles2_cmd_decoder.cc(3852)] [.ChromiumCompositor-0xacbb2fc0]GL ERROR :GL_INVALID_ENUM : glDiscardFramebufferEXT: attachments was GL_COLOR_EXT
06-28 13:46:59.288  5306  5351 E chromium: [ERROR:gles2_cmd_decoder.cc(3852)] [.ChromiumCompositor-0xacbb2fc0]GL ERROR :GL_INVALID_ENUM : glDiscardFramebufferEXT: attachments was GL_COLOR_EXT
06-28 13:46:59.309  5306  5351 E chromium: [ERROR:gles2_cmd_decoder.cc(3852)] [.ChromiumCompositor-0xacbb2fc0]GL ERROR :GL_INVALID_ENUM : glDiscardFramebufferEXT: attachments was GL_COLOR_EXT
06-28 13:46:59.333  5306  5351 E chromium: [ERROR:gles2_cmd_decoder.cc(3852)] [.ChromiumCompositor-0xacbb2fc0]GL ERROR :GL_INVALID_ENUM : glDiscardFramebufferEXT: attachments was GL_COLOR_EXT
06-28 13:46:59.355  5306  5351 E chromium: [ERROR:gles2_cmd_decoder.cc(3852)] [.ChromiumCompositor-0xacbb2fc0]GL ERROR :GL_INVALID_ENUM : glDiscardFramebufferEXT: attachments was GL_COLOR_EXT
06-28 13:46:59.362  5306  5351 E chromium: [ERROR:gles2_cmd_decoder.cc(3852)] [.ChromiumCompositor-0xacbb2fc0]GL ERROR :GL_INVALID_ENUM : glDiscardFramebufferEXT: attachments was GL_COLOR_EXT
06-28 13:46:59.376  5306  5351 E chromium: [ERROR:gles2_cmd_decoder.cc(3852)] [.ChromiumCompositor-0xacbb2fc0]GL ERROR :GL_INVALID_ENUM : glDiscardFramebufferEXT: attachments was GL_COLOR_EXT
06-28 13:46:59.388  5306  5351 E chromium: [ERROR:gles2_cmd_decoder.cc(3852)] [.ChromiumCompositor-0xacbb2fc0]GL ERROR :GL_INVALID_ENUM : glDiscardFramebufferEXT: attachments was GL_COLOR_EXT
06-28 13:46:59.409  5306  5351 E chromium: [ERROR:gles2_cmd_decoder.cc(3852)] [.ChromiumCompositor-0xacbb2fc0]GL ERROR :GL_INVALID_ENUM : glDiscardFramebufferEXT: attachments was GL_COLOR_EXT
06-28 13:46:59.422  5306  5351 E chromium: [ERROR:gles2_cmd_decoder.cc(3852)] [.ChromiumCompositor-0xacbb2fc0]GL ERROR :GL_INVALID_ENUM : glDiscardFramebufferEXT: attachments was GL_COLOR_EXT
06-28 13:46:59.436  5306  5351 E chromium: [ERROR:gles2_cmd_decoder.cc(3852)] [.ChromiumCompositor-0xacbb2fc0]GL ERROR :GL_INVALID_ENUM : glDiscardFramebufferEXT: attachments was GL_COLOR_EXT
06-28 13:46:59.453  5306  5351 E chromium: [ERROR:gles2_cmd_decoder.cc(3852)] [.ChromiumCompositor-0xacbb2fc0]GL ERROR :GL_INVALID_ENUM : glDiscardFramebufferEXT: attachments was GL_COLOR_EXT
06-28 13:46:59.472  5306  5351 E chromium: [ERROR:gles2_cmd_decoder.cc(3852)] [.ChromiumCompositor-0xacbb2fc0]GL ERROR :GL_INVALID_ENUM : glDiscardFramebufferEXT: attachments was GL_COLOR_EXT
06-28 13:46:59.493  5306  5351 E chromium: [ERROR:gles2_cmd_decoder.cc(3852)] [.ChromiumCompositor-0xacbb2fc0]GL ERROR :GL_INVALID_ENUM : glDiscardFramebufferEXT: attachments was GL_COLOR_EXT
06-28 13:46:59.518  5306  5351 E chromium: [ERROR:gles2_cmd_decoder.cc(3852)] [.ChromiumCompositor-0xacbb2fc0]GL ERROR :GL_INVALID_ENUM : glDiscardFramebufferEXT: attachments was GL_COLOR_EXT
06-28 13:46:59.528  5306  5351 E chromium: [ERROR:gles2_cmd_decoder.cc(3852)] [.ChromiumCompositor-0xacbb2fc0]GL ERROR :GL_INVALID_ENUM : glDiscardFramebufferEXT: attachments was GL_COLOR_EXT
06-28 13:46:59.543  5306  5351 E chromium: [ERROR:gles2_cmd_decoder.cc(3852)] [.ChromiumCompositor-0xacbb2fc0]GL ERROR :GL_INVALID_ENUM : glDiscardFramebufferEXT: attachments was GL_COLOR_EXT
06-28 13:46:59.556  5306  5351 E chromium: [ERROR:gles2_cmd_decoder.cc(3852)] [.ChromiumCompositor-0xacbb2fc0]GL ERROR :GL_INVALID_ENUM : glDiscardFramebufferEXT: attachments was GL_COLOR_EXT
06-28 13:46:59.573  5306  5351 E chromium: [ERROR:gles2_cmd_decoder.cc(3852)] [.ChromiumCompositor-0xacbb2fc0]GL ERROR :GL_INVALID_ENUM : glDiscardFramebufferEXT: attachments was GL_COLOR_EXT
06-28 13:46:59.589  5306  5351 E chromium: [ERROR:gles2_cmd_decoder.cc(3852)] [.ChromiumCompositor-0xacbb2fc0]GL ERROR :GL_INVALID_ENUM : glDiscardFramebufferEXT: attachments was GL_COLOR_EXT
06-28 13:46:59.603  5306  5351 E chromium: [ERROR:gles2_cmd_decoder.cc(3852)] [.ChromiumCompositor-0xacbb2fc0]GL ERROR :GL_INVALID_ENUM : glDiscardFramebufferEXT: attachments was GL_COLOR_EXT
06-28 13:46:59.619  5306  5351 E chromium: [ERROR:gles2_cmd_decoder.cc(3852)] [.ChromiumCompositor-0xacbb2fc0]GL ERROR :GL_INVALID_ENUM : glDiscardFramebufferEXT: attachments was GL_COLOR_EXT
06-28 13:46:59.636  5306  5351 E chromium: [ERROR:gles2_cmd_decoder.cc(3852)] [.ChromiumCompositor-0xacbb2fc0]GL ERROR :GL_INVALID_ENUM : glDiscardFramebufferEXT: attachments was GL_COLOR_EXT
06-28 13:46:59.652  5306  5351 E chromium: [ERROR:gles2_cmd_decoder.cc(3852)] [.ChromiumCompositor-0xacbb2fc0]GL ERROR :GL_INVALID_ENUM : glDiscardFramebufferEXT: attachments was GL_COLOR_EXT
06-28 13:46:59.673  5306  5351 E chromium: [ERROR:gles2_cmd_decoder.cc(3852)] [.ChromiumCompositor-0xacbb2fc0]GL ERROR :GL_INVALID_ENUM : glDiscardFramebufferEXT: attachments was GL_COLOR_EXT
06-28 13:46:59.704  5306  5351 E chromium: [ERROR:gles2_cmd_decoder.cc(3852)] [.ChromiumCompositor-0xacbb2fc0]GL ERROR :GL_INVALID_ENUM : glDiscardFramebufferEXT: attachments was GL_COLOR_EXT
