--------- beginning of main
06-28 15:21:27.157  3449  3449 E Finsky  : [1] com.google.android.finsky.wear.bl.a(3): onConnectionFailed: ConnectionResult{statusCode=API_UNAVAILABLE, resolution=null, message=null}
--------- beginning of system
06-28 15:21:28.236  4729  4729 E chromium: [ERROR:shell_integration_android.cc(12)] Not implemented reached in static ShellIntegration::DefaultWebClientSetPermission ShellIntegration::CanSetAsDefaultBrowser()
06-28 15:21:28.240  4729  4729 E chromium: [ERROR:browser_process_impl.cc(720)] Not implemented reached in virtual BackgroundModeManager* BrowserProcessImpl::background_mode_manager()
06-28 15:21:28.573  3218   673 E AudioRecord-JNI: Error -4 during AudioRecord native read
06-28 15:21:31.050  4729  4799 E chromium: [ERROR:gles2_cmd_decoder.cc(3852)] [.ChromiumCompositor-0xacbb2fc0]GL ERROR :GL_INVALID_ENUM : glDiscardFramebufferEXT: attachments was GL_COLOR_EXT
06-28 15:21:31.365  4821  4834 E WPROF   : {"CSS": {"url": "http://searchengineland.com/figz/wp-content/themes/searchengineland/css/searchengineland-bootstrap.css", "requestTime": 24368.420428}}
06-28 15:21:31.367  4821  4834 E WPROF   : {"CSS": {"url": "http://fonts.googleapis.com/css?family=Oswald:300,400,700", "requestTime": 24368.422379}}
06-28 15:21:31.369  4821  4834 E WPROF   : {"CSS": {"url": "http://searchengineland.com/figz/wp-content/themes/searchengineland/style.css", "requestTime": 24368.425152}}
06-28 15:21:31.381  4821  4834 E WPROF   : {"Javascript": {"url": "http://searchengineland.com/figz/wp-content/themes/searchengineland/js/lib/modernizr.custom.js?ver=1.0", "requestTime": 24368.436778}}
06-28 15:21:31.383  4821  4834 E WPROF   : {"Javascript": {"url": "http://searchengineland.com/figz/wp-content/themes/searchengineland/js/lib/jquery-1.11.0.min.js?ver=1.11.0", "requestTime": 24368.438975}}
06-28 15:21:31.385  4821  4834 E WPROF   : {"Javascript": {"url": "http://searchengineland.com/figz/wp-content/themes/searchengineland/js/lib/jquery-ui-1.10.3.custom.min.js?ver=1.10.3", "requestTime": 24368.440738}}
06-28 15:21:31.386  4821  4834 E WPROF   : {"Javascript": {"url": "http://searchengineland.com/figz/wp-content/themes/searchengineland/js/lib/jquery.ba-throttle-debounce.min.js?ver=1.1", "requestTime": 24368.441516}}
06-28 15:21:31.387  4821  4834 E WPROF   : {"Javascript": {"url": "http://searchengineland.com/figz/wp-content/themes/searchengineland/js/lib/jquery.countdown.min.js?ver=2.0.4", "requestTime": 24368.442324}}
06-28 15:21:31.389  4821  4834 E WPROF   : {"Javascript": {"url": "http://static.chartbeat.com/js/chartbeat_mab.js", "requestTime": 24368.444253}}
06-28 15:21:31.969  4821  4834 E WPROF   : {"Javascript": {"url": "http://searchengineland.com/figz/wp-includes/js/wp-emoji-release.min.js?ver=4.7.5", "requestTime": 24369.025109}}
06-28 15:21:32.268  4821  4834 E WPROF   : {"Javascript": {"url": "http://www.googletagservices.com/tag/js/gpt.js", "requestTime": 24369.323488}}
06-28 15:21:32.275  4821  4834 E WPROF   : {"Javascript": {"url": "https://www.google-analytics.com/analytics.js", "requestTime": 24369.330506}}
06-28 15:21:32.278  4821  4834 E WPROF   : {"Javascript": {"url": "http://edge.quantserve.com/quant.js", "requestTime": 24369.333513}}
06-28 15:21:32.280  4821  4834 E WPROF   : {"Javascript": {"url": "https://connect.facebook.net/en_US/fbevents.js", "requestTime": 24369.335346}}
06-28 15:21:32.337  4729  4799 E chromium: [ERROR:gles2_cmd_decoder.cc(3852)] [.ChromiumCompositor-0xacbb2fc0]GL ERROR :GL_INVALID_ENUM : glDiscardFramebufferEXT: attachments was GL_COLOR_EXT
06-28 15:21:32.373  4821  4834 E WPROF   : {"Javascript": {"url": "http://app-sj02.marketo.com/js/forms2/js/forms2.min.js", "requestTime": 24369.428583}}
06-28 15:21:32.480  4729  4799 E chromium: [ERROR:gles2_cmd_decoder.cc(3852)] [.ChromiumCompositor-0xacbb2fc0]GL ERROR :GL_INVALID_ENUM : glDiscardFramebufferEXT: attachments was GL_COLOR_EXT
06-28 15:21:32.500  4821  4834 E WPROF   : {"Javascript": {"url": "https://connect.facebook.net/signals/config/423979991297359?v=2.7.17", "requestTime": 24369.556090}}
06-28 15:21:32.505  4821  4834 E WPROF   : {"Javascript": {"url": "https://securepubads.g.doubleclick.net/gpt/pubads_impl_121.js", "requestTime": 24369.560856}}
06-28 15:21:32.666  4821  4834 E WPROF   : {"Javascript": {"url": "http://app-sj02.marketo.com/index.php/form/getForm?munchkinId=727-ZQE-044&form=5691&url=http%3A%2F%2Fsearchengineland.com%2Fpull-live-inventory-data-product-database-place-search-ad-copy-261479&callback=jQuery110205004114098846912_1498630892591&_=1498630892592", "requestTime": 24369.722102}}
06-28 15:21:32.683  4821  4834 E WPROF   : {"Javascript": {"url": "http://app-sj02.marketo.com/index.php/form/getForm?munchkinId=727-ZQE-044&form=5685&url=http%3A%2F%2Fsearchengineland.com%2Fpull-live-inventory-data-product-database-place-search-ad-copy-261479&callback=jQuery110205004114098846912_1498630892593&_=1498630892594", "requestTime": 24369.738637}}
06-28 15:21:32.948  4821  4834 E WPROF   : {"Javascript": {"url": "http://app-sj02.marketo.com/index.php/form/getForm?munchkinId=727-ZQE-044&form=5673&url=http%3A%2F%2Fsearchengineland.com%2Fpull-live-inventory-data-product-database-place-search-ad-copy-261479&callback=jQuery110205004114098846912_1498630892595&_=1498630892596", "requestTime": 24370.003272}}
06-28 15:21:32.956  4729  4799 E chromium: [ERROR:gles2_cmd_decoder.cc(3852)] [.ChromiumCompositor-0xacbb2fc0]GL ERROR :GL_INVALID_ENUM : glDiscardFramebufferEXT: attachments was GL_COLOR_EXT
06-28 15:21:32.969  4821  4834 E WPROF   : {"Javascript": {"url": "http://searchengineland.com/js/ga_social_tracking.js", "requestTime": 24370.024330}}
06-28 15:21:32.976  4821  4834 E WPROF   : {"Javascript": {"url": "http://s7.addthis.com/js/300/addthis_widget.js#pubid=ra-53e918f660794f37", "requestTime": 24370.031626}}
06-28 15:21:33.392  4821  4834 E WPROF   : {"Javascript": {"url": "http://cdn.api.twitter.com/1/users/show.json?screen_name=JasonAPuckett&callback=twttr.setFollowersCount", "requestTime": 24370.448129}}
06-28 15:21:33.548  4729  4799 E chromium: [ERROR:gles2_cmd_decoder.cc(3852)] [.ChromiumCompositor-0xacbb2fc0]GL ERROR :GL_INVALID_ENUM : glDiscardFramebufferEXT: attachments was GL_COLOR_EXT
06-28 15:21:33.792   862  1657 E LocSvc_IzatApiV02: E/virtual int izat_core::IzatApiV02::getBatchSize(int32_t):522]: Error : st = 4, ind.status = -1628389555
06-28 15:21:33.792   862  1657 E LocSvc_IzatApiV02: E/virtual int izat_core::IzatApiV02::getBatchSize(int32_t):535]: get batching size failed.Or modem does not support batching 
06-28 15:21:33.801   862  1657 E LocSvc_IzatApiV02: E/virtual int izat_core::IzatApiV02::getBatchSize(int32_t):522]: Error : st = 4, ind.status = -1628389555
06-28 15:21:33.801   862  1657 E LocSvc_IzatApiV02: E/virtual int izat_core::IzatApiV02::getBatchSize(int32_t):535]: get batching size failed.Or modem does not support batching 
06-28 15:21:33.831   862  1657 E LocSvc_IzatApiV02: E/virtual int izat_core::IzatApiV02::getBatchSize(int32_t):522]: Error : st = 4, ind.status = -1628389555
06-28 15:21:33.831   862  1657 E LocSvc_IzatApiV02: E/virtual int izat_core::IzatApiV02::getBatchSize(int32_t):535]: get batching size failed.Or modem does not support batching 
06-28 15:21:33.843   862  1657 E LocSvc_IzatApiV02: E/virtual int izat_core::IzatApiV02::getBatchSize(int32_t):522]: Error : st = 4, ind.status = -1628389555
06-28 15:21:33.843   862  1657 E LocSvc_IzatApiV02: E/virtual int izat_core::IzatApiV02::getBatchSize(int32_t):535]: get batching size failed.Or modem does not support batching 
06-28 15:21:34.059  4821  4834 E WPROF   : {"Javascript": {"url": "https://securepubads.g.doubleclick.net/gampad/ads?gdfp_req=1&correlator=1751264569327616&output=json_html&callback=googletag.impl.pubads.callbackProxy1&impl=fifs&json_a=1&eid=108809080%2C108809107&sc=0&sfv=1-0-9&iu_parts=1038259%2Csel-ciu-1%2Csel-ciu-2%2Csel-ciu-3%2Csel-ciu-4%2Csel-ciu-5%2Cch-retail", "requestTime": 24371.114818}}
06-28 15:21:34.078  4821  4834 E WPROF   : {"CSS": {"url": "http://app-sj02.marketo.com/js/forms2/css/forms2.css", "requestTime": 24371.134191}}
06-28 15:21:34.082  4821  4834 E WPROF   : {"CSS": {"url": "http://app-sj02.marketo.com/js/forms2/css/forms2-theme-simple.css", "requestTime": 24371.137281}}
06-28 15:21:34.117  4821  4834 E WPROF   : {"Javascript": {"url": "https://static.xx.fbcdn.net/rsrc.php/v3iy6L4/yF/l/ko_KR/w3AiswiqjrJ.js", "requestTime": 24371.172536}}
06-28 15:21:34.229  4729  4799 E chromium: [ERROR:gles2_cmd_decoder.cc(3852)] [.ChromiumCompositor-0xacbb2fc0]GL ERROR :GL_INVALID_ENUM : glDiscardFramebufferEXT: attachments was GL_COLOR_EXT
06-28 15:21:34.750  4821  4834 E WPROF   : {"Javascript": {"url": "http://platform.twitter.com/widgets.js", "requestTime": 24371.805358}}
06-28 15:21:34.752  4821  4834 E WPROF   : {"Javascript": {"url": "http://connect.facebook.net/en_US/sdk.js", "requestTime": 24371.807248}}
06-28 15:21:34.753  4821  4834 E WPROF   : {"Javascript": {"url": "https://apis.google.com/js/platform.js", "requestTime": 24371.808874}}
06-28 15:21:34.796  4821  4834 E WPROF   : {"Javascript": {"url": "http://rules.quantcount.com/rules-p-5aGizvD82d9hk.js", "requestTime": 24371.851367}}
06-28 15:21:34.799  4821  4834 E WPROF   : {"Javascript": {"url": "http://munchkin.marketo.net/munchkin.js", "requestTime": 24371.854316}}
06-28 15:21:34.946  4821  4834 E WPROF   : {"CSS": {"url": "https://www.youtube.com/yts/cssbin/www-embed-player-sprite-mode-vfl5G4Xm8.css", "requestTime": 24372.001715}}
06-28 15:21:34.948  4821  4834 E WPROF   : {"Javascript": {"url": "https://www.youtube.com/yts/jsbin/www-embed-player-vfl_UY_j8/www-embed-player.js", "requestTime": 24372.003604}}
06-28 15:21:34.948  4821  4834 E WPROF   : {"Javascript": {"url": "https://www.youtube.com/yts/jsbin/player-vflo1w4O-/ko_KR/base.js", "requestTime": 24372.004094}}
06-28 15:21:34.978  4729  4799 E chromium: [ERROR:gles2_cmd_decoder.cc(3852)] [.ChromiumCompositor-0xacbb2fc0]GL ERROR :GL_INVALID_ENUM : glDiscardFramebufferEXT: attachments was GL_COLOR_EXT
06-28 15:21:35.039  4821  4834 E WPROF   : {"Javascript": {"url": "http://d2j3qa5nc37287.cloudfront.net/coupon_code1.js", "requestTime": 24372.094550}}
06-28 15:21:35.041  4821  4834 E WPROF   : {"Javascript": {"url": "http://www.googleadservices.com/pagead/conversion.js", "requestTime": 24372.096773}}
06-28 15:21:35.042  4821  4834 E WPROF   : {"Javascript": {"url": "http://searchengineland.com/figz/wp-content/themes/searchengineland/js/script.js?ver=1.0", "requestTime": 24372.097740}}
06-28 15:21:35.042  4821  4834 E WPROF   : {"Javascript": {"url": "http://searchengineland.com/figz/wp-includes/js/wp-embed.min.js?ver=4.7.5", "requestTime": 24372.098115}}
06-28 15:21:35.044  4821  4834 E WPROF   : {"Javascript": {"url": "http://searchengineland.com/figz/wp-content/themes/searchengineland/js/modules/sharing_controls.js", "requestTime": 24372.099251}}
06-28 15:21:35.449  4821  4834 E WPROF   : {"Javascript": {"url": "http://dnn506yrbagrg.cloudfront.net/pages/scripts/0026/4062.js?416286", "requestTime": 24372.504218}}
06-28 15:21:35.490  4729  4799 E chromium: [ERROR:gles2_cmd_decoder.cc(3852)] [.ChromiumCompositor-0xacbb2fc0]GL ERROR :GL_INVALID_ENUM : glDiscardFramebufferEXT: attachments was GL_COLOR_EXT
06-28 15:21:36.303  4821  4834 E WPROF   : {"Javascript": {"url": "http://m.addthisedge.com/live/boost/ra-53e918f660794f37/_ate.track.config_resp", "requestTime": 24373.358324}}
06-28 15:21:36.357  4821  4834 E WPROF   : {"Javascript": {"url": "http://m.addthis.com/live/red_lojson/300lo.json?si=59534aee28366e35&bkl=0&bl=1&pdt=2031&sid=59534aee28366e35&pub=ra-53e918f660794f37&rev=v7.15.4-wp&ln=ko&pc=men&cb=0&ab=-&dp=searchengineland.com&fp=pull-live-inventory-data-product-database-place-search-ad-copy-261479&fr=&of=0&pd=0&irt=0&vcl=0&md=0&c", "requestTime": 24373.413132}}
06-28 15:21:36.714  4729  4799 E chromium: [ERROR:gles2_cmd_decoder.cc(3852)] [.ChromiumCompositor-0xacbb2fc0]GL ERROR :GL_INVALID_ENUM : glDiscardFramebufferEXT: attachments was GL_COLOR_EXT
06-28 15:21:37.831  4821  4834 E WPROF   : {"Javascript": {"url": "https://www.google.com/js/bg/KWBfAnWFESAEEaKKgdYlTHY9ysQaNoQuzeMFqvxDSM8.js", "requestTime": 24374.886850}}
06-28 15:21:37.833  4821  4834 E WPROF   : {"Javascript": {"url": "https://static.doubleclick.net/instream/ad_status.js", "requestTime": 24374.888948}}
06-28 15:21:38.021  4729  4799 E chromium: [ERROR:gles2_cmd_decoder.cc(3852)] [.ChromiumCompositor-0xacbb2fc0]GL ERROR :GL_INVALID_ENUM : glDiscardFramebufferEXT: attachments was GL_COLOR_EXT
06-28 15:21:38.160  4729  4799 E chromium: [ERROR:gles2_cmd_decoder.cc(3852)] [.ChromiumCompositor-0xacbb2fc0]GL ERROR :GL_INVALID_ENUM : glDiscardFramebufferEXT: attachments was GL_COLOR_EXT
06-28 15:21:38.625  4729  4799 E chromium: [ERROR:gles2_cmd_decoder.cc(3852)] [.ChromiumCompositor-0xacbb2fc0]GL ERROR :GL_INVALID_ENUM : glDiscardFramebufferEXT: attachments was GL_COLOR_EXT
06-28 15:21:39.033  4821  4834 E WPROF   : {"Javascript": {"url": "https://tpc.googlesyndication.com/pagead/js/r20170619/r20110914/client/ext/m_window_focus_non_hydra.js", "requestTime": 24376.089108}}
06-28 15:21:39.036  4821  4834 E WPROF   : {"Javascript": {"url": "https://tpc.googlesyndication.com/pagead/js/r20170619/r20110914/activeview/osd_listener.js", "requestTime": 24376.091411}}
06-28 15:21:39.040  4821  4834 E WPROF   : {"Javascript": {"url": "http://pagead2.googlesyndication.com/pagead/osd.js", "requestTime": 24376.095987}}
06-28 15:21:39.403  4821  4834 E WPROF   : {"Javascript": {"url": "https://platform.twitter.com/js/button.b731e6c82269f70f6fc53634e044a4c6.js", "requestTime": 24376.458701}}
06-28 15:21:39.409  4821  4834 E WPROF   : {"Javascript": {"url": "http://munchkin.marketo.net/151/munchkin.js", "requestTime": 24376.465118}}
06-28 15:21:39.420  4821  4834 E WPROF   : {"Javascript": {"url": "http://www.justuno.com/ajax/account_version_check.html?id=828FA275-FF73-401E-AA39-40F5A6FAB6B1", "requestTime": 24376.476182}}
06-28 15:21:39.634  4821  4834 E WPROF   : {"Javascript": {"url": "http://s7.addthis.com/static/layers.4acb6c577b51939661ec.js", "requestTime": 24376.689569}}
06-28 15:21:39.720  4729  4799 E chromium: [ERROR:gles2_cmd_decoder.cc(3852)] [.ChromiumCompositor-0xacbb2fc0]GL ERROR :GL_INVALID_ENUM : glDiscardFramebufferEXT: attachments was GL_COLOR_EXT
06-28 15:21:40.017  4729  4799 E chromium: [ERROR:gles2_cmd_decoder.cc(3852)] [.ChromiumCompositor-0xacbb2fc0]GL ERROR :GL_INVALID_ENUM : glDiscardFramebufferEXT: attachments was GL_COLOR_EXT
06-28 15:21:40.182  4729  4799 E chromium: [ERROR:gles2_cmd_decoder.cc(3852)] [.ChromiumCompositor-0xacbb2fc0]GL ERROR :GL_INVALID_ENUM : glDiscardFramebufferEXT: attachments was GL_COLOR_EXT
06-28 15:21:40.318  4729  4799 E chromium: [ERROR:gles2_cmd_decoder.cc(3852)] [.ChromiumCompositor-0xacbb2fc0]GL ERROR :GL_INVALID_ENUM : glDiscardFramebufferEXT: attachments was GL_COLOR_EXT
06-28 15:21:40.448  4821  4834 E WPROF   : {"Javascript": {"url": "https://app-sj02.marketo.com/js/forms2/js/forms2.min.js", "requestTime": 24377.503885}}
06-28 15:21:40.472  4729  4799 E chromium: [ERROR:gles2_cmd_decoder.cc(3852)] [.ChromiumCompositor-0xacbb2fc0]GL ERROR :GL_INVALID_ENUM : glDiscardFramebufferEXT: attachments was GL_COLOR_EXT
06-28 15:21:40.537  4729  4799 E chromium: [ERROR:gles2_cmd_decoder.cc(3852)] [.ChromiumCompositor-0xacbb2fc0]GL ERROR :GL_INVALID_ENUM : glDiscardFramebufferEXT: attachments was GL_COLOR_EXT
06-28 15:21:42.773  4821  4834 E WPROF   : {"Javascript": {"url": "http://cdn.justuno.com/mwgt_3.6.js", "requestTime": 24379.829197}}
06-28 15:21:42.983  4729  4799 E chromium: [ERROR:gles2_cmd_decoder.cc(3852)] [.ChromiumCompositor-0xacbb2fc0]GL ERROR :GL_INVALID_ENUM : glDiscardFramebufferEXT: attachments was GL_COLOR_EXT
06-28 15:21:43.036  4729  4799 E chromium: [ERROR:gles2_cmd_decoder.cc(3852)] [.ChromiumCompositor-0xacbb2fc0]GL ERROR :GL_INVALID_ENUM : glDiscardFramebufferEXT: attachments was GL_COLOR_EXT
06-28 15:21:43.576  4729  4799 E chromium: [ERROR:gles2_cmd_decoder.cc(3852)] [.ChromiumCompositor-0xacbb2fc0]GL ERROR :GL_INVALID_ENUM : glDiscardFramebufferEXT: attachments was GL_COLOR_EXT
06-28 15:21:43.877  4729  4799 E chromium: [ERROR:gles2_cmd_decoder.cc(3852)] [.ChromiumCompositor-0xacbb2fc0]GL ERROR :GL_INVALID_ENUM : glDiscardFramebufferEXT: attachments was GL_COLOR_EXT
06-28 15:21:44.241  4821  4834 E WPROF   : {"Javascript": {"url": "https://cdn.syndication.twimg.com/widgets/followbutton/info.json?callback=__twttr.setFollowersCountAndFollowing&lang=en&screen_names=sengineland", "requestTime": 24381.296666}}
06-28 15:21:44.665  4729  4799 E chromium: [ERROR:gles2_cmd_decoder.cc(3852)] [.ChromiumCompositor-0xacbb2fc0]GL ERROR :GL_INVALID_ENUM : glDiscardFramebufferEXT: attachments was GL_COLOR_EXT
06-28 15:21:44.729  4821  4834 E WProf.db: {"page": "searchengineland.com_pull-live-inventory-data-product-database-place-search-ad-copy-261479"}
06-28 15:21:44.730  4821  4834 E WProf.db: {"DOMLoad": 24381.785235}
06-28 15:21:44.730  4821  4834 E WProf.db: {"Resource": {"id": 1, "url": "http://searchengineland.com/pull-live-inventory-data-product-database-place-search-ad-copy-261479", "sentTime": -1.000000, "len": 101779, "from": "0x0", "mimeType": "text/html", "contentLength": -1, "httpStatus": 200, "connId": 19, "connReused": 1, "cached": 0,"requestTime": 24368.004150, "proxyStart": -1, "proxyEnd": -1, "dnsStart": -1, "dnsEnd": -1, "connectStart": 0, "connectEnd": 76, "sendStart": 76, "sendEnd": 77, "receiveHeadersEnd": 278, "sslStart": -1, "sslEnd": -1}}
06-28 15:21:44.730  4821  4834 E WProf.db: {"ReceivedChunk": {"receivedTime": 24368.302688, "len": 12724}}
06-28 15:21:44.730  4821  4834 E WProf.db: {"ReceivedChunk": {"receivedTime": 24368.391203, "len": 32768}}
06-28 15:21:44.730  4821  4834 E WProf.db: {"ReceivedChunk": {"receivedTime": 24368.392546, "len": 24182}}
06-28 15:21:44.730  4821  4834 E WProf.db: {"ReceivedChunk": {"receivedTime": 24368.465504, "len": 5691}}
06-28 15:21:44.730  4821  4834 E WProf.db: {"ReceivedChunk": {"receivedTime": 24368.468077, "len": 26414}}
06-28 15:21:44.730  4821  4834 E WProf.db: {"WprofHTMLTag": {"code": "0xaeddd570", "doc": "http://searchengineland.com/pull-live-inventory-data-product-database-place-search-ad-copy-261479", "row": 6, "column": 42, "tagName": "html", "time": 24368.395683, "url": "", "pos": 1, "chunkLen": 1, "isStartTag": 1}}
06-28 15:21:44.730  4821  4834 E WProf.db: {"WprofHTMLTag": {"code": "0xaf047850", "doc": "http://searchengineland.com/pull-live-inventory-data-product-database-place-search-ad-copy-261479", "row": 7, "column": 6, "tagName": "head", "time": 24368.396673, "url": "", "pos": 1, "chunkLen": 1, "isStartTag": 1}}
06-28 15:21:44.730  4821  4834 E WProf.db: {"WprofHTMLTag": {"code": "0xaf047880", "doc": "http://searchengineland.com/pull-live-inventory-data-product-database-place-search-ad-copy-261479", "row": 8, "column": 54, "tagName": "meta", "time": 24368.396919, "url": "", "pos": 1, "chunkLen": 1, "isStartTag": 1}}
06-28 15:21:44.730  4821  4834 E WProf.db: {"WprofHTMLTag": {"code": "0xaf0478b0", "doc": "http://searchengineland.com/pull-live-inventory-data-product-database-place-search-ad-copy-261479", "row": 9, "column": 68, "tagName": "meta", "time": 24368.397575, "url": "", "pos": 1, "chunkLen": 1, "isStartTag": 1}}
06-28 15:21:44.730  4821  4834 E WProf.db: {"WprofHTMLTag": {"code": "0xaf0478e0", "doc": "http://searchengineland.com/pull-live-inventory-data-product-database-place-search-ad-copy-261479", "row": 10, "column": 23, "tagName": "meta", "time": 24368.398120, "url": "", "pos": 1, "chunkLen": 1, "isStartTag": 1}}
06-28 15:21:44.730  4821  4834 E WProf.db: {"WprofHTMLTag": {"code": "0xaf047910", "doc": "http://searchengineland.com/pull-live-inventory-data-product-database-place-search-ad-copy-261479", "row": 11, "column": 52, "tagName": "meta", "time": 24368.398757, "url": "", "pos": 1, "chunkLen": 1, "isStartTag": 1}}
06-28 15:21:44.730  4821  4834 E WProf.db: {"WprofHTMLTag": {"code": "0xaf047940", "doc": "http://searchengineland.com/pull-live-inventory-data-product-database-place-search-ad-copy-261479", "row": 14, "column": 56, "tagName": "meta", "time": 24368.399353, "url": "", "pos": 1, "chunkLen": 1, "isStartTag": 1}}
06-28 15:21:44.730  4821  4834 E WProf.db: {"WprofHTMLTag": {"code": "0xaf047970", "doc": "http://searchengineland.com/pull-live-inventory-data-product-database-place-search-ad-copy-261479", "row": 15, "column": 83, "tagName": "meta", "time": 24368.402713, "url": "", "pos": 1, "chunkLen": 1, "isStartTag": 1}}
06-28 15:21:44.731  4821  4834 E WProf.db: {"WprofHTMLTag": {"code": "0xaf0479a0", "doc": "http://searchengineland.com/pull-live-inventory-data-product-database-place-search-ad-copy-261479", "row": 16, "column": 57, "tagName": "meta", "time": 24368.403268, "url": "", "pos": 1, "chunkLen": 1, "isStartTag": 1}}
06-28 15:21:44.731  4821  4834 E WProf.db: {"WprofHTMLTag": {"code": "0xaf047a30", "doc": "http://searchengineland.com/pull-live-inventory-data-product-database-place-search-ad-copy-261479", "row": 17, "column": 41, "tagName": "meta", "time": 24368.403821, "url": "", "pos": 1, "chunkLen": 1, "isStartTag": 1}}
06-28 15:21:44.731  4821  4834 E WProf.db: {"WprofHTMLTag": {"code": "0xaf047a60", "doc": "http://searchengineland.com/pull-live-inventory-data-product-database-place-search-ad-copy-261479", "row": 18, "column": 50, "tagName": "meta", "time": 24368.404336, "url": "", "pos": 1, "chunkLen": 1, "isStartTag": 1}}
06-28 15:21:44.731  4821  4834 E WProf.db: {"WprofHTMLTag": {"code": "0xaf047a90", "doc": "http://searchengineland.com/pull-live-inventory-data-product-database-place-search-ad-copy-261479", "row": 19, "column": 174, "tagName": "meta", "time": 24368.404829, "url": "", "pos": 1, "chunkLen": 1, "isStartTag": 1}}
06-28 15:21:44.731  4821  4834 E WProf.db: {"WprofHTMLTag": {"code": "0xaf047a00", "doc": "http://searchengineland.com/pull-live-inventory-data-product-database-place-search-ad-copy-261479", "row": 20, "column": 47, "tagName": "meta", "time": 24368.405334, "url": "", "pos": 1, "chunkLen": 1, "isStartTag": 1}}
06-28 15:21:44.731  4821  4834 E WProf.db: {"WprofHTMLTag": {"code": "0xaf0479d0", "doc": "http://searchengineland.com/pull-live-inventory-data-product-database-place-search-ad-copy-261479", "row": 21, "column": 67, "tagName": "meta", "time": 24368.405821, "url": "", "pos": 1, "chunkLen": 1, "isStartTag": 1}}
06-28 15:21:44.731  4821  4834 E WProf.db: {"WprofHTMLTag": {"code": "0xaf047ac0", "doc": "http://searchengineland.com/pull-live-inventory-data-product-database-place-search-ad-copy-261479", "row": 22, "column": 57, "tagName": "meta", "time": 24368.406355, "url": "", "pos": 1, "chunkLen": 1, "isStartTag": 1}}
06-28 15:21:44.731  4821  4834 E WProf.db: {"WprofHTMLTag": {"code": "0xaf047af0", "doc": "http://searchengineland.com/pull-live-inventory-data-product-database-place-search-ad-copy-261479", "row": 23, "column": 65, "tagName": "meta", "time": 24368.406870, "url": "", "pos": 1, "chunkLen": 1, "isStartTag": 1}}
06-28 15:21:44.731  4821  4834 E WProf.db: {"WprofHTMLTag": {"code": "0xaf047b20", "doc": "http://searchengineland.com/pull-live-inventory-data-product-database-place-search-ad-copy-261479", "row": 24, "column": 55, "tagName": "meta", "time": 24368.407358, "url": "", "pos": 1, "chunkLen": 1, "isStartTag": 1}}
06-28 15:21:44.731  4821  4834 E WProf.db: {"WprofHTMLTag": {"code": "0xaf047b50", "doc": "http://searchengineland.com/pull-live-inventory-data-product-database-place-search-ad-copy-261479", "row": 25, "column": 71, "tagName": "meta", "time": 24368.407889, "url": "", "pos": 1, "chunkLen": 1, "isStartTag": 1}}
06-28 15:21:44.731  4821  4834 E WProf.db: {"WprofHTMLTag": {"code": "0xaf047b80", "doc": "http://searchengineland.com/pull-live-inventory-data-product-database-place-search-ad-copy-261479", "row": 26, "column": 86, "tagName": "meta", "time": 24368.408399, "url": "", "pos": 1, "chunkLen": 1, "isStartTag": 1}}
06-28 15:21:44.731  4821  4834 E WProf.db: {"WprofHTMLTag": {"code": "0xaf047bb0", "doc": "http://searchengineland.com/pull-live-inventory-data-product-database-place-search-ad-copy-261479", "row": 27, "column": 54, "tagName": "meta", "time": 24368.408942, "url": "", "pos": 1, "chunkLen": 1, "isStartTag": 1}}
06-28 15:21:44.731  4821  4834 E WProf.db: {"WprofHTMLTag": {"code": "0xaf047be0", "doc": "http://searchengineland.com/pull-live-inventory-data-product-database-place-search-ad-copy-261479", "row": 29, "column": 146, "tagName": "meta", "time": 24368.409443, "url": "", "pos": 1, "chunkLen": 1, "isStartTag": 1}}
06-28 15:21:44.731  4821  4834 E WProf.db: {"WprofHTMLTag": {"code": "0xaf047c10", "doc": "http://searchengineland.com/pull-live-inventory-data-product-database-place-search-ad-copy-261479", "row": 30, "column": 208, "tagName": "meta", "time": 24368.409927, "url": "", "pos": 1, "chunkLen": 1, "isStartTag": 1}}
06-28 15:21:44.731  4821  4834 E WProf.db: {"WprofHTMLTag": {"code": "0xaf047c40", "doc": "http://searchengineland.com/pull-live-inventory-data-product-database-place-search-ad-copy-261479", "row": 31, "column": 55, "tagName": "meta", "time": 24368.412613, "url": "", "pos": 1, "chunkLen": 1, "isStartTag": 1}}
06-28 15:21:44.732  4821  4834 E WProf.db: {"WprofHTMLTag": {"code": "0xaf047c70", "doc": "http://searchengineland.com/pull-live-inventory-data-product-database-place-search-ad-copy-261479", "row": 32, "column": 54, "tagName": "meta", "time": 24368.415207, "url": "", "pos": 1, "chunkLen": 1, "isStartTag": 1}}
06-28 15:21:44.732  4821  4834 E WProf.db: {"WprofHTMLTag": {"code": "0xaf047ca0", "doc": "http://searchengineland.com/pull-live-inventory-data-product-database-place-search-ad-copy-261479", "row": 33, "column": 142, "tagName": "meta", "time": 24368.415763, "url": "", "pos": 1, "chunkLen": 1, "isStartTag": 1}}
06-28 15:21:44.732  4821  4834 E WProf.db: {"WprofHTMLTag": {"code": "0xaf047cd0", "doc": "http://searchengineland.com/pull-live-inventory-data-product-database-place-search-ad-copy-261479", "row": 37, "column": 36, "tagName": "script", "time": 24368.416268, "url": "", "pos": 1, "chunkLen": 1, "isStartTag": 1}}
06-28 15:21:44.732  4821  4834 E WProf.db: {"WprofHTMLTag": {"code": "0xaf047d00", "doc": "http://searchengineland.com/pull-live-inventory-data-product-database-place-search-ad-copy-261479", "row": 53, "column": 10, "tagName": "script", "time": 24368.417988, "url": "", "pos": 1, "chunkLen": 1, "isStartTag": 0}}
06-28 15:21:44.732  4821  4834 E WProf.db: {"WprofHTMLTag": {"code": "0xaeddd660", "doc": "http://searchengineland.com/pull-live-inventory-data-product-database-place-search-ad-copy-261479", "row": 55, "column": 86, "tagName": "link", "time": 24368.418655, "url": "http://searchengineland.com/apple-touch-icon.png", "pos": 1, "chunkLen": 1, "isStartTag": 1}}
06-28 15:21:44.732  4821  4834 E WProf.db: {"WprofHTMLTag": {"code": "0xaf047d30", "doc": "http://searchengineland.com/pull-live-inventory-data-product-database-place-search-ad-copy-261479", "row": 56, "column": 76, "tagName": "link", "time": 24368.419057, "url": "http://searchengineland.com/favicon.ico", "pos": 1, "chunkLen": 1, "isStartTag": 1}}
06-28 15:21:44.732  4821  4834 E WProf.db: {"WprofHTMLTag": {"code": "0xaf047d60", "doc": "http://searchengineland.com/pull-live-inventory-data-product-database-place-search-ad-copy-261479", "row": 57, "column": 158, "tagName": "link", "time": 24368.419296, "url": "http://feeds.searchengineland.com/searchengineland", "pos": 1, "chunkLen": 1, "isStartTag": 1}}
06-28 15:21:44.732  4821  4834 E WProf.db: {"WprofHTMLTag": {"code": "0xaf047d90", "doc": "http://searchengineland.com/pull-live-inventory-data-product-database-place-search-ad-copy-261479", "row": 58, "column": 149, "tagName": "link", "time": 24368.419682, "url": "http://feeds.searchengineland.com/searchcap", "pos": 1, "chunkLen": 1, "isStartTag": 1}}
06-28 15:21:44.732  4821  4834 E WProf.db: {"WprofHTMLTag": {"code": "0xaf047dc0", "doc": "http://searchengineland.com/pull-live-inventory-data-product-database-place-search-ad-copy-261479", "row": 59, "column": 150, "tagName": "link", "time": 24368.420121, "url": "http://searchengineland.com/figz/wp-content/themes/searchengineland/css/searchengineland-bootstrap.css", "pos": 1, "chunkLen": 1, "isStartTag": 1}}
06-28 15:21:44.732  4821  4834 E WProf.db: {"WprofHTMLTag": {"code": "0xaf047e20", "doc": "http://searchengineland.com/pull-live-inventory-data-product-database-place-search-ad-copy-261479", "row": 60, "column": 105, "tagName": "link", "time": 24368.420685, "url": "http://fonts.googleapis.com/css?family=Oswald:300,400,700", "pos": 1, "chunkLen": 1, "isStartTag": 1}}
06-28 15:21:44.732  4821  4834 E WProf.db: {"WprofHTMLTag": {"code": "0xaf047e80", "doc": "http://searchengineland.com/pull-live-inventory-data-product-database-place-search-ad-copy-261479", "row": 61, "column": 125, "tagName": "link", "time": 24368.424644, "url": "http://searchengineland.com/figz/wp-content/themes/searchengineland/style.css", "pos": 1, "chunkLen": 1, "isStartTag": 1}}
06-28 15:21:44.732  4821  4834 E WProf.db: {"WprofHTMLTag": {"code": "0xaf047ee0", "doc": "http://searchengineland.com/pull-live-inventory-data-product-database-place-search-ad-copy-261479", "row": 65, "column": 7, "tagName": "title", "time": 24368.425456, "url": "", "pos": 1, "chunkLen": 1, "isStartTag": 1}}
06-28 15:21:44.732  4821  4834 E WProf.db: {"WprofHTMLTag": {"code": "0xaf047f10", "doc": "http://searchengineland.com/pull-live-inventory-data-product-database-place-search-ad-copy-261479", "row": 65, "column": 102, "tagName": "title", "time": 24368.426576, "url": "", "pos": 1, "chunkLen": 1, "isStartTag": 0}}
06-28 15:21:44.733  4821  4834 E WProf.db: {"WprofHTMLTag": {"code": "0xaf047f40", "doc": "http://searchengineland.com/pull-live-inventory-data-product-database-place-search-ad-copy-261479", "row": 66, "column": 205, "tagName": "meta", "time": 24368.426601, "url": "", "pos": 1, "chunkLen": 1, "isStartTag": 1}}
06-28 15:21:44.733  4821  4834 E WProf.db: {"WprofHTMLTag": {"code": "0xaf047f70", "doc": "http://searchengineland.com/pull-live-inventory-data-product-database-place-search-ad-copy-261479", "row": 67, "column": 147, "tagName": "meta", "time": 24368.428423, "url": "", "pos": 1, "chunkLen": 1, "isStartTag": 1}}
06-28 15:21:44.733  4821  4834 E WProf.db: {"WprofHTMLTag": {"code": "0xaf047fa0", "doc": "http://searchengineland.com/pull-live-inventory-data-product-database-place-search-ad-copy-261479", "row": 68, "column": 139, "tagName": "meta", "time": 24368.428551, "url": "", "pos": 1, "chunkLen": 1, "isStartTag": 1}}
06-28 15:21:44.733  4821  4834 E WProf.db: {"WprofHTMLTag": {"code": "0xaf047fd0", "doc": "http://searchengineland.com/pull-live-inventory-data-product-database-place-search-ad-copy-261479", "row": 69, "column": 37, "tagName": "meta", "time": 24368.430176, "url": "", "pos": 1, "chunkLen": 1, "isStartTag": 1}}
06-28 15:21:44.733  4821  4834 E WProf.db: {"WprofHTMLTag": {"code": "0xb4cc74b0", "doc": "http://searchengineland.com/pull-live-inventory-data-product-database-place-search-ad-copy-261479", "row": 70, "column": 129, "tagName": "link", "time": 24368.430338, "url": "http://searchengineland.com/pull-live-inventory-data-product-database-place-search-ad-copy-261479", "pos": 1, "chunkLen": 1, "isStartTag": 1}}
06-28 15:21:44.733  4821  4834 E WProf.db: {"WprofHTMLTag": {"code": "0xb4cc7540", "doc": "http://searchengineland.com/pull-live-inventory-data-product-database-place-search-ad-copy-261479", "row": 71, "column": 76, "tagName": "link", "time": 24368.430584, "url": "https://plus.google.com/103218677032751327334", "pos": 1, "chunkLen": 1, "isStartTag": 1}}
06-28 15:21:44.733  4821  4834 E WProf.db: {"WprofHTMLTag": {"code": "0xb4cc78a0", "doc": "http://searchengineland.com/pull-live-inventory-data-product-database-place-search-ad-copy-261479", "row": 72, "column": 45, "tagName": "meta", "time": 24368.430781, "url": "", "pos": 1, "chunkLen": 1, "isStartTag": 1}}
06-28 15:21:44.733  4821  4834 E WProf.db: {"WprofHTMLTag": {"code": "0xb4cc78d0", "doc": "http://searchengineland.com/pull-live-inventory-data-product-database-place-search-ad-copy-261479", "row": 73, "column": 45, "tagName": "meta", "time": 24368.430902, "url": "", "pos": 1, "chunkLen": 1, "isStartTag": 1}}
06-28 15:21:44.733  4821  4834 E WProf.db: {"WprofHTMLTag": {"code": "0xb4cc7900", "doc": "http://searchengineland.com/pull-live-inventory-data-product-database-place-search-ad-copy-261479", "row": 74, "column": 126, "tagName": "meta", "time": 24368.431031, "url": "", "pos": 1, "chunkLen": 1, "isStartTag": 1}}
06-28 15:21:44.733  4821  4834 E WProf.db: {"WprofHTMLTag": {"code": "0xb4cc7930", "doc": "http://searchengineland.com/pull-live-inventory-data-product-database-place-search-ad-copy-261479", "row": 75, "column": 213, "tagName": "meta", "time": 24368.431143, "url": "", "pos": 1, "chunkLen": 1, "isStartTag": 1}}
06-28 15:21:44.733  4821  4834 E WProf.db: {"WprofHTMLTag": {"code": "0xb4cc7960", "doc": "http://searchengineland.com/pull-live-inventory-data-product-database-place-search-ad-copy-261479", "row": 76, "column": 134, "tagName": "meta", "time": 24368.431263, "url": "", "pos": 1, "chunkLen": 1, "isStartTag": 1}}
06-28 15:21:44.733  4821  4834 E WProf.db: {"WprofHTMLTag": {"code": "0xb4cc7990", "doc": "http://searchengineland.com/pull-live-inventory-data-product-database-place-search-ad-copy-261479", "row": 77, "column": 61, "tagName": "meta", "time": 24368.431619, "url": "", "pos": 1, "chunkLen": 1, "isStartTag": 1}}
06-28 15:21:44.733  4821  4834 E WProf.db: {"WprofHTMLTag": {"code": "0xb4cc79c0", "doc": "http://searchengineland.com/pull-live-inventory-data-product-database-place-search-ad-copy-261479", "row": 78, "column": 89, "tagName": "meta", "time": 24368.431863, "url": "", "pos": 1, "chunkLen": 1, "isStartTag": 1}}
06-28 15:21:44.733  4821  4834 E WProf.db: {"WprofHTMLTag": {"code": "0xb4cc79f0", "doc": "http://searchengineland.com/pull-live-inventory-data-product-database-place-search-ad-copy-261479", "row": 79, "column": 79, "tagName": "meta", "time": 24368.432051, "url": "", "pos": 1, "chunkLen": 1, "isStartTag": 1}}
06-28 15:21:44.734  4821  4834 E WProf.db: {"WprofHTMLTag": {"code": "0xb4cc7a20", "doc": "http://searchengineland.com/pull-live-inventory-data-product-database-place-search-ad-copy-261479", "row": 80, "column": 61, "tagName": "meta", "time": 24368.432252, "url": "", "pos": 1, "chunkLen": 1, "isStartTag": 1}}
06-28 15:21:44.734  4821  4834 E WProf.db: {"WprofHTMLTag": {"code": "0xb4cc7a50", "doc": "http://searchengineland.com/pull-live-inventory-data-product-database-place-search-ad-copy-261479", "row": 81, "column": 78, "tagName": "meta", "time": 24368.432445, "url": "", "pos": 1, "chunkLen": 1, "isStartTag": 1}}
06-28 15:21:44.734  4821  4834 E WProf.db: {"WprofHTMLTag": {"code": "0xb4cc7a80", "doc": "http://searchengineland.com/pull-live-inventory-data-product-database-place-search-ad-copy-261479", "row": 82, "column": 77, "tagName": "meta", "time": 24368.432628, "url": "", "pos": 1, "chunkLen": 1, "isStartTag": 1}}
06-28 15:21:44.734  4821  4834 E WProf.db: {"WprofHTMLTag": {"code": "0xb4cc7ab0", "doc": "http://searchengineland.com/pull-live-inventory-data-product-database-place-search-ad-copy-261479", "row": 83, "column": 71, "tagName": "meta", "time": 24368.432815, "url": "", "pos": 1, "chunkLen": 1, "isStartTag": 1}}
06-28 15:21:44.734  4821  4834 E WProf.db: {"WprofHTMLTag": {"code": "0xb4cc7ae0", "doc": "http://searchengineland.com/pull-live-inventory-data-product-database-place-search-ad-copy-261479", "row": 84, "column": 136, "tagName": "meta", "time": 24368.433016, "url": "", "pos": 1, "chunkLen": 1, "isStartTag": 1}}
06-28 15:21:44.734  4821  4834 E WProf.db: {"WprofHTMLTag": {"code": "0xb4cc7b10", "doc": "http://searchengineland.com/pull-live-inventory-data-product-database-place-search-ad-copy-261479", "row": 85, "column": 49, "tagName": "meta", "time": 24368.433198, "url": "", "pos": 1, "chunkLen": 1, "isStartTag": 1}}
06-28 15:21:44.734  4821  4834 E WProf.db: {"WprofHTMLTag": {"code": "0xb4cc7b40", "doc": "http://searchengineland.com/pull-live-inventory-data-product-database-place-search-ad-copy-261479", "row": 86, "column": 50, "tagName": "meta", "time": 24368.433401, "url": "", "pos": 1, "chunkLen": 1, "isStartTag": 1}}
06-28 15:21:44.734  4821  4834 E WProf.db: {"WprofHTMLTag": {"code": "0xb4cc7b70", "doc": "http://searchengineland.com/pull-live-inventory-data-product-database-place-search-ad-copy-261479", "row": 87, "column": 58, "tagName": "meta", "time": 24368.434078, "url": "", "pos": 1, "chunkLen": 1, "isStartTag": 1}}
06-28 15:21:44.734  4821  4834 E WProf.db: {"WprofHTMLTag": {"code": "0xb4cc7ba0", "doc": "http://searchengineland.com/pull-live-inventory-data-product-database-place-search-ad-copy-261479", "row": 88, "column": 214, "tagName": "meta", "time": 24368.434275, "url": "", "pos": 1, "chunkLen": 1, "isStartTag": 1}}
06-28 15:21:44.734  4821  4834 E WProf.db: {"WprofHTMLTag": {"code": "0xb4cc7bd0", "doc": "http://searchengineland.com/pull-live-inventory-data-product-database-place-search-ad-copy-261479", "row": 89, "column": 127, "tagName": "meta", "time": 24368.434469, "url": "", "pos": 1, "chunkLen": 1, "isStartTag": 1}}
06-28 15:21:44.734  4821  4834 E WProf.db: {"WprofHTMLTag": {"code": "0xb4cc7c00", "doc": "http://searchengineland.com/pull-live-inventory-data-product-database-place-search-ad-copy-261479", "row": 90, "column": 51, "tagName": "meta", "time": 24368.434667, "url": "", "pos": 1, "chunkLen": 1, "isStartTag": 1}}
06-28 15:21:44.736  4821  4834 E WProf.db: {"WprofHTMLTag": {"code": "0xb4cc7c30", "doc": "http://searchengineland.com/pull-live-inventory-data-product-database-place-search-ad-copy-261479", "row": 91, "column": 137, "tagName": "meta", "time": 24368.434863, "url": "", "pos": 1, "chunkLen": 1, "isStartTag": 1}}
06-28 15:21:44.736  4821  4834 E WProf.db: {"WprofHTMLTag": {"code": "0xb4cc7c60", "doc": "http://searchengineland.com/pull-live-inventory-data-product-database-place-search-ad-copy-261479", "row": 92, "column": 56, "tagName": "meta", "time": 24368.435049, "url": "", "pos": 1, "chunkLen": 1, "isStartTag": 1}}
06-28 15:21:44.736  4821  4834 E WProf.db: {"WprofHTMLTag": {"code": "0xb4cc7c90", "doc": "http://searchengineland.com/pull-live-inventory-data-product-database-place-search-ad-copy-261479", "row": 95, "column": 44, "tagName": "link", "time": 24368.435244, "url": "http://s.w.org/", "pos": 1, "chunkLen": 1, "isStartTag": 1}}
06-28 15:21:44.736  4821  4834 E WProf.db: {"WprofHTMLTag": {"code": "0xb4cc7cc0", "doc": "http://searchengineland.com/pull-live-inventory-data-product-database-place-search-ad-copy-261479", "row": 96, "column": 33, "tagName": "script", "time": 24368.435626, "url": "", "pos": 1, "chunkLen": 1, "isStartTag": 1}}
06-28 15:21:44.736  4821  4834 E WProf.db: {"WprofHTMLTag": {"code": "0xb4cc7cf0", "doc": "http://searchengineland.com/pull-live-inventory-data-product-database-place-search-ad-copy-261479", "row": 99, "column": 11, "tagName": "script", "time": 24368.435948, "url": "http://searchengineland.com/figz/wp-includes/js/wp-emoji-release.min.js?ver=4.7.5", "pos": 1, "chunkLen": 1, "isStartTag": 0}}
06-28 15:21:44.737  4821  4834 E WProf.db: {"WprofHTMLTag": {"code": "0xaa1959f0", "doc": "http://searchengineland.com/pull-live-inventory-data-product-database-place-search-ad-copy-261479", "row": 100, "column": 25, "tagName": "style", "time": 24369.026089, "url": "", "pos": 1, "chunkLen": 1, "isStartTag": 1}}
06-28 15:21:44.737  4821  4834 E WProf.db: {"WprofHTMLTag": {"code": "0xaa195a20", "doc": "http://searchengineland.com/pull-live-inventory-data-product-database-place-search-ad-copy-261479", "row": 113, "column": 8, "tagName": "style", "time": 24369.026309, "url": "", "pos": 1, "chunkLen": 1, "isStartTag": 0}}
06-28 15:21:44.737  4821  4834 E WProf.db: {"WprofHTMLTag": {"code": "0xaa195a50", "doc": "http://searchengineland.com/pull-live-inventory-data-product-database-place-search-ad-copy-261479", "row": 114, "column": 140, "tagName": "script", "time": 24369.027935, "url": "http://searchengineland.com/figz/wp-content/themes/searchengineland/js/lib/modernizr.custom.js?ver=1.0", "pos": 1, "chunkLen": 1, "isStartTag": 1}}
06-28 15:21:44.737  4821  4834 E WProf.db: {"WprofHTMLTag": {"code": "0xaa195a80", "doc": "http://searchengineland.com/pull-live-inventory-data-product-database-place-search-ad-copy-261479", "row": 114, "column": 149, "tagName": "script", "time": 24369.028188, "url": "", "pos": 1, "chunkLen": 1, "isStartTag": 0}}
06-28 15:21:44.737  4821  4834 E WProf.db: {"WprofHTMLTag": {"code": "0xaa195b10", "doc": "http://searchengineland.com/pull-live-inventory-data-product-database-place-search-ad-copy-261479", "row": 115, "column": 144, "tagName": "script", "time": 24369.035008, "url": "http://searchengineland.com/figz/wp-content/themes/searchengineland/js/lib/jquery-1.11.0.min.js?ver=1.11.0", "pos": 1, "chunkLen": 1, "isStartTag": 1}}
06-28 15:21:44.737  4821  4834 E WProf.db: {"WprofHTMLTag": {"code": "0xaa195b40", "doc": "http://searchengineland.com/pull-live-inventory-data-product-database-place-search-ad-copy-261479", "row": 115, "column": 153, "tagName": "script", "time": 24369.035273, "url": "", "pos": 1, "chunkLen": 1, "isStartTag": 0}}
06-28 15:21:44.737  4821  4834 E WProf.db: {"WprofHTMLTag": {"code": "0xaedddc90", "doc": "http://searchengineland.com/pull-live-inventory-data-product-database-place-search-ad-copy-261479", "row": 0, "column": 15, "tagName": "div", "time": 24369.098078, "url": "", "pos": 15, "chunkLen": 44, "isStartTag": 1}}
06-28 15:21:44.737  4821  4834 E WProf.db: {"WprofHTMLTag": {"code": "0xaedddc60", "doc": "http://searchengineland.com/pull-live-inventory-data-product-database-place-search-ad-copy-261479", "row": 0, "column": 21, "tagName": "div", "time": 24369.098212, "url": "", "pos": 21, "chunkLen": 44, "isStartTag": 0}}
06-28 15:21:44.737  4821  4834 E WProf.db: {"WprofHTMLTag": {"code": "0xaeddda50", "doc": "http://searchengineland.com/pull-live-inventory-data-product-database-place-search-ad-copy-261479", "row": 0, "column": 38, "tagName": "div", "time": 24369.098276, "url": "", "pos": 38, "chunkLen": 44, "isStartTag": 1}}
06-28 15:21:44.737  4821  4834 E WProf.db: {"WprofHTMLTag": {"code": "0xaedddc30", "doc": "http://searchengineland.com/pull-live-inventory-data-product-database-place-search-ad-copy-261479", "row": 0, "column": 44, "tagName": "div", "time": 24369.098402, "url": "", "pos": 44, "chunkLen": 44, "isStartTag": 0}}
06-28 15:21:44.737  4821  4834 E WProf.db: {"WprofHTMLTag": {"code": "0xaedddab0", "doc": "http://searchengineland.com/pull-live-inventory-data-product-database-place-search-ad-copy-261479", "row": 0, "column": 13, "tagName": "select", "time": 24369.099763, "url": "", "pos": 13, "chunkLen": 51, "isStartTag": 1}}
06-28 15:21:44.737  4821  4834 E WProf.db: {"WprofHTMLTag": {"code": "0xaeddd9f0", "doc": "http://searchengineland.com/pull-live-inventory-data-product-database-place-search-ad-copy-261479", "row": 0, "column": 33, "tagName": "option", "time": 24369.099956, "url": "", "pos": 33, "chunkLen": 51, "isStartTag": 1}}
06-28 15:21:44.737  4821  4834 E WProf.db: {"WprofHTMLTag": {"code": "0xaa195ba0", "doc": "http://searchengineland.com/pull-live-inventory-data-product-database-place-search-ad-copy-261479", "row": 0, "column": 42, "tagName": "option", "time": 24369.100195, "url": "", "pos": 42, "chunkLen": 51, "isStartTag": 0}}
06-28 15:21:44.737  4821  4834 E WProf.db: {"WprofHTMLTag": {"code": "0xaa195bd0", "doc": "http://searchengineland.com/pull-live-inventory-data-product-database-place-search-ad-copy-261479", "row": 0, "column": 51, "tagName": "select", "time": 24369.100264, "url": "", "pos": 51, "chunkLen": 51, "isStartTag": 0}}
06-28 15:21:44.737  4821  4834 E WProf.db: {"WprofHTMLTag": {"code": "0xaa195c00", "doc": "http://searchengineland.com/pull-live-inventory-data-product-database-place-search-ad-copy-261479", "row": 0, "column": 12, "tagName": "a", "time": 24369.105653, "url": "", "pos": 12, "chunkLen": 16, "isStartTag": 1}}
06-28 15:21:44.738  4821  4834 E WProf.db: {"WprofHTMLTag": {"code": "0xaa195c30", "doc": "http://searchengineland.com/pull-live-inventory-data-product-database-place-search-ad-copy-261479", "row": 0, "column": 16, "tagName": "a", "time": 24369.105966, "url": "", "pos": 16, "chunkLen": 16, "isStartTag": 0}}
06-28 15:21:44.738  4821  4834 E WProf.db: {"WprofHTMLTag": {"code": "0xaa195c60", "doc": "http://searchengineland.com/pull-live-inventory-data-product-database-place-search-ad-copy-261479", "row": 0, "column": 8, "tagName": "input", "time": 24369.107307, "url": "", "pos": 8, "chunkLen": 8, "isStartTag": 1}}
06-28 15:21:44.738  4821  4834 E WProf.db: {"WprofHTMLTag": {"code": "0xaa195c90", "doc": "http://searchengineland.com/pull-live-inventory-data-product-database-place-search-ad-copy-261479", "row": 0, "column": 9, "tagName": "link", "time": 24369.117468, "url": "", "pos": 9, "chunkLen": 42, "isStartTag": 1}}
06-28 15:21:44.738  4821  4834 E WProf.db: {"WprofHTMLTag": {"code": "0xaa195cc0", "doc": "http://searchengineland.com/pull-live-inventory-data-product-database-place-search-ad-copy-261479", "row": 0, "column": 16, "tagName": "table", "time": 24369.117593, "url": "", "pos": 16, "chunkLen": 42, "isStartTag": 1}}
06-28 15:21:44.738  4821  4834 E WProf.db: {"WprofHTMLTag": {"code": "0xaa195cf0", "doc": "http://searchengineland.com/pull-live-inventory-data-product-database-place-search-ad-copy-261479", "row": 0, "column": 24, "tagName": "table", "time": 24369.117717, "url": "", "pos": 24, "chunkLen": 42, "isStartTag": 0}}
06-28 15:21:44.738  4821  4834 E WProf.db: {"WprofHTMLTag": {"code": "0xaa195d20", "doc": "http://searchengineland.com/pull-live-inventory-data-product-database-place-search-ad-copy-261479", "row": 0, "column": 37, "tagName": "a", "time": 24369.117785, "url": "", "pos": 37, "chunkLen": 42, "isStartTag": 1}}
06-28 15:21:44.738  4821  4834 E WProf.db: {"WprofHTMLTag": {"code": "0xaa195d50", "doc": "http://searchengineland.com/pull-live-inventory-data-product-database-place-search-ad-copy-261479", "row": 0, "column": 42, "tagName": "a", "time": 24369.117961, "url": "", "pos": 42, "chunkLen": 42, "isStartTag": 0}}
06-28 15:21:44.738  4821  4834 E WProf.db: {"WprofHTMLTag": {"code": "0xaa195de0", "doc": "http://searchengineland.com/pull-live-inventory-data-product-database-place-search-ad-copy-261479", "row": 0, "column": 10, "tagName": "textarea", "time": 24369.119194, "url": "", "pos": 10, "chunkLen": 22, "isStartTag": 1}}
06-28 15:21:44.738  4821  4834 E WProf.db: {"WprofHTMLTag": {"code": "0xaa195e10", "doc": "http://searchengineland.com/pull-live-inventory-data-product-database-place-search-ad-copy-261479", "row": 0, "column": 22, "tagName": "textarea", "time": 24369.119410, "url": "", "pos": 22, "chunkLen": 22, "isStartTag": 0}}
06-28 15:21:44.738  4821  4834 E WProf.db: {"WprofHTMLTag": {"code": "0xaa195e40", "doc": "http://searchengineland.com/pull-live-inventory-data-product-database-place-search-ad-copy-261479", "row": 0, "column": 48, "tagName": "input", "time": 24369.120672, "url": "", "pos": 48, "chunkLen": 48, "isStartTag": 1}}
06-28 15:21:44.738  4821  4834 E WProf.db: {"WprofHTMLTag": {"code": "0xaa195ea0", "doc": "http://searchengineland.com/pull-live-inventory-data-product-database-place-search-ad-copy-261479", "row": 0, "column": 9, "tagName": "link", "time": 24369.125465, "url": "", "pos": 9, "chunkLen": 66, "isStartTag": 1}}
06-28 15:21:44.738  4821  4834 E WProf.db: {"WprofHTMLTag": {"code": "0xaa195ed0", "doc": "http://searchengineland.com/pull-live-inventory-data-product-database-place-search-ad-copy-261479", "row": 0, "column": 16, "tagName": "table", "time": 24369.125581, "url": "", "pos": 16, "chunkLen": 66, "isStartTag": 1}}
06-28 15:21:44.738  4821  4834 E WProf.db: {"WprofHTMLTag": {"code": "0xaa195f00", "doc": "http://searchengineland.com/pull-live-inventory-data-product-database-place-search-ad-copy-261479", "row": 0, "column": 24, "tagName": "table", "time": 24369.125653, "url": "", "pos": 24, "chunkLen": 66, "isStartTag": 0}}
06-28 15:21:44.738  4821  4834 E WProf.db: {"WprofHTMLTag": {"code": "0xaa195f30", "doc": "http://searchengineland.com/pull-live-inventory-data-product-database-place-search-ad-copy-261479", "row": 0, "column": 37, "tagName": "a", "time": 24369.125730, "url": "", "pos": 37, "chunkLen": 66, "isStartTag": 1}}
06-28 15:21:44.739  4821  4834 E WProf.db: {"WprofHTMLTag": {"code": "0xaa195f60", "doc": "http://searchengineland.com/pull-live-inventory-data-product-database-place-search-ad-copy-261479", "row": 0, "column": 42, "tagName": "a", "time": 24369.125906, "url": "", "pos": 42, "chunkLen": 66, "isStartTag": 0}}
06-28 15:21:44.739  4821  4834 E WProf.db: {"WprofHTMLTag": {"code": "0xaa195f90", "doc": "http://searchengineland.com/pull-live-inventory-data-product-database-place-search-ad-copy-261479", "row": 0, "column": 66, "tagName": "input", "time": 24369.125970, "url": "", "pos": 66, "chunkLen": 66, "isStartTag": 1}}
06-28 15:21:44.739  4821  4834 E WProf.db: {"WprofHTMLTag": {"code": "0xaa196020", "doc": "http://searchengineland.com/pull-live-inventory-data-product-database-place-search-ad-copy-261479", "row": 0, "column": 9, "tagName": "link", "time": 24369.127717, "url": "", "pos": 9, "chunkLen": 66, "isStartTag": 1}}
06-28 15:21:44.739  4821  4834 E WProf.db: {"WprofHTMLTag": {"code": "0xaa196050", "doc": "http://searchengineland.com/pull-live-inventory-data-product-database-place-search-ad-copy-261479", "row": 0, "column": 16, "tagName": "table", "time": 24369.127819, "url": "", "pos": 16, "chunkLen": 66, "isStartTag": 1}}
