--------- beginning of main
06-28 17:17:56.455  3449  3449 E Finsky  : [1] com.google.android.finsky.wear.bl.a(3): onConnectionFailed: ConnectionResult{statusCode=API_UNAVAILABLE, resolution=null, message=null}
--------- beginning of system
06-28 17:17:57.682 18737 18737 E chromium: [ERROR:shell_integration_android.cc(12)] Not implemented reached in static ShellIntegration::DefaultWebClientSetPermission ShellIntegration::CanSetAsDefaultBrowser()
06-28 17:17:57.686 18737 18737 E chromium: [ERROR:browser_process_impl.cc(720)] Not implemented reached in virtual BackgroundModeManager* BrowserProcessImpl::background_mode_manager()
06-28 17:17:57.937  3218 17213 E AudioRecord-JNI: Error -4 during AudioRecord native read
06-28 17:18:00.508 18737 18783 E chromium: [ERROR:gles2_cmd_decoder.cc(3852)] [.ChromiumCompositor-0xacbb2fc0]GL ERROR :GL_INVALID_ENUM : glDiscardFramebufferEXT: attachments was GL_COLOR_EXT
06-28 17:18:00.940 18805 18818 E WPROF   : {"CSS": {"url": "http://searchengineland.com/figz/wp-content/themes/searchengineland/css/searchengineland-bootstrap.css", "requestTime": 31357.995337}}
06-28 17:18:00.940 18805 18818 E WPROF   : {"CSS": {"url": "http://fonts.googleapis.com/css?family=Oswald:300,400,700", "requestTime": 31357.995871}}
06-28 17:18:00.941 18805 18818 E WPROF   : {"CSS": {"url": "http://searchengineland.com/figz/wp-content/themes/searchengineland/style.css", "requestTime": 31357.996331}}
06-28 17:18:00.945 18805 18818 E WPROF   : {"Javascript": {"url": "http://searchengineland.com/figz/wp-content/themes/searchengineland/js/lib/modernizr.custom.js?ver=1.0", "requestTime": 31358.001058}}
06-28 17:18:00.946 18805 18818 E WPROF   : {"Javascript": {"url": "http://searchengineland.com/figz/wp-content/themes/searchengineland/js/lib/jquery-1.11.0.min.js?ver=1.11.0", "requestTime": 31358.001454}}
06-28 17:18:00.946 18805 18818 E WPROF   : {"Javascript": {"url": "http://searchengineland.com/figz/wp-content/themes/searchengineland/js/lib/jquery-ui-1.10.3.custom.min.js?ver=1.10.3", "requestTime": 31358.001772}}
06-28 17:18:00.946 18805 18818 E WPROF   : {"Javascript": {"url": "http://searchengineland.com/figz/wp-content/themes/searchengineland/js/lib/jquery.ba-throttle-debounce.min.js?ver=1.1", "requestTime": 31358.002079}}
06-28 17:18:00.947 18805 18818 E WPROF   : {"Javascript": {"url": "http://searchengineland.com/figz/wp-content/themes/searchengineland/js/lib/jquery.countdown.min.js?ver=2.0.4", "requestTime": 31358.002405}}
06-28 17:18:00.947 18805 18818 E WPROF   : {"Javascript": {"url": "http://static.chartbeat.com/js/chartbeat_mab.js", "requestTime": 31358.002746}}
06-28 17:18:01.559 18805 18818 E WPROF   : {"Javascript": {"url": "http://searchengineland.com/figz/wp-includes/js/wp-emoji-release.min.js?ver=4.7.5", "requestTime": 31358.614697}}
06-28 17:18:02.359 18805 18818 E WPROF   : {"Javascript": {"url": "http://app-sj02.marketo.com/js/forms2/js/forms2.min.js", "requestTime": 31359.414736}}
06-28 17:18:02.367 18737 18783 E chromium: [ERROR:gles2_cmd_decoder.cc(3852)] [.ChromiumCompositor-0xacbb2fc0]GL ERROR :GL_INVALID_ENUM : glDiscardFramebufferEXT: attachments was GL_COLOR_EXT
06-28 17:18:03.218   862  1657 E LocSvc_IzatApiV02: E/virtual int izat_core::IzatApiV02::getBatchSize(int32_t):522]: Error : st = 4, ind.status = -1628389555
06-28 17:18:03.218   862  1657 E LocSvc_IzatApiV02: E/virtual int izat_core::IzatApiV02::getBatchSize(int32_t):535]: get batching size failed.Or modem does not support batching 
06-28 17:18:03.228   862  1657 E LocSvc_IzatApiV02: E/virtual int izat_core::IzatApiV02::getBatchSize(int32_t):522]: Error : st = 4, ind.status = -1628389555
06-28 17:18:03.228   862  1657 E LocSvc_IzatApiV02: E/virtual int izat_core::IzatApiV02::getBatchSize(int32_t):535]: get batching size failed.Or modem does not support batching 
06-28 17:18:03.265   862  1657 E LocSvc_IzatApiV02: E/virtual int izat_core::IzatApiV02::getBatchSize(int32_t):522]: Error : st = 4, ind.status = -1628389555
06-28 17:18:03.265   862  1657 E LocSvc_IzatApiV02: E/virtual int izat_core::IzatApiV02::getBatchSize(int32_t):535]: get batching size failed.Or modem does not support batching 
06-28 17:18:03.273   862  1657 E LocSvc_IzatApiV02: E/virtual int izat_core::IzatApiV02::getBatchSize(int32_t):522]: Error : st = 4, ind.status = -1628389555
06-28 17:18:03.273   862  1657 E LocSvc_IzatApiV02: E/virtual int izat_core::IzatApiV02::getBatchSize(int32_t):535]: get batching size failed.Or modem does not support batching 
06-28 17:18:03.358 18805 18818 E WPROF   : {"Javascript": {"url": "http://www.googletagservices.com/tag/js/gpt.js", "requestTime": 31360.413931}}
06-28 17:18:03.363 18805 18818 E WPROF   : {"Javascript": {"url": "https://www.google-analytics.com/analytics.js", "requestTime": 31360.418535}}
06-28 17:18:03.365 18805 18818 E WPROF   : {"Javascript": {"url": "http://edge.quantserve.com/quant.js", "requestTime": 31360.421103}}
06-28 17:18:03.367 18805 18818 E WPROF   : {"Javascript": {"url": "https://connect.facebook.net/en_US/fbevents.js", "requestTime": 31360.422968}}
06-28 17:18:03.601 18805 18818 E WPROF   : {"Javascript": {"url": "http://app-sj02.marketo.com/index.php/form/getForm?munchkinId=727-ZQE-044&form=5691&url=http%3A%2F%2Fsearchengineland.com%2Fpurchases-google-quietly-opens-beta-request-google-merchant-center-275182&callback=jQuery110208603237448260188_1498637883483&_=1498637883484", "requestTime": 31360.656276}}
06-28 17:18:03.668 18805 18818 E WPROF   : {"Javascript": {"url": "http://app-sj02.marketo.com/index.php/form/getForm?munchkinId=727-ZQE-044&form=5685&url=http%3A%2F%2Fsearchengineland.com%2Fpurchases-google-quietly-opens-beta-request-google-merchant-center-275182&callback=jQuery110208603237448260188_1498637883485&_=1498637883486", "requestTime": 31360.723438}}
06-28 17:18:03.894 18805 18818 E WPROF   : {"Javascript": {"url": "https://connect.facebook.net/signals/config/423979991297359?v=2.7.17", "requestTime": 31360.949636}}
06-28 17:18:03.902 18737 18783 E chromium: [ERROR:gles2_cmd_decoder.cc(3852)] [.ChromiumCompositor-0xacbb2fc0]GL ERROR :GL_INVALID_ENUM : glDiscardFramebufferEXT: attachments was GL_COLOR_EXT
06-28 17:18:03.965 18805 18818 E WPROF   : {"Javascript": {"url": "http://app-sj02.marketo.com/index.php/form/getForm?munchkinId=727-ZQE-044&form=5673&url=http%3A%2F%2Fsearchengineland.com%2Fpurchases-google-quietly-opens-beta-request-google-merchant-center-275182&callback=jQuery110208603237448260188_1498637883487&_=1498637883488", "requestTime": 31361.020484}}
06-28 17:18:03.976 18805 18818 E WPROF   : {"Javascript": {"url": "http://searchengineland.com/js/ga_social_tracking.js", "requestTime": 31361.031478}}
06-28 17:18:03.977 18805 18818 E WPROF   : {"Javascript": {"url": "http://s7.addthis.com/js/300/addthis_widget.js#pubid=ra-53e918f660794f37", "requestTime": 31361.032337}}
06-28 17:18:04.181 18805 18818 E WPROF   : {"Javascript": {"url": "https://securepubads.g.doubleclick.net/gpt/pubads_impl_121.js", "requestTime": 31361.236993}}
06-28 17:18:04.338 18805 18818 E WPROF   : {"Javascript": {"url": "http://cdn.api.twitter.com/1/users/show.json?screen_name=ginnymarvin&callback=twttr.setFollowersCount", "requestTime": 31361.393769}}
06-28 17:18:04.560 18737 18783 E chromium: [ERROR:gles2_cmd_decoder.cc(3852)] [.ChromiumCompositor-0xacbb2fc0]GL ERROR :GL_INVALID_ENUM : glDiscardFramebufferEXT: attachments was GL_COLOR_EXT
06-28 17:18:04.560 18805 18818 E WPROF   : {"CSS": {"url": "http://app-sj02.marketo.com/js/forms2/css/forms2.css", "requestTime": 31361.615954}}
06-28 17:18:04.564 18805 18818 E WPROF   : {"CSS": {"url": "http://app-sj02.marketo.com/js/forms2/css/forms2-theme-simple.css", "requestTime": 31361.619246}}
06-28 17:18:04.641 18805 18818 E WPROF   : {"Javascript": {"url": "https://static.xx.fbcdn.net/rsrc.php/v3iy6L4/yF/l/ko_KR/w3AiswiqjrJ.js", "requestTime": 31361.697071}}
06-28 17:18:04.766 18737 18783 E chromium: [ERROR:gles2_cmd_decoder.cc(3852)] [.ChromiumCompositor-0xacbb2fc0]GL ERROR :GL_INVALID_ENUM : glDiscardFramebufferEXT: attachments was GL_COLOR_EXT
06-28 17:18:05.210 18805 18818 E WPROF   : {"Javascript": {"url": "http://platform.twitter.com/widgets.js", "requestTime": 31362.265726}}
06-28 17:18:05.212 18805 18818 E WPROF   : {"Javascript": {"url": "http://connect.facebook.net/en_US/sdk.js", "requestTime": 31362.267617}}
06-28 17:18:05.214 18805 18818 E WPROF   : {"Javascript": {"url": "https://apis.google.com/js/platform.js", "requestTime": 31362.269587}}
06-28 17:18:05.307 18805 18818 E WPROF   : {"Javascript": {"url": "http://rules.quantcount.com/rules-p-5aGizvD82d9hk.js", "requestTime": 31362.362405}}
06-28 17:18:05.310 18805 18818 E WPROF   : {"Javascript": {"url": "http://munchkin.marketo.net/munchkin.js", "requestTime": 31362.366169}}
06-28 17:18:05.463 18805 18818 E WPROF   : {"Javascript": {"url": "http://dnn506yrbagrg.cloudfront.net/pages/scripts/0026/4062.js?416288", "requestTime": 31362.518889}}
06-28 17:18:05.500 18737 18783 E chromium: [ERROR:gles2_cmd_decoder.cc(3852)] [.ChromiumCompositor-0xacbb2fc0]GL ERROR :GL_INVALID_ENUM : glDiscardFramebufferEXT: attachments was GL_COLOR_EXT
06-28 17:18:05.909 18805 18818 E WPROF   : {"Javascript": {"url": "https://securepubads.g.doubleclick.net/gampad/ads?gdfp_req=1&correlator=2565270157656064&output=json_html&callback=googletag.impl.pubads.callbackProxy1&impl=fifs&json_a=1&eid=108809080%2C108809107&sc=0&sfv=1-0-9&iu_parts=1038259%2Csel-ciu-1%2Csel-ciu-2%2Csel-ciu-3%2Csel-ciu-4%2Csel-ciu-5%2Cch-sem-le", "requestTime": 31362.964677}}
06-28 17:18:05.979 18805 18818 E WPROF   : {"Javascript": {"url": "http://d2j3qa5nc37287.cloudfront.net/coupon_code1.js", "requestTime": 31363.034989}}
06-28 17:18:05.988 18805 18818 E WPROF   : {"Javascript": {"url": "http://www.googleadservices.com/pagead/conversion.js", "requestTime": 31363.043655}}
06-28 17:18:05.989 18805 18818 E WPROF   : {"Javascript": {"url": "http://searchengineland.com/figz/wp-content/themes/searchengineland/js/script.js?ver=1.0", "requestTime": 31363.044311}}
06-28 17:18:05.989 18805 18818 E WPROF   : {"Javascript": {"url": "http://searchengineland.com/figz/wp-includes/js/wp-embed.min.js?ver=4.7.5", "requestTime": 31363.044654}}
06-28 17:18:05.989 18805 18818 E WPROF   : {"Javascript": {"url": "http://searchengineland.com/figz/wp-content/themes/searchengineland/js/modules/sharing_controls.js", "requestTime": 31363.045038}}
06-28 17:18:06.054 18737 18783 E chromium: [ERROR:gles2_cmd_decoder.cc(3852)] [.ChromiumCompositor-0xacbb2fc0]GL ERROR :GL_INVALID_ENUM : glDiscardFramebufferEXT: attachments was GL_COLOR_EXT
06-28 17:18:06.447 18805 18818 E WPROF   : {"CSS": {"url": "https://www.youtube.com/yts/cssbin/www-embed-player-sprite-mode-vfl5G4Xm8.css", "requestTime": 31363.503136}}
06-28 17:18:06.449 18805 18818 E WPROF   : {"Javascript": {"url": "https://www.youtube.com/yts/jsbin/www-embed-player-vfl_UY_j8/www-embed-player.js", "requestTime": 31363.504392}}
06-28 17:18:06.449 18805 18818 E WPROF   : {"Javascript": {"url": "https://www.youtube.com/yts/jsbin/player-vflo1w4O-/ko_KR/base.js", "requestTime": 31363.504883}}
06-28 17:18:06.478 18737 18783 E chromium: [ERROR:gles2_cmd_decoder.cc(3852)] [.ChromiumCompositor-0xacbb2fc0]GL ERROR :GL_INVALID_ENUM : glDiscardFramebufferEXT: attachments was GL_COLOR_EXT
06-28 17:18:06.923 18805 18818 E WPROF   : {"Javascript": {"url": "http://m.addthisedge.com/live/boost/ra-53e918f660794f37/_ate.track.config_resp", "requestTime": 31363.978771}}
06-28 17:18:06.973 18805 18818 E WPROF   : {"Javascript": {"url": "http://m.addthis.com/live/red_lojson/300lo.json?si=5953663d20d5ba54&bkl=0&bl=1&pdt=3584&sid=5953663d20d5ba54&pub=ra-53e918f660794f37&rev=v7.15.4-wp&ln=ko&pc=men&cb=0&ab=-&dp=searchengineland.com&fp=purchases-google-quietly-opens-beta-request-google-merchant-center-275182&fr=&of=0&pd=0&irt=0&vcl=0&md", "requestTime": 31364.028742}}
06-28 17:18:07.231 18737 18783 E chromium: [ERROR:gles2_cmd_decoder.cc(3852)] [.ChromiumCompositor-0xacbb2fc0]GL ERROR :GL_INVALID_ENUM : glDiscardFramebufferEXT: attachments was GL_COLOR_EXT
06-28 17:18:07.673 18737 18783 E chromium: [ERROR:gles2_cmd_decoder.cc(3852)] [.ChromiumCompositor-0xacbb2fc0]GL ERROR :GL_INVALID_ENUM : glDiscardFramebufferEXT: attachments was GL_COLOR_EXT
06-28 17:18:07.798 18737 18783 E chromium: [ERROR:gles2_cmd_decoder.cc(3852)] [.ChromiumCompositor-0xacbb2fc0]GL ERROR :GL_INVALID_ENUM : glDiscardFramebufferEXT: attachments was GL_COLOR_EXT
06-28 17:18:08.672 18805 18818 E WPROF   : {"Javascript": {"url": "https://www.google.com/js/bg/KWBfAnWFESAEEaKKgdYlTHY9ysQaNoQuzeMFqvxDSM8.js", "requestTime": 31365.728125}}
06-28 17:18:08.675 18805 18818 E WPROF   : {"Javascript": {"url": "https://static.doubleclick.net/instream/ad_status.js", "requestTime": 31365.730312}}
06-28 17:18:08.985 18737 18783 E chromium: [ERROR:gles2_cmd_decoder.cc(3852)] [.ChromiumCompositor-0xacbb2fc0]GL ERROR :GL_INVALID_ENUM : glDiscardFramebufferEXT: attachments was GL_COLOR_EXT
06-28 17:18:09.072 18737 18783 E chromium: [ERROR:gles2_cmd_decoder.cc(3852)] [.ChromiumCompositor-0xacbb2fc0]GL ERROR :GL_INVALID_ENUM : glDiscardFramebufferEXT: attachments was GL_COLOR_EXT
06-28 17:18:09.263 18737 18783 E chromium: [ERROR:gles2_cmd_decoder.cc(3852)] [.ChromiumCompositor-0xacbb2fc0]GL ERROR :GL_INVALID_ENUM : glDiscardFramebufferEXT: attachments was GL_COLOR_EXT
06-28 17:18:09.388 18737 18783 E chromium: [ERROR:gles2_cmd_decoder.cc(3852)] [.ChromiumCompositor-0xacbb2fc0]GL ERROR :GL_INVALID_ENUM : glDiscardFramebufferEXT: attachments was GL_COLOR_EXT
06-28 17:18:09.401 18805 18818 E WPROF   : {"Javascript": {"url": "http://munchkin.marketo.net/151/munchkin.js", "requestTime": 31366.456385}}
06-28 17:18:09.583 18805 18818 E WPROF   : {"Javascript": {"url": "https://platform.twitter.com/js/button.b731e6c82269f70f6fc53634e044a4c6.js", "requestTime": 31366.639190}}
06-28 17:18:09.728 18805 18818 E WPROF   : {"Javascript": {"url": "https://tpc.googlesyndication.com/pagead/js/r20170619/r20110914/client/ext/m_window_focus_non_hydra.js", "requestTime": 31366.783747}}
06-28 17:18:09.737 18805 18818 E WPROF   : {"Javascript": {"url": "https://tpc.googlesyndication.com/pagead/js/r20170619/r20110914/activeview/osd_listener.js", "requestTime": 31366.793122}}
06-28 17:18:09.743 18805 18818 E WPROF   : {"Javascript": {"url": "http://pagead2.googlesyndication.com/pagead/osd.js", "requestTime": 31366.798805}}
06-28 17:18:10.019 18805 18818 E WPROF   : {"Javascript": {"url": "http://www.justuno.com/ajax/account_version_check.html?id=828FA275-FF73-401E-AA39-40F5A6FAB6B1", "requestTime": 31367.074573}}
06-28 17:18:10.029 18805 18818 E WPROF   : {"Javascript": {"url": "http://s7.addthis.com/static/layers.4acb6c577b51939661ec.js", "requestTime": 31367.085170}}
06-28 17:18:10.197 18737 18783 E chromium: [ERROR:gles2_cmd_decoder.cc(3852)] [.ChromiumCompositor-0xacbb2fc0]GL ERROR :GL_INVALID_ENUM : glDiscardFramebufferEXT: attachments was GL_COLOR_EXT
06-28 17:18:10.923 18737 18783 E chromium: [ERROR:gles2_cmd_decoder.cc(3852)] [.ChromiumCompositor-0xacbb2fc0]GL ERROR :GL_INVALID_ENUM : glDiscardFramebufferEXT: attachments was GL_COLOR_EXT
06-28 17:18:11.203 18737 18783 E chromium: [ERROR:gles2_cmd_decoder.cc(3852)] [.ChromiumCompositor-0xacbb2fc0]GL ERROR :GL_INVALID_ENUM : glDiscardFramebufferEXT: attachments was GL_COLOR_EXT
06-28 17:18:11.271 18737 18783 E chromium: [ERROR:gles2_cmd_decoder.cc(3852)] [.ChromiumCompositor-0xacbb2fc0]GL ERROR :GL_INVALID_ENUM : glDiscardFramebufferEXT: attachments was GL_COLOR_EXT
06-28 17:18:13.164 18805 18818 E WPROF   : {"Javascript": {"url": "http://cdn.justuno.com/mwgt_3.6.js", "requestTime": 31370.219819}}
06-28 17:18:13.347 18805 18818 E WPROF   : {"Javascript": {"url": "https://app-sj02.marketo.com/js/forms2/js/forms2.min.js", "requestTime": 31370.402348}}
06-28 17:18:13.419 18737 18783 E chromium: [ERROR:gles2_cmd_decoder.cc(3852)] [.ChromiumCompositor-0xacbb2fc0]GL ERROR :GL_INVALID_ENUM : glDiscardFramebufferEXT: attachments was GL_COLOR_EXT
06-28 17:18:13.679 18737 18783 E chromium: [ERROR:gles2_cmd_decoder.cc(3852)] [.ChromiumCompositor-0xacbb2fc0]GL ERROR :GL_INVALID_ENUM : glDiscardFramebufferEXT: attachments was GL_COLOR_EXT
06-28 17:18:13.752 18737 18783 E chromium: [ERROR:gles2_cmd_decoder.cc(3852)] [.ChromiumCompositor-0xacbb2fc0]GL ERROR :GL_INVALID_ENUM : glDiscardFramebufferEXT: attachments was GL_COLOR_EXT
06-28 17:18:14.356 18737 18783 E chromium: [ERROR:gles2_cmd_decoder.cc(3852)] [.ChromiumCompositor-0xacbb2fc0]GL ERROR :GL_INVALID_ENUM : glDiscardFramebufferEXT: attachments was GL_COLOR_EXT
06-28 17:18:14.730 18805 18818 E WPROF   : {"Javascript": {"url": "https://cdn.syndication.twimg.com/widgets/followbutton/info.json?callback=__twttr.setFollowersCountAndFollowing&lang=en&screen_names=sengineland", "requestTime": 31371.786062}}
06-28 17:18:15.329 18805 18818 E WProf.db: {"page": "searchengineland.com_purchases-google-quietly-opens-beta-request-google-merchant-center-275182"}
06-28 17:18:15.329 18805 18818 E WProf.db: {"DOMLoad": 31372.384409}
06-28 17:18:15.329 18805 18818 E WProf.db: {"Resource": {"id": 1, "url": "http://searchengineland.com/purchases-google-quietly-opens-beta-request-google-merchant-center-275182", "sentTime": -1.000000, "len": 93424, "from": "0x0", "mimeType": "text/html", "contentLength": -1, "httpStatus": 200, "connId": 20, "connReused": 1, "cached": 0,"requestTime": 31357.453889, "proxyStart": -1, "proxyEnd": -1, "dnsStart": -1, "dnsEnd": -1, "connectStart": 0, "connectEnd": 89, "sendStart": 89, "sendEnd": 90, "receiveHeadersEnd": 439, "sslStart": -1, "sslEnd": -1}}
06-28 17:18:15.329 18805 18818 E WProf.db: {"ReceivedChunk": {"receivedTime": 31357.912077, "len": 12542}}
06-28 17:18:15.329 18805 18818 E WProf.db: {"ReceivedChunk": {"receivedTime": 31357.986667, "len": 32768}}
06-28 17:18:15.329 18805 18818 E WProf.db: {"ReceivedChunk": {"receivedTime": 31357.986903, "len": 27476}}
06-28 17:18:15.329 18805 18818 E WProf.db: {"ReceivedChunk": {"receivedTime": 31358.067534, "len": 7683}}
06-28 17:18:15.329 18805 18818 E WProf.db: {"ReceivedChunk": {"receivedTime": 31358.069993, "len": 12955}}
06-28 17:18:15.329 18805 18818 E WProf.db: {"WprofHTMLTag": {"code": "0xaedd6540", "doc": "http://searchengineland.com/purchases-google-quietly-opens-beta-request-google-merchant-center-275182", "row": 6, "column": 42, "tagName": "html", "time": 31357.987969, "url": "", "pos": 1, "chunkLen": 1, "isStartTag": 1}}
06-28 17:18:15.329 18805 18818 E WProf.db: {"WprofHTMLTag": {"code": "0xaf047850", "doc": "http://searchengineland.com/purchases-google-quietly-opens-beta-request-google-merchant-center-275182", "row": 7, "column": 6, "tagName": "head", "time": 31357.988192, "url": "", "pos": 1, "chunkLen": 1, "isStartTag": 1}}
06-28 17:18:15.329 18805 18818 E WProf.db: {"WprofHTMLTag": {"code": "0xaf047880", "doc": "http://searchengineland.com/purchases-google-quietly-opens-beta-request-google-merchant-center-275182", "row": 8, "column": 54, "tagName": "meta", "time": 31357.988237, "url": "", "pos": 1, "chunkLen": 1, "isStartTag": 1}}
06-28 17:18:15.329 18805 18818 E WProf.db: {"WprofHTMLTag": {"code": "0xaf0478b0", "doc": "http://searchengineland.com/purchases-google-quietly-opens-beta-request-google-merchant-center-275182", "row": 9, "column": 68, "tagName": "meta", "time": 31357.988396, "url": "", "pos": 1, "chunkLen": 1, "isStartTag": 1}}
06-28 17:18:15.330 18805 18818 E WProf.db: {"WprofHTMLTag": {"code": "0xaf0478e0", "doc": "http://searchengineland.com/purchases-google-quietly-opens-beta-request-google-merchant-center-275182", "row": 10, "column": 23, "tagName": "meta", "time": 31357.988515, "url": "", "pos": 1, "chunkLen": 1, "isStartTag": 1}}
06-28 17:18:15.330 18805 18818 E WProf.db: {"WprofHTMLTag": {"code": "0xaf047910", "doc": "http://searchengineland.com/purchases-google-quietly-opens-beta-request-google-merchant-center-275182", "row": 11, "column": 52, "tagName": "meta", "time": 31357.988642, "url": "", "pos": 1, "chunkLen": 1, "isStartTag": 1}}
06-28 17:18:15.330 18805 18818 E WProf.db: {"WprofHTMLTag": {"code": "0xaf047940", "doc": "http://searchengineland.com/purchases-google-quietly-opens-beta-request-google-merchant-center-275182", "row": 14, "column": 56, "tagName": "meta", "time": 31357.988788, "url": "", "pos": 1, "chunkLen": 1, "isStartTag": 1}}
06-28 17:18:15.330 18805 18818 E WProf.db: {"WprofHTMLTag": {"code": "0xaf047970", "doc": "http://searchengineland.com/purchases-google-quietly-opens-beta-request-google-merchant-center-275182", "row": 15, "column": 83, "tagName": "meta", "time": 31357.988907, "url": "", "pos": 1, "chunkLen": 1, "isStartTag": 1}}
06-28 17:18:15.330 18805 18818 E WProf.db: {"WprofHTMLTag": {"code": "0xaf0479a0", "doc": "http://searchengineland.com/purchases-google-quietly-opens-beta-request-google-merchant-center-275182", "row": 16, "column": 57, "tagName": "meta", "time": 31357.989033, "url": "", "pos": 1, "chunkLen": 1, "isStartTag": 1}}
06-28 17:18:15.330 18805 18818 E WProf.db: {"WprofHTMLTag": {"code": "0xaf047a30", "doc": "http://searchengineland.com/purchases-google-quietly-opens-beta-request-google-merchant-center-275182", "row": 17, "column": 41, "tagName": "meta", "time": 31357.989152, "url": "", "pos": 1, "chunkLen": 1, "isStartTag": 1}}
06-28 17:18:15.330 18805 18818 E WProf.db: {"WprofHTMLTag": {"code": "0xaf047a60", "doc": "http://searchengineland.com/purchases-google-quietly-opens-beta-request-google-merchant-center-275182", "row": 18, "column": 50, "tagName": "meta", "time": 31357.989262, "url": "", "pos": 1, "chunkLen": 1, "isStartTag": 1}}
06-28 17:18:15.330 18805 18818 E WProf.db: {"WprofHTMLTag": {"code": "0xaf047a90", "doc": "http://searchengineland.com/purchases-google-quietly-opens-beta-request-google-merchant-center-275182", "row": 19, "column": 174, "tagName": "meta", "time": 31357.989387, "url": "", "pos": 1, "chunkLen": 1, "isStartTag": 1}}
06-28 17:18:15.330 18805 18818 E WProf.db: {"WprofHTMLTag": {"code": "0xaf047a00", "doc": "http://searchengineland.com/purchases-google-quietly-opens-beta-request-google-merchant-center-275182", "row": 20, "column": 47, "tagName": "meta", "time": 31357.989500, "url": "", "pos": 1, "chunkLen": 1, "isStartTag": 1}}
06-28 17:18:15.330 18805 18818 E WProf.db: {"WprofHTMLTag": {"code": "0xaf0479d0", "doc": "http://searchengineland.com/purchases-google-quietly-opens-beta-request-google-merchant-center-275182", "row": 21, "column": 67, "tagName": "meta", "time": 31357.989619, "url": "", "pos": 1, "chunkLen": 1, "isStartTag": 1}}
06-28 17:18:15.330 18805 18818 E WProf.db: {"WprofHTMLTag": {"code": "0xaf047ac0", "doc": "http://searchengineland.com/purchases-google-quietly-opens-beta-request-google-merchant-center-275182", "row": 22, "column": 57, "tagName": "meta", "time": 31357.989731, "url": "", "pos": 1, "chunkLen": 1, "isStartTag": 1}}
06-28 17:18:15.330 18805 18818 E WProf.db: {"WprofHTMLTag": {"code": "0xaf047af0", "doc": "http://searchengineland.com/purchases-google-quietly-opens-beta-request-google-merchant-center-275182", "row": 23, "column": 65, "tagName": "meta", "time": 31357.989850, "url": "", "pos": 1, "chunkLen": 1, "isStartTag": 1}}
06-28 17:18:15.330 18805 18818 E WProf.db: {"WprofHTMLTag": {"code": "0xaf047b20", "doc": "http://searchengineland.com/purchases-google-quietly-opens-beta-request-google-merchant-center-275182", "row": 24, "column": 55, "tagName": "meta", "time": 31357.989964, "url": "", "pos": 1, "chunkLen": 1, "isStartTag": 1}}
06-28 17:18:15.331 18805 18818 E WProf.db: {"WprofHTMLTag": {"code": "0xaf047b50", "doc": "http://searchengineland.com/purchases-google-quietly-opens-beta-request-google-merchant-center-275182", "row": 25, "column": 71, "tagName": "meta", "time": 31357.990458, "url": "", "pos": 1, "chunkLen": 1, "isStartTag": 1}}
06-28 17:18:15.331 18805 18818 E WProf.db: {"WprofHTMLTag": {"code": "0xaf047b80", "doc": "http://searchengineland.com/purchases-google-quietly-opens-beta-request-google-merchant-center-275182", "row": 26, "column": 86, "tagName": "meta", "time": 31357.990578, "url": "", "pos": 1, "chunkLen": 1, "isStartTag": 1}}
06-28 17:18:15.331 18805 18818 E WProf.db: {"WprofHTMLTag": {"code": "0xaf047bb0", "doc": "http://searchengineland.com/purchases-google-quietly-opens-beta-request-google-merchant-center-275182", "row": 27, "column": 54, "tagName": "meta", "time": 31357.990688, "url": "", "pos": 1, "chunkLen": 1, "isStartTag": 1}}
06-28 17:18:15.331 18805 18818 E WProf.db: {"WprofHTMLTag": {"code": "0xaf047be0", "doc": "http://searchengineland.com/purchases-google-quietly-opens-beta-request-google-merchant-center-275182", "row": 29, "column": 39, "tagName": "meta", "time": 31357.990898, "url": "", "pos": 1, "chunkLen": 1, "isStartTag": 1}}
06-28 17:18:15.331 18805 18818 E WProf.db: {"WprofHTMLTag": {"code": "0xaf047c10", "doc": "http://searchengineland.com/purchases-google-quietly-opens-beta-request-google-merchant-center-275182", "row": 30, "column": 109, "tagName": "meta", "time": 31357.991010, "url": "", "pos": 1, "chunkLen": 1, "isStartTag": 1}}
06-28 17:18:15.331 18805 18818 E WProf.db: {"WprofHTMLTag": {"code": "0xaf047c40", "doc": "http://searchengineland.com/purchases-google-quietly-opens-beta-request-google-merchant-center-275182", "row": 31, "column": 55, "tagName": "meta", "time": 31357.991235, "url": "", "pos": 1, "chunkLen": 1, "isStartTag": 1}}
06-28 17:18:15.331 18805 18818 E WProf.db: {"WprofHTMLTag": {"code": "0xaf047c70", "doc": "http://searchengineland.com/purchases-google-quietly-opens-beta-request-google-merchant-center-275182", "row": 32, "column": 54, "tagName": "meta", "time": 31357.991339, "url": "", "pos": 1, "chunkLen": 1, "isStartTag": 1}}
06-28 17:18:15.331 18805 18818 E WProf.db: {"WprofHTMLTag": {"code": "0xaf047ca0", "doc": "http://searchengineland.com/purchases-google-quietly-opens-beta-request-google-merchant-center-275182", "row": 33, "column": 155, "tagName": "meta", "time": 31357.991450, "url": "", "pos": 1, "chunkLen": 1, "isStartTag": 1}}
06-28 17:18:15.331 18805 18818 E WProf.db: {"WprofHTMLTag": {"code": "0xaf047cd0", "doc": "http://searchengineland.com/purchases-google-quietly-opens-beta-request-google-merchant-center-275182", "row": 37, "column": 36, "tagName": "script", "time": 31357.991553, "url": "", "pos": 1, "chunkLen": 1, "isStartTag": 1}}
06-28 17:18:15.331 18805 18818 E WProf.db: {"WprofHTMLTag": {"code": "0xaf047d00", "doc": "http://searchengineland.com/purchases-google-quietly-opens-beta-request-google-merchant-center-275182", "row": 53, "column": 10, "tagName": "script", "time": 31357.991797, "url": "", "pos": 1, "chunkLen": 1, "isStartTag": 0}}
06-28 17:18:15.331 18805 18818 E WProf.db: {"WprofHTMLTag": {"code": "0xaedd6570", "doc": "http://searchengineland.com/purchases-google-quietly-opens-beta-request-google-merchant-center-275182", "row": 55, "column": 86, "tagName": "link", "time": 31357.993979, "url": "http://searchengineland.com/apple-touch-icon.png", "pos": 1, "chunkLen": 1, "isStartTag": 1}}
06-28 17:18:15.331 18805 18818 E WProf.db: {"WprofHTMLTag": {"code": "0xaf047d30", "doc": "http://searchengineland.com/purchases-google-quietly-opens-beta-request-google-merchant-center-275182", "row": 56, "column": 76, "tagName": "link", "time": 31357.994297, "url": "http://searchengineland.com/favicon.ico", "pos": 1, "chunkLen": 1, "isStartTag": 1}}
06-28 17:18:15.332 18805 18818 E WProf.db: {"WprofHTMLTag": {"code": "0xaf047d60", "doc": "http://searchengineland.com/purchases-google-quietly-opens-beta-request-google-merchant-center-275182", "row": 57, "column": 158, "tagName": "link", "time": 31357.994493, "url": "http://feeds.searchengineland.com/searchengineland", "pos": 1, "chunkLen": 1, "isStartTag": 1}}
06-28 17:18:15.332 18805 18818 E WProf.db: {"WprofHTMLTag": {"code": "0xaf047d90", "doc": "http://searchengineland.com/purchases-google-quietly-opens-beta-request-google-merchant-center-275182", "row": 58, "column": 149, "tagName": "link", "time": 31357.994775, "url": "http://feeds.searchengineland.com/searchcap", "pos": 1, "chunkLen": 1, "isStartTag": 1}}
06-28 17:18:15.332 18805 18818 E WProf.db: {"WprofHTMLTag": {"code": "0xaf047dc0", "doc": "http://searchengineland.com/purchases-google-quietly-opens-beta-request-google-merchant-center-275182", "row": 59, "column": 150, "tagName": "link", "time": 31357.995050, "url": "http://searchengineland.com/figz/wp-content/themes/searchengineland/css/searchengineland-bootstrap.css", "pos": 1, "chunkLen": 1, "isStartTag": 1}}
06-28 17:18:15.332 18805 18818 E WProf.db: {"WprofHTMLTag": {"code": "0xaf047e20", "doc": "http://searchengineland.com/purchases-google-quietly-opens-beta-request-google-merchant-center-275182", "row": 60, "column": 105, "tagName": "link", "time": 31357.995587, "url": "http://fonts.googleapis.com/css?family=Oswald:300,400,700", "pos": 1, "chunkLen": 1, "isStartTag": 1}}
06-28 17:18:15.332 18805 18818 E WProf.db: {"WprofHTMLTag": {"code": "0xaf047e80", "doc": "http://searchengineland.com/purchases-google-quietly-opens-beta-request-google-merchant-center-275182", "row": 61, "column": 125, "tagName": "link", "time": 31357.996065, "url": "http://searchengineland.com/figz/wp-content/themes/searchengineland/style.css", "pos": 1, "chunkLen": 1, "isStartTag": 1}}
06-28 17:18:15.332 18805 18818 E WProf.db: {"WprofHTMLTag": {"code": "0xaf047ee0", "doc": "http://searchengineland.com/purchases-google-quietly-opens-beta-request-google-merchant-center-275182", "row": 65, "column": 7, "tagName": "title", "time": 31357.996532, "url": "", "pos": 1, "chunkLen": 1, "isStartTag": 1}}
06-28 17:18:15.332 18805 18818 E WProf.db: {"WprofHTMLTag": {"code": "0xaf047f10", "doc": "http://searchengineland.com/purchases-google-quietly-opens-beta-request-google-merchant-center-275182", "row": 65, "column": 72, "tagName": "title", "time": 31357.996618, "url": "", "pos": 1, "chunkLen": 1, "isStartTag": 0}}
06-28 17:18:15.332 18805 18818 E WProf.db: {"WprofHTMLTag": {"code": "0xaf047f40", "doc": "http://searchengineland.com/purchases-google-quietly-opens-beta-request-google-merchant-center-275182", "row": 66, "column": 121, "tagName": "meta", "time": 31357.996639, "url": "", "pos": 1, "chunkLen": 1, "isStartTag": 1}}
06-28 17:18:15.332 18805 18818 E WProf.db: {"WprofHTMLTag": {"code": "0xaf047f70", "doc": "http://searchengineland.com/purchases-google-quietly-opens-beta-request-google-merchant-center-275182", "row": 67, "column": 40, "tagName": "meta", "time": 31357.996749, "url": "", "pos": 1, "chunkLen": 1, "isStartTag": 1}}
06-28 17:18:15.332 18805 18818 E WProf.db: {"WprofHTMLTag": {"code": "0xaf047fa0", "doc": "http://searchengineland.com/purchases-google-quietly-opens-beta-request-google-merchant-center-275182", "row": 68, "column": 143, "tagName": "meta", "time": 31357.996850, "url": "", "pos": 1, "chunkLen": 1, "isStartTag": 1}}
06-28 17:18:15.332 18805 18818 E WProf.db: {"WprofHTMLTag": {"code": "0xaf047fd0", "doc": "http://searchengineland.com/purchases-google-quietly-opens-beta-request-google-merchant-center-275182", "row": 69, "column": 37, "tagName": "meta", "time": 31357.996957, "url": "", "pos": 1, "chunkLen": 1, "isStartTag": 1}}
06-28 17:18:15.332 18805 18818 E WProf.db: {"WprofHTMLTag": {"code": "0xb4cc74b0", "doc": "http://searchengineland.com/purchases-google-quietly-opens-beta-request-google-merchant-center-275182", "row": 70, "column": 133, "tagName": "link", "time": 31357.997064, "url": "http://searchengineland.com/purchases-google-quietly-opens-beta-request-google-merchant-center-275182", "pos": 1, "chunkLen": 1, "isStartTag": 1}}
06-28 17:18:15.333 18805 18818 E WProf.db: {"WprofHTMLTag": {"code": "0xb4cc7540", "doc": "http://searchengineland.com/purchases-google-quietly-opens-beta-request-google-merchant-center-275182", "row": 71, "column": 76, "tagName": "link", "time": 31357.997250, "url": "https://plus.google.com/103218677032751327334", "pos": 1, "chunkLen": 1, "isStartTag": 1}}
06-28 17:18:15.333 18805 18818 E WProf.db: {"WprofHTMLTag": {"code": "0xb4cc78a0", "doc": "http://searchengineland.com/purchases-google-quietly-opens-beta-request-google-merchant-center-275182", "row": 72, "column": 45, "tagName": "meta", "time": 31357.997434, "url": "", "pos": 1, "chunkLen": 1, "isStartTag": 1}}
06-28 17:18:15.333 18805 18818 E WProf.db: {"WprofHTMLTag": {"code": "0xb4cc78d0", "doc": "http://searchengineland.com/purchases-google-quietly-opens-beta-request-google-merchant-center-275182", "row": 73, "column": 45, "tagName": "meta", "time": 31357.997547, "url": "", "pos": 1, "chunkLen": 1, "isStartTag": 1}}
06-28 17:18:15.333 18805 18818 E WProf.db: {"WprofHTMLTag": {"code": "0xb4cc7900", "doc": "http://searchengineland.com/purchases-google-quietly-opens-beta-request-google-merchant-center-275182", "row": 74, "column": 96, "tagName": "meta", "time": 31357.997657, "url": "", "pos": 1, "chunkLen": 1, "isStartTag": 1}}
06-28 17:18:15.333 18805 18818 E WProf.db: {"WprofHTMLTag": {"code": "0xb4cc7930", "doc": "http://searchengineland.com/purchases-google-quietly-opens-beta-request-google-merchant-center-275182", "row": 75, "column": 129, "tagName": "meta", "time": 31357.997759, "url": "", "pos": 1, "chunkLen": 1, "isStartTag": 1}}
06-28 17:18:15.334 18805 18818 E WProf.db: {"WprofHTMLTag": {"code": "0xb4cc7960", "doc": "http://searchengineland.com/purchases-google-quietly-opens-beta-request-google-merchant-center-275182", "row": 76, "column": 138, "tagName": "meta", "time": 31357.997869, "url": "", "pos": 1, "chunkLen": 1, "isStartTag": 1}}
06-28 17:18:15.334 18805 18818 E WProf.db: {"WprofHTMLTag": {"code": "0xb4cc7990", "doc": "http://searchengineland.com/purchases-google-quietly-opens-beta-request-google-merchant-center-275182", "row": 77, "column": 61, "tagName": "meta", "time": 31357.997981, "url": "", "pos": 1, "chunkLen": 1, "isStartTag": 1}}
06-28 17:18:15.334 18805 18818 E WProf.db: {"WprofHTMLTag": {"code": "0xb4cc79c0", "doc": "http://searchengineland.com/purchases-google-quietly-opens-beta-request-google-merchant-center-275182", "row": 78, "column": 89, "tagName": "meta", "time": 31357.998093, "url": "", "pos": 1, "chunkLen": 1, "isStartTag": 1}}
06-28 17:18:15.334 18805 18818 E WProf.db: {"WprofHTMLTag": {"code": "0xb4cc79f0", "doc": "http://searchengineland.com/purchases-google-quietly-opens-beta-request-google-merchant-center-275182", "row": 79, "column": 82, "tagName": "meta", "time": 31357.998203, "url": "", "pos": 1, "chunkLen": 1, "isStartTag": 1}}
06-28 17:18:15.334 18805 18818 E WProf.db: {"WprofHTMLTag": {"code": "0xb4cc7a20", "doc": "http://searchengineland.com/purchases-google-quietly-opens-beta-request-google-merchant-center-275182", "row": 80, "column": 70, "tagName": "meta", "time": 31357.998328, "url": "", "pos": 1, "chunkLen": 1, "isStartTag": 1}}
06-28 17:18:15.334 18805 18818 E WProf.db: {"WprofHTMLTag": {"code": "0xb4cc7a50", "doc": "http://searchengineland.com/purchases-google-quietly-opens-beta-request-google-merchant-center-275182", "row": 81, "column": 78, "tagName": "meta", "time": 31357.998438, "url": "", "pos": 1, "chunkLen": 1, "isStartTag": 1}}
06-28 17:18:15.334 18805 18818 E WProf.db: {"WprofHTMLTag": {"code": "0xb4cc7a80", "doc": "http://searchengineland.com/purchases-google-quietly-opens-beta-request-google-merchant-center-275182", "row": 82, "column": 77, "tagName": "meta", "time": 31357.998545, "url": "", "pos": 1, "chunkLen": 1, "isStartTag": 1}}
06-28 17:18:15.334 18805 18818 E WProf.db: {"WprofHTMLTag": {"code": "0xb4cc7ab0", "doc": "http://searchengineland.com/purchases-google-quietly-opens-beta-request-google-merchant-center-275182", "row": 83, "column": 71, "tagName": "meta", "time": 31357.998656, "url": "", "pos": 1, "chunkLen": 1, "isStartTag": 1}}
06-28 17:18:15.334 18805 18818 E WProf.db: {"WprofHTMLTag": {"code": "0xb4cc7ae0", "doc": "http://searchengineland.com/purchases-google-quietly-opens-beta-request-google-merchant-center-275182", "row": 84, "column": 149, "tagName": "meta", "time": 31357.998765, "url": "", "pos": 1, "chunkLen": 1, "isStartTag": 1}}
06-28 17:18:15.334 18805 18818 E WProf.db: {"WprofHTMLTag": {"code": "0xb4cc7b10", "doc": "http://searchengineland.com/purchases-google-quietly-opens-beta-request-google-merchant-center-275182", "row": 85, "column": 49, "tagName": "meta", "time": 31357.998871, "url": "", "pos": 1, "chunkLen": 1, "isStartTag": 1}}
06-28 17:18:15.334 18805 18818 E WProf.db: {"WprofHTMLTag": {"code": "0xb4cc7b40", "doc": "http://searchengineland.com/purchases-google-quietly-opens-beta-request-google-merchant-center-275182", "row": 86, "column": 50, "tagName": "meta", "time": 31357.998984, "url": "", "pos": 1, "chunkLen": 1, "isStartTag": 1}}
06-28 17:18:15.335 18805 18818 E WProf.db: {"WprofHTMLTag": {"code": "0xb4cc7b70", "doc": "http://searchengineland.com/purchases-google-quietly-opens-beta-request-google-merchant-center-275182", "row": 87, "column": 58, "tagName": "meta", "time": 31357.999089, "url": "", "pos": 1, "chunkLen": 1, "isStartTag": 1}}
06-28 17:18:15.335 18805 18818 E WProf.db: {"WprofHTMLTag": {"code": "0xb4cc7ba0", "doc": "http://searchengineland.com/purchases-google-quietly-opens-beta-request-google-merchant-center-275182", "row": 88, "column": 130, "tagName": "meta", "time": 31357.999195, "url": "", "pos": 1, "chunkLen": 1, "isStartTag": 1}}
06-28 17:18:15.335 18805 18818 E WProf.db: {"WprofHTMLTag": {"code": "0xb4cc7bd0", "doc": "http://searchengineland.com/purchases-google-quietly-opens-beta-request-google-merchant-center-275182", "row": 89, "column": 97, "tagName": "meta", "time": 31357.999311, "url": "", "pos": 1, "chunkLen": 1, "isStartTag": 1}}
06-28 17:18:15.335 18805 18818 E WProf.db: {"WprofHTMLTag": {"code": "0xb4cc7c00", "doc": "http://searchengineland.com/purchases-google-quietly-opens-beta-request-google-merchant-center-275182", "row": 90, "column": 51, "tagName": "meta", "time": 31357.999420, "url": "", "pos": 1, "chunkLen": 1, "isStartTag": 1}}
06-28 17:18:15.335 18805 18818 E WProf.db: {"WprofHTMLTag": {"code": "0xb4cc7c30", "doc": "http://searchengineland.com/purchases-google-quietly-opens-beta-request-google-merchant-center-275182", "row": 91, "column": 150, "tagName": "meta", "time": 31357.999524, "url": "", "pos": 1, "chunkLen": 1, "isStartTag": 1}}
06-28 17:18:15.335 18805 18818 E WProf.db: {"WprofHTMLTag": {"code": "0xb4cc7c60", "doc": "http://searchengineland.com/purchases-google-quietly-opens-beta-request-google-merchant-center-275182", "row": 92, "column": 54, "tagName": "meta", "time": 31357.999631, "url": "", "pos": 1, "chunkLen": 1, "isStartTag": 1}}
06-28 17:18:15.335 18805 18818 E WProf.db: {"WprofHTMLTag": {"code": "0xb4cc7c90", "doc": "http://searchengineland.com/purchases-google-quietly-opens-beta-request-google-merchant-center-275182", "row": 95, "column": 44, "tagName": "link", "time": 31357.999740, "url": "http://s.w.org/", "pos": 1, "chunkLen": 1, "isStartTag": 1}}
06-28 17:18:15.335 18805 18818 E WProf.db: {"WprofHTMLTag": {"code": "0xb4cc7cc0", "doc": "http://searchengineland.com/purchases-google-quietly-opens-beta-request-google-merchant-center-275182", "row": 96, "column": 33, "tagName": "script", "time": 31358.000392, "url": "", "pos": 1, "chunkLen": 1, "isStartTag": 1}}
06-28 17:18:15.335 18805 18818 E WProf.db: {"WprofHTMLTag": {"code": "0xb4cc7cf0", "doc": "http://searchengineland.com/purchases-google-quietly-opens-beta-request-google-merchant-center-275182", "row": 99, "column": 11, "tagName": "script", "time": 31358.000591, "url": "http://searchengineland.com/figz/wp-includes/js/wp-emoji-release.min.js?ver=4.7.5", "pos": 1, "chunkLen": 1, "isStartTag": 0}}
06-28 17:18:15.335 18805 18818 E WProf.db: {"WprofHTMLTag": {"code": "0xaa1a99c0", "doc": "http://searchengineland.com/purchases-google-quietly-opens-beta-request-google-merchant-center-275182", "row": 100, "column": 25, "tagName": "style", "time": 31358.615399, "url": "", "pos": 1, "chunkLen": 1, "isStartTag": 1}}
06-28 17:18:15.335 18805 18818 E WProf.db: {"WprofHTMLTag": {"code": "0xaa1a99f0", "doc": "http://searchengineland.com/purchases-google-quietly-opens-beta-request-google-merchant-center-275182", "row": 113, "column": 8, "tagName": "style", "time": 31358.615588, "url": "", "pos": 1, "chunkLen": 1, "isStartTag": 0}}
06-28 17:18:15.335 18805 18818 E WProf.db: {"WprofHTMLTag": {"code": "0xaa1a9a20", "doc": "http://searchengineland.com/purchases-google-quietly-opens-beta-request-google-merchant-center-275182", "row": 114, "column": 140, "tagName": "script", "time": 31358.617292, "url": "http://searchengineland.com/figz/wp-content/themes/searchengineland/js/lib/modernizr.custom.js?ver=1.0", "pos": 1, "chunkLen": 1, "isStartTag": 1}}
06-28 17:18:15.335 18805 18818 E WProf.db: {"WprofHTMLTag": {"code": "0xaa1a9a50", "doc": "http://searchengineland.com/purchases-google-quietly-opens-beta-request-google-merchant-center-275182", "row": 114, "column": 149, "tagName": "script", "time": 31358.617537, "url": "", "pos": 1, "chunkLen": 1, "isStartTag": 0}}
06-28 17:18:15.336 18805 18818 E WProf.db: {"WprofHTMLTag": {"code": "0xaedd6ae0", "doc": "http://searchengineland.com/purchases-google-quietly-opens-beta-request-google-merchant-center-275182", "row": 115, "column": 144, "tagName": "script", "time": 31358.628798, "url": "http://searchengineland.com/figz/wp-content/themes/searchengineland/js/lib/jquery-1.11.0.min.js?ver=1.11.0", "pos": 1, "chunkLen": 1, "isStartTag": 1}}
06-28 17:18:15.336 18805 18818 E WProf.db: {"WprofHTMLTag": {"code": "0xaa1a9ae0", "doc": "http://searchengineland.com/purchases-google-quietly-opens-beta-request-google-merchant-center-275182", "row": 115, "column": 153, "tagName": "script", "time": 31358.629062, "url": "", "pos": 1, "chunkLen": 1, "isStartTag": 0}}
06-28 17:18:15.336 18805 18818 E WProf.db: {"WprofHTMLTag": {"code": "0xaedd6c30", "doc": "http://searchengineland.com/purchases-google-quietly-opens-beta-request-google-merchant-center-275182", "row": 0, "column": 15, "tagName": "div", "time": 31358.714375, "url": "", "pos": 15, "chunkLen": 44, "isStartTag": 1}}
06-28 17:18:15.336 18805 18818 E WProf.db: {"WprofHTMLTag": {"code": "0xaedd6c00", "doc": "http://searchengineland.com/purchases-google-quietly-opens-beta-request-google-merchant-center-275182", "row": 0, "column": 21, "tagName": "div", "time": 31358.714496, "url": "", "pos": 21, "chunkLen": 44, "isStartTag": 0}}
06-28 17:18:15.336 18805 18818 E WProf.db: {"WprofHTMLTag": {"code": "0xaedd6c90", "doc": "http://searchengineland.com/purchases-google-quietly-opens-beta-request-google-merchant-center-275182", "row": 0, "column": 38, "tagName": "div", "time": 31358.714562, "url": "", "pos": 38, "chunkLen": 44, "isStartTag": 1}}
06-28 17:18:15.336 18805 18818 E WProf.db: {"WprofHTMLTag": {"code": "0xaedd6b40", "doc": "http://searchengineland.com/purchases-google-quietly-opens-beta-request-google-merchant-center-275182", "row": 0, "column": 44, "tagName": "div", "time": 31358.714686, "url": "", "pos": 44, "chunkLen": 44, "isStartTag": 0}}
06-28 17:18:15.336 18805 18818 E WProf.db: {"WprofHTMLTag": {"code": "0xaedd6d80", "doc": "http://searchengineland.com/purchases-google-quietly-opens-beta-request-google-merchant-center-275182", "row": 0, "column": 13, "tagName": "select", "time": 31358.716388, "url": "", "pos": 13, "chunkLen": 51, "isStartTag": 1}}
06-28 17:18:15.336 18805 18818 E WProf.db: {"WprofHTMLTag": {"code": "0xaedd6d20", "doc": "http://searchengineland.com/purchases-google-quietly-opens-beta-request-google-merchant-center-275182", "row": 0, "column": 33, "tagName": "option", "time": 31358.716563, "url": "", "pos": 33, "chunkLen": 51, "isStartTag": 1}}
06-28 17:18:15.336 18805 18818 E WProf.db: {"WprofHTMLTag": {"code": "0xaa1a9b10", "doc": "http://searchengineland.com/purchases-google-quietly-opens-beta-request-google-merchant-center-275182", "row": 0, "column": 42, "tagName": "option", "time": 31358.716748, "url": "", "pos": 42, "chunkLen": 51, "isStartTag": 0}}
06-28 17:18:15.336 18805 18818 E WProf.db: {"WprofHTMLTag": {"code": "0xaa1a9b40", "doc": "http://searchengineland.com/purchases-google-quietly-opens-beta-request-google-merchant-center-275182", "row": 0, "column": 51, "tagName": "select", "time": 31358.716806, "url": "", "pos": 51, "chunkLen": 51, "isStartTag": 0}}
06-28 17:18:15.336 18805 18818 E WProf.db: {"WprofHTMLTag": {"code": "0xaa1a9b70", "doc": "http://searchengineland.com/purchases-google-quietly-opens-beta-request-google-merchant-center-275182", "row": 0, "column": 12, "tagName": "a", "time": 31358.721273, "url": "", "pos": 12, "chunkLen": 16, "isStartTag": 1}}
06-28 17:18:15.336 18805 18818 E WProf.db: {"WprofHTMLTag": {"code": "0xaa1a9ba0", "doc": "http://searchengineland.com/purchases-google-quietly-opens-beta-request-google-merchant-center-275182", "row": 0, "column": 16, "tagName": "a", "time": 31358.721445, "url": "", "pos": 16, "chunkLen": 16, "isStartTag": 0}}
06-28 17:18:15.336 18805 18818 E WProf.db: {"WprofHTMLTag": {"code": "0xaa1a9bd0", "doc": "http://searchengineland.com/purchases-google-quietly-opens-beta-request-google-merchant-center-275182", "row": 0, "column": 8, "tagName": "input", "time": 31358.722463, "url": "", "pos": 8, "chunkLen": 8, "isStartTag": 1}}
06-28 17:18:15.337 18805 18818 E WProf.db: {"WprofHTMLTag": {"code": "0xaa1a9c00", "doc": "http://searchengineland.com/purchases-google-quietly-opens-beta-request-google-merchant-center-275182", "row": 0, "column": 9, "tagName": "link", "time": 31358.731619, "url": "", "pos": 9, "chunkLen": 42, "isStartTag": 1}}
06-28 17:18:15.337 18805 18818 E WProf.db: {"WprofHTMLTag": {"code": "0xaa1a9c30", "doc": "http://searchengineland.com/purchases-google-quietly-opens-beta-request-google-merchant-center-275182", "row": 0, "column": 16, "tagName": "table", "time": 31358.731748, "url": "", "pos": 16, "chunkLen": 42, "isStartTag": 1}}
06-28 17:18:15.337 18805 18818 E WProf.db: {"WprofHTMLTag": {"code": "0xaa1a9c60", "doc": "http://searchengineland.com/purchases-google-quietly-opens-beta-request-google-merchant-center-275182", "row": 0, "column": 24, "tagName": "table", "time": 31358.731865, "url": "", "pos": 24, "chunkLen": 42, "isStartTag": 0}}
06-28 17:18:15.337 18805 18818 E WProf.db: {"WprofHTMLTag": {"code": "0xaa1a9c90", "doc": "http://searchengineland.com/purchases-google-quietly-opens-beta-request-google-merchant-center-275182", "row": 0, "column": 37, "tagName": "a", "time": 31358.731933, "url": "", "pos": 37, "chunkLen": 42, "isStartTag": 1}}
06-28 17:18:15.337 18805 18818 E WProf.db: {"WprofHTMLTag": {"code": "0xaa1a9cc0", "doc": "http://searchengineland.com/purchases-google-quietly-opens-beta-request-google-merchant-center-275182", "row": 0, "column": 42, "tagName": "a", "time": 31358.732106, "url": "", "pos": 42, "chunkLen": 42, "isStartTag": 0}}
06-28 17:18:15.337 18805 18818 E WProf.db: {"WprofHTMLTag": {"code": "0xaa1a9d50", "doc": "http://searchengineland.com/purchases-google-quietly-opens-beta-request-google-merchant-center-275182", "row": 0, "column": 10, "tagName": "textarea", "time": 31358.733683, "url": "", "pos": 10, "chunkLen": 22, "isStartTag": 1}}
06-28 17:18:15.337 18805 18818 E WProf.db: {"WprofHTMLTag": {"code": "0xaa1a9d80", "doc": "http://searchengineland.com/purchases-google-quietly-opens-beta-request-google-merchant-center-275182", "row": 0, "column": 22, "tagName": "textarea", "time": 31358.733887, "url": "", "pos": 22, "chunkLen": 22, "isStartTag": 0}}
06-28 17:18:15.337 18805 18818 E WProf.db: {"WprofHTMLTag": {"code": "0xaa1a9db0", "doc": "http://searchengineland.com/purchases-google-quietly-opens-beta-request-google-merchant-center-275182", "row": 0, "column": 48, "tagName": "input", "time": 31358.735099, "url": "", "pos": 48, "chunkLen": 48, "isStartTag": 1}}
06-28 17:18:15.337 18805 18818 E WProf.db: {"WprofHTMLTag": {"code": "0xaa1a9e10", "doc": "http://searchengineland.com/purchases-google-quietly-opens-beta-request-google-merchant-center-275182", "row": 0, "column": 9, "tagName": "link", "time": 31358.739573, "url": "", "pos": 9, "chunkLen": 66, "isStartTag": 1}}
06-28 17:18:15.337 18805 18818 E WProf.db: {"WprofHTMLTag": {"code": "0xaa1a9e40", "doc": "http://searchengineland.com/purchases-google-quietly-opens-beta-request-google-merchant-center-275182", "row": 0, "column": 16, "tagName": "table", "time": 31358.739690, "url": "", "pos": 16, "chunkLen": 66, "isStartTag": 1}}
06-28 17:18:15.337 18805 18818 E WProf.db: {"WprofHTMLTag": {"code": "0xaa1a9e70", "doc": "http://searchengineland.com/purchases-google-quietly-opens-beta-request-google-merchant-center-275182", "row": 0, "column": 24, "tagName": "table", "time": 31358.739762, "url": "", "pos": 24, "chunkLen": 66, "isStartTag": 0}}
06-28 17:18:15.337 18805 18818 E WProf.db: {"WprofHTMLTag": {"code": "0xaa1a9ea0", "doc": "http://searchengineland.com/purchases-google-quietly-opens-beta-request-google-merchant-center-275182", "row": 0, "column": 37, "tagName": "a", "time": 31358.739844, "url": "", "pos": 37, "chunkLen": 66, "isStartTag": 1}}
06-28 17:18:15.337 18805 18818 E WProf.db: {"WprofHTMLTag": {"code": "0xaa1a9ed0", "doc": "http://searchengineland.com/purchases-google-quietly-opens-beta-request-google-merchant-center-275182", "row": 0, "column": 42, "tagName": "a", "time": 31358.740072, "url": "", "pos": 42, "chunkLen": 66, "isStartTag": 0}}
06-28 17:18:15.337 18805 18818 E WProf.db: {"WprofHTMLTag": {"code": "0xaa1a9f00", "doc": "http://searchengineland.com/purchases-google-quietly-opens-beta-request-google-merchant-center-275182", "row": 0, "column": 66, "tagName": "input", "time": 31358.740138, "url": "", "pos": 66, "chunkLen": 66, "isStartTag": 1}}
06-28 17:18:15.338 18805 18818 E WProf.db: {"WprofHTMLTag": {"code": "0xaa1a9f90", "doc": "http://searchengineland.com/purchases-google-quietly-opens-beta-request-google-merchant-center-275182", "row": 0, "column": 9, "tagName": "link", "time": 31358.741982, "url": "", "pos": 9, "chunkLen": 66, "isStartTag": 1}}
