--------- beginning of main
06-28 16:58:18.413  3449  3449 E Finsky  : [1] com.google.android.finsky.wear.bl.a(3): onConnectionFailed: ConnectionResult{statusCode=API_UNAVAILABLE, resolution=null, message=null}
--------- beginning of system
06-28 16:58:19.487 11022 11022 E chromium: [ERROR:shell_integration_android.cc(12)] Not implemented reached in static ShellIntegration::DefaultWebClientSetPermission ShellIntegration::CanSetAsDefaultBrowser()
06-28 16:58:19.491 11022 11022 E chromium: [ERROR:browser_process_impl.cc(720)] Not implemented reached in virtual BackgroundModeManager* BrowserProcessImpl::background_mode_manager()
06-28 16:58:22.259 11022 11069 E chromium: [ERROR:gles2_cmd_decoder.cc(3852)] [.ChromiumCompositor-0xacbb2fc0]GL ERROR :GL_INVALID_ENUM : glDiscardFramebufferEXT: attachments was GL_COLOR_EXT
06-28 16:58:22.688 11089 11102 E WPROF   : {"CSS": {"url": "http://searchengineland.com/figz/wp-content/themes/searchengineland/css/searchengineland-bootstrap.css", "requestTime": 30179.744148}}
06-28 16:58:22.689 11089 11102 E WPROF   : {"CSS": {"url": "http://fonts.googleapis.com/css?family=Oswald:300,400,700", "requestTime": 30179.744823}}
06-28 16:58:22.690 11089 11102 E WPROF   : {"CSS": {"url": "http://searchengineland.com/figz/wp-content/themes/searchengineland/style.css", "requestTime": 30179.745649}}
06-28 16:58:22.697 11089 11102 E WPROF   : {"Javascript": {"url": "http://searchengineland.com/figz/wp-content/themes/searchengineland/js/lib/modernizr.custom.js?ver=1.0", "requestTime": 30179.752800}}
06-28 16:58:22.698 11089 11102 E WPROF   : {"Javascript": {"url": "http://searchengineland.com/figz/wp-content/themes/searchengineland/js/lib/jquery-1.11.0.min.js?ver=1.11.0", "requestTime": 30179.753829}}
06-28 16:58:22.699 11089 11102 E WPROF   : {"Javascript": {"url": "http://searchengineland.com/figz/wp-content/themes/searchengineland/js/lib/jquery-ui-1.10.3.custom.min.js?ver=1.10.3", "requestTime": 30179.754663}}
06-28 16:58:22.700 11089 11102 E WPROF   : {"Javascript": {"url": "http://searchengineland.com/figz/wp-content/themes/searchengineland/js/lib/jquery.ba-throttle-debounce.min.js?ver=1.1", "requestTime": 30179.755584}}
06-28 16:58:22.701 11089 11102 E WPROF   : {"Javascript": {"url": "http://searchengineland.com/figz/wp-content/themes/searchengineland/js/lib/jquery.countdown.min.js?ver=2.0.4", "requestTime": 30179.756210}}
06-28 16:58:22.701 11089 11102 E WPROF   : {"Javascript": {"url": "http://static.chartbeat.com/js/chartbeat_mab.js", "requestTime": 30179.756874}}
06-28 16:58:23.383 11089 11102 E WPROF   : {"Javascript": {"url": "http://searchengineland.com/figz/wp-includes/js/wp-emoji-release.min.js?ver=4.7.5", "requestTime": 30180.438371}}
06-28 16:58:23.680 11089 11102 E WPROF   : {"Javascript": {"url": "http://www.googletagservices.com/tag/js/gpt.js", "requestTime": 30180.736195}}
06-28 16:58:23.684 11089 11102 E WPROF   : {"Javascript": {"url": "https://www.google-analytics.com/analytics.js", "requestTime": 30180.739703}}
06-28 16:58:23.686 11089 11102 E WPROF   : {"Javascript": {"url": "http://edge.quantserve.com/quant.js", "requestTime": 30180.741546}}
06-28 16:58:23.688 11089 11102 E WPROF   : {"Javascript": {"url": "https://connect.facebook.net/en_US/fbevents.js", "requestTime": 30180.743224}}
06-28 16:58:23.744 11022 11069 E chromium: [ERROR:gles2_cmd_decoder.cc(3852)] [.ChromiumCompositor-0xacbb2fc0]GL ERROR :GL_INVALID_ENUM : glDiscardFramebufferEXT: attachments was GL_COLOR_EXT
06-28 16:58:23.789 11089 11102 E WPROF   : {"Javascript": {"url": "http://app-sj02.marketo.com/js/forms2/js/forms2.min.js", "requestTime": 30180.844956}}
06-28 16:58:23.881 11022 11069 E chromium: [ERROR:gles2_cmd_decoder.cc(3852)] [.ChromiumCompositor-0xacbb2fc0]GL ERROR :GL_INVALID_ENUM : glDiscardFramebufferEXT: attachments was GL_COLOR_EXT
06-28 16:58:23.907 11089 11102 E WPROF   : {"Javascript": {"url": "https://connect.facebook.net/signals/config/423979991297359?v=2.7.17", "requestTime": 30180.962909}}
06-28 16:58:24.059 11089 11102 E WPROF   : {"Javascript": {"url": "http://app-sj02.marketo.com/index.php/form/getForm?munchkinId=727-ZQE-044&form=5691&url=http%3A%2F%2Fsearchengineland.com%2Fregister-smx-advanced-week-reserve-spot-save-400-274672&callback=jQuery1102014678040449507535_1498636703991&_=1498636703992", "requestTime": 30181.115178}}
06-28 16:58:24.076 11089 11102 E WPROF   : {"Javascript": {"url": "http://app-sj02.marketo.com/index.php/form/getForm?munchkinId=727-ZQE-044&form=5685&url=http%3A%2F%2Fsearchengineland.com%2Fregister-smx-advanced-week-reserve-spot-save-400-274672&callback=jQuery1102014678040449507535_1498636703993&_=1498636703994", "requestTime": 30181.131433}}
06-28 16:58:24.310 11089 11102 E WPROF   : {"Javascript": {"url": "http://app-sj02.marketo.com/index.php/form/getForm?munchkinId=727-ZQE-044&form=5673&url=http%3A%2F%2Fsearchengineland.com%2Fregister-smx-advanced-week-reserve-spot-save-400-274672&callback=jQuery1102014678040449507535_1498636703995&_=1498636703996", "requestTime": 30181.366090}}
06-28 16:58:24.324 11089 11102 E WPROF   : {"Javascript": {"url": "http://searchengineland.com/js/ga_social_tracking.js", "requestTime": 30181.379830}}
06-28 16:58:24.328 11089 11102 E WPROF   : {"Javascript": {"url": "http://s7.addthis.com/js/300/addthis_widget.js#pubid=ra-53e918f660794f37", "requestTime": 30181.383547}}
06-28 16:58:24.347 11022 11069 E chromium: [ERROR:gles2_cmd_decoder.cc(3852)] [.ChromiumCompositor-0xacbb2fc0]GL ERROR :GL_INVALID_ENUM : glDiscardFramebufferEXT: attachments was GL_COLOR_EXT
06-28 16:58:24.407 11089 11102 E WPROF   : {"Javascript": {"url": "https://securepubads.g.doubleclick.net/gpt/pubads_impl_121.js", "requestTime": 30181.462342}}
06-28 16:58:24.740 11089 11102 E WPROF   : {"Javascript": {"url": "http://cdn.api.twitter.com/1/users/show.json?screen_name=sengineland&callback=twttr.setFollowersCount", "requestTime": 30181.796015}}
06-28 16:58:24.850 11089 11102 E WPROF   : {"CSS": {"url": "http://app-sj02.marketo.com/js/forms2/css/forms2.css", "requestTime": 30181.905835}}
06-28 16:58:24.853 11089 11102 E WPROF   : {"CSS": {"url": "http://app-sj02.marketo.com/js/forms2/css/forms2-theme-simple.css", "requestTime": 30181.908727}}
06-28 16:58:24.927 11089 11102 E WPROF   : {"Javascript": {"url": "https://static.xx.fbcdn.net/rsrc.php/v3iy6L4/yF/l/ko_KR/w3AiswiqjrJ.js", "requestTime": 30181.983054}}
06-28 16:58:25.102 11022 11069 E chromium: [ERROR:gles2_cmd_decoder.cc(3852)] [.ChromiumCompositor-0xacbb2fc0]GL ERROR :GL_INVALID_ENUM : glDiscardFramebufferEXT: attachments was GL_COLOR_EXT
06-28 16:58:25.605 11089 11102 E WPROF   : {"Javascript": {"url": "https://securepubads.g.doubleclick.net/gampad/ads?gdfp_req=1&correlator=778968205623296&output=json_html&callback=googletag.impl.pubads.callbackProxy1&impl=fifs&json_a=1&eid=108809080%2C108809103&sc=0&sfv=1-0-9&iu_parts=1038259%2Csel-ciu-1%2Csel-ciu-2%2Csel-ciu-3%2Csel-ciu-4%2Csel-ciu-5%2Cch-industr", "requestTime": 30182.660665}}
06-28 16:58:26.074 11089 11102 E WPROF   : {"Javascript": {"url": "http://platform.twitter.com/widgets.js", "requestTime": 30183.129336}}
06-28 16:58:26.076 11089 11102 E WPROF   : {"Javascript": {"url": "http://connect.facebook.net/en_US/sdk.js", "requestTime": 30183.131810}}
06-28 16:58:26.078 11089 11102 E WPROF   : {"Javascript": {"url": "https://apis.google.com/js/platform.js", "requestTime": 30183.133466}}
06-28 16:58:26.100 11089 11102 E WPROF   : {"Javascript": {"url": "http://rules.quantcount.com/rules-p-5aGizvD82d9hk.js", "requestTime": 30183.155376}}
06-28 16:58:26.103 11089 11102 E WPROF   : {"Javascript": {"url": "http://munchkin.marketo.net/munchkin.js", "requestTime": 30183.158357}}
06-28 16:58:26.231 11022 11069 E chromium: [ERROR:gles2_cmd_decoder.cc(3852)] [.ChromiumCompositor-0xacbb2fc0]GL ERROR :GL_INVALID_ENUM : glDiscardFramebufferEXT: attachments was GL_COLOR_EXT
06-28 16:58:26.324 11089 11102 E WPROF   : {"Javascript": {"url": "http://d2j3qa5nc37287.cloudfront.net/coupon_code1.js", "requestTime": 30183.379364}}
06-28 16:58:26.326 11089 11102 E WPROF   : {"Javascript": {"url": "http://www.googleadservices.com/pagead/conversion.js", "requestTime": 30183.381617}}
06-28 16:58:26.327 11089 11102 E WPROF   : {"Javascript": {"url": "http://searchengineland.com/figz/wp-content/themes/searchengineland/js/script.js?ver=1.0", "requestTime": 30183.382313}}
06-28 16:58:26.327 11089 11102 E WPROF   : {"Javascript": {"url": "http://searchengineland.com/figz/wp-includes/js/wp-embed.min.js?ver=4.7.5", "requestTime": 30183.382732}}
06-28 16:58:26.327 11089 11102 E WPROF   : {"Javascript": {"url": "http://searchengineland.com/figz/wp-content/themes/searchengineland/js/modules/sharing_controls.js", "requestTime": 30183.383160}}
06-28 16:58:26.341 11089 11102 E WPROF   : {"CSS": {"url": "https://www.youtube.com/yts/cssbin/www-embed-player-sprite-mode-vfl5G4Xm8.css", "requestTime": 30183.396387}}
06-28 16:58:26.342 11089 11102 E WPROF   : {"Javascript": {"url": "https://www.youtube.com/yts/jsbin/www-embed-player-vfl_UY_j8/www-embed-player.js", "requestTime": 30183.397714}}
06-28 16:58:26.342 11089 11102 E WPROF   : {"Javascript": {"url": "https://www.youtube.com/yts/jsbin/player-vflo1w4O-/ko_KR/base.js", "requestTime": 30183.398203}}
06-28 16:58:26.367 11022 11069 E chromium: [ERROR:gles2_cmd_decoder.cc(3852)] [.ChromiumCompositor-0xacbb2fc0]GL ERROR :GL_INVALID_ENUM : glDiscardFramebufferEXT: attachments was GL_COLOR_EXT
06-28 16:58:26.858 11089 11102 E WPROF   : {"Javascript": {"url": "http://dnn506yrbagrg.cloudfront.net/pages/scripts/0026/4062.js?416287", "requestTime": 30183.913217}}
06-28 16:58:27.375 11022 11069 E chromium: [ERROR:gles2_cmd_decoder.cc(3852)] [.ChromiumCompositor-0xacbb2fc0]GL ERROR :GL_INVALID_ENUM : glDiscardFramebufferEXT: attachments was GL_COLOR_EXT
06-28 16:58:27.736 11089 11102 E WPROF   : {"Javascript": {"url": "http://m.addthisedge.com/live/boost/ra-53e918f660794f37/_ate.track.config_resp", "requestTime": 30184.791560}}
06-28 16:58:27.789 11089 11102 E WPROF   : {"Javascript": {"url": "http://m.addthis.com/live/red_lojson/300lo.json?si=595361a1678e5bbb&bkl=0&bl=1&pdt=2161&sid=595361a1678e5bbb&pub=ra-53e918f660794f37&rev=v7.15.4-wp&ln=ko&pc=men&cb=0&ab=-&dp=searchengineland.com&fp=register-smx-advanced-week-reserve-spot-save-400-274672&fr=&of=0&pd=0&irt=0&vcl=0&md=0&ct=1&tct=0&abt=", "requestTime": 30184.844596}}
06-28 16:58:28.122 11022 11069 E chromium: [ERROR:gles2_cmd_decoder.cc(3852)] [.ChromiumCompositor-0xacbb2fc0]GL ERROR :GL_INVALID_ENUM : glDiscardFramebufferEXT: attachments was GL_COLOR_EXT
06-28 16:58:29.090 11089 11102 E WPROF   : {"Javascript": {"url": "https://www.google.com/js/bg/KWBfAnWFESAEEaKKgdYlTHY9ysQaNoQuzeMFqvxDSM8.js", "requestTime": 30186.145670}}
06-28 16:58:29.093 11089 11102 E WPROF   : {"Javascript": {"url": "https://static.doubleclick.net/instream/ad_status.js", "requestTime": 30186.148353}}
06-28 16:58:29.296 11022 11069 E chromium: [ERROR:gles2_cmd_decoder.cc(3852)] [.ChromiumCompositor-0xacbb2fc0]GL ERROR :GL_INVALID_ENUM : glDiscardFramebufferEXT: attachments was GL_COLOR_EXT
06-28 16:58:29.425 11022 11069 E chromium: [ERROR:gles2_cmd_decoder.cc(3852)] [.ChromiumCompositor-0xacbb2fc0]GL ERROR :GL_INVALID_ENUM : glDiscardFramebufferEXT: attachments was GL_COLOR_EXT
06-28 16:58:29.566 11022 11069 E chromium: [ERROR:gles2_cmd_decoder.cc(3852)] [.ChromiumCompositor-0xacbb2fc0]GL ERROR :GL_INVALID_ENUM : glDiscardFramebufferEXT: attachments was GL_COLOR_EXT
06-28 16:58:29.705 11022 11069 E chromium: [ERROR:gles2_cmd_decoder.cc(3852)] [.ChromiumCompositor-0xacbb2fc0]GL ERROR :GL_INVALID_ENUM : glDiscardFramebufferEXT: attachments was GL_COLOR_EXT
06-28 16:58:30.613 11089 11102 E WPROF   : {"Javascript": {"url": "https://platform.twitter.com/js/button.b731e6c82269f70f6fc53634e044a4c6.js", "requestTime": 30187.668288}}
06-28 16:58:30.618 11089 11102 E WPROF   : {"Javascript": {"url": "http://munchkin.marketo.net/151/munchkin.js", "requestTime": 30187.674144}}
06-28 16:58:30.786 11089 11102 E WPROF   : {"Javascript": {"url": "http://www.justuno.com/ajax/account_version_check.html?id=828FA275-FF73-401E-AA39-40F5A6FAB6B1", "requestTime": 30187.842032}}
06-28 16:58:30.828 11089 11102 E WPROF   : {"Javascript": {"url": "https://tpc.googlesyndication.com/pagead/js/r20170619/r20110914/client/ext/m_window_focus_non_hydra.js", "requestTime": 30187.883635}}
06-28 16:58:30.830 11089 11102 E WPROF   : {"Javascript": {"url": "https://tpc.googlesyndication.com/pagead/js/r20170619/r20110914/activeview/osd_listener.js", "requestTime": 30187.885464}}
06-28 16:58:30.834 11089 11102 E WPROF   : {"Javascript": {"url": "http://pagead2.googlesyndication.com/pagead/osd.js", "requestTime": 30187.889764}}
06-28 16:58:30.997 11089 11102 E WPROF   : {"Javascript": {"url": "http://s7.addthis.com/static/layers.4acb6c577b51939661ec.js", "requestTime": 30188.053093}}
06-28 16:58:31.120 11022 11069 E chromium: [ERROR:gles2_cmd_decoder.cc(3852)] [.ChromiumCompositor-0xacbb2fc0]GL ERROR :GL_INVALID_ENUM : glDiscardFramebufferEXT: attachments was GL_COLOR_EXT
06-28 16:58:31.332 11022 11069 E chromium: [ERROR:gles2_cmd_decoder.cc(3852)] [.ChromiumCompositor-0xacbb2fc0]GL ERROR :GL_INVALID_ENUM : glDiscardFramebufferEXT: attachments was GL_COLOR_EXT
06-28 16:58:31.510 11022 11069 E chromium: [ERROR:gles2_cmd_decoder.cc(3852)] [.ChromiumCompositor-0xacbb2fc0]GL ERROR :GL_INVALID_ENUM : glDiscardFramebufferEXT: attachments was GL_COLOR_EXT
06-28 16:58:31.679 11022 11069 E chromium: [ERROR:gles2_cmd_decoder.cc(3852)] [.ChromiumCompositor-0xacbb2fc0]GL ERROR :GL_INVALID_ENUM : glDiscardFramebufferEXT: attachments was GL_COLOR_EXT
06-28 16:58:31.752 11089 11102 E WPROF   : {"Javascript": {"url": "https://app-sj02.marketo.com/js/forms2/js/forms2.min.js", "requestTime": 30188.807775}}
06-28 16:58:31.766 11022 11069 E chromium: [ERROR:gles2_cmd_decoder.cc(3852)] [.ChromiumCompositor-0xacbb2fc0]GL ERROR :GL_INVALID_ENUM : glDiscardFramebufferEXT: attachments was GL_COLOR_EXT
06-28 16:58:34.248 11089 11102 E WPROF   : {"Javascript": {"url": "http://cdn.justuno.com/mwgt_3.6.js", "requestTime": 30191.303602}}
06-28 16:58:34.415 11022 11069 E chromium: [ERROR:gles2_cmd_decoder.cc(3852)] [.ChromiumCompositor-0xacbb2fc0]GL ERROR :GL_INVALID_ENUM : glDiscardFramebufferEXT: attachments was GL_COLOR_EXT
06-28 16:58:34.868 11022 11069 E chromium: [ERROR:gles2_cmd_decoder.cc(3852)] [.ChromiumCompositor-0xacbb2fc0]GL ERROR :GL_INVALID_ENUM : glDiscardFramebufferEXT: attachments was GL_COLOR_EXT
06-28 16:58:35.403 11022 11069 E chromium: [ERROR:gles2_cmd_decoder.cc(3852)] [.ChromiumCompositor-0xacbb2fc0]GL ERROR :GL_INVALID_ENUM : glDiscardFramebufferEXT: attachments was GL_COLOR_EXT
06-28 16:58:35.502 11089 11102 E WPROF   : {"Javascript": {"url": "https://cdn.syndication.twimg.com/widgets/followbutton/info.json?callback=__twttr.setFollowersCountAndFollowing&lang=en&screen_names=sengineland", "requestTime": 30192.557999}}
06-28 16:58:35.994 11022 11069 E chromium: [ERROR:gles2_cmd_decoder.cc(3852)] [.ChromiumCompositor-0xacbb2fc0]GL ERROR :GL_INVALID_ENUM : glDiscardFramebufferEXT: attachments was GL_COLOR_EXT
06-28 16:58:36.025 11022 11069 E chromium: [ERROR:gles2_cmd_decoder.cc(3852)] [.ChromiumCompositor-0xacbb2fc0]GL ERROR :GL_INVALID_ENUM : glDiscardFramebufferEXT: attachments was GL_COLOR_EXT
06-28 16:58:36.090 11022 11069 E chromium: [ERROR:gles2_cmd_decoder.cc(3852)] [.ChromiumCompositor-0xacbb2fc0]GL ERROR :GL_INVALID_ENUM : glDiscardFramebufferEXT: attachments was GL_COLOR_EXT
06-28 16:58:36.472 11089 11102 E WProf.db: {"page": "searchengineland.com_register-smx-advanced-week-reserve-spot-save-400-274672"}
06-28 16:58:36.472 11089 11102 E WProf.db: {"DOMLoad": 30193.527932}
06-28 16:58:36.472 11089 11102 E WProf.db: {"Resource": {"id": 1, "url": "http://searchengineland.com/register-smx-advanced-week-reserve-spot-save-400-274672", "sentTime": -1.000000, "len": 93192, "from": "0x0", "mimeType": "text/html", "contentLength": -1, "httpStatus": 200, "connId": 21, "connReused": 0, "cached": 0,"requestTime": 30179.228418, "proxyStart": -1, "proxyEnd": -1, "dnsStart": 0, "dnsEnd": 33, "connectStart": 0, "connectEnd": 210, "sendStart": 210, "sendEnd": 211, "receiveHeadersEnd": 396, "sslStart": -1, "sslEnd": -1}}
06-28 16:58:36.472 11089 11102 E WProf.db: {"ReceivedChunk": {"receivedTime": 30179.641579, "len": 12570}}
06-28 16:58:36.472 11089 11102 E WProf.db: {"ReceivedChunk": {"receivedTime": 30179.718895, "len": 32768}}
06-28 16:58:36.472 11089 11102 E WProf.db: {"ReceivedChunk": {"receivedTime": 30179.720321, "len": 28580}}
06-28 16:58:36.473 11089 11102 E WProf.db: {"ReceivedChunk": {"receivedTime": 30179.804516, "len": 14480}}
06-28 16:58:36.473 11089 11102 E WProf.db: {"ReceivedChunk": {"receivedTime": 30179.805842, "len": 4794}}
06-28 16:58:36.473 11089 11102 E WProf.db: {"WprofHTMLTag": {"code": "0xaeddd600", "doc": "http://searchengineland.com/register-smx-advanced-week-reserve-spot-save-400-274672", "row": 6, "column": 42, "tagName": "html", "time": 30179.728252, "url": "", "pos": 1, "chunkLen": 1, "isStartTag": 1}}
06-28 16:58:36.473 11089 11102 E WProf.db: {"WprofHTMLTag": {"code": "0xaf047850", "doc": "http://searchengineland.com/register-smx-advanced-week-reserve-spot-save-400-274672", "row": 7, "column": 6, "tagName": "head", "time": 30179.729263, "url": "", "pos": 1, "chunkLen": 1, "isStartTag": 1}}
06-28 16:58:36.473 11089 11102 E WProf.db: {"WprofHTMLTag": {"code": "0xaf047880", "doc": "http://searchengineland.com/register-smx-advanced-week-reserve-spot-save-400-274672", "row": 8, "column": 54, "tagName": "meta", "time": 30179.729439, "url": "", "pos": 1, "chunkLen": 1, "isStartTag": 1}}
06-28 16:58:36.473 11089 11102 E WProf.db: {"WprofHTMLTag": {"code": "0xaf0478b0", "doc": "http://searchengineland.com/register-smx-advanced-week-reserve-spot-save-400-274672", "row": 9, "column": 68, "tagName": "meta", "time": 30179.730198, "url": "", "pos": 1, "chunkLen": 1, "isStartTag": 1}}
06-28 16:58:36.473 11089 11102 E WProf.db: {"WprofHTMLTag": {"code": "0xaf0478e0", "doc": "http://searchengineland.com/register-smx-advanced-week-reserve-spot-save-400-274672", "row": 10, "column": 23, "tagName": "meta", "time": 30179.730774, "url": "", "pos": 1, "chunkLen": 1, "isStartTag": 1}}
06-28 16:58:36.473 11089 11102 E WProf.db: {"WprofHTMLTag": {"code": "0xaf047910", "doc": "http://searchengineland.com/register-smx-advanced-week-reserve-spot-save-400-274672", "row": 11, "column": 52, "tagName": "meta", "time": 30179.731424, "url": "", "pos": 1, "chunkLen": 1, "isStartTag": 1}}
06-28 16:58:36.473 11089 11102 E WProf.db: {"WprofHTMLTag": {"code": "0xaf047940", "doc": "http://searchengineland.com/register-smx-advanced-week-reserve-spot-save-400-274672", "row": 14, "column": 56, "tagName": "meta", "time": 30179.732028, "url": "", "pos": 1, "chunkLen": 1, "isStartTag": 1}}
06-28 16:58:36.473 11089 11102 E WProf.db: {"WprofHTMLTag": {"code": "0xaf047970", "doc": "http://searchengineland.com/register-smx-advanced-week-reserve-spot-save-400-274672", "row": 15, "column": 83, "tagName": "meta", "time": 30179.732626, "url": "", "pos": 1, "chunkLen": 1, "isStartTag": 1}}
06-28 16:58:36.473 11089 11102 E WProf.db: {"WprofHTMLTag": {"code": "0xaf0479a0", "doc": "http://searchengineland.com/register-smx-advanced-week-reserve-spot-save-400-274672", "row": 16, "column": 57, "tagName": "meta", "time": 30179.733145, "url": "", "pos": 1, "chunkLen": 1, "isStartTag": 1}}
06-28 16:58:36.473 11089 11102 E WProf.db: {"WprofHTMLTag": {"code": "0xaf047a30", "doc": "http://searchengineland.com/register-smx-advanced-week-reserve-spot-save-400-274672", "row": 17, "column": 41, "tagName": "meta", "time": 30179.733676, "url": "", "pos": 1, "chunkLen": 1, "isStartTag": 1}}
06-28 16:58:36.473 11089 11102 E WProf.db: {"WprofHTMLTag": {"code": "0xaf047a60", "doc": "http://searchengineland.com/register-smx-advanced-week-reserve-spot-save-400-274672", "row": 18, "column": 50, "tagName": "meta", "time": 30179.734225, "url": "", "pos": 1, "chunkLen": 1, "isStartTag": 1}}
06-28 16:58:36.473 11089 11102 E WProf.db: {"WprofHTMLTag": {"code": "0xaf047a90", "doc": "http://searchengineland.com/register-smx-advanced-week-reserve-spot-save-400-274672", "row": 19, "column": 174, "tagName": "meta", "time": 30179.734736, "url": "", "pos": 1, "chunkLen": 1, "isStartTag": 1}}
06-28 16:58:36.474 11089 11102 E WProf.db: {"WprofHTMLTag": {"code": "0xaf047a00", "doc": "http://searchengineland.com/register-smx-advanced-week-reserve-spot-save-400-274672", "row": 20, "column": 47, "tagName": "meta", "time": 30179.735306, "url": "", "pos": 1, "chunkLen": 1, "isStartTag": 1}}
06-28 16:58:36.474 11089 11102 E WProf.db: {"WprofHTMLTag": {"code": "0xaf0479d0", "doc": "http://searchengineland.com/register-smx-advanced-week-reserve-spot-save-400-274672", "row": 21, "column": 67, "tagName": "meta", "time": 30179.735832, "url": "", "pos": 1, "chunkLen": 1, "isStartTag": 1}}
06-28 16:58:36.474 11089 11102 E WProf.db: {"WprofHTMLTag": {"code": "0xaf047ac0", "doc": "http://searchengineland.com/register-smx-advanced-week-reserve-spot-save-400-274672", "row": 22, "column": 57, "tagName": "meta", "time": 30179.736364, "url": "", "pos": 1, "chunkLen": 1, "isStartTag": 1}}
06-28 16:58:36.474 11089 11102 E WProf.db: {"WprofHTMLTag": {"code": "0xaf047af0", "doc": "http://searchengineland.com/register-smx-advanced-week-reserve-spot-save-400-274672", "row": 23, "column": 65, "tagName": "meta", "time": 30179.736910, "url": "", "pos": 1, "chunkLen": 1, "isStartTag": 1}}
06-28 16:58:36.474 11089 11102 E WProf.db: {"WprofHTMLTag": {"code": "0xaf047b20", "doc": "http://searchengineland.com/register-smx-advanced-week-reserve-spot-save-400-274672", "row": 24, "column": 55, "tagName": "meta", "time": 30179.737468, "url": "", "pos": 1, "chunkLen": 1, "isStartTag": 1}}
06-28 16:58:36.474 11089 11102 E WProf.db: {"WprofHTMLTag": {"code": "0xaf047b50", "doc": "http://searchengineland.com/register-smx-advanced-week-reserve-spot-save-400-274672", "row": 25, "column": 71, "tagName": "meta", "time": 30179.738036, "url": "", "pos": 1, "chunkLen": 1, "isStartTag": 1}}
06-28 16:58:36.474 11089 11102 E WProf.db: {"WprofHTMLTag": {"code": "0xaf047b80", "doc": "http://searchengineland.com/register-smx-advanced-week-reserve-spot-save-400-274672", "row": 26, "column": 86, "tagName": "meta", "time": 30179.738557, "url": "", "pos": 1, "chunkLen": 1, "isStartTag": 1}}
06-28 16:58:36.474 11089 11102 E WProf.db: {"WprofHTMLTag": {"code": "0xaf047bb0", "doc": "http://searchengineland.com/register-smx-advanced-week-reserve-spot-save-400-274672", "row": 27, "column": 54, "tagName": "meta", "time": 30179.739116, "url": "", "pos": 1, "chunkLen": 1, "isStartTag": 1}}
06-28 16:58:36.474 11089 11102 E WProf.db: {"WprofHTMLTag": {"code": "0xaf047be0", "doc": "http://searchengineland.com/register-smx-advanced-week-reserve-spot-save-400-274672", "row": 29, "column": 39, "tagName": "meta", "time": 30179.739679, "url": "", "pos": 1, "chunkLen": 1, "isStartTag": 1}}
06-28 16:58:36.474 11089 11102 E WProf.db: {"WprofHTMLTag": {"code": "0xaf047c10", "doc": "http://searchengineland.com/register-smx-advanced-week-reserve-spot-save-400-274672", "row": 30, "column": 178, "tagName": "meta", "time": 30179.740462, "url": "", "pos": 1, "chunkLen": 1, "isStartTag": 1}}
06-28 16:58:36.474 11089 11102 E WProf.db: {"WprofHTMLTag": {"code": "0xaf047c40", "doc": "http://searchengineland.com/register-smx-advanced-week-reserve-spot-save-400-274672", "row": 31, "column": 55, "tagName": "meta", "time": 30179.740635, "url": "", "pos": 1, "chunkLen": 1, "isStartTag": 1}}
06-28 16:58:36.474 11089 11102 E WProf.db: {"WprofHTMLTag": {"code": "0xaf047c70", "doc": "http://searchengineland.com/register-smx-advanced-week-reserve-spot-save-400-274672", "row": 32, "column": 54, "tagName": "meta", "time": 30179.740803, "url": "", "pos": 1, "chunkLen": 1, "isStartTag": 1}}
06-28 16:58:36.474 11089 11102 E WProf.db: {"WprofHTMLTag": {"code": "0xaf047ca0", "doc": "http://searchengineland.com/register-smx-advanced-week-reserve-spot-save-400-274672", "row": 33, "column": 142, "tagName": "meta", "time": 30179.740968, "url": "", "pos": 1, "chunkLen": 1, "isStartTag": 1}}
06-28 16:58:36.475 11089 11102 E WProf.db: {"WprofHTMLTag": {"code": "0xaf047cd0", "doc": "http://searchengineland.com/register-smx-advanced-week-reserve-spot-save-400-274672", "row": 37, "column": 36, "tagName": "script", "time": 30179.741121, "url": "", "pos": 1, "chunkLen": 1, "isStartTag": 1}}
06-28 16:58:36.475 11089 11102 E WProf.db: {"WprofHTMLTag": {"code": "0xaf047d00", "doc": "http://searchengineland.com/register-smx-advanced-week-reserve-spot-save-400-274672", "row": 53, "column": 10, "tagName": "script", "time": 30179.741477, "url": "", "pos": 1, "chunkLen": 1, "isStartTag": 0}}
06-28 16:58:36.475 11089 11102 E WProf.db: {"WprofHTMLTag": {"code": "0xaeddd630", "doc": "http://searchengineland.com/register-smx-advanced-week-reserve-spot-save-400-274672", "row": 55, "column": 86, "tagName": "link", "time": 30179.742235, "url": "http://searchengineland.com/apple-touch-icon.png", "pos": 1, "chunkLen": 1, "isStartTag": 1}}
06-28 16:58:36.475 11089 11102 E WProf.db: {"WprofHTMLTag": {"code": "0xaf047d30", "doc": "http://searchengineland.com/register-smx-advanced-week-reserve-spot-save-400-274672", "row": 56, "column": 76, "tagName": "link", "time": 30179.742624, "url": "http://searchengineland.com/favicon.ico", "pos": 1, "chunkLen": 1, "isStartTag": 1}}
06-28 16:58:36.475 11089 11102 E WProf.db: {"WprofHTMLTag": {"code": "0xaf047d60", "doc": "http://searchengineland.com/register-smx-advanced-week-reserve-spot-save-400-274672", "row": 57, "column": 158, "tagName": "link", "time": 30179.742940, "url": "http://feeds.searchengineland.com/searchengineland", "pos": 1, "chunkLen": 1, "isStartTag": 1}}
06-28 16:58:36.475 11089 11102 E WProf.db: {"WprofHTMLTag": {"code": "0xaf047d90", "doc": "http://searchengineland.com/register-smx-advanced-week-reserve-spot-save-400-274672", "row": 58, "column": 149, "tagName": "link", "time": 30179.743372, "url": "http://feeds.searchengineland.com/searchcap", "pos": 1, "chunkLen": 1, "isStartTag": 1}}
06-28 16:58:36.475 11089 11102 E WProf.db: {"WprofHTMLTag": {"code": "0xaf047dc0", "doc": "http://searchengineland.com/register-smx-advanced-week-reserve-spot-save-400-274672", "row": 59, "column": 150, "tagName": "link", "time": 30179.743760, "url": "http://searchengineland.com/figz/wp-content/themes/searchengineland/css/searchengineland-bootstrap.css", "pos": 1, "chunkLen": 1, "isStartTag": 1}}
06-28 16:58:36.475 11089 11102 E WProf.db: {"WprofHTMLTag": {"code": "0xaf047e20", "doc": "http://searchengineland.com/register-smx-advanced-week-reserve-spot-save-400-274672", "row": 60, "column": 105, "tagName": "link", "time": 30179.744467, "url": "http://fonts.googleapis.com/css?family=Oswald:300,400,700", "pos": 1, "chunkLen": 1, "isStartTag": 1}}
06-28 16:58:36.475 11089 11102 E WProf.db: {"WprofHTMLTag": {"code": "0xaf047e80", "doc": "http://searchengineland.com/register-smx-advanced-week-reserve-spot-save-400-274672", "row": 61, "column": 125, "tagName": "link", "time": 30179.745230, "url": "http://searchengineland.com/figz/wp-content/themes/searchengineland/style.css", "pos": 1, "chunkLen": 1, "isStartTag": 1}}
06-28 16:58:36.475 11089 11102 E WProf.db: {"WprofHTMLTag": {"code": "0xaf047ee0", "doc": "http://searchengineland.com/register-smx-advanced-week-reserve-spot-save-400-274672", "row": 65, "column": 7, "tagName": "title", "time": 30179.746040, "url": "", "pos": 1, "chunkLen": 1, "isStartTag": 1}}
06-28 16:58:36.475 11089 11102 E WProf.db: {"WprofHTMLTag": {"code": "0xaf047f10", "doc": "http://searchengineland.com/register-smx-advanced-week-reserve-spot-save-400-274672", "row": 65, "column": 85, "tagName": "title", "time": 30179.746344, "url": "", "pos": 1, "chunkLen": 1, "isStartTag": 0}}
06-28 16:58:36.475 11089 11102 E WProf.db: {"WprofHTMLTag": {"code": "0xaf047f40", "doc": "http://searchengineland.com/register-smx-advanced-week-reserve-spot-save-400-274672", "row": 66, "column": 192, "tagName": "meta", "time": 30179.746373, "url": "", "pos": 1, "chunkLen": 1, "isStartTag": 1}}
06-28 16:58:36.476 11089 11102 E WProf.db: {"WprofHTMLTag": {"code": "0xaf047f70", "doc": "http://searchengineland.com/register-smx-advanced-week-reserve-spot-save-400-274672", "row": 67, "column": 40, "tagName": "meta", "time": 30179.746550, "url": "", "pos": 1, "chunkLen": 1, "isStartTag": 1}}
06-28 16:58:36.476 11089 11102 E WProf.db: {"WprofHTMLTag": {"code": "0xaf047fa0", "doc": "http://searchengineland.com/register-smx-advanced-week-reserve-spot-save-400-274672", "row": 68, "column": 125, "tagName": "meta", "time": 30179.746705, "url": "", "pos": 1, "chunkLen": 1, "isStartTag": 1}}
06-28 16:58:36.476 11089 11102 E WProf.db: {"WprofHTMLTag": {"code": "0xaf047fd0", "doc": "http://searchengineland.com/register-smx-advanced-week-reserve-spot-save-400-274672", "row": 69, "column": 37, "tagName": "meta", "time": 30179.746852, "url": "", "pos": 1, "chunkLen": 1, "isStartTag": 1}}
06-28 16:58:36.476 11089 11102 E WProf.db: {"WprofHTMLTag": {"code": "0xb4cc74b0", "doc": "http://searchengineland.com/register-smx-advanced-week-reserve-spot-save-400-274672", "row": 70, "column": 115, "tagName": "link", "time": 30179.747012, "url": "http://searchengineland.com/register-smx-advanced-week-reserve-spot-save-400-274672", "pos": 1, "chunkLen": 1, "isStartTag": 1}}
06-28 16:58:36.476 11089 11102 E WProf.db: {"WprofHTMLTag": {"code": "0xb4cc7540", "doc": "http://searchengineland.com/register-smx-advanced-week-reserve-spot-save-400-274672", "row": 71, "column": 76, "tagName": "link", "time": 30179.747296, "url": "https://plus.google.com/103218677032751327334", "pos": 1, "chunkLen": 1, "isStartTag": 1}}
06-28 16:58:36.476 11089 11102 E WProf.db: {"WprofHTMLTag": {"code": "0xb4cc78a0", "doc": "http://searchengineland.com/register-smx-advanced-week-reserve-spot-save-400-274672", "row": 72, "column": 45, "tagName": "meta", "time": 30179.747594, "url": "", "pos": 1, "chunkLen": 1, "isStartTag": 1}}
06-28 16:58:36.476 11089 11102 E WProf.db: {"WprofHTMLTag": {"code": "0xb4cc78d0", "doc": "http://searchengineland.com/register-smx-advanced-week-reserve-spot-save-400-274672", "row": 73, "column": 45, "tagName": "meta", "time": 30179.747749, "url": "", "pos": 1, "chunkLen": 1, "isStartTag": 1}}
06-28 16:58:36.476 11089 11102 E WProf.db: {"WprofHTMLTag": {"code": "0xb4cc7900", "doc": "http://searchengineland.com/register-smx-advanced-week-reserve-spot-save-400-274672", "row": 74, "column": 109, "tagName": "meta", "time": 30179.747913, "url": "", "pos": 1, "chunkLen": 1, "isStartTag": 1}}
06-28 16:58:36.476 11089 11102 E WProf.db: {"WprofHTMLTag": {"code": "0xb4cc7930", "doc": "http://searchengineland.com/register-smx-advanced-week-reserve-spot-save-400-274672", "row": 75, "column": 200, "tagName": "meta", "time": 30179.748088, "url": "", "pos": 1, "chunkLen": 1, "isStartTag": 1}}
06-28 16:58:36.476 11089 11102 E WProf.db: {"WprofHTMLTag": {"code": "0xb4cc7960", "doc": "http://searchengineland.com/register-smx-advanced-week-reserve-spot-save-400-274672", "row": 76, "column": 120, "tagName": "meta", "time": 30179.748250, "url": "", "pos": 1, "chunkLen": 1, "isStartTag": 1}}
06-28 16:58:36.476 11089 11102 E WProf.db: {"WprofHTMLTag": {"code": "0xb4cc7990", "doc": "http://searchengineland.com/register-smx-advanced-week-reserve-spot-save-400-274672", "row": 77, "column": 61, "tagName": "meta", "time": 30179.748418, "url": "", "pos": 1, "chunkLen": 1, "isStartTag": 1}}
06-28 16:58:36.476 11089 11102 E WProf.db: {"WprofHTMLTag": {"code": "0xb4cc79c0", "doc": "http://searchengineland.com/register-smx-advanced-week-reserve-spot-save-400-274672", "row": 78, "column": 89, "tagName": "meta", "time": 30179.748572, "url": "", "pos": 1, "chunkLen": 1, "isStartTag": 1}}
06-28 16:58:36.476 11089 11102 E WProf.db: {"WprofHTMLTag": {"code": "0xb4cc79f0", "doc": "http://searchengineland.com/register-smx-advanced-week-reserve-spot-save-400-274672", "row": 79, "column": 63, "tagName": "meta", "time": 30179.748759, "url": "", "pos": 1, "chunkLen": 1, "isStartTag": 1}}
06-28 16:58:36.476 11089 11102 E WProf.db: {"WprofHTMLTag": {"code": "0xb4cc7a20", "doc": "http://searchengineland.com/register-smx-advanced-week-reserve-spot-save-400-274672", "row": 80, "column": 78, "tagName": "meta", "time": 30179.748948, "url": "", "pos": 1, "chunkLen": 1, "isStartTag": 1}}
06-28 16:58:36.477 11089 11102 E WProf.db: {"WprofHTMLTag": {"code": "0xb4cc7a50", "doc": "http://searchengineland.com/register-smx-advanced-week-reserve-spot-save-400-274672", "row": 81, "column": 77, "tagName": "meta", "time": 30179.749134, "url": "", "pos": 1, "chunkLen": 1, "isStartTag": 1}}
06-28 16:58:36.477 11089 11102 E WProf.db: {"WprofHTMLTag": {"code": "0xb4cc7a80", "doc": "http://searchengineland.com/register-smx-advanced-week-reserve-spot-save-400-274672", "row": 82, "column": 71, "tagName": "meta", "time": 30179.749323, "url": "", "pos": 1, "chunkLen": 1, "isStartTag": 1}}
06-28 16:58:36.477 11089 11102 E WProf.db: {"WprofHTMLTag": {"code": "0xb4cc7ab0", "doc": "http://searchengineland.com/register-smx-advanced-week-reserve-spot-save-400-274672", "row": 83, "column": 136, "tagName": "meta", "time": 30179.749514, "url": "", "pos": 1, "chunkLen": 1, "isStartTag": 1}}
06-28 16:58:36.477 11089 11102 E WProf.db: {"WprofHTMLTag": {"code": "0xb4cc7ae0", "doc": "http://searchengineland.com/register-smx-advanced-week-reserve-spot-save-400-274672", "row": 84, "column": 58, "tagName": "meta", "time": 30179.749700, "url": "", "pos": 1, "chunkLen": 1, "isStartTag": 1}}
06-28 16:58:36.477 11089 11102 E WProf.db: {"WprofHTMLTag": {"code": "0xb4cc7b10", "doc": "http://searchengineland.com/register-smx-advanced-week-reserve-spot-save-400-274672", "row": 85, "column": 201, "tagName": "meta", "time": 30179.749891, "url": "", "pos": 1, "chunkLen": 1, "isStartTag": 1}}
06-28 16:58:36.480 11089 11102 E WProf.db: {"WprofHTMLTag": {"code": "0xb4cc7b40", "doc": "http://searchengineland.com/register-smx-advanced-week-reserve-spot-save-400-274672", "row": 86, "column": 110, "tagName": "meta", "time": 30179.750142, "url": "", "pos": 1, "chunkLen": 1, "isStartTag": 1}}
06-28 16:58:36.480 11089 11102 E WProf.db: {"WprofHTMLTag": {"code": "0xb4cc7b70", "doc": "http://searchengineland.com/register-smx-advanced-week-reserve-spot-save-400-274672", "row": 87, "column": 51, "tagName": "meta", "time": 30179.750328, "url": "", "pos": 1, "chunkLen": 1, "isStartTag": 1}}
06-28 16:58:36.480 11089 11102 E WProf.db: {"WprofHTMLTag": {"code": "0xb4cc7ba0", "doc": "http://searchengineland.com/register-smx-advanced-week-reserve-spot-save-400-274672", "row": 88, "column": 137, "tagName": "meta", "time": 30179.750498, "url": "", "pos": 1, "chunkLen": 1, "isStartTag": 1}}
06-28 16:58:36.480 11089 11102 E WProf.db: {"WprofHTMLTag": {"code": "0xb4cc7bd0", "doc": "http://searchengineland.com/register-smx-advanced-week-reserve-spot-save-400-274672", "row": 89, "column": 54, "tagName": "meta", "time": 30179.750670, "url": "", "pos": 1, "chunkLen": 1, "isStartTag": 1}}
06-28 16:58:36.480 11089 11102 E WProf.db: {"WprofHTMLTag": {"code": "0xb4cc7c00", "doc": "http://searchengineland.com/register-smx-advanced-week-reserve-spot-save-400-274672", "row": 92, "column": 44, "tagName": "link", "time": 30179.751121, "url": "http://s.w.org/", "pos": 1, "chunkLen": 1, "isStartTag": 1}}
06-28 16:58:36.481 11089 11102 E WProf.db: {"WprofHTMLTag": {"code": "0xb4cc7c30", "doc": "http://searchengineland.com/register-smx-advanced-week-reserve-spot-save-400-274672", "row": 93, "column": 33, "tagName": "script", "time": 30179.751485, "url": "", "pos": 1, "chunkLen": 1, "isStartTag": 1}}
06-28 16:58:36.481 11089 11102 E WProf.db: {"WprofHTMLTag": {"code": "0xb4cc7c60", "doc": "http://searchengineland.com/register-smx-advanced-week-reserve-spot-save-400-274672", "row": 96, "column": 11, "tagName": "script", "time": 30179.751793, "url": "http://searchengineland.com/figz/wp-includes/js/wp-emoji-release.min.js?ver=4.7.5", "pos": 1, "chunkLen": 1, "isStartTag": 0}}
06-28 16:58:36.481 11089 11102 E WProf.db: {"WprofHTMLTag": {"code": "0x9eabd8d0", "doc": "http://searchengineland.com/register-smx-advanced-week-reserve-spot-save-400-274672", "row": 97, "column": 25, "tagName": "style", "time": 30180.439207, "url": "", "pos": 1, "chunkLen": 1, "isStartTag": 1}}
06-28 16:58:36.481 11089 11102 E WProf.db: {"WprofHTMLTag": {"code": "0x9eabd900", "doc": "http://searchengineland.com/register-smx-advanced-week-reserve-spot-save-400-274672", "row": 110, "column": 8, "tagName": "style", "time": 30180.439411, "url": "", "pos": 1, "chunkLen": 1, "isStartTag": 0}}
06-28 16:58:36.481 11089 11102 E WProf.db: {"WprofHTMLTag": {"code": "0x9eabd930", "doc": "http://searchengineland.com/register-smx-advanced-week-reserve-spot-save-400-274672", "row": 111, "column": 140, "tagName": "script", "time": 30180.441190, "url": "http://searchengineland.com/figz/wp-content/themes/searchengineland/js/lib/modernizr.custom.js?ver=1.0", "pos": 1, "chunkLen": 1, "isStartTag": 1}}
06-28 16:58:36.481 11089 11102 E WProf.db: {"WprofHTMLTag": {"code": "0x9eabd960", "doc": "http://searchengineland.com/register-smx-advanced-week-reserve-spot-save-400-274672", "row": 111, "column": 149, "tagName": "script", "time": 30180.441450, "url": "", "pos": 1, "chunkLen": 1, "isStartTag": 0}}
06-28 16:58:36.481 11089 11102 E WProf.db: {"WprofHTMLTag": {"code": "0x9eabd9f0", "doc": "http://searchengineland.com/register-smx-advanced-week-reserve-spot-save-400-274672", "row": 112, "column": 144, "tagName": "script", "time": 30180.448895, "url": "http://searchengineland.com/figz/wp-content/themes/searchengineland/js/lib/jquery-1.11.0.min.js?ver=1.11.0", "pos": 1, "chunkLen": 1, "isStartTag": 1}}
06-28 16:58:36.481 11089 11102 E WProf.db: {"WprofHTMLTag": {"code": "0x9eabda20", "doc": "http://searchengineland.com/register-smx-advanced-week-reserve-spot-save-400-274672", "row": 112, "column": 153, "tagName": "script", "time": 30180.449159, "url": "", "pos": 1, "chunkLen": 1, "isStartTag": 0}}
06-28 16:58:36.481 11089 11102 E WProf.db: {"WprofHTMLTag": {"code": "0xaedddb70", "doc": "http://searchengineland.com/register-smx-advanced-week-reserve-spot-save-400-274672", "row": 0, "column": 15, "tagName": "div", "time": 30180.509781, "url": "", "pos": 15, "chunkLen": 44, "isStartTag": 1}}
06-28 16:58:36.481 11089 11102 E WProf.db: {"WprofHTMLTag": {"code": "0xaedddb40", "doc": "http://searchengineland.com/register-smx-advanced-week-reserve-spot-save-400-274672", "row": 0, "column": 21, "tagName": "div", "time": 30180.509919, "url": "", "pos": 21, "chunkLen": 44, "isStartTag": 0}}
06-28 16:58:36.481 11089 11102 E WProf.db: {"WprofHTMLTag": {"code": "0xaedddc60", "doc": "http://searchengineland.com/register-smx-advanced-week-reserve-spot-save-400-274672", "row": 0, "column": 38, "tagName": "div", "time": 30180.509979, "url": "", "pos": 38, "chunkLen": 44, "isStartTag": 1}}
06-28 16:58:36.481 11089 11102 E WProf.db: {"WprofHTMLTag": {"code": "0xaedddb10", "doc": "http://searchengineland.com/register-smx-advanced-week-reserve-spot-save-400-274672", "row": 0, "column": 44, "tagName": "div", "time": 30180.510121, "url": "", "pos": 44, "chunkLen": 44, "isStartTag": 0}}
06-28 16:58:36.481 11089 11102 E WProf.db: {"WprofHTMLTag": {"code": "0x9eabda50", "doc": "http://searchengineland.com/register-smx-advanced-week-reserve-spot-save-400-274672", "row": 0, "column": 13, "tagName": "select", "time": 30180.511440, "url": "", "pos": 13, "chunkLen": 51, "isStartTag": 1}}
06-28 16:58:36.481 11089 11102 E WProf.db: {"WprofHTMLTag": {"code": "0x9eabda80", "doc": "http://searchengineland.com/register-smx-advanced-week-reserve-spot-save-400-274672", "row": 0, "column": 33, "tagName": "option", "time": 30180.511629, "url": "", "pos": 33, "chunkLen": 51, "isStartTag": 1}}
06-28 16:58:36.482 11089 11102 E WProf.db: {"WprofHTMLTag": {"code": "0x9eabdab0", "doc": "http://searchengineland.com/register-smx-advanced-week-reserve-spot-save-400-274672", "row": 0, "column": 42, "tagName": "option", "time": 30180.511821, "url": "", "pos": 42, "chunkLen": 51, "isStartTag": 0}}
06-28 16:58:36.482 11089 11102 E WProf.db: {"WprofHTMLTag": {"code": "0x9eabdae0", "doc": "http://searchengineland.com/register-smx-advanced-week-reserve-spot-save-400-274672", "row": 0, "column": 51, "tagName": "select", "time": 30180.511877, "url": "", "pos": 51, "chunkLen": 51, "isStartTag": 0}}
06-28 16:58:36.482 11089 11102 E WProf.db: {"WprofHTMLTag": {"code": "0x9eabdb10", "doc": "http://searchengineland.com/register-smx-advanced-week-reserve-spot-save-400-274672", "row": 0, "column": 12, "tagName": "a", "time": 30180.516657, "url": "", "pos": 12, "chunkLen": 16, "isStartTag": 1}}
06-28 16:58:36.482 11089 11102 E WProf.db: {"WprofHTMLTag": {"code": "0x9eabdb40", "doc": "http://searchengineland.com/register-smx-advanced-week-reserve-spot-save-400-274672", "row": 0, "column": 16, "tagName": "a", "time": 30180.516822, "url": "", "pos": 16, "chunkLen": 16, "isStartTag": 0}}
06-28 16:58:36.482 11089 11102 E WProf.db: {"WprofHTMLTag": {"code": "0x9eabdb70", "doc": "http://searchengineland.com/register-smx-advanced-week-reserve-spot-save-400-274672", "row": 0, "column": 8, "tagName": "input", "time": 30180.517878, "url": "", "pos": 8, "chunkLen": 8, "isStartTag": 1}}
06-28 16:58:36.482 11089 11102 E WProf.db: {"WprofHTMLTag": {"code": "0x9eabdba0", "doc": "http://searchengineland.com/register-smx-advanced-week-reserve-spot-save-400-274672", "row": 0, "column": 9, "tagName": "link", "time": 30180.526686, "url": "", "pos": 9, "chunkLen": 42, "isStartTag": 1}}
06-28 16:58:36.482 11089 11102 E WProf.db: {"WprofHTMLTag": {"code": "0x9eabdbd0", "doc": "http://searchengineland.com/register-smx-advanced-week-reserve-spot-save-400-274672", "row": 0, "column": 16, "tagName": "table", "time": 30180.526810, "url": "", "pos": 16, "chunkLen": 42, "isStartTag": 1}}
06-28 16:58:36.482 11089 11102 E WProf.db: {"WprofHTMLTag": {"code": "0x9eabdc00", "doc": "http://searchengineland.com/register-smx-advanced-week-reserve-spot-save-400-274672", "row": 0, "column": 24, "tagName": "table", "time": 30180.526930, "url": "", "pos": 24, "chunkLen": 42, "isStartTag": 0}}
06-28 16:58:36.482 11089 11102 E WProf.db: {"WprofHTMLTag": {"code": "0x9eabdc30", "doc": "http://searchengineland.com/register-smx-advanced-week-reserve-spot-save-400-274672", "row": 0, "column": 37, "tagName": "a", "time": 30180.527003, "url": "", "pos": 37, "chunkLen": 42, "isStartTag": 1}}
06-28 16:58:36.482 11089 11102 E WProf.db: {"WprofHTMLTag": {"code": "0x9eabdc60", "doc": "http://searchengineland.com/register-smx-advanced-week-reserve-spot-save-400-274672", "row": 0, "column": 42, "tagName": "a", "time": 30180.527182, "url": "", "pos": 42, "chunkLen": 42, "isStartTag": 0}}
06-28 16:58:36.482 11089 11102 E WProf.db: {"WprofHTMLTag": {"code": "0x9eabdcf0", "doc": "http://searchengineland.com/register-smx-advanced-week-reserve-spot-save-400-274672", "row": 0, "column": 10, "tagName": "textarea", "time": 30180.528352, "url": "", "pos": 10, "chunkLen": 22, "isStartTag": 1}}
06-28 16:58:36.482 11089 11102 E WProf.db: {"WprofHTMLTag": {"code": "0x9eabdd20", "doc": "http://searchengineland.com/register-smx-advanced-week-reserve-spot-save-400-274672", "row": 0, "column": 22, "tagName": "textarea", "time": 30180.528545, "url": "", "pos": 22, "chunkLen": 22, "isStartTag": 0}}
06-28 16:58:36.482 11089 11102 E WProf.db: {"WprofHTMLTag": {"code": "0x9eabdd50", "doc": "http://searchengineland.com/register-smx-advanced-week-reserve-spot-save-400-274672", "row": 0, "column": 48, "tagName": "input", "time": 30180.529876, "url": "", "pos": 48, "chunkLen": 48, "isStartTag": 1}}
06-28 16:58:36.483 11089 11102 E WProf.db: {"WprofHTMLTag": {"code": "0x9eabddb0", "doc": "http://searchengineland.com/register-smx-advanced-week-reserve-spot-save-400-274672", "row": 0, "column": 9, "tagName": "link", "time": 30180.534461, "url": "", "pos": 9, "chunkLen": 66, "isStartTag": 1}}
06-28 16:58:36.483 11089 11102 E WProf.db: {"WprofHTMLTag": {"code": "0x9eabdde0", "doc": "http://searchengineland.com/register-smx-advanced-week-reserve-spot-save-400-274672", "row": 0, "column": 16, "tagName": "table", "time": 30180.534588, "url": "", "pos": 16, "chunkLen": 66, "isStartTag": 1}}
06-28 16:58:36.483 11089 11102 E WProf.db: {"WprofHTMLTag": {"code": "0x9eabde10", "doc": "http://searchengineland.com/register-smx-advanced-week-reserve-spot-save-400-274672", "row": 0, "column": 24, "tagName": "table", "time": 30180.534668, "url": "", "pos": 24, "chunkLen": 66, "isStartTag": 0}}
06-28 16:58:36.483 11089 11102 E WProf.db: {"WprofHTMLTag": {"code": "0x9eabde40", "doc": "http://searchengineland.com/register-smx-advanced-week-reserve-spot-save-400-274672", "row": 0, "column": 37, "tagName": "a", "time": 30180.534736, "url": "", "pos": 37, "chunkLen": 66, "isStartTag": 1}}
06-28 16:58:36.483 11089 11102 E WProf.db: {"WprofHTMLTag": {"code": "0x9eabde70", "doc": "http://searchengineland.com/register-smx-advanced-week-reserve-spot-save-400-274672", "row": 0, "column": 42, "tagName": "a", "time": 30180.534907, "url": "", "pos": 42, "chunkLen": 66, "isStartTag": 0}}
06-28 16:58:36.483 11089 11102 E WProf.db: {"WprofHTMLTag": {"code": "0x9eabdea0", "doc": "http://searchengineland.com/register-smx-advanced-week-reserve-spot-save-400-274672", "row": 0, "column": 66, "tagName": "input", "time": 30180.534975, "url": "", "pos": 66, "chunkLen": 66, "isStartTag": 1}}
06-28 16:58:36.483 11089 11102 E WProf.db: {"WprofHTMLTag": {"code": "0x9eabdf30", "doc": "http://searchengineland.com/register-smx-advanced-week-reserve-spot-save-400-274672", "row": 0, "column": 9, "tagName": "link", "time": 30180.536814, "url": "", "pos": 9, "chunkLen": 66, "isStartTag": 1}}
06-28 16:58:36.483 11089 11102 E WProf.db: {"WprofHTMLTag": {"code": "0x9eabdf60", "doc": "http://searchengineland.com/register-smx-advanced-week-reserve-spot-save-400-274672", "row": 0, "column": 16, "tagName": "table", "time": 30180.536923, "url": "", "pos": 16, "chunkLen": 66, "isStartTag": 1}}
06-28 16:58:36.483 11089 11102 E WProf.db: {"WprofHTMLTag": {"code": "0x9eabdf90", "doc": "http://searchengineland.com/register-smx-advanced-week-reserve-spot-save-400-274672", "row": 0, "column": 24, "tagName": "table", "time": 30180.536996, "url": "", "pos": 24, "chunkLen": 66, "isStartTag": 0}}
06-28 16:58:36.483 11089 11102 E WProf.db: {"WprofHTMLTag": {"code": "0x9eabdfc0", "doc": "http://searchengineland.com/register-smx-advanced-week-reserve-spot-save-400-274672", "row": 0, "column": 37, "tagName": "a", "time": 30180.537062, "url": "", "pos": 37, "chunkLen": 66, "isStartTag": 1}}
06-28 16:58:36.483 11089 11102 E WProf.db: {"WprofHTMLTag": {"code": "0x9eabdff0", "doc": "http://searchengineland.com/register-smx-advanced-week-reserve-spot-save-400-274672", "row": 0, "column": 42, "tagName": "a", "time": 30180.537232, "url": "", "pos": 42, "chunkLen": 66, "isStartTag": 0}}
06-28 16:58:36.483 11089 11102 E WProf.db: {"WprofHTMLTag": {"code": "0x9eabe020", "doc": "http://searchengineland.com/register-smx-advanced-week-reserve-spot-save-400-274672", "row": 0, "column": 66, "tagName": "input", "time": 30180.537306, "url": "", "pos": 66, "chunkLen": 66, "isStartTag": 1}}
06-28 16:58:36.483 11089 11102 E WProf.db: {"WprofHTMLTag": {"code": "0x9eabe080", "doc": "http://searchengineland.com/register-smx-advanced-week-reserve-spot-save-400-274672", "row": 0, "column": 9, "tagName": "link", "time": 30180.541508, "url": "", "pos": 9, "chunkLen": 66, "isStartTag": 1}}
06-28 16:58:36.484 11089 11102 E WProf.db: {"WprofHTMLTag": {"code": "0x9eabe0b0", "doc": "http://searchengineland.com/register-smx-advanced-week-reserve-spot-save-400-274672", "row": 0, "column": 16, "tagName": "table", "time": 30180.541624, "url": "", "pos": 16, "chunkLen": 66, "isStartTag": 1}}
06-28 16:58:36.484 11089 11102 E WProf.db: {"WprofHTMLTag": {"code": "0x9eabe0e0", "doc": "http://searchengineland.com/register-smx-advanced-week-reserve-spot-save-400-274672", "row": 0, "column": 24, "tagName": "table", "time": 30180.541693, "url": "", "pos": 24, "chunkLen": 66, "isStartTag": 0}}
06-28 16:58:36.484 11089 11102 E WProf.db: {"WprofHTMLTag": {"code": "0x9eabe110", "doc": "http://searchengineland.com/register-smx-advanced-week-reserve-spot-save-400-274672", "row": 0, "column": 37, "tagName": "a", "time": 30180.541757, "url": "", "pos": 37, "chunkLen": 66, "isStartTag": 1}}
06-28 16:58:36.484 11089 11102 E WProf.db: {"WprofHTMLTag": {"code": "0x9eabe140", "doc": "http://searchengineland.com/register-smx-advanced-week-reserve-spot-save-400-274672", "row": 0, "column": 42, "tagName": "a", "time": 30180.541936, "url": "", "pos": 42, "chunkLen": 66, "isStartTag": 0}}
06-28 16:58:36.484 11089 11102 E WProf.db: {"WprofHTMLTag": {"code": "0x9eabe170", "doc": "http://searchengineland.com/register-smx-advanced-week-reserve-spot-save-400-274672", "row": 0, "column": 66, "tagName": "input", "time": 30180.542001, "url": "", "pos": 66, "chunkLen": 66, "isStartTag": 1}}
06-28 16:58:36.484 11089 11102 E WProf.db: {"WprofHTMLTag": {"code": "0x9eabd9c0", "doc": "http://searchengineland.com/register-smx-advanced-week-reserve-spot-save-400-274672", "row": 113, "column": 154, "tagName": "script", "time": 30180.554973, "url": "http://searchengineland.com/figz/wp-content/themes/searchengineland/js/lib/jquery-ui-1.10.3.custom.min.js?ver=1.10.3", "pos": 67, "chunkLen": 67, "isStartTag": 1}}
06-28 16:58:36.484 11089 11102 E WProf.db: {"WprofHTMLTag": {"code": "0x9eabe290", "doc": "http://searchengineland.com/register-smx-advanced-week-reserve-spot-save-400-274672", "row": 113, "column": 163, "tagName": "script", "time": 30180.555249, "url": "", "pos": 67, "chunkLen": 67, "isStartTag": 0}}
