06-28 12:08:04.130  2158  2206 E chromium: [ERROR:gles2_cmd_decoder.cc(3852)] [.ChromiumCompositor-0xacbb34c0]GL ERROR :GL_INVALID_ENUM : glDiscardFramebufferEXT: attachments was GL_COLOR_EXT
06-28 12:08:04.139  2158  2206 E chromium: [ERROR:gles2_cmd_decoder.cc(3852)] [.ChromiumCompositor-0xacbb34c0]GL ERROR :GL_INVALID_ENUM : glDiscardFramebufferEXT: attachments was GL_COLOR_EXT
06-28 12:08:04.162  2158  2206 E chromium: [ERROR:gles2_cmd_decoder.cc(3852)] [.ChromiumCompositor-0xacbb34c0]GL ERROR :GL_INVALID_ENUM : glDiscardFramebufferEXT: attachments was GL_COLOR_EXT
06-28 12:08:04.180  2158  2206 E chromium: [ERROR:gles2_cmd_decoder.cc(3852)] [.ChromiumCompositor-0xacbb34c0]GL ERROR :GL_INVALID_ENUM : glDiscardFramebufferEXT: attachments was GL_COLOR_EXT
06-28 12:08:04.187  2158  2206 E chromium: [ERROR:gles2_cmd_decoder.cc(3852)] [.ChromiumCompositor-0xacbb34c0]GL ERROR :GL_INVALID_ENUM : glDiscardFramebufferEXT: attachments was GL_COLOR_EXT
06-28 12:08:04.201  2158  2206 E chromium: [ERROR:gles2_cmd_decoder.cc(3852)] [.ChromiumCompositor-0xacbb34c0]GL ERROR :GL_INVALID_ENUM : glDiscardFramebufferEXT: attachments was GL_COLOR_EXT
06-28 12:08:04.231  2158  2206 E chromium: [ERROR:gles2_cmd_decoder.cc(3852)] [.ChromiumCompositor-0xacbb34c0]GL ERROR :GL_INVALID_ENUM : glDiscardFramebufferEXT: attachments was GL_COLOR_EXT
06-28 12:08:04.240  2158  2206 E chromium: [ERROR:gles2_cmd_decoder.cc(3852)] [.ChromiumCompositor-0xacbb34c0]GL ERROR :GL_INVALID_ENUM : glDiscardFramebufferEXT: attachments was GL_COLOR_EXT
06-28 12:08:04.263  2158  2206 E chromium: [ERROR:gles2_cmd_decoder.cc(3852)] [.ChromiumCompositor-0xacbb34c0]GL ERROR :GL_INVALID_ENUM : glDiscardFramebufferEXT: attachments was GL_COLOR_EXT
06-28 12:08:04.271  2158  2206 E chromium: [ERROR:gles2_cmd_decoder.cc(3852)] [.ChromiumCompositor-0xacbb34c0]GL ERROR :GL_INVALID_ENUM : glDiscardFramebufferEXT: attachments was GL_COLOR_EXT
06-28 12:08:04.296  2158  2206 E chromium: [ERROR:gles2_cmd_decoder.cc(3852)] [.ChromiumCompositor-0xacbb34c0]GL ERROR :GL_INVALID_ENUM : glDiscardFramebufferEXT: attachments was GL_COLOR_EXT
06-28 12:08:04.314  2158  2206 E chromium: [ERROR:gles2_cmd_decoder.cc(3852)] [.ChromiumCompositor-0xacbb34c0]GL ERROR :GL_INVALID_ENUM : glDiscardFramebufferEXT: attachments was GL_COLOR_EXT
06-28 12:08:04.319  2158  2206 E chromium: [ERROR:gles2_cmd_decoder.cc(3852)] [.ChromiumCompositor-0xacbb34c0]GL ERROR :GL_INVALID_ENUM : glDiscardFramebufferEXT: attachments was GL_COLOR_EXT
06-28 12:08:04.347  2158  2206 E chromium: [ERROR:gles2_cmd_decoder.cc(3852)] [.ChromiumCompositor-0xacbb34c0]GL ERROR :GL_INVALID_ENUM : glDiscardFramebufferEXT: attachments was GL_COLOR_EXT
06-28 12:08:04.363  2158  2206 E chromium: [ERROR:gles2_cmd_decoder.cc(3852)] [.ChromiumCompositor-0xacbb34c0]GL ERROR :GL_INVALID_ENUM : glDiscardFramebufferEXT: attachments was GL_COLOR_EXT
06-28 12:08:04.383  2158  2206 E chromium: [ERROR:gles2_cmd_decoder.cc(3852)] [.ChromiumCompositor-0xacbb34c0]GL ERROR :GL_INVALID_ENUM : glDiscardFramebufferEXT: attachments was GL_COLOR_EXT
06-28 12:08:04.398  2158  2206 E chromium: [ERROR:gles2_cmd_decoder.cc(3852)] [.ChromiumCompositor-0xacbb34c0]GL ERROR :GL_INVALID_ENUM : glDiscardFramebufferEXT: attachments was GL_COLOR_EXT
06-28 12:08:04.409  2158  2206 E chromium: [ERROR:gles2_cmd_decoder.cc(3852)] [.ChromiumCompositor-0xacbb34c0]GL ERROR :GL_INVALID_ENUM : glDiscardFramebufferEXT: attachments was GL_COLOR_EXT
06-28 12:08:04.423  2158  2206 E chromium: [ERROR:gles2_cmd_decoder.cc(3852)] [.ChromiumCompositor-0xacbb34c0]GL ERROR :GL_INVALID_ENUM : glDiscardFramebufferEXT: attachments was GL_COLOR_EXT
06-28 12:08:04.447  2158  2206 E chromium: [ERROR:gles2_cmd_decoder.cc(3852)] [.ChromiumCompositor-0xacbb34c0]GL ERROR :GL_INVALID_ENUM : glDiscardFramebufferEXT: attachments was GL_COLOR_EXT
06-28 12:08:04.464  2158  2206 E chromium: [ERROR:gles2_cmd_decoder.cc(3852)] [.ChromiumCompositor-0xacbb34c0]GL ERROR :GL_INVALID_ENUM : glDiscardFramebufferEXT: attachments was GL_COLOR_EXT
06-28 12:08:04.469  2158  2206 E chromium: [ERROR:gles2_cmd_decoder.cc(3852)] [.ChromiumCompositor-0xacbb34c0]GL ERROR :GL_INVALID_ENUM : glDiscardFramebufferEXT: attachments was GL_COLOR_EXT
06-28 12:08:04.498  2158  2206 E chromium: [ERROR:gles2_cmd_decoder.cc(3852)] [.ChromiumCompositor-0xacbb34c0]GL ERROR :GL_INVALID_ENUM : glDiscardFramebufferEXT: attachments was GL_COLOR_EXT
06-28 12:08:04.505  2158  2206 E chromium: [ERROR:gles2_cmd_decoder.cc(3852)] [.ChromiumCompositor-0xacbb34c0]GL ERROR :GL_INVALID_ENUM : glDiscardFramebufferEXT: attachments was GL_COLOR_EXT
06-28 12:08:04.521  2158  2206 E chromium: [ERROR:gles2_cmd_decoder.cc(3852)] [.ChromiumCompositor-0xacbb34c0]GL ERROR :GL_INVALID_ENUM : glDiscardFramebufferEXT: attachments was GL_COLOR_EXT
06-28 12:08:04.564  2158  2206 E chromium: [ERROR:gles2_cmd_decoder.cc(3852)] [.ChromiumCompositor-0xacbb34c0]GL ERROR :GL_INVALID_ENUM : glDiscardFramebufferEXT: attachments was GL_COLOR_EXT
06-28 12:08:04.578  2158  2206 E chromium: [ERROR:gles2_cmd_decoder.cc(3852)] [.ChromiumCompositor-0xacbb34c0]GL ERROR :GL_INVALID_ENUM : glDiscardFramebufferEXT: attachments was GL_COLOR_EXT
06-28 12:08:04.583  2158  2206 E chromium: [ERROR:gles2_cmd_decoder.cc(3852)] [.ChromiumCompositor-0xacbb34c0]GL ERROR :GL_INVALID_ENUM : glDiscardFramebufferEXT: attachments was GL_COLOR_EXT
06-28 12:08:04.591  2158  2206 E chromium: [ERROR:gles2_cmd_decoder.cc(3852)] [.ChromiumCompositor-0xacbb34c0]GL ERROR :GL_INVALID_ENUM : glDiscardFramebufferEXT: attachments was GL_COLOR_EXT
06-28 12:08:04.615  2158  2206 E chromium: [ERROR:gles2_cmd_decoder.cc(3852)] [.ChromiumCompositor-0xacbb34c0]GL ERROR :GL_INVALID_ENUM : glDiscardFramebufferEXT: attachments was GL_COLOR_EXT
06-28 12:08:04.619  2158  2206 E chromium: [ERROR:gles2_cmd_decoder.cc(3852)] [.ChromiumCompositor-0xacbb34c0]GL ERROR :GL_INVALID_ENUM : glDiscardFramebufferEXT: attachments was GL_COLOR_EXT
06-28 12:08:04.669  2158  2206 E chromium: [ERROR:gles2_cmd_decoder.cc(3852)] [.ChromiumCompositor-0xacbb34c0]GL ERROR :GL_INVALID_ENUM : glDiscardFramebufferEXT: attachments was GL_COLOR_EXT
06-28 12:08:04.676  2158  2206 E chromium: [ERROR:gles2_cmd_decoder.cc(3852)] [.ChromiumCompositor-0xacbb34c0]GL ERROR :GL_INVALID_ENUM : glDiscardFramebufferEXT: attachments was GL_COLOR_EXT
06-28 12:08:04.686  2158  2206 E chromium: [ERROR:gles2_cmd_decoder.cc(3852)] [.ChromiumCompositor-0xacbb34c0]GL ERROR :GL_INVALID_ENUM : glDiscardFramebufferEXT: attachments was GL_COLOR_EXT
06-28 12:08:04.702  2158  2206 E chromium: [ERROR:gles2_cmd_decoder.cc(3852)] [.ChromiumCompositor-0xacbb34c0]GL ERROR :GL_INVALID_ENUM : glDiscardFramebufferEXT: attachments was GL_COLOR_EXT
06-28 12:08:04.721  2158  2206 E chromium: [ERROR:gles2_cmd_decoder.cc(3852)] [.ChromiumCompositor-0xacbb34c0]GL ERROR :GL_INVALID_ENUM : glDiscardFramebufferEXT: attachments was GL_COLOR_EXT
06-28 12:08:04.742  2158  2206 E chromium: [ERROR:gles2_cmd_decoder.cc(3852)] [.ChromiumCompositor-0xacbb34c0]GL ERROR :GL_INVALID_ENUM : glDiscardFramebufferEXT: attachments was GL_COLOR_EXT
06-28 12:08:04.755  2158  2206 E chromium: [ERROR:gles2_cmd_decoder.cc(3852)] [.ChromiumCompositor-0xacbb34c0]GL ERROR :GL_INVALID_ENUM : glDiscardFramebufferEXT: attachments was GL_COLOR_EXT
06-28 12:08:04.769  2158  2206 E chromium: [ERROR:gles2_cmd_decoder.cc(3852)] [.ChromiumCompositor-0xacbb34c0]GL ERROR :GL_INVALID_ENUM : glDiscardFramebufferEXT: attachments was GL_COLOR_EXT
06-28 12:08:04.785  2158  2206 E chromium: [ERROR:gles2_cmd_decoder.cc(3852)] [.ChromiumCompositor-0xacbb34c0]GL ERROR :GL_INVALID_ENUM : glDiscardFramebufferEXT: attachments was GL_COLOR_EXT
06-28 12:08:04.802  2158  2206 E chromium: [ERROR:gles2_cmd_decoder.cc(3852)] [.ChromiumCompositor-0xacbb34c0]GL ERROR :GL_INVALID_ENUM : glDiscardFramebufferEXT: attachments was GL_COLOR_EXT
06-28 12:08:04.824  2158  2206 E chromium: [ERROR:gles2_cmd_decoder.cc(3852)] [.ChromiumCompositor-0xacbb34c0]GL ERROR :GL_INVALID_ENUM : glDiscardFramebufferEXT: attachments was GL_COLOR_EXT
06-28 12:08:04.841  2158  2206 E chromium: [ERROR:gles2_cmd_decoder.cc(3852)] [.ChromiumCompositor-0xacbb34c0]GL ERROR :GL_INVALID_ENUM : glDiscardFramebufferEXT: attachments was GL_COLOR_EXT
06-28 12:08:04.858  2158  2206 E chromium: [ERROR:gles2_cmd_decoder.cc(3852)] [.ChromiumCompositor-0xacbb34c0]GL ERROR :GL_INVALID_ENUM : glDiscardFramebufferEXT: attachments was GL_COLOR_EXT
06-28 12:08:04.887  2158  2206 E chromium: [ERROR:gles2_cmd_decoder.cc(3852)] [.ChromiumCompositor-0xacbb34c0]GL ERROR :GL_INVALID_ENUM : glDiscardFramebufferEXT: attachments was GL_COLOR_EXT
06-28 12:08:04.895  2158  2206 E chromium: [ERROR:gles2_cmd_decoder.cc(3852)] [.ChromiumCompositor-0xacbb34c0]GL ERROR :GL_INVALID_ENUM : glDiscardFramebufferEXT: attachments was GL_COLOR_EXT
06-28 12:08:04.906  2158  2206 E chromium: [ERROR:gles2_cmd_decoder.cc(3852)] [.ChromiumCompositor-0xacbb34c0]GL ERROR :GL_INVALID_ENUM : glDiscardFramebufferEXT: attachments was GL_COLOR_EXT
06-28 12:08:04.914  2230  2246 E WPROF   : {"Javascript": {"url": "https://3p.ampproject.net/1498506512561/f.js", "requestTime": 12761.970126}}
06-28 12:08:04.935  2158  2206 E chromium: [ERROR:gles2_cmd_decoder.cc(3852)] [.ChromiumCompositor-0xacbb34c0]GL ERROR :GL_INVALID_ENUM : glDiscardFramebufferEXT: attachments was GL_COLOR_EXT
06-28 12:08:04.939  2158  2206 E chromium: [ERROR:gles2_cmd_decoder.cc(3852)] [.ChromiumCompositor-0xacbb34c0]GL ERROR :GL_INVALID_ENUM : glDiscardFramebufferEXT: attachments was GL_COLOR_EXT
06-28 12:08:04.976  2158  2206 E chromium: [ERROR:gles2_cmd_decoder.cc(3852)] [.ChromiumCompositor-0xacbb34c0]GL ERROR :GL_INVALID_ENUM : glDiscardFramebufferEXT: attachments was GL_COLOR_EXT
06-28 12:08:04.983  2158  2206 E chromium: [ERROR:gles2_cmd_decoder.cc(3852)] [.ChromiumCompositor-0xacbb34c0]GL ERROR :GL_INVALID_ENUM : glDiscardFramebufferEXT: attachments was GL_COLOR_EXT
06-28 12:08:04.992  2158  2206 E chromium: [ERROR:gles2_cmd_decoder.cc(3852)] [.ChromiumCompositor-0xacbb34c0]GL ERROR :GL_INVALID_ENUM : glDiscardFramebufferEXT: attachments was GL_COLOR_EXT
06-28 12:08:05.018  2158  2206 E chromium: [ERROR:gles2_cmd_decoder.cc(3852)] [.ChromiumCompositor-0xacbb34c0]GL ERROR :GL_INVALID_ENUM : glDiscardFramebufferEXT: attachments was GL_COLOR_EXT
06-28 12:08:05.023  2158  2206 E chromium: [ERROR:gles2_cmd_decoder.cc(3852)] [.ChromiumCompositor-0xacbb34c0]GL ERROR :GL_INVALID_ENUM : glDiscardFramebufferEXT: attachments was GL_COLOR_EXT
06-28 12:08:05.055  2158  2206 E chromium: [ERROR:gles2_cmd_decoder.cc(3852)] [.ChromiumCompositor-0xacbb34c0]GL ERROR :GL_INVALID_ENUM : glDiscardFramebufferEXT: attachments was GL_COLOR_EXT
06-28 12:08:05.083  2158  2206 E chromium: [ERROR:gles2_cmd_decoder.cc(3852)] [.ChromiumCompositor-0xacbb34c0]GL ERROR :GL_INVALID_ENUM : glDiscardFramebufferEXT: attachments was GL_COLOR_EXT
06-28 12:08:05.088  2158  2206 E chromium: [ERROR:gles2_cmd_decoder.cc(3852)] [.ChromiumCompositor-0xacbb34c0]GL ERROR :GL_INVALID_ENUM : glDiscardFramebufferEXT: attachments was GL_COLOR_EXT
06-28 12:08:05.099  2158  2206 E chromium: [ERROR:gles2_cmd_decoder.cc(3852)] [.ChromiumCompositor-0xacbb34c0]GL ERROR :GL_INVALID_ENUM : glDiscardFramebufferEXT: attachments was GL_COLOR_EXT
06-28 12:08:05.110  2158  2206 E chromium: [ERROR:gles2_cmd_decoder.cc(3852)] [.ChromiumCompositor-0xacbb34c0]GL ERROR :GL_INVALID_ENUM : glDiscardFramebufferEXT: attachments was GL_COLOR_EXT
06-28 12:08:05.136  2158  2206 E chromium: [ERROR:gles2_cmd_decoder.cc(3852)] [.ChromiumCompositor-0xacbb34c0]GL ERROR :GL_INVALID_ENUM : glDiscardFramebufferEXT: attachments was GL_COLOR_EXT
06-28 12:08:05.146  2158  2206 E chromium: [ERROR:gles2_cmd_decoder.cc(3852)] [.ChromiumCompositor-0xacbb34c0]GL ERROR :GL_INVALID_ENUM : glDiscardFramebufferEXT: attachments was GL_COLOR_EXT
06-28 12:08:05.172  2158  2206 E chromium: [ERROR:gles2_cmd_decoder.cc(3852)] [.ChromiumCompositor-0xacbb34c0]GL ERROR :GL_INVALID_ENUM : glDiscardFramebufferEXT: attachments was GL_COLOR_EXT
06-28 12:08:05.179  2158  2206 E chromium: [ERROR:gles2_cmd_decoder.cc(3852)] [.ChromiumCompositor-0xacbb34c0]GL ERROR :GL_INVALID_ENUM : glDiscardFramebufferEXT: attachments was GL_COLOR_EXT
06-28 12:08:05.190  2158  2206 E chromium: [ERROR:gles2_cmd_decoder.cc(3852)] [.ChromiumCompositor-0xacbb34c0]GL ERROR :GL_INVALID_ENUM : glDiscardFramebufferEXT: attachments was GL_COLOR_EXT
06-28 12:08:05.226  2158  2206 E chromium: [ERROR:gles2_cmd_decoder.cc(3852)] [.ChromiumCompositor-0xacbb34c0]GL ERROR :GL_INVALID_ENUM : glDiscardFramebufferEXT: attachments was GL_COLOR_EXT
06-28 12:08:05.243  2158  2206 E chromium: [ERROR:gles2_cmd_decoder.cc(3852)] [.ChromiumCompositor-0xacbb34c0]GL ERROR :GL_INVALID_ENUM : glDiscardFramebufferEXT: attachments was GL_COLOR_EXT
06-28 12:08:05.257  2158  2206 E chromium: [ERROR:gles2_cmd_decoder.cc(3852)] [.ChromiumCompositor-0xacbb34c0]GL ERROR :GL_INVALID_ENUM : glDiscardFramebufferEXT: attachments was GL_COLOR_EXT
06-28 12:08:05.264  2158  2206 E chromium: [ERROR:gles2_cmd_decoder.cc(3852)] [.ChromiumCompositor-0xacbb34c0]GL ERROR :GL_INVALID_ENUM : glDiscardFramebufferEXT: attachments was GL_COLOR_EXT
06-28 12:08:05.287  2158  2206 E chromium: [ERROR:gles2_cmd_decoder.cc(3852)] [.ChromiumCompositor-0xacbb34c0]GL ERROR :GL_INVALID_ENUM : glDiscardFramebufferEXT: attachments was GL_COLOR_EXT
06-28 12:08:05.292  2158  2206 E chromium: [ERROR:gles2_cmd_decoder.cc(3852)] [.ChromiumCompositor-0xacbb34c0]GL ERROR :GL_INVALID_ENUM : glDiscardFramebufferEXT: attachments was GL_COLOR_EXT
06-28 12:08:05.307  2158  2206 E chromium: [ERROR:gles2_cmd_decoder.cc(3852)] [.ChromiumCompositor-0xacbb34c0]GL ERROR :GL_INVALID_ENUM : glDiscardFramebufferEXT: attachments was GL_COLOR_EXT
06-28 12:08:05.323  2158  2206 E chromium: [ERROR:gles2_cmd_decoder.cc(3852)] [.ChromiumCompositor-0xacbb34c0]GL ERROR :GL_INVALID_ENUM : glDiscardFramebufferEXT: attachments was GL_COLOR_EXT
06-28 12:08:05.339  2158  2206 E chromium: [ERROR:gles2_cmd_decoder.cc(3852)] [.ChromiumCompositor-0xacbb34c0]GL ERROR :GL_INVALID_ENUM : glDiscardFramebufferEXT: attachments was GL_COLOR_EXT
06-28 12:08:05.355  2158  2206 E chromium: [ERROR:gles2_cmd_decoder.cc(3852)] [.ChromiumCompositor-0xacbb34c0]GL ERROR :GL_INVALID_ENUM : glDiscardFramebufferEXT: attachments was GL_COLOR_EXT
06-28 12:08:05.389  2158  2206 E chromium: [ERROR:gles2_cmd_decoder.cc(3852)] [.ChromiumCompositor-0xacbb34c0]GL ERROR :GL_INVALID_ENUM : glDiscardFramebufferEXT: attachments was GL_COLOR_EXT
06-28 12:08:05.402  2158  2206 E chromium: [ERROR:gles2_cmd_decoder.cc(3852)] [.ChromiumCompositor-0xacbb34c0]GL ERROR :GL_INVALID_ENUM : glDiscardFramebufferEXT: attachments was GL_COLOR_EXT
06-28 12:08:05.412  2158  2206 E chromium: [ERROR:gles2_cmd_decoder.cc(3852)] [.ChromiumCompositor-0xacbb34c0]GL ERROR :GL_INVALID_ENUM : glDiscardFramebufferEXT: attachments was GL_COLOR_EXT
06-28 12:08:05.415  2230  2246 E WPROF   : {"Javascript": {"url": "https://securepubads.g.doubleclick.net/static/glade.js", "requestTime": 12762.471080}}
06-28 12:08:05.426  2158  2206 E chromium: [ERROR:gles2_cmd_decoder.cc(3852)] [.ChromiumCompositor-0xacbb34c0]GL ERROR :GL_INVALID_ENUM : glDiscardFramebufferEXT: attachments was GL_COLOR_EXT
06-28 12:08:05.453  2158  2206 E chromium: [ERROR:gles2_cmd_decoder.cc(3852)] [.ChromiumCompositor-0xacbb34c0]GL ERROR :GL_INVALID_ENUM : glDiscardFramebufferEXT: attachments was GL_COLOR_EXT
06-28 12:08:05.470  2158  2206 E chromium: [ERROR:gles2_cmd_decoder.cc(3852)] [.ChromiumCompositor-0xacbb34c0]GL ERROR :GL_INVALID_ENUM : glDiscardFramebufferEXT: attachments was GL_COLOR_EXT
06-28 12:08:05.488  2158  2206 E chromium: [ERROR:gles2_cmd_decoder.cc(3852)] [.ChromiumCompositor-0xacbb34c0]GL ERROR :GL_INVALID_ENUM : glDiscardFramebufferEXT: attachments was GL_COLOR_EXT
06-28 12:08:05.502  2158  2206 E chromium: [ERROR:gles2_cmd_decoder.cc(3852)] [.ChromiumCompositor-0xacbb34c0]GL ERROR :GL_INVALID_ENUM : glDiscardFramebufferEXT: attachments was GL_COLOR_EXT
06-28 12:08:05.518  2158  2206 E chromium: [ERROR:gles2_cmd_decoder.cc(3852)] [.ChromiumCompositor-0xacbb34c0]GL ERROR :GL_INVALID_ENUM : glDiscardFramebufferEXT: attachments was GL_COLOR_EXT
06-28 12:08:05.536  2158  2206 E chromium: [ERROR:gles2_cmd_decoder.cc(3852)] [.ChromiumCompositor-0xacbb34c0]GL ERROR :GL_INVALID_ENUM : glDiscardFramebufferEXT: attachments was GL_COLOR_EXT
06-28 12:08:05.562  2158  2206 E chromium: [ERROR:gles2_cmd_decoder.cc(3852)] [.ChromiumCompositor-0xacbb34c0]GL ERROR :GL_INVALID_ENUM : glDiscardFramebufferEXT: attachments was GL_COLOR_EXT
06-28 12:08:05.585  2158  2206 E chromium: [ERROR:gles2_cmd_decoder.cc(3852)] [.ChromiumCompositor-0xacbb34c0]GL ERROR :GL_INVALID_ENUM : glDiscardFramebufferEXT: attachments was GL_COLOR_EXT
06-28 12:08:05.592  2158  2206 E chromium: [ERROR:gles2_cmd_decoder.cc(3852)] [.ChromiumCompositor-0xacbb34c0]GL ERROR :GL_INVALID_ENUM : glDiscardFramebufferEXT: attachments was GL_COLOR_EXT
06-28 12:08:05.608  2158  2206 E chromium: [ERROR:gles2_cmd_decoder.cc(3852)] [.ChromiumCompositor-0xacbb34c0]GL ERROR :GL_INVALID_ENUM : glDiscardFramebufferEXT: attachments was GL_COLOR_EXT
06-28 12:08:05.622  2158  2206 E chromium: [ERROR:gles2_cmd_decoder.cc(3852)] [.ChromiumCompositor-0xacbb34c0]GL ERROR :GL_INVALID_ENUM : glDiscardFramebufferEXT: attachments was GL_COLOR_EXT
06-28 12:08:05.639  2158  2206 E chromium: [ERROR:gles2_cmd_decoder.cc(3852)] [.ChromiumCompositor-0xacbb34c0]GL ERROR :GL_INVALID_ENUM : glDiscardFramebufferEXT: attachments was GL_COLOR_EXT
06-28 12:08:05.658  2158  2206 E chromium: [ERROR:gles2_cmd_decoder.cc(3852)] [.ChromiumCompositor-0xacbb34c0]GL ERROR :GL_INVALID_ENUM : glDiscardFramebufferEXT: attachments was GL_COLOR_EXT
06-28 12:08:05.676  2158  2206 E chromium: [ERROR:gles2_cmd_decoder.cc(3852)] [.ChromiumCompositor-0xacbb34c0]GL ERROR :GL_INVALID_ENUM : glDiscardFramebufferEXT: attachments was GL_COLOR_EXT
06-28 12:08:05.692  2158  2206 E chromium: [ERROR:gles2_cmd_decoder.cc(3852)] [.ChromiumCompositor-0xacbb34c0]GL ERROR :GL_INVALID_ENUM : glDiscardFramebufferEXT: attachments was GL_COLOR_EXT
06-28 12:08:05.708  2158  2206 E chromium: [ERROR:gles2_cmd_decoder.cc(3852)] [.ChromiumCompositor-0xacbb34c0]GL ERROR :GL_INVALID_ENUM : glDiscardFramebufferEXT: attachments was GL_COLOR_EXT
06-28 12:08:05.726  2158  2206 E chromium: [ERROR:gles2_cmd_decoder.cc(3852)] [.ChromiumCompositor-0xacbb34c0]GL ERROR :GL_INVALID_ENUM : glDiscardFramebufferEXT: attachments was GL_COLOR_EXT
06-28 12:08:05.743  2158  2206 E chromium: [ERROR:gles2_cmd_decoder.cc(3852)] [.ChromiumCompositor-0xacbb34c0]GL ERROR :GL_INVALID_ENUM : glDiscardFramebufferEXT: attachments was GL_COLOR_EXT
06-28 12:08:05.760  2158  2206 E chromium: [ERROR:gles2_cmd_decoder.cc(3852)] [.ChromiumCompositor-0xacbb34c0]GL ERROR :GL_INVALID_ENUM : glDiscardFramebufferEXT: attachments was GL_COLOR_EXT
06-28 12:08:05.779  2158  2206 E chromium: [ERROR:gles2_cmd_decoder.cc(3852)] [.ChromiumCompositor-0xacbb34c0]GL ERROR :GL_INVALID_ENUM : glDiscardFramebufferEXT: attachments was GL_COLOR_EXT
06-28 12:08:05.799  2158  2206 E chromium: [ERROR:gles2_cmd_decoder.cc(3852)] [.ChromiumCompositor-0xacbb34c0]GL ERROR :GL_INVALID_ENUM : glDiscardFramebufferEXT: attachments was GL_COLOR_EXT
06-28 12:08:05.818  2158  2206 E chromium: [ERROR:gles2_cmd_decoder.cc(3852)] [.ChromiumCompositor-0xacbb34c0]GL ERROR :GL_INVALID_ENUM : glDiscardFramebufferEXT: attachments was GL_COLOR_EXT
06-28 12:08:05.843  2158  2206 E chromium: [ERROR:gles2_cmd_decoder.cc(3852)] [.ChromiumCompositor-0xacbb34c0]GL ERROR :GL_INVALID_ENUM : glDiscardFramebufferEXT: attachments was GL_COLOR_EXT
06-28 12:08:05.859  2158  2206 E chromium: [ERROR:gles2_cmd_decoder.cc(3852)] [.ChromiumCompositor-0xacbb34c0]GL ERROR :GL_INVALID_ENUM : glDiscardFramebufferEXT: attachments was GL_COLOR_EXT
06-28 12:08:05.885  2158  2206 E chromium: [ERROR:gles2_cmd_decoder.cc(3852)] [.ChromiumCompositor-0xacbb34c0]GL ERROR :GL_INVALID_ENUM : glDiscardFramebufferEXT: attachments was GL_COLOR_EXT
06-28 12:08:05.892  2230  2246 E WPROF   : {"Javascript": {"url": "https://securepubads.g.doubleclick.net/static/glade/extra_25.js", "requestTime": 12762.947677}}
06-28 12:08:05.906  2158  2206 E chromium: [ERROR:gles2_cmd_decoder.cc(3852)] [.ChromiumCompositor-0xacbb34c0]GL ERROR :GL_INVALID_ENUM : glDiscardFramebufferEXT: attachments was GL_COLOR_EXT
06-28 12:08:05.923  2158  2206 E chromium: [ERROR:gles2_cmd_decoder.cc(3852)] [.ChromiumCompositor-0xacbb34c0]GL ERROR :GL_INVALID_ENUM : glDiscardFramebufferEXT: attachments was GL_COLOR_EXT
06-28 12:08:05.927  2158  2206 E chromium: [ERROR:gles2_cmd_decoder.cc(3852)] [.ChromiumCompositor-0xacbb34c0]GL ERROR :GL_INVALID_ENUM : glDiscardFramebufferEXT: attachments was GL_COLOR_EXT
06-28 12:08:05.942  2158  2206 E chromium: [ERROR:gles2_cmd_decoder.cc(3852)] [.ChromiumCompositor-0xacbb34c0]GL ERROR :GL_INVALID_ENUM : glDiscardFramebufferEXT: attachments was GL_COLOR_EXT
06-28 12:08:05.957  2158  2206 E chromium: [ERROR:gles2_cmd_decoder.cc(3852)] [.ChromiumCompositor-0xacbb34c0]GL ERROR :GL_INVALID_ENUM : glDiscardFramebufferEXT: attachments was GL_COLOR_EXT
06-28 12:08:05.977  2158  2206 E chromium: [ERROR:gles2_cmd_decoder.cc(3852)] [.ChromiumCompositor-0xacbb34c0]GL ERROR :GL_INVALID_ENUM : glDiscardFramebufferEXT: attachments was GL_COLOR_EXT
06-28 12:08:05.994  2158  2206 E chromium: [ERROR:gles2_cmd_decoder.cc(3852)] [.ChromiumCompositor-0xacbb34c0]GL ERROR :GL_INVALID_ENUM : glDiscardFramebufferEXT: attachments was GL_COLOR_EXT
06-28 12:08:06.012  2158  2206 E chromium: [ERROR:gles2_cmd_decoder.cc(3852)] [.ChromiumCompositor-0xacbb34c0]GL ERROR :GL_INVALID_ENUM : glDiscardFramebufferEXT: attachments was GL_COLOR_EXT
06-28 12:08:06.035  2158  2206 E chromium: [ERROR:gles2_cmd_decoder.cc(3852)] [.ChromiumCompositor-0xacbb34c0]GL ERROR :GL_INVALID_ENUM : glDiscardFramebufferEXT: attachments was GL_COLOR_EXT
06-28 12:08:06.046  2158  2206 E chromium: [ERROR:gles2_cmd_decoder.cc(3852)] [.ChromiumCompositor-0xacbb34c0]GL ERROR :GL_INVALID_ENUM : glDiscardFramebufferEXT: attachments was GL_COLOR_EXT
06-28 12:08:06.061  2158  2206 E chromium: [ERROR:gles2_cmd_decoder.cc(3852)] [.ChromiumCompositor-0xacbb34c0]GL ERROR :GL_INVALID_ENUM : glDiscardFramebufferEXT: attachments was GL_COLOR_EXT
06-28 12:08:06.078  2158  2206 E chromium: [ERROR:gles2_cmd_decoder.cc(3852)] [.ChromiumCompositor-0xacbb34c0]GL ERROR :GL_INVALID_ENUM : glDiscardFramebufferEXT: attachments was GL_COLOR_EXT
06-28 12:08:06.104  2158  2206 E chromium: [ERROR:gles2_cmd_decoder.cc(3852)] [.ChromiumCompositor-0xacbb34c0]GL ERROR :GL_INVALID_ENUM : glDiscardFramebufferEXT: attachments was GL_COLOR_EXT
06-28 12:08:06.129  2230  2246 E WPROF   : {"Javascript": {"url": "https://tpc.googlesyndication.com/pagead/js/r20170619/r20110914/client/ext/m_window_focus_non_hydra.js", "requestTime": 12763.185071}}
06-28 12:08:06.133  2230  2246 E WPROF   : {"Javascript": {"url": "https://tpc.googlesyndication.com/pagead/js/r20170619/r20110914/activeview/osd_listener.js", "requestTime": 12763.189083}}
06-28 12:08:06.136  2158  2206 E chromium: [ERROR:gles2_cmd_decoder.cc(3852)] [.ChromiumCompositor-0xacbb34c0]GL ERROR :GL_INVALID_ENUM : glDiscardFramebufferEXT: attachments was GL_COLOR_EXT
06-28 12:08:06.143  2158  2206 E chromium: [ERROR:gles2_cmd_decoder.cc(3852)] [.ChromiumCompositor-0xacbb34c0]GL ERROR :GL_INVALID_ENUM : glDiscardFramebufferEXT: attachments was GL_COLOR_EXT
06-28 12:08:06.154  2230  2246 E WPROF   : {"Javascript": {"url": "https://pagead2.googlesyndication.com/pagead/osd.js", "requestTime": 12763.209948}}
06-28 12:08:06.155  2158  2206 E chromium: [ERROR:gles2_cmd_decoder.cc(3852)] [.ChromiumCompositor-0xacbb34c0]GL ERROR :GL_INVALID_ENUM : glDiscardFramebufferEXT: attachments was GL_COLOR_EXT
06-28 12:08:06.161  2158  2206 E chromium: [ERROR:logger.cc(46)] Too many GL errors, not reporting any more for this context. use --disable-gl-error-limit to see all errors.
06-28 12:08:08.364  2230  2246 E WProf.db: {"page": "d-22655595043014885106.ampproject.net_1498506512561_frame.html"}
06-28 12:08:08.365  2230  2246 E WProf.db: {"DOMLoad": 12765.420413}
06-28 12:08:08.366  2230  2246 E WProf.db: {"Resource": {"id": 32, "url": "https://d-22655595043014885106.ampproject.net/1498506512561/frame.html", "sentTime": -1.000000, "len": 375, "from": "0x0", "mimeType": "text/html", "contentLength": -1, "httpStatus": 200, "connId": 369, "connReused": 0, "cached": 0,"requestTime": 12761.566707, "proxyStart": -1, "proxyEnd": -1, "dnsStart": 0, "dnsEnd": 0, "connectStart": 0, "connectEnd": 253, "sendStart": 253, "sendEnd": 254, "receiveHeadersEnd": 348, "sslStart": 54, "sslEnd": 253}}
06-28 12:08:08.366  2230  2246 E WProf.db: {"ReceivedChunk": {"receivedTime": 12761.918512, "len": 375}}
06-28 12:08:08.367  2230  2246 E WProf.db: {"WprofHTMLTag": {"code": "0x9ea4ddb0", "doc": "https://d-22655595043014885106.ampproject.net/1498506512561/frame.html", "row": 1, "column": 6, "tagName": "head", "time": 12761.967765, "url": "", "pos": 1, "chunkLen": 1, "isStartTag": 1}}
06-28 12:08:08.367  2230  2246 E WProf.db: {"WprofHTMLTag": {"code": "0x9ea4dc90", "doc": "https://d-22655595043014885106.ampproject.net/1498506512561/frame.html", "row": 2, "column": 22, "tagName": "meta", "time": 12761.967987, "url": "", "pos": 1, "chunkLen": 1, "isStartTag": 1}}
06-28 12:08:08.368  2230  2246 E WProf.db: {"WprofHTMLTag": {"code": "0x9ea4d660", "doc": "https://d-22655595043014885106.ampproject.net/1498506512561/frame.html", "row": 3, "column": 38, "tagName": "meta", "time": 12761.968686, "url": "", "pos": 1, "chunkLen": 1, "isStartTag": 1}}
06-28 12:08:08.368  2230  2246 E WProf.db: {"WprofHTMLTag": {"code": "0x9ea4d510", "doc": "https://d-22655595043014885106.ampproject.net/1498506512561/frame.html", "row": 4, "column": 59, "tagName": "script", "time": 12761.969013, "url": "https://3p.ampproject.net/1498506512561/f.js", "pos": 1, "chunkLen": 1, "isStartTag": 1}}
06-28 12:08:08.370  2230  2246 E WProf.db: {"WprofHTMLTag": {"code": "0x9ea4d480", "doc": "https://d-22655595043014885106.ampproject.net/1498506512561/frame.html", "row": 4, "column": 68, "tagName": "script", "time": 12761.969537, "url": "", "pos": 1, "chunkLen": 1, "isStartTag": 0}}
06-28 12:08:08.370  2230  2246 E WProf.db: {"WprofHTMLTag": {"code": "0x9ea4d6f0", "doc": "https://d-22655595043014885106.ampproject.net/1498506512561/frame.html", "row": 5, "column": 7, "tagName": "head", "time": 12762.446873, "url": "", "pos": 1, "chunkLen": 1, "isStartTag": 0}}
06-28 12:08:08.371  2230  2246 E WProf.db: {"WprofHTMLTag": {"code": "0x9ea4d4e0", "doc": "https://d-22655595043014885106.ampproject.net/1498506512561/frame.html", "row": 6, "column": 23, "tagName": "body", "time": 12762.446896, "url": "", "pos": 1, "chunkLen": 1, "isStartTag": 1}}
06-28 12:08:08.371  2230  2246 E WProf.db: {"WprofHTMLTag": {"code": "0x9ea4d330", "doc": "https://d-22655595043014885106.ampproject.net/1498506512561/frame.html", "row": 7, "column": 69, "tagName": "div", "time": 12762.447152, "url": "", "pos": 1, "chunkLen": 1, "isStartTag": 1}}
06-28 12:08:08.372  2230  2246 E WProf.db: {"WprofHTMLTag": {"code": "0x9ea4e8c0", "doc": "https://d-22655595043014885106.ampproject.net/1498506512561/frame.html", "row": 8, "column": 10, "tagName": "script", "time": 12762.447408, "url": "", "pos": 1, "chunkLen": 1, "isStartTag": 1}}
06-28 12:08:08.372  2230  2246 E WProf.db: {"WprofHTMLTag": {"code": "0x9ea4e740", "doc": "https://d-22655595043014885106.ampproject.net/1498506512561/frame.html", "row": 8, "column": 27, "tagName": "script", "time": 12762.447555, "url": "https://securepubads.g.doubleclick.net/static/glade.js", "pos": 1, "chunkLen": 1, "isStartTag": 0}}
06-28 12:08:08.373  2230  2246 E WProf.db: {"WprofHTMLTag": {"code": "0x9ea4e7d0", "doc": "https://d-22655595043014885106.ampproject.net/1498506512561/frame.html", "row": 9, "column": 6, "tagName": "div", "time": 12762.477260, "url": "", "pos": 1, "chunkLen": 1, "isStartTag": 0}}
06-28 12:08:08.373  2230  2246 E WProf.db: {"WprofHTMLTag": {"code": "0x9ea4e860", "doc": "https://d-22655595043014885106.ampproject.net/1498506512561/frame.html", "row": 10, "column": 8, "tagName": "script", "time": 12762.477400, "url": "", "pos": 1, "chunkLen": 1, "isStartTag": 1}}
06-28 12:08:08.374  2230  2246 E WProf.db: {"WprofHTMLTag": {"code": "0x9ea4e890", "doc": "https://d-22655595043014885106.ampproject.net/1498506512561/frame.html", "row": 10, "column": 67, "tagName": "script", "time": 12762.479863, "url": "", "pos": 1, "chunkLen": 1, "isStartTag": 0}}
06-28 12:08:08.375  2230  2246 E WProf.db: {"WprofHTMLTag": {"code": "0x9ea4e980", "doc": "https://d-22655595043014885106.ampproject.net/1498506512561/frame.html", "row": 11, "column": 7, "tagName": "body", "time": 12762.481744, "url": "", "pos": 1, "chunkLen": 1, "isStartTag": 0}}
06-28 12:08:08.375  2230  2246 E WProf.db: {"WprofHTMLTag": {"code": "0x9ea4e9b0", "doc": "https://d-22655595043014885106.ampproject.net/1498506512561/frame.html", "row": 12, "column": 7, "tagName": "html", "time": 12762.481761, "url": "https://securepubads.g.doubleclick.net/static/glade/extra_25.js", "pos": 1, "chunkLen": 1, "isStartTag": 0}}
06-28 12:08:08.376  2230  2246 E WProf.db: {"Resource": {"id": 33, "url": "https://3p.ampproject.net/1498506512561/f.js", "sentTime": -1.000000, "len": 91779, "from": "0x9ea4d510", "mimeType": "text/javascript", "contentLength": -1, "httpStatus": 200, "connId": 393, "connReused": 0, "cached": 0,"requestTime": 12761.971498, "proxyStart": -1, "proxyEnd": -1, "dnsStart": 8, "dnsEnd": 9, "connectStart": 0, "connectEnd": 252, "sendStart": 252, "sendEnd": 252, "receiveHeadersEnd": 313, "sslStart": 70, "sslEnd": 251}}
06-28 12:08:08.376  2230  2246 E WProf.db: {"ReceivedChunk": {"receivedTime": 12762.292184, "len": 1759}}
06-28 12:08:08.377  2230  2246 E WProf.db: {"ReceivedChunk": {"receivedTime": 12762.296497, "len": 3800}}
06-28 12:08:08.378  2230  2246 E WProf.db: {"ReceivedChunk": {"receivedTime": 12762.300295, "len": 28113}}
06-28 12:08:08.378  2230  2246 E WProf.db: {"ReceivedChunk": {"receivedTime": 12762.303300, "len": 8626}}
06-28 12:08:08.378  2230  2246 E WProf.db: {"ReceivedChunk": {"receivedTime": 12762.306016, "len": 9245}}
06-28 12:08:08.379  2230  2246 E WProf.db: {"ReceivedChunk": {"receivedTime": 12762.306379, "len": 9179}}
06-28 12:08:08.379  2230  2246 E WProf.db: {"ReceivedChunk": {"receivedTime": 12762.306623, "len": 4110}}
06-28 12:08:08.379  2230  2246 E WProf.db: {"ReceivedChunk": {"receivedTime": 12762.342831, "len": 8647}}
06-28 12:08:08.379  2230  2246 E WProf.db: {"ReceivedChunk": {"receivedTime": 12762.344933, "len": 4343}}
06-28 12:08:08.380  2230  2246 E WProf.db: {"ReceivedChunk": {"receivedTime": 12762.345531, "len": 13215}}
06-28 12:08:08.380  2230  2246 E WProf.db: {"ReceivedChunk": {"receivedTime": 12762.349033, "len": 742}}
06-28 12:08:08.380  2230  2246 E WProf.db: {"Resource": {"id": 34, "url": "https://securepubads.g.doubleclick.net/static/glade.js", "sentTime": -1.000000, "len": 19455, "from": "0x9ea4e740", "mimeType": "text/javascript", "contentLength": -1, "httpStatus": 200, "connId": 407, "connReused": 0, "cached": 0,"requestTime": 12762.472450, "proxyStart": -1, "proxyEnd": -1, "dnsStart": 8, "dnsEnd": 9, "connectStart": 0, "connectEnd": 269, "sendStart": 269, "sendEnd": 270, "receiveHeadersEnd": 369, "sslStart": 72, "sslEnd": 269}}
06-28 12:08:08.381  2230  2246 E WProf.db: {"ReceivedChunk": {"receivedTime": 12762.847435, "len": 2177}}
06-28 12:08:08.381  2230  2246 E WProf.db: {"ReceivedChunk": {"receivedTime": 12762.849079, "len": 7407}}
06-28 12:08:08.381  2230  2246 E WProf.db: {"ReceivedChunk": {"receivedTime": 12762.852590, "len": 9871}}
06-28 12:08:08.382  2230  2246 E WProf.db: {"Resource": {"id": 35, "url": "https://securepubads.g.doubleclick.net/gampad/ads?gdfp_req=1&glade_req=1&glv=25&output=html&iu=%2F1038259%2FSEL-amp-cube&sz=300x250&sfv=1-0-8&correlator=2301464692129792&eid=108809080&adk=2352184609&biw=412&bih=620&adx=56&ady=349&oid=3&u_sd=3.5&ifi=1&is_amp=1&amp_v=1498506512561&nhd=1&url=http%3A%2F", "sentTime": -1.000000, "len": 20174, "from": "0x9ea4e9b0", "mimeType": "text/html", "contentLength": -1, "httpStatus": 200, "connId": 407, "connReused": 1, "cached": 0,"requestTime": 12762.929907, "proxyStart": -1, "proxyEnd": -1, "dnsStart": -1, "dnsEnd": -1, "connectStart": 0, "connectEnd": 8, "sendStart": 8, "sendEnd": 8, "receiveHeadersEnd": 133, "sslStart": -1, "sslEnd": -1}}
06-28 12:08:08.382  2230  2246 E WProf.db: {"ReceivedChunk": {"receivedTime": 12763.067445, "len": 3656}}
06-28 12:08:08.382  2230  2246 E WProf.db: {"ReceivedChunk": {"receivedTime": 12763.150400, "len": 6407}}
06-28 12:08:08.382  2230  2246 E WProf.db: {"ReceivedChunk": {"receivedTime": 12763.151550, "len": 10111}}
06-28 12:08:08.383  2230  2246 E WProf.db: {"WprofHTMLTag": {"code": "0x9ea4ead0", "doc": "https://securepubads.g.doubleclick.net/gampad/ads?gdfp_req=1&glade_req=1&glv=25&output=html&iu=%2F1038259%2FSEL-amp-cube&sz=300x250&sfv=1-0-8&correlator=2301464692129792&eid=108809080&adk=2352184609&biw=412&bih=620&adx=56&ady=349&oid=3&u_sd=3.5&ifi=1&is_amp=1&amp_v=1498506512561&nhd=1&url=http%3A%2F", "row": 0, "column": 21, "tagName": "html", "time": 12763.154349, "url": "", "pos": 1, "chunkLen": 1, "isStartTag": 1}}
06-28 12:08:08.383  2230  2246 E WProf.db: {"WprofHTMLTag": {"code": "0x9ea4e8f0", "doc": "https://securepubads.g.doubleclick.net/gampad/ads?gdfp_req=1&glade_req=1&glv=25&output=html&iu=%2F1038259%2FSEL-amp-cube&sz=300x250&sfv=1-0-8&correlator=2301464692129792&eid=108809080&adk=2352184609&biw=412&bih=620&adx=56&ady=349&oid=3&u_sd=3.5&ifi=1&is_amp=1&amp_v=1498506512561&nhd=1&url=http%3A%2F", "row": 0, "column": 27, "tagName": "head", "time": 12763.154500, "url": "", "pos": 1, "chunkLen": 1, "isStartTag": 1}}
06-28 12:08:08.383  2230  2246 E WProf.db: {"WprofHTMLTag": {"code": "0x9ea4eaa0", "doc": "https://securepubads.g.doubleclick.net/gampad/ads?gdfp_req=1&glade_req=1&glv=25&output=html&iu=%2F1038259%2FSEL-amp-cube&sz=300x250&sfv=1-0-8&correlator=2301464692129792&eid=108809080&adk=2352184609&biw=412&bih=620&adx=56&ady=349&oid=3&u_sd=3.5&ifi=1&is_amp=1&amp_v=1498506512561&nhd=1&url=http%3A%2F", "row": 0, "column": 144, "tagName": "meta", "time": 12763.154554, "url": "", "pos": 1, "chunkLen": 1, "isStartTag": 1}}
06-28 12:08:08.384  2230  2246 E WProf.db: {"WprofHTMLTag": {"code": "0x9ea4e920", "doc": "https://securepubads.g.doubleclick.net/gampad/ads?gdfp_req=1&glade_req=1&glv=25&output=html&iu=%2F1038259%2FSEL-amp-cube&sz=300x250&sfv=1-0-8&correlator=2301464692129792&eid=108809080&adk=2352184609&biw=412&bih=620&adx=56&ady=349&oid=3&u_sd=3.5&ifi=1&is_amp=1&amp_v=1498506512561&nhd=1&url=http%3A%2F", "row": 0, "column": 152, "tagName": "script", "time": 12763.155308, "url": "", "pos": 1, "chunkLen": 1, "isStartTag": 1}}
06-28 12:08:08.384  2230  2246 E WProf.db: {"WprofHTMLTag": {"code": "0x9ea4e950", "doc": "https://securepubads.g.doubleclick.net/gampad/ads?gdfp_req=1&glade_req=1&glv=25&output=html&iu=%2F1038259%2FSEL-amp-cube&sz=300x250&sfv=1-0-8&correlator=2301464692129792&eid=108809080&adk=2352184609&biw=412&bih=620&adx=56&ady=349&oid=3&u_sd=3.5&ifi=1&is_amp=1&amp_v=1498506512561&nhd=1&url=http%3A%2F", "row": 0, "column": 195, "tagName": "script", "time": 12763.155610, "url": "", "pos": 1, "chunkLen": 1, "isStartTag": 0}}
06-28 12:08:08.384  2230  2246 E WProf.db: {"WprofHTMLTag": {"code": "0x9ea4eb90", "doc": "https://securepubads.g.doubleclick.net/gampad/ads?gdfp_req=1&glade_req=1&glv=25&output=html&iu=%2F1038259%2FSEL-amp-cube&sz=300x250&sfv=1-0-8&correlator=2301464692129792&eid=108809080&adk=2352184609&biw=412&bih=620&adx=56&ady=349&oid=3&u_sd=3.5&ifi=1&is_amp=1&amp_v=1498506512561&nhd=1&url=http%3A%2F", "row": 0, "column": 202, "tagName": "style", "time": 12763.156983, "url": "", "pos": 1, "chunkLen": 1, "isStartTag": 1}}
06-28 12:08:08.385  2230  2246 E WProf.db: {"WprofHTMLTag": {"code": "0x9ea4ec20", "doc": "https://securepubads.g.doubleclick.net/gampad/ads?gdfp_req=1&glade_req=1&glv=25&output=html&iu=%2F1038259%2FSEL-amp-cube&sz=300x250&sfv=1-0-8&correlator=2301464692129792&eid=108809080&adk=2352184609&biw=412&bih=620&adx=56&ady=349&oid=3&u_sd=3.5&ifi=1&is_amp=1&amp_v=1498506512561&nhd=1&url=http%3A%2F", "row": 0, "column": 230, "tagName": "style", "time": 12763.157192, "url": "", "pos": 1, "chunkLen": 1, "isStartTag": 0}}
06-28 12:08:08.385  2230  2246 E WProf.db: {"WprofHTMLTag": {"code": "0x9ea4efb0", "doc": "https://securepubads.g.doubleclick.net/gampad/ads?gdfp_req=1&glade_req=1&glv=25&output=html&iu=%2F1038259%2FSEL-amp-cube&sz=300x250&sfv=1-0-8&correlator=2301464692129792&eid=108809080&adk=2352184609&biw=412&bih=620&adx=56&ady=349&oid=3&u_sd=3.5&ifi=1&is_amp=1&amp_v=1498506512561&nhd=1&url=http%3A%2F", "row": 0, "column": 238, "tagName": "script", "time": 12763.158117, "url": "", "pos": 1, "chunkLen": 1, "isStartTag": 1}}
06-28 12:08:08.386  2230  2246 E WProf.db: {"WprofHTMLTag": {"code": "0x9ea4ee60", "doc": "https://securepubads.g.doubleclick.net/gampad/ads?gdfp_req=1&glade_req=1&glv=25&output=html&iu=%2F1038259%2FSEL-amp-cube&sz=300x250&sfv=1-0-8&correlator=2301464692129792&eid=108809080&adk=2352184609&biw=412&bih=620&adx=56&ady=349&oid=3&u_sd=3.5&ifi=1&is_amp=1&amp_v=1498506512561&nhd=1&url=http%3A%2F", "row": 0, "column": 8856, "tagName": "script", "time": 12763.159153, "url": "", "pos": 1, "chunkLen": 1, "isStartTag": 0}}
06-28 12:08:08.386  2230  2246 E WProf.db: {"WprofHTMLTag": {"code": "0x9ea4ee30", "doc": "https://securepubads.g.doubleclick.net/gampad/ads?gdfp_req=1&glade_req=1&glv=25&output=html&iu=%2F1038259%2FSEL-amp-cube&sz=300x250&sfv=1-0-8&correlator=2301464692129792&eid=108809080&adk=2352184609&biw=412&bih=620&adx=56&ady=349&oid=3&u_sd=3.5&ifi=1&is_amp=1&amp_v=1498506512561&nhd=1&url=http%3A%2F", "row": 0, "column": 8863, "tagName": "head", "time": 12763.172005, "url": "", "pos": 1, "chunkLen": 1, "isStartTag": 0}}
06-28 12:08:08.386  2230  2246 E WProf.db: {"WprofHTMLTag": {"code": "0x9ea4f010", "doc": "https://securepubads.g.doubleclick.net/gampad/ads?gdfp_req=1&glade_req=1&glv=25&output=html&iu=%2F1038259%2FSEL-amp-cube&sz=300x250&sfv=1-0-8&correlator=2301464692129792&eid=108809080&adk=2352184609&biw=412&bih=620&adx=56&ady=349&oid=3&u_sd=3.5&ifi=1&is_amp=1&amp_v=1498506512561&nhd=1&url=http%3A%2F", "row": 0, "column": 8977, "tagName": "body", "time": 12763.172049, "url": "", "pos": 1, "chunkLen": 1, "isStartTag": 1}}
06-28 12:08:08.387  2230  2246 E WProf.db: {"WprofHTMLTag": {"code": "0x9ea4f040", "doc": "https://securepubads.g.doubleclick.net/gampad/ads?gdfp_req=1&glade_req=1&glv=25&output=html&iu=%2F1038259%2FSEL-amp-cube&sz=300x250&sfv=1-0-8&correlator=2301464692129792&eid=108809080&adk=2352184609&biw=412&bih=620&adx=56&ady=349&oid=3&u_sd=3.5&ifi=1&is_amp=1&amp_v=1498506512561&nhd=1&url=http%3A%2F", "row": 0, "column": 9047, "tagName": "div", "time": 12763.172824, "url": "", "pos": 1, "chunkLen": 1, "isStartTag": 1}}
06-28 12:08:08.387  2230  2246 E WProf.db: {"WprofHTMLTag": {"code": "0x9ea4ed10", "doc": "https://securepubads.g.doubleclick.net/gampad/ads?gdfp_req=1&glade_req=1&glv=25&output=html&iu=%2F1038259%2FSEL-amp-cube&sz=300x250&sfv=1-0-8&correlator=2301464692129792&eid=108809080&adk=2352184609&biw=412&bih=620&adx=56&ady=349&oid=3&u_sd=3.5&ifi=1&is_amp=1&amp_v=1498506512561&nhd=1&url=http%3A%2F", "row": 0, "column": 9055, "tagName": "script", "time": 12763.173064, "url": "", "pos": 1, "chunkLen": 1, "isStartTag": 1}}
06-28 12:08:08.387  2230  2246 E WProf.db: {"WprofHTMLTag": {"code": "0x9ea4f130", "doc": "https://securepubads.g.doubleclick.net/gampad/ads?gdfp_req=1&glade_req=1&glv=25&output=html&iu=%2F1038259%2FSEL-amp-cube&sz=300x250&sfv=1-0-8&correlator=2301464692129792&eid=108809080&adk=2352184609&biw=412&bih=620&adx=56&ady=349&oid=3&u_sd=3.5&ifi=1&is_amp=1&amp_v=1498506512561&nhd=1&url=http%3A%2F", "row": 0, "column": 9428, "tagName": "script", "time": 12763.173297, "url": "", "pos": 1, "chunkLen": 1, "isStartTag": 0}}
06-28 12:08:08.388  2230  2246 E WProf.db: {"WprofHTMLTag": {"code": "0x9ea4f160", "doc": "https://securepubads.g.doubleclick.net/gampad/ads?gdfp_req=1&glade_req=1&glv=25&output=html&iu=%2F1038259%2FSEL-amp-cube&sz=300x250&sfv=1-0-8&correlator=2301464692129792&eid=108809080&adk=2352184609&biw=412&bih=620&adx=56&ady=349&oid=3&u_sd=3.5&ifi=1&is_amp=1&amp_v=1498506512561&nhd=1&url=http%3A%2F", "row": 0, "column": 10008, "tagName": "a", "time": 12763.182373, "url": "", "pos": 1, "chunkLen": 1, "isStartTag": 1}}
06-28 12:08:08.388  2230  2246 E WProf.db: {"WprofHTMLTag": {"code": "0x9ea4f1c0", "doc": "https://securepubads.g.doubleclick.net/gampad/ads?gdfp_req=1&glade_req=1&glv=25&output=html&iu=%2F1038259%2FSEL-amp-cube&sz=300x250&sfv=1-0-8&correlator=2301464692129792&eid=108809080&adk=2352184609&biw=412&bih=620&adx=56&ady=349&oid=3&u_sd=3.5&ifi=1&is_amp=1&amp_v=1498506512561&nhd=1&url=http%3A%2F", "row": 0, "column": 10142, "tagName": "img", "time": 12763.183251, "url": "", "pos": 1, "chunkLen": 1, "isStartTag": 1}}
06-28 12:08:08.388  2230  2246 E WProf.db: {"WprofHTMLTag": {"code": "0x9ea4f190", "doc": "https://securepubads.g.doubleclick.net/gampad/ads?gdfp_req=1&glade_req=1&glv=25&output=html&iu=%2F1038259%2FSEL-amp-cube&sz=300x250&sfv=1-0-8&correlator=2301464692129792&eid=108809080&adk=2352184609&biw=412&bih=620&adx=56&ady=349&oid=3&u_sd=3.5&ifi=1&is_amp=1&amp_v=1498506512561&nhd=1&url=http%3A%2F", "row": 0, "column": 10146, "tagName": "a", "time": 12763.184333, "url": "", "pos": 1, "chunkLen": 1, "isStartTag": 0}}
06-28 12:08:08.389  2230  2246 E WProf.db: {"WprofHTMLTag": {"code": "0x9ea4d6c0", "doc": "https://securepubads.g.doubleclick.net/gampad/ads?gdfp_req=1&glade_req=1&glv=25&output=html&iu=%2F1038259%2FSEL-amp-cube&sz=300x250&sfv=1-0-8&correlator=2301464692129792&eid=108809080&adk=2352184609&biw=412&bih=620&adx=56&ady=349&oid=3&u_sd=3.5&ifi=1&is_amp=1&amp_v=1498506512561&nhd=1&url=http%3A%2F", "row": 0, "column": 10152, "tagName": "div", "time": 12763.184363, "url": "", "pos": 1, "chunkLen": 1, "isStartTag": 0}}
06-28 12:08:08.389  2230  2246 E WProf.db: {"WprofHTMLTag": {"code": "0x9ea4ee90", "doc": "https://securepubads.g.doubleclick.net/gampad/ads?gdfp_req=1&glade_req=1&glv=25&output=html&iu=%2F1038259%2FSEL-amp-cube&sz=300x250&sfv=1-0-8&correlator=2301464692129792&eid=108809080&adk=2352184609&biw=412&bih=620&adx=56&ady=349&oid=3&u_sd=3.5&ifi=1&is_amp=1&amp_v=1498506512561&nhd=1&url=http%3A%2F", "row": 0, "column": 10275, "tagName": "script", "time": 12763.184392, "url": "https://tpc.googlesyndication.com/pagead/js/r20170619/r20110914/client/ext/m_window_focus_non_hydra.js", "pos": 1, "chunkLen": 1, "isStartTag": 1}}
06-28 12:08:08.390  2230  2246 E WProf.db: {"WprofHTMLTag": {"code": "0x9ea4eec0", "doc": "https://securepubads.g.doubleclick.net/gampad/ads?gdfp_req=1&glade_req=1&glv=25&output=html&iu=%2F1038259%2FSEL-amp-cube&sz=300x250&sfv=1-0-8&correlator=2301464692129792&eid=108809080&adk=2352184609&biw=412&bih=620&adx=56&ady=349&oid=3&u_sd=3.5&ifi=1&is_amp=1&amp_v=1498506512561&nhd=1&url=http%3A%2F", "row": 0, "column": 10284, "tagName": "script", "time": 12763.184771, "url": "", "pos": 1, "chunkLen": 1, "isStartTag": 0}}
06-28 12:08:08.390  2230  2246 E WProf.db: {"WprofHTMLTag": {"code": "0xaedda750", "doc": "https://securepubads.g.doubleclick.net/gampad/ads?gdfp_req=1&glade_req=1&glv=25&output=html&iu=%2F1038259%2FSEL-amp-cube&sz=300x250&sfv=1-0-8&correlator=2301464692129792&eid=108809080&adk=2352184609&biw=412&bih=620&adx=56&ady=349&oid=3&u_sd=3.5&ifi=1&is_amp=1&amp_v=1498506512561&nhd=1&url=http%3A%2F", "row": 0, "column": 10292, "tagName": "script", "time": 12763.185660, "url": "", "pos": 1, "chunkLen": 1, "isStartTag": 1}}
06-28 12:08:08.390  2230  2246 E WProf.db: {"WprofHTMLTag": {"code": "0x9ea4ef80", "doc": "https://securepubads.g.doubleclick.net/gampad/ads?gdfp_req=1&glade_req=1&glv=25&output=html&iu=%2F1038259%2FSEL-amp-cube&sz=300x250&sfv=1-0-8&correlator=2301464692129792&eid=108809080&adk=2352184609&biw=412&bih=620&adx=56&ady=349&oid=3&u_sd=3.5&ifi=1&is_amp=1&amp_v=1498506512561&nhd=1&url=http%3A%2F", "row": 0, "column": 10558, "tagName": "script", "time": 12763.186174, "url": "", "pos": 1, "chunkLen": 1, "isStartTag": 0}}
06-28 12:08:08.391  2230  2246 E WProf.db: {"WprofHTMLTag": {"code": "0x9ea4f1f0", "doc": "https://securepubads.g.doubleclick.net/gampad/ads?gdfp_req=1&glade_req=1&glv=25&output=html&iu=%2F1038259%2FSEL-amp-cube&sz=300x250&sfv=1-0-8&correlator=2301464692129792&eid=108809080&adk=2352184609&biw=412&bih=620&adx=56&ady=349&oid=3&u_sd=3.5&ifi=1&is_amp=1&amp_v=1498506512561&nhd=1&url=http%3A%2F", "row": 0, "column": 10663, "tagName": "script", "time": 12763.188424, "url": "https://tpc.googlesyndication.com/pagead/js/r20170619/r20110914/activeview/osd_listener.js", "pos": 1, "chunkLen": 1, "isStartTag": 1}}
06-28 12:08:08.391  2230  2246 E WProf.db: {"WprofHTMLTag": {"code": "0x9ea4f220", "doc": "https://securepubads.g.doubleclick.net/gampad/ads?gdfp_req=1&glade_req=1&glv=25&output=html&iu=%2F1038259%2FSEL-amp-cube&sz=300x250&sfv=1-0-8&correlator=2301464692129792&eid=108809080&adk=2352184609&biw=412&bih=620&adx=56&ady=349&oid=3&u_sd=3.5&ifi=1&is_amp=1&amp_v=1498506512561&nhd=1&url=http%3A%2F", "row": 0, "column": 10672, "tagName": "script", "time": 12763.188755, "url": "https://pagead2.googlesyndication.com/pagead/osd.js", "pos": 1, "chunkLen": 1, "isStartTag": 0}}
06-28 12:08:08.391  2230  2246 E WProf.db: {"WprofHTMLTag": {"code": "0x9ea4f760", "doc": "https://securepubads.g.doubleclick.net/gampad/ads?gdfp_req=1&glade_req=1&glv=25&output=html&iu=%2F1038259%2FSEL-amp-cube&sz=300x250&sfv=1-0-8&correlator=2301464692129792&eid=108809080&adk=2352184609&biw=412&bih=620&adx=56&ady=349&oid=3&u_sd=3.5&ifi=1&is_amp=1&amp_v=1498506512561&nhd=1&url=http%3A%2F", "row": 0, "column": 10703, "tagName": "script", "time": 12763.674250, "url": "", "pos": 1, "chunkLen": 1, "isStartTag": 1}}
06-28 12:08:08.392  2230  2246 E WProf.db: {"WprofHTMLTag": {"code": "0x9ea4f730", "doc": "https://securepubads.g.doubleclick.net/gampad/ads?gdfp_req=1&glade_req=1&glv=25&output=html&iu=%2F1038259%2FSEL-amp-cube&sz=300x250&sfv=1-0-8&correlator=2301464692129792&eid=108809080&adk=2352184609&biw=412&bih=620&adx=56&ady=349&oid=3&u_sd=3.5&ifi=1&is_amp=1&amp_v=1498506512561&nhd=1&url=http%3A%2F", "row": 0, "column": 11045, "tagName": "script", "time": 12763.674474, "url": "", "pos": 1, "chunkLen": 1, "isStartTag": 0}}
06-28 12:08:08.392  2230  2246 E WProf.db: {"WprofHTMLTag": {"code": "0x9ea4d390", "doc": "https://securepubads.g.doubleclick.net/gampad/ads?gdfp_req=1&glade_req=1&glv=25&output=html&iu=%2F1038259%2FSEL-amp-cube&sz=300x250&sfv=1-0-8&correlator=2301464692129792&eid=108809080&adk=2352184609&biw=412&bih=620&adx=56&ady=349&oid=3&u_sd=3.5&ifi=1&is_amp=1&amp_v=1498506512561&nhd=1&url=http%3A%2F", "row": 0, "column": 11053, "tagName": "script", "time": 12763.690795, "url": "", "pos": 1, "chunkLen": 1, "isStartTag": 1}}
06-28 12:08:08.393  2230  2246 E WProf.db: {"WprofHTMLTag": {"code": "0x9ea4d240", "doc": "https://securepubads.g.doubleclick.net/gampad/ads?gdfp_req=1&glade_req=1&glv=25&output=html&iu=%2F1038259%2FSEL-amp-cube&sz=300x250&sfv=1-0-8&correlator=2301464692129792&eid=108809080&adk=2352184609&biw=412&bih=620&adx=56&ady=349&oid=3&u_sd=3.5&ifi=1&is_amp=1&amp_v=1498506512561&nhd=1&url=http%3A%2F", "row": 0, "column": 19615, "tagName": "script", "time": 12763.691048, "url": "", "pos": 1, "chunkLen": 1, "isStartTag": 0}}
06-28 12:08:08.393  2230  2246 E WProf.db: {"WprofHTMLTag": {"code": "0x9ea4d120", "doc": "https://securepubads.g.doubleclick.net/gampad/ads?gdfp_req=1&glade_req=1&glv=25&output=html&iu=%2F1038259%2FSEL-amp-cube&sz=300x250&sfv=1-0-8&correlator=2301464692129792&eid=108809080&adk=2352184609&biw=412&bih=620&adx=56&ady=349&oid=3&u_sd=3.5&ifi=1&is_amp=1&amp_v=1498506512561&nhd=1&url=http%3A%2F", "row": 0, "column": 19623, "tagName": "script", "time": 12763.698477, "url": "", "pos": 1, "chunkLen": 1, "isStartTag": 1}}
06-28 12:08:08.393  2230  2246 E WProf.db: {"WprofHTMLTag": {"code": "0x9ea4f610", "doc": "https://securepubads.g.doubleclick.net/gampad/ads?gdfp_req=1&glade_req=1&glv=25&output=html&iu=%2F1038259%2FSEL-amp-cube&sz=300x250&sfv=1-0-8&correlator=2301464692129792&eid=108809080&adk=2352184609&biw=412&bih=620&adx=56&ady=349&oid=3&u_sd=3.5&ifi=1&is_amp=1&amp_v=1498506512561&nhd=1&url=http%3A%2F", "row": 0, "column": 19698, "tagName": "script", "time": 12763.698799, "url": "", "pos": 1, "chunkLen": 1, "isStartTag": 0}}
06-28 12:08:08.394  2230  2246 E WProf.db: {"WprofHTMLTag": {"code": "0x9ea4f640", "doc": "https://securepubads.g.doubleclick.net/gampad/ads?gdfp_req=1&glade_req=1&glv=25&output=html&iu=%2F1038259%2FSEL-amp-cube&sz=300x250&sfv=1-0-8&correlator=2301464692129792&eid=108809080&adk=2352184609&biw=412&bih=620&adx=56&ady=349&oid=3&u_sd=3.5&ifi=1&is_amp=1&amp_v=1498506512561&nhd=1&url=http%3A%2F", "row": 0, "column": 19706, "tagName": "script", "time": 12763.702640, "url": "", "pos": 1, "chunkLen": 1, "isStartTag": 1}}
06-28 12:08:08.394  2230  2246 E WProf.db: {"WprofHTMLTag": {"code": "0x9ea4f670", "doc": "https://securepubads.g.doubleclick.net/gampad/ads?gdfp_req=1&glade_req=1&glv=25&output=html&iu=%2F1038259%2FSEL-amp-cube&sz=300x250&sfv=1-0-8&correlator=2301464692129792&eid=108809080&adk=2352184609&biw=412&bih=620&adx=56&ady=349&oid=3&u_sd=3.5&ifi=1&is_amp=1&amp_v=1498506512561&nhd=1&url=http%3A%2F", "row": 0, "column": 19813, "tagName": "script", "time": 12763.702799, "url": "", "pos": 1, "chunkLen": 1, "isStartTag": 0}}
