--------- beginning of main
06-28 14:40:28.785  3449  3449 E Finsky  : [1] com.google.android.finsky.wear.bl.a(3): onConnectionFailed: ConnectionResult{statusCode=API_UNAVAILABLE, resolution=null, message=null}
--------- beginning of system
06-28 14:40:30.019 22884 22884 E chromium: [ERROR:shell_integration_android.cc(12)] Not implemented reached in static ShellIntegration::DefaultWebClientSetPermission ShellIntegration::CanSetAsDefaultBrowser()
06-28 14:40:30.023 22884 22884 E chromium: [ERROR:browser_process_impl.cc(720)] Not implemented reached in virtual BackgroundModeManager* BrowserProcessImpl::background_mode_manager()
06-28 14:40:30.277  3218 12931 E AudioRecord-JNI: Error -4 during AudioRecord native read
06-28 14:40:32.756 22884 22934 E chromium: [ERROR:gles2_cmd_decoder.cc(3852)] [.ChromiumCompositor-0xacbb2fc0]GL ERROR :GL_INVALID_ENUM : glDiscardFramebufferEXT: attachments was GL_COLOR_EXT
06-28 14:40:33.051 22955 22968 E WPROF   : {"CSS": {"url": "http://searchengineland.com/figz/wp-content/themes/searchengineland/css/searchengineland-bootstrap.css", "requestTime": 21910.106882}}
06-28 14:40:33.052 22955 22968 E WPROF   : {"CSS": {"url": "http://fonts.googleapis.com/css?family=Oswald:300,400,700", "requestTime": 21910.107416}}
06-28 14:40:33.054 22955 22968 E WPROF   : {"CSS": {"url": "http://searchengineland.com/figz/wp-content/themes/searchengineland/style.css", "requestTime": 21910.109232}}
06-28 14:40:33.059 22955 22968 E WPROF   : {"Javascript": {"url": "http://searchengineland.com/figz/wp-content/themes/searchengineland/js/lib/modernizr.custom.js?ver=1.0", "requestTime": 21910.114634}}
06-28 14:40:33.061 22955 22968 E WPROF   : {"Javascript": {"url": "http://searchengineland.com/figz/wp-content/themes/searchengineland/js/lib/jquery-1.11.0.min.js?ver=1.11.0", "requestTime": 21910.116690}}
06-28 14:40:33.062 22955 22968 E WPROF   : {"Javascript": {"url": "http://searchengineland.com/figz/wp-content/themes/searchengineland/js/lib/jquery-ui-1.10.3.custom.min.js?ver=1.10.3", "requestTime": 21910.117856}}
06-28 14:40:33.063 22955 22968 E WPROF   : {"Javascript": {"url": "http://searchengineland.com/figz/wp-content/themes/searchengineland/js/lib/jquery.ba-throttle-debounce.min.js?ver=1.1", "requestTime": 21910.118923}}
06-28 14:40:33.065 22955 22968 E WPROF   : {"Javascript": {"url": "http://searchengineland.com/figz/wp-content/themes/searchengineland/js/lib/jquery.countdown.min.js?ver=2.0.4", "requestTime": 21910.120292}}
06-28 14:40:33.066 22955 22968 E WPROF   : {"Javascript": {"url": "http://static.chartbeat.com/js/chartbeat_mab.js", "requestTime": 21910.121586}}
06-28 14:40:33.640 22955 22968 E WPROF   : {"Javascript": {"url": "http://searchengineland.com/figz/wp-includes/js/wp-emoji-release.min.js?ver=4.7.5", "requestTime": 21910.695420}}
06-28 14:40:33.947 22955 22968 E WPROF   : {"Javascript": {"url": "http://www.googletagservices.com/tag/js/gpt.js", "requestTime": 21911.003174}}
06-28 14:40:33.953 22955 22968 E WPROF   : {"Javascript": {"url": "https://www.google-analytics.com/analytics.js", "requestTime": 21911.008741}}
06-28 14:40:33.956 22955 22968 E WPROF   : {"Javascript": {"url": "http://edge.quantserve.com/quant.js", "requestTime": 21911.011773}}
06-28 14:40:33.958 22955 22968 E WPROF   : {"Javascript": {"url": "https://connect.facebook.net/en_US/fbevents.js", "requestTime": 21911.013823}}
06-28 14:40:34.008 22884 22934 E chromium: [ERROR:gles2_cmd_decoder.cc(3852)] [.ChromiumCompositor-0xacbb2fc0]GL ERROR :GL_INVALID_ENUM : glDiscardFramebufferEXT: attachments was GL_COLOR_EXT
06-28 14:40:34.059 22955 22968 E WPROF   : {"Javascript": {"url": "http://app-sj02.marketo.com/js/forms2/js/forms2.min.js", "requestTime": 21911.115172}}
06-28 14:40:34.142 22884 22934 E chromium: [ERROR:gles2_cmd_decoder.cc(3852)] [.ChromiumCompositor-0xacbb2fc0]GL ERROR :GL_INVALID_ENUM : glDiscardFramebufferEXT: attachments was GL_COLOR_EXT
06-28 14:40:34.173 22955 22968 E WPROF   : {"Javascript": {"url": "https://connect.facebook.net/signals/config/423979991297359?v=2.7.17", "requestTime": 21911.228641}}
06-28 14:40:34.179 22955 22968 E WPROF   : {"Javascript": {"url": "https://securepubads.g.doubleclick.net/gpt/pubads_impl_121.js", "requestTime": 21911.234707}}
06-28 14:40:34.242 22884 22934 E chromium: [ERROR:gles2_cmd_decoder.cc(3852)] [.ChromiumCompositor-0xacbb2fc0]GL ERROR :GL_INVALID_ENUM : glDiscardFramebufferEXT: attachments was GL_COLOR_EXT
06-28 14:40:34.593 22955 22968 E WPROF   : {"Javascript": {"url": "http://app-sj02.marketo.com/index.php/form/getForm?munchkinId=727-ZQE-044&form=5691&url=http%3A%2F%2Fsearchengineland.com%2Freport-14-marketing-automation-vendors-profiled-updated-2017-277247&callback=jQuery11020317537595750764_1498628434496&_=1498628434497", "requestTime": 21911.649091}}
06-28 14:40:34.620 22955 22968 E WPROF   : {"Javascript": {"url": "http://app-sj02.marketo.com/index.php/form/getForm?munchkinId=727-ZQE-044&form=5685&url=http%3A%2F%2Fsearchengineland.com%2Freport-14-marketing-automation-vendors-profiled-updated-2017-277247&callback=jQuery11020317537595750764_1498628434498&_=1498628434499", "requestTime": 21911.675368}}
06-28 14:40:34.844 22955 22968 E WPROF   : {"Javascript": {"url": "http://app-sj02.marketo.com/index.php/form/getForm?munchkinId=727-ZQE-044&form=5673&url=http%3A%2F%2Fsearchengineland.com%2Freport-14-marketing-automation-vendors-profiled-updated-2017-277247&callback=jQuery11020317537595750764_1498628434500&_=1498628434501", "requestTime": 21911.899276}}
06-28 14:40:34.852 22955 22968 E WPROF   : {"Javascript": {"url": "http://searchengineland.com/js/ga_social_tracking.js", "requestTime": 21911.907371}}
06-28 14:40:34.853 22955 22968 E WPROF   : {"Javascript": {"url": "http://s7.addthis.com/js/300/addthis_widget.js#pubid=ra-53e918f660794f37", "requestTime": 21911.908303}}
06-28 14:40:34.964 22884 22934 E chromium: [ERROR:gles2_cmd_decoder.cc(3852)] [.ChromiumCompositor-0xacbb2fc0]GL ERROR :GL_INVALID_ENUM : glDiscardFramebufferEXT: attachments was GL_COLOR_EXT
06-28 14:40:35.416 22955 22968 E WPROF   : {"Javascript": {"url": "https://securepubads.g.doubleclick.net/gampad/ads?gdfp_req=1&correlator=1340669434003456&output=json_html&callback=googletag.impl.pubads.callbackProxy1&impl=fifs&json_a=1&eid=108809080%2C108809103%2C21060364&sc=0&sfv=1-0-9&iu_parts=1038259%2Csel-ciu-1%2Csel-ciu-2%2Csel-ciu-3%2Csel-ciu-4%2Csel-ciu-5%", "requestTime": 21912.471320}}
06-28 14:40:35.461 22955 22968 E WPROF   : {"Javascript": {"url": "https://static.xx.fbcdn.net/rsrc.php/v3iy6L4/yk/l/ko_KR/be4fIjHRc8P.js", "requestTime": 21912.516498}}
06-28 14:40:35.510   862  1657 E LocSvc_IzatApiV02: E/virtual int izat_core::IzatApiV02::getBatchSize(int32_t):522]: Error : st = 4, ind.status = -1628389555
06-28 14:40:35.510   862  1657 E LocSvc_IzatApiV02: E/virtual int izat_core::IzatApiV02::getBatchSize(int32_t):535]: get batching size failed.Or modem does not support batching 
06-28 14:40:35.519   862  1657 E LocSvc_IzatApiV02: E/virtual int izat_core::IzatApiV02::getBatchSize(int32_t):522]: Error : st = 4, ind.status = -1628389555
06-28 14:40:35.519   862  1657 E LocSvc_IzatApiV02: E/virtual int izat_core::IzatApiV02::getBatchSize(int32_t):535]: get batching size failed.Or modem does not support batching 
06-28 14:40:35.558   862  1657 E LocSvc_IzatApiV02: E/virtual int izat_core::IzatApiV02::getBatchSize(int32_t):522]: Error : st = 4, ind.status = -1628389555
06-28 14:40:35.558   862  1657 E LocSvc_IzatApiV02: E/virtual int izat_core::IzatApiV02::getBatchSize(int32_t):535]: get batching size failed.Or modem does not support batching 
06-28 14:40:35.567   862  1657 E LocSvc_IzatApiV02: E/virtual int izat_core::IzatApiV02::getBatchSize(int32_t):522]: Error : st = 4, ind.status = -1628389555
06-28 14:40:35.567   862  1657 E LocSvc_IzatApiV02: E/virtual int izat_core::IzatApiV02::getBatchSize(int32_t):535]: get batching size failed.Or modem does not support batching 
06-28 14:40:35.705 22955 22968 E WPROF   : {"Javascript": {"url": "http://cdn.api.twitter.com/1/users/show.json?screen_name=DMarketingDepot&callback=twttr.setFollowersCount", "requestTime": 21912.760599}}
06-28 14:40:35.790 22884 22934 E chromium: [ERROR:gles2_cmd_decoder.cc(3852)] [.ChromiumCompositor-0xacbb2fc0]GL ERROR :GL_INVALID_ENUM : glDiscardFramebufferEXT: attachments was GL_COLOR_EXT
06-28 14:40:36.122 22955 22968 E WPROF   : {"Javascript": {"url": "http://platform.twitter.com/widgets.js", "requestTime": 21913.178117}}
06-28 14:40:36.124 22955 22968 E WPROF   : {"Javascript": {"url": "http://connect.facebook.net/en_US/sdk.js", "requestTime": 21913.179531}}
06-28 14:40:36.125 22955 22968 E WPROF   : {"Javascript": {"url": "https://apis.google.com/js/platform.js", "requestTime": 21913.180947}}
06-28 14:40:36.148 22955 22968 E WPROF   : {"Javascript": {"url": "http://rules.quantcount.com/rules-p-5aGizvD82d9hk.js", "requestTime": 21913.203841}}
06-28 14:40:36.151 22955 22968 E WPROF   : {"Javascript": {"url": "http://munchkin.marketo.net/munchkin.js", "requestTime": 21913.206237}}
06-28 14:40:36.369 22955 22968 E WPROF   : {"Javascript": {"url": "http://d2j3qa5nc37287.cloudfront.net/coupon_code1.js", "requestTime": 21913.425120}}
06-28 14:40:36.373 22955 22968 E WPROF   : {"Javascript": {"url": "http://www.googleadservices.com/pagead/conversion.js", "requestTime": 21913.428715}}
06-28 14:40:36.375 22955 22968 E WPROF   : {"Javascript": {"url": "http://searchengineland.com/figz/wp-content/themes/searchengineland/js/script.js?ver=1.0", "requestTime": 21913.430561}}
06-28 14:40:36.375 22955 22968 E WPROF   : {"Javascript": {"url": "http://searchengineland.com/figz/wp-includes/js/wp-embed.min.js?ver=4.7.5", "requestTime": 21913.431035}}
06-28 14:40:36.376 22955 22968 E WPROF   : {"Javascript": {"url": "http://searchengineland.com/figz/wp-content/themes/searchengineland/js/modules/sharing_controls.js", "requestTime": 21913.431427}}
06-28 14:40:36.432 22884 22934 E chromium: [ERROR:gles2_cmd_decoder.cc(3852)] [.ChromiumCompositor-0xacbb2fc0]GL ERROR :GL_INVALID_ENUM : glDiscardFramebufferEXT: attachments was GL_COLOR_EXT
06-28 14:40:36.508 22884 22934 E chromium: [ERROR:gles2_cmd_decoder.cc(3852)] [.ChromiumCompositor-0xacbb2fc0]GL ERROR :GL_INVALID_ENUM : glDiscardFramebufferEXT: attachments was GL_COLOR_EXT
06-28 14:40:36.576 22955 22968 E WPROF   : {"CSS": {"url": "https://www.youtube.com/yts/cssbin/www-embed-player-sprite-mode-vfl5G4Xm8.css", "requestTime": 21913.632069}}
06-28 14:40:36.577 22955 22968 E WPROF   : {"Javascript": {"url": "https://www.youtube.com/yts/jsbin/www-embed-player-vfl_UY_j8/www-embed-player.js", "requestTime": 21913.633207}}
06-28 14:40:36.578 22955 22968 E WPROF   : {"Javascript": {"url": "https://www.youtube.com/yts/jsbin/player-vflo1w4O-/ko_KR/base.js", "requestTime": 21913.633543}}
06-28 14:40:37.053 22955 22968 E WPROF   : {"Javascript": {"url": "http://m.addthisedge.com/live/boost/ra-53e918f660794f37/_ate.track.config_resp", "requestTime": 21914.108487}}
06-28 14:40:37.133 22955 22968 E WPROF   : {"Javascript": {"url": "http://m.addthis.com/live/red_lojson/300lo.json?si=5953415432242a88&bkl=0&bl=1&pdt=2167&sid=5953415432242a88&pub=ra-53e918f660794f37&rev=v7.15.4-wp&ln=ko&pc=men&cb=0&ab=-&dp=searchengineland.com&fp=report-14-marketing-automation-vendors-profiled-updated-2017-277247&fr=&of=0&pd=0&irt=0&vcl=0&md=0&ct=", "requestTime": 21914.188303}}
06-28 14:40:37.183 22955 22968 E WPROF   : {"Javascript": {"url": "http://dnn506yrbagrg.cloudfront.net/pages/scripts/0026/4062.js?416285", "requestTime": 21914.238573}}
06-28 14:40:37.214 22884 22934 E chromium: [ERROR:gles2_cmd_decoder.cc(3852)] [.ChromiumCompositor-0xacbb2fc0]GL ERROR :GL_INVALID_ENUM : glDiscardFramebufferEXT: attachments was GL_COLOR_EXT
06-28 14:40:38.120 22884 22934 E chromium: [ERROR:gles2_cmd_decoder.cc(3852)] [.ChromiumCompositor-0xacbb2fc0]GL ERROR :GL_INVALID_ENUM : glDiscardFramebufferEXT: attachments was GL_COLOR_EXT
06-28 14:40:39.097 22955 22968 E WPROF   : {"Javascript": {"url": "https://www.google.com/js/bg/KWBfAnWFESAEEaKKgdYlTHY9ysQaNoQuzeMFqvxDSM8.js", "requestTime": 21916.152329}}
06-28 14:40:39.099 22955 22968 E WPROF   : {"Javascript": {"url": "https://static.doubleclick.net/instream/ad_status.js", "requestTime": 21916.154677}}
06-28 14:40:39.295 22884 22934 E chromium: [ERROR:gles2_cmd_decoder.cc(3852)] [.ChromiumCompositor-0xacbb2fc0]GL ERROR :GL_INVALID_ENUM : glDiscardFramebufferEXT: attachments was GL_COLOR_EXT
06-28 14:40:39.300 22955 22968 E WPROF   : {"CSS": {"url": "http://app-sj02.marketo.com/js/forms2/css/forms2.css", "requestTime": 21916.355278}}
06-28 14:40:39.303 22955 22968 E WPROF   : {"CSS": {"url": "http://app-sj02.marketo.com/js/forms2/css/forms2-theme-simple.css", "requestTime": 21916.358986}}
06-28 14:40:39.413 22955 22968 E WPROF   : {"Javascript": {"url": "https://tpc.googlesyndication.com/pagead/js/r20170619/r20110914/client/ext/m_window_focus_non_hydra.js", "requestTime": 21916.468274}}
06-28 14:40:39.415 22955 22968 E WPROF   : {"Javascript": {"url": "https://tpc.googlesyndication.com/pagead/js/r20170619/r20110914/activeview/osd_listener.js", "requestTime": 21916.470672}}
06-28 14:40:39.419 22955 22968 E WPROF   : {"Javascript": {"url": "http://pagead2.googlesyndication.com/pagead/osd.js", "requestTime": 21916.474355}}
06-28 14:40:39.665 22955 22968 E WPROF   : {"Javascript": {"url": "https://platform.twitter.com/js/button.b731e6c82269f70f6fc53634e044a4c6.js", "requestTime": 21916.720983}}
06-28 14:40:39.670 22955 22968 E WPROF   : {"Javascript": {"url": "http://munchkin.marketo.net/151/munchkin.js", "requestTime": 21916.725702}}
06-28 14:40:39.827 22955 22968 E WPROF   : {"Javascript": {"url": "http://www.justuno.com/ajax/account_version_check.html?id=828FA275-FF73-401E-AA39-40F5A6FAB6B1", "requestTime": 21916.882823}}
06-28 14:40:39.879 22955 22968 E WPROF   : {"Javascript": {"url": "http://s7.addthis.com/static/layers.4acb6c577b51939661ec.js", "requestTime": 21916.934936}}
06-28 14:40:40.181 22884 22934 E chromium: [ERROR:gles2_cmd_decoder.cc(3852)] [.ChromiumCompositor-0xacbb2fc0]GL ERROR :GL_INVALID_ENUM : glDiscardFramebufferEXT: attachments was GL_COLOR_EXT
06-28 14:40:40.705 22884 22934 E chromium: [ERROR:gles2_cmd_decoder.cc(3852)] [.ChromiumCompositor-0xacbb2fc0]GL ERROR :GL_INVALID_ENUM : glDiscardFramebufferEXT: attachments was GL_COLOR_EXT
06-28 14:40:41.176 22884 22934 E chromium: [ERROR:gles2_cmd_decoder.cc(3852)] [.ChromiumCompositor-0xacbb2fc0]GL ERROR :GL_INVALID_ENUM : glDiscardFramebufferEXT: attachments was GL_COLOR_EXT
06-28 14:40:42.797 22955 22968 E WPROF   : {"Javascript": {"url": "http://cdn.justuno.com/mwgt_3.6.js", "requestTime": 21919.852573}}
06-28 14:40:42.996 22884 22934 E chromium: [ERROR:gles2_cmd_decoder.cc(3852)] [.ChromiumCompositor-0xacbb2fc0]GL ERROR :GL_INVALID_ENUM : glDiscardFramebufferEXT: attachments was GL_COLOR_EXT
06-28 14:40:43.262 22884 22934 E chromium: [ERROR:gles2_cmd_decoder.cc(3852)] [.ChromiumCompositor-0xacbb2fc0]GL ERROR :GL_INVALID_ENUM : glDiscardFramebufferEXT: attachments was GL_COLOR_EXT
06-28 14:40:43.424 22884 22934 E chromium: [ERROR:gles2_cmd_decoder.cc(3852)] [.ChromiumCompositor-0xacbb2fc0]GL ERROR :GL_INVALID_ENUM : glDiscardFramebufferEXT: attachments was GL_COLOR_EXT
06-28 14:40:43.514 22884 22934 E chromium: [ERROR:gles2_cmd_decoder.cc(3852)] [.ChromiumCompositor-0xacbb2fc0]GL ERROR :GL_INVALID_ENUM : glDiscardFramebufferEXT: attachments was GL_COLOR_EXT
06-28 14:40:43.548 22884 22934 E chromium: [ERROR:gles2_cmd_decoder.cc(3852)] [.ChromiumCompositor-0xacbb2fc0]GL ERROR :GL_INVALID_ENUM : glDiscardFramebufferEXT: attachments was GL_COLOR_EXT
06-28 14:40:43.911 22884 22934 E chromium: [ERROR:gles2_cmd_decoder.cc(3852)] [.ChromiumCompositor-0xacbb2fc0]GL ERROR :GL_INVALID_ENUM : glDiscardFramebufferEXT: attachments was GL_COLOR_EXT
06-28 14:40:44.396 22955 22968 E WPROF   : {"Javascript": {"url": "https://cdn.syndication.twimg.com/widgets/followbutton/info.json?callback=__twttr.setFollowersCountAndFollowing&lang=en&screen_names=sengineland", "requestTime": 21921.452188}}
06-28 14:40:45.053 22884 22934 E chromium: [ERROR:gles2_cmd_decoder.cc(3852)] [.ChromiumCompositor-0xacbb2fc0]GL ERROR :GL_INVALID_ENUM : glDiscardFramebufferEXT: attachments was GL_COLOR_EXT
06-28 14:40:45.094 22884 22934 E chromium: [ERROR:gles2_cmd_decoder.cc(3852)] [.ChromiumCompositor-0xacbb2fc0]GL ERROR :GL_INVALID_ENUM : glDiscardFramebufferEXT: attachments was GL_COLOR_EXT
06-28 14:40:45.189 22955 22968 E WProf.db: {"page": "searchengineland.com_report-14-marketing-automation-vendors-profiled-updated-2017-277247"}
06-28 14:40:45.189 22955 22968 E WProf.db: {"DOMLoad": 21922.244490}
06-28 14:40:45.189 22955 22968 E WProf.db: {"Resource": {"id": 1, "url": "http://searchengineland.com/report-14-marketing-automation-vendors-profiled-updated-2017-277247", "sentTime": -1.000000, "len": 90449, "from": "0x0", "mimeType": "text/html", "contentLength": -1, "httpStatus": 200, "connId": 19, "connReused": 1, "cached": 0,"requestTime": 21909.751934, "proxyStart": -1, "proxyEnd": -1, "dnsStart": -1, "dnsEnd": -1, "connectStart": 0, "connectEnd": 87, "sendStart": 87, "sendEnd": 87, "receiveHeadersEnd": 254, "sslStart": -1, "sslEnd": -1}}
06-28 14:40:45.189 22955 22968 E WProf.db: {"ReceivedChunk": {"receivedTime": 21910.025522, "len": 12640}}
06-28 14:40:45.189 22955 22968 E WProf.db: {"ReceivedChunk": {"receivedTime": 21910.096285, "len": 32768}}
06-28 14:40:45.189 22955 22968 E WProf.db: {"ReceivedChunk": {"receivedTime": 21910.096526, "len": 28820}}
06-28 14:40:45.189 22955 22968 E WProf.db: {"ReceivedChunk": {"receivedTime": 21910.174357, "len": 16221}}
06-28 14:40:45.189 22955 22968 E WProf.db: {"WprofHTMLTag": {"code": "0xaedd7300", "doc": "http://searchengineland.com/report-14-marketing-automation-vendors-profiled-updated-2017-277247", "row": 6, "column": 42, "tagName": "html", "time": 21910.101144, "url": "", "pos": 1, "chunkLen": 1, "isStartTag": 1}}
06-28 14:40:45.189 22955 22968 E WProf.db: {"WprofHTMLTag": {"code": "0xaf0477f0", "doc": "http://searchengineland.com/report-14-marketing-automation-vendors-profiled-updated-2017-277247", "row": 7, "column": 6, "tagName": "head", "time": 21910.101652, "url": "", "pos": 1, "chunkLen": 1, "isStartTag": 1}}
06-28 14:40:45.189 22955 22968 E WProf.db: {"WprofHTMLTag": {"code": "0xaf0478e0", "doc": "http://searchengineland.com/report-14-marketing-automation-vendors-profiled-updated-2017-277247", "row": 8, "column": 54, "tagName": "meta", "time": 21910.101701, "url": "", "pos": 1, "chunkLen": 1, "isStartTag": 1}}
06-28 14:40:45.189 22955 22968 E WProf.db: {"WprofHTMLTag": {"code": "0xaf047910", "doc": "http://searchengineland.com/report-14-marketing-automation-vendors-profiled-updated-2017-277247", "row": 9, "column": 68, "tagName": "meta", "time": 21910.101851, "url": "", "pos": 1, "chunkLen": 1, "isStartTag": 1}}
06-28 14:40:45.189 22955 22968 E WProf.db: {"WprofHTMLTag": {"code": "0xaf047940", "doc": "http://searchengineland.com/report-14-marketing-automation-vendors-profiled-updated-2017-277247", "row": 10, "column": 23, "tagName": "meta", "time": 21910.101975, "url": "", "pos": 1, "chunkLen": 1, "isStartTag": 1}}
06-28 14:40:45.190 22955 22968 E WProf.db: {"WprofHTMLTag": {"code": "0xaf047970", "doc": "http://searchengineland.com/report-14-marketing-automation-vendors-profiled-updated-2017-277247", "row": 11, "column": 52, "tagName": "meta", "time": 21910.102104, "url": "", "pos": 1, "chunkLen": 1, "isStartTag": 1}}
06-28 14:40:45.190 22955 22968 E WProf.db: {"WprofHTMLTag": {"code": "0xaf0479a0", "doc": "http://searchengineland.com/report-14-marketing-automation-vendors-profiled-updated-2017-277247", "row": 14, "column": 56, "tagName": "meta", "time": 21910.102226, "url": "", "pos": 1, "chunkLen": 1, "isStartTag": 1}}
06-28 14:40:45.190 22955 22968 E WProf.db: {"WprofHTMLTag": {"code": "0xaf0479d0", "doc": "http://searchengineland.com/report-14-marketing-automation-vendors-profiled-updated-2017-277247", "row": 15, "column": 83, "tagName": "meta", "time": 21910.102339, "url": "", "pos": 1, "chunkLen": 1, "isStartTag": 1}}
06-28 14:40:45.190 22955 22968 E WProf.db: {"WprofHTMLTag": {"code": "0xaf047a00", "doc": "http://searchengineland.com/report-14-marketing-automation-vendors-profiled-updated-2017-277247", "row": 16, "column": 57, "tagName": "meta", "time": 21910.102448, "url": "", "pos": 1, "chunkLen": 1, "isStartTag": 1}}
06-28 14:40:45.190 22955 22968 E WProf.db: {"WprofHTMLTag": {"code": "0xaf047a90", "doc": "http://searchengineland.com/report-14-marketing-automation-vendors-profiled-updated-2017-277247", "row": 17, "column": 41, "tagName": "meta", "time": 21910.102564, "url": "", "pos": 1, "chunkLen": 1, "isStartTag": 1}}
06-28 14:40:45.190 22955 22968 E WProf.db: {"WprofHTMLTag": {"code": "0xaf047ac0", "doc": "http://searchengineland.com/report-14-marketing-automation-vendors-profiled-updated-2017-277247", "row": 18, "column": 50, "tagName": "meta", "time": 21910.102668, "url": "", "pos": 1, "chunkLen": 1, "isStartTag": 1}}
06-28 14:40:45.190 22955 22968 E WProf.db: {"WprofHTMLTag": {"code": "0xaf047af0", "doc": "http://searchengineland.com/report-14-marketing-automation-vendors-profiled-updated-2017-277247", "row": 19, "column": 174, "tagName": "meta", "time": 21910.102786, "url": "", "pos": 1, "chunkLen": 1, "isStartTag": 1}}
06-28 14:40:45.190 22955 22968 E WProf.db: {"WprofHTMLTag": {"code": "0xaf047a60", "doc": "http://searchengineland.com/report-14-marketing-automation-vendors-profiled-updated-2017-277247", "row": 20, "column": 47, "tagName": "meta", "time": 21910.102900, "url": "", "pos": 1, "chunkLen": 1, "isStartTag": 1}}
06-28 14:40:45.190 22955 22968 E WProf.db: {"WprofHTMLTag": {"code": "0xaf047a30", "doc": "http://searchengineland.com/report-14-marketing-automation-vendors-profiled-updated-2017-277247", "row": 21, "column": 67, "tagName": "meta", "time": 21910.103006, "url": "", "pos": 1, "chunkLen": 1, "isStartTag": 1}}
06-28 14:40:45.190 22955 22968 E WProf.db: {"WprofHTMLTag": {"code": "0xaf047b20", "doc": "http://searchengineland.com/report-14-marketing-automation-vendors-profiled-updated-2017-277247", "row": 22, "column": 57, "tagName": "meta", "time": 21910.103138, "url": "", "pos": 1, "chunkLen": 1, "isStartTag": 1}}
06-28 14:40:45.190 22955 22968 E WProf.db: {"WprofHTMLTag": {"code": "0xaf047b50", "doc": "http://searchengineland.com/report-14-marketing-automation-vendors-profiled-updated-2017-277247", "row": 23, "column": 65, "tagName": "meta", "time": 21910.103268, "url": "", "pos": 1, "chunkLen": 1, "isStartTag": 1}}
06-28 14:40:45.190 22955 22968 E WProf.db: {"WprofHTMLTag": {"code": "0xaf047b80", "doc": "http://searchengineland.com/report-14-marketing-automation-vendors-profiled-updated-2017-277247", "row": 24, "column": 55, "tagName": "meta", "time": 21910.103384, "url": "", "pos": 1, "chunkLen": 1, "isStartTag": 1}}
06-28 14:40:45.190 22955 22968 E WProf.db: {"WprofHTMLTag": {"code": "0xaf047bb0", "doc": "http://searchengineland.com/report-14-marketing-automation-vendors-profiled-updated-2017-277247", "row": 25, "column": 71, "tagName": "meta", "time": 21910.103499, "url": "", "pos": 1, "chunkLen": 1, "isStartTag": 1}}
06-28 14:40:45.190 22955 22968 E WProf.db: {"WprofHTMLTag": {"code": "0xaf047be0", "doc": "http://searchengineland.com/report-14-marketing-automation-vendors-profiled-updated-2017-277247", "row": 26, "column": 86, "tagName": "meta", "time": 21910.103600, "url": "", "pos": 1, "chunkLen": 1, "isStartTag": 1}}
06-28 14:40:45.191 22955 22968 E WProf.db: {"WprofHTMLTag": {"code": "0xaf047c10", "doc": "http://searchengineland.com/report-14-marketing-automation-vendors-profiled-updated-2017-277247", "row": 27, "column": 54, "tagName": "meta", "time": 21910.103710, "url": "", "pos": 1, "chunkLen": 1, "isStartTag": 1}}
06-28 14:40:45.191 22955 22968 E WProf.db: {"WprofHTMLTag": {"code": "0xaf047c40", "doc": "http://searchengineland.com/report-14-marketing-automation-vendors-profiled-updated-2017-277247", "row": 29, "column": 39, "tagName": "meta", "time": 21910.103812, "url": "", "pos": 1, "chunkLen": 1, "isStartTag": 1}}
06-28 14:40:45.191 22955 22968 E WProf.db: {"WprofHTMLTag": {"code": "0xaf047c70", "doc": "http://searchengineland.com/report-14-marketing-automation-vendors-profiled-updated-2017-277247", "row": 30, "column": 178, "tagName": "meta", "time": 21910.103919, "url": "", "pos": 1, "chunkLen": 1, "isStartTag": 1}}
06-28 14:40:45.191 22955 22968 E WProf.db: {"WprofHTMLTag": {"code": "0xaf047ca0", "doc": "http://searchengineland.com/report-14-marketing-automation-vendors-profiled-updated-2017-277247", "row": 31, "column": 55, "tagName": "meta", "time": 21910.104030, "url": "", "pos": 1, "chunkLen": 1, "isStartTag": 1}}
06-28 14:40:45.191 22955 22968 E WProf.db: {"WprofHTMLTag": {"code": "0xaf047cd0", "doc": "http://searchengineland.com/report-14-marketing-automation-vendors-profiled-updated-2017-277247", "row": 32, "column": 54, "tagName": "meta", "time": 21910.104140, "url": "", "pos": 1, "chunkLen": 1, "isStartTag": 1}}
06-28 14:40:45.191 22955 22968 E WProf.db: {"WprofHTMLTag": {"code": "0xaf047d00", "doc": "http://searchengineland.com/report-14-marketing-automation-vendors-profiled-updated-2017-277247", "row": 33, "column": 147, "tagName": "meta", "time": 21910.104253, "url": "", "pos": 1, "chunkLen": 1, "isStartTag": 1}}
06-28 14:40:45.191 22955 22968 E WProf.db: {"WprofHTMLTag": {"code": "0xaf047d30", "doc": "http://searchengineland.com/report-14-marketing-automation-vendors-profiled-updated-2017-277247", "row": 37, "column": 36, "tagName": "script", "time": 21910.104362, "url": "", "pos": 1, "chunkLen": 1, "isStartTag": 1}}
06-28 14:40:45.191 22955 22968 E WProf.db: {"WprofHTMLTag": {"code": "0xaf047d60", "doc": "http://searchengineland.com/report-14-marketing-automation-vendors-profiled-updated-2017-277247", "row": 53, "column": 10, "tagName": "script", "time": 21910.104604, "url": "", "pos": 1, "chunkLen": 1, "isStartTag": 0}}
06-28 14:40:45.191 22955 22968 E WProf.db: {"WprofHTMLTag": {"code": "0xaedd75d0", "doc": "http://searchengineland.com/report-14-marketing-automation-vendors-profiled-updated-2017-277247", "row": 55, "column": 86, "tagName": "link", "time": 21910.105415, "url": "http://searchengineland.com/apple-touch-icon.png", "pos": 1, "chunkLen": 1, "isStartTag": 1}}
06-28 14:40:45.191 22955 22968 E WProf.db: {"WprofHTMLTag": {"code": "0xaf047d90", "doc": "http://searchengineland.com/report-14-marketing-automation-vendors-profiled-updated-2017-277247", "row": 56, "column": 76, "tagName": "link", "time": 21910.105719, "url": "http://searchengineland.com/favicon.ico", "pos": 1, "chunkLen": 1, "isStartTag": 1}}
06-28 14:40:45.191 22955 22968 E WProf.db: {"WprofHTMLTag": {"code": "0xaf047dc0", "doc": "http://searchengineland.com/report-14-marketing-automation-vendors-profiled-updated-2017-277247", "row": 57, "column": 158, "tagName": "link", "time": 21910.105934, "url": "http://feeds.searchengineland.com/searchengineland", "pos": 1, "chunkLen": 1, "isStartTag": 1}}
06-28 14:40:45.191 22955 22968 E WProf.db: {"WprofHTMLTag": {"code": "0xaf047df0", "doc": "http://searchengineland.com/report-14-marketing-automation-vendors-profiled-updated-2017-277247", "row": 58, "column": 149, "tagName": "link", "time": 21910.106219, "url": "http://feeds.searchengineland.com/searchcap", "pos": 1, "chunkLen": 1, "isStartTag": 1}}
06-28 14:40:45.191 22955 22968 E WProf.db: {"WprofHTMLTag": {"code": "0xaf047e20", "doc": "http://searchengineland.com/report-14-marketing-automation-vendors-profiled-updated-2017-277247", "row": 59, "column": 150, "tagName": "link", "time": 21910.106506, "url": "http://searchengineland.com/figz/wp-content/themes/searchengineland/css/searchengineland-bootstrap.css", "pos": 1, "chunkLen": 1, "isStartTag": 1}}
06-28 14:40:45.191 22955 22968 E WProf.db: {"WprofHTMLTag": {"code": "0xaf047e80", "doc": "http://searchengineland.com/report-14-marketing-automation-vendors-profiled-updated-2017-277247", "row": 60, "column": 105, "tagName": "link", "time": 21910.107130, "url": "http://fonts.googleapis.com/css?family=Oswald:300,400,700", "pos": 1, "chunkLen": 1, "isStartTag": 1}}
06-28 14:40:45.192 22955 22968 E WProf.db: {"WprofHTMLTag": {"code": "0xaf047ee0", "doc": "http://searchengineland.com/report-14-marketing-automation-vendors-profiled-updated-2017-277247", "row": 61, "column": 125, "tagName": "link", "time": 21910.107612, "url": "http://searchengineland.com/figz/wp-content/themes/searchengineland/style.css", "pos": 1, "chunkLen": 1, "isStartTag": 1}}
06-28 14:40:45.192 22955 22968 E WProf.db: {"WprofHTMLTag": {"code": "0xaf047f40", "doc": "http://searchengineland.com/report-14-marketing-automation-vendors-profiled-updated-2017-277247", "row": 65, "column": 7, "tagName": "title", "time": 21910.110164, "url": "", "pos": 1, "chunkLen": 1, "isStartTag": 1}}
06-28 14:40:45.192 22955 22968 E WProf.db: {"WprofHTMLTag": {"code": "0xaf047f70", "doc": "http://searchengineland.com/report-14-marketing-automation-vendors-profiled-updated-2017-277247", "row": 65, "column": 83, "tagName": "title", "time": 21910.110608, "url": "", "pos": 1, "chunkLen": 1, "isStartTag": 0}}
06-28 14:40:45.192 22955 22968 E WProf.db: {"WprofHTMLTag": {"code": "0xaf047fa0", "doc": "http://searchengineland.com/report-14-marketing-automation-vendors-profiled-updated-2017-277247", "row": 66, "column": 197, "tagName": "meta", "time": 21910.110632, "url": "", "pos": 1, "chunkLen": 1, "isStartTag": 1}}
06-28 14:40:45.192 22955 22968 E WProf.db: {"WprofHTMLTag": {"code": "0xaf047fd0", "doc": "http://searchengineland.com/report-14-marketing-automation-vendors-profiled-updated-2017-277247", "row": 67, "column": 40, "tagName": "meta", "time": 21910.110789, "url": "", "pos": 1, "chunkLen": 1, "isStartTag": 1}}
06-28 14:40:45.192 22955 22968 E WProf.db: {"WprofHTMLTag": {"code": "0xb4cc74b0", "doc": "http://searchengineland.com/report-14-marketing-automation-vendors-profiled-updated-2017-277247", "row": 68, "column": 137, "tagName": "meta", "time": 21910.110896, "url": "", "pos": 1, "chunkLen": 1, "isStartTag": 1}}
06-28 14:40:45.192 22955 22968 E WProf.db: {"WprofHTMLTag": {"code": "0xb4cc7540", "doc": "http://searchengineland.com/report-14-marketing-automation-vendors-profiled-updated-2017-277247", "row": 69, "column": 37, "tagName": "meta", "time": 21910.111003, "url": "", "pos": 1, "chunkLen": 1, "isStartTag": 1}}
06-28 14:40:45.192 22955 22968 E WProf.db: {"WprofHTMLTag": {"code": "0xb4cc78a0", "doc": "http://searchengineland.com/report-14-marketing-automation-vendors-profiled-updated-2017-277247", "row": 70, "column": 127, "tagName": "link", "time": 21910.111110, "url": "http://searchengineland.com/report-14-marketing-automation-vendors-profiled-updated-2017-277247", "pos": 1, "chunkLen": 1, "isStartTag": 1}}
06-28 14:40:45.192 22955 22968 E WProf.db: {"WprofHTMLTag": {"code": "0xb4cc78d0", "doc": "http://searchengineland.com/report-14-marketing-automation-vendors-profiled-updated-2017-277247", "row": 71, "column": 76, "tagName": "link", "time": 21910.111319, "url": "https://plus.google.com/103218677032751327334", "pos": 1, "chunkLen": 1, "isStartTag": 1}}
06-28 14:40:45.192 22955 22968 E WProf.db: {"WprofHTMLTag": {"code": "0xb4cc7900", "doc": "http://searchengineland.com/report-14-marketing-automation-vendors-profiled-updated-2017-277247", "row": 72, "column": 45, "tagName": "meta", "time": 21910.111502, "url": "", "pos": 1, "chunkLen": 1, "isStartTag": 1}}
06-28 14:40:45.192 22955 22968 E WProf.db: {"WprofHTMLTag": {"code": "0xb4cc7930", "doc": "http://searchengineland.com/report-14-marketing-automation-vendors-profiled-updated-2017-277247", "row": 73, "column": 45, "tagName": "meta", "time": 21910.111619, "url": "", "pos": 1, "chunkLen": 1, "isStartTag": 1}}
06-28 14:40:45.192 22955 22968 E WProf.db: {"WprofHTMLTag": {"code": "0xb4cc7960", "doc": "http://searchengineland.com/report-14-marketing-automation-vendors-profiled-updated-2017-277247", "row": 74, "column": 107, "tagName": "meta", "time": 21910.111725, "url": "", "pos": 1, "chunkLen": 1, "isStartTag": 1}}
06-28 14:40:45.193 22955 22968 E WProf.db: {"WprofHTMLTag": {"code": "0xb4cc7990", "doc": "http://searchengineland.com/report-14-marketing-automation-vendors-profiled-updated-2017-277247", "row": 75, "column": 205, "tagName": "meta", "time": 21910.111832, "url": "", "pos": 1, "chunkLen": 1, "isStartTag": 1}}
06-28 14:40:45.193 22955 22968 E WProf.db: {"WprofHTMLTag": {"code": "0xb4cc79c0", "doc": "http://searchengineland.com/report-14-marketing-automation-vendors-profiled-updated-2017-277247", "row": 76, "column": 132, "tagName": "meta", "time": 21910.111938, "url": "", "pos": 1, "chunkLen": 1, "isStartTag": 1}}
06-28 14:40:45.193 22955 22968 E WProf.db: {"WprofHTMLTag": {"code": "0xb4cc79f0", "doc": "http://searchengineland.com/report-14-marketing-automation-vendors-profiled-updated-2017-277247", "row": 77, "column": 61, "tagName": "meta", "time": 21910.112041, "url": "", "pos": 1, "chunkLen": 1, "isStartTag": 1}}
06-28 14:40:45.193 22955 22968 E WProf.db: {"WprofHTMLTag": {"code": "0xb4cc7a20", "doc": "http://searchengineland.com/report-14-marketing-automation-vendors-profiled-updated-2017-277247", "row": 78, "column": 89, "tagName": "meta", "time": 21910.112149, "url": "", "pos": 1, "chunkLen": 1, "isStartTag": 1}}
06-28 14:40:45.193 22955 22968 E WProf.db: {"WprofHTMLTag": {"code": "0xb4cc7a50", "doc": "http://searchengineland.com/report-14-marketing-automation-vendors-profiled-updated-2017-277247", "row": 79, "column": 63, "tagName": "meta", "time": 21910.112256, "url": "", "pos": 1, "chunkLen": 1, "isStartTag": 1}}
06-28 14:40:45.193 22955 22968 E WProf.db: {"WprofHTMLTag": {"code": "0xb4cc7a80", "doc": "http://searchengineland.com/report-14-marketing-automation-vendors-profiled-updated-2017-277247", "row": 80, "column": 78, "tagName": "meta", "time": 21910.112367, "url": "", "pos": 1, "chunkLen": 1, "isStartTag": 1}}
06-28 14:40:45.193 22955 22968 E WProf.db: {"WprofHTMLTag": {"code": "0xb4cc7ab0", "doc": "http://searchengineland.com/report-14-marketing-automation-vendors-profiled-updated-2017-277247", "row": 81, "column": 141, "tagName": "meta", "time": 21910.112469, "url": "", "pos": 1, "chunkLen": 1, "isStartTag": 1}}
06-28 14:40:45.193 22955 22968 E WProf.db: {"WprofHTMLTag": {"code": "0xb4cc7ae0", "doc": "http://searchengineland.com/report-14-marketing-automation-vendors-profiled-updated-2017-277247", "row": 82, "column": 49, "tagName": "meta", "time": 21910.112571, "url": "", "pos": 1, "chunkLen": 1, "isStartTag": 1}}
06-28 14:40:45.193 22955 22968 E WProf.db: {"WprofHTMLTag": {"code": "0xb4cc7b10", "doc": "http://searchengineland.com/report-14-marketing-automation-vendors-profiled-updated-2017-277247", "row": 83, "column": 50, "tagName": "meta", "time": 21910.112673, "url": "", "pos": 1, "chunkLen": 1, "isStartTag": 1}}
06-28 14:40:45.193 22955 22968 E WProf.db: {"WprofHTMLTag": {"code": "0xb4cc7b40", "doc": "http://searchengineland.com/report-14-marketing-automation-vendors-profiled-updated-2017-277247", "row": 84, "column": 58, "tagName": "meta", "time": 21910.112775, "url": "", "pos": 1, "chunkLen": 1, "isStartTag": 1}}
06-28 14:40:45.193 22955 22968 E WProf.db: {"WprofHTMLTag": {"code": "0xb4cc7b70", "doc": "http://searchengineland.com/report-14-marketing-automation-vendors-profiled-updated-2017-277247", "row": 85, "column": 206, "tagName": "meta", "time": 21910.113035, "url": "", "pos": 1, "chunkLen": 1, "isStartTag": 1}}
06-28 14:40:45.193 22955 22968 E WProf.db: {"WprofHTMLTag": {"code": "0xb4cc7ba0", "doc": "http://searchengineland.com/report-14-marketing-automation-vendors-profiled-updated-2017-277247", "row": 86, "column": 108, "tagName": "meta", "time": 21910.113147, "url": "", "pos": 1, "chunkLen": 1, "isStartTag": 1}}
06-28 14:40:45.193 22955 22968 E WProf.db: {"WprofHTMLTag": {"code": "0xb4cc7bd0", "doc": "http://searchengineland.com/report-14-marketing-automation-vendors-profiled-updated-2017-277247", "row": 87, "column": 51, "tagName": "meta", "time": 21910.113300, "url": "", "pos": 1, "chunkLen": 1, "isStartTag": 1}}
06-28 14:40:45.193 22955 22968 E WProf.db: {"WprofHTMLTag": {"code": "0xb4cc7c00", "doc": "http://searchengineland.com/report-14-marketing-automation-vendors-profiled-updated-2017-277247", "row": 88, "column": 142, "tagName": "meta", "time": 21910.113407, "url": "", "pos": 1, "chunkLen": 1, "isStartTag": 1}}
06-28 14:40:45.194 22955 22968 E WProf.db: {"WprofHTMLTag": {"code": "0xb4cc7c30", "doc": "http://searchengineland.com/report-14-marketing-automation-vendors-profiled-updated-2017-277247", "row": 89, "column": 58, "tagName": "meta", "time": 21910.113512, "url": "", "pos": 1, "chunkLen": 1, "isStartTag": 1}}
06-28 14:40:45.194 22955 22968 E WProf.db: {"WprofHTMLTag": {"code": "0xb4cc7c60", "doc": "http://searchengineland.com/report-14-marketing-automation-vendors-profiled-updated-2017-277247", "row": 92, "column": 44, "tagName": "link", "time": 21910.113626, "url": "http://s.w.org/", "pos": 1, "chunkLen": 1, "isStartTag": 1}}
06-28 14:40:45.194 22955 22968 E WProf.db: {"WprofHTMLTag": {"code": "0xb4cc7c90", "doc": "http://searchengineland.com/report-14-marketing-automation-vendors-profiled-updated-2017-277247", "row": 93, "column": 33, "tagName": "script", "time": 21910.113843, "url": "", "pos": 1, "chunkLen": 1, "isStartTag": 1}}
06-28 14:40:45.194 22955 22968 E WProf.db: {"WprofHTMLTag": {"code": "0xb4cc7cc0", "doc": "http://searchengineland.com/report-14-marketing-automation-vendors-profiled-updated-2017-277247", "row": 96, "column": 11, "tagName": "script", "time": 21910.114025, "url": "http://searchengineland.com/figz/wp-includes/js/wp-emoji-release.min.js?ver=4.7.5", "pos": 1, "chunkLen": 1, "isStartTag": 0}}
06-28 14:40:45.194 22955 22968 E WProf.db: {"WprofHTMLTag": {"code": "0x9ea8e960", "doc": "http://searchengineland.com/report-14-marketing-automation-vendors-profiled-updated-2017-277247", "row": 97, "column": 25, "tagName": "style", "time": 21910.696195, "url": "", "pos": 1, "chunkLen": 1, "isStartTag": 1}}
06-28 14:40:45.194 22955 22968 E WProf.db: {"WprofHTMLTag": {"code": "0x9ea8e990", "doc": "http://searchengineland.com/report-14-marketing-automation-vendors-profiled-updated-2017-277247", "row": 110, "column": 8, "tagName": "style", "time": 21910.696365, "url": "", "pos": 1, "chunkLen": 1, "isStartTag": 0}}
06-28 14:40:45.194 22955 22968 E WProf.db: {"WprofHTMLTag": {"code": "0x9ea8e9c0", "doc": "http://searchengineland.com/report-14-marketing-automation-vendors-profiled-updated-2017-277247", "row": 111, "column": 140, "tagName": "script", "time": 21910.697893, "url": "http://searchengineland.com/figz/wp-content/themes/searchengineland/js/lib/modernizr.custom.js?ver=1.0", "pos": 1, "chunkLen": 1, "isStartTag": 1}}
06-28 14:40:45.194 22955 22968 E WProf.db: {"WprofHTMLTag": {"code": "0x9ea8e9f0", "doc": "http://searchengineland.com/report-14-marketing-automation-vendors-profiled-updated-2017-277247", "row": 111, "column": 149, "tagName": "script", "time": 21910.698110, "url": "", "pos": 1, "chunkLen": 1, "isStartTag": 0}}
06-28 14:40:45.194 22955 22968 E WProf.db: {"WprofHTMLTag": {"code": "0x9ea8ea80", "doc": "http://searchengineland.com/report-14-marketing-automation-vendors-profiled-updated-2017-277247", "row": 112, "column": 144, "tagName": "script", "time": 21910.705139, "url": "http://searchengineland.com/figz/wp-content/themes/searchengineland/js/lib/jquery-1.11.0.min.js?ver=1.11.0", "pos": 1, "chunkLen": 1, "isStartTag": 1}}
06-28 14:40:45.194 22955 22968 E WProf.db: {"WprofHTMLTag": {"code": "0x9ea8eab0", "doc": "http://searchengineland.com/report-14-marketing-automation-vendors-profiled-updated-2017-277247", "row": 112, "column": 153, "tagName": "script", "time": 21910.705368, "url": "", "pos": 1, "chunkLen": 1, "isStartTag": 0}}
06-28 14:40:45.194 22955 22968 E WProf.db: {"WprofHTMLTag": {"code": "0xaedd7de0", "doc": "http://searchengineland.com/report-14-marketing-automation-vendors-profiled-updated-2017-277247", "row": 0, "column": 15, "tagName": "div", "time": 21910.767945, "url": "", "pos": 15, "chunkLen": 44, "isStartTag": 1}}
06-28 14:40:45.194 22955 22968 E WProf.db: {"WprofHTMLTag": {"code": "0xaedd7db0", "doc": "http://searchengineland.com/report-14-marketing-automation-vendors-profiled-updated-2017-277247", "row": 0, "column": 21, "tagName": "div", "time": 21910.768083, "url": "", "pos": 21, "chunkLen": 44, "isStartTag": 0}}
06-28 14:40:45.195 22955 22968 E WProf.db: {"WprofHTMLTag": {"code": "0xaedd7b40", "doc": "http://searchengineland.com/report-14-marketing-automation-vendors-profiled-updated-2017-277247", "row": 0, "column": 38, "tagName": "div", "time": 21910.768152, "url": "", "pos": 38, "chunkLen": 44, "isStartTag": 1}}
06-28 14:40:45.195 22955 22968 E WProf.db: {"WprofHTMLTag": {"code": "0xaedd7d80", "doc": "http://searchengineland.com/report-14-marketing-automation-vendors-profiled-updated-2017-277247", "row": 0, "column": 44, "tagName": "div", "time": 21910.768266, "url": "", "pos": 44, "chunkLen": 44, "isStartTag": 0}}
06-28 14:40:45.195 22955 22968 E WProf.db: {"WprofHTMLTag": {"code": "0x9ea8eb10", "doc": "http://searchengineland.com/report-14-marketing-automation-vendors-profiled-updated-2017-277247", "row": 0, "column": 13, "tagName": "select", "time": 21910.769616, "url": "", "pos": 13, "chunkLen": 51, "isStartTag": 1}}
06-28 14:40:45.195 22955 22968 E WProf.db: {"WprofHTMLTag": {"code": "0x9ea8eb40", "doc": "http://searchengineland.com/report-14-marketing-automation-vendors-profiled-updated-2017-277247", "row": 0, "column": 33, "tagName": "option", "time": 21910.769806, "url": "", "pos": 33, "chunkLen": 51, "isStartTag": 1}}
06-28 14:40:45.195 22955 22968 E WProf.db: {"WprofHTMLTag": {"code": "0x9ea8eb70", "doc": "http://searchengineland.com/report-14-marketing-automation-vendors-profiled-updated-2017-277247", "row": 0, "column": 42, "tagName": "option", "time": 21910.769996, "url": "", "pos": 42, "chunkLen": 51, "isStartTag": 0}}
06-28 14:40:45.195 22955 22968 E WProf.db: {"WprofHTMLTag": {"code": "0x9ea8eba0", "doc": "http://searchengineland.com/report-14-marketing-automation-vendors-profiled-updated-2017-277247", "row": 0, "column": 51, "tagName": "select", "time": 21910.770101, "url": "", "pos": 51, "chunkLen": 51, "isStartTag": 0}}
06-28 14:40:45.195 22955 22968 E WProf.db: {"WprofHTMLTag": {"code": "0x9ea8ebd0", "doc": "http://searchengineland.com/report-14-marketing-automation-vendors-profiled-updated-2017-277247", "row": 0, "column": 12, "tagName": "a", "time": 21910.774457, "url": "", "pos": 12, "chunkLen": 16, "isStartTag": 1}}
06-28 14:40:45.195 22955 22968 E WProf.db: {"WprofHTMLTag": {"code": "0x9ea8ec00", "doc": "http://searchengineland.com/report-14-marketing-automation-vendors-profiled-updated-2017-277247", "row": 0, "column": 16, "tagName": "a", "time": 21910.774615, "url": "", "pos": 16, "chunkLen": 16, "isStartTag": 0}}
06-28 14:40:45.195 22955 22968 E WProf.db: {"WprofHTMLTag": {"code": "0x9ea8ec30", "doc": "http://searchengineland.com/report-14-marketing-automation-vendors-profiled-updated-2017-277247", "row": 0, "column": 8, "tagName": "input", "time": 21910.775602, "url": "", "pos": 8, "chunkLen": 8, "isStartTag": 1}}
06-28 14:40:45.195 22955 22968 E WProf.db: {"WprofHTMLTag": {"code": "0x9ea8ec60", "doc": "http://searchengineland.com/report-14-marketing-automation-vendors-profiled-updated-2017-277247", "row": 0, "column": 9, "tagName": "link", "time": 21910.784846, "url": "", "pos": 9, "chunkLen": 42, "isStartTag": 1}}
06-28 14:40:45.195 22955 22968 E WProf.db: {"WprofHTMLTag": {"code": "0x9ea8ec90", "doc": "http://searchengineland.com/report-14-marketing-automation-vendors-profiled-updated-2017-277247", "row": 0, "column": 16, "tagName": "table", "time": 21910.784969, "url": "", "pos": 16, "chunkLen": 42, "isStartTag": 1}}
06-28 14:40:45.195 22955 22968 E WProf.db: {"WprofHTMLTag": {"code": "0x9ea8ecc0", "doc": "http://searchengineland.com/report-14-marketing-automation-vendors-profiled-updated-2017-277247", "row": 0, "column": 24, "tagName": "table", "time": 21910.785089, "url": "", "pos": 24, "chunkLen": 42, "isStartTag": 0}}
06-28 14:40:45.195 22955 22968 E WProf.db: {"WprofHTMLTag": {"code": "0x9ea8ecf0", "doc": "http://searchengineland.com/report-14-marketing-automation-vendors-profiled-updated-2017-277247", "row": 0, "column": 37, "tagName": "a", "time": 21910.785159, "url": "", "pos": 37, "chunkLen": 42, "isStartTag": 1}}
06-28 14:40:45.195 22955 22968 E WProf.db: {"WprofHTMLTag": {"code": "0x9ea8ed20", "doc": "http://searchengineland.com/report-14-marketing-automation-vendors-profiled-updated-2017-277247", "row": 0, "column": 42, "tagName": "a", "time": 21910.785334, "url": "", "pos": 42, "chunkLen": 42, "isStartTag": 0}}
06-28 14:40:45.196 22955 22968 E WProf.db: {"WprofHTMLTag": {"code": "0x9ea8edb0", "doc": "http://searchengineland.com/report-14-marketing-automation-vendors-profiled-updated-2017-277247", "row": 0, "column": 10, "tagName": "textarea", "time": 21910.786482, "url": "", "pos": 10, "chunkLen": 22, "isStartTag": 1}}
06-28 14:40:45.196 22955 22968 E WProf.db: {"WprofHTMLTag": {"code": "0x9ea8ede0", "doc": "http://searchengineland.com/report-14-marketing-automation-vendors-profiled-updated-2017-277247", "row": 0, "column": 22, "tagName": "textarea", "time": 21910.786667, "url": "", "pos": 22, "chunkLen": 22, "isStartTag": 0}}
06-28 14:40:45.196 22955 22968 E WProf.db: {"WprofHTMLTag": {"code": "0x9ea8ee10", "doc": "http://searchengineland.com/report-14-marketing-automation-vendors-profiled-updated-2017-277247", "row": 0, "column": 48, "tagName": "input", "time": 21910.787770, "url": "", "pos": 48, "chunkLen": 48, "isStartTag": 1}}
06-28 14:40:45.196 22955 22968 E WProf.db: {"WprofHTMLTag": {"code": "0x9ea8ee70", "doc": "http://searchengineland.com/report-14-marketing-automation-vendors-profiled-updated-2017-277247", "row": 0, "column": 9, "tagName": "link", "time": 21910.792097, "url": "", "pos": 9, "chunkLen": 66, "isStartTag": 1}}
06-28 14:40:45.196 22955 22968 E WProf.db: {"WprofHTMLTag": {"code": "0x9ea8eea0", "doc": "http://searchengineland.com/report-14-marketing-automation-vendors-profiled-updated-2017-277247", "row": 0, "column": 16, "tagName": "table", "time": 21910.792215, "url": "", "pos": 16, "chunkLen": 66, "isStartTag": 1}}
06-28 14:40:45.196 22955 22968 E WProf.db: {"WprofHTMLTag": {"code": "0x9ea8eed0", "doc": "http://searchengineland.com/report-14-marketing-automation-vendors-profiled-updated-2017-277247", "row": 0, "column": 24, "tagName": "table", "time": 21910.792439, "url": "", "pos": 24, "chunkLen": 66, "isStartTag": 0}}
06-28 14:40:45.196 22955 22968 E WProf.db: {"WprofHTMLTag": {"code": "0x9ea8ef00", "doc": "http://searchengineland.com/report-14-marketing-automation-vendors-profiled-updated-2017-277247", "row": 0, "column": 37, "tagName": "a", "time": 21910.792506, "url": "", "pos": 37, "chunkLen": 66, "isStartTag": 1}}
06-28 14:40:45.196 22955 22968 E WProf.db: {"WprofHTMLTag": {"code": "0x9ea8ef30", "doc": "http://searchengineland.com/report-14-marketing-automation-vendors-profiled-updated-2017-277247", "row": 0, "column": 42, "tagName": "a", "time": 21910.792692, "url": "", "pos": 42, "chunkLen": 66, "isStartTag": 0}}
06-28 14:40:45.196 22955 22968 E WProf.db: {"WprofHTMLTag": {"code": "0x9ea8ef60", "doc": "http://searchengineland.com/report-14-marketing-automation-vendors-profiled-updated-2017-277247", "row": 0, "column": 66, "tagName": "input", "time": 21910.792752, "url": "", "pos": 66, "chunkLen": 66, "isStartTag": 1}}
06-28 14:40:45.196 22955 22968 E WProf.db: {"WprofHTMLTag": {"code": "0x9ea8eff0", "doc": "http://searchengineland.com/report-14-marketing-automation-vendors-profiled-updated-2017-277247", "row": 0, "column": 9, "tagName": "link", "time": 21910.795008, "url": "", "pos": 9, "chunkLen": 66, "isStartTag": 1}}
06-28 14:40:45.196 22955 22968 E WProf.db: {"WprofHTMLTag": {"code": "0x9ea8f020", "doc": "http://searchengineland.com/report-14-marketing-automation-vendors-profiled-updated-2017-277247", "row": 0, "column": 16, "tagName": "table", "time": 21910.795118, "url": "", "pos": 16, "chunkLen": 66, "isStartTag": 1}}
06-28 14:40:45.196 22955 22968 E WProf.db: {"WprofHTMLTag": {"code": "0x9ea8f050", "doc": "http://searchengineland.com/report-14-marketing-automation-vendors-profiled-updated-2017-277247", "row": 0, "column": 24, "tagName": "table", "time": 21910.795189, "url": "", "pos": 24, "chunkLen": 66, "isStartTag": 0}}
06-28 14:40:45.196 22955 22968 E WProf.db: {"WprofHTMLTag": {"code": "0x9ea8f080", "doc": "http://searchengineland.com/report-14-marketing-automation-vendors-profiled-updated-2017-277247", "row": 0, "column": 37, "tagName": "a", "time": 21910.795264, "url": "", "pos": 37, "chunkLen": 66, "isStartTag": 1}}
06-28 14:40:45.197 22955 22968 E WProf.db: {"WprofHTMLTag": {"code": "0x9ea8f0b0", "doc": "http://searchengineland.com/report-14-marketing-automation-vendors-profiled-updated-2017-277247", "row": 0, "column": 42, "tagName": "a", "time": 21910.795436, "url": "", "pos": 42, "chunkLen": 66, "isStartTag": 0}}
06-28 14:40:45.197 22955 22968 E WProf.db: {"WprofHTMLTag": {"code": "0x9ea8f0e0", "doc": "http://searchengineland.com/report-14-marketing-automation-vendors-profiled-updated-2017-277247", "row": 0, "column": 66, "tagName": "input", "time": 21910.795500, "url": "", "pos": 66, "chunkLen": 66, "isStartTag": 1}}
06-28 14:40:45.197 22955 22968 E WProf.db: {"WprofHTMLTag": {"code": "0x9ea8f140", "doc": "http://searchengineland.com/report-14-marketing-automation-vendors-profiled-updated-2017-277247", "row": 0, "column": 9, "tagName": "link", "time": 21910.799798, "url": "", "pos": 9, "chunkLen": 66, "isStartTag": 1}}
