--------- beginning of main
06-28 11:47:18.410  3449  3449 E Finsky  : [1] com.google.android.finsky.wear.bl.a(3): onConnectionFailed: ConnectionResult{statusCode=API_UNAVAILABLE, resolution=null, message=null}
--------- beginning of system
06-28 11:47:19.690 27109 27109 E chromium: [ERROR:shell_integration_android.cc(12)] Not implemented reached in static ShellIntegration::DefaultWebClientSetPermission ShellIntegration::CanSetAsDefaultBrowser()
06-28 11:47:19.693 27109 27109 E chromium: [ERROR:browser_process_impl.cc(720)] Not implemented reached in virtual BackgroundModeManager* BrowserProcessImpl::background_mode_manager()
06-28 11:47:20.002  3218 10918 E AudioRecord-JNI: Error -4 during AudioRecord native read
06-28 11:47:22.363 27109 27156 E chromium: [ERROR:gles2_cmd_decoder.cc(3852)] [.ChromiumCompositor-0xacbb2fc0]GL ERROR :GL_INVALID_ENUM : glDiscardFramebufferEXT: attachments was GL_COLOR_EXT
06-28 11:47:22.597 27176 27189 E WPROF   : {"CSS": {"url": "http://searchengineland.com/figz/wp-content/themes/searchengineland/css/searchengineland-bootstrap.css", "requestTime": 11519.652777}}
06-28 11:47:22.598 27176 27189 E WPROF   : {"CSS": {"url": "http://fonts.googleapis.com/css?family=Oswald:300,400,700", "requestTime": 11519.653276}}
06-28 11:47:22.598 27176 27189 E WPROF   : {"CSS": {"url": "http://searchengineland.com/figz/wp-content/themes/searchengineland/style.css", "requestTime": 11519.653738}}
06-28 11:47:22.602 27176 27189 E WPROF   : {"Javascript": {"url": "http://searchengineland.com/figz/wp-content/themes/searchengineland/js/lib/modernizr.custom.js?ver=1.0", "requestTime": 11519.657958}}
06-28 11:47:22.603 27176 27189 E WPROF   : {"Javascript": {"url": "http://searchengineland.com/figz/wp-content/themes/searchengineland/js/lib/jquery-1.11.0.min.js?ver=1.11.0", "requestTime": 11519.658499}}
06-28 11:47:22.603 27176 27189 E WPROF   : {"Javascript": {"url": "http://searchengineland.com/figz/wp-content/themes/searchengineland/js/lib/jquery-ui-1.10.3.custom.min.js?ver=1.10.3", "requestTime": 11519.659113}}
06-28 11:47:22.604 27176 27189 E WPROF   : {"Javascript": {"url": "http://searchengineland.com/figz/wp-content/themes/searchengineland/js/lib/jquery.ba-throttle-debounce.min.js?ver=1.1", "requestTime": 11519.659585}}
06-28 11:47:22.604 27176 27189 E WPROF   : {"Javascript": {"url": "http://searchengineland.com/figz/wp-content/themes/searchengineland/js/lib/jquery.countdown.min.js?ver=2.0.4", "requestTime": 11519.659989}}
06-28 11:47:22.605 27176 27189 E WPROF   : {"Javascript": {"url": "http://static.chartbeat.com/js/chartbeat_mab.js", "requestTime": 11519.660468}}
06-28 11:47:23.199 27176 27189 E WPROF   : {"Javascript": {"url": "http://searchengineland.com/figz/wp-includes/js/wp-emoji-release.min.js?ver=4.7.5", "requestTime": 11520.254376}}
06-28 11:47:23.611 27176 27189 E WPROF   : {"Javascript": {"url": "http://www.googletagservices.com/tag/js/gpt.js", "requestTime": 11520.667054}}
06-28 11:47:23.631 27176 27189 E WPROF   : {"Javascript": {"url": "https://www.google-analytics.com/analytics.js", "requestTime": 11520.686500}}
06-28 11:47:23.637 27176 27189 E WPROF   : {"Javascript": {"url": "http://edge.quantserve.com/quant.js", "requestTime": 11520.692809}}
06-28 11:47:23.640 27176 27189 E WPROF   : {"Javascript": {"url": "https://connect.facebook.net/en_US/fbevents.js", "requestTime": 11520.695639}}
06-28 11:47:23.732 27109 27156 E chromium: [ERROR:gles2_cmd_decoder.cc(3852)] [.ChromiumCompositor-0xacbb2fc0]GL ERROR :GL_INVALID_ENUM : glDiscardFramebufferEXT: attachments was GL_COLOR_EXT
06-28 11:47:23.752 27176 27189 E WPROF   : {"Javascript": {"url": "http://app-sj02.marketo.com/js/forms2/js/forms2.min.js", "requestTime": 11520.807543}}
06-28 11:47:23.847 27109 27156 E chromium: [ERROR:gles2_cmd_decoder.cc(3852)] [.ChromiumCompositor-0xacbb2fc0]GL ERROR :GL_INVALID_ENUM : glDiscardFramebufferEXT: attachments was GL_COLOR_EXT
06-28 11:47:23.863 27176 27189 E WPROF   : {"Javascript": {"url": "https://connect.facebook.net/signals/config/423979991297359?v=2.7.17", "requestTime": 11520.918307}}
06-28 11:47:23.875 27176 27189 E WPROF   : {"Javascript": {"url": "https://securepubads.g.doubleclick.net/gpt/pubads_impl_121.js", "requestTime": 11520.930650}}
06-28 11:47:24.059 27176 27189 E WPROF   : {"Javascript": {"url": "http://app-sj02.marketo.com/index.php/form/getForm?munchkinId=727-ZQE-044&form=5691&url=http%3A%2F%2Fsearchengineland.com%2Fsearchcap-offline-conversion-imports-adwords-google-business-updates-275341&callback=jQuery11020581566967535764_1498618043990&_=1498618043991", "requestTime": 11521.114322}}
06-28 11:47:24.076 27176 27189 E WPROF   : {"Javascript": {"url": "http://app-sj02.marketo.com/index.php/form/getForm?munchkinId=727-ZQE-044&form=5685&url=http%3A%2F%2Fsearchengineland.com%2Fsearchcap-offline-conversion-imports-adwords-google-business-updates-275341&callback=jQuery11020581566967535764_1498618043992&_=1498618043993", "requestTime": 11521.131986}}
06-28 11:47:24.375 27176 27189 E WPROF   : {"Javascript": {"url": "http://app-sj02.marketo.com/index.php/form/getForm?munchkinId=727-ZQE-044&form=5673&url=http%3A%2F%2Fsearchengineland.com%2Fsearchcap-offline-conversion-imports-adwords-google-business-updates-275341&callback=jQuery11020581566967535764_1498618043994&_=1498618043995", "requestTime": 11521.430773}}
06-28 11:47:24.383 27176 27189 E WPROF   : {"Javascript": {"url": "http://searchengineland.com/js/ga_social_tracking.js", "requestTime": 11521.438987}}
06-28 11:47:24.384 27176 27189 E WPROF   : {"Javascript": {"url": "http://s7.addthis.com/js/300/addthis_widget.js#pubid=ra-53e918f660794f37", "requestTime": 11521.440205}}
06-28 11:47:24.408 27109 27156 E chromium: [ERROR:gles2_cmd_decoder.cc(3852)] [.ChromiumCompositor-0xacbb2fc0]GL ERROR :GL_INVALID_ENUM : glDiscardFramebufferEXT: attachments was GL_COLOR_EXT
06-28 11:47:24.852 27176 27189 E WPROF   : {"Javascript": {"url": "http://cdn.api.twitter.com/1/users/show.json?screen_name=AmyGesenhues&callback=twttr.setFollowersCount", "requestTime": 11521.908111}}
06-28 11:47:25.026 27109 27156 E chromium: [ERROR:gles2_cmd_decoder.cc(3852)] [.ChromiumCompositor-0xacbb2fc0]GL ERROR :GL_INVALID_ENUM : glDiscardFramebufferEXT: attachments was GL_COLOR_EXT
06-28 11:47:25.197   862  1657 E LocSvc_IzatApiV02: E/virtual int izat_core::IzatApiV02::getBatchSize(int32_t):522]: Error : st = 4, ind.status = -1628389555
06-28 11:47:25.197   862  1657 E LocSvc_IzatApiV02: E/virtual int izat_core::IzatApiV02::getBatchSize(int32_t):535]: get batching size failed.Or modem does not support batching 
06-28 11:47:25.207   862  1657 E LocSvc_IzatApiV02: E/virtual int izat_core::IzatApiV02::getBatchSize(int32_t):522]: Error : st = 4, ind.status = -1628389555
06-28 11:47:25.207   862  1657 E LocSvc_IzatApiV02: E/virtual int izat_core::IzatApiV02::getBatchSize(int32_t):535]: get batching size failed.Or modem does not support batching 
06-28 11:47:25.241   862  1657 E LocSvc_IzatApiV02: E/virtual int izat_core::IzatApiV02::getBatchSize(int32_t):522]: Error : st = 4, ind.status = -1628389555
06-28 11:47:25.241   862  1657 E LocSvc_IzatApiV02: E/virtual int izat_core::IzatApiV02::getBatchSize(int32_t):535]: get batching size failed.Or modem does not support batching 
06-28 11:47:25.250   862  1657 E LocSvc_IzatApiV02: E/virtual int izat_core::IzatApiV02::getBatchSize(int32_t):522]: Error : st = 4, ind.status = -1628389555
06-28 11:47:25.250   862  1657 E LocSvc_IzatApiV02: E/virtual int izat_core::IzatApiV02::getBatchSize(int32_t):535]: get batching size failed.Or modem does not support batching 
06-28 11:47:25.536 27176 27189 E WPROF   : {"Javascript": {"url": "https://securepubads.g.doubleclick.net/gampad/ads?gdfp_req=1&correlator=1956595907952640&output=json_html&callback=googletag.impl.pubads.callbackProxy1&impl=fifs&json_a=1&eid=108809080%2C108809107&sc=0&sfv=1-0-9&iu_parts=1038259%2Csel-ciu-1%2Csel-ciu-2%2Csel-ciu-3%2Csel-ciu-4%2Csel-ciu-5%2Cch-indust", "requestTime": 11522.591647}}
06-28 11:47:25.560 27176 27189 E WPROF   : {"CSS": {"url": "http://app-sj02.marketo.com/js/forms2/css/forms2.css", "requestTime": 11522.615725}}
06-28 11:47:25.564 27176 27189 E WPROF   : {"CSS": {"url": "http://app-sj02.marketo.com/js/forms2/css/forms2-theme-simple.css", "requestTime": 11522.619222}}
06-28 11:47:25.609 27176 27189 E WPROF   : {"Javascript": {"url": "https://static.xx.fbcdn.net/rsrc.php/v3iy6L4/yk/l/ko_KR/be4fIjHRc8P.js", "requestTime": 11522.665167}}
06-28 11:47:25.735 27109 27156 E chromium: [ERROR:gles2_cmd_decoder.cc(3852)] [.ChromiumCompositor-0xacbb2fc0]GL ERROR :GL_INVALID_ENUM : glDiscardFramebufferEXT: attachments was GL_COLOR_EXT
06-28 11:47:26.268 27176 27189 E WPROF   : {"Javascript": {"url": "http://platform.twitter.com/widgets.js", "requestTime": 11523.323962}}
06-28 11:47:26.270 27176 27189 E WPROF   : {"Javascript": {"url": "http://connect.facebook.net/en_US/sdk.js", "requestTime": 11523.326032}}
06-28 11:47:26.272 27176 27189 E WPROF   : {"Javascript": {"url": "https://apis.google.com/js/platform.js", "requestTime": 11523.327489}}
06-28 11:47:26.295 27176 27189 E WPROF   : {"Javascript": {"url": "http://rules.quantcount.com/rules-p-5aGizvD82d9hk.js", "requestTime": 11523.351076}}
06-28 11:47:26.298 27176 27189 E WPROF   : {"Javascript": {"url": "http://munchkin.marketo.net/munchkin.js", "requestTime": 11523.354183}}
06-28 11:47:26.392 27176 27189 E WPROF   : {"CSS": {"url": "https://www.youtube.com/yts/cssbin/www-embed-player-sprite-mode-vfl5G4Xm8.css", "requestTime": 11523.447993}}
06-28 11:47:26.394 27176 27189 E WPROF   : {"Javascript": {"url": "https://www.youtube.com/yts/jsbin/www-embed-player-vfl_UY_j8/www-embed-player.js", "requestTime": 11523.449817}}
06-28 11:47:26.395 27176 27189 E WPROF   : {"Javascript": {"url": "https://www.youtube.com/yts/jsbin/player-vflo1w4O-/ko_KR/base.js", "requestTime": 11523.450579}}
06-28 11:47:26.435 27109 27156 E chromium: [ERROR:gles2_cmd_decoder.cc(3852)] [.ChromiumCompositor-0xacbb2fc0]GL ERROR :GL_INVALID_ENUM : glDiscardFramebufferEXT: attachments was GL_COLOR_EXT
06-28 11:47:26.476 27176 27189 E WPROF   : {"Javascript": {"url": "http://d2j3qa5nc37287.cloudfront.net/coupon_code1.js", "requestTime": 11523.531244}}
06-28 11:47:26.479 27176 27189 E WPROF   : {"Javascript": {"url": "http://www.googleadservices.com/pagead/conversion.js", "requestTime": 11523.535176}}
06-28 11:47:26.480 27176 27189 E WPROF   : {"Javascript": {"url": "http://searchengineland.com/figz/wp-content/themes/searchengineland/js/script.js?ver=1.0", "requestTime": 11523.535947}}
06-28 11:47:26.481 27176 27189 E WPROF   : {"Javascript": {"url": "http://searchengineland.com/figz/wp-includes/js/wp-embed.min.js?ver=4.7.5", "requestTime": 11523.536336}}
06-28 11:47:26.481 27176 27189 E WPROF   : {"Javascript": {"url": "http://searchengineland.com/figz/wp-content/themes/searchengineland/js/modules/sharing_controls.js", "requestTime": 11523.536769}}
06-28 11:47:26.913 27176 27189 E WPROF   : {"Javascript": {"url": "http://dnn506yrbagrg.cloudfront.net/pages/scripts/0026/4062.js?416282", "requestTime": 11523.968349}}
06-28 11:47:27.969 27176 27189 E WPROF   : {"Javascript": {"url": "http://m.addthisedge.com/live/boost/ra-53e918f660794f37/_ate.track.config_resp", "requestTime": 11525.024223}}
06-28 11:47:28.042 27176 27189 E WPROF   : {"Javascript": {"url": "http://m.addthis.com/live/red_lojson/300lo.json?si=595318be55bff56d&bkl=0&bl=1&pdt=2137&sid=595318be55bff56d&pub=ra-53e918f660794f37&rev=v7.15.4-wp&ln=ko&pc=men&cb=0&ab=-&dp=searchengineland.com&fp=searchcap-offline-conversion-imports-adwords-google-business-updates-275341&fr=&of=0&pd=0&irt=0&vcl=0&", "requestTime": 11525.097514}}
06-28 11:47:28.161 27109 27156 E chromium: [ERROR:gles2_cmd_decoder.cc(3852)] [.ChromiumCompositor-0xacbb2fc0]GL ERROR :GL_INVALID_ENUM : glDiscardFramebufferEXT: attachments was GL_COLOR_EXT
06-28 11:47:29.410 27176 27189 E WPROF   : {"Javascript": {"url": "https://www.google.com/js/bg/KWBfAnWFESAEEaKKgdYlTHY9ysQaNoQuzeMFqvxDSM8.js", "requestTime": 11526.466030}}
06-28 11:47:29.420 27176 27189 E WPROF   : {"Javascript": {"url": "https://static.doubleclick.net/instream/ad_status.js", "requestTime": 11526.475328}}
06-28 11:47:29.642 27109 27156 E chromium: [ERROR:gles2_cmd_decoder.cc(3852)] [.ChromiumCompositor-0xacbb2fc0]GL ERROR :GL_INVALID_ENUM : glDiscardFramebufferEXT: attachments was GL_COLOR_EXT
06-28 11:47:29.759 27109 27156 E chromium: [ERROR:gles2_cmd_decoder.cc(3852)] [.ChromiumCompositor-0xacbb2fc0]GL ERROR :GL_INVALID_ENUM : glDiscardFramebufferEXT: attachments was GL_COLOR_EXT
06-28 11:47:29.868 27109 27156 E chromium: [ERROR:gles2_cmd_decoder.cc(3852)] [.ChromiumCompositor-0xacbb2fc0]GL ERROR :GL_INVALID_ENUM : glDiscardFramebufferEXT: attachments was GL_COLOR_EXT
06-28 11:47:30.502 27109 27156 E chromium: [ERROR:gles2_cmd_decoder.cc(3852)] [.ChromiumCompositor-0xacbb2fc0]GL ERROR :GL_INVALID_ENUM : glDiscardFramebufferEXT: attachments was GL_COLOR_EXT
06-28 11:47:30.697 27176 27189 E WPROF   : {"Javascript": {"url": "https://tpc.googlesyndication.com/pagead/js/r20170619/r20110914/client/ext/m_window_focus_non_hydra.js", "requestTime": 11527.752373}}
06-28 11:47:30.699 27176 27189 E WPROF   : {"Javascript": {"url": "https://tpc.googlesyndication.com/pagead/js/r20170619/r20110914/activeview/osd_listener.js", "requestTime": 11527.754389}}
06-28 11:47:30.704 27176 27189 E WPROF   : {"Javascript": {"url": "http://pagead2.googlesyndication.com/pagead/osd.js", "requestTime": 11527.759913}}
06-28 11:47:30.959 27176 27189 E WPROF   : {"Javascript": {"url": "https://platform.twitter.com/js/button.b731e6c82269f70f6fc53634e044a4c6.js", "requestTime": 11528.015197}}
06-28 11:47:30.965 27176 27189 E WPROF   : {"Javascript": {"url": "http://munchkin.marketo.net/151/munchkin.js", "requestTime": 11528.021024}}
06-28 11:47:30.971 27176 27189 E WPROF   : {"Javascript": {"url": "http://www.justuno.com/ajax/account_version_check.html?id=828FA275-FF73-401E-AA39-40F5A6FAB6B1", "requestTime": 11528.026307}}
06-28 11:47:31.195 27176 27189 E WPROF   : {"Javascript": {"url": "http://s7.addthis.com/static/layers.4acb6c577b51939661ec.js", "requestTime": 11528.250663}}
06-28 11:47:31.269 27109 27156 E chromium: [ERROR:gles2_cmd_decoder.cc(3852)] [.ChromiumCompositor-0xacbb2fc0]GL ERROR :GL_INVALID_ENUM : glDiscardFramebufferEXT: attachments was GL_COLOR_EXT
06-28 11:47:31.521 27109 27156 E chromium: [ERROR:gles2_cmd_decoder.cc(3852)] [.ChromiumCompositor-0xacbb2fc0]GL ERROR :GL_INVALID_ENUM : glDiscardFramebufferEXT: attachments was GL_COLOR_EXT
06-28 11:47:31.707 27109 27156 E chromium: [ERROR:gles2_cmd_decoder.cc(3852)] [.ChromiumCompositor-0xacbb2fc0]GL ERROR :GL_INVALID_ENUM : glDiscardFramebufferEXT: attachments was GL_COLOR_EXT
06-28 11:47:31.874 27109 27156 E chromium: [ERROR:gles2_cmd_decoder.cc(3852)] [.ChromiumCompositor-0xacbb2fc0]GL ERROR :GL_INVALID_ENUM : glDiscardFramebufferEXT: attachments was GL_COLOR_EXT
06-28 11:47:31.915 27176 27189 E WPROF   : {"Javascript": {"url": "https://app-sj02.marketo.com/js/forms2/js/forms2.min.js", "requestTime": 11528.971050}}
06-28 11:47:34.451 27176 27189 E WPROF   : {"Javascript": {"url": "http://cdn.justuno.com/mwgt_3.6.js", "requestTime": 11531.506995}}
06-28 11:47:34.643 27109 27156 E chromium: [ERROR:gles2_cmd_decoder.cc(3852)] [.ChromiumCompositor-0xacbb2fc0]GL ERROR :GL_INVALID_ENUM : glDiscardFramebufferEXT: attachments was GL_COLOR_EXT
06-28 11:47:34.710 27109 27156 E chromium: [ERROR:gles2_cmd_decoder.cc(3852)] [.ChromiumCompositor-0xacbb2fc0]GL ERROR :GL_INVALID_ENUM : glDiscardFramebufferEXT: attachments was GL_COLOR_EXT
06-28 11:47:35.685 27109 27156 E chromium: [ERROR:gles2_cmd_decoder.cc(3852)] [.ChromiumCompositor-0xacbb2fc0]GL ERROR :GL_INVALID_ENUM : glDiscardFramebufferEXT: attachments was GL_COLOR_EXT
06-28 11:47:35.823 27109 27156 E chromium: [ERROR:gles2_cmd_decoder.cc(3852)] [.ChromiumCompositor-0xacbb2fc0]GL ERROR :GL_INVALID_ENUM : glDiscardFramebufferEXT: attachments was GL_COLOR_EXT
06-28 11:47:35.896 27176 27189 E WPROF   : {"Javascript": {"url": "https://cdn.syndication.twimg.com/widgets/followbutton/info.json?callback=__twttr.setFollowersCountAndFollowing&lang=en&screen_names=sengineland", "requestTime": 11532.951575}}
06-28 11:47:36.339 27109 27156 E chromium: [ERROR:gles2_cmd_decoder.cc(3852)] [.ChromiumCompositor-0xacbb2fc0]GL ERROR :GL_INVALID_ENUM : glDiscardFramebufferEXT: attachments was GL_COLOR_EXT
06-28 11:47:36.356 27176 27189 E WProf.db: {"page": "searchengineland.com_searchcap-offline-conversion-imports-adwords-google-business-updates-275341"}
06-28 11:47:36.357 27176 27189 E WProf.db: {"DOMLoad": 11533.412266}
06-28 11:47:36.357 27176 27189 E WProf.db: {"Resource": {"id": 1, "url": "http://searchengineland.com/searchcap-offline-conversion-imports-adwords-google-business-updates-275341", "sentTime": -1.000000, "len": 96711, "from": "0x0", "mimeType": "text/html", "contentLength": -1, "httpStatus": 200, "connId": 19, "connReused": 1, "cached": 0,"requestTime": 11519.313726, "proxyStart": -1, "proxyEnd": -1, "dnsStart": -1, "dnsEnd": -1, "connectStart": 0, "connectEnd": 91, "sendStart": 91, "sendEnd": 91, "receiveHeadersEnd": 239, "sslStart": -1, "sslEnd": -1}}
06-28 11:47:36.357 27176 27189 E WProf.db: {"ReceivedChunk": {"receivedTime": 11519.569628, "len": 2610}}
06-28 11:47:36.357 27176 27189 E WProf.db: {"ReceivedChunk": {"receivedTime": 11519.639108, "len": 32768}}
06-28 11:47:36.357 27176 27189 E WProf.db: {"ReceivedChunk": {"receivedTime": 11519.639348, "len": 32768}}
06-28 11:47:36.357 27176 27189 E WProf.db: {"ReceivedChunk": {"receivedTime": 11519.639691, "len": 2789}}
06-28 11:47:36.357 27176 27189 E WProf.db: {"ReceivedChunk": {"receivedTime": 11519.712776, "len": 14890}}
06-28 11:47:36.358 27176 27189 E WProf.db: {"ReceivedChunk": {"receivedTime": 11519.714291, "len": 10886}}
06-28 11:47:36.358 27176 27189 E WProf.db: {"WprofHTMLTag": {"code": "0xaedd85a0", "doc": "http://searchengineland.com/searchcap-offline-conversion-imports-adwords-google-business-updates-275341", "row": 6, "column": 42, "tagName": "html", "time": 11519.643217, "url": "", "pos": 1, "chunkLen": 1, "isStartTag": 1}}
06-28 11:47:36.358 27176 27189 E WProf.db: {"WprofHTMLTag": {"code": "0xaedd8270", "doc": "http://searchengineland.com/searchcap-offline-conversion-imports-adwords-google-business-updates-275341", "row": 7, "column": 6, "tagName": "head", "time": 11519.643448, "url": "", "pos": 1, "chunkLen": 1, "isStartTag": 1}}
06-28 11:47:36.358 27176 27189 E WProf.db: {"WprofHTMLTag": {"code": "0xaf047790", "doc": "http://searchengineland.com/searchcap-offline-conversion-imports-adwords-google-business-updates-275341", "row": 8, "column": 54, "tagName": "meta", "time": 11519.643489, "url": "", "pos": 1, "chunkLen": 1, "isStartTag": 1}}
06-28 11:47:36.358 27176 27189 E WProf.db: {"WprofHTMLTag": {"code": "0xaf0477c0", "doc": "http://searchengineland.com/searchcap-offline-conversion-imports-adwords-google-business-updates-275341", "row": 9, "column": 68, "tagName": "meta", "time": 11519.643624, "url": "", "pos": 1, "chunkLen": 1, "isStartTag": 1}}
06-28 11:47:36.359 27176 27189 E WProf.db: {"WprofHTMLTag": {"code": "0xaf0478b0", "doc": "http://searchengineland.com/searchcap-offline-conversion-imports-adwords-google-business-updates-275341", "row": 10, "column": 23, "tagName": "meta", "time": 11519.643731, "url": "", "pos": 1, "chunkLen": 1, "isStartTag": 1}}
06-28 11:47:36.359 27176 27189 E WProf.db: {"WprofHTMLTag": {"code": "0xaf0478e0", "doc": "http://searchengineland.com/searchcap-offline-conversion-imports-adwords-google-business-updates-275341", "row": 11, "column": 52, "tagName": "meta", "time": 11519.643857, "url": "", "pos": 1, "chunkLen": 1, "isStartTag": 1}}
06-28 11:47:36.359 27176 27189 E WProf.db: {"WprofHTMLTag": {"code": "0xaf047910", "doc": "http://searchengineland.com/searchcap-offline-conversion-imports-adwords-google-business-updates-275341", "row": 14, "column": 56, "tagName": "meta", "time": 11519.643981, "url": "", "pos": 1, "chunkLen": 1, "isStartTag": 1}}
06-28 11:47:36.359 27176 27189 E WProf.db: {"WprofHTMLTag": {"code": "0xaf047940", "doc": "http://searchengineland.com/searchcap-offline-conversion-imports-adwords-google-business-updates-275341", "row": 15, "column": 83, "tagName": "meta", "time": 11519.644100, "url": "", "pos": 1, "chunkLen": 1, "isStartTag": 1}}
06-28 11:47:36.362 27176 27189 E WProf.db: {"WprofHTMLTag": {"code": "0xaf047970", "doc": "http://searchengineland.com/searchcap-offline-conversion-imports-adwords-google-business-updates-275341", "row": 16, "column": 57, "tagName": "meta", "time": 11519.644206, "url": "", "pos": 1, "chunkLen": 1, "isStartTag": 1}}
06-28 11:47:36.362 27176 27189 E WProf.db: {"WprofHTMLTag": {"code": "0xaf047a00", "doc": "http://searchengineland.com/searchcap-offline-conversion-imports-adwords-google-business-updates-275341", "row": 17, "column": 41, "tagName": "meta", "time": 11519.644316, "url": "", "pos": 1, "chunkLen": 1, "isStartTag": 1}}
06-28 11:47:36.362 27176 27189 E WProf.db: {"WprofHTMLTag": {"code": "0xaf047a30", "doc": "http://searchengineland.com/searchcap-offline-conversion-imports-adwords-google-business-updates-275341", "row": 18, "column": 50, "tagName": "meta", "time": 11519.644422, "url": "", "pos": 1, "chunkLen": 1, "isStartTag": 1}}
06-28 11:47:36.362 27176 27189 E WProf.db: {"WprofHTMLTag": {"code": "0xaf047a60", "doc": "http://searchengineland.com/searchcap-offline-conversion-imports-adwords-google-business-updates-275341", "row": 19, "column": 174, "tagName": "meta", "time": 11519.644530, "url": "", "pos": 1, "chunkLen": 1, "isStartTag": 1}}
06-28 11:47:36.362 27176 27189 E WProf.db: {"WprofHTMLTag": {"code": "0xaf0479d0", "doc": "http://searchengineland.com/searchcap-offline-conversion-imports-adwords-google-business-updates-275341", "row": 20, "column": 47, "tagName": "meta", "time": 11519.644636, "url": "", "pos": 1, "chunkLen": 1, "isStartTag": 1}}
06-28 11:47:36.362 27176 27189 E WProf.db: {"WprofHTMLTag": {"code": "0xaf0479a0", "doc": "http://searchengineland.com/searchcap-offline-conversion-imports-adwords-google-business-updates-275341", "row": 21, "column": 67, "tagName": "meta", "time": 11519.644737, "url": "", "pos": 1, "chunkLen": 1, "isStartTag": 1}}
06-28 11:47:36.362 27176 27189 E WProf.db: {"WprofHTMLTag": {"code": "0xaf047a90", "doc": "http://searchengineland.com/searchcap-offline-conversion-imports-adwords-google-business-updates-275341", "row": 22, "column": 57, "tagName": "meta", "time": 11519.644845, "url": "", "pos": 1, "chunkLen": 1, "isStartTag": 1}}
06-28 11:47:36.362 27176 27189 E WProf.db: {"WprofHTMLTag": {"code": "0xaf047ac0", "doc": "http://searchengineland.com/searchcap-offline-conversion-imports-adwords-google-business-updates-275341", "row": 23, "column": 65, "tagName": "meta", "time": 11519.644952, "url": "", "pos": 1, "chunkLen": 1, "isStartTag": 1}}
06-28 11:47:36.362 27176 27189 E WProf.db: {"WprofHTMLTag": {"code": "0xaf047af0", "doc": "http://searchengineland.com/searchcap-offline-conversion-imports-adwords-google-business-updates-275341", "row": 24, "column": 55, "tagName": "meta", "time": 11519.645056, "url": "", "pos": 1, "chunkLen": 1, "isStartTag": 1}}
06-28 11:47:36.363 27176 27189 E WProf.db: {"WprofHTMLTag": {"code": "0xaf047b20", "doc": "http://searchengineland.com/searchcap-offline-conversion-imports-adwords-google-business-updates-275341", "row": 25, "column": 71, "tagName": "meta", "time": 11519.645164, "url": "", "pos": 1, "chunkLen": 1, "isStartTag": 1}}
06-28 11:47:36.363 27176 27189 E WProf.db: {"WprofHTMLTag": {"code": "0xaf047b50", "doc": "http://searchengineland.com/searchcap-offline-conversion-imports-adwords-google-business-updates-275341", "row": 26, "column": 86, "tagName": "meta", "time": 11519.645271, "url": "", "pos": 1, "chunkLen": 1, "isStartTag": 1}}
06-28 11:47:36.363 27176 27189 E WProf.db: {"WprofHTMLTag": {"code": "0xaf047b80", "doc": "http://searchengineland.com/searchcap-offline-conversion-imports-adwords-google-business-updates-275341", "row": 27, "column": 54, "tagName": "meta", "time": 11519.645380, "url": "", "pos": 1, "chunkLen": 1, "isStartTag": 1}}
06-28 11:47:36.363 27176 27189 E WProf.db: {"WprofHTMLTag": {"code": "0xaf047bb0", "doc": "http://searchengineland.com/searchcap-offline-conversion-imports-adwords-google-business-updates-275341", "row": 29, "column": 39, "tagName": "meta", "time": 11519.645488, "url": "", "pos": 1, "chunkLen": 1, "isStartTag": 1}}
06-28 11:47:36.363 27176 27189 E WProf.db: {"WprofHTMLTag": {"code": "0xaf047be0", "doc": "http://searchengineland.com/searchcap-offline-conversion-imports-adwords-google-business-updates-275341", "row": 30, "column": 151, "tagName": "meta", "time": 11519.645595, "url": "", "pos": 1, "chunkLen": 1, "isStartTag": 1}}
06-28 11:47:36.363 27176 27189 E WProf.db: {"WprofHTMLTag": {"code": "0xaf047c10", "doc": "http://searchengineland.com/searchcap-offline-conversion-imports-adwords-google-business-updates-275341", "row": 31, "column": 55, "tagName": "meta", "time": 11519.645698, "url": "", "pos": 1, "chunkLen": 1, "isStartTag": 1}}
06-28 11:47:36.363 27176 27189 E WProf.db: {"WprofHTMLTag": {"code": "0xaf047c40", "doc": "http://searchengineland.com/searchcap-offline-conversion-imports-adwords-google-business-updates-275341", "row": 32, "column": 54, "tagName": "meta", "time": 11519.645802, "url": "", "pos": 1, "chunkLen": 1, "isStartTag": 1}}
06-28 11:47:36.363 27176 27189 E WProf.db: {"WprofHTMLTag": {"code": "0xaf047c70", "doc": "http://searchengineland.com/searchcap-offline-conversion-imports-adwords-google-business-updates-275341", "row": 33, "column": 133, "tagName": "meta", "time": 11519.645912, "url": "", "pos": 1, "chunkLen": 1, "isStartTag": 1}}
06-28 11:47:36.364 27176 27189 E WProf.db: {"WprofHTMLTag": {"code": "0xaf047ca0", "doc": "http://searchengineland.com/searchcap-offline-conversion-imports-adwords-google-business-updates-275341", "row": 37, "column": 36, "tagName": "script", "time": 11519.646016, "url": "", "pos": 1, "chunkLen": 1, "isStartTag": 1}}
06-28 11:47:36.364 27176 27189 E WProf.db: {"WprofHTMLTag": {"code": "0xaf047cd0", "doc": "http://searchengineland.com/searchcap-offline-conversion-imports-adwords-google-business-updates-275341", "row": 53, "column": 10, "tagName": "script", "time": 11519.650535, "url": "", "pos": 1, "chunkLen": 1, "isStartTag": 0}}
06-28 11:47:36.364 27176 27189 E WProf.db: {"WprofHTMLTag": {"code": "0xaedd85d0", "doc": "http://searchengineland.com/searchcap-offline-conversion-imports-adwords-google-business-updates-275341", "row": 55, "column": 86, "tagName": "link", "time": 11519.651460, "url": "http://searchengineland.com/apple-touch-icon.png", "pos": 1, "chunkLen": 1, "isStartTag": 1}}
06-28 11:47:36.364 27176 27189 E WProf.db: {"WprofHTMLTag": {"code": "0xaf047d00", "doc": "http://searchengineland.com/searchcap-offline-conversion-imports-adwords-google-business-updates-275341", "row": 56, "column": 76, "tagName": "link", "time": 11519.651767, "url": "http://searchengineland.com/favicon.ico", "pos": 1, "chunkLen": 1, "isStartTag": 1}}
06-28 11:47:36.364 27176 27189 E WProf.db: {"WprofHTMLTag": {"code": "0xaf047d30", "doc": "http://searchengineland.com/searchcap-offline-conversion-imports-adwords-google-business-updates-275341", "row": 57, "column": 158, "tagName": "link", "time": 11519.651962, "url": "http://feeds.searchengineland.com/searchengineland", "pos": 1, "chunkLen": 1, "isStartTag": 1}}
06-28 11:47:36.364 27176 27189 E WProf.db: {"WprofHTMLTag": {"code": "0xaf047d60", "doc": "http://searchengineland.com/searchcap-offline-conversion-imports-adwords-google-business-updates-275341", "row": 58, "column": 149, "tagName": "link", "time": 11519.652225, "url": "http://feeds.searchengineland.com/searchcap", "pos": 1, "chunkLen": 1, "isStartTag": 1}}
06-28 11:47:36.364 27176 27189 E WProf.db: {"WprofHTMLTag": {"code": "0xaf047d90", "doc": "http://searchengineland.com/searchcap-offline-conversion-imports-adwords-google-business-updates-275341", "row": 59, "column": 150, "tagName": "link", "time": 11519.652498, "url": "http://searchengineland.com/figz/wp-content/themes/searchengineland/css/searchengineland-bootstrap.css", "pos": 1, "chunkLen": 1, "isStartTag": 1}}
06-28 11:47:36.364 27176 27189 E WProf.db: {"WprofHTMLTag": {"code": "0xaf047df0", "doc": "http://searchengineland.com/searchcap-offline-conversion-imports-adwords-google-business-updates-275341", "row": 60, "column": 105, "tagName": "link", "time": 11519.653015, "url": "http://fonts.googleapis.com/css?family=Oswald:300,400,700", "pos": 1, "chunkLen": 1, "isStartTag": 1}}
06-28 11:47:36.364 27176 27189 E WProf.db: {"WprofHTMLTag": {"code": "0xaf047e50", "doc": "http://searchengineland.com/searchcap-offline-conversion-imports-adwords-google-business-updates-275341", "row": 61, "column": 125, "tagName": "link", "time": 11519.653473, "url": "http://searchengineland.com/figz/wp-content/themes/searchengineland/style.css", "pos": 1, "chunkLen": 1, "isStartTag": 1}}
06-28 11:47:36.364 27176 27189 E WProf.db: {"WprofHTMLTag": {"code": "0xaf047eb0", "doc": "http://searchengineland.com/searchcap-offline-conversion-imports-adwords-google-business-updates-275341", "row": 65, "column": 7, "tagName": "title", "time": 11519.653950, "url": "", "pos": 1, "chunkLen": 1, "isStartTag": 1}}
06-28 11:47:36.364 27176 27189 E WProf.db: {"WprofHTMLTag": {"code": "0xaf047ee0", "doc": "http://searchengineland.com/searchcap-offline-conversion-imports-adwords-google-business-updates-275341", "row": 65, "column": 103, "tagName": "title", "time": 11519.654050, "url": "", "pos": 1, "chunkLen": 1, "isStartTag": 0}}
06-28 11:47:36.364 27176 27189 E WProf.db: {"WprofHTMLTag": {"code": "0xaf047f10", "doc": "http://searchengineland.com/searchcap-offline-conversion-imports-adwords-google-business-updates-275341", "row": 66, "column": 148, "tagName": "meta", "time": 11519.654069, "url": "", "pos": 1, "chunkLen": 1, "isStartTag": 1}}
06-28 11:47:36.365 27176 27189 E WProf.db: {"WprofHTMLTag": {"code": "0xaf047f40", "doc": "http://searchengineland.com/searchcap-offline-conversion-imports-adwords-google-business-updates-275341", "row": 67, "column": 40, "tagName": "meta", "time": 11519.654181, "url": "", "pos": 1, "chunkLen": 1, "isStartTag": 1}}
06-28 11:47:36.365 27176 27189 E WProf.db: {"WprofHTMLTag": {"code": "0xaf047f70", "doc": "http://searchengineland.com/searchcap-offline-conversion-imports-adwords-google-business-updates-275341", "row": 68, "column": 145, "tagName": "meta", "time": 11519.654286, "url": "", "pos": 1, "chunkLen": 1, "isStartTag": 1}}
06-28 11:47:36.365 27176 27189 E WProf.db: {"WprofHTMLTag": {"code": "0xaf047fa0", "doc": "http://searchengineland.com/searchcap-offline-conversion-imports-adwords-google-business-updates-275341", "row": 69, "column": 37, "tagName": "meta", "time": 11519.654397, "url": "", "pos": 1, "chunkLen": 1, "isStartTag": 1}}
06-28 11:47:36.365 27176 27189 E WProf.db: {"WprofHTMLTag": {"code": "0xaf047fd0", "doc": "http://searchengineland.com/searchcap-offline-conversion-imports-adwords-google-business-updates-275341", "row": 70, "column": 135, "tagName": "link", "time": 11519.654503, "url": "http://searchengineland.com/searchcap-offline-conversion-imports-adwords-google-business-updates-275341", "pos": 1, "chunkLen": 1, "isStartTag": 1}}
06-28 11:47:36.365 27176 27189 E WProf.db: {"WprofHTMLTag": {"code": "0xb4cc74b0", "doc": "http://searchengineland.com/searchcap-offline-conversion-imports-adwords-google-business-updates-275341", "row": 71, "column": 76, "tagName": "link", "time": 11519.654693, "url": "https://plus.google.com/103218677032751327334", "pos": 1, "chunkLen": 1, "isStartTag": 1}}
06-28 11:47:36.365 27176 27189 E WProf.db: {"WprofHTMLTag": {"code": "0xb4cc7540", "doc": "http://searchengineland.com/searchcap-offline-conversion-imports-adwords-google-business-updates-275341", "row": 72, "column": 45, "tagName": "meta", "time": 11519.654882, "url": "", "pos": 1, "chunkLen": 1, "isStartTag": 1}}
06-28 11:47:36.365 27176 27189 E WProf.db: {"WprofHTMLTag": {"code": "0xb4cc78a0", "doc": "http://searchengineland.com/searchcap-offline-conversion-imports-adwords-google-business-updates-275341", "row": 73, "column": 45, "tagName": "meta", "time": 11519.654989, "url": "", "pos": 1, "chunkLen": 1, "isStartTag": 1}}
06-28 11:47:36.365 27176 27189 E WProf.db: {"WprofHTMLTag": {"code": "0xb4cc78d0", "doc": "http://searchengineland.com/searchcap-offline-conversion-imports-adwords-google-business-updates-275341", "row": 74, "column": 127, "tagName": "meta", "time": 11519.655100, "url": "", "pos": 1, "chunkLen": 1, "isStartTag": 1}}
06-28 11:47:36.365 27176 27189 E WProf.db: {"WprofHTMLTag": {"code": "0xb4cc7900", "doc": "http://searchengineland.com/searchcap-offline-conversion-imports-adwords-google-business-updates-275341", "row": 75, "column": 156, "tagName": "meta", "time": 11519.655212, "url": "", "pos": 1, "chunkLen": 1, "isStartTag": 1}}
06-28 11:47:36.365 27176 27189 E WProf.db: {"WprofHTMLTag": {"code": "0xb4cc7930", "doc": "http://searchengineland.com/searchcap-offline-conversion-imports-adwords-google-business-updates-275341", "row": 76, "column": 140, "tagName": "meta", "time": 11519.655315, "url": "", "pos": 1, "chunkLen": 1, "isStartTag": 1}}
06-28 11:47:36.365 27176 27189 E WProf.db: {"WprofHTMLTag": {"code": "0xb4cc7960", "doc": "http://searchengineland.com/searchcap-offline-conversion-imports-adwords-google-business-updates-275341", "row": 77, "column": 61, "tagName": "meta", "time": 11519.655421, "url": "", "pos": 1, "chunkLen": 1, "isStartTag": 1}}
06-28 11:47:36.366 27176 27189 E WProf.db: {"WprofHTMLTag": {"code": "0xb4cc7990", "doc": "http://searchengineland.com/searchcap-offline-conversion-imports-adwords-google-business-updates-275341", "row": 78, "column": 89, "tagName": "meta", "time": 11519.655524, "url": "", "pos": 1, "chunkLen": 1, "isStartTag": 1}}
06-28 11:47:36.366 27176 27189 E WProf.db: {"WprofHTMLTag": {"code": "0xb4cc79c0", "doc": "http://searchengineland.com/searchcap-offline-conversion-imports-adwords-google-business-updates-275341", "row": 79, "column": 63, "tagName": "meta", "time": 11519.655624, "url": "", "pos": 1, "chunkLen": 1, "isStartTag": 1}}
06-28 11:47:36.366 27176 27189 E WProf.db: {"WprofHTMLTag": {"code": "0xb4cc79f0", "doc": "http://searchengineland.com/searchcap-offline-conversion-imports-adwords-google-business-updates-275341", "row": 80, "column": 78, "tagName": "meta", "time": 11519.655746, "url": "", "pos": 1, "chunkLen": 1, "isStartTag": 1}}
06-28 11:47:36.366 27176 27189 E WProf.db: {"WprofHTMLTag": {"code": "0xb4cc7a20", "doc": "http://searchengineland.com/searchcap-offline-conversion-imports-adwords-google-business-updates-275341", "row": 81, "column": 77, "tagName": "meta", "time": 11519.655853, "url": "", "pos": 1, "chunkLen": 1, "isStartTag": 1}}
06-28 11:47:36.366 27176 27189 E WProf.db: {"WprofHTMLTag": {"code": "0xb4cc7a50", "doc": "http://searchengineland.com/searchcap-offline-conversion-imports-adwords-google-business-updates-275341", "row": 82, "column": 71, "tagName": "meta", "time": 11519.655960, "url": "", "pos": 1, "chunkLen": 1, "isStartTag": 1}}
06-28 11:47:36.366 27176 27189 E WProf.db: {"WprofHTMLTag": {"code": "0xb4cc7a80", "doc": "http://searchengineland.com/searchcap-offline-conversion-imports-adwords-google-business-updates-275341", "row": 83, "column": 127, "tagName": "meta", "time": 11519.656070, "url": "", "pos": 1, "chunkLen": 1, "isStartTag": 1}}
06-28 11:47:36.366 27176 27189 E WProf.db: {"WprofHTMLTag": {"code": "0xb4cc7ab0", "doc": "http://searchengineland.com/searchcap-offline-conversion-imports-adwords-google-business-updates-275341", "row": 84, "column": 49, "tagName": "meta", "time": 11519.656177, "url": "", "pos": 1, "chunkLen": 1, "isStartTag": 1}}
06-28 11:47:36.366 27176 27189 E WProf.db: {"WprofHTMLTag": {"code": "0xb4cc7ae0", "doc": "http://searchengineland.com/searchcap-offline-conversion-imports-adwords-google-business-updates-275341", "row": 85, "column": 50, "tagName": "meta", "time": 11519.656291, "url": "", "pos": 1, "chunkLen": 1, "isStartTag": 1}}
06-28 11:47:36.366 27176 27189 E WProf.db: {"WprofHTMLTag": {"code": "0xb4cc7b10", "doc": "http://searchengineland.com/searchcap-offline-conversion-imports-adwords-google-business-updates-275341", "row": 86, "column": 58, "tagName": "meta", "time": 11519.656401, "url": "", "pos": 1, "chunkLen": 1, "isStartTag": 1}}
06-28 11:47:36.367 27176 27189 E WProf.db: {"WprofHTMLTag": {"code": "0xb4cc7b40", "doc": "http://searchengineland.com/searchcap-offline-conversion-imports-adwords-google-business-updates-275341", "row": 87, "column": 157, "tagName": "meta", "time": 11519.656509, "url": "", "pos": 1, "chunkLen": 1, "isStartTag": 1}}
06-28 11:47:36.367 27176 27189 E WProf.db: {"WprofHTMLTag": {"code": "0xb4cc7b70", "doc": "http://searchengineland.com/searchcap-offline-conversion-imports-adwords-google-business-updates-275341", "row": 88, "column": 128, "tagName": "meta", "time": 11519.656620, "url": "", "pos": 1, "chunkLen": 1, "isStartTag": 1}}
06-28 11:47:36.367 27176 27189 E WProf.db: {"WprofHTMLTag": {"code": "0xb4cc7ba0", "doc": "http://searchengineland.com/searchcap-offline-conversion-imports-adwords-google-business-updates-275341", "row": 89, "column": 51, "tagName": "meta", "time": 11519.656729, "url": "", "pos": 1, "chunkLen": 1, "isStartTag": 1}}
06-28 11:47:36.367 27176 27189 E WProf.db: {"WprofHTMLTag": {"code": "0xb4cc7bd0", "doc": "http://searchengineland.com/searchcap-offline-conversion-imports-adwords-google-business-updates-275341", "row": 90, "column": 128, "tagName": "meta", "time": 11519.656839, "url": "", "pos": 1, "chunkLen": 1, "isStartTag": 1}}
06-28 11:47:36.367 27176 27189 E WProf.db: {"WprofHTMLTag": {"code": "0xb4cc7c00", "doc": "http://searchengineland.com/searchcap-offline-conversion-imports-adwords-google-business-updates-275341", "row": 91, "column": 55, "tagName": "meta", "time": 11519.656944, "url": "", "pos": 1, "chunkLen": 1, "isStartTag": 1}}
06-28 11:47:36.367 27176 27189 E WProf.db: {"WprofHTMLTag": {"code": "0xb4cc7c30", "doc": "http://searchengineland.com/searchcap-offline-conversion-imports-adwords-google-business-updates-275341", "row": 94, "column": 44, "tagName": "link", "time": 11519.657060, "url": "http://s.w.org/", "pos": 1, "chunkLen": 1, "isStartTag": 1}}
06-28 11:47:36.367 27176 27189 E WProf.db: {"WprofHTMLTag": {"code": "0xb4cc7c60", "doc": "http://searchengineland.com/searchcap-offline-conversion-imports-adwords-google-business-updates-275341", "row": 95, "column": 33, "tagName": "script", "time": 11519.657280, "url": "", "pos": 1, "chunkLen": 1, "isStartTag": 1}}
06-28 11:47:36.367 27176 27189 E WProf.db: {"WprofHTMLTag": {"code": "0xb4cc7c90", "doc": "http://searchengineland.com/searchcap-offline-conversion-imports-adwords-google-business-updates-275341", "row": 98, "column": 11, "tagName": "script", "time": 11519.657474, "url": "http://searchengineland.com/figz/wp-includes/js/wp-emoji-release.min.js?ver=4.7.5", "pos": 1, "chunkLen": 1, "isStartTag": 0}}
06-28 11:47:36.367 27176 27189 E WProf.db: {"WprofHTMLTag": {"code": "0x9d164900", "doc": "http://searchengineland.com/searchcap-offline-conversion-imports-adwords-google-business-updates-275341", "row": 99, "column": 25, "tagName": "style", "time": 11520.254996, "url": "", "pos": 1, "chunkLen": 1, "isStartTag": 1}}
06-28 11:47:36.367 27176 27189 E WProf.db: {"WprofHTMLTag": {"code": "0x9d164930", "doc": "http://searchengineland.com/searchcap-offline-conversion-imports-adwords-google-business-updates-275341", "row": 112, "column": 8, "tagName": "style", "time": 11520.255178, "url": "", "pos": 1, "chunkLen": 1, "isStartTag": 0}}
06-28 11:47:36.368 27176 27189 E WProf.db: {"WprofHTMLTag": {"code": "0x9d164960", "doc": "http://searchengineland.com/searchcap-offline-conversion-imports-adwords-google-business-updates-275341", "row": 113, "column": 140, "tagName": "script", "time": 11520.256764, "url": "http://searchengineland.com/figz/wp-content/themes/searchengineland/js/lib/modernizr.custom.js?ver=1.0", "pos": 1, "chunkLen": 1, "isStartTag": 1}}
06-28 11:47:36.368 27176 27189 E WProf.db: {"WprofHTMLTag": {"code": "0x9d164990", "doc": "http://searchengineland.com/searchcap-offline-conversion-imports-adwords-google-business-updates-275341", "row": 113, "column": 149, "tagName": "script", "time": 11520.257032, "url": "", "pos": 1, "chunkLen": 1, "isStartTag": 0}}
06-28 11:47:36.368 27176 27189 E WProf.db: {"WprofHTMLTag": {"code": "0x9d164a20", "doc": "http://searchengineland.com/searchcap-offline-conversion-imports-adwords-google-business-updates-275341", "row": 114, "column": 144, "tagName": "script", "time": 11520.263860, "url": "http://searchengineland.com/figz/wp-content/themes/searchengineland/js/lib/jquery-1.11.0.min.js?ver=1.11.0", "pos": 1, "chunkLen": 1, "isStartTag": 1}}
06-28 11:47:36.368 27176 27189 E WProf.db: {"WprofHTMLTag": {"code": "0x9d164a50", "doc": "http://searchengineland.com/searchcap-offline-conversion-imports-adwords-google-business-updates-275341", "row": 114, "column": 153, "tagName": "script", "time": 11520.264122, "url": "", "pos": 1, "chunkLen": 1, "isStartTag": 0}}
06-28 11:47:36.368 27176 27189 E WProf.db: {"WprofHTMLTag": {"code": "0xaedd8e40", "doc": "http://searchengineland.com/searchcap-offline-conversion-imports-adwords-google-business-updates-275341", "row": 0, "column": 15, "tagName": "div", "time": 11520.326696, "url": "", "pos": 15, "chunkLen": 44, "isStartTag": 1}}
06-28 11:47:36.368 27176 27189 E WProf.db: {"WprofHTMLTag": {"code": "0xaedd8e10", "doc": "http://searchengineland.com/searchcap-offline-conversion-imports-adwords-google-business-updates-275341", "row": 0, "column": 21, "tagName": "div", "time": 11520.326838, "url": "", "pos": 21, "chunkLen": 44, "isStartTag": 0}}
06-28 11:47:36.368 27176 27189 E WProf.db: {"WprofHTMLTag": {"code": "0xaedd8b40", "doc": "http://searchengineland.com/searchcap-offline-conversion-imports-adwords-google-business-updates-275341", "row": 0, "column": 38, "tagName": "div", "time": 11520.326899, "url": "", "pos": 38, "chunkLen": 44, "isStartTag": 1}}
06-28 11:47:36.368 27176 27189 E WProf.db: {"WprofHTMLTag": {"code": "0xaedd8de0", "doc": "http://searchengineland.com/searchcap-offline-conversion-imports-adwords-google-business-updates-275341", "row": 0, "column": 44, "tagName": "div", "time": 11520.327008, "url": "", "pos": 44, "chunkLen": 44, "isStartTag": 0}}
06-28 11:47:36.368 27176 27189 E WProf.db: {"WprofHTMLTag": {"code": "0xaedd8db0", "doc": "http://searchengineland.com/searchcap-offline-conversion-imports-adwords-google-business-updates-275341", "row": 0, "column": 13, "tagName": "select", "time": 11520.328435, "url": "", "pos": 13, "chunkLen": 51, "isStartTag": 1}}
06-28 11:47:36.368 27176 27189 E WProf.db: {"WprofHTMLTag": {"code": "0xaedd8d80", "doc": "http://searchengineland.com/searchcap-offline-conversion-imports-adwords-google-business-updates-275341", "row": 0, "column": 33, "tagName": "option", "time": 11520.328619, "url": "", "pos": 33, "chunkLen": 51, "isStartTag": 1}}
06-28 11:47:36.368 27176 27189 E WProf.db: {"WprofHTMLTag": {"code": "0xaedd8d50", "doc": "http://searchengineland.com/searchcap-offline-conversion-imports-adwords-google-business-updates-275341", "row": 0, "column": 42, "tagName": "option", "time": 11520.328817, "url": "", "pos": 42, "chunkLen": 51, "isStartTag": 0}}
06-28 11:47:36.369 27176 27189 E WProf.db: {"WprofHTMLTag": {"code": "0x9d164ab0", "doc": "http://searchengineland.com/searchcap-offline-conversion-imports-adwords-google-business-updates-275341", "row": 0, "column": 51, "tagName": "select", "time": 11520.328873, "url": "", "pos": 51, "chunkLen": 51, "isStartTag": 0}}
06-28 11:47:36.369 27176 27189 E WProf.db: {"WprofHTMLTag": {"code": "0x9d164ae0", "doc": "http://searchengineland.com/searchcap-offline-conversion-imports-adwords-google-business-updates-275341", "row": 0, "column": 12, "tagName": "a", "time": 11520.333538, "url": "", "pos": 12, "chunkLen": 16, "isStartTag": 1}}
06-28 11:47:36.369 27176 27189 E WProf.db: {"WprofHTMLTag": {"code": "0x9d164b10", "doc": "http://searchengineland.com/searchcap-offline-conversion-imports-adwords-google-business-updates-275341", "row": 0, "column": 16, "tagName": "a", "time": 11520.333713, "url": "", "pos": 16, "chunkLen": 16, "isStartTag": 0}}
06-28 11:47:36.369 27176 27189 E WProf.db: {"WprofHTMLTag": {"code": "0x9d164b40", "doc": "http://searchengineland.com/searchcap-offline-conversion-imports-adwords-google-business-updates-275341", "row": 0, "column": 8, "tagName": "input", "time": 11520.345482, "url": "", "pos": 8, "chunkLen": 8, "isStartTag": 1}}
06-28 11:47:36.369 27176 27189 E WProf.db: {"WprofHTMLTag": {"code": "0x9d164b70", "doc": "http://searchengineland.com/searchcap-offline-conversion-imports-adwords-google-business-updates-275341", "row": 0, "column": 9, "tagName": "link", "time": 11520.370115, "url": "", "pos": 9, "chunkLen": 42, "isStartTag": 1}}
06-28 11:47:36.369 27176 27189 E WProf.db: {"WprofHTMLTag": {"code": "0x9d164ba0", "doc": "http://searchengineland.com/searchcap-offline-conversion-imports-adwords-google-business-updates-275341", "row": 0, "column": 16, "tagName": "table", "time": 11520.370265, "url": "", "pos": 16, "chunkLen": 42, "isStartTag": 1}}
06-28 11:47:36.370 27176 27189 E WProf.db: {"WprofHTMLTag": {"code": "0x9d164bd0", "doc": "http://searchengineland.com/searchcap-offline-conversion-imports-adwords-google-business-updates-275341", "row": 0, "column": 24, "tagName": "table", "time": 11520.370414, "url": "", "pos": 24, "chunkLen": 42, "isStartTag": 0}}
06-28 11:47:36.370 27176 27189 E WProf.db: {"WprofHTMLTag": {"code": "0x9d164c00", "doc": "http://searchengineland.com/searchcap-offline-conversion-imports-adwords-google-business-updates-275341", "row": 0, "column": 37, "tagName": "a", "time": 11520.370501, "url": "", "pos": 37, "chunkLen": 42, "isStartTag": 1}}
06-28 11:47:36.370 27176 27189 E WProf.db: {"WprofHTMLTag": {"code": "0x9d164c30", "doc": "http://searchengineland.com/searchcap-offline-conversion-imports-adwords-google-business-updates-275341", "row": 0, "column": 42, "tagName": "a", "time": 11520.370731, "url": "", "pos": 42, "chunkLen": 42, "isStartTag": 0}}
06-28 11:47:36.370 27176 27189 E WProf.db: {"WprofHTMLTag": {"code": "0x9d164cc0", "doc": "http://searchengineland.com/searchcap-offline-conversion-imports-adwords-google-business-updates-275341", "row": 0, "column": 10, "tagName": "textarea", "time": 11520.372222, "url": "", "pos": 10, "chunkLen": 22, "isStartTag": 1}}
06-28 11:47:36.370 27176 27189 E WProf.db: {"WprofHTMLTag": {"code": "0x9d164cf0", "doc": "http://searchengineland.com/searchcap-offline-conversion-imports-adwords-google-business-updates-275341", "row": 0, "column": 22, "tagName": "textarea", "time": 11520.372465, "url": "", "pos": 22, "chunkLen": 22, "isStartTag": 0}}
06-28 11:47:36.370 27176 27189 E WProf.db: {"WprofHTMLTag": {"code": "0x9d164d20", "doc": "http://searchengineland.com/searchcap-offline-conversion-imports-adwords-google-business-updates-275341", "row": 0, "column": 48, "tagName": "input", "time": 11520.374000, "url": "", "pos": 48, "chunkLen": 48, "isStartTag": 1}}
06-28 11:47:36.370 27176 27189 E WProf.db: {"WprofHTMLTag": {"code": "0x9d164d80", "doc": "http://searchengineland.com/searchcap-offline-conversion-imports-adwords-google-business-updates-275341", "row": 0, "column": 9, "tagName": "link", "time": 11520.379662, "url": "", "pos": 9, "chunkLen": 66, "isStartTag": 1}}
06-28 11:47:36.370 27176 27189 E WProf.db: {"WprofHTMLTag": {"code": "0x9d164db0", "doc": "http://searchengineland.com/searchcap-offline-conversion-imports-adwords-google-business-updates-275341", "row": 0, "column": 16, "tagName": "table", "time": 11520.379804, "url": "", "pos": 16, "chunkLen": 66, "isStartTag": 1}}
06-28 11:47:36.370 27176 27189 E WProf.db: {"WprofHTMLTag": {"code": "0x9d164de0", "doc": "http://searchengineland.com/searchcap-offline-conversion-imports-adwords-google-business-updates-275341", "row": 0, "column": 24, "tagName": "table", "time": 11520.379896, "url": "", "pos": 24, "chunkLen": 66, "isStartTag": 0}}
06-28 11:47:36.370 27176 27189 E WProf.db: {"WprofHTMLTag": {"code": "0x9d164e10", "doc": "http://searchengineland.com/searchcap-offline-conversion-imports-adwords-google-business-updates-275341", "row": 0, "column": 37, "tagName": "a", "time": 11520.379985, "url": "", "pos": 37, "chunkLen": 66, "isStartTag": 1}}
06-28 11:47:36.371 27176 27189 E WProf.db: {"WprofHTMLTag": {"code": "0x9d164e40", "doc": "http://searchengineland.com/searchcap-offline-conversion-imports-adwords-google-business-updates-275341", "row": 0, "column": 42, "tagName": "a", "time": 11520.380257, "url": "", "pos": 42, "chunkLen": 66, "isStartTag": 0}}
06-28 11:47:36.371 27176 27189 E WProf.db: {"WprofHTMLTag": {"code": "0x9d164e70", "doc": "http://searchengineland.com/searchcap-offline-conversion-imports-adwords-google-business-updates-275341", "row": 0, "column": 66, "tagName": "input", "time": 11520.380341, "url": "", "pos": 66, "chunkLen": 66, "isStartTag": 1}}
06-28 11:47:36.371 27176 27189 E WProf.db: {"WprofHTMLTag": {"code": "0x9d164f00", "doc": "http://searchengineland.com/searchcap-offline-conversion-imports-adwords-google-business-updates-275341", "row": 0, "column": 9, "tagName": "link", "time": 11520.382628, "url": "", "pos": 9, "chunkLen": 66, "isStartTag": 1}}
06-28 11:47:36.372 27176 27189 E WProf.db: {"WprofHTMLTag": {"code": "0x9d164f30", "doc": "http://searchengineland.com/searchcap-offline-conversion-imports-adwords-google-business-updates-275341", "row": 0, "column": 16, "tagName": "table", "time": 11520.382778, "url": "", "pos": 16, "chunkLen": 66, "isStartTag": 1}}
