06-28 13:49:22.255  5981  6028 E chromium: [ERROR:gles2_cmd_decoder.cc(3852)] [.ChromiumCompositor-0xacbb34c0]GL ERROR :GL_INVALID_ENUM : glDiscardFramebufferEXT: attachments was GL_COLOR_EXT
06-28 13:49:22.268  5981  6028 E chromium: [ERROR:gles2_cmd_decoder.cc(3852)] [.ChromiumCompositor-0xacbb34c0]GL ERROR :GL_INVALID_ENUM : glDiscardFramebufferEXT: attachments was GL_COLOR_EXT
06-28 13:49:22.284  5981  6028 E chromium: [ERROR:gles2_cmd_decoder.cc(3852)] [.ChromiumCompositor-0xacbb34c0]GL ERROR :GL_INVALID_ENUM : glDiscardFramebufferEXT: attachments was GL_COLOR_EXT
06-28 13:49:22.304  5981  6028 E chromium: [ERROR:gles2_cmd_decoder.cc(3852)] [.ChromiumCompositor-0xacbb34c0]GL ERROR :GL_INVALID_ENUM : glDiscardFramebufferEXT: attachments was GL_COLOR_EXT
06-28 13:49:22.321  5981  6028 E chromium: [ERROR:gles2_cmd_decoder.cc(3852)] [.ChromiumCompositor-0xacbb34c0]GL ERROR :GL_INVALID_ENUM : glDiscardFramebufferEXT: attachments was GL_COLOR_EXT
06-28 13:49:22.337  5981  6028 E chromium: [ERROR:gles2_cmd_decoder.cc(3852)] [.ChromiumCompositor-0xacbb34c0]GL ERROR :GL_INVALID_ENUM : glDiscardFramebufferEXT: attachments was GL_COLOR_EXT
06-28 13:49:22.354  5981  6028 E chromium: [ERROR:gles2_cmd_decoder.cc(3852)] [.ChromiumCompositor-0xacbb34c0]GL ERROR :GL_INVALID_ENUM : glDiscardFramebufferEXT: attachments was GL_COLOR_EXT
06-28 13:49:22.363  6049  6061 E WPROF   : {"Javascript": {"url": "https://securepubads.g.doubleclick.net/static/glade.js", "requestTime": 18839.418290}}
06-28 13:49:22.372  5981  6028 E chromium: [ERROR:gles2_cmd_decoder.cc(3852)] [.ChromiumCompositor-0xacbb34c0]GL ERROR :GL_INVALID_ENUM : glDiscardFramebufferEXT: attachments was GL_COLOR_EXT
06-28 13:49:22.393  5981  6028 E chromium: [ERROR:gles2_cmd_decoder.cc(3852)] [.ChromiumCompositor-0xacbb34c0]GL ERROR :GL_INVALID_ENUM : glDiscardFramebufferEXT: attachments was GL_COLOR_EXT
06-28 13:49:22.449  5981  6028 E chromium: [ERROR:gles2_cmd_decoder.cc(3852)] [.ChromiumCompositor-0xacbb34c0]GL ERROR :GL_INVALID_ENUM : glDiscardFramebufferEXT: attachments was GL_COLOR_EXT
06-28 13:49:22.457  5981  6028 E chromium: [ERROR:gles2_cmd_decoder.cc(3852)] [.ChromiumCompositor-0xacbb34c0]GL ERROR :GL_INVALID_ENUM : glDiscardFramebufferEXT: attachments was GL_COLOR_EXT
06-28 13:49:22.464  5981  6028 E chromium: [ERROR:gles2_cmd_decoder.cc(3852)] [.ChromiumCompositor-0xacbb34c0]GL ERROR :GL_INVALID_ENUM : glDiscardFramebufferEXT: attachments was GL_COLOR_EXT
06-28 13:49:22.473  5981  6028 E chromium: [ERROR:gles2_cmd_decoder.cc(3852)] [.ChromiumCompositor-0xacbb34c0]GL ERROR :GL_INVALID_ENUM : glDiscardFramebufferEXT: attachments was GL_COLOR_EXT
06-28 13:49:22.486  5981  6028 E chromium: [ERROR:gles2_cmd_decoder.cc(3852)] [.ChromiumCompositor-0xacbb34c0]GL ERROR :GL_INVALID_ENUM : glDiscardFramebufferEXT: attachments was GL_COLOR_EXT
06-28 13:49:22.503  5981  6028 E chromium: [ERROR:gles2_cmd_decoder.cc(3852)] [.ChromiumCompositor-0xacbb34c0]GL ERROR :GL_INVALID_ENUM : glDiscardFramebufferEXT: attachments was GL_COLOR_EXT
06-28 13:49:22.524  5981  6028 E chromium: [ERROR:gles2_cmd_decoder.cc(3852)] [.ChromiumCompositor-0xacbb34c0]GL ERROR :GL_INVALID_ENUM : glDiscardFramebufferEXT: attachments was GL_COLOR_EXT
06-28 13:49:22.548  5981  6028 E chromium: [ERROR:gles2_cmd_decoder.cc(3852)] [.ChromiumCompositor-0xacbb34c0]GL ERROR :GL_INVALID_ENUM : glDiscardFramebufferEXT: attachments was GL_COLOR_EXT
06-28 13:49:22.560  5981  6028 E chromium: [ERROR:gles2_cmd_decoder.cc(3852)] [.ChromiumCompositor-0xacbb34c0]GL ERROR :GL_INVALID_ENUM : glDiscardFramebufferEXT: attachments was GL_COLOR_EXT
06-28 13:49:22.575  5981  6028 E chromium: [ERROR:gles2_cmd_decoder.cc(3852)] [.ChromiumCompositor-0xacbb34c0]GL ERROR :GL_INVALID_ENUM : glDiscardFramebufferEXT: attachments was GL_COLOR_EXT
06-28 13:49:22.591  5981  6028 E chromium: [ERROR:gles2_cmd_decoder.cc(3852)] [.ChromiumCompositor-0xacbb34c0]GL ERROR :GL_INVALID_ENUM : glDiscardFramebufferEXT: attachments was GL_COLOR_EXT
06-28 13:49:22.604  5981  6028 E chromium: [ERROR:gles2_cmd_decoder.cc(3852)] [.ChromiumCompositor-0xacbb34c0]GL ERROR :GL_INVALID_ENUM : glDiscardFramebufferEXT: attachments was GL_COLOR_EXT
06-28 13:49:22.620  5981  6028 E chromium: [ERROR:gles2_cmd_decoder.cc(3852)] [.ChromiumCompositor-0xacbb34c0]GL ERROR :GL_INVALID_ENUM : glDiscardFramebufferEXT: attachments was GL_COLOR_EXT
06-28 13:49:22.636  5981  6028 E chromium: [ERROR:gles2_cmd_decoder.cc(3852)] [.ChromiumCompositor-0xacbb34c0]GL ERROR :GL_INVALID_ENUM : glDiscardFramebufferEXT: attachments was GL_COLOR_EXT
06-28 13:49:22.652  5981  6028 E chromium: [ERROR:gles2_cmd_decoder.cc(3852)] [.ChromiumCompositor-0xacbb34c0]GL ERROR :GL_INVALID_ENUM : glDiscardFramebufferEXT: attachments was GL_COLOR_EXT
06-28 13:49:22.670  5981  6028 E chromium: [ERROR:gles2_cmd_decoder.cc(3852)] [.ChromiumCompositor-0xacbb34c0]GL ERROR :GL_INVALID_ENUM : glDiscardFramebufferEXT: attachments was GL_COLOR_EXT
06-28 13:49:22.689  5981  6028 E chromium: [ERROR:gles2_cmd_decoder.cc(3852)] [.ChromiumCompositor-0xacbb34c0]GL ERROR :GL_INVALID_ENUM : glDiscardFramebufferEXT: attachments was GL_COLOR_EXT
06-28 13:49:22.704  5981  6028 E chromium: [ERROR:gles2_cmd_decoder.cc(3852)] [.ChromiumCompositor-0xacbb34c0]GL ERROR :GL_INVALID_ENUM : glDiscardFramebufferEXT: attachments was GL_COLOR_EXT
06-28 13:49:22.725  5981  6028 E chromium: [ERROR:gles2_cmd_decoder.cc(3852)] [.ChromiumCompositor-0xacbb34c0]GL ERROR :GL_INVALID_ENUM : glDiscardFramebufferEXT: attachments was GL_COLOR_EXT
06-28 13:49:22.747  5981  6028 E chromium: [ERROR:gles2_cmd_decoder.cc(3852)] [.ChromiumCompositor-0xacbb34c0]GL ERROR :GL_INVALID_ENUM : glDiscardFramebufferEXT: attachments was GL_COLOR_EXT
06-28 13:49:22.763  5981  6028 E chromium: [ERROR:gles2_cmd_decoder.cc(3852)] [.ChromiumCompositor-0xacbb34c0]GL ERROR :GL_INVALID_ENUM : glDiscardFramebufferEXT: attachments was GL_COLOR_EXT
06-28 13:49:22.780  5981  6028 E chromium: [ERROR:gles2_cmd_decoder.cc(3852)] [.ChromiumCompositor-0xacbb34c0]GL ERROR :GL_INVALID_ENUM : glDiscardFramebufferEXT: attachments was GL_COLOR_EXT
06-28 13:49:22.795  5981  6028 E chromium: [ERROR:gles2_cmd_decoder.cc(3852)] [.ChromiumCompositor-0xacbb34c0]GL ERROR :GL_INVALID_ENUM : glDiscardFramebufferEXT: attachments was GL_COLOR_EXT
06-28 13:49:22.823  5981  6028 E chromium: [ERROR:gles2_cmd_decoder.cc(3852)] [.ChromiumCompositor-0xacbb34c0]GL ERROR :GL_INVALID_ENUM : glDiscardFramebufferEXT: attachments was GL_COLOR_EXT
06-28 13:49:22.839  5981  6028 E chromium: [ERROR:gles2_cmd_decoder.cc(3852)] [.ChromiumCompositor-0xacbb34c0]GL ERROR :GL_INVALID_ENUM : glDiscardFramebufferEXT: attachments was GL_COLOR_EXT
06-28 13:49:22.856  5981  6028 E chromium: [ERROR:gles2_cmd_decoder.cc(3852)] [.ChromiumCompositor-0xacbb34c0]GL ERROR :GL_INVALID_ENUM : glDiscardFramebufferEXT: attachments was GL_COLOR_EXT
06-28 13:49:22.873  5981  6028 E chromium: [ERROR:gles2_cmd_decoder.cc(3852)] [.ChromiumCompositor-0xacbb34c0]GL ERROR :GL_INVALID_ENUM : glDiscardFramebufferEXT: attachments was GL_COLOR_EXT
06-28 13:49:22.888  6049  6061 E WPROF   : {"Javascript": {"url": "https://securepubads.g.doubleclick.net/static/glade/extra_25.js", "requestTime": 18839.943865}}
06-28 13:49:22.891  5981  6028 E chromium: [ERROR:gles2_cmd_decoder.cc(3852)] [.ChromiumCompositor-0xacbb34c0]GL ERROR :GL_INVALID_ENUM : glDiscardFramebufferEXT: attachments was GL_COLOR_EXT
06-28 13:49:22.904  5981  6028 E chromium: [ERROR:gles2_cmd_decoder.cc(3852)] [.ChromiumCompositor-0xacbb34c0]GL ERROR :GL_INVALID_ENUM : glDiscardFramebufferEXT: attachments was GL_COLOR_EXT
06-28 13:49:22.940  5981  6028 E chromium: [ERROR:gles2_cmd_decoder.cc(3852)] [.ChromiumCompositor-0xacbb34c0]GL ERROR :GL_INVALID_ENUM : glDiscardFramebufferEXT: attachments was GL_COLOR_EXT
06-28 13:49:22.954  5981  6028 E chromium: [ERROR:gles2_cmd_decoder.cc(3852)] [.ChromiumCompositor-0xacbb34c0]GL ERROR :GL_INVALID_ENUM : glDiscardFramebufferEXT: attachments was GL_COLOR_EXT
06-28 13:49:22.957  5981  6028 E chromium: [ERROR:gles2_cmd_decoder.cc(3852)] [.ChromiumCompositor-0xacbb34c0]GL ERROR :GL_INVALID_ENUM : glDiscardFramebufferEXT: attachments was GL_COLOR_EXT
06-28 13:49:22.970  5981  6028 E chromium: [ERROR:gles2_cmd_decoder.cc(3852)] [.ChromiumCompositor-0xacbb34c0]GL ERROR :GL_INVALID_ENUM : glDiscardFramebufferEXT: attachments was GL_COLOR_EXT
06-28 13:49:22.988  5981  6028 E chromium: [ERROR:gles2_cmd_decoder.cc(3852)] [.ChromiumCompositor-0xacbb34c0]GL ERROR :GL_INVALID_ENUM : glDiscardFramebufferEXT: attachments was GL_COLOR_EXT
06-28 13:49:23.006  5981  6028 E chromium: [ERROR:gles2_cmd_decoder.cc(3852)] [.ChromiumCompositor-0xacbb34c0]GL ERROR :GL_INVALID_ENUM : glDiscardFramebufferEXT: attachments was GL_COLOR_EXT
06-28 13:49:23.021  5981  6028 E chromium: [ERROR:gles2_cmd_decoder.cc(3852)] [.ChromiumCompositor-0xacbb34c0]GL ERROR :GL_INVALID_ENUM : glDiscardFramebufferEXT: attachments was GL_COLOR_EXT
06-28 13:49:23.043  5981  6028 E chromium: [ERROR:gles2_cmd_decoder.cc(3852)] [.ChromiumCompositor-0xacbb34c0]GL ERROR :GL_INVALID_ENUM : glDiscardFramebufferEXT: attachments was GL_COLOR_EXT
06-28 13:49:23.057  5981  6028 E chromium: [ERROR:gles2_cmd_decoder.cc(3852)] [.ChromiumCompositor-0xacbb34c0]GL ERROR :GL_INVALID_ENUM : glDiscardFramebufferEXT: attachments was GL_COLOR_EXT
06-28 13:49:23.097  6049  6061 E WPROF   : {"Javascript": {"url": "https://tpc.googlesyndication.com/pagead/js/r20170619/r20110914/client/ext/m_window_focus_non_hydra.js", "requestTime": 18840.152261}}
06-28 13:49:23.099  5981  6028 E chromium: [ERROR:gles2_cmd_decoder.cc(3852)] [.ChromiumCompositor-0xacbb34c0]GL ERROR :GL_INVALID_ENUM : glDiscardFramebufferEXT: attachments was GL_COLOR_EXT
06-28 13:49:23.103  6049  6061 E WPROF   : {"Javascript": {"url": "https://tpc.googlesyndication.com/pagead/js/r20170619/r20110914/activeview/osd_listener.js", "requestTime": 18840.158964}}
06-28 13:49:23.118  5981  6028 E chromium: [ERROR:gles2_cmd_decoder.cc(3852)] [.ChromiumCompositor-0xacbb34c0]GL ERROR :GL_INVALID_ENUM : glDiscardFramebufferEXT: attachments was GL_COLOR_EXT
06-28 13:49:23.121  5981  6028 E chromium: [ERROR:gles2_cmd_decoder.cc(3852)] [.ChromiumCompositor-0xacbb34c0]GL ERROR :GL_INVALID_ENUM : glDiscardFramebufferEXT: attachments was GL_COLOR_EXT
06-28 13:49:23.128  5981  6028 E chromium: [ERROR:gles2_cmd_decoder.cc(3852)] [.ChromiumCompositor-0xacbb34c0]GL ERROR :GL_INVALID_ENUM : glDiscardFramebufferEXT: attachments was GL_COLOR_EXT
06-28 13:49:23.144  5981  6028 E chromium: [ERROR:gles2_cmd_decoder.cc(3852)] [.ChromiumCompositor-0xacbb34c0]GL ERROR :GL_INVALID_ENUM : glDiscardFramebufferEXT: attachments was GL_COLOR_EXT
06-28 13:49:23.154  6049  6061 E WPROF   : {"Javascript": {"url": "https://pagead2.googlesyndication.com/pagead/osd.js", "requestTime": 18840.209866}}
06-28 13:49:23.159  5981  6028 E chromium: [ERROR:gles2_cmd_decoder.cc(3852)] [.ChromiumCompositor-0xacbb34c0]GL ERROR :GL_INVALID_ENUM : glDiscardFramebufferEXT: attachments was GL_COLOR_EXT
06-28 13:49:23.180  5981  6028 E chromium: [ERROR:gles2_cmd_decoder.cc(3852)] [.ChromiumCompositor-0xacbb34c0]GL ERROR :GL_INVALID_ENUM : glDiscardFramebufferEXT: attachments was GL_COLOR_EXT
06-28 13:49:23.190  5981  6028 E chromium: [ERROR:gles2_cmd_decoder.cc(3852)] [.ChromiumCompositor-0xacbb34c0]GL ERROR :GL_INVALID_ENUM : glDiscardFramebufferEXT: attachments was GL_COLOR_EXT
06-28 13:49:23.206  5981  6028 E chromium: [ERROR:gles2_cmd_decoder.cc(3852)] [.ChromiumCompositor-0xacbb34c0]GL ERROR :GL_INVALID_ENUM : glDiscardFramebufferEXT: attachments was GL_COLOR_EXT
06-28 13:49:23.223  5981  6028 E chromium: [ERROR:gles2_cmd_decoder.cc(3852)] [.ChromiumCompositor-0xacbb34c0]GL ERROR :GL_INVALID_ENUM : glDiscardFramebufferEXT: attachments was GL_COLOR_EXT
06-28 13:49:23.257  5981  6028 E chromium: [ERROR:gles2_cmd_decoder.cc(3852)] [.ChromiumCompositor-0xacbb34c0]GL ERROR :GL_INVALID_ENUM : glDiscardFramebufferEXT: attachments was GL_COLOR_EXT
06-28 13:49:23.294  5981  6028 E chromium: [ERROR:gles2_cmd_decoder.cc(3852)] [.ChromiumCompositor-0xacbb34c0]GL ERROR :GL_INVALID_ENUM : glDiscardFramebufferEXT: attachments was GL_COLOR_EXT
06-28 13:49:23.333  5981  6028 E chromium: [ERROR:gles2_cmd_decoder.cc(3852)] [.ChromiumCompositor-0xacbb34c0]GL ERROR :GL_INVALID_ENUM : glDiscardFramebufferEXT: attachments was GL_COLOR_EXT
06-28 13:49:23.348  5981  6028 E chromium: [ERROR:gles2_cmd_decoder.cc(3852)] [.ChromiumCompositor-0xacbb34c0]GL ERROR :GL_INVALID_ENUM : glDiscardFramebufferEXT: attachments was GL_COLOR_EXT
06-28 13:49:23.373  5981  6028 E chromium: [ERROR:gles2_cmd_decoder.cc(3852)] [.ChromiumCompositor-0xacbb34c0]GL ERROR :GL_INVALID_ENUM : glDiscardFramebufferEXT: attachments was GL_COLOR_EXT
06-28 13:49:23.379  5981  6028 E chromium: [ERROR:gles2_cmd_decoder.cc(3852)] [.ChromiumCompositor-0xacbb34c0]GL ERROR :GL_INVALID_ENUM : glDiscardFramebufferEXT: attachments was GL_COLOR_EXT
06-28 13:49:23.400  5981  6028 E chromium: [ERROR:gles2_cmd_decoder.cc(3852)] [.ChromiumCompositor-0xacbb34c0]GL ERROR :GL_INVALID_ENUM : glDiscardFramebufferEXT: attachments was GL_COLOR_EXT
06-28 13:49:23.415  5981  6028 E chromium: [ERROR:gles2_cmd_decoder.cc(3852)] [.ChromiumCompositor-0xacbb34c0]GL ERROR :GL_INVALID_ENUM : glDiscardFramebufferEXT: attachments was GL_COLOR_EXT
06-28 13:49:23.440  5981  6028 E chromium: [ERROR:gles2_cmd_decoder.cc(3852)] [.ChromiumCompositor-0xacbb34c0]GL ERROR :GL_INVALID_ENUM : glDiscardFramebufferEXT: attachments was GL_COLOR_EXT
06-28 13:49:23.447  5981  6028 E chromium: [ERROR:gles2_cmd_decoder.cc(3852)] [.ChromiumCompositor-0xacbb34c0]GL ERROR :GL_INVALID_ENUM : glDiscardFramebufferEXT: attachments was GL_COLOR_EXT
06-28 13:49:23.463  5981  6028 E chromium: [ERROR:gles2_cmd_decoder.cc(3852)] [.ChromiumCompositor-0xacbb34c0]GL ERROR :GL_INVALID_ENUM : glDiscardFramebufferEXT: attachments was GL_COLOR_EXT
06-28 13:49:23.481  5981  6028 E chromium: [ERROR:gles2_cmd_decoder.cc(3852)] [.ChromiumCompositor-0xacbb34c0]GL ERROR :GL_INVALID_ENUM : glDiscardFramebufferEXT: attachments was GL_COLOR_EXT
06-28 13:49:23.495  5981  6028 E chromium: [ERROR:gles2_cmd_decoder.cc(3852)] [.ChromiumCompositor-0xacbb34c0]GL ERROR :GL_INVALID_ENUM : glDiscardFramebufferEXT: attachments was GL_COLOR_EXT
06-28 13:49:23.509  5981  6028 E chromium: [ERROR:gles2_cmd_decoder.cc(3852)] [.ChromiumCompositor-0xacbb34c0]GL ERROR :GL_INVALID_ENUM : glDiscardFramebufferEXT: attachments was GL_COLOR_EXT
06-28 13:49:23.526  5981  6028 E chromium: [ERROR:gles2_cmd_decoder.cc(3852)] [.ChromiumCompositor-0xacbb34c0]GL ERROR :GL_INVALID_ENUM : glDiscardFramebufferEXT: attachments was GL_COLOR_EXT
06-28 13:49:23.543  5981  6028 E chromium: [ERROR:gles2_cmd_decoder.cc(3852)] [.ChromiumCompositor-0xacbb34c0]GL ERROR :GL_INVALID_ENUM : glDiscardFramebufferEXT: attachments was GL_COLOR_EXT
06-28 13:49:23.558  5981  6028 E chromium: [ERROR:gles2_cmd_decoder.cc(3852)] [.ChromiumCompositor-0xacbb34c0]GL ERROR :GL_INVALID_ENUM : glDiscardFramebufferEXT: attachments was GL_COLOR_EXT
06-28 13:49:23.575  5981  6028 E chromium: [ERROR:gles2_cmd_decoder.cc(3852)] [.ChromiumCompositor-0xacbb34c0]GL ERROR :GL_INVALID_ENUM : glDiscardFramebufferEXT: attachments was GL_COLOR_EXT
06-28 13:49:23.594  5981  6028 E chromium: [ERROR:gles2_cmd_decoder.cc(3852)] [.ChromiumCompositor-0xacbb34c0]GL ERROR :GL_INVALID_ENUM : glDiscardFramebufferEXT: attachments was GL_COLOR_EXT
06-28 13:49:23.628  5981  6028 E chromium: [ERROR:gles2_cmd_decoder.cc(3852)] [.ChromiumCompositor-0xacbb34c0]GL ERROR :GL_INVALID_ENUM : glDiscardFramebufferEXT: attachments was GL_COLOR_EXT
06-28 13:49:23.644  5981  6028 E chromium: [ERROR:gles2_cmd_decoder.cc(3852)] [.ChromiumCompositor-0xacbb34c0]GL ERROR :GL_INVALID_ENUM : glDiscardFramebufferEXT: attachments was GL_COLOR_EXT
06-28 13:49:23.658  5981  6028 E chromium: [ERROR:gles2_cmd_decoder.cc(3852)] [.ChromiumCompositor-0xacbb34c0]GL ERROR :GL_INVALID_ENUM : glDiscardFramebufferEXT: attachments was GL_COLOR_EXT
06-28 13:49:23.676  5981  6028 E chromium: [ERROR:gles2_cmd_decoder.cc(3852)] [.ChromiumCompositor-0xacbb34c0]GL ERROR :GL_INVALID_ENUM : glDiscardFramebufferEXT: attachments was GL_COLOR_EXT
06-28 13:49:23.693  5981  6028 E chromium: [ERROR:gles2_cmd_decoder.cc(3852)] [.ChromiumCompositor-0xacbb34c0]GL ERROR :GL_INVALID_ENUM : glDiscardFramebufferEXT: attachments was GL_COLOR_EXT
06-28 13:49:23.709  6049  6061 E WProf.db: {"page": "d-42552477903815599871.ampproject.net_1498506512561_frame.html"}
06-28 13:49:23.709  6049  6061 E WProf.db: {"DOMLoad": 18840.764837}
06-28 13:49:23.709  5981  6028 E chromium: [ERROR:gles2_cmd_decoder.cc(3852)] [.ChromiumCompositor-0xacbb34c0]GL ERROR :GL_INVALID_ENUM : glDiscardFramebufferEXT: attachments was GL_COLOR_EXT
06-28 13:49:23.709  6049  6061 E WProf.db: {"Resource": {"id": 31, "url": "https://d-42552477903815599871.ampproject.net/1498506512561/frame.html", "sentTime": -1.000000, "len": 375, "from": "0x0", "mimeType": "text/html", "contentLength": -1, "httpStatus": 200, "connId": 330, "connReused": 0, "cached": 0,"requestTime": 18838.469323, "proxyStart": -1, "proxyEnd": -1, "dnsStart": 0, "dnsEnd": 0, "connectStart": 0, "connectEnd": 258, "sendStart": 258, "sendEnd": 259, "receiveHeadersEnd": 356, "sslStart": 61, "sslEnd": 258}}
06-28 13:49:23.710  6049  6061 E WProf.db: {"ReceivedChunk": {"receivedTime": 18838.829431, "len": 375}}
06-28 13:49:23.710  6049  6061 E WProf.db: {"WprofHTMLTag": {"code": "0x9cbb49a0", "doc": "https://d-42552477903815599871.ampproject.net/1498506512561/frame.html", "row": 1, "column": 6, "tagName": "head", "time": 18838.885216, "url": "", "pos": 1, "chunkLen": 1, "isStartTag": 1}}
06-28 13:49:23.710  6049  6061 E WProf.db: {"WprofHTMLTag": {"code": "0x9cbb3c80", "doc": "https://d-42552477903815599871.ampproject.net/1498506512561/frame.html", "row": 2, "column": 22, "tagName": "meta", "time": 18838.885470, "url": "", "pos": 1, "chunkLen": 1, "isStartTag": 1}}
06-28 13:49:23.710  6049  6061 E WProf.db: {"WprofHTMLTag": {"code": "0x9cbb4a30", "doc": "https://d-42552477903815599871.ampproject.net/1498506512561/frame.html", "row": 3, "column": 38, "tagName": "meta", "time": 18838.885645, "url": "", "pos": 1, "chunkLen": 1, "isStartTag": 1}}
06-28 13:49:23.710  6049  6061 E WProf.db: {"WprofHTMLTag": {"code": "0x9cbb48e0", "doc": "https://d-42552477903815599871.ampproject.net/1498506512561/frame.html", "row": 4, "column": 59, "tagName": "script", "time": 18838.886122, "url": "https://3p.ampproject.net/1498506512561/f.js", "pos": 1, "chunkLen": 1, "isStartTag": 1}}
06-28 13:49:23.711  6049  6061 E WProf.db: {"WprofHTMLTag": {"code": "0x9cbb4880", "doc": "https://d-42552477903815599871.ampproject.net/1498506512561/frame.html", "row": 4, "column": 68, "tagName": "script", "time": 18838.886414, "url": "", "pos": 1, "chunkLen": 1, "isStartTag": 0}}
06-28 13:49:23.711  6049  6061 E WProf.db: {"WprofHTMLTag": {"code": "0x9cbb4d30", "doc": "https://d-42552477903815599871.ampproject.net/1498506512561/frame.html", "row": 5, "column": 7, "tagName": "head", "time": 18839.402380, "url": "", "pos": 1, "chunkLen": 1, "isStartTag": 0}}
06-28 13:49:23.711  6049  6061 E WProf.db: {"WprofHTMLTag": {"code": "0x9cbb4a90", "doc": "https://d-42552477903815599871.ampproject.net/1498506512561/frame.html", "row": 6, "column": 23, "tagName": "body", "time": 18839.402420, "url": "", "pos": 1, "chunkLen": 1, "isStartTag": 1}}
06-28 13:49:23.711  6049  6061 E WProf.db: {"WprofHTMLTag": {"code": "0x9cbb4fd0", "doc": "https://d-42552477903815599871.ampproject.net/1498506512561/frame.html", "row": 7, "column": 69, "tagName": "div", "time": 18839.402645, "url": "", "pos": 1, "chunkLen": 1, "isStartTag": 1}}
06-28 13:49:23.711  6049  6061 E WProf.db: {"WprofHTMLTag": {"code": "0x9cbb4fa0", "doc": "https://d-42552477903815599871.ampproject.net/1498506512561/frame.html", "row": 8, "column": 10, "tagName": "script", "time": 18839.402819, "url": "", "pos": 1, "chunkLen": 1, "isStartTag": 1}}
06-28 13:49:23.711  6049  6061 E WProf.db: {"WprofHTMLTag": {"code": "0x9cbb4ee0", "doc": "https://d-42552477903815599871.ampproject.net/1498506512561/frame.html", "row": 8, "column": 27, "tagName": "script", "time": 18839.402998, "url": "https://securepubads.g.doubleclick.net/static/glade.js", "pos": 1, "chunkLen": 1, "isStartTag": 0}}
06-28 13:49:23.711  6049  6061 E WProf.db: {"WprofHTMLTag": {"code": "0x9cbb4f10", "doc": "https://d-42552477903815599871.ampproject.net/1498506512561/frame.html", "row": 9, "column": 6, "tagName": "div", "time": 18839.421869, "url": "", "pos": 1, "chunkLen": 1, "isStartTag": 0}}
06-28 13:49:23.711  6049  6061 E WProf.db: {"WprofHTMLTag": {"code": "0x9cbb4f40", "doc": "https://d-42552477903815599871.ampproject.net/1498506512561/frame.html", "row": 10, "column": 8, "tagName": "script", "time": 18839.421929, "url": "", "pos": 1, "chunkLen": 1, "isStartTag": 1}}
06-28 13:49:23.711  6049  6061 E WProf.db: {"WprofHTMLTag": {"code": "0x9cbb4f70", "doc": "https://d-42552477903815599871.ampproject.net/1498506512561/frame.html", "row": 10, "column": 67, "tagName": "script", "time": 18839.422130, "url": "", "pos": 1, "chunkLen": 1, "isStartTag": 0}}
06-28 13:49:23.712  6049  6061 E WProf.db: {"WprofHTMLTag": {"code": "0x9e9944b0", "doc": "https://d-42552477903815599871.ampproject.net/1498506512561/frame.html", "row": 11, "column": 7, "tagName": "body", "time": 18839.423983, "url": "", "pos": 1, "chunkLen": 1, "isStartTag": 0}}
06-28 13:49:23.712  6049  6061 E WProf.db: {"WprofHTMLTag": {"code": "0x9cbb2fc0", "doc": "https://d-42552477903815599871.ampproject.net/1498506512561/frame.html", "row": 12, "column": 7, "tagName": "html", "time": 18839.423996, "url": "https://securepubads.g.doubleclick.net/static/glade/extra_25.js", "pos": 1, "chunkLen": 1, "isStartTag": 0}}
06-28 13:49:23.712  6049  6061 E WProf.db: {"Resource": {"id": 32, "url": "https://3p.ampproject.net/1498506512561/f.js", "sentTime": -1.000000, "len": 91779, "from": "0x9cbb48e0", "mimeType": "text/javascript", "contentLength": -1, "httpStatus": 200, "connId": 381, "connReused": 0, "cached": 0,"requestTime": 18838.887562, "proxyStart": -1, "proxyEnd": -1, "dnsStart": 8, "dnsEnd": 9, "connectStart": 0, "connectEnd": 292, "sendStart": 292, "sendEnd": 293, "receiveHeadersEnd": 353, "sslStart": 70, "sslEnd": 292}}
06-28 13:49:23.712  6049  6061 E WProf.db: {"ReceivedChunk": {"receivedTime": 18839.245098, "len": 8664}}
06-28 13:49:23.712  6049  6061 E WProf.db: {"ReceivedChunk": {"receivedTime": 18839.246279, "len": 7618}}
06-28 13:49:23.712  6049  6061 E WProf.db: {"ReceivedChunk": {"receivedTime": 18839.247532, "len": 17384}}
06-28 13:49:23.712  6049  6061 E WProf.db: {"ReceivedChunk": {"receivedTime": 18839.249307, "len": 8613}}
06-28 13:49:23.712  6049  6061 E WProf.db: {"ReceivedChunk": {"receivedTime": 18839.260968, "len": 9239}}
06-28 13:49:23.712  6049  6061 E WProf.db: {"ReceivedChunk": {"receivedTime": 18839.261804, "len": 9188}}
06-28 13:49:23.712  6049  6061 E WProf.db: {"ReceivedChunk": {"receivedTime": 18839.262438, "len": 4122}}
06-28 13:49:23.712  6049  6061 E WProf.db: {"ReceivedChunk": {"receivedTime": 18839.301701, "len": 17712}}
06-28 13:49:23.712  6049  6061 E WProf.db: {"ReceivedChunk": {"receivedTime": 18839.304396, "len": 8496}}
06-28 13:49:23.712  6049  6061 E WProf.db: {"ReceivedChunk": {"receivedTime": 18839.305865, "len": 743}}
06-28 13:49:23.712  6049  6061 E WProf.db: {"Resource": {"id": 33, "url": "https://securepubads.g.doubleclick.net/static/glade.js", "sentTime": -1.000000, "len": 19455, "from": "0x9cbb4ee0", "mimeType": "text/javascript", "contentLength": -1, "httpStatus": 200, "connId": 395, "connReused": 0, "cached": 0,"requestTime": 18839.419938, "proxyStart": -1, "proxyEnd": -1, "dnsStart": 10, "dnsEnd": 10, "connectStart": 0, "connectEnd": 288, "sendStart": 288, "sendEnd": 289, "receiveHeadersEnd": 395, "sslStart": 72, "sslEnd": 288}}
06-28 13:49:23.712  6049  6061 E WProf.db: {"ReceivedChunk": {"receivedTime": 18839.833043, "len": 8975}}
06-28 13:49:23.713  6049  6061 E WProf.db: {"ReceivedChunk": {"receivedTime": 18839.835295, "len": 10480}}
06-28 13:49:23.713  6049  6061 E WProf.db: {"Resource": {"id": 34, "url": "https://securepubads.g.doubleclick.net/gampad/ads?gdfp_req=1&glade_req=1&glv=25&output=html&iu=%2F1038259%2FSEL-amp-cube&sz=300x250&sfv=1-0-8&correlator=1764268612517888&eid=108809080&adk=2352184609&biw=412&bih=620&adx=56&ady=349&oid=3&u_sd=3.5&ifi=1&is_amp=1&amp_v=1498506512561&nhd=1&url=http%3A%2F", "sentTime": -1.000000, "len": 20205, "from": "0x9cbb2fc0", "mimeType": "text/html", "contentLength": -1, "httpStatus": 200, "connId": 395, "connReused": 1, "cached": 0,"requestTime": 18839.942586, "proxyStart": -1, "proxyEnd": -1, "dnsStart": -1, "dnsEnd": -1, "connectStart": 0, "connectEnd": 20, "sendStart": 20, "sendEnd": 21, "receiveHeadersEnd": 139, "sslStart": -1, "sslEnd": -1}}
06-28 13:49:23.713  6049  6061 E WProf.db: {"ReceivedChunk": {"receivedTime": 18840.085088, "len": 3718}}
06-28 13:49:23.713  6049  6061 E WProf.db: {"ReceivedChunk": {"receivedTime": 18840.113757, "len": 11240}}
06-28 13:49:23.713  6049  6061 E WProf.db: {"ReceivedChunk": {"receivedTime": 18840.118149, "len": 5247}}
06-28 13:49:23.713  6049  6061 E WProf.db: {"WprofHTMLTag": {"code": "0x9e995dd0", "doc": "https://securepubads.g.doubleclick.net/gampad/ads?gdfp_req=1&glade_req=1&glv=25&output=html&iu=%2F1038259%2FSEL-amp-cube&sz=300x250&sfv=1-0-8&correlator=1764268612517888&eid=108809080&adk=2352184609&biw=412&bih=620&adx=56&ady=349&oid=3&u_sd=3.5&ifi=1&is_amp=1&amp_v=1498506512561&nhd=1&url=http%3A%2F", "row": 0, "column": 21, "tagName": "html", "time": 18840.118764, "url": "", "pos": 1, "chunkLen": 1, "isStartTag": 1}}
06-28 13:49:23.713  6049  6061 E WProf.db: {"WprofHTMLTag": {"code": "0x9e994f00", "doc": "https://securepubads.g.doubleclick.net/gampad/ads?gdfp_req=1&glade_req=1&glv=25&output=html&iu=%2F1038259%2FSEL-amp-cube&sz=300x250&sfv=1-0-8&correlator=1764268612517888&eid=108809080&adk=2352184609&biw=412&bih=620&adx=56&ady=349&oid=3&u_sd=3.5&ifi=1&is_amp=1&amp_v=1498506512561&nhd=1&url=http%3A%2F", "row": 0, "column": 27, "tagName": "head", "time": 18840.118886, "url": "", "pos": 1, "chunkLen": 1, "isStartTag": 1}}
06-28 13:49:23.713  6049  6061 E WProf.db: {"WprofHTMLTag": {"code": "0x9cbb4d90", "doc": "https://securepubads.g.doubleclick.net/gampad/ads?gdfp_req=1&glade_req=1&glv=25&output=html&iu=%2F1038259%2FSEL-amp-cube&sz=300x250&sfv=1-0-8&correlator=1764268612517888&eid=108809080&adk=2352184609&biw=412&bih=620&adx=56&ady=349&oid=3&u_sd=3.5&ifi=1&is_amp=1&amp_v=1498506512561&nhd=1&url=http%3A%2F", "row": 0, "column": 144, "tagName": "meta", "time": 18840.118919, "url": "", "pos": 1, "chunkLen": 1, "isStartTag": 1}}
06-28 13:49:23.713  6049  6061 E WProf.db: {"WprofHTMLTag": {"code": "0x9e995e30", "doc": "https://securepubads.g.doubleclick.net/gampad/ads?gdfp_req=1&glade_req=1&glv=25&output=html&iu=%2F1038259%2FSEL-amp-cube&sz=300x250&sfv=1-0-8&correlator=1764268612517888&eid=108809080&adk=2352184609&biw=412&bih=620&adx=56&ady=349&oid=3&u_sd=3.5&ifi=1&is_amp=1&amp_v=1498506512561&nhd=1&url=http%3A%2F", "row": 0, "column": 152, "tagName": "script", "time": 18840.119078, "url": "", "pos": 1, "chunkLen": 1, "isStartTag": 1}}
06-28 13:49:23.713  6049  6061 E WProf.db: {"WprofHTMLTag": {"code": "0x9cbb4e50", "doc": "https://securepubads.g.doubleclick.net/gampad/ads?gdfp_req=1&glade_req=1&glv=25&output=html&iu=%2F1038259%2FSEL-amp-cube&sz=300x250&sfv=1-0-8&correlator=1764268612517888&eid=108809080&adk=2352184609&biw=412&bih=620&adx=56&ady=349&oid=3&u_sd=3.5&ifi=1&is_amp=1&amp_v=1498506512561&nhd=1&url=http%3A%2F", "row": 0, "column": 195, "tagName": "script", "time": 18840.119252, "url": "", "pos": 1, "chunkLen": 1, "isStartTag": 0}}
06-28 13:49:23.713  6049  6061 E WProf.db: {"WprofHTMLTag": {"code": "0x9e995e00", "doc": "https://securepubads.g.doubleclick.net/gampad/ads?gdfp_req=1&glade_req=1&glv=25&output=html&iu=%2F1038259%2FSEL-amp-cube&sz=300x250&sfv=1-0-8&correlator=1764268612517888&eid=108809080&adk=2352184609&biw=412&bih=620&adx=56&ady=349&oid=3&u_sd=3.5&ifi=1&is_amp=1&amp_v=1498506512561&nhd=1&url=http%3A%2F", "row": 0, "column": 202, "tagName": "style", "time": 18840.119892, "url": "", "pos": 1, "chunkLen": 1, "isStartTag": 1}}
06-28 13:49:23.713  6049  6061 E WProf.db: {"WprofHTMLTag": {"code": "0x9cbb4c10", "doc": "https://securepubads.g.doubleclick.net/gampad/ads?gdfp_req=1&glade_req=1&glv=25&output=html&iu=%2F1038259%2FSEL-amp-cube&sz=300x250&sfv=1-0-8&correlator=1764268612517888&eid=108809080&adk=2352184609&biw=412&bih=620&adx=56&ady=349&oid=3&u_sd=3.5&ifi=1&is_amp=1&amp_v=1498506512561&nhd=1&url=http%3A%2F", "row": 0, "column": 230, "tagName": "style", "time": 18840.119974, "url": "", "pos": 1, "chunkLen": 1, "isStartTag": 0}}
06-28 13:49:23.714  6049  6061 E WProf.db: {"WprofHTMLTag": {"code": "0x9e996430", "doc": "https://securepubads.g.doubleclick.net/gampad/ads?gdfp_req=1&glade_req=1&glv=25&output=html&iu=%2F1038259%2FSEL-amp-cube&sz=300x250&sfv=1-0-8&correlator=1764268612517888&eid=108809080&adk=2352184609&biw=412&bih=620&adx=56&ady=349&oid=3&u_sd=3.5&ifi=1&is_amp=1&amp_v=1498506512561&nhd=1&url=http%3A%2F", "row": 0, "column": 238, "tagName": "script", "time": 18840.121570, "url": "", "pos": 1, "chunkLen": 1, "isStartTag": 1}}
06-28 13:49:23.714  6049  6061 E WProf.db: {"WprofHTMLTag": {"code": "0x9e996580", "doc": "https://securepubads.g.doubleclick.net/gampad/ads?gdfp_req=1&glade_req=1&glv=25&output=html&iu=%2F1038259%2FSEL-amp-cube&sz=300x250&sfv=1-0-8&correlator=1764268612517888&eid=108809080&adk=2352184609&biw=412&bih=620&adx=56&ady=349&oid=3&u_sd=3.5&ifi=1&is_amp=1&amp_v=1498506512561&nhd=1&url=http%3A%2F", "row": 0, "column": 8856, "tagName": "script", "time": 18840.121776, "url": "", "pos": 1, "chunkLen": 1, "isStartTag": 0}}
06-28 13:49:23.714  6049  6061 E WProf.db: {"WprofHTMLTag": {"code": "0x9e9965e0", "doc": "https://securepubads.g.doubleclick.net/gampad/ads?gdfp_req=1&glade_req=1&glv=25&output=html&iu=%2F1038259%2FSEL-amp-cube&sz=300x250&sfv=1-0-8&correlator=1764268612517888&eid=108809080&adk=2352184609&biw=412&bih=620&adx=56&ady=349&oid=3&u_sd=3.5&ifi=1&is_amp=1&amp_v=1498506512561&nhd=1&url=http%3A%2F", "row": 0, "column": 8863, "tagName": "head", "time": 18840.133477, "url": "", "pos": 1, "chunkLen": 1, "isStartTag": 0}}
06-28 13:49:23.714  6049  6061 E WProf.db: {"WprofHTMLTag": {"code": "0x9e996610", "doc": "https://securepubads.g.doubleclick.net/gampad/ads?gdfp_req=1&glade_req=1&glv=25&output=html&iu=%2F1038259%2FSEL-amp-cube&sz=300x250&sfv=1-0-8&correlator=1764268612517888&eid=108809080&adk=2352184609&biw=412&bih=620&adx=56&ady=349&oid=3&u_sd=3.5&ifi=1&is_amp=1&amp_v=1498506512561&nhd=1&url=http%3A%2F", "row": 0, "column": 8977, "tagName": "body", "time": 18840.133508, "url": "", "pos": 1, "chunkLen": 1, "isStartTag": 1}}
06-28 13:49:23.714  6049  6061 E WProf.db: {"WprofHTMLTag": {"code": "0x9e996640", "doc": "https://securepubads.g.doubleclick.net/gampad/ads?gdfp_req=1&glade_req=1&glv=25&output=html&iu=%2F1038259%2FSEL-amp-cube&sz=300x250&sfv=1-0-8&correlator=1764268612517888&eid=108809080&adk=2352184609&biw=412&bih=620&adx=56&ady=349&oid=3&u_sd=3.5&ifi=1&is_amp=1&amp_v=1498506512561&nhd=1&url=http%3A%2F", "row": 0, "column": 9047, "tagName": "div", "time": 18840.134175, "url": "", "pos": 1, "chunkLen": 1, "isStartTag": 1}}
06-28 13:49:23.714  6049  6061 E WProf.db: {"WprofHTMLTag": {"code": "0x9e9965b0", "doc": "https://securepubads.g.doubleclick.net/gampad/ads?gdfp_req=1&glade_req=1&glv=25&output=html&iu=%2F1038259%2FSEL-amp-cube&sz=300x250&sfv=1-0-8&correlator=1764268612517888&eid=108809080&adk=2352184609&biw=412&bih=620&adx=56&ady=349&oid=3&u_sd=3.5&ifi=1&is_amp=1&amp_v=1498506512561&nhd=1&url=http%3A%2F", "row": 0, "column": 9055, "tagName": "script", "time": 18840.134327, "url": "", "pos": 1, "chunkLen": 1, "isStartTag": 1}}
06-28 13:49:23.715  6049  6061 E WProf.db: {"WprofHTMLTag": {"code": "0x9e996670", "doc": "https://securepubads.g.doubleclick.net/gampad/ads?gdfp_req=1&glade_req=1&glv=25&output=html&iu=%2F1038259%2FSEL-amp-cube&sz=300x250&sfv=1-0-8&correlator=1764268612517888&eid=108809080&adk=2352184609&biw=412&bih=620&adx=56&ady=349&oid=3&u_sd=3.5&ifi=1&is_amp=1&amp_v=1498506512561&nhd=1&url=http%3A%2F", "row": 0, "column": 9428, "tagName": "script", "time": 18840.134471, "url": "", "pos": 1, "chunkLen": 1, "isStartTag": 0}}
06-28 13:49:23.715  6049  6061 E WProf.db: {"WprofHTMLTag": {"code": "0x9e9966a0", "doc": "https://securepubads.g.doubleclick.net/gampad/ads?gdfp_req=1&glade_req=1&glv=25&output=html&iu=%2F1038259%2FSEL-amp-cube&sz=300x250&sfv=1-0-8&correlator=1764268612517888&eid=108809080&adk=2352184609&biw=412&bih=620&adx=56&ady=349&oid=3&u_sd=3.5&ifi=1&is_amp=1&amp_v=1498506512561&nhd=1&url=http%3A%2F", "row": 0, "column": 10029, "tagName": "a", "time": 18840.148876, "url": "", "pos": 1, "chunkLen": 1, "isStartTag": 1}}
06-28 13:49:23.715  6049  6061 E WProf.db: {"WprofHTMLTag": {"code": "0x9e996760", "doc": "https://securepubads.g.doubleclick.net/gampad/ads?gdfp_req=1&glade_req=1&glv=25&output=html&iu=%2F1038259%2FSEL-amp-cube&sz=300x250&sfv=1-0-8&correlator=1764268612517888&eid=108809080&adk=2352184609&biw=412&bih=620&adx=56&ady=349&oid=3&u_sd=3.5&ifi=1&is_amp=1&amp_v=1498506512561&nhd=1&url=http%3A%2F", "row": 0, "column": 10163, "tagName": "img", "time": 18840.149632, "url": "", "pos": 1, "chunkLen": 1, "isStartTag": 1}}
06-28 13:49:23.715  6049  6061 E WProf.db: {"WprofHTMLTag": {"code": "0x9e996730", "doc": "https://securepubads.g.doubleclick.net/gampad/ads?gdfp_req=1&glade_req=1&glv=25&output=html&iu=%2F1038259%2FSEL-amp-cube&sz=300x250&sfv=1-0-8&correlator=1764268612517888&eid=108809080&adk=2352184609&biw=412&bih=620&adx=56&ady=349&oid=3&u_sd=3.5&ifi=1&is_amp=1&amp_v=1498506512561&nhd=1&url=http%3A%2F", "row": 0, "column": 10167, "tagName": "a", "time": 18840.151770, "url": "", "pos": 1, "chunkLen": 1, "isStartTag": 0}}
06-28 13:49:23.715  6049  6061 E WProf.db: {"WprofHTMLTag": {"code": "0x9e996790", "doc": "https://securepubads.g.doubleclick.net/gampad/ads?gdfp_req=1&glade_req=1&glv=25&output=html&iu=%2F1038259%2FSEL-amp-cube&sz=300x250&sfv=1-0-8&correlator=1764268612517888&eid=108809080&adk=2352184609&biw=412&bih=620&adx=56&ady=349&oid=3&u_sd=3.5&ifi=1&is_amp=1&amp_v=1498506512561&nhd=1&url=http%3A%2F", "row": 0, "column": 10173, "tagName": "div", "time": 18840.151791, "url": "", "pos": 1, "chunkLen": 1, "isStartTag": 0}}
06-28 13:49:23.715  6049  6061 E WProf.db: {"WprofHTMLTag": {"code": "0x9e9967c0", "doc": "https://securepubads.g.doubleclick.net/gampad/ads?gdfp_req=1&glade_req=1&glv=25&output=html&iu=%2F1038259%2FSEL-amp-cube&sz=300x250&sfv=1-0-8&correlator=1764268612517888&eid=108809080&adk=2352184609&biw=412&bih=620&adx=56&ady=349&oid=3&u_sd=3.5&ifi=1&is_amp=1&amp_v=1498506512561&nhd=1&url=http%3A%2F", "row": 0, "column": 10296, "tagName": "script", "time": 18840.151810, "url": "https://tpc.googlesyndication.com/pagead/js/r20170619/r20110914/client/ext/m_window_focus_non_hydra.js", "pos": 1, "chunkLen": 1, "isStartTag": 1}}
06-28 13:49:23.715  6049  6061 E WProf.db: {"WprofHTMLTag": {"code": "0x9e9967f0", "doc": "https://securepubads.g.doubleclick.net/gampad/ads?gdfp_req=1&glade_req=1&glv=25&output=html&iu=%2F1038259%2FSEL-amp-cube&sz=300x250&sfv=1-0-8&correlator=1764268612517888&eid=108809080&adk=2352184609&biw=412&bih=620&adx=56&ady=349&oid=3&u_sd=3.5&ifi=1&is_amp=1&amp_v=1498506512561&nhd=1&url=http%3A%2F", "row": 0, "column": 10305, "tagName": "script", "time": 18840.152044, "url": "", "pos": 1, "chunkLen": 1, "isStartTag": 0}}
06-28 13:49:23.715  6049  6061 E WProf.db: {"WprofHTMLTag": {"code": "0xaedda5d0", "doc": "https://securepubads.g.doubleclick.net/gampad/ads?gdfp_req=1&glade_req=1&glv=25&output=html&iu=%2F1038259%2FSEL-amp-cube&sz=300x250&sfv=1-0-8&correlator=1764268612517888&eid=108809080&adk=2352184609&biw=412&bih=620&adx=56&ady=349&oid=3&u_sd=3.5&ifi=1&is_amp=1&amp_v=1498506512561&nhd=1&url=http%3A%2F", "row": 0, "column": 10313, "tagName": "script", "time": 18840.152728, "url": "", "pos": 1, "chunkLen": 1, "isStartTag": 1}}
06-28 13:49:23.715  6049  6061 E WProf.db: {"WprofHTMLTag": {"code": "0x9e996820", "doc": "https://securepubads.g.doubleclick.net/gampad/ads?gdfp_req=1&glade_req=1&glv=25&output=html&iu=%2F1038259%2FSEL-amp-cube&sz=300x250&sfv=1-0-8&correlator=1764268612517888&eid=108809080&adk=2352184609&biw=412&bih=620&adx=56&ady=349&oid=3&u_sd=3.5&ifi=1&is_amp=1&amp_v=1498506512561&nhd=1&url=http%3A%2F", "row": 0, "column": 10579, "tagName": "script", "time": 18840.153697, "url": "", "pos": 1, "chunkLen": 1, "isStartTag": 0}}
06-28 13:49:23.716  6049  6061 E WProf.db: {"WprofHTMLTag": {"code": "0x9e996850", "doc": "https://securepubads.g.doubleclick.net/gampad/ads?gdfp_req=1&glade_req=1&glv=25&output=html&iu=%2F1038259%2FSEL-amp-cube&sz=300x250&sfv=1-0-8&correlator=1764268612517888&eid=108809080&adk=2352184609&biw=412&bih=620&adx=56&ady=349&oid=3&u_sd=3.5&ifi=1&is_amp=1&amp_v=1498506512561&nhd=1&url=http%3A%2F", "row": 0, "column": 10684, "tagName": "script", "time": 18840.157543, "url": "https://tpc.googlesyndication.com/pagead/js/r20170619/r20110914/activeview/osd_listener.js", "pos": 1, "chunkLen": 1, "isStartTag": 1}}
06-28 13:49:23.716  6049  6061 E WProf.db: {"WprofHTMLTag": {"code": "0x9e996880", "doc": "https://securepubads.g.doubleclick.net/gampad/ads?gdfp_req=1&glade_req=1&glv=25&output=html&iu=%2F1038259%2FSEL-amp-cube&sz=300x250&sfv=1-0-8&correlator=1764268612517888&eid=108809080&adk=2352184609&biw=412&bih=620&adx=56&ady=349&oid=3&u_sd=3.5&ifi=1&is_amp=1&amp_v=1498506512561&nhd=1&url=http%3A%2F", "row": 0, "column": 10693, "tagName": "script", "time": 18840.158490, "url": "https://pagead2.googlesyndication.com/pagead/osd.js", "pos": 1, "chunkLen": 1, "isStartTag": 0}}
06-28 13:49:23.716  6049  6061 E WProf.db: {"WprofHTMLTag": {"code": "0x9e996ca0", "doc": "https://securepubads.g.doubleclick.net/gampad/ads?gdfp_req=1&glade_req=1&glv=25&output=html&iu=%2F1038259%2FSEL-amp-cube&sz=300x250&sfv=1-0-8&correlator=1764268612517888&eid=108809080&adk=2352184609&biw=412&bih=620&adx=56&ady=349&oid=3&u_sd=3.5&ifi=1&is_amp=1&amp_v=1498506512561&nhd=1&url=http%3A%2F", "row": 0, "column": 10724, "tagName": "script", "time": 18840.589288, "url": "", "pos": 1, "chunkLen": 1, "isStartTag": 1}}
06-28 13:49:23.716  6049  6061 E WProf.db: {"WprofHTMLTag": {"code": "0x9e996be0", "doc": "https://securepubads.g.doubleclick.net/gampad/ads?gdfp_req=1&glade_req=1&glv=25&output=html&iu=%2F1038259%2FSEL-amp-cube&sz=300x250&sfv=1-0-8&correlator=1764268612517888&eid=108809080&adk=2352184609&biw=412&bih=620&adx=56&ady=349&oid=3&u_sd=3.5&ifi=1&is_amp=1&amp_v=1498506512561&nhd=1&url=http%3A%2F", "row": 0, "column": 11077, "tagName": "script", "time": 18840.589604, "url": "", "pos": 1, "chunkLen": 1, "isStartTag": 0}}
06-28 13:49:23.716  6049  6061 E WProf.db: {"WprofHTMLTag": {"code": "0x9e996f70", "doc": "https://securepubads.g.doubleclick.net/gampad/ads?gdfp_req=1&glade_req=1&glv=25&output=html&iu=%2F1038259%2FSEL-amp-cube&sz=300x250&sfv=1-0-8&correlator=1764268612517888&eid=108809080&adk=2352184609&biw=412&bih=620&adx=56&ady=349&oid=3&u_sd=3.5&ifi=1&is_amp=1&amp_v=1498506512561&nhd=1&url=http%3A%2F", "row": 0, "column": 11085, "tagName": "script", "time": 18840.609947, "url": "", "pos": 1, "chunkLen": 1, "isStartTag": 1}}
06-28 13:49:23.716  6049  6061 E WProf.db: {"WprofHTMLTag": {"code": "0x9e996fa0", "doc": "https://securepubads.g.doubleclick.net/gampad/ads?gdfp_req=1&glade_req=1&glv=25&output=html&iu=%2F1038259%2FSEL-amp-cube&sz=300x250&sfv=1-0-8&correlator=1764268612517888&eid=108809080&adk=2352184609&biw=412&bih=620&adx=56&ady=349&oid=3&u_sd=3.5&ifi=1&is_amp=1&amp_v=1498506512561&nhd=1&url=http%3A%2F", "row": 0, "column": 19647, "tagName": "script", "time": 18840.610933, "url": "", "pos": 1, "chunkLen": 1, "isStartTag": 0}}
06-28 13:49:23.716  6049  6061 E WProf.db: {"WprofHTMLTag": {"code": "0x9cbb3da0", "doc": "https://securepubads.g.doubleclick.net/gampad/ads?gdfp_req=1&glade_req=1&glv=25&output=html&iu=%2F1038259%2FSEL-amp-cube&sz=300x250&sfv=1-0-8&correlator=1764268612517888&eid=108809080&adk=2352184609&biw=412&bih=620&adx=56&ady=349&oid=3&u_sd=3.5&ifi=1&is_amp=1&amp_v=1498506512561&nhd=1&url=http%3A%2F", "row": 0, "column": 19655, "tagName": "script", "time": 18840.624719, "url": "", "pos": 1, "chunkLen": 1, "isStartTag": 1}}
06-28 13:49:23.716  6049  6061 E WProf.db: {"WprofHTMLTag": {"code": "0x9cbb4a00", "doc": "https://securepubads.g.doubleclick.net/gampad/ads?gdfp_req=1&glade_req=1&glv=25&output=html&iu=%2F1038259%2FSEL-amp-cube&sz=300x250&sfv=1-0-8&correlator=1764268612517888&eid=108809080&adk=2352184609&biw=412&bih=620&adx=56&ady=349&oid=3&u_sd=3.5&ifi=1&is_amp=1&amp_v=1498506512561&nhd=1&url=http%3A%2F", "row": 0, "column": 19730, "tagName": "script", "time": 18840.624893, "url": "", "pos": 1, "chunkLen": 1, "isStartTag": 0}}
06-28 13:49:23.716  6049  6061 E WProf.db: {"WprofHTMLTag": {"code": "0x9cbb47c0", "doc": "https://securepubads.g.doubleclick.net/gampad/ads?gdfp_req=1&glade_req=1&glv=25&output=html&iu=%2F1038259%2FSEL-amp-cube&sz=300x250&sfv=1-0-8&correlator=1764268612517888&eid=108809080&adk=2352184609&biw=412&bih=620&adx=56&ady=349&oid=3&u_sd=3.5&ifi=1&is_amp=1&amp_v=1498506512561&nhd=1&url=http%3A%2F", "row": 0, "column": 19738, "tagName": "script", "time": 18840.629063, "url": "", "pos": 1, "chunkLen": 1, "isStartTag": 1}}
06-28 13:49:23.716  6049  6061 E WProf.db: {"WprofHTMLTag": {"code": "0x9e9963a0", "doc": "https://securepubads.g.doubleclick.net/gampad/ads?gdfp_req=1&glade_req=1&glv=25&output=html&iu=%2F1038259%2FSEL-amp-cube&sz=300x250&sfv=1-0-8&correlator=1764268612517888&eid=108809080&adk=2352184609&biw=412&bih=620&adx=56&ady=349&oid=3&u_sd=3.5&ifi=1&is_amp=1&amp_v=1498506512561&nhd=1&url=http%3A%2F", "row": 0, "column": 19845, "tagName": "script", "time": 18840.629246, "url": "", "pos": 1, "chunkLen": 1, "isStartTag": 0}}
06-28 13:49:23.716  6049  6061 E WProf.db: {"WprofHTMLTag": {"code": "0x9cbb3ad0", "doc": "https://securepubads.g.doubleclick.net/gampad/ads?gdfp_req=1&glade_req=1&glv=25&output=html&iu=%2F1038259%2FSEL-amp-cube&sz=300x250&sfv=1-0-8&correlator=1764268612517888&eid=108809080&adk=2352184609&biw=412&bih=620&adx=56&ady=349&oid=3&u_sd=3.5&ifi=1&is_amp=1&amp_v=1498506512561&nhd=1&url=http%3A%2F", "row": 0, "column": 19853, "tagName": "script", "time": 18840.629897, "url": "", "pos": 1, "chunkLen": 1, "isStartTag": 1}}
06-28 13:49:23.717  6049  6061 E WProf.db: {"WprofHTMLTag": {"code": "0x9e996fd0", "doc": "https://securepubads.g.doubleclick.net/gampad/ads?gdfp_req=1&glade_req=1&glv=25&output=html&iu=%2F1038259%2FSEL-amp-cube&sz=300x250&sfv=1-0-8&correlator=1764268612517888&eid=108809080&adk=2352184609&biw=412&bih=620&adx=56&ady=349&oid=3&u_sd=3.5&ifi=1&is_amp=1&amp_v=1498506512561&nhd=1&url=http%3A%2F", "row": 0, "column": 20191, "tagName": "script", "time": 18840.630100, "url": "", "pos": 1, "chunkLen": 1, "isStartTag": 0}}
06-28 13:49:23.717  6049  6061 E WProf.db: {"WprofHTMLTag": {"code": "0xaa42f000", "doc": "https://securepubads.g.doubleclick.net/gampad/ads?gdfp_req=1&glade_req=1&glv=25&output=html&iu=%2F1038259%2FSEL-amp-cube&sz=300x250&sfv=1-0-8&correlator=1764268612517888&eid=108809080&adk=2352184609&biw=412&bih=620&adx=56&ady=349&oid=3&u_sd=3.5&ifi=1&is_amp=1&amp_v=1498506512561&nhd=1&url=http%3A%2F", "row": 0, "column": 20198, "tagName": "body", "time": 18840.630929, "url": "", "pos": 1, "chunkLen": 1, "isStartTag": 0}}
06-28 13:49:23.717  6049  6061 E WProf.db: {"WprofHTMLTag": {"code": "0xaa42f030", "doc": "https://securepubads.g.doubleclick.net/gampad/ads?gdfp_req=1&glade_req=1&glv=25&output=html&iu=%2F1038259%2FSEL-amp-cube&sz=300x250&sfv=1-0-8&correlator=1764268612517888&eid=108809080&adk=2352184609&biw=412&bih=620&adx=56&ady=349&oid=3&u_sd=3.5&ifi=1&is_amp=1&amp_v=1498506512561&nhd=1&url=http%3A%2F", "row": 0, "column": 20205, "tagName": "html", "time": 18840.630944, "url": "", "pos": 1, "chunkLen": 1, "isStartTag": 0}}
06-28 13:49:23.717  6049  6061 E WProf.db: {"Resource": {"id": 35, "url": "https://securepubads.g.doubleclick.net/static/glade/extra_25.js", "sentTime": -1.000000, "len": 10944, "from": "0x9cbb2fc0", "mimeType": "text/javascript", "contentLength": -1, "httpStatus": 200, "connId": 405, "connReused": 0, "cached": 0,"requestTime": 18839.945075, "proxyStart": -1, "proxyEnd": -1, "dnsStart": 0, "dnsEnd": 0, "connectStart": 0, "connectEnd": 138, "sendStart": 138, "sendEnd": 139, "receiveHeadersEnd": 224, "sslStart": 69, "sslEnd": 137}}
06-28 13:49:23.717  6049  6061 E WProf.db: {"ReceivedChunk": {"receivedTime": 18840.180128, "len": 2140}}
06-28 13:49:23.717  6049  6061 E WProf.db: {"ReceivedChunk": {"receivedTime": 18840.186927, "len": 8804}}
06-28 13:49:23.717  6049  6061 E WProf.db: {"Resource": {"id": 36, "url": "https://securepubads.g.doubleclick.net/pcs/view?xai=AKAOjsvgxWWxnFMeFDx7pxyaQ2K0FCf0insYOuAgwnrLZ7QQ99-J5MedDEKaSrlWJTD5AeavQSxnIl8a566i4XAeq-HPhcC4CshE4XkRsj4OpWLpm8b2_S1Zl8rraXAYsg6pfCt7K1GqsRGZHmWz_4MWIZsoQCZDSH6KAeZWtnwuOdkEwg_Htq7fXhTL3-w-L64wOdmy3xStJyOp4t3mX4jI-OJDjwGbq3y4AFOX_HP2q5CFFaptEWbR", "sentTime": -1.000000, "len": 0, "from": "0x9e996670", "mimeType": "text/html", "contentLength": 0, "httpStatus": 200, "connId": 395, "connReused": 1, "cached": 0,"requestTime": 18840.146933, "proxyStart": -1, "proxyEnd": -1, "dnsStart": -1, "dnsEnd": -1, "connectStart": 0, "connectEnd": 7, "sendStart": 7, "sendEnd": 7, "receiveHeadersEnd": 111, "sslStart": -1, "sslEnd": -1}}
06-28 13:49:23.717  6049  6061 E WProf.db: {"Resource": {"id": 38, "url": "https://tpc.googlesyndication.com/pagead/js/r20170619/r20110914/client/ext/m_window_focus_non_hydra.js", "sentTime": -1.000000, "len": 4938, "from": "0x9e9967c0", "mimeType": "text/javascript", "contentLength": -1, "httpStatus": 200, "connId": 441, "connReused": 0, "cached": 0,"requestTime": 18840.152898, "proxyStart": -1, "proxyEnd": -1, "dnsStart": 12, "dnsEnd": 12, "connectStart": 0, "connectEnd": 239, "sendStart": 239, "sendEnd": 239, "receiveHeadersEnd": 340, "sslStart": 76, "sslEnd": 238}}
06-28 13:49:23.717  6049  6061 E WProf.db: {"ReceivedChunk": {"receivedTime": 18840.511245, "len": 4920}}
06-28 13:49:23.717  6049  6061 E WProf.db: {"ReceivedChunk": {"receivedTime": 18840.524568, "len": 18}}
06-28 13:49:23.718  6049  6061 E WProf.db: {"Resource": {"id": 39, "url": "https://tpc.googlesyndication.com/pagead/js/r20170619/r20110914/activeview/osd_listener.js", "sentTime": -1.000000, "len": 26372, "from": "0x9e996850", "mimeType": "text/javascript", "contentLength": -1, "httpStatus": 200, "connId": 452, "connReused": 0, "cached": 0,"requestTime": 18840.159654, "proxyStart": -1, "proxyEnd": -1, "dnsStart": 14, "dnsEnd": 15, "connectStart": 0, "connectEnd": 233, "sendStart": 233, "sendEnd": 233, "receiveHeadersEnd": 340, "sslStart": 74, "sslEnd": 232}}
06-28 13:49:23.718  6049  6061 E WProf.db: {"ReceivedChunk": {"receivedTime": 18840.517534, "len": 9185}}
06-28 13:49:23.718  6049  6061 E WProf.db: {"ReceivedChunk": {"receivedTime": 18840.538657, "len": 14089}}
06-28 13:49:23.718  6049  6061 E WProf.db: {"ReceivedChunk": {"receivedTime": 18840.551003, "len": 3098}}
06-28 13:49:23.719  6049  6061 E WProf.db: {"Resource": {"id": 37, "url": "https://tpc.googlesyndication.com/simgad/15574220160088980243", "sentTime": -1.000000, "len": 28786, "from": "0x9e996760", "mimeType": "image/jpeg", "contentLength": 28786, "httpStatus": 200, "connId": 463, "connReused": 0, "cached": 0,"requestTime": 18840.150990, "proxyStart": -1, "proxyEnd": -1, "dnsStart": 33, "dnsEnd": 33, "connectStart": 0, "connectEnd": 248, "sendStart": 248, "sendEnd": 249, "receiveHeadersEnd": 355, "sslStart": 93, "sslEnd": 248}}
06-28 13:49:23.719  6049  6061 E WProf.db: {"ReceivedChunk": {"receivedTime": 18840.521234, "len": 2320}}
06-28 13:49:23.719  6049  6061 E WProf.db: {"ReceivedChunk": {"receivedTime": 18840.539231, "len": 8334}}
06-28 13:49:23.719  6049  6061 E WProf.db: {"ReceivedChunk": {"receivedTime": 18840.649584, "len": 13890}}
06-28 13:49:23.719  6049  6061 E WProf.db: {"ReceivedChunk": {"receivedTime": 18840.649827, "len": 4242}}
06-28 13:49:23.719  6049  6061 E WProf.db: {"Resource": {"id": 40, "url": "https://pagead2.googlesyndication.com/pagead/osd.js", "sentTime": -1.000000, "len": 78842, "from": "0x9e996880", "mimeType": "text/javascript", "contentLength": -1, "httpStatus": 200, "connId": 477, "connReused": 0, "cached": 0,"requestTime": 18840.212876, "proxyStart": -1, "proxyEnd": -1, "dnsStart": 28, "dnsEnd": 32, "connectStart": 0, "connectEnd": 304, "sendStart": 304, "sendEnd": 304, "receiveHeadersEnd": 376, "sslStart": 126, "sslEnd": 304}}
06-28 13:49:23.719  6049  6061 E WProf.db: {"ReceivedChunk": {"receivedTime": 18840.655104, "len": 5634}}
06-28 13:49:23.719  6049  6061 E WProf.db: {"ReceivedChunk": {"receivedTime": 18840.655259, "len": 11789}}
06-28 13:49:23.720  6049  6061 E WProf.db: {"ReceivedChunk": {"receivedTime": 18840.655394, "len": 32768}}
06-28 13:49:23.720  6049  6061 E WProf.db: {"ReceivedChunk": {"receivedTime": 18840.655617, "len": 1274}}
06-28 13:49:23.720  6049  6061 E WProf.db: {"ReceivedChunk": {"receivedTime": 18840.661386, "len": 3782}}
06-28 13:49:23.720  6049  6061 E WProf.db: {"ReceivedChunk": {"receivedTime": 18840.661823, "len": 11224}}
06-28 13:49:23.720  6049  6061 E WProf.db: {"ReceivedChunk": {"receivedTime": 18840.662066, "len": 6650}}
06-28 13:49:23.720  6049  6061 E WProf.db: {"ReceivedChunk": {"receivedTime": 18840.662899, "len": 5721}}
06-28 13:49:23.720  6049  6061 E WProf.db: {"HOL": {"type": 1, "docUrl": "https://d-42552477903815599871.ampproject.net/1498506512561/frame.html", "code": "0x9cbb48e0", "row": 4, "column": 59, "url": "https://3p.ampproject.net/1498506512561/f.js"}}
