--------- beginning of main
06-28 15:25:58.091  3449  3449 E Finsky  : [1] com.google.android.finsky.wear.bl.a(3): onConnectionFailed: ConnectionResult{statusCode=API_UNAVAILABLE, resolution=null, message=null}
--------- beginning of system
06-28 15:25:59.267  6209  6209 E chromium: [ERROR:shell_integration_android.cc(12)] Not implemented reached in static ShellIntegration::DefaultWebClientSetPermission ShellIntegration::CanSetAsDefaultBrowser()
06-28 15:25:59.271  6209  6209 E chromium: [ERROR:browser_process_impl.cc(720)] Not implemented reached in virtual BackgroundModeManager* BrowserProcessImpl::background_mode_manager()
06-28 15:25:59.536  3218   674 E AudioRecord-JNI: Error -4 during AudioRecord native read
06-28 15:26:01.947  6209  6259 E chromium: [ERROR:gles2_cmd_decoder.cc(3852)] [.ChromiumCompositor-0xacbb2fc0]GL ERROR :GL_INVALID_ENUM : glDiscardFramebufferEXT: attachments was GL_COLOR_EXT
06-28 15:26:02.345  6277  6290 E WPROF   : {"CSS": {"url": "http://searchengineland.com/figz/wp-content/themes/searchengineland/css/searchengineland-bootstrap.css", "requestTime": 24639.400569}}
06-28 15:26:02.346  6277  6290 E WPROF   : {"CSS": {"url": "http://fonts.googleapis.com/css?family=Oswald:300,400,700", "requestTime": 24639.401680}}
06-28 15:26:02.347  6277  6290 E WPROF   : {"CSS": {"url": "http://searchengineland.com/figz/wp-content/themes/searchengineland/style.css", "requestTime": 24639.403150}}
06-28 15:26:02.353  6277  6290 E WPROF   : {"Javascript": {"url": "http://searchengineland.com/figz/wp-content/themes/searchengineland/js/lib/modernizr.custom.js?ver=1.0", "requestTime": 24639.408988}}
06-28 15:26:02.354  6277  6290 E WPROF   : {"Javascript": {"url": "http://searchengineland.com/figz/wp-content/themes/searchengineland/js/lib/jquery-1.11.0.min.js?ver=1.11.0", "requestTime": 24639.409677}}
06-28 15:26:02.355  6277  6290 E WPROF   : {"Javascript": {"url": "http://searchengineland.com/figz/wp-content/themes/searchengineland/js/lib/jquery-ui-1.10.3.custom.min.js?ver=1.10.3", "requestTime": 24639.410512}}
06-28 15:26:02.355  6277  6290 E WPROF   : {"Javascript": {"url": "http://searchengineland.com/figz/wp-content/themes/searchengineland/js/lib/jquery.ba-throttle-debounce.min.js?ver=1.1", "requestTime": 24639.411074}}
06-28 15:26:02.356  6277  6290 E WPROF   : {"Javascript": {"url": "http://searchengineland.com/figz/wp-content/themes/searchengineland/js/lib/jquery.countdown.min.js?ver=2.0.4", "requestTime": 24639.411604}}
06-28 15:26:02.357  6277  6290 E WPROF   : {"Javascript": {"url": "http://static.chartbeat.com/js/chartbeat_mab.js", "requestTime": 24639.412372}}
06-28 15:26:02.798  6277  6290 E WPROF   : {"Javascript": {"url": "http://searchengineland.com/figz/wp-includes/js/wp-emoji-release.min.js?ver=4.7.5", "requestTime": 24639.854174}}
06-28 15:26:03.215  6277  6290 E WPROF   : {"Javascript": {"url": "http://www.googletagservices.com/tag/js/gpt.js", "requestTime": 24640.271139}}
06-28 15:26:03.219  6277  6290 E WPROF   : {"Javascript": {"url": "https://www.google-analytics.com/analytics.js", "requestTime": 24640.274823}}
06-28 15:26:03.221  6277  6290 E WPROF   : {"Javascript": {"url": "http://edge.quantserve.com/quant.js", "requestTime": 24640.276614}}
06-28 15:26:03.222  6277  6290 E WPROF   : {"Javascript": {"url": "https://connect.facebook.net/en_US/fbevents.js", "requestTime": 24640.278063}}
06-28 15:26:03.287  6277  6290 E WPROF   : {"Javascript": {"url": "http://app-sj02.marketo.com/js/forms2/js/forms2.min.js", "requestTime": 24640.342354}}
06-28 15:26:03.304  6209  6259 E chromium: [ERROR:gles2_cmd_decoder.cc(3852)] [.ChromiumCompositor-0xacbb2fc0]GL ERROR :GL_INVALID_ENUM : glDiscardFramebufferEXT: attachments was GL_COLOR_EXT
06-28 15:26:03.376  6209  6259 E chromium: [ERROR:gles2_cmd_decoder.cc(3852)] [.ChromiumCompositor-0xacbb2fc0]GL ERROR :GL_INVALID_ENUM : glDiscardFramebufferEXT: attachments was GL_COLOR_EXT
06-28 15:26:03.457  6277  6290 E WPROF   : {"Javascript": {"url": "https://connect.facebook.net/signals/config/423979991297359?v=2.7.17", "requestTime": 24640.512545}}
06-28 15:26:03.465  6277  6290 E WPROF   : {"Javascript": {"url": "https://securepubads.g.doubleclick.net/gpt/pubads_impl_121.js", "requestTime": 24640.520496}}
06-28 15:26:03.569  6209  6259 E chromium: [ERROR:gles2_cmd_decoder.cc(3852)] [.ChromiumCompositor-0xacbb2fc0]GL ERROR :GL_INVALID_ENUM : glDiscardFramebufferEXT: attachments was GL_COLOR_EXT
06-28 15:26:03.797  6277  6290 E WPROF   : {"Javascript": {"url": "http://app-sj02.marketo.com/index.php/form/getForm?munchkinId=727-ZQE-044&form=5691&url=http%3A%2F%2Fsearchengineland.com%2Fsearchcap-google-io-news-google-buy-button-program-todays-google-doodle-275270&callback=jQuery110207006672190036625_1498631163728&_=1498631163729", "requestTime": 24640.853182}}
06-28 15:26:03.813  6277  6290 E WPROF   : {"Javascript": {"url": "http://app-sj02.marketo.com/index.php/form/getForm?munchkinId=727-ZQE-044&form=5685&url=http%3A%2F%2Fsearchengineland.com%2Fsearchcap-google-io-news-google-buy-button-program-todays-google-doodle-275270&callback=jQuery110207006672190036625_1498631163730&_=1498631163731", "requestTime": 24640.869180}}
06-28 15:26:04.078  6277  6290 E WPROF   : {"Javascript": {"url": "http://app-sj02.marketo.com/index.php/form/getForm?munchkinId=727-ZQE-044&form=5673&url=http%3A%2F%2Fsearchengineland.com%2Fsearchcap-google-io-news-google-buy-button-program-todays-google-doodle-275270&callback=jQuery110207006672190036625_1498631163732&_=1498631163733", "requestTime": 24641.133220}}
06-28 15:26:04.097  6277  6290 E WPROF   : {"Javascript": {"url": "http://searchengineland.com/js/ga_social_tracking.js", "requestTime": 24641.151669}}
06-28 15:26:04.103  6277  6290 E WPROF   : {"Javascript": {"url": "http://s7.addthis.com/js/300/addthis_widget.js#pubid=ra-53e918f660794f37", "requestTime": 24641.158587}}
06-28 15:26:04.172  6209  6259 E chromium: [ERROR:gles2_cmd_decoder.cc(3852)] [.ChromiumCompositor-0xacbb2fc0]GL ERROR :GL_INVALID_ENUM : glDiscardFramebufferEXT: attachments was GL_COLOR_EXT
06-28 15:26:04.741   862  1657 E LocSvc_IzatApiV02: E/virtual int izat_core::IzatApiV02::getBatchSize(int32_t):522]: Error : st = 4, ind.status = -1628389555
06-28 15:26:04.741   862  1657 E LocSvc_IzatApiV02: E/virtual int izat_core::IzatApiV02::getBatchSize(int32_t):535]: get batching size failed.Or modem does not support batching 
06-28 15:26:04.750   862  1657 E LocSvc_IzatApiV02: E/virtual int izat_core::IzatApiV02::getBatchSize(int32_t):522]: Error : st = 4, ind.status = -1628389555
06-28 15:26:04.750   862  1657 E LocSvc_IzatApiV02: E/virtual int izat_core::IzatApiV02::getBatchSize(int32_t):535]: get batching size failed.Or modem does not support batching 
06-28 15:26:04.784   862  1657 E LocSvc_IzatApiV02: E/virtual int izat_core::IzatApiV02::getBatchSize(int32_t):522]: Error : st = 4, ind.status = -1628389555
06-28 15:26:04.784   862  1657 E LocSvc_IzatApiV02: E/virtual int izat_core::IzatApiV02::getBatchSize(int32_t):535]: get batching size failed.Or modem does not support batching 
06-28 15:26:04.793   862  1657 E LocSvc_IzatApiV02: E/virtual int izat_core::IzatApiV02::getBatchSize(int32_t):522]: Error : st = 4, ind.status = -1628389555
06-28 15:26:04.793   862  1657 E LocSvc_IzatApiV02: E/virtual int izat_core::IzatApiV02::getBatchSize(int32_t):535]: get batching size failed.Or modem does not support batching 
06-28 15:26:04.820  6277  6290 E WPROF   : {"Javascript": {"url": "https://securepubads.g.doubleclick.net/gampad/ads?gdfp_req=1&correlator=2849574881329152&output=json_html&callback=googletag.impl.pubads.callbackProxy1&impl=fifs&json_a=1&eid=108809080%2C108809103&sc=0&sfv=1-0-9&iu_parts=1038259%2Csel-ciu-1%2Csel-ciu-2%2Csel-ciu-3%2Csel-ciu-4%2Csel-ciu-5%2Cch-indust", "requestTime": 24641.875685}}
06-28 15:26:04.948  6277  6290 E WPROF   : {"Javascript": {"url": "https://static.xx.fbcdn.net/rsrc.php/v3iy6L4/yF/l/ko_KR/w3AiswiqjrJ.js", "requestTime": 24642.003405}}
06-28 15:26:05.089  6277  6290 E WPROF   : {"Javascript": {"url": "http://cdn.api.twitter.com/1/users/show.json?screen_name=AmyGesenhues&callback=twttr.setFollowersCount", "requestTime": 24642.144560}}
06-28 15:26:05.202  6209  6259 E chromium: [ERROR:gles2_cmd_decoder.cc(3852)] [.ChromiumCompositor-0xacbb2fc0]GL ERROR :GL_INVALID_ENUM : glDiscardFramebufferEXT: attachments was GL_COLOR_EXT
06-28 15:26:05.562  6277  6290 E WPROF   : {"Javascript": {"url": "http://platform.twitter.com/widgets.js", "requestTime": 24642.617884}}
06-28 15:26:05.564  6277  6290 E WPROF   : {"Javascript": {"url": "http://connect.facebook.net/en_US/sdk.js", "requestTime": 24642.619659}}
06-28 15:26:05.566  6277  6290 E WPROF   : {"Javascript": {"url": "https://apis.google.com/js/platform.js", "requestTime": 24642.621443}}
06-28 15:26:05.581  6277  6290 E WPROF   : {"Javascript": {"url": "http://rules.quantcount.com/rules-p-5aGizvD82d9hk.js", "requestTime": 24642.636542}}
06-28 15:26:05.584  6277  6290 E WPROF   : {"Javascript": {"url": "http://munchkin.marketo.net/munchkin.js", "requestTime": 24642.639336}}
06-28 15:26:05.770  6277  6290 E WPROF   : {"Javascript": {"url": "http://d2j3qa5nc37287.cloudfront.net/coupon_code1.js", "requestTime": 24642.825263}}
06-28 15:26:05.848  6209  6259 E chromium: [ERROR:gles2_cmd_decoder.cc(3852)] [.ChromiumCompositor-0xacbb2fc0]GL ERROR :GL_INVALID_ENUM : glDiscardFramebufferEXT: attachments was GL_COLOR_EXT
06-28 15:26:05.868  6277  6290 E WPROF   : {"Javascript": {"url": "http://www.googleadservices.com/pagead/conversion.js", "requestTime": 24642.923870}}
06-28 15:26:05.869  6277  6290 E WPROF   : {"Javascript": {"url": "http://searchengineland.com/figz/wp-content/themes/searchengineland/js/script.js?ver=1.0", "requestTime": 24642.924658}}
06-28 15:26:05.869  6277  6290 E WPROF   : {"Javascript": {"url": "http://searchengineland.com/figz/wp-includes/js/wp-embed.min.js?ver=4.7.5", "requestTime": 24642.925146}}
06-28 15:26:05.870  6277  6290 E WPROF   : {"Javascript": {"url": "http://searchengineland.com/figz/wp-content/themes/searchengineland/js/modules/sharing_controls.js", "requestTime": 24642.925650}}
06-28 15:26:05.945  6277  6290 E WPROF   : {"CSS": {"url": "https://www.youtube.com/yts/cssbin/www-embed-player-sprite-mode-vfl5G4Xm8.css", "requestTime": 24643.000276}}
06-28 15:26:05.946  6277  6290 E WPROF   : {"Javascript": {"url": "https://www.youtube.com/yts/jsbin/www-embed-player-vfl_UY_j8/www-embed-player.js", "requestTime": 24643.001750}}
06-28 15:26:05.946  6277  6290 E WPROF   : {"Javascript": {"url": "https://www.youtube.com/yts/jsbin/player-vflo1w4O-/ko_KR/base.js", "requestTime": 24643.002212}}
06-28 15:26:06.081  6277  6290 E WPROF   : {"Javascript": {"url": "http://dnn506yrbagrg.cloudfront.net/pages/scripts/0026/4062.js?416286", "requestTime": 24643.137060}}
06-28 15:26:06.116  6209  6259 E chromium: [ERROR:gles2_cmd_decoder.cc(3852)] [.ChromiumCompositor-0xacbb2fc0]GL ERROR :GL_INVALID_ENUM : glDiscardFramebufferEXT: attachments was GL_COLOR_EXT
06-28 15:26:06.913  6277  6290 E WPROF   : {"Javascript": {"url": "http://m.addthisedge.com/live/boost/ra-53e918f660794f37/_ate.track.config_resp", "requestTime": 24643.968459}}
06-28 15:26:06.983  6277  6290 E WPROF   : {"Javascript": {"url": "http://m.addthis.com/live/red_lojson/300lo.json?si=59534bfdefc7d010&bkl=0&bl=1&pdt=2256&sid=59534bfdefc7d010&pub=ra-53e918f660794f37&rev=v7.15.4-wp&ln=ko&pc=men&cb=0&ab=-&dp=searchengineland.com&fp=searchcap-google-io-news-google-buy-button-program-todays-google-doodle-275270&fr=&of=0&pd=0&irt=0&vcl", "requestTime": 24644.038607}}
06-28 15:26:07.646  6209  6259 E chromium: [ERROR:gles2_cmd_decoder.cc(3852)] [.ChromiumCompositor-0xacbb2fc0]GL ERROR :GL_INVALID_ENUM : glDiscardFramebufferEXT: attachments was GL_COLOR_EXT
06-28 15:26:07.859  6209  6259 E chromium: [ERROR:gles2_cmd_decoder.cc(3852)] [.ChromiumCompositor-0xacbb2fc0]GL ERROR :GL_INVALID_ENUM : glDiscardFramebufferEXT: attachments was GL_COLOR_EXT
06-28 15:26:08.816  6277  6290 E WPROF   : {"Javascript": {"url": "https://www.google.com/js/bg/KWBfAnWFESAEEaKKgdYlTHY9ysQaNoQuzeMFqvxDSM8.js", "requestTime": 24645.871698}}
06-28 15:26:08.818  6277  6290 E WPROF   : {"Javascript": {"url": "https://static.doubleclick.net/instream/ad_status.js", "requestTime": 24645.873504}}
06-28 15:26:08.982  6277  6290 E WPROF   : {"CSS": {"url": "http://app-sj02.marketo.com/js/forms2/css/forms2.css", "requestTime": 24646.037251}}
06-28 15:26:08.985  6277  6290 E WPROF   : {"CSS": {"url": "http://app-sj02.marketo.com/js/forms2/css/forms2-theme-simple.css", "requestTime": 24646.040506}}
06-28 15:26:09.142  6277  6290 E WPROF   : {"Javascript": {"url": "https://tpc.googlesyndication.com/pagead/js/r20170619/r20110914/client/ext/m_window_focus_non_hydra.js", "requestTime": 24646.197516}}
06-28 15:26:09.151  6277  6290 E WPROF   : {"Javascript": {"url": "https://tpc.googlesyndication.com/pagead/js/r20170619/r20110914/activeview/osd_listener.js", "requestTime": 24646.207058}}
06-28 15:26:09.168  6277  6290 E WPROF   : {"Javascript": {"url": "http://pagead2.googlesyndication.com/pagead/osd.js", "requestTime": 24646.224180}}
06-28 15:26:09.418  6277  6290 E WPROF   : {"Javascript": {"url": "https://platform.twitter.com/js/button.b731e6c82269f70f6fc53634e044a4c6.js", "requestTime": 24646.474172}}
06-28 15:26:09.423  6277  6290 E WPROF   : {"Javascript": {"url": "http://munchkin.marketo.net/151/munchkin.js", "requestTime": 24646.479113}}
06-28 15:26:09.429  6277  6290 E WPROF   : {"Javascript": {"url": "http://www.justuno.com/ajax/account_version_check.html?id=828FA275-FF73-401E-AA39-40F5A6FAB6B1", "requestTime": 24646.484872}}
06-28 15:26:09.634  6277  6290 E WPROF   : {"Javascript": {"url": "http://s7.addthis.com/static/layers.4acb6c577b51939661ec.js", "requestTime": 24646.689216}}
06-28 15:26:09.959  6209  6259 E chromium: [ERROR:gles2_cmd_decoder.cc(3852)] [.ChromiumCompositor-0xacbb2fc0]GL ERROR :GL_INVALID_ENUM : glDiscardFramebufferEXT: attachments was GL_COLOR_EXT
06-28 15:26:10.642  6209  6259 E chromium: [ERROR:gles2_cmd_decoder.cc(3852)] [.ChromiumCompositor-0xacbb2fc0]GL ERROR :GL_INVALID_ENUM : glDiscardFramebufferEXT: attachments was GL_COLOR_EXT
06-28 15:26:11.180  6209  6259 E chromium: [ERROR:gles2_cmd_decoder.cc(3852)] [.ChromiumCompositor-0xacbb2fc0]GL ERROR :GL_INVALID_ENUM : glDiscardFramebufferEXT: attachments was GL_COLOR_EXT
06-28 15:26:12.987  6277  6290 E WPROF   : {"Javascript": {"url": "http://cdn.justuno.com/mwgt_3.6.js", "requestTime": 24650.043213}}
06-28 15:26:13.183  6209  6259 E chromium: [ERROR:gles2_cmd_decoder.cc(3852)] [.ChromiumCompositor-0xacbb2fc0]GL ERROR :GL_INVALID_ENUM : glDiscardFramebufferEXT: attachments was GL_COLOR_EXT
06-28 15:26:13.393  6209  6259 E chromium: [ERROR:gles2_cmd_decoder.cc(3852)] [.ChromiumCompositor-0xacbb2fc0]GL ERROR :GL_INVALID_ENUM : glDiscardFramebufferEXT: attachments was GL_COLOR_EXT
06-28 15:26:13.563  6209  6259 E chromium: [ERROR:gles2_cmd_decoder.cc(3852)] [.ChromiumCompositor-0xacbb2fc0]GL ERROR :GL_INVALID_ENUM : glDiscardFramebufferEXT: attachments was GL_COLOR_EXT
06-28 15:26:13.719  6209  6259 E chromium: [ERROR:gles2_cmd_decoder.cc(3852)] [.ChromiumCompositor-0xacbb2fc0]GL ERROR :GL_INVALID_ENUM : glDiscardFramebufferEXT: attachments was GL_COLOR_EXT
06-28 15:26:13.914  6209  6259 E chromium: [ERROR:gles2_cmd_decoder.cc(3852)] [.ChromiumCompositor-0xacbb2fc0]GL ERROR :GL_INVALID_ENUM : glDiscardFramebufferEXT: attachments was GL_COLOR_EXT
06-28 15:26:14.115  6209  6259 E chromium: [ERROR:gles2_cmd_decoder.cc(3852)] [.ChromiumCompositor-0xacbb2fc0]GL ERROR :GL_INVALID_ENUM : glDiscardFramebufferEXT: attachments was GL_COLOR_EXT
06-28 15:26:14.252  6277  6290 E WPROF   : {"Javascript": {"url": "https://cdn.syndication.twimg.com/widgets/followbutton/info.json?callback=__twttr.setFollowersCountAndFollowing&lang=en&screen_names=sengineland", "requestTime": 24651.307220}}
06-28 15:26:15.417  6209  6259 E chromium: [ERROR:gles2_cmd_decoder.cc(3852)] [.ChromiumCompositor-0xacbb2fc0]GL ERROR :GL_INVALID_ENUM : glDiscardFramebufferEXT: attachments was GL_COLOR_EXT
06-28 15:26:15.490  6209  6259 E chromium: [ERROR:gles2_cmd_decoder.cc(3852)] [.ChromiumCompositor-0xacbb2fc0]GL ERROR :GL_INVALID_ENUM : glDiscardFramebufferEXT: attachments was GL_COLOR_EXT
06-28 15:26:15.512  6277  6290 E WProf.db: {"page": "searchengineland.com_searchcap-google-io-news-google-buy-button-program-todays-google-doodle-275270"}
06-28 15:26:15.512  6277  6290 E WProf.db: {"DOMLoad": 24652.567389}
06-28 15:26:15.512  6277  6290 E WProf.db: {"Resource": {"id": 1, "url": "http://searchengineland.com/searchcap-google-io-news-google-buy-button-program-todays-google-doodle-275270", "sentTime": -1.000000, "len": 101833, "from": "0x0", "mimeType": "text/html", "contentLength": -1, "httpStatus": 200, "connId": 22, "connReused": 0, "cached": 0,"requestTime": 24638.910838, "proxyStart": -1, "proxyEnd": -1, "dnsStart": 0, "dnsEnd": 18, "connectStart": 0, "connectEnd": 168, "sendStart": 168, "sendEnd": 169, "receiveHeadersEnd": 334, "sslStart": -1, "sslEnd": -1}}
06-28 15:26:15.512  6277  6290 E WProf.db: {"ReceivedChunk": {"receivedTime": 24639.265717, "len": 12747}}
06-28 15:26:15.512  6277  6290 E WProf.db: {"ReceivedChunk": {"receivedTime": 24639.360552, "len": 32768}}
06-28 15:26:15.512  6277  6290 E WProf.db: {"ReceivedChunk": {"receivedTime": 24639.360776, "len": 25727}}
06-28 15:26:15.512  6277  6290 E WProf.db: {"ReceivedChunk": {"receivedTime": 24639.413316, "len": 10668}}
06-28 15:26:15.512  6277  6290 E WProf.db: {"ReceivedChunk": {"receivedTime": 24639.414637, "len": 19923}}
06-28 15:26:15.512  6277  6290 E WProf.db: {"WprofHTMLTag": {"code": "0xaeddd630", "doc": "http://searchengineland.com/searchcap-google-io-news-google-buy-button-program-todays-google-doodle-275270", "row": 6, "column": 42, "tagName": "html", "time": 24639.363328, "url": "", "pos": 1, "chunkLen": 1, "isStartTag": 1}}
06-28 15:26:15.512  6277  6290 E WProf.db: {"WprofHTMLTag": {"code": "0xaf047850", "doc": "http://searchengineland.com/searchcap-google-io-news-google-buy-button-program-todays-google-doodle-275270", "row": 7, "column": 6, "tagName": "head", "time": 24639.364323, "url": "", "pos": 1, "chunkLen": 1, "isStartTag": 1}}
06-28 15:26:15.513  6277  6290 E WProf.db: {"WprofHTMLTag": {"code": "0xaf047880", "doc": "http://searchengineland.com/searchcap-google-io-news-google-buy-button-program-todays-google-doodle-275270", "row": 8, "column": 54, "tagName": "meta", "time": 24639.364507, "url": "", "pos": 1, "chunkLen": 1, "isStartTag": 1}}
06-28 15:26:15.513  6277  6290 E WProf.db: {"WprofHTMLTag": {"code": "0xaf0478b0", "doc": "http://searchengineland.com/searchcap-google-io-news-google-buy-button-program-todays-google-doodle-275270", "row": 9, "column": 68, "tagName": "meta", "time": 24639.365184, "url": "", "pos": 1, "chunkLen": 1, "isStartTag": 1}}
06-28 15:26:15.513  6277  6290 E WProf.db: {"WprofHTMLTag": {"code": "0xaf0478e0", "doc": "http://searchengineland.com/searchcap-google-io-news-google-buy-button-program-todays-google-doodle-275270", "row": 10, "column": 23, "tagName": "meta", "time": 24639.365757, "url": "", "pos": 1, "chunkLen": 1, "isStartTag": 1}}
06-28 15:26:15.513  6277  6290 E WProf.db: {"WprofHTMLTag": {"code": "0xaf047910", "doc": "http://searchengineland.com/searchcap-google-io-news-google-buy-button-program-todays-google-doodle-275270", "row": 11, "column": 52, "tagName": "meta", "time": 24639.366428, "url": "", "pos": 1, "chunkLen": 1, "isStartTag": 1}}
06-28 15:26:15.513  6277  6290 E WProf.db: {"WprofHTMLTag": {"code": "0xaf047940", "doc": "http://searchengineland.com/searchcap-google-io-news-google-buy-button-program-todays-google-doodle-275270", "row": 14, "column": 56, "tagName": "meta", "time": 24639.367121, "url": "", "pos": 1, "chunkLen": 1, "isStartTag": 1}}
06-28 15:26:15.513  6277  6290 E WProf.db: {"WprofHTMLTag": {"code": "0xaf047970", "doc": "http://searchengineland.com/searchcap-google-io-news-google-buy-button-program-todays-google-doodle-275270", "row": 15, "column": 83, "tagName": "meta", "time": 24639.367744, "url": "", "pos": 1, "chunkLen": 1, "isStartTag": 1}}
06-28 15:26:15.513  6277  6290 E WProf.db: {"WprofHTMLTag": {"code": "0xaf0479a0", "doc": "http://searchengineland.com/searchcap-google-io-news-google-buy-button-program-todays-google-doodle-275270", "row": 16, "column": 57, "tagName": "meta", "time": 24639.368334, "url": "", "pos": 1, "chunkLen": 1, "isStartTag": 1}}
06-28 15:26:15.513  6277  6290 E WProf.db: {"WprofHTMLTag": {"code": "0xaf047a30", "doc": "http://searchengineland.com/searchcap-google-io-news-google-buy-button-program-todays-google-doodle-275270", "row": 17, "column": 41, "tagName": "meta", "time": 24639.368925, "url": "", "pos": 1, "chunkLen": 1, "isStartTag": 1}}
06-28 15:26:15.513  6277  6290 E WProf.db: {"WprofHTMLTag": {"code": "0xaf047a60", "doc": "http://searchengineland.com/searchcap-google-io-news-google-buy-button-program-todays-google-doodle-275270", "row": 18, "column": 50, "tagName": "meta", "time": 24639.369515, "url": "", "pos": 1, "chunkLen": 1, "isStartTag": 1}}
06-28 15:26:15.514  6277  6290 E WProf.db: {"WprofHTMLTag": {"code": "0xaf047a90", "doc": "http://searchengineland.com/searchcap-google-io-news-google-buy-button-program-todays-google-doodle-275270", "row": 19, "column": 174, "tagName": "meta", "time": 24639.372097, "url": "", "pos": 1, "chunkLen": 1, "isStartTag": 1}}
06-28 15:26:15.514  6277  6290 E WProf.db: {"WprofHTMLTag": {"code": "0xaf047a00", "doc": "http://searchengineland.com/searchcap-google-io-news-google-buy-button-program-todays-google-doodle-275270", "row": 20, "column": 47, "tagName": "meta", "time": 24639.372962, "url": "", "pos": 1, "chunkLen": 1, "isStartTag": 1}}
06-28 15:26:15.514  6277  6290 E WProf.db: {"WprofHTMLTag": {"code": "0xaf0479d0", "doc": "http://searchengineland.com/searchcap-google-io-news-google-buy-button-program-todays-google-doodle-275270", "row": 21, "column": 67, "tagName": "meta", "time": 24639.373963, "url": "", "pos": 1, "chunkLen": 1, "isStartTag": 1}}
06-28 15:26:15.514  6277  6290 E WProf.db: {"WprofHTMLTag": {"code": "0xaf047ac0", "doc": "http://searchengineland.com/searchcap-google-io-news-google-buy-button-program-todays-google-doodle-275270", "row": 22, "column": 57, "tagName": "meta", "time": 24639.374759, "url": "", "pos": 1, "chunkLen": 1, "isStartTag": 1}}
06-28 15:26:15.514  6277  6290 E WProf.db: {"WprofHTMLTag": {"code": "0xaf047af0", "doc": "http://searchengineland.com/searchcap-google-io-news-google-buy-button-program-todays-google-doodle-275270", "row": 23, "column": 65, "tagName": "meta", "time": 24639.375326, "url": "", "pos": 1, "chunkLen": 1, "isStartTag": 1}}
06-28 15:26:15.514  6277  6290 E WProf.db: {"WprofHTMLTag": {"code": "0xaf047b20", "doc": "http://searchengineland.com/searchcap-google-io-news-google-buy-button-program-todays-google-doodle-275270", "row": 24, "column": 55, "tagName": "meta", "time": 24639.375923, "url": "", "pos": 1, "chunkLen": 1, "isStartTag": 1}}
06-28 15:26:15.514  6277  6290 E WProf.db: {"WprofHTMLTag": {"code": "0xaf047b50", "doc": "http://searchengineland.com/searchcap-google-io-news-google-buy-button-program-todays-google-doodle-275270", "row": 25, "column": 71, "tagName": "meta", "time": 24639.376473, "url": "", "pos": 1, "chunkLen": 1, "isStartTag": 1}}
06-28 15:26:15.514  6277  6290 E WProf.db: {"WprofHTMLTag": {"code": "0xaf047b80", "doc": "http://searchengineland.com/searchcap-google-io-news-google-buy-button-program-todays-google-doodle-275270", "row": 26, "column": 86, "tagName": "meta", "time": 24639.377010, "url": "", "pos": 1, "chunkLen": 1, "isStartTag": 1}}
06-28 15:26:15.514  6277  6290 E WProf.db: {"WprofHTMLTag": {"code": "0xaf047bb0", "doc": "http://searchengineland.com/searchcap-google-io-news-google-buy-button-program-todays-google-doodle-275270", "row": 27, "column": 54, "tagName": "meta", "time": 24639.377551, "url": "", "pos": 1, "chunkLen": 1, "isStartTag": 1}}
06-28 15:26:15.514  6277  6290 E WProf.db: {"WprofHTMLTag": {"code": "0xaf047be0", "doc": "http://searchengineland.com/searchcap-google-io-news-google-buy-button-program-todays-google-doodle-275270", "row": 29, "column": 39, "tagName": "meta", "time": 24639.378143, "url": "", "pos": 1, "chunkLen": 1, "isStartTag": 1}}
06-28 15:26:15.514  6277  6290 E WProf.db: {"WprofHTMLTag": {"code": "0xaf047c10", "doc": "http://searchengineland.com/searchcap-google-io-news-google-buy-button-program-todays-google-doodle-275270", "row": 30, "column": 151, "tagName": "meta", "time": 24639.378695, "url": "", "pos": 1, "chunkLen": 1, "isStartTag": 1}}
06-28 15:26:15.514  6277  6290 E WProf.db: {"WprofHTMLTag": {"code": "0xaf047c40", "doc": "http://searchengineland.com/searchcap-google-io-news-google-buy-button-program-todays-google-doodle-275270", "row": 31, "column": 55, "tagName": "meta", "time": 24639.379249, "url": "", "pos": 1, "chunkLen": 1, "isStartTag": 1}}
06-28 15:26:15.514  6277  6290 E WProf.db: {"WprofHTMLTag": {"code": "0xaf047c70", "doc": "http://searchengineland.com/searchcap-google-io-news-google-buy-button-program-todays-google-doodle-275270", "row": 32, "column": 54, "tagName": "meta", "time": 24639.379863, "url": "", "pos": 1, "chunkLen": 1, "isStartTag": 1}}
06-28 15:26:15.515  6277  6290 E WProf.db: {"WprofHTMLTag": {"code": "0xaf047ca0", "doc": "http://searchengineland.com/searchcap-google-io-news-google-buy-button-program-todays-google-doodle-275270", "row": 33, "column": 133, "tagName": "meta", "time": 24639.380616, "url": "", "pos": 1, "chunkLen": 1, "isStartTag": 1}}
06-28 15:26:15.515  6277  6290 E WProf.db: {"WprofHTMLTag": {"code": "0xaf047cd0", "doc": "http://searchengineland.com/searchcap-google-io-news-google-buy-button-program-todays-google-doodle-275270", "row": 37, "column": 36, "tagName": "script", "time": 24639.381162, "url": "", "pos": 1, "chunkLen": 1, "isStartTag": 1}}
06-28 15:26:15.515  6277  6290 E WProf.db: {"WprofHTMLTag": {"code": "0xaf047d00", "doc": "http://searchengineland.com/searchcap-google-io-news-google-buy-button-program-todays-google-doodle-275270", "row": 53, "column": 10, "tagName": "script", "time": 24639.382653, "url": "", "pos": 1, "chunkLen": 1, "isStartTag": 0}}
06-28 15:26:15.515  6277  6290 E WProf.db: {"WprofHTMLTag": {"code": "0xaf047d30", "doc": "http://searchengineland.com/searchcap-google-io-news-google-buy-button-program-todays-google-doodle-275270", "row": 55, "column": 86, "tagName": "link", "time": 24639.385503, "url": "http://searchengineland.com/apple-touch-icon.png", "pos": 1, "chunkLen": 1, "isStartTag": 1}}
06-28 15:26:15.515  6277  6290 E WProf.db: {"WprofHTMLTag": {"code": "0xaf047d60", "doc": "http://searchengineland.com/searchcap-google-io-news-google-buy-button-program-todays-google-doodle-275270", "row": 56, "column": 76, "tagName": "link", "time": 24639.387041, "url": "http://searchengineland.com/favicon.ico", "pos": 1, "chunkLen": 1, "isStartTag": 1}}
06-28 15:26:15.515  6277  6290 E WProf.db: {"WprofHTMLTag": {"code": "0xaf047d90", "doc": "http://searchengineland.com/searchcap-google-io-news-google-buy-button-program-todays-google-doodle-275270", "row": 57, "column": 158, "tagName": "link", "time": 24639.388091, "url": "http://feeds.searchengineland.com/searchengineland", "pos": 1, "chunkLen": 1, "isStartTag": 1}}
06-28 15:26:15.515  6277  6290 E WProf.db: {"WprofHTMLTag": {"code": "0xaf047dc0", "doc": "http://searchengineland.com/searchcap-google-io-news-google-buy-button-program-todays-google-doodle-275270", "row": 58, "column": 149, "tagName": "link", "time": 24639.389594, "url": "http://feeds.searchengineland.com/searchcap", "pos": 1, "chunkLen": 1, "isStartTag": 1}}
06-28 15:26:15.515  6277  6290 E WProf.db: {"WprofHTMLTag": {"code": "0xaf047df0", "doc": "http://searchengineland.com/searchcap-google-io-news-google-buy-button-program-todays-google-doodle-275270", "row": 59, "column": 150, "tagName": "link", "time": 24639.395159, "url": "http://searchengineland.com/figz/wp-content/themes/searchengineland/css/searchengineland-bootstrap.css", "pos": 1, "chunkLen": 1, "isStartTag": 1}}
06-28 15:26:15.515  6277  6290 E WProf.db: {"WprofHTMLTag": {"code": "0xaf047e50", "doc": "http://searchengineland.com/searchcap-google-io-news-google-buy-button-program-todays-google-doodle-275270", "row": 60, "column": 105, "tagName": "link", "time": 24639.401303, "url": "http://fonts.googleapis.com/css?family=Oswald:300,400,700", "pos": 1, "chunkLen": 1, "isStartTag": 1}}
06-28 15:26:15.516  6277  6290 E WProf.db: {"WprofHTMLTag": {"code": "0xaf047eb0", "doc": "http://searchengineland.com/searchcap-google-io-news-google-buy-button-program-todays-google-doodle-275270", "row": 61, "column": 125, "tagName": "link", "time": 24639.402021, "url": "http://searchengineland.com/figz/wp-content/themes/searchengineland/style.css", "pos": 1, "chunkLen": 1, "isStartTag": 1}}
06-28 15:26:15.516  6277  6290 E WProf.db: {"WprofHTMLTag": {"code": "0xaf047f10", "doc": "http://searchengineland.com/searchcap-google-io-news-google-buy-button-program-todays-google-doodle-275270", "row": 65, "column": 7, "tagName": "title", "time": 24639.403866, "url": "", "pos": 1, "chunkLen": 1, "isStartTag": 1}}
06-28 15:26:15.516  6277  6290 E WProf.db: {"WprofHTMLTag": {"code": "0xaf047f40", "doc": "http://searchengineland.com/searchcap-google-io-news-google-buy-button-program-todays-google-doodle-275270", "row": 65, "column": 113, "tagName": "title", "time": 24639.404140, "url": "", "pos": 1, "chunkLen": 1, "isStartTag": 0}}
06-28 15:26:15.516  6277  6290 E WProf.db: {"WprofHTMLTag": {"code": "0xaf047f70", "doc": "http://searchengineland.com/searchcap-google-io-news-google-buy-button-program-todays-google-doodle-275270", "row": 66, "column": 148, "tagName": "meta", "time": 24639.404164, "url": "", "pos": 1, "chunkLen": 1, "isStartTag": 1}}
06-28 15:26:15.516  6277  6290 E WProf.db: {"WprofHTMLTag": {"code": "0xaf047fa0", "doc": "http://searchengineland.com/searchcap-google-io-news-google-buy-button-program-todays-google-doodle-275270", "row": 67, "column": 40, "tagName": "meta", "time": 24639.404313, "url": "", "pos": 1, "chunkLen": 1, "isStartTag": 1}}
06-28 15:26:15.516  6277  6290 E WProf.db: {"WprofHTMLTag": {"code": "0xaf047fd0", "doc": "http://searchengineland.com/searchcap-google-io-news-google-buy-button-program-todays-google-doodle-275270", "row": 68, "column": 148, "tagName": "meta", "time": 24639.404436, "url": "", "pos": 1, "chunkLen": 1, "isStartTag": 1}}
06-28 15:26:15.516  6277  6290 E WProf.db: {"WprofHTMLTag": {"code": "0xb4cc74b0", "doc": "http://searchengineland.com/searchcap-google-io-news-google-buy-button-program-todays-google-doodle-275270", "row": 69, "column": 37, "tagName": "meta", "time": 24639.404557, "url": "", "pos": 1, "chunkLen": 1, "isStartTag": 1}}
06-28 15:26:15.516  6277  6290 E WProf.db: {"WprofHTMLTag": {"code": "0xb4cc7540", "doc": "http://searchengineland.com/searchcap-google-io-news-google-buy-button-program-todays-google-doodle-275270", "row": 70, "column": 138, "tagName": "link", "time": 24639.404674, "url": "http://searchengineland.com/searchcap-google-io-news-google-buy-button-program-todays-google-doodle-275270", "pos": 1, "chunkLen": 1, "isStartTag": 1}}
06-28 15:26:15.516  6277  6290 E WProf.db: {"WprofHTMLTag": {"code": "0xb4cc78a0", "doc": "http://searchengineland.com/searchcap-google-io-news-google-buy-button-program-todays-google-doodle-275270", "row": 71, "column": 76, "tagName": "link", "time": 24639.404905, "url": "https://plus.google.com/103218677032751327334", "pos": 1, "chunkLen": 1, "isStartTag": 1}}
06-28 15:26:15.516  6277  6290 E WProf.db: {"WprofHTMLTag": {"code": "0xb4cc78d0", "doc": "http://searchengineland.com/searchcap-google-io-news-google-buy-button-program-todays-google-doodle-275270", "row": 72, "column": 45, "tagName": "meta", "time": 24639.405109, "url": "", "pos": 1, "chunkLen": 1, "isStartTag": 1}}
06-28 15:26:15.516  6277  6290 E WProf.db: {"WprofHTMLTag": {"code": "0xb4cc7900", "doc": "http://searchengineland.com/searchcap-google-io-news-google-buy-button-program-todays-google-doodle-275270", "row": 73, "column": 45, "tagName": "meta", "time": 24639.405234, "url": "", "pos": 1, "chunkLen": 1, "isStartTag": 1}}
06-28 15:26:15.516  6277  6290 E WProf.db: {"WprofHTMLTag": {"code": "0xb4cc7930", "doc": "http://searchengineland.com/searchcap-google-io-news-google-buy-button-program-todays-google-doodle-275270", "row": 74, "column": 137, "tagName": "meta", "time": 24639.405354, "url": "", "pos": 1, "chunkLen": 1, "isStartTag": 1}}
06-28 15:26:15.516  6277  6290 E WProf.db: {"WprofHTMLTag": {"code": "0xb4cc7960", "doc": "http://searchengineland.com/searchcap-google-io-news-google-buy-button-program-todays-google-doodle-275270", "row": 75, "column": 156, "tagName": "meta", "time": 24639.405470, "url": "", "pos": 1, "chunkLen": 1, "isStartTag": 1}}
06-28 15:26:15.517  6277  6290 E WProf.db: {"WprofHTMLTag": {"code": "0xb4cc7990", "doc": "http://searchengineland.com/searchcap-google-io-news-google-buy-button-program-todays-google-doodle-275270", "row": 76, "column": 143, "tagName": "meta", "time": 24639.405868, "url": "", "pos": 1, "chunkLen": 1, "isStartTag": 1}}
06-28 15:26:15.517  6277  6290 E WProf.db: {"WprofHTMLTag": {"code": "0xb4cc79c0", "doc": "http://searchengineland.com/searchcap-google-io-news-google-buy-button-program-todays-google-doodle-275270", "row": 77, "column": 61, "tagName": "meta", "time": 24639.406000, "url": "", "pos": 1, "chunkLen": 1, "isStartTag": 1}}
06-28 15:26:15.517  6277  6290 E WProf.db: {"WprofHTMLTag": {"code": "0xb4cc79f0", "doc": "http://searchengineland.com/searchcap-google-io-news-google-buy-button-program-todays-google-doodle-275270", "row": 78, "column": 89, "tagName": "meta", "time": 24639.406125, "url": "", "pos": 1, "chunkLen": 1, "isStartTag": 1}}
06-28 15:26:15.517  6277  6290 E WProf.db: {"WprofHTMLTag": {"code": "0xb4cc7a20", "doc": "http://searchengineland.com/searchcap-google-io-news-google-buy-button-program-todays-google-doodle-275270", "row": 79, "column": 63, "tagName": "meta", "time": 24639.406248, "url": "", "pos": 1, "chunkLen": 1, "isStartTag": 1}}
06-28 15:26:15.517  6277  6290 E WProf.db: {"WprofHTMLTag": {"code": "0xb4cc7a50", "doc": "http://searchengineland.com/searchcap-google-io-news-google-buy-button-program-todays-google-doodle-275270", "row": 80, "column": 78, "tagName": "meta", "time": 24639.406373, "url": "", "pos": 1, "chunkLen": 1, "isStartTag": 1}}
06-28 15:26:15.517  6277  6290 E WProf.db: {"WprofHTMLTag": {"code": "0xb4cc7a80", "doc": "http://searchengineland.com/searchcap-google-io-news-google-buy-button-program-todays-google-doodle-275270", "row": 81, "column": 77, "tagName": "meta", "time": 24639.406500, "url": "", "pos": 1, "chunkLen": 1, "isStartTag": 1}}
06-28 15:26:15.517  6277  6290 E WProf.db: {"WprofHTMLTag": {"code": "0xb4cc7ab0", "doc": "http://searchengineland.com/searchcap-google-io-news-google-buy-button-program-todays-google-doodle-275270", "row": 82, "column": 71, "tagName": "meta", "time": 24639.406616, "url": "", "pos": 1, "chunkLen": 1, "isStartTag": 1}}
06-28 15:26:15.517  6277  6290 E WProf.db: {"WprofHTMLTag": {"code": "0xb4cc7ae0", "doc": "http://searchengineland.com/searchcap-google-io-news-google-buy-button-program-todays-google-doodle-275270", "row": 83, "column": 127, "tagName": "meta", "time": 24639.406734, "url": "", "pos": 1, "chunkLen": 1, "isStartTag": 1}}
06-28 15:26:15.517  6277  6290 E WProf.db: {"WprofHTMLTag": {"code": "0xb4cc7b10", "doc": "http://searchengineland.com/searchcap-google-io-news-google-buy-button-program-todays-google-doodle-275270", "row": 84, "column": 49, "tagName": "meta", "time": 24639.406866, "url": "", "pos": 1, "chunkLen": 1, "isStartTag": 1}}
06-28 15:26:15.517  6277  6290 E WProf.db: {"WprofHTMLTag": {"code": "0xb4cc7b40", "doc": "http://searchengineland.com/searchcap-google-io-news-google-buy-button-program-todays-google-doodle-275270", "row": 85, "column": 50, "tagName": "meta", "time": 24639.406998, "url": "", "pos": 1, "chunkLen": 1, "isStartTag": 1}}
06-28 15:26:15.518  6277  6290 E WProf.db: {"WprofHTMLTag": {"code": "0xb4cc7b70", "doc": "http://searchengineland.com/searchcap-google-io-news-google-buy-button-program-todays-google-doodle-275270", "row": 86, "column": 58, "tagName": "meta", "time": 24639.407124, "url": "", "pos": 1, "chunkLen": 1, "isStartTag": 1}}
06-28 15:26:15.518  6277  6290 E WProf.db: {"WprofHTMLTag": {"code": "0xb4cc7ba0", "doc": "http://searchengineland.com/searchcap-google-io-news-google-buy-button-program-todays-google-doodle-275270", "row": 87, "column": 157, "tagName": "meta", "time": 24639.407260, "url": "", "pos": 1, "chunkLen": 1, "isStartTag": 1}}
06-28 15:26:15.518  6277  6290 E WProf.db: {"WprofHTMLTag": {"code": "0xb4cc7bd0", "doc": "http://searchengineland.com/searchcap-google-io-news-google-buy-button-program-todays-google-doodle-275270", "row": 88, "column": 138, "tagName": "meta", "time": 24639.407390, "url": "", "pos": 1, "chunkLen": 1, "isStartTag": 1}}
06-28 15:26:15.518  6277  6290 E WProf.db: {"WprofHTMLTag": {"code": "0xb4cc7c00", "doc": "http://searchengineland.com/searchcap-google-io-news-google-buy-button-program-todays-google-doodle-275270", "row": 89, "column": 51, "tagName": "meta", "time": 24639.407518, "url": "", "pos": 1, "chunkLen": 1, "isStartTag": 1}}
06-28 15:26:15.518  6277  6290 E WProf.db: {"WprofHTMLTag": {"code": "0xb4cc7c30", "doc": "http://searchengineland.com/searchcap-google-io-news-google-buy-button-program-todays-google-doodle-275270", "row": 90, "column": 128, "tagName": "meta", "time": 24639.407641, "url": "", "pos": 1, "chunkLen": 1, "isStartTag": 1}}
06-28 15:26:15.518  6277  6290 E WProf.db: {"WprofHTMLTag": {"code": "0xb4cc7c60", "doc": "http://searchengineland.com/searchcap-google-io-news-google-buy-button-program-todays-google-doodle-275270", "row": 91, "column": 55, "tagName": "meta", "time": 24639.407763, "url": "", "pos": 1, "chunkLen": 1, "isStartTag": 1}}
06-28 15:26:15.518  6277  6290 E WProf.db: {"WprofHTMLTag": {"code": "0xb4cc7c90", "doc": "http://searchengineland.com/searchcap-google-io-news-google-buy-button-program-todays-google-doodle-275270", "row": 94, "column": 44, "tagName": "link", "time": 24639.407892, "url": "http://s.w.org/", "pos": 1, "chunkLen": 1, "isStartTag": 1}}
06-28 15:26:15.518  6277  6290 E WProf.db: {"WprofHTMLTag": {"code": "0xb4cc7cc0", "doc": "http://searchengineland.com/searchcap-google-io-news-google-buy-button-program-todays-google-doodle-275270", "row": 95, "column": 33, "tagName": "script", "time": 24639.408164, "url": "", "pos": 1, "chunkLen": 1, "isStartTag": 1}}
06-28 15:26:15.518  6277  6290 E WProf.db: {"WprofHTMLTag": {"code": "0xb4cc7cf0", "doc": "http://searchengineland.com/searchcap-google-io-news-google-buy-button-program-todays-google-doodle-275270", "row": 98, "column": 11, "tagName": "script", "time": 24639.408406, "url": "http://searchengineland.com/figz/wp-includes/js/wp-emoji-release.min.js?ver=4.7.5", "pos": 1, "chunkLen": 1, "isStartTag": 0}}
06-28 15:26:15.518  6277  6290 E WProf.db: {"WprofHTMLTag": {"code": "0xaa1ada80", "doc": "http://searchengineland.com/searchcap-google-io-news-google-buy-button-program-todays-google-doodle-275270", "row": 99, "column": 25, "tagName": "style", "time": 24639.854965, "url": "", "pos": 1, "chunkLen": 1, "isStartTag": 1}}
06-28 15:26:15.519  6277  6290 E WProf.db: {"WprofHTMLTag": {"code": "0xaa1adab0", "doc": "http://searchengineland.com/searchcap-google-io-news-google-buy-button-program-todays-google-doodle-275270", "row": 112, "column": 8, "tagName": "style", "time": 24639.855243, "url": "", "pos": 1, "chunkLen": 1, "isStartTag": 0}}
06-28 15:26:15.519  6277  6290 E WProf.db: {"WprofHTMLTag": {"code": "0xaa1adae0", "doc": "http://searchengineland.com/searchcap-google-io-news-google-buy-button-program-todays-google-doodle-275270", "row": 113, "column": 140, "tagName": "script", "time": 24639.856948, "url": "http://searchengineland.com/figz/wp-content/themes/searchengineland/js/lib/modernizr.custom.js?ver=1.0", "pos": 1, "chunkLen": 1, "isStartTag": 1}}
06-28 15:26:15.519  6277  6290 E WProf.db: {"WprofHTMLTag": {"code": "0xaa1adb10", "doc": "http://searchengineland.com/searchcap-google-io-news-google-buy-button-program-todays-google-doodle-275270", "row": 113, "column": 149, "tagName": "script", "time": 24639.857203, "url": "", "pos": 1, "chunkLen": 1, "isStartTag": 0}}
06-28 15:26:15.519  6277  6290 E WProf.db: {"WprofHTMLTag": {"code": "0xaa1adba0", "doc": "http://searchengineland.com/searchcap-google-io-news-google-buy-button-program-todays-google-doodle-275270", "row": 114, "column": 144, "tagName": "script", "time": 24639.865055, "url": "http://searchengineland.com/figz/wp-content/themes/searchengineland/js/lib/jquery-1.11.0.min.js?ver=1.11.0", "pos": 1, "chunkLen": 1, "isStartTag": 1}}
06-28 15:26:15.519  6277  6290 E WProf.db: {"WprofHTMLTag": {"code": "0xaa1adbd0", "doc": "http://searchengineland.com/searchcap-google-io-news-google-buy-button-program-todays-google-doodle-275270", "row": 114, "column": 153, "tagName": "script", "time": 24639.865304, "url": "", "pos": 1, "chunkLen": 1, "isStartTag": 0}}
06-28 15:26:15.519  6277  6290 E WProf.db: {"WprofHTMLTag": {"code": "0xaeddd9c0", "doc": "http://searchengineland.com/searchcap-google-io-news-google-buy-button-program-todays-google-doodle-275270", "row": 0, "column": 15, "tagName": "div", "time": 24640.012049, "url": "", "pos": 15, "chunkLen": 44, "isStartTag": 1}}
06-28 15:26:15.519  6277  6290 E WProf.db: {"WprofHTMLTag": {"code": "0xaeddd990", "doc": "http://searchengineland.com/searchcap-google-io-news-google-buy-button-program-todays-google-doodle-275270", "row": 0, "column": 21, "tagName": "div", "time": 24640.012430, "url": "", "pos": 21, "chunkLen": 44, "isStartTag": 0}}
06-28 15:26:15.519  6277  6290 E WProf.db: {"WprofHTMLTag": {"code": "0xaeddd960", "doc": "http://searchengineland.com/searchcap-google-io-news-google-buy-button-program-todays-google-doodle-275270", "row": 0, "column": 38, "tagName": "div", "time": 24640.012496, "url": "", "pos": 38, "chunkLen": 44, "isStartTag": 1}}
06-28 15:26:15.519  6277  6290 E WProf.db: {"WprofHTMLTag": {"code": "0xaedddb70", "doc": "http://searchengineland.com/searchcap-google-io-news-google-buy-button-program-todays-google-doodle-275270", "row": 0, "column": 44, "tagName": "div", "time": 24640.012724, "url": "", "pos": 44, "chunkLen": 44, "isStartTag": 0}}
06-28 15:26:15.519  6277  6290 E WProf.db: {"WprofHTMLTag": {"code": "0xaeddde40", "doc": "http://searchengineland.com/searchcap-google-io-news-google-buy-button-program-todays-google-doodle-275270", "row": 0, "column": 13, "tagName": "select", "time": 24640.014331, "url": "", "pos": 13, "chunkLen": 51, "isStartTag": 1}}
06-28 15:26:15.519  6277  6290 E WProf.db: {"WprofHTMLTag": {"code": "0xaeddde10", "doc": "http://searchengineland.com/searchcap-google-io-news-google-buy-button-program-todays-google-doodle-275270", "row": 0, "column": 33, "tagName": "option", "time": 24640.014519, "url": "", "pos": 33, "chunkLen": 51, "isStartTag": 1}}
06-28 15:26:15.519  6277  6290 E WProf.db: {"WprofHTMLTag": {"code": "0xaedddde0", "doc": "http://searchengineland.com/searchcap-google-io-news-google-buy-button-program-todays-google-doodle-275270", "row": 0, "column": 42, "tagName": "option", "time": 24640.014726, "url": "", "pos": 42, "chunkLen": 51, "isStartTag": 0}}
06-28 15:26:15.519  6277  6290 E WProf.db: {"WprofHTMLTag": {"code": "0xaa1adc00", "doc": "http://searchengineland.com/searchcap-google-io-news-google-buy-button-program-todays-google-doodle-275270", "row": 0, "column": 51, "tagName": "select", "time": 24640.014778, "url": "", "pos": 51, "chunkLen": 51, "isStartTag": 0}}
06-28 15:26:15.520  6277  6290 E WProf.db: {"WprofHTMLTag": {"code": "0xaa1adc30", "doc": "http://searchengineland.com/searchcap-google-io-news-google-buy-button-program-todays-google-doodle-275270", "row": 0, "column": 12, "tagName": "a", "time": 24640.019049, "url": "", "pos": 12, "chunkLen": 16, "isStartTag": 1}}
06-28 15:26:15.520  6277  6290 E WProf.db: {"WprofHTMLTag": {"code": "0xaa1adc60", "doc": "http://searchengineland.com/searchcap-google-io-news-google-buy-button-program-todays-google-doodle-275270", "row": 0, "column": 16, "tagName": "a", "time": 24640.019213, "url": "", "pos": 16, "chunkLen": 16, "isStartTag": 0}}
06-28 15:26:15.520  6277  6290 E WProf.db: {"WprofHTMLTag": {"code": "0xaa1adc90", "doc": "http://searchengineland.com/searchcap-google-io-news-google-buy-button-program-todays-google-doodle-275270", "row": 0, "column": 8, "tagName": "input", "time": 24640.020211, "url": "", "pos": 8, "chunkLen": 8, "isStartTag": 1}}
06-28 15:26:15.520  6277  6290 E WProf.db: {"WprofHTMLTag": {"code": "0xaa1adcc0", "doc": "http://searchengineland.com/searchcap-google-io-news-google-buy-button-program-todays-google-doodle-275270", "row": 0, "column": 9, "tagName": "link", "time": 24640.029434, "url": "", "pos": 9, "chunkLen": 42, "isStartTag": 1}}
06-28 15:26:15.520  6277  6290 E WProf.db: {"WprofHTMLTag": {"code": "0xaa1adcf0", "doc": "http://searchengineland.com/searchcap-google-io-news-google-buy-button-program-todays-google-doodle-275270", "row": 0, "column": 16, "tagName": "table", "time": 24640.029558, "url": "", "pos": 16, "chunkLen": 42, "isStartTag": 1}}
06-28 15:26:15.520  6277  6290 E WProf.db: {"WprofHTMLTag": {"code": "0xaa1add20", "doc": "http://searchengineland.com/searchcap-google-io-news-google-buy-button-program-todays-google-doodle-275270", "row": 0, "column": 24, "tagName": "table", "time": 24640.029797, "url": "", "pos": 24, "chunkLen": 42, "isStartTag": 0}}
06-28 15:26:15.520  6277  6290 E WProf.db: {"WprofHTMLTag": {"code": "0xaa1add50", "doc": "http://searchengineland.com/searchcap-google-io-news-google-buy-button-program-todays-google-doodle-275270", "row": 0, "column": 37, "tagName": "a", "time": 24640.029865, "url": "", "pos": 37, "chunkLen": 42, "isStartTag": 1}}
06-28 15:26:15.520  6277  6290 E WProf.db: {"WprofHTMLTag": {"code": "0xaa1add80", "doc": "http://searchengineland.com/searchcap-google-io-news-google-buy-button-program-todays-google-doodle-275270", "row": 0, "column": 42, "tagName": "a", "time": 24640.030087, "url": "", "pos": 42, "chunkLen": 42, "isStartTag": 0}}
06-28 15:26:15.520  6277  6290 E WProf.db: {"WprofHTMLTag": {"code": "0xaa1ade10", "doc": "http://searchengineland.com/searchcap-google-io-news-google-buy-button-program-todays-google-doodle-275270", "row": 0, "column": 10, "tagName": "textarea", "time": 24640.031360, "url": "", "pos": 10, "chunkLen": 22, "isStartTag": 1}}
06-28 15:26:15.520  6277  6290 E WProf.db: {"WprofHTMLTag": {"code": "0xaa1ade40", "doc": "http://searchengineland.com/searchcap-google-io-news-google-buy-button-program-todays-google-doodle-275270", "row": 0, "column": 22, "tagName": "textarea", "time": 24640.031556, "url": "", "pos": 22, "chunkLen": 22, "isStartTag": 0}}
06-28 15:26:15.520  6277  6290 E WProf.db: {"WprofHTMLTag": {"code": "0xaa1ade70", "doc": "http://searchengineland.com/searchcap-google-io-news-google-buy-button-program-todays-google-doodle-275270", "row": 0, "column": 48, "tagName": "input", "time": 24640.032650, "url": "", "pos": 48, "chunkLen": 48, "isStartTag": 1}}
06-28 15:26:15.520  6277  6290 E WProf.db: {"WprofHTMLTag": {"code": "0xaa1aded0", "doc": "http://searchengineland.com/searchcap-google-io-news-google-buy-button-program-todays-google-doodle-275270", "row": 0, "column": 9, "tagName": "link", "time": 24640.037026, "url": "", "pos": 9, "chunkLen": 66, "isStartTag": 1}}
06-28 15:26:15.520  6277  6290 E WProf.db: {"WprofHTMLTag": {"code": "0xaa1adf00", "doc": "http://searchengineland.com/searchcap-google-io-news-google-buy-button-program-todays-google-doodle-275270", "row": 0, "column": 16, "tagName": "table", "time": 24640.037156, "url": "", "pos": 16, "chunkLen": 66, "isStartTag": 1}}
06-28 15:26:15.520  6277  6290 E WProf.db: {"WprofHTMLTag": {"code": "0xaa1adf30", "doc": "http://searchengineland.com/searchcap-google-io-news-google-buy-button-program-todays-google-doodle-275270", "row": 0, "column": 24, "tagName": "table", "time": 24640.037232, "url": "", "pos": 24, "chunkLen": 66, "isStartTag": 0}}
06-28 15:26:15.521  6277  6290 E WProf.db: {"WprofHTMLTag": {"code": "0xaa1adf60", "doc": "http://searchengineland.com/searchcap-google-io-news-google-buy-button-program-todays-google-doodle-275270", "row": 0, "column": 37, "tagName": "a", "time": 24640.037300, "url": "", "pos": 37, "chunkLen": 66, "isStartTag": 1}}
06-28 15:26:15.521  6277  6290 E WProf.db: {"WprofHTMLTag": {"code": "0xaa1adf90", "doc": "http://searchengineland.com/searchcap-google-io-news-google-buy-button-program-todays-google-doodle-275270", "row": 0, "column": 42, "tagName": "a", "time": 24640.037548, "url": "", "pos": 42, "chunkLen": 66, "isStartTag": 0}}
06-28 15:26:15.521  6277  6290 E WProf.db: {"WprofHTMLTag": {"code": "0xaa1adfc0", "doc": "http://searchengineland.com/searchcap-google-io-news-google-buy-button-program-todays-google-doodle-275270", "row": 0, "column": 66, "tagName": "input", "time": 24640.037617, "url": "", "pos": 66, "chunkLen": 66, "isStartTag": 1}}
06-28 15:26:15.521  6277  6290 E WProf.db: {"WprofHTMLTag": {"code": "0xaa1ae050", "doc": "http://searchengineland.com/searchcap-google-io-news-google-buy-button-program-todays-google-doodle-275270", "row": 0, "column": 9, "tagName": "link", "time": 24640.039344, "url": "", "pos": 9, "chunkLen": 66, "isStartTag": 1}}
06-28 15:26:15.521  6277  6290 E WProf.db: {"WprofHTMLTag": {"code": "0xaa1ae080", "doc": "http://searchengineland.com/searchcap-google-io-news-google-buy-button-program-todays-google-doodle-275270", "row": 0, "column": 16, "tagName": "table", "time": 24640.039474, "url": "", "pos": 16, "chunkLen": 66, "isStartTag": 1}}
