--------- beginning of system
--------- beginning of main
06-28 14:47:50.122  3449  3449 E Finsky  : [1] com.google.android.finsky.wear.bl.a(3): onConnectionFailed: ConnectionResult{statusCode=API_UNAVAILABLE, resolution=null, message=null}
06-28 14:47:51.116 25302 25302 E chromium: [ERROR:shell_integration_android.cc(12)] Not implemented reached in static ShellIntegration::DefaultWebClientSetPermission ShellIntegration::CanSetAsDefaultBrowser()
06-28 14:47:51.119 25302 25302 E chromium: [ERROR:browser_process_impl.cc(720)] Not implemented reached in virtual BackgroundModeManager* BrowserProcessImpl::background_mode_manager()
06-28 14:47:51.476  3218 10619 E AudioRecord-JNI: Error -4 during AudioRecord native read
06-28 14:47:53.792 25302 25358 E chromium: [ERROR:gles2_cmd_decoder.cc(3852)] [.ChromiumCompositor-0xacbb2fc0]GL ERROR :GL_INVALID_ENUM : glDiscardFramebufferEXT: attachments was GL_COLOR_EXT
06-28 14:47:54.034 25376 25389 E WPROF   : {"CSS": {"url": "http://searchengineland.com/figz/wp-content/themes/searchengineland/css/searchengineland-bootstrap.css", "requestTime": 22351.090147}}
06-28 14:47:54.035 25376 25389 E WPROF   : {"CSS": {"url": "http://fonts.googleapis.com/css?family=Oswald:300,400,700", "requestTime": 22351.090883}}
06-28 14:47:54.036 25376 25389 E WPROF   : {"CSS": {"url": "http://searchengineland.com/figz/wp-content/themes/searchengineland/style.css", "requestTime": 22351.091354}}
06-28 14:47:54.046 25376 25389 E WPROF   : {"Javascript": {"url": "http://searchengineland.com/figz/wp-content/themes/searchengineland/js/lib/modernizr.custom.js?ver=1.0", "requestTime": 22351.101931}}
06-28 14:47:54.047 25376 25389 E WPROF   : {"Javascript": {"url": "http://searchengineland.com/figz/wp-content/themes/searchengineland/js/lib/jquery-1.11.0.min.js?ver=1.11.0", "requestTime": 22351.102360}}
06-28 14:47:54.047 25376 25389 E WPROF   : {"Javascript": {"url": "http://searchengineland.com/figz/wp-content/themes/searchengineland/js/lib/jquery-ui-1.10.3.custom.min.js?ver=1.10.3", "requestTime": 22351.102683}}
06-28 14:47:54.047 25376 25389 E WPROF   : {"Javascript": {"url": "http://searchengineland.com/figz/wp-content/themes/searchengineland/js/lib/jquery.ba-throttle-debounce.min.js?ver=1.1", "requestTime": 22351.102980}}
06-28 14:47:54.048 25376 25389 E WPROF   : {"Javascript": {"url": "http://searchengineland.com/figz/wp-content/themes/searchengineland/js/lib/jquery.countdown.min.js?ver=2.0.4", "requestTime": 22351.103300}}
06-28 14:47:54.048 25376 25389 E WPROF   : {"Javascript": {"url": "http://static.chartbeat.com/js/chartbeat_mab.js", "requestTime": 22351.103830}}
06-28 14:47:54.587 25376 25389 E WPROF   : {"Javascript": {"url": "http://searchengineland.com/figz/wp-includes/js/wp-emoji-release.min.js?ver=4.7.5", "requestTime": 22351.642460}}
06-28 14:47:55.121 25376 25389 E WPROF   : {"Javascript": {"url": "http://www.googletagservices.com/tag/js/gpt.js", "requestTime": 22352.176637}}
06-28 14:47:55.127 25376 25389 E WPROF   : {"Javascript": {"url": "https://www.google-analytics.com/analytics.js", "requestTime": 22352.182337}}
06-28 14:47:55.129 25376 25389 E WPROF   : {"Javascript": {"url": "http://edge.quantserve.com/quant.js", "requestTime": 22352.184571}}
06-28 14:47:55.131 25376 25389 E WPROF   : {"Javascript": {"url": "https://connect.facebook.net/en_US/fbevents.js", "requestTime": 22352.186224}}
06-28 14:47:55.159 25302 25358 E chromium: [ERROR:gles2_cmd_decoder.cc(3852)] [.ChromiumCompositor-0xacbb2fc0]GL ERROR :GL_INVALID_ENUM : glDiscardFramebufferEXT: attachments was GL_COLOR_EXT
06-28 14:47:55.183 25376 25389 E WPROF   : {"Javascript": {"url": "http://app-sj02.marketo.com/js/forms2/js/forms2.min.js", "requestTime": 22352.238827}}
06-28 14:47:55.310 25302 25358 E chromium: [ERROR:gles2_cmd_decoder.cc(3852)] [.ChromiumCompositor-0xacbb2fc0]GL ERROR :GL_INVALID_ENUM : glDiscardFramebufferEXT: attachments was GL_COLOR_EXT
06-28 14:47:55.419 25376 25389 E WPROF   : {"Javascript": {"url": "http://app-sj02.marketo.com/index.php/form/getForm?munchkinId=727-ZQE-044&form=5691&url=http%3A%2F%2Fsearchengineland.com%2Fsearch-pics-google-scary-room-lion-chair-swing-bing-hot-air-balloon-277204&callback=jQuery11020751060752896592_1498628875353&_=1498628875354", "requestTime": 22352.474542}}
06-28 14:47:55.436 25376 25389 E WPROF   : {"Javascript": {"url": "http://app-sj02.marketo.com/index.php/form/getForm?munchkinId=727-ZQE-044&form=5685&url=http%3A%2F%2Fsearchengineland.com%2Fsearch-pics-google-scary-room-lion-chair-swing-bing-hot-air-balloon-277204&callback=jQuery11020751060752896592_1498628875355&_=1498628875356", "requestTime": 22352.491481}}
06-28 14:47:55.578 25376 25389 E WPROF   : {"Javascript": {"url": "http://app-sj02.marketo.com/index.php/form/getForm?munchkinId=727-ZQE-044&form=5673&url=http%3A%2F%2Fsearchengineland.com%2Fsearch-pics-google-scary-room-lion-chair-swing-bing-hot-air-balloon-277204&callback=jQuery11020751060752896592_1498628875357&_=1498628875358", "requestTime": 22352.634173}}
06-28 14:47:55.588 25376 25389 E WPROF   : {"Javascript": {"url": "http://searchengineland.com/js/ga_social_tracking.js", "requestTime": 22352.643985}}
06-28 14:47:55.589 25376 25389 E WPROF   : {"Javascript": {"url": "http://s7.addthis.com/js/300/addthis_widget.js#pubid=ra-53e918f660794f37", "requestTime": 22352.644904}}
06-28 14:47:55.661 25302 25358 E chromium: [ERROR:gles2_cmd_decoder.cc(3852)] [.ChromiumCompositor-0xacbb2fc0]GL ERROR :GL_INVALID_ENUM : glDiscardFramebufferEXT: attachments was GL_COLOR_EXT
06-28 14:47:55.700 25376 25389 E WPROF   : {"Javascript": {"url": "https://connect.facebook.net/signals/config/423979991297359?v=2.7.18", "requestTime": 22352.755705}}
06-28 14:47:55.706 25376 25389 E WPROF   : {"Javascript": {"url": "https://securepubads.g.doubleclick.net/gpt/pubads_impl_121.js", "requestTime": 22352.762158}}
06-28 14:47:55.940 25376 25389 E WPROF   : {"Javascript": {"url": "https://static.xx.fbcdn.net/rsrc.php/v3iy6L4/yk/l/ko_KR/be4fIjHRc8P.js", "requestTime": 22352.995869}}
06-28 14:47:55.993 25302 25358 E chromium: [ERROR:gles2_cmd_decoder.cc(3852)] [.ChromiumCompositor-0xacbb2fc0]GL ERROR :GL_INVALID_ENUM : glDiscardFramebufferEXT: attachments was GL_COLOR_EXT
06-28 14:47:56.083 25302 25358 E chromium: [ERROR:gles2_cmd_decoder.cc(3852)] [.ChromiumCompositor-0xacbb2fc0]GL ERROR :GL_INVALID_ENUM : glDiscardFramebufferEXT: attachments was GL_COLOR_EXT
06-28 14:47:56.165 25376 25389 E WPROF   : {"Javascript": {"url": "http://cdn.api.twitter.com/1/users/show.json?screen_name=rustybrick&callback=twttr.setFollowersCount", "requestTime": 22353.220703}}
06-28 14:47:56.501 25302 25358 E chromium: [ERROR:gles2_cmd_decoder.cc(3852)] [.ChromiumCompositor-0xacbb2fc0]GL ERROR :GL_INVALID_ENUM : glDiscardFramebufferEXT: attachments was GL_COLOR_EXT
06-28 14:47:56.714 25376 25389 E WPROF   : {"CSS": {"url": "https://www.youtube.com/yts/cssbin/www-embed-player-sprite-mode-vfl5G4Xm8.css", "requestTime": 22353.769908}}
06-28 14:47:56.720 25376 25389 E WPROF   : {"Javascript": {"url": "https://www.youtube.com/yts/jsbin/www-embed-player-vfl_UY_j8/www-embed-player.js", "requestTime": 22353.775474}}
06-28 14:47:56.720 25376 25389 E WPROF   : {"Javascript": {"url": "https://www.youtube.com/yts/jsbin/player-vflo1w4O-/ko_KR/base.js", "requestTime": 22353.775880}}
06-28 14:47:56.756   862  1657 E LocSvc_IzatApiV02: E/virtual int izat_core::IzatApiV02::getBatchSize(int32_t):522]: Error : st = 4, ind.status = -1628389555
06-28 14:47:56.757   862  1657 E LocSvc_IzatApiV02: E/virtual int izat_core::IzatApiV02::getBatchSize(int32_t):535]: get batching size failed.Or modem does not support batching 
06-28 14:47:56.766   862  1657 E LocSvc_IzatApiV02: E/virtual int izat_core::IzatApiV02::getBatchSize(int32_t):522]: Error : st = 4, ind.status = -1628389555
06-28 14:47:56.766   862  1657 E LocSvc_IzatApiV02: E/virtual int izat_core::IzatApiV02::getBatchSize(int32_t):535]: get batching size failed.Or modem does not support batching 
06-28 14:47:56.799   862  1657 E LocSvc_IzatApiV02: E/virtual int izat_core::IzatApiV02::getBatchSize(int32_t):522]: Error : st = 4, ind.status = -1628389555
06-28 14:47:56.799   862  1657 E LocSvc_IzatApiV02: E/virtual int izat_core::IzatApiV02::getBatchSize(int32_t):535]: get batching size failed.Or modem does not support batching 
06-28 14:47:56.807   862  1657 E LocSvc_IzatApiV02: E/virtual int izat_core::IzatApiV02::getBatchSize(int32_t):522]: Error : st = 4, ind.status = -1628389555
06-28 14:47:56.808   862  1657 E LocSvc_IzatApiV02: E/virtual int izat_core::IzatApiV02::getBatchSize(int32_t):535]: get batching size failed.Or modem does not support batching 
06-28 14:47:57.316 25302 25358 E chromium: [ERROR:gles2_cmd_decoder.cc(3852)] [.ChromiumCompositor-0xacbb2fc0]GL ERROR :GL_INVALID_ENUM : glDiscardFramebufferEXT: attachments was GL_COLOR_EXT
06-28 14:47:57.545 25376 25389 E WPROF   : {"CSS": {"url": "http://app-sj02.marketo.com/js/forms2/css/forms2.css", "requestTime": 22354.600820}}
06-28 14:47:57.550 25376 25389 E WPROF   : {"CSS": {"url": "http://app-sj02.marketo.com/js/forms2/css/forms2-theme-simple.css", "requestTime": 22354.605279}}
06-28 14:47:58.071 25376 25389 E WPROF   : {"Javascript": {"url": "https://securepubads.g.doubleclick.net/gampad/ads?gdfp_req=1&correlator=3372242226380800&output=json_html&callback=googletag.impl.pubads.callbackProxy1&impl=fifs&json_a=1&eid=108809080%2C21060130%2C108809107&sc=0&sfv=1-0-9&iu_parts=1038259%2Csel-ciu-1%2Csel-ciu-2%2Csel-ciu-3%2Csel-ciu-4%2Csel-ciu-5%", "requestTime": 22355.126945}}
06-28 14:47:58.163 25302 25358 E chromium: [ERROR:gles2_cmd_decoder.cc(3852)] [.ChromiumCompositor-0xacbb2fc0]GL ERROR :GL_INVALID_ENUM : glDiscardFramebufferEXT: attachments was GL_COLOR_EXT
06-28 14:47:59.247 25376 25389 E WPROF   : {"Javascript": {"url": "https://www.google.com/js/bg/KWBfAnWFESAEEaKKgdYlTHY9ysQaNoQuzeMFqvxDSM8.js", "requestTime": 22356.302272}}
06-28 14:47:59.249 25376 25389 E WPROF   : {"Javascript": {"url": "https://static.doubleclick.net/instream/ad_status.js", "requestTime": 22356.304918}}
06-28 14:47:59.429 25302 25358 E chromium: [ERROR:gles2_cmd_decoder.cc(3852)] [.ChromiumCompositor-0xacbb2fc0]GL ERROR :GL_INVALID_ENUM : glDiscardFramebufferEXT: attachments was GL_COLOR_EXT
06-28 14:48:00.059 25302 25358 E chromium: [ERROR:gles2_cmd_decoder.cc(3852)] [.ChromiumCompositor-0xacbb2fc0]GL ERROR :GL_INVALID_ENUM : glDiscardFramebufferEXT: attachments was GL_COLOR_EXT
06-28 14:48:00.367 25376 25389 E WPROF   : {"Javascript": {"url": "https://tpc.googlesyndication.com/pagead/js/r20170619/r20110914/client/ext/m_window_focus_non_hydra.js", "requestTime": 22357.422616}}
06-28 14:48:00.369 25376 25389 E WPROF   : {"Javascript": {"url": "https://tpc.googlesyndication.com/pagead/js/r20170619/r20110914/activeview/osd_listener.js", "requestTime": 22357.424975}}
06-28 14:48:00.374 25376 25389 E WPROF   : {"Javascript": {"url": "http://pagead2.googlesyndication.com/pagead/osd.js", "requestTime": 22357.429491}}
06-28 14:48:00.486 25302 25358 E chromium: [ERROR:gles2_cmd_decoder.cc(3852)] [.ChromiumCompositor-0xacbb2fc0]GL ERROR :GL_INVALID_ENUM : glDiscardFramebufferEXT: attachments was GL_COLOR_EXT
06-28 14:48:00.598 25302 25358 E chromium: [ERROR:gles2_cmd_decoder.cc(3852)] [.ChromiumCompositor-0xacbb2fc0]GL ERROR :GL_INVALID_ENUM : glDiscardFramebufferEXT: attachments was GL_COLOR_EXT
06-28 14:48:00.729 25302 25358 E chromium: [ERROR:gles2_cmd_decoder.cc(3852)] [.ChromiumCompositor-0xacbb2fc0]GL ERROR :GL_INVALID_ENUM : glDiscardFramebufferEXT: attachments was GL_COLOR_EXT
06-28 14:48:00.943 25302 25358 E chromium: [ERROR:gles2_cmd_decoder.cc(3852)] [.ChromiumCompositor-0xacbb2fc0]GL ERROR :GL_INVALID_ENUM : glDiscardFramebufferEXT: attachments was GL_COLOR_EXT
06-28 14:48:01.031 25302 25358 E chromium: [ERROR:gles2_cmd_decoder.cc(3852)] [.ChromiumCompositor-0xacbb2fc0]GL ERROR :GL_INVALID_ENUM : glDiscardFramebufferEXT: attachments was GL_COLOR_EXT
06-28 14:48:01.114 25302 25358 E chromium: [ERROR:gles2_cmd_decoder.cc(3852)] [.ChromiumCompositor-0xacbb2fc0]GL ERROR :GL_INVALID_ENUM : glDiscardFramebufferEXT: attachments was GL_COLOR_EXT
06-28 14:48:01.357 25376 25389 E WProf.db: {"page": "searchengineland.com_search-pics-google-scary-room-lion-chair-swing-bing-hot-air-balloon-277204"}
06-28 14:48:01.357 25376 25389 E WProf.db: {"DOMLoad": 22358.412647}
06-28 14:48:01.357 25376 25389 E WProf.db: {"Resource": {"id": 1, "url": "http://searchengineland.com/search-pics-google-scary-room-lion-chair-swing-bing-hot-air-balloon-277204", "sentTime": -1.000000, "len": 92977, "from": "0x0", "mimeType": "text/html", "contentLength": -1, "httpStatus": 200, "connId": 20, "connReused": 1, "cached": 0,"requestTime": 22350.758263, "proxyStart": -1, "proxyEnd": -1, "dnsStart": -1, "dnsEnd": -1, "connectStart": 0, "connectEnd": 73, "sendStart": 73, "sendEnd": 73, "receiveHeadersEnd": 236, "sslStart": -1, "sslEnd": -1}}
06-28 14:48:01.357 25376 25389 E WProf.db: {"ReceivedChunk": {"receivedTime": 22351.017441, "len": 2595}}
06-28 14:48:01.357 25376 25389 E WProf.db: {"ReceivedChunk": {"receivedTime": 22351.083788, "len": 32768}}
06-28 14:48:01.357 25376 25389 E WProf.db: {"ReceivedChunk": {"receivedTime": 22351.084036, "len": 32768}}
06-28 14:48:01.357 25376 25389 E WProf.db: {"ReceivedChunk": {"receivedTime": 22351.084349, "len": 7261}}
06-28 14:48:01.357 25376 25389 E WProf.db: {"ReceivedChunk": {"receivedTime": 22351.145557, "len": 8659}}
06-28 14:48:01.357 25376 25389 E WProf.db: {"ReceivedChunk": {"receivedTime": 22351.146947, "len": 8926}}
06-28 14:48:01.357 25376 25389 E WProf.db: {"WprofHTMLTag": {"code": "0xaedd7660", "doc": "http://searchengineland.com/search-pics-google-scary-room-lion-chair-swing-bing-hot-air-balloon-277204", "row": 6, "column": 42, "tagName": "html", "time": 22351.084750, "url": "", "pos": 1, "chunkLen": 1, "isStartTag": 1}}
06-28 14:48:01.358 25376 25389 E WProf.db: {"WprofHTMLTag": {"code": "0xaedd75d0", "doc": "http://searchengineland.com/search-pics-google-scary-room-lion-chair-swing-bing-hot-air-balloon-277204", "row": 7, "column": 6, "tagName": "head", "time": 22351.084951, "url": "", "pos": 1, "chunkLen": 1, "isStartTag": 1}}
06-28 14:48:01.358 25376 25389 E WProf.db: {"WprofHTMLTag": {"code": "0xaf047850", "doc": "http://searchengineland.com/search-pics-google-scary-room-lion-chair-swing-bing-hot-air-balloon-277204", "row": 8, "column": 54, "tagName": "meta", "time": 22351.084994, "url": "", "pos": 1, "chunkLen": 1, "isStartTag": 1}}
06-28 14:48:01.358 25376 25389 E WProf.db: {"WprofHTMLTag": {"code": "0xaf047880", "doc": "http://searchengineland.com/search-pics-google-scary-room-lion-chair-swing-bing-hot-air-balloon-277204", "row": 9, "column": 68, "tagName": "meta", "time": 22351.085151, "url": "", "pos": 1, "chunkLen": 1, "isStartTag": 1}}
06-28 14:48:01.358 25376 25389 E WProf.db: {"WprofHTMLTag": {"code": "0xaf0478b0", "doc": "http://searchengineland.com/search-pics-google-scary-room-lion-chair-swing-bing-hot-air-balloon-277204", "row": 10, "column": 23, "tagName": "meta", "time": 22351.085269, "url": "", "pos": 1, "chunkLen": 1, "isStartTag": 1}}
06-28 14:48:01.358 25376 25389 E WProf.db: {"WprofHTMLTag": {"code": "0xaf0478e0", "doc": "http://searchengineland.com/search-pics-google-scary-room-lion-chair-swing-bing-hot-air-balloon-277204", "row": 11, "column": 52, "tagName": "meta", "time": 22351.085399, "url": "", "pos": 1, "chunkLen": 1, "isStartTag": 1}}
06-28 14:48:01.358 25376 25389 E WProf.db: {"WprofHTMLTag": {"code": "0xaf047910", "doc": "http://searchengineland.com/search-pics-google-scary-room-lion-chair-swing-bing-hot-air-balloon-277204", "row": 14, "column": 56, "tagName": "meta", "time": 22351.085534, "url": "", "pos": 1, "chunkLen": 1, "isStartTag": 1}}
06-28 14:48:01.358 25376 25389 E WProf.db: {"WprofHTMLTag": {"code": "0xaf047940", "doc": "http://searchengineland.com/search-pics-google-scary-room-lion-chair-swing-bing-hot-air-balloon-277204", "row": 15, "column": 83, "tagName": "meta", "time": 22351.085664, "url": "", "pos": 1, "chunkLen": 1, "isStartTag": 1}}
06-28 14:48:01.358 25376 25389 E WProf.db: {"WprofHTMLTag": {"code": "0xaf047970", "doc": "http://searchengineland.com/search-pics-google-scary-room-lion-chair-swing-bing-hot-air-balloon-277204", "row": 16, "column": 57, "tagName": "meta", "time": 22351.085784, "url": "", "pos": 1, "chunkLen": 1, "isStartTag": 1}}
06-28 14:48:01.358 25376 25389 E WProf.db: {"WprofHTMLTag": {"code": "0xaf047a00", "doc": "http://searchengineland.com/search-pics-google-scary-room-lion-chair-swing-bing-hot-air-balloon-277204", "row": 17, "column": 41, "tagName": "meta", "time": 22351.085903, "url": "", "pos": 1, "chunkLen": 1, "isStartTag": 1}}
06-28 14:48:01.358 25376 25389 E WProf.db: {"WprofHTMLTag": {"code": "0xaf047a30", "doc": "http://searchengineland.com/search-pics-google-scary-room-lion-chair-swing-bing-hot-air-balloon-277204", "row": 18, "column": 50, "tagName": "meta", "time": 22351.086025, "url": "", "pos": 1, "chunkLen": 1, "isStartTag": 1}}
06-28 14:48:01.358 25376 25389 E WProf.db: {"WprofHTMLTag": {"code": "0xaf047a60", "doc": "http://searchengineland.com/search-pics-google-scary-room-lion-chair-swing-bing-hot-air-balloon-277204", "row": 19, "column": 174, "tagName": "meta", "time": 22351.086143, "url": "", "pos": 1, "chunkLen": 1, "isStartTag": 1}}
06-28 14:48:01.358 25376 25389 E WProf.db: {"WprofHTMLTag": {"code": "0xaf0479d0", "doc": "http://searchengineland.com/search-pics-google-scary-room-lion-chair-swing-bing-hot-air-balloon-277204", "row": 20, "column": 47, "tagName": "meta", "time": 22351.086268, "url": "", "pos": 1, "chunkLen": 1, "isStartTag": 1}}
06-28 14:48:01.358 25376 25389 E WProf.db: {"WprofHTMLTag": {"code": "0xaf0479a0", "doc": "http://searchengineland.com/search-pics-google-scary-room-lion-chair-swing-bing-hot-air-balloon-277204", "row": 21, "column": 67, "tagName": "meta", "time": 22351.086386, "url": "", "pos": 1, "chunkLen": 1, "isStartTag": 1}}
06-28 14:48:01.358 25376 25389 E WProf.db: {"WprofHTMLTag": {"code": "0xaf047a90", "doc": "http://searchengineland.com/search-pics-google-scary-room-lion-chair-swing-bing-hot-air-balloon-277204", "row": 22, "column": 57, "tagName": "meta", "time": 22351.086500, "url": "", "pos": 1, "chunkLen": 1, "isStartTag": 1}}
06-28 14:48:01.359 25376 25389 E WProf.db: {"WprofHTMLTag": {"code": "0xaf047ac0", "doc": "http://searchengineland.com/search-pics-google-scary-room-lion-chair-swing-bing-hot-air-balloon-277204", "row": 23, "column": 65, "tagName": "meta", "time": 22351.086620, "url": "", "pos": 1, "chunkLen": 1, "isStartTag": 1}}
06-28 14:48:01.359 25376 25389 E WProf.db: {"WprofHTMLTag": {"code": "0xaf047af0", "doc": "http://searchengineland.com/search-pics-google-scary-room-lion-chair-swing-bing-hot-air-balloon-277204", "row": 24, "column": 55, "tagName": "meta", "time": 22351.086736, "url": "", "pos": 1, "chunkLen": 1, "isStartTag": 1}}
06-28 14:48:01.359 25376 25389 E WProf.db: {"WprofHTMLTag": {"code": "0xaf047b20", "doc": "http://searchengineland.com/search-pics-google-scary-room-lion-chair-swing-bing-hot-air-balloon-277204", "row": 25, "column": 71, "tagName": "meta", "time": 22351.086857, "url": "", "pos": 1, "chunkLen": 1, "isStartTag": 1}}
06-28 14:48:01.359 25376 25389 E WProf.db: {"WprofHTMLTag": {"code": "0xaf047b50", "doc": "http://searchengineland.com/search-pics-google-scary-room-lion-chair-swing-bing-hot-air-balloon-277204", "row": 26, "column": 86, "tagName": "meta", "time": 22351.086971, "url": "", "pos": 1, "chunkLen": 1, "isStartTag": 1}}
06-28 14:48:01.359 25376 25389 E WProf.db: {"WprofHTMLTag": {"code": "0xaf047b80", "doc": "http://searchengineland.com/search-pics-google-scary-room-lion-chair-swing-bing-hot-air-balloon-277204", "row": 27, "column": 54, "tagName": "meta", "time": 22351.087133, "url": "", "pos": 1, "chunkLen": 1, "isStartTag": 1}}
06-28 14:48:01.359 25376 25389 E WProf.db: {"WprofHTMLTag": {"code": "0xaf047bb0", "doc": "http://searchengineland.com/search-pics-google-scary-room-lion-chair-swing-bing-hot-air-balloon-277204", "row": 29, "column": 39, "tagName": "meta", "time": 22351.087254, "url": "", "pos": 1, "chunkLen": 1, "isStartTag": 1}}
06-28 14:48:01.359 25376 25389 E WProf.db: {"WprofHTMLTag": {"code": "0xaf047be0", "doc": "http://searchengineland.com/search-pics-google-scary-room-lion-chair-swing-bing-hot-air-balloon-277204", "row": 30, "column": 180, "tagName": "meta", "time": 22351.087374, "url": "", "pos": 1, "chunkLen": 1, "isStartTag": 1}}
06-28 14:48:01.359 25376 25389 E WProf.db: {"WprofHTMLTag": {"code": "0xaf047c10", "doc": "http://searchengineland.com/search-pics-google-scary-room-lion-chair-swing-bing-hot-air-balloon-277204", "row": 31, "column": 55, "tagName": "meta", "time": 22351.087494, "url": "", "pos": 1, "chunkLen": 1, "isStartTag": 1}}
06-28 14:48:01.359 25376 25389 E WProf.db: {"WprofHTMLTag": {"code": "0xaf047c40", "doc": "http://searchengineland.com/search-pics-google-scary-room-lion-chair-swing-bing-hot-air-balloon-277204", "row": 32, "column": 54, "tagName": "meta", "time": 22351.087608, "url": "", "pos": 1, "chunkLen": 1, "isStartTag": 1}}
06-28 14:48:01.359 25376 25389 E WProf.db: {"WprofHTMLTag": {"code": "0xaf047c70", "doc": "http://searchengineland.com/search-pics-google-scary-room-lion-chair-swing-bing-hot-air-balloon-277204", "row": 33, "column": 126, "tagName": "meta", "time": 22351.087728, "url": "", "pos": 1, "chunkLen": 1, "isStartTag": 1}}
06-28 14:48:01.359 25376 25389 E WProf.db: {"WprofHTMLTag": {"code": "0xaf047ca0", "doc": "http://searchengineland.com/search-pics-google-scary-room-lion-chair-swing-bing-hot-air-balloon-277204", "row": 37, "column": 36, "tagName": "script", "time": 22351.087840, "url": "", "pos": 1, "chunkLen": 1, "isStartTag": 1}}
06-28 14:48:01.359 25376 25389 E WProf.db: {"WprofHTMLTag": {"code": "0xaf047cd0", "doc": "http://searchengineland.com/search-pics-google-scary-room-lion-chair-swing-bing-hot-air-balloon-277204", "row": 53, "column": 10, "tagName": "script", "time": 22351.088198, "url": "", "pos": 1, "chunkLen": 1, "isStartTag": 0}}
06-28 14:48:01.359 25376 25389 E WProf.db: {"WprofHTMLTag": {"code": "0xaf047d00", "doc": "http://searchengineland.com/search-pics-google-scary-room-lion-chair-swing-bing-hot-air-balloon-277204", "row": 55, "column": 86, "tagName": "link", "time": 22351.088702, "url": "http://searchengineland.com/apple-touch-icon.png", "pos": 1, "chunkLen": 1, "isStartTag": 1}}
06-28 14:48:01.360 25376 25389 E WProf.db: {"WprofHTMLTag": {"code": "0xaf047d30", "doc": "http://searchengineland.com/search-pics-google-scary-room-lion-chair-swing-bing-hot-air-balloon-277204", "row": 56, "column": 76, "tagName": "link", "time": 22351.089006, "url": "http://searchengineland.com/favicon.ico", "pos": 1, "chunkLen": 1, "isStartTag": 1}}
06-28 14:48:01.360 25376 25389 E WProf.db: {"WprofHTMLTag": {"code": "0xaf047d60", "doc": "http://searchengineland.com/search-pics-google-scary-room-lion-chair-swing-bing-hot-air-balloon-277204", "row": 57, "column": 158, "tagName": "link", "time": 22351.089222, "url": "http://feeds.searchengineland.com/searchengineland", "pos": 1, "chunkLen": 1, "isStartTag": 1}}
06-28 14:48:01.360 25376 25389 E WProf.db: {"WprofHTMLTag": {"code": "0xaf047d90", "doc": "http://searchengineland.com/search-pics-google-scary-room-lion-chair-swing-bing-hot-air-balloon-277204", "row": 58, "column": 149, "tagName": "link", "time": 22351.089500, "url": "http://feeds.searchengineland.com/searchcap", "pos": 1, "chunkLen": 1, "isStartTag": 1}}
06-28 14:48:01.360 25376 25389 E WProf.db: {"WprofHTMLTag": {"code": "0xaf047dc0", "doc": "http://searchengineland.com/search-pics-google-scary-room-lion-chair-swing-bing-hot-air-balloon-277204", "row": 59, "column": 150, "tagName": "link", "time": 22351.089796, "url": "http://searchengineland.com/figz/wp-content/themes/searchengineland/css/searchengineland-bootstrap.css", "pos": 1, "chunkLen": 1, "isStartTag": 1}}
06-28 14:48:01.360 25376 25389 E WProf.db: {"WprofHTMLTag": {"code": "0xaf047e20", "doc": "http://searchengineland.com/search-pics-google-scary-room-lion-chair-swing-bing-hot-air-balloon-277204", "row": 60, "column": 105, "tagName": "link", "time": 22351.090606, "url": "http://fonts.googleapis.com/css?family=Oswald:300,400,700", "pos": 1, "chunkLen": 1, "isStartTag": 1}}
06-28 14:48:01.360 25376 25389 E WProf.db: {"WprofHTMLTag": {"code": "0xaf047e80", "doc": "http://searchengineland.com/search-pics-google-scary-room-lion-chair-swing-bing-hot-air-balloon-277204", "row": 61, "column": 125, "tagName": "link", "time": 22351.091090, "url": "http://searchengineland.com/figz/wp-content/themes/searchengineland/style.css", "pos": 1, "chunkLen": 1, "isStartTag": 1}}
06-28 14:48:01.360 25376 25389 E WProf.db: {"WprofHTMLTag": {"code": "0xaf047ee0", "doc": "http://searchengineland.com/search-pics-google-scary-room-lion-chair-swing-bing-hot-air-balloon-277204", "row": 65, "column": 7, "tagName": "title", "time": 22351.091573, "url": "", "pos": 1, "chunkLen": 1, "isStartTag": 1}}
06-28 14:48:01.360 25376 25389 E WProf.db: {"WprofHTMLTag": {"code": "0xaf047f10", "doc": "http://searchengineland.com/search-pics-google-scary-room-lion-chair-swing-bing-hot-air-balloon-277204", "row": 65, "column": 95, "tagName": "title", "time": 22351.091661, "url": "", "pos": 1, "chunkLen": 1, "isStartTag": 0}}
06-28 14:48:01.360 25376 25389 E WProf.db: {"WprofHTMLTag": {"code": "0xaf047f40", "doc": "http://searchengineland.com/search-pics-google-scary-room-lion-chair-swing-bing-hot-air-balloon-277204", "row": 66, "column": 197, "tagName": "meta", "time": 22351.091681, "url": "", "pos": 1, "chunkLen": 1, "isStartTag": 1}}
06-28 14:48:01.361 25376 25389 E WProf.db: {"WprofHTMLTag": {"code": "0xaf047f70", "doc": "http://searchengineland.com/search-pics-google-scary-room-lion-chair-swing-bing-hot-air-balloon-277204", "row": 67, "column": 40, "tagName": "meta", "time": 22351.091790, "url": "", "pos": 1, "chunkLen": 1, "isStartTag": 1}}
06-28 14:48:01.361 25376 25389 E WProf.db: {"WprofHTMLTag": {"code": "0xaf047fa0", "doc": "http://searchengineland.com/search-pics-google-scary-room-lion-chair-swing-bing-hot-air-balloon-277204", "row": 68, "column": 144, "tagName": "meta", "time": 22351.091898, "url": "", "pos": 1, "chunkLen": 1, "isStartTag": 1}}
06-28 14:48:01.361 25376 25389 E WProf.db: {"WprofHTMLTag": {"code": "0xaf047fd0", "doc": "http://searchengineland.com/search-pics-google-scary-room-lion-chair-swing-bing-hot-air-balloon-277204", "row": 69, "column": 37, "tagName": "meta", "time": 22351.092001, "url": "", "pos": 1, "chunkLen": 1, "isStartTag": 1}}
06-28 14:48:01.361 25376 25389 E WProf.db: {"WprofHTMLTag": {"code": "0xb4cc74b0", "doc": "http://searchengineland.com/search-pics-google-scary-room-lion-chair-swing-bing-hot-air-balloon-277204", "row": 70, "column": 134, "tagName": "link", "time": 22351.092110, "url": "http://searchengineland.com/search-pics-google-scary-room-lion-chair-swing-bing-hot-air-balloon-277204", "pos": 1, "chunkLen": 1, "isStartTag": 1}}
06-28 14:48:01.361 25376 25389 E WProf.db: {"WprofHTMLTag": {"code": "0xb4cc7540", "doc": "http://searchengineland.com/search-pics-google-scary-room-lion-chair-swing-bing-hot-air-balloon-277204", "row": 71, "column": 76, "tagName": "link", "time": 22351.092994, "url": "https://plus.google.com/103218677032751327334", "pos": 1, "chunkLen": 1, "isStartTag": 1}}
06-28 14:48:01.361 25376 25389 E WProf.db: {"WprofHTMLTag": {"code": "0xb4cc78a0", "doc": "http://searchengineland.com/search-pics-google-scary-room-lion-chair-swing-bing-hot-air-balloon-277204", "row": 72, "column": 45, "tagName": "meta", "time": 22351.093178, "url": "", "pos": 1, "chunkLen": 1, "isStartTag": 1}}
06-28 14:48:01.361 25376 25389 E WProf.db: {"WprofHTMLTag": {"code": "0xb4cc78d0", "doc": "http://searchengineland.com/search-pics-google-scary-room-lion-chair-swing-bing-hot-air-balloon-277204", "row": 73, "column": 45, "tagName": "meta", "time": 22351.093283, "url": "", "pos": 1, "chunkLen": 1, "isStartTag": 1}}
06-28 14:48:01.361 25376 25389 E WProf.db: {"WprofHTMLTag": {"code": "0xb4cc7900", "doc": "http://searchengineland.com/search-pics-google-scary-room-lion-chair-swing-bing-hot-air-balloon-277204", "row": 74, "column": 119, "tagName": "meta", "time": 22351.093385, "url": "", "pos": 1, "chunkLen": 1, "isStartTag": 1}}
06-28 14:48:01.361 25376 25389 E WProf.db: {"WprofHTMLTag": {"code": "0xb4cc7930", "doc": "http://searchengineland.com/search-pics-google-scary-room-lion-chair-swing-bing-hot-air-balloon-277204", "row": 75, "column": 205, "tagName": "meta", "time": 22351.094053, "url": "", "pos": 1, "chunkLen": 1, "isStartTag": 1}}
06-28 14:48:01.361 25376 25389 E WProf.db: {"WprofHTMLTag": {"code": "0xb4cc7960", "doc": "http://searchengineland.com/search-pics-google-scary-room-lion-chair-swing-bing-hot-air-balloon-277204", "row": 76, "column": 139, "tagName": "meta", "time": 22351.094197, "url": "", "pos": 1, "chunkLen": 1, "isStartTag": 1}}
06-28 14:48:01.361 25376 25389 E WProf.db: {"WprofHTMLTag": {"code": "0xb4cc7990", "doc": "http://searchengineland.com/search-pics-google-scary-room-lion-chair-swing-bing-hot-air-balloon-277204", "row": 77, "column": 61, "tagName": "meta", "time": 22351.094301, "url": "", "pos": 1, "chunkLen": 1, "isStartTag": 1}}
06-28 14:48:01.361 25376 25389 E WProf.db: {"WprofHTMLTag": {"code": "0xb4cc79c0", "doc": "http://searchengineland.com/search-pics-google-scary-room-lion-chair-swing-bing-hot-air-balloon-277204", "row": 78, "column": 89, "tagName": "meta", "time": 22351.094403, "url": "", "pos": 1, "chunkLen": 1, "isStartTag": 1}}
06-28 14:48:01.361 25376 25389 E WProf.db: {"WprofHTMLTag": {"code": "0xb4cc79f0", "doc": "http://searchengineland.com/search-pics-google-scary-room-lion-chair-swing-bing-hot-air-balloon-277204", "row": 79, "column": 63, "tagName": "meta", "time": 22351.094504, "url": "", "pos": 1, "chunkLen": 1, "isStartTag": 1}}
06-28 14:48:01.361 25376 25389 E WProf.db: {"WprofHTMLTag": {"code": "0xb4cc7a20", "doc": "http://searchengineland.com/search-pics-google-scary-room-lion-chair-swing-bing-hot-air-balloon-277204", "row": 80, "column": 78, "tagName": "meta", "time": 22351.094614, "url": "", "pos": 1, "chunkLen": 1, "isStartTag": 1}}
06-28 14:48:01.362 25376 25389 E WProf.db: {"WprofHTMLTag": {"code": "0xb4cc7a50", "doc": "http://searchengineland.com/search-pics-google-scary-room-lion-chair-swing-bing-hot-air-balloon-277204", "row": 81, "column": 120, "tagName": "meta", "time": 22351.094718, "url": "", "pos": 1, "chunkLen": 1, "isStartTag": 1}}
06-28 14:48:01.362 25376 25389 E WProf.db: {"WprofHTMLTag": {"code": "0xb4cc7a80", "doc": "http://searchengineland.com/search-pics-google-scary-room-lion-chair-swing-bing-hot-air-balloon-277204", "row": 82, "column": 49, "tagName": "meta", "time": 22351.100166, "url": "", "pos": 1, "chunkLen": 1, "isStartTag": 1}}
06-28 14:48:01.362 25376 25389 E WProf.db: {"WprofHTMLTag": {"code": "0xb4cc7ab0", "doc": "http://searchengineland.com/search-pics-google-scary-room-lion-chair-swing-bing-hot-air-balloon-277204", "row": 83, "column": 50, "tagName": "meta", "time": 22351.100281, "url": "", "pos": 1, "chunkLen": 1, "isStartTag": 1}}
06-28 14:48:01.362 25376 25389 E WProf.db: {"WprofHTMLTag": {"code": "0xb4cc7ae0", "doc": "http://searchengineland.com/search-pics-google-scary-room-lion-chair-swing-bing-hot-air-balloon-277204", "row": 84, "column": 58, "tagName": "meta", "time": 22351.100401, "url": "", "pos": 1, "chunkLen": 1, "isStartTag": 1}}
06-28 14:48:01.362 25376 25389 E WProf.db: {"WprofHTMLTag": {"code": "0xb4cc7b10", "doc": "http://searchengineland.com/search-pics-google-scary-room-lion-chair-swing-bing-hot-air-balloon-277204", "row": 85, "column": 206, "tagName": "meta", "time": 22351.100504, "url": "", "pos": 1, "chunkLen": 1, "isStartTag": 1}}
06-28 14:48:01.362 25376 25389 E WProf.db: {"WprofHTMLTag": {"code": "0xb4cc7b40", "doc": "http://searchengineland.com/search-pics-google-scary-room-lion-chair-swing-bing-hot-air-balloon-277204", "row": 86, "column": 120, "tagName": "meta", "time": 22351.100608, "url": "", "pos": 1, "chunkLen": 1, "isStartTag": 1}}
06-28 14:48:01.362 25376 25389 E WProf.db: {"WprofHTMLTag": {"code": "0xb4cc7b70", "doc": "http://searchengineland.com/search-pics-google-scary-room-lion-chair-swing-bing-hot-air-balloon-277204", "row": 87, "column": 51, "tagName": "meta", "time": 22351.100714, "url": "", "pos": 1, "chunkLen": 1, "isStartTag": 1}}
06-28 14:48:01.362 25376 25389 E WProf.db: {"WprofHTMLTag": {"code": "0xb4cc7ba0", "doc": "http://searchengineland.com/search-pics-google-scary-room-lion-chair-swing-bing-hot-air-balloon-277204", "row": 88, "column": 121, "tagName": "meta", "time": 22351.100819, "url": "", "pos": 1, "chunkLen": 1, "isStartTag": 1}}
06-28 14:48:01.362 25376 25389 E WProf.db: {"WprofHTMLTag": {"code": "0xb4cc7bd0", "doc": "http://searchengineland.com/search-pics-google-scary-room-lion-chair-swing-bing-hot-air-balloon-277204", "row": 89, "column": 53, "tagName": "meta", "time": 22351.100927, "url": "", "pos": 1, "chunkLen": 1, "isStartTag": 1}}
06-28 14:48:01.362 25376 25389 E WProf.db: {"WprofHTMLTag": {"code": "0xb4cc7c00", "doc": "http://searchengineland.com/search-pics-google-scary-room-lion-chair-swing-bing-hot-air-balloon-277204", "row": 92, "column": 44, "tagName": "link", "time": 22351.101042, "url": "http://s.w.org/", "pos": 1, "chunkLen": 1, "isStartTag": 1}}
06-28 14:48:01.362 25376 25389 E WProf.db: {"WprofHTMLTag": {"code": "0xb4cc7c30", "doc": "http://searchengineland.com/search-pics-google-scary-room-lion-chair-swing-bing-hot-air-balloon-277204", "row": 93, "column": 33, "tagName": "script", "time": 22351.101271, "url": "", "pos": 1, "chunkLen": 1, "isStartTag": 1}}
06-28 14:48:01.362 25376 25389 E WProf.db: {"WprofHTMLTag": {"code": "0xb4cc7c60", "doc": "http://searchengineland.com/search-pics-google-scary-room-lion-chair-swing-bing-hot-air-balloon-277204", "row": 96, "column": 11, "tagName": "script", "time": 22351.101445, "url": "http://searchengineland.com/figz/wp-includes/js/wp-emoji-release.min.js?ver=4.7.5", "pos": 1, "chunkLen": 1, "isStartTag": 0}}
06-28 14:48:01.362 25376 25389 E WProf.db: {"WprofHTMLTag": {"code": "0x9cb39990", "doc": "http://searchengineland.com/search-pics-google-scary-room-lion-chair-swing-bing-hot-air-balloon-277204", "row": 97, "column": 25, "tagName": "style", "time": 22351.643376, "url": "", "pos": 1, "chunkLen": 1, "isStartTag": 1}}
06-28 14:48:01.363 25376 25389 E WProf.db: {"WprofHTMLTag": {"code": "0x9cb399c0", "doc": "http://searchengineland.com/search-pics-google-scary-room-lion-chair-swing-bing-hot-air-balloon-277204", "row": 110, "column": 8, "tagName": "style", "time": 22351.643571, "url": "", "pos": 1, "chunkLen": 1, "isStartTag": 0}}
06-28 14:48:01.363 25376 25389 E WProf.db: {"WprofHTMLTag": {"code": "0x9cb399f0", "doc": "http://searchengineland.com/search-pics-google-scary-room-lion-chair-swing-bing-hot-air-balloon-277204", "row": 111, "column": 140, "tagName": "script", "time": 22351.645118, "url": "http://searchengineland.com/figz/wp-content/themes/searchengineland/js/lib/modernizr.custom.js?ver=1.0", "pos": 1, "chunkLen": 1, "isStartTag": 1}}
06-28 14:48:01.363 25376 25389 E WProf.db: {"WprofHTMLTag": {"code": "0x9cb39a20", "doc": "http://searchengineland.com/search-pics-google-scary-room-lion-chair-swing-bing-hot-air-balloon-277204", "row": 111, "column": 149, "tagName": "script", "time": 22351.645347, "url": "", "pos": 1, "chunkLen": 1, "isStartTag": 0}}
06-28 14:48:01.363 25376 25389 E WProf.db: {"WprofHTMLTag": {"code": "0xaedd79f0", "doc": "http://searchengineland.com/search-pics-google-scary-room-lion-chair-swing-bing-hot-air-balloon-277204", "row": 112, "column": 144, "tagName": "script", "time": 22351.653889, "url": "http://searchengineland.com/figz/wp-content/themes/searchengineland/js/lib/jquery-1.11.0.min.js?ver=1.11.0", "pos": 1, "chunkLen": 1, "isStartTag": 1}}
06-28 14:48:01.363 25376 25389 E WProf.db: {"WprofHTMLTag": {"code": "0x9cb39a80", "doc": "http://searchengineland.com/search-pics-google-scary-room-lion-chair-swing-bing-hot-air-balloon-277204", "row": 112, "column": 153, "tagName": "script", "time": 22351.654131, "url": "", "pos": 1, "chunkLen": 1, "isStartTag": 0}}
06-28 14:48:01.363 25376 25389 E WProf.db: {"WprofHTMLTag": {"code": "0xaedd7ab0", "doc": "http://searchengineland.com/search-pics-google-scary-room-lion-chair-swing-bing-hot-air-balloon-277204", "row": 0, "column": 15, "tagName": "div", "time": 22351.726784, "url": "", "pos": 15, "chunkLen": 44, "isStartTag": 1}}
06-28 14:48:01.363 25376 25389 E WProf.db: {"WprofHTMLTag": {"code": "0xaedd7a50", "doc": "http://searchengineland.com/search-pics-google-scary-room-lion-chair-swing-bing-hot-air-balloon-277204", "row": 0, "column": 21, "tagName": "div", "time": 22351.726914, "url": "", "pos": 21, "chunkLen": 44, "isStartTag": 0}}
06-28 14:48:01.363 25376 25389 E WProf.db: {"WprofHTMLTag": {"code": "0xaedd7d50", "doc": "http://searchengineland.com/search-pics-google-scary-room-lion-chair-swing-bing-hot-air-balloon-277204", "row": 0, "column": 38, "tagName": "div", "time": 22351.726979, "url": "", "pos": 38, "chunkLen": 44, "isStartTag": 1}}
06-28 14:48:01.363 25376 25389 E WProf.db: {"WprofHTMLTag": {"code": "0xaedd7b10", "doc": "http://searchengineland.com/search-pics-google-scary-room-lion-chair-swing-bing-hot-air-balloon-277204", "row": 0, "column": 44, "tagName": "div", "time": 22351.727094, "url": "", "pos": 44, "chunkLen": 44, "isStartTag": 0}}
06-28 14:48:01.363 25376 25389 E WProf.db: {"WprofHTMLTag": {"code": "0xaedd7d20", "doc": "http://searchengineland.com/search-pics-google-scary-room-lion-chair-swing-bing-hot-air-balloon-277204", "row": 0, "column": 13, "tagName": "select", "time": 22351.728746, "url": "", "pos": 13, "chunkLen": 51, "isStartTag": 1}}
06-28 14:48:01.363 25376 25389 E WProf.db: {"WprofHTMLTag": {"code": "0xaedd7cc0", "doc": "http://searchengineland.com/search-pics-google-scary-room-lion-chair-swing-bing-hot-air-balloon-277204", "row": 0, "column": 33, "tagName": "option", "time": 22351.728927, "url": "", "pos": 33, "chunkLen": 51, "isStartTag": 1}}
06-28 14:48:01.363 25376 25389 E WProf.db: {"WprofHTMLTag": {"code": "0x9cb39ae0", "doc": "http://searchengineland.com/search-pics-google-scary-room-lion-chair-swing-bing-hot-air-balloon-277204", "row": 0, "column": 42, "tagName": "option", "time": 22351.729130, "url": "", "pos": 42, "chunkLen": 51, "isStartTag": 0}}
06-28 14:48:01.363 25376 25389 E WProf.db: {"WprofHTMLTag": {"code": "0x9cb39b10", "doc": "http://searchengineland.com/search-pics-google-scary-room-lion-chair-swing-bing-hot-air-balloon-277204", "row": 0, "column": 51, "tagName": "select", "time": 22351.729193, "url": "", "pos": 51, "chunkLen": 51, "isStartTag": 0}}
06-28 14:48:01.364 25376 25389 E WProf.db: {"WprofHTMLTag": {"code": "0x9cb39b40", "doc": "http://searchengineland.com/search-pics-google-scary-room-lion-chair-swing-bing-hot-air-balloon-277204", "row": 0, "column": 12, "tagName": "a", "time": 22351.734078, "url": "", "pos": 12, "chunkLen": 16, "isStartTag": 1}}
06-28 14:48:01.364 25376 25389 E WProf.db: {"WprofHTMLTag": {"code": "0x9cb39b70", "doc": "http://searchengineland.com/search-pics-google-scary-room-lion-chair-swing-bing-hot-air-balloon-277204", "row": 0, "column": 16, "tagName": "a", "time": 22351.734243, "url": "", "pos": 16, "chunkLen": 16, "isStartTag": 0}}
06-28 14:48:01.364 25376 25389 E WProf.db: {"WprofHTMLTag": {"code": "0x9cb39ba0", "doc": "http://searchengineland.com/search-pics-google-scary-room-lion-chair-swing-bing-hot-air-balloon-277204", "row": 0, "column": 8, "tagName": "input", "time": 22351.735363, "url": "", "pos": 8, "chunkLen": 8, "isStartTag": 1}}
06-28 14:48:01.364 25376 25389 E WProf.db: {"WprofHTMLTag": {"code": "0x9cb39bd0", "doc": "http://searchengineland.com/search-pics-google-scary-room-lion-chair-swing-bing-hot-air-balloon-277204", "row": 0, "column": 9, "tagName": "link", "time": 22351.744660, "url": "", "pos": 9, "chunkLen": 42, "isStartTag": 1}}
06-28 14:48:01.364 25376 25389 E WProf.db: {"WprofHTMLTag": {"code": "0x9cb39c00", "doc": "http://searchengineland.com/search-pics-google-scary-room-lion-chair-swing-bing-hot-air-balloon-277204", "row": 0, "column": 16, "tagName": "table", "time": 22351.744768, "url": "", "pos": 16, "chunkLen": 42, "isStartTag": 1}}
06-28 14:48:01.364 25376 25389 E WProf.db: {"WprofHTMLTag": {"code": "0x9cb39c30", "doc": "http://searchengineland.com/search-pics-google-scary-room-lion-chair-swing-bing-hot-air-balloon-277204", "row": 0, "column": 24, "tagName": "table", "time": 22351.744877, "url": "", "pos": 24, "chunkLen": 42, "isStartTag": 0}}
06-28 14:48:01.364 25376 25389 E WProf.db: {"WprofHTMLTag": {"code": "0x9cb39c60", "doc": "http://searchengineland.com/search-pics-google-scary-room-lion-chair-swing-bing-hot-air-balloon-277204", "row": 0, "column": 37, "tagName": "a", "time": 22351.744940, "url": "", "pos": 37, "chunkLen": 42, "isStartTag": 1}}
06-28 14:48:01.364 25376 25389 E WProf.db: {"WprofHTMLTag": {"code": "0x9cb39c90", "doc": "http://searchengineland.com/search-pics-google-scary-room-lion-chair-swing-bing-hot-air-balloon-277204", "row": 0, "column": 42, "tagName": "a", "time": 22351.745107, "url": "", "pos": 42, "chunkLen": 42, "isStartTag": 0}}
06-28 14:48:01.364 25376 25389 E WProf.db: {"WprofHTMLTag": {"code": "0x9cb39d20", "doc": "http://searchengineland.com/search-pics-google-scary-room-lion-chair-swing-bing-hot-air-balloon-277204", "row": 0, "column": 10, "tagName": "textarea", "time": 22351.751337, "url": "", "pos": 10, "chunkLen": 22, "isStartTag": 1}}
06-28 14:48:01.364 25376 25389 E WProf.db: {"WprofHTMLTag": {"code": "0x9cb39d50", "doc": "http://searchengineland.com/search-pics-google-scary-room-lion-chair-swing-bing-hot-air-balloon-277204", "row": 0, "column": 22, "tagName": "textarea", "time": 22351.752095, "url": "", "pos": 22, "chunkLen": 22, "isStartTag": 0}}
06-28 14:48:01.364 25376 25389 E WProf.db: {"WprofHTMLTag": {"code": "0x9cb39d80", "doc": "http://searchengineland.com/search-pics-google-scary-room-lion-chair-swing-bing-hot-air-balloon-277204", "row": 0, "column": 48, "tagName": "input", "time": 22351.757644, "url": "", "pos": 48, "chunkLen": 48, "isStartTag": 1}}
06-28 14:48:01.364 25376 25389 E WProf.db: {"WprofHTMLTag": {"code": "0x9cb39de0", "doc": "http://searchengineland.com/search-pics-google-scary-room-lion-chair-swing-bing-hot-air-balloon-277204", "row": 0, "column": 9, "tagName": "link", "time": 22351.764853, "url": "", "pos": 9, "chunkLen": 66, "isStartTag": 1}}
06-28 14:48:01.364 25376 25389 E WProf.db: {"WprofHTMLTag": {"code": "0x9cb39e10", "doc": "http://searchengineland.com/search-pics-google-scary-room-lion-chair-swing-bing-hot-air-balloon-277204", "row": 0, "column": 16, "tagName": "table", "time": 22351.764982, "url": "", "pos": 16, "chunkLen": 66, "isStartTag": 1}}
06-28 14:48:01.364 25376 25389 E WProf.db: {"WprofHTMLTag": {"code": "0x9cb39e40", "doc": "http://searchengineland.com/search-pics-google-scary-room-lion-chair-swing-bing-hot-air-balloon-277204", "row": 0, "column": 24, "tagName": "table", "time": 22351.765057, "url": "", "pos": 24, "chunkLen": 66, "isStartTag": 0}}
06-28 14:48:01.365 25376 25389 E WProf.db: {"WprofHTMLTag": {"code": "0x9cb39e70", "doc": "http://searchengineland.com/search-pics-google-scary-room-lion-chair-swing-bing-hot-air-balloon-277204", "row": 0, "column": 37, "tagName": "a", "time": 22351.765123, "url": "", "pos": 37, "chunkLen": 66, "isStartTag": 1}}
06-28 14:48:01.365 25376 25389 E WProf.db: {"WprofHTMLTag": {"code": "0x9cb39ea0", "doc": "http://searchengineland.com/search-pics-google-scary-room-lion-chair-swing-bing-hot-air-balloon-277204", "row": 0, "column": 42, "tagName": "a", "time": 22351.765298, "url": "", "pos": 42, "chunkLen": 66, "isStartTag": 0}}
06-28 14:48:01.365 25376 25389 E WProf.db: {"WprofHTMLTag": {"code": "0x9cb39ed0", "doc": "http://searchengineland.com/search-pics-google-scary-room-lion-chair-swing-bing-hot-air-balloon-277204", "row": 0, "column": 66, "tagName": "input", "time": 22351.765362, "url": "", "pos": 66, "chunkLen": 66, "isStartTag": 1}}
06-28 14:48:01.365 25376 25389 E WProf.db: {"WprofHTMLTag": {"code": "0x9cb39f60", "doc": "http://searchengineland.com/search-pics-google-scary-room-lion-chair-swing-bing-hot-air-balloon-277204", "row": 0, "column": 9, "tagName": "link", "time": 22351.767129, "url": "", "pos": 9, "chunkLen": 66, "isStartTag": 1}}
06-28 14:48:01.365 25376 25389 E WProf.db: {"WprofHTMLTag": {"code": "0x9cb39f90", "doc": "http://searchengineland.com/search-pics-google-scary-room-lion-chair-swing-bing-hot-air-balloon-277204", "row": 0, "column": 16, "tagName": "table", "time": 22351.767244, "url": "", "pos": 16, "chunkLen": 66, "isStartTag": 1}}
06-28 14:48:01.365 25376 25389 E WProf.db: {"WprofHTMLTag": {"code": "0x9cb39fc0", "doc": "http://searchengineland.com/search-pics-google-scary-room-lion-chair-swing-bing-hot-air-balloon-277204", "row": 0, "column": 24, "tagName": "table", "time": 22351.767317, "url": "", "pos": 24, "chunkLen": 66, "isStartTag": 0}}
06-28 14:48:01.365 25376 25389 E WProf.db: {"WprofHTMLTag": {"code": "0x9cb39ff0", "doc": "http://searchengineland.com/search-pics-google-scary-room-lion-chair-swing-bing-hot-air-balloon-277204", "row": 0, "column": 37, "tagName": "a", "time": 22351.767379, "url": "", "pos": 37, "chunkLen": 66, "isStartTag": 1}}
06-28 14:48:01.365 25376 25389 E WProf.db: {"WprofHTMLTag": {"code": "0x9cb3a020", "doc": "http://searchengineland.com/search-pics-google-scary-room-lion-chair-swing-bing-hot-air-balloon-277204", "row": 0, "column": 42, "tagName": "a", "time": 22351.767572, "url": "", "pos": 42, "chunkLen": 66, "isStartTag": 0}}
06-28 14:48:01.365 25376 25389 E WProf.db: {"WprofHTMLTag": {"code": "0x9cb3a050", "doc": "http://searchengineland.com/search-pics-google-scary-room-lion-chair-swing-bing-hot-air-balloon-277204", "row": 0, "column": 66, "tagName": "input", "time": 22351.767637, "url": "", "pos": 66, "chunkLen": 66, "isStartTag": 1}}
06-28 14:48:01.365 25376 25389 E WProf.db: {"WprofHTMLTag": {"code": "0x9cb3a0b0", "doc": "http://searchengineland.com/search-pics-google-scary-room-lion-chair-swing-bing-hot-air-balloon-277204", "row": 0, "column": 9, "tagName": "link", "time": 22351.772288, "url": "", "pos": 9, "chunkLen": 66, "isStartTag": 1}}
06-28 14:48:01.365 25376 25389 E WProf.db: {"WprofHTMLTag": {"code": "0x9cb3a0e0", "doc": "http://searchengineland.com/search-pics-google-scary-room-lion-chair-swing-bing-hot-air-balloon-277204", "row": 0, "column": 16, "tagName": "table", "time": 22351.772694, "url": "", "pos": 16, "chunkLen": 66, "isStartTag": 1}}
06-28 14:48:01.365 25376 25389 E WProf.db: {"WprofHTMLTag": {"code": "0x9cb3a110", "doc": "http://searchengineland.com/search-pics-google-scary-room-lion-chair-swing-bing-hot-air-balloon-277204", "row": 0, "column": 24, "tagName": "table", "time": 22351.772776, "url": "", "pos": 24, "chunkLen": 66, "isStartTag": 0}}
06-28 14:48:01.365 25376 25389 E WProf.db: {"WprofHTMLTag": {"code": "0x9cb3a140", "doc": "http://searchengineland.com/search-pics-google-scary-room-lion-chair-swing-bing-hot-air-balloon-277204", "row": 0, "column": 37, "tagName": "a", "time": 22351.773135, "url": "", "pos": 37, "chunkLen": 66, "isStartTag": 1}}
06-28 14:48:01.365 25376 25389 E WProf.db: {"WprofHTMLTag": {"code": "0x9cb3a170", "doc": "http://searchengineland.com/search-pics-google-scary-room-lion-chair-swing-bing-hot-air-balloon-277204", "row": 0, "column": 42, "tagName": "a", "time": 22351.773299, "url": "", "pos": 42, "chunkLen": 66, "isStartTag": 0}}
06-28 14:48:01.366 25376 25389 E WProf.db: {"WprofHTMLTag": {"code": "0x9cb3a1a0", "doc": "http://searchengineland.com/search-pics-google-scary-room-lion-chair-swing-bing-hot-air-balloon-277204", "row": 0, "column": 66, "tagName": "input", "time": 22351.773361, "url": "", "pos": 66, "chunkLen": 66, "isStartTag": 1}}
06-28 14:48:01.366 25376 25389 E WProf.db: {"WprofHTMLTag": {"code": "0x9cb3a2c0", "doc": "http://searchengineland.com/search-pics-google-scary-room-lion-chair-swing-bing-hot-air-balloon-277204", "row": 113, "column": 154, "tagName": "script", "time": 22351.785965, "url": "http://searchengineland.com/figz/wp-content/themes/searchengineland/js/lib/jquery-ui-1.10.3.custom.min.js?ver=1.10.3", "pos": 67, "chunkLen": 67, "isStartTag": 1}}
06-28 14:48:01.366 25376 25389 E WProf.db: {"WprofHTMLTag": {"code": "0x9cb3a2f0", "doc": "http://searchengineland.com/search-pics-google-scary-room-lion-chair-swing-bing-hot-air-balloon-277204", "row": 113, "column": 163, "tagName": "script", "time": 22351.786223, "url": "", "pos": 67, "chunkLen": 67, "isStartTag": 0}}
06-28 14:48:01.366 25376 25389 E WProf.db: {"WprofHTMLTag": {"code": "0xaedd7c90", "doc": "http://searchengineland.com/search-pics-google-scary-room-lion-chair-swing-bing-hot-air-balloon-277204", "row": 0, "column": 111, "tagName": "div", "time": 22352.116687, "url": "", "pos": 111, "chunkLen": 117, "isStartTag": 1}}
06-28 14:48:01.366 25376 25389 E WProf.db: {"WprofHTMLTag": {"code": "0xaedd7c30", "doc": "http://searchengineland.com/search-pics-google-scary-room-lion-chair-swing-bing-hot-air-balloon-277204", "row": 0, "column": 117, "tagName": "div", "time": 22352.116897, "url": "", "pos": 117, "chunkLen": 117, "isStartTag": 0}}
06-28 14:48:01.366 25376 25389 E WProf.db: {"WprofHTMLTag": {"code": "0x9cb3a6e0", "doc": "http://searchengineland.com/search-pics-google-scary-room-lion-chair-swing-bing-hot-air-balloon-277204", "row": 114, "column": 155, "tagName": "script", "time": 22352.145857, "url": "http://searchengineland.com/figz/wp-content/themes/searchengineland/js/lib/jquery.ba-throttle-debounce.min.js?ver=1.1", "pos": 118, "chunkLen": 118, "isStartTag": 1}}
