--------- beginning of main
06-28 10:30:11.879  3449  3449 E Finsky  : [1] com.google.android.finsky.wear.bl.a(3): onConnectionFailed: ConnectionResult{statusCode=API_UNAVAILABLE, resolution=null, message=null}
--------- beginning of system
06-28 10:30:13.023 32528 32528 E chromium: [ERROR:shell_integration_android.cc(12)] Not implemented reached in static ShellIntegration::DefaultWebClientSetPermission ShellIntegration::CanSetAsDefaultBrowser()
06-28 10:30:13.028 32528 32528 E chromium: [ERROR:browser_process_impl.cc(720)] Not implemented reached in virtual BackgroundModeManager* BrowserProcessImpl::background_mode_manager()
06-28 10:30:13.305  3218 30601 E AudioRecord-JNI: Error -4 during AudioRecord native read
06-28 10:30:15.819 32528 32574 E chromium: [ERROR:gles2_cmd_decoder.cc(3852)] [.ChromiumCompositor-0xacbb2fc0]GL ERROR :GL_INVALID_ENUM : glDiscardFramebufferEXT: attachments was GL_COLOR_EXT
06-28 10:30:16.067 32595 32608 E WPROF   : {"CSS": {"url": "http://searchengineland.com/figz/wp-content/themes/searchengineland/css/searchengineland-bootstrap.css", "requestTime": 6893.123206}}
06-28 10:30:16.072 32595 32608 E WPROF   : {"CSS": {"url": "http://fonts.googleapis.com/css?family=Oswald:300,400,700", "requestTime": 6893.127900}}
06-28 10:30:16.079 32595 32608 E WPROF   : {"CSS": {"url": "http://searchengineland.com/figz/wp-content/themes/searchengineland/style.css", "requestTime": 6893.134575}}
06-28 10:30:16.095 32595 32608 E WPROF   : {"Javascript": {"url": "http://searchengineland.com/figz/wp-content/themes/searchengineland/js/lib/modernizr.custom.js?ver=1.0", "requestTime": 6893.150667}}
06-28 10:30:16.096 32595 32608 E WPROF   : {"Javascript": {"url": "http://searchengineland.com/figz/wp-content/themes/searchengineland/js/lib/jquery-1.11.0.min.js?ver=1.11.0", "requestTime": 6893.151288}}
06-28 10:30:16.096 32595 32608 E WPROF   : {"Javascript": {"url": "http://searchengineland.com/figz/wp-content/themes/searchengineland/js/lib/jquery-ui-1.10.3.custom.min.js?ver=1.10.3", "requestTime": 6893.152170}}
06-28 10:30:16.097 32595 32608 E WPROF   : {"Javascript": {"url": "http://searchengineland.com/figz/wp-content/themes/searchengineland/js/lib/jquery.ba-throttle-debounce.min.js?ver=1.1", "requestTime": 6893.152599}}
06-28 10:30:16.097 32595 32608 E WPROF   : {"Javascript": {"url": "http://searchengineland.com/figz/wp-content/themes/searchengineland/js/lib/jquery.countdown.min.js?ver=2.0.4", "requestTime": 6893.153101}}
06-28 10:30:16.098 32595 32608 E WPROF   : {"Javascript": {"url": "http://static.chartbeat.com/js/chartbeat_mab.js", "requestTime": 6893.153942}}
06-28 10:30:16.706 32595 32608 E WPROF   : {"Javascript": {"url": "http://searchengineland.com/figz/wp-includes/js/wp-emoji-release.min.js?ver=4.7.5", "requestTime": 6893.761230}}
06-28 10:30:17.087 32595 32608 E WPROF   : {"Javascript": {"url": "http://www.googletagservices.com/tag/js/gpt.js", "requestTime": 6894.143052}}
06-28 10:30:17.093 32595 32608 E WPROF   : {"Javascript": {"url": "https://www.google-analytics.com/analytics.js", "requestTime": 6894.148542}}
06-28 10:30:17.096 32595 32608 E WPROF   : {"Javascript": {"url": "http://edge.quantserve.com/quant.js", "requestTime": 6894.151906}}
06-28 10:30:17.099 32595 32608 E WPROF   : {"Javascript": {"url": "https://connect.facebook.net/en_US/fbevents.js", "requestTime": 6894.155170}}
06-28 10:30:17.169 32528 32574 E chromium: [ERROR:gles2_cmd_decoder.cc(3852)] [.ChromiumCompositor-0xacbb2fc0]GL ERROR :GL_INVALID_ENUM : glDiscardFramebufferEXT: attachments was GL_COLOR_EXT
06-28 10:30:17.215 32595 32608 E WPROF   : {"Javascript": {"url": "http://app-sj02.marketo.com/js/forms2/js/forms2.min.js", "requestTime": 6894.270332}}
06-28 10:30:17.289 32528 32574 E chromium: [ERROR:gles2_cmd_decoder.cc(3852)] [.ChromiumCompositor-0xacbb2fc0]GL ERROR :GL_INVALID_ENUM : glDiscardFramebufferEXT: attachments was GL_COLOR_EXT
06-28 10:30:17.336 32595 32608 E WPROF   : {"Javascript": {"url": "https://connect.facebook.net/signals/config/423979991297359?v=2.7.17", "requestTime": 6894.391566}}
06-28 10:30:17.342 32595 32608 E WPROF   : {"Javascript": {"url": "https://securepubads.g.doubleclick.net/gpt/pubads_impl_121.js", "requestTime": 6894.398181}}
06-28 10:30:17.512 32595 32608 E WPROF   : {"Javascript": {"url": "http://app-sj02.marketo.com/index.php/form/getForm?munchkinId=727-ZQE-044&form=5691&url=http%3A%2F%2Fsearchengineland.com%2Fsee-google-showing-even-shopping-ads-desktop-season-262896&callback=jQuery1102039280834794044495_1498613417445&_=1498613417446", "requestTime": 6894.567536}}
06-28 10:30:17.528 32595 32608 E WPROF   : {"Javascript": {"url": "http://app-sj02.marketo.com/index.php/form/getForm?munchkinId=727-ZQE-044&form=5685&url=http%3A%2F%2Fsearchengineland.com%2Fsee-google-showing-even-shopping-ads-desktop-season-262896&callback=jQuery1102039280834794044495_1498613417447&_=1498613417448", "requestTime": 6894.584009}}
06-28 10:30:17.778 32595 32608 E WPROF   : {"Javascript": {"url": "http://app-sj02.marketo.com/index.php/form/getForm?munchkinId=727-ZQE-044&form=5673&url=http%3A%2F%2Fsearchengineland.com%2Fsee-google-showing-even-shopping-ads-desktop-season-262896&callback=jQuery1102039280834794044495_1498613417449&_=1498613417450", "requestTime": 6894.833235}}
06-28 10:30:17.784 32595 32608 E WPROF   : {"Javascript": {"url": "http://searchengineland.com/js/ga_social_tracking.js", "requestTime": 6894.839345}}
06-28 10:30:17.786 32595 32608 E WPROF   : {"Javascript": {"url": "http://s7.addthis.com/js/300/addthis_widget.js#pubid=ra-53e918f660794f37", "requestTime": 6894.842161}}
06-28 10:30:17.792 32528 32574 E chromium: [ERROR:gles2_cmd_decoder.cc(3852)] [.ChromiumCompositor-0xacbb2fc0]GL ERROR :GL_INVALID_ENUM : glDiscardFramebufferEXT: attachments was GL_COLOR_EXT
06-28 10:30:18.240 32595 32608 E WPROF   : {"CSS": {"url": "http://app-sj02.marketo.com/js/forms2/css/forms2.css", "requestTime": 6895.296078}}
06-28 10:30:18.243 32595 32608 E WPROF   : {"CSS": {"url": "http://app-sj02.marketo.com/js/forms2/css/forms2-theme-simple.css", "requestTime": 6895.298262}}
06-28 10:30:18.283 32595 32608 E WPROF   : {"Javascript": {"url": "https://static.xx.fbcdn.net/rsrc.php/v3iy6L4/yk/l/ko_KR/be4fIjHRc8P.js", "requestTime": 6895.338558}}
06-28 10:30:18.292 32528 32574 E chromium: [ERROR:gles2_cmd_decoder.cc(3852)] [.ChromiumCompositor-0xacbb2fc0]GL ERROR :GL_INVALID_ENUM : glDiscardFramebufferEXT: attachments was GL_COLOR_EXT
06-28 10:30:18.658   862  1657 E LocSvc_IzatApiV02: E/virtual int izat_core::IzatApiV02::getBatchSize(int32_t):522]: Error : st = 4, ind.status = -1628389555
06-28 10:30:18.659   862  1657 E LocSvc_IzatApiV02: E/virtual int izat_core::IzatApiV02::getBatchSize(int32_t):535]: get batching size failed.Or modem does not support batching 
06-28 10:30:18.670   862  1657 E LocSvc_IzatApiV02: E/virtual int izat_core::IzatApiV02::getBatchSize(int32_t):522]: Error : st = 4, ind.status = -1628389555
06-28 10:30:18.671   862  1657 E LocSvc_IzatApiV02: E/virtual int izat_core::IzatApiV02::getBatchSize(int32_t):535]: get batching size failed.Or modem does not support batching 
06-28 10:30:18.701   862  1657 E LocSvc_IzatApiV02: E/virtual int izat_core::IzatApiV02::getBatchSize(int32_t):522]: Error : st = 4, ind.status = -1628389555
06-28 10:30:18.702   862  1657 E LocSvc_IzatApiV02: E/virtual int izat_core::IzatApiV02::getBatchSize(int32_t):535]: get batching size failed.Or modem does not support batching 
06-28 10:30:18.710   862  1657 E LocSvc_IzatApiV02: E/virtual int izat_core::IzatApiV02::getBatchSize(int32_t):522]: Error : st = 4, ind.status = -1628389555
06-28 10:30:18.710   862  1657 E LocSvc_IzatApiV02: E/virtual int izat_core::IzatApiV02::getBatchSize(int32_t):535]: get batching size failed.Or modem does not support batching 
06-28 10:30:19.203 32595 32608 E WPROF   : {"Javascript": {"url": "http://cdn.api.twitter.com/1/users/show.json?screen_name=ginnymarvin&callback=twttr.setFollowersCount", "requestTime": 6896.258517}}
06-28 10:30:19.283 32528 32574 E chromium: [ERROR:gles2_cmd_decoder.cc(3852)] [.ChromiumCompositor-0xacbb2fc0]GL ERROR :GL_INVALID_ENUM : glDiscardFramebufferEXT: attachments was GL_COLOR_EXT
06-28 10:30:19.722 32595 32608 E WPROF   : {"Javascript": {"url": "http://platform.twitter.com/widgets.js", "requestTime": 6896.777628}}
06-28 10:30:19.724 32595 32608 E WPROF   : {"Javascript": {"url": "http://connect.facebook.net/en_US/sdk.js", "requestTime": 6896.779232}}
06-28 10:30:19.725 32595 32608 E WPROF   : {"Javascript": {"url": "https://apis.google.com/js/platform.js", "requestTime": 6896.780869}}
06-28 10:30:19.747 32595 32608 E WPROF   : {"Javascript": {"url": "http://rules.quantcount.com/rules-p-5aGizvD82d9hk.js", "requestTime": 6896.802273}}
06-28 10:30:19.749 32595 32608 E WPROF   : {"Javascript": {"url": "http://munchkin.marketo.net/munchkin.js", "requestTime": 6896.804958}}
06-28 10:30:19.938 32595 32608 E WPROF   : {"Javascript": {"url": "http://d2j3qa5nc37287.cloudfront.net/coupon_code1.js", "requestTime": 6896.993858}}
06-28 10:30:19.943 32595 32608 E WPROF   : {"Javascript": {"url": "http://www.googleadservices.com/pagead/conversion.js", "requestTime": 6896.998446}}
06-28 10:30:19.944 32595 32608 E WPROF   : {"Javascript": {"url": "http://searchengineland.com/figz/wp-content/themes/searchengineland/js/script.js?ver=1.0", "requestTime": 6897.000156}}
06-28 10:30:19.945 32595 32608 E WPROF   : {"Javascript": {"url": "http://searchengineland.com/figz/wp-includes/js/wp-embed.min.js?ver=4.7.5", "requestTime": 6897.000967}}
06-28 10:30:19.947 32595 32608 E WPROF   : {"Javascript": {"url": "http://searchengineland.com/figz/wp-content/themes/searchengineland/js/modules/sharing_controls.js", "requestTime": 6897.002399}}
06-28 10:30:19.958 32595 32608 E WPROF   : {"CSS": {"url": "https://www.youtube.com/yts/cssbin/www-embed-player-sprite-mode-vfl5G4Xm8.css", "requestTime": 6897.014170}}
06-28 10:30:19.960 32595 32608 E WPROF   : {"Javascript": {"url": "https://www.youtube.com/yts/jsbin/www-embed-player-vfl_UY_j8/www-embed-player.js", "requestTime": 6897.015832}}
06-28 10:30:19.962 32595 32608 E WPROF   : {"Javascript": {"url": "https://www.youtube.com/yts/jsbin/player-vflo1w4O-/ko_KR/base.js", "requestTime": 6897.017610}}
06-28 10:30:19.979 32528 32574 E chromium: [ERROR:gles2_cmd_decoder.cc(3852)] [.ChromiumCompositor-0xacbb2fc0]GL ERROR :GL_INVALID_ENUM : glDiscardFramebufferEXT: attachments was GL_COLOR_EXT
06-28 10:30:20.177 32595 32608 E WPROF   : {"Javascript": {"url": "https://tpc.googlesyndication.com/pagead/js/r20170619/r20110914/client/ext/m_window_focus_non_hydra.js", "requestTime": 6897.232263}}
06-28 10:30:20.179 32595 32608 E WPROF   : {"Javascript": {"url": "https://tpc.googlesyndication.com/pagead/js/r20170619/r20110914/activeview/osd_listener.js", "requestTime": 6897.234347}}
06-28 10:30:20.184 32595 32608 E WPROF   : {"Javascript": {"url": "http://pagead2.googlesyndication.com/pagead/osd.js", "requestTime": 6897.239460}}
06-28 10:30:20.353 32595 32608 E WPROF   : {"Javascript": {"url": "http://dnn506yrbagrg.cloudfront.net/pages/scripts/0026/4062.js?416281", "requestTime": 6897.408820}}
06-28 10:30:21.262 32528 32574 E chromium: [ERROR:gles2_cmd_decoder.cc(3852)] [.ChromiumCompositor-0xacbb2fc0]GL ERROR :GL_INVALID_ENUM : glDiscardFramebufferEXT: attachments was GL_COLOR_EXT
06-28 10:30:21.498 32595 32608 E WPROF   : {"Javascript": {"url": "http://m.addthisedge.com/live/boost/ra-53e918f660794f37/_ate.track.config_resp", "requestTime": 6898.553727}}
06-28 10:30:21.558 32595 32608 E WPROF   : {"Javascript": {"url": "http://m.addthis.com/live/red_lojson/300lo.json?si=595306abedc9ea86&bkl=0&bl=1&pdt=2062&sid=595306abedc9ea86&pub=ra-53e918f660794f37&rev=v7.15.4-wp&ln=ko&pc=men&cb=0&ab=-&dp=searchengineland.com&fp=see-google-showing-even-shopping-ads-desktop-season-262896&fr=&of=0&pd=0&irt=0&vcl=0&md=0&ct=1&tct=0&a", "requestTime": 6898.613745}}
06-28 10:30:22.047 32528 32574 E chromium: [ERROR:gles2_cmd_decoder.cc(3852)] [.ChromiumCompositor-0xacbb2fc0]GL ERROR :GL_INVALID_ENUM : glDiscardFramebufferEXT: attachments was GL_COLOR_EXT
06-28 10:30:23.201 32595 32608 E WPROF   : {"Javascript": {"url": "https://www.google.com/js/bg/KWBfAnWFESAEEaKKgdYlTHY9ysQaNoQuzeMFqvxDSM8.js", "requestTime": 6900.257123}}
06-28 10:30:23.210 32595 32608 E WPROF   : {"Javascript": {"url": "https://static.doubleclick.net/instream/ad_status.js", "requestTime": 6900.265362}}
06-28 10:30:23.425 32528 32574 E chromium: [ERROR:gles2_cmd_decoder.cc(3852)] [.ChromiumCompositor-0xacbb2fc0]GL ERROR :GL_INVALID_ENUM : glDiscardFramebufferEXT: attachments was GL_COLOR_EXT
06-28 10:30:23.589 32528 32574 E chromium: [ERROR:gles2_cmd_decoder.cc(3852)] [.ChromiumCompositor-0xacbb2fc0]GL ERROR :GL_INVALID_ENUM : glDiscardFramebufferEXT: attachments was GL_COLOR_EXT
06-28 10:30:23.725 32528 32574 E chromium: [ERROR:gles2_cmd_decoder.cc(3852)] [.ChromiumCompositor-0xacbb2fc0]GL ERROR :GL_INVALID_ENUM : glDiscardFramebufferEXT: attachments was GL_COLOR_EXT
06-28 10:30:23.891 32528 32574 E chromium: [ERROR:gles2_cmd_decoder.cc(3852)] [.ChromiumCompositor-0xacbb2fc0]GL ERROR :GL_INVALID_ENUM : glDiscardFramebufferEXT: attachments was GL_COLOR_EXT
06-28 10:30:24.160 32528 32574 E chromium: [ERROR:gles2_cmd_decoder.cc(3852)] [.ChromiumCompositor-0xacbb2fc0]GL ERROR :GL_INVALID_ENUM : glDiscardFramebufferEXT: attachments was GL_COLOR_EXT
06-28 10:30:24.859 32595 32608 E WPROF   : {"Javascript": {"url": "https://platform.twitter.com/js/button.b731e6c82269f70f6fc53634e044a4c6.js", "requestTime": 6901.914791}}
06-28 10:30:24.870 32595 32608 E WPROF   : {"Javascript": {"url": "http://www.justuno.com/ajax/account_version_check.html?id=828FA275-FF73-401E-AA39-40F5A6FAB6B1", "requestTime": 6901.925262}}
06-28 10:30:24.874 32595 32608 E WPROF   : {"Javascript": {"url": "http://munchkin.marketo.net/151/munchkin.js", "requestTime": 6901.929450}}
06-28 10:30:25.319 32595 32608 E WPROF   : {"Javascript": {"url": "http://s7.addthis.com/static/layers.4acb6c577b51939661ec.js", "requestTime": 6902.374298}}
06-28 10:30:25.451 32528 32574 E chromium: [ERROR:gles2_cmd_decoder.cc(3852)] [.ChromiumCompositor-0xacbb2fc0]GL ERROR :GL_INVALID_ENUM : glDiscardFramebufferEXT: attachments was GL_COLOR_EXT
06-28 10:30:25.535 32528 32574 E chromium: [ERROR:gles2_cmd_decoder.cc(3852)] [.ChromiumCompositor-0xacbb2fc0]GL ERROR :GL_INVALID_ENUM : glDiscardFramebufferEXT: attachments was GL_COLOR_EXT
06-28 10:30:25.702 32528 32574 E chromium: [ERROR:gles2_cmd_decoder.cc(3852)] [.ChromiumCompositor-0xacbb2fc0]GL ERROR :GL_INVALID_ENUM : glDiscardFramebufferEXT: attachments was GL_COLOR_EXT
06-28 10:30:25.718 32528 32574 E chromium: [ERROR:gles2_cmd_decoder.cc(3852)] [.ChromiumCompositor-0xacbb2fc0]GL ERROR :GL_INVALID_ENUM : glDiscardFramebufferEXT: attachments was GL_COLOR_EXT
06-28 10:30:25.761 32595 32608 E WPROF   : {"Javascript": {"url": "http://cdn.justuno.com/mwgt_3.6.js", "requestTime": 6902.816622}}
06-28 10:30:27.650 32528 32574 E chromium: [ERROR:gles2_cmd_decoder.cc(3852)] [.ChromiumCompositor-0xacbb2fc0]GL ERROR :GL_INVALID_ENUM : glDiscardFramebufferEXT: attachments was GL_COLOR_EXT
06-28 10:30:28.271 32528 32574 E chromium: [ERROR:gles2_cmd_decoder.cc(3852)] [.ChromiumCompositor-0xacbb2fc0]GL ERROR :GL_INVALID_ENUM : glDiscardFramebufferEXT: attachments was GL_COLOR_EXT
06-28 10:30:28.320 32595 32608 E WPROF   : {"Javascript": {"url": "https://app-sj02.marketo.com/js/forms2/js/forms2.min.js", "requestTime": 6905.375441}}
06-28 10:30:29.019 32595 32608 E WProf.db: {"page": "searchengineland.com_see-google-showing-even-shopping-ads-desktop-season-262896"}
06-28 10:30:29.019 32595 32608 E WProf.db: {"DOMLoad": 6906.075184}
06-28 10:30:29.020 32595 32608 E WProf.db: {"Resource": {"id": 1, "url": "http://searchengineland.com/see-google-showing-even-shopping-ads-desktop-season-262896", "sentTime": -1.000000, "len": 96029, "from": "0x0", "mimeType": "text/html", "contentLength": -1, "httpStatus": 200, "connId": 20, "connReused": 1, "cached": 0,"requestTime": 6892.784123, "proxyStart": -1, "proxyEnd": -1, "dnsStart": -1, "dnsEnd": -1, "connectStart": 0, "connectEnd": 59, "sendStart": 59, "sendEnd": 60, "receiveHeadersEnd": 223, "sslStart": -1, "sslEnd": -1}}
06-28 10:30:29.020 32595 32608 E WProf.db: {"ReceivedChunk": {"receivedTime": 6893.028652, "len": 7689}}
06-28 10:30:29.020 32595 32608 E WProf.db: {"ReceivedChunk": {"receivedTime": 6893.116512, "len": 32768}}
06-28 10:30:29.020 32595 32608 E WProf.db: {"ReceivedChunk": {"receivedTime": 6893.116845, "len": 31027}}
06-28 10:30:29.020 32595 32608 E WProf.db: {"ReceivedChunk": {"receivedTime": 6893.175318, "len": 21200}}
06-28 10:30:29.020 32595 32608 E WProf.db: {"ReceivedChunk": {"receivedTime": 6893.179599, "len": 3345}}
06-28 10:30:29.020 32595 32608 E WProf.db: {"WprofHTMLTag": {"code": "0xaedd5630", "doc": "http://searchengineland.com/see-google-showing-even-shopping-ads-desktop-season-262896", "row": 6, "column": 42, "tagName": "html", "time": 6893.117465, "url": "", "pos": 1, "chunkLen": 1, "isStartTag": 1}}
06-28 10:30:29.020 32595 32608 E WProf.db: {"WprofHTMLTag": {"code": "0xaf0477f0", "doc": "http://searchengineland.com/see-google-showing-even-shopping-ads-desktop-season-262896", "row": 7, "column": 6, "tagName": "head", "time": 6893.117845, "url": "", "pos": 1, "chunkLen": 1, "isStartTag": 1}}
06-28 10:30:29.020 32595 32608 E WProf.db: {"WprofHTMLTag": {"code": "0xaf047820", "doc": "http://searchengineland.com/see-google-showing-even-shopping-ads-desktop-season-262896", "row": 8, "column": 54, "tagName": "meta", "time": 6893.117892, "url": "", "pos": 1, "chunkLen": 1, "isStartTag": 1}}
06-28 10:30:29.020 32595 32608 E WProf.db: {"WprofHTMLTag": {"code": "0xaf047850", "doc": "http://searchengineland.com/see-google-showing-even-shopping-ads-desktop-season-262896", "row": 9, "column": 68, "tagName": "meta", "time": 6893.118041, "url": "", "pos": 1, "chunkLen": 1, "isStartTag": 1}}
06-28 10:30:29.020 32595 32608 E WProf.db: {"WprofHTMLTag": {"code": "0xaf047880", "doc": "http://searchengineland.com/see-google-showing-even-shopping-ads-desktop-season-262896", "row": 10, "column": 23, "tagName": "meta", "time": 6893.118156, "url": "", "pos": 1, "chunkLen": 1, "isStartTag": 1}}
06-28 10:30:29.020 32595 32608 E WProf.db: {"WprofHTMLTag": {"code": "0xaf0478b0", "doc": "http://searchengineland.com/see-google-showing-even-shopping-ads-desktop-season-262896", "row": 11, "column": 52, "tagName": "meta", "time": 6893.118279, "url": "", "pos": 1, "chunkLen": 1, "isStartTag": 1}}
06-28 10:30:29.020 32595 32608 E WProf.db: {"WprofHTMLTag": {"code": "0xaf0478e0", "doc": "http://searchengineland.com/see-google-showing-even-shopping-ads-desktop-season-262896", "row": 14, "column": 56, "tagName": "meta", "time": 6893.118406, "url": "", "pos": 1, "chunkLen": 1, "isStartTag": 1}}
06-28 10:30:29.020 32595 32608 E WProf.db: {"WprofHTMLTag": {"code": "0xaf047910", "doc": "http://searchengineland.com/see-google-showing-even-shopping-ads-desktop-season-262896", "row": 15, "column": 83, "tagName": "meta", "time": 6893.118523, "url": "", "pos": 1, "chunkLen": 1, "isStartTag": 1}}
06-28 10:30:29.021 32595 32608 E WProf.db: {"WprofHTMLTag": {"code": "0xaf047940", "doc": "http://searchengineland.com/see-google-showing-even-shopping-ads-desktop-season-262896", "row": 16, "column": 57, "tagName": "meta", "time": 6893.118638, "url": "", "pos": 1, "chunkLen": 1, "isStartTag": 1}}
06-28 10:30:29.021 32595 32608 E WProf.db: {"WprofHTMLTag": {"code": "0xaf0479d0", "doc": "http://searchengineland.com/see-google-showing-even-shopping-ads-desktop-season-262896", "row": 17, "column": 41, "tagName": "meta", "time": 6893.118750, "url": "", "pos": 1, "chunkLen": 1, "isStartTag": 1}}
06-28 10:30:29.021 32595 32608 E WProf.db: {"WprofHTMLTag": {"code": "0xaf047a00", "doc": "http://searchengineland.com/see-google-showing-even-shopping-ads-desktop-season-262896", "row": 18, "column": 50, "tagName": "meta", "time": 6893.118858, "url": "", "pos": 1, "chunkLen": 1, "isStartTag": 1}}
06-28 10:30:29.022 32595 32608 E WProf.db: {"WprofHTMLTag": {"code": "0xaf047a30", "doc": "http://searchengineland.com/see-google-showing-even-shopping-ads-desktop-season-262896", "row": 19, "column": 174, "tagName": "meta", "time": 6893.118974, "url": "", "pos": 1, "chunkLen": 1, "isStartTag": 1}}
06-28 10:30:29.022 32595 32608 E WProf.db: {"WprofHTMLTag": {"code": "0xaf0479a0", "doc": "http://searchengineland.com/see-google-showing-even-shopping-ads-desktop-season-262896", "row": 20, "column": 47, "tagName": "meta", "time": 6893.119091, "url": "", "pos": 1, "chunkLen": 1, "isStartTag": 1}}
06-28 10:30:29.022 32595 32608 E WProf.db: {"WprofHTMLTag": {"code": "0xaf047970", "doc": "http://searchengineland.com/see-google-showing-even-shopping-ads-desktop-season-262896", "row": 21, "column": 67, "tagName": "meta", "time": 6893.119199, "url": "", "pos": 1, "chunkLen": 1, "isStartTag": 1}}
06-28 10:30:29.022 32595 32608 E WProf.db: {"WprofHTMLTag": {"code": "0xaf047a60", "doc": "http://searchengineland.com/see-google-showing-even-shopping-ads-desktop-season-262896", "row": 22, "column": 57, "tagName": "meta", "time": 6893.119313, "url": "", "pos": 1, "chunkLen": 1, "isStartTag": 1}}
06-28 10:30:29.022 32595 32608 E WProf.db: {"WprofHTMLTag": {"code": "0xaf047a90", "doc": "http://searchengineland.com/see-google-showing-even-shopping-ads-desktop-season-262896", "row": 23, "column": 65, "tagName": "meta", "time": 6893.119423, "url": "", "pos": 1, "chunkLen": 1, "isStartTag": 1}}
06-28 10:30:29.022 32595 32608 E WProf.db: {"WprofHTMLTag": {"code": "0xaf047ac0", "doc": "http://searchengineland.com/see-google-showing-even-shopping-ads-desktop-season-262896", "row": 24, "column": 55, "tagName": "meta", "time": 6893.119535, "url": "", "pos": 1, "chunkLen": 1, "isStartTag": 1}}
06-28 10:30:29.022 32595 32608 E WProf.db: {"WprofHTMLTag": {"code": "0xaf047af0", "doc": "http://searchengineland.com/see-google-showing-even-shopping-ads-desktop-season-262896", "row": 25, "column": 71, "tagName": "meta", "time": 6893.119650, "url": "", "pos": 1, "chunkLen": 1, "isStartTag": 1}}
06-28 10:30:29.022 32595 32608 E WProf.db: {"WprofHTMLTag": {"code": "0xaf047b20", "doc": "http://searchengineland.com/see-google-showing-even-shopping-ads-desktop-season-262896", "row": 26, "column": 86, "tagName": "meta", "time": 6893.119762, "url": "", "pos": 1, "chunkLen": 1, "isStartTag": 1}}
06-28 10:30:29.022 32595 32608 E WProf.db: {"WprofHTMLTag": {"code": "0xaf047b50", "doc": "http://searchengineland.com/see-google-showing-even-shopping-ads-desktop-season-262896", "row": 27, "column": 54, "tagName": "meta", "time": 6893.119878, "url": "", "pos": 1, "chunkLen": 1, "isStartTag": 1}}
06-28 10:30:29.022 32595 32608 E WProf.db: {"WprofHTMLTag": {"code": "0xaf047b80", "doc": "http://searchengineland.com/see-google-showing-even-shopping-ads-desktop-season-262896", "row": 29, "column": 39, "tagName": "meta", "time": 6893.119989, "url": "", "pos": 1, "chunkLen": 1, "isStartTag": 1}}
06-28 10:30:29.022 32595 32608 E WProf.db: {"WprofHTMLTag": {"code": "0xaf047bb0", "doc": "http://searchengineland.com/see-google-showing-even-shopping-ads-desktop-season-262896", "row": 30, "column": 109, "tagName": "meta", "time": 6893.120637, "url": "", "pos": 1, "chunkLen": 1, "isStartTag": 1}}
06-28 10:30:29.022 32595 32608 E WProf.db: {"WprofHTMLTag": {"code": "0xaf047be0", "doc": "http://searchengineland.com/see-google-showing-even-shopping-ads-desktop-season-262896", "row": 31, "column": 55, "tagName": "meta", "time": 6893.120747, "url": "", "pos": 1, "chunkLen": 1, "isStartTag": 1}}
06-28 10:30:29.022 32595 32608 E WProf.db: {"WprofHTMLTag": {"code": "0xaf047c10", "doc": "http://searchengineland.com/see-google-showing-even-shopping-ads-desktop-season-262896", "row": 32, "column": 54, "tagName": "meta", "time": 6893.120848, "url": "", "pos": 1, "chunkLen": 1, "isStartTag": 1}}
06-28 10:30:29.022 32595 32608 E WProf.db: {"WprofHTMLTag": {"code": "0xaf047c40", "doc": "http://searchengineland.com/see-google-showing-even-shopping-ads-desktop-season-262896", "row": 33, "column": 138, "tagName": "meta", "time": 6893.120956, "url": "", "pos": 1, "chunkLen": 1, "isStartTag": 1}}
06-28 10:30:29.023 32595 32608 E WProf.db: {"WprofHTMLTag": {"code": "0xaf047c70", "doc": "http://searchengineland.com/see-google-showing-even-shopping-ads-desktop-season-262896", "row": 37, "column": 36, "tagName": "script", "time": 6893.121059, "url": "", "pos": 1, "chunkLen": 1, "isStartTag": 1}}
06-28 10:30:29.023 32595 32608 E WProf.db: {"WprofHTMLTag": {"code": "0xaf047ca0", "doc": "http://searchengineland.com/see-google-showing-even-shopping-ads-desktop-season-262896", "row": 53, "column": 10, "tagName": "script", "time": 6893.121314, "url": "", "pos": 1, "chunkLen": 1, "isStartTag": 0}}
06-28 10:30:29.023 32595 32608 E WProf.db: {"WprofHTMLTag": {"code": "0xaf047cd0", "doc": "http://searchengineland.com/see-google-showing-even-shopping-ads-desktop-season-262896", "row": 55, "column": 86, "tagName": "link", "time": 6893.121830, "url": "http://searchengineland.com/apple-touch-icon.png", "pos": 1, "chunkLen": 1, "isStartTag": 1}}
06-28 10:30:29.023 32595 32608 E WProf.db: {"WprofHTMLTag": {"code": "0xaf047d00", "doc": "http://searchengineland.com/see-google-showing-even-shopping-ads-desktop-season-262896", "row": 56, "column": 76, "tagName": "link", "time": 6893.122115, "url": "http://searchengineland.com/favicon.ico", "pos": 1, "chunkLen": 1, "isStartTag": 1}}
06-28 10:30:29.023 32595 32608 E WProf.db: {"WprofHTMLTag": {"code": "0xaf047d30", "doc": "http://searchengineland.com/see-google-showing-even-shopping-ads-desktop-season-262896", "row": 57, "column": 158, "tagName": "link", "time": 6893.122317, "url": "http://feeds.searchengineland.com/searchengineland", "pos": 1, "chunkLen": 1, "isStartTag": 1}}
06-28 10:30:29.023 32595 32608 E WProf.db: {"WprofHTMLTag": {"code": "0xaf047d60", "doc": "http://searchengineland.com/see-google-showing-even-shopping-ads-desktop-season-262896", "row": 58, "column": 149, "tagName": "link", "time": 6893.122580, "url": "http://feeds.searchengineland.com/searchcap", "pos": 1, "chunkLen": 1, "isStartTag": 1}}
06-28 10:30:29.023 32595 32608 E WProf.db: {"WprofHTMLTag": {"code": "0xaf047d90", "doc": "http://searchengineland.com/see-google-showing-even-shopping-ads-desktop-season-262896", "row": 59, "column": 150, "tagName": "link", "time": 6893.122865, "url": "http://searchengineland.com/figz/wp-content/themes/searchengineland/css/searchengineland-bootstrap.css", "pos": 1, "chunkLen": 1, "isStartTag": 1}}
06-28 10:30:29.023 32595 32608 E WProf.db: {"WprofHTMLTag": {"code": "0xaf047df0", "doc": "http://searchengineland.com/see-google-showing-even-shopping-ads-desktop-season-262896", "row": 60, "column": 105, "tagName": "link", "time": 6893.123464, "url": "http://fonts.googleapis.com/css?family=Oswald:300,400,700", "pos": 1, "chunkLen": 1, "isStartTag": 1}}
06-28 10:30:29.023 32595 32608 E WProf.db: {"WprofHTMLTag": {"code": "0xaf047e50", "doc": "http://searchengineland.com/see-google-showing-even-shopping-ads-desktop-season-262896", "row": 61, "column": 125, "tagName": "link", "time": 6893.128195, "url": "http://searchengineland.com/figz/wp-content/themes/searchengineland/style.css", "pos": 1, "chunkLen": 1, "isStartTag": 1}}
06-28 10:30:29.023 32595 32608 E WProf.db: {"WprofHTMLTag": {"code": "0xaf047eb0", "doc": "http://searchengineland.com/see-google-showing-even-shopping-ads-desktop-season-262896", "row": 65, "column": 7, "tagName": "title", "time": 6893.141077, "url": "", "pos": 1, "chunkLen": 1, "isStartTag": 1}}
06-28 10:30:29.023 32595 32608 E WProf.db: {"WprofHTMLTag": {"code": "0xaf047ee0", "doc": "http://searchengineland.com/see-google-showing-even-shopping-ads-desktop-season-262896", "row": 65, "column": 86, "tagName": "title", "time": 6893.141581, "url": "", "pos": 1, "chunkLen": 1, "isStartTag": 0}}
06-28 10:30:29.023 32595 32608 E WProf.db: {"WprofHTMLTag": {"code": "0xaf047f10", "doc": "http://searchengineland.com/see-google-showing-even-shopping-ads-desktop-season-262896", "row": 66, "column": 106, "tagName": "meta", "time": 6893.141613, "url": "", "pos": 1, "chunkLen": 1, "isStartTag": 1}}
06-28 10:30:29.023 32595 32608 E WProf.db: {"WprofHTMLTag": {"code": "0xaf047f40", "doc": "http://searchengineland.com/see-google-showing-even-shopping-ads-desktop-season-262896", "row": 67, "column": 40, "tagName": "meta", "time": 6893.141814, "url": "", "pos": 1, "chunkLen": 1, "isStartTag": 1}}
06-28 10:30:29.024 32595 32608 E WProf.db: {"WprofHTMLTag": {"code": "0xaf047f70", "doc": "http://searchengineland.com/see-google-showing-even-shopping-ads-desktop-season-262896", "row": 68, "column": 128, "tagName": "meta", "time": 6893.142288, "url": "", "pos": 1, "chunkLen": 1, "isStartTag": 1}}
06-28 10:30:29.024 32595 32608 E WProf.db: {"WprofHTMLTag": {"code": "0xaf047fa0", "doc": "http://searchengineland.com/see-google-showing-even-shopping-ads-desktop-season-262896", "row": 69, "column": 37, "tagName": "meta", "time": 6893.142617, "url": "", "pos": 1, "chunkLen": 1, "isStartTag": 1}}
06-28 10:30:29.024 32595 32608 E WProf.db: {"WprofHTMLTag": {"code": "0xaf047fd0", "doc": "http://searchengineland.com/see-google-showing-even-shopping-ads-desktop-season-262896", "row": 70, "column": 118, "tagName": "link", "time": 6893.142763, "url": "http://searchengineland.com/see-google-showing-even-shopping-ads-desktop-season-262896", "pos": 1, "chunkLen": 1, "isStartTag": 1}}
06-28 10:30:29.024 32595 32608 E WProf.db: {"WprofHTMLTag": {"code": "0xb4cc74b0", "doc": "http://searchengineland.com/see-google-showing-even-shopping-ads-desktop-season-262896", "row": 71, "column": 76, "tagName": "link", "time": 6893.143471, "url": "https://plus.google.com/103218677032751327334", "pos": 1, "chunkLen": 1, "isStartTag": 1}}
06-28 10:30:29.025 32595 32608 E WProf.db: {"WprofHTMLTag": {"code": "0xb4cc7540", "doc": "http://searchengineland.com/see-google-showing-even-shopping-ads-desktop-season-262896", "row": 72, "column": 45, "tagName": "meta", "time": 6893.143782, "url": "", "pos": 1, "chunkLen": 1, "isStartTag": 1}}
06-28 10:30:29.025 32595 32608 E WProf.db: {"WprofHTMLTag": {"code": "0xb4cc78a0", "doc": "http://searchengineland.com/see-google-showing-even-shopping-ads-desktop-season-262896", "row": 73, "column": 45, "tagName": "meta", "time": 6893.143938, "url": "", "pos": 1, "chunkLen": 1, "isStartTag": 1}}
06-28 10:30:29.025 32595 32608 E WProf.db: {"WprofHTMLTag": {"code": "0xb4cc78d0", "doc": "http://searchengineland.com/see-google-showing-even-shopping-ads-desktop-season-262896", "row": 74, "column": 110, "tagName": "meta", "time": 6893.144176, "url": "", "pos": 1, "chunkLen": 1, "isStartTag": 1}}
06-28 10:30:29.025 32595 32608 E WProf.db: {"WprofHTMLTag": {"code": "0xb4cc7900", "doc": "http://searchengineland.com/see-google-showing-even-shopping-ads-desktop-season-262896", "row": 75, "column": 114, "tagName": "meta", "time": 6893.144325, "url": "", "pos": 1, "chunkLen": 1, "isStartTag": 1}}
06-28 10:30:29.025 32595 32608 E WProf.db: {"WprofHTMLTag": {"code": "0xb4cc7930", "doc": "http://searchengineland.com/see-google-showing-even-shopping-ads-desktop-season-262896", "row": 76, "column": 123, "tagName": "meta", "time": 6893.144512, "url": "", "pos": 1, "chunkLen": 1, "isStartTag": 1}}
06-28 10:30:29.026 32595 32608 E WProf.db: {"WprofHTMLTag": {"code": "0xb4cc7960", "doc": "http://searchengineland.com/see-google-showing-even-shopping-ads-desktop-season-262896", "row": 77, "column": 61, "tagName": "meta", "time": 6893.144663, "url": "", "pos": 1, "chunkLen": 1, "isStartTag": 1}}
06-28 10:30:29.026 32595 32608 E WProf.db: {"WprofHTMLTag": {"code": "0xb4cc7990", "doc": "http://searchengineland.com/see-google-showing-even-shopping-ads-desktop-season-262896", "row": 78, "column": 89, "tagName": "meta", "time": 6893.144808, "url": "", "pos": 1, "chunkLen": 1, "isStartTag": 1}}
06-28 10:30:29.027 32595 32608 E WProf.db: {"WprofHTMLTag": {"code": "0xb4cc79c0", "doc": "http://searchengineland.com/see-google-showing-even-shopping-ads-desktop-season-262896", "row": 79, "column": 82, "tagName": "meta", "time": 6893.144992, "url": "", "pos": 1, "chunkLen": 1, "isStartTag": 1}}
06-28 10:30:29.027 32595 32608 E WProf.db: {"WprofHTMLTag": {"code": "0xb4cc79f0", "doc": "http://searchengineland.com/see-google-showing-even-shopping-ads-desktop-season-262896", "row": 80, "column": 61, "tagName": "meta", "time": 6893.145133, "url": "", "pos": 1, "chunkLen": 1, "isStartTag": 1}}
06-28 10:30:29.027 32595 32608 E WProf.db: {"WprofHTMLTag": {"code": "0xb4cc7a20", "doc": "http://searchengineland.com/see-google-showing-even-shopping-ads-desktop-season-262896", "row": 81, "column": 78, "tagName": "meta", "time": 6893.145278, "url": "", "pos": 1, "chunkLen": 1, "isStartTag": 1}}
06-28 10:30:29.027 32595 32608 E WProf.db: {"WprofHTMLTag": {"code": "0xb4cc7a50", "doc": "http://searchengineland.com/see-google-showing-even-shopping-ads-desktop-season-262896", "row": 82, "column": 77, "tagName": "meta", "time": 6893.145419, "url": "", "pos": 1, "chunkLen": 1, "isStartTag": 1}}
06-28 10:30:29.027 32595 32608 E WProf.db: {"WprofHTMLTag": {"code": "0xb4cc7a80", "doc": "http://searchengineland.com/see-google-showing-even-shopping-ads-desktop-season-262896", "row": 83, "column": 71, "tagName": "meta", "time": 6893.145563, "url": "", "pos": 1, "chunkLen": 1, "isStartTag": 1}}
06-28 10:30:29.027 32595 32608 E WProf.db: {"WprofHTMLTag": {"code": "0xb4cc7ab0", "doc": "http://searchengineland.com/see-google-showing-even-shopping-ads-desktop-season-262896", "row": 84, "column": 132, "tagName": "meta", "time": 6893.145705, "url": "", "pos": 1, "chunkLen": 1, "isStartTag": 1}}
06-28 10:30:29.027 32595 32608 E WProf.db: {"WprofHTMLTag": {"code": "0xb4cc7ae0", "doc": "http://searchengineland.com/see-google-showing-even-shopping-ads-desktop-season-262896", "row": 85, "column": 49, "tagName": "meta", "time": 6893.145849, "url": "", "pos": 1, "chunkLen": 1, "isStartTag": 1}}
06-28 10:30:29.028 32595 32608 E WProf.db: {"WprofHTMLTag": {"code": "0xb4cc7b10", "doc": "http://searchengineland.com/see-google-showing-even-shopping-ads-desktop-season-262896", "row": 86, "column": 50, "tagName": "meta", "time": 6893.145991, "url": "", "pos": 1, "chunkLen": 1, "isStartTag": 1}}
06-28 10:30:29.028 32595 32608 E WProf.db: {"WprofHTMLTag": {"code": "0xb4cc7b40", "doc": "http://searchengineland.com/see-google-showing-even-shopping-ads-desktop-season-262896", "row": 87, "column": 58, "tagName": "meta", "time": 6893.146130, "url": "", "pos": 1, "chunkLen": 1, "isStartTag": 1}}
06-28 10:30:29.028 32595 32608 E WProf.db: {"WprofHTMLTag": {"code": "0xb4cc7b70", "doc": "http://searchengineland.com/see-google-showing-even-shopping-ads-desktop-season-262896", "row": 88, "column": 115, "tagName": "meta", "time": 6893.146266, "url": "", "pos": 1, "chunkLen": 1, "isStartTag": 1}}
06-28 10:30:29.028 32595 32608 E WProf.db: {"WprofHTMLTag": {"code": "0xb4cc7ba0", "doc": "http://searchengineland.com/see-google-showing-even-shopping-ads-desktop-season-262896", "row": 89, "column": 111, "tagName": "meta", "time": 6893.146407, "url": "", "pos": 1, "chunkLen": 1, "isStartTag": 1}}
06-28 10:30:29.028 32595 32608 E WProf.db: {"WprofHTMLTag": {"code": "0xb4cc7bd0", "doc": "http://searchengineland.com/see-google-showing-even-shopping-ads-desktop-season-262896", "row": 90, "column": 51, "tagName": "meta", "time": 6893.146541, "url": "", "pos": 1, "chunkLen": 1, "isStartTag": 1}}
06-28 10:30:29.028 32595 32608 E WProf.db: {"WprofHTMLTag": {"code": "0xb4cc7c00", "doc": "http://searchengineland.com/see-google-showing-even-shopping-ads-desktop-season-262896", "row": 91, "column": 133, "tagName": "meta", "time": 6893.146680, "url": "", "pos": 1, "chunkLen": 1, "isStartTag": 1}}
06-28 10:30:29.028 32595 32608 E WProf.db: {"WprofHTMLTag": {"code": "0xb4cc7c30", "doc": "http://searchengineland.com/see-google-showing-even-shopping-ads-desktop-season-262896", "row": 92, "column": 54, "tagName": "meta", "time": 6893.146826, "url": "", "pos": 1, "chunkLen": 1, "isStartTag": 1}}
06-28 10:30:29.028 32595 32608 E WProf.db: {"WprofHTMLTag": {"code": "0xb4cc7c60", "doc": "http://searchengineland.com/see-google-showing-even-shopping-ads-desktop-season-262896", "row": 95, "column": 44, "tagName": "link", "time": 6893.146983, "url": "http://s.w.org/", "pos": 1, "chunkLen": 1, "isStartTag": 1}}
06-28 10:30:29.028 32595 32608 E WProf.db: {"WprofHTMLTag": {"code": "0xb4cc7c90", "doc": "http://searchengineland.com/see-google-showing-even-shopping-ads-desktop-season-262896", "row": 96, "column": 33, "tagName": "script", "time": 6893.147489, "url": "", "pos": 1, "chunkLen": 1, "isStartTag": 1}}
06-28 10:30:29.029 32595 32608 E WProf.db: {"WprofHTMLTag": {"code": "0xb4cc7cc0", "doc": "http://searchengineland.com/see-google-showing-even-shopping-ads-desktop-season-262896", "row": 99, "column": 11, "tagName": "script", "time": 6893.148167, "url": "http://searchengineland.com/figz/wp-includes/js/wp-emoji-release.min.js?ver=4.7.5", "pos": 1, "chunkLen": 1, "isStartTag": 0}}
06-28 10:30:29.029 32595 32608 E WProf.db: {"WprofHTMLTag": {"code": "0x9c5499c0", "doc": "http://searchengineland.com/see-google-showing-even-shopping-ads-desktop-season-262896", "row": 100, "column": 25, "tagName": "style", "time": 6893.762081, "url": "", "pos": 1, "chunkLen": 1, "isStartTag": 1}}
06-28 10:30:29.030 32595 32608 E WProf.db: {"WprofHTMLTag": {"code": "0x9c5499f0", "doc": "http://searchengineland.com/see-google-showing-even-shopping-ads-desktop-season-262896", "row": 113, "column": 8, "tagName": "style", "time": 6893.762341, "url": "", "pos": 1, "chunkLen": 1, "isStartTag": 0}}
06-28 10:30:29.031 32595 32608 E WProf.db: {"WprofHTMLTag": {"code": "0x9c549a20", "doc": "http://searchengineland.com/see-google-showing-even-shopping-ads-desktop-season-262896", "row": 114, "column": 140, "tagName": "script", "time": 6893.764497, "url": "http://searchengineland.com/figz/wp-content/themes/searchengineland/js/lib/modernizr.custom.js?ver=1.0", "pos": 1, "chunkLen": 1, "isStartTag": 1}}
06-28 10:30:29.031 32595 32608 E WProf.db: {"WprofHTMLTag": {"code": "0x9c549a50", "doc": "http://searchengineland.com/see-google-showing-even-shopping-ads-desktop-season-262896", "row": 114, "column": 149, "tagName": "script", "time": 6893.770252, "url": "", "pos": 1, "chunkLen": 1, "isStartTag": 0}}
06-28 10:30:29.032 32595 32608 E WProf.db: {"WprofHTMLTag": {"code": "0x9c549ae0", "doc": "http://searchengineland.com/see-google-showing-even-shopping-ads-desktop-season-262896", "row": 115, "column": 144, "tagName": "script", "time": 6893.795716, "url": "http://searchengineland.com/figz/wp-content/themes/searchengineland/js/lib/jquery-1.11.0.min.js?ver=1.11.0", "pos": 1, "chunkLen": 1, "isStartTag": 1}}
06-28 10:30:29.033 32595 32608 E WProf.db: {"WprofHTMLTag": {"code": "0x9c549b10", "doc": "http://searchengineland.com/see-google-showing-even-shopping-ads-desktop-season-262896", "row": 115, "column": 153, "tagName": "script", "time": 6893.796054, "url": "", "pos": 1, "chunkLen": 1, "isStartTag": 0}}
06-28 10:30:29.033 32595 32608 E WProf.db: {"WprofHTMLTag": {"code": "0xaedd5db0", "doc": "http://searchengineland.com/see-google-showing-even-shopping-ads-desktop-season-262896", "row": 0, "column": 15, "tagName": "div", "time": 6893.875133, "url": "", "pos": 15, "chunkLen": 44, "isStartTag": 1}}
06-28 10:30:29.033 32595 32608 E WProf.db: {"WprofHTMLTag": {"code": "0xaedd5d80", "doc": "http://searchengineland.com/see-google-showing-even-shopping-ads-desktop-season-262896", "row": 0, "column": 21, "tagName": "div", "time": 6893.875282, "url": "", "pos": 21, "chunkLen": 44, "isStartTag": 0}}
06-28 10:30:29.034 32595 32608 E WProf.db: {"WprofHTMLTag": {"code": "0xaedd5d50", "doc": "http://searchengineland.com/see-google-showing-even-shopping-ads-desktop-season-262896", "row": 0, "column": 38, "tagName": "div", "time": 6893.875348, "url": "", "pos": 38, "chunkLen": 44, "isStartTag": 1}}
06-28 10:30:29.034 32595 32608 E WProf.db: {"WprofHTMLTag": {"code": "0xaedd5d20", "doc": "http://searchengineland.com/see-google-showing-even-shopping-ads-desktop-season-262896", "row": 0, "column": 44, "tagName": "div", "time": 6893.875470, "url": "", "pos": 44, "chunkLen": 44, "isStartTag": 0}}
06-28 10:30:29.034 32595 32608 E WProf.db: {"WprofHTMLTag": {"code": "0xaedd5b40", "doc": "http://searchengineland.com/see-google-showing-even-shopping-ads-desktop-season-262896", "row": 0, "column": 13, "tagName": "select", "time": 6893.876957, "url": "", "pos": 13, "chunkLen": 51, "isStartTag": 1}}
06-28 10:30:29.034 32595 32608 E WProf.db: {"WprofHTMLTag": {"code": "0xaedd5cf0", "doc": "http://searchengineland.com/see-google-showing-even-shopping-ads-desktop-season-262896", "row": 0, "column": 33, "tagName": "option", "time": 6893.877157, "url": "", "pos": 33, "chunkLen": 51, "isStartTag": 1}}
06-28 10:30:29.034 32595 32608 E WProf.db: {"WprofHTMLTag": {"code": "0xaedd5cc0", "doc": "http://searchengineland.com/see-google-showing-even-shopping-ads-desktop-season-262896", "row": 0, "column": 42, "tagName": "option", "time": 6893.877383, "url": "", "pos": 42, "chunkLen": 51, "isStartTag": 0}}
06-28 10:30:29.034 32595 32608 E WProf.db: {"WprofHTMLTag": {"code": "0x9c549b70", "doc": "http://searchengineland.com/see-google-showing-even-shopping-ads-desktop-season-262896", "row": 0, "column": 51, "tagName": "select", "time": 6893.877441, "url": "", "pos": 51, "chunkLen": 51, "isStartTag": 0}}
06-28 10:30:29.035 32595 32608 E WProf.db: {"WprofHTMLTag": {"code": "0x9c549ba0", "doc": "http://searchengineland.com/see-google-showing-even-shopping-ads-desktop-season-262896", "row": 0, "column": 12, "tagName": "a", "time": 6893.882484, "url": "", "pos": 12, "chunkLen": 16, "isStartTag": 1}}
06-28 10:30:29.035 32595 32608 E WProf.db: {"WprofHTMLTag": {"code": "0x9c549bd0", "doc": "http://searchengineland.com/see-google-showing-even-shopping-ads-desktop-season-262896", "row": 0, "column": 16, "tagName": "a", "time": 6893.882656, "url": "", "pos": 16, "chunkLen": 16, "isStartTag": 0}}
06-28 10:30:29.035 32595 32608 E WProf.db: {"WprofHTMLTag": {"code": "0x9c549c00", "doc": "http://searchengineland.com/see-google-showing-even-shopping-ads-desktop-season-262896", "row": 0, "column": 8, "tagName": "input", "time": 6893.883723, "url": "", "pos": 8, "chunkLen": 8, "isStartTag": 1}}
06-28 10:30:29.036 32595 32608 E WProf.db: {"WprofHTMLTag": {"code": "0x9c549c30", "doc": "http://searchengineland.com/see-google-showing-even-shopping-ads-desktop-season-262896", "row": 0, "column": 9, "tagName": "link", "time": 6893.893603, "url": "", "pos": 9, "chunkLen": 42, "isStartTag": 1}}
06-28 10:30:29.036 32595 32608 E WProf.db: {"WprofHTMLTag": {"code": "0x9c549c60", "doc": "http://searchengineland.com/see-google-showing-even-shopping-ads-desktop-season-262896", "row": 0, "column": 16, "tagName": "table", "time": 6893.893723, "url": "", "pos": 16, "chunkLen": 42, "isStartTag": 1}}
06-28 10:30:29.036 32595 32608 E WProf.db: {"WprofHTMLTag": {"code": "0x9c549c90", "doc": "http://searchengineland.com/see-google-showing-even-shopping-ads-desktop-season-262896", "row": 0, "column": 24, "tagName": "table", "time": 6893.893865, "url": "", "pos": 24, "chunkLen": 42, "isStartTag": 0}}
06-28 10:30:29.036 32595 32608 E WProf.db: {"WprofHTMLTag": {"code": "0x9c549cc0", "doc": "http://searchengineland.com/see-google-showing-even-shopping-ads-desktop-season-262896", "row": 0, "column": 37, "tagName": "a", "time": 6893.893935, "url": "", "pos": 37, "chunkLen": 42, "isStartTag": 1}}
06-28 10:30:29.037 32595 32608 E WProf.db: {"WprofHTMLTag": {"code": "0x9c549cf0", "doc": "http://searchengineland.com/see-google-showing-even-shopping-ads-desktop-season-262896", "row": 0, "column": 42, "tagName": "a", "time": 6893.894113, "url": "", "pos": 42, "chunkLen": 42, "isStartTag": 0}}
06-28 10:30:29.037 32595 32608 E WProf.db: {"WprofHTMLTag": {"code": "0x9c549d80", "doc": "http://searchengineland.com/see-google-showing-even-shopping-ads-desktop-season-262896", "row": 0, "column": 10, "tagName": "textarea", "time": 6893.895408, "url": "", "pos": 10, "chunkLen": 22, "isStartTag": 1}}
06-28 10:30:29.037 32595 32608 E WProf.db: {"WprofHTMLTag": {"code": "0x9c549db0", "doc": "http://searchengineland.com/see-google-showing-even-shopping-ads-desktop-season-262896", "row": 0, "column": 22, "tagName": "textarea", "time": 6893.895620, "url": "", "pos": 22, "chunkLen": 22, "isStartTag": 0}}
06-28 10:30:29.037 32595 32608 E WProf.db: {"WprofHTMLTag": {"code": "0x9c549de0", "doc": "http://searchengineland.com/see-google-showing-even-shopping-ads-desktop-season-262896", "row": 0, "column": 48, "tagName": "input", "time": 6893.896923, "url": "", "pos": 48, "chunkLen": 48, "isStartTag": 1}}
06-28 10:30:29.038 32595 32608 E WProf.db: {"WprofHTMLTag": {"code": "0x9c549e40", "doc": "http://searchengineland.com/see-google-showing-even-shopping-ads-desktop-season-262896", "row": 0, "column": 9, "tagName": "link", "time": 6893.901457, "url": "", "pos": 9, "chunkLen": 66, "isStartTag": 1}}
06-28 10:30:29.038 32595 32608 E WProf.db: {"WprofHTMLTag": {"code": "0x9c549e70", "doc": "http://searchengineland.com/see-google-showing-even-shopping-ads-desktop-season-262896", "row": 0, "column": 16, "tagName": "table", "time": 6893.901574, "url": "", "pos": 16, "chunkLen": 66, "isStartTag": 1}}
06-28 10:30:29.038 32595 32608 E WProf.db: {"WprofHTMLTag": {"code": "0x9c549ea0", "doc": "http://searchengineland.com/see-google-showing-even-shopping-ads-desktop-season-262896", "row": 0, "column": 24, "tagName": "table", "time": 6893.901760, "url": "", "pos": 24, "chunkLen": 66, "isStartTag": 0}}
06-28 10:30:29.038 32595 32608 E WProf.db: {"WprofHTMLTag": {"code": "0x9c549ed0", "doc": "http://searchengineland.com/see-google-showing-even-shopping-ads-desktop-season-262896", "row": 0, "column": 37, "tagName": "a", "time": 6893.901824, "url": "", "pos": 37, "chunkLen": 66, "isStartTag": 1}}
06-28 10:30:29.038 32595 32608 E WProf.db: {"WprofHTMLTag": {"code": "0x9c549f00", "doc": "http://searchengineland.com/see-google-showing-even-shopping-ads-desktop-season-262896", "row": 0, "column": 42, "tagName": "a", "time": 6893.901996, "url": "", "pos": 42, "chunkLen": 66, "isStartTag": 0}}
06-28 10:30:29.038 32595 32608 E WProf.db: {"WprofHTMLTag": {"code": "0x9c549f30", "doc": "http://searchengineland.com/see-google-showing-even-shopping-ads-desktop-season-262896", "row": 0, "column": 66, "tagName": "input", "time": 6893.902063, "url": "", "pos": 66, "chunkLen": 66, "isStartTag": 1}}
06-28 10:30:29.039 32595 32608 E WProf.db: {"WprofHTMLTag": {"code": "0x9c549fc0", "doc": "http://searchengineland.com/see-google-showing-even-shopping-ads-desktop-season-262896", "row": 0, "column": 9, "tagName": "link", "time": 6893.904131, "url": "", "pos": 9, "chunkLen": 66, "isStartTag": 1}}
06-28 10:30:29.039 32595 32608 E WProf.db: {"WprofHTMLTag": {"code": "0x9c549ff0", "doc": "http://searchengineland.com/see-google-showing-even-shopping-ads-desktop-season-262896", "row": 0, "column": 16, "tagName": "table", "time": 6893.904235, "url": "", "pos": 16, "chunkLen": 66, "isStartTag": 1}}
06-28 10:30:29.039 32595 32608 E WProf.db: {"WprofHTMLTag": {"code": "0x9c54a020", "doc": "http://searchengineland.com/see-google-showing-even-shopping-ads-desktop-season-262896", "row": 0, "column": 24, "tagName": "table", "time": 6893.904322, "url": "", "pos": 24, "chunkLen": 66, "isStartTag": 0}}
06-28 10:30:29.040 32595 32608 E WProf.db: {"WprofHTMLTag": {"code": "0x9c54a050", "doc": "http://searchengineland.com/see-google-showing-even-shopping-ads-desktop-season-262896", "row": 0, "column": 37, "tagName": "a", "time": 6893.904391, "url": "", "pos": 37, "chunkLen": 66, "isStartTag": 1}}
06-28 10:30:29.040 32595 32608 E WProf.db: {"WprofHTMLTag": {"code": "0x9c54a080", "doc": "http://searchengineland.com/see-google-showing-even-shopping-ads-desktop-season-262896", "row": 0, "column": 42, "tagName": "a", "time": 6893.904559, "url": "", "pos": 42, "chunkLen": 66, "isStartTag": 0}}
06-28 10:30:29.040 32595 32608 E WProf.db: {"WprofHTMLTag": {"code": "0x9c54a0b0", "doc": "http://searchengineland.com/see-google-showing-even-shopping-ads-desktop-season-262896", "row": 0, "column": 66, "tagName": "input", "time": 6893.904625, "url": "", "pos": 66, "chunkLen": 66, "isStartTag": 1}}
06-28 10:30:29.042 32595 32608 E WProf.db: {"WprofHTMLTag": {"code": "0x9c54a110", "doc": "http://searchengineland.com/see-google-showing-even-shopping-ads-desktop-season-262896", "row": 0, "column": 9, "tagName": "link", "time": 6893.908757, "url": "", "pos": 9, "chunkLen": 66, "isStartTag": 1}}
06-28 10:30:29.042 32595 32608 E WProf.db: {"WprofHTMLTag": {"code": "0x9c54a140", "doc": "http://searchengineland.com/see-google-showing-even-shopping-ads-desktop-season-262896", "row": 0, "column": 16, "tagName": "table", "time": 6893.908870, "url": "", "pos": 16, "chunkLen": 66, "isStartTag": 1}}
06-28 10:30:29.043 32595 32608 E WProf.db: {"WprofHTMLTag": {"code": "0x9c54a170", "doc": "http://searchengineland.com/see-google-showing-even-shopping-ads-desktop-season-262896", "row": 0, "column": 24, "tagName": "table", "time": 6893.908942, "url": "", "pos": 24, "chunkLen": 66, "isStartTag": 0}}
06-28 10:30:29.043 32595 32608 E WProf.db: {"WprofHTMLTag": {"code": "0x9c54a1a0", "doc": "http://searchengineland.com/see-google-showing-even-shopping-ads-desktop-season-262896", "row": 0, "column": 37, "tagName": "a", "time": 6893.909009, "url": "", "pos": 37, "chunkLen": 66, "isStartTag": 1}}
06-28 10:30:29.043 32595 32608 E WProf.db: {"WprofHTMLTag": {"code": "0x9c54a1d0", "doc": "http://searchengineland.com/see-google-showing-even-shopping-ads-desktop-season-262896", "row": 0, "column": 42, "tagName": "a", "time": 6893.909174, "url": "", "pos": 42, "chunkLen": 66, "isStartTag": 0}}
