--------- beginning of main
06-28 10:16:59.306  3449  3449 E Finsky  : [1] com.google.android.finsky.wear.bl.a(3): onConnectionFailed: ConnectionResult{statusCode=API_UNAVAILABLE, resolution=null, message=null}
--------- beginning of system
06-28 10:17:00.435 28182 28182 E chromium: [ERROR:shell_integration_android.cc(12)] Not implemented reached in static ShellIntegration::DefaultWebClientSetPermission ShellIntegration::CanSetAsDefaultBrowser()
06-28 10:17:00.438 28182 28182 E chromium: [ERROR:browser_process_impl.cc(720)] Not implemented reached in virtual BackgroundModeManager* BrowserProcessImpl::background_mode_manager()
06-28 10:17:00.826  3218 15780 E AudioRecord-JNI: Error -4 during AudioRecord native read
06-28 10:17:03.167 28182 28229 E chromium: [ERROR:gles2_cmd_decoder.cc(3852)] [.ChromiumCompositor-0xacbb2fc0]GL ERROR :GL_INVALID_ENUM : glDiscardFramebufferEXT: attachments was GL_COLOR_EXT
06-28 10:17:03.489 28250 28263 E WPROF   : {"CSS": {"url": "http://searchengineland.com/figz/wp-content/themes/searchengineland/css/searchengineland-bootstrap.css", "requestTime": 6100.545158}}
06-28 10:17:03.490 28250 28263 E WPROF   : {"CSS": {"url": "http://fonts.googleapis.com/css?family=Oswald:300,400,700", "requestTime": 6100.545780}}
06-28 10:17:03.491 28250 28263 E WPROF   : {"CSS": {"url": "http://searchengineland.com/figz/wp-content/themes/searchengineland/style.css", "requestTime": 6100.546324}}
06-28 10:17:03.500 28250 28263 E WPROF   : {"Javascript": {"url": "http://searchengineland.com/figz/wp-content/themes/searchengineland/js/lib/modernizr.custom.js?ver=1.0", "requestTime": 6100.555370}}
06-28 10:17:03.501 28250 28263 E WPROF   : {"Javascript": {"url": "http://searchengineland.com/figz/wp-content/themes/searchengineland/js/lib/jquery-1.11.0.min.js?ver=1.11.0", "requestTime": 6100.556511}}
06-28 10:17:03.501 28250 28263 E WPROF   : {"Javascript": {"url": "http://searchengineland.com/figz/wp-content/themes/searchengineland/js/lib/jquery-ui-1.10.3.custom.min.js?ver=1.10.3", "requestTime": 6100.556863}}
06-28 10:17:03.501 28250 28263 E WPROF   : {"Javascript": {"url": "http://searchengineland.com/figz/wp-content/themes/searchengineland/js/lib/jquery.ba-throttle-debounce.min.js?ver=1.1", "requestTime": 6100.557180}}
06-28 10:17:03.502 28250 28263 E WPROF   : {"Javascript": {"url": "http://searchengineland.com/figz/wp-content/themes/searchengineland/js/lib/jquery.countdown.min.js?ver=2.0.4", "requestTime": 6100.557490}}
06-28 10:17:03.502 28250 28263 E WPROF   : {"Javascript": {"url": "http://static.chartbeat.com/js/chartbeat_mab.js", "requestTime": 6100.557972}}
06-28 10:17:04.146 28250 28263 E WPROF   : {"Javascript": {"url": "http://searchengineland.com/figz/wp-includes/js/wp-emoji-release.min.js?ver=4.7.5", "requestTime": 6101.201359}}
06-28 10:17:04.455 28250 28263 E WPROF   : {"Javascript": {"url": "http://www.googletagservices.com/tag/js/gpt.js", "requestTime": 6101.510985}}
06-28 10:17:04.460 28250 28263 E WPROF   : {"Javascript": {"url": "https://www.google-analytics.com/analytics.js", "requestTime": 6101.515849}}
06-28 10:17:04.463 28250 28263 E WPROF   : {"Javascript": {"url": "http://edge.quantserve.com/quant.js", "requestTime": 6101.518380}}
06-28 10:17:04.467 28250 28263 E WPROF   : {"Javascript": {"url": "https://connect.facebook.net/en_US/fbevents.js", "requestTime": 6101.522568}}
06-28 10:17:04.525 28182 28229 E chromium: [ERROR:gles2_cmd_decoder.cc(3852)] [.ChromiumCompositor-0xacbb2fc0]GL ERROR :GL_INVALID_ENUM : glDiscardFramebufferEXT: attachments was GL_COLOR_EXT
06-28 10:17:04.586 28250 28263 E WPROF   : {"Javascript": {"url": "http://app-sj02.marketo.com/js/forms2/js/forms2.min.js", "requestTime": 6101.641671}}
06-28 10:17:04.732 28182 28229 E chromium: [ERROR:gles2_cmd_decoder.cc(3852)] [.ChromiumCompositor-0xacbb2fc0]GL ERROR :GL_INVALID_ENUM : glDiscardFramebufferEXT: attachments was GL_COLOR_EXT
06-28 10:17:04.733 28250 28263 E WPROF   : {"Javascript": {"url": "https://connect.facebook.net/signals/config/423979991297359?v=2.7.17", "requestTime": 6101.789189}}
06-28 10:17:04.889 28250 28263 E WPROF   : {"Javascript": {"url": "http://app-sj02.marketo.com/index.php/form/getForm?munchkinId=727-ZQE-044&form=5691&url=http%3A%2F%2Fsearchengineland.com%2Fseo-vs-ppc-pros-cons-integrated-approach-274643&callback=jQuery1102012476663803681731_1498612624823&_=1498612624824", "requestTime": 6101.944945}}
06-28 10:17:04.904 28250 28263 E WPROF   : {"Javascript": {"url": "http://app-sj02.marketo.com/index.php/form/getForm?munchkinId=727-ZQE-044&form=5685&url=http%3A%2F%2Fsearchengineland.com%2Fseo-vs-ppc-pros-cons-integrated-approach-274643&callback=jQuery1102012476663803681731_1498612624825&_=1498612624826", "requestTime": 6101.959634}}
06-28 10:17:04.984 28250 28263 E WPROF   : {"Javascript": {"url": "https://securepubads.g.doubleclick.net/gpt/pubads_impl_121.js", "requestTime": 6102.039661}}
06-28 10:17:05.254 28182 28229 E chromium: [ERROR:gles2_cmd_decoder.cc(3852)] [.ChromiumCompositor-0xacbb2fc0]GL ERROR :GL_INVALID_ENUM : glDiscardFramebufferEXT: attachments was GL_COLOR_EXT
06-28 10:17:05.262 28250 28263 E WPROF   : {"Javascript": {"url": "http://app-sj02.marketo.com/index.php/form/getForm?munchkinId=727-ZQE-044&form=5673&url=http%3A%2F%2Fsearchengineland.com%2Fseo-vs-ppc-pros-cons-integrated-approach-274643&callback=jQuery1102012476663803681731_1498612624827&_=1498612624828", "requestTime": 6102.317632}}
06-28 10:17:05.269 28250 28263 E WPROF   : {"Javascript": {"url": "http://searchengineland.com/js/ga_social_tracking.js", "requestTime": 6102.325091}}
06-28 10:17:05.292 28250 28263 E WPROF   : {"Javascript": {"url": "http://s7.addthis.com/js/300/addthis_widget.js#pubid=ra-53e918f660794f37", "requestTime": 6102.347342}}
06-28 10:17:05.762 28182 28229 E chromium: [ERROR:gles2_cmd_decoder.cc(3852)] [.ChromiumCompositor-0xacbb2fc0]GL ERROR :GL_INVALID_ENUM : glDiscardFramebufferEXT: attachments was GL_COLOR_EXT
06-28 10:17:05.783 28250 28263 E WPROF   : {"CSS": {"url": "http://app-sj02.marketo.com/js/forms2/css/forms2.css", "requestTime": 6102.838305}}
06-28 10:17:05.785 28250 28263 E WPROF   : {"CSS": {"url": "http://app-sj02.marketo.com/js/forms2/css/forms2-theme-simple.css", "requestTime": 6102.840876}}
06-28 10:17:06.042   862  1657 E LocSvc_IzatApiV02: E/virtual int izat_core::IzatApiV02::getBatchSize(int32_t):522]: Error : st = 4, ind.status = -1628389555
06-28 10:17:06.042   862  1657 E LocSvc_IzatApiV02: E/virtual int izat_core::IzatApiV02::getBatchSize(int32_t):535]: get batching size failed.Or modem does not support batching 
06-28 10:17:06.050   862  1657 E LocSvc_IzatApiV02: E/virtual int izat_core::IzatApiV02::getBatchSize(int32_t):522]: Error : st = 4, ind.status = -1628389555
06-28 10:17:06.050   862  1657 E LocSvc_IzatApiV02: E/virtual int izat_core::IzatApiV02::getBatchSize(int32_t):535]: get batching size failed.Or modem does not support batching 
06-28 10:17:06.091   862  1657 E LocSvc_IzatApiV02: E/virtual int izat_core::IzatApiV02::getBatchSize(int32_t):522]: Error : st = 4, ind.status = -1628389555
06-28 10:17:06.092   862  1657 E LocSvc_IzatApiV02: E/virtual int izat_core::IzatApiV02::getBatchSize(int32_t):535]: get batching size failed.Or modem does not support batching 
06-28 10:17:06.101   862  1657 E LocSvc_IzatApiV02: E/virtual int izat_core::IzatApiV02::getBatchSize(int32_t):522]: Error : st = 4, ind.status = -1628389555
06-28 10:17:06.101   862  1657 E LocSvc_IzatApiV02: E/virtual int izat_core::IzatApiV02::getBatchSize(int32_t):535]: get batching size failed.Or modem does not support batching 
06-28 10:17:06.503 28250 28263 E WPROF   : {"Javascript": {"url": "https://securepubads.g.doubleclick.net/gampad/ads?gdfp_req=1&correlator=3741980300410880&output=json_html&callback=googletag.impl.pubads.callbackProxy1&impl=fifs&json_a=1&eid=108809080%2C21060082%2C108809107&sc=0&sfv=1-0-9&iu_parts=1038259%2Csel-ciu-1%2Csel-ciu-2%2Csel-ciu-3%2Csel-ciu-4%2Csel-ciu-5%", "requestTime": 6103.559163}}
06-28 10:17:06.536 28250 28263 E WPROF   : {"Javascript": {"url": "https://static.xx.fbcdn.net/rsrc.php/v3iy6L4/yk/l/ko_KR/be4fIjHRc8P.js", "requestTime": 6103.591784}}
06-28 10:17:06.663 28250 28263 E WPROF   : {"Javascript": {"url": "http://cdn.api.twitter.com/1/users/show.json?screen_name=marcusbowlerhat&callback=twttr.setFollowersCount", "requestTime": 6103.718935}}
06-28 10:17:06.773 28182 28229 E chromium: [ERROR:gles2_cmd_decoder.cc(3852)] [.ChromiumCompositor-0xacbb2fc0]GL ERROR :GL_INVALID_ENUM : glDiscardFramebufferEXT: attachments was GL_COLOR_EXT
06-28 10:17:07.227 28250 28263 E WPROF   : {"Javascript": {"url": "http://platform.twitter.com/widgets.js", "requestTime": 6104.283058}}
06-28 10:17:07.231 28250 28263 E WPROF   : {"Javascript": {"url": "http://connect.facebook.net/en_US/sdk.js", "requestTime": 6104.287119}}
06-28 10:17:07.235 28250 28263 E WPROF   : {"Javascript": {"url": "https://apis.google.com/js/platform.js", "requestTime": 6104.291170}}
06-28 10:17:07.274 28250 28263 E WPROF   : {"Javascript": {"url": "http://rules.quantcount.com/rules-p-5aGizvD82d9hk.js", "requestTime": 6104.329615}}
06-28 10:17:07.279 28250 28263 E WPROF   : {"Javascript": {"url": "http://munchkin.marketo.net/munchkin.js", "requestTime": 6104.335045}}
06-28 10:17:07.496 28250 28263 E WPROF   : {"Javascript": {"url": "http://d2j3qa5nc37287.cloudfront.net/coupon_code1.js", "requestTime": 6104.552022}}
06-28 10:17:07.501 28250 28263 E WPROF   : {"Javascript": {"url": "http://www.googleadservices.com/pagead/conversion.js", "requestTime": 6104.557159}}
06-28 10:17:07.502 28250 28263 E WPROF   : {"Javascript": {"url": "http://searchengineland.com/figz/wp-content/themes/searchengineland/js/script.js?ver=1.0", "requestTime": 6104.557728}}
06-28 10:17:07.502 28250 28263 E WPROF   : {"Javascript": {"url": "http://searchengineland.com/figz/wp-includes/js/wp-embed.min.js?ver=4.7.5", "requestTime": 6104.558013}}
06-28 10:17:07.503 28250 28263 E WPROF   : {"Javascript": {"url": "http://searchengineland.com/figz/wp-content/themes/searchengineland/js/modules/sharing_controls.js", "requestTime": 6104.558476}}
06-28 10:17:07.510 28250 28263 E WPROF   : {"CSS": {"url": "https://www.youtube.com/yts/cssbin/www-embed-player-sprite-mode-vfl5G4Xm8.css", "requestTime": 6104.565266}}
06-28 10:17:07.511 28250 28263 E WPROF   : {"Javascript": {"url": "https://www.youtube.com/yts/jsbin/www-embed-player-vfl_UY_j8/www-embed-player.js", "requestTime": 6104.566319}}
06-28 10:17:07.511 28250 28263 E WPROF   : {"Javascript": {"url": "https://www.youtube.com/yts/jsbin/player-vflo1w4O-/ko_KR/base.js", "requestTime": 6104.567011}}
06-28 10:17:07.544 28182 28229 E chromium: [ERROR:gles2_cmd_decoder.cc(3852)] [.ChromiumCompositor-0xacbb2fc0]GL ERROR :GL_INVALID_ENUM : glDiscardFramebufferEXT: attachments was GL_COLOR_EXT
06-28 10:17:08.052 28250 28263 E WPROF   : {"Javascript": {"url": "http://dnn506yrbagrg.cloudfront.net/pages/scripts/0026/4062.js?416281", "requestTime": 6105.107678}}
06-28 10:17:08.713 28250 28263 E WPROF   : {"Javascript": {"url": "http://m.addthisedge.com/live/boost/ra-53e918f660794f37/_ate.track.config_resp", "requestTime": 6105.768455}}
06-28 10:17:08.776 28250 28263 E WPROF   : {"Javascript": {"url": "http://m.addthis.com/live/red_lojson/300lo.json?si=595303937c8ed583&bkl=0&bl=1&pdt=2202&sid=595303937c8ed583&pub=ra-53e918f660794f37&rev=v7.15.4-wp&ln=ko&pc=men&cb=0&ab=-&dp=searchengineland.com&fp=seo-vs-ppc-pros-cons-integrated-approach-274643&fr=&of=0&pd=0&irt=0&vcl=0&md=0&ct=1&tct=0&abt=0&cdn=0&", "requestTime": 6105.831820}}
06-28 10:17:08.906 28182 28229 E chromium: [ERROR:gles2_cmd_decoder.cc(3852)] [.ChromiumCompositor-0xacbb2fc0]GL ERROR :GL_INVALID_ENUM : glDiscardFramebufferEXT: attachments was GL_COLOR_EXT
06-28 10:17:09.175 28182 28229 E chromium: [ERROR:gles2_cmd_decoder.cc(3852)] [.ChromiumCompositor-0xacbb2fc0]GL ERROR :GL_INVALID_ENUM : glDiscardFramebufferEXT: attachments was GL_COLOR_EXT
06-28 10:17:10.421 28250 28263 E WPROF   : {"Javascript": {"url": "https://www.google.com/js/bg/KWBfAnWFESAEEaKKgdYlTHY9ysQaNoQuzeMFqvxDSM8.js", "requestTime": 6107.476731}}
06-28 10:17:10.423 28250 28263 E WPROF   : {"Javascript": {"url": "https://static.doubleclick.net/instream/ad_status.js", "requestTime": 6107.479122}}
06-28 10:17:10.879 28182 28229 E chromium: [ERROR:gles2_cmd_decoder.cc(3852)] [.ChromiumCompositor-0xacbb2fc0]GL ERROR :GL_INVALID_ENUM : glDiscardFramebufferEXT: attachments was GL_COLOR_EXT
06-28 10:17:10.943 28250 28263 E WPROF   : {"Javascript": {"url": "https://tpc.googlesyndication.com/pagead/js/r20170619/r20110914/client/ext/m_window_focus_non_hydra.js", "requestTime": 6107.998970}}
06-28 10:17:10.946 28250 28263 E WPROF   : {"Javascript": {"url": "https://tpc.googlesyndication.com/pagead/js/r20170619/r20110914/activeview/osd_listener.js", "requestTime": 6108.001928}}
06-28 10:17:10.952 28250 28263 E WPROF   : {"Javascript": {"url": "http://pagead2.googlesyndication.com/pagead/osd.js", "requestTime": 6108.008028}}
06-28 10:17:11.033 28250 28263 E WPROF   : {"Javascript": {"url": "http://munchkin.marketo.net/151/munchkin.js", "requestTime": 6108.088932}}
06-28 10:17:11.232 28250 28263 E WPROF   : {"Javascript": {"url": "https://platform.twitter.com/js/button.b731e6c82269f70f6fc53634e044a4c6.js", "requestTime": 6108.287450}}
06-28 10:17:11.239 28250 28263 E WPROF   : {"Javascript": {"url": "http://www.justuno.com/ajax/account_version_check.html?id=828FA275-FF73-401E-AA39-40F5A6FAB6B1", "requestTime": 6108.295213}}
06-28 10:17:11.488 28250 28263 E WPROF   : {"Javascript": {"url": "http://s7.addthis.com/static/layers.4acb6c577b51939661ec.js", "requestTime": 6108.543478}}
06-28 10:17:11.627 28182 28229 E chromium: [ERROR:gles2_cmd_decoder.cc(3852)] [.ChromiumCompositor-0xacbb2fc0]GL ERROR :GL_INVALID_ENUM : glDiscardFramebufferEXT: attachments was GL_COLOR_EXT
06-28 10:17:12.261 28182 28229 E chromium: [ERROR:gles2_cmd_decoder.cc(3852)] [.ChromiumCompositor-0xacbb2fc0]GL ERROR :GL_INVALID_ENUM : glDiscardFramebufferEXT: attachments was GL_COLOR_EXT
06-28 10:17:12.781 28182 28229 E chromium: [ERROR:gles2_cmd_decoder.cc(3852)] [.ChromiumCompositor-0xacbb2fc0]GL ERROR :GL_INVALID_ENUM : glDiscardFramebufferEXT: attachments was GL_COLOR_EXT
06-28 10:17:12.999 28182 28229 E chromium: [ERROR:gles2_cmd_decoder.cc(3852)] [.ChromiumCompositor-0xacbb2fc0]GL ERROR :GL_INVALID_ENUM : glDiscardFramebufferEXT: attachments was GL_COLOR_EXT
06-28 10:17:15.076 28250 28263 E WPROF   : {"Javascript": {"url": "http://cdn.justuno.com/mwgt_3.6.js", "requestTime": 6112.131264}}
06-28 10:17:15.221 28250 28263 E WPROF   : {"Javascript": {"url": "https://app-sj02.marketo.com/js/forms2/js/forms2.min.js", "requestTime": 6112.276438}}
06-28 10:17:15.324 28182 28229 E chromium: [ERROR:gles2_cmd_decoder.cc(3852)] [.ChromiumCompositor-0xacbb2fc0]GL ERROR :GL_INVALID_ENUM : glDiscardFramebufferEXT: attachments was GL_COLOR_EXT
06-28 10:17:15.714 28182 28229 E chromium: [ERROR:gles2_cmd_decoder.cc(3852)] [.ChromiumCompositor-0xacbb2fc0]GL ERROR :GL_INVALID_ENUM : glDiscardFramebufferEXT: attachments was GL_COLOR_EXT
06-28 10:17:16.153 28182 28229 E chromium: [ERROR:gles2_cmd_decoder.cc(3852)] [.ChromiumCompositor-0xacbb2fc0]GL ERROR :GL_INVALID_ENUM : glDiscardFramebufferEXT: attachments was GL_COLOR_EXT
06-28 10:17:16.603 28250 28263 E WPROF   : {"Javascript": {"url": "https://cdn.syndication.twimg.com/widgets/followbutton/info.json?callback=__twttr.setFollowersCountAndFollowing&lang=en&screen_names=sengineland", "requestTime": 6113.658240}}
06-28 10:17:17.209 28250 28263 E WProf.db: {"page": "searchengineland.com_seo-vs-ppc-pros-cons-integrated-approach-274643"}
06-28 10:17:17.209 28250 28263 E WProf.db: {"DOMLoad": 6114.265111}
06-28 10:17:17.210 28250 28263 E WProf.db: {"Resource": {"id": 1, "url": "http://searchengineland.com/seo-vs-ppc-pros-cons-integrated-approach-274643", "sentTime": -1.000000, "len": 108168, "from": "0x0", "mimeType": "text/html", "contentLength": -1, "httpStatus": 200, "connId": 19, "connReused": 1, "cached": 0,"requestTime": 6100.147877, "proxyStart": -1, "proxyEnd": -1, "dnsStart": -1, "dnsEnd": -1, "connectStart": 0, "connectEnd": 97, "sendStart": 97, "sendEnd": 98, "receiveHeadersEnd": 263, "sslStart": -1, "sslEnd": -1}}
06-28 10:17:17.210 28250 28263 E WProf.db: {"ReceivedChunk": {"receivedTime": 6100.429219, "len": 12656}}
06-28 10:17:17.210 28250 28263 E WProf.db: {"ReceivedChunk": {"receivedTime": 6100.526925, "len": 32768}}
06-28 10:17:17.210 28250 28263 E WProf.db: {"ReceivedChunk": {"receivedTime": 6100.527165, "len": 23675}}
06-28 10:17:17.210 28250 28263 E WProf.db: {"ReceivedChunk": {"receivedTime": 6100.587468, "len": 32768}}
06-28 10:17:17.210 28250 28263 E WProf.db: {"ReceivedChunk": {"receivedTime": 6100.587792, "len": 6301}}
06-28 10:17:17.211 28250 28263 E WProf.db: {"WprofHTMLTag": {"code": "0xaedd1630", "doc": "http://searchengineland.com/seo-vs-ppc-pros-cons-integrated-approach-274643", "row": 6, "column": 42, "tagName": "html", "time": 6100.531848, "url": "", "pos": 1, "chunkLen": 1, "isStartTag": 1}}
06-28 10:17:17.211 28250 28263 E WProf.db: {"WprofHTMLTag": {"code": "0xaf047700", "doc": "http://searchengineland.com/seo-vs-ppc-pros-cons-integrated-approach-274643", "row": 7, "column": 6, "tagName": "head", "time": 6100.532546, "url": "", "pos": 1, "chunkLen": 1, "isStartTag": 1}}
06-28 10:17:17.211 28250 28263 E WProf.db: {"WprofHTMLTag": {"code": "0xaf0477f0", "doc": "http://searchengineland.com/seo-vs-ppc-pros-cons-integrated-approach-274643", "row": 8, "column": 54, "tagName": "meta", "time": 6100.532607, "url": "", "pos": 1, "chunkLen": 1, "isStartTag": 1}}
06-28 10:17:17.211 28250 28263 E WProf.db: {"WprofHTMLTag": {"code": "0xaf047820", "doc": "http://searchengineland.com/seo-vs-ppc-pros-cons-integrated-approach-274643", "row": 9, "column": 68, "tagName": "meta", "time": 6100.532921, "url": "", "pos": 1, "chunkLen": 1, "isStartTag": 1}}
06-28 10:17:17.211 28250 28263 E WProf.db: {"WprofHTMLTag": {"code": "0xaf047850", "doc": "http://searchengineland.com/seo-vs-ppc-pros-cons-integrated-approach-274643", "row": 10, "column": 23, "tagName": "meta", "time": 6100.533043, "url": "", "pos": 1, "chunkLen": 1, "isStartTag": 1}}
06-28 10:17:17.211 28250 28263 E WProf.db: {"WprofHTMLTag": {"code": "0xaf047880", "doc": "http://searchengineland.com/seo-vs-ppc-pros-cons-integrated-approach-274643", "row": 11, "column": 52, "tagName": "meta", "time": 6100.533202, "url": "", "pos": 1, "chunkLen": 1, "isStartTag": 1}}
06-28 10:17:17.211 28250 28263 E WProf.db: {"WprofHTMLTag": {"code": "0xaf0478b0", "doc": "http://searchengineland.com/seo-vs-ppc-pros-cons-integrated-approach-274643", "row": 14, "column": 56, "tagName": "meta", "time": 6100.533360, "url": "", "pos": 1, "chunkLen": 1, "isStartTag": 1}}
06-28 10:17:17.211 28250 28263 E WProf.db: {"WprofHTMLTag": {"code": "0xaf0478e0", "doc": "http://searchengineland.com/seo-vs-ppc-pros-cons-integrated-approach-274643", "row": 15, "column": 83, "tagName": "meta", "time": 6100.533488, "url": "", "pos": 1, "chunkLen": 1, "isStartTag": 1}}
06-28 10:17:17.212 28250 28263 E WProf.db: {"WprofHTMLTag": {"code": "0xaf047910", "doc": "http://searchengineland.com/seo-vs-ppc-pros-cons-integrated-approach-274643", "row": 16, "column": 57, "tagName": "meta", "time": 6100.533610, "url": "", "pos": 1, "chunkLen": 1, "isStartTag": 1}}
06-28 10:17:17.212 28250 28263 E WProf.db: {"WprofHTMLTag": {"code": "0xaf0479a0", "doc": "http://searchengineland.com/seo-vs-ppc-pros-cons-integrated-approach-274643", "row": 17, "column": 41, "tagName": "meta", "time": 6100.533734, "url": "", "pos": 1, "chunkLen": 1, "isStartTag": 1}}
06-28 10:17:17.212 28250 28263 E WProf.db: {"WprofHTMLTag": {"code": "0xaf0479d0", "doc": "http://searchengineland.com/seo-vs-ppc-pros-cons-integrated-approach-274643", "row": 18, "column": 50, "tagName": "meta", "time": 6100.540203, "url": "", "pos": 1, "chunkLen": 1, "isStartTag": 1}}
06-28 10:17:17.212 28250 28263 E WProf.db: {"WprofHTMLTag": {"code": "0xaf047a00", "doc": "http://searchengineland.com/seo-vs-ppc-pros-cons-integrated-approach-274643", "row": 19, "column": 174, "tagName": "meta", "time": 6100.540913, "url": "", "pos": 1, "chunkLen": 1, "isStartTag": 1}}
06-28 10:17:17.212 28250 28263 E WProf.db: {"WprofHTMLTag": {"code": "0xaf047970", "doc": "http://searchengineland.com/seo-vs-ppc-pros-cons-integrated-approach-274643", "row": 20, "column": 47, "tagName": "meta", "time": 6100.541034, "url": "", "pos": 1, "chunkLen": 1, "isStartTag": 1}}
06-28 10:17:17.212 28250 28263 E WProf.db: {"WprofHTMLTag": {"code": "0xaf047940", "doc": "http://searchengineland.com/seo-vs-ppc-pros-cons-integrated-approach-274643", "row": 21, "column": 67, "tagName": "meta", "time": 6100.541149, "url": "", "pos": 1, "chunkLen": 1, "isStartTag": 1}}
06-28 10:17:17.212 28250 28263 E WProf.db: {"WprofHTMLTag": {"code": "0xaf047a30", "doc": "http://searchengineland.com/seo-vs-ppc-pros-cons-integrated-approach-274643", "row": 22, "column": 57, "tagName": "meta", "time": 6100.541262, "url": "", "pos": 1, "chunkLen": 1, "isStartTag": 1}}
06-28 10:17:17.212 28250 28263 E WProf.db: {"WprofHTMLTag": {"code": "0xaf047a60", "doc": "http://searchengineland.com/seo-vs-ppc-pros-cons-integrated-approach-274643", "row": 23, "column": 65, "tagName": "meta", "time": 6100.541378, "url": "", "pos": 1, "chunkLen": 1, "isStartTag": 1}}
06-28 10:17:17.213 28250 28263 E WProf.db: {"WprofHTMLTag": {"code": "0xaf047a90", "doc": "http://searchengineland.com/seo-vs-ppc-pros-cons-integrated-approach-274643", "row": 24, "column": 55, "tagName": "meta", "time": 6100.541487, "url": "", "pos": 1, "chunkLen": 1, "isStartTag": 1}}
06-28 10:17:17.213 28250 28263 E WProf.db: {"WprofHTMLTag": {"code": "0xaf047ac0", "doc": "http://searchengineland.com/seo-vs-ppc-pros-cons-integrated-approach-274643", "row": 25, "column": 71, "tagName": "meta", "time": 6100.541599, "url": "", "pos": 1, "chunkLen": 1, "isStartTag": 1}}
06-28 10:17:17.213 28250 28263 E WProf.db: {"WprofHTMLTag": {"code": "0xaf047af0", "doc": "http://searchengineland.com/seo-vs-ppc-pros-cons-integrated-approach-274643", "row": 26, "column": 86, "tagName": "meta", "time": 6100.541705, "url": "", "pos": 1, "chunkLen": 1, "isStartTag": 1}}
06-28 10:17:17.213 28250 28263 E WProf.db: {"WprofHTMLTag": {"code": "0xaf047b20", "doc": "http://searchengineland.com/seo-vs-ppc-pros-cons-integrated-approach-274643", "row": 27, "column": 54, "tagName": "meta", "time": 6100.541820, "url": "", "pos": 1, "chunkLen": 1, "isStartTag": 1}}
06-28 10:17:17.213 28250 28263 E WProf.db: {"WprofHTMLTag": {"code": "0xaf047b50", "doc": "http://searchengineland.com/seo-vs-ppc-pros-cons-integrated-approach-274643", "row": 29, "column": 157, "tagName": "meta", "time": 6100.541931, "url": "", "pos": 1, "chunkLen": 1, "isStartTag": 1}}
06-28 10:17:17.213 28250 28263 E WProf.db: {"WprofHTMLTag": {"code": "0xaf047b80", "doc": "http://searchengineland.com/seo-vs-ppc-pros-cons-integrated-approach-274643", "row": 30, "column": 256, "tagName": "meta", "time": 6100.542050, "url": "", "pos": 1, "chunkLen": 1, "isStartTag": 1}}
06-28 10:17:17.213 28250 28263 E WProf.db: {"WprofHTMLTag": {"code": "0xaf047bb0", "doc": "http://searchengineland.com/seo-vs-ppc-pros-cons-integrated-approach-274643", "row": 31, "column": 55, "tagName": "meta", "time": 6100.542159, "url": "", "pos": 1, "chunkLen": 1, "isStartTag": 1}}
06-28 10:17:17.213 28250 28263 E WProf.db: {"WprofHTMLTag": {"code": "0xaf047be0", "doc": "http://searchengineland.com/seo-vs-ppc-pros-cons-integrated-approach-274643", "row": 32, "column": 54, "tagName": "meta", "time": 6100.542275, "url": "", "pos": 1, "chunkLen": 1, "isStartTag": 1}}
06-28 10:17:17.213 28250 28263 E WProf.db: {"WprofHTMLTag": {"code": "0xaf047c10", "doc": "http://searchengineland.com/seo-vs-ppc-pros-cons-integrated-approach-274643", "row": 33, "column": 119, "tagName": "meta", "time": 6100.542391, "url": "", "pos": 1, "chunkLen": 1, "isStartTag": 1}}
06-28 10:17:17.214 28250 28263 E WProf.db: {"WprofHTMLTag": {"code": "0xaf047c40", "doc": "http://searchengineland.com/seo-vs-ppc-pros-cons-integrated-approach-274643", "row": 37, "column": 36, "tagName": "script", "time": 6100.542500, "url": "", "pos": 1, "chunkLen": 1, "isStartTag": 1}}
06-28 10:17:17.214 28250 28263 E WProf.db: {"WprofHTMLTag": {"code": "0xaf047c70", "doc": "http://searchengineland.com/seo-vs-ppc-pros-cons-integrated-approach-274643", "row": 53, "column": 10, "tagName": "script", "time": 6100.542767, "url": "", "pos": 1, "chunkLen": 1, "isStartTag": 0}}
06-28 10:17:17.214 28250 28263 E WProf.db: {"WprofHTMLTag": {"code": "0xaedd1660", "doc": "http://searchengineland.com/seo-vs-ppc-pros-cons-integrated-approach-274643", "row": 55, "column": 86, "tagName": "link", "time": 6100.543593, "url": "http://searchengineland.com/apple-touch-icon.png", "pos": 1, "chunkLen": 1, "isStartTag": 1}}
06-28 10:17:17.214 28250 28263 E WProf.db: {"WprofHTMLTag": {"code": "0xaf047ca0", "doc": "http://searchengineland.com/seo-vs-ppc-pros-cons-integrated-approach-274643", "row": 56, "column": 76, "tagName": "link", "time": 6100.544011, "url": "http://searchengineland.com/favicon.ico", "pos": 1, "chunkLen": 1, "isStartTag": 1}}
06-28 10:17:17.214 28250 28263 E WProf.db: {"WprofHTMLTag": {"code": "0xaf047cd0", "doc": "http://searchengineland.com/seo-vs-ppc-pros-cons-integrated-approach-274643", "row": 57, "column": 158, "tagName": "link", "time": 6100.544229, "url": "http://feeds.searchengineland.com/searchengineland", "pos": 1, "chunkLen": 1, "isStartTag": 1}}
06-28 10:17:17.214 28250 28263 E WProf.db: {"WprofHTMLTag": {"code": "0xaf047d00", "doc": "http://searchengineland.com/seo-vs-ppc-pros-cons-integrated-approach-274643", "row": 58, "column": 149, "tagName": "link", "time": 6100.544526, "url": "http://feeds.searchengineland.com/searchcap", "pos": 1, "chunkLen": 1, "isStartTag": 1}}
06-28 10:17:17.219 28250 28263 E WProf.db: {"WprofHTMLTag": {"code": "0xaf047d30", "doc": "http://searchengineland.com/seo-vs-ppc-pros-cons-integrated-approach-274643", "row": 59, "column": 150, "tagName": "link", "time": 6100.544825, "url": "http://searchengineland.com/figz/wp-content/themes/searchengineland/css/searchengineland-bootstrap.css", "pos": 1, "chunkLen": 1, "isStartTag": 1}}
06-28 10:17:17.219 28250 28263 E WProf.db: {"WprofHTMLTag": {"code": "0xaf047d90", "doc": "http://searchengineland.com/seo-vs-ppc-pros-cons-integrated-approach-274643", "row": 60, "column": 105, "tagName": "link", "time": 6100.545490, "url": "http://fonts.googleapis.com/css?family=Oswald:300,400,700", "pos": 1, "chunkLen": 1, "isStartTag": 1}}
06-28 10:17:17.219 28250 28263 E WProf.db: {"WprofHTMLTag": {"code": "0xaf047df0", "doc": "http://searchengineland.com/seo-vs-ppc-pros-cons-integrated-approach-274643", "row": 61, "column": 125, "tagName": "link", "time": 6100.546004, "url": "http://searchengineland.com/figz/wp-content/themes/searchengineland/style.css", "pos": 1, "chunkLen": 1, "isStartTag": 1}}
06-28 10:17:17.219 28250 28263 E WProf.db: {"WprofHTMLTag": {"code": "0xaf047e50", "doc": "http://searchengineland.com/seo-vs-ppc-pros-cons-integrated-approach-274643", "row": 65, "column": 7, "tagName": "title", "time": 6100.546568, "url": "", "pos": 1, "chunkLen": 1, "isStartTag": 1}}
06-28 10:17:17.219 28250 28263 E WProf.db: {"WprofHTMLTag": {"code": "0xaf047e80", "doc": "http://searchengineland.com/seo-vs-ppc-pros-cons-integrated-approach-274643", "row": 65, "column": 67, "tagName": "title", "time": 6100.546674, "url": "", "pos": 1, "chunkLen": 1, "isStartTag": 0}}
06-28 10:17:17.219 28250 28263 E WProf.db: {"WprofHTMLTag": {"code": "0xaf047eb0", "doc": "http://searchengineland.com/seo-vs-ppc-pros-cons-integrated-approach-274643", "row": 66, "column": 253, "tagName": "meta", "time": 6100.546695, "url": "", "pos": 1, "chunkLen": 1, "isStartTag": 1}}
06-28 10:17:17.219 28250 28263 E WProf.db: {"WprofHTMLTag": {"code": "0xaf047ee0", "doc": "http://searchengineland.com/seo-vs-ppc-pros-cons-integrated-approach-274643", "row": 67, "column": 158, "tagName": "meta", "time": 6100.546886, "url": "", "pos": 1, "chunkLen": 1, "isStartTag": 1}}
06-28 10:17:17.219 28250 28263 E WProf.db: {"WprofHTMLTag": {"code": "0xaf047f10", "doc": "http://searchengineland.com/seo-vs-ppc-pros-cons-integrated-approach-274643", "row": 68, "column": 117, "tagName": "meta", "time": 6100.547005, "url": "", "pos": 1, "chunkLen": 1, "isStartTag": 1}}
06-28 10:17:17.219 28250 28263 E WProf.db: {"WprofHTMLTag": {"code": "0xaf047f40", "doc": "http://searchengineland.com/seo-vs-ppc-pros-cons-integrated-approach-274643", "row": 69, "column": 37, "tagName": "meta", "time": 6100.547125, "url": "", "pos": 1, "chunkLen": 1, "isStartTag": 1}}
06-28 10:17:17.220 28250 28263 E WProf.db: {"WprofHTMLTag": {"code": "0xaf047f70", "doc": "http://searchengineland.com/seo-vs-ppc-pros-cons-integrated-approach-274643", "row": 70, "column": 107, "tagName": "link", "time": 6100.547240, "url": "http://searchengineland.com/seo-vs-ppc-pros-cons-integrated-approach-274643", "pos": 1, "chunkLen": 1, "isStartTag": 1}}
06-28 10:17:17.220 28250 28263 E WProf.db: {"WprofHTMLTag": {"code": "0xaf047fa0", "doc": "http://searchengineland.com/seo-vs-ppc-pros-cons-integrated-approach-274643", "row": 71, "column": 76, "tagName": "link", "time": 6100.547472, "url": "https://plus.google.com/103218677032751327334", "pos": 1, "chunkLen": 1, "isStartTag": 1}}
06-28 10:17:17.220 28250 28263 E WProf.db: {"WprofHTMLTag": {"code": "0xaf047fd0", "doc": "http://searchengineland.com/seo-vs-ppc-pros-cons-integrated-approach-274643", "row": 72, "column": 45, "tagName": "meta", "time": 6100.548184, "url": "", "pos": 1, "chunkLen": 1, "isStartTag": 1}}
06-28 10:17:17.220 28250 28263 E WProf.db: {"WprofHTMLTag": {"code": "0xb4cc74b0", "doc": "http://searchengineland.com/seo-vs-ppc-pros-cons-integrated-approach-274643", "row": 73, "column": 45, "tagName": "meta", "time": 6100.548324, "url": "", "pos": 1, "chunkLen": 1, "isStartTag": 1}}
06-28 10:17:17.220 28250 28263 E WProf.db: {"WprofHTMLTag": {"code": "0xb4cc7540", "doc": "http://searchengineland.com/seo-vs-ppc-pros-cons-integrated-approach-274643", "row": 74, "column": 91, "tagName": "meta", "time": 6100.548454, "url": "", "pos": 1, "chunkLen": 1, "isStartTag": 1}}
06-28 10:17:17.220 28250 28263 E WProf.db: {"WprofHTMLTag": {"code": "0xb4cc78a0", "doc": "http://searchengineland.com/seo-vs-ppc-pros-cons-integrated-approach-274643", "row": 75, "column": 261, "tagName": "meta", "time": 6100.548574, "url": "", "pos": 1, "chunkLen": 1, "isStartTag": 1}}
06-28 10:17:17.220 28250 28263 E WProf.db: {"WprofHTMLTag": {"code": "0xb4cc78d0", "doc": "http://searchengineland.com/seo-vs-ppc-pros-cons-integrated-approach-274643", "row": 76, "column": 112, "tagName": "meta", "time": 6100.548688, "url": "", "pos": 1, "chunkLen": 1, "isStartTag": 1}}
06-28 10:17:17.220 28250 28263 E WProf.db: {"WprofHTMLTag": {"code": "0xb4cc7900", "doc": "http://searchengineland.com/seo-vs-ppc-pros-cons-integrated-approach-274643", "row": 77, "column": 61, "tagName": "meta", "time": 6100.548809, "url": "", "pos": 1, "chunkLen": 1, "isStartTag": 1}}
06-28 10:17:17.221 28250 28263 E WProf.db: {"WprofHTMLTag": {"code": "0xb4cc7930", "doc": "http://searchengineland.com/seo-vs-ppc-pros-cons-integrated-approach-274643", "row": 78, "column": 89, "tagName": "meta", "time": 6100.548933, "url": "", "pos": 1, "chunkLen": 1, "isStartTag": 1}}
06-28 10:17:17.221 28250 28263 E WProf.db: {"WprofHTMLTag": {"code": "0xb4cc7960", "doc": "http://searchengineland.com/seo-vs-ppc-pros-cons-integrated-approach-274643", "row": 79, "column": 67, "tagName": "meta", "time": 6100.549050, "url": "", "pos": 1, "chunkLen": 1, "isStartTag": 1}}
06-28 10:17:17.221 28250 28263 E WProf.db: {"WprofHTMLTag": {"code": "0xb4cc7990", "doc": "http://searchengineland.com/seo-vs-ppc-pros-cons-integrated-approach-274643", "row": 80, "column": 78, "tagName": "meta", "time": 6100.549169, "url": "", "pos": 1, "chunkLen": 1, "isStartTag": 1}}
06-28 10:17:17.221 28250 28263 E WProf.db: {"WprofHTMLTag": {"code": "0xb4cc79c0", "doc": "http://searchengineland.com/seo-vs-ppc-pros-cons-integrated-approach-274643", "row": 81, "column": 77, "tagName": "meta", "time": 6100.549286, "url": "", "pos": 1, "chunkLen": 1, "isStartTag": 1}}
06-28 10:17:17.221 28250 28263 E WProf.db: {"WprofHTMLTag": {"code": "0xb4cc79f0", "doc": "http://searchengineland.com/seo-vs-ppc-pros-cons-integrated-approach-274643", "row": 82, "column": 71, "tagName": "meta", "time": 6100.550733, "url": "", "pos": 1, "chunkLen": 1, "isStartTag": 1}}
06-28 10:17:17.221 28250 28263 E WProf.db: {"WprofHTMLTag": {"code": "0xb4cc7a20", "doc": "http://searchengineland.com/seo-vs-ppc-pros-cons-integrated-approach-274643", "row": 83, "column": 113, "tagName": "meta", "time": 6100.550880, "url": "", "pos": 1, "chunkLen": 1, "isStartTag": 1}}
06-28 10:17:17.221 28250 28263 E WProf.db: {"WprofHTMLTag": {"code": "0xb4cc7a50", "doc": "http://searchengineland.com/seo-vs-ppc-pros-cons-integrated-approach-274643", "row": 84, "column": 49, "tagName": "meta", "time": 6100.550995, "url": "", "pos": 1, "chunkLen": 1, "isStartTag": 1}}
06-28 10:17:17.221 28250 28263 E WProf.db: {"WprofHTMLTag": {"code": "0xb4cc7a80", "doc": "http://searchengineland.com/seo-vs-ppc-pros-cons-integrated-approach-274643", "row": 85, "column": 50, "tagName": "meta", "time": 6100.551788, "url": "", "pos": 1, "chunkLen": 1, "isStartTag": 1}}
06-28 10:17:17.221 28250 28263 E WProf.db: {"WprofHTMLTag": {"code": "0xb4cc7ab0", "doc": "http://searchengineland.com/seo-vs-ppc-pros-cons-integrated-approach-274643", "row": 86, "column": 58, "tagName": "meta", "time": 6100.551908, "url": "", "pos": 1, "chunkLen": 1, "isStartTag": 1}}
06-28 10:17:17.222 28250 28263 E WProf.db: {"WprofHTMLTag": {"code": "0xb4cc7ae0", "doc": "http://searchengineland.com/seo-vs-ppc-pros-cons-integrated-approach-274643", "row": 87, "column": 262, "tagName": "meta", "time": 6100.552024, "url": "", "pos": 1, "chunkLen": 1, "isStartTag": 1}}
06-28 10:17:17.222 28250 28263 E WProf.db: {"WprofHTMLTag": {"code": "0xb4cc7b10", "doc": "http://searchengineland.com/seo-vs-ppc-pros-cons-integrated-approach-274643", "row": 88, "column": 92, "tagName": "meta", "time": 6100.552234, "url": "", "pos": 1, "chunkLen": 1, "isStartTag": 1}}
06-28 10:17:17.222 28250 28263 E WProf.db: {"WprofHTMLTag": {"code": "0xb4cc7b40", "doc": "http://searchengineland.com/seo-vs-ppc-pros-cons-integrated-approach-274643", "row": 89, "column": 51, "tagName": "meta", "time": 6100.552343, "url": "", "pos": 1, "chunkLen": 1, "isStartTag": 1}}
06-28 10:17:17.222 28250 28263 E WProf.db: {"WprofHTMLTag": {"code": "0xb4cc7b70", "doc": "http://searchengineland.com/seo-vs-ppc-pros-cons-integrated-approach-274643", "row": 90, "column": 114, "tagName": "meta", "time": 6100.553640, "url": "", "pos": 1, "chunkLen": 1, "isStartTag": 1}}
06-28 10:17:17.222 28250 28263 E WProf.db: {"WprofHTMLTag": {"code": "0xb4cc7ba0", "doc": "http://searchengineland.com/seo-vs-ppc-pros-cons-integrated-approach-274643", "row": 91, "column": 58, "tagName": "meta", "time": 6100.554202, "url": "", "pos": 1, "chunkLen": 1, "isStartTag": 1}}
06-28 10:17:17.222 28250 28263 E WProf.db: {"WprofHTMLTag": {"code": "0xb4cc7bd0", "doc": "http://searchengineland.com/seo-vs-ppc-pros-cons-integrated-approach-274643", "row": 94, "column": 44, "tagName": "link", "time": 6100.554316, "url": "http://s.w.org/", "pos": 1, "chunkLen": 1, "isStartTag": 1}}
06-28 10:17:17.222 28250 28263 E WProf.db: {"WprofHTMLTag": {"code": "0xb4cc7c00", "doc": "http://searchengineland.com/seo-vs-ppc-pros-cons-integrated-approach-274643", "row": 95, "column": 33, "tagName": "script", "time": 6100.554642, "url": "", "pos": 1, "chunkLen": 1, "isStartTag": 1}}
06-28 10:17:17.222 28250 28263 E WProf.db: {"WprofHTMLTag": {"code": "0xb4cc7c30", "doc": "http://searchengineland.com/seo-vs-ppc-pros-cons-integrated-approach-274643", "row": 98, "column": 11, "tagName": "script", "time": 6100.554859, "url": "http://searchengineland.com/figz/wp-includes/js/wp-emoji-release.min.js?ver=4.7.5", "pos": 1, "chunkLen": 1, "isStartTag": 0}}
06-28 10:17:17.223 28250 28263 E WProf.db: {"WprofHTMLTag": {"code": "0x9c7188d0", "doc": "http://searchengineland.com/seo-vs-ppc-pros-cons-integrated-approach-274643", "row": 99, "column": 25, "tagName": "style", "time": 6101.202399, "url": "", "pos": 1, "chunkLen": 1, "isStartTag": 1}}
06-28 10:17:17.223 28250 28263 E WProf.db: {"WprofHTMLTag": {"code": "0x9c718900", "doc": "http://searchengineland.com/seo-vs-ppc-pros-cons-integrated-approach-274643", "row": 112, "column": 8, "tagName": "style", "time": 6101.202601, "url": "", "pos": 1, "chunkLen": 1, "isStartTag": 0}}
06-28 10:17:17.223 28250 28263 E WProf.db: {"WprofHTMLTag": {"code": "0x9c718930", "doc": "http://searchengineland.com/seo-vs-ppc-pros-cons-integrated-approach-274643", "row": 113, "column": 140, "tagName": "script", "time": 6101.204315, "url": "http://searchengineland.com/figz/wp-content/themes/searchengineland/js/lib/modernizr.custom.js?ver=1.0", "pos": 1, "chunkLen": 1, "isStartTag": 1}}
06-28 10:17:17.223 28250 28263 E WProf.db: {"WprofHTMLTag": {"code": "0x9c718960", "doc": "http://searchengineland.com/seo-vs-ppc-pros-cons-integrated-approach-274643", "row": 113, "column": 149, "tagName": "script", "time": 6101.204559, "url": "", "pos": 1, "chunkLen": 1, "isStartTag": 0}}
06-28 10:17:17.223 28250 28263 E WProf.db: {"WprofHTMLTag": {"code": "0x9c7189f0", "doc": "http://searchengineland.com/seo-vs-ppc-pros-cons-integrated-approach-274643", "row": 114, "column": 144, "tagName": "script", "time": 6101.212111, "url": "http://searchengineland.com/figz/wp-content/themes/searchengineland/js/lib/jquery-1.11.0.min.js?ver=1.11.0", "pos": 1, "chunkLen": 1, "isStartTag": 1}}
06-28 10:17:17.223 28250 28263 E WProf.db: {"WprofHTMLTag": {"code": "0x9c718a20", "doc": "http://searchengineland.com/seo-vs-ppc-pros-cons-integrated-approach-274643", "row": 114, "column": 153, "tagName": "script", "time": 6101.212344, "url": "", "pos": 1, "chunkLen": 1, "isStartTag": 0}}
06-28 10:17:17.223 28250 28263 E WProf.db: {"WprofHTMLTag": {"code": "0xaedd1e70", "doc": "http://searchengineland.com/seo-vs-ppc-pros-cons-integrated-approach-274643", "row": 0, "column": 15, "tagName": "div", "time": 6101.278196, "url": "", "pos": 15, "chunkLen": 44, "isStartTag": 1}}
06-28 10:17:17.223 28250 28263 E WProf.db: {"WprofHTMLTag": {"code": "0xaedd1e40", "doc": "http://searchengineland.com/seo-vs-ppc-pros-cons-integrated-approach-274643", "row": 0, "column": 21, "tagName": "div", "time": 6101.278323, "url": "", "pos": 21, "chunkLen": 44, "isStartTag": 0}}
06-28 10:17:17.224 28250 28263 E WProf.db: {"WprofHTMLTag": {"code": "0xaedd1e10", "doc": "http://searchengineland.com/seo-vs-ppc-pros-cons-integrated-approach-274643", "row": 0, "column": 38, "tagName": "div", "time": 6101.278383, "url": "", "pos": 38, "chunkLen": 44, "isStartTag": 1}}
06-28 10:17:17.224 28250 28263 E WProf.db: {"WprofHTMLTag": {"code": "0xaedd1de0", "doc": "http://searchengineland.com/seo-vs-ppc-pros-cons-integrated-approach-274643", "row": 0, "column": 44, "tagName": "div", "time": 6101.278497, "url": "", "pos": 44, "chunkLen": 44, "isStartTag": 0}}
06-28 10:17:17.224 28250 28263 E WProf.db: {"WprofHTMLTag": {"code": "0xaedd1db0", "doc": "http://searchengineland.com/seo-vs-ppc-pros-cons-integrated-approach-274643", "row": 0, "column": 13, "tagName": "select", "time": 6101.279839, "url": "", "pos": 13, "chunkLen": 51, "isStartTag": 1}}
06-28 10:17:17.224 28250 28263 E WProf.db: {"WprofHTMLTag": {"code": "0xaedd1d80", "doc": "http://searchengineland.com/seo-vs-ppc-pros-cons-integrated-approach-274643", "row": 0, "column": 33, "tagName": "option", "time": 6101.280074, "url": "", "pos": 33, "chunkLen": 51, "isStartTag": 1}}
06-28 10:17:17.224 28250 28263 E WProf.db: {"WprofHTMLTag": {"code": "0xaedd1d50", "doc": "http://searchengineland.com/seo-vs-ppc-pros-cons-integrated-approach-274643", "row": 0, "column": 42, "tagName": "option", "time": 6101.280268, "url": "", "pos": 42, "chunkLen": 51, "isStartTag": 0}}
06-28 10:17:17.224 28250 28263 E WProf.db: {"WprofHTMLTag": {"code": "0x9c718a50", "doc": "http://searchengineland.com/seo-vs-ppc-pros-cons-integrated-approach-274643", "row": 0, "column": 51, "tagName": "select", "time": 6101.280323, "url": "", "pos": 51, "chunkLen": 51, "isStartTag": 0}}
06-28 10:17:17.224 28250 28263 E WProf.db: {"WprofHTMLTag": {"code": "0x9c718a80", "doc": "http://searchengineland.com/seo-vs-ppc-pros-cons-integrated-approach-274643", "row": 0, "column": 12, "tagName": "a", "time": 6101.285039, "url": "", "pos": 12, "chunkLen": 16, "isStartTag": 1}}
06-28 10:17:17.228 28250 28263 E WProf.db: {"WprofHTMLTag": {"code": "0x9c718ab0", "doc": "http://searchengineland.com/seo-vs-ppc-pros-cons-integrated-approach-274643", "row": 0, "column": 16, "tagName": "a", "time": 6101.285196, "url": "", "pos": 16, "chunkLen": 16, "isStartTag": 0}}
06-28 10:17:17.229 28250 28263 E WProf.db: {"WprofHTMLTag": {"code": "0x9c718ae0", "doc": "http://searchengineland.com/seo-vs-ppc-pros-cons-integrated-approach-274643", "row": 0, "column": 8, "tagName": "input", "time": 6101.286382, "url": "", "pos": 8, "chunkLen": 8, "isStartTag": 1}}
06-28 10:17:17.229 28250 28263 E WProf.db: {"WprofHTMLTag": {"code": "0x9c718b10", "doc": "http://searchengineland.com/seo-vs-ppc-pros-cons-integrated-approach-274643", "row": 0, "column": 9, "tagName": "link", "time": 6101.294952, "url": "", "pos": 9, "chunkLen": 42, "isStartTag": 1}}
06-28 10:17:17.229 28250 28263 E WProf.db: {"WprofHTMLTag": {"code": "0x9c718b40", "doc": "http://searchengineland.com/seo-vs-ppc-pros-cons-integrated-approach-274643", "row": 0, "column": 16, "tagName": "table", "time": 6101.295059, "url": "", "pos": 16, "chunkLen": 42, "isStartTag": 1}}
06-28 10:17:17.229 28250 28263 E WProf.db: {"WprofHTMLTag": {"code": "0x9c718b70", "doc": "http://searchengineland.com/seo-vs-ppc-pros-cons-integrated-approach-274643", "row": 0, "column": 24, "tagName": "table", "time": 6101.295168, "url": "", "pos": 24, "chunkLen": 42, "isStartTag": 0}}
06-28 10:17:17.229 28250 28263 E WProf.db: {"WprofHTMLTag": {"code": "0x9c718ba0", "doc": "http://searchengineland.com/seo-vs-ppc-pros-cons-integrated-approach-274643", "row": 0, "column": 37, "tagName": "a", "time": 6101.295227, "url": "", "pos": 37, "chunkLen": 42, "isStartTag": 1}}
06-28 10:17:17.229 28250 28263 E WProf.db: {"WprofHTMLTag": {"code": "0x9c718bd0", "doc": "http://searchengineland.com/seo-vs-ppc-pros-cons-integrated-approach-274643", "row": 0, "column": 42, "tagName": "a", "time": 6101.295406, "url": "", "pos": 42, "chunkLen": 42, "isStartTag": 0}}
06-28 10:17:17.229 28250 28263 E WProf.db: {"WprofHTMLTag": {"code": "0x9c718c60", "doc": "http://searchengineland.com/seo-vs-ppc-pros-cons-integrated-approach-274643", "row": 0, "column": 10, "tagName": "textarea", "time": 6101.296486, "url": "", "pos": 10, "chunkLen": 22, "isStartTag": 1}}
06-28 10:17:17.229 28250 28263 E WProf.db: {"WprofHTMLTag": {"code": "0x9c718c90", "doc": "http://searchengineland.com/seo-vs-ppc-pros-cons-integrated-approach-274643", "row": 0, "column": 22, "tagName": "textarea", "time": 6101.296671, "url": "", "pos": 22, "chunkLen": 22, "isStartTag": 0}}
06-28 10:17:17.229 28250 28263 E WProf.db: {"WprofHTMLTag": {"code": "0x9c718cc0", "doc": "http://searchengineland.com/seo-vs-ppc-pros-cons-integrated-approach-274643", "row": 0, "column": 48, "tagName": "input", "time": 6101.297725, "url": "", "pos": 48, "chunkLen": 48, "isStartTag": 1}}
06-28 10:17:17.229 28250 28263 E WProf.db: {"WprofHTMLTag": {"code": "0x9c718d20", "doc": "http://searchengineland.com/seo-vs-ppc-pros-cons-integrated-approach-274643", "row": 0, "column": 9, "tagName": "link", "time": 6101.301903, "url": "", "pos": 9, "chunkLen": 66, "isStartTag": 1}}
06-28 10:17:17.230 28250 28263 E WProf.db: {"WprofHTMLTag": {"code": "0x9c718d50", "doc": "http://searchengineland.com/seo-vs-ppc-pros-cons-integrated-approach-274643", "row": 0, "column": 16, "tagName": "table", "time": 6101.302015, "url": "", "pos": 16, "chunkLen": 66, "isStartTag": 1}}
06-28 10:17:17.230 28250 28263 E WProf.db: {"WprofHTMLTag": {"code": "0x9c718d80", "doc": "http://searchengineland.com/seo-vs-ppc-pros-cons-integrated-approach-274643", "row": 0, "column": 24, "tagName": "table", "time": 6101.302086, "url": "", "pos": 24, "chunkLen": 66, "isStartTag": 0}}
06-28 10:17:17.230 28250 28263 E WProf.db: {"WprofHTMLTag": {"code": "0x9c718db0", "doc": "http://searchengineland.com/seo-vs-ppc-pros-cons-integrated-approach-274643", "row": 0, "column": 37, "tagName": "a", "time": 6101.302150, "url": "", "pos": 37, "chunkLen": 66, "isStartTag": 1}}
06-28 10:17:17.230 28250 28263 E WProf.db: {"WprofHTMLTag": {"code": "0x9c718de0", "doc": "http://searchengineland.com/seo-vs-ppc-pros-cons-integrated-approach-274643", "row": 0, "column": 42, "tagName": "a", "time": 6101.302431, "url": "", "pos": 42, "chunkLen": 66, "isStartTag": 0}}
06-28 10:17:17.230 28250 28263 E WProf.db: {"WprofHTMLTag": {"code": "0x9c718e10", "doc": "http://searchengineland.com/seo-vs-ppc-pros-cons-integrated-approach-274643", "row": 0, "column": 66, "tagName": "input", "time": 6101.302493, "url": "", "pos": 66, "chunkLen": 66, "isStartTag": 1}}
06-28 10:17:17.230 28250 28263 E WProf.db: {"WprofHTMLTag": {"code": "0x9c718ea0", "doc": "http://searchengineland.com/seo-vs-ppc-pros-cons-integrated-approach-274643", "row": 0, "column": 9, "tagName": "link", "time": 6101.304219, "url": "", "pos": 9, "chunkLen": 66, "isStartTag": 1}}
06-28 10:17:17.230 28250 28263 E WProf.db: {"WprofHTMLTag": {"code": "0x9c718ed0", "doc": "http://searchengineland.com/seo-vs-ppc-pros-cons-integrated-approach-274643", "row": 0, "column": 16, "tagName": "table", "time": 6101.304320, "url": "", "pos": 16, "chunkLen": 66, "isStartTag": 1}}
06-28 10:17:17.230 28250 28263 E WProf.db: {"WprofHTMLTag": {"code": "0x9c718f00", "doc": "http://searchengineland.com/seo-vs-ppc-pros-cons-integrated-approach-274643", "row": 0, "column": 24, "tagName": "table", "time": 6101.304385, "url": "", "pos": 24, "chunkLen": 66, "isStartTag": 0}}
06-28 10:17:17.230 28250 28263 E WProf.db: {"WprofHTMLTag": {"code": "0x9c718f30", "doc": "http://searchengineland.com/seo-vs-ppc-pros-cons-integrated-approach-274643", "row": 0, "column": 37, "tagName": "a", "time": 6101.304443, "url": "", "pos": 37, "chunkLen": 66, "isStartTag": 1}}
06-28 10:17:17.230 28250 28263 E WProf.db: {"WprofHTMLTag": {"code": "0x9c718f60", "doc": "http://searchengineland.com/seo-vs-ppc-pros-cons-integrated-approach-274643", "row": 0, "column": 42, "tagName": "a", "time": 6101.304604, "url": "", "pos": 42, "chunkLen": 66, "isStartTag": 0}}
06-28 10:17:17.231 28250 28263 E WProf.db: {"WprofHTMLTag": {"code": "0x9c718f90", "doc": "http://searchengineland.com/seo-vs-ppc-pros-cons-integrated-approach-274643", "row": 0, "column": 66, "tagName": "input", "time": 6101.304661, "url": "", "pos": 66, "chunkLen": 66, "isStartTag": 1}}
06-28 10:17:17.231 28250 28263 E WProf.db: {"WprofHTMLTag": {"code": "0x9c718ff0", "doc": "http://searchengineland.com/seo-vs-ppc-pros-cons-integrated-approach-274643", "row": 0, "column": 9, "tagName": "link", "time": 6101.308630, "url": "", "pos": 9, "chunkLen": 66, "isStartTag": 1}}
06-28 10:17:17.231 28250 28263 E WProf.db: {"WprofHTMLTag": {"code": "0x9c719020", "doc": "http://searchengineland.com/seo-vs-ppc-pros-cons-integrated-approach-274643", "row": 0, "column": 16, "tagName": "table", "time": 6101.308744, "url": "", "pos": 16, "chunkLen": 66, "isStartTag": 1}}
06-28 10:17:17.231 28250 28263 E WProf.db: {"WprofHTMLTag": {"code": "0x9c719050", "doc": "http://searchengineland.com/seo-vs-ppc-pros-cons-integrated-approach-274643", "row": 0, "column": 24, "tagName": "table", "time": 6101.308812, "url": "", "pos": 24, "chunkLen": 66, "isStartTag": 0}}
06-28 10:17:17.231 28250 28263 E WProf.db: {"WprofHTMLTag": {"code": "0x9c719080", "doc": "http://searchengineland.com/seo-vs-ppc-pros-cons-integrated-approach-274643", "row": 0, "column": 37, "tagName": "a", "time": 6101.308874, "url": "", "pos": 37, "chunkLen": 66, "isStartTag": 1}}
06-28 10:17:17.231 28250 28263 E WProf.db: {"WprofHTMLTag": {"code": "0x9c7190b0", "doc": "http://searchengineland.com/seo-vs-ppc-pros-cons-integrated-approach-274643", "row": 0, "column": 42, "tagName": "a", "time": 6101.309036, "url": "", "pos": 42, "chunkLen": 66, "isStartTag": 0}}
06-28 10:17:17.231 28250 28263 E WProf.db: {"WprofHTMLTag": {"code": "0x9c7190e0", "doc": "http://searchengineland.com/seo-vs-ppc-pros-cons-integrated-approach-274643", "row": 0, "column": 66, "tagName": "input", "time": 6101.309095, "url": "", "pos": 66, "chunkLen": 66, "isStartTag": 1}}
06-28 10:17:17.231 28250 28263 E WProf.db: {"WprofHTMLTag": {"code": "0x9c7189c0", "doc": "http://searchengineland.com/seo-vs-ppc-pros-cons-integrated-approach-274643", "row": 115, "column": 154, "tagName": "script", "time": 6101.321111, "url": "http://searchengineland.com/figz/wp-content/themes/searchengineland/js/lib/jquery-ui-1.10.3.custom.min.js?ver=1.10.3", "pos": 67, "chunkLen": 67, "isStartTag": 1}}
06-28 10:17:17.231 28250 28263 E WProf.db: {"WprofHTMLTag": {"code": "0x9c719200", "doc": "http://searchengineland.com/seo-vs-ppc-pros-cons-integrated-approach-274643", "row": 115, "column": 163, "tagName": "script", "time": 6101.321368, "url": "", "pos": 67, "chunkLen": 67, "isStartTag": 0}}
06-28 10:17:17.231 28250 28263 E WProf.db: {"WprofHTMLTag": {"code": "0xaedd2020", "doc": "http://searchengineland.com/seo-vs-ppc-pros-cons-integrated-approach-274643", "row": 0, "column": 111, "tagName": "div", "time": 6101.449489, "url": "", "pos": 111, "chunkLen": 117, "isStartTag": 1}}
