--------- beginning of main
06-28 17:10:32.722  3449  3449 E Finsky  : [1] com.google.android.finsky.wear.bl.a(3): onConnectionFailed: ConnectionResult{statusCode=API_UNAVAILABLE, resolution=null, message=null}
--------- beginning of system
06-28 17:10:33.861 15862 15862 E chromium: [ERROR:shell_integration_android.cc(12)] Not implemented reached in static ShellIntegration::DefaultWebClientSetPermission ShellIntegration::CanSetAsDefaultBrowser()
06-28 17:10:33.864 15862 15862 E chromium: [ERROR:browser_process_impl.cc(720)] Not implemented reached in virtual BackgroundModeManager* BrowserProcessImpl::background_mode_manager()
06-28 17:10:36.547 15862 15914 E chromium: [ERROR:gles2_cmd_decoder.cc(3852)] [.ChromiumCompositor-0xacbb2fc0]GL ERROR :GL_INVALID_ENUM : glDiscardFramebufferEXT: attachments was GL_COLOR_EXT
06-28 17:10:36.847 15936 15949 E WPROF   : {"CSS": {"url": "http://searchengineland.com/figz/wp-content/themes/searchengineland/css/searchengineland-bootstrap.css", "requestTime": 30913.902396}}
06-28 17:10:36.848 15936 15949 E WPROF   : {"CSS": {"url": "http://fonts.googleapis.com/css?family=Oswald:300,400,700", "requestTime": 30913.903243}}
06-28 17:10:36.848 15936 15949 E WPROF   : {"CSS": {"url": "http://searchengineland.com/figz/wp-content/themes/searchengineland/style.css", "requestTime": 30913.904038}}
06-28 17:10:36.856 15936 15949 E WPROF   : {"Javascript": {"url": "http://searchengineland.com/figz/wp-content/themes/searchengineland/js/lib/modernizr.custom.js?ver=1.0", "requestTime": 30913.911774}}
06-28 17:10:36.857 15936 15949 E WPROF   : {"Javascript": {"url": "http://searchengineland.com/figz/wp-content/themes/searchengineland/js/lib/jquery-1.11.0.min.js?ver=1.11.0", "requestTime": 30913.912560}}
06-28 17:10:36.857 15936 15949 E WPROF   : {"Javascript": {"url": "http://searchengineland.com/figz/wp-content/themes/searchengineland/js/lib/jquery-ui-1.10.3.custom.min.js?ver=1.10.3", "requestTime": 30913.913149}}
06-28 17:10:36.858 15936 15949 E WPROF   : {"Javascript": {"url": "http://searchengineland.com/figz/wp-content/themes/searchengineland/js/lib/jquery.ba-throttle-debounce.min.js?ver=1.1", "requestTime": 30913.913744}}
06-28 17:10:36.859 15936 15949 E WPROF   : {"Javascript": {"url": "http://searchengineland.com/figz/wp-content/themes/searchengineland/js/lib/jquery.countdown.min.js?ver=2.0.4", "requestTime": 30913.914373}}
06-28 17:10:36.860 15936 15949 E WPROF   : {"Javascript": {"url": "http://static.chartbeat.com/js/chartbeat_mab.js", "requestTime": 30913.915242}}
06-28 17:10:37.482 15936 15949 E WPROF   : {"Javascript": {"url": "http://searchengineland.com/figz/wp-includes/js/wp-emoji-release.min.js?ver=4.7.5", "requestTime": 30914.537527}}
06-28 17:10:37.865 15936 15949 E WPROF   : {"Javascript": {"url": "http://www.googletagservices.com/tag/js/gpt.js", "requestTime": 30914.920739}}
06-28 17:10:37.872 15936 15949 E WPROF   : {"Javascript": {"url": "https://www.google-analytics.com/analytics.js", "requestTime": 30914.927917}}
06-28 17:10:37.875 15936 15949 E WPROF   : {"Javascript": {"url": "http://edge.quantserve.com/quant.js", "requestTime": 30914.931090}}
06-28 17:10:37.877 15936 15949 E WPROF   : {"Javascript": {"url": "https://connect.facebook.net/en_US/fbevents.js", "requestTime": 30914.933181}}
06-28 17:10:37.935 15862 15914 E chromium: [ERROR:gles2_cmd_decoder.cc(3852)] [.ChromiumCompositor-0xacbb2fc0]GL ERROR :GL_INVALID_ENUM : glDiscardFramebufferEXT: attachments was GL_COLOR_EXT
06-28 17:10:37.975 15936 15949 E WPROF   : {"Javascript": {"url": "http://app-sj02.marketo.com/js/forms2/js/forms2.min.js", "requestTime": 30915.031106}}
06-28 17:10:38.102 15862 15914 E chromium: [ERROR:gles2_cmd_decoder.cc(3852)] [.ChromiumCompositor-0xacbb2fc0]GL ERROR :GL_INVALID_ENUM : glDiscardFramebufferEXT: attachments was GL_COLOR_EXT
06-28 17:10:38.282 15936 15949 E WPROF   : {"Javascript": {"url": "http://app-sj02.marketo.com/index.php/form/getForm?munchkinId=727-ZQE-044&form=5691&url=http%3A%2F%2Fsearchengineland.com%2Fseo-missing-piece-brand-protection-276652&callback=jQuery11020347084844019264_1498637438201&_=1498637438202", "requestTime": 30915.338143}}
06-28 17:10:38.300 15936 15949 E WPROF   : {"Javascript": {"url": "http://app-sj02.marketo.com/index.php/form/getForm?munchkinId=727-ZQE-044&form=5685&url=http%3A%2F%2Fsearchengineland.com%2Fseo-missing-piece-brand-protection-276652&callback=jQuery11020347084844019264_1498637438203&_=1498637438204", "requestTime": 30915.355408}}
06-28 17:10:38.329 15936 15949 E WPROF   : {"Javascript": {"url": "https://securepubads.g.doubleclick.net/gpt/pubads_impl_121.js", "requestTime": 30915.384939}}
06-28 17:10:38.590 15936 15949 E WPROF   : {"Javascript": {"url": "http://app-sj02.marketo.com/index.php/form/getForm?munchkinId=727-ZQE-044&form=5673&url=http%3A%2F%2Fsearchengineland.com%2Fseo-missing-piece-brand-protection-276652&callback=jQuery11020347084844019264_1498637438205&_=1498637438206", "requestTime": 30915.645435}}
06-28 17:10:38.596 15936 15949 E WPROF   : {"Javascript": {"url": "http://searchengineland.com/js/ga_social_tracking.js", "requestTime": 30915.652206}}
06-28 17:10:38.598 15936 15949 E WPROF   : {"Javascript": {"url": "http://s7.addthis.com/js/300/addthis_widget.js#pubid=ra-53e918f660794f37", "requestTime": 30915.654039}}
06-28 17:10:38.628 15862 15914 E chromium: [ERROR:gles2_cmd_decoder.cc(3852)] [.ChromiumCompositor-0xacbb2fc0]GL ERROR :GL_INVALID_ENUM : glDiscardFramebufferEXT: attachments was GL_COLOR_EXT
06-28 17:10:38.852 15936 15949 E WPROF   : {"Javascript": {"url": "https://connect.facebook.net/signals/config/423979991297359?v=2.7.17", "requestTime": 30915.907997}}
06-28 17:10:38.957 15862 15914 E chromium: [ERROR:gles2_cmd_decoder.cc(3852)] [.ChromiumCompositor-0xacbb2fc0]GL ERROR :GL_INVALID_ENUM : glDiscardFramebufferEXT: attachments was GL_COLOR_EXT
06-28 17:10:38.967 15936 15949 E WPROF   : {"CSS": {"url": "http://app-sj02.marketo.com/js/forms2/css/forms2.css", "requestTime": 30916.023091}}
06-28 17:10:38.971 15936 15949 E WPROF   : {"CSS": {"url": "http://app-sj02.marketo.com/js/forms2/css/forms2-theme-simple.css", "requestTime": 30916.026793}}
06-28 17:10:39.474 15936 15949 E WPROF   : {"Javascript": {"url": "https://securepubads.g.doubleclick.net/gampad/ads?gdfp_req=1&correlator=3582298354089984&output=json_html&callback=googletag.impl.pubads.callbackProxy1&impl=fifs&json_a=1&eid=108809080%2C108809103&sc=0&sfv=1-0-9&iu_parts=1038259%2Csel-ciu-1%2Csel-ciu-2%2Csel-ciu-3%2Csel-ciu-4%2Csel-ciu-5%2Cch-seo-le", "requestTime": 30916.529266}}
06-28 17:10:39.502 15936 15949 E WPROF   : {"Javascript": {"url": "https://static.xx.fbcdn.net/rsrc.php/v3iy6L4/yF/l/ko_KR/w3AiswiqjrJ.js", "requestTime": 30916.557254}}
06-28 17:10:39.628 15862 15914 E chromium: [ERROR:gles2_cmd_decoder.cc(3852)] [.ChromiumCompositor-0xacbb2fc0]GL ERROR :GL_INVALID_ENUM : glDiscardFramebufferEXT: attachments was GL_COLOR_EXT
06-28 17:10:40.074 15936 15949 E WPROF   : {"Javascript": {"url": "http://platform.twitter.com/widgets.js", "requestTime": 30917.129906}}
06-28 17:10:40.077 15936 15949 E WPROF   : {"Javascript": {"url": "http://connect.facebook.net/en_US/sdk.js", "requestTime": 30917.132471}}
06-28 17:10:40.079 15936 15949 E WPROF   : {"Javascript": {"url": "https://apis.google.com/js/platform.js", "requestTime": 30917.134751}}
06-28 17:10:40.100 15936 15949 E WPROF   : {"Javascript": {"url": "http://rules.quantcount.com/rules-p-5aGizvD82d9hk.js", "requestTime": 30917.156153}}
06-28 17:10:40.103 15936 15949 E WPROF   : {"Javascript": {"url": "http://munchkin.marketo.net/munchkin.js", "requestTime": 30917.159153}}
06-28 17:10:40.399 15936 15949 E WPROF   : {"Javascript": {"url": "http://d2j3qa5nc37287.cloudfront.net/coupon_code1.js", "requestTime": 30917.454305}}
06-28 17:10:40.412 15936 15949 E WPROF   : {"Javascript": {"url": "http://www.googleadservices.com/pagead/conversion.js", "requestTime": 30917.467473}}
06-28 17:10:40.412 15936 15949 E WPROF   : {"Javascript": {"url": "http://searchengineland.com/figz/wp-content/themes/searchengineland/js/script.js?ver=1.0", "requestTime": 30917.468135}}
06-28 17:10:40.413 15936 15949 E WPROF   : {"Javascript": {"url": "http://searchengineland.com/figz/wp-includes/js/wp-embed.min.js?ver=4.7.5", "requestTime": 30917.468499}}
06-28 17:10:40.413 15936 15949 E WPROF   : {"Javascript": {"url": "http://searchengineland.com/figz/wp-content/themes/searchengineland/js/modules/sharing_controls.js", "requestTime": 30917.469103}}
06-28 17:10:40.421 15936 15949 E WPROF   : {"CSS": {"url": "https://www.youtube.com/yts/cssbin/www-embed-player-sprite-mode-vfl5G4Xm8.css", "requestTime": 30917.477185}}
06-28 17:10:40.423 15936 15949 E WPROF   : {"Javascript": {"url": "https://www.youtube.com/yts/jsbin/www-embed-player-vfl_UY_j8/www-embed-player.js", "requestTime": 30917.478730}}
06-28 17:10:40.423 15936 15949 E WPROF   : {"Javascript": {"url": "https://www.youtube.com/yts/jsbin/player-vflo1w4O-/ko_KR/base.js", "requestTime": 30917.479196}}
06-28 17:10:40.450 15862 15914 E chromium: [ERROR:gles2_cmd_decoder.cc(3852)] [.ChromiumCompositor-0xacbb2fc0]GL ERROR :GL_INVALID_ENUM : glDiscardFramebufferEXT: attachments was GL_COLOR_EXT
06-28 17:10:40.522 15862 15914 E chromium: [ERROR:gles2_cmd_decoder.cc(3852)] [.ChromiumCompositor-0xacbb2fc0]GL ERROR :GL_INVALID_ENUM : glDiscardFramebufferEXT: attachments was GL_COLOR_EXT
06-28 17:10:40.981 15936 15949 E WPROF   : {"Javascript": {"url": "http://dnn506yrbagrg.cloudfront.net/pages/scripts/0026/4062.js?416288", "requestTime": 30918.036589}}
06-28 17:10:41.019 15862 15914 E chromium: [ERROR:gles2_cmd_decoder.cc(3852)] [.ChromiumCompositor-0xacbb2fc0]GL ERROR :GL_INVALID_ENUM : glDiscardFramebufferEXT: attachments was GL_COLOR_EXT
06-28 17:10:41.133 15862 15914 E chromium: [ERROR:gles2_cmd_decoder.cc(3852)] [.ChromiumCompositor-0xacbb2fc0]GL ERROR :GL_INVALID_ENUM : glDiscardFramebufferEXT: attachments was GL_COLOR_EXT
06-28 17:10:42.372 15936 15949 E WPROF   : {"Javascript": {"url": "https://www.google.com/js/bg/KWBfAnWFESAEEaKKgdYlTHY9ysQaNoQuzeMFqvxDSM8.js", "requestTime": 30919.427263}}
06-28 17:10:42.376 15936 15949 E WPROF   : {"Javascript": {"url": "https://static.doubleclick.net/instream/ad_status.js", "requestTime": 30919.431228}}
06-28 17:10:42.922 15936 15949 E WPROF   : {"Javascript": {"url": "http://m.addthisedge.com/live/boost/ra-53e918f660794f37/_ate.track.config_resp", "requestTime": 30919.977506}}
06-28 17:10:42.968 15936 15949 E WPROF   : {"Javascript": {"url": "http://m.addthis.com/live/red_lojson/300lo.json?si=5953647f56140535&bkl=0&bl=1&pdt=2136&sid=5953647f56140535&pub=ra-53e918f660794f37&rev=v7.15.4-wp&ln=ko&pc=men&cb=0&ab=-&dp=searchengineland.com&fp=seo-missing-piece-brand-protection-276652&fr=&of=0&pd=0&irt=0&vcl=0&md=0&ct=1&tct=0&abt=0&cdn=0&pi=1&r", "requestTime": 30920.024036}}
06-28 17:10:43.274 15862 15914 E chromium: [ERROR:gles2_cmd_decoder.cc(3852)] [.ChromiumCompositor-0xacbb2fc0]GL ERROR :GL_INVALID_ENUM : glDiscardFramebufferEXT: attachments was GL_COLOR_EXT
06-28 17:10:43.769 15862 15914 E chromium: [ERROR:gles2_cmd_decoder.cc(3852)] [.ChromiumCompositor-0xacbb2fc0]GL ERROR :GL_INVALID_ENUM : glDiscardFramebufferEXT: attachments was GL_COLOR_EXT
06-28 17:10:44.082 15862 15914 E chromium: [ERROR:gles2_cmd_decoder.cc(3852)] [.ChromiumCompositor-0xacbb2fc0]GL ERROR :GL_INVALID_ENUM : glDiscardFramebufferEXT: attachments was GL_COLOR_EXT
06-28 17:10:44.233 15862 15914 E chromium: [ERROR:gles2_cmd_decoder.cc(3852)] [.ChromiumCompositor-0xacbb2fc0]GL ERROR :GL_INVALID_ENUM : glDiscardFramebufferEXT: attachments was GL_COLOR_EXT
06-28 17:10:44.391 15936 15949 E WPROF   : {"Javascript": {"url": "https://tpc.googlesyndication.com/pagead/js/r20170619/r20110914/client/ext/m_window_focus_non_hydra.js", "requestTime": 30921.446405}}
06-28 17:10:44.395 15936 15949 E WPROF   : {"Javascript": {"url": "https://tpc.googlesyndication.com/pagead/js/r20170619/r20110914/activeview/osd_listener.js", "requestTime": 30921.450263}}
06-28 17:10:44.401 15936 15949 E WPROF   : {"Javascript": {"url": "http://pagead2.googlesyndication.com/pagead/osd.js", "requestTime": 30921.456619}}
06-28 17:10:44.485 15936 15949 E WPROF   : {"Javascript": {"url": "http://munchkin.marketo.net/151/munchkin.js", "requestTime": 30921.540326}}
06-28 17:10:44.722 15936 15949 E WPROF   : {"Javascript": {"url": "https://platform.twitter.com/js/button.b731e6c82269f70f6fc53634e044a4c6.js", "requestTime": 30921.777747}}
06-28 17:10:44.921 15936 15949 E WPROF   : {"Javascript": {"url": "http://www.justuno.com/ajax/account_version_check.html?id=828FA275-FF73-401E-AA39-40F5A6FAB6B1", "requestTime": 30921.976278}}
06-28 17:10:44.986 15936 15949 E WPROF   : {"Javascript": {"url": "http://s7.addthis.com/static/layers.4acb6c577b51939661ec.js", "requestTime": 30922.042189}}
06-28 17:10:45.289 15862 15914 E chromium: [ERROR:gles2_cmd_decoder.cc(3852)] [.ChromiumCompositor-0xacbb2fc0]GL ERROR :GL_INVALID_ENUM : glDiscardFramebufferEXT: attachments was GL_COLOR_EXT
06-28 17:10:45.570 15936 15949 E WPROF   : {"Javascript": {"url": "https://app-sj02.marketo.com/js/forms2/js/forms2.min.js", "requestTime": 30922.625831}}
06-28 17:10:45.653 15862 15914 E chromium: [ERROR:gles2_cmd_decoder.cc(3852)] [.ChromiumCompositor-0xacbb2fc0]GL ERROR :GL_INVALID_ENUM : glDiscardFramebufferEXT: attachments was GL_COLOR_EXT
06-28 17:10:46.042 15862 15914 E chromium: [ERROR:gles2_cmd_decoder.cc(3852)] [.ChromiumCompositor-0xacbb2fc0]GL ERROR :GL_INVALID_ENUM : glDiscardFramebufferEXT: attachments was GL_COLOR_EXT
06-28 17:10:46.199 15862 15914 E chromium: [ERROR:gles2_cmd_decoder.cc(3852)] [.ChromiumCompositor-0xacbb2fc0]GL ERROR :GL_INVALID_ENUM : glDiscardFramebufferEXT: attachments was GL_COLOR_EXT
06-28 17:10:46.240 15862 15914 E chromium: [ERROR:gles2_cmd_decoder.cc(3852)] [.ChromiumCompositor-0xacbb2fc0]GL ERROR :GL_INVALID_ENUM : glDiscardFramebufferEXT: attachments was GL_COLOR_EXT
06-28 17:10:46.307 15862 15914 E chromium: [ERROR:gles2_cmd_decoder.cc(3852)] [.ChromiumCompositor-0xacbb2fc0]GL ERROR :GL_INVALID_ENUM : glDiscardFramebufferEXT: attachments was GL_COLOR_EXT
06-28 17:10:48.586 15936 15949 E WPROF   : {"Javascript": {"url": "http://cdn.justuno.com/mwgt_3.6.js", "requestTime": 30925.641782}}
06-28 17:10:48.820 15862 15914 E chromium: [ERROR:gles2_cmd_decoder.cc(3852)] [.ChromiumCompositor-0xacbb2fc0]GL ERROR :GL_INVALID_ENUM : glDiscardFramebufferEXT: attachments was GL_COLOR_EXT
06-28 17:10:48.875 15862 15914 E chromium: [ERROR:gles2_cmd_decoder.cc(3852)] [.ChromiumCompositor-0xacbb2fc0]GL ERROR :GL_INVALID_ENUM : glDiscardFramebufferEXT: attachments was GL_COLOR_EXT
06-28 17:10:49.042 15862 15914 E chromium: [ERROR:gles2_cmd_decoder.cc(3852)] [.ChromiumCompositor-0xacbb2fc0]GL ERROR :GL_INVALID_ENUM : glDiscardFramebufferEXT: attachments was GL_COLOR_EXT
06-28 17:10:49.280 15936 15949 E WPROF   : {"Javascript": {"url": "https://cdn.syndication.twimg.com/widgets/followbutton/info.json?callback=__twttr.setFollowersCountAndFollowing&lang=en&screen_names=sengineland", "requestTime": 30926.335535}}
06-28 17:10:49.726 15862 15914 E chromium: [ERROR:gles2_cmd_decoder.cc(3852)] [.ChromiumCompositor-0xacbb2fc0]GL ERROR :GL_INVALID_ENUM : glDiscardFramebufferEXT: attachments was GL_COLOR_EXT
06-28 17:10:49.749 15936 15949 E WProf.db: {"page": "searchengineland.com_seo-missing-piece-brand-protection-276652"}
06-28 17:10:49.749 15936 15949 E WProf.db: {"DOMLoad": 30926.804637}
06-28 17:10:49.749 15936 15949 E WProf.db: {"Resource": {"id": 1, "url": "http://searchengineland.com/seo-missing-piece-brand-protection-276652", "sentTime": -1.000000, "len": 95595, "from": "0x0", "mimeType": "text/html", "contentLength": -1, "httpStatus": 200, "connId": 20, "connReused": 1, "cached": 0,"requestTime": 30913.525695, "proxyStart": -1, "proxyEnd": -1, "dnsStart": -1, "dnsEnd": -1, "connectStart": 0, "connectEnd": 74, "sendStart": 74, "sendEnd": 74, "receiveHeadersEnd": 251, "sslStart": -1, "sslEnd": -1}}
06-28 17:10:49.749 15936 15949 E WProf.db: {"ReceivedChunk": {"receivedTime": 30913.803251, "len": 12644}}
06-28 17:10:49.749 15936 15949 E WProf.db: {"ReceivedChunk": {"receivedTime": 30913.894172, "len": 32768}}
06-28 17:10:49.749 15936 15949 E WProf.db: {"ReceivedChunk": {"receivedTime": 30913.894609, "len": 22755}}
06-28 17:10:49.749 15936 15949 E WProf.db: {"ReceivedChunk": {"receivedTime": 30913.962710, "len": 27428}}
06-28 17:10:49.749 15936 15949 E WProf.db: {"WprofHTMLTag": {"code": "0xaeddd630", "doc": "http://searchengineland.com/seo-missing-piece-brand-protection-276652", "row": 6, "column": 42, "tagName": "html", "time": 30913.895197, "url": "", "pos": 1, "chunkLen": 1, "isStartTag": 1}}
06-28 17:10:49.749 15936 15949 E WProf.db: {"WprofHTMLTag": {"code": "0xaf047760", "doc": "http://searchengineland.com/seo-missing-piece-brand-protection-276652", "row": 7, "column": 6, "tagName": "head", "time": 30913.895768, "url": "", "pos": 1, "chunkLen": 1, "isStartTag": 1}}
06-28 17:10:49.749 15936 15949 E WProf.db: {"WprofHTMLTag": {"code": "0xaf047850", "doc": "http://searchengineland.com/seo-missing-piece-brand-protection-276652", "row": 8, "column": 54, "tagName": "meta", "time": 30913.895825, "url": "", "pos": 1, "chunkLen": 1, "isStartTag": 1}}
06-28 17:10:49.750 15936 15949 E WProf.db: {"WprofHTMLTag": {"code": "0xaf047880", "doc": "http://searchengineland.com/seo-missing-piece-brand-protection-276652", "row": 9, "column": 68, "tagName": "meta", "time": 30913.896034, "url": "", "pos": 1, "chunkLen": 1, "isStartTag": 1}}
06-28 17:10:49.750 15936 15949 E WProf.db: {"WprofHTMLTag": {"code": "0xaf0478b0", "doc": "http://searchengineland.com/seo-missing-piece-brand-protection-276652", "row": 10, "column": 23, "tagName": "meta", "time": 30913.896187, "url": "", "pos": 1, "chunkLen": 1, "isStartTag": 1}}
06-28 17:10:49.750 15936 15949 E WProf.db: {"WprofHTMLTag": {"code": "0xaf0478e0", "doc": "http://searchengineland.com/seo-missing-piece-brand-protection-276652", "row": 11, "column": 52, "tagName": "meta", "time": 30913.896357, "url": "", "pos": 1, "chunkLen": 1, "isStartTag": 1}}
06-28 17:10:49.750 15936 15949 E WProf.db: {"WprofHTMLTag": {"code": "0xaf047910", "doc": "http://searchengineland.com/seo-missing-piece-brand-protection-276652", "row": 14, "column": 56, "tagName": "meta", "time": 30913.896522, "url": "", "pos": 1, "chunkLen": 1, "isStartTag": 1}}
06-28 17:10:49.750 15936 15949 E WProf.db: {"WprofHTMLTag": {"code": "0xaf047940", "doc": "http://searchengineland.com/seo-missing-piece-brand-protection-276652", "row": 15, "column": 83, "tagName": "meta", "time": 30913.896668, "url": "", "pos": 1, "chunkLen": 1, "isStartTag": 1}}
06-28 17:10:49.750 15936 15949 E WProf.db: {"WprofHTMLTag": {"code": "0xaf047970", "doc": "http://searchengineland.com/seo-missing-piece-brand-protection-276652", "row": 16, "column": 57, "tagName": "meta", "time": 30913.896809, "url": "", "pos": 1, "chunkLen": 1, "isStartTag": 1}}
06-28 17:10:49.750 15936 15949 E WProf.db: {"WprofHTMLTag": {"code": "0xaf047a00", "doc": "http://searchengineland.com/seo-missing-piece-brand-protection-276652", "row": 17, "column": 41, "tagName": "meta", "time": 30913.896957, "url": "", "pos": 1, "chunkLen": 1, "isStartTag": 1}}
06-28 17:10:49.750 15936 15949 E WProf.db: {"WprofHTMLTag": {"code": "0xaf047a30", "doc": "http://searchengineland.com/seo-missing-piece-brand-protection-276652", "row": 18, "column": 50, "tagName": "meta", "time": 30913.897133, "url": "", "pos": 1, "chunkLen": 1, "isStartTag": 1}}
06-28 17:10:49.750 15936 15949 E WProf.db: {"WprofHTMLTag": {"code": "0xaf047a60", "doc": "http://searchengineland.com/seo-missing-piece-brand-protection-276652", "row": 19, "column": 174, "tagName": "meta", "time": 30913.897272, "url": "", "pos": 1, "chunkLen": 1, "isStartTag": 1}}
06-28 17:10:49.750 15936 15949 E WProf.db: {"WprofHTMLTag": {"code": "0xaf0479d0", "doc": "http://searchengineland.com/seo-missing-piece-brand-protection-276652", "row": 20, "column": 47, "tagName": "meta", "time": 30913.897425, "url": "", "pos": 1, "chunkLen": 1, "isStartTag": 1}}
06-28 17:10:49.750 15936 15949 E WProf.db: {"WprofHTMLTag": {"code": "0xaf0479a0", "doc": "http://searchengineland.com/seo-missing-piece-brand-protection-276652", "row": 21, "column": 67, "tagName": "meta", "time": 30913.897568, "url": "", "pos": 1, "chunkLen": 1, "isStartTag": 1}}
06-28 17:10:49.750 15936 15949 E WProf.db: {"WprofHTMLTag": {"code": "0xaf047a90", "doc": "http://searchengineland.com/seo-missing-piece-brand-protection-276652", "row": 22, "column": 57, "tagName": "meta", "time": 30913.897710, "url": "", "pos": 1, "chunkLen": 1, "isStartTag": 1}}
06-28 17:10:49.750 15936 15949 E WProf.db: {"WprofHTMLTag": {"code": "0xaf047ac0", "doc": "http://searchengineland.com/seo-missing-piece-brand-protection-276652", "row": 23, "column": 65, "tagName": "meta", "time": 30913.897857, "url": "", "pos": 1, "chunkLen": 1, "isStartTag": 1}}
06-28 17:10:49.750 15936 15949 E WProf.db: {"WprofHTMLTag": {"code": "0xaf047af0", "doc": "http://searchengineland.com/seo-missing-piece-brand-protection-276652", "row": 24, "column": 55, "tagName": "meta", "time": 30913.898000, "url": "", "pos": 1, "chunkLen": 1, "isStartTag": 1}}
06-28 17:10:49.751 15936 15949 E WProf.db: {"WprofHTMLTag": {"code": "0xaf047b20", "doc": "http://searchengineland.com/seo-missing-piece-brand-protection-276652", "row": 25, "column": 71, "tagName": "meta", "time": 30913.898150, "url": "", "pos": 1, "chunkLen": 1, "isStartTag": 1}}
06-28 17:10:49.751 15936 15949 E WProf.db: {"WprofHTMLTag": {"code": "0xaf047b50", "doc": "http://searchengineland.com/seo-missing-piece-brand-protection-276652", "row": 26, "column": 86, "tagName": "meta", "time": 30913.898308, "url": "", "pos": 1, "chunkLen": 1, "isStartTag": 1}}
06-28 17:10:49.751 15936 15949 E WProf.db: {"WprofHTMLTag": {"code": "0xaf047b80", "doc": "http://searchengineland.com/seo-missing-piece-brand-protection-276652", "row": 27, "column": 54, "tagName": "meta", "time": 30913.898453, "url": "", "pos": 1, "chunkLen": 1, "isStartTag": 1}}
06-28 17:10:49.751 15936 15949 E WProf.db: {"WprofHTMLTag": {"code": "0xaf047bb0", "doc": "http://searchengineland.com/seo-missing-piece-brand-protection-276652", "row": 29, "column": 144, "tagName": "meta", "time": 30913.898599, "url": "", "pos": 1, "chunkLen": 1, "isStartTag": 1}}
06-28 17:10:49.752 15862 15914 E chromium: [ERROR:gles2_cmd_decoder.cc(3852)] [.ChromiumCompositor-0xacbb2fc0]GL ERROR :GL_INVALID_ENUM : glDiscardFramebufferEXT: attachments was GL_COLOR_EXT
06-28 17:10:49.751 15936 15949 E WProf.db: {"WprofHTMLTag": {"code": "0xaf047be0", "doc": "http://searchengineland.com/seo-missing-piece-brand-protection-276652", "row": 30, "column": 191, "tagName": "meta", "time": 30913.898747, "url": "", "pos": 1, "chunkLen": 1, "isStartTag": 1}}
06-28 17:10:49.754 15936 15949 E WProf.db: {"WprofHTMLTag": {"code": "0xaf047c10", "doc": "http://searchengineland.com/seo-missing-piece-brand-protection-276652", "row": 31, "column": 55, "tagName": "meta", "time": 30913.898890, "url": "", "pos": 1, "chunkLen": 1, "isStartTag": 1}}
06-28 17:10:49.756 15936 15949 E WProf.db: {"WprofHTMLTag": {"code": "0xaf047c40", "doc": "http://searchengineland.com/seo-missing-piece-brand-protection-276652", "row": 32, "column": 54, "tagName": "meta", "time": 30913.899029, "url": "", "pos": 1, "chunkLen": 1, "isStartTag": 1}}
06-28 17:10:49.756 15936 15949 E WProf.db: {"WprofHTMLTag": {"code": "0xaf047c70", "doc": "http://searchengineland.com/seo-missing-piece-brand-protection-276652", "row": 33, "column": 150, "tagName": "meta", "time": 30913.899184, "url": "", "pos": 1, "chunkLen": 1, "isStartTag": 1}}
06-28 17:10:49.758 15936 15949 E WProf.db: {"WprofHTMLTag": {"code": "0xaf047ca0", "doc": "http://searchengineland.com/seo-missing-piece-brand-protection-276652", "row": 37, "column": 36, "tagName": "script", "time": 30913.899339, "url": "", "pos": 1, "chunkLen": 1, "isStartTag": 1}}
06-28 17:10:49.759 15936 15949 E WProf.db: {"WprofHTMLTag": {"code": "0xaf047cd0", "doc": "http://searchengineland.com/seo-missing-piece-brand-protection-276652", "row": 53, "column": 10, "tagName": "script", "time": 30913.899692, "url": "", "pos": 1, "chunkLen": 1, "isStartTag": 0}}
06-28 17:10:49.759 15936 15949 E WProf.db: {"WprofHTMLTag": {"code": "0xaf047d00", "doc": "http://searchengineland.com/seo-missing-piece-brand-protection-276652", "row": 55, "column": 86, "tagName": "link", "time": 30913.900500, "url": "http://searchengineland.com/apple-touch-icon.png", "pos": 1, "chunkLen": 1, "isStartTag": 1}}
06-28 17:10:49.759 15936 15949 E WProf.db: {"WprofHTMLTag": {"code": "0xaf047d30", "doc": "http://searchengineland.com/seo-missing-piece-brand-protection-276652", "row": 56, "column": 76, "tagName": "link", "time": 30913.900905, "url": "http://searchengineland.com/favicon.ico", "pos": 1, "chunkLen": 1, "isStartTag": 1}}
06-28 17:10:49.759 15936 15949 E WProf.db: {"WprofHTMLTag": {"code": "0xaf047d60", "doc": "http://searchengineland.com/seo-missing-piece-brand-protection-276652", "row": 57, "column": 158, "tagName": "link", "time": 30913.901191, "url": "http://feeds.searchengineland.com/searchengineland", "pos": 1, "chunkLen": 1, "isStartTag": 1}}
06-28 17:10:49.759 15936 15949 E WProf.db: {"WprofHTMLTag": {"code": "0xaf047d90", "doc": "http://searchengineland.com/seo-missing-piece-brand-protection-276652", "row": 58, "column": 149, "tagName": "link", "time": 30913.901588, "url": "http://feeds.searchengineland.com/searchcap", "pos": 1, "chunkLen": 1, "isStartTag": 1}}
06-28 17:10:49.759 15936 15949 E WProf.db: {"WprofHTMLTag": {"code": "0xaf047dc0", "doc": "http://searchengineland.com/seo-missing-piece-brand-protection-276652", "row": 59, "column": 150, "tagName": "link", "time": 30913.901994, "url": "http://searchengineland.com/figz/wp-content/themes/searchengineland/css/searchengineland-bootstrap.css", "pos": 1, "chunkLen": 1, "isStartTag": 1}}
06-28 17:10:49.759 15936 15949 E WProf.db: {"WprofHTMLTag": {"code": "0xaf047e20", "doc": "http://searchengineland.com/seo-missing-piece-brand-protection-276652", "row": 60, "column": 105, "tagName": "link", "time": 30913.902866, "url": "http://fonts.googleapis.com/css?family=Oswald:300,400,700", "pos": 1, "chunkLen": 1, "isStartTag": 1}}
06-28 17:10:49.760 15936 15949 E WProf.db: {"WprofHTMLTag": {"code": "0xaf047e80", "doc": "http://searchengineland.com/seo-missing-piece-brand-protection-276652", "row": 61, "column": 125, "tagName": "link", "time": 30913.903647, "url": "http://searchengineland.com/figz/wp-content/themes/searchengineland/style.css", "pos": 1, "chunkLen": 1, "isStartTag": 1}}
06-28 17:10:49.760 15936 15949 E WProf.db: {"WprofHTMLTag": {"code": "0xaf047ee0", "doc": "http://searchengineland.com/seo-missing-piece-brand-protection-276652", "row": 65, "column": 7, "tagName": "title", "time": 30913.904465, "url": "", "pos": 1, "chunkLen": 1, "isStartTag": 1}}
06-28 17:10:49.764 15936 15949 E WProf.db: {"WprofHTMLTag": {"code": "0xaf047f10", "doc": "http://searchengineland.com/seo-missing-piece-brand-protection-276652", "row": 65, "column": 57, "tagName": "title", "time": 30913.904804, "url": "", "pos": 1, "chunkLen": 1, "isStartTag": 0}}
06-28 17:10:49.764 15936 15949 E WProf.db: {"WprofHTMLTag": {"code": "0xaf047f40", "doc": "http://searchengineland.com/seo-missing-piece-brand-protection-276652", "row": 66, "column": 193, "tagName": "meta", "time": 30913.904836, "url": "", "pos": 1, "chunkLen": 1, "isStartTag": 1}}
06-28 17:10:49.765 15936 15949 E WProf.db: {"WprofHTMLTag": {"code": "0xaf047f70", "doc": "http://searchengineland.com/seo-missing-piece-brand-protection-276652", "row": 67, "column": 145, "tagName": "meta", "time": 30913.905013, "url": "", "pos": 1, "chunkLen": 1, "isStartTag": 1}}
06-28 17:10:49.765 15936 15949 E WProf.db: {"WprofHTMLTag": {"code": "0xaf047fa0", "doc": "http://searchengineland.com/seo-missing-piece-brand-protection-276652", "row": 68, "column": 111, "tagName": "meta", "time": 30913.905164, "url": "", "pos": 1, "chunkLen": 1, "isStartTag": 1}}
06-28 17:10:49.765 15936 15949 E WProf.db: {"WprofHTMLTag": {"code": "0xaf047fd0", "doc": "http://searchengineland.com/seo-missing-piece-brand-protection-276652", "row": 69, "column": 37, "tagName": "meta", "time": 30913.905325, "url": "", "pos": 1, "chunkLen": 1, "isStartTag": 1}}
06-28 17:10:49.765 15936 15949 E WProf.db: {"WprofHTMLTag": {"code": "0xb4cc74b0", "doc": "http://searchengineland.com/seo-missing-piece-brand-protection-276652", "row": 70, "column": 101, "tagName": "link", "time": 30913.905488, "url": "http://searchengineland.com/seo-missing-piece-brand-protection-276652", "pos": 1, "chunkLen": 1, "isStartTag": 1}}
06-28 17:10:49.765 15936 15949 E WProf.db: {"WprofHTMLTag": {"code": "0xb4cc7540", "doc": "http://searchengineland.com/seo-missing-piece-brand-protection-276652", "row": 71, "column": 76, "tagName": "link", "time": 30913.905789, "url": "https://plus.google.com/103218677032751327334", "pos": 1, "chunkLen": 1, "isStartTag": 1}}
06-28 17:10:49.765 15936 15949 E WProf.db: {"WprofHTMLTag": {"code": "0xb4cc78a0", "doc": "http://searchengineland.com/seo-missing-piece-brand-protection-276652", "row": 72, "column": 45, "tagName": "meta", "time": 30913.906059, "url": "", "pos": 1, "chunkLen": 1, "isStartTag": 1}}
06-28 17:10:49.765 15936 15949 E WProf.db: {"WprofHTMLTag": {"code": "0xb4cc78d0", "doc": "http://searchengineland.com/seo-missing-piece-brand-protection-276652", "row": 73, "column": 45, "tagName": "meta", "time": 30913.906227, "url": "", "pos": 1, "chunkLen": 1, "isStartTag": 1}}
06-28 17:10:49.766 15936 15949 E WProf.db: {"WprofHTMLTag": {"code": "0xb4cc7900", "doc": "http://searchengineland.com/seo-missing-piece-brand-protection-276652", "row": 74, "column": 81, "tagName": "meta", "time": 30913.906382, "url": "", "pos": 1, "chunkLen": 1, "isStartTag": 1}}
06-28 17:10:49.766 15936 15949 E WProf.db: {"WprofHTMLTag": {"code": "0xb4cc7930", "doc": "http://searchengineland.com/seo-missing-piece-brand-protection-276652", "row": 75, "column": 201, "tagName": "meta", "time": 30913.906546, "url": "", "pos": 1, "chunkLen": 1, "isStartTag": 1}}
06-28 17:10:49.766 15936 15949 E WProf.db: {"WprofHTMLTag": {"code": "0xb4cc7960", "doc": "http://searchengineland.com/seo-missing-piece-brand-protection-276652", "row": 76, "column": 106, "tagName": "meta", "time": 30913.906693, "url": "", "pos": 1, "chunkLen": 1, "isStartTag": 1}}
06-28 17:10:49.766 15936 15949 E WProf.db: {"WprofHTMLTag": {"code": "0xb4cc7990", "doc": "http://searchengineland.com/seo-missing-piece-brand-protection-276652", "row": 77, "column": 61, "tagName": "meta", "time": 30913.906851, "url": "", "pos": 1, "chunkLen": 1, "isStartTag": 1}}
06-28 17:10:49.766 15936 15949 E WProf.db: {"WprofHTMLTag": {"code": "0xb4cc79c0", "doc": "http://searchengineland.com/seo-missing-piece-brand-protection-276652", "row": 78, "column": 89, "tagName": "meta", "time": 30913.907019, "url": "", "pos": 1, "chunkLen": 1, "isStartTag": 1}}
06-28 17:10:49.766 15936 15949 E WProf.db: {"WprofHTMLTag": {"code": "0xb4cc79f0", "doc": "http://searchengineland.com/seo-missing-piece-brand-protection-276652", "row": 79, "column": 67, "tagName": "meta", "time": 30913.907172, "url": "", "pos": 1, "chunkLen": 1, "isStartTag": 1}}
06-28 17:10:49.766 15936 15949 E WProf.db: {"WprofHTMLTag": {"code": "0xb4cc7a20", "doc": "http://searchengineland.com/seo-missing-piece-brand-protection-276652", "row": 80, "column": 78, "tagName": "meta", "time": 30913.907351, "url": "", "pos": 1, "chunkLen": 1, "isStartTag": 1}}
06-28 17:10:49.766 15936 15949 E WProf.db: {"WprofHTMLTag": {"code": "0xb4cc7a50", "doc": "http://searchengineland.com/seo-missing-piece-brand-protection-276652", "row": 81, "column": 77, "tagName": "meta", "time": 30913.907498, "url": "", "pos": 1, "chunkLen": 1, "isStartTag": 1}}
06-28 17:10:49.767 15936 15949 E WProf.db: {"WprofHTMLTag": {"code": "0xb4cc7a80", "doc": "http://searchengineland.com/seo-missing-piece-brand-protection-276652", "row": 82, "column": 71, "tagName": "meta", "time": 30913.907676, "url": "", "pos": 1, "chunkLen": 1, "isStartTag": 1}}
06-28 17:10:49.767 15936 15949 E WProf.db: {"WprofHTMLTag": {"code": "0xb4cc7ab0", "doc": "http://searchengineland.com/seo-missing-piece-brand-protection-276652", "row": 83, "column": 144, "tagName": "meta", "time": 30913.907837, "url": "", "pos": 1, "chunkLen": 1, "isStartTag": 1}}
06-28 17:10:49.767 15936 15949 E WProf.db: {"WprofHTMLTag": {"code": "0xb4cc7ae0", "doc": "http://searchengineland.com/seo-missing-piece-brand-protection-276652", "row": 84, "column": 49, "tagName": "meta", "time": 30913.908017, "url": "", "pos": 1, "chunkLen": 1, "isStartTag": 1}}
06-28 17:10:49.767 15936 15949 E WProf.db: {"WprofHTMLTag": {"code": "0xb4cc7b10", "doc": "http://searchengineland.com/seo-missing-piece-brand-protection-276652", "row": 85, "column": 50, "tagName": "meta", "time": 30913.908180, "url": "", "pos": 1, "chunkLen": 1, "isStartTag": 1}}
06-28 17:10:49.767 15936 15949 E WProf.db: {"WprofHTMLTag": {"code": "0xb4cc7b40", "doc": "http://searchengineland.com/seo-missing-piece-brand-protection-276652", "row": 86, "column": 58, "tagName": "meta", "time": 30913.908352, "url": "", "pos": 1, "chunkLen": 1, "isStartTag": 1}}
06-28 17:10:49.767 15936 15949 E WProf.db: {"WprofHTMLTag": {"code": "0xb4cc7b70", "doc": "http://searchengineland.com/seo-missing-piece-brand-protection-276652", "row": 87, "column": 202, "tagName": "meta", "time": 30913.908512, "url": "", "pos": 1, "chunkLen": 1, "isStartTag": 1}}
06-28 17:10:49.767 15936 15949 E WProf.db: {"WprofHTMLTag": {"code": "0xb4cc7ba0", "doc": "http://searchengineland.com/seo-missing-piece-brand-protection-276652", "row": 88, "column": 82, "tagName": "meta", "time": 30913.908662, "url": "", "pos": 1, "chunkLen": 1, "isStartTag": 1}}
06-28 17:10:49.767 15936 15949 E WProf.db: {"WprofHTMLTag": {"code": "0xb4cc7bd0", "doc": "http://searchengineland.com/seo-missing-piece-brand-protection-276652", "row": 89, "column": 51, "tagName": "meta", "time": 30913.908824, "url": "", "pos": 1, "chunkLen": 1, "isStartTag": 1}}
06-28 17:10:49.768 15936 15949 E WProf.db: {"WprofHTMLTag": {"code": "0xb4cc7c00", "doc": "http://searchengineland.com/seo-missing-piece-brand-protection-276652", "row": 90, "column": 145, "tagName": "meta", "time": 30913.909614, "url": "", "pos": 1, "chunkLen": 1, "isStartTag": 1}}
06-28 17:10:49.768 15936 15949 E WProf.db: {"WprofHTMLTag": {"code": "0xb4cc7c30", "doc": "http://searchengineland.com/seo-missing-piece-brand-protection-276652", "row": 91, "column": 54, "tagName": "meta", "time": 30913.910207, "url": "", "pos": 1, "chunkLen": 1, "isStartTag": 1}}
06-28 17:10:49.768 15936 15949 E WProf.db: {"WprofHTMLTag": {"code": "0xb4cc7c60", "doc": "http://searchengineland.com/seo-missing-piece-brand-protection-276652", "row": 94, "column": 44, "tagName": "link", "time": 30913.910406, "url": "http://s.w.org/", "pos": 1, "chunkLen": 1, "isStartTag": 1}}
06-28 17:10:49.768 15936 15949 E WProf.db: {"WprofHTMLTag": {"code": "0xb4cc7c90", "doc": "http://searchengineland.com/seo-missing-piece-brand-protection-276652", "row": 95, "column": 33, "tagName": "script", "time": 30913.910765, "url": "", "pos": 1, "chunkLen": 1, "isStartTag": 1}}
06-28 17:10:49.768 15936 15949 E WProf.db: {"WprofHTMLTag": {"code": "0xb4cc7cc0", "doc": "http://searchengineland.com/seo-missing-piece-brand-protection-276652", "row": 98, "column": 11, "tagName": "script", "time": 30913.911046, "url": "http://searchengineland.com/figz/wp-includes/js/wp-emoji-release.min.js?ver=4.7.5", "pos": 1, "chunkLen": 1, "isStartTag": 0}}
06-28 17:10:49.768 15936 15949 E WProf.db: {"WprofHTMLTag": {"code": "0x9d268990", "doc": "http://searchengineland.com/seo-missing-piece-brand-protection-276652", "row": 99, "column": 25, "tagName": "style", "time": 30914.538279, "url": "", "pos": 1, "chunkLen": 1, "isStartTag": 1}}
06-28 17:10:49.769 15936 15949 E WProf.db: {"WprofHTMLTag": {"code": "0x9d2689c0", "doc": "http://searchengineland.com/seo-missing-piece-brand-protection-276652", "row": 112, "column": 8, "tagName": "style", "time": 30914.538454, "url": "", "pos": 1, "chunkLen": 1, "isStartTag": 0}}
06-28 17:10:49.769 15936 15949 E WProf.db: {"WprofHTMLTag": {"code": "0x9d2689f0", "doc": "http://searchengineland.com/seo-missing-piece-brand-protection-276652", "row": 113, "column": 140, "tagName": "script", "time": 30914.539981, "url": "http://searchengineland.com/figz/wp-content/themes/searchengineland/js/lib/modernizr.custom.js?ver=1.0", "pos": 1, "chunkLen": 1, "isStartTag": 1}}
06-28 17:10:49.769 15936 15949 E WProf.db: {"WprofHTMLTag": {"code": "0x9d268a20", "doc": "http://searchengineland.com/seo-missing-piece-brand-protection-276652", "row": 113, "column": 149, "tagName": "script", "time": 30914.540265, "url": "", "pos": 1, "chunkLen": 1, "isStartTag": 0}}
06-28 17:10:49.769 15936 15949 E WProf.db: {"WprofHTMLTag": {"code": "0x9d268ab0", "doc": "http://searchengineland.com/seo-missing-piece-brand-protection-276652", "row": 114, "column": 144, "tagName": "script", "time": 30914.546841, "url": "http://searchengineland.com/figz/wp-content/themes/searchengineland/js/lib/jquery-1.11.0.min.js?ver=1.11.0", "pos": 1, "chunkLen": 1, "isStartTag": 1}}
06-28 17:10:49.769 15936 15949 E WProf.db: {"WprofHTMLTag": {"code": "0x9d268ae0", "doc": "http://searchengineland.com/seo-missing-piece-brand-protection-276652", "row": 114, "column": 153, "tagName": "script", "time": 30914.547087, "url": "", "pos": 1, "chunkLen": 1, "isStartTag": 0}}
06-28 17:10:49.769 15936 15949 E WProf.db: {"WprofHTMLTag": {"code": "0xaeddde40", "doc": "http://searchengineland.com/seo-missing-piece-brand-protection-276652", "row": 0, "column": 15, "tagName": "div", "time": 30914.607198, "url": "", "pos": 15, "chunkLen": 44, "isStartTag": 1}}
06-28 17:10:49.769 15936 15949 E WProf.db: {"WprofHTMLTag": {"code": "0xaedddcc0", "doc": "http://searchengineland.com/seo-missing-piece-brand-protection-276652", "row": 0, "column": 21, "tagName": "div", "time": 30914.607327, "url": "", "pos": 21, "chunkLen": 44, "isStartTag": 0}}
06-28 17:10:49.769 15936 15949 E WProf.db: {"WprofHTMLTag": {"code": "0xaeddde10", "doc": "http://searchengineland.com/seo-missing-piece-brand-protection-276652", "row": 0, "column": 38, "tagName": "div", "time": 30914.607386, "url": "", "pos": 38, "chunkLen": 44, "isStartTag": 1}}
06-28 17:10:49.770 15936 15949 E WProf.db: {"WprofHTMLTag": {"code": "0xaedddde0", "doc": "http://searchengineland.com/seo-missing-piece-brand-protection-276652", "row": 0, "column": 44, "tagName": "div", "time": 30914.607493, "url": "", "pos": 44, "chunkLen": 44, "isStartTag": 0}}
06-28 17:10:49.770 15936 15949 E WProf.db: {"WprofHTMLTag": {"code": "0xaedddd80", "doc": "http://searchengineland.com/seo-missing-piece-brand-protection-276652", "row": 0, "column": 13, "tagName": "select", "time": 30914.608772, "url": "", "pos": 13, "chunkLen": 51, "isStartTag": 1}}
06-28 17:10:49.770 15936 15949 E WProf.db: {"WprofHTMLTag": {"code": "0x9d268ba0", "doc": "http://searchengineland.com/seo-missing-piece-brand-protection-276652", "row": 0, "column": 33, "tagName": "option", "time": 30914.608941, "url": "", "pos": 33, "chunkLen": 51, "isStartTag": 1}}
06-28 17:10:49.770 15936 15949 E WProf.db: {"WprofHTMLTag": {"code": "0x9d268bd0", "doc": "http://searchengineland.com/seo-missing-piece-brand-protection-276652", "row": 0, "column": 42, "tagName": "option", "time": 30914.609115, "url": "", "pos": 42, "chunkLen": 51, "isStartTag": 0}}
06-28 17:10:49.770 15936 15949 E WProf.db: {"WprofHTMLTag": {"code": "0x9d268c00", "doc": "http://searchengineland.com/seo-missing-piece-brand-protection-276652", "row": 0, "column": 51, "tagName": "select", "time": 30914.609168, "url": "", "pos": 51, "chunkLen": 51, "isStartTag": 0}}
06-28 17:10:49.770 15936 15949 E WProf.db: {"WprofHTMLTag": {"code": "0x9d268c30", "doc": "http://searchengineland.com/seo-missing-piece-brand-protection-276652", "row": 0, "column": 12, "tagName": "a", "time": 30914.613395, "url": "", "pos": 12, "chunkLen": 16, "isStartTag": 1}}
06-28 17:10:49.770 15936 15949 E WProf.db: {"WprofHTMLTag": {"code": "0x9d268c60", "doc": "http://searchengineland.com/seo-missing-piece-brand-protection-276652", "row": 0, "column": 16, "tagName": "a", "time": 30914.613555, "url": "", "pos": 16, "chunkLen": 16, "isStartTag": 0}}
06-28 17:10:49.771 15936 15949 E WProf.db: {"WprofHTMLTag": {"code": "0x9d268c90", "doc": "http://searchengineland.com/seo-missing-piece-brand-protection-276652", "row": 0, "column": 8, "tagName": "input", "time": 30914.614567, "url": "", "pos": 8, "chunkLen": 8, "isStartTag": 1}}
06-28 17:10:49.771 15936 15949 E WProf.db: {"WprofHTMLTag": {"code": "0x9d268cc0", "doc": "http://searchengineland.com/seo-missing-piece-brand-protection-276652", "row": 0, "column": 9, "tagName": "link", "time": 30914.623354, "url": "", "pos": 9, "chunkLen": 42, "isStartTag": 1}}
06-28 17:10:49.771 15936 15949 E WProf.db: {"WprofHTMLTag": {"code": "0x9d268cf0", "doc": "http://searchengineland.com/seo-missing-piece-brand-protection-276652", "row": 0, "column": 16, "tagName": "table", "time": 30914.623472, "url": "", "pos": 16, "chunkLen": 42, "isStartTag": 1}}
06-28 17:10:49.771 15936 15949 E WProf.db: {"WprofHTMLTag": {"code": "0x9d268d20", "doc": "http://searchengineland.com/seo-missing-piece-brand-protection-276652", "row": 0, "column": 24, "tagName": "table", "time": 30914.623586, "url": "", "pos": 24, "chunkLen": 42, "isStartTag": 0}}
06-28 17:10:49.771 15936 15949 E WProf.db: {"WprofHTMLTag": {"code": "0x9d268d50", "doc": "http://searchengineland.com/seo-missing-piece-brand-protection-276652", "row": 0, "column": 37, "tagName": "a", "time": 30914.623652, "url": "", "pos": 37, "chunkLen": 42, "isStartTag": 1}}
06-28 17:10:49.771 15936 15949 E WProf.db: {"WprofHTMLTag": {"code": "0x9d268d80", "doc": "http://searchengineland.com/seo-missing-piece-brand-protection-276652", "row": 0, "column": 42, "tagName": "a", "time": 30914.623821, "url": "", "pos": 42, "chunkLen": 42, "isStartTag": 0}}
06-28 17:10:49.771 15936 15949 E WProf.db: {"WprofHTMLTag": {"code": "0x9d268e10", "doc": "http://searchengineland.com/seo-missing-piece-brand-protection-276652", "row": 0, "column": 10, "tagName": "textarea", "time": 30914.624930, "url": "", "pos": 10, "chunkLen": 22, "isStartTag": 1}}
06-28 17:10:49.771 15936 15949 E WProf.db: {"WprofHTMLTag": {"code": "0x9d268e40", "doc": "http://searchengineland.com/seo-missing-piece-brand-protection-276652", "row": 0, "column": 22, "tagName": "textarea", "time": 30914.625109, "url": "", "pos": 22, "chunkLen": 22, "isStartTag": 0}}
06-28 17:10:49.772 15936 15949 E WProf.db: {"WprofHTMLTag": {"code": "0x9d268e70", "doc": "http://searchengineland.com/seo-missing-piece-brand-protection-276652", "row": 0, "column": 48, "tagName": "input", "time": 30914.626340, "url": "", "pos": 48, "chunkLen": 48, "isStartTag": 1}}
06-28 17:10:49.772 15936 15949 E WProf.db: {"WprofHTMLTag": {"code": "0x9d268ed0", "doc": "http://searchengineland.com/seo-missing-piece-brand-protection-276652", "row": 0, "column": 9, "tagName": "link", "time": 30914.630654, "url": "", "pos": 9, "chunkLen": 66, "isStartTag": 1}}
06-28 17:10:49.772 15936 15949 E WProf.db: {"WprofHTMLTag": {"code": "0x9d268f00", "doc": "http://searchengineland.com/seo-missing-piece-brand-protection-276652", "row": 0, "column": 16, "tagName": "table", "time": 30914.630767, "url": "", "pos": 16, "chunkLen": 66, "isStartTag": 1}}
06-28 17:10:49.772 15936 15949 E WProf.db: {"WprofHTMLTag": {"code": "0x9d268f30", "doc": "http://searchengineland.com/seo-missing-piece-brand-protection-276652", "row": 0, "column": 24, "tagName": "table", "time": 30914.630837, "url": "", "pos": 24, "chunkLen": 66, "isStartTag": 0}}
06-28 17:10:49.772 15936 15949 E WProf.db: {"WprofHTMLTag": {"code": "0x9d268f60", "doc": "http://searchengineland.com/seo-missing-piece-brand-protection-276652", "row": 0, "column": 37, "tagName": "a", "time": 30914.630900, "url": "", "pos": 37, "chunkLen": 66, "isStartTag": 1}}
06-28 17:10:49.772 15936 15949 E WProf.db: {"WprofHTMLTag": {"code": "0x9d268f90", "doc": "http://searchengineland.com/seo-missing-piece-brand-protection-276652", "row": 0, "column": 42, "tagName": "a", "time": 30914.631082, "url": "", "pos": 42, "chunkLen": 66, "isStartTag": 0}}
06-28 17:10:49.772 15936 15949 E WProf.db: {"WprofHTMLTag": {"code": "0x9d268fc0", "doc": "http://searchengineland.com/seo-missing-piece-brand-protection-276652", "row": 0, "column": 66, "tagName": "input", "time": 30914.631146, "url": "", "pos": 66, "chunkLen": 66, "isStartTag": 1}}
06-28 17:10:49.772 15936 15949 E WProf.db: {"WprofHTMLTag": {"code": "0x9d269050", "doc": "http://searchengineland.com/seo-missing-piece-brand-protection-276652", "row": 0, "column": 9, "tagName": "link", "time": 30914.632864, "url": "", "pos": 9, "chunkLen": 66, "isStartTag": 1}}
06-28 17:10:49.773 15936 15949 E WProf.db: {"WprofHTMLTag": {"code": "0x9d269080", "doc": "http://searchengineland.com/seo-missing-piece-brand-protection-276652", "row": 0, "column": 16, "tagName": "table", "time": 30914.632969, "url": "", "pos": 16, "chunkLen": 66, "isStartTag": 1}}
06-28 17:10:49.773 15936 15949 E WProf.db: {"WprofHTMLTag": {"code": "0x9d2690b0", "doc": "http://searchengineland.com/seo-missing-piece-brand-protection-276652", "row": 0, "column": 24, "tagName": "table", "time": 30914.633035, "url": "", "pos": 24, "chunkLen": 66, "isStartTag": 0}}
06-28 17:10:49.773 15936 15949 E WProf.db: {"WprofHTMLTag": {"code": "0x9d2690e0", "doc": "http://searchengineland.com/seo-missing-piece-brand-protection-276652", "row": 0, "column": 37, "tagName": "a", "time": 30914.633094, "url": "", "pos": 37, "chunkLen": 66, "isStartTag": 1}}
06-28 17:10:49.773 15936 15949 E WProf.db: {"WprofHTMLTag": {"code": "0x9d269110", "doc": "http://searchengineland.com/seo-missing-piece-brand-protection-276652", "row": 0, "column": 42, "tagName": "a", "time": 30914.633262, "url": "", "pos": 42, "chunkLen": 66, "isStartTag": 0}}
06-28 17:10:49.773 15936 15949 E WProf.db: {"WprofHTMLTag": {"code": "0x9d269140", "doc": "http://searchengineland.com/seo-missing-piece-brand-protection-276652", "row": 0, "column": 66, "tagName": "input", "time": 30914.633322, "url": "", "pos": 66, "chunkLen": 66, "isStartTag": 1}}
06-28 17:10:49.773 15936 15949 E WProf.db: {"WprofHTMLTag": {"code": "0x9d2691a0", "doc": "http://searchengineland.com/seo-missing-piece-brand-protection-276652", "row": 0, "column": 9, "tagName": "link", "time": 30914.637520, "url": "", "pos": 9, "chunkLen": 66, "isStartTag": 1}}
06-28 17:10:49.774 15936 15949 E WProf.db: {"WprofHTMLTag": {"code": "0x9d2691d0", "doc": "http://searchengineland.com/seo-missing-piece-brand-protection-276652", "row": 0, "column": 16, "tagName": "table", "time": 30914.637637, "url": "", "pos": 16, "chunkLen": 66, "isStartTag": 1}}
06-28 17:10:49.774 15936 15949 E WProf.db: {"WprofHTMLTag": {"code": "0x9d269200", "doc": "http://searchengineland.com/seo-missing-piece-brand-protection-276652", "row": 0, "column": 24, "tagName": "table", "time": 30914.637714, "url": "", "pos": 24, "chunkLen": 66, "isStartTag": 0}}
06-28 17:10:49.774 15936 15949 E WProf.db: {"WprofHTMLTag": {"code": "0x9d269230", "doc": "http://searchengineland.com/seo-missing-piece-brand-protection-276652", "row": 0, "column": 37, "tagName": "a", "time": 30914.637779, "url": "", "pos": 37, "chunkLen": 66, "isStartTag": 1}}
06-28 17:10:49.774 15936 15949 E WProf.db: {"WprofHTMLTag": {"code": "0x9d269260", "doc": "http://searchengineland.com/seo-missing-piece-brand-protection-276652", "row": 0, "column": 42, "tagName": "a", "time": 30914.637960, "url": "", "pos": 42, "chunkLen": 66, "isStartTag": 0}}
06-28 17:10:49.774 15936 15949 E WProf.db: {"WprofHTMLTag": {"code": "0x9d269290", "doc": "http://searchengineland.com/seo-missing-piece-brand-protection-276652", "row": 0, "column": 66, "tagName": "input", "time": 30914.638029, "url": "", "pos": 66, "chunkLen": 66, "isStartTag": 1}}
06-28 17:10:49.774 15936 15949 E WProf.db: {"WprofHTMLTag": {"code": "0x9d268a80", "doc": "http://searchengineland.com/seo-missing-piece-brand-protection-276652", "row": 115, "column": 154, "tagName": "script", "time": 30914.649811, "url": "http://searchengineland.com/figz/wp-content/themes/searchengineland/js/lib/jquery-ui-1.10.3.custom.min.js?ver=1.10.3", "pos": 67, "chunkLen": 67, "isStartTag": 1}}
06-28 17:10:49.775 15936 15949 E WProf.db: {"WprofHTMLTag": {"code": "0x9d2693b0", "doc": "http://searchengineland.com/seo-missing-piece-brand-protection-276652", "row": 115, "column": 163, "tagName": "script", "time": 30914.650135, "url": "", "pos": 67, "chunkLen": 67, "isStartTag": 0}}
06-28 17:10:49.775 15936 15949 E WProf.db: {"WprofHTMLTag": {"code": "0xaedddb70", "doc": "http://searchengineland.com/seo-missing-piece-brand-protection-276652", "row": 0, "column": 111, "tagName": "div", "time": 30914.882850, "url": "", "pos": 111, "chunkLen": 117, "isStartTag": 1}}
06-28 17:10:49.775 15936 15949 E WProf.db: {"WprofHTMLTag": {"code": "0xaedddf60", "doc": "http://searchengineland.com/seo-missing-piece-brand-protection-276652", "row": 0, "column": 117, "tagName": "div", "time": 30914.883070, "url": "", "pos": 117, "chunkLen": 117, "isStartTag": 0}}
06-28 17:10:49.775 15936 15949 E WProf.db: {"WprofHTMLTag": {"code": "0x9d269680", "doc": "http://searchengineland.com/seo-missing-piece-brand-protection-276652", "row": 116, "column": 155, "tagName": "script", "time": 30914.909920, "url": "http://searchengineland.com/figz/wp-content/themes/searchengineland/js/lib/jquery.ba-throttle-debounce.min.js?ver=1.1", "pos": 118, "chunkLen": 118, "isStartTag": 1}}
