--------- beginning of main
06-28 15:17:58.889  3449  3449 E Finsky  : [1] com.google.android.finsky.wear.bl.a(3): onConnectionFailed: ConnectionResult{statusCode=API_UNAVAILABLE, resolution=null, message=null}
--------- beginning of system
06-28 15:18:00.104  3196  3196 E chromium: [ERROR:shell_integration_android.cc(12)] Not implemented reached in static ShellIntegration::DefaultWebClientSetPermission ShellIntegration::CanSetAsDefaultBrowser()
06-28 15:18:00.107  3196  3196 E chromium: [ERROR:browser_process_impl.cc(720)] Not implemented reached in virtual BackgroundModeManager* BrowserProcessImpl::background_mode_manager()
06-28 15:18:00.371  3218   673 E AudioRecord-JNI: Error -4 during AudioRecord native read
06-28 15:18:02.919  3196  3265 E chromium: [ERROR:gles2_cmd_decoder.cc(3852)] [.ChromiumCompositor-0xacbb2fc0]GL ERROR :GL_INVALID_ENUM : glDiscardFramebufferEXT: attachments was GL_COLOR_EXT
06-28 15:18:03.224  3288  3301 E WPROF   : {"CSS": {"url": "http://searchengineland.com/figz/wp-content/themes/searchengineland/css/searchengineland-bootstrap.css", "requestTime": 24160.279817}}
06-28 15:18:03.225  3288  3301 E WPROF   : {"CSS": {"url": "http://fonts.googleapis.com/css?family=Oswald:300,400,700", "requestTime": 24160.280631}}
06-28 15:18:03.226  3288  3301 E WPROF   : {"CSS": {"url": "http://searchengineland.com/figz/wp-content/themes/searchengineland/style.css", "requestTime": 24160.281445}}
06-28 15:18:03.235  3288  3301 E WPROF   : {"Javascript": {"url": "http://searchengineland.com/figz/wp-content/themes/searchengineland/js/lib/modernizr.custom.js?ver=1.0", "requestTime": 24160.290437}}
06-28 15:18:03.235  3288  3301 E WPROF   : {"Javascript": {"url": "http://searchengineland.com/figz/wp-content/themes/searchengineland/js/lib/jquery-1.11.0.min.js?ver=1.11.0", "requestTime": 24160.290956}}
06-28 15:18:03.244  3288  3301 E WPROF   : {"Javascript": {"url": "http://searchengineland.com/figz/wp-content/themes/searchengineland/js/lib/jquery-ui-1.10.3.custom.min.js?ver=1.10.3", "requestTime": 24160.300085}}
06-28 15:18:03.245  3288  3301 E WPROF   : {"Javascript": {"url": "http://searchengineland.com/figz/wp-content/themes/searchengineland/js/lib/jquery.ba-throttle-debounce.min.js?ver=1.1", "requestTime": 24160.300717}}
06-28 15:18:03.246  3288  3301 E WPROF   : {"Javascript": {"url": "http://searchengineland.com/figz/wp-content/themes/searchengineland/js/lib/jquery.countdown.min.js?ver=2.0.4", "requestTime": 24160.301773}}
06-28 15:18:03.247  3288  3301 E WPROF   : {"Javascript": {"url": "http://static.chartbeat.com/js/chartbeat_mab.js", "requestTime": 24160.302410}}
06-28 15:18:03.628  3288  3301 E WPROF   : {"Javascript": {"url": "http://searchengineland.com/figz/wp-includes/js/wp-emoji-release.min.js?ver=4.7.5", "requestTime": 24160.683483}}
06-28 15:18:04.077  3288  3301 E WPROF   : {"Javascript": {"url": "http://www.googletagservices.com/tag/js/gpt.js", "requestTime": 24161.132632}}
06-28 15:18:04.083  3288  3301 E WPROF   : {"Javascript": {"url": "https://www.google-analytics.com/analytics.js", "requestTime": 24161.138530}}
06-28 15:18:04.091  3288  3301 E WPROF   : {"Javascript": {"url": "http://edge.quantserve.com/quant.js", "requestTime": 24161.146988}}
06-28 15:18:04.097  3288  3301 E WPROF   : {"Javascript": {"url": "https://connect.facebook.net/en_US/fbevents.js", "requestTime": 24161.152703}}
06-28 15:18:04.201  3196  3265 E chromium: [ERROR:gles2_cmd_decoder.cc(3852)] [.ChromiumCompositor-0xacbb2fc0]GL ERROR :GL_INVALID_ENUM : glDiscardFramebufferEXT: attachments was GL_COLOR_EXT
06-28 15:18:04.241  3288  3301 E WPROF   : {"Javascript": {"url": "http://app-sj02.marketo.com/js/forms2/js/forms2.min.js", "requestTime": 24161.296394}}
06-28 15:18:04.359  3196  3265 E chromium: [ERROR:gles2_cmd_decoder.cc(3852)] [.ChromiumCompositor-0xacbb2fc0]GL ERROR :GL_INVALID_ENUM : glDiscardFramebufferEXT: attachments was GL_COLOR_EXT
06-28 15:18:04.367  3288  3301 E WPROF   : {"Javascript": {"url": "https://connect.facebook.net/signals/config/423979991297359?v=2.7.17", "requestTime": 24161.422738}}
06-28 15:18:04.516  3288  3301 E WPROF   : {"Javascript": {"url": "http://app-sj02.marketo.com/index.php/form/getForm?munchkinId=727-ZQE-044&form=5691&url=http%3A%2F%2Fsearchengineland.com%2Fseo-movie-aims-trace-rise-internet-marketing-277463&callback=jQuery110208616311531513929_1498630684453&_=1498630684454", "requestTime": 24161.571267}}
06-28 15:18:04.533  3288  3301 E WPROF   : {"Javascript": {"url": "http://app-sj02.marketo.com/index.php/form/getForm?munchkinId=727-ZQE-044&form=5685&url=http%3A%2F%2Fsearchengineland.com%2Fseo-movie-aims-trace-rise-internet-marketing-277463&callback=jQuery110208616311531513929_1498630684455&_=1498630684456", "requestTime": 24161.588314}}
06-28 15:18:04.595  3288  3301 E WPROF   : {"Javascript": {"url": "https://securepubads.g.doubleclick.net/gpt/pubads_impl_121.js", "requestTime": 24161.650793}}
06-28 15:18:04.730  3288  3301 E WPROF   : {"Javascript": {"url": "http://app-sj02.marketo.com/index.php/form/getForm?munchkinId=727-ZQE-044&form=5673&url=http%3A%2F%2Fsearchengineland.com%2Fseo-movie-aims-trace-rise-internet-marketing-277463&callback=jQuery110208616311531513929_1498630684457&_=1498630684458", "requestTime": 24161.786155}}
06-28 15:18:04.738  3288  3301 E WPROF   : {"Javascript": {"url": "http://searchengineland.com/js/ga_social_tracking.js", "requestTime": 24161.793475}}
06-28 15:18:04.739  3288  3301 E WPROF   : {"Javascript": {"url": "http://s7.addthis.com/js/300/addthis_widget.js#pubid=ra-53e918f660794f37", "requestTime": 24161.794874}}
06-28 15:18:04.818  3196  3265 E chromium: [ERROR:gles2_cmd_decoder.cc(3852)] [.ChromiumCompositor-0xacbb2fc0]GL ERROR :GL_INVALID_ENUM : glDiscardFramebufferEXT: attachments was GL_COLOR_EXT
06-28 15:18:05.208  3196  3265 E chromium: [ERROR:gles2_cmd_decoder.cc(3852)] [.ChromiumCompositor-0xacbb2fc0]GL ERROR :GL_INVALID_ENUM : glDiscardFramebufferEXT: attachments was GL_COLOR_EXT
06-28 15:18:05.601   862  1657 E LocSvc_IzatApiV02: E/virtual int izat_core::IzatApiV02::getBatchSize(int32_t):522]: Error : st = 4, ind.status = -1628389555
06-28 15:18:05.601   862  1657 E LocSvc_IzatApiV02: E/virtual int izat_core::IzatApiV02::getBatchSize(int32_t):535]: get batching size failed.Or modem does not support batching 
06-28 15:18:05.610   862  1657 E LocSvc_IzatApiV02: E/virtual int izat_core::IzatApiV02::getBatchSize(int32_t):522]: Error : st = 4, ind.status = -1628389555
06-28 15:18:05.610   862  1657 E LocSvc_IzatApiV02: E/virtual int izat_core::IzatApiV02::getBatchSize(int32_t):535]: get batching size failed.Or modem does not support batching 
06-28 15:18:05.641   862  1657 E LocSvc_IzatApiV02: E/virtual int izat_core::IzatApiV02::getBatchSize(int32_t):522]: Error : st = 4, ind.status = -1628389555
06-28 15:18:05.641   862  1657 E LocSvc_IzatApiV02: E/virtual int izat_core::IzatApiV02::getBatchSize(int32_t):535]: get batching size failed.Or modem does not support batching 
06-28 15:18:05.652   862  1657 E LocSvc_IzatApiV02: E/virtual int izat_core::IzatApiV02::getBatchSize(int32_t):522]: Error : st = 4, ind.status = -1628389555
06-28 15:18:05.652   862  1657 E LocSvc_IzatApiV02: E/virtual int izat_core::IzatApiV02::getBatchSize(int32_t):535]: get batching size failed.Or modem does not support batching 
06-28 15:18:05.719  3288  3301 E WPROF   : {"Javascript": {"url": "https://securepubads.g.doubleclick.net/gampad/ads?gdfp_req=1&correlator=3850713508610048&output=json_html&callback=googletag.impl.pubads.callbackProxy1&impl=fifs&json_a=1&eid=108809080%2C108809107&sc=0&sfv=1-0-9&iu_parts=1038259%2Csel-ciu-1%2Csel-ciu-2%2Csel-ciu-3%2Csel-ciu-4%2Csel-ciu-5%2Cch-seo-le", "requestTime": 24162.774857}}
06-28 15:18:05.739  3288  3301 E WPROF   : {"CSS": {"url": "http://app-sj02.marketo.com/js/forms2/css/forms2.css", "requestTime": 24162.795093}}
06-28 15:18:05.742  3288  3301 E WPROF   : {"CSS": {"url": "http://app-sj02.marketo.com/js/forms2/css/forms2-theme-simple.css", "requestTime": 24162.797956}}
06-28 15:18:05.790  3288  3301 E WPROF   : {"Javascript": {"url": "https://static.xx.fbcdn.net/rsrc.php/v3iy6L4/yF/l/ko_KR/w3AiswiqjrJ.js", "requestTime": 24162.845246}}
06-28 15:18:05.818  3288  3301 E WPROF   : {"CSS": {"url": "https://www.youtube.com/yts/cssbin/www-embed-player-sprite-mode-vfl5G4Xm8.css", "requestTime": 24162.873450}}
06-28 15:18:05.819  3288  3301 E WPROF   : {"Javascript": {"url": "https://www.youtube.com/yts/jsbin/www-embed-player-vfl_UY_j8/www-embed-player.js", "requestTime": 24162.874576}}
06-28 15:18:05.819  3288  3301 E WPROF   : {"Javascript": {"url": "https://www.youtube.com/yts/jsbin/player-vflo1w4O-/ko_KR/base.js", "requestTime": 24162.875051}}
06-28 15:18:05.915  3196  3265 E chromium: [ERROR:gles2_cmd_decoder.cc(3852)] [.ChromiumCompositor-0xacbb2fc0]GL ERROR :GL_INVALID_ENUM : glDiscardFramebufferEXT: attachments was GL_COLOR_EXT
06-28 15:18:06.123  3288  3301 E WPROF   : {"Javascript": {"url": "http://cdn.api.twitter.com/1/users/show.json?screen_name=mattmcgee&callback=twttr.setFollowersCount", "requestTime": 24163.179167}}
06-28 15:18:06.592  3288  3301 E WPROF   : {"Javascript": {"url": "http://platform.twitter.com/widgets.js", "requestTime": 24163.647619}}
06-28 15:18:06.594  3288  3301 E WPROF   : {"Javascript": {"url": "http://connect.facebook.net/en_US/sdk.js", "requestTime": 24163.649934}}
06-28 15:18:06.596  3288  3301 E WPROF   : {"Javascript": {"url": "https://apis.google.com/js/platform.js", "requestTime": 24163.651883}}
06-28 15:18:06.620  3288  3301 E WPROF   : {"Javascript": {"url": "http://rules.quantcount.com/rules-p-5aGizvD82d9hk.js", "requestTime": 24163.675793}}
06-28 15:18:06.623  3288  3301 E WPROF   : {"Javascript": {"url": "http://munchkin.marketo.net/munchkin.js", "requestTime": 24163.679166}}
06-28 15:18:06.786  3196  3265 E chromium: [ERROR:gles2_cmd_decoder.cc(3852)] [.ChromiumCompositor-0xacbb2fc0]GL ERROR :GL_INVALID_ENUM : glDiscardFramebufferEXT: attachments was GL_COLOR_EXT
06-28 15:18:07.058  3288  3301 E WPROF   : {"Javascript": {"url": "http://d2j3qa5nc37287.cloudfront.net/coupon_code1.js", "requestTime": 24164.114070}}
06-28 15:18:07.065  3288  3301 E WPROF   : {"Javascript": {"url": "http://www.googleadservices.com/pagead/conversion.js", "requestTime": 24164.120869}}
06-28 15:18:07.066  3288  3301 E WPROF   : {"Javascript": {"url": "http://searchengineland.com/figz/wp-content/themes/searchengineland/js/script.js?ver=1.0", "requestTime": 24164.121510}}
06-28 15:18:07.066  3288  3301 E WPROF   : {"Javascript": {"url": "http://searchengineland.com/figz/wp-includes/js/wp-embed.min.js?ver=4.7.5", "requestTime": 24164.121941}}
06-28 15:18:07.067  3288  3301 E WPROF   : {"Javascript": {"url": "http://searchengineland.com/figz/wp-content/themes/searchengineland/js/modules/sharing_controls.js", "requestTime": 24164.122343}}
06-28 15:18:07.083  3196  3265 E chromium: [ERROR:gles2_cmd_decoder.cc(3852)] [.ChromiumCompositor-0xacbb2fc0]GL ERROR :GL_INVALID_ENUM : glDiscardFramebufferEXT: attachments was GL_COLOR_EXT
06-28 15:18:07.251  3288  3301 E WPROF   : {"Javascript": {"url": "http://dnn506yrbagrg.cloudfront.net/pages/scripts/0026/4062.js?416286", "requestTime": 24164.307007}}
06-28 15:18:07.717  3196  3265 E chromium: [ERROR:gles2_cmd_decoder.cc(3852)] [.ChromiumCompositor-0xacbb2fc0]GL ERROR :GL_INVALID_ENUM : glDiscardFramebufferEXT: attachments was GL_COLOR_EXT
06-28 15:18:08.542  3288  3301 E WPROF   : {"Javascript": {"url": "https://www.google.com/js/bg/KWBfAnWFESAEEaKKgdYlTHY9ysQaNoQuzeMFqvxDSM8.js", "requestTime": 24165.597758}}
06-28 15:18:08.547  3288  3301 E WPROF   : {"Javascript": {"url": "https://static.doubleclick.net/instream/ad_status.js", "requestTime": 24165.602345}}
06-28 15:18:09.533  3288  3301 E WPROF   : {"Javascript": {"url": "http://m.addthisedge.com/live/boost/ra-53e918f660794f37/_ate.track.config_resp", "requestTime": 24166.588342}}
06-28 15:18:09.597  3288  3301 E WPROF   : {"Javascript": {"url": "http://m.addthis.com/live/red_lojson/300lo.json?si=59534a1ed3c07512&bkl=0&bl=1&pdt=1917&sid=59534a1ed3c07512&pub=ra-53e918f660794f37&rev=v7.15.4-wp&ln=ko&pc=men&cb=0&ab=-&dp=searchengineland.com&fp=seo-movie-aims-trace-rise-internet-marketing-277463&fr=&of=0&pd=0&irt=0&vcl=0&md=0&ct=1&tct=0&abt=0&cd", "requestTime": 24166.652718}}
06-28 15:18:09.794  3196  3265 E chromium: [ERROR:gles2_cmd_decoder.cc(3852)] [.ChromiumCompositor-0xacbb2fc0]GL ERROR :GL_INVALID_ENUM : glDiscardFramebufferEXT: attachments was GL_COLOR_EXT
06-28 15:18:10.437  3288  3301 E WPROF   : {"Javascript": {"url": "https://www.google.com/js/bg/KWBfAnWFESAEEaKKgdYlTHY9ysQaNoQuzeMFqvxDSM8.js", "requestTime": 24167.492720}}
06-28 15:18:10.439  3288  3301 E WPROF   : {"Javascript": {"url": "https://static.doubleclick.net/instream/ad_status.js", "requestTime": 24167.494392}}
06-28 15:18:10.502  3196  3265 E chromium: [ERROR:gles2_cmd_decoder.cc(3852)] [.ChromiumCompositor-0xacbb2fc0]GL ERROR :GL_INVALID_ENUM : glDiscardFramebufferEXT: attachments was GL_COLOR_EXT
06-28 15:18:10.895  3196  3265 E chromium: [ERROR:gles2_cmd_decoder.cc(3852)] [.ChromiumCompositor-0xacbb2fc0]GL ERROR :GL_INVALID_ENUM : glDiscardFramebufferEXT: attachments was GL_COLOR_EXT
06-28 15:18:11.105  3196  3265 E chromium: [ERROR:gles2_cmd_decoder.cc(3852)] [.ChromiumCompositor-0xacbb2fc0]GL ERROR :GL_INVALID_ENUM : glDiscardFramebufferEXT: attachments was GL_COLOR_EXT
06-28 15:18:11.506  3196  3265 E chromium: [ERROR:gles2_cmd_decoder.cc(3852)] [.ChromiumCompositor-0xacbb2fc0]GL ERROR :GL_INVALID_ENUM : glDiscardFramebufferEXT: attachments was GL_COLOR_EXT
06-28 15:18:11.582  3288  3301 E WPROF   : {"Javascript": {"url": "https://tpc.googlesyndication.com/pagead/js/r20170619/r20110914/client/ext/m_window_focus_non_hydra.js", "requestTime": 24168.637246}}
06-28 15:18:11.583  3288  3301 E WPROF   : {"Javascript": {"url": "https://tpc.googlesyndication.com/pagead/js/r20170619/r20110914/activeview/osd_listener.js", "requestTime": 24168.638954}}
06-28 15:18:11.588  3288  3301 E WPROF   : {"Javascript": {"url": "http://pagead2.googlesyndication.com/pagead/osd.js", "requestTime": 24168.644032}}
06-28 15:18:11.669  3288  3301 E WPROF   : {"Javascript": {"url": "http://munchkin.marketo.net/151/munchkin.js", "requestTime": 24168.724909}}
06-28 15:18:11.868  3288  3301 E WPROF   : {"Javascript": {"url": "https://platform.twitter.com/js/button.b731e6c82269f70f6fc53634e044a4c6.js", "requestTime": 24168.923636}}
06-28 15:18:11.940  3288  3301 E WPROF   : {"Javascript": {"url": "http://www.justuno.com/ajax/account_version_check.html?id=828FA275-FF73-401E-AA39-40F5A6FAB6B1", "requestTime": 24168.995418}}
06-28 15:18:12.153  3288  3301 E WPROF   : {"Javascript": {"url": "http://s7.addthis.com/static/layers.4acb6c577b51939661ec.js", "requestTime": 24169.209059}}
06-28 15:18:12.237  3196  3265 E chromium: [ERROR:gles2_cmd_decoder.cc(3852)] [.ChromiumCompositor-0xacbb2fc0]GL ERROR :GL_INVALID_ENUM : glDiscardFramebufferEXT: attachments was GL_COLOR_EXT
06-28 15:18:12.495  3196  3265 E chromium: [ERROR:gles2_cmd_decoder.cc(3852)] [.ChromiumCompositor-0xacbb2fc0]GL ERROR :GL_INVALID_ENUM : glDiscardFramebufferEXT: attachments was GL_COLOR_EXT
06-28 15:18:12.657  3196  3265 E chromium: [ERROR:gles2_cmd_decoder.cc(3852)] [.ChromiumCompositor-0xacbb2fc0]GL ERROR :GL_INVALID_ENUM : glDiscardFramebufferEXT: attachments was GL_COLOR_EXT
06-28 15:18:12.790  3196  3265 E chromium: [ERROR:gles2_cmd_decoder.cc(3852)] [.ChromiumCompositor-0xacbb2fc0]GL ERROR :GL_INVALID_ENUM : glDiscardFramebufferEXT: attachments was GL_COLOR_EXT
06-28 15:18:12.892  3196  3265 E chromium: [ERROR:gles2_cmd_decoder.cc(3852)] [.ChromiumCompositor-0xacbb2fc0]GL ERROR :GL_INVALID_ENUM : glDiscardFramebufferEXT: attachments was GL_COLOR_EXT
06-28 15:18:12.901  3196  3265 E chromium: [ERROR:gles2_cmd_decoder.cc(3852)] [.ChromiumCompositor-0xacbb2fc0]GL ERROR :GL_INVALID_ENUM : glDiscardFramebufferEXT: attachments was GL_COLOR_EXT
06-28 15:18:12.927  3288  3301 E WPROF   : {"Javascript": {"url": "https://app-sj02.marketo.com/js/forms2/js/forms2.min.js", "requestTime": 24169.983038}}
06-28 15:18:14.911  3288  3301 E WPROF   : {"Javascript": {"url": "http://cdn.justuno.com/mwgt_3.6.js", "requestTime": 24171.967199}}
06-28 15:18:15.136  3196  3265 E chromium: [ERROR:gles2_cmd_decoder.cc(3852)] [.ChromiumCompositor-0xacbb2fc0]GL ERROR :GL_INVALID_ENUM : glDiscardFramebufferEXT: attachments was GL_COLOR_EXT
06-28 15:18:15.426  3196  3265 E chromium: [ERROR:gles2_cmd_decoder.cc(3852)] [.ChromiumCompositor-0xacbb2fc0]GL ERROR :GL_INVALID_ENUM : glDiscardFramebufferEXT: attachments was GL_COLOR_EXT
06-28 15:18:15.593  3196  3265 E chromium: [ERROR:gles2_cmd_decoder.cc(3852)] [.ChromiumCompositor-0xacbb2fc0]GL ERROR :GL_INVALID_ENUM : glDiscardFramebufferEXT: attachments was GL_COLOR_EXT
06-28 15:18:15.873  3288  3301 E WPROF   : {"Javascript": {"url": "https://cdn.syndication.twimg.com/widgets/followbutton/info.json?callback=__twttr.setFollowersCountAndFollowing&lang=en&screen_names=sengineland", "requestTime": 24172.928362}}
06-28 15:18:16.281  3196  3265 E chromium: [ERROR:gles2_cmd_decoder.cc(3852)] [.ChromiumCompositor-0xacbb2fc0]GL ERROR :GL_INVALID_ENUM : glDiscardFramebufferEXT: attachments was GL_COLOR_EXT
06-28 15:18:16.432  3196  3265 E chromium: [ERROR:gles2_cmd_decoder.cc(3852)] [.ChromiumCompositor-0xacbb2fc0]GL ERROR :GL_INVALID_ENUM : glDiscardFramebufferEXT: attachments was GL_COLOR_EXT
06-28 15:18:16.832  3288  3301 E WProf.db: {"page": "searchengineland.com_seo-movie-aims-trace-rise-internet-marketing-277463"}
06-28 15:18:16.832  3288  3301 E WProf.db: {"DOMLoad": 24173.887657}
06-28 15:18:16.832  3288  3301 E WProf.db: {"Resource": {"id": 1, "url": "http://searchengineland.com/seo-movie-aims-trace-rise-internet-marketing-277463", "sentTime": -1.000000, "len": 92585, "from": "0x0", "mimeType": "text/html", "contentLength": -1, "httpStatus": 200, "connId": 19, "connReused": 1, "cached": 0,"requestTime": 24159.886019, "proxyStart": -1, "proxyEnd": -1, "dnsStart": -1, "dnsEnd": -1, "connectStart": 0, "connectEnd": 86, "sendStart": 86, "sendEnd": 87, "receiveHeadersEnd": 238, "sslStart": -1, "sslEnd": -1}}
06-28 15:18:16.832  3288  3301 E WProf.db: {"ReceivedChunk": {"receivedTime": 24160.141285, "len": 12453}}
06-28 15:18:16.832  3288  3301 E WProf.db: {"ReceivedChunk": {"receivedTime": 24160.251526, "len": 32768}}
06-28 15:18:16.832  3288  3301 E WProf.db: {"ReceivedChunk": {"receivedTime": 24160.252939, "len": 24756}}
06-28 15:18:16.832  3288  3301 E WProf.db: {"ReceivedChunk": {"receivedTime": 24160.277309, "len": 20260}}
06-28 15:18:16.832  3288  3301 E WProf.db: {"ReceivedChunk": {"receivedTime": 24160.301192, "len": 2348}}
06-28 15:18:16.832  3288  3301 E WProf.db: {"WprofHTMLTag": {"code": "0xaedd8600", "doc": "http://searchengineland.com/seo-movie-aims-trace-rise-internet-marketing-277463", "row": 6, "column": 42, "tagName": "html", "time": 24160.260852, "url": "", "pos": 1, "chunkLen": 1, "isStartTag": 1}}
06-28 15:18:16.833  3288  3301 E WProf.db: {"WprofHTMLTag": {"code": "0xaf047850", "doc": "http://searchengineland.com/seo-movie-aims-trace-rise-internet-marketing-277463", "row": 7, "column": 6, "tagName": "head", "time": 24160.263794, "url": "", "pos": 1, "chunkLen": 1, "isStartTag": 1}}
06-28 15:18:16.833  3288  3301 E WProf.db: {"WprofHTMLTag": {"code": "0xaf047880", "doc": "http://searchengineland.com/seo-movie-aims-trace-rise-internet-marketing-277463", "row": 8, "column": 54, "tagName": "meta", "time": 24160.263995, "url": "", "pos": 1, "chunkLen": 1, "isStartTag": 1}}
06-28 15:18:16.833  3288  3301 E WProf.db: {"WprofHTMLTag": {"code": "0xaf0478b0", "doc": "http://searchengineland.com/seo-movie-aims-trace-rise-internet-marketing-277463", "row": 9, "column": 68, "tagName": "meta", "time": 24160.264686, "url": "", "pos": 1, "chunkLen": 1, "isStartTag": 1}}
06-28 15:18:16.833  3288  3301 E WProf.db: {"WprofHTMLTag": {"code": "0xaf0478e0", "doc": "http://searchengineland.com/seo-movie-aims-trace-rise-internet-marketing-277463", "row": 10, "column": 23, "tagName": "meta", "time": 24160.265651, "url": "", "pos": 1, "chunkLen": 1, "isStartTag": 1}}
06-28 15:18:16.833  3288  3301 E WProf.db: {"WprofHTMLTag": {"code": "0xaf047910", "doc": "http://searchengineland.com/seo-movie-aims-trace-rise-internet-marketing-277463", "row": 11, "column": 52, "tagName": "meta", "time": 24160.266342, "url": "", "pos": 1, "chunkLen": 1, "isStartTag": 1}}
06-28 15:18:16.833  3288  3301 E WProf.db: {"WprofHTMLTag": {"code": "0xaf047940", "doc": "http://searchengineland.com/seo-movie-aims-trace-rise-internet-marketing-277463", "row": 14, "column": 56, "tagName": "meta", "time": 24160.266980, "url": "", "pos": 1, "chunkLen": 1, "isStartTag": 1}}
06-28 15:18:16.833  3288  3301 E WProf.db: {"WprofHTMLTag": {"code": "0xaf047970", "doc": "http://searchengineland.com/seo-movie-aims-trace-rise-internet-marketing-277463", "row": 15, "column": 83, "tagName": "meta", "time": 24160.267563, "url": "", "pos": 1, "chunkLen": 1, "isStartTag": 1}}
06-28 15:18:16.833  3288  3301 E WProf.db: {"WprofHTMLTag": {"code": "0xaf0479a0", "doc": "http://searchengineland.com/seo-movie-aims-trace-rise-internet-marketing-277463", "row": 16, "column": 57, "tagName": "meta", "time": 24160.268100, "url": "", "pos": 1, "chunkLen": 1, "isStartTag": 1}}
06-28 15:18:16.833  3288  3301 E WProf.db: {"WprofHTMLTag": {"code": "0xaf047a30", "doc": "http://searchengineland.com/seo-movie-aims-trace-rise-internet-marketing-277463", "row": 17, "column": 41, "tagName": "meta", "time": 24160.268733, "url": "", "pos": 1, "chunkLen": 1, "isStartTag": 1}}
06-28 15:18:16.833  3288  3301 E WProf.db: {"WprofHTMLTag": {"code": "0xaf047a60", "doc": "http://searchengineland.com/seo-movie-aims-trace-rise-internet-marketing-277463", "row": 18, "column": 50, "tagName": "meta", "time": 24160.269320, "url": "", "pos": 1, "chunkLen": 1, "isStartTag": 1}}
06-28 15:18:16.834  3288  3301 E WProf.db: {"WprofHTMLTag": {"code": "0xaf047a90", "doc": "http://searchengineland.com/seo-movie-aims-trace-rise-internet-marketing-277463", "row": 19, "column": 174, "tagName": "meta", "time": 24160.269897, "url": "", "pos": 1, "chunkLen": 1, "isStartTag": 1}}
06-28 15:18:16.834  3288  3301 E WProf.db: {"WprofHTMLTag": {"code": "0xaf047a00", "doc": "http://searchengineland.com/seo-movie-aims-trace-rise-internet-marketing-277463", "row": 20, "column": 47, "tagName": "meta", "time": 24160.270806, "url": "", "pos": 1, "chunkLen": 1, "isStartTag": 1}}
06-28 15:18:16.834  3288  3301 E WProf.db: {"WprofHTMLTag": {"code": "0xaf0479d0", "doc": "http://searchengineland.com/seo-movie-aims-trace-rise-internet-marketing-277463", "row": 21, "column": 67, "tagName": "meta", "time": 24160.271373, "url": "", "pos": 1, "chunkLen": 1, "isStartTag": 1}}
06-28 15:18:16.834  3288  3301 E WProf.db: {"WprofHTMLTag": {"code": "0xaf047ac0", "doc": "http://searchengineland.com/seo-movie-aims-trace-rise-internet-marketing-277463", "row": 22, "column": 57, "tagName": "meta", "time": 24160.271537, "url": "", "pos": 1, "chunkLen": 1, "isStartTag": 1}}
06-28 15:18:16.834  3288  3301 E WProf.db: {"WprofHTMLTag": {"code": "0xaf047af0", "doc": "http://searchengineland.com/seo-movie-aims-trace-rise-internet-marketing-277463", "row": 23, "column": 65, "tagName": "meta", "time": 24160.271729, "url": "", "pos": 1, "chunkLen": 1, "isStartTag": 1}}
06-28 15:18:16.834  3288  3301 E WProf.db: {"WprofHTMLTag": {"code": "0xaf047b20", "doc": "http://searchengineland.com/seo-movie-aims-trace-rise-internet-marketing-277463", "row": 24, "column": 55, "tagName": "meta", "time": 24160.271883, "url": "", "pos": 1, "chunkLen": 1, "isStartTag": 1}}
06-28 15:18:16.834  3288  3301 E WProf.db: {"WprofHTMLTag": {"code": "0xaf047b50", "doc": "http://searchengineland.com/seo-movie-aims-trace-rise-internet-marketing-277463", "row": 25, "column": 71, "tagName": "meta", "time": 24160.272046, "url": "", "pos": 1, "chunkLen": 1, "isStartTag": 1}}
06-28 15:18:16.834  3288  3301 E WProf.db: {"WprofHTMLTag": {"code": "0xaf047b80", "doc": "http://searchengineland.com/seo-movie-aims-trace-rise-internet-marketing-277463", "row": 26, "column": 86, "tagName": "meta", "time": 24160.272194, "url": "", "pos": 1, "chunkLen": 1, "isStartTag": 1}}
06-28 15:18:16.834  3288  3301 E WProf.db: {"WprofHTMLTag": {"code": "0xaf047bb0", "doc": "http://searchengineland.com/seo-movie-aims-trace-rise-internet-marketing-277463", "row": 27, "column": 54, "tagName": "meta", "time": 24160.272357, "url": "", "pos": 1, "chunkLen": 1, "isStartTag": 1}}
06-28 15:18:16.834  3288  3301 E WProf.db: {"WprofHTMLTag": {"code": "0xaf047be0", "doc": "http://searchengineland.com/seo-movie-aims-trace-rise-internet-marketing-277463", "row": 29, "column": 39, "tagName": "meta", "time": 24160.272514, "url": "", "pos": 1, "chunkLen": 1, "isStartTag": 1}}
06-28 15:18:16.835  3288  3301 E WProf.db: {"WprofHTMLTag": {"code": "0xaf047c10", "doc": "http://searchengineland.com/seo-movie-aims-trace-rise-internet-marketing-277463", "row": 30, "column": 151, "tagName": "meta", "time": 24160.272680, "url": "", "pos": 1, "chunkLen": 1, "isStartTag": 1}}
06-28 15:18:16.835  3288  3301 E WProf.db: {"WprofHTMLTag": {"code": "0xaf047c40", "doc": "http://searchengineland.com/seo-movie-aims-trace-rise-internet-marketing-277463", "row": 31, "column": 55, "tagName": "meta", "time": 24160.272827, "url": "", "pos": 1, "chunkLen": 1, "isStartTag": 1}}
06-28 15:18:16.835  3288  3301 E WProf.db: {"WprofHTMLTag": {"code": "0xaf047c70", "doc": "http://searchengineland.com/seo-movie-aims-trace-rise-internet-marketing-277463", "row": 32, "column": 54, "tagName": "meta", "time": 24160.272988, "url": "", "pos": 1, "chunkLen": 1, "isStartTag": 1}}
06-28 15:18:16.835  3288  3301 E WProf.db: {"WprofHTMLTag": {"code": "0xaf047ca0", "doc": "http://searchengineland.com/seo-movie-aims-trace-rise-internet-marketing-277463", "row": 33, "column": 136, "tagName": "meta", "time": 24160.273145, "url": "", "pos": 1, "chunkLen": 1, "isStartTag": 1}}
06-28 15:18:16.835  3288  3301 E WProf.db: {"WprofHTMLTag": {"code": "0xaf047cd0", "doc": "http://searchengineland.com/seo-movie-aims-trace-rise-internet-marketing-277463", "row": 37, "column": 36, "tagName": "script", "time": 24160.273306, "url": "", "pos": 1, "chunkLen": 1, "isStartTag": 1}}
06-28 15:18:16.835  3288  3301 E WProf.db: {"WprofHTMLTag": {"code": "0xaf047d00", "doc": "http://searchengineland.com/seo-movie-aims-trace-rise-internet-marketing-277463", "row": 53, "column": 10, "tagName": "script", "time": 24160.276411, "url": "", "pos": 1, "chunkLen": 1, "isStartTag": 0}}
06-28 15:18:16.835  3288  3301 E WProf.db: {"WprofHTMLTag": {"code": "0xaedd8660", "doc": "http://searchengineland.com/seo-movie-aims-trace-rise-internet-marketing-277463", "row": 55, "column": 86, "tagName": "link", "time": 24160.277808, "url": "http://searchengineland.com/apple-touch-icon.png", "pos": 1, "chunkLen": 1, "isStartTag": 1}}
06-28 15:18:16.835  3288  3301 E WProf.db: {"WprofHTMLTag": {"code": "0xaedd8630", "doc": "http://searchengineland.com/seo-movie-aims-trace-rise-internet-marketing-277463", "row": 56, "column": 76, "tagName": "link", "time": 24160.278314, "url": "http://searchengineland.com/favicon.ico", "pos": 1, "chunkLen": 1, "isStartTag": 1}}
06-28 15:18:16.835  3288  3301 E WProf.db: {"WprofHTMLTag": {"code": "0xaf047d30", "doc": "http://searchengineland.com/seo-movie-aims-trace-rise-internet-marketing-277463", "row": 57, "column": 158, "tagName": "link", "time": 24160.278619, "url": "http://feeds.searchengineland.com/searchengineland", "pos": 1, "chunkLen": 1, "isStartTag": 1}}
06-28 15:18:16.835  3288  3301 E WProf.db: {"WprofHTMLTag": {"code": "0xaf047d60", "doc": "http://searchengineland.com/seo-movie-aims-trace-rise-internet-marketing-277463", "row": 58, "column": 149, "tagName": "link", "time": 24160.279011, "url": "http://feeds.searchengineland.com/searchcap", "pos": 1, "chunkLen": 1, "isStartTag": 1}}
06-28 15:18:16.835  3288  3301 E WProf.db: {"WprofHTMLTag": {"code": "0xaf047d90", "doc": "http://searchengineland.com/seo-movie-aims-trace-rise-internet-marketing-277463", "row": 59, "column": 150, "tagName": "link", "time": 24160.279411, "url": "http://searchengineland.com/figz/wp-content/themes/searchengineland/css/searchengineland-bootstrap.css", "pos": 1, "chunkLen": 1, "isStartTag": 1}}
06-28 15:18:16.835  3288  3301 E WProf.db: {"WprofHTMLTag": {"code": "0xaf047df0", "doc": "http://searchengineland.com/seo-movie-aims-trace-rise-internet-marketing-277463", "row": 60, "column": 105, "tagName": "link", "time": 24160.280189, "url": "http://fonts.googleapis.com/css?family=Oswald:300,400,700", "pos": 1, "chunkLen": 1, "isStartTag": 1}}
06-28 15:18:16.835  3288  3301 E WProf.db: {"WprofHTMLTag": {"code": "0xaf047e50", "doc": "http://searchengineland.com/seo-movie-aims-trace-rise-internet-marketing-277463", "row": 61, "column": 125, "tagName": "link", "time": 24160.280941, "url": "http://searchengineland.com/figz/wp-content/themes/searchengineland/style.css", "pos": 1, "chunkLen": 1, "isStartTag": 1}}
06-28 15:18:16.835  3288  3301 E WProf.db: {"WprofHTMLTag": {"code": "0xaf047eb0", "doc": "http://searchengineland.com/seo-movie-aims-trace-rise-internet-marketing-277463", "row": 65, "column": 7, "tagName": "title", "time": 24160.281724, "url": "", "pos": 1, "chunkLen": 1, "isStartTag": 1}}
06-28 15:18:16.836  3288  3301 E WProf.db: {"WprofHTMLTag": {"code": "0xaf047ee0", "doc": "http://searchengineland.com/seo-movie-aims-trace-rise-internet-marketing-277463", "row": 65, "column": 86, "tagName": "title", "time": 24160.281828, "url": "", "pos": 1, "chunkLen": 1, "isStartTag": 0}}
06-28 15:18:16.836  3288  3301 E WProf.db: {"WprofHTMLTag": {"code": "0xaf047f10", "doc": "http://searchengineland.com/seo-movie-aims-trace-rise-internet-marketing-277463", "row": 66, "column": 153, "tagName": "meta", "time": 24160.281852, "url": "", "pos": 1, "chunkLen": 1, "isStartTag": 1}}
06-28 15:18:16.836  3288  3301 E WProf.db: {"WprofHTMLTag": {"code": "0xaf047f40", "doc": "http://searchengineland.com/seo-movie-aims-trace-rise-internet-marketing-277463", "row": 67, "column": 40, "tagName": "meta", "time": 24160.282006, "url": "", "pos": 1, "chunkLen": 1, "isStartTag": 1}}
06-28 15:18:16.836  3288  3301 E WProf.db: {"WprofHTMLTag": {"code": "0xaf047f70", "doc": "http://searchengineland.com/seo-movie-aims-trace-rise-internet-marketing-277463", "row": 68, "column": 121, "tagName": "meta", "time": 24160.282150, "url": "", "pos": 1, "chunkLen": 1, "isStartTag": 1}}
06-28 15:18:16.836  3288  3301 E WProf.db: {"WprofHTMLTag": {"code": "0xaf047fa0", "doc": "http://searchengineland.com/seo-movie-aims-trace-rise-internet-marketing-277463", "row": 69, "column": 37, "tagName": "meta", "time": 24160.282311, "url": "", "pos": 1, "chunkLen": 1, "isStartTag": 1}}
06-28 15:18:16.836  3288  3301 E WProf.db: {"WprofHTMLTag": {"code": "0xaf047fd0", "doc": "http://searchengineland.com/seo-movie-aims-trace-rise-internet-marketing-277463", "row": 70, "column": 111, "tagName": "link", "time": 24160.282474, "url": "http://searchengineland.com/seo-movie-aims-trace-rise-internet-marketing-277463", "pos": 1, "chunkLen": 1, "isStartTag": 1}}
06-28 15:18:16.836  3288  3301 E WProf.db: {"WprofHTMLTag": {"code": "0xb4cc74b0", "doc": "http://searchengineland.com/seo-movie-aims-trace-rise-internet-marketing-277463", "row": 71, "column": 76, "tagName": "link", "time": 24160.282812, "url": "https://plus.google.com/103218677032751327334", "pos": 1, "chunkLen": 1, "isStartTag": 1}}
06-28 15:18:16.836  3288  3301 E WProf.db: {"WprofHTMLTag": {"code": "0xb4cc7540", "doc": "http://searchengineland.com/seo-movie-aims-trace-rise-internet-marketing-277463", "row": 72, "column": 45, "tagName": "meta", "time": 24160.283134, "url": "", "pos": 1, "chunkLen": 1, "isStartTag": 1}}
06-28 15:18:16.836  3288  3301 E WProf.db: {"WprofHTMLTag": {"code": "0xb4cc78a0", "doc": "http://searchengineland.com/seo-movie-aims-trace-rise-internet-marketing-277463", "row": 73, "column": 45, "tagName": "meta", "time": 24160.283329, "url": "", "pos": 1, "chunkLen": 1, "isStartTag": 1}}
06-28 15:18:16.836  3288  3301 E WProf.db: {"WprofHTMLTag": {"code": "0xb4cc78d0", "doc": "http://searchengineland.com/seo-movie-aims-trace-rise-internet-marketing-277463", "row": 74, "column": 110, "tagName": "meta", "time": 24160.283501, "url": "", "pos": 1, "chunkLen": 1, "isStartTag": 1}}
06-28 15:18:16.836  3288  3301 E WProf.db: {"WprofHTMLTag": {"code": "0xb4cc7900", "doc": "http://searchengineland.com/seo-movie-aims-trace-rise-internet-marketing-277463", "row": 75, "column": 161, "tagName": "meta", "time": 24160.283678, "url": "", "pos": 1, "chunkLen": 1, "isStartTag": 1}}
06-28 15:18:16.836  3288  3301 E WProf.db: {"WprofHTMLTag": {"code": "0xb4cc7930", "doc": "http://searchengineland.com/seo-movie-aims-trace-rise-internet-marketing-277463", "row": 76, "column": 116, "tagName": "meta", "time": 24160.285600, "url": "", "pos": 1, "chunkLen": 1, "isStartTag": 1}}
06-28 15:18:16.836  3288  3301 E WProf.db: {"WprofHTMLTag": {"code": "0xb4cc7960", "doc": "http://searchengineland.com/seo-movie-aims-trace-rise-internet-marketing-277463", "row": 77, "column": 61, "tagName": "meta", "time": 24160.285811, "url": "", "pos": 1, "chunkLen": 1, "isStartTag": 1}}
06-28 15:18:16.836  3288  3301 E WProf.db: {"WprofHTMLTag": {"code": "0xb4cc7990", "doc": "http://searchengineland.com/seo-movie-aims-trace-rise-internet-marketing-277463", "row": 78, "column": 89, "tagName": "meta", "time": 24160.285974, "url": "", "pos": 1, "chunkLen": 1, "isStartTag": 1}}
06-28 15:18:16.837  3288  3301 E WProf.db: {"WprofHTMLTag": {"code": "0xb4cc79c0", "doc": "http://searchengineland.com/seo-movie-aims-trace-rise-internet-marketing-277463", "row": 79, "column": 58, "tagName": "meta", "time": 24160.286135, "url": "", "pos": 1, "chunkLen": 1, "isStartTag": 1}}
06-28 15:18:16.837  3288  3301 E WProf.db: {"WprofHTMLTag": {"code": "0xb4cc79f0", "doc": "http://searchengineland.com/seo-movie-aims-trace-rise-internet-marketing-277463", "row": 80, "column": 78, "tagName": "meta", "time": 24160.286302, "url": "", "pos": 1, "chunkLen": 1, "isStartTag": 1}}
06-28 15:18:16.837  3288  3301 E WProf.db: {"WprofHTMLTag": {"code": "0xb4cc7a20", "doc": "http://searchengineland.com/seo-movie-aims-trace-rise-internet-marketing-277463", "row": 81, "column": 77, "tagName": "meta", "time": 24160.286445, "url": "", "pos": 1, "chunkLen": 1, "isStartTag": 1}}
06-28 15:18:16.837  3288  3301 E WProf.db: {"WprofHTMLTag": {"code": "0xb4cc7a50", "doc": "http://searchengineland.com/seo-movie-aims-trace-rise-internet-marketing-277463", "row": 82, "column": 71, "tagName": "meta", "time": 24160.286592, "url": "", "pos": 1, "chunkLen": 1, "isStartTag": 1}}
06-28 15:18:16.837  3288  3301 E WProf.db: {"WprofHTMLTag": {"code": "0xb4cc7a80", "doc": "http://searchengineland.com/seo-movie-aims-trace-rise-internet-marketing-277463", "row": 83, "column": 130, "tagName": "meta", "time": 24160.286741, "url": "", "pos": 1, "chunkLen": 1, "isStartTag": 1}}
06-28 15:18:16.837  3288  3301 E WProf.db: {"WprofHTMLTag": {"code": "0xb4cc7ab0", "doc": "http://searchengineland.com/seo-movie-aims-trace-rise-internet-marketing-277463", "row": 84, "column": 49, "tagName": "meta", "time": 24160.286900, "url": "", "pos": 1, "chunkLen": 1, "isStartTag": 1}}
06-28 15:18:16.837  3288  3301 E WProf.db: {"WprofHTMLTag": {"code": "0xb4cc7ae0", "doc": "http://searchengineland.com/seo-movie-aims-trace-rise-internet-marketing-277463", "row": 85, "column": 50, "tagName": "meta", "time": 24160.287065, "url": "", "pos": 1, "chunkLen": 1, "isStartTag": 1}}
06-28 15:18:16.837  3288  3301 E WProf.db: {"WprofHTMLTag": {"code": "0xb4cc7b10", "doc": "http://searchengineland.com/seo-movie-aims-trace-rise-internet-marketing-277463", "row": 86, "column": 58, "tagName": "meta", "time": 24160.287236, "url": "", "pos": 1, "chunkLen": 1, "isStartTag": 1}}
06-28 15:18:16.837  3288  3301 E WProf.db: {"WprofHTMLTag": {"code": "0xb4cc7b40", "doc": "http://searchengineland.com/seo-movie-aims-trace-rise-internet-marketing-277463", "row": 87, "column": 162, "tagName": "meta", "time": 24160.287400, "url": "", "pos": 1, "chunkLen": 1, "isStartTag": 1}}
06-28 15:18:16.837  3288  3301 E WProf.db: {"WprofHTMLTag": {"code": "0xb4cc7b70", "doc": "http://searchengineland.com/seo-movie-aims-trace-rise-internet-marketing-277463", "row": 88, "column": 111, "tagName": "meta", "time": 24160.287561, "url": "", "pos": 1, "chunkLen": 1, "isStartTag": 1}}
06-28 15:18:16.837  3288  3301 E WProf.db: {"WprofHTMLTag": {"code": "0xb4cc7ba0", "doc": "http://searchengineland.com/seo-movie-aims-trace-rise-internet-marketing-277463", "row": 89, "column": 51, "tagName": "meta", "time": 24160.287710, "url": "", "pos": 1, "chunkLen": 1, "isStartTag": 1}}
06-28 15:18:16.837  3288  3301 E WProf.db: {"WprofHTMLTag": {"code": "0xb4cc7bd0", "doc": "http://searchengineland.com/seo-movie-aims-trace-rise-internet-marketing-277463", "row": 90, "column": 131, "tagName": "meta", "time": 24160.287868, "url": "", "pos": 1, "chunkLen": 1, "isStartTag": 1}}
06-28 15:18:16.837  3288  3301 E WProf.db: {"WprofHTMLTag": {"code": "0xb4cc7c00", "doc": "http://searchengineland.com/seo-movie-aims-trace-rise-internet-marketing-277463", "row": 91, "column": 52, "tagName": "meta", "time": 24160.288019, "url": "", "pos": 1, "chunkLen": 1, "isStartTag": 1}}
06-28 15:18:16.837  3288  3301 E WProf.db: {"WprofHTMLTag": {"code": "0xb4cc7c30", "doc": "http://searchengineland.com/seo-movie-aims-trace-rise-internet-marketing-277463", "row": 94, "column": 44, "tagName": "link", "time": 24160.288167, "url": "http://s.w.org/", "pos": 1, "chunkLen": 1, "isStartTag": 1}}
06-28 15:18:16.837  3288  3301 E WProf.db: {"WprofHTMLTag": {"code": "0xb4cc7c60", "doc": "http://searchengineland.com/seo-movie-aims-trace-rise-internet-marketing-277463", "row": 95, "column": 33, "tagName": "script", "time": 24160.288466, "url": "", "pos": 1, "chunkLen": 1, "isStartTag": 1}}
06-28 15:18:16.838  3288  3301 E WProf.db: {"WprofHTMLTag": {"code": "0xb4cc7c90", "doc": "http://searchengineland.com/seo-movie-aims-trace-rise-internet-marketing-277463", "row": 98, "column": 11, "tagName": "script", "time": 24160.289696, "url": "http://searchengineland.com/figz/wp-includes/js/wp-emoji-release.min.js?ver=4.7.5", "pos": 1, "chunkLen": 1, "isStartTag": 0}}
06-28 15:18:16.838  3288  3301 E WProf.db: {"WprofHTMLTag": {"code": "0xaa2bb9c0", "doc": "http://searchengineland.com/seo-movie-aims-trace-rise-internet-marketing-277463", "row": 99, "column": 25, "tagName": "style", "time": 24160.684369, "url": "", "pos": 1, "chunkLen": 1, "isStartTag": 1}}
06-28 15:18:16.838  3288  3301 E WProf.db: {"WprofHTMLTag": {"code": "0xaa2bb9f0", "doc": "http://searchengineland.com/seo-movie-aims-trace-rise-internet-marketing-277463", "row": 112, "column": 8, "tagName": "style", "time": 24160.684656, "url": "", "pos": 1, "chunkLen": 1, "isStartTag": 0}}
06-28 15:18:16.838  3288  3301 E WProf.db: {"WprofHTMLTag": {"code": "0xaa2bba20", "doc": "http://searchengineland.com/seo-movie-aims-trace-rise-internet-marketing-277463", "row": 113, "column": 140, "tagName": "script", "time": 24160.686123, "url": "http://searchengineland.com/figz/wp-content/themes/searchengineland/js/lib/modernizr.custom.js?ver=1.0", "pos": 1, "chunkLen": 1, "isStartTag": 1}}
06-28 15:18:16.838  3288  3301 E WProf.db: {"WprofHTMLTag": {"code": "0xaa2bba50", "doc": "http://searchengineland.com/seo-movie-aims-trace-rise-internet-marketing-277463", "row": 113, "column": 149, "tagName": "script", "time": 24160.686344, "url": "", "pos": 1, "chunkLen": 1, "isStartTag": 0}}
06-28 15:18:16.838  3288  3301 E WProf.db: {"WprofHTMLTag": {"code": "0xaedd8ab0", "doc": "http://searchengineland.com/seo-movie-aims-trace-rise-internet-marketing-277463", "row": 114, "column": 144, "tagName": "script", "time": 24160.695677, "url": "http://searchengineland.com/figz/wp-content/themes/searchengineland/js/lib/jquery-1.11.0.min.js?ver=1.11.0", "pos": 1, "chunkLen": 1, "isStartTag": 1}}
06-28 15:18:16.838  3288  3301 E WProf.db: {"WprofHTMLTag": {"code": "0xaedd8a80", "doc": "http://searchengineland.com/seo-movie-aims-trace-rise-internet-marketing-277463", "row": 114, "column": 153, "tagName": "script", "time": 24160.695925, "url": "", "pos": 1, "chunkLen": 1, "isStartTag": 0}}
06-28 15:18:16.838  3288  3301 E WProf.db: {"WprofHTMLTag": {"code": "0xaedd8e70", "doc": "http://searchengineland.com/seo-movie-aims-trace-rise-internet-marketing-277463", "row": 0, "column": 15, "tagName": "div", "time": 24160.916573, "url": "", "pos": 15, "chunkLen": 44, "isStartTag": 1}}
06-28 15:18:16.838  3288  3301 E WProf.db: {"WprofHTMLTag": {"code": "0xaedd8e40", "doc": "http://searchengineland.com/seo-movie-aims-trace-rise-internet-marketing-277463", "row": 0, "column": 21, "tagName": "div", "time": 24160.916723, "url": "", "pos": 21, "chunkLen": 44, "isStartTag": 0}}
06-28 15:18:16.838  3288  3301 E WProf.db: {"WprofHTMLTag": {"code": "0xaedd8cf0", "doc": "http://searchengineland.com/seo-movie-aims-trace-rise-internet-marketing-277463", "row": 0, "column": 38, "tagName": "div", "time": 24160.916786, "url": "", "pos": 38, "chunkLen": 44, "isStartTag": 1}}
06-28 15:18:16.838  3288  3301 E WProf.db: {"WprofHTMLTag": {"code": "0xaedd8e10", "doc": "http://searchengineland.com/seo-movie-aims-trace-rise-internet-marketing-277463", "row": 0, "column": 44, "tagName": "div", "time": 24160.916902, "url": "", "pos": 44, "chunkLen": 44, "isStartTag": 0}}
06-28 15:18:16.838  3288  3301 E WProf.db: {"WprofHTMLTag": {"code": "0xaedd8d20", "doc": "http://searchengineland.com/seo-movie-aims-trace-rise-internet-marketing-277463", "row": 0, "column": 13, "tagName": "select", "time": 24160.918285, "url": "", "pos": 13, "chunkLen": 51, "isStartTag": 1}}
06-28 15:18:16.838  3288  3301 E WProf.db: {"WprofHTMLTag": {"code": "0xaedd8de0", "doc": "http://searchengineland.com/seo-movie-aims-trace-rise-internet-marketing-277463", "row": 0, "column": 33, "tagName": "option", "time": 24160.918463, "url": "", "pos": 33, "chunkLen": 51, "isStartTag": 1}}
06-28 15:18:16.838  3288  3301 E WProf.db: {"WprofHTMLTag": {"code": "0xaedd8db0", "doc": "http://searchengineland.com/seo-movie-aims-trace-rise-internet-marketing-277463", "row": 0, "column": 42, "tagName": "option", "time": 24160.918654, "url": "", "pos": 42, "chunkLen": 51, "isStartTag": 0}}
06-28 15:18:16.839  3288  3301 E WProf.db: {"WprofHTMLTag": {"code": "0xaa2bbb40", "doc": "http://searchengineland.com/seo-movie-aims-trace-rise-internet-marketing-277463", "row": 0, "column": 51, "tagName": "select", "time": 24160.918713, "url": "", "pos": 51, "chunkLen": 51, "isStartTag": 0}}
06-28 15:18:16.839  3288  3301 E WProf.db: {"WprofHTMLTag": {"code": "0xaa2bbb70", "doc": "http://searchengineland.com/seo-movie-aims-trace-rise-internet-marketing-277463", "row": 0, "column": 12, "tagName": "a", "time": 24160.924164, "url": "", "pos": 12, "chunkLen": 16, "isStartTag": 1}}
06-28 15:18:16.839  3288  3301 E WProf.db: {"WprofHTMLTag": {"code": "0xaa2bbba0", "doc": "http://searchengineland.com/seo-movie-aims-trace-rise-internet-marketing-277463", "row": 0, "column": 16, "tagName": "a", "time": 24160.924324, "url": "", "pos": 16, "chunkLen": 16, "isStartTag": 0}}
06-28 15:18:16.839  3288  3301 E WProf.db: {"WprofHTMLTag": {"code": "0xaa2bbbd0", "doc": "http://searchengineland.com/seo-movie-aims-trace-rise-internet-marketing-277463", "row": 0, "column": 8, "tagName": "input", "time": 24160.925341, "url": "", "pos": 8, "chunkLen": 8, "isStartTag": 1}}
06-28 15:18:16.839  3288  3301 E WProf.db: {"WprofHTMLTag": {"code": "0xaa2bbc00", "doc": "http://searchengineland.com/seo-movie-aims-trace-rise-internet-marketing-277463", "row": 0, "column": 9, "tagName": "link", "time": 24160.934118, "url": "", "pos": 9, "chunkLen": 42, "isStartTag": 1}}
06-28 15:18:16.839  3288  3301 E WProf.db: {"WprofHTMLTag": {"code": "0xaa2bbc30", "doc": "http://searchengineland.com/seo-movie-aims-trace-rise-internet-marketing-277463", "row": 0, "column": 16, "tagName": "table", "time": 24160.934235, "url": "", "pos": 16, "chunkLen": 42, "isStartTag": 1}}
06-28 15:18:16.839  3288  3301 E WProf.db: {"WprofHTMLTag": {"code": "0xaa2bbc60", "doc": "http://searchengineland.com/seo-movie-aims-trace-rise-internet-marketing-277463", "row": 0, "column": 24, "tagName": "table", "time": 24160.934348, "url": "", "pos": 24, "chunkLen": 42, "isStartTag": 0}}
06-28 15:18:16.839  3288  3301 E WProf.db: {"WprofHTMLTag": {"code": "0xaa2bbc90", "doc": "http://searchengineland.com/seo-movie-aims-trace-rise-internet-marketing-277463", "row": 0, "column": 37, "tagName": "a", "time": 24160.934407, "url": "", "pos": 37, "chunkLen": 42, "isStartTag": 1}}
06-28 15:18:16.839  3288  3301 E WProf.db: {"WprofHTMLTag": {"code": "0xaa2bbcc0", "doc": "http://searchengineland.com/seo-movie-aims-trace-rise-internet-marketing-277463", "row": 0, "column": 42, "tagName": "a", "time": 24160.934573, "url": "", "pos": 42, "chunkLen": 42, "isStartTag": 0}}
06-28 15:18:16.839  3288  3301 E WProf.db: {"WprofHTMLTag": {"code": "0xaa2bbd50", "doc": "http://searchengineland.com/seo-movie-aims-trace-rise-internet-marketing-277463", "row": 0, "column": 10, "tagName": "textarea", "time": 24160.935697, "url": "", "pos": 10, "chunkLen": 22, "isStartTag": 1}}
06-28 15:18:16.839  3288  3301 E WProf.db: {"WprofHTMLTag": {"code": "0xaa2bbd80", "doc": "http://searchengineland.com/seo-movie-aims-trace-rise-internet-marketing-277463", "row": 0, "column": 22, "tagName": "textarea", "time": 24160.935910, "url": "", "pos": 22, "chunkLen": 22, "isStartTag": 0}}
06-28 15:18:16.839  3288  3301 E WProf.db: {"WprofHTMLTag": {"code": "0xaa2bbdb0", "doc": "http://searchengineland.com/seo-movie-aims-trace-rise-internet-marketing-277463", "row": 0, "column": 48, "tagName": "input", "time": 24160.937273, "url": "", "pos": 48, "chunkLen": 48, "isStartTag": 1}}
06-28 15:18:16.839  3288  3301 E WProf.db: {"WprofHTMLTag": {"code": "0xaa2bbe10", "doc": "http://searchengineland.com/seo-movie-aims-trace-rise-internet-marketing-277463", "row": 0, "column": 9, "tagName": "link", "time": 24160.941909, "url": "", "pos": 9, "chunkLen": 66, "isStartTag": 1}}
06-28 15:18:16.839  3288  3301 E WProf.db: {"WprofHTMLTag": {"code": "0xaa2bbe40", "doc": "http://searchengineland.com/seo-movie-aims-trace-rise-internet-marketing-277463", "row": 0, "column": 16, "tagName": "table", "time": 24160.942026, "url": "", "pos": 16, "chunkLen": 66, "isStartTag": 1}}
06-28 15:18:16.840  3288  3301 E WProf.db: {"WprofHTMLTag": {"code": "0xaa2bbe70", "doc": "http://searchengineland.com/seo-movie-aims-trace-rise-internet-marketing-277463", "row": 0, "column": 24, "tagName": "table", "time": 24160.942101, "url": "", "pos": 24, "chunkLen": 66, "isStartTag": 0}}
06-28 15:18:16.840  3288  3301 E WProf.db: {"WprofHTMLTag": {"code": "0xaa2bbea0", "doc": "http://searchengineland.com/seo-movie-aims-trace-rise-internet-marketing-277463", "row": 0, "column": 37, "tagName": "a", "time": 24160.942166, "url": "", "pos": 37, "chunkLen": 66, "isStartTag": 1}}
06-28 15:18:16.840  3288  3301 E WProf.db: {"WprofHTMLTag": {"code": "0xaa2bbed0", "doc": "http://searchengineland.com/seo-movie-aims-trace-rise-internet-marketing-277463", "row": 0, "column": 42, "tagName": "a", "time": 24160.942428, "url": "", "pos": 42, "chunkLen": 66, "isStartTag": 0}}
06-28 15:18:16.840  3288  3301 E WProf.db: {"WprofHTMLTag": {"code": "0xaa2bbf00", "doc": "http://searchengineland.com/seo-movie-aims-trace-rise-internet-marketing-277463", "row": 0, "column": 66, "tagName": "input", "time": 24160.942493, "url": "", "pos": 66, "chunkLen": 66, "isStartTag": 1}}
06-28 15:18:16.840  3288  3301 E WProf.db: {"WprofHTMLTag": {"code": "0xaa2bbf90", "doc": "http://searchengineland.com/seo-movie-aims-trace-rise-internet-marketing-277463", "row": 0, "column": 9, "tagName": "link", "time": 24160.944410, "url": "", "pos": 9, "chunkLen": 66, "isStartTag": 1}}
06-28 15:18:16.840  3288  3301 E WProf.db: {"WprofHTMLTag": {"code": "0xaa2bbfc0", "doc": "http://searchengineland.com/seo-movie-aims-trace-rise-internet-marketing-277463", "row": 0, "column": 16, "tagName": "table", "time": 24160.944518, "url": "", "pos": 16, "chunkLen": 66, "isStartTag": 1}}
06-28 15:18:16.840  3288  3301 E WProf.db: {"WprofHTMLTag": {"code": "0xaa2bbff0", "doc": "http://searchengineland.com/seo-movie-aims-trace-rise-internet-marketing-277463", "row": 0, "column": 24, "tagName": "table", "time": 24160.944589, "url": "", "pos": 24, "chunkLen": 66, "isStartTag": 0}}
06-28 15:18:16.840  3288  3301 E WProf.db: {"WprofHTMLTag": {"code": "0xaa2bc020", "doc": "http://searchengineland.com/seo-movie-aims-trace-rise-internet-marketing-277463", "row": 0, "column": 37, "tagName": "a", "time": 24160.944666, "url": "", "pos": 37, "chunkLen": 66, "isStartTag": 1}}
06-28 15:18:16.840  3288  3301 E WProf.db: {"WprofHTMLTag": {"code": "0xaa2bc050", "doc": "http://searchengineland.com/seo-movie-aims-trace-rise-internet-marketing-277463", "row": 0, "column": 42, "tagName": "a", "time": 24160.944833, "url": "", "pos": 42, "chunkLen": 66, "isStartTag": 0}}
06-28 15:18:16.840  3288  3301 E WProf.db: {"WprofHTMLTag": {"code": "0xaa2bc080", "doc": "http://searchengineland.com/seo-movie-aims-trace-rise-internet-marketing-277463", "row": 0, "column": 66, "tagName": "input", "time": 24160.944903, "url": "", "pos": 66, "chunkLen": 66, "isStartTag": 1}}
06-28 15:18:16.840  3288  3301 E WProf.db: {"WprofHTMLTag": {"code": "0xaa2bc0e0", "doc": "http://searchengineland.com/seo-movie-aims-trace-rise-internet-marketing-277463", "row": 0, "column": 9, "tagName": "link", "time": 24160.949466, "url": "", "pos": 9, "chunkLen": 66, "isStartTag": 1}}
