--------- beginning of main
06-28 10:47:06.573  3449  3449 E Finsky  : [1] com.google.android.finsky.wear.bl.a(3): onConnectionFailed: ConnectionResult{statusCode=API_UNAVAILABLE, resolution=null, message=null}
--------- beginning of system
06-28 10:47:07.716  6901  6901 E chromium: [ERROR:shell_integration_android.cc(12)] Not implemented reached in static ShellIntegration::DefaultWebClientSetPermission ShellIntegration::CanSetAsDefaultBrowser()
06-28 10:47:07.720  6901  6901 E chromium: [ERROR:browser_process_impl.cc(720)] Not implemented reached in virtual BackgroundModeManager* BrowserProcessImpl::background_mode_manager()
06-28 10:47:08.035  3218 30601 E AudioRecord-JNI: Error -4 during AudioRecord native read
06-28 10:47:10.578  6901  6948 E chromium: [ERROR:gles2_cmd_decoder.cc(3852)] [.ChromiumCompositor-0xacbb2fc0]GL ERROR :GL_INVALID_ENUM : glDiscardFramebufferEXT: attachments was GL_COLOR_EXT
06-28 10:47:10.831  6968  6981 E WPROF   : {"CSS": {"url": "http://searchengineland.com/figz/wp-content/themes/searchengineland/css/searchengineland-bootstrap.css", "requestTime": 7907.886823}}
06-28 10:47:10.832  6968  6981 E WPROF   : {"CSS": {"url": "http://fonts.googleapis.com/css?family=Oswald:300,400,700", "requestTime": 7907.887336}}
06-28 10:47:10.832  6968  6981 E WPROF   : {"CSS": {"url": "http://searchengineland.com/figz/wp-content/themes/searchengineland/style.css", "requestTime": 7907.887811}}
06-28 10:47:10.836  6968  6981 E WPROF   : {"Javascript": {"url": "http://searchengineland.com/figz/wp-content/themes/searchengineland/js/lib/modernizr.custom.js?ver=1.0", "requestTime": 7907.891916}}
06-28 10:47:10.837  6968  6981 E WPROF   : {"Javascript": {"url": "http://searchengineland.com/figz/wp-content/themes/searchengineland/js/lib/jquery-1.11.0.min.js?ver=1.11.0", "requestTime": 7907.892377}}
06-28 10:47:10.837  6968  6981 E WPROF   : {"Javascript": {"url": "http://searchengineland.com/figz/wp-content/themes/searchengineland/js/lib/jquery-ui-1.10.3.custom.min.js?ver=1.10.3", "requestTime": 7907.892776}}
06-28 10:47:10.837  6968  6981 E WPROF   : {"Javascript": {"url": "http://searchengineland.com/figz/wp-content/themes/searchengineland/js/lib/jquery.ba-throttle-debounce.min.js?ver=1.1", "requestTime": 7907.893143}}
06-28 10:47:10.838  6968  6981 E WPROF   : {"Javascript": {"url": "http://searchengineland.com/figz/wp-content/themes/searchengineland/js/lib/jquery.countdown.min.js?ver=2.0.4", "requestTime": 7907.893543}}
06-28 10:47:10.839  6968  6981 E WPROF   : {"Javascript": {"url": "http://static.chartbeat.com/js/chartbeat_mab.js", "requestTime": 7907.894678}}
06-28 10:47:11.408  6968  6981 E WPROF   : {"Javascript": {"url": "http://searchengineland.com/figz/wp-includes/js/wp-emoji-release.min.js?ver=4.7.5", "requestTime": 7908.463345}}
06-28 10:47:11.741  6968  6981 E WPROF   : {"Javascript": {"url": "http://www.googletagservices.com/tag/js/gpt.js", "requestTime": 7908.796931}}
06-28 10:47:11.747  6968  6981 E WPROF   : {"Javascript": {"url": "https://www.google-analytics.com/analytics.js", "requestTime": 7908.802330}}
06-28 10:47:11.749  6968  6981 E WPROF   : {"Javascript": {"url": "http://edge.quantserve.com/quant.js", "requestTime": 7908.804355}}
06-28 10:47:11.751  6968  6981 E WPROF   : {"Javascript": {"url": "https://connect.facebook.net/en_US/fbevents.js", "requestTime": 7908.806713}}
06-28 10:47:11.813  6901  6948 E chromium: [ERROR:gles2_cmd_decoder.cc(3852)] [.ChromiumCompositor-0xacbb2fc0]GL ERROR :GL_INVALID_ENUM : glDiscardFramebufferEXT: attachments was GL_COLOR_EXT
06-28 10:47:11.826  6968  6981 E WPROF   : {"Javascript": {"url": "http://app-sj02.marketo.com/js/forms2/js/forms2.min.js", "requestTime": 7908.881795}}
06-28 10:47:11.931  6901  6948 E chromium: [ERROR:gles2_cmd_decoder.cc(3852)] [.ChromiumCompositor-0xacbb2fc0]GL ERROR :GL_INVALID_ENUM : glDiscardFramebufferEXT: attachments was GL_COLOR_EXT
06-28 10:47:11.965  6968  6981 E WPROF   : {"Javascript": {"url": "https://connect.facebook.net/signals/config/423979991297359?v=2.7.17", "requestTime": 7909.021002}}
06-28 10:47:12.140  6968  6981 E WPROF   : {"Javascript": {"url": "http://app-sj02.marketo.com/index.php/form/getForm?munchkinId=727-ZQE-044&form=5691&url=http%3A%2F%2Fsearchengineland.com%2Fsmb-websites-matter-anymore-yp-doubles-yes-new-pro-seo-product-276727&callback=jQuery11020835118843941018_1498614432075&_=1498614432076", "requestTime": 7909.195908}}
06-28 10:47:12.156  6968  6981 E WPROF   : {"Javascript": {"url": "http://app-sj02.marketo.com/index.php/form/getForm?munchkinId=727-ZQE-044&form=5685&url=http%3A%2F%2Fsearchengineland.com%2Fsmb-websites-matter-anymore-yp-doubles-yes-new-pro-seo-product-276727&callback=jQuery11020835118843941018_1498614432077&_=1498614432078", "requestTime": 7909.212009}}
06-28 10:47:12.324  6968  6981 E WPROF   : {"Javascript": {"url": "http://app-sj02.marketo.com/index.php/form/getForm?munchkinId=727-ZQE-044&form=5673&url=http%3A%2F%2Fsearchengineland.com%2Fsmb-websites-matter-anymore-yp-doubles-yes-new-pro-seo-product-276727&callback=jQuery11020835118843941018_1498614432079&_=1498614432080", "requestTime": 7909.379638}}
06-28 10:47:12.347  6968  6981 E WPROF   : {"Javascript": {"url": "http://searchengineland.com/js/ga_social_tracking.js", "requestTime": 7909.402237}}
06-28 10:47:12.348  6968  6981 E WPROF   : {"Javascript": {"url": "http://s7.addthis.com/js/300/addthis_widget.js#pubid=ra-53e918f660794f37", "requestTime": 7909.403481}}
06-28 10:47:12.405  6968  6981 E WPROF   : {"Javascript": {"url": "https://securepubads.g.doubleclick.net/gpt/pubads_impl_121.js", "requestTime": 7909.460670}}
06-28 10:47:12.418  6901  6948 E chromium: [ERROR:gles2_cmd_decoder.cc(3852)] [.ChromiumCompositor-0xacbb2fc0]GL ERROR :GL_INVALID_ENUM : glDiscardFramebufferEXT: attachments was GL_COLOR_EXT
06-28 10:47:12.784  6968  6981 E WPROF   : {"Javascript": {"url": "http://cdn.api.twitter.com/1/users/show.json?screen_name=gsterling&callback=twttr.setFollowersCount", "requestTime": 7909.839453}}
06-28 10:47:12.859  6901  6948 E chromium: [ERROR:gles2_cmd_decoder.cc(3852)] [.ChromiumCompositor-0xacbb2fc0]GL ERROR :GL_INVALID_ENUM : glDiscardFramebufferEXT: attachments was GL_COLOR_EXT
06-28 10:47:12.908  6968  6981 E WPROF   : {"CSS": {"url": "http://app-sj02.marketo.com/js/forms2/css/forms2.css", "requestTime": 7909.963997}}
06-28 10:47:12.911  6968  6981 E WPROF   : {"CSS": {"url": "http://app-sj02.marketo.com/js/forms2/css/forms2-theme-simple.css", "requestTime": 7909.967123}}
06-28 10:47:12.990  6968  6981 E WPROF   : {"Javascript": {"url": "https://static.xx.fbcdn.net/rsrc.php/v3iy6L4/yk/l/ko_KR/be4fIjHRc8P.js", "requestTime": 7910.046001}}
06-28 10:47:13.031  6968  6981 E WPROF   : {"Javascript": {"url": "http://www.googleadservices.com/pagead/conversion.js", "requestTime": 7910.086715}}
06-28 10:47:13.031  6968  6981 E WPROF   : {"Javascript": {"url": "http://searchengineland.com/figz/wp-content/themes/searchengineland/js/script.js?ver=1.0", "requestTime": 7910.087132}}
06-28 10:47:13.032  6968  6981 E WPROF   : {"Javascript": {"url": "http://searchengineland.com/figz/wp-includes/js/wp-embed.min.js?ver=4.7.5", "requestTime": 7910.087471}}
06-28 10:47:13.032  6968  6981 E WPROF   : {"Javascript": {"url": "http://searchengineland.com/figz/wp-content/themes/searchengineland/js/modules/sharing_controls.js", "requestTime": 7910.087937}}
06-28 10:47:13.099  6901  6948 E chromium: [ERROR:gles2_cmd_decoder.cc(3852)] [.ChromiumCompositor-0xacbb2fc0]GL ERROR :GL_INVALID_ENUM : glDiscardFramebufferEXT: attachments was GL_COLOR_EXT
06-28 10:47:13.320   862  1657 E LocSvc_IzatApiV02: E/virtual int izat_core::IzatApiV02::getBatchSize(int32_t):522]: Error : st = 4, ind.status = -1628389555
06-28 10:47:13.320   862  1657 E LocSvc_IzatApiV02: E/virtual int izat_core::IzatApiV02::getBatchSize(int32_t):535]: get batching size failed.Or modem does not support batching 
06-28 10:47:13.329   862  1657 E LocSvc_IzatApiV02: E/virtual int izat_core::IzatApiV02::getBatchSize(int32_t):522]: Error : st = 4, ind.status = -1628389555
06-28 10:47:13.329   862  1657 E LocSvc_IzatApiV02: E/virtual int izat_core::IzatApiV02::getBatchSize(int32_t):535]: get batching size failed.Or modem does not support batching 
06-28 10:47:13.366   862  1657 E LocSvc_IzatApiV02: E/virtual int izat_core::IzatApiV02::getBatchSize(int32_t):522]: Error : st = 4, ind.status = -1628389555
06-28 10:47:13.366   862  1657 E LocSvc_IzatApiV02: E/virtual int izat_core::IzatApiV02::getBatchSize(int32_t):535]: get batching size failed.Or modem does not support batching 
06-28 10:47:13.375   862  1657 E LocSvc_IzatApiV02: E/virtual int izat_core::IzatApiV02::getBatchSize(int32_t):522]: Error : st = 4, ind.status = -1628389555
06-28 10:47:13.376   862  1657 E LocSvc_IzatApiV02: E/virtual int izat_core::IzatApiV02::getBatchSize(int32_t):535]: get batching size failed.Or modem does not support batching 
06-28 10:47:13.792  6968  6981 E WPROF   : {"Javascript": {"url": "https://securepubads.g.doubleclick.net/gampad/ads?gdfp_req=1&correlator=4336612677779456&output=json_html&callback=googletag.impl.pubads.callbackProxy1&impl=fifs&json_a=1&eid=108809080%2C21060130%2C108809107%2C108809159%2C21060362&sc=0&sfv=1-0-9&iu_parts=1038259%2Csel-ciu-1%2Csel-ciu-2%2Csel-ciu-3%2", "requestTime": 7910.847665}}
06-28 10:47:13.890  6968  6981 E WPROF   : {"Javascript": {"url": "http://d2j3qa5nc37287.cloudfront.net/coupon_code1.js", "requestTime": 7910.945366}}
06-28 10:47:13.982  6901  6948 E chromium: [ERROR:gles2_cmd_decoder.cc(3852)] [.ChromiumCompositor-0xacbb2fc0]GL ERROR :GL_INVALID_ENUM : glDiscardFramebufferEXT: attachments was GL_COLOR_EXT
06-28 10:47:14.472  6968  6981 E WPROF   : {"CSS": {"url": "https://www.youtube.com/yts/cssbin/www-embed-player-sprite-mode-vfl5G4Xm8.css", "requestTime": 7911.527587}}
06-28 10:47:14.473  6968  6981 E WPROF   : {"Javascript": {"url": "https://www.youtube.com/yts/jsbin/www-embed-player-vfl_UY_j8/www-embed-player.js", "requestTime": 7911.528927}}
06-28 10:47:14.474  6968  6981 E WPROF   : {"Javascript": {"url": "https://www.youtube.com/yts/jsbin/player-vflo1w4O-/ko_KR/base.js", "requestTime": 7911.529796}}
06-28 10:47:14.511  6901  6948 E chromium: [ERROR:gles2_cmd_decoder.cc(3852)] [.ChromiumCompositor-0xacbb2fc0]GL ERROR :GL_INVALID_ENUM : glDiscardFramebufferEXT: attachments was GL_COLOR_EXT
06-28 10:47:14.952  6901  6948 E chromium: [ERROR:gles2_cmd_decoder.cc(3852)] [.ChromiumCompositor-0xacbb2fc0]GL ERROR :GL_INVALID_ENUM : glDiscardFramebufferEXT: attachments was GL_COLOR_EXT
06-28 10:47:15.755  6901  6948 E chromium: [ERROR:gles2_cmd_decoder.cc(3852)] [.ChromiumCompositor-0xacbb2fc0]GL ERROR :GL_INVALID_ENUM : glDiscardFramebufferEXT: attachments was GL_COLOR_EXT
06-28 10:47:16.563  6968  6981 E WPROF   : {"Javascript": {"url": "https://www.google.com/js/bg/KWBfAnWFESAEEaKKgdYlTHY9ysQaNoQuzeMFqvxDSM8.js", "requestTime": 7913.618721}}
06-28 10:47:16.565  6968  6981 E WPROF   : {"Javascript": {"url": "https://static.doubleclick.net/instream/ad_status.js", "requestTime": 7913.621092}}
06-28 10:47:16.875  6901  6948 E chromium: [ERROR:gles2_cmd_decoder.cc(3852)] [.ChromiumCompositor-0xacbb2fc0]GL ERROR :GL_INVALID_ENUM : glDiscardFramebufferEXT: attachments was GL_COLOR_EXT
06-28 10:47:16.901  6968  6981 E WPROF   : {"Javascript": {"url": "http://www.justuno.com/ajax/account_version_check.html?id=828FA275-FF73-401E-AA39-40F5A6FAB6B1", "requestTime": 7913.957108}}
06-28 10:47:16.942  6901  6948 E chromium: [ERROR:gles2_cmd_decoder.cc(3852)] [.ChromiumCompositor-0xacbb2fc0]GL ERROR :GL_INVALID_ENUM : glDiscardFramebufferEXT: attachments was GL_COLOR_EXT
06-28 10:47:16.943  6968  6981 E WPROF   : {"Javascript": {"url": "https://tpc.googlesyndication.com/pagead/js/r20170619/r20110914/client/ext/m_window_focus_non_hydra.js", "requestTime": 7913.998706}}
06-28 10:47:16.949  6968  6981 E WPROF   : {"Javascript": {"url": "https://tpc.googlesyndication.com/pagead/js/r20170619/r20110914/activeview/osd_listener.js", "requestTime": 7914.004550}}
06-28 10:47:16.955  6968  6981 E WPROF   : {"Javascript": {"url": "http://pagead2.googlesyndication.com/pagead/osd.js", "requestTime": 7914.010833}}
06-28 10:47:17.097  6901  6948 E chromium: [ERROR:gles2_cmd_decoder.cc(3852)] [.ChromiumCompositor-0xacbb2fc0]GL ERROR :GL_INVALID_ENUM : glDiscardFramebufferEXT: attachments was GL_COLOR_EXT
06-28 10:47:17.194  6901  6948 E chromium: [ERROR:gles2_cmd_decoder.cc(3852)] [.ChromiumCompositor-0xacbb2fc0]GL ERROR :GL_INVALID_ENUM : glDiscardFramebufferEXT: attachments was GL_COLOR_EXT
06-28 10:47:18.143  6901  6948 E chromium: [ERROR:gles2_cmd_decoder.cc(3852)] [.ChromiumCompositor-0xacbb2fc0]GL ERROR :GL_INVALID_ENUM : glDiscardFramebufferEXT: attachments was GL_COLOR_EXT
06-28 10:47:18.292  6968  6981 E WPROF   : {"Javascript": {"url": "http://cdn.justuno.com/mwgt_3.6.js", "requestTime": 7915.347253}}
06-28 10:47:19.030  6968  6981 E WPROF   : {"Javascript": {"url": "https://app-sj02.marketo.com/js/forms2/js/forms2.min.js", "requestTime": 7916.086155}}
06-28 10:47:19.047  6901  6948 E chromium: [ERROR:gles2_cmd_decoder.cc(3852)] [.ChromiumCompositor-0xacbb2fc0]GL ERROR :GL_INVALID_ENUM : glDiscardFramebufferEXT: attachments was GL_COLOR_EXT
06-28 10:47:19.684  6968  6981 E WProf.db: {"page": "searchengineland.com_smb-websites-matter-anymore-yp-doubles-yes-new-pro-seo-product-276727"}
06-28 10:47:19.684  6968  6981 E WProf.db: {"DOMLoad": 7916.739800}
06-28 10:47:19.684  6968  6981 E WProf.db: {"Resource": {"id": 1, "url": "http://searchengineland.com/smb-websites-matter-anymore-yp-doubles-yes-new-pro-seo-product-276727", "sentTime": -1.000000, "len": 93519, "from": "0x0", "mimeType": "text/html", "contentLength": -1, "httpStatus": 200, "connId": 20, "connReused": 1, "cached": 0,"requestTime": 7907.563999, "proxyStart": -1, "proxyEnd": -1, "dnsStart": -1, "dnsEnd": -1, "connectStart": 0, "connectEnd": 67, "sendStart": 67, "sendEnd": 67, "receiveHeadersEnd": 226, "sslStart": -1, "sslEnd": -1}}
06-28 10:47:19.684  6968  6981 E WProf.db: {"ReceivedChunk": {"receivedTime": 7907.809054, "len": 7735}}
06-28 10:47:19.684  6968  6981 E WProf.db: {"ReceivedChunk": {"receivedTime": 7907.877310, "len": 32768}}
06-28 10:47:19.685  6968  6981 E WProf.db: {"ReceivedChunk": {"receivedTime": 7907.877532, "len": 30494}}
06-28 10:47:19.685  6968  6981 E WProf.db: {"ReceivedChunk": {"receivedTime": 7907.952272, "len": 22522}}
06-28 10:47:19.685  6968  6981 E WProf.db: {"WprofHTMLTag": {"code": "0xaedd4600", "doc": "http://searchengineland.com/smb-websites-matter-anymore-yp-doubles-yes-new-pro-seo-product-276727", "row": 6, "column": 42, "tagName": "html", "time": 7907.878604, "url": "", "pos": 1, "chunkLen": 1, "isStartTag": 1}}
06-28 10:47:19.685  6968  6981 E WProf.db: {"WprofHTMLTag": {"code": "0xaf0477f0", "doc": "http://searchengineland.com/smb-websites-matter-anymore-yp-doubles-yes-new-pro-seo-product-276727", "row": 7, "column": 6, "tagName": "head", "time": 7907.878839, "url": "", "pos": 1, "chunkLen": 1, "isStartTag": 1}}
06-28 10:47:19.685  6968  6981 E WProf.db: {"WprofHTMLTag": {"code": "0xaf047820", "doc": "http://searchengineland.com/smb-websites-matter-anymore-yp-doubles-yes-new-pro-seo-product-276727", "row": 8, "column": 54, "tagName": "meta", "time": 7907.878885, "url": "", "pos": 1, "chunkLen": 1, "isStartTag": 1}}
06-28 10:47:19.685  6968  6981 E WProf.db: {"WprofHTMLTag": {"code": "0xaf047850", "doc": "http://searchengineland.com/smb-websites-matter-anymore-yp-doubles-yes-new-pro-seo-product-276727", "row": 9, "column": 68, "tagName": "meta", "time": 7907.879027, "url": "", "pos": 1, "chunkLen": 1, "isStartTag": 1}}
06-28 10:47:19.685  6968  6981 E WProf.db: {"WprofHTMLTag": {"code": "0xaf047880", "doc": "http://searchengineland.com/smb-websites-matter-anymore-yp-doubles-yes-new-pro-seo-product-276727", "row": 10, "column": 23, "tagName": "meta", "time": 7907.879141, "url": "", "pos": 1, "chunkLen": 1, "isStartTag": 1}}
06-28 10:47:19.685  6968  6981 E WProf.db: {"WprofHTMLTag": {"code": "0xaf0478b0", "doc": "http://searchengineland.com/smb-websites-matter-anymore-yp-doubles-yes-new-pro-seo-product-276727", "row": 11, "column": 52, "tagName": "meta", "time": 7907.879271, "url": "", "pos": 1, "chunkLen": 1, "isStartTag": 1}}
06-28 10:47:19.685  6968  6981 E WProf.db: {"WprofHTMLTag": {"code": "0xaf0478e0", "doc": "http://searchengineland.com/smb-websites-matter-anymore-yp-doubles-yes-new-pro-seo-product-276727", "row": 14, "column": 56, "tagName": "meta", "time": 7907.879397, "url": "", "pos": 1, "chunkLen": 1, "isStartTag": 1}}
06-28 10:47:19.686  6968  6981 E WProf.db: {"WprofHTMLTag": {"code": "0xaf047910", "doc": "http://searchengineland.com/smb-websites-matter-anymore-yp-doubles-yes-new-pro-seo-product-276727", "row": 15, "column": 83, "tagName": "meta", "time": 7907.879512, "url": "", "pos": 1, "chunkLen": 1, "isStartTag": 1}}
06-28 10:47:19.686  6968  6981 E WProf.db: {"WprofHTMLTag": {"code": "0xaf047940", "doc": "http://searchengineland.com/smb-websites-matter-anymore-yp-doubles-yes-new-pro-seo-product-276727", "row": 16, "column": 57, "tagName": "meta", "time": 7907.879627, "url": "", "pos": 1, "chunkLen": 1, "isStartTag": 1}}
06-28 10:47:19.686  6968  6981 E WProf.db: {"WprofHTMLTag": {"code": "0xaf0479d0", "doc": "http://searchengineland.com/smb-websites-matter-anymore-yp-doubles-yes-new-pro-seo-product-276727", "row": 17, "column": 41, "tagName": "meta", "time": 7907.879743, "url": "", "pos": 1, "chunkLen": 1, "isStartTag": 1}}
06-28 10:47:19.686  6968  6981 E WProf.db: {"WprofHTMLTag": {"code": "0xaf047a00", "doc": "http://searchengineland.com/smb-websites-matter-anymore-yp-doubles-yes-new-pro-seo-product-276727", "row": 18, "column": 50, "tagName": "meta", "time": 7907.879855, "url": "", "pos": 1, "chunkLen": 1, "isStartTag": 1}}
06-28 10:47:19.686  6968  6981 E WProf.db: {"WprofHTMLTag": {"code": "0xaf047a30", "doc": "http://searchengineland.com/smb-websites-matter-anymore-yp-doubles-yes-new-pro-seo-product-276727", "row": 19, "column": 174, "tagName": "meta", "time": 7907.879962, "url": "", "pos": 1, "chunkLen": 1, "isStartTag": 1}}
06-28 10:47:19.686  6968  6981 E WProf.db: {"WprofHTMLTag": {"code": "0xaf0479a0", "doc": "http://searchengineland.com/smb-websites-matter-anymore-yp-doubles-yes-new-pro-seo-product-276727", "row": 20, "column": 47, "tagName": "meta", "time": 7907.880137, "url": "", "pos": 1, "chunkLen": 1, "isStartTag": 1}}
06-28 10:47:19.686  6968  6981 E WProf.db: {"WprofHTMLTag": {"code": "0xaf047970", "doc": "http://searchengineland.com/smb-websites-matter-anymore-yp-doubles-yes-new-pro-seo-product-276727", "row": 21, "column": 67, "tagName": "meta", "time": 7907.880466, "url": "", "pos": 1, "chunkLen": 1, "isStartTag": 1}}
06-28 10:47:19.687  6968  6981 E WProf.db: {"WprofHTMLTag": {"code": "0xaf047a60", "doc": "http://searchengineland.com/smb-websites-matter-anymore-yp-doubles-yes-new-pro-seo-product-276727", "row": 22, "column": 57, "tagName": "meta", "time": 7907.880571, "url": "", "pos": 1, "chunkLen": 1, "isStartTag": 1}}
06-28 10:47:19.687  6968  6981 E WProf.db: {"WprofHTMLTag": {"code": "0xaf047a90", "doc": "http://searchengineland.com/smb-websites-matter-anymore-yp-doubles-yes-new-pro-seo-product-276727", "row": 23, "column": 65, "tagName": "meta", "time": 7907.880682, "url": "", "pos": 1, "chunkLen": 1, "isStartTag": 1}}
06-28 10:47:19.687  6968  6981 E WProf.db: {"WprofHTMLTag": {"code": "0xaf047ac0", "doc": "http://searchengineland.com/smb-websites-matter-anymore-yp-doubles-yes-new-pro-seo-product-276727", "row": 24, "column": 55, "tagName": "meta", "time": 7907.880791, "url": "", "pos": 1, "chunkLen": 1, "isStartTag": 1}}
06-28 10:47:19.687  6968  6981 E WProf.db: {"WprofHTMLTag": {"code": "0xaf047af0", "doc": "http://searchengineland.com/smb-websites-matter-anymore-yp-doubles-yes-new-pro-seo-product-276727", "row": 25, "column": 71, "tagName": "meta", "time": 7907.880899, "url": "", "pos": 1, "chunkLen": 1, "isStartTag": 1}}
06-28 10:47:19.687  6968  6981 E WProf.db: {"WprofHTMLTag": {"code": "0xaf047b20", "doc": "http://searchengineland.com/smb-websites-matter-anymore-yp-doubles-yes-new-pro-seo-product-276727", "row": 26, "column": 86, "tagName": "meta", "time": 7907.881003, "url": "", "pos": 1, "chunkLen": 1, "isStartTag": 1}}
06-28 10:47:19.687  6968  6981 E WProf.db: {"WprofHTMLTag": {"code": "0xaf047b50", "doc": "http://searchengineland.com/smb-websites-matter-anymore-yp-doubles-yes-new-pro-seo-product-276727", "row": 27, "column": 54, "tagName": "meta", "time": 7907.881110, "url": "", "pos": 1, "chunkLen": 1, "isStartTag": 1}}
06-28 10:47:19.687  6968  6981 E WProf.db: {"WprofHTMLTag": {"code": "0xaf047b80", "doc": "http://searchengineland.com/smb-websites-matter-anymore-yp-doubles-yes-new-pro-seo-product-276727", "row": 29, "column": 39, "tagName": "meta", "time": 7907.881212, "url": "", "pos": 1, "chunkLen": 1, "isStartTag": 1}}
06-28 10:47:19.687  6968  6981 E WProf.db: {"WprofHTMLTag": {"code": "0xaf047bb0", "doc": "http://searchengineland.com/smb-websites-matter-anymore-yp-doubles-yes-new-pro-seo-product-276727", "row": 30, "column": 149, "tagName": "meta", "time": 7907.881323, "url": "", "pos": 1, "chunkLen": 1, "isStartTag": 1}}
06-28 10:47:19.687  6968  6981 E WProf.db: {"WprofHTMLTag": {"code": "0xaf047be0", "doc": "http://searchengineland.com/smb-websites-matter-anymore-yp-doubles-yes-new-pro-seo-product-276727", "row": 31, "column": 55, "tagName": "meta", "time": 7907.881430, "url": "", "pos": 1, "chunkLen": 1, "isStartTag": 1}}
06-28 10:47:19.688  6968  6981 E WProf.db: {"WprofHTMLTag": {"code": "0xaf047c10", "doc": "http://searchengineland.com/smb-websites-matter-anymore-yp-doubles-yes-new-pro-seo-product-276727", "row": 32, "column": 54, "tagName": "meta", "time": 7907.881535, "url": "", "pos": 1, "chunkLen": 1, "isStartTag": 1}}
06-28 10:47:19.688  6968  6981 E WProf.db: {"WprofHTMLTag": {"code": "0xaf047c40", "doc": "http://searchengineland.com/smb-websites-matter-anymore-yp-doubles-yes-new-pro-seo-product-276727", "row": 33, "column": 143, "tagName": "meta", "time": 7907.881641, "url": "", "pos": 1, "chunkLen": 1, "isStartTag": 1}}
06-28 10:47:19.688  6968  6981 E WProf.db: {"WprofHTMLTag": {"code": "0xaf047c70", "doc": "http://searchengineland.com/smb-websites-matter-anymore-yp-doubles-yes-new-pro-seo-product-276727", "row": 37, "column": 36, "tagName": "script", "time": 7907.881742, "url": "", "pos": 1, "chunkLen": 1, "isStartTag": 1}}
06-28 10:47:19.688  6968  6981 E WProf.db: {"WprofHTMLTag": {"code": "0xaf047ca0", "doc": "http://searchengineland.com/smb-websites-matter-anymore-yp-doubles-yes-new-pro-seo-product-276727", "row": 53, "column": 10, "tagName": "script", "time": 7907.881981, "url": "", "pos": 1, "chunkLen": 1, "isStartTag": 0}}
06-28 10:47:19.688  6968  6981 E WProf.db: {"WprofHTMLTag": {"code": "0xaedd4630", "doc": "http://searchengineland.com/smb-websites-matter-anymore-yp-doubles-yes-new-pro-seo-product-276727", "row": 55, "column": 86, "tagName": "link", "time": 7907.885338, "url": "http://searchengineland.com/apple-touch-icon.png", "pos": 1, "chunkLen": 1, "isStartTag": 1}}
06-28 10:47:19.688  6968  6981 E WProf.db: {"WprofHTMLTag": {"code": "0xaf047cd0", "doc": "http://searchengineland.com/smb-websites-matter-anymore-yp-doubles-yes-new-pro-seo-product-276727", "row": 56, "column": 76, "tagName": "link", "time": 7907.885649, "url": "http://searchengineland.com/favicon.ico", "pos": 1, "chunkLen": 1, "isStartTag": 1}}
06-28 10:47:19.688  6968  6981 E WProf.db: {"WprofHTMLTag": {"code": "0xaf047d00", "doc": "http://searchengineland.com/smb-websites-matter-anymore-yp-doubles-yes-new-pro-seo-product-276727", "row": 57, "column": 158, "tagName": "link", "time": 7907.885846, "url": "http://feeds.searchengineland.com/searchengineland", "pos": 1, "chunkLen": 1, "isStartTag": 1}}
06-28 10:47:19.688  6968  6981 E WProf.db: {"WprofHTMLTag": {"code": "0xaf047d30", "doc": "http://searchengineland.com/smb-websites-matter-anymore-yp-doubles-yes-new-pro-seo-product-276727", "row": 58, "column": 149, "tagName": "link", "time": 7907.886111, "url": "http://feeds.searchengineland.com/searchcap", "pos": 1, "chunkLen": 1, "isStartTag": 1}}
06-28 10:47:19.689  6968  6981 E WProf.db: {"WprofHTMLTag": {"code": "0xaf047d60", "doc": "http://searchengineland.com/smb-websites-matter-anymore-yp-doubles-yes-new-pro-seo-product-276727", "row": 59, "column": 150, "tagName": "link", "time": 7907.886379, "url": "http://searchengineland.com/figz/wp-content/themes/searchengineland/css/searchengineland-bootstrap.css", "pos": 1, "chunkLen": 1, "isStartTag": 1}}
06-28 10:47:19.689  6968  6981 E WProf.db: {"WprofHTMLTag": {"code": "0xaf047dc0", "doc": "http://searchengineland.com/smb-websites-matter-anymore-yp-doubles-yes-new-pro-seo-product-276727", "row": 60, "column": 105, "tagName": "link", "time": 7907.887075, "url": "http://fonts.googleapis.com/css?family=Oswald:300,400,700", "pos": 1, "chunkLen": 1, "isStartTag": 1}}
06-28 10:47:19.689  6968  6981 E WProf.db: {"WprofHTMLTag": {"code": "0xaf047e20", "doc": "http://searchengineland.com/smb-websites-matter-anymore-yp-doubles-yes-new-pro-seo-product-276727", "row": 61, "column": 125, "tagName": "link", "time": 7907.887543, "url": "http://searchengineland.com/figz/wp-content/themes/searchengineland/style.css", "pos": 1, "chunkLen": 1, "isStartTag": 1}}
06-28 10:47:19.689  6968  6981 E WProf.db: {"WprofHTMLTag": {"code": "0xaf047e80", "doc": "http://searchengineland.com/smb-websites-matter-anymore-yp-doubles-yes-new-pro-seo-product-276727", "row": 65, "column": 7, "tagName": "title", "time": 7907.888018, "url": "", "pos": 1, "chunkLen": 1, "isStartTag": 1}}
06-28 10:47:19.689  6968  6981 E WProf.db: {"WprofHTMLTag": {"code": "0xaf047eb0", "doc": "http://searchengineland.com/smb-websites-matter-anymore-yp-doubles-yes-new-pro-seo-product-276727", "row": 65, "column": 118, "tagName": "title", "time": 7907.888102, "url": "", "pos": 1, "chunkLen": 1, "isStartTag": 0}}
06-28 10:47:19.689  6968  6981 E WProf.db: {"WprofHTMLTag": {"code": "0xaf047ee0", "doc": "http://searchengineland.com/smb-websites-matter-anymore-yp-doubles-yes-new-pro-seo-product-276727", "row": 66, "column": 146, "tagName": "meta", "time": 7907.888122, "url": "", "pos": 1, "chunkLen": 1, "isStartTag": 1}}
06-28 10:47:19.689  6968  6981 E WProf.db: {"WprofHTMLTag": {"code": "0xaf047f10", "doc": "http://searchengineland.com/smb-websites-matter-anymore-yp-doubles-yes-new-pro-seo-product-276727", "row": 67, "column": 40, "tagName": "meta", "time": 7907.888235, "url": "", "pos": 1, "chunkLen": 1, "isStartTag": 1}}
06-28 10:47:19.689  6968  6981 E WProf.db: {"WprofHTMLTag": {"code": "0xaf047f40", "doc": "http://searchengineland.com/smb-websites-matter-anymore-yp-doubles-yes-new-pro-seo-product-276727", "row": 68, "column": 139, "tagName": "meta", "time": 7907.888342, "url": "", "pos": 1, "chunkLen": 1, "isStartTag": 1}}
06-28 10:47:19.690  6968  6981 E WProf.db: {"WprofHTMLTag": {"code": "0xaf047f70", "doc": "http://searchengineland.com/smb-websites-matter-anymore-yp-doubles-yes-new-pro-seo-product-276727", "row": 69, "column": 37, "tagName": "meta", "time": 7907.888449, "url": "", "pos": 1, "chunkLen": 1, "isStartTag": 1}}
06-28 10:47:19.690  6968  6981 E WProf.db: {"WprofHTMLTag": {"code": "0xaf047fa0", "doc": "http://searchengineland.com/smb-websites-matter-anymore-yp-doubles-yes-new-pro-seo-product-276727", "row": 70, "column": 129, "tagName": "link", "time": 7907.888554, "url": "http://searchengineland.com/smb-websites-matter-anymore-yp-doubles-yes-new-pro-seo-product-276727", "pos": 1, "chunkLen": 1, "isStartTag": 1}}
06-28 10:47:19.690  6968  6981 E WProf.db: {"WprofHTMLTag": {"code": "0xaf047fd0", "doc": "http://searchengineland.com/smb-websites-matter-anymore-yp-doubles-yes-new-pro-seo-product-276727", "row": 71, "column": 76, "tagName": "link", "time": 7907.888740, "url": "https://plus.google.com/103218677032751327334", "pos": 1, "chunkLen": 1, "isStartTag": 1}}
06-28 10:47:19.690  6968  6981 E WProf.db: {"WprofHTMLTag": {"code": "0xb4cc74b0", "doc": "http://searchengineland.com/smb-websites-matter-anymore-yp-doubles-yes-new-pro-seo-product-276727", "row": 72, "column": 45, "tagName": "meta", "time": 7907.888927, "url": "", "pos": 1, "chunkLen": 1, "isStartTag": 1}}
06-28 10:47:19.690  6968  6981 E WProf.db: {"WprofHTMLTag": {"code": "0xb4cc7540", "doc": "http://searchengineland.com/smb-websites-matter-anymore-yp-doubles-yes-new-pro-seo-product-276727", "row": 73, "column": 45, "tagName": "meta", "time": 7907.889043, "url": "", "pos": 1, "chunkLen": 1, "isStartTag": 1}}
06-28 10:47:19.690  6968  6981 E WProf.db: {"WprofHTMLTag": {"code": "0xb4cc78a0", "doc": "http://searchengineland.com/smb-websites-matter-anymore-yp-doubles-yes-new-pro-seo-product-276727", "row": 74, "column": 142, "tagName": "meta", "time": 7907.889159, "url": "", "pos": 1, "chunkLen": 1, "isStartTag": 1}}
06-28 10:47:19.690  6968  6981 E WProf.db: {"WprofHTMLTag": {"code": "0xb4cc78d0", "doc": "http://searchengineland.com/smb-websites-matter-anymore-yp-doubles-yes-new-pro-seo-product-276727", "row": 75, "column": 154, "tagName": "meta", "time": 7907.889262, "url": "", "pos": 1, "chunkLen": 1, "isStartTag": 1}}
06-28 10:47:19.690  6968  6981 E WProf.db: {"WprofHTMLTag": {"code": "0xb4cc7900", "doc": "http://searchengineland.com/smb-websites-matter-anymore-yp-doubles-yes-new-pro-seo-product-276727", "row": 76, "column": 134, "tagName": "meta", "time": 7907.889372, "url": "", "pos": 1, "chunkLen": 1, "isStartTag": 1}}
06-28 10:47:19.690  6968  6981 E WProf.db: {"WprofHTMLTag": {"code": "0xb4cc7930", "doc": "http://searchengineland.com/smb-websites-matter-anymore-yp-doubles-yes-new-pro-seo-product-276727", "row": 77, "column": 61, "tagName": "meta", "time": 7907.889475, "url": "", "pos": 1, "chunkLen": 1, "isStartTag": 1}}
06-28 10:47:19.691  6968  6981 E WProf.db: {"WprofHTMLTag": {"code": "0xb4cc7960", "doc": "http://searchengineland.com/smb-websites-matter-anymore-yp-doubles-yes-new-pro-seo-product-276727", "row": 78, "column": 89, "tagName": "meta", "time": 7907.889585, "url": "", "pos": 1, "chunkLen": 1, "isStartTag": 1}}
06-28 10:47:19.692  6968  6981 E WProf.db: {"WprofHTMLTag": {"code": "0xb4cc7990", "doc": "http://searchengineland.com/smb-websites-matter-anymore-yp-doubles-yes-new-pro-seo-product-276727", "row": 79, "column": 58, "tagName": "meta", "time": 7907.889692, "url": "", "pos": 1, "chunkLen": 1, "isStartTag": 1}}
06-28 10:47:19.692  6968  6981 E WProf.db: {"WprofHTMLTag": {"code": "0xb4cc79c0", "doc": "http://searchengineland.com/smb-websites-matter-anymore-yp-doubles-yes-new-pro-seo-product-276727", "row": 80, "column": 78, "tagName": "meta", "time": 7907.889794, "url": "", "pos": 1, "chunkLen": 1, "isStartTag": 1}}
06-28 10:47:19.692  6968  6981 E WProf.db: {"WprofHTMLTag": {"code": "0xb4cc79f0", "doc": "http://searchengineland.com/smb-websites-matter-anymore-yp-doubles-yes-new-pro-seo-product-276727", "row": 81, "column": 137, "tagName": "meta", "time": 7907.889898, "url": "", "pos": 1, "chunkLen": 1, "isStartTag": 1}}
06-28 10:47:19.692  6968  6981 E WProf.db: {"WprofHTMLTag": {"code": "0xb4cc7a20", "doc": "http://searchengineland.com/smb-websites-matter-anymore-yp-doubles-yes-new-pro-seo-product-276727", "row": 82, "column": 49, "tagName": "meta", "time": 7907.890043, "url": "", "pos": 1, "chunkLen": 1, "isStartTag": 1}}
06-28 10:47:19.692  6968  6981 E WProf.db: {"WprofHTMLTag": {"code": "0xb4cc7a50", "doc": "http://searchengineland.com/smb-websites-matter-anymore-yp-doubles-yes-new-pro-seo-product-276727", "row": 83, "column": 50, "tagName": "meta", "time": 7907.890151, "url": "", "pos": 1, "chunkLen": 1, "isStartTag": 1}}
06-28 10:47:19.692  6968  6981 E WProf.db: {"WprofHTMLTag": {"code": "0xb4cc7a80", "doc": "http://searchengineland.com/smb-websites-matter-anymore-yp-doubles-yes-new-pro-seo-product-276727", "row": 84, "column": 58, "tagName": "meta", "time": 7907.890257, "url": "", "pos": 1, "chunkLen": 1, "isStartTag": 1}}
06-28 10:47:19.692  6968  6981 E WProf.db: {"WprofHTMLTag": {"code": "0xb4cc7ab0", "doc": "http://searchengineland.com/smb-websites-matter-anymore-yp-doubles-yes-new-pro-seo-product-276727", "row": 85, "column": 155, "tagName": "meta", "time": 7907.890364, "url": "", "pos": 1, "chunkLen": 1, "isStartTag": 1}}
06-28 10:47:19.692  6968  6981 E WProf.db: {"WprofHTMLTag": {"code": "0xb4cc7ae0", "doc": "http://searchengineland.com/smb-websites-matter-anymore-yp-doubles-yes-new-pro-seo-product-276727", "row": 86, "column": 143, "tagName": "meta", "time": 7907.890470, "url": "", "pos": 1, "chunkLen": 1, "isStartTag": 1}}
06-28 10:47:19.692  6968  6981 E WProf.db: {"WprofHTMLTag": {"code": "0xb4cc7b10", "doc": "http://searchengineland.com/smb-websites-matter-anymore-yp-doubles-yes-new-pro-seo-product-276727", "row": 87, "column": 51, "tagName": "meta", "time": 7907.890575, "url": "", "pos": 1, "chunkLen": 1, "isStartTag": 1}}
06-28 10:47:19.693  6968  6981 E WProf.db: {"WprofHTMLTag": {"code": "0xb4cc7b40", "doc": "http://searchengineland.com/smb-websites-matter-anymore-yp-doubles-yes-new-pro-seo-product-276727", "row": 88, "column": 138, "tagName": "meta", "time": 7907.890678, "url": "", "pos": 1, "chunkLen": 1, "isStartTag": 1}}
06-28 10:47:19.693  6968  6981 E WProf.db: {"WprofHTMLTag": {"code": "0xb4cc7b70", "doc": "http://searchengineland.com/smb-websites-matter-anymore-yp-doubles-yes-new-pro-seo-product-276727", "row": 89, "column": 52, "tagName": "meta", "time": 7907.890786, "url": "", "pos": 1, "chunkLen": 1, "isStartTag": 1}}
06-28 10:47:19.693  6968  6981 E WProf.db: {"WprofHTMLTag": {"code": "0xb4cc7ba0", "doc": "http://searchengineland.com/smb-websites-matter-anymore-yp-doubles-yes-new-pro-seo-product-276727", "row": 92, "column": 44, "tagName": "link", "time": 7907.890903, "url": "http://s.w.org/", "pos": 1, "chunkLen": 1, "isStartTag": 1}}
06-28 10:47:19.693  6968  6981 E WProf.db: {"WprofHTMLTag": {"code": "0xb4cc7bd0", "doc": "http://searchengineland.com/smb-websites-matter-anymore-yp-doubles-yes-new-pro-seo-product-276727", "row": 93, "column": 33, "tagName": "script", "time": 7907.891114, "url": "", "pos": 1, "chunkLen": 1, "isStartTag": 1}}
06-28 10:47:19.693  6968  6981 E WProf.db: {"WprofHTMLTag": {"code": "0xb4cc7c00", "doc": "http://searchengineland.com/smb-websites-matter-anymore-yp-doubles-yes-new-pro-seo-product-276727", "row": 96, "column": 11, "tagName": "script", "time": 7907.891374, "url": "http://searchengineland.com/figz/wp-includes/js/wp-emoji-release.min.js?ver=4.7.5", "pos": 1, "chunkLen": 1, "isStartTag": 0}}
06-28 10:47:19.694  6968  6981 E WProf.db: {"WprofHTMLTag": {"code": "0x9d2fc8d0", "doc": "http://searchengineland.com/smb-websites-matter-anymore-yp-doubles-yes-new-pro-seo-product-276727", "row": 97, "column": 25, "tagName": "style", "time": 7908.463954, "url": "", "pos": 1, "chunkLen": 1, "isStartTag": 1}}
06-28 10:47:19.694  6968  6981 E WProf.db: {"WprofHTMLTag": {"code": "0x9d2fc900", "doc": "http://searchengineland.com/smb-websites-matter-anymore-yp-doubles-yes-new-pro-seo-product-276727", "row": 110, "column": 8, "tagName": "style", "time": 7908.464128, "url": "", "pos": 1, "chunkLen": 1, "isStartTag": 0}}
06-28 10:47:19.694  6968  6981 E WProf.db: {"WprofHTMLTag": {"code": "0x9d2fc930", "doc": "http://searchengineland.com/smb-websites-matter-anymore-yp-doubles-yes-new-pro-seo-product-276727", "row": 111, "column": 140, "tagName": "script", "time": 7908.465569, "url": "http://searchengineland.com/figz/wp-content/themes/searchengineland/js/lib/modernizr.custom.js?ver=1.0", "pos": 1, "chunkLen": 1, "isStartTag": 1}}
06-28 10:47:19.694  6968  6981 E WProf.db: {"WprofHTMLTag": {"code": "0x9d2fc960", "doc": "http://searchengineland.com/smb-websites-matter-anymore-yp-doubles-yes-new-pro-seo-product-276727", "row": 111, "column": 149, "tagName": "script", "time": 7908.465803, "url": "", "pos": 1, "chunkLen": 1, "isStartTag": 0}}
06-28 10:47:19.694  6968  6981 E WProf.db: {"WprofHTMLTag": {"code": "0x9d2fc9f0", "doc": "http://searchengineland.com/smb-websites-matter-anymore-yp-doubles-yes-new-pro-seo-product-276727", "row": 112, "column": 144, "tagName": "script", "time": 7908.473244, "url": "http://searchengineland.com/figz/wp-content/themes/searchengineland/js/lib/jquery-1.11.0.min.js?ver=1.11.0", "pos": 1, "chunkLen": 1, "isStartTag": 1}}
06-28 10:47:19.695  6968  6981 E WProf.db: {"WprofHTMLTag": {"code": "0x9d2fca20", "doc": "http://searchengineland.com/smb-websites-matter-anymore-yp-doubles-yes-new-pro-seo-product-276727", "row": 112, "column": 153, "tagName": "script", "time": 7908.473497, "url": "", "pos": 1, "chunkLen": 1, "isStartTag": 0}}
06-28 10:47:19.695  6968  6981 E WProf.db: {"WprofHTMLTag": {"code": "0xaedd4de0", "doc": "http://searchengineland.com/smb-websites-matter-anymore-yp-doubles-yes-new-pro-seo-product-276727", "row": 0, "column": 15, "tagName": "div", "time": 7908.538026, "url": "", "pos": 15, "chunkLen": 44, "isStartTag": 1}}
06-28 10:47:19.695  6968  6981 E WProf.db: {"WprofHTMLTag": {"code": "0xaedd4db0", "doc": "http://searchengineland.com/smb-websites-matter-anymore-yp-doubles-yes-new-pro-seo-product-276727", "row": 0, "column": 21, "tagName": "div", "time": 7908.538163, "url": "", "pos": 21, "chunkLen": 44, "isStartTag": 0}}
06-28 10:47:19.695  6968  6981 E WProf.db: {"WprofHTMLTag": {"code": "0xaedd4b70", "doc": "http://searchengineland.com/smb-websites-matter-anymore-yp-doubles-yes-new-pro-seo-product-276727", "row": 0, "column": 38, "tagName": "div", "time": 7908.538223, "url": "", "pos": 38, "chunkLen": 44, "isStartTag": 1}}
06-28 10:47:19.695  6968  6981 E WProf.db: {"WprofHTMLTag": {"code": "0xaedd4d80", "doc": "http://searchengineland.com/smb-websites-matter-anymore-yp-doubles-yes-new-pro-seo-product-276727", "row": 0, "column": 44, "tagName": "div", "time": 7908.538335, "url": "", "pos": 44, "chunkLen": 44, "isStartTag": 0}}
06-28 10:47:19.695  6968  6981 E WProf.db: {"WprofHTMLTag": {"code": "0x9d2fca80", "doc": "http://searchengineland.com/smb-websites-matter-anymore-yp-doubles-yes-new-pro-seo-product-276727", "row": 0, "column": 13, "tagName": "select", "time": 7908.539668, "url": "", "pos": 13, "chunkLen": 51, "isStartTag": 1}}
06-28 10:47:19.695  6968  6981 E WProf.db: {"WprofHTMLTag": {"code": "0x9d2fcab0", "doc": "http://searchengineland.com/smb-websites-matter-anymore-yp-doubles-yes-new-pro-seo-product-276727", "row": 0, "column": 33, "tagName": "option", "time": 7908.539840, "url": "", "pos": 33, "chunkLen": 51, "isStartTag": 1}}
06-28 10:47:19.695  6968  6981 E WProf.db: {"WprofHTMLTag": {"code": "0x9d2fcae0", "doc": "http://searchengineland.com/smb-websites-matter-anymore-yp-doubles-yes-new-pro-seo-product-276727", "row": 0, "column": 42, "tagName": "option", "time": 7908.540085, "url": "", "pos": 42, "chunkLen": 51, "isStartTag": 0}}
06-28 10:47:19.695  6968  6981 E WProf.db: {"WprofHTMLTag": {"code": "0x9d2fcb10", "doc": "http://searchengineland.com/smb-websites-matter-anymore-yp-doubles-yes-new-pro-seo-product-276727", "row": 0, "column": 51, "tagName": "select", "time": 7908.540141, "url": "", "pos": 51, "chunkLen": 51, "isStartTag": 0}}
06-28 10:47:19.695  6968  6981 E WProf.db: {"WprofHTMLTag": {"code": "0x9d2fcb40", "doc": "http://searchengineland.com/smb-websites-matter-anymore-yp-doubles-yes-new-pro-seo-product-276727", "row": 0, "column": 12, "tagName": "a", "time": 7908.544369, "url": "", "pos": 12, "chunkLen": 16, "isStartTag": 1}}
06-28 10:47:19.696  6968  6981 E WProf.db: {"WprofHTMLTag": {"code": "0x9d2fcb70", "doc": "http://searchengineland.com/smb-websites-matter-anymore-yp-doubles-yes-new-pro-seo-product-276727", "row": 0, "column": 16, "tagName": "a", "time": 7908.544530, "url": "", "pos": 16, "chunkLen": 16, "isStartTag": 0}}
06-28 10:47:19.696  6968  6981 E WProf.db: {"WprofHTMLTag": {"code": "0x9d2fcba0", "doc": "http://searchengineland.com/smb-websites-matter-anymore-yp-doubles-yes-new-pro-seo-product-276727", "row": 0, "column": 8, "tagName": "input", "time": 7908.545493, "url": "", "pos": 8, "chunkLen": 8, "isStartTag": 1}}
06-28 10:47:19.696  6968  6981 E WProf.db: {"WprofHTMLTag": {"code": "0x9d2fcbd0", "doc": "http://searchengineland.com/smb-websites-matter-anymore-yp-doubles-yes-new-pro-seo-product-276727", "row": 0, "column": 9, "tagName": "link", "time": 7908.558355, "url": "", "pos": 9, "chunkLen": 42, "isStartTag": 1}}
06-28 10:47:19.696  6968  6981 E WProf.db: {"WprofHTMLTag": {"code": "0x9d2fcc00", "doc": "http://searchengineland.com/smb-websites-matter-anymore-yp-doubles-yes-new-pro-seo-product-276727", "row": 0, "column": 16, "tagName": "table", "time": 7908.558464, "url": "", "pos": 16, "chunkLen": 42, "isStartTag": 1}}
06-28 10:47:19.696  6968  6981 E WProf.db: {"WprofHTMLTag": {"code": "0x9d2fcc30", "doc": "http://searchengineland.com/smb-websites-matter-anymore-yp-doubles-yes-new-pro-seo-product-276727", "row": 0, "column": 24, "tagName": "table", "time": 7908.558573, "url": "", "pos": 24, "chunkLen": 42, "isStartTag": 0}}
06-28 10:47:19.696  6968  6981 E WProf.db: {"WprofHTMLTag": {"code": "0x9d2fcc60", "doc": "http://searchengineland.com/smb-websites-matter-anymore-yp-doubles-yes-new-pro-seo-product-276727", "row": 0, "column": 37, "tagName": "a", "time": 7908.558639, "url": "", "pos": 37, "chunkLen": 42, "isStartTag": 1}}
06-28 10:47:19.696  6968  6981 E WProf.db: {"WprofHTMLTag": {"code": "0x9d2fcc90", "doc": "http://searchengineland.com/smb-websites-matter-anymore-yp-doubles-yes-new-pro-seo-product-276727", "row": 0, "column": 42, "tagName": "a", "time": 7908.558799, "url": "", "pos": 42, "chunkLen": 42, "isStartTag": 0}}
06-28 10:47:19.696  6968  6981 E WProf.db: {"WprofHTMLTag": {"code": "0x9d2fcd20", "doc": "http://searchengineland.com/smb-websites-matter-anymore-yp-doubles-yes-new-pro-seo-product-276727", "row": 0, "column": 10, "tagName": "textarea", "time": 7908.559894, "url": "", "pos": 10, "chunkLen": 22, "isStartTag": 1}}
06-28 10:47:19.696  6968  6981 E WProf.db: {"WprofHTMLTag": {"code": "0x9d2fcd50", "doc": "http://searchengineland.com/smb-websites-matter-anymore-yp-doubles-yes-new-pro-seo-product-276727", "row": 0, "column": 22, "tagName": "textarea", "time": 7908.560119, "url": "", "pos": 22, "chunkLen": 22, "isStartTag": 0}}
06-28 10:47:19.696  6968  6981 E WProf.db: {"WprofHTMLTag": {"code": "0x9d2fcd80", "doc": "http://searchengineland.com/smb-websites-matter-anymore-yp-doubles-yes-new-pro-seo-product-276727", "row": 0, "column": 48, "tagName": "input", "time": 7908.561203, "url": "", "pos": 48, "chunkLen": 48, "isStartTag": 1}}
06-28 10:47:19.697  6968  6981 E WProf.db: {"WprofHTMLTag": {"code": "0x9d2fcde0", "doc": "http://searchengineland.com/smb-websites-matter-anymore-yp-doubles-yes-new-pro-seo-product-276727", "row": 0, "column": 9, "tagName": "link", "time": 7908.574075, "url": "", "pos": 9, "chunkLen": 66, "isStartTag": 1}}
06-28 10:47:19.697  6968  6981 E WProf.db: {"WprofHTMLTag": {"code": "0x9d2fce10", "doc": "http://searchengineland.com/smb-websites-matter-anymore-yp-doubles-yes-new-pro-seo-product-276727", "row": 0, "column": 16, "tagName": "table", "time": 7908.574204, "url": "", "pos": 16, "chunkLen": 66, "isStartTag": 1}}
06-28 10:47:19.697  6968  6981 E WProf.db: {"WprofHTMLTag": {"code": "0x9d2fce40", "doc": "http://searchengineland.com/smb-websites-matter-anymore-yp-doubles-yes-new-pro-seo-product-276727", "row": 0, "column": 24, "tagName": "table", "time": 7908.574287, "url": "", "pos": 24, "chunkLen": 66, "isStartTag": 0}}
06-28 10:47:19.697  6968  6981 E WProf.db: {"WprofHTMLTag": {"code": "0x9d2fce70", "doc": "http://searchengineland.com/smb-websites-matter-anymore-yp-doubles-yes-new-pro-seo-product-276727", "row": 0, "column": 37, "tagName": "a", "time": 7908.574357, "url": "", "pos": 37, "chunkLen": 66, "isStartTag": 1}}
06-28 10:47:19.697  6968  6981 E WProf.db: {"WprofHTMLTag": {"code": "0x9d2fcea0", "doc": "http://searchengineland.com/smb-websites-matter-anymore-yp-doubles-yes-new-pro-seo-product-276727", "row": 0, "column": 42, "tagName": "a", "time": 7908.574542, "url": "", "pos": 42, "chunkLen": 66, "isStartTag": 0}}
06-28 10:47:19.697  6968  6981 E WProf.db: {"WprofHTMLTag": {"code": "0x9d2fced0", "doc": "http://searchengineland.com/smb-websites-matter-anymore-yp-doubles-yes-new-pro-seo-product-276727", "row": 0, "column": 66, "tagName": "input", "time": 7908.574606, "url": "", "pos": 66, "chunkLen": 66, "isStartTag": 1}}
06-28 10:47:19.697  6968  6981 E WProf.db: {"WprofHTMLTag": {"code": "0x9d2fcf60", "doc": "http://searchengineland.com/smb-websites-matter-anymore-yp-doubles-yes-new-pro-seo-product-276727", "row": 0, "column": 9, "tagName": "link", "time": 7908.576477, "url": "", "pos": 9, "chunkLen": 66, "isStartTag": 1}}
06-28 10:47:19.697  6968  6981 E WProf.db: {"WprofHTMLTag": {"code": "0x9d2fcf90", "doc": "http://searchengineland.com/smb-websites-matter-anymore-yp-doubles-yes-new-pro-seo-product-276727", "row": 0, "column": 16, "tagName": "table", "time": 7908.576582, "url": "", "pos": 16, "chunkLen": 66, "isStartTag": 1}}
06-28 10:47:19.698  6968  6981 E WProf.db: {"WprofHTMLTag": {"code": "0x9d2fcfc0", "doc": "http://searchengineland.com/smb-websites-matter-anymore-yp-doubles-yes-new-pro-seo-product-276727", "row": 0, "column": 24, "tagName": "table", "time": 7908.576653, "url": "", "pos": 24, "chunkLen": 66, "isStartTag": 0}}
06-28 10:47:19.698  6968  6981 E WProf.db: {"WprofHTMLTag": {"code": "0x9d2fcff0", "doc": "http://searchengineland.com/smb-websites-matter-anymore-yp-doubles-yes-new-pro-seo-product-276727", "row": 0, "column": 37, "tagName": "a", "time": 7908.576714, "url": "", "pos": 37, "chunkLen": 66, "isStartTag": 1}}
06-28 10:47:19.698  6968  6981 E WProf.db: {"WprofHTMLTag": {"code": "0x9d2fd020", "doc": "http://searchengineland.com/smb-websites-matter-anymore-yp-doubles-yes-new-pro-seo-product-276727", "row": 0, "column": 42, "tagName": "a", "time": 7908.576896, "url": "", "pos": 42, "chunkLen": 66, "isStartTag": 0}}
06-28 10:47:19.698  6968  6981 E WProf.db: {"WprofHTMLTag": {"code": "0x9d2fd050", "doc": "http://searchengineland.com/smb-websites-matter-anymore-yp-doubles-yes-new-pro-seo-product-276727", "row": 0, "column": 66, "tagName": "input", "time": 7908.577036, "url": "", "pos": 66, "chunkLen": 66, "isStartTag": 1}}
06-28 10:47:19.698  6968  6981 E WProf.db: {"WprofHTMLTag": {"code": "0x9d2fd0b0", "doc": "http://searchengineland.com/smb-websites-matter-anymore-yp-doubles-yes-new-pro-seo-product-276727", "row": 0, "column": 9, "tagName": "link", "time": 7908.600807, "url": "", "pos": 9, "chunkLen": 66, "isStartTag": 1}}
06-28 10:47:19.698  6968  6981 E WProf.db: {"WprofHTMLTag": {"code": "0x9d2fd0e0", "doc": "http://searchengineland.com/smb-websites-matter-anymore-yp-doubles-yes-new-pro-seo-product-276727", "row": 0, "column": 16, "tagName": "table", "time": 7908.600939, "url": "", "pos": 16, "chunkLen": 66, "isStartTag": 1}}
06-28 10:47:19.698  6968  6981 E WProf.db: {"WprofHTMLTag": {"code": "0x9d2fd110", "doc": "http://searchengineland.com/smb-websites-matter-anymore-yp-doubles-yes-new-pro-seo-product-276727", "row": 0, "column": 24, "tagName": "table", "time": 7908.601020, "url": "", "pos": 24, "chunkLen": 66, "isStartTag": 0}}
06-28 10:47:19.698  6968  6981 E WProf.db: {"WprofHTMLTag": {"code": "0x9d2fd140", "doc": "http://searchengineland.com/smb-websites-matter-anymore-yp-doubles-yes-new-pro-seo-product-276727", "row": 0, "column": 37, "tagName": "a", "time": 7908.601087, "url": "", "pos": 37, "chunkLen": 66, "isStartTag": 1}}
06-28 10:47:19.698  6968  6981 E WProf.db: {"WprofHTMLTag": {"code": "0x9d2fd170", "doc": "http://searchengineland.com/smb-websites-matter-anymore-yp-doubles-yes-new-pro-seo-product-276727", "row": 0, "column": 42, "tagName": "a", "time": 7908.601288, "url": "", "pos": 42, "chunkLen": 66, "isStartTag": 0}}
06-28 10:47:19.699  6968  6981 E WProf.db: {"WprofHTMLTag": {"code": "0x9d2fd1a0", "doc": "http://searchengineland.com/smb-websites-matter-anymore-yp-doubles-yes-new-pro-seo-product-276727", "row": 0, "column": 66, "tagName": "input", "time": 7908.601353, "url": "", "pos": 66, "chunkLen": 66, "isStartTag": 1}}
06-28 10:47:19.699  6968  6981 E WProf.db: {"WprofHTMLTag": {"code": "0x9d2fc9c0", "doc": "http://searchengineland.com/smb-websites-matter-anymore-yp-doubles-yes-new-pro-seo-product-276727", "row": 113, "column": 154, "tagName": "script", "time": 7908.618581, "url": "http://searchengineland.com/figz/wp-content/themes/searchengineland/js/lib/jquery-ui-1.10.3.custom.min.js?ver=1.10.3", "pos": 67, "chunkLen": 67, "isStartTag": 1}}
06-28 10:47:19.699  6968  6981 E WProf.db: {"WprofHTMLTag": {"code": "0x9d2fd2c0", "doc": "http://searchengineland.com/smb-websites-matter-anymore-yp-doubles-yes-new-pro-seo-product-276727", "row": 113, "column": 163, "tagName": "script", "time": 7908.618843, "url": "", "pos": 67, "chunkLen": 67, "isStartTag": 0}}
06-28 10:47:19.699  6968  6981 E WProf.db: {"WprofHTMLTag": {"code": "0xaedd4c00", "doc": "http://searchengineland.com/smb-websites-matter-anymore-yp-doubles-yes-new-pro-seo-product-276727", "row": 0, "column": 111, "tagName": "div", "time": 7908.757440, "url": "", "pos": 111, "chunkLen": 117, "isStartTag": 1}}
06-28 10:47:19.699  6968  6981 E WProf.db: {"WprofHTMLTag": {"code": "0xaedd4b10", "doc": "http://searchengineland.com/smb-websites-matter-anymore-yp-doubles-yes-new-pro-seo-product-276727", "row": 0, "column": 117, "tagName": "div", "time": 7908.757652, "url": "", "pos": 117, "chunkLen": 117, "isStartTag": 0}}
