--------- beginning of main
06-28 16:10:09.235  3449  3449 E Finsky  : [1] com.google.android.finsky.wear.bl.a(3): onConnectionFailed: ConnectionResult{statusCode=API_UNAVAILABLE, resolution=null, message=null}
--------- beginning of system
06-28 16:10:10.324 23390 23390 E chromium: [ERROR:shell_integration_android.cc(12)] Not implemented reached in static ShellIntegration::DefaultWebClientSetPermission ShellIntegration::CanSetAsDefaultBrowser()
06-28 16:10:10.327 23390 23390 E chromium: [ERROR:browser_process_impl.cc(720)] Not implemented reached in virtual BackgroundModeManager* BrowserProcessImpl::background_mode_manager()
06-28 16:10:10.648  3218   781 E AudioRecord-JNI: Error -4 during AudioRecord native read
06-28 16:10:13.010 23390 23438 E chromium: [ERROR:gles2_cmd_decoder.cc(3852)] [.ChromiumCompositor-0xacbb2fc0]GL ERROR :GL_INVALID_ENUM : glDiscardFramebufferEXT: attachments was GL_COLOR_EXT
06-28 16:10:13.316 23456 23469 E WPROF   : {"CSS": {"url": "http://searchengineland.com/figz/wp-content/themes/searchengineland/css/searchengineland-bootstrap.css", "requestTime": 27290.371428}}
06-28 16:10:13.316 23456 23469 E WPROF   : {"CSS": {"url": "http://fonts.googleapis.com/css?family=Oswald:300,400,700", "requestTime": 27290.372125}}
06-28 16:10:13.317 23456 23469 E WPROF   : {"CSS": {"url": "http://searchengineland.com/figz/wp-content/themes/searchengineland/style.css", "requestTime": 27290.372615}}
06-28 16:10:13.322 23456 23469 E WPROF   : {"Javascript": {"url": "http://searchengineland.com/figz/wp-content/themes/searchengineland/js/lib/modernizr.custom.js?ver=1.0", "requestTime": 27290.378004}}
06-28 16:10:13.323 23456 23469 E WPROF   : {"Javascript": {"url": "http://searchengineland.com/figz/wp-content/themes/searchengineland/js/lib/jquery-1.11.0.min.js?ver=1.11.0", "requestTime": 27290.378403}}
06-28 16:10:13.323 23456 23469 E WPROF   : {"Javascript": {"url": "http://searchengineland.com/figz/wp-content/themes/searchengineland/js/lib/jquery-ui-1.10.3.custom.min.js?ver=1.10.3", "requestTime": 27290.378715}}
06-28 16:10:13.323 23456 23469 E WPROF   : {"Javascript": {"url": "http://searchengineland.com/figz/wp-content/themes/searchengineland/js/lib/jquery.ba-throttle-debounce.min.js?ver=1.1", "requestTime": 27290.379027}}
06-28 16:10:13.324 23456 23469 E WPROF   : {"Javascript": {"url": "http://searchengineland.com/figz/wp-content/themes/searchengineland/js/lib/jquery.countdown.min.js?ver=2.0.4", "requestTime": 27290.379342}}
06-28 16:10:13.324 23456 23469 E WPROF   : {"Javascript": {"url": "http://static.chartbeat.com/js/chartbeat_mab.js", "requestTime": 27290.379674}}
06-28 16:10:13.953 23456 23469 E WPROF   : {"Javascript": {"url": "http://searchengineland.com/figz/wp-includes/js/wp-emoji-release.min.js?ver=4.7.5", "requestTime": 27291.009006}}
06-28 16:10:14.341 23456 23469 E WPROF   : {"Javascript": {"url": "http://www.googletagservices.com/tag/js/gpt.js", "requestTime": 27291.397103}}
06-28 16:10:14.351 23456 23469 E WPROF   : {"Javascript": {"url": "https://www.google-analytics.com/analytics.js", "requestTime": 27291.406207}}
06-28 16:10:14.354 23456 23469 E WPROF   : {"Javascript": {"url": "http://edge.quantserve.com/quant.js", "requestTime": 27291.409976}}
06-28 16:10:14.357 23456 23469 E WPROF   : {"Javascript": {"url": "https://connect.facebook.net/en_US/fbevents.js", "requestTime": 27291.412678}}
06-28 16:10:14.422 23390 23438 E chromium: [ERROR:gles2_cmd_decoder.cc(3852)] [.ChromiumCompositor-0xacbb2fc0]GL ERROR :GL_INVALID_ENUM : glDiscardFramebufferEXT: attachments was GL_COLOR_EXT
06-28 16:10:14.447 23456 23469 E WPROF   : {"Javascript": {"url": "http://app-sj02.marketo.com/js/forms2/js/forms2.min.js", "requestTime": 27291.502732}}
06-28 16:10:14.451 23456 23469 E WPROF   : {"Javascript": {"url": "http://platform.twitter.com/widgets.js", "requestTime": 27291.506895}}
06-28 16:10:14.534 23390 23438 E chromium: [ERROR:gles2_cmd_decoder.cc(3852)] [.ChromiumCompositor-0xacbb2fc0]GL ERROR :GL_INVALID_ENUM : glDiscardFramebufferEXT: attachments was GL_COLOR_EXT
06-28 16:10:14.565 23456 23469 E WPROF   : {"Javascript": {"url": "https://connect.facebook.net/signals/config/423979991297359?v=2.7.17", "requestTime": 27291.620345}}
06-28 16:10:14.771 23456 23469 E WPROF   : {"Javascript": {"url": "http://app-sj02.marketo.com/index.php/form/getForm?munchkinId=727-ZQE-044&form=5691&url=http%3A%2F%2Fsearchengineland.com%2Fsmx-advanced-ama-google-search-276924&callback=jQuery110205135481625329703_1498633814702&_=1498633814703", "requestTime": 27291.826485}}
06-28 16:10:14.788 23456 23469 E WPROF   : {"Javascript": {"url": "http://app-sj02.marketo.com/index.php/form/getForm?munchkinId=727-ZQE-044&form=5685&url=http%3A%2F%2Fsearchengineland.com%2Fsmx-advanced-ama-google-search-276924&callback=jQuery110205135481625329703_1498633814704&_=1498633814705", "requestTime": 27291.843894}}
06-28 16:10:14.811 23456 23469 E WPROF   : {"Javascript": {"url": "https://securepubads.g.doubleclick.net/gpt/pubads_impl_121.js", "requestTime": 27291.866611}}
06-28 16:10:15.064 23390 23438 E chromium: [ERROR:gles2_cmd_decoder.cc(3852)] [.ChromiumCompositor-0xacbb2fc0]GL ERROR :GL_INVALID_ENUM : glDiscardFramebufferEXT: attachments was GL_COLOR_EXT
06-28 16:10:15.351 23390 23438 E chromium: [ERROR:gles2_cmd_decoder.cc(3852)] [.ChromiumCompositor-0xacbb2fc0]GL ERROR :GL_INVALID_ENUM : glDiscardFramebufferEXT: attachments was GL_COLOR_EXT
06-28 16:10:15.541 23456 23469 E WPROF   : {"Javascript": {"url": "http://connect.facebook.net/en_US/sdk.js", "requestTime": 27292.596928}}
06-28 16:10:15.543 23456 23469 E WPROF   : {"Javascript": {"url": "https://apis.google.com/js/platform.js", "requestTime": 27292.598590}}
06-28 16:10:15.566 23456 23469 E WPROF   : {"Javascript": {"url": "http://rules.quantcount.com/rules-p-5aGizvD82d9hk.js", "requestTime": 27292.621272}}
06-28 16:10:15.568 23456 23469 E WPROF   : {"Javascript": {"url": "http://munchkin.marketo.net/munchkin.js", "requestTime": 27292.623921}}
06-28 16:10:15.570 23456 23469 E WPROF   : {"Javascript": {"url": "http://d2j3qa5nc37287.cloudfront.net/coupon_code1.js", "requestTime": 27292.625754}}
06-28 16:10:15.572 23456 23469 E WPROF   : {"Javascript": {"url": "http://www.googleadservices.com/pagead/conversion.js", "requestTime": 27292.627797}}
06-28 16:10:15.691 23456 23469 E WPROF   : {"Javascript": {"url": "http://cdn.api.twitter.com/1/users/show.json?screen_name=mattmcgee&callback=twttr.setFollowersCount", "requestTime": 27292.746249}}
06-28 16:10:15.712 23456 23469 E WPROF   : {"Javascript": {"url": "https://static.xx.fbcdn.net/rsrc.php/v3iy6L4/yF/l/ko_KR/w3AiswiqjrJ.js", "requestTime": 27292.767561}}
06-28 16:10:15.823 23456 23469 E WPROF   : {"Javascript": {"url": "http://dnn506yrbagrg.cloudfront.net/pages/scripts/0026/4062.js?416287", "requestTime": 27292.878807}}
06-28 16:10:15.898   862  1657 E LocSvc_IzatApiV02: E/virtual int izat_core::IzatApiV02::getBatchSize(int32_t):522]: Error : st = 4, ind.status = -1628389555
06-28 16:10:15.899   862  1657 E LocSvc_IzatApiV02: E/virtual int izat_core::IzatApiV02::getBatchSize(int32_t):535]: get batching size failed.Or modem does not support batching 
06-28 16:10:15.914   862  1657 E LocSvc_IzatApiV02: E/virtual int izat_core::IzatApiV02::getBatchSize(int32_t):522]: Error : st = 4, ind.status = -1628389555
06-28 16:10:15.914   862  1657 E LocSvc_IzatApiV02: E/virtual int izat_core::IzatApiV02::getBatchSize(int32_t):535]: get batching size failed.Or modem does not support batching 
06-28 16:10:15.943   862  1657 E LocSvc_IzatApiV02: E/virtual int izat_core::IzatApiV02::getBatchSize(int32_t):522]: Error : st = 4, ind.status = -1628389555
06-28 16:10:15.943   862  1657 E LocSvc_IzatApiV02: E/virtual int izat_core::IzatApiV02::getBatchSize(int32_t):535]: get batching size failed.Or modem does not support batching 
06-28 16:10:15.955   862  1657 E LocSvc_IzatApiV02: E/virtual int izat_core::IzatApiV02::getBatchSize(int32_t):522]: Error : st = 4, ind.status = -1628389555
06-28 16:10:15.955   862  1657 E LocSvc_IzatApiV02: E/virtual int izat_core::IzatApiV02::getBatchSize(int32_t):535]: get batching size failed.Or modem does not support batching 
06-28 16:10:16.420 23456 23469 E WPROF   : {"Javascript": {"url": "https://securepubads.g.doubleclick.net/gampad/ads?gdfp_req=1&correlator=3303043020881920&output=json_html&callback=googletag.impl.pubads.callbackProxy1&impl=fifs&json_a=1&eid=108809080%2C108809103&sc=0&sfv=1-0-9&iu_parts=1038259%2Csel-ciu-1%2Csel-ciu-2%2Csel-ciu-3%2Csel-ciu-4%2Csel-ciu-5%2Cch-seo-le", "requestTime": 27293.476102}}
06-28 16:10:16.454 23456 23469 E WPROF   : {"CSS": {"url": "http://app-sj02.marketo.com/js/forms2/css/forms2.css", "requestTime": 27293.510094}}
06-28 16:10:16.457 23456 23469 E WPROF   : {"CSS": {"url": "http://app-sj02.marketo.com/js/forms2/css/forms2-theme-simple.css", "requestTime": 27293.513190}}
06-28 16:10:16.505 23456 23469 E WPROF   : {"Javascript": {"url": "http://searchengineland.com/figz/wp-content/themes/searchengineland/js/script.js?ver=1.0", "requestTime": 27293.560242}}
06-28 16:10:16.505 23456 23469 E WPROF   : {"Javascript": {"url": "http://searchengineland.com/figz/wp-includes/js/wp-embed.min.js?ver=4.7.5", "requestTime": 27293.560700}}
06-28 16:10:16.505 23456 23469 E WPROF   : {"Javascript": {"url": "http://searchengineland.com/figz/wp-content/themes/searchengineland/js/modules/sharing_controls.js", "requestTime": 27293.561091}}
06-28 16:10:16.580 23390 23438 E chromium: [ERROR:gles2_cmd_decoder.cc(3852)] [.ChromiumCompositor-0xacbb2fc0]GL ERROR :GL_INVALID_ENUM : glDiscardFramebufferEXT: attachments was GL_COLOR_EXT
06-28 16:10:16.792 23390 23438 E chromium: [ERROR:gles2_cmd_decoder.cc(3852)] [.ChromiumCompositor-0xacbb2fc0]GL ERROR :GL_INVALID_ENUM : glDiscardFramebufferEXT: attachments was GL_COLOR_EXT
06-28 16:10:16.910 23390 23438 E chromium: [ERROR:gles2_cmd_decoder.cc(3852)] [.ChromiumCompositor-0xacbb2fc0]GL ERROR :GL_INVALID_ENUM : glDiscardFramebufferEXT: attachments was GL_COLOR_EXT
06-28 16:10:17.731 23456 23469 E WPROF   : {"Javascript": {"url": "https://platform.twitter.com/js/button.b731e6c82269f70f6fc53634e044a4c6.js", "requestTime": 27294.786265}}
06-28 16:10:17.749 23456 23469 E WPROF   : {"Javascript": {"url": "https://platform.twitter.com/js/tweet.6352a9eebf6f1aa3bcc0a57d66d2a72d.js", "requestTime": 27294.804275}}
06-28 16:10:18.065 23456 23469 E WPROF   : {"Javascript": {"url": "http://www.justuno.com/ajax/account_version_check.html?id=828FA275-FF73-401E-AA39-40F5A6FAB6B1", "requestTime": 27295.119905}}
06-28 16:10:18.081 23456 23469 E WPROF   : {"Javascript": {"url": "http://munchkin.marketo.net/151/munchkin.js", "requestTime": 27295.137038}}
06-28 16:10:18.085 23390 23438 E chromium: [ERROR:gles2_cmd_decoder.cc(3852)] [.ChromiumCompositor-0xacbb2fc0]GL ERROR :GL_INVALID_ENUM : glDiscardFramebufferEXT: attachments was GL_COLOR_EXT
06-28 16:10:18.375 23456 23469 E WPROF   : {"Javascript": {"url": "https://tpc.googlesyndication.com/pagead/js/r20170619/r20110914/client/ext/m_window_focus_non_hydra.js", "requestTime": 27295.430759}}
06-28 16:10:18.377 23456 23469 E WPROF   : {"Javascript": {"url": "https://tpc.googlesyndication.com/pagead/js/r20170619/r20110914/activeview/osd_listener.js", "requestTime": 27295.433043}}
06-28 16:10:18.383 23456 23469 E WPROF   : {"Javascript": {"url": "http://pagead2.googlesyndication.com/pagead/osd.js", "requestTime": 27295.438494}}
06-28 16:10:18.478 23390 23438 E chromium: [ERROR:gles2_cmd_decoder.cc(3852)] [.ChromiumCompositor-0xacbb2fc0]GL ERROR :GL_INVALID_ENUM : glDiscardFramebufferEXT: attachments was GL_COLOR_EXT
06-28 16:10:18.621 23390 23438 E chromium: [ERROR:gles2_cmd_decoder.cc(3852)] [.ChromiumCompositor-0xacbb2fc0]GL ERROR :GL_INVALID_ENUM : glDiscardFramebufferEXT: attachments was GL_COLOR_EXT
06-28 16:10:18.771 23390 23438 E chromium: [ERROR:gles2_cmd_decoder.cc(3852)] [.ChromiumCompositor-0xacbb2fc0]GL ERROR :GL_INVALID_ENUM : glDiscardFramebufferEXT: attachments was GL_COLOR_EXT
06-28 16:10:19.197 23390 23438 E chromium: [ERROR:gles2_cmd_decoder.cc(3852)] [.ChromiumCompositor-0xacbb2fc0]GL ERROR :GL_INVALID_ENUM : glDiscardFramebufferEXT: attachments was GL_COLOR_EXT
06-28 16:10:19.336 23456 23469 E WPROF   : {"Javascript": {"url": "https://cdn.syndication.twimg.com/tweets.json?callback=__twttr.callbacks.cb0&ids=874660971645554688%2C874661773772595201%2C874663374096711680%2C874664644798853120%2C874664856107982848%2C874667759656882176%2C874668466954883073%2C874670215480692736%2C874671349007962112%2C874672884731363330&lang=en&sup", "requestTime": 27296.391510}}
06-28 16:10:19.340 23456 23469 E WPROF   : {"Javascript": {"url": "http://cdn.justuno.com/mwgt_3.6.js", "requestTime": 27296.396165}}
06-28 16:10:19.915 23390 23438 E chromium: [ERROR:gles2_cmd_decoder.cc(3852)] [.ChromiumCompositor-0xacbb2fc0]GL ERROR :GL_INVALID_ENUM : glDiscardFramebufferEXT: attachments was GL_COLOR_EXT
06-28 16:10:20.201 23390 23438 E chromium: [ERROR:gles2_cmd_decoder.cc(3852)] [.ChromiumCompositor-0xacbb2fc0]GL ERROR :GL_INVALID_ENUM : glDiscardFramebufferEXT: attachments was GL_COLOR_EXT
06-28 16:10:20.620 23456 23469 E WPROF   : {"CSS": {"url": "http://platform.twitter.com/css/tweet.617c78967784cf8638fa20f3423757ac.light.ltr.css", "requestTime": 27297.675398}}
06-28 16:10:20.668 23390 23438 E chromium: [ERROR:gles2_cmd_decoder.cc(3852)] [.ChromiumCompositor-0xacbb2fc0]GL ERROR :GL_INVALID_ENUM : glDiscardFramebufferEXT: attachments was GL_COLOR_EXT
06-28 16:10:20.817 23390 23438 E chromium: [ERROR:gles2_cmd_decoder.cc(3852)] [.ChromiumCompositor-0xacbb2fc0]GL ERROR :GL_INVALID_ENUM : glDiscardFramebufferEXT: attachments was GL_COLOR_EXT
06-28 16:10:20.943 23456 23469 E WPROF   : {"Javascript": {"url": "https://cdn.syndication.twimg.com/widgets/followbutton/info.json?callback=__twttr.setFollowersCountAndFollowing&lang=en&screen_names=sengineland", "requestTime": 27297.998461}}
06-28 16:10:21.019 23456 23469 E WPROF   : {"Javascript": {"url": "https://app-sj02.marketo.com/js/forms2/js/forms2.min.js", "requestTime": 27298.074246}}
06-28 16:10:22.002 23456 23469 E WProf.db: {"page": "searchengineland.com_smx-advanced-ama-google-search-276924"}
06-28 16:10:22.002 23456 23469 E WProf.db: {"DOMLoad": 27299.057745}
06-28 16:10:22.002 23456 23469 E WProf.db: {"Resource": {"id": 1, "url": "http://searchengineland.com/smx-advanced-ama-google-search-276924", "sentTime": -1.000000, "len": 105962, "from": "0x0", "mimeType": "text/html", "contentLength": -1, "httpStatus": 200, "connId": 19, "connReused": 1, "cached": 0,"requestTime": 27289.999234, "proxyStart": -1, "proxyEnd": -1, "dnsStart": -1, "dnsEnd": -1, "connectStart": 0, "connectEnd": 62, "sendStart": 62, "sendEnd": 63, "receiveHeadersEnd": 249, "sslStart": -1, "sslEnd": -1}}
06-28 16:10:22.002 23456 23469 E WProf.db: {"ReceivedChunk": {"receivedTime": 27290.266495, "len": 7872}}
06-28 16:10:22.002 23456 23469 E WProf.db: {"ReceivedChunk": {"receivedTime": 27290.361555, "len": 32768}}
06-28 16:10:22.002 23456 23469 E WProf.db: {"ReceivedChunk": {"receivedTime": 27290.361799, "len": 29264}}
06-28 16:10:22.002 23456 23469 E WProf.db: {"ReceivedChunk": {"receivedTime": 27290.424283, "len": 9920}}
06-28 16:10:22.002 23456 23469 E WProf.db: {"ReceivedChunk": {"receivedTime": 27290.425199, "len": 26138}}
06-28 16:10:22.002 23456 23469 E WProf.db: {"WprofHTMLTag": {"code": "0xaeddd2d0", "doc": "http://searchengineland.com/smx-advanced-ama-google-search-276924", "row": 6, "column": 42, "tagName": "html", "time": 27290.365242, "url": "", "pos": 1, "chunkLen": 1, "isStartTag": 1}}
06-28 16:10:22.003 23456 23469 E WProf.db: {"WprofHTMLTag": {"code": "0xaf0477f0", "doc": "http://searchengineland.com/smx-advanced-ama-google-search-276924", "row": 7, "column": 6, "tagName": "head", "time": 27290.365479, "url": "", "pos": 1, "chunkLen": 1, "isStartTag": 1}}
06-28 16:10:22.003 23456 23469 E WProf.db: {"WprofHTMLTag": {"code": "0xaf0478e0", "doc": "http://searchengineland.com/smx-advanced-ama-google-search-276924", "row": 8, "column": 54, "tagName": "meta", "time": 27290.365523, "url": "", "pos": 1, "chunkLen": 1, "isStartTag": 1}}
06-28 16:10:22.003 23456 23469 E WProf.db: {"WprofHTMLTag": {"code": "0xaf047910", "doc": "http://searchengineland.com/smx-advanced-ama-google-search-276924", "row": 9, "column": 68, "tagName": "meta", "time": 27290.365672, "url": "", "pos": 1, "chunkLen": 1, "isStartTag": 1}}
06-28 16:10:22.003 23456 23469 E WProf.db: {"WprofHTMLTag": {"code": "0xaf047940", "doc": "http://searchengineland.com/smx-advanced-ama-google-search-276924", "row": 10, "column": 23, "tagName": "meta", "time": 27290.365785, "url": "", "pos": 1, "chunkLen": 1, "isStartTag": 1}}
06-28 16:10:22.003 23456 23469 E WProf.db: {"WprofHTMLTag": {"code": "0xaf047970", "doc": "http://searchengineland.com/smx-advanced-ama-google-search-276924", "row": 11, "column": 52, "tagName": "meta", "time": 27290.365923, "url": "", "pos": 1, "chunkLen": 1, "isStartTag": 1}}
06-28 16:10:22.003 23456 23469 E WProf.db: {"WprofHTMLTag": {"code": "0xaf0479a0", "doc": "http://searchengineland.com/smx-advanced-ama-google-search-276924", "row": 14, "column": 56, "tagName": "meta", "time": 27290.366048, "url": "", "pos": 1, "chunkLen": 1, "isStartTag": 1}}
06-28 16:10:22.003 23456 23469 E WProf.db: {"WprofHTMLTag": {"code": "0xaf0479d0", "doc": "http://searchengineland.com/smx-advanced-ama-google-search-276924", "row": 15, "column": 83, "tagName": "meta", "time": 27290.366173, "url": "", "pos": 1, "chunkLen": 1, "isStartTag": 1}}
06-28 16:10:22.003 23456 23469 E WProf.db: {"WprofHTMLTag": {"code": "0xaf047a00", "doc": "http://searchengineland.com/smx-advanced-ama-google-search-276924", "row": 16, "column": 57, "tagName": "meta", "time": 27290.366292, "url": "", "pos": 1, "chunkLen": 1, "isStartTag": 1}}
06-28 16:10:22.003 23456 23469 E WProf.db: {"WprofHTMLTag": {"code": "0xaf047a90", "doc": "http://searchengineland.com/smx-advanced-ama-google-search-276924", "row": 17, "column": 41, "tagName": "meta", "time": 27290.366416, "url": "", "pos": 1, "chunkLen": 1, "isStartTag": 1}}
06-28 16:10:22.003 23456 23469 E WProf.db: {"WprofHTMLTag": {"code": "0xaf047ac0", "doc": "http://searchengineland.com/smx-advanced-ama-google-search-276924", "row": 18, "column": 50, "tagName": "meta", "time": 27290.366534, "url": "", "pos": 1, "chunkLen": 1, "isStartTag": 1}}
06-28 16:10:22.003 23456 23469 E WProf.db: {"WprofHTMLTag": {"code": "0xaf047af0", "doc": "http://searchengineland.com/smx-advanced-ama-google-search-276924", "row": 19, "column": 174, "tagName": "meta", "time": 27290.366647, "url": "", "pos": 1, "chunkLen": 1, "isStartTag": 1}}
06-28 16:10:22.003 23456 23469 E WProf.db: {"WprofHTMLTag": {"code": "0xaf047a60", "doc": "http://searchengineland.com/smx-advanced-ama-google-search-276924", "row": 20, "column": 47, "tagName": "meta", "time": 27290.366762, "url": "", "pos": 1, "chunkLen": 1, "isStartTag": 1}}
06-28 16:10:22.003 23456 23469 E WProf.db: {"WprofHTMLTag": {"code": "0xaf047a30", "doc": "http://searchengineland.com/smx-advanced-ama-google-search-276924", "row": 21, "column": 67, "tagName": "meta", "time": 27290.366883, "url": "", "pos": 1, "chunkLen": 1, "isStartTag": 1}}
06-28 16:10:22.003 23456 23469 E WProf.db: {"WprofHTMLTag": {"code": "0xaf047b20", "doc": "http://searchengineland.com/smx-advanced-ama-google-search-276924", "row": 22, "column": 57, "tagName": "meta", "time": 27290.367005, "url": "", "pos": 1, "chunkLen": 1, "isStartTag": 1}}
06-28 16:10:22.004 23456 23469 E WProf.db: {"WprofHTMLTag": {"code": "0xaf047b50", "doc": "http://searchengineland.com/smx-advanced-ama-google-search-276924", "row": 23, "column": 65, "tagName": "meta", "time": 27290.367116, "url": "", "pos": 1, "chunkLen": 1, "isStartTag": 1}}
06-28 16:10:22.004 23456 23469 E WProf.db: {"WprofHTMLTag": {"code": "0xaf047b80", "doc": "http://searchengineland.com/smx-advanced-ama-google-search-276924", "row": 24, "column": 55, "tagName": "meta", "time": 27290.367228, "url": "", "pos": 1, "chunkLen": 1, "isStartTag": 1}}
06-28 16:10:22.004 23456 23469 E WProf.db: {"WprofHTMLTag": {"code": "0xaf047bb0", "doc": "http://searchengineland.com/smx-advanced-ama-google-search-276924", "row": 25, "column": 71, "tagName": "meta", "time": 27290.367351, "url": "", "pos": 1, "chunkLen": 1, "isStartTag": 1}}
06-28 16:10:22.004 23456 23469 E WProf.db: {"WprofHTMLTag": {"code": "0xaf047be0", "doc": "http://searchengineland.com/smx-advanced-ama-google-search-276924", "row": 26, "column": 86, "tagName": "meta", "time": 27290.367466, "url": "", "pos": 1, "chunkLen": 1, "isStartTag": 1}}
06-28 16:10:22.004 23456 23469 E WProf.db: {"WprofHTMLTag": {"code": "0xaf047c10", "doc": "http://searchengineland.com/smx-advanced-ama-google-search-276924", "row": 27, "column": 54, "tagName": "meta", "time": 27290.367590, "url": "", "pos": 1, "chunkLen": 1, "isStartTag": 1}}
06-28 16:10:22.004 23456 23469 E WProf.db: {"WprofHTMLTag": {"code": "0xaf047c40", "doc": "http://searchengineland.com/smx-advanced-ama-google-search-276924", "row": 29, "column": 39, "tagName": "meta", "time": 27290.367705, "url": "", "pos": 1, "chunkLen": 1, "isStartTag": 1}}
06-28 16:10:22.004 23456 23469 E WProf.db: {"WprofHTMLTag": {"code": "0xaf047c70", "doc": "http://searchengineland.com/smx-advanced-ama-google-search-276924", "row": 30, "column": 213, "tagName": "meta", "time": 27290.367821, "url": "", "pos": 1, "chunkLen": 1, "isStartTag": 1}}
06-28 16:10:22.004 23456 23469 E WProf.db: {"WprofHTMLTag": {"code": "0xaf047ca0", "doc": "http://searchengineland.com/smx-advanced-ama-google-search-276924", "row": 31, "column": 55, "tagName": "meta", "time": 27290.367931, "url": "", "pos": 1, "chunkLen": 1, "isStartTag": 1}}
06-28 16:10:22.004 23456 23469 E WProf.db: {"WprofHTMLTag": {"code": "0xaf047cd0", "doc": "http://searchengineland.com/smx-advanced-ama-google-search-276924", "row": 32, "column": 54, "tagName": "meta", "time": 27290.368039, "url": "", "pos": 1, "chunkLen": 1, "isStartTag": 1}}
06-28 16:10:22.004 23456 23469 E WProf.db: {"WprofHTMLTag": {"code": "0xaf047d00", "doc": "http://searchengineland.com/smx-advanced-ama-google-search-276924", "row": 33, "column": 133, "tagName": "meta", "time": 27290.368158, "url": "", "pos": 1, "chunkLen": 1, "isStartTag": 1}}
06-28 16:10:22.004 23456 23469 E WProf.db: {"WprofHTMLTag": {"code": "0xaf047d30", "doc": "http://searchengineland.com/smx-advanced-ama-google-search-276924", "row": 37, "column": 36, "tagName": "script", "time": 27290.368282, "url": "", "pos": 1, "chunkLen": 1, "isStartTag": 1}}
06-28 16:10:22.004 23456 23469 E WProf.db: {"WprofHTMLTag": {"code": "0xaf047d60", "doc": "http://searchengineland.com/smx-advanced-ama-google-search-276924", "row": 53, "column": 10, "tagName": "script", "time": 27290.368544, "url": "", "pos": 1, "chunkLen": 1, "isStartTag": 0}}
06-28 16:10:22.004 23456 23469 E WProf.db: {"WprofHTMLTag": {"code": "0xaeddd5a0", "doc": "http://searchengineland.com/smx-advanced-ama-google-search-276924", "row": 55, "column": 86, "tagName": "link", "time": 27290.369573, "url": "http://searchengineland.com/apple-touch-icon.png", "pos": 1, "chunkLen": 1, "isStartTag": 1}}
06-28 16:10:22.005 23456 23469 E WProf.db: {"WprofHTMLTag": {"code": "0xaf047d90", "doc": "http://searchengineland.com/smx-advanced-ama-google-search-276924", "row": 56, "column": 76, "tagName": "link", "time": 27290.369876, "url": "http://searchengineland.com/favicon.ico", "pos": 1, "chunkLen": 1, "isStartTag": 1}}
06-28 16:10:22.005 23456 23469 E WProf.db: {"WprofHTMLTag": {"code": "0xaf047dc0", "doc": "http://searchengineland.com/smx-advanced-ama-google-search-276924", "row": 57, "column": 158, "tagName": "link", "time": 27290.370401, "url": "http://feeds.searchengineland.com/searchengineland", "pos": 1, "chunkLen": 1, "isStartTag": 1}}
06-28 16:10:22.005 23456 23469 E WProf.db: {"WprofHTMLTag": {"code": "0xaf047df0", "doc": "http://searchengineland.com/smx-advanced-ama-google-search-276924", "row": 58, "column": 149, "tagName": "link", "time": 27290.370674, "url": "http://feeds.searchengineland.com/searchcap", "pos": 1, "chunkLen": 1, "isStartTag": 1}}
06-28 16:10:22.005 23456 23469 E WProf.db: {"WprofHTMLTag": {"code": "0xaf047e20", "doc": "http://searchengineland.com/smx-advanced-ama-google-search-276924", "row": 59, "column": 150, "tagName": "link", "time": 27290.371021, "url": "http://searchengineland.com/figz/wp-content/themes/searchengineland/css/searchengineland-bootstrap.css", "pos": 1, "chunkLen": 1, "isStartTag": 1}}
06-28 16:10:22.005 23456 23469 E WProf.db: {"WprofHTMLTag": {"code": "0xaf047e80", "doc": "http://searchengineland.com/smx-advanced-ama-google-search-276924", "row": 60, "column": 105, "tagName": "link", "time": 27290.371752, "url": "http://fonts.googleapis.com/css?family=Oswald:300,400,700", "pos": 1, "chunkLen": 1, "isStartTag": 1}}
06-28 16:10:22.005 23456 23469 E WProf.db: {"WprofHTMLTag": {"code": "0xaf047ee0", "doc": "http://searchengineland.com/smx-advanced-ama-google-search-276924", "row": 61, "column": 125, "tagName": "link", "time": 27290.372354, "url": "http://searchengineland.com/figz/wp-content/themes/searchengineland/style.css", "pos": 1, "chunkLen": 1, "isStartTag": 1}}
06-28 16:10:22.005 23456 23469 E WProf.db: {"WprofHTMLTag": {"code": "0xaf047f40", "doc": "http://searchengineland.com/smx-advanced-ama-google-search-276924", "row": 65, "column": 7, "tagName": "title", "time": 27290.372825, "url": "", "pos": 1, "chunkLen": 1, "isStartTag": 1}}
06-28 16:10:22.005 23456 23469 E WProf.db: {"WprofHTMLTag": {"code": "0xaf047f70", "doc": "http://searchengineland.com/smx-advanced-ama-google-search-276924", "row": 65, "column": 100, "tagName": "title", "time": 27290.372909, "url": "", "pos": 1, "chunkLen": 1, "isStartTag": 0}}
06-28 16:10:22.005 23456 23469 E WProf.db: {"WprofHTMLTag": {"code": "0xaf047fa0", "doc": "http://searchengineland.com/smx-advanced-ama-google-search-276924", "row": 66, "column": 220, "tagName": "meta", "time": 27290.372928, "url": "", "pos": 1, "chunkLen": 1, "isStartTag": 1}}
06-28 16:10:22.005 23456 23469 E WProf.db: {"WprofHTMLTag": {"code": "0xaf047fd0", "doc": "http://searchengineland.com/smx-advanced-ama-google-search-276924", "row": 67, "column": 40, "tagName": "meta", "time": 27290.373045, "url": "", "pos": 1, "chunkLen": 1, "isStartTag": 1}}
06-28 16:10:22.005 23456 23469 E WProf.db: {"WprofHTMLTag": {"code": "0xb4cc74b0", "doc": "http://searchengineland.com/smx-advanced-ama-google-search-276924", "row": 68, "column": 107, "tagName": "meta", "time": 27290.373154, "url": "", "pos": 1, "chunkLen": 1, "isStartTag": 1}}
06-28 16:10:22.006 23456 23469 E WProf.db: {"WprofHTMLTag": {"code": "0xb4cc7540", "doc": "http://searchengineland.com/smx-advanced-ama-google-search-276924", "row": 69, "column": 37, "tagName": "meta", "time": 27290.373262, "url": "", "pos": 1, "chunkLen": 1, "isStartTag": 1}}
06-28 16:10:22.006 23456 23469 E WProf.db: {"WprofHTMLTag": {"code": "0xb4cc78a0", "doc": "http://searchengineland.com/smx-advanced-ama-google-search-276924", "row": 70, "column": 97, "tagName": "link", "time": 27290.373371, "url": "http://searchengineland.com/smx-advanced-ama-google-search-276924", "pos": 1, "chunkLen": 1, "isStartTag": 1}}
06-28 16:10:22.006 23456 23469 E WProf.db: {"WprofHTMLTag": {"code": "0xb4cc78d0", "doc": "http://searchengineland.com/smx-advanced-ama-google-search-276924", "row": 71, "column": 76, "tagName": "link", "time": 27290.373571, "url": "https://plus.google.com/103218677032751327334", "pos": 1, "chunkLen": 1, "isStartTag": 1}}
06-28 16:10:22.006 23456 23469 E WProf.db: {"WprofHTMLTag": {"code": "0xb4cc7900", "doc": "http://searchengineland.com/smx-advanced-ama-google-search-276924", "row": 72, "column": 45, "tagName": "meta", "time": 27290.373756, "url": "", "pos": 1, "chunkLen": 1, "isStartTag": 1}}
06-28 16:10:22.006 23456 23469 E WProf.db: {"WprofHTMLTag": {"code": "0xb4cc7930", "doc": "http://searchengineland.com/smx-advanced-ama-google-search-276924", "row": 73, "column": 45, "tagName": "meta", "time": 27290.373866, "url": "", "pos": 1, "chunkLen": 1, "isStartTag": 1}}
06-28 16:10:22.006 23456 23469 E WProf.db: {"WprofHTMLTag": {"code": "0xb4cc7960", "doc": "http://searchengineland.com/smx-advanced-ama-google-search-276924", "row": 74, "column": 124, "tagName": "meta", "time": 27290.373971, "url": "", "pos": 1, "chunkLen": 1, "isStartTag": 1}}
06-28 16:10:22.006 23456 23469 E WProf.db: {"WprofHTMLTag": {"code": "0xb4cc7990", "doc": "http://searchengineland.com/smx-advanced-ama-google-search-276924", "row": 75, "column": 228, "tagName": "meta", "time": 27290.374082, "url": "", "pos": 1, "chunkLen": 1, "isStartTag": 1}}
06-28 16:10:22.006 23456 23469 E WProf.db: {"WprofHTMLTag": {"code": "0xb4cc79c0", "doc": "http://searchengineland.com/smx-advanced-ama-google-search-276924", "row": 76, "column": 102, "tagName": "meta", "time": 27290.374190, "url": "", "pos": 1, "chunkLen": 1, "isStartTag": 1}}
06-28 16:10:22.006 23456 23469 E WProf.db: {"WprofHTMLTag": {"code": "0xb4cc79f0", "doc": "http://searchengineland.com/smx-advanced-ama-google-search-276924", "row": 77, "column": 61, "tagName": "meta", "time": 27290.374300, "url": "", "pos": 1, "chunkLen": 1, "isStartTag": 1}}
06-28 16:10:22.006 23456 23469 E WProf.db: {"WprofHTMLTag": {"code": "0xb4cc7a20", "doc": "http://searchengineland.com/smx-advanced-ama-google-search-276924", "row": 78, "column": 89, "tagName": "meta", "time": 27290.374414, "url": "", "pos": 1, "chunkLen": 1, "isStartTag": 1}}
06-28 16:10:22.007 23456 23469 E WProf.db: {"WprofHTMLTag": {"code": "0xb4cc7a50", "doc": "http://searchengineland.com/smx-advanced-ama-google-search-276924", "row": 79, "column": 58, "tagName": "meta", "time": 27290.374522, "url": "", "pos": 1, "chunkLen": 1, "isStartTag": 1}}
06-28 16:10:22.007 23456 23469 E WProf.db: {"WprofHTMLTag": {"code": "0xb4cc7a80", "doc": "http://searchengineland.com/smx-advanced-ama-google-search-276924", "row": 80, "column": 78, "tagName": "meta", "time": 27290.374626, "url": "", "pos": 1, "chunkLen": 1, "isStartTag": 1}}
06-28 16:10:22.007 23456 23469 E WProf.db: {"WprofHTMLTag": {"code": "0xb4cc7ab0", "doc": "http://searchengineland.com/smx-advanced-ama-google-search-276924", "row": 81, "column": 77, "tagName": "meta", "time": 27290.374727, "url": "", "pos": 1, "chunkLen": 1, "isStartTag": 1}}
06-28 16:10:22.007 23456 23469 E WProf.db: {"WprofHTMLTag": {"code": "0xb4cc7ae0", "doc": "http://searchengineland.com/smx-advanced-ama-google-search-276924", "row": 82, "column": 71, "tagName": "meta", "time": 27290.374831, "url": "", "pos": 1, "chunkLen": 1, "isStartTag": 1}}
06-28 16:10:22.007 23456 23469 E WProf.db: {"WprofHTMLTag": {"code": "0xb4cc7b10", "doc": "http://searchengineland.com/smx-advanced-ama-google-search-276924", "row": 83, "column": 127, "tagName": "meta", "time": 27290.374940, "url": "", "pos": 1, "chunkLen": 1, "isStartTag": 1}}
06-28 16:10:22.007 23456 23469 E WProf.db: {"WprofHTMLTag": {"code": "0xb4cc7b40", "doc": "http://searchengineland.com/smx-advanced-ama-google-search-276924", "row": 84, "column": 49, "tagName": "meta", "time": 27290.375045, "url": "", "pos": 1, "chunkLen": 1, "isStartTag": 1}}
06-28 16:10:22.007 23456 23469 E WProf.db: {"WprofHTMLTag": {"code": "0xb4cc7b70", "doc": "http://searchengineland.com/smx-advanced-ama-google-search-276924", "row": 85, "column": 50, "tagName": "meta", "time": 27290.375978, "url": "", "pos": 1, "chunkLen": 1, "isStartTag": 1}}
06-28 16:10:22.007 23456 23469 E WProf.db: {"WprofHTMLTag": {"code": "0xb4cc7ba0", "doc": "http://searchengineland.com/smx-advanced-ama-google-search-276924", "row": 86, "column": 58, "tagName": "meta", "time": 27290.376124, "url": "", "pos": 1, "chunkLen": 1, "isStartTag": 1}}
06-28 16:10:22.007 23456 23469 E WProf.db: {"WprofHTMLTag": {"code": "0xb4cc7bd0", "doc": "http://searchengineland.com/smx-advanced-ama-google-search-276924", "row": 87, "column": 229, "tagName": "meta", "time": 27290.376242, "url": "", "pos": 1, "chunkLen": 1, "isStartTag": 1}}
06-28 16:10:22.007 23456 23469 E WProf.db: {"WprofHTMLTag": {"code": "0xb4cc7c00", "doc": "http://searchengineland.com/smx-advanced-ama-google-search-276924", "row": 88, "column": 125, "tagName": "meta", "time": 27290.376355, "url": "", "pos": 1, "chunkLen": 1, "isStartTag": 1}}
06-28 16:10:22.008 23456 23469 E WProf.db: {"WprofHTMLTag": {"code": "0xb4cc7c30", "doc": "http://searchengineland.com/smx-advanced-ama-google-search-276924", "row": 89, "column": 51, "tagName": "meta", "time": 27290.376472, "url": "", "pos": 1, "chunkLen": 1, "isStartTag": 1}}
06-28 16:10:22.008 23456 23469 E WProf.db: {"WprofHTMLTag": {"code": "0xb4cc7c60", "doc": "http://searchengineland.com/smx-advanced-ama-google-search-276924", "row": 90, "column": 128, "tagName": "meta", "time": 27290.376585, "url": "", "pos": 1, "chunkLen": 1, "isStartTag": 1}}
06-28 16:10:22.008 23456 23469 E WProf.db: {"WprofHTMLTag": {"code": "0xb4cc7c90", "doc": "http://searchengineland.com/smx-advanced-ama-google-search-276924", "row": 91, "column": 52, "tagName": "meta", "time": 27290.376698, "url": "", "pos": 1, "chunkLen": 1, "isStartTag": 1}}
06-28 16:10:22.008 23456 23469 E WProf.db: {"WprofHTMLTag": {"code": "0xb4cc7cc0", "doc": "http://searchengineland.com/smx-advanced-ama-google-search-276924", "row": 94, "column": 44, "tagName": "link", "time": 27290.376817, "url": "http://s.w.org/", "pos": 1, "chunkLen": 1, "isStartTag": 1}}
06-28 16:10:22.008 23456 23469 E WProf.db: {"WprofHTMLTag": {"code": "0xb4cc7cf0", "doc": "http://searchengineland.com/smx-advanced-ama-google-search-276924", "row": 95, "column": 33, "tagName": "script", "time": 27290.377050, "url": "", "pos": 1, "chunkLen": 1, "isStartTag": 1}}
06-28 16:10:22.008 23456 23469 E WProf.db: {"WprofHTMLTag": {"code": "0xb4cc7d20", "doc": "http://searchengineland.com/smx-advanced-ama-google-search-276924", "row": 98, "column": 11, "tagName": "script", "time": 27290.377514, "url": "http://searchengineland.com/figz/wp-includes/js/wp-emoji-release.min.js?ver=4.7.5", "pos": 1, "chunkLen": 1, "isStartTag": 0}}
06-28 16:10:22.008 23456 23469 E WProf.db: {"WprofHTMLTag": {"code": "0x9d17ca80", "doc": "http://searchengineland.com/smx-advanced-ama-google-search-276924", "row": 99, "column": 25, "tagName": "style", "time": 27291.009902, "url": "", "pos": 1, "chunkLen": 1, "isStartTag": 1}}
06-28 16:10:22.008 23456 23469 E WProf.db: {"WprofHTMLTag": {"code": "0x9d17cab0", "doc": "http://searchengineland.com/smx-advanced-ama-google-search-276924", "row": 112, "column": 8, "tagName": "style", "time": 27291.010123, "url": "", "pos": 1, "chunkLen": 1, "isStartTag": 0}}
06-28 16:10:22.008 23456 23469 E WProf.db: {"WprofHTMLTag": {"code": "0x9d17cae0", "doc": "http://searchengineland.com/smx-advanced-ama-google-search-276924", "row": 113, "column": 140, "tagName": "script", "time": 27291.011689, "url": "http://searchengineland.com/figz/wp-content/themes/searchengineland/js/lib/modernizr.custom.js?ver=1.0", "pos": 1, "chunkLen": 1, "isStartTag": 1}}
06-28 16:10:22.008 23456 23469 E WProf.db: {"WprofHTMLTag": {"code": "0x9d17cb10", "doc": "http://searchengineland.com/smx-advanced-ama-google-search-276924", "row": 113, "column": 149, "tagName": "script", "time": 27291.012188, "url": "", "pos": 1, "chunkLen": 1, "isStartTag": 0}}
06-28 16:10:22.008 23456 23469 E WProf.db: {"WprofHTMLTag": {"code": "0x9d17cba0", "doc": "http://searchengineland.com/smx-advanced-ama-google-search-276924", "row": 114, "column": 144, "tagName": "script", "time": 27291.018802, "url": "http://searchengineland.com/figz/wp-content/themes/searchengineland/js/lib/jquery-1.11.0.min.js?ver=1.11.0", "pos": 1, "chunkLen": 1, "isStartTag": 1}}
06-28 16:10:22.008 23456 23469 E WProf.db: {"WprofHTMLTag": {"code": "0x9d17cbd0", "doc": "http://searchengineland.com/smx-advanced-ama-google-search-276924", "row": 114, "column": 153, "tagName": "script", "time": 27291.019023, "url": "", "pos": 1, "chunkLen": 1, "isStartTag": 0}}
06-28 16:10:22.009 23456 23469 E WProf.db: {"WprofHTMLTag": {"code": "0xaedddb10", "doc": "http://searchengineland.com/smx-advanced-ama-google-search-276924", "row": 0, "column": 15, "tagName": "div", "time": 27291.082408, "url": "", "pos": 15, "chunkLen": 44, "isStartTag": 1}}
06-28 16:10:22.009 23456 23469 E WProf.db: {"WprofHTMLTag": {"code": "0xaeddda80", "doc": "http://searchengineland.com/smx-advanced-ama-google-search-276924", "row": 0, "column": 21, "tagName": "div", "time": 27291.082543, "url": "", "pos": 21, "chunkLen": 44, "isStartTag": 0}}
06-28 16:10:22.009 23456 23469 E WProf.db: {"WprofHTMLTag": {"code": "0xaeddda50", "doc": "http://searchengineland.com/smx-advanced-ama-google-search-276924", "row": 0, "column": 38, "tagName": "div", "time": 27291.082611, "url": "", "pos": 38, "chunkLen": 44, "isStartTag": 1}}
06-28 16:10:22.009 23456 23469 E WProf.db: {"WprofHTMLTag": {"code": "0xaedddab0", "doc": "http://searchengineland.com/smx-advanced-ama-google-search-276924", "row": 0, "column": 44, "tagName": "div", "time": 27291.082740, "url": "", "pos": 44, "chunkLen": 44, "isStartTag": 0}}
06-28 16:10:22.009 23456 23469 E WProf.db: {"WprofHTMLTag": {"code": "0x9d17cc30", "doc": "http://searchengineland.com/smx-advanced-ama-google-search-276924", "row": 0, "column": 13, "tagName": "select", "time": 27291.084119, "url": "", "pos": 13, "chunkLen": 51, "isStartTag": 1}}
06-28 16:10:22.009 23456 23469 E WProf.db: {"WprofHTMLTag": {"code": "0x9d17cc60", "doc": "http://searchengineland.com/smx-advanced-ama-google-search-276924", "row": 0, "column": 33, "tagName": "option", "time": 27291.084302, "url": "", "pos": 33, "chunkLen": 51, "isStartTag": 1}}
06-28 16:10:22.009 23456 23469 E WProf.db: {"WprofHTMLTag": {"code": "0x9d17cc90", "doc": "http://searchengineland.com/smx-advanced-ama-google-search-276924", "row": 0, "column": 42, "tagName": "option", "time": 27291.084494, "url": "", "pos": 42, "chunkLen": 51, "isStartTag": 0}}
06-28 16:10:22.009 23456 23469 E WProf.db: {"WprofHTMLTag": {"code": "0x9d17ccc0", "doc": "http://searchengineland.com/smx-advanced-ama-google-search-276924", "row": 0, "column": 51, "tagName": "select", "time": 27291.084549, "url": "", "pos": 51, "chunkLen": 51, "isStartTag": 0}}
06-28 16:10:22.009 23456 23469 E WProf.db: {"WprofHTMLTag": {"code": "0x9d17ccf0", "doc": "http://searchengineland.com/smx-advanced-ama-google-search-276924", "row": 0, "column": 12, "tagName": "a", "time": 27291.088884, "url": "", "pos": 12, "chunkLen": 16, "isStartTag": 1}}
06-28 16:10:22.009 23456 23469 E WProf.db: {"WprofHTMLTag": {"code": "0x9d17cd20", "doc": "http://searchengineland.com/smx-advanced-ama-google-search-276924", "row": 0, "column": 16, "tagName": "a", "time": 27291.089039, "url": "", "pos": 16, "chunkLen": 16, "isStartTag": 0}}
06-28 16:10:22.009 23456 23469 E WProf.db: {"WprofHTMLTag": {"code": "0x9d17cd50", "doc": "http://searchengineland.com/smx-advanced-ama-google-search-276924", "row": 0, "column": 8, "tagName": "input", "time": 27291.090068, "url": "", "pos": 8, "chunkLen": 8, "isStartTag": 1}}
06-28 16:10:22.009 23456 23469 E WProf.db: {"WprofHTMLTag": {"code": "0x9d17cd80", "doc": "http://searchengineland.com/smx-advanced-ama-google-search-276924", "row": 0, "column": 9, "tagName": "link", "time": 27291.099821, "url": "", "pos": 9, "chunkLen": 42, "isStartTag": 1}}
06-28 16:10:22.009 23456 23469 E WProf.db: {"WprofHTMLTag": {"code": "0x9d17cdb0", "doc": "http://searchengineland.com/smx-advanced-ama-google-search-276924", "row": 0, "column": 16, "tagName": "table", "time": 27291.099938, "url": "", "pos": 16, "chunkLen": 42, "isStartTag": 1}}
06-28 16:10:22.009 23456 23469 E WProf.db: {"WprofHTMLTag": {"code": "0x9d17cde0", "doc": "http://searchengineland.com/smx-advanced-ama-google-search-276924", "row": 0, "column": 24, "tagName": "table", "time": 27291.100094, "url": "", "pos": 24, "chunkLen": 42, "isStartTag": 0}}
06-28 16:10:22.010 23456 23469 E WProf.db: {"WprofHTMLTag": {"code": "0x9d17ce10", "doc": "http://searchengineland.com/smx-advanced-ama-google-search-276924", "row": 0, "column": 37, "tagName": "a", "time": 27291.100174, "url": "", "pos": 37, "chunkLen": 42, "isStartTag": 1}}
06-28 16:10:22.010 23456 23469 E WProf.db: {"WprofHTMLTag": {"code": "0x9d17ce40", "doc": "http://searchengineland.com/smx-advanced-ama-google-search-276924", "row": 0, "column": 42, "tagName": "a", "time": 27291.100351, "url": "", "pos": 42, "chunkLen": 42, "isStartTag": 0}}
06-28 16:10:22.010 23456 23469 E WProf.db: {"WprofHTMLTag": {"code": "0x9d17ced0", "doc": "http://searchengineland.com/smx-advanced-ama-google-search-276924", "row": 0, "column": 10, "tagName": "textarea", "time": 27291.101519, "url": "", "pos": 10, "chunkLen": 22, "isStartTag": 1}}
06-28 16:10:22.010 23456 23469 E WProf.db: {"WprofHTMLTag": {"code": "0x9d17cf00", "doc": "http://searchengineland.com/smx-advanced-ama-google-search-276924", "row": 0, "column": 22, "tagName": "textarea", "time": 27291.101703, "url": "", "pos": 22, "chunkLen": 22, "isStartTag": 0}}
06-28 16:10:22.010 23456 23469 E WProf.db: {"WprofHTMLTag": {"code": "0x9d17cf30", "doc": "http://searchengineland.com/smx-advanced-ama-google-search-276924", "row": 0, "column": 48, "tagName": "input", "time": 27291.102798, "url": "", "pos": 48, "chunkLen": 48, "isStartTag": 1}}
06-28 16:10:22.010 23456 23469 E WProf.db: {"WprofHTMLTag": {"code": "0x9d17cf90", "doc": "http://searchengineland.com/smx-advanced-ama-google-search-276924", "row": 0, "column": 9, "tagName": "link", "time": 27291.107030, "url": "", "pos": 9, "chunkLen": 66, "isStartTag": 1}}
06-28 16:10:22.010 23456 23469 E WProf.db: {"WprofHTMLTag": {"code": "0x9d17cfc0", "doc": "http://searchengineland.com/smx-advanced-ama-google-search-276924", "row": 0, "column": 16, "tagName": "table", "time": 27291.107138, "url": "", "pos": 16, "chunkLen": 66, "isStartTag": 1}}
06-28 16:10:22.010 23456 23469 E WProf.db: {"WprofHTMLTag": {"code": "0x9d17cff0", "doc": "http://searchengineland.com/smx-advanced-ama-google-search-276924", "row": 0, "column": 24, "tagName": "table", "time": 27291.107205, "url": "", "pos": 24, "chunkLen": 66, "isStartTag": 0}}
06-28 16:10:22.010 23456 23469 E WProf.db: {"WprofHTMLTag": {"code": "0x9d17d020", "doc": "http://searchengineland.com/smx-advanced-ama-google-search-276924", "row": 0, "column": 37, "tagName": "a", "time": 27291.107284, "url": "", "pos": 37, "chunkLen": 66, "isStartTag": 1}}
06-28 16:10:22.010 23456 23469 E WProf.db: {"WprofHTMLTag": {"code": "0x9d17d050", "doc": "http://searchengineland.com/smx-advanced-ama-google-search-276924", "row": 0, "column": 42, "tagName": "a", "time": 27291.107488, "url": "", "pos": 42, "chunkLen": 66, "isStartTag": 0}}
06-28 16:10:22.010 23456 23469 E WProf.db: {"WprofHTMLTag": {"code": "0x9d17d080", "doc": "http://searchengineland.com/smx-advanced-ama-google-search-276924", "row": 0, "column": 66, "tagName": "input", "time": 27291.107554, "url": "", "pos": 66, "chunkLen": 66, "isStartTag": 1}}
06-28 16:10:22.010 23456 23469 E WProf.db: {"WprofHTMLTag": {"code": "0x9d17d110", "doc": "http://searchengineland.com/smx-advanced-ama-google-search-276924", "row": 0, "column": 9, "tagName": "link", "time": 27291.109536, "url": "", "pos": 9, "chunkLen": 66, "isStartTag": 1}}
06-28 16:10:22.010 23456 23469 E WProf.db: {"WprofHTMLTag": {"code": "0x9d17d140", "doc": "http://searchengineland.com/smx-advanced-ama-google-search-276924", "row": 0, "column": 16, "tagName": "table", "time": 27291.109648, "url": "", "pos": 16, "chunkLen": 66, "isStartTag": 1}}
06-28 16:10:22.010 23456 23469 E WProf.db: {"WprofHTMLTag": {"code": "0x9d17d170", "doc": "http://searchengineland.com/smx-advanced-ama-google-search-276924", "row": 0, "column": 24, "tagName": "table", "time": 27291.109715, "url": "", "pos": 24, "chunkLen": 66, "isStartTag": 0}}
06-28 16:10:22.011 23456 23469 E WProf.db: {"WprofHTMLTag": {"code": "0x9d17d1a0", "doc": "http://searchengineland.com/smx-advanced-ama-google-search-276924", "row": 0, "column": 37, "tagName": "a", "time": 27291.109778, "url": "", "pos": 37, "chunkLen": 66, "isStartTag": 1}}
06-28 16:10:22.011 23456 23469 E WProf.db: {"WprofHTMLTag": {"code": "0x9d17d1d0", "doc": "http://searchengineland.com/smx-advanced-ama-google-search-276924", "row": 0, "column": 42, "tagName": "a", "time": 27291.109940, "url": "", "pos": 42, "chunkLen": 66, "isStartTag": 0}}
06-28 16:10:22.011 23456 23469 E WProf.db: {"WprofHTMLTag": {"code": "0x9d17d200", "doc": "http://searchengineland.com/smx-advanced-ama-google-search-276924", "row": 0, "column": 66, "tagName": "input", "time": 27291.109999, "url": "", "pos": 66, "chunkLen": 66, "isStartTag": 1}}
06-28 16:10:22.011 23456 23469 E WProf.db: {"WprofHTMLTag": {"code": "0x9d17d260", "doc": "http://searchengineland.com/smx-advanced-ama-google-search-276924", "row": 0, "column": 9, "tagName": "link", "time": 27291.114789, "url": "", "pos": 9, "chunkLen": 66, "isStartTag": 1}}
06-28 16:10:22.011 23456 23469 E WProf.db: {"WprofHTMLTag": {"code": "0x9d17d290", "doc": "http://searchengineland.com/smx-advanced-ama-google-search-276924", "row": 0, "column": 16, "tagName": "table", "time": 27291.114902, "url": "", "pos": 16, "chunkLen": 66, "isStartTag": 1}}
06-28 16:10:22.011 23456 23469 E WProf.db: {"WprofHTMLTag": {"code": "0x9d17d2c0", "doc": "http://searchengineland.com/smx-advanced-ama-google-search-276924", "row": 0, "column": 24, "tagName": "table", "time": 27291.114987, "url": "", "pos": 24, "chunkLen": 66, "isStartTag": 0}}
06-28 16:10:22.011 23456 23469 E WProf.db: {"WprofHTMLTag": {"code": "0x9d17d2f0", "doc": "http://searchengineland.com/smx-advanced-ama-google-search-276924", "row": 0, "column": 37, "tagName": "a", "time": 27291.115050, "url": "", "pos": 37, "chunkLen": 66, "isStartTag": 1}}
06-28 16:10:22.011 23456 23469 E WProf.db: {"WprofHTMLTag": {"code": "0x9d17d320", "doc": "http://searchengineland.com/smx-advanced-ama-google-search-276924", "row": 0, "column": 42, "tagName": "a", "time": 27291.115216, "url": "", "pos": 42, "chunkLen": 66, "isStartTag": 0}}
06-28 16:10:22.011 23456 23469 E WProf.db: {"WprofHTMLTag": {"code": "0x9d17d350", "doc": "http://searchengineland.com/smx-advanced-ama-google-search-276924", "row": 0, "column": 66, "tagName": "input", "time": 27291.115275, "url": "", "pos": 66, "chunkLen": 66, "isStartTag": 1}}
06-28 16:10:22.011 23456 23469 E WProf.db: {"WprofHTMLTag": {"code": "0x9d17cb70", "doc": "http://searchengineland.com/smx-advanced-ama-google-search-276924", "row": 115, "column": 154, "tagName": "script", "time": 27291.128653, "url": "http://searchengineland.com/figz/wp-content/themes/searchengineland/js/lib/jquery-ui-1.10.3.custom.min.js?ver=1.10.3", "pos": 67, "chunkLen": 67, "isStartTag": 1}}
06-28 16:10:22.011 23456 23469 E WProf.db: {"WprofHTMLTag": {"code": "0x9d17d470", "doc": "http://searchengineland.com/smx-advanced-ama-google-search-276924", "row": 115, "column": 163, "tagName": "script", "time": 27291.128925, "url": "", "pos": 67, "chunkLen": 67, "isStartTag": 0}}
06-28 16:10:22.011 23456 23469 E WProf.db: {"WprofHTMLTag": {"code": "0xaeddde10", "doc": "http://searchengineland.com/smx-advanced-ama-google-search-276924", "row": 0, "column": 111, "tagName": "div", "time": 27291.322613, "url": "", "pos": 111, "chunkLen": 117, "isStartTag": 1}}
06-28 16:10:22.011 23456 23469 E WProf.db: {"WprofHTMLTag": {"code": "0xaedddde0", "doc": "http://searchengineland.com/smx-advanced-ama-google-search-276924", "row": 0, "column": 117, "tagName": "div", "time": 27291.322819, "url": "", "pos": 117, "chunkLen": 117, "isStartTag": 0}}
06-28 16:10:22.012 23456 23469 E WProf.db: {"WprofHTMLTag": {"code": "0x9d17d770", "doc": "http://searchengineland.com/smx-advanced-ama-google-search-276924", "row": 116, "column": 155, "tagName": "script", "time": 27291.386637, "url": "http://searchengineland.com/figz/wp-content/themes/searchengineland/js/lib/jquery.ba-throttle-debounce.min.js?ver=1.1", "pos": 118, "chunkLen": 118, "isStartTag": 1}}
06-28 16:10:22.012 23456 23469 E WProf.db: {"WprofHTMLTag": {"code": "0x9d17d860", "doc": "http://searchengineland.com/smx-advanced-ama-google-search-276924", "row": 116, "column": 164, "tagName": "script", "time": 27291.387004, "url": "", "pos": 118, "chunkLen": 118, "isStartTag": 0}}
06-28 16:10:22.012 23456 23469 E WProf.db: {"WprofHTMLTag": {"code": "0x9d17d890", "doc": "http://searchengineland.com/smx-advanced-ama-google-search-276924", "row": 117, "column": 146, "tagName": "script", "time": 27291.388746, "url": "http://searchengineland.com/figz/wp-content/themes/searchengineland/js/lib/jquery.countdown.min.js?ver=2.0.4", "pos": 118, "chunkLen": 118, "isStartTag": 1}}
06-28 16:10:22.012 23456 23469 E WProf.db: {"WprofHTMLTag": {"code": "0x9d17d8c0", "doc": "http://searchengineland.com/smx-advanced-ama-google-search-276924", "row": 117, "column": 155, "tagName": "script", "time": 27291.389069, "url": "", "pos": 118, "chunkLen": 118, "isStartTag": 0}}
06-28 16:10:22.012 23456 23469 E WProf.db: {"WprofHTMLTag": {"code": "0x9d17d8f0", "doc": "http://searchengineland.com/smx-advanced-ama-google-search-276924", "row": 118, "column": 77, "tagName": "link", "time": 27291.393066, "url": "http://searchengineland.com/wp-json/", "pos": 118, "chunkLen": 118, "isStartTag": 1}}
06-28 16:10:22.012 23456 23469 E WProf.db: {"WprofHTMLTag": {"code": "0x9d17daa0", "doc": "http://searchengineland.com/smx-advanced-ama-google-search-276924", "row": 119, "column": 69, "tagName": "link", "time": 27291.393408, "url": "http://searchengineland.com/?p=276924", "pos": 118, "chunkLen": 118, "isStartTag": 1}}
