--------- beginning of main
06-28 09:27:56.093  3449  3449 E Finsky  : [1] com.google.android.finsky.wear.bl.a(3): onConnectionFailed: ConnectionResult{statusCode=API_UNAVAILABLE, resolution=null, message=null}
--------- beginning of system
06-28 09:27:57.227 10507 10507 E chromium: [ERROR:shell_integration_android.cc(12)] Not implemented reached in static ShellIntegration::DefaultWebClientSetPermission ShellIntegration::CanSetAsDefaultBrowser()
06-28 09:27:57.230 10507 10507 E chromium: [ERROR:browser_process_impl.cc(720)] Not implemented reached in virtual BackgroundModeManager* BrowserProcessImpl::background_mode_manager()
06-28 09:27:57.496  3218  5232 E AudioRecord-JNI: Error -4 during AudioRecord native read
06-28 09:27:59.874 10507 10552 E chromium: [ERROR:gles2_cmd_decoder.cc(3852)] [.ChromiumCompositor-0xacbb2fc0]GL ERROR :GL_INVALID_ENUM : glDiscardFramebufferEXT: attachments was GL_COLOR_EXT
06-28 09:28:00.153 10573 10586 E WPROF   : {"CSS": {"url": "http://searchengineland.com/figz/wp-content/themes/searchengineland/css/searchengineland-bootstrap.css", "requestTime": 3157.208744}}
06-28 09:28:00.154 10573 10586 E WPROF   : {"CSS": {"url": "http://fonts.googleapis.com/css?family=Oswald:300,400,700", "requestTime": 3157.209256}}
06-28 09:28:00.154 10573 10586 E WPROF   : {"CSS": {"url": "http://searchengineland.com/figz/wp-content/themes/searchengineland/style.css", "requestTime": 3157.209865}}
06-28 09:28:00.160 10573 10586 E WPROF   : {"Javascript": {"url": "http://searchengineland.com/figz/wp-content/themes/searchengineland/js/lib/modernizr.custom.js?ver=1.0", "requestTime": 3157.215402}}
06-28 09:28:00.160 10573 10586 E WPROF   : {"Javascript": {"url": "http://searchengineland.com/figz/wp-content/themes/searchengineland/js/lib/jquery-1.11.0.min.js?ver=1.11.0", "requestTime": 3157.215873}}
06-28 09:28:00.161 10573 10586 E WPROF   : {"Javascript": {"url": "http://searchengineland.com/figz/wp-content/themes/searchengineland/js/lib/jquery-ui-1.10.3.custom.min.js?ver=1.10.3", "requestTime": 3157.216243}}
06-28 09:28:00.161 10573 10586 E WPROF   : {"Javascript": {"url": "http://searchengineland.com/figz/wp-content/themes/searchengineland/js/lib/jquery.ba-throttle-debounce.min.js?ver=1.1", "requestTime": 3157.216608}}
06-28 09:28:00.161 10573 10586 E WPROF   : {"Javascript": {"url": "http://searchengineland.com/figz/wp-content/themes/searchengineland/js/lib/jquery.countdown.min.js?ver=2.0.4", "requestTime": 3157.216982}}
06-28 09:28:00.162 10573 10586 E WPROF   : {"Javascript": {"url": "http://static.chartbeat.com/js/chartbeat_mab.js", "requestTime": 3157.217425}}
06-28 09:28:00.601 10573 10586 E WPROF   : {"Javascript": {"url": "http://searchengineland.com/figz/wp-includes/js/wp-emoji-release.min.js?ver=4.7.5", "requestTime": 3157.656819}}
06-28 09:28:01.104 10573 10586 E WPROF   : {"Javascript": {"url": "http://www.googletagservices.com/tag/js/gpt.js", "requestTime": 3158.159293}}
06-28 09:28:01.123 10573 10586 E WPROF   : {"Javascript": {"url": "https://www.google-analytics.com/analytics.js", "requestTime": 3158.178342}}
06-28 09:28:01.132 10573 10586 E WPROF   : {"Javascript": {"url": "http://edge.quantserve.com/quant.js", "requestTime": 3158.187251}}
06-28 09:28:01.139 10573 10586 E WPROF   : {"Javascript": {"url": "https://connect.facebook.net/en_US/fbevents.js", "requestTime": 3158.195141}}
06-28 09:28:01.293 10507 10552 E chromium: [ERROR:gles2_cmd_decoder.cc(3852)] [.ChromiumCompositor-0xacbb2fc0]GL ERROR :GL_INVALID_ENUM : glDiscardFramebufferEXT: attachments was GL_COLOR_EXT
06-28 09:28:01.349 10573 10586 E WPROF   : {"Javascript": {"url": "http://app-sj02.marketo.com/js/forms2/js/forms2.min.js", "requestTime": 3158.404773}}
06-28 09:28:01.463 10507 10552 E chromium: [ERROR:gles2_cmd_decoder.cc(3852)] [.ChromiumCompositor-0xacbb2fc0]GL ERROR :GL_INVALID_ENUM : glDiscardFramebufferEXT: attachments was GL_COLOR_EXT
06-28 09:28:01.632 10573 10586 E WPROF   : {"Javascript": {"url": "http://app-sj02.marketo.com/index.php/form/getForm?munchkinId=727-ZQE-044&form=5691&url=http%3A%2F%2Fsearchengineland.com%2Fsmx-west-session-harnessing-power-online-reviews-271823&callback=jQuery110205037066421937197_1498609681563&_=1498609681564", "requestTime": 3158.687598}}
06-28 09:28:01.654 10573 10586 E WPROF   : {"Javascript": {"url": "http://app-sj02.marketo.com/index.php/form/getForm?munchkinId=727-ZQE-044&form=5685&url=http%3A%2F%2Fsearchengineland.com%2Fsmx-west-session-harnessing-power-online-reviews-271823&callback=jQuery110205037066421937197_1498609681565&_=1498609681566", "requestTime": 3158.709213}}
06-28 09:28:01.688 10573 10586 E WPROF   : {"Javascript": {"url": "https://securepubads.g.doubleclick.net/gpt/pubads_impl_121.js", "requestTime": 3158.743553}}
06-28 09:28:01.725 10573 10586 E WPROF   : {"Javascript": {"url": "https://connect.facebook.net/signals/config/423979991297359?v=2.7.17", "requestTime": 3158.780781}}
06-28 09:28:01.952 10573 10586 E WPROF   : {"Javascript": {"url": "http://app-sj02.marketo.com/index.php/form/getForm?munchkinId=727-ZQE-044&form=5673&url=http%3A%2F%2Fsearchengineland.com%2Fsmx-west-session-harnessing-power-online-reviews-271823&callback=jQuery110205037066421937197_1498609681567&_=1498609681568", "requestTime": 3159.007927}}
06-28 09:28:01.982 10573 10586 E WPROF   : {"Javascript": {"url": "http://searchengineland.com/js/ga_social_tracking.js", "requestTime": 3159.037441}}
06-28 09:28:01.982 10573 10586 E WPROF   : {"Javascript": {"url": "http://s7.addthis.com/js/300/addthis_widget.js#pubid=ra-53e918f660794f37", "requestTime": 3159.038162}}
06-28 09:28:02.016 10507 10552 E chromium: [ERROR:gles2_cmd_decoder.cc(3852)] [.ChromiumCompositor-0xacbb2fc0]GL ERROR :GL_INVALID_ENUM : glDiscardFramebufferEXT: attachments was GL_COLOR_EXT
06-28 09:28:02.309 10507 10552 E chromium: [ERROR:gles2_cmd_decoder.cc(3852)] [.ChromiumCompositor-0xacbb2fc0]GL ERROR :GL_INVALID_ENUM : glDiscardFramebufferEXT: attachments was GL_COLOR_EXT
06-28 09:28:02.492 10573 10586 E WPROF   : {"CSS": {"url": "http://app-sj02.marketo.com/js/forms2/css/forms2.css", "requestTime": 3159.547790}}
06-28 09:28:02.498 10573 10586 E WPROF   : {"CSS": {"url": "http://app-sj02.marketo.com/js/forms2/css/forms2-theme-simple.css", "requestTime": 3159.553015}}
06-28 09:28:02.630 10507 10552 E chromium: [ERROR:gles2_cmd_decoder.cc(3852)] [.ChromiumCompositor-0xacbb2fc0]GL ERROR :GL_INVALID_ENUM : glDiscardFramebufferEXT: attachments was GL_COLOR_EXT
06-28 09:28:02.782   862  1657 E LocSvc_IzatApiV02: E/virtual int izat_core::IzatApiV02::getBatchSize(int32_t):522]: Error : st = 4, ind.status = -1628389555
06-28 09:28:02.782   862  1657 E LocSvc_IzatApiV02: E/virtual int izat_core::IzatApiV02::getBatchSize(int32_t):535]: get batching size failed.Or modem does not support batching 
06-28 09:28:02.791   862  1657 E LocSvc_IzatApiV02: E/virtual int izat_core::IzatApiV02::getBatchSize(int32_t):522]: Error : st = 4, ind.status = -1628389555
06-28 09:28:02.791   862  1657 E LocSvc_IzatApiV02: E/virtual int izat_core::IzatApiV02::getBatchSize(int32_t):535]: get batching size failed.Or modem does not support batching 
06-28 09:28:02.821   862  1657 E LocSvc_IzatApiV02: E/virtual int izat_core::IzatApiV02::getBatchSize(int32_t):522]: Error : st = 4, ind.status = -1628389555
06-28 09:28:02.822   862  1657 E LocSvc_IzatApiV02: E/virtual int izat_core::IzatApiV02::getBatchSize(int32_t):535]: get batching size failed.Or modem does not support batching 
06-28 09:28:02.834   862  1657 E LocSvc_IzatApiV02: E/virtual int izat_core::IzatApiV02::getBatchSize(int32_t):522]: Error : st = 4, ind.status = -1628389555
06-28 09:28:02.834   862  1657 E LocSvc_IzatApiV02: E/virtual int izat_core::IzatApiV02::getBatchSize(int32_t):535]: get batching size failed.Or modem does not support batching 
06-28 09:28:03.172 10573 10586 E WPROF   : {"Javascript": {"url": "https://securepubads.g.doubleclick.net/gampad/ads?gdfp_req=1&correlator=80783387656192&output=json_html&callback=googletag.impl.pubads.callbackProxy1&impl=fifs&json_a=1&eid=108809080%2C108809107%2C108809153&sc=0&sfv=1-0-9&iu_parts=1038259%2Csel-ciu-1%2Csel-ciu-2%2Csel-ciu-3%2Csel-ciu-4%2Csel-ciu-5%2", "requestTime": 3160.227778}}
06-28 09:28:03.217 10573 10586 E WPROF   : {"Javascript": {"url": "https://static.xx.fbcdn.net/rsrc.php/v3iy6L4/yk/l/ko_KR/be4fIjHRc8P.js", "requestTime": 3160.272983}}
06-28 09:28:03.394 10573 10586 E WPROF   : {"Javascript": {"url": "http://cdn.api.twitter.com/1/users/show.json?screen_name=greggifford&callback=twttr.setFollowersCount", "requestTime": 3160.449893}}
06-28 09:28:03.872 10573 10586 E WPROF   : {"Javascript": {"url": "http://platform.twitter.com/widgets.js", "requestTime": 3160.927346}}
06-28 09:28:03.873 10573 10586 E WPROF   : {"Javascript": {"url": "http://connect.facebook.net/en_US/sdk.js", "requestTime": 3160.929110}}
06-28 09:28:03.875 10573 10586 E WPROF   : {"Javascript": {"url": "https://apis.google.com/js/platform.js", "requestTime": 3160.930796}}
06-28 09:28:03.904 10573 10586 E WPROF   : {"Javascript": {"url": "http://rules.quantcount.com/rules-p-5aGizvD82d9hk.js", "requestTime": 3160.959267}}
06-28 09:28:03.907 10573 10586 E WPROF   : {"Javascript": {"url": "http://munchkin.marketo.net/munchkin.js", "requestTime": 3160.962267}}
06-28 09:28:04.018 10507 10552 E chromium: [ERROR:gles2_cmd_decoder.cc(3852)] [.ChromiumCompositor-0xacbb2fc0]GL ERROR :GL_INVALID_ENUM : glDiscardFramebufferEXT: attachments was GL_COLOR_EXT
06-28 09:28:04.108 10573 10586 E WPROF   : {"Javascript": {"url": "http://d2j3qa5nc37287.cloudfront.net/coupon_code1.js", "requestTime": 3161.163622}}
06-28 09:28:04.110 10573 10586 E WPROF   : {"Javascript": {"url": "http://www.googleadservices.com/pagead/conversion.js", "requestTime": 3161.166083}}
06-28 09:28:04.112 10573 10586 E WPROF   : {"Javascript": {"url": "http://searchengineland.com/figz/wp-content/themes/searchengineland/js/script.js?ver=1.0", "requestTime": 3161.167655}}
06-28 09:28:04.112 10573 10586 E WPROF   : {"Javascript": {"url": "http://searchengineland.com/figz/wp-includes/js/wp-embed.min.js?ver=4.7.5", "requestTime": 3161.168172}}
06-28 09:28:04.113 10573 10586 E WPROF   : {"Javascript": {"url": "http://searchengineland.com/figz/wp-content/themes/searchengineland/js/modules/sharing_controls.js", "requestTime": 3161.168744}}
06-28 09:28:04.129 10573 10586 E WPROF   : {"CSS": {"url": "https://www.youtube.com/yts/cssbin/www-embed-player-sprite-mode-vfl5G4Xm8.css", "requestTime": 3161.185194}}
06-28 09:28:04.131 10573 10586 E WPROF   : {"Javascript": {"url": "https://www.youtube.com/yts/jsbin/www-embed-player-vfl_UY_j8/www-embed-player.js", "requestTime": 3161.186810}}
06-28 09:28:04.132 10573 10586 E WPROF   : {"Javascript": {"url": "https://www.youtube.com/yts/jsbin/player-vflo1w4O-/ko_KR/base.js", "requestTime": 3161.187276}}
06-28 09:28:04.155 10507 10552 E chromium: [ERROR:gles2_cmd_decoder.cc(3852)] [.ChromiumCompositor-0xacbb2fc0]GL ERROR :GL_INVALID_ENUM : glDiscardFramebufferEXT: attachments was GL_COLOR_EXT
06-28 09:28:05.253 10573 10586 E WPROF   : {"Javascript": {"url": "http://m.addthisedge.com/live/boost/ra-53e918f660794f37/_ate.track.config_resp", "requestTime": 3162.308506}}
06-28 09:28:05.333 10573 10586 E WPROF   : {"Javascript": {"url": "http://m.addthis.com/live/red_lojson/300lo.json?si=5952f813761101c8&bkl=0&bl=1&pdt=2196&sid=5952f813761101c8&pub=ra-53e918f660794f37&rev=v7.15.4-wp&ln=ko&pc=men&cb=0&ab=-&dp=searchengineland.com&fp=smx-west-session-harnessing-power-online-reviews-271823&fr=&of=0&pd=0&irt=0&vcl=0&md=0&ct=1&tct=0&abt=", "requestTime": 3162.388521}}
06-28 09:28:05.452 10573 10586 E WPROF   : {"Javascript": {"url": "http://dnn506yrbagrg.cloudfront.net/pages/scripts/0026/4062.js?416280", "requestTime": 3162.507775}}
06-28 09:28:05.514 10507 10552 E chromium: [ERROR:gles2_cmd_decoder.cc(3852)] [.ChromiumCompositor-0xacbb2fc0]GL ERROR :GL_INVALID_ENUM : glDiscardFramebufferEXT: attachments was GL_COLOR_EXT
06-28 09:28:05.767 10507 10552 E chromium: [ERROR:gles2_cmd_decoder.cc(3852)] [.ChromiumCompositor-0xacbb2fc0]GL ERROR :GL_INVALID_ENUM : glDiscardFramebufferEXT: attachments was GL_COLOR_EXT
06-28 09:28:06.767 10573 10586 E WPROF   : {"Javascript": {"url": "https://www.google.com/js/bg/KWBfAnWFESAEEaKKgdYlTHY9ysQaNoQuzeMFqvxDSM8.js", "requestTime": 3163.822872}}
06-28 09:28:06.772 10573 10586 E WPROF   : {"Javascript": {"url": "https://static.doubleclick.net/instream/ad_status.js", "requestTime": 3163.827628}}
06-28 09:28:06.990 10507 10552 E chromium: [ERROR:gles2_cmd_decoder.cc(3852)] [.ChromiumCompositor-0xacbb2fc0]GL ERROR :GL_INVALID_ENUM : glDiscardFramebufferEXT: attachments was GL_COLOR_EXT
06-28 09:28:07.553 10573 10586 E WPROF   : {"Javascript": {"url": "https://public.slidesharecdn.com/b/ss_foundation/combined_jquery.js?8035b8a944", "requestTime": 3164.608435}}
06-28 09:28:07.554 10573 10586 E WPROF   : {"Javascript": {"url": "https://public.slidesharecdn.com/b/javascripts/global.js?ffe60a3c33", "requestTime": 3164.609906}}
06-28 09:28:07.555 10573 10586 E WPROF   : {"Javascript": {"url": "https://public.slidesharecdn.com/b/ss_foundation/combined_li_tracking.js?3420eb95b0", "requestTime": 3164.610916}}
06-28 09:28:07.556 10573 10586 E WPROF   : {"CSS": {"url": "https://public.slidesharecdn.com/b/stylesheets/font-awesome.css?25a011b547", "requestTime": 3164.611436}}
06-28 09:28:07.556 10573 10586 E WPROF   : {"CSS": {"url": "https://public.slidesharecdn.com/b/stylesheets/ssplayer/combined_presentation.css?53936dc68e", "requestTime": 3164.611765}}
06-28 09:28:07.559 10573 10586 E WPROF   : {"Javascript": {"url": "https://public.slidesharecdn.com/b/ss_foundation/combined_player_presentation.js?b2ef1e6d2b", "requestTime": 3164.614867}}
06-28 09:28:07.723 10507 10552 E chromium: [ERROR:gles2_cmd_decoder.cc(3852)] [.ChromiumCompositor-0xacbb2fc0]GL ERROR :GL_INVALID_ENUM : glDiscardFramebufferEXT: attachments was GL_COLOR_EXT
06-28 09:28:08.201 10573 10586 E WPROF   : {"Javascript": {"url": "https://public.slidesharecdn.com/b/javascripts/rum/combined_base.js?f14b451c58", "requestTime": 3165.256239}}
06-28 09:28:08.254 10573 10586 E WPROF   : {"Javascript": {"url": "https://ssl.google-analytics.com/ga.js", "requestTime": 3165.309946}}
06-28 09:28:08.255 10573 10586 E WPROF   : {"Javascript": {"url": "https://sb.scorecardresearch.com/beacon.js", "requestTime": 3165.310829}}
06-28 09:28:08.274 10573 10586 E WPROF   : {"CSS": {"url": "https://public.slidesharecdn.com/b/stylesheets/ssplayer/combined_presentation.css?53936dc68e", "requestTime": 3165.330183}}
06-28 09:28:08.700 10573 10586 E WPROF   : {"Javascript": {"url": "https://public.slidesharecdn.com/b/ss_foundation/combined_old_embed.js?0ae90119d1", "requestTime": 3165.755384}}
06-28 09:28:08.978 10573 10586 E WPROF   : {"Javascript": {"url": "https://tpc.googlesyndication.com/pagead/js/r20170619/r20110914/client/ext/m_window_focus_non_hydra.js", "requestTime": 3166.033714}}
06-28 09:28:08.981 10573 10586 E WPROF   : {"Javascript": {"url": "https://tpc.googlesyndication.com/pagead/js/r20170619/r20110914/activeview/osd_listener.js", "requestTime": 3166.037124}}
06-28 09:28:08.987 10573 10586 E WPROF   : {"Javascript": {"url": "http://pagead2.googlesyndication.com/pagead/osd.js", "requestTime": 3166.042971}}
06-28 09:28:09.138 10573 10586 E WPROF   : {"Javascript": {"url": "http://munchkin.marketo.net/151/munchkin.js", "requestTime": 3166.193412}}
06-28 09:28:09.354 10573 10586 E WPROF   : {"Javascript": {"url": "https://platform.twitter.com/js/button.b731e6c82269f70f6fc53634e044a4c6.js", "requestTime": 3166.409635}}
06-28 09:28:09.363 10573 10586 E WPROF   : {"Javascript": {"url": "http://www.justuno.com/ajax/account_version_check.html?id=828FA275-FF73-401E-AA39-40F5A6FAB6B1", "requestTime": 3166.418305}}
06-28 09:28:09.615 10573 10586 E WPROF   : {"Javascript": {"url": "http://s7.addthis.com/static/layers.4acb6c577b51939661ec.js", "requestTime": 3166.670216}}
06-28 09:28:09.704 10507 10552 E chromium: [ERROR:gles2_cmd_decoder.cc(3852)] [.ChromiumCompositor-0xacbb2fc0]GL ERROR :GL_INVALID_ENUM : glDiscardFramebufferEXT: attachments was GL_COLOR_EXT
06-28 09:28:10.260 10507 10552 E chromium: [ERROR:gles2_cmd_decoder.cc(3852)] [.ChromiumCompositor-0xacbb2fc0]GL ERROR :GL_INVALID_ENUM : glDiscardFramebufferEXT: attachments was GL_COLOR_EXT
06-28 09:28:10.292 10507 10552 E chromium: [ERROR:gles2_cmd_decoder.cc(3852)] [.ChromiumCompositor-0xacbb2fc0]GL ERROR :GL_INVALID_ENUM : glDiscardFramebufferEXT: attachments was GL_COLOR_EXT
06-28 09:28:10.590 10507 10552 E chromium: [ERROR:gles2_cmd_decoder.cc(3852)] [.ChromiumCompositor-0xacbb2fc0]GL ERROR :GL_INVALID_ENUM : glDiscardFramebufferEXT: attachments was GL_COLOR_EXT
06-28 09:28:10.791 10507 10552 E chromium: [ERROR:gles2_cmd_decoder.cc(3852)] [.ChromiumCompositor-0xacbb2fc0]GL ERROR :GL_INVALID_ENUM : glDiscardFramebufferEXT: attachments was GL_COLOR_EXT
06-28 09:28:10.940 10573 10586 E WPROF   : {"Javascript": {"url": "https://app-sj02.marketo.com/js/forms2/js/forms2.min.js", "requestTime": 3167.995722}}
06-28 09:28:13.109 10573 10586 E WPROF   : {"Javascript": {"url": "http://cdn.justuno.com/mwgt_3.6.js", "requestTime": 3170.164409}}
06-28 09:28:13.328 10507 10552 E chromium: [ERROR:gles2_cmd_decoder.cc(3852)] [.ChromiumCompositor-0xacbb2fc0]GL ERROR :GL_INVALID_ENUM : glDiscardFramebufferEXT: attachments was GL_COLOR_EXT
06-28 09:28:13.388 10507 10552 E chromium: [ERROR:gles2_cmd_decoder.cc(3852)] [.ChromiumCompositor-0xacbb2fc0]GL ERROR :GL_INVALID_ENUM : glDiscardFramebufferEXT: attachments was GL_COLOR_EXT
06-28 09:28:13.489 10507 10552 E chromium: [ERROR:gles2_cmd_decoder.cc(3852)] [.ChromiumCompositor-0xacbb2fc0]GL ERROR :GL_INVALID_ENUM : glDiscardFramebufferEXT: attachments was GL_COLOR_EXT
06-28 09:28:13.727 10507 10552 E chromium: [ERROR:gles2_cmd_decoder.cc(3852)] [.ChromiumCompositor-0xacbb2fc0]GL ERROR :GL_INVALID_ENUM : glDiscardFramebufferEXT: attachments was GL_COLOR_EXT
06-28 09:28:14.626 10573 10586 E WPROF   : {"Javascript": {"url": "https://cdn.syndication.twimg.com/widgets/followbutton/info.json?callback=__twttr.setFollowersCountAndFollowing&lang=en&screen_names=sengineland", "requestTime": 3171.682048}}
06-28 09:28:15.182 10573 10586 E WPROF   : {"Javascript": {"url": "http://static.chartbeat.com/js/chartbeat.js", "requestTime": 3172.237646}}
06-28 09:28:15.243 10507 10552 E chromium: [ERROR:gles2_cmd_decoder.cc(3852)] [.ChromiumCompositor-0xacbb2fc0]GL ERROR :GL_INVALID_ENUM : glDiscardFramebufferEXT: attachments was GL_COLOR_EXT
06-28 09:28:15.350 10507 10552 E chromium: [ERROR:gles2_cmd_decoder.cc(3852)] [.ChromiumCompositor-0xacbb2fc0]GL ERROR :GL_INVALID_ENUM : glDiscardFramebufferEXT: attachments was GL_COLOR_EXT
06-28 09:28:15.417 10507 10552 E chromium: [ERROR:gles2_cmd_decoder.cc(3852)] [.ChromiumCompositor-0xacbb2fc0]GL ERROR :GL_INVALID_ENUM : glDiscardFramebufferEXT: attachments was GL_COLOR_EXT
06-28 09:28:15.551 10507 10552 E chromium: [ERROR:gles2_cmd_decoder.cc(3852)] [.ChromiumCompositor-0xacbb2fc0]GL ERROR :GL_INVALID_ENUM : glDiscardFramebufferEXT: attachments was GL_COLOR_EXT
06-28 09:28:16.655 10573 10586 E WPROF   : {"Javascript": {"url": "http://www.justuno.com/ajax/account_config_3.6.html?id=828FA275-FF73-401E-AA39-40F5A6FAB6B1&p=0&cm=0&sid=&lg=ko&callback=jsonCallback&genhash=f2419ce9ed593503d25c1ba7dd3cdf8a&device_static_hash=c578e9b1446403e1d74bfe3c92041964&rtc_hash=&guid=&ju_errors=&time=750&camefrom=&thisurl=http%3A%2F%2Fsearch", "requestTime": 3173.710233}}
