--------- beginning of main
06-28 17:23:33.919  3449  3449 E Finsky  : [1] com.google.android.finsky.wear.bl.a(3): onConnectionFailed: ConnectionResult{statusCode=API_UNAVAILABLE, resolution=null, message=null}
--------- beginning of system
06-28 17:23:35.046 20981 20981 E chromium: [ERROR:shell_integration_android.cc(12)] Not implemented reached in static ShellIntegration::DefaultWebClientSetPermission ShellIntegration::CanSetAsDefaultBrowser()
06-28 17:23:35.050 20981 20981 E chromium: [ERROR:browser_process_impl.cc(720)] Not implemented reached in virtual BackgroundModeManager* BrowserProcessImpl::background_mode_manager()
06-28 17:23:35.359  3218 17213 E AudioRecord-JNI: Error -4 during AudioRecord native read
06-28 17:23:37.874 20981 21030 E chromium: [ERROR:gles2_cmd_decoder.cc(3852)] [.ChromiumCompositor-0xacbb2fc0]GL ERROR :GL_INVALID_ENUM : glDiscardFramebufferEXT: attachments was GL_COLOR_EXT
06-28 17:23:38.275 21048 21061 E WPROF   : {"CSS": {"url": "http://searchengineland.com/figz/wp-content/themes/searchengineland/css/searchengineland-bootstrap.css", "requestTime": 31695.331190}}
06-28 17:23:38.281 21048 21061 E WPROF   : {"CSS": {"url": "http://fonts.googleapis.com/css?family=Oswald:300,400,700", "requestTime": 31695.336343}}
06-28 17:23:38.282 21048 21061 E WPROF   : {"CSS": {"url": "http://searchengineland.com/figz/wp-content/themes/searchengineland/style.css", "requestTime": 31695.337235}}
06-28 17:23:38.289 21048 21061 E WPROF   : {"Javascript": {"url": "http://searchengineland.com/figz/wp-content/themes/searchengineland/js/lib/modernizr.custom.js?ver=1.0", "requestTime": 31695.344367}}
06-28 17:23:38.289 21048 21061 E WPROF   : {"Javascript": {"url": "http://searchengineland.com/figz/wp-content/themes/searchengineland/js/lib/jquery-1.11.0.min.js?ver=1.11.0", "requestTime": 31695.345166}}
06-28 17:23:38.291 21048 21061 E WPROF   : {"Javascript": {"url": "http://searchengineland.com/figz/wp-content/themes/searchengineland/js/lib/jquery-ui-1.10.3.custom.min.js?ver=1.10.3", "requestTime": 31695.346248}}
06-28 17:23:38.291 21048 21061 E WPROF   : {"Javascript": {"url": "http://searchengineland.com/figz/wp-content/themes/searchengineland/js/lib/jquery.ba-throttle-debounce.min.js?ver=1.1", "requestTime": 31695.346957}}
06-28 17:23:38.292 21048 21061 E WPROF   : {"Javascript": {"url": "http://searchengineland.com/figz/wp-content/themes/searchengineland/js/lib/jquery.countdown.min.js?ver=2.0.4", "requestTime": 31695.347751}}
06-28 17:23:38.293 21048 21061 E WPROF   : {"Javascript": {"url": "http://static.chartbeat.com/js/chartbeat_mab.js", "requestTime": 31695.348658}}
06-28 17:23:38.938 21048 21061 E WPROF   : {"Javascript": {"url": "http://searchengineland.com/figz/wp-includes/js/wp-emoji-release.min.js?ver=4.7.5", "requestTime": 31695.993409}}
06-28 17:23:39.272 21048 21061 E WPROF   : {"Javascript": {"url": "http://www.googletagservices.com/tag/js/gpt.js", "requestTime": 31696.327771}}
06-28 17:23:39.280 21048 21061 E WPROF   : {"Javascript": {"url": "https://www.google-analytics.com/analytics.js", "requestTime": 31696.336069}}
06-28 17:23:39.283 21048 21061 E WPROF   : {"Javascript": {"url": "http://edge.quantserve.com/quant.js", "requestTime": 31696.338420}}
06-28 17:23:39.285 21048 21061 E WPROF   : {"Javascript": {"url": "https://connect.facebook.net/en_US/fbevents.js", "requestTime": 31696.340317}}
06-28 17:23:39.337 20981 21030 E chromium: [ERROR:gles2_cmd_decoder.cc(3852)] [.ChromiumCompositor-0xacbb2fc0]GL ERROR :GL_INVALID_ENUM : glDiscardFramebufferEXT: attachments was GL_COLOR_EXT
06-28 17:23:39.363 21048 21061 E WPROF   : {"Javascript": {"url": "http://app-sj02.marketo.com/js/forms2/js/forms2.min.js", "requestTime": 31696.418948}}
06-28 17:23:39.376 21048 21061 E WPROF   : {"Javascript": {"url": "http://searchengineland.com/js/ga_social_tracking.js", "requestTime": 31696.432043}}
06-28 17:23:39.377 21048 21061 E WPROF   : {"Javascript": {"url": "http://s7.addthis.com/js/300/addthis_widget.js#pubid=ra-53e918f660794f37", "requestTime": 31696.432883}}
06-28 17:23:39.465 20981 21030 E chromium: [ERROR:gles2_cmd_decoder.cc(3852)] [.ChromiumCompositor-0xacbb2fc0]GL ERROR :GL_INVALID_ENUM : glDiscardFramebufferEXT: attachments was GL_COLOR_EXT
06-28 17:23:39.510 21048 21061 E WPROF   : {"Javascript": {"url": "https://connect.facebook.net/signals/config/423979991297359?v=2.7.17", "requestTime": 31696.565472}}
06-28 17:23:39.539 21048 21061 E WPROF   : {"Javascript": {"url": "https://securepubads.g.doubleclick.net/gpt/pubads_impl_121.js", "requestTime": 31696.595077}}
06-28 17:23:39.561 20981 21030 E chromium: [ERROR:gles2_cmd_decoder.cc(3852)] [.ChromiumCompositor-0xacbb2fc0]GL ERROR :GL_INVALID_ENUM : glDiscardFramebufferEXT: attachments was GL_COLOR_EXT
06-28 17:23:39.911 21048 21061 E WPROF   : {"Javascript": {"url": "http://app-sj02.marketo.com/index.php/form/getForm?munchkinId=727-ZQE-044&form=5691&url=http%3A%2F%2Fsearchengineland.com%2Fsolve-mystery-customers-really-want-276259&callback=jQuery110206278988234698772_1498638219836&_=1498638219837", "requestTime": 31696.966714}}
06-28 17:23:39.978 21048 21061 E WPROF   : {"Javascript": {"url": "http://app-sj02.marketo.com/index.php/form/getForm?munchkinId=727-ZQE-044&form=5673&url=http%3A%2F%2Fsearchengineland.com%2Fsolve-mystery-customers-really-want-276259&callback=jQuery110206278988234698772_1498638219838&_=1498638219839", "requestTime": 31697.033622}}
06-28 17:23:40.371 21048 21061 E WPROF   : {"Javascript": {"url": "http://platform.twitter.com/widgets.js", "requestTime": 31697.426762}}
06-28 17:23:40.543 21048 21061 E WPROF   : {"Javascript": {"url": "http://connect.facebook.net/en_US/sdk.js", "requestTime": 31697.598796}}
06-28 17:23:40.547 21048 21061 E WPROF   : {"Javascript": {"url": "https://apis.google.com/js/platform.js", "requestTime": 31697.602961}}
06-28 17:23:40.594 21048 21061 E WPROF   : {"Javascript": {"url": "http://rules.quantcount.com/rules-p-5aGizvD82d9hk.js", "requestTime": 31697.650130}}
06-28 17:23:40.598   862  1657 E LocSvc_IzatApiV02: E/virtual int izat_core::IzatApiV02::getBatchSize(int32_t):522]: Error : st = 4, ind.status = -1628389555
06-28 17:23:40.598   862  1657 E LocSvc_IzatApiV02: E/virtual int izat_core::IzatApiV02::getBatchSize(int32_t):535]: get batching size failed.Or modem does not support batching 
06-28 17:23:40.607 21048 21061 E WPROF   : {"Javascript": {"url": "http://munchkin.marketo.net/munchkin.js", "requestTime": 31697.662737}}
06-28 17:23:40.609   862  1657 E LocSvc_IzatApiV02: E/virtual int izat_core::IzatApiV02::getBatchSize(int32_t):522]: Error : st = 4, ind.status = -1628389555
06-28 17:23:40.609   862  1657 E LocSvc_IzatApiV02: E/virtual int izat_core::IzatApiV02::getBatchSize(int32_t):535]: get batching size failed.Or modem does not support batching 
06-28 17:23:40.612 21048 21061 E WPROF   : {"Javascript": {"url": "http://d2j3qa5nc37287.cloudfront.net/coupon_code1.js", "requestTime": 31697.668176}}
06-28 17:23:40.639   862  1657 E LocSvc_IzatApiV02: E/virtual int izat_core::IzatApiV02::getBatchSize(int32_t):522]: Error : st = 4, ind.status = -1628389555
06-28 17:23:40.639   862  1657 E LocSvc_IzatApiV02: E/virtual int izat_core::IzatApiV02::getBatchSize(int32_t):535]: get batching size failed.Or modem does not support batching 
06-28 17:23:40.662 21048 21061 E WPROF   : {"Javascript": {"url": "http://www.googleadservices.com/pagead/conversion.js", "requestTime": 31697.717378}}
06-28 17:23:40.662 21048 21061 E WPROF   : {"Javascript": {"url": "http://searchengineland.com/figz/wp-content/themes/searchengineland/js/script.js?ver=1.0", "requestTime": 31697.718056}}
06-28 17:23:40.727   862  1657 E LocSvc_IzatApiV02: E/virtual int izat_core::IzatApiV02::getBatchSize(int32_t):522]: Error : st = 4, ind.status = -1628389555
06-28 17:23:40.727   862  1657 E LocSvc_IzatApiV02: E/virtual int izat_core::IzatApiV02::getBatchSize(int32_t):535]: get batching size failed.Or modem does not support batching 
06-28 17:23:40.904 20981 21030 E chromium: [ERROR:gles2_cmd_decoder.cc(3852)] [.ChromiumCompositor-0xacbb2fc0]GL ERROR :GL_INVALID_ENUM : glDiscardFramebufferEXT: attachments was GL_COLOR_EXT
06-28 17:23:41.175 21048 21061 E WPROF   : {"Javascript": {"url": "https://securepubads.g.doubleclick.net/gampad/ads?gdfp_req=1&correlator=4419346733465600&output=json_html&callback=googletag.impl.pubads.callbackProxy1&impl=fifs&json_a=1&eid=108809080%2C108809148%2C108809103%2C108809153%2C21060495&sc=0&sfv=1-0-9&iu_parts=1038259%2Csel-ciu-1%2Csel-ciu-2%2Csel-ciu-3%", "requestTime": 31698.230709}}
06-28 17:23:41.209 21048 21061 E WPROF   : {"Javascript": {"url": "https://static.xx.fbcdn.net/rsrc.php/v3iy6L4/yF/l/ko_KR/w3AiswiqjrJ.js", "requestTime": 31698.265099}}
06-28 17:23:41.289 21048 21061 E WPROF   : {"Javascript": {"url": "http://searchengineland.com/figz/wp-includes/js/wp-embed.min.js?ver=4.7.5", "requestTime": 31698.344424}}
06-28 17:23:41.289 21048 21061 E WPROF   : {"Javascript": {"url": "http://searchengineland.com/figz/wp-content/themes/searchengineland/js/modules/sharing_controls.js", "requestTime": 31698.344841}}
06-28 17:23:41.389 20981 21030 E chromium: [ERROR:gles2_cmd_decoder.cc(3852)] [.ChromiumCompositor-0xacbb2fc0]GL ERROR :GL_INVALID_ENUM : glDiscardFramebufferEXT: attachments was GL_COLOR_EXT
06-28 17:23:41.576 21048 21061 E WPROF   : {"Javascript": {"url": "http://dnn506yrbagrg.cloudfront.net/pages/scripts/0026/4062.js?416288", "requestTime": 31698.631702}}
06-28 17:23:41.620 21048 21061 E WPROF   : {"CSS": {"url": "http://app-sj02.marketo.com/js/forms2/css/forms2.css", "requestTime": 31698.676035}}
06-28 17:23:41.624 21048 21061 E WPROF   : {"CSS": {"url": "http://app-sj02.marketo.com/js/forms2/css/forms2-theme-simple.css", "requestTime": 31698.679557}}
06-28 17:23:41.642 21048 21061 E WPROF   : {"Javascript": {"url": "http://munchkin.marketo.net/151/munchkin.js", "requestTime": 31698.697627}}
06-28 17:23:41.810 21048 21061 E WPROF   : {"Javascript": {"url": "http://www.justuno.com/ajax/account_version_check.html?id=828FA275-FF73-401E-AA39-40F5A6FAB6B1", "requestTime": 31698.865275}}
06-28 17:23:42.058 21048 21061 E WPROF   : {"Javascript": {"url": "http://cdn.api.twitter.com/1/users/show.json?screen_name=IBM&callback=twttr.setFollowersCount", "requestTime": 31699.113214}}
06-28 17:23:42.092 21048 21061 E WPROF   : {"CSS": {"url": "https://www.youtube.com/yts/cssbin/www-embed-player-sprite-mode-vfl5G4Xm8.css", "requestTime": 31699.147247}}
06-28 17:23:42.115 21048 21061 E WPROF   : {"Javascript": {"url": "https://www.youtube.com/yts/jsbin/www-embed-player-vfl_UY_j8/www-embed-player.js", "requestTime": 31699.170348}}
06-28 17:23:42.118 21048 21061 E WPROF   : {"Javascript": {"url": "https://www.youtube.com/yts/jsbin/player-vflo1w4O-/ko_KR/base.js", "requestTime": 31699.173427}}
06-28 17:23:42.162 20981 21030 E chromium: [ERROR:gles2_cmd_decoder.cc(3852)] [.ChromiumCompositor-0xacbb2fc0]GL ERROR :GL_INVALID_ENUM : glDiscardFramebufferEXT: attachments was GL_COLOR_EXT
06-28 17:23:42.411 21048 21061 E WPROF   : {"Javascript": {"url": "http://m.addthisedge.com/live/boost/ra-53e918f660794f37/_ate.track.config_resp", "requestTime": 31699.467010}}
06-28 17:23:42.471 21048 21061 E WPROF   : {"Javascript": {"url": "http://m.addthis.com/live/red_lojson/300lo.json?si=5953678c1e7e2a40&bkl=0&bl=1&pdt=1583&sid=5953678c1e7e2a40&pub=ra-53e918f660794f37&rev=v7.15.4-wp&ln=ko&pc=men&cb=0&ab=-&dp=searchengineland.com&fp=solve-mystery-customers-really-want-276259&fr=&of=0&pd=0&irt=0&vcl=0&md=0&ct=1&tct=0&abt=0&cdn=0&pi=1&", "requestTime": 31699.526844}}
06-28 17:23:42.506 21048 21061 E WPROF   : {"Javascript": {"url": "https://platform.twitter.com/js/button.b731e6c82269f70f6fc53634e044a4c6.js", "requestTime": 31699.562188}}
06-28 17:23:43.088 20981 21030 E chromium: [ERROR:gles2_cmd_decoder.cc(3852)] [.ChromiumCompositor-0xacbb2fc0]GL ERROR :GL_INVALID_ENUM : glDiscardFramebufferEXT: attachments was GL_COLOR_EXT
06-28 17:23:43.604 20981 21030 E chromium: [ERROR:gles2_cmd_decoder.cc(3852)] [.ChromiumCompositor-0xacbb2fc0]GL ERROR :GL_INVALID_ENUM : glDiscardFramebufferEXT: attachments was GL_COLOR_EXT
06-28 17:23:44.713 21048 21061 E WPROF   : {"Javascript": {"url": "https://www.google.com/js/bg/KWBfAnWFESAEEaKKgdYlTHY9ysQaNoQuzeMFqvxDSM8.js", "requestTime": 31701.768859}}
06-28 17:23:44.716 21048 21061 E WPROF   : {"Javascript": {"url": "https://static.doubleclick.net/instream/ad_status.js", "requestTime": 31701.771330}}
06-28 17:23:44.886 20981 21030 E chromium: [ERROR:gles2_cmd_decoder.cc(3852)] [.ChromiumCompositor-0xacbb2fc0]GL ERROR :GL_INVALID_ENUM : glDiscardFramebufferEXT: attachments was GL_COLOR_EXT
06-28 17:23:45.233 20981 21030 E chromium: [ERROR:gles2_cmd_decoder.cc(3852)] [.ChromiumCompositor-0xacbb2fc0]GL ERROR :GL_INVALID_ENUM : glDiscardFramebufferEXT: attachments was GL_COLOR_EXT
06-28 17:23:45.433 21048 21061 E WPROF   : {"Javascript": {"url": "http://cdn.justuno.com/mwgt_3.6.js", "requestTime": 31702.489078}}
06-28 17:23:45.444 21048 21061 E WPROF   : {"Javascript": {"url": "http://s7.addthis.com/static/layers.4acb6c577b51939661ec.js", "requestTime": 31702.500177}}
06-28 17:23:45.617 20981 21030 E chromium: [ERROR:gles2_cmd_decoder.cc(3852)] [.ChromiumCompositor-0xacbb2fc0]GL ERROR :GL_INVALID_ENUM : glDiscardFramebufferEXT: attachments was GL_COLOR_EXT
06-28 17:23:46.009 20981 21030 E chromium: [ERROR:gles2_cmd_decoder.cc(3852)] [.ChromiumCompositor-0xacbb2fc0]GL ERROR :GL_INVALID_ENUM : glDiscardFramebufferEXT: attachments was GL_COLOR_EXT
06-28 17:23:48.038 21048 21061 E WProf.db: {"page": "searchengineland.com_solve-mystery-customers-really-want-276259"}
06-28 17:23:48.038 21048 21061 E WProf.db: {"DOMLoad": 31705.093502}
06-28 17:23:48.038 21048 21061 E WProf.db: {"Resource": {"id": 1, "url": "http://searchengineland.com/solve-mystery-customers-really-want-276259", "sentTime": -1.000000, "len": 82419, "from": "0x0", "mimeType": "text/html", "contentLength": -1, "httpStatus": 200, "connId": 20, "connReused": 1, "cached": 0,"requestTime": 31694.855662, "proxyStart": -1, "proxyEnd": -1, "dnsStart": -1, "dnsEnd": -1, "connectStart": 0, "connectEnd": 75, "sendStart": 75, "sendEnd": 75, "receiveHeadersEnd": 346, "sslStart": -1, "sslEnd": -1}}
06-28 17:23:48.038 21048 21061 E WProf.db: {"ReceivedChunk": {"receivedTime": 31695.228155, "len": 12314}}
06-28 17:23:48.038 21048 21061 E WProf.db: {"ReceivedChunk": {"receivedTime": 31695.321348, "len": 32768}}
06-28 17:23:48.038 21048 21061 E WProf.db: {"ReceivedChunk": {"receivedTime": 31695.321571, "len": 23512}}
06-28 17:23:48.038 21048 21061 E WProf.db: {"ReceivedChunk": {"receivedTime": 31695.400357, "len": 13825}}
06-28 17:23:48.039 21048 21061 E WProf.db: {"WprofHTMLTag": {"code": "0xaedd65d0", "doc": "http://searchengineland.com/solve-mystery-customers-really-want-276259", "row": 6, "column": 42, "tagName": "html", "time": 31695.324438, "url": "", "pos": 1, "chunkLen": 1, "isStartTag": 1}}
06-28 17:23:48.039 21048 21061 E WProf.db: {"WprofHTMLTag": {"code": "0xaf047760", "doc": "http://searchengineland.com/solve-mystery-customers-really-want-276259", "row": 7, "column": 6, "tagName": "head", "time": 31695.324904, "url": "", "pos": 1, "chunkLen": 1, "isStartTag": 1}}
06-28 17:23:48.039 21048 21061 E WProf.db: {"WprofHTMLTag": {"code": "0xaf047850", "doc": "http://searchengineland.com/solve-mystery-customers-really-want-276259", "row": 8, "column": 54, "tagName": "meta", "time": 31695.324948, "url": "", "pos": 1, "chunkLen": 1, "isStartTag": 1}}
06-28 17:23:48.039 21048 21061 E WProf.db: {"WprofHTMLTag": {"code": "0xaf047880", "doc": "http://searchengineland.com/solve-mystery-customers-really-want-276259", "row": 9, "column": 68, "tagName": "meta", "time": 31695.325101, "url": "", "pos": 1, "chunkLen": 1, "isStartTag": 1}}
06-28 17:23:48.039 21048 21061 E WProf.db: {"WprofHTMLTag": {"code": "0xaf0478b0", "doc": "http://searchengineland.com/solve-mystery-customers-really-want-276259", "row": 10, "column": 23, "tagName": "meta", "time": 31695.325215, "url": "", "pos": 1, "chunkLen": 1, "isStartTag": 1}}
06-28 17:23:48.039 21048 21061 E WProf.db: {"WprofHTMLTag": {"code": "0xaf0478e0", "doc": "http://searchengineland.com/solve-mystery-customers-really-want-276259", "row": 11, "column": 52, "tagName": "meta", "time": 31695.325339, "url": "", "pos": 1, "chunkLen": 1, "isStartTag": 1}}
06-28 17:23:48.039 21048 21061 E WProf.db: {"WprofHTMLTag": {"code": "0xaf047910", "doc": "http://searchengineland.com/solve-mystery-customers-really-want-276259", "row": 14, "column": 56, "tagName": "meta", "time": 31695.325467, "url": "", "pos": 1, "chunkLen": 1, "isStartTag": 1}}
06-28 17:23:48.039 21048 21061 E WProf.db: {"WprofHTMLTag": {"code": "0xaf047940", "doc": "http://searchengineland.com/solve-mystery-customers-really-want-276259", "row": 15, "column": 83, "tagName": "meta", "time": 31695.325576, "url": "", "pos": 1, "chunkLen": 1, "isStartTag": 1}}
06-28 17:23:48.040 21048 21061 E WProf.db: {"WprofHTMLTag": {"code": "0xaf047970", "doc": "http://searchengineland.com/solve-mystery-customers-really-want-276259", "row": 16, "column": 57, "tagName": "meta", "time": 31695.325687, "url": "", "pos": 1, "chunkLen": 1, "isStartTag": 1}}
06-28 17:23:48.040 21048 21061 E WProf.db: {"WprofHTMLTag": {"code": "0xaf047a00", "doc": "http://searchengineland.com/solve-mystery-customers-really-want-276259", "row": 17, "column": 41, "tagName": "meta", "time": 31695.325804, "url": "", "pos": 1, "chunkLen": 1, "isStartTag": 1}}
06-28 17:23:48.040 21048 21061 E WProf.db: {"WprofHTMLTag": {"code": "0xaf047a30", "doc": "http://searchengineland.com/solve-mystery-customers-really-want-276259", "row": 18, "column": 50, "tagName": "meta", "time": 31695.325908, "url": "", "pos": 1, "chunkLen": 1, "isStartTag": 1}}
06-28 17:23:48.040 21048 21061 E WProf.db: {"WprofHTMLTag": {"code": "0xaf047a60", "doc": "http://searchengineland.com/solve-mystery-customers-really-want-276259", "row": 19, "column": 174, "tagName": "meta", "time": 31695.326680, "url": "", "pos": 1, "chunkLen": 1, "isStartTag": 1}}
06-28 17:23:48.040 21048 21061 E WProf.db: {"WprofHTMLTag": {"code": "0xaf0479d0", "doc": "http://searchengineland.com/solve-mystery-customers-really-want-276259", "row": 20, "column": 47, "tagName": "meta", "time": 31695.326798, "url": "", "pos": 1, "chunkLen": 1, "isStartTag": 1}}
06-28 17:23:48.040 21048 21061 E WProf.db: {"WprofHTMLTag": {"code": "0xaf0479a0", "doc": "http://searchengineland.com/solve-mystery-customers-really-want-276259", "row": 21, "column": 67, "tagName": "meta", "time": 31695.326910, "url": "", "pos": 1, "chunkLen": 1, "isStartTag": 1}}
06-28 17:23:48.040 21048 21061 E WProf.db: {"WprofHTMLTag": {"code": "0xaf047a90", "doc": "http://searchengineland.com/solve-mystery-customers-really-want-276259", "row": 22, "column": 57, "tagName": "meta", "time": 31695.327019, "url": "", "pos": 1, "chunkLen": 1, "isStartTag": 1}}
06-28 17:23:48.040 21048 21061 E WProf.db: {"WprofHTMLTag": {"code": "0xaf047ac0", "doc": "http://searchengineland.com/solve-mystery-customers-really-want-276259", "row": 23, "column": 65, "tagName": "meta", "time": 31695.327127, "url": "", "pos": 1, "chunkLen": 1, "isStartTag": 1}}
06-28 17:23:48.040 21048 21061 E WProf.db: {"WprofHTMLTag": {"code": "0xaf047af0", "doc": "http://searchengineland.com/solve-mystery-customers-really-want-276259", "row": 24, "column": 55, "tagName": "meta", "time": 31695.327236, "url": "", "pos": 1, "chunkLen": 1, "isStartTag": 1}}
06-28 17:23:48.041 21048 21061 E WProf.db: {"WprofHTMLTag": {"code": "0xaf047b20", "doc": "http://searchengineland.com/solve-mystery-customers-really-want-276259", "row": 25, "column": 71, "tagName": "meta", "time": 31695.327340, "url": "", "pos": 1, "chunkLen": 1, "isStartTag": 1}}
06-28 17:23:48.041 21048 21061 E WProf.db: {"WprofHTMLTag": {"code": "0xaf047b50", "doc": "http://searchengineland.com/solve-mystery-customers-really-want-276259", "row": 26, "column": 86, "tagName": "meta", "time": 31695.327447, "url": "", "pos": 1, "chunkLen": 1, "isStartTag": 1}}
06-28 17:23:48.041 21048 21061 E WProf.db: {"WprofHTMLTag": {"code": "0xaf047b80", "doc": "http://searchengineland.com/solve-mystery-customers-really-want-276259", "row": 27, "column": 54, "tagName": "meta", "time": 31695.327566, "url": "", "pos": 1, "chunkLen": 1, "isStartTag": 1}}
06-28 17:23:48.041 21048 21061 E WProf.db: {"WprofHTMLTag": {"code": "0xaf047bb0", "doc": "http://searchengineland.com/solve-mystery-customers-really-want-276259", "row": 29, "column": 39, "tagName": "meta", "time": 31695.327671, "url": "", "pos": 1, "chunkLen": 1, "isStartTag": 1}}
06-28 17:23:48.041 21048 21061 E WProf.db: {"WprofHTMLTag": {"code": "0xaf047be0", "doc": "http://searchengineland.com/solve-mystery-customers-really-want-276259", "row": 30, "column": 178, "tagName": "meta", "time": 31695.327783, "url": "", "pos": 1, "chunkLen": 1, "isStartTag": 1}}
06-28 17:23:48.041 21048 21061 E WProf.db: {"WprofHTMLTag": {"code": "0xaf047c10", "doc": "http://searchengineland.com/solve-mystery-customers-really-want-276259", "row": 31, "column": 55, "tagName": "meta", "time": 31695.327892, "url": "", "pos": 1, "chunkLen": 1, "isStartTag": 1}}
06-28 17:23:48.041 21048 21061 E WProf.db: {"WprofHTMLTag": {"code": "0xaf047c40", "doc": "http://searchengineland.com/solve-mystery-customers-really-want-276259", "row": 32, "column": 54, "tagName": "meta", "time": 31695.328003, "url": "", "pos": 1, "chunkLen": 1, "isStartTag": 1}}
06-28 17:23:48.041 21048 21061 E WProf.db: {"WprofHTMLTag": {"code": "0xaf047c70", "doc": "http://searchengineland.com/solve-mystery-customers-really-want-276259", "row": 33, "column": 116, "tagName": "meta", "time": 31695.328118, "url": "", "pos": 1, "chunkLen": 1, "isStartTag": 1}}
06-28 17:23:48.041 21048 21061 E WProf.db: {"WprofHTMLTag": {"code": "0xaf047ca0", "doc": "http://searchengineland.com/solve-mystery-customers-really-want-276259", "row": 37, "column": 36, "tagName": "script", "time": 31695.328230, "url": "", "pos": 1, "chunkLen": 1, "isStartTag": 1}}
06-28 17:23:48.042 21048 21061 E WProf.db: {"WprofHTMLTag": {"code": "0xaf047cd0", "doc": "http://searchengineland.com/solve-mystery-customers-really-want-276259", "row": 53, "column": 10, "tagName": "script", "time": 31695.328474, "url": "", "pos": 1, "chunkLen": 1, "isStartTag": 0}}
06-28 17:23:48.042 21048 21061 E WProf.db: {"WprofHTMLTag": {"code": "0xaf047d00", "doc": "http://searchengineland.com/solve-mystery-customers-really-want-276259", "row": 55, "column": 86, "tagName": "link", "time": 31695.328981, "url": "http://searchengineland.com/apple-touch-icon.png", "pos": 1, "chunkLen": 1, "isStartTag": 1}}
06-28 17:23:48.042 21048 21061 E WProf.db: {"WprofHTMLTag": {"code": "0xaf047d30", "doc": "http://searchengineland.com/solve-mystery-customers-really-want-276259", "row": 56, "column": 76, "tagName": "link", "time": 31695.329270, "url": "http://searchengineland.com/favicon.ico", "pos": 1, "chunkLen": 1, "isStartTag": 1}}
06-28 17:23:48.042 21048 21061 E WProf.db: {"WprofHTMLTag": {"code": "0xaf047d60", "doc": "http://searchengineland.com/solve-mystery-customers-really-want-276259", "row": 57, "column": 158, "tagName": "link", "time": 31695.329471, "url": "http://feeds.searchengineland.com/searchengineland", "pos": 1, "chunkLen": 1, "isStartTag": 1}}
06-28 17:23:48.042 21048 21061 E WProf.db: {"WprofHTMLTag": {"code": "0xaf047d90", "doc": "http://searchengineland.com/solve-mystery-customers-really-want-276259", "row": 58, "column": 149, "tagName": "link", "time": 31695.329747, "url": "http://feeds.searchengineland.com/searchcap", "pos": 1, "chunkLen": 1, "isStartTag": 1}}
06-28 17:23:48.042 21048 21061 E WProf.db: {"WprofHTMLTag": {"code": "0xaf047dc0", "doc": "http://searchengineland.com/solve-mystery-customers-really-want-276259", "row": 59, "column": 150, "tagName": "link", "time": 31695.330889, "url": "http://searchengineland.com/figz/wp-content/themes/searchengineland/css/searchengineland-bootstrap.css", "pos": 1, "chunkLen": 1, "isStartTag": 1}}
06-28 17:23:48.042 21048 21061 E WProf.db: {"WprofHTMLTag": {"code": "0xaf047e20", "doc": "http://searchengineland.com/solve-mystery-customers-really-want-276259", "row": 60, "column": 105, "tagName": "link", "time": 31695.332738, "url": "http://fonts.googleapis.com/css?family=Oswald:300,400,700", "pos": 1, "chunkLen": 1, "isStartTag": 1}}
06-28 17:23:48.042 21048 21061 E WProf.db: {"WprofHTMLTag": {"code": "0xaf047e80", "doc": "http://searchengineland.com/solve-mystery-customers-really-want-276259", "row": 61, "column": 125, "tagName": "link", "time": 31695.336721, "url": "http://searchengineland.com/figz/wp-content/themes/searchengineland/style.css", "pos": 1, "chunkLen": 1, "isStartTag": 1}}
06-28 17:23:48.043 21048 21061 E WProf.db: {"WprofHTMLTag": {"code": "0xaf047ee0", "doc": "http://searchengineland.com/solve-mystery-customers-really-want-276259", "row": 65, "column": 7, "tagName": "title", "time": 31695.337755, "url": "", "pos": 1, "chunkLen": 1, "isStartTag": 1}}
06-28 17:23:48.043 21048 21061 E WProf.db: {"WprofHTMLTag": {"code": "0xaf047f10", "doc": "http://searchengineland.com/solve-mystery-customers-really-want-276259", "row": 65, "column": 74, "tagName": "title", "time": 31695.338123, "url": "", "pos": 1, "chunkLen": 1, "isStartTag": 0}}
06-28 17:23:48.043 21048 21061 E WProf.db: {"WprofHTMLTag": {"code": "0xaf047f40", "doc": "http://searchengineland.com/solve-mystery-customers-really-want-276259", "row": 66, "column": 192, "tagName": "meta", "time": 31695.338163, "url": "", "pos": 1, "chunkLen": 1, "isStartTag": 1}}
06-28 17:23:48.043 21048 21061 E WProf.db: {"WprofHTMLTag": {"code": "0xaf047f70", "doc": "http://searchengineland.com/solve-mystery-customers-really-want-276259", "row": 67, "column": 40, "tagName": "meta", "time": 31695.338362, "url": "", "pos": 1, "chunkLen": 1, "isStartTag": 1}}
06-28 17:23:48.043 21048 21061 E WProf.db: {"WprofHTMLTag": {"code": "0xaf047fa0", "doc": "http://searchengineland.com/solve-mystery-customers-really-want-276259", "row": 68, "column": 112, "tagName": "meta", "time": 31695.338514, "url": "", "pos": 1, "chunkLen": 1, "isStartTag": 1}}
06-28 17:23:48.043 21048 21061 E WProf.db: {"WprofHTMLTag": {"code": "0xaf047fd0", "doc": "http://searchengineland.com/solve-mystery-customers-really-want-276259", "row": 69, "column": 37, "tagName": "meta", "time": 31695.338786, "url": "", "pos": 1, "chunkLen": 1, "isStartTag": 1}}
06-28 17:23:48.043 21048 21061 E WProf.db: {"WprofHTMLTag": {"code": "0xb4cc74b0", "doc": "http://searchengineland.com/solve-mystery-customers-really-want-276259", "row": 70, "column": 102, "tagName": "link", "time": 31695.339485, "url": "http://searchengineland.com/solve-mystery-customers-really-want-276259", "pos": 1, "chunkLen": 1, "isStartTag": 1}}
06-28 17:23:48.044 21048 21061 E WProf.db: {"WprofHTMLTag": {"code": "0xb4cc7540", "doc": "http://searchengineland.com/solve-mystery-customers-really-want-276259", "row": 71, "column": 76, "tagName": "link", "time": 31695.339787, "url": "https://plus.google.com/103218677032751327334", "pos": 1, "chunkLen": 1, "isStartTag": 1}}
06-28 17:23:48.044 21048 21061 E WProf.db: {"WprofHTMLTag": {"code": "0xb4cc78a0", "doc": "http://searchengineland.com/solve-mystery-customers-really-want-276259", "row": 72, "column": 45, "tagName": "meta", "time": 31695.340114, "url": "", "pos": 1, "chunkLen": 1, "isStartTag": 1}}
06-28 17:23:48.044 21048 21061 E WProf.db: {"WprofHTMLTag": {"code": "0xb4cc78d0", "doc": "http://searchengineland.com/solve-mystery-customers-really-want-276259", "row": 73, "column": 45, "tagName": "meta", "time": 31695.340278, "url": "", "pos": 1, "chunkLen": 1, "isStartTag": 1}}
06-28 17:23:48.044 21048 21061 E WProf.db: {"WprofHTMLTag": {"code": "0xb4cc7900", "doc": "http://searchengineland.com/solve-mystery-customers-really-want-276259", "row": 74, "column": 98, "tagName": "meta", "time": 31695.340471, "url": "", "pos": 1, "chunkLen": 1, "isStartTag": 1}}
06-28 17:23:48.044 21048 21061 E WProf.db: {"WprofHTMLTag": {"code": "0xb4cc7930", "doc": "http://searchengineland.com/solve-mystery-customers-really-want-276259", "row": 75, "column": 200, "tagName": "meta", "time": 31695.340692, "url": "", "pos": 1, "chunkLen": 1, "isStartTag": 1}}
06-28 17:23:48.044 21048 21061 E WProf.db: {"WprofHTMLTag": {"code": "0xb4cc7960", "doc": "http://searchengineland.com/solve-mystery-customers-really-want-276259", "row": 76, "column": 107, "tagName": "meta", "time": 31695.340855, "url": "", "pos": 1, "chunkLen": 1, "isStartTag": 1}}
06-28 17:23:48.044 21048 21061 E WProf.db: {"WprofHTMLTag": {"code": "0xb4cc7990", "doc": "http://searchengineland.com/solve-mystery-customers-really-want-276259", "row": 77, "column": 61, "tagName": "meta", "time": 31695.341009, "url": "", "pos": 1, "chunkLen": 1, "isStartTag": 1}}
06-28 17:23:48.044 21048 21061 E WProf.db: {"WprofHTMLTag": {"code": "0xb4cc79c0", "doc": "http://searchengineland.com/solve-mystery-customers-really-want-276259", "row": 78, "column": 89, "tagName": "meta", "time": 31695.341163, "url": "", "pos": 1, "chunkLen": 1, "isStartTag": 1}}
06-28 17:23:48.045 21048 21061 E WProf.db: {"WprofHTMLTag": {"code": "0xb4cc79f0", "doc": "http://searchengineland.com/solve-mystery-customers-really-want-276259", "row": 79, "column": 81, "tagName": "meta", "time": 31695.341328, "url": "", "pos": 1, "chunkLen": 1, "isStartTag": 1}}
06-28 17:23:48.045 21048 21061 E WProf.db: {"WprofHTMLTag": {"code": "0xb4cc7a20", "doc": "http://searchengineland.com/solve-mystery-customers-really-want-276259", "row": 80, "column": 78, "tagName": "meta", "time": 31695.341483, "url": "", "pos": 1, "chunkLen": 1, "isStartTag": 1}}
06-28 17:23:48.045 21048 21061 E WProf.db: {"WprofHTMLTag": {"code": "0xb4cc7a50", "doc": "http://searchengineland.com/solve-mystery-customers-really-want-276259", "row": 81, "column": 77, "tagName": "meta", "time": 31695.341632, "url": "", "pos": 1, "chunkLen": 1, "isStartTag": 1}}
06-28 17:23:48.045 21048 21061 E WProf.db: {"WprofHTMLTag": {"code": "0xb4cc7a80", "doc": "http://searchengineland.com/solve-mystery-customers-really-want-276259", "row": 82, "column": 71, "tagName": "meta", "time": 31695.341795, "url": "", "pos": 1, "chunkLen": 1, "isStartTag": 1}}
06-28 17:23:48.046 21048 21061 E WProf.db: {"WprofHTMLTag": {"code": "0xb4cc7ab0", "doc": "http://searchengineland.com/solve-mystery-customers-really-want-276259", "row": 83, "column": 110, "tagName": "meta", "time": 31695.341953, "url": "", "pos": 1, "chunkLen": 1, "isStartTag": 1}}
06-28 17:23:48.046 21048 21061 E WProf.db: {"WprofHTMLTag": {"code": "0xb4cc7ae0", "doc": "http://searchengineland.com/solve-mystery-customers-really-want-276259", "row": 84, "column": 58, "tagName": "meta", "time": 31695.342125, "url": "", "pos": 1, "chunkLen": 1, "isStartTag": 1}}
06-28 17:23:48.046 21048 21061 E WProf.db: {"WprofHTMLTag": {"code": "0xb4cc7b10", "doc": "http://searchengineland.com/solve-mystery-customers-really-want-276259", "row": 85, "column": 201, "tagName": "meta", "time": 31695.342278, "url": "", "pos": 1, "chunkLen": 1, "isStartTag": 1}}
06-28 17:23:48.046 21048 21061 E WProf.db: {"WprofHTMLTag": {"code": "0xb4cc7b40", "doc": "http://searchengineland.com/solve-mystery-customers-really-want-276259", "row": 86, "column": 99, "tagName": "meta", "time": 31695.342430, "url": "", "pos": 1, "chunkLen": 1, "isStartTag": 1}}
06-28 17:23:48.046 21048 21061 E WProf.db: {"WprofHTMLTag": {"code": "0xb4cc7b70", "doc": "http://searchengineland.com/solve-mystery-customers-really-want-276259", "row": 87, "column": 51, "tagName": "meta", "time": 31695.342586, "url": "", "pos": 1, "chunkLen": 1, "isStartTag": 1}}
06-28 17:23:48.046 21048 21061 E WProf.db: {"WprofHTMLTag": {"code": "0xb4cc7ba0", "doc": "http://searchengineland.com/solve-mystery-customers-really-want-276259", "row": 88, "column": 111, "tagName": "meta", "time": 31695.342738, "url": "", "pos": 1, "chunkLen": 1, "isStartTag": 1}}
06-28 17:23:48.046 21048 21061 E WProf.db: {"WprofHTMLTag": {"code": "0xb4cc7bd0", "doc": "http://searchengineland.com/solve-mystery-customers-really-want-276259", "row": 89, "column": 46, "tagName": "meta", "time": 31695.342908, "url": "", "pos": 1, "chunkLen": 1, "isStartTag": 1}}
06-28 17:23:48.046 21048 21061 E WProf.db: {"WprofHTMLTag": {"code": "0xb4cc7c00", "doc": "http://searchengineland.com/solve-mystery-customers-really-want-276259", "row": 92, "column": 44, "tagName": "link", "time": 31695.343084, "url": "http://s.w.org/", "pos": 1, "chunkLen": 1, "isStartTag": 1}}
06-28 17:23:48.046 21048 21061 E WProf.db: {"WprofHTMLTag": {"code": "0xb4cc7c30", "doc": "http://searchengineland.com/solve-mystery-customers-really-want-276259", "row": 93, "column": 33, "tagName": "script", "time": 31695.343385, "url": "", "pos": 1, "chunkLen": 1, "isStartTag": 1}}
06-28 17:23:48.047 21048 21061 E WProf.db: {"WprofHTMLTag": {"code": "0xb4cc7c60", "doc": "http://searchengineland.com/solve-mystery-customers-really-want-276259", "row": 96, "column": 11, "tagName": "script", "time": 31695.343657, "url": "http://searchengineland.com/figz/wp-includes/js/wp-emoji-release.min.js?ver=4.7.5", "pos": 1, "chunkLen": 1, "isStartTag": 0}}
06-28 17:23:48.047 21048 21061 E WProf.db: {"WprofHTMLTag": {"code": "0x9d161930", "doc": "http://searchengineland.com/solve-mystery-customers-really-want-276259", "row": 97, "column": 25, "tagName": "style", "time": 31695.994048, "url": "", "pos": 1, "chunkLen": 1, "isStartTag": 1}}
06-28 17:23:48.047 21048 21061 E WProf.db: {"WprofHTMLTag": {"code": "0x9d161960", "doc": "http://searchengineland.com/solve-mystery-customers-really-want-276259", "row": 110, "column": 8, "tagName": "style", "time": 31695.994280, "url": "", "pos": 1, "chunkLen": 1, "isStartTag": 0}}
06-28 17:23:48.047 21048 21061 E WProf.db: {"WprofHTMLTag": {"code": "0x9d161990", "doc": "http://searchengineland.com/solve-mystery-customers-really-want-276259", "row": 111, "column": 140, "tagName": "script", "time": 31695.996375, "url": "http://searchengineland.com/figz/wp-content/themes/searchengineland/js/lib/modernizr.custom.js?ver=1.0", "pos": 1, "chunkLen": 1, "isStartTag": 1}}
06-28 17:23:48.047 21048 21061 E WProf.db: {"WprofHTMLTag": {"code": "0x9d1619c0", "doc": "http://searchengineland.com/solve-mystery-customers-really-want-276259", "row": 111, "column": 149, "tagName": "script", "time": 31695.996626, "url": "", "pos": 1, "chunkLen": 1, "isStartTag": 0}}
06-28 17:23:48.047 21048 21061 E WProf.db: {"WprofHTMLTag": {"code": "0xaedd6a20", "doc": "http://searchengineland.com/solve-mystery-customers-really-want-276259", "row": 112, "column": 144, "tagName": "script", "time": 31696.004482, "url": "http://searchengineland.com/figz/wp-content/themes/searchengineland/js/lib/jquery-1.11.0.min.js?ver=1.11.0", "pos": 1, "chunkLen": 1, "isStartTag": 1}}
06-28 17:23:48.047 21048 21061 E WProf.db: {"WprofHTMLTag": {"code": "0x9d161a20", "doc": "http://searchengineland.com/solve-mystery-customers-really-want-276259", "row": 112, "column": 153, "tagName": "script", "time": 31696.004755, "url": "", "pos": 1, "chunkLen": 1, "isStartTag": 0}}
06-28 17:23:48.047 21048 21061 E WProf.db: {"WprofHTMLTag": {"code": "0xaedd6f30", "doc": "http://searchengineland.com/solve-mystery-customers-really-want-276259", "row": 0, "column": 15, "tagName": "div", "time": 31696.072427, "url": "", "pos": 15, "chunkLen": 44, "isStartTag": 1}}
06-28 17:23:48.047 21048 21061 E WProf.db: {"WprofHTMLTag": {"code": "0xaedd6f00", "doc": "http://searchengineland.com/solve-mystery-customers-really-want-276259", "row": 0, "column": 21, "tagName": "div", "time": 31696.072549, "url": "", "pos": 21, "chunkLen": 44, "isStartTag": 0}}
06-28 17:23:48.048 21048 21061 E WProf.db: {"WprofHTMLTag": {"code": "0xaedd6ed0", "doc": "http://searchengineland.com/solve-mystery-customers-really-want-276259", "row": 0, "column": 38, "tagName": "div", "time": 31696.072606, "url": "", "pos": 38, "chunkLen": 44, "isStartTag": 1}}
06-28 17:23:48.048 21048 21061 E WProf.db: {"WprofHTMLTag": {"code": "0xaedd6ea0", "doc": "http://searchengineland.com/solve-mystery-customers-really-want-276259", "row": 0, "column": 44, "tagName": "div", "time": 31696.072710, "url": "", "pos": 44, "chunkLen": 44, "isStartTag": 0}}
06-28 17:23:48.048 21048 21061 E WProf.db: {"WprofHTMLTag": {"code": "0xaedd6e70", "doc": "http://searchengineland.com/solve-mystery-customers-really-want-276259", "row": 0, "column": 13, "tagName": "select", "time": 31696.073977, "url": "", "pos": 13, "chunkLen": 51, "isStartTag": 1}}
06-28 17:23:48.048 21048 21061 E WProf.db: {"WprofHTMLTag": {"code": "0x9d161ab0", "doc": "http://searchengineland.com/solve-mystery-customers-really-want-276259", "row": 0, "column": 33, "tagName": "option", "time": 31696.074139, "url": "", "pos": 33, "chunkLen": 51, "isStartTag": 1}}
06-28 17:23:48.048 21048 21061 E WProf.db: {"WprofHTMLTag": {"code": "0x9d161ae0", "doc": "http://searchengineland.com/solve-mystery-customers-really-want-276259", "row": 0, "column": 42, "tagName": "option", "time": 31696.074313, "url": "", "pos": 42, "chunkLen": 51, "isStartTag": 0}}
06-28 17:23:48.048 21048 21061 E WProf.db: {"WprofHTMLTag": {"code": "0x9d161b10", "doc": "http://searchengineland.com/solve-mystery-customers-really-want-276259", "row": 0, "column": 51, "tagName": "select", "time": 31696.074369, "url": "", "pos": 51, "chunkLen": 51, "isStartTag": 0}}
06-28 17:23:48.048 21048 21061 E WProf.db: {"WprofHTMLTag": {"code": "0x9d161b40", "doc": "http://searchengineland.com/solve-mystery-customers-really-want-276259", "row": 0, "column": 12, "tagName": "a", "time": 31696.081047, "url": "", "pos": 12, "chunkLen": 16, "isStartTag": 1}}
06-28 17:23:48.048 21048 21061 E WProf.db: {"WprofHTMLTag": {"code": "0x9d161b70", "doc": "http://searchengineland.com/solve-mystery-customers-really-want-276259", "row": 0, "column": 16, "tagName": "a", "time": 31696.081234, "url": "", "pos": 16, "chunkLen": 16, "isStartTag": 0}}
06-28 17:23:48.048 21048 21061 E WProf.db: {"WprofHTMLTag": {"code": "0x9d161ba0", "doc": "http://searchengineland.com/solve-mystery-customers-really-want-276259", "row": 0, "column": 8, "tagName": "input", "time": 31696.082408, "url": "", "pos": 8, "chunkLen": 8, "isStartTag": 1}}
06-28 17:23:48.048 21048 21061 E WProf.db: {"WprofHTMLTag": {"code": "0x9d161bd0", "doc": "http://searchengineland.com/solve-mystery-customers-really-want-276259", "row": 0, "column": 9, "tagName": "link", "time": 31696.091091, "url": "", "pos": 9, "chunkLen": 42, "isStartTag": 1}}
06-28 17:23:48.049 21048 21061 E WProf.db: {"WprofHTMLTag": {"code": "0x9d161c00", "doc": "http://searchengineland.com/solve-mystery-customers-really-want-276259", "row": 0, "column": 16, "tagName": "table", "time": 31696.091204, "url": "", "pos": 16, "chunkLen": 42, "isStartTag": 1}}
06-28 17:23:48.049 21048 21061 E WProf.db: {"WprofHTMLTag": {"code": "0x9d161c30", "doc": "http://searchengineland.com/solve-mystery-customers-really-want-276259", "row": 0, "column": 24, "tagName": "table", "time": 31696.091319, "url": "", "pos": 24, "chunkLen": 42, "isStartTag": 0}}
06-28 17:23:48.049 21048 21061 E WProf.db: {"WprofHTMLTag": {"code": "0x9d161c60", "doc": "http://searchengineland.com/solve-mystery-customers-really-want-276259", "row": 0, "column": 37, "tagName": "a", "time": 31696.091386, "url": "", "pos": 37, "chunkLen": 42, "isStartTag": 1}}
06-28 17:23:48.049 21048 21061 E WProf.db: {"WprofHTMLTag": {"code": "0x9d161c90", "doc": "http://searchengineland.com/solve-mystery-customers-really-want-276259", "row": 0, "column": 42, "tagName": "a", "time": 31696.091552, "url": "", "pos": 42, "chunkLen": 42, "isStartTag": 0}}
06-28 17:23:48.049 21048 21061 E WProf.db: {"WprofHTMLTag": {"code": "0x9d161d20", "doc": "http://searchengineland.com/solve-mystery-customers-really-want-276259", "row": 0, "column": 10, "tagName": "textarea", "time": 31696.092719, "url": "", "pos": 10, "chunkLen": 22, "isStartTag": 1}}
06-28 17:23:48.049 21048 21061 E WProf.db: {"WprofHTMLTag": {"code": "0x9d161d50", "doc": "http://searchengineland.com/solve-mystery-customers-really-want-276259", "row": 0, "column": 22, "tagName": "textarea", "time": 31696.094662, "url": "", "pos": 22, "chunkLen": 22, "isStartTag": 0}}
06-28 17:23:48.050 21048 21061 E WProf.db: {"WprofHTMLTag": {"code": "0x9d161d80", "doc": "http://searchengineland.com/solve-mystery-customers-really-want-276259", "row": 0, "column": 48, "tagName": "input", "time": 31696.101012, "url": "", "pos": 48, "chunkLen": 48, "isStartTag": 1}}
06-28 17:23:48.051 21048 21061 E WProf.db: {"WprofHTMLTag": {"code": "0x9d161de0", "doc": "http://searchengineland.com/solve-mystery-customers-really-want-276259", "row": 0, "column": 9, "tagName": "link", "time": 31696.115062, "url": "", "pos": 9, "chunkLen": 66, "isStartTag": 1}}
06-28 17:23:48.051 21048 21061 E WProf.db: {"WprofHTMLTag": {"code": "0x9d161e10", "doc": "http://searchengineland.com/solve-mystery-customers-really-want-276259", "row": 0, "column": 16, "tagName": "table", "time": 31696.115247, "url": "", "pos": 16, "chunkLen": 66, "isStartTag": 1}}
06-28 17:23:48.051 21048 21061 E WProf.db: {"WprofHTMLTag": {"code": "0x9d161e40", "doc": "http://searchengineland.com/solve-mystery-customers-really-want-276259", "row": 0, "column": 24, "tagName": "table", "time": 31696.115356, "url": "", "pos": 24, "chunkLen": 66, "isStartTag": 0}}
06-28 17:23:48.052 21048 21061 E WProf.db: {"WprofHTMLTag": {"code": "0x9d161e70", "doc": "http://searchengineland.com/solve-mystery-customers-really-want-276259", "row": 0, "column": 37, "tagName": "a", "time": 31696.115458, "url": "", "pos": 37, "chunkLen": 66, "isStartTag": 1}}
06-28 17:23:48.052 21048 21061 E WProf.db: {"WprofHTMLTag": {"code": "0x9d161ea0", "doc": "http://searchengineland.com/solve-mystery-customers-really-want-276259", "row": 0, "column": 42, "tagName": "a", "time": 31696.115722, "url": "", "pos": 42, "chunkLen": 66, "isStartTag": 0}}
06-28 17:23:48.052 21048 21061 E WProf.db: {"WprofHTMLTag": {"code": "0x9d161ed0", "doc": "http://searchengineland.com/solve-mystery-customers-really-want-276259", "row": 0, "column": 66, "tagName": "input", "time": 31696.115819, "url": "", "pos": 66, "chunkLen": 66, "isStartTag": 1}}
06-28 17:23:48.052 21048 21061 E WProf.db: {"WprofHTMLTag": {"code": "0x9d161f60", "doc": "http://searchengineland.com/solve-mystery-customers-really-want-276259", "row": 0, "column": 9, "tagName": "link", "time": 31696.118389, "url": "", "pos": 9, "chunkLen": 66, "isStartTag": 1}}
06-28 17:23:48.052 21048 21061 E WProf.db: {"WprofHTMLTag": {"code": "0x9d161f90", "doc": "http://searchengineland.com/solve-mystery-customers-really-want-276259", "row": 0, "column": 16, "tagName": "table", "time": 31696.118541, "url": "", "pos": 16, "chunkLen": 66, "isStartTag": 1}}
06-28 17:23:48.052 21048 21061 E WProf.db: {"WprofHTMLTag": {"code": "0x9d161fc0", "doc": "http://searchengineland.com/solve-mystery-customers-really-want-276259", "row": 0, "column": 24, "tagName": "table", "time": 31696.118648, "url": "", "pos": 24, "chunkLen": 66, "isStartTag": 0}}
06-28 17:23:48.053 21048 21061 E WProf.db: {"WprofHTMLTag": {"code": "0x9d161ff0", "doc": "http://searchengineland.com/solve-mystery-customers-really-want-276259", "row": 0, "column": 37, "tagName": "a", "time": 31696.118736, "url": "", "pos": 37, "chunkLen": 66, "isStartTag": 1}}
06-28 17:23:48.054 21048 21061 E WProf.db: {"WprofHTMLTag": {"code": "0x9d162020", "doc": "http://searchengineland.com/solve-mystery-customers-really-want-276259", "row": 0, "column": 42, "tagName": "a", "time": 31696.118979, "url": "", "pos": 42, "chunkLen": 66, "isStartTag": 0}}
06-28 17:23:48.055 21048 21061 E WProf.db: {"WprofHTMLTag": {"code": "0x9d162050", "doc": "http://searchengineland.com/solve-mystery-customers-really-want-276259", "row": 0, "column": 66, "tagName": "input", "time": 31696.119071, "url": "", "pos": 66, "chunkLen": 66, "isStartTag": 1}}
06-28 17:23:48.055 21048 21061 E WProf.db: {"WprofHTMLTag": {"code": "0x9d1620b0", "doc": "http://searchengineland.com/solve-mystery-customers-really-want-276259", "row": 0, "column": 9, "tagName": "link", "time": 31696.125071, "url": "", "pos": 9, "chunkLen": 66, "isStartTag": 1}}
06-28 17:23:48.055 21048 21061 E WProf.db: {"WprofHTMLTag": {"code": "0x9d1620e0", "doc": "http://searchengineland.com/solve-mystery-customers-really-want-276259", "row": 0, "column": 16, "tagName": "table", "time": 31696.125237, "url": "", "pos": 16, "chunkLen": 66, "isStartTag": 1}}
06-28 17:23:48.055 21048 21061 E WProf.db: {"WprofHTMLTag": {"code": "0x9d162110", "doc": "http://searchengineland.com/solve-mystery-customers-really-want-276259", "row": 0, "column": 24, "tagName": "table", "time": 31696.125345, "url": "", "pos": 24, "chunkLen": 66, "isStartTag": 0}}
06-28 17:23:48.055 21048 21061 E WProf.db: {"WprofHTMLTag": {"code": "0x9d162140", "doc": "http://searchengineland.com/solve-mystery-customers-really-want-276259", "row": 0, "column": 37, "tagName": "a", "time": 31696.125439, "url": "", "pos": 37, "chunkLen": 66, "isStartTag": 1}}
06-28 17:23:48.055 21048 21061 E WProf.db: {"WprofHTMLTag": {"code": "0x9d162170", "doc": "http://searchengineland.com/solve-mystery-customers-really-want-276259", "row": 0, "column": 42, "tagName": "a", "time": 31696.125694, "url": "", "pos": 42, "chunkLen": 66, "isStartTag": 0}}
06-28 17:23:48.056 21048 21061 E WProf.db: {"WprofHTMLTag": {"code": "0x9d1621a0", "doc": "http://searchengineland.com/solve-mystery-customers-really-want-276259", "row": 0, "column": 66, "tagName": "input", "time": 31696.125791, "url": "", "pos": 66, "chunkLen": 66, "isStartTag": 1}}
06-28 17:23:48.056 21048 21061 E WProf.db: {"WprofHTMLTag": {"code": "0x9d1622c0", "doc": "http://searchengineland.com/solve-mystery-customers-really-want-276259", "row": 113, "column": 154, "tagName": "script", "time": 31696.144443, "url": "http://searchengineland.com/figz/wp-content/themes/searchengineland/js/lib/jquery-ui-1.10.3.custom.min.js?ver=1.10.3", "pos": 67, "chunkLen": 67, "isStartTag": 1}}
06-28 17:23:48.056 21048 21061 E WProf.db: {"WprofHTMLTag": {"code": "0x9d1623b0", "doc": "http://searchengineland.com/solve-mystery-customers-really-want-276259", "row": 113, "column": 163, "tagName": "script", "time": 31696.144816, "url": "", "pos": 67, "chunkLen": 67, "isStartTag": 0}}
06-28 17:23:48.056 21048 21061 E WProf.db: {"WprofHTMLTag": {"code": "0xaedd6bd0", "doc": "http://searchengineland.com/solve-mystery-customers-really-want-276259", "row": 0, "column": 111, "tagName": "div", "time": 31696.280213, "url": "", "pos": 111, "chunkLen": 117, "isStartTag": 1}}
06-28 17:23:48.056 21048 21061 E WProf.db: {"WprofHTMLTag": {"code": "0xaedd6ba0", "doc": "http://searchengineland.com/solve-mystery-customers-really-want-276259", "row": 0, "column": 117, "tagName": "div", "time": 31696.280718, "url": "", "pos": 117, "chunkLen": 117, "isStartTag": 0}}
06-28 17:23:48.056 21048 21061 E WProf.db: {"WprofHTMLTag": {"code": "0x9d1626e0", "doc": "http://searchengineland.com/solve-mystery-customers-really-want-276259", "row": 114, "column": 155, "tagName": "script", "time": 31696.310655, "url": "http://searchengineland.com/figz/wp-content/themes/searchengineland/js/lib/jquery.ba-throttle-debounce.min.js?ver=1.1", "pos": 118, "chunkLen": 118, "isStartTag": 1}}
06-28 17:23:48.056 21048 21061 E WProf.db: {"WprofHTMLTag": {"code": "0x9d162710", "doc": "http://searchengineland.com/solve-mystery-customers-really-want-276259", "row": 114, "column": 164, "tagName": "script", "time": 31696.311912, "url": "", "pos": 118, "chunkLen": 118, "isStartTag": 0}}
06-28 17:23:48.057 21048 21061 E WProf.db: {"WprofHTMLTag": {"code": "0x9d162740", "doc": "http://searchengineland.com/solve-mystery-customers-really-want-276259", "row": 115, "column": 146, "tagName": "script", "time": 31696.321339, "url": "http://searchengineland.com/figz/wp-content/themes/searchengineland/js/lib/jquery.countdown.min.js?ver=2.0.4", "pos": 118, "chunkLen": 118, "isStartTag": 1}}
06-28 17:23:48.057 21048 21061 E WProf.db: {"WprofHTMLTag": {"code": "0x9d1629b0", "doc": "http://searchengineland.com/solve-mystery-customers-really-want-276259", "row": 115, "column": 155, "tagName": "script", "time": 31696.321587, "url": "", "pos": 118, "chunkLen": 118, "isStartTag": 0}}
06-28 17:23:48.061 21048 21061 E WProf.db: {"WprofHTMLTag": {"code": "0x9d1629e0", "doc": "http://searchengineland.com/solve-mystery-customers-really-want-276259", "row": 116, "column": 77, "tagName": "link", "time": 31696.325220, "url": "http://searchengineland.com/wp-json/", "pos": 118, "chunkLen": 118, "isStartTag": 1}}
06-28 17:23:48.061 21048 21061 E WProf.db: {"WprofHTMLTag": {"code": "0x9d162a10", "doc": "http://searchengineland.com/solve-mystery-customers-really-want-276259", "row": 117, "column": 69, "tagName": "link", "time": 31696.325475, "url": "http://searchengineland.com/?p=276259", "pos": 118, "chunkLen": 118, "isStartTag": 1}}
06-28 17:23:48.062 21048 21061 E WProf.db: {"WprofHTMLTag": {"code": "0x9d162a40", "doc": "http://searchengineland.com/solve-mystery-customers-really-want-276259", "row": 118, "column": 198, "tagName": "link", "time": 31696.325672, "url": "http://searchengineland.com/wp-json/oembed/1.0/embed?url=http%3A%2F%2Fsearchengineland.com%2Fsolve-mystery-customers-really-want-276259", "pos": 118, "chunkLen": 118, "isStartTag": 1}}
06-28 17:23:48.062 21048 21061 E WProf.db: {"WprofHTMLTag": {"code": "0x9d162aa0", "doc": "http://searchengineland.com/solve-mystery-customers-really-want-276259", "row": 119, "column": 206, "tagName": "link", "time": 31696.325913, "url": "http://searchengineland.com/wp-json/oembed/1.0/embed?url=http%3A%2F%2Fsearchengineland.com%2Fsolve-mystery-customers-really-want-276259&format=xml", "pos": 118, "chunkLen": 118, "isStartTag": 1}}
