--------- beginning of main
06-28 14:26:06.187  3449  3449 E Finsky  : [1] com.google.android.finsky.wear.bl.a(3): onConnectionFailed: ConnectionResult{statusCode=API_UNAVAILABLE, resolution=null, message=null}
--------- beginning of system
06-28 14:26:07.278 17904 17904 E chromium: [ERROR:shell_integration_android.cc(12)] Not implemented reached in static ShellIntegration::DefaultWebClientSetPermission ShellIntegration::CanSetAsDefaultBrowser()
06-28 14:26:07.281 17904 17904 E chromium: [ERROR:browser_process_impl.cc(720)] Not implemented reached in virtual BackgroundModeManager* BrowserProcessImpl::background_mode_manager()
06-28 14:26:07.569  3218 12931 E AudioRecord-JNI: Error -4 during AudioRecord native read
06-28 14:26:10.102 17904 17951 E chromium: [ERROR:gles2_cmd_decoder.cc(3852)] [.ChromiumCompositor-0xacbb2fc0]GL ERROR :GL_INVALID_ENUM : glDiscardFramebufferEXT: attachments was GL_COLOR_EXT
06-28 14:26:10.335 17973 17985 E WPROF   : {"CSS": {"url": "http://searchengineland.com/figz/wp-content/themes/searchengineland/css/searchengineland-bootstrap.css", "requestTime": 21047.390409}}
06-28 14:26:10.335 17973 17985 E WPROF   : {"CSS": {"url": "http://fonts.googleapis.com/css?family=Oswald:300,400,700", "requestTime": 21047.391053}}
06-28 14:26:10.336 17973 17985 E WPROF   : {"CSS": {"url": "http://searchengineland.com/figz/wp-content/themes/searchengineland/style.css", "requestTime": 21047.391654}}
06-28 14:26:10.341 17973 17985 E WPROF   : {"Javascript": {"url": "http://searchengineland.com/figz/wp-content/themes/searchengineland/js/lib/modernizr.custom.js?ver=1.0", "requestTime": 21047.396940}}
06-28 14:26:10.342 17973 17985 E WPROF   : {"Javascript": {"url": "http://searchengineland.com/figz/wp-content/themes/searchengineland/js/lib/jquery-1.11.0.min.js?ver=1.11.0", "requestTime": 21047.397572}}
06-28 14:26:10.342 17973 17985 E WPROF   : {"Javascript": {"url": "http://searchengineland.com/figz/wp-content/themes/searchengineland/js/lib/jquery-ui-1.10.3.custom.min.js?ver=1.10.3", "requestTime": 21047.397984}}
06-28 14:26:10.343 17973 17985 E WPROF   : {"Javascript": {"url": "http://searchengineland.com/figz/wp-content/themes/searchengineland/js/lib/jquery.ba-throttle-debounce.min.js?ver=1.1", "requestTime": 21047.398554}}
06-28 14:26:10.343 17973 17985 E WPROF   : {"Javascript": {"url": "http://searchengineland.com/figz/wp-content/themes/searchengineland/js/lib/jquery.countdown.min.js?ver=2.0.4", "requestTime": 21047.398971}}
06-28 14:26:10.347 17973 17985 E WPROF   : {"Javascript": {"url": "http://static.chartbeat.com/js/chartbeat_mab.js", "requestTime": 21047.402718}}
06-28 14:26:10.954 17973 17985 E WPROF   : {"Javascript": {"url": "http://searchengineland.com/figz/wp-includes/js/wp-emoji-release.min.js?ver=4.7.5", "requestTime": 21048.009514}}
06-28 14:26:12.288 17973 17985 E WPROF   : {"Javascript": {"url": "http://www.googletagservices.com/tag/js/gpt.js", "requestTime": 21049.343831}}
06-28 14:26:12.299 17973 17985 E WPROF   : {"Javascript": {"url": "https://www.google-analytics.com/analytics.js", "requestTime": 21049.354299}}
06-28 14:26:12.302 17973 17985 E WPROF   : {"Javascript": {"url": "http://edge.quantserve.com/quant.js", "requestTime": 21049.357397}}
06-28 14:26:12.304 17973 17985 E WPROF   : {"Javascript": {"url": "https://connect.facebook.net/en_US/fbevents.js", "requestTime": 21049.360170}}
06-28 14:26:12.391 17904 17951 E chromium: [ERROR:gles2_cmd_decoder.cc(3852)] [.ChromiumCompositor-0xacbb2fc0]GL ERROR :GL_INVALID_ENUM : glDiscardFramebufferEXT: attachments was GL_COLOR_EXT
06-28 14:26:12.441 17973 17985 E WPROF   : {"Javascript": {"url": "http://app-sj02.marketo.com/js/forms2/js/forms2.min.js", "requestTime": 21049.497117}}
06-28 14:26:12.452 17973 17985 E WPROF   : {"Javascript": {"url": "http://searchengineland.com/js/ga_social_tracking.js", "requestTime": 21049.507615}}
06-28 14:26:12.453 17973 17985 E WPROF   : {"Javascript": {"url": "http://s7.addthis.com/js/300/addthis_widget.js#pubid=ra-53e918f660794f37", "requestTime": 21049.508224}}
06-28 14:26:12.553 17904 17951 E chromium: [ERROR:gles2_cmd_decoder.cc(3852)] [.ChromiumCompositor-0xacbb2fc0]GL ERROR :GL_INVALID_ENUM : glDiscardFramebufferEXT: attachments was GL_COLOR_EXT
06-28 14:26:12.568 17973 17985 E WPROF   : {"Javascript": {"url": "https://connect.facebook.net/signals/config/423979991297359?v=2.7.17", "requestTime": 21049.623371}}
06-28 14:26:12.576 17973 17985 E WPROF   : {"Javascript": {"url": "https://securepubads.g.doubleclick.net/gpt/pubads_impl_121.js", "requestTime": 21049.631539}}
06-28 14:26:12.749 17973 17985 E WPROF   : {"Javascript": {"url": "http://app-sj02.marketo.com/index.php/form/getForm?munchkinId=727-ZQE-044&form=5691&url=http%3A%2F%2Fsearchengineland.com%2Fstate-digital-advertising-2017-277618&callback=jQuery110205634731424506754_1498627572673&_=1498627572674", "requestTime": 21049.804830}}
06-28 14:26:12.798   862  1657 E LocSvc_IzatApiV02: E/virtual int izat_core::IzatApiV02::getBatchSize(int32_t):522]: Error : st = 4, ind.status = -1628389555
06-28 14:26:12.798   862  1657 E LocSvc_IzatApiV02: E/virtual int izat_core::IzatApiV02::getBatchSize(int32_t):535]: get batching size failed.Or modem does not support batching 
06-28 14:26:12.806   862  1657 E LocSvc_IzatApiV02: E/virtual int izat_core::IzatApiV02::getBatchSize(int32_t):522]: Error : st = 4, ind.status = -1628389555
06-28 14:26:12.806   862  1657 E LocSvc_IzatApiV02: E/virtual int izat_core::IzatApiV02::getBatchSize(int32_t):535]: get batching size failed.Or modem does not support batching 
06-28 14:26:12.816 17973 17985 E WPROF   : {"Javascript": {"url": "http://app-sj02.marketo.com/index.php/form/getForm?munchkinId=727-ZQE-044&form=5673&url=http%3A%2F%2Fsearchengineland.com%2Fstate-digital-advertising-2017-277618&callback=jQuery110205634731424506754_1498627572675&_=1498627572676", "requestTime": 21049.871364}}
06-28 14:26:12.839   862  1657 E LocSvc_IzatApiV02: E/virtual int izat_core::IzatApiV02::getBatchSize(int32_t):522]: Error : st = 4, ind.status = -1628389555
06-28 14:26:12.839   862  1657 E LocSvc_IzatApiV02: E/virtual int izat_core::IzatApiV02::getBatchSize(int32_t):535]: get batching size failed.Or modem does not support batching 
06-28 14:26:12.848   862  1657 E LocSvc_IzatApiV02: E/virtual int izat_core::IzatApiV02::getBatchSize(int32_t):522]: Error : st = 4, ind.status = -1628389555
06-28 14:26:12.849   862  1657 E LocSvc_IzatApiV02: E/virtual int izat_core::IzatApiV02::getBatchSize(int32_t):535]: get batching size failed.Or modem does not support batching 
06-28 14:26:13.013 17904 17951 E chromium: [ERROR:gles2_cmd_decoder.cc(3852)] [.ChromiumCompositor-0xacbb2fc0]GL ERROR :GL_INVALID_ENUM : glDiscardFramebufferEXT: attachments was GL_COLOR_EXT
06-28 14:26:13.361 17973 17985 E WPROF   : {"Javascript": {"url": "http://platform.twitter.com/widgets.js", "requestTime": 21050.417135}}
06-28 14:26:13.365 17973 17985 E WPROF   : {"Javascript": {"url": "http://connect.facebook.net/en_US/sdk.js", "requestTime": 21050.420534}}
06-28 14:26:13.371 17973 17985 E WPROF   : {"Javascript": {"url": "https://apis.google.com/js/platform.js", "requestTime": 21050.426425}}
06-28 14:26:13.415 17973 17985 E WPROF   : {"Javascript": {"url": "http://rules.quantcount.com/rules-p-5aGizvD82d9hk.js", "requestTime": 21050.471068}}
06-28 14:26:13.420 17973 17985 E WPROF   : {"Javascript": {"url": "http://munchkin.marketo.net/munchkin.js", "requestTime": 21050.475574}}
06-28 14:26:13.906 17973 17985 E WPROF   : {"Javascript": {"url": "http://m.addthisedge.com/live/boost/ra-53e918f660794f37/_ate.track.config_resp", "requestTime": 21050.962155}}
06-28 14:26:13.959 17973 17985 E WPROF   : {"Javascript": {"url": "http://m.addthis.com/live/red_lojson/300lo.json?si=59533df5ea9f7d10&bkl=0&bl=1&pdt=2486&sid=59533df5ea9f7d10&pub=ra-53e918f660794f37&rev=v7.15.4-wp&ln=ko&pc=men&cb=0&ab=-&dp=searchengineland.com&fp=state-digital-advertising-2017-277618&fr=&of=0&pd=0&irt=0&vcl=0&md=0&ct=1&tct=0&abt=0&cdn=0&pi=1&rb=0&", "requestTime": 21051.014826}}
06-28 14:26:14.092 17973 17985 E WPROF   : {"Javascript": {"url": "http://dnn506yrbagrg.cloudfront.net/pages/scripts/0026/4062.js?416285", "requestTime": 21051.147718}}
06-28 14:26:14.139 17904 17951 E chromium: [ERROR:gles2_cmd_decoder.cc(3852)] [.ChromiumCompositor-0xacbb2fc0]GL ERROR :GL_INVALID_ENUM : glDiscardFramebufferEXT: attachments was GL_COLOR_EXT
06-28 14:26:14.501 17973 17985 E WPROF   : {"Javascript": {"url": "https://securepubads.g.doubleclick.net/gampad/ads?gdfp_req=1&correlator=3406096679043072&output=json_html&callback=googletag.impl.pubads.callbackProxy1&impl=fifs&json_a=1&eid=108809080%2C108809107&sc=0&sfv=1-0-9&iu_parts=1038259%2Csel-ciu-1%2Csel-ciu-2%2Csel-ciu-3%2Csel-ciu-4%2Csel-ciu-5%2Cch-indust", "requestTime": 21051.556519}}
06-28 14:26:14.537 17973 17985 E WPROF   : {"CSS": {"url": "http://app-sj02.marketo.com/js/forms2/css/forms2.css", "requestTime": 21051.592422}}
06-28 14:26:14.542 17973 17985 E WPROF   : {"CSS": {"url": "http://app-sj02.marketo.com/js/forms2/css/forms2-theme-simple.css", "requestTime": 21051.598127}}
06-28 14:26:14.805 17973 17985 E WPROF   : {"Javascript": {"url": "https://platform.twitter.com/js/button.b731e6c82269f70f6fc53634e044a4c6.js", "requestTime": 21051.860509}}
06-28 14:26:14.926 17973 17985 E WPROF   : {"Javascript": {"url": "https://static.xx.fbcdn.net/rsrc.php/v3iy6L4/yk/l/ko_KR/be4fIjHRc8P.js", "requestTime": 21051.981677}}
06-28 14:26:15.085 17973 17985 E WPROF   : {"Javascript": {"url": "http://cdn.api.twitter.com/1/users/show.json?screen_name=DMarketingDepot&callback=twttr.setFollowersCount", "requestTime": 21052.140452}}
06-28 14:26:15.476 17973 17985 E WPROF   : {"CSS": {"url": "https://www.youtube.com/yts/cssbin/www-embed-player-sprite-mode-vfl5G4Xm8.css", "requestTime": 21052.532197}}
06-28 14:26:15.479 17973 17985 E WPROF   : {"Javascript": {"url": "https://www.youtube.com/yts/jsbin/www-embed-player-vfl_UY_j8/www-embed-player.js", "requestTime": 21052.534413}}
06-28 14:26:15.479 17973 17985 E WPROF   : {"Javascript": {"url": "https://www.youtube.com/yts/jsbin/player-vflo1w4O-/ko_KR/base.js", "requestTime": 21052.534837}}
06-28 14:26:15.482 17904 17951 E chromium: [ERROR:gles2_cmd_decoder.cc(3852)] [.ChromiumCompositor-0xacbb2fc0]GL ERROR :GL_INVALID_ENUM : glDiscardFramebufferEXT: attachments was GL_COLOR_EXT
06-28 14:26:15.648 17973 17985 E WPROF   : {"Javascript": {"url": "http://munchkin.marketo.net/151/munchkin.js", "requestTime": 21052.704190}}
06-28 14:26:15.850 17973 17985 E WPROF   : {"Javascript": {"url": "http://s7.addthis.com/static/layers.4acb6c577b51939661ec.js", "requestTime": 21052.906104}}
06-28 14:26:15.984 17904 17951 E chromium: [ERROR:gles2_cmd_decoder.cc(3852)] [.ChromiumCompositor-0xacbb2fc0]GL ERROR :GL_INVALID_ENUM : glDiscardFramebufferEXT: attachments was GL_COLOR_EXT
06-28 14:26:16.324 17904 17951 E chromium: [ERROR:gles2_cmd_decoder.cc(3852)] [.ChromiumCompositor-0xacbb2fc0]GL ERROR :GL_INVALID_ENUM : glDiscardFramebufferEXT: attachments was GL_COLOR_EXT
06-28 14:26:16.508 17904 17951 E chromium: [ERROR:gles2_cmd_decoder.cc(3852)] [.ChromiumCompositor-0xacbb2fc0]GL ERROR :GL_INVALID_ENUM : glDiscardFramebufferEXT: attachments was GL_COLOR_EXT
06-28 14:26:17.863 17973 17985 E WPROF   : {"Javascript": {"url": "https://www.google.com/js/bg/KWBfAnWFESAEEaKKgdYlTHY9ysQaNoQuzeMFqvxDSM8.js", "requestTime": 21054.918371}}
06-28 14:26:17.865 17973 17985 E WPROF   : {"Javascript": {"url": "https://static.doubleclick.net/instream/ad_status.js", "requestTime": 21054.920831}}
06-28 14:26:19.710 17904 17951 E chromium: [ERROR:gles2_cmd_decoder.cc(3852)] [.ChromiumCompositor-0xacbb2fc0]GL ERROR :GL_INVALID_ENUM : glDiscardFramebufferEXT: attachments was GL_COLOR_EXT
06-28 14:26:19.964 17904 17951 E chromium: [ERROR:gles2_cmd_decoder.cc(3852)] [.ChromiumCompositor-0xacbb2fc0]GL ERROR :GL_INVALID_ENUM : glDiscardFramebufferEXT: attachments was GL_COLOR_EXT
06-28 14:26:20.957 17973 17985 E WProf.db: {"page": "searchengineland.com_state-digital-advertising-2017-277618"}
06-28 14:26:20.957 17973 17985 E WProf.db: {"DOMLoad": 21058.012894}
06-28 14:26:20.957 17973 17985 E WProf.db: {"Resource": {"id": 1, "url": "http://searchengineland.com/state-digital-advertising-2017-277618", "sentTime": -1.000000, "len": 78471, "from": "0x0", "mimeType": "text/html", "contentLength": -1, "httpStatus": 200, "connId": 20, "connReused": 1, "cached": 0,"requestTime": 21047.024777, "proxyStart": -1, "proxyEnd": -1, "dnsStart": -1, "dnsEnd": -1, "connectStart": 0, "connectEnd": 88, "sendStart": 88, "sendEnd": 88, "receiveHeadersEnd": 243, "sslStart": -1, "sslEnd": -1}}
06-28 14:26:20.957 17973 17985 E WProf.db: {"ReceivedChunk": {"receivedTime": 21047.285292, "len": 7713}}
06-28 14:26:20.958 17973 17985 E WProf.db: {"ReceivedChunk": {"receivedTime": 21047.379109, "len": 32768}}
06-28 14:26:20.958 17973 17985 E WProf.db: {"ReceivedChunk": {"receivedTime": 21047.379463, "len": 32546}}
06-28 14:26:20.958 17973 17985 E WProf.db: {"ReceivedChunk": {"receivedTime": 21047.427800, "len": 5444}}
06-28 14:26:20.958 17973 17985 E WProf.db: {"WprofHTMLTag": {"code": "0xaedd6570", "doc": "http://searchengineland.com/state-digital-advertising-2017-277618", "row": 6, "column": 42, "tagName": "html", "time": 21047.383198, "url": "", "pos": 1, "chunkLen": 1, "isStartTag": 1}}
06-28 14:26:20.958 17973 17985 E WProf.db: {"WprofHTMLTag": {"code": "0xaf047820", "doc": "http://searchengineland.com/state-digital-advertising-2017-277618", "row": 7, "column": 6, "tagName": "head", "time": 21047.383506, "url": "", "pos": 1, "chunkLen": 1, "isStartTag": 1}}
06-28 14:26:20.958 17973 17985 E WProf.db: {"WprofHTMLTag": {"code": "0xaf047850", "doc": "http://searchengineland.com/state-digital-advertising-2017-277618", "row": 8, "column": 54, "tagName": "meta", "time": 21047.383560, "url": "", "pos": 1, "chunkLen": 1, "isStartTag": 1}}
06-28 14:26:20.958 17973 17985 E WProf.db: {"WprofHTMLTag": {"code": "0xaf047880", "doc": "http://searchengineland.com/state-digital-advertising-2017-277618", "row": 9, "column": 68, "tagName": "meta", "time": 21047.383734, "url": "", "pos": 1, "chunkLen": 1, "isStartTag": 1}}
06-28 14:26:20.958 17973 17985 E WProf.db: {"WprofHTMLTag": {"code": "0xaf0478b0", "doc": "http://searchengineland.com/state-digital-advertising-2017-277618", "row": 10, "column": 23, "tagName": "meta", "time": 21047.383882, "url": "", "pos": 1, "chunkLen": 1, "isStartTag": 1}}
06-28 14:26:20.959 17973 17985 E WProf.db: {"WprofHTMLTag": {"code": "0xaf0478e0", "doc": "http://searchengineland.com/state-digital-advertising-2017-277618", "row": 11, "column": 52, "tagName": "meta", "time": 21047.384040, "url": "", "pos": 1, "chunkLen": 1, "isStartTag": 1}}
06-28 14:26:20.959 17973 17985 E WProf.db: {"WprofHTMLTag": {"code": "0xaf047910", "doc": "http://searchengineland.com/state-digital-advertising-2017-277618", "row": 14, "column": 56, "tagName": "meta", "time": 21047.384190, "url": "", "pos": 1, "chunkLen": 1, "isStartTag": 1}}
06-28 14:26:20.959 17973 17985 E WProf.db: {"WprofHTMLTag": {"code": "0xaf047940", "doc": "http://searchengineland.com/state-digital-advertising-2017-277618", "row": 15, "column": 83, "tagName": "meta", "time": 21047.384326, "url": "", "pos": 1, "chunkLen": 1, "isStartTag": 1}}
06-28 14:26:20.959 17973 17985 E WProf.db: {"WprofHTMLTag": {"code": "0xaf047970", "doc": "http://searchengineland.com/state-digital-advertising-2017-277618", "row": 16, "column": 57, "tagName": "meta", "time": 21047.384473, "url": "", "pos": 1, "chunkLen": 1, "isStartTag": 1}}
06-28 14:26:20.959 17973 17985 E WProf.db: {"WprofHTMLTag": {"code": "0xaf047a00", "doc": "http://searchengineland.com/state-digital-advertising-2017-277618", "row": 17, "column": 41, "tagName": "meta", "time": 21047.384621, "url": "", "pos": 1, "chunkLen": 1, "isStartTag": 1}}
06-28 14:26:20.959 17973 17985 E WProf.db: {"WprofHTMLTag": {"code": "0xaf047a30", "doc": "http://searchengineland.com/state-digital-advertising-2017-277618", "row": 18, "column": 50, "tagName": "meta", "time": 21047.384750, "url": "", "pos": 1, "chunkLen": 1, "isStartTag": 1}}
06-28 14:26:20.959 17973 17985 E WProf.db: {"WprofHTMLTag": {"code": "0xaf047a60", "doc": "http://searchengineland.com/state-digital-advertising-2017-277618", "row": 19, "column": 174, "tagName": "meta", "time": 21047.384883, "url": "", "pos": 1, "chunkLen": 1, "isStartTag": 1}}
06-28 14:26:20.960 17973 17985 E WProf.db: {"WprofHTMLTag": {"code": "0xaf0479d0", "doc": "http://searchengineland.com/state-digital-advertising-2017-277618", "row": 20, "column": 47, "tagName": "meta", "time": 21047.385015, "url": "", "pos": 1, "chunkLen": 1, "isStartTag": 1}}
06-28 14:26:20.960 17973 17985 E WProf.db: {"WprofHTMLTag": {"code": "0xaf0479a0", "doc": "http://searchengineland.com/state-digital-advertising-2017-277618", "row": 21, "column": 67, "tagName": "meta", "time": 21047.385149, "url": "", "pos": 1, "chunkLen": 1, "isStartTag": 1}}
06-28 14:26:20.960 17973 17985 E WProf.db: {"WprofHTMLTag": {"code": "0xaf047a90", "doc": "http://searchengineland.com/state-digital-advertising-2017-277618", "row": 22, "column": 57, "tagName": "meta", "time": 21047.385279, "url": "", "pos": 1, "chunkLen": 1, "isStartTag": 1}}
06-28 14:26:20.960 17973 17985 E WProf.db: {"WprofHTMLTag": {"code": "0xaf047ac0", "doc": "http://searchengineland.com/state-digital-advertising-2017-277618", "row": 23, "column": 65, "tagName": "meta", "time": 21047.385411, "url": "", "pos": 1, "chunkLen": 1, "isStartTag": 1}}
06-28 14:26:20.960 17973 17985 E WProf.db: {"WprofHTMLTag": {"code": "0xaf047af0", "doc": "http://searchengineland.com/state-digital-advertising-2017-277618", "row": 24, "column": 55, "tagName": "meta", "time": 21047.385538, "url": "", "pos": 1, "chunkLen": 1, "isStartTag": 1}}
06-28 14:26:20.960 17973 17985 E WProf.db: {"WprofHTMLTag": {"code": "0xaf047b20", "doc": "http://searchengineland.com/state-digital-advertising-2017-277618", "row": 25, "column": 71, "tagName": "meta", "time": 21047.385667, "url": "", "pos": 1, "chunkLen": 1, "isStartTag": 1}}
06-28 14:26:20.960 17973 17985 E WProf.db: {"WprofHTMLTag": {"code": "0xaf047b50", "doc": "http://searchengineland.com/state-digital-advertising-2017-277618", "row": 26, "column": 86, "tagName": "meta", "time": 21047.385799, "url": "", "pos": 1, "chunkLen": 1, "isStartTag": 1}}
06-28 14:26:20.960 17973 17985 E WProf.db: {"WprofHTMLTag": {"code": "0xaf047b80", "doc": "http://searchengineland.com/state-digital-advertising-2017-277618", "row": 27, "column": 54, "tagName": "meta", "time": 21047.385932, "url": "", "pos": 1, "chunkLen": 1, "isStartTag": 1}}
06-28 14:26:20.960 17973 17985 E WProf.db: {"WprofHTMLTag": {"code": "0xaf047bb0", "doc": "http://searchengineland.com/state-digital-advertising-2017-277618", "row": 29, "column": 39, "tagName": "meta", "time": 21047.386060, "url": "", "pos": 1, "chunkLen": 1, "isStartTag": 1}}
06-28 14:26:20.961 17973 17985 E WProf.db: {"WprofHTMLTag": {"code": "0xaf047be0", "doc": "http://searchengineland.com/state-digital-advertising-2017-277618", "row": 30, "column": 180, "tagName": "meta", "time": 21047.386202, "url": "", "pos": 1, "chunkLen": 1, "isStartTag": 1}}
06-28 14:26:20.961 17973 17985 E WProf.db: {"WprofHTMLTag": {"code": "0xaf047c10", "doc": "http://searchengineland.com/state-digital-advertising-2017-277618", "row": 31, "column": 55, "tagName": "meta", "time": 21047.386336, "url": "", "pos": 1, "chunkLen": 1, "isStartTag": 1}}
06-28 14:26:20.961 17973 17985 E WProf.db: {"WprofHTMLTag": {"code": "0xaf047c40", "doc": "http://searchengineland.com/state-digital-advertising-2017-277618", "row": 32, "column": 54, "tagName": "meta", "time": 21047.386477, "url": "", "pos": 1, "chunkLen": 1, "isStartTag": 1}}
06-28 14:26:20.961 17973 17985 E WProf.db: {"WprofHTMLTag": {"code": "0xaf047c70", "doc": "http://searchengineland.com/state-digital-advertising-2017-277618", "row": 33, "column": 143, "tagName": "meta", "time": 21047.386614, "url": "", "pos": 1, "chunkLen": 1, "isStartTag": 1}}
06-28 14:26:20.961 17973 17985 E WProf.db: {"WprofHTMLTag": {"code": "0xaf047ca0", "doc": "http://searchengineland.com/state-digital-advertising-2017-277618", "row": 37, "column": 36, "tagName": "script", "time": 21047.386750, "url": "", "pos": 1, "chunkLen": 1, "isStartTag": 1}}
06-28 14:26:20.961 17973 17985 E WProf.db: {"WprofHTMLTag": {"code": "0xaf047cd0", "doc": "http://searchengineland.com/state-digital-advertising-2017-277618", "row": 53, "column": 10, "tagName": "script", "time": 21047.387984, "url": "", "pos": 1, "chunkLen": 1, "isStartTag": 0}}
06-28 14:26:20.961 17973 17985 E WProf.db: {"WprofHTMLTag": {"code": "0xaedd6660", "doc": "http://searchengineland.com/state-digital-advertising-2017-277618", "row": 55, "column": 86, "tagName": "link", "time": 21047.388655, "url": "http://searchengineland.com/apple-touch-icon.png", "pos": 1, "chunkLen": 1, "isStartTag": 1}}
06-28 14:26:20.961 17973 17985 E WProf.db: {"WprofHTMLTag": {"code": "0xaf047d00", "doc": "http://searchengineland.com/state-digital-advertising-2017-277618", "row": 56, "column": 76, "tagName": "link", "time": 21047.389003, "url": "http://searchengineland.com/favicon.ico", "pos": 1, "chunkLen": 1, "isStartTag": 1}}
06-28 14:26:20.962 17973 17985 E WProf.db: {"WprofHTMLTag": {"code": "0xaf047d30", "doc": "http://searchengineland.com/state-digital-advertising-2017-277618", "row": 57, "column": 158, "tagName": "link", "time": 21047.389252, "url": "http://feeds.searchengineland.com/searchengineland", "pos": 1, "chunkLen": 1, "isStartTag": 1}}
06-28 14:26:20.962 17973 17985 E WProf.db: {"WprofHTMLTag": {"code": "0xaf047d60", "doc": "http://searchengineland.com/state-digital-advertising-2017-277618", "row": 58, "column": 149, "tagName": "link", "time": 21047.389581, "url": "http://feeds.searchengineland.com/searchcap", "pos": 1, "chunkLen": 1, "isStartTag": 1}}
06-28 14:26:20.962 17973 17985 E WProf.db: {"WprofHTMLTag": {"code": "0xaf047d90", "doc": "http://searchengineland.com/state-digital-advertising-2017-277618", "row": 59, "column": 150, "tagName": "link", "time": 21047.389941, "url": "http://searchengineland.com/figz/wp-content/themes/searchengineland/css/searchengineland-bootstrap.css", "pos": 1, "chunkLen": 1, "isStartTag": 1}}
06-28 14:26:20.963 17973 17985 E WProf.db: {"WprofHTMLTag": {"code": "0xaf047df0", "doc": "http://searchengineland.com/state-digital-advertising-2017-277618", "row": 60, "column": 105, "tagName": "link", "time": 21047.390723, "url": "http://fonts.googleapis.com/css?family=Oswald:300,400,700", "pos": 1, "chunkLen": 1, "isStartTag": 1}}
06-28 14:26:20.963 17973 17985 E WProf.db: {"WprofHTMLTag": {"code": "0xaf047e50", "doc": "http://searchengineland.com/state-digital-advertising-2017-277618", "row": 61, "column": 125, "tagName": "link", "time": 21047.391307, "url": "http://searchengineland.com/figz/wp-content/themes/searchengineland/style.css", "pos": 1, "chunkLen": 1, "isStartTag": 1}}
06-28 14:26:20.963 17973 17985 E WProf.db: {"WprofHTMLTag": {"code": "0xaf047eb0", "doc": "http://searchengineland.com/state-digital-advertising-2017-277618", "row": 65, "column": 7, "tagName": "title", "time": 21047.391928, "url": "", "pos": 1, "chunkLen": 1, "isStartTag": 1}}
06-28 14:26:20.963 17973 17985 E WProf.db: {"WprofHTMLTag": {"code": "0xaf047ee0", "doc": "http://searchengineland.com/state-digital-advertising-2017-277618", "row": 65, "column": 52, "tagName": "title", "time": 21047.392022, "url": "", "pos": 1, "chunkLen": 1, "isStartTag": 0}}
06-28 14:26:20.963 17973 17985 E WProf.db: {"WprofHTMLTag": {"code": "0xaf047f10", "doc": "http://searchengineland.com/state-digital-advertising-2017-277618", "row": 66, "column": 192, "tagName": "meta", "time": 21047.392045, "url": "", "pos": 1, "chunkLen": 1, "isStartTag": 1}}
06-28 14:26:20.964 17973 17985 E WProf.db: {"WprofHTMLTag": {"code": "0xaf047f40", "doc": "http://searchengineland.com/state-digital-advertising-2017-277618", "row": 67, "column": 40, "tagName": "meta", "time": 21047.392187, "url": "", "pos": 1, "chunkLen": 1, "isStartTag": 1}}
06-28 14:26:20.964 17973 17985 E WProf.db: {"WprofHTMLTag": {"code": "0xaf047f70", "doc": "http://searchengineland.com/state-digital-advertising-2017-277618", "row": 68, "column": 107, "tagName": "meta", "time": 21047.392323, "url": "", "pos": 1, "chunkLen": 1, "isStartTag": 1}}
06-28 14:26:20.964 17973 17985 E WProf.db: {"WprofHTMLTag": {"code": "0xaf047fa0", "doc": "http://searchengineland.com/state-digital-advertising-2017-277618", "row": 69, "column": 48, "tagName": "meta", "time": 21047.392451, "url": "", "pos": 1, "chunkLen": 1, "isStartTag": 1}}
06-28 14:26:20.964 17973 17985 E WProf.db: {"WprofHTMLTag": {"code": "0xaf047fd0", "doc": "http://searchengineland.com/state-digital-advertising-2017-277618", "row": 70, "column": 37, "tagName": "meta", "time": 21047.392590, "url": "", "pos": 1, "chunkLen": 1, "isStartTag": 1}}
06-28 14:26:20.965 17973 17985 E WProf.db: {"WprofHTMLTag": {"code": "0xb4cc74b0", "doc": "http://searchengineland.com/state-digital-advertising-2017-277618", "row": 71, "column": 97, "tagName": "link", "time": 21047.392730, "url": "http://searchengineland.com/state-digital-advertising-2017-277618", "pos": 1, "chunkLen": 1, "isStartTag": 1}}
06-28 14:26:20.965 17973 17985 E WProf.db: {"WprofHTMLTag": {"code": "0xb4cc7540", "doc": "http://searchengineland.com/state-digital-advertising-2017-277618", "row": 72, "column": 76, "tagName": "link", "time": 21047.392979, "url": "https://plus.google.com/103218677032751327334", "pos": 1, "chunkLen": 1, "isStartTag": 1}}
06-28 14:26:20.965 17973 17985 E WProf.db: {"WprofHTMLTag": {"code": "0xb4cc78a0", "doc": "http://searchengineland.com/state-digital-advertising-2017-277618", "row": 73, "column": 45, "tagName": "meta", "time": 21047.393216, "url": "", "pos": 1, "chunkLen": 1, "isStartTag": 1}}
06-28 14:26:20.965 17973 17985 E WProf.db: {"WprofHTMLTag": {"code": "0xb4cc78d0", "doc": "http://searchengineland.com/state-digital-advertising-2017-277618", "row": 74, "column": 45, "tagName": "meta", "time": 21047.393359, "url": "", "pos": 1, "chunkLen": 1, "isStartTag": 1}}
06-28 14:26:20.965 17973 17985 E WProf.db: {"WprofHTMLTag": {"code": "0xb4cc7900", "doc": "http://searchengineland.com/state-digital-advertising-2017-277618", "row": 75, "column": 76, "tagName": "meta", "time": 21047.393497, "url": "", "pos": 1, "chunkLen": 1, "isStartTag": 1}}
06-28 14:26:20.966 17973 17985 E WProf.db: {"WprofHTMLTag": {"code": "0xb4cc7930", "doc": "http://searchengineland.com/state-digital-advertising-2017-277618", "row": 76, "column": 200, "tagName": "meta", "time": 21047.393635, "url": "", "pos": 1, "chunkLen": 1, "isStartTag": 1}}
06-28 14:26:20.966 17973 17985 E WProf.db: {"WprofHTMLTag": {"code": "0xb4cc7960", "doc": "http://searchengineland.com/state-digital-advertising-2017-277618", "row": 77, "column": 102, "tagName": "meta", "time": 21047.393772, "url": "", "pos": 1, "chunkLen": 1, "isStartTag": 1}}
06-28 14:26:20.966 17973 17985 E WProf.db: {"WprofHTMLTag": {"code": "0xb4cc7990", "doc": "http://searchengineland.com/state-digital-advertising-2017-277618", "row": 78, "column": 61, "tagName": "meta", "time": 21047.393910, "url": "", "pos": 1, "chunkLen": 1, "isStartTag": 1}}
06-28 14:26:20.966 17973 17985 E WProf.db: {"WprofHTMLTag": {"code": "0xb4cc79c0", "doc": "http://searchengineland.com/state-digital-advertising-2017-277618", "row": 79, "column": 89, "tagName": "meta", "time": 21047.394060, "url": "", "pos": 1, "chunkLen": 1, "isStartTag": 1}}
06-28 14:26:20.966 17973 17985 E WProf.db: {"WprofHTMLTag": {"code": "0xb4cc79f0", "doc": "http://searchengineland.com/state-digital-advertising-2017-277618", "row": 80, "column": 63, "tagName": "meta", "time": 21047.394205, "url": "", "pos": 1, "chunkLen": 1, "isStartTag": 1}}
06-28 14:26:20.966 17973 17985 E WProf.db: {"WprofHTMLTag": {"code": "0xb4cc7a20", "doc": "http://searchengineland.com/state-digital-advertising-2017-277618", "row": 81, "column": 78, "tagName": "meta", "time": 21047.394348, "url": "", "pos": 1, "chunkLen": 1, "isStartTag": 1}}
06-28 14:26:20.966 17973 17985 E WProf.db: {"WprofHTMLTag": {"code": "0xb4cc7a50", "doc": "http://searchengineland.com/state-digital-advertising-2017-277618", "row": 82, "column": 137, "tagName": "meta", "time": 21047.394495, "url": "", "pos": 1, "chunkLen": 1, "isStartTag": 1}}
06-28 14:26:20.967 17973 17985 E WProf.db: {"WprofHTMLTag": {"code": "0xb4cc7a80", "doc": "http://searchengineland.com/state-digital-advertising-2017-277618", "row": 83, "column": 49, "tagName": "meta", "time": 21047.394638, "url": "", "pos": 1, "chunkLen": 1, "isStartTag": 1}}
06-28 14:26:20.967 17973 17985 E WProf.db: {"WprofHTMLTag": {"code": "0xb4cc7ab0", "doc": "http://searchengineland.com/state-digital-advertising-2017-277618", "row": 84, "column": 50, "tagName": "meta", "time": 21047.394776, "url": "", "pos": 1, "chunkLen": 1, "isStartTag": 1}}
06-28 14:26:20.967 17973 17985 E WProf.db: {"WprofHTMLTag": {"code": "0xb4cc7ae0", "doc": "http://searchengineland.com/state-digital-advertising-2017-277618", "row": 85, "column": 58, "tagName": "meta", "time": 21047.394915, "url": "", "pos": 1, "chunkLen": 1, "isStartTag": 1}}
06-28 14:26:20.967 17973 17985 E WProf.db: {"WprofHTMLTag": {"code": "0xb4cc7b10", "doc": "http://searchengineland.com/state-digital-advertising-2017-277618", "row": 86, "column": 201, "tagName": "meta", "time": 21047.395055, "url": "", "pos": 1, "chunkLen": 1, "isStartTag": 1}}
06-28 14:26:20.967 17973 17985 E WProf.db: {"WprofHTMLTag": {"code": "0xb4cc7b40", "doc": "http://searchengineland.com/state-digital-advertising-2017-277618", "row": 87, "column": 77, "tagName": "meta", "time": 21047.395205, "url": "", "pos": 1, "chunkLen": 1, "isStartTag": 1}}
06-28 14:26:20.967 17973 17985 E WProf.db: {"WprofHTMLTag": {"code": "0xb4cc7b70", "doc": "http://searchengineland.com/state-digital-advertising-2017-277618", "row": 88, "column": 51, "tagName": "meta", "time": 21047.395338, "url": "", "pos": 1, "chunkLen": 1, "isStartTag": 1}}
06-28 14:26:20.969 17973 17985 E WProf.db: {"WprofHTMLTag": {"code": "0xb4cc7ba0", "doc": "http://searchengineland.com/state-digital-advertising-2017-277618", "row": 89, "column": 138, "tagName": "meta", "time": 21047.395472, "url": "", "pos": 1, "chunkLen": 1, "isStartTag": 1}}
06-28 14:26:20.969 17973 17985 E WProf.db: {"WprofHTMLTag": {"code": "0xb4cc7bd0", "doc": "http://searchengineland.com/state-digital-advertising-2017-277618", "row": 90, "column": 58, "tagName": "meta", "time": 21047.395615, "url": "", "pos": 1, "chunkLen": 1, "isStartTag": 1}}
06-28 14:26:20.969 17973 17985 E WProf.db: {"WprofHTMLTag": {"code": "0xb4cc7c00", "doc": "http://searchengineland.com/state-digital-advertising-2017-277618", "row": 93, "column": 44, "tagName": "link", "time": 21047.395762, "url": "http://s.w.org/", "pos": 1, "chunkLen": 1, "isStartTag": 1}}
06-28 14:26:20.970 17973 17985 E WProf.db: {"WprofHTMLTag": {"code": "0xb4cc7c30", "doc": "http://searchengineland.com/state-digital-advertising-2017-277618", "row": 94, "column": 33, "tagName": "script", "time": 21047.396028, "url": "", "pos": 1, "chunkLen": 1, "isStartTag": 1}}
06-28 14:26:20.970 17973 17985 E WProf.db: {"WprofHTMLTag": {"code": "0xb4cc7c60", "doc": "http://searchengineland.com/state-digital-advertising-2017-277618", "row": 97, "column": 11, "tagName": "script", "time": 21047.396375, "url": "http://searchengineland.com/figz/wp-includes/js/wp-emoji-release.min.js?ver=4.7.5", "pos": 1, "chunkLen": 1, "isStartTag": 0}}
06-28 14:26:20.970 17973 17985 E WProf.db: {"WprofHTMLTag": {"code": "0x9c9f9900", "doc": "http://searchengineland.com/state-digital-advertising-2017-277618", "row": 98, "column": 25, "tagName": "style", "time": 21048.010453, "url": "", "pos": 1, "chunkLen": 1, "isStartTag": 1}}
06-28 14:26:20.970 17973 17985 E WProf.db: {"WprofHTMLTag": {"code": "0x9c9f9930", "doc": "http://searchengineland.com/state-digital-advertising-2017-277618", "row": 111, "column": 8, "tagName": "style", "time": 21048.010722, "url": "", "pos": 1, "chunkLen": 1, "isStartTag": 0}}
06-28 14:26:20.970 17973 17985 E WProf.db: {"WprofHTMLTag": {"code": "0x9c9f9960", "doc": "http://searchengineland.com/state-digital-advertising-2017-277618", "row": 112, "column": 140, "tagName": "script", "time": 21048.013134, "url": "http://searchengineland.com/figz/wp-content/themes/searchengineland/js/lib/modernizr.custom.js?ver=1.0", "pos": 1, "chunkLen": 1, "isStartTag": 1}}
06-28 14:26:20.970 17973 17985 E WProf.db: {"WprofHTMLTag": {"code": "0x9c9f9990", "doc": "http://searchengineland.com/state-digital-advertising-2017-277618", "row": 112, "column": 149, "tagName": "script", "time": 21048.013488, "url": "", "pos": 1, "chunkLen": 1, "isStartTag": 0}}
06-28 14:26:20.970 17973 17985 E WProf.db: {"WprofHTMLTag": {"code": "0xaedd6b40", "doc": "http://searchengineland.com/state-digital-advertising-2017-277618", "row": 113, "column": 144, "tagName": "script", "time": 21048.028245, "url": "http://searchengineland.com/figz/wp-content/themes/searchengineland/js/lib/jquery-1.11.0.min.js?ver=1.11.0", "pos": 1, "chunkLen": 1, "isStartTag": 1}}
06-28 14:26:20.971 17973 17985 E WProf.db: {"WprofHTMLTag": {"code": "0x9c9f9a80", "doc": "http://searchengineland.com/state-digital-advertising-2017-277618", "row": 113, "column": 153, "tagName": "script", "time": 21048.028605, "url": "", "pos": 1, "chunkLen": 1, "isStartTag": 0}}
06-28 14:26:20.971 17973 17985 E WProf.db: {"WprofHTMLTag": {"code": "0xaedd6db0", "doc": "http://searchengineland.com/state-digital-advertising-2017-277618", "row": 0, "column": 15, "tagName": "div", "time": 21049.121327, "url": "", "pos": 15, "chunkLen": 44, "isStartTag": 1}}
06-28 14:26:20.971 17973 17985 E WProf.db: {"WprofHTMLTag": {"code": "0xaedd6d80", "doc": "http://searchengineland.com/state-digital-advertising-2017-277618", "row": 0, "column": 21, "tagName": "div", "time": 21049.121520, "url": "", "pos": 21, "chunkLen": 44, "isStartTag": 0}}
06-28 14:26:20.971 17973 17985 E WProf.db: {"WprofHTMLTag": {"code": "0xaedd6cf0", "doc": "http://searchengineland.com/state-digital-advertising-2017-277618", "row": 0, "column": 38, "tagName": "div", "time": 21049.121619, "url": "", "pos": 38, "chunkLen": 44, "isStartTag": 1}}
06-28 14:26:20.971 17973 17985 E WProf.db: {"WprofHTMLTag": {"code": "0xaedd6cc0", "doc": "http://searchengineland.com/state-digital-advertising-2017-277618", "row": 0, "column": 44, "tagName": "div", "time": 21049.121781, "url": "", "pos": 44, "chunkLen": 44, "isStartTag": 0}}
06-28 14:26:20.971 17973 17985 E WProf.db: {"WprofHTMLTag": {"code": "0xaedd6c90", "doc": "http://searchengineland.com/state-digital-advertising-2017-277618", "row": 0, "column": 13, "tagName": "select", "time": 21049.123685, "url": "", "pos": 13, "chunkLen": 51, "isStartTag": 1}}
06-28 14:26:20.971 17973 17985 E WProf.db: {"WprofHTMLTag": {"code": "0x9c9f9ab0", "doc": "http://searchengineland.com/state-digital-advertising-2017-277618", "row": 0, "column": 33, "tagName": "option", "time": 21049.123946, "url": "", "pos": 33, "chunkLen": 51, "isStartTag": 1}}
06-28 14:26:20.971 17973 17985 E WProf.db: {"WprofHTMLTag": {"code": "0x9c9f9ae0", "doc": "http://searchengineland.com/state-digital-advertising-2017-277618", "row": 0, "column": 42, "tagName": "option", "time": 21049.124229, "url": "", "pos": 42, "chunkLen": 51, "isStartTag": 0}}
06-28 14:26:20.971 17973 17985 E WProf.db: {"WprofHTMLTag": {"code": "0x9c9f9b10", "doc": "http://searchengineland.com/state-digital-advertising-2017-277618", "row": 0, "column": 51, "tagName": "select", "time": 21049.124313, "url": "", "pos": 51, "chunkLen": 51, "isStartTag": 0}}
06-28 14:26:20.972 17973 17985 E WProf.db: {"WprofHTMLTag": {"code": "0x9c9f9b40", "doc": "http://searchengineland.com/state-digital-advertising-2017-277618", "row": 0, "column": 12, "tagName": "a", "time": 21049.131654, "url": "", "pos": 12, "chunkLen": 16, "isStartTag": 1}}
06-28 14:26:20.972 17973 17985 E WProf.db: {"WprofHTMLTag": {"code": "0x9c9f9b70", "doc": "http://searchengineland.com/state-digital-advertising-2017-277618", "row": 0, "column": 16, "tagName": "a", "time": 21049.131887, "url": "", "pos": 16, "chunkLen": 16, "isStartTag": 0}}
06-28 14:26:20.972 17973 17985 E WProf.db: {"WprofHTMLTag": {"code": "0x9c9f9ba0", "doc": "http://searchengineland.com/state-digital-advertising-2017-277618", "row": 0, "column": 8, "tagName": "input", "time": 21049.133531, "url": "", "pos": 8, "chunkLen": 8, "isStartTag": 1}}
06-28 14:26:20.972 17973 17985 E WProf.db: {"WprofHTMLTag": {"code": "0x9c9f9bd0", "doc": "http://searchengineland.com/state-digital-advertising-2017-277618", "row": 0, "column": 9, "tagName": "link", "time": 21049.146786, "url": "", "pos": 9, "chunkLen": 42, "isStartTag": 1}}
06-28 14:26:20.972 17973 17985 E WProf.db: {"WprofHTMLTag": {"code": "0x9c9f9c00", "doc": "http://searchengineland.com/state-digital-advertising-2017-277618", "row": 0, "column": 16, "tagName": "table", "time": 21049.146921, "url": "", "pos": 16, "chunkLen": 42, "isStartTag": 1}}
06-28 14:26:20.972 17973 17985 E WProf.db: {"WprofHTMLTag": {"code": "0x9c9f9c30", "doc": "http://searchengineland.com/state-digital-advertising-2017-277618", "row": 0, "column": 24, "tagName": "table", "time": 21049.147060, "url": "", "pos": 24, "chunkLen": 42, "isStartTag": 0}}
06-28 14:26:20.973 17973 17985 E WProf.db: {"WprofHTMLTag": {"code": "0x9c9f9c60", "doc": "http://searchengineland.com/state-digital-advertising-2017-277618", "row": 0, "column": 37, "tagName": "a", "time": 21049.147137, "url": "", "pos": 37, "chunkLen": 42, "isStartTag": 1}}
06-28 14:26:20.973 17973 17985 E WProf.db: {"WprofHTMLTag": {"code": "0x9c9f9c90", "doc": "http://searchengineland.com/state-digital-advertising-2017-277618", "row": 0, "column": 42, "tagName": "a", "time": 21049.147329, "url": "", "pos": 42, "chunkLen": 42, "isStartTag": 0}}
06-28 14:26:20.973 17973 17985 E WProf.db: {"WprofHTMLTag": {"code": "0x9c9f9d20", "doc": "http://searchengineland.com/state-digital-advertising-2017-277618", "row": 0, "column": 10, "tagName": "textarea", "time": 21049.148688, "url": "", "pos": 10, "chunkLen": 22, "isStartTag": 1}}
06-28 14:26:20.973 17973 17985 E WProf.db: {"WprofHTMLTag": {"code": "0x9c9f9d50", "doc": "http://searchengineland.com/state-digital-advertising-2017-277618", "row": 0, "column": 22, "tagName": "textarea", "time": 21049.148913, "url": "", "pos": 22, "chunkLen": 22, "isStartTag": 0}}
06-28 14:26:20.973 17973 17985 E WProf.db: {"WprofHTMLTag": {"code": "0x9c9f9d80", "doc": "http://searchengineland.com/state-digital-advertising-2017-277618", "row": 0, "column": 48, "tagName": "input", "time": 21049.150401, "url": "", "pos": 48, "chunkLen": 48, "isStartTag": 1}}
06-28 14:26:20.974 17973 17985 E WProf.db: {"WprofHTMLTag": {"code": "0x9c9f9de0", "doc": "http://searchengineland.com/state-digital-advertising-2017-277618", "row": 0, "column": 9, "tagName": "link", "time": 21049.155533, "url": "", "pos": 9, "chunkLen": 66, "isStartTag": 1}}
06-28 14:26:20.974 17973 17985 E WProf.db: {"WprofHTMLTag": {"code": "0x9c9f9e10", "doc": "http://searchengineland.com/state-digital-advertising-2017-277618", "row": 0, "column": 16, "tagName": "table", "time": 21049.155666, "url": "", "pos": 16, "chunkLen": 66, "isStartTag": 1}}
06-28 14:26:20.974 17973 17985 E WProf.db: {"WprofHTMLTag": {"code": "0x9c9f9e40", "doc": "http://searchengineland.com/state-digital-advertising-2017-277618", "row": 0, "column": 24, "tagName": "table", "time": 21049.155748, "url": "", "pos": 24, "chunkLen": 66, "isStartTag": 0}}
06-28 14:26:20.974 17973 17985 E WProf.db: {"WprofHTMLTag": {"code": "0x9c9f9e70", "doc": "http://searchengineland.com/state-digital-advertising-2017-277618", "row": 0, "column": 37, "tagName": "a", "time": 21049.155818, "url": "", "pos": 37, "chunkLen": 66, "isStartTag": 1}}
06-28 14:26:20.974 17973 17985 E WProf.db: {"WprofHTMLTag": {"code": "0x9c9f9ea0", "doc": "http://searchengineland.com/state-digital-advertising-2017-277618", "row": 0, "column": 42, "tagName": "a", "time": 21049.156013, "url": "", "pos": 42, "chunkLen": 66, "isStartTag": 0}}
06-28 14:26:20.974 17973 17985 E WProf.db: {"WprofHTMLTag": {"code": "0x9c9f9ed0", "doc": "http://searchengineland.com/state-digital-advertising-2017-277618", "row": 0, "column": 66, "tagName": "input", "time": 21049.156083, "url": "", "pos": 66, "chunkLen": 66, "isStartTag": 1}}
06-28 14:26:20.975 17973 17985 E WProf.db: {"WprofHTMLTag": {"code": "0x9c9f9f60", "doc": "http://searchengineland.com/state-digital-advertising-2017-277618", "row": 0, "column": 9, "tagName": "link", "time": 21049.158087, "url": "", "pos": 9, "chunkLen": 66, "isStartTag": 1}}
06-28 14:26:20.975 17973 17985 E WProf.db: {"WprofHTMLTag": {"code": "0x9c9f9f90", "doc": "http://searchengineland.com/state-digital-advertising-2017-277618", "row": 0, "column": 16, "tagName": "table", "time": 21049.158220, "url": "", "pos": 16, "chunkLen": 66, "isStartTag": 1}}
06-28 14:26:20.975 17973 17985 E WProf.db: {"WprofHTMLTag": {"code": "0x9c9f9fc0", "doc": "http://searchengineland.com/state-digital-advertising-2017-277618", "row": 0, "column": 24, "tagName": "table", "time": 21049.158298, "url": "", "pos": 24, "chunkLen": 66, "isStartTag": 0}}
06-28 14:26:20.975 17973 17985 E WProf.db: {"WprofHTMLTag": {"code": "0x9c9f9ff0", "doc": "http://searchengineland.com/state-digital-advertising-2017-277618", "row": 0, "column": 37, "tagName": "a", "time": 21049.158370, "url": "", "pos": 37, "chunkLen": 66, "isStartTag": 1}}
06-28 14:26:20.975 17973 17985 E WProf.db: {"WprofHTMLTag": {"code": "0x9c9fa020", "doc": "http://searchengineland.com/state-digital-advertising-2017-277618", "row": 0, "column": 42, "tagName": "a", "time": 21049.158572, "url": "", "pos": 42, "chunkLen": 66, "isStartTag": 0}}
06-28 14:26:20.976 17973 17985 E WProf.db: {"WprofHTMLTag": {"code": "0x9c9fa050", "doc": "http://searchengineland.com/state-digital-advertising-2017-277618", "row": 0, "column": 66, "tagName": "input", "time": 21049.158639, "url": "", "pos": 66, "chunkLen": 66, "isStartTag": 1}}
06-28 14:26:20.976 17973 17985 E WProf.db: {"WprofHTMLTag": {"code": "0x9c9fa0b0", "doc": "http://searchengineland.com/state-digital-advertising-2017-277618", "row": 0, "column": 9, "tagName": "link", "time": 21049.164242, "url": "", "pos": 9, "chunkLen": 66, "isStartTag": 1}}
06-28 14:26:20.976 17973 17985 E WProf.db: {"WprofHTMLTag": {"code": "0x9c9fa0e0", "doc": "http://searchengineland.com/state-digital-advertising-2017-277618", "row": 0, "column": 16, "tagName": "table", "time": 21049.164359, "url": "", "pos": 16, "chunkLen": 66, "isStartTag": 1}}
06-28 14:26:20.976 17973 17985 E WProf.db: {"WprofHTMLTag": {"code": "0x9c9fa110", "doc": "http://searchengineland.com/state-digital-advertising-2017-277618", "row": 0, "column": 24, "tagName": "table", "time": 21049.164436, "url": "", "pos": 24, "chunkLen": 66, "isStartTag": 0}}
06-28 14:26:20.976 17973 17985 E WProf.db: {"WprofHTMLTag": {"code": "0x9c9fa140", "doc": "http://searchengineland.com/state-digital-advertising-2017-277618", "row": 0, "column": 37, "tagName": "a", "time": 21049.164503, "url": "", "pos": 37, "chunkLen": 66, "isStartTag": 1}}
06-28 14:26:20.976 17973 17985 E WProf.db: {"WprofHTMLTag": {"code": "0x9c9fa170", "doc": "http://searchengineland.com/state-digital-advertising-2017-277618", "row": 0, "column": 42, "tagName": "a", "time": 21049.164681, "url": "", "pos": 42, "chunkLen": 66, "isStartTag": 0}}
06-28 14:26:20.976 17973 17985 E WProf.db: {"WprofHTMLTag": {"code": "0x9c9fa1a0", "doc": "http://searchengineland.com/state-digital-advertising-2017-277618", "row": 0, "column": 66, "tagName": "input", "time": 21049.164752, "url": "", "pos": 66, "chunkLen": 66, "isStartTag": 1}}
06-28 14:26:20.976 17973 17985 E WProf.db: {"WprofHTMLTag": {"code": "0x9c9fa2c0", "doc": "http://searchengineland.com/state-digital-advertising-2017-277618", "row": 114, "column": 154, "tagName": "script", "time": 21049.178591, "url": "http://searchengineland.com/figz/wp-content/themes/searchengineland/js/lib/jquery-ui-1.10.3.custom.min.js?ver=1.10.3", "pos": 67, "chunkLen": 67, "isStartTag": 1}}
06-28 14:26:20.977 17973 17985 E WProf.db: {"WprofHTMLTag": {"code": "0x9c9fa2f0", "doc": "http://searchengineland.com/state-digital-advertising-2017-277618", "row": 114, "column": 163, "tagName": "script", "time": 21049.178880, "url": "", "pos": 67, "chunkLen": 67, "isStartTag": 0}}
06-28 14:26:20.977 17973 17985 E WProf.db: {"WprofHTMLTag": {"code": "0x9c9fa350", "doc": "http://searchengineland.com/state-digital-advertising-2017-277618", "row": 0, "column": 111, "tagName": "div", "time": 21049.309154, "url": "", "pos": 111, "chunkLen": 117, "isStartTag": 1}}
06-28 14:26:20.977 17973 17985 E WProf.db: {"WprofHTMLTag": {"code": "0x9c9fa380", "doc": "http://searchengineland.com/state-digital-advertising-2017-277618", "row": 0, "column": 117, "tagName": "div", "time": 21049.309360, "url": "", "pos": 117, "chunkLen": 117, "isStartTag": 0}}
06-28 14:26:20.977 17973 17985 E WProf.db: {"WprofHTMLTag": {"code": "0x9c9fa7d0", "doc": "http://searchengineland.com/state-digital-advertising-2017-277618", "row": 115, "column": 155, "tagName": "script", "time": 21049.336940, "url": "http://searchengineland.com/figz/wp-content/themes/searchengineland/js/lib/jquery.ba-throttle-debounce.min.js?ver=1.1", "pos": 118, "chunkLen": 118, "isStartTag": 1}}
06-28 14:26:20.977 17973 17985 E WProf.db: {"WprofHTMLTag": {"code": "0x9c9fa800", "doc": "http://searchengineland.com/state-digital-advertising-2017-277618", "row": 115, "column": 164, "tagName": "script", "time": 21049.337226, "url": "", "pos": 118, "chunkLen": 118, "isStartTag": 0}}
06-28 14:26:20.977 17973 17985 E WProf.db: {"WprofHTMLTag": {"code": "0x9c9fa830", "doc": "http://searchengineland.com/state-digital-advertising-2017-277618", "row": 116, "column": 146, "tagName": "script", "time": 21049.338442, "url": "http://searchengineland.com/figz/wp-content/themes/searchengineland/js/lib/jquery.countdown.min.js?ver=2.0.4", "pos": 118, "chunkLen": 118, "isStartTag": 1}}
06-28 14:26:20.977 17973 17985 E WProf.db: {"WprofHTMLTag": {"code": "0x9c9fa860", "doc": "http://searchengineland.com/state-digital-advertising-2017-277618", "row": 116, "column": 155, "tagName": "script", "time": 21049.338705, "url": "", "pos": 118, "chunkLen": 118, "isStartTag": 0}}
06-28 14:26:20.977 17973 17985 E WProf.db: {"WprofHTMLTag": {"code": "0x9c9fa890", "doc": "http://searchengineland.com/state-digital-advertising-2017-277618", "row": 117, "column": 77, "tagName": "link", "time": 21049.341358, "url": "http://searchengineland.com/wp-json/", "pos": 118, "chunkLen": 118, "isStartTag": 1}}
06-28 14:26:20.978 17973 17985 E WProf.db: {"WprofHTMLTag": {"code": "0x9c9fa8c0", "doc": "http://searchengineland.com/state-digital-advertising-2017-277618", "row": 118, "column": 69, "tagName": "link", "time": 21049.341572, "url": "http://searchengineland.com/?p=277618", "pos": 118, "chunkLen": 118, "isStartTag": 1}}
06-28 14:26:20.978 17973 17985 E WProf.db: {"WprofHTMLTag": {"code": "0x9c9fa8f0", "doc": "http://searchengineland.com/state-digital-advertising-2017-277618", "row": 119, "column": 193, "tagName": "link", "time": 21049.341763, "url": "http://searchengineland.com/wp-json/oembed/1.0/embed?url=http%3A%2F%2Fsearchengineland.com%2Fstate-digital-advertising-2017-277618", "pos": 118, "chunkLen": 118, "isStartTag": 1}}
06-28 14:26:20.978 17973 17985 E WProf.db: {"WprofHTMLTag": {"code": "0x9c9fa950", "doc": "http://searchengineland.com/state-digital-advertising-2017-277618", "row": 120, "column": 201, "tagName": "link", "time": 21049.341998, "url": "http://searchengineland.com/wp-json/oembed/1.0/embed?url=http%3A%2F%2Fsearchengineland.com%2Fstate-digital-advertising-2017-277618&format=xml", "pos": 118, "chunkLen": 118, "isStartTag": 1}}
06-28 14:26:20.978 17973 17985 E WProf.db: {"WprofHTMLTag": {"code": "0x9c9faa70", "doc": "http://searchengineland.com/state-digital-advertising-2017-277618", "row": 121, "column": 99, "tagName": "link", "time": 21049.342236, "url": "http://searchengineland.com/state-digital-advertising-2017-277618/amp", "pos": 118, "chunkLen": 118, "isStartTag": 1}}
06-28 14:26:20.978 17973 17985 E WProf.db: {"WprofHTMLTag": {"code": "0x9c9faaa0", "doc": "http://searchengineland.com/state-digital-advertising-2017-277618", "row": 123, "column": 31, "tagName": "script", "time": 21049.342440, "url": "", "pos": 118, "chunkLen": 118, "isStartTag": 1}}
06-28 14:26:20.978 17973 17985 E WProf.db: {"WprofHTMLTag": {"code": "0x9c9faad0", "doc": "http://searchengineland.com/state-digital-advertising-2017-277618", "row": 136, "column": 9, "tagName": "script", "time": 21049.342651, "url": "http://www.googletagservices.com/tag/js/gpt.js", "pos": 118, "chunkLen": 118, "isStartTag": 0}}
06-28 14:26:20.978 17973 17985 E WProf.db: {"WprofHTMLTag": {"code": "0x9c9fab30", "doc": "http://searchengineland.com/state-digital-advertising-2017-277618", "row": 139, "column": 31, "tagName": "script", "time": 21049.346600, "url": "", "pos": 118, "chunkLen": 118, "isStartTag": 1}}
06-28 14:26:20.979 17973 17985 E WProf.db: {"WprofHTMLTag": {"code": "0x9c9fab60", "doc": "http://searchengineland.com/state-digital-advertising-2017-277618", "row": 156, "column": 9, "tagName": "script", "time": 21049.347649, "url": "", "pos": 118, "chunkLen": 118, "isStartTag": 0}}
06-28 14:26:20.979 17973 17985 E WProf.db: {"WprofHTMLTag": {"code": "0x9c9fab90", "doc": "http://searchengineland.com/state-digital-advertising-2017-277618", "row": 160, "column": 32, "tagName": "script", "time": 21049.350681, "url": "", "pos": 118, "chunkLen": 118, "isStartTag": 1}}
