--------- beginning of main
06-28 15:02:18.010  3449  3449 E Finsky  : [1] com.google.android.finsky.wear.bl.a(3): onConnectionFailed: ConnectionResult{statusCode=API_UNAVAILABLE, resolution=null, message=null}
--------- beginning of system
06-28 15:02:19.140 29837 29837 E chromium: [ERROR:shell_integration_android.cc(12)] Not implemented reached in static ShellIntegration::DefaultWebClientSetPermission ShellIntegration::CanSetAsDefaultBrowser()
06-28 15:02:19.144 29837 29837 E chromium: [ERROR:browser_process_impl.cc(720)] Not implemented reached in virtual BackgroundModeManager* BrowserProcessImpl::background_mode_manager()
06-28 15:02:19.484  3218 29788 E AudioRecord-JNI: Error -4 during AudioRecord native read
06-28 15:02:21.962 29837 29891 E chromium: [ERROR:gles2_cmd_decoder.cc(3852)] [.ChromiumCompositor-0xacbb2fc0]GL ERROR :GL_INVALID_ENUM : glDiscardFramebufferEXT: attachments was GL_COLOR_EXT
06-28 15:02:22.257 29913 29926 E WPROF   : {"CSS": {"url": "http://searchengineland.com/figz/wp-content/themes/searchengineland/css/searchengineland-bootstrap.css", "requestTime": 23219.312576}}
06-28 15:02:22.259 29913 29926 E WPROF   : {"CSS": {"url": "http://fonts.googleapis.com/css?family=Oswald:300,400,700", "requestTime": 23219.314605}}
06-28 15:02:22.261 29913 29926 E WPROF   : {"CSS": {"url": "http://searchengineland.com/figz/wp-content/themes/searchengineland/style.css", "requestTime": 23219.316895}}
06-28 15:02:22.275 29913 29926 E WPROF   : {"Javascript": {"url": "http://searchengineland.com/figz/wp-content/themes/searchengineland/js/lib/modernizr.custom.js?ver=1.0", "requestTime": 23219.330671}}
06-28 15:02:22.276 29913 29926 E WPROF   : {"Javascript": {"url": "http://searchengineland.com/figz/wp-content/themes/searchengineland/js/lib/jquery-1.11.0.min.js?ver=1.11.0", "requestTime": 23219.331222}}
06-28 15:02:22.276 29913 29926 E WPROF   : {"Javascript": {"url": "http://searchengineland.com/figz/wp-content/themes/searchengineland/js/lib/jquery-ui-1.10.3.custom.min.js?ver=1.10.3", "requestTime": 23219.331736}}
06-28 15:02:22.277 29913 29926 E WPROF   : {"Javascript": {"url": "http://searchengineland.com/figz/wp-content/themes/searchengineland/js/lib/jquery.ba-throttle-debounce.min.js?ver=1.1", "requestTime": 23219.332767}}
06-28 15:02:22.278 29913 29926 E WPROF   : {"Javascript": {"url": "http://searchengineland.com/figz/wp-content/themes/searchengineland/js/lib/jquery.countdown.min.js?ver=2.0.4", "requestTime": 23219.333313}}
06-28 15:02:22.278 29913 29926 E WPROF   : {"Javascript": {"url": "http://static.chartbeat.com/js/chartbeat_mab.js", "requestTime": 23219.333920}}
06-28 15:02:22.757 29913 29926 E WPROF   : {"Javascript": {"url": "http://searchengineland.com/figz/wp-includes/js/wp-emoji-release.min.js?ver=4.7.5", "requestTime": 23219.812374}}
06-28 15:02:23.186 29913 29926 E WPROF   : {"Javascript": {"url": "http://www.googletagservices.com/tag/js/gpt.js", "requestTime": 23220.242107}}
06-28 15:02:23.198 29913 29926 E WPROF   : {"Javascript": {"url": "https://www.google-analytics.com/analytics.js", "requestTime": 23220.254109}}
06-28 15:02:23.201 29913 29926 E WPROF   : {"Javascript": {"url": "http://edge.quantserve.com/quant.js", "requestTime": 23220.256919}}
06-28 15:02:23.204 29913 29926 E WPROF   : {"Javascript": {"url": "https://connect.facebook.net/en_US/fbevents.js", "requestTime": 23220.259873}}
06-28 15:02:23.295 29837 29891 E chromium: [ERROR:gles2_cmd_decoder.cc(3852)] [.ChromiumCompositor-0xacbb2fc0]GL ERROR :GL_INVALID_ENUM : glDiscardFramebufferEXT: attachments was GL_COLOR_EXT
06-28 15:02:23.345 29913 29926 E WPROF   : {"Javascript": {"url": "http://app-sj02.marketo.com/js/forms2/js/forms2.min.js", "requestTime": 23220.401196}}
06-28 15:02:23.433 29913 29926 E WPROF   : {"Javascript": {"url": "https://securepubads.g.doubleclick.net/gpt/pubads_impl_121.js", "requestTime": 23220.489091}}
06-28 15:02:23.462 29837 29891 E chromium: [ERROR:gles2_cmd_decoder.cc(3852)] [.ChromiumCompositor-0xacbb2fc0]GL ERROR :GL_INVALID_ENUM : glDiscardFramebufferEXT: attachments was GL_COLOR_EXT
06-28 15:02:23.614 29913 29926 E WPROF   : {"Javascript": {"url": "http://app-sj02.marketo.com/index.php/form/getForm?munchkinId=727-ZQE-044&form=5691&url=http%3A%2F%2Fsearchengineland.com%2Fsummer-solstice-2017-google-doodle-marks-longest-day-year-277555&callback=jQuery110209269373458810151_1498629743548&_=1498629743549", "requestTime": 23220.669823}}
06-28 15:02:23.630 29913 29926 E WPROF   : {"Javascript": {"url": "http://app-sj02.marketo.com/index.php/form/getForm?munchkinId=727-ZQE-044&form=5685&url=http%3A%2F%2Fsearchengineland.com%2Fsummer-solstice-2017-google-doodle-marks-longest-day-year-277555&callback=jQuery110209269373458810151_1498629743550&_=1498629743551", "requestTime": 23220.685283}}
06-28 15:02:23.702 29913 29926 E WPROF   : {"Javascript": {"url": "https://connect.facebook.net/signals/config/423979991297359?v=2.7.17", "requestTime": 23220.758115}}
06-28 15:02:23.961 29913 29926 E WPROF   : {"Javascript": {"url": "http://app-sj02.marketo.com/index.php/form/getForm?munchkinId=727-ZQE-044&form=5673&url=http%3A%2F%2Fsearchengineland.com%2Fsummer-solstice-2017-google-doodle-marks-longest-day-year-277555&callback=jQuery110209269373458810151_1498629743552&_=1498629743553", "requestTime": 23221.016394}}
06-28 15:02:23.978 29913 29926 E WPROF   : {"Javascript": {"url": "http://searchengineland.com/js/ga_social_tracking.js", "requestTime": 23221.033925}}
06-28 15:02:23.981 29913 29926 E WPROF   : {"Javascript": {"url": "http://s7.addthis.com/js/300/addthis_widget.js#pubid=ra-53e918f660794f37", "requestTime": 23221.036401}}
06-28 15:02:24.003 29837 29891 E chromium: [ERROR:gles2_cmd_decoder.cc(3852)] [.ChromiumCompositor-0xacbb2fc0]GL ERROR :GL_INVALID_ENUM : glDiscardFramebufferEXT: attachments was GL_COLOR_EXT
06-28 15:02:24.339 29913 29926 E WPROF   : {"Javascript": {"url": "http://cdn.api.twitter.com/1/users/show.json?screen_name=AmyGesenhues&callback=twttr.setFollowersCount", "requestTime": 23221.395160}}
06-28 15:02:24.489 29837 29891 E chromium: [ERROR:gles2_cmd_decoder.cc(3852)] [.ChromiumCompositor-0xacbb2fc0]GL ERROR :GL_INVALID_ENUM : glDiscardFramebufferEXT: attachments was GL_COLOR_EXT
06-28 15:02:24.687   862  1657 E LocSvc_IzatApiV02: E/virtual int izat_core::IzatApiV02::getBatchSize(int32_t):522]: Error : st = 4, ind.status = -1628389555
06-28 15:02:24.688   862  1657 E LocSvc_IzatApiV02: E/virtual int izat_core::IzatApiV02::getBatchSize(int32_t):535]: get batching size failed.Or modem does not support batching 
06-28 15:02:24.696   862  1657 E LocSvc_IzatApiV02: E/virtual int izat_core::IzatApiV02::getBatchSize(int32_t):522]: Error : st = 4, ind.status = -1628389555
06-28 15:02:24.697   862  1657 E LocSvc_IzatApiV02: E/virtual int izat_core::IzatApiV02::getBatchSize(int32_t):535]: get batching size failed.Or modem does not support batching 
06-28 15:02:24.727   862  1657 E LocSvc_IzatApiV02: E/virtual int izat_core::IzatApiV02::getBatchSize(int32_t):522]: Error : st = 4, ind.status = -1628389555
06-28 15:02:24.727   862  1657 E LocSvc_IzatApiV02: E/virtual int izat_core::IzatApiV02::getBatchSize(int32_t):535]: get batching size failed.Or modem does not support batching 
06-28 15:02:24.739   862  1657 E LocSvc_IzatApiV02: E/virtual int izat_core::IzatApiV02::getBatchSize(int32_t):522]: Error : st = 4, ind.status = -1628389555
06-28 15:02:24.739   862  1657 E LocSvc_IzatApiV02: E/virtual int izat_core::IzatApiV02::getBatchSize(int32_t):535]: get batching size failed.Or modem does not support batching 
06-28 15:02:25.061 29913 29926 E WPROF   : {"Javascript": {"url": "https://securepubads.g.doubleclick.net/gampad/ads?gdfp_req=1&correlator=1940435265126400&output=json_html&callback=googletag.impl.pubads.callbackProxy1&impl=fifs&json_a=1&eid=108809080%2C108809103%2C108809153&sc=0&sfv=1-0-9&iu_parts=1038259%2Csel-ciu-1%2Csel-ciu-2%2Csel-ciu-3%2Csel-ciu-4%2Csel-ciu-5", "requestTime": 23222.116772}}
06-28 15:02:25.081 29913 29926 E WPROF   : {"CSS": {"url": "http://app-sj02.marketo.com/js/forms2/css/forms2.css", "requestTime": 23222.136841}}
06-28 15:02:25.084 29913 29926 E WPROF   : {"CSS": {"url": "http://app-sj02.marketo.com/js/forms2/css/forms2-theme-simple.css", "requestTime": 23222.140161}}
06-28 15:02:25.131 29913 29926 E WPROF   : {"Javascript": {"url": "https://static.xx.fbcdn.net/rsrc.php/v3iy6L4/yk/l/ko_KR/be4fIjHRc8P.js", "requestTime": 23222.186594}}
06-28 15:02:25.172 29913 29926 E WPROF   : {"Javascript": {"url": "https://static.xx.fbcdn.net/rsrc.php/v3iy6L4/yF/l/ko_KR/w3AiswiqjrJ.js", "requestTime": 23222.227571}}
06-28 15:02:25.280 29837 29891 E chromium: [ERROR:gles2_cmd_decoder.cc(3852)] [.ChromiumCompositor-0xacbb2fc0]GL ERROR :GL_INVALID_ENUM : glDiscardFramebufferEXT: attachments was GL_COLOR_EXT
06-28 15:02:25.803 29913 29926 E WPROF   : {"Javascript": {"url": "http://platform.twitter.com/widgets.js", "requestTime": 23222.858796}}
06-28 15:02:25.805 29913 29926 E WPROF   : {"Javascript": {"url": "http://connect.facebook.net/en_US/sdk.js", "requestTime": 23222.860465}}
06-28 15:02:25.806 29913 29926 E WPROF   : {"Javascript": {"url": "https://apis.google.com/js/platform.js", "requestTime": 23222.861875}}
06-28 15:02:25.836 29913 29926 E WPROF   : {"Javascript": {"url": "http://rules.quantcount.com/rules-p-5aGizvD82d9hk.js", "requestTime": 23222.892193}}
06-28 15:02:25.839 29913 29926 E WPROF   : {"Javascript": {"url": "http://munchkin.marketo.net/munchkin.js", "requestTime": 23222.895046}}
06-28 15:02:25.931 29913 29926 E WPROF   : {"CSS": {"url": "https://www.youtube.com/yts/cssbin/www-embed-player-sprite-mode-vfl5G4Xm8.css", "requestTime": 23222.987179}}
06-28 15:02:25.934 29913 29926 E WPROF   : {"Javascript": {"url": "https://www.youtube.com/yts/jsbin/www-embed-player-vfl_UY_j8/www-embed-player.js", "requestTime": 23222.989428}}
06-28 15:02:25.934 29913 29926 E WPROF   : {"Javascript": {"url": "https://www.youtube.com/yts/jsbin/player-vflo1w4O-/ko_KR/base.js", "requestTime": 23222.989956}}
06-28 15:02:25.963 29837 29891 E chromium: [ERROR:gles2_cmd_decoder.cc(3852)] [.ChromiumCompositor-0xacbb2fc0]GL ERROR :GL_INVALID_ENUM : glDiscardFramebufferEXT: attachments was GL_COLOR_EXT
06-28 15:02:26.066 29913 29926 E WPROF   : {"Javascript": {"url": "http://d2j3qa5nc37287.cloudfront.net/coupon_code1.js", "requestTime": 23223.121670}}
06-28 15:02:26.091 29913 29926 E WPROF   : {"Javascript": {"url": "http://www.googleadservices.com/pagead/conversion.js", "requestTime": 23223.146567}}
06-28 15:02:26.093 29913 29926 E WPROF   : {"Javascript": {"url": "http://searchengineland.com/figz/wp-content/themes/searchengineland/js/script.js?ver=1.0", "requestTime": 23223.148228}}
06-28 15:02:26.093 29913 29926 E WPROF   : {"Javascript": {"url": "http://searchengineland.com/figz/wp-includes/js/wp-embed.min.js?ver=4.7.5", "requestTime": 23223.148748}}
06-28 15:02:26.094 29913 29926 E WPROF   : {"Javascript": {"url": "http://searchengineland.com/figz/wp-content/themes/searchengineland/js/modules/sharing_controls.js", "requestTime": 23223.149529}}
06-28 15:02:26.826 29913 29926 E WPROF   : {"Javascript": {"url": "http://m.addthisedge.com/live/boost/ra-53e918f660794f37/_ate.track.config_resp", "requestTime": 23223.881416}}
06-28 15:02:26.888 29913 29926 E WPROF   : {"Javascript": {"url": "http://m.addthis.com/live/red_lojson/300lo.json?si=59534671d507524b&bkl=0&bl=1&pdt=2104&sid=59534671d507524b&pub=ra-53e918f660794f37&rev=v7.15.4-wp&ln=ko&pc=men&cb=0&ab=-&dp=searchengineland.com&fp=summer-solstice-2017-google-doodle-marks-longest-day-year-277555&fr=&of=0&pd=0&irt=0&vcl=0&md=0&ct=1&t", "requestTime": 23223.943724}}
06-28 15:02:27.028 29837 29891 E chromium: [ERROR:gles2_cmd_decoder.cc(3852)] [.ChromiumCompositor-0xacbb2fc0]GL ERROR :GL_INVALID_ENUM : glDiscardFramebufferEXT: attachments was GL_COLOR_EXT
06-28 15:02:27.093 29913 29926 E WPROF   : {"Javascript": {"url": "http://dnn506yrbagrg.cloudfront.net/pages/scripts/0026/4062.js?416286", "requestTime": 23224.148805}}
06-28 15:02:28.538 29913 29926 E WPROF   : {"Javascript": {"url": "https://www.google.com/js/bg/KWBfAnWFESAEEaKKgdYlTHY9ysQaNoQuzeMFqvxDSM8.js", "requestTime": 23225.594185}}
06-28 15:02:28.543 29913 29926 E WPROF   : {"Javascript": {"url": "https://static.doubleclick.net/instream/ad_status.js", "requestTime": 23225.598573}}
06-28 15:02:28.799 29837 29891 E chromium: [ERROR:gles2_cmd_decoder.cc(3852)] [.ChromiumCompositor-0xacbb2fc0]GL ERROR :GL_INVALID_ENUM : glDiscardFramebufferEXT: attachments was GL_COLOR_EXT
06-28 15:02:29.234 29837 29891 E chromium: [ERROR:gles2_cmd_decoder.cc(3852)] [.ChromiumCompositor-0xacbb2fc0]GL ERROR :GL_INVALID_ENUM : glDiscardFramebufferEXT: attachments was GL_COLOR_EXT
06-28 15:02:29.387 29837 29891 E chromium: [ERROR:gles2_cmd_decoder.cc(3852)] [.ChromiumCompositor-0xacbb2fc0]GL ERROR :GL_INVALID_ENUM : glDiscardFramebufferEXT: attachments was GL_COLOR_EXT
06-28 15:02:29.893 29837 29891 E chromium: [ERROR:gles2_cmd_decoder.cc(3852)] [.ChromiumCompositor-0xacbb2fc0]GL ERROR :GL_INVALID_ENUM : glDiscardFramebufferEXT: attachments was GL_COLOR_EXT
06-28 15:02:30.388 29913 29926 E WPROF   : {"Javascript": {"url": "https://tpc.googlesyndication.com/pagead/js/r20170619/r20110914/client/ext/m_window_focus_non_hydra.js", "requestTime": 23227.443891}}
06-28 15:02:30.391 29913 29926 E WPROF   : {"Javascript": {"url": "https://tpc.googlesyndication.com/pagead/js/r20170619/r20110914/activeview/osd_listener.js", "requestTime": 23227.446260}}
06-28 15:02:30.396 29913 29926 E WPROF   : {"Javascript": {"url": "http://pagead2.googlesyndication.com/pagead/osd.js", "requestTime": 23227.451474}}
06-28 15:02:30.665 29913 29926 E WPROF   : {"Javascript": {"url": "https://platform.twitter.com/js/button.b731e6c82269f70f6fc53634e044a4c6.js", "requestTime": 23227.721107}}
06-28 15:02:30.672 29913 29926 E WPROF   : {"Javascript": {"url": "http://munchkin.marketo.net/151/munchkin.js", "requestTime": 23227.727702}}
06-28 15:02:30.871 29913 29926 E WPROF   : {"Javascript": {"url": "http://www.justuno.com/ajax/account_version_check.html?id=828FA275-FF73-401E-AA39-40F5A6FAB6B1", "requestTime": 23227.927078}}
06-28 15:02:30.929 29913 29926 E WPROF   : {"Javascript": {"url": "http://s7.addthis.com/static/layers.4acb6c577b51939661ec.js", "requestTime": 23227.984805}}
06-28 15:02:30.988 29837 29891 E chromium: [ERROR:gles2_cmd_decoder.cc(3852)] [.ChromiumCompositor-0xacbb2fc0]GL ERROR :GL_INVALID_ENUM : glDiscardFramebufferEXT: attachments was GL_COLOR_EXT
06-28 15:02:31.298 29837 29891 E chromium: [ERROR:gles2_cmd_decoder.cc(3852)] [.ChromiumCompositor-0xacbb2fc0]GL ERROR :GL_INVALID_ENUM : glDiscardFramebufferEXT: attachments was GL_COLOR_EXT
06-28 15:02:31.348 29837 29891 E chromium: [ERROR:gles2_cmd_decoder.cc(3852)] [.ChromiumCompositor-0xacbb2fc0]GL ERROR :GL_INVALID_ENUM : glDiscardFramebufferEXT: attachments was GL_COLOR_EXT
06-28 15:02:31.604 29837 29891 E chromium: [ERROR:gles2_cmd_decoder.cc(3852)] [.ChromiumCompositor-0xacbb2fc0]GL ERROR :GL_INVALID_ENUM : glDiscardFramebufferEXT: attachments was GL_COLOR_EXT
06-28 15:02:31.767 29837 29891 E chromium: [ERROR:gles2_cmd_decoder.cc(3852)] [.ChromiumCompositor-0xacbb2fc0]GL ERROR :GL_INVALID_ENUM : glDiscardFramebufferEXT: attachments was GL_COLOR_EXT
06-28 15:02:31.802 29837 29891 E chromium: [ERROR:gles2_cmd_decoder.cc(3852)] [.ChromiumCompositor-0xacbb2fc0]GL ERROR :GL_INVALID_ENUM : glDiscardFramebufferEXT: attachments was GL_COLOR_EXT
06-28 15:02:32.018 29837 29891 E chromium: [ERROR:gles2_cmd_decoder.cc(3852)] [.ChromiumCompositor-0xacbb2fc0]GL ERROR :GL_INVALID_ENUM : glDiscardFramebufferEXT: attachments was GL_COLOR_EXT
06-28 15:02:33.880 29913 29926 E WPROF   : {"Javascript": {"url": "http://cdn.justuno.com/mwgt_3.6.js", "requestTime": 23230.935320}}
06-28 15:02:34.128 29913 29926 E WPROF   : {"Javascript": {"url": "https://app-sj02.marketo.com/js/forms2/js/forms2.min.js", "requestTime": 23231.183962}}
06-28 15:02:34.163 29837 29891 E chromium: [ERROR:gles2_cmd_decoder.cc(3852)] [.ChromiumCompositor-0xacbb2fc0]GL ERROR :GL_INVALID_ENUM : glDiscardFramebufferEXT: attachments was GL_COLOR_EXT
06-28 15:02:34.588 29837 29891 E chromium: [ERROR:gles2_cmd_decoder.cc(3852)] [.ChromiumCompositor-0xacbb2fc0]GL ERROR :GL_INVALID_ENUM : glDiscardFramebufferEXT: attachments was GL_COLOR_EXT
06-28 15:02:35.342 29837 29891 E chromium: [ERROR:gles2_cmd_decoder.cc(3852)] [.ChromiumCompositor-0xacbb2fc0]GL ERROR :GL_INVALID_ENUM : glDiscardFramebufferEXT: attachments was GL_COLOR_EXT
06-28 15:02:35.510 29913 29926 E WPROF   : {"Javascript": {"url": "https://cdn.syndication.twimg.com/widgets/followbutton/info.json?callback=__twttr.setFollowersCountAndFollowing&lang=en&screen_names=sengineland", "requestTime": 23232.565716}}
06-28 15:02:35.975 29913 29926 E WProf.db: {"page": "searchengineland.com_summer-solstice-2017-google-doodle-marks-longest-day-year-277555"}
06-28 15:02:35.975 29913 29926 E WProf.db: {"DOMLoad": 23233.030627}
06-28 15:02:35.975 29913 29926 E WProf.db: {"Resource": {"id": 1, "url": "http://searchengineland.com/summer-solstice-2017-google-doodle-marks-longest-day-year-277555", "sentTime": -1.000000, "len": 91546, "from": "0x0", "mimeType": "text/html", "contentLength": -1, "httpStatus": 200, "connId": 20, "connReused": 1, "cached": 0,"requestTime": 23218.938395, "proxyStart": -1, "proxyEnd": -1, "dnsStart": -1, "dnsEnd": -1, "connectStart": 0, "connectEnd": 78, "sendStart": 78, "sendEnd": 78, "receiveHeadersEnd": 227, "sslStart": -1, "sslEnd": -1}}
06-28 15:02:35.975 29913 29926 E WProf.db: {"ReceivedChunk": {"receivedTime": 23219.183788, "len": 12573}}
06-28 15:02:35.975 29913 29926 E WProf.db: {"ReceivedChunk": {"receivedTime": 23219.289237, "len": 32768}}
06-28 15:02:35.975 29913 29926 E WProf.db: {"ReceivedChunk": {"receivedTime": 23219.289631, "len": 27801}}
06-28 15:02:35.975 29913 29926 E WProf.db: {"ReceivedChunk": {"receivedTime": 23219.301098, "len": 18404}}
06-28 15:02:35.975 29913 29926 E WProf.db: {"WprofHTMLTag": {"code": "0xaedd7300", "doc": "http://searchengineland.com/summer-solstice-2017-google-doodle-marks-longest-day-year-277555", "row": 6, "column": 42, "tagName": "html", "time": 23219.294362, "url": "", "pos": 1, "chunkLen": 1, "isStartTag": 1}}
06-28 15:02:35.975 29913 29926 E WProf.db: {"WprofHTMLTag": {"code": "0xaf0477c0", "doc": "http://searchengineland.com/summer-solstice-2017-google-doodle-marks-longest-day-year-277555", "row": 7, "column": 6, "tagName": "head", "time": 23219.294937, "url": "", "pos": 1, "chunkLen": 1, "isStartTag": 1}}
06-28 15:02:35.975 29913 29926 E WProf.db: {"WprofHTMLTag": {"code": "0xaf0477f0", "doc": "http://searchengineland.com/summer-solstice-2017-google-doodle-marks-longest-day-year-277555", "row": 8, "column": 54, "tagName": "meta", "time": 23219.294991, "url": "", "pos": 1, "chunkLen": 1, "isStartTag": 1}}
06-28 15:02:35.976 29913 29926 E WProf.db: {"WprofHTMLTag": {"code": "0xaf0478e0", "doc": "http://searchengineland.com/summer-solstice-2017-google-doodle-marks-longest-day-year-277555", "row": 9, "column": 68, "tagName": "meta", "time": 23219.295250, "url": "", "pos": 1, "chunkLen": 1, "isStartTag": 1}}
06-28 15:02:35.976 29913 29926 E WProf.db: {"WprofHTMLTag": {"code": "0xaf047910", "doc": "http://searchengineland.com/summer-solstice-2017-google-doodle-marks-longest-day-year-277555", "row": 10, "column": 23, "tagName": "meta", "time": 23219.295378, "url": "", "pos": 1, "chunkLen": 1, "isStartTag": 1}}
06-28 15:02:35.976 29913 29926 E WProf.db: {"WprofHTMLTag": {"code": "0xaf047940", "doc": "http://searchengineland.com/summer-solstice-2017-google-doodle-marks-longest-day-year-277555", "row": 11, "column": 52, "tagName": "meta", "time": 23219.295535, "url": "", "pos": 1, "chunkLen": 1, "isStartTag": 1}}
06-28 15:02:35.976 29913 29926 E WProf.db: {"WprofHTMLTag": {"code": "0xaf047970", "doc": "http://searchengineland.com/summer-solstice-2017-google-doodle-marks-longest-day-year-277555", "row": 14, "column": 56, "tagName": "meta", "time": 23219.295691, "url": "", "pos": 1, "chunkLen": 1, "isStartTag": 1}}
06-28 15:02:35.976 29913 29926 E WProf.db: {"WprofHTMLTag": {"code": "0xaf0479a0", "doc": "http://searchengineland.com/summer-solstice-2017-google-doodle-marks-longest-day-year-277555", "row": 15, "column": 83, "tagName": "meta", "time": 23219.295827, "url": "", "pos": 1, "chunkLen": 1, "isStartTag": 1}}
06-28 15:02:35.977 29913 29926 E WProf.db: {"WprofHTMLTag": {"code": "0xaf0479d0", "doc": "http://searchengineland.com/summer-solstice-2017-google-doodle-marks-longest-day-year-277555", "row": 16, "column": 57, "tagName": "meta", "time": 23219.295963, "url": "", "pos": 1, "chunkLen": 1, "isStartTag": 1}}
06-28 15:02:35.977 29913 29926 E WProf.db: {"WprofHTMLTag": {"code": "0xaf047a60", "doc": "http://searchengineland.com/summer-solstice-2017-google-doodle-marks-longest-day-year-277555", "row": 17, "column": 41, "tagName": "meta", "time": 23219.296092, "url": "", "pos": 1, "chunkLen": 1, "isStartTag": 1}}
06-28 15:02:35.977 29913 29926 E WProf.db: {"WprofHTMLTag": {"code": "0xaf047a90", "doc": "http://searchengineland.com/summer-solstice-2017-google-doodle-marks-longest-day-year-277555", "row": 18, "column": 50, "tagName": "meta", "time": 23219.296234, "url": "", "pos": 1, "chunkLen": 1, "isStartTag": 1}}
06-28 15:02:35.977 29913 29926 E WProf.db: {"WprofHTMLTag": {"code": "0xaf047ac0", "doc": "http://searchengineland.com/summer-solstice-2017-google-doodle-marks-longest-day-year-277555", "row": 19, "column": 174, "tagName": "meta", "time": 23219.296355, "url": "", "pos": 1, "chunkLen": 1, "isStartTag": 1}}
06-28 15:02:35.977 29913 29926 E WProf.db: {"WprofHTMLTag": {"code": "0xaf047a30", "doc": "http://searchengineland.com/summer-solstice-2017-google-doodle-marks-longest-day-year-277555", "row": 20, "column": 47, "tagName": "meta", "time": 23219.296476, "url": "", "pos": 1, "chunkLen": 1, "isStartTag": 1}}
06-28 15:02:35.977 29913 29926 E WProf.db: {"WprofHTMLTag": {"code": "0xaf047a00", "doc": "http://searchengineland.com/summer-solstice-2017-google-doodle-marks-longest-day-year-277555", "row": 21, "column": 67, "tagName": "meta", "time": 23219.296589, "url": "", "pos": 1, "chunkLen": 1, "isStartTag": 1}}
06-28 15:02:35.977 29913 29926 E WProf.db: {"WprofHTMLTag": {"code": "0xaf047af0", "doc": "http://searchengineland.com/summer-solstice-2017-google-doodle-marks-longest-day-year-277555", "row": 22, "column": 57, "tagName": "meta", "time": 23219.296707, "url": "", "pos": 1, "chunkLen": 1, "isStartTag": 1}}
06-28 15:02:35.977 29913 29926 E WProf.db: {"WprofHTMLTag": {"code": "0xaf047b20", "doc": "http://searchengineland.com/summer-solstice-2017-google-doodle-marks-longest-day-year-277555", "row": 23, "column": 65, "tagName": "meta", "time": 23219.297230, "url": "", "pos": 1, "chunkLen": 1, "isStartTag": 1}}
06-28 15:02:35.977 29913 29926 E WProf.db: {"WprofHTMLTag": {"code": "0xaf047b50", "doc": "http://searchengineland.com/summer-solstice-2017-google-doodle-marks-longest-day-year-277555", "row": 24, "column": 55, "tagName": "meta", "time": 23219.297356, "url": "", "pos": 1, "chunkLen": 1, "isStartTag": 1}}
06-28 15:02:35.977 29913 29926 E WProf.db: {"WprofHTMLTag": {"code": "0xaf047b80", "doc": "http://searchengineland.com/summer-solstice-2017-google-doodle-marks-longest-day-year-277555", "row": 25, "column": 71, "tagName": "meta", "time": 23219.297481, "url": "", "pos": 1, "chunkLen": 1, "isStartTag": 1}}
06-28 15:02:35.977 29913 29926 E WProf.db: {"WprofHTMLTag": {"code": "0xaf047bb0", "doc": "http://searchengineland.com/summer-solstice-2017-google-doodle-marks-longest-day-year-277555", "row": 26, "column": 86, "tagName": "meta", "time": 23219.297593, "url": "", "pos": 1, "chunkLen": 1, "isStartTag": 1}}
06-28 15:02:35.977 29913 29926 E WProf.db: {"WprofHTMLTag": {"code": "0xaf047be0", "doc": "http://searchengineland.com/summer-solstice-2017-google-doodle-marks-longest-day-year-277555", "row": 27, "column": 54, "tagName": "meta", "time": 23219.297705, "url": "", "pos": 1, "chunkLen": 1, "isStartTag": 1}}
06-28 15:02:35.977 29913 29926 E WProf.db: {"WprofHTMLTag": {"code": "0xaf047c10", "doc": "http://searchengineland.com/summer-solstice-2017-google-doodle-marks-longest-day-year-277555", "row": 29, "column": 39, "tagName": "meta", "time": 23219.297828, "url": "", "pos": 1, "chunkLen": 1, "isStartTag": 1}}
06-28 15:02:35.977 29913 29926 E WProf.db: {"WprofHTMLTag": {"code": "0xaf047c40", "doc": "http://searchengineland.com/summer-solstice-2017-google-doodle-marks-longest-day-year-277555", "row": 30, "column": 169, "tagName": "meta", "time": 23219.297955, "url": "", "pos": 1, "chunkLen": 1, "isStartTag": 1}}
06-28 15:02:35.978 29913 29926 E WProf.db: {"WprofHTMLTag": {"code": "0xaf047c70", "doc": "http://searchengineland.com/summer-solstice-2017-google-doodle-marks-longest-day-year-277555", "row": 31, "column": 55, "tagName": "meta", "time": 23219.298072, "url": "", "pos": 1, "chunkLen": 1, "isStartTag": 1}}
06-28 15:02:35.978 29913 29926 E WProf.db: {"WprofHTMLTag": {"code": "0xaf047ca0", "doc": "http://searchengineland.com/summer-solstice-2017-google-doodle-marks-longest-day-year-277555", "row": 32, "column": 54, "tagName": "meta", "time": 23219.298184, "url": "", "pos": 1, "chunkLen": 1, "isStartTag": 1}}
06-28 15:02:35.978 29913 29926 E WProf.db: {"WprofHTMLTag": {"code": "0xaf047cd0", "doc": "http://searchengineland.com/summer-solstice-2017-google-doodle-marks-longest-day-year-277555", "row": 33, "column": 145, "tagName": "meta", "time": 23219.298301, "url": "", "pos": 1, "chunkLen": 1, "isStartTag": 1}}
06-28 15:02:35.978 29913 29926 E WProf.db: {"WprofHTMLTag": {"code": "0xaf047d00", "doc": "http://searchengineland.com/summer-solstice-2017-google-doodle-marks-longest-day-year-277555", "row": 37, "column": 36, "tagName": "script", "time": 23219.298414, "url": "", "pos": 1, "chunkLen": 1, "isStartTag": 1}}
06-28 15:02:35.978 29913 29926 E WProf.db: {"WprofHTMLTag": {"code": "0xaf047d30", "doc": "http://searchengineland.com/summer-solstice-2017-google-doodle-marks-longest-day-year-277555", "row": 53, "column": 10, "tagName": "script", "time": 23219.298702, "url": "", "pos": 1, "chunkLen": 1, "isStartTag": 0}}
06-28 15:02:35.978 29913 29926 E WProf.db: {"WprofHTMLTag": {"code": "0xaedd7630", "doc": "http://searchengineland.com/summer-solstice-2017-google-doodle-marks-longest-day-year-277555", "row": 55, "column": 86, "tagName": "link", "time": 23219.306680, "url": "http://searchengineland.com/apple-touch-icon.png", "pos": 1, "chunkLen": 1, "isStartTag": 1}}
06-28 15:02:35.978 29913 29926 E WProf.db: {"WprofHTMLTag": {"code": "0xaedd7600", "doc": "http://searchengineland.com/summer-solstice-2017-google-doodle-marks-longest-day-year-277555", "row": 56, "column": 76, "tagName": "link", "time": 23219.308158, "url": "http://searchengineland.com/favicon.ico", "pos": 1, "chunkLen": 1, "isStartTag": 1}}
06-28 15:02:35.978 29913 29926 E WProf.db: {"WprofHTMLTag": {"code": "0xaedd75d0", "doc": "http://searchengineland.com/summer-solstice-2017-google-doodle-marks-longest-day-year-277555", "row": 57, "column": 158, "tagName": "link", "time": 23219.309198, "url": "http://feeds.searchengineland.com/searchengineland", "pos": 1, "chunkLen": 1, "isStartTag": 1}}
06-28 15:02:35.978 29913 29926 E WProf.db: {"WprofHTMLTag": {"code": "0xaf047d60", "doc": "http://searchengineland.com/summer-solstice-2017-google-doodle-marks-longest-day-year-277555", "row": 58, "column": 149, "tagName": "link", "time": 23219.311645, "url": "http://feeds.searchengineland.com/searchcap", "pos": 1, "chunkLen": 1, "isStartTag": 1}}
06-28 15:02:35.978 29913 29926 E WProf.db: {"WprofHTMLTag": {"code": "0xaf047d90", "doc": "http://searchengineland.com/summer-solstice-2017-google-doodle-marks-longest-day-year-277555", "row": 59, "column": 150, "tagName": "link", "time": 23219.312154, "url": "http://searchengineland.com/figz/wp-content/themes/searchengineland/css/searchengineland-bootstrap.css", "pos": 1, "chunkLen": 1, "isStartTag": 1}}
06-28 15:02:35.978 29913 29926 E WProf.db: {"WprofHTMLTag": {"code": "0xaf047df0", "doc": "http://searchengineland.com/summer-solstice-2017-google-doodle-marks-longest-day-year-277555", "row": 60, "column": 105, "tagName": "link", "time": 23219.312917, "url": "http://fonts.googleapis.com/css?family=Oswald:300,400,700", "pos": 1, "chunkLen": 1, "isStartTag": 1}}
06-28 15:02:35.978 29913 29926 E WProf.db: {"WprofHTMLTag": {"code": "0xaf047e50", "doc": "http://searchengineland.com/summer-solstice-2017-google-doodle-marks-longest-day-year-277555", "row": 61, "column": 125, "tagName": "link", "time": 23219.316395, "url": "http://searchengineland.com/figz/wp-content/themes/searchengineland/style.css", "pos": 1, "chunkLen": 1, "isStartTag": 1}}
06-28 15:02:35.978 29913 29926 E WProf.db: {"WprofHTMLTag": {"code": "0xaf047eb0", "doc": "http://searchengineland.com/summer-solstice-2017-google-doodle-marks-longest-day-year-277555", "row": 65, "column": 7, "tagName": "title", "time": 23219.318502, "url": "", "pos": 1, "chunkLen": 1, "isStartTag": 1}}
06-28 15:02:35.979 29913 29926 E WProf.db: {"WprofHTMLTag": {"code": "0xaf047ee0", "doc": "http://searchengineland.com/summer-solstice-2017-google-doodle-marks-longest-day-year-277555", "row": 65, "column": 83, "tagName": "title", "time": 23219.319045, "url": "", "pos": 1, "chunkLen": 1, "isStartTag": 0}}
06-28 15:02:35.979 29913 29926 E WProf.db: {"WprofHTMLTag": {"code": "0xaf047f10", "doc": "http://searchengineland.com/summer-solstice-2017-google-doodle-marks-longest-day-year-277555", "row": 66, "column": 171, "tagName": "meta", "time": 23219.319084, "url": "", "pos": 1, "chunkLen": 1, "isStartTag": 1}}
06-28 15:02:35.979 29913 29926 E WProf.db: {"WprofHTMLTag": {"code": "0xaf047f40", "doc": "http://searchengineland.com/summer-solstice-2017-google-doodle-marks-longest-day-year-277555", "row": 67, "column": 40, "tagName": "meta", "time": 23219.319357, "url": "", "pos": 1, "chunkLen": 1, "isStartTag": 1}}
06-28 15:02:35.979 29913 29926 E WProf.db: {"WprofHTMLTag": {"code": "0xaf047f70", "doc": "http://searchengineland.com/summer-solstice-2017-google-doodle-marks-longest-day-year-277555", "row": 68, "column": 134, "tagName": "meta", "time": 23219.319543, "url": "", "pos": 1, "chunkLen": 1, "isStartTag": 1}}
06-28 15:02:35.979 29913 29926 E WProf.db: {"WprofHTMLTag": {"code": "0xaf047fa0", "doc": "http://searchengineland.com/summer-solstice-2017-google-doodle-marks-longest-day-year-277555", "row": 69, "column": 37, "tagName": "meta", "time": 23219.319928, "url": "", "pos": 1, "chunkLen": 1, "isStartTag": 1}}
06-28 15:02:35.979 29913 29926 E WProf.db: {"WprofHTMLTag": {"code": "0xaf047fd0", "doc": "http://searchengineland.com/summer-solstice-2017-google-doodle-marks-longest-day-year-277555", "row": 70, "column": 124, "tagName": "link", "time": 23219.320233, "url": "http://searchengineland.com/summer-solstice-2017-google-doodle-marks-longest-day-year-277555", "pos": 1, "chunkLen": 1, "isStartTag": 1}}
06-28 15:02:35.979 29913 29926 E WProf.db: {"WprofHTMLTag": {"code": "0xb4cc74b0", "doc": "http://searchengineland.com/summer-solstice-2017-google-doodle-marks-longest-day-year-277555", "row": 71, "column": 76, "tagName": "link", "time": 23219.321117, "url": "https://plus.google.com/103218677032751327334", "pos": 1, "chunkLen": 1, "isStartTag": 1}}
06-28 15:02:35.979 29913 29926 E WProf.db: {"WprofHTMLTag": {"code": "0xb4cc7540", "doc": "http://searchengineland.com/summer-solstice-2017-google-doodle-marks-longest-day-year-277555", "row": 72, "column": 45, "tagName": "meta", "time": 23219.321479, "url": "", "pos": 1, "chunkLen": 1, "isStartTag": 1}}
06-28 15:02:35.979 29913 29926 E WProf.db: {"WprofHTMLTag": {"code": "0xb4cc78a0", "doc": "http://searchengineland.com/summer-solstice-2017-google-doodle-marks-longest-day-year-277555", "row": 73, "column": 45, "tagName": "meta", "time": 23219.321703, "url": "", "pos": 1, "chunkLen": 1, "isStartTag": 1}}
06-28 15:02:35.979 29913 29926 E WProf.db: {"WprofHTMLTag": {"code": "0xb4cc78d0", "doc": "http://searchengineland.com/summer-solstice-2017-google-doodle-marks-longest-day-year-277555", "row": 74, "column": 107, "tagName": "meta", "time": 23219.321905, "url": "", "pos": 1, "chunkLen": 1, "isStartTag": 1}}
06-28 15:02:35.979 29913 29926 E WProf.db: {"WprofHTMLTag": {"code": "0xb4cc7900", "doc": "http://searchengineland.com/summer-solstice-2017-google-doodle-marks-longest-day-year-277555", "row": 75, "column": 179, "tagName": "meta", "time": 23219.322109, "url": "", "pos": 1, "chunkLen": 1, "isStartTag": 1}}
06-28 15:02:35.979 29913 29926 E WProf.db: {"WprofHTMLTag": {"code": "0xb4cc7930", "doc": "http://searchengineland.com/summer-solstice-2017-google-doodle-marks-longest-day-year-277555", "row": 76, "column": 129, "tagName": "meta", "time": 23219.322299, "url": "", "pos": 1, "chunkLen": 1, "isStartTag": 1}}
06-28 15:02:35.980 29913 29926 E WProf.db: {"WprofHTMLTag": {"code": "0xb4cc7960", "doc": "http://searchengineland.com/summer-solstice-2017-google-doodle-marks-longest-day-year-277555", "row": 77, "column": 61, "tagName": "meta", "time": 23219.322565, "url": "", "pos": 1, "chunkLen": 1, "isStartTag": 1}}
06-28 15:02:35.980 29913 29926 E WProf.db: {"WprofHTMLTag": {"code": "0xb4cc7990", "doc": "http://searchengineland.com/summer-solstice-2017-google-doodle-marks-longest-day-year-277555", "row": 78, "column": 89, "tagName": "meta", "time": 23219.322754, "url": "", "pos": 1, "chunkLen": 1, "isStartTag": 1}}
06-28 15:02:35.980 29913 29926 E WProf.db: {"WprofHTMLTag": {"code": "0xb4cc79c0", "doc": "http://searchengineland.com/summer-solstice-2017-google-doodle-marks-longest-day-year-277555", "row": 79, "column": 63, "tagName": "meta", "time": 23219.325077, "url": "", "pos": 1, "chunkLen": 1, "isStartTag": 1}}
06-28 15:02:35.980 29913 29926 E WProf.db: {"WprofHTMLTag": {"code": "0xb4cc79f0", "doc": "http://searchengineland.com/summer-solstice-2017-google-doodle-marks-longest-day-year-277555", "row": 80, "column": 78, "tagName": "meta", "time": 23219.326357, "url": "", "pos": 1, "chunkLen": 1, "isStartTag": 1}}
06-28 15:02:35.980 29913 29926 E WProf.db: {"WprofHTMLTag": {"code": "0xb4cc7a20", "doc": "http://searchengineland.com/summer-solstice-2017-google-doodle-marks-longest-day-year-277555", "row": 81, "column": 139, "tagName": "meta", "time": 23219.326673, "url": "", "pos": 1, "chunkLen": 1, "isStartTag": 1}}
06-28 15:02:35.980 29913 29926 E WProf.db: {"WprofHTMLTag": {"code": "0xb4cc7a50", "doc": "http://searchengineland.com/summer-solstice-2017-google-doodle-marks-longest-day-year-277555", "row": 82, "column": 49, "tagName": "meta", "time": 23219.327212, "url": "", "pos": 1, "chunkLen": 1, "isStartTag": 1}}
06-28 15:02:35.980 29913 29926 E WProf.db: {"WprofHTMLTag": {"code": "0xb4cc7a80", "doc": "http://searchengineland.com/summer-solstice-2017-google-doodle-marks-longest-day-year-277555", "row": 83, "column": 50, "tagName": "meta", "time": 23219.327393, "url": "", "pos": 1, "chunkLen": 1, "isStartTag": 1}}
06-28 15:02:35.980 29913 29926 E WProf.db: {"WprofHTMLTag": {"code": "0xb4cc7ab0", "doc": "http://searchengineland.com/summer-solstice-2017-google-doodle-marks-longest-day-year-277555", "row": 84, "column": 58, "tagName": "meta", "time": 23219.327624, "url": "", "pos": 1, "chunkLen": 1, "isStartTag": 1}}
06-28 15:02:35.980 29913 29926 E WProf.db: {"WprofHTMLTag": {"code": "0xb4cc7ae0", "doc": "http://searchengineland.com/summer-solstice-2017-google-doodle-marks-longest-day-year-277555", "row": 85, "column": 180, "tagName": "meta", "time": 23219.327821, "url": "", "pos": 1, "chunkLen": 1, "isStartTag": 1}}
06-28 15:02:35.980 29913 29926 E WProf.db: {"WprofHTMLTag": {"code": "0xb4cc7b10", "doc": "http://searchengineland.com/summer-solstice-2017-google-doodle-marks-longest-day-year-277555", "row": 86, "column": 108, "tagName": "meta", "time": 23219.328059, "url": "", "pos": 1, "chunkLen": 1, "isStartTag": 1}}
06-28 15:02:35.980 29913 29926 E WProf.db: {"WprofHTMLTag": {"code": "0xb4cc7b40", "doc": "http://searchengineland.com/summer-solstice-2017-google-doodle-marks-longest-day-year-277555", "row": 87, "column": 51, "tagName": "meta", "time": 23219.328637, "url": "", "pos": 1, "chunkLen": 1, "isStartTag": 1}}
06-28 15:02:35.981 29913 29926 E WProf.db: {"WprofHTMLTag": {"code": "0xb4cc7b70", "doc": "http://searchengineland.com/summer-solstice-2017-google-doodle-marks-longest-day-year-277555", "row": 88, "column": 140, "tagName": "meta", "time": 23219.328789, "url": "", "pos": 1, "chunkLen": 1, "isStartTag": 1}}
06-28 15:02:35.981 29913 29926 E WProf.db: {"WprofHTMLTag": {"code": "0xb4cc7ba0", "doc": "http://searchengineland.com/summer-solstice-2017-google-doodle-marks-longest-day-year-277555", "row": 89, "column": 55, "tagName": "meta", "time": 23219.329001, "url": "", "pos": 1, "chunkLen": 1, "isStartTag": 1}}
06-28 15:02:35.981 29913 29926 E WProf.db: {"WprofHTMLTag": {"code": "0xb4cc7bd0", "doc": "http://searchengineland.com/summer-solstice-2017-google-doodle-marks-longest-day-year-277555", "row": 92, "column": 44, "tagName": "link", "time": 23219.329157, "url": "http://s.w.org/", "pos": 1, "chunkLen": 1, "isStartTag": 1}}
06-28 15:02:35.981 29913 29926 E WProf.db: {"WprofHTMLTag": {"code": "0xb4cc7c00", "doc": "http://searchengineland.com/summer-solstice-2017-google-doodle-marks-longest-day-year-277555", "row": 93, "column": 33, "tagName": "script", "time": 23219.329467, "url": "", "pos": 1, "chunkLen": 1, "isStartTag": 1}}
06-28 15:02:35.981 29913 29926 E WProf.db: {"WprofHTMLTag": {"code": "0xb4cc7c30", "doc": "http://searchengineland.com/summer-solstice-2017-google-doodle-marks-longest-day-year-277555", "row": 96, "column": 11, "tagName": "script", "time": 23219.329728, "url": "http://searchengineland.com/figz/wp-includes/js/wp-emoji-release.min.js?ver=4.7.5", "pos": 1, "chunkLen": 1, "isStartTag": 0}}
06-28 15:02:35.981 29913 29926 E WProf.db: {"WprofHTMLTag": {"code": "0xaec5f990", "doc": "http://searchengineland.com/summer-solstice-2017-google-doodle-marks-longest-day-year-277555", "row": 97, "column": 25, "tagName": "style", "time": 23219.813208, "url": "", "pos": 1, "chunkLen": 1, "isStartTag": 1}}
06-28 15:02:35.981 29913 29926 E WProf.db: {"WprofHTMLTag": {"code": "0xaec5f9c0", "doc": "http://searchengineland.com/summer-solstice-2017-google-doodle-marks-longest-day-year-277555", "row": 110, "column": 8, "tagName": "style", "time": 23219.813422, "url": "", "pos": 1, "chunkLen": 1, "isStartTag": 0}}
06-28 15:02:35.981 29913 29926 E WProf.db: {"WprofHTMLTag": {"code": "0xaec5f9f0", "doc": "http://searchengineland.com/summer-solstice-2017-google-doodle-marks-longest-day-year-277555", "row": 111, "column": 140, "tagName": "script", "time": 23219.815439, "url": "http://searchengineland.com/figz/wp-content/themes/searchengineland/js/lib/modernizr.custom.js?ver=1.0", "pos": 1, "chunkLen": 1, "isStartTag": 1}}
06-28 15:02:35.981 29913 29926 E WProf.db: {"WprofHTMLTag": {"code": "0xaec5fa20", "doc": "http://searchengineland.com/summer-solstice-2017-google-doodle-marks-longest-day-year-277555", "row": 111, "column": 149, "tagName": "script", "time": 23219.815781, "url": "", "pos": 1, "chunkLen": 1, "isStartTag": 0}}
06-28 15:02:35.981 29913 29926 E WProf.db: {"WprofHTMLTag": {"code": "0xaedd7a50", "doc": "http://searchengineland.com/summer-solstice-2017-google-doodle-marks-longest-day-year-277555", "row": 112, "column": 144, "tagName": "script", "time": 23219.824400, "url": "http://searchengineland.com/figz/wp-content/themes/searchengineland/js/lib/jquery-1.11.0.min.js?ver=1.11.0", "pos": 1, "chunkLen": 1, "isStartTag": 1}}
06-28 15:02:35.981 29913 29926 E WProf.db: {"WprofHTMLTag": {"code": "0xaec5fa80", "doc": "http://searchengineland.com/summer-solstice-2017-google-doodle-marks-longest-day-year-277555", "row": 112, "column": 153, "tagName": "script", "time": 23219.824642, "url": "", "pos": 1, "chunkLen": 1, "isStartTag": 0}}
06-28 15:02:35.981 29913 29926 E WProf.db: {"WprofHTMLTag": {"code": "0xaedd7e10", "doc": "http://searchengineland.com/summer-solstice-2017-google-doodle-marks-longest-day-year-277555", "row": 0, "column": 15, "tagName": "div", "time": 23219.891104, "url": "", "pos": 15, "chunkLen": 44, "isStartTag": 1}}
06-28 15:02:35.981 29913 29926 E WProf.db: {"WprofHTMLTag": {"code": "0xaedd7de0", "doc": "http://searchengineland.com/summer-solstice-2017-google-doodle-marks-longest-day-year-277555", "row": 0, "column": 21, "tagName": "div", "time": 23219.891235, "url": "", "pos": 21, "chunkLen": 44, "isStartTag": 0}}
06-28 15:02:35.982 29913 29926 E WProf.db: {"WprofHTMLTag": {"code": "0xaedd7db0", "doc": "http://searchengineland.com/summer-solstice-2017-google-doodle-marks-longest-day-year-277555", "row": 0, "column": 38, "tagName": "div", "time": 23219.891295, "url": "", "pos": 38, "chunkLen": 44, "isStartTag": 1}}
06-28 15:02:35.982 29913 29926 E WProf.db: {"WprofHTMLTag": {"code": "0xaedd7ba0", "doc": "http://searchengineland.com/summer-solstice-2017-google-doodle-marks-longest-day-year-277555", "row": 0, "column": 44, "tagName": "div", "time": 23219.891408, "url": "", "pos": 44, "chunkLen": 44, "isStartTag": 0}}
06-28 15:02:35.982 29913 29926 E WProf.db: {"WprofHTMLTag": {"code": "0xaedd7d80", "doc": "http://searchengineland.com/summer-solstice-2017-google-doodle-marks-longest-day-year-277555", "row": 0, "column": 13, "tagName": "select", "time": 23219.892698, "url": "", "pos": 13, "chunkLen": 51, "isStartTag": 1}}
06-28 15:02:35.982 29913 29926 E WProf.db: {"WprofHTMLTag": {"code": "0xaedd7d20", "doc": "http://searchengineland.com/summer-solstice-2017-google-doodle-marks-longest-day-year-277555", "row": 0, "column": 33, "tagName": "option", "time": 23219.892868, "url": "", "pos": 33, "chunkLen": 51, "isStartTag": 1}}
06-28 15:02:35.982 29913 29926 E WProf.db: {"WprofHTMLTag": {"code": "0xaec5fae0", "doc": "http://searchengineland.com/summer-solstice-2017-google-doodle-marks-longest-day-year-277555", "row": 0, "column": 42, "tagName": "option", "time": 23219.893041, "url": "", "pos": 42, "chunkLen": 51, "isStartTag": 0}}
06-28 15:02:35.982 29913 29926 E WProf.db: {"WprofHTMLTag": {"code": "0xaec5fb10", "doc": "http://searchengineland.com/summer-solstice-2017-google-doodle-marks-longest-day-year-277555", "row": 0, "column": 51, "tagName": "select", "time": 23219.893094, "url": "", "pos": 51, "chunkLen": 51, "isStartTag": 0}}
06-28 15:02:35.982 29913 29926 E WProf.db: {"WprofHTMLTag": {"code": "0xaec5fb40", "doc": "http://searchengineland.com/summer-solstice-2017-google-doodle-marks-longest-day-year-277555", "row": 0, "column": 12, "tagName": "a", "time": 23219.898070, "url": "", "pos": 12, "chunkLen": 16, "isStartTag": 1}}
06-28 15:02:35.982 29913 29926 E WProf.db: {"WprofHTMLTag": {"code": "0xaec5fb70", "doc": "http://searchengineland.com/summer-solstice-2017-google-doodle-marks-longest-day-year-277555", "row": 0, "column": 16, "tagName": "a", "time": 23219.898228, "url": "", "pos": 16, "chunkLen": 16, "isStartTag": 0}}
06-28 15:02:35.982 29913 29926 E WProf.db: {"WprofHTMLTag": {"code": "0xaec5fba0", "doc": "http://searchengineland.com/summer-solstice-2017-google-doodle-marks-longest-day-year-277555", "row": 0, "column": 8, "tagName": "input", "time": 23219.899216, "url": "", "pos": 8, "chunkLen": 8, "isStartTag": 1}}
06-28 15:02:35.982 29913 29926 E WProf.db: {"WprofHTMLTag": {"code": "0xaec5fbd0", "doc": "http://searchengineland.com/summer-solstice-2017-google-doodle-marks-longest-day-year-277555", "row": 0, "column": 9, "tagName": "link", "time": 23219.907605, "url": "", "pos": 9, "chunkLen": 42, "isStartTag": 1}}
06-28 15:02:35.982 29913 29926 E WProf.db: {"WprofHTMLTag": {"code": "0xaec5fc00", "doc": "http://searchengineland.com/summer-solstice-2017-google-doodle-marks-longest-day-year-277555", "row": 0, "column": 16, "tagName": "table", "time": 23219.907711, "url": "", "pos": 16, "chunkLen": 42, "isStartTag": 1}}
06-28 15:02:35.983 29913 29926 E WProf.db: {"WprofHTMLTag": {"code": "0xaec5fc30", "doc": "http://searchengineland.com/summer-solstice-2017-google-doodle-marks-longest-day-year-277555", "row": 0, "column": 24, "tagName": "table", "time": 23219.907820, "url": "", "pos": 24, "chunkLen": 42, "isStartTag": 0}}
06-28 15:02:35.983 29913 29926 E WProf.db: {"WprofHTMLTag": {"code": "0xaec5fc60", "doc": "http://searchengineland.com/summer-solstice-2017-google-doodle-marks-longest-day-year-277555", "row": 0, "column": 37, "tagName": "a", "time": 23219.907885, "url": "", "pos": 37, "chunkLen": 42, "isStartTag": 1}}
06-28 15:02:35.983 29913 29926 E WProf.db: {"WprofHTMLTag": {"code": "0xaec5fc90", "doc": "http://searchengineland.com/summer-solstice-2017-google-doodle-marks-longest-day-year-277555", "row": 0, "column": 42, "tagName": "a", "time": 23219.908054, "url": "", "pos": 42, "chunkLen": 42, "isStartTag": 0}}
06-28 15:02:35.983 29913 29926 E WProf.db: {"WprofHTMLTag": {"code": "0xaec5fd20", "doc": "http://searchengineland.com/summer-solstice-2017-google-doodle-marks-longest-day-year-277555", "row": 0, "column": 10, "tagName": "textarea", "time": 23219.909130, "url": "", "pos": 10, "chunkLen": 22, "isStartTag": 1}}
06-28 15:02:35.983 29913 29926 E WProf.db: {"WprofHTMLTag": {"code": "0xaec5fd50", "doc": "http://searchengineland.com/summer-solstice-2017-google-doodle-marks-longest-day-year-277555", "row": 0, "column": 22, "tagName": "textarea", "time": 23219.909330, "url": "", "pos": 22, "chunkLen": 22, "isStartTag": 0}}
06-28 15:02:35.983 29913 29926 E WProf.db: {"WprofHTMLTag": {"code": "0xaec5fd80", "doc": "http://searchengineland.com/summer-solstice-2017-google-doodle-marks-longest-day-year-277555", "row": 0, "column": 48, "tagName": "input", "time": 23219.910483, "url": "", "pos": 48, "chunkLen": 48, "isStartTag": 1}}
06-28 15:02:35.983 29913 29926 E WProf.db: {"WprofHTMLTag": {"code": "0xaec5fde0", "doc": "http://searchengineland.com/summer-solstice-2017-google-doodle-marks-longest-day-year-277555", "row": 0, "column": 9, "tagName": "link", "time": 23219.915372, "url": "", "pos": 9, "chunkLen": 66, "isStartTag": 1}}
06-28 15:02:35.983 29913 29926 E WProf.db: {"WprofHTMLTag": {"code": "0xaec5fe10", "doc": "http://searchengineland.com/summer-solstice-2017-google-doodle-marks-longest-day-year-277555", "row": 0, "column": 16, "tagName": "table", "time": 23219.915506, "url": "", "pos": 16, "chunkLen": 66, "isStartTag": 1}}
06-28 15:02:35.983 29913 29926 E WProf.db: {"WprofHTMLTag": {"code": "0xaec5fe40", "doc": "http://searchengineland.com/summer-solstice-2017-google-doodle-marks-longest-day-year-277555", "row": 0, "column": 24, "tagName": "table", "time": 23219.915578, "url": "", "pos": 24, "chunkLen": 66, "isStartTag": 0}}
06-28 15:02:35.983 29913 29926 E WProf.db: {"WprofHTMLTag": {"code": "0xaec5fe70", "doc": "http://searchengineland.com/summer-solstice-2017-google-doodle-marks-longest-day-year-277555", "row": 0, "column": 37, "tagName": "a", "time": 23219.915644, "url": "", "pos": 37, "chunkLen": 66, "isStartTag": 1}}
06-28 15:02:35.984 29913 29926 E WProf.db: {"WprofHTMLTag": {"code": "0xaec5fea0", "doc": "http://searchengineland.com/summer-solstice-2017-google-doodle-marks-longest-day-year-277555", "row": 0, "column": 42, "tagName": "a", "time": 23219.915824, "url": "", "pos": 42, "chunkLen": 66, "isStartTag": 0}}
06-28 15:02:35.984 29913 29926 E WProf.db: {"WprofHTMLTag": {"code": "0xaec5fed0", "doc": "http://searchengineland.com/summer-solstice-2017-google-doodle-marks-longest-day-year-277555", "row": 0, "column": 66, "tagName": "input", "time": 23219.915886, "url": "", "pos": 66, "chunkLen": 66, "isStartTag": 1}}
06-28 15:02:35.984 29913 29926 E WProf.db: {"WprofHTMLTag": {"code": "0xaec5ff60", "doc": "http://searchengineland.com/summer-solstice-2017-google-doodle-marks-longest-day-year-277555", "row": 0, "column": 9, "tagName": "link", "time": 23219.917579, "url": "", "pos": 9, "chunkLen": 66, "isStartTag": 1}}
06-28 15:02:35.984 29913 29926 E WProf.db: {"WprofHTMLTag": {"code": "0xaec5ff90", "doc": "http://searchengineland.com/summer-solstice-2017-google-doodle-marks-longest-day-year-277555", "row": 0, "column": 16, "tagName": "table", "time": 23219.917679, "url": "", "pos": 16, "chunkLen": 66, "isStartTag": 1}}
06-28 15:02:35.984 29913 29926 E WProf.db: {"WprofHTMLTag": {"code": "0xaec5ffc0", "doc": "http://searchengineland.com/summer-solstice-2017-google-doodle-marks-longest-day-year-277555", "row": 0, "column": 24, "tagName": "table", "time": 23219.917742, "url": "", "pos": 24, "chunkLen": 66, "isStartTag": 0}}
06-28 15:02:35.984 29913 29926 E WProf.db: {"WprofHTMLTag": {"code": "0xaec5fff0", "doc": "http://searchengineland.com/summer-solstice-2017-google-doodle-marks-longest-day-year-277555", "row": 0, "column": 37, "tagName": "a", "time": 23219.917801, "url": "", "pos": 37, "chunkLen": 66, "isStartTag": 1}}
06-28 15:02:35.984 29913 29926 E WProf.db: {"WprofHTMLTag": {"code": "0xaec60020", "doc": "http://searchengineland.com/summer-solstice-2017-google-doodle-marks-longest-day-year-277555", "row": 0, "column": 42, "tagName": "a", "time": 23219.917964, "url": "", "pos": 42, "chunkLen": 66, "isStartTag": 0}}
06-28 15:02:35.984 29913 29926 E WProf.db: {"WprofHTMLTag": {"code": "0xaec60050", "doc": "http://searchengineland.com/summer-solstice-2017-google-doodle-marks-longest-day-year-277555", "row": 0, "column": 66, "tagName": "input", "time": 23219.918025, "url": "", "pos": 66, "chunkLen": 66, "isStartTag": 1}}
06-28 15:02:35.984 29913 29926 E WProf.db: {"WprofHTMLTag": {"code": "0xaec600b0", "doc": "http://searchengineland.com/summer-solstice-2017-google-doodle-marks-longest-day-year-277555", "row": 0, "column": 9, "tagName": "link", "time": 23219.922222, "url": "", "pos": 9, "chunkLen": 66, "isStartTag": 1}}
