--------- beginning of main
--------- beginning of system
06-28 15:12:45.289  3449  3449 E Finsky  : [1] com.google.android.finsky.wear.bl.a(3): onConnectionFailed: ConnectionResult{statusCode=API_UNAVAILABLE, resolution=null, message=null}
06-28 15:12:46.440  1021  1021 E chromium: [ERROR:shell_integration_android.cc(12)] Not implemented reached in static ShellIntegration::DefaultWebClientSetPermission ShellIntegration::CanSetAsDefaultBrowser()
06-28 15:12:46.443  1021  1021 E chromium: [ERROR:browser_process_impl.cc(720)] Not implemented reached in virtual BackgroundModeManager* BrowserProcessImpl::background_mode_manager()
06-28 15:12:46.707  3218   781 E AudioRecord-JNI: Error -4 during AudioRecord native read
06-28 15:12:49.147  1021  1070 E chromium: [ERROR:gles2_cmd_decoder.cc(3852)] [.ChromiumCompositor-0xacbb2fc0]GL ERROR :GL_INVALID_ENUM : glDiscardFramebufferEXT: attachments was GL_COLOR_EXT
06-28 15:12:49.476  1090  1105 E WPROF   : {"CSS": {"url": "http://searchengineland.com/figz/wp-content/themes/searchengineland/css/searchengineland-bootstrap.css", "requestTime": 23846.531573}}
06-28 15:12:49.477  1090  1105 E WPROF   : {"CSS": {"url": "http://fonts.googleapis.com/css?family=Oswald:300,400,700", "requestTime": 23846.532484}}
06-28 15:12:49.478  1090  1105 E WPROF   : {"CSS": {"url": "http://searchengineland.com/figz/wp-content/themes/searchengineland/style.css", "requestTime": 23846.533407}}
06-28 15:12:49.489  1090  1105 E WPROF   : {"Javascript": {"url": "http://searchengineland.com/figz/wp-content/themes/searchengineland/js/lib/modernizr.custom.js?ver=1.0", "requestTime": 23846.544861}}
06-28 15:12:49.490  1090  1105 E WPROF   : {"Javascript": {"url": "http://searchengineland.com/figz/wp-content/themes/searchengineland/js/lib/jquery-1.11.0.min.js?ver=1.11.0", "requestTime": 23846.545640}}
06-28 15:12:49.491  1090  1105 E WPROF   : {"Javascript": {"url": "http://searchengineland.com/figz/wp-content/themes/searchengineland/js/lib/jquery-ui-1.10.3.custom.min.js?ver=1.10.3", "requestTime": 23846.546217}}
06-28 15:12:49.491  1090  1105 E WPROF   : {"Javascript": {"url": "http://searchengineland.com/figz/wp-content/themes/searchengineland/js/lib/jquery.ba-throttle-debounce.min.js?ver=1.1", "requestTime": 23846.546757}}
06-28 15:12:49.492  1090  1105 E WPROF   : {"Javascript": {"url": "http://searchengineland.com/figz/wp-content/themes/searchengineland/js/lib/jquery.countdown.min.js?ver=2.0.4", "requestTime": 23846.547296}}
06-28 15:12:49.492  1090  1105 E WPROF   : {"Javascript": {"url": "http://static.chartbeat.com/js/chartbeat_mab.js", "requestTime": 23846.547888}}
06-28 15:12:49.893  1090  1105 E WPROF   : {"Javascript": {"url": "http://searchengineland.com/figz/wp-includes/js/wp-emoji-release.min.js?ver=4.7.5", "requestTime": 23846.948663}}
06-28 15:12:50.389  1090  1105 E WPROF   : {"Javascript": {"url": "http://www.googletagservices.com/tag/js/gpt.js", "requestTime": 23847.444379}}
06-28 15:12:50.398  1090  1105 E WPROF   : {"Javascript": {"url": "https://www.google-analytics.com/analytics.js", "requestTime": 23847.453369}}
06-28 15:12:50.402  1090  1105 E WPROF   : {"Javascript": {"url": "http://edge.quantserve.com/quant.js", "requestTime": 23847.457912}}
06-28 15:12:50.405  1090  1105 E WPROF   : {"Javascript": {"url": "https://connect.facebook.net/en_US/fbevents.js", "requestTime": 23847.461043}}
06-28 15:12:50.488  1090  1105 E WPROF   : {"Javascript": {"url": "http://app-sj02.marketo.com/js/forms2/js/forms2.min.js", "requestTime": 23847.544009}}
06-28 15:12:50.536  1021  1070 E chromium: [ERROR:gles2_cmd_decoder.cc(3852)] [.ChromiumCompositor-0xacbb2fc0]GL ERROR :GL_INVALID_ENUM : glDiscardFramebufferEXT: attachments was GL_COLOR_EXT
06-28 15:12:50.584  1021  1070 E chromium: [ERROR:gles2_cmd_decoder.cc(3852)] [.ChromiumCompositor-0xacbb2fc0]GL ERROR :GL_INVALID_ENUM : glDiscardFramebufferEXT: attachments was GL_COLOR_EXT
06-28 15:12:50.794  1090  1105 E WPROF   : {"Javascript": {"url": "http://app-sj02.marketo.com/index.php/form/getForm?munchkinId=727-ZQE-044&form=5691&url=http%3A%2F%2Fsearchengineland.com%2Fthe-search-engine-land-app-now-live-for-ios-android-229749&callback=jQuery1102009401547559536994_1498630370722&_=1498630370723", "requestTime": 23847.850196}}
06-28 15:12:50.812  1090  1105 E WPROF   : {"Javascript": {"url": "http://app-sj02.marketo.com/index.php/form/getForm?munchkinId=727-ZQE-044&form=5685&url=http%3A%2F%2Fsearchengineland.com%2Fthe-search-engine-land-app-now-live-for-ios-android-229749&callback=jQuery1102009401547559536994_1498630370724&_=1498630370725", "requestTime": 23847.867964}}
06-28 15:12:50.871  1090  1105 E WPROF   : {"Javascript": {"url": "https://connect.facebook.net/signals/config/423979991297359?v=2.7.17", "requestTime": 23847.926851}}
06-28 15:12:50.876  1090  1105 E WPROF   : {"Javascript": {"url": "https://securepubads.g.doubleclick.net/gpt/pubads_impl_121.js", "requestTime": 23847.931442}}
06-28 15:12:51.079  1021  1070 E chromium: [ERROR:gles2_cmd_decoder.cc(3852)] [.ChromiumCompositor-0xacbb2fc0]GL ERROR :GL_INVALID_ENUM : glDiscardFramebufferEXT: attachments was GL_COLOR_EXT
06-28 15:12:51.083  1090  1105 E WPROF   : {"Javascript": {"url": "http://app-sj02.marketo.com/index.php/form/getForm?munchkinId=727-ZQE-044&form=5673&url=http%3A%2F%2Fsearchengineland.com%2Fthe-search-engine-land-app-now-live-for-ios-android-229749&callback=jQuery1102009401547559536994_1498630370726&_=1498630370727", "requestTime": 23848.138426}}
06-28 15:12:51.090  1090  1105 E WPROF   : {"Javascript": {"url": "http://searchengineland.com/js/ga_social_tracking.js", "requestTime": 23848.146189}}
06-28 15:12:51.095  1090  1105 E WPROF   : {"Javascript": {"url": "http://s7.addthis.com/js/300/addthis_widget.js#pubid=ra-53e918f660794f37", "requestTime": 23848.150948}}
06-28 15:12:51.547  1090  1105 E WPROF   : {"Javascript": {"url": "http://cdn.api.twitter.com/1/users/show.json?screen_name=sengineland&callback=twttr.setFollowersCount", "requestTime": 23848.602503}}
06-28 15:12:51.683  1021  1070 E chromium: [ERROR:gles2_cmd_decoder.cc(3852)] [.ChromiumCompositor-0xacbb2fc0]GL ERROR :GL_INVALID_ENUM : glDiscardFramebufferEXT: attachments was GL_COLOR_EXT
06-28 15:12:51.702  1090  1105 E WPROF   : {"CSS": {"url": "http://app-sj02.marketo.com/js/forms2/css/forms2.css", "requestTime": 23848.757496}}
06-28 15:12:51.705  1090  1105 E WPROF   : {"CSS": {"url": "http://app-sj02.marketo.com/js/forms2/css/forms2-theme-simple.css", "requestTime": 23848.760863}}
06-28 15:12:51.940   862  1657 E LocSvc_IzatApiV02: E/virtual int izat_core::IzatApiV02::getBatchSize(int32_t):522]: Error : st = 4, ind.status = -1628389555
06-28 15:12:51.940   862  1657 E LocSvc_IzatApiV02: E/virtual int izat_core::IzatApiV02::getBatchSize(int32_t):535]: get batching size failed.Or modem does not support batching 
06-28 15:12:51.955   862  1657 E LocSvc_IzatApiV02: E/virtual int izat_core::IzatApiV02::getBatchSize(int32_t):522]: Error : st = 4, ind.status = -1628389555
06-28 15:12:51.955   862  1657 E LocSvc_IzatApiV02: E/virtual int izat_core::IzatApiV02::getBatchSize(int32_t):535]: get batching size failed.Or modem does not support batching 
06-28 15:12:51.986   862  1657 E LocSvc_IzatApiV02: E/virtual int izat_core::IzatApiV02::getBatchSize(int32_t):522]: Error : st = 4, ind.status = -1628389555
06-28 15:12:51.986   862  1657 E LocSvc_IzatApiV02: E/virtual int izat_core::IzatApiV02::getBatchSize(int32_t):535]: get batching size failed.Or modem does not support batching 
06-28 15:12:52.015   862  1657 E LocSvc_IzatApiV02: E/virtual int izat_core::IzatApiV02::getBatchSize(int32_t):522]: Error : st = 4, ind.status = -1628389555
06-28 15:12:52.015   862  1657 E LocSvc_IzatApiV02: E/virtual int izat_core::IzatApiV02::getBatchSize(int32_t):535]: get batching size failed.Or modem does not support batching 
06-28 15:12:52.366  1090  1105 E WPROF   : {"Javascript": {"url": "https://securepubads.g.doubleclick.net/gampad/ads?gdfp_req=1&correlator=1195002217627648&output=json_html&callback=googletag.impl.pubads.callbackProxy1&impl=fifs&json_a=1&eid=108809080%2C108809107%2C108809154&sc=0&sfv=1-0-9&iu_parts=1038259%2Csel-ciu-1%2Csel-ciu-2%2Csel-ciu-3%2Csel-ciu-4%2Csel-ciu-5", "requestTime": 23849.421397}}
06-28 15:12:52.418  1090  1105 E WPROF   : {"Javascript": {"url": "https://static.xx.fbcdn.net/rsrc.php/v3iy6L4/yF/l/ko_KR/w3AiswiqjrJ.js", "requestTime": 23849.473787}}
06-28 15:12:52.498  1090  1105 E WPROF   : {"Javascript": {"url": "http://www.googleadservices.com/pagead/conversion.js", "requestTime": 23849.553771}}
06-28 15:12:52.498  1090  1105 E WPROF   : {"Javascript": {"url": "http://searchengineland.com/figz/wp-content/themes/searchengineland/js/script.js?ver=1.0", "requestTime": 23849.554132}}
06-28 15:12:52.499  1090  1105 E WPROF   : {"Javascript": {"url": "http://searchengineland.com/figz/wp-includes/js/wp-embed.min.js?ver=4.7.5", "requestTime": 23849.554439}}
06-28 15:12:52.499  1090  1105 E WPROF   : {"Javascript": {"url": "http://searchengineland.com/figz/wp-content/themes/searchengineland/js/modules/sharing_controls.js", "requestTime": 23849.554735}}
06-28 15:12:52.584  1021  1070 E chromium: [ERROR:gles2_cmd_decoder.cc(3852)] [.ChromiumCompositor-0xacbb2fc0]GL ERROR :GL_INVALID_ENUM : glDiscardFramebufferEXT: attachments was GL_COLOR_EXT
06-28 15:12:52.600  1090  1105 E WPROF   : {"Javascript": {"url": "http://d2j3qa5nc37287.cloudfront.net/coupon_code1.js", "requestTime": 23849.656047}}
06-28 15:12:52.770  1090  1105 E WPROF   : {"CSS": {"url": "https://www.youtube.com/yts/cssbin/www-embed-player-sprite-mode-vfl5G4Xm8.css", "requestTime": 23849.825390}}
06-28 15:12:52.771  1090  1105 E WPROF   : {"Javascript": {"url": "https://www.youtube.com/yts/jsbin/www-embed-player-vfl_UY_j8/www-embed-player.js", "requestTime": 23849.826957}}
06-28 15:12:52.772  1090  1105 E WPROF   : {"Javascript": {"url": "https://www.youtube.com/yts/jsbin/player-vflo1w4O-/ko_KR/base.js", "requestTime": 23849.827437}}
06-28 15:12:52.807  1021  1070 E chromium: [ERROR:gles2_cmd_decoder.cc(3852)] [.ChromiumCompositor-0xacbb2fc0]GL ERROR :GL_INVALID_ENUM : glDiscardFramebufferEXT: attachments was GL_COLOR_EXT
06-28 15:12:53.571  1021  1070 E chromium: [ERROR:gles2_cmd_decoder.cc(3852)] [.ChromiumCompositor-0xacbb2fc0]GL ERROR :GL_INVALID_ENUM : glDiscardFramebufferEXT: attachments was GL_COLOR_EXT
06-28 15:12:53.795  1021  1070 E chromium: [ERROR:gles2_cmd_decoder.cc(3852)] [.ChromiumCompositor-0xacbb2fc0]GL ERROR :GL_INVALID_ENUM : glDiscardFramebufferEXT: attachments was GL_COLOR_EXT
06-28 15:12:54.711  1090  1105 E WPROF   : {"Javascript": {"url": "https://www.google.com/js/bg/KWBfAnWFESAEEaKKgdYlTHY9ysQaNoQuzeMFqvxDSM8.js", "requestTime": 23851.766634}}
06-28 15:12:54.713  1090  1105 E WPROF   : {"Javascript": {"url": "https://static.doubleclick.net/instream/ad_status.js", "requestTime": 23851.769044}}
06-28 15:12:55.026  1021  1070 E chromium: [ERROR:gles2_cmd_decoder.cc(3852)] [.ChromiumCompositor-0xacbb2fc0]GL ERROR :GL_INVALID_ENUM : glDiscardFramebufferEXT: attachments was GL_COLOR_EXT
06-28 15:12:55.733  1090  1105 E WPROF   : {"Javascript": {"url": "https://tpc.googlesyndication.com/pagead/js/r20170619/r20110914/client/ext/m_window_focus_non_hydra.js", "requestTime": 23852.788723}}
06-28 15:12:55.738  1090  1105 E WPROF   : {"Javascript": {"url": "https://tpc.googlesyndication.com/pagead/js/r20170619/r20110914/activeview/osd_listener.js", "requestTime": 23852.793339}}
06-28 15:12:55.743  1090  1105 E WPROF   : {"Javascript": {"url": "http://pagead2.googlesyndication.com/pagead/osd.js", "requestTime": 23852.798615}}
06-28 15:12:55.833  1090  1105 E WPROF   : {"Javascript": {"url": "http://www.justuno.com/ajax/account_version_check.html?id=828FA275-FF73-401E-AA39-40F5A6FAB6B1", "requestTime": 23852.888808}}
06-28 15:12:55.866  1021  1070 E chromium: [ERROR:gles2_cmd_decoder.cc(3852)] [.ChromiumCompositor-0xacbb2fc0]GL ERROR :GL_INVALID_ENUM : glDiscardFramebufferEXT: attachments was GL_COLOR_EXT
06-28 15:12:55.958  1021  1070 E chromium: [ERROR:gles2_cmd_decoder.cc(3852)] [.ChromiumCompositor-0xacbb2fc0]GL ERROR :GL_INVALID_ENUM : glDiscardFramebufferEXT: attachments was GL_COLOR_EXT
06-28 15:12:56.803  1021  1070 E chromium: [ERROR:gles2_cmd_decoder.cc(3852)] [.ChromiumCompositor-0xacbb2fc0]GL ERROR :GL_INVALID_ENUM : glDiscardFramebufferEXT: attachments was GL_COLOR_EXT
06-28 15:12:57.051  1021  1070 E chromium: [ERROR:gles2_cmd_decoder.cc(3852)] [.ChromiumCompositor-0xacbb2fc0]GL ERROR :GL_INVALID_ENUM : glDiscardFramebufferEXT: attachments was GL_COLOR_EXT
06-28 15:12:57.113  1090  1105 E WPROF   : {"Javascript": {"url": "http://cdn.justuno.com/mwgt_3.6.js", "requestTime": 23854.169025}}
06-28 15:12:57.122  1021  1070 E chromium: [ERROR:gles2_cmd_decoder.cc(3852)] [.ChromiumCompositor-0xacbb2fc0]GL ERROR :GL_INVALID_ENUM : glDiscardFramebufferEXT: attachments was GL_COLOR_EXT
06-28 15:12:57.423  1021  1070 E chromium: [ERROR:gles2_cmd_decoder.cc(3852)] [.ChromiumCompositor-0xacbb2fc0]GL ERROR :GL_INVALID_ENUM : glDiscardFramebufferEXT: attachments was GL_COLOR_EXT
06-28 15:12:57.840  1090  1105 E WPROF   : {"Javascript": {"url": "https://app-sj02.marketo.com/js/forms2/js/forms2.min.js", "requestTime": 23854.896096}}
06-28 15:12:58.409  1090  1105 E WProf.db: {"page": "searchengineland.com_the-search-engine-land-app-now-live-for-ios-android-229749"}
06-28 15:12:58.409  1090  1105 E WProf.db: {"DOMLoad": 23855.464991}
06-28 15:12:58.409  1090  1105 E WProf.db: {"Resource": {"id": 1, "url": "http://searchengineland.com/the-search-engine-land-app-now-live-for-ios-android-229749", "sentTime": -1.000000, "len": 92680, "from": "0x0", "mimeType": "text/html", "contentLength": -1, "httpStatus": 200, "connId": 20, "connReused": 1, "cached": 0,"requestTime": 23846.120274, "proxyStart": -1, "proxyEnd": -1, "dnsStart": -1, "dnsEnd": -1, "connectStart": 0, "connectEnd": 107, "sendStart": 107, "sendEnd": 107, "receiveHeadersEnd": 262, "sslStart": -1, "sslEnd": -1}}
06-28 15:12:58.409  1090  1105 E WProf.db: {"ReceivedChunk": {"receivedTime": 23846.404192, "len": 7745}}
06-28 15:12:58.410  1090  1105 E WProf.db: {"ReceivedChunk": {"receivedTime": 23846.494944, "len": 32768}}
06-28 15:12:58.410  1090  1105 E WProf.db: {"ReceivedChunk": {"receivedTime": 23846.496229, "len": 32768}}
06-28 15:12:58.410  1090  1105 E WProf.db: {"ReceivedChunk": {"receivedTime": 23846.497800, "len": 126}}
06-28 15:12:58.410  1090  1105 E WProf.db: {"ReceivedChunk": {"receivedTime": 23846.548535, "len": 19273}}
06-28 15:12:58.410  1090  1105 E WProf.db: {"WprofHTMLTag": {"code": "0xaedd7630", "doc": "http://searchengineland.com/the-search-engine-land-app-now-live-for-ios-android-229749", "row": 6, "column": 42, "tagName": "html", "time": 23846.499188, "url": "", "pos": 1, "chunkLen": 1, "isStartTag": 1}}
06-28 15:12:58.410  1090  1105 E WProf.db: {"WprofHTMLTag": {"code": "0xaedd7270", "doc": "http://searchengineland.com/the-search-engine-land-app-now-live-for-ios-android-229749", "row": 7, "column": 6, "tagName": "head", "time": 23846.500337, "url": "", "pos": 1, "chunkLen": 1, "isStartTag": 1}}
06-28 15:12:58.410  1090  1105 E WProf.db: {"WprofHTMLTag": {"code": "0xaf047850", "doc": "http://searchengineland.com/the-search-engine-land-app-now-live-for-ios-android-229749", "row": 8, "column": 54, "tagName": "meta", "time": 23846.500510, "url": "", "pos": 1, "chunkLen": 1, "isStartTag": 1}}
06-28 15:12:58.410  1090  1105 E WProf.db: {"WprofHTMLTag": {"code": "0xaf047880", "doc": "http://searchengineland.com/the-search-engine-land-app-now-live-for-ios-android-229749", "row": 9, "column": 68, "tagName": "meta", "time": 23846.501257, "url": "", "pos": 1, "chunkLen": 1, "isStartTag": 1}}
06-28 15:12:58.410  1090  1105 E WProf.db: {"WprofHTMLTag": {"code": "0xaf0478b0", "doc": "http://searchengineland.com/the-search-engine-land-app-now-live-for-ios-android-229749", "row": 10, "column": 23, "tagName": "meta", "time": 23846.501854, "url": "", "pos": 1, "chunkLen": 1, "isStartTag": 1}}
06-28 15:12:58.410  1090  1105 E WProf.db: {"WprofHTMLTag": {"code": "0xaf0478e0", "doc": "http://searchengineland.com/the-search-engine-land-app-now-live-for-ios-android-229749", "row": 11, "column": 52, "tagName": "meta", "time": 23846.502527, "url": "", "pos": 1, "chunkLen": 1, "isStartTag": 1}}
06-28 15:12:58.410  1090  1105 E WProf.db: {"WprofHTMLTag": {"code": "0xaf047910", "doc": "http://searchengineland.com/the-search-engine-land-app-now-live-for-ios-android-229749", "row": 14, "column": 56, "tagName": "meta", "time": 23846.503163, "url": "", "pos": 1, "chunkLen": 1, "isStartTag": 1}}
06-28 15:12:58.410  1090  1105 E WProf.db: {"WprofHTMLTag": {"code": "0xaf047940", "doc": "http://searchengineland.com/the-search-engine-land-app-now-live-for-ios-android-229749", "row": 15, "column": 83, "tagName": "meta", "time": 23846.503725, "url": "", "pos": 1, "chunkLen": 1, "isStartTag": 1}}
06-28 15:12:58.410  1090  1105 E WProf.db: {"WprofHTMLTag": {"code": "0xaf047970", "doc": "http://searchengineland.com/the-search-engine-land-app-now-live-for-ios-android-229749", "row": 16, "column": 57, "tagName": "meta", "time": 23846.504295, "url": "", "pos": 1, "chunkLen": 1, "isStartTag": 1}}
06-28 15:12:58.410  1090  1105 E WProf.db: {"WprofHTMLTag": {"code": "0xaf047a00", "doc": "http://searchengineland.com/the-search-engine-land-app-now-live-for-ios-android-229749", "row": 17, "column": 41, "tagName": "meta", "time": 23846.504929, "url": "", "pos": 1, "chunkLen": 1, "isStartTag": 1}}
06-28 15:12:58.411  1090  1105 E WProf.db: {"WprofHTMLTag": {"code": "0xaf047a30", "doc": "http://searchengineland.com/the-search-engine-land-app-now-live-for-ios-android-229749", "row": 18, "column": 50, "tagName": "meta", "time": 23846.505448, "url": "", "pos": 1, "chunkLen": 1, "isStartTag": 1}}
06-28 15:12:58.411  1090  1105 E WProf.db: {"WprofHTMLTag": {"code": "0xaf047a60", "doc": "http://searchengineland.com/the-search-engine-land-app-now-live-for-ios-android-229749", "row": 19, "column": 174, "tagName": "meta", "time": 23846.505964, "url": "", "pos": 1, "chunkLen": 1, "isStartTag": 1}}
06-28 15:12:58.411  1090  1105 E WProf.db: {"WprofHTMLTag": {"code": "0xaf0479d0", "doc": "http://searchengineland.com/the-search-engine-land-app-now-live-for-ios-android-229749", "row": 20, "column": 47, "tagName": "meta", "time": 23846.509165, "url": "", "pos": 1, "chunkLen": 1, "isStartTag": 1}}
06-28 15:12:58.411  1090  1105 E WProf.db: {"WprofHTMLTag": {"code": "0xaf0479a0", "doc": "http://searchengineland.com/the-search-engine-land-app-now-live-for-ios-android-229749", "row": 21, "column": 67, "tagName": "meta", "time": 23846.509741, "url": "", "pos": 1, "chunkLen": 1, "isStartTag": 1}}
06-28 15:12:58.411  1090  1105 E WProf.db: {"WprofHTMLTag": {"code": "0xaf047a90", "doc": "http://searchengineland.com/the-search-engine-land-app-now-live-for-ios-android-229749", "row": 22, "column": 57, "tagName": "meta", "time": 23846.510921, "url": "", "pos": 1, "chunkLen": 1, "isStartTag": 1}}
06-28 15:12:58.411  1090  1105 E WProf.db: {"WprofHTMLTag": {"code": "0xaf047ac0", "doc": "http://searchengineland.com/the-search-engine-land-app-now-live-for-ios-android-229749", "row": 23, "column": 65, "tagName": "meta", "time": 23846.511842, "url": "", "pos": 1, "chunkLen": 1, "isStartTag": 1}}
06-28 15:12:58.411  1090  1105 E WProf.db: {"WprofHTMLTag": {"code": "0xaf047af0", "doc": "http://searchengineland.com/the-search-engine-land-app-now-live-for-ios-android-229749", "row": 24, "column": 55, "tagName": "meta", "time": 23846.512543, "url": "", "pos": 1, "chunkLen": 1, "isStartTag": 1}}
06-28 15:12:58.411  1090  1105 E WProf.db: {"WprofHTMLTag": {"code": "0xaf047b20", "doc": "http://searchengineland.com/the-search-engine-land-app-now-live-for-ios-android-229749", "row": 25, "column": 71, "tagName": "meta", "time": 23846.513209, "url": "", "pos": 1, "chunkLen": 1, "isStartTag": 1}}
06-28 15:12:58.411  1090  1105 E WProf.db: {"WprofHTMLTag": {"code": "0xaf047b50", "doc": "http://searchengineland.com/the-search-engine-land-app-now-live-for-ios-android-229749", "row": 26, "column": 86, "tagName": "meta", "time": 23846.513901, "url": "", "pos": 1, "chunkLen": 1, "isStartTag": 1}}
06-28 15:12:58.411  1090  1105 E WProf.db: {"WprofHTMLTag": {"code": "0xaf047b80", "doc": "http://searchengineland.com/the-search-engine-land-app-now-live-for-ios-android-229749", "row": 27, "column": 54, "tagName": "meta", "time": 23846.514442, "url": "", "pos": 1, "chunkLen": 1, "isStartTag": 1}}
06-28 15:12:58.412  1090  1105 E WProf.db: {"WprofHTMLTag": {"code": "0xaf047bb0", "doc": "http://searchengineland.com/the-search-engine-land-app-now-live-for-ios-android-229749", "row": 29, "column": 39, "tagName": "meta", "time": 23846.514842, "url": "", "pos": 1, "chunkLen": 1, "isStartTag": 1}}
06-28 15:12:58.412  1090  1105 E WProf.db: {"WprofHTMLTag": {"code": "0xaf047be0", "doc": "http://searchengineland.com/the-search-engine-land-app-now-live-for-ios-android-229749", "row": 30, "column": 148, "tagName": "meta", "time": 23846.515222, "url": "", "pos": 1, "chunkLen": 1, "isStartTag": 1}}
06-28 15:12:58.412  1090  1105 E WProf.db: {"WprofHTMLTag": {"code": "0xaf047c10", "doc": "http://searchengineland.com/the-search-engine-land-app-now-live-for-ios-android-229749", "row": 31, "column": 55, "tagName": "meta", "time": 23846.515651, "url": "", "pos": 1, "chunkLen": 1, "isStartTag": 1}}
06-28 15:12:58.412  1090  1105 E WProf.db: {"WprofHTMLTag": {"code": "0xaf047c40", "doc": "http://searchengineland.com/the-search-engine-land-app-now-live-for-ios-android-229749", "row": 32, "column": 54, "tagName": "meta", "time": 23846.516150, "url": "", "pos": 1, "chunkLen": 1, "isStartTag": 1}}
06-28 15:12:58.412  1090  1105 E WProf.db: {"WprofHTMLTag": {"code": "0xaf047c70", "doc": "http://searchengineland.com/the-search-engine-land-app-now-live-for-ios-android-229749", "row": 33, "column": 139, "tagName": "meta", "time": 23846.516613, "url": "", "pos": 1, "chunkLen": 1, "isStartTag": 1}}
06-28 15:12:58.412  1090  1105 E WProf.db: {"WprofHTMLTag": {"code": "0xaf047ca0", "doc": "http://searchengineland.com/the-search-engine-land-app-now-live-for-ios-android-229749", "row": 37, "column": 36, "tagName": "script", "time": 23846.516998, "url": "", "pos": 1, "chunkLen": 1, "isStartTag": 1}}
06-28 15:12:58.412  1090  1105 E WProf.db: {"WprofHTMLTag": {"code": "0xaf047cd0", "doc": "http://searchengineland.com/the-search-engine-land-app-now-live-for-ios-android-229749", "row": 53, "column": 10, "tagName": "script", "time": 23846.517820, "url": "", "pos": 1, "chunkLen": 1, "isStartTag": 0}}
06-28 15:12:58.412  1090  1105 E WProf.db: {"WprofHTMLTag": {"code": "0xaedd7660", "doc": "http://searchengineland.com/the-search-engine-land-app-now-live-for-ios-android-229749", "row": 55, "column": 86, "tagName": "link", "time": 23846.520995, "url": "http://searchengineland.com/apple-touch-icon.png", "pos": 1, "chunkLen": 1, "isStartTag": 1}}
06-28 15:12:58.412  1090  1105 E WProf.db: {"WprofHTMLTag": {"code": "0xaf047d00", "doc": "http://searchengineland.com/the-search-engine-land-app-now-live-for-ios-android-229749", "row": 56, "column": 76, "tagName": "link", "time": 23846.522982, "url": "http://searchengineland.com/favicon.ico", "pos": 1, "chunkLen": 1, "isStartTag": 1}}
06-28 15:12:58.412  1090  1105 E WProf.db: {"WprofHTMLTag": {"code": "0xaf047d30", "doc": "http://searchengineland.com/the-search-engine-land-app-now-live-for-ios-android-229749", "row": 57, "column": 158, "tagName": "link", "time": 23846.523894, "url": "http://feeds.searchengineland.com/searchengineland", "pos": 1, "chunkLen": 1, "isStartTag": 1}}
06-28 15:12:58.412  1090  1105 E WProf.db: {"WprofHTMLTag": {"code": "0xaf047d60", "doc": "http://searchengineland.com/the-search-engine-land-app-now-live-for-ios-android-229749", "row": 58, "column": 149, "tagName": "link", "time": 23846.529508, "url": "http://feeds.searchengineland.com/searchcap", "pos": 1, "chunkLen": 1, "isStartTag": 1}}
06-28 15:12:58.413  1090  1105 E WProf.db: {"WprofHTMLTag": {"code": "0xaf047d90", "doc": "http://searchengineland.com/the-search-engine-land-app-now-live-for-ios-android-229749", "row": 59, "column": 150, "tagName": "link", "time": 23846.530955, "url": "http://searchengineland.com/figz/wp-content/themes/searchengineland/css/searchengineland-bootstrap.css", "pos": 1, "chunkLen": 1, "isStartTag": 1}}
06-28 15:12:58.413  1090  1105 E WProf.db: {"WprofHTMLTag": {"code": "0xaf047df0", "doc": "http://searchengineland.com/the-search-engine-land-app-now-live-for-ios-android-229749", "row": 60, "column": 105, "tagName": "link", "time": 23846.532047, "url": "http://fonts.googleapis.com/css?family=Oswald:300,400,700", "pos": 1, "chunkLen": 1, "isStartTag": 1}}
06-28 15:12:58.413  1090  1105 E WProf.db: {"WprofHTMLTag": {"code": "0xaf047e50", "doc": "http://searchengineland.com/the-search-engine-land-app-now-live-for-ios-android-229749", "row": 61, "column": 125, "tagName": "link", "time": 23846.532948, "url": "http://searchengineland.com/figz/wp-content/themes/searchengineland/style.css", "pos": 1, "chunkLen": 1, "isStartTag": 1}}
06-28 15:12:58.413  1090  1105 E WProf.db: {"WprofHTMLTag": {"code": "0xaf047eb0", "doc": "http://searchengineland.com/the-search-engine-land-app-now-live-for-ios-android-229749", "row": 65, "column": 7, "tagName": "title", "time": 23846.533923, "url": "", "pos": 1, "chunkLen": 1, "isStartTag": 1}}
06-28 15:12:58.413  1090  1105 E WProf.db: {"WprofHTMLTag": {"code": "0xaf047ee0", "doc": "http://searchengineland.com/the-search-engine-land-app-now-live-for-ios-android-229749", "row": 65, "column": 31, "tagName": "title", "time": 23846.534491, "url": "", "pos": 1, "chunkLen": 1, "isStartTag": 0}}
06-28 15:12:58.413  1090  1105 E WProf.db: {"WprofHTMLTag": {"code": "0xaf047f10", "doc": "http://searchengineland.com/the-search-engine-land-app-now-live-for-ios-android-229749", "row": 66, "column": 145, "tagName": "meta", "time": 23846.534525, "url": "", "pos": 1, "chunkLen": 1, "isStartTag": 1}}
06-28 15:12:58.413  1090  1105 E WProf.db: {"WprofHTMLTag": {"code": "0xaf047f40", "doc": "http://searchengineland.com/the-search-engine-land-app-now-live-for-ios-android-229749", "row": 67, "column": 40, "tagName": "meta", "time": 23846.534809, "url": "", "pos": 1, "chunkLen": 1, "isStartTag": 1}}
06-28 15:12:58.413  1090  1105 E WProf.db: {"WprofHTMLTag": {"code": "0xaf047f70", "doc": "http://searchengineland.com/the-search-engine-land-app-now-live-for-ios-android-229749", "row": 68, "column": 128, "tagName": "meta", "time": 23846.535023, "url": "", "pos": 1, "chunkLen": 1, "isStartTag": 1}}
06-28 15:12:58.413  1090  1105 E WProf.db: {"WprofHTMLTag": {"code": "0xaf047fa0", "doc": "http://searchengineland.com/the-search-engine-land-app-now-live-for-ios-android-229749", "row": 69, "column": 37, "tagName": "meta", "time": 23846.535224, "url": "", "pos": 1, "chunkLen": 1, "isStartTag": 1}}
06-28 15:12:58.413  1090  1105 E WProf.db: {"WprofHTMLTag": {"code": "0xaf047fd0", "doc": "http://searchengineland.com/the-search-engine-land-app-now-live-for-ios-android-229749", "row": 70, "column": 118, "tagName": "link", "time": 23846.535455, "url": "http://searchengineland.com/the-search-engine-land-app-now-live-for-ios-android-229749", "pos": 1, "chunkLen": 1, "isStartTag": 1}}
06-28 15:12:58.413  1090  1105 E WProf.db: {"WprofHTMLTag": {"code": "0xb4cc74b0", "doc": "http://searchengineland.com/the-search-engine-land-app-now-live-for-ios-android-229749", "row": 71, "column": 76, "tagName": "link", "time": 23846.535954, "url": "https://plus.google.com/103218677032751327334", "pos": 1, "chunkLen": 1, "isStartTag": 1}}
06-28 15:12:58.414  1090  1105 E WProf.db: {"WprofHTMLTag": {"code": "0xb4cc7540", "doc": "http://searchengineland.com/the-search-engine-land-app-now-live-for-ios-android-229749", "row": 72, "column": 45, "tagName": "meta", "time": 23846.536284, "url": "", "pos": 1, "chunkLen": 1, "isStartTag": 1}}
06-28 15:12:58.414  1090  1105 E WProf.db: {"WprofHTMLTag": {"code": "0xb4cc78a0", "doc": "http://searchengineland.com/the-search-engine-land-app-now-live-for-ios-android-229749", "row": 73, "column": 45, "tagName": "meta", "time": 23846.536462, "url": "", "pos": 1, "chunkLen": 1, "isStartTag": 1}}
06-28 15:12:58.414  1090  1105 E WProf.db: {"WprofHTMLTag": {"code": "0xb4cc78d0", "doc": "http://searchengineland.com/the-search-engine-land-app-now-live-for-ios-android-229749", "row": 74, "column": 55, "tagName": "meta", "time": 23846.537268, "url": "", "pos": 1, "chunkLen": 1, "isStartTag": 1}}
06-28 15:12:58.414  1090  1105 E WProf.db: {"WprofHTMLTag": {"code": "0xb4cc7900", "doc": "http://searchengineland.com/the-search-engine-land-app-now-live-for-ios-android-229749", "row": 75, "column": 153, "tagName": "meta", "time": 23846.537534, "url": "", "pos": 1, "chunkLen": 1, "isStartTag": 1}}
06-28 15:12:58.414  1090  1105 E WProf.db: {"WprofHTMLTag": {"code": "0xb4cc7930", "doc": "http://searchengineland.com/the-search-engine-land-app-now-live-for-ios-android-229749", "row": 76, "column": 123, "tagName": "meta", "time": 23846.537694, "url": "", "pos": 1, "chunkLen": 1, "isStartTag": 1}}
06-28 15:12:58.414  1090  1105 E WProf.db: {"WprofHTMLTag": {"code": "0xb4cc7960", "doc": "http://searchengineland.com/the-search-engine-land-app-now-live-for-ios-android-229749", "row": 77, "column": 61, "tagName": "meta", "time": 23846.537859, "url": "", "pos": 1, "chunkLen": 1, "isStartTag": 1}}
06-28 15:12:58.414  1090  1105 E WProf.db: {"WprofHTMLTag": {"code": "0xb4cc7990", "doc": "http://searchengineland.com/the-search-engine-land-app-now-live-for-ios-android-229749", "row": 78, "column": 89, "tagName": "meta", "time": 23846.538101, "url": "", "pos": 1, "chunkLen": 1, "isStartTag": 1}}
06-28 15:12:58.414  1090  1105 E WProf.db: {"WprofHTMLTag": {"code": "0xb4cc79c0", "doc": "http://searchengineland.com/the-search-engine-land-app-now-live-for-ios-android-229749", "row": 79, "column": 70, "tagName": "meta", "time": 23846.538252, "url": "", "pos": 1, "chunkLen": 1, "isStartTag": 1}}
06-28 15:12:58.414  1090  1105 E WProf.db: {"WprofHTMLTag": {"code": "0xb4cc79f0", "doc": "http://searchengineland.com/the-search-engine-land-app-now-live-for-ios-android-229749", "row": 80, "column": 78, "tagName": "meta", "time": 23846.538418, "url": "", "pos": 1, "chunkLen": 1, "isStartTag": 1}}
06-28 15:12:58.414  1090  1105 E WProf.db: {"WprofHTMLTag": {"code": "0xb4cc7a20", "doc": "http://searchengineland.com/the-search-engine-land-app-now-live-for-ios-android-229749", "row": 81, "column": 77, "tagName": "meta", "time": 23846.538632, "url": "", "pos": 1, "chunkLen": 1, "isStartTag": 1}}
06-28 15:12:58.414  1090  1105 E WProf.db: {"WprofHTMLTag": {"code": "0xb4cc7a50", "doc": "http://searchengineland.com/the-search-engine-land-app-now-live-for-ios-android-229749", "row": 82, "column": 71, "tagName": "meta", "time": 23846.538839, "url": "", "pos": 1, "chunkLen": 1, "isStartTag": 1}}
06-28 15:12:58.414  1090  1105 E WProf.db: {"WprofHTMLTag": {"code": "0xb4cc7a80", "doc": "http://searchengineland.com/the-search-engine-land-app-now-live-for-ios-android-229749", "row": 83, "column": 133, "tagName": "meta", "time": 23846.541279, "url": "", "pos": 1, "chunkLen": 1, "isStartTag": 1}}
06-28 15:12:58.415  1090  1105 E WProf.db: {"WprofHTMLTag": {"code": "0xb4cc7ab0", "doc": "http://searchengineland.com/the-search-engine-land-app-now-live-for-ios-android-229749", "row": 84, "column": 49, "tagName": "meta", "time": 23846.541521, "url": "", "pos": 1, "chunkLen": 1, "isStartTag": 1}}
06-28 15:12:58.415  1090  1105 E WProf.db: {"WprofHTMLTag": {"code": "0xb4cc7ae0", "doc": "http://searchengineland.com/the-search-engine-land-app-now-live-for-ios-android-229749", "row": 85, "column": 50, "tagName": "meta", "time": 23846.541717, "url": "", "pos": 1, "chunkLen": 1, "isStartTag": 1}}
06-28 15:12:58.415  1090  1105 E WProf.db: {"WprofHTMLTag": {"code": "0xb4cc7b10", "doc": "http://searchengineland.com/the-search-engine-land-app-now-live-for-ios-android-229749", "row": 86, "column": 58, "tagName": "meta", "time": 23846.541937, "url": "", "pos": 1, "chunkLen": 1, "isStartTag": 1}}
06-28 15:12:58.415  1090  1105 E WProf.db: {"WprofHTMLTag": {"code": "0xb4cc7b40", "doc": "http://searchengineland.com/the-search-engine-land-app-now-live-for-ios-android-229749", "row": 87, "column": 154, "tagName": "meta", "time": 23846.542121, "url": "", "pos": 1, "chunkLen": 1, "isStartTag": 1}}
06-28 15:12:58.415  1090  1105 E WProf.db: {"WprofHTMLTag": {"code": "0xb4cc7b70", "doc": "http://searchengineland.com/the-search-engine-land-app-now-live-for-ios-android-229749", "row": 88, "column": 56, "tagName": "meta", "time": 23846.542317, "url": "", "pos": 1, "chunkLen": 1, "isStartTag": 1}}
06-28 15:12:58.415  1090  1105 E WProf.db: {"WprofHTMLTag": {"code": "0xb4cc7ba0", "doc": "http://searchengineland.com/the-search-engine-land-app-now-live-for-ios-android-229749", "row": 89, "column": 51, "tagName": "meta", "time": 23846.542497, "url": "", "pos": 1, "chunkLen": 1, "isStartTag": 1}}
06-28 15:12:58.415  1090  1105 E WProf.db: {"WprofHTMLTag": {"code": "0xb4cc7bd0", "doc": "http://searchengineland.com/the-search-engine-land-app-now-live-for-ios-android-229749", "row": 90, "column": 134, "tagName": "meta", "time": 23846.542688, "url": "", "pos": 1, "chunkLen": 1, "isStartTag": 1}}
06-28 15:12:58.415  1090  1105 E WProf.db: {"WprofHTMLTag": {"code": "0xb4cc7c00", "doc": "http://searchengineland.com/the-search-engine-land-app-now-live-for-ios-android-229749", "row": 91, "column": 54, "tagName": "meta", "time": 23846.542887, "url": "", "pos": 1, "chunkLen": 1, "isStartTag": 1}}
06-28 15:12:58.415  1090  1105 E WProf.db: {"WprofHTMLTag": {"code": "0xb4cc7c30", "doc": "http://searchengineland.com/the-search-engine-land-app-now-live-for-ios-android-229749", "row": 94, "column": 44, "tagName": "link", "time": 23846.543091, "url": "http://s.w.org/", "pos": 1, "chunkLen": 1, "isStartTag": 1}}
06-28 15:12:58.415  1090  1105 E WProf.db: {"WprofHTMLTag": {"code": "0xb4cc7c60", "doc": "http://searchengineland.com/the-search-engine-land-app-now-live-for-ios-android-229749", "row": 95, "column": 33, "tagName": "script", "time": 23846.543521, "url": "", "pos": 1, "chunkLen": 1, "isStartTag": 1}}
06-28 15:12:58.415  1090  1105 E WProf.db: {"WprofHTMLTag": {"code": "0xb4cc7c90", "doc": "http://searchengineland.com/the-search-engine-land-app-now-live-for-ios-android-229749", "row": 98, "column": 11, "tagName": "script", "time": 23846.544222, "url": "http://searchengineland.com/figz/wp-includes/js/wp-emoji-release.min.js?ver=4.7.5", "pos": 1, "chunkLen": 1, "isStartTag": 0}}
06-28 15:12:58.415  1090  1105 E WProf.db: {"WprofHTMLTag": {"code": "0xaec1a9c0", "doc": "http://searchengineland.com/the-search-engine-land-app-now-live-for-ios-android-229749", "row": 99, "column": 25, "tagName": "style", "time": 23846.949845, "url": "", "pos": 1, "chunkLen": 1, "isStartTag": 1}}
06-28 15:12:58.416  1090  1105 E WProf.db: {"WprofHTMLTag": {"code": "0xaec1a9f0", "doc": "http://searchengineland.com/the-search-engine-land-app-now-live-for-ios-android-229749", "row": 112, "column": 8, "tagName": "style", "time": 23846.950133, "url": "", "pos": 1, "chunkLen": 1, "isStartTag": 0}}
06-28 15:12:58.416  1090  1105 E WProf.db: {"WprofHTMLTag": {"code": "0xaec1aa20", "doc": "http://searchengineland.com/the-search-engine-land-app-now-live-for-ios-android-229749", "row": 113, "column": 140, "tagName": "script", "time": 23846.951777, "url": "http://searchengineland.com/figz/wp-content/themes/searchengineland/js/lib/modernizr.custom.js?ver=1.0", "pos": 1, "chunkLen": 1, "isStartTag": 1}}
06-28 15:12:58.416  1090  1105 E WProf.db: {"WprofHTMLTag": {"code": "0xaec1aa50", "doc": "http://searchengineland.com/the-search-engine-land-app-now-live-for-ios-android-229749", "row": 113, "column": 149, "tagName": "script", "time": 23846.951997, "url": "", "pos": 1, "chunkLen": 1, "isStartTag": 0}}
06-28 15:12:58.416  1090  1105 E WProf.db: {"WprofHTMLTag": {"code": "0xaedd7b70", "doc": "http://searchengineland.com/the-search-engine-land-app-now-live-for-ios-android-229749", "row": 114, "column": 144, "tagName": "script", "time": 23846.963233, "url": "http://searchengineland.com/figz/wp-content/themes/searchengineland/js/lib/jquery-1.11.0.min.js?ver=1.11.0", "pos": 1, "chunkLen": 1, "isStartTag": 1}}
06-28 15:12:58.416  1090  1105 E WProf.db: {"WprofHTMLTag": {"code": "0xaedd7b40", "doc": "http://searchengineland.com/the-search-engine-land-app-now-live-for-ios-android-229749", "row": 114, "column": 153, "tagName": "script", "time": 23846.963475, "url": "", "pos": 1, "chunkLen": 1, "isStartTag": 0}}
06-28 15:12:58.416  1090  1105 E WProf.db: {"WprofHTMLTag": {"code": "0xaedd7ea0", "doc": "http://searchengineland.com/the-search-engine-land-app-now-live-for-ios-android-229749", "row": 0, "column": 15, "tagName": "div", "time": 23847.129029, "url": "", "pos": 15, "chunkLen": 44, "isStartTag": 1}}
06-28 15:12:58.416  1090  1105 E WProf.db: {"WprofHTMLTag": {"code": "0xaedd7e70", "doc": "http://searchengineland.com/the-search-engine-land-app-now-live-for-ios-android-229749", "row": 0, "column": 21, "tagName": "div", "time": 23847.129169, "url": "", "pos": 21, "chunkLen": 44, "isStartTag": 0}}
06-28 15:12:58.416  1090  1105 E WProf.db: {"WprofHTMLTag": {"code": "0xaedd7c60", "doc": "http://searchengineland.com/the-search-engine-land-app-now-live-for-ios-android-229749", "row": 0, "column": 38, "tagName": "div", "time": 23847.129233, "url": "", "pos": 38, "chunkLen": 44, "isStartTag": 1}}
06-28 15:12:58.416  1090  1105 E WProf.db: {"WprofHTMLTag": {"code": "0xaedd7e40", "doc": "http://searchengineland.com/the-search-engine-land-app-now-live-for-ios-android-229749", "row": 0, "column": 44, "tagName": "div", "time": 23847.129348, "url": "", "pos": 44, "chunkLen": 44, "isStartTag": 0}}
06-28 15:12:58.416  1090  1105 E WProf.db: {"WprofHTMLTag": {"code": "0xaec1ab10", "doc": "http://searchengineland.com/the-search-engine-land-app-now-live-for-ios-android-229749", "row": 0, "column": 13, "tagName": "select", "time": 23847.130737, "url": "", "pos": 13, "chunkLen": 51, "isStartTag": 1}}
06-28 15:12:58.416  1090  1105 E WProf.db: {"WprofHTMLTag": {"code": "0xaec1ab40", "doc": "http://searchengineland.com/the-search-engine-land-app-now-live-for-ios-android-229749", "row": 0, "column": 33, "tagName": "option", "time": 23847.130923, "url": "", "pos": 33, "chunkLen": 51, "isStartTag": 1}}
06-28 15:12:58.416  1090  1105 E WProf.db: {"WprofHTMLTag": {"code": "0xaec1ab70", "doc": "http://searchengineland.com/the-search-engine-land-app-now-live-for-ios-android-229749", "row": 0, "column": 42, "tagName": "option", "time": 23847.131106, "url": "", "pos": 42, "chunkLen": 51, "isStartTag": 0}}
06-28 15:12:58.417  1090  1105 E WProf.db: {"WprofHTMLTag": {"code": "0xaec1aba0", "doc": "http://searchengineland.com/the-search-engine-land-app-now-live-for-ios-android-229749", "row": 0, "column": 51, "tagName": "select", "time": 23847.131166, "url": "", "pos": 51, "chunkLen": 51, "isStartTag": 0}}
06-28 15:12:58.417  1090  1105 E WProf.db: {"WprofHTMLTag": {"code": "0xaec1abd0", "doc": "http://searchengineland.com/the-search-engine-land-app-now-live-for-ios-android-229749", "row": 0, "column": 12, "tagName": "a", "time": 23847.135407, "url": "", "pos": 12, "chunkLen": 16, "isStartTag": 1}}
06-28 15:12:58.417  1090  1105 E WProf.db: {"WprofHTMLTag": {"code": "0xaec1ac00", "doc": "http://searchengineland.com/the-search-engine-land-app-now-live-for-ios-android-229749", "row": 0, "column": 16, "tagName": "a", "time": 23847.135561, "url": "", "pos": 16, "chunkLen": 16, "isStartTag": 0}}
06-28 15:12:58.417  1090  1105 E WProf.db: {"WprofHTMLTag": {"code": "0xaec1ac30", "doc": "http://searchengineland.com/the-search-engine-land-app-now-live-for-ios-android-229749", "row": 0, "column": 8, "tagName": "input", "time": 23847.136549, "url": "", "pos": 8, "chunkLen": 8, "isStartTag": 1}}
06-28 15:12:58.417  1090  1105 E WProf.db: {"WprofHTMLTag": {"code": "0xaec1ac60", "doc": "http://searchengineland.com/the-search-engine-land-app-now-live-for-ios-android-229749", "row": 0, "column": 9, "tagName": "link", "time": 23847.145197, "url": "", "pos": 9, "chunkLen": 42, "isStartTag": 1}}
06-28 15:12:58.417  1090  1105 E WProf.db: {"WprofHTMLTag": {"code": "0xaec1ac90", "doc": "http://searchengineland.com/the-search-engine-land-app-now-live-for-ios-android-229749", "row": 0, "column": 16, "tagName": "table", "time": 23847.145313, "url": "", "pos": 16, "chunkLen": 42, "isStartTag": 1}}
06-28 15:12:58.417  1090  1105 E WProf.db: {"WprofHTMLTag": {"code": "0xaec1acc0", "doc": "http://searchengineland.com/the-search-engine-land-app-now-live-for-ios-android-229749", "row": 0, "column": 24, "tagName": "table", "time": 23847.145423, "url": "", "pos": 24, "chunkLen": 42, "isStartTag": 0}}
06-28 15:12:58.417  1090  1105 E WProf.db: {"WprofHTMLTag": {"code": "0xaec1acf0", "doc": "http://searchengineland.com/the-search-engine-land-app-now-live-for-ios-android-229749", "row": 0, "column": 37, "tagName": "a", "time": 23847.145593, "url": "", "pos": 37, "chunkLen": 42, "isStartTag": 1}}
06-28 15:12:58.417  1090  1105 E WProf.db: {"WprofHTMLTag": {"code": "0xaec1ad20", "doc": "http://searchengineland.com/the-search-engine-land-app-now-live-for-ios-android-229749", "row": 0, "column": 42, "tagName": "a", "time": 23847.145763, "url": "", "pos": 42, "chunkLen": 42, "isStartTag": 0}}
06-28 15:12:58.417  1090  1105 E WProf.db: {"WprofHTMLTag": {"code": "0xaec1adb0", "doc": "http://searchengineland.com/the-search-engine-land-app-now-live-for-ios-android-229749", "row": 0, "column": 10, "tagName": "textarea", "time": 23847.146924, "url": "", "pos": 10, "chunkLen": 22, "isStartTag": 1}}
06-28 15:12:58.417  1090  1105 E WProf.db: {"WprofHTMLTag": {"code": "0xaec1ade0", "doc": "http://searchengineland.com/the-search-engine-land-app-now-live-for-ios-android-229749", "row": 0, "column": 22, "tagName": "textarea", "time": 23847.147112, "url": "", "pos": 22, "chunkLen": 22, "isStartTag": 0}}
06-28 15:12:58.417  1090  1105 E WProf.db: {"WprofHTMLTag": {"code": "0xaec1ae10", "doc": "http://searchengineland.com/the-search-engine-land-app-now-live-for-ios-android-229749", "row": 0, "column": 48, "tagName": "input", "time": 23847.148162, "url": "", "pos": 48, "chunkLen": 48, "isStartTag": 1}}
06-28 15:12:58.417  1090  1105 E WProf.db: {"WprofHTMLTag": {"code": "0xaec1ae70", "doc": "http://searchengineland.com/the-search-engine-land-app-now-live-for-ios-android-229749", "row": 0, "column": 9, "tagName": "link", "time": 23847.152352, "url": "", "pos": 9, "chunkLen": 66, "isStartTag": 1}}
06-28 15:12:58.418  1090  1105 E WProf.db: {"WprofHTMLTag": {"code": "0xaec1aea0", "doc": "http://searchengineland.com/the-search-engine-land-app-now-live-for-ios-android-229749", "row": 0, "column": 16, "tagName": "table", "time": 23847.152526, "url": "", "pos": 16, "chunkLen": 66, "isStartTag": 1}}
06-28 15:12:58.418  1090  1105 E WProf.db: {"WprofHTMLTag": {"code": "0xaec1aed0", "doc": "http://searchengineland.com/the-search-engine-land-app-now-live-for-ios-android-229749", "row": 0, "column": 24, "tagName": "table", "time": 23847.152595, "url": "", "pos": 24, "chunkLen": 66, "isStartTag": 0}}
06-28 15:12:58.418  1090  1105 E WProf.db: {"WprofHTMLTag": {"code": "0xaec1af00", "doc": "http://searchengineland.com/the-search-engine-land-app-now-live-for-ios-android-229749", "row": 0, "column": 37, "tagName": "a", "time": 23847.152666, "url": "", "pos": 37, "chunkLen": 66, "isStartTag": 1}}
06-28 15:12:58.418  1090  1105 E WProf.db: {"WprofHTMLTag": {"code": "0xaec1af30", "doc": "http://searchengineland.com/the-search-engine-land-app-now-live-for-ios-android-229749", "row": 0, "column": 42, "tagName": "a", "time": 23847.152831, "url": "", "pos": 42, "chunkLen": 66, "isStartTag": 0}}
06-28 15:12:58.418  1090  1105 E WProf.db: {"WprofHTMLTag": {"code": "0xaec1af60", "doc": "http://searchengineland.com/the-search-engine-land-app-now-live-for-ios-android-229749", "row": 0, "column": 66, "tagName": "input", "time": 23847.152888, "url": "", "pos": 66, "chunkLen": 66, "isStartTag": 1}}
06-28 15:12:58.418  1090  1105 E WProf.db: {"WprofHTMLTag": {"code": "0xaec1aff0", "doc": "http://searchengineland.com/the-search-engine-land-app-now-live-for-ios-android-229749", "row": 0, "column": 9, "tagName": "link", "time": 23847.154540, "url": "", "pos": 9, "chunkLen": 66, "isStartTag": 1}}
06-28 15:12:58.418  1090  1105 E WProf.db: {"WprofHTMLTag": {"code": "0xaec1b020", "doc": "http://searchengineland.com/the-search-engine-land-app-now-live-for-ios-android-229749", "row": 0, "column": 16, "tagName": "table", "time": 23847.154641, "url": "", "pos": 16, "chunkLen": 66, "isStartTag": 1}}
06-28 15:12:58.418  1090  1105 E WProf.db: {"WprofHTMLTag": {"code": "0xaec1b050", "doc": "http://searchengineland.com/the-search-engine-land-app-now-live-for-ios-android-229749", "row": 0, "column": 24, "tagName": "table", "time": 23847.154708, "url": "", "pos": 24, "chunkLen": 66, "isStartTag": 0}}
06-28 15:12:58.418  1090  1105 E WProf.db: {"WprofHTMLTag": {"code": "0xaec1b080", "doc": "http://searchengineland.com/the-search-engine-land-app-now-live-for-ios-android-229749", "row": 0, "column": 37, "tagName": "a", "time": 23847.154770, "url": "", "pos": 37, "chunkLen": 66, "isStartTag": 1}}
06-28 15:12:58.418  1090  1105 E WProf.db: {"WprofHTMLTag": {"code": "0xaec1b0b0", "doc": "http://searchengineland.com/the-search-engine-land-app-now-live-for-ios-android-229749", "row": 0, "column": 42, "tagName": "a", "time": 23847.154938, "url": "", "pos": 42, "chunkLen": 66, "isStartTag": 0}}
06-28 15:12:58.418  1090  1105 E WProf.db: {"WprofHTMLTag": {"code": "0xaec1b0e0", "doc": "http://searchengineland.com/the-search-engine-land-app-now-live-for-ios-android-229749", "row": 0, "column": 66, "tagName": "input", "time": 23847.154999, "url": "", "pos": 66, "chunkLen": 66, "isStartTag": 1}}
06-28 15:12:58.418  1090  1105 E WProf.db: {"WprofHTMLTag": {"code": "0xaec1b140", "doc": "http://searchengineland.com/the-search-engine-land-app-now-live-for-ios-android-229749", "row": 0, "column": 9, "tagName": "link", "time": 23847.159068, "url": "", "pos": 9, "chunkLen": 66, "isStartTag": 1}}
06-28 15:12:58.419  1090  1105 E WProf.db: {"WprofHTMLTag": {"code": "0xaec1b170", "doc": "http://searchengineland.com/the-search-engine-land-app-now-live-for-ios-android-229749", "row": 0, "column": 16, "tagName": "table", "time": 23847.159183, "url": "", "pos": 16, "chunkLen": 66, "isStartTag": 1}}
06-28 15:12:58.419  1090  1105 E WProf.db: {"WprofHTMLTag": {"code": "0xaec1b1a0", "doc": "http://searchengineland.com/the-search-engine-land-app-now-live-for-ios-android-229749", "row": 0, "column": 24, "tagName": "table", "time": 23847.159258, "url": "", "pos": 24, "chunkLen": 66, "isStartTag": 0}}
06-28 15:12:58.419  1090  1105 E WProf.db: {"WprofHTMLTag": {"code": "0xaec1b1d0", "doc": "http://searchengineland.com/the-search-engine-land-app-now-live-for-ios-android-229749", "row": 0, "column": 37, "tagName": "a", "time": 23847.159320, "url": "", "pos": 37, "chunkLen": 66, "isStartTag": 1}}
06-28 15:12:58.419  1090  1105 E WProf.db: {"WprofHTMLTag": {"code": "0xaec1b200", "doc": "http://searchengineland.com/the-search-engine-land-app-now-live-for-ios-android-229749", "row": 0, "column": 42, "tagName": "a", "time": 23847.159480, "url": "", "pos": 42, "chunkLen": 66, "isStartTag": 0}}
06-28 15:12:58.419  1090  1105 E WProf.db: {"WprofHTMLTag": {"code": "0xaec1b230", "doc": "http://searchengineland.com/the-search-engine-land-app-now-live-for-ios-android-229749", "row": 0, "column": 66, "tagName": "input", "time": 23847.159549, "url": "", "pos": 66, "chunkLen": 66, "isStartTag": 1}}
06-28 15:12:58.419  1090  1105 E WProf.db: {"WprofHTMLTag": {"code": "0xaec1b410", "doc": "http://searchengineland.com/the-search-engine-land-app-now-live-for-ios-android-229749", "row": 115, "column": 154, "tagName": "script", "time": 23847.171540, "url": "http://searchengineland.com/figz/wp-content/themes/searchengineland/js/lib/jquery-ui-1.10.3.custom.min.js?ver=1.10.3", "pos": 67, "chunkLen": 67, "isStartTag": 1}}
06-28 15:12:58.419  1090  1105 E WProf.db: {"WprofHTMLTag": {"code": "0xaec1b440", "doc": "http://searchengineland.com/the-search-engine-land-app-now-live-for-ios-android-229749", "row": 115, "column": 163, "tagName": "script", "time": 23847.171791, "url": "", "pos": 67, "chunkLen": 67, "isStartTag": 0}}
06-28 15:12:58.419  1090  1105 E WProf.db: {"WprofHTMLTag": {"code": "0xaedd7c00", "doc": "http://searchengineland.com/the-search-engine-land-app-now-live-for-ios-android-229749", "row": 0, "column": 111, "tagName": "div", "time": 23847.384014, "url": "", "pos": 111, "chunkLen": 117, "isStartTag": 1}}
06-28 15:12:58.419  1090  1105 E WProf.db: {"WprofHTMLTag": {"code": "0xaedd7bd0", "doc": "http://searchengineland.com/the-search-engine-land-app-now-live-for-ios-android-229749", "row": 0, "column": 117, "tagName": "div", "time": 23847.384209, "url": "", "pos": 117, "chunkLen": 117, "isStartTag": 0}}
06-28 15:12:58.419  1090  1105 E WProf.db: {"WprofHTMLTag": {"code": "0xaec1b6e0", "doc": "http://searchengineland.com/the-search-engine-land-app-now-live-for-ios-android-229749", "row": 116, "column": 155, "tagName": "script", "time": 23847.415061, "url": "http://searchengineland.com/figz/wp-content/themes/searchengineland/js/lib/jquery.ba-throttle-debounce.min.js?ver=1.1", "pos": 118, "chunkLen": 118, "isStartTag": 1}}
06-28 15:12:58.419  1090  1105 E WProf.db: {"WprofHTMLTag": {"code": "0xaec1b710", "doc": "http://searchengineland.com/the-search-engine-land-app-now-live-for-ios-android-229749", "row": 116, "column": 164, "tagName": "script", "time": 23847.416432, "url": "", "pos": 118, "chunkLen": 118, "isStartTag": 0}}
