--------- beginning of main
06-28 13:43:51.973  3449  3449 E Finsky  : [1] com.google.android.finsky.wear.bl.a(3): onConnectionFailed: ConnectionResult{statusCode=API_UNAVAILABLE, resolution=null, message=null}
--------- beginning of system
06-28 13:43:53.226  4079  4079 E chromium: [ERROR:shell_integration_android.cc(12)] Not implemented reached in static ShellIntegration::DefaultWebClientSetPermission ShellIntegration::CanSetAsDefaultBrowser()
06-28 13:43:53.228  4079  4079 E chromium: [ERROR:browser_process_impl.cc(720)] Not implemented reached in virtual BackgroundModeManager* BrowserProcessImpl::background_mode_manager()
06-28 13:43:53.508  3218 23949 E AudioRecord-JNI: Error -4 during AudioRecord native read
06-28 13:43:56.088  4079  4124 E chromium: [ERROR:gles2_cmd_decoder.cc(3852)] [.ChromiumCompositor-0xacbb2fc0]GL ERROR :GL_INVALID_ENUM : glDiscardFramebufferEXT: attachments was GL_COLOR_EXT
06-28 13:43:56.364  4147  4160 E WPROF   : {"CSS": {"url": "http://searchengineland.com/figz/wp-content/themes/searchengineland/css/searchengineland-bootstrap.css", "requestTime": 18513.419593}}
06-28 13:43:56.365  4147  4160 E WPROF   : {"CSS": {"url": "http://fonts.googleapis.com/css?family=Oswald:300,400,700", "requestTime": 18513.420645}}
06-28 13:43:56.367  4147  4160 E WPROF   : {"CSS": {"url": "http://searchengineland.com/figz/wp-content/themes/searchengineland/style.css", "requestTime": 18513.422855}}
06-28 13:43:56.374  4147  4160 E WPROF   : {"Javascript": {"url": "http://searchengineland.com/figz/wp-content/themes/searchengineland/js/lib/modernizr.custom.js?ver=1.0", "requestTime": 18513.429294}}
06-28 13:43:56.374  4147  4160 E WPROF   : {"Javascript": {"url": "http://searchengineland.com/figz/wp-content/themes/searchengineland/js/lib/jquery-1.11.0.min.js?ver=1.11.0", "requestTime": 18513.429812}}
06-28 13:43:56.375  4147  4160 E WPROF   : {"Javascript": {"url": "http://searchengineland.com/figz/wp-content/themes/searchengineland/js/lib/jquery-ui-1.10.3.custom.min.js?ver=1.10.3", "requestTime": 18513.430563}}
06-28 13:43:56.375  4147  4160 E WPROF   : {"Javascript": {"url": "http://searchengineland.com/figz/wp-content/themes/searchengineland/js/lib/jquery.ba-throttle-debounce.min.js?ver=1.1", "requestTime": 18513.430961}}
06-28 13:43:56.376  4147  4160 E WPROF   : {"Javascript": {"url": "http://searchengineland.com/figz/wp-content/themes/searchengineland/js/lib/jquery.countdown.min.js?ver=2.0.4", "requestTime": 18513.431469}}
06-28 13:43:56.376  4147  4160 E WPROF   : {"Javascript": {"url": "http://static.chartbeat.com/js/chartbeat_mab.js", "requestTime": 18513.431886}}
06-28 13:43:56.866  4147  4160 E WPROF   : {"Javascript": {"url": "http://searchengineland.com/figz/wp-includes/js/wp-emoji-release.min.js?ver=4.7.5", "requestTime": 18513.921248}}
06-28 13:43:57.248  4147  4160 E WPROF   : {"Javascript": {"url": "http://www.googletagservices.com/tag/js/gpt.js", "requestTime": 18514.303626}}
06-28 13:43:57.252  4147  4160 E WPROF   : {"Javascript": {"url": "https://www.google-analytics.com/analytics.js", "requestTime": 18514.307708}}
06-28 13:43:57.254  4147  4160 E WPROF   : {"Javascript": {"url": "http://edge.quantserve.com/quant.js", "requestTime": 18514.310212}}
06-28 13:43:57.256  4147  4160 E WPROF   : {"Javascript": {"url": "https://connect.facebook.net/en_US/fbevents.js", "requestTime": 18514.312095}}
06-28 13:43:57.329  4079  4124 E chromium: [ERROR:gles2_cmd_decoder.cc(3852)] [.ChromiumCompositor-0xacbb2fc0]GL ERROR :GL_INVALID_ENUM : glDiscardFramebufferEXT: attachments was GL_COLOR_EXT
06-28 13:43:57.391  4147  4160 E WPROF   : {"Javascript": {"url": "http://app-sj02.marketo.com/js/forms2/js/forms2.min.js", "requestTime": 18514.446849}}
06-28 13:43:57.487  4079  4124 E chromium: [ERROR:gles2_cmd_decoder.cc(3852)] [.ChromiumCompositor-0xacbb2fc0]GL ERROR :GL_INVALID_ENUM : glDiscardFramebufferEXT: attachments was GL_COLOR_EXT
06-28 13:43:57.504  4147  4160 E WPROF   : {"Javascript": {"url": "https://connect.facebook.net/signals/config/423979991297359?v=2.7.17", "requestTime": 18514.559876}}
06-28 13:43:57.509  4147  4160 E WPROF   : {"Javascript": {"url": "https://securepubads.g.doubleclick.net/gpt/pubads_impl_121.js", "requestTime": 18514.564799}}
06-28 13:43:57.659  4147  4160 E WPROF   : {"Javascript": {"url": "http://app-sj02.marketo.com/index.php/form/getForm?munchkinId=727-ZQE-044&form=5691&url=http%3A%2F%2Fsearchengineland.com%2Fthird-door-media-expands-martech-coverage-with-newest-editorial-hire-234848&callback=jQuery110209195437433663756_1498625037592&_=1498625037593", "requestTime": 18514.714751}}
06-28 13:43:57.675  4147  4160 E WPROF   : {"Javascript": {"url": "http://app-sj02.marketo.com/index.php/form/getForm?munchkinId=727-ZQE-044&form=5685&url=http%3A%2F%2Fsearchengineland.com%2Fthird-door-media-expands-martech-coverage-with-newest-editorial-hire-234848&callback=jQuery110209195437433663756_1498625037594&_=1498625037595", "requestTime": 18514.730325}}
06-28 13:43:57.863  4147  4160 E WPROF   : {"Javascript": {"url": "http://app-sj02.marketo.com/index.php/form/getForm?munchkinId=727-ZQE-044&form=5673&url=http%3A%2F%2Fsearchengineland.com%2Fthird-door-media-expands-martech-coverage-with-newest-editorial-hire-234848&callback=jQuery110209195437433663756_1498625037596&_=1498625037597", "requestTime": 18514.918288}}
06-28 13:43:57.897  4147  4160 E WPROF   : {"Javascript": {"url": "http://searchengineland.com/js/ga_social_tracking.js", "requestTime": 18514.952602}}
06-28 13:43:57.898  4147  4160 E WPROF   : {"Javascript": {"url": "http://s7.addthis.com/js/300/addthis_widget.js#pubid=ra-53e918f660794f37", "requestTime": 18514.953441}}
06-28 13:43:57.987  4079  4124 E chromium: [ERROR:gles2_cmd_decoder.cc(3852)] [.ChromiumCompositor-0xacbb2fc0]GL ERROR :GL_INVALID_ENUM : glDiscardFramebufferEXT: attachments was GL_COLOR_EXT
06-28 13:43:58.388  4147  4160 E WPROF   : {"Javascript": {"url": "http://cdn.api.twitter.com/1/users/show.json?screen_name=mattmcgee&callback=twttr.setFollowersCount", "requestTime": 18515.443902}}
06-28 13:43:58.490  4079  4124 E chromium: [ERROR:gles2_cmd_decoder.cc(3852)] [.ChromiumCompositor-0xacbb2fc0]GL ERROR :GL_INVALID_ENUM : glDiscardFramebufferEXT: attachments was GL_COLOR_EXT
06-28 13:43:58.723   862  1657 E LocSvc_IzatApiV02: E/virtual int izat_core::IzatApiV02::getBatchSize(int32_t):522]: Error : st = 4, ind.status = -1628389555
06-28 13:43:58.723   862  1657 E LocSvc_IzatApiV02: E/virtual int izat_core::IzatApiV02::getBatchSize(int32_t):535]: get batching size failed.Or modem does not support batching 
06-28 13:43:58.732   862  1657 E LocSvc_IzatApiV02: E/virtual int izat_core::IzatApiV02::getBatchSize(int32_t):522]: Error : st = 4, ind.status = -1628389555
06-28 13:43:58.732   862  1657 E LocSvc_IzatApiV02: E/virtual int izat_core::IzatApiV02::getBatchSize(int32_t):535]: get batching size failed.Or modem does not support batching 
06-28 13:43:58.762   862  1657 E LocSvc_IzatApiV02: E/virtual int izat_core::IzatApiV02::getBatchSize(int32_t):522]: Error : st = 4, ind.status = -1628389555
06-28 13:43:58.762   862  1657 E LocSvc_IzatApiV02: E/virtual int izat_core::IzatApiV02::getBatchSize(int32_t):535]: get batching size failed.Or modem does not support batching 
06-28 13:43:58.774   862  1657 E LocSvc_IzatApiV02: E/virtual int izat_core::IzatApiV02::getBatchSize(int32_t):522]: Error : st = 4, ind.status = -1628389555
06-28 13:43:58.774   862  1657 E LocSvc_IzatApiV02: E/virtual int izat_core::IzatApiV02::getBatchSize(int32_t):535]: get batching size failed.Or modem does not support batching 
06-28 13:43:59.015  4147  4160 E WPROF   : {"Javascript": {"url": "https://securepubads.g.doubleclick.net/gampad/ads?gdfp_req=1&correlator=1435795417202688&output=json_html&callback=googletag.impl.pubads.callbackProxy1&impl=fifs&json_a=1&eid=108809080%2C21060130%2C108809107&sc=0&sfv=1-0-9&iu_parts=1038259%2Csel-ciu-1%2Csel-ciu-2%2Csel-ciu-3%2Csel-ciu-4%2Csel-ciu-5%", "requestTime": 18516.070600}}
06-28 13:43:59.428  4147  4160 E WPROF   : {"Javascript": {"url": "http://platform.twitter.com/widgets.js", "requestTime": 18516.483990}}
06-28 13:43:59.430  4147  4160 E WPROF   : {"Javascript": {"url": "http://connect.facebook.net/en_US/sdk.js", "requestTime": 18516.485853}}
06-28 13:43:59.432  4147  4160 E WPROF   : {"Javascript": {"url": "https://apis.google.com/js/platform.js", "requestTime": 18516.487401}}
06-28 13:43:59.457  4147  4160 E WPROF   : {"Javascript": {"url": "http://rules.quantcount.com/rules-p-5aGizvD82d9hk.js", "requestTime": 18516.512414}}
06-28 13:43:59.460  4147  4160 E WPROF   : {"Javascript": {"url": "http://munchkin.marketo.net/munchkin.js", "requestTime": 18516.516056}}
06-28 13:43:59.505  4147  4160 E WPROF   : {"Javascript": {"url": "https://static.xx.fbcdn.net/rsrc.php/v3iy6L4/yk/l/ko_KR/be4fIjHRc8P.js", "requestTime": 18516.560350}}
06-28 13:43:59.617  4079  4124 E chromium: [ERROR:gles2_cmd_decoder.cc(3852)] [.ChromiumCompositor-0xacbb2fc0]GL ERROR :GL_INVALID_ENUM : glDiscardFramebufferEXT: attachments was GL_COLOR_EXT
06-28 13:43:59.730  4147  4160 E WPROF   : {"Javascript": {"url": "http://d2j3qa5nc37287.cloudfront.net/coupon_code1.js", "requestTime": 18516.785280}}
06-28 13:43:59.736  4147  4160 E WPROF   : {"Javascript": {"url": "http://www.googleadservices.com/pagead/conversion.js", "requestTime": 18516.792146}}
06-28 13:43:59.737  4147  4160 E WPROF   : {"Javascript": {"url": "http://searchengineland.com/figz/wp-content/themes/searchengineland/js/script.js?ver=1.0", "requestTime": 18516.792867}}
06-28 13:43:59.738  4147  4160 E WPROF   : {"Javascript": {"url": "http://searchengineland.com/figz/wp-includes/js/wp-embed.min.js?ver=4.7.5", "requestTime": 18516.793276}}
06-28 13:43:59.738  4147  4160 E WPROF   : {"Javascript": {"url": "http://searchengineland.com/figz/wp-content/themes/searchengineland/js/modules/sharing_controls.js", "requestTime": 18516.793690}}
06-28 13:43:59.826  4079  4124 E chromium: [ERROR:gles2_cmd_decoder.cc(3852)] [.ChromiumCompositor-0xacbb2fc0]GL ERROR :GL_INVALID_ENUM : glDiscardFramebufferEXT: attachments was GL_COLOR_EXT
06-28 13:43:59.843  4147  4160 E WPROF   : {"CSS": {"url": "https://www.youtube.com/yts/cssbin/www-embed-player-sprite-mode-vfl5G4Xm8.css", "requestTime": 18516.898424}}
06-28 13:43:59.845  4147  4160 E WPROF   : {"Javascript": {"url": "https://www.youtube.com/yts/jsbin/www-embed-player-vfl_UY_j8/www-embed-player.js", "requestTime": 18516.900943}}
06-28 13:43:59.846  4147  4160 E WPROF   : {"Javascript": {"url": "https://www.youtube.com/yts/jsbin/player-vflo1w4O-/ko_KR/base.js", "requestTime": 18516.901903}}
06-28 13:44:00.445  4147  4160 E WPROF   : {"Javascript": {"url": "http://m.addthisedge.com/live/boost/ra-53e918f660794f37/_ate.track.config_resp", "requestTime": 18517.501013}}
06-28 13:44:00.498  4147  4160 E WPROF   : {"Javascript": {"url": "http://m.addthis.com/live/red_lojson/300lo.json?si=5953340f9a5b9e2f&bkl=0&bl=1&pdt=1931&sid=5953340f9a5b9e2f&pub=ra-53e918f660794f37&rev=v7.15.4-wp&ln=ko&pc=men&cb=0&ab=-&dp=searchengineland.com&fp=third-door-media-expands-martech-coverage-with-newest-editorial-hire-234848&fr=&of=0&pd=0&irt=0&vcl=0&", "requestTime": 18517.553786}}
06-28 13:44:00.853  4079  4124 E chromium: [ERROR:gles2_cmd_decoder.cc(3852)] [.ChromiumCompositor-0xacbb2fc0]GL ERROR :GL_INVALID_ENUM : glDiscardFramebufferEXT: attachments was GL_COLOR_EXT
06-28 13:44:01.001  4147  4160 E WPROF   : {"Javascript": {"url": "http://dnn506yrbagrg.cloudfront.net/pages/scripts/0026/4062.js?416284", "requestTime": 18518.057081}}
06-28 13:44:01.034  4079  4124 E chromium: [ERROR:gles2_cmd_decoder.cc(3852)] [.ChromiumCompositor-0xacbb2fc0]GL ERROR :GL_INVALID_ENUM : glDiscardFramebufferEXT: attachments was GL_COLOR_EXT
06-28 13:44:02.290  4147  4160 E WPROF   : {"Javascript": {"url": "https://www.google.com/js/bg/KWBfAnWFESAEEaKKgdYlTHY9ysQaNoQuzeMFqvxDSM8.js", "requestTime": 18519.345429}}
06-28 13:44:02.292  4147  4160 E WPROF   : {"Javascript": {"url": "https://static.doubleclick.net/instream/ad_status.js", "requestTime": 18519.347606}}
06-28 13:44:02.669  4079  4124 E chromium: [ERROR:gles2_cmd_decoder.cc(3852)] [.ChromiumCompositor-0xacbb2fc0]GL ERROR :GL_INVALID_ENUM : glDiscardFramebufferEXT: attachments was GL_COLOR_EXT
06-28 13:44:03.455  4079  4124 E chromium: [ERROR:gles2_cmd_decoder.cc(3852)] [.ChromiumCompositor-0xacbb2fc0]GL ERROR :GL_INVALID_ENUM : glDiscardFramebufferEXT: attachments was GL_COLOR_EXT
06-28 13:44:03.646  4147  4160 E WPROF   : {"CSS": {"url": "http://app-sj02.marketo.com/js/forms2/css/forms2.css", "requestTime": 18520.701983}}
06-28 13:44:03.650  4147  4160 E WPROF   : {"CSS": {"url": "http://app-sj02.marketo.com/js/forms2/css/forms2-theme-simple.css", "requestTime": 18520.705785}}
06-28 13:44:03.794  4147  4160 E WPROF   : {"Javascript": {"url": "https://tpc.googlesyndication.com/pagead/js/r20170619/r20110914/client/ext/m_window_focus_non_hydra.js", "requestTime": 18520.849980}}
06-28 13:44:03.796  4147  4160 E WPROF   : {"Javascript": {"url": "https://tpc.googlesyndication.com/pagead/js/r20170619/r20110914/activeview/osd_listener.js", "requestTime": 18520.852168}}
06-28 13:44:03.802  4147  4160 E WPROF   : {"Javascript": {"url": "http://pagead2.googlesyndication.com/pagead/osd.js", "requestTime": 18520.857490}}
06-28 13:44:04.095  4147  4160 E WPROF   : {"Javascript": {"url": "https://platform.twitter.com/js/button.b731e6c82269f70f6fc53634e044a4c6.js", "requestTime": 18521.150916}}
06-28 13:44:04.101  4147  4160 E WPROF   : {"Javascript": {"url": "http://munchkin.marketo.net/151/munchkin.js", "requestTime": 18521.156325}}
06-28 13:44:04.108  4147  4160 E WPROF   : {"Javascript": {"url": "http://www.justuno.com/ajax/account_version_check.html?id=828FA275-FF73-401E-AA39-40F5A6FAB6B1", "requestTime": 18521.163664}}
06-28 13:44:04.366  4147  4160 E WPROF   : {"Javascript": {"url": "http://s7.addthis.com/static/layers.4acb6c577b51939661ec.js", "requestTime": 18521.421669}}
06-28 13:44:04.443  4079  4124 E chromium: [ERROR:gles2_cmd_decoder.cc(3852)] [.ChromiumCompositor-0xacbb2fc0]GL ERROR :GL_INVALID_ENUM : glDiscardFramebufferEXT: attachments was GL_COLOR_EXT
06-28 13:44:04.777  4079  4124 E chromium: [ERROR:gles2_cmd_decoder.cc(3852)] [.ChromiumCompositor-0xacbb2fc0]GL ERROR :GL_INVALID_ENUM : glDiscardFramebufferEXT: attachments was GL_COLOR_EXT
06-28 13:44:04.943  4079  4124 E chromium: [ERROR:gles2_cmd_decoder.cc(3852)] [.ChromiumCompositor-0xacbb2fc0]GL ERROR :GL_INVALID_ENUM : glDiscardFramebufferEXT: attachments was GL_COLOR_EXT
06-28 13:44:05.005  4079  4124 E chromium: [ERROR:gles2_cmd_decoder.cc(3852)] [.ChromiumCompositor-0xacbb2fc0]GL ERROR :GL_INVALID_ENUM : glDiscardFramebufferEXT: attachments was GL_COLOR_EXT
06-28 13:44:06.631  4147  4160 E WPROF   : {"Javascript": {"url": "http://cdn.justuno.com/mwgt_3.6.js", "requestTime": 18523.686815}}
06-28 13:44:06.841  4079  4124 E chromium: [ERROR:gles2_cmd_decoder.cc(3852)] [.ChromiumCompositor-0xacbb2fc0]GL ERROR :GL_INVALID_ENUM : glDiscardFramebufferEXT: attachments was GL_COLOR_EXT
06-28 13:44:06.956  4079  4124 E chromium: [ERROR:gles2_cmd_decoder.cc(3852)] [.ChromiumCompositor-0xacbb2fc0]GL ERROR :GL_INVALID_ENUM : glDiscardFramebufferEXT: attachments was GL_COLOR_EXT
06-28 13:44:07.107  4079  4124 E chromium: [ERROR:gles2_cmd_decoder.cc(3852)] [.ChromiumCompositor-0xacbb2fc0]GL ERROR :GL_INVALID_ENUM : glDiscardFramebufferEXT: attachments was GL_COLOR_EXT
06-28 13:44:07.246  4079  4124 E chromium: [ERROR:gles2_cmd_decoder.cc(3852)] [.ChromiumCompositor-0xacbb2fc0]GL ERROR :GL_INVALID_ENUM : glDiscardFramebufferEXT: attachments was GL_COLOR_EXT
06-28 13:44:07.375  4079  4124 E chromium: [ERROR:gles2_cmd_decoder.cc(3852)] [.ChromiumCompositor-0xacbb2fc0]GL ERROR :GL_INVALID_ENUM : glDiscardFramebufferEXT: attachments was GL_COLOR_EXT
06-28 13:44:08.246  4147  4160 E WPROF   : {"Javascript": {"url": "https://cdn.syndication.twimg.com/widgets/followbutton/info.json?callback=__twttr.setFollowersCountAndFollowing&lang=en&screen_names=sengineland", "requestTime": 18525.301220}}
06-28 13:44:08.667  4147  4160 E WProf.db: {"page": "searchengineland.com_third-door-media-expands-martech-coverage-with-newest-editorial-hire-234848"}
06-28 13:44:08.667  4147  4160 E WProf.db: {"DOMLoad": 18525.723048}
06-28 13:44:08.667  4147  4160 E WProf.db: {"Resource": {"id": 1, "url": "http://searchengineland.com/third-door-media-expands-martech-coverage-with-newest-editorial-hire-234848", "sentTime": -1.000000, "len": 90709, "from": "0x0", "mimeType": "text/html", "contentLength": -1, "httpStatus": 200, "connId": 19, "connReused": 1, "cached": 0,"requestTime": 18513.033128, "proxyStart": -1, "proxyEnd": -1, "dnsStart": -1, "dnsEnd": -1, "connectStart": 0, "connectEnd": 89, "sendStart": 89, "sendEnd": 90, "receiveHeadersEnd": 233, "sslStart": -1, "sslEnd": -1}}
06-28 13:44:08.668  4147  4160 E WProf.db: {"ReceivedChunk": {"receivedTime": 18513.281560, "len": 7990}}
06-28 13:44:08.668  4147  4160 E WProf.db: {"ReceivedChunk": {"receivedTime": 18513.408859, "len": 32768}}
06-28 13:44:08.668  4147  4160 E WProf.db: {"ReceivedChunk": {"receivedTime": 18513.409430, "len": 31952}}
06-28 13:44:08.668  4147  4160 E WProf.db: {"ReceivedChunk": {"receivedTime": 18513.410926, "len": 14180}}
06-28 13:44:08.668  4147  4160 E WProf.db: {"ReceivedChunk": {"receivedTime": 18513.411299, "len": 3819}}
06-28 13:44:08.668  4147  4160 E WProf.db: {"WprofHTMLTag": {"code": "0xaedd66c0", "doc": "http://searchengineland.com/third-door-media-expands-martech-coverage-with-newest-editorial-hire-234848", "row": 6, "column": 42, "tagName": "html", "time": 18513.413005, "url": "", "pos": 1, "chunkLen": 1, "isStartTag": 1}}
06-28 13:44:08.668  4147  4160 E WProf.db: {"WprofHTMLTag": {"code": "0xaedd6570", "doc": "http://searchengineland.com/third-door-media-expands-martech-coverage-with-newest-editorial-hire-234848", "row": 7, "column": 6, "tagName": "head", "time": 18513.413559, "url": "", "pos": 1, "chunkLen": 1, "isStartTag": 1}}
06-28 13:44:08.668  4147  4160 E WProf.db: {"WprofHTMLTag": {"code": "0xaedd6540", "doc": "http://searchengineland.com/third-door-media-expands-martech-coverage-with-newest-editorial-hire-234848", "row": 8, "column": 54, "tagName": "meta", "time": 18513.413610, "url": "", "pos": 1, "chunkLen": 1, "isStartTag": 1}}
06-28 13:44:08.668  4147  4160 E WProf.db: {"WprofHTMLTag": {"code": "0xaedd62a0", "doc": "http://searchengineland.com/third-door-media-expands-martech-coverage-with-newest-editorial-hire-234848", "row": 9, "column": 68, "tagName": "meta", "time": 18513.413780, "url": "", "pos": 1, "chunkLen": 1, "isStartTag": 1}}
06-28 13:44:08.668  4147  4160 E WProf.db: {"WprofHTMLTag": {"code": "0xaf047730", "doc": "http://searchengineland.com/third-door-media-expands-martech-coverage-with-newest-editorial-hire-234848", "row": 10, "column": 23, "tagName": "meta", "time": 18513.413988, "url": "", "pos": 1, "chunkLen": 1, "isStartTag": 1}}
06-28 13:44:08.668  4147  4160 E WProf.db: {"WprofHTMLTag": {"code": "0xaf047820", "doc": "http://searchengineland.com/third-door-media-expands-martech-coverage-with-newest-editorial-hire-234848", "row": 11, "column": 52, "tagName": "meta", "time": 18513.414148, "url": "", "pos": 1, "chunkLen": 1, "isStartTag": 1}}
06-28 13:44:08.668  4147  4160 E WProf.db: {"WprofHTMLTag": {"code": "0xaf047850", "doc": "http://searchengineland.com/third-door-media-expands-martech-coverage-with-newest-editorial-hire-234848", "row": 14, "column": 56, "tagName": "meta", "time": 18513.414289, "url": "", "pos": 1, "chunkLen": 1, "isStartTag": 1}}
06-28 13:44:08.668  4147  4160 E WProf.db: {"WprofHTMLTag": {"code": "0xaf047880", "doc": "http://searchengineland.com/third-door-media-expands-martech-coverage-with-newest-editorial-hire-234848", "row": 15, "column": 83, "tagName": "meta", "time": 18513.414420, "url": "", "pos": 1, "chunkLen": 1, "isStartTag": 1}}
06-28 13:44:08.668  4147  4160 E WProf.db: {"WprofHTMLTag": {"code": "0xaf0478b0", "doc": "http://searchengineland.com/third-door-media-expands-martech-coverage-with-newest-editorial-hire-234848", "row": 16, "column": 57, "tagName": "meta", "time": 18513.414543, "url": "", "pos": 1, "chunkLen": 1, "isStartTag": 1}}
06-28 13:44:08.668  4147  4160 E WProf.db: {"WprofHTMLTag": {"code": "0xaf047940", "doc": "http://searchengineland.com/third-door-media-expands-martech-coverage-with-newest-editorial-hire-234848", "row": 17, "column": 41, "tagName": "meta", "time": 18513.414673, "url": "", "pos": 1, "chunkLen": 1, "isStartTag": 1}}
06-28 13:44:08.669  4147  4160 E WProf.db: {"WprofHTMLTag": {"code": "0xaf047970", "doc": "http://searchengineland.com/third-door-media-expands-martech-coverage-with-newest-editorial-hire-234848", "row": 18, "column": 50, "tagName": "meta", "time": 18513.414797, "url": "", "pos": 1, "chunkLen": 1, "isStartTag": 1}}
06-28 13:44:08.669  4147  4160 E WProf.db: {"WprofHTMLTag": {"code": "0xaf0479a0", "doc": "http://searchengineland.com/third-door-media-expands-martech-coverage-with-newest-editorial-hire-234848", "row": 19, "column": 174, "tagName": "meta", "time": 18513.414923, "url": "", "pos": 1, "chunkLen": 1, "isStartTag": 1}}
06-28 13:44:08.669  4147  4160 E WProf.db: {"WprofHTMLTag": {"code": "0xaf047910", "doc": "http://searchengineland.com/third-door-media-expands-martech-coverage-with-newest-editorial-hire-234848", "row": 20, "column": 47, "tagName": "meta", "time": 18513.415054, "url": "", "pos": 1, "chunkLen": 1, "isStartTag": 1}}
06-28 13:44:08.669  4147  4160 E WProf.db: {"WprofHTMLTag": {"code": "0xaf0478e0", "doc": "http://searchengineland.com/third-door-media-expands-martech-coverage-with-newest-editorial-hire-234848", "row": 21, "column": 67, "tagName": "meta", "time": 18513.415182, "url": "", "pos": 1, "chunkLen": 1, "isStartTag": 1}}
06-28 13:44:08.669  4147  4160 E WProf.db: {"WprofHTMLTag": {"code": "0xaf0479d0", "doc": "http://searchengineland.com/third-door-media-expands-martech-coverage-with-newest-editorial-hire-234848", "row": 22, "column": 57, "tagName": "meta", "time": 18513.415319, "url": "", "pos": 1, "chunkLen": 1, "isStartTag": 1}}
06-28 13:44:08.669  4147  4160 E WProf.db: {"WprofHTMLTag": {"code": "0xaf047a00", "doc": "http://searchengineland.com/third-door-media-expands-martech-coverage-with-newest-editorial-hire-234848", "row": 23, "column": 65, "tagName": "meta", "time": 18513.415452, "url": "", "pos": 1, "chunkLen": 1, "isStartTag": 1}}
06-28 13:44:08.669  4147  4160 E WProf.db: {"WprofHTMLTag": {"code": "0xaf047a30", "doc": "http://searchengineland.com/third-door-media-expands-martech-coverage-with-newest-editorial-hire-234848", "row": 24, "column": 55, "tagName": "meta", "time": 18513.415587, "url": "", "pos": 1, "chunkLen": 1, "isStartTag": 1}}
06-28 13:44:08.669  4147  4160 E WProf.db: {"WprofHTMLTag": {"code": "0xaf047a60", "doc": "http://searchengineland.com/third-door-media-expands-martech-coverage-with-newest-editorial-hire-234848", "row": 25, "column": 71, "tagName": "meta", "time": 18513.415724, "url": "", "pos": 1, "chunkLen": 1, "isStartTag": 1}}
06-28 13:44:08.669  4147  4160 E WProf.db: {"WprofHTMLTag": {"code": "0xaf047a90", "doc": "http://searchengineland.com/third-door-media-expands-martech-coverage-with-newest-editorial-hire-234848", "row": 26, "column": 86, "tagName": "meta", "time": 18513.415853, "url": "", "pos": 1, "chunkLen": 1, "isStartTag": 1}}
06-28 13:44:08.669  4147  4160 E WProf.db: {"WprofHTMLTag": {"code": "0xaf047ac0", "doc": "http://searchengineland.com/third-door-media-expands-martech-coverage-with-newest-editorial-hire-234848", "row": 27, "column": 54, "tagName": "meta", "time": 18513.415985, "url": "", "pos": 1, "chunkLen": 1, "isStartTag": 1}}
06-28 13:44:08.669  4147  4160 E WProf.db: {"WprofHTMLTag": {"code": "0xaf047af0", "doc": "http://searchengineland.com/third-door-media-expands-martech-coverage-with-newest-editorial-hire-234848", "row": 29, "column": 39, "tagName": "meta", "time": 18513.416107, "url": "", "pos": 1, "chunkLen": 1, "isStartTag": 1}}
06-28 13:44:08.669  4147  4160 E WProf.db: {"WprofHTMLTag": {"code": "0xaf047b20", "doc": "http://searchengineland.com/third-door-media-expands-martech-coverage-with-newest-editorial-hire-234848", "row": 30, "column": 180, "tagName": "meta", "time": 18513.416239, "url": "", "pos": 1, "chunkLen": 1, "isStartTag": 1}}
06-28 13:44:08.669  4147  4160 E WProf.db: {"WprofHTMLTag": {"code": "0xaf047b50", "doc": "http://searchengineland.com/third-door-media-expands-martech-coverage-with-newest-editorial-hire-234848", "row": 31, "column": 55, "tagName": "meta", "time": 18513.416363, "url": "", "pos": 1, "chunkLen": 1, "isStartTag": 1}}
06-28 13:44:08.670  4147  4160 E WProf.db: {"WprofHTMLTag": {"code": "0xaf047b80", "doc": "http://searchengineland.com/third-door-media-expands-martech-coverage-with-newest-editorial-hire-234848", "row": 32, "column": 54, "tagName": "meta", "time": 18513.416494, "url": "", "pos": 1, "chunkLen": 1, "isStartTag": 1}}
06-28 13:44:08.670  4147  4160 E WProf.db: {"WprofHTMLTag": {"code": "0xaf047bb0", "doc": "http://searchengineland.com/third-door-media-expands-martech-coverage-with-newest-editorial-hire-234848", "row": 33, "column": 135, "tagName": "meta", "time": 18513.416633, "url": "", "pos": 1, "chunkLen": 1, "isStartTag": 1}}
06-28 13:44:08.670  4147  4160 E WProf.db: {"WprofHTMLTag": {"code": "0xaf047be0", "doc": "http://searchengineland.com/third-door-media-expands-martech-coverage-with-newest-editorial-hire-234848", "row": 37, "column": 36, "tagName": "script", "time": 18513.416756, "url": "", "pos": 1, "chunkLen": 1, "isStartTag": 1}}
06-28 13:44:08.670  4147  4160 E WProf.db: {"WprofHTMLTag": {"code": "0xaf047c10", "doc": "http://searchengineland.com/third-door-media-expands-martech-coverage-with-newest-editorial-hire-234848", "row": 53, "column": 10, "tagName": "script", "time": 18513.417040, "url": "", "pos": 1, "chunkLen": 1, "isStartTag": 0}}
06-28 13:44:08.670  4147  4160 E WProf.db: {"WprofHTMLTag": {"code": "0xaedd66f0", "doc": "http://searchengineland.com/third-door-media-expands-martech-coverage-with-newest-editorial-hire-234848", "row": 55, "column": 86, "tagName": "link", "time": 18513.417780, "url": "http://searchengineland.com/apple-touch-icon.png", "pos": 1, "chunkLen": 1, "isStartTag": 1}}
06-28 13:44:08.670  4147  4160 E WProf.db: {"WprofHTMLTag": {"code": "0xaf047c40", "doc": "http://searchengineland.com/third-door-media-expands-martech-coverage-with-newest-editorial-hire-234848", "row": 56, "column": 76, "tagName": "link", "time": 18513.418165, "url": "http://searchengineland.com/favicon.ico", "pos": 1, "chunkLen": 1, "isStartTag": 1}}
06-28 13:44:08.670  4147  4160 E WProf.db: {"WprofHTMLTag": {"code": "0xaf047c70", "doc": "http://searchengineland.com/third-door-media-expands-martech-coverage-with-newest-editorial-hire-234848", "row": 57, "column": 158, "tagName": "link", "time": 18513.418413, "url": "http://feeds.searchengineland.com/searchengineland", "pos": 1, "chunkLen": 1, "isStartTag": 1}}
06-28 13:44:08.670  4147  4160 E WProf.db: {"WprofHTMLTag": {"code": "0xaf047ca0", "doc": "http://searchengineland.com/third-door-media-expands-martech-coverage-with-newest-editorial-hire-234848", "row": 58, "column": 149, "tagName": "link", "time": 18513.418780, "url": "http://feeds.searchengineland.com/searchcap", "pos": 1, "chunkLen": 1, "isStartTag": 1}}
06-28 13:44:08.670  4147  4160 E WProf.db: {"WprofHTMLTag": {"code": "0xaf047cd0", "doc": "http://searchengineland.com/third-door-media-expands-martech-coverage-with-newest-editorial-hire-234848", "row": 59, "column": 150, "tagName": "link", "time": 18513.419220, "url": "http://searchengineland.com/figz/wp-content/themes/searchengineland/css/searchengineland-bootstrap.css", "pos": 1, "chunkLen": 1, "isStartTag": 1}}
06-28 13:44:08.670  4147  4160 E WProf.db: {"WprofHTMLTag": {"code": "0xaf047d30", "doc": "http://searchengineland.com/third-door-media-expands-martech-coverage-with-newest-editorial-hire-234848", "row": 60, "column": 105, "tagName": "link", "time": 18513.420240, "url": "http://fonts.googleapis.com/css?family=Oswald:300,400,700", "pos": 1, "chunkLen": 1, "isStartTag": 1}}
06-28 13:44:08.670  4147  4160 E WProf.db: {"WprofHTMLTag": {"code": "0xaf047d90", "doc": "http://searchengineland.com/third-door-media-expands-martech-coverage-with-newest-editorial-hire-234848", "row": 61, "column": 125, "tagName": "link", "time": 18513.422232, "url": "http://searchengineland.com/figz/wp-content/themes/searchengineland/style.css", "pos": 1, "chunkLen": 1, "isStartTag": 1}}
06-28 13:44:08.670  4147  4160 E WProf.db: {"WprofHTMLTag": {"code": "0xaf047df0", "doc": "http://searchengineland.com/third-door-media-expands-martech-coverage-with-newest-editorial-hire-234848", "row": 65, "column": 7, "tagName": "title", "time": 18513.423321, "url": "", "pos": 1, "chunkLen": 1, "isStartTag": 1}}
06-28 13:44:08.670  4147  4160 E WProf.db: {"WprofHTMLTag": {"code": "0xaf047e20", "doc": "http://searchengineland.com/third-door-media-expands-martech-coverage-with-newest-editorial-hire-234848", "row": 65, "column": 83, "tagName": "title", "time": 18513.423619, "url": "", "pos": 1, "chunkLen": 1, "isStartTag": 0}}
06-28 13:44:08.671  4147  4160 E WProf.db: {"WprofHTMLTag": {"code": "0xaf047e50", "doc": "http://searchengineland.com/third-door-media-expands-martech-coverage-with-newest-editorial-hire-234848", "row": 66, "column": 207, "tagName": "meta", "time": 18513.423648, "url": "", "pos": 1, "chunkLen": 1, "isStartTag": 1}}
06-28 13:44:08.671  4147  4160 E WProf.db: {"WprofHTMLTag": {"code": "0xaf047e80", "doc": "http://searchengineland.com/third-door-media-expands-martech-coverage-with-newest-editorial-hire-234848", "row": 67, "column": 40, "tagName": "meta", "time": 18513.423815, "url": "", "pos": 1, "chunkLen": 1, "isStartTag": 1}}
06-28 13:44:08.671  4147  4160 E WProf.db: {"WprofHTMLTag": {"code": "0xaf047eb0", "doc": "http://searchengineland.com/third-door-media-expands-martech-coverage-with-newest-editorial-hire-234848", "row": 68, "column": 145, "tagName": "meta", "time": 18513.423978, "url": "", "pos": 1, "chunkLen": 1, "isStartTag": 1}}
06-28 13:44:08.671  4147  4160 E WProf.db: {"WprofHTMLTag": {"code": "0xaf047ee0", "doc": "http://searchengineland.com/third-door-media-expands-martech-coverage-with-newest-editorial-hire-234848", "row": 69, "column": 37, "tagName": "meta", "time": 18513.424116, "url": "", "pos": 1, "chunkLen": 1, "isStartTag": 1}}
06-28 13:44:08.671  4147  4160 E WProf.db: {"WprofHTMLTag": {"code": "0xaf047f10", "doc": "http://searchengineland.com/third-door-media-expands-martech-coverage-with-newest-editorial-hire-234848", "row": 70, "column": 135, "tagName": "link", "time": 18513.424249, "url": "http://searchengineland.com/third-door-media-expands-martech-coverage-with-newest-editorial-hire-234848", "pos": 1, "chunkLen": 1, "isStartTag": 1}}
06-28 13:44:08.671  4147  4160 E WProf.db: {"WprofHTMLTag": {"code": "0xaf047f40", "doc": "http://searchengineland.com/third-door-media-expands-martech-coverage-with-newest-editorial-hire-234848", "row": 71, "column": 76, "tagName": "link", "time": 18513.424511, "url": "https://plus.google.com/103218677032751327334", "pos": 1, "chunkLen": 1, "isStartTag": 1}}
06-28 13:44:08.671  4147  4160 E WProf.db: {"WprofHTMLTag": {"code": "0xaf047f70", "doc": "http://searchengineland.com/third-door-media-expands-martech-coverage-with-newest-editorial-hire-234848", "row": 72, "column": 45, "tagName": "meta", "time": 18513.424729, "url": "", "pos": 1, "chunkLen": 1, "isStartTag": 1}}
06-28 13:44:08.671  4147  4160 E WProf.db: {"WprofHTMLTag": {"code": "0xaf047fa0", "doc": "http://searchengineland.com/third-door-media-expands-martech-coverage-with-newest-editorial-hire-234848", "row": 73, "column": 45, "tagName": "meta", "time": 18513.424873, "url": "", "pos": 1, "chunkLen": 1, "isStartTag": 1}}
06-28 13:44:08.671  4147  4160 E WProf.db: {"WprofHTMLTag": {"code": "0xaf047fd0", "doc": "http://searchengineland.com/third-door-media-expands-martech-coverage-with-newest-editorial-hire-234848", "row": 74, "column": 107, "tagName": "meta", "time": 18513.425018, "url": "", "pos": 1, "chunkLen": 1, "isStartTag": 1}}
06-28 13:44:08.671  4147  4160 E WProf.db: {"WprofHTMLTag": {"code": "0xb4cc74b0", "doc": "http://searchengineland.com/third-door-media-expands-martech-coverage-with-newest-editorial-hire-234848", "row": 75, "column": 215, "tagName": "meta", "time": 18513.425161, "url": "", "pos": 1, "chunkLen": 1, "isStartTag": 1}}
06-28 13:44:08.671  4147  4160 E WProf.db: {"WprofHTMLTag": {"code": "0xb4cc7540", "doc": "http://searchengineland.com/third-door-media-expands-martech-coverage-with-newest-editorial-hire-234848", "row": 76, "column": 140, "tagName": "meta", "time": 18513.425308, "url": "", "pos": 1, "chunkLen": 1, "isStartTag": 1}}
06-28 13:44:08.671  4147  4160 E WProf.db: {"WprofHTMLTag": {"code": "0xb4cc78a0", "doc": "http://searchengineland.com/third-door-media-expands-martech-coverage-with-newest-editorial-hire-234848", "row": 77, "column": 61, "tagName": "meta", "time": 18513.425458, "url": "", "pos": 1, "chunkLen": 1, "isStartTag": 1}}
06-28 13:44:08.671  4147  4160 E WProf.db: {"WprofHTMLTag": {"code": "0xb4cc78d0", "doc": "http://searchengineland.com/third-door-media-expands-martech-coverage-with-newest-editorial-hire-234848", "row": 78, "column": 89, "tagName": "meta", "time": 18513.425641, "url": "", "pos": 1, "chunkLen": 1, "isStartTag": 1}}
06-28 13:44:08.672  4147  4160 E WProf.db: {"WprofHTMLTag": {"code": "0xb4cc7900", "doc": "http://searchengineland.com/third-door-media-expands-martech-coverage-with-newest-editorial-hire-234848", "row": 79, "column": 70, "tagName": "meta", "time": 18513.425789, "url": "", "pos": 1, "chunkLen": 1, "isStartTag": 1}}
06-28 13:44:08.672  4147  4160 E WProf.db: {"WprofHTMLTag": {"code": "0xb4cc7930", "doc": "http://searchengineland.com/third-door-media-expands-martech-coverage-with-newest-editorial-hire-234848", "row": 80, "column": 78, "tagName": "meta", "time": 18513.425928, "url": "", "pos": 1, "chunkLen": 1, "isStartTag": 1}}
06-28 13:44:08.672  4147  4160 E WProf.db: {"WprofHTMLTag": {"code": "0xb4cc7960", "doc": "http://searchengineland.com/third-door-media-expands-martech-coverage-with-newest-editorial-hire-234848", "row": 81, "column": 77, "tagName": "meta", "time": 18513.426061, "url": "", "pos": 1, "chunkLen": 1, "isStartTag": 1}}
06-28 13:44:08.672  4147  4160 E WProf.db: {"WprofHTMLTag": {"code": "0xb4cc7990", "doc": "http://searchengineland.com/third-door-media-expands-martech-coverage-with-newest-editorial-hire-234848", "row": 82, "column": 71, "tagName": "meta", "time": 18513.426189, "url": "", "pos": 1, "chunkLen": 1, "isStartTag": 1}}
06-28 13:44:08.672  4147  4160 E WProf.db: {"WprofHTMLTag": {"code": "0xb4cc79c0", "doc": "http://searchengineland.com/third-door-media-expands-martech-coverage-with-newest-editorial-hire-234848", "row": 83, "column": 129, "tagName": "meta", "time": 18513.426320, "url": "", "pos": 1, "chunkLen": 1, "isStartTag": 1}}
06-28 13:44:08.672  4147  4160 E WProf.db: {"WprofHTMLTag": {"code": "0xb4cc79f0", "doc": "http://searchengineland.com/third-door-media-expands-martech-coverage-with-newest-editorial-hire-234848", "row": 84, "column": 49, "tagName": "meta", "time": 18513.426438, "url": "", "pos": 1, "chunkLen": 1, "isStartTag": 1}}
06-28 13:44:08.672  4147  4160 E WProf.db: {"WprofHTMLTag": {"code": "0xb4cc7a20", "doc": "http://searchengineland.com/third-door-media-expands-martech-coverage-with-newest-editorial-hire-234848", "row": 85, "column": 50, "tagName": "meta", "time": 18513.426561, "url": "", "pos": 1, "chunkLen": 1, "isStartTag": 1}}
06-28 13:44:08.672  4147  4160 E WProf.db: {"WprofHTMLTag": {"code": "0xb4cc7a50", "doc": "http://searchengineland.com/third-door-media-expands-martech-coverage-with-newest-editorial-hire-234848", "row": 86, "column": 58, "tagName": "meta", "time": 18513.426753, "url": "", "pos": 1, "chunkLen": 1, "isStartTag": 1}}
06-28 13:44:08.672  4147  4160 E WProf.db: {"WprofHTMLTag": {"code": "0xb4cc7a80", "doc": "http://searchengineland.com/third-door-media-expands-martech-coverage-with-newest-editorial-hire-234848", "row": 87, "column": 216, "tagName": "meta", "time": 18513.426875, "url": "", "pos": 1, "chunkLen": 1, "isStartTag": 1}}
06-28 13:44:08.672  4147  4160 E WProf.db: {"WprofHTMLTag": {"code": "0xb4cc7ab0", "doc": "http://searchengineland.com/third-door-media-expands-martech-coverage-with-newest-editorial-hire-234848", "row": 88, "column": 108, "tagName": "meta", "time": 18513.426994, "url": "", "pos": 1, "chunkLen": 1, "isStartTag": 1}}
06-28 13:44:08.672  4147  4160 E WProf.db: {"WprofHTMLTag": {"code": "0xb4cc7ae0", "doc": "http://searchengineland.com/third-door-media-expands-martech-coverage-with-newest-editorial-hire-234848", "row": 89, "column": 51, "tagName": "meta", "time": 18513.427146, "url": "", "pos": 1, "chunkLen": 1, "isStartTag": 1}}
06-28 13:44:08.672  4147  4160 E WProf.db: {"WprofHTMLTag": {"code": "0xb4cc7b10", "doc": "http://searchengineland.com/third-door-media-expands-martech-coverage-with-newest-editorial-hire-234848", "row": 90, "column": 130, "tagName": "meta", "time": 18513.427921, "url": "", "pos": 1, "chunkLen": 1, "isStartTag": 1}}
06-28 13:44:08.672  4147  4160 E WProf.db: {"WprofHTMLTag": {"code": "0xb4cc7b40", "doc": "http://searchengineland.com/third-door-media-expands-martech-coverage-with-newest-editorial-hire-234848", "row": 91, "column": 52, "tagName": "meta", "time": 18513.428049, "url": "", "pos": 1, "chunkLen": 1, "isStartTag": 1}}
06-28 13:44:08.672  4147  4160 E WProf.db: {"WprofHTMLTag": {"code": "0xb4cc7b70", "doc": "http://searchengineland.com/third-door-media-expands-martech-coverage-with-newest-editorial-hire-234848", "row": 94, "column": 44, "tagName": "link", "time": 18513.428179, "url": "http://s.w.org/", "pos": 1, "chunkLen": 1, "isStartTag": 1}}
06-28 13:44:08.673  4147  4160 E WProf.db: {"WprofHTMLTag": {"code": "0xb4cc7ba0", "doc": "http://searchengineland.com/third-door-media-expands-martech-coverage-with-newest-editorial-hire-234848", "row": 95, "column": 33, "tagName": "script", "time": 18513.428421, "url": "", "pos": 1, "chunkLen": 1, "isStartTag": 1}}
06-28 13:44:08.673  4147  4160 E WProf.db: {"WprofHTMLTag": {"code": "0xb4cc7bd0", "doc": "http://searchengineland.com/third-door-media-expands-martech-coverage-with-newest-editorial-hire-234848", "row": 98, "column": 11, "tagName": "script", "time": 18513.428774, "url": "http://searchengineland.com/figz/wp-includes/js/wp-emoji-release.min.js?ver=4.7.5", "pos": 1, "chunkLen": 1, "isStartTag": 0}}
06-28 13:44:08.673  4147  4160 E WProf.db: {"WprofHTMLTag": {"code": "0x9ea49930", "doc": "http://searchengineland.com/third-door-media-expands-martech-coverage-with-newest-editorial-hire-234848", "row": 99, "column": 25, "tagName": "style", "time": 18513.922103, "url": "", "pos": 1, "chunkLen": 1, "isStartTag": 1}}
06-28 13:44:08.673  4147  4160 E WProf.db: {"WprofHTMLTag": {"code": "0x9ea49960", "doc": "http://searchengineland.com/third-door-media-expands-martech-coverage-with-newest-editorial-hire-234848", "row": 112, "column": 8, "tagName": "style", "time": 18513.922432, "url": "", "pos": 1, "chunkLen": 1, "isStartTag": 0}}
06-28 13:44:08.673  4147  4160 E WProf.db: {"WprofHTMLTag": {"code": "0x9ea49990", "doc": "http://searchengineland.com/third-door-media-expands-martech-coverage-with-newest-editorial-hire-234848", "row": 113, "column": 140, "tagName": "script", "time": 18513.923987, "url": "http://searchengineland.com/figz/wp-content/themes/searchengineland/js/lib/modernizr.custom.js?ver=1.0", "pos": 1, "chunkLen": 1, "isStartTag": 1}}
06-28 13:44:08.673  4147  4160 E WProf.db: {"WprofHTMLTag": {"code": "0x9ea499c0", "doc": "http://searchengineland.com/third-door-media-expands-martech-coverage-with-newest-editorial-hire-234848", "row": 113, "column": 149, "tagName": "script", "time": 18513.924210, "url": "", "pos": 1, "chunkLen": 1, "isStartTag": 0}}
06-28 13:44:08.673  4147  4160 E WProf.db: {"WprofHTMLTag": {"code": "0xaedd6ab0", "doc": "http://searchengineland.com/third-door-media-expands-martech-coverage-with-newest-editorial-hire-234848", "row": 114, "column": 144, "tagName": "script", "time": 18513.944246, "url": "http://searchengineland.com/figz/wp-content/themes/searchengineland/js/lib/jquery-1.11.0.min.js?ver=1.11.0", "pos": 1, "chunkLen": 1, "isStartTag": 1}}
06-28 13:44:08.673  4147  4160 E WProf.db: {"WprofHTMLTag": {"code": "0xaedd6a80", "doc": "http://searchengineland.com/third-door-media-expands-martech-coverage-with-newest-editorial-hire-234848", "row": 114, "column": 153, "tagName": "script", "time": 18513.944561, "url": "", "pos": 1, "chunkLen": 1, "isStartTag": 0}}
06-28 13:44:08.673  4147  4160 E WProf.db: {"WprofHTMLTag": {"code": "0xaedd6ed0", "doc": "http://searchengineland.com/third-door-media-expands-martech-coverage-with-newest-editorial-hire-234848", "row": 0, "column": 15, "tagName": "div", "time": 18514.048353, "url": "", "pos": 15, "chunkLen": 44, "isStartTag": 1}}
06-28 13:44:08.673  4147  4160 E WProf.db: {"WprofHTMLTag": {"code": "0xaedd6ea0", "doc": "http://searchengineland.com/third-door-media-expands-martech-coverage-with-newest-editorial-hire-234848", "row": 0, "column": 21, "tagName": "div", "time": 18514.048503, "url": "", "pos": 21, "chunkLen": 44, "isStartTag": 0}}
06-28 13:44:08.673  4147  4160 E WProf.db: {"WprofHTMLTag": {"code": "0xaedd6c60", "doc": "http://searchengineland.com/third-door-media-expands-martech-coverage-with-newest-editorial-hire-234848", "row": 0, "column": 38, "tagName": "div", "time": 18514.048570, "url": "", "pos": 38, "chunkLen": 44, "isStartTag": 1}}
06-28 13:44:08.673  4147  4160 E WProf.db: {"WprofHTMLTag": {"code": "0xaedd6b10", "doc": "http://searchengineland.com/third-door-media-expands-martech-coverage-with-newest-editorial-hire-234848", "row": 0, "column": 44, "tagName": "div", "time": 18514.048681, "url": "", "pos": 44, "chunkLen": 44, "isStartTag": 0}}
06-28 13:44:08.673  4147  4160 E WProf.db: {"WprofHTMLTag": {"code": "0x9ea49a80", "doc": "http://searchengineland.com/third-door-media-expands-martech-coverage-with-newest-editorial-hire-234848", "row": 0, "column": 13, "tagName": "select", "time": 18514.050682, "url": "", "pos": 13, "chunkLen": 51, "isStartTag": 1}}
06-28 13:44:08.674  4147  4160 E WProf.db: {"WprofHTMLTag": {"code": "0x9ea49ab0", "doc": "http://searchengineland.com/third-door-media-expands-martech-coverage-with-newest-editorial-hire-234848", "row": 0, "column": 33, "tagName": "option", "time": 18514.050901, "url": "", "pos": 33, "chunkLen": 51, "isStartTag": 1}}
06-28 13:44:08.674  4147  4160 E WProf.db: {"WprofHTMLTag": {"code": "0x9ea49ae0", "doc": "http://searchengineland.com/third-door-media-expands-martech-coverage-with-newest-editorial-hire-234848", "row": 0, "column": 42, "tagName": "option", "time": 18514.051162, "url": "", "pos": 42, "chunkLen": 51, "isStartTag": 0}}
06-28 13:44:08.674  4147  4160 E WProf.db: {"WprofHTMLTag": {"code": "0x9ea49b10", "doc": "http://searchengineland.com/third-door-media-expands-martech-coverage-with-newest-editorial-hire-234848", "row": 0, "column": 51, "tagName": "select", "time": 18514.051227, "url": "", "pos": 51, "chunkLen": 51, "isStartTag": 0}}
06-28 13:44:08.674  4147  4160 E WProf.db: {"WprofHTMLTag": {"code": "0x9ea49b40", "doc": "http://searchengineland.com/third-door-media-expands-martech-coverage-with-newest-editorial-hire-234848", "row": 0, "column": 12, "tagName": "a", "time": 18514.056267, "url": "", "pos": 12, "chunkLen": 16, "isStartTag": 1}}
06-28 13:44:08.674  4147  4160 E WProf.db: {"WprofHTMLTag": {"code": "0x9ea49b70", "doc": "http://searchengineland.com/third-door-media-expands-martech-coverage-with-newest-editorial-hire-234848", "row": 0, "column": 16, "tagName": "a", "time": 18514.056453, "url": "", "pos": 16, "chunkLen": 16, "isStartTag": 0}}
06-28 13:44:08.674  4147  4160 E WProf.db: {"WprofHTMLTag": {"code": "0x9ea49ba0", "doc": "http://searchengineland.com/third-door-media-expands-martech-coverage-with-newest-editorial-hire-234848", "row": 0, "column": 8, "tagName": "input", "time": 18514.057604, "url": "", "pos": 8, "chunkLen": 8, "isStartTag": 1}}
06-28 13:44:08.674  4147  4160 E WProf.db: {"WprofHTMLTag": {"code": "0x9ea49bd0", "doc": "http://searchengineland.com/third-door-media-expands-martech-coverage-with-newest-editorial-hire-234848", "row": 0, "column": 9, "tagName": "link", "time": 18514.068414, "url": "", "pos": 9, "chunkLen": 42, "isStartTag": 1}}
06-28 13:44:08.674  4147  4160 E WProf.db: {"WprofHTMLTag": {"code": "0x9ea49c00", "doc": "http://searchengineland.com/third-door-media-expands-martech-coverage-with-newest-editorial-hire-234848", "row": 0, "column": 16, "tagName": "table", "time": 18514.068547, "url": "", "pos": 16, "chunkLen": 42, "isStartTag": 1}}
06-28 13:44:08.674  4147  4160 E WProf.db: {"WprofHTMLTag": {"code": "0x9ea49c30", "doc": "http://searchengineland.com/third-door-media-expands-martech-coverage-with-newest-editorial-hire-234848", "row": 0, "column": 24, "tagName": "table", "time": 18514.068684, "url": "", "pos": 24, "chunkLen": 42, "isStartTag": 0}}
06-28 13:44:08.674  4147  4160 E WProf.db: {"WprofHTMLTag": {"code": "0x9ea49c60", "doc": "http://searchengineland.com/third-door-media-expands-martech-coverage-with-newest-editorial-hire-234848", "row": 0, "column": 37, "tagName": "a", "time": 18514.068758, "url": "", "pos": 37, "chunkLen": 42, "isStartTag": 1}}
06-28 13:44:08.674  4147  4160 E WProf.db: {"WprofHTMLTag": {"code": "0x9ea49c90", "doc": "http://searchengineland.com/third-door-media-expands-martech-coverage-with-newest-editorial-hire-234848", "row": 0, "column": 42, "tagName": "a", "time": 18514.068956, "url": "", "pos": 42, "chunkLen": 42, "isStartTag": 0}}
06-28 13:44:08.674  4147  4160 E WProf.db: {"WprofHTMLTag": {"code": "0x9ea49d20", "doc": "http://searchengineland.com/third-door-media-expands-martech-coverage-with-newest-editorial-hire-234848", "row": 0, "column": 10, "tagName": "textarea", "time": 18514.070564, "url": "", "pos": 10, "chunkLen": 22, "isStartTag": 1}}
06-28 13:44:08.675  4147  4160 E WProf.db: {"WprofHTMLTag": {"code": "0x9ea49d50", "doc": "http://searchengineland.com/third-door-media-expands-martech-coverage-with-newest-editorial-hire-234848", "row": 0, "column": 22, "tagName": "textarea", "time": 18514.070786, "url": "", "pos": 22, "chunkLen": 22, "isStartTag": 0}}
06-28 13:44:08.675  4147  4160 E WProf.db: {"WprofHTMLTag": {"code": "0x9ea49d80", "doc": "http://searchengineland.com/third-door-media-expands-martech-coverage-with-newest-editorial-hire-234848", "row": 0, "column": 48, "tagName": "input", "time": 18514.072042, "url": "", "pos": 48, "chunkLen": 48, "isStartTag": 1}}
06-28 13:44:08.675  4147  4160 E WProf.db: {"WprofHTMLTag": {"code": "0x9ea49de0", "doc": "http://searchengineland.com/third-door-media-expands-martech-coverage-with-newest-editorial-hire-234848", "row": 0, "column": 9, "tagName": "link", "time": 18514.076637, "url": "", "pos": 9, "chunkLen": 66, "isStartTag": 1}}
06-28 13:44:08.675  4147  4160 E WProf.db: {"WprofHTMLTag": {"code": "0x9ea49e10", "doc": "http://searchengineland.com/third-door-media-expands-martech-coverage-with-newest-editorial-hire-234848", "row": 0, "column": 16, "tagName": "table", "time": 18514.076758, "url": "", "pos": 16, "chunkLen": 66, "isStartTag": 1}}
06-28 13:44:08.675  4147  4160 E WProf.db: {"WprofHTMLTag": {"code": "0x9ea49e40", "doc": "http://searchengineland.com/third-door-media-expands-martech-coverage-with-newest-editorial-hire-234848", "row": 0, "column": 24, "tagName": "table", "time": 18514.076842, "url": "", "pos": 24, "chunkLen": 66, "isStartTag": 0}}
06-28 13:44:08.675  4147  4160 E WProf.db: {"WprofHTMLTag": {"code": "0x9ea49e70", "doc": "http://searchengineland.com/third-door-media-expands-martech-coverage-with-newest-editorial-hire-234848", "row": 0, "column": 37, "tagName": "a", "time": 18514.076991, "url": "", "pos": 37, "chunkLen": 66, "isStartTag": 1}}
06-28 13:44:08.675  4147  4160 E WProf.db: {"WprofHTMLTag": {"code": "0x9ea49ea0", "doc": "http://searchengineland.com/third-door-media-expands-martech-coverage-with-newest-editorial-hire-234848", "row": 0, "column": 42, "tagName": "a", "time": 18514.077201, "url": "", "pos": 42, "chunkLen": 66, "isStartTag": 0}}
06-28 13:44:08.675  4147  4160 E WProf.db: {"WprofHTMLTag": {"code": "0x9ea49ed0", "doc": "http://searchengineland.com/third-door-media-expands-martech-coverage-with-newest-editorial-hire-234848", "row": 0, "column": 66, "tagName": "input", "time": 18514.077270, "url": "", "pos": 66, "chunkLen": 66, "isStartTag": 1}}
06-28 13:44:08.675  4147  4160 E WProf.db: {"WprofHTMLTag": {"code": "0x9ea49f60", "doc": "http://searchengineland.com/third-door-media-expands-martech-coverage-with-newest-editorial-hire-234848", "row": 0, "column": 9, "tagName": "link", "time": 18514.079625, "url": "", "pos": 9, "chunkLen": 66, "isStartTag": 1}}
06-28 13:44:08.675  4147  4160 E WProf.db: {"WprofHTMLTag": {"code": "0x9ea49f90", "doc": "http://searchengineland.com/third-door-media-expands-martech-coverage-with-newest-editorial-hire-234848", "row": 0, "column": 16, "tagName": "table", "time": 18514.079750, "url": "", "pos": 16, "chunkLen": 66, "isStartTag": 1}}
06-28 13:44:08.675  4147  4160 E WProf.db: {"WprofHTMLTag": {"code": "0x9ea49fc0", "doc": "http://searchengineland.com/third-door-media-expands-martech-coverage-with-newest-editorial-hire-234848", "row": 0, "column": 24, "tagName": "table", "time": 18514.079834, "url": "", "pos": 24, "chunkLen": 66, "isStartTag": 0}}
