06-28 11:43:17.889 25636 25682 E chromium: [ERROR:gles2_cmd_decoder.cc(3852)] [.ChromiumCompositor-0xacbb2fc0]GL ERROR :GL_INVALID_ENUM : glDiscardFramebufferEXT: attachments was GL_COLOR_EXT
06-28 11:43:17.894 25636 25682 E chromium: [ERROR:gles2_cmd_decoder.cc(3852)] [.ChromiumCompositor-0xacbb2fc0]GL ERROR :GL_INVALID_ENUM : glDiscardFramebufferEXT: attachments was GL_COLOR_EXT
06-28 11:43:17.911 25636 25682 E chromium: [ERROR:gles2_cmd_decoder.cc(3852)] [.ChromiumCompositor-0xacbb2fc0]GL ERROR :GL_INVALID_ENUM : glDiscardFramebufferEXT: attachments was GL_COLOR_EXT
06-28 11:43:17.928 25636 25682 E chromium: [ERROR:gles2_cmd_decoder.cc(3852)] [.ChromiumCompositor-0xacbb2fc0]GL ERROR :GL_INVALID_ENUM : glDiscardFramebufferEXT: attachments was GL_COLOR_EXT
06-28 11:43:17.945 25636 25682 E chromium: [ERROR:gles2_cmd_decoder.cc(3852)] [.ChromiumCompositor-0xacbb2fc0]GL ERROR :GL_INVALID_ENUM : glDiscardFramebufferEXT: attachments was GL_COLOR_EXT
06-28 11:43:17.962 25636 25682 E chromium: [ERROR:gles2_cmd_decoder.cc(3852)] [.ChromiumCompositor-0xacbb2fc0]GL ERROR :GL_INVALID_ENUM : glDiscardFramebufferEXT: attachments was GL_COLOR_EXT
06-28 11:43:18.013 25636 25682 E chromium: [ERROR:gles2_cmd_decoder.cc(3852)] [.ChromiumCompositor-0xacbb2fc0]GL ERROR :GL_INVALID_ENUM : glDiscardFramebufferEXT: attachments was GL_COLOR_EXT
06-28 11:43:18.026 25636 25682 E chromium: [ERROR:gles2_cmd_decoder.cc(3852)] [.ChromiumCompositor-0xacbb2fc0]GL ERROR :GL_INVALID_ENUM : glDiscardFramebufferEXT: attachments was GL_COLOR_EXT
06-28 11:43:18.044 25636 25682 E chromium: [ERROR:gles2_cmd_decoder.cc(3852)] [.ChromiumCompositor-0xacbb2fc0]GL ERROR :GL_INVALID_ENUM : glDiscardFramebufferEXT: attachments was GL_COLOR_EXT
06-28 11:43:18.054 25636 25682 E chromium: [ERROR:gles2_cmd_decoder.cc(3852)] [.ChromiumCompositor-0xacbb2fc0]GL ERROR :GL_INVALID_ENUM : glDiscardFramebufferEXT: attachments was GL_COLOR_EXT
06-28 11:43:18.067 25636 25682 E chromium: [ERROR:gles2_cmd_decoder.cc(3852)] [.ChromiumCompositor-0xacbb2fc0]GL ERROR :GL_INVALID_ENUM : glDiscardFramebufferEXT: attachments was GL_COLOR_EXT
06-28 11:43:18.098 25636 25682 E chromium: [ERROR:gles2_cmd_decoder.cc(3852)] [.ChromiumCompositor-0xacbb2fc0]GL ERROR :GL_INVALID_ENUM : glDiscardFramebufferEXT: attachments was GL_COLOR_EXT
06-28 11:43:18.113 25636 25682 E chromium: [ERROR:gles2_cmd_decoder.cc(3852)] [.ChromiumCompositor-0xacbb2fc0]GL ERROR :GL_INVALID_ENUM : glDiscardFramebufferEXT: attachments was GL_COLOR_EXT
06-28 11:43:18.131 25636 25682 E chromium: [ERROR:gles2_cmd_decoder.cc(3852)] [.ChromiumCompositor-0xacbb2fc0]GL ERROR :GL_INVALID_ENUM : glDiscardFramebufferEXT: attachments was GL_COLOR_EXT
06-28 11:43:18.146 25636 25682 E chromium: [ERROR:gles2_cmd_decoder.cc(3852)] [.ChromiumCompositor-0xacbb2fc0]GL ERROR :GL_INVALID_ENUM : glDiscardFramebufferEXT: attachments was GL_COLOR_EXT
06-28 11:43:18.158 25636 25682 E chromium: [ERROR:gles2_cmd_decoder.cc(3852)] [.ChromiumCompositor-0xacbb2fc0]GL ERROR :GL_INVALID_ENUM : glDiscardFramebufferEXT: attachments was GL_COLOR_EXT
06-28 11:43:18.170 25636 25682 E chromium: [ERROR:gles2_cmd_decoder.cc(3852)] [.ChromiumCompositor-0xacbb2fc0]GL ERROR :GL_INVALID_ENUM : glDiscardFramebufferEXT: attachments was GL_COLOR_EXT
06-28 11:43:18.193 25636 25682 E chromium: [ERROR:gles2_cmd_decoder.cc(3852)] [.ChromiumCompositor-0xacbb2fc0]GL ERROR :GL_INVALID_ENUM : glDiscardFramebufferEXT: attachments was GL_COLOR_EXT
06-28 11:43:18.206 25636 25682 E chromium: [ERROR:gles2_cmd_decoder.cc(3852)] [.ChromiumCompositor-0xacbb2fc0]GL ERROR :GL_INVALID_ENUM : glDiscardFramebufferEXT: attachments was GL_COLOR_EXT
06-28 11:43:18.225 25636 25682 E chromium: [ERROR:gles2_cmd_decoder.cc(3852)] [.ChromiumCompositor-0xacbb2fc0]GL ERROR :GL_INVALID_ENUM : glDiscardFramebufferEXT: attachments was GL_COLOR_EXT
06-28 11:43:18.240 25636 25682 E chromium: [ERROR:gles2_cmd_decoder.cc(3852)] [.ChromiumCompositor-0xacbb2fc0]GL ERROR :GL_INVALID_ENUM : glDiscardFramebufferEXT: attachments was GL_COLOR_EXT
06-28 11:43:18.254 25636 25682 E chromium: [ERROR:gles2_cmd_decoder.cc(3852)] [.ChromiumCompositor-0xacbb2fc0]GL ERROR :GL_INVALID_ENUM : glDiscardFramebufferEXT: attachments was GL_COLOR_EXT
06-28 11:43:18.280 25636 25682 E chromium: [ERROR:gles2_cmd_decoder.cc(3852)] [.ChromiumCompositor-0xacbb2fc0]GL ERROR :GL_INVALID_ENUM : glDiscardFramebufferEXT: attachments was GL_COLOR_EXT
06-28 11:43:18.286 25636 25682 E chromium: [ERROR:gles2_cmd_decoder.cc(3852)] [.ChromiumCompositor-0xacbb2fc0]GL ERROR :GL_INVALID_ENUM : glDiscardFramebufferEXT: attachments was GL_COLOR_EXT
06-28 11:43:18.312 25636 25682 E chromium: [ERROR:gles2_cmd_decoder.cc(3852)] [.ChromiumCompositor-0xacbb2fc0]GL ERROR :GL_INVALID_ENUM : glDiscardFramebufferEXT: attachments was GL_COLOR_EXT
06-28 11:43:18.315 25636 25682 E chromium: [ERROR:gles2_cmd_decoder.cc(3852)] [.ChromiumCompositor-0xacbb2fc0]GL ERROR :GL_INVALID_ENUM : glDiscardFramebufferEXT: attachments was GL_COLOR_EXT
06-28 11:43:18.329 25702 25715 E WPROF   : {"Javascript": {"url": "https://securepubads.g.doubleclick.net/static/glade/extra_25.js", "requestTime": 11275.384868}}
06-28 11:43:18.370 25636 25682 E chromium: [ERROR:gles2_cmd_decoder.cc(3852)] [.ChromiumCompositor-0xacbb2fc0]GL ERROR :GL_INVALID_ENUM : glDiscardFramebufferEXT: attachments was GL_COLOR_EXT
06-28 11:43:18.373 25636 25682 E chromium: [ERROR:gles2_cmd_decoder.cc(3852)] [.ChromiumCompositor-0xacbb2fc0]GL ERROR :GL_INVALID_ENUM : glDiscardFramebufferEXT: attachments was GL_COLOR_EXT
06-28 11:43:18.379 25636 25682 E chromium: [ERROR:gles2_cmd_decoder.cc(3852)] [.ChromiumCompositor-0xacbb2fc0]GL ERROR :GL_INVALID_ENUM : glDiscardFramebufferEXT: attachments was GL_COLOR_EXT
06-28 11:43:18.389 25636 25682 E chromium: [ERROR:gles2_cmd_decoder.cc(3852)] [.ChromiumCompositor-0xacbb2fc0]GL ERROR :GL_INVALID_ENUM : glDiscardFramebufferEXT: attachments was GL_COLOR_EXT
06-28 11:43:18.398 25636 25682 E chromium: [ERROR:gles2_cmd_decoder.cc(3852)] [.ChromiumCompositor-0xacbb2fc0]GL ERROR :GL_INVALID_ENUM : glDiscardFramebufferEXT: attachments was GL_COLOR_EXT
06-28 11:43:18.413 25636 25682 E chromium: [ERROR:gles2_cmd_decoder.cc(3852)] [.ChromiumCompositor-0xacbb2fc0]GL ERROR :GL_INVALID_ENUM : glDiscardFramebufferEXT: attachments was GL_COLOR_EXT
06-28 11:43:18.431 25636 25682 E chromium: [ERROR:gles2_cmd_decoder.cc(3852)] [.ChromiumCompositor-0xacbb2fc0]GL ERROR :GL_INVALID_ENUM : glDiscardFramebufferEXT: attachments was GL_COLOR_EXT
06-28 11:43:18.463 25636 25682 E chromium: [ERROR:gles2_cmd_decoder.cc(3852)] [.ChromiumCompositor-0xacbb2fc0]GL ERROR :GL_INVALID_ENUM : glDiscardFramebufferEXT: attachments was GL_COLOR_EXT
06-28 11:43:18.469 25636 25682 E chromium: [ERROR:gles2_cmd_decoder.cc(3852)] [.ChromiumCompositor-0xacbb2fc0]GL ERROR :GL_INVALID_ENUM : glDiscardFramebufferEXT: attachments was GL_COLOR_EXT
06-28 11:43:18.502 25636 25682 E chromium: [ERROR:gles2_cmd_decoder.cc(3852)] [.ChromiumCompositor-0xacbb2fc0]GL ERROR :GL_INVALID_ENUM : glDiscardFramebufferEXT: attachments was GL_COLOR_EXT
06-28 11:43:18.507 25636 25682 E chromium: [ERROR:gles2_cmd_decoder.cc(3852)] [.ChromiumCompositor-0xacbb2fc0]GL ERROR :GL_INVALID_ENUM : glDiscardFramebufferEXT: attachments was GL_COLOR_EXT
06-28 11:43:18.541 25636 25682 E chromium: [ERROR:gles2_cmd_decoder.cc(3852)] [.ChromiumCompositor-0xacbb2fc0]GL ERROR :GL_INVALID_ENUM : glDiscardFramebufferEXT: attachments was GL_COLOR_EXT
06-28 11:43:18.545 25702 25715 E WPROF   : {"Javascript": {"url": "https://tpc.googlesyndication.com/pagead/js/r20170619/r20110914/client/ext/m_window_focus_non_hydra.js", "requestTime": 11275.600788}}
06-28 11:43:18.551 25636 25682 E chromium: [ERROR:gles2_cmd_decoder.cc(3852)] [.ChromiumCompositor-0xacbb2fc0]GL ERROR :GL_INVALID_ENUM : glDiscardFramebufferEXT: attachments was GL_COLOR_EXT
06-28 11:43:18.554 25636 25682 E chromium: [ERROR:gles2_cmd_decoder.cc(3852)] [.ChromiumCompositor-0xacbb2fc0]GL ERROR :GL_INVALID_ENUM : glDiscardFramebufferEXT: attachments was GL_COLOR_EXT
06-28 11:43:18.555 25702 25715 E WPROF   : {"Javascript": {"url": "https://tpc.googlesyndication.com/pagead/js/r20170619/r20110914/activeview/osd_listener.js", "requestTime": 11275.610440}}
06-28 11:43:18.578 25636 25682 E chromium: [ERROR:gles2_cmd_decoder.cc(3852)] [.ChromiumCompositor-0xacbb2fc0]GL ERROR :GL_INVALID_ENUM : glDiscardFramebufferEXT: attachments was GL_COLOR_EXT
06-28 11:43:18.579 25702 25715 E WPROF   : {"Javascript": {"url": "https://pagead2.googlesyndication.com/pagead/osd.js", "requestTime": 11275.634602}}
06-28 11:43:18.581 25636 25682 E chromium: [ERROR:gles2_cmd_decoder.cc(3852)] [.ChromiumCompositor-0xacbb2fc0]GL ERROR :GL_INVALID_ENUM : glDiscardFramebufferEXT: attachments was GL_COLOR_EXT
06-28 11:43:18.612 25636 25682 E chromium: [ERROR:gles2_cmd_decoder.cc(3852)] [.ChromiumCompositor-0xacbb2fc0]GL ERROR :GL_INVALID_ENUM : glDiscardFramebufferEXT: attachments was GL_COLOR_EXT
06-28 11:43:18.629 25636 25682 E chromium: [ERROR:gles2_cmd_decoder.cc(3852)] [.ChromiumCompositor-0xacbb2fc0]GL ERROR :GL_INVALID_ENUM : glDiscardFramebufferEXT: attachments was GL_COLOR_EXT
06-28 11:43:18.647 25636 25682 E chromium: [ERROR:gles2_cmd_decoder.cc(3852)] [.ChromiumCompositor-0xacbb2fc0]GL ERROR :GL_INVALID_ENUM : glDiscardFramebufferEXT: attachments was GL_COLOR_EXT
06-28 11:43:18.650 25636 25682 E chromium: [ERROR:gles2_cmd_decoder.cc(3852)] [.ChromiumCompositor-0xacbb2fc0]GL ERROR :GL_INVALID_ENUM : glDiscardFramebufferEXT: attachments was GL_COLOR_EXT
06-28 11:43:18.679 25636 25682 E chromium: [ERROR:gles2_cmd_decoder.cc(3852)] [.ChromiumCompositor-0xacbb2fc0]GL ERROR :GL_INVALID_ENUM : glDiscardFramebufferEXT: attachments was GL_COLOR_EXT
06-28 11:43:18.682 25636 25682 E chromium: [ERROR:gles2_cmd_decoder.cc(3852)] [.ChromiumCompositor-0xacbb2fc0]GL ERROR :GL_INVALID_ENUM : glDiscardFramebufferEXT: attachments was GL_COLOR_EXT
06-28 11:43:18.701 25636 25682 E chromium: [ERROR:gles2_cmd_decoder.cc(3852)] [.ChromiumCompositor-0xacbb2fc0]GL ERROR :GL_INVALID_ENUM : glDiscardFramebufferEXT: attachments was GL_COLOR_EXT
06-28 11:43:18.733 25636 25682 E chromium: [ERROR:gles2_cmd_decoder.cc(3852)] [.ChromiumCompositor-0xacbb2fc0]GL ERROR :GL_INVALID_ENUM : glDiscardFramebufferEXT: attachments was GL_COLOR_EXT
06-28 11:43:18.820 25636 25682 E chromium: [ERROR:gles2_cmd_decoder.cc(3852)] [.ChromiumCompositor-0xacbb2fc0]GL ERROR :GL_INVALID_ENUM : glDiscardFramebufferEXT: attachments was GL_COLOR_EXT
06-28 11:43:18.836 25636 25682 E chromium: [ERROR:gles2_cmd_decoder.cc(3852)] [.ChromiumCompositor-0xacbb2fc0]GL ERROR :GL_INVALID_ENUM : glDiscardFramebufferEXT: attachments was GL_COLOR_EXT
06-28 11:43:18.852 25636 25682 E chromium: [ERROR:gles2_cmd_decoder.cc(3852)] [.ChromiumCompositor-0xacbb2fc0]GL ERROR :GL_INVALID_ENUM : glDiscardFramebufferEXT: attachments was GL_COLOR_EXT
06-28 11:43:18.869 25636 25682 E chromium: [ERROR:gles2_cmd_decoder.cc(3852)] [.ChromiumCompositor-0xacbb2fc0]GL ERROR :GL_INVALID_ENUM : glDiscardFramebufferEXT: attachments was GL_COLOR_EXT
06-28 11:43:18.887 25636 25682 E chromium: [ERROR:gles2_cmd_decoder.cc(3852)] [.ChromiumCompositor-0xacbb2fc0]GL ERROR :GL_INVALID_ENUM : glDiscardFramebufferEXT: attachments was GL_COLOR_EXT
06-28 11:43:18.904 25636 25682 E chromium: [ERROR:gles2_cmd_decoder.cc(3852)] [.ChromiumCompositor-0xacbb2fc0]GL ERROR :GL_INVALID_ENUM : glDiscardFramebufferEXT: attachments was GL_COLOR_EXT
06-28 11:43:18.920 25636 25682 E chromium: [ERROR:gles2_cmd_decoder.cc(3852)] [.ChromiumCompositor-0xacbb2fc0]GL ERROR :GL_INVALID_ENUM : glDiscardFramebufferEXT: attachments was GL_COLOR_EXT
06-28 11:43:18.936 25636 25682 E chromium: [ERROR:gles2_cmd_decoder.cc(3852)] [.ChromiumCompositor-0xacbb2fc0]GL ERROR :GL_INVALID_ENUM : glDiscardFramebufferEXT: attachments was GL_COLOR_EXT
06-28 11:43:18.951 25636 25682 E chromium: [ERROR:gles2_cmd_decoder.cc(3852)] [.ChromiumCompositor-0xacbb2fc0]GL ERROR :GL_INVALID_ENUM : glDiscardFramebufferEXT: attachments was GL_COLOR_EXT
06-28 11:43:18.969 25636 25682 E chromium: [ERROR:gles2_cmd_decoder.cc(3852)] [.ChromiumCompositor-0xacbb2fc0]GL ERROR :GL_INVALID_ENUM : glDiscardFramebufferEXT: attachments was GL_COLOR_EXT
06-28 11:43:18.983 25636 25682 E chromium: [ERROR:gles2_cmd_decoder.cc(3852)] [.ChromiumCompositor-0xacbb2fc0]GL ERROR :GL_INVALID_ENUM : glDiscardFramebufferEXT: attachments was GL_COLOR_EXT
06-28 11:43:19.000 25636 25682 E chromium: [ERROR:gles2_cmd_decoder.cc(3852)] [.ChromiumCompositor-0xacbb2fc0]GL ERROR :GL_INVALID_ENUM : glDiscardFramebufferEXT: attachments was GL_COLOR_EXT
06-28 11:43:19.017 25636 25682 E chromium: [ERROR:gles2_cmd_decoder.cc(3852)] [.ChromiumCompositor-0xacbb2fc0]GL ERROR :GL_INVALID_ENUM : glDiscardFramebufferEXT: attachments was GL_COLOR_EXT
06-28 11:43:19.036 25636 25682 E chromium: [ERROR:gles2_cmd_decoder.cc(3852)] [.ChromiumCompositor-0xacbb2fc0]GL ERROR :GL_INVALID_ENUM : glDiscardFramebufferEXT: attachments was GL_COLOR_EXT
06-28 11:43:19.053 25636 25682 E chromium: [ERROR:gles2_cmd_decoder.cc(3852)] [.ChromiumCompositor-0xacbb2fc0]GL ERROR :GL_INVALID_ENUM : glDiscardFramebufferEXT: attachments was GL_COLOR_EXT
06-28 11:43:19.070 25636 25682 E chromium: [ERROR:gles2_cmd_decoder.cc(3852)] [.ChromiumCompositor-0xacbb2fc0]GL ERROR :GL_INVALID_ENUM : glDiscardFramebufferEXT: attachments was GL_COLOR_EXT
06-28 11:43:19.087 25636 25682 E chromium: [ERROR:gles2_cmd_decoder.cc(3852)] [.ChromiumCompositor-0xacbb2fc0]GL ERROR :GL_INVALID_ENUM : glDiscardFramebufferEXT: attachments was GL_COLOR_EXT
06-28 11:43:19.139 25636 25682 E chromium: [ERROR:gles2_cmd_decoder.cc(3852)] [.ChromiumCompositor-0xacbb2fc0]GL ERROR :GL_INVALID_ENUM : glDiscardFramebufferEXT: attachments was GL_COLOR_EXT
06-28 11:43:19.161 25636 25682 E chromium: [ERROR:gles2_cmd_decoder.cc(3852)] [.ChromiumCompositor-0xacbb2fc0]GL ERROR :GL_INVALID_ENUM : glDiscardFramebufferEXT: attachments was GL_COLOR_EXT
06-28 11:43:19.173 25636 25682 E chromium: [ERROR:gles2_cmd_decoder.cc(3852)] [.ChromiumCompositor-0xacbb2fc0]GL ERROR :GL_INVALID_ENUM : glDiscardFramebufferEXT: attachments was GL_COLOR_EXT
06-28 11:43:19.194 25636 25682 E chromium: [ERROR:gles2_cmd_decoder.cc(3852)] [.ChromiumCompositor-0xacbb2fc0]GL ERROR :GL_INVALID_ENUM : glDiscardFramebufferEXT: attachments was GL_COLOR_EXT
06-28 11:43:19.203 25636 25682 E chromium: [ERROR:gles2_cmd_decoder.cc(3852)] [.ChromiumCompositor-0xacbb2fc0]GL ERROR :GL_INVALID_ENUM : glDiscardFramebufferEXT: attachments was GL_COLOR_EXT
06-28 11:43:19.213 25702 25715 E WProf.db: {"page": "d-40903749341084255518.ampproject.net_1498506512561_frame.html"}
06-28 11:43:19.213 25702 25715 E WProf.db: {"DOMLoad": 11276.268552}
06-28 11:43:19.213 25702 25715 E WProf.db: {"Resource": {"id": 28, "url": "https://ping.chartbeat.net/ping?h=searchengineland.com&p=%2Fusing-agile-project-management-seo-digital-marketing-267830&u=FPqtgEM4VAQiUbmcritqN_nlJLUvbIcUeYPoxjLoeSfOyfg1RR8_qkqFNMPetDDK&d=searchengineland.com&g=&g0=&g1=&g2=&g3=&g4=&c=120&x=0&y=17674&j=30&R=1&W=0&I=0&E=0&r=&t=9087FPqtgEM4VAQiUbmcrit", "sentTime": -1.000000, "len": 43, "from": "0x0", "mimeType": "image/gif", "contentLength": 43, "httpStatus": 200, "connId": 290, "connReused": 0, "cached": 0,"requestTime": 11272.892345, "proxyStart": -1, "proxyEnd": -1, "dnsStart": 4, "dnsEnd": 11, "connectStart": 0, "connectEnd": 847, "sendStart": 847, "sendEnd": 848, "receiveHeadersEnd": 1090, "sslStart": 251, "sslEnd": 845}}
06-28 11:43:19.213 25702 25715 E WProf.db: {"ReceivedChunk": {"receivedTime": 11273.987993, "len": 43}}
06-28 11:43:19.213 25702 25715 E WProf.db: {"Resource": {"id": 31, "url": "https://d-40903749341084255518.ampproject.net/1498506512561/frame.html", "sentTime": -1.000000, "len": 375, "from": "0x0", "mimeType": "text/html", "contentLength": -1, "httpStatus": 200, "connId": 330, "connReused": 0, "cached": 0,"requestTime": 11273.944425, "proxyStart": -1, "proxyEnd": -1, "dnsStart": 0, "dnsEnd": 0, "connectStart": 0, "connectEnd": 252, "sendStart": 252, "sendEnd": 253, "receiveHeadersEnd": 352, "sslStart": 65, "sslEnd": 251}}
06-28 11:43:19.213 25702 25715 E WProf.db: {"ReceivedChunk": {"receivedTime": 11274.303389, "len": 375}}
06-28 11:43:19.213 25702 25715 E WProf.db: {"WprofHTMLTag": {"code": "0x9bd0f630", "doc": "https://d-40903749341084255518.ampproject.net/1498506512561/frame.html", "row": 1, "column": 6, "tagName": "head", "time": 11274.347278, "url": "", "pos": 1, "chunkLen": 1, "isStartTag": 1}}
06-28 11:43:19.214 25702 25715 E WProf.db: {"WprofHTMLTag": {"code": "0x9bd0f5a0", "doc": "https://d-40903749341084255518.ampproject.net/1498506512561/frame.html", "row": 2, "column": 22, "tagName": "meta", "time": 11274.347427, "url": "", "pos": 1, "chunkLen": 1, "isStartTag": 1}}
06-28 11:43:19.214 25702 25715 E WProf.db: {"WprofHTMLTag": {"code": "0x9ca4b160", "doc": "https://d-40903749341084255518.ampproject.net/1498506512561/frame.html", "row": 3, "column": 38, "tagName": "meta", "time": 11274.347562, "url": "", "pos": 1, "chunkLen": 1, "isStartTag": 1}}
06-28 11:43:19.214 25702 25715 E WProf.db: {"WprofHTMLTag": {"code": "0x9bd0f030", "doc": "https://d-40903749341084255518.ampproject.net/1498506512561/frame.html", "row": 4, "column": 59, "tagName": "script", "time": 11274.347742, "url": "https://3p.ampproject.net/1498506512561/f.js", "pos": 1, "chunkLen": 1, "isStartTag": 1}}
06-28 11:43:19.214 25702 25715 E WProf.db: {"WprofHTMLTag": {"code": "0x9bd0f150", "doc": "https://d-40903749341084255518.ampproject.net/1498506512561/frame.html", "row": 4, "column": 68, "tagName": "script", "time": 11274.348029, "url": "", "pos": 1, "chunkLen": 1, "isStartTag": 0}}
06-28 11:43:19.214 25702 25715 E WProf.db: {"WprofHTMLTag": {"code": "0x9bd0f060", "doc": "https://d-40903749341084255518.ampproject.net/1498506512561/frame.html", "row": 5, "column": 7, "tagName": "head", "time": 11274.857689, "url": "", "pos": 1, "chunkLen": 1, "isStartTag": 0}}
06-28 11:43:19.214 25702 25715 E WProf.db: {"WprofHTMLTag": {"code": "0x9bd0f000", "doc": "https://d-40903749341084255518.ampproject.net/1498506512561/frame.html", "row": 6, "column": 23, "tagName": "body", "time": 11274.857730, "url": "", "pos": 1, "chunkLen": 1, "isStartTag": 1}}
06-28 11:43:19.214 25702 25715 E WProf.db: {"WprofHTMLTag": {"code": "0x9bd0f8a0", "doc": "https://d-40903749341084255518.ampproject.net/1498506512561/frame.html", "row": 7, "column": 69, "tagName": "div", "time": 11274.858154, "url": "", "pos": 1, "chunkLen": 1, "isStartTag": 1}}
06-28 11:43:19.215 25702 25715 E WProf.db: {"WprofHTMLTag": {"code": "0x9bd0f7e0", "doc": "https://d-40903749341084255518.ampproject.net/1498506512561/frame.html", "row": 8, "column": 10, "tagName": "script", "time": 11274.858349, "url": "", "pos": 1, "chunkLen": 1, "isStartTag": 1}}
06-28 11:43:19.215 25702 25715 E WProf.db: {"WprofHTMLTag": {"code": "0x9bd0f750", "doc": "https://d-40903749341084255518.ampproject.net/1498506512561/frame.html", "row": 8, "column": 27, "tagName": "script", "time": 11274.858490, "url": "https://securepubads.g.doubleclick.net/static/glade.js", "pos": 1, "chunkLen": 1, "isStartTag": 0}}
06-28 11:43:19.215 25702 25715 E WProf.db: {"WprofHTMLTag": {"code": "0x9ca4b340", "doc": "https://d-40903749341084255518.ampproject.net/1498506512561/frame.html", "row": 9, "column": 6, "tagName": "div", "time": 11274.885119, "url": "", "pos": 1, "chunkLen": 1, "isStartTag": 0}}
06-28 11:43:19.215 25702 25715 E WProf.db: {"WprofHTMLTag": {"code": "0x9ca4b430", "doc": "https://d-40903749341084255518.ampproject.net/1498506512561/frame.html", "row": 10, "column": 8, "tagName": "script", "time": 11274.885208, "url": "", "pos": 1, "chunkLen": 1, "isStartTag": 1}}
06-28 11:43:19.215 25702 25715 E WProf.db: {"WprofHTMLTag": {"code": "0x9bd0f7b0", "doc": "https://d-40903749341084255518.ampproject.net/1498506512561/frame.html", "row": 10, "column": 67, "tagName": "script", "time": 11274.886048, "url": "", "pos": 1, "chunkLen": 1, "isStartTag": 0}}
06-28 11:43:19.215 25702 25715 E WProf.db: {"WprofHTMLTag": {"code": "0x9ca4b460", "doc": "https://d-40903749341084255518.ampproject.net/1498506512561/frame.html", "row": 11, "column": 7, "tagName": "body", "time": 11274.888683, "url": "", "pos": 1, "chunkLen": 1, "isStartTag": 0}}
06-28 11:43:19.215 25702 25715 E WProf.db: {"WprofHTMLTag": {"code": "0x9ca4b490", "doc": "https://d-40903749341084255518.ampproject.net/1498506512561/frame.html", "row": 12, "column": 7, "tagName": "html", "time": 11274.888702, "url": "https://securepubads.g.doubleclick.net/static/glade/extra_25.js", "pos": 1, "chunkLen": 1, "isStartTag": 0}}
06-28 11:43:19.215 25702 25715 E WProf.db: {"Resource": {"id": 32, "url": "https://3p.ampproject.net/1498506512561/f.js", "sentTime": -1.000000, "len": 91779, "from": "0x9bd0f030", "mimeType": "text/javascript", "contentLength": -1, "httpStatus": 200, "connId": 381, "connReused": 0, "cached": 0,"requestTime": 11274.349032, "proxyStart": -1, "proxyEnd": -1, "dnsStart": 7, "dnsEnd": 8, "connectStart": 0, "connectEnd": 281, "sendStart": 281, "sendEnd": 281, "receiveHeadersEnd": 347, "sslStart": 70, "sslEnd": 280}}
06-28 11:43:19.215 25702 25715 E WProf.db: {"ReceivedChunk": {"receivedTime": 11274.705956, "len": 8664}}
06-28 11:43:19.215 25702 25715 E WProf.db: {"ReceivedChunk": {"receivedTime": 11274.706641, "len": 3729}}
06-28 11:43:19.216 25702 25715 E WProf.db: {"ReceivedChunk": {"receivedTime": 11274.715495, "len": 29886}}
06-28 11:43:19.216 25702 25715 E WProf.db: {"ReceivedChunk": {"receivedTime": 11274.717997, "len": 9239}}
06-28 11:43:19.216 25702 25715 E WProf.db: {"ReceivedChunk": {"receivedTime": 11274.722473, "len": 13310}}
06-28 11:43:19.216 25702 25715 E WProf.db: {"ReceivedChunk": {"receivedTime": 11274.754823, "len": 8648}}
06-28 11:43:19.216 25702 25715 E WProf.db: {"ReceivedChunk": {"receivedTime": 11274.758127, "len": 17560}}
06-28 11:43:19.216 25702 25715 E WProf.db: {"ReceivedChunk": {"receivedTime": 11274.764878, "len": 743}}
06-28 11:43:19.216 25702 25715 E WProf.db: {"Resource": {"id": 33, "url": "https://securepubads.g.doubleclick.net/static/glade.js", "sentTime": -1.000000, "len": 19455, "from": "0x9bd0f750", "mimeType": "text/javascript", "contentLength": -1, "httpStatus": 200, "connId": 395, "connReused": 0, "cached": 0,"requestTime": 11274.882196, "proxyStart": -1, "proxyEnd": -1, "dnsStart": 10, "dnsEnd": 12, "connectStart": 0, "connectEnd": 298, "sendStart": 298, "sendEnd": 300, "receiveHeadersEnd": 402, "sslStart": 82, "sslEnd": 297}}
06-28 11:43:19.216 25702 25715 E WProf.db: {"ReceivedChunk": {"receivedTime": 11275.290949, "len": 8941}}
06-28 11:43:19.216 25702 25715 E WProf.db: {"ReceivedChunk": {"receivedTime": 11275.293164, "len": 253}}
06-28 11:43:19.216 25702 25715 E WProf.db: {"ReceivedChunk": {"receivedTime": 11275.296340, "len": 10261}}
06-28 11:43:19.217 25702 25715 E WProf.db: {"Resource": {"id": 34, "url": "https://securepubads.g.doubleclick.net/gampad/ads?gdfp_req=1&glade_req=1&glv=25&output=html&iu=%2F1038259%2FSEL-amp-cube&sz=300x250&sfv=1-0-8&correlator=1656348000387072&eid=108809080&adk=2352184609&biw=412&bih=620&adx=56&ady=294&oid=3&u_sd=3.5&ifi=1&is_amp=1&amp_v=1498506512561&nhd=1&url=http%3A%2F", "sentTime": -1.000000, "len": 20205, "from": "0x9ca4b490", "mimeType": "text/html", "contentLength": -1, "httpStatus": 200, "connId": 395, "connReused": 1, "cached": 0,"requestTime": 11275.361270, "proxyStart": -1, "proxyEnd": -1, "dnsStart": -1, "dnsEnd": -1, "connectStart": 0, "connectEnd": 14, "sendStart": 14, "sendEnd": 14, "receiveHeadersEnd": 134, "sslStart": -1, "sslEnd": -1}}
06-28 11:43:19.217 25702 25715 E WProf.db: {"ReceivedChunk": {"receivedTime": 11275.498601, "len": 3688}}
06-28 11:43:19.217 25702 25715 E WProf.db: {"ReceivedChunk": {"receivedTime": 11275.561480, "len": 14617}}
06-28 11:43:19.217 25702 25715 E WProf.db: {"ReceivedChunk": {"receivedTime": 11275.563826, "len": 1900}}
06-28 11:43:19.217 25702 25715 E WProf.db: {"WprofHTMLTag": {"code": "0x9bd0f9c0", "doc": "https://securepubads.g.doubleclick.net/gampad/ads?gdfp_req=1&glade_req=1&glv=25&output=html&iu=%2F1038259%2FSEL-amp-cube&sz=300x250&sfv=1-0-8&correlator=1656348000387072&eid=108809080&adk=2352184609&biw=412&bih=620&adx=56&ady=294&oid=3&u_sd=3.5&ifi=1&is_amp=1&amp_v=1498506512561&nhd=1&url=http%3A%2F", "row": 0, "column": 21, "tagName": "html", "time": 11275.565952, "url": "", "pos": 1, "chunkLen": 1, "isStartTag": 1}}
06-28 11:43:19.217 25702 25715 E WProf.db: {"WprofHTMLTag": {"code": "0x9bd0f990", "doc": "https://securepubads.g.doubleclick.net/gampad/ads?gdfp_req=1&glade_req=1&glv=25&output=html&iu=%2F1038259%2FSEL-amp-cube&sz=300x250&sfv=1-0-8&correlator=1656348000387072&eid=108809080&adk=2352184609&biw=412&bih=620&adx=56&ady=294&oid=3&u_sd=3.5&ifi=1&is_amp=1&amp_v=1498506512561&nhd=1&url=http%3A%2F", "row": 0, "column": 27, "tagName": "head", "time": 11275.566937, "url": "", "pos": 1, "chunkLen": 1, "isStartTag": 1}}
06-28 11:43:19.217 25702 25715 E WProf.db: {"WprofHTMLTag": {"code": "0x9bd0f540", "doc": "https://securepubads.g.doubleclick.net/gampad/ads?gdfp_req=1&glade_req=1&glv=25&output=html&iu=%2F1038259%2FSEL-amp-cube&sz=300x250&sfv=1-0-8&correlator=1656348000387072&eid=108809080&adk=2352184609&biw=412&bih=620&adx=56&ady=294&oid=3&u_sd=3.5&ifi=1&is_amp=1&amp_v=1498506512561&nhd=1&url=http%3A%2F", "row": 0, "column": 144, "tagName": "meta", "time": 11275.567000, "url": "", "pos": 1, "chunkLen": 1, "isStartTag": 1}}
06-28 11:43:19.217 25702 25715 E WProf.db: {"WprofHTMLTag": {"code": "0xab1f8850", "doc": "https://securepubads.g.doubleclick.net/gampad/ads?gdfp_req=1&glade_req=1&glv=25&output=html&iu=%2F1038259%2FSEL-amp-cube&sz=300x250&sfv=1-0-8&correlator=1656348000387072&eid=108809080&adk=2352184609&biw=412&bih=620&adx=56&ady=294&oid=3&u_sd=3.5&ifi=1&is_amp=1&amp_v=1498506512561&nhd=1&url=http%3A%2F", "row": 0, "column": 152, "tagName": "script", "time": 11275.568828, "url": "", "pos": 1, "chunkLen": 1, "isStartTag": 1}}
06-28 11:43:19.218 25702 25715 E WProf.db: {"WprofHTMLTag": {"code": "0x9bd0f6c0", "doc": "https://securepubads.g.doubleclick.net/gampad/ads?gdfp_req=1&glade_req=1&glv=25&output=html&iu=%2F1038259%2FSEL-amp-cube&sz=300x250&sfv=1-0-8&correlator=1656348000387072&eid=108809080&adk=2352184609&biw=412&bih=620&adx=56&ady=294&oid=3&u_sd=3.5&ifi=1&is_amp=1&amp_v=1498506512561&nhd=1&url=http%3A%2F", "row": 0, "column": 195, "tagName": "script", "time": 11275.569056, "url": "", "pos": 1, "chunkLen": 1, "isStartTag": 0}}
06-28 11:43:19.218 25702 25715 E WProf.db: {"WprofHTMLTag": {"code": "0x9bd0f930", "doc": "https://securepubads.g.doubleclick.net/gampad/ads?gdfp_req=1&glade_req=1&glv=25&output=html&iu=%2F1038259%2FSEL-amp-cube&sz=300x250&sfv=1-0-8&correlator=1656348000387072&eid=108809080&adk=2352184609&biw=412&bih=620&adx=56&ady=294&oid=3&u_sd=3.5&ifi=1&is_amp=1&amp_v=1498506512561&nhd=1&url=http%3A%2F", "row": 0, "column": 202, "tagName": "style", "time": 11275.571073, "url": "", "pos": 1, "chunkLen": 1, "isStartTag": 1}}
06-28 11:43:19.218 25702 25715 E WProf.db: {"WprofHTMLTag": {"code": "0xab1f8910", "doc": "https://securepubads.g.doubleclick.net/gampad/ads?gdfp_req=1&glade_req=1&glv=25&output=html&iu=%2F1038259%2FSEL-amp-cube&sz=300x250&sfv=1-0-8&correlator=1656348000387072&eid=108809080&adk=2352184609&biw=412&bih=620&adx=56&ady=294&oid=3&u_sd=3.5&ifi=1&is_amp=1&amp_v=1498506512561&nhd=1&url=http%3A%2F", "row": 0, "column": 230, "tagName": "style", "time": 11275.571294, "url": "", "pos": 1, "chunkLen": 1, "isStartTag": 0}}
06-28 11:43:19.218 25636 25682 E chromium: [ERROR:gles2_cmd_decoder.cc(3852)] [.ChromiumCompositor-0xacbb2fc0]GL ERROR :GL_INVALID_ENUM : glDiscardFramebufferEXT: attachments was GL_COLOR_EXT
06-28 11:43:19.218 25702 25715 E WProf.db: {"WprofHTMLTag": {"code": "0xab1f8a90", "doc": "https://securepubads.g.doubleclick.net/gampad/ads?gdfp_req=1&glade_req=1&glv=25&output=html&iu=%2F1038259%2FSEL-amp-cube&sz=300x250&sfv=1-0-8&correlator=1656348000387072&eid=108809080&adk=2352184609&biw=412&bih=620&adx=56&ady=294&oid=3&u_sd=3.5&ifi=1&is_amp=1&amp_v=1498506512561&nhd=1&url=http%3A%2F", "row": 0, "column": 238, "tagName": "script", "time": 11275.572377, "url": "", "pos": 1, "chunkLen": 1, "isStartTag": 1}}
06-28 11:43:19.218 25702 25715 E WProf.db: {"WprofHTMLTag": {"code": "0x9bd0f870", "doc": "https://securepubads.g.doubleclick.net/gampad/ads?gdfp_req=1&glade_req=1&glv=25&output=html&iu=%2F1038259%2FSEL-amp-cube&sz=300x250&sfv=1-0-8&correlator=1656348000387072&eid=108809080&adk=2352184609&biw=412&bih=620&adx=56&ady=294&oid=3&u_sd=3.5&ifi=1&is_amp=1&amp_v=1498506512561&nhd=1&url=http%3A%2F", "row": 0, "column": 8856, "tagName": "script", "time": 11275.577947, "url": "", "pos": 1, "chunkLen": 1, "isStartTag": 0}}
06-28 11:43:19.219 25702 25715 E WProf.db: {"WprofHTMLTag": {"code": "0x9bd0f810", "doc": "https://securepubads.g.doubleclick.net/gampad/ads?gdfp_req=1&glade_req=1&glv=25&output=html&iu=%2F1038259%2FSEL-amp-cube&sz=300x250&sfv=1-0-8&correlator=1656348000387072&eid=108809080&adk=2352184609&biw=412&bih=620&adx=56&ady=294&oid=3&u_sd=3.5&ifi=1&is_amp=1&amp_v=1498506512561&nhd=1&url=http%3A%2F", "row": 0, "column": 8863, "tagName": "head", "time": 11275.591461, "url": "", "pos": 1, "chunkLen": 1, "isStartTag": 0}}
06-28 11:43:19.219 25702 25715 E WProf.db: {"WprofHTMLTag": {"code": "0x9bd0f690", "doc": "https://securepubads.g.doubleclick.net/gampad/ads?gdfp_req=1&glade_req=1&glv=25&output=html&iu=%2F1038259%2FSEL-amp-cube&sz=300x250&sfv=1-0-8&correlator=1656348000387072&eid=108809080&adk=2352184609&biw=412&bih=620&adx=56&ady=294&oid=3&u_sd=3.5&ifi=1&is_amp=1&amp_v=1498506512561&nhd=1&url=http%3A%2F", "row": 0, "column": 8977, "tagName": "body", "time": 11275.591492, "url": "", "pos": 1, "chunkLen": 1, "isStartTag": 1}}
06-28 11:43:19.219 25702 25715 E WProf.db: {"WprofHTMLTag": {"code": "0x9bd0fa50", "doc": "https://securepubads.g.doubleclick.net/gampad/ads?gdfp_req=1&glade_req=1&glv=25&output=html&iu=%2F1038259%2FSEL-amp-cube&sz=300x250&sfv=1-0-8&correlator=1656348000387072&eid=108809080&adk=2352184609&biw=412&bih=620&adx=56&ady=294&oid=3&u_sd=3.5&ifi=1&is_amp=1&amp_v=1498506512561&nhd=1&url=http%3A%2F", "row": 0, "column": 9047, "tagName": "div", "time": 11275.592051, "url": "", "pos": 1, "chunkLen": 1, "isStartTag": 1}}
06-28 11:43:19.219 25702 25715 E WProf.db: {"WprofHTMLTag": {"code": "0x9bd0f6f0", "doc": "https://securepubads.g.doubleclick.net/gampad/ads?gdfp_req=1&glade_req=1&glv=25&output=html&iu=%2F1038259%2FSEL-amp-cube&sz=300x250&sfv=1-0-8&correlator=1656348000387072&eid=108809080&adk=2352184609&biw=412&bih=620&adx=56&ady=294&oid=3&u_sd=3.5&ifi=1&is_amp=1&amp_v=1498506512561&nhd=1&url=http%3A%2F", "row": 0, "column": 9055, "tagName": "script", "time": 11275.592252, "url": "", "pos": 1, "chunkLen": 1, "isStartTag": 1}}
06-28 11:43:19.220 25702 25715 E WProf.db: {"WprofHTMLTag": {"code": "0xab1f8be0", "doc": "https://securepubads.g.doubleclick.net/gampad/ads?gdfp_req=1&glade_req=1&glv=25&output=html&iu=%2F1038259%2FSEL-amp-cube&sz=300x250&sfv=1-0-8&correlator=1656348000387072&eid=108809080&adk=2352184609&biw=412&bih=620&adx=56&ady=294&oid=3&u_sd=3.5&ifi=1&is_amp=1&amp_v=1498506512561&nhd=1&url=http%3A%2F", "row": 0, "column": 9428, "tagName": "script", "time": 11275.592432, "url": "", "pos": 1, "chunkLen": 1, "isStartTag": 0}}
06-28 11:43:19.221 25702 25715 E WProf.db: {"WprofHTMLTag": {"code": "0xab1f8c40", "doc": "https://securepubads.g.doubleclick.net/gampad/ads?gdfp_req=1&glade_req=1&glv=25&output=html&iu=%2F1038259%2FSEL-amp-cube&sz=300x250&sfv=1-0-8&correlator=1656348000387072&eid=108809080&adk=2352184609&biw=412&bih=620&adx=56&ady=294&oid=3&u_sd=3.5&ifi=1&is_amp=1&amp_v=1498506512561&nhd=1&url=http%3A%2F", "row": 0, "column": 10030, "tagName": "a", "time": 11275.598198, "url": "", "pos": 1, "chunkLen": 1, "isStartTag": 1}}
06-28 11:43:19.221 25702 25715 E WProf.db: {"WprofHTMLTag": {"code": "0xab1f8ca0", "doc": "https://securepubads.g.doubleclick.net/gampad/ads?gdfp_req=1&glade_req=1&glv=25&output=html&iu=%2F1038259%2FSEL-amp-cube&sz=300x250&sfv=1-0-8&correlator=1656348000387072&eid=108809080&adk=2352184609&biw=412&bih=620&adx=56&ady=294&oid=3&u_sd=3.5&ifi=1&is_amp=1&amp_v=1498506512561&nhd=1&url=http%3A%2F", "row": 0, "column": 10163, "tagName": "img", "time": 11275.598723, "url": "", "pos": 1, "chunkLen": 1, "isStartTag": 1}}
06-28 11:43:19.221 25702 25715 E WProf.db: {"WprofHTMLTag": {"code": "0xab1f8c70", "doc": "https://securepubads.g.doubleclick.net/gampad/ads?gdfp_req=1&glade_req=1&glv=25&output=html&iu=%2F1038259%2FSEL-amp-cube&sz=300x250&sfv=1-0-8&correlator=1656348000387072&eid=108809080&adk=2352184609&biw=412&bih=620&adx=56&ady=294&oid=3&u_sd=3.5&ifi=1&is_amp=1&amp_v=1498506512561&nhd=1&url=http%3A%2F", "row": 0, "column": 10167, "tagName": "a", "time": 11275.599863, "url": "", "pos": 1, "chunkLen": 1, "isStartTag": 0}}
06-28 11:43:19.221 25702 25715 E WProf.db: {"WprofHTMLTag": {"code": "0xab1f8cd0", "doc": "https://securepubads.g.doubleclick.net/gampad/ads?gdfp_req=1&glade_req=1&glv=25&output=html&iu=%2F1038259%2FSEL-amp-cube&sz=300x250&sfv=1-0-8&correlator=1656348000387072&eid=108809080&adk=2352184609&biw=412&bih=620&adx=56&ady=294&oid=3&u_sd=3.5&ifi=1&is_amp=1&amp_v=1498506512561&nhd=1&url=http%3A%2F", "row": 0, "column": 10173, "tagName": "div", "time": 11275.599886, "url": "", "pos": 1, "chunkLen": 1, "isStartTag": 0}}
06-28 11:43:19.221 25702 25715 E WProf.db: {"WprofHTMLTag": {"code": "0xab1f8d00", "doc": "https://securepubads.g.doubleclick.net/gampad/ads?gdfp_req=1&glade_req=1&glv=25&output=html&iu=%2F1038259%2FSEL-amp-cube&sz=300x250&sfv=1-0-8&correlator=1656348000387072&eid=108809080&adk=2352184609&biw=412&bih=620&adx=56&ady=294&oid=3&u_sd=3.5&ifi=1&is_amp=1&amp_v=1498506512561&nhd=1&url=http%3A%2F", "row": 0, "column": 10296, "tagName": "script", "time": 11275.599906, "url": "https://tpc.googlesyndication.com/pagead/js/r20170619/r20110914/client/ext/m_window_focus_non_hydra.js", "pos": 1, "chunkLen": 1, "isStartTag": 1}}
06-28 11:43:19.221 25702 25715 E WProf.db: {"WprofHTMLTag": {"code": "0xab1f8d30", "doc": "https://securepubads.g.doubleclick.net/gampad/ads?gdfp_req=1&glade_req=1&glv=25&output=html&iu=%2F1038259%2FSEL-amp-cube&sz=300x250&sfv=1-0-8&correlator=1656348000387072&eid=108809080&adk=2352184609&biw=412&bih=620&adx=56&ady=294&oid=3&u_sd=3.5&ifi=1&is_amp=1&amp_v=1498506512561&nhd=1&url=http%3A%2F", "row": 0, "column": 10305, "tagName": "script", "time": 11275.600563, "url": "", "pos": 1, "chunkLen": 1, "isStartTag": 0}}
06-28 11:43:19.221 25702 25715 E WProf.db: {"WprofHTMLTag": {"code": "0xab1f87f0", "doc": "https://securepubads.g.doubleclick.net/gampad/ads?gdfp_req=1&glade_req=1&glv=25&output=html&iu=%2F1038259%2FSEL-amp-cube&sz=300x250&sfv=1-0-8&correlator=1656348000387072&eid=108809080&adk=2352184609&biw=412&bih=620&adx=56&ady=294&oid=3&u_sd=3.5&ifi=1&is_amp=1&amp_v=1498506512561&nhd=1&url=http%3A%2F", "row": 0, "column": 10313, "tagName": "script", "time": 11275.605878, "url": "", "pos": 1, "chunkLen": 1, "isStartTag": 1}}
06-28 11:43:19.221 25702 25715 E WProf.db: {"WprofHTMLTag": {"code": "0xab1f8d60", "doc": "https://securepubads.g.doubleclick.net/gampad/ads?gdfp_req=1&glade_req=1&glv=25&output=html&iu=%2F1038259%2FSEL-amp-cube&sz=300x250&sfv=1-0-8&correlator=1656348000387072&eid=108809080&adk=2352184609&biw=412&bih=620&adx=56&ady=294&oid=3&u_sd=3.5&ifi=1&is_amp=1&amp_v=1498506512561&nhd=1&url=http%3A%2F", "row": 0, "column": 10579, "tagName": "script", "time": 11275.607354, "url": "", "pos": 1, "chunkLen": 1, "isStartTag": 0}}
06-28 11:43:19.222 25702 25715 E WProf.db: {"WprofHTMLTag": {"code": "0xab1f8d90", "doc": "https://securepubads.g.doubleclick.net/gampad/ads?gdfp_req=1&glade_req=1&glv=25&output=html&iu=%2F1038259%2FSEL-amp-cube&sz=300x250&sfv=1-0-8&correlator=1656348000387072&eid=108809080&adk=2352184609&biw=412&bih=620&adx=56&ady=294&oid=3&u_sd=3.5&ifi=1&is_amp=1&amp_v=1498506512561&nhd=1&url=http%3A%2F", "row": 0, "column": 10684, "tagName": "script", "time": 11275.609310, "url": "https://tpc.googlesyndication.com/pagead/js/r20170619/r20110914/activeview/osd_listener.js", "pos": 1, "chunkLen": 1, "isStartTag": 1}}
06-28 11:43:19.222 25702 25715 E WProf.db: {"WprofHTMLTag": {"code": "0xab1f8dc0", "doc": "https://securepubads.g.doubleclick.net/gampad/ads?gdfp_req=1&glade_req=1&glv=25&output=html&iu=%2F1038259%2FSEL-amp-cube&sz=300x250&sfv=1-0-8&correlator=1656348000387072&eid=108809080&adk=2352184609&biw=412&bih=620&adx=56&ady=294&oid=3&u_sd=3.5&ifi=1&is_amp=1&amp_v=1498506512561&nhd=1&url=http%3A%2F", "row": 0, "column": 10693, "tagName": "script", "time": 11275.609683, "url": "https://pagead2.googlesyndication.com/pagead/osd.js", "pos": 1, "chunkLen": 1, "isStartTag": 0}}
06-28 11:43:19.222 25702 25715 E WProf.db: {"WprofHTMLTag": {"code": "0x9bd0f420", "doc": "https://securepubads.g.doubleclick.net/gampad/ads?gdfp_req=1&glade_req=1&glv=25&output=html&iu=%2F1038259%2FSEL-amp-cube&sz=300x250&sfv=1-0-8&correlator=1656348000387072&eid=108809080&adk=2352184609&biw=412&bih=620&adx=56&ady=294&oid=3&u_sd=3.5&ifi=1&is_amp=1&amp_v=1498506512561&nhd=1&url=http%3A%2F", "row": 0, "column": 10724, "tagName": "script", "time": 11276.093668, "url": "", "pos": 1, "chunkLen": 1, "isStartTag": 1}}
06-28 11:43:19.222 25702 25715 E WProf.db: {"WprofHTMLTag": {"code": "0x9bd0f4e0", "doc": "https://securepubads.g.doubleclick.net/gampad/ads?gdfp_req=1&glade_req=1&glv=25&output=html&iu=%2F1038259%2FSEL-amp-cube&sz=300x250&sfv=1-0-8&correlator=1656348000387072&eid=108809080&adk=2352184609&biw=412&bih=620&adx=56&ady=294&oid=3&u_sd=3.5&ifi=1&is_amp=1&amp_v=1498506512561&nhd=1&url=http%3A%2F", "row": 0, "column": 11077, "tagName": "script", "time": 11276.094031, "url": "", "pos": 1, "chunkLen": 1, "isStartTag": 0}}
06-28 11:43:19.223 25702 25715 E WProf.db: {"WprofHTMLTag": {"code": "0x9bd0f9f0", "doc": "https://securepubads.g.doubleclick.net/gampad/ads?gdfp_req=1&glade_req=1&glv=25&output=html&iu=%2F1038259%2FSEL-amp-cube&sz=300x250&sfv=1-0-8&correlator=1656348000387072&eid=108809080&adk=2352184609&biw=412&bih=620&adx=56&ady=294&oid=3&u_sd=3.5&ifi=1&is_amp=1&amp_v=1498506512561&nhd=1&url=http%3A%2F", "row": 0, "column": 11085, "tagName": "script", "time": 11276.115185, "url": "", "pos": 1, "chunkLen": 1, "isStartTag": 1}}
06-28 11:43:19.223 25702 25715 E WProf.db: {"WprofHTMLTag": {"code": "0xab1f8fd0", "doc": "https://securepubads.g.doubleclick.net/gampad/ads?gdfp_req=1&glade_req=1&glv=25&output=html&iu=%2F1038259%2FSEL-amp-cube&sz=300x250&sfv=1-0-8&correlator=1656348000387072&eid=108809080&adk=2352184609&biw=412&bih=620&adx=56&ady=294&oid=3&u_sd=3.5&ifi=1&is_amp=1&amp_v=1498506512561&nhd=1&url=http%3A%2F", "row": 0, "column": 19647, "tagName": "script", "time": 11276.115625, "url": "", "pos": 1, "chunkLen": 1, "isStartTag": 0}}
06-28 11:43:19.223 25702 25715 E WProf.db: {"WprofHTMLTag": {"code": "0xaf047340", "doc": "https://securepubads.g.doubleclick.net/gampad/ads?gdfp_req=1&glade_req=1&glv=25&output=html&iu=%2F1038259%2FSEL-amp-cube&sz=300x250&sfv=1-0-8&correlator=1656348000387072&eid=108809080&adk=2352184609&biw=412&bih=620&adx=56&ady=294&oid=3&u_sd=3.5&ifi=1&is_amp=1&amp_v=1498506512561&nhd=1&url=http%3A%2F", "row": 0, "column": 19655, "tagName": "script", "time": 11276.125806, "url": "", "pos": 1, "chunkLen": 1, "isStartTag": 1}}
06-28 11:43:19.223 25702 25715 E WProf.db: {"WprofHTMLTag": {"code": "0xaf0473a0", "doc": "https://securepubads.g.doubleclick.net/gampad/ads?gdfp_req=1&glade_req=1&glv=25&output=html&iu=%2F1038259%2FSEL-amp-cube&sz=300x250&sfv=1-0-8&correlator=1656348000387072&eid=108809080&adk=2352184609&biw=412&bih=620&adx=56&ady=294&oid=3&u_sd=3.5&ifi=1&is_amp=1&amp_v=1498506512561&nhd=1&url=http%3A%2F", "row": 0, "column": 19730, "tagName": "script", "time": 11276.125990, "url": "", "pos": 1, "chunkLen": 1, "isStartTag": 0}}
06-28 11:43:19.223 25702 25715 E WProf.db: {"WprofHTMLTag": {"code": "0xb4cc7c30", "doc": "https://securepubads.g.doubleclick.net/gampad/ads?gdfp_req=1&glade_req=1&glv=25&output=html&iu=%2F1038259%2FSEL-amp-cube&sz=300x250&sfv=1-0-8&correlator=1656348000387072&eid=108809080&adk=2352184609&biw=412&bih=620&adx=56&ady=294&oid=3&u_sd=3.5&ifi=1&is_amp=1&amp_v=1498506512561&nhd=1&url=http%3A%2F", "row": 0, "column": 19738, "tagName": "script", "time": 11276.129741, "url": "", "pos": 1, "chunkLen": 1, "isStartTag": 1}}
06-28 11:43:19.224 25702 25715 E WProf.db: {"WprofHTMLTag": {"code": "0xb4cc7db0", "doc": "https://securepubads.g.doubleclick.net/gampad/ads?gdfp_req=1&glade_req=1&glv=25&output=html&iu=%2F1038259%2FSEL-amp-cube&sz=300x250&sfv=1-0-8&correlator=1656348000387072&eid=108809080&adk=2352184609&biw=412&bih=620&adx=56&ady=294&oid=3&u_sd=3.5&ifi=1&is_amp=1&amp_v=1498506512561&nhd=1&url=http%3A%2F", "row": 0, "column": 19845, "tagName": "script", "time": 11276.129959, "url": "", "pos": 1, "chunkLen": 1, "isStartTag": 0}}
06-28 11:43:19.224 25702 25715 E WProf.db: {"WprofHTMLTag": {"code": "0xb4cc7de0", "doc": "https://securepubads.g.doubleclick.net/gampad/ads?gdfp_req=1&glade_req=1&glv=25&output=html&iu=%2F1038259%2FSEL-amp-cube&sz=300x250&sfv=1-0-8&correlator=1656348000387072&eid=108809080&adk=2352184609&biw=412&bih=620&adx=56&ady=294&oid=3&u_sd=3.5&ifi=1&is_amp=1&amp_v=1498506512561&nhd=1&url=http%3A%2F", "row": 0, "column": 19853, "tagName": "script", "time": 11276.131613, "url": "", "pos": 1, "chunkLen": 1, "isStartTag": 1}}
06-28 11:43:19.224 25702 25715 E WProf.db: {"WprofHTMLTag": {"code": "0xb4cc80b0", "doc": "https://securepubads.g.doubleclick.net/gampad/ads?gdfp_req=1&glade_req=1&glv=25&output=html&iu=%2F1038259%2FSEL-amp-cube&sz=300x250&sfv=1-0-8&correlator=1656348000387072&eid=108809080&adk=2352184609&biw=412&bih=620&adx=56&ady=294&oid=3&u_sd=3.5&ifi=1&is_amp=1&amp_v=1498506512561&nhd=1&url=http%3A%2F", "row": 0, "column": 20191, "tagName": "script", "time": 11276.131767, "url": "", "pos": 1, "chunkLen": 1, "isStartTag": 0}}
06-28 11:43:19.224 25702 25715 E WProf.db: {"WprofHTMLTag": {"code": "0x9b14e000", "doc": "https://securepubads.g.doubleclick.net/gampad/ads?gdfp_req=1&glade_req=1&glv=25&output=html&iu=%2F1038259%2FSEL-amp-cube&sz=300x250&sfv=1-0-8&correlator=1656348000387072&eid=108809080&adk=2352184609&biw=412&bih=620&adx=56&ady=294&oid=3&u_sd=3.5&ifi=1&is_amp=1&amp_v=1498506512561&nhd=1&url=http%3A%2F", "row": 0, "column": 20198, "tagName": "body", "time": 11276.132736, "url": "", "pos": 1, "chunkLen": 1, "isStartTag": 0}}
06-28 11:43:19.224 25702 25715 E WProf.db: {"WprofHTMLTag": {"code": "0x9b14e030", "doc": "https://securepubads.g.doubleclick.net/gampad/ads?gdfp_req=1&glade_req=1&glv=25&output=html&iu=%2F1038259%2FSEL-amp-cube&sz=300x250&sfv=1-0-8&correlator=1656348000387072&eid=108809080&adk=2352184609&biw=412&bih=620&adx=56&ady=294&oid=3&u_sd=3.5&ifi=1&is_amp=1&amp_v=1498506512561&nhd=1&url=http%3A%2F", "row": 0, "column": 20205, "tagName": "html", "time": 11276.132771, "url": "", "pos": 1, "chunkLen": 1, "isStartTag": 0}}
06-28 11:43:19.224 25702 25715 E WProf.db: {"Resource": {"id": 35, "url": "https://securepubads.g.doubleclick.net/static/glade/extra_25.js", "sentTime": -1.000000, "len": 10944, "from": "0x9ca4b490", "mimeType": "text/javascript", "contentLength": -1, "httpStatus": 200, "connId": 405, "connReused": 0, "cached": 0,"requestTime": 11275.385625, "proxyStart": -1, "proxyEnd": -1, "dnsStart": 0, "dnsEnd": 0, "connectStart": 0, "connectEnd": 97, "sendStart": 97, "sendEnd": 98, "receiveHeadersEnd": 161, "sslStart": 36, "sslEnd": 97}}
06-28 11:43:19.224 25702 25715 E WProf.db: {"ReceivedChunk": {"receivedTime": 11275.574246, "len": 5318}}
06-28 11:43:19.225 25702 25715 E WProf.db: {"ReceivedChunk": {"receivedTime": 11275.577069, "len": 5626}}
06-28 11:43:19.225 25702 25715 E WProf.db: {"Resource": {"id": 36, "url": "https://securepubads.g.doubleclick.net/pcs/view?xai=AKAOjstjuke98bdpr9zEBk3blxUfuon2RBRqWIZk_SIzOZWt4OtTP-kkMjKkRH6seu_Er9f4KSWj70zYrpE2HbfQ8jARlFVJyeU88_gcU0wOgpYfrm6x0mifbKK6iqpQto05bP4-t8ty_iI18fCnmqj0PvgvWBH1PHg-XirBUEHocvy60ch3XIV-HIbyLMe6BIwgm1VHCWT3W6aCT3z3KTdPyjNasoBD0Rj0ovf466IFR-jV17CdQVv_", "sentTime": -1.000000, "len": 0, "from": "0xab1f8be0", "mimeType": "text/html", "contentLength": 0, "httpStatus": 200, "connId": 405, "connReused": 1, "cached": 0,"requestTime": 11275.599229, "proxyStart": -1, "proxyEnd": -1, "dnsStart": -1, "dnsEnd": -1, "connectStart": 0, "connectEnd": 6, "sendStart": 6, "sendEnd": 7, "receiveHeadersEnd": 111, "sslStart": -1, "sslEnd": -1}}
06-28 11:43:19.225 25702 25715 E WProf.db: {"Resource": {"id": 40, "url": "https://pagead2.googlesyndication.com/pagead/osd.js", "sentTime": -1.000000, "len": 78842, "from": "0xab1f8dc0", "mimeType": "text/javascript", "contentLength": -1, "httpStatus": 200, "connId": 475, "connReused": 0, "cached": 0,"requestTime": 11275.636354, "proxyStart": -1, "proxyEnd": -1, "dnsStart": 5, "dnsEnd": 10, "connectStart": 0, "connectEnd": 220, "sendStart": 220, "sendEnd": 220, "receiveHeadersEnd": 288, "sslStart": 71, "sslEnd": 219}}
06-28 11:43:19.225 25702 25715 E WProf.db: {"ReceivedChunk": {"receivedTime": 11275.928546, "len": 5659}}
06-28 11:43:19.225 25702 25715 E WProf.db: {"ReceivedChunk": {"receivedTime": 11275.930689, "len": 22650}}
06-28 11:43:19.225 25702 25715 E WProf.db: {"ReceivedChunk": {"receivedTime": 11275.932038, "len": 19129}}
06-28 11:43:19.225 25702 25715 E WProf.db: {"ReceivedChunk": {"receivedTime": 11275.932859, "len": 4050}}
06-28 11:43:19.225 25702 25715 E WProf.db: {"ReceivedChunk": {"receivedTime": 11275.996440, "len": 11330}}
06-28 11:43:19.225 25702 25715 E WProf.db: {"ReceivedChunk": {"receivedTime": 11276.011729, "len": 3675}}
06-28 11:43:19.225 25702 25715 E WProf.db: {"ReceivedChunk": {"receivedTime": 11276.041390, "len": 12349}}
06-28 11:43:19.226 25702 25715 E WProf.db: {"Resource": {"id": 38, "url": "https://tpc.googlesyndication.com/pagead/js/r20170619/r20110914/client/ext/m_window_focus_non_hydra.js", "sentTime": -1.000000, "len": 4938, "from": "0xab1f8d00", "mimeType": "text/javascript", "contentLength": -1, "httpStatus": 200, "connId": 438, "connReused": 0, "cached": 0,"requestTime": 11275.602252, "proxyStart": -1, "proxyEnd": -1, "dnsStart": 6, "dnsEnd": 7, "connectStart": 0, "connectEnd": 283, "sendStart": 283, "sendEnd": 284, "receiveHeadersEnd": 395, "sslStart": 68, "sslEnd": 281}}
06-28 11:43:19.226 25702 25715 E WProf.db: {"ReceivedChunk": {"receivedTime": 11276.016066, "len": 4938}}
06-28 11:43:19.226 25702 25715 E WProf.db: {"Resource": {"id": 39, "url": "https://tpc.googlesyndication.com/pagead/js/r20170619/r20110914/activeview/osd_listener.js", "sentTime": -1.000000, "len": 26372, "from": "0xab1f8d90", "mimeType": "text/javascript", "contentLength": -1, "httpStatus": 200, "connId": 448, "connReused": 0, "cached": 0,"requestTime": 11275.611834, "proxyStart": -1, "proxyEnd": -1, "dnsStart": 0, "dnsEnd": 0, "connectStart": 0, "connectEnd": 274, "sendStart": 274, "sendEnd": 274, "receiveHeadersEnd": 387, "sslStart": 59, "sslEnd": 271}}
06-28 11:43:19.226 25702 25715 E WProf.db: {"ReceivedChunk": {"receivedTime": 11276.017851, "len": 9185}}
06-28 11:43:19.226 25702 25715 E WProf.db: {"ReceivedChunk": {"receivedTime": 11276.043017, "len": 17187}}
06-28 11:43:19.226 25702 25715 E WProf.db: {"Resource": {"id": 37, "url": "https://tpc.googlesyndication.com/simgad/6928963763757288809", "sentTime": -1.000000, "len": 28403, "from": "0xab1f8ca0", "mimeType": "image/jpeg", "contentLength": 28403, "httpStatus": 200, "connId": 461, "connReused": 0, "cached": 0,"requestTime": 11275.600538, "proxyStart": -1, "proxyEnd": -1, "dnsStart": 16, "dnsEnd": 16, "connectStart": 0, "connectEnd": 287, "sendStart": 287, "sendEnd": 287, "receiveHeadersEnd": 402, "sslStart": 79, "sslEnd": 286}}
06-28 11:43:19.226 25702 25715 E WProf.db: {"ReceivedChunk": {"receivedTime": 11276.039926, "len": 3638}}
06-28 11:43:19.226 25702 25715 E WProf.db: {"ReceivedChunk": {"receivedTime": 11276.141665, "len": 7016}}
06-28 11:43:19.227 25702 25715 E WProf.db: {"ReceivedChunk": {"receivedTime": 11276.142123, "len": 16668}}
06-28 11:43:19.227 25702 25715 E WProf.db: {"ReceivedChunk": {"receivedTime": 11276.142875, "len": 1081}}
06-28 11:43:19.227 25702 25715 E WProf.db: {"HOL": {"type": 1, "docUrl": "https://d-40903749341084255518.ampproject.net/1498506512561/frame.html", "code": "0x9bd0f030", "row": 4, "column": 59, "url": "https://3p.ampproject.net/1498506512561/f.js"}}
06-28 11:43:19.227 25702 25715 E WProf.db: {"HOL": {"type": 1, "docUrl": "https://d-40903749341084255518.ampproject.net/1498506512561/frame.html", "code": "0x9bd0f7e0", "row": 8, "column": 10, "url": ""}}
06-28 11:43:19.227 25702 25715 E WProf.db: {"HOL": {"type": 1, "docUrl": "https://d-40903749341084255518.ampproject.net/1498506512561/frame.html", "code": "0x9ca4b430", "row": 10, "column": 8, "url": ""}}
06-28 11:43:19.227 25702 25715 E WProf.db: {"HOL": {"type": 1, "docUrl": "https://securepubads.g.doubleclick.net/gampad/ads?gdfp_req=1&glade_req=1&glv=25&output=html&iu=%2F1038259%2FSEL-amp-cube&sz=300x250&sfv=1-0-8&correlator=1656348000387072&eid=108809080&adk=2352184609&biw=412&bih=620&adx=56&ady=294&oid=3&u_sd=3.5&ifi=1&is_amp=1&amp_v=1498506512561&nhd=1&url=http%3A%2F", "code": "0xab1f8850", "row": 0, "column": 152, "url": ""}}
06-28 11:43:19.227 25702 25715 E WProf.db: {"HOL": {"type": 4, "docUrl": "https://securepubads.g.doubleclick.net/gampad/ads?gdfp_req=1&glade_req=1&glv=25&output=html&iu=%2F1038259%2FSEL-amp-cube&sz=300x250&sfv=1-0-8&correlator=1656348000387072&eid=108809080&adk=2352184609&biw=412&bih=620&adx=56&ady=294&oid=3&u_sd=3.5&ifi=1&is_amp=1&amp_v=1498506512561&nhd=1&url=http%3A%2F", "code": "0x9bd0f930", "row": 0, "column": 202, "url": ""}}
