06-28 16:25:46.917 29455 29502 E chromium: [ERROR:gles2_cmd_decoder.cc(3852)] [.ChromiumCompositor-0xacbb2fc0]GL ERROR :GL_INVALID_ENUM : glDiscardFramebufferEXT: attachments was GL_COLOR_EXT
06-28 16:25:46.921 29455 29502 E chromium: [ERROR:gles2_cmd_decoder.cc(3852)] [.ChromiumCompositor-0xacbb2fc0]GL ERROR :GL_INVALID_ENUM : glDiscardFramebufferEXT: attachments was GL_COLOR_EXT
06-28 16:25:46.952 29455 29502 E chromium: [ERROR:gles2_cmd_decoder.cc(3852)] [.ChromiumCompositor-0xacbb2fc0]GL ERROR :GL_INVALID_ENUM : glDiscardFramebufferEXT: attachments was GL_COLOR_EXT
06-28 16:25:46.956 29455 29502 E chromium: [ERROR:gles2_cmd_decoder.cc(3852)] [.ChromiumCompositor-0xacbb2fc0]GL ERROR :GL_INVALID_ENUM : glDiscardFramebufferEXT: attachments was GL_COLOR_EXT
06-28 16:25:46.986 29455 29502 E chromium: [ERROR:gles2_cmd_decoder.cc(3852)] [.ChromiumCompositor-0xacbb2fc0]GL ERROR :GL_INVALID_ENUM : glDiscardFramebufferEXT: attachments was GL_COLOR_EXT
06-28 16:25:46.991 29455 29502 E chromium: [ERROR:gles2_cmd_decoder.cc(3852)] [.ChromiumCompositor-0xacbb2fc0]GL ERROR :GL_INVALID_ENUM : glDiscardFramebufferEXT: attachments was GL_COLOR_EXT
06-28 16:25:47.019 29455 29502 E chromium: [ERROR:gles2_cmd_decoder.cc(3852)] [.ChromiumCompositor-0xacbb2fc0]GL ERROR :GL_INVALID_ENUM : glDiscardFramebufferEXT: attachments was GL_COLOR_EXT
06-28 16:25:47.023 29455 29502 E chromium: [ERROR:gles2_cmd_decoder.cc(3852)] [.ChromiumCompositor-0xacbb2fc0]GL ERROR :GL_INVALID_ENUM : glDiscardFramebufferEXT: attachments was GL_COLOR_EXT
06-28 16:25:47.051 29455 29502 E chromium: [ERROR:gles2_cmd_decoder.cc(3852)] [.ChromiumCompositor-0xacbb2fc0]GL ERROR :GL_INVALID_ENUM : glDiscardFramebufferEXT: attachments was GL_COLOR_EXT
06-28 16:25:47.056 29455 29502 E chromium: [ERROR:gles2_cmd_decoder.cc(3852)] [.ChromiumCompositor-0xacbb2fc0]GL ERROR :GL_INVALID_ENUM : glDiscardFramebufferEXT: attachments was GL_COLOR_EXT
06-28 16:25:47.085 29455 29502 E chromium: [ERROR:gles2_cmd_decoder.cc(3852)] [.ChromiumCompositor-0xacbb2fc0]GL ERROR :GL_INVALID_ENUM : glDiscardFramebufferEXT: attachments was GL_COLOR_EXT
06-28 16:25:47.090 29455 29502 E chromium: [ERROR:gles2_cmd_decoder.cc(3852)] [.ChromiumCompositor-0xacbb2fc0]GL ERROR :GL_INVALID_ENUM : glDiscardFramebufferEXT: attachments was GL_COLOR_EXT
06-28 16:25:47.121 29455 29502 E chromium: [ERROR:gles2_cmd_decoder.cc(3852)] [.ChromiumCompositor-0xacbb2fc0]GL ERROR :GL_INVALID_ENUM : glDiscardFramebufferEXT: attachments was GL_COLOR_EXT
06-28 16:25:47.127 29455 29502 E chromium: [ERROR:gles2_cmd_decoder.cc(3852)] [.ChromiumCompositor-0xacbb2fc0]GL ERROR :GL_INVALID_ENUM : glDiscardFramebufferEXT: attachments was GL_COLOR_EXT
06-28 16:25:47.148 29455 29502 E chromium: [ERROR:gles2_cmd_decoder.cc(3852)] [.ChromiumCompositor-0xacbb2fc0]GL ERROR :GL_INVALID_ENUM : glDiscardFramebufferEXT: attachments was GL_COLOR_EXT
06-28 16:25:47.163 29455 29502 E chromium: [ERROR:gles2_cmd_decoder.cc(3852)] [.ChromiumCompositor-0xacbb2fc0]GL ERROR :GL_INVALID_ENUM : glDiscardFramebufferEXT: attachments was GL_COLOR_EXT
06-28 16:25:47.178 29455 29502 E chromium: [ERROR:gles2_cmd_decoder.cc(3852)] [.ChromiumCompositor-0xacbb2fc0]GL ERROR :GL_INVALID_ENUM : glDiscardFramebufferEXT: attachments was GL_COLOR_EXT
06-28 16:25:47.192 29455 29502 E chromium: [ERROR:gles2_cmd_decoder.cc(3852)] [.ChromiumCompositor-0xacbb2fc0]GL ERROR :GL_INVALID_ENUM : glDiscardFramebufferEXT: attachments was GL_COLOR_EXT
06-28 16:25:47.220 29455 29502 E chromium: [ERROR:gles2_cmd_decoder.cc(3852)] [.ChromiumCompositor-0xacbb2fc0]GL ERROR :GL_INVALID_ENUM : glDiscardFramebufferEXT: attachments was GL_COLOR_EXT
06-28 16:25:47.226 29455 29502 E chromium: [ERROR:gles2_cmd_decoder.cc(3852)] [.ChromiumCompositor-0xacbb2fc0]GL ERROR :GL_INVALID_ENUM : glDiscardFramebufferEXT: attachments was GL_COLOR_EXT
06-28 16:25:47.254 29455 29502 E chromium: [ERROR:gles2_cmd_decoder.cc(3852)] [.ChromiumCompositor-0xacbb2fc0]GL ERROR :GL_INVALID_ENUM : glDiscardFramebufferEXT: attachments was GL_COLOR_EXT
06-28 16:25:47.265 29455 29502 E chromium: [ERROR:gles2_cmd_decoder.cc(3852)] [.ChromiumCompositor-0xacbb2fc0]GL ERROR :GL_INVALID_ENUM : glDiscardFramebufferEXT: attachments was GL_COLOR_EXT
06-28 16:25:47.282 29455 29502 E chromium: [ERROR:gles2_cmd_decoder.cc(3852)] [.ChromiumCompositor-0xacbb2fc0]GL ERROR :GL_INVALID_ENUM : glDiscardFramebufferEXT: attachments was GL_COLOR_EXT
06-28 16:25:47.303 29455 29502 E chromium: [ERROR:gles2_cmd_decoder.cc(3852)] [.ChromiumCompositor-0xacbb2fc0]GL ERROR :GL_INVALID_ENUM : glDiscardFramebufferEXT: attachments was GL_COLOR_EXT
06-28 16:25:47.307 29455 29502 E chromium: [ERROR:gles2_cmd_decoder.cc(3852)] [.ChromiumCompositor-0xacbb2fc0]GL ERROR :GL_INVALID_ENUM : glDiscardFramebufferEXT: attachments was GL_COLOR_EXT
06-28 16:25:47.337 29455 29502 E chromium: [ERROR:gles2_cmd_decoder.cc(3852)] [.ChromiumCompositor-0xacbb2fc0]GL ERROR :GL_INVALID_ENUM : glDiscardFramebufferEXT: attachments was GL_COLOR_EXT
06-28 16:25:47.341 29455 29502 E chromium: [ERROR:gles2_cmd_decoder.cc(3852)] [.ChromiumCompositor-0xacbb2fc0]GL ERROR :GL_INVALID_ENUM : glDiscardFramebufferEXT: attachments was GL_COLOR_EXT
06-28 16:25:47.372 29455 29502 E chromium: [ERROR:gles2_cmd_decoder.cc(3852)] [.ChromiumCompositor-0xacbb2fc0]GL ERROR :GL_INVALID_ENUM : glDiscardFramebufferEXT: attachments was GL_COLOR_EXT
06-28 16:25:47.380 29455 29502 E chromium: [ERROR:gles2_cmd_decoder.cc(3852)] [.ChromiumCompositor-0xacbb2fc0]GL ERROR :GL_INVALID_ENUM : glDiscardFramebufferEXT: attachments was GL_COLOR_EXT
06-28 16:25:47.405 29455 29502 E chromium: [ERROR:gles2_cmd_decoder.cc(3852)] [.ChromiumCompositor-0xacbb2fc0]GL ERROR :GL_INVALID_ENUM : glDiscardFramebufferEXT: attachments was GL_COLOR_EXT
06-28 16:25:47.412 29455 29502 E chromium: [ERROR:gles2_cmd_decoder.cc(3852)] [.ChromiumCompositor-0xacbb2fc0]GL ERROR :GL_INVALID_ENUM : glDiscardFramebufferEXT: attachments was GL_COLOR_EXT
06-28 16:25:47.438 29455 29502 E chromium: [ERROR:gles2_cmd_decoder.cc(3852)] [.ChromiumCompositor-0xacbb2fc0]GL ERROR :GL_INVALID_ENUM : glDiscardFramebufferEXT: attachments was GL_COLOR_EXT
06-28 16:25:47.444 29455 29502 E chromium: [ERROR:gles2_cmd_decoder.cc(3852)] [.ChromiumCompositor-0xacbb2fc0]GL ERROR :GL_INVALID_ENUM : glDiscardFramebufferEXT: attachments was GL_COLOR_EXT
06-28 16:25:47.470 29455 29502 E chromium: [ERROR:gles2_cmd_decoder.cc(3852)] [.ChromiumCompositor-0xacbb2fc0]GL ERROR :GL_INVALID_ENUM : glDiscardFramebufferEXT: attachments was GL_COLOR_EXT
06-28 16:25:47.513 29455 29502 E chromium: [ERROR:gles2_cmd_decoder.cc(3852)] [.ChromiumCompositor-0xacbb2fc0]GL ERROR :GL_INVALID_ENUM : glDiscardFramebufferEXT: attachments was GL_COLOR_EXT
06-28 16:25:47.540 29455 29502 E chromium: [ERROR:gles2_cmd_decoder.cc(3852)] [.ChromiumCompositor-0xacbb2fc0]GL ERROR :GL_INVALID_ENUM : glDiscardFramebufferEXT: attachments was GL_COLOR_EXT
06-28 16:25:47.545 29455 29502 E chromium: [ERROR:gles2_cmd_decoder.cc(3852)] [.ChromiumCompositor-0xacbb2fc0]GL ERROR :GL_INVALID_ENUM : glDiscardFramebufferEXT: attachments was GL_COLOR_EXT
06-28 16:25:47.551 29455 29502 E chromium: [ERROR:gles2_cmd_decoder.cc(3852)] [.ChromiumCompositor-0xacbb2fc0]GL ERROR :GL_INVALID_ENUM : glDiscardFramebufferEXT: attachments was GL_COLOR_EXT
06-28 16:25:47.560 29455 29502 E chromium: [ERROR:gles2_cmd_decoder.cc(3852)] [.ChromiumCompositor-0xacbb2fc0]GL ERROR :GL_INVALID_ENUM : glDiscardFramebufferEXT: attachments was GL_COLOR_EXT
06-28 16:25:47.570 29455 29502 E chromium: [ERROR:gles2_cmd_decoder.cc(3852)] [.ChromiumCompositor-0xacbb2fc0]GL ERROR :GL_INVALID_ENUM : glDiscardFramebufferEXT: attachments was GL_COLOR_EXT
06-28 16:25:47.580 29455 29502 E chromium: [ERROR:gles2_cmd_decoder.cc(3852)] [.ChromiumCompositor-0xacbb2fc0]GL ERROR :GL_INVALID_ENUM : glDiscardFramebufferEXT: attachments was GL_COLOR_EXT
06-28 16:25:47.605 29455 29502 E chromium: [ERROR:gles2_cmd_decoder.cc(3852)] [.ChromiumCompositor-0xacbb2fc0]GL ERROR :GL_INVALID_ENUM : glDiscardFramebufferEXT: attachments was GL_COLOR_EXT
06-28 16:25:47.609 29455 29502 E chromium: [ERROR:gles2_cmd_decoder.cc(3852)] [.ChromiumCompositor-0xacbb2fc0]GL ERROR :GL_INVALID_ENUM : glDiscardFramebufferEXT: attachments was GL_COLOR_EXT
06-28 16:25:47.645 29455 29502 E chromium: [ERROR:gles2_cmd_decoder.cc(3852)] [.ChromiumCompositor-0xacbb2fc0]GL ERROR :GL_INVALID_ENUM : glDiscardFramebufferEXT: attachments was GL_COLOR_EXT
06-28 16:25:47.658 29455 29502 E chromium: [ERROR:gles2_cmd_decoder.cc(3852)] [.ChromiumCompositor-0xacbb2fc0]GL ERROR :GL_INVALID_ENUM : glDiscardFramebufferEXT: attachments was GL_COLOR_EXT
06-28 16:25:47.674 29455 29502 E chromium: [ERROR:gles2_cmd_decoder.cc(3852)] [.ChromiumCompositor-0xacbb2fc0]GL ERROR :GL_INVALID_ENUM : glDiscardFramebufferEXT: attachments was GL_COLOR_EXT
06-28 16:25:47.692 29455 29502 E chromium: [ERROR:gles2_cmd_decoder.cc(3852)] [.ChromiumCompositor-0xacbb2fc0]GL ERROR :GL_INVALID_ENUM : glDiscardFramebufferEXT: attachments was GL_COLOR_EXT
06-28 16:25:47.709 29455 29502 E chromium: [ERROR:gles2_cmd_decoder.cc(3852)] [.ChromiumCompositor-0xacbb2fc0]GL ERROR :GL_INVALID_ENUM : glDiscardFramebufferEXT: attachments was GL_COLOR_EXT
06-28 16:25:47.727 29455 29502 E chromium: [ERROR:gles2_cmd_decoder.cc(3852)] [.ChromiumCompositor-0xacbb2fc0]GL ERROR :GL_INVALID_ENUM : glDiscardFramebufferEXT: attachments was GL_COLOR_EXT
06-28 16:25:47.743 29455 29502 E chromium: [ERROR:gles2_cmd_decoder.cc(3852)] [.ChromiumCompositor-0xacbb2fc0]GL ERROR :GL_INVALID_ENUM : glDiscardFramebufferEXT: attachments was GL_COLOR_EXT
06-28 16:25:47.759 29455 29502 E chromium: [ERROR:gles2_cmd_decoder.cc(3852)] [.ChromiumCompositor-0xacbb2fc0]GL ERROR :GL_INVALID_ENUM : glDiscardFramebufferEXT: attachments was GL_COLOR_EXT
06-28 16:25:47.780 29455 29502 E chromium: [ERROR:gles2_cmd_decoder.cc(3852)] [.ChromiumCompositor-0xacbb2fc0]GL ERROR :GL_INVALID_ENUM : glDiscardFramebufferEXT: attachments was GL_COLOR_EXT
06-28 16:25:47.793 29455 29502 E chromium: [ERROR:gles2_cmd_decoder.cc(3852)] [.ChromiumCompositor-0xacbb2fc0]GL ERROR :GL_INVALID_ENUM : glDiscardFramebufferEXT: attachments was GL_COLOR_EXT
06-28 16:25:47.808 29455 29502 E chromium: [ERROR:gles2_cmd_decoder.cc(3852)] [.ChromiumCompositor-0xacbb2fc0]GL ERROR :GL_INVALID_ENUM : glDiscardFramebufferEXT: attachments was GL_COLOR_EXT
06-28 16:25:47.828 29455 29502 E chromium: [ERROR:gles2_cmd_decoder.cc(3852)] [.ChromiumCompositor-0xacbb2fc0]GL ERROR :GL_INVALID_ENUM : glDiscardFramebufferEXT: attachments was GL_COLOR_EXT
06-28 16:25:47.851 29455 29502 E chromium: [ERROR:gles2_cmd_decoder.cc(3852)] [.ChromiumCompositor-0xacbb2fc0]GL ERROR :GL_INVALID_ENUM : glDiscardFramebufferEXT: attachments was GL_COLOR_EXT
06-28 16:25:47.861 29521 29534 E WPROF   : {"Javascript": {"url": "https://3p.ampproject.net/1498506512561/f.js", "requestTime": 28224.916871}}
06-28 16:25:47.864 29455 29502 E chromium: [ERROR:gles2_cmd_decoder.cc(3852)] [.ChromiumCompositor-0xacbb2fc0]GL ERROR :GL_INVALID_ENUM : glDiscardFramebufferEXT: attachments was GL_COLOR_EXT
06-28 16:25:47.876 29455 29502 E chromium: [ERROR:gles2_cmd_decoder.cc(3852)] [.ChromiumCompositor-0xacbb2fc0]GL ERROR :GL_INVALID_ENUM : glDiscardFramebufferEXT: attachments was GL_COLOR_EXT
06-28 16:25:47.891 29455 29502 E chromium: [ERROR:gles2_cmd_decoder.cc(3852)] [.ChromiumCompositor-0xacbb2fc0]GL ERROR :GL_INVALID_ENUM : glDiscardFramebufferEXT: attachments was GL_COLOR_EXT
06-28 16:25:47.909 29455 29502 E chromium: [ERROR:gles2_cmd_decoder.cc(3852)] [.ChromiumCompositor-0xacbb2fc0]GL ERROR :GL_INVALID_ENUM : glDiscardFramebufferEXT: attachments was GL_COLOR_EXT
06-28 16:25:47.927 29455 29502 E chromium: [ERROR:gles2_cmd_decoder.cc(3852)] [.ChromiumCompositor-0xacbb2fc0]GL ERROR :GL_INVALID_ENUM : glDiscardFramebufferEXT: attachments was GL_COLOR_EXT
06-28 16:25:47.943 29455 29502 E chromium: [ERROR:gles2_cmd_decoder.cc(3852)] [.ChromiumCompositor-0xacbb2fc0]GL ERROR :GL_INVALID_ENUM : glDiscardFramebufferEXT: attachments was GL_COLOR_EXT
06-28 16:25:47.962 29455 29502 E chromium: [ERROR:gles2_cmd_decoder.cc(3852)] [.ChromiumCompositor-0xacbb2fc0]GL ERROR :GL_INVALID_ENUM : glDiscardFramebufferEXT: attachments was GL_COLOR_EXT
06-28 16:25:47.979 29455 29502 E chromium: [ERROR:gles2_cmd_decoder.cc(3852)] [.ChromiumCompositor-0xacbb2fc0]GL ERROR :GL_INVALID_ENUM : glDiscardFramebufferEXT: attachments was GL_COLOR_EXT
06-28 16:25:47.995 29455 29502 E chromium: [ERROR:gles2_cmd_decoder.cc(3852)] [.ChromiumCompositor-0xacbb2fc0]GL ERROR :GL_INVALID_ENUM : glDiscardFramebufferEXT: attachments was GL_COLOR_EXT
06-28 16:25:48.035 29455 29502 E chromium: [ERROR:gles2_cmd_decoder.cc(3852)] [.ChromiumCompositor-0xacbb2fc0]GL ERROR :GL_INVALID_ENUM : glDiscardFramebufferEXT: attachments was GL_COLOR_EXT
06-28 16:25:48.046 29455 29502 E chromium: [ERROR:gles2_cmd_decoder.cc(3852)] [.ChromiumCompositor-0xacbb2fc0]GL ERROR :GL_INVALID_ENUM : glDiscardFramebufferEXT: attachments was GL_COLOR_EXT
06-28 16:25:48.058 29455 29502 E chromium: [ERROR:gles2_cmd_decoder.cc(3852)] [.ChromiumCompositor-0xacbb2fc0]GL ERROR :GL_INVALID_ENUM : glDiscardFramebufferEXT: attachments was GL_COLOR_EXT
06-28 16:25:48.069 29455 29502 E chromium: [ERROR:gles2_cmd_decoder.cc(3852)] [.ChromiumCompositor-0xacbb2fc0]GL ERROR :GL_INVALID_ENUM : glDiscardFramebufferEXT: attachments was GL_COLOR_EXT
06-28 16:25:48.096 29455 29502 E chromium: [ERROR:gles2_cmd_decoder.cc(3852)] [.ChromiumCompositor-0xacbb2fc0]GL ERROR :GL_INVALID_ENUM : glDiscardFramebufferEXT: attachments was GL_COLOR_EXT
06-28 16:25:48.104 29455 29502 E chromium: [ERROR:gles2_cmd_decoder.cc(3852)] [.ChromiumCompositor-0xacbb2fc0]GL ERROR :GL_INVALID_ENUM : glDiscardFramebufferEXT: attachments was GL_COLOR_EXT
06-28 16:25:48.118 29455 29502 E chromium: [ERROR:gles2_cmd_decoder.cc(3852)] [.ChromiumCompositor-0xacbb2fc0]GL ERROR :GL_INVALID_ENUM : glDiscardFramebufferEXT: attachments was GL_COLOR_EXT
06-28 16:25:48.127 29455 29502 E chromium: [ERROR:gles2_cmd_decoder.cc(3852)] [.ChromiumCompositor-0xacbb2fc0]GL ERROR :GL_INVALID_ENUM : glDiscardFramebufferEXT: attachments was GL_COLOR_EXT
06-28 16:25:48.158 29455 29502 E chromium: [ERROR:gles2_cmd_decoder.cc(3852)] [.ChromiumCompositor-0xacbb2fc0]GL ERROR :GL_INVALID_ENUM : glDiscardFramebufferEXT: attachments was GL_COLOR_EXT
06-28 16:25:48.162 29455 29502 E chromium: [ERROR:gles2_cmd_decoder.cc(3852)] [.ChromiumCompositor-0xacbb2fc0]GL ERROR :GL_INVALID_ENUM : glDiscardFramebufferEXT: attachments was GL_COLOR_EXT
06-28 16:25:48.193 29455 29502 E chromium: [ERROR:gles2_cmd_decoder.cc(3852)] [.ChromiumCompositor-0xacbb2fc0]GL ERROR :GL_INVALID_ENUM : glDiscardFramebufferEXT: attachments was GL_COLOR_EXT
06-28 16:25:48.212 29455 29502 E chromium: [ERROR:gles2_cmd_decoder.cc(3852)] [.ChromiumCompositor-0xacbb2fc0]GL ERROR :GL_INVALID_ENUM : glDiscardFramebufferEXT: attachments was GL_COLOR_EXT
06-28 16:25:48.219 29455 29502 E chromium: [ERROR:gles2_cmd_decoder.cc(3852)] [.ChromiumCompositor-0xacbb2fc0]GL ERROR :GL_INVALID_ENUM : glDiscardFramebufferEXT: attachments was GL_COLOR_EXT
06-28 16:25:48.232 29455 29502 E chromium: [ERROR:gles2_cmd_decoder.cc(3852)] [.ChromiumCompositor-0xacbb2fc0]GL ERROR :GL_INVALID_ENUM : glDiscardFramebufferEXT: attachments was GL_COLOR_EXT
06-28 16:25:48.249 29455 29502 E chromium: [ERROR:gles2_cmd_decoder.cc(3852)] [.ChromiumCompositor-0xacbb2fc0]GL ERROR :GL_INVALID_ENUM : glDiscardFramebufferEXT: attachments was GL_COLOR_EXT
06-28 16:25:48.277 29455 29502 E chromium: [ERROR:gles2_cmd_decoder.cc(3852)] [.ChromiumCompositor-0xacbb2fc0]GL ERROR :GL_INVALID_ENUM : glDiscardFramebufferEXT: attachments was GL_COLOR_EXT
06-28 16:25:48.282 29455 29502 E chromium: [ERROR:gles2_cmd_decoder.cc(3852)] [.ChromiumCompositor-0xacbb2fc0]GL ERROR :GL_INVALID_ENUM : glDiscardFramebufferEXT: attachments was GL_COLOR_EXT
06-28 16:25:48.309 29455 29502 E chromium: [ERROR:gles2_cmd_decoder.cc(3852)] [.ChromiumCompositor-0xacbb2fc0]GL ERROR :GL_INVALID_ENUM : glDiscardFramebufferEXT: attachments was GL_COLOR_EXT
06-28 16:25:48.316 29455 29502 E chromium: [ERROR:gles2_cmd_decoder.cc(3852)] [.ChromiumCompositor-0xacbb2fc0]GL ERROR :GL_INVALID_ENUM : glDiscardFramebufferEXT: attachments was GL_COLOR_EXT
06-28 16:25:48.341 29521 29534 E WPROF   : {"Javascript": {"url": "https://securepubads.g.doubleclick.net/static/glade.js", "requestTime": 28225.396584}}
06-28 16:25:48.345 29455 29502 E chromium: [ERROR:gles2_cmd_decoder.cc(3852)] [.ChromiumCompositor-0xacbb2fc0]GL ERROR :GL_INVALID_ENUM : glDiscardFramebufferEXT: attachments was GL_COLOR_EXT
06-28 16:25:48.356 29455 29502 E chromium: [ERROR:gles2_cmd_decoder.cc(3852)] [.ChromiumCompositor-0xacbb2fc0]GL ERROR :GL_INVALID_ENUM : glDiscardFramebufferEXT: attachments was GL_COLOR_EXT
06-28 16:25:48.371 29455 29502 E chromium: [ERROR:gles2_cmd_decoder.cc(3852)] [.ChromiumCompositor-0xacbb2fc0]GL ERROR :GL_INVALID_ENUM : glDiscardFramebufferEXT: attachments was GL_COLOR_EXT
06-28 16:25:48.394 29455 29502 E chromium: [ERROR:gles2_cmd_decoder.cc(3852)] [.ChromiumCompositor-0xacbb2fc0]GL ERROR :GL_INVALID_ENUM : glDiscardFramebufferEXT: attachments was GL_COLOR_EXT
06-28 16:25:48.408 29455 29502 E chromium: [ERROR:gles2_cmd_decoder.cc(3852)] [.ChromiumCompositor-0xacbb2fc0]GL ERROR :GL_INVALID_ENUM : glDiscardFramebufferEXT: attachments was GL_COLOR_EXT
06-28 16:25:48.413 29455 29502 E chromium: [ERROR:gles2_cmd_decoder.cc(3852)] [.ChromiumCompositor-0xacbb2fc0]GL ERROR :GL_INVALID_ENUM : glDiscardFramebufferEXT: attachments was GL_COLOR_EXT
06-28 16:25:48.443 29455 29502 E chromium: [ERROR:gles2_cmd_decoder.cc(3852)] [.ChromiumCompositor-0xacbb2fc0]GL ERROR :GL_INVALID_ENUM : glDiscardFramebufferEXT: attachments was GL_COLOR_EXT
06-28 16:25:48.448 29455 29502 E chromium: [ERROR:gles2_cmd_decoder.cc(3852)] [.ChromiumCompositor-0xacbb2fc0]GL ERROR :GL_INVALID_ENUM : glDiscardFramebufferEXT: attachments was GL_COLOR_EXT
06-28 16:25:48.464 29455 29502 E chromium: [ERROR:gles2_cmd_decoder.cc(3852)] [.ChromiumCompositor-0xacbb2fc0]GL ERROR :GL_INVALID_ENUM : glDiscardFramebufferEXT: attachments was GL_COLOR_EXT
06-28 16:25:48.519 29455 29502 E chromium: [ERROR:gles2_cmd_decoder.cc(3852)] [.ChromiumCompositor-0xacbb2fc0]GL ERROR :GL_INVALID_ENUM : glDiscardFramebufferEXT: attachments was GL_COLOR_EXT
06-28 16:25:48.534 29455 29502 E chromium: [ERROR:gles2_cmd_decoder.cc(3852)] [.ChromiumCompositor-0xacbb2fc0]GL ERROR :GL_INVALID_ENUM : glDiscardFramebufferEXT: attachments was GL_COLOR_EXT
06-28 16:25:48.548 29455 29502 E chromium: [ERROR:gles2_cmd_decoder.cc(3852)] [.ChromiumCompositor-0xacbb2fc0]GL ERROR :GL_INVALID_ENUM : glDiscardFramebufferEXT: attachments was GL_COLOR_EXT
06-28 16:25:48.556 29455 29502 E chromium: [ERROR:gles2_cmd_decoder.cc(3852)] [.ChromiumCompositor-0xacbb2fc0]GL ERROR :GL_INVALID_ENUM : glDiscardFramebufferEXT: attachments was GL_COLOR_EXT
06-28 16:25:48.564 29455 29502 E chromium: [ERROR:gles2_cmd_decoder.cc(3852)] [.ChromiumCompositor-0xacbb2fc0]GL ERROR :GL_INVALID_ENUM : glDiscardFramebufferEXT: attachments was GL_COLOR_EXT
06-28 16:25:48.583 29455 29502 E chromium: [ERROR:gles2_cmd_decoder.cc(3852)] [.ChromiumCompositor-0xacbb2fc0]GL ERROR :GL_INVALID_ENUM : glDiscardFramebufferEXT: attachments was GL_COLOR_EXT
06-28 16:25:48.599 29455 29502 E chromium: [ERROR:gles2_cmd_decoder.cc(3852)] [.ChromiumCompositor-0xacbb2fc0]GL ERROR :GL_INVALID_ENUM : glDiscardFramebufferEXT: attachments was GL_COLOR_EXT
06-28 16:25:48.613 29455 29502 E chromium: [ERROR:gles2_cmd_decoder.cc(3852)] [.ChromiumCompositor-0xacbb2fc0]GL ERROR :GL_INVALID_ENUM : glDiscardFramebufferEXT: attachments was GL_COLOR_EXT
06-28 16:25:48.634 29455 29502 E chromium: [ERROR:gles2_cmd_decoder.cc(3852)] [.ChromiumCompositor-0xacbb2fc0]GL ERROR :GL_INVALID_ENUM : glDiscardFramebufferEXT: attachments was GL_COLOR_EXT
06-28 16:25:48.661 29455 29502 E chromium: [ERROR:gles2_cmd_decoder.cc(3852)] [.ChromiumCompositor-0xacbb2fc0]GL ERROR :GL_INVALID_ENUM : glDiscardFramebufferEXT: attachments was GL_COLOR_EXT
06-28 16:25:48.667 29455 29502 E chromium: [ERROR:gles2_cmd_decoder.cc(3852)] [.ChromiumCompositor-0xacbb2fc0]GL ERROR :GL_INVALID_ENUM : glDiscardFramebufferEXT: attachments was GL_COLOR_EXT
06-28 16:25:48.695 29455 29502 E chromium: [ERROR:gles2_cmd_decoder.cc(3852)] [.ChromiumCompositor-0xacbb2fc0]GL ERROR :GL_INVALID_ENUM : glDiscardFramebufferEXT: attachments was GL_COLOR_EXT
06-28 16:25:48.704 29455 29502 E chromium: [ERROR:gles2_cmd_decoder.cc(3852)] [.ChromiumCompositor-0xacbb2fc0]GL ERROR :GL_INVALID_ENUM : glDiscardFramebufferEXT: attachments was GL_COLOR_EXT
06-28 16:25:48.753 29455 29502 E chromium: [ERROR:gles2_cmd_decoder.cc(3852)] [.ChromiumCompositor-0xacbb2fc0]GL ERROR :GL_INVALID_ENUM : glDiscardFramebufferEXT: attachments was GL_COLOR_EXT
06-28 16:25:48.773 29455 29502 E chromium: [ERROR:gles2_cmd_decoder.cc(3852)] [.ChromiumCompositor-0xacbb2fc0]GL ERROR :GL_INVALID_ENUM : glDiscardFramebufferEXT: attachments was GL_COLOR_EXT
06-28 16:25:48.780 29521 29534 E WPROF   : {"Javascript": {"url": "https://securepubads.g.doubleclick.net/static/glade/extra_25.js", "requestTime": 28225.835097}}
06-28 16:25:48.786 29455 29502 E chromium: [ERROR:gles2_cmd_decoder.cc(3852)] [.ChromiumCompositor-0xacbb2fc0]GL ERROR :GL_INVALID_ENUM : glDiscardFramebufferEXT: attachments was GL_COLOR_EXT
06-28 16:25:48.800 29455 29502 E chromium: [ERROR:gles2_cmd_decoder.cc(3852)] [.ChromiumCompositor-0xacbb2fc0]GL ERROR :GL_INVALID_ENUM : glDiscardFramebufferEXT: attachments was GL_COLOR_EXT
06-28 16:25:48.812 29455 29502 E chromium: [ERROR:gles2_cmd_decoder.cc(3852)] [.ChromiumCompositor-0xacbb2fc0]GL ERROR :GL_INVALID_ENUM : glDiscardFramebufferEXT: attachments was GL_COLOR_EXT
06-28 16:25:48.830 29455 29502 E chromium: [ERROR:gles2_cmd_decoder.cc(3852)] [.ChromiumCompositor-0xacbb2fc0]GL ERROR :GL_INVALID_ENUM : glDiscardFramebufferEXT: attachments was GL_COLOR_EXT
06-28 16:25:48.849 29455 29502 E chromium: [ERROR:gles2_cmd_decoder.cc(3852)] [.ChromiumCompositor-0xacbb2fc0]GL ERROR :GL_INVALID_ENUM : glDiscardFramebufferEXT: attachments was GL_COLOR_EXT
06-28 16:25:48.868 29455 29502 E chromium: [ERROR:gles2_cmd_decoder.cc(3852)] [.ChromiumCompositor-0xacbb2fc0]GL ERROR :GL_INVALID_ENUM : glDiscardFramebufferEXT: attachments was GL_COLOR_EXT
06-28 16:25:48.890 29455 29502 E chromium: [ERROR:gles2_cmd_decoder.cc(3852)] [.ChromiumCompositor-0xacbb2fc0]GL ERROR :GL_INVALID_ENUM : glDiscardFramebufferEXT: attachments was GL_COLOR_EXT
06-28 16:25:48.902 29455 29502 E chromium: [ERROR:gles2_cmd_decoder.cc(3852)] [.ChromiumCompositor-0xacbb2fc0]GL ERROR :GL_INVALID_ENUM : glDiscardFramebufferEXT: attachments was GL_COLOR_EXT
06-28 16:25:48.933 29455 29502 E chromium: [ERROR:gles2_cmd_decoder.cc(3852)] [.ChromiumCompositor-0xacbb2fc0]GL ERROR :GL_INVALID_ENUM : glDiscardFramebufferEXT: attachments was GL_COLOR_EXT
06-28 16:25:48.942 29455 29502 E chromium: [ERROR:gles2_cmd_decoder.cc(3852)] [.ChromiumCompositor-0xacbb2fc0]GL ERROR :GL_INVALID_ENUM : glDiscardFramebufferEXT: attachments was GL_COLOR_EXT
06-28 16:25:48.954 29455 29502 E chromium: [ERROR:gles2_cmd_decoder.cc(3852)] [.ChromiumCompositor-0xacbb2fc0]GL ERROR :GL_INVALID_ENUM : glDiscardFramebufferEXT: attachments was GL_COLOR_EXT
06-28 16:25:48.975 29455 29502 E chromium: [ERROR:gles2_cmd_decoder.cc(3852)] [.ChromiumCompositor-0xacbb2fc0]GL ERROR :GL_INVALID_ENUM : glDiscardFramebufferEXT: attachments was GL_COLOR_EXT
06-28 16:25:48.986 29455 29502 E chromium: [ERROR:gles2_cmd_decoder.cc(3852)] [.ChromiumCompositor-0xacbb2fc0]GL ERROR :GL_INVALID_ENUM : glDiscardFramebufferEXT: attachments was GL_COLOR_EXT
06-28 16:25:48.990 29521 29534 E WPROF   : {"Javascript": {"url": "https://pagead2.googlesyndication.com/pagead/osd.js", "requestTime": 28226.046004}}
06-28 16:25:48.999 29455 29502 E chromium: [ERROR:gles2_cmd_decoder.cc(3852)] [.ChromiumCompositor-0xacbb2fc0]GL ERROR :GL_INVALID_ENUM : glDiscardFramebufferEXT: attachments was GL_COLOR_EXT
06-28 16:25:49.012 29521 29534 E WPROF   : {"Javascript": {"url": "https://tpc.googlesyndication.com/pagead/js/r20170619/r20110914/client/ext/m_window_focus_non_hydra.js", "requestTime": 28226.067630}}
06-28 16:25:49.014 29521 29534 E WPROF   : {"Javascript": {"url": "https://tpc.googlesyndication.com/pagead/js/r20170619/r20110914/activeview/osd_listener.js", "requestTime": 28226.069369}}
06-28 16:25:49.016 29455 29502 E chromium: [ERROR:gles2_cmd_decoder.cc(3852)] [.ChromiumCompositor-0xacbb2fc0]GL ERROR :GL_INVALID_ENUM : glDiscardFramebufferEXT: attachments was GL_COLOR_EXT
06-28 16:25:49.030 29455 29502 E chromium: [ERROR:gles2_cmd_decoder.cc(3852)] [.ChromiumCompositor-0xacbb2fc0]GL ERROR :GL_INVALID_ENUM : glDiscardFramebufferEXT: attachments was GL_COLOR_EXT
06-28 16:25:49.047 29455 29502 E chromium: [ERROR:gles2_cmd_decoder.cc(3852)] [.ChromiumCompositor-0xacbb2fc0]GL ERROR :GL_INVALID_ENUM : glDiscardFramebufferEXT: attachments was GL_COLOR_EXT
06-28 16:25:49.064 29455 29502 E chromium: [ERROR:logger.cc(46)] Too many GL errors, not reporting any more for this context. use --disable-gl-error-limit to see all errors.
06-28 16:25:49.623 29521 29534 E WProf.db: {"page": "d-38169117652987075223.ampproject.net_1498506512561_frame.html"}
06-28 16:25:49.623 29521 29534 E WProf.db: {"DOMLoad": 28226.678712}
06-28 16:25:49.623 29521 29534 E WProf.db: {"Resource": {"id": 31, "url": "https://d-38169117652987075223.ampproject.net/1498506512561/frame.html", "sentTime": -1.000000, "len": 375, "from": "0x0", "mimeType": "text/html", "contentLength": -1, "httpStatus": 200, "connId": 366, "connReused": 0, "cached": 0,"requestTime": 28224.507219, "proxyStart": -1, "proxyEnd": -1, "dnsStart": 0, "dnsEnd": 0, "connectStart": 0, "connectEnd": 268, "sendStart": 268, "sendEnd": 269, "receiveHeadersEnd": 365, "sslStart": 57, "sslEnd": 266}}
06-28 16:25:49.623 29521 29534 E WProf.db: {"ReceivedChunk": {"receivedTime": 28224.877996, "len": 375}}
06-28 16:25:49.623 29521 29534 E WProf.db: {"WprofHTMLTag": {"code": "0x9c35a270", "doc": "https://d-38169117652987075223.ampproject.net/1498506512561/frame.html", "row": 1, "column": 6, "tagName": "head", "time": 28224.915502, "url": "", "pos": 1, "chunkLen": 1, "isStartTag": 1}}
06-28 16:25:49.624 29521 29534 E WProf.db: {"WprofHTMLTag": {"code": "0x9c35a5d0", "doc": "https://d-38169117652987075223.ampproject.net/1498506512561/frame.html", "row": 2, "column": 22, "tagName": "meta", "time": 28224.915667, "url": "", "pos": 1, "chunkLen": 1, "isStartTag": 1}}
06-28 16:25:49.624 29521 29534 E WProf.db: {"WprofHTMLTag": {"code": "0x9cc3b0b0", "doc": "https://d-38169117652987075223.ampproject.net/1498506512561/frame.html", "row": 3, "column": 38, "tagName": "meta", "time": 28224.915892, "url": "", "pos": 1, "chunkLen": 1, "isStartTag": 1}}
06-28 16:25:49.624 29521 29534 E WProf.db: {"WprofHTMLTag": {"code": "0x9cc3b080", "doc": "https://d-38169117652987075223.ampproject.net/1498506512561/frame.html", "row": 4, "column": 59, "tagName": "script", "time": 28224.916097, "url": "https://3p.ampproject.net/1498506512561/f.js", "pos": 1, "chunkLen": 1, "isStartTag": 1}}
06-28 16:25:49.624 29521 29534 E WProf.db: {"WprofHTMLTag": {"code": "0x9c35a090", "doc": "https://d-38169117652987075223.ampproject.net/1498506512561/frame.html", "row": 4, "column": 68, "tagName": "script", "time": 28224.916506, "url": "", "pos": 1, "chunkLen": 1, "isStartTag": 0}}
06-28 16:25:49.624 29521 29534 E WProf.db: {"WprofHTMLTag": {"code": "0x9c35a7e0", "doc": "https://d-38169117652987075223.ampproject.net/1498506512561/frame.html", "row": 5, "column": 7, "tagName": "head", "time": 28225.381308, "url": "", "pos": 1, "chunkLen": 1, "isStartTag": 0}}
06-28 16:25:49.624 29521 29534 E WProf.db: {"WprofHTMLTag": {"code": "0x9c35a480", "doc": "https://d-38169117652987075223.ampproject.net/1498506512561/frame.html", "row": 6, "column": 23, "tagName": "body", "time": 28225.381341, "url": "", "pos": 1, "chunkLen": 1, "isStartTag": 1}}
06-28 16:25:49.624 29521 29534 E WProf.db: {"WprofHTMLTag": {"code": "0x9c35a2a0", "doc": "https://d-38169117652987075223.ampproject.net/1498506512561/frame.html", "row": 7, "column": 69, "tagName": "div", "time": 28225.381644, "url": "", "pos": 1, "chunkLen": 1, "isStartTag": 1}}
06-28 16:25:49.624 29521 29534 E WProf.db: {"WprofHTMLTag": {"code": "0x9c35a1b0", "doc": "https://d-38169117652987075223.ampproject.net/1498506512561/frame.html", "row": 8, "column": 10, "tagName": "script", "time": 28225.382004, "url": "", "pos": 1, "chunkLen": 1, "isStartTag": 1}}
06-28 16:25:49.624 29521 29534 E WProf.db: {"WprofHTMLTag": {"code": "0x9c35a750", "doc": "https://d-38169117652987075223.ampproject.net/1498506512561/frame.html", "row": 8, "column": 27, "tagName": "script", "time": 28225.382188, "url": "https://securepubads.g.doubleclick.net/static/glade.js", "pos": 1, "chunkLen": 1, "isStartTag": 0}}
06-28 16:25:49.625 29521 29534 E WProf.db: {"WprofHTMLTag": {"code": "0x9c35a510", "doc": "https://d-38169117652987075223.ampproject.net/1498506512561/frame.html", "row": 9, "column": 6, "tagName": "div", "time": 28225.398953, "url": "", "pos": 1, "chunkLen": 1, "isStartTag": 0}}
06-28 16:25:49.625 29521 29534 E WProf.db: {"WprofHTMLTag": {"code": "0x9cc3b290", "doc": "https://d-38169117652987075223.ampproject.net/1498506512561/frame.html", "row": 10, "column": 8, "tagName": "script", "time": 28225.398986, "url": "", "pos": 1, "chunkLen": 1, "isStartTag": 1}}
06-28 16:25:49.625 29521 29534 E WProf.db: {"WprofHTMLTag": {"code": "0x9c35a780", "doc": "https://d-38169117652987075223.ampproject.net/1498506512561/frame.html", "row": 10, "column": 67, "tagName": "script", "time": 28225.399150, "url": "", "pos": 1, "chunkLen": 1, "isStartTag": 0}}
06-28 16:25:49.625 29521 29534 E WProf.db: {"WprofHTMLTag": {"code": "0x9cc3b380", "doc": "https://d-38169117652987075223.ampproject.net/1498506512561/frame.html", "row": 11, "column": 7, "tagName": "body", "time": 28225.401389, "url": "", "pos": 1, "chunkLen": 1, "isStartTag": 0}}
06-28 16:25:49.625 29521 29534 E WProf.db: {"WprofHTMLTag": {"code": "0x9cc3b3b0", "doc": "https://d-38169117652987075223.ampproject.net/1498506512561/frame.html", "row": 12, "column": 7, "tagName": "html", "time": 28225.401403, "url": "https://securepubads.g.doubleclick.net/static/glade/extra_25.js", "pos": 1, "chunkLen": 1, "isStartTag": 0}}
06-28 16:25:49.625 29521 29534 E WProf.db: {"Resource": {"id": 32, "url": "https://3p.ampproject.net/1498506512561/f.js", "sentTime": -1.000000, "len": 91779, "from": "0x9cc3b080", "mimeType": "text/javascript", "contentLength": -1, "httpStatus": 200, "connId": 390, "connReused": 0, "cached": 0,"requestTime": 28224.920063, "proxyStart": -1, "proxyEnd": -1, "dnsStart": 18, "dnsEnd": 19, "connectStart": 0, "connectEnd": 247, "sendStart": 247, "sendEnd": 248, "receiveHeadersEnd": 314, "sslStart": 80, "sslEnd": 246}}
06-28 16:25:49.625 29521 29534 E WProf.db: {"ReceivedChunk": {"receivedTime": 28225.241420, "len": 5555}}
06-28 16:25:49.625 29521 29534 E WProf.db: {"ReceivedChunk": {"receivedTime": 28225.248145, "len": 14383}}
06-28 16:25:49.625 29521 29534 E WProf.db: {"ReceivedChunk": {"receivedTime": 28225.255332, "len": 31580}}
06-28 16:25:49.625 29521 29534 E WProf.db: {"ReceivedChunk": {"receivedTime": 28225.262262, "len": 9188}}
06-28 16:25:49.625 29521 29534 E WProf.db: {"ReceivedChunk": {"receivedTime": 28225.265000, "len": 4122}}
06-28 16:25:49.625 29521 29534 E WProf.db: {"ReceivedChunk": {"receivedTime": 28225.289562, "len": 8648}}
06-28 16:25:49.625 29521 29534 E WProf.db: {"ReceivedChunk": {"receivedTime": 28225.291423, "len": 9064}}
06-28 16:25:49.626 29521 29534 E WProf.db: {"ReceivedChunk": {"receivedTime": 28225.293140, "len": 8496}}
06-28 16:25:49.626 29521 29534 E WProf.db: {"ReceivedChunk": {"receivedTime": 28225.294973, "len": 743}}
06-28 16:25:49.626 29521 29534 E WProf.db: {"Resource": {"id": 33, "url": "https://securepubads.g.doubleclick.net/static/glade.js", "sentTime": -1.000000, "len": 19455, "from": "0x9c35a750", "mimeType": "text/javascript", "contentLength": -1, "httpStatus": 200, "connId": 404, "connReused": 0, "cached": 0,"requestTime": 28225.397501, "proxyStart": -1, "proxyEnd": -1, "dnsStart": 10, "dnsEnd": 10, "connectStart": 0, "connectEnd": 247, "sendStart": 247, "sendEnd": 248, "receiveHeadersEnd": 342, "sslStart": 70, "sslEnd": 247}}
06-28 16:25:49.626 29521 29534 E WProf.db: {"ReceivedChunk": {"receivedTime": 28225.742265, "len": 5501}}
06-28 16:25:49.626 29521 29534 E WProf.db: {"ReceivedChunk": {"receivedTime": 28225.742513, "len": 10810}}
06-28 16:25:49.627 29521 29534 E WProf.db: {"ReceivedChunk": {"receivedTime": 28225.743767, "len": 3144}}
06-28 16:25:49.627 29521 29534 E WProf.db: {"Resource": {"id": 34, "url": "https://securepubads.g.doubleclick.net/gampad/ads?gdfp_req=1&glade_req=1&glv=25&output=html&iu=%2F1038259%2FSEL-amp-cube&sz=300x250&sfv=1-0-8&correlator=1038790001950720&eid=108809080&adk=2352184609&biw=412&bih=620&adx=56&ady=349&oid=3&u_sd=3.5&ifi=1&is_amp=1&amp_v=1498506512561&nhd=1&url=http%3A%2F", "sentTime": -1.000000, "len": 20178, "from": "0x9cc3b3b0", "mimeType": "text/html", "contentLength": -1, "httpStatus": 200, "connId": 404, "connReused": 1, "cached": 0,"requestTime": 28225.810538, "proxyStart": -1, "proxyEnd": -1, "dnsStart": -1, "dnsEnd": -1, "connectStart": 0, "connectEnd": 6, "sendStart": 6, "sendEnd": 6, "receiveHeadersEnd": 150, "sslStart": -1, "sslEnd": -1}}
06-28 16:25:49.628 29521 29534 E WProf.db: {"ReceivedChunk": {"receivedTime": 28225.967047, "len": 3875}}
06-28 16:25:49.628 29521 29534 E WProf.db: {"ReceivedChunk": {"receivedTime": 28226.019407, "len": 11296}}
06-28 16:25:49.628 29521 29534 E WProf.db: {"ReceivedChunk": {"receivedTime": 28226.019775, "len": 5007}}
06-28 16:25:49.628 29521 29534 E WProf.db: {"WprofHTMLTag": {"code": "0x9c35aa50", "doc": "https://securepubads.g.doubleclick.net/gampad/ads?gdfp_req=1&glade_req=1&glv=25&output=html&iu=%2F1038259%2FSEL-amp-cube&sz=300x250&sfv=1-0-8&correlator=1038790001950720&eid=108809080&adk=2352184609&biw=412&bih=620&adx=56&ady=349&oid=3&u_sd=3.5&ifi=1&is_amp=1&amp_v=1498506512561&nhd=1&url=http%3A%2F", "row": 0, "column": 21, "tagName": "html", "time": 28226.020473, "url": "", "pos": 1, "chunkLen": 1, "isStartTag": 1}}
06-28 16:25:49.628 29521 29534 E WProf.db: {"WprofHTMLTag": {"code": "0x9c35a960", "doc": "https://securepubads.g.doubleclick.net/gampad/ads?gdfp_req=1&glade_req=1&glv=25&output=html&iu=%2F1038259%2FSEL-amp-cube&sz=300x250&sfv=1-0-8&correlator=1038790001950720&eid=108809080&adk=2352184609&biw=412&bih=620&adx=56&ady=349&oid=3&u_sd=3.5&ifi=1&is_amp=1&amp_v=1498506512561&nhd=1&url=http%3A%2F", "row": 0, "column": 27, "tagName": "head", "time": 28226.020607, "url": "", "pos": 1, "chunkLen": 1, "isStartTag": 1}}
06-28 16:25:49.628 29521 29534 E WProf.db: {"WprofHTMLTag": {"code": "0x9cc3bf80", "doc": "https://securepubads.g.doubleclick.net/gampad/ads?gdfp_req=1&glade_req=1&glv=25&output=html&iu=%2F1038259%2FSEL-amp-cube&sz=300x250&sfv=1-0-8&correlator=1038790001950720&eid=108809080&adk=2352184609&biw=412&bih=620&adx=56&ady=349&oid=3&u_sd=3.5&ifi=1&is_amp=1&amp_v=1498506512561&nhd=1&url=http%3A%2F", "row": 0, "column": 144, "tagName": "meta", "time": 28226.022246, "url": "", "pos": 1, "chunkLen": 1, "isStartTag": 1}}
06-28 16:25:49.628 29521 29534 E WProf.db: {"WprofHTMLTag": {"code": "0x9cc3b3e0", "doc": "https://securepubads.g.doubleclick.net/gampad/ads?gdfp_req=1&glade_req=1&glv=25&output=html&iu=%2F1038259%2FSEL-amp-cube&sz=300x250&sfv=1-0-8&correlator=1038790001950720&eid=108809080&adk=2352184609&biw=412&bih=620&adx=56&ady=349&oid=3&u_sd=3.5&ifi=1&is_amp=1&amp_v=1498506512561&nhd=1&url=http%3A%2F", "row": 0, "column": 152, "tagName": "script", "time": 28226.023094, "url": "", "pos": 1, "chunkLen": 1, "isStartTag": 1}}
06-28 16:25:49.628 29521 29534 E WProf.db: {"WprofHTMLTag": {"code": "0x9c35a600", "doc": "https://securepubads.g.doubleclick.net/gampad/ads?gdfp_req=1&glade_req=1&glv=25&output=html&iu=%2F1038259%2FSEL-amp-cube&sz=300x250&sfv=1-0-8&correlator=1038790001950720&eid=108809080&adk=2352184609&biw=412&bih=620&adx=56&ady=349&oid=3&u_sd=3.5&ifi=1&is_amp=1&amp_v=1498506512561&nhd=1&url=http%3A%2F", "row": 0, "column": 195, "tagName": "script", "time": 28226.023334, "url": "", "pos": 1, "chunkLen": 1, "isStartTag": 0}}
06-28 16:25:49.629 29521 29534 E WProf.db: {"WprofHTMLTag": {"code": "0x9c35a870", "doc": "https://securepubads.g.doubleclick.net/gampad/ads?gdfp_req=1&glade_req=1&glv=25&output=html&iu=%2F1038259%2FSEL-amp-cube&sz=300x250&sfv=1-0-8&correlator=1038790001950720&eid=108809080&adk=2352184609&biw=412&bih=620&adx=56&ady=349&oid=3&u_sd=3.5&ifi=1&is_amp=1&amp_v=1498506512561&nhd=1&url=http%3A%2F", "row": 0, "column": 202, "tagName": "style", "time": 28226.024208, "url": "", "pos": 1, "chunkLen": 1, "isStartTag": 1}}
06-28 16:25:49.629 29521 29534 E WProf.db: {"WprofHTMLTag": {"code": "0x9c35a9f0", "doc": "https://securepubads.g.doubleclick.net/gampad/ads?gdfp_req=1&glade_req=1&glv=25&output=html&iu=%2F1038259%2FSEL-amp-cube&sz=300x250&sfv=1-0-8&correlator=1038790001950720&eid=108809080&adk=2352184609&biw=412&bih=620&adx=56&ady=349&oid=3&u_sd=3.5&ifi=1&is_amp=1&amp_v=1498506512561&nhd=1&url=http%3A%2F", "row": 0, "column": 230, "tagName": "style", "time": 28226.024324, "url": "", "pos": 1, "chunkLen": 1, "isStartTag": 0}}
06-28 16:25:49.629 29521 29534 E WProf.db: {"WprofHTMLTag": {"code": "0x9cc3c100", "doc": "https://securepubads.g.doubleclick.net/gampad/ads?gdfp_req=1&glade_req=1&glv=25&output=html&iu=%2F1038259%2FSEL-amp-cube&sz=300x250&sfv=1-0-8&correlator=1038790001950720&eid=108809080&adk=2352184609&biw=412&bih=620&adx=56&ady=349&oid=3&u_sd=3.5&ifi=1&is_amp=1&amp_v=1498506512561&nhd=1&url=http%3A%2F", "row": 0, "column": 238, "tagName": "script", "time": 28226.025145, "url": "https://pagead2.googlesyndication.com/pagead/osd.js", "pos": 1, "chunkLen": 1, "isStartTag": 1}}
06-28 16:25:49.629 29521 29534 E WProf.db: {"WprofHTMLTag": {"code": "0x9c35aae0", "doc": "https://securepubads.g.doubleclick.net/gampad/ads?gdfp_req=1&glade_req=1&glv=25&output=html&iu=%2F1038259%2FSEL-amp-cube&sz=300x250&sfv=1-0-8&correlator=1038790001950720&eid=108809080&adk=2352184609&biw=412&bih=620&adx=56&ady=349&oid=3&u_sd=3.5&ifi=1&is_amp=1&amp_v=1498506512561&nhd=1&url=http%3A%2F", "row": 0, "column": 8856, "tagName": "script", "time": 28226.047776, "url": "", "pos": 1, "chunkLen": 1, "isStartTag": 0}}
06-28 16:25:49.629 29521 29534 E WProf.db: {"WprofHTMLTag": {"code": "0x9c35a180", "doc": "https://securepubads.g.doubleclick.net/gampad/ads?gdfp_req=1&glade_req=1&glv=25&output=html&iu=%2F1038259%2FSEL-amp-cube&sz=300x250&sfv=1-0-8&correlator=1038790001950720&eid=108809080&adk=2352184609&biw=412&bih=620&adx=56&ady=349&oid=3&u_sd=3.5&ifi=1&is_amp=1&amp_v=1498506512561&nhd=1&url=http%3A%2F", "row": 0, "column": 8863, "tagName": "head", "time": 28226.060548, "url": "", "pos": 1, "chunkLen": 1, "isStartTag": 0}}
06-28 16:25:49.629 29521 29534 E WProf.db: {"WprofHTMLTag": {"code": "0x9c35ab40", "doc": "https://securepubads.g.doubleclick.net/gampad/ads?gdfp_req=1&glade_req=1&glv=25&output=html&iu=%2F1038259%2FSEL-amp-cube&sz=300x250&sfv=1-0-8&correlator=1038790001950720&eid=108809080&adk=2352184609&biw=412&bih=620&adx=56&ady=349&oid=3&u_sd=3.5&ifi=1&is_amp=1&amp_v=1498506512561&nhd=1&url=http%3A%2F", "row": 0, "column": 8977, "tagName": "body", "time": 28226.060577, "url": "", "pos": 1, "chunkLen": 1, "isStartTag": 1}}
06-28 16:25:49.629 29521 29534 E WProf.db: {"WprofHTMLTag": {"code": "0x9c35ab10", "doc": "https://securepubads.g.doubleclick.net/gampad/ads?gdfp_req=1&glade_req=1&glv=25&output=html&iu=%2F1038259%2FSEL-amp-cube&sz=300x250&sfv=1-0-8&correlator=1038790001950720&eid=108809080&adk=2352184609&biw=412&bih=620&adx=56&ady=349&oid=3&u_sd=3.5&ifi=1&is_amp=1&amp_v=1498506512561&nhd=1&url=http%3A%2F", "row": 0, "column": 9047, "tagName": "div", "time": 28226.061042, "url": "", "pos": 1, "chunkLen": 1, "isStartTag": 1}}
06-28 16:25:49.629 29521 29534 E WProf.db: {"WprofHTMLTag": {"code": "0x9c35ab70", "doc": "https://securepubads.g.doubleclick.net/gampad/ads?gdfp_req=1&glade_req=1&glv=25&output=html&iu=%2F1038259%2FSEL-amp-cube&sz=300x250&sfv=1-0-8&correlator=1038790001950720&eid=108809080&adk=2352184609&biw=412&bih=620&adx=56&ady=349&oid=3&u_sd=3.5&ifi=1&is_amp=1&amp_v=1498506512561&nhd=1&url=http%3A%2F", "row": 0, "column": 9055, "tagName": "script", "time": 28226.061192, "url": "", "pos": 1, "chunkLen": 1, "isStartTag": 1}}
06-28 16:25:49.629 29521 29534 E WProf.db: {"WprofHTMLTag": {"code": "0x9cc3c250", "doc": "https://securepubads.g.doubleclick.net/gampad/ads?gdfp_req=1&glade_req=1&glv=25&output=html&iu=%2F1038259%2FSEL-amp-cube&sz=300x250&sfv=1-0-8&correlator=1038790001950720&eid=108809080&adk=2352184609&biw=412&bih=620&adx=56&ady=349&oid=3&u_sd=3.5&ifi=1&is_amp=1&amp_v=1498506512561&nhd=1&url=http%3A%2F", "row": 0, "column": 9424, "tagName": "script", "time": 28226.061347, "url": "", "pos": 1, "chunkLen": 1, "isStartTag": 0}}
06-28 16:25:49.629 29521 29534 E WProf.db: {"WprofHTMLTag": {"code": "0x9cc3c280", "doc": "https://securepubads.g.doubleclick.net/gampad/ads?gdfp_req=1&glade_req=1&glv=25&output=html&iu=%2F1038259%2FSEL-amp-cube&sz=300x250&sfv=1-0-8&correlator=1038790001950720&eid=108809080&adk=2352184609&biw=412&bih=620&adx=56&ady=349&oid=3&u_sd=3.5&ifi=1&is_amp=1&amp_v=1498506512561&nhd=1&url=http%3A%2F", "row": 0, "column": 10003, "tagName": "a", "time": 28226.066031, "url": "", "pos": 1, "chunkLen": 1, "isStartTag": 1}}
06-28 16:25:49.629 29521 29534 E WProf.db: {"WprofHTMLTag": {"code": "0x9cc3cdf0", "doc": "https://securepubads.g.doubleclick.net/gampad/ads?gdfp_req=1&glade_req=1&glv=25&output=html&iu=%2F1038259%2FSEL-amp-cube&sz=300x250&sfv=1-0-8&correlator=1038790001950720&eid=108809080&adk=2352184609&biw=412&bih=620&adx=56&ady=349&oid=3&u_sd=3.5&ifi=1&is_amp=1&amp_v=1498506512561&nhd=1&url=http%3A%2F", "row": 0, "column": 10136, "tagName": "img", "time": 28226.066460, "url": "", "pos": 1, "chunkLen": 1, "isStartTag": 1}}
06-28 16:25:49.629 29521 29534 E WProf.db: {"WprofHTMLTag": {"code": "0x9cc3cdc0", "doc": "https://securepubads.g.doubleclick.net/gampad/ads?gdfp_req=1&glade_req=1&glv=25&output=html&iu=%2F1038259%2FSEL-amp-cube&sz=300x250&sfv=1-0-8&correlator=1038790001950720&eid=108809080&adk=2352184609&biw=412&bih=620&adx=56&ady=349&oid=3&u_sd=3.5&ifi=1&is_amp=1&amp_v=1498506512561&nhd=1&url=http%3A%2F", "row": 0, "column": 10140, "tagName": "a", "time": 28226.067131, "url": "", "pos": 1, "chunkLen": 1, "isStartTag": 0}}
06-28 16:25:49.630 29521 29534 E WProf.db: {"WprofHTMLTag": {"code": "0x9cc3ce20", "doc": "https://securepubads.g.doubleclick.net/gampad/ads?gdfp_req=1&glade_req=1&glv=25&output=html&iu=%2F1038259%2FSEL-amp-cube&sz=300x250&sfv=1-0-8&correlator=1038790001950720&eid=108809080&adk=2352184609&biw=412&bih=620&adx=56&ady=349&oid=3&u_sd=3.5&ifi=1&is_amp=1&amp_v=1498506512561&nhd=1&url=http%3A%2F", "row": 0, "column": 10146, "tagName": "div", "time": 28226.067147, "url": "", "pos": 1, "chunkLen": 1, "isStartTag": 0}}
06-28 16:25:49.630 29521 29534 E WProf.db: {"WprofHTMLTag": {"code": "0x9cc3ce50", "doc": "https://securepubads.g.doubleclick.net/gampad/ads?gdfp_req=1&glade_req=1&glv=25&output=html&iu=%2F1038259%2FSEL-amp-cube&sz=300x250&sfv=1-0-8&correlator=1038790001950720&eid=108809080&adk=2352184609&biw=412&bih=620&adx=56&ady=349&oid=3&u_sd=3.5&ifi=1&is_amp=1&amp_v=1498506512561&nhd=1&url=http%3A%2F", "row": 0, "column": 10269, "tagName": "script", "time": 28226.067162, "url": "https://tpc.googlesyndication.com/pagead/js/r20170619/r20110914/client/ext/m_window_focus_non_hydra.js", "pos": 1, "chunkLen": 1, "isStartTag": 1}}
06-28 16:25:49.630 29521 29534 E WProf.db: {"WprofHTMLTag": {"code": "0x9cc3ce80", "doc": "https://securepubads.g.doubleclick.net/gampad/ads?gdfp_req=1&glade_req=1&glv=25&output=html&iu=%2F1038259%2FSEL-amp-cube&sz=300x250&sfv=1-0-8&correlator=1038790001950720&eid=108809080&adk=2352184609&biw=412&bih=620&adx=56&ady=349&oid=3&u_sd=3.5&ifi=1&is_amp=1&amp_v=1498506512561&nhd=1&url=http%3A%2F", "row": 0, "column": 10278, "tagName": "script", "time": 28226.067409, "url": "", "pos": 1, "chunkLen": 1, "isStartTag": 0}}
06-28 16:25:49.630 29521 29534 E WProf.db: {"WprofHTMLTag": {"code": "0x9cc3c040", "doc": "https://securepubads.g.doubleclick.net/gampad/ads?gdfp_req=1&glade_req=1&glv=25&output=html&iu=%2F1038259%2FSEL-amp-cube&sz=300x250&sfv=1-0-8&correlator=1038790001950720&eid=108809080&adk=2352184609&biw=412&bih=620&adx=56&ady=349&oid=3&u_sd=3.5&ifi=1&is_amp=1&amp_v=1498506512561&nhd=1&url=http%3A%2F", "row": 0, "column": 10286, "tagName": "script", "time": 28226.068099, "url": "", "pos": 1, "chunkLen": 1, "isStartTag": 1}}
06-28 16:25:49.630 29521 29534 E WProf.db: {"WprofHTMLTag": {"code": "0x9cc3ceb0", "doc": "https://securepubads.g.doubleclick.net/gampad/ads?gdfp_req=1&glade_req=1&glv=25&output=html&iu=%2F1038259%2FSEL-amp-cube&sz=300x250&sfv=1-0-8&correlator=1038790001950720&eid=108809080&adk=2352184609&biw=412&bih=620&adx=56&ady=349&oid=3&u_sd=3.5&ifi=1&is_amp=1&amp_v=1498506512561&nhd=1&url=http%3A%2F", "row": 0, "column": 10552, "tagName": "script", "time": 28226.068270, "url": "", "pos": 1, "chunkLen": 1, "isStartTag": 0}}
06-28 16:25:49.630 29521 29534 E WProf.db: {"WprofHTMLTag": {"code": "0x9cc3cee0", "doc": "https://securepubads.g.doubleclick.net/gampad/ads?gdfp_req=1&glade_req=1&glv=25&output=html&iu=%2F1038259%2FSEL-amp-cube&sz=300x250&sfv=1-0-8&correlator=1038790001950720&eid=108809080&adk=2352184609&biw=412&bih=620&adx=56&ady=349&oid=3&u_sd=3.5&ifi=1&is_amp=1&amp_v=1498506512561&nhd=1&url=http%3A%2F", "row": 0, "column": 10657, "tagName": "script", "time": 28226.068969, "url": "https://tpc.googlesyndication.com/pagead/js/r20170619/r20110914/activeview/osd_listener.js", "pos": 1, "chunkLen": 1, "isStartTag": 1}}
06-28 16:25:49.630 29521 29534 E WProf.db: {"WprofHTMLTag": {"code": "0x9cc3cf10", "doc": "https://securepubads.g.doubleclick.net/gampad/ads?gdfp_req=1&glade_req=1&glv=25&output=html&iu=%2F1038259%2FSEL-amp-cube&sz=300x250&sfv=1-0-8&correlator=1038790001950720&eid=108809080&adk=2352184609&biw=412&bih=620&adx=56&ady=349&oid=3&u_sd=3.5&ifi=1&is_amp=1&amp_v=1498506512561&nhd=1&url=http%3A%2F", "row": 0, "column": 10666, "tagName": "script", "time": 28226.069161, "url": "", "pos": 1, "chunkLen": 1, "isStartTag": 0}}
06-28 16:25:49.630 29521 29534 E WProf.db: {"WprofHTMLTag": {"code": "0x9c35af00", "doc": "https://securepubads.g.doubleclick.net/gampad/ads?gdfp_req=1&glade_req=1&glv=25&output=html&iu=%2F1038259%2FSEL-amp-cube&sz=300x250&sfv=1-0-8&correlator=1038790001950720&eid=108809080&adk=2352184609&biw=412&bih=620&adx=56&ady=349&oid=3&u_sd=3.5&ifi=1&is_amp=1&amp_v=1498506512561&nhd=1&url=http%3A%2F", "row": 0, "column": 10697, "tagName": "script", "time": 28226.483652, "url": "", "pos": 1, "chunkLen": 1, "isStartTag": 1}}
06-28 16:25:49.630 29521 29534 E WProf.db: {"WprofHTMLTag": {"code": "0x9c35aed0", "doc": "https://securepubads.g.doubleclick.net/gampad/ads?gdfp_req=1&glade_req=1&glv=25&output=html&iu=%2F1038259%2FSEL-amp-cube&sz=300x250&sfv=1-0-8&correlator=1038790001950720&eid=108809080&adk=2352184609&biw=412&bih=620&adx=56&ady=349&oid=3&u_sd=3.5&ifi=1&is_amp=1&amp_v=1498506512561&nhd=1&url=http%3A%2F", "row": 0, "column": 11049, "tagName": "script", "time": 28226.483895, "url": "", "pos": 1, "chunkLen": 1, "isStartTag": 0}}
06-28 16:25:49.630 29521 29534 E WProf.db: {"WprofHTMLTag": {"code": "0x9c35a5a0", "doc": "https://securepubads.g.doubleclick.net/gampad/ads?gdfp_req=1&glade_req=1&glv=25&output=html&iu=%2F1038259%2FSEL-amp-cube&sz=300x250&sfv=1-0-8&correlator=1038790001950720&eid=108809080&adk=2352184609&biw=412&bih=620&adx=56&ady=349&oid=3&u_sd=3.5&ifi=1&is_amp=1&amp_v=1498506512561&nhd=1&url=http%3A%2F", "row": 0, "column": 11057, "tagName": "script", "time": 28226.504157, "url": "", "pos": 1, "chunkLen": 1, "isStartTag": 1}}
06-28 16:25:49.630 29521 29534 E WProf.db: {"WprofHTMLTag": {"code": "0x9c35a030", "doc": "https://securepubads.g.doubleclick.net/gampad/ads?gdfp_req=1&glade_req=1&glv=25&output=html&iu=%2F1038259%2FSEL-amp-cube&sz=300x250&sfv=1-0-8&correlator=1038790001950720&eid=108809080&adk=2352184609&biw=412&bih=620&adx=56&ady=349&oid=3&u_sd=3.5&ifi=1&is_amp=1&amp_v=1498506512561&nhd=1&url=http%3A%2F", "row": 0, "column": 19619, "tagName": "script", "time": 28226.504649, "url": "", "pos": 1, "chunkLen": 1, "isStartTag": 0}}
06-28 16:25:49.630 29521 29534 E WProf.db: {"WprofHTMLTag": {"code": "0x9c35a0f0", "doc": "https://securepubads.g.doubleclick.net/gampad/ads?gdfp_req=1&glade_req=1&glv=25&output=html&iu=%2F1038259%2FSEL-amp-cube&sz=300x250&sfv=1-0-8&correlator=1038790001950720&eid=108809080&adk=2352184609&biw=412&bih=620&adx=56&ady=349&oid=3&u_sd=3.5&ifi=1&is_amp=1&amp_v=1498506512561&nhd=1&url=http%3A%2F", "row": 0, "column": 19627, "tagName": "script", "time": 28226.513531, "url": "", "pos": 1, "chunkLen": 1, "isStartTag": 1}}
06-28 16:25:49.631 29521 29534 E WProf.db: {"WprofHTMLTag": {"code": "0x9c35a420", "doc": "https://securepubads.g.doubleclick.net/gampad/ads?gdfp_req=1&glade_req=1&glv=25&output=html&iu=%2F1038259%2FSEL-amp-cube&sz=300x250&sfv=1-0-8&correlator=1038790001950720&eid=108809080&adk=2352184609&biw=412&bih=620&adx=56&ady=349&oid=3&u_sd=3.5&ifi=1&is_amp=1&amp_v=1498506512561&nhd=1&url=http%3A%2F", "row": 0, "column": 19702, "tagName": "script", "time": 28226.513752, "url": "", "pos": 1, "chunkLen": 1, "isStartTag": 0}}
