06-28 15:23:52.308  5544  5591 E chromium: [ERROR:gles2_cmd_decoder.cc(3852)] [.ChromiumCompositor-0xacbb2fc0]GL ERROR :GL_INVALID_ENUM : glDiscardFramebufferEXT: attachments was GL_COLOR_EXT
06-28 15:23:52.324  5544  5591 E chromium: [ERROR:gles2_cmd_decoder.cc(3852)] [.ChromiumCompositor-0xacbb2fc0]GL ERROR :GL_INVALID_ENUM : glDiscardFramebufferEXT: attachments was GL_COLOR_EXT
06-28 15:23:52.329  5544  5591 E chromium: [ERROR:gles2_cmd_decoder.cc(3852)] [.ChromiumCompositor-0xacbb2fc0]GL ERROR :GL_INVALID_ENUM : glDiscardFramebufferEXT: attachments was GL_COLOR_EXT
06-28 15:23:52.356  5544  5591 E chromium: [ERROR:gles2_cmd_decoder.cc(3852)] [.ChromiumCompositor-0xacbb2fc0]GL ERROR :GL_INVALID_ENUM : glDiscardFramebufferEXT: attachments was GL_COLOR_EXT
06-28 15:23:52.361  5544  5591 E chromium: [ERROR:gles2_cmd_decoder.cc(3852)] [.ChromiumCompositor-0xacbb2fc0]GL ERROR :GL_INVALID_ENUM : glDiscardFramebufferEXT: attachments was GL_COLOR_EXT
06-28 15:23:52.390  5544  5591 E chromium: [ERROR:gles2_cmd_decoder.cc(3852)] [.ChromiumCompositor-0xacbb2fc0]GL ERROR :GL_INVALID_ENUM : glDiscardFramebufferEXT: attachments was GL_COLOR_EXT
06-28 15:23:52.397  5544  5591 E chromium: [ERROR:gles2_cmd_decoder.cc(3852)] [.ChromiumCompositor-0xacbb2fc0]GL ERROR :GL_INVALID_ENUM : glDiscardFramebufferEXT: attachments was GL_COLOR_EXT
06-28 15:23:52.424  5544  5591 E chromium: [ERROR:gles2_cmd_decoder.cc(3852)] [.ChromiumCompositor-0xacbb2fc0]GL ERROR :GL_INVALID_ENUM : glDiscardFramebufferEXT: attachments was GL_COLOR_EXT
06-28 15:23:52.429  5544  5591 E chromium: [ERROR:gles2_cmd_decoder.cc(3852)] [.ChromiumCompositor-0xacbb2fc0]GL ERROR :GL_INVALID_ENUM : glDiscardFramebufferEXT: attachments was GL_COLOR_EXT
06-28 15:23:52.444  5544  5591 E chromium: [ERROR:gles2_cmd_decoder.cc(3852)] [.ChromiumCompositor-0xacbb2fc0]GL ERROR :GL_INVALID_ENUM : glDiscardFramebufferEXT: attachments was GL_COLOR_EXT
06-28 15:23:52.461  5544  5591 E chromium: [ERROR:gles2_cmd_decoder.cc(3852)] [.ChromiumCompositor-0xacbb2fc0]GL ERROR :GL_INVALID_ENUM : glDiscardFramebufferEXT: attachments was GL_COLOR_EXT
06-28 15:23:52.475  5544  5591 E chromium: [ERROR:gles2_cmd_decoder.cc(3852)] [.ChromiumCompositor-0xacbb2fc0]GL ERROR :GL_INVALID_ENUM : glDiscardFramebufferEXT: attachments was GL_COLOR_EXT
06-28 15:23:52.510  5544  5591 E chromium: [ERROR:gles2_cmd_decoder.cc(3852)] [.ChromiumCompositor-0xacbb2fc0]GL ERROR :GL_INVALID_ENUM : glDiscardFramebufferEXT: attachments was GL_COLOR_EXT
06-28 15:23:52.520  5544  5591 E chromium: [ERROR:gles2_cmd_decoder.cc(3852)] [.ChromiumCompositor-0xacbb2fc0]GL ERROR :GL_INVALID_ENUM : glDiscardFramebufferEXT: attachments was GL_COLOR_EXT
06-28 15:23:52.532  5544  5591 E chromium: [ERROR:gles2_cmd_decoder.cc(3852)] [.ChromiumCompositor-0xacbb2fc0]GL ERROR :GL_INVALID_ENUM : glDiscardFramebufferEXT: attachments was GL_COLOR_EXT
06-28 15:23:52.557  5544  5591 E chromium: [ERROR:gles2_cmd_decoder.cc(3852)] [.ChromiumCompositor-0xacbb2fc0]GL ERROR :GL_INVALID_ENUM : glDiscardFramebufferEXT: attachments was GL_COLOR_EXT
06-28 15:23:52.562  5544  5591 E chromium: [ERROR:gles2_cmd_decoder.cc(3852)] [.ChromiumCompositor-0xacbb2fc0]GL ERROR :GL_INVALID_ENUM : glDiscardFramebufferEXT: attachments was GL_COLOR_EXT
06-28 15:23:52.594  5544  5591 E chromium: [ERROR:gles2_cmd_decoder.cc(3852)] [.ChromiumCompositor-0xacbb2fc0]GL ERROR :GL_INVALID_ENUM : glDiscardFramebufferEXT: attachments was GL_COLOR_EXT
06-28 15:23:52.606  5544  5591 E chromium: [ERROR:gles2_cmd_decoder.cc(3852)] [.ChromiumCompositor-0xacbb2fc0]GL ERROR :GL_INVALID_ENUM : glDiscardFramebufferEXT: attachments was GL_COLOR_EXT
06-28 15:23:52.626  5544  5591 E chromium: [ERROR:gles2_cmd_decoder.cc(3852)] [.ChromiumCompositor-0xacbb2fc0]GL ERROR :GL_INVALID_ENUM : glDiscardFramebufferEXT: attachments was GL_COLOR_EXT
06-28 15:23:52.638  5544  5591 E chromium: [ERROR:gles2_cmd_decoder.cc(3852)] [.ChromiumCompositor-0xacbb2fc0]GL ERROR :GL_INVALID_ENUM : glDiscardFramebufferEXT: attachments was GL_COLOR_EXT
06-28 15:23:52.652  5544  5591 E chromium: [ERROR:gles2_cmd_decoder.cc(3852)] [.ChromiumCompositor-0xacbb2fc0]GL ERROR :GL_INVALID_ENUM : glDiscardFramebufferEXT: attachments was GL_COLOR_EXT
06-28 15:23:52.664  5544  5591 E chromium: [ERROR:gles2_cmd_decoder.cc(3852)] [.ChromiumCompositor-0xacbb2fc0]GL ERROR :GL_INVALID_ENUM : glDiscardFramebufferEXT: attachments was GL_COLOR_EXT
06-28 15:23:52.691  5544  5591 E chromium: [ERROR:gles2_cmd_decoder.cc(3852)] [.ChromiumCompositor-0xacbb2fc0]GL ERROR :GL_INVALID_ENUM : glDiscardFramebufferEXT: attachments was GL_COLOR_EXT
06-28 15:23:52.695  5544  5591 E chromium: [ERROR:gles2_cmd_decoder.cc(3852)] [.ChromiumCompositor-0xacbb2fc0]GL ERROR :GL_INVALID_ENUM : glDiscardFramebufferEXT: attachments was GL_COLOR_EXT
06-28 15:23:52.726  5544  5591 E chromium: [ERROR:gles2_cmd_decoder.cc(3852)] [.ChromiumCompositor-0xacbb2fc0]GL ERROR :GL_INVALID_ENUM : glDiscardFramebufferEXT: attachments was GL_COLOR_EXT
06-28 15:23:52.732  5544  5591 E chromium: [ERROR:gles2_cmd_decoder.cc(3852)] [.ChromiumCompositor-0xacbb2fc0]GL ERROR :GL_INVALID_ENUM : glDiscardFramebufferEXT: attachments was GL_COLOR_EXT
06-28 15:23:52.769  5544  5591 E chromium: [ERROR:gles2_cmd_decoder.cc(3852)] [.ChromiumCompositor-0xacbb2fc0]GL ERROR :GL_INVALID_ENUM : glDiscardFramebufferEXT: attachments was GL_COLOR_EXT
06-28 15:23:52.785  5544  5591 E chromium: [ERROR:gles2_cmd_decoder.cc(3852)] [.ChromiumCompositor-0xacbb2fc0]GL ERROR :GL_INVALID_ENUM : glDiscardFramebufferEXT: attachments was GL_COLOR_EXT
06-28 15:23:52.792  5544  5591 E chromium: [ERROR:gles2_cmd_decoder.cc(3852)] [.ChromiumCompositor-0xacbb2fc0]GL ERROR :GL_INVALID_ENUM : glDiscardFramebufferEXT: attachments was GL_COLOR_EXT
06-28 15:23:52.800  5544  5591 E chromium: [ERROR:gles2_cmd_decoder.cc(3852)] [.ChromiumCompositor-0xacbb2fc0]GL ERROR :GL_INVALID_ENUM : glDiscardFramebufferEXT: attachments was GL_COLOR_EXT
06-28 15:23:52.825  5544  5591 E chromium: [ERROR:gles2_cmd_decoder.cc(3852)] [.ChromiumCompositor-0xacbb2fc0]GL ERROR :GL_INVALID_ENUM : glDiscardFramebufferEXT: attachments was GL_COLOR_EXT
06-28 15:23:52.829  5544  5591 E chromium: [ERROR:gles2_cmd_decoder.cc(3852)] [.ChromiumCompositor-0xacbb2fc0]GL ERROR :GL_INVALID_ENUM : glDiscardFramebufferEXT: attachments was GL_COLOR_EXT
06-28 15:23:52.861  5544  5591 E chromium: [ERROR:gles2_cmd_decoder.cc(3852)] [.ChromiumCompositor-0xacbb2fc0]GL ERROR :GL_INVALID_ENUM : glDiscardFramebufferEXT: attachments was GL_COLOR_EXT
06-28 15:23:52.882  5544  5591 E chromium: [ERROR:gles2_cmd_decoder.cc(3852)] [.ChromiumCompositor-0xacbb2fc0]GL ERROR :GL_INVALID_ENUM : glDiscardFramebufferEXT: attachments was GL_COLOR_EXT
06-28 15:23:52.893  5544  5591 E chromium: [ERROR:gles2_cmd_decoder.cc(3852)] [.ChromiumCompositor-0xacbb2fc0]GL ERROR :GL_INVALID_ENUM : glDiscardFramebufferEXT: attachments was GL_COLOR_EXT
06-28 15:23:52.903  5544  5591 E chromium: [ERROR:gles2_cmd_decoder.cc(3852)] [.ChromiumCompositor-0xacbb2fc0]GL ERROR :GL_INVALID_ENUM : glDiscardFramebufferEXT: attachments was GL_COLOR_EXT
06-28 15:23:52.920  5544  5591 E chromium: [ERROR:gles2_cmd_decoder.cc(3852)] [.ChromiumCompositor-0xacbb2fc0]GL ERROR :GL_INVALID_ENUM : glDiscardFramebufferEXT: attachments was GL_COLOR_EXT
06-28 15:23:52.931  5544  5591 E chromium: [ERROR:gles2_cmd_decoder.cc(3852)] [.ChromiumCompositor-0xacbb2fc0]GL ERROR :GL_INVALID_ENUM : glDiscardFramebufferEXT: attachments was GL_COLOR_EXT
06-28 15:23:52.959  5544  5591 E chromium: [ERROR:gles2_cmd_decoder.cc(3852)] [.ChromiumCompositor-0xacbb2fc0]GL ERROR :GL_INVALID_ENUM : glDiscardFramebufferEXT: attachments was GL_COLOR_EXT
06-28 15:23:52.979  5544  5591 E chromium: [ERROR:gles2_cmd_decoder.cc(3852)] [.ChromiumCompositor-0xacbb2fc0]GL ERROR :GL_INVALID_ENUM : glDiscardFramebufferEXT: attachments was GL_COLOR_EXT
06-28 15:23:52.997  5544  5591 E chromium: [ERROR:gles2_cmd_decoder.cc(3852)] [.ChromiumCompositor-0xacbb2fc0]GL ERROR :GL_INVALID_ENUM : glDiscardFramebufferEXT: attachments was GL_COLOR_EXT
06-28 15:23:53.005  5544  5591 E chromium: [ERROR:gles2_cmd_decoder.cc(3852)] [.ChromiumCompositor-0xacbb2fc0]GL ERROR :GL_INVALID_ENUM : glDiscardFramebufferEXT: attachments was GL_COLOR_EXT
06-28 15:23:53.016  5544  5591 E chromium: [ERROR:gles2_cmd_decoder.cc(3852)] [.ChromiumCompositor-0xacbb2fc0]GL ERROR :GL_INVALID_ENUM : glDiscardFramebufferEXT: attachments was GL_COLOR_EXT
06-28 15:23:53.044  5544  5591 E chromium: [ERROR:gles2_cmd_decoder.cc(3852)] [.ChromiumCompositor-0xacbb2fc0]GL ERROR :GL_INVALID_ENUM : glDiscardFramebufferEXT: attachments was GL_COLOR_EXT
06-28 15:23:53.059  5544  5591 E chromium: [ERROR:gles2_cmd_decoder.cc(3852)] [.ChromiumCompositor-0xacbb2fc0]GL ERROR :GL_INVALID_ENUM : glDiscardFramebufferEXT: attachments was GL_COLOR_EXT
06-28 15:23:53.064  5544  5591 E chromium: [ERROR:gles2_cmd_decoder.cc(3852)] [.ChromiumCompositor-0xacbb2fc0]GL ERROR :GL_INVALID_ENUM : glDiscardFramebufferEXT: attachments was GL_COLOR_EXT
06-28 15:23:53.096  5544  5591 E chromium: [ERROR:gles2_cmd_decoder.cc(3852)] [.ChromiumCompositor-0xacbb2fc0]GL ERROR :GL_INVALID_ENUM : glDiscardFramebufferEXT: attachments was GL_COLOR_EXT
06-28 15:23:53.103  5544  5591 E chromium: [ERROR:gles2_cmd_decoder.cc(3852)] [.ChromiumCompositor-0xacbb2fc0]GL ERROR :GL_INVALID_ENUM : glDiscardFramebufferEXT: attachments was GL_COLOR_EXT
06-28 15:23:53.108  5611  5624 E WPROF   : {"Javascript": {"url": "https://3p.ampproject.net/1498506512561/f.js", "requestTime": 24510.163892}}
06-28 15:23:53.116  5544  5591 E chromium: [ERROR:gles2_cmd_decoder.cc(3852)] [.ChromiumCompositor-0xacbb2fc0]GL ERROR :GL_INVALID_ENUM : glDiscardFramebufferEXT: attachments was GL_COLOR_EXT
06-28 15:23:53.129  5544  5591 E chromium: [ERROR:gles2_cmd_decoder.cc(3852)] [.ChromiumCompositor-0xacbb2fc0]GL ERROR :GL_INVALID_ENUM : glDiscardFramebufferEXT: attachments was GL_COLOR_EXT
06-28 15:23:53.147  5544  5591 E chromium: [ERROR:gles2_cmd_decoder.cc(3852)] [.ChromiumCompositor-0xacbb2fc0]GL ERROR :GL_INVALID_ENUM : glDiscardFramebufferEXT: attachments was GL_COLOR_EXT
06-28 15:23:53.179  5544  5591 E chromium: [ERROR:gles2_cmd_decoder.cc(3852)] [.ChromiumCompositor-0xacbb2fc0]GL ERROR :GL_INVALID_ENUM : glDiscardFramebufferEXT: attachments was GL_COLOR_EXT
06-28 15:23:53.189  5544  5591 E chromium: [ERROR:gles2_cmd_decoder.cc(3852)] [.ChromiumCompositor-0xacbb2fc0]GL ERROR :GL_INVALID_ENUM : glDiscardFramebufferEXT: attachments was GL_COLOR_EXT
06-28 15:23:53.205  5544  5591 E chromium: [ERROR:gles2_cmd_decoder.cc(3852)] [.ChromiumCompositor-0xacbb2fc0]GL ERROR :GL_INVALID_ENUM : glDiscardFramebufferEXT: attachments was GL_COLOR_EXT
06-28 15:23:53.215  5544  5591 E chromium: [ERROR:gles2_cmd_decoder.cc(3852)] [.ChromiumCompositor-0xacbb2fc0]GL ERROR :GL_INVALID_ENUM : glDiscardFramebufferEXT: attachments was GL_COLOR_EXT
06-28 15:23:53.249  5544  5591 E chromium: [ERROR:gles2_cmd_decoder.cc(3852)] [.ChromiumCompositor-0xacbb2fc0]GL ERROR :GL_INVALID_ENUM : glDiscardFramebufferEXT: attachments was GL_COLOR_EXT
06-28 15:23:53.271  5544  5591 E chromium: [ERROR:gles2_cmd_decoder.cc(3852)] [.ChromiumCompositor-0xacbb2fc0]GL ERROR :GL_INVALID_ENUM : glDiscardFramebufferEXT: attachments was GL_COLOR_EXT
06-28 15:23:53.283  5544  5591 E chromium: [ERROR:gles2_cmd_decoder.cc(3852)] [.ChromiumCompositor-0xacbb2fc0]GL ERROR :GL_INVALID_ENUM : glDiscardFramebufferEXT: attachments was GL_COLOR_EXT
06-28 15:23:53.291  5544  5591 E chromium: [ERROR:gles2_cmd_decoder.cc(3852)] [.ChromiumCompositor-0xacbb2fc0]GL ERROR :GL_INVALID_ENUM : glDiscardFramebufferEXT: attachments was GL_COLOR_EXT
06-28 15:23:53.303  5544  5591 E chromium: [ERROR:gles2_cmd_decoder.cc(3852)] [.ChromiumCompositor-0xacbb2fc0]GL ERROR :GL_INVALID_ENUM : glDiscardFramebufferEXT: attachments was GL_COLOR_EXT
06-28 15:23:53.328  5544  5591 E chromium: [ERROR:gles2_cmd_decoder.cc(3852)] [.ChromiumCompositor-0xacbb2fc0]GL ERROR :GL_INVALID_ENUM : glDiscardFramebufferEXT: attachments was GL_COLOR_EXT
06-28 15:23:53.345  5544  5591 E chromium: [ERROR:gles2_cmd_decoder.cc(3852)] [.ChromiumCompositor-0xacbb2fc0]GL ERROR :GL_INVALID_ENUM : glDiscardFramebufferEXT: attachments was GL_COLOR_EXT
06-28 15:23:53.349  5544  5591 E chromium: [ERROR:gles2_cmd_decoder.cc(3852)] [.ChromiumCompositor-0xacbb2fc0]GL ERROR :GL_INVALID_ENUM : glDiscardFramebufferEXT: attachments was GL_COLOR_EXT
06-28 15:23:53.386  5544  5591 E chromium: [ERROR:gles2_cmd_decoder.cc(3852)] [.ChromiumCompositor-0xacbb2fc0]GL ERROR :GL_INVALID_ENUM : glDiscardFramebufferEXT: attachments was GL_COLOR_EXT
06-28 15:23:53.397  5544  5591 E chromium: [ERROR:gles2_cmd_decoder.cc(3852)] [.ChromiumCompositor-0xacbb2fc0]GL ERROR :GL_INVALID_ENUM : glDiscardFramebufferEXT: attachments was GL_COLOR_EXT
06-28 15:23:53.412  5544  5591 E chromium: [ERROR:gles2_cmd_decoder.cc(3852)] [.ChromiumCompositor-0xacbb2fc0]GL ERROR :GL_INVALID_ENUM : glDiscardFramebufferEXT: attachments was GL_COLOR_EXT
06-28 15:23:53.420  5544  5591 E chromium: [ERROR:gles2_cmd_decoder.cc(3852)] [.ChromiumCompositor-0xacbb2fc0]GL ERROR :GL_INVALID_ENUM : glDiscardFramebufferEXT: attachments was GL_COLOR_EXT
06-28 15:23:53.445  5544  5591 E chromium: [ERROR:gles2_cmd_decoder.cc(3852)] [.ChromiumCompositor-0xacbb2fc0]GL ERROR :GL_INVALID_ENUM : glDiscardFramebufferEXT: attachments was GL_COLOR_EXT
06-28 15:23:53.450  5544  5591 E chromium: [ERROR:gles2_cmd_decoder.cc(3852)] [.ChromiumCompositor-0xacbb2fc0]GL ERROR :GL_INVALID_ENUM : glDiscardFramebufferEXT: attachments was GL_COLOR_EXT
06-28 15:23:53.479  5544  5591 E chromium: [ERROR:gles2_cmd_decoder.cc(3852)] [.ChromiumCompositor-0xacbb2fc0]GL ERROR :GL_INVALID_ENUM : glDiscardFramebufferEXT: attachments was GL_COLOR_EXT
06-28 15:23:53.485  5544  5591 E chromium: [ERROR:gles2_cmd_decoder.cc(3852)] [.ChromiumCompositor-0xacbb2fc0]GL ERROR :GL_INVALID_ENUM : glDiscardFramebufferEXT: attachments was GL_COLOR_EXT
06-28 15:23:53.513  5544  5591 E chromium: [ERROR:gles2_cmd_decoder.cc(3852)] [.ChromiumCompositor-0xacbb2fc0]GL ERROR :GL_INVALID_ENUM : glDiscardFramebufferEXT: attachments was GL_COLOR_EXT
06-28 15:23:53.519  5544  5591 E chromium: [ERROR:gles2_cmd_decoder.cc(3852)] [.ChromiumCompositor-0xacbb2fc0]GL ERROR :GL_INVALID_ENUM : glDiscardFramebufferEXT: attachments was GL_COLOR_EXT
06-28 15:23:53.546  5544  5591 E chromium: [ERROR:gles2_cmd_decoder.cc(3852)] [.ChromiumCompositor-0xacbb2fc0]GL ERROR :GL_INVALID_ENUM : glDiscardFramebufferEXT: attachments was GL_COLOR_EXT
06-28 15:23:53.554  5544  5591 E chromium: [ERROR:gles2_cmd_decoder.cc(3852)] [.ChromiumCompositor-0xacbb2fc0]GL ERROR :GL_INVALID_ENUM : glDiscardFramebufferEXT: attachments was GL_COLOR_EXT
06-28 15:23:53.568  5544  5591 E chromium: [ERROR:gles2_cmd_decoder.cc(3852)] [.ChromiumCompositor-0xacbb2fc0]GL ERROR :GL_INVALID_ENUM : glDiscardFramebufferEXT: attachments was GL_COLOR_EXT
06-28 15:23:53.597  5544  5591 E chromium: [ERROR:gles2_cmd_decoder.cc(3852)] [.ChromiumCompositor-0xacbb2fc0]GL ERROR :GL_INVALID_ENUM : glDiscardFramebufferEXT: attachments was GL_COLOR_EXT
06-28 15:23:53.605  5544  5591 E chromium: [ERROR:gles2_cmd_decoder.cc(3852)] [.ChromiumCompositor-0xacbb2fc0]GL ERROR :GL_INVALID_ENUM : glDiscardFramebufferEXT: attachments was GL_COLOR_EXT
06-28 15:23:53.617  5544  5591 E chromium: [ERROR:gles2_cmd_decoder.cc(3852)] [.ChromiumCompositor-0xacbb2fc0]GL ERROR :GL_INVALID_ENUM : glDiscardFramebufferEXT: attachments was GL_COLOR_EXT
06-28 15:23:53.645  5544  5591 E chromium: [ERROR:gles2_cmd_decoder.cc(3852)] [.ChromiumCompositor-0xacbb2fc0]GL ERROR :GL_INVALID_ENUM : glDiscardFramebufferEXT: attachments was GL_COLOR_EXT
06-28 15:23:53.651  5544  5591 E chromium: [ERROR:gles2_cmd_decoder.cc(3852)] [.ChromiumCompositor-0xacbb2fc0]GL ERROR :GL_INVALID_ENUM : glDiscardFramebufferEXT: attachments was GL_COLOR_EXT
06-28 15:23:53.679  5544  5591 E chromium: [ERROR:gles2_cmd_decoder.cc(3852)] [.ChromiumCompositor-0xacbb2fc0]GL ERROR :GL_INVALID_ENUM : glDiscardFramebufferEXT: attachments was GL_COLOR_EXT
06-28 15:23:53.686  5544  5591 E chromium: [ERROR:gles2_cmd_decoder.cc(3852)] [.ChromiumCompositor-0xacbb2fc0]GL ERROR :GL_INVALID_ENUM : glDiscardFramebufferEXT: attachments was GL_COLOR_EXT
06-28 15:23:53.699  5611  5624 E WPROF   : {"Javascript": {"url": "https://securepubads.g.doubleclick.net/static/glade.js", "requestTime": 24510.754876}}
06-28 15:23:53.713  5544  5591 E chromium: [ERROR:gles2_cmd_decoder.cc(3852)] [.ChromiumCompositor-0xacbb2fc0]GL ERROR :GL_INVALID_ENUM : glDiscardFramebufferEXT: attachments was GL_COLOR_EXT
06-28 15:23:53.717  5544  5591 E chromium: [ERROR:gles2_cmd_decoder.cc(3852)] [.ChromiumCompositor-0xacbb2fc0]GL ERROR :GL_INVALID_ENUM : glDiscardFramebufferEXT: attachments was GL_COLOR_EXT
06-28 15:23:53.747  5544  5591 E chromium: [ERROR:gles2_cmd_decoder.cc(3852)] [.ChromiumCompositor-0xacbb2fc0]GL ERROR :GL_INVALID_ENUM : glDiscardFramebufferEXT: attachments was GL_COLOR_EXT
06-28 15:23:53.791  5544  5591 E chromium: [ERROR:gles2_cmd_decoder.cc(3852)] [.ChromiumCompositor-0xacbb2fc0]GL ERROR :GL_INVALID_ENUM : glDiscardFramebufferEXT: attachments was GL_COLOR_EXT
06-28 15:23:53.797  5544  5591 E chromium: [ERROR:gles2_cmd_decoder.cc(3852)] [.ChromiumCompositor-0xacbb2fc0]GL ERROR :GL_INVALID_ENUM : glDiscardFramebufferEXT: attachments was GL_COLOR_EXT
06-28 15:23:53.806  5544  5591 E chromium: [ERROR:gles2_cmd_decoder.cc(3852)] [.ChromiumCompositor-0xacbb2fc0]GL ERROR :GL_INVALID_ENUM : glDiscardFramebufferEXT: attachments was GL_COLOR_EXT
06-28 15:23:53.814  5544  5591 E chromium: [ERROR:gles2_cmd_decoder.cc(3852)] [.ChromiumCompositor-0xacbb2fc0]GL ERROR :GL_INVALID_ENUM : glDiscardFramebufferEXT: attachments was GL_COLOR_EXT
06-28 15:23:53.823  5544  5591 E chromium: [ERROR:gles2_cmd_decoder.cc(3852)] [.ChromiumCompositor-0xacbb2fc0]GL ERROR :GL_INVALID_ENUM : glDiscardFramebufferEXT: attachments was GL_COLOR_EXT
06-28 15:23:53.848  5544  5591 E chromium: [ERROR:gles2_cmd_decoder.cc(3852)] [.ChromiumCompositor-0xacbb2fc0]GL ERROR :GL_INVALID_ENUM : glDiscardFramebufferEXT: attachments was GL_COLOR_EXT
06-28 15:23:53.853  5544  5591 E chromium: [ERROR:gles2_cmd_decoder.cc(3852)] [.ChromiumCompositor-0xacbb2fc0]GL ERROR :GL_INVALID_ENUM : glDiscardFramebufferEXT: attachments was GL_COLOR_EXT
06-28 15:23:53.882  5544  5591 E chromium: [ERROR:gles2_cmd_decoder.cc(3852)] [.ChromiumCompositor-0xacbb2fc0]GL ERROR :GL_INVALID_ENUM : glDiscardFramebufferEXT: attachments was GL_COLOR_EXT
06-28 15:23:53.887  5544  5591 E chromium: [ERROR:gles2_cmd_decoder.cc(3852)] [.ChromiumCompositor-0xacbb2fc0]GL ERROR :GL_INVALID_ENUM : glDiscardFramebufferEXT: attachments was GL_COLOR_EXT
06-28 15:23:53.917  5544  5591 E chromium: [ERROR:gles2_cmd_decoder.cc(3852)] [.ChromiumCompositor-0xacbb2fc0]GL ERROR :GL_INVALID_ENUM : glDiscardFramebufferEXT: attachments was GL_COLOR_EXT
06-28 15:23:53.951  5544  5591 E chromium: [ERROR:gles2_cmd_decoder.cc(3852)] [.ChromiumCompositor-0xacbb2fc0]GL ERROR :GL_INVALID_ENUM : glDiscardFramebufferEXT: attachments was GL_COLOR_EXT
06-28 15:23:53.957  5544  5591 E chromium: [ERROR:gles2_cmd_decoder.cc(3852)] [.ChromiumCompositor-0xacbb2fc0]GL ERROR :GL_INVALID_ENUM : glDiscardFramebufferEXT: attachments was GL_COLOR_EXT
06-28 15:23:53.973  5544  5591 E chromium: [ERROR:gles2_cmd_decoder.cc(3852)] [.ChromiumCompositor-0xacbb2fc0]GL ERROR :GL_INVALID_ENUM : glDiscardFramebufferEXT: attachments was GL_COLOR_EXT
06-28 15:23:53.984  5544  5591 E chromium: [ERROR:gles2_cmd_decoder.cc(3852)] [.ChromiumCompositor-0xacbb2fc0]GL ERROR :GL_INVALID_ENUM : glDiscardFramebufferEXT: attachments was GL_COLOR_EXT
06-28 15:23:54.004  5544  5591 E chromium: [ERROR:gles2_cmd_decoder.cc(3852)] [.ChromiumCompositor-0xacbb2fc0]GL ERROR :GL_INVALID_ENUM : glDiscardFramebufferEXT: attachments was GL_COLOR_EXT
06-28 15:23:54.020  5544  5591 E chromium: [ERROR:gles2_cmd_decoder.cc(3852)] [.ChromiumCompositor-0xacbb2fc0]GL ERROR :GL_INVALID_ENUM : glDiscardFramebufferEXT: attachments was GL_COLOR_EXT
06-28 15:23:54.035  5544  5591 E chromium: [ERROR:gles2_cmd_decoder.cc(3852)] [.ChromiumCompositor-0xacbb2fc0]GL ERROR :GL_INVALID_ENUM : glDiscardFramebufferEXT: attachments was GL_COLOR_EXT
06-28 15:23:54.055  5544  5591 E chromium: [ERROR:gles2_cmd_decoder.cc(3852)] [.ChromiumCompositor-0xacbb2fc0]GL ERROR :GL_INVALID_ENUM : glDiscardFramebufferEXT: attachments was GL_COLOR_EXT
06-28 15:23:54.068  5544  5591 E chromium: [ERROR:gles2_cmd_decoder.cc(3852)] [.ChromiumCompositor-0xacbb2fc0]GL ERROR :GL_INVALID_ENUM : glDiscardFramebufferEXT: attachments was GL_COLOR_EXT
06-28 15:23:54.093  5544  5591 E chromium: [ERROR:gles2_cmd_decoder.cc(3852)] [.ChromiumCompositor-0xacbb2fc0]GL ERROR :GL_INVALID_ENUM : glDiscardFramebufferEXT: attachments was GL_COLOR_EXT
06-28 15:23:54.110  5544  5591 E chromium: [ERROR:gles2_cmd_decoder.cc(3852)] [.ChromiumCompositor-0xacbb2fc0]GL ERROR :GL_INVALID_ENUM : glDiscardFramebufferEXT: attachments was GL_COLOR_EXT
06-28 15:23:54.122  5544  5591 E chromium: [ERROR:gles2_cmd_decoder.cc(3852)] [.ChromiumCompositor-0xacbb2fc0]GL ERROR :GL_INVALID_ENUM : glDiscardFramebufferEXT: attachments was GL_COLOR_EXT
06-28 15:23:54.138  5544  5591 E chromium: [ERROR:gles2_cmd_decoder.cc(3852)] [.ChromiumCompositor-0xacbb2fc0]GL ERROR :GL_INVALID_ENUM : glDiscardFramebufferEXT: attachments was GL_COLOR_EXT
06-28 15:23:54.156  5544  5591 E chromium: [ERROR:gles2_cmd_decoder.cc(3852)] [.ChromiumCompositor-0xacbb2fc0]GL ERROR :GL_INVALID_ENUM : glDiscardFramebufferEXT: attachments was GL_COLOR_EXT
06-28 15:23:54.197  5544  5591 E chromium: [ERROR:gles2_cmd_decoder.cc(3852)] [.ChromiumCompositor-0xacbb2fc0]GL ERROR :GL_INVALID_ENUM : glDiscardFramebufferEXT: attachments was GL_COLOR_EXT
06-28 15:23:54.209  5544  5591 E chromium: [ERROR:gles2_cmd_decoder.cc(3852)] [.ChromiumCompositor-0xacbb2fc0]GL ERROR :GL_INVALID_ENUM : glDiscardFramebufferEXT: attachments was GL_COLOR_EXT
06-28 15:23:54.229  5544  5591 E chromium: [ERROR:gles2_cmd_decoder.cc(3852)] [.ChromiumCompositor-0xacbb2fc0]GL ERROR :GL_INVALID_ENUM : glDiscardFramebufferEXT: attachments was GL_COLOR_EXT
06-28 15:23:54.238  5611  5624 E WPROF   : {"Javascript": {"url": "https://securepubads.g.doubleclick.net/static/glade/extra_25.js", "requestTime": 24511.293533}}
06-28 15:23:54.240  5544  5591 E chromium: [ERROR:gles2_cmd_decoder.cc(3852)] [.ChromiumCompositor-0xacbb2fc0]GL ERROR :GL_INVALID_ENUM : glDiscardFramebufferEXT: attachments was GL_COLOR_EXT
06-28 15:23:54.255  5544  5591 E chromium: [ERROR:gles2_cmd_decoder.cc(3852)] [.ChromiumCompositor-0xacbb2fc0]GL ERROR :GL_INVALID_ENUM : glDiscardFramebufferEXT: attachments was GL_COLOR_EXT
06-28 15:23:54.269  5544  5591 E chromium: [ERROR:gles2_cmd_decoder.cc(3852)] [.ChromiumCompositor-0xacbb2fc0]GL ERROR :GL_INVALID_ENUM : glDiscardFramebufferEXT: attachments was GL_COLOR_EXT
06-28 15:23:54.289  5544  5591 E chromium: [ERROR:gles2_cmd_decoder.cc(3852)] [.ChromiumCompositor-0xacbb2fc0]GL ERROR :GL_INVALID_ENUM : glDiscardFramebufferEXT: attachments was GL_COLOR_EXT
06-28 15:23:54.303  5544  5591 E chromium: [ERROR:gles2_cmd_decoder.cc(3852)] [.ChromiumCompositor-0xacbb2fc0]GL ERROR :GL_INVALID_ENUM : glDiscardFramebufferEXT: attachments was GL_COLOR_EXT
06-28 15:23:54.318  5544  5591 E chromium: [ERROR:gles2_cmd_decoder.cc(3852)] [.ChromiumCompositor-0xacbb2fc0]GL ERROR :GL_INVALID_ENUM : glDiscardFramebufferEXT: attachments was GL_COLOR_EXT
06-28 15:23:54.337  5544  5591 E chromium: [ERROR:gles2_cmd_decoder.cc(3852)] [.ChromiumCompositor-0xacbb2fc0]GL ERROR :GL_INVALID_ENUM : glDiscardFramebufferEXT: attachments was GL_COLOR_EXT
06-28 15:23:54.366  5544  5591 E chromium: [ERROR:gles2_cmd_decoder.cc(3852)] [.ChromiumCompositor-0xacbb2fc0]GL ERROR :GL_INVALID_ENUM : glDiscardFramebufferEXT: attachments was GL_COLOR_EXT
06-28 15:23:54.377  5544  5591 E chromium: [ERROR:gles2_cmd_decoder.cc(3852)] [.ChromiumCompositor-0xacbb2fc0]GL ERROR :GL_INVALID_ENUM : glDiscardFramebufferEXT: attachments was GL_COLOR_EXT
06-28 15:23:54.389  5544  5591 E chromium: [ERROR:gles2_cmd_decoder.cc(3852)] [.ChromiumCompositor-0xacbb2fc0]GL ERROR :GL_INVALID_ENUM : glDiscardFramebufferEXT: attachments was GL_COLOR_EXT
06-28 15:23:54.403  5544  5591 E chromium: [ERROR:gles2_cmd_decoder.cc(3852)] [.ChromiumCompositor-0xacbb2fc0]GL ERROR :GL_INVALID_ENUM : glDiscardFramebufferEXT: attachments was GL_COLOR_EXT
06-28 15:23:54.419  5544  5591 E chromium: [ERROR:gles2_cmd_decoder.cc(3852)] [.ChromiumCompositor-0xacbb2fc0]GL ERROR :GL_INVALID_ENUM : glDiscardFramebufferEXT: attachments was GL_COLOR_EXT
06-28 15:23:54.440  5544  5591 E chromium: [ERROR:gles2_cmd_decoder.cc(3852)] [.ChromiumCompositor-0xacbb2fc0]GL ERROR :GL_INVALID_ENUM : glDiscardFramebufferEXT: attachments was GL_COLOR_EXT
06-28 15:23:54.467  5544  5591 E chromium: [ERROR:gles2_cmd_decoder.cc(3852)] [.ChromiumCompositor-0xacbb2fc0]GL ERROR :GL_INVALID_ENUM : glDiscardFramebufferEXT: attachments was GL_COLOR_EXT
06-28 15:23:54.471  5544  5591 E chromium: [ERROR:gles2_cmd_decoder.cc(3852)] [.ChromiumCompositor-0xacbb2fc0]GL ERROR :GL_INVALID_ENUM : glDiscardFramebufferEXT: attachments was GL_COLOR_EXT
06-28 15:23:54.480  5611  5624 E WPROF   : {"Javascript": {"url": "https://tpc.googlesyndication.com/pagead/js/r20170619/r20110914/client/ext/m_window_focus_non_hydra.js", "requestTime": 24511.535277}}
06-28 15:23:54.484  5611  5624 E WPROF   : {"Javascript": {"url": "https://tpc.googlesyndication.com/pagead/js/r20170619/r20110914/activeview/osd_listener.js", "requestTime": 24511.539447}}
06-28 15:23:54.486  5544  5591 E chromium: [ERROR:gles2_cmd_decoder.cc(3852)] [.ChromiumCompositor-0xacbb2fc0]GL ERROR :GL_INVALID_ENUM : glDiscardFramebufferEXT: attachments was GL_COLOR_EXT
06-28 15:23:54.502  5544  5591 E chromium: [ERROR:gles2_cmd_decoder.cc(3852)] [.ChromiumCompositor-0xacbb2fc0]GL ERROR :GL_INVALID_ENUM : glDiscardFramebufferEXT: attachments was GL_COLOR_EXT
06-28 15:23:54.507  5611  5624 E WPROF   : {"Javascript": {"url": "https://pagead2.googlesyndication.com/pagead/osd.js", "requestTime": 24511.562814}}
06-28 15:23:54.519  5544  5591 E chromium: [ERROR:gles2_cmd_decoder.cc(3852)] [.ChromiumCompositor-0xacbb2fc0]GL ERROR :GL_INVALID_ENUM : glDiscardFramebufferEXT: attachments was GL_COLOR_EXT
06-28 15:23:54.536  5544  5591 E chromium: [ERROR:gles2_cmd_decoder.cc(3852)] [.ChromiumCompositor-0xacbb2fc0]GL ERROR :GL_INVALID_ENUM : glDiscardFramebufferEXT: attachments was GL_COLOR_EXT
06-28 15:23:54.552  5544  5591 E chromium: [ERROR:gles2_cmd_decoder.cc(3852)] [.ChromiumCompositor-0xacbb2fc0]GL ERROR :GL_INVALID_ENUM : glDiscardFramebufferEXT: attachments was GL_COLOR_EXT
06-28 15:23:54.570  5544  5591 E chromium: [ERROR:gles2_cmd_decoder.cc(3852)] [.ChromiumCompositor-0xacbb2fc0]GL ERROR :GL_INVALID_ENUM : glDiscardFramebufferEXT: attachments was GL_COLOR_EXT
06-28 15:23:54.587  5544  5591 E chromium: [ERROR:gles2_cmd_decoder.cc(3852)] [.ChromiumCompositor-0xacbb2fc0]GL ERROR :GL_INVALID_ENUM : glDiscardFramebufferEXT: attachments was GL_COLOR_EXT
06-28 15:23:54.609  5544  5591 E chromium: [ERROR:gles2_cmd_decoder.cc(3852)] [.ChromiumCompositor-0xacbb2fc0]GL ERROR :GL_INVALID_ENUM : glDiscardFramebufferEXT: attachments was GL_COLOR_EXT
06-28 15:23:54.625  5544  5591 E chromium: [ERROR:gles2_cmd_decoder.cc(3852)] [.ChromiumCompositor-0xacbb2fc0]GL ERROR :GL_INVALID_ENUM : glDiscardFramebufferEXT: attachments was GL_COLOR_EXT
06-28 15:23:54.639  5544  5591 E chromium: [ERROR:gles2_cmd_decoder.cc(3852)] [.ChromiumCompositor-0xacbb2fc0]GL ERROR :GL_INVALID_ENUM : glDiscardFramebufferEXT: attachments was GL_COLOR_EXT
06-28 15:23:54.656  5544  5591 E chromium: [ERROR:gles2_cmd_decoder.cc(3852)] [.ChromiumCompositor-0xacbb2fc0]GL ERROR :GL_INVALID_ENUM : glDiscardFramebufferEXT: attachments was GL_COLOR_EXT
06-28 15:23:54.698  5544  5591 E chromium: [ERROR:gles2_cmd_decoder.cc(3852)] [.ChromiumCompositor-0xacbb2fc0]GL ERROR :GL_INVALID_ENUM : glDiscardFramebufferEXT: attachments was GL_COLOR_EXT
06-28 15:23:54.707  5544  5591 E chromium: [ERROR:gles2_cmd_decoder.cc(3852)] [.ChromiumCompositor-0xacbb2fc0]GL ERROR :GL_INVALID_ENUM : glDiscardFramebufferEXT: attachments was GL_COLOR_EXT
06-28 15:23:54.724  5544  5591 E chromium: [ERROR:gles2_cmd_decoder.cc(3852)] [.ChromiumCompositor-0xacbb2fc0]GL ERROR :GL_INVALID_ENUM : glDiscardFramebufferEXT: attachments was GL_COLOR_EXT
06-28 15:23:54.738  5544  5591 E chromium: [ERROR:gles2_cmd_decoder.cc(3852)] [.ChromiumCompositor-0xacbb2fc0]GL ERROR :GL_INVALID_ENUM : glDiscardFramebufferEXT: attachments was GL_COLOR_EXT
06-28 15:23:54.761  5544  5591 E chromium: [ERROR:gles2_cmd_decoder.cc(3852)] [.ChromiumCompositor-0xacbb2fc0]GL ERROR :GL_INVALID_ENUM : glDiscardFramebufferEXT: attachments was GL_COLOR_EXT
06-28 15:23:54.776  5544  5591 E chromium: [ERROR:gles2_cmd_decoder.cc(3852)] [.ChromiumCompositor-0xacbb2fc0]GL ERROR :GL_INVALID_ENUM : glDiscardFramebufferEXT: attachments was GL_COLOR_EXT
06-28 15:23:54.791  5544  5591 E chromium: [ERROR:gles2_cmd_decoder.cc(3852)] [.ChromiumCompositor-0xacbb2fc0]GL ERROR :GL_INVALID_ENUM : glDiscardFramebufferEXT: attachments was GL_COLOR_EXT
06-28 15:23:54.808  5544  5591 E chromium: [ERROR:gles2_cmd_decoder.cc(3852)] [.ChromiumCompositor-0xacbb2fc0]GL ERROR :GL_INVALID_ENUM : glDiscardFramebufferEXT: attachments was GL_COLOR_EXT
06-28 15:23:54.826  5544  5591 E chromium: [ERROR:gles2_cmd_decoder.cc(3852)] [.ChromiumCompositor-0xacbb2fc0]GL ERROR :GL_INVALID_ENUM : glDiscardFramebufferEXT: attachments was GL_COLOR_EXT
06-28 15:23:54.864  5544  5591 E chromium: [ERROR:gles2_cmd_decoder.cc(3852)] [.ChromiumCompositor-0xacbb2fc0]GL ERROR :GL_INVALID_ENUM : glDiscardFramebufferEXT: attachments was GL_COLOR_EXT
06-28 15:23:54.893  5544  5591 E chromium: [ERROR:gles2_cmd_decoder.cc(3852)] [.ChromiumCompositor-0xacbb2fc0]GL ERROR :GL_INVALID_ENUM : glDiscardFramebufferEXT: attachments was GL_COLOR_EXT
06-28 15:23:54.907  5544  5591 E chromium: [ERROR:gles2_cmd_decoder.cc(3852)] [.ChromiumCompositor-0xacbb2fc0]GL ERROR :GL_INVALID_ENUM : glDiscardFramebufferEXT: attachments was GL_COLOR_EXT
06-28 15:23:54.930  5544  5591 E chromium: [ERROR:gles2_cmd_decoder.cc(3852)] [.ChromiumCompositor-0xacbb2fc0]GL ERROR :GL_INVALID_ENUM : glDiscardFramebufferEXT: attachments was GL_COLOR_EXT
06-28 15:23:54.945  5544  5591 E chromium: [ERROR:gles2_cmd_decoder.cc(3852)] [.ChromiumCompositor-0xacbb2fc0]GL ERROR :GL_INVALID_ENUM : glDiscardFramebufferEXT: attachments was GL_COLOR_EXT
06-28 15:23:54.958  5544  5591 E chromium: [ERROR:gles2_cmd_decoder.cc(3852)] [.ChromiumCompositor-0xacbb2fc0]GL ERROR :GL_INVALID_ENUM : glDiscardFramebufferEXT: attachments was GL_COLOR_EXT
06-28 15:23:54.975  5544  5591 E chromium: [ERROR:logger.cc(46)] Too many GL errors, not reporting any more for this context. use --disable-gl-error-limit to see all errors.
06-28 15:23:55.397  5611  5624 E WProf.db: {"page": "d-239463442961718387.ampproject.net_1498506512561_frame.html"}
06-28 15:23:55.397  5611  5624 E WProf.db: {"DOMLoad": 24512.452819}
06-28 15:23:55.397  5611  5624 E WProf.db: {"Resource": {"id": 29, "url": "https://ping.chartbeat.net/ping?h=searchengineland.com&p=%2Fusing-call-sms-data-drive-new-customers-274386&u=Knx8j-FmuctQL8KxE9JHIRjCzb0WaQ1DkDXzER8hjRiOwlurlUQTECZo-_AqcBb1&d=searchengineland.com&g=&g0=&g1=&g2=&g3=&g4=&c=120&x=0&y=3511&j=30&R=1&W=0&I=0&E=0&r=&t=387Knx8j-FmuctQL8KxE9JHIRjCzb0WaQ1DkD", "sentTime": -1.000000, "len": 43, "from": "0x0", "mimeType": "image/gif", "contentLength": 43, "httpStatus": 200, "connId": 296, "connReused": 0, "cached": 0,"requestTime": 24508.714967, "proxyStart": -1, "proxyEnd": -1, "dnsStart": 4, "dnsEnd": 11, "connectStart": 0, "connectEnd": 759, "sendStart": 759, "sendEnd": 759, "receiveHeadersEnd": 1025, "sslStart": 240, "sslEnd": 759}}
06-28 15:23:55.397  5611  5624 E WProf.db: {"ReceivedChunk": {"receivedTime": 24509.775903, "len": 43}}
06-28 15:23:55.397  5611  5624 E WProf.db: {"Resource": {"id": 32, "url": "https://d-239463442961718387.ampproject.net/1498506512561/frame.html", "sentTime": -1.000000, "len": 375, "from": "0x0", "mimeType": "text/html", "contentLength": -1, "httpStatus": 200, "connId": 336, "connReused": 0, "cached": 0,"requestTime": 24509.784097, "proxyStart": -1, "proxyEnd": -1, "dnsStart": 0, "dnsEnd": 0, "connectStart": 0, "connectEnd": 225, "sendStart": 225, "sendEnd": 226, "receiveHeadersEnd": 329, "sslStart": 55, "sslEnd": 223}}
06-28 15:23:55.397  5611  5624 E WProf.db: {"ReceivedChunk": {"receivedTime": 24510.118500, "len": 375}}
06-28 15:23:55.398  5611  5624 E WProf.db: {"WprofHTMLTag": {"code": "0xaedd92c0", "doc": "https://d-239463442961718387.ampproject.net/1498506512561/frame.html", "row": 1, "column": 6, "tagName": "head", "time": 24510.161486, "url": "", "pos": 1, "chunkLen": 1, "isStartTag": 1}}
06-28 15:23:55.398  5611  5624 E WProf.db: {"WprofHTMLTag": {"code": "0x9d4d18d0", "doc": "https://d-239463442961718387.ampproject.net/1498506512561/frame.html", "row": 2, "column": 22, "tagName": "meta", "time": 24510.161740, "url": "", "pos": 1, "chunkLen": 1, "isStartTag": 1}}
06-28 15:23:55.398  5611  5624 E WProf.db: {"WprofHTMLTag": {"code": "0xaedd9020", "doc": "https://d-239463442961718387.ampproject.net/1498506512561/frame.html", "row": 3, "column": 38, "tagName": "meta", "time": 24510.162287, "url": "", "pos": 1, "chunkLen": 1, "isStartTag": 1}}
06-28 15:23:55.398  5611  5624 E WProf.db: {"WprofHTMLTag": {"code": "0xaedd90b0", "doc": "https://d-239463442961718387.ampproject.net/1498506512561/frame.html", "row": 4, "column": 59, "tagName": "script", "time": 24510.162825, "url": "https://3p.ampproject.net/1498506512561/f.js", "pos": 1, "chunkLen": 1, "isStartTag": 1}}
06-28 15:23:55.398  5611  5624 E WProf.db: {"WprofHTMLTag": {"code": "0x9d4d1fc0", "doc": "https://d-239463442961718387.ampproject.net/1498506512561/frame.html", "row": 4, "column": 68, "tagName": "script", "time": 24510.163460, "url": "", "pos": 1, "chunkLen": 1, "isStartTag": 0}}
06-28 15:23:55.398  5611  5624 E WProf.db: {"WprofHTMLTag": {"code": "0xaedd9290", "doc": "https://d-239463442961718387.ampproject.net/1498506512561/frame.html", "row": 5, "column": 7, "tagName": "head", "time": 24510.708363, "url": "", "pos": 1, "chunkLen": 1, "isStartTag": 0}}
06-28 15:23:55.398  5611  5624 E WProf.db: {"WprofHTMLTag": {"code": "0xaedd9590", "doc": "https://d-239463442961718387.ampproject.net/1498506512561/frame.html", "row": 6, "column": 23, "tagName": "body", "time": 24510.708715, "url": "", "pos": 1, "chunkLen": 1, "isStartTag": 1}}
06-28 15:23:55.398  5611  5624 E WProf.db: {"WprofHTMLTag": {"code": "0xaedd94d0", "doc": "https://d-239463442961718387.ampproject.net/1498506512561/frame.html", "row": 7, "column": 69, "tagName": "div", "time": 24510.709365, "url": "", "pos": 1, "chunkLen": 1, "isStartTag": 1}}
06-28 15:23:55.398  5611  5624 E WProf.db: {"WprofHTMLTag": {"code": "0xaedd94a0", "doc": "https://d-239463442961718387.ampproject.net/1498506512561/frame.html", "row": 8, "column": 10, "tagName": "script", "time": 24510.710329, "url": "", "pos": 1, "chunkLen": 1, "isStartTag": 1}}
06-28 15:23:55.399  5611  5624 E WProf.db: {"WprofHTMLTag": {"code": "0xaedd93b0", "doc": "https://d-239463442961718387.ampproject.net/1498506512561/frame.html", "row": 8, "column": 27, "tagName": "script", "time": 24510.713309, "url": "https://securepubads.g.doubleclick.net/static/glade.js", "pos": 1, "chunkLen": 1, "isStartTag": 0}}
06-28 15:23:55.399  5611  5624 E WProf.db: {"WprofHTMLTag": {"code": "0x9d4d1c90", "doc": "https://d-239463442961718387.ampproject.net/1498506512561/frame.html", "row": 9, "column": 6, "tagName": "div", "time": 24510.760861, "url": "", "pos": 1, "chunkLen": 1, "isStartTag": 0}}
06-28 15:23:55.399  5611  5624 E WProf.db: {"WprofHTMLTag": {"code": "0x9d4d1ed0", "doc": "https://d-239463442961718387.ampproject.net/1498506512561/frame.html", "row": 10, "column": 8, "tagName": "script", "time": 24510.760934, "url": "", "pos": 1, "chunkLen": 1, "isStartTag": 1}}
06-28 15:23:55.399  5611  5624 E WProf.db: {"WprofHTMLTag": {"code": "0xaedd9470", "doc": "https://d-239463442961718387.ampproject.net/1498506512561/frame.html", "row": 10, "column": 67, "tagName": "script", "time": 24510.761284, "url": "", "pos": 1, "chunkLen": 1, "isStartTag": 0}}
06-28 15:23:55.399  5611  5624 E WProf.db: {"WprofHTMLTag": {"code": "0x9d4d1f00", "doc": "https://d-239463442961718387.ampproject.net/1498506512561/frame.html", "row": 11, "column": 7, "tagName": "body", "time": 24510.763483, "url": "", "pos": 1, "chunkLen": 1, "isStartTag": 0}}
06-28 15:23:55.399  5611  5624 E WProf.db: {"WprofHTMLTag": {"code": "0x9d4d1f30", "doc": "https://d-239463442961718387.ampproject.net/1498506512561/frame.html", "row": 12, "column": 7, "tagName": "html", "time": 24510.763506, "url": "https://securepubads.g.doubleclick.net/static/glade/extra_25.js", "pos": 1, "chunkLen": 1, "isStartTag": 0}}
06-28 15:23:55.400  5611  5624 E WProf.db: {"Resource": {"id": 33, "url": "https://3p.ampproject.net/1498506512561/f.js", "sentTime": -1.000000, "len": 91779, "from": "0xaedd90b0", "mimeType": "text/javascript", "contentLength": -1, "httpStatus": 200, "connId": 387, "connReused": 0, "cached": 0,"requestTime": 24510.165226, "proxyStart": -1, "proxyEnd": -1, "dnsStart": 10, "dnsEnd": 10, "connectStart": 0, "connectEnd": 269, "sendStart": 269, "sendEnd": 270, "receiveHeadersEnd": 341, "sslStart": 79, "sslEnd": 269}}
06-28 15:23:55.400  5611  5624 E WProf.db: {"ReceivedChunk": {"receivedTime": 24510.512731, "len": 5559}}
06-28 15:23:55.400  5611  5624 E WProf.db: {"ReceivedChunk": {"receivedTime": 24510.517593, "len": 14387}}
06-28 15:23:55.400  5611  5624 E WProf.db: {"ReceivedChunk": {"receivedTime": 24510.521065, "len": 4627}}
06-28 15:23:55.400  5611  5624 E WProf.db: {"ReceivedChunk": {"receivedTime": 24510.528560, "len": 26970}}
06-28 15:23:55.400  5611  5624 E WProf.db: {"ReceivedChunk": {"receivedTime": 24510.531242, "len": 9179}}
06-28 15:23:55.400  5611  5624 E WProf.db: {"ReceivedChunk": {"receivedTime": 24510.534027, "len": 4110}}
06-28 15:23:55.400  5611  5624 E WProf.db: {"ReceivedChunk": {"receivedTime": 24510.574322, "len": 17714}}
06-28 15:23:55.400  5611  5624 E WProf.db: {"ReceivedChunk": {"receivedTime": 24510.576622, "len": 8491}}
06-28 15:23:55.400  5611  5624 E WProf.db: {"ReceivedChunk": {"receivedTime": 24510.577202, "len": 742}}
06-28 15:23:55.401  5611  5624 E WProf.db: {"Resource": {"id": 34, "url": "https://securepubads.g.doubleclick.net/static/glade.js", "sentTime": -1.000000, "len": 19455, "from": "0xaedd93b0", "mimeType": "text/javascript", "contentLength": -1, "httpStatus": 200, "connId": 401, "connReused": 0, "cached": 0,"requestTime": 24510.755828, "proxyStart": -1, "proxyEnd": -1, "dnsStart": 6, "dnsEnd": 7, "connectStart": 0, "connectEnd": 342, "sendStart": 342, "sendEnd": 342, "receiveHeadersEnd": 442, "sslStart": 70, "sslEnd": 341}}
06-28 15:23:55.401  5611  5624 E WProf.db: {"ReceivedChunk": {"receivedTime": 24511.204154, "len": 5835}}
06-28 15:23:55.401  5611  5624 E WProf.db: {"ReceivedChunk": {"receivedTime": 24511.207089, "len": 13620}}
06-28 15:23:55.401  5611  5624 E WProf.db: {"Resource": {"id": 35, "url": "https://securepubads.g.doubleclick.net/gampad/ads?gdfp_req=1&glade_req=1&glv=25&output=html&iu=%2F1038259%2FSEL-amp-cube&sz=300x250&sfv=1-0-8&correlator=4459875902947328&eid=108809080&adk=2352184609&biw=412&bih=620&adx=56&ady=239&oid=3&u_sd=3.5&ifi=1&is_amp=1&amp_v=1498506512561&nhd=1&url=http%3A%2F", "sentTime": -1.000000, "len": 20185, "from": "0x9d4d1f30", "mimeType": "text/html", "contentLength": -1, "httpStatus": 200, "connId": 401, "connReused": 1, "cached": 0,"requestTime": 24511.270414, "proxyStart": -1, "proxyEnd": -1, "dnsStart": -1, "dnsEnd": -1, "connectStart": 0, "connectEnd": 10, "sendStart": 10, "sendEnd": 11, "receiveHeadersEnd": 128, "sslStart": -1, "sslEnd": -1}}
06-28 15:23:55.401  5611  5624 E WProf.db: {"ReceivedChunk": {"receivedTime": 24511.402693, "len": 3777}}
06-28 15:23:55.401  5611  5624 E WProf.db: {"ReceivedChunk": {"receivedTime": 24511.479743, "len": 11286}}
06-28 15:23:55.401  5611  5624 E WProf.db: {"ReceivedChunk": {"receivedTime": 24511.490689, "len": 5122}}
06-28 15:23:55.401  5611  5624 E WProf.db: {"WprofHTMLTag": {"code": "0xaedd98c0", "doc": "https://securepubads.g.doubleclick.net/gampad/ads?gdfp_req=1&glade_req=1&glv=25&output=html&iu=%2F1038259%2FSEL-amp-cube&sz=300x250&sfv=1-0-8&correlator=4459875902947328&eid=108809080&adk=2352184609&biw=412&bih=620&adx=56&ady=239&oid=3&u_sd=3.5&ifi=1&is_amp=1&amp_v=1498506512561&nhd=1&url=http%3A%2F", "row": 0, "column": 21, "tagName": "html", "time": 24511.495919, "url": "", "pos": 1, "chunkLen": 1, "isStartTag": 1}}
06-28 15:23:55.401  5611  5624 E WProf.db: {"WprofHTMLTag": {"code": "0xaedd9890", "doc": "https://securepubads.g.doubleclick.net/gampad/ads?gdfp_req=1&glade_req=1&glv=25&output=html&iu=%2F1038259%2FSEL-amp-cube&sz=300x250&sfv=1-0-8&correlator=4459875902947328&eid=108809080&adk=2352184609&biw=412&bih=620&adx=56&ady=239&oid=3&u_sd=3.5&ifi=1&is_amp=1&amp_v=1498506512561&nhd=1&url=http%3A%2F", "row": 0, "column": 27, "tagName": "head", "time": 24511.496446, "url": "", "pos": 1, "chunkLen": 1, "isStartTag": 1}}
06-28 15:23:55.401  5611  5624 E WProf.db: {"WprofHTMLTag": {"code": "0xaedd97d0", "doc": "https://securepubads.g.doubleclick.net/gampad/ads?gdfp_req=1&glade_req=1&glv=25&output=html&iu=%2F1038259%2FSEL-amp-cube&sz=300x250&sfv=1-0-8&correlator=4459875902947328&eid=108809080&adk=2352184609&biw=412&bih=620&adx=56&ady=239&oid=3&u_sd=3.5&ifi=1&is_amp=1&amp_v=1498506512561&nhd=1&url=http%3A%2F", "row": 0, "column": 144, "tagName": "meta", "time": 24511.496491, "url": "", "pos": 1, "chunkLen": 1, "isStartTag": 1}}
06-28 15:23:55.401  5611  5624 E WProf.db: {"WprofHTMLTag": {"code": "0xaedd9530", "doc": "https://securepubads.g.doubleclick.net/gampad/ads?gdfp_req=1&glade_req=1&glv=25&output=html&iu=%2F1038259%2FSEL-amp-cube&sz=300x250&sfv=1-0-8&correlator=4459875902947328&eid=108809080&adk=2352184609&biw=412&bih=620&adx=56&ady=239&oid=3&u_sd=3.5&ifi=1&is_amp=1&amp_v=1498506512561&nhd=1&url=http%3A%2F", "row": 0, "column": 152, "tagName": "script", "time": 24511.496709, "url": "", "pos": 1, "chunkLen": 1, "isStartTag": 1}}
06-28 15:23:55.401  5611  5624 E WProf.db: {"WprofHTMLTag": {"code": "0xaedd9860", "doc": "https://securepubads.g.doubleclick.net/gampad/ads?gdfp_req=1&glade_req=1&glv=25&output=html&iu=%2F1038259%2FSEL-amp-cube&sz=300x250&sfv=1-0-8&correlator=4459875902947328&eid=108809080&adk=2352184609&biw=412&bih=620&adx=56&ady=239&oid=3&u_sd=3.5&ifi=1&is_amp=1&amp_v=1498506512561&nhd=1&url=http%3A%2F", "row": 0, "column": 195, "tagName": "script", "time": 24511.497028, "url": "", "pos": 1, "chunkLen": 1, "isStartTag": 0}}
06-28 15:23:55.401  5611  5624 E WProf.db: {"WprofHTMLTag": {"code": "0xaedd8cf0", "doc": "https://securepubads.g.doubleclick.net/gampad/ads?gdfp_req=1&glade_req=1&glv=25&output=html&iu=%2F1038259%2FSEL-amp-cube&sz=300x250&sfv=1-0-8&correlator=4459875902947328&eid=108809080&adk=2352184609&biw=412&bih=620&adx=56&ady=239&oid=3&u_sd=3.5&ifi=1&is_amp=1&amp_v=1498506512561&nhd=1&url=http%3A%2F", "row": 0, "column": 202, "tagName": "style", "time": 24511.498583, "url": "", "pos": 1, "chunkLen": 1, "isStartTag": 1}}
06-28 15:23:55.401  5611  5624 E WProf.db: {"WprofHTMLTag": {"code": "0xaedd9620", "doc": "https://securepubads.g.doubleclick.net/gampad/ads?gdfp_req=1&glade_req=1&glv=25&output=html&iu=%2F1038259%2FSEL-amp-cube&sz=300x250&sfv=1-0-8&correlator=4459875902947328&eid=108809080&adk=2352184609&biw=412&bih=620&adx=56&ady=239&oid=3&u_sd=3.5&ifi=1&is_amp=1&amp_v=1498506512561&nhd=1&url=http%3A%2F", "row": 0, "column": 230, "tagName": "style", "time": 24511.498760, "url": "", "pos": 1, "chunkLen": 1, "isStartTag": 0}}
06-28 15:23:55.402  5611  5624 E WProf.db: {"WprofHTMLTag": {"code": "0x9d4d3970", "doc": "https://securepubads.g.doubleclick.net/gampad/ads?gdfp_req=1&glade_req=1&glv=25&output=html&iu=%2F1038259%2FSEL-amp-cube&sz=300x250&sfv=1-0-8&correlator=4459875902947328&eid=108809080&adk=2352184609&biw=412&bih=620&adx=56&ady=239&oid=3&u_sd=3.5&ifi=1&is_amp=1&amp_v=1498506512561&nhd=1&url=http%3A%2F", "row": 0, "column": 238, "tagName": "script", "time": 24511.500378, "url": "", "pos": 1, "chunkLen": 1, "isStartTag": 1}}
06-28 15:23:55.402  5611  5624 E WProf.db: {"WprofHTMLTag": {"code": "0x9d4d39d0", "doc": "https://securepubads.g.doubleclick.net/gampad/ads?gdfp_req=1&glade_req=1&glv=25&output=html&iu=%2F1038259%2FSEL-amp-cube&sz=300x250&sfv=1-0-8&correlator=4459875902947328&eid=108809080&adk=2352184609&biw=412&bih=620&adx=56&ady=239&oid=3&u_sd=3.5&ifi=1&is_amp=1&amp_v=1498506512561&nhd=1&url=http%3A%2F", "row": 0, "column": 8856, "tagName": "script", "time": 24511.501990, "url": "", "pos": 1, "chunkLen": 1, "isStartTag": 0}}
06-28 15:23:55.402  5611  5624 E WProf.db: {"WprofHTMLTag": {"code": "0x9d4d3a30", "doc": "https://securepubads.g.doubleclick.net/gampad/ads?gdfp_req=1&glade_req=1&glv=25&output=html&iu=%2F1038259%2FSEL-amp-cube&sz=300x250&sfv=1-0-8&correlator=4459875902947328&eid=108809080&adk=2352184609&biw=412&bih=620&adx=56&ady=239&oid=3&u_sd=3.5&ifi=1&is_amp=1&amp_v=1498506512561&nhd=1&url=http%3A%2F", "row": 0, "column": 8863, "tagName": "head", "time": 24511.518380, "url": "", "pos": 1, "chunkLen": 1, "isStartTag": 0}}
06-28 15:23:55.402  5611  5624 E WProf.db: {"WprofHTMLTag": {"code": "0x9d4d3a60", "doc": "https://securepubads.g.doubleclick.net/gampad/ads?gdfp_req=1&glade_req=1&glv=25&output=html&iu=%2F1038259%2FSEL-amp-cube&sz=300x250&sfv=1-0-8&correlator=4459875902947328&eid=108809080&adk=2352184609&biw=412&bih=620&adx=56&ady=239&oid=3&u_sd=3.5&ifi=1&is_amp=1&amp_v=1498506512561&nhd=1&url=http%3A%2F", "row": 0, "column": 8977, "tagName": "body", "time": 24511.518416, "url": "", "pos": 1, "chunkLen": 1, "isStartTag": 1}}
06-28 15:23:55.402  5611  5624 E WProf.db: {"WprofHTMLTag": {"code": "0x9d4d3a90", "doc": "https://securepubads.g.doubleclick.net/gampad/ads?gdfp_req=1&glade_req=1&glv=25&output=html&iu=%2F1038259%2FSEL-amp-cube&sz=300x250&sfv=1-0-8&correlator=4459875902947328&eid=108809080&adk=2352184609&biw=412&bih=620&adx=56&ady=239&oid=3&u_sd=3.5&ifi=1&is_amp=1&amp_v=1498506512561&nhd=1&url=http%3A%2F", "row": 0, "column": 9047, "tagName": "div", "time": 24511.519176, "url": "", "pos": 1, "chunkLen": 1, "isStartTag": 1}}
06-28 15:23:55.402  5611  5624 E WProf.db: {"WprofHTMLTag": {"code": "0x9d4d3a00", "doc": "https://securepubads.g.doubleclick.net/gampad/ads?gdfp_req=1&glade_req=1&glv=25&output=html&iu=%2F1038259%2FSEL-amp-cube&sz=300x250&sfv=1-0-8&correlator=4459875902947328&eid=108809080&adk=2352184609&biw=412&bih=620&adx=56&ady=239&oid=3&u_sd=3.5&ifi=1&is_amp=1&amp_v=1498506512561&nhd=1&url=http%3A%2F", "row": 0, "column": 9055, "tagName": "script", "time": 24511.519462, "url": "", "pos": 1, "chunkLen": 1, "isStartTag": 1}}
06-28 15:23:55.402  5611  5624 E WProf.db: {"WprofHTMLTag": {"code": "0x9d4d3ac0", "doc": "https://securepubads.g.doubleclick.net/gampad/ads?gdfp_req=1&glade_req=1&glv=25&output=html&iu=%2F1038259%2FSEL-amp-cube&sz=300x250&sfv=1-0-8&correlator=4459875902947328&eid=108809080&adk=2352184609&biw=412&bih=620&adx=56&ady=239&oid=3&u_sd=3.5&ifi=1&is_amp=1&amp_v=1498506512561&nhd=1&url=http%3A%2F", "row": 0, "column": 9428, "tagName": "script", "time": 24511.519693, "url": "", "pos": 1, "chunkLen": 1, "isStartTag": 0}}
06-28 15:23:55.402  5611  5624 E WProf.db: {"WprofHTMLTag": {"code": "0x9d4d3af0", "doc": "https://securepubads.g.doubleclick.net/gampad/ads?gdfp_req=1&glade_req=1&glv=25&output=html&iu=%2F1038259%2FSEL-amp-cube&sz=300x250&sfv=1-0-8&correlator=4459875902947328&eid=108809080&adk=2352184609&biw=412&bih=620&adx=56&ady=239&oid=3&u_sd=3.5&ifi=1&is_amp=1&amp_v=1498506512561&nhd=1&url=http%3A%2F", "row": 0, "column": 10008, "tagName": "a", "time": 24511.532179, "url": "", "pos": 1, "chunkLen": 1, "isStartTag": 1}}
06-28 15:23:55.402  5611  5624 E WProf.db: {"WprofHTMLTag": {"code": "0x9d4d3b50", "doc": "https://securepubads.g.doubleclick.net/gampad/ads?gdfp_req=1&glade_req=1&glv=25&output=html&iu=%2F1038259%2FSEL-amp-cube&sz=300x250&sfv=1-0-8&correlator=4459875902947328&eid=108809080&adk=2352184609&biw=412&bih=620&adx=56&ady=239&oid=3&u_sd=3.5&ifi=1&is_amp=1&amp_v=1498506512561&nhd=1&url=http%3A%2F", "row": 0, "column": 10142, "tagName": "img", "time": 24511.532969, "url": "", "pos": 1, "chunkLen": 1, "isStartTag": 1}}
06-28 15:23:55.402  5611  5624 E WProf.db: {"WprofHTMLTag": {"code": "0x9d4d3b20", "doc": "https://securepubads.g.doubleclick.net/gampad/ads?gdfp_req=1&glade_req=1&glv=25&output=html&iu=%2F1038259%2FSEL-amp-cube&sz=300x250&sfv=1-0-8&correlator=4459875902947328&eid=108809080&adk=2352184609&biw=412&bih=620&adx=56&ady=239&oid=3&u_sd=3.5&ifi=1&is_amp=1&amp_v=1498506512561&nhd=1&url=http%3A%2F", "row": 0, "column": 10146, "tagName": "a", "time": 24511.534754, "url": "", "pos": 1, "chunkLen": 1, "isStartTag": 0}}
06-28 15:23:55.402  5611  5624 E WProf.db: {"WprofHTMLTag": {"code": "0x9d4d3b80", "doc": "https://securepubads.g.doubleclick.net/gampad/ads?gdfp_req=1&glade_req=1&glv=25&output=html&iu=%2F1038259%2FSEL-amp-cube&sz=300x250&sfv=1-0-8&correlator=4459875902947328&eid=108809080&adk=2352184609&biw=412&bih=620&adx=56&ady=239&oid=3&u_sd=3.5&ifi=1&is_amp=1&amp_v=1498506512561&nhd=1&url=http%3A%2F", "row": 0, "column": 10152, "tagName": "div", "time": 24511.534779, "url": "", "pos": 1, "chunkLen": 1, "isStartTag": 0}}
