--------- beginning of main
06-28 17:12:59.554  3449  3449 E Finsky  : [1] com.google.android.finsky.wear.bl.a(3): onConnectionFailed: ConnectionResult{statusCode=API_UNAVAILABLE, resolution=null, message=null}
--------- beginning of system
06-28 17:13:00.637 16881 16881 E chromium: [ERROR:shell_integration_android.cc(12)] Not implemented reached in static ShellIntegration::DefaultWebClientSetPermission ShellIntegration::CanSetAsDefaultBrowser()
06-28 17:13:00.641 16881 16881 E chromium: [ERROR:browser_process_impl.cc(720)] Not implemented reached in virtual BackgroundModeManager* BrowserProcessImpl::background_mode_manager()
06-28 17:13:03.410 16881 16928 E chromium: [ERROR:gles2_cmd_decoder.cc(3852)] [.ChromiumCompositor-0xacbb2fc0]GL ERROR :GL_INVALID_ENUM : glDiscardFramebufferEXT: attachments was GL_COLOR_EXT
06-28 17:13:03.696 16949 16962 E WPROF   : {"CSS": {"url": "http://searchengineland.com/figz/wp-content/themes/searchengineland/css/searchengineland-bootstrap.css", "requestTime": 31060.751651}}
06-28 17:13:03.696 16949 16962 E WPROF   : {"CSS": {"url": "http://fonts.googleapis.com/css?family=Oswald:300,400,700", "requestTime": 31060.752180}}
06-28 17:13:03.697 16949 16962 E WPROF   : {"CSS": {"url": "http://searchengineland.com/figz/wp-content/themes/searchengineland/style.css", "requestTime": 31060.752679}}
06-28 17:13:03.702 16949 16962 E WPROF   : {"Javascript": {"url": "http://searchengineland.com/figz/wp-content/themes/searchengineland/js/lib/modernizr.custom.js?ver=1.0", "requestTime": 31060.757255}}
06-28 17:13:03.702 16949 16962 E WPROF   : {"Javascript": {"url": "http://searchengineland.com/figz/wp-content/themes/searchengineland/js/lib/jquery-1.11.0.min.js?ver=1.11.0", "requestTime": 31060.757648}}
06-28 17:13:03.702 16949 16962 E WPROF   : {"Javascript": {"url": "http://searchengineland.com/figz/wp-content/themes/searchengineland/js/lib/jquery-ui-1.10.3.custom.min.js?ver=1.10.3", "requestTime": 31060.757980}}
06-28 17:13:03.703 16949 16962 E WPROF   : {"Javascript": {"url": "http://searchengineland.com/figz/wp-content/themes/searchengineland/js/lib/jquery.ba-throttle-debounce.min.js?ver=1.1", "requestTime": 31060.758275}}
06-28 17:13:03.703 16949 16962 E WPROF   : {"Javascript": {"url": "http://searchengineland.com/figz/wp-content/themes/searchengineland/js/lib/jquery.countdown.min.js?ver=2.0.4", "requestTime": 31060.758606}}
06-28 17:13:03.703 16949 16962 E WPROF   : {"Javascript": {"url": "http://static.chartbeat.com/js/chartbeat_mab.js", "requestTime": 31060.759150}}
06-28 17:13:04.291 16949 16962 E WPROF   : {"Javascript": {"url": "http://searchengineland.com/figz/wp-includes/js/wp-emoji-release.min.js?ver=4.7.5", "requestTime": 31061.347175}}
06-28 17:13:04.722 16949 16962 E WPROF   : {"Javascript": {"url": "http://www.googletagservices.com/tag/js/gpt.js", "requestTime": 31061.778080}}
06-28 17:13:04.728 16949 16962 E WPROF   : {"Javascript": {"url": "https://www.google-analytics.com/analytics.js", "requestTime": 31061.784171}}
06-28 17:13:04.732 16949 16962 E WPROF   : {"Javascript": {"url": "http://edge.quantserve.com/quant.js", "requestTime": 31061.787628}}
06-28 17:13:04.734 16949 16962 E WPROF   : {"Javascript": {"url": "https://connect.facebook.net/en_US/fbevents.js", "requestTime": 31061.789561}}
06-28 17:13:04.816 16949 16962 E WPROF   : {"Javascript": {"url": "http://app-sj02.marketo.com/js/forms2/js/forms2.min.js", "requestTime": 31061.871666}}
06-28 17:13:04.838 16881 16928 E chromium: [ERROR:gles2_cmd_decoder.cc(3852)] [.ChromiumCompositor-0xacbb2fc0]GL ERROR :GL_INVALID_ENUM : glDiscardFramebufferEXT: attachments was GL_COLOR_EXT
06-28 17:13:04.906 16881 16928 E chromium: [ERROR:gles2_cmd_decoder.cc(3852)] [.ChromiumCompositor-0xacbb2fc0]GL ERROR :GL_INVALID_ENUM : glDiscardFramebufferEXT: attachments was GL_COLOR_EXT
06-28 17:13:04.956 16949 16962 E WPROF   : {"Javascript": {"url": "https://connect.facebook.net/signals/config/423979991297359?v=2.7.17", "requestTime": 31062.012204}}
06-28 17:13:04.964 16949 16962 E WPROF   : {"Javascript": {"url": "https://securepubads.g.doubleclick.net/gpt/pubads_impl_121.js", "requestTime": 31062.019405}}
06-28 17:13:05.205 16949 16962 E WPROF   : {"Javascript": {"url": "http://app-sj02.marketo.com/index.php/form/getForm?munchkinId=727-ZQE-044&form=5691&url=http%3A%2F%2Fsearchengineland.com%2Fvoice-search-becomes-voice-action-key-talking-point-smx-london-276186&callback=jQuery110205328245470300317_1498637585142&_=1498637585143", "requestTime": 31062.261030}}
06-28 17:13:05.228 16949 16962 E WPROF   : {"Javascript": {"url": "http://app-sj02.marketo.com/index.php/form/getForm?munchkinId=727-ZQE-044&form=5685&url=http%3A%2F%2Fsearchengineland.com%2Fvoice-search-becomes-voice-action-key-talking-point-smx-london-276186&callback=jQuery110205328245470300317_1498637585144&_=1498637585145", "requestTime": 31062.284099}}
06-28 17:13:05.471 16949 16962 E WPROF   : {"Javascript": {"url": "http://app-sj02.marketo.com/index.php/form/getForm?munchkinId=727-ZQE-044&form=5673&url=http%3A%2F%2Fsearchengineland.com%2Fvoice-search-becomes-voice-action-key-talking-point-smx-london-276186&callback=jQuery110205328245470300317_1498637585146&_=1498637585147", "requestTime": 31062.526867}}
06-28 17:13:05.487 16949 16962 E WPROF   : {"Javascript": {"url": "http://searchengineland.com/js/ga_social_tracking.js", "requestTime": 31062.542529}}
06-28 17:13:05.488 16949 16962 E WPROF   : {"Javascript": {"url": "http://s7.addthis.com/js/300/addthis_widget.js#pubid=ra-53e918f660794f37", "requestTime": 31062.544106}}
06-28 17:13:05.554 16881 16928 E chromium: [ERROR:gles2_cmd_decoder.cc(3852)] [.ChromiumCompositor-0xacbb2fc0]GL ERROR :GL_INVALID_ENUM : glDiscardFramebufferEXT: attachments was GL_COLOR_EXT
06-28 17:13:05.748 16881 16928 E chromium: [ERROR:gles2_cmd_decoder.cc(3852)] [.ChromiumCompositor-0xacbb2fc0]GL ERROR :GL_INVALID_ENUM : glDiscardFramebufferEXT: attachments was GL_COLOR_EXT
06-28 17:13:06.166 16949 16962 E WPROF   : {"Javascript": {"url": "https://securepubads.g.doubleclick.net/gampad/ads?gdfp_req=1&correlator=2341533373169664&output=json_html&callback=googletag.impl.pubads.callbackProxy1&impl=fifs&json_a=1&eid=108809080%2C108809103%2C21060014%2C21060302&sc=0&sfv=1-0-9&iu_parts=1038259%2Csel-ciu-1%2Csel-ciu-2%2Csel-ciu-3%2Csel-ciu-4%2", "requestTime": 31063.220896}}
06-28 17:13:06.733 16949 16962 E WPROF   : {"Javascript": {"url": "http://platform.twitter.com/widgets.js", "requestTime": 31063.788804}}
06-28 17:13:06.736 16949 16962 E WPROF   : {"Javascript": {"url": "http://connect.facebook.net/en_US/sdk.js", "requestTime": 31063.791554}}
06-28 17:13:06.739 16949 16962 E WPROF   : {"Javascript": {"url": "https://apis.google.com/js/platform.js", "requestTime": 31063.794246}}
06-28 17:13:06.758 16949 16962 E WPROF   : {"Javascript": {"url": "http://rules.quantcount.com/rules-p-5aGizvD82d9hk.js", "requestTime": 31063.813962}}
06-28 17:13:06.761 16949 16962 E WPROF   : {"Javascript": {"url": "http://munchkin.marketo.net/munchkin.js", "requestTime": 31063.817095}}
06-28 17:13:06.871 16881 16928 E chromium: [ERROR:gles2_cmd_decoder.cc(3852)] [.ChromiumCompositor-0xacbb2fc0]GL ERROR :GL_INVALID_ENUM : glDiscardFramebufferEXT: attachments was GL_COLOR_EXT
06-28 17:13:06.916 16949 16962 E WPROF   : {"Javascript": {"url": "https://static.xx.fbcdn.net/rsrc.php/v3iy6L4/yF/l/ko_KR/w3AiswiqjrJ.js", "requestTime": 31063.971760}}
06-28 17:13:07.119 16949 16962 E WPROF   : {"Javascript": {"url": "http://cdn.api.twitter.com/1/users/show.json?screen_name=AndreasReiffen&callback=twttr.setFollowersCount", "requestTime": 31064.174914}}
06-28 17:13:07.136 16949 16962 E WPROF   : {"Javascript": {"url": "http://d2j3qa5nc37287.cloudfront.net/coupon_code1.js", "requestTime": 31064.191425}}
06-28 17:13:07.191 16949 16962 E WPROF   : {"Javascript": {"url": "http://www.googleadservices.com/pagead/conversion.js", "requestTime": 31064.246559}}
06-28 17:13:07.192 16949 16962 E WPROF   : {"Javascript": {"url": "http://searchengineland.com/figz/wp-content/themes/searchengineland/js/script.js?ver=1.0", "requestTime": 31064.247281}}
06-28 17:13:07.192 16949 16962 E WPROF   : {"Javascript": {"url": "http://searchengineland.com/figz/wp-includes/js/wp-embed.min.js?ver=4.7.5", "requestTime": 31064.247700}}
06-28 17:13:07.192 16949 16962 E WPROF   : {"Javascript": {"url": "http://searchengineland.com/figz/wp-content/themes/searchengineland/js/modules/sharing_controls.js", "requestTime": 31064.248094}}
06-28 17:13:07.207 16881 16928 E chromium: [ERROR:gles2_cmd_decoder.cc(3852)] [.ChromiumCompositor-0xacbb2fc0]GL ERROR :GL_INVALID_ENUM : glDiscardFramebufferEXT: attachments was GL_COLOR_EXT
06-28 17:13:07.283 16949 16962 E WPROF   : {"CSS": {"url": "https://www.youtube.com/yts/cssbin/www-embed-player-sprite-mode-vfl5G4Xm8.css", "requestTime": 31064.338570}}
06-28 17:13:07.285 16949 16962 E WPROF   : {"Javascript": {"url": "https://www.youtube.com/yts/jsbin/www-embed-player-vfl_UY_j8/www-embed-player.js", "requestTime": 31064.340719}}
06-28 17:13:07.286 16949 16962 E WPROF   : {"Javascript": {"url": "https://www.youtube.com/yts/jsbin/player-vflo1w4O-/ko_KR/base.js", "requestTime": 31064.341778}}
06-28 17:13:07.477 16881 16928 E chromium: [ERROR:gles2_cmd_decoder.cc(3852)] [.ChromiumCompositor-0xacbb2fc0]GL ERROR :GL_INVALID_ENUM : glDiscardFramebufferEXT: attachments was GL_COLOR_EXT
06-28 17:13:07.483 16949 16962 E WPROF   : {"Javascript": {"url": "http://dnn506yrbagrg.cloudfront.net/pages/scripts/0026/4062.js?416288", "requestTime": 31064.538989}}
06-28 17:13:08.455 16949 16962 E WPROF   : {"Javascript": {"url": "http://m.addthisedge.com/live/boost/ra-53e918f660794f37/_ate.track.config_resp", "requestTime": 31065.510360}}
06-28 17:13:08.508 16949 16962 E WPROF   : {"Javascript": {"url": "http://m.addthis.com/live/red_lojson/300lo.json?si=59536512d24c133f&bkl=0&bl=1&pdt=2174&sid=59536512d24c133f&pub=ra-53e918f660794f37&rev=v7.15.4-wp&ln=ko&pc=men&cb=0&ab=-&dp=searchengineland.com&fp=voice-search-becomes-voice-action-key-talking-point-smx-london-276186&fr=&of=0&pd=0&irt=0&vcl=0&md=0&c", "requestTime": 31065.563318}}
06-28 17:13:08.785 16881 16928 E chromium: [ERROR:gles2_cmd_decoder.cc(3852)] [.ChromiumCompositor-0xacbb2fc0]GL ERROR :GL_INVALID_ENUM : glDiscardFramebufferEXT: attachments was GL_COLOR_EXT
06-28 17:13:08.984 16949 16962 E WPROF   : {"CSS": {"url": "http://app-sj02.marketo.com/js/forms2/css/forms2.css", "requestTime": 31066.039792}}
06-28 17:13:08.986 16949 16962 E WPROF   : {"CSS": {"url": "http://app-sj02.marketo.com/js/forms2/css/forms2-theme-simple.css", "requestTime": 31066.042207}}
06-28 17:13:09.124 16949 16962 E WPROF   : {"Javascript": {"url": "https://tpc.googlesyndication.com/pagead/js/r20170619/r20110914/client/ext/m_window_focus_non_hydra.js", "requestTime": 31066.179812}}
06-28 17:13:09.126 16949 16962 E WPROF   : {"Javascript": {"url": "https://tpc.googlesyndication.com/pagead/js/r20170619/r20110914/activeview/osd_listener.js", "requestTime": 31066.181676}}
06-28 17:13:09.130 16949 16962 E WPROF   : {"Javascript": {"url": "http://pagead2.googlesyndication.com/pagead/osd.js", "requestTime": 31066.185757}}
06-28 17:13:09.205 16949 16962 E WPROF   : {"Javascript": {"url": "http://munchkin.marketo.net/151/munchkin.js", "requestTime": 31066.260696}}
06-28 17:13:09.391 16949 16962 E WPROF   : {"Javascript": {"url": "https://platform.twitter.com/js/button.b731e6c82269f70f6fc53634e044a4c6.js", "requestTime": 31066.446664}}
06-28 17:13:09.397 16949 16962 E WPROF   : {"Javascript": {"url": "http://www.justuno.com/ajax/account_version_check.html?id=828FA275-FF73-401E-AA39-40F5A6FAB6B1", "requestTime": 31066.453003}}
06-28 17:13:09.627 16949 16962 E WPROF   : {"Javascript": {"url": "http://s7.addthis.com/static/layers.4acb6c577b51939661ec.js", "requestTime": 31066.683039}}
06-28 17:13:10.550 16949 16962 E WPROF   : {"Javascript": {"url": "https://www.google.com/js/bg/KWBfAnWFESAEEaKKgdYlTHY9ysQaNoQuzeMFqvxDSM8.js", "requestTime": 31067.605392}}
06-28 17:13:10.552 16949 16962 E WPROF   : {"Javascript": {"url": "https://static.doubleclick.net/instream/ad_status.js", "requestTime": 31067.607486}}
06-28 17:13:10.750 16881 16928 E chromium: [ERROR:gles2_cmd_decoder.cc(3852)] [.ChromiumCompositor-0xacbb2fc0]GL ERROR :GL_INVALID_ENUM : glDiscardFramebufferEXT: attachments was GL_COLOR_EXT
06-28 17:13:11.171 16881 16928 E chromium: [ERROR:gles2_cmd_decoder.cc(3852)] [.ChromiumCompositor-0xacbb2fc0]GL ERROR :GL_INVALID_ENUM : glDiscardFramebufferEXT: attachments was GL_COLOR_EXT
06-28 17:13:11.883 16949 16962 E WPROF   : {"Javascript": {"url": "https://public.slidesharecdn.com/b/ss_foundation/combined_jquery.js?8035b8a944", "requestTime": 31068.939007}}
06-28 17:13:11.884 16949 16962 E WPROF   : {"Javascript": {"url": "https://public.slidesharecdn.com/b/javascripts/global.js?ffe60a3c33", "requestTime": 31068.939785}}
06-28 17:13:11.885 16949 16962 E WPROF   : {"Javascript": {"url": "https://public.slidesharecdn.com/b/ss_foundation/combined_li_tracking.js?3420eb95b0", "requestTime": 31068.940334}}
06-28 17:13:11.885 16949 16962 E WPROF   : {"CSS": {"url": "https://public.slidesharecdn.com/b/stylesheets/font-awesome.css?25a011b547", "requestTime": 31068.940792}}
06-28 17:13:11.885 16949 16962 E WPROF   : {"CSS": {"url": "https://public.slidesharecdn.com/b/stylesheets/ssplayer/combined_presentation.css?53936dc68e", "requestTime": 31068.941177}}
06-28 17:13:11.886 16949 16962 E WPROF   : {"Javascript": {"url": "https://public.slidesharecdn.com/b/ss_foundation/combined_player_presentation.js?b2ef1e6d2b", "requestTime": 31068.941574}}
06-28 17:13:12.229 16881 16928 E chromium: [ERROR:gles2_cmd_decoder.cc(3852)] [.ChromiumCompositor-0xacbb2fc0]GL ERROR :GL_INVALID_ENUM : glDiscardFramebufferEXT: attachments was GL_COLOR_EXT
06-28 17:13:12.344 16949 16962 E WPROF   : {"Javascript": {"url": "https://public.slidesharecdn.com/b/javascripts/rum/combined_base.js?f14b451c58", "requestTime": 31069.399417}}
06-28 17:13:12.405 16949 16962 E WPROF   : {"Javascript": {"url": "https://ssl.google-analytics.com/ga.js", "requestTime": 31069.460943}}
06-28 17:13:12.406 16949 16962 E WPROF   : {"Javascript": {"url": "https://sb.scorecardresearch.com/beacon.js", "requestTime": 31069.461639}}
06-28 17:13:12.425 16949 16962 E WPROF   : {"CSS": {"url": "https://public.slidesharecdn.com/b/stylesheets/ssplayer/combined_presentation.css?53936dc68e", "requestTime": 31069.480057}}
06-28 17:13:12.517 16949 16962 E WPROF   : {"Javascript": {"url": "https://public.slidesharecdn.com/b/ss_foundation/combined_old_embed.js?0ae90119d1", "requestTime": 31069.572761}}
06-28 17:13:12.798 16881 16928 E chromium: [ERROR:gles2_cmd_decoder.cc(3852)] [.ChromiumCompositor-0xacbb2fc0]GL ERROR :GL_INVALID_ENUM : glDiscardFramebufferEXT: attachments was GL_COLOR_EXT
06-28 17:13:13.267 16881 16928 E chromium: [ERROR:gles2_cmd_decoder.cc(3852)] [.ChromiumCompositor-0xacbb2fc0]GL ERROR :GL_INVALID_ENUM : glDiscardFramebufferEXT: attachments was GL_COLOR_EXT
06-28 17:13:15.047 16949 16962 E WPROF   : {"Javascript": {"url": "http://cdn.justuno.com/mwgt_3.6.js", "requestTime": 31072.102808}}
06-28 17:13:15.405 16881 16928 E chromium: [ERROR:gles2_cmd_decoder.cc(3852)] [.ChromiumCompositor-0xacbb2fc0]GL ERROR :GL_INVALID_ENUM : glDiscardFramebufferEXT: attachments was GL_COLOR_EXT
06-28 17:13:15.535 16881 16928 E chromium: [ERROR:gles2_cmd_decoder.cc(3852)] [.ChromiumCompositor-0xacbb2fc0]GL ERROR :GL_INVALID_ENUM : glDiscardFramebufferEXT: attachments was GL_COLOR_EXT
06-28 17:13:15.685 16881 16928 E chromium: [ERROR:gles2_cmd_decoder.cc(3852)] [.ChromiumCompositor-0xacbb2fc0]GL ERROR :GL_INVALID_ENUM : glDiscardFramebufferEXT: attachments was GL_COLOR_EXT
06-28 17:13:15.720 16881 16928 E chromium: [ERROR:gles2_cmd_decoder.cc(3852)] [.ChromiumCompositor-0xacbb2fc0]GL ERROR :GL_INVALID_ENUM : glDiscardFramebufferEXT: attachments was GL_COLOR_EXT
06-28 17:13:16.280 16949 16962 E WPROF   : {"Javascript": {"url": "http://static.chartbeat.com/js/chartbeat.js", "requestTime": 31073.335578}}
06-28 17:13:16.493 16881 16928 E chromium: [ERROR:gles2_cmd_decoder.cc(3852)] [.ChromiumCompositor-0xacbb2fc0]GL ERROR :GL_INVALID_ENUM : glDiscardFramebufferEXT: attachments was GL_COLOR_EXT
06-28 17:13:17.213 16881 16928 E chromium: [ERROR:gles2_cmd_decoder.cc(3852)] [.ChromiumCompositor-0xacbb2fc0]GL ERROR :GL_INVALID_ENUM : glDiscardFramebufferEXT: attachments was GL_COLOR_EXT
06-28 17:13:17.254 16949 16962 E WPROF   : {"Javascript": {"url": "https://cdn.syndication.twimg.com/widgets/followbutton/info.json?callback=__twttr.setFollowersCountAndFollowing&lang=en&screen_names=sengineland", "requestTime": 31074.310176}}
06-28 17:13:17.585 16949 16962 E WPROF   : {"Javascript": {"url": "https://app-sj02.marketo.com/js/forms2/js/forms2.min.js", "requestTime": 31074.640710}}
06-28 17:13:17.620 16881 16928 E chromium: [ERROR:gles2_cmd_decoder.cc(3852)] [.ChromiumCompositor-0xacbb2fc0]GL ERROR :GL_INVALID_ENUM : glDiscardFramebufferEXT: attachments was GL_COLOR_EXT
06-28 17:13:18.394 16881 16928 E chromium: [ERROR:gles2_cmd_decoder.cc(3852)] [.ChromiumCompositor-0xacbb2fc0]GL ERROR :GL_INVALID_ENUM : glDiscardFramebufferEXT: attachments was GL_COLOR_EXT
06-28 17:13:18.442 16881 16928 E chromium: [ERROR:gles2_cmd_decoder.cc(3852)] [.ChromiumCompositor-0xacbb2fc0]GL ERROR :GL_INVALID_ENUM : glDiscardFramebufferEXT: attachments was GL_COLOR_EXT
06-28 17:13:19.375 16949 16962 E WPROF   : {"Javascript": {"url": "http://www.justuno.com/ajax/account_config_3.6.html?id=828FA275-FF73-401E-AA39-40F5A6FAB6B1&p=0&cm=0&sid=&lg=ko&callback=jsonCallback&genhash=f2419ce9ed593503d25c1ba7dd3cdf8a&device_static_hash=c578e9b1446403e1d74bfe3c92041964&rtc_hash=&guid=&ju_errors=&time=648&camefrom=&thisurl=http%3A%2F%2Fsearch", "requestTime": 31076.430595}}
