06-28 13:11:03.636 24756 24803 E chromium: [ERROR:gles2_cmd_decoder.cc(3852)] [.ChromiumCompositor-0xacbb2fc0]GL ERROR :GL_INVALID_ENUM : glDiscardFramebufferEXT: attachments was GL_COLOR_EXT
06-28 13:11:03.647 24756 24803 E chromium: [ERROR:gles2_cmd_decoder.cc(3852)] [.ChromiumCompositor-0xacbb2fc0]GL ERROR :GL_INVALID_ENUM : glDiscardFramebufferEXT: attachments was GL_COLOR_EXT
06-28 13:11:03.662 24756 24803 E chromium: [ERROR:gles2_cmd_decoder.cc(3852)] [.ChromiumCompositor-0xacbb2fc0]GL ERROR :GL_INVALID_ENUM : glDiscardFramebufferEXT: attachments was GL_COLOR_EXT
06-28 13:11:03.682 24756 24803 E chromium: [ERROR:gles2_cmd_decoder.cc(3852)] [.ChromiumCompositor-0xacbb2fc0]GL ERROR :GL_INVALID_ENUM : glDiscardFramebufferEXT: attachments was GL_COLOR_EXT
06-28 13:11:03.696 24756 24803 E chromium: [ERROR:gles2_cmd_decoder.cc(3852)] [.ChromiumCompositor-0xacbb2fc0]GL ERROR :GL_INVALID_ENUM : glDiscardFramebufferEXT: attachments was GL_COLOR_EXT
06-28 13:11:03.714 24756 24803 E chromium: [ERROR:gles2_cmd_decoder.cc(3852)] [.ChromiumCompositor-0xacbb2fc0]GL ERROR :GL_INVALID_ENUM : glDiscardFramebufferEXT: attachments was GL_COLOR_EXT
06-28 13:11:03.730 24756 24803 E chromium: [ERROR:gles2_cmd_decoder.cc(3852)] [.ChromiumCompositor-0xacbb2fc0]GL ERROR :GL_INVALID_ENUM : glDiscardFramebufferEXT: attachments was GL_COLOR_EXT
06-28 13:11:03.746 24756 24803 E chromium: [ERROR:gles2_cmd_decoder.cc(3852)] [.ChromiumCompositor-0xacbb2fc0]GL ERROR :GL_INVALID_ENUM : glDiscardFramebufferEXT: attachments was GL_COLOR_EXT
06-28 13:11:03.770 24756 24803 E chromium: [ERROR:gles2_cmd_decoder.cc(3852)] [.ChromiumCompositor-0xacbb2fc0]GL ERROR :GL_INVALID_ENUM : glDiscardFramebufferEXT: attachments was GL_COLOR_EXT
06-28 13:11:03.779 24756 24803 E chromium: [ERROR:gles2_cmd_decoder.cc(3852)] [.ChromiumCompositor-0xacbb2fc0]GL ERROR :GL_INVALID_ENUM : glDiscardFramebufferEXT: attachments was GL_COLOR_EXT
06-28 13:11:03.796 24756 24803 E chromium: [ERROR:gles2_cmd_decoder.cc(3852)] [.ChromiumCompositor-0xacbb2fc0]GL ERROR :GL_INVALID_ENUM : glDiscardFramebufferEXT: attachments was GL_COLOR_EXT
06-28 13:11:03.815 24756 24803 E chromium: [ERROR:gles2_cmd_decoder.cc(3852)] [.ChromiumCompositor-0xacbb2fc0]GL ERROR :GL_INVALID_ENUM : glDiscardFramebufferEXT: attachments was GL_COLOR_EXT
06-28 13:11:03.830 24756 24803 E chromium: [ERROR:gles2_cmd_decoder.cc(3852)] [.ChromiumCompositor-0xacbb2fc0]GL ERROR :GL_INVALID_ENUM : glDiscardFramebufferEXT: attachments was GL_COLOR_EXT
06-28 13:11:03.849 24756 24803 E chromium: [ERROR:gles2_cmd_decoder.cc(3852)] [.ChromiumCompositor-0xacbb2fc0]GL ERROR :GL_INVALID_ENUM : glDiscardFramebufferEXT: attachments was GL_COLOR_EXT
06-28 13:11:03.865 24756 24803 E chromium: [ERROR:gles2_cmd_decoder.cc(3852)] [.ChromiumCompositor-0xacbb2fc0]GL ERROR :GL_INVALID_ENUM : glDiscardFramebufferEXT: attachments was GL_COLOR_EXT
06-28 13:11:03.879 24756 24803 E chromium: [ERROR:gles2_cmd_decoder.cc(3852)] [.ChromiumCompositor-0xacbb2fc0]GL ERROR :GL_INVALID_ENUM : glDiscardFramebufferEXT: attachments was GL_COLOR_EXT
06-28 13:11:03.896 24756 24803 E chromium: [ERROR:gles2_cmd_decoder.cc(3852)] [.ChromiumCompositor-0xacbb2fc0]GL ERROR :GL_INVALID_ENUM : glDiscardFramebufferEXT: attachments was GL_COLOR_EXT
06-28 13:11:03.915 24756 24803 E chromium: [ERROR:gles2_cmd_decoder.cc(3852)] [.ChromiumCompositor-0xacbb2fc0]GL ERROR :GL_INVALID_ENUM : glDiscardFramebufferEXT: attachments was GL_COLOR_EXT
06-28 13:11:03.934 24756 24803 E chromium: [ERROR:gles2_cmd_decoder.cc(3852)] [.ChromiumCompositor-0xacbb2fc0]GL ERROR :GL_INVALID_ENUM : glDiscardFramebufferEXT: attachments was GL_COLOR_EXT
06-28 13:11:03.953 24756 24803 E chromium: [ERROR:gles2_cmd_decoder.cc(3852)] [.ChromiumCompositor-0xacbb2fc0]GL ERROR :GL_INVALID_ENUM : glDiscardFramebufferEXT: attachments was GL_COLOR_EXT
06-28 13:11:03.968 24756 24803 E chromium: [ERROR:gles2_cmd_decoder.cc(3852)] [.ChromiumCompositor-0xacbb2fc0]GL ERROR :GL_INVALID_ENUM : glDiscardFramebufferEXT: attachments was GL_COLOR_EXT
06-28 13:11:03.981 24756 24803 E chromium: [ERROR:gles2_cmd_decoder.cc(3852)] [.ChromiumCompositor-0xacbb2fc0]GL ERROR :GL_INVALID_ENUM : glDiscardFramebufferEXT: attachments was GL_COLOR_EXT
06-28 13:11:04.002 24756 24803 E chromium: [ERROR:gles2_cmd_decoder.cc(3852)] [.ChromiumCompositor-0xacbb2fc0]GL ERROR :GL_INVALID_ENUM : glDiscardFramebufferEXT: attachments was GL_COLOR_EXT
06-28 13:11:04.021 24756 24803 E chromium: [ERROR:gles2_cmd_decoder.cc(3852)] [.ChromiumCompositor-0xacbb2fc0]GL ERROR :GL_INVALID_ENUM : glDiscardFramebufferEXT: attachments was GL_COLOR_EXT
06-28 13:11:04.033 24756 24803 E chromium: [ERROR:gles2_cmd_decoder.cc(3852)] [.ChromiumCompositor-0xacbb2fc0]GL ERROR :GL_INVALID_ENUM : glDiscardFramebufferEXT: attachments was GL_COLOR_EXT
06-28 13:11:04.045 24756 24803 E chromium: [ERROR:gles2_cmd_decoder.cc(3852)] [.ChromiumCompositor-0xacbb2fc0]GL ERROR :GL_INVALID_ENUM : glDiscardFramebufferEXT: attachments was GL_COLOR_EXT
06-28 13:11:04.062 24756 24803 E chromium: [ERROR:gles2_cmd_decoder.cc(3852)] [.ChromiumCompositor-0xacbb2fc0]GL ERROR :GL_INVALID_ENUM : glDiscardFramebufferEXT: attachments was GL_COLOR_EXT
06-28 13:11:04.106 24756 24803 E chromium: [ERROR:gles2_cmd_decoder.cc(3852)] [.ChromiumCompositor-0xacbb2fc0]GL ERROR :GL_INVALID_ENUM : glDiscardFramebufferEXT: attachments was GL_COLOR_EXT
06-28 13:11:04.118 24756 24803 E chromium: [ERROR:gles2_cmd_decoder.cc(3852)] [.ChromiumCompositor-0xacbb2fc0]GL ERROR :GL_INVALID_ENUM : glDiscardFramebufferEXT: attachments was GL_COLOR_EXT
06-28 13:11:04.133 24756 24803 E chromium: [ERROR:gles2_cmd_decoder.cc(3852)] [.ChromiumCompositor-0xacbb2fc0]GL ERROR :GL_INVALID_ENUM : glDiscardFramebufferEXT: attachments was GL_COLOR_EXT
06-28 13:11:04.152 24756 24803 E chromium: [ERROR:gles2_cmd_decoder.cc(3852)] [.ChromiumCompositor-0xacbb2fc0]GL ERROR :GL_INVALID_ENUM : glDiscardFramebufferEXT: attachments was GL_COLOR_EXT
06-28 13:11:04.166 24756 24803 E chromium: [ERROR:gles2_cmd_decoder.cc(3852)] [.ChromiumCompositor-0xacbb2fc0]GL ERROR :GL_INVALID_ENUM : glDiscardFramebufferEXT: attachments was GL_COLOR_EXT
06-28 13:11:04.183 24756 24803 E chromium: [ERROR:gles2_cmd_decoder.cc(3852)] [.ChromiumCompositor-0xacbb2fc0]GL ERROR :GL_INVALID_ENUM : glDiscardFramebufferEXT: attachments was GL_COLOR_EXT
06-28 13:11:04.200 24756 24803 E chromium: [ERROR:gles2_cmd_decoder.cc(3852)] [.ChromiumCompositor-0xacbb2fc0]GL ERROR :GL_INVALID_ENUM : glDiscardFramebufferEXT: attachments was GL_COLOR_EXT
06-28 13:11:04.217 24756 24803 E chromium: [ERROR:gles2_cmd_decoder.cc(3852)] [.ChromiumCompositor-0xacbb2fc0]GL ERROR :GL_INVALID_ENUM : glDiscardFramebufferEXT: attachments was GL_COLOR_EXT
06-28 13:11:04.237 24756 24803 E chromium: [ERROR:gles2_cmd_decoder.cc(3852)] [.ChromiumCompositor-0xacbb2fc0]GL ERROR :GL_INVALID_ENUM : glDiscardFramebufferEXT: attachments was GL_COLOR_EXT
06-28 13:11:04.257 24756 24803 E chromium: [ERROR:gles2_cmd_decoder.cc(3852)] [.ChromiumCompositor-0xacbb2fc0]GL ERROR :GL_INVALID_ENUM : glDiscardFramebufferEXT: attachments was GL_COLOR_EXT
06-28 13:11:04.271 24756 24803 E chromium: [ERROR:gles2_cmd_decoder.cc(3852)] [.ChromiumCompositor-0xacbb2fc0]GL ERROR :GL_INVALID_ENUM : glDiscardFramebufferEXT: attachments was GL_COLOR_EXT
06-28 13:11:04.284 24756 24803 E chromium: [ERROR:gles2_cmd_decoder.cc(3852)] [.ChromiumCompositor-0xacbb2fc0]GL ERROR :GL_INVALID_ENUM : glDiscardFramebufferEXT: attachments was GL_COLOR_EXT
06-28 13:11:04.287 24826 24839 E WPROF   : {"Javascript": {"url": "https://3p.ampproject.net/1498506512561/f.js", "requestTime": 16541.342908}}
06-28 13:11:04.304 24756 24803 E chromium: [ERROR:gles2_cmd_decoder.cc(3852)] [.ChromiumCompositor-0xacbb2fc0]GL ERROR :GL_INVALID_ENUM : glDiscardFramebufferEXT: attachments was GL_COLOR_EXT
06-28 13:11:04.314 24756 24803 E chromium: [ERROR:gles2_cmd_decoder.cc(3852)] [.ChromiumCompositor-0xacbb2fc0]GL ERROR :GL_INVALID_ENUM : glDiscardFramebufferEXT: attachments was GL_COLOR_EXT
06-28 13:11:04.332 24756 24803 E chromium: [ERROR:gles2_cmd_decoder.cc(3852)] [.ChromiumCompositor-0xacbb2fc0]GL ERROR :GL_INVALID_ENUM : glDiscardFramebufferEXT: attachments was GL_COLOR_EXT
06-28 13:11:04.350 24756 24803 E chromium: [ERROR:gles2_cmd_decoder.cc(3852)] [.ChromiumCompositor-0xacbb2fc0]GL ERROR :GL_INVALID_ENUM : glDiscardFramebufferEXT: attachments was GL_COLOR_EXT
06-28 13:11:04.367 24756 24803 E chromium: [ERROR:gles2_cmd_decoder.cc(3852)] [.ChromiumCompositor-0xacbb2fc0]GL ERROR :GL_INVALID_ENUM : glDiscardFramebufferEXT: attachments was GL_COLOR_EXT
06-28 13:11:04.385 24756 24803 E chromium: [ERROR:gles2_cmd_decoder.cc(3852)] [.ChromiumCompositor-0xacbb2fc0]GL ERROR :GL_INVALID_ENUM : glDiscardFramebufferEXT: attachments was GL_COLOR_EXT
06-28 13:11:04.402 24756 24803 E chromium: [ERROR:gles2_cmd_decoder.cc(3852)] [.ChromiumCompositor-0xacbb2fc0]GL ERROR :GL_INVALID_ENUM : glDiscardFramebufferEXT: attachments was GL_COLOR_EXT
06-28 13:11:04.418 24756 24803 E chromium: [ERROR:gles2_cmd_decoder.cc(3852)] [.ChromiumCompositor-0xacbb2fc0]GL ERROR :GL_INVALID_ENUM : glDiscardFramebufferEXT: attachments was GL_COLOR_EXT
06-28 13:11:04.437 24756 24803 E chromium: [ERROR:gles2_cmd_decoder.cc(3852)] [.ChromiumCompositor-0xacbb2fc0]GL ERROR :GL_INVALID_ENUM : glDiscardFramebufferEXT: attachments was GL_COLOR_EXT
06-28 13:11:04.453 24756 24803 E chromium: [ERROR:gles2_cmd_decoder.cc(3852)] [.ChromiumCompositor-0xacbb2fc0]GL ERROR :GL_INVALID_ENUM : glDiscardFramebufferEXT: attachments was GL_COLOR_EXT
06-28 13:11:04.468 24756 24803 E chromium: [ERROR:gles2_cmd_decoder.cc(3852)] [.ChromiumCompositor-0xacbb2fc0]GL ERROR :GL_INVALID_ENUM : glDiscardFramebufferEXT: attachments was GL_COLOR_EXT
06-28 13:11:04.486 24756 24803 E chromium: [ERROR:gles2_cmd_decoder.cc(3852)] [.ChromiumCompositor-0xacbb2fc0]GL ERROR :GL_INVALID_ENUM : glDiscardFramebufferEXT: attachments was GL_COLOR_EXT
06-28 13:11:04.500 24756 24803 E chromium: [ERROR:gles2_cmd_decoder.cc(3852)] [.ChromiumCompositor-0xacbb2fc0]GL ERROR :GL_INVALID_ENUM : glDiscardFramebufferEXT: attachments was GL_COLOR_EXT
06-28 13:11:04.519 24756 24803 E chromium: [ERROR:gles2_cmd_decoder.cc(3852)] [.ChromiumCompositor-0xacbb2fc0]GL ERROR :GL_INVALID_ENUM : glDiscardFramebufferEXT: attachments was GL_COLOR_EXT
06-28 13:11:04.538 24756 24803 E chromium: [ERROR:gles2_cmd_decoder.cc(3852)] [.ChromiumCompositor-0xacbb2fc0]GL ERROR :GL_INVALID_ENUM : glDiscardFramebufferEXT: attachments was GL_COLOR_EXT
06-28 13:11:04.552 24756 24803 E chromium: [ERROR:gles2_cmd_decoder.cc(3852)] [.ChromiumCompositor-0xacbb2fc0]GL ERROR :GL_INVALID_ENUM : glDiscardFramebufferEXT: attachments was GL_COLOR_EXT
06-28 13:11:04.570 24756 24803 E chromium: [ERROR:gles2_cmd_decoder.cc(3852)] [.ChromiumCompositor-0xacbb2fc0]GL ERROR :GL_INVALID_ENUM : glDiscardFramebufferEXT: attachments was GL_COLOR_EXT
06-28 13:11:04.589 24756 24803 E chromium: [ERROR:gles2_cmd_decoder.cc(3852)] [.ChromiumCompositor-0xacbb2fc0]GL ERROR :GL_INVALID_ENUM : glDiscardFramebufferEXT: attachments was GL_COLOR_EXT
06-28 13:11:04.608 24756 24803 E chromium: [ERROR:gles2_cmd_decoder.cc(3852)] [.ChromiumCompositor-0xacbb2fc0]GL ERROR :GL_INVALID_ENUM : glDiscardFramebufferEXT: attachments was GL_COLOR_EXT
06-28 13:11:04.621 24756 24803 E chromium: [ERROR:gles2_cmd_decoder.cc(3852)] [.ChromiumCompositor-0xacbb2fc0]GL ERROR :GL_INVALID_ENUM : glDiscardFramebufferEXT: attachments was GL_COLOR_EXT
06-28 13:11:04.634 24756 24803 E chromium: [ERROR:gles2_cmd_decoder.cc(3852)] [.ChromiumCompositor-0xacbb2fc0]GL ERROR :GL_INVALID_ENUM : glDiscardFramebufferEXT: attachments was GL_COLOR_EXT
06-28 13:11:04.651 24756 24803 E chromium: [ERROR:gles2_cmd_decoder.cc(3852)] [.ChromiumCompositor-0xacbb2fc0]GL ERROR :GL_INVALID_ENUM : glDiscardFramebufferEXT: attachments was GL_COLOR_EXT
06-28 13:11:04.667 24756 24803 E chromium: [ERROR:gles2_cmd_decoder.cc(3852)] [.ChromiumCompositor-0xacbb2fc0]GL ERROR :GL_INVALID_ENUM : glDiscardFramebufferEXT: attachments was GL_COLOR_EXT
06-28 13:11:04.685 24756 24803 E chromium: [ERROR:gles2_cmd_decoder.cc(3852)] [.ChromiumCompositor-0xacbb2fc0]GL ERROR :GL_INVALID_ENUM : glDiscardFramebufferEXT: attachments was GL_COLOR_EXT
06-28 13:11:04.702 24756 24803 E chromium: [ERROR:gles2_cmd_decoder.cc(3852)] [.ChromiumCompositor-0xacbb2fc0]GL ERROR :GL_INVALID_ENUM : glDiscardFramebufferEXT: attachments was GL_COLOR_EXT
06-28 13:11:04.718 24756 24803 E chromium: [ERROR:gles2_cmd_decoder.cc(3852)] [.ChromiumCompositor-0xacbb2fc0]GL ERROR :GL_INVALID_ENUM : glDiscardFramebufferEXT: attachments was GL_COLOR_EXT
06-28 13:11:04.734 24756 24803 E chromium: [ERROR:gles2_cmd_decoder.cc(3852)] [.ChromiumCompositor-0xacbb2fc0]GL ERROR :GL_INVALID_ENUM : glDiscardFramebufferEXT: attachments was GL_COLOR_EXT
06-28 13:11:04.751 24756 24803 E chromium: [ERROR:gles2_cmd_decoder.cc(3852)] [.ChromiumCompositor-0xacbb2fc0]GL ERROR :GL_INVALID_ENUM : glDiscardFramebufferEXT: attachments was GL_COLOR_EXT
06-28 13:11:04.768 24756 24803 E chromium: [ERROR:gles2_cmd_decoder.cc(3852)] [.ChromiumCompositor-0xacbb2fc0]GL ERROR :GL_INVALID_ENUM : glDiscardFramebufferEXT: attachments was GL_COLOR_EXT
06-28 13:11:04.787 24756 24803 E chromium: [ERROR:gles2_cmd_decoder.cc(3852)] [.ChromiumCompositor-0xacbb2fc0]GL ERROR :GL_INVALID_ENUM : glDiscardFramebufferEXT: attachments was GL_COLOR_EXT
06-28 13:11:04.813 24756 24803 E chromium: [ERROR:gles2_cmd_decoder.cc(3852)] [.ChromiumCompositor-0xacbb2fc0]GL ERROR :GL_INVALID_ENUM : glDiscardFramebufferEXT: attachments was GL_COLOR_EXT
06-28 13:11:04.822 24756 24803 E chromium: [ERROR:gles2_cmd_decoder.cc(3852)] [.ChromiumCompositor-0xacbb2fc0]GL ERROR :GL_INVALID_ENUM : glDiscardFramebufferEXT: attachments was GL_COLOR_EXT
06-28 13:11:04.841 24756 24803 E chromium: [ERROR:gles2_cmd_decoder.cc(3852)] [.ChromiumCompositor-0xacbb2fc0]GL ERROR :GL_INVALID_ENUM : glDiscardFramebufferEXT: attachments was GL_COLOR_EXT
06-28 13:11:04.854 24756 24803 E chromium: [ERROR:gles2_cmd_decoder.cc(3852)] [.ChromiumCompositor-0xacbb2fc0]GL ERROR :GL_INVALID_ENUM : glDiscardFramebufferEXT: attachments was GL_COLOR_EXT
06-28 13:11:04.870 24756 24803 E chromium: [ERROR:gles2_cmd_decoder.cc(3852)] [.ChromiumCompositor-0xacbb2fc0]GL ERROR :GL_INVALID_ENUM : glDiscardFramebufferEXT: attachments was GL_COLOR_EXT
06-28 13:11:04.885 24756 24803 E chromium: [ERROR:gles2_cmd_decoder.cc(3852)] [.ChromiumCompositor-0xacbb2fc0]GL ERROR :GL_INVALID_ENUM : glDiscardFramebufferEXT: attachments was GL_COLOR_EXT
06-28 13:11:04.902 24756 24803 E chromium: [ERROR:gles2_cmd_decoder.cc(3852)] [.ChromiumCompositor-0xacbb2fc0]GL ERROR :GL_INVALID_ENUM : glDiscardFramebufferEXT: attachments was GL_COLOR_EXT
06-28 13:11:04.918 24756 24803 E chromium: [ERROR:gles2_cmd_decoder.cc(3852)] [.ChromiumCompositor-0xacbb2fc0]GL ERROR :GL_INVALID_ENUM : glDiscardFramebufferEXT: attachments was GL_COLOR_EXT
06-28 13:11:04.934 24756 24803 E chromium: [ERROR:gles2_cmd_decoder.cc(3852)] [.ChromiumCompositor-0xacbb2fc0]GL ERROR :GL_INVALID_ENUM : glDiscardFramebufferEXT: attachments was GL_COLOR_EXT
06-28 13:11:04.953 24756 24803 E chromium: [ERROR:gles2_cmd_decoder.cc(3852)] [.ChromiumCompositor-0xacbb2fc0]GL ERROR :GL_INVALID_ENUM : glDiscardFramebufferEXT: attachments was GL_COLOR_EXT
06-28 13:11:04.971 24756 24803 E chromium: [ERROR:gles2_cmd_decoder.cc(3852)] [.ChromiumCompositor-0xacbb2fc0]GL ERROR :GL_INVALID_ENUM : glDiscardFramebufferEXT: attachments was GL_COLOR_EXT
06-28 13:11:04.986 24756 24803 E chromium: [ERROR:gles2_cmd_decoder.cc(3852)] [.ChromiumCompositor-0xacbb2fc0]GL ERROR :GL_INVALID_ENUM : glDiscardFramebufferEXT: attachments was GL_COLOR_EXT
06-28 13:11:05.002 24756 24803 E chromium: [ERROR:gles2_cmd_decoder.cc(3852)] [.ChromiumCompositor-0xacbb2fc0]GL ERROR :GL_INVALID_ENUM : glDiscardFramebufferEXT: attachments was GL_COLOR_EXT
06-28 13:11:05.020 24756 24803 E chromium: [ERROR:gles2_cmd_decoder.cc(3852)] [.ChromiumCompositor-0xacbb2fc0]GL ERROR :GL_INVALID_ENUM : glDiscardFramebufferEXT: attachments was GL_COLOR_EXT
06-28 13:11:05.036 24756 24803 E chromium: [ERROR:gles2_cmd_decoder.cc(3852)] [.ChromiumCompositor-0xacbb2fc0]GL ERROR :GL_INVALID_ENUM : glDiscardFramebufferEXT: attachments was GL_COLOR_EXT
06-28 13:11:05.052 24756 24803 E chromium: [ERROR:gles2_cmd_decoder.cc(3852)] [.ChromiumCompositor-0xacbb2fc0]GL ERROR :GL_INVALID_ENUM : glDiscardFramebufferEXT: attachments was GL_COLOR_EXT
06-28 13:11:05.068 24756 24803 E chromium: [ERROR:gles2_cmd_decoder.cc(3852)] [.ChromiumCompositor-0xacbb2fc0]GL ERROR :GL_INVALID_ENUM : glDiscardFramebufferEXT: attachments was GL_COLOR_EXT
06-28 13:11:05.090 24756 24803 E chromium: [ERROR:gles2_cmd_decoder.cc(3852)] [.ChromiumCompositor-0xacbb2fc0]GL ERROR :GL_INVALID_ENUM : glDiscardFramebufferEXT: attachments was GL_COLOR_EXT
06-28 13:11:05.106 24756 24803 E chromium: [ERROR:gles2_cmd_decoder.cc(3852)] [.ChromiumCompositor-0xacbb2fc0]GL ERROR :GL_INVALID_ENUM : glDiscardFramebufferEXT: attachments was GL_COLOR_EXT
06-28 13:11:05.122 24756 24803 E chromium: [ERROR:gles2_cmd_decoder.cc(3852)] [.ChromiumCompositor-0xacbb2fc0]GL ERROR :GL_INVALID_ENUM : glDiscardFramebufferEXT: attachments was GL_COLOR_EXT
06-28 13:11:05.137 24756 24803 E chromium: [ERROR:gles2_cmd_decoder.cc(3852)] [.ChromiumCompositor-0xacbb2fc0]GL ERROR :GL_INVALID_ENUM : glDiscardFramebufferEXT: attachments was GL_COLOR_EXT
06-28 13:11:05.155 24756 24803 E chromium: [ERROR:gles2_cmd_decoder.cc(3852)] [.ChromiumCompositor-0xacbb2fc0]GL ERROR :GL_INVALID_ENUM : glDiscardFramebufferEXT: attachments was GL_COLOR_EXT
06-28 13:11:05.171 24756 24803 E chromium: [ERROR:gles2_cmd_decoder.cc(3852)] [.ChromiumCompositor-0xacbb2fc0]GL ERROR :GL_INVALID_ENUM : glDiscardFramebufferEXT: attachments was GL_COLOR_EXT
06-28 13:11:05.182 24826 24839 E WPROF   : {"Javascript": {"url": "https://securepubads.g.doubleclick.net/static/glade.js", "requestTime": 16542.237542}}
06-28 13:11:05.189 24756 24803 E chromium: [ERROR:gles2_cmd_decoder.cc(3852)] [.ChromiumCompositor-0xacbb2fc0]GL ERROR :GL_INVALID_ENUM : glDiscardFramebufferEXT: attachments was GL_COLOR_EXT
06-28 13:11:05.203 24756 24803 E chromium: [ERROR:gles2_cmd_decoder.cc(3852)] [.ChromiumCompositor-0xacbb2fc0]GL ERROR :GL_INVALID_ENUM : glDiscardFramebufferEXT: attachments was GL_COLOR_EXT
06-28 13:11:05.226 24756 24803 E chromium: [ERROR:gles2_cmd_decoder.cc(3852)] [.ChromiumCompositor-0xacbb2fc0]GL ERROR :GL_INVALID_ENUM : glDiscardFramebufferEXT: attachments was GL_COLOR_EXT
06-28 13:11:05.238 24756 24803 E chromium: [ERROR:gles2_cmd_decoder.cc(3852)] [.ChromiumCompositor-0xacbb2fc0]GL ERROR :GL_INVALID_ENUM : glDiscardFramebufferEXT: attachments was GL_COLOR_EXT
06-28 13:11:05.253 24756 24803 E chromium: [ERROR:gles2_cmd_decoder.cc(3852)] [.ChromiumCompositor-0xacbb2fc0]GL ERROR :GL_INVALID_ENUM : glDiscardFramebufferEXT: attachments was GL_COLOR_EXT
06-28 13:11:05.270 24756 24803 E chromium: [ERROR:gles2_cmd_decoder.cc(3852)] [.ChromiumCompositor-0xacbb2fc0]GL ERROR :GL_INVALID_ENUM : glDiscardFramebufferEXT: attachments was GL_COLOR_EXT
06-28 13:11:05.289 24756 24803 E chromium: [ERROR:gles2_cmd_decoder.cc(3852)] [.ChromiumCompositor-0xacbb2fc0]GL ERROR :GL_INVALID_ENUM : glDiscardFramebufferEXT: attachments was GL_COLOR_EXT
06-28 13:11:05.308 24756 24803 E chromium: [ERROR:gles2_cmd_decoder.cc(3852)] [.ChromiumCompositor-0xacbb2fc0]GL ERROR :GL_INVALID_ENUM : glDiscardFramebufferEXT: attachments was GL_COLOR_EXT
06-28 13:11:05.347 24756 24803 E chromium: [ERROR:gles2_cmd_decoder.cc(3852)] [.ChromiumCompositor-0xacbb2fc0]GL ERROR :GL_INVALID_ENUM : glDiscardFramebufferEXT: attachments was GL_COLOR_EXT
06-28 13:11:05.359 24756 24803 E chromium: [ERROR:gles2_cmd_decoder.cc(3852)] [.ChromiumCompositor-0xacbb2fc0]GL ERROR :GL_INVALID_ENUM : glDiscardFramebufferEXT: attachments was GL_COLOR_EXT
06-28 13:11:05.378 24756 24803 E chromium: [ERROR:gles2_cmd_decoder.cc(3852)] [.ChromiumCompositor-0xacbb2fc0]GL ERROR :GL_INVALID_ENUM : glDiscardFramebufferEXT: attachments was GL_COLOR_EXT
06-28 13:11:05.410 24756 24803 E chromium: [ERROR:gles2_cmd_decoder.cc(3852)] [.ChromiumCompositor-0xacbb2fc0]GL ERROR :GL_INVALID_ENUM : glDiscardFramebufferEXT: attachments was GL_COLOR_EXT
06-28 13:11:05.425 24756 24803 E chromium: [ERROR:gles2_cmd_decoder.cc(3852)] [.ChromiumCompositor-0xacbb2fc0]GL ERROR :GL_INVALID_ENUM : glDiscardFramebufferEXT: attachments was GL_COLOR_EXT
06-28 13:11:05.436 24756 24803 E chromium: [ERROR:gles2_cmd_decoder.cc(3852)] [.ChromiumCompositor-0xacbb2fc0]GL ERROR :GL_INVALID_ENUM : glDiscardFramebufferEXT: attachments was GL_COLOR_EXT
06-28 13:11:05.445 24756 24803 E chromium: [ERROR:gles2_cmd_decoder.cc(3852)] [.ChromiumCompositor-0xacbb2fc0]GL ERROR :GL_INVALID_ENUM : glDiscardFramebufferEXT: attachments was GL_COLOR_EXT
06-28 13:11:05.458 24756 24803 E chromium: [ERROR:gles2_cmd_decoder.cc(3852)] [.ChromiumCompositor-0xacbb2fc0]GL ERROR :GL_INVALID_ENUM : glDiscardFramebufferEXT: attachments was GL_COLOR_EXT
06-28 13:11:05.472 24756 24803 E chromium: [ERROR:gles2_cmd_decoder.cc(3852)] [.ChromiumCompositor-0xacbb2fc0]GL ERROR :GL_INVALID_ENUM : glDiscardFramebufferEXT: attachments was GL_COLOR_EXT
06-28 13:11:05.487 24756 24803 E chromium: [ERROR:gles2_cmd_decoder.cc(3852)] [.ChromiumCompositor-0xacbb2fc0]GL ERROR :GL_INVALID_ENUM : glDiscardFramebufferEXT: attachments was GL_COLOR_EXT
06-28 13:11:05.504 24756 24803 E chromium: [ERROR:gles2_cmd_decoder.cc(3852)] [.ChromiumCompositor-0xacbb2fc0]GL ERROR :GL_INVALID_ENUM : glDiscardFramebufferEXT: attachments was GL_COLOR_EXT
06-28 13:11:05.521 24756 24803 E chromium: [ERROR:gles2_cmd_decoder.cc(3852)] [.ChromiumCompositor-0xacbb2fc0]GL ERROR :GL_INVALID_ENUM : glDiscardFramebufferEXT: attachments was GL_COLOR_EXT
06-28 13:11:05.540 24756 24803 E chromium: [ERROR:gles2_cmd_decoder.cc(3852)] [.ChromiumCompositor-0xacbb2fc0]GL ERROR :GL_INVALID_ENUM : glDiscardFramebufferEXT: attachments was GL_COLOR_EXT
06-28 13:11:05.557 24756 24803 E chromium: [ERROR:gles2_cmd_decoder.cc(3852)] [.ChromiumCompositor-0xacbb2fc0]GL ERROR :GL_INVALID_ENUM : glDiscardFramebufferEXT: attachments was GL_COLOR_EXT
06-28 13:11:05.575 24756 24803 E chromium: [ERROR:gles2_cmd_decoder.cc(3852)] [.ChromiumCompositor-0xacbb2fc0]GL ERROR :GL_INVALID_ENUM : glDiscardFramebufferEXT: attachments was GL_COLOR_EXT
06-28 13:11:05.590 24756 24803 E chromium: [ERROR:gles2_cmd_decoder.cc(3852)] [.ChromiumCompositor-0xacbb2fc0]GL ERROR :GL_INVALID_ENUM : glDiscardFramebufferEXT: attachments was GL_COLOR_EXT
06-28 13:11:05.621 24756 24803 E chromium: [ERROR:gles2_cmd_decoder.cc(3852)] [.ChromiumCompositor-0xacbb2fc0]GL ERROR :GL_INVALID_ENUM : glDiscardFramebufferEXT: attachments was GL_COLOR_EXT
06-28 13:11:05.626 24756 24803 E chromium: [ERROR:gles2_cmd_decoder.cc(3852)] [.ChromiumCompositor-0xacbb2fc0]GL ERROR :GL_INVALID_ENUM : glDiscardFramebufferEXT: attachments was GL_COLOR_EXT
06-28 13:11:05.641 24756 24803 E chromium: [ERROR:gles2_cmd_decoder.cc(3852)] [.ChromiumCompositor-0xacbb2fc0]GL ERROR :GL_INVALID_ENUM : glDiscardFramebufferEXT: attachments was GL_COLOR_EXT
06-28 13:11:05.658 24756 24803 E chromium: [ERROR:gles2_cmd_decoder.cc(3852)] [.ChromiumCompositor-0xacbb2fc0]GL ERROR :GL_INVALID_ENUM : glDiscardFramebufferEXT: attachments was GL_COLOR_EXT
06-28 13:11:05.683 24826 24839 E WPROF   : {"Javascript": {"url": "https://securepubads.g.doubleclick.net/static/glade/extra_25.js", "requestTime": 16542.738579}}
06-28 13:11:05.697 24756 24803 E chromium: [ERROR:gles2_cmd_decoder.cc(3852)] [.ChromiumCompositor-0xacbb2fc0]GL ERROR :GL_INVALID_ENUM : glDiscardFramebufferEXT: attachments was GL_COLOR_EXT
06-28 13:11:05.702 24756 24803 E chromium: [ERROR:gles2_cmd_decoder.cc(3852)] [.ChromiumCompositor-0xacbb2fc0]GL ERROR :GL_INVALID_ENUM : glDiscardFramebufferEXT: attachments was GL_COLOR_EXT
06-28 13:11:05.720 24756 24803 E chromium: [ERROR:gles2_cmd_decoder.cc(3852)] [.ChromiumCompositor-0xacbb2fc0]GL ERROR :GL_INVALID_ENUM : glDiscardFramebufferEXT: attachments was GL_COLOR_EXT
06-28 13:11:05.737 24756 24803 E chromium: [ERROR:gles2_cmd_decoder.cc(3852)] [.ChromiumCompositor-0xacbb2fc0]GL ERROR :GL_INVALID_ENUM : glDiscardFramebufferEXT: attachments was GL_COLOR_EXT
06-28 13:11:05.740 24756 24803 E chromium: [ERROR:gles2_cmd_decoder.cc(3852)] [.ChromiumCompositor-0xacbb2fc0]GL ERROR :GL_INVALID_ENUM : glDiscardFramebufferEXT: attachments was GL_COLOR_EXT
06-28 13:11:05.774 24756 24803 E chromium: [ERROR:gles2_cmd_decoder.cc(3852)] [.ChromiumCompositor-0xacbb2fc0]GL ERROR :GL_INVALID_ENUM : glDiscardFramebufferEXT: attachments was GL_COLOR_EXT
06-28 13:11:05.784 24756 24803 E chromium: [ERROR:gles2_cmd_decoder.cc(3852)] [.ChromiumCompositor-0xacbb2fc0]GL ERROR :GL_INVALID_ENUM : glDiscardFramebufferEXT: attachments was GL_COLOR_EXT
06-28 13:11:05.794 24756 24803 E chromium: [ERROR:gles2_cmd_decoder.cc(3852)] [.ChromiumCompositor-0xacbb2fc0]GL ERROR :GL_INVALID_ENUM : glDiscardFramebufferEXT: attachments was GL_COLOR_EXT
06-28 13:11:05.798 24826 24839 E WPROF   : {"Javascript": {"url": "https://pagead2.googlesyndication.com/pagead/osd.js", "requestTime": 16542.853295}}
06-28 13:11:05.820 24756 24803 E chromium: [ERROR:gles2_cmd_decoder.cc(3852)] [.ChromiumCompositor-0xacbb2fc0]GL ERROR :GL_INVALID_ENUM : glDiscardFramebufferEXT: attachments was GL_COLOR_EXT
06-28 13:11:05.824 24756 24803 E chromium: [ERROR:gles2_cmd_decoder.cc(3852)] [.ChromiumCompositor-0xacbb2fc0]GL ERROR :GL_INVALID_ENUM : glDiscardFramebufferEXT: attachments was GL_COLOR_EXT
06-28 13:11:05.855 24756 24803 E chromium: [ERROR:gles2_cmd_decoder.cc(3852)] [.ChromiumCompositor-0xacbb2fc0]GL ERROR :GL_INVALID_ENUM : glDiscardFramebufferEXT: attachments was GL_COLOR_EXT
06-28 13:11:05.860 24756 24803 E chromium: [ERROR:gles2_cmd_decoder.cc(3852)] [.ChromiumCompositor-0xacbb2fc0]GL ERROR :GL_INVALID_ENUM : glDiscardFramebufferEXT: attachments was GL_COLOR_EXT
06-28 13:11:05.879 24756 24803 E chromium: [ERROR:gles2_cmd_decoder.cc(3852)] [.ChromiumCompositor-0xacbb2fc0]GL ERROR :GL_INVALID_ENUM : glDiscardFramebufferEXT: attachments was GL_COLOR_EXT
06-28 13:11:05.897 24756 24803 E chromium: [ERROR:gles2_cmd_decoder.cc(3852)] [.ChromiumCompositor-0xacbb2fc0]GL ERROR :GL_INVALID_ENUM : glDiscardFramebufferEXT: attachments was GL_COLOR_EXT
06-28 13:11:05.910 24756 24803 E chromium: [ERROR:gles2_cmd_decoder.cc(3852)] [.ChromiumCompositor-0xacbb2fc0]GL ERROR :GL_INVALID_ENUM : glDiscardFramebufferEXT: attachments was GL_COLOR_EXT
06-28 13:11:05.939 24756 24803 E chromium: [ERROR:gles2_cmd_decoder.cc(3852)] [.ChromiumCompositor-0xacbb2fc0]GL ERROR :GL_INVALID_ENUM : glDiscardFramebufferEXT: attachments was GL_COLOR_EXT
06-28 13:11:05.959 24756 24803 E chromium: [ERROR:gles2_cmd_decoder.cc(3852)] [.ChromiumCompositor-0xacbb2fc0]GL ERROR :GL_INVALID_ENUM : glDiscardFramebufferEXT: attachments was GL_COLOR_EXT
06-28 13:11:05.975 24756 24803 E chromium: [ERROR:gles2_cmd_decoder.cc(3852)] [.ChromiumCompositor-0xacbb2fc0]GL ERROR :GL_INVALID_ENUM : glDiscardFramebufferEXT: attachments was GL_COLOR_EXT
06-28 13:11:06.001 24756 24803 E chromium: [ERROR:gles2_cmd_decoder.cc(3852)] [.ChromiumCompositor-0xacbb2fc0]GL ERROR :GL_INVALID_ENUM : glDiscardFramebufferEXT: attachments was GL_COLOR_EXT
06-28 13:11:06.008 24756 24803 E chromium: [ERROR:gles2_cmd_decoder.cc(3852)] [.ChromiumCompositor-0xacbb2fc0]GL ERROR :GL_INVALID_ENUM : glDiscardFramebufferEXT: attachments was GL_COLOR_EXT
06-28 13:11:06.010 24826 24839 E WPROF   : {"Javascript": {"url": "https://tpc.googlesyndication.com/pagead/js/r20170619/r20110914/client/ext/m_window_focus_non_hydra.js", "requestTime": 16543.065707}}
06-28 13:11:06.016 24826 24839 E WPROF   : {"Javascript": {"url": "https://tpc.googlesyndication.com/pagead/js/r20170619/r20110914/activeview/osd_listener.js", "requestTime": 16543.072000}}
06-28 13:11:06.023 24756 24803 E chromium: [ERROR:gles2_cmd_decoder.cc(3852)] [.ChromiumCompositor-0xacbb2fc0]GL ERROR :GL_INVALID_ENUM : glDiscardFramebufferEXT: attachments was GL_COLOR_EXT
06-28 13:11:06.044 24756 24803 E chromium: [ERROR:gles2_cmd_decoder.cc(3852)] [.ChromiumCompositor-0xacbb2fc0]GL ERROR :GL_INVALID_ENUM : glDiscardFramebufferEXT: attachments was GL_COLOR_EXT
06-28 13:11:06.058 24756 24803 E chromium: [ERROR:gles2_cmd_decoder.cc(3852)] [.ChromiumCompositor-0xacbb2fc0]GL ERROR :GL_INVALID_ENUM : glDiscardFramebufferEXT: attachments was GL_COLOR_EXT
06-28 13:11:06.076 24756 24803 E chromium: [ERROR:gles2_cmd_decoder.cc(3852)] [.ChromiumCompositor-0xacbb2fc0]GL ERROR :GL_INVALID_ENUM : glDiscardFramebufferEXT: attachments was GL_COLOR_EXT
06-28 13:11:06.117 24756 24803 E chromium: [ERROR:gles2_cmd_decoder.cc(3852)] [.ChromiumCompositor-0xacbb2fc0]GL ERROR :GL_INVALID_ENUM : glDiscardFramebufferEXT: attachments was GL_COLOR_EXT
06-28 13:11:06.130 24756 24803 E chromium: [ERROR:gles2_cmd_decoder.cc(3852)] [.ChromiumCompositor-0xacbb2fc0]GL ERROR :GL_INVALID_ENUM : glDiscardFramebufferEXT: attachments was GL_COLOR_EXT
06-28 13:11:06.143 24756 24803 E chromium: [ERROR:gles2_cmd_decoder.cc(3852)] [.ChromiumCompositor-0xacbb2fc0]GL ERROR :GL_INVALID_ENUM : glDiscardFramebufferEXT: attachments was GL_COLOR_EXT
06-28 13:11:06.160 24756 24803 E chromium: [ERROR:gles2_cmd_decoder.cc(3852)] [.ChromiumCompositor-0xacbb2fc0]GL ERROR :GL_INVALID_ENUM : glDiscardFramebufferEXT: attachments was GL_COLOR_EXT
06-28 13:11:06.177 24756 24803 E chromium: [ERROR:gles2_cmd_decoder.cc(3852)] [.ChromiumCompositor-0xacbb2fc0]GL ERROR :GL_INVALID_ENUM : glDiscardFramebufferEXT: attachments was GL_COLOR_EXT
06-28 13:11:06.195 24756 24803 E chromium: [ERROR:gles2_cmd_decoder.cc(3852)] [.ChromiumCompositor-0xacbb2fc0]GL ERROR :GL_INVALID_ENUM : glDiscardFramebufferEXT: attachments was GL_COLOR_EXT
06-28 13:11:06.214 24756 24803 E chromium: [ERROR:gles2_cmd_decoder.cc(3852)] [.ChromiumCompositor-0xacbb2fc0]GL ERROR :GL_INVALID_ENUM : glDiscardFramebufferEXT: attachments was GL_COLOR_EXT
06-28 13:11:06.233 24756 24803 E chromium: [ERROR:gles2_cmd_decoder.cc(3852)] [.ChromiumCompositor-0xacbb2fc0]GL ERROR :GL_INVALID_ENUM : glDiscardFramebufferEXT: attachments was GL_COLOR_EXT
06-28 13:11:06.245 24756 24803 E chromium: [ERROR:gles2_cmd_decoder.cc(3852)] [.ChromiumCompositor-0xacbb2fc0]GL ERROR :GL_INVALID_ENUM : glDiscardFramebufferEXT: attachments was GL_COLOR_EXT
06-28 13:11:06.266 24756 24803 E chromium: [ERROR:gles2_cmd_decoder.cc(3852)] [.ChromiumCompositor-0xacbb2fc0]GL ERROR :GL_INVALID_ENUM : glDiscardFramebufferEXT: attachments was GL_COLOR_EXT
06-28 13:11:06.285 24756 24803 E chromium: [ERROR:gles2_cmd_decoder.cc(3852)] [.ChromiumCompositor-0xacbb2fc0]GL ERROR :GL_INVALID_ENUM : glDiscardFramebufferEXT: attachments was GL_COLOR_EXT
06-28 13:11:06.297 24756 24803 E chromium: [ERROR:gles2_cmd_decoder.cc(3852)] [.ChromiumCompositor-0xacbb2fc0]GL ERROR :GL_INVALID_ENUM : glDiscardFramebufferEXT: attachments was GL_COLOR_EXT
06-28 13:11:06.312 24756 24803 E chromium: [ERROR:gles2_cmd_decoder.cc(3852)] [.ChromiumCompositor-0xacbb2fc0]GL ERROR :GL_INVALID_ENUM : glDiscardFramebufferEXT: attachments was GL_COLOR_EXT
06-28 13:11:06.327 24756 24803 E chromium: [ERROR:gles2_cmd_decoder.cc(3852)] [.ChromiumCompositor-0xacbb2fc0]GL ERROR :GL_INVALID_ENUM : glDiscardFramebufferEXT: attachments was GL_COLOR_EXT
06-28 13:11:06.343 24756 24803 E chromium: [ERROR:gles2_cmd_decoder.cc(3852)] [.ChromiumCompositor-0xacbb2fc0]GL ERROR :GL_INVALID_ENUM : glDiscardFramebufferEXT: attachments was GL_COLOR_EXT
06-28 13:11:06.360 24756 24803 E chromium: [ERROR:gles2_cmd_decoder.cc(3852)] [.ChromiumCompositor-0xacbb2fc0]GL ERROR :GL_INVALID_ENUM : glDiscardFramebufferEXT: attachments was GL_COLOR_EXT
06-28 13:11:06.376 24756 24803 E chromium: [ERROR:gles2_cmd_decoder.cc(3852)] [.ChromiumCompositor-0xacbb2fc0]GL ERROR :GL_INVALID_ENUM : glDiscardFramebufferEXT: attachments was GL_COLOR_EXT
06-28 13:11:06.393 24756 24803 E chromium: [ERROR:logger.cc(46)] Too many GL errors, not reporting any more for this context. use --disable-gl-error-limit to see all errors.
06-28 13:11:06.503 24826 24839 E WProf.db: {"page": "d-18806323754062048570.ampproject.net_1498506512561_frame.html"}
06-28 13:11:06.503 24826 24839 E WProf.db: {"DOMLoad": 16543.559145}
06-28 13:11:06.504 24826 24839 E WProf.db: {"Resource": {"id": 28, "url": "https://ping.chartbeat.net/ping?h=searchengineland.com&p=%2Fway-early-adwords-holiday-testing-guide-256319&u=gf9PkI1SbrUqtNhI3_fvxJw9aReqqOn1mLLD3HDr2n3FNVtUvKaJOrLekXUoYa7U&d=searchengineland.com&g=&g0=&g1=&g2=&g3=&g4=&c=120&x=0&y=8739&j=30&R=1&W=0&I=0&E=0&r=&t=8548gf9PkI1SbrUqtNhI3_fvxJw9aReqqOn1m", "sentTime": -1.000000, "len": 43, "from": "0x0", "mimeType": "image/gif", "contentLength": 43, "httpStatus": 200, "connId": 290, "connReused": 0, "cached": 0,"requestTime": 16539.997824, "proxyStart": -1, "proxyEnd": -1, "dnsStart": 4, "dnsEnd": 13, "connectStart": 0, "connectEnd": 795, "sendStart": 795, "sendEnd": 795, "receiveHeadersEnd": 1046, "sslStart": 254, "sslEnd": 794}}
06-28 13:11:06.504 24826 24839 E WProf.db: {"ReceivedChunk": {"receivedTime": 16541.048473, "len": 43}}
06-28 13:11:06.504 24826 24839 E WProf.db: {"Resource": {"id": 31, "url": "https://d-18806323754062048570.ampproject.net/1498506512561/frame.html", "sentTime": -1.000000, "len": 375, "from": "0x0", "mimeType": "text/html", "contentLength": -1, "httpStatus": 200, "connId": 335, "connReused": 0, "cached": 0,"requestTime": 16541.038199, "proxyStart": -1, "proxyEnd": -1, "dnsStart": 0, "dnsEnd": 0, "connectStart": 0, "connectEnd": 184, "sendStart": 184, "sendEnd": 184, "receiveHeadersEnd": 249, "sslStart": 43, "sslEnd": 183}}
06-28 13:11:06.504 24826 24839 E WProf.db: {"ReceivedChunk": {"receivedTime": 16541.299932, "len": 375}}
06-28 13:11:06.504 24826 24839 E WProf.db: {"WprofHTMLTag": {"code": "0x9c67c7b0", "doc": "https://d-18806323754062048570.ampproject.net/1498506512561/frame.html", "row": 1, "column": 6, "tagName": "head", "time": 16541.339951, "url": "", "pos": 1, "chunkLen": 1, "isStartTag": 1}}
06-28 13:11:06.504 24826 24839 E WProf.db: {"WprofHTMLTag": {"code": "0x9c67c690", "doc": "https://d-18806323754062048570.ampproject.net/1498506512561/frame.html", "row": 2, "column": 22, "tagName": "meta", "time": 16541.341155, "url": "", "pos": 1, "chunkLen": 1, "isStartTag": 1}}
06-28 13:11:06.504 24826 24839 E WProf.db: {"WprofHTMLTag": {"code": "0xaa149000", "doc": "https://d-18806323754062048570.ampproject.net/1498506512561/frame.html", "row": 3, "column": 38, "tagName": "meta", "time": 16541.341595, "url": "", "pos": 1, "chunkLen": 1, "isStartTag": 1}}
06-28 13:11:06.504 24826 24839 E WProf.db: {"WprofHTMLTag": {"code": "0x9c67c150", "doc": "https://d-18806323754062048570.ampproject.net/1498506512561/frame.html", "row": 4, "column": 59, "tagName": "script", "time": 16541.341819, "url": "https://3p.ampproject.net/1498506512561/f.js", "pos": 1, "chunkLen": 1, "isStartTag": 1}}
06-28 13:11:06.504 24826 24839 E WProf.db: {"WprofHTMLTag": {"code": "0x9c67c390", "doc": "https://d-18806323754062048570.ampproject.net/1498506512561/frame.html", "row": 4, "column": 68, "tagName": "script", "time": 16541.342462, "url": "", "pos": 1, "chunkLen": 1, "isStartTag": 0}}
06-28 13:11:06.504 24826 24839 E WProf.db: {"WprofHTMLTag": {"code": "0x9c67ca20", "doc": "https://d-18806323754062048570.ampproject.net/1498506512561/frame.html", "row": 5, "column": 7, "tagName": "head", "time": 16542.202139, "url": "", "pos": 1, "chunkLen": 1, "isStartTag": 0}}
06-28 13:11:06.504 24826 24839 E WProf.db: {"WprofHTMLTag": {"code": "0x9c67c9f0", "doc": "https://d-18806323754062048570.ampproject.net/1498506512561/frame.html", "row": 6, "column": 23, "tagName": "body", "time": 16542.202189, "url": "", "pos": 1, "chunkLen": 1, "isStartTag": 1}}
06-28 13:11:06.504 24826 24839 E WProf.db: {"WprofHTMLTag": {"code": "0x9c67c300", "doc": "https://d-18806323754062048570.ampproject.net/1498506512561/frame.html", "row": 7, "column": 69, "tagName": "div", "time": 16542.203679, "url": "", "pos": 1, "chunkLen": 1, "isStartTag": 1}}
06-28 13:11:06.505 24826 24839 E WProf.db: {"WprofHTMLTag": {"code": "0x9c67c1b0", "doc": "https://d-18806323754062048570.ampproject.net/1498506512561/frame.html", "row": 8, "column": 10, "tagName": "script", "time": 16542.204088, "url": "", "pos": 1, "chunkLen": 1, "isStartTag": 1}}
06-28 13:11:06.505 24826 24839 E WProf.db: {"WprofHTMLTag": {"code": "0xaa1491e0", "doc": "https://d-18806323754062048570.ampproject.net/1498506512561/frame.html", "row": 8, "column": 27, "tagName": "script", "time": 16542.204428, "url": "https://securepubads.g.doubleclick.net/static/glade.js", "pos": 1, "chunkLen": 1, "isStartTag": 0}}
06-28 13:11:06.505 24826 24839 E WProf.db: {"WprofHTMLTag": {"code": "0xaa149300", "doc": "https://d-18806323754062048570.ampproject.net/1498506512561/frame.html", "row": 9, "column": 6, "tagName": "div", "time": 16542.243906, "url": "", "pos": 1, "chunkLen": 1, "isStartTag": 0}}
06-28 13:11:06.505 24826 24839 E WProf.db: {"WprofHTMLTag": {"code": "0xaa149330", "doc": "https://d-18806323754062048570.ampproject.net/1498506512561/frame.html", "row": 10, "column": 8, "tagName": "script", "time": 16542.243967, "url": "", "pos": 1, "chunkLen": 1, "isStartTag": 1}}
06-28 13:11:06.505 24826 24839 E WProf.db: {"WprofHTMLTag": {"code": "0x9c67c9c0", "doc": "https://d-18806323754062048570.ampproject.net/1498506512561/frame.html", "row": 10, "column": 67, "tagName": "script", "time": 16542.244879, "url": "", "pos": 1, "chunkLen": 1, "isStartTag": 0}}
06-28 13:11:06.505 24826 24839 E WProf.db: {"WprofHTMLTag": {"code": "0xaa149360", "doc": "https://d-18806323754062048570.ampproject.net/1498506512561/frame.html", "row": 11, "column": 7, "tagName": "body", "time": 16542.247073, "url": "", "pos": 1, "chunkLen": 1, "isStartTag": 0}}
06-28 13:11:06.505 24826 24839 E WProf.db: {"WprofHTMLTag": {"code": "0xaa14a290", "doc": "https://d-18806323754062048570.ampproject.net/1498506512561/frame.html", "row": 12, "column": 7, "tagName": "html", "time": 16542.247233, "url": "https://pagead2.googlesyndication.com/pagead/osd.js", "pos": 1, "chunkLen": 1, "isStartTag": 0}}
06-28 13:11:06.505 24826 24839 E WProf.db: {"Resource": {"id": 32, "url": "https://3p.ampproject.net/1498506512561/f.js", "sentTime": -1.000000, "len": 91779, "from": "0x9c67c150", "mimeType": "text/javascript", "contentLength": -1, "httpStatus": 200, "connId": 381, "connReused": 0, "cached": 0,"requestTime": 16541.344078, "proxyStart": -1, "proxyEnd": -1, "dnsStart": 12, "dnsEnd": 13, "connectStart": 0, "connectEnd": 610, "sendStart": 610, "sendEnd": 610, "receiveHeadersEnd": 672, "sslStart": 76, "sslEnd": 610}}
06-28 13:11:06.505 24826 24839 E WProf.db: {"ReceivedChunk": {"receivedTime": 16542.026486, "len": 8664}}
06-28 13:11:06.505 24826 24839 E WProf.db: {"ReceivedChunk": {"receivedTime": 16542.028341, "len": 179}}
06-28 13:11:06.505 24826 24839 E WProf.db: {"ReceivedChunk": {"receivedTime": 16542.030561, "len": 29458}}
06-28 13:11:06.505 24826 24839 E WProf.db: {"ReceivedChunk": {"receivedTime": 16542.032735, "len": 8831}}
06-28 13:11:06.506 24826 24839 E WProf.db: {"ReceivedChunk": {"receivedTime": 16542.037525, "len": 8792}}
06-28 13:11:06.506 24826 24839 E WProf.db: {"ReceivedChunk": {"receivedTime": 16542.043702, "len": 8904}}
06-28 13:11:06.506 24826 24839 E WProf.db: {"ReceivedChunk": {"receivedTime": 16542.075936, "len": 8648}}
06-28 13:11:06.506 24826 24839 E WProf.db: {"ReceivedChunk": {"receivedTime": 16542.076979, "len": 9064}}
06-28 13:11:06.506 24826 24839 E WProf.db: {"ReceivedChunk": {"receivedTime": 16542.081221, "len": 8496}}
06-28 13:11:06.506 24826 24839 E WProf.db: {"ReceivedChunk": {"receivedTime": 16542.084837, "len": 743}}
06-28 13:11:06.506 24826 24839 E WProf.db: {"Resource": {"id": 33, "url": "https://securepubads.g.doubleclick.net/static/glade.js", "sentTime": -1.000000, "len": 19455, "from": "0xaa1491e0", "mimeType": "text/javascript", "contentLength": -1, "httpStatus": 200, "connId": 395, "connReused": 0, "cached": 0,"requestTime": 16542.238837, "proxyStart": -1, "proxyEnd": -1, "dnsStart": 8, "dnsEnd": 8, "connectStart": 0, "connectEnd": 286, "sendStart": 286, "sendEnd": 287, "receiveHeadersEnd": 390, "sslStart": 71, "sslEnd": 286}}
06-28 13:11:06.506 24826 24839 E WProf.db: {"ReceivedChunk": {"receivedTime": 16542.633940, "len": 8897}}
06-28 13:11:06.507 24826 24839 E WProf.db: {"ReceivedChunk": {"receivedTime": 16542.634660, "len": 10558}}
06-28 13:11:06.507 24826 24839 E WProf.db: {"Resource": {"id": 35, "url": "https://securepubads.g.doubleclick.net/static/glade/extra_25.js", "sentTime": -1.000000, "len": 10944, "from": "0xaa14a290", "mimeType": "text/javascript", "contentLength": -1, "httpStatus": 200, "connId": 395, "connReused": 1, "cached": 0,"requestTime": 16542.739657, "proxyStart": -1, "proxyEnd": -1, "dnsStart": -1, "dnsEnd": -1, "connectStart": 0, "connectEnd": 22, "sendStart": 22, "sendEnd": 22, "receiveHeadersEnd": 91, "sslStart": -1, "sslEnd": -1}}
06-28 13:11:06.507 24826 24839 E WProf.db: {"ReceivedChunk": {"receivedTime": 16542.833338, "len": 9623}}
06-28 13:11:06.507 24826 24839 E WProf.db: {"ReceivedChunk": {"receivedTime": 16542.834297, "len": 227}}
06-28 13:11:06.507 24826 24839 E WProf.db: {"ReceivedChunk": {"receivedTime": 16542.834968, "len": 1094}}
06-28 13:11:06.507 24826 24839 E WProf.db: {"Resource": {"id": 34, "url": "https://securepubads.g.doubleclick.net/gampad/ads?gdfp_req=1&glade_req=1&glv=25&output=html&iu=%2F1038259%2FSEL-amp-cube&sz=300x250&sfv=1-0-8&correlator=678643777929216&eid=108809080&adk=2352184609&biw=412&bih=620&adx=56&ady=239&oid=3&u_sd=3.5&ifi=1&is_amp=1&amp_v=1498506512561&nhd=1&url=http%3A%2F%", "sentTime": -1.000000, "len": 20187, "from": "0xaa14a290", "mimeType": "text/html", "contentLength": -1, "httpStatus": 200, "connId": 395, "connReused": 1, "cached": 0,"requestTime": 16542.740995, "proxyStart": -1, "proxyEnd": -1, "dnsStart": -1, "dnsEnd": -1, "connectStart": 0, "connectEnd": 93, "sendStart": 93, "sendEnd": 94, "receiveHeadersEnd": 225, "sslStart": -1, "sslEnd": -1}}
06-28 13:11:06.507 24826 24839 E WProf.db: {"ReceivedChunk": {"receivedTime": 16542.973200, "len": 3900}}
06-28 13:11:06.507 24826 24839 E WProf.db: {"ReceivedChunk": {"receivedTime": 16543.018269, "len": 6362}}
06-28 13:11:06.507 24826 24839 E WProf.db: {"ReceivedChunk": {"receivedTime": 16543.029572, "len": 9925}}
06-28 13:11:06.507 24826 24839 E WProf.db: {"WprofHTMLTag": {"code": "0x9c67cf30", "doc": "https://securepubads.g.doubleclick.net/gampad/ads?gdfp_req=1&glade_req=1&glv=25&output=html&iu=%2F1038259%2FSEL-amp-cube&sz=300x250&sfv=1-0-8&correlator=678643777929216&eid=108809080&adk=2352184609&biw=412&bih=620&adx=56&ady=239&oid=3&u_sd=3.5&ifi=1&is_amp=1&amp_v=1498506512561&nhd=1&url=http%3A%2F%", "row": 0, "column": 21, "tagName": "html", "time": 16543.033398, "url": "", "pos": 1, "chunkLen": 1, "isStartTag": 1}}
06-28 13:11:06.507 24826 24839 E WProf.db: {"WprofHTMLTag": {"code": "0x9c67cf00", "doc": "https://securepubads.g.doubleclick.net/gampad/ads?gdfp_req=1&glade_req=1&glv=25&output=html&iu=%2F1038259%2FSEL-amp-cube&sz=300x250&sfv=1-0-8&correlator=678643777929216&eid=108809080&adk=2352184609&biw=412&bih=620&adx=56&ady=239&oid=3&u_sd=3.5&ifi=1&is_amp=1&amp_v=1498506512561&nhd=1&url=http%3A%2F%", "row": 0, "column": 27, "tagName": "head", "time": 16543.033511, "url": "", "pos": 1, "chunkLen": 1, "isStartTag": 1}}
06-28 13:11:06.508 24826 24839 E WProf.db: {"WprofHTMLTag": {"code": "0x9c67cb10", "doc": "https://securepubads.g.doubleclick.net/gampad/ads?gdfp_req=1&glade_req=1&glv=25&output=html&iu=%2F1038259%2FSEL-amp-cube&sz=300x250&sfv=1-0-8&correlator=678643777929216&eid=108809080&adk=2352184609&biw=412&bih=620&adx=56&ady=239&oid=3&u_sd=3.5&ifi=1&is_amp=1&amp_v=1498506512561&nhd=1&url=http%3A%2F%", "row": 0, "column": 144, "tagName": "meta", "time": 16543.033547, "url": "", "pos": 1, "chunkLen": 1, "isStartTag": 1}}
06-28 13:11:06.509 24826 24839 E WProf.db: {"WprofHTMLTag": {"code": "0x9c67c8a0", "doc": "https://securepubads.g.doubleclick.net/gampad/ads?gdfp_req=1&glade_req=1&glv=25&output=html&iu=%2F1038259%2FSEL-amp-cube&sz=300x250&sfv=1-0-8&correlator=678643777929216&eid=108809080&adk=2352184609&biw=412&bih=620&adx=56&ady=239&oid=3&u_sd=3.5&ifi=1&is_amp=1&amp_v=1498506512561&nhd=1&url=http%3A%2F%", "row": 0, "column": 152, "tagName": "script", "time": 16543.033937, "url": "", "pos": 1, "chunkLen": 1, "isStartTag": 1}}
06-28 13:11:06.509 24826 24839 E WProf.db: {"WprofHTMLTag": {"code": "0x9c67ced0", "doc": "https://securepubads.g.doubleclick.net/gampad/ads?gdfp_req=1&glade_req=1&glv=25&output=html&iu=%2F1038259%2FSEL-amp-cube&sz=300x250&sfv=1-0-8&correlator=678643777929216&eid=108809080&adk=2352184609&biw=412&bih=620&adx=56&ady=239&oid=3&u_sd=3.5&ifi=1&is_amp=1&amp_v=1498506512561&nhd=1&url=http%3A%2F%", "row": 0, "column": 195, "tagName": "script", "time": 16543.034125, "url": "", "pos": 1, "chunkLen": 1, "isStartTag": 0}}
06-28 13:11:06.509 24826 24839 E WProf.db: {"WprofHTMLTag": {"code": "0xaa14b0a0", "doc": "https://securepubads.g.doubleclick.net/gampad/ads?gdfp_req=1&glade_req=1&glv=25&output=html&iu=%2F1038259%2FSEL-amp-cube&sz=300x250&sfv=1-0-8&correlator=678643777929216&eid=108809080&adk=2352184609&biw=412&bih=620&adx=56&ady=239&oid=3&u_sd=3.5&ifi=1&is_amp=1&amp_v=1498506512561&nhd=1&url=http%3A%2F%", "row": 0, "column": 202, "tagName": "style", "time": 16543.035394, "url": "", "pos": 1, "chunkLen": 1, "isStartTag": 1}}
06-28 13:11:06.509 24826 24839 E WProf.db: {"WprofHTMLTag": {"code": "0x9c67c810", "doc": "https://securepubads.g.doubleclick.net/gampad/ads?gdfp_req=1&glade_req=1&glv=25&output=html&iu=%2F1038259%2FSEL-amp-cube&sz=300x250&sfv=1-0-8&correlator=678643777929216&eid=108809080&adk=2352184609&biw=412&bih=620&adx=56&ady=239&oid=3&u_sd=3.5&ifi=1&is_amp=1&amp_v=1498506512561&nhd=1&url=http%3A%2F%", "row": 0, "column": 230, "tagName": "style", "time": 16543.035517, "url": "", "pos": 1, "chunkLen": 1, "isStartTag": 0}}
06-28 13:11:06.509 24826 24839 E WProf.db: {"WprofHTMLTag": {"code": "0xaa14b1c0", "doc": "https://securepubads.g.doubleclick.net/gampad/ads?gdfp_req=1&glade_req=1&glv=25&output=html&iu=%2F1038259%2FSEL-amp-cube&sz=300x250&sfv=1-0-8&correlator=678643777929216&eid=108809080&adk=2352184609&biw=412&bih=620&adx=56&ady=239&oid=3&u_sd=3.5&ifi=1&is_amp=1&amp_v=1498506512561&nhd=1&url=http%3A%2F%", "row": 0, "column": 238, "tagName": "script", "time": 16543.037241, "url": "", "pos": 1, "chunkLen": 1, "isStartTag": 1}}
06-28 13:11:06.509 24826 24839 E WProf.db: {"WprofHTMLTag": {"code": "0xaa14b220", "doc": "https://securepubads.g.doubleclick.net/gampad/ads?gdfp_req=1&glade_req=1&glv=25&output=html&iu=%2F1038259%2FSEL-amp-cube&sz=300x250&sfv=1-0-8&correlator=678643777929216&eid=108809080&adk=2352184609&biw=412&bih=620&adx=56&ady=239&oid=3&u_sd=3.5&ifi=1&is_amp=1&amp_v=1498506512561&nhd=1&url=http%3A%2F%", "row": 0, "column": 8856, "tagName": "script", "time": 16543.037950, "url": "", "pos": 1, "chunkLen": 1, "isStartTag": 0}}
06-28 13:11:06.510 24826 24839 E WProf.db: {"WprofHTMLTag": {"code": "0xaa14b2e0", "doc": "https://securepubads.g.doubleclick.net/gampad/ads?gdfp_req=1&glade_req=1&glv=25&output=html&iu=%2F1038259%2FSEL-amp-cube&sz=300x250&sfv=1-0-8&correlator=678643777929216&eid=108809080&adk=2352184609&biw=412&bih=620&adx=56&ady=239&oid=3&u_sd=3.5&ifi=1&is_amp=1&amp_v=1498506512561&nhd=1&url=http%3A%2F%", "row": 0, "column": 8863, "tagName": "head", "time": 16543.052175, "url": "", "pos": 1, "chunkLen": 1, "isStartTag": 0}}
06-28 13:11:06.510 24826 24839 E WProf.db: {"WprofHTMLTag": {"code": "0xaa14b370", "doc": "https://securepubads.g.doubleclick.net/gampad/ads?gdfp_req=1&glade_req=1&glv=25&output=html&iu=%2F1038259%2FSEL-amp-cube&sz=300x250&sfv=1-0-8&correlator=678643777929216&eid=108809080&adk=2352184609&biw=412&bih=620&adx=56&ady=239&oid=3&u_sd=3.5&ifi=1&is_amp=1&amp_v=1498506512561&nhd=1&url=http%3A%2F%", "row": 0, "column": 8977, "tagName": "body", "time": 16543.052213, "url": "", "pos": 1, "chunkLen": 1, "isStartTag": 1}}
06-28 13:11:06.510 24826 24839 E WProf.db: {"WprofHTMLTag": {"code": "0xaa14b3a0", "doc": "https://securepubads.g.doubleclick.net/gampad/ads?gdfp_req=1&glade_req=1&glv=25&output=html&iu=%2F1038259%2FSEL-amp-cube&sz=300x250&sfv=1-0-8&correlator=678643777929216&eid=108809080&adk=2352184609&biw=412&bih=620&adx=56&ady=239&oid=3&u_sd=3.5&ifi=1&is_amp=1&amp_v=1498506512561&nhd=1&url=http%3A%2F%", "row": 0, "column": 9047, "tagName": "div", "time": 16543.052799, "url": "", "pos": 1, "chunkLen": 1, "isStartTag": 1}}
06-28 13:11:06.510 24826 24839 E WProf.db: {"WprofHTMLTag": {"code": "0xaa14b2b0", "doc": "https://securepubads.g.doubleclick.net/gampad/ads?gdfp_req=1&glade_req=1&glv=25&output=html&iu=%2F1038259%2FSEL-amp-cube&sz=300x250&sfv=1-0-8&correlator=678643777929216&eid=108809080&adk=2352184609&biw=412&bih=620&adx=56&ady=239&oid=3&u_sd=3.5&ifi=1&is_amp=1&amp_v=1498506512561&nhd=1&url=http%3A%2F%", "row": 0, "column": 9055, "tagName": "script", "time": 16543.052987, "url": "", "pos": 1, "chunkLen": 1, "isStartTag": 1}}
06-28 13:11:06.510 24826 24839 E WProf.db: {"WprofHTMLTag": {"code": "0xaa14b3d0", "doc": "https://securepubads.g.doubleclick.net/gampad/ads?gdfp_req=1&glade_req=1&glv=25&output=html&iu=%2F1038259%2FSEL-amp-cube&sz=300x250&sfv=1-0-8&correlator=678643777929216&eid=108809080&adk=2352184609&biw=412&bih=620&adx=56&ady=239&oid=3&u_sd=3.5&ifi=1&is_amp=1&amp_v=1498506512561&nhd=1&url=http%3A%2F%", "row": 0, "column": 9428, "tagName": "script", "time": 16543.053182, "url": "", "pos": 1, "chunkLen": 1, "isStartTag": 0}}
