--------- beginning of main
06-28 13:10:55.812  3449  3449 E Finsky  : [1] com.google.android.finsky.wear.bl.a(3): onConnectionFailed: ConnectionResult{statusCode=API_UNAVAILABLE, resolution=null, message=null}
--------- beginning of system
06-28 13:10:57.049 24756 24756 E chromium: [ERROR:shell_integration_android.cc(12)] Not implemented reached in static ShellIntegration::DefaultWebClientSetPermission ShellIntegration::CanSetAsDefaultBrowser()
06-28 13:10:57.053 24756 24756 E chromium: [ERROR:browser_process_impl.cc(720)] Not implemented reached in virtual BackgroundModeManager* BrowserProcessImpl::background_mode_manager()
06-28 13:10:57.373  3218 23950 E AudioRecord-JNI: Error -4 during AudioRecord native read
06-28 13:10:59.995 24756 24803 E chromium: [ERROR:gles2_cmd_decoder.cc(3852)] [.ChromiumCompositor-0xacbb2fc0]GL ERROR :GL_INVALID_ENUM : glDiscardFramebufferEXT: attachments was GL_COLOR_EXT
06-28 13:11:00.420 24826 24839 E WPROF   : {"Javascript": {"url": "https://cdn.ampproject.org/rtv/011498506512561/v0.js", "requestTime": 16537.475294}}
06-28 13:11:00.420 24826 24839 E WPROF   : {"Javascript": {"url": "https://cdn.ampproject.org/rtv/011498506512561/v0/amp-ad-0.1.js", "requestTime": 16537.476105}}
06-28 13:11:00.421 24826 24839 E WPROF   : {"Javascript": {"url": "https://cdn.ampproject.org/rtv/011498506512561/v0/amp-analytics-0.1.js", "requestTime": 16537.476835}}
06-28 13:11:00.422 24826 24839 E WPROF   : {"Javascript": {"url": "https://cdn.ampproject.org/rtv/011498506512561/v0/amp-anim-0.1.js", "requestTime": 16537.477557}}
06-28 13:11:00.423 24826 24839 E WPROF   : {"Javascript": {"url": "https://cdn.ampproject.org/rtv/011498506512561/v0/amp-form-0.1.js", "requestTime": 16537.478580}}
06-28 13:11:00.424 24826 24839 E WPROF   : {"Javascript": {"url": "https://cdn.ampproject.org/rtv/011498506512561/v0/amp-sidebar-0.1.js", "requestTime": 16537.479342}}
06-28 13:11:00.424 24826 24839 E WPROF   : {"Javascript": {"url": "https://cdn.ampproject.org/rtv/011498506512561/v0/amp-video-0.1.js", "requestTime": 16537.480129}}
06-28 13:11:00.428 24826 24839 E WPROF   : {"Javascript": {"url": "https://cdn.ampproject.org/rtv/011498506512561/v0/amp-youtube-0.1.js", "requestTime": 16537.483388}}
06-28 13:11:00.430 24826 24839 E WPROF   : {"CSS": {"url": "https://fonts.googleapis.com/css?family=Oswald:300,400,700", "requestTime": 16537.485702}}
06-28 13:11:00.431 24826 24839 E WPROF   : {"CSS": {"url": "https://fonts.googleapis.com/css?family=Merriweather:400,400italic,700,700italic", "requestTime": 16537.486426}}
06-28 13:11:00.441 24826 24839 E WPROF   : {"Javascript": {"url": "https://cdn.ampproject.org/rtv/011498506512561/v0/amp-mustache-0.1.js", "requestTime": 16537.496525}}
06-28 13:11:01.366 24756 24803 E chromium: [ERROR:gles2_cmd_decoder.cc(3852)] [.ChromiumCompositor-0xacbb2fc0]GL ERROR :GL_INVALID_ENUM : glDiscardFramebufferEXT: attachments was GL_COLOR_EXT
06-28 13:11:01.784 24756 24803 E chromium: [ERROR:gles2_cmd_decoder.cc(3852)] [.ChromiumCompositor-0xacbb2fc0]GL ERROR :GL_INVALID_ENUM : glDiscardFramebufferEXT: attachments was GL_COLOR_EXT
06-28 13:11:02.022 24756 24803 E chromium: [ERROR:gles2_cmd_decoder.cc(3852)] [.ChromiumCompositor-0xacbb2fc0]GL ERROR :GL_INVALID_ENUM : glDiscardFramebufferEXT: attachments was GL_COLOR_EXT
06-28 13:11:02.046 24756 24803 E chromium: [ERROR:gles2_cmd_decoder.cc(3852)] [.ChromiumCompositor-0xacbb2fc0]GL ERROR :GL_INVALID_ENUM : glDiscardFramebufferEXT: attachments was GL_COLOR_EXT
06-28 13:11:02.057 24756 24803 E chromium: [ERROR:gles2_cmd_decoder.cc(3852)] [.ChromiumCompositor-0xacbb2fc0]GL ERROR :GL_INVALID_ENUM : glDiscardFramebufferEXT: attachments was GL_COLOR_EXT
06-28 13:11:02.083 24756 24803 E chromium: [ERROR:gles2_cmd_decoder.cc(3852)] [.ChromiumCompositor-0xacbb2fc0]GL ERROR :GL_INVALID_ENUM : glDiscardFramebufferEXT: attachments was GL_COLOR_EXT
06-28 13:11:02.136 24756 24803 E chromium: [ERROR:gles2_cmd_decoder.cc(3852)] [.ChromiumCompositor-0xacbb2fc0]GL ERROR :GL_INVALID_ENUM : glDiscardFramebufferEXT: attachments was GL_COLOR_EXT
06-28 13:11:02.195 24756 24803 E chromium: [ERROR:gles2_cmd_decoder.cc(3852)] [.ChromiumCompositor-0xacbb2fc0]GL ERROR :GL_INVALID_ENUM : glDiscardFramebufferEXT: attachments was GL_COLOR_EXT
06-28 13:11:02.201 24756 24803 E chromium: [ERROR:gles2_cmd_decoder.cc(3852)] [.ChromiumCompositor-0xacbb2fc0]GL ERROR :GL_INVALID_ENUM : glDiscardFramebufferEXT: attachments was GL_COLOR_EXT
06-28 13:11:02.206 24756 24803 E chromium: [ERROR:gles2_cmd_decoder.cc(3852)] [.ChromiumCompositor-0xacbb2fc0]GL ERROR :GL_INVALID_ENUM : glDiscardFramebufferEXT: attachments was GL_COLOR_EXT
06-28 13:11:02.212 24756 24803 E chromium: [ERROR:gles2_cmd_decoder.cc(3852)] [.ChromiumCompositor-0xacbb2fc0]GL ERROR :GL_INVALID_ENUM : glDiscardFramebufferEXT: attachments was GL_COLOR_EXT
06-28 13:11:02.217 24756 24803 E chromium: [ERROR:gles2_cmd_decoder.cc(3852)] [.ChromiumCompositor-0xacbb2fc0]GL ERROR :GL_INVALID_ENUM : glDiscardFramebufferEXT: attachments was GL_COLOR_EXT
06-28 13:11:02.249 24756 24803 E chromium: [ERROR:gles2_cmd_decoder.cc(3852)] [.ChromiumCompositor-0xacbb2fc0]GL ERROR :GL_INVALID_ENUM : glDiscardFramebufferEXT: attachments was GL_COLOR_EXT
06-28 13:11:02.265 24756 24803 E chromium: [ERROR:gles2_cmd_decoder.cc(3852)] [.ChromiumCompositor-0xacbb2fc0]GL ERROR :GL_INVALID_ENUM : glDiscardFramebufferEXT: attachments was GL_COLOR_EXT
06-28 13:11:02.281 24756 24803 E chromium: [ERROR:gles2_cmd_decoder.cc(3852)] [.ChromiumCompositor-0xacbb2fc0]GL ERROR :GL_INVALID_ENUM : glDiscardFramebufferEXT: attachments was GL_COLOR_EXT
06-28 13:11:02.298 24756 24803 E chromium: [ERROR:gles2_cmd_decoder.cc(3852)] [.ChromiumCompositor-0xacbb2fc0]GL ERROR :GL_INVALID_ENUM : glDiscardFramebufferEXT: attachments was GL_COLOR_EXT
06-28 13:11:02.316 24756 24803 E chromium: [ERROR:gles2_cmd_decoder.cc(3852)] [.ChromiumCompositor-0xacbb2fc0]GL ERROR :GL_INVALID_ENUM : glDiscardFramebufferEXT: attachments was GL_COLOR_EXT
06-28 13:11:02.334 24756 24803 E chromium: [ERROR:gles2_cmd_decoder.cc(3852)] [.ChromiumCompositor-0xacbb2fc0]GL ERROR :GL_INVALID_ENUM : glDiscardFramebufferEXT: attachments was GL_COLOR_EXT
06-28 13:11:02.350 24756 24803 E chromium: [ERROR:gles2_cmd_decoder.cc(3852)] [.ChromiumCompositor-0xacbb2fc0]GL ERROR :GL_INVALID_ENUM : glDiscardFramebufferEXT: attachments was GL_COLOR_EXT
06-28 13:11:02.366 24756 24803 E chromium: [ERROR:gles2_cmd_decoder.cc(3852)] [.ChromiumCompositor-0xacbb2fc0]GL ERROR :GL_INVALID_ENUM : glDiscardFramebufferEXT: attachments was GL_COLOR_EXT
06-28 13:11:02.382 24756 24803 E chromium: [ERROR:gles2_cmd_decoder.cc(3852)] [.ChromiumCompositor-0xacbb2fc0]GL ERROR :GL_INVALID_ENUM : glDiscardFramebufferEXT: attachments was GL_COLOR_EXT
06-28 13:11:02.400 24756 24803 E chromium: [ERROR:gles2_cmd_decoder.cc(3852)] [.ChromiumCompositor-0xacbb2fc0]GL ERROR :GL_INVALID_ENUM : glDiscardFramebufferEXT: attachments was GL_COLOR_EXT
06-28 13:11:02.416 24756 24803 E chromium: [ERROR:gles2_cmd_decoder.cc(3852)] [.ChromiumCompositor-0xacbb2fc0]GL ERROR :GL_INVALID_ENUM : glDiscardFramebufferEXT: attachments was GL_COLOR_EXT
06-28 13:11:02.436 24756 24803 E chromium: [ERROR:gles2_cmd_decoder.cc(3852)] [.ChromiumCompositor-0xacbb2fc0]GL ERROR :GL_INVALID_ENUM : glDiscardFramebufferEXT: attachments was GL_COLOR_EXT
06-28 13:11:02.452 24756 24803 E chromium: [ERROR:gles2_cmd_decoder.cc(3852)] [.ChromiumCompositor-0xacbb2fc0]GL ERROR :GL_INVALID_ENUM : glDiscardFramebufferEXT: attachments was GL_COLOR_EXT
06-28 13:11:02.456 24756 24803 E chromium: [ERROR:gles2_cmd_decoder.cc(3852)] [.ChromiumCompositor-0xacbb2fc0]GL ERROR :GL_INVALID_ENUM : glDiscardFramebufferEXT: attachments was GL_COLOR_EXT
06-28 13:11:02.483 24756 24803 E chromium: [ERROR:gles2_cmd_decoder.cc(3852)] [.ChromiumCompositor-0xacbb2fc0]GL ERROR :GL_INVALID_ENUM : glDiscardFramebufferEXT: attachments was GL_COLOR_EXT
06-28 13:11:02.486 24756 24803 E chromium: [ERROR:gles2_cmd_decoder.cc(3852)] [.ChromiumCompositor-0xacbb2fc0]GL ERROR :GL_INVALID_ENUM : glDiscardFramebufferEXT: attachments was GL_COLOR_EXT
06-28 13:11:02.519 24756 24803 E chromium: [ERROR:gles2_cmd_decoder.cc(3852)] [.ChromiumCompositor-0xacbb2fc0]GL ERROR :GL_INVALID_ENUM : glDiscardFramebufferEXT: attachments was GL_COLOR_EXT
06-28 13:11:02.522 24756 24803 E chromium: [ERROR:gles2_cmd_decoder.cc(3852)] [.ChromiumCompositor-0xacbb2fc0]GL ERROR :GL_INVALID_ENUM : glDiscardFramebufferEXT: attachments was GL_COLOR_EXT
06-28 13:11:02.539 24756 24803 E chromium: [ERROR:gles2_cmd_decoder.cc(3852)] [.ChromiumCompositor-0xacbb2fc0]GL ERROR :GL_INVALID_ENUM : glDiscardFramebufferEXT: attachments was GL_COLOR_EXT
06-28 13:11:02.568 24756 24803 E chromium: [ERROR:gles2_cmd_decoder.cc(3852)] [.ChromiumCompositor-0xacbb2fc0]GL ERROR :GL_INVALID_ENUM : glDiscardFramebufferEXT: attachments was GL_COLOR_EXT
06-28 13:11:02.584 24756 24803 E chromium: [ERROR:gles2_cmd_decoder.cc(3852)] [.ChromiumCompositor-0xacbb2fc0]GL ERROR :GL_INVALID_ENUM : glDiscardFramebufferEXT: attachments was GL_COLOR_EXT
06-28 13:11:02.588 24756 24803 E chromium: [ERROR:gles2_cmd_decoder.cc(3852)] [.ChromiumCompositor-0xacbb2fc0]GL ERROR :GL_INVALID_ENUM : glDiscardFramebufferEXT: attachments was GL_COLOR_EXT
06-28 13:11:02.616 24756 24803 E chromium: [ERROR:gles2_cmd_decoder.cc(3852)] [.ChromiumCompositor-0xacbb2fc0]GL ERROR :GL_INVALID_ENUM : glDiscardFramebufferEXT: attachments was GL_COLOR_EXT
06-28 13:11:02.635   862  1657 E LocSvc_IzatApiV02: E/virtual int izat_core::IzatApiV02::getBatchSize(int32_t):522]: Error : st = 4, ind.status = -1628389555
06-28 13:11:02.635   862  1657 E LocSvc_IzatApiV02: E/virtual int izat_core::IzatApiV02::getBatchSize(int32_t):535]: get batching size failed.Or modem does not support batching 
06-28 13:11:02.637 24756 24803 E chromium: [ERROR:gles2_cmd_decoder.cc(3852)] [.ChromiumCompositor-0xacbb2fc0]GL ERROR :GL_INVALID_ENUM : glDiscardFramebufferEXT: attachments was GL_COLOR_EXT
06-28 13:11:02.639 24756 24803 E chromium: [ERROR:gles2_cmd_decoder.cc(3852)] [.ChromiumCompositor-0xacbb2fc0]GL ERROR :GL_INVALID_ENUM : glDiscardFramebufferEXT: attachments was GL_COLOR_EXT
06-28 13:11:02.644   862  1657 E LocSvc_IzatApiV02: E/virtual int izat_core::IzatApiV02::getBatchSize(int32_t):522]: Error : st = 4, ind.status = -1628389555
06-28 13:11:02.644   862  1657 E LocSvc_IzatApiV02: E/virtual int izat_core::IzatApiV02::getBatchSize(int32_t):535]: get batching size failed.Or modem does not support batching 
06-28 13:11:02.654 24756 24803 E chromium: [ERROR:gles2_cmd_decoder.cc(3852)] [.ChromiumCompositor-0xacbb2fc0]GL ERROR :GL_INVALID_ENUM : glDiscardFramebufferEXT: attachments was GL_COLOR_EXT
06-28 13:11:02.674   862  1657 E LocSvc_IzatApiV02: E/virtual int izat_core::IzatApiV02::getBatchSize(int32_t):522]: Error : st = 4, ind.status = -1628389555
06-28 13:11:02.674   862  1657 E LocSvc_IzatApiV02: E/virtual int izat_core::IzatApiV02::getBatchSize(int32_t):535]: get batching size failed.Or modem does not support batching 
06-28 13:11:02.684 24756 24803 E chromium: [ERROR:gles2_cmd_decoder.cc(3852)] [.ChromiumCompositor-0xacbb2fc0]GL ERROR :GL_INVALID_ENUM : glDiscardFramebufferEXT: attachments was GL_COLOR_EXT
06-28 13:11:02.686   862  1657 E LocSvc_IzatApiV02: E/virtual int izat_core::IzatApiV02::getBatchSize(int32_t):522]: Error : st = 4, ind.status = -1628389555
06-28 13:11:02.686   862  1657 E LocSvc_IzatApiV02: E/virtual int izat_core::IzatApiV02::getBatchSize(int32_t):535]: get batching size failed.Or modem does not support batching 
06-28 13:11:02.697 24826 24839 E WPROF   : {"Javascript": {"url": "https://cdn.ampproject.org/rtv/011498506512561/v0/amp-crypto-polyfill-0.1.js", "requestTime": 16539.753007}}
06-28 13:11:02.701 24756 24803 E chromium: [ERROR:gles2_cmd_decoder.cc(3852)] [.ChromiumCompositor-0xacbb2fc0]GL ERROR :GL_INVALID_ENUM : glDiscardFramebufferEXT: attachments was GL_COLOR_EXT
06-28 13:11:02.717 24756 24803 E chromium: [ERROR:gles2_cmd_decoder.cc(3852)] [.ChromiumCompositor-0xacbb2fc0]GL ERROR :GL_INVALID_ENUM : glDiscardFramebufferEXT: attachments was GL_COLOR_EXT
06-28 13:11:02.719 24756 24803 E chromium: [ERROR:gles2_cmd_decoder.cc(3852)] [.ChromiumCompositor-0xacbb2fc0]GL ERROR :GL_INVALID_ENUM : glDiscardFramebufferEXT: attachments was GL_COLOR_EXT
06-28 13:11:02.750 24756 24803 E chromium: [ERROR:gles2_cmd_decoder.cc(3852)] [.ChromiumCompositor-0xacbb2fc0]GL ERROR :GL_INVALID_ENUM : glDiscardFramebufferEXT: attachments was GL_COLOR_EXT
06-28 13:11:02.767 24756 24803 E chromium: [ERROR:gles2_cmd_decoder.cc(3852)] [.ChromiumCompositor-0xacbb2fc0]GL ERROR :GL_INVALID_ENUM : glDiscardFramebufferEXT: attachments was GL_COLOR_EXT
06-28 13:11:02.784 24756 24803 E chromium: [ERROR:gles2_cmd_decoder.cc(3852)] [.ChromiumCompositor-0xacbb2fc0]GL ERROR :GL_INVALID_ENUM : glDiscardFramebufferEXT: attachments was GL_COLOR_EXT
06-28 13:11:02.802 24756 24803 E chromium: [ERROR:gles2_cmd_decoder.cc(3852)] [.ChromiumCompositor-0xacbb2fc0]GL ERROR :GL_INVALID_ENUM : glDiscardFramebufferEXT: attachments was GL_COLOR_EXT
06-28 13:11:02.806 24756 24803 E chromium: [ERROR:gles2_cmd_decoder.cc(3852)] [.ChromiumCompositor-0xacbb2fc0]GL ERROR :GL_INVALID_ENUM : glDiscardFramebufferEXT: attachments was GL_COLOR_EXT
06-28 13:11:02.833 24826 24839 E WProf.db: {"page": "searchengineland-com.cdn.ampproject.org_c_searchengineland.com_way-early-adwords-holiday-testing-guide-256319_amp"}
06-28 13:11:02.833 24826 24839 E WProf.db: {"DOMLoad": 16539.888531}
06-28 13:11:02.833 24826 24839 E WProf.db: {"Resource": {"id": 1, "url": "https://searchengineland-com.cdn.ampproject.org/c/searchengineland.com/way-early-adwords-holiday-testing-guide-256319/amp", "sentTime": -1.000000, "len": 44225, "from": "0x0", "mimeType": "text/html", "contentLength": -1, "httpStatus": 200, "connId": 22, "connReused": 0, "cached": 0,"requestTime": 16536.946339, "proxyStart": -1, "proxyEnd": -1, "dnsStart": 0, "dnsEnd": 0, "connectStart": 0, "connectEnd": 151, "sendStart": 151, "sendEnd": 152, "receiveHeadersEnd": 432, "sslStart": 0, "sslEnd": 150}}
06-28 13:11:02.833 24826 24839 E WProf.db: {"ReceivedChunk": {"receivedTime": 16537.398252, "len": 11587}}
06-28 13:11:02.833 24826 24839 E WProf.db: {"ReceivedChunk": {"receivedTime": 16537.468943, "len": 11544}}
06-28 13:11:02.833 24826 24839 E WProf.db: {"ReceivedChunk": {"receivedTime": 16537.469171, "len": 21094}}
06-28 13:11:02.833 24826 24839 E WProf.db: {"WprofHTMLTag": {"code": "0xaedd9660", "doc": "https://searchengineland-com.cdn.ampproject.org/c/searchengineland.com/way-early-adwords-holiday-testing-guide-256319/amp", "row": 0, "column": 25, "tagName": "html", "time": 16537.472061, "url": "", "pos": 1, "chunkLen": 1, "isStartTag": 1}}
06-28 13:11:02.833 24826 24839 E WProf.db: {"WprofHTMLTag": {"code": "0xaedd92a0", "doc": "https://searchengineland-com.cdn.ampproject.org/c/searchengineland.com/way-early-adwords-holiday-testing-guide-256319/amp", "row": 0, "column": 31, "tagName": "head", "time": 16537.472505, "url": "", "pos": 1, "chunkLen": 1, "isStartTag": 1}}
06-28 13:11:02.834 24826 24839 E WProf.db: {"WprofHTMLTag": {"code": "0xaf047820", "doc": "https://searchengineland-com.cdn.ampproject.org/c/searchengineland.com/way-early-adwords-holiday-testing-guide-256319/amp", "row": 0, "column": 53, "tagName": "meta", "time": 16537.472530, "url": "", "pos": 1, "chunkLen": 1, "isStartTag": 1}}
06-28 13:11:02.834 24826 24839 E WProf.db: {"WprofHTMLTag": {"code": "0xaf047850", "doc": "https://searchengineland-com.cdn.ampproject.org/c/searchengineland.com/way-early-adwords-holiday-testing-guide-256319/amp", "row": 0, "column": 88, "tagName": "meta", "time": 16537.472634, "url": "", "pos": 1, "chunkLen": 1, "isStartTag": 1}}
06-28 13:11:02.834 24826 24839 E WProf.db: {"WprofHTMLTag": {"code": "0xaf047880", "doc": "https://searchengineland-com.cdn.ampproject.org/c/searchengineland.com/way-early-adwords-holiday-testing-guide-256319/amp", "row": 0, "column": 122, "tagName": "meta", "time": 16537.472739, "url": "", "pos": 1, "chunkLen": 1, "isStartTag": 1}}
06-28 13:11:02.834 24826 24839 E WProf.db: {"WprofHTMLTag": {"code": "0xaf0478b0", "doc": "https://searchengineland-com.cdn.ampproject.org/c/searchengineland.com/way-early-adwords-holiday-testing-guide-256319/amp", "row": 0, "column": 247, "tagName": "meta", "time": 16537.472914, "url": "", "pos": 1, "chunkLen": 1, "isStartTag": 1}}
06-28 13:11:02.834 24826 24839 E WProf.db: {"WprofHTMLTag": {"code": "0xaf0479a0", "doc": "https://searchengineland-com.cdn.ampproject.org/c/searchengineland.com/way-early-adwords-holiday-testing-guide-256319/amp", "row": 0, "column": 303, "tagName": "meta", "time": 16537.473179, "url": "", "pos": 1, "chunkLen": 1, "isStartTag": 1}}
06-28 13:11:02.834 24826 24839 E WProf.db: {"WprofHTMLTag": {"code": "0xaf0479d0", "doc": "https://searchengineland-com.cdn.ampproject.org/c/searchengineland.com/way-early-adwords-holiday-testing-guide-256319/amp", "row": 0, "column": 477, "tagName": "meta", "time": 16537.473299, "url": "", "pos": 1, "chunkLen": 1, "isStartTag": 1}}
06-28 13:11:02.834 24826 24839 E WProf.db: {"WprofHTMLTag": {"code": "0xaf047a00", "doc": "https://searchengineland-com.cdn.ampproject.org/c/searchengineland.com/way-early-adwords-holiday-testing-guide-256319/amp", "row": 0, "column": 562, "tagName": "meta", "time": 16537.473401, "url": "", "pos": 1, "chunkLen": 1, "isStartTag": 1}}
06-28 13:11:02.834 24756 24803 E chromium: [ERROR:gles2_cmd_decoder.cc(3852)] [.ChromiumCompositor-0xacbb2fc0]GL ERROR :GL_INVALID_ENUM : glDiscardFramebufferEXT: attachments was GL_COLOR_EXT
06-28 13:11:02.834 24826 24839 E WProf.db: {"WprofHTMLTag": {"code": "0xaf047a90", "doc": "https://searchengineland-com.cdn.ampproject.org/c/searchengineland.com/way-early-adwords-holiday-testing-guide-256319/amp", "row": 0, "column": 611, "tagName": "meta", "time": 16537.473502, "url": "", "pos": 1, "chunkLen": 1, "isStartTag": 1}}
06-28 13:11:02.835 24826 24839 E WProf.db: {"WprofHTMLTag": {"code": "0xaf047ac0", "doc": "https://searchengineland-com.cdn.ampproject.org/c/searchengineland.com/way-early-adwords-holiday-testing-guide-256319/amp", "row": 0, "column": 747, "tagName": "meta", "time": 16537.473600, "url": "", "pos": 1, "chunkLen": 1, "isStartTag": 1}}
06-28 13:11:02.835 24826 24839 E WProf.db: {"WprofHTMLTag": {"code": "0xaf047af0", "doc": "https://searchengineland-com.cdn.ampproject.org/c/searchengineland.com/way-early-adwords-holiday-testing-guide-256319/amp", "row": 0, "column": 800, "tagName": "meta", "time": 16537.473700, "url": "", "pos": 1, "chunkLen": 1, "isStartTag": 1}}
06-28 13:11:02.835 24826 24839 E WProf.db: {"WprofHTMLTag": {"code": "0xaf047a60", "doc": "https://searchengineland-com.cdn.ampproject.org/c/searchengineland.com/way-early-adwords-holiday-testing-guide-256319/amp", "row": 0, "column": 843, "tagName": "meta", "time": 16537.473809, "url": "", "pos": 1, "chunkLen": 1, "isStartTag": 1}}
06-28 13:11:02.835 24826 24839 E WProf.db: {"WprofHTMLTag": {"code": "0xaf047a30", "doc": "https://searchengineland-com.cdn.ampproject.org/c/searchengineland.com/way-early-adwords-holiday-testing-guide-256319/amp", "row": 0, "column": 884, "tagName": "meta", "time": 16537.473912, "url": "", "pos": 1, "chunkLen": 1, "isStartTag": 1}}
06-28 13:11:02.835 24826 24839 E WProf.db: {"WprofHTMLTag": {"code": "0xaf047b20", "doc": "https://searchengineland-com.cdn.ampproject.org/c/searchengineland.com/way-early-adwords-holiday-testing-guide-256319/amp", "row": 0, "column": 968, "tagName": "meta", "time": 16537.474015, "url": "", "pos": 1, "chunkLen": 1, "isStartTag": 1}}
06-28 13:11:02.835 24826 24839 E WProf.db: {"WprofHTMLTag": {"code": "0xaf047b50", "doc": "https://searchengineland-com.cdn.ampproject.org/c/searchengineland.com/way-early-adwords-holiday-testing-guide-256319/amp", "row": 0, "column": 1141, "tagName": "meta", "time": 16537.474121, "url": "", "pos": 1, "chunkLen": 1, "isStartTag": 1}}
06-28 13:11:02.835 24826 24839 E WProf.db: {"WprofHTMLTag": {"code": "0xaf047b80", "doc": "https://searchengineland-com.cdn.ampproject.org/c/searchengineland.com/way-early-adwords-holiday-testing-guide-256319/amp", "row": 0, "column": 1250, "tagName": "meta", "time": 16537.474218, "url": "", "pos": 1, "chunkLen": 1, "isStartTag": 1}}
06-28 13:11:02.835 24826 24839 E WProf.db: {"WprofHTMLTag": {"code": "0xaf047bb0", "doc": "https://searchengineland-com.cdn.ampproject.org/c/searchengineland.com/way-early-adwords-holiday-testing-guide-256319/amp", "row": 0, "column": 1309, "tagName": "meta", "time": 16537.474324, "url": "", "pos": 1, "chunkLen": 1, "isStartTag": 1}}
06-28 13:11:02.835 24826 24839 E WProf.db: {"WprofHTMLTag": {"code": "0xaf047be0", "doc": "https://searchengineland-com.cdn.ampproject.org/c/searchengineland.com/way-early-adwords-holiday-testing-guide-256319/amp", "row": 0, "column": 1378, "tagName": "meta", "time": 16537.474422, "url": "", "pos": 1, "chunkLen": 1, "isStartTag": 1}}
06-28 13:11:02.835 24826 24839 E WProf.db: {"WprofHTMLTag": {"code": "0xaf047c10", "doc": "https://searchengineland-com.cdn.ampproject.org/c/searchengineland.com/way-early-adwords-holiday-testing-guide-256319/amp", "row": 0, "column": 1513, "tagName": "meta", "time": 16537.474522, "url": "", "pos": 1, "chunkLen": 1, "isStartTag": 1}}
06-28 13:11:02.835 24826 24839 E WProf.db: {"WprofHTMLTag": {"code": "0xaf047c40", "doc": "https://searchengineland-com.cdn.ampproject.org/c/searchengineland.com/way-early-adwords-holiday-testing-guide-256319/amp", "row": 0, "column": 1558, "tagName": "meta", "time": 16537.474623, "url": "", "pos": 1, "chunkLen": 1, "isStartTag": 1}}
06-28 13:11:02.835 24826 24839 E WProf.db: {"WprofHTMLTag": {"code": "0xaf047c70", "doc": "https://searchengineland-com.cdn.ampproject.org/c/searchengineland.com/way-early-adwords-holiday-testing-guide-256319/amp", "row": 0, "column": 1604, "tagName": "meta", "time": 16537.474718, "url": "", "pos": 1, "chunkLen": 1, "isStartTag": 1}}
06-28 13:11:02.835 24826 24839 E WProf.db: {"WprofHTMLTag": {"code": "0xaf047ca0", "doc": "https://searchengineland-com.cdn.ampproject.org/c/searchengineland.com/way-early-adwords-holiday-testing-guide-256319/amp", "row": 0, "column": 1677, "tagName": "script", "time": 16537.474819, "url": "https://cdn.ampproject.org/rtv/011498506512561/v0.js", "pos": 1, "chunkLen": 1, "isStartTag": 1}}
06-28 13:11:02.836 24826 24839 E WProf.db: {"WprofHTMLTag": {"code": "0xaf047cd0", "doc": "https://searchengineland-com.cdn.ampproject.org/c/searchengineland.com/way-early-adwords-holiday-testing-guide-256319/amp", "row": 0, "column": 1686, "tagName": "script", "time": 16537.475079, "url": "", "pos": 1, "chunkLen": 1, "isStartTag": 0}}
06-28 13:11:02.836 24826 24839 E WProf.db: {"WprofHTMLTag": {"code": "0xaf047d00", "doc": "https://searchengineland-com.cdn.ampproject.org/c/searchengineland.com/way-early-adwords-holiday-testing-guide-256319/amp", "row": 0, "column": 1794, "tagName": "script", "time": 16537.475689, "url": "https://cdn.ampproject.org/rtv/011498506512561/v0/amp-ad-0.1.js", "pos": 1, "chunkLen": 1, "isStartTag": 1}}
06-28 13:11:02.836 24826 24839 E WProf.db: {"WprofHTMLTag": {"code": "0xaf047d60", "doc": "https://searchengineland-com.cdn.ampproject.org/c/searchengineland.com/way-early-adwords-holiday-testing-guide-256319/amp", "row": 0, "column": 1803, "tagName": "script", "time": 16537.475944, "url": "", "pos": 1, "chunkLen": 1, "isStartTag": 0}}
06-28 13:11:02.836 24826 24839 E WProf.db: {"WprofHTMLTag": {"code": "0xaf047d90", "doc": "https://searchengineland-com.cdn.ampproject.org/c/searchengineland.com/way-early-adwords-holiday-testing-guide-256319/amp", "row": 0, "column": 1925, "tagName": "script", "time": 16537.476417, "url": "https://cdn.ampproject.org/rtv/011498506512561/v0/amp-analytics-0.1.js", "pos": 1, "chunkLen": 1, "isStartTag": 1}}
06-28 13:11:02.836 24826 24839 E WProf.db: {"WprofHTMLTag": {"code": "0xaf047df0", "doc": "https://searchengineland-com.cdn.ampproject.org/c/searchengineland.com/way-early-adwords-holiday-testing-guide-256319/amp", "row": 0, "column": 1934, "tagName": "script", "time": 16537.476674, "url": "", "pos": 1, "chunkLen": 1, "isStartTag": 0}}
06-28 13:11:02.836 24826 24839 E WProf.db: {"WprofHTMLTag": {"code": "0xaf047e20", "doc": "https://searchengineland-com.cdn.ampproject.org/c/searchengineland.com/way-early-adwords-holiday-testing-guide-256319/amp", "row": 0, "column": 2046, "tagName": "script", "time": 16537.477122, "url": "https://cdn.ampproject.org/rtv/011498506512561/v0/amp-anim-0.1.js", "pos": 1, "chunkLen": 1, "isStartTag": 1}}
06-28 13:11:02.836 24826 24839 E WProf.db: {"WprofHTMLTag": {"code": "0xaf047e80", "doc": "https://searchengineland-com.cdn.ampproject.org/c/searchengineland.com/way-early-adwords-holiday-testing-guide-256319/amp", "row": 0, "column": 2055, "tagName": "script", "time": 16537.477380, "url": "", "pos": 1, "chunkLen": 1, "isStartTag": 0}}
06-28 13:11:02.837 24826 24839 E WProf.db: {"WprofHTMLTag": {"code": "0xaf047eb0", "doc": "https://searchengineland-com.cdn.ampproject.org/c/searchengineland.com/way-early-adwords-holiday-testing-guide-256319/amp", "row": 0, "column": 2167, "tagName": "script", "time": 16537.478130, "url": "https://cdn.ampproject.org/rtv/011498506512561/v0/amp-form-0.1.js", "pos": 1, "chunkLen": 1, "isStartTag": 1}}
06-28 13:11:02.837 24826 24839 E WProf.db: {"WprofHTMLTag": {"code": "0xaf047f10", "doc": "https://searchengineland-com.cdn.ampproject.org/c/searchengineland.com/way-early-adwords-holiday-testing-guide-256319/amp", "row": 0, "column": 2176, "tagName": "script", "time": 16537.478403, "url": "", "pos": 1, "chunkLen": 1, "isStartTag": 0}}
06-28 13:11:02.837 24826 24839 E WProf.db: {"WprofHTMLTag": {"code": "0xaf047f40", "doc": "https://searchengineland-com.cdn.ampproject.org/c/searchengineland.com/way-early-adwords-holiday-testing-guide-256319/amp", "row": 0, "column": 2294, "tagName": "script", "time": 16537.478895, "url": "https://cdn.ampproject.org/rtv/011498506512561/v0/amp-sidebar-0.1.js", "pos": 1, "chunkLen": 1, "isStartTag": 1}}
06-28 13:11:02.837 24826 24839 E WProf.db: {"WprofHTMLTag": {"code": "0xaf047fa0", "doc": "https://searchengineland-com.cdn.ampproject.org/c/searchengineland.com/way-early-adwords-holiday-testing-guide-256319/amp", "row": 0, "column": 2303, "tagName": "script", "time": 16537.479170, "url": "", "pos": 1, "chunkLen": 1, "isStartTag": 0}}
06-28 13:11:02.837 24826 24839 E WProf.db: {"WprofHTMLTag": {"code": "0xaf047fd0", "doc": "https://searchengineland-com.cdn.ampproject.org/c/searchengineland.com/way-early-adwords-holiday-testing-guide-256319/amp", "row": 0, "column": 2417, "tagName": "script", "time": 16537.479665, "url": "https://cdn.ampproject.org/rtv/011498506512561/v0/amp-video-0.1.js", "pos": 1, "chunkLen": 1, "isStartTag": 1}}
06-28 13:11:02.837 24826 24839 E WProf.db: {"WprofHTMLTag": {"code": "0xb4cc7540", "doc": "https://searchengineland-com.cdn.ampproject.org/c/searchengineland.com/way-early-adwords-holiday-testing-guide-256319/amp", "row": 0, "column": 2426, "tagName": "script", "time": 16537.479916, "url": "", "pos": 1, "chunkLen": 1, "isStartTag": 0}}
06-28 13:11:02.837 24826 24839 E WProf.db: {"WprofHTMLTag": {"code": "0xb4cc78a0", "doc": "https://searchengineland-com.cdn.ampproject.org/c/searchengineland.com/way-early-adwords-holiday-testing-guide-256319/amp", "row": 0, "column": 2544, "tagName": "script", "time": 16537.482878, "url": "https://cdn.ampproject.org/rtv/011498506512561/v0/amp-youtube-0.1.js", "pos": 1, "chunkLen": 1, "isStartTag": 1}}
06-28 13:11:02.837 24826 24839 E WProf.db: {"WprofHTMLTag": {"code": "0xb4cc7900", "doc": "https://searchengineland-com.cdn.ampproject.org/c/searchengineland.com/way-early-adwords-holiday-testing-guide-256319/amp", "row": 0, "column": 2553, "tagName": "script", "time": 16537.483183, "url": "", "pos": 1, "chunkLen": 1, "isStartTag": 0}}
06-28 13:11:02.837 24826 24839 E WProf.db: {"WprofHTMLTag": {"code": "0xaedd9690", "doc": "https://searchengineland-com.cdn.ampproject.org/c/searchengineland.com/way-early-adwords-holiday-testing-guide-256319/amp", "row": 0, "column": 2611, "tagName": "link", "time": 16537.484232, "url": "https://searchengineland-com.cdn.ampproject.org/i/searchengineland.com/favicon.ico", "pos": 1, "chunkLen": 1, "isStartTag": 1}}
06-28 13:11:02.838 24826 24839 E WProf.db: {"WprofHTMLTag": {"code": "0xb4cc7930", "doc": "https://searchengineland-com.cdn.ampproject.org/c/searchengineland.com/way-early-adwords-holiday-testing-guide-256319/amp", "row": 0, "column": 2698, "tagName": "link", "time": 16537.485449, "url": "https://fonts.googleapis.com/css?family=Oswald:300,400,700", "pos": 1, "chunkLen": 1, "isStartTag": 1}}
06-28 13:11:02.838 24826 24839 E WProf.db: {"WprofHTMLTag": {"code": "0xb4cc7a20", "doc": "https://searchengineland-com.cdn.ampproject.org/c/searchengineland.com/way-early-adwords-holiday-testing-guide-256319/amp", "row": 0, "column": 2767, "tagName": "link", "time": 16537.486004, "url": "https://fonts.gstatic.com/", "pos": 1, "chunkLen": 1, "isStartTag": 1}}
06-28 13:11:02.838 24826 24839 E WProf.db: {"WprofHTMLTag": {"code": "0xb4cc7a50", "doc": "https://searchengineland-com.cdn.ampproject.org/c/searchengineland.com/way-early-adwords-holiday-testing-guide-256319/amp", "row": 0, "column": 2876, "tagName": "link", "time": 16537.486200, "url": "https://fonts.googleapis.com/css?family=Merriweather:400,400italic,700,700italic", "pos": 1, "chunkLen": 1, "isStartTag": 1}}
06-28 13:11:02.838 24826 24839 E WProf.db: {"WprofHTMLTag": {"code": "0xb4cc7a80", "doc": "https://searchengineland-com.cdn.ampproject.org/c/searchengineland.com/way-early-adwords-holiday-testing-guide-256319/amp", "row": 0, "column": 2894, "tagName": "style", "time": 16537.486852, "url": "", "pos": 1, "chunkLen": 1, "isStartTag": 1}}
06-28 13:11:02.838 24826 24839 E WProf.db: {"WprofHTMLTag": {"code": "0xb4cc7ab0", "doc": "https://searchengineland-com.cdn.ampproject.org/c/searchengineland.com/way-early-adwords-holiday-testing-guide-256319/amp", "row": 612, "column": 9, "tagName": "style", "time": 16537.487114, "url": "", "pos": 1, "chunkLen": 1, "isStartTag": 0}}
06-28 13:11:02.839 24826 24839 E WProf.db: {"WprofHTMLTag": {"code": "0xb4cc8110", "doc": "https://searchengineland-com.cdn.ampproject.org/c/searchengineland.com/way-early-adwords-holiday-testing-guide-256319/amp", "row": 612, "column": 16, "tagName": "title", "time": 16537.495471, "url": "", "pos": 1, "chunkLen": 1, "isStartTag": 1}}
06-28 13:11:02.839 24826 24839 E WProf.db: {"WprofHTMLTag": {"code": "0xb4cc8140", "doc": "https://searchengineland-com.cdn.ampproject.org/c/searchengineland.com/way-early-adwords-holiday-testing-guide-256319/amp", "row": 612, "column": 71, "tagName": "title", "time": 16537.495837, "url": "", "pos": 1, "chunkLen": 1, "isStartTag": 0}}
06-28 13:11:02.839 24826 24839 E WProf.db: {"WprofHTMLTag": {"code": "0xb4cc8170", "doc": "https://searchengineland-com.cdn.ampproject.org/c/searchengineland.com/way-early-adwords-holiday-testing-guide-256319/amp", "row": 612, "column": 173, "tagName": "link", "time": 16537.495851, "url": "http://searchengineland.com/way-early-adwords-holiday-testing-guide-256319", "pos": 1, "chunkLen": 1, "isStartTag": 1}}
06-28 13:11:02.839 24826 24839 E WProf.db: {"WprofHTMLTag": {"code": "0xb4cc81a0", "doc": "https://searchengineland-com.cdn.ampproject.org/c/searchengineland.com/way-early-adwords-holiday-testing-guide-256319/amp", "row": 612, "column": 294, "tagName": "script", "time": 16537.496065, "url": "https://cdn.ampproject.org/rtv/011498506512561/v0/amp-mustache-0.1.js", "pos": 1, "chunkLen": 1, "isStartTag": 1}}
06-28 13:11:02.839 24826 24839 E WProf.db: {"WprofHTMLTag": {"code": "0xb4cc8200", "doc": "https://searchengineland-com.cdn.ampproject.org/c/searchengineland.com/way-early-adwords-holiday-testing-guide-256319/amp", "row": 612, "column": 303, "tagName": "script", "time": 16537.496308, "url": "", "pos": 1, "chunkLen": 1, "isStartTag": 0}}
06-28 13:11:02.839 24826 24839 E WProf.db: {"WprofHTMLTag": {"code": "0xb4cc8230", "doc": "https://searchengineland-com.cdn.ampproject.org/c/searchengineland.com/way-early-adwords-holiday-testing-guide-256319/amp", "row": 612, "column": 326, "tagName": "style", "time": 16537.497010, "url": "", "pos": 1, "chunkLen": 1, "isStartTag": 1}}
06-28 13:11:02.839 24826 24839 E WProf.db: {"WprofHTMLTag": {"code": "0xb4cc8260", "doc": "https://searchengineland-com.cdn.ampproject.org/c/searchengineland.com/way-early-adwords-holiday-testing-guide-256319/amp", "row": 612, "column": 950, "tagName": "style", "time": 16537.497166, "url": "", "pos": 1, "chunkLen": 1, "isStartTag": 0}}
06-28 13:11:02.839 24826 24839 E WProf.db: {"WprofHTMLTag": {"code": "0xb4cc8290", "doc": "https://searchengineland-com.cdn.ampproject.org/c/searchengineland.com/way-early-adwords-holiday-testing-guide-256319/amp", "row": 612, "column": 960, "tagName": "noscript", "time": 16537.497556, "url": "", "pos": 1, "chunkLen": 1, "isStartTag": 1}}
06-28 13:11:02.839 24826 24839 E WProf.db: {"WprofHTMLTag": {"code": "0xb4cc82c0", "doc": "https://searchengineland-com.cdn.ampproject.org/c/searchengineland.com/way-early-adwords-holiday-testing-guide-256319/amp", "row": 612, "column": 1103, "tagName": "noscript", "time": 16537.497583, "url": "", "pos": 1, "chunkLen": 1, "isStartTag": 0}}
06-28 13:11:02.839 24826 24839 E WProf.db: {"WprofHTMLTag": {"code": "0xb4cc82f0", "doc": "https://searchengineland-com.cdn.ampproject.org/c/searchengineland.com/way-early-adwords-holiday-testing-guide-256319/amp", "row": 612, "column": 1110, "tagName": "head", "time": 16537.497591, "url": "", "pos": 1, "chunkLen": 1, "isStartTag": 0}}
06-28 13:11:02.839 24826 24839 E WProf.db: {"WprofHTMLTag": {"code": "0xb4cc8350", "doc": "https://searchengineland-com.cdn.ampproject.org/c/searchengineland.com/way-early-adwords-holiday-testing-guide-256319/amp", "row": 612, "column": 1116, "tagName": "body", "time": 16537.497596, "url": "", "pos": 1, "chunkLen": 1, "isStartTag": 1}}
06-28 13:11:02.839 24826 24839 E WProf.db: {"WprofHTMLTag": {"code": "0xb4cc8380", "doc": "https://searchengineland-com.cdn.ampproject.org/c/searchengineland.com/way-early-adwords-holiday-testing-guide-256319/amp", "row": 613, "column": 48, "tagName": "amp-sidebar", "time": 16537.497737, "url": "", "pos": 1, "chunkLen": 1, "isStartTag": 1}}
06-28 13:11:02.840 24826 24839 E WProf.db: {"WprofHTMLTag": {"code": "0xb4cc83b0", "doc": "https://searchengineland-com.cdn.ampproject.org/c/searchengineland.com/way-early-adwords-holiday-testing-guide-256319/amp", "row": 614, "column": 6, "tagName": "ul", "time": 16537.497896, "url": "", "pos": 1, "chunkLen": 1, "isStartTag": 1}}
06-28 13:11:02.840 24826 24839 E WProf.db: {"WprofHTMLTag": {"code": "0xb4cc83e0", "doc": "https://searchengineland-com.cdn.ampproject.org/c/searchengineland.com/way-early-adwords-holiday-testing-guide-256319/amp", "row": 615, "column": 7, "tagName": "li", "time": 16537.497927, "url": "", "pos": 1, "chunkLen": 1, "isStartTag": 1}}
06-28 13:11:02.840 24826 24839 E WProf.db: {"WprofHTMLTag": {"code": "0xb4cc9250", "doc": "https://searchengineland-com.cdn.ampproject.org/c/searchengineland.com/way-early-adwords-holiday-testing-guide-256319/amp", "row": 616, "column": 83, "tagName": "a", "time": 16537.497978, "url": "", "pos": 1, "chunkLen": 1, "isStartTag": 1}}
06-28 13:11:02.840 24826 24839 E WProf.db: {"WprofHTMLTag": {"code": "0xb4cc9430", "doc": "https://searchengineland-com.cdn.ampproject.org/c/searchengineland.com/way-early-adwords-holiday-testing-guide-256319/amp", "row": 616, "column": 90, "tagName": "a", "time": 16537.498180, "url": "", "pos": 1, "chunkLen": 1, "isStartTag": 0}}
06-28 13:11:02.840 24826 24839 E WProf.db: {"WprofHTMLTag": {"code": "0xb4cc9460", "doc": "https://searchengineland-com.cdn.ampproject.org/c/searchengineland.com/way-early-adwords-holiday-testing-guide-256319/amp", "row": 617, "column": 8, "tagName": "li", "time": 16537.498203, "url": "", "pos": 1, "chunkLen": 1, "isStartTag": 0}}
06-28 13:11:02.840 24826 24839 E WProf.db: {"WprofHTMLTag": {"code": "0xb4cc9490", "doc": "https://searchengineland-com.cdn.ampproject.org/c/searchengineland.com/way-early-adwords-holiday-testing-guide-256319/amp", "row": 618, "column": 7, "tagName": "li", "time": 16537.498218, "url": "", "pos": 1, "chunkLen": 1, "isStartTag": 1}}
06-28 13:11:02.840 24826 24839 E WProf.db: {"WprofHTMLTag": {"code": "0xb4cc94c0", "doc": "https://searchengineland-com.cdn.ampproject.org/c/searchengineland.com/way-early-adwords-holiday-testing-guide-256319/amp", "row": 619, "column": 83, "tagName": "a", "time": 16537.498251, "url": "", "pos": 1, "chunkLen": 1, "isStartTag": 1}}
06-28 13:11:02.840 24826 24839 E WProf.db: {"WprofHTMLTag": {"code": "0xb4cc9520", "doc": "https://searchengineland-com.cdn.ampproject.org/c/searchengineland.com/way-early-adwords-holiday-testing-guide-256319/amp", "row": 619, "column": 90, "tagName": "a", "time": 16537.498413, "url": "", "pos": 1, "chunkLen": 1, "isStartTag": 0}}
06-28 13:11:02.840 24826 24839 E WProf.db: {"WprofHTMLTag": {"code": "0xaa170000", "doc": "https://searchengineland-com.cdn.ampproject.org/c/searchengineland.com/way-early-adwords-holiday-testing-guide-256319/amp", "row": 620, "column": 8, "tagName": "li", "time": 16537.498478, "url": "", "pos": 1, "chunkLen": 1, "isStartTag": 0}}
06-28 13:11:02.840 24826 24839 E WProf.db: {"WprofHTMLTag": {"code": "0xaa170030", "doc": "https://searchengineland-com.cdn.ampproject.org/c/searchengineland.com/way-early-adwords-holiday-testing-guide-256319/amp", "row": 621, "column": 7, "tagName": "li", "time": 16537.498506, "url": "", "pos": 1, "chunkLen": 1, "isStartTag": 1}}
06-28 13:11:02.841 24826 24839 E WProf.db: {"WprofHTMLTag": {"code": "0xaa170060", "doc": "https://searchengineland-com.cdn.ampproject.org/c/searchengineland.com/way-early-adwords-holiday-testing-guide-256319/amp", "row": 622, "column": 89, "tagName": "a", "time": 16537.498538, "url": "", "pos": 1, "chunkLen": 1, "isStartTag": 1}}
06-28 13:11:02.841 24826 24839 E WProf.db: {"WprofHTMLTag": {"code": "0xaa1700c0", "doc": "https://searchengineland-com.cdn.ampproject.org/c/searchengineland.com/way-early-adwords-holiday-testing-guide-256319/amp", "row": 622, "column": 99, "tagName": "a", "time": 16537.498708, "url": "", "pos": 1, "chunkLen": 1, "isStartTag": 0}}
06-28 13:11:02.841 24826 24839 E WProf.db: {"WprofHTMLTag": {"code": "0xaa1700f0", "doc": "https://searchengineland-com.cdn.ampproject.org/c/searchengineland.com/way-early-adwords-holiday-testing-guide-256319/amp", "row": 623, "column": 8, "tagName": "li", "time": 16537.498726, "url": "", "pos": 1, "chunkLen": 1, "isStartTag": 0}}
06-28 13:11:02.841 24826 24839 E WProf.db: {"WprofHTMLTag": {"code": "0xaa170120", "doc": "https://searchengineland-com.cdn.ampproject.org/c/searchengineland.com/way-early-adwords-holiday-testing-guide-256319/amp", "row": 624, "column": 7, "tagName": "li", "time": 16537.498740, "url": "", "pos": 1, "chunkLen": 1, "isStartTag": 1}}
06-28 13:11:02.841 24826 24839 E WProf.db: {"WprofHTMLTag": {"code": "0xaa170150", "doc": "https://searchengineland-com.cdn.ampproject.org/c/searchengineland.com/way-early-adwords-holiday-testing-guide-256319/amp", "row": 625, "column": 87, "tagName": "a", "time": 16537.498770, "url": "", "pos": 1, "chunkLen": 1, "isStartTag": 1}}
06-28 13:11:02.841 24826 24839 E WProf.db: {"WprofHTMLTag": {"code": "0xaa1701b0", "doc": "https://searchengineland-com.cdn.ampproject.org/c/searchengineland.com/way-early-adwords-holiday-testing-guide-256319/amp", "row": 625, "column": 96, "tagName": "a", "time": 16537.499060, "url": "", "pos": 1, "chunkLen": 1, "isStartTag": 0}}
06-28 13:11:02.841 24826 24839 E WProf.db: {"WprofHTMLTag": {"code": "0xaa1701e0", "doc": "https://searchengineland-com.cdn.ampproject.org/c/searchengineland.com/way-early-adwords-holiday-testing-guide-256319/amp", "row": 626, "column": 8, "tagName": "li", "time": 16537.499080, "url": "", "pos": 1, "chunkLen": 1, "isStartTag": 0}}
06-28 13:11:02.841 24826 24839 E WProf.db: {"WprofHTMLTag": {"code": "0xaa170210", "doc": "https://searchengineland-com.cdn.ampproject.org/c/searchengineland.com/way-early-adwords-holiday-testing-guide-256319/amp", "row": 627, "column": 7, "tagName": "li", "time": 16537.499094, "url": "", "pos": 1, "chunkLen": 1, "isStartTag": 1}}
06-28 13:11:02.841 24826 24839 E WProf.db: {"WprofHTMLTag": {"code": "0xaa170240", "doc": "https://searchengineland-com.cdn.ampproject.org/c/searchengineland.com/way-early-adwords-holiday-testing-guide-256319/amp", "row": 628, "column": 89, "tagName": "a", "time": 16537.499124, "url": "", "pos": 1, "chunkLen": 1, "isStartTag": 1}}
06-28 13:11:02.841 24826 24839 E WProf.db: {"WprofHTMLTag": {"code": "0xaa1702a0", "doc": "https://searchengineland-com.cdn.ampproject.org/c/searchengineland.com/way-early-adwords-holiday-testing-guide-256319/amp", "row": 628, "column": 99, "tagName": "a", "time": 16537.499284, "url": "", "pos": 1, "chunkLen": 1, "isStartTag": 0}}
06-28 13:11:02.841 24826 24839 E WProf.db: {"WprofHTMLTag": {"code": "0xaa1702d0", "doc": "https://searchengineland-com.cdn.ampproject.org/c/searchengineland.com/way-early-adwords-holiday-testing-guide-256319/amp", "row": 629, "column": 8, "tagName": "li", "time": 16537.499302, "url": "", "pos": 1, "chunkLen": 1, "isStartTag": 0}}
06-28 13:11:02.842 24826 24839 E WProf.db: {"WprofHTMLTag": {"code": "0xaa170300", "doc": "https://searchengineland-com.cdn.ampproject.org/c/searchengineland.com/way-early-adwords-holiday-testing-guide-256319/amp", "row": 630, "column": 7, "tagName": "li", "time": 16537.499317, "url": "", "pos": 1, "chunkLen": 1, "isStartTag": 1}}
06-28 13:11:02.842 24826 24839 E WProf.db: {"WprofHTMLTag": {"code": "0xaa170330", "doc": "https://searchengineland-com.cdn.ampproject.org/c/searchengineland.com/way-early-adwords-holiday-testing-guide-256319/amp", "row": 631, "column": 89, "tagName": "a", "time": 16537.499345, "url": "", "pos": 1, "chunkLen": 1, "isStartTag": 1}}
06-28 13:11:02.842 24826 24839 E WProf.db: {"WprofHTMLTag": {"code": "0xaa170390", "doc": "https://searchengineland-com.cdn.ampproject.org/c/searchengineland.com/way-early-adwords-holiday-testing-guide-256319/amp", "row": 631, "column": 99, "tagName": "a", "time": 16537.499493, "url": "", "pos": 1, "chunkLen": 1, "isStartTag": 0}}
06-28 13:11:02.842 24826 24839 E WProf.db: {"WprofHTMLTag": {"code": "0xaa1703c0", "doc": "https://searchengineland-com.cdn.ampproject.org/c/searchengineland.com/way-early-adwords-holiday-testing-guide-256319/amp", "row": 632, "column": 8, "tagName": "li", "time": 16537.499512, "url": "", "pos": 1, "chunkLen": 1, "isStartTag": 0}}
06-28 13:11:02.842 24826 24839 E WProf.db: {"WprofHTMLTag": {"code": "0xaa1703f0", "doc": "https://searchengineland-com.cdn.ampproject.org/c/searchengineland.com/way-early-adwords-holiday-testing-guide-256319/amp", "row": 633, "column": 7, "tagName": "li", "time": 16537.499527, "url": "", "pos": 1, "chunkLen": 1, "isStartTag": 1}}
06-28 13:11:02.842 24826 24839 E WProf.db: {"WprofHTMLTag": {"code": "0xaa170420", "doc": "https://searchengineland-com.cdn.ampproject.org/c/searchengineland.com/way-early-adwords-holiday-testing-guide-256319/amp", "row": 634, "column": 85, "tagName": "a", "time": 16537.499554, "url": "", "pos": 1, "chunkLen": 1, "isStartTag": 1}}
06-28 13:11:02.842 24826 24839 E WProf.db: {"WprofHTMLTag": {"code": "0xaa170480", "doc": "https://searchengineland-com.cdn.ampproject.org/c/searchengineland.com/way-early-adwords-holiday-testing-guide-256319/amp", "row": 634, "column": 93, "tagName": "a", "time": 16537.499709, "url": "", "pos": 1, "chunkLen": 1, "isStartTag": 0}}
06-28 13:11:02.842 24826 24839 E WProf.db: {"WprofHTMLTag": {"code": "0xaa1704b0", "doc": "https://searchengineland-com.cdn.ampproject.org/c/searchengineland.com/way-early-adwords-holiday-testing-guide-256319/amp", "row": 635, "column": 8, "tagName": "li", "time": 16537.499726, "url": "", "pos": 1, "chunkLen": 1, "isStartTag": 0}}
06-28 13:11:02.842 24826 24839 E WProf.db: {"WprofHTMLTag": {"code": "0xaa1704e0", "doc": "https://searchengineland-com.cdn.ampproject.org/c/searchengineland.com/way-early-adwords-holiday-testing-guide-256319/amp", "row": 636, "column": 7, "tagName": "li", "time": 16537.499740, "url": "", "pos": 1, "chunkLen": 1, "isStartTag": 1}}
06-28 13:11:02.842 24826 24839 E WProf.db: {"WprofHTMLTag": {"code": "0xaa170510", "doc": "https://searchengineland-com.cdn.ampproject.org/c/searchengineland.com/way-early-adwords-holiday-testing-guide-256319/amp", "row": 637, "column": 103, "tagName": "a", "time": 16537.499768, "url": "", "pos": 1, "chunkLen": 1, "isStartTag": 1}}
06-28 13:11:02.842 24826 24839 E WProf.db: {"WprofHTMLTag": {"code": "0xaa170570", "doc": "https://searchengineland-com.cdn.ampproject.org/c/searchengineland.com/way-early-adwords-holiday-testing-guide-256319/amp", "row": 637, "column": 113, "tagName": "a", "time": 16537.499949, "url": "", "pos": 1, "chunkLen": 1, "isStartTag": 0}}
06-28 13:11:02.842 24826 24839 E WProf.db: {"WprofHTMLTag": {"code": "0xaa1705a0", "doc": "https://searchengineland-com.cdn.ampproject.org/c/searchengineland.com/way-early-adwords-holiday-testing-guide-256319/amp", "row": 638, "column": 8, "tagName": "li", "time": 16537.499967, "url": "", "pos": 1, "chunkLen": 1, "isStartTag": 0}}
06-28 13:11:02.842 24826 24839 E WProf.db: {"WprofHTMLTag": {"code": "0xaa1705d0", "doc": "https://searchengineland-com.cdn.ampproject.org/c/searchengineland.com/way-early-adwords-holiday-testing-guide-256319/amp", "row": 639, "column": 7, "tagName": "li", "time": 16537.499981, "url": "", "pos": 1, "chunkLen": 1, "isStartTag": 1}}
06-28 13:11:02.842 24826 24839 E WProf.db: {"WprofHTMLTag": {"code": "0xaa170600", "doc": "https://searchengineland-com.cdn.ampproject.org/c/searchengineland.com/way-early-adwords-holiday-testing-guide-256319/amp", "row": 640, "column": 67, "tagName": "a", "time": 16537.500063, "url": "", "pos": 1, "chunkLen": 1, "isStartTag": 1}}
06-28 13:11:02.843 24826 24839 E WProf.db: {"WprofHTMLTag": {"code": "0xaa170660", "doc": "https://searchengineland-com.cdn.ampproject.org/c/searchengineland.com/way-early-adwords-holiday-testing-guide-256319/amp", "row": 640, "column": 75, "tagName": "a", "time": 16537.500228, "url": "", "pos": 1, "chunkLen": 1, "isStartTag": 0}}
06-28 13:11:02.843 24826 24839 E WProf.db: {"WprofHTMLTag": {"code": "0xaa170690", "doc": "https://searchengineland-com.cdn.ampproject.org/c/searchengineland.com/way-early-adwords-holiday-testing-guide-256319/amp", "row": 641, "column": 8, "tagName": "li", "time": 16537.500245, "url": "", "pos": 1, "chunkLen": 1, "isStartTag": 0}}
06-28 13:11:02.843 24826 24839 E WProf.db: {"WprofHTMLTag": {"code": "0xaa1706c0", "doc": "https://searchengineland-com.cdn.ampproject.org/c/searchengineland.com/way-early-adwords-holiday-testing-guide-256319/amp", "row": 643, "column": 8, "tagName": "ul", "time": 16537.500259, "url": "", "pos": 1, "chunkLen": 1, "isStartTag": 0}}
06-28 13:11:02.843 24826 24839 E WProf.db: {"WprofHTMLTag": {"code": "0xaa1706f0", "doc": "https://searchengineland-com.cdn.ampproject.org/c/searchengineland.com/way-early-adwords-holiday-testing-guide-256319/amp", "row": 644, "column": 15, "tagName": "amp-sidebar", "time": 16537.500277, "url": "", "pos": 1, "chunkLen": 1, "isStartTag": 0}}
06-28 13:11:02.843 24826 24839 E WProf.db: {"WprofHTMLTag": {"code": "0xaa170720", "doc": "https://searchengineland-com.cdn.ampproject.org/c/searchengineland.com/way-early-adwords-holiday-testing-guide-256319/amp", "row": 645, "column": 29, "tagName": "div", "time": 16537.500297, "url": "", "pos": 1, "chunkLen": 1, "isStartTag": 1}}
06-28 13:11:02.843 24826 24839 E WProf.db: {"WprofHTMLTag": {"code": "0xaa170750", "doc": "https://searchengineland-com.cdn.ampproject.org/c/searchengineland.com/way-early-adwords-holiday-testing-guide-256319/amp", "row": 646, "column": 55, "tagName": "a", "time": 16537.500492, "url": "", "pos": 1, "chunkLen": 1, "isStartTag": 1}}
06-28 13:11:02.843 24826 24839 E WProf.db: {"WprofHTMLTag": {"code": "0xaa170780", "doc": "https://searchengineland-com.cdn.ampproject.org/c/searchengineland.com/way-early-adwords-holiday-testing-guide-256319/amp", "row": 647, "column": 455, "tagName": "amp-img", "time": 16537.500623, "url": "", "pos": 1, "chunkLen": 1, "isStartTag": 1}}
06-28 13:11:02.843 24826 24839 E WProf.db: {"WprofHTMLTag": {"code": "0xaa1707b0", "doc": "https://searchengineland-com.cdn.ampproject.org/c/searchengineland.com/way-early-adwords-holiday-testing-guide-256319/amp", "row": 647, "column": 465, "tagName": "amp-img", "time": 16537.500851, "url": "", "pos": 1, "chunkLen": 1, "isStartTag": 0}}
06-28 13:11:02.843 24826 24839 E WProf.db: {"WprofHTMLTag": {"code": "0xaa1707e0", "doc": "https://searchengineland-com.cdn.ampproject.org/c/searchengineland.com/way-early-adwords-holiday-testing-guide-256319/amp", "row": 648, "column": 10, "tagName": "a", "time": 16537.500869, "url": "", "pos": 1, "chunkLen": 1, "isStartTag": 0}}
06-28 13:11:02.843 24826 24839 E WProf.db: {"WprofHTMLTag": {"code": "0xaa170810", "doc": "https://searchengineland-com.cdn.ampproject.org/c/searchengineland.com/way-early-adwords-holiday-testing-guide-256319/amp", "row": 648, "column": 52, "tagName": "a", "time": 16537.500885, "url": "", "pos": 1, "chunkLen": 1, "isStartTag": 1}}
06-28 13:11:02.843 24826 24839 E WProf.db: {"WprofHTMLTag": {"code": "0xaa170840", "doc": "https://searchengineland-com.cdn.ampproject.org/c/searchengineland.com/way-early-adwords-holiday-testing-guide-256319/amp", "row": 648, "column": 177, "tagName": "amp-img", "time": 16537.500995, "url": "", "pos": 1, "chunkLen": 1, "isStartTag": 1}}
