--------- beginning of main
06-28 17:07:29.514  3449  3449 E Finsky  : [1] com.google.android.finsky.wear.bl.a(3): onConnectionFailed: ConnectionResult{statusCode=API_UNAVAILABLE, resolution=null, message=null}
--------- beginning of system
06-28 17:07:30.472 14631 14631 E chromium: [ERROR:shell_integration_android.cc(12)] Not implemented reached in static ShellIntegration::DefaultWebClientSetPermission ShellIntegration::CanSetAsDefaultBrowser()
06-28 17:07:30.475 14631 14631 E chromium: [ERROR:browser_process_impl.cc(720)] Not implemented reached in virtual BackgroundModeManager* BrowserProcessImpl::background_mode_manager()
06-28 17:07:30.970  3218 14549 E AudioRecord-JNI: Error -4 during AudioRecord native read
06-28 17:07:33.384 14631 14675 E chromium: [ERROR:gles2_cmd_decoder.cc(3852)] [.ChromiumCompositor-0xacbb2fc0]GL ERROR :GL_INVALID_ENUM : glDiscardFramebufferEXT: attachments was GL_COLOR_EXT
06-28 17:07:33.703 14700 14713 E WPROF   : {"CSS": {"url": "http://searchengineland.com/figz/wp-content/themes/searchengineland/css/searchengineland-bootstrap.css", "requestTime": 30730.759158}}
06-28 17:07:33.705 14700 14713 E WPROF   : {"CSS": {"url": "http://fonts.googleapis.com/css?family=Oswald:300,400,700", "requestTime": 30730.760564}}
06-28 17:07:33.706 14700 14713 E WPROF   : {"CSS": {"url": "http://searchengineland.com/figz/wp-content/themes/searchengineland/style.css", "requestTime": 30730.762024}}
06-28 17:07:33.714 14700 14713 E WPROF   : {"Javascript": {"url": "http://searchengineland.com/figz/wp-content/themes/searchengineland/js/lib/modernizr.custom.js?ver=1.0", "requestTime": 30730.769386}}
06-28 17:07:33.715 14700 14713 E WPROF   : {"Javascript": {"url": "http://searchengineland.com/figz/wp-content/themes/searchengineland/js/lib/jquery-1.11.0.min.js?ver=1.11.0", "requestTime": 30730.770775}}
06-28 17:07:33.716 14700 14713 E WPROF   : {"Javascript": {"url": "http://searchengineland.com/figz/wp-content/themes/searchengineland/js/lib/jquery-ui-1.10.3.custom.min.js?ver=1.10.3", "requestTime": 30730.771876}}
06-28 17:07:33.717 14700 14713 E WPROF   : {"Javascript": {"url": "http://searchengineland.com/figz/wp-content/themes/searchengineland/js/lib/jquery.ba-throttle-debounce.min.js?ver=1.1", "requestTime": 30730.773103}}
06-28 17:07:33.719 14700 14713 E WPROF   : {"Javascript": {"url": "http://searchengineland.com/figz/wp-content/themes/searchengineland/js/lib/jquery.countdown.min.js?ver=2.0.4", "requestTime": 30730.774385}}
06-28 17:07:33.720 14700 14713 E WPROF   : {"Javascript": {"url": "http://static.chartbeat.com/js/chartbeat_mab.js", "requestTime": 30730.775625}}
06-28 17:07:34.405 14700 14713 E WPROF   : {"Javascript": {"url": "http://searchengineland.com/figz/wp-includes/js/wp-emoji-release.min.js?ver=4.7.5", "requestTime": 30731.461097}}
06-28 17:07:34.913 14700 14713 E WPROF   : {"Javascript": {"url": "http://www.googletagservices.com/tag/js/gpt.js", "requestTime": 30731.968361}}
06-28 17:07:34.920 14700 14713 E WPROF   : {"Javascript": {"url": "https://www.google-analytics.com/analytics.js", "requestTime": 30731.975566}}
06-28 17:07:34.923 14700 14713 E WPROF   : {"Javascript": {"url": "http://edge.quantserve.com/quant.js", "requestTime": 30731.979125}}
06-28 17:07:34.926 14700 14713 E WPROF   : {"Javascript": {"url": "https://connect.facebook.net/en_US/fbevents.js", "requestTime": 30731.981601}}
06-28 17:07:35.016 14631 14675 E chromium: [ERROR:gles2_cmd_decoder.cc(3852)] [.ChromiumCompositor-0xacbb2fc0]GL ERROR :GL_INVALID_ENUM : glDiscardFramebufferEXT: attachments was GL_COLOR_EXT
06-28 17:07:35.040 14700 14713 E WPROF   : {"Javascript": {"url": "http://app-sj02.marketo.com/js/forms2/js/forms2.min.js", "requestTime": 30732.096102}}
06-28 17:07:35.123 14631 14675 E chromium: [ERROR:gles2_cmd_decoder.cc(3852)] [.ChromiumCompositor-0xacbb2fc0]GL ERROR :GL_INVALID_ENUM : glDiscardFramebufferEXT: attachments was GL_COLOR_EXT
06-28 17:07:35.178 14700 14713 E WPROF   : {"Javascript": {"url": "https://connect.facebook.net/signals/config/423979991297359?v=2.7.17", "requestTime": 30732.233816}}
06-28 17:07:35.183 14700 14713 E WPROF   : {"Javascript": {"url": "https://securepubads.g.doubleclick.net/gpt/pubads_impl_121.js", "requestTime": 30732.238997}}
06-28 17:07:35.333 14700 14713 E WPROF   : {"Javascript": {"url": "http://app-sj02.marketo.com/index.php/form/getForm?munchkinId=727-ZQE-044&form=5691&url=http%3A%2F%2Fsearchengineland.com%2Fwsj-first-click-free-269545&callback=jQuery1102024598555569536984_1498637255269&_=1498637255270", "requestTime": 30732.388264}}
06-28 17:07:35.348 14700 14713 E WPROF   : {"Javascript": {"url": "http://app-sj02.marketo.com/index.php/form/getForm?munchkinId=727-ZQE-044&form=5685&url=http%3A%2F%2Fsearchengineland.com%2Fwsj-first-click-free-269545&callback=jQuery1102024598555569536984_1498637255271&_=1498637255272", "requestTime": 30732.403726}}
06-28 17:07:35.625 14700 14713 E WPROF   : {"Javascript": {"url": "http://app-sj02.marketo.com/index.php/form/getForm?munchkinId=727-ZQE-044&form=5673&url=http%3A%2F%2Fsearchengineland.com%2Fwsj-first-click-free-269545&callback=jQuery1102024598555569536984_1498637255273&_=1498637255274", "requestTime": 30732.680954}}
06-28 17:07:35.633 14700 14713 E WPROF   : {"Javascript": {"url": "http://searchengineland.com/js/ga_social_tracking.js", "requestTime": 30732.689106}}
06-28 17:07:35.635 14700 14713 E WPROF   : {"Javascript": {"url": "http://s7.addthis.com/js/300/addthis_widget.js#pubid=ra-53e918f660794f37", "requestTime": 30732.690786}}
06-28 17:07:35.692 14631 14675 E chromium: [ERROR:gles2_cmd_decoder.cc(3852)] [.ChromiumCompositor-0xacbb2fc0]GL ERROR :GL_INVALID_ENUM : glDiscardFramebufferEXT: attachments was GL_COLOR_EXT
06-28 17:07:36.237   862  1657 E LocSvc_IzatApiV02: E/virtual int izat_core::IzatApiV02::getBatchSize(int32_t):522]: Error : st = 4, ind.status = -1628389555
06-28 17:07:36.238   862  1657 E LocSvc_IzatApiV02: E/virtual int izat_core::IzatApiV02::getBatchSize(int32_t):535]: get batching size failed.Or modem does not support batching 
06-28 17:07:36.246   862  1657 E LocSvc_IzatApiV02: E/virtual int izat_core::IzatApiV02::getBatchSize(int32_t):522]: Error : st = 4, ind.status = -1628389555
06-28 17:07:36.246   862  1657 E LocSvc_IzatApiV02: E/virtual int izat_core::IzatApiV02::getBatchSize(int32_t):535]: get batching size failed.Or modem does not support batching 
06-28 17:07:36.280   862  1657 E LocSvc_IzatApiV02: E/virtual int izat_core::IzatApiV02::getBatchSize(int32_t):522]: Error : st = 4, ind.status = -1628389555
06-28 17:07:36.280   862  1657 E LocSvc_IzatApiV02: E/virtual int izat_core::IzatApiV02::getBatchSize(int32_t):535]: get batching size failed.Or modem does not support batching 
06-28 17:07:36.282 14631 14675 E chromium: [ERROR:gles2_cmd_decoder.cc(3852)] [.ChromiumCompositor-0xacbb2fc0]GL ERROR :GL_INVALID_ENUM : glDiscardFramebufferEXT: attachments was GL_COLOR_EXT
06-28 17:07:36.294   862  1657 E LocSvc_IzatApiV02: E/virtual int izat_core::IzatApiV02::getBatchSize(int32_t):522]: Error : st = 4, ind.status = -1628389555
06-28 17:07:36.294   862  1657 E LocSvc_IzatApiV02: E/virtual int izat_core::IzatApiV02::getBatchSize(int32_t):535]: get batching size failed.Or modem does not support batching 
06-28 17:07:36.775 14700 14713 E WPROF   : {"Javascript": {"url": "https://securepubads.g.doubleclick.net/gampad/ads?gdfp_req=1&correlator=604513678393344&output=json_html&callback=googletag.impl.pubads.callbackProxy1&impl=fifs&json_a=1&eid=108809080%2C108809107%2C21060543&sc=0&sfv=1-0-9&iu_parts=1038259%2Csel-ciu-1%2Csel-ciu-2%2Csel-ciu-3%2Csel-ciu-4%2Csel-ciu-5%2", "requestTime": 30733.830821}}
06-28 17:07:36.806 14700 14713 E WPROF   : {"CSS": {"url": "http://app-sj02.marketo.com/js/forms2/css/forms2.css", "requestTime": 30733.861375}}
06-28 17:07:36.809 14700 14713 E WPROF   : {"CSS": {"url": "http://app-sj02.marketo.com/js/forms2/css/forms2-theme-simple.css", "requestTime": 30733.864465}}
06-28 17:07:36.852 14700 14713 E WPROF   : {"Javascript": {"url": "https://static.xx.fbcdn.net/rsrc.php/v3iy6L4/yF/l/ko_KR/w3AiswiqjrJ.js", "requestTime": 30733.907744}}
06-28 17:07:37.022 14631 14675 E chromium: [ERROR:gles2_cmd_decoder.cc(3852)] [.ChromiumCompositor-0xacbb2fc0]GL ERROR :GL_INVALID_ENUM : glDiscardFramebufferEXT: attachments was GL_COLOR_EXT
06-28 17:07:37.657 14700 14713 E WPROF   : {"Javascript": {"url": "http://platform.twitter.com/widgets.js", "requestTime": 30734.712995}}
06-28 17:07:37.660 14700 14713 E WPROF   : {"Javascript": {"url": "http://connect.facebook.net/en_US/sdk.js", "requestTime": 30734.715658}}
06-28 17:07:37.662 14700 14713 E WPROF   : {"Javascript": {"url": "https://apis.google.com/js/platform.js", "requestTime": 30734.717776}}
06-28 17:07:37.688 14700 14713 E WPROF   : {"Javascript": {"url": "http://rules.quantcount.com/rules-p-5aGizvD82d9hk.js", "requestTime": 30734.743667}}
06-28 17:07:37.769 14700 14713 E WPROF   : {"CSS": {"url": "https://www.youtube.com/yts/cssbin/www-embed-player-sprite-mode-vfl5G4Xm8.css", "requestTime": 30734.824974}}
06-28 17:07:37.772 14700 14713 E WPROF   : {"Javascript": {"url": "https://www.youtube.com/yts/jsbin/www-embed-player-vfl_UY_j8/www-embed-player.js", "requestTime": 30734.827302}}
06-28 17:07:37.772 14700 14713 E WPROF   : {"Javascript": {"url": "https://www.youtube.com/yts/jsbin/player-vflo1w4O-/ko_KR/base.js", "requestTime": 30734.828137}}
06-28 17:07:37.801 14631 14675 E chromium: [ERROR:gles2_cmd_decoder.cc(3852)] [.ChromiumCompositor-0xacbb2fc0]GL ERROR :GL_INVALID_ENUM : glDiscardFramebufferEXT: attachments was GL_COLOR_EXT
06-28 17:07:37.999 14700 14713 E WPROF   : {"Javascript": {"url": "http://cdn.api.twitter.com/1/users/show.json?screen_name=dannysullivan&callback=twttr.setFollowersCount", "requestTime": 30735.054731}}
06-28 17:07:38.014 14700 14713 E WPROF   : {"Javascript": {"url": "http://www.googleadservices.com/pagead/conversion.js", "requestTime": 30735.070175}}
06-28 17:07:38.015 14700 14713 E WPROF   : {"Javascript": {"url": "http://searchengineland.com/figz/wp-content/themes/searchengineland/js/script.js?ver=1.0", "requestTime": 30735.070594}}
06-28 17:07:38.016 14700 14713 E WPROF   : {"Javascript": {"url": "http://searchengineland.com/figz/wp-includes/js/wp-embed.min.js?ver=4.7.5", "requestTime": 30735.072056}}
06-28 17:07:38.017 14700 14713 E WPROF   : {"Javascript": {"url": "http://searchengineland.com/figz/wp-content/themes/searchengineland/js/modules/sharing_controls.js", "requestTime": 30735.072428}}
06-28 17:07:38.042 14631 14675 E chromium: [ERROR:gles2_cmd_decoder.cc(3852)] [.ChromiumCompositor-0xacbb2fc0]GL ERROR :GL_INVALID_ENUM : glDiscardFramebufferEXT: attachments was GL_COLOR_EXT
06-28 17:07:38.629 14631 14675 E chromium: [ERROR:gles2_cmd_decoder.cc(3852)] [.ChromiumCompositor-0xacbb2fc0]GL ERROR :GL_INVALID_ENUM : glDiscardFramebufferEXT: attachments was GL_COLOR_EXT
06-28 17:07:38.735 14631 14675 E chromium: [ERROR:gles2_cmd_decoder.cc(3852)] [.ChromiumCompositor-0xacbb2fc0]GL ERROR :GL_INVALID_ENUM : glDiscardFramebufferEXT: attachments was GL_COLOR_EXT
06-28 17:07:39.622 14700 14713 E WPROF   : {"Javascript": {"url": "https://www.google.com/js/bg/KWBfAnWFESAEEaKKgdYlTHY9ysQaNoQuzeMFqvxDSM8.js", "requestTime": 30736.677530}}
06-28 17:07:39.625 14700 14713 E WPROF   : {"Javascript": {"url": "https://static.doubleclick.net/instream/ad_status.js", "requestTime": 30736.680286}}
06-28 17:07:39.773 14700 14713 E WPROF   : {"Javascript": {"url": "http://munchkin.marketo.net/munchkin.js", "requestTime": 30736.828221}}
06-28 17:07:39.776 14700 14713 E WPROF   : {"Javascript": {"url": "http://d2j3qa5nc37287.cloudfront.net/coupon_code1.js", "requestTime": 30736.831555}}
06-28 17:07:40.222 14700 14713 E WPROF   : {"Javascript": {"url": "http://m.addthisedge.com/live/boost/ra-53e918f660794f37/_ate.track.config_resp", "requestTime": 30737.277341}}
06-28 17:07:40.283 14700 14713 E WPROF   : {"Javascript": {"url": "http://m.addthis.com/live/red_lojson/300lo.json?si=595363c97510ea05&bkl=0&bl=1&pdt=2326&sid=595363c97510ea05&pub=ra-53e918f660794f37&rev=v7.15.4-wp&ln=ko&pc=men&cb=0&ab=-&dp=searchengineland.com&fp=wsj-first-click-free-269545&fr=&of=0&pd=0&irt=0&vcl=0&md=0&ct=1&tct=0&abt=0&cdn=0&pi=1&rb=0&gen=100&ch", "requestTime": 30737.338336}}
06-28 17:07:40.398 14631 14675 E chromium: [ERROR:gles2_cmd_decoder.cc(3852)] [.ChromiumCompositor-0xacbb2fc0]GL ERROR :GL_INVALID_ENUM : glDiscardFramebufferEXT: attachments was GL_COLOR_EXT
06-28 17:07:41.147 14631 14675 E chromium: [ERROR:gles2_cmd_decoder.cc(3852)] [.ChromiumCompositor-0xacbb2fc0]GL ERROR :GL_INVALID_ENUM : glDiscardFramebufferEXT: attachments was GL_COLOR_EXT
06-28 17:07:41.521 14631 14675 E chromium: [ERROR:gles2_cmd_decoder.cc(3852)] [.ChromiumCompositor-0xacbb2fc0]GL ERROR :GL_INVALID_ENUM : glDiscardFramebufferEXT: attachments was GL_COLOR_EXT
06-28 17:07:41.922 14631 14675 E chromium: [ERROR:gles2_cmd_decoder.cc(3852)] [.ChromiumCompositor-0xacbb2fc0]GL ERROR :GL_INVALID_ENUM : glDiscardFramebufferEXT: attachments was GL_COLOR_EXT
06-28 17:07:42.045 14700 14713 E WPROF   : {"Javascript": {"url": "http://dnn506yrbagrg.cloudfront.net/pages/scripts/0026/4062.js?416288", "requestTime": 30739.100614}}
06-28 17:07:42.118 14631 14675 E chromium: [ERROR:gles2_cmd_decoder.cc(3852)] [.ChromiumCompositor-0xacbb2fc0]GL ERROR :GL_INVALID_ENUM : glDiscardFramebufferEXT: attachments was GL_COLOR_EXT
06-28 17:07:42.187 14631 14675 E chromium: [ERROR:gles2_cmd_decoder.cc(3852)] [.ChromiumCompositor-0xacbb2fc0]GL ERROR :GL_INVALID_ENUM : glDiscardFramebufferEXT: attachments was GL_COLOR_EXT
06-28 17:07:42.249 14700 14713 E WPROF   : {"Javascript": {"url": "https://tpc.googlesyndication.com/pagead/js/r20170619/r20110914/client/ext/m_window_focus_non_hydra.js", "requestTime": 30739.304623}}
06-28 17:07:42.251 14700 14713 E WPROF   : {"Javascript": {"url": "https://tpc.googlesyndication.com/pagead/js/r20170619/r20110914/activeview/osd_listener.js", "requestTime": 30739.306474}}
06-28 17:07:42.255 14700 14713 E WPROF   : {"Javascript": {"url": "http://pagead2.googlesyndication.com/pagead/osd.js", "requestTime": 30739.310594}}
06-28 17:07:42.541 14700 14713 E WPROF   : {"Javascript": {"url": "https://platform.twitter.com/js/button.b731e6c82269f70f6fc53634e044a4c6.js", "requestTime": 30739.596549}}
06-28 17:07:42.799 14700 14713 E WPROF   : {"Javascript": {"url": "http://www.justuno.com/ajax/account_version_check.html?id=828FA275-FF73-401E-AA39-40F5A6FAB6B1", "requestTime": 30739.854894}}
06-28 17:07:42.802 14700 14713 E WPROF   : {"Javascript": {"url": "http://munchkin.marketo.net/151/munchkin.js", "requestTime": 30739.857811}}
06-28 17:07:42.811 14700 14713 E WPROF   : {"Javascript": {"url": "http://s7.addthis.com/static/layers.4acb6c577b51939661ec.js", "requestTime": 30739.866251}}
06-28 17:07:42.881 14631 14675 E chromium: [ERROR:gles2_cmd_decoder.cc(3852)] [.ChromiumCompositor-0xacbb2fc0]GL ERROR :GL_INVALID_ENUM : glDiscardFramebufferEXT: attachments was GL_COLOR_EXT
06-28 17:07:43.329 14631 14675 E chromium: [ERROR:gles2_cmd_decoder.cc(3852)] [.ChromiumCompositor-0xacbb2fc0]GL ERROR :GL_INVALID_ENUM : glDiscardFramebufferEXT: attachments was GL_COLOR_EXT
06-28 17:07:43.564 14631 14675 E chromium: [ERROR:gles2_cmd_decoder.cc(3852)] [.ChromiumCompositor-0xacbb2fc0]GL ERROR :GL_INVALID_ENUM : glDiscardFramebufferEXT: attachments was GL_COLOR_EXT
06-28 17:07:43.649 14631 14675 E chromium: [ERROR:gles2_cmd_decoder.cc(3852)] [.ChromiumCompositor-0xacbb2fc0]GL ERROR :GL_INVALID_ENUM : glDiscardFramebufferEXT: attachments was GL_COLOR_EXT
06-28 17:07:46.190 14700 14713 E WPROF   : {"Javascript": {"url": "http://cdn.justuno.com/mwgt_3.6.js", "requestTime": 30743.245465}}
06-28 17:07:46.317 14700 14713 E WPROF   : {"Javascript": {"url": "https://app-sj02.marketo.com/js/forms2/js/forms2.min.js", "requestTime": 30743.372867}}
06-28 17:07:46.412 14631 14675 E chromium: [ERROR:gles2_cmd_decoder.cc(3852)] [.ChromiumCompositor-0xacbb2fc0]GL ERROR :GL_INVALID_ENUM : glDiscardFramebufferEXT: attachments was GL_COLOR_EXT
06-28 17:07:46.672 14631 14675 E chromium: [ERROR:gles2_cmd_decoder.cc(3852)] [.ChromiumCompositor-0xacbb2fc0]GL ERROR :GL_INVALID_ENUM : glDiscardFramebufferEXT: attachments was GL_COLOR_EXT
06-28 17:07:46.871 14631 14675 E chromium: [ERROR:gles2_cmd_decoder.cc(3852)] [.ChromiumCompositor-0xacbb2fc0]GL ERROR :GL_INVALID_ENUM : glDiscardFramebufferEXT: attachments was GL_COLOR_EXT
06-28 17:07:46.921 14631 14675 E chromium: [ERROR:gles2_cmd_decoder.cc(3852)] [.ChromiumCompositor-0xacbb2fc0]GL ERROR :GL_INVALID_ENUM : glDiscardFramebufferEXT: attachments was GL_COLOR_EXT
06-28 17:07:47.028 14700 14713 E WPROF   : {"Javascript": {"url": "https://cdn.syndication.twimg.com/widgets/followbutton/info.json?callback=__twttr.setFollowersCountAndFollowing&lang=en&screen_names=sengineland", "requestTime": 30744.083723}}
06-28 17:07:47.560 14631 14675 E chromium: [ERROR:gles2_cmd_decoder.cc(3852)] [.ChromiumCompositor-0xacbb2fc0]GL ERROR :GL_INVALID_ENUM : glDiscardFramebufferEXT: attachments was GL_COLOR_EXT
06-28 17:07:47.633 14700 14713 E WProf.db: {"page": "searchengineland.com_wsj-first-click-free-269545"}
06-28 17:07:47.634 14700 14713 E WProf.db: {"DOMLoad": 30744.689275}
06-28 17:07:47.634 14700 14713 E WProf.db: {"Resource": {"id": 1, "url": "http://searchengineland.com/wsj-first-click-free-269545", "sentTime": -1.000000, "len": 100769, "from": "0x0", "mimeType": "text/html", "contentLength": -1, "httpStatus": 200, "connId": 19, "connReused": 1, "cached": 0,"requestTime": 30730.368323, "proxyStart": -1, "proxyEnd": -1, "dnsStart": -1, "dnsEnd": -1, "connectStart": 0, "connectEnd": 88, "sendStart": 88, "sendEnd": 88, "receiveHeadersEnd": 288, "sslStart": -1, "sslEnd": -1}}
06-28 17:07:47.634 14700 14713 E WProf.db: {"ReceivedChunk": {"receivedTime": 30730.670564, "len": 7804}}
06-28 17:07:47.634 14700 14713 E WProf.db: {"ReceivedChunk": {"receivedTime": 30730.751016, "len": 32768}}
06-28 17:07:47.635 14700 14713 E WProf.db: {"ReceivedChunk": {"receivedTime": 30730.751207, "len": 29397}}
06-28 17:07:47.635 14700 14713 E WProf.db: {"ReceivedChunk": {"receivedTime": 30730.847005, "len": 11545}}
06-28 17:07:47.635 14700 14713 E WProf.db: {"ReceivedChunk": {"receivedTime": 30730.848169, "len": 19255}}
06-28 17:07:47.635 14700 14713 E WProf.db: {"WprofHTMLTag": {"code": "0xaeddd600", "doc": "http://searchengineland.com/wsj-first-click-free-269545", "row": 6, "column": 42, "tagName": "html", "time": 30730.752394, "url": "", "pos": 1, "chunkLen": 1, "isStartTag": 1}}
06-28 17:07:47.635 14700 14713 E WProf.db: {"WprofHTMLTag": {"code": "0xaf047760", "doc": "http://searchengineland.com/wsj-first-click-free-269545", "row": 7, "column": 6, "tagName": "head", "time": 30730.752616, "url": "", "pos": 1, "chunkLen": 1, "isStartTag": 1}}
06-28 17:07:47.636 14700 14713 E WProf.db: {"WprofHTMLTag": {"code": "0xaf047850", "doc": "http://searchengineland.com/wsj-first-click-free-269545", "row": 8, "column": 54, "tagName": "meta", "time": 30730.752658, "url": "", "pos": 1, "chunkLen": 1, "isStartTag": 1}}
06-28 17:07:47.636 14700 14713 E WProf.db: {"WprofHTMLTag": {"code": "0xaf047880", "doc": "http://searchengineland.com/wsj-first-click-free-269545", "row": 9, "column": 68, "tagName": "meta", "time": 30730.752795, "url": "", "pos": 1, "chunkLen": 1, "isStartTag": 1}}
06-28 17:07:47.636 14700 14713 E WProf.db: {"WprofHTMLTag": {"code": "0xaf0478b0", "doc": "http://searchengineland.com/wsj-first-click-free-269545", "row": 10, "column": 23, "tagName": "meta", "time": 30730.752897, "url": "", "pos": 1, "chunkLen": 1, "isStartTag": 1}}
06-28 17:07:47.636 14700 14713 E WProf.db: {"WprofHTMLTag": {"code": "0xaf0478e0", "doc": "http://searchengineland.com/wsj-first-click-free-269545", "row": 11, "column": 52, "tagName": "meta", "time": 30730.753018, "url": "", "pos": 1, "chunkLen": 1, "isStartTag": 1}}
06-28 17:07:47.636 14700 14713 E WProf.db: {"WprofHTMLTag": {"code": "0xaf047910", "doc": "http://searchengineland.com/wsj-first-click-free-269545", "row": 14, "column": 56, "tagName": "meta", "time": 30730.753139, "url": "", "pos": 1, "chunkLen": 1, "isStartTag": 1}}
06-28 17:07:47.637 14700 14713 E WProf.db: {"WprofHTMLTag": {"code": "0xaf047940", "doc": "http://searchengineland.com/wsj-first-click-free-269545", "row": 15, "column": 83, "tagName": "meta", "time": 30730.753244, "url": "", "pos": 1, "chunkLen": 1, "isStartTag": 1}}
06-28 17:07:47.637 14700 14713 E WProf.db: {"WprofHTMLTag": {"code": "0xaf047970", "doc": "http://searchengineland.com/wsj-first-click-free-269545", "row": 16, "column": 57, "tagName": "meta", "time": 30730.753351, "url": "", "pos": 1, "chunkLen": 1, "isStartTag": 1}}
06-28 17:07:47.637 14700 14713 E WProf.db: {"WprofHTMLTag": {"code": "0xaf047a00", "doc": "http://searchengineland.com/wsj-first-click-free-269545", "row": 17, "column": 41, "tagName": "meta", "time": 30730.753456, "url": "", "pos": 1, "chunkLen": 1, "isStartTag": 1}}
06-28 17:07:47.637 14700 14713 E WProf.db: {"WprofHTMLTag": {"code": "0xaf047a30", "doc": "http://searchengineland.com/wsj-first-click-free-269545", "row": 18, "column": 50, "tagName": "meta", "time": 30730.753563, "url": "", "pos": 1, "chunkLen": 1, "isStartTag": 1}}
06-28 17:07:47.638 14700 14713 E WProf.db: {"WprofHTMLTag": {"code": "0xaf047a60", "doc": "http://searchengineland.com/wsj-first-click-free-269545", "row": 19, "column": 174, "tagName": "meta", "time": 30730.753669, "url": "", "pos": 1, "chunkLen": 1, "isStartTag": 1}}
06-28 17:07:47.638 14700 14713 E WProf.db: {"WprofHTMLTag": {"code": "0xaf0479d0", "doc": "http://searchengineland.com/wsj-first-click-free-269545", "row": 20, "column": 47, "tagName": "meta", "time": 30730.753776, "url": "", "pos": 1, "chunkLen": 1, "isStartTag": 1}}
06-28 17:07:47.638 14700 14713 E WProf.db: {"WprofHTMLTag": {"code": "0xaf0479a0", "doc": "http://searchengineland.com/wsj-first-click-free-269545", "row": 21, "column": 67, "tagName": "meta", "time": 30730.753882, "url": "", "pos": 1, "chunkLen": 1, "isStartTag": 1}}
06-28 17:07:47.638 14700 14713 E WProf.db: {"WprofHTMLTag": {"code": "0xaf047a90", "doc": "http://searchengineland.com/wsj-first-click-free-269545", "row": 22, "column": 57, "tagName": "meta", "time": 30730.753993, "url": "", "pos": 1, "chunkLen": 1, "isStartTag": 1}}
06-28 17:07:47.639 14700 14713 E WProf.db: {"WprofHTMLTag": {"code": "0xaf047ac0", "doc": "http://searchengineland.com/wsj-first-click-free-269545", "row": 23, "column": 65, "tagName": "meta", "time": 30730.754109, "url": "", "pos": 1, "chunkLen": 1, "isStartTag": 1}}
06-28 17:07:47.639 14700 14713 E WProf.db: {"WprofHTMLTag": {"code": "0xaf047af0", "doc": "http://searchengineland.com/wsj-first-click-free-269545", "row": 24, "column": 55, "tagName": "meta", "time": 30730.754225, "url": "", "pos": 1, "chunkLen": 1, "isStartTag": 1}}
06-28 17:07:47.639 14700 14713 E WProf.db: {"WprofHTMLTag": {"code": "0xaf047b20", "doc": "http://searchengineland.com/wsj-first-click-free-269545", "row": 25, "column": 71, "tagName": "meta", "time": 30730.754344, "url": "", "pos": 1, "chunkLen": 1, "isStartTag": 1}}
06-28 17:07:47.640 14700 14713 E WProf.db: {"WprofHTMLTag": {"code": "0xaf047b50", "doc": "http://searchengineland.com/wsj-first-click-free-269545", "row": 26, "column": 86, "tagName": "meta", "time": 30730.754447, "url": "", "pos": 1, "chunkLen": 1, "isStartTag": 1}}
06-28 17:07:47.640 14700 14713 E WProf.db: {"WprofHTMLTag": {"code": "0xaf047b80", "doc": "http://searchengineland.com/wsj-first-click-free-269545", "row": 27, "column": 54, "tagName": "meta", "time": 30730.754550, "url": "", "pos": 1, "chunkLen": 1, "isStartTag": 1}}
06-28 17:07:47.640 14700 14713 E WProf.db: {"WprofHTMLTag": {"code": "0xaf047bb0", "doc": "http://searchengineland.com/wsj-first-click-free-269545", "row": 29, "column": 39, "tagName": "meta", "time": 30730.754649, "url": "", "pos": 1, "chunkLen": 1, "isStartTag": 1}}
06-28 17:07:47.640 14700 14713 E WProf.db: {"WprofHTMLTag": {"code": "0xaf047be0", "doc": "http://searchengineland.com/wsj-first-click-free-269545", "row": 30, "column": 181, "tagName": "meta", "time": 30730.754761, "url": "", "pos": 1, "chunkLen": 1, "isStartTag": 1}}
06-28 17:07:47.640 14700 14713 E WProf.db: {"WprofHTMLTag": {"code": "0xaf047c10", "doc": "http://searchengineland.com/wsj-first-click-free-269545", "row": 31, "column": 55, "tagName": "meta", "time": 30730.755060, "url": "", "pos": 1, "chunkLen": 1, "isStartTag": 1}}
06-28 17:07:47.641 14700 14713 E WProf.db: {"WprofHTMLTag": {"code": "0xaf047c40", "doc": "http://searchengineland.com/wsj-first-click-free-269545", "row": 32, "column": 54, "tagName": "meta", "time": 30730.755162, "url": "", "pos": 1, "chunkLen": 1, "isStartTag": 1}}
06-28 17:07:47.641 14700 14713 E WProf.db: {"WprofHTMLTag": {"code": "0xaf047c70", "doc": "http://searchengineland.com/wsj-first-click-free-269545", "row": 33, "column": 133, "tagName": "meta", "time": 30730.755272, "url": "", "pos": 1, "chunkLen": 1, "isStartTag": 1}}
06-28 17:07:47.641 14700 14713 E WProf.db: {"WprofHTMLTag": {"code": "0xaf047ca0", "doc": "http://searchengineland.com/wsj-first-click-free-269545", "row": 37, "column": 36, "tagName": "script", "time": 30730.755389, "url": "", "pos": 1, "chunkLen": 1, "isStartTag": 1}}
06-28 17:07:47.642 14700 14713 E WProf.db: {"WprofHTMLTag": {"code": "0xaf047cd0", "doc": "http://searchengineland.com/wsj-first-click-free-269545", "row": 53, "column": 10, "tagName": "script", "time": 30730.755649, "url": "", "pos": 1, "chunkLen": 1, "isStartTag": 0}}
06-28 17:07:47.642 14700 14713 E WProf.db: {"WprofHTMLTag": {"code": "0xaeddd630", "doc": "http://searchengineland.com/wsj-first-click-free-269545", "row": 55, "column": 86, "tagName": "link", "time": 30730.757799, "url": "http://searchengineland.com/apple-touch-icon.png", "pos": 1, "chunkLen": 1, "isStartTag": 1}}
06-28 17:07:47.642 14700 14713 E WProf.db: {"WprofHTMLTag": {"code": "0xaf047d00", "doc": "http://searchengineland.com/wsj-first-click-free-269545", "row": 56, "column": 76, "tagName": "link", "time": 30730.758123, "url": "http://searchengineland.com/favicon.ico", "pos": 1, "chunkLen": 1, "isStartTag": 1}}
06-28 17:07:47.642 14700 14713 E WProf.db: {"WprofHTMLTag": {"code": "0xaf047d30", "doc": "http://searchengineland.com/wsj-first-click-free-269545", "row": 57, "column": 158, "tagName": "link", "time": 30730.758324, "url": "http://feeds.searchengineland.com/searchengineland", "pos": 1, "chunkLen": 1, "isStartTag": 1}}
06-28 17:07:47.642 14700 14713 E WProf.db: {"WprofHTMLTag": {"code": "0xaf047d60", "doc": "http://searchengineland.com/wsj-first-click-free-269545", "row": 58, "column": 149, "tagName": "link", "time": 30730.758589, "url": "http://feeds.searchengineland.com/searchcap", "pos": 1, "chunkLen": 1, "isStartTag": 1}}
06-28 17:07:47.643 14700 14713 E WProf.db: {"WprofHTMLTag": {"code": "0xaf047d90", "doc": "http://searchengineland.com/wsj-first-click-free-269545", "row": 59, "column": 150, "tagName": "link", "time": 30730.758865, "url": "http://searchengineland.com/figz/wp-content/themes/searchengineland/css/searchengineland-bootstrap.css", "pos": 1, "chunkLen": 1, "isStartTag": 1}}
06-28 17:07:47.643 14700 14713 E WProf.db: {"WprofHTMLTag": {"code": "0xaf047df0", "doc": "http://searchengineland.com/wsj-first-click-free-269545", "row": 60, "column": 105, "tagName": "link", "time": 30730.760244, "url": "http://fonts.googleapis.com/css?family=Oswald:300,400,700", "pos": 1, "chunkLen": 1, "isStartTag": 1}}
06-28 17:07:47.643 14700 14713 E WProf.db: {"WprofHTMLTag": {"code": "0xaf047e50", "doc": "http://searchengineland.com/wsj-first-click-free-269545", "row": 61, "column": 125, "tagName": "link", "time": 30730.761682, "url": "http://searchengineland.com/figz/wp-content/themes/searchengineland/style.css", "pos": 1, "chunkLen": 1, "isStartTag": 1}}
06-28 17:07:47.643 14700 14713 E WProf.db: {"WprofHTMLTag": {"code": "0xaf047eb0", "doc": "http://searchengineland.com/wsj-first-click-free-269545", "row": 65, "column": 7, "tagName": "title", "time": 30730.763023, "url": "", "pos": 1, "chunkLen": 1, "isStartTag": 1}}
06-28 17:07:47.644 14700 14713 E WProf.db: {"WprofHTMLTag": {"code": "0xaf047ee0", "doc": "http://searchengineland.com/wsj-first-click-free-269545", "row": 65, "column": 125, "tagName": "title", "time": 30730.763472, "url": "", "pos": 1, "chunkLen": 1, "isStartTag": 0}}
06-28 17:07:47.644 14700 14713 E WProf.db: {"WprofHTMLTag": {"code": "0xaf047f10", "doc": "http://searchengineland.com/wsj-first-click-free-269545", "row": 66, "column": 198, "tagName": "meta", "time": 30730.763495, "url": "", "pos": 1, "chunkLen": 1, "isStartTag": 1}}
06-28 17:07:47.644 14700 14713 E WProf.db: {"WprofHTMLTag": {"code": "0xaf047f40", "doc": "http://searchengineland.com/wsj-first-click-free-269545", "row": 67, "column": 40, "tagName": "meta", "time": 30730.763634, "url": "", "pos": 1, "chunkLen": 1, "isStartTag": 1}}
06-28 17:07:47.644 14700 14713 E WProf.db: {"WprofHTMLTag": {"code": "0xaf047f70", "doc": "http://searchengineland.com/wsj-first-click-free-269545", "row": 68, "column": 97, "tagName": "meta", "time": 30730.763749, "url": "", "pos": 1, "chunkLen": 1, "isStartTag": 1}}
06-28 17:07:47.645 14700 14713 E WProf.db: {"WprofHTMLTag": {"code": "0xaf047fa0", "doc": "http://searchengineland.com/wsj-first-click-free-269545", "row": 69, "column": 37, "tagName": "meta", "time": 30730.763861, "url": "", "pos": 1, "chunkLen": 1, "isStartTag": 1}}
06-28 17:07:47.645 14700 14713 E WProf.db: {"WprofHTMLTag": {"code": "0xaf047fd0", "doc": "http://searchengineland.com/wsj-first-click-free-269545", "row": 70, "column": 87, "tagName": "link", "time": 30730.763980, "url": "http://searchengineland.com/wsj-first-click-free-269545", "pos": 1, "chunkLen": 1, "isStartTag": 1}}
06-28 17:07:47.645 14700 14713 E WProf.db: {"WprofHTMLTag": {"code": "0xb4cc74b0", "doc": "http://searchengineland.com/wsj-first-click-free-269545", "row": 71, "column": 76, "tagName": "link", "time": 30730.764186, "url": "https://plus.google.com/103218677032751327334", "pos": 1, "chunkLen": 1, "isStartTag": 1}}
06-28 17:07:47.645 14700 14713 E WProf.db: {"WprofHTMLTag": {"code": "0xb4cc7540", "doc": "http://searchengineland.com/wsj-first-click-free-269545", "row": 72, "column": 45, "tagName": "meta", "time": 30730.764517, "url": "", "pos": 1, "chunkLen": 1, "isStartTag": 1}}
06-28 17:07:47.645 14700 14713 E WProf.db: {"WprofHTMLTag": {"code": "0xb4cc78a0", "doc": "http://searchengineland.com/wsj-first-click-free-269545", "row": 73, "column": 45, "tagName": "meta", "time": 30730.764633, "url": "", "pos": 1, "chunkLen": 1, "isStartTag": 1}}
06-28 17:07:47.646 14700 14713 E WProf.db: {"WprofHTMLTag": {"code": "0xb4cc78d0", "doc": "http://searchengineland.com/wsj-first-click-free-269545", "row": 74, "column": 149, "tagName": "meta", "time": 30730.764744, "url": "", "pos": 1, "chunkLen": 1, "isStartTag": 1}}
06-28 17:07:47.646 14700 14713 E WProf.db: {"WprofHTMLTag": {"code": "0xb4cc7900", "doc": "http://searchengineland.com/wsj-first-click-free-269545", "row": 75, "column": 206, "tagName": "meta", "time": 30730.764857, "url": "", "pos": 1, "chunkLen": 1, "isStartTag": 1}}
06-28 17:07:47.646 14700 14713 E WProf.db: {"WprofHTMLTag": {"code": "0xb4cc7930", "doc": "http://searchengineland.com/wsj-first-click-free-269545", "row": 76, "column": 92, "tagName": "meta", "time": 30730.765448, "url": "", "pos": 1, "chunkLen": 1, "isStartTag": 1}}
06-28 17:07:47.646 14700 14713 E WProf.db: {"WprofHTMLTag": {"code": "0xb4cc7960", "doc": "http://searchengineland.com/wsj-first-click-free-269545", "row": 77, "column": 61, "tagName": "meta", "time": 30730.765743, "url": "", "pos": 1, "chunkLen": 1, "isStartTag": 1}}
06-28 17:07:47.646 14700 14713 E WProf.db: {"WprofHTMLTag": {"code": "0xb4cc7990", "doc": "http://searchengineland.com/wsj-first-click-free-269545", "row": 78, "column": 89, "tagName": "meta", "time": 30730.765876, "url": "", "pos": 1, "chunkLen": 1, "isStartTag": 1}}
06-28 17:07:47.646 14700 14713 E WProf.db: {"WprofHTMLTag": {"code": "0xb4cc79c0", "doc": "http://searchengineland.com/wsj-first-click-free-269545", "row": 79, "column": 83, "tagName": "meta", "time": 30730.765996, "url": "", "pos": 1, "chunkLen": 1, "isStartTag": 1}}
06-28 17:07:47.646 14700 14713 E WProf.db: {"WprofHTMLTag": {"code": "0xb4cc79f0", "doc": "http://searchengineland.com/wsj-first-click-free-269545", "row": 80, "column": 70, "tagName": "meta", "time": 30730.766124, "url": "", "pos": 1, "chunkLen": 1, "isStartTag": 1}}
06-28 17:07:47.646 14700 14713 E WProf.db: {"WprofHTMLTag": {"code": "0xb4cc7a20", "doc": "http://searchengineland.com/wsj-first-click-free-269545", "row": 81, "column": 78, "tagName": "meta", "time": 30730.766250, "url": "", "pos": 1, "chunkLen": 1, "isStartTag": 1}}
06-28 17:07:47.646 14700 14713 E WProf.db: {"WprofHTMLTag": {"code": "0xb4cc7a50", "doc": "http://searchengineland.com/wsj-first-click-free-269545", "row": 82, "column": 77, "tagName": "meta", "time": 30730.766364, "url": "", "pos": 1, "chunkLen": 1, "isStartTag": 1}}
06-28 17:07:47.647 14700 14713 E WProf.db: {"WprofHTMLTag": {"code": "0xb4cc7a80", "doc": "http://searchengineland.com/wsj-first-click-free-269545", "row": 83, "column": 71, "tagName": "meta", "time": 30730.766480, "url": "", "pos": 1, "chunkLen": 1, "isStartTag": 1}}
06-28 17:07:47.647 14700 14713 E WProf.db: {"WprofHTMLTag": {"code": "0xb4cc7ab0", "doc": "http://searchengineland.com/wsj-first-click-free-269545", "row": 84, "column": 127, "tagName": "meta", "time": 30730.766600, "url": "", "pos": 1, "chunkLen": 1, "isStartTag": 1}}
06-28 17:07:47.647 14700 14713 E WProf.db: {"WprofHTMLTag": {"code": "0xb4cc7ae0", "doc": "http://searchengineland.com/wsj-first-click-free-269545", "row": 85, "column": 49, "tagName": "meta", "time": 30730.766707, "url": "", "pos": 1, "chunkLen": 1, "isStartTag": 1}}
06-28 17:07:47.647 14700 14713 E WProf.db: {"WprofHTMLTag": {"code": "0xb4cc7b10", "doc": "http://searchengineland.com/wsj-first-click-free-269545", "row": 86, "column": 50, "tagName": "meta", "time": 30730.766824, "url": "", "pos": 1, "chunkLen": 1, "isStartTag": 1}}
06-28 17:07:47.647 14700 14713 E WProf.db: {"WprofHTMLTag": {"code": "0xb4cc7b40", "doc": "http://searchengineland.com/wsj-first-click-free-269545", "row": 87, "column": 58, "tagName": "meta", "time": 30730.766933, "url": "", "pos": 1, "chunkLen": 1, "isStartTag": 1}}
06-28 17:07:47.647 14700 14713 E WProf.db: {"WprofHTMLTag": {"code": "0xb4cc7b70", "doc": "http://searchengineland.com/wsj-first-click-free-269545", "row": 88, "column": 207, "tagName": "meta", "time": 30730.767056, "url": "", "pos": 1, "chunkLen": 1, "isStartTag": 1}}
06-28 17:07:47.647 14700 14713 E WProf.db: {"WprofHTMLTag": {"code": "0xb4cc7ba0", "doc": "http://searchengineland.com/wsj-first-click-free-269545", "row": 89, "column": 150, "tagName": "meta", "time": 30730.767175, "url": "", "pos": 1, "chunkLen": 1, "isStartTag": 1}}
06-28 17:07:47.647 14700 14713 E WProf.db: {"WprofHTMLTag": {"code": "0xb4cc7bd0", "doc": "http://searchengineland.com/wsj-first-click-free-269545", "row": 90, "column": 51, "tagName": "meta", "time": 30730.767287, "url": "", "pos": 1, "chunkLen": 1, "isStartTag": 1}}
06-28 17:07:47.647 14700 14713 E WProf.db: {"WprofHTMLTag": {"code": "0xb4cc7c00", "doc": "http://searchengineland.com/wsj-first-click-free-269545", "row": 91, "column": 128, "tagName": "meta", "time": 30730.767401, "url": "", "pos": 1, "chunkLen": 1, "isStartTag": 1}}
06-28 17:07:47.648 14700 14713 E WProf.db: {"WprofHTMLTag": {"code": "0xb4cc7c30", "doc": "http://searchengineland.com/wsj-first-click-free-269545", "row": 92, "column": 56, "tagName": "meta", "time": 30730.767518, "url": "", "pos": 1, "chunkLen": 1, "isStartTag": 1}}
06-28 17:07:47.648 14700 14713 E WProf.db: {"WprofHTMLTag": {"code": "0xb4cc7c60", "doc": "http://searchengineland.com/wsj-first-click-free-269545", "row": 95, "column": 44, "tagName": "link", "time": 30730.767879, "url": "http://s.w.org/", "pos": 1, "chunkLen": 1, "isStartTag": 1}}
06-28 17:07:47.648 14700 14713 E WProf.db: {"WprofHTMLTag": {"code": "0xb4cc7c90", "doc": "http://searchengineland.com/wsj-first-click-free-269545", "row": 96, "column": 33, "tagName": "script", "time": 30730.768124, "url": "", "pos": 1, "chunkLen": 1, "isStartTag": 1}}
06-28 17:07:47.648 14700 14713 E WProf.db: {"WprofHTMLTag": {"code": "0xb4cc7cc0", "doc": "http://searchengineland.com/wsj-first-click-free-269545", "row": 99, "column": 11, "tagName": "script", "time": 30730.768721, "url": "http://searchengineland.com/figz/wp-includes/js/wp-emoji-release.min.js?ver=4.7.5", "pos": 1, "chunkLen": 1, "isStartTag": 0}}
06-28 17:07:47.648 14700 14713 E WProf.db: {"WprofHTMLTag": {"code": "0xaa2bb990", "doc": "http://searchengineland.com/wsj-first-click-free-269545", "row": 100, "column": 25, "tagName": "style", "time": 30731.462461, "url": "", "pos": 1, "chunkLen": 1, "isStartTag": 1}}
06-28 17:07:47.648 14700 14713 E WProf.db: {"WprofHTMLTag": {"code": "0xaa2bb9c0", "doc": "http://searchengineland.com/wsj-first-click-free-269545", "row": 113, "column": 8, "tagName": "style", "time": 30731.462657, "url": "", "pos": 1, "chunkLen": 1, "isStartTag": 0}}
06-28 17:07:47.648 14700 14713 E WProf.db: {"WprofHTMLTag": {"code": "0xaa2bb9f0", "doc": "http://searchengineland.com/wsj-first-click-free-269545", "row": 114, "column": 140, "tagName": "script", "time": 30731.464261, "url": "http://searchengineland.com/figz/wp-content/themes/searchengineland/js/lib/modernizr.custom.js?ver=1.0", "pos": 1, "chunkLen": 1, "isStartTag": 1}}
06-28 17:07:47.648 14700 14713 E WProf.db: {"WprofHTMLTag": {"code": "0xaa2bba20", "doc": "http://searchengineland.com/wsj-first-click-free-269545", "row": 114, "column": 149, "tagName": "script", "time": 30731.464505, "url": "", "pos": 1, "chunkLen": 1, "isStartTag": 0}}
06-28 17:07:47.648 14700 14713 E WProf.db: {"WprofHTMLTag": {"code": "0xaedddb40", "doc": "http://searchengineland.com/wsj-first-click-free-269545", "row": 115, "column": 144, "tagName": "script", "time": 30731.473692, "url": "http://searchengineland.com/figz/wp-content/themes/searchengineland/js/lib/jquery-1.11.0.min.js?ver=1.11.0", "pos": 1, "chunkLen": 1, "isStartTag": 1}}
06-28 17:07:47.649 14700 14713 E WProf.db: {"WprofHTMLTag": {"code": "0xaa2bbb10", "doc": "http://searchengineland.com/wsj-first-click-free-269545", "row": 115, "column": 153, "tagName": "script", "time": 30731.473935, "url": "", "pos": 1, "chunkLen": 1, "isStartTag": 0}}
06-28 17:07:47.649 14700 14713 E WProf.db: {"WprofHTMLTag": {"code": "0xaedddf30", "doc": "http://searchengineland.com/wsj-first-click-free-269545", "row": 0, "column": 15, "tagName": "div", "time": 30731.536484, "url": "", "pos": 15, "chunkLen": 44, "isStartTag": 1}}
06-28 17:07:47.649 14700 14713 E WProf.db: {"WprofHTMLTag": {"code": "0xaedddf00", "doc": "http://searchengineland.com/wsj-first-click-free-269545", "row": 0, "column": 21, "tagName": "div", "time": 30731.536620, "url": "", "pos": 21, "chunkLen": 44, "isStartTag": 0}}
06-28 17:07:47.649 14700 14713 E WProf.db: {"WprofHTMLTag": {"code": "0xaeddded0", "doc": "http://searchengineland.com/wsj-first-click-free-269545", "row": 0, "column": 38, "tagName": "div", "time": 30731.536691, "url": "", "pos": 38, "chunkLen": 44, "isStartTag": 1}}
06-28 17:07:47.649 14700 14713 E WProf.db: {"WprofHTMLTag": {"code": "0xaedddea0", "doc": "http://searchengineland.com/wsj-first-click-free-269545", "row": 0, "column": 44, "tagName": "div", "time": 30731.536818, "url": "", "pos": 44, "chunkLen": 44, "isStartTag": 0}}
06-28 17:07:47.649 14700 14713 E WProf.db: {"WprofHTMLTag": {"code": "0xaedddd20", "doc": "http://searchengineland.com/wsj-first-click-free-269545", "row": 0, "column": 13, "tagName": "select", "time": 30731.538224, "url": "", "pos": 13, "chunkLen": 51, "isStartTag": 1}}
06-28 17:07:47.649 14700 14713 E WProf.db: {"WprofHTMLTag": {"code": "0xaeddde70", "doc": "http://searchengineland.com/wsj-first-click-free-269545", "row": 0, "column": 33, "tagName": "option", "time": 30731.538404, "url": "", "pos": 33, "chunkLen": 51, "isStartTag": 1}}
06-28 17:07:47.649 14700 14713 E WProf.db: {"WprofHTMLTag": {"code": "0xaa2bbb40", "doc": "http://searchengineland.com/wsj-first-click-free-269545", "row": 0, "column": 42, "tagName": "option", "time": 30731.538604, "url": "", "pos": 42, "chunkLen": 51, "isStartTag": 0}}
06-28 17:07:47.649 14700 14713 E WProf.db: {"WprofHTMLTag": {"code": "0xaa2bbb70", "doc": "http://searchengineland.com/wsj-first-click-free-269545", "row": 0, "column": 51, "tagName": "select", "time": 30731.538665, "url": "", "pos": 51, "chunkLen": 51, "isStartTag": 0}}
06-28 17:07:47.650 14700 14713 E WProf.db: {"WprofHTMLTag": {"code": "0xaa2bbba0", "doc": "http://searchengineland.com/wsj-first-click-free-269545", "row": 0, "column": 12, "tagName": "a", "time": 30731.553579, "url": "", "pos": 12, "chunkLen": 16, "isStartTag": 1}}
06-28 17:07:47.650 14700 14713 E WProf.db: {"WprofHTMLTag": {"code": "0xaa2bbbd0", "doc": "http://searchengineland.com/wsj-first-click-free-269545", "row": 0, "column": 16, "tagName": "a", "time": 30731.553750, "url": "", "pos": 16, "chunkLen": 16, "isStartTag": 0}}
06-28 17:07:47.650 14700 14713 E WProf.db: {"WprofHTMLTag": {"code": "0xaa2bbc00", "doc": "http://searchengineland.com/wsj-first-click-free-269545", "row": 0, "column": 8, "tagName": "input", "time": 30731.554790, "url": "", "pos": 8, "chunkLen": 8, "isStartTag": 1}}
06-28 17:07:47.650 14700 14713 E WProf.db: {"WprofHTMLTag": {"code": "0xaa2bbc30", "doc": "http://searchengineland.com/wsj-first-click-free-269545", "row": 0, "column": 9, "tagName": "link", "time": 30731.563849, "url": "", "pos": 9, "chunkLen": 42, "isStartTag": 1}}
06-28 17:07:47.650 14700 14713 E WProf.db: {"WprofHTMLTag": {"code": "0xaa2bbc60", "doc": "http://searchengineland.com/wsj-first-click-free-269545", "row": 0, "column": 16, "tagName": "table", "time": 30731.563972, "url": "", "pos": 16, "chunkLen": 42, "isStartTag": 1}}
06-28 17:07:47.650 14700 14713 E WProf.db: {"WprofHTMLTag": {"code": "0xaa2bbc90", "doc": "http://searchengineland.com/wsj-first-click-free-269545", "row": 0, "column": 24, "tagName": "table", "time": 30731.564091, "url": "", "pos": 24, "chunkLen": 42, "isStartTag": 0}}
06-28 17:07:47.650 14700 14713 E WProf.db: {"WprofHTMLTag": {"code": "0xaa2bbcc0", "doc": "http://searchengineland.com/wsj-first-click-free-269545", "row": 0, "column": 37, "tagName": "a", "time": 30731.564161, "url": "", "pos": 37, "chunkLen": 42, "isStartTag": 1}}
06-28 17:07:47.650 14700 14713 E WProf.db: {"WprofHTMLTag": {"code": "0xaa2bbcf0", "doc": "http://searchengineland.com/wsj-first-click-free-269545", "row": 0, "column": 42, "tagName": "a", "time": 30731.564551, "url": "", "pos": 42, "chunkLen": 42, "isStartTag": 0}}
06-28 17:07:47.650 14700 14713 E WProf.db: {"WprofHTMLTag": {"code": "0xaa2bbd80", "doc": "http://searchengineland.com/wsj-first-click-free-269545", "row": 0, "column": 10, "tagName": "textarea", "time": 30731.565746, "url": "", "pos": 10, "chunkLen": 22, "isStartTag": 1}}
06-28 17:07:47.650 14700 14713 E WProf.db: {"WprofHTMLTag": {"code": "0xaa2bbdb0", "doc": "http://searchengineland.com/wsj-first-click-free-269545", "row": 0, "column": 22, "tagName": "textarea", "time": 30731.565941, "url": "", "pos": 22, "chunkLen": 22, "isStartTag": 0}}
06-28 17:07:47.651 14700 14713 E WProf.db: {"WprofHTMLTag": {"code": "0xaa2bbde0", "doc": "http://searchengineland.com/wsj-first-click-free-269545", "row": 0, "column": 48, "tagName": "input", "time": 30731.567172, "url": "", "pos": 48, "chunkLen": 48, "isStartTag": 1}}
06-28 17:07:47.651 14700 14713 E WProf.db: {"WprofHTMLTag": {"code": "0xaa2bbe40", "doc": "http://searchengineland.com/wsj-first-click-free-269545", "row": 0, "column": 9, "tagName": "link", "time": 30731.572151, "url": "", "pos": 9, "chunkLen": 66, "isStartTag": 1}}
06-28 17:07:47.651 14700 14713 E WProf.db: {"WprofHTMLTag": {"code": "0xaa2bbe70", "doc": "http://searchengineland.com/wsj-first-click-free-269545", "row": 0, "column": 16, "tagName": "table", "time": 30731.572276, "url": "", "pos": 16, "chunkLen": 66, "isStartTag": 1}}
06-28 17:07:47.651 14700 14713 E WProf.db: {"WprofHTMLTag": {"code": "0xaa2bbea0", "doc": "http://searchengineland.com/wsj-first-click-free-269545", "row": 0, "column": 24, "tagName": "table", "time": 30731.572355, "url": "", "pos": 24, "chunkLen": 66, "isStartTag": 0}}
06-28 17:07:47.651 14700 14713 E WProf.db: {"WprofHTMLTag": {"code": "0xaa2bbed0", "doc": "http://searchengineland.com/wsj-first-click-free-269545", "row": 0, "column": 37, "tagName": "a", "time": 30731.572433, "url": "", "pos": 37, "chunkLen": 66, "isStartTag": 1}}
06-28 17:07:47.651 14700 14713 E WProf.db: {"WprofHTMLTag": {"code": "0xaa2bbf00", "doc": "http://searchengineland.com/wsj-first-click-free-269545", "row": 0, "column": 42, "tagName": "a", "time": 30731.572628, "url": "", "pos": 42, "chunkLen": 66, "isStartTag": 0}}
06-28 17:07:47.651 14700 14713 E WProf.db: {"WprofHTMLTag": {"code": "0xaa2bbf30", "doc": "http://searchengineland.com/wsj-first-click-free-269545", "row": 0, "column": 66, "tagName": "input", "time": 30731.572700, "url": "", "pos": 66, "chunkLen": 66, "isStartTag": 1}}
06-28 17:07:47.652 14700 14713 E WProf.db: {"WprofHTMLTag": {"code": "0xaa2bbfc0", "doc": "http://searchengineland.com/wsj-first-click-free-269545", "row": 0, "column": 9, "tagName": "link", "time": 30731.574827, "url": "", "pos": 9, "chunkLen": 66, "isStartTag": 1}}
06-28 17:07:47.652 14700 14713 E WProf.db: {"WprofHTMLTag": {"code": "0xaa2bbff0", "doc": "http://searchengineland.com/wsj-first-click-free-269545", "row": 0, "column": 16, "tagName": "table", "time": 30731.574943, "url": "", "pos": 16, "chunkLen": 66, "isStartTag": 1}}
06-28 17:07:47.652 14700 14713 E WProf.db: {"WprofHTMLTag": {"code": "0xaa2bc020", "doc": "http://searchengineland.com/wsj-first-click-free-269545", "row": 0, "column": 24, "tagName": "table", "time": 30731.575034, "url": "", "pos": 24, "chunkLen": 66, "isStartTag": 0}}
06-28 17:07:47.652 14700 14713 E WProf.db: {"WprofHTMLTag": {"code": "0xaa2bc050", "doc": "http://searchengineland.com/wsj-first-click-free-269545", "row": 0, "column": 37, "tagName": "a", "time": 30731.575102, "url": "", "pos": 37, "chunkLen": 66, "isStartTag": 1}}
06-28 17:07:47.652 14700 14713 E WProf.db: {"WprofHTMLTag": {"code": "0xaa2bc080", "doc": "http://searchengineland.com/wsj-first-click-free-269545", "row": 0, "column": 42, "tagName": "a", "time": 30731.575290, "url": "", "pos": 42, "chunkLen": 66, "isStartTag": 0}}
06-28 17:07:47.652 14700 14713 E WProf.db: {"WprofHTMLTag": {"code": "0xaa2bc0b0", "doc": "http://searchengineland.com/wsj-first-click-free-269545", "row": 0, "column": 66, "tagName": "input", "time": 30731.575359, "url": "", "pos": 66, "chunkLen": 66, "isStartTag": 1}}
06-28 17:07:47.652 14700 14713 E WProf.db: {"WprofHTMLTag": {"code": "0xaa2bc110", "doc": "http://searchengineland.com/wsj-first-click-free-269545", "row": 0, "column": 9, "tagName": "link", "time": 30731.581566, "url": "", "pos": 9, "chunkLen": 66, "isStartTag": 1}}
06-28 17:07:47.652 14700 14713 E WProf.db: {"WprofHTMLTag": {"code": "0xaa2bc140", "doc": "http://searchengineland.com/wsj-first-click-free-269545", "row": 0, "column": 16, "tagName": "table", "time": 30731.581706, "url": "", "pos": 16, "chunkLen": 66, "isStartTag": 1}}
06-28 17:07:47.653 14700 14713 E WProf.db: {"WprofHTMLTag": {"code": "0xaa2bc170", "doc": "http://searchengineland.com/wsj-first-click-free-269545", "row": 0, "column": 24, "tagName": "table", "time": 30731.582051, "url": "", "pos": 24, "chunkLen": 66, "isStartTag": 0}}
06-28 17:07:47.653 14700 14713 E WProf.db: {"WprofHTMLTag": {"code": "0xaa2bc1a0", "doc": "http://searchengineland.com/wsj-first-click-free-269545", "row": 0, "column": 37, "tagName": "a", "time": 30731.582133, "url": "", "pos": 37, "chunkLen": 66, "isStartTag": 1}}
06-28 17:07:47.653 14700 14713 E WProf.db: {"WprofHTMLTag": {"code": "0xaa2bc1d0", "doc": "http://searchengineland.com/wsj-first-click-free-269545", "row": 0, "column": 42, "tagName": "a", "time": 30731.582330, "url": "", "pos": 42, "chunkLen": 66, "isStartTag": 0}}
06-28 17:07:47.653 14700 14713 E WProf.db: {"WprofHTMLTag": {"code": "0xaa2bc200", "doc": "http://searchengineland.com/wsj-first-click-free-269545", "row": 0, "column": 66, "tagName": "input", "time": 30731.582401, "url": "", "pos": 66, "chunkLen": 66, "isStartTag": 1}}
06-28 17:07:47.653 14700 14713 E WProf.db: {"WprofHTMLTag": {"code": "0xaa2bc320", "doc": "http://searchengineland.com/wsj-first-click-free-269545", "row": 116, "column": 154, "tagName": "script", "time": 30731.597223, "url": "http://searchengineland.com/figz/wp-content/themes/searchengineland/js/lib/jquery-ui-1.10.3.custom.min.js?ver=1.10.3", "pos": 67, "chunkLen": 67, "isStartTag": 1}}
06-28 17:07:47.653 14700 14713 E WProf.db: {"WprofHTMLTag": {"code": "0xaa2bc350", "doc": "http://searchengineland.com/wsj-first-click-free-269545", "row": 116, "column": 163, "tagName": "script", "time": 30731.597539, "url": "", "pos": 67, "chunkLen": 67, "isStartTag": 0}}
06-28 17:07:47.653 14700 14713 E WProf.db: {"WprofHTMLTag": {"code": "0xaedddc00", "doc": "http://searchengineland.com/wsj-first-click-free-269545", "row": 0, "column": 111, "tagName": "div", "time": 30731.927702, "url": "", "pos": 111, "chunkLen": 117, "isStartTag": 1}}
06-28 17:07:47.653 14700 14713 E WProf.db: {"WprofHTMLTag": {"code": "0xaedddde0", "doc": "http://searchengineland.com/wsj-first-click-free-269545", "row": 0, "column": 117, "tagName": "div", "time": 30731.927915, "url": "", "pos": 117, "chunkLen": 117, "isStartTag": 0}}
