06-28 13:42:23.967  3637  3650 E WProf.db: {"Resource": {"id": 10, "url": "https://fonts.googleapis.com/css?family=Oswald:300,400,700", "sentTime": -1.000000, "len": 734, "from": "0xb4cc7960", "mimeType": "text/css", "contentLength": -1, "httpStatus": 200, "connId": 138, "connReused": 0, "cached": 0,"requestTime": 18419.262689, "proxyStart": -1, "proxyEnd": -1, "dnsStart": 42, "dnsEnd": 44, "connectStart": 0, "connectEnd": 266, "sendStart": 266, "sendEnd": 267, "receiveHeadersEnd": 400, "sslStart": 104, "sslEnd": 265}}
06-28 13:42:23.967  3637  3650 E WProf.db: {"ReceivedChunk": {"receivedTime": 18419.682364, "len": 734}}
06-28 13:42:23.967  3637  3650 E WProf.db: {"Resource": {"id": 2, "url": "https://cdn.ampproject.org/rtv/011498506512561/v0.js", "sentTime": -1.000000, "len": 221178, "from": "0xaf047cd0", "mimeType": "text/javascript", "contentLength": -1, "httpStatus": 200, "connId": 63, "connReused": 0, "cached": 0,"requestTime": 18419.244061, "proxyStart": -1, "proxyEnd": -1, "dnsStart": 37, "dnsEnd": 41, "connectStart": 0, "connectEnd": 328, "sendStart": 328, "sendEnd": 329, "receiveHeadersEnd": 425, "sslStart": 102, "sslEnd": 326}}
06-28 13:42:23.967  3637  3650 E WProf.db: {"ReceivedChunk": {"receivedTime": 18419.685513, "len": 6986}}
06-28 13:42:23.967  3637  3650 E WProf.db: {"ReceivedChunk": {"receivedTime": 18419.692426, "len": 10973}}
06-28 13:42:23.968  3637  3650 E WProf.db: {"Resource": {"id": 3, "url": "https://cdn.ampproject.org/rtv/011498506512561/v0/amp-ad-0.1.js", "sentTime": -1.000000, "len": 54716, "from": "0xaf047d30", "mimeType": "text/javascript", "contentLength": -1, "httpStatus": 200, "connId": 74, "connReused": 0, "cached": 0,"requestTime": 18419.245624, "proxyStart": -1, "proxyEnd": -1, "dnsStart": 40, "dnsEnd": 40, "connectStart": 0, "connectEnd": 327, "sendStart": 327, "sendEnd": 328, "receiveHeadersEnd": 433, "sslStart": 102, "sslEnd": 323}}
06-28 13:42:23.968  3637  3650 E WProf.db: {"ReceivedChunk": {"receivedTime": 18419.690192, "len": 7243}}
06-28 13:42:23.969  3637  3650 E WProf.db: {"ReceivedChunk": {"receivedTime": 18419.710858, "len": 14655}}
06-28 13:42:23.969  3637  3650 E WProf.db: {"ReceivedChunk": {"receivedTime": 18419.763044, "len": 32768}}
06-28 13:42:23.969  3637  3650 E WProf.db: {"ReceivedChunk": {"receivedTime": 18419.763227, "len": 50}}
06-28 13:42:23.969  3637  3650 E WProf.db: {"Resource": {"id": 6, "url": "https://cdn.ampproject.org/rtv/011498506512561/v0/amp-form-0.1.js", "sentTime": -1.000000, "len": 31561, "from": "0xaf047ee0", "mimeType": "text/javascript", "contentLength": -1, "httpStatus": 200, "connId": 107, "connReused": 0, "cached": 0,"requestTime": 18419.250887, "proxyStart": -1, "proxyEnd": -1, "dnsStart": 43, "dnsEnd": 43, "connectStart": 0, "connectEnd": 325, "sendStart": 325, "sendEnd": 326, "receiveHeadersEnd": 428, "sslStart": 102, "sslEnd": 316}}
06-28 13:42:23.969  3637  3650 E WProf.db: {"Resource": {"id": 11, "url": "https://fonts.googleapis.com/css?family=Merriweather:400,400italic,700,700italic", "sentTime": -1.000000, "len": 1079, "from": "0xb4cc79c0", "mimeType": "text/css", "contentLength": -1, "httpStatus": 200, "connId": 148, "connReused": 0, "cached": 0,"requestTime": 18419.263551, "proxyStart": -1, "proxyEnd": -1, "dnsStart": 44, "dnsEnd": 45, "connectStart": 0, "connectEnd": 279, "sendStart": 279, "sendEnd": 279, "receiveHeadersEnd": 430, "sslStart": 111, "sslEnd": 275}}
06-28 13:42:23.970  3637  3650 E WProf.db: {"Resource": {"id": 8, "url": "https://cdn.ampproject.org/rtv/011498506512561/v0/amp-video-0.1.js", "sentTime": -1.000000, "len": 10102, "from": "0xaf047fd0", "mimeType": "text/javascript", "contentLength": -1, "httpStatus": 200, "connId": 85, "connReused": 1, "cached": 0,"requestTime": 18419.254904, "proxyStart": -1, "proxyEnd": -1, "dnsStart": -1, "dnsEnd": -1, "connectStart": 0, "connectEnd": 437, "sendStart": 437, "sendEnd": 438, "receiveHeadersEnd": 515, "sslStart": -1, "sslEnd": -1}}
06-28 13:42:23.970  3637  3650 E WProf.db: {"ReceivedChunk": {"receivedTime": 18419.852310, "len": 6656}}
06-28 13:42:23.970  3637  3650 E WProf.db: {"ReceivedChunk": {"receivedTime": 18419.857413, "len": 3446}}
06-28 13:42:23.970  3637  3650 E WProf.db: {"Resource": {"id": 9, "url": "https://cdn.ampproject.org/rtv/011498506512561/v0/amp-youtube-0.1.js", "sentTime": -1.000000, "len": 11166, "from": "0xb4cc78a0", "mimeType": "text/javascript", "contentLength": -1, "httpStatus": 200, "connId": 118, "connReused": 1, "cached": 0,"requestTime": 18419.255453, "proxyStart": -1, "proxyEnd": -1, "dnsStart": -1, "dnsEnd": -1, "connectStart": 0, "connectEnd": 440, "sendStart": 440, "sendEnd": 440, "receiveHeadersEnd": 522, "sslStart": -1, "sslEnd": -1}}
06-28 13:42:23.970  3637  3650 E WProf.db: {"ReceivedChunk": {"receivedTime": 18419.859246, "len": 6909}}
06-28 13:42:23.970  3637  3650 E WProf.db: {"ReceivedChunk": {"receivedTime": 18419.859753, "len": 4257}}
06-28 13:42:23.970  3637  3650 E WProf.db: {"Resource": {"id": 12, "url": "https://cdn.ampproject.org/rtv/011498506512561/v0/amp-mustache-0.1.js", "sentTime": -1.000000, "len": 38077, "from": "0xb4cc8050", "mimeType": "text/javascript", "contentLength": -1, "httpStatus": 200, "connId": 74, "connReused": 1, "cached": 0,"requestTime": 18419.284469, "proxyStart": -1, "proxyEnd": -1, "dnsStart": -1, "dnsEnd": -1, "connectStart": 0, "connectEnd": 445, "sendStart": 445, "sendEnd": 445, "receiveHeadersEnd": 512, "sslStart": -1, "sslEnd": -1}}
06-28 13:42:23.971  3637  3650 E WProf.db: {"ReceivedChunk": {"receivedTime": 18420.612807, "len": 3691}}
06-28 13:42:23.971  3637  3650 E WProf.db: {"Resource": {"id": 21, "url": "https://searchengineland-com.cdn.ampproject.org/i/searchengineland.com/figz/wp-content/themes/searchengineland/amp/img/icons/menu.png", "sentTime": -1.000000, "len": 111, "from": "0xaa167840", "mimeType": "image/png", "contentLength": 111, "httpStatus": 200, "connId": 21, "connReused": 1, "cached": 0,"requestTime": 18420.370743, "proxyStart": -1, "proxyEnd": -1, "dnsStart": -1, "dnsEnd": -1, "connectStart": 0, "connectEnd": 32, "sendStart": 32, "sendEnd": 33, "receiveHeadersEnd": 138, "sslStart": -1, "sslEnd": -1}}
06-28 13:42:23.971  3637  3650 E WProf.db: {"ReceivedChunk": {"receivedTime": 18420.612315, "len": 111}}
06-28 13:42:23.972  3571  3617 E chromium: [ERROR:gles2_cmd_decoder.cc(3852)] [.ChromiumCompositor-0xacbb2fc0]GL ERROR :GL_INVALID_ENUM : glDiscardFramebufferEXT: attachments was GL_COLOR_EXT
06-28 13:42:23.972  3637  3650 E WProf.db: {"Resource": {"id": 22, "url": "https://searchengineland-com.cdn.ampproject.org/i/searchengineland.com/figz/wp-content/themes/searchengineland/amp/img/icons/facebook.jpg", "sentTime": -1.000000, "len": 180, "from": "0xaa167840", "mimeType": "image/webp", "contentLength": 180, "httpStatus": 200, "connId": 21, "connReused": 1, "cached": 0,"requestTime": 18420.375523, "proxyStart": -1, "proxyEnd": -1, "dnsStart": -1, "dnsEnd": -1, "connectStart": 0, "connectEnd": 139, "sendStart": 139, "sendEnd": 139, "receiveHeadersEnd": 237, "sslStart": -1, "sslEnd": -1}}
06-28 13:42:23.972  3637  3650 E WProf.db: {"ReceivedChunk": {"receivedTime": 18420.715356, "len": 180}}
06-28 13:42:23.972  3637  3650 E WProf.db: {"Resource": {"id": 23, "url": "https://searchengineland-com.cdn.ampproject.org/i/searchengineland.com/figz/wp-content/themes/searchengineland/amp/img/icons/twitter.jpg", "sentTime": -1.000000, "len": 248, "from": "0xaa167840", "mimeType": "image/webp", "contentLength": 248, "httpStatus": 200, "connId": 22, "connReused": 1, "cached": 0,"requestTime": 18420.379162, "proxyStart": -1, "proxyEnd": -1, "dnsStart": -1, "dnsEnd": -1, "connectStart": 0, "connectEnd": 138, "sendStart": 138, "sendEnd": 138, "receiveHeadersEnd": 238, "sslStart": -1, "sslEnd": -1}}
06-28 13:42:23.972  3637  3650 E WProf.db: {"ReceivedChunk": {"receivedTime": 18420.717327, "len": 248}}
06-28 13:42:23.972  3637  3650 E WProf.db: {"Resource": {"id": 24, "url": "https://searchengineland-com.cdn.ampproject.org/i/searchengineland.com/figz/wp-content/themes/searchengineland/amp/img/icons/linkedin.jpg", "sentTime": -1.000000, "len": 238, "from": "0xaa167840", "mimeType": "image/webp", "contentLength": 238, "httpStatus": 200, "connId": 196, "connReused": 0, "cached": 0,"requestTime": 18420.383587, "proxyStart": -1, "proxyEnd": -1, "dnsStart": 22, "dnsEnd": 23, "connectStart": 0, "connectEnd": 143, "sendStart": 143, "sendEnd": 143, "receiveHeadersEnd": 244, "sslStart": 82, "sslEnd": 142}}
06-28 13:42:23.972  3637  3650 E WProf.db: {"ReceivedChunk": {"receivedTime": 18420.718450, "len": 238}}
06-28 13:42:23.972  3637  3650 E WProf.db: {"Resource": {"id": 25, "url": "https://searchengineland-com.cdn.ampproject.org/i/searchengineland.com/figz/wp-content/seloads/2016/11/click-date_280669499-ss-1920-800x450.jpg", "sentTime": -1.000000, "len": 17096, "from": "0xaa167840", "mimeType": "image/webp", "contentLength": 17096, "httpStatus": 200, "connId": 207, "connReused": 0, "cached": 0,"requestTime": 18420.388495, "proxyStart": -1, "proxyEnd": -1, "dnsStart": 20, "dnsEnd": 20, "connectStart": 0, "connectEnd": 145, "sendStart": 145, "sendEnd": 145, "receiveHeadersEnd": 422, "sslStart": 81, "sslEnd": 144}}
06-28 13:42:23.972  3637  3650 E WProf.db: {"ReceivedChunk": {"receivedTime": 18420.816309, "len": 1887}}
06-28 13:42:23.972  3637  3650 E WProf.db: {"ReceivedChunk": {"receivedTime": 18420.818933, "len": 5556}}
06-28 13:42:23.973  3637  3650 E WProf.db: {"ReceivedChunk": {"receivedTime": 18420.819323, "len": 6945}}
06-28 13:42:23.973  3637  3650 E WProf.db: {"ReceivedChunk": {"receivedTime": 18420.880404, "len": 816}}
06-28 13:42:23.973  3637  3650 E WProf.db: {"ReceivedChunk": {"receivedTime": 18420.880675, "len": 1892}}
06-28 13:42:23.973  3637  3650 E WProf.db: {"Resource": {"id": 26, "url": "https://searchengineland-com.cdn.ampproject.org/i/searchengineland.com/figz/wp-content/seloads/2017/06/Clicks-with-and-without-featured-snippets-2.png", "sentTime": -1.000000, "len": 7456, "from": "0xaa167840", "mimeType": "image/png", "contentLength": 7456, "httpStatus": 200, "connId": 229, "connReused": 0, "cached": 0,"requestTime": 18420.392005, "proxyStart": -1, "proxyEnd": -1, "dnsStart": 21, "dnsEnd": 22, "connectStart": 0, "connectEnd": 142, "sendStart": 142, "sendEnd": 142, "receiveHeadersEnd": 434, "sslStart": 81, "sslEnd": 141}}
06-28 13:42:23.973  3637  3650 E WProf.db: {"ReceivedChunk": {"receivedTime": 18420.829816, "len": 3231}}
06-28 13:42:23.973  3637  3650 E WProf.db: {"ReceivedChunk": {"receivedTime": 18420.830166, "len": 1460}}
06-28 13:42:23.973  3637  3650 E WProf.db: {"ReceivedChunk": {"receivedTime": 18420.830316, "len": 2765}}
06-28 13:42:23.973  3637  3650 E WProf.db: {"Resource": {"id": 27, "url": "https://searchengineland-com.cdn.ampproject.org/i/searchengineland.com/figz/wp-content/seloads/2017/06/Informational-Queries-With-SERP-Features.png", "sentTime": -1.000000, "len": 11656, "from": "0xaa167840", "mimeType": "image/png", "contentLength": 11656, "httpStatus": 200, "connId": 218, "connReused": 0, "cached": 0,"requestTime": 18420.395423, "proxyStart": -1, "proxyEnd": -1, "dnsStart": 15, "dnsEnd": 15, "connectStart": 0, "connectEnd": 152, "sendStart": 152, "sendEnd": 152, "receiveHeadersEnd": 585, "sslStart": 85, "sslEnd": 152}}
06-28 13:42:23.974  3637  3650 E WProf.db: {"ReceivedChunk": {"receivedTime": 18420.984738, "len": 1912}}
06-28 13:42:23.974  3637  3650 E WProf.db: {"ReceivedChunk": {"receivedTime": 18420.985186, "len": 4167}}
06-28 13:42:23.974  3637  3650 E WProf.db: {"ReceivedChunk": {"receivedTime": 18420.986765, "len": 5577}}
06-28 13:42:23.975  3637  3650 E WProf.db: {"HOL": {"type": 3, "docUrl": "https://searchengineland-com.cdn.ampproject.org/c/searchengineland.com/yet-another-study-shows-significant-drops-organic-clicks-featured-snippets-276927/amp", "code": "0xaf047cd0", "row": 0, "column": 1766, "url": "https://cdn.ampproject.org/rtv/011498506512561/v0.js"}}
06-28 13:42:23.975  3637  3650 E WProf.db: {"HOL": {"type": 3, "docUrl": "https://searchengineland-com.cdn.ampproject.org/c/searchengineland.com/yet-another-study-shows-significant-drops-organic-clicks-featured-snippets-276927/amp", "code": "0xaf047d30", "row": 0, "column": 1883, "url": "https://cdn.ampproject.org/rtv/011498506512561/v0/amp-ad-0.1.js"}}
06-28 13:42:23.975  3637  3650 E WProf.db: {"HOL": {"type": 3, "docUrl": "https://searchengineland-com.cdn.ampproject.org/c/searchengineland.com/yet-another-study-shows-significant-drops-organic-clicks-featured-snippets-276927/amp", "code": "0xaf047dc0", "row": 0, "column": 2014, "url": "https://cdn.ampproject.org/rtv/011498506512561/v0/amp-analytics-0.1.js"}}
06-28 13:42:23.975  3637  3650 E WProf.db: {"HOL": {"type": 3, "docUrl": "https://searchengineland-com.cdn.ampproject.org/c/searchengineland.com/yet-another-study-shows-significant-drops-organic-clicks-featured-snippets-276927/amp", "code": "0xaf047e50", "row": 0, "column": 2135, "url": "https://cdn.ampproject.org/rtv/011498506512561/v0/amp-anim-0.1.js"}}
06-28 13:42:23.975  3637  3650 E WProf.db: {"HOL": {"type": 3, "docUrl": "https://searchengineland-com.cdn.ampproject.org/c/searchengineland.com/yet-another-study-shows-significant-drops-organic-clicks-featured-snippets-276927/amp", "code": "0xaf047ee0", "row": 0, "column": 2256, "url": "https://cdn.ampproject.org/rtv/011498506512561/v0/amp-form-0.1.js"}}
06-28 13:42:23.975  3637  3650 E WProf.db: {"HOL": {"type": 3, "docUrl": "https://searchengineland-com.cdn.ampproject.org/c/searchengineland.com/yet-another-study-shows-significant-drops-organic-clicks-featured-snippets-276927/amp", "code": "0xaedd9690", "row": 0, "column": 2383, "url": "https://cdn.ampproject.org/rtv/011498506512561/v0/amp-sidebar-0.1.js"}}
06-28 13:42:23.975  3637  3650 E WProf.db: {"HOL": {"type": 3, "docUrl": "https://searchengineland-com.cdn.ampproject.org/c/searchengineland.com/yet-another-study-shows-significant-drops-organic-clicks-featured-snippets-276927/amp", "code": "0xaf047fd0", "row": 0, "column": 2506, "url": "https://cdn.ampproject.org/rtv/011498506512561/v0/amp-video-0.1.js"}}
06-28 13:42:23.975  3637  3650 E WProf.db: {"HOL": {"type": 3, "docUrl": "https://searchengineland-com.cdn.ampproject.org/c/searchengineland.com/yet-another-study-shows-significant-drops-organic-clicks-featured-snippets-276927/amp", "code": "0xb4cc78a0", "row": 0, "column": 2633, "url": "https://cdn.ampproject.org/rtv/011498506512561/v0/amp-youtube-0.1.js"}}
06-28 13:42:23.975  3637  3650 E WProf.db: {"HOL": {"type": 4, "docUrl": "https://searchengineland-com.cdn.ampproject.org/c/searchengineland.com/yet-another-study-shows-significant-drops-organic-clicks-featured-snippets-276927/amp", "code": "0xb4cc7930", "row": 0, "column": 2700, "url": "https://searchengineland-com.cdn.ampproject.org/i/searchengineland.com/favicon.ico"}}
06-28 13:42:23.975  3637  3650 E WProf.db: {"HOL": {"type": 4, "docUrl": "https://searchengineland-com.cdn.ampproject.org/c/searchengineland.com/yet-another-study-shows-significant-drops-organic-clicks-featured-snippets-276927/amp", "code": "0xb4cc7960", "row": 0, "column": 2787, "url": "https://fonts.googleapis.com/css?family=Oswald:300,400,700"}}
06-28 13:42:23.975  3637  3650 E WProf.db: {"HOL": {"type": 4, "docUrl": "https://searchengineland-com.cdn.ampproject.org/c/searchengineland.com/yet-another-study-shows-significant-drops-organic-clicks-featured-snippets-276927/amp", "code": "0xb4cc7990", "row": 0, "column": 2856, "url": "https://fonts.gstatic.com/"}}
06-28 13:42:23.975  3637  3650 E WProf.db: {"HOL": {"type": 4, "docUrl": "https://searchengineland-com.cdn.ampproject.org/c/searchengineland.com/yet-another-study-shows-significant-drops-organic-clicks-featured-snippets-276927/amp", "code": "0xb4cc79c0", "row": 0, "column": 2965, "url": "https://fonts.googleapis.com/css?family=Merriweather:400,400italic,700,700italic"}}
06-28 13:42:23.975  3637  3650 E WProf.db: {"HOL": {"type": 4, "docUrl": "https://searchengineland-com.cdn.ampproject.org/c/searchengineland.com/yet-another-study-shows-significant-drops-organic-clicks-featured-snippets-276927/amp", "code": "0xb4cc79f0", "row": 0, "column": 2983, "url": ""}}
06-28 13:42:23.975  3637  3650 E WProf.db: {"HOL": {"type": 4, "docUrl": "https://searchengineland-com.cdn.ampproject.org/c/searchengineland.com/yet-another-study-shows-significant-drops-organic-clicks-featured-snippets-276927/amp", "code": "0xb4cc8020", "row": 612, "column": 246, "url": "http://searchengineland.com/yet-another-study-shows-significant-drops-organic-clicks-featured-snippets-276927"}}
06-28 13:42:23.975  3637  3650 E WProf.db: {"HOL": {"type": 3, "docUrl": "https://searchengineland-com.cdn.ampproject.org/c/searchengineland.com/yet-another-study-shows-significant-drops-organic-clicks-featured-snippets-276927/amp", "code": "0xb4cc8050", "row": 612, "column": 367, "url": "https://cdn.ampproject.org/rtv/011498506512561/v0/amp-mustache-0.1.js"}}
06-28 13:42:23.975  3637  3650 E WProf.db: {"HOL": {"type": 4, "docUrl": "https://searchengineland-com.cdn.ampproject.org/c/searchengineland.com/yet-another-study-shows-significant-drops-organic-clicks-featured-snippets-276927/amp", "code": "0xb4cc80e0", "row": 612, "column": 399, "url": ""}}
06-28 13:42:23.976  3637  3650 E WProf.db: {"HOL": {"type": 1, "docUrl": "https://searchengineland-com.cdn.ampproject.org/c/searchengineland.com/yet-another-study-shows-significant-drops-organic-clicks-featured-snippets-276927/amp", "code": "0xaa167780", "row": 809, "column": 34, "url": ""}}
06-28 13:42:23.976  3637  3650 E WProf.db: {"HOL": {"type": 1, "docUrl": "https://searchengineland-com.cdn.ampproject.org/c/searchengineland.com/yet-another-study-shows-significant-drops-organic-clicks-featured-snippets-276927/amp", "code": "0xb4cc7d20", "row": 836, "column": 37, "url": ""}}
06-28 13:42:23.976  3637  3650 E WProf.db: {"Computation": {"type": "fireEvent", "code": "0xaa167840", "docUrl": "https://searchengineland-com.cdn.ampproject.org/c/searchengineland.com/yet-another-study-shows-significant-drops-organic-clicks-featured-snippets-276927/amp", "startTime": 18419.306224, "endTime": 18419.306272, "urlRecalcStyle": "DOMContentLoaded"}}
06-28 13:42:23.976  3637  3650 E WProf.db: {"Computation": {"type": "fireEvent", "code": "0xaa167840", "docUrl": "https://searchengineland-com.cdn.ampproject.org/c/searchengineland.com/yet-another-study-shows-significant-drops-organic-clicks-featured-snippets-276927/amp", "startTime": 18419.306327, "endTime": 18419.306375, "urlRecalcStyle": "DOMContentLoaded"}}
06-28 13:42:23.976  3637  3650 E WProf.db: {"Computation": {"type": "fireEvent", "code": "0xaa167840", "docUrl": "https://searchengineland-com.cdn.ampproject.org/c/searchengineland.com/yet-another-study-shows-significant-drops-organic-clicks-featured-snippets-276927/amp", "startTime": 18419.307610, "endTime": 18419.307666, "urlRecalcStyle": "load"}}
06-28 13:42:23.976  3637  3650 E WProf.db: {"Computation": {"type": "recalcStyle", "code": "0xaa167840", "docUrl": "https://searchengineland-com.cdn.ampproject.org/c/searchengineland.com/yet-another-study-shows-significant-drops-organic-clicks-featured-snippets-276927/amp", "startTime": 18419.683923, "endTime": 18419.684364, "urlRecalcStyle": "https://fonts.googleapis.com/css?family=Oswald:300,400,700"}}
06-28 13:42:23.976  3637  3650 E WProf.db: {"Computation": {"type": "fireEvent", "code": "0xaa167840", "docUrl": "https://searchengineland-com.cdn.ampproject.org/c/searchengineland.com/yet-another-study-shows-significant-drops-organic-clicks-featured-snippets-276927/amp", "startTime": 18419.685282, "endTime": 18419.685337, "urlRecalcStyle": "load"}}
06-28 13:42:23.976  3637  3650 E WProf.db: {"Computation": {"type": "execScript", "code": "0xaa167840", "docUrl": "https://searchengineland-com.cdn.ampproject.org/c/searchengineland.com/yet-another-study-shows-significant-drops-organic-clicks-featured-snippets-276927/amp", "startTime": 18419.697211, "endTime": 18419.703047, "urlRecalcStyle": "https://cdn.ampproject.org/rtv/011498506512561/v0/amp-anim-0.1.js"}}
06-28 13:42:23.976  3637  3650 E WProf.db: {"Computation": {"type": "fireEvent", "code": "0xaa167840", "docUrl": "https://searchengineland-com.cdn.ampproject.org/c/searchengineland.com/yet-another-study-shows-significant-drops-organic-clicks-featured-snippets-276927/amp", "startTime": 18419.703122, "endTime": 18419.703171, "urlRecalcStyle": "load"}}
06-28 13:42:23.976  3637  3650 E WProf.db: {"Computation": {"type": "execScript", "code": "0xaa167840", "docUrl": "https://searchengineland-com.cdn.ampproject.org/c/searchengineland.com/yet-another-study-shows-significant-drops-organic-clicks-featured-snippets-276927/amp", "startTime": 18419.711023, "endTime": 18419.714208, "urlRecalcStyle": "https://cdn.ampproject.org/rtv/011498506512561/v0/amp-sidebar-0.1.js"}}
06-28 13:42:23.976  3637  3650 E WProf.db: {"Computation": {"type": "fireEvent", "code": "0xaa167840", "docUrl": "https://searchengineland-com.cdn.ampproject.org/c/searchengineland.com/yet-another-study-shows-significant-drops-organic-clicks-featured-snippets-276927/amp", "startTime": 18419.714286, "endTime": 18419.714341, "urlRecalcStyle": "load"}}
06-28 13:42:23.976  3637  3650 E WProf.db: {"Computation": {"type": "recalcStyle", "code": "0xaa167840", "docUrl": "https://searchengineland-com.cdn.ampproject.org/c/searchengineland.com/yet-another-study-shows-significant-drops-organic-clicks-featured-snippets-276927/amp", "startTime": 18419.721863, "endTime": 18419.762516, "urlRecalcStyle": "https://fonts.googleapis.com/css?family=Merriweather:400,400italic,700,700italic"}}
06-28 13:42:23.976  3637  3650 E WProf.db: {"Computation": {"type": "layout", "code": "0xaa167840", "docUrl": "https://searchengineland-com.cdn.ampproject.org/c/searchengineland.com/yet-another-study-shows-significant-drops-organic-clicks-featured-snippets-276927/amp", "startTime": 18419.767000, "endTime": 18419.781570, "urlRecalcStyle": ""}}
06-28 13:42:23.976  3637  3650 E WProf.db: {"Computation": {"type": "fireEvent", "code": "0xaa167840", "docUrl": "https://searchengineland-com.cdn.ampproject.org/c/searchengineland.com/yet-another-study-shows-significant-drops-organic-clicks-featured-snippets-276927/amp", "startTime": 18419.781711, "endTime": 18419.781762, "urlRecalcStyle": "load"}}
06-28 13:42:23.977  3637  3650 E WProf.db: {"Computation": {"type": "execScript", "code": "0xaa167840", "docUrl": "https://searchengineland-com.cdn.ampproject.org/c/searchengineland.com/yet-another-study-shows-significant-drops-organic-clicks-featured-snippets-276927/amp", "startTime": 18419.781836, "endTime": 18419.805672, "urlRecalcStyle": "https://cdn.ampproject.org/rtv/011498506512561/v0/amp-ad-0.1.js"}}
06-28 13:42:23.977  3637  3650 E WProf.db: {"Computation": {"type": "fireEvent", "code": "0xaa167840", "docUrl": "https://searchengineland-com.cdn.ampproject.org/c/searchengineland.com/yet-another-study-shows-significant-drops-organic-clicks-featured-snippets-276927/amp", "startTime": 18419.805751, "endTime": 18419.805803, "urlRecalcStyle": "load"}}
06-28 13:42:23.977  3637  3650 E WProf.db: {"Computation": {"type": "execScript", "code": "0xaa167840", "docUrl": "https://searchengineland-com.cdn.ampproject.org/c/searchengineland.com/yet-another-study-shows-significant-drops-organic-clicks-featured-snippets-276927/amp", "startTime": 18419.805881, "endTime": 18419.818575, "urlRecalcStyle": "https://cdn.ampproject.org/rtv/011498506512561/v0/amp-form-0.1.js"}}
06-28 13:42:23.977  3637  3650 E WProf.db: {"Computation": {"type": "fireEvent", "code": "0xaa167840", "docUrl": "https://searchengineland-com.cdn.ampproject.org/c/searchengineland.com/yet-another-study-shows-significant-drops-organic-clicks-featured-snippets-276927/amp", "startTime": 18419.818656, "endTime": 18419.818712, "urlRecalcStyle": "load"}}
06-28 13:42:23.977  3637  3650 E WProf.db: {"Computation": {"type": "execScript", "code": "0xaa167840", "docUrl": "https://searchengineland-com.cdn.ampproject.org/c/searchengineland.com/yet-another-study-shows-significant-drops-organic-clicks-featured-snippets-276927/amp", "startTime": 18419.818793, "endTime": 18419.846242, "urlRecalcStyle": "https://cdn.ampproject.org/rtv/011498506512561/v0/amp-analytics-0.1.js"}}
06-28 13:42:23.977  3637  3650 E WProf.db: {"Computation": {"type": "fireEvent", "code": "0xaa167840", "docUrl": "https://searchengineland-com.cdn.ampproject.org/c/searchengineland.com/yet-another-study-shows-significant-drops-organic-clicks-featured-snippets-276927/amp", "startTime": 18419.846327, "endTime": 18419.846383, "urlRecalcStyle": "load"}}
06-28 13:42:23.977  3637  3650 E WProf.db: {"Computation": {"type": "execScript", "code": "0xaa167840", "docUrl": "https://searchengineland-com.cdn.ampproject.org/c/searchengineland.com/yet-another-study-shows-significant-drops-organic-clicks-featured-snippets-276927/amp", "startTime": 18419.872785, "endTime": 18420.111732, "urlRecalcStyle": "https://cdn.ampproject.org/rtv/011498506512561/v0.js"}}
06-28 13:42:23.980  3637  3650 E WProf.db: {"Computation": {"type": "layout", "code": "0xaa167840", "docUrl": "https://searchengineland-com.cdn.ampproject.org/c/searchengineland.com/yet-another-study-shows-significant-drops-organic-clicks-featured-snippets-276927/amp", "startTime": 18420.441684, "endTime": 18420.445346, "urlRecalcStyle": ""}}
06-28 13:42:23.980  3637  3650 E WProf.db: {"Computation": {"type": "fireEvent", "code": "0xaa167840", "docUrl": "https://searchengineland-com.cdn.ampproject.org/c/searchengineland.com/yet-another-study-shows-significant-drops-organic-clicks-featured-snippets-276927/amp", "startTime": 18420.461524, "endTime": 18420.461611, "urlRecalcStyle": "load"}}
06-28 13:42:23.980  3637  3650 E WProf.db: {"Computation": {"type": "fireEvent", "code": "0xaa167840", "docUrl": "https://searchengineland-com.cdn.ampproject.org/c/searchengineland.com/yet-another-study-shows-significant-drops-organic-clicks-featured-snippets-276927/amp", "startTime": 18420.614112, "endTime": 18420.614165, "urlRecalcStyle": "DOMContentLoaded"}}
06-28 13:42:23.980  3637  3650 E WProf.db: {"Computation": {"type": "fireEvent", "code": "0xaa167840", "docUrl": "https://searchengineland-com.cdn.ampproject.org/c/searchengineland.com/yet-another-study-shows-significant-drops-organic-clicks-featured-snippets-276927/amp", "startTime": 18420.614222, "endTime": 18420.614269, "urlRecalcStyle": "DOMContentLoaded"}}
06-28 13:42:23.980  3637  3650 E WProf.db: {"Computation": {"type": "fireEvent", "code": "0xaa167840", "docUrl": "https://searchengineland-com.cdn.ampproject.org/c/searchengineland.com/yet-another-study-shows-significant-drops-organic-clicks-featured-snippets-276927/amp", "startTime": 18420.648197, "endTime": 18420.648250, "urlRecalcStyle": "DOMContentLoaded"}}
06-28 13:42:23.980  3637  3650 E WProf.db: {"Computation": {"type": "fireEvent", "code": "0xaa167840", "docUrl": "https://searchengineland-com.cdn.ampproject.org/c/searchengineland.com/yet-another-study-shows-significant-drops-organic-clicks-featured-snippets-276927/amp", "startTime": 18420.648301, "endTime": 18420.648364, "urlRecalcStyle": "DOMContentLoaded"}}
06-28 13:42:23.980  3637  3650 E WProf.db: {"Computation": {"type": "fireEvent", "code": "0xaa167840", "docUrl": "https://searchengineland-com.cdn.ampproject.org/c/searchengineland.com/yet-another-study-shows-significant-drops-organic-clicks-featured-snippets-276927/amp", "startTime": 18420.648643, "endTime": 18420.648690, "urlRecalcStyle": "load"}}
06-28 13:42:23.980  3637  3650 E WProf.db: {"Computation": {"type": "layout", "code": "0xaa167840", "docUrl": "https://searchengineland-com.cdn.ampproject.org/c/searchengineland.com/yet-another-study-shows-significant-drops-organic-clicks-featured-snippets-276927/amp", "startTime": 18420.648957, "endTime": 18420.650462, "urlRecalcStyle": ""}}
06-28 13:42:23.981  3637  3650 E WProf.db: {"Computation": {"type": "layout", "code": "0xaa167840", "docUrl": "https://searchengineland-com.cdn.ampproject.org/c/searchengineland.com/yet-another-study-shows-significant-drops-organic-clicks-featured-snippets-276927/amp", "startTime": 18420.654601, "endTime": 18420.665408, "urlRecalcStyle": ""}}
06-28 13:42:23.981  3637  3650 E WProf.db: {"Computation": {"type": "layout", "code": "0xaa167840", "docUrl": "https://searchengineland-com.cdn.ampproject.org/c/searchengineland.com/yet-another-study-shows-significant-drops-organic-clicks-featured-snippets-276927/amp", "startTime": 18420.672849, "endTime": 18420.672977, "urlRecalcStyle": ""}}
06-28 13:42:23.981  3637  3650 E WProf.db: {"Computation": {"type": "layout", "code": "0xaa167840", "docUrl": "https://searchengineland-com.cdn.ampproject.org/c/searchengineland.com/yet-another-study-shows-significant-drops-organic-clicks-featured-snippets-276927/amp", "startTime": 18420.672988, "endTime": 18420.673095, "urlRecalcStyle": ""}}
06-28 13:42:23.981  3637  3650 E WProf.db: {"Computation": {"type": "fireEvent", "code": "0xaa167840", "docUrl": "https://searchengineland-com.cdn.ampproject.org/c/searchengineland.com/yet-another-study-shows-significant-drops-organic-clicks-featured-snippets-276927/amp", "startTime": 18420.690261, "endTime": 18420.690317, "urlRecalcStyle": "load"}}
06-28 13:42:23.981  3637  3650 E WProf.db: {"Computation": {"type": "fireEvent", "code": "0xaa167840", "docUrl": "https://searchengineland-com.cdn.ampproject.org/c/searchengineland.com/yet-another-study-shows-significant-drops-organic-clicks-featured-snippets-276927/amp", "startTime": 18420.690370, "endTime": 18420.690691, "urlRecalcStyle": "load"}}
06-28 13:42:23.981  3637  3650 E WProf.db: {"Computation": {"type": "fireEvent", "code": "0xaa167840", "docUrl": "https://searchengineland-com.cdn.ampproject.org/c/searchengineland.com/yet-another-study-shows-significant-drops-organic-clicks-featured-snippets-276927/amp", "startTime": 18420.690800, "endTime": 18420.690848, "urlRecalcStyle": "load"}}
06-28 13:42:23.981  3637  3650 E WProf.db: {"Computation": {"type": "fireEvent", "code": "0xaa167840", "docUrl": "https://searchengineland-com.cdn.ampproject.org/c/searchengineland.com/yet-another-study-shows-significant-drops-organic-clicks-featured-snippets-276927/amp", "startTime": 18420.690902, "endTime": 18420.690954, "urlRecalcStyle": "load"}}
06-28 13:42:23.981  3637  3650 E WProf.db: {"Computation": {"type": "fireEvent", "code": "0xaa167840", "docUrl": "https://searchengineland-com.cdn.ampproject.org/c/searchengineland.com/yet-another-study-shows-significant-drops-organic-clicks-featured-snippets-276927/amp", "startTime": 18420.691020, "endTime": 18420.691069, "urlRecalcStyle": "load"}}
06-28 13:42:23.981  3637  3650 E WProf.db: {"Computation": {"type": "fireEvent", "code": "0xaa167840", "docUrl": "https://searchengineland-com.cdn.ampproject.org/c/searchengineland.com/yet-another-study-shows-significant-drops-organic-clicks-featured-snippets-276927/amp", "startTime": 18420.691118, "endTime": 18420.691165, "urlRecalcStyle": "load"}}
06-28 13:42:23.981  3637  3650 E WProf.db: {"Computation": {"type": "fireEvent", "code": "0xaa167840", "docUrl": "https://searchengineland-com.cdn.ampproject.org/c/searchengineland.com/yet-another-study-shows-significant-drops-organic-clicks-featured-snippets-276927/amp", "startTime": 18420.704814, "endTime": 18420.704865, "urlRecalcStyle": "load"}}
06-28 13:42:23.981  3637  3650 E WProf.db: {"Computation": {"type": "fireEvent", "code": "0xaa167840", "docUrl": "https://searchengineland-com.cdn.ampproject.org/c/searchengineland.com/yet-another-study-shows-significant-drops-organic-clicks-featured-snippets-276927/amp", "startTime": 18420.704918, "endTime": 18420.704965, "urlRecalcStyle": "load"}}
06-28 13:42:23.981  3637  3650 E WProf.db: {"Computation": {"type": "fireEvent", "code": "0xaa167840", "docUrl": "https://searchengineland-com.cdn.ampproject.org/c/searchengineland.com/yet-another-study-shows-significant-drops-organic-clicks-featured-snippets-276927/amp", "startTime": 18420.705013, "endTime": 18420.705444, "urlRecalcStyle": "load"}}
06-28 13:42:23.981  3637  3650 E WProf.db: {"Computation": {"type": "fireEvent", "code": "0xaa167840", "docUrl": "https://searchengineland-com.cdn.ampproject.org/c/searchengineland.com/yet-another-study-shows-significant-drops-organic-clicks-featured-snippets-276927/amp", "startTime": 18420.705512, "endTime": 18420.705556, "urlRecalcStyle": "load"}}
06-28 13:42:23.982  3637  3650 E WProf.db: {"Computation": {"type": "fireEvent", "code": "0xaa167840", "docUrl": "https://searchengineland-com.cdn.ampproject.org/c/searchengineland.com/yet-another-study-shows-significant-drops-organic-clicks-featured-snippets-276927/amp", "startTime": 18420.705604, "endTime": 18420.705647, "urlRecalcStyle": "load"}}
06-28 13:42:23.982  3637  3650 E WProf.db: {"Computation": {"type": "fireEvent", "code": "0xaa167840", "docUrl": "https://searchengineland-com.cdn.ampproject.org/c/searchengineland.com/yet-another-study-shows-significant-drops-organic-clicks-featured-snippets-276927/amp", "startTime": 18420.706818, "endTime": 18420.707184, "urlRecalcStyle": "load"}}
06-28 13:42:23.982  3637  3650 E WProf.db: {"Computation": {"type": "layout", "code": "0xaa167840", "docUrl": "https://searchengineland-com.cdn.ampproject.org/c/searchengineland.com/yet-another-study-shows-significant-drops-organic-clicks-featured-snippets-276927/amp", "startTime": 18420.720799, "endTime": 18420.724088, "urlRecalcStyle": ""}}
06-28 13:42:23.982  3637  3650 E WProf.db: {"Computation": {"type": "fireEvent", "code": "0xaa167840", "docUrl": "https://searchengineland-com.cdn.ampproject.org/c/searchengineland.com/yet-another-study-shows-significant-drops-organic-clicks-featured-snippets-276927/amp", "startTime": 18420.724643, "endTime": 18420.724692, "urlRecalcStyle": "load"}}
06-28 13:42:23.982  3637  3650 E WProf.db: {"Computation": {"type": "fireEvent", "code": "0xaa167840", "docUrl": "https://searchengineland-com.cdn.ampproject.org/c/searchengineland.com/yet-another-study-shows-significant-drops-organic-clicks-featured-snippets-276927/amp", "startTime": 18420.724745, "endTime": 18420.724789, "urlRecalcStyle": "load"}}
06-28 13:42:23.982  3637  3650 E WProf.db: {"Computation": {"type": "fireEvent", "code": "0xaa167840", "docUrl": "https://searchengineland-com.cdn.ampproject.org/c/searchengineland.com/yet-another-study-shows-significant-drops-organic-clicks-featured-snippets-276927/amp", "startTime": 18420.724840, "endTime": 18420.725044, "urlRecalcStyle": "load"}}
06-28 13:42:23.983  3637  3650 E WProf.db: {"Computation": {"type": "fireEvent", "code": "0xaa167840", "docUrl": "https://searchengineland-com.cdn.ampproject.org/c/searchengineland.com/yet-another-study-shows-significant-drops-organic-clicks-featured-snippets-276927/amp", "startTime": 18420.725114, "endTime": 18420.726964, "urlRecalcStyle": "load"}}
06-28 13:42:23.983  3637  3650 E WProf.db: {"Computation": {"type": "fireEvent", "code": "0xaa167840", "docUrl": "https://searchengineland-com.cdn.ampproject.org/c/searchengineland.com/yet-another-study-shows-significant-drops-organic-clicks-featured-snippets-276927/amp", "startTime": 18420.727041, "endTime": 18420.727093, "urlRecalcStyle": "load"}}
06-28 13:42:23.983  3637  3650 E WProf.db: {"Computation": {"type": "fireEvent", "code": "0xaa167840", "docUrl": "https://searchengineland-com.cdn.ampproject.org/c/searchengineland.com/yet-another-study-shows-significant-drops-organic-clicks-featured-snippets-276927/amp", "startTime": 18420.727143, "endTime": 18420.727316, "urlRecalcStyle": "load"}}
06-28 13:42:23.983  3571  3617 E chromium: [ERROR:gles2_cmd_decoder.cc(3852)] [.ChromiumCompositor-0xacbb2fc0]GL ERROR :GL_INVALID_ENUM : glDiscardFramebufferEXT: attachments was GL_COLOR_EXT
06-28 13:42:23.983  3637  3650 E WProf.db: {"Computation": {"type": "fireEvent", "code": "0xaa167840", "docUrl": "https://searchengineland-com.cdn.ampproject.org/c/searchengineland.com/yet-another-study-shows-significant-drops-organic-clicks-featured-snippets-276927/amp", "startTime": 18420.727397, "endTime": 18420.727450, "urlRecalcStyle": "load"}}
06-28 13:42:23.983  3637  3650 E WProf.db: {"Computation": {"type": "fireEvent", "code": "0xaa167840", "docUrl": "https://searchengineland-com.cdn.ampproject.org/c/searchengineland.com/yet-another-study-shows-significant-drops-organic-clicks-featured-snippets-276927/amp", "startTime": 18420.727505, "endTime": 18420.727555, "urlRecalcStyle": "load"}}
06-28 13:42:23.983  3637  3650 E WProf.db: {"Computation": {"type": "fireEvent", "code": "0xaa167840", "docUrl": "https://searchengineland-com.cdn.ampproject.org/c/searchengineland.com/yet-another-study-shows-significant-drops-organic-clicks-featured-snippets-276927/amp", "startTime": 18420.727605, "endTime": 18420.727713, "urlRecalcStyle": "load"}}
06-28 13:42:23.983  3637  3650 E WProf.db: {"Computation": {"type": "layout", "code": "0xaa167840", "docUrl": "https://searchengineland-com.cdn.ampproject.org/c/searchengineland.com/yet-another-study-shows-significant-drops-organic-clicks-featured-snippets-276927/amp", "startTime": 18420.740403, "endTime": 18420.741701, "urlRecalcStyle": ""}}
06-28 13:42:23.983  3637  3650 E WProf.db: {"Computation": {"type": "layout", "code": "0xaa167840", "docUrl": "https://searchengineland-com.cdn.ampproject.org/c/searchengineland.com/yet-another-study-shows-significant-drops-organic-clicks-featured-snippets-276927/amp", "startTime": 18420.783243, "endTime": 18420.784775, "urlRecalcStyle": ""}}
06-28 13:42:23.983  3637  3650 E WProf.db: {"Computation": {"type": "layout", "code": "0xaa167840", "docUrl": "https://searchengineland-com.cdn.ampproject.org/c/searchengineland.com/yet-another-study-shows-significant-drops-organic-clicks-featured-snippets-276927/amp", "startTime": 18420.816738, "endTime": 18420.818465, "urlRecalcStyle": ""}}
06-28 13:42:23.983  3637  3650 E WProf.db: {"Computation": {"type": "layout", "code": "0xaa167840", "docUrl": "https://searchengineland-com.cdn.ampproject.org/c/searchengineland.com/yet-another-study-shows-significant-drops-organic-clicks-featured-snippets-276927/amp", "startTime": 18420.830697, "endTime": 18420.832370, "urlRecalcStyle": ""}}
06-28 13:42:23.983  3637  3650 E WProf.db: {"Computation": {"type": "fireEvent", "code": "0xaa167840", "docUrl": "https://searchengineland-com.cdn.ampproject.org/c/searchengineland.com/yet-another-study-shows-significant-drops-organic-clicks-featured-snippets-276927/amp", "startTime": 18420.832547, "endTime": 18420.832596, "urlRecalcStyle": "load"}}
06-28 13:42:23.983  3637  3650 E WProf.db: {"Computation": {"type": "fireEvent", "code": "0xaa167840", "docUrl": "https://searchengineland-com.cdn.ampproject.org/c/searchengineland.com/yet-another-study-shows-significant-drops-organic-clicks-featured-snippets-276927/amp", "startTime": 18420.832646, "endTime": 18420.832695, "urlRecalcStyle": "load"}}
06-28 13:42:23.984  3637  3650 E WProf.db: {"Computation": {"type": "fireEvent", "code": "0xaa167840", "docUrl": "https://searchengineland-com.cdn.ampproject.org/c/searchengineland.com/yet-another-study-shows-significant-drops-organic-clicks-featured-snippets-276927/amp", "startTime": 18420.832750, "endTime": 18420.832996, "urlRecalcStyle": "load"}}
06-28 13:42:23.984  3637  3650 E WProf.db: {"Computation": {"type": "fireEvent", "code": "0xaa167840", "docUrl": "https://searchengineland-com.cdn.ampproject.org/c/searchengineland.com/yet-another-study-shows-significant-drops-organic-clicks-featured-snippets-276927/amp", "startTime": 18420.881110, "endTime": 18420.881159, "urlRecalcStyle": "load"}}
06-28 13:42:23.984  3637  3650 E WProf.db: {"Computation": {"type": "fireEvent", "code": "0xaa167840", "docUrl": "https://searchengineland-com.cdn.ampproject.org/c/searchengineland.com/yet-another-study-shows-significant-drops-organic-clicks-featured-snippets-276927/amp", "startTime": 18420.881210, "endTime": 18420.881253, "urlRecalcStyle": "load"}}
06-28 13:42:23.984  3637  3650 E WProf.db: {"Computation": {"type": "fireEvent", "code": "0xaa167840", "docUrl": "https://searchengineland-com.cdn.ampproject.org/c/searchengineland.com/yet-another-study-shows-significant-drops-organic-clicks-featured-snippets-276927/amp", "startTime": 18420.881314, "endTime": 18420.881617, "urlRecalcStyle": "load"}}
06-28 13:42:23.984  3637  3650 E WProf.db: {"Computation": {"type": "layout", "code": "0xaa167840", "docUrl": "https://searchengineland-com.cdn.ampproject.org/c/searchengineland.com/yet-another-study-shows-significant-drops-organic-clicks-featured-snippets-276927/amp", "startTime": 18420.949308, "endTime": 18420.952071, "urlRecalcStyle": ""}}
06-28 13:42:23.984  3637  3650 E WProf.db: {"Computation": {"type": "layout", "code": "0xaa167840", "docUrl": "https://searchengineland-com.cdn.ampproject.org/c/searchengineland.com/yet-another-study-shows-significant-drops-organic-clicks-featured-snippets-276927/amp", "startTime": 18420.985500, "endTime": 18420.986535, "urlRecalcStyle": ""}}
06-28 13:42:23.984  3637  3650 E WProf.db: {"Complete": "searchengineland-com.cdn.ampproject.org_c_searchengineland.com_yet-another-study-shows-significant-drops-organic-clicks-featured-snippets-276927_amp"}
06-28 13:42:23.991  3571  3617 E chromium: [ERROR:gles2_cmd_decoder.cc(3852)] [.ChromiumCompositor-0xacbb2fc0]GL ERROR :GL_INVALID_ENUM : glDiscardFramebufferEXT: attachments was GL_COLOR_EXT
06-28 13:42:24.005  3571  3617 E chromium: [ERROR:gles2_cmd_decoder.cc(3852)] [.ChromiumCompositor-0xacbb2fc0]GL ERROR :GL_INVALID_ENUM : glDiscardFramebufferEXT: attachments was GL_COLOR_EXT
06-28 13:42:24.022  3571  3617 E chromium: [ERROR:gles2_cmd_decoder.cc(3852)] [.ChromiumCompositor-0xacbb2fc0]GL ERROR :GL_INVALID_ENUM : glDiscardFramebufferEXT: attachments was GL_COLOR_EXT
06-28 13:42:24.038  3571  3617 E chromium: [ERROR:gles2_cmd_decoder.cc(3852)] [.ChromiumCompositor-0xacbb2fc0]GL ERROR :GL_INVALID_ENUM : glDiscardFramebufferEXT: attachments was GL_COLOR_EXT
06-28 13:42:24.055  3571  3617 E chromium: [ERROR:gles2_cmd_decoder.cc(3852)] [.ChromiumCompositor-0xacbb2fc0]GL ERROR :GL_INVALID_ENUM : glDiscardFramebufferEXT: attachments was GL_COLOR_EXT
06-28 13:42:24.072  3571  3617 E chromium: [ERROR:gles2_cmd_decoder.cc(3852)] [.ChromiumCompositor-0xacbb2fc0]GL ERROR :GL_INVALID_ENUM : glDiscardFramebufferEXT: attachments was GL_COLOR_EXT
06-28 13:42:24.089  3571  3617 E chromium: [ERROR:gles2_cmd_decoder.cc(3852)] [.ChromiumCompositor-0xacbb2fc0]GL ERROR :GL_INVALID_ENUM : glDiscardFramebufferEXT: attachments was GL_COLOR_EXT
06-28 13:42:24.106  3571  3617 E chromium: [ERROR:gles2_cmd_decoder.cc(3852)] [.ChromiumCompositor-0xacbb2fc0]GL ERROR :GL_INVALID_ENUM : glDiscardFramebufferEXT: attachments was GL_COLOR_EXT
06-28 13:42:24.123  3571  3617 E chromium: [ERROR:gles2_cmd_decoder.cc(3852)] [.ChromiumCompositor-0xacbb2fc0]GL ERROR :GL_INVALID_ENUM : glDiscardFramebufferEXT: attachments was GL_COLOR_EXT
06-28 13:42:24.140  3571  3617 E chromium: [ERROR:gles2_cmd_decoder.cc(3852)] [.ChromiumCompositor-0xacbb2fc0]GL ERROR :GL_INVALID_ENUM : glDiscardFramebufferEXT: attachments was GL_COLOR_EXT
06-28 13:42:24.159  3571  3617 E chromium: [ERROR:gles2_cmd_decoder.cc(3852)] [.ChromiumCompositor-0xacbb2fc0]GL ERROR :GL_INVALID_ENUM : glDiscardFramebufferEXT: attachments was GL_COLOR_EXT
06-28 13:42:24.173  3571  3617 E chromium: [ERROR:gles2_cmd_decoder.cc(3852)] [.ChromiumCompositor-0xacbb2fc0]GL ERROR :GL_INVALID_ENUM : glDiscardFramebufferEXT: attachments was GL_COLOR_EXT
06-28 13:42:24.191  3571  3617 E chromium: [ERROR:gles2_cmd_decoder.cc(3852)] [.ChromiumCompositor-0xacbb2fc0]GL ERROR :GL_INVALID_ENUM : glDiscardFramebufferEXT: attachments was GL_COLOR_EXT
06-28 13:42:24.209  3571  3617 E chromium: [ERROR:gles2_cmd_decoder.cc(3852)] [.ChromiumCompositor-0xacbb2fc0]GL ERROR :GL_INVALID_ENUM : glDiscardFramebufferEXT: attachments was GL_COLOR_EXT
06-28 13:42:24.223  3571  3617 E chromium: [ERROR:gles2_cmd_decoder.cc(3852)] [.ChromiumCompositor-0xacbb2fc0]GL ERROR :GL_INVALID_ENUM : glDiscardFramebufferEXT: attachments was GL_COLOR_EXT
06-28 13:42:24.240  3571  3617 E chromium: [ERROR:gles2_cmd_decoder.cc(3852)] [.ChromiumCompositor-0xacbb2fc0]GL ERROR :GL_INVALID_ENUM : glDiscardFramebufferEXT: attachments was GL_COLOR_EXT
06-28 13:42:24.260  3571  3617 E chromium: [ERROR:gles2_cmd_decoder.cc(3852)] [.ChromiumCompositor-0xacbb2fc0]GL ERROR :GL_INVALID_ENUM : glDiscardFramebufferEXT: attachments was GL_COLOR_EXT
06-28 13:42:24.276  3571  3617 E chromium: [ERROR:gles2_cmd_decoder.cc(3852)] [.ChromiumCompositor-0xacbb2fc0]GL ERROR :GL_INVALID_ENUM : glDiscardFramebufferEXT: attachments was GL_COLOR_EXT
06-28 13:42:24.290  3571  3617 E chromium: [ERROR:gles2_cmd_decoder.cc(3852)] [.ChromiumCompositor-0xacbb2fc0]GL ERROR :GL_INVALID_ENUM : glDiscardFramebufferEXT: attachments was GL_COLOR_EXT
06-28 13:42:24.307  3571  3617 E chromium: [ERROR:gles2_cmd_decoder.cc(3852)] [.ChromiumCompositor-0xacbb2fc0]GL ERROR :GL_INVALID_ENUM : glDiscardFramebufferEXT: attachments was GL_COLOR_EXT
06-28 13:42:24.324  3571  3617 E chromium: [ERROR:gles2_cmd_decoder.cc(3852)] [.ChromiumCompositor-0xacbb2fc0]GL ERROR :GL_INVALID_ENUM : glDiscardFramebufferEXT: attachments was GL_COLOR_EXT
06-28 13:42:24.340  3571  3617 E chromium: [ERROR:gles2_cmd_decoder.cc(3852)] [.ChromiumCompositor-0xacbb2fc0]GL ERROR :GL_INVALID_ENUM : glDiscardFramebufferEXT: attachments was GL_COLOR_EXT
06-28 13:42:24.358  3571  3617 E chromium: [ERROR:gles2_cmd_decoder.cc(3852)] [.ChromiumCompositor-0xacbb2fc0]GL ERROR :GL_INVALID_ENUM : glDiscardFramebufferEXT: attachments was GL_COLOR_EXT
06-28 13:42:24.373  3571  3617 E chromium: [ERROR:gles2_cmd_decoder.cc(3852)] [.ChromiumCompositor-0xacbb2fc0]GL ERROR :GL_INVALID_ENUM : glDiscardFramebufferEXT: attachments was GL_COLOR_EXT
06-28 13:42:24.391  3637  3650 E WPROF   : {"Javascript": {"url": "https://cdn.ampproject.org/rtv/011498506512561/v0/amp-crypto-polyfill-0.1.js", "requestTime": 18421.446766}}
06-28 13:42:24.391  3571  3617 E chromium: [ERROR:gles2_cmd_decoder.cc(3852)] [.ChromiumCompositor-0xacbb2fc0]GL ERROR :GL_INVALID_ENUM : glDiscardFramebufferEXT: attachments was GL_COLOR_EXT
06-28 13:42:24.408  3571  3617 E chromium: [ERROR:gles2_cmd_decoder.cc(3852)] [.ChromiumCompositor-0xacbb2fc0]GL ERROR :GL_INVALID_ENUM : glDiscardFramebufferEXT: attachments was GL_COLOR_EXT
06-28 13:42:24.424  3571  3617 E chromium: [ERROR:gles2_cmd_decoder.cc(3852)] [.ChromiumCompositor-0xacbb2fc0]GL ERROR :GL_INVALID_ENUM : glDiscardFramebufferEXT: attachments was GL_COLOR_EXT
06-28 13:42:24.441  3571  3617 E chromium: [ERROR:gles2_cmd_decoder.cc(3852)] [.ChromiumCompositor-0xacbb2fc0]GL ERROR :GL_INVALID_ENUM : glDiscardFramebufferEXT: attachments was GL_COLOR_EXT
06-28 13:42:24.458  3571  3617 E chromium: [ERROR:gles2_cmd_decoder.cc(3852)] [.ChromiumCompositor-0xacbb2fc0]GL ERROR :GL_INVALID_ENUM : glDiscardFramebufferEXT: attachments was GL_COLOR_EXT
06-28 13:42:24.476  3571  3617 E chromium: [ERROR:gles2_cmd_decoder.cc(3852)] [.ChromiumCompositor-0xacbb2fc0]GL ERROR :GL_INVALID_ENUM : glDiscardFramebufferEXT: attachments was GL_COLOR_EXT
06-28 13:42:24.488   862  1657 E LocSvc_IzatApiV02: E/virtual int izat_core::IzatApiV02::getBatchSize(int32_t):522]: Error : st = 4, ind.status = -1628389555
06-28 13:42:24.488   862  1657 E LocSvc_IzatApiV02: E/virtual int izat_core::IzatApiV02::getBatchSize(int32_t):535]: get batching size failed.Or modem does not support batching 
06-28 13:42:24.492  3571  3617 E chromium: [ERROR:gles2_cmd_decoder.cc(3852)] [.ChromiumCompositor-0xacbb2fc0]GL ERROR :GL_INVALID_ENUM : glDiscardFramebufferEXT: attachments was GL_COLOR_EXT
06-28 13:42:24.500   862  1657 E LocSvc_IzatApiV02: E/virtual int izat_core::IzatApiV02::getBatchSize(int32_t):522]: Error : st = 4, ind.status = -1628389555
06-28 13:42:24.500   862  1657 E LocSvc_IzatApiV02: E/virtual int izat_core::IzatApiV02::getBatchSize(int32_t):535]: get batching size failed.Or modem does not support batching 
06-28 13:42:24.507  3571  3617 E chromium: [ERROR:gles2_cmd_decoder.cc(3852)] [.ChromiumCompositor-0xacbb2fc0]GL ERROR :GL_INVALID_ENUM : glDiscardFramebufferEXT: attachments was GL_COLOR_EXT
06-28 13:42:24.527  3571  3617 E chromium: [ERROR:gles2_cmd_decoder.cc(3852)] [.ChromiumCompositor-0xacbb2fc0]GL ERROR :GL_INVALID_ENUM : glDiscardFramebufferEXT: attachments was GL_COLOR_EXT
06-28 13:42:24.530   862  1657 E LocSvc_IzatApiV02: E/virtual int izat_core::IzatApiV02::getBatchSize(int32_t):522]: Error : st = 4, ind.status = -1628389555
06-28 13:42:24.530   862  1657 E LocSvc_IzatApiV02: E/virtual int izat_core::IzatApiV02::getBatchSize(int32_t):535]: get batching size failed.Or modem does not support batching 
06-28 13:42:24.540   862  1657 E LocSvc_IzatApiV02: E/virtual int izat_core::IzatApiV02::getBatchSize(int32_t):522]: Error : st = 4, ind.status = -1628389555
06-28 13:42:24.540   862  1657 E LocSvc_IzatApiV02: E/virtual int izat_core::IzatApiV02::getBatchSize(int32_t):535]: get batching size failed.Or modem does not support batching 
06-28 13:42:24.542  3571  3617 E chromium: [ERROR:gles2_cmd_decoder.cc(3852)] [.ChromiumCompositor-0xacbb2fc0]GL ERROR :GL_INVALID_ENUM : glDiscardFramebufferEXT: attachments was GL_COLOR_EXT
06-28 13:42:24.559  3571  3617 E chromium: [ERROR:gles2_cmd_decoder.cc(3852)] [.ChromiumCompositor-0xacbb2fc0]GL ERROR :GL_INVALID_ENUM : glDiscardFramebufferEXT: attachments was GL_COLOR_EXT
06-28 13:42:24.578  3571  3617 E chromium: [ERROR:gles2_cmd_decoder.cc(3852)] [.ChromiumCompositor-0xacbb2fc0]GL ERROR :GL_INVALID_ENUM : glDiscardFramebufferEXT: attachments was GL_COLOR_EXT
06-28 13:42:24.591  3571  3617 E chromium: [ERROR:gles2_cmd_decoder.cc(3852)] [.ChromiumCompositor-0xacbb2fc0]GL ERROR :GL_INVALID_ENUM : glDiscardFramebufferEXT: attachments was GL_COLOR_EXT
