--------- beginning of main
06-28 12:45:41.923  3449  3449 E Finsky  : [1] com.google.android.finsky.wear.bl.a(3): onConnectionFailed: ConnectionResult{statusCode=API_UNAVAILABLE, resolution=null, message=null}
--------- beginning of system
06-28 12:45:43.157 16489 16489 E chromium: [ERROR:shell_integration_android.cc(12)] Not implemented reached in static ShellIntegration::DefaultWebClientSetPermission ShellIntegration::CanSetAsDefaultBrowser()
06-28 12:45:43.160 16489 16489 E chromium: [ERROR:browser_process_impl.cc(720)] Not implemented reached in virtual BackgroundModeManager* BrowserProcessImpl::background_mode_manager()
06-28 12:45:43.390  3218  5383 E AudioRecord-JNI: Error -4 during AudioRecord native read
06-28 12:45:45.818 16489 16538 E chromium: [ERROR:gles2_cmd_decoder.cc(3852)] [.ChromiumCompositor-0xacbb2fc0]GL ERROR :GL_INVALID_ENUM : glDiscardFramebufferEXT: attachments was GL_COLOR_EXT
06-28 12:45:46.005 16558 16571 E WPROF   : {"CSS": {"url": "http://searchengineland.com/figz/wp-content/themes/searchengineland/css/searchengineland-bootstrap.css", "requestTime": 15023.060297}}
06-28 12:45:46.005 16558 16571 E WPROF   : {"CSS": {"url": "http://fonts.googleapis.com/css?family=Oswald:300,400,700", "requestTime": 15023.060917}}
06-28 12:45:46.006 16558 16571 E WPROF   : {"CSS": {"url": "http://searchengineland.com/figz/wp-content/themes/searchengineland/style.css", "requestTime": 15023.061467}}
06-28 12:45:46.011 16558 16571 E WPROF   : {"Javascript": {"url": "http://searchengineland.com/figz/wp-content/themes/searchengineland/js/lib/modernizr.custom.js?ver=1.0", "requestTime": 15023.066994}}
06-28 12:45:46.014 16558 16571 E WPROF   : {"Javascript": {"url": "http://searchengineland.com/figz/wp-content/themes/searchengineland/js/lib/jquery-1.11.0.min.js?ver=1.11.0", "requestTime": 15023.069610}}
06-28 12:45:46.014 16558 16571 E WPROF   : {"Javascript": {"url": "http://searchengineland.com/figz/wp-content/themes/searchengineland/js/lib/jquery-ui-1.10.3.custom.min.js?ver=1.10.3", "requestTime": 15023.070151}}
06-28 12:45:46.015 16558 16571 E WPROF   : {"Javascript": {"url": "http://searchengineland.com/figz/wp-content/themes/searchengineland/js/lib/jquery.ba-throttle-debounce.min.js?ver=1.1", "requestTime": 15023.070576}}
06-28 12:45:46.016 16558 16571 E WPROF   : {"Javascript": {"url": "http://searchengineland.com/figz/wp-content/themes/searchengineland/js/lib/jquery.countdown.min.js?ver=2.0.4", "requestTime": 15023.071736}}
06-28 12:45:46.017 16558 16571 E WPROF   : {"Javascript": {"url": "http://static.chartbeat.com/js/chartbeat_mab.js", "requestTime": 15023.072257}}
06-28 12:45:46.694 16558 16571 E WPROF   : {"Javascript": {"url": "http://searchengineland.com/figz/wp-includes/js/wp-emoji-release.min.js?ver=4.7.5", "requestTime": 15023.749773}}
06-28 12:45:47.027 16558 16571 E WPROF   : {"Javascript": {"url": "http://www.googletagservices.com/tag/js/gpt.js", "requestTime": 15024.083106}}
06-28 12:45:47.071 16558 16571 E WPROF   : {"Javascript": {"url": "https://www.google-analytics.com/analytics.js", "requestTime": 15024.125779}}
06-28 12:45:47.075 16558 16571 E WPROF   : {"Javascript": {"url": "http://edge.quantserve.com/quant.js", "requestTime": 15024.130683}}
06-28 12:45:47.080 16558 16571 E WPROF   : {"Javascript": {"url": "https://connect.facebook.net/en_US/fbevents.js", "requestTime": 15024.135456}}
06-28 12:45:47.108 16489 16538 E chromium: [ERROR:gles2_cmd_decoder.cc(3852)] [.ChromiumCompositor-0xacbb2fc0]GL ERROR :GL_INVALID_ENUM : glDiscardFramebufferEXT: attachments was GL_COLOR_EXT
06-28 12:45:47.130 16558 16571 E WPROF   : {"Javascript": {"url": "http://app-sj02.marketo.com/js/forms2/js/forms2.min.js", "requestTime": 15024.185568}}
06-28 12:45:47.255 16489 16538 E chromium: [ERROR:gles2_cmd_decoder.cc(3852)] [.ChromiumCompositor-0xacbb2fc0]GL ERROR :GL_INVALID_ENUM : glDiscardFramebufferEXT: attachments was GL_COLOR_EXT
06-28 12:45:47.264 16558 16571 E WPROF   : {"Javascript": {"url": "https://connect.facebook.net/signals/config/423979991297359?v=2.7.17", "requestTime": 15024.319235}}
06-28 12:45:47.295 16558 16571 E WPROF   : {"Javascript": {"url": "https://securepubads.g.doubleclick.net/gpt/pubads_impl_121.js", "requestTime": 15024.350401}}
06-28 12:45:47.323 16489 16538 E chromium: [ERROR:gles2_cmd_decoder.cc(3852)] [.ChromiumCompositor-0xacbb2fc0]GL ERROR :GL_INVALID_ENUM : glDiscardFramebufferEXT: attachments was GL_COLOR_EXT
06-28 12:45:47.696 16558 16571 E WPROF   : {"Javascript": {"url": "http://app-sj02.marketo.com/index.php/form/getForm?munchkinId=727-ZQE-044&form=5691&url=http%3A%2F%2Fsearchengineland.com%2Fyet-another-study-shows-significant-drops-organic-clicks-featured-snippets-276927&callback=jQuery110203831202192232013_1498621547582&_=1498621547583", "requestTime": 15024.752054}}
06-28 12:45:47.714 16558 16571 E WPROF   : {"Javascript": {"url": "http://app-sj02.marketo.com/index.php/form/getForm?munchkinId=727-ZQE-044&form=5685&url=http%3A%2F%2Fsearchengineland.com%2Fyet-another-study-shows-significant-drops-organic-clicks-featured-snippets-276927&callback=jQuery110203831202192232013_1498621547584&_=1498621547585", "requestTime": 15024.769512}}
06-28 12:45:47.984 16558 16571 E WPROF   : {"Javascript": {"url": "http://app-sj02.marketo.com/index.php/form/getForm?munchkinId=727-ZQE-044&form=5673&url=http%3A%2F%2Fsearchengineland.com%2Fyet-another-study-shows-significant-drops-organic-clicks-featured-snippets-276927&callback=jQuery110203831202192232013_1498621547586&_=1498621547587", "requestTime": 15025.039776}}
06-28 12:45:47.991 16558 16571 E WPROF   : {"Javascript": {"url": "http://searchengineland.com/js/ga_social_tracking.js", "requestTime": 15025.046353}}
06-28 12:45:47.994 16558 16571 E WPROF   : {"Javascript": {"url": "http://s7.addthis.com/js/300/addthis_widget.js#pubid=ra-53e918f660794f37", "requestTime": 15025.049327}}
06-28 12:45:48.033 16489 16538 E chromium: [ERROR:gles2_cmd_decoder.cc(3852)] [.ChromiumCompositor-0xacbb2fc0]GL ERROR :GL_INVALID_ENUM : glDiscardFramebufferEXT: attachments was GL_COLOR_EXT
06-28 12:45:48.519 16558 16571 E WPROF   : {"Javascript": {"url": "https://securepubads.g.doubleclick.net/gampad/ads?gdfp_req=1&correlator=791528279638016&output=json_html&callback=googletag.impl.pubads.callbackProxy1&impl=fifs&json_a=1&eid=108809028%2C108809080%2C108809103&sc=0&sfv=1-0-9&iu_parts=1038259%2Csel-ciu-1%2Csel-ciu-2%2Csel-ciu-3%2Csel-ciu-4%2Csel-ciu-5%", "requestTime": 15025.574996}}
06-28 12:45:48.550 16558 16571 E WPROF   : {"Javascript": {"url": "https://static.xx.fbcdn.net/rsrc.php/v3iy6L4/yk/l/ko_KR/be4fIjHRc8P.js", "requestTime": 15025.605653}}
06-28 12:45:48.589   862  1657 E LocSvc_IzatApiV02: E/virtual int izat_core::IzatApiV02::getBatchSize(int32_t):522]: Error : st = 4, ind.status = -1628389555
06-28 12:45:48.590   862  1657 E LocSvc_IzatApiV02: E/virtual int izat_core::IzatApiV02::getBatchSize(int32_t):535]: get batching size failed.Or modem does not support batching 
06-28 12:45:48.599   862  1657 E LocSvc_IzatApiV02: E/virtual int izat_core::IzatApiV02::getBatchSize(int32_t):522]: Error : st = 4, ind.status = -1628389555
06-28 12:45:48.599   862  1657 E LocSvc_IzatApiV02: E/virtual int izat_core::IzatApiV02::getBatchSize(int32_t):535]: get batching size failed.Or modem does not support batching 
06-28 12:45:48.643   862  1657 E LocSvc_IzatApiV02: E/virtual int izat_core::IzatApiV02::getBatchSize(int32_t):522]: Error : st = 4, ind.status = -1628389555
06-28 12:45:48.643   862  1657 E LocSvc_IzatApiV02: E/virtual int izat_core::IzatApiV02::getBatchSize(int32_t):535]: get batching size failed.Or modem does not support batching 
06-28 12:45:48.653   862  1657 E LocSvc_IzatApiV02: E/virtual int izat_core::IzatApiV02::getBatchSize(int32_t):522]: Error : st = 4, ind.status = -1628389555
06-28 12:45:48.653   862  1657 E LocSvc_IzatApiV02: E/virtual int izat_core::IzatApiV02::getBatchSize(int32_t):535]: get batching size failed.Or modem does not support batching 
06-28 12:45:48.731 16489 16538 E chromium: [ERROR:gles2_cmd_decoder.cc(3852)] [.ChromiumCompositor-0xacbb2fc0]GL ERROR :GL_INVALID_ENUM : glDiscardFramebufferEXT: attachments was GL_COLOR_EXT
06-28 12:45:49.189 16558 16571 E WPROF   : {"Javascript": {"url": "http://platform.twitter.com/widgets.js", "requestTime": 15026.244377}}
06-28 12:45:49.191 16558 16571 E WPROF   : {"Javascript": {"url": "http://connect.facebook.net/en_US/sdk.js", "requestTime": 15026.246447}}
06-28 12:45:49.192 16558 16571 E WPROF   : {"Javascript": {"url": "https://apis.google.com/js/platform.js", "requestTime": 15026.248168}}
06-28 12:45:49.216 16558 16571 E WPROF   : {"Javascript": {"url": "http://rules.quantcount.com/rules-p-5aGizvD82d9hk.js", "requestTime": 15026.271911}}
06-28 12:45:49.220 16558 16571 E WPROF   : {"Javascript": {"url": "http://munchkin.marketo.net/munchkin.js", "requestTime": 15026.275270}}
06-28 12:45:49.491 16558 16571 E WPROF   : {"Javascript": {"url": "http://cdn.api.twitter.com/1/users/show.json?screen_name=rustybrick&callback=twttr.setFollowersCount", "requestTime": 15026.546384}}
06-28 12:45:49.511 16558 16571 E WPROF   : {"Javascript": {"url": "http://d2j3qa5nc37287.cloudfront.net/coupon_code1.js", "requestTime": 15026.566599}}
06-28 12:45:49.532 16558 16571 E WPROF   : {"Javascript": {"url": "http://www.googleadservices.com/pagead/conversion.js", "requestTime": 15026.587470}}
06-28 12:45:49.534 16558 16571 E WPROF   : {"Javascript": {"url": "http://searchengineland.com/figz/wp-content/themes/searchengineland/js/script.js?ver=1.0", "requestTime": 15026.589406}}
06-28 12:45:49.534 16558 16571 E WPROF   : {"Javascript": {"url": "http://searchengineland.com/figz/wp-includes/js/wp-embed.min.js?ver=4.7.5", "requestTime": 15026.589829}}
06-28 12:45:49.538 16558 16571 E WPROF   : {"Javascript": {"url": "http://searchengineland.com/figz/wp-content/themes/searchengineland/js/modules/sharing_controls.js", "requestTime": 15026.593243}}
06-28 12:45:49.588 16489 16538 E chromium: [ERROR:gles2_cmd_decoder.cc(3852)] [.ChromiumCompositor-0xacbb2fc0]GL ERROR :GL_INVALID_ENUM : glDiscardFramebufferEXT: attachments was GL_COLOR_EXT
06-28 12:45:49.676 16558 16571 E WPROF   : {"CSS": {"url": "https://www.youtube.com/yts/cssbin/www-embed-player-sprite-mode-vfl5G4Xm8.css", "requestTime": 15026.731454}}
06-28 12:45:49.677 16558 16571 E WPROF   : {"Javascript": {"url": "https://www.youtube.com/yts/jsbin/www-embed-player-vfl_UY_j8/www-embed-player.js", "requestTime": 15026.732662}}
06-28 12:45:49.677 16558 16571 E WPROF   : {"Javascript": {"url": "https://www.youtube.com/yts/jsbin/player-vflo1w4O-/ko_KR/base.js", "requestTime": 15026.733115}}
06-28 12:45:50.263 16558 16571 E WPROF   : {"Javascript": {"url": "http://m.addthisedge.com/live/boost/ra-53e918f660794f37/_ate.track.config_resp", "requestTime": 15027.319011}}
06-28 12:45:50.308 16558 16571 E WPROF   : {"Javascript": {"url": "http://m.addthis.com/live/red_lojson/300lo.json?si=5953266d60aec5d8&bkl=0&bl=1&pdt=2280&sid=5953266d60aec5d8&pub=ra-53e918f660794f37&rev=v7.15.4-wp&ln=ko&pc=men&cb=0&ab=-&dp=searchengineland.com&fp=yet-another-study-shows-significant-drops-organic-clicks-featured-snippets-276927&fr=&of=0&pd=0&irt=0&", "requestTime": 15027.363926}}
06-28 12:45:50.569 16558 16571 E WPROF   : {"Javascript": {"url": "http://dnn506yrbagrg.cloudfront.net/pages/scripts/0026/4062.js?416283", "requestTime": 15027.625023}}
06-28 12:45:50.619 16489 16538 E chromium: [ERROR:gles2_cmd_decoder.cc(3852)] [.ChromiumCompositor-0xacbb2fc0]GL ERROR :GL_INVALID_ENUM : glDiscardFramebufferEXT: attachments was GL_COLOR_EXT
06-28 12:45:51.357 16489 16538 E chromium: [ERROR:gles2_cmd_decoder.cc(3852)] [.ChromiumCompositor-0xacbb2fc0]GL ERROR :GL_INVALID_ENUM : glDiscardFramebufferEXT: attachments was GL_COLOR_EXT
06-28 12:45:52.387 16558 16571 E WPROF   : {"Javascript": {"url": "https://www.google.com/js/bg/KWBfAnWFESAEEaKKgdYlTHY9ysQaNoQuzeMFqvxDSM8.js", "requestTime": 15029.442923}}
06-28 12:45:52.390 16558 16571 E WPROF   : {"Javascript": {"url": "https://static.doubleclick.net/instream/ad_status.js", "requestTime": 15029.445422}}
06-28 12:45:52.565 16489 16538 E chromium: [ERROR:gles2_cmd_decoder.cc(3852)] [.ChromiumCompositor-0xacbb2fc0]GL ERROR :GL_INVALID_ENUM : glDiscardFramebufferEXT: attachments was GL_COLOR_EXT
06-28 12:45:52.584 16558 16571 E WPROF   : {"CSS": {"url": "http://app-sj02.marketo.com/js/forms2/css/forms2.css", "requestTime": 15029.640141}}
06-28 12:45:52.588 16558 16571 E WPROF   : {"CSS": {"url": "http://app-sj02.marketo.com/js/forms2/css/forms2-theme-simple.css", "requestTime": 15029.643331}}
06-28 12:45:52.693 16558 16571 E WPROF   : {"Javascript": {"url": "https://tpc.googlesyndication.com/pagead/js/r20170619/r20110914/client/ext/m_window_focus_non_hydra.js", "requestTime": 15029.748909}}
06-28 12:45:52.702 16558 16571 E WPROF   : {"Javascript": {"url": "https://tpc.googlesyndication.com/pagead/js/r20170619/r20110914/activeview/osd_listener.js", "requestTime": 15029.757779}}
06-28 12:45:52.706 16558 16571 E WPROF   : {"Javascript": {"url": "http://pagead2.googlesyndication.com/pagead/osd.js", "requestTime": 15029.761897}}
06-28 12:45:52.781 16558 16571 E WPROF   : {"Javascript": {"url": "http://munchkin.marketo.net/151/munchkin.js", "requestTime": 15029.836354}}
06-28 12:45:52.962 16558 16571 E WPROF   : {"Javascript": {"url": "https://platform.twitter.com/js/button.b731e6c82269f70f6fc53634e044a4c6.js", "requestTime": 15030.017412}}
06-28 12:45:52.969 16558 16571 E WPROF   : {"Javascript": {"url": "http://www.justuno.com/ajax/account_version_check.html?id=828FA275-FF73-401E-AA39-40F5A6FAB6B1", "requestTime": 15030.024633}}
06-28 12:45:53.180 16558 16571 E WPROF   : {"Javascript": {"url": "http://s7.addthis.com/static/layers.4acb6c577b51939661ec.js", "requestTime": 15030.235634}}
06-28 12:45:53.547 16489 16538 E chromium: [ERROR:gles2_cmd_decoder.cc(3852)] [.ChromiumCompositor-0xacbb2fc0]GL ERROR :GL_INVALID_ENUM : glDiscardFramebufferEXT: attachments was GL_COLOR_EXT
06-28 12:45:53.749 16489 16538 E chromium: [ERROR:gles2_cmd_decoder.cc(3852)] [.ChromiumCompositor-0xacbb2fc0]GL ERROR :GL_INVALID_ENUM : glDiscardFramebufferEXT: attachments was GL_COLOR_EXT
06-28 12:45:54.572 16489 16538 E chromium: [ERROR:gles2_cmd_decoder.cc(3852)] [.ChromiumCompositor-0xacbb2fc0]GL ERROR :GL_INVALID_ENUM : glDiscardFramebufferEXT: attachments was GL_COLOR_EXT
06-28 12:45:56.114 16558 16571 E WPROF   : {"Javascript": {"url": "http://cdn.justuno.com/mwgt_3.6.js", "requestTime": 15033.169310}}
06-28 12:45:56.315 16489 16538 E chromium: [ERROR:gles2_cmd_decoder.cc(3852)] [.ChromiumCompositor-0xacbb2fc0]GL ERROR :GL_INVALID_ENUM : glDiscardFramebufferEXT: attachments was GL_COLOR_EXT
06-28 12:45:56.583 16489 16538 E chromium: [ERROR:gles2_cmd_decoder.cc(3852)] [.ChromiumCompositor-0xacbb2fc0]GL ERROR :GL_INVALID_ENUM : glDiscardFramebufferEXT: attachments was GL_COLOR_EXT
06-28 12:45:56.669 16489 16538 E chromium: [ERROR:gles2_cmd_decoder.cc(3852)] [.ChromiumCompositor-0xacbb2fc0]GL ERROR :GL_INVALID_ENUM : glDiscardFramebufferEXT: attachments was GL_COLOR_EXT
06-28 12:45:56.870 16489 16538 E chromium: [ERROR:gles2_cmd_decoder.cc(3852)] [.ChromiumCompositor-0xacbb2fc0]GL ERROR :GL_INVALID_ENUM : glDiscardFramebufferEXT: attachments was GL_COLOR_EXT
06-28 12:45:57.105 16489 16538 E chromium: [ERROR:gles2_cmd_decoder.cc(3852)] [.ChromiumCompositor-0xacbb2fc0]GL ERROR :GL_INVALID_ENUM : glDiscardFramebufferEXT: attachments was GL_COLOR_EXT
06-28 12:45:57.166 16558 16571 E WProf.db: {"page": "searchengineland.com_yet-another-study-shows-significant-drops-organic-clicks-featured-snippets-276927"}
06-28 12:45:57.166 16558 16571 E WProf.db: {"DOMLoad": 15034.222105}
06-28 12:45:57.166 16558 16571 E WProf.db: {"Resource": {"id": 1, "url": "http://searchengineland.com/yet-another-study-shows-significant-drops-organic-clicks-featured-snippets-276927", "sentTime": -1.000000, "len": 92651, "from": "0x0", "mimeType": "text/html", "contentLength": -1, "httpStatus": 200, "connId": 19, "connReused": 1, "cached": 0,"requestTime": 15022.773683, "proxyStart": -1, "proxyEnd": -1, "dnsStart": -1, "dnsEnd": -1, "connectStart": 0, "connectEnd": 58, "sendStart": 58, "sendEnd": 59, "receiveHeadersEnd": 216, "sslStart": -1, "sslEnd": -1}}
06-28 12:45:57.167 16558 16571 E WProf.db: {"ReceivedChunk": {"receivedTime": 15022.995007, "len": 12714}}
06-28 12:45:57.167 16558 16571 E WProf.db: {"ReceivedChunk": {"receivedTime": 15023.050840, "len": 32768}}
06-28 12:45:57.167 16558 16571 E WProf.db: {"ReceivedChunk": {"receivedTime": 15023.051295, "len": 28476}}
06-28 12:45:57.167 16558 16571 E WProf.db: {"ReceivedChunk": {"receivedTime": 15023.143968, "len": 18693}}
06-28 12:45:57.167 16558 16571 E WProf.db: {"WprofHTMLTag": {"code": "0xaedda630", "doc": "http://searchengineland.com/yet-another-study-shows-significant-drops-organic-clicks-featured-snippets-276927", "row": 6, "column": 42, "tagName": "html", "time": 15023.053812, "url": "", "pos": 1, "chunkLen": 1, "isStartTag": 1}}
06-28 12:45:57.167 16558 16571 E WProf.db: {"WprofHTMLTag": {"code": "0xaf047820", "doc": "http://searchengineland.com/yet-another-study-shows-significant-drops-organic-clicks-featured-snippets-276927", "row": 7, "column": 6, "tagName": "head", "time": 15023.054253, "url": "", "pos": 1, "chunkLen": 1, "isStartTag": 1}}
06-28 12:45:57.167 16558 16571 E WProf.db: {"WprofHTMLTag": {"code": "0xaf047850", "doc": "http://searchengineland.com/yet-another-study-shows-significant-drops-organic-clicks-featured-snippets-276927", "row": 8, "column": 54, "tagName": "meta", "time": 15023.054296, "url": "", "pos": 1, "chunkLen": 1, "isStartTag": 1}}
06-28 12:45:57.167 16558 16571 E WProf.db: {"WprofHTMLTag": {"code": "0xaf047880", "doc": "http://searchengineland.com/yet-another-study-shows-significant-drops-organic-clicks-featured-snippets-276927", "row": 9, "column": 68, "tagName": "meta", "time": 15023.054434, "url": "", "pos": 1, "chunkLen": 1, "isStartTag": 1}}
06-28 12:45:57.167 16558 16571 E WProf.db: {"WprofHTMLTag": {"code": "0xaf0478b0", "doc": "http://searchengineland.com/yet-another-study-shows-significant-drops-organic-clicks-featured-snippets-276927", "row": 10, "column": 23, "tagName": "meta", "time": 15023.054536, "url": "", "pos": 1, "chunkLen": 1, "isStartTag": 1}}
06-28 12:45:57.167 16558 16571 E WProf.db: {"WprofHTMLTag": {"code": "0xaf0478e0", "doc": "http://searchengineland.com/yet-another-study-shows-significant-drops-organic-clicks-featured-snippets-276927", "row": 11, "column": 52, "tagName": "meta", "time": 15023.054825, "url": "", "pos": 1, "chunkLen": 1, "isStartTag": 1}}
06-28 12:45:57.167 16558 16571 E WProf.db: {"WprofHTMLTag": {"code": "0xaf047910", "doc": "http://searchengineland.com/yet-another-study-shows-significant-drops-organic-clicks-featured-snippets-276927", "row": 14, "column": 56, "tagName": "meta", "time": 15023.054957, "url": "", "pos": 1, "chunkLen": 1, "isStartTag": 1}}
06-28 12:45:57.167 16558 16571 E WProf.db: {"WprofHTMLTag": {"code": "0xaf047940", "doc": "http://searchengineland.com/yet-another-study-shows-significant-drops-organic-clicks-featured-snippets-276927", "row": 15, "column": 83, "tagName": "meta", "time": 15023.055064, "url": "", "pos": 1, "chunkLen": 1, "isStartTag": 1}}
06-28 12:45:57.167 16558 16571 E WProf.db: {"WprofHTMLTag": {"code": "0xaf047970", "doc": "http://searchengineland.com/yet-another-study-shows-significant-drops-organic-clicks-featured-snippets-276927", "row": 16, "column": 57, "tagName": "meta", "time": 15023.055173, "url": "", "pos": 1, "chunkLen": 1, "isStartTag": 1}}
06-28 12:45:57.167 16558 16571 E WProf.db: {"WprofHTMLTag": {"code": "0xaf047a00", "doc": "http://searchengineland.com/yet-another-study-shows-significant-drops-organic-clicks-featured-snippets-276927", "row": 17, "column": 41, "tagName": "meta", "time": 15023.055279, "url": "", "pos": 1, "chunkLen": 1, "isStartTag": 1}}
06-28 12:45:57.168 16558 16571 E WProf.db: {"WprofHTMLTag": {"code": "0xaf047a30", "doc": "http://searchengineland.com/yet-another-study-shows-significant-drops-organic-clicks-featured-snippets-276927", "row": 18, "column": 50, "tagName": "meta", "time": 15023.055383, "url": "", "pos": 1, "chunkLen": 1, "isStartTag": 1}}
06-28 12:45:57.168 16558 16571 E WProf.db: {"WprofHTMLTag": {"code": "0xaf047a60", "doc": "http://searchengineland.com/yet-another-study-shows-significant-drops-organic-clicks-featured-snippets-276927", "row": 19, "column": 174, "tagName": "meta", "time": 15023.055490, "url": "", "pos": 1, "chunkLen": 1, "isStartTag": 1}}
06-28 12:45:57.168 16558 16571 E WProf.db: {"WprofHTMLTag": {"code": "0xaf0479d0", "doc": "http://searchengineland.com/yet-another-study-shows-significant-drops-organic-clicks-featured-snippets-276927", "row": 20, "column": 47, "tagName": "meta", "time": 15023.055595, "url": "", "pos": 1, "chunkLen": 1, "isStartTag": 1}}
06-28 12:45:57.168 16558 16571 E WProf.db: {"WprofHTMLTag": {"code": "0xaf0479a0", "doc": "http://searchengineland.com/yet-another-study-shows-significant-drops-organic-clicks-featured-snippets-276927", "row": 21, "column": 67, "tagName": "meta", "time": 15023.055698, "url": "", "pos": 1, "chunkLen": 1, "isStartTag": 1}}
06-28 12:45:57.168 16558 16571 E WProf.db: {"WprofHTMLTag": {"code": "0xaf047a90", "doc": "http://searchengineland.com/yet-another-study-shows-significant-drops-organic-clicks-featured-snippets-276927", "row": 22, "column": 57, "tagName": "meta", "time": 15023.055801, "url": "", "pos": 1, "chunkLen": 1, "isStartTag": 1}}
06-28 12:45:57.168 16558 16571 E WProf.db: {"WprofHTMLTag": {"code": "0xaf047ac0", "doc": "http://searchengineland.com/yet-another-study-shows-significant-drops-organic-clicks-featured-snippets-276927", "row": 23, "column": 65, "tagName": "meta", "time": 15023.055918, "url": "", "pos": 1, "chunkLen": 1, "isStartTag": 1}}
06-28 12:45:57.168 16558 16571 E WProf.db: {"WprofHTMLTag": {"code": "0xaf047af0", "doc": "http://searchengineland.com/yet-another-study-shows-significant-drops-organic-clicks-featured-snippets-276927", "row": 24, "column": 55, "tagName": "meta", "time": 15023.056030, "url": "", "pos": 1, "chunkLen": 1, "isStartTag": 1}}
06-28 12:45:57.168 16558 16571 E WProf.db: {"WprofHTMLTag": {"code": "0xaf047b20", "doc": "http://searchengineland.com/yet-another-study-shows-significant-drops-organic-clicks-featured-snippets-276927", "row": 25, "column": 71, "tagName": "meta", "time": 15023.056136, "url": "", "pos": 1, "chunkLen": 1, "isStartTag": 1}}
06-28 12:45:57.168 16558 16571 E WProf.db: {"WprofHTMLTag": {"code": "0xaf047b50", "doc": "http://searchengineland.com/yet-another-study-shows-significant-drops-organic-clicks-featured-snippets-276927", "row": 26, "column": 86, "tagName": "meta", "time": 15023.056243, "url": "", "pos": 1, "chunkLen": 1, "isStartTag": 1}}
06-28 12:45:57.168 16558 16571 E WProf.db: {"WprofHTMLTag": {"code": "0xaf047b80", "doc": "http://searchengineland.com/yet-another-study-shows-significant-drops-organic-clicks-featured-snippets-276927", "row": 27, "column": 54, "tagName": "meta", "time": 15023.056344, "url": "", "pos": 1, "chunkLen": 1, "isStartTag": 1}}
06-28 12:45:57.168 16558 16571 E WProf.db: {"WprofHTMLTag": {"code": "0xaf047bb0", "doc": "http://searchengineland.com/yet-another-study-shows-significant-drops-organic-clicks-featured-snippets-276927", "row": 29, "column": 68, "tagName": "meta", "time": 15023.056457, "url": "", "pos": 1, "chunkLen": 1, "isStartTag": 1}}
06-28 12:45:57.168 16558 16571 E WProf.db: {"WprofHTMLTag": {"code": "0xaf047be0", "doc": "http://searchengineland.com/yet-another-study-shows-significant-drops-organic-clicks-featured-snippets-276927", "row": 30, "column": 166, "tagName": "meta", "time": 15023.056560, "url": "", "pos": 1, "chunkLen": 1, "isStartTag": 1}}
06-28 12:45:57.168 16558 16571 E WProf.db: {"WprofHTMLTag": {"code": "0xaf047c10", "doc": "http://searchengineland.com/yet-another-study-shows-significant-drops-organic-clicks-featured-snippets-276927", "row": 31, "column": 55, "tagName": "meta", "time": 15023.056663, "url": "", "pos": 1, "chunkLen": 1, "isStartTag": 1}}
06-28 12:45:57.168 16558 16571 E WProf.db: {"WprofHTMLTag": {"code": "0xaf047c40", "doc": "http://searchengineland.com/yet-another-study-shows-significant-drops-organic-clicks-featured-snippets-276927", "row": 32, "column": 54, "tagName": "meta", "time": 15023.056774, "url": "", "pos": 1, "chunkLen": 1, "isStartTag": 1}}
06-28 12:45:57.169 16558 16571 E WProf.db: {"WprofHTMLTag": {"code": "0xaf047c70", "doc": "http://searchengineland.com/yet-another-study-shows-significant-drops-organic-clicks-featured-snippets-276927", "row": 33, "column": 137, "tagName": "meta", "time": 15023.056886, "url": "", "pos": 1, "chunkLen": 1, "isStartTag": 1}}
06-28 12:45:57.169 16558 16571 E WProf.db: {"WprofHTMLTag": {"code": "0xaf047ca0", "doc": "http://searchengineland.com/yet-another-study-shows-significant-drops-organic-clicks-featured-snippets-276927", "row": 37, "column": 36, "tagName": "script", "time": 15023.056996, "url": "", "pos": 1, "chunkLen": 1, "isStartTag": 1}}
06-28 12:45:57.169 16558 16571 E WProf.db: {"WprofHTMLTag": {"code": "0xaf047cd0", "doc": "http://searchengineland.com/yet-another-study-shows-significant-drops-organic-clicks-featured-snippets-276927", "row": 53, "column": 10, "tagName": "script", "time": 15023.058300, "url": "", "pos": 1, "chunkLen": 1, "isStartTag": 0}}
06-28 12:45:57.169 16558 16571 E WProf.db: {"WprofHTMLTag": {"code": "0xaedda660", "doc": "http://searchengineland.com/yet-another-study-shows-significant-drops-organic-clicks-featured-snippets-276927", "row": 55, "column": 86, "tagName": "link", "time": 15023.058916, "url": "http://searchengineland.com/apple-touch-icon.png", "pos": 1, "chunkLen": 1, "isStartTag": 1}}
06-28 12:45:57.169 16558 16571 E WProf.db: {"WprofHTMLTag": {"code": "0xaf047d00", "doc": "http://searchengineland.com/yet-another-study-shows-significant-drops-organic-clicks-featured-snippets-276927", "row": 56, "column": 76, "tagName": "link", "time": 15023.059190, "url": "http://searchengineland.com/favicon.ico", "pos": 1, "chunkLen": 1, "isStartTag": 1}}
06-28 12:45:57.169 16558 16571 E WProf.db: {"WprofHTMLTag": {"code": "0xaf047d30", "doc": "http://searchengineland.com/yet-another-study-shows-significant-drops-organic-clicks-featured-snippets-276927", "row": 57, "column": 158, "tagName": "link", "time": 15023.059387, "url": "http://feeds.searchengineland.com/searchengineland", "pos": 1, "chunkLen": 1, "isStartTag": 1}}
06-28 12:45:57.169 16558 16571 E WProf.db: {"WprofHTMLTag": {"code": "0xaf047d60", "doc": "http://searchengineland.com/yet-another-study-shows-significant-drops-organic-clicks-featured-snippets-276927", "row": 58, "column": 149, "tagName": "link", "time": 15023.059646, "url": "http://feeds.searchengineland.com/searchcap", "pos": 1, "chunkLen": 1, "isStartTag": 1}}
06-28 12:45:57.169 16558 16571 E WProf.db: {"WprofHTMLTag": {"code": "0xaf047d90", "doc": "http://searchengineland.com/yet-another-study-shows-significant-drops-organic-clicks-featured-snippets-276927", "row": 59, "column": 150, "tagName": "link", "time": 15023.059925, "url": "http://searchengineland.com/figz/wp-content/themes/searchengineland/css/searchengineland-bootstrap.css", "pos": 1, "chunkLen": 1, "isStartTag": 1}}
06-28 12:45:57.169 16558 16571 E WProf.db: {"WprofHTMLTag": {"code": "0xaf047df0", "doc": "http://searchengineland.com/yet-another-study-shows-significant-drops-organic-clicks-featured-snippets-276927", "row": 60, "column": 105, "tagName": "link", "time": 15023.060651, "url": "http://fonts.googleapis.com/css?family=Oswald:300,400,700", "pos": 1, "chunkLen": 1, "isStartTag": 1}}
06-28 12:45:57.169 16558 16571 E WProf.db: {"WprofHTMLTag": {"code": "0xaf047e50", "doc": "http://searchengineland.com/yet-another-study-shows-significant-drops-organic-clicks-featured-snippets-276927", "row": 61, "column": 125, "tagName": "link", "time": 15023.061191, "url": "http://searchengineland.com/figz/wp-content/themes/searchengineland/style.css", "pos": 1, "chunkLen": 1, "isStartTag": 1}}
06-28 12:45:57.169 16558 16571 E WProf.db: {"WprofHTMLTag": {"code": "0xaf047eb0", "doc": "http://searchengineland.com/yet-another-study-shows-significant-drops-organic-clicks-featured-snippets-276927", "row": 65, "column": 7, "tagName": "title", "time": 15023.061736, "url": "", "pos": 1, "chunkLen": 1, "isStartTag": 1}}
06-28 12:45:57.169 16558 16571 E WProf.db: {"WprofHTMLTag": {"code": "0xaf047ee0", "doc": "http://searchengineland.com/yet-another-study-shows-significant-drops-organic-clicks-featured-snippets-276927", "row": 65, "column": 100, "tagName": "title", "time": 15023.061960, "url": "", "pos": 1, "chunkLen": 1, "isStartTag": 0}}
06-28 12:45:57.169 16558 16571 E WProf.db: {"WprofHTMLTag": {"code": "0xaf047f10", "doc": "http://searchengineland.com/yet-another-study-shows-significant-drops-organic-clicks-featured-snippets-276927", "row": 66, "column": 163, "tagName": "meta", "time": 15023.061980, "url": "", "pos": 1, "chunkLen": 1, "isStartTag": 1}}
06-28 12:45:57.169 16558 16571 E WProf.db: {"WprofHTMLTag": {"code": "0xaf047f40", "doc": "http://searchengineland.com/yet-another-study-shows-significant-drops-organic-clicks-featured-snippets-276927", "row": 67, "column": 68, "tagName": "meta", "time": 15023.062099, "url": "", "pos": 1, "chunkLen": 1, "isStartTag": 1}}
06-28 12:45:57.170 16558 16571 E WProf.db: {"WprofHTMLTag": {"code": "0xaf047f70", "doc": "http://searchengineland.com/yet-another-study-shows-significant-drops-organic-clicks-featured-snippets-276927", "row": 68, "column": 151, "tagName": "meta", "time": 15023.062202, "url": "", "pos": 1, "chunkLen": 1, "isStartTag": 1}}
06-28 12:45:57.170 16558 16571 E WProf.db: {"WprofHTMLTag": {"code": "0xaf047fa0", "doc": "http://searchengineland.com/yet-another-study-shows-significant-drops-organic-clicks-featured-snippets-276927", "row": 69, "column": 37, "tagName": "meta", "time": 15023.062310, "url": "", "pos": 1, "chunkLen": 1, "isStartTag": 1}}
06-28 12:45:57.170 16558 16571 E WProf.db: {"WprofHTMLTag": {"code": "0xaf047fd0", "doc": "http://searchengineland.com/yet-another-study-shows-significant-drops-organic-clicks-featured-snippets-276927", "row": 70, "column": 141, "tagName": "link", "time": 15023.062427, "url": "http://searchengineland.com/yet-another-study-shows-significant-drops-organic-clicks-featured-snippets-276927", "pos": 1, "chunkLen": 1, "isStartTag": 1}}
06-28 12:45:57.170 16558 16571 E WProf.db: {"WprofHTMLTag": {"code": "0xb4cc74b0", "doc": "http://searchengineland.com/yet-another-study-shows-significant-drops-organic-clicks-featured-snippets-276927", "row": 71, "column": 76, "tagName": "link", "time": 15023.062628, "url": "https://plus.google.com/103218677032751327334", "pos": 1, "chunkLen": 1, "isStartTag": 1}}
06-28 12:45:57.170 16558 16571 E WProf.db: {"WprofHTMLTag": {"code": "0xb4cc7540", "doc": "http://searchengineland.com/yet-another-study-shows-significant-drops-organic-clicks-featured-snippets-276927", "row": 72, "column": 45, "tagName": "meta", "time": 15023.062806, "url": "", "pos": 1, "chunkLen": 1, "isStartTag": 1}}
06-28 12:45:57.170 16558 16571 E WProf.db: {"WprofHTMLTag": {"code": "0xb4cc78a0", "doc": "http://searchengineland.com/yet-another-study-shows-significant-drops-organic-clicks-featured-snippets-276927", "row": 73, "column": 45, "tagName": "meta", "time": 15023.062923, "url": "", "pos": 1, "chunkLen": 1, "isStartTag": 1}}
06-28 12:45:57.170 16558 16571 E WProf.db: {"WprofHTMLTag": {"code": "0xb4cc78d0", "doc": "http://searchengineland.com/yet-another-study-shows-significant-drops-organic-clicks-featured-snippets-276927", "row": 74, "column": 124, "tagName": "meta", "time": 15023.063037, "url": "", "pos": 1, "chunkLen": 1, "isStartTag": 1}}
06-28 12:45:57.170 16558 16571 E WProf.db: {"WprofHTMLTag": {"code": "0xb4cc7900", "doc": "http://searchengineland.com/yet-another-study-shows-significant-drops-organic-clicks-featured-snippets-276927", "row": 75, "column": 171, "tagName": "meta", "time": 15023.063146, "url": "", "pos": 1, "chunkLen": 1, "isStartTag": 1}}
06-28 12:45:57.170 16558 16571 E WProf.db: {"WprofHTMLTag": {"code": "0xb4cc7930", "doc": "http://searchengineland.com/yet-another-study-shows-significant-drops-organic-clicks-featured-snippets-276927", "row": 76, "column": 146, "tagName": "meta", "time": 15023.063262, "url": "", "pos": 1, "chunkLen": 1, "isStartTag": 1}}
06-28 12:45:57.170 16558 16571 E WProf.db: {"WprofHTMLTag": {"code": "0xb4cc7960", "doc": "http://searchengineland.com/yet-another-study-shows-significant-drops-organic-clicks-featured-snippets-276927", "row": 77, "column": 61, "tagName": "meta", "time": 15023.063363, "url": "", "pos": 1, "chunkLen": 1, "isStartTag": 1}}
06-28 12:45:57.170 16558 16571 E WProf.db: {"WprofHTMLTag": {"code": "0xb4cc7990", "doc": "http://searchengineland.com/yet-another-study-shows-significant-drops-organic-clicks-featured-snippets-276927", "row": 78, "column": 89, "tagName": "meta", "time": 15023.063469, "url": "", "pos": 1, "chunkLen": 1, "isStartTag": 1}}
06-28 12:45:57.171 16558 16571 E WProf.db: {"WprofHTMLTag": {"code": "0xb4cc79c0", "doc": "http://searchengineland.com/yet-another-study-shows-significant-drops-organic-clicks-featured-snippets-276927", "row": 79, "column": 58, "tagName": "meta", "time": 15023.064421, "url": "", "pos": 1, "chunkLen": 1, "isStartTag": 1}}
06-28 12:45:57.171 16558 16571 E WProf.db: {"WprofHTMLTag": {"code": "0xb4cc79f0", "doc": "http://searchengineland.com/yet-another-study-shows-significant-drops-organic-clicks-featured-snippets-276927", "row": 80, "column": 78, "tagName": "meta", "time": 15023.064764, "url": "", "pos": 1, "chunkLen": 1, "isStartTag": 1}}
06-28 12:45:57.171 16558 16571 E WProf.db: {"WprofHTMLTag": {"code": "0xb4cc7a20", "doc": "http://searchengineland.com/yet-another-study-shows-significant-drops-organic-clicks-featured-snippets-276927", "row": 81, "column": 77, "tagName": "meta", "time": 15023.064882, "url": "", "pos": 1, "chunkLen": 1, "isStartTag": 1}}
06-28 12:45:57.171 16558 16571 E WProf.db: {"WprofHTMLTag": {"code": "0xb4cc7a50", "doc": "http://searchengineland.com/yet-another-study-shows-significant-drops-organic-clicks-featured-snippets-276927", "row": 82, "column": 71, "tagName": "meta", "time": 15023.064989, "url": "", "pos": 1, "chunkLen": 1, "isStartTag": 1}}
06-28 12:45:57.171 16558 16571 E WProf.db: {"WprofHTMLTag": {"code": "0xb4cc7a80", "doc": "http://searchengineland.com/yet-another-study-shows-significant-drops-organic-clicks-featured-snippets-276927", "row": 83, "column": 131, "tagName": "meta", "time": 15023.065093, "url": "", "pos": 1, "chunkLen": 1, "isStartTag": 1}}
06-28 12:45:57.171 16558 16571 E WProf.db: {"WprofHTMLTag": {"code": "0xb4cc7ab0", "doc": "http://searchengineland.com/yet-another-study-shows-significant-drops-organic-clicks-featured-snippets-276927", "row": 84, "column": 49, "tagName": "meta", "time": 15023.065198, "url": "", "pos": 1, "chunkLen": 1, "isStartTag": 1}}
06-28 12:45:57.171 16558 16571 E WProf.db: {"WprofHTMLTag": {"code": "0xb4cc7ae0", "doc": "http://searchengineland.com/yet-another-study-shows-significant-drops-organic-clicks-featured-snippets-276927", "row": 85, "column": 50, "tagName": "meta", "time": 15023.065304, "url": "", "pos": 1, "chunkLen": 1, "isStartTag": 1}}
06-28 12:45:57.171 16558 16571 E WProf.db: {"WprofHTMLTag": {"code": "0xb4cc7b10", "doc": "http://searchengineland.com/yet-another-study-shows-significant-drops-organic-clicks-featured-snippets-276927", "row": 86, "column": 58, "tagName": "meta", "time": 15023.065410, "url": "", "pos": 1, "chunkLen": 1, "isStartTag": 1}}
06-28 12:45:57.171 16558 16571 E WProf.db: {"WprofHTMLTag": {"code": "0xb4cc7b40", "doc": "http://searchengineland.com/yet-another-study-shows-significant-drops-organic-clicks-featured-snippets-276927", "row": 87, "column": 172, "tagName": "meta", "time": 15023.065525, "url": "", "pos": 1, "chunkLen": 1, "isStartTag": 1}}
06-28 12:45:57.171 16558 16571 E WProf.db: {"WprofHTMLTag": {"code": "0xb4cc7b70", "doc": "http://searchengineland.com/yet-another-study-shows-significant-drops-organic-clicks-featured-snippets-276927", "row": 88, "column": 125, "tagName": "meta", "time": 15023.065631, "url": "", "pos": 1, "chunkLen": 1, "isStartTag": 1}}
06-28 12:45:57.171 16558 16571 E WProf.db: {"WprofHTMLTag": {"code": "0xb4cc7ba0", "doc": "http://searchengineland.com/yet-another-study-shows-significant-drops-organic-clicks-featured-snippets-276927", "row": 89, "column": 51, "tagName": "meta", "time": 15023.065740, "url": "", "pos": 1, "chunkLen": 1, "isStartTag": 1}}
06-28 12:45:57.171 16558 16571 E WProf.db: {"WprofHTMLTag": {"code": "0xb4cc7bd0", "doc": "http://searchengineland.com/yet-another-study-shows-significant-drops-organic-clicks-featured-snippets-276927", "row": 90, "column": 132, "tagName": "meta", "time": 15023.065853, "url": "", "pos": 1, "chunkLen": 1, "isStartTag": 1}}
06-28 12:45:57.171 16558 16571 E WProf.db: {"WprofHTMLTag": {"code": "0xb4cc7c00", "doc": "http://searchengineland.com/yet-another-study-shows-significant-drops-organic-clicks-featured-snippets-276927", "row": 91, "column": 53, "tagName": "meta", "time": 15023.065953, "url": "", "pos": 1, "chunkLen": 1, "isStartTag": 1}}
06-28 12:45:57.171 16558 16571 E WProf.db: {"WprofHTMLTag": {"code": "0xb4cc7c30", "doc": "http://searchengineland.com/yet-another-study-shows-significant-drops-organic-clicks-featured-snippets-276927", "row": 94, "column": 44, "tagName": "link", "time": 15023.066069, "url": "http://s.w.org/", "pos": 1, "chunkLen": 1, "isStartTag": 1}}
06-28 12:45:57.172 16558 16571 E WProf.db: {"WprofHTMLTag": {"code": "0xb4cc7c60", "doc": "http://searchengineland.com/yet-another-study-shows-significant-drops-organic-clicks-featured-snippets-276927", "row": 95, "column": 33, "tagName": "script", "time": 15023.066294, "url": "", "pos": 1, "chunkLen": 1, "isStartTag": 1}}
06-28 12:45:57.172 16558 16571 E WProf.db: {"WprofHTMLTag": {"code": "0xb4cc7c90", "doc": "http://searchengineland.com/yet-another-study-shows-significant-drops-organic-clicks-featured-snippets-276927", "row": 98, "column": 11, "tagName": "script", "time": 15023.066479, "url": "http://searchengineland.com/figz/wp-includes/js/wp-emoji-release.min.js?ver=4.7.5", "pos": 1, "chunkLen": 1, "isStartTag": 0}}
06-28 12:45:57.172 16558 16571 E WProf.db: {"WprofHTMLTag": {"code": "0x9cef8930", "doc": "http://searchengineland.com/yet-another-study-shows-significant-drops-organic-clicks-featured-snippets-276927", "row": 99, "column": 25, "tagName": "style", "time": 15023.750946, "url": "", "pos": 1, "chunkLen": 1, "isStartTag": 1}}
06-28 12:45:57.172 16558 16571 E WProf.db: {"WprofHTMLTag": {"code": "0x9cef8960", "doc": "http://searchengineland.com/yet-another-study-shows-significant-drops-organic-clicks-featured-snippets-276927", "row": 112, "column": 8, "tagName": "style", "time": 15023.751245, "url": "", "pos": 1, "chunkLen": 1, "isStartTag": 0}}
06-28 12:45:57.172 16558 16571 E WProf.db: {"WprofHTMLTag": {"code": "0x9cef8990", "doc": "http://searchengineland.com/yet-another-study-shows-significant-drops-organic-clicks-featured-snippets-276927", "row": 113, "column": 140, "tagName": "script", "time": 15023.755087, "url": "http://searchengineland.com/figz/wp-content/themes/searchengineland/js/lib/modernizr.custom.js?ver=1.0", "pos": 1, "chunkLen": 1, "isStartTag": 1}}
06-28 12:45:57.172 16558 16571 E WProf.db: {"WprofHTMLTag": {"code": "0x9cef89c0", "doc": "http://searchengineland.com/yet-another-study-shows-significant-drops-organic-clicks-featured-snippets-276927", "row": 113, "column": 149, "tagName": "script", "time": 15023.756298, "url": "", "pos": 1, "chunkLen": 1, "isStartTag": 0}}
06-28 12:45:57.172 16558 16571 E WProf.db: {"WprofHTMLTag": {"code": "0x9cef8a50", "doc": "http://searchengineland.com/yet-another-study-shows-significant-drops-organic-clicks-featured-snippets-276927", "row": 114, "column": 144, "tagName": "script", "time": 15023.766551, "url": "http://searchengineland.com/figz/wp-content/themes/searchengineland/js/lib/jquery-1.11.0.min.js?ver=1.11.0", "pos": 1, "chunkLen": 1, "isStartTag": 1}}
06-28 12:45:57.177 16558 16571 E WProf.db: {"WprofHTMLTag": {"code": "0x9cef8a80", "doc": "http://searchengineland.com/yet-another-study-shows-significant-drops-organic-clicks-featured-snippets-276927", "row": 114, "column": 153, "tagName": "script", "time": 15023.766901, "url": "", "pos": 1, "chunkLen": 1, "isStartTag": 0}}
06-28 12:45:57.177 16558 16571 E WProf.db: {"WprofHTMLTag": {"code": "0xaeddade0", "doc": "http://searchengineland.com/yet-another-study-shows-significant-drops-organic-clicks-featured-snippets-276927", "row": 0, "column": 15, "tagName": "div", "time": 15023.868809, "url": "", "pos": 15, "chunkLen": 44, "isStartTag": 1}}
06-28 12:45:57.177 16558 16571 E WProf.db: {"WprofHTMLTag": {"code": "0xaeddadb0", "doc": "http://searchengineland.com/yet-another-study-shows-significant-drops-organic-clicks-featured-snippets-276927", "row": 0, "column": 21, "tagName": "div", "time": 15023.868981, "url": "", "pos": 21, "chunkLen": 44, "isStartTag": 0}}
06-28 12:45:57.178 16558 16571 E WProf.db: {"WprofHTMLTag": {"code": "0xaeddab10", "doc": "http://searchengineland.com/yet-another-study-shows-significant-drops-organic-clicks-featured-snippets-276927", "row": 0, "column": 38, "tagName": "div", "time": 15023.869065, "url": "", "pos": 38, "chunkLen": 44, "isStartTag": 1}}
06-28 12:45:57.178 16558 16571 E WProf.db: {"WprofHTMLTag": {"code": "0xaeddad80", "doc": "http://searchengineland.com/yet-another-study-shows-significant-drops-organic-clicks-featured-snippets-276927", "row": 0, "column": 44, "tagName": "div", "time": 15023.869232, "url": "", "pos": 44, "chunkLen": 44, "isStartTag": 0}}
06-28 12:45:57.178 16558 16571 E WProf.db: {"WprofHTMLTag": {"code": "0xaeddad50", "doc": "http://searchengineland.com/yet-another-study-shows-significant-drops-organic-clicks-featured-snippets-276927", "row": 0, "column": 13, "tagName": "select", "time": 15023.871183, "url": "", "pos": 13, "chunkLen": 51, "isStartTag": 1}}
06-28 12:45:57.178 16558 16571 E WProf.db: {"WprofHTMLTag": {"code": "0x9cef8ae0", "doc": "http://searchengineland.com/yet-another-study-shows-significant-drops-organic-clicks-featured-snippets-276927", "row": 0, "column": 33, "tagName": "option", "time": 15023.871426, "url": "", "pos": 33, "chunkLen": 51, "isStartTag": 1}}
06-28 12:45:57.178 16558 16571 E WProf.db: {"WprofHTMLTag": {"code": "0x9cef8b10", "doc": "http://searchengineland.com/yet-another-study-shows-significant-drops-organic-clicks-featured-snippets-276927", "row": 0, "column": 42, "tagName": "option", "time": 15023.871695, "url": "", "pos": 42, "chunkLen": 51, "isStartTag": 0}}
06-28 12:45:57.178 16558 16571 E WProf.db: {"WprofHTMLTag": {"code": "0x9cef8b40", "doc": "http://searchengineland.com/yet-another-study-shows-significant-drops-organic-clicks-featured-snippets-276927", "row": 0, "column": 51, "tagName": "select", "time": 15023.871775, "url": "", "pos": 51, "chunkLen": 51, "isStartTag": 0}}
06-28 12:45:57.178 16558 16571 E WProf.db: {"WprofHTMLTag": {"code": "0x9cef8b70", "doc": "http://searchengineland.com/yet-another-study-shows-significant-drops-organic-clicks-featured-snippets-276927", "row": 0, "column": 12, "tagName": "a", "time": 15023.878273, "url": "", "pos": 12, "chunkLen": 16, "isStartTag": 1}}
06-28 12:45:57.178 16558 16571 E WProf.db: {"WprofHTMLTag": {"code": "0x9cef8ba0", "doc": "http://searchengineland.com/yet-another-study-shows-significant-drops-organic-clicks-featured-snippets-276927", "row": 0, "column": 16, "tagName": "a", "time": 15023.878500, "url": "", "pos": 16, "chunkLen": 16, "isStartTag": 0}}
06-28 12:45:57.179 16558 16571 E WProf.db: {"WprofHTMLTag": {"code": "0x9cef8bd0", "doc": "http://searchengineland.com/yet-another-study-shows-significant-drops-organic-clicks-featured-snippets-276927", "row": 0, "column": 8, "tagName": "input", "time": 15023.879971, "url": "", "pos": 8, "chunkLen": 8, "isStartTag": 1}}
06-28 12:45:57.179 16558 16571 E WProf.db: {"WprofHTMLTag": {"code": "0x9cef8c00", "doc": "http://searchengineland.com/yet-another-study-shows-significant-drops-organic-clicks-featured-snippets-276927", "row": 0, "column": 9, "tagName": "link", "time": 15023.890403, "url": "", "pos": 9, "chunkLen": 42, "isStartTag": 1}}
06-28 12:45:57.179 16558 16571 E WProf.db: {"WprofHTMLTag": {"code": "0x9cef8c30", "doc": "http://searchengineland.com/yet-another-study-shows-significant-drops-organic-clicks-featured-snippets-276927", "row": 0, "column": 16, "tagName": "table", "time": 15023.890555, "url": "", "pos": 16, "chunkLen": 42, "isStartTag": 1}}
06-28 12:45:57.179 16558 16571 E WProf.db: {"WprofHTMLTag": {"code": "0x9cef8c60", "doc": "http://searchengineland.com/yet-another-study-shows-significant-drops-organic-clicks-featured-snippets-276927", "row": 0, "column": 24, "tagName": "table", "time": 15023.890695, "url": "", "pos": 24, "chunkLen": 42, "isStartTag": 0}}
06-28 12:45:57.179 16558 16571 E WProf.db: {"WprofHTMLTag": {"code": "0x9cef8c90", "doc": "http://searchengineland.com/yet-another-study-shows-significant-drops-organic-clicks-featured-snippets-276927", "row": 0, "column": 37, "tagName": "a", "time": 15023.890778, "url": "", "pos": 37, "chunkLen": 42, "isStartTag": 1}}
06-28 12:45:57.179 16558 16571 E WProf.db: {"WprofHTMLTag": {"code": "0x9cef8cc0", "doc": "http://searchengineland.com/yet-another-study-shows-significant-drops-organic-clicks-featured-snippets-276927", "row": 0, "column": 42, "tagName": "a", "time": 15023.890974, "url": "", "pos": 42, "chunkLen": 42, "isStartTag": 0}}
06-28 12:45:57.179 16558 16571 E WProf.db: {"WprofHTMLTag": {"code": "0x9cef8d50", "doc": "http://searchengineland.com/yet-another-study-shows-significant-drops-organic-clicks-featured-snippets-276927", "row": 0, "column": 10, "tagName": "textarea", "time": 15023.892460, "url": "", "pos": 10, "chunkLen": 22, "isStartTag": 1}}
06-28 12:45:57.179 16558 16571 E WProf.db: {"WprofHTMLTag": {"code": "0x9cef8d80", "doc": "http://searchengineland.com/yet-another-study-shows-significant-drops-organic-clicks-featured-snippets-276927", "row": 0, "column": 22, "tagName": "textarea", "time": 15023.892732, "url": "", "pos": 22, "chunkLen": 22, "isStartTag": 0}}
06-28 12:45:57.179 16558 16571 E WProf.db: {"WprofHTMLTag": {"code": "0x9cef8db0", "doc": "http://searchengineland.com/yet-another-study-shows-significant-drops-organic-clicks-featured-snippets-276927", "row": 0, "column": 48, "tagName": "input", "time": 15023.894275, "url": "", "pos": 48, "chunkLen": 48, "isStartTag": 1}}
06-28 12:45:57.179 16558 16571 E WProf.db: {"WprofHTMLTag": {"code": "0x9cef8e10", "doc": "http://searchengineland.com/yet-another-study-shows-significant-drops-organic-clicks-featured-snippets-276927", "row": 0, "column": 9, "tagName": "link", "time": 15023.899438, "url": "", "pos": 9, "chunkLen": 66, "isStartTag": 1}}
06-28 12:45:57.179 16558 16571 E WProf.db: {"WprofHTMLTag": {"code": "0x9cef8e40", "doc": "http://searchengineland.com/yet-another-study-shows-significant-drops-organic-clicks-featured-snippets-276927", "row": 0, "column": 16, "tagName": "table", "time": 15023.899572, "url": "", "pos": 16, "chunkLen": 66, "isStartTag": 1}}
06-28 12:45:57.179 16558 16571 E WProf.db: {"WprofHTMLTag": {"code": "0x9cef8e70", "doc": "http://searchengineland.com/yet-another-study-shows-significant-drops-organic-clicks-featured-snippets-276927", "row": 0, "column": 24, "tagName": "table", "time": 15023.899654, "url": "", "pos": 24, "chunkLen": 66, "isStartTag": 0}}
06-28 12:45:57.179 16558 16571 E WProf.db: {"WprofHTMLTag": {"code": "0x9cef8ea0", "doc": "http://searchengineland.com/yet-another-study-shows-significant-drops-organic-clicks-featured-snippets-276927", "row": 0, "column": 37, "tagName": "a", "time": 15023.899734, "url": "", "pos": 37, "chunkLen": 66, "isStartTag": 1}}
06-28 12:45:57.180 16558 16571 E WProf.db: {"WprofHTMLTag": {"code": "0x9cef8ed0", "doc": "http://searchengineland.com/yet-another-study-shows-significant-drops-organic-clicks-featured-snippets-276927", "row": 0, "column": 42, "tagName": "a", "time": 15023.899939, "url": "", "pos": 42, "chunkLen": 66, "isStartTag": 0}}
06-28 12:45:57.180 16558 16571 E WProf.db: {"WprofHTMLTag": {"code": "0x9cef8f00", "doc": "http://searchengineland.com/yet-another-study-shows-significant-drops-organic-clicks-featured-snippets-276927", "row": 0, "column": 66, "tagName": "input", "time": 15023.900139, "url": "", "pos": 66, "chunkLen": 66, "isStartTag": 1}}
06-28 12:45:57.180 16558 16571 E WProf.db: {"WprofHTMLTag": {"code": "0x9cef8f90", "doc": "http://searchengineland.com/yet-another-study-shows-significant-drops-organic-clicks-featured-snippets-276927", "row": 0, "column": 9, "tagName": "link", "time": 15023.902572, "url": "", "pos": 9, "chunkLen": 66, "isStartTag": 1}}
06-28 12:45:57.180 16558 16571 E WProf.db: {"WprofHTMLTag": {"code": "0x9cef8fc0", "doc": "http://searchengineland.com/yet-another-study-shows-significant-drops-organic-clicks-featured-snippets-276927", "row": 0, "column": 16, "tagName": "table", "time": 15023.902685, "url": "", "pos": 16, "chunkLen": 66, "isStartTag": 1}}
06-28 12:45:57.180 16558 16571 E WProf.db: {"WprofHTMLTag": {"code": "0x9cef8ff0", "doc": "http://searchengineland.com/yet-another-study-shows-significant-drops-organic-clicks-featured-snippets-276927", "row": 0, "column": 24, "tagName": "table", "time": 15023.902764, "url": "", "pos": 24, "chunkLen": 66, "isStartTag": 0}}
06-28 12:45:57.180 16558 16571 E WProf.db: {"WprofHTMLTag": {"code": "0x9cef9020", "doc": "http://searchengineland.com/yet-another-study-shows-significant-drops-organic-clicks-featured-snippets-276927", "row": 0, "column": 37, "tagName": "a", "time": 15023.902838, "url": "", "pos": 37, "chunkLen": 66, "isStartTag": 1}}
