--------- beginning of main
06-28 10:22:40.481  3449  3449 E Finsky  : [1] com.google.android.finsky.wear.bl.a(3): onConnectionFailed: ConnectionResult{statusCode=API_UNAVAILABLE, resolution=null, message=null}
--------- beginning of system
06-28 10:22:41.697 30159 30159 E chromium: [ERROR:shell_integration_android.cc(12)] Not implemented reached in static ShellIntegration::DefaultWebClientSetPermission ShellIntegration::CanSetAsDefaultBrowser()
06-28 10:22:41.701 30159 30159 E chromium: [ERROR:browser_process_impl.cc(720)] Not implemented reached in virtual BackgroundModeManager* BrowserProcessImpl::background_mode_manager()
06-28 10:22:44.385 30159 30206 E chromium: [ERROR:gles2_cmd_decoder.cc(3852)] [.ChromiumCompositor-0xacbb2fc0]GL ERROR :GL_INVALID_ENUM : glDiscardFramebufferEXT: attachments was GL_COLOR_EXT
06-28 10:22:44.633 30227 30240 E WPROF   : {"CSS": {"url": "http://searchengineland.com/figz/wp-content/themes/searchengineland/css/searchengineland-bootstrap.css", "requestTime": 6441.688963}}
06-28 10:22:44.634 30227 30240 E WPROF   : {"CSS": {"url": "http://fonts.googleapis.com/css?family=Oswald:300,400,700", "requestTime": 6441.689636}}
06-28 10:22:44.635 30227 30240 E WPROF   : {"CSS": {"url": "http://searchengineland.com/figz/wp-content/themes/searchengineland/style.css", "requestTime": 6441.690271}}
06-28 10:22:44.639 30227 30240 E WPROF   : {"Javascript": {"url": "http://searchengineland.com/figz/wp-content/themes/searchengineland/js/lib/modernizr.custom.js?ver=1.0", "requestTime": 6441.694892}}
06-28 10:22:44.640 30227 30240 E WPROF   : {"Javascript": {"url": "http://searchengineland.com/figz/wp-content/themes/searchengineland/js/lib/jquery-1.11.0.min.js?ver=1.11.0", "requestTime": 6441.695502}}
06-28 10:22:44.640 30227 30240 E WPROF   : {"Javascript": {"url": "http://searchengineland.com/figz/wp-content/themes/searchengineland/js/lib/jquery-ui-1.10.3.custom.min.js?ver=1.10.3", "requestTime": 6441.695952}}
06-28 10:22:44.641 30227 30240 E WPROF   : {"Javascript": {"url": "http://searchengineland.com/figz/wp-content/themes/searchengineland/js/lib/jquery.ba-throttle-debounce.min.js?ver=1.1", "requestTime": 6441.696393}}
06-28 10:22:44.641 30227 30240 E WPROF   : {"Javascript": {"url": "http://searchengineland.com/figz/wp-content/themes/searchengineland/js/lib/jquery.countdown.min.js?ver=2.0.4", "requestTime": 6441.696828}}
06-28 10:22:44.642 30227 30240 E WPROF   : {"Javascript": {"url": "http://static.chartbeat.com/js/chartbeat_mab.js", "requestTime": 6441.697300}}
06-28 10:22:45.188 30227 30240 E WPROF   : {"Javascript": {"url": "http://searchengineland.com/figz/wp-includes/js/wp-emoji-release.min.js?ver=4.7.5", "requestTime": 6442.243884}}
06-28 10:22:45.517 30227 30240 E WPROF   : {"Javascript": {"url": "http://www.googletagservices.com/tag/js/gpt.js", "requestTime": 6442.572568}}
06-28 10:22:45.525 30227 30240 E WPROF   : {"Javascript": {"url": "https://www.google-analytics.com/analytics.js", "requestTime": 6442.580828}}
06-28 10:22:45.530 30227 30240 E WPROF   : {"Javascript": {"url": "http://edge.quantserve.com/quant.js", "requestTime": 6442.585235}}
06-28 10:22:45.534 30227 30240 E WPROF   : {"Javascript": {"url": "https://connect.facebook.net/en_US/fbevents.js", "requestTime": 6442.589587}}
06-28 10:22:45.609 30159 30206 E chromium: [ERROR:gles2_cmd_decoder.cc(3852)] [.ChromiumCompositor-0xacbb2fc0]GL ERROR :GL_INVALID_ENUM : glDiscardFramebufferEXT: attachments was GL_COLOR_EXT
06-28 10:22:45.644 30227 30240 E WPROF   : {"Javascript": {"url": "http://app-sj02.marketo.com/js/forms2/js/forms2.min.js", "requestTime": 6442.700213}}
06-28 10:22:45.737 30159 30206 E chromium: [ERROR:gles2_cmd_decoder.cc(3852)] [.ChromiumCompositor-0xacbb2fc0]GL ERROR :GL_INVALID_ENUM : glDiscardFramebufferEXT: attachments was GL_COLOR_EXT
06-28 10:22:45.779 30227 30240 E WPROF   : {"Javascript": {"url": "https://connect.facebook.net/signals/config/423979991297359?v=2.7.17", "requestTime": 6442.834602}}
06-28 10:22:45.959 30227 30240 E WPROF   : {"Javascript": {"url": "http://app-sj02.marketo.com/index.php/form/getForm?munchkinId=727-ZQE-044&form=5691&url=http%3A%2F%2Fsearchengineland.com%2Fzaha-hadid-google-doodle-honors-first-woman-win-pritzker-architecture-prize-276027&callback=jQuery110206371543202549219_1498612965873&_=1498612965874", "requestTime": 6443.014311}}
06-28 10:22:45.976 30227 30240 E WPROF   : {"Javascript": {"url": "http://app-sj02.marketo.com/index.php/form/getForm?munchkinId=727-ZQE-044&form=5685&url=http%3A%2F%2Fsearchengineland.com%2Fzaha-hadid-google-doodle-honors-first-woman-win-pritzker-architecture-prize-276027&callback=jQuery110206371543202549219_1498612965875&_=1498612965876", "requestTime": 6443.032005}}
06-28 10:22:46.062 30227 30240 E WPROF   : {"Javascript": {"url": "https://securepubads.g.doubleclick.net/gpt/pubads_impl_121.js", "requestTime": 6443.117518}}
06-28 10:22:46.293 30227 30240 E WPROF   : {"Javascript": {"url": "http://app-sj02.marketo.com/index.php/form/getForm?munchkinId=727-ZQE-044&form=5673&url=http%3A%2F%2Fsearchengineland.com%2Fzaha-hadid-google-doodle-honors-first-woman-win-pritzker-architecture-prize-276027&callback=jQuery110206371543202549219_1498612965877&_=1498612965878", "requestTime": 6443.348225}}
06-28 10:22:46.304 30227 30240 E WPROF   : {"Javascript": {"url": "http://searchengineland.com/js/ga_social_tracking.js", "requestTime": 6443.359607}}
06-28 10:22:46.305 30227 30240 E WPROF   : {"Javascript": {"url": "http://s7.addthis.com/js/300/addthis_widget.js#pubid=ra-53e918f660794f37", "requestTime": 6443.360426}}
06-28 10:22:46.344 30159 30206 E chromium: [ERROR:gles2_cmd_decoder.cc(3852)] [.ChromiumCompositor-0xacbb2fc0]GL ERROR :GL_INVALID_ENUM : glDiscardFramebufferEXT: attachments was GL_COLOR_EXT
06-28 10:22:46.679 30227 30240 E WPROF   : {"Javascript": {"url": "http://cdn.api.twitter.com/1/users/show.json?screen_name=AmyGesenhues&callback=twttr.setFollowersCount", "requestTime": 6443.734609}}
06-28 10:22:46.757 30227 30240 E WPROF   : {"CSS": {"url": "http://app-sj02.marketo.com/js/forms2/css/forms2.css", "requestTime": 6443.812528}}
06-28 10:22:46.759 30227 30240 E WPROF   : {"CSS": {"url": "http://app-sj02.marketo.com/js/forms2/css/forms2-theme-simple.css", "requestTime": 6443.815089}}
06-28 10:22:46.784 30159 30206 E chromium: [ERROR:gles2_cmd_decoder.cc(3852)] [.ChromiumCompositor-0xacbb2fc0]GL ERROR :GL_INVALID_ENUM : glDiscardFramebufferEXT: attachments was GL_COLOR_EXT
06-28 10:22:47.467 30227 30240 E WPROF   : {"Javascript": {"url": "https://securepubads.g.doubleclick.net/gampad/ads?gdfp_req=1&correlator=3915135463718912&output=json_html&callback=googletag.impl.pubads.callbackProxy1&impl=fifs&json_a=1&eid=108809080%2C21060130%2C108809148%2C108809107&sc=0&sfv=1-0-9&iu_parts=1038259%2Csel-ciu-1%2Csel-ciu-2%2Csel-ciu-3%2Csel-ciu-4%", "requestTime": 6444.522166}}
06-28 10:22:47.508 30227 30240 E WPROF   : {"Javascript": {"url": "https://static.xx.fbcdn.net/rsrc.php/v3iy6L4/yk/l/ko_KR/be4fIjHRc8P.js", "requestTime": 6444.564000}}
06-28 10:22:47.700 30159 30206 E chromium: [ERROR:gles2_cmd_decoder.cc(3852)] [.ChromiumCompositor-0xacbb2fc0]GL ERROR :GL_INVALID_ENUM : glDiscardFramebufferEXT: attachments was GL_COLOR_EXT
06-28 10:22:48.078 30227 30240 E WPROF   : {"Javascript": {"url": "http://platform.twitter.com/widgets.js", "requestTime": 6445.133336}}
06-28 10:22:48.081 30227 30240 E WPROF   : {"Javascript": {"url": "http://connect.facebook.net/en_US/sdk.js", "requestTime": 6445.136255}}
06-28 10:22:48.084 30227 30240 E WPROF   : {"Javascript": {"url": "https://apis.google.com/js/platform.js", "requestTime": 6445.139587}}
06-28 10:22:48.103 30227 30240 E WPROF   : {"Javascript": {"url": "http://rules.quantcount.com/rules-p-5aGizvD82d9hk.js", "requestTime": 6445.158448}}
06-28 10:22:48.109 30227 30240 E WPROF   : {"Javascript": {"url": "http://munchkin.marketo.net/munchkin.js", "requestTime": 6445.164409}}
06-28 10:22:48.300 30227 30240 E WPROF   : {"Javascript": {"url": "http://d2j3qa5nc37287.cloudfront.net/coupon_code1.js", "requestTime": 6445.355840}}
06-28 10:22:48.304 30227 30240 E WPROF   : {"Javascript": {"url": "http://www.googleadservices.com/pagead/conversion.js", "requestTime": 6445.359789}}
06-28 10:22:48.305 30227 30240 E WPROF   : {"Javascript": {"url": "http://searchengineland.com/figz/wp-content/themes/searchengineland/js/script.js?ver=1.0", "requestTime": 6445.360689}}
06-28 10:22:48.307 30227 30240 E WPROF   : {"Javascript": {"url": "http://searchengineland.com/figz/wp-includes/js/wp-embed.min.js?ver=4.7.5", "requestTime": 6445.362559}}
06-28 10:22:48.308 30227 30240 E WPROF   : {"Javascript": {"url": "http://searchengineland.com/figz/wp-content/themes/searchengineland/js/modules/sharing_controls.js", "requestTime": 6445.363561}}
06-28 10:22:48.333 30227 30240 E WPROF   : {"CSS": {"url": "https://www.youtube.com/yts/cssbin/www-embed-player-sprite-mode-vfl5G4Xm8.css", "requestTime": 6445.388529}}
06-28 10:22:48.340 30227 30240 E WPROF   : {"Javascript": {"url": "https://www.youtube.com/yts/jsbin/www-embed-player-vfl_UY_j8/www-embed-player.js", "requestTime": 6445.395888}}
06-28 10:22:48.341 30227 30240 E WPROF   : {"Javascript": {"url": "https://www.youtube.com/yts/jsbin/player-vflo1w4O-/ko_KR/base.js", "requestTime": 6445.396773}}
06-28 10:22:48.353 30159 30206 E chromium: [ERROR:gles2_cmd_decoder.cc(3852)] [.ChromiumCompositor-0xacbb2fc0]GL ERROR :GL_INVALID_ENUM : glDiscardFramebufferEXT: attachments was GL_COLOR_EXT
06-28 10:22:49.314  2135 27640 E SQLiteCastStore: End saving paired guest mode devices
06-28 10:22:49.317 30227 30240 E WPROF   : {"Javascript": {"url": "http://m.addthisedge.com/live/boost/ra-53e918f660794f37/_ate.track.config_resp", "requestTime": 6446.372533}}
06-28 10:22:49.380 30227 30240 E WPROF   : {"Javascript": {"url": "http://m.addthis.com/live/red_lojson/300lo.json?si=595304e74902a819&bkl=0&bl=1&pdt=1997&sid=595304e74902a819&pub=ra-53e918f660794f37&rev=v7.15.4-wp&ln=ko&pc=men&cb=0&ab=-&dp=searchengineland.com&fp=zaha-hadid-google-doodle-honors-first-woman-win-pritzker-architecture-prize-276027&fr=&of=0&pd=0&irt=0", "requestTime": 6446.435300}}
06-28 10:22:49.443 30227 30240 E WPROF   : {"Javascript": {"url": "http://dnn506yrbagrg.cloudfront.net/pages/scripts/0026/4062.js?416281", "requestTime": 6446.498498}}
06-28 10:22:49.502 30159 30206 E chromium: [ERROR:gles2_cmd_decoder.cc(3852)] [.ChromiumCompositor-0xacbb2fc0]GL ERROR :GL_INVALID_ENUM : glDiscardFramebufferEXT: attachments was GL_COLOR_EXT
06-28 10:22:49.781 30159 30206 E chromium: [ERROR:gles2_cmd_decoder.cc(3852)] [.ChromiumCompositor-0xacbb2fc0]GL ERROR :GL_INVALID_ENUM : glDiscardFramebufferEXT: attachments was GL_COLOR_EXT
06-28 10:22:50.703 30227 30240 E WPROF   : {"Javascript": {"url": "https://www.google.com/js/bg/KWBfAnWFESAEEaKKgdYlTHY9ysQaNoQuzeMFqvxDSM8.js", "requestTime": 6447.759116}}
06-28 10:22:50.706 30227 30240 E WPROF   : {"Javascript": {"url": "https://static.doubleclick.net/instream/ad_status.js", "requestTime": 6447.761919}}
06-28 10:22:50.885 30159 30206 E chromium: [ERROR:gles2_cmd_decoder.cc(3852)] [.ChromiumCompositor-0xacbb2fc0]GL ERROR :GL_INVALID_ENUM : glDiscardFramebufferEXT: attachments was GL_COLOR_EXT
06-28 10:22:51.509 30159 30206 E chromium: [ERROR:gles2_cmd_decoder.cc(3852)] [.ChromiumCompositor-0xacbb2fc0]GL ERROR :GL_INVALID_ENUM : glDiscardFramebufferEXT: attachments was GL_COLOR_EXT
06-28 10:22:51.679 30159 30206 E chromium: [ERROR:gles2_cmd_decoder.cc(3852)] [.ChromiumCompositor-0xacbb2fc0]GL ERROR :GL_INVALID_ENUM : glDiscardFramebufferEXT: attachments was GL_COLOR_EXT
06-28 10:22:52.469 30227 30240 E WPROF   : {"Javascript": {"url": "https://tpc.googlesyndication.com/pagead/js/r20170619/r20110914/client/ext/m_window_focus_non_hydra.js", "requestTime": 6449.524619}}
06-28 10:22:52.470 30227 30240 E WPROF   : {"Javascript": {"url": "https://tpc.googlesyndication.com/pagead/js/r20170619/r20110914/activeview/osd_listener.js", "requestTime": 6449.526209}}
06-28 10:22:52.475 30227 30240 E WPROF   : {"Javascript": {"url": "http://pagead2.googlesyndication.com/pagead/osd.js", "requestTime": 6449.530253}}
06-28 10:22:52.774 30227 30240 E WPROF   : {"Javascript": {"url": "https://platform.twitter.com/js/button.b731e6c82269f70f6fc53634e044a4c6.js", "requestTime": 6449.829339}}
06-28 10:22:52.780 30227 30240 E WPROF   : {"Javascript": {"url": "http://munchkin.marketo.net/151/munchkin.js", "requestTime": 6449.836124}}
06-28 10:22:52.790 30227 30240 E WPROF   : {"Javascript": {"url": "http://www.justuno.com/ajax/account_version_check.html?id=828FA275-FF73-401E-AA39-40F5A6FAB6B1", "requestTime": 6449.845551}}
06-28 10:22:53.025 30227 30240 E WPROF   : {"Javascript": {"url": "http://s7.addthis.com/static/layers.4acb6c577b51939661ec.js", "requestTime": 6450.081067}}
06-28 10:22:53.100 30159 30206 E chromium: [ERROR:gles2_cmd_decoder.cc(3852)] [.ChromiumCompositor-0xacbb2fc0]GL ERROR :GL_INVALID_ENUM : glDiscardFramebufferEXT: attachments was GL_COLOR_EXT
06-28 10:22:53.338 30159 30206 E chromium: [ERROR:gles2_cmd_decoder.cc(3852)] [.ChromiumCompositor-0xacbb2fc0]GL ERROR :GL_INVALID_ENUM : glDiscardFramebufferEXT: attachments was GL_COLOR_EXT
06-28 10:22:53.509 30159 30206 E chromium: [ERROR:gles2_cmd_decoder.cc(3852)] [.ChromiumCompositor-0xacbb2fc0]GL ERROR :GL_INVALID_ENUM : glDiscardFramebufferEXT: attachments was GL_COLOR_EXT
06-28 10:22:53.587 30159 30206 E chromium: [ERROR:gles2_cmd_decoder.cc(3852)] [.ChromiumCompositor-0xacbb2fc0]GL ERROR :GL_INVALID_ENUM : glDiscardFramebufferEXT: attachments was GL_COLOR_EXT
06-28 10:22:53.638 30159 30206 E chromium: [ERROR:gles2_cmd_decoder.cc(3852)] [.ChromiumCompositor-0xacbb2fc0]GL ERROR :GL_INVALID_ENUM : glDiscardFramebufferEXT: attachments was GL_COLOR_EXT
06-28 10:22:53.730 30227 30240 E WPROF   : {"Javascript": {"url": "https://app-sj02.marketo.com/js/forms2/js/forms2.min.js", "requestTime": 6450.785623}}
06-28 10:22:56.057 30227 30240 E WPROF   : {"Javascript": {"url": "http://cdn.justuno.com/mwgt_3.6.js", "requestTime": 6453.112604}}
06-28 10:22:56.350 30159 30206 E chromium: [ERROR:gles2_cmd_decoder.cc(3852)] [.ChromiumCompositor-0xacbb2fc0]GL ERROR :GL_INVALID_ENUM : glDiscardFramebufferEXT: attachments was GL_COLOR_EXT
06-28 10:22:57.060 30159 30206 E chromium: [ERROR:gles2_cmd_decoder.cc(3852)] [.ChromiumCompositor-0xacbb2fc0]GL ERROR :GL_INVALID_ENUM : glDiscardFramebufferEXT: attachments was GL_COLOR_EXT
06-28 10:22:57.115 30159 30206 E chromium: [ERROR:gles2_cmd_decoder.cc(3852)] [.ChromiumCompositor-0xacbb2fc0]GL ERROR :GL_INVALID_ENUM : glDiscardFramebufferEXT: attachments was GL_COLOR_EXT
06-28 10:22:57.248 30227 30240 E WPROF   : {"Javascript": {"url": "https://cdn.syndication.twimg.com/widgets/followbutton/info.json?callback=__twttr.setFollowersCountAndFollowing&lang=en&screen_names=sengineland", "requestTime": 6454.303884}}
06-28 10:22:57.661 30159 30206 E chromium: [ERROR:gles2_cmd_decoder.cc(3852)] [.ChromiumCompositor-0xacbb2fc0]GL ERROR :GL_INVALID_ENUM : glDiscardFramebufferEXT: attachments was GL_COLOR_EXT
06-28 10:22:57.691 30227 30240 E WProf.db: {"page": "searchengineland.com_zaha-hadid-google-doodle-honors-first-woman-win-pritzker-architecture-prize-276027"}
06-28 10:22:57.691 30227 30240 E WProf.db: {"DOMLoad": 6454.746585}
06-28 10:22:57.691 30227 30240 E WProf.db: {"Resource": {"id": 1, "url": "http://searchengineland.com/zaha-hadid-google-doodle-honors-first-woman-win-pritzker-architecture-prize-276027", "sentTime": -1.000000, "len": 90731, "from": "0x0", "mimeType": "text/html", "contentLength": -1, "httpStatus": 200, "connId": 19, "connReused": 1, "cached": 0,"requestTime": 6441.368676, "proxyStart": -1, "proxyEnd": -1, "dnsStart": -1, "dnsEnd": -1, "connectStart": 0, "connectEnd": 63, "sendStart": 63, "sendEnd": 63, "receiveHeadersEnd": 218, "sslStart": -1, "sslEnd": -1}}
06-28 10:22:57.691 30227 30240 E WProf.db: {"ReceivedChunk": {"receivedTime": 6441.602360, "len": 12511}}
06-28 10:22:57.691 30227 30240 E WProf.db: {"ReceivedChunk": {"receivedTime": 6441.679658, "len": 32768}}
06-28 10:22:57.691 30227 30240 E WProf.db: {"ReceivedChunk": {"receivedTime": 6441.679996, "len": 26782}}
06-28 10:22:57.691 30227 30240 E WProf.db: {"ReceivedChunk": {"receivedTime": 6441.756037, "len": 14335}}
06-28 10:22:57.691 30227 30240 E WProf.db: {"ReceivedChunk": {"receivedTime": 6441.756397, "len": 4335}}
06-28 10:22:57.691 30227 30240 E WProf.db: {"WprofHTMLTag": {"code": "0xaedd5630", "doc": "http://searchengineland.com/zaha-hadid-google-doodle-honors-first-woman-win-pritzker-architecture-prize-276027", "row": 6, "column": 42, "tagName": "html", "time": 6441.683393, "url": "", "pos": 1, "chunkLen": 1, "isStartTag": 1}}
06-28 10:22:57.691 30227 30240 E WProf.db: {"WprofHTMLTag": {"code": "0xaf0477f0", "doc": "http://searchengineland.com/zaha-hadid-google-doodle-honors-first-woman-win-pritzker-architecture-prize-276027", "row": 7, "column": 6, "tagName": "head", "time": 6441.683845, "url": "", "pos": 1, "chunkLen": 1, "isStartTag": 1}}
06-28 10:22:57.691 30227 30240 E WProf.db: {"WprofHTMLTag": {"code": "0xaf047820", "doc": "http://searchengineland.com/zaha-hadid-google-doodle-honors-first-woman-win-pritzker-architecture-prize-276027", "row": 8, "column": 54, "tagName": "meta", "time": 6441.683892, "url": "", "pos": 1, "chunkLen": 1, "isStartTag": 1}}
06-28 10:22:57.691 30227 30240 E WProf.db: {"WprofHTMLTag": {"code": "0xaf047850", "doc": "http://searchengineland.com/zaha-hadid-google-doodle-honors-first-woman-win-pritzker-architecture-prize-276027", "row": 9, "column": 68, "tagName": "meta", "time": 6441.684046, "url": "", "pos": 1, "chunkLen": 1, "isStartTag": 1}}
06-28 10:22:57.692 30227 30240 E WProf.db: {"WprofHTMLTag": {"code": "0xaf047880", "doc": "http://searchengineland.com/zaha-hadid-google-doodle-honors-first-woman-win-pritzker-architecture-prize-276027", "row": 10, "column": 23, "tagName": "meta", "time": 6441.684159, "url": "", "pos": 1, "chunkLen": 1, "isStartTag": 1}}
06-28 10:22:57.692 30227 30240 E WProf.db: {"WprofHTMLTag": {"code": "0xaf0478b0", "doc": "http://searchengineland.com/zaha-hadid-google-doodle-honors-first-woman-win-pritzker-architecture-prize-276027", "row": 11, "column": 52, "tagName": "meta", "time": 6441.684303, "url": "", "pos": 1, "chunkLen": 1, "isStartTag": 1}}
06-28 10:22:57.692 30227 30240 E WProf.db: {"WprofHTMLTag": {"code": "0xaf0478e0", "doc": "http://searchengineland.com/zaha-hadid-google-doodle-honors-first-woman-win-pritzker-architecture-prize-276027", "row": 14, "column": 56, "tagName": "meta", "time": 6441.684523, "url": "", "pos": 1, "chunkLen": 1, "isStartTag": 1}}
06-28 10:22:57.692 30227 30240 E WProf.db: {"WprofHTMLTag": {"code": "0xaf047910", "doc": "http://searchengineland.com/zaha-hadid-google-doodle-honors-first-woman-win-pritzker-architecture-prize-276027", "row": 15, "column": 83, "tagName": "meta", "time": 6441.684634, "url": "", "pos": 1, "chunkLen": 1, "isStartTag": 1}}
06-28 10:22:57.692 30227 30240 E WProf.db: {"WprofHTMLTag": {"code": "0xaf047940", "doc": "http://searchengineland.com/zaha-hadid-google-doodle-honors-first-woman-win-pritzker-architecture-prize-276027", "row": 16, "column": 57, "tagName": "meta", "time": 6441.684749, "url": "", "pos": 1, "chunkLen": 1, "isStartTag": 1}}
06-28 10:22:57.692 30227 30240 E WProf.db: {"WprofHTMLTag": {"code": "0xaf0479d0", "doc": "http://searchengineland.com/zaha-hadid-google-doodle-honors-first-woman-win-pritzker-architecture-prize-276027", "row": 17, "column": 41, "tagName": "meta", "time": 6441.684867, "url": "", "pos": 1, "chunkLen": 1, "isStartTag": 1}}
06-28 10:22:57.692 30227 30240 E WProf.db: {"WprofHTMLTag": {"code": "0xaf047a00", "doc": "http://searchengineland.com/zaha-hadid-google-doodle-honors-first-woman-win-pritzker-architecture-prize-276027", "row": 18, "column": 50, "tagName": "meta", "time": 6441.684977, "url": "", "pos": 1, "chunkLen": 1, "isStartTag": 1}}
06-28 10:22:57.692 30227 30240 E WProf.db: {"WprofHTMLTag": {"code": "0xaf047a30", "doc": "http://searchengineland.com/zaha-hadid-google-doodle-honors-first-woman-win-pritzker-architecture-prize-276027", "row": 19, "column": 174, "tagName": "meta", "time": 6441.685087, "url": "", "pos": 1, "chunkLen": 1, "isStartTag": 1}}
06-28 10:22:57.692 30227 30240 E WProf.db: {"WprofHTMLTag": {"code": "0xaf0479a0", "doc": "http://searchengineland.com/zaha-hadid-google-doodle-honors-first-woman-win-pritzker-architecture-prize-276027", "row": 20, "column": 47, "tagName": "meta", "time": 6441.685196, "url": "", "pos": 1, "chunkLen": 1, "isStartTag": 1}}
06-28 10:22:57.692 30227 30240 E WProf.db: {"WprofHTMLTag": {"code": "0xaf047970", "doc": "http://searchengineland.com/zaha-hadid-google-doodle-honors-first-woman-win-pritzker-architecture-prize-276027", "row": 21, "column": 67, "tagName": "meta", "time": 6441.685301, "url": "", "pos": 1, "chunkLen": 1, "isStartTag": 1}}
06-28 10:22:57.693 30227 30240 E WProf.db: {"WprofHTMLTag": {"code": "0xaf047a60", "doc": "http://searchengineland.com/zaha-hadid-google-doodle-honors-first-woman-win-pritzker-architecture-prize-276027", "row": 22, "column": 57, "tagName": "meta", "time": 6441.685407, "url": "", "pos": 1, "chunkLen": 1, "isStartTag": 1}}
06-28 10:22:57.693 30227 30240 E WProf.db: {"WprofHTMLTag": {"code": "0xaf047a90", "doc": "http://searchengineland.com/zaha-hadid-google-doodle-honors-first-woman-win-pritzker-architecture-prize-276027", "row": 23, "column": 65, "tagName": "meta", "time": 6441.685520, "url": "", "pos": 1, "chunkLen": 1, "isStartTag": 1}}
06-28 10:22:57.693 30227 30240 E WProf.db: {"WprofHTMLTag": {"code": "0xaf047ac0", "doc": "http://searchengineland.com/zaha-hadid-google-doodle-honors-first-woman-win-pritzker-architecture-prize-276027", "row": 24, "column": 55, "tagName": "meta", "time": 6441.685633, "url": "", "pos": 1, "chunkLen": 1, "isStartTag": 1}}
06-28 10:22:57.693 30227 30240 E WProf.db: {"WprofHTMLTag": {"code": "0xaf047af0", "doc": "http://searchengineland.com/zaha-hadid-google-doodle-honors-first-woman-win-pritzker-architecture-prize-276027", "row": 25, "column": 71, "tagName": "meta", "time": 6441.685744, "url": "", "pos": 1, "chunkLen": 1, "isStartTag": 1}}
06-28 10:22:57.693 30227 30240 E WProf.db: {"WprofHTMLTag": {"code": "0xaf047b20", "doc": "http://searchengineland.com/zaha-hadid-google-doodle-honors-first-woman-win-pritzker-architecture-prize-276027", "row": 26, "column": 86, "tagName": "meta", "time": 6441.685853, "url": "", "pos": 1, "chunkLen": 1, "isStartTag": 1}}
06-28 10:22:57.693 30227 30240 E WProf.db: {"WprofHTMLTag": {"code": "0xaf047b50", "doc": "http://searchengineland.com/zaha-hadid-google-doodle-honors-first-woman-win-pritzker-architecture-prize-276027", "row": 27, "column": 54, "tagName": "meta", "time": 6441.685964, "url": "", "pos": 1, "chunkLen": 1, "isStartTag": 1}}
06-28 10:22:57.693 30227 30240 E WProf.db: {"WprofHTMLTag": {"code": "0xaf047b80", "doc": "http://searchengineland.com/zaha-hadid-google-doodle-honors-first-woman-win-pritzker-architecture-prize-276027", "row": 29, "column": 39, "tagName": "meta", "time": 6441.686070, "url": "", "pos": 1, "chunkLen": 1, "isStartTag": 1}}
06-28 10:22:57.693 30227 30240 E WProf.db: {"WprofHTMLTag": {"code": "0xaf047bb0", "doc": "http://searchengineland.com/zaha-hadid-google-doodle-honors-first-woman-win-pritzker-architecture-prize-276027", "row": 30, "column": 133, "tagName": "meta", "time": 6441.686181, "url": "", "pos": 1, "chunkLen": 1, "isStartTag": 1}}
06-28 10:22:57.693 30227 30240 E WProf.db: {"WprofHTMLTag": {"code": "0xaf047be0", "doc": "http://searchengineland.com/zaha-hadid-google-doodle-honors-first-woman-win-pritzker-architecture-prize-276027", "row": 31, "column": 55, "tagName": "meta", "time": 6441.686293, "url": "", "pos": 1, "chunkLen": 1, "isStartTag": 1}}
06-28 10:22:57.693 30227 30240 E WProf.db: {"WprofHTMLTag": {"code": "0xaf047c10", "doc": "http://searchengineland.com/zaha-hadid-google-doodle-honors-first-woman-win-pritzker-architecture-prize-276027", "row": 32, "column": 54, "tagName": "meta", "time": 6441.686402, "url": "", "pos": 1, "chunkLen": 1, "isStartTag": 1}}
06-28 10:22:57.693 30227 30240 E WProf.db: {"WprofHTMLTag": {"code": "0xaf047c40", "doc": "http://searchengineland.com/zaha-hadid-google-doodle-honors-first-woman-win-pritzker-architecture-prize-276027", "row": 33, "column": 126, "tagName": "meta", "time": 6441.686512, "url": "", "pos": 1, "chunkLen": 1, "isStartTag": 1}}
06-28 10:22:57.693 30227 30240 E WProf.db: {"WprofHTMLTag": {"code": "0xaf047c70", "doc": "http://searchengineland.com/zaha-hadid-google-doodle-honors-first-woman-win-pritzker-architecture-prize-276027", "row": 37, "column": 36, "tagName": "script", "time": 6441.686622, "url": "", "pos": 1, "chunkLen": 1, "isStartTag": 1}}
06-28 10:22:57.693 30227 30240 E WProf.db: {"WprofHTMLTag": {"code": "0xaf047ca0", "doc": "http://searchengineland.com/zaha-hadid-google-doodle-honors-first-woman-win-pritzker-architecture-prize-276027", "row": 53, "column": 10, "tagName": "script", "time": 6441.686926, "url": "", "pos": 1, "chunkLen": 1, "isStartTag": 0}}
06-28 10:22:57.694 30227 30240 E WProf.db: {"WprofHTMLTag": {"code": "0xaedd5660", "doc": "http://searchengineland.com/zaha-hadid-google-doodle-honors-first-woman-win-pritzker-architecture-prize-276027", "row": 55, "column": 86, "tagName": "link", "time": 6441.687587, "url": "http://searchengineland.com/apple-touch-icon.png", "pos": 1, "chunkLen": 1, "isStartTag": 1}}
06-28 10:22:57.694 30227 30240 E WProf.db: {"WprofHTMLTag": {"code": "0xaf047cd0", "doc": "http://searchengineland.com/zaha-hadid-google-doodle-honors-first-woman-win-pritzker-architecture-prize-276027", "row": 56, "column": 76, "tagName": "link", "time": 6441.687903, "url": "http://searchengineland.com/favicon.ico", "pos": 1, "chunkLen": 1, "isStartTag": 1}}
06-28 10:22:57.694 30227 30240 E WProf.db: {"WprofHTMLTag": {"code": "0xaf047d00", "doc": "http://searchengineland.com/zaha-hadid-google-doodle-honors-first-woman-win-pritzker-architecture-prize-276027", "row": 57, "column": 158, "tagName": "link", "time": 6441.688101, "url": "http://feeds.searchengineland.com/searchengineland", "pos": 1, "chunkLen": 1, "isStartTag": 1}}
06-28 10:22:57.694 30227 30240 E WProf.db: {"WprofHTMLTag": {"code": "0xaf047d30", "doc": "http://searchengineland.com/zaha-hadid-google-doodle-honors-first-woman-win-pritzker-architecture-prize-276027", "row": 58, "column": 149, "tagName": "link", "time": 6441.688375, "url": "http://feeds.searchengineland.com/searchcap", "pos": 1, "chunkLen": 1, "isStartTag": 1}}
06-28 10:22:57.694 30227 30240 E WProf.db: {"WprofHTMLTag": {"code": "0xaf047d60", "doc": "http://searchengineland.com/zaha-hadid-google-doodle-honors-first-woman-win-pritzker-architecture-prize-276027", "row": 59, "column": 150, "tagName": "link", "time": 6441.688658, "url": "http://searchengineland.com/figz/wp-content/themes/searchengineland/css/searchengineland-bootstrap.css", "pos": 1, "chunkLen": 1, "isStartTag": 1}}
06-28 10:22:57.694 30227 30240 E WProf.db: {"WprofHTMLTag": {"code": "0xaf047dc0", "doc": "http://searchengineland.com/zaha-hadid-google-doodle-honors-first-woman-win-pritzker-architecture-prize-276027", "row": 60, "column": 105, "tagName": "link", "time": 6441.689350, "url": "http://fonts.googleapis.com/css?family=Oswald:300,400,700", "pos": 1, "chunkLen": 1, "isStartTag": 1}}
06-28 10:22:57.694 30227 30240 E WProf.db: {"WprofHTMLTag": {"code": "0xaf047e20", "doc": "http://searchengineland.com/zaha-hadid-google-doodle-honors-first-woman-win-pritzker-architecture-prize-276027", "row": 61, "column": 125, "tagName": "link", "time": 6441.689913, "url": "http://searchengineland.com/figz/wp-content/themes/searchengineland/style.css", "pos": 1, "chunkLen": 1, "isStartTag": 1}}
06-28 10:22:57.694 30227 30240 E WProf.db: {"WprofHTMLTag": {"code": "0xaf047e80", "doc": "http://searchengineland.com/zaha-hadid-google-doodle-honors-first-woman-win-pritzker-architecture-prize-276027", "row": 65, "column": 7, "tagName": "title", "time": 6441.690555, "url": "", "pos": 1, "chunkLen": 1, "isStartTag": 1}}
06-28 10:22:57.694 30227 30240 E WProf.db: {"WprofHTMLTag": {"code": "0xaf047eb0", "doc": "http://searchengineland.com/zaha-hadid-google-doodle-honors-first-woman-win-pritzker-architecture-prize-276027", "row": 65, "column": 97, "tagName": "title", "time": 6441.690797, "url": "", "pos": 1, "chunkLen": 1, "isStartTag": 0}}
06-28 10:22:57.694 30227 30240 E WProf.db: {"WprofHTMLTag": {"code": "0xaf047ee0", "doc": "http://searchengineland.com/zaha-hadid-google-doodle-honors-first-woman-win-pritzker-architecture-prize-276027", "row": 66, "column": 129, "tagName": "meta", "time": 6441.690816, "url": "", "pos": 1, "chunkLen": 1, "isStartTag": 1}}
06-28 10:22:57.694 30227 30240 E WProf.db: {"WprofHTMLTag": {"code": "0xaf047f10", "doc": "http://searchengineland.com/zaha-hadid-google-doodle-honors-first-woman-win-pritzker-architecture-prize-276027", "row": 67, "column": 40, "tagName": "meta", "time": 6441.690944, "url": "", "pos": 1, "chunkLen": 1, "isStartTag": 1}}
06-28 10:22:57.694 30227 30240 E WProf.db: {"WprofHTMLTag": {"code": "0xaf047f40", "doc": "http://searchengineland.com/zaha-hadid-google-doodle-honors-first-woman-win-pritzker-architecture-prize-276027", "row": 68, "column": 152, "tagName": "meta", "time": 6441.691062, "url": "", "pos": 1, "chunkLen": 1, "isStartTag": 1}}
06-28 10:22:57.695 30227 30240 E WProf.db: {"WprofHTMLTag": {"code": "0xaf047f70", "doc": "http://searchengineland.com/zaha-hadid-google-doodle-honors-first-woman-win-pritzker-architecture-prize-276027", "row": 69, "column": 37, "tagName": "meta", "time": 6441.691173, "url": "", "pos": 1, "chunkLen": 1, "isStartTag": 1}}
06-28 10:22:57.695 30227 30240 E WProf.db: {"WprofHTMLTag": {"code": "0xaf047fa0", "doc": "http://searchengineland.com/zaha-hadid-google-doodle-honors-first-woman-win-pritzker-architecture-prize-276027", "row": 70, "column": 142, "tagName": "link", "time": 6441.691289, "url": "http://searchengineland.com/zaha-hadid-google-doodle-honors-first-woman-win-pritzker-architecture-prize-276027", "pos": 1, "chunkLen": 1, "isStartTag": 1}}
06-28 10:22:57.695 30227 30240 E WProf.db: {"WprofHTMLTag": {"code": "0xaf047fd0", "doc": "http://searchengineland.com/zaha-hadid-google-doodle-honors-first-woman-win-pritzker-architecture-prize-276027", "row": 71, "column": 76, "tagName": "link", "time": 6441.691497, "url": "https://plus.google.com/103218677032751327334", "pos": 1, "chunkLen": 1, "isStartTag": 1}}
06-28 10:22:57.695 30227 30240 E WProf.db: {"WprofHTMLTag": {"code": "0xb4cc74b0", "doc": "http://searchengineland.com/zaha-hadid-google-doodle-honors-first-woman-win-pritzker-architecture-prize-276027", "row": 72, "column": 45, "tagName": "meta", "time": 6441.691686, "url": "", "pos": 1, "chunkLen": 1, "isStartTag": 1}}
06-28 10:22:57.695 30227 30240 E WProf.db: {"WprofHTMLTag": {"code": "0xb4cc7540", "doc": "http://searchengineland.com/zaha-hadid-google-doodle-honors-first-woman-win-pritzker-architecture-prize-276027", "row": 73, "column": 45, "tagName": "meta", "time": 6441.691801, "url": "", "pos": 1, "chunkLen": 1, "isStartTag": 1}}
06-28 10:22:57.695 30227 30240 E WProf.db: {"WprofHTMLTag": {"code": "0xb4cc78a0", "doc": "http://searchengineland.com/zaha-hadid-google-doodle-honors-first-woman-win-pritzker-architecture-prize-276027", "row": 74, "column": 121, "tagName": "meta", "time": 6441.691914, "url": "", "pos": 1, "chunkLen": 1, "isStartTag": 1}}
06-28 10:22:57.695 30227 30240 E WProf.db: {"WprofHTMLTag": {"code": "0xb4cc78d0", "doc": "http://searchengineland.com/zaha-hadid-google-doodle-honors-first-woman-win-pritzker-architecture-prize-276027", "row": 75, "column": 137, "tagName": "meta", "time": 6441.692023, "url": "", "pos": 1, "chunkLen": 1, "isStartTag": 1}}
06-28 10:22:57.695 30227 30240 E WProf.db: {"WprofHTMLTag": {"code": "0xb4cc7900", "doc": "http://searchengineland.com/zaha-hadid-google-doodle-honors-first-woman-win-pritzker-architecture-prize-276027", "row": 76, "column": 147, "tagName": "meta", "time": 6441.692143, "url": "", "pos": 1, "chunkLen": 1, "isStartTag": 1}}
06-28 10:22:57.695 30227 30240 E WProf.db: {"WprofHTMLTag": {"code": "0xb4cc7930", "doc": "http://searchengineland.com/zaha-hadid-google-doodle-honors-first-woman-win-pritzker-architecture-prize-276027", "row": 77, "column": 61, "tagName": "meta", "time": 6441.692255, "url": "", "pos": 1, "chunkLen": 1, "isStartTag": 1}}
06-28 10:22:57.695 30227 30240 E WProf.db: {"WprofHTMLTag": {"code": "0xb4cc7960", "doc": "http://searchengineland.com/zaha-hadid-google-doodle-honors-first-woman-win-pritzker-architecture-prize-276027", "row": 78, "column": 89, "tagName": "meta", "time": 6441.692367, "url": "", "pos": 1, "chunkLen": 1, "isStartTag": 1}}
06-28 10:22:57.695 30227 30240 E WProf.db: {"WprofHTMLTag": {"code": "0xb4cc7990", "doc": "http://searchengineland.com/zaha-hadid-google-doodle-honors-first-woman-win-pritzker-architecture-prize-276027", "row": 79, "column": 63, "tagName": "meta", "time": 6441.692485, "url": "", "pos": 1, "chunkLen": 1, "isStartTag": 1}}
06-28 10:22:57.695 30227 30240 E WProf.db: {"WprofHTMLTag": {"code": "0xb4cc79c0", "doc": "http://searchengineland.com/zaha-hadid-google-doodle-honors-first-woman-win-pritzker-architecture-prize-276027", "row": 80, "column": 78, "tagName": "meta", "time": 6441.692598, "url": "", "pos": 1, "chunkLen": 1, "isStartTag": 1}}
06-28 10:22:57.695 30227 30240 E WProf.db: {"WprofHTMLTag": {"code": "0xb4cc79f0", "doc": "http://searchengineland.com/zaha-hadid-google-doodle-honors-first-woman-win-pritzker-architecture-prize-276027", "row": 81, "column": 120, "tagName": "meta", "time": 6441.692704, "url": "", "pos": 1, "chunkLen": 1, "isStartTag": 1}}
06-28 10:22:57.696 30227 30240 E WProf.db: {"WprofHTMLTag": {"code": "0xb4cc7a20", "doc": "http://searchengineland.com/zaha-hadid-google-doodle-honors-first-woman-win-pritzker-architecture-prize-276027", "row": 82, "column": 49, "tagName": "meta", "time": 6441.692817, "url": "", "pos": 1, "chunkLen": 1, "isStartTag": 1}}
06-28 10:22:57.696 30227 30240 E WProf.db: {"WprofHTMLTag": {"code": "0xb4cc7a50", "doc": "http://searchengineland.com/zaha-hadid-google-doodle-honors-first-woman-win-pritzker-architecture-prize-276027", "row": 83, "column": 50, "tagName": "meta", "time": 6441.692931, "url": "", "pos": 1, "chunkLen": 1, "isStartTag": 1}}
06-28 10:22:57.696 30227 30240 E WProf.db: {"WprofHTMLTag": {"code": "0xb4cc7a80", "doc": "http://searchengineland.com/zaha-hadid-google-doodle-honors-first-woman-win-pritzker-architecture-prize-276027", "row": 84, "column": 58, "tagName": "meta", "time": 6441.693045, "url": "", "pos": 1, "chunkLen": 1, "isStartTag": 1}}
06-28 10:22:57.696 30227 30240 E WProf.db: {"WprofHTMLTag": {"code": "0xb4cc7ab0", "doc": "http://searchengineland.com/zaha-hadid-google-doodle-honors-first-woman-win-pritzker-architecture-prize-276027", "row": 85, "column": 138, "tagName": "meta", "time": 6441.693159, "url": "", "pos": 1, "chunkLen": 1, "isStartTag": 1}}
06-28 10:22:57.696 30227 30240 E WProf.db: {"WprofHTMLTag": {"code": "0xb4cc7ae0", "doc": "http://searchengineland.com/zaha-hadid-google-doodle-honors-first-woman-win-pritzker-architecture-prize-276027", "row": 86, "column": 122, "tagName": "meta", "time": 6441.693277, "url": "", "pos": 1, "chunkLen": 1, "isStartTag": 1}}
06-28 10:22:57.696 30227 30240 E WProf.db: {"WprofHTMLTag": {"code": "0xb4cc7b10", "doc": "http://searchengineland.com/zaha-hadid-google-doodle-honors-first-woman-win-pritzker-architecture-prize-276027", "row": 87, "column": 51, "tagName": "meta", "time": 6441.693392, "url": "", "pos": 1, "chunkLen": 1, "isStartTag": 1}}
06-28 10:22:57.696 30227 30240 E WProf.db: {"WprofHTMLTag": {"code": "0xb4cc7b40", "doc": "http://searchengineland.com/zaha-hadid-google-doodle-honors-first-woman-win-pritzker-architecture-prize-276027", "row": 88, "column": 121, "tagName": "meta", "time": 6441.693505, "url": "", "pos": 1, "chunkLen": 1, "isStartTag": 1}}
06-28 10:22:57.696 30227 30240 E WProf.db: {"WprofHTMLTag": {"code": "0xb4cc7b70", "doc": "http://searchengineland.com/zaha-hadid-google-doodle-honors-first-woman-win-pritzker-architecture-prize-276027", "row": 89, "column": 55, "tagName": "meta", "time": 6441.693621, "url": "", "pos": 1, "chunkLen": 1, "isStartTag": 1}}
06-28 10:22:57.696 30227 30240 E WProf.db: {"WprofHTMLTag": {"code": "0xb4cc7ba0", "doc": "http://searchengineland.com/zaha-hadid-google-doodle-honors-first-woman-win-pritzker-architecture-prize-276027", "row": 92, "column": 44, "tagName": "link", "time": 6441.693751, "url": "http://s.w.org/", "pos": 1, "chunkLen": 1, "isStartTag": 1}}
06-28 10:22:57.696 30227 30240 E WProf.db: {"WprofHTMLTag": {"code": "0xb4cc7bd0", "doc": "http://searchengineland.com/zaha-hadid-google-doodle-honors-first-woman-win-pritzker-architecture-prize-276027", "row": 93, "column": 33, "tagName": "script", "time": 6441.693987, "url": "", "pos": 1, "chunkLen": 1, "isStartTag": 1}}
06-28 10:22:57.696 30227 30240 E WProf.db: {"WprofHTMLTag": {"code": "0xb4cc7c00", "doc": "http://searchengineland.com/zaha-hadid-google-doodle-honors-first-woman-win-pritzker-architecture-prize-276027", "row": 96, "column": 11, "tagName": "script", "time": 6441.694185, "url": "http://searchengineland.com/figz/wp-includes/js/wp-emoji-release.min.js?ver=4.7.5", "pos": 1, "chunkLen": 1, "isStartTag": 0}}
06-28 10:22:57.696 30227 30240 E WProf.db: {"WprofHTMLTag": {"code": "0x9ea69900", "doc": "http://searchengineland.com/zaha-hadid-google-doodle-honors-first-woman-win-pritzker-architecture-prize-276027", "row": 97, "column": 25, "tagName": "style", "time": 6442.244713, "url": "", "pos": 1, "chunkLen": 1, "isStartTag": 1}}
06-28 10:22:57.696 30227 30240 E WProf.db: {"WprofHTMLTag": {"code": "0x9ea69930", "doc": "http://searchengineland.com/zaha-hadid-google-doodle-honors-first-woman-win-pritzker-architecture-prize-276027", "row": 110, "column": 8, "tagName": "style", "time": 6442.244884, "url": "", "pos": 1, "chunkLen": 1, "isStartTag": 0}}
06-28 10:22:57.697 30227 30240 E WProf.db: {"WprofHTMLTag": {"code": "0x9ea69960", "doc": "http://searchengineland.com/zaha-hadid-google-doodle-honors-first-woman-win-pritzker-architecture-prize-276027", "row": 111, "column": 140, "tagName": "script", "time": 6442.246354, "url": "http://searchengineland.com/figz/wp-content/themes/searchengineland/js/lib/modernizr.custom.js?ver=1.0", "pos": 1, "chunkLen": 1, "isStartTag": 1}}
06-28 10:22:57.697 30227 30240 E WProf.db: {"WprofHTMLTag": {"code": "0x9ea69990", "doc": "http://searchengineland.com/zaha-hadid-google-doodle-honors-first-woman-win-pritzker-architecture-prize-276027", "row": 111, "column": 149, "tagName": "script", "time": 6442.246580, "url": "", "pos": 1, "chunkLen": 1, "isStartTag": 0}}
06-28 10:22:57.697 30227 30240 E WProf.db: {"WprofHTMLTag": {"code": "0xaedd5a80", "doc": "http://searchengineland.com/zaha-hadid-google-doodle-honors-first-woman-win-pritzker-architecture-prize-276027", "row": 112, "column": 144, "tagName": "script", "time": 6442.254147, "url": "http://searchengineland.com/figz/wp-content/themes/searchengineland/js/lib/jquery-1.11.0.min.js?ver=1.11.0", "pos": 1, "chunkLen": 1, "isStartTag": 1}}
06-28 10:22:57.697 30227 30240 E WProf.db: {"WprofHTMLTag": {"code": "0x9ea699c0", "doc": "http://searchengineland.com/zaha-hadid-google-doodle-honors-first-woman-win-pritzker-architecture-prize-276027", "row": 112, "column": 153, "tagName": "script", "time": 6442.254376, "url": "", "pos": 1, "chunkLen": 1, "isStartTag": 0}}
06-28 10:22:57.697 30227 30240 E WProf.db: {"WprofHTMLTag": {"code": "0xaedd5ea0", "doc": "http://searchengineland.com/zaha-hadid-google-doodle-honors-first-woman-win-pritzker-architecture-prize-276027", "row": 0, "column": 15, "tagName": "div", "time": 6442.317436, "url": "", "pos": 15, "chunkLen": 44, "isStartTag": 1}}
06-28 10:22:57.697 30227 30240 E WProf.db: {"WprofHTMLTag": {"code": "0xaedd5e70", "doc": "http://searchengineland.com/zaha-hadid-google-doodle-honors-first-woman-win-pritzker-architecture-prize-276027", "row": 0, "column": 21, "tagName": "div", "time": 6442.317582, "url": "", "pos": 21, "chunkLen": 44, "isStartTag": 0}}
06-28 10:22:57.697 30227 30240 E WProf.db: {"WprofHTMLTag": {"code": "0xaedd5ba0", "doc": "http://searchengineland.com/zaha-hadid-google-doodle-honors-first-woman-win-pritzker-architecture-prize-276027", "row": 0, "column": 38, "tagName": "div", "time": 6442.317648, "url": "", "pos": 38, "chunkLen": 44, "isStartTag": 1}}
06-28 10:22:57.697 30227 30240 E WProf.db: {"WprofHTMLTag": {"code": "0xaedd5e40", "doc": "http://searchengineland.com/zaha-hadid-google-doodle-honors-first-woman-win-pritzker-architecture-prize-276027", "row": 0, "column": 44, "tagName": "div", "time": 6442.317758, "url": "", "pos": 44, "chunkLen": 44, "isStartTag": 0}}
06-28 10:22:57.697 30227 30240 E WProf.db: {"WprofHTMLTag": {"code": "0xaedd5e10", "doc": "http://searchengineland.com/zaha-hadid-google-doodle-honors-first-woman-win-pritzker-architecture-prize-276027", "row": 0, "column": 13, "tagName": "select", "time": 6442.319409, "url": "", "pos": 13, "chunkLen": 51, "isStartTag": 1}}
06-28 10:22:57.697 30227 30240 E WProf.db: {"WprofHTMLTag": {"code": "0xaedd5de0", "doc": "http://searchengineland.com/zaha-hadid-google-doodle-honors-first-woman-win-pritzker-architecture-prize-276027", "row": 0, "column": 33, "tagName": "option", "time": 6442.319607, "url": "", "pos": 33, "chunkLen": 51, "isStartTag": 1}}
06-28 10:22:57.697 30227 30240 E WProf.db: {"WprofHTMLTag": {"code": "0x9ea69a20", "doc": "http://searchengineland.com/zaha-hadid-google-doodle-honors-first-woman-win-pritzker-architecture-prize-276027", "row": 0, "column": 42, "tagName": "option", "time": 6442.319803, "url": "", "pos": 42, "chunkLen": 51, "isStartTag": 0}}
06-28 10:22:57.698 30227 30240 E WProf.db: {"WprofHTMLTag": {"code": "0x9ea69a50", "doc": "http://searchengineland.com/zaha-hadid-google-doodle-honors-first-woman-win-pritzker-architecture-prize-276027", "row": 0, "column": 51, "tagName": "select", "time": 6442.319862, "url": "", "pos": 51, "chunkLen": 51, "isStartTag": 0}}
06-28 10:22:57.698 30227 30240 E WProf.db: {"WprofHTMLTag": {"code": "0x9ea69a80", "doc": "http://searchengineland.com/zaha-hadid-google-doodle-honors-first-woman-win-pritzker-architecture-prize-276027", "row": 0, "column": 12, "tagName": "a", "time": 6442.325888, "url": "", "pos": 12, "chunkLen": 16, "isStartTag": 1}}
06-28 10:22:57.698 30227 30240 E WProf.db: {"WprofHTMLTag": {"code": "0x9ea69ab0", "doc": "http://searchengineland.com/zaha-hadid-google-doodle-honors-first-woman-win-pritzker-architecture-prize-276027", "row": 0, "column": 16, "tagName": "a", "time": 6442.326058, "url": "", "pos": 16, "chunkLen": 16, "isStartTag": 0}}
06-28 10:22:57.698 30227 30240 E WProf.db: {"WprofHTMLTag": {"code": "0x9ea69ae0", "doc": "http://searchengineland.com/zaha-hadid-google-doodle-honors-first-woman-win-pritzker-architecture-prize-276027", "row": 0, "column": 8, "tagName": "input", "time": 6442.327123, "url": "", "pos": 8, "chunkLen": 8, "isStartTag": 1}}
06-28 10:22:57.698 30227 30240 E WProf.db: {"WprofHTMLTag": {"code": "0x9ea69b10", "doc": "http://searchengineland.com/zaha-hadid-google-doodle-honors-first-woman-win-pritzker-architecture-prize-276027", "row": 0, "column": 9, "tagName": "link", "time": 6442.336175, "url": "", "pos": 9, "chunkLen": 42, "isStartTag": 1}}
06-28 10:22:57.698 30227 30240 E WProf.db: {"WprofHTMLTag": {"code": "0x9ea69b40", "doc": "http://searchengineland.com/zaha-hadid-google-doodle-honors-first-woman-win-pritzker-architecture-prize-276027", "row": 0, "column": 16, "tagName": "table", "time": 6442.336304, "url": "", "pos": 16, "chunkLen": 42, "isStartTag": 1}}
06-28 10:22:57.698 30227 30240 E WProf.db: {"WprofHTMLTag": {"code": "0x9ea69b70", "doc": "http://searchengineland.com/zaha-hadid-google-doodle-honors-first-woman-win-pritzker-architecture-prize-276027", "row": 0, "column": 24, "tagName": "table", "time": 6442.336428, "url": "", "pos": 24, "chunkLen": 42, "isStartTag": 0}}
06-28 10:22:57.698 30227 30240 E WProf.db: {"WprofHTMLTag": {"code": "0x9ea69ba0", "doc": "http://searchengineland.com/zaha-hadid-google-doodle-honors-first-woman-win-pritzker-architecture-prize-276027", "row": 0, "column": 37, "tagName": "a", "time": 6442.336501, "url": "", "pos": 37, "chunkLen": 42, "isStartTag": 1}}
06-28 10:22:57.698 30227 30240 E WProf.db: {"WprofHTMLTag": {"code": "0x9ea69bd0", "doc": "http://searchengineland.com/zaha-hadid-google-doodle-honors-first-woman-win-pritzker-architecture-prize-276027", "row": 0, "column": 42, "tagName": "a", "time": 6442.336674, "url": "", "pos": 42, "chunkLen": 42, "isStartTag": 0}}
06-28 10:22:57.698 30227 30240 E WProf.db: {"WprofHTMLTag": {"code": "0x9ea69c60", "doc": "http://searchengineland.com/zaha-hadid-google-doodle-honors-first-woman-win-pritzker-architecture-prize-276027", "row": 0, "column": 10, "tagName": "textarea", "time": 6442.337877, "url": "", "pos": 10, "chunkLen": 22, "isStartTag": 1}}
06-28 10:22:57.698 30227 30240 E WProf.db: {"WprofHTMLTag": {"code": "0x9ea69c90", "doc": "http://searchengineland.com/zaha-hadid-google-doodle-honors-first-woman-win-pritzker-architecture-prize-276027", "row": 0, "column": 22, "tagName": "textarea", "time": 6442.338061, "url": "", "pos": 22, "chunkLen": 22, "isStartTag": 0}}
06-28 10:22:57.698 30227 30240 E WProf.db: {"WprofHTMLTag": {"code": "0x9ea69cc0", "doc": "http://searchengineland.com/zaha-hadid-google-doodle-honors-first-woman-win-pritzker-architecture-prize-276027", "row": 0, "column": 48, "tagName": "input", "time": 6442.339260, "url": "", "pos": 48, "chunkLen": 48, "isStartTag": 1}}
06-28 10:22:57.699 30227 30240 E WProf.db: {"WprofHTMLTag": {"code": "0x9ea69d20", "doc": "http://searchengineland.com/zaha-hadid-google-doodle-honors-first-woman-win-pritzker-architecture-prize-276027", "row": 0, "column": 9, "tagName": "link", "time": 6442.343887, "url": "", "pos": 9, "chunkLen": 66, "isStartTag": 1}}
06-28 10:22:57.699 30227 30240 E WProf.db: {"WprofHTMLTag": {"code": "0x9ea69d50", "doc": "http://searchengineland.com/zaha-hadid-google-doodle-honors-first-woman-win-pritzker-architecture-prize-276027", "row": 0, "column": 16, "tagName": "table", "time": 6442.344014, "url": "", "pos": 16, "chunkLen": 66, "isStartTag": 1}}
06-28 10:22:57.699 30227 30240 E WProf.db: {"WprofHTMLTag": {"code": "0x9ea69d80", "doc": "http://searchengineland.com/zaha-hadid-google-doodle-honors-first-woman-win-pritzker-architecture-prize-276027", "row": 0, "column": 24, "tagName": "table", "time": 6442.344087, "url": "", "pos": 24, "chunkLen": 66, "isStartTag": 0}}
06-28 10:22:57.699 30227 30240 E WProf.db: {"WprofHTMLTag": {"code": "0x9ea69db0", "doc": "http://searchengineland.com/zaha-hadid-google-doodle-honors-first-woman-win-pritzker-architecture-prize-276027", "row": 0, "column": 37, "tagName": "a", "time": 6442.344149, "url": "", "pos": 37, "chunkLen": 66, "isStartTag": 1}}
06-28 10:22:57.699 30227 30240 E WProf.db: {"WprofHTMLTag": {"code": "0x9ea69de0", "doc": "http://searchengineland.com/zaha-hadid-google-doodle-honors-first-woman-win-pritzker-architecture-prize-276027", "row": 0, "column": 42, "tagName": "a", "time": 6442.344328, "url": "", "pos": 42, "chunkLen": 66, "isStartTag": 0}}
06-28 10:22:57.699 30227 30240 E WProf.db: {"WprofHTMLTag": {"code": "0x9ea69e10", "doc": "http://searchengineland.com/zaha-hadid-google-doodle-honors-first-woman-win-pritzker-architecture-prize-276027", "row": 0, "column": 66, "tagName": "input", "time": 6442.344394, "url": "", "pos": 66, "chunkLen": 66, "isStartTag": 1}}
06-28 10:22:57.699 30227 30240 E WProf.db: {"WprofHTMLTag": {"code": "0x9ea69ea0", "doc": "http://searchengineland.com/zaha-hadid-google-doodle-honors-first-woman-win-pritzker-architecture-prize-276027", "row": 0, "column": 9, "tagName": "link", "time": 6442.346216, "url": "", "pos": 9, "chunkLen": 66, "isStartTag": 1}}
06-28 10:22:57.699 30227 30240 E WProf.db: {"WprofHTMLTag": {"code": "0x9ea69ed0", "doc": "http://searchengineland.com/zaha-hadid-google-doodle-honors-first-woman-win-pritzker-architecture-prize-276027", "row": 0, "column": 16, "tagName": "table", "time": 6442.346327, "url": "", "pos": 16, "chunkLen": 66, "isStartTag": 1}}
06-28 10:22:57.699 30227 30240 E WProf.db: {"WprofHTMLTag": {"code": "0x9ea69f00", "doc": "http://searchengineland.com/zaha-hadid-google-doodle-honors-first-woman-win-pritzker-architecture-prize-276027", "row": 0, "column": 24, "tagName": "table", "time": 6442.346392, "url": "", "pos": 24, "chunkLen": 66, "isStartTag": 0}}
06-28 10:22:57.699 30227 30240 E WProf.db: {"WprofHTMLTag": {"code": "0x9ea69f30", "doc": "http://searchengineland.com/zaha-hadid-google-doodle-honors-first-woman-win-pritzker-architecture-prize-276027", "row": 0, "column": 37, "tagName": "a", "time": 6442.346452, "url": "", "pos": 37, "chunkLen": 66, "isStartTag": 1}}
06-28 10:22:57.699 30227 30240 E WProf.db: {"WprofHTMLTag": {"code": "0x9ea69f60", "doc": "http://searchengineland.com/zaha-hadid-google-doodle-honors-first-woman-win-pritzker-architecture-prize-276027", "row": 0, "column": 42, "tagName": "a", "time": 6442.346623, "url": "", "pos": 42, "chunkLen": 66, "isStartTag": 0}}
06-28 10:22:57.699 30227 30240 E WProf.db: {"WprofHTMLTag": {"code": "0x9ea69f90", "doc": "http://searchengineland.com/zaha-hadid-google-doodle-honors-first-woman-win-pritzker-architecture-prize-276027", "row": 0, "column": 66, "tagName": "input", "time": 6442.346686, "url": "", "pos": 66, "chunkLen": 66, "isStartTag": 1}}
06-28 10:22:57.699 30227 30240 E WProf.db: {"WprofHTMLTag": {"code": "0x9ea69ff0", "doc": "http://searchengineland.com/zaha-hadid-google-doodle-honors-first-woman-win-pritzker-architecture-prize-276027", "row": 0, "column": 9, "tagName": "link", "time": 6442.350732, "url": "", "pos": 9, "chunkLen": 66, "isStartTag": 1}}
