--------- beginning of main
06-28 15:55:49.445  3449  3449 E Finsky  : [1] com.google.android.finsky.wear.bl.a(3): onConnectionFailed: ConnectionResult{statusCode=API_UNAVAILABLE, resolution=null, message=null}
--------- beginning of system
06-28 15:55:50.591 17752 17752 E chromium: [ERROR:shell_integration_android.cc(12)] Not implemented reached in static ShellIntegration::DefaultWebClientSetPermission ShellIntegration::CanSetAsDefaultBrowser()
06-28 15:55:50.594 17752 17752 E chromium: [ERROR:browser_process_impl.cc(720)] Not implemented reached in virtual BackgroundModeManager* BrowserProcessImpl::background_mode_manager()
06-28 15:55:50.883  3218   674 E AudioRecord-JNI: Error -4 during AudioRecord native read
06-28 15:55:53.410 17752 17800 E chromium: [ERROR:gles2_cmd_decoder.cc(3852)] [.ChromiumCompositor-0xacbb2fc0]GL ERROR :GL_INVALID_ENUM : glDiscardFramebufferEXT: attachments was GL_COLOR_EXT
06-28 15:55:53.666 17821 17834 E WPROF   : {"CSS": {"url": "http://searchengineland.com/figz/wp-content/themes/searchengineland/css/searchengineland-bootstrap.css", "requestTime": 26430.721826}}
06-28 15:55:53.668 17821 17834 E WPROF   : {"CSS": {"url": "http://fonts.googleapis.com/css?family=Oswald:300,400,700", "requestTime": 26430.723241}}
06-28 15:55:53.668 17821 17834 E WPROF   : {"CSS": {"url": "http://searchengineland.com/figz/wp-content/themes/searchengineland/style.css", "requestTime": 26430.724125}}
06-28 15:55:53.675 17821 17834 E WPROF   : {"Javascript": {"url": "http://searchengineland.com/figz/wp-content/themes/searchengineland/js/lib/modernizr.custom.js?ver=1.0", "requestTime": 26430.730731}}
06-28 15:55:53.687 17821 17834 E WPROF   : {"Javascript": {"url": "http://searchengineland.com/figz/wp-content/themes/searchengineland/js/lib/jquery-1.11.0.min.js?ver=1.11.0", "requestTime": 26430.743104}}
06-28 15:55:53.688 17821 17834 E WPROF   : {"Javascript": {"url": "http://searchengineland.com/figz/wp-content/themes/searchengineland/js/lib/jquery-ui-1.10.3.custom.min.js?ver=1.10.3", "requestTime": 26430.744006}}
06-28 15:55:53.689 17821 17834 E WPROF   : {"Javascript": {"url": "http://searchengineland.com/figz/wp-content/themes/searchengineland/js/lib/jquery.ba-throttle-debounce.min.js?ver=1.1", "requestTime": 26430.744776}}
06-28 15:55:53.690 17821 17834 E WPROF   : {"Javascript": {"url": "http://searchengineland.com/figz/wp-content/themes/searchengineland/js/lib/jquery.countdown.min.js?ver=2.0.4", "requestTime": 26430.745574}}
06-28 15:55:53.691 17821 17834 E WPROF   : {"Javascript": {"url": "http://static.chartbeat.com/js/chartbeat_mab.js", "requestTime": 26430.746282}}
06-28 15:55:54.216 17821 17834 E WPROF   : {"Javascript": {"url": "http://searchengineland.com/figz/wp-includes/js/wp-emoji-release.min.js?ver=4.7.5", "requestTime": 26431.271931}}
06-28 15:55:54.765 17821 17834 E WPROF   : {"Javascript": {"url": "http://www.googletagservices.com/tag/js/gpt.js", "requestTime": 26431.820944}}
06-28 15:55:54.769 17821 17834 E WPROF   : {"Javascript": {"url": "https://www.google-analytics.com/analytics.js", "requestTime": 26431.824769}}
06-28 15:55:54.771 17821 17834 E WPROF   : {"Javascript": {"url": "http://edge.quantserve.com/quant.js", "requestTime": 26431.826918}}
06-28 15:55:54.773 17821 17834 E WPROF   : {"Javascript": {"url": "https://connect.facebook.net/en_US/fbevents.js", "requestTime": 26431.828736}}
06-28 15:55:54.827 17752 17800 E chromium: [ERROR:gles2_cmd_decoder.cc(3852)] [.ChromiumCompositor-0xacbb2fc0]GL ERROR :GL_INVALID_ENUM : glDiscardFramebufferEXT: attachments was GL_COLOR_EXT
06-28 15:55:54.869 17821 17834 E WPROF   : {"Javascript": {"url": "http://app-sj02.marketo.com/js/forms2/js/forms2.min.js", "requestTime": 26431.924494}}
06-28 15:55:54.970 17752 17800 E chromium: [ERROR:gles2_cmd_decoder.cc(3852)] [.ChromiumCompositor-0xacbb2fc0]GL ERROR :GL_INVALID_ENUM : glDiscardFramebufferEXT: attachments was GL_COLOR_EXT
06-28 15:55:54.988 17821 17834 E WPROF   : {"Javascript": {"url": "https://connect.facebook.net/signals/config/423979991297359?v=2.7.17", "requestTime": 26432.044194}}
06-28 15:55:55.156 17821 17834 E WPROF   : {"Javascript": {"url": "http://app-sj02.marketo.com/index.php/form/getForm?munchkinId=727-ZQE-044&form=5691&url=http%3A%2F%2Fsearchengineland.com%2F3-free-adwords-testing-tools-adopt-today-270116&callback=jQuery110207301127992104739_1498632955087&_=1498632955088", "requestTime": 26432.212091}}
06-28 15:55:55.175 17821 17834 E WPROF   : {"Javascript": {"url": "http://app-sj02.marketo.com/index.php/form/getForm?munchkinId=727-ZQE-044&form=5685&url=http%3A%2F%2Fsearchengineland.com%2F3-free-adwords-testing-tools-adopt-today-270116&callback=jQuery110207301127992104739_1498632955089&_=1498632955090", "requestTime": 26432.230532}}
06-28 15:55:55.463 17821 17834 E WPROF   : {"Javascript": {"url": "http://app-sj02.marketo.com/index.php/form/getForm?munchkinId=727-ZQE-044&form=5673&url=http%3A%2F%2Fsearchengineland.com%2F3-free-adwords-testing-tools-adopt-today-270116&callback=jQuery110207301127992104739_1498632955091&_=1498632955092", "requestTime": 26432.518328}}
06-28 15:55:55.475 17821 17834 E WPROF   : {"Javascript": {"url": "http://searchengineland.com/js/ga_social_tracking.js", "requestTime": 26432.530277}}
06-28 15:55:55.477 17821 17834 E WPROF   : {"Javascript": {"url": "http://s7.addthis.com/js/300/addthis_widget.js#pubid=ra-53e918f660794f37", "requestTime": 26432.533197}}
06-28 15:55:55.503 17821 17834 E WPROF   : {"Javascript": {"url": "https://securepubads.g.doubleclick.net/gpt/pubads_impl_121.js", "requestTime": 26432.558580}}
06-28 15:55:55.539 17752 17800 E chromium: [ERROR:gles2_cmd_decoder.cc(3852)] [.ChromiumCompositor-0xacbb2fc0]GL ERROR :GL_INVALID_ENUM : glDiscardFramebufferEXT: attachments was GL_COLOR_EXT
06-28 15:55:55.981 17821 17834 E WPROF   : {"CSS": {"url": "http://app-sj02.marketo.com/js/forms2/css/forms2.css", "requestTime": 26433.036816}}
06-28 15:55:55.984 17821 17834 E WPROF   : {"CSS": {"url": "http://app-sj02.marketo.com/js/forms2/css/forms2-theme-simple.css", "requestTime": 26433.039767}}
06-28 15:55:56.051 17821 17834 E WPROF   : {"Javascript": {"url": "https://static.xx.fbcdn.net/rsrc.php/v3iy6L4/yF/l/ko_KR/w3AiswiqjrJ.js", "requestTime": 26433.106746}}
06-28 15:55:56.056 17752 17800 E chromium: [ERROR:gles2_cmd_decoder.cc(3852)] [.ChromiumCompositor-0xacbb2fc0]GL ERROR :GL_INVALID_ENUM : glDiscardFramebufferEXT: attachments was GL_COLOR_EXT
06-28 15:55:56.202   862  1657 E LocSvc_IzatApiV02: E/virtual int izat_core::IzatApiV02::getBatchSize(int32_t):522]: Error : st = 4, ind.status = -1628389555
06-28 15:55:56.202   862  1657 E LocSvc_IzatApiV02: E/virtual int izat_core::IzatApiV02::getBatchSize(int32_t):535]: get batching size failed.Or modem does not support batching 
06-28 15:55:56.211   862  1657 E LocSvc_IzatApiV02: E/virtual int izat_core::IzatApiV02::getBatchSize(int32_t):522]: Error : st = 4, ind.status = -1628389555
06-28 15:55:56.211   862  1657 E LocSvc_IzatApiV02: E/virtual int izat_core::IzatApiV02::getBatchSize(int32_t):535]: get batching size failed.Or modem does not support batching 
06-28 15:55:56.244   862  1657 E LocSvc_IzatApiV02: E/virtual int izat_core::IzatApiV02::getBatchSize(int32_t):522]: Error : st = 4, ind.status = -1628389555
06-28 15:55:56.245   862  1657 E LocSvc_IzatApiV02: E/virtual int izat_core::IzatApiV02::getBatchSize(int32_t):535]: get batching size failed.Or modem does not support batching 
06-28 15:55:56.253   862  1657 E LocSvc_IzatApiV02: E/virtual int izat_core::IzatApiV02::getBatchSize(int32_t):522]: Error : st = 4, ind.status = -1628389555
06-28 15:55:56.253   862  1657 E LocSvc_IzatApiV02: E/virtual int izat_core::IzatApiV02::getBatchSize(int32_t):535]: get batching size failed.Or modem does not support batching 
06-28 15:55:56.310 17821 17834 E WPROF   : {"Javascript": {"url": "http://cdn.api.twitter.com/1/users/show.json?screen_name=toddsaunders&callback=twttr.setFollowersCount", "requestTime": 26433.365477}}
06-28 15:55:56.317 17821 17834 E WPROF   : {"Javascript": {"url": "http://www.googleadservices.com/pagead/conversion.js", "requestTime": 26433.372964}}
06-28 15:55:56.318 17821 17834 E WPROF   : {"Javascript": {"url": "http://searchengineland.com/figz/wp-content/themes/searchengineland/js/script.js?ver=1.0", "requestTime": 26433.373674}}
06-28 15:55:56.319 17821 17834 E WPROF   : {"Javascript": {"url": "http://searchengineland.com/figz/wp-includes/js/wp-embed.min.js?ver=4.7.5", "requestTime": 26433.374218}}
06-28 15:55:56.319 17821 17834 E WPROF   : {"Javascript": {"url": "http://searchengineland.com/figz/wp-content/themes/searchengineland/js/modules/sharing_controls.js", "requestTime": 26433.374783}}
06-28 15:55:56.973 17821 17834 E WPROF   : {"Javascript": {"url": "https://securepubads.g.doubleclick.net/gampad/ads?gdfp_req=1&correlator=1222034607570944&output=json_html&callback=googletag.impl.pubads.callbackProxy1&impl=fifs&json_a=1&eid=108809080%2C108809107%2C21060003&sc=0&sfv=1-0-9&iu_parts=1038259%2Csel-ciu-1%2Csel-ciu-2%2Csel-ciu-3%2Csel-ciu-4%2Csel-ciu-5%", "requestTime": 26434.028697}}
06-28 15:55:57.041 17821 17834 E WPROF   : {"Javascript": {"url": "http://d2j3qa5nc37287.cloudfront.net/coupon_code1.js", "requestTime": 26434.096317}}
06-28 15:55:57.124 17752 17800 E chromium: [ERROR:gles2_cmd_decoder.cc(3852)] [.ChromiumCompositor-0xacbb2fc0]GL ERROR :GL_INVALID_ENUM : glDiscardFramebufferEXT: attachments was GL_COLOR_EXT
06-28 15:55:57.771 17821 17834 E WPROF   : {"CSS": {"url": "https://www.youtube.com/yts/cssbin/www-embed-player-sprite-mode-vfl5G4Xm8.css", "requestTime": 26434.826575}}
06-28 15:55:57.772 17821 17834 E WPROF   : {"Javascript": {"url": "https://www.youtube.com/yts/jsbin/www-embed-player-vfl_UY_j8/www-embed-player.js", "requestTime": 26434.827786}}
06-28 15:55:57.772 17821 17834 E WPROF   : {"Javascript": {"url": "https://www.youtube.com/yts/jsbin/player-vflo1w4O-/ko_KR/base.js", "requestTime": 26434.828147}}
06-28 15:55:57.817 17752 17800 E chromium: [ERROR:gles2_cmd_decoder.cc(3852)] [.ChromiumCompositor-0xacbb2fc0]GL ERROR :GL_INVALID_ENUM : glDiscardFramebufferEXT: attachments was GL_COLOR_EXT
06-28 15:55:58.362 17752 17800 E chromium: [ERROR:gles2_cmd_decoder.cc(3852)] [.ChromiumCompositor-0xacbb2fc0]GL ERROR :GL_INVALID_ENUM : glDiscardFramebufferEXT: attachments was GL_COLOR_EXT
06-28 15:55:59.010 17752 17800 E chromium: [ERROR:gles2_cmd_decoder.cc(3852)] [.ChromiumCompositor-0xacbb2fc0]GL ERROR :GL_INVALID_ENUM : glDiscardFramebufferEXT: attachments was GL_COLOR_EXT
06-28 15:55:59.927 17821 17834 E WPROF   : {"Javascript": {"url": "https://www.google.com/js/bg/KWBfAnWFESAEEaKKgdYlTHY9ysQaNoQuzeMFqvxDSM8.js", "requestTime": 26436.982267}}
06-28 15:55:59.929 17821 17834 E WPROF   : {"Javascript": {"url": "https://static.doubleclick.net/instream/ad_status.js", "requestTime": 26436.985073}}
06-28 15:56:00.216 17752 17800 E chromium: [ERROR:gles2_cmd_decoder.cc(3852)] [.ChromiumCompositor-0xacbb2fc0]GL ERROR :GL_INVALID_ENUM : glDiscardFramebufferEXT: attachments was GL_COLOR_EXT
06-28 15:56:00.336 17821 17834 E WPROF   : {"Javascript": {"url": "http://www.justuno.com/ajax/account_version_check.html?id=828FA275-FF73-401E-AA39-40F5A6FAB6B1", "requestTime": 26437.391510}}
06-28 15:56:00.374 17752 17800 E chromium: [ERROR:gles2_cmd_decoder.cc(3852)] [.ChromiumCompositor-0xacbb2fc0]GL ERROR :GL_INVALID_ENUM : glDiscardFramebufferEXT: attachments was GL_COLOR_EXT
06-28 15:56:00.389 17821 17834 E WPROF   : {"Javascript": {"url": "https://tpc.googlesyndication.com/pagead/js/r20170619/r20110914/client/ext/m_window_focus_non_hydra.js", "requestTime": 26437.445034}}
06-28 15:56:00.391 17821 17834 E WPROF   : {"Javascript": {"url": "https://tpc.googlesyndication.com/pagead/js/r20170619/r20110914/activeview/osd_listener.js", "requestTime": 26437.446565}}
06-28 15:56:00.397 17821 17834 E WPROF   : {"Javascript": {"url": "http://pagead2.googlesyndication.com/pagead/osd.js", "requestTime": 26437.453078}}
06-28 15:56:00.568 17752 17800 E chromium: [ERROR:gles2_cmd_decoder.cc(3852)] [.ChromiumCompositor-0xacbb2fc0]GL ERROR :GL_INVALID_ENUM : glDiscardFramebufferEXT: attachments was GL_COLOR_EXT
06-28 15:56:00.653 17752 17800 E chromium: [ERROR:gles2_cmd_decoder.cc(3852)] [.ChromiumCompositor-0xacbb2fc0]GL ERROR :GL_INVALID_ENUM : glDiscardFramebufferEXT: attachments was GL_COLOR_EXT
06-28 15:56:00.770 17752 17800 E chromium: [ERROR:gles2_cmd_decoder.cc(3852)] [.ChromiumCompositor-0xacbb2fc0]GL ERROR :GL_INVALID_ENUM : glDiscardFramebufferEXT: attachments was GL_COLOR_EXT
06-28 15:56:01.323 17752 17800 E chromium: [ERROR:gles2_cmd_decoder.cc(3852)] [.ChromiumCompositor-0xacbb2fc0]GL ERROR :GL_INVALID_ENUM : glDiscardFramebufferEXT: attachments was GL_COLOR_EXT
06-28 15:56:01.744 17821 17834 E WPROF   : {"Javascript": {"url": "http://cdn.justuno.com/mwgt_3.6.js", "requestTime": 26438.799851}}
06-28 15:56:02.335 17752 17800 E chromium: [ERROR:gles2_cmd_decoder.cc(3852)] [.ChromiumCompositor-0xacbb2fc0]GL ERROR :GL_INVALID_ENUM : glDiscardFramebufferEXT: attachments was GL_COLOR_EXT
06-28 15:56:02.624 17821 17834 E WPROF   : {"Javascript": {"url": "https://app-sj02.marketo.com/js/forms2/js/forms2.min.js", "requestTime": 26439.679605}}
06-28 15:56:02.640 17752 17800 E chromium: [ERROR:gles2_cmd_decoder.cc(3852)] [.ChromiumCompositor-0xacbb2fc0]GL ERROR :GL_INVALID_ENUM : glDiscardFramebufferEXT: attachments was GL_COLOR_EXT
06-28 15:56:02.946 17821 17834 E WProf.db: {"page": "searchengineland.com_3-free-adwords-testing-tools-adopt-today-270116"}
06-28 15:56:02.946 17821 17834 E WProf.db: {"DOMLoad": 26440.002056}
06-28 15:56:02.947 17821 17834 E WProf.db: {"Resource": {"id": 1, "url": "http://searchengineland.com/3-free-adwords-testing-tools-adopt-today-270116", "sentTime": -1.000000, "len": 104086, "from": "0x0", "mimeType": "text/html", "contentLength": -1, "httpStatus": 200, "connId": 19, "connReused": 1, "cached": 0,"requestTime": 26430.376000, "proxyStart": -1, "proxyEnd": -1, "dnsStart": -1, "dnsEnd": -1, "connectStart": 0, "connectEnd": 100, "sendStart": 100, "sendEnd": 101, "receiveHeadersEnd": 265, "sslStart": -1, "sslEnd": -1}}
06-28 15:56:02.947 17821 17834 E WProf.db: {"ReceivedChunk": {"receivedTime": 26430.653629, "len": 2450}}
06-28 15:56:02.947 17821 17834 E WProf.db: {"ReceivedChunk": {"receivedTime": 26430.713133, "len": 32768}}
06-28 15:56:02.947 17821 17834 E WProf.db: {"ReceivedChunk": {"receivedTime": 26430.713436, "len": 32768}}
06-28 15:56:02.947 17821 17834 E WProf.db: {"ReceivedChunk": {"receivedTime": 26430.713807, "len": 888}}
06-28 15:56:02.947 17821 17834 E WProf.db: {"ReceivedChunk": {"receivedTime": 26430.788125, "len": 15842}}
06-28 15:56:02.947 17821 17834 E WProf.db: {"ReceivedChunk": {"receivedTime": 26430.789643, "len": 19370}}
06-28 15:56:02.947 17821 17834 E WProf.db: {"WprofHTMLTag": {"code": "0xaeddd660", "doc": "http://searchengineland.com/3-free-adwords-testing-tools-adopt-today-270116", "row": 6, "column": 42, "tagName": "html", "time": 26430.716001, "url": "", "pos": 1, "chunkLen": 1, "isStartTag": 1}}
06-28 15:56:02.947 17821 17834 E WProf.db: {"WprofHTMLTag": {"code": "0xaeddd5d0", "doc": "http://searchengineland.com/3-free-adwords-testing-tools-adopt-today-270116", "row": 7, "column": 6, "tagName": "head", "time": 26430.716716, "url": "", "pos": 1, "chunkLen": 1, "isStartTag": 1}}
06-28 15:56:02.947 17821 17834 E WProf.db: {"WprofHTMLTag": {"code": "0xaf047760", "doc": "http://searchengineland.com/3-free-adwords-testing-tools-adopt-today-270116", "row": 8, "column": 54, "tagName": "meta", "time": 26430.716763, "url": "", "pos": 1, "chunkLen": 1, "isStartTag": 1}}
06-28 15:56:02.947 17821 17834 E WProf.db: {"WprofHTMLTag": {"code": "0xaf047850", "doc": "http://searchengineland.com/3-free-adwords-testing-tools-adopt-today-270116", "row": 9, "column": 68, "tagName": "meta", "time": 26430.716914, "url": "", "pos": 1, "chunkLen": 1, "isStartTag": 1}}
06-28 15:56:02.947 17821 17834 E WProf.db: {"WprofHTMLTag": {"code": "0xaf047880", "doc": "http://searchengineland.com/3-free-adwords-testing-tools-adopt-today-270116", "row": 10, "column": 23, "tagName": "meta", "time": 26430.717024, "url": "", "pos": 1, "chunkLen": 1, "isStartTag": 1}}
06-28 15:56:02.948 17821 17834 E WProf.db: {"WprofHTMLTag": {"code": "0xaf0478b0", "doc": "http://searchengineland.com/3-free-adwords-testing-tools-adopt-today-270116", "row": 11, "column": 52, "tagName": "meta", "time": 26430.717148, "url": "", "pos": 1, "chunkLen": 1, "isStartTag": 1}}
06-28 15:56:02.948 17821 17834 E WProf.db: {"WprofHTMLTag": {"code": "0xaf0478e0", "doc": "http://searchengineland.com/3-free-adwords-testing-tools-adopt-today-270116", "row": 14, "column": 56, "tagName": "meta", "time": 26430.717274, "url": "", "pos": 1, "chunkLen": 1, "isStartTag": 1}}
06-28 15:56:02.948 17821 17834 E WProf.db: {"WprofHTMLTag": {"code": "0xaf047910", "doc": "http://searchengineland.com/3-free-adwords-testing-tools-adopt-today-270116", "row": 15, "column": 83, "tagName": "meta", "time": 26430.717390, "url": "", "pos": 1, "chunkLen": 1, "isStartTag": 1}}
06-28 15:56:02.948 17821 17834 E WProf.db: {"WprofHTMLTag": {"code": "0xaf047940", "doc": "http://searchengineland.com/3-free-adwords-testing-tools-adopt-today-270116", "row": 16, "column": 57, "tagName": "meta", "time": 26430.717497, "url": "", "pos": 1, "chunkLen": 1, "isStartTag": 1}}
06-28 15:56:02.948 17821 17834 E WProf.db: {"WprofHTMLTag": {"code": "0xaf0479d0", "doc": "http://searchengineland.com/3-free-adwords-testing-tools-adopt-today-270116", "row": 17, "column": 41, "tagName": "meta", "time": 26430.717604, "url": "", "pos": 1, "chunkLen": 1, "isStartTag": 1}}
06-28 15:56:02.948 17821 17834 E WProf.db: {"WprofHTMLTag": {"code": "0xaf047a00", "doc": "http://searchengineland.com/3-free-adwords-testing-tools-adopt-today-270116", "row": 18, "column": 50, "tagName": "meta", "time": 26430.717714, "url": "", "pos": 1, "chunkLen": 1, "isStartTag": 1}}
06-28 15:56:02.948 17821 17834 E WProf.db: {"WprofHTMLTag": {"code": "0xaf047a30", "doc": "http://searchengineland.com/3-free-adwords-testing-tools-adopt-today-270116", "row": 19, "column": 174, "tagName": "meta", "time": 26430.717822, "url": "", "pos": 1, "chunkLen": 1, "isStartTag": 1}}
06-28 15:56:02.948 17821 17834 E WProf.db: {"WprofHTMLTag": {"code": "0xaf0479a0", "doc": "http://searchengineland.com/3-free-adwords-testing-tools-adopt-today-270116", "row": 20, "column": 47, "tagName": "meta", "time": 26430.717926, "url": "", "pos": 1, "chunkLen": 1, "isStartTag": 1}}
06-28 15:56:02.948 17821 17834 E WProf.db: {"WprofHTMLTag": {"code": "0xaf047970", "doc": "http://searchengineland.com/3-free-adwords-testing-tools-adopt-today-270116", "row": 21, "column": 67, "tagName": "meta", "time": 26430.718028, "url": "", "pos": 1, "chunkLen": 1, "isStartTag": 1}}
06-28 15:56:02.948 17821 17834 E WProf.db: {"WprofHTMLTag": {"code": "0xaf047a60", "doc": "http://searchengineland.com/3-free-adwords-testing-tools-adopt-today-270116", "row": 22, "column": 57, "tagName": "meta", "time": 26430.718136, "url": "", "pos": 1, "chunkLen": 1, "isStartTag": 1}}
06-28 15:56:02.949 17821 17834 E WProf.db: {"WprofHTMLTag": {"code": "0xaf047a90", "doc": "http://searchengineland.com/3-free-adwords-testing-tools-adopt-today-270116", "row": 23, "column": 65, "tagName": "meta", "time": 26430.718243, "url": "", "pos": 1, "chunkLen": 1, "isStartTag": 1}}
06-28 15:56:02.949 17821 17834 E WProf.db: {"WprofHTMLTag": {"code": "0xaf047ac0", "doc": "http://searchengineland.com/3-free-adwords-testing-tools-adopt-today-270116", "row": 24, "column": 55, "tagName": "meta", "time": 26430.718354, "url": "", "pos": 1, "chunkLen": 1, "isStartTag": 1}}
06-28 15:56:02.949 17821 17834 E WProf.db: {"WprofHTMLTag": {"code": "0xaf047af0", "doc": "http://searchengineland.com/3-free-adwords-testing-tools-adopt-today-270116", "row": 25, "column": 71, "tagName": "meta", "time": 26430.718472, "url": "", "pos": 1, "chunkLen": 1, "isStartTag": 1}}
06-28 15:56:02.949 17821 17834 E WProf.db: {"WprofHTMLTag": {"code": "0xaf047b20", "doc": "http://searchengineland.com/3-free-adwords-testing-tools-adopt-today-270116", "row": 26, "column": 86, "tagName": "meta", "time": 26430.718577, "url": "", "pos": 1, "chunkLen": 1, "isStartTag": 1}}
06-28 15:56:02.949 17821 17834 E WProf.db: {"WprofHTMLTag": {"code": "0xaf047b50", "doc": "http://searchengineland.com/3-free-adwords-testing-tools-adopt-today-270116", "row": 27, "column": 54, "tagName": "meta", "time": 26430.718694, "url": "", "pos": 1, "chunkLen": 1, "isStartTag": 1}}
06-28 15:56:02.949 17821 17834 E WProf.db: {"WprofHTMLTag": {"code": "0xaf047b80", "doc": "http://searchengineland.com/3-free-adwords-testing-tools-adopt-today-270116", "row": 29, "column": 134, "tagName": "meta", "time": 26430.718800, "url": "", "pos": 1, "chunkLen": 1, "isStartTag": 1}}
06-28 15:56:02.949 17821 17834 E WProf.db: {"WprofHTMLTag": {"code": "0xaf047bb0", "doc": "http://searchengineland.com/3-free-adwords-testing-tools-adopt-today-270116", "row": 30, "column": 214, "tagName": "meta", "time": 26430.718908, "url": "", "pos": 1, "chunkLen": 1, "isStartTag": 1}}
06-28 15:56:02.949 17821 17834 E WProf.db: {"WprofHTMLTag": {"code": "0xaf047be0", "doc": "http://searchengineland.com/3-free-adwords-testing-tools-adopt-today-270116", "row": 31, "column": 55, "tagName": "meta", "time": 26430.719019, "url": "", "pos": 1, "chunkLen": 1, "isStartTag": 1}}
06-28 15:56:02.949 17821 17834 E WProf.db: {"WprofHTMLTag": {"code": "0xaf047c10", "doc": "http://searchengineland.com/3-free-adwords-testing-tools-adopt-today-270116", "row": 32, "column": 54, "tagName": "meta", "time": 26430.719124, "url": "", "pos": 1, "chunkLen": 1, "isStartTag": 1}}
06-28 15:56:02.949 17821 17834 E WProf.db: {"WprofHTMLTag": {"code": "0xaf047c40", "doc": "http://searchengineland.com/3-free-adwords-testing-tools-adopt-today-270116", "row": 33, "column": 149, "tagName": "meta", "time": 26430.719241, "url": "", "pos": 1, "chunkLen": 1, "isStartTag": 1}}
06-28 15:56:02.949 17821 17834 E WProf.db: {"WprofHTMLTag": {"code": "0xaf047c70", "doc": "http://searchengineland.com/3-free-adwords-testing-tools-adopt-today-270116", "row": 37, "column": 36, "tagName": "script", "time": 26430.719353, "url": "", "pos": 1, "chunkLen": 1, "isStartTag": 1}}
06-28 15:56:02.949 17821 17834 E WProf.db: {"WprofHTMLTag": {"code": "0xaf047ca0", "doc": "http://searchengineland.com/3-free-adwords-testing-tools-adopt-today-270116", "row": 53, "column": 10, "tagName": "script", "time": 26430.719925, "url": "", "pos": 1, "chunkLen": 1, "isStartTag": 0}}
06-28 15:56:02.950 17821 17834 E WProf.db: {"WprofHTMLTag": {"code": "0xaeddd690", "doc": "http://searchengineland.com/3-free-adwords-testing-tools-adopt-today-270116", "row": 55, "column": 86, "tagName": "link", "time": 26430.720472, "url": "http://searchengineland.com/apple-touch-icon.png", "pos": 1, "chunkLen": 1, "isStartTag": 1}}
06-28 15:56:02.950 17821 17834 E WProf.db: {"WprofHTMLTag": {"code": "0xaf047cd0", "doc": "http://searchengineland.com/3-free-adwords-testing-tools-adopt-today-270116", "row": 56, "column": 76, "tagName": "link", "time": 26430.720754, "url": "http://searchengineland.com/favicon.ico", "pos": 1, "chunkLen": 1, "isStartTag": 1}}
06-28 15:56:02.950 17821 17834 E WProf.db: {"WprofHTMLTag": {"code": "0xaf047d00", "doc": "http://searchengineland.com/3-free-adwords-testing-tools-adopt-today-270116", "row": 57, "column": 158, "tagName": "link", "time": 26430.720967, "url": "http://feeds.searchengineland.com/searchengineland", "pos": 1, "chunkLen": 1, "isStartTag": 1}}
06-28 15:56:02.950 17821 17834 E WProf.db: {"WprofHTMLTag": {"code": "0xaf047d30", "doc": "http://searchengineland.com/3-free-adwords-testing-tools-adopt-today-270116", "row": 58, "column": 149, "tagName": "link", "time": 26430.721242, "url": "http://feeds.searchengineland.com/searchcap", "pos": 1, "chunkLen": 1, "isStartTag": 1}}
06-28 15:56:02.950 17821 17834 E WProf.db: {"WprofHTMLTag": {"code": "0xaf047d60", "doc": "http://searchengineland.com/3-free-adwords-testing-tools-adopt-today-270116", "row": 59, "column": 150, "tagName": "link", "time": 26430.721521, "url": "http://searchengineland.com/figz/wp-content/themes/searchengineland/css/searchengineland-bootstrap.css", "pos": 1, "chunkLen": 1, "isStartTag": 1}}
06-28 15:56:02.950 17821 17834 E WProf.db: {"WprofHTMLTag": {"code": "0xaf047dc0", "doc": "http://searchengineland.com/3-free-adwords-testing-tools-adopt-today-270116", "row": 60, "column": 105, "tagName": "link", "time": 26430.722923, "url": "http://fonts.googleapis.com/css?family=Oswald:300,400,700", "pos": 1, "chunkLen": 1, "isStartTag": 1}}
06-28 15:56:02.950 17821 17834 E WProf.db: {"WprofHTMLTag": {"code": "0xaf047e20", "doc": "http://searchengineland.com/3-free-adwords-testing-tools-adopt-today-270116", "row": 61, "column": 125, "tagName": "link", "time": 26430.723803, "url": "http://searchengineland.com/figz/wp-content/themes/searchengineland/style.css", "pos": 1, "chunkLen": 1, "isStartTag": 1}}
06-28 15:56:02.950 17821 17834 E WProf.db: {"WprofHTMLTag": {"code": "0xaf047e80", "doc": "http://searchengineland.com/3-free-adwords-testing-tools-adopt-today-270116", "row": 65, "column": 7, "tagName": "title", "time": 26430.725866, "url": "", "pos": 1, "chunkLen": 1, "isStartTag": 1}}
06-28 15:56:02.950 17821 17834 E WProf.db: {"WprofHTMLTag": {"code": "0xaf047eb0", "doc": "http://searchengineland.com/3-free-adwords-testing-tools-adopt-today-270116", "row": 65, "column": 58, "tagName": "title", "time": 26430.726340, "url": "", "pos": 1, "chunkLen": 1, "isStartTag": 0}}
06-28 15:56:02.950 17821 17834 E WProf.db: {"WprofHTMLTag": {"code": "0xaf047ee0", "doc": "http://searchengineland.com/3-free-adwords-testing-tools-adopt-today-270116", "row": 66, "column": 211, "tagName": "meta", "time": 26430.726363, "url": "", "pos": 1, "chunkLen": 1, "isStartTag": 1}}
06-28 15:56:02.951 17821 17834 E WProf.db: {"WprofHTMLTag": {"code": "0xaf047f10", "doc": "http://searchengineland.com/3-free-adwords-testing-tools-adopt-today-270116", "row": 67, "column": 135, "tagName": "meta", "time": 26430.726512, "url": "", "pos": 1, "chunkLen": 1, "isStartTag": 1}}
06-28 15:56:02.951 17821 17834 E WProf.db: {"WprofHTMLTag": {"code": "0xaf047f40", "doc": "http://searchengineland.com/3-free-adwords-testing-tools-adopt-today-270116", "row": 68, "column": 117, "tagName": "meta", "time": 26430.726629, "url": "", "pos": 1, "chunkLen": 1, "isStartTag": 1}}
06-28 15:56:02.951 17821 17834 E WProf.db: {"WprofHTMLTag": {"code": "0xaf047f70", "doc": "http://searchengineland.com/3-free-adwords-testing-tools-adopt-today-270116", "row": 69, "column": 37, "tagName": "meta", "time": 26430.726744, "url": "", "pos": 1, "chunkLen": 1, "isStartTag": 1}}
06-28 15:56:02.951 17821 17834 E WProf.db: {"WprofHTMLTag": {"code": "0xaf047fa0", "doc": "http://searchengineland.com/3-free-adwords-testing-tools-adopt-today-270116", "row": 70, "column": 107, "tagName": "link", "time": 26430.726867, "url": "http://searchengineland.com/3-free-adwords-testing-tools-adopt-today-270116", "pos": 1, "chunkLen": 1, "isStartTag": 1}}
06-28 15:56:02.951 17821 17834 E WProf.db: {"WprofHTMLTag": {"code": "0xaf047fd0", "doc": "http://searchengineland.com/3-free-adwords-testing-tools-adopt-today-270116", "row": 71, "column": 76, "tagName": "link", "time": 26430.727083, "url": "https://plus.google.com/103218677032751327334", "pos": 1, "chunkLen": 1, "isStartTag": 1}}
06-28 15:56:02.951 17821 17834 E WProf.db: {"WprofHTMLTag": {"code": "0xb4cc74b0", "doc": "http://searchengineland.com/3-free-adwords-testing-tools-adopt-today-270116", "row": 72, "column": 45, "tagName": "meta", "time": 26430.727274, "url": "", "pos": 1, "chunkLen": 1, "isStartTag": 1}}
06-28 15:56:02.951 17821 17834 E WProf.db: {"WprofHTMLTag": {"code": "0xb4cc7540", "doc": "http://searchengineland.com/3-free-adwords-testing-tools-adopt-today-270116", "row": 73, "column": 45, "tagName": "meta", "time": 26430.727389, "url": "", "pos": 1, "chunkLen": 1, "isStartTag": 1}}
06-28 15:56:02.951 17821 17834 E WProf.db: {"WprofHTMLTag": {"code": "0xb4cc78a0", "doc": "http://searchengineland.com/3-free-adwords-testing-tools-adopt-today-270116", "row": 74, "column": 82, "tagName": "meta", "time": 26430.727506, "url": "", "pos": 1, "chunkLen": 1, "isStartTag": 1}}
06-28 15:56:02.951 17821 17834 E WProf.db: {"WprofHTMLTag": {"code": "0xb4cc78d0", "doc": "http://searchengineland.com/3-free-adwords-testing-tools-adopt-today-270116", "row": 75, "column": 219, "tagName": "meta", "time": 26430.727625, "url": "", "pos": 1, "chunkLen": 1, "isStartTag": 1}}
06-28 15:56:02.951 17821 17834 E WProf.db: {"WprofHTMLTag": {"code": "0xb4cc7900", "doc": "http://searchengineland.com/3-free-adwords-testing-tools-adopt-today-270116", "row": 76, "column": 112, "tagName": "meta", "time": 26430.727741, "url": "", "pos": 1, "chunkLen": 1, "isStartTag": 1}}
06-28 15:56:02.952 17821 17834 E WProf.db: {"WprofHTMLTag": {"code": "0xb4cc7930", "doc": "http://searchengineland.com/3-free-adwords-testing-tools-adopt-today-270116", "row": 77, "column": 61, "tagName": "meta", "time": 26430.727855, "url": "", "pos": 1, "chunkLen": 1, "isStartTag": 1}}
06-28 15:56:02.952 17821 17834 E WProf.db: {"WprofHTMLTag": {"code": "0xb4cc7960", "doc": "http://searchengineland.com/3-free-adwords-testing-tools-adopt-today-270116", "row": 78, "column": 89, "tagName": "meta", "time": 26430.727971, "url": "", "pos": 1, "chunkLen": 1, "isStartTag": 1}}
06-28 15:56:02.952 17821 17834 E WProf.db: {"WprofHTMLTag": {"code": "0xb4cc7990", "doc": "http://searchengineland.com/3-free-adwords-testing-tools-adopt-today-270116", "row": 79, "column": 58, "tagName": "meta", "time": 26430.728084, "url": "", "pos": 1, "chunkLen": 1, "isStartTag": 1}}
06-28 15:56:02.952 17821 17834 E WProf.db: {"WprofHTMLTag": {"code": "0xb4cc79c0", "doc": "http://searchengineland.com/3-free-adwords-testing-tools-adopt-today-270116", "row": 80, "column": 78, "tagName": "meta", "time": 26430.728201, "url": "", "pos": 1, "chunkLen": 1, "isStartTag": 1}}
06-28 15:56:02.952 17821 17834 E WProf.db: {"WprofHTMLTag": {"code": "0xb4cc79f0", "doc": "http://searchengineland.com/3-free-adwords-testing-tools-adopt-today-270116", "row": 81, "column": 77, "tagName": "meta", "time": 26430.728318, "url": "", "pos": 1, "chunkLen": 1, "isStartTag": 1}}
06-28 15:56:02.952 17821 17834 E WProf.db: {"WprofHTMLTag": {"code": "0xb4cc7a20", "doc": "http://searchengineland.com/3-free-adwords-testing-tools-adopt-today-270116", "row": 82, "column": 71, "tagName": "meta", "time": 26430.728428, "url": "", "pos": 1, "chunkLen": 1, "isStartTag": 1}}
06-28 15:56:02.952 17821 17834 E WProf.db: {"WprofHTMLTag": {"code": "0xb4cc7a50", "doc": "http://searchengineland.com/3-free-adwords-testing-tools-adopt-today-270116", "row": 83, "column": 143, "tagName": "meta", "time": 26430.728550, "url": "", "pos": 1, "chunkLen": 1, "isStartTag": 1}}
06-28 15:56:02.952 17821 17834 E WProf.db: {"WprofHTMLTag": {"code": "0xb4cc7a80", "doc": "http://searchengineland.com/3-free-adwords-testing-tools-adopt-today-270116", "row": 84, "column": 49, "tagName": "meta", "time": 26430.728671, "url": "", "pos": 1, "chunkLen": 1, "isStartTag": 1}}
06-28 15:56:02.952 17821 17834 E WProf.db: {"WprofHTMLTag": {"code": "0xb4cc7ab0", "doc": "http://searchengineland.com/3-free-adwords-testing-tools-adopt-today-270116", "row": 85, "column": 50, "tagName": "meta", "time": 26430.728793, "url": "", "pos": 1, "chunkLen": 1, "isStartTag": 1}}
06-28 15:56:02.952 17821 17834 E WProf.db: {"WprofHTMLTag": {"code": "0xb4cc7ae0", "doc": "http://searchengineland.com/3-free-adwords-testing-tools-adopt-today-270116", "row": 86, "column": 58, "tagName": "meta", "time": 26430.728901, "url": "", "pos": 1, "chunkLen": 1, "isStartTag": 1}}
06-28 15:56:02.952 17821 17834 E WProf.db: {"WprofHTMLTag": {"code": "0xb4cc7b10", "doc": "http://searchengineland.com/3-free-adwords-testing-tools-adopt-today-270116", "row": 87, "column": 220, "tagName": "meta", "time": 26430.729021, "url": "", "pos": 1, "chunkLen": 1, "isStartTag": 1}}
06-28 15:56:02.953 17821 17834 E WProf.db: {"WprofHTMLTag": {"code": "0xb4cc7b40", "doc": "http://searchengineland.com/3-free-adwords-testing-tools-adopt-today-270116", "row": 88, "column": 83, "tagName": "meta", "time": 26430.729132, "url": "", "pos": 1, "chunkLen": 1, "isStartTag": 1}}
06-28 15:56:02.953 17821 17834 E WProf.db: {"WprofHTMLTag": {"code": "0xb4cc7b70", "doc": "http://searchengineland.com/3-free-adwords-testing-tools-adopt-today-270116", "row": 89, "column": 51, "tagName": "meta", "time": 26430.729369, "url": "", "pos": 1, "chunkLen": 1, "isStartTag": 1}}
06-28 15:56:02.953 17821 17834 E WProf.db: {"WprofHTMLTag": {"code": "0xb4cc7ba0", "doc": "http://searchengineland.com/3-free-adwords-testing-tools-adopt-today-270116", "row": 90, "column": 144, "tagName": "meta", "time": 26430.729482, "url": "", "pos": 1, "chunkLen": 1, "isStartTag": 1}}
06-28 15:56:02.953 17821 17834 E WProf.db: {"WprofHTMLTag": {"code": "0xb4cc7bd0", "doc": "http://searchengineland.com/3-free-adwords-testing-tools-adopt-today-270116", "row": 91, "column": 55, "tagName": "meta", "time": 26430.729594, "url": "", "pos": 1, "chunkLen": 1, "isStartTag": 1}}
06-28 15:56:02.953 17821 17834 E WProf.db: {"WprofHTMLTag": {"code": "0xb4cc7c00", "doc": "http://searchengineland.com/3-free-adwords-testing-tools-adopt-today-270116", "row": 94, "column": 44, "tagName": "link", "time": 26430.729705, "url": "http://s.w.org/", "pos": 1, "chunkLen": 1, "isStartTag": 1}}
06-28 15:56:02.953 17821 17834 E WProf.db: {"WprofHTMLTag": {"code": "0xb4cc7c30", "doc": "http://searchengineland.com/3-free-adwords-testing-tools-adopt-today-270116", "row": 95, "column": 33, "tagName": "script", "time": 26430.729942, "url": "", "pos": 1, "chunkLen": 1, "isStartTag": 1}}
06-28 15:56:02.953 17821 17834 E WProf.db: {"WprofHTMLTag": {"code": "0xb4cc7c60", "doc": "http://searchengineland.com/3-free-adwords-testing-tools-adopt-today-270116", "row": 98, "column": 11, "tagName": "script", "time": 26430.730200, "url": "http://searchengineland.com/figz/wp-includes/js/wp-emoji-release.min.js?ver=4.7.5", "pos": 1, "chunkLen": 1, "isStartTag": 0}}
06-28 15:56:02.953 17821 17834 E WProf.db: {"WprofHTMLTag": {"code": "0x9d2eb960", "doc": "http://searchengineland.com/3-free-adwords-testing-tools-adopt-today-270116", "row": 99, "column": 25, "tagName": "style", "time": 26431.272936, "url": "", "pos": 1, "chunkLen": 1, "isStartTag": 1}}
06-28 15:56:02.953 17821 17834 E WProf.db: {"WprofHTMLTag": {"code": "0x9d2eb990", "doc": "http://searchengineland.com/3-free-adwords-testing-tools-adopt-today-270116", "row": 112, "column": 8, "tagName": "style", "time": 26431.273115, "url": "", "pos": 1, "chunkLen": 1, "isStartTag": 0}}
06-28 15:56:02.953 17821 17834 E WProf.db: {"WprofHTMLTag": {"code": "0x9d2eb9c0", "doc": "http://searchengineland.com/3-free-adwords-testing-tools-adopt-today-270116", "row": 113, "column": 140, "tagName": "script", "time": 26431.274568, "url": "http://searchengineland.com/figz/wp-content/themes/searchengineland/js/lib/modernizr.custom.js?ver=1.0", "pos": 1, "chunkLen": 1, "isStartTag": 1}}
06-28 15:56:02.954 17821 17834 E WProf.db: {"WprofHTMLTag": {"code": "0x9d2eb9f0", "doc": "http://searchengineland.com/3-free-adwords-testing-tools-adopt-today-270116", "row": 113, "column": 149, "tagName": "script", "time": 26431.274780, "url": "", "pos": 1, "chunkLen": 1, "isStartTag": 0}}
06-28 15:56:02.954 17821 17834 E WProf.db: {"WprofHTMLTag": {"code": "0xaedddba0", "doc": "http://searchengineland.com/3-free-adwords-testing-tools-adopt-today-270116", "row": 114, "column": 144, "tagName": "script", "time": 26431.284249, "url": "http://searchengineland.com/figz/wp-content/themes/searchengineland/js/lib/jquery-1.11.0.min.js?ver=1.11.0", "pos": 1, "chunkLen": 1, "isStartTag": 1}}
06-28 15:56:02.954 17821 17834 E WProf.db: {"WprofHTMLTag": {"code": "0xaedddb70", "doc": "http://searchengineland.com/3-free-adwords-testing-tools-adopt-today-270116", "row": 114, "column": 153, "tagName": "script", "time": 26431.284475, "url": "", "pos": 1, "chunkLen": 1, "isStartTag": 0}}
06-28 15:56:02.954 17821 17834 E WProf.db: {"WprofHTMLTag": {"code": "0xaedddf60", "doc": "http://searchengineland.com/3-free-adwords-testing-tools-adopt-today-270116", "row": 0, "column": 15, "tagName": "div", "time": 26431.346435, "url": "", "pos": 15, "chunkLen": 44, "isStartTag": 1}}
06-28 15:56:02.954 17821 17834 E WProf.db: {"WprofHTMLTag": {"code": "0xaedddf30", "doc": "http://searchengineland.com/3-free-adwords-testing-tools-adopt-today-270116", "row": 0, "column": 21, "tagName": "div", "time": 26431.346564, "url": "", "pos": 21, "chunkLen": 44, "isStartTag": 0}}
06-28 15:56:02.954 17821 17834 E WProf.db: {"WprofHTMLTag": {"code": "0xaedddf00", "doc": "http://searchengineland.com/3-free-adwords-testing-tools-adopt-today-270116", "row": 0, "column": 38, "tagName": "div", "time": 26431.346668, "url": "", "pos": 38, "chunkLen": 44, "isStartTag": 1}}
06-28 15:56:02.954 17821 17834 E WProf.db: {"WprofHTMLTag": {"code": "0xaedddcc0", "doc": "http://searchengineland.com/3-free-adwords-testing-tools-adopt-today-270116", "row": 0, "column": 44, "tagName": "div", "time": 26431.346782, "url": "", "pos": 44, "chunkLen": 44, "isStartTag": 0}}
06-28 15:56:02.954 17821 17834 E WProf.db: {"WprofHTMLTag": {"code": "0xaeddded0", "doc": "http://searchengineland.com/3-free-adwords-testing-tools-adopt-today-270116", "row": 0, "column": 13, "tagName": "select", "time": 26431.348269, "url": "", "pos": 13, "chunkLen": 51, "isStartTag": 1}}
06-28 15:56:02.954 17821 17834 E WProf.db: {"WprofHTMLTag": {"code": "0xaedddea0", "doc": "http://searchengineland.com/3-free-adwords-testing-tools-adopt-today-270116", "row": 0, "column": 33, "tagName": "option", "time": 26431.348453, "url": "", "pos": 33, "chunkLen": 51, "isStartTag": 1}}
06-28 15:56:02.954 17821 17834 E WProf.db: {"WprofHTMLTag": {"code": "0x9d2eba80", "doc": "http://searchengineland.com/3-free-adwords-testing-tools-adopt-today-270116", "row": 0, "column": 42, "tagName": "option", "time": 26431.348637, "url": "", "pos": 42, "chunkLen": 51, "isStartTag": 0}}
06-28 15:56:02.955 17821 17834 E WProf.db: {"WprofHTMLTag": {"code": "0x9d2ebab0", "doc": "http://searchengineland.com/3-free-adwords-testing-tools-adopt-today-270116", "row": 0, "column": 51, "tagName": "select", "time": 26431.348693, "url": "", "pos": 51, "chunkLen": 51, "isStartTag": 0}}
06-28 15:56:02.955 17821 17834 E WProf.db: {"WprofHTMLTag": {"code": "0x9d2ebae0", "doc": "http://searchengineland.com/3-free-adwords-testing-tools-adopt-today-270116", "row": 0, "column": 12, "tagName": "a", "time": 26431.354230, "url": "", "pos": 12, "chunkLen": 16, "isStartTag": 1}}
06-28 15:56:02.955 17821 17834 E WProf.db: {"WprofHTMLTag": {"code": "0x9d2ebb10", "doc": "http://searchengineland.com/3-free-adwords-testing-tools-adopt-today-270116", "row": 0, "column": 16, "tagName": "a", "time": 26431.354410, "url": "", "pos": 16, "chunkLen": 16, "isStartTag": 0}}
06-28 15:56:02.955 17821 17834 E WProf.db: {"WprofHTMLTag": {"code": "0x9d2ebb40", "doc": "http://searchengineland.com/3-free-adwords-testing-tools-adopt-today-270116", "row": 0, "column": 8, "tagName": "input", "time": 26431.355494, "url": "", "pos": 8, "chunkLen": 8, "isStartTag": 1}}
06-28 15:56:02.955 17821 17834 E WProf.db: {"WprofHTMLTag": {"code": "0x9d2ebb70", "doc": "http://searchengineland.com/3-free-adwords-testing-tools-adopt-today-270116", "row": 0, "column": 9, "tagName": "link", "time": 26431.371256, "url": "", "pos": 9, "chunkLen": 42, "isStartTag": 1}}
06-28 15:56:02.955 17821 17834 E WProf.db: {"WprofHTMLTag": {"code": "0x9d2ebba0", "doc": "http://searchengineland.com/3-free-adwords-testing-tools-adopt-today-270116", "row": 0, "column": 16, "tagName": "table", "time": 26431.371378, "url": "", "pos": 16, "chunkLen": 42, "isStartTag": 1}}
06-28 15:56:02.955 17821 17834 E WProf.db: {"WprofHTMLTag": {"code": "0x9d2ebbd0", "doc": "http://searchengineland.com/3-free-adwords-testing-tools-adopt-today-270116", "row": 0, "column": 24, "tagName": "table", "time": 26431.371494, "url": "", "pos": 24, "chunkLen": 42, "isStartTag": 0}}
06-28 15:56:02.955 17821 17834 E WProf.db: {"WprofHTMLTag": {"code": "0x9d2ebc00", "doc": "http://searchengineland.com/3-free-adwords-testing-tools-adopt-today-270116", "row": 0, "column": 37, "tagName": "a", "time": 26431.371558, "url": "", "pos": 37, "chunkLen": 42, "isStartTag": 1}}
06-28 15:56:02.955 17821 17834 E WProf.db: {"WprofHTMLTag": {"code": "0x9d2ebc30", "doc": "http://searchengineland.com/3-free-adwords-testing-tools-adopt-today-270116", "row": 0, "column": 42, "tagName": "a", "time": 26431.371741, "url": "", "pos": 42, "chunkLen": 42, "isStartTag": 0}}
06-28 15:56:02.955 17821 17834 E WProf.db: {"WprofHTMLTag": {"code": "0x9d2ebcc0", "doc": "http://searchengineland.com/3-free-adwords-testing-tools-adopt-today-270116", "row": 0, "column": 10, "tagName": "textarea", "time": 26431.372960, "url": "", "pos": 10, "chunkLen": 22, "isStartTag": 1}}
06-28 15:56:02.956 17821 17834 E WProf.db: {"WprofHTMLTag": {"code": "0x9d2ebcf0", "doc": "http://searchengineland.com/3-free-adwords-testing-tools-adopt-today-270116", "row": 0, "column": 22, "tagName": "textarea", "time": 26431.373149, "url": "", "pos": 22, "chunkLen": 22, "isStartTag": 0}}
06-28 15:56:02.956 17821 17834 E WProf.db: {"WprofHTMLTag": {"code": "0x9d2ebd20", "doc": "http://searchengineland.com/3-free-adwords-testing-tools-adopt-today-270116", "row": 0, "column": 48, "tagName": "input", "time": 26431.374257, "url": "", "pos": 48, "chunkLen": 48, "isStartTag": 1}}
06-28 15:56:02.956 17821 17834 E WProf.db: {"WprofHTMLTag": {"code": "0x9d2ebd80", "doc": "http://searchengineland.com/3-free-adwords-testing-tools-adopt-today-270116", "row": 0, "column": 9, "tagName": "link", "time": 26431.378599, "url": "", "pos": 9, "chunkLen": 66, "isStartTag": 1}}
06-28 15:56:02.956 17821 17834 E WProf.db: {"WprofHTMLTag": {"code": "0x9d2ebdb0", "doc": "http://searchengineland.com/3-free-adwords-testing-tools-adopt-today-270116", "row": 0, "column": 16, "tagName": "table", "time": 26431.378718, "url": "", "pos": 16, "chunkLen": 66, "isStartTag": 1}}
06-28 15:56:02.956 17821 17834 E WProf.db: {"WprofHTMLTag": {"code": "0x9d2ebde0", "doc": "http://searchengineland.com/3-free-adwords-testing-tools-adopt-today-270116", "row": 0, "column": 24, "tagName": "table", "time": 26431.378785, "url": "", "pos": 24, "chunkLen": 66, "isStartTag": 0}}
06-28 15:56:02.956 17821 17834 E WProf.db: {"WprofHTMLTag": {"code": "0x9d2ebe10", "doc": "http://searchengineland.com/3-free-adwords-testing-tools-adopt-today-270116", "row": 0, "column": 37, "tagName": "a", "time": 26431.378845, "url": "", "pos": 37, "chunkLen": 66, "isStartTag": 1}}
06-28 15:56:02.956 17821 17834 E WProf.db: {"WprofHTMLTag": {"code": "0x9d2ebe40", "doc": "http://searchengineland.com/3-free-adwords-testing-tools-adopt-today-270116", "row": 0, "column": 42, "tagName": "a", "time": 26431.380141, "url": "", "pos": 42, "chunkLen": 66, "isStartTag": 0}}
06-28 15:56:02.956 17821 17834 E WProf.db: {"WprofHTMLTag": {"code": "0x9d2ebe70", "doc": "http://searchengineland.com/3-free-adwords-testing-tools-adopt-today-270116", "row": 0, "column": 66, "tagName": "input", "time": 26431.380221, "url": "", "pos": 66, "chunkLen": 66, "isStartTag": 1}}
06-28 15:56:02.956 17821 17834 E WProf.db: {"WprofHTMLTag": {"code": "0x9d2ebf00", "doc": "http://searchengineland.com/3-free-adwords-testing-tools-adopt-today-270116", "row": 0, "column": 9, "tagName": "link", "time": 26431.382221, "url": "", "pos": 9, "chunkLen": 66, "isStartTag": 1}}
06-28 15:56:02.956 17821 17834 E WProf.db: {"WprofHTMLTag": {"code": "0x9d2ebf30", "doc": "http://searchengineland.com/3-free-adwords-testing-tools-adopt-today-270116", "row": 0, "column": 16, "tagName": "table", "time": 26431.382328, "url": "", "pos": 16, "chunkLen": 66, "isStartTag": 1}}
06-28 15:56:02.957 17821 17834 E WProf.db: {"WprofHTMLTag": {"code": "0x9d2ebf60", "doc": "http://searchengineland.com/3-free-adwords-testing-tools-adopt-today-270116", "row": 0, "column": 24, "tagName": "table", "time": 26431.382395, "url": "", "pos": 24, "chunkLen": 66, "isStartTag": 0}}
06-28 15:56:02.957 17821 17834 E WProf.db: {"WprofHTMLTag": {"code": "0x9d2ebf90", "doc": "http://searchengineland.com/3-free-adwords-testing-tools-adopt-today-270116", "row": 0, "column": 37, "tagName": "a", "time": 26431.382459, "url": "", "pos": 37, "chunkLen": 66, "isStartTag": 1}}
06-28 15:56:02.957 17821 17834 E WProf.db: {"WprofHTMLTag": {"code": "0x9d2ebfc0", "doc": "http://searchengineland.com/3-free-adwords-testing-tools-adopt-today-270116", "row": 0, "column": 42, "tagName": "a", "time": 26431.382625, "url": "", "pos": 42, "chunkLen": 66, "isStartTag": 0}}
06-28 15:56:02.957 17821 17834 E WProf.db: {"WprofHTMLTag": {"code": "0x9d2ebff0", "doc": "http://searchengineland.com/3-free-adwords-testing-tools-adopt-today-270116", "row": 0, "column": 66, "tagName": "input", "time": 26431.382690, "url": "", "pos": 66, "chunkLen": 66, "isStartTag": 1}}
06-28 15:56:02.957 17821 17834 E WProf.db: {"WprofHTMLTag": {"code": "0x9d2ec050", "doc": "http://searchengineland.com/3-free-adwords-testing-tools-adopt-today-270116", "row": 0, "column": 9, "tagName": "link", "time": 26431.387513, "url": "", "pos": 9, "chunkLen": 66, "isStartTag": 1}}
06-28 15:56:02.957 17821 17834 E WProf.db: {"WprofHTMLTag": {"code": "0x9d2ec080", "doc": "http://searchengineland.com/3-free-adwords-testing-tools-adopt-today-270116", "row": 0, "column": 16, "tagName": "table", "time": 26431.387641, "url": "", "pos": 16, "chunkLen": 66, "isStartTag": 1}}
06-28 15:56:02.957 17821 17834 E WProf.db: {"WprofHTMLTag": {"code": "0x9d2ec0b0", "doc": "http://searchengineland.com/3-free-adwords-testing-tools-adopt-today-270116", "row": 0, "column": 24, "tagName": "table", "time": 26431.387717, "url": "", "pos": 24, "chunkLen": 66, "isStartTag": 0}}
06-28 15:56:02.957 17821 17834 E WProf.db: {"WprofHTMLTag": {"code": "0x9d2ec0e0", "doc": "http://searchengineland.com/3-free-adwords-testing-tools-adopt-today-270116", "row": 0, "column": 37, "tagName": "a", "time": 26431.387782, "url": "", "pos": 37, "chunkLen": 66, "isStartTag": 1}}
06-28 15:56:02.957 17821 17834 E WProf.db: {"WprofHTMLTag": {"code": "0x9d2ec110", "doc": "http://searchengineland.com/3-free-adwords-testing-tools-adopt-today-270116", "row": 0, "column": 42, "tagName": "a", "time": 26431.387947, "url": "", "pos": 42, "chunkLen": 66, "isStartTag": 0}}
06-28 15:56:02.957 17821 17834 E WProf.db: {"WprofHTMLTag": {"code": "0x9d2ec140", "doc": "http://searchengineland.com/3-free-adwords-testing-tools-adopt-today-270116", "row": 0, "column": 66, "tagName": "input", "time": 26431.388006, "url": "", "pos": 66, "chunkLen": 66, "isStartTag": 1}}
06-28 15:56:02.958 17821 17834 E WProf.db: {"WprofHTMLTag": {"code": "0x9d2ec260", "doc": "http://searchengineland.com/3-free-adwords-testing-tools-adopt-today-270116", "row": 115, "column": 154, "tagName": "script", "time": 26431.401869, "url": "http://searchengineland.com/figz/wp-content/themes/searchengineland/js/lib/jquery-ui-1.10.3.custom.min.js?ver=1.10.3", "pos": 67, "chunkLen": 67, "isStartTag": 1}}
06-28 15:56:02.958 17821 17834 E WProf.db: {"WprofHTMLTag": {"code": "0x9d2ec290", "doc": "http://searchengineland.com/3-free-adwords-testing-tools-adopt-today-270116", "row": 115, "column": 163, "tagName": "script", "time": 26431.402179, "url": "", "pos": 67, "chunkLen": 67, "isStartTag": 0}}
06-28 15:56:02.958 17821 17834 E WProf.db: {"WprofHTMLTag": {"code": "0xaedddc90", "doc": "http://searchengineland.com/3-free-adwords-testing-tools-adopt-today-270116", "row": 0, "column": 111, "tagName": "div", "time": 26431.786374, "url": "", "pos": 111, "chunkLen": 117, "isStartTag": 1}}
06-28 15:56:02.958 17821 17834 E WProf.db: {"WprofHTMLTag": {"code": "0xaedddc30", "doc": "http://searchengineland.com/3-free-adwords-testing-tools-adopt-today-270116", "row": 0, "column": 117, "tagName": "div", "time": 26431.786580, "url": "", "pos": 117, "chunkLen": 117, "isStartTag": 0}}
06-28 15:56:02.958 17821 17834 E WProf.db: {"WprofHTMLTag": {"code": "0x9d2ec530", "doc": "http://searchengineland.com/3-free-adwords-testing-tools-adopt-today-270116", "row": 116, "column": 155, "tagName": "script", "time": 26431.814274, "url": "http://searchengineland.com/figz/wp-content/themes/searchengineland/js/lib/jquery.ba-throttle-debounce.min.js?ver=1.1", "pos": 118, "chunkLen": 118, "isStartTag": 1}}
06-28 15:56:02.958 17821 17834 E WProf.db: {"WprofHTMLTag": {"code": "0x9d2ec560", "doc": "http://searchengineland.com/3-free-adwords-testing-tools-adopt-today-270116", "row": 116, "column": 164, "tagName": "script", "time": 26431.814544, "url": "", "pos": 118, "chunkLen": 118, "isStartTag": 0}}
06-28 15:56:02.958 17821 17834 E WProf.db: {"WprofHTMLTag": {"code": "0x9d2ec590", "doc": "http://searchengineland.com/3-free-adwords-testing-tools-adopt-today-270116", "row": 117, "column": 146, "tagName": "script", "time": 26431.815743, "url": "http://searchengineland.com/figz/wp-content/themes/searchengineland/js/lib/jquery.countdown.min.js?ver=2.0.4", "pos": 118, "chunkLen": 118, "isStartTag": 1}}
06-28 15:56:02.958 17821 17834 E WProf.db: {"WprofHTMLTag": {"code": "0x9d2ec680", "doc": "http://searchengineland.com/3-free-adwords-testing-tools-adopt-today-270116", "row": 117, "column": 155, "tagName": "script", "time": 26431.815972, "url": "", "pos": 118, "chunkLen": 118, "isStartTag": 0}}
06-28 15:56:02.958 17821 17834 E WProf.db: {"WprofHTMLTag": {"code": "0x9d2ec6b0", "doc": "http://searchengineland.com/3-free-adwords-testing-tools-adopt-today-270116", "row": 118, "column": 77, "tagName": "link", "time": 26431.818443, "url": "http://searchengineland.com/wp-json/", "pos": 118, "chunkLen": 118, "isStartTag": 1}}
