--------- beginning of main
06-28 11:40:46.018  3449  3449 E Finsky  : [1] com.google.android.finsky.wear.bl.a(3): onConnectionFailed: ConnectionResult{statusCode=API_UNAVAILABLE, resolution=null, message=null}
--------- beginning of system
06-28 11:40:47.099 24945 24945 E chromium: [ERROR:shell_integration_android.cc(12)] Not implemented reached in static ShellIntegration::DefaultWebClientSetPermission ShellIntegration::CanSetAsDefaultBrowser()
06-28 11:40:47.105 24945 24945 E chromium: [ERROR:browser_process_impl.cc(720)] Not implemented reached in virtual BackgroundModeManager* BrowserProcessImpl::background_mode_manager()
06-28 11:40:47.495  3218 10918 E AudioRecord-JNI: Error -4 during AudioRecord native read
06-28 11:40:49.987 24945 24991 E chromium: [ERROR:gles2_cmd_decoder.cc(3852)] [.ChromiumCompositor-0xacbb2fc0]GL ERROR :GL_INVALID_ENUM : glDiscardFramebufferEXT: attachments was GL_COLOR_EXT
06-28 11:40:50.279 25011 25025 E WPROF   : {"CSS": {"url": "http://searchengineland.com/figz/wp-content/themes/searchengineland/css/searchengineland-bootstrap.css", "requestTime": 11127.334220}}
06-28 11:40:50.279 25011 25025 E WPROF   : {"CSS": {"url": "http://fonts.googleapis.com/css?family=Oswald:300,400,700", "requestTime": 11127.334849}}
06-28 11:40:50.280 25011 25025 E WPROF   : {"CSS": {"url": "http://searchengineland.com/figz/wp-content/themes/searchengineland/style.css", "requestTime": 11127.335378}}
06-28 11:40:50.288 25011 25025 E WPROF   : {"Javascript": {"url": "http://searchengineland.com/figz/wp-content/themes/searchengineland/js/lib/modernizr.custom.js?ver=1.0", "requestTime": 11127.343553}}
06-28 11:40:50.295 25011 25025 E WPROF   : {"Javascript": {"url": "http://searchengineland.com/figz/wp-content/themes/searchengineland/js/lib/jquery-1.11.0.min.js?ver=1.11.0", "requestTime": 11127.350773}}
06-28 11:40:50.296 25011 25025 E WPROF   : {"Javascript": {"url": "http://searchengineland.com/figz/wp-content/themes/searchengineland/js/lib/jquery-ui-1.10.3.custom.min.js?ver=1.10.3", "requestTime": 11127.351369}}
06-28 11:40:50.296 25011 25025 E WPROF   : {"Javascript": {"url": "http://searchengineland.com/figz/wp-content/themes/searchengineland/js/lib/jquery.ba-throttle-debounce.min.js?ver=1.1", "requestTime": 11127.351758}}
06-28 11:40:50.296 25011 25025 E WPROF   : {"Javascript": {"url": "http://searchengineland.com/figz/wp-content/themes/searchengineland/js/lib/jquery.countdown.min.js?ver=2.0.4", "requestTime": 11127.352150}}
06-28 11:40:50.297 25011 25025 E WPROF   : {"Javascript": {"url": "http://static.chartbeat.com/js/chartbeat_mab.js", "requestTime": 11127.352588}}
06-28 11:40:50.795 25011 25025 E WPROF   : {"Javascript": {"url": "http://searchengineland.com/figz/wp-includes/js/wp-emoji-release.min.js?ver=4.7.5", "requestTime": 11127.851160}}
06-28 11:40:51.220 25011 25025 E WPROF   : {"Javascript": {"url": "http://www.googletagservices.com/tag/js/gpt.js", "requestTime": 11128.275883}}
06-28 11:40:51.224 25011 25025 E WPROF   : {"Javascript": {"url": "https://www.google-analytics.com/analytics.js", "requestTime": 11128.279422}}
06-28 11:40:51.227 25011 25025 E WPROF   : {"Javascript": {"url": "http://edge.quantserve.com/quant.js", "requestTime": 11128.282262}}
06-28 11:40:51.229 25011 25025 E WPROF   : {"Javascript": {"url": "https://connect.facebook.net/en_US/fbevents.js", "requestTime": 11128.284340}}
06-28 11:40:51.295 24945 24991 E chromium: [ERROR:gles2_cmd_decoder.cc(3852)] [.ChromiumCompositor-0xacbb2fc0]GL ERROR :GL_INVALID_ENUM : glDiscardFramebufferEXT: attachments was GL_COLOR_EXT
06-28 11:40:51.339 25011 25025 E WPROF   : {"Javascript": {"url": "http://app-sj02.marketo.com/js/forms2/js/forms2.min.js", "requestTime": 11128.394576}}
06-28 11:40:51.451 24945 24991 E chromium: [ERROR:gles2_cmd_decoder.cc(3852)] [.ChromiumCompositor-0xacbb2fc0]GL ERROR :GL_INVALID_ENUM : glDiscardFramebufferEXT: attachments was GL_COLOR_EXT
06-28 11:40:51.475 25011 25025 E WPROF   : {"Javascript": {"url": "https://connect.facebook.net/signals/config/423979991297359?v=2.7.17", "requestTime": 11128.530735}}
06-28 11:40:51.631 25011 25025 E WPROF   : {"Javascript": {"url": "http://app-sj02.marketo.com/index.php/form/getForm?munchkinId=727-ZQE-044&form=5691&url=http%3A%2F%2Fsearchengineland.com%2F5-successful-b2b-adwords-best-practices-for-any-company-277308&callback=jQuery110203573658396489918_1498617651563&_=1498617651564", "requestTime": 11128.686513}}
06-28 11:40:51.648 25011 25025 E WPROF   : {"Javascript": {"url": "http://app-sj02.marketo.com/index.php/form/getForm?munchkinId=727-ZQE-044&form=5685&url=http%3A%2F%2Fsearchengineland.com%2F5-successful-b2b-adwords-best-practices-for-any-company-277308&callback=jQuery110203573658396489918_1498617651565&_=1498617651566", "requestTime": 11128.704038}}
06-28 11:40:51.934 25011 25025 E WPROF   : {"Javascript": {"url": "http://app-sj02.marketo.com/index.php/form/getForm?munchkinId=727-ZQE-044&form=5673&url=http%3A%2F%2Fsearchengineland.com%2F5-successful-b2b-adwords-best-practices-for-any-company-277308&callback=jQuery110203573658396489918_1498617651567&_=1498617651568", "requestTime": 11128.990164}}
06-28 11:40:51.944 25011 25025 E WPROF   : {"Javascript": {"url": "http://searchengineland.com/js/ga_social_tracking.js", "requestTime": 11128.999515}}
06-28 11:40:51.947 25011 25025 E WPROF   : {"Javascript": {"url": "http://s7.addthis.com/js/300/addthis_widget.js#pubid=ra-53e918f660794f37", "requestTime": 11129.002575}}
06-28 11:40:51.999 25011 25025 E WPROF   : {"Javascript": {"url": "https://securepubads.g.doubleclick.net/gpt/pubads_impl_121.js", "requestTime": 11129.055215}}
06-28 11:40:52.008 24945 24991 E chromium: [ERROR:gles2_cmd_decoder.cc(3852)] [.ChromiumCompositor-0xacbb2fc0]GL ERROR :GL_INVALID_ENUM : glDiscardFramebufferEXT: attachments was GL_COLOR_EXT
06-28 11:40:52.440 25011 25025 E WPROF   : {"Javascript": {"url": "http://cdn.api.twitter.com/1/users/show.json?screen_name=toddsaunders&callback=twttr.setFollowersCount", "requestTime": 11129.495335}}
06-28 11:40:52.534 24945 24991 E chromium: [ERROR:gles2_cmd_decoder.cc(3852)] [.ChromiumCompositor-0xacbb2fc0]GL ERROR :GL_INVALID_ENUM : glDiscardFramebufferEXT: attachments was GL_COLOR_EXT
06-28 11:40:52.566 25011 25025 E WPROF   : {"CSS": {"url": "http://app-sj02.marketo.com/js/forms2/css/forms2.css", "requestTime": 11129.621954}}
06-28 11:40:52.570 25011 25025 E WPROF   : {"CSS": {"url": "http://app-sj02.marketo.com/js/forms2/css/forms2-theme-simple.css", "requestTime": 11129.625457}}
06-28 11:40:52.615 25011 25025 E WPROF   : {"Javascript": {"url": "https://static.xx.fbcdn.net/rsrc.php/v3iy6L4/yk/l/ko_KR/be4fIjHRc8P.js", "requestTime": 11129.670774}}
06-28 11:40:52.691   862  1657 E LocSvc_IzatApiV02: E/virtual int izat_core::IzatApiV02::getBatchSize(int32_t):522]: Error : st = 4, ind.status = -1628389555
06-28 11:40:52.692   862  1657 E LocSvc_IzatApiV02: E/virtual int izat_core::IzatApiV02::getBatchSize(int32_t):535]: get batching size failed.Or modem does not support batching 
06-28 11:40:52.701   862  1657 E LocSvc_IzatApiV02: E/virtual int izat_core::IzatApiV02::getBatchSize(int32_t):522]: Error : st = 4, ind.status = -1628389555
06-28 11:40:52.701   862  1657 E LocSvc_IzatApiV02: E/virtual int izat_core::IzatApiV02::getBatchSize(int32_t):535]: get batching size failed.Or modem does not support batching 
06-28 11:40:52.730   862  1657 E LocSvc_IzatApiV02: E/virtual int izat_core::IzatApiV02::getBatchSize(int32_t):522]: Error : st = 4, ind.status = -1628389555
06-28 11:40:52.731   862  1657 E LocSvc_IzatApiV02: E/virtual int izat_core::IzatApiV02::getBatchSize(int32_t):535]: get batching size failed.Or modem does not support batching 
06-28 11:40:52.736 25011 25025 E WPROF   : {"Javascript": {"url": "http://www.googleadservices.com/pagead/conversion.js", "requestTime": 11129.792144}}
06-28 11:40:52.737 25011 25025 E WPROF   : {"Javascript": {"url": "http://searchengineland.com/figz/wp-content/themes/searchengineland/js/script.js?ver=1.0", "requestTime": 11129.792484}}
06-28 11:40:52.737 25011 25025 E WPROF   : {"Javascript": {"url": "http://searchengineland.com/figz/wp-includes/js/wp-embed.min.js?ver=4.7.5", "requestTime": 11129.793044}}
06-28 11:40:52.738 25011 25025 E WPROF   : {"Javascript": {"url": "http://searchengineland.com/figz/wp-content/themes/searchengineland/js/modules/sharing_controls.js", "requestTime": 11129.793432}}
06-28 11:40:52.745   862  1657 E LocSvc_IzatApiV02: E/virtual int izat_core::IzatApiV02::getBatchSize(int32_t):522]: Error : st = 4, ind.status = -1628389555
06-28 11:40:52.745   862  1657 E LocSvc_IzatApiV02: E/virtual int izat_core::IzatApiV02::getBatchSize(int32_t):535]: get batching size failed.Or modem does not support batching 
06-28 11:40:52.846 24945 24991 E chromium: [ERROR:gles2_cmd_decoder.cc(3852)] [.ChromiumCompositor-0xacbb2fc0]GL ERROR :GL_INVALID_ENUM : glDiscardFramebufferEXT: attachments was GL_COLOR_EXT
06-28 11:40:53.524 25011 25025 E WPROF   : {"Javascript": {"url": "https://securepubads.g.doubleclick.net/gampad/ads?gdfp_req=1&correlator=234891532828672&output=json_html&callback=googletag.impl.pubads.callbackProxy1&impl=fifs&json_a=1&eid=108809080%2C108809103%2C21060552&sc=0&sfv=1-0-9&iu_parts=1038259%2Csel-ciu-1%2Csel-ciu-2%2Csel-ciu-3%2Csel-ciu-4%2Csel-ciu-5%2", "requestTime": 11130.579926}}
06-28 11:40:53.654 25011 25025 E WPROF   : {"Javascript": {"url": "http://d2j3qa5nc37287.cloudfront.net/coupon_code1.js", "requestTime": 11130.709860}}
06-28 11:40:53.773 24945 24991 E chromium: [ERROR:gles2_cmd_decoder.cc(3852)] [.ChromiumCompositor-0xacbb2fc0]GL ERROR :GL_INVALID_ENUM : glDiscardFramebufferEXT: attachments was GL_COLOR_EXT
06-28 11:40:54.267 25011 25025 E WPROF   : {"CSS": {"url": "https://www.youtube.com/yts/cssbin/www-embed-player-sprite-mode-vfl5G4Xm8.css", "requestTime": 11131.323018}}
06-28 11:40:54.268 25011 25025 E WPROF   : {"Javascript": {"url": "https://www.youtube.com/yts/jsbin/www-embed-player-vfl_UY_j8/www-embed-player.js", "requestTime": 11131.324090}}
06-28 11:40:54.269 25011 25025 E WPROF   : {"Javascript": {"url": "https://www.youtube.com/yts/jsbin/player-vflo1w4O-/ko_KR/base.js", "requestTime": 11131.324411}}
06-28 11:40:54.339 24945 24991 E chromium: [ERROR:gles2_cmd_decoder.cc(3852)] [.ChromiumCompositor-0xacbb2fc0]GL ERROR :GL_INVALID_ENUM : glDiscardFramebufferEXT: attachments was GL_COLOR_EXT
06-28 11:40:55.262 24945 24991 E chromium: [ERROR:gles2_cmd_decoder.cc(3852)] [.ChromiumCompositor-0xacbb2fc0]GL ERROR :GL_INVALID_ENUM : glDiscardFramebufferEXT: attachments was GL_COLOR_EXT
06-28 11:40:56.443 25011 25025 E WPROF   : {"Javascript": {"url": "https://www.google.com/js/bg/KWBfAnWFESAEEaKKgdYlTHY9ysQaNoQuzeMFqvxDSM8.js", "requestTime": 11133.498249}}
06-28 11:40:56.445 25011 25025 E WPROF   : {"Javascript": {"url": "https://static.doubleclick.net/instream/ad_status.js", "requestTime": 11133.500616}}
06-28 11:40:56.747 24945 24991 E chromium: [ERROR:gles2_cmd_decoder.cc(3852)] [.ChromiumCompositor-0xacbb2fc0]GL ERROR :GL_INVALID_ENUM : glDiscardFramebufferEXT: attachments was GL_COLOR_EXT
06-28 11:40:56.910 24945 24991 E chromium: [ERROR:gles2_cmd_decoder.cc(3852)] [.ChromiumCompositor-0xacbb2fc0]GL ERROR :GL_INVALID_ENUM : glDiscardFramebufferEXT: attachments was GL_COLOR_EXT
06-28 11:40:56.929 25011 25025 E WPROF   : {"Javascript": {"url": "https://tpc.googlesyndication.com/pagead/js/r20170619/r20110914/client/ext/m_window_focus_non_hydra.js", "requestTime": 11133.984650}}
06-28 11:40:56.931 25011 25025 E WPROF   : {"Javascript": {"url": "https://tpc.googlesyndication.com/pagead/js/r20170619/r20110914/activeview/osd_listener.js", "requestTime": 11133.986352}}
06-28 11:40:56.937 25011 25025 E WPROF   : {"Javascript": {"url": "http://pagead2.googlesyndication.com/pagead/osd.js", "requestTime": 11133.993181}}
06-28 11:40:57.044 25011 25025 E WPROF   : {"Javascript": {"url": "http://www.justuno.com/ajax/account_version_check.html?id=828FA275-FF73-401E-AA39-40F5A6FAB6B1", "requestTime": 11134.099366}}
06-28 11:40:57.124 24945 24991 E chromium: [ERROR:gles2_cmd_decoder.cc(3852)] [.ChromiumCompositor-0xacbb2fc0]GL ERROR :GL_INVALID_ENUM : glDiscardFramebufferEXT: attachments was GL_COLOR_EXT
06-28 11:40:57.223 24945 24991 E chromium: [ERROR:gles2_cmd_decoder.cc(3852)] [.ChromiumCompositor-0xacbb2fc0]GL ERROR :GL_INVALID_ENUM : glDiscardFramebufferEXT: attachments was GL_COLOR_EXT
06-28 11:40:58.046 24945 24991 E chromium: [ERROR:gles2_cmd_decoder.cc(3852)] [.ChromiumCompositor-0xacbb2fc0]GL ERROR :GL_INVALID_ENUM : glDiscardFramebufferEXT: attachments was GL_COLOR_EXT
06-28 11:40:58.302 24945 24991 E chromium: [ERROR:gles2_cmd_decoder.cc(3852)] [.ChromiumCompositor-0xacbb2fc0]GL ERROR :GL_INVALID_ENUM : glDiscardFramebufferEXT: attachments was GL_COLOR_EXT
06-28 11:40:58.427 25011 25025 E WPROF   : {"Javascript": {"url": "http://cdn.justuno.com/mwgt_3.6.js", "requestTime": 11135.482922}}
06-28 11:40:58.450 24945 24991 E chromium: [ERROR:gles2_cmd_decoder.cc(3852)] [.ChromiumCompositor-0xacbb2fc0]GL ERROR :GL_INVALID_ENUM : glDiscardFramebufferEXT: attachments was GL_COLOR_EXT
06-28 11:40:59.438 25011 25025 E WPROF   : {"Javascript": {"url": "https://app-sj02.marketo.com/js/forms2/js/forms2.min.js", "requestTime": 11136.493257}}
06-28 11:40:59.508 24945 24991 E chromium: [ERROR:gles2_cmd_decoder.cc(3852)] [.ChromiumCompositor-0xacbb2fc0]GL ERROR :GL_INVALID_ENUM : glDiscardFramebufferEXT: attachments was GL_COLOR_EXT
06-28 11:40:59.666 25011 25025 E WProf.db: {"page": "searchengineland.com_5-successful-b2b-adwords-best-practices-for-any-company-277308"}
06-28 11:40:59.666 25011 25025 E WProf.db: {"DOMLoad": 11136.721955}
06-28 11:40:59.666 25011 25025 E WProf.db: {"Resource": {"id": 1, "url": "http://searchengineland.com/5-successful-b2b-adwords-best-practices-for-any-company-277308", "sentTime": -1.000000, "len": 99144, "from": "0x0", "mimeType": "text/html", "contentLength": -1, "httpStatus": 200, "connId": 19, "connReused": 1, "cached": 0,"requestTime": 11126.973005, "proxyStart": -1, "proxyEnd": -1, "dnsStart": -1, "dnsEnd": -1, "connectStart": 0, "connectEnd": 85, "sendStart": 85, "sendEnd": 85, "receiveHeadersEnd": 241, "sslStart": -1, "sslEnd": -1}}
06-28 11:40:59.666 25011 25025 E WProf.db: {"ReceivedChunk": {"receivedTime": 11127.236009, "len": 12587}}
06-28 11:40:59.666 25011 25025 E WProf.db: {"ReceivedChunk": {"receivedTime": 11127.322721, "len": 32768}}
06-28 11:40:59.667 25011 25025 E WProf.db: {"ReceivedChunk": {"receivedTime": 11127.323136, "len": 22860}}
06-28 11:40:59.667 25011 25025 E WProf.db: {"ReceivedChunk": {"receivedTime": 11127.380996, "len": 18537}}
06-28 11:40:59.667 25011 25025 E WProf.db: {"ReceivedChunk": {"receivedTime": 11127.385935, "len": 12392}}
06-28 11:40:59.667 25011 25025 E WProf.db: {"WprofHTMLTag": {"code": "0xaedd5540", "doc": "http://searchengineland.com/5-successful-b2b-adwords-best-practices-for-any-company-277308", "row": 6, "column": 42, "tagName": "html", "time": 11127.327101, "url": "", "pos": 1, "chunkLen": 1, "isStartTag": 1}}
06-28 11:40:59.667 25011 25025 E WProf.db: {"WprofHTMLTag": {"code": "0xaf0476d0", "doc": "http://searchengineland.com/5-successful-b2b-adwords-best-practices-for-any-company-277308", "row": 7, "column": 6, "tagName": "head", "time": 11127.327537, "url": "", "pos": 1, "chunkLen": 1, "isStartTag": 1}}
06-28 11:40:59.667 25011 25025 E WProf.db: {"WprofHTMLTag": {"code": "0xaf0477c0", "doc": "http://searchengineland.com/5-successful-b2b-adwords-best-practices-for-any-company-277308", "row": 8, "column": 54, "tagName": "meta", "time": 11127.327583, "url": "", "pos": 1, "chunkLen": 1, "isStartTag": 1}}
06-28 11:40:59.667 25011 25025 E WProf.db: {"WprofHTMLTag": {"code": "0xaf0477f0", "doc": "http://searchengineland.com/5-successful-b2b-adwords-best-practices-for-any-company-277308", "row": 9, "column": 68, "tagName": "meta", "time": 11127.327740, "url": "", "pos": 1, "chunkLen": 1, "isStartTag": 1}}
06-28 11:40:59.667 25011 25025 E WProf.db: {"WprofHTMLTag": {"code": "0xaf047820", "doc": "http://searchengineland.com/5-successful-b2b-adwords-best-practices-for-any-company-277308", "row": 10, "column": 23, "tagName": "meta", "time": 11127.327931, "url": "", "pos": 1, "chunkLen": 1, "isStartTag": 1}}
06-28 11:40:59.667 25011 25025 E WProf.db: {"WprofHTMLTag": {"code": "0xaf047850", "doc": "http://searchengineland.com/5-successful-b2b-adwords-best-practices-for-any-company-277308", "row": 11, "column": 52, "tagName": "meta", "time": 11127.328065, "url": "", "pos": 1, "chunkLen": 1, "isStartTag": 1}}
06-28 11:40:59.667 25011 25025 E WProf.db: {"WprofHTMLTag": {"code": "0xaf047880", "doc": "http://searchengineland.com/5-successful-b2b-adwords-best-practices-for-any-company-277308", "row": 14, "column": 56, "tagName": "meta", "time": 11127.328193, "url": "", "pos": 1, "chunkLen": 1, "isStartTag": 1}}
06-28 11:40:59.667 25011 25025 E WProf.db: {"WprofHTMLTag": {"code": "0xaf0478b0", "doc": "http://searchengineland.com/5-successful-b2b-adwords-best-practices-for-any-company-277308", "row": 15, "column": 83, "tagName": "meta", "time": 11127.328358, "url": "", "pos": 1, "chunkLen": 1, "isStartTag": 1}}
06-28 11:40:59.667 25011 25025 E WProf.db: {"WprofHTMLTag": {"code": "0xaf0478e0", "doc": "http://searchengineland.com/5-successful-b2b-adwords-best-practices-for-any-company-277308", "row": 16, "column": 57, "tagName": "meta", "time": 11127.328474, "url": "", "pos": 1, "chunkLen": 1, "isStartTag": 1}}
06-28 11:40:59.667 25011 25025 E WProf.db: {"WprofHTMLTag": {"code": "0xaf047970", "doc": "http://searchengineland.com/5-successful-b2b-adwords-best-practices-for-any-company-277308", "row": 17, "column": 41, "tagName": "meta", "time": 11127.328593, "url": "", "pos": 1, "chunkLen": 1, "isStartTag": 1}}
06-28 11:40:59.667 25011 25025 E WProf.db: {"WprofHTMLTag": {"code": "0xaf0479a0", "doc": "http://searchengineland.com/5-successful-b2b-adwords-best-practices-for-any-company-277308", "row": 18, "column": 50, "tagName": "meta", "time": 11127.328708, "url": "", "pos": 1, "chunkLen": 1, "isStartTag": 1}}
06-28 11:40:59.668 25011 25025 E WProf.db: {"WprofHTMLTag": {"code": "0xaf0479d0", "doc": "http://searchengineland.com/5-successful-b2b-adwords-best-practices-for-any-company-277308", "row": 19, "column": 174, "tagName": "meta", "time": 11127.328820, "url": "", "pos": 1, "chunkLen": 1, "isStartTag": 1}}
06-28 11:40:59.668 25011 25025 E WProf.db: {"WprofHTMLTag": {"code": "0xaf047940", "doc": "http://searchengineland.com/5-successful-b2b-adwords-best-practices-for-any-company-277308", "row": 20, "column": 47, "tagName": "meta", "time": 11127.328936, "url": "", "pos": 1, "chunkLen": 1, "isStartTag": 1}}
06-28 11:40:59.668 25011 25025 E WProf.db: {"WprofHTMLTag": {"code": "0xaf047910", "doc": "http://searchengineland.com/5-successful-b2b-adwords-best-practices-for-any-company-277308", "row": 21, "column": 67, "tagName": "meta", "time": 11127.329054, "url": "", "pos": 1, "chunkLen": 1, "isStartTag": 1}}
06-28 11:40:59.668 25011 25025 E WProf.db: {"WprofHTMLTag": {"code": "0xaf047a00", "doc": "http://searchengineland.com/5-successful-b2b-adwords-best-practices-for-any-company-277308", "row": 22, "column": 57, "tagName": "meta", "time": 11127.329170, "url": "", "pos": 1, "chunkLen": 1, "isStartTag": 1}}
06-28 11:40:59.668 25011 25025 E WProf.db: {"WprofHTMLTag": {"code": "0xaf047a30", "doc": "http://searchengineland.com/5-successful-b2b-adwords-best-practices-for-any-company-277308", "row": 23, "column": 65, "tagName": "meta", "time": 11127.329286, "url": "", "pos": 1, "chunkLen": 1, "isStartTag": 1}}
06-28 11:40:59.668 25011 25025 E WProf.db: {"WprofHTMLTag": {"code": "0xaf047a60", "doc": "http://searchengineland.com/5-successful-b2b-adwords-best-practices-for-any-company-277308", "row": 24, "column": 55, "tagName": "meta", "time": 11127.329404, "url": "", "pos": 1, "chunkLen": 1, "isStartTag": 1}}
06-28 11:40:59.668 25011 25025 E WProf.db: {"WprofHTMLTag": {"code": "0xaf047a90", "doc": "http://searchengineland.com/5-successful-b2b-adwords-best-practices-for-any-company-277308", "row": 25, "column": 71, "tagName": "meta", "time": 11127.329518, "url": "", "pos": 1, "chunkLen": 1, "isStartTag": 1}}
06-28 11:40:59.668 25011 25025 E WProf.db: {"WprofHTMLTag": {"code": "0xaf047ac0", "doc": "http://searchengineland.com/5-successful-b2b-adwords-best-practices-for-any-company-277308", "row": 26, "column": 86, "tagName": "meta", "time": 11127.329631, "url": "", "pos": 1, "chunkLen": 1, "isStartTag": 1}}
06-28 11:40:59.668 25011 25025 E WProf.db: {"WprofHTMLTag": {"code": "0xaf047af0", "doc": "http://searchengineland.com/5-successful-b2b-adwords-best-practices-for-any-company-277308", "row": 27, "column": 54, "tagName": "meta", "time": 11127.329751, "url": "", "pos": 1, "chunkLen": 1, "isStartTag": 1}}
06-28 11:40:59.668 25011 25025 E WProf.db: {"WprofHTMLTag": {"code": "0xaf047b20", "doc": "http://searchengineland.com/5-successful-b2b-adwords-best-practices-for-any-company-277308", "row": 29, "column": 149, "tagName": "meta", "time": 11127.329867, "url": "", "pos": 1, "chunkLen": 1, "isStartTag": 1}}
06-28 11:40:59.668 25011 25025 E WProf.db: {"WprofHTMLTag": {"code": "0xaf047b50", "doc": "http://searchengineland.com/5-successful-b2b-adwords-best-practices-for-any-company-277308", "row": 30, "column": 224, "tagName": "meta", "time": 11127.329984, "url": "", "pos": 1, "chunkLen": 1, "isStartTag": 1}}
06-28 11:40:59.668 25011 25025 E WProf.db: {"WprofHTMLTag": {"code": "0xaf047b80", "doc": "http://searchengineland.com/5-successful-b2b-adwords-best-practices-for-any-company-277308", "row": 31, "column": 55, "tagName": "meta", "time": 11127.331082, "url": "", "pos": 1, "chunkLen": 1, "isStartTag": 1}}
06-28 11:40:59.668 25011 25025 E WProf.db: {"WprofHTMLTag": {"code": "0xaf047bb0", "doc": "http://searchengineland.com/5-successful-b2b-adwords-best-practices-for-any-company-277308", "row": 32, "column": 54, "tagName": "meta", "time": 11127.331187, "url": "", "pos": 1, "chunkLen": 1, "isStartTag": 1}}
06-28 11:40:59.669 25011 25025 E WProf.db: {"WprofHTMLTag": {"code": "0xaf047be0", "doc": "http://searchengineland.com/5-successful-b2b-adwords-best-practices-for-any-company-277308", "row": 33, "column": 133, "tagName": "meta", "time": 11127.331292, "url": "", "pos": 1, "chunkLen": 1, "isStartTag": 1}}
06-28 11:40:59.669 25011 25025 E WProf.db: {"WprofHTMLTag": {"code": "0xaf047c10", "doc": "http://searchengineland.com/5-successful-b2b-adwords-best-practices-for-any-company-277308", "row": 37, "column": 36, "tagName": "script", "time": 11127.331398, "url": "", "pos": 1, "chunkLen": 1, "isStartTag": 1}}
06-28 11:40:59.669 25011 25025 E WProf.db: {"WprofHTMLTag": {"code": "0xaf047c40", "doc": "http://searchengineland.com/5-successful-b2b-adwords-best-practices-for-any-company-277308", "row": 53, "column": 10, "tagName": "script", "time": 11127.332344, "url": "", "pos": 1, "chunkLen": 1, "isStartTag": 0}}
06-28 11:40:59.669 25011 25025 E WProf.db: {"WprofHTMLTag": {"code": "0xaedd5810", "doc": "http://searchengineland.com/5-successful-b2b-adwords-best-practices-for-any-company-277308", "row": 55, "column": 86, "tagName": "link", "time": 11127.332927, "url": "http://searchengineland.com/apple-touch-icon.png", "pos": 1, "chunkLen": 1, "isStartTag": 1}}
06-28 11:40:59.669 25011 25025 E WProf.db: {"WprofHTMLTag": {"code": "0xaf047c70", "doc": "http://searchengineland.com/5-successful-b2b-adwords-best-practices-for-any-company-277308", "row": 56, "column": 76, "tagName": "link", "time": 11127.333203, "url": "http://searchengineland.com/favicon.ico", "pos": 1, "chunkLen": 1, "isStartTag": 1}}
06-28 11:40:59.669 25011 25025 E WProf.db: {"WprofHTMLTag": {"code": "0xaf047ca0", "doc": "http://searchengineland.com/5-successful-b2b-adwords-best-practices-for-any-company-277308", "row": 57, "column": 158, "tagName": "link", "time": 11127.333396, "url": "http://feeds.searchengineland.com/searchengineland", "pos": 1, "chunkLen": 1, "isStartTag": 1}}
06-28 11:40:59.669 25011 25025 E WProf.db: {"WprofHTMLTag": {"code": "0xaf047cd0", "doc": "http://searchengineland.com/5-successful-b2b-adwords-best-practices-for-any-company-277308", "row": 58, "column": 149, "tagName": "link", "time": 11127.333658, "url": "http://feeds.searchengineland.com/searchcap", "pos": 1, "chunkLen": 1, "isStartTag": 1}}
06-28 11:40:59.669 25011 25025 E WProf.db: {"WprofHTMLTag": {"code": "0xaf047d00", "doc": "http://searchengineland.com/5-successful-b2b-adwords-best-practices-for-any-company-277308", "row": 59, "column": 150, "tagName": "link", "time": 11127.333935, "url": "http://searchengineland.com/figz/wp-content/themes/searchengineland/css/searchengineland-bootstrap.css", "pos": 1, "chunkLen": 1, "isStartTag": 1}}
06-28 11:40:59.669 25011 25025 E WProf.db: {"WprofHTMLTag": {"code": "0xaf047d60", "doc": "http://searchengineland.com/5-successful-b2b-adwords-best-practices-for-any-company-277308", "row": 60, "column": 105, "tagName": "link", "time": 11127.334586, "url": "http://fonts.googleapis.com/css?family=Oswald:300,400,700", "pos": 1, "chunkLen": 1, "isStartTag": 1}}
06-28 11:40:59.669 25011 25025 E WProf.db: {"WprofHTMLTag": {"code": "0xaf047dc0", "doc": "http://searchengineland.com/5-successful-b2b-adwords-best-practices-for-any-company-277308", "row": 61, "column": 125, "tagName": "link", "time": 11127.335111, "url": "http://searchengineland.com/figz/wp-content/themes/searchengineland/style.css", "pos": 1, "chunkLen": 1, "isStartTag": 1}}
06-28 11:40:59.669 25011 25025 E WProf.db: {"WprofHTMLTag": {"code": "0xaf047e20", "doc": "http://searchengineland.com/5-successful-b2b-adwords-best-practices-for-any-company-277308", "row": 65, "column": 7, "tagName": "title", "time": 11127.335645, "url": "", "pos": 1, "chunkLen": 1, "isStartTag": 1}}
06-28 11:40:59.669 25011 25025 E WProf.db: {"WprofHTMLTag": {"code": "0xaf047e50", "doc": "http://searchengineland.com/5-successful-b2b-adwords-best-practices-for-any-company-277308", "row": 65, "column": 70, "tagName": "title", "time": 11127.335877, "url": "", "pos": 1, "chunkLen": 1, "isStartTag": 0}}
06-28 11:40:59.669 25011 25025 E WProf.db: {"WprofHTMLTag": {"code": "0xaf047e80", "doc": "http://searchengineland.com/5-successful-b2b-adwords-best-practices-for-any-company-277308", "row": 66, "column": 221, "tagName": "meta", "time": 11127.335899, "url": "", "pos": 1, "chunkLen": 1, "isStartTag": 1}}
06-28 11:40:59.670 25011 25025 E WProf.db: {"WprofHTMLTag": {"code": "0xaf047eb0", "doc": "http://searchengineland.com/5-successful-b2b-adwords-best-practices-for-any-company-277308", "row": 67, "column": 150, "tagName": "meta", "time": 11127.336025, "url": "", "pos": 1, "chunkLen": 1, "isStartTag": 1}}
06-28 11:40:59.670 25011 25025 E WProf.db: {"WprofHTMLTag": {"code": "0xaf047ee0", "doc": "http://searchengineland.com/5-successful-b2b-adwords-best-practices-for-any-company-277308", "row": 68, "column": 132, "tagName": "meta", "time": 11127.336129, "url": "", "pos": 1, "chunkLen": 1, "isStartTag": 1}}
06-28 11:40:59.670 25011 25025 E WProf.db: {"WprofHTMLTag": {"code": "0xaf047f10", "doc": "http://searchengineland.com/5-successful-b2b-adwords-best-practices-for-any-company-277308", "row": 69, "column": 37, "tagName": "meta", "time": 11127.336237, "url": "", "pos": 1, "chunkLen": 1, "isStartTag": 1}}
06-28 11:40:59.670 25011 25025 E WProf.db: {"WprofHTMLTag": {"code": "0xaf047f40", "doc": "http://searchengineland.com/5-successful-b2b-adwords-best-practices-for-any-company-277308", "row": 70, "column": 122, "tagName": "link", "time": 11127.336342, "url": "http://searchengineland.com/5-successful-b2b-adwords-best-practices-for-any-company-277308", "pos": 1, "chunkLen": 1, "isStartTag": 1}}
06-28 11:40:59.670 25011 25025 E WProf.db: {"WprofHTMLTag": {"code": "0xaf047f70", "doc": "http://searchengineland.com/5-successful-b2b-adwords-best-practices-for-any-company-277308", "row": 71, "column": 76, "tagName": "link", "time": 11127.336539, "url": "https://plus.google.com/103218677032751327334", "pos": 1, "chunkLen": 1, "isStartTag": 1}}
06-28 11:40:59.670 25011 25025 E WProf.db: {"WprofHTMLTag": {"code": "0xaf047fa0", "doc": "http://searchengineland.com/5-successful-b2b-adwords-best-practices-for-any-company-277308", "row": 72, "column": 45, "tagName": "meta", "time": 11127.336722, "url": "", "pos": 1, "chunkLen": 1, "isStartTag": 1}}
06-28 11:40:59.670 25011 25025 E WProf.db: {"WprofHTMLTag": {"code": "0xaf047fd0", "doc": "http://searchengineland.com/5-successful-b2b-adwords-best-practices-for-any-company-277308", "row": 73, "column": 45, "tagName": "meta", "time": 11127.336832, "url": "", "pos": 1, "chunkLen": 1, "isStartTag": 1}}
06-28 11:40:59.670 25011 25025 E WProf.db: {"WprofHTMLTag": {"code": "0xb4cc74b0", "doc": "http://searchengineland.com/5-successful-b2b-adwords-best-practices-for-any-company-277308", "row": 74, "column": 94, "tagName": "meta", "time": 11127.336936, "url": "", "pos": 1, "chunkLen": 1, "isStartTag": 1}}
06-28 11:40:59.670 25011 25025 E WProf.db: {"WprofHTMLTag": {"code": "0xb4cc7540", "doc": "http://searchengineland.com/5-successful-b2b-adwords-best-practices-for-any-company-277308", "row": 75, "column": 229, "tagName": "meta", "time": 11127.337048, "url": "", "pos": 1, "chunkLen": 1, "isStartTag": 1}}
06-28 11:40:59.670 25011 25025 E WProf.db: {"WprofHTMLTag": {"code": "0xb4cc78a0", "doc": "http://searchengineland.com/5-successful-b2b-adwords-best-practices-for-any-company-277308", "row": 76, "column": 127, "tagName": "meta", "time": 11127.337151, "url": "", "pos": 1, "chunkLen": 1, "isStartTag": 1}}
06-28 11:40:59.670 25011 25025 E WProf.db: {"WprofHTMLTag": {"code": "0xb4cc78d0", "doc": "http://searchengineland.com/5-successful-b2b-adwords-best-practices-for-any-company-277308", "row": 77, "column": 61, "tagName": "meta", "time": 11127.337255, "url": "", "pos": 1, "chunkLen": 1, "isStartTag": 1}}
06-28 11:40:59.670 25011 25025 E WProf.db: {"WprofHTMLTag": {"code": "0xb4cc7900", "doc": "http://searchengineland.com/5-successful-b2b-adwords-best-practices-for-any-company-277308", "row": 78, "column": 89, "tagName": "meta", "time": 11127.338306, "url": "", "pos": 1, "chunkLen": 1, "isStartTag": 1}}
06-28 11:40:59.670 25011 25025 E WProf.db: {"WprofHTMLTag": {"code": "0xb4cc7930", "doc": "http://searchengineland.com/5-successful-b2b-adwords-best-practices-for-any-company-277308", "row": 79, "column": 58, "tagName": "meta", "time": 11127.338420, "url": "", "pos": 1, "chunkLen": 1, "isStartTag": 1}}
06-28 11:40:59.671 25011 25025 E WProf.db: {"WprofHTMLTag": {"code": "0xb4cc7960", "doc": "http://searchengineland.com/5-successful-b2b-adwords-best-practices-for-any-company-277308", "row": 80, "column": 78, "tagName": "meta", "time": 11127.338524, "url": "", "pos": 1, "chunkLen": 1, "isStartTag": 1}}
06-28 11:40:59.671 25011 25025 E WProf.db: {"WprofHTMLTag": {"code": "0xb4cc7990", "doc": "http://searchengineland.com/5-successful-b2b-adwords-best-practices-for-any-company-277308", "row": 81, "column": 127, "tagName": "meta", "time": 11127.338632, "url": "", "pos": 1, "chunkLen": 1, "isStartTag": 1}}
06-28 11:40:59.671 25011 25025 E WProf.db: {"WprofHTMLTag": {"code": "0xb4cc79c0", "doc": "http://searchengineland.com/5-successful-b2b-adwords-best-practices-for-any-company-277308", "row": 82, "column": 49, "tagName": "meta", "time": 11127.339089, "url": "", "pos": 1, "chunkLen": 1, "isStartTag": 1}}
06-28 11:40:59.671 25011 25025 E WProf.db: {"WprofHTMLTag": {"code": "0xb4cc79f0", "doc": "http://searchengineland.com/5-successful-b2b-adwords-best-practices-for-any-company-277308", "row": 83, "column": 50, "tagName": "meta", "time": 11127.339196, "url": "", "pos": 1, "chunkLen": 1, "isStartTag": 1}}
06-28 11:40:59.671 25011 25025 E WProf.db: {"WprofHTMLTag": {"code": "0xb4cc7a20", "doc": "http://searchengineland.com/5-successful-b2b-adwords-best-practices-for-any-company-277308", "row": 84, "column": 58, "tagName": "meta", "time": 11127.339302, "url": "", "pos": 1, "chunkLen": 1, "isStartTag": 1}}
06-28 11:40:59.671 25011 25025 E WProf.db: {"WprofHTMLTag": {"code": "0xb4cc7a50", "doc": "http://searchengineland.com/5-successful-b2b-adwords-best-practices-for-any-company-277308", "row": 85, "column": 230, "tagName": "meta", "time": 11127.339406, "url": "", "pos": 1, "chunkLen": 1, "isStartTag": 1}}
06-28 11:40:59.671 25011 25025 E WProf.db: {"WprofHTMLTag": {"code": "0xb4cc7a80", "doc": "http://searchengineland.com/5-successful-b2b-adwords-best-practices-for-any-company-277308", "row": 86, "column": 95, "tagName": "meta", "time": 11127.339510, "url": "", "pos": 1, "chunkLen": 1, "isStartTag": 1}}
06-28 11:40:59.671 25011 25025 E WProf.db: {"WprofHTMLTag": {"code": "0xb4cc7ab0", "doc": "http://searchengineland.com/5-successful-b2b-adwords-best-practices-for-any-company-277308", "row": 87, "column": 51, "tagName": "meta", "time": 11127.339615, "url": "", "pos": 1, "chunkLen": 1, "isStartTag": 1}}
06-28 11:40:59.671 25011 25025 E WProf.db: {"WprofHTMLTag": {"code": "0xb4cc7ae0", "doc": "http://searchengineland.com/5-successful-b2b-adwords-best-practices-for-any-company-277308", "row": 88, "column": 128, "tagName": "meta", "time": 11127.339720, "url": "", "pos": 1, "chunkLen": 1, "isStartTag": 1}}
06-28 11:40:59.671 25011 25025 E WProf.db: {"WprofHTMLTag": {"code": "0xb4cc7b10", "doc": "http://searchengineland.com/5-successful-b2b-adwords-best-practices-for-any-company-277308", "row": 89, "column": 55, "tagName": "meta", "time": 11127.339830, "url": "", "pos": 1, "chunkLen": 1, "isStartTag": 1}}
06-28 11:40:59.671 25011 25025 E WProf.db: {"WprofHTMLTag": {"code": "0xb4cc7b40", "doc": "http://searchengineland.com/5-successful-b2b-adwords-best-practices-for-any-company-277308", "row": 92, "column": 44, "tagName": "link", "time": 11127.339943, "url": "http://s.w.org/", "pos": 1, "chunkLen": 1, "isStartTag": 1}}
06-28 11:40:59.671 25011 25025 E WProf.db: {"WprofHTMLTag": {"code": "0xb4cc7b70", "doc": "http://searchengineland.com/5-successful-b2b-adwords-best-practices-for-any-company-277308", "row": 93, "column": 33, "tagName": "script", "time": 11127.342271, "url": "", "pos": 1, "chunkLen": 1, "isStartTag": 1}}
06-28 11:40:59.671 25011 25025 E WProf.db: {"WprofHTMLTag": {"code": "0xb4cc7ba0", "doc": "http://searchengineland.com/5-successful-b2b-adwords-best-practices-for-any-company-277308", "row": 96, "column": 11, "tagName": "script", "time": 11127.342596, "url": "http://searchengineland.com/figz/wp-includes/js/wp-emoji-release.min.js?ver=4.7.5", "pos": 1, "chunkLen": 1, "isStartTag": 0}}
06-28 11:40:59.672 25011 25025 E WProf.db: {"WprofHTMLTag": {"code": "0x9d1a1900", "doc": "http://searchengineland.com/5-successful-b2b-adwords-best-practices-for-any-company-277308", "row": 97, "column": 25, "tagName": "style", "time": 11127.852048, "url": "", "pos": 1, "chunkLen": 1, "isStartTag": 1}}
06-28 11:40:59.672 25011 25025 E WProf.db: {"WprofHTMLTag": {"code": "0x9d1a1930", "doc": "http://searchengineland.com/5-successful-b2b-adwords-best-practices-for-any-company-277308", "row": 110, "column": 8, "tagName": "style", "time": 11127.852248, "url": "", "pos": 1, "chunkLen": 1, "isStartTag": 0}}
06-28 11:40:59.672 25011 25025 E WProf.db: {"WprofHTMLTag": {"code": "0x9d1a1960", "doc": "http://searchengineland.com/5-successful-b2b-adwords-best-practices-for-any-company-277308", "row": 111, "column": 140, "tagName": "script", "time": 11127.853855, "url": "http://searchengineland.com/figz/wp-content/themes/searchengineland/js/lib/modernizr.custom.js?ver=1.0", "pos": 1, "chunkLen": 1, "isStartTag": 1}}
06-28 11:40:59.672 25011 25025 E WProf.db: {"WprofHTMLTag": {"code": "0x9d1a1990", "doc": "http://searchengineland.com/5-successful-b2b-adwords-best-practices-for-any-company-277308", "row": 111, "column": 149, "tagName": "script", "time": 11127.854106, "url": "", "pos": 1, "chunkLen": 1, "isStartTag": 0}}
06-28 11:40:59.672 25011 25025 E WProf.db: {"WprofHTMLTag": {"code": "0xaedd5c90", "doc": "http://searchengineland.com/5-successful-b2b-adwords-best-practices-for-any-company-277308", "row": 112, "column": 144, "tagName": "script", "time": 11127.864595, "url": "http://searchengineland.com/figz/wp-content/themes/searchengineland/js/lib/jquery-1.11.0.min.js?ver=1.11.0", "pos": 1, "chunkLen": 1, "isStartTag": 1}}
06-28 11:40:59.672 25011 25025 E WProf.db: {"WprofHTMLTag": {"code": "0xaedd5c60", "doc": "http://searchengineland.com/5-successful-b2b-adwords-best-practices-for-any-company-277308", "row": 112, "column": 153, "tagName": "script", "time": 11127.864848, "url": "", "pos": 1, "chunkLen": 1, "isStartTag": 0}}
06-28 11:40:59.672 25011 25025 E WProf.db: {"WprofHTMLTag": {"code": "0xaedd5bd0", "doc": "http://searchengineland.com/5-successful-b2b-adwords-best-practices-for-any-company-277308", "row": 0, "column": 15, "tagName": "div", "time": 11127.935817, "url": "", "pos": 15, "chunkLen": 44, "isStartTag": 1}}
06-28 11:40:59.672 25011 25025 E WProf.db: {"WprofHTMLTag": {"code": "0xaedd5ff0", "doc": "http://searchengineland.com/5-successful-b2b-adwords-best-practices-for-any-company-277308", "row": 0, "column": 21, "tagName": "div", "time": 11127.935944, "url": "", "pos": 21, "chunkLen": 44, "isStartTag": 0}}
06-28 11:40:59.672 25011 25025 E WProf.db: {"WprofHTMLTag": {"code": "0xaedd5fc0", "doc": "http://searchengineland.com/5-successful-b2b-adwords-best-practices-for-any-company-277308", "row": 0, "column": 38, "tagName": "div", "time": 11127.936005, "url": "", "pos": 38, "chunkLen": 44, "isStartTag": 1}}
06-28 11:40:59.672 25011 25025 E WProf.db: {"WprofHTMLTag": {"code": "0xaedd5d80", "doc": "http://searchengineland.com/5-successful-b2b-adwords-best-practices-for-any-company-277308", "row": 0, "column": 44, "tagName": "div", "time": 11127.936111, "url": "", "pos": 44, "chunkLen": 44, "isStartTag": 0}}
06-28 11:40:59.672 25011 25025 E WProf.db: {"WprofHTMLTag": {"code": "0x9d1a1a20", "doc": "http://searchengineland.com/5-successful-b2b-adwords-best-practices-for-any-company-277308", "row": 0, "column": 13, "tagName": "select", "time": 11127.937693, "url": "", "pos": 13, "chunkLen": 51, "isStartTag": 1}}
06-28 11:40:59.672 25011 25025 E WProf.db: {"WprofHTMLTag": {"code": "0x9d1a1a50", "doc": "http://searchengineland.com/5-successful-b2b-adwords-best-practices-for-any-company-277308", "row": 0, "column": 33, "tagName": "option", "time": 11127.937876, "url": "", "pos": 33, "chunkLen": 51, "isStartTag": 1}}
06-28 11:40:59.672 25011 25025 E WProf.db: {"WprofHTMLTag": {"code": "0x9d1a1a80", "doc": "http://searchengineland.com/5-successful-b2b-adwords-best-practices-for-any-company-277308", "row": 0, "column": 42, "tagName": "option", "time": 11127.938054, "url": "", "pos": 42, "chunkLen": 51, "isStartTag": 0}}
06-28 11:40:59.673 25011 25025 E WProf.db: {"WprofHTMLTag": {"code": "0x9d1a1ab0", "doc": "http://searchengineland.com/5-successful-b2b-adwords-best-practices-for-any-company-277308", "row": 0, "column": 51, "tagName": "select", "time": 11127.938109, "url": "", "pos": 51, "chunkLen": 51, "isStartTag": 0}}
06-28 11:40:59.673 25011 25025 E WProf.db: {"WprofHTMLTag": {"code": "0x9d1a1ae0", "doc": "http://searchengineland.com/5-successful-b2b-adwords-best-practices-for-any-company-277308", "row": 0, "column": 12, "tagName": "a", "time": 11127.942544, "url": "", "pos": 12, "chunkLen": 16, "isStartTag": 1}}
06-28 11:40:59.673 25011 25025 E WProf.db: {"WprofHTMLTag": {"code": "0x9d1a1b10", "doc": "http://searchengineland.com/5-successful-b2b-adwords-best-practices-for-any-company-277308", "row": 0, "column": 16, "tagName": "a", "time": 11127.942704, "url": "", "pos": 16, "chunkLen": 16, "isStartTag": 0}}
06-28 11:40:59.673 25011 25025 E WProf.db: {"WprofHTMLTag": {"code": "0x9d1a1b40", "doc": "http://searchengineland.com/5-successful-b2b-adwords-best-practices-for-any-company-277308", "row": 0, "column": 8, "tagName": "input", "time": 11127.943652, "url": "", "pos": 8, "chunkLen": 8, "isStartTag": 1}}
06-28 11:40:59.673 25011 25025 E WProf.db: {"WprofHTMLTag": {"code": "0x9d1a1b70", "doc": "http://searchengineland.com/5-successful-b2b-adwords-best-practices-for-any-company-277308", "row": 0, "column": 9, "tagName": "link", "time": 11127.952676, "url": "", "pos": 9, "chunkLen": 42, "isStartTag": 1}}
06-28 11:40:59.673 25011 25025 E WProf.db: {"WprofHTMLTag": {"code": "0x9d1a1ba0", "doc": "http://searchengineland.com/5-successful-b2b-adwords-best-practices-for-any-company-277308", "row": 0, "column": 16, "tagName": "table", "time": 11127.952798, "url": "", "pos": 16, "chunkLen": 42, "isStartTag": 1}}
06-28 11:40:59.673 25011 25025 E WProf.db: {"WprofHTMLTag": {"code": "0x9d1a1bd0", "doc": "http://searchengineland.com/5-successful-b2b-adwords-best-practices-for-any-company-277308", "row": 0, "column": 24, "tagName": "table", "time": 11127.952914, "url": "", "pos": 24, "chunkLen": 42, "isStartTag": 0}}
06-28 11:40:59.673 25011 25025 E WProf.db: {"WprofHTMLTag": {"code": "0x9d1a1c00", "doc": "http://searchengineland.com/5-successful-b2b-adwords-best-practices-for-any-company-277308", "row": 0, "column": 37, "tagName": "a", "time": 11127.952980, "url": "", "pos": 37, "chunkLen": 42, "isStartTag": 1}}
06-28 11:40:59.673 25011 25025 E WProf.db: {"WprofHTMLTag": {"code": "0x9d1a1c30", "doc": "http://searchengineland.com/5-successful-b2b-adwords-best-practices-for-any-company-277308", "row": 0, "column": 42, "tagName": "a", "time": 11127.953158, "url": "", "pos": 42, "chunkLen": 42, "isStartTag": 0}}
06-28 11:40:59.673 25011 25025 E WProf.db: {"WprofHTMLTag": {"code": "0x9d1a1cc0", "doc": "http://searchengineland.com/5-successful-b2b-adwords-best-practices-for-any-company-277308", "row": 0, "column": 10, "tagName": "textarea", "time": 11127.954643, "url": "", "pos": 10, "chunkLen": 22, "isStartTag": 1}}
06-28 11:40:59.673 25011 25025 E WProf.db: {"WprofHTMLTag": {"code": "0x9d1a1cf0", "doc": "http://searchengineland.com/5-successful-b2b-adwords-best-practices-for-any-company-277308", "row": 0, "column": 22, "tagName": "textarea", "time": 11127.954837, "url": "", "pos": 22, "chunkLen": 22, "isStartTag": 0}}
06-28 11:40:59.673 25011 25025 E WProf.db: {"WprofHTMLTag": {"code": "0x9d1a1d20", "doc": "http://searchengineland.com/5-successful-b2b-adwords-best-practices-for-any-company-277308", "row": 0, "column": 48, "tagName": "input", "time": 11127.955970, "url": "", "pos": 48, "chunkLen": 48, "isStartTag": 1}}
06-28 11:40:59.674 25011 25025 E WProf.db: {"WprofHTMLTag": {"code": "0x9d1a1d80", "doc": "http://searchengineland.com/5-successful-b2b-adwords-best-practices-for-any-company-277308", "row": 0, "column": 9, "tagName": "link", "time": 11127.960447, "url": "", "pos": 9, "chunkLen": 66, "isStartTag": 1}}
06-28 11:40:59.674 25011 25025 E WProf.db: {"WprofHTMLTag": {"code": "0x9d1a1db0", "doc": "http://searchengineland.com/5-successful-b2b-adwords-best-practices-for-any-company-277308", "row": 0, "column": 16, "tagName": "table", "time": 11127.960563, "url": "", "pos": 16, "chunkLen": 66, "isStartTag": 1}}
06-28 11:40:59.674 25011 25025 E WProf.db: {"WprofHTMLTag": {"code": "0x9d1a1de0", "doc": "http://searchengineland.com/5-successful-b2b-adwords-best-practices-for-any-company-277308", "row": 0, "column": 24, "tagName": "table", "time": 11127.960634, "url": "", "pos": 24, "chunkLen": 66, "isStartTag": 0}}
06-28 11:40:59.674 25011 25025 E WProf.db: {"WprofHTMLTag": {"code": "0x9d1a1e10", "doc": "http://searchengineland.com/5-successful-b2b-adwords-best-practices-for-any-company-277308", "row": 0, "column": 37, "tagName": "a", "time": 11127.960698, "url": "", "pos": 37, "chunkLen": 66, "isStartTag": 1}}
06-28 11:40:59.674 25011 25025 E WProf.db: {"WprofHTMLTag": {"code": "0x9d1a1e40", "doc": "http://searchengineland.com/5-successful-b2b-adwords-best-practices-for-any-company-277308", "row": 0, "column": 42, "tagName": "a", "time": 11127.960873, "url": "", "pos": 42, "chunkLen": 66, "isStartTag": 0}}
06-28 11:40:59.674 25011 25025 E WProf.db: {"WprofHTMLTag": {"code": "0x9d1a1e70", "doc": "http://searchengineland.com/5-successful-b2b-adwords-best-practices-for-any-company-277308", "row": 0, "column": 66, "tagName": "input", "time": 11127.961001, "url": "", "pos": 66, "chunkLen": 66, "isStartTag": 1}}
06-28 11:40:59.674 25011 25025 E WProf.db: {"WprofHTMLTag": {"code": "0x9d1a1f00", "doc": "http://searchengineland.com/5-successful-b2b-adwords-best-practices-for-any-company-277308", "row": 0, "column": 9, "tagName": "link", "time": 11127.962723, "url": "", "pos": 9, "chunkLen": 66, "isStartTag": 1}}
06-28 11:40:59.674 25011 25025 E WProf.db: {"WprofHTMLTag": {"code": "0x9d1a1f30", "doc": "http://searchengineland.com/5-successful-b2b-adwords-best-practices-for-any-company-277308", "row": 0, "column": 16, "tagName": "table", "time": 11127.962833, "url": "", "pos": 16, "chunkLen": 66, "isStartTag": 1}}
06-28 11:40:59.675 25011 25025 E WProf.db: {"WprofHTMLTag": {"code": "0x9d1a1f60", "doc": "http://searchengineland.com/5-successful-b2b-adwords-best-practices-for-any-company-277308", "row": 0, "column": 24, "tagName": "table", "time": 11127.962901, "url": "", "pos": 24, "chunkLen": 66, "isStartTag": 0}}
06-28 11:40:59.675 25011 25025 E WProf.db: {"WprofHTMLTag": {"code": "0x9d1a1f90", "doc": "http://searchengineland.com/5-successful-b2b-adwords-best-practices-for-any-company-277308", "row": 0, "column": 37, "tagName": "a", "time": 11127.962960, "url": "", "pos": 37, "chunkLen": 66, "isStartTag": 1}}
06-28 11:40:59.675 25011 25025 E WProf.db: {"WprofHTMLTag": {"code": "0x9d1a1fc0", "doc": "http://searchengineland.com/5-successful-b2b-adwords-best-practices-for-any-company-277308", "row": 0, "column": 42, "tagName": "a", "time": 11127.963123, "url": "", "pos": 42, "chunkLen": 66, "isStartTag": 0}}
06-28 11:40:59.675 25011 25025 E WProf.db: {"WprofHTMLTag": {"code": "0x9d1a1ff0", "doc": "http://searchengineland.com/5-successful-b2b-adwords-best-practices-for-any-company-277308", "row": 0, "column": 66, "tagName": "input", "time": 11127.963182, "url": "", "pos": 66, "chunkLen": 66, "isStartTag": 1}}
06-28 11:40:59.675 25011 25025 E WProf.db: {"WprofHTMLTag": {"code": "0x9d1a2050", "doc": "http://searchengineland.com/5-successful-b2b-adwords-best-practices-for-any-company-277308", "row": 0, "column": 9, "tagName": "link", "time": 11127.967260, "url": "", "pos": 9, "chunkLen": 66, "isStartTag": 1}}
06-28 11:40:59.675 25011 25025 E WProf.db: {"WprofHTMLTag": {"code": "0x9d1a2080", "doc": "http://searchengineland.com/5-successful-b2b-adwords-best-practices-for-any-company-277308", "row": 0, "column": 16, "tagName": "table", "time": 11127.967377, "url": "", "pos": 16, "chunkLen": 66, "isStartTag": 1}}
06-28 11:40:59.675 25011 25025 E WProf.db: {"WprofHTMLTag": {"code": "0x9d1a20b0", "doc": "http://searchengineland.com/5-successful-b2b-adwords-best-practices-for-any-company-277308", "row": 0, "column": 24, "tagName": "table", "time": 11127.967447, "url": "", "pos": 24, "chunkLen": 66, "isStartTag": 0}}
06-28 11:40:59.675 25011 25025 E WProf.db: {"WprofHTMLTag": {"code": "0x9d1a20e0", "doc": "http://searchengineland.com/5-successful-b2b-adwords-best-practices-for-any-company-277308", "row": 0, "column": 37, "tagName": "a", "time": 11127.967511, "url": "", "pos": 37, "chunkLen": 66, "isStartTag": 1}}
06-28 11:40:59.675 25011 25025 E WProf.db: {"WprofHTMLTag": {"code": "0x9d1a2110", "doc": "http://searchengineland.com/5-successful-b2b-adwords-best-practices-for-any-company-277308", "row": 0, "column": 42, "tagName": "a", "time": 11127.967683, "url": "", "pos": 42, "chunkLen": 66, "isStartTag": 0}}
06-28 11:40:59.675 25011 25025 E WProf.db: {"WprofHTMLTag": {"code": "0x9d1a2140", "doc": "http://searchengineland.com/5-successful-b2b-adwords-best-practices-for-any-company-277308", "row": 0, "column": 66, "tagName": "input", "time": 11127.967748, "url": "", "pos": 66, "chunkLen": 66, "isStartTag": 1}}
06-28 11:40:59.675 25011 25025 E WProf.db: {"WprofHTMLTag": {"code": "0x9d1a2260", "doc": "http://searchengineland.com/5-successful-b2b-adwords-best-practices-for-any-company-277308", "row": 113, "column": 154, "tagName": "script", "time": 11127.980604, "url": "http://searchengineland.com/figz/wp-content/themes/searchengineland/js/lib/jquery-ui-1.10.3.custom.min.js?ver=1.10.3", "pos": 67, "chunkLen": 67, "isStartTag": 1}}
06-28 11:40:59.676 25011 25025 E WProf.db: {"WprofHTMLTag": {"code": "0x9d1a2290", "doc": "http://searchengineland.com/5-successful-b2b-adwords-best-practices-for-any-company-277308", "row": 113, "column": 163, "tagName": "script", "time": 11127.980871, "url": "", "pos": 67, "chunkLen": 67, "isStartTag": 0}}
06-28 11:40:59.676 25011 25025 E WProf.db: {"WprofHTMLTag": {"code": "0xaedd5f00", "doc": "http://searchengineland.com/5-successful-b2b-adwords-best-practices-for-any-company-277308", "row": 0, "column": 111, "tagName": "div", "time": 11128.239203, "url": "", "pos": 111, "chunkLen": 117, "isStartTag": 1}}
06-28 11:40:59.676 25011 25025 E WProf.db: {"WprofHTMLTag": {"code": "0xaedd5ea0", "doc": "http://searchengineland.com/5-successful-b2b-adwords-best-practices-for-any-company-277308", "row": 0, "column": 117, "tagName": "div", "time": 11128.239433, "url": "", "pos": 117, "chunkLen": 117, "isStartTag": 0}}
06-28 11:40:59.676 25011 25025 E WProf.db: {"WprofHTMLTag": {"code": "0x9d1a25c0", "doc": "http://searchengineland.com/5-successful-b2b-adwords-best-practices-for-any-company-277308", "row": 114, "column": 155, "tagName": "script", "time": 11128.267848, "url": "http://searchengineland.com/figz/wp-content/themes/searchengineland/js/lib/jquery.ba-throttle-debounce.min.js?ver=1.1", "pos": 118, "chunkLen": 118, "isStartTag": 1}}
06-28 11:40:59.676 25011 25025 E WProf.db: {"WprofHTMLTag": {"code": "0x9d1a25f0", "doc": "http://searchengineland.com/5-successful-b2b-adwords-best-practices-for-any-company-277308", "row": 114, "column": 164, "tagName": "script", "time": 11128.268126, "url": "", "pos": 118, "chunkLen": 118, "isStartTag": 0}}
