--------- beginning of main
06-28 09:39:15.848  3449  3449 E Finsky  : [1] com.google.android.finsky.wear.bl.a(3): onConnectionFailed: ConnectionResult{statusCode=API_UNAVAILABLE, resolution=null, message=null}
--------- beginning of system
06-28 09:39:16.927 14408 14408 E chromium: [ERROR:shell_integration_android.cc(12)] Not implemented reached in static ShellIntegration::DefaultWebClientSetPermission ShellIntegration::CanSetAsDefaultBrowser()
06-28 09:39:16.931 14408 14408 E chromium: [ERROR:browser_process_impl.cc(720)] Not implemented reached in virtual BackgroundModeManager* BrowserProcessImpl::background_mode_manager()
06-28 09:39:19.910 14408 14456 E chromium: [ERROR:gles2_cmd_decoder.cc(3852)] [.ChromiumCompositor-0xacbb2fc0]GL ERROR :GL_INVALID_ENUM : glDiscardFramebufferEXT: attachments was GL_COLOR_EXT
06-28 09:39:20.175 14475 14488 E WPROF   : {"CSS": {"url": "http://searchengineland.com/figz/wp-content/themes/searchengineland/css/searchengineland-bootstrap.css", "requestTime": 3837.230740}}
06-28 09:39:20.176 14475 14488 E WPROF   : {"CSS": {"url": "http://fonts.googleapis.com/css?family=Oswald:300,400,700", "requestTime": 3837.231370}}
06-28 09:39:20.176 14475 14488 E WPROF   : {"CSS": {"url": "http://searchengineland.com/figz/wp-content/themes/searchengineland/style.css", "requestTime": 3837.231917}}
06-28 09:39:20.194 14475 14488 E WPROF   : {"Javascript": {"url": "http://searchengineland.com/figz/wp-content/themes/searchengineland/js/lib/modernizr.custom.js?ver=1.0", "requestTime": 3837.249702}}
06-28 09:39:20.198 14475 14488 E WPROF   : {"Javascript": {"url": "http://searchengineland.com/figz/wp-content/themes/searchengineland/js/lib/jquery-1.11.0.min.js?ver=1.11.0", "requestTime": 3837.254151}}
06-28 09:39:20.200 14475 14488 E WPROF   : {"Javascript": {"url": "http://searchengineland.com/figz/wp-content/themes/searchengineland/js/lib/jquery-ui-1.10.3.custom.min.js?ver=1.10.3", "requestTime": 3837.255724}}
06-28 09:39:20.201 14475 14488 E WPROF   : {"Javascript": {"url": "http://searchengineland.com/figz/wp-content/themes/searchengineland/js/lib/jquery.ba-throttle-debounce.min.js?ver=1.1", "requestTime": 3837.257083}}
06-28 09:39:20.203 14475 14488 E WPROF   : {"Javascript": {"url": "http://searchengineland.com/figz/wp-content/themes/searchengineland/js/lib/jquery.countdown.min.js?ver=2.0.4", "requestTime": 3837.258640}}
06-28 09:39:20.208 14475 14488 E WPROF   : {"Javascript": {"url": "http://static.chartbeat.com/js/chartbeat_mab.js", "requestTime": 3837.263874}}
06-28 09:39:20.775 14475 14488 E WPROF   : {"Javascript": {"url": "http://searchengineland.com/figz/wp-includes/js/wp-emoji-release.min.js?ver=4.7.5", "requestTime": 3837.830280}}
06-28 09:39:21.065 14475 14488 E WPROF   : {"Javascript": {"url": "http://www.googletagservices.com/tag/js/gpt.js", "requestTime": 3838.120283}}
06-28 09:39:21.069 14475 14488 E WPROF   : {"Javascript": {"url": "https://www.google-analytics.com/analytics.js", "requestTime": 3838.124376}}
06-28 09:39:21.070 14475 14488 E WPROF   : {"Javascript": {"url": "http://edge.quantserve.com/quant.js", "requestTime": 3838.126198}}
06-28 09:39:21.073 14475 14488 E WPROF   : {"Javascript": {"url": "https://connect.facebook.net/en_US/fbevents.js", "requestTime": 3838.128340}}
06-28 09:39:21.124 14408 14456 E chromium: [ERROR:gles2_cmd_decoder.cc(3852)] [.ChromiumCompositor-0xacbb2fc0]GL ERROR :GL_INVALID_ENUM : glDiscardFramebufferEXT: attachments was GL_COLOR_EXT
06-28 09:39:21.169 14475 14488 E WPROF   : {"Javascript": {"url": "http://app-sj02.marketo.com/js/forms2/js/forms2.min.js", "requestTime": 3838.224577}}
06-28 09:39:21.263 14408 14456 E chromium: [ERROR:gles2_cmd_decoder.cc(3852)] [.ChromiumCompositor-0xacbb2fc0]GL ERROR :GL_INVALID_ENUM : glDiscardFramebufferEXT: attachments was GL_COLOR_EXT
06-28 09:39:21.605 14475 14488 E WPROF   : {"Javascript": {"url": "https://securepubads.g.doubleclick.net/gpt/pubads_impl_121.js", "requestTime": 3838.660464}}
06-28 09:39:21.682 14475 14488 E WPROF   : {"Javascript": {"url": "https://connect.facebook.net/signals/config/423979991297359?v=2.7.17", "requestTime": 3838.737342}}
06-28 09:39:21.901 14475 14488 E WPROF   : {"Javascript": {"url": "http://app-sj02.marketo.com/index.php/form/getForm?munchkinId=727-ZQE-044&form=5691&url=http%3A%2F%2Fsearchengineland.com%2F7-ways-small-retailers-can-compete-with-retail-giants-using-google-shopping-269454&callback=jQuery110206359450458548963_1498610361831&_=1498610361832", "requestTime": 3838.956890}}
06-28 09:39:21.916 14475 14488 E WPROF   : {"Javascript": {"url": "http://app-sj02.marketo.com/index.php/form/getForm?munchkinId=727-ZQE-044&form=5685&url=http%3A%2F%2Fsearchengineland.com%2F7-ways-small-retailers-can-compete-with-retail-giants-using-google-shopping-269454&callback=jQuery110206359450458548963_1498610361833&_=1498610361834", "requestTime": 3838.971249}}
06-28 09:39:22.147 14408 14456 E chromium: [ERROR:gles2_cmd_decoder.cc(3852)] [.ChromiumCompositor-0xacbb2fc0]GL ERROR :GL_INVALID_ENUM : glDiscardFramebufferEXT: attachments was GL_COLOR_EXT
06-28 09:39:22.773 14475 14488 E WPROF   : {"Javascript": {"url": "https://securepubads.g.doubleclick.net/gampad/ads?gdfp_req=1&correlator=2405130706092032&output=json_html&callback=googletag.impl.pubads.callbackProxy1&impl=fifs&json_a=1&eid=108809080%2C108809103&sc=0&sfv=1-0-9&iu_parts=1038259%2Csel-ciu-1%2Csel-ciu-2%2Csel-ciu-3%2Csel-ciu-4%2Csel-ciu-5%2Cch-retail", "requestTime": 3839.829101}}
06-28 09:39:22.819 14475 14488 E WPROF   : {"Javascript": {"url": "http://platform.twitter.com/widgets.js", "requestTime": 3839.874612}}
06-28 09:39:22.827 14475 14488 E WPROF   : {"Javascript": {"url": "http://connect.facebook.net/en_US/sdk.js", "requestTime": 3839.883125}}
06-28 09:39:22.830 14475 14488 E WPROF   : {"Javascript": {"url": "https://apis.google.com/js/platform.js", "requestTime": 3839.885836}}
06-28 09:39:22.867 14475 14488 E WPROF   : {"Javascript": {"url": "http://rules.quantcount.com/rules-p-5aGizvD82d9hk.js", "requestTime": 3839.922803}}
06-28 09:39:22.872 14475 14488 E WPROF   : {"Javascript": {"url": "http://munchkin.marketo.net/munchkin.js", "requestTime": 3839.927828}}
06-28 09:39:22.876 14475 14488 E WPROF   : {"Javascript": {"url": "http://d2j3qa5nc37287.cloudfront.net/coupon_code1.js", "requestTime": 3839.931446}}
06-28 09:39:22.880 14475 14488 E WPROF   : {"Javascript": {"url": "http://www.googleadservices.com/pagead/conversion.js", "requestTime": 3839.935511}}
06-28 09:39:23.099 14475 14488 E WPROF   : {"Javascript": {"url": "http://cdn.api.twitter.com/1/users/show.json?screen_name=AndreasReiffen&callback=twttr.setFollowersCount", "requestTime": 3840.154619}}
06-28 09:39:23.163 14408 14456 E chromium: [ERROR:gles2_cmd_decoder.cc(3852)] [.ChromiumCompositor-0xacbb2fc0]GL ERROR :GL_INVALID_ENUM : glDiscardFramebufferEXT: attachments was GL_COLOR_EXT
06-28 09:39:23.274 14475 14488 E WPROF   : {"Javascript": {"url": "https://static.xx.fbcdn.net/rsrc.php/v3iy6L4/yk/l/ko_KR/be4fIjHRc8P.js", "requestTime": 3840.329251}}
06-28 09:39:23.296 14475 14488 E WPROF   : {"Javascript": {"url": "http://searchengineland.com/figz/wp-content/themes/searchengineland/js/script.js?ver=1.0", "requestTime": 3840.351445}}
06-28 09:39:23.296 14475 14488 E WPROF   : {"Javascript": {"url": "http://searchengineland.com/figz/wp-includes/js/wp-embed.min.js?ver=4.7.5", "requestTime": 3840.351857}}
06-28 09:39:23.296 14475 14488 E WPROF   : {"Javascript": {"url": "http://searchengineland.com/figz/wp-content/themes/searchengineland/js/modules/sharing_controls.js", "requestTime": 3840.352183}}
06-28 09:39:23.351 14408 14456 E chromium: [ERROR:gles2_cmd_decoder.cc(3852)] [.ChromiumCompositor-0xacbb2fc0]GL ERROR :GL_INVALID_ENUM : glDiscardFramebufferEXT: attachments was GL_COLOR_EXT
06-28 09:39:23.517 14475 14488 E WPROF   : {"Javascript": {"url": "http://dnn506yrbagrg.cloudfront.net/pages/scripts/0026/4062.js?416280", "requestTime": 3840.572718}}
06-28 09:39:23.549 14475 14488 E WPROF   : {"CSS": {"url": "http://app-sj02.marketo.com/js/forms2/css/forms2.css", "requestTime": 3840.605078}}
06-28 09:39:23.555 14475 14488 E WPROF   : {"CSS": {"url": "http://app-sj02.marketo.com/js/forms2/css/forms2-theme-simple.css", "requestTime": 3840.610975}}
06-28 09:39:23.751 14475 14488 E WPROF   : {"Javascript": {"url": "http://www.justuno.com/ajax/account_version_check.html?id=828FA275-FF73-401E-AA39-40F5A6FAB6B1", "requestTime": 3840.806246}}
06-28 09:39:23.754 14475 14488 E WPROF   : {"Javascript": {"url": "http://munchkin.marketo.net/151/munchkin.js", "requestTime": 3840.809573}}
06-28 09:39:23.828 14475 14488 E WPROF   : {"Javascript": {"url": "https://tpc.googlesyndication.com/pagead/js/r20170619/r20110914/client/ext/m_window_focus_non_hydra.js", "requestTime": 3840.883885}}
06-28 09:39:23.830 14475 14488 E WPROF   : {"Javascript": {"url": "https://tpc.googlesyndication.com/pagead/js/r20170619/r20110914/activeview/osd_listener.js", "requestTime": 3840.885984}}
06-28 09:39:23.836 14475 14488 E WPROF   : {"Javascript": {"url": "http://pagead2.googlesyndication.com/pagead/osd.js", "requestTime": 3840.891824}}
06-28 09:39:24.140 14408 14456 E chromium: [ERROR:gles2_cmd_decoder.cc(3852)] [.ChromiumCompositor-0xacbb2fc0]GL ERROR :GL_INVALID_ENUM : glDiscardFramebufferEXT: attachments was GL_COLOR_EXT
06-28 09:39:24.478 14475 14488 E WPROF   : {"Javascript": {"url": "https://platform.twitter.com/js/button.b731e6c82269f70f6fc53634e044a4c6.js", "requestTime": 3841.534175}}
06-28 09:39:25.031 14408 14456 E chromium: [ERROR:gles2_cmd_decoder.cc(3852)] [.ChromiumCompositor-0xacbb2fc0]GL ERROR :GL_INVALID_ENUM : glDiscardFramebufferEXT: attachments was GL_COLOR_EXT
06-28 09:39:25.282 14408 14456 E chromium: [ERROR:gles2_cmd_decoder.cc(3852)] [.ChromiumCompositor-0xacbb2fc0]GL ERROR :GL_INVALID_ENUM : glDiscardFramebufferEXT: attachments was GL_COLOR_EXT
06-28 09:39:25.550 14408 14456 E chromium: [ERROR:gles2_cmd_decoder.cc(3852)] [.ChromiumCompositor-0xacbb2fc0]GL ERROR :GL_INVALID_ENUM : glDiscardFramebufferEXT: attachments was GL_COLOR_EXT
06-28 09:39:25.942 14475 14488 E WPROF   : {"Javascript": {"url": "http://cdn.justuno.com/mwgt_3.6.js", "requestTime": 3842.997890}}
06-28 09:39:26.100 14408 14456 E chromium: [ERROR:gles2_cmd_decoder.cc(3852)] [.ChromiumCompositor-0xacbb2fc0]GL ERROR :GL_INVALID_ENUM : glDiscardFramebufferEXT: attachments was GL_COLOR_EXT
06-28 09:39:26.258 14408 14456 E chromium: [ERROR:gles2_cmd_decoder.cc(3852)] [.ChromiumCompositor-0xacbb2fc0]GL ERROR :GL_INVALID_ENUM : glDiscardFramebufferEXT: attachments was GL_COLOR_EXT
06-28 09:39:26.418 14408 14456 E chromium: [ERROR:gles2_cmd_decoder.cc(3852)] [.ChromiumCompositor-0xacbb2fc0]GL ERROR :GL_INVALID_ENUM : glDiscardFramebufferEXT: attachments was GL_COLOR_EXT
06-28 09:39:27.032 14475 14488 E WPROF   : {"Javascript": {"url": "https://cdn.syndication.twimg.com/widgets/followbutton/info.json?callback=__twttr.setFollowersCountAndFollowing&lang=en&screen_names=sengineland", "requestTime": 3844.087536}}
06-28 09:39:27.559 14408 14456 E chromium: [ERROR:gles2_cmd_decoder.cc(3852)] [.ChromiumCompositor-0xacbb2fc0]GL ERROR :GL_INVALID_ENUM : glDiscardFramebufferEXT: attachments was GL_COLOR_EXT
06-28 09:39:27.629 14475 14488 E WProf.db: {"page": "searchengineland.com_7-ways-small-retailers-can-compete-with-retail-giants-using-google-shopping-269454"}
06-28 09:39:27.629 14475 14488 E WProf.db: {"DOMLoad": 3844.684419}
06-28 09:39:27.629 14475 14488 E WProf.db: {"Resource": {"id": 1, "url": "http://searchengineland.com/7-ways-small-retailers-can-compete-with-retail-giants-using-google-shopping-269454", "sentTime": -1.000000, "len": 104457, "from": "0x0", "mimeType": "text/html", "contentLength": -1, "httpStatus": 200, "connId": 20, "connReused": 1, "cached": 0,"requestTime": 3836.889955, "proxyStart": -1, "proxyEnd": -1, "dnsStart": -1, "dnsEnd": -1, "connectStart": 0, "connectEnd": 66, "sendStart": 66, "sendEnd": 66, "receiveHeadersEnd": 224, "sslStart": -1, "sslEnd": -1}}
06-28 09:39:27.629 14475 14488 E WProf.db: {"ReceivedChunk": {"receivedTime": 3837.132451, "len": 12853}}
06-28 09:39:27.629 14475 14488 E WProf.db: {"ReceivedChunk": {"receivedTime": 3837.213319, "len": 32768}}
06-28 09:39:27.629 14475 14488 E WProf.db: {"ReceivedChunk": {"receivedTime": 3837.214675, "len": 24541}}
06-28 09:39:27.629 14475 14488 E WProf.db: {"ReceivedChunk": {"receivedTime": 3837.268938, "len": 8689}}
06-28 09:39:27.629 14475 14488 E WProf.db: {"ReceivedChunk": {"receivedTime": 3837.278344, "len": 25606}}
06-28 09:39:27.629 14475 14488 E WProf.db: {"WprofHTMLTag": {"code": "0xaedd0540", "doc": "http://searchengineland.com/7-ways-small-retailers-can-compete-with-retail-giants-using-google-shopping-269454", "row": 6, "column": 42, "tagName": "html", "time": 3837.216461, "url": "", "pos": 1, "chunkLen": 1, "isStartTag": 1}}
06-28 09:39:27.630 14475 14488 E WProf.db: {"WprofHTMLTag": {"code": "0xaf0477f0", "doc": "http://searchengineland.com/7-ways-small-retailers-can-compete-with-retail-giants-using-google-shopping-269454", "row": 7, "column": 6, "tagName": "head", "time": 3837.217413, "url": "", "pos": 1, "chunkLen": 1, "isStartTag": 1}}
06-28 09:39:27.630 14475 14488 E WProf.db: {"WprofHTMLTag": {"code": "0xaf047820", "doc": "http://searchengineland.com/7-ways-small-retailers-can-compete-with-retail-giants-using-google-shopping-269454", "row": 8, "column": 54, "tagName": "meta", "time": 3837.217607, "url": "", "pos": 1, "chunkLen": 1, "isStartTag": 1}}
06-28 09:39:27.630 14475 14488 E WProf.db: {"WprofHTMLTag": {"code": "0xaf047850", "doc": "http://searchengineland.com/7-ways-small-retailers-can-compete-with-retail-giants-using-google-shopping-269454", "row": 9, "column": 68, "tagName": "meta", "time": 3837.218328, "url": "", "pos": 1, "chunkLen": 1, "isStartTag": 1}}
06-28 09:39:27.630 14475 14488 E WProf.db: {"WprofHTMLTag": {"code": "0xaf047880", "doc": "http://searchengineland.com/7-ways-small-retailers-can-compete-with-retail-giants-using-google-shopping-269454", "row": 10, "column": 23, "tagName": "meta", "time": 3837.224117, "url": "", "pos": 1, "chunkLen": 1, "isStartTag": 1}}
06-28 09:39:27.631 14475 14488 E WProf.db: {"WprofHTMLTag": {"code": "0xaf0478b0", "doc": "http://searchengineland.com/7-ways-small-retailers-can-compete-with-retail-giants-using-google-shopping-269454", "row": 11, "column": 52, "tagName": "meta", "time": 3837.224283, "url": "", "pos": 1, "chunkLen": 1, "isStartTag": 1}}
06-28 09:39:27.631 14475 14488 E WProf.db: {"WprofHTMLTag": {"code": "0xaf0478e0", "doc": "http://searchengineland.com/7-ways-small-retailers-can-compete-with-retail-giants-using-google-shopping-269454", "row": 14, "column": 56, "tagName": "meta", "time": 3837.225656, "url": "", "pos": 1, "chunkLen": 1, "isStartTag": 1}}
06-28 09:39:27.631 14475 14488 E WProf.db: {"WprofHTMLTag": {"code": "0xaf047910", "doc": "http://searchengineland.com/7-ways-small-retailers-can-compete-with-retail-giants-using-google-shopping-269454", "row": 15, "column": 83, "tagName": "meta", "time": 3837.225814, "url": "", "pos": 1, "chunkLen": 1, "isStartTag": 1}}
06-28 09:39:27.631 14475 14488 E WProf.db: {"WprofHTMLTag": {"code": "0xaf047940", "doc": "http://searchengineland.com/7-ways-small-retailers-can-compete-with-retail-giants-using-google-shopping-269454", "row": 16, "column": 57, "tagName": "meta", "time": 3837.225969, "url": "", "pos": 1, "chunkLen": 1, "isStartTag": 1}}
06-28 09:39:27.631 14475 14488 E WProf.db: {"WprofHTMLTag": {"code": "0xaf0479d0", "doc": "http://searchengineland.com/7-ways-small-retailers-can-compete-with-retail-giants-using-google-shopping-269454", "row": 17, "column": 41, "tagName": "meta", "time": 3837.226109, "url": "", "pos": 1, "chunkLen": 1, "isStartTag": 1}}
06-28 09:39:27.631 14475 14488 E WProf.db: {"WprofHTMLTag": {"code": "0xaf047a00", "doc": "http://searchengineland.com/7-ways-small-retailers-can-compete-with-retail-giants-using-google-shopping-269454", "row": 18, "column": 50, "tagName": "meta", "time": 3837.226239, "url": "", "pos": 1, "chunkLen": 1, "isStartTag": 1}}
06-28 09:39:27.631 14475 14488 E WProf.db: {"WprofHTMLTag": {"code": "0xaf047a30", "doc": "http://searchengineland.com/7-ways-small-retailers-can-compete-with-retail-giants-using-google-shopping-269454", "row": 19, "column": 174, "tagName": "meta", "time": 3837.226377, "url": "", "pos": 1, "chunkLen": 1, "isStartTag": 1}}
06-28 09:39:27.631 14475 14488 E WProf.db: {"WprofHTMLTag": {"code": "0xaf0479a0", "doc": "http://searchengineland.com/7-ways-small-retailers-can-compete-with-retail-giants-using-google-shopping-269454", "row": 20, "column": 47, "tagName": "meta", "time": 3837.226510, "url": "", "pos": 1, "chunkLen": 1, "isStartTag": 1}}
06-28 09:39:27.631 14475 14488 E WProf.db: {"WprofHTMLTag": {"code": "0xaf047970", "doc": "http://searchengineland.com/7-ways-small-retailers-can-compete-with-retail-giants-using-google-shopping-269454", "row": 21, "column": 67, "tagName": "meta", "time": 3837.226649, "url": "", "pos": 1, "chunkLen": 1, "isStartTag": 1}}
06-28 09:39:27.631 14475 14488 E WProf.db: {"WprofHTMLTag": {"code": "0xaf047a60", "doc": "http://searchengineland.com/7-ways-small-retailers-can-compete-with-retail-giants-using-google-shopping-269454", "row": 22, "column": 57, "tagName": "meta", "time": 3837.226789, "url": "", "pos": 1, "chunkLen": 1, "isStartTag": 1}}
06-28 09:39:27.631 14475 14488 E WProf.db: {"WprofHTMLTag": {"code": "0xaf047a90", "doc": "http://searchengineland.com/7-ways-small-retailers-can-compete-with-retail-giants-using-google-shopping-269454", "row": 23, "column": 65, "tagName": "meta", "time": 3837.226932, "url": "", "pos": 1, "chunkLen": 1, "isStartTag": 1}}
06-28 09:39:27.631 14475 14488 E WProf.db: {"WprofHTMLTag": {"code": "0xaf047ac0", "doc": "http://searchengineland.com/7-ways-small-retailers-can-compete-with-retail-giants-using-google-shopping-269454", "row": 24, "column": 55, "tagName": "meta", "time": 3837.227066, "url": "", "pos": 1, "chunkLen": 1, "isStartTag": 1}}
06-28 09:39:27.631 14475 14488 E WProf.db: {"WprofHTMLTag": {"code": "0xaf047af0", "doc": "http://searchengineland.com/7-ways-small-retailers-can-compete-with-retail-giants-using-google-shopping-269454", "row": 25, "column": 71, "tagName": "meta", "time": 3837.227188, "url": "", "pos": 1, "chunkLen": 1, "isStartTag": 1}}
06-28 09:39:27.632 14475 14488 E WProf.db: {"WprofHTMLTag": {"code": "0xaf047b20", "doc": "http://searchengineland.com/7-ways-small-retailers-can-compete-with-retail-giants-using-google-shopping-269454", "row": 26, "column": 86, "tagName": "meta", "time": 3837.227479, "url": "", "pos": 1, "chunkLen": 1, "isStartTag": 1}}
06-28 09:39:27.632 14475 14488 E WProf.db: {"WprofHTMLTag": {"code": "0xaf047b50", "doc": "http://searchengineland.com/7-ways-small-retailers-can-compete-with-retail-giants-using-google-shopping-269454", "row": 27, "column": 54, "tagName": "meta", "time": 3837.227618, "url": "", "pos": 1, "chunkLen": 1, "isStartTag": 1}}
06-28 09:39:27.632 14475 14488 E WProf.db: {"WprofHTMLTag": {"code": "0xaf047b80", "doc": "http://searchengineland.com/7-ways-small-retailers-can-compete-with-retail-giants-using-google-shopping-269454", "row": 29, "column": 179, "tagName": "meta", "time": 3837.227746, "url": "", "pos": 1, "chunkLen": 1, "isStartTag": 1}}
06-28 09:39:27.632 14475 14488 E WProf.db: {"WprofHTMLTag": {"code": "0xaf047bb0", "doc": "http://searchengineland.com/7-ways-small-retailers-can-compete-with-retail-giants-using-google-shopping-269454", "row": 30, "column": 228, "tagName": "meta", "time": 3837.227867, "url": "", "pos": 1, "chunkLen": 1, "isStartTag": 1}}
06-28 09:39:27.632 14475 14488 E WProf.db: {"WprofHTMLTag": {"code": "0xaf047be0", "doc": "http://searchengineland.com/7-ways-small-retailers-can-compete-with-retail-giants-using-google-shopping-269454", "row": 31, "column": 55, "tagName": "meta", "time": 3837.227983, "url": "", "pos": 1, "chunkLen": 1, "isStartTag": 1}}
06-28 09:39:27.632 14475 14488 E WProf.db: {"WprofHTMLTag": {"code": "0xaf047c10", "doc": "http://searchengineland.com/7-ways-small-retailers-can-compete-with-retail-giants-using-google-shopping-269454", "row": 32, "column": 54, "tagName": "meta", "time": 3837.228103, "url": "", "pos": 1, "chunkLen": 1, "isStartTag": 1}}
06-28 09:39:27.632 14475 14488 E WProf.db: {"WprofHTMLTag": {"code": "0xaf047c40", "doc": "http://searchengineland.com/7-ways-small-retailers-can-compete-with-retail-giants-using-google-shopping-269454", "row": 33, "column": 146, "tagName": "meta", "time": 3837.228236, "url": "", "pos": 1, "chunkLen": 1, "isStartTag": 1}}
06-28 09:39:27.632 14475 14488 E WProf.db: {"WprofHTMLTag": {"code": "0xaf047c70", "doc": "http://searchengineland.com/7-ways-small-retailers-can-compete-with-retail-giants-using-google-shopping-269454", "row": 37, "column": 36, "tagName": "script", "time": 3837.228357, "url": "", "pos": 1, "chunkLen": 1, "isStartTag": 1}}
06-28 09:39:27.632 14475 14488 E WProf.db: {"WprofHTMLTag": {"code": "0xaf047ca0", "doc": "http://searchengineland.com/7-ways-small-retailers-can-compete-with-retail-giants-using-google-shopping-269454", "row": 53, "column": 10, "tagName": "script", "time": 3837.228735, "url": "", "pos": 1, "chunkLen": 1, "isStartTag": 0}}
06-28 09:39:27.632 14475 14488 E WProf.db: {"WprofHTMLTag": {"code": "0xaf047cd0", "doc": "http://searchengineland.com/7-ways-small-retailers-can-compete-with-retail-giants-using-google-shopping-269454", "row": 55, "column": 86, "tagName": "link", "time": 3837.229352, "url": "http://searchengineland.com/apple-touch-icon.png", "pos": 1, "chunkLen": 1, "isStartTag": 1}}
06-28 09:39:27.632 14475 14488 E WProf.db: {"WprofHTMLTag": {"code": "0xaf047d00", "doc": "http://searchengineland.com/7-ways-small-retailers-can-compete-with-retail-giants-using-google-shopping-269454", "row": 56, "column": 76, "tagName": "link", "time": 3837.229649, "url": "http://searchengineland.com/favicon.ico", "pos": 1, "chunkLen": 1, "isStartTag": 1}}
06-28 09:39:27.632 14475 14488 E WProf.db: {"WprofHTMLTag": {"code": "0xaf047d30", "doc": "http://searchengineland.com/7-ways-small-retailers-can-compete-with-retail-giants-using-google-shopping-269454", "row": 57, "column": 158, "tagName": "link", "time": 3837.229840, "url": "http://feeds.searchengineland.com/searchengineland", "pos": 1, "chunkLen": 1, "isStartTag": 1}}
06-28 09:39:27.633 14475 14488 E WProf.db: {"WprofHTMLTag": {"code": "0xaf047d60", "doc": "http://searchengineland.com/7-ways-small-retailers-can-compete-with-retail-giants-using-google-shopping-269454", "row": 58, "column": 149, "tagName": "link", "time": 3837.230161, "url": "http://feeds.searchengineland.com/searchcap", "pos": 1, "chunkLen": 1, "isStartTag": 1}}
06-28 09:39:27.633 14475 14488 E WProf.db: {"WprofHTMLTag": {"code": "0xaf047d90", "doc": "http://searchengineland.com/7-ways-small-retailers-can-compete-with-retail-giants-using-google-shopping-269454", "row": 59, "column": 150, "tagName": "link", "time": 3837.230445, "url": "http://searchengineland.com/figz/wp-content/themes/searchengineland/css/searchengineland-bootstrap.css", "pos": 1, "chunkLen": 1, "isStartTag": 1}}
06-28 09:39:27.633 14475 14488 E WProf.db: {"WprofHTMLTag": {"code": "0xaf047df0", "doc": "http://searchengineland.com/7-ways-small-retailers-can-compete-with-retail-giants-using-google-shopping-269454", "row": 60, "column": 105, "tagName": "link", "time": 3837.231101, "url": "http://fonts.googleapis.com/css?family=Oswald:300,400,700", "pos": 1, "chunkLen": 1, "isStartTag": 1}}
06-28 09:39:27.633 14475 14488 E WProf.db: {"WprofHTMLTag": {"code": "0xaf047e50", "doc": "http://searchengineland.com/7-ways-small-retailers-can-compete-with-retail-giants-using-google-shopping-269454", "row": 61, "column": 125, "tagName": "link", "time": 3837.231643, "url": "http://searchengineland.com/figz/wp-content/themes/searchengineland/style.css", "pos": 1, "chunkLen": 1, "isStartTag": 1}}
06-28 09:39:27.633 14475 14488 E WProf.db: {"WprofHTMLTag": {"code": "0xaf047eb0", "doc": "http://searchengineland.com/7-ways-small-retailers-can-compete-with-retail-giants-using-google-shopping-269454", "row": 65, "column": 7, "tagName": "title", "time": 3837.232200, "url": "", "pos": 1, "chunkLen": 1, "isStartTag": 1}}
06-28 09:39:27.633 14475 14488 E WProf.db: {"WprofHTMLTag": {"code": "0xaf047ee0", "doc": "http://searchengineland.com/7-ways-small-retailers-can-compete-with-retail-giants-using-google-shopping-269454", "row": 65, "column": 90, "tagName": "title", "time": 3837.232431, "url": "", "pos": 1, "chunkLen": 1, "isStartTag": 0}}
06-28 09:39:27.633 14475 14488 E WProf.db: {"WprofHTMLTag": {"code": "0xaf047f10", "doc": "http://searchengineland.com/7-ways-small-retailers-can-compete-with-retail-giants-using-google-shopping-269454", "row": 66, "column": 225, "tagName": "meta", "time": 3837.232452, "url": "", "pos": 1, "chunkLen": 1, "isStartTag": 1}}
06-28 09:39:27.633 14475 14488 E WProf.db: {"WprofHTMLTag": {"code": "0xaf047f40", "doc": "http://searchengineland.com/7-ways-small-retailers-can-compete-with-retail-giants-using-google-shopping-269454", "row": 67, "column": 180, "tagName": "meta", "time": 3837.232581, "url": "", "pos": 1, "chunkLen": 1, "isStartTag": 1}}
06-28 09:39:27.633 14475 14488 E WProf.db: {"WprofHTMLTag": {"code": "0xaf047f70", "doc": "http://searchengineland.com/7-ways-small-retailers-can-compete-with-retail-giants-using-google-shopping-269454", "row": 68, "column": 152, "tagName": "meta", "time": 3837.232691, "url": "", "pos": 1, "chunkLen": 1, "isStartTag": 1}}
06-28 09:39:27.633 14475 14488 E WProf.db: {"WprofHTMLTag": {"code": "0xaf047fa0", "doc": "http://searchengineland.com/7-ways-small-retailers-can-compete-with-retail-giants-using-google-shopping-269454", "row": 69, "column": 37, "tagName": "meta", "time": 3837.232803, "url": "", "pos": 1, "chunkLen": 1, "isStartTag": 1}}
06-28 09:39:27.633 14475 14488 E WProf.db: {"WprofHTMLTag": {"code": "0xaf047fd0", "doc": "http://searchengineland.com/7-ways-small-retailers-can-compete-with-retail-giants-using-google-shopping-269454", "row": 70, "column": 142, "tagName": "link", "time": 3837.232914, "url": "http://searchengineland.com/7-ways-small-retailers-can-compete-with-retail-giants-using-google-shopping-269454", "pos": 1, "chunkLen": 1, "isStartTag": 1}}
06-28 09:39:27.633 14475 14488 E WProf.db: {"WprofHTMLTag": {"code": "0xb4cc74b0", "doc": "http://searchengineland.com/7-ways-small-retailers-can-compete-with-retail-giants-using-google-shopping-269454", "row": 71, "column": 76, "tagName": "link", "time": 3837.233111, "url": "https://plus.google.com/103218677032751327334", "pos": 1, "chunkLen": 1, "isStartTag": 1}}
06-28 09:39:27.633 14475 14488 E WProf.db: {"WprofHTMLTag": {"code": "0xb4cc7540", "doc": "http://searchengineland.com/7-ways-small-retailers-can-compete-with-retail-giants-using-google-shopping-269454", "row": 72, "column": 45, "tagName": "meta", "time": 3837.233290, "url": "", "pos": 1, "chunkLen": 1, "isStartTag": 1}}
06-28 09:39:27.634 14475 14488 E WProf.db: {"WprofHTMLTag": {"code": "0xb4cc78a0", "doc": "http://searchengineland.com/7-ways-small-retailers-can-compete-with-retail-giants-using-google-shopping-269454", "row": 73, "column": 45, "tagName": "meta", "time": 3837.233403, "url": "", "pos": 1, "chunkLen": 1, "isStartTag": 1}}
06-28 09:39:27.634 14475 14488 E WProf.db: {"WprofHTMLTag": {"code": "0xb4cc78d0", "doc": "http://searchengineland.com/7-ways-small-retailers-can-compete-with-retail-giants-using-google-shopping-269454", "row": 74, "column": 114, "tagName": "meta", "time": 3837.233517, "url": "", "pos": 1, "chunkLen": 1, "isStartTag": 1}}
06-28 09:39:27.634 14475 14488 E WProf.db: {"WprofHTMLTag": {"code": "0xb4cc7900", "doc": "http://searchengineland.com/7-ways-small-retailers-can-compete-with-retail-giants-using-google-shopping-269454", "row": 75, "column": 233, "tagName": "meta", "time": 3837.233625, "url": "", "pos": 1, "chunkLen": 1, "isStartTag": 1}}
06-28 09:39:27.634 14475 14488 E WProf.db: {"WprofHTMLTag": {"code": "0xb4cc7930", "doc": "http://searchengineland.com/7-ways-small-retailers-can-compete-with-retail-giants-using-google-shopping-269454", "row": 76, "column": 147, "tagName": "meta", "time": 3837.233729, "url": "", "pos": 1, "chunkLen": 1, "isStartTag": 1}}
06-28 09:39:27.634 14475 14488 E WProf.db: {"WprofHTMLTag": {"code": "0xb4cc7960", "doc": "http://searchengineland.com/7-ways-small-retailers-can-compete-with-retail-giants-using-google-shopping-269454", "row": 77, "column": 61, "tagName": "meta", "time": 3837.233840, "url": "", "pos": 1, "chunkLen": 1, "isStartTag": 1}}
06-28 09:39:27.634 14475 14488 E WProf.db: {"WprofHTMLTag": {"code": "0xb4cc7990", "doc": "http://searchengineland.com/7-ways-small-retailers-can-compete-with-retail-giants-using-google-shopping-269454", "row": 78, "column": 89, "tagName": "meta", "time": 3837.233949, "url": "", "pos": 1, "chunkLen": 1, "isStartTag": 1}}
06-28 09:39:27.634 14475 14488 E WProf.db: {"WprofHTMLTag": {"code": "0xb4cc79c0", "doc": "http://searchengineland.com/7-ways-small-retailers-can-compete-with-retail-giants-using-google-shopping-269454", "row": 79, "column": 61, "tagName": "meta", "time": 3837.234057, "url": "", "pos": 1, "chunkLen": 1, "isStartTag": 1}}
06-28 09:39:27.634 14475 14488 E WProf.db: {"WprofHTMLTag": {"code": "0xb4cc79f0", "doc": "http://searchengineland.com/7-ways-small-retailers-can-compete-with-retail-giants-using-google-shopping-269454", "row": 80, "column": 78, "tagName": "meta", "time": 3837.234159, "url": "", "pos": 1, "chunkLen": 1, "isStartTag": 1}}
06-28 09:39:27.634 14475 14488 E WProf.db: {"WprofHTMLTag": {"code": "0xb4cc7a20", "doc": "http://searchengineland.com/7-ways-small-retailers-can-compete-with-retail-giants-using-google-shopping-269454", "row": 81, "column": 77, "tagName": "meta", "time": 3837.234263, "url": "", "pos": 1, "chunkLen": 1, "isStartTag": 1}}
06-28 09:39:27.634 14475 14488 E WProf.db: {"WprofHTMLTag": {"code": "0xb4cc7a50", "doc": "http://searchengineland.com/7-ways-small-retailers-can-compete-with-retail-giants-using-google-shopping-269454", "row": 82, "column": 71, "tagName": "meta", "time": 3837.234375, "url": "", "pos": 1, "chunkLen": 1, "isStartTag": 1}}
06-28 09:39:27.634 14475 14488 E WProf.db: {"WprofHTMLTag": {"code": "0xb4cc7a80", "doc": "http://searchengineland.com/7-ways-small-retailers-can-compete-with-retail-giants-using-google-shopping-269454", "row": 83, "column": 140, "tagName": "meta", "time": 3837.234483, "url": "", "pos": 1, "chunkLen": 1, "isStartTag": 1}}
06-28 09:39:27.634 14475 14488 E WProf.db: {"WprofHTMLTag": {"code": "0xb4cc7ab0", "doc": "http://searchengineland.com/7-ways-small-retailers-can-compete-with-retail-giants-using-google-shopping-269454", "row": 84, "column": 49, "tagName": "meta", "time": 3837.234594, "url": "", "pos": 1, "chunkLen": 1, "isStartTag": 1}}
06-28 09:39:27.634 14475 14488 E WProf.db: {"WprofHTMLTag": {"code": "0xb4cc7ae0", "doc": "http://searchengineland.com/7-ways-small-retailers-can-compete-with-retail-giants-using-google-shopping-269454", "row": 85, "column": 50, "tagName": "meta", "time": 3837.234702, "url": "", "pos": 1, "chunkLen": 1, "isStartTag": 1}}
06-28 09:39:27.634 14475 14488 E WProf.db: {"WprofHTMLTag": {"code": "0xb4cc7b10", "doc": "http://searchengineland.com/7-ways-small-retailers-can-compete-with-retail-giants-using-google-shopping-269454", "row": 86, "column": 58, "tagName": "meta", "time": 3837.234815, "url": "", "pos": 1, "chunkLen": 1, "isStartTag": 1}}
06-28 09:39:27.635 14475 14488 E WProf.db: {"WprofHTMLTag": {"code": "0xb4cc7b40", "doc": "http://searchengineland.com/7-ways-small-retailers-can-compete-with-retail-giants-using-google-shopping-269454", "row": 87, "column": 234, "tagName": "meta", "time": 3837.234923, "url": "", "pos": 1, "chunkLen": 1, "isStartTag": 1}}
06-28 09:39:27.635 14475 14488 E WProf.db: {"WprofHTMLTag": {"code": "0xb4cc7b70", "doc": "http://searchengineland.com/7-ways-small-retailers-can-compete-with-retail-giants-using-google-shopping-269454", "row": 88, "column": 115, "tagName": "meta", "time": 3837.235034, "url": "", "pos": 1, "chunkLen": 1, "isStartTag": 1}}
06-28 09:39:27.635 14475 14488 E WProf.db: {"WprofHTMLTag": {"code": "0xb4cc7ba0", "doc": "http://searchengineland.com/7-ways-small-retailers-can-compete-with-retail-giants-using-google-shopping-269454", "row": 89, "column": 51, "tagName": "meta", "time": 3837.235145, "url": "", "pos": 1, "chunkLen": 1, "isStartTag": 1}}
06-28 09:39:27.635 14475 14488 E WProf.db: {"WprofHTMLTag": {"code": "0xb4cc7bd0", "doc": "http://searchengineland.com/7-ways-small-retailers-can-compete-with-retail-giants-using-google-shopping-269454", "row": 90, "column": 141, "tagName": "meta", "time": 3837.240261, "url": "", "pos": 1, "chunkLen": 1, "isStartTag": 1}}
06-28 09:39:27.635 14475 14488 E WProf.db: {"WprofHTMLTag": {"code": "0xb4cc7c00", "doc": "http://searchengineland.com/7-ways-small-retailers-can-compete-with-retail-giants-using-google-shopping-269454", "row": 91, "column": 57, "tagName": "meta", "time": 3837.240372, "url": "", "pos": 1, "chunkLen": 1, "isStartTag": 1}}
06-28 09:39:27.635 14475 14488 E WProf.db: {"WprofHTMLTag": {"code": "0xb4cc7c30", "doc": "http://searchengineland.com/7-ways-small-retailers-can-compete-with-retail-giants-using-google-shopping-269454", "row": 94, "column": 44, "tagName": "link", "time": 3837.240480, "url": "http://s.w.org/", "pos": 1, "chunkLen": 1, "isStartTag": 1}}
06-28 09:39:27.635 14475 14488 E WProf.db: {"WprofHTMLTag": {"code": "0xb4cc7c60", "doc": "http://searchengineland.com/7-ways-small-retailers-can-compete-with-retail-giants-using-google-shopping-269454", "row": 95, "column": 33, "tagName": "script", "time": 3837.240711, "url": "", "pos": 1, "chunkLen": 1, "isStartTag": 1}}
06-28 09:39:27.635 14475 14488 E WProf.db: {"WprofHTMLTag": {"code": "0xb4cc7c90", "doc": "http://searchengineland.com/7-ways-small-retailers-can-compete-with-retail-giants-using-google-shopping-269454", "row": 98, "column": 11, "tagName": "script", "time": 3837.240888, "url": "http://searchengineland.com/figz/wp-includes/js/wp-emoji-release.min.js?ver=4.7.5", "pos": 1, "chunkLen": 1, "isStartTag": 0}}
06-28 09:39:27.635 14475 14488 E WProf.db: {"WprofHTMLTag": {"code": "0x9eaa9900", "doc": "http://searchengineland.com/7-ways-small-retailers-can-compete-with-retail-giants-using-google-shopping-269454", "row": 99, "column": 25, "tagName": "style", "time": 3837.830921, "url": "", "pos": 1, "chunkLen": 1, "isStartTag": 1}}
06-28 09:39:27.635 14475 14488 E WProf.db: {"WprofHTMLTag": {"code": "0x9eaa9930", "doc": "http://searchengineland.com/7-ways-small-retailers-can-compete-with-retail-giants-using-google-shopping-269454", "row": 112, "column": 8, "tagName": "style", "time": 3837.831114, "url": "", "pos": 1, "chunkLen": 1, "isStartTag": 0}}
06-28 09:39:27.636 14475 14488 E WProf.db: {"WprofHTMLTag": {"code": "0x9eaa9960", "doc": "http://searchengineland.com/7-ways-small-retailers-can-compete-with-retail-giants-using-google-shopping-269454", "row": 113, "column": 140, "tagName": "script", "time": 3837.832764, "url": "http://searchengineland.com/figz/wp-content/themes/searchengineland/js/lib/modernizr.custom.js?ver=1.0", "pos": 1, "chunkLen": 1, "isStartTag": 1}}
06-28 09:39:27.636 14475 14488 E WProf.db: {"WprofHTMLTag": {"code": "0x9eaa9990", "doc": "http://searchengineland.com/7-ways-small-retailers-can-compete-with-retail-giants-using-google-shopping-269454", "row": 113, "column": 149, "tagName": "script", "time": 3837.832988, "url": "", "pos": 1, "chunkLen": 1, "isStartTag": 0}}
06-28 09:39:27.636 14475 14488 E WProf.db: {"WprofHTMLTag": {"code": "0xaedd0ae0", "doc": "http://searchengineland.com/7-ways-small-retailers-can-compete-with-retail-giants-using-google-shopping-269454", "row": 114, "column": 144, "tagName": "script", "time": 3837.842856, "url": "http://searchengineland.com/figz/wp-content/themes/searchengineland/js/lib/jquery-1.11.0.min.js?ver=1.11.0", "pos": 1, "chunkLen": 1, "isStartTag": 1}}
06-28 09:39:27.636 14475 14488 E WProf.db: {"WprofHTMLTag": {"code": "0x9eaa9a20", "doc": "http://searchengineland.com/7-ways-small-retailers-can-compete-with-retail-giants-using-google-shopping-269454", "row": 114, "column": 153, "tagName": "script", "time": 3837.843108, "url": "", "pos": 1, "chunkLen": 1, "isStartTag": 0}}
06-28 09:39:27.636 14475 14488 E WProf.db: {"WprofHTMLTag": {"code": "0xaedd0f00", "doc": "http://searchengineland.com/7-ways-small-retailers-can-compete-with-retail-giants-using-google-shopping-269454", "row": 0, "column": 15, "tagName": "div", "time": 3837.908406, "url": "", "pos": 15, "chunkLen": 44, "isStartTag": 1}}
06-28 09:39:27.636 14475 14488 E WProf.db: {"WprofHTMLTag": {"code": "0xaedd0ed0", "doc": "http://searchengineland.com/7-ways-small-retailers-can-compete-with-retail-giants-using-google-shopping-269454", "row": 0, "column": 21, "tagName": "div", "time": 3837.908548, "url": "", "pos": 21, "chunkLen": 44, "isStartTag": 0}}
06-28 09:39:27.636 14475 14488 E WProf.db: {"WprofHTMLTag": {"code": "0xaedd0ea0", "doc": "http://searchengineland.com/7-ways-small-retailers-can-compete-with-retail-giants-using-google-shopping-269454", "row": 0, "column": 38, "tagName": "div", "time": 3837.908613, "url": "", "pos": 38, "chunkLen": 44, "isStartTag": 1}}
06-28 09:39:27.637 14475 14488 E WProf.db: {"WprofHTMLTag": {"code": "0xaedd0cc0", "doc": "http://searchengineland.com/7-ways-small-retailers-can-compete-with-retail-giants-using-google-shopping-269454", "row": 0, "column": 44, "tagName": "div", "time": 3837.908729, "url": "", "pos": 44, "chunkLen": 44, "isStartTag": 0}}
06-28 09:39:27.637 14475 14488 E WProf.db: {"WprofHTMLTag": {"code": "0xaedd0e70", "doc": "http://searchengineland.com/7-ways-small-retailers-can-compete-with-retail-giants-using-google-shopping-269454", "row": 0, "column": 13, "tagName": "select", "time": 3837.910468, "url": "", "pos": 13, "chunkLen": 51, "isStartTag": 1}}
06-28 09:39:27.637 14475 14488 E WProf.db: {"WprofHTMLTag": {"code": "0xaedd0e40", "doc": "http://searchengineland.com/7-ways-small-retailers-can-compete-with-retail-giants-using-google-shopping-269454", "row": 0, "column": 33, "tagName": "option", "time": 3837.910668, "url": "", "pos": 33, "chunkLen": 51, "isStartTag": 1}}
06-28 09:39:27.637 14475 14488 E WProf.db: {"WprofHTMLTag": {"code": "0xaedd0e10", "doc": "http://searchengineland.com/7-ways-small-retailers-can-compete-with-retail-giants-using-google-shopping-269454", "row": 0, "column": 42, "tagName": "option", "time": 3837.910868, "url": "", "pos": 42, "chunkLen": 51, "isStartTag": 0}}
06-28 09:39:27.637 14475 14488 E WProf.db: {"WprofHTMLTag": {"code": "0x9eaa9a80", "doc": "http://searchengineland.com/7-ways-small-retailers-can-compete-with-retail-giants-using-google-shopping-269454", "row": 0, "column": 51, "tagName": "select", "time": 3837.910924, "url": "", "pos": 51, "chunkLen": 51, "isStartTag": 0}}
06-28 09:39:27.637 14475 14488 E WProf.db: {"WprofHTMLTag": {"code": "0x9eaa9ab0", "doc": "http://searchengineland.com/7-ways-small-retailers-can-compete-with-retail-giants-using-google-shopping-269454", "row": 0, "column": 12, "tagName": "a", "time": 3837.916099, "url": "", "pos": 12, "chunkLen": 16, "isStartTag": 1}}
06-28 09:39:27.637 14475 14488 E WProf.db: {"WprofHTMLTag": {"code": "0x9eaa9ae0", "doc": "http://searchengineland.com/7-ways-small-retailers-can-compete-with-retail-giants-using-google-shopping-269454", "row": 0, "column": 16, "tagName": "a", "time": 3837.916273, "url": "", "pos": 16, "chunkLen": 16, "isStartTag": 0}}
06-28 09:39:27.637 14475 14488 E WProf.db: {"WprofHTMLTag": {"code": "0x9eaa9b10", "doc": "http://searchengineland.com/7-ways-small-retailers-can-compete-with-retail-giants-using-google-shopping-269454", "row": 0, "column": 8, "tagName": "input", "time": 3837.917418, "url": "", "pos": 8, "chunkLen": 8, "isStartTag": 1}}
06-28 09:39:27.637 14475 14488 E WProf.db: {"WprofHTMLTag": {"code": "0x9eaa9b40", "doc": "http://searchengineland.com/7-ways-small-retailers-can-compete-with-retail-giants-using-google-shopping-269454", "row": 0, "column": 9, "tagName": "link", "time": 3837.927379, "url": "", "pos": 9, "chunkLen": 42, "isStartTag": 1}}
06-28 09:39:27.637 14475 14488 E WProf.db: {"WprofHTMLTag": {"code": "0x9eaa9b70", "doc": "http://searchengineland.com/7-ways-small-retailers-can-compete-with-retail-giants-using-google-shopping-269454", "row": 0, "column": 16, "tagName": "table", "time": 3837.927506, "url": "", "pos": 16, "chunkLen": 42, "isStartTag": 1}}
06-28 09:39:27.637 14475 14488 E WProf.db: {"WprofHTMLTag": {"code": "0x9eaa9ba0", "doc": "http://searchengineland.com/7-ways-small-retailers-can-compete-with-retail-giants-using-google-shopping-269454", "row": 0, "column": 24, "tagName": "table", "time": 3837.927622, "url": "", "pos": 24, "chunkLen": 42, "isStartTag": 0}}
06-28 09:39:27.637 14475 14488 E WProf.db: {"WprofHTMLTag": {"code": "0x9eaa9bd0", "doc": "http://searchengineland.com/7-ways-small-retailers-can-compete-with-retail-giants-using-google-shopping-269454", "row": 0, "column": 37, "tagName": "a", "time": 3837.927690, "url": "", "pos": 37, "chunkLen": 42, "isStartTag": 1}}
06-28 09:39:27.637 14475 14488 E WProf.db: {"WprofHTMLTag": {"code": "0x9eaa9c00", "doc": "http://searchengineland.com/7-ways-small-retailers-can-compete-with-retail-giants-using-google-shopping-269454", "row": 0, "column": 42, "tagName": "a", "time": 3837.927869, "url": "", "pos": 42, "chunkLen": 42, "isStartTag": 0}}
06-28 09:39:27.637 14475 14488 E WProf.db: {"WprofHTMLTag": {"code": "0x9eaa9c90", "doc": "http://searchengineland.com/7-ways-small-retailers-can-compete-with-retail-giants-using-google-shopping-269454", "row": 0, "column": 10, "tagName": "textarea", "time": 3837.929538, "url": "", "pos": 10, "chunkLen": 22, "isStartTag": 1}}
06-28 09:39:27.638 14475 14488 E WProf.db: {"WprofHTMLTag": {"code": "0x9eaa9cc0", "doc": "http://searchengineland.com/7-ways-small-retailers-can-compete-with-retail-giants-using-google-shopping-269454", "row": 0, "column": 22, "tagName": "textarea", "time": 3837.929762, "url": "", "pos": 22, "chunkLen": 22, "isStartTag": 0}}
06-28 09:39:27.638 14475 14488 E WProf.db: {"WprofHTMLTag": {"code": "0x9eaa9cf0", "doc": "http://searchengineland.com/7-ways-small-retailers-can-compete-with-retail-giants-using-google-shopping-269454", "row": 0, "column": 48, "tagName": "input", "time": 3837.931619, "url": "", "pos": 48, "chunkLen": 48, "isStartTag": 1}}
06-28 09:39:27.638 14475 14488 E WProf.db: {"WprofHTMLTag": {"code": "0x9eaa9d50", "doc": "http://searchengineland.com/7-ways-small-retailers-can-compete-with-retail-giants-using-google-shopping-269454", "row": 0, "column": 9, "tagName": "link", "time": 3837.936239, "url": "", "pos": 9, "chunkLen": 66, "isStartTag": 1}}
06-28 09:39:27.638 14475 14488 E WProf.db: {"WprofHTMLTag": {"code": "0x9eaa9d80", "doc": "http://searchengineland.com/7-ways-small-retailers-can-compete-with-retail-giants-using-google-shopping-269454", "row": 0, "column": 16, "tagName": "table", "time": 3837.936362, "url": "", "pos": 16, "chunkLen": 66, "isStartTag": 1}}
06-28 09:39:27.638 14475 14488 E WProf.db: {"WprofHTMLTag": {"code": "0x9eaa9db0", "doc": "http://searchengineland.com/7-ways-small-retailers-can-compete-with-retail-giants-using-google-shopping-269454", "row": 0, "column": 24, "tagName": "table", "time": 3837.936447, "url": "", "pos": 24, "chunkLen": 66, "isStartTag": 0}}
06-28 09:39:27.638 14475 14488 E WProf.db: {"WprofHTMLTag": {"code": "0x9eaa9de0", "doc": "http://searchengineland.com/7-ways-small-retailers-can-compete-with-retail-giants-using-google-shopping-269454", "row": 0, "column": 37, "tagName": "a", "time": 3837.936518, "url": "", "pos": 37, "chunkLen": 66, "isStartTag": 1}}
06-28 09:39:27.638 14475 14488 E WProf.db: {"WprofHTMLTag": {"code": "0x9eaa9e10", "doc": "http://searchengineland.com/7-ways-small-retailers-can-compete-with-retail-giants-using-google-shopping-269454", "row": 0, "column": 42, "tagName": "a", "time": 3837.936694, "url": "", "pos": 42, "chunkLen": 66, "isStartTag": 0}}
06-28 09:39:27.638 14475 14488 E WProf.db: {"WprofHTMLTag": {"code": "0x9eaa9e40", "doc": "http://searchengineland.com/7-ways-small-retailers-can-compete-with-retail-giants-using-google-shopping-269454", "row": 0, "column": 66, "tagName": "input", "time": 3837.936760, "url": "", "pos": 66, "chunkLen": 66, "isStartTag": 1}}
06-28 09:39:27.638 14475 14488 E WProf.db: {"WprofHTMLTag": {"code": "0x9eaa9ed0", "doc": "http://searchengineland.com/7-ways-small-retailers-can-compete-with-retail-giants-using-google-shopping-269454", "row": 0, "column": 9, "tagName": "link", "time": 3837.938447, "url": "", "pos": 9, "chunkLen": 66, "isStartTag": 1}}
06-28 09:39:27.638 14475 14488 E WProf.db: {"WprofHTMLTag": {"code": "0x9eaa9f00", "doc": "http://searchengineland.com/7-ways-small-retailers-can-compete-with-retail-giants-using-google-shopping-269454", "row": 0, "column": 16, "tagName": "table", "time": 3837.938557, "url": "", "pos": 16, "chunkLen": 66, "isStartTag": 1}}
06-28 09:39:27.638 14475 14488 E WProf.db: {"WprofHTMLTag": {"code": "0x9eaa9f30", "doc": "http://searchengineland.com/7-ways-small-retailers-can-compete-with-retail-giants-using-google-shopping-269454", "row": 0, "column": 24, "tagName": "table", "time": 3837.938625, "url": "", "pos": 24, "chunkLen": 66, "isStartTag": 0}}
06-28 09:39:27.638 14475 14488 E WProf.db: {"WprofHTMLTag": {"code": "0x9eaa9f60", "doc": "http://searchengineland.com/7-ways-small-retailers-can-compete-with-retail-giants-using-google-shopping-269454", "row": 0, "column": 37, "tagName": "a", "time": 3837.938683, "url": "", "pos": 37, "chunkLen": 66, "isStartTag": 1}}
06-28 09:39:27.638 14475 14488 E WProf.db: {"WprofHTMLTag": {"code": "0x9eaa9f90", "doc": "http://searchengineland.com/7-ways-small-retailers-can-compete-with-retail-giants-using-google-shopping-269454", "row": 0, "column": 42, "tagName": "a", "time": 3837.938845, "url": "", "pos": 42, "chunkLen": 66, "isStartTag": 0}}
06-28 09:39:27.639 14475 14488 E WProf.db: {"WprofHTMLTag": {"code": "0x9eaa9fc0", "doc": "http://searchengineland.com/7-ways-small-retailers-can-compete-with-retail-giants-using-google-shopping-269454", "row": 0, "column": 66, "tagName": "input", "time": 3837.938901, "url": "", "pos": 66, "chunkLen": 66, "isStartTag": 1}}
06-28 09:39:27.639 14475 14488 E WProf.db: {"WprofHTMLTag": {"code": "0x9eaaa020", "doc": "http://searchengineland.com/7-ways-small-retailers-can-compete-with-retail-giants-using-google-shopping-269454", "row": 0, "column": 9, "tagName": "link", "time": 3837.943507, "url": "", "pos": 9, "chunkLen": 66, "isStartTag": 1}}
06-28 09:39:27.639 14475 14488 E WProf.db: {"WprofHTMLTag": {"code": "0x9eaaa050", "doc": "http://searchengineland.com/7-ways-small-retailers-can-compete-with-retail-giants-using-google-shopping-269454", "row": 0, "column": 16, "tagName": "table", "time": 3837.943625, "url": "", "pos": 16, "chunkLen": 66, "isStartTag": 1}}
06-28 09:39:27.639 14475 14488 E WProf.db: {"WprofHTMLTag": {"code": "0x9eaaa080", "doc": "http://searchengineland.com/7-ways-small-retailers-can-compete-with-retail-giants-using-google-shopping-269454", "row": 0, "column": 24, "tagName": "table", "time": 3837.943704, "url": "", "pos": 24, "chunkLen": 66, "isStartTag": 0}}
06-28 09:39:27.639 14475 14488 E WProf.db: {"WprofHTMLTag": {"code": "0x9eaaa0b0", "doc": "http://searchengineland.com/7-ways-small-retailers-can-compete-with-retail-giants-using-google-shopping-269454", "row": 0, "column": 37, "tagName": "a", "time": 3837.943773, "url": "", "pos": 37, "chunkLen": 66, "isStartTag": 1}}
06-28 09:39:27.639 14475 14488 E WProf.db: {"WprofHTMLTag": {"code": "0x9eaaa0e0", "doc": "http://searchengineland.com/7-ways-small-retailers-can-compete-with-retail-giants-using-google-shopping-269454", "row": 0, "column": 42, "tagName": "a", "time": 3837.943953, "url": "", "pos": 42, "chunkLen": 66, "isStartTag": 0}}
06-28 09:39:27.639 14475 14488 E WProf.db: {"WprofHTMLTag": {"code": "0x9eaaa110", "doc": "http://searchengineland.com/7-ways-small-retailers-can-compete-with-retail-giants-using-google-shopping-269454", "row": 0, "column": 66, "tagName": "input", "time": 3837.944019, "url": "", "pos": 66, "chunkLen": 66, "isStartTag": 1}}
06-28 09:39:27.639 14475 14488 E WProf.db: {"WprofHTMLTag": {"code": "0x9eaaa230", "doc": "http://searchengineland.com/7-ways-small-retailers-can-compete-with-retail-giants-using-google-shopping-269454", "row": 115, "column": 154, "tagName": "script", "time": 3837.955512, "url": "http://searchengineland.com/figz/wp-content/themes/searchengineland/js/lib/jquery-ui-1.10.3.custom.min.js?ver=1.10.3", "pos": 67, "chunkLen": 67, "isStartTag": 1}}
06-28 09:39:27.639 14475 14488 E WProf.db: {"WprofHTMLTag": {"code": "0x9eaaa260", "doc": "http://searchengineland.com/7-ways-small-retailers-can-compete-with-retail-giants-using-google-shopping-269454", "row": 115, "column": 163, "tagName": "script", "time": 3837.955772, "url": "", "pos": 67, "chunkLen": 67, "isStartTag": 0}}
06-28 09:39:27.641 14475 14488 E WProf.db: {"WprofHTMLTag": {"code": "0xaedd1020", "doc": "http://searchengineland.com/7-ways-small-retailers-can-compete-with-retail-giants-using-google-shopping-269454", "row": 0, "column": 111, "tagName": "div", "time": 3838.084309, "url": "", "pos": 111, "chunkLen": 117, "isStartTag": 1}}
06-28 09:39:27.641 14475 14488 E WProf.db: {"WprofHTMLTag": {"code": "0xaedd0ba0", "doc": "http://searchengineland.com/7-ways-small-retailers-can-compete-with-retail-giants-using-google-shopping-269454", "row": 0, "column": 117, "tagName": "div", "time": 3838.084516, "url": "", "pos": 117, "chunkLen": 117, "isStartTag": 0}}
