--------- beginning of main
06-28 14:05:07.317  3449  3449 E Finsky  : [1] com.google.android.finsky.wear.bl.a(3): onConnectionFailed: ConnectionResult{statusCode=API_UNAVAILABLE, resolution=null, message=null}
--------- beginning of system
06-28 14:05:08.489 11295 11295 E chromium: [ERROR:shell_integration_android.cc(12)] Not implemented reached in static ShellIntegration::DefaultWebClientSetPermission ShellIntegration::CanSetAsDefaultBrowser()
06-28 14:05:08.492 11295 11295 E chromium: [ERROR:browser_process_impl.cc(720)] Not implemented reached in virtual BackgroundModeManager* BrowserProcessImpl::background_mode_manager()
06-28 14:05:08.773  3218 23949 E AudioRecord-JNI: Error -4 during AudioRecord native read
06-28 14:05:11.273 11295 11342 E chromium: [ERROR:gles2_cmd_decoder.cc(3852)] [.ChromiumCompositor-0xacbb2fc0]GL ERROR :GL_INVALID_ENUM : glDiscardFramebufferEXT: attachments was GL_COLOR_EXT
06-28 14:05:11.560 11361 11374 E WPROF   : {"CSS": {"url": "http://searchengineland.com/figz/wp-content/themes/searchengineland/css/searchengineland-bootstrap.css", "requestTime": 19788.615459}}
06-28 14:05:11.562 11361 11374 E WPROF   : {"CSS": {"url": "http://fonts.googleapis.com/css?family=Oswald:300,400,700", "requestTime": 19788.617331}}
06-28 14:05:11.564 11361 11374 E WPROF   : {"CSS": {"url": "http://searchengineland.com/figz/wp-content/themes/searchengineland/style.css", "requestTime": 19788.619726}}
06-28 14:05:11.574 11361 11374 E WPROF   : {"Javascript": {"url": "http://searchengineland.com/figz/wp-content/themes/searchengineland/js/lib/modernizr.custom.js?ver=1.0", "requestTime": 19788.629724}}
06-28 14:05:11.575 11361 11374 E WPROF   : {"Javascript": {"url": "http://searchengineland.com/figz/wp-content/themes/searchengineland/js/lib/jquery-1.11.0.min.js?ver=1.11.0", "requestTime": 19788.630364}}
06-28 14:05:11.575 11361 11374 E WPROF   : {"Javascript": {"url": "http://searchengineland.com/figz/wp-content/themes/searchengineland/js/lib/jquery-ui-1.10.3.custom.min.js?ver=1.10.3", "requestTime": 19788.630737}}
06-28 14:05:11.575 11361 11374 E WPROF   : {"Javascript": {"url": "http://searchengineland.com/figz/wp-content/themes/searchengineland/js/lib/jquery.ba-throttle-debounce.min.js?ver=1.1", "requestTime": 19788.631107}}
06-28 14:05:11.576 11361 11374 E WPROF   : {"Javascript": {"url": "http://searchengineland.com/figz/wp-content/themes/searchengineland/js/lib/jquery.countdown.min.js?ver=2.0.4", "requestTime": 19788.631487}}
06-28 14:05:11.576 11361 11374 E WPROF   : {"Javascript": {"url": "http://static.chartbeat.com/js/chartbeat_mab.js", "requestTime": 19788.632098}}
06-28 14:05:12.100 11361 11374 E WPROF   : {"Javascript": {"url": "http://searchengineland.com/figz/wp-includes/js/wp-emoji-release.min.js?ver=4.7.5", "requestTime": 19789.155949}}
06-28 14:05:12.762 11361 11374 E WPROF   : {"Javascript": {"url": "http://www.googletagservices.com/tag/js/gpt.js", "requestTime": 19789.818158}}
06-28 14:05:12.766 11361 11374 E WPROF   : {"Javascript": {"url": "https://www.google-analytics.com/analytics.js", "requestTime": 19789.821887}}
06-28 14:05:12.768 11361 11374 E WPROF   : {"Javascript": {"url": "http://edge.quantserve.com/quant.js", "requestTime": 19789.823780}}
06-28 14:05:12.770 11361 11374 E WPROF   : {"Javascript": {"url": "https://connect.facebook.net/en_US/fbevents.js", "requestTime": 19789.825453}}
06-28 14:05:12.781 11295 11342 E chromium: [ERROR:gles2_cmd_decoder.cc(3852)] [.ChromiumCompositor-0xacbb2fc0]GL ERROR :GL_INVALID_ENUM : glDiscardFramebufferEXT: attachments was GL_COLOR_EXT
06-28 14:05:12.884 11361 11374 E WPROF   : {"Javascript": {"url": "http://app-sj02.marketo.com/js/forms2/js/forms2.min.js", "requestTime": 19789.939500}}
06-28 14:05:13.016 11361 11374 E WPROF   : {"Javascript": {"url": "https://connect.facebook.net/signals/config/423979991297359?v=2.7.17", "requestTime": 19790.071222}}
06-28 14:05:13.021 11361 11374 E WPROF   : {"Javascript": {"url": "https://securepubads.g.doubleclick.net/gpt/pubads_impl_121.js", "requestTime": 19790.076807}}
06-28 14:05:13.036 11295 11342 E chromium: [ERROR:gles2_cmd_decoder.cc(3852)] [.ChromiumCompositor-0xacbb2fc0]GL ERROR :GL_INVALID_ENUM : glDiscardFramebufferEXT: attachments was GL_COLOR_EXT
06-28 14:05:13.189 11361 11374 E WPROF   : {"Javascript": {"url": "http://app-sj02.marketo.com/index.php/form/getForm?munchkinId=727-ZQE-044&form=5691&url=http%3A%2F%2Fsearchengineland.com%2Fadvanced-optimization-google-shopping-campaigns-224627&callback=jQuery11020053786326199769974_1498626313123&_=1498626313124", "requestTime": 19790.244558}}
06-28 14:05:13.208 11361 11374 E WPROF   : {"Javascript": {"url": "http://app-sj02.marketo.com/index.php/form/getForm?munchkinId=727-ZQE-044&form=5685&url=http%3A%2F%2Fsearchengineland.com%2Fadvanced-optimization-google-shopping-campaigns-224627&callback=jQuery11020053786326199769974_1498626313125&_=1498626313126", "requestTime": 19790.263993}}
06-28 14:05:13.470 11361 11374 E WPROF   : {"Javascript": {"url": "http://app-sj02.marketo.com/index.php/form/getForm?munchkinId=727-ZQE-044&form=5673&url=http%3A%2F%2Fsearchengineland.com%2Fadvanced-optimization-google-shopping-campaigns-224627&callback=jQuery11020053786326199769974_1498626313127&_=1498626313128", "requestTime": 19790.525866}}
06-28 14:05:13.492 11361 11374 E WPROF   : {"Javascript": {"url": "http://searchengineland.com/js/ga_social_tracking.js", "requestTime": 19790.547780}}
06-28 14:05:13.501 11361 11374 E WPROF   : {"Javascript": {"url": "http://s7.addthis.com/js/300/addthis_widget.js#pubid=ra-53e918f660794f37", "requestTime": 19790.556291}}
06-28 14:05:13.534 11295 11342 E chromium: [ERROR:gles2_cmd_decoder.cc(3852)] [.ChromiumCompositor-0xacbb2fc0]GL ERROR :GL_INVALID_ENUM : glDiscardFramebufferEXT: attachments was GL_COLOR_EXT
06-28 14:05:13.952 11295 11342 E chromium: [ERROR:gles2_cmd_decoder.cc(3852)] [.ChromiumCompositor-0xacbb2fc0]GL ERROR :GL_INVALID_ENUM : glDiscardFramebufferEXT: attachments was GL_COLOR_EXT
06-28 14:05:14.082   862  1657 E LocSvc_IzatApiV02: E/virtual int izat_core::IzatApiV02::getBatchSize(int32_t):522]: Error : st = 4, ind.status = -1628389555
06-28 14:05:14.082   862  1657 E LocSvc_IzatApiV02: E/virtual int izat_core::IzatApiV02::getBatchSize(int32_t):535]: get batching size failed.Or modem does not support batching 
06-28 14:05:14.091   862  1657 E LocSvc_IzatApiV02: E/virtual int izat_core::IzatApiV02::getBatchSize(int32_t):522]: Error : st = 4, ind.status = -1628389555
06-28 14:05:14.091   862  1657 E LocSvc_IzatApiV02: E/virtual int izat_core::IzatApiV02::getBatchSize(int32_t):535]: get batching size failed.Or modem does not support batching 
06-28 14:05:14.124   862  1657 E LocSvc_IzatApiV02: E/virtual int izat_core::IzatApiV02::getBatchSize(int32_t):522]: Error : st = 4, ind.status = -1628389555
06-28 14:05:14.124   862  1657 E LocSvc_IzatApiV02: E/virtual int izat_core::IzatApiV02::getBatchSize(int32_t):535]: get batching size failed.Or modem does not support batching 
06-28 14:05:14.134   862  1657 E LocSvc_IzatApiV02: E/virtual int izat_core::IzatApiV02::getBatchSize(int32_t):522]: Error : st = 4, ind.status = -1628389555
06-28 14:05:14.134   862  1657 E LocSvc_IzatApiV02: E/virtual int izat_core::IzatApiV02::getBatchSize(int32_t):535]: get batching size failed.Or modem does not support batching 
06-28 14:05:14.493 11361 11374 E WPROF   : {"Javascript": {"url": "https://securepubads.g.doubleclick.net/gampad/ads?gdfp_req=1&correlator=250256797204480&output=json_html&callback=googletag.impl.pubads.callbackProxy1&impl=fifs&json_a=1&eid=108809080%2C108809107&sc=0&sfv=1-0-9&iu_parts=1038259%2Csel-ciu-1%2Csel-ciu-2%2Csel-ciu-3%2Csel-ciu-4%2Csel-ciu-5%2Cch-sem-lea", "requestTime": 19791.549019}}
06-28 14:05:14.597 11361 11374 E WPROF   : {"CSS": {"url": "http://app-sj02.marketo.com/js/forms2/css/forms2.css", "requestTime": 19791.652762}}
06-28 14:05:14.601 11361 11374 E WPROF   : {"CSS": {"url": "http://app-sj02.marketo.com/js/forms2/css/forms2-theme-simple.css", "requestTime": 19791.656667}}
06-28 14:05:14.674 11361 11374 E WPROF   : {"Javascript": {"url": "https://static.xx.fbcdn.net/rsrc.php/v3iy6L4/yk/l/ko_KR/be4fIjHRc8P.js", "requestTime": 19791.729912}}
06-28 14:05:14.697 11361 11374 E WPROF   : {"Javascript": {"url": "http://www.googleadservices.com/pagead/conversion.js", "requestTime": 19791.753197}}
06-28 14:05:14.698 11361 11374 E WPROF   : {"Javascript": {"url": "http://searchengineland.com/figz/wp-content/themes/searchengineland/js/script.js?ver=1.0", "requestTime": 19791.753674}}
06-28 14:05:14.698 11361 11374 E WPROF   : {"Javascript": {"url": "http://searchengineland.com/figz/wp-includes/js/wp-embed.min.js?ver=4.7.5", "requestTime": 19791.754154}}
06-28 14:05:14.699 11361 11374 E WPROF   : {"Javascript": {"url": "http://searchengineland.com/figz/wp-content/themes/searchengineland/js/modules/sharing_controls.js", "requestTime": 19791.754630}}
06-28 14:05:14.803 11361 11374 E WPROF   : {"Javascript": {"url": "http://cdn.api.twitter.com/1/users/show.json?screen_name=AndreasReiffen&callback=twttr.setFollowersCount", "requestTime": 19791.859113}}
06-28 14:05:14.877 11295 11342 E chromium: [ERROR:gles2_cmd_decoder.cc(3852)] [.ChromiumCompositor-0xacbb2fc0]GL ERROR :GL_INVALID_ENUM : glDiscardFramebufferEXT: attachments was GL_COLOR_EXT
06-28 14:05:15.092 11361 11374 E WPROF   : {"Javascript": {"url": "http://d2j3qa5nc37287.cloudfront.net/coupon_code1.js", "requestTime": 19792.148018}}
06-28 14:05:15.135 11361 11374 E WPROF   : {"CSS": {"url": "https://www.youtube.com/yts/cssbin/www-embed-player-sprite-mode-vfl5G4Xm8.css", "requestTime": 19792.191112}}
06-28 14:05:15.137 11361 11374 E WPROF   : {"Javascript": {"url": "https://www.youtube.com/yts/jsbin/www-embed-player-vfl_UY_j8/www-embed-player.js", "requestTime": 19792.192851}}
06-28 14:05:15.138 11361 11374 E WPROF   : {"Javascript": {"url": "https://www.youtube.com/yts/jsbin/player-vflo1w4O-/ko_KR/base.js", "requestTime": 19792.193547}}
06-28 14:05:15.167 11295 11342 E chromium: [ERROR:gles2_cmd_decoder.cc(3852)] [.ChromiumCompositor-0xacbb2fc0]GL ERROR :GL_INVALID_ENUM : glDiscardFramebufferEXT: attachments was GL_COLOR_EXT
06-28 14:05:16.034 11295 11342 E chromium: [ERROR:gles2_cmd_decoder.cc(3852)] [.ChromiumCompositor-0xacbb2fc0]GL ERROR :GL_INVALID_ENUM : glDiscardFramebufferEXT: attachments was GL_COLOR_EXT
06-28 14:05:17.005 11361 11374 E WPROF   : {"Javascript": {"url": "https://www.google.com/js/bg/KWBfAnWFESAEEaKKgdYlTHY9ysQaNoQuzeMFqvxDSM8.js", "requestTime": 19794.061096}}
06-28 14:05:17.008 11361 11374 E WPROF   : {"Javascript": {"url": "https://static.doubleclick.net/instream/ad_status.js", "requestTime": 19794.063700}}
06-28 14:05:17.189 11295 11342 E chromium: [ERROR:gles2_cmd_decoder.cc(3852)] [.ChromiumCompositor-0xacbb2fc0]GL ERROR :GL_INVALID_ENUM : glDiscardFramebufferEXT: attachments was GL_COLOR_EXT
06-28 14:05:17.903 11361 11374 E WPROF   : {"Javascript": {"url": "https://public.slidesharecdn.com/b/ss_foundation/combined_jquery.js?8035b8a944", "requestTime": 19794.958423}}
06-28 14:05:17.903 11361 11374 E WPROF   : {"Javascript": {"url": "https://public.slidesharecdn.com/b/javascripts/global.js?ffe60a3c33", "requestTime": 19794.959100}}
06-28 14:05:17.904 11361 11374 E WPROF   : {"Javascript": {"url": "https://public.slidesharecdn.com/b/ss_foundation/combined_li_tracking.js?3420eb95b0", "requestTime": 19794.959516}}
06-28 14:05:17.904 11361 11374 E WPROF   : {"CSS": {"url": "https://public.slidesharecdn.com/b/stylesheets/font-awesome.css?25a011b547", "requestTime": 19794.959958}}
06-28 14:05:17.905 11361 11374 E WPROF   : {"CSS": {"url": "https://public.slidesharecdn.com/b/stylesheets/ssplayer/combined_presentation.css?53936dc68e", "requestTime": 19794.960330}}
06-28 14:05:17.905 11361 11374 E WPROF   : {"Javascript": {"url": "https://public.slidesharecdn.com/b/ss_foundation/combined_player_presentation.js?b2ef1e6d2b", "requestTime": 19794.960750}}
06-28 14:05:17.969 11361 11374 E WPROF   : {"Javascript": {"url": "https://tpc.googlesyndication.com/pagead/js/r20170619/r20110914/client/ext/m_window_focus_non_hydra.js", "requestTime": 19795.024413}}
06-28 14:05:17.970 11361 11374 E WPROF   : {"Javascript": {"url": "https://tpc.googlesyndication.com/pagead/js/r20170619/r20110914/activeview/osd_listener.js", "requestTime": 19795.025843}}
06-28 14:05:17.974 11361 11374 E WPROF   : {"Javascript": {"url": "http://pagead2.googlesyndication.com/pagead/osd.js", "requestTime": 19795.029514}}
06-28 14:05:18.084 11361 11374 E WPROF   : {"Javascript": {"url": "http://www.justuno.com/ajax/account_version_check.html?id=828FA275-FF73-401E-AA39-40F5A6FAB6B1", "requestTime": 19795.140188}}
06-28 14:05:18.165 11295 11342 E chromium: [ERROR:gles2_cmd_decoder.cc(3852)] [.ChromiumCompositor-0xacbb2fc0]GL ERROR :GL_INVALID_ENUM : glDiscardFramebufferEXT: attachments was GL_COLOR_EXT
06-28 14:05:18.312 11361 11374 E WPROF   : {"Javascript": {"url": "https://public.slidesharecdn.com/b/javascripts/rum/combined_base.js?f14b451c58", "requestTime": 19795.367643}}
06-28 14:05:18.359 11361 11374 E WPROF   : {"Javascript": {"url": "https://ssl.google-analytics.com/ga.js", "requestTime": 19795.415186}}
06-28 14:05:18.361 11361 11374 E WPROF   : {"Javascript": {"url": "https://sb.scorecardresearch.com/beacon.js", "requestTime": 19795.416745}}
06-28 14:05:18.635 11295 11342 E chromium: [ERROR:gles2_cmd_decoder.cc(3852)] [.ChromiumCompositor-0xacbb2fc0]GL ERROR :GL_INVALID_ENUM : glDiscardFramebufferEXT: attachments was GL_COLOR_EXT
06-28 14:05:18.931 11361 11374 E WPROF   : {"Javascript": {"url": "https://public.slidesharecdn.com/b/ss_foundation/combined_old_embed.js?0ae90119d1", "requestTime": 19795.986861}}
06-28 14:05:19.575 11361 11374 E WPROF   : {"Javascript": {"url": "https://html.slidesharecdn.com/150520smx-londonreverse-engineering-google-shopping-150609090014-lva1-app6891/meta.js?1436168489", "requestTime": 19796.630492}}
06-28 14:05:19.644 11295 11342 E chromium: [ERROR:gles2_cmd_decoder.cc(3852)] [.ChromiumCompositor-0xacbb2fc0]GL ERROR :GL_INVALID_ENUM : glDiscardFramebufferEXT: attachments was GL_COLOR_EXT
06-28 14:05:19.794 11295 11342 E chromium: [ERROR:gles2_cmd_decoder.cc(3852)] [.ChromiumCompositor-0xacbb2fc0]GL ERROR :GL_INVALID_ENUM : glDiscardFramebufferEXT: attachments was GL_COLOR_EXT
06-28 14:05:20.064 11295 11342 E chromium: [ERROR:gles2_cmd_decoder.cc(3852)] [.ChromiumCompositor-0xacbb2fc0]GL ERROR :GL_INVALID_ENUM : glDiscardFramebufferEXT: attachments was GL_COLOR_EXT
06-28 14:05:20.150 11295 11342 E chromium: [ERROR:gles2_cmd_decoder.cc(3852)] [.ChromiumCompositor-0xacbb2fc0]GL ERROR :GL_INVALID_ENUM : glDiscardFramebufferEXT: attachments was GL_COLOR_EXT
06-28 14:05:20.180 11295 11342 E chromium: [ERROR:gles2_cmd_decoder.cc(3852)] [.ChromiumCompositor-0xacbb2fc0]GL ERROR :GL_INVALID_ENUM : glDiscardFramebufferEXT: attachments was GL_COLOR_EXT
06-28 14:05:20.407 11361 11374 E WPROF   : {"Javascript": {"url": "http://cdn.justuno.com/mwgt_3.6.js", "requestTime": 19797.462599}}
06-28 14:05:20.919 11295 11342 E chromium: [ERROR:gles2_cmd_decoder.cc(3852)] [.ChromiumCompositor-0xacbb2fc0]GL ERROR :GL_INVALID_ENUM : glDiscardFramebufferEXT: attachments was GL_COLOR_EXT
06-28 14:05:20.971 11295 11342 E chromium: [ERROR:gles2_cmd_decoder.cc(3852)] [.ChromiumCompositor-0xacbb2fc0]GL ERROR :GL_INVALID_ENUM : glDiscardFramebufferEXT: attachments was GL_COLOR_EXT
06-28 14:05:21.136 11295 11342 E chromium: [ERROR:gles2_cmd_decoder.cc(3852)] [.ChromiumCompositor-0xacbb2fc0]GL ERROR :GL_INVALID_ENUM : glDiscardFramebufferEXT: attachments was GL_COLOR_EXT
06-28 14:05:21.718 11361 11374 E WPROF   : {"Javascript": {"url": "https://app-sj02.marketo.com/js/forms2/js/forms2.min.js", "requestTime": 19798.774160}}
06-28 14:05:22.187 11361 11374 E WPROF   : {"Javascript": {"url": "https://html.slidesharecdn.com/150520smx-londonreverse-engineering-google-shopping-150609090014-lva1-app6891/meta-1.js?1436168489", "requestTime": 19799.242454}}
06-28 14:05:22.213 11361 11374 E WPROF   : {"Javascript": {"url": "https://html.slidesharecdn.com/150520smx-londonreverse-engineering-google-shopping-150609090014-lva1-app6891/page_0001.js?1436168489", "requestTime": 19799.268630}}
06-28 14:05:22.220 11361 11374 E WPROF   : {"Javascript": {"url": "https://html.slidesharecdn.com/150520smx-londonreverse-engineering-google-shopping-150609090014-lva1-app6891/page_0002.js?1436168489", "requestTime": 19799.275820}}
06-28 14:05:23.231 11361 11374 E WPROF   : {"Javascript": {"url": "http://www.justuno.com/ajax/account_config_3.6.html?id=828FA275-FF73-401E-AA39-40F5A6FAB6B1&p=0&cm=0&sid=&lg=ko&callback=jsonCallback&genhash=f2419ce9ed593503d25c1ba7dd3cdf8a&device_static_hash=c578e9b1446403e1d74bfe3c92041964&rtc_hash=&guid=&ju_errors=&time=653&camefrom=&thisurl=http%3A%2F%2Fsearch", "requestTime": 19800.286930}}
--------- beginning of crash
06-28 14:05:25.413 11361 11374 F libc    : Fatal signal 11 (SIGSEGV), code 1, fault addr 0x30 in tid 11374 (ChildProcessMai)
06-28 14:05:25.467   370   370 F DEBUG   : *** *** *** *** *** *** *** *** *** *** *** *** *** *** *** ***
06-28 14:05:25.468   370   370 F DEBUG   : Build fingerprint: 'google/shamu/shamu:6.0.1/MMB29X/2704508:user/release-keys'
06-28 14:05:25.468   370   370 F DEBUG   : Revision: '0'
06-28 14:05:25.468   370   370 F DEBUG   : ABI: 'arm'
06-28 14:05:25.471   370   370 F DEBUG   : pid: 11361, tid: 11374, name: ChildProcessMai  >>> org.chromium.chrome.testshell:sandboxed_process0 <<<
06-28 14:05:25.472   370   370 F DEBUG   : signal 11 (SIGSEGV), code 1 (SEGV_MAPERR), fault addr 0x30
06-28 14:05:25.508   370   370 F DEBUG   :     r0 00000000  r1 9aeb1c18  r2 a091892e  r3 96642180
06-28 14:05:25.508   370   370 F DEBUG   :     r4 9b2ac200  r5 b37b742c  r6 9aeb1c18  r7 a091892e
06-28 14:05:25.508   370   370 F DEBUG   :     r8 ab128fa0  r9 00000000  sl 00000000  fp 00000000
06-28 14:05:25.509   370   370 F DEBUG   :     ip aa431018  sp b37b7358  lr 9fef36fb  pc 9fef36fe  cpsr 60080030
06-28 14:05:25.520   370   370 F DEBUG   : 
06-28 14:05:25.520   370   370 F DEBUG   : backtrace:
06-28 14:05:25.520   370   370 F DEBUG   :     #00 pc 00ee86fe  /data/app/org.chromium.chrome.testshell-1/lib/arm/libchromiumtestshell.so
06-28 14:05:25.520   370   370 F DEBUG   :     #01 pc 004b857b  /data/app/org.chromium.chrome.testshell-1/lib/arm/libchromiumtestshell.so
06-28 14:05:25.521   370   370 F DEBUG   :     #02 pc 004b8a87  /data/app/org.chromium.chrome.testshell-1/lib/arm/libchromiumtestshell.so
06-28 14:05:25.521   370   370 F DEBUG   :     #03 pc 004b7885  /data/app/org.chromium.chrome.testshell-1/lib/arm/libchromiumtestshell.so
06-28 14:05:25.521   370   370 F DEBUG   :     #04 pc 00a7eebf  /data/app/org.chromium.chrome.testshell-1/lib/arm/libchromiumtestshell.so
06-28 14:05:25.522   370   370 F DEBUG   :     #05 pc 00a7fb6f  /data/app/org.chromium.chrome.testshell-1/lib/arm/libchromiumtestshell.so
06-28 14:05:25.522   370   370 F DEBUG   :     #06 pc 00a7fea9  /data/app/org.chromium.chrome.testshell-1/lib/arm/libchromiumtestshell.so
06-28 14:05:25.522   370   370 F DEBUG   :     #07 pc 00a804c9  /data/app/org.chromium.chrome.testshell-1/lib/arm/libchromiumtestshell.so
06-28 14:05:25.522   370   370 F DEBUG   :     #08 pc 00a7f37d  /data/app/org.chromium.chrome.testshell-1/lib/arm/libchromiumtestshell.so
06-28 14:05:25.523   370   370 F DEBUG   :     #09 pc 00a89329  /data/app/org.chromium.chrome.testshell-1/lib/arm/libchromiumtestshell.so
06-28 14:05:25.523   370   370 F DEBUG   :     #10 pc 00a7e767  /data/app/org.chromium.chrome.testshell-1/lib/arm/libchromiumtestshell.so
06-28 14:05:25.523   370   370 F DEBUG   :     #11 pc 0109a477  /data/app/org.chromium.chrome.testshell-1/lib/arm/libchromiumtestshell.so
06-28 14:05:25.523   370   370 F DEBUG   :     #12 pc 009aeff3  /data/app/org.chromium.chrome.testshell-1/lib/arm/libchromiumtestshell.so
06-28 14:05:25.524   370   370 F DEBUG   :     #13 pc 009af133  /data/app/org.chromium.chrome.testshell-1/lib/arm/libchromiumtestshell.so
06-28 14:05:25.524   370   370 F DEBUG   :     #14 pc 009aea33  /data/app/org.chromium.chrome.testshell-1/lib/arm/libchromiumtestshell.so
06-28 14:05:25.524   370   370 F DEBUG   :     #15 pc 002bb7dd  /data/app/org.chromium.chrome.testshell-1/oat/arm/base.odex (offset 0x268000)
06-28 14:05:26.039   370   370 F DEBUG   : 
06-28 14:05:26.039   370   370 F DEBUG   : Tombstone written to: /data/tombstones/tombstone_03
06-28 14:05:26.039   370   370 E DEBUG   : AM write failed: Broken pipe
