--------- beginning of main
--------- beginning of system
06-28 16:37:21.541  3449  3449 E Finsky  : [1] com.google.android.finsky.wear.bl.a(3): onConnectionFailed: ConnectionResult{statusCode=API_UNAVAILABLE, resolution=null, message=null}
06-28 16:37:22.629  2106  2106 E chromium: [ERROR:shell_integration_android.cc(12)] Not implemented reached in static ShellIntegration::DefaultWebClientSetPermission ShellIntegration::CanSetAsDefaultBrowser()
06-28 16:37:22.636  2106  2106 E chromium: [ERROR:browser_process_impl.cc(720)] Not implemented reached in virtual BackgroundModeManager* BrowserProcessImpl::background_mode_manager()
06-28 16:37:22.989  3218 32290 E AudioRecord-JNI: Error -4 during AudioRecord native read
06-28 16:37:23.771  2172  2194 E Babel_SMS: canonicalizeMccMnc: invalid mccmnc 
06-28 16:37:23.773  2172  2194 E Babel_SMS: canonicalizeMccMnc: invalid mccmnc nullnull
06-28 16:37:25.336  2106  2159 E chromium: [ERROR:gles2_cmd_decoder.cc(3852)] [.ChromiumCompositor-0xacbb2fc0]GL ERROR :GL_INVALID_ENUM : glDiscardFramebufferEXT: attachments was GL_COLOR_EXT
06-28 16:37:25.665  2236  2250 E WPROF   : {"CSS": {"url": "http://searchengineland.com/figz/wp-content/themes/searchengineland/css/searchengineland-bootstrap.css", "requestTime": 28922.720932}}
06-28 16:37:25.666  2236  2250 E WPROF   : {"CSS": {"url": "http://fonts.googleapis.com/css?family=Oswald:300,400,700", "requestTime": 28922.721510}}
06-28 16:37:25.666  2236  2250 E WPROF   : {"CSS": {"url": "http://searchengineland.com/figz/wp-content/themes/searchengineland/style.css", "requestTime": 28922.722066}}
06-28 16:37:25.671  2236  2250 E WPROF   : {"Javascript": {"url": "http://searchengineland.com/figz/wp-content/themes/searchengineland/js/lib/modernizr.custom.js?ver=1.0", "requestTime": 28922.726443}}
06-28 16:37:25.671  2236  2250 E WPROF   : {"Javascript": {"url": "http://searchengineland.com/figz/wp-content/themes/searchengineland/js/lib/jquery-1.11.0.min.js?ver=1.11.0", "requestTime": 28922.726918}}
06-28 16:37:25.672  2236  2250 E WPROF   : {"Javascript": {"url": "http://searchengineland.com/figz/wp-content/themes/searchengineland/js/lib/jquery-ui-1.10.3.custom.min.js?ver=1.10.3", "requestTime": 28922.727425}}
06-28 16:37:25.672  2236  2250 E WPROF   : {"Javascript": {"url": "http://searchengineland.com/figz/wp-content/themes/searchengineland/js/lib/jquery.ba-throttle-debounce.min.js?ver=1.1", "requestTime": 28922.727817}}
06-28 16:37:25.672  2236  2250 E WPROF   : {"Javascript": {"url": "http://searchengineland.com/figz/wp-content/themes/searchengineland/js/lib/jquery.countdown.min.js?ver=2.0.4", "requestTime": 28922.728196}}
06-28 16:37:25.673  2236  2250 E WPROF   : {"Javascript": {"url": "http://static.chartbeat.com/js/chartbeat_mab.js", "requestTime": 28922.728624}}
06-28 16:37:26.303  2236  2250 E WPROF   : {"Javascript": {"url": "http://searchengineland.com/figz/wp-includes/js/wp-emoji-release.min.js?ver=4.7.5", "requestTime": 28923.358359}}
06-28 16:37:26.673  2236  2250 E WPROF   : {"Javascript": {"url": "http://www.googletagservices.com/tag/js/gpt.js", "requestTime": 28923.728970}}
06-28 16:37:26.681  2236  2250 E WPROF   : {"Javascript": {"url": "https://www.google-analytics.com/analytics.js", "requestTime": 28923.736432}}
06-28 16:37:26.684  2236  2250 E WPROF   : {"Javascript": {"url": "http://edge.quantserve.com/quant.js", "requestTime": 28923.739396}}
06-28 16:37:26.686  2236  2250 E WPROF   : {"Javascript": {"url": "https://connect.facebook.net/en_US/fbevents.js", "requestTime": 28923.741643}}
06-28 16:37:26.762  2106  2159 E chromium: [ERROR:gles2_cmd_decoder.cc(3852)] [.ChromiumCompositor-0xacbb2fc0]GL ERROR :GL_INVALID_ENUM : glDiscardFramebufferEXT: attachments was GL_COLOR_EXT
06-28 16:37:26.815  2236  2250 E WPROF   : {"Javascript": {"url": "http://app-sj02.marketo.com/js/forms2/js/forms2.min.js", "requestTime": 28923.871128}}
06-28 16:37:26.942  2236  2250 E WPROF   : {"Javascript": {"url": "https://connect.facebook.net/signals/config/423979991297359?v=2.7.17", "requestTime": 28923.997715}}
06-28 16:37:26.947  2236  2250 E WPROF   : {"Javascript": {"url": "https://securepubads.g.doubleclick.net/gpt/pubads_impl_121.js", "requestTime": 28924.002799}}
06-28 16:37:26.954  2106  2159 E chromium: [ERROR:gles2_cmd_decoder.cc(3852)] [.ChromiumCompositor-0xacbb2fc0]GL ERROR :GL_INVALID_ENUM : glDiscardFramebufferEXT: attachments was GL_COLOR_EXT
06-28 16:37:27.360  2236  2250 E WPROF   : {"Javascript": {"url": "http://app-sj02.marketo.com/index.php/form/getForm?munchkinId=727-ZQE-044&form=5691&url=http%3A%2F%2Fsearchengineland.com%2Fadvanced-seos-need-know-algorithm-updates-277147&callback=jQuery110209079851601272821_1498635447268&_=1498635447269", "requestTime": 28924.415506}}
06-28 16:37:27.376  2236  2250 E WPROF   : {"Javascript": {"url": "http://app-sj02.marketo.com/index.php/form/getForm?munchkinId=727-ZQE-044&form=5685&url=http%3A%2F%2Fsearchengineland.com%2Fadvanced-seos-need-know-algorithm-updates-277147&callback=jQuery110209079851601272821_1498635447270&_=1498635447271", "requestTime": 28924.431761}}
06-28 16:37:27.602  2106  2159 E chromium: [ERROR:gles2_cmd_decoder.cc(3852)] [.ChromiumCompositor-0xacbb2fc0]GL ERROR :GL_INVALID_ENUM : glDiscardFramebufferEXT: attachments was GL_COLOR_EXT
06-28 16:37:27.748  2236  2250 E WPROF   : {"Javascript": {"url": "http://app-sj02.marketo.com/index.php/form/getForm?munchkinId=727-ZQE-044&form=5673&url=http%3A%2F%2Fsearchengineland.com%2Fadvanced-seos-need-know-algorithm-updates-277147&callback=jQuery110209079851601272821_1498635447272&_=1498635447273", "requestTime": 28924.803228}}
06-28 16:37:27.758  2236  2250 E WPROF   : {"Javascript": {"url": "http://searchengineland.com/js/ga_social_tracking.js", "requestTime": 28924.814138}}
06-28 16:37:27.762  2236  2250 E WPROF   : {"Javascript": {"url": "http://s7.addthis.com/js/300/addthis_widget.js#pubid=ra-53e918f660794f37", "requestTime": 28924.817282}}
06-28 16:37:27.945  2106  2159 E chromium: [ERROR:gles2_cmd_decoder.cc(3852)] [.ChromiumCompositor-0xacbb2fc0]GL ERROR :GL_INVALID_ENUM : glDiscardFramebufferEXT: attachments was GL_COLOR_EXT
06-28 16:37:28.432  2236  2250 E WPROF   : {"Javascript": {"url": "https://securepubads.g.doubleclick.net/gampad/ads?gdfp_req=1&correlator=4151261210345472&output=json_html&callback=googletag.impl.pubads.callbackProxy1&impl=fifs&json_a=1&eid=108809080%2C108809147%2C108809103%2C108809153%2C21060301%2C21060543&sc=0&sfv=1-0-9&iu_parts=1038259%2Csel-ciu-1%2Csel-ciu-2%2", "requestTime": 28925.487337}}
06-28 16:37:28.463  2236  2250 E WPROF   : {"Javascript": {"url": "https://static.xx.fbcdn.net/rsrc.php/v3iy6L4/yF/l/ko_KR/w3AiswiqjrJ.js", "requestTime": 28925.518596}}
06-28 16:37:28.498   862  1657 E LocSvc_IzatApiV02: E/virtual int izat_core::IzatApiV02::getBatchSize(int32_t):522]: Error : st = 4, ind.status = -1628389555
06-28 16:37:28.498   862  1657 E LocSvc_IzatApiV02: E/virtual int izat_core::IzatApiV02::getBatchSize(int32_t):535]: get batching size failed.Or modem does not support batching 
06-28 16:37:28.507   862  1657 E LocSvc_IzatApiV02: E/virtual int izat_core::IzatApiV02::getBatchSize(int32_t):522]: Error : st = 4, ind.status = -1628389555
06-28 16:37:28.507   862  1657 E LocSvc_IzatApiV02: E/virtual int izat_core::IzatApiV02::getBatchSize(int32_t):535]: get batching size failed.Or modem does not support batching 
06-28 16:37:28.546   862  1657 E LocSvc_IzatApiV02: E/virtual int izat_core::IzatApiV02::getBatchSize(int32_t):522]: Error : st = 4, ind.status = -1628389555
06-28 16:37:28.546   862  1657 E LocSvc_IzatApiV02: E/virtual int izat_core::IzatApiV02::getBatchSize(int32_t):535]: get batching size failed.Or modem does not support batching 
06-28 16:37:28.554   862  1657 E LocSvc_IzatApiV02: E/virtual int izat_core::IzatApiV02::getBatchSize(int32_t):522]: Error : st = 4, ind.status = -1628389555
06-28 16:37:28.554   862  1657 E LocSvc_IzatApiV02: E/virtual int izat_core::IzatApiV02::getBatchSize(int32_t):535]: get batching size failed.Or modem does not support batching 
06-28 16:37:28.650  2236  2250 E WPROF   : {"Javascript": {"url": "http://cdn.api.twitter.com/1/users/show.json?screen_name=casieg&callback=twttr.setFollowersCount", "requestTime": 28925.705223}}
06-28 16:37:29.073  2236  2250 E WPROF   : {"Javascript": {"url": "http://platform.twitter.com/widgets.js", "requestTime": 28926.128745}}
06-28 16:37:29.077  2236  2250 E WPROF   : {"Javascript": {"url": "http://connect.facebook.net/en_US/sdk.js", "requestTime": 28926.132623}}
06-28 16:37:29.079  2236  2250 E WPROF   : {"Javascript": {"url": "https://apis.google.com/js/platform.js", "requestTime": 28926.134724}}
06-28 16:37:29.116  2236  2250 E WPROF   : {"Javascript": {"url": "http://rules.quantcount.com/rules-p-5aGizvD82d9hk.js", "requestTime": 28926.171362}}
06-28 16:37:29.119  2236  2250 E WPROF   : {"Javascript": {"url": "http://munchkin.marketo.net/munchkin.js", "requestTime": 28926.174442}}
06-28 16:37:29.204  2106  2159 E chromium: [ERROR:gles2_cmd_decoder.cc(3852)] [.ChromiumCompositor-0xacbb2fc0]GL ERROR :GL_INVALID_ENUM : glDiscardFramebufferEXT: attachments was GL_COLOR_EXT
06-28 16:37:29.313  2236  2250 E WPROF   : {"Javascript": {"url": "http://d2j3qa5nc37287.cloudfront.net/coupon_code1.js", "requestTime": 28926.368878}}
06-28 16:37:29.321  2236  2250 E WPROF   : {"Javascript": {"url": "http://www.googleadservices.com/pagead/conversion.js", "requestTime": 28926.376829}}
06-28 16:37:29.322  2236  2250 E WPROF   : {"Javascript": {"url": "http://searchengineland.com/figz/wp-content/themes/searchengineland/js/script.js?ver=1.0", "requestTime": 28926.377461}}
06-28 16:37:29.322  2236  2250 E WPROF   : {"Javascript": {"url": "http://searchengineland.com/figz/wp-includes/js/wp-embed.min.js?ver=4.7.5", "requestTime": 28926.377811}}
06-28 16:37:29.322  2236  2250 E WPROF   : {"Javascript": {"url": "http://searchengineland.com/figz/wp-content/themes/searchengineland/js/modules/sharing_controls.js", "requestTime": 28926.378188}}
06-28 16:37:29.392  2106  2159 E chromium: [ERROR:gles2_cmd_decoder.cc(3852)] [.ChromiumCompositor-0xacbb2fc0]GL ERROR :GL_INVALID_ENUM : glDiscardFramebufferEXT: attachments was GL_COLOR_EXT
06-28 16:37:29.441  2236  2250 E WPROF   : {"CSS": {"url": "https://www.youtube.com/yts/cssbin/www-embed-player-sprite-mode-vfl5G4Xm8.css", "requestTime": 28926.497128}}
06-28 16:37:29.442  2236  2250 E WPROF   : {"Javascript": {"url": "https://www.youtube.com/yts/jsbin/www-embed-player-vfl_UY_j8/www-embed-player.js", "requestTime": 28926.498220}}
06-28 16:37:29.443  2236  2250 E WPROF   : {"Javascript": {"url": "https://www.youtube.com/yts/jsbin/player-vflo1w4O-/ko_KR/base.js", "requestTime": 28926.498562}}
06-28 16:37:29.909  2236  2250 E WPROF   : {"Javascript": {"url": "http://dnn506yrbagrg.cloudfront.net/pages/scripts/0026/4062.js?416287", "requestTime": 28926.964951}}
06-28 16:37:30.718  2236  2250 E WPROF   : {"Javascript": {"url": "http://m.addthisedge.com/live/boost/ra-53e918f660794f37/_ate.track.config_resp", "requestTime": 28927.773702}}
06-28 16:37:30.772  2236  2250 E WPROF   : {"Javascript": {"url": "http://m.addthis.com/live/red_lojson/300lo.json?si=59535cb8684c237e&bkl=0&bl=1&pdt=2479&sid=59535cb8684c237e&pub=ra-53e918f660794f37&rev=v7.15.4-wp&ln=ko&pc=men&cb=0&ab=-&dp=searchengineland.com&fp=advanced-seos-need-know-algorithm-updates-277147&fr=&of=0&pd=0&irt=0&vcl=0&md=0&ct=1&tct=0&abt=0&cdn=0", "requestTime": 28927.827442}}
06-28 16:37:30.870  2106  2159 E chromium: [ERROR:gles2_cmd_decoder.cc(3852)] [.ChromiumCompositor-0xacbb2fc0]GL ERROR :GL_INVALID_ENUM : glDiscardFramebufferEXT: attachments was GL_COLOR_EXT
06-28 16:37:32.112  2236  2250 E WPROF   : {"Javascript": {"url": "https://www.google.com/js/bg/KWBfAnWFESAEEaKKgdYlTHY9ysQaNoQuzeMFqvxDSM8.js", "requestTime": 28929.167975}}
06-28 16:37:32.115  2236  2250 E WPROF   : {"Javascript": {"url": "https://static.doubleclick.net/instream/ad_status.js", "requestTime": 28929.170656}}
06-28 16:37:32.330  2106  2159 E chromium: [ERROR:gles2_cmd_decoder.cc(3852)] [.ChromiumCompositor-0xacbb2fc0]GL ERROR :GL_INVALID_ENUM : glDiscardFramebufferEXT: attachments was GL_COLOR_EXT
06-28 16:37:33.048  2106  2159 E chromium: [ERROR:gles2_cmd_decoder.cc(3852)] [.ChromiumCompositor-0xacbb2fc0]GL ERROR :GL_INVALID_ENUM : glDiscardFramebufferEXT: attachments was GL_COLOR_EXT
06-28 16:37:33.128  2236  2250 E WPROF   : {"CSS": {"url": "http://app-sj02.marketo.com/js/forms2/css/forms2.css", "requestTime": 28930.183999}}
06-28 16:37:33.133  2236  2250 E WPROF   : {"CSS": {"url": "http://app-sj02.marketo.com/js/forms2/css/forms2-theme-simple.css", "requestTime": 28930.188267}}
06-28 16:37:33.250  2236  2250 E WPROF   : {"Javascript": {"url": "https://tpc.googlesyndication.com/pagead/js/r20170619/r20110914/client/ext/m_window_focus_non_hydra.js", "requestTime": 28930.305374}}
06-28 16:37:33.252  2236  2250 E WPROF   : {"Javascript": {"url": "https://tpc.googlesyndication.com/pagead/js/r20170619/r20110914/activeview/osd_listener.js", "requestTime": 28930.307330}}
06-28 16:37:33.256  2236  2250 E WPROF   : {"Javascript": {"url": "http://pagead2.googlesyndication.com/pagead/osd.js", "requestTime": 28930.311614}}
06-28 16:37:33.546  2236  2250 E WPROF   : {"Javascript": {"url": "https://platform.twitter.com/js/button.b731e6c82269f70f6fc53634e044a4c6.js", "requestTime": 28930.601988}}
06-28 16:37:33.551  2236  2250 E WPROF   : {"Javascript": {"url": "http://munchkin.marketo.net/151/munchkin.js", "requestTime": 28930.607088}}
06-28 16:37:33.558  2236  2250 E WPROF   : {"Javascript": {"url": "http://www.justuno.com/ajax/account_version_check.html?id=828FA275-FF73-401E-AA39-40F5A6FAB6B1", "requestTime": 28930.613396}}
06-28 16:37:33.790  2236  2250 E WPROF   : {"Javascript": {"url": "http://s7.addthis.com/static/layers.4acb6c577b51939661ec.js", "requestTime": 28930.846118}}
06-28 16:37:33.941  2236  2250 E WPROF   : {"Javascript": {"url": "https://public.slidesharecdn.com/b/ss_foundation/combined_jquery.js?8035b8a944", "requestTime": 28930.996770}}
06-28 16:37:33.943  2236  2250 E WPROF   : {"Javascript": {"url": "https://public.slidesharecdn.com/b/javascripts/global.js?ffe60a3c33", "requestTime": 28930.998638}}
06-28 16:37:33.945  2236  2250 E WPROF   : {"Javascript": {"url": "https://public.slidesharecdn.com/b/ss_foundation/combined_li_tracking.js?3420eb95b0", "requestTime": 28931.001080}}
06-28 16:37:33.948  2236  2250 E WPROF   : {"CSS": {"url": "https://public.slidesharecdn.com/b/stylesheets/font-awesome.css?25a011b547", "requestTime": 28931.003205}}
06-28 16:37:33.949  2236  2250 E WPROF   : {"CSS": {"url": "https://public.slidesharecdn.com/b/stylesheets/ssplayer/combined_presentation.css?53936dc68e", "requestTime": 28931.005004}}
06-28 16:37:33.951  2236  2250 E WPROF   : {"Javascript": {"url": "https://public.slidesharecdn.com/b/ss_foundation/combined_player_presentation.js?b2ef1e6d2b", "requestTime": 28931.006811}}
06-28 16:37:33.993  2106  2159 E chromium: [ERROR:gles2_cmd_decoder.cc(3852)] [.ChromiumCompositor-0xacbb2fc0]GL ERROR :GL_INVALID_ENUM : glDiscardFramebufferEXT: attachments was GL_COLOR_EXT
06-28 16:37:34.374  2106  2159 E chromium: [ERROR:gles2_cmd_decoder.cc(3852)] [.ChromiumCompositor-0xacbb2fc0]GL ERROR :GL_INVALID_ENUM : glDiscardFramebufferEXT: attachments was GL_COLOR_EXT
06-28 16:37:34.482  2236  2250 E WPROF   : {"Javascript": {"url": "https://public.slidesharecdn.com/b/javascripts/rum/combined_base.js?f14b451c58", "requestTime": 28931.538154}}
06-28 16:37:34.519  2236  2250 E WPROF   : {"Javascript": {"url": "https://ssl.google-analytics.com/ga.js", "requestTime": 28931.574291}}
06-28 16:37:34.519  2236  2250 E WPROF   : {"Javascript": {"url": "https://sb.scorecardresearch.com/beacon.js", "requestTime": 28931.575028}}
06-28 16:37:35.268  2236  2250 E WPROF   : {"Javascript": {"url": "https://public.slidesharecdn.com/b/ss_foundation/combined_old_embed.js?0ae90119d1", "requestTime": 28932.323668}}
06-28 16:37:35.330  2106  2159 E chromium: [ERROR:gles2_cmd_decoder.cc(3852)] [.ChromiumCompositor-0xacbb2fc0]GL ERROR :GL_INVALID_ENUM : glDiscardFramebufferEXT: attachments was GL_COLOR_EXT
06-28 16:37:36.361  2236  2250 E WPROF   : {"Javascript": {"url": "http://cdn.justuno.com/mwgt_3.6.js", "requestTime": 28933.416639}}
06-28 16:37:38.221  2106  2159 E chromium: [ERROR:gles2_cmd_decoder.cc(3852)] [.ChromiumCompositor-0xacbb2fc0]GL ERROR :GL_INVALID_ENUM : glDiscardFramebufferEXT: attachments was GL_COLOR_EXT
06-28 16:37:38.467  2106  2159 E chromium: [ERROR:gles2_cmd_decoder.cc(3852)] [.ChromiumCompositor-0xacbb2fc0]GL ERROR :GL_INVALID_ENUM : glDiscardFramebufferEXT: attachments was GL_COLOR_EXT
06-28 16:37:38.521  2106  2159 E chromium: [ERROR:gles2_cmd_decoder.cc(3852)] [.ChromiumCompositor-0xacbb2fc0]GL ERROR :GL_INVALID_ENUM : glDiscardFramebufferEXT: attachments was GL_COLOR_EXT
06-28 16:37:38.679  2106  2159 E chromium: [ERROR:gles2_cmd_decoder.cc(3852)] [.ChromiumCompositor-0xacbb2fc0]GL ERROR :GL_INVALID_ENUM : glDiscardFramebufferEXT: attachments was GL_COLOR_EXT
06-28 16:37:38.871  2106  2159 E chromium: [ERROR:gles2_cmd_decoder.cc(3852)] [.ChromiumCompositor-0xacbb2fc0]GL ERROR :GL_INVALID_ENUM : glDiscardFramebufferEXT: attachments was GL_COLOR_EXT
06-28 16:37:39.278  2106  2159 E chromium: [ERROR:gles2_cmd_decoder.cc(3852)] [.ChromiumCompositor-0xacbb2fc0]GL ERROR :GL_INVALID_ENUM : glDiscardFramebufferEXT: attachments was GL_COLOR_EXT
06-28 16:37:40.025  2236  2250 E WProf.db: {"page": "searchengineland.com_advanced-seos-need-know-algorithm-updates-277147"}
06-28 16:37:40.025  2236  2250 E WProf.db: {"DOMLoad": 28937.080763}
06-28 16:37:40.025  2236  2250 E WProf.db: {"Resource": {"id": 1, "url": "http://searchengineland.com/advanced-seos-need-know-algorithm-updates-277147", "sentTime": -1.000000, "len": 99051, "from": "0x0", "mimeType": "text/html", "contentLength": -1, "httpStatus": 200, "connId": 19, "connReused": 0, "cached": 0,"requestTime": 28922.340046, "proxyStart": -1, "proxyEnd": -1, "dnsStart": 0, "dnsEnd": 0, "connectStart": 0, "connectEnd": 73, "sendStart": 73, "sendEnd": 74, "receiveHeadersEnd": 266, "sslStart": -1, "sslEnd": -1}}
06-28 16:37:40.025  2236  2250 E WProf.db: {"ReceivedChunk": {"receivedTime": 28922.621182, "len": 12721}}
06-28 16:37:40.025  2236  2250 E WProf.db: {"ReceivedChunk": {"receivedTime": 28922.711702, "len": 32768}}
06-28 16:37:40.025  2236  2250 E WProf.db: {"ReceivedChunk": {"receivedTime": 28922.712010, "len": 23831}}
06-28 16:37:40.025  2236  2250 E WProf.db: {"ReceivedChunk": {"receivedTime": 28922.801292, "len": 14573}}
06-28 16:37:40.025  2236  2250 E WProf.db: {"ReceivedChunk": {"receivedTime": 28922.802802, "len": 15158}}
06-28 16:37:40.025  2236  2250 E WProf.db: {"WprofHTMLTag": {"code": "0xaedda630", "doc": "http://searchengineland.com/advanced-seos-need-know-algorithm-updates-277147", "row": 6, "column": 42, "tagName": "html", "time": 28922.715053, "url": "", "pos": 1, "chunkLen": 1, "isStartTag": 1}}
06-28 16:37:40.026  2236  2250 E WProf.db: {"WprofHTMLTag": {"code": "0xaf047850", "doc": "http://searchengineland.com/advanced-seos-need-know-algorithm-updates-277147", "row": 7, "column": 6, "tagName": "head", "time": 28922.715475, "url": "", "pos": 1, "chunkLen": 1, "isStartTag": 1}}
06-28 16:37:40.026  2236  2250 E WProf.db: {"WprofHTMLTag": {"code": "0xaf047880", "doc": "http://searchengineland.com/advanced-seos-need-know-algorithm-updates-277147", "row": 8, "column": 54, "tagName": "meta", "time": 28922.715522, "url": "", "pos": 1, "chunkLen": 1, "isStartTag": 1}}
06-28 16:37:40.026  2236  2250 E WProf.db: {"WprofHTMLTag": {"code": "0xaf0478b0", "doc": "http://searchengineland.com/advanced-seos-need-know-algorithm-updates-277147", "row": 9, "column": 68, "tagName": "meta", "time": 28922.715670, "url": "", "pos": 1, "chunkLen": 1, "isStartTag": 1}}
06-28 16:37:40.026  2236  2250 E WProf.db: {"WprofHTMLTag": {"code": "0xaf0478e0", "doc": "http://searchengineland.com/advanced-seos-need-know-algorithm-updates-277147", "row": 10, "column": 23, "tagName": "meta", "time": 28922.715784, "url": "", "pos": 1, "chunkLen": 1, "isStartTag": 1}}
06-28 16:37:40.026  2236  2250 E WProf.db: {"WprofHTMLTag": {"code": "0xaf047910", "doc": "http://searchengineland.com/advanced-seos-need-know-algorithm-updates-277147", "row": 11, "column": 52, "tagName": "meta", "time": 28922.715997, "url": "", "pos": 1, "chunkLen": 1, "isStartTag": 1}}
06-28 16:37:40.026  2236  2250 E WProf.db: {"WprofHTMLTag": {"code": "0xaf047940", "doc": "http://searchengineland.com/advanced-seos-need-know-algorithm-updates-277147", "row": 14, "column": 56, "tagName": "meta", "time": 28922.716130, "url": "", "pos": 1, "chunkLen": 1, "isStartTag": 1}}
06-28 16:37:40.026  2236  2250 E WProf.db: {"WprofHTMLTag": {"code": "0xaf047970", "doc": "http://searchengineland.com/advanced-seos-need-know-algorithm-updates-277147", "row": 15, "column": 83, "tagName": "meta", "time": 28922.716246, "url": "", "pos": 1, "chunkLen": 1, "isStartTag": 1}}
06-28 16:37:40.026  2236  2250 E WProf.db: {"WprofHTMLTag": {"code": "0xaf0479a0", "doc": "http://searchengineland.com/advanced-seos-need-know-algorithm-updates-277147", "row": 16, "column": 57, "tagName": "meta", "time": 28922.716359, "url": "", "pos": 1, "chunkLen": 1, "isStartTag": 1}}
06-28 16:37:40.026  2236  2250 E WProf.db: {"WprofHTMLTag": {"code": "0xaf047a30", "doc": "http://searchengineland.com/advanced-seos-need-know-algorithm-updates-277147", "row": 17, "column": 41, "tagName": "meta", "time": 28922.716474, "url": "", "pos": 1, "chunkLen": 1, "isStartTag": 1}}
06-28 16:37:40.026  2236  2250 E WProf.db: {"WprofHTMLTag": {"code": "0xaf047a60", "doc": "http://searchengineland.com/advanced-seos-need-know-algorithm-updates-277147", "row": 18, "column": 50, "tagName": "meta", "time": 28922.716587, "url": "", "pos": 1, "chunkLen": 1, "isStartTag": 1}}
06-28 16:37:40.026  2236  2250 E WProf.db: {"WprofHTMLTag": {"code": "0xaf047a90", "doc": "http://searchengineland.com/advanced-seos-need-know-algorithm-updates-277147", "row": 19, "column": 174, "tagName": "meta", "time": 28922.716708, "url": "", "pos": 1, "chunkLen": 1, "isStartTag": 1}}
06-28 16:37:40.026  2236  2250 E WProf.db: {"WprofHTMLTag": {"code": "0xaf047a00", "doc": "http://searchengineland.com/advanced-seos-need-know-algorithm-updates-277147", "row": 20, "column": 47, "tagName": "meta", "time": 28922.716826, "url": "", "pos": 1, "chunkLen": 1, "isStartTag": 1}}
06-28 16:37:40.026  2236  2250 E WProf.db: {"WprofHTMLTag": {"code": "0xaf0479d0", "doc": "http://searchengineland.com/advanced-seos-need-know-algorithm-updates-277147", "row": 21, "column": 67, "tagName": "meta", "time": 28922.716936, "url": "", "pos": 1, "chunkLen": 1, "isStartTag": 1}}
06-28 16:37:40.027  2236  2250 E WProf.db: {"WprofHTMLTag": {"code": "0xaf047ac0", "doc": "http://searchengineland.com/advanced-seos-need-know-algorithm-updates-277147", "row": 22, "column": 57, "tagName": "meta", "time": 28922.717055, "url": "", "pos": 1, "chunkLen": 1, "isStartTag": 1}}
06-28 16:37:40.027  2236  2250 E WProf.db: {"WprofHTMLTag": {"code": "0xaf047af0", "doc": "http://searchengineland.com/advanced-seos-need-know-algorithm-updates-277147", "row": 23, "column": 65, "tagName": "meta", "time": 28922.717171, "url": "", "pos": 1, "chunkLen": 1, "isStartTag": 1}}
06-28 16:37:40.027  2236  2250 E WProf.db: {"WprofHTMLTag": {"code": "0xaf047b20", "doc": "http://searchengineland.com/advanced-seos-need-know-algorithm-updates-277147", "row": 24, "column": 55, "tagName": "meta", "time": 28922.717290, "url": "", "pos": 1, "chunkLen": 1, "isStartTag": 1}}
06-28 16:37:40.027  2236  2250 E WProf.db: {"WprofHTMLTag": {"code": "0xaf047b50", "doc": "http://searchengineland.com/advanced-seos-need-know-algorithm-updates-277147", "row": 25, "column": 71, "tagName": "meta", "time": 28922.717408, "url": "", "pos": 1, "chunkLen": 1, "isStartTag": 1}}
06-28 16:37:40.027  2236  2250 E WProf.db: {"WprofHTMLTag": {"code": "0xaf047b80", "doc": "http://searchengineland.com/advanced-seos-need-know-algorithm-updates-277147", "row": 26, "column": 86, "tagName": "meta", "time": 28922.717525, "url": "", "pos": 1, "chunkLen": 1, "isStartTag": 1}}
06-28 16:37:40.027  2236  2250 E WProf.db: {"WprofHTMLTag": {"code": "0xaf047bb0", "doc": "http://searchengineland.com/advanced-seos-need-know-algorithm-updates-277147", "row": 27, "column": 54, "tagName": "meta", "time": 28922.717645, "url": "", "pos": 1, "chunkLen": 1, "isStartTag": 1}}
06-28 16:37:40.027  2236  2250 E WProf.db: {"WprofHTMLTag": {"code": "0xaf047be0", "doc": "http://searchengineland.com/advanced-seos-need-know-algorithm-updates-277147", "row": 29, "column": 128, "tagName": "meta", "time": 28922.717766, "url": "", "pos": 1, "chunkLen": 1, "isStartTag": 1}}
06-28 16:37:40.028  2236  2250 E WProf.db: {"WprofHTMLTag": {"code": "0xaf047c10", "doc": "http://searchengineland.com/advanced-seos-need-know-algorithm-updates-277147", "row": 30, "column": 217, "tagName": "meta", "time": 28922.717889, "url": "", "pos": 1, "chunkLen": 1, "isStartTag": 1}}
06-28 16:37:40.029  2236  2250 E WProf.db: {"WprofHTMLTag": {"code": "0xaf047c40", "doc": "http://searchengineland.com/advanced-seos-need-know-algorithm-updates-277147", "row": 31, "column": 55, "tagName": "meta", "time": 28922.718003, "url": "", "pos": 1, "chunkLen": 1, "isStartTag": 1}}
06-28 16:37:40.030  2236  2250 E WProf.db: {"WprofHTMLTag": {"code": "0xaf047c70", "doc": "http://searchengineland.com/advanced-seos-need-know-algorithm-updates-277147", "row": 32, "column": 54, "tagName": "meta", "time": 28922.718124, "url": "", "pos": 1, "chunkLen": 1, "isStartTag": 1}}
06-28 16:37:40.030  2236  2250 E WProf.db: {"WprofHTMLTag": {"code": "0xaf047ca0", "doc": "http://searchengineland.com/advanced-seos-need-know-algorithm-updates-277147", "row": 33, "column": 152, "tagName": "meta", "time": 28922.718244, "url": "", "pos": 1, "chunkLen": 1, "isStartTag": 1}}
06-28 16:37:40.031  2236  2250 E WProf.db: {"WprofHTMLTag": {"code": "0xaf047cd0", "doc": "http://searchengineland.com/advanced-seos-need-know-algorithm-updates-277147", "row": 37, "column": 36, "tagName": "script", "time": 28922.718364, "url": "", "pos": 1, "chunkLen": 1, "isStartTag": 1}}
06-28 16:37:40.031  2236  2250 E WProf.db: {"WprofHTMLTag": {"code": "0xaf047d00", "doc": "http://searchengineland.com/advanced-seos-need-know-algorithm-updates-277147", "row": 53, "column": 10, "tagName": "script", "time": 28922.718672, "url": "", "pos": 1, "chunkLen": 1, "isStartTag": 0}}
06-28 16:37:40.031  2236  2250 E WProf.db: {"WprofHTMLTag": {"code": "0xaedda660", "doc": "http://searchengineland.com/advanced-seos-need-know-algorithm-updates-277147", "row": 55, "column": 86, "tagName": "link", "time": 28922.719247, "url": "http://searchengineland.com/apple-touch-icon.png", "pos": 1, "chunkLen": 1, "isStartTag": 1}}
06-28 16:37:40.031  2236  2250 E WProf.db: {"WprofHTMLTag": {"code": "0xaf047d30", "doc": "http://searchengineland.com/advanced-seos-need-know-algorithm-updates-277147", "row": 56, "column": 76, "tagName": "link", "time": 28922.719546, "url": "http://searchengineland.com/favicon.ico", "pos": 1, "chunkLen": 1, "isStartTag": 1}}
06-28 16:37:40.031  2236  2250 E WProf.db: {"WprofHTMLTag": {"code": "0xaf047d60", "doc": "http://searchengineland.com/advanced-seos-need-know-algorithm-updates-277147", "row": 57, "column": 158, "tagName": "link", "time": 28922.719752, "url": "http://feeds.searchengineland.com/searchengineland", "pos": 1, "chunkLen": 1, "isStartTag": 1}}
06-28 16:37:40.032  2236  2250 E WProf.db: {"WprofHTMLTag": {"code": "0xaf047d90", "doc": "http://searchengineland.com/advanced-seos-need-know-algorithm-updates-277147", "row": 58, "column": 149, "tagName": "link", "time": 28922.720364, "url": "http://feeds.searchengineland.com/searchcap", "pos": 1, "chunkLen": 1, "isStartTag": 1}}
06-28 16:37:40.032  2236  2250 E WProf.db: {"WprofHTMLTag": {"code": "0xaf047dc0", "doc": "http://searchengineland.com/advanced-seos-need-know-algorithm-updates-277147", "row": 59, "column": 150, "tagName": "link", "time": 28922.720648, "url": "http://searchengineland.com/figz/wp-content/themes/searchengineland/css/searchengineland-bootstrap.css", "pos": 1, "chunkLen": 1, "isStartTag": 1}}
06-28 16:37:40.032  2236  2250 E WProf.db: {"WprofHTMLTag": {"code": "0xaf047e20", "doc": "http://searchengineland.com/advanced-seos-need-know-algorithm-updates-277147", "row": 60, "column": 105, "tagName": "link", "time": 28922.721256, "url": "http://fonts.googleapis.com/css?family=Oswald:300,400,700", "pos": 1, "chunkLen": 1, "isStartTag": 1}}
06-28 16:37:40.032  2236  2250 E WProf.db: {"WprofHTMLTag": {"code": "0xaf047e80", "doc": "http://searchengineland.com/advanced-seos-need-know-algorithm-updates-277147", "row": 61, "column": 125, "tagName": "link", "time": 28922.721784, "url": "http://searchengineland.com/figz/wp-content/themes/searchengineland/style.css", "pos": 1, "chunkLen": 1, "isStartTag": 1}}
06-28 16:37:40.032  2236  2250 E WProf.db: {"WprofHTMLTag": {"code": "0xaf047ee0", "doc": "http://searchengineland.com/advanced-seos-need-know-algorithm-updates-277147", "row": 65, "column": 7, "tagName": "title", "time": 28922.722336, "url": "", "pos": 1, "chunkLen": 1, "isStartTag": 1}}
06-28 16:37:40.032  2236  2250 E WProf.db: {"WprofHTMLTag": {"code": "0xaf047f10", "doc": "http://searchengineland.com/advanced-seos-need-know-algorithm-updates-277147", "row": 65, "column": 70, "tagName": "title", "time": 28922.722562, "url": "", "pos": 1, "chunkLen": 1, "isStartTag": 0}}
06-28 16:37:40.032  2236  2250 E WProf.db: {"WprofHTMLTag": {"code": "0xaf047f40", "doc": "http://searchengineland.com/advanced-seos-need-know-algorithm-updates-277147", "row": 66, "column": 214, "tagName": "meta", "time": 28922.722583, "url": "", "pos": 1, "chunkLen": 1, "isStartTag": 1}}
06-28 16:37:40.033  2236  2250 E WProf.db: {"WprofHTMLTag": {"code": "0xaf047f70", "doc": "http://searchengineland.com/advanced-seos-need-know-algorithm-updates-277147", "row": 67, "column": 129, "tagName": "meta", "time": 28922.722704, "url": "", "pos": 1, "chunkLen": 1, "isStartTag": 1}}
06-28 16:37:40.033  2236  2250 E WProf.db: {"WprofHTMLTag": {"code": "0xaf047fa0", "doc": "http://searchengineland.com/advanced-seos-need-know-algorithm-updates-277147", "row": 68, "column": 118, "tagName": "meta", "time": 28922.722817, "url": "", "pos": 1, "chunkLen": 1, "isStartTag": 1}}
06-28 16:37:40.033  2236  2250 E WProf.db: {"WprofHTMLTag": {"code": "0xaf047fd0", "doc": "http://searchengineland.com/advanced-seos-need-know-algorithm-updates-277147", "row": 69, "column": 37, "tagName": "meta", "time": 28922.722924, "url": "", "pos": 1, "chunkLen": 1, "isStartTag": 1}}
06-28 16:37:40.033  2236  2250 E WProf.db: {"WprofHTMLTag": {"code": "0xb4cc74b0", "doc": "http://searchengineland.com/advanced-seos-need-know-algorithm-updates-277147", "row": 70, "column": 108, "tagName": "link", "time": 28922.723039, "url": "http://searchengineland.com/advanced-seos-need-know-algorithm-updates-277147", "pos": 1, "chunkLen": 1, "isStartTag": 1}}
06-28 16:37:40.034  2236  2250 E WProf.db: {"WprofHTMLTag": {"code": "0xb4cc7540", "doc": "http://searchengineland.com/advanced-seos-need-know-algorithm-updates-277147", "row": 71, "column": 76, "tagName": "link", "time": 28922.723235, "url": "https://plus.google.com/103218677032751327334", "pos": 1, "chunkLen": 1, "isStartTag": 1}}
06-28 16:37:40.034  2236  2250 E WProf.db: {"WprofHTMLTag": {"code": "0xb4cc78a0", "doc": "http://searchengineland.com/advanced-seos-need-know-algorithm-updates-277147", "row": 72, "column": 45, "tagName": "meta", "time": 28922.723417, "url": "", "pos": 1, "chunkLen": 1, "isStartTag": 1}}
06-28 16:37:40.034  2236  2250 E WProf.db: {"WprofHTMLTag": {"code": "0xb4cc78d0", "doc": "http://searchengineland.com/advanced-seos-need-know-algorithm-updates-277147", "row": 73, "column": 45, "tagName": "meta", "time": 28922.723522, "url": "", "pos": 1, "chunkLen": 1, "isStartTag": 1}}
06-28 16:37:40.034  2236  2250 E WProf.db: {"WprofHTMLTag": {"code": "0xb4cc7900", "doc": "http://searchengineland.com/advanced-seos-need-know-algorithm-updates-277147", "row": 74, "column": 94, "tagName": "meta", "time": 28922.723626, "url": "", "pos": 1, "chunkLen": 1, "isStartTag": 1}}
06-28 16:37:40.034  2236  2250 E WProf.db: {"WprofHTMLTag": {"code": "0xb4cc7930", "doc": "http://searchengineland.com/advanced-seos-need-know-algorithm-updates-277147", "row": 75, "column": 222, "tagName": "meta", "time": 28922.723737, "url": "", "pos": 1, "chunkLen": 1, "isStartTag": 1}}
06-28 16:37:40.034  2236  2250 E WProf.db: {"WprofHTMLTag": {"code": "0xb4cc7960", "doc": "http://searchengineland.com/advanced-seos-need-know-algorithm-updates-277147", "row": 76, "column": 113, "tagName": "meta", "time": 28922.723839, "url": "", "pos": 1, "chunkLen": 1, "isStartTag": 1}}
06-28 16:37:40.034  2236  2250 E WProf.db: {"WprofHTMLTag": {"code": "0xb4cc7990", "doc": "http://searchengineland.com/advanced-seos-need-know-algorithm-updates-277147", "row": 77, "column": 61, "tagName": "meta", "time": 28922.723942, "url": "", "pos": 1, "chunkLen": 1, "isStartTag": 1}}
06-28 16:37:40.035  2236  2250 E WProf.db: {"WprofHTMLTag": {"code": "0xb4cc79c0", "doc": "http://searchengineland.com/advanced-seos-need-know-algorithm-updates-277147", "row": 78, "column": 89, "tagName": "meta", "time": 28922.724054, "url": "", "pos": 1, "chunkLen": 1, "isStartTag": 1}}
06-28 16:37:40.035  2236  2250 E WProf.db: {"WprofHTMLTag": {"code": "0xb4cc79f0", "doc": "http://searchengineland.com/advanced-seos-need-know-algorithm-updates-277147", "row": 79, "column": 67, "tagName": "meta", "time": 28922.724160, "url": "", "pos": 1, "chunkLen": 1, "isStartTag": 1}}
06-28 16:37:40.035  2236  2250 E WProf.db: {"WprofHTMLTag": {"code": "0xb4cc7a20", "doc": "http://searchengineland.com/advanced-seos-need-know-algorithm-updates-277147", "row": 80, "column": 78, "tagName": "meta", "time": 28922.724262, "url": "", "pos": 1, "chunkLen": 1, "isStartTag": 1}}
06-28 16:37:40.035  2236  2250 E WProf.db: {"WprofHTMLTag": {"code": "0xb4cc7a50", "doc": "http://searchengineland.com/advanced-seos-need-know-algorithm-updates-277147", "row": 81, "column": 77, "tagName": "meta", "time": 28922.724362, "url": "", "pos": 1, "chunkLen": 1, "isStartTag": 1}}
06-28 16:37:40.035  2236  2250 E WProf.db: {"WprofHTMLTag": {"code": "0xb4cc7a80", "doc": "http://searchengineland.com/advanced-seos-need-know-algorithm-updates-277147", "row": 82, "column": 71, "tagName": "meta", "time": 28922.724473, "url": "", "pos": 1, "chunkLen": 1, "isStartTag": 1}}
06-28 16:37:40.035  2236  2250 E WProf.db: {"WprofHTMLTag": {"code": "0xb4cc7ab0", "doc": "http://searchengineland.com/advanced-seos-need-know-algorithm-updates-277147", "row": 83, "column": 146, "tagName": "meta", "time": 28922.724581, "url": "", "pos": 1, "chunkLen": 1, "isStartTag": 1}}
06-28 16:37:40.035  2236  2250 E WProf.db: {"WprofHTMLTag": {"code": "0xb4cc7ae0", "doc": "http://searchengineland.com/advanced-seos-need-know-algorithm-updates-277147", "row": 84, "column": 49, "tagName": "meta", "time": 28922.724695, "url": "", "pos": 1, "chunkLen": 1, "isStartTag": 1}}
06-28 16:37:40.035  2236  2250 E WProf.db: {"WprofHTMLTag": {"code": "0xb4cc7b10", "doc": "http://searchengineland.com/advanced-seos-need-know-algorithm-updates-277147", "row": 85, "column": 50, "tagName": "meta", "time": 28922.724800, "url": "", "pos": 1, "chunkLen": 1, "isStartTag": 1}}
06-28 16:37:40.036  2236  2250 E WProf.db: {"WprofHTMLTag": {"code": "0xb4cc7b40", "doc": "http://searchengineland.com/advanced-seos-need-know-algorithm-updates-277147", "row": 86, "column": 58, "tagName": "meta", "time": 28922.724914, "url": "", "pos": 1, "chunkLen": 1, "isStartTag": 1}}
06-28 16:37:40.036  2236  2250 E WProf.db: {"WprofHTMLTag": {"code": "0xb4cc7b70", "doc": "http://searchengineland.com/advanced-seos-need-know-algorithm-updates-277147", "row": 87, "column": 223, "tagName": "meta", "time": 28922.725028, "url": "", "pos": 1, "chunkLen": 1, "isStartTag": 1}}
06-28 16:37:40.036  2236  2250 E WProf.db: {"WprofHTMLTag": {"code": "0xb4cc7ba0", "doc": "http://searchengineland.com/advanced-seos-need-know-algorithm-updates-277147", "row": 88, "column": 95, "tagName": "meta", "time": 28922.725135, "url": "", "pos": 1, "chunkLen": 1, "isStartTag": 1}}
06-28 16:37:40.036  2236  2250 E WProf.db: {"WprofHTMLTag": {"code": "0xb4cc7bd0", "doc": "http://searchengineland.com/advanced-seos-need-know-algorithm-updates-277147", "row": 89, "column": 51, "tagName": "meta", "time": 28922.725239, "url": "", "pos": 1, "chunkLen": 1, "isStartTag": 1}}
06-28 16:37:40.036  2236  2250 E WProf.db: {"WprofHTMLTag": {"code": "0xb4cc7c00", "doc": "http://searchengineland.com/advanced-seos-need-know-algorithm-updates-277147", "row": 90, "column": 147, "tagName": "meta", "time": 28922.725354, "url": "", "pos": 1, "chunkLen": 1, "isStartTag": 1}}
06-28 16:37:40.037  2236  2250 E WProf.db: {"WprofHTMLTag": {"code": "0xb4cc7c30", "doc": "http://searchengineland.com/advanced-seos-need-know-algorithm-updates-277147", "row": 91, "column": 49, "tagName": "meta", "time": 28922.725466, "url": "", "pos": 1, "chunkLen": 1, "isStartTag": 1}}
06-28 16:37:40.037  2236  2250 E WProf.db: {"WprofHTMLTag": {"code": "0xb4cc7c60", "doc": "http://searchengineland.com/advanced-seos-need-know-algorithm-updates-277147", "row": 94, "column": 44, "tagName": "link", "time": 28922.725581, "url": "http://s.w.org/", "pos": 1, "chunkLen": 1, "isStartTag": 1}}
06-28 16:37:40.037  2236  2250 E WProf.db: {"WprofHTMLTag": {"code": "0xb4cc7c90", "doc": "http://searchengineland.com/advanced-seos-need-know-algorithm-updates-277147", "row": 95, "column": 33, "tagName": "script", "time": 28922.725787, "url": "", "pos": 1, "chunkLen": 1, "isStartTag": 1}}
06-28 16:37:40.037  2236  2250 E WProf.db: {"WprofHTMLTag": {"code": "0xb4cc7cc0", "doc": "http://searchengineland.com/advanced-seos-need-know-algorithm-updates-277147", "row": 98, "column": 11, "tagName": "script", "time": 28922.725975, "url": "http://searchengineland.com/figz/wp-includes/js/wp-emoji-release.min.js?ver=4.7.5", "pos": 1, "chunkLen": 1, "isStartTag": 0}}
06-28 16:37:40.038  2236  2250 E WProf.db: {"WprofHTMLTag": {"code": "0x9d0ed990", "doc": "http://searchengineland.com/advanced-seos-need-know-algorithm-updates-277147", "row": 99, "column": 25, "tagName": "style", "time": 28923.359298, "url": "", "pos": 1, "chunkLen": 1, "isStartTag": 1}}
06-28 16:37:40.038  2236  2250 E WProf.db: {"WprofHTMLTag": {"code": "0x9d0ed9c0", "doc": "http://searchengineland.com/advanced-seos-need-know-algorithm-updates-277147", "row": 112, "column": 8, "tagName": "style", "time": 28923.359499, "url": "", "pos": 1, "chunkLen": 1, "isStartTag": 0}}
06-28 16:37:40.038  2236  2250 E WProf.db: {"WprofHTMLTag": {"code": "0x9d0ed9f0", "doc": "http://searchengineland.com/advanced-seos-need-know-algorithm-updates-277147", "row": 113, "column": 140, "tagName": "script", "time": 28923.361090, "url": "http://searchengineland.com/figz/wp-content/themes/searchengineland/js/lib/modernizr.custom.js?ver=1.0", "pos": 1, "chunkLen": 1, "isStartTag": 1}}
06-28 16:37:40.039  2236  2250 E WProf.db: {"WprofHTMLTag": {"code": "0x9d0eda20", "doc": "http://searchengineland.com/advanced-seos-need-know-algorithm-updates-277147", "row": 113, "column": 149, "tagName": "script", "time": 28923.361336, "url": "", "pos": 1, "chunkLen": 1, "isStartTag": 0}}
06-28 16:37:40.039  2236  2250 E WProf.db: {"WprofHTMLTag": {"code": "0x9d0edab0", "doc": "http://searchengineland.com/advanced-seos-need-know-algorithm-updates-277147", "row": 114, "column": 144, "tagName": "script", "time": 28923.368822, "url": "http://searchengineland.com/figz/wp-content/themes/searchengineland/js/lib/jquery-1.11.0.min.js?ver=1.11.0", "pos": 1, "chunkLen": 1, "isStartTag": 1}}
06-28 16:37:40.039  2236  2250 E WProf.db: {"WprofHTMLTag": {"code": "0x9d0edae0", "doc": "http://searchengineland.com/advanced-seos-need-know-algorithm-updates-277147", "row": 114, "column": 153, "tagName": "script", "time": 28923.369056, "url": "", "pos": 1, "chunkLen": 1, "isStartTag": 0}}
06-28 16:37:40.039  2236  2250 E WProf.db: {"WprofHTMLTag": {"code": "0xaeddae40", "doc": "http://searchengineland.com/advanced-seos-need-know-algorithm-updates-277147", "row": 0, "column": 15, "tagName": "div", "time": 28923.434676, "url": "", "pos": 15, "chunkLen": 44, "isStartTag": 1}}
06-28 16:37:40.039  2236  2250 E WProf.db: {"WprofHTMLTag": {"code": "0xaeddae10", "doc": "http://searchengineland.com/advanced-seos-need-know-algorithm-updates-277147", "row": 0, "column": 21, "tagName": "div", "time": 28923.434808, "url": "", "pos": 21, "chunkLen": 44, "isStartTag": 0}}
06-28 16:37:40.039  2236  2250 E WProf.db: {"WprofHTMLTag": {"code": "0xaeddab40", "doc": "http://searchengineland.com/advanced-seos-need-know-algorithm-updates-277147", "row": 0, "column": 38, "tagName": "div", "time": 28923.434874, "url": "", "pos": 38, "chunkLen": 44, "isStartTag": 1}}
06-28 16:37:40.039  2236  2250 E WProf.db: {"WprofHTMLTag": {"code": "0xaeddade0", "doc": "http://searchengineland.com/advanced-seos-need-know-algorithm-updates-277147", "row": 0, "column": 44, "tagName": "div", "time": 28923.434979, "url": "", "pos": 44, "chunkLen": 44, "isStartTag": 0}}
06-28 16:37:40.040  2236  2250 E WProf.db: {"WprofHTMLTag": {"code": "0xaeddadb0", "doc": "http://searchengineland.com/advanced-seos-need-know-algorithm-updates-277147", "row": 0, "column": 13, "tagName": "select", "time": 28923.436277, "url": "", "pos": 13, "chunkLen": 51, "isStartTag": 1}}
06-28 16:37:40.040  2236  2250 E WProf.db: {"WprofHTMLTag": {"code": "0x9d0edb70", "doc": "http://searchengineland.com/advanced-seos-need-know-algorithm-updates-277147", "row": 0, "column": 33, "tagName": "option", "time": 28923.436464, "url": "", "pos": 33, "chunkLen": 51, "isStartTag": 1}}
06-28 16:37:40.040  2236  2250 E WProf.db: {"WprofHTMLTag": {"code": "0x9d0edba0", "doc": "http://searchengineland.com/advanced-seos-need-know-algorithm-updates-277147", "row": 0, "column": 42, "tagName": "option", "time": 28923.436634, "url": "", "pos": 42, "chunkLen": 51, "isStartTag": 0}}
06-28 16:37:40.040  2236  2250 E WProf.db: {"WprofHTMLTag": {"code": "0x9d0edbd0", "doc": "http://searchengineland.com/advanced-seos-need-know-algorithm-updates-277147", "row": 0, "column": 51, "tagName": "select", "time": 28923.436689, "url": "", "pos": 51, "chunkLen": 51, "isStartTag": 0}}
06-28 16:37:40.040  2236  2250 E WProf.db: {"WprofHTMLTag": {"code": "0x9d0edc00", "doc": "http://searchengineland.com/advanced-seos-need-know-algorithm-updates-277147", "row": 0, "column": 12, "tagName": "a", "time": 28923.440713, "url": "", "pos": 12, "chunkLen": 16, "isStartTag": 1}}
06-28 16:37:40.040  2236  2250 E WProf.db: {"WprofHTMLTag": {"code": "0x9d0edc30", "doc": "http://searchengineland.com/advanced-seos-need-know-algorithm-updates-277147", "row": 0, "column": 16, "tagName": "a", "time": 28923.440866, "url": "", "pos": 16, "chunkLen": 16, "isStartTag": 0}}
06-28 16:37:40.040  2236  2250 E WProf.db: {"WprofHTMLTag": {"code": "0x9d0edc60", "doc": "http://searchengineland.com/advanced-seos-need-know-algorithm-updates-277147", "row": 0, "column": 8, "tagName": "input", "time": 28923.441803, "url": "", "pos": 8, "chunkLen": 8, "isStartTag": 1}}
06-28 16:37:40.040  2236  2250 E WProf.db: {"WprofHTMLTag": {"code": "0x9d0edc90", "doc": "http://searchengineland.com/advanced-seos-need-know-algorithm-updates-277147", "row": 0, "column": 9, "tagName": "link", "time": 28923.450442, "url": "", "pos": 9, "chunkLen": 42, "isStartTag": 1}}
06-28 16:37:40.040  2236  2250 E WProf.db: {"WprofHTMLTag": {"code": "0x9d0edcc0", "doc": "http://searchengineland.com/advanced-seos-need-know-algorithm-updates-277147", "row": 0, "column": 16, "tagName": "table", "time": 28923.450543, "url": "", "pos": 16, "chunkLen": 42, "isStartTag": 1}}
06-28 16:37:40.040  2236  2250 E WProf.db: {"WprofHTMLTag": {"code": "0x9d0edcf0", "doc": "http://searchengineland.com/advanced-seos-need-know-algorithm-updates-277147", "row": 0, "column": 24, "tagName": "table", "time": 28923.450644, "url": "", "pos": 24, "chunkLen": 42, "isStartTag": 0}}
06-28 16:37:40.040  2236  2250 E WProf.db: {"WprofHTMLTag": {"code": "0x9d0edd20", "doc": "http://searchengineland.com/advanced-seos-need-know-algorithm-updates-277147", "row": 0, "column": 37, "tagName": "a", "time": 28923.450708, "url": "", "pos": 37, "chunkLen": 42, "isStartTag": 1}}
06-28 16:37:40.040  2236  2250 E WProf.db: {"WprofHTMLTag": {"code": "0x9d0edd50", "doc": "http://searchengineland.com/advanced-seos-need-know-algorithm-updates-277147", "row": 0, "column": 42, "tagName": "a", "time": 28923.450866, "url": "", "pos": 42, "chunkLen": 42, "isStartTag": 0}}
06-28 16:37:40.040  2236  2250 E WProf.db: {"WprofHTMLTag": {"code": "0x9d0edde0", "doc": "http://searchengineland.com/advanced-seos-need-know-algorithm-updates-277147", "row": 0, "column": 10, "tagName": "textarea", "time": 28923.451901, "url": "", "pos": 10, "chunkLen": 22, "isStartTag": 1}}
06-28 16:37:40.040  2236  2250 E WProf.db: {"WprofHTMLTag": {"code": "0x9d0ede10", "doc": "http://searchengineland.com/advanced-seos-need-know-algorithm-updates-277147", "row": 0, "column": 22, "tagName": "textarea", "time": 28923.452087, "url": "", "pos": 22, "chunkLen": 22, "isStartTag": 0}}
06-28 16:37:40.041  2236  2250 E WProf.db: {"WprofHTMLTag": {"code": "0x9d0ede40", "doc": "http://searchengineland.com/advanced-seos-need-know-algorithm-updates-277147", "row": 0, "column": 48, "tagName": "input", "time": 28923.453122, "url": "", "pos": 48, "chunkLen": 48, "isStartTag": 1}}
06-28 16:37:40.041  2236  2250 E WProf.db: {"WprofHTMLTag": {"code": "0x9d0edea0", "doc": "http://searchengineland.com/advanced-seos-need-know-algorithm-updates-277147", "row": 0, "column": 9, "tagName": "link", "time": 28923.457071, "url": "", "pos": 9, "chunkLen": 66, "isStartTag": 1}}
06-28 16:37:40.041  2236  2250 E WProf.db: {"WprofHTMLTag": {"code": "0x9d0eded0", "doc": "http://searchengineland.com/advanced-seos-need-know-algorithm-updates-277147", "row": 0, "column": 16, "tagName": "table", "time": 28923.457175, "url": "", "pos": 16, "chunkLen": 66, "isStartTag": 1}}
06-28 16:37:40.041  2236  2250 E WProf.db: {"WprofHTMLTag": {"code": "0x9d0edf00", "doc": "http://searchengineland.com/advanced-seos-need-know-algorithm-updates-277147", "row": 0, "column": 24, "tagName": "table", "time": 28923.457237, "url": "", "pos": 24, "chunkLen": 66, "isStartTag": 0}}
06-28 16:37:40.041  2236  2250 E WProf.db: {"WprofHTMLTag": {"code": "0x9d0edf30", "doc": "http://searchengineland.com/advanced-seos-need-know-algorithm-updates-277147", "row": 0, "column": 37, "tagName": "a", "time": 28923.457293, "url": "", "pos": 37, "chunkLen": 66, "isStartTag": 1}}
06-28 16:37:40.041  2236  2250 E WProf.db: {"WprofHTMLTag": {"code": "0x9d0edf60", "doc": "http://searchengineland.com/advanced-seos-need-know-algorithm-updates-277147", "row": 0, "column": 42, "tagName": "a", "time": 28923.457463, "url": "", "pos": 42, "chunkLen": 66, "isStartTag": 0}}
06-28 16:37:40.041  2236  2250 E WProf.db: {"WprofHTMLTag": {"code": "0x9d0edf90", "doc": "http://searchengineland.com/advanced-seos-need-know-algorithm-updates-277147", "row": 0, "column": 66, "tagName": "input", "time": 28923.457518, "url": "", "pos": 66, "chunkLen": 66, "isStartTag": 1}}
06-28 16:37:40.041  2236  2250 E WProf.db: {"WprofHTMLTag": {"code": "0x9d0ee020", "doc": "http://searchengineland.com/advanced-seos-need-know-algorithm-updates-277147", "row": 0, "column": 9, "tagName": "link", "time": 28923.459134, "url": "", "pos": 9, "chunkLen": 66, "isStartTag": 1}}
06-28 16:37:40.041  2236  2250 E WProf.db: {"WprofHTMLTag": {"code": "0x9d0ee050", "doc": "http://searchengineland.com/advanced-seos-need-know-algorithm-updates-277147", "row": 0, "column": 16, "tagName": "table", "time": 28923.459244, "url": "", "pos": 16, "chunkLen": 66, "isStartTag": 1}}
06-28 16:37:40.041  2236  2250 E WProf.db: {"WprofHTMLTag": {"code": "0x9d0ee080", "doc": "http://searchengineland.com/advanced-seos-need-know-algorithm-updates-277147", "row": 0, "column": 24, "tagName": "table", "time": 28923.459318, "url": "", "pos": 24, "chunkLen": 66, "isStartTag": 0}}
06-28 16:37:40.042  2236  2250 E WProf.db: {"WprofHTMLTag": {"code": "0x9d0ee0b0", "doc": "http://searchengineland.com/advanced-seos-need-know-algorithm-updates-277147", "row": 0, "column": 37, "tagName": "a", "time": 28923.459375, "url": "", "pos": 37, "chunkLen": 66, "isStartTag": 1}}
06-28 16:37:40.042  2236  2250 E WProf.db: {"WprofHTMLTag": {"code": "0x9d0ee0e0", "doc": "http://searchengineland.com/advanced-seos-need-know-algorithm-updates-277147", "row": 0, "column": 42, "tagName": "a", "time": 28923.459546, "url": "", "pos": 42, "chunkLen": 66, "isStartTag": 0}}
06-28 16:37:40.042  2236  2250 E WProf.db: {"WprofHTMLTag": {"code": "0x9d0ee110", "doc": "http://searchengineland.com/advanced-seos-need-know-algorithm-updates-277147", "row": 0, "column": 66, "tagName": "input", "time": 28923.459606, "url": "", "pos": 66, "chunkLen": 66, "isStartTag": 1}}
06-28 16:37:40.042  2236  2250 E WProf.db: {"WprofHTMLTag": {"code": "0x9d0ee170", "doc": "http://searchengineland.com/advanced-seos-need-know-algorithm-updates-277147", "row": 0, "column": 9, "tagName": "link", "time": 28923.463918, "url": "", "pos": 9, "chunkLen": 66, "isStartTag": 1}}
06-28 16:37:40.043  2236  2250 E WProf.db: {"WprofHTMLTag": {"code": "0x9d0ee1a0", "doc": "http://searchengineland.com/advanced-seos-need-know-algorithm-updates-277147", "row": 0, "column": 16, "tagName": "table", "time": 28923.464035, "url": "", "pos": 16, "chunkLen": 66, "isStartTag": 1}}
