--------- beginning of main
06-28 13:20:30.861  3449  3449 E Finsky  : [1] com.google.android.finsky.wear.bl.a(3): onConnectionFailed: ConnectionResult{statusCode=API_UNAVAILABLE, resolution=null, message=null}
--------- beginning of system
06-28 13:20:32.072 27976 27976 E chromium: [ERROR:shell_integration_android.cc(12)] Not implemented reached in static ShellIntegration::DefaultWebClientSetPermission ShellIntegration::CanSetAsDefaultBrowser()
06-28 13:20:32.076 27976 27976 E chromium: [ERROR:browser_process_impl.cc(720)] Not implemented reached in virtual BackgroundModeManager* BrowserProcessImpl::background_mode_manager()
06-28 13:20:32.356  3218 24091 E AudioRecord-JNI: Error -4 during AudioRecord native read
06-28 13:20:34.692 27976 28022 E chromium: [ERROR:gles2_cmd_decoder.cc(3852)] [.ChromiumCompositor-0xacbb2fc0]GL ERROR :GL_INVALID_ENUM : glDiscardFramebufferEXT: attachments was GL_COLOR_EXT
06-28 13:20:35.021 28043 28056 E WPROF   : {"CSS": {"url": "http://searchengineland.com/figz/wp-content/themes/searchengineland/css/searchengineland-bootstrap.css", "requestTime": 17112.077103}}
06-28 13:20:35.022 28043 28056 E WPROF   : {"CSS": {"url": "http://fonts.googleapis.com/css?family=Oswald:300,400,700", "requestTime": 17112.077642}}
06-28 13:20:35.022 28043 28056 E WPROF   : {"CSS": {"url": "http://searchengineland.com/figz/wp-content/themes/searchengineland/style.css", "requestTime": 17112.078192}}
06-28 13:20:35.028 28043 28056 E WPROF   : {"Javascript": {"url": "http://searchengineland.com/figz/wp-content/themes/searchengineland/js/lib/modernizr.custom.js?ver=1.0", "requestTime": 17112.083911}}
06-28 13:20:35.029 28043 28056 E WPROF   : {"Javascript": {"url": "http://searchengineland.com/figz/wp-content/themes/searchengineland/js/lib/jquery-1.11.0.min.js?ver=1.11.0", "requestTime": 17112.084459}}
06-28 13:20:35.029 28043 28056 E WPROF   : {"Javascript": {"url": "http://searchengineland.com/figz/wp-content/themes/searchengineland/js/lib/jquery-ui-1.10.3.custom.min.js?ver=1.10.3", "requestTime": 17112.084799}}
06-28 13:20:35.030 28043 28056 E WPROF   : {"Javascript": {"url": "http://searchengineland.com/figz/wp-content/themes/searchengineland/js/lib/jquery.ba-throttle-debounce.min.js?ver=1.1", "requestTime": 17112.085307}}
06-28 13:20:35.030 28043 28056 E WPROF   : {"Javascript": {"url": "http://searchengineland.com/figz/wp-content/themes/searchengineland/js/lib/jquery.countdown.min.js?ver=2.0.4", "requestTime": 17112.085926}}
06-28 13:20:35.031 28043 28056 E WPROF   : {"Javascript": {"url": "http://static.chartbeat.com/js/chartbeat_mab.js", "requestTime": 17112.086548}}
06-28 13:20:35.792 28043 28056 E WPROF   : {"Javascript": {"url": "http://searchengineland.com/figz/wp-includes/js/wp-emoji-release.min.js?ver=4.7.5", "requestTime": 17112.847452}}
06-28 13:20:36.100 28043 28056 E WPROF   : {"Javascript": {"url": "http://www.googletagservices.com/tag/js/gpt.js", "requestTime": 17113.155694}}
06-28 13:20:36.110 28043 28056 E WPROF   : {"Javascript": {"url": "https://www.google-analytics.com/analytics.js", "requestTime": 17113.165367}}
06-28 13:20:36.112 28043 28056 E WPROF   : {"Javascript": {"url": "http://edge.quantserve.com/quant.js", "requestTime": 17113.167546}}
06-28 13:20:36.113 28043 28056 E WPROF   : {"Javascript": {"url": "https://connect.facebook.net/en_US/fbevents.js", "requestTime": 17113.169148}}
06-28 13:20:36.208 27976 28022 E chromium: [ERROR:gles2_cmd_decoder.cc(3852)] [.ChromiumCompositor-0xacbb2fc0]GL ERROR :GL_INVALID_ENUM : glDiscardFramebufferEXT: attachments was GL_COLOR_EXT
06-28 13:20:36.245 28043 28056 E WPROF   : {"Javascript": {"url": "http://app-sj02.marketo.com/js/forms2/js/forms2.min.js", "requestTime": 17113.300965}}
06-28 13:20:36.330 28043 28056 E WPROF   : {"Javascript": {"url": "https://securepubads.g.doubleclick.net/gpt/pubads_impl_121.js", "requestTime": 17113.386053}}
06-28 13:20:36.341 27976 28022 E chromium: [ERROR:gles2_cmd_decoder.cc(3852)] [.ChromiumCompositor-0xacbb2fc0]GL ERROR :GL_INVALID_ENUM : glDiscardFramebufferEXT: attachments was GL_COLOR_EXT
06-28 13:20:36.370 28043 28056 E WPROF   : {"Javascript": {"url": "https://connect.facebook.net/signals/config/423979991297359?v=2.7.17", "requestTime": 17113.425565}}
06-28 13:20:36.523 28043 28056 E WPROF   : {"Javascript": {"url": "http://app-sj02.marketo.com/index.php/form/getForm?munchkinId=727-ZQE-044&form=5691&url=http%3A%2F%2Fsearchengineland.com%2Fadvertisers-consider-pausing-google-local-inventory-ads-268081&callback=jQuery110208361253044568002_1498623636457&_=1498623636458", "requestTime": 17113.578455}}
06-28 13:20:36.538 28043 28056 E WPROF   : {"Javascript": {"url": "http://app-sj02.marketo.com/index.php/form/getForm?munchkinId=727-ZQE-044&form=5685&url=http%3A%2F%2Fsearchengineland.com%2Fadvertisers-consider-pausing-google-local-inventory-ads-268081&callback=jQuery110208361253044568002_1498623636459&_=1498623636460", "requestTime": 17113.593570}}
06-28 13:20:36.770 28043 28056 E WPROF   : {"Javascript": {"url": "http://app-sj02.marketo.com/index.php/form/getForm?munchkinId=727-ZQE-044&form=5673&url=http%3A%2F%2Fsearchengineland.com%2Fadvertisers-consider-pausing-google-local-inventory-ads-268081&callback=jQuery110208361253044568002_1498623636461&_=1498623636462", "requestTime": 17113.825247}}
06-28 13:20:36.784 28043 28056 E WPROF   : {"Javascript": {"url": "http://searchengineland.com/js/ga_social_tracking.js", "requestTime": 17113.839396}}
06-28 13:20:36.785 28043 28056 E WPROF   : {"Javascript": {"url": "http://s7.addthis.com/js/300/addthis_widget.js#pubid=ra-53e918f660794f37", "requestTime": 17113.840782}}
06-28 13:20:36.846 27976 28022 E chromium: [ERROR:gles2_cmd_decoder.cc(3852)] [.ChromiumCompositor-0xacbb2fc0]GL ERROR :GL_INVALID_ENUM : glDiscardFramebufferEXT: attachments was GL_COLOR_EXT
06-28 13:20:37.283 27976 28022 E chromium: [ERROR:gles2_cmd_decoder.cc(3852)] [.ChromiumCompositor-0xacbb2fc0]GL ERROR :GL_INVALID_ENUM : glDiscardFramebufferEXT: attachments was GL_COLOR_EXT
06-28 13:20:37.642   862  1657 E LocSvc_IzatApiV02: E/virtual int izat_core::IzatApiV02::getBatchSize(int32_t):522]: Error : st = 4, ind.status = -1628389555
06-28 13:20:37.642   862  1657 E LocSvc_IzatApiV02: E/virtual int izat_core::IzatApiV02::getBatchSize(int32_t):535]: get batching size failed.Or modem does not support batching 
06-28 13:20:37.654   862  1657 E LocSvc_IzatApiV02: E/virtual int izat_core::IzatApiV02::getBatchSize(int32_t):522]: Error : st = 4, ind.status = -1628389555
06-28 13:20:37.654   862  1657 E LocSvc_IzatApiV02: E/virtual int izat_core::IzatApiV02::getBatchSize(int32_t):535]: get batching size failed.Or modem does not support batching 
06-28 13:20:37.684   862  1657 E LocSvc_IzatApiV02: E/virtual int izat_core::IzatApiV02::getBatchSize(int32_t):522]: Error : st = 4, ind.status = -1628389555
06-28 13:20:37.684   862  1657 E LocSvc_IzatApiV02: E/virtual int izat_core::IzatApiV02::getBatchSize(int32_t):535]: get batching size failed.Or modem does not support batching 
06-28 13:20:37.694   862  1657 E LocSvc_IzatApiV02: E/virtual int izat_core::IzatApiV02::getBatchSize(int32_t):522]: Error : st = 4, ind.status = -1628389555
06-28 13:20:37.694   862  1657 E LocSvc_IzatApiV02: E/virtual int izat_core::IzatApiV02::getBatchSize(int32_t):535]: get batching size failed.Or modem does not support batching 
06-28 13:20:37.771 28043 28056 E WPROF   : {"Javascript": {"url": "https://securepubads.g.doubleclick.net/gampad/ads?gdfp_req=1&correlator=651809219674112&output=json_html&callback=googletag.impl.pubads.callbackProxy1&impl=fifs&json_a=1&eid=108809080%2C108809103&sc=0&sfv=1-0-9&iu_parts=1038259%2Csel-ciu-1%2Csel-ciu-2%2Csel-ciu-3%2Csel-ciu-4%2Csel-ciu-5%2Cch-sem-lea", "requestTime": 17114.827117}}
06-28 13:20:37.856 28043 28056 E WPROF   : {"CSS": {"url": "http://app-sj02.marketo.com/js/forms2/css/forms2.css", "requestTime": 17114.911279}}
06-28 13:20:37.859 28043 28056 E WPROF   : {"CSS": {"url": "http://app-sj02.marketo.com/js/forms2/css/forms2-theme-simple.css", "requestTime": 17114.914706}}
06-28 13:20:37.921 28043 28056 E WPROF   : {"Javascript": {"url": "https://static.xx.fbcdn.net/rsrc.php/v3iy6L4/yk/l/ko_KR/be4fIjHRc8P.js", "requestTime": 17114.977013}}
06-28 13:20:38.032 28043 28056 E WPROF   : {"Javascript": {"url": "http://cdn.api.twitter.com/1/users/show.json?screen_name=PronouncedAhndy&callback=twttr.setFollowersCount", "requestTime": 17115.087546}}
06-28 13:20:38.127 27976 28022 E chromium: [ERROR:gles2_cmd_decoder.cc(3852)] [.ChromiumCompositor-0xacbb2fc0]GL ERROR :GL_INVALID_ENUM : glDiscardFramebufferEXT: attachments was GL_COLOR_EXT
06-28 13:20:38.602 28043 28056 E WPROF   : {"Javascript": {"url": "http://platform.twitter.com/widgets.js", "requestTime": 17115.657954}}
06-28 13:20:38.604 28043 28056 E WPROF   : {"Javascript": {"url": "http://connect.facebook.net/en_US/sdk.js", "requestTime": 17115.659364}}
06-28 13:20:38.605 28043 28056 E WPROF   : {"Javascript": {"url": "https://apis.google.com/js/platform.js", "requestTime": 17115.660757}}
06-28 13:20:38.631 28043 28056 E WPROF   : {"Javascript": {"url": "http://rules.quantcount.com/rules-p-5aGizvD82d9hk.js", "requestTime": 17115.686365}}
06-28 13:20:38.633 28043 28056 E WPROF   : {"Javascript": {"url": "http://munchkin.marketo.net/munchkin.js", "requestTime": 17115.689014}}
06-28 13:20:38.760 28043 28056 E WPROF   : {"CSS": {"url": "https://www.youtube.com/yts/cssbin/www-embed-player-sprite-mode-vfl5G4Xm8.css", "requestTime": 17115.815247}}
06-28 13:20:38.762 28043 28056 E WPROF   : {"Javascript": {"url": "https://www.youtube.com/yts/jsbin/www-embed-player-vfl_UY_j8/www-embed-player.js", "requestTime": 17115.817914}}
06-28 13:20:38.763 28043 28056 E WPROF   : {"Javascript": {"url": "https://www.youtube.com/yts/jsbin/player-vflo1w4O-/ko_KR/base.js", "requestTime": 17115.818618}}
06-28 13:20:38.803 27976 28022 E chromium: [ERROR:gles2_cmd_decoder.cc(3852)] [.ChromiumCompositor-0xacbb2fc0]GL ERROR :GL_INVALID_ENUM : glDiscardFramebufferEXT: attachments was GL_COLOR_EXT
06-28 13:20:38.830 28043 28056 E WPROF   : {"Javascript": {"url": "http://d2j3qa5nc37287.cloudfront.net/coupon_code1.js", "requestTime": 17115.885827}}
06-28 13:20:38.833 28043 28056 E WPROF   : {"Javascript": {"url": "http://www.googleadservices.com/pagead/conversion.js", "requestTime": 17115.889044}}
06-28 13:20:38.834 28043 28056 E WPROF   : {"Javascript": {"url": "http://searchengineland.com/figz/wp-content/themes/searchengineland/js/script.js?ver=1.0", "requestTime": 17115.889740}}
06-28 13:20:38.834 28043 28056 E WPROF   : {"Javascript": {"url": "http://searchengineland.com/figz/wp-includes/js/wp-embed.min.js?ver=4.7.5", "requestTime": 17115.890202}}
06-28 13:20:38.835 28043 28056 E WPROF   : {"Javascript": {"url": "http://searchengineland.com/figz/wp-content/themes/searchengineland/js/modules/sharing_controls.js", "requestTime": 17115.890848}}
06-28 13:20:39.682 28043 28056 E WPROF   : {"Javascript": {"url": "http://m.addthisedge.com/live/boost/ra-53e918f660794f37/_ate.track.config_resp", "requestTime": 17116.737232}}
06-28 13:20:39.736 28043 28056 E WPROF   : {"Javascript": {"url": "http://m.addthis.com/live/red_lojson/300lo.json?si=59532e96c98d777e&bkl=0&bl=1&pdt=2182&sid=59532e96c98d777e&pub=ra-53e918f660794f37&rev=v7.15.4-wp&ln=ko&pc=men&cb=0&ab=-&dp=searchengineland.com&fp=advertisers-consider-pausing-google-local-inventory-ads-268081&fr=&of=0&pd=0&irt=0&vcl=0&md=0&ct=1&tct", "requestTime": 17116.791874}}
06-28 13:20:39.812 28043 28056 E WPROF   : {"Javascript": {"url": "http://dnn506yrbagrg.cloudfront.net/pages/scripts/0026/4062.js?416284", "requestTime": 17116.868188}}
06-28 13:20:39.827 27976 28022 E chromium: [ERROR:gles2_cmd_decoder.cc(3852)] [.ChromiumCompositor-0xacbb2fc0]GL ERROR :GL_INVALID_ENUM : glDiscardFramebufferEXT: attachments was GL_COLOR_EXT
06-28 13:20:40.606 27976 28022 E chromium: [ERROR:gles2_cmd_decoder.cc(3852)] [.ChromiumCompositor-0xacbb2fc0]GL ERROR :GL_INVALID_ENUM : glDiscardFramebufferEXT: attachments was GL_COLOR_EXT
06-28 13:20:41.444 28043 28056 E WPROF   : {"Javascript": {"url": "https://www.google.com/js/bg/KWBfAnWFESAEEaKKgdYlTHY9ysQaNoQuzeMFqvxDSM8.js", "requestTime": 17118.499835}}
06-28 13:20:41.447 28043 28056 E WPROF   : {"Javascript": {"url": "https://static.doubleclick.net/instream/ad_status.js", "requestTime": 17118.502973}}
06-28 13:20:41.818 27976 28022 E chromium: [ERROR:gles2_cmd_decoder.cc(3852)] [.ChromiumCompositor-0xacbb2fc0]GL ERROR :GL_INVALID_ENUM : glDiscardFramebufferEXT: attachments was GL_COLOR_EXT
06-28 13:20:42.100 27976 28022 E chromium: [ERROR:gles2_cmd_decoder.cc(3852)] [.ChromiumCompositor-0xacbb2fc0]GL ERROR :GL_INVALID_ENUM : glDiscardFramebufferEXT: attachments was GL_COLOR_EXT
06-28 13:20:42.213 28043 28056 E WPROF   : {"Javascript": {"url": "https://tpc.googlesyndication.com/pagead/js/r20170619/r20110914/client/ext/m_window_focus_non_hydra.js", "requestTime": 17119.268867}}
06-28 13:20:42.220 28043 28056 E WPROF   : {"Javascript": {"url": "https://tpc.googlesyndication.com/pagead/js/r20170619/r20110914/activeview/osd_listener.js", "requestTime": 17119.275618}}
06-28 13:20:42.227 28043 28056 E WPROF   : {"Javascript": {"url": "http://pagead2.googlesyndication.com/pagead/osd.js", "requestTime": 17119.283092}}
06-28 13:20:42.525 28043 28056 E WPROF   : {"Javascript": {"url": "https://platform.twitter.com/js/button.b731e6c82269f70f6fc53634e044a4c6.js", "requestTime": 17119.581126}}
06-28 13:20:42.531 28043 28056 E WPROF   : {"Javascript": {"url": "http://munchkin.marketo.net/151/munchkin.js", "requestTime": 17119.586903}}
06-28 13:20:42.535 28043 28056 E WPROF   : {"Javascript": {"url": "http://www.justuno.com/ajax/account_version_check.html?id=828FA275-FF73-401E-AA39-40F5A6FAB6B1", "requestTime": 17119.590906}}
06-28 13:20:42.752 28043 28056 E WPROF   : {"Javascript": {"url": "http://s7.addthis.com/static/layers.4acb6c577b51939661ec.js", "requestTime": 17119.807528}}
06-28 13:20:42.857 27976 28022 E chromium: [ERROR:gles2_cmd_decoder.cc(3852)] [.ChromiumCompositor-0xacbb2fc0]GL ERROR :GL_INVALID_ENUM : glDiscardFramebufferEXT: attachments was GL_COLOR_EXT
06-28 13:20:43.385 27976 28022 E chromium: [ERROR:gles2_cmd_decoder.cc(3852)] [.ChromiumCompositor-0xacbb2fc0]GL ERROR :GL_INVALID_ENUM : glDiscardFramebufferEXT: attachments was GL_COLOR_EXT
06-28 13:20:43.839 27976 28022 E chromium: [ERROR:gles2_cmd_decoder.cc(3852)] [.ChromiumCompositor-0xacbb2fc0]GL ERROR :GL_INVALID_ENUM : glDiscardFramebufferEXT: attachments was GL_COLOR_EXT
06-28 13:20:44.063 27976 28022 E chromium: [ERROR:gles2_cmd_decoder.cc(3852)] [.ChromiumCompositor-0xacbb2fc0]GL ERROR :GL_INVALID_ENUM : glDiscardFramebufferEXT: attachments was GL_COLOR_EXT
06-28 13:20:45.856 28043 28056 E WPROF   : {"Javascript": {"url": "http://cdn.justuno.com/mwgt_3.6.js", "requestTime": 17122.911685}}
06-28 13:20:46.145 27976 28022 E chromium: [ERROR:gles2_cmd_decoder.cc(3852)] [.ChromiumCompositor-0xacbb2fc0]GL ERROR :GL_INVALID_ENUM : glDiscardFramebufferEXT: attachments was GL_COLOR_EXT
06-28 13:20:46.216 27976 28022 E chromium: [ERROR:gles2_cmd_decoder.cc(3852)] [.ChromiumCompositor-0xacbb2fc0]GL ERROR :GL_INVALID_ENUM : glDiscardFramebufferEXT: attachments was GL_COLOR_EXT
06-28 13:20:46.717 27976 28022 E chromium: [ERROR:gles2_cmd_decoder.cc(3852)] [.ChromiumCompositor-0xacbb2fc0]GL ERROR :GL_INVALID_ENUM : glDiscardFramebufferEXT: attachments was GL_COLOR_EXT
06-28 13:20:47.164 28043 28056 E WPROF   : {"Javascript": {"url": "https://cdn.syndication.twimg.com/widgets/followbutton/info.json?callback=__twttr.setFollowersCountAndFollowing&lang=en&screen_names=sengineland", "requestTime": 17124.219396}}
06-28 13:20:47.263 28043 28056 E WPROF   : {"Javascript": {"url": "https://app-sj02.marketo.com/js/forms2/js/forms2.min.js", "requestTime": 17124.318721}}
06-28 13:20:47.901 28043 28056 E WProf.db: {"page": "searchengineland.com_advertisers-consider-pausing-google-local-inventory-ads-268081"}
06-28 13:20:47.902 28043 28056 E WProf.db: {"DOMLoad": 17124.957243}
06-28 13:20:47.902 28043 28056 E WProf.db: {"Resource": {"id": 1, "url": "http://searchengineland.com/advertisers-consider-pausing-google-local-inventory-ads-268081", "sentTime": -1.000000, "len": 97778, "from": "0x0", "mimeType": "text/html", "contentLength": -1, "httpStatus": 200, "connId": 19, "connReused": 1, "cached": 0,"requestTime": 17111.662587, "proxyStart": -1, "proxyEnd": -1, "dnsStart": -1, "dnsEnd": -1, "connectStart": 0, "connectEnd": 86, "sendStart": 86, "sendEnd": 86, "receiveHeadersEnd": 294, "sslStart": -1, "sslEnd": -1}}
06-28 13:20:47.902 28043 28056 E WProf.db: {"ReceivedChunk": {"receivedTime": 17111.974602, "len": 8038}}
06-28 13:20:47.902 28043 28056 E WProf.db: {"ReceivedChunk": {"receivedTime": 17112.050574, "len": 32768}}
06-28 13:20:47.902 28043 28056 E WProf.db: {"ReceivedChunk": {"receivedTime": 17112.050791, "len": 28437}}
06-28 13:20:47.902 28043 28056 E WProf.db: {"ReceivedChunk": {"receivedTime": 17112.132293, "len": 21074}}
06-28 13:20:47.902 28043 28056 E WProf.db: {"ReceivedChunk": {"receivedTime": 17112.133217, "len": 7461}}
06-28 13:20:47.902 28043 28056 E WProf.db: {"WprofHTMLTag": {"code": "0xaedd52a0", "doc": "http://searchengineland.com/advertisers-consider-pausing-google-local-inventory-ads-268081", "row": 6, "column": 42, "tagName": "html", "time": 17112.070665, "url": "", "pos": 1, "chunkLen": 1, "isStartTag": 1}}
06-28 13:20:47.902 28043 28056 E WProf.db: {"WprofHTMLTag": {"code": "0xaf047820", "doc": "http://searchengineland.com/advertisers-consider-pausing-google-local-inventory-ads-268081", "row": 7, "column": 6, "tagName": "head", "time": 17112.070923, "url": "", "pos": 1, "chunkLen": 1, "isStartTag": 1}}
06-28 13:20:47.902 28043 28056 E WProf.db: {"WprofHTMLTag": {"code": "0xaf047850", "doc": "http://searchengineland.com/advertisers-consider-pausing-google-local-inventory-ads-268081", "row": 8, "column": 54, "tagName": "meta", "time": 17112.070970, "url": "", "pos": 1, "chunkLen": 1, "isStartTag": 1}}
06-28 13:20:47.902 28043 28056 E WProf.db: {"WprofHTMLTag": {"code": "0xaf047880", "doc": "http://searchengineland.com/advertisers-consider-pausing-google-local-inventory-ads-268081", "row": 9, "column": 68, "tagName": "meta", "time": 17112.071114, "url": "", "pos": 1, "chunkLen": 1, "isStartTag": 1}}
06-28 13:20:47.902 28043 28056 E WProf.db: {"WprofHTMLTag": {"code": "0xaf0478b0", "doc": "http://searchengineland.com/advertisers-consider-pausing-google-local-inventory-ads-268081", "row": 10, "column": 23, "tagName": "meta", "time": 17112.071232, "url": "", "pos": 1, "chunkLen": 1, "isStartTag": 1}}
06-28 13:20:47.902 28043 28056 E WProf.db: {"WprofHTMLTag": {"code": "0xaf0478e0", "doc": "http://searchengineland.com/advertisers-consider-pausing-google-local-inventory-ads-268081", "row": 11, "column": 52, "tagName": "meta", "time": 17112.071360, "url": "", "pos": 1, "chunkLen": 1, "isStartTag": 1}}
06-28 13:20:47.902 28043 28056 E WProf.db: {"WprofHTMLTag": {"code": "0xaf047910", "doc": "http://searchengineland.com/advertisers-consider-pausing-google-local-inventory-ads-268081", "row": 14, "column": 56, "tagName": "meta", "time": 17112.071485, "url": "", "pos": 1, "chunkLen": 1, "isStartTag": 1}}
06-28 13:20:47.903 28043 28056 E WProf.db: {"WprofHTMLTag": {"code": "0xaf047940", "doc": "http://searchengineland.com/advertisers-consider-pausing-google-local-inventory-ads-268081", "row": 15, "column": 83, "tagName": "meta", "time": 17112.071593, "url": "", "pos": 1, "chunkLen": 1, "isStartTag": 1}}
06-28 13:20:47.903 28043 28056 E WProf.db: {"WprofHTMLTag": {"code": "0xaf047970", "doc": "http://searchengineland.com/advertisers-consider-pausing-google-local-inventory-ads-268081", "row": 16, "column": 57, "tagName": "meta", "time": 17112.071707, "url": "", "pos": 1, "chunkLen": 1, "isStartTag": 1}}
06-28 13:20:47.903 28043 28056 E WProf.db: {"WprofHTMLTag": {"code": "0xaf047a00", "doc": "http://searchengineland.com/advertisers-consider-pausing-google-local-inventory-ads-268081", "row": 17, "column": 41, "tagName": "meta", "time": 17112.071814, "url": "", "pos": 1, "chunkLen": 1, "isStartTag": 1}}
06-28 13:20:47.903 28043 28056 E WProf.db: {"WprofHTMLTag": {"code": "0xaf047a30", "doc": "http://searchengineland.com/advertisers-consider-pausing-google-local-inventory-ads-268081", "row": 18, "column": 50, "tagName": "meta", "time": 17112.071922, "url": "", "pos": 1, "chunkLen": 1, "isStartTag": 1}}
06-28 13:20:47.903 28043 28056 E WProf.db: {"WprofHTMLTag": {"code": "0xaf047a60", "doc": "http://searchengineland.com/advertisers-consider-pausing-google-local-inventory-ads-268081", "row": 19, "column": 174, "tagName": "meta", "time": 17112.072035, "url": "", "pos": 1, "chunkLen": 1, "isStartTag": 1}}
06-28 13:20:47.903 28043 28056 E WProf.db: {"WprofHTMLTag": {"code": "0xaf0479d0", "doc": "http://searchengineland.com/advertisers-consider-pausing-google-local-inventory-ads-268081", "row": 20, "column": 47, "tagName": "meta", "time": 17112.072148, "url": "", "pos": 1, "chunkLen": 1, "isStartTag": 1}}
06-28 13:20:47.903 28043 28056 E WProf.db: {"WprofHTMLTag": {"code": "0xaf0479a0", "doc": "http://searchengineland.com/advertisers-consider-pausing-google-local-inventory-ads-268081", "row": 21, "column": 67, "tagName": "meta", "time": 17112.072254, "url": "", "pos": 1, "chunkLen": 1, "isStartTag": 1}}
06-28 13:20:47.903 28043 28056 E WProf.db: {"WprofHTMLTag": {"code": "0xaf047a90", "doc": "http://searchengineland.com/advertisers-consider-pausing-google-local-inventory-ads-268081", "row": 22, "column": 57, "tagName": "meta", "time": 17112.072357, "url": "", "pos": 1, "chunkLen": 1, "isStartTag": 1}}
06-28 13:20:47.903 28043 28056 E WProf.db: {"WprofHTMLTag": {"code": "0xaf047ac0", "doc": "http://searchengineland.com/advertisers-consider-pausing-google-local-inventory-ads-268081", "row": 23, "column": 65, "tagName": "meta", "time": 17112.072464, "url": "", "pos": 1, "chunkLen": 1, "isStartTag": 1}}
06-28 13:20:47.903 28043 28056 E WProf.db: {"WprofHTMLTag": {"code": "0xaf047af0", "doc": "http://searchengineland.com/advertisers-consider-pausing-google-local-inventory-ads-268081", "row": 24, "column": 55, "tagName": "meta", "time": 17112.072571, "url": "", "pos": 1, "chunkLen": 1, "isStartTag": 1}}
06-28 13:20:47.903 28043 28056 E WProf.db: {"WprofHTMLTag": {"code": "0xaf047b20", "doc": "http://searchengineland.com/advertisers-consider-pausing-google-local-inventory-ads-268081", "row": 25, "column": 71, "tagName": "meta", "time": 17112.072684, "url": "", "pos": 1, "chunkLen": 1, "isStartTag": 1}}
06-28 13:20:47.903 28043 28056 E WProf.db: {"WprofHTMLTag": {"code": "0xaf047b50", "doc": "http://searchengineland.com/advertisers-consider-pausing-google-local-inventory-ads-268081", "row": 26, "column": 86, "tagName": "meta", "time": 17112.072790, "url": "", "pos": 1, "chunkLen": 1, "isStartTag": 1}}
06-28 13:20:47.903 28043 28056 E WProf.db: {"WprofHTMLTag": {"code": "0xaf047b80", "doc": "http://searchengineland.com/advertisers-consider-pausing-google-local-inventory-ads-268081", "row": 27, "column": 54, "tagName": "meta", "time": 17112.072896, "url": "", "pos": 1, "chunkLen": 1, "isStartTag": 1}}
06-28 13:20:47.904 28043 28056 E WProf.db: {"WprofHTMLTag": {"code": "0xaf047bb0", "doc": "http://searchengineland.com/advertisers-consider-pausing-google-local-inventory-ads-268081", "row": 29, "column": 136, "tagName": "meta", "time": 17112.073173, "url": "", "pos": 1, "chunkLen": 1, "isStartTag": 1}}
06-28 13:20:47.904 28043 28056 E WProf.db: {"WprofHTMLTag": {"code": "0xaf047be0", "doc": "http://searchengineland.com/advertisers-consider-pausing-google-local-inventory-ads-268081", "row": 30, "column": 267, "tagName": "meta", "time": 17112.073279, "url": "", "pos": 1, "chunkLen": 1, "isStartTag": 1}}
06-28 13:20:47.904 28043 28056 E WProf.db: {"WprofHTMLTag": {"code": "0xaf047c10", "doc": "http://searchengineland.com/advertisers-consider-pausing-google-local-inventory-ads-268081", "row": 31, "column": 55, "tagName": "meta", "time": 17112.073381, "url": "", "pos": 1, "chunkLen": 1, "isStartTag": 1}}
06-28 13:20:47.904 28043 28056 E WProf.db: {"WprofHTMLTag": {"code": "0xaf047c40", "doc": "http://searchengineland.com/advertisers-consider-pausing-google-local-inventory-ads-268081", "row": 32, "column": 54, "tagName": "meta", "time": 17112.073482, "url": "", "pos": 1, "chunkLen": 1, "isStartTag": 1}}
06-28 13:20:47.904 28043 28056 E WProf.db: {"WprofHTMLTag": {"code": "0xaf047c70", "doc": "http://searchengineland.com/advertisers-consider-pausing-google-local-inventory-ads-268081", "row": 33, "column": 139, "tagName": "meta", "time": 17112.073590, "url": "", "pos": 1, "chunkLen": 1, "isStartTag": 1}}
06-28 13:20:47.904 28043 28056 E WProf.db: {"WprofHTMLTag": {"code": "0xaf047ca0", "doc": "http://searchengineland.com/advertisers-consider-pausing-google-local-inventory-ads-268081", "row": 37, "column": 36, "tagName": "script", "time": 17112.073710, "url": "", "pos": 1, "chunkLen": 1, "isStartTag": 1}}
06-28 13:20:47.904 28043 28056 E WProf.db: {"WprofHTMLTag": {"code": "0xaf047cd0", "doc": "http://searchengineland.com/advertisers-consider-pausing-google-local-inventory-ads-268081", "row": 53, "column": 10, "tagName": "script", "time": 17112.073977, "url": "", "pos": 1, "chunkLen": 1, "isStartTag": 0}}
06-28 13:20:47.904 28043 28056 E WProf.db: {"WprofHTMLTag": {"code": "0xaedd5540", "doc": "http://searchengineland.com/advertisers-consider-pausing-google-local-inventory-ads-268081", "row": 55, "column": 86, "tagName": "link", "time": 17112.075714, "url": "http://searchengineland.com/apple-touch-icon.png", "pos": 1, "chunkLen": 1, "isStartTag": 1}}
06-28 13:20:47.904 28043 28056 E WProf.db: {"WprofHTMLTag": {"code": "0xaf047d00", "doc": "http://searchengineland.com/advertisers-consider-pausing-google-local-inventory-ads-268081", "row": 56, "column": 76, "tagName": "link", "time": 17112.076027, "url": "http://searchengineland.com/favicon.ico", "pos": 1, "chunkLen": 1, "isStartTag": 1}}
06-28 13:20:47.904 28043 28056 E WProf.db: {"WprofHTMLTag": {"code": "0xaf047d30", "doc": "http://searchengineland.com/advertisers-consider-pausing-google-local-inventory-ads-268081", "row": 57, "column": 158, "tagName": "link", "time": 17112.076235, "url": "http://feeds.searchengineland.com/searchengineland", "pos": 1, "chunkLen": 1, "isStartTag": 1}}
06-28 13:20:47.904 28043 28056 E WProf.db: {"WprofHTMLTag": {"code": "0xaf047d60", "doc": "http://searchengineland.com/advertisers-consider-pausing-google-local-inventory-ads-268081", "row": 58, "column": 149, "tagName": "link", "time": 17112.076518, "url": "http://feeds.searchengineland.com/searchcap", "pos": 1, "chunkLen": 1, "isStartTag": 1}}
06-28 13:20:47.904 28043 28056 E WProf.db: {"WprofHTMLTag": {"code": "0xaf047d90", "doc": "http://searchengineland.com/advertisers-consider-pausing-google-local-inventory-ads-268081", "row": 59, "column": 150, "tagName": "link", "time": 17112.076792, "url": "http://searchengineland.com/figz/wp-content/themes/searchengineland/css/searchengineland-bootstrap.css", "pos": 1, "chunkLen": 1, "isStartTag": 1}}
06-28 13:20:47.904 28043 28056 E WProf.db: {"WprofHTMLTag": {"code": "0xaf047df0", "doc": "http://searchengineland.com/advertisers-consider-pausing-google-local-inventory-ads-268081", "row": 60, "column": 105, "tagName": "link", "time": 17112.077364, "url": "http://fonts.googleapis.com/css?family=Oswald:300,400,700", "pos": 1, "chunkLen": 1, "isStartTag": 1}}
06-28 13:20:47.905 28043 28056 E WProf.db: {"WprofHTMLTag": {"code": "0xaf047e50", "doc": "http://searchengineland.com/advertisers-consider-pausing-google-local-inventory-ads-268081", "row": 61, "column": 125, "tagName": "link", "time": 17112.077868, "url": "http://searchengineland.com/figz/wp-content/themes/searchengineland/style.css", "pos": 1, "chunkLen": 1, "isStartTag": 1}}
06-28 13:20:47.905 28043 28056 E WProf.db: {"WprofHTMLTag": {"code": "0xaf047eb0", "doc": "http://searchengineland.com/advertisers-consider-pausing-google-local-inventory-ads-268081", "row": 65, "column": 7, "tagName": "title", "time": 17112.078448, "url": "", "pos": 1, "chunkLen": 1, "isStartTag": 1}}
06-28 13:20:47.905 28043 28056 E WProf.db: {"WprofHTMLTag": {"code": "0xaf047ee0", "doc": "http://searchengineland.com/advertisers-consider-pausing-google-local-inventory-ads-268081", "row": 65, "column": 83, "tagName": "title", "time": 17112.078555, "url": "", "pos": 1, "chunkLen": 1, "isStartTag": 0}}
06-28 13:20:47.905 28043 28056 E WProf.db: {"WprofHTMLTag": {"code": "0xaf047f10", "doc": "http://searchengineland.com/advertisers-consider-pausing-google-local-inventory-ads-268081", "row": 66, "column": 264, "tagName": "meta", "time": 17112.078577, "url": "", "pos": 1, "chunkLen": 1, "isStartTag": 1}}
06-28 13:20:47.905 28043 28056 E WProf.db: {"WprofHTMLTag": {"code": "0xaf047f40", "doc": "http://searchengineland.com/advertisers-consider-pausing-google-local-inventory-ads-268081", "row": 67, "column": 137, "tagName": "meta", "time": 17112.078705, "url": "", "pos": 1, "chunkLen": 1, "isStartTag": 1}}
06-28 13:20:47.905 28043 28056 E WProf.db: {"WprofHTMLTag": {"code": "0xaf047f70", "doc": "http://searchengineland.com/advertisers-consider-pausing-google-local-inventory-ads-268081", "row": 68, "column": 132, "tagName": "meta", "time": 17112.078815, "url": "", "pos": 1, "chunkLen": 1, "isStartTag": 1}}
06-28 13:20:47.905 28043 28056 E WProf.db: {"WprofHTMLTag": {"code": "0xaf047fa0", "doc": "http://searchengineland.com/advertisers-consider-pausing-google-local-inventory-ads-268081", "row": 69, "column": 37, "tagName": "meta", "time": 17112.078928, "url": "", "pos": 1, "chunkLen": 1, "isStartTag": 1}}
06-28 13:20:47.905 28043 28056 E WProf.db: {"WprofHTMLTag": {"code": "0xaf047fd0", "doc": "http://searchengineland.com/advertisers-consider-pausing-google-local-inventory-ads-268081", "row": 70, "column": 122, "tagName": "link", "time": 17112.079047, "url": "http://searchengineland.com/advertisers-consider-pausing-google-local-inventory-ads-268081", "pos": 1, "chunkLen": 1, "isStartTag": 1}}
06-28 13:20:47.905 28043 28056 E WProf.db: {"WprofHTMLTag": {"code": "0xb4cc74b0", "doc": "http://searchengineland.com/advertisers-consider-pausing-google-local-inventory-ads-268081", "row": 71, "column": 76, "tagName": "link", "time": 17112.079273, "url": "https://plus.google.com/103218677032751327334", "pos": 1, "chunkLen": 1, "isStartTag": 1}}
06-28 13:20:47.905 28043 28056 E WProf.db: {"WprofHTMLTag": {"code": "0xb4cc7540", "doc": "http://searchengineland.com/advertisers-consider-pausing-google-local-inventory-ads-268081", "row": 72, "column": 45, "tagName": "meta", "time": 17112.079473, "url": "", "pos": 1, "chunkLen": 1, "isStartTag": 1}}
06-28 13:20:47.905 28043 28056 E WProf.db: {"WprofHTMLTag": {"code": "0xb4cc78a0", "doc": "http://searchengineland.com/advertisers-consider-pausing-google-local-inventory-ads-268081", "row": 73, "column": 45, "tagName": "meta", "time": 17112.079596, "url": "", "pos": 1, "chunkLen": 1, "isStartTag": 1}}
06-28 13:20:47.905 28043 28056 E WProf.db: {"WprofHTMLTag": {"code": "0xb4cc78d0", "doc": "http://searchengineland.com/advertisers-consider-pausing-google-local-inventory-ads-268081", "row": 74, "column": 107, "tagName": "meta", "time": 17112.079705, "url": "", "pos": 1, "chunkLen": 1, "isStartTag": 1}}
06-28 13:20:47.906 28043 28056 E WProf.db: {"WprofHTMLTag": {"code": "0xb4cc7900", "doc": "http://searchengineland.com/advertisers-consider-pausing-google-local-inventory-ads-268081", "row": 75, "column": 272, "tagName": "meta", "time": 17112.079814, "url": "", "pos": 1, "chunkLen": 1, "isStartTag": 1}}
06-28 13:20:47.906 28043 28056 E WProf.db: {"WprofHTMLTag": {"code": "0xb4cc7930", "doc": "http://searchengineland.com/advertisers-consider-pausing-google-local-inventory-ads-268081", "row": 76, "column": 127, "tagName": "meta", "time": 17112.079922, "url": "", "pos": 1, "chunkLen": 1, "isStartTag": 1}}
06-28 13:20:47.906 28043 28056 E WProf.db: {"WprofHTMLTag": {"code": "0xb4cc7960", "doc": "http://searchengineland.com/advertisers-consider-pausing-google-local-inventory-ads-268081", "row": 77, "column": 61, "tagName": "meta", "time": 17112.080078, "url": "", "pos": 1, "chunkLen": 1, "isStartTag": 1}}
06-28 13:20:47.906 28043 28056 E WProf.db: {"WprofHTMLTag": {"code": "0xb4cc7990", "doc": "http://searchengineland.com/advertisers-consider-pausing-google-local-inventory-ads-268081", "row": 78, "column": 89, "tagName": "meta", "time": 17112.080206, "url": "", "pos": 1, "chunkLen": 1, "isStartTag": 1}}
06-28 13:20:47.906 28043 28056 E WProf.db: {"WprofHTMLTag": {"code": "0xb4cc79c0", "doc": "http://searchengineland.com/advertisers-consider-pausing-google-local-inventory-ads-268081", "row": 79, "column": 58, "tagName": "meta", "time": 17112.080321, "url": "", "pos": 1, "chunkLen": 1, "isStartTag": 1}}
06-28 13:20:47.906 28043 28056 E WProf.db: {"WprofHTMLTag": {"code": "0xb4cc79f0", "doc": "http://searchengineland.com/advertisers-consider-pausing-google-local-inventory-ads-268081", "row": 80, "column": 78, "tagName": "meta", "time": 17112.080493, "url": "", "pos": 1, "chunkLen": 1, "isStartTag": 1}}
06-28 13:20:47.906 28043 28056 E WProf.db: {"WprofHTMLTag": {"code": "0xb4cc7a20", "doc": "http://searchengineland.com/advertisers-consider-pausing-google-local-inventory-ads-268081", "row": 81, "column": 77, "tagName": "meta", "time": 17112.080660, "url": "", "pos": 1, "chunkLen": 1, "isStartTag": 1}}
06-28 13:20:47.906 28043 28056 E WProf.db: {"WprofHTMLTag": {"code": "0xb4cc7a50", "doc": "http://searchengineland.com/advertisers-consider-pausing-google-local-inventory-ads-268081", "row": 82, "column": 71, "tagName": "meta", "time": 17112.080795, "url": "", "pos": 1, "chunkLen": 1, "isStartTag": 1}}
06-28 13:20:47.906 28043 28056 E WProf.db: {"WprofHTMLTag": {"code": "0xb4cc7a80", "doc": "http://searchengineland.com/advertisers-consider-pausing-google-local-inventory-ads-268081", "row": 83, "column": 133, "tagName": "meta", "time": 17112.080898, "url": "", "pos": 1, "chunkLen": 1, "isStartTag": 1}}
06-28 13:20:47.906 28043 28056 E WProf.db: {"WprofHTMLTag": {"code": "0xb4cc7ab0", "doc": "http://searchengineland.com/advertisers-consider-pausing-google-local-inventory-ads-268081", "row": 84, "column": 49, "tagName": "meta", "time": 17112.081004, "url": "", "pos": 1, "chunkLen": 1, "isStartTag": 1}}
06-28 13:20:47.906 28043 28056 E WProf.db: {"WprofHTMLTag": {"code": "0xb4cc7ae0", "doc": "http://searchengineland.com/advertisers-consider-pausing-google-local-inventory-ads-268081", "row": 85, "column": 50, "tagName": "meta", "time": 17112.081119, "url": "", "pos": 1, "chunkLen": 1, "isStartTag": 1}}
06-28 13:20:47.906 28043 28056 E WProf.db: {"WprofHTMLTag": {"code": "0xb4cc7b10", "doc": "http://searchengineland.com/advertisers-consider-pausing-google-local-inventory-ads-268081", "row": 86, "column": 58, "tagName": "meta", "time": 17112.081238, "url": "", "pos": 1, "chunkLen": 1, "isStartTag": 1}}
06-28 13:20:47.907 28043 28056 E WProf.db: {"WprofHTMLTag": {"code": "0xb4cc7b40", "doc": "http://searchengineland.com/advertisers-consider-pausing-google-local-inventory-ads-268081", "row": 87, "column": 273, "tagName": "meta", "time": 17112.081407, "url": "", "pos": 1, "chunkLen": 1, "isStartTag": 1}}
06-28 13:20:47.907 28043 28056 E WProf.db: {"WprofHTMLTag": {"code": "0xb4cc7b70", "doc": "http://searchengineland.com/advertisers-consider-pausing-google-local-inventory-ads-268081", "row": 88, "column": 108, "tagName": "meta", "time": 17112.081969, "url": "", "pos": 1, "chunkLen": 1, "isStartTag": 1}}
06-28 13:20:47.907 28043 28056 E WProf.db: {"WprofHTMLTag": {"code": "0xb4cc7ba0", "doc": "http://searchengineland.com/advertisers-consider-pausing-google-local-inventory-ads-268081", "row": 89, "column": 51, "tagName": "meta", "time": 17112.082120, "url": "", "pos": 1, "chunkLen": 1, "isStartTag": 1}}
06-28 13:20:47.907 28043 28056 E WProf.db: {"WprofHTMLTag": {"code": "0xb4cc7bd0", "doc": "http://searchengineland.com/advertisers-consider-pausing-google-local-inventory-ads-268081", "row": 90, "column": 134, "tagName": "meta", "time": 17112.082254, "url": "", "pos": 1, "chunkLen": 1, "isStartTag": 1}}
06-28 13:20:47.907 28043 28056 E WProf.db: {"WprofHTMLTag": {"code": "0xb4cc7c00", "doc": "http://searchengineland.com/advertisers-consider-pausing-google-local-inventory-ads-268081", "row": 91, "column": 58, "tagName": "meta", "time": 17112.082375, "url": "", "pos": 1, "chunkLen": 1, "isStartTag": 1}}
06-28 13:20:47.907 28043 28056 E WProf.db: {"WprofHTMLTag": {"code": "0xb4cc7c30", "doc": "http://searchengineland.com/advertisers-consider-pausing-google-local-inventory-ads-268081", "row": 94, "column": 44, "tagName": "link", "time": 17112.082500, "url": "http://s.w.org/", "pos": 1, "chunkLen": 1, "isStartTag": 1}}
06-28 13:20:47.907 28043 28056 E WProf.db: {"WprofHTMLTag": {"code": "0xb4cc7c60", "doc": "http://searchengineland.com/advertisers-consider-pausing-google-local-inventory-ads-268081", "row": 95, "column": 33, "tagName": "script", "time": 17112.082791, "url": "", "pos": 1, "chunkLen": 1, "isStartTag": 1}}
06-28 13:20:47.908 28043 28056 E WProf.db: {"WprofHTMLTag": {"code": "0xb4cc7c90", "doc": "http://searchengineland.com/advertisers-consider-pausing-google-local-inventory-ads-268081", "row": 98, "column": 11, "tagName": "script", "time": 17112.083349, "url": "http://searchengineland.com/figz/wp-includes/js/wp-emoji-release.min.js?ver=4.7.5", "pos": 1, "chunkLen": 1, "isStartTag": 0}}
06-28 13:20:47.908 28043 28056 E WProf.db: {"WprofHTMLTag": {"code": "0x9ce789f0", "doc": "http://searchengineland.com/advertisers-consider-pausing-google-local-inventory-ads-268081", "row": 99, "column": 25, "tagName": "style", "time": 17112.848244, "url": "", "pos": 1, "chunkLen": 1, "isStartTag": 1}}
06-28 13:20:47.908 28043 28056 E WProf.db: {"WprofHTMLTag": {"code": "0x9ce78a20", "doc": "http://searchengineland.com/advertisers-consider-pausing-google-local-inventory-ads-268081", "row": 112, "column": 8, "tagName": "style", "time": 17112.848508, "url": "", "pos": 1, "chunkLen": 1, "isStartTag": 0}}
06-28 13:20:47.908 28043 28056 E WProf.db: {"WprofHTMLTag": {"code": "0x9ce78a50", "doc": "http://searchengineland.com/advertisers-consider-pausing-google-local-inventory-ads-268081", "row": 113, "column": 140, "tagName": "script", "time": 17112.850475, "url": "http://searchengineland.com/figz/wp-content/themes/searchengineland/js/lib/modernizr.custom.js?ver=1.0", "pos": 1, "chunkLen": 1, "isStartTag": 1}}
06-28 13:20:47.908 28043 28056 E WProf.db: {"WprofHTMLTag": {"code": "0x9ce78a80", "doc": "http://searchengineland.com/advertisers-consider-pausing-google-local-inventory-ads-268081", "row": 113, "column": 149, "tagName": "script", "time": 17112.850733, "url": "", "pos": 1, "chunkLen": 1, "isStartTag": 0}}
06-28 13:20:47.908 28043 28056 E WProf.db: {"WprofHTMLTag": {"code": "0xaedd5c00", "doc": "http://searchengineland.com/advertisers-consider-pausing-google-local-inventory-ads-268081", "row": 114, "column": 144, "tagName": "script", "time": 17112.861949, "url": "http://searchengineland.com/figz/wp-content/themes/searchengineland/js/lib/jquery-1.11.0.min.js?ver=1.11.0", "pos": 1, "chunkLen": 1, "isStartTag": 1}}
06-28 13:20:47.908 28043 28056 E WProf.db: {"WprofHTMLTag": {"code": "0xaedd5bd0", "doc": "http://searchengineland.com/advertisers-consider-pausing-google-local-inventory-ads-268081", "row": 114, "column": 153, "tagName": "script", "time": 17112.862208, "url": "", "pos": 1, "chunkLen": 1, "isStartTag": 0}}
06-28 13:20:47.908 28043 28056 E WProf.db: {"WprofHTMLTag": {"code": "0xaedd5e40", "doc": "http://searchengineland.com/advertisers-consider-pausing-google-local-inventory-ads-268081", "row": 0, "column": 15, "tagName": "div", "time": 17112.926491, "url": "", "pos": 15, "chunkLen": 44, "isStartTag": 1}}
06-28 13:20:47.908 28043 28056 E WProf.db: {"WprofHTMLTag": {"code": "0xaedd5e10", "doc": "http://searchengineland.com/advertisers-consider-pausing-google-local-inventory-ads-268081", "row": 0, "column": 21, "tagName": "div", "time": 17112.926625, "url": "", "pos": 21, "chunkLen": 44, "isStartTag": 0}}
06-28 13:20:47.908 28043 28056 E WProf.db: {"WprofHTMLTag": {"code": "0xaedd5de0", "doc": "http://searchengineland.com/advertisers-consider-pausing-google-local-inventory-ads-268081", "row": 0, "column": 38, "tagName": "div", "time": 17112.926850, "url": "", "pos": 38, "chunkLen": 44, "isStartTag": 1}}
06-28 13:20:47.908 28043 28056 E WProf.db: {"WprofHTMLTag": {"code": "0xaedd5d80", "doc": "http://searchengineland.com/advertisers-consider-pausing-google-local-inventory-ads-268081", "row": 0, "column": 44, "tagName": "div", "time": 17112.927027, "url": "", "pos": 44, "chunkLen": 44, "isStartTag": 0}}
06-28 13:20:47.908 28043 28056 E WProf.db: {"WprofHTMLTag": {"code": "0xaedd5d50", "doc": "http://searchengineland.com/advertisers-consider-pausing-google-local-inventory-ads-268081", "row": 0, "column": 13, "tagName": "select", "time": 17112.928554, "url": "", "pos": 13, "chunkLen": 51, "isStartTag": 1}}
06-28 13:20:47.909 28043 28056 E WProf.db: {"WprofHTMLTag": {"code": "0xaedd5c90", "doc": "http://searchengineland.com/advertisers-consider-pausing-google-local-inventory-ads-268081", "row": 0, "column": 33, "tagName": "option", "time": 17112.928743, "url": "", "pos": 33, "chunkLen": 51, "isStartTag": 1}}
06-28 13:20:47.909 28043 28056 E WProf.db: {"WprofHTMLTag": {"code": "0x9ce78b70", "doc": "http://searchengineland.com/advertisers-consider-pausing-google-local-inventory-ads-268081", "row": 0, "column": 42, "tagName": "option", "time": 17112.928960, "url": "", "pos": 42, "chunkLen": 51, "isStartTag": 0}}
06-28 13:20:47.909 28043 28056 E WProf.db: {"WprofHTMLTag": {"code": "0x9ce78ba0", "doc": "http://searchengineland.com/advertisers-consider-pausing-google-local-inventory-ads-268081", "row": 0, "column": 51, "tagName": "select", "time": 17112.929017, "url": "", "pos": 51, "chunkLen": 51, "isStartTag": 0}}
06-28 13:20:47.909 28043 28056 E WProf.db: {"WprofHTMLTag": {"code": "0x9ce78bd0", "doc": "http://searchengineland.com/advertisers-consider-pausing-google-local-inventory-ads-268081", "row": 0, "column": 12, "tagName": "a", "time": 17112.933763, "url": "", "pos": 12, "chunkLen": 16, "isStartTag": 1}}
06-28 13:20:47.909 28043 28056 E WProf.db: {"WprofHTMLTag": {"code": "0x9ce78c00", "doc": "http://searchengineland.com/advertisers-consider-pausing-google-local-inventory-ads-268081", "row": 0, "column": 16, "tagName": "a", "time": 17112.933957, "url": "", "pos": 16, "chunkLen": 16, "isStartTag": 0}}
06-28 13:20:47.909 28043 28056 E WProf.db: {"WprofHTMLTag": {"code": "0x9ce78c30", "doc": "http://searchengineland.com/advertisers-consider-pausing-google-local-inventory-ads-268081", "row": 0, "column": 8, "tagName": "input", "time": 17112.934969, "url": "", "pos": 8, "chunkLen": 8, "isStartTag": 1}}
06-28 13:20:47.909 28043 28056 E WProf.db: {"WprofHTMLTag": {"code": "0x9ce78c60", "doc": "http://searchengineland.com/advertisers-consider-pausing-google-local-inventory-ads-268081", "row": 0, "column": 9, "tagName": "link", "time": 17112.943979, "url": "", "pos": 9, "chunkLen": 42, "isStartTag": 1}}
06-28 13:20:47.909 28043 28056 E WProf.db: {"WprofHTMLTag": {"code": "0x9ce78c90", "doc": "http://searchengineland.com/advertisers-consider-pausing-google-local-inventory-ads-268081", "row": 0, "column": 16, "tagName": "table", "time": 17112.944093, "url": "", "pos": 16, "chunkLen": 42, "isStartTag": 1}}
06-28 13:20:47.909 28043 28056 E WProf.db: {"WprofHTMLTag": {"code": "0x9ce78cc0", "doc": "http://searchengineland.com/advertisers-consider-pausing-google-local-inventory-ads-268081", "row": 0, "column": 24, "tagName": "table", "time": 17112.944205, "url": "", "pos": 24, "chunkLen": 42, "isStartTag": 0}}
06-28 13:20:47.909 28043 28056 E WProf.db: {"WprofHTMLTag": {"code": "0x9ce78cf0", "doc": "http://searchengineland.com/advertisers-consider-pausing-google-local-inventory-ads-268081", "row": 0, "column": 37, "tagName": "a", "time": 17112.944268, "url": "", "pos": 37, "chunkLen": 42, "isStartTag": 1}}
06-28 13:20:47.909 28043 28056 E WProf.db: {"WprofHTMLTag": {"code": "0x9ce78d20", "doc": "http://searchengineland.com/advertisers-consider-pausing-google-local-inventory-ads-268081", "row": 0, "column": 42, "tagName": "a", "time": 17112.944439, "url": "", "pos": 42, "chunkLen": 42, "isStartTag": 0}}
06-28 13:20:47.909 28043 28056 E WProf.db: {"WprofHTMLTag": {"code": "0x9ce78db0", "doc": "http://searchengineland.com/advertisers-consider-pausing-google-local-inventory-ads-268081", "row": 0, "column": 10, "tagName": "textarea", "time": 17112.945577, "url": "", "pos": 10, "chunkLen": 22, "isStartTag": 1}}
06-28 13:20:47.909 28043 28056 E WProf.db: {"WprofHTMLTag": {"code": "0x9ce78de0", "doc": "http://searchengineland.com/advertisers-consider-pausing-google-local-inventory-ads-268081", "row": 0, "column": 22, "tagName": "textarea", "time": 17112.945755, "url": "", "pos": 22, "chunkLen": 22, "isStartTag": 0}}
06-28 13:20:47.910 28043 28056 E WProf.db: {"WprofHTMLTag": {"code": "0x9ce78e10", "doc": "http://searchengineland.com/advertisers-consider-pausing-google-local-inventory-ads-268081", "row": 0, "column": 48, "tagName": "input", "time": 17112.946866, "url": "", "pos": 48, "chunkLen": 48, "isStartTag": 1}}
06-28 13:20:47.910 28043 28056 E WProf.db: {"WprofHTMLTag": {"code": "0x9ce78e70", "doc": "http://searchengineland.com/advertisers-consider-pausing-google-local-inventory-ads-268081", "row": 0, "column": 9, "tagName": "link", "time": 17112.951016, "url": "", "pos": 9, "chunkLen": 66, "isStartTag": 1}}
06-28 13:20:47.910 28043 28056 E WProf.db: {"WprofHTMLTag": {"code": "0x9ce78ea0", "doc": "http://searchengineland.com/advertisers-consider-pausing-google-local-inventory-ads-268081", "row": 0, "column": 16, "tagName": "table", "time": 17112.951128, "url": "", "pos": 16, "chunkLen": 66, "isStartTag": 1}}
06-28 13:20:47.910 28043 28056 E WProf.db: {"WprofHTMLTag": {"code": "0x9ce78ed0", "doc": "http://searchengineland.com/advertisers-consider-pausing-google-local-inventory-ads-268081", "row": 0, "column": 24, "tagName": "table", "time": 17112.951194, "url": "", "pos": 24, "chunkLen": 66, "isStartTag": 0}}
06-28 13:20:47.910 28043 28056 E WProf.db: {"WprofHTMLTag": {"code": "0x9ce78f00", "doc": "http://searchengineland.com/advertisers-consider-pausing-google-local-inventory-ads-268081", "row": 0, "column": 37, "tagName": "a", "time": 17112.951251, "url": "", "pos": 37, "chunkLen": 66, "isStartTag": 1}}
06-28 13:20:47.910 28043 28056 E WProf.db: {"WprofHTMLTag": {"code": "0x9ce78f30", "doc": "http://searchengineland.com/advertisers-consider-pausing-google-local-inventory-ads-268081", "row": 0, "column": 42, "tagName": "a", "time": 17112.951416, "url": "", "pos": 42, "chunkLen": 66, "isStartTag": 0}}
06-28 13:20:47.910 28043 28056 E WProf.db: {"WprofHTMLTag": {"code": "0x9ce78f60", "doc": "http://searchengineland.com/advertisers-consider-pausing-google-local-inventory-ads-268081", "row": 0, "column": 66, "tagName": "input", "time": 17112.951476, "url": "", "pos": 66, "chunkLen": 66, "isStartTag": 1}}
06-28 13:20:47.910 28043 28056 E WProf.db: {"WprofHTMLTag": {"code": "0x9ce78ff0", "doc": "http://searchengineland.com/advertisers-consider-pausing-google-local-inventory-ads-268081", "row": 0, "column": 9, "tagName": "link", "time": 17112.953122, "url": "", "pos": 9, "chunkLen": 66, "isStartTag": 1}}
06-28 13:20:47.910 28043 28056 E WProf.db: {"WprofHTMLTag": {"code": "0x9ce79020", "doc": "http://searchengineland.com/advertisers-consider-pausing-google-local-inventory-ads-268081", "row": 0, "column": 16, "tagName": "table", "time": 17112.953227, "url": "", "pos": 16, "chunkLen": 66, "isStartTag": 1}}
06-28 13:20:47.910 28043 28056 E WProf.db: {"WprofHTMLTag": {"code": "0x9ce79050", "doc": "http://searchengineland.com/advertisers-consider-pausing-google-local-inventory-ads-268081", "row": 0, "column": 24, "tagName": "table", "time": 17112.953293, "url": "", "pos": 24, "chunkLen": 66, "isStartTag": 0}}
06-28 13:20:47.910 28043 28056 E WProf.db: {"WprofHTMLTag": {"code": "0x9ce79080", "doc": "http://searchengineland.com/advertisers-consider-pausing-google-local-inventory-ads-268081", "row": 0, "column": 37, "tagName": "a", "time": 17112.953352, "url": "", "pos": 37, "chunkLen": 66, "isStartTag": 1}}
06-28 13:20:47.910 28043 28056 E WProf.db: {"WprofHTMLTag": {"code": "0x9ce790b0", "doc": "http://searchengineland.com/advertisers-consider-pausing-google-local-inventory-ads-268081", "row": 0, "column": 42, "tagName": "a", "time": 17112.953528, "url": "", "pos": 42, "chunkLen": 66, "isStartTag": 0}}
06-28 13:20:47.910 28043 28056 E WProf.db: {"WprofHTMLTag": {"code": "0x9ce790e0", "doc": "http://searchengineland.com/advertisers-consider-pausing-google-local-inventory-ads-268081", "row": 0, "column": 66, "tagName": "input", "time": 17112.953588, "url": "", "pos": 66, "chunkLen": 66, "isStartTag": 1}}
06-28 13:20:47.911 28043 28056 E WProf.db: {"WprofHTMLTag": {"code": "0x9ce79140", "doc": "http://searchengineland.com/advertisers-consider-pausing-google-local-inventory-ads-268081", "row": 0, "column": 9, "tagName": "link", "time": 17112.957436, "url": "", "pos": 9, "chunkLen": 66, "isStartTag": 1}}
06-28 13:20:47.911 28043 28056 E WProf.db: {"WprofHTMLTag": {"code": "0x9ce79170", "doc": "http://searchengineland.com/advertisers-consider-pausing-google-local-inventory-ads-268081", "row": 0, "column": 16, "tagName": "table", "time": 17112.957549, "url": "", "pos": 16, "chunkLen": 66, "isStartTag": 1}}
06-28 13:20:47.911 28043 28056 E WProf.db: {"WprofHTMLTag": {"code": "0x9ce791a0", "doc": "http://searchengineland.com/advertisers-consider-pausing-google-local-inventory-ads-268081", "row": 0, "column": 24, "tagName": "table", "time": 17112.957618, "url": "", "pos": 24, "chunkLen": 66, "isStartTag": 0}}
