--------- beginning of main
06-28 09:38:27.610  3449  3449 E Finsky  : [1] com.google.android.finsky.wear.bl.a(3): onConnectionFailed: ConnectionResult{statusCode=API_UNAVAILABLE, resolution=null, message=null}
--------- beginning of system
06-28 09:38:28.843  2135  8716 E SQLiteCastStore: End saving paired guest mode devices
06-28 09:38:29.313 14121 14121 E chromium: [ERROR:shell_integration_android.cc(12)] Not implemented reached in static ShellIntegration::DefaultWebClientSetPermission ShellIntegration::CanSetAsDefaultBrowser()
06-28 09:38:29.317 14121 14121 E chromium: [ERROR:browser_process_impl.cc(720)] Not implemented reached in virtual BackgroundModeManager* BrowserProcessImpl::background_mode_manager()
06-28 09:38:29.600  3218  5232 E AudioRecord-JNI: Error -4 during AudioRecord native read
06-28 09:38:32.041 14121 14168 E chromium: [ERROR:gles2_cmd_decoder.cc(3852)] [.ChromiumCompositor-0xacbb2fc0]GL ERROR :GL_INVALID_ENUM : glDiscardFramebufferEXT: attachments was GL_COLOR_EXT
06-28 09:38:32.349 14190 14203 E WPROF   : {"CSS": {"url": "http://searchengineland.com/figz/wp-content/themes/searchengineland/css/searchengineland-bootstrap.css", "requestTime": 3789.404528}}
06-28 09:38:32.350 14190 14203 E WPROF   : {"CSS": {"url": "http://fonts.googleapis.com/css?family=Oswald:300,400,700", "requestTime": 3789.405485}}
06-28 09:38:32.351 14190 14203 E WPROF   : {"CSS": {"url": "http://searchengineland.com/figz/wp-content/themes/searchengineland/style.css", "requestTime": 3789.406683}}
06-28 09:38:32.360 14190 14203 E WPROF   : {"Javascript": {"url": "http://searchengineland.com/figz/wp-content/themes/searchengineland/js/lib/modernizr.custom.js?ver=1.0", "requestTime": 3789.415848}}
06-28 09:38:32.361 14190 14203 E WPROF   : {"Javascript": {"url": "http://searchengineland.com/figz/wp-content/themes/searchengineland/js/lib/jquery-1.11.0.min.js?ver=1.11.0", "requestTime": 3789.416516}}
06-28 09:38:32.361 14190 14203 E WPROF   : {"Javascript": {"url": "http://searchengineland.com/figz/wp-content/themes/searchengineland/js/lib/jquery-ui-1.10.3.custom.min.js?ver=1.10.3", "requestTime": 3789.417021}}
06-28 09:38:32.362 14190 14203 E WPROF   : {"Javascript": {"url": "http://searchengineland.com/figz/wp-content/themes/searchengineland/js/lib/jquery.ba-throttle-debounce.min.js?ver=1.1", "requestTime": 3789.417497}}
06-28 09:38:32.362 14190 14203 E WPROF   : {"Javascript": {"url": "http://searchengineland.com/figz/wp-content/themes/searchengineland/js/lib/jquery.countdown.min.js?ver=2.0.4", "requestTime": 3789.417992}}
06-28 09:38:32.363 14190 14203 E WPROF   : {"Javascript": {"url": "http://static.chartbeat.com/js/chartbeat_mab.js", "requestTime": 3789.418538}}
06-28 09:38:32.770 14190 14203 E WPROF   : {"Javascript": {"url": "http://searchengineland.com/figz/wp-includes/js/wp-emoji-release.min.js?ver=4.7.5", "requestTime": 3789.825621}}
06-28 09:38:33.242 14190 14203 E WPROF   : {"Javascript": {"url": "http://www.googletagservices.com/tag/js/gpt.js", "requestTime": 3790.298167}}
06-28 09:38:33.246 14190 14203 E WPROF   : {"Javascript": {"url": "https://www.google-analytics.com/analytics.js", "requestTime": 3790.301926}}
06-28 09:38:33.248 14190 14203 E WPROF   : {"Javascript": {"url": "http://edge.quantserve.com/quant.js", "requestTime": 3790.303983}}
06-28 09:38:33.250 14190 14203 E WPROF   : {"Javascript": {"url": "https://connect.facebook.net/en_US/fbevents.js", "requestTime": 3790.305688}}
06-28 09:38:33.313 14121 14168 E chromium: [ERROR:gles2_cmd_decoder.cc(3852)] [.ChromiumCompositor-0xacbb2fc0]GL ERROR :GL_INVALID_ENUM : glDiscardFramebufferEXT: attachments was GL_COLOR_EXT
06-28 09:38:33.332 14190 14203 E WPROF   : {"Javascript": {"url": "http://app-sj02.marketo.com/js/forms2/js/forms2.min.js", "requestTime": 3790.387767}}
06-28 09:38:33.421 14121 14168 E chromium: [ERROR:gles2_cmd_decoder.cc(3852)] [.ChromiumCompositor-0xacbb2fc0]GL ERROR :GL_INVALID_ENUM : glDiscardFramebufferEXT: attachments was GL_COLOR_EXT
06-28 09:38:33.477 14190 14203 E WPROF   : {"Javascript": {"url": "https://connect.facebook.net/signals/config/423979991297359?v=2.7.17", "requestTime": 3790.532608}}
06-28 09:38:33.482 14190 14203 E WPROF   : {"Javascript": {"url": "https://securepubads.g.doubleclick.net/gpt/pubads_impl_121.js", "requestTime": 3790.537801}}
06-28 09:38:33.580 14121 14168 E chromium: [ERROR:gles2_cmd_decoder.cc(3852)] [.ChromiumCompositor-0xacbb2fc0]GL ERROR :GL_INVALID_ENUM : glDiscardFramebufferEXT: attachments was GL_COLOR_EXT
06-28 09:38:33.853 14121 14168 E chromium: [ERROR:gles2_cmd_decoder.cc(3852)] [.ChromiumCompositor-0xacbb2fc0]GL ERROR :GL_INVALID_ENUM : glDiscardFramebufferEXT: attachments was GL_COLOR_EXT
06-28 09:38:34.065 14190 14203 E WPROF   : {"Javascript": {"url": "http://app-sj02.marketo.com/index.php/form/getForm?munchkinId=727-ZQE-044&form=5691&url=http%3A%2F%2Fsearchengineland.com%2Fattend-martech-vendor-agnostic-graduate-level-marketing-technology-management-insights-273005&callback=jQuery110201105994691606611_1498610313985&_=1498610313986", "requestTime": 3791.120854}}
06-28 09:38:34.081 14190 14203 E WPROF   : {"Javascript": {"url": "http://app-sj02.marketo.com/index.php/form/getForm?munchkinId=727-ZQE-044&form=5685&url=http%3A%2F%2Fsearchengineland.com%2Fattend-martech-vendor-agnostic-graduate-level-marketing-technology-management-insights-273005&callback=jQuery110201105994691606611_1498610313987&_=1498610313988", "requestTime": 3791.136822}}
06-28 09:38:34.187 14190 14203 E WPROF   : {"Javascript": {"url": "https://static.xx.fbcdn.net/rsrc.php/v3iy6L4/yk/l/ko_KR/be4fIjHRc8P.js", "requestTime": 3791.242227}}
06-28 09:38:34.398 14190 14203 E WPROF   : {"Javascript": {"url": "http://app-sj02.marketo.com/index.php/form/getForm?munchkinId=727-ZQE-044&form=5673&url=http%3A%2F%2Fsearchengineland.com%2Fattend-martech-vendor-agnostic-graduate-level-marketing-technology-management-insights-273005&callback=jQuery110201105994691606611_1498610313989&_=1498610313990", "requestTime": 3791.453899}}
06-28 09:38:34.410 14190 14203 E WPROF   : {"Javascript": {"url": "http://searchengineland.com/js/ga_social_tracking.js", "requestTime": 3791.466102}}
06-28 09:38:34.412 14190 14203 E WPROF   : {"Javascript": {"url": "http://s7.addthis.com/js/300/addthis_widget.js#pubid=ra-53e918f660794f37", "requestTime": 3791.467467}}
06-28 09:38:34.582 14121 14168 E chromium: [ERROR:gles2_cmd_decoder.cc(3852)] [.ChromiumCompositor-0xacbb2fc0]GL ERROR :GL_INVALID_ENUM : glDiscardFramebufferEXT: attachments was GL_COLOR_EXT
06-28 09:38:34.787   862  1657 E LocSvc_IzatApiV02: E/virtual int izat_core::IzatApiV02::getBatchSize(int32_t):522]: Error : st = 4, ind.status = -1628389555
06-28 09:38:34.787   862  1657 E LocSvc_IzatApiV02: E/virtual int izat_core::IzatApiV02::getBatchSize(int32_t):535]: get batching size failed.Or modem does not support batching 
06-28 09:38:34.797   862  1657 E LocSvc_IzatApiV02: E/virtual int izat_core::IzatApiV02::getBatchSize(int32_t):522]: Error : st = 4, ind.status = -1628389555
06-28 09:38:34.797   862  1657 E LocSvc_IzatApiV02: E/virtual int izat_core::IzatApiV02::getBatchSize(int32_t):535]: get batching size failed.Or modem does not support batching 
06-28 09:38:34.830   862  1657 E LocSvc_IzatApiV02: E/virtual int izat_core::IzatApiV02::getBatchSize(int32_t):522]: Error : st = 4, ind.status = -1628389555
06-28 09:38:34.830   862  1657 E LocSvc_IzatApiV02: E/virtual int izat_core::IzatApiV02::getBatchSize(int32_t):535]: get batching size failed.Or modem does not support batching 
06-28 09:38:34.839   862  1657 E LocSvc_IzatApiV02: E/virtual int izat_core::IzatApiV02::getBatchSize(int32_t):522]: Error : st = 4, ind.status = -1628389555
06-28 09:38:34.839   862  1657 E LocSvc_IzatApiV02: E/virtual int izat_core::IzatApiV02::getBatchSize(int32_t):535]: get batching size failed.Or modem does not support batching 
06-28 09:38:34.963 14190 14203 E WPROF   : {"Javascript": {"url": "https://securepubads.g.doubleclick.net/gampad/ads?gdfp_req=1&correlator=2264519132839936&output=json_html&callback=googletag.impl.pubads.callbackProxy1&impl=fifs&json_a=1&eid=108809080%2C108809103&sc=0&sfv=1-0-9&iu_parts=1038259%2Csel-ciu-1%2Csel-ciu-2%2Csel-ciu-3%2Csel-ciu-4%2Csel-ciu-5%2Cch-indust", "requestTime": 3792.019110}}
06-28 09:38:35.213 14121 14168 E chromium: [ERROR:gles2_cmd_decoder.cc(3852)] [.ChromiumCompositor-0xacbb2fc0]GL ERROR :GL_INVALID_ENUM : glDiscardFramebufferEXT: attachments was GL_COLOR_EXT
06-28 09:38:35.590 14190 14203 E WPROF   : {"Javascript": {"url": "http://platform.twitter.com/widgets.js", "requestTime": 3792.646021}}
06-28 09:38:35.592 14190 14203 E WPROF   : {"Javascript": {"url": "http://connect.facebook.net/en_US/sdk.js", "requestTime": 3792.647965}}
06-28 09:38:35.594 14190 14203 E WPROF   : {"Javascript": {"url": "https://apis.google.com/js/platform.js", "requestTime": 3792.649884}}
06-28 09:38:35.610 14190 14203 E WPROF   : {"Javascript": {"url": "http://rules.quantcount.com/rules-p-5aGizvD82d9hk.js", "requestTime": 3792.665875}}
06-28 09:38:35.616 14190 14203 E WPROF   : {"Javascript": {"url": "http://munchkin.marketo.net/munchkin.js", "requestTime": 3792.672182}}
06-28 09:38:35.827 14190 14203 E WPROF   : {"Javascript": {"url": "http://cdn.api.twitter.com/1/users/show.json?screen_name=sengineland&callback=twttr.setFollowersCount", "requestTime": 3792.882511}}
06-28 09:38:35.838 14190 14203 E WPROF   : {"Javascript": {"url": "http://d2j3qa5nc37287.cloudfront.net/coupon_code1.js", "requestTime": 3792.894203}}
06-28 09:38:35.924 14121 14168 E chromium: [ERROR:gles2_cmd_decoder.cc(3852)] [.ChromiumCompositor-0xacbb2fc0]GL ERROR :GL_INVALID_ENUM : glDiscardFramebufferEXT: attachments was GL_COLOR_EXT
06-28 09:38:35.939 14190 14203 E WPROF   : {"Javascript": {"url": "http://www.googleadservices.com/pagead/conversion.js", "requestTime": 3792.994831}}
06-28 09:38:35.940 14190 14203 E WPROF   : {"Javascript": {"url": "http://searchengineland.com/figz/wp-content/themes/searchengineland/js/script.js?ver=1.0", "requestTime": 3792.995868}}
06-28 09:38:35.941 14190 14203 E WPROF   : {"Javascript": {"url": "http://searchengineland.com/figz/wp-includes/js/wp-embed.min.js?ver=4.7.5", "requestTime": 3792.996269}}
06-28 09:38:35.941 14190 14203 E WPROF   : {"Javascript": {"url": "http://searchengineland.com/figz/wp-content/themes/searchengineland/js/modules/sharing_controls.js", "requestTime": 3792.996619}}
06-28 09:38:36.019 14190 14203 E WPROF   : {"CSS": {"url": "https://www.youtube.com/yts/cssbin/www-embed-player-sprite-mode-vfl5G4Xm8.css", "requestTime": 3793.074659}}
06-28 09:38:36.021 14190 14203 E WPROF   : {"Javascript": {"url": "https://www.youtube.com/yts/jsbin/www-embed-player-vfl_UY_j8/www-embed-player.js", "requestTime": 3793.076504}}
06-28 09:38:36.021 14190 14203 E WPROF   : {"Javascript": {"url": "https://www.youtube.com/yts/jsbin/player-vflo1w4O-/ko_KR/base.js", "requestTime": 3793.077061}}
06-28 09:38:36.041 14121 14168 E chromium: [ERROR:gles2_cmd_decoder.cc(3852)] [.ChromiumCompositor-0xacbb2fc0]GL ERROR :GL_INVALID_ENUM : glDiscardFramebufferEXT: attachments was GL_COLOR_EXT
06-28 09:38:36.633 14190 14203 E WPROF   : {"Javascript": {"url": "http://m.addthisedge.com/live/boost/ra-53e918f660794f37/_ate.track.config_resp", "requestTime": 3793.688992}}
06-28 09:38:36.689 14190 14203 E WPROF   : {"Javascript": {"url": "http://m.addthis.com/live/red_lojson/300lo.json?si=5952fa8b0797e2c3&bkl=0&bl=1&pdt=2459&sid=5952fa8b0797e2c3&pub=ra-53e918f660794f37&rev=v7.15.4-wp&ln=ko&pc=men&cb=0&ab=-&dp=searchengineland.com&fp=attend-martech-vendor-agnostic-graduate-level-marketing-technology-management-insights-273005&fr=&of=0", "requestTime": 3793.744883}}
06-28 09:38:37.421 14121 14168 E chromium: [ERROR:gles2_cmd_decoder.cc(3852)] [.ChromiumCompositor-0xacbb2fc0]GL ERROR :GL_INVALID_ENUM : glDiscardFramebufferEXT: attachments was GL_COLOR_EXT
06-28 09:38:37.708 14190 14203 E WPROF   : {"Javascript": {"url": "http://dnn506yrbagrg.cloudfront.net/pages/scripts/0026/4062.js?416280", "requestTime": 3794.763709}}
06-28 09:38:37.747 14121 14168 E chromium: [ERROR:gles2_cmd_decoder.cc(3852)] [.ChromiumCompositor-0xacbb2fc0]GL ERROR :GL_INVALID_ENUM : glDiscardFramebufferEXT: attachments was GL_COLOR_EXT
06-28 09:38:38.670 14190 14203 E WPROF   : {"Javascript": {"url": "https://www.google.com/js/bg/KWBfAnWFESAEEaKKgdYlTHY9ysQaNoQuzeMFqvxDSM8.js", "requestTime": 3795.725434}}
06-28 09:38:38.672 14190 14203 E WPROF   : {"Javascript": {"url": "https://static.doubleclick.net/instream/ad_status.js", "requestTime": 3795.728042}}
06-28 09:38:38.875 14121 14168 E chromium: [ERROR:gles2_cmd_decoder.cc(3852)] [.ChromiumCompositor-0xacbb2fc0]GL ERROR :GL_INVALID_ENUM : glDiscardFramebufferEXT: attachments was GL_COLOR_EXT
06-28 09:38:39.348 14121 14168 E chromium: [ERROR:gles2_cmd_decoder.cc(3852)] [.ChromiumCompositor-0xacbb2fc0]GL ERROR :GL_INVALID_ENUM : glDiscardFramebufferEXT: attachments was GL_COLOR_EXT
06-28 09:38:39.633 14190 14203 E WPROF   : {"CSS": {"url": "http://app-sj02.marketo.com/js/forms2/css/forms2.css", "requestTime": 3796.688859}}
06-28 09:38:39.636 14190 14203 E WPROF   : {"CSS": {"url": "http://app-sj02.marketo.com/js/forms2/css/forms2-theme-simple.css", "requestTime": 3796.691930}}
06-28 09:38:39.747 14190 14203 E WPROF   : {"Javascript": {"url": "https://tpc.googlesyndication.com/pagead/js/r20170619/r20110914/client/ext/m_window_focus_non_hydra.js", "requestTime": 3796.803034}}
06-28 09:38:39.749 14190 14203 E WPROF   : {"Javascript": {"url": "https://tpc.googlesyndication.com/pagead/js/r20170619/r20110914/activeview/osd_listener.js", "requestTime": 3796.804810}}
06-28 09:38:39.753 14190 14203 E WPROF   : {"Javascript": {"url": "http://pagead2.googlesyndication.com/pagead/osd.js", "requestTime": 3796.808730}}
06-28 09:38:39.902 14190 14203 E WPROF   : {"Javascript": {"url": "http://munchkin.marketo.net/151/munchkin.js", "requestTime": 3796.957487}}
06-28 09:38:40.092 14190 14203 E WPROF   : {"Javascript": {"url": "https://platform.twitter.com/js/button.b731e6c82269f70f6fc53634e044a4c6.js", "requestTime": 3797.147655}}
06-28 09:38:40.101 14190 14203 E WPROF   : {"Javascript": {"url": "http://www.justuno.com/ajax/account_version_check.html?id=828FA275-FF73-401E-AA39-40F5A6FAB6B1", "requestTime": 3797.157060}}
06-28 09:38:40.390 14190 14203 E WPROF   : {"Javascript": {"url": "http://s7.addthis.com/static/layers.4acb6c577b51939661ec.js", "requestTime": 3797.445742}}
06-28 09:38:40.485 14121 14168 E chromium: [ERROR:gles2_cmd_decoder.cc(3852)] [.ChromiumCompositor-0xacbb2fc0]GL ERROR :GL_INVALID_ENUM : glDiscardFramebufferEXT: attachments was GL_COLOR_EXT
06-28 09:38:40.856 14121 14168 E chromium: [ERROR:gles2_cmd_decoder.cc(3852)] [.ChromiumCompositor-0xacbb2fc0]GL ERROR :GL_INVALID_ENUM : glDiscardFramebufferEXT: attachments was GL_COLOR_EXT
06-28 09:38:41.004 14121 14168 E chromium: [ERROR:gles2_cmd_decoder.cc(3852)] [.ChromiumCompositor-0xacbb2fc0]GL ERROR :GL_INVALID_ENUM : glDiscardFramebufferEXT: attachments was GL_COLOR_EXT
06-28 09:38:42.962 14190 14203 E WPROF   : {"Javascript": {"url": "http://cdn.justuno.com/mwgt_3.6.js", "requestTime": 3800.017654}}
06-28 09:38:43.252 14121 14168 E chromium: [ERROR:gles2_cmd_decoder.cc(3852)] [.ChromiumCompositor-0xacbb2fc0]GL ERROR :GL_INVALID_ENUM : glDiscardFramebufferEXT: attachments was GL_COLOR_EXT
06-28 09:38:43.470 14121 14168 E chromium: [ERROR:gles2_cmd_decoder.cc(3852)] [.ChromiumCompositor-0xacbb2fc0]GL ERROR :GL_INVALID_ENUM : glDiscardFramebufferEXT: attachments was GL_COLOR_EXT
06-28 09:38:43.586 14121 14168 E chromium: [ERROR:gles2_cmd_decoder.cc(3852)] [.ChromiumCompositor-0xacbb2fc0]GL ERROR :GL_INVALID_ENUM : glDiscardFramebufferEXT: attachments was GL_COLOR_EXT
06-28 09:38:43.686 14121 14168 E chromium: [ERROR:gles2_cmd_decoder.cc(3852)] [.ChromiumCompositor-0xacbb2fc0]GL ERROR :GL_INVALID_ENUM : glDiscardFramebufferEXT: attachments was GL_COLOR_EXT
06-28 09:38:43.734 14121 14168 E chromium: [ERROR:gles2_cmd_decoder.cc(3852)] [.ChromiumCompositor-0xacbb2fc0]GL ERROR :GL_INVALID_ENUM : glDiscardFramebufferEXT: attachments was GL_COLOR_EXT
06-28 09:38:44.694 14121 14168 E chromium: [ERROR:gles2_cmd_decoder.cc(3852)] [.ChromiumCompositor-0xacbb2fc0]GL ERROR :GL_INVALID_ENUM : glDiscardFramebufferEXT: attachments was GL_COLOR_EXT
06-28 09:38:44.845 14190 14203 E WProf.db: {"page": "searchengineland.com_attend-martech-vendor-agnostic-graduate-level-marketing-technology-management-insights-273005"}
06-28 09:38:44.845 14190 14203 E WProf.db: {"DOMLoad": 3801.901144}
06-28 09:38:44.846 14190 14203 E WProf.db: {"Resource": {"id": 1, "url": "http://searchengineland.com/attend-martech-vendor-agnostic-graduate-level-marketing-technology-management-insights-273005", "sentTime": -1.000000, "len": 97387, "from": "0x0", "mimeType": "text/html", "contentLength": -1, "httpStatus": 200, "connId": 20, "connReused": 1, "cached": 0,"requestTime": 3789.012481, "proxyStart": -1, "proxyEnd": -1, "dnsStart": -1, "dnsEnd": -1, "connectStart": 0, "connectEnd": 60, "sendStart": 60, "sendEnd": 61, "receiveHeadersEnd": 227, "sslStart": -1, "sslEnd": -1}}
06-28 09:38:44.846 14190 14203 E WProf.db: {"ReceivedChunk": {"receivedTime": 3789.256366, "len": 12774}}
06-28 09:38:44.846 14190 14203 E WProf.db: {"ReceivedChunk": {"receivedTime": 3789.373457, "len": 32768}}
06-28 09:38:44.846 14190 14203 E WProf.db: {"ReceivedChunk": {"receivedTime": 3789.373747, "len": 25368}}
06-28 09:38:44.846 14190 14203 E WProf.db: {"ReceivedChunk": {"receivedTime": 3789.418998, "len": 7371}}
06-28 09:38:44.846 14190 14203 E WProf.db: {"ReceivedChunk": {"receivedTime": 3789.419359, "len": 7617}}
06-28 09:38:44.846 14190 14203 E WProf.db: {"ReceivedChunk": {"receivedTime": 3789.421239, "len": 11489}}
06-28 09:38:44.846 14190 14203 E WProf.db: {"WprofHTMLTag": {"code": "0xaedd0630", "doc": "http://searchengineland.com/attend-martech-vendor-agnostic-graduate-level-marketing-technology-management-insights-273005", "row": 6, "column": 42, "tagName": "html", "time": 3789.375618, "url": "", "pos": 1, "chunkLen": 1, "isStartTag": 1}}
06-28 09:38:44.846 14190 14203 E WProf.db: {"WprofHTMLTag": {"code": "0xaf0477f0", "doc": "http://searchengineland.com/attend-martech-vendor-agnostic-graduate-level-marketing-technology-management-insights-273005", "row": 7, "column": 6, "tagName": "head", "time": 3789.378762, "url": "", "pos": 1, "chunkLen": 1, "isStartTag": 1}}
06-28 09:38:44.846 14190 14203 E WProf.db: {"WprofHTMLTag": {"code": "0xaf047820", "doc": "http://searchengineland.com/attend-martech-vendor-agnostic-graduate-level-marketing-technology-management-insights-273005", "row": 8, "column": 54, "tagName": "meta", "time": 3789.378954, "url": "", "pos": 1, "chunkLen": 1, "isStartTag": 1}}
06-28 09:38:44.846 14190 14203 E WProf.db: {"WprofHTMLTag": {"code": "0xaf047850", "doc": "http://searchengineland.com/attend-martech-vendor-agnostic-graduate-level-marketing-technology-management-insights-273005", "row": 9, "column": 68, "tagName": "meta", "time": 3789.379685, "url": "", "pos": 1, "chunkLen": 1, "isStartTag": 1}}
06-28 09:38:44.846 14190 14203 E WProf.db: {"WprofHTMLTag": {"code": "0xaf047880", "doc": "http://searchengineland.com/attend-martech-vendor-agnostic-graduate-level-marketing-technology-management-insights-273005", "row": 10, "column": 23, "tagName": "meta", "time": 3789.380394, "url": "", "pos": 1, "chunkLen": 1, "isStartTag": 1}}
06-28 09:38:44.846 14190 14203 E WProf.db: {"WprofHTMLTag": {"code": "0xaf0478b0", "doc": "http://searchengineland.com/attend-martech-vendor-agnostic-graduate-level-marketing-technology-management-insights-273005", "row": 11, "column": 52, "tagName": "meta", "time": 3789.381073, "url": "", "pos": 1, "chunkLen": 1, "isStartTag": 1}}
06-28 09:38:44.846 14190 14203 E WProf.db: {"WprofHTMLTag": {"code": "0xaf0478e0", "doc": "http://searchengineland.com/attend-martech-vendor-agnostic-graduate-level-marketing-technology-management-insights-273005", "row": 14, "column": 56, "tagName": "meta", "time": 3789.381718, "url": "", "pos": 1, "chunkLen": 1, "isStartTag": 1}}
06-28 09:38:44.846 14190 14203 E WProf.db: {"WprofHTMLTag": {"code": "0xaf047910", "doc": "http://searchengineland.com/attend-martech-vendor-agnostic-graduate-level-marketing-technology-management-insights-273005", "row": 15, "column": 83, "tagName": "meta", "time": 3789.382268, "url": "", "pos": 1, "chunkLen": 1, "isStartTag": 1}}
06-28 09:38:44.847 14190 14203 E WProf.db: {"WprofHTMLTag": {"code": "0xaf047940", "doc": "http://searchengineland.com/attend-martech-vendor-agnostic-graduate-level-marketing-technology-management-insights-273005", "row": 16, "column": 57, "tagName": "meta", "time": 3789.382807, "url": "", "pos": 1, "chunkLen": 1, "isStartTag": 1}}
06-28 09:38:44.847 14190 14203 E WProf.db: {"WprofHTMLTag": {"code": "0xaf0479d0", "doc": "http://searchengineland.com/attend-martech-vendor-agnostic-graduate-level-marketing-technology-management-insights-273005", "row": 17, "column": 41, "tagName": "meta", "time": 3789.383349, "url": "", "pos": 1, "chunkLen": 1, "isStartTag": 1}}
06-28 09:38:44.847 14190 14203 E WProf.db: {"WprofHTMLTag": {"code": "0xaf047a00", "doc": "http://searchengineland.com/attend-martech-vendor-agnostic-graduate-level-marketing-technology-management-insights-273005", "row": 18, "column": 50, "tagName": "meta", "time": 3789.383892, "url": "", "pos": 1, "chunkLen": 1, "isStartTag": 1}}
06-28 09:38:44.847 14190 14203 E WProf.db: {"WprofHTMLTag": {"code": "0xaf047a30", "doc": "http://searchengineland.com/attend-martech-vendor-agnostic-graduate-level-marketing-technology-management-insights-273005", "row": 19, "column": 174, "tagName": "meta", "time": 3789.384427, "url": "", "pos": 1, "chunkLen": 1, "isStartTag": 1}}
06-28 09:38:44.847 14190 14203 E WProf.db: {"WprofHTMLTag": {"code": "0xaf0479a0", "doc": "http://searchengineland.com/attend-martech-vendor-agnostic-graduate-level-marketing-technology-management-insights-273005", "row": 20, "column": 47, "tagName": "meta", "time": 3789.384941, "url": "", "pos": 1, "chunkLen": 1, "isStartTag": 1}}
06-28 09:38:44.847 14190 14203 E WProf.db: {"WprofHTMLTag": {"code": "0xaf047970", "doc": "http://searchengineland.com/attend-martech-vendor-agnostic-graduate-level-marketing-technology-management-insights-273005", "row": 21, "column": 67, "tagName": "meta", "time": 3789.385442, "url": "", "pos": 1, "chunkLen": 1, "isStartTag": 1}}
06-28 09:38:44.847 14190 14203 E WProf.db: {"WprofHTMLTag": {"code": "0xaf047a60", "doc": "http://searchengineland.com/attend-martech-vendor-agnostic-graduate-level-marketing-technology-management-insights-273005", "row": 22, "column": 57, "tagName": "meta", "time": 3789.385986, "url": "", "pos": 1, "chunkLen": 1, "isStartTag": 1}}
06-28 09:38:44.847 14190 14203 E WProf.db: {"WprofHTMLTag": {"code": "0xaf047a90", "doc": "http://searchengineland.com/attend-martech-vendor-agnostic-graduate-level-marketing-technology-management-insights-273005", "row": 23, "column": 65, "tagName": "meta", "time": 3789.386508, "url": "", "pos": 1, "chunkLen": 1, "isStartTag": 1}}
06-28 09:38:44.847 14190 14203 E WProf.db: {"WprofHTMLTag": {"code": "0xaf047ac0", "doc": "http://searchengineland.com/attend-martech-vendor-agnostic-graduate-level-marketing-technology-management-insights-273005", "row": 24, "column": 55, "tagName": "meta", "time": 3789.387025, "url": "", "pos": 1, "chunkLen": 1, "isStartTag": 1}}
06-28 09:38:44.847 14190 14203 E WProf.db: {"WprofHTMLTag": {"code": "0xaf047af0", "doc": "http://searchengineland.com/attend-martech-vendor-agnostic-graduate-level-marketing-technology-management-insights-273005", "row": 25, "column": 71, "tagName": "meta", "time": 3789.387550, "url": "", "pos": 1, "chunkLen": 1, "isStartTag": 1}}
06-28 09:38:44.847 14190 14203 E WProf.db: {"WprofHTMLTag": {"code": "0xaf047b20", "doc": "http://searchengineland.com/attend-martech-vendor-agnostic-graduate-level-marketing-technology-management-insights-273005", "row": 26, "column": 86, "tagName": "meta", "time": 3789.388107, "url": "", "pos": 1, "chunkLen": 1, "isStartTag": 1}}
06-28 09:38:44.847 14190 14203 E WProf.db: {"WprofHTMLTag": {"code": "0xaf047b50", "doc": "http://searchengineland.com/attend-martech-vendor-agnostic-graduate-level-marketing-technology-management-insights-273005", "row": 27, "column": 54, "tagName": "meta", "time": 3789.388633, "url": "", "pos": 1, "chunkLen": 1, "isStartTag": 1}}
06-28 09:38:44.847 14190 14203 E WProf.db: {"WprofHTMLTag": {"code": "0xaf047b80", "doc": "http://searchengineland.com/attend-martech-vendor-agnostic-graduate-level-marketing-technology-management-insights-273005", "row": 29, "column": 39, "tagName": "meta", "time": 3789.389143, "url": "", "pos": 1, "chunkLen": 1, "isStartTag": 1}}
06-28 09:38:44.848 14190 14203 E WProf.db: {"WprofHTMLTag": {"code": "0xaf047bb0", "doc": "http://searchengineland.com/attend-martech-vendor-agnostic-graduate-level-marketing-technology-management-insights-273005", "row": 30, "column": 180, "tagName": "meta", "time": 3789.389684, "url": "", "pos": 1, "chunkLen": 1, "isStartTag": 1}}
06-28 09:38:44.848 14190 14203 E WProf.db: {"WprofHTMLTag": {"code": "0xaf047be0", "doc": "http://searchengineland.com/attend-martech-vendor-agnostic-graduate-level-marketing-technology-management-insights-273005", "row": 31, "column": 55, "tagName": "meta", "time": 3789.390443, "url": "", "pos": 1, "chunkLen": 1, "isStartTag": 1}}
06-28 09:38:44.848 14190 14203 E WProf.db: {"WprofHTMLTag": {"code": "0xaf047c10", "doc": "http://searchengineland.com/attend-martech-vendor-agnostic-graduate-level-marketing-technology-management-insights-273005", "row": 32, "column": 54, "tagName": "meta", "time": 3789.390991, "url": "", "pos": 1, "chunkLen": 1, "isStartTag": 1}}
06-28 09:38:44.848 14190 14203 E WProf.db: {"WprofHTMLTag": {"code": "0xaf047c40", "doc": "http://searchengineland.com/attend-martech-vendor-agnostic-graduate-level-marketing-technology-management-insights-273005", "row": 33, "column": 139, "tagName": "meta", "time": 3789.391541, "url": "", "pos": 1, "chunkLen": 1, "isStartTag": 1}}
06-28 09:38:44.848 14190 14203 E WProf.db: {"WprofHTMLTag": {"code": "0xaf047c70", "doc": "http://searchengineland.com/attend-martech-vendor-agnostic-graduate-level-marketing-technology-management-insights-273005", "row": 37, "column": 36, "tagName": "script", "time": 3789.392151, "url": "", "pos": 1, "chunkLen": 1, "isStartTag": 1}}
06-28 09:38:44.848 14190 14203 E WProf.db: {"WprofHTMLTag": {"code": "0xaf047ca0", "doc": "http://searchengineland.com/attend-martech-vendor-agnostic-graduate-level-marketing-technology-management-insights-273005", "row": 53, "column": 10, "tagName": "script", "time": 3789.395622, "url": "", "pos": 1, "chunkLen": 1, "isStartTag": 0}}
06-28 09:38:44.848 14190 14203 E WProf.db: {"WprofHTMLTag": {"code": "0xaf047cd0", "doc": "http://searchengineland.com/attend-martech-vendor-agnostic-graduate-level-marketing-technology-management-insights-273005", "row": 55, "column": 86, "tagName": "link", "time": 3789.402623, "url": "http://searchengineland.com/apple-touch-icon.png", "pos": 1, "chunkLen": 1, "isStartTag": 1}}
06-28 09:38:44.848 14190 14203 E WProf.db: {"WprofHTMLTag": {"code": "0xaf047d00", "doc": "http://searchengineland.com/attend-martech-vendor-agnostic-graduate-level-marketing-technology-management-insights-273005", "row": 56, "column": 76, "tagName": "link", "time": 3789.403025, "url": "http://searchengineland.com/favicon.ico", "pos": 1, "chunkLen": 1, "isStartTag": 1}}
06-28 09:38:44.848 14190 14203 E WProf.db: {"WprofHTMLTag": {"code": "0xaf047d30", "doc": "http://searchengineland.com/attend-martech-vendor-agnostic-graduate-level-marketing-technology-management-insights-273005", "row": 57, "column": 158, "tagName": "link", "time": 3789.403264, "url": "http://feeds.searchengineland.com/searchengineland", "pos": 1, "chunkLen": 1, "isStartTag": 1}}
06-28 09:38:44.848 14190 14203 E WProf.db: {"WprofHTMLTag": {"code": "0xaf047d60", "doc": "http://searchengineland.com/attend-martech-vendor-agnostic-graduate-level-marketing-technology-management-insights-273005", "row": 58, "column": 149, "tagName": "link", "time": 3789.403719, "url": "http://feeds.searchengineland.com/searchcap", "pos": 1, "chunkLen": 1, "isStartTag": 1}}
06-28 09:38:44.848 14190 14203 E WProf.db: {"WprofHTMLTag": {"code": "0xaf047d90", "doc": "http://searchengineland.com/attend-martech-vendor-agnostic-graduate-level-marketing-technology-management-insights-273005", "row": 59, "column": 150, "tagName": "link", "time": 3789.404038, "url": "http://searchengineland.com/figz/wp-content/themes/searchengineland/css/searchengineland-bootstrap.css", "pos": 1, "chunkLen": 1, "isStartTag": 1}}
06-28 09:38:44.848 14190 14203 E WProf.db: {"WprofHTMLTag": {"code": "0xaf047df0", "doc": "http://searchengineland.com/attend-martech-vendor-agnostic-graduate-level-marketing-technology-management-insights-273005", "row": 60, "column": 105, "tagName": "link", "time": 3789.405030, "url": "http://fonts.googleapis.com/css?family=Oswald:300,400,700", "pos": 1, "chunkLen": 1, "isStartTag": 1}}
06-28 09:38:44.848 14190 14203 E WProf.db: {"WprofHTMLTag": {"code": "0xaf047e50", "doc": "http://searchengineland.com/attend-martech-vendor-agnostic-graduate-level-marketing-technology-management-insights-273005", "row": 61, "column": 125, "tagName": "link", "time": 3789.406220, "url": "http://searchengineland.com/figz/wp-content/themes/searchengineland/style.css", "pos": 1, "chunkLen": 1, "isStartTag": 1}}
06-28 09:38:44.849 14190 14203 E WProf.db: {"WprofHTMLTag": {"code": "0xaf047eb0", "doc": "http://searchengineland.com/attend-martech-vendor-agnostic-graduate-level-marketing-technology-management-insights-273005", "row": 65, "column": 7, "tagName": "title", "time": 3789.407134, "url": "", "pos": 1, "chunkLen": 1, "isStartTag": 1}}
06-28 09:38:44.849 14190 14203 E WProf.db: {"WprofHTMLTag": {"code": "0xaf047ee0", "doc": "http://searchengineland.com/attend-martech-vendor-agnostic-graduate-level-marketing-technology-management-insights-273005", "row": 65, "column": 113, "tagName": "title", "time": 3789.407416, "url": "", "pos": 1, "chunkLen": 1, "isStartTag": 0}}
06-28 09:38:44.849 14190 14203 E WProf.db: {"WprofHTMLTag": {"code": "0xaf047f10", "doc": "http://searchengineland.com/attend-martech-vendor-agnostic-graduate-level-marketing-technology-management-insights-273005", "row": 66, "column": 192, "tagName": "meta", "time": 3789.407446, "url": "", "pos": 1, "chunkLen": 1, "isStartTag": 1}}
06-28 09:38:44.849 14190 14203 E WProf.db: {"WprofHTMLTag": {"code": "0xaf047f40", "doc": "http://searchengineland.com/attend-martech-vendor-agnostic-graduate-level-marketing-technology-management-insights-273005", "row": 67, "column": 40, "tagName": "meta", "time": 3789.407607, "url": "", "pos": 1, "chunkLen": 1, "isStartTag": 1}}
06-28 09:38:44.849 14190 14203 E WProf.db: {"WprofHTMLTag": {"code": "0xaf047f70", "doc": "http://searchengineland.com/attend-martech-vendor-agnostic-graduate-level-marketing-technology-management-insights-273005", "row": 68, "column": 163, "tagName": "meta", "time": 3789.407731, "url": "", "pos": 1, "chunkLen": 1, "isStartTag": 1}}
06-28 09:38:44.849 14190 14203 E WProf.db: {"WprofHTMLTag": {"code": "0xaf047fa0", "doc": "http://searchengineland.com/attend-martech-vendor-agnostic-graduate-level-marketing-technology-management-insights-273005", "row": 69, "column": 37, "tagName": "meta", "time": 3789.407860, "url": "", "pos": 1, "chunkLen": 1, "isStartTag": 1}}
06-28 09:38:44.849 14190 14203 E WProf.db: {"WprofHTMLTag": {"code": "0xaf047fd0", "doc": "http://searchengineland.com/attend-martech-vendor-agnostic-graduate-level-marketing-technology-management-insights-273005", "row": 70, "column": 153, "tagName": "link", "time": 3789.407981, "url": "http://searchengineland.com/attend-martech-vendor-agnostic-graduate-level-marketing-technology-management-insights-273005", "pos": 1, "chunkLen": 1, "isStartTag": 1}}
06-28 09:38:44.849 14190 14203 E WProf.db: {"WprofHTMLTag": {"code": "0xb4cc74b0", "doc": "http://searchengineland.com/attend-martech-vendor-agnostic-graduate-level-marketing-technology-management-insights-273005", "row": 71, "column": 76, "tagName": "link", "time": 3789.408218, "url": "https://plus.google.com/103218677032751327334", "pos": 1, "chunkLen": 1, "isStartTag": 1}}
06-28 09:38:44.849 14190 14203 E WProf.db: {"WprofHTMLTag": {"code": "0xb4cc7540", "doc": "http://searchengineland.com/attend-martech-vendor-agnostic-graduate-level-marketing-technology-management-insights-273005", "row": 72, "column": 45, "tagName": "meta", "time": 3789.408418, "url": "", "pos": 1, "chunkLen": 1, "isStartTag": 1}}
06-28 09:38:44.849 14190 14203 E WProf.db: {"WprofHTMLTag": {"code": "0xb4cc78a0", "doc": "http://searchengineland.com/attend-martech-vendor-agnostic-graduate-level-marketing-technology-management-insights-273005", "row": 73, "column": 45, "tagName": "meta", "time": 3789.408543, "url": "", "pos": 1, "chunkLen": 1, "isStartTag": 1}}
06-28 09:38:44.849 14190 14203 E WProf.db: {"WprofHTMLTag": {"code": "0xb4cc78d0", "doc": "http://searchengineland.com/attend-martech-vendor-agnostic-graduate-level-marketing-technology-management-insights-273005", "row": 74, "column": 137, "tagName": "meta", "time": 3789.408660, "url": "", "pos": 1, "chunkLen": 1, "isStartTag": 1}}
06-28 09:38:44.849 14190 14203 E WProf.db: {"WprofHTMLTag": {"code": "0xb4cc7900", "doc": "http://searchengineland.com/attend-martech-vendor-agnostic-graduate-level-marketing-technology-management-insights-273005", "row": 75, "column": 200, "tagName": "meta", "time": 3789.408780, "url": "", "pos": 1, "chunkLen": 1, "isStartTag": 1}}
06-28 09:38:44.849 14190 14203 E WProf.db: {"WprofHTMLTag": {"code": "0xb4cc7930", "doc": "http://searchengineland.com/attend-martech-vendor-agnostic-graduate-level-marketing-technology-management-insights-273005", "row": 76, "column": 158, "tagName": "meta", "time": 3789.408898, "url": "", "pos": 1, "chunkLen": 1, "isStartTag": 1}}
06-28 09:38:44.850 14190 14203 E WProf.db: {"WprofHTMLTag": {"code": "0xb4cc7960", "doc": "http://searchengineland.com/attend-martech-vendor-agnostic-graduate-level-marketing-technology-management-insights-273005", "row": 77, "column": 61, "tagName": "meta", "time": 3789.409015, "url": "", "pos": 1, "chunkLen": 1, "isStartTag": 1}}
06-28 09:38:44.850 14190 14203 E WProf.db: {"WprofHTMLTag": {"code": "0xb4cc7990", "doc": "http://searchengineland.com/attend-martech-vendor-agnostic-graduate-level-marketing-technology-management-insights-273005", "row": 78, "column": 89, "tagName": "meta", "time": 3789.409133, "url": "", "pos": 1, "chunkLen": 1, "isStartTag": 1}}
06-28 09:38:44.850 14190 14203 E WProf.db: {"WprofHTMLTag": {"code": "0xb4cc79c0", "doc": "http://searchengineland.com/attend-martech-vendor-agnostic-graduate-level-marketing-technology-management-insights-273005", "row": 79, "column": 63, "tagName": "meta", "time": 3789.409246, "url": "", "pos": 1, "chunkLen": 1, "isStartTag": 1}}
06-28 09:38:44.850 14190 14203 E WProf.db: {"WprofHTMLTag": {"code": "0xb4cc79f0", "doc": "http://searchengineland.com/attend-martech-vendor-agnostic-graduate-level-marketing-technology-management-insights-273005", "row": 80, "column": 78, "tagName": "meta", "time": 3789.409364, "url": "", "pos": 1, "chunkLen": 1, "isStartTag": 1}}
06-28 09:38:44.850 14190 14203 E WProf.db: {"WprofHTMLTag": {"code": "0xb4cc7a20", "doc": "http://searchengineland.com/attend-martech-vendor-agnostic-graduate-level-marketing-technology-management-insights-273005", "row": 81, "column": 133, "tagName": "meta", "time": 3789.409479, "url": "", "pos": 1, "chunkLen": 1, "isStartTag": 1}}
06-28 09:38:44.850 14190 14203 E WProf.db: {"WprofHTMLTag": {"code": "0xb4cc7a50", "doc": "http://searchengineland.com/attend-martech-vendor-agnostic-graduate-level-marketing-technology-management-insights-273005", "row": 82, "column": 58, "tagName": "meta", "time": 3789.409593, "url": "", "pos": 1, "chunkLen": 1, "isStartTag": 1}}
06-28 09:38:44.850 14190 14203 E WProf.db: {"WprofHTMLTag": {"code": "0xb4cc7a80", "doc": "http://searchengineland.com/attend-martech-vendor-agnostic-graduate-level-marketing-technology-management-insights-273005", "row": 83, "column": 201, "tagName": "meta", "time": 3789.409714, "url": "", "pos": 1, "chunkLen": 1, "isStartTag": 1}}
06-28 09:38:44.850 14190 14203 E WProf.db: {"WprofHTMLTag": {"code": "0xb4cc7ab0", "doc": "http://searchengineland.com/attend-martech-vendor-agnostic-graduate-level-marketing-technology-management-insights-273005", "row": 84, "column": 138, "tagName": "meta", "time": 3789.409837, "url": "", "pos": 1, "chunkLen": 1, "isStartTag": 1}}
06-28 09:38:44.850 14190 14203 E WProf.db: {"WprofHTMLTag": {"code": "0xb4cc7ae0", "doc": "http://searchengineland.com/attend-martech-vendor-agnostic-graduate-level-marketing-technology-management-insights-273005", "row": 85, "column": 51, "tagName": "meta", "time": 3789.409969, "url": "", "pos": 1, "chunkLen": 1, "isStartTag": 1}}
06-28 09:38:44.850 14190 14203 E WProf.db: {"WprofHTMLTag": {"code": "0xb4cc7b10", "doc": "http://searchengineland.com/attend-martech-vendor-agnostic-graduate-level-marketing-technology-management-insights-273005", "row": 86, "column": 134, "tagName": "meta", "time": 3789.410188, "url": "", "pos": 1, "chunkLen": 1, "isStartTag": 1}}
06-28 09:38:44.850 14190 14203 E WProf.db: {"WprofHTMLTag": {"code": "0xb4cc7b40", "doc": "http://searchengineland.com/attend-martech-vendor-agnostic-graduate-level-marketing-technology-management-insights-273005", "row": 87, "column": 54, "tagName": "meta", "time": 3789.410338, "url": "", "pos": 1, "chunkLen": 1, "isStartTag": 1}}
06-28 09:38:44.850 14190 14203 E WProf.db: {"WprofHTMLTag": {"code": "0xb4cc7b70", "doc": "http://searchengineland.com/attend-martech-vendor-agnostic-graduate-level-marketing-technology-management-insights-273005", "row": 90, "column": 44, "tagName": "link", "time": 3789.410498, "url": "http://s.w.org/", "pos": 1, "chunkLen": 1, "isStartTag": 1}}
06-28 09:38:44.850 14190 14203 E WProf.db: {"WprofHTMLTag": {"code": "0xb4cc7ba0", "doc": "http://searchengineland.com/attend-martech-vendor-agnostic-graduate-level-marketing-technology-management-insights-273005", "row": 91, "column": 33, "tagName": "script", "time": 3789.414944, "url": "", "pos": 1, "chunkLen": 1, "isStartTag": 1}}
06-28 09:38:44.851 14190 14203 E WProf.db: {"WprofHTMLTag": {"code": "0xb4cc7bd0", "doc": "http://searchengineland.com/attend-martech-vendor-agnostic-graduate-level-marketing-technology-management-insights-273005", "row": 94, "column": 11, "tagName": "script", "time": 3789.415168, "url": "http://searchengineland.com/figz/wp-includes/js/wp-emoji-release.min.js?ver=4.7.5", "pos": 1, "chunkLen": 1, "isStartTag": 0}}
06-28 09:38:44.851 14190 14203 E WProf.db: {"WprofHTMLTag": {"code": "0x9c9fd8d0", "doc": "http://searchengineland.com/attend-martech-vendor-agnostic-graduate-level-marketing-technology-management-insights-273005", "row": 95, "column": 25, "tagName": "style", "time": 3789.826251, "url": "", "pos": 1, "chunkLen": 1, "isStartTag": 1}}
06-28 09:38:44.851 14190 14203 E WProf.db: {"WprofHTMLTag": {"code": "0x9c9fd900", "doc": "http://searchengineland.com/attend-martech-vendor-agnostic-graduate-level-marketing-technology-management-insights-273005", "row": 108, "column": 8, "tagName": "style", "time": 3789.826434, "url": "", "pos": 1, "chunkLen": 1, "isStartTag": 0}}
06-28 09:38:44.851 14190 14203 E WProf.db: {"WprofHTMLTag": {"code": "0x9c9fd930", "doc": "http://searchengineland.com/attend-martech-vendor-agnostic-graduate-level-marketing-technology-management-insights-273005", "row": 109, "column": 140, "tagName": "script", "time": 3789.827998, "url": "http://searchengineland.com/figz/wp-content/themes/searchengineland/js/lib/modernizr.custom.js?ver=1.0", "pos": 1, "chunkLen": 1, "isStartTag": 1}}
06-28 09:38:44.851 14190 14203 E WProf.db: {"WprofHTMLTag": {"code": "0x9c9fd960", "doc": "http://searchengineland.com/attend-martech-vendor-agnostic-graduate-level-marketing-technology-management-insights-273005", "row": 109, "column": 149, "tagName": "script", "time": 3789.828223, "url": "", "pos": 1, "chunkLen": 1, "isStartTag": 0}}
06-28 09:38:44.851 14190 14203 E WProf.db: {"WprofHTMLTag": {"code": "0xaedd0690", "doc": "http://searchengineland.com/attend-martech-vendor-agnostic-graduate-level-marketing-technology-management-insights-273005", "row": 110, "column": 144, "tagName": "script", "time": 3789.836201, "url": "http://searchengineland.com/figz/wp-content/themes/searchengineland/js/lib/jquery-1.11.0.min.js?ver=1.11.0", "pos": 1, "chunkLen": 1, "isStartTag": 1}}
06-28 09:38:44.851 14190 14203 E WProf.db: {"WprofHTMLTag": {"code": "0x9c9fd9c0", "doc": "http://searchengineland.com/attend-martech-vendor-agnostic-graduate-level-marketing-technology-management-insights-273005", "row": 110, "column": 153, "tagName": "script", "time": 3789.836432, "url": "", "pos": 1, "chunkLen": 1, "isStartTag": 0}}
06-28 09:38:44.851 14190 14203 E WProf.db: {"WprofHTMLTag": {"code": "0xaedd0e40", "doc": "http://searchengineland.com/attend-martech-vendor-agnostic-graduate-level-marketing-technology-management-insights-273005", "row": 0, "column": 15, "tagName": "div", "time": 3789.974296, "url": "", "pos": 15, "chunkLen": 44, "isStartTag": 1}}
06-28 09:38:44.851 14190 14203 E WProf.db: {"WprofHTMLTag": {"code": "0xaedd0e10", "doc": "http://searchengineland.com/attend-martech-vendor-agnostic-graduate-level-marketing-technology-management-insights-273005", "row": 0, "column": 21, "tagName": "div", "time": 3789.974418, "url": "", "pos": 21, "chunkLen": 44, "isStartTag": 0}}
06-28 09:38:44.851 14190 14203 E WProf.db: {"WprofHTMLTag": {"code": "0xaedd0b40", "doc": "http://searchengineland.com/attend-martech-vendor-agnostic-graduate-level-marketing-technology-management-insights-273005", "row": 0, "column": 38, "tagName": "div", "time": 3789.974479, "url": "", "pos": 38, "chunkLen": 44, "isStartTag": 1}}
06-28 09:38:44.851 14190 14203 E WProf.db: {"WprofHTMLTag": {"code": "0xaedd06f0", "doc": "http://searchengineland.com/attend-martech-vendor-agnostic-graduate-level-marketing-technology-management-insights-273005", "row": 0, "column": 44, "tagName": "div", "time": 3789.974590, "url": "", "pos": 44, "chunkLen": 44, "isStartTag": 0}}
06-28 09:38:44.851 14190 14203 E WProf.db: {"WprofHTMLTag": {"code": "0x9c9fda20", "doc": "http://searchengineland.com/attend-martech-vendor-agnostic-graduate-level-marketing-technology-management-insights-273005", "row": 0, "column": 13, "tagName": "select", "time": 3789.975895, "url": "", "pos": 13, "chunkLen": 51, "isStartTag": 1}}
06-28 09:38:44.851 14190 14203 E WProf.db: {"WprofHTMLTag": {"code": "0x9c9fda50", "doc": "http://searchengineland.com/attend-martech-vendor-agnostic-graduate-level-marketing-technology-management-insights-273005", "row": 0, "column": 33, "tagName": "option", "time": 3789.976070, "url": "", "pos": 33, "chunkLen": 51, "isStartTag": 1}}
06-28 09:38:44.852 14190 14203 E WProf.db: {"WprofHTMLTag": {"code": "0x9c9fda80", "doc": "http://searchengineland.com/attend-martech-vendor-agnostic-graduate-level-marketing-technology-management-insights-273005", "row": 0, "column": 42, "tagName": "option", "time": 3789.976247, "url": "", "pos": 42, "chunkLen": 51, "isStartTag": 0}}
06-28 09:38:44.852 14190 14203 E WProf.db: {"WprofHTMLTag": {"code": "0x9c9fdab0", "doc": "http://searchengineland.com/attend-martech-vendor-agnostic-graduate-level-marketing-technology-management-insights-273005", "row": 0, "column": 51, "tagName": "select", "time": 3789.976300, "url": "", "pos": 51, "chunkLen": 51, "isStartTag": 0}}
06-28 09:38:44.852 14190 14203 E WProf.db: {"WprofHTMLTag": {"code": "0x9c9fdae0", "doc": "http://searchengineland.com/attend-martech-vendor-agnostic-graduate-level-marketing-technology-management-insights-273005", "row": 0, "column": 12, "tagName": "a", "time": 3789.980753, "url": "", "pos": 12, "chunkLen": 16, "isStartTag": 1}}
06-28 09:38:44.852 14190 14203 E WProf.db: {"WprofHTMLTag": {"code": "0x9c9fdb10", "doc": "http://searchengineland.com/attend-martech-vendor-agnostic-graduate-level-marketing-technology-management-insights-273005", "row": 0, "column": 16, "tagName": "a", "time": 3789.980907, "url": "", "pos": 16, "chunkLen": 16, "isStartTag": 0}}
06-28 09:38:44.852 14190 14203 E WProf.db: {"WprofHTMLTag": {"code": "0x9c9fdb40", "doc": "http://searchengineland.com/attend-martech-vendor-agnostic-graduate-level-marketing-technology-management-insights-273005", "row": 0, "column": 8, "tagName": "input", "time": 3789.981866, "url": "", "pos": 8, "chunkLen": 8, "isStartTag": 1}}
06-28 09:38:44.852 14190 14203 E WProf.db: {"WprofHTMLTag": {"code": "0x9c9fdb70", "doc": "http://searchengineland.com/attend-martech-vendor-agnostic-graduate-level-marketing-technology-management-insights-273005", "row": 0, "column": 9, "tagName": "link", "time": 3789.990392, "url": "", "pos": 9, "chunkLen": 42, "isStartTag": 1}}
06-28 09:38:44.852 14190 14203 E WProf.db: {"WprofHTMLTag": {"code": "0x9c9fdba0", "doc": "http://searchengineland.com/attend-martech-vendor-agnostic-graduate-level-marketing-technology-management-insights-273005", "row": 0, "column": 16, "tagName": "table", "time": 3789.990501, "url": "", "pos": 16, "chunkLen": 42, "isStartTag": 1}}
06-28 09:38:44.852 14190 14203 E WProf.db: {"WprofHTMLTag": {"code": "0x9c9fdbd0", "doc": "http://searchengineland.com/attend-martech-vendor-agnostic-graduate-level-marketing-technology-management-insights-273005", "row": 0, "column": 24, "tagName": "table", "time": 3789.990606, "url": "", "pos": 24, "chunkLen": 42, "isStartTag": 0}}
06-28 09:38:44.852 14190 14203 E WProf.db: {"WprofHTMLTag": {"code": "0x9c9fdc00", "doc": "http://searchengineland.com/attend-martech-vendor-agnostic-graduate-level-marketing-technology-management-insights-273005", "row": 0, "column": 37, "tagName": "a", "time": 3789.990667, "url": "", "pos": 37, "chunkLen": 42, "isStartTag": 1}}
06-28 09:38:44.852 14190 14203 E WProf.db: {"WprofHTMLTag": {"code": "0x9c9fdc30", "doc": "http://searchengineland.com/attend-martech-vendor-agnostic-graduate-level-marketing-technology-management-insights-273005", "row": 0, "column": 42, "tagName": "a", "time": 3789.990833, "url": "", "pos": 42, "chunkLen": 42, "isStartTag": 0}}
06-28 09:38:44.852 14190 14203 E WProf.db: {"WprofHTMLTag": {"code": "0x9c9fdcc0", "doc": "http://searchengineland.com/attend-martech-vendor-agnostic-graduate-level-marketing-technology-management-insights-273005", "row": 0, "column": 10, "tagName": "textarea", "time": 3789.991939, "url": "", "pos": 10, "chunkLen": 22, "isStartTag": 1}}
06-28 09:38:44.852 14190 14203 E WProf.db: {"WprofHTMLTag": {"code": "0x9c9fdcf0", "doc": "http://searchengineland.com/attend-martech-vendor-agnostic-graduate-level-marketing-technology-management-insights-273005", "row": 0, "column": 22, "tagName": "textarea", "time": 3789.992124, "url": "", "pos": 22, "chunkLen": 22, "isStartTag": 0}}
06-28 09:38:44.852 14190 14203 E WProf.db: {"WprofHTMLTag": {"code": "0x9c9fdd20", "doc": "http://searchengineland.com/attend-martech-vendor-agnostic-graduate-level-marketing-technology-management-insights-273005", "row": 0, "column": 48, "tagName": "input", "time": 3789.993250, "url": "", "pos": 48, "chunkLen": 48, "isStartTag": 1}}
06-28 09:38:44.853 14190 14203 E WProf.db: {"WprofHTMLTag": {"code": "0x9c9fdd80", "doc": "http://searchengineland.com/attend-martech-vendor-agnostic-graduate-level-marketing-technology-management-insights-273005", "row": 0, "column": 9, "tagName": "link", "time": 3789.997542, "url": "", "pos": 9, "chunkLen": 66, "isStartTag": 1}}
06-28 09:38:44.853 14190 14203 E WProf.db: {"WprofHTMLTag": {"code": "0x9c9fddb0", "doc": "http://searchengineland.com/attend-martech-vendor-agnostic-graduate-level-marketing-technology-management-insights-273005", "row": 0, "column": 16, "tagName": "table", "time": 3789.997656, "url": "", "pos": 16, "chunkLen": 66, "isStartTag": 1}}
06-28 09:38:44.853 14190 14203 E WProf.db: {"WprofHTMLTag": {"code": "0x9c9fdde0", "doc": "http://searchengineland.com/attend-martech-vendor-agnostic-graduate-level-marketing-technology-management-insights-273005", "row": 0, "column": 24, "tagName": "table", "time": 3789.997725, "url": "", "pos": 24, "chunkLen": 66, "isStartTag": 0}}
06-28 09:38:44.853 14190 14203 E WProf.db: {"WprofHTMLTag": {"code": "0x9c9fde10", "doc": "http://searchengineland.com/attend-martech-vendor-agnostic-graduate-level-marketing-technology-management-insights-273005", "row": 0, "column": 37, "tagName": "a", "time": 3789.997793, "url": "", "pos": 37, "chunkLen": 66, "isStartTag": 1}}
06-28 09:38:44.853 14190 14203 E WProf.db: {"WprofHTMLTag": {"code": "0x9c9fde40", "doc": "http://searchengineland.com/attend-martech-vendor-agnostic-graduate-level-marketing-technology-management-insights-273005", "row": 0, "column": 42, "tagName": "a", "time": 3789.997962, "url": "", "pos": 42, "chunkLen": 66, "isStartTag": 0}}
06-28 09:38:44.853 14190 14203 E WProf.db: {"WprofHTMLTag": {"code": "0x9c9fde70", "doc": "http://searchengineland.com/attend-martech-vendor-agnostic-graduate-level-marketing-technology-management-insights-273005", "row": 0, "column": 66, "tagName": "input", "time": 3789.998020, "url": "", "pos": 66, "chunkLen": 66, "isStartTag": 1}}
06-28 09:38:44.853 14190 14203 E WProf.db: {"WprofHTMLTag": {"code": "0x9c9fdf00", "doc": "http://searchengineland.com/attend-martech-vendor-agnostic-graduate-level-marketing-technology-management-insights-273005", "row": 0, "column": 9, "tagName": "link", "time": 3789.999669, "url": "", "pos": 9, "chunkLen": 66, "isStartTag": 1}}
