06-28 16:01:33.792 20028 20076 E chromium: [ERROR:gles2_cmd_decoder.cc(3852)] [.ChromiumCompositor-0xacbb2fc0]GL ERROR :GL_INVALID_ENUM : glDiscardFramebufferEXT: attachments was GL_COLOR_EXT
06-28 16:01:33.809 20028 20076 E chromium: [ERROR:gles2_cmd_decoder.cc(3852)] [.ChromiumCompositor-0xacbb2fc0]GL ERROR :GL_INVALID_ENUM : glDiscardFramebufferEXT: attachments was GL_COLOR_EXT
06-28 16:01:33.827 20028 20076 E chromium: [ERROR:gles2_cmd_decoder.cc(3852)] [.ChromiumCompositor-0xacbb2fc0]GL ERROR :GL_INVALID_ENUM : glDiscardFramebufferEXT: attachments was GL_COLOR_EXT
06-28 16:01:33.844 20028 20076 E chromium: [ERROR:gles2_cmd_decoder.cc(3852)] [.ChromiumCompositor-0xacbb2fc0]GL ERROR :GL_INVALID_ENUM : glDiscardFramebufferEXT: attachments was GL_COLOR_EXT
06-28 16:01:33.860 20028 20076 E chromium: [ERROR:gles2_cmd_decoder.cc(3852)] [.ChromiumCompositor-0xacbb2fc0]GL ERROR :GL_INVALID_ENUM : glDiscardFramebufferEXT: attachments was GL_COLOR_EXT
06-28 16:01:33.877 20028 20076 E chromium: [ERROR:gles2_cmd_decoder.cc(3852)] [.ChromiumCompositor-0xacbb2fc0]GL ERROR :GL_INVALID_ENUM : glDiscardFramebufferEXT: attachments was GL_COLOR_EXT
06-28 16:01:33.891 20028 20076 E chromium: [ERROR:gles2_cmd_decoder.cc(3852)] [.ChromiumCompositor-0xacbb2fc0]GL ERROR :GL_INVALID_ENUM : glDiscardFramebufferEXT: attachments was GL_COLOR_EXT
06-28 16:01:33.914 20028 20076 E chromium: [ERROR:gles2_cmd_decoder.cc(3852)] [.ChromiumCompositor-0xacbb2fc0]GL ERROR :GL_INVALID_ENUM : glDiscardFramebufferEXT: attachments was GL_COLOR_EXT
06-28 16:01:33.929 20028 20076 E chromium: [ERROR:gles2_cmd_decoder.cc(3852)] [.ChromiumCompositor-0xacbb2fc0]GL ERROR :GL_INVALID_ENUM : glDiscardFramebufferEXT: attachments was GL_COLOR_EXT
06-28 16:01:33.945 20028 20076 E chromium: [ERROR:gles2_cmd_decoder.cc(3852)] [.ChromiumCompositor-0xacbb2fc0]GL ERROR :GL_INVALID_ENUM : glDiscardFramebufferEXT: attachments was GL_COLOR_EXT
06-28 16:01:33.960 20028 20076 E chromium: [ERROR:gles2_cmd_decoder.cc(3852)] [.ChromiumCompositor-0xacbb2fc0]GL ERROR :GL_INVALID_ENUM : glDiscardFramebufferEXT: attachments was GL_COLOR_EXT
06-28 16:01:33.975 20028 20076 E chromium: [ERROR:gles2_cmd_decoder.cc(3852)] [.ChromiumCompositor-0xacbb2fc0]GL ERROR :GL_INVALID_ENUM : glDiscardFramebufferEXT: attachments was GL_COLOR_EXT
06-28 16:01:33.997 20028 20076 E chromium: [ERROR:gles2_cmd_decoder.cc(3852)] [.ChromiumCompositor-0xacbb2fc0]GL ERROR :GL_INVALID_ENUM : glDiscardFramebufferEXT: attachments was GL_COLOR_EXT
06-28 16:01:34.014 20028 20076 E chromium: [ERROR:gles2_cmd_decoder.cc(3852)] [.ChromiumCompositor-0xacbb2fc0]GL ERROR :GL_INVALID_ENUM : glDiscardFramebufferEXT: attachments was GL_COLOR_EXT
06-28 16:01:34.049 20028 20076 E chromium: [ERROR:gles2_cmd_decoder.cc(3852)] [.ChromiumCompositor-0xacbb2fc0]GL ERROR :GL_INVALID_ENUM : glDiscardFramebufferEXT: attachments was GL_COLOR_EXT
06-28 16:01:34.065 20028 20076 E chromium: [ERROR:gles2_cmd_decoder.cc(3852)] [.ChromiumCompositor-0xacbb2fc0]GL ERROR :GL_INVALID_ENUM : glDiscardFramebufferEXT: attachments was GL_COLOR_EXT
06-28 16:01:34.067 20028 20076 E chromium: [ERROR:gles2_cmd_decoder.cc(3852)] [.ChromiumCompositor-0xacbb2fc0]GL ERROR :GL_INVALID_ENUM : glDiscardFramebufferEXT: attachments was GL_COLOR_EXT
06-28 16:01:34.074 20028 20076 E chromium: [ERROR:gles2_cmd_decoder.cc(3852)] [.ChromiumCompositor-0xacbb2fc0]GL ERROR :GL_INVALID_ENUM : glDiscardFramebufferEXT: attachments was GL_COLOR_EXT
06-28 16:01:34.092 20028 20076 E chromium: [ERROR:gles2_cmd_decoder.cc(3852)] [.ChromiumCompositor-0xacbb2fc0]GL ERROR :GL_INVALID_ENUM : glDiscardFramebufferEXT: attachments was GL_COLOR_EXT
06-28 16:01:34.107 20028 20076 E chromium: [ERROR:gles2_cmd_decoder.cc(3852)] [.ChromiumCompositor-0xacbb2fc0]GL ERROR :GL_INVALID_ENUM : glDiscardFramebufferEXT: attachments was GL_COLOR_EXT
06-28 16:01:34.141 20028 20076 E chromium: [ERROR:gles2_cmd_decoder.cc(3852)] [.ChromiumCompositor-0xacbb2fc0]GL ERROR :GL_INVALID_ENUM : glDiscardFramebufferEXT: attachments was GL_COLOR_EXT
06-28 16:01:34.157 20028 20076 E chromium: [ERROR:gles2_cmd_decoder.cc(3852)] [.ChromiumCompositor-0xacbb2fc0]GL ERROR :GL_INVALID_ENUM : glDiscardFramebufferEXT: attachments was GL_COLOR_EXT
06-28 16:01:34.173 20028 20076 E chromium: [ERROR:gles2_cmd_decoder.cc(3852)] [.ChromiumCompositor-0xacbb2fc0]GL ERROR :GL_INVALID_ENUM : glDiscardFramebufferEXT: attachments was GL_COLOR_EXT
06-28 16:01:34.190 20028 20076 E chromium: [ERROR:gles2_cmd_decoder.cc(3852)] [.ChromiumCompositor-0xacbb2fc0]GL ERROR :GL_INVALID_ENUM : glDiscardFramebufferEXT: attachments was GL_COLOR_EXT
06-28 16:01:34.209 20028 20076 E chromium: [ERROR:gles2_cmd_decoder.cc(3852)] [.ChromiumCompositor-0xacbb2fc0]GL ERROR :GL_INVALID_ENUM : glDiscardFramebufferEXT: attachments was GL_COLOR_EXT
06-28 16:01:34.225 20028 20076 E chromium: [ERROR:gles2_cmd_decoder.cc(3852)] [.ChromiumCompositor-0xacbb2fc0]GL ERROR :GL_INVALID_ENUM : glDiscardFramebufferEXT: attachments was GL_COLOR_EXT
06-28 16:01:34.241 20028 20076 E chromium: [ERROR:gles2_cmd_decoder.cc(3852)] [.ChromiumCompositor-0xacbb2fc0]GL ERROR :GL_INVALID_ENUM : glDiscardFramebufferEXT: attachments was GL_COLOR_EXT
06-28 16:01:34.258 20028 20076 E chromium: [ERROR:gles2_cmd_decoder.cc(3852)] [.ChromiumCompositor-0xacbb2fc0]GL ERROR :GL_INVALID_ENUM : glDiscardFramebufferEXT: attachments was GL_COLOR_EXT
06-28 16:01:34.279 20028 20076 E chromium: [ERROR:gles2_cmd_decoder.cc(3852)] [.ChromiumCompositor-0xacbb2fc0]GL ERROR :GL_INVALID_ENUM : glDiscardFramebufferEXT: attachments was GL_COLOR_EXT
06-28 16:01:34.298 20028 20076 E chromium: [ERROR:gles2_cmd_decoder.cc(3852)] [.ChromiumCompositor-0xacbb2fc0]GL ERROR :GL_INVALID_ENUM : glDiscardFramebufferEXT: attachments was GL_COLOR_EXT
06-28 16:01:34.314 20028 20076 E chromium: [ERROR:gles2_cmd_decoder.cc(3852)] [.ChromiumCompositor-0xacbb2fc0]GL ERROR :GL_INVALID_ENUM : glDiscardFramebufferEXT: attachments was GL_COLOR_EXT
06-28 16:01:34.329 20028 20076 E chromium: [ERROR:gles2_cmd_decoder.cc(3852)] [.ChromiumCompositor-0xacbb2fc0]GL ERROR :GL_INVALID_ENUM : glDiscardFramebufferEXT: attachments was GL_COLOR_EXT
06-28 16:01:34.345 20028 20076 E chromium: [ERROR:gles2_cmd_decoder.cc(3852)] [.ChromiumCompositor-0xacbb2fc0]GL ERROR :GL_INVALID_ENUM : glDiscardFramebufferEXT: attachments was GL_COLOR_EXT
06-28 16:01:34.367 20028 20076 E chromium: [ERROR:gles2_cmd_decoder.cc(3852)] [.ChromiumCompositor-0xacbb2fc0]GL ERROR :GL_INVALID_ENUM : glDiscardFramebufferEXT: attachments was GL_COLOR_EXT
06-28 16:01:34.379 20028 20076 E chromium: [ERROR:gles2_cmd_decoder.cc(3852)] [.ChromiumCompositor-0xacbb2fc0]GL ERROR :GL_INVALID_ENUM : glDiscardFramebufferEXT: attachments was GL_COLOR_EXT
06-28 16:01:34.395 20028 20076 E chromium: [ERROR:gles2_cmd_decoder.cc(3852)] [.ChromiumCompositor-0xacbb2fc0]GL ERROR :GL_INVALID_ENUM : glDiscardFramebufferEXT: attachments was GL_COLOR_EXT
06-28 16:01:34.413 20028 20076 E chromium: [ERROR:gles2_cmd_decoder.cc(3852)] [.ChromiumCompositor-0xacbb2fc0]GL ERROR :GL_INVALID_ENUM : glDiscardFramebufferEXT: attachments was GL_COLOR_EXT
06-28 16:01:34.414 20097 20110 E WPROF   : {"Javascript": {"url": "https://3p.ampproject.net/1498506512561/f.js", "requestTime": 26771.469294}}
06-28 16:01:34.427 20028 20076 E chromium: [ERROR:gles2_cmd_decoder.cc(3852)] [.ChromiumCompositor-0xacbb2fc0]GL ERROR :GL_INVALID_ENUM : glDiscardFramebufferEXT: attachments was GL_COLOR_EXT
06-28 16:01:34.446 20028 20076 E chromium: [ERROR:gles2_cmd_decoder.cc(3852)] [.ChromiumCompositor-0xacbb2fc0]GL ERROR :GL_INVALID_ENUM : glDiscardFramebufferEXT: attachments was GL_COLOR_EXT
06-28 16:01:34.460 20028 20076 E chromium: [ERROR:gles2_cmd_decoder.cc(3852)] [.ChromiumCompositor-0xacbb2fc0]GL ERROR :GL_INVALID_ENUM : glDiscardFramebufferEXT: attachments was GL_COLOR_EXT
06-28 16:01:34.477 20028 20076 E chromium: [ERROR:gles2_cmd_decoder.cc(3852)] [.ChromiumCompositor-0xacbb2fc0]GL ERROR :GL_INVALID_ENUM : glDiscardFramebufferEXT: attachments was GL_COLOR_EXT
06-28 16:01:34.496 20028 20076 E chromium: [ERROR:gles2_cmd_decoder.cc(3852)] [.ChromiumCompositor-0xacbb2fc0]GL ERROR :GL_INVALID_ENUM : glDiscardFramebufferEXT: attachments was GL_COLOR_EXT
06-28 16:01:34.513 20028 20076 E chromium: [ERROR:gles2_cmd_decoder.cc(3852)] [.ChromiumCompositor-0xacbb2fc0]GL ERROR :GL_INVALID_ENUM : glDiscardFramebufferEXT: attachments was GL_COLOR_EXT
06-28 16:01:34.533 20028 20076 E chromium: [ERROR:gles2_cmd_decoder.cc(3852)] [.ChromiumCompositor-0xacbb2fc0]GL ERROR :GL_INVALID_ENUM : glDiscardFramebufferEXT: attachments was GL_COLOR_EXT
06-28 16:01:34.548 20028 20076 E chromium: [ERROR:gles2_cmd_decoder.cc(3852)] [.ChromiumCompositor-0xacbb2fc0]GL ERROR :GL_INVALID_ENUM : glDiscardFramebufferEXT: attachments was GL_COLOR_EXT
06-28 16:01:34.581 20028 20076 E chromium: [ERROR:gles2_cmd_decoder.cc(3852)] [.ChromiumCompositor-0xacbb2fc0]GL ERROR :GL_INVALID_ENUM : glDiscardFramebufferEXT: attachments was GL_COLOR_EXT
06-28 16:01:34.590 20028 20076 E chromium: [ERROR:gles2_cmd_decoder.cc(3852)] [.ChromiumCompositor-0xacbb2fc0]GL ERROR :GL_INVALID_ENUM : glDiscardFramebufferEXT: attachments was GL_COLOR_EXT
06-28 16:01:34.600 20028 20076 E chromium: [ERROR:gles2_cmd_decoder.cc(3852)] [.ChromiumCompositor-0xacbb2fc0]GL ERROR :GL_INVALID_ENUM : glDiscardFramebufferEXT: attachments was GL_COLOR_EXT
06-28 16:01:34.615 20028 20076 E chromium: [ERROR:gles2_cmd_decoder.cc(3852)] [.ChromiumCompositor-0xacbb2fc0]GL ERROR :GL_INVALID_ENUM : glDiscardFramebufferEXT: attachments was GL_COLOR_EXT
06-28 16:01:34.627 20028 20076 E chromium: [ERROR:gles2_cmd_decoder.cc(3852)] [.ChromiumCompositor-0xacbb2fc0]GL ERROR :GL_INVALID_ENUM : glDiscardFramebufferEXT: attachments was GL_COLOR_EXT
06-28 16:01:34.647 20028 20076 E chromium: [ERROR:gles2_cmd_decoder.cc(3852)] [.ChromiumCompositor-0xacbb2fc0]GL ERROR :GL_INVALID_ENUM : glDiscardFramebufferEXT: attachments was GL_COLOR_EXT
06-28 16:01:34.667 20028 20076 E chromium: [ERROR:gles2_cmd_decoder.cc(3852)] [.ChromiumCompositor-0xacbb2fc0]GL ERROR :GL_INVALID_ENUM : glDiscardFramebufferEXT: attachments was GL_COLOR_EXT
06-28 16:01:34.681 20028 20076 E chromium: [ERROR:gles2_cmd_decoder.cc(3852)] [.ChromiumCompositor-0xacbb2fc0]GL ERROR :GL_INVALID_ENUM : glDiscardFramebufferEXT: attachments was GL_COLOR_EXT
06-28 16:01:34.694 20028 20076 E chromium: [ERROR:gles2_cmd_decoder.cc(3852)] [.ChromiumCompositor-0xacbb2fc0]GL ERROR :GL_INVALID_ENUM : glDiscardFramebufferEXT: attachments was GL_COLOR_EXT
06-28 16:01:34.710 20028 20076 E chromium: [ERROR:gles2_cmd_decoder.cc(3852)] [.ChromiumCompositor-0xacbb2fc0]GL ERROR :GL_INVALID_ENUM : glDiscardFramebufferEXT: attachments was GL_COLOR_EXT
06-28 16:01:34.727 20028 20076 E chromium: [ERROR:gles2_cmd_decoder.cc(3852)] [.ChromiumCompositor-0xacbb2fc0]GL ERROR :GL_INVALID_ENUM : glDiscardFramebufferEXT: attachments was GL_COLOR_EXT
06-28 16:01:34.744 20028 20076 E chromium: [ERROR:gles2_cmd_decoder.cc(3852)] [.ChromiumCompositor-0xacbb2fc0]GL ERROR :GL_INVALID_ENUM : glDiscardFramebufferEXT: attachments was GL_COLOR_EXT
06-28 16:01:34.761 20028 20076 E chromium: [ERROR:gles2_cmd_decoder.cc(3852)] [.ChromiumCompositor-0xacbb2fc0]GL ERROR :GL_INVALID_ENUM : glDiscardFramebufferEXT: attachments was GL_COLOR_EXT
06-28 16:01:34.778 20028 20076 E chromium: [ERROR:gles2_cmd_decoder.cc(3852)] [.ChromiumCompositor-0xacbb2fc0]GL ERROR :GL_INVALID_ENUM : glDiscardFramebufferEXT: attachments was GL_COLOR_EXT
06-28 16:01:34.797 20028 20076 E chromium: [ERROR:gles2_cmd_decoder.cc(3852)] [.ChromiumCompositor-0xacbb2fc0]GL ERROR :GL_INVALID_ENUM : glDiscardFramebufferEXT: attachments was GL_COLOR_EXT
06-28 16:01:34.812 20028 20076 E chromium: [ERROR:gles2_cmd_decoder.cc(3852)] [.ChromiumCompositor-0xacbb2fc0]GL ERROR :GL_INVALID_ENUM : glDiscardFramebufferEXT: attachments was GL_COLOR_EXT
06-28 16:01:34.831 20028 20076 E chromium: [ERROR:gles2_cmd_decoder.cc(3852)] [.ChromiumCompositor-0xacbb2fc0]GL ERROR :GL_INVALID_ENUM : glDiscardFramebufferEXT: attachments was GL_COLOR_EXT
06-28 16:01:34.850 20028 20076 E chromium: [ERROR:gles2_cmd_decoder.cc(3852)] [.ChromiumCompositor-0xacbb2fc0]GL ERROR :GL_INVALID_ENUM : glDiscardFramebufferEXT: attachments was GL_COLOR_EXT
06-28 16:01:34.862 20028 20076 E chromium: [ERROR:gles2_cmd_decoder.cc(3852)] [.ChromiumCompositor-0xacbb2fc0]GL ERROR :GL_INVALID_ENUM : glDiscardFramebufferEXT: attachments was GL_COLOR_EXT
06-28 16:01:34.878 20028 20076 E chromium: [ERROR:gles2_cmd_decoder.cc(3852)] [.ChromiumCompositor-0xacbb2fc0]GL ERROR :GL_INVALID_ENUM : glDiscardFramebufferEXT: attachments was GL_COLOR_EXT
06-28 16:01:34.895 20028 20076 E chromium: [ERROR:gles2_cmd_decoder.cc(3852)] [.ChromiumCompositor-0xacbb2fc0]GL ERROR :GL_INVALID_ENUM : glDiscardFramebufferEXT: attachments was GL_COLOR_EXT
06-28 16:01:34.913 20028 20076 E chromium: [ERROR:gles2_cmd_decoder.cc(3852)] [.ChromiumCompositor-0xacbb2fc0]GL ERROR :GL_INVALID_ENUM : glDiscardFramebufferEXT: attachments was GL_COLOR_EXT
06-28 16:01:34.932 20028 20076 E chromium: [ERROR:gles2_cmd_decoder.cc(3852)] [.ChromiumCompositor-0xacbb2fc0]GL ERROR :GL_INVALID_ENUM : glDiscardFramebufferEXT: attachments was GL_COLOR_EXT
06-28 16:01:34.947 20028 20076 E chromium: [ERROR:gles2_cmd_decoder.cc(3852)] [.ChromiumCompositor-0xacbb2fc0]GL ERROR :GL_INVALID_ENUM : glDiscardFramebufferEXT: attachments was GL_COLOR_EXT
06-28 16:01:34.962 20028 20076 E chromium: [ERROR:gles2_cmd_decoder.cc(3852)] [.ChromiumCompositor-0xacbb2fc0]GL ERROR :GL_INVALID_ENUM : glDiscardFramebufferEXT: attachments was GL_COLOR_EXT
06-28 16:01:34.971 20097 20110 E WPROF   : {"Javascript": {"url": "https://securepubads.g.doubleclick.net/static/glade.js", "requestTime": 26772.026955}}
06-28 16:01:34.980 20028 20076 E chromium: [ERROR:gles2_cmd_decoder.cc(3852)] [.ChromiumCompositor-0xacbb2fc0]GL ERROR :GL_INVALID_ENUM : glDiscardFramebufferEXT: attachments was GL_COLOR_EXT
06-28 16:01:34.996 20028 20076 E chromium: [ERROR:gles2_cmd_decoder.cc(3852)] [.ChromiumCompositor-0xacbb2fc0]GL ERROR :GL_INVALID_ENUM : glDiscardFramebufferEXT: attachments was GL_COLOR_EXT
06-28 16:01:35.029 20028 20076 E chromium: [ERROR:gles2_cmd_decoder.cc(3852)] [.ChromiumCompositor-0xacbb2fc0]GL ERROR :GL_INVALID_ENUM : glDiscardFramebufferEXT: attachments was GL_COLOR_EXT
06-28 16:01:35.046 20028 20076 E chromium: [ERROR:gles2_cmd_decoder.cc(3852)] [.ChromiumCompositor-0xacbb2fc0]GL ERROR :GL_INVALID_ENUM : glDiscardFramebufferEXT: attachments was GL_COLOR_EXT
06-28 16:01:35.050 20028 20076 E chromium: [ERROR:gles2_cmd_decoder.cc(3852)] [.ChromiumCompositor-0xacbb2fc0]GL ERROR :GL_INVALID_ENUM : glDiscardFramebufferEXT: attachments was GL_COLOR_EXT
06-28 16:01:35.064 20028 20076 E chromium: [ERROR:gles2_cmd_decoder.cc(3852)] [.ChromiumCompositor-0xacbb2fc0]GL ERROR :GL_INVALID_ENUM : glDiscardFramebufferEXT: attachments was GL_COLOR_EXT
06-28 16:01:35.078 20028 20076 E chromium: [ERROR:gles2_cmd_decoder.cc(3852)] [.ChromiumCompositor-0xacbb2fc0]GL ERROR :GL_INVALID_ENUM : glDiscardFramebufferEXT: attachments was GL_COLOR_EXT
06-28 16:01:35.094 20028 20076 E chromium: [ERROR:gles2_cmd_decoder.cc(3852)] [.ChromiumCompositor-0xacbb2fc0]GL ERROR :GL_INVALID_ENUM : glDiscardFramebufferEXT: attachments was GL_COLOR_EXT
06-28 16:01:35.112 20028 20076 E chromium: [ERROR:gles2_cmd_decoder.cc(3852)] [.ChromiumCompositor-0xacbb2fc0]GL ERROR :GL_INVALID_ENUM : glDiscardFramebufferEXT: attachments was GL_COLOR_EXT
06-28 16:01:35.129 20028 20076 E chromium: [ERROR:gles2_cmd_decoder.cc(3852)] [.ChromiumCompositor-0xacbb2fc0]GL ERROR :GL_INVALID_ENUM : glDiscardFramebufferEXT: attachments was GL_COLOR_EXT
06-28 16:01:35.147 20028 20076 E chromium: [ERROR:gles2_cmd_decoder.cc(3852)] [.ChromiumCompositor-0xacbb2fc0]GL ERROR :GL_INVALID_ENUM : glDiscardFramebufferEXT: attachments was GL_COLOR_EXT
06-28 16:01:35.166 20028 20076 E chromium: [ERROR:gles2_cmd_decoder.cc(3852)] [.ChromiumCompositor-0xacbb2fc0]GL ERROR :GL_INVALID_ENUM : glDiscardFramebufferEXT: attachments was GL_COLOR_EXT
06-28 16:01:35.183 20028 20076 E chromium: [ERROR:gles2_cmd_decoder.cc(3852)] [.ChromiumCompositor-0xacbb2fc0]GL ERROR :GL_INVALID_ENUM : glDiscardFramebufferEXT: attachments was GL_COLOR_EXT
06-28 16:01:35.200 20028 20076 E chromium: [ERROR:gles2_cmd_decoder.cc(3852)] [.ChromiumCompositor-0xacbb2fc0]GL ERROR :GL_INVALID_ENUM : glDiscardFramebufferEXT: attachments was GL_COLOR_EXT
06-28 16:01:35.224 20028 20076 E chromium: [ERROR:gles2_cmd_decoder.cc(3852)] [.ChromiumCompositor-0xacbb2fc0]GL ERROR :GL_INVALID_ENUM : glDiscardFramebufferEXT: attachments was GL_COLOR_EXT
06-28 16:01:35.236 20028 20076 E chromium: [ERROR:gles2_cmd_decoder.cc(3852)] [.ChromiumCompositor-0xacbb2fc0]GL ERROR :GL_INVALID_ENUM : glDiscardFramebufferEXT: attachments was GL_COLOR_EXT
06-28 16:01:35.249 20028 20076 E chromium: [ERROR:gles2_cmd_decoder.cc(3852)] [.ChromiumCompositor-0xacbb2fc0]GL ERROR :GL_INVALID_ENUM : glDiscardFramebufferEXT: attachments was GL_COLOR_EXT
06-28 16:01:35.265 20028 20076 E chromium: [ERROR:gles2_cmd_decoder.cc(3852)] [.ChromiumCompositor-0xacbb2fc0]GL ERROR :GL_INVALID_ENUM : glDiscardFramebufferEXT: attachments was GL_COLOR_EXT
06-28 16:01:35.283 20028 20076 E chromium: [ERROR:gles2_cmd_decoder.cc(3852)] [.ChromiumCompositor-0xacbb2fc0]GL ERROR :GL_INVALID_ENUM : glDiscardFramebufferEXT: attachments was GL_COLOR_EXT
06-28 16:01:35.298 20028 20076 E chromium: [ERROR:gles2_cmd_decoder.cc(3852)] [.ChromiumCompositor-0xacbb2fc0]GL ERROR :GL_INVALID_ENUM : glDiscardFramebufferEXT: attachments was GL_COLOR_EXT
06-28 16:01:35.316 20028 20076 E chromium: [ERROR:gles2_cmd_decoder.cc(3852)] [.ChromiumCompositor-0xacbb2fc0]GL ERROR :GL_INVALID_ENUM : glDiscardFramebufferEXT: attachments was GL_COLOR_EXT
06-28 16:01:35.336 20028 20076 E chromium: [ERROR:gles2_cmd_decoder.cc(3852)] [.ChromiumCompositor-0xacbb2fc0]GL ERROR :GL_INVALID_ENUM : glDiscardFramebufferEXT: attachments was GL_COLOR_EXT
06-28 16:01:35.352 20028 20076 E chromium: [ERROR:gles2_cmd_decoder.cc(3852)] [.ChromiumCompositor-0xacbb2fc0]GL ERROR :GL_INVALID_ENUM : glDiscardFramebufferEXT: attachments was GL_COLOR_EXT
06-28 16:01:35.381 20028 20076 E chromium: [ERROR:gles2_cmd_decoder.cc(3852)] [.ChromiumCompositor-0xacbb2fc0]GL ERROR :GL_INVALID_ENUM : glDiscardFramebufferEXT: attachments was GL_COLOR_EXT
06-28 16:01:35.386 20028 20076 E chromium: [ERROR:gles2_cmd_decoder.cc(3852)] [.ChromiumCompositor-0xacbb2fc0]GL ERROR :GL_INVALID_ENUM : glDiscardFramebufferEXT: attachments was GL_COLOR_EXT
06-28 16:01:35.401 20028 20076 E chromium: [ERROR:gles2_cmd_decoder.cc(3852)] [.ChromiumCompositor-0xacbb2fc0]GL ERROR :GL_INVALID_ENUM : glDiscardFramebufferEXT: attachments was GL_COLOR_EXT
06-28 16:01:35.416 20028 20076 E chromium: [ERROR:gles2_cmd_decoder.cc(3852)] [.ChromiumCompositor-0xacbb2fc0]GL ERROR :GL_INVALID_ENUM : glDiscardFramebufferEXT: attachments was GL_COLOR_EXT
06-28 16:01:35.432 20028 20076 E chromium: [ERROR:gles2_cmd_decoder.cc(3852)] [.ChromiumCompositor-0xacbb2fc0]GL ERROR :GL_INVALID_ENUM : glDiscardFramebufferEXT: attachments was GL_COLOR_EXT
06-28 16:01:35.435 20097 20110 E WPROF   : {"Javascript": {"url": "https://securepubads.g.doubleclick.net/static/glade/extra_25.js", "requestTime": 26772.491180}}
06-28 16:01:35.465 20028 20076 E chromium: [ERROR:gles2_cmd_decoder.cc(3852)] [.ChromiumCompositor-0xacbb2fc0]GL ERROR :GL_INVALID_ENUM : glDiscardFramebufferEXT: attachments was GL_COLOR_EXT
06-28 16:01:35.473 20028 20076 E chromium: [ERROR:gles2_cmd_decoder.cc(3852)] [.ChromiumCompositor-0xacbb2fc0]GL ERROR :GL_INVALID_ENUM : glDiscardFramebufferEXT: attachments was GL_COLOR_EXT
06-28 16:01:35.481 20028 20076 E chromium: [ERROR:gles2_cmd_decoder.cc(3852)] [.ChromiumCompositor-0xacbb2fc0]GL ERROR :GL_INVALID_ENUM : glDiscardFramebufferEXT: attachments was GL_COLOR_EXT
06-28 16:01:35.497 20028 20076 E chromium: [ERROR:gles2_cmd_decoder.cc(3852)] [.ChromiumCompositor-0xacbb2fc0]GL ERROR :GL_INVALID_ENUM : glDiscardFramebufferEXT: attachments was GL_COLOR_EXT
06-28 16:01:35.515 20028 20076 E chromium: [ERROR:gles2_cmd_decoder.cc(3852)] [.ChromiumCompositor-0xacbb2fc0]GL ERROR :GL_INVALID_ENUM : glDiscardFramebufferEXT: attachments was GL_COLOR_EXT
06-28 16:01:35.531 20028 20076 E chromium: [ERROR:gles2_cmd_decoder.cc(3852)] [.ChromiumCompositor-0xacbb2fc0]GL ERROR :GL_INVALID_ENUM : glDiscardFramebufferEXT: attachments was GL_COLOR_EXT
06-28 16:01:35.550 20028 20076 E chromium: [ERROR:gles2_cmd_decoder.cc(3852)] [.ChromiumCompositor-0xacbb2fc0]GL ERROR :GL_INVALID_ENUM : glDiscardFramebufferEXT: attachments was GL_COLOR_EXT
06-28 16:01:35.569 20028 20076 E chromium: [ERROR:gles2_cmd_decoder.cc(3852)] [.ChromiumCompositor-0xacbb2fc0]GL ERROR :GL_INVALID_ENUM : glDiscardFramebufferEXT: attachments was GL_COLOR_EXT
06-28 16:01:35.585 20028 20076 E chromium: [ERROR:gles2_cmd_decoder.cc(3852)] [.ChromiumCompositor-0xacbb2fc0]GL ERROR :GL_INVALID_ENUM : glDiscardFramebufferEXT: attachments was GL_COLOR_EXT
06-28 16:01:35.598 20028 20076 E chromium: [ERROR:gles2_cmd_decoder.cc(3852)] [.ChromiumCompositor-0xacbb2fc0]GL ERROR :GL_INVALID_ENUM : glDiscardFramebufferEXT: attachments was GL_COLOR_EXT
06-28 16:01:35.628 20028 20076 E chromium: [ERROR:gles2_cmd_decoder.cc(3852)] [.ChromiumCompositor-0xacbb2fc0]GL ERROR :GL_INVALID_ENUM : glDiscardFramebufferEXT: attachments was GL_COLOR_EXT
06-28 16:01:35.633 20028 20076 E chromium: [ERROR:gles2_cmd_decoder.cc(3852)] [.ChromiumCompositor-0xacbb2fc0]GL ERROR :GL_INVALID_ENUM : glDiscardFramebufferEXT: attachments was GL_COLOR_EXT
06-28 16:01:35.635 20097 20110 E WPROF   : {"Javascript": {"url": "https://tpc.googlesyndication.com/pagead/js/r20170619/r20110914/client/ext/m_window_focus_non_hydra.js", "requestTime": 26772.691185}}
06-28 16:01:35.640 20097 20110 E WPROF   : {"Javascript": {"url": "https://tpc.googlesyndication.com/pagead/js/r20170619/r20110914/activeview/osd_listener.js", "requestTime": 26772.696006}}
06-28 16:01:35.648 20028 20076 E chromium: [ERROR:gles2_cmd_decoder.cc(3852)] [.ChromiumCompositor-0xacbb2fc0]GL ERROR :GL_INVALID_ENUM : glDiscardFramebufferEXT: attachments was GL_COLOR_EXT
06-28 16:01:35.663 20097 20110 E WPROF   : {"Javascript": {"url": "https://pagead2.googlesyndication.com/pagead/osd.js", "requestTime": 26772.718726}}
06-28 16:01:35.666 20028 20076 E chromium: [ERROR:gles2_cmd_decoder.cc(3852)] [.ChromiumCompositor-0xacbb2fc0]GL ERROR :GL_INVALID_ENUM : glDiscardFramebufferEXT: attachments was GL_COLOR_EXT
06-28 16:01:35.681 20028 20076 E chromium: [ERROR:gles2_cmd_decoder.cc(3852)] [.ChromiumCompositor-0xacbb2fc0]GL ERROR :GL_INVALID_ENUM : glDiscardFramebufferEXT: attachments was GL_COLOR_EXT
06-28 16:01:35.701 20028 20076 E chromium: [ERROR:gles2_cmd_decoder.cc(3852)] [.ChromiumCompositor-0xacbb2fc0]GL ERROR :GL_INVALID_ENUM : glDiscardFramebufferEXT: attachments was GL_COLOR_EXT
06-28 16:01:35.717 20028 20076 E chromium: [ERROR:gles2_cmd_decoder.cc(3852)] [.ChromiumCompositor-0xacbb2fc0]GL ERROR :GL_INVALID_ENUM : glDiscardFramebufferEXT: attachments was GL_COLOR_EXT
06-28 16:01:35.735 20028 20076 E chromium: [ERROR:gles2_cmd_decoder.cc(3852)] [.ChromiumCompositor-0xacbb2fc0]GL ERROR :GL_INVALID_ENUM : glDiscardFramebufferEXT: attachments was GL_COLOR_EXT
06-28 16:01:35.751 20028 20076 E chromium: [ERROR:gles2_cmd_decoder.cc(3852)] [.ChromiumCompositor-0xacbb2fc0]GL ERROR :GL_INVALID_ENUM : glDiscardFramebufferEXT: attachments was GL_COLOR_EXT
06-28 16:01:35.769 20028 20076 E chromium: [ERROR:gles2_cmd_decoder.cc(3852)] [.ChromiumCompositor-0xacbb2fc0]GL ERROR :GL_INVALID_ENUM : glDiscardFramebufferEXT: attachments was GL_COLOR_EXT
06-28 16:01:35.793 20028 20076 E chromium: [ERROR:gles2_cmd_decoder.cc(3852)] [.ChromiumCompositor-0xacbb2fc0]GL ERROR :GL_INVALID_ENUM : glDiscardFramebufferEXT: attachments was GL_COLOR_EXT
06-28 16:01:35.830 20028 20076 E chromium: [ERROR:gles2_cmd_decoder.cc(3852)] [.ChromiumCompositor-0xacbb2fc0]GL ERROR :GL_INVALID_ENUM : glDiscardFramebufferEXT: attachments was GL_COLOR_EXT
06-28 16:01:35.844 20028 20076 E chromium: [ERROR:gles2_cmd_decoder.cc(3852)] [.ChromiumCompositor-0xacbb2fc0]GL ERROR :GL_INVALID_ENUM : glDiscardFramebufferEXT: attachments was GL_COLOR_EXT
06-28 16:01:35.886 20028 20076 E chromium: [ERROR:gles2_cmd_decoder.cc(3852)] [.ChromiumCompositor-0xacbb2fc0]GL ERROR :GL_INVALID_ENUM : glDiscardFramebufferEXT: attachments was GL_COLOR_EXT
06-28 16:01:35.909 20028 20076 E chromium: [ERROR:gles2_cmd_decoder.cc(3852)] [.ChromiumCompositor-0xacbb2fc0]GL ERROR :GL_INVALID_ENUM : glDiscardFramebufferEXT: attachments was GL_COLOR_EXT
06-28 16:01:35.920 20028 20076 E chromium: [ERROR:gles2_cmd_decoder.cc(3852)] [.ChromiumCompositor-0xacbb2fc0]GL ERROR :GL_INVALID_ENUM : glDiscardFramebufferEXT: attachments was GL_COLOR_EXT
06-28 16:01:35.945 20028 20076 E chromium: [ERROR:gles2_cmd_decoder.cc(3852)] [.ChromiumCompositor-0xacbb2fc0]GL ERROR :GL_INVALID_ENUM : glDiscardFramebufferEXT: attachments was GL_COLOR_EXT
06-28 16:01:35.957 20028 20076 E chromium: [ERROR:gles2_cmd_decoder.cc(3852)] [.ChromiumCompositor-0xacbb2fc0]GL ERROR :GL_INVALID_ENUM : glDiscardFramebufferEXT: attachments was GL_COLOR_EXT
06-28 16:01:35.976 20028 20076 E chromium: [ERROR:gles2_cmd_decoder.cc(3852)] [.ChromiumCompositor-0xacbb2fc0]GL ERROR :GL_INVALID_ENUM : glDiscardFramebufferEXT: attachments was GL_COLOR_EXT
06-28 16:01:35.996 20028 20076 E chromium: [ERROR:gles2_cmd_decoder.cc(3852)] [.ChromiumCompositor-0xacbb2fc0]GL ERROR :GL_INVALID_ENUM : glDiscardFramebufferEXT: attachments was GL_COLOR_EXT
06-28 16:01:36.012 20028 20076 E chromium: [ERROR:gles2_cmd_decoder.cc(3852)] [.ChromiumCompositor-0xacbb2fc0]GL ERROR :GL_INVALID_ENUM : glDiscardFramebufferEXT: attachments was GL_COLOR_EXT
06-28 16:01:36.021 20028 20076 E chromium: [ERROR:logger.cc(46)] Too many GL errors, not reporting any more for this context. use --disable-gl-error-limit to see all errors.
06-28 16:01:36.302 20097 20110 E WProf.db: {"page": "d-30182375573660017269.ampproject.net_1498506512561_frame.html"}
06-28 16:01:36.302 20097 20110 E WProf.db: {"DOMLoad": 26773.357492}
06-28 16:01:36.302 20097 20110 E WProf.db: {"Resource": {"id": 31, "url": "https://d-30182375573660017269.ampproject.net/1498506512561/frame.html", "sentTime": -1.000000, "len": 375, "from": "0x0", "mimeType": "text/html", "contentLength": -1, "httpStatus": 200, "connId": 363, "connReused": 0, "cached": 0,"requestTime": 26771.050676, "proxyStart": -1, "proxyEnd": -1, "dnsStart": 0, "dnsEnd": 0, "connectStart": 0, "connectEnd": 255, "sendStart": 255, "sendEnd": 255, "receiveHeadersEnd": 355, "sslStart": 59, "sslEnd": 254}}
06-28 16:01:36.302 20097 20110 E WProf.db: {"ReceivedChunk": {"receivedTime": 26771.410565, "len": 375}}
06-28 16:01:36.302 20097 20110 E WProf.db: {"WprofHTMLTag": {"code": "0x9c3b98d0", "doc": "https://d-30182375573660017269.ampproject.net/1498506512561/frame.html", "row": 1, "column": 6, "tagName": "head", "time": 26771.468139, "url": "", "pos": 1, "chunkLen": 1, "isStartTag": 1}}
06-28 16:01:36.302 20097 20110 E WProf.db: {"WprofHTMLTag": {"code": "0x9c3b98a0", "doc": "https://d-30182375573660017269.ampproject.net/1498506512561/frame.html", "row": 2, "column": 22, "tagName": "meta", "time": 26771.468291, "url": "", "pos": 1, "chunkLen": 1, "isStartTag": 1}}
06-28 16:01:36.302 20097 20110 E WProf.db: {"WprofHTMLTag": {"code": "0x9d1fdad0", "doc": "https://d-30182375573660017269.ampproject.net/1498506512561/frame.html", "row": 3, "column": 38, "tagName": "meta", "time": 26771.468453, "url": "", "pos": 1, "chunkLen": 1, "isStartTag": 1}}
06-28 16:01:36.302 20097 20110 E WProf.db: {"WprofHTMLTag": {"code": "0x9d1fda70", "doc": "https://d-30182375573660017269.ampproject.net/1498506512561/frame.html", "row": 4, "column": 59, "tagName": "script", "time": 26771.468652, "url": "https://3p.ampproject.net/1498506512561/f.js", "pos": 1, "chunkLen": 1, "isStartTag": 1}}
06-28 16:01:36.303 20097 20110 E WProf.db: {"WprofHTMLTag": {"code": "0x9d1fc360", "doc": "https://d-30182375573660017269.ampproject.net/1498506512561/frame.html", "row": 4, "column": 68, "tagName": "script", "time": 26771.468992, "url": "", "pos": 1, "chunkLen": 1, "isStartTag": 0}}
06-28 16:01:36.303 20097 20110 E WProf.db: {"WprofHTMLTag": {"code": "0x9c3b9930", "doc": "https://d-30182375573660017269.ampproject.net/1498506512561/frame.html", "row": 5, "column": 7, "tagName": "head", "time": 26772.000657, "url": "", "pos": 1, "chunkLen": 1, "isStartTag": 0}}
06-28 16:01:36.303 20097 20110 E WProf.db: {"WprofHTMLTag": {"code": "0x9c3b9870", "doc": "https://d-30182375573660017269.ampproject.net/1498506512561/frame.html", "row": 6, "column": 23, "tagName": "body", "time": 26772.000685, "url": "", "pos": 1, "chunkLen": 1, "isStartTag": 1}}
06-28 16:01:36.303 20097 20110 E WProf.db: {"WprofHTMLTag": {"code": "0x9c3b92a0", "doc": "https://d-30182375573660017269.ampproject.net/1498506512561/frame.html", "row": 7, "column": 69, "tagName": "div", "time": 26772.002317, "url": "", "pos": 1, "chunkLen": 1, "isStartTag": 1}}
06-28 16:01:36.303 20097 20110 E WProf.db: {"WprofHTMLTag": {"code": "0x9c3b9b70", "doc": "https://d-30182375573660017269.ampproject.net/1498506512561/frame.html", "row": 8, "column": 10, "tagName": "script", "time": 26772.002556, "url": "", "pos": 1, "chunkLen": 1, "isStartTag": 1}}
06-28 16:01:36.303 20097 20110 E WProf.db: {"WprofHTMLTag": {"code": "0x9c3b9b10", "doc": "https://d-30182375573660017269.ampproject.net/1498506512561/frame.html", "row": 8, "column": 27, "tagName": "script", "time": 26772.002769, "url": "https://securepubads.g.doubleclick.net/static/glade.js", "pos": 1, "chunkLen": 1, "isStartTag": 0}}
06-28 16:01:36.303 20097 20110 E WProf.db: {"WprofHTMLTag": {"code": "0x9c3b9ab0", "doc": "https://d-30182375573660017269.ampproject.net/1498506512561/frame.html", "row": 9, "column": 6, "tagName": "div", "time": 26772.036221, "url": "", "pos": 1, "chunkLen": 1, "isStartTag": 0}}
06-28 16:01:36.303 20097 20110 E WProf.db: {"WprofHTMLTag": {"code": "0x9d1fdb90", "doc": "https://d-30182375573660017269.ampproject.net/1498506512561/frame.html", "row": 10, "column": 8, "tagName": "script", "time": 26772.036263, "url": "", "pos": 1, "chunkLen": 1, "isStartTag": 1}}
06-28 16:01:36.303 20097 20110 E WProf.db: {"WprofHTMLTag": {"code": "0x9c3b9b40", "doc": "https://d-30182375573660017269.ampproject.net/1498506512561/frame.html", "row": 10, "column": 67, "tagName": "script", "time": 26772.036478, "url": "", "pos": 1, "chunkLen": 1, "isStartTag": 0}}
06-28 16:01:36.304 20097 20110 E WProf.db: {"WprofHTMLTag": {"code": "0x9d1fdc50", "doc": "https://d-30182375573660017269.ampproject.net/1498506512561/frame.html", "row": 11, "column": 7, "tagName": "body", "time": 26772.038283, "url": "", "pos": 1, "chunkLen": 1, "isStartTag": 0}}
06-28 16:01:36.304 20097 20110 E WProf.db: {"WprofHTMLTag": {"code": "0x9d1fdce0", "doc": "https://d-30182375573660017269.ampproject.net/1498506512561/frame.html", "row": 12, "column": 7, "tagName": "html", "time": 26772.038302, "url": "https://securepubads.g.doubleclick.net/static/glade/extra_25.js", "pos": 1, "chunkLen": 1, "isStartTag": 0}}
06-28 16:01:36.304 20097 20110 E WProf.db: {"Resource": {"id": 32, "url": "https://3p.ampproject.net/1498506512561/f.js", "sentTime": -1.000000, "len": 91779, "from": "0x9d1fda70", "mimeType": "text/javascript", "contentLength": -1, "httpStatus": 200, "connId": 387, "connReused": 0, "cached": 0,"requestTime": 26771.470550, "proxyStart": -1, "proxyEnd": -1, "dnsStart": 8, "dnsEnd": 8, "connectStart": 0, "connectEnd": 289, "sendStart": 289, "sendEnd": 290, "receiveHeadersEnd": 363, "sslStart": 74, "sslEnd": 289}}
06-28 16:01:36.304 20097 20110 E WProf.db: {"ReceivedChunk": {"receivedTime": 26771.837382, "len": 8664}}
06-28 16:01:36.304 20097 20110 E WProf.db: {"ReceivedChunk": {"receivedTime": 26771.839435, "len": 11274}}
06-28 16:01:36.304 20097 20110 E WProf.db: {"ReceivedChunk": {"receivedTime": 26771.842010, "len": 22341}}
06-28 16:01:36.305 20097 20110 E WProf.db: {"ReceivedChunk": {"receivedTime": 26771.843522, "len": 9239}}
06-28 16:01:36.305 20097 20110 E WProf.db: {"ReceivedChunk": {"receivedTime": 26771.846142, "len": 9188}}
06-28 16:01:36.305 20097 20110 E WProf.db: {"ReceivedChunk": {"receivedTime": 26771.851171, "len": 4122}}
06-28 16:01:36.305 20097 20110 E WProf.db: {"ReceivedChunk": {"receivedTime": 26771.899900, "len": 8648}}
06-28 16:01:36.305 20097 20110 E WProf.db: {"ReceivedChunk": {"receivedTime": 26771.908445, "len": 9064}}
06-28 16:01:36.305 20097 20110 E WProf.db: {"ReceivedChunk": {"receivedTime": 26771.909500, "len": 8496}}
06-28 16:01:36.305 20097 20110 E WProf.db: {"ReceivedChunk": {"receivedTime": 26771.911484, "len": 743}}
06-28 16:01:36.306 20097 20110 E WProf.db: {"Resource": {"id": 33, "url": "https://securepubads.g.doubleclick.net/static/glade.js", "sentTime": -1.000000, "len": 19455, "from": "0x9c3b9b10", "mimeType": "text/javascript", "contentLength": -1, "httpStatus": 200, "connId": 401, "connReused": 0, "cached": 0,"requestTime": 26772.027876, "proxyStart": -1, "proxyEnd": -1, "dnsStart": 6, "dnsEnd": 6, "connectStart": 0, "connectEnd": 260, "sendStart": 260, "sendEnd": 261, "receiveHeadersEnd": 359, "sslStart": 65, "sslEnd": 260}}
06-28 16:01:36.306 20097 20110 E WProf.db: {"ReceivedChunk": {"receivedTime": 26772.393245, "len": 8706}}
06-28 16:01:36.306 20097 20110 E WProf.db: {"ReceivedChunk": {"receivedTime": 26772.394956, "len": 10749}}
06-28 16:01:36.306 20097 20110 E WProf.db: {"Resource": {"id": 34, "url": "https://securepubads.g.doubleclick.net/gampad/ads?gdfp_req=1&glade_req=1&glv=25&output=html&iu=%2F1038259%2FSEL-amp-cube&sz=300x250&sfv=1-0-8&correlator=798703096954880&eid=108809080&adk=2352184609&biw=412&bih=620&adx=56&ady=349&oid=3&u_sd=3.5&ifi=1&is_amp=1&amp_v=1498506512561&nhd=1&url=http%3A%2F%", "sentTime": -1.000000, "len": 20205, "from": "0x9d1fdce0", "mimeType": "text/html", "contentLength": -1, "httpStatus": 200, "connId": 401, "connReused": 1, "cached": 0,"requestTime": 26772.479347, "proxyStart": -1, "proxyEnd": -1, "dnsStart": -1, "dnsEnd": -1, "connectStart": 0, "connectEnd": 18, "sendStart": 18, "sendEnd": 19, "receiveHeadersEnd": 140, "sslStart": -1, "sslEnd": -1}}
06-28 16:01:36.306 20097 20110 E WProf.db: {"ReceivedChunk": {"receivedTime": 26772.622355, "len": 787}}
06-28 16:01:36.306 20097 20110 E WProf.db: {"ReceivedChunk": {"receivedTime": 26772.645939, "len": 3196}}
06-28 16:01:36.306 20097 20110 E WProf.db: {"ReceivedChunk": {"receivedTime": 26772.646401, "len": 11280}}
06-28 16:01:36.306 20097 20110 E WProf.db: {"ReceivedChunk": {"receivedTime": 26772.652885, "len": 4942}}
06-28 16:01:36.306 20097 20110 E WProf.db: {"WprofHTMLTag": {"code": "0x9c3b9e10", "doc": "https://securepubads.g.doubleclick.net/gampad/ads?gdfp_req=1&glade_req=1&glv=25&output=html&iu=%2F1038259%2FSEL-amp-cube&sz=300x250&sfv=1-0-8&correlator=798703096954880&eid=108809080&adk=2352184609&biw=412&bih=620&adx=56&ady=349&oid=3&u_sd=3.5&ifi=1&is_amp=1&amp_v=1498506512561&nhd=1&url=http%3A%2F%", "row": 0, "column": 21, "tagName": "html", "time": 26772.654837, "url": "", "pos": 1, "chunkLen": 1, "isStartTag": 1}}
06-28 16:01:36.306 20097 20110 E WProf.db: {"WprofHTMLTag": {"code": "0x9c3b9c30", "doc": "https://securepubads.g.doubleclick.net/gampad/ads?gdfp_req=1&glade_req=1&glv=25&output=html&iu=%2F1038259%2FSEL-amp-cube&sz=300x250&sfv=1-0-8&correlator=798703096954880&eid=108809080&adk=2352184609&biw=412&bih=620&adx=56&ady=349&oid=3&u_sd=3.5&ifi=1&is_amp=1&amp_v=1498506512561&nhd=1&url=http%3A%2F%", "row": 0, "column": 27, "tagName": "head", "time": 26772.654963, "url": "", "pos": 1, "chunkLen": 1, "isStartTag": 1}}
06-28 16:01:36.306 20097 20110 E WProf.db: {"WprofHTMLTag": {"code": "0x9c3b9d50", "doc": "https://securepubads.g.doubleclick.net/gampad/ads?gdfp_req=1&glade_req=1&glv=25&output=html&iu=%2F1038259%2FSEL-amp-cube&sz=300x250&sfv=1-0-8&correlator=798703096954880&eid=108809080&adk=2352184609&biw=412&bih=620&adx=56&ady=349&oid=3&u_sd=3.5&ifi=1&is_amp=1&amp_v=1498506512561&nhd=1&url=http%3A%2F%", "row": 0, "column": 144, "tagName": "meta", "time": 26772.655002, "url": "", "pos": 1, "chunkLen": 1, "isStartTag": 1}}
06-28 16:01:36.307 20097 20110 E WProf.db: {"WprofHTMLTag": {"code": "0x9d1fdd10", "doc": "https://securepubads.g.doubleclick.net/gampad/ads?gdfp_req=1&glade_req=1&glv=25&output=html&iu=%2F1038259%2FSEL-amp-cube&sz=300x250&sfv=1-0-8&correlator=798703096954880&eid=108809080&adk=2352184609&biw=412&bih=620&adx=56&ady=349&oid=3&u_sd=3.5&ifi=1&is_amp=1&amp_v=1498506512561&nhd=1&url=http%3A%2F%", "row": 0, "column": 152, "tagName": "script", "time": 26772.655234, "url": "", "pos": 1, "chunkLen": 1, "isStartTag": 1}}
06-28 16:01:36.307 20097 20110 E WProf.db: {"WprofHTMLTag": {"code": "0x9c3b9d80", "doc": "https://securepubads.g.doubleclick.net/gampad/ads?gdfp_req=1&glade_req=1&glv=25&output=html&iu=%2F1038259%2FSEL-amp-cube&sz=300x250&sfv=1-0-8&correlator=798703096954880&eid=108809080&adk=2352184609&biw=412&bih=620&adx=56&ady=349&oid=3&u_sd=3.5&ifi=1&is_amp=1&amp_v=1498506512561&nhd=1&url=http%3A%2F%", "row": 0, "column": 195, "tagName": "script", "time": 26772.655506, "url": "", "pos": 1, "chunkLen": 1, "isStartTag": 0}}
06-28 16:01:36.307 20097 20110 E WProf.db: {"WprofHTMLTag": {"code": "0x9d1fde60", "doc": "https://securepubads.g.doubleclick.net/gampad/ads?gdfp_req=1&glade_req=1&glv=25&output=html&iu=%2F1038259%2FSEL-amp-cube&sz=300x250&sfv=1-0-8&correlator=798703096954880&eid=108809080&adk=2352184609&biw=412&bih=620&adx=56&ady=349&oid=3&u_sd=3.5&ifi=1&is_amp=1&amp_v=1498506512561&nhd=1&url=http%3A%2F%", "row": 0, "column": 202, "tagName": "style", "time": 26772.660546, "url": "", "pos": 1, "chunkLen": 1, "isStartTag": 1}}
06-28 16:01:36.307 20097 20110 E WProf.db: {"WprofHTMLTag": {"code": "0x9d1fdfe0", "doc": "https://securepubads.g.doubleclick.net/gampad/ads?gdfp_req=1&glade_req=1&glv=25&output=html&iu=%2F1038259%2FSEL-amp-cube&sz=300x250&sfv=1-0-8&correlator=798703096954880&eid=108809080&adk=2352184609&biw=412&bih=620&adx=56&ady=349&oid=3&u_sd=3.5&ifi=1&is_amp=1&amp_v=1498506512561&nhd=1&url=http%3A%2F%", "row": 0, "column": 230, "tagName": "style", "time": 26772.660683, "url": "", "pos": 1, "chunkLen": 1, "isStartTag": 0}}
06-28 16:01:36.307 20097 20110 E WProf.db: {"WprofHTMLTag": {"code": "0x9d1fe040", "doc": "https://securepubads.g.doubleclick.net/gampad/ads?gdfp_req=1&glade_req=1&glv=25&output=html&iu=%2F1038259%2FSEL-amp-cube&sz=300x250&sfv=1-0-8&correlator=798703096954880&eid=108809080&adk=2352184609&biw=412&bih=620&adx=56&ady=349&oid=3&u_sd=3.5&ifi=1&is_amp=1&amp_v=1498506512561&nhd=1&url=http%3A%2F%", "row": 0, "column": 238, "tagName": "script", "time": 26772.662074, "url": "", "pos": 1, "chunkLen": 1, "isStartTag": 1}}
06-28 16:01:36.307 20097 20110 E WProf.db: {"WprofHTMLTag": {"code": "0x9d1fe0a0", "doc": "https://securepubads.g.doubleclick.net/gampad/ads?gdfp_req=1&glade_req=1&glv=25&output=html&iu=%2F1038259%2FSEL-amp-cube&sz=300x250&sfv=1-0-8&correlator=798703096954880&eid=108809080&adk=2352184609&biw=412&bih=620&adx=56&ady=349&oid=3&u_sd=3.5&ifi=1&is_amp=1&amp_v=1498506512561&nhd=1&url=http%3A%2F%", "row": 0, "column": 8856, "tagName": "script", "time": 26772.662830, "url": "", "pos": 1, "chunkLen": 1, "isStartTag": 0}}
06-28 16:01:36.307 20097 20110 E WProf.db: {"WprofHTMLTag": {"code": "0x9d1fe100", "doc": "https://securepubads.g.doubleclick.net/gampad/ads?gdfp_req=1&glade_req=1&glv=25&output=html&iu=%2F1038259%2FSEL-amp-cube&sz=300x250&sfv=1-0-8&correlator=798703096954880&eid=108809080&adk=2352184609&biw=412&bih=620&adx=56&ady=349&oid=3&u_sd=3.5&ifi=1&is_amp=1&amp_v=1498506512561&nhd=1&url=http%3A%2F%", "row": 0, "column": 8863, "tagName": "head", "time": 26772.676418, "url": "", "pos": 1, "chunkLen": 1, "isStartTag": 0}}
06-28 16:01:36.307 20097 20110 E WProf.db: {"WprofHTMLTag": {"code": "0x9d1fe130", "doc": "https://securepubads.g.doubleclick.net/gampad/ads?gdfp_req=1&glade_req=1&glv=25&output=html&iu=%2F1038259%2FSEL-amp-cube&sz=300x250&sfv=1-0-8&correlator=798703096954880&eid=108809080&adk=2352184609&biw=412&bih=620&adx=56&ady=349&oid=3&u_sd=3.5&ifi=1&is_amp=1&amp_v=1498506512561&nhd=1&url=http%3A%2F%", "row": 0, "column": 8977, "tagName": "body", "time": 26772.676453, "url": "", "pos": 1, "chunkLen": 1, "isStartTag": 1}}
06-28 16:01:36.307 20097 20110 E WProf.db: {"WprofHTMLTag": {"code": "0x9d1fe160", "doc": "https://securepubads.g.doubleclick.net/gampad/ads?gdfp_req=1&glade_req=1&glv=25&output=html&iu=%2F1038259%2FSEL-amp-cube&sz=300x250&sfv=1-0-8&correlator=798703096954880&eid=108809080&adk=2352184609&biw=412&bih=620&adx=56&ady=349&oid=3&u_sd=3.5&ifi=1&is_amp=1&amp_v=1498506512561&nhd=1&url=http%3A%2F%", "row": 0, "column": 9047, "tagName": "div", "time": 26772.677017, "url": "", "pos": 1, "chunkLen": 1, "isStartTag": 1}}
06-28 16:01:36.308 20097 20110 E WProf.db: {"WprofHTMLTag": {"code": "0x9d1fe0d0", "doc": "https://securepubads.g.doubleclick.net/gampad/ads?gdfp_req=1&glade_req=1&glv=25&output=html&iu=%2F1038259%2FSEL-amp-cube&sz=300x250&sfv=1-0-8&correlator=798703096954880&eid=108809080&adk=2352184609&biw=412&bih=620&adx=56&ady=349&oid=3&u_sd=3.5&ifi=1&is_amp=1&amp_v=1498506512561&nhd=1&url=http%3A%2F%", "row": 0, "column": 9055, "tagName": "script", "time": 26772.677213, "url": "", "pos": 1, "chunkLen": 1, "isStartTag": 1}}
06-28 16:01:36.308 20097 20110 E WProf.db: {"WprofHTMLTag": {"code": "0x9d1fe190", "doc": "https://securepubads.g.doubleclick.net/gampad/ads?gdfp_req=1&glade_req=1&glv=25&output=html&iu=%2F1038259%2FSEL-amp-cube&sz=300x250&sfv=1-0-8&correlator=798703096954880&eid=108809080&adk=2352184609&biw=412&bih=620&adx=56&ady=349&oid=3&u_sd=3.5&ifi=1&is_amp=1&amp_v=1498506512561&nhd=1&url=http%3A%2F%", "row": 0, "column": 9428, "tagName": "script", "time": 26772.677434, "url": "", "pos": 1, "chunkLen": 1, "isStartTag": 0}}
06-28 16:01:36.308 20097 20110 E WProf.db: {"WprofHTMLTag": {"code": "0x9d1fe1c0", "doc": "https://securepubads.g.doubleclick.net/gampad/ads?gdfp_req=1&glade_req=1&glv=25&output=html&iu=%2F1038259%2FSEL-amp-cube&sz=300x250&sfv=1-0-8&correlator=798703096954880&eid=108809080&adk=2352184609&biw=412&bih=620&adx=56&ady=349&oid=3&u_sd=3.5&ifi=1&is_amp=1&amp_v=1498506512561&nhd=1&url=http%3A%2F%", "row": 0, "column": 10030, "tagName": "a", "time": 26772.688003, "url": "", "pos": 1, "chunkLen": 1, "isStartTag": 1}}
06-28 16:01:36.308 20097 20110 E WProf.db: {"WprofHTMLTag": {"code": "0x9d1fe220", "doc": "https://securepubads.g.doubleclick.net/gampad/ads?gdfp_req=1&glade_req=1&glv=25&output=html&iu=%2F1038259%2FSEL-amp-cube&sz=300x250&sfv=1-0-8&correlator=798703096954880&eid=108809080&adk=2352184609&biw=412&bih=620&adx=56&ady=349&oid=3&u_sd=3.5&ifi=1&is_amp=1&amp_v=1498506512561&nhd=1&url=http%3A%2F%", "row": 0, "column": 10163, "tagName": "img", "time": 26772.688619, "url": "", "pos": 1, "chunkLen": 1, "isStartTag": 1}}
06-28 16:01:36.308 20097 20110 E WProf.db: {"WprofHTMLTag": {"code": "0x9d1fe1f0", "doc": "https://securepubads.g.doubleclick.net/gampad/ads?gdfp_req=1&glade_req=1&glv=25&output=html&iu=%2F1038259%2FSEL-amp-cube&sz=300x250&sfv=1-0-8&correlator=798703096954880&eid=108809080&adk=2352184609&biw=412&bih=620&adx=56&ady=349&oid=3&u_sd=3.5&ifi=1&is_amp=1&amp_v=1498506512561&nhd=1&url=http%3A%2F%", "row": 0, "column": 10167, "tagName": "a", "time": 26772.689725, "url": "", "pos": 1, "chunkLen": 1, "isStartTag": 0}}
06-28 16:01:36.308 20097 20110 E WProf.db: {"WprofHTMLTag": {"code": "0x9d1fe250", "doc": "https://securepubads.g.doubleclick.net/gampad/ads?gdfp_req=1&glade_req=1&glv=25&output=html&iu=%2F1038259%2FSEL-amp-cube&sz=300x250&sfv=1-0-8&correlator=798703096954880&eid=108809080&adk=2352184609&biw=412&bih=620&adx=56&ady=349&oid=3&u_sd=3.5&ifi=1&is_amp=1&amp_v=1498506512561&nhd=1&url=http%3A%2F%", "row": 0, "column": 10173, "tagName": "div", "time": 26772.689763, "url": "", "pos": 1, "chunkLen": 1, "isStartTag": 0}}
06-28 16:01:36.308 20097 20110 E WProf.db: {"WprofHTMLTag": {"code": "0x9d1fe280", "doc": "https://securepubads.g.doubleclick.net/gampad/ads?gdfp_req=1&glade_req=1&glv=25&output=html&iu=%2F1038259%2FSEL-amp-cube&sz=300x250&sfv=1-0-8&correlator=798703096954880&eid=108809080&adk=2352184609&biw=412&bih=620&adx=56&ady=349&oid=3&u_sd=3.5&ifi=1&is_amp=1&amp_v=1498506512561&nhd=1&url=http%3A%2F%", "row": 0, "column": 10296, "tagName": "script", "time": 26772.689785, "url": "https://tpc.googlesyndication.com/pagead/js/r20170619/r20110914/client/ext/m_window_focus_non_hydra.js", "pos": 1, "chunkLen": 1, "isStartTag": 1}}
06-28 16:01:36.308 20097 20110 E WProf.db: {"WprofHTMLTag": {"code": "0x9d1fe2b0", "doc": "https://securepubads.g.doubleclick.net/gampad/ads?gdfp_req=1&glade_req=1&glv=25&output=html&iu=%2F1038259%2FSEL-amp-cube&sz=300x250&sfv=1-0-8&correlator=798703096954880&eid=108809080&adk=2352184609&biw=412&bih=620&adx=56&ady=349&oid=3&u_sd=3.5&ifi=1&is_amp=1&amp_v=1498506512561&nhd=1&url=http%3A%2F%", "row": 0, "column": 10305, "tagName": "script", "time": 26772.690245, "url": "", "pos": 1, "chunkLen": 1, "isStartTag": 0}}
06-28 16:01:36.309 20097 20110 E WProf.db: {"WprofHTMLTag": {"code": "0x9d1fdf50", "doc": "https://securepubads.g.doubleclick.net/gampad/ads?gdfp_req=1&glade_req=1&glv=25&output=html&iu=%2F1038259%2FSEL-amp-cube&sz=300x250&sfv=1-0-8&correlator=798703096954880&eid=108809080&adk=2352184609&biw=412&bih=620&adx=56&ady=349&oid=3&u_sd=3.5&ifi=1&is_amp=1&amp_v=1498506512561&nhd=1&url=http%3A%2F%", "row": 0, "column": 10313, "tagName": "script", "time": 26772.692738, "url": "", "pos": 1, "chunkLen": 1, "isStartTag": 1}}
06-28 16:01:36.309 20097 20110 E WProf.db: {"WprofHTMLTag": {"code": "0x9d1fe2e0", "doc": "https://securepubads.g.doubleclick.net/gampad/ads?gdfp_req=1&glade_req=1&glv=25&output=html&iu=%2F1038259%2FSEL-amp-cube&sz=300x250&sfv=1-0-8&correlator=798703096954880&eid=108809080&adk=2352184609&biw=412&bih=620&adx=56&ady=349&oid=3&u_sd=3.5&ifi=1&is_amp=1&amp_v=1498506512561&nhd=1&url=http%3A%2F%", "row": 0, "column": 10579, "tagName": "script", "time": 26772.693060, "url": "", "pos": 1, "chunkLen": 1, "isStartTag": 0}}
06-28 16:01:36.309 20097 20110 E WProf.db: {"WprofHTMLTag": {"code": "0x9d1fe310", "doc": "https://securepubads.g.doubleclick.net/gampad/ads?gdfp_req=1&glade_req=1&glv=25&output=html&iu=%2F1038259%2FSEL-amp-cube&sz=300x250&sfv=1-0-8&correlator=798703096954880&eid=108809080&adk=2352184609&biw=412&bih=620&adx=56&ady=349&oid=3&u_sd=3.5&ifi=1&is_amp=1&amp_v=1498506512561&nhd=1&url=http%3A%2F%", "row": 0, "column": 10684, "tagName": "script", "time": 26772.695401, "url": "https://tpc.googlesyndication.com/pagead/js/r20170619/r20110914/activeview/osd_listener.js", "pos": 1, "chunkLen": 1, "isStartTag": 1}}
06-28 16:01:36.309 20097 20110 E WProf.db: {"WprofHTMLTag": {"code": "0x9d1fe340", "doc": "https://securepubads.g.doubleclick.net/gampad/ads?gdfp_req=1&glade_req=1&glv=25&output=html&iu=%2F1038259%2FSEL-amp-cube&sz=300x250&sfv=1-0-8&correlator=798703096954880&eid=108809080&adk=2352184609&biw=412&bih=620&adx=56&ady=349&oid=3&u_sd=3.5&ifi=1&is_amp=1&amp_v=1498506512561&nhd=1&url=http%3A%2F%", "row": 0, "column": 10693, "tagName": "script", "time": 26772.695708, "url": "https://pagead2.googlesyndication.com/pagead/osd.js", "pos": 1, "chunkLen": 1, "isStartTag": 0}}
06-28 16:01:36.309 20097 20110 E WProf.db: {"WprofHTMLTag": {"code": "0x9c3ba0e0", "doc": "https://securepubads.g.doubleclick.net/gampad/ads?gdfp_req=1&glade_req=1&glv=25&output=html&iu=%2F1038259%2FSEL-amp-cube&sz=300x250&sfv=1-0-8&correlator=798703096954880&eid=108809080&adk=2352184609&biw=412&bih=620&adx=56&ady=349&oid=3&u_sd=3.5&ifi=1&is_amp=1&amp_v=1498506512561&nhd=1&url=http%3A%2F%", "row": 0, "column": 10724, "tagName": "script", "time": 26773.146715, "url": "", "pos": 1, "chunkLen": 1, "isStartTag": 1}}
06-28 16:01:36.310 20097 20110 E WProf.db: {"WprofHTMLTag": {"code": "0x9c3b9f00", "doc": "https://securepubads.g.doubleclick.net/gampad/ads?gdfp_req=1&glade_req=1&glv=25&output=html&iu=%2F1038259%2FSEL-amp-cube&sz=300x250&sfv=1-0-8&correlator=798703096954880&eid=108809080&adk=2352184609&biw=412&bih=620&adx=56&ady=349&oid=3&u_sd=3.5&ifi=1&is_amp=1&amp_v=1498506512561&nhd=1&url=http%3A%2F%", "row": 0, "column": 11077, "tagName": "script", "time": 26773.147114, "url": "", "pos": 1, "chunkLen": 1, "isStartTag": 0}}
06-28 16:01:36.310 20097 20110 E WProf.db: {"WprofHTMLTag": {"code": "0x9c3b9660", "doc": "https://securepubads.g.doubleclick.net/gampad/ads?gdfp_req=1&glade_req=1&glv=25&output=html&iu=%2F1038259%2FSEL-amp-cube&sz=300x250&sfv=1-0-8&correlator=798703096954880&eid=108809080&adk=2352184609&biw=412&bih=620&adx=56&ady=349&oid=3&u_sd=3.5&ifi=1&is_amp=1&amp_v=1498506512561&nhd=1&url=http%3A%2F%", "row": 0, "column": 11085, "tagName": "script", "time": 26773.176114, "url": "", "pos": 1, "chunkLen": 1, "isStartTag": 1}}
06-28 16:01:36.310 20097 20110 E WProf.db: {"WprofHTMLTag": {"code": "0x9c3bad70", "doc": "https://securepubads.g.doubleclick.net/gampad/ads?gdfp_req=1&glade_req=1&glv=25&output=html&iu=%2F1038259%2FSEL-amp-cube&sz=300x250&sfv=1-0-8&correlator=798703096954880&eid=108809080&adk=2352184609&biw=412&bih=620&adx=56&ady=349&oid=3&u_sd=3.5&ifi=1&is_amp=1&amp_v=1498506512561&nhd=1&url=http%3A%2F%", "row": 0, "column": 19647, "tagName": "script", "time": 26773.176765, "url": "", "pos": 1, "chunkLen": 1, "isStartTag": 0}}
06-28 16:01:36.310 20097 20110 E WProf.db: {"WprofHTMLTag": {"code": "0x9c3b9e40", "doc": "https://securepubads.g.doubleclick.net/gampad/ads?gdfp_req=1&glade_req=1&glv=25&output=html&iu=%2F1038259%2FSEL-amp-cube&sz=300x250&sfv=1-0-8&correlator=798703096954880&eid=108809080&adk=2352184609&biw=412&bih=620&adx=56&ady=349&oid=3&u_sd=3.5&ifi=1&is_amp=1&amp_v=1498506512561&nhd=1&url=http%3A%2F%", "row": 0, "column": 19655, "tagName": "script", "time": 26773.183930, "url": "", "pos": 1, "chunkLen": 1, "isStartTag": 1}}
