--------- beginning of main
06-28 09:34:38.102  3449  3449 E Finsky  : [1] com.google.android.finsky.wear.bl.a(3): onConnectionFailed: ConnectionResult{statusCode=API_UNAVAILABLE, resolution=null, message=null}
--------- beginning of system
06-28 09:34:39.198 12812 12812 E chromium: [ERROR:shell_integration_android.cc(12)] Not implemented reached in static ShellIntegration::DefaultWebClientSetPermission ShellIntegration::CanSetAsDefaultBrowser()
06-28 09:34:39.203 12812 12812 E chromium: [ERROR:browser_process_impl.cc(720)] Not implemented reached in virtual BackgroundModeManager* BrowserProcessImpl::background_mode_manager()
06-28 09:34:39.524  3218  5232 E AudioRecord-JNI: Error -4 during AudioRecord native read
06-28 09:34:42.062 12812 12860 E chromium: [ERROR:gles2_cmd_decoder.cc(3852)] [.ChromiumCompositor-0xacbb2fc0]GL ERROR :GL_INVALID_ENUM : glDiscardFramebufferEXT: attachments was GL_COLOR_EXT
06-28 09:34:42.308 12880 12893 E WPROF   : {"CSS": {"url": "http://searchengineland.com/figz/wp-content/themes/searchengineland/css/searchengineland-bootstrap.css", "requestTime": 3559.363303}}
06-28 09:34:42.308 12880 12893 E WPROF   : {"CSS": {"url": "http://fonts.googleapis.com/css?family=Oswald:300,400,700", "requestTime": 3559.363840}}
06-28 09:34:42.309 12880 12893 E WPROF   : {"CSS": {"url": "http://searchengineland.com/figz/wp-content/themes/searchengineland/style.css", "requestTime": 3559.364340}}
06-28 09:34:42.315 12880 12893 E WPROF   : {"Javascript": {"url": "http://searchengineland.com/figz/wp-content/themes/searchengineland/js/lib/modernizr.custom.js?ver=1.0", "requestTime": 3559.370762}}
06-28 09:34:42.315 12880 12893 E WPROF   : {"Javascript": {"url": "http://searchengineland.com/figz/wp-content/themes/searchengineland/js/lib/jquery-1.11.0.min.js?ver=1.11.0", "requestTime": 3559.371138}}
06-28 09:34:42.316 12880 12893 E WPROF   : {"Javascript": {"url": "http://searchengineland.com/figz/wp-content/themes/searchengineland/js/lib/jquery-ui-1.10.3.custom.min.js?ver=1.10.3", "requestTime": 3559.371457}}
06-28 09:34:42.316 12880 12893 E WPROF   : {"Javascript": {"url": "http://searchengineland.com/figz/wp-content/themes/searchengineland/js/lib/jquery.ba-throttle-debounce.min.js?ver=1.1", "requestTime": 3559.371977}}
06-28 09:34:42.317 12880 12893 E WPROF   : {"Javascript": {"url": "http://searchengineland.com/figz/wp-content/themes/searchengineland/js/lib/jquery.countdown.min.js?ver=2.0.4", "requestTime": 3559.372284}}
06-28 09:34:42.318 12880 12893 E WPROF   : {"Javascript": {"url": "http://static.chartbeat.com/js/chartbeat_mab.js", "requestTime": 3559.373612}}
06-28 09:34:42.920 12880 12893 E WPROF   : {"Javascript": {"url": "http://searchengineland.com/figz/wp-includes/js/wp-emoji-release.min.js?ver=4.7.5", "requestTime": 3559.975867}}
06-28 09:34:43.321 12880 12893 E WPROF   : {"Javascript": {"url": "http://www.googletagservices.com/tag/js/gpt.js", "requestTime": 3560.376787}}
06-28 09:34:43.325 12880 12893 E WPROF   : {"Javascript": {"url": "https://www.google-analytics.com/analytics.js", "requestTime": 3560.380790}}
06-28 09:34:43.328 12880 12893 E WPROF   : {"Javascript": {"url": "http://edge.quantserve.com/quant.js", "requestTime": 3560.383795}}
06-28 09:34:43.331 12880 12893 E WPROF   : {"Javascript": {"url": "https://connect.facebook.net/en_US/fbevents.js", "requestTime": 3560.386808}}
06-28 09:34:43.421 12880 12893 E WPROF   : {"Javascript": {"url": "http://app-sj02.marketo.com/js/forms2/js/forms2.min.js", "requestTime": 3560.476425}}
06-28 09:34:43.422 12812 12860 E chromium: [ERROR:gles2_cmd_decoder.cc(3852)] [.ChromiumCompositor-0xacbb2fc0]GL ERROR :GL_INVALID_ENUM : glDiscardFramebufferEXT: attachments was GL_COLOR_EXT
06-28 09:34:43.433 12880 12893 E WPROF   : {"Javascript": {"url": "http://searchengineland.com/js/ga_social_tracking.js", "requestTime": 3560.489156}}
06-28 09:34:43.434 12880 12893 E WPROF   : {"Javascript": {"url": "http://s7.addthis.com/js/300/addthis_widget.js#pubid=ra-53e918f660794f37", "requestTime": 3560.489639}}
06-28 09:34:43.529 12812 12860 E chromium: [ERROR:gles2_cmd_decoder.cc(3852)] [.ChromiumCompositor-0xacbb2fc0]GL ERROR :GL_INVALID_ENUM : glDiscardFramebufferEXT: attachments was GL_COLOR_EXT
06-28 09:34:43.677 12880 12893 E WPROF   : {"Javascript": {"url": "http://app-sj02.marketo.com/index.php/form/getForm?munchkinId=727-ZQE-044&form=5691&url=http%3A%2F%2Fsearchengineland.com%2Fbaby-come-back-grow-customer-revenue-people-based-search-marketing-277072&callback=jQuery110205289559734519571_1498610083607&_=1498610083608", "requestTime": 3560.732927}}
06-28 09:34:43.723 12880 12893 E WPROF   : {"Javascript": {"url": "http://app-sj02.marketo.com/index.php/form/getForm?munchkinId=727-ZQE-044&form=5673&url=http%3A%2F%2Fsearchengineland.com%2Fbaby-come-back-grow-customer-revenue-people-based-search-marketing-277072&callback=jQuery110205289559734519571_1498610083609&_=1498610083610", "requestTime": 3560.778221}}
06-28 09:34:43.764 12880 12893 E WPROF   : {"Javascript": {"url": "https://connect.facebook.net/signals/config/423979991297359?v=2.7.17", "requestTime": 3560.820151}}
06-28 09:34:44.042 12812 12860 E chromium: [ERROR:gles2_cmd_decoder.cc(3852)] [.ChromiumCompositor-0xacbb2fc0]GL ERROR :GL_INVALID_ENUM : glDiscardFramebufferEXT: attachments was GL_COLOR_EXT
06-28 09:34:44.290 12880 12893 E WPROF   : {"Javascript": {"url": "http://platform.twitter.com/widgets.js", "requestTime": 3561.346077}}
06-28 09:34:44.292 12880 12893 E WPROF   : {"Javascript": {"url": "http://connect.facebook.net/en_US/sdk.js", "requestTime": 3561.347783}}
06-28 09:34:44.294 12880 12893 E WPROF   : {"Javascript": {"url": "https://apis.google.com/js/platform.js", "requestTime": 3561.349543}}
06-28 09:34:44.316 12880 12893 E WPROF   : {"Javascript": {"url": "http://rules.quantcount.com/rules-p-5aGizvD82d9hk.js", "requestTime": 3561.371782}}
06-28 09:34:44.320 12880 12893 E WPROF   : {"Javascript": {"url": "http://munchkin.marketo.net/munchkin.js", "requestTime": 3561.375233}}
06-28 09:34:44.338 12880 12893 E WPROF   : {"Javascript": {"url": "https://securepubads.g.doubleclick.net/gpt/pubads_impl_121.js", "requestTime": 3561.393518}}
06-28 09:34:44.449 12880 12893 E WPROF   : {"Javascript": {"url": "http://d2j3qa5nc37287.cloudfront.net/coupon_code1.js", "requestTime": 3561.504296}}
06-28 09:34:44.548 12880 12893 E WPROF   : {"Javascript": {"url": "http://www.googleadservices.com/pagead/conversion.js", "requestTime": 3561.603874}}
06-28 09:34:44.549 12880 12893 E WPROF   : {"Javascript": {"url": "http://searchengineland.com/figz/wp-content/themes/searchengineland/js/script.js?ver=1.0", "requestTime": 3561.604653}}
06-28 09:34:44.550 12880 12893 E WPROF   : {"Javascript": {"url": "http://searchengineland.com/figz/wp-includes/js/wp-embed.min.js?ver=4.7.5", "requestTime": 3561.606025}}
06-28 09:34:44.551 12880 12893 E WPROF   : {"Javascript": {"url": "http://searchengineland.com/figz/wp-content/themes/searchengineland/js/modules/sharing_controls.js", "requestTime": 3561.606585}}
06-28 09:34:44.565 12880 12893 E WPROF   : {"Javascript": {"url": "http://dnn506yrbagrg.cloudfront.net/pages/scripts/0026/4062.js?416280", "requestTime": 3561.620310}}
06-28 09:34:44.671 12812 12860 E chromium: [ERROR:gles2_cmd_decoder.cc(3852)] [.ChromiumCompositor-0xacbb2fc0]GL ERROR :GL_INVALID_ENUM : glDiscardFramebufferEXT: attachments was GL_COLOR_EXT
06-28 09:34:44.697 12880 12893 E WPROF   : {"CSS": {"url": "http://app-sj02.marketo.com/js/forms2/css/forms2.css", "requestTime": 3561.752794}}
06-28 09:34:44.700 12880 12893 E WPROF   : {"CSS": {"url": "http://app-sj02.marketo.com/js/forms2/css/forms2-theme-simple.css", "requestTime": 3561.755560}}
06-28 09:34:44.858   862  1657 E LocSvc_IzatApiV02: E/virtual int izat_core::IzatApiV02::getBatchSize(int32_t):522]: Error : st = 4, ind.status = -1628389555
06-28 09:34:44.858   862  1657 E LocSvc_IzatApiV02: E/virtual int izat_core::IzatApiV02::getBatchSize(int32_t):535]: get batching size failed.Or modem does not support batching 
06-28 09:34:44.866   862  1657 E LocSvc_IzatApiV02: E/virtual int izat_core::IzatApiV02::getBatchSize(int32_t):522]: Error : st = 4, ind.status = -1628389555
06-28 09:34:44.866   862  1657 E LocSvc_IzatApiV02: E/virtual int izat_core::IzatApiV02::getBatchSize(int32_t):535]: get batching size failed.Or modem does not support batching 
06-28 09:34:44.899   862  1657 E LocSvc_IzatApiV02: E/virtual int izat_core::IzatApiV02::getBatchSize(int32_t):522]: Error : st = 4, ind.status = -1628389555
06-28 09:34:44.899   862  1657 E LocSvc_IzatApiV02: E/virtual int izat_core::IzatApiV02::getBatchSize(int32_t):535]: get batching size failed.Or modem does not support batching 
06-28 09:34:44.908   862  1657 E LocSvc_IzatApiV02: E/virtual int izat_core::IzatApiV02::getBatchSize(int32_t):522]: Error : st = 4, ind.status = -1628389555
06-28 09:34:44.908   862  1657 E LocSvc_IzatApiV02: E/virtual int izat_core::IzatApiV02::getBatchSize(int32_t):535]: get batching size failed.Or modem does not support batching 
06-28 09:34:44.987 12880 12893 E WPROF   : {"Javascript": {"url": "http://cdn.api.twitter.com/1/users/show.json?screen_name=DMarketingDepot&callback=twttr.setFollowersCount", "requestTime": 3562.042737}}
06-28 09:34:45.015 12880 12893 E WPROF   : {"Javascript": {"url": "https://static.xx.fbcdn.net/rsrc.php/v3iy6L4/yk/l/ko_KR/be4fIjHRc8P.js", "requestTime": 3562.071019}}
06-28 09:34:45.114 12812 12860 E chromium: [ERROR:gles2_cmd_decoder.cc(3852)] [.ChromiumCompositor-0xacbb2fc0]GL ERROR :GL_INVALID_ENUM : glDiscardFramebufferEXT: attachments was GL_COLOR_EXT
06-28 09:34:45.591 12880 12893 E WPROF   : {"Javascript": {"url": "http://m.addthisedge.com/live/boost/ra-53e918f660794f37/_ate.track.config_resp", "requestTime": 3562.647114}}
06-28 09:34:45.645 12880 12893 E WPROF   : {"Javascript": {"url": "http://m.addthis.com/live/red_lojson/300lo.json?si=5952f9a439adfc1a&bkl=0&bl=1&pdt=1477&sid=5952f9a439adfc1a&pub=ra-53e918f660794f37&rev=v7.15.4-wp&ln=ko&pc=men&cb=0&ab=-&dp=searchengineland.com&fp=baby-come-back-grow-customer-revenue-people-based-search-marketing-277072&fr=&of=0&pd=0&irt=0&vcl=0&md", "requestTime": 3562.701183}}
06-28 09:34:45.786 12812 12860 E chromium: [ERROR:gles2_cmd_decoder.cc(3852)] [.ChromiumCompositor-0xacbb2fc0]GL ERROR :GL_INVALID_ENUM : glDiscardFramebufferEXT: attachments was GL_COLOR_EXT
06-28 09:34:45.943 12880 12893 E WPROF   : {"Javascript": {"url": "https://platform.twitter.com/js/button.b731e6c82269f70f6fc53634e044a4c6.js", "requestTime": 3562.998798}}
06-28 09:34:45.948 12880 12893 E WPROF   : {"Javascript": {"url": "http://munchkin.marketo.net/151/munchkin.js", "requestTime": 3563.003604}}
06-28 09:34:45.955 12880 12893 E WPROF   : {"Javascript": {"url": "http://www.justuno.com/ajax/account_version_check.html?id=828FA275-FF73-401E-AA39-40F5A6FAB6B1", "requestTime": 3563.010880}}
06-28 09:34:46.664 12880 12893 E WPROF   : {"Javascript": {"url": "https://securepubads.g.doubleclick.net/gampad/ads?gdfp_req=1&correlator=4321835040636928&output=json_html&callback=googletag.impl.pubads.callbackProxy1&impl=fifs&json_a=1&eid=108809080%2C21060130%2C108809107%2C21060177%2C21060510&sc=0&sfv=1-0-9&iu_parts=1038259%2Csel-ciu-1%2Csel-ciu-2%2Csel-ciu-3%2C", "requestTime": 3563.719783}}
06-28 09:34:46.772 12880 12893 E WPROF   : {"CSS": {"url": "https://www.youtube.com/yts/cssbin/www-embed-player-sprite-mode-vfl5G4Xm8.css", "requestTime": 3563.828197}}
06-28 09:34:46.774 12880 12893 E WPROF   : {"Javascript": {"url": "https://www.youtube.com/yts/jsbin/www-embed-player-vfl_UY_j8/www-embed-player.js", "requestTime": 3563.829931}}
06-28 09:34:46.775 12880 12893 E WPROF   : {"Javascript": {"url": "https://www.youtube.com/yts/jsbin/player-vflo1w4O-/ko_KR/base.js", "requestTime": 3563.830753}}
06-28 09:34:46.995 12812 12860 E chromium: [ERROR:gles2_cmd_decoder.cc(3852)] [.ChromiumCompositor-0xacbb2fc0]GL ERROR :GL_INVALID_ENUM : glDiscardFramebufferEXT: attachments was GL_COLOR_EXT
06-28 09:34:48.241 12812 12860 E chromium: [ERROR:gles2_cmd_decoder.cc(3852)] [.ChromiumCompositor-0xacbb2fc0]GL ERROR :GL_INVALID_ENUM : glDiscardFramebufferEXT: attachments was GL_COLOR_EXT
06-28 09:34:49.242 12880 12893 E WPROF   : {"Javascript": {"url": "https://www.google.com/js/bg/KWBfAnWFESAEEaKKgdYlTHY9ysQaNoQuzeMFqvxDSM8.js", "requestTime": 3566.298056}}
06-28 09:34:49.245 12880 12893 E WPROF   : {"Javascript": {"url": "https://static.doubleclick.net/instream/ad_status.js", "requestTime": 3566.300926}}
06-28 09:34:49.521 12812 12860 E chromium: [ERROR:gles2_cmd_decoder.cc(3852)] [.ChromiumCompositor-0xacbb2fc0]GL ERROR :GL_INVALID_ENUM : glDiscardFramebufferEXT: attachments was GL_COLOR_EXT
06-28 09:34:49.706 12812 12860 E chromium: [ERROR:gles2_cmd_decoder.cc(3852)] [.ChromiumCompositor-0xacbb2fc0]GL ERROR :GL_INVALID_ENUM : glDiscardFramebufferEXT: attachments was GL_COLOR_EXT
06-28 09:34:49.801 12880 12893 E WPROF   : {"Javascript": {"url": "http://s7.addthis.com/static/layers.4acb6c577b51939661ec.js", "requestTime": 3566.856850}}
06-28 09:34:49.831 12880 12893 E WPROF   : {"Javascript": {"url": "http://cdn.justuno.com/mwgt_3.6.js", "requestTime": 3566.886875}}
06-28 09:34:49.973 12812 12860 E chromium: [ERROR:gles2_cmd_decoder.cc(3852)] [.ChromiumCompositor-0xacbb2fc0]GL ERROR :GL_INVALID_ENUM : glDiscardFramebufferEXT: attachments was GL_COLOR_EXT
06-28 09:34:52.306 12812 12860 E chromium: [ERROR:gles2_cmd_decoder.cc(3852)] [.ChromiumCompositor-0xacbb2fc0]GL ERROR :GL_INVALID_ENUM : glDiscardFramebufferEXT: attachments was GL_COLOR_EXT
06-28 09:34:52.556 12812 12860 E chromium: [ERROR:gles2_cmd_decoder.cc(3852)] [.ChromiumCompositor-0xacbb2fc0]GL ERROR :GL_INVALID_ENUM : glDiscardFramebufferEXT: attachments was GL_COLOR_EXT
06-28 09:34:52.733 12880 12893 E WPROF   : {"Javascript": {"url": "https://cdn.syndication.twimg.com/widgets/followbutton/info.json?callback=__twttr.setFollowersCountAndFollowing&lang=en&screen_names=sengineland", "requestTime": 3569.789021}}
06-28 09:34:52.833 12880 12893 E WPROF   : {"Javascript": {"url": "https://app-sj02.marketo.com/js/forms2/js/forms2.min.js", "requestTime": 3569.888564}}
06-28 09:34:53.421 12812 12860 E chromium: [ERROR:gles2_cmd_decoder.cc(3852)] [.ChromiumCompositor-0xacbb2fc0]GL ERROR :GL_INVALID_ENUM : glDiscardFramebufferEXT: attachments was GL_COLOR_EXT
06-28 09:34:53.851 12880 12893 E WProf.db: {"page": "searchengineland.com_baby-come-back-grow-customer-revenue-people-based-search-marketing-277072"}
06-28 09:34:53.851 12880 12893 E WProf.db: {"DOMLoad": 3570.906725}
06-28 09:34:53.851 12880 12893 E WProf.db: {"Resource": {"id": 1, "url": "http://searchengineland.com/baby-come-back-grow-customer-revenue-people-based-search-marketing-277072", "sentTime": -1.000000, "len": 79505, "from": "0x0", "mimeType": "text/html", "contentLength": -1, "httpStatus": 200, "connId": 20, "connReused": 1, "cached": 0,"requestTime": 3559.026737, "proxyStart": -1, "proxyEnd": -1, "dnsStart": -1, "dnsEnd": -1, "connectStart": 0, "connectEnd": 72, "sendStart": 72, "sendEnd": 73, "receiveHeadersEnd": 232, "sslStart": -1, "sslEnd": -1}}
06-28 09:34:53.851 12880 12893 E WProf.db: {"ReceivedChunk": {"receivedTime": 3559.279243, "len": 2535}}
06-28 09:34:53.851 12880 12893 E WProf.db: {"ReceivedChunk": {"receivedTime": 3559.351406, "len": 32768}}
06-28 09:34:53.851 12880 12893 E WProf.db: {"ReceivedChunk": {"receivedTime": 3559.351695, "len": 32768}}
06-28 09:34:53.851 12880 12893 E WProf.db: {"ReceivedChunk": {"receivedTime": 3559.352000, "len": 5460}}
06-28 09:34:53.851 12880 12893 E WProf.db: {"ReceivedChunk": {"receivedTime": 3559.429403, "len": 5974}}
06-28 09:34:53.851 12880 12893 E WProf.db: {"WprofHTMLTag": {"code": "0xaedd45a0", "doc": "http://searchengineland.com/baby-come-back-grow-customer-revenue-people-based-search-marketing-277072", "row": 6, "column": 42, "tagName": "html", "time": 3559.355339, "url": "", "pos": 1, "chunkLen": 1, "isStartTag": 1}}
06-28 09:34:53.852 12880 12893 E WProf.db: {"WprofHTMLTag": {"code": "0xaedd4270", "doc": "http://searchengineland.com/baby-come-back-grow-customer-revenue-people-based-search-marketing-277072", "row": 7, "column": 6, "tagName": "head", "time": 3559.355840, "url": "", "pos": 1, "chunkLen": 1, "isStartTag": 1}}
06-28 09:34:53.852 12880 12893 E WProf.db: {"WprofHTMLTag": {"code": "0xaf047790", "doc": "http://searchengineland.com/baby-come-back-grow-customer-revenue-people-based-search-marketing-277072", "row": 8, "column": 54, "tagName": "meta", "time": 3559.355884, "url": "", "pos": 1, "chunkLen": 1, "isStartTag": 1}}
06-28 09:34:53.852 12880 12893 E WProf.db: {"WprofHTMLTag": {"code": "0xaf047880", "doc": "http://searchengineland.com/baby-come-back-grow-customer-revenue-people-based-search-marketing-277072", "row": 9, "column": 68, "tagName": "meta", "time": 3559.356022, "url": "", "pos": 1, "chunkLen": 1, "isStartTag": 1}}
06-28 09:34:53.852 12880 12893 E WProf.db: {"WprofHTMLTag": {"code": "0xaf0478b0", "doc": "http://searchengineland.com/baby-come-back-grow-customer-revenue-people-based-search-marketing-277072", "row": 10, "column": 23, "tagName": "meta", "time": 3559.356131, "url": "", "pos": 1, "chunkLen": 1, "isStartTag": 1}}
06-28 09:34:53.852 12880 12893 E WProf.db: {"WprofHTMLTag": {"code": "0xaf0478e0", "doc": "http://searchengineland.com/baby-come-back-grow-customer-revenue-people-based-search-marketing-277072", "row": 11, "column": 52, "tagName": "meta", "time": 3559.356258, "url": "", "pos": 1, "chunkLen": 1, "isStartTag": 1}}
06-28 09:34:53.852 12880 12893 E WProf.db: {"WprofHTMLTag": {"code": "0xaf047910", "doc": "http://searchengineland.com/baby-come-back-grow-customer-revenue-people-based-search-marketing-277072", "row": 14, "column": 56, "tagName": "meta", "time": 3559.356377, "url": "", "pos": 1, "chunkLen": 1, "isStartTag": 1}}
06-28 09:34:53.852 12880 12893 E WProf.db: {"WprofHTMLTag": {"code": "0xaf047940", "doc": "http://searchengineland.com/baby-come-back-grow-customer-revenue-people-based-search-marketing-277072", "row": 15, "column": 83, "tagName": "meta", "time": 3559.356484, "url": "", "pos": 1, "chunkLen": 1, "isStartTag": 1}}
06-28 09:34:53.852 12880 12893 E WProf.db: {"WprofHTMLTag": {"code": "0xaf047970", "doc": "http://searchengineland.com/baby-come-back-grow-customer-revenue-people-based-search-marketing-277072", "row": 16, "column": 57, "tagName": "meta", "time": 3559.356600, "url": "", "pos": 1, "chunkLen": 1, "isStartTag": 1}}
06-28 09:34:53.852 12880 12893 E WProf.db: {"WprofHTMLTag": {"code": "0xaf047a00", "doc": "http://searchengineland.com/baby-come-back-grow-customer-revenue-people-based-search-marketing-277072", "row": 17, "column": 41, "tagName": "meta", "time": 3559.357010, "url": "", "pos": 1, "chunkLen": 1, "isStartTag": 1}}
06-28 09:34:53.852 12880 12893 E WProf.db: {"WprofHTMLTag": {"code": "0xaf047a30", "doc": "http://searchengineland.com/baby-come-back-grow-customer-revenue-people-based-search-marketing-277072", "row": 18, "column": 50, "tagName": "meta", "time": 3559.357114, "url": "", "pos": 1, "chunkLen": 1, "isStartTag": 1}}
06-28 09:34:53.852 12880 12893 E WProf.db: {"WprofHTMLTag": {"code": "0xaf047a60", "doc": "http://searchengineland.com/baby-come-back-grow-customer-revenue-people-based-search-marketing-277072", "row": 19, "column": 174, "tagName": "meta", "time": 3559.357219, "url": "", "pos": 1, "chunkLen": 1, "isStartTag": 1}}
06-28 09:34:53.852 12880 12893 E WProf.db: {"WprofHTMLTag": {"code": "0xaf0479d0", "doc": "http://searchengineland.com/baby-come-back-grow-customer-revenue-people-based-search-marketing-277072", "row": 20, "column": 47, "tagName": "meta", "time": 3559.357323, "url": "", "pos": 1, "chunkLen": 1, "isStartTag": 1}}
06-28 09:34:53.852 12880 12893 E WProf.db: {"WprofHTMLTag": {"code": "0xaf0479a0", "doc": "http://searchengineland.com/baby-come-back-grow-customer-revenue-people-based-search-marketing-277072", "row": 21, "column": 67, "tagName": "meta", "time": 3559.357422, "url": "", "pos": 1, "chunkLen": 1, "isStartTag": 1}}
06-28 09:34:53.853 12880 12893 E WProf.db: {"WprofHTMLTag": {"code": "0xaf047a90", "doc": "http://searchengineland.com/baby-come-back-grow-customer-revenue-people-based-search-marketing-277072", "row": 22, "column": 57, "tagName": "meta", "time": 3559.357525, "url": "", "pos": 1, "chunkLen": 1, "isStartTag": 1}}
06-28 09:34:53.853 12880 12893 E WProf.db: {"WprofHTMLTag": {"code": "0xaf047ac0", "doc": "http://searchengineland.com/baby-come-back-grow-customer-revenue-people-based-search-marketing-277072", "row": 23, "column": 65, "tagName": "meta", "time": 3559.357629, "url": "", "pos": 1, "chunkLen": 1, "isStartTag": 1}}
06-28 09:34:53.853 12880 12893 E WProf.db: {"WprofHTMLTag": {"code": "0xaf047af0", "doc": "http://searchengineland.com/baby-come-back-grow-customer-revenue-people-based-search-marketing-277072", "row": 24, "column": 55, "tagName": "meta", "time": 3559.357736, "url": "", "pos": 1, "chunkLen": 1, "isStartTag": 1}}
06-28 09:34:53.853 12880 12893 E WProf.db: {"WprofHTMLTag": {"code": "0xaf047b20", "doc": "http://searchengineland.com/baby-come-back-grow-customer-revenue-people-based-search-marketing-277072", "row": 25, "column": 71, "tagName": "meta", "time": 3559.357839, "url": "", "pos": 1, "chunkLen": 1, "isStartTag": 1}}
06-28 09:34:53.853 12880 12893 E WProf.db: {"WprofHTMLTag": {"code": "0xaf047b50", "doc": "http://searchengineland.com/baby-come-back-grow-customer-revenue-people-based-search-marketing-277072", "row": 26, "column": 86, "tagName": "meta", "time": 3559.357949, "url": "", "pos": 1, "chunkLen": 1, "isStartTag": 1}}
06-28 09:34:53.853 12880 12893 E WProf.db: {"WprofHTMLTag": {"code": "0xaf047b80", "doc": "http://searchengineland.com/baby-come-back-grow-customer-revenue-people-based-search-marketing-277072", "row": 27, "column": 54, "tagName": "meta", "time": 3559.358055, "url": "", "pos": 1, "chunkLen": 1, "isStartTag": 1}}
06-28 09:34:53.853 12880 12893 E WProf.db: {"WprofHTMLTag": {"code": "0xaf047bb0", "doc": "http://searchengineland.com/baby-come-back-grow-customer-revenue-people-based-search-marketing-277072", "row": 29, "column": 39, "tagName": "meta", "time": 3559.358155, "url": "", "pos": 1, "chunkLen": 1, "isStartTag": 1}}
06-28 09:34:53.853 12880 12893 E WProf.db: {"WprofHTMLTag": {"code": "0xaf047be0", "doc": "http://searchengineland.com/baby-come-back-grow-customer-revenue-people-based-search-marketing-277072", "row": 30, "column": 178, "tagName": "meta", "time": 3559.358264, "url": "", "pos": 1, "chunkLen": 1, "isStartTag": 1}}
06-28 09:34:53.853 12880 12893 E WProf.db: {"WprofHTMLTag": {"code": "0xaf047c10", "doc": "http://searchengineland.com/baby-come-back-grow-customer-revenue-people-based-search-marketing-277072", "row": 31, "column": 55, "tagName": "meta", "time": 3559.358368, "url": "", "pos": 1, "chunkLen": 1, "isStartTag": 1}}
06-28 09:34:53.853 12880 12893 E WProf.db: {"WprofHTMLTag": {"code": "0xaf047c40", "doc": "http://searchengineland.com/baby-come-back-grow-customer-revenue-people-based-search-marketing-277072", "row": 32, "column": 54, "tagName": "meta", "time": 3559.358474, "url": "", "pos": 1, "chunkLen": 1, "isStartTag": 1}}
06-28 09:34:53.853 12880 12893 E WProf.db: {"WprofHTMLTag": {"code": "0xaf047c70", "doc": "http://searchengineland.com/baby-come-back-grow-customer-revenue-people-based-search-marketing-277072", "row": 33, "column": 134, "tagName": "meta", "time": 3559.358578, "url": "", "pos": 1, "chunkLen": 1, "isStartTag": 1}}
06-28 09:34:53.853 12880 12893 E WProf.db: {"WprofHTMLTag": {"code": "0xaf047ca0", "doc": "http://searchengineland.com/baby-come-back-grow-customer-revenue-people-based-search-marketing-277072", "row": 37, "column": 36, "tagName": "script", "time": 3559.358681, "url": "", "pos": 1, "chunkLen": 1, "isStartTag": 1}}
06-28 09:34:53.853 12880 12893 E WProf.db: {"WprofHTMLTag": {"code": "0xaf047cd0", "doc": "http://searchengineland.com/baby-come-back-grow-customer-revenue-people-based-search-marketing-277072", "row": 53, "column": 10, "tagName": "script", "time": 3559.359005, "url": "", "pos": 1, "chunkLen": 1, "isStartTag": 0}}
06-28 09:34:53.853 12880 12893 E WProf.db: {"WprofHTMLTag": {"code": "0xaedd45d0", "doc": "http://searchengineland.com/baby-come-back-grow-customer-revenue-people-based-search-marketing-277072", "row": 55, "column": 86, "tagName": "link", "time": 3559.361946, "url": "http://searchengineland.com/apple-touch-icon.png", "pos": 1, "chunkLen": 1, "isStartTag": 1}}
06-28 09:34:53.854 12880 12893 E WProf.db: {"WprofHTMLTag": {"code": "0xaf047d00", "doc": "http://searchengineland.com/baby-come-back-grow-customer-revenue-people-based-search-marketing-277072", "row": 56, "column": 76, "tagName": "link", "time": 3559.362273, "url": "http://searchengineland.com/favicon.ico", "pos": 1, "chunkLen": 1, "isStartTag": 1}}
06-28 09:34:53.854 12880 12893 E WProf.db: {"WprofHTMLTag": {"code": "0xaf047d30", "doc": "http://searchengineland.com/baby-come-back-grow-customer-revenue-people-based-search-marketing-277072", "row": 57, "column": 158, "tagName": "link", "time": 3559.362473, "url": "http://feeds.searchengineland.com/searchengineland", "pos": 1, "chunkLen": 1, "isStartTag": 1}}
06-28 09:34:53.854 12880 12893 E WProf.db: {"WprofHTMLTag": {"code": "0xaf047d60", "doc": "http://searchengineland.com/baby-come-back-grow-customer-revenue-people-based-search-marketing-277072", "row": 58, "column": 149, "tagName": "link", "time": 3559.362735, "url": "http://feeds.searchengineland.com/searchcap", "pos": 1, "chunkLen": 1, "isStartTag": 1}}
06-28 09:34:53.854 12880 12893 E WProf.db: {"WprofHTMLTag": {"code": "0xaf047d90", "doc": "http://searchengineland.com/baby-come-back-grow-customer-revenue-people-based-search-marketing-277072", "row": 59, "column": 150, "tagName": "link", "time": 3559.363019, "url": "http://searchengineland.com/figz/wp-content/themes/searchengineland/css/searchengineland-bootstrap.css", "pos": 1, "chunkLen": 1, "isStartTag": 1}}
06-28 09:34:53.854 12880 12893 E WProf.db: {"WprofHTMLTag": {"code": "0xaf047df0", "doc": "http://searchengineland.com/baby-come-back-grow-customer-revenue-people-based-search-marketing-277072", "row": 60, "column": 105, "tagName": "link", "time": 3559.363552, "url": "http://fonts.googleapis.com/css?family=Oswald:300,400,700", "pos": 1, "chunkLen": 1, "isStartTag": 1}}
06-28 09:34:53.854 12880 12893 E WProf.db: {"WprofHTMLTag": {"code": "0xaf047e50", "doc": "http://searchengineland.com/baby-come-back-grow-customer-revenue-people-based-search-marketing-277072", "row": 61, "column": 125, "tagName": "link", "time": 3559.364059, "url": "http://searchengineland.com/figz/wp-content/themes/searchengineland/style.css", "pos": 1, "chunkLen": 1, "isStartTag": 1}}
06-28 09:34:53.854 12880 12893 E WProf.db: {"WprofHTMLTag": {"code": "0xaf047eb0", "doc": "http://searchengineland.com/baby-come-back-grow-customer-revenue-people-based-search-marketing-277072", "row": 65, "column": 7, "tagName": "title", "time": 3559.364559, "url": "", "pos": 1, "chunkLen": 1, "isStartTag": 1}}
06-28 09:34:53.854 12880 12893 E WProf.db: {"WprofHTMLTag": {"code": "0xaf047ee0", "doc": "http://searchengineland.com/baby-come-back-grow-customer-revenue-people-based-search-marketing-277072", "row": 65, "column": 94, "tagName": "title", "time": 3559.364655, "url": "", "pos": 1, "chunkLen": 1, "isStartTag": 0}}
06-28 09:34:53.854 12880 12893 E WProf.db: {"WprofHTMLTag": {"code": "0xaf047f10", "doc": "http://searchengineland.com/baby-come-back-grow-customer-revenue-people-based-search-marketing-277072", "row": 66, "column": 191, "tagName": "meta", "time": 3559.364678, "url": "", "pos": 1, "chunkLen": 1, "isStartTag": 1}}
06-28 09:34:53.854 12880 12893 E WProf.db: {"WprofHTMLTag": {"code": "0xaf047f40", "doc": "http://searchengineland.com/baby-come-back-grow-customer-revenue-people-based-search-marketing-277072", "row": 67, "column": 40, "tagName": "meta", "time": 3559.364817, "url": "", "pos": 1, "chunkLen": 1, "isStartTag": 1}}
06-28 09:34:53.854 12880 12893 E WProf.db: {"WprofHTMLTag": {"code": "0xaf047f70", "doc": "http://searchengineland.com/baby-come-back-grow-customer-revenue-people-based-search-marketing-277072", "row": 68, "column": 143, "tagName": "meta", "time": 3559.364936, "url": "", "pos": 1, "chunkLen": 1, "isStartTag": 1}}
06-28 09:34:53.854 12880 12893 E WProf.db: {"WprofHTMLTag": {"code": "0xaf047fa0", "doc": "http://searchengineland.com/baby-come-back-grow-customer-revenue-people-based-search-marketing-277072", "row": 69, "column": 37, "tagName": "meta", "time": 3559.365045, "url": "", "pos": 1, "chunkLen": 1, "isStartTag": 1}}
06-28 09:34:53.854 12880 12893 E WProf.db: {"WprofHTMLTag": {"code": "0xaf047fd0", "doc": "http://searchengineland.com/baby-come-back-grow-customer-revenue-people-based-search-marketing-277072", "row": 70, "column": 133, "tagName": "link", "time": 3559.365152, "url": "http://searchengineland.com/baby-come-back-grow-customer-revenue-people-based-search-marketing-277072", "pos": 1, "chunkLen": 1, "isStartTag": 1}}
06-28 09:34:53.855 12880 12893 E WProf.db: {"WprofHTMLTag": {"code": "0xb4cc74b0", "doc": "http://searchengineland.com/baby-come-back-grow-customer-revenue-people-based-search-marketing-277072", "row": 71, "column": 76, "tagName": "link", "time": 3559.365343, "url": "https://plus.google.com/103218677032751327334", "pos": 1, "chunkLen": 1, "isStartTag": 1}}
06-28 09:34:53.855 12880 12893 E WProf.db: {"WprofHTMLTag": {"code": "0xb4cc7540", "doc": "http://searchengineland.com/baby-come-back-grow-customer-revenue-people-based-search-marketing-277072", "row": 72, "column": 45, "tagName": "meta", "time": 3559.365527, "url": "", "pos": 1, "chunkLen": 1, "isStartTag": 1}}
06-28 09:34:53.855 12880 12893 E WProf.db: {"WprofHTMLTag": {"code": "0xb4cc78a0", "doc": "http://searchengineland.com/baby-come-back-grow-customer-revenue-people-based-search-marketing-277072", "row": 73, "column": 45, "tagName": "meta", "time": 3559.365638, "url": "", "pos": 1, "chunkLen": 1, "isStartTag": 1}}
06-28 09:34:53.855 12880 12893 E WProf.db: {"WprofHTMLTag": {"code": "0xb4cc78d0", "doc": "http://searchengineland.com/baby-come-back-grow-customer-revenue-people-based-search-marketing-277072", "row": 74, "column": 118, "tagName": "meta", "time": 3559.365747, "url": "", "pos": 1, "chunkLen": 1, "isStartTag": 1}}
06-28 09:34:53.855 12880 12893 E WProf.db: {"WprofHTMLTag": {"code": "0xb4cc7900", "doc": "http://searchengineland.com/baby-come-back-grow-customer-revenue-people-based-search-marketing-277072", "row": 75, "column": 199, "tagName": "meta", "time": 3559.365855, "url": "", "pos": 1, "chunkLen": 1, "isStartTag": 1}}
06-28 09:34:53.855 12880 12893 E WProf.db: {"WprofHTMLTag": {"code": "0xb4cc7930", "doc": "http://searchengineland.com/baby-come-back-grow-customer-revenue-people-based-search-marketing-277072", "row": 76, "column": 138, "tagName": "meta", "time": 3559.365967, "url": "", "pos": 1, "chunkLen": 1, "isStartTag": 1}}
06-28 09:34:53.855 12880 12893 E WProf.db: {"WprofHTMLTag": {"code": "0xb4cc7960", "doc": "http://searchengineland.com/baby-come-back-grow-customer-revenue-people-based-search-marketing-277072", "row": 77, "column": 61, "tagName": "meta", "time": 3559.366074, "url": "", "pos": 1, "chunkLen": 1, "isStartTag": 1}}
06-28 09:34:53.855 12880 12893 E WProf.db: {"WprofHTMLTag": {"code": "0xb4cc7990", "doc": "http://searchengineland.com/baby-come-back-grow-customer-revenue-people-based-search-marketing-277072", "row": 78, "column": 89, "tagName": "meta", "time": 3559.366186, "url": "", "pos": 1, "chunkLen": 1, "isStartTag": 1}}
06-28 09:34:53.855 12880 12893 E WProf.db: {"WprofHTMLTag": {"code": "0xb4cc79c0", "doc": "http://searchengineland.com/baby-come-back-grow-customer-revenue-people-based-search-marketing-277072", "row": 79, "column": 58, "tagName": "meta", "time": 3559.366292, "url": "", "pos": 1, "chunkLen": 1, "isStartTag": 1}}
06-28 09:34:53.855 12880 12893 E WProf.db: {"WprofHTMLTag": {"code": "0xb4cc79f0", "doc": "http://searchengineland.com/baby-come-back-grow-customer-revenue-people-based-search-marketing-277072", "row": 80, "column": 78, "tagName": "meta", "time": 3559.366407, "url": "", "pos": 1, "chunkLen": 1, "isStartTag": 1}}
06-28 09:34:53.855 12880 12893 E WProf.db: {"WprofHTMLTag": {"code": "0xb4cc7a20", "doc": "http://searchengineland.com/baby-come-back-grow-customer-revenue-people-based-search-marketing-277072", "row": 81, "column": 128, "tagName": "meta", "time": 3559.366514, "url": "", "pos": 1, "chunkLen": 1, "isStartTag": 1}}
06-28 09:34:53.855 12880 12893 E WProf.db: {"WprofHTMLTag": {"code": "0xb4cc7a50", "doc": "http://searchengineland.com/baby-come-back-grow-customer-revenue-people-based-search-marketing-277072", "row": 82, "column": 49, "tagName": "meta", "time": 3559.366617, "url": "", "pos": 1, "chunkLen": 1, "isStartTag": 1}}
06-28 09:34:53.856 12880 12893 E WProf.db: {"WprofHTMLTag": {"code": "0xb4cc7a80", "doc": "http://searchengineland.com/baby-come-back-grow-customer-revenue-people-based-search-marketing-277072", "row": 83, "column": 50, "tagName": "meta", "time": 3559.366723, "url": "", "pos": 1, "chunkLen": 1, "isStartTag": 1}}
06-28 09:34:53.856 12880 12893 E WProf.db: {"WprofHTMLTag": {"code": "0xb4cc7ab0", "doc": "http://searchengineland.com/baby-come-back-grow-customer-revenue-people-based-search-marketing-277072", "row": 84, "column": 58, "tagName": "meta", "time": 3559.368966, "url": "", "pos": 1, "chunkLen": 1, "isStartTag": 1}}
06-28 09:34:53.856 12880 12893 E WProf.db: {"WprofHTMLTag": {"code": "0xb4cc7ae0", "doc": "http://searchengineland.com/baby-come-back-grow-customer-revenue-people-based-search-marketing-277072", "row": 85, "column": 200, "tagName": "meta", "time": 3559.369081, "url": "", "pos": 1, "chunkLen": 1, "isStartTag": 1}}
06-28 09:34:53.856 12880 12893 E WProf.db: {"WprofHTMLTag": {"code": "0xb4cc7b10", "doc": "http://searchengineland.com/baby-come-back-grow-customer-revenue-people-based-search-marketing-277072", "row": 86, "column": 119, "tagName": "meta", "time": 3559.369189, "url": "", "pos": 1, "chunkLen": 1, "isStartTag": 1}}
06-28 09:34:53.856 12880 12893 E WProf.db: {"WprofHTMLTag": {"code": "0xb4cc7b40", "doc": "http://searchengineland.com/baby-come-back-grow-customer-revenue-people-based-search-marketing-277072", "row": 87, "column": 51, "tagName": "meta", "time": 3559.369290, "url": "", "pos": 1, "chunkLen": 1, "isStartTag": 1}}
06-28 09:34:53.856 12880 12893 E WProf.db: {"WprofHTMLTag": {"code": "0xb4cc7b70", "doc": "http://searchengineland.com/baby-come-back-grow-customer-revenue-people-based-search-marketing-277072", "row": 88, "column": 129, "tagName": "meta", "time": 3559.369393, "url": "", "pos": 1, "chunkLen": 1, "isStartTag": 1}}
06-28 09:34:53.856 12880 12893 E WProf.db: {"WprofHTMLTag": {"code": "0xb4cc7ba0", "doc": "http://searchengineland.com/baby-come-back-grow-customer-revenue-people-based-search-marketing-277072", "row": 89, "column": 58, "tagName": "meta", "time": 3559.369500, "url": "", "pos": 1, "chunkLen": 1, "isStartTag": 1}}
06-28 09:34:53.856 12880 12893 E WProf.db: {"WprofHTMLTag": {"code": "0xb4cc7bd0", "doc": "http://searchengineland.com/baby-come-back-grow-customer-revenue-people-based-search-marketing-277072", "row": 92, "column": 44, "tagName": "link", "time": 3559.369618, "url": "http://s.w.org/", "pos": 1, "chunkLen": 1, "isStartTag": 1}}
06-28 09:34:53.856 12880 12893 E WProf.db: {"WprofHTMLTag": {"code": "0xb4cc7c00", "doc": "http://searchengineland.com/baby-come-back-grow-customer-revenue-people-based-search-marketing-277072", "row": 93, "column": 33, "tagName": "script", "time": 3559.369832, "url": "", "pos": 1, "chunkLen": 1, "isStartTag": 1}}
06-28 09:34:53.856 12880 12893 E WProf.db: {"WprofHTMLTag": {"code": "0xb4cc7c30", "doc": "http://searchengineland.com/baby-come-back-grow-customer-revenue-people-based-search-marketing-277072", "row": 96, "column": 11, "tagName": "script", "time": 3559.370131, "url": "http://searchengineland.com/figz/wp-includes/js/wp-emoji-release.min.js?ver=4.7.5", "pos": 1, "chunkLen": 1, "isStartTag": 0}}
06-28 09:34:53.856 12880 12893 E WProf.db: {"WprofHTMLTag": {"code": "0x9d313930", "doc": "http://searchengineland.com/baby-come-back-grow-customer-revenue-people-based-search-marketing-277072", "row": 97, "column": 25, "tagName": "style", "time": 3559.977255, "url": "", "pos": 1, "chunkLen": 1, "isStartTag": 1}}
06-28 09:34:53.856 12880 12893 E WProf.db: {"WprofHTMLTag": {"code": "0x9d313960", "doc": "http://searchengineland.com/baby-come-back-grow-customer-revenue-people-based-search-marketing-277072", "row": 110, "column": 8, "tagName": "style", "time": 3559.980486, "url": "", "pos": 1, "chunkLen": 1, "isStartTag": 0}}
06-28 09:34:53.857 12880 12893 E WProf.db: {"WprofHTMLTag": {"code": "0x9d313990", "doc": "http://searchengineland.com/baby-come-back-grow-customer-revenue-people-based-search-marketing-277072", "row": 111, "column": 140, "tagName": "script", "time": 3559.982439, "url": "http://searchengineland.com/figz/wp-content/themes/searchengineland/js/lib/modernizr.custom.js?ver=1.0", "pos": 1, "chunkLen": 1, "isStartTag": 1}}
06-28 09:34:53.857 12880 12893 E WProf.db: {"WprofHTMLTag": {"code": "0x9d3139c0", "doc": "http://searchengineland.com/baby-come-back-grow-customer-revenue-people-based-search-marketing-277072", "row": 111, "column": 149, "tagName": "script", "time": 3559.982693, "url": "", "pos": 1, "chunkLen": 1, "isStartTag": 0}}
06-28 09:34:53.857 12880 12893 E WProf.db: {"WprofHTMLTag": {"code": "0x9d313a50", "doc": "http://searchengineland.com/baby-come-back-grow-customer-revenue-people-based-search-marketing-277072", "row": 112, "column": 144, "tagName": "script", "time": 3559.989820, "url": "http://searchengineland.com/figz/wp-content/themes/searchengineland/js/lib/jquery-1.11.0.min.js?ver=1.11.0", "pos": 1, "chunkLen": 1, "isStartTag": 1}}
06-28 09:34:53.857 12880 12893 E WProf.db: {"WprofHTMLTag": {"code": "0x9d313a80", "doc": "http://searchengineland.com/baby-come-back-grow-customer-revenue-people-based-search-marketing-277072", "row": 112, "column": 153, "tagName": "script", "time": 3559.992074, "url": "", "pos": 1, "chunkLen": 1, "isStartTag": 0}}
06-28 09:34:53.857 12880 12893 E WProf.db: {"WprofHTMLTag": {"code": "0xaedd4db0", "doc": "http://searchengineland.com/baby-come-back-grow-customer-revenue-people-based-search-marketing-277072", "row": 0, "column": 15, "tagName": "div", "time": 3560.073125, "url": "", "pos": 15, "chunkLen": 44, "isStartTag": 1}}
06-28 09:34:53.857 12880 12893 E WProf.db: {"WprofHTMLTag": {"code": "0xaedd4d80", "doc": "http://searchengineland.com/baby-come-back-grow-customer-revenue-people-based-search-marketing-277072", "row": 0, "column": 21, "tagName": "div", "time": 3560.073250, "url": "", "pos": 21, "chunkLen": 44, "isStartTag": 0}}
06-28 09:34:53.857 12880 12893 E WProf.db: {"WprofHTMLTag": {"code": "0xaedd4b40", "doc": "http://searchengineland.com/baby-come-back-grow-customer-revenue-people-based-search-marketing-277072", "row": 0, "column": 38, "tagName": "div", "time": 3560.073315, "url": "", "pos": 38, "chunkLen": 44, "isStartTag": 1}}
06-28 09:34:53.857 12880 12893 E WProf.db: {"WprofHTMLTag": {"code": "0xaedd4d50", "doc": "http://searchengineland.com/baby-come-back-grow-customer-revenue-people-based-search-marketing-277072", "row": 0, "column": 44, "tagName": "div", "time": 3560.073425, "url": "", "pos": 44, "chunkLen": 44, "isStartTag": 0}}
06-28 09:34:53.857 12880 12893 E WProf.db: {"WprofHTMLTag": {"code": "0xaedd4d20", "doc": "http://searchengineland.com/baby-come-back-grow-customer-revenue-people-based-search-marketing-277072", "row": 0, "column": 13, "tagName": "select", "time": 3560.074802, "url": "", "pos": 13, "chunkLen": 51, "isStartTag": 1}}
06-28 09:34:53.857 12880 12893 E WProf.db: {"WprofHTMLTag": {"code": "0x9d313b10", "doc": "http://searchengineland.com/baby-come-back-grow-customer-revenue-people-based-search-marketing-277072", "row": 0, "column": 33, "tagName": "option", "time": 3560.074971, "url": "", "pos": 33, "chunkLen": 51, "isStartTag": 1}}
06-28 09:34:53.857 12880 12893 E WProf.db: {"WprofHTMLTag": {"code": "0x9d313b40", "doc": "http://searchengineland.com/baby-come-back-grow-customer-revenue-people-based-search-marketing-277072", "row": 0, "column": 42, "tagName": "option", "time": 3560.075156, "url": "", "pos": 42, "chunkLen": 51, "isStartTag": 0}}
06-28 09:34:53.858 12880 12893 E WProf.db: {"WprofHTMLTag": {"code": "0x9d313b70", "doc": "http://searchengineland.com/baby-come-back-grow-customer-revenue-people-based-search-marketing-277072", "row": 0, "column": 51, "tagName": "select", "time": 3560.075212, "url": "", "pos": 51, "chunkLen": 51, "isStartTag": 0}}
06-28 09:34:53.858 12880 12893 E WProf.db: {"WprofHTMLTag": {"code": "0x9d313ba0", "doc": "http://searchengineland.com/baby-come-back-grow-customer-revenue-people-based-search-marketing-277072", "row": 0, "column": 12, "tagName": "a", "time": 3560.080037, "url": "", "pos": 12, "chunkLen": 16, "isStartTag": 1}}
06-28 09:34:53.858 12880 12893 E WProf.db: {"WprofHTMLTag": {"code": "0x9d313bd0", "doc": "http://searchengineland.com/baby-come-back-grow-customer-revenue-people-based-search-marketing-277072", "row": 0, "column": 16, "tagName": "a", "time": 3560.080201, "url": "", "pos": 16, "chunkLen": 16, "isStartTag": 0}}
06-28 09:34:53.858 12880 12893 E WProf.db: {"WprofHTMLTag": {"code": "0x9d313c00", "doc": "http://searchengineland.com/baby-come-back-grow-customer-revenue-people-based-search-marketing-277072", "row": 0, "column": 8, "tagName": "input", "time": 3560.081173, "url": "", "pos": 8, "chunkLen": 8, "isStartTag": 1}}
06-28 09:34:53.858 12880 12893 E WProf.db: {"WprofHTMLTag": {"code": "0x9d313c30", "doc": "http://searchengineland.com/baby-come-back-grow-customer-revenue-people-based-search-marketing-277072", "row": 0, "column": 9, "tagName": "link", "time": 3560.089460, "url": "", "pos": 9, "chunkLen": 42, "isStartTag": 1}}
06-28 09:34:53.858 12880 12893 E WProf.db: {"WprofHTMLTag": {"code": "0x9d313c60", "doc": "http://searchengineland.com/baby-come-back-grow-customer-revenue-people-based-search-marketing-277072", "row": 0, "column": 16, "tagName": "table", "time": 3560.089563, "url": "", "pos": 16, "chunkLen": 42, "isStartTag": 1}}
06-28 09:34:53.858 12880 12893 E WProf.db: {"WprofHTMLTag": {"code": "0x9d313c90", "doc": "http://searchengineland.com/baby-come-back-grow-customer-revenue-people-based-search-marketing-277072", "row": 0, "column": 24, "tagName": "table", "time": 3560.089662, "url": "", "pos": 24, "chunkLen": 42, "isStartTag": 0}}
06-28 09:34:53.858 12880 12893 E WProf.db: {"WprofHTMLTag": {"code": "0x9d313cc0", "doc": "http://searchengineland.com/baby-come-back-grow-customer-revenue-people-based-search-marketing-277072", "row": 0, "column": 37, "tagName": "a", "time": 3560.089727, "url": "", "pos": 37, "chunkLen": 42, "isStartTag": 1}}
06-28 09:34:53.858 12880 12893 E WProf.db: {"WprofHTMLTag": {"code": "0x9d313cf0", "doc": "http://searchengineland.com/baby-come-back-grow-customer-revenue-people-based-search-marketing-277072", "row": 0, "column": 42, "tagName": "a", "time": 3560.089887, "url": "", "pos": 42, "chunkLen": 42, "isStartTag": 0}}
06-28 09:34:53.858 12880 12893 E WProf.db: {"WprofHTMLTag": {"code": "0x9d313d80", "doc": "http://searchengineland.com/baby-come-back-grow-customer-revenue-people-based-search-marketing-277072", "row": 0, "column": 10, "tagName": "textarea", "time": 3560.091664, "url": "", "pos": 10, "chunkLen": 22, "isStartTag": 1}}
06-28 09:34:53.859 12880 12893 E WProf.db: {"WprofHTMLTag": {"code": "0x9d313db0", "doc": "http://searchengineland.com/baby-come-back-grow-customer-revenue-people-based-search-marketing-277072", "row": 0, "column": 22, "tagName": "textarea", "time": 3560.091837, "url": "", "pos": 22, "chunkLen": 22, "isStartTag": 0}}
06-28 09:34:53.859 12880 12893 E WProf.db: {"WprofHTMLTag": {"code": "0x9d313de0", "doc": "http://searchengineland.com/baby-come-back-grow-customer-revenue-people-based-search-marketing-277072", "row": 0, "column": 48, "tagName": "input", "time": 3560.093047, "url": "", "pos": 48, "chunkLen": 48, "isStartTag": 1}}
06-28 09:34:53.859 12880 12893 E WProf.db: {"WprofHTMLTag": {"code": "0x9d313e40", "doc": "http://searchengineland.com/baby-come-back-grow-customer-revenue-people-based-search-marketing-277072", "row": 0, "column": 9, "tagName": "link", "time": 3560.097652, "url": "", "pos": 9, "chunkLen": 66, "isStartTag": 1}}
06-28 09:34:53.859 12880 12893 E WProf.db: {"WprofHTMLTag": {"code": "0x9d313e70", "doc": "http://searchengineland.com/baby-come-back-grow-customer-revenue-people-based-search-marketing-277072", "row": 0, "column": 16, "tagName": "table", "time": 3560.097763, "url": "", "pos": 16, "chunkLen": 66, "isStartTag": 1}}
06-28 09:34:53.859 12880 12893 E WProf.db: {"WprofHTMLTag": {"code": "0x9d313ea0", "doc": "http://searchengineland.com/baby-come-back-grow-customer-revenue-people-based-search-marketing-277072", "row": 0, "column": 24, "tagName": "table", "time": 3560.097831, "url": "", "pos": 24, "chunkLen": 66, "isStartTag": 0}}
06-28 09:34:53.859 12880 12893 E WProf.db: {"WprofHTMLTag": {"code": "0x9d313ed0", "doc": "http://searchengineland.com/baby-come-back-grow-customer-revenue-people-based-search-marketing-277072", "row": 0, "column": 37, "tagName": "a", "time": 3560.097895, "url": "", "pos": 37, "chunkLen": 66, "isStartTag": 1}}
06-28 09:34:53.859 12880 12893 E WProf.db: {"WprofHTMLTag": {"code": "0x9d313f00", "doc": "http://searchengineland.com/baby-come-back-grow-customer-revenue-people-based-search-marketing-277072", "row": 0, "column": 42, "tagName": "a", "time": 3560.098064, "url": "", "pos": 42, "chunkLen": 66, "isStartTag": 0}}
06-28 09:34:53.859 12880 12893 E WProf.db: {"WprofHTMLTag": {"code": "0x9d313f30", "doc": "http://searchengineland.com/baby-come-back-grow-customer-revenue-people-based-search-marketing-277072", "row": 0, "column": 66, "tagName": "input", "time": 3560.098124, "url": "", "pos": 66, "chunkLen": 66, "isStartTag": 1}}
06-28 09:34:53.859 12880 12893 E WProf.db: {"WprofHTMLTag": {"code": "0x9d313fc0", "doc": "http://searchengineland.com/baby-come-back-grow-customer-revenue-people-based-search-marketing-277072", "row": 0, "column": 9, "tagName": "link", "time": 3560.099757, "url": "", "pos": 9, "chunkLen": 66, "isStartTag": 1}}
06-28 09:34:53.859 12880 12893 E WProf.db: {"WprofHTMLTag": {"code": "0x9d313ff0", "doc": "http://searchengineland.com/baby-come-back-grow-customer-revenue-people-based-search-marketing-277072", "row": 0, "column": 16, "tagName": "table", "time": 3560.099856, "url": "", "pos": 16, "chunkLen": 66, "isStartTag": 1}}
06-28 09:34:53.859 12880 12893 E WProf.db: {"WprofHTMLTag": {"code": "0x9d314020", "doc": "http://searchengineland.com/baby-come-back-grow-customer-revenue-people-based-search-marketing-277072", "row": 0, "column": 24, "tagName": "table", "time": 3560.099932, "url": "", "pos": 24, "chunkLen": 66, "isStartTag": 0}}
06-28 09:34:53.860 12880 12893 E WProf.db: {"WprofHTMLTag": {"code": "0x9d314050", "doc": "http://searchengineland.com/baby-come-back-grow-customer-revenue-people-based-search-marketing-277072", "row": 0, "column": 37, "tagName": "a", "time": 3560.099986, "url": "", "pos": 37, "chunkLen": 66, "isStartTag": 1}}
06-28 09:34:53.860 12880 12893 E WProf.db: {"WprofHTMLTag": {"code": "0x9d314080", "doc": "http://searchengineland.com/baby-come-back-grow-customer-revenue-people-based-search-marketing-277072", "row": 0, "column": 42, "tagName": "a", "time": 3560.100191, "url": "", "pos": 42, "chunkLen": 66, "isStartTag": 0}}
06-28 09:34:53.860 12880 12893 E WProf.db: {"WprofHTMLTag": {"code": "0x9d3140b0", "doc": "http://searchengineland.com/baby-come-back-grow-customer-revenue-people-based-search-marketing-277072", "row": 0, "column": 66, "tagName": "input", "time": 3560.100248, "url": "", "pos": 66, "chunkLen": 66, "isStartTag": 1}}
06-28 09:34:53.860 12880 12893 E WProf.db: {"WprofHTMLTag": {"code": "0x9d314110", "doc": "http://searchengineland.com/baby-come-back-grow-customer-revenue-people-based-search-marketing-277072", "row": 0, "column": 9, "tagName": "link", "time": 3560.104130, "url": "", "pos": 9, "chunkLen": 66, "isStartTag": 1}}
06-28 09:34:53.860 12880 12893 E WProf.db: {"WprofHTMLTag": {"code": "0x9d314140", "doc": "http://searchengineland.com/baby-come-back-grow-customer-revenue-people-based-search-marketing-277072", "row": 0, "column": 16, "tagName": "table", "time": 3560.104240, "url": "", "pos": 16, "chunkLen": 66, "isStartTag": 1}}
06-28 09:34:53.860 12880 12893 E WProf.db: {"WprofHTMLTag": {"code": "0x9d314170", "doc": "http://searchengineland.com/baby-come-back-grow-customer-revenue-people-based-search-marketing-277072", "row": 0, "column": 24, "tagName": "table", "time": 3560.104305, "url": "", "pos": 24, "chunkLen": 66, "isStartTag": 0}}
06-28 09:34:53.860 12880 12893 E WProf.db: {"WprofHTMLTag": {"code": "0x9d3141a0", "doc": "http://searchengineland.com/baby-come-back-grow-customer-revenue-people-based-search-marketing-277072", "row": 0, "column": 37, "tagName": "a", "time": 3560.104363, "url": "", "pos": 37, "chunkLen": 66, "isStartTag": 1}}
06-28 09:34:53.860 12880 12893 E WProf.db: {"WprofHTMLTag": {"code": "0x9d3141d0", "doc": "http://searchengineland.com/baby-come-back-grow-customer-revenue-people-based-search-marketing-277072", "row": 0, "column": 42, "tagName": "a", "time": 3560.104528, "url": "", "pos": 42, "chunkLen": 66, "isStartTag": 0}}
06-28 09:34:53.860 12880 12893 E WProf.db: {"WprofHTMLTag": {"code": "0x9d314200", "doc": "http://searchengineland.com/baby-come-back-grow-customer-revenue-people-based-search-marketing-277072", "row": 0, "column": 66, "tagName": "input", "time": 3560.104595, "url": "", "pos": 66, "chunkLen": 66, "isStartTag": 1}}
