--------- beginning of main
--------- beginning of system
06-28 09:30:51.883  3449  3449 E Finsky  : [1] com.google.android.finsky.wear.bl.a(3): onConnectionFailed: ConnectionResult{statusCode=API_UNAVAILABLE, resolution=null, message=null}
06-28 09:30:52.958 11476 11476 E chromium: [ERROR:shell_integration_android.cc(12)] Not implemented reached in static ShellIntegration::DefaultWebClientSetPermission ShellIntegration::CanSetAsDefaultBrowser()
06-28 09:30:52.963 11476 11476 E chromium: [ERROR:browser_process_impl.cc(720)] Not implemented reached in virtual BackgroundModeManager* BrowserProcessImpl::background_mode_manager()
06-28 09:30:53.275  3218  4782 E AudioRecord-JNI: Error -4 during AudioRecord native read
06-28 09:30:55.860 11476 11528 E chromium: [ERROR:gles2_cmd_decoder.cc(3852)] [.ChromiumCompositor-0xacbb2fc0]GL ERROR :GL_INVALID_ENUM : glDiscardFramebufferEXT: attachments was GL_COLOR_EXT
06-28 09:30:56.106 11549 11562 E WPROF   : {"CSS": {"url": "http://searchengineland.com/figz/wp-content/themes/searchengineland/css/searchengineland-bootstrap.css", "requestTime": 3333.162104}}
06-28 09:30:56.107 11549 11562 E WPROF   : {"CSS": {"url": "http://fonts.googleapis.com/css?family=Oswald:300,400,700", "requestTime": 3333.162691}}
06-28 09:30:56.107 11549 11562 E WPROF   : {"CSS": {"url": "http://searchengineland.com/figz/wp-content/themes/searchengineland/style.css", "requestTime": 3333.163211}}
06-28 09:30:56.112 11549 11562 E WPROF   : {"Javascript": {"url": "http://searchengineland.com/figz/wp-content/themes/searchengineland/js/lib/modernizr.custom.js?ver=1.0", "requestTime": 3333.167842}}
06-28 09:30:56.113 11549 11562 E WPROF   : {"Javascript": {"url": "http://searchengineland.com/figz/wp-content/themes/searchengineland/js/lib/jquery-1.11.0.min.js?ver=1.11.0", "requestTime": 3333.168293}}
06-28 09:30:56.113 11549 11562 E WPROF   : {"Javascript": {"url": "http://searchengineland.com/figz/wp-content/themes/searchengineland/js/lib/jquery-ui-1.10.3.custom.min.js?ver=1.10.3", "requestTime": 3333.168682}}
06-28 09:30:56.113 11549 11562 E WPROF   : {"Javascript": {"url": "http://searchengineland.com/figz/wp-content/themes/searchengineland/js/lib/jquery.ba-throttle-debounce.min.js?ver=1.1", "requestTime": 3333.169050}}
06-28 09:30:56.114 11549 11562 E WPROF   : {"Javascript": {"url": "http://searchengineland.com/figz/wp-content/themes/searchengineland/js/lib/jquery.countdown.min.js?ver=2.0.4", "requestTime": 3333.169442}}
06-28 09:30:56.114 11549 11562 E WPROF   : {"Javascript": {"url": "http://static.chartbeat.com/js/chartbeat_mab.js", "requestTime": 3333.169852}}
06-28 09:30:56.678 11549 11562 E WPROF   : {"Javascript": {"url": "http://searchengineland.com/figz/wp-includes/js/wp-emoji-release.min.js?ver=4.7.5", "requestTime": 3333.733773}}
06-28 09:30:56.990 11549 11562 E WPROF   : {"Javascript": {"url": "http://www.googletagservices.com/tag/js/gpt.js", "requestTime": 3334.045183}}
06-28 09:30:56.996 11549 11562 E WPROF   : {"Javascript": {"url": "https://www.google-analytics.com/analytics.js", "requestTime": 3334.051703}}
06-28 09:30:56.998 11549 11562 E WPROF   : {"Javascript": {"url": "http://edge.quantserve.com/quant.js", "requestTime": 3334.053859}}
06-28 09:30:57.000 11549 11562 E WPROF   : {"Javascript": {"url": "https://connect.facebook.net/en_US/fbevents.js", "requestTime": 3334.055387}}
06-28 09:30:57.080 11476 11528 E chromium: [ERROR:gles2_cmd_decoder.cc(3852)] [.ChromiumCompositor-0xacbb2fc0]GL ERROR :GL_INVALID_ENUM : glDiscardFramebufferEXT: attachments was GL_COLOR_EXT
06-28 09:30:57.126 11549 11562 E WPROF   : {"Javascript": {"url": "http://app-sj02.marketo.com/js/forms2/js/forms2.min.js", "requestTime": 3334.181390}}
06-28 09:30:57.211 11476 11528 E chromium: [ERROR:gles2_cmd_decoder.cc(3852)] [.ChromiumCompositor-0xacbb2fc0]GL ERROR :GL_INVALID_ENUM : glDiscardFramebufferEXT: attachments was GL_COLOR_EXT
06-28 09:30:57.239 11549 11562 E WPROF   : {"Javascript": {"url": "https://connect.facebook.net/signals/config/423979991297359?v=2.7.17", "requestTime": 3334.295074}}
06-28 09:30:57.257 11549 11562 E WPROF   : {"Javascript": {"url": "https://securepubads.g.doubleclick.net/gpt/pubads_impl_121.js", "requestTime": 3334.313116}}
06-28 09:30:57.385 11476 11528 E chromium: [ERROR:gles2_cmd_decoder.cc(3852)] [.ChromiumCompositor-0xacbb2fc0]GL ERROR :GL_INVALID_ENUM : glDiscardFramebufferEXT: attachments was GL_COLOR_EXT
06-28 09:30:57.581 11549 11562 E WPROF   : {"Javascript": {"url": "http://app-sj02.marketo.com/index.php/form/getForm?munchkinId=727-ZQE-044&form=5691&url=http%3A%2F%2Fsearchengineland.com%2Fbeginners-guide-bing-ads-management-274706&callback=jQuery110203797796310391277_1498609857511&_=1498609857512", "requestTime": 3334.636756}}
06-28 09:30:57.595 11549 11562 E WPROF   : {"Javascript": {"url": "http://app-sj02.marketo.com/index.php/form/getForm?munchkinId=727-ZQE-044&form=5685&url=http%3A%2F%2Fsearchengineland.com%2Fbeginners-guide-bing-ads-management-274706&callback=jQuery110203797796310391277_1498609857513&_=1498609857514", "requestTime": 3334.650945}}
06-28 09:30:57.949 11549 11562 E WPROF   : {"Javascript": {"url": "http://app-sj02.marketo.com/index.php/form/getForm?munchkinId=727-ZQE-044&form=5673&url=http%3A%2F%2Fsearchengineland.com%2Fbeginners-guide-bing-ads-management-274706&callback=jQuery110203797796310391277_1498609857515&_=1498609857516", "requestTime": 3335.004599}}
06-28 09:30:57.961 11549 11562 E WPROF   : {"Javascript": {"url": "http://searchengineland.com/js/ga_social_tracking.js", "requestTime": 3335.016489}}
06-28 09:30:57.964 11549 11562 E WPROF   : {"Javascript": {"url": "http://s7.addthis.com/js/300/addthis_widget.js#pubid=ra-53e918f660794f37", "requestTime": 3335.019600}}
06-28 09:30:58.019 11476 11528 E chromium: [ERROR:gles2_cmd_decoder.cc(3852)] [.ChromiumCompositor-0xacbb2fc0]GL ERROR :GL_INVALID_ENUM : glDiscardFramebufferEXT: attachments was GL_COLOR_EXT
06-28 09:30:58.490   862  1657 E LocSvc_IzatApiV02: E/virtual int izat_core::IzatApiV02::getBatchSize(int32_t):522]: Error : st = 4, ind.status = -1628389555
06-28 09:30:58.490   862  1657 E LocSvc_IzatApiV02: E/virtual int izat_core::IzatApiV02::getBatchSize(int32_t):535]: get batching size failed.Or modem does not support batching 
06-28 09:30:58.500   862  1657 E LocSvc_IzatApiV02: E/virtual int izat_core::IzatApiV02::getBatchSize(int32_t):522]: Error : st = 4, ind.status = -1628389555
06-28 09:30:58.500   862  1657 E LocSvc_IzatApiV02: E/virtual int izat_core::IzatApiV02::getBatchSize(int32_t):535]: get batching size failed.Or modem does not support batching 
06-28 09:30:58.514 11549 11562 E WPROF   : {"Javascript": {"url": "https://securepubads.g.doubleclick.net/gampad/ads?gdfp_req=1&correlator=1703631661301760&output=json_html&callback=googletag.impl.pubads.callbackProxy1&impl=fifs&json_a=1&eid=108809080%2C108809107%2C108809152&sc=0&sfv=1-0-9&iu_parts=1038259%2Csel-ciu-1%2Csel-ciu-2%2Csel-ciu-3%2Csel-ciu-4%2Csel-ciu-5", "requestTime": 3335.569450}}
06-28 09:30:58.533   862  1657 E LocSvc_IzatApiV02: E/virtual int izat_core::IzatApiV02::getBatchSize(int32_t):522]: Error : st = 4, ind.status = -1628389555
06-28 09:30:58.533   862  1657 E LocSvc_IzatApiV02: E/virtual int izat_core::IzatApiV02::getBatchSize(int32_t):535]: get batching size failed.Or modem does not support batching 
06-28 09:30:58.540 11549 11562 E WPROF   : {"Javascript": {"url": "https://static.xx.fbcdn.net/rsrc.php/v3iy6L4/yk/l/ko_KR/be4fIjHRc8P.js", "requestTime": 3335.595303}}
06-28 09:30:58.542   862  1657 E LocSvc_IzatApiV02: E/virtual int izat_core::IzatApiV02::getBatchSize(int32_t):522]: Error : st = 4, ind.status = -1628389555
06-28 09:30:58.542   862  1657 E LocSvc_IzatApiV02: E/virtual int izat_core::IzatApiV02::getBatchSize(int32_t):535]: get batching size failed.Or modem does not support batching 
06-28 09:30:58.765 11549 11562 E WPROF   : {"Javascript": {"url": "http://cdn.api.twitter.com/1/users/show.json?screen_name=johnelincoln&callback=twttr.setFollowersCount", "requestTime": 3335.820870}}
06-28 09:30:58.853 11476 11528 E chromium: [ERROR:gles2_cmd_decoder.cc(3852)] [.ChromiumCompositor-0xacbb2fc0]GL ERROR :GL_INVALID_ENUM : glDiscardFramebufferEXT: attachments was GL_COLOR_EXT
06-28 09:30:59.268 11549 11562 E WPROF   : {"Javascript": {"url": "http://platform.twitter.com/widgets.js", "requestTime": 3336.323611}}
06-28 09:30:59.270 11549 11562 E WPROF   : {"Javascript": {"url": "http://connect.facebook.net/en_US/sdk.js", "requestTime": 3336.326019}}
06-28 09:30:59.272 11549 11562 E WPROF   : {"Javascript": {"url": "https://apis.google.com/js/platform.js", "requestTime": 3336.328120}}
06-28 09:30:59.304 11549 11562 E WPROF   : {"Javascript": {"url": "http://rules.quantcount.com/rules-p-5aGizvD82d9hk.js", "requestTime": 3336.359798}}
06-28 09:30:59.307 11549 11562 E WPROF   : {"Javascript": {"url": "http://munchkin.marketo.net/munchkin.js", "requestTime": 3336.362865}}
06-28 09:30:59.518 11549 11562 E WPROF   : {"Javascript": {"url": "http://d2j3qa5nc37287.cloudfront.net/coupon_code1.js", "requestTime": 3336.573400}}
06-28 09:30:59.567 11476 11528 E chromium: [ERROR:gles2_cmd_decoder.cc(3852)] [.ChromiumCompositor-0xacbb2fc0]GL ERROR :GL_INVALID_ENUM : glDiscardFramebufferEXT: attachments was GL_COLOR_EXT
06-28 09:30:59.583 11549 11562 E WPROF   : {"Javascript": {"url": "http://www.googleadservices.com/pagead/conversion.js", "requestTime": 3336.639020}}
06-28 09:30:59.584 11549 11562 E WPROF   : {"Javascript": {"url": "http://searchengineland.com/figz/wp-content/themes/searchengineland/js/script.js?ver=1.0", "requestTime": 3336.639635}}
06-28 09:30:59.585 11549 11562 E WPROF   : {"Javascript": {"url": "http://searchengineland.com/figz/wp-includes/js/wp-embed.min.js?ver=4.7.5", "requestTime": 3336.640329}}
06-28 09:30:59.585 11549 11562 E WPROF   : {"Javascript": {"url": "http://searchengineland.com/figz/wp-content/themes/searchengineland/js/modules/sharing_controls.js", "requestTime": 3336.640701}}
06-28 09:30:59.657 11549 11562 E WPROF   : {"CSS": {"url": "https://www.youtube.com/yts/cssbin/www-embed-player-sprite-mode-vfl5G4Xm8.css", "requestTime": 3336.713181}}
06-28 09:30:59.659 11549 11562 E WPROF   : {"Javascript": {"url": "https://www.youtube.com/yts/jsbin/www-embed-player-vfl_UY_j8/www-embed-player.js", "requestTime": 3336.714820}}
06-28 09:30:59.660 11549 11562 E WPROF   : {"Javascript": {"url": "https://www.youtube.com/yts/jsbin/player-vflo1w4O-/ko_KR/base.js", "requestTime": 3336.716051}}
06-28 09:30:59.672 11476 11528 E chromium: [ERROR:gles2_cmd_decoder.cc(3852)] [.ChromiumCompositor-0xacbb2fc0]GL ERROR :GL_INVALID_ENUM : glDiscardFramebufferEXT: attachments was GL_COLOR_EXT
06-28 09:31:00.238 11549 11562 E WPROF   : {"Javascript": {"url": "http://m.addthisedge.com/live/boost/ra-53e918f660794f37/_ate.track.config_resp", "requestTime": 3337.293640}}
06-28 09:31:00.288 11549 11562 E WPROF   : {"Javascript": {"url": "http://m.addthis.com/live/red_lojson/300lo.json?si=5952f8c31e9d0da4&bkl=0&bl=1&pdt=2196&sid=5952f8c31e9d0da4&pub=ra-53e918f660794f37&rev=v7.15.4-wp&ln=ko&pc=men&cb=0&ab=-&dp=searchengineland.com&fp=beginners-guide-bing-ads-management-274706&fr=&of=0&pd=0&irt=0&vcl=0&md=0&ct=1&tct=0&abt=0&cdn=0&pi=1&", "requestTime": 3337.343424}}
06-28 09:31:00.337 11549 11562 E WPROF   : {"Javascript": {"url": "http://dnn506yrbagrg.cloudfront.net/pages/scripts/0026/4062.js?416280", "requestTime": 3337.392979}}
06-28 09:31:01.032 11476 11528 E chromium: [ERROR:gles2_cmd_decoder.cc(3852)] [.ChromiumCompositor-0xacbb2fc0]GL ERROR :GL_INVALID_ENUM : glDiscardFramebufferEXT: attachments was GL_COLOR_EXT
06-28 09:31:01.369 11476 11528 E chromium: [ERROR:gles2_cmd_decoder.cc(3852)] [.ChromiumCompositor-0xacbb2fc0]GL ERROR :GL_INVALID_ENUM : glDiscardFramebufferEXT: attachments was GL_COLOR_EXT
06-28 09:31:02.284 11549 11562 E WPROF   : {"Javascript": {"url": "https://www.google.com/js/bg/KWBfAnWFESAEEaKKgdYlTHY9ysQaNoQuzeMFqvxDSM8.js", "requestTime": 3339.339595}}
06-28 09:31:02.286 11549 11562 E WPROF   : {"Javascript": {"url": "https://static.doubleclick.net/instream/ad_status.js", "requestTime": 3339.341962}}
06-28 09:31:02.489 11476 11528 E chromium: [ERROR:gles2_cmd_decoder.cc(3852)] [.ChromiumCompositor-0xacbb2fc0]GL ERROR :GL_INVALID_ENUM : glDiscardFramebufferEXT: attachments was GL_COLOR_EXT
06-28 09:31:02.499 11549 11562 E WPROF   : {"CSS": {"url": "http://app-sj02.marketo.com/js/forms2/css/forms2.css", "requestTime": 3339.555056}}
06-28 09:31:02.507 11549 11562 E WPROF   : {"CSS": {"url": "http://app-sj02.marketo.com/js/forms2/css/forms2-theme-simple.css", "requestTime": 3339.562736}}
06-28 09:31:02.625 11549 11562 E WPROF   : {"Javascript": {"url": "https://tpc.googlesyndication.com/pagead/js/r20170619/r20110914/client/ext/m_window_focus_non_hydra.js", "requestTime": 3339.680827}}
06-28 09:31:02.627 11549 11562 E WPROF   : {"Javascript": {"url": "https://tpc.googlesyndication.com/pagead/js/r20170619/r20110914/activeview/osd_listener.js", "requestTime": 3339.683178}}
06-28 09:31:02.632 11549 11562 E WPROF   : {"Javascript": {"url": "http://pagead2.googlesyndication.com/pagead/osd.js", "requestTime": 3339.687636}}
06-28 09:31:02.870 11549 11562 E WPROF   : {"Javascript": {"url": "https://platform.twitter.com/js/button.b731e6c82269f70f6fc53634e044a4c6.js", "requestTime": 3339.926119}}
06-28 09:31:02.876 11549 11562 E WPROF   : {"Javascript": {"url": "http://munchkin.marketo.net/151/munchkin.js", "requestTime": 3339.931241}}
06-28 09:31:02.882 11549 11562 E WPROF   : {"Javascript": {"url": "http://www.justuno.com/ajax/account_version_check.html?id=828FA275-FF73-401E-AA39-40F5A6FAB6B1", "requestTime": 3339.937771}}
06-28 09:31:03.091 11549 11562 E WPROF   : {"Javascript": {"url": "http://s7.addthis.com/static/layers.4acb6c577b51939661ec.js", "requestTime": 3340.147138}}
06-28 09:31:03.300 11476 11528 E chromium: [ERROR:gles2_cmd_decoder.cc(3852)] [.ChromiumCompositor-0xacbb2fc0]GL ERROR :GL_INVALID_ENUM : glDiscardFramebufferEXT: attachments was GL_COLOR_EXT
06-28 09:31:04.113 11476 11528 E chromium: [ERROR:gles2_cmd_decoder.cc(3852)] [.ChromiumCompositor-0xacbb2fc0]GL ERROR :GL_INVALID_ENUM : glDiscardFramebufferEXT: attachments was GL_COLOR_EXT
06-28 09:31:04.636 11476 11528 E chromium: [ERROR:gles2_cmd_decoder.cc(3852)] [.ChromiumCompositor-0xacbb2fc0]GL ERROR :GL_INVALID_ENUM : glDiscardFramebufferEXT: attachments was GL_COLOR_EXT
06-28 09:31:06.630 11549 11562 E WPROF   : {"Javascript": {"url": "http://cdn.justuno.com/mwgt_3.6.js", "requestTime": 3343.686164}}
06-28 09:31:06.940 11476 11528 E chromium: [ERROR:gles2_cmd_decoder.cc(3852)] [.ChromiumCompositor-0xacbb2fc0]GL ERROR :GL_INVALID_ENUM : glDiscardFramebufferEXT: attachments was GL_COLOR_EXT
06-28 09:31:07.218 11476 11528 E chromium: [ERROR:gles2_cmd_decoder.cc(3852)] [.ChromiumCompositor-0xacbb2fc0]GL ERROR :GL_INVALID_ENUM : glDiscardFramebufferEXT: attachments was GL_COLOR_EXT
06-28 09:31:07.317 11476 11528 E chromium: [ERROR:gles2_cmd_decoder.cc(3852)] [.ChromiumCompositor-0xacbb2fc0]GL ERROR :GL_INVALID_ENUM : glDiscardFramebufferEXT: attachments was GL_COLOR_EXT
06-28 09:31:07.461 11476 11528 E chromium: [ERROR:gles2_cmd_decoder.cc(3852)] [.ChromiumCompositor-0xacbb2fc0]GL ERROR :GL_INVALID_ENUM : glDiscardFramebufferEXT: attachments was GL_COLOR_EXT
06-28 09:31:07.627 11476 11528 E chromium: [ERROR:gles2_cmd_decoder.cc(3852)] [.ChromiumCompositor-0xacbb2fc0]GL ERROR :GL_INVALID_ENUM : glDiscardFramebufferEXT: attachments was GL_COLOR_EXT
06-28 09:31:07.884 11549 11562 E WProf.db: {"page": "searchengineland.com_beginners-guide-bing-ads-management-274706"}
06-28 09:31:07.884 11549 11562 E WProf.db: {"DOMLoad": 3344.939308}
06-28 09:31:07.884 11549 11562 E WProf.db: {"Resource": {"id": 1, "url": "http://searchengineland.com/beginners-guide-bing-ads-management-274706", "sentTime": -1.000000, "len": 103098, "from": "0x0", "mimeType": "text/html", "contentLength": -1, "httpStatus": 200, "connId": 20, "connReused": 1, "cached": 0,"requestTime": 3332.826502, "proxyStart": -1, "proxyEnd": -1, "dnsStart": -1, "dnsEnd": -1, "connectStart": 0, "connectEnd": 82, "sendStart": 82, "sendEnd": 82, "receiveHeadersEnd": 234, "sslStart": -1, "sslEnd": -1}}
06-28 09:31:07.884 11549 11562 E WProf.db: {"ReceivedChunk": {"receivedTime": 3333.079815, "len": 7901}}
06-28 09:31:07.884 11549 11562 E WProf.db: {"ReceivedChunk": {"receivedTime": 3333.151807, "len": 32768}}
06-28 09:31:07.884 11549 11562 E WProf.db: {"ReceivedChunk": {"receivedTime": 3333.152096, "len": 27682}}
06-28 09:31:07.884 11549 11562 E WProf.db: {"ReceivedChunk": {"receivedTime": 3333.209870, "len": 22753}}
06-28 09:31:07.884 11549 11562 E WProf.db: {"ReceivedChunk": {"receivedTime": 3333.210556, "len": 11994}}
06-28 09:31:07.884 11549 11562 E WProf.db: {"WprofHTMLTag": {"code": "0xaedd0570", "doc": "http://searchengineland.com/beginners-guide-bing-ads-management-274706", "row": 6, "column": 42, "tagName": "html", "time": 3333.154977, "url": "", "pos": 1, "chunkLen": 1, "isStartTag": 1}}
06-28 09:31:07.884 11549 11562 E WProf.db: {"WprofHTMLTag": {"code": "0xaf0477f0", "doc": "http://searchengineland.com/beginners-guide-bing-ads-management-274706", "row": 7, "column": 6, "tagName": "head", "time": 3333.155366, "url": "", "pos": 1, "chunkLen": 1, "isStartTag": 1}}
06-28 09:31:07.884 11549 11562 E WProf.db: {"WprofHTMLTag": {"code": "0xaf047820", "doc": "http://searchengineland.com/beginners-guide-bing-ads-management-274706", "row": 8, "column": 54, "tagName": "meta", "time": 3333.155411, "url": "", "pos": 1, "chunkLen": 1, "isStartTag": 1}}
06-28 09:31:07.884 11549 11562 E WProf.db: {"WprofHTMLTag": {"code": "0xaf047850", "doc": "http://searchengineland.com/beginners-guide-bing-ads-management-274706", "row": 9, "column": 68, "tagName": "meta", "time": 3333.155558, "url": "", "pos": 1, "chunkLen": 1, "isStartTag": 1}}
06-28 09:31:07.884 11549 11562 E WProf.db: {"WprofHTMLTag": {"code": "0xaf047880", "doc": "http://searchengineland.com/beginners-guide-bing-ads-management-274706", "row": 10, "column": 23, "tagName": "meta", "time": 3333.155664, "url": "", "pos": 1, "chunkLen": 1, "isStartTag": 1}}
06-28 09:31:07.884 11549 11562 E WProf.db: {"WprofHTMLTag": {"code": "0xaf0478b0", "doc": "http://searchengineland.com/beginners-guide-bing-ads-management-274706", "row": 11, "column": 52, "tagName": "meta", "time": 3333.155788, "url": "", "pos": 1, "chunkLen": 1, "isStartTag": 1}}
06-28 09:31:07.884 11549 11562 E WProf.db: {"WprofHTMLTag": {"code": "0xaf0478e0", "doc": "http://searchengineland.com/beginners-guide-bing-ads-management-274706", "row": 14, "column": 56, "tagName": "meta", "time": 3333.155903, "url": "", "pos": 1, "chunkLen": 1, "isStartTag": 1}}
06-28 09:31:07.885 11549 11562 E WProf.db: {"WprofHTMLTag": {"code": "0xaf047910", "doc": "http://searchengineland.com/beginners-guide-bing-ads-management-274706", "row": 15, "column": 83, "tagName": "meta", "time": 3333.156011, "url": "", "pos": 1, "chunkLen": 1, "isStartTag": 1}}
06-28 09:31:07.885 11549 11562 E WProf.db: {"WprofHTMLTag": {"code": "0xaf047940", "doc": "http://searchengineland.com/beginners-guide-bing-ads-management-274706", "row": 16, "column": 57, "tagName": "meta", "time": 3333.156113, "url": "", "pos": 1, "chunkLen": 1, "isStartTag": 1}}
06-28 09:31:07.885 11549 11562 E WProf.db: {"WprofHTMLTag": {"code": "0xaf0479d0", "doc": "http://searchengineland.com/beginners-guide-bing-ads-management-274706", "row": 17, "column": 41, "tagName": "meta", "time": 3333.156229, "url": "", "pos": 1, "chunkLen": 1, "isStartTag": 1}}
06-28 09:31:07.885 11549 11562 E WProf.db: {"WprofHTMLTag": {"code": "0xaf047a00", "doc": "http://searchengineland.com/beginners-guide-bing-ads-management-274706", "row": 18, "column": 50, "tagName": "meta", "time": 3333.156339, "url": "", "pos": 1, "chunkLen": 1, "isStartTag": 1}}
06-28 09:31:07.885 11549 11562 E WProf.db: {"WprofHTMLTag": {"code": "0xaf047a30", "doc": "http://searchengineland.com/beginners-guide-bing-ads-management-274706", "row": 19, "column": 174, "tagName": "meta", "time": 3333.156527, "url": "", "pos": 1, "chunkLen": 1, "isStartTag": 1}}
06-28 09:31:07.885 11549 11562 E WProf.db: {"WprofHTMLTag": {"code": "0xaf0479a0", "doc": "http://searchengineland.com/beginners-guide-bing-ads-management-274706", "row": 20, "column": 47, "tagName": "meta", "time": 3333.156634, "url": "", "pos": 1, "chunkLen": 1, "isStartTag": 1}}
06-28 09:31:07.885 11549 11562 E WProf.db: {"WprofHTMLTag": {"code": "0xaf047970", "doc": "http://searchengineland.com/beginners-guide-bing-ads-management-274706", "row": 21, "column": 67, "tagName": "meta", "time": 3333.156738, "url": "", "pos": 1, "chunkLen": 1, "isStartTag": 1}}
06-28 09:31:07.885 11549 11562 E WProf.db: {"WprofHTMLTag": {"code": "0xaf047a60", "doc": "http://searchengineland.com/beginners-guide-bing-ads-management-274706", "row": 22, "column": 57, "tagName": "meta", "time": 3333.156842, "url": "", "pos": 1, "chunkLen": 1, "isStartTag": 1}}
06-28 09:31:07.885 11549 11562 E WProf.db: {"WprofHTMLTag": {"code": "0xaf047a90", "doc": "http://searchengineland.com/beginners-guide-bing-ads-management-274706", "row": 23, "column": 65, "tagName": "meta", "time": 3333.156951, "url": "", "pos": 1, "chunkLen": 1, "isStartTag": 1}}
06-28 09:31:07.885 11549 11562 E WProf.db: {"WprofHTMLTag": {"code": "0xaf047ac0", "doc": "http://searchengineland.com/beginners-guide-bing-ads-management-274706", "row": 24, "column": 55, "tagName": "meta", "time": 3333.157056, "url": "", "pos": 1, "chunkLen": 1, "isStartTag": 1}}
06-28 09:31:07.885 11549 11562 E WProf.db: {"WprofHTMLTag": {"code": "0xaf047af0", "doc": "http://searchengineland.com/beginners-guide-bing-ads-management-274706", "row": 25, "column": 71, "tagName": "meta", "time": 3333.157159, "url": "", "pos": 1, "chunkLen": 1, "isStartTag": 1}}
06-28 09:31:07.885 11549 11562 E WProf.db: {"WprofHTMLTag": {"code": "0xaf047b20", "doc": "http://searchengineland.com/beginners-guide-bing-ads-management-274706", "row": 26, "column": 86, "tagName": "meta", "time": 3333.157262, "url": "", "pos": 1, "chunkLen": 1, "isStartTag": 1}}
06-28 09:31:07.885 11549 11562 E WProf.db: {"WprofHTMLTag": {"code": "0xaf047b50", "doc": "http://searchengineland.com/beginners-guide-bing-ads-management-274706", "row": 27, "column": 54, "tagName": "meta", "time": 3333.157367, "url": "", "pos": 1, "chunkLen": 1, "isStartTag": 1}}
06-28 09:31:07.885 11549 11562 E WProf.db: {"WprofHTMLTag": {"code": "0xaf047b80", "doc": "http://searchengineland.com/beginners-guide-bing-ads-management-274706", "row": 29, "column": 152, "tagName": "meta", "time": 3333.157470, "url": "", "pos": 1, "chunkLen": 1, "isStartTag": 1}}
06-28 09:31:07.886 11549 11562 E WProf.db: {"WprofHTMLTag": {"code": "0xaf047bb0", "doc": "http://searchengineland.com/beginners-guide-bing-ads-management-274706", "row": 30, "column": 200, "tagName": "meta", "time": 3333.157576, "url": "", "pos": 1, "chunkLen": 1, "isStartTag": 1}}
06-28 09:31:07.886 11549 11562 E WProf.db: {"WprofHTMLTag": {"code": "0xaf047be0", "doc": "http://searchengineland.com/beginners-guide-bing-ads-management-274706", "row": 31, "column": 55, "tagName": "meta", "time": 3333.157676, "url": "", "pos": 1, "chunkLen": 1, "isStartTag": 1}}
06-28 09:31:07.886 11549 11562 E WProf.db: {"WprofHTMLTag": {"code": "0xaf047c10", "doc": "http://searchengineland.com/beginners-guide-bing-ads-management-274706", "row": 32, "column": 54, "tagName": "meta", "time": 3333.157776, "url": "", "pos": 1, "chunkLen": 1, "isStartTag": 1}}
06-28 09:31:07.886 11549 11562 E WProf.db: {"WprofHTMLTag": {"code": "0xaf047c40", "doc": "http://searchengineland.com/beginners-guide-bing-ads-management-274706", "row": 33, "column": 137, "tagName": "meta", "time": 3333.157876, "url": "", "pos": 1, "chunkLen": 1, "isStartTag": 1}}
06-28 09:31:07.886 11549 11562 E WProf.db: {"WprofHTMLTag": {"code": "0xaf047c70", "doc": "http://searchengineland.com/beginners-guide-bing-ads-management-274706", "row": 37, "column": 36, "tagName": "script", "time": 3333.157979, "url": "", "pos": 1, "chunkLen": 1, "isStartTag": 1}}
06-28 09:31:07.886 11549 11562 E WProf.db: {"WprofHTMLTag": {"code": "0xaf047ca0", "doc": "http://searchengineland.com/beginners-guide-bing-ads-management-274706", "row": 53, "column": 10, "tagName": "script", "time": 3333.158219, "url": "", "pos": 1, "chunkLen": 1, "isStartTag": 0}}
06-28 09:31:07.886 11549 11562 E WProf.db: {"WprofHTMLTag": {"code": "0xaedd0660", "doc": "http://searchengineland.com/beginners-guide-bing-ads-management-274706", "row": 55, "column": 86, "tagName": "link", "time": 3333.160837, "url": "http://searchengineland.com/apple-touch-icon.png", "pos": 1, "chunkLen": 1, "isStartTag": 1}}
06-28 09:31:07.886 11549 11562 E WProf.db: {"WprofHTMLTag": {"code": "0xaf047cd0", "doc": "http://searchengineland.com/beginners-guide-bing-ads-management-274706", "row": 56, "column": 76, "tagName": "link", "time": 3333.161123, "url": "http://searchengineland.com/favicon.ico", "pos": 1, "chunkLen": 1, "isStartTag": 1}}
06-28 09:31:07.886 11549 11562 E WProf.db: {"WprofHTMLTag": {"code": "0xaf047d00", "doc": "http://searchengineland.com/beginners-guide-bing-ads-management-274706", "row": 57, "column": 158, "tagName": "link", "time": 3333.161311, "url": "http://feeds.searchengineland.com/searchengineland", "pos": 1, "chunkLen": 1, "isStartTag": 1}}
06-28 09:31:07.886 11549 11562 E WProf.db: {"WprofHTMLTag": {"code": "0xaf047d30", "doc": "http://searchengineland.com/beginners-guide-bing-ads-management-274706", "row": 58, "column": 149, "tagName": "link", "time": 3333.161570, "url": "http://feeds.searchengineland.com/searchcap", "pos": 1, "chunkLen": 1, "isStartTag": 1}}
06-28 09:31:07.886 11549 11562 E WProf.db: {"WprofHTMLTag": {"code": "0xaf047d60", "doc": "http://searchengineland.com/beginners-guide-bing-ads-management-274706", "row": 59, "column": 150, "tagName": "link", "time": 3333.161836, "url": "http://searchengineland.com/figz/wp-content/themes/searchengineland/css/searchengineland-bootstrap.css", "pos": 1, "chunkLen": 1, "isStartTag": 1}}
06-28 09:31:07.886 11549 11562 E WProf.db: {"WprofHTMLTag": {"code": "0xaf047dc0", "doc": "http://searchengineland.com/beginners-guide-bing-ads-management-274706", "row": 60, "column": 105, "tagName": "link", "time": 3333.162438, "url": "http://fonts.googleapis.com/css?family=Oswald:300,400,700", "pos": 1, "chunkLen": 1, "isStartTag": 1}}
06-28 09:31:07.886 11549 11562 E WProf.db: {"WprofHTMLTag": {"code": "0xaf047e20", "doc": "http://searchengineland.com/beginners-guide-bing-ads-management-274706", "row": 61, "column": 125, "tagName": "link", "time": 3333.162953, "url": "http://searchengineland.com/figz/wp-content/themes/searchengineland/style.css", "pos": 1, "chunkLen": 1, "isStartTag": 1}}
06-28 09:31:07.887 11549 11562 E WProf.db: {"WprofHTMLTag": {"code": "0xaf047e80", "doc": "http://searchengineland.com/beginners-guide-bing-ads-management-274706", "row": 65, "column": 7, "tagName": "title", "time": 3333.163491, "url": "", "pos": 1, "chunkLen": 1, "isStartTag": 1}}
06-28 09:31:07.887 11549 11562 E WProf.db: {"WprofHTMLTag": {"code": "0xaf047eb0", "doc": "http://searchengineland.com/beginners-guide-bing-ads-management-274706", "row": 65, "column": 59, "tagName": "title", "time": 3333.163722, "url": "", "pos": 1, "chunkLen": 1, "isStartTag": 0}}
06-28 09:31:07.887 11549 11562 E WProf.db: {"WprofHTMLTag": {"code": "0xaf047ee0", "doc": "http://searchengineland.com/beginners-guide-bing-ads-management-274706", "row": 66, "column": 197, "tagName": "meta", "time": 3333.163742, "url": "", "pos": 1, "chunkLen": 1, "isStartTag": 1}}
06-28 09:31:07.887 11549 11562 E WProf.db: {"WprofHTMLTag": {"code": "0xaf047f10", "doc": "http://searchengineland.com/beginners-guide-bing-ads-management-274706", "row": 67, "column": 153, "tagName": "meta", "time": 3333.163855, "url": "", "pos": 1, "chunkLen": 1, "isStartTag": 1}}
06-28 09:31:07.887 11549 11562 E WProf.db: {"WprofHTMLTag": {"code": "0xaf047f40", "doc": "http://searchengineland.com/beginners-guide-bing-ads-management-274706", "row": 68, "column": 112, "tagName": "meta", "time": 3333.163960, "url": "", "pos": 1, "chunkLen": 1, "isStartTag": 1}}
06-28 09:31:07.887 11549 11562 E WProf.db: {"WprofHTMLTag": {"code": "0xaf047f70", "doc": "http://searchengineland.com/beginners-guide-bing-ads-management-274706", "row": 69, "column": 37, "tagName": "meta", "time": 3333.164063, "url": "", "pos": 1, "chunkLen": 1, "isStartTag": 1}}
06-28 09:31:07.887 11549 11562 E WProf.db: {"WprofHTMLTag": {"code": "0xaf047fa0", "doc": "http://searchengineland.com/beginners-guide-bing-ads-management-274706", "row": 70, "column": 102, "tagName": "link", "time": 3333.164170, "url": "http://searchengineland.com/beginners-guide-bing-ads-management-274706", "pos": 1, "chunkLen": 1, "isStartTag": 1}}
06-28 09:31:07.887 11549 11562 E WProf.db: {"WprofHTMLTag": {"code": "0xaf047fd0", "doc": "http://searchengineland.com/beginners-guide-bing-ads-management-274706", "row": 71, "column": 76, "tagName": "link", "time": 3333.164352, "url": "https://plus.google.com/103218677032751327334", "pos": 1, "chunkLen": 1, "isStartTag": 1}}
06-28 09:31:07.887 11549 11562 E WProf.db: {"WprofHTMLTag": {"code": "0xb4cc74b0", "doc": "http://searchengineland.com/beginners-guide-bing-ads-management-274706", "row": 72, "column": 45, "tagName": "meta", "time": 3333.164529, "url": "", "pos": 1, "chunkLen": 1, "isStartTag": 1}}
06-28 09:31:07.887 11549 11562 E WProf.db: {"WprofHTMLTag": {"code": "0xb4cc7540", "doc": "http://searchengineland.com/beginners-guide-bing-ads-management-274706", "row": 73, "column": 45, "tagName": "meta", "time": 3333.164640, "url": "", "pos": 1, "chunkLen": 1, "isStartTag": 1}}
06-28 09:31:07.887 11549 11562 E WProf.db: {"WprofHTMLTag": {"code": "0xb4cc78a0", "doc": "http://searchengineland.com/beginners-guide-bing-ads-management-274706", "row": 74, "column": 83, "tagName": "meta", "time": 3333.164746, "url": "", "pos": 1, "chunkLen": 1, "isStartTag": 1}}
06-28 09:31:07.887 11549 11562 E WProf.db: {"WprofHTMLTag": {"code": "0xb4cc78d0", "doc": "http://searchengineland.com/beginners-guide-bing-ads-management-274706", "row": 75, "column": 205, "tagName": "meta", "time": 3333.164850, "url": "", "pos": 1, "chunkLen": 1, "isStartTag": 1}}
06-28 09:31:07.887 11549 11562 E WProf.db: {"WprofHTMLTag": {"code": "0xb4cc7900", "doc": "http://searchengineland.com/beginners-guide-bing-ads-management-274706", "row": 76, "column": 107, "tagName": "meta", "time": 3333.164953, "url": "", "pos": 1, "chunkLen": 1, "isStartTag": 1}}
06-28 09:31:07.887 11549 11562 E WProf.db: {"WprofHTMLTag": {"code": "0xb4cc7930", "doc": "http://searchengineland.com/beginners-guide-bing-ads-management-274706", "row": 77, "column": 61, "tagName": "meta", "time": 3333.165059, "url": "", "pos": 1, "chunkLen": 1, "isStartTag": 1}}
06-28 09:31:07.888 11549 11562 E WProf.db: {"WprofHTMLTag": {"code": "0xb4cc7960", "doc": "http://searchengineland.com/beginners-guide-bing-ads-management-274706", "row": 78, "column": 89, "tagName": "meta", "time": 3333.165167, "url": "", "pos": 1, "chunkLen": 1, "isStartTag": 1}}
06-28 09:31:07.888 11549 11562 E WProf.db: {"WprofHTMLTag": {"code": "0xb4cc7990", "doc": "http://searchengineland.com/beginners-guide-bing-ads-management-274706", "row": 79, "column": 50, "tagName": "meta", "time": 3333.165275, "url": "", "pos": 1, "chunkLen": 1, "isStartTag": 1}}
06-28 09:31:07.888 11549 11562 E WProf.db: {"WprofHTMLTag": {"code": "0xb4cc79c0", "doc": "http://searchengineland.com/beginners-guide-bing-ads-management-274706", "row": 80, "column": 78, "tagName": "meta", "time": 3333.165377, "url": "", "pos": 1, "chunkLen": 1, "isStartTag": 1}}
06-28 09:31:07.888 11549 11562 E WProf.db: {"WprofHTMLTag": {"code": "0xb4cc79f0", "doc": "http://searchengineland.com/beginners-guide-bing-ads-management-274706", "row": 81, "column": 77, "tagName": "meta", "time": 3333.165481, "url": "", "pos": 1, "chunkLen": 1, "isStartTag": 1}}
06-28 09:31:07.888 11549 11562 E WProf.db: {"WprofHTMLTag": {"code": "0xb4cc7a20", "doc": "http://searchengineland.com/beginners-guide-bing-ads-management-274706", "row": 82, "column": 71, "tagName": "meta", "time": 3333.165581, "url": "", "pos": 1, "chunkLen": 1, "isStartTag": 1}}
06-28 09:31:07.888 11549 11562 E WProf.db: {"WprofHTMLTag": {"code": "0xb4cc7a50", "doc": "http://searchengineland.com/beginners-guide-bing-ads-management-274706", "row": 83, "column": 131, "tagName": "meta", "time": 3333.165689, "url": "", "pos": 1, "chunkLen": 1, "isStartTag": 1}}
06-28 09:31:07.888 11549 11562 E WProf.db: {"WprofHTMLTag": {"code": "0xb4cc7a80", "doc": "http://searchengineland.com/beginners-guide-bing-ads-management-274706", "row": 84, "column": 49, "tagName": "meta", "time": 3333.165794, "url": "", "pos": 1, "chunkLen": 1, "isStartTag": 1}}
06-28 09:31:07.888 11549 11562 E WProf.db: {"WprofHTMLTag": {"code": "0xb4cc7ab0", "doc": "http://searchengineland.com/beginners-guide-bing-ads-management-274706", "row": 85, "column": 50, "tagName": "meta", "time": 3333.165901, "url": "", "pos": 1, "chunkLen": 1, "isStartTag": 1}}
06-28 09:31:07.888 11549 11562 E WProf.db: {"WprofHTMLTag": {"code": "0xb4cc7ae0", "doc": "http://searchengineland.com/beginners-guide-bing-ads-management-274706", "row": 86, "column": 58, "tagName": "meta", "time": 3333.166007, "url": "", "pos": 1, "chunkLen": 1, "isStartTag": 1}}
06-28 09:31:07.888 11549 11562 E WProf.db: {"WprofHTMLTag": {"code": "0xb4cc7b10", "doc": "http://searchengineland.com/beginners-guide-bing-ads-management-274706", "row": 87, "column": 206, "tagName": "meta", "time": 3333.166115, "url": "", "pos": 1, "chunkLen": 1, "isStartTag": 1}}
06-28 09:31:07.888 11549 11562 E WProf.db: {"WprofHTMLTag": {"code": "0xb4cc7b40", "doc": "http://searchengineland.com/beginners-guide-bing-ads-management-274706", "row": 88, "column": 84, "tagName": "meta", "time": 3333.166217, "url": "", "pos": 1, "chunkLen": 1, "isStartTag": 1}}
06-28 09:31:07.888 11549 11562 E WProf.db: {"WprofHTMLTag": {"code": "0xb4cc7b70", "doc": "http://searchengineland.com/beginners-guide-bing-ads-management-274706", "row": 89, "column": 51, "tagName": "meta", "time": 3333.166325, "url": "", "pos": 1, "chunkLen": 1, "isStartTag": 1}}
06-28 09:31:07.888 11549 11562 E WProf.db: {"WprofHTMLTag": {"code": "0xb4cc7ba0", "doc": "http://searchengineland.com/beginners-guide-bing-ads-management-274706", "row": 90, "column": 132, "tagName": "meta", "time": 3333.166429, "url": "", "pos": 1, "chunkLen": 1, "isStartTag": 1}}
06-28 09:31:07.888 11549 11562 E WProf.db: {"WprofHTMLTag": {"code": "0xb4cc7bd0", "doc": "http://searchengineland.com/beginners-guide-bing-ads-management-274706", "row": 91, "column": 55, "tagName": "meta", "time": 3333.166530, "url": "", "pos": 1, "chunkLen": 1, "isStartTag": 1}}
06-28 09:31:07.889 11549 11562 E WProf.db: {"WprofHTMLTag": {"code": "0xb4cc7c00", "doc": "http://searchengineland.com/beginners-guide-bing-ads-management-274706", "row": 94, "column": 44, "tagName": "link", "time": 3333.166639, "url": "http://s.w.org/", "pos": 1, "chunkLen": 1, "isStartTag": 1}}
06-28 09:31:07.889 11549 11562 E WProf.db: {"WprofHTMLTag": {"code": "0xb4cc7c30", "doc": "http://searchengineland.com/beginners-guide-bing-ads-management-274706", "row": 95, "column": 33, "tagName": "script", "time": 3333.166843, "url": "", "pos": 1, "chunkLen": 1, "isStartTag": 1}}
06-28 09:31:07.889 11549 11562 E WProf.db: {"WprofHTMLTag": {"code": "0xb4cc7c60", "doc": "http://searchengineland.com/beginners-guide-bing-ads-management-274706", "row": 98, "column": 11, "tagName": "script", "time": 3333.167413, "url": "http://searchengineland.com/figz/wp-includes/js/wp-emoji-release.min.js?ver=4.7.5", "pos": 1, "chunkLen": 1, "isStartTag": 0}}
06-28 09:31:07.889 11549 11562 E WProf.db: {"WprofHTMLTag": {"code": "0x9d8ba8d0", "doc": "http://searchengineland.com/beginners-guide-bing-ads-management-274706", "row": 99, "column": 25, "tagName": "style", "time": 3333.734478, "url": "", "pos": 1, "chunkLen": 1, "isStartTag": 1}}
06-28 09:31:07.889 11549 11562 E WProf.db: {"WprofHTMLTag": {"code": "0x9d8ba900", "doc": "http://searchengineland.com/beginners-guide-bing-ads-management-274706", "row": 112, "column": 8, "tagName": "style", "time": 3333.734659, "url": "", "pos": 1, "chunkLen": 1, "isStartTag": 0}}
06-28 09:31:07.889 11549 11562 E WProf.db: {"WprofHTMLTag": {"code": "0x9d8ba930", "doc": "http://searchengineland.com/beginners-guide-bing-ads-management-274706", "row": 113, "column": 140, "tagName": "script", "time": 3333.736182, "url": "http://searchengineland.com/figz/wp-content/themes/searchengineland/js/lib/modernizr.custom.js?ver=1.0", "pos": 1, "chunkLen": 1, "isStartTag": 1}}
06-28 09:31:07.889 11549 11562 E WProf.db: {"WprofHTMLTag": {"code": "0x9d8ba960", "doc": "http://searchengineland.com/beginners-guide-bing-ads-management-274706", "row": 113, "column": 149, "tagName": "script", "time": 3333.736413, "url": "", "pos": 1, "chunkLen": 1, "isStartTag": 0}}
06-28 09:31:07.889 11549 11562 E WProf.db: {"WprofHTMLTag": {"code": "0x9d8ba9f0", "doc": "http://searchengineland.com/beginners-guide-bing-ads-management-274706", "row": 114, "column": 144, "tagName": "script", "time": 3333.743557, "url": "http://searchengineland.com/figz/wp-content/themes/searchengineland/js/lib/jquery-1.11.0.min.js?ver=1.11.0", "pos": 1, "chunkLen": 1, "isStartTag": 1}}
06-28 09:31:07.889 11549 11562 E WProf.db: {"WprofHTMLTag": {"code": "0x9d8baa20", "doc": "http://searchengineland.com/beginners-guide-bing-ads-management-274706", "row": 114, "column": 153, "tagName": "script", "time": 3333.743896, "url": "", "pos": 1, "chunkLen": 1, "isStartTag": 0}}
06-28 09:31:07.889 11549 11562 E WProf.db: {"WprofHTMLTag": {"code": "0xaedd0f00", "doc": "http://searchengineland.com/beginners-guide-bing-ads-management-274706", "row": 0, "column": 15, "tagName": "div", "time": 3333.806486, "url": "", "pos": 15, "chunkLen": 44, "isStartTag": 1}}
06-28 09:31:07.889 11549 11562 E WProf.db: {"WprofHTMLTag": {"code": "0xaedd0ed0", "doc": "http://searchengineland.com/beginners-guide-bing-ads-management-274706", "row": 0, "column": 21, "tagName": "div", "time": 3333.806635, "url": "", "pos": 21, "chunkLen": 44, "isStartTag": 0}}
06-28 09:31:07.889 11549 11562 E WProf.db: {"WprofHTMLTag": {"code": "0xaedd0c60", "doc": "http://searchengineland.com/beginners-guide-bing-ads-management-274706", "row": 0, "column": 38, "tagName": "div", "time": 3333.806701, "url": "", "pos": 38, "chunkLen": 44, "isStartTag": 1}}
06-28 09:31:07.889 11549 11562 E WProf.db: {"WprofHTMLTag": {"code": "0xaedd0ea0", "doc": "http://searchengineland.com/beginners-guide-bing-ads-management-274706", "row": 0, "column": 44, "tagName": "div", "time": 3333.806809, "url": "", "pos": 44, "chunkLen": 44, "isStartTag": 0}}
06-28 09:31:07.889 11549 11562 E WProf.db: {"WprofHTMLTag": {"code": "0xaedd0db0", "doc": "http://searchengineland.com/beginners-guide-bing-ads-management-274706", "row": 0, "column": 13, "tagName": "select", "time": 3333.808172, "url": "", "pos": 13, "chunkLen": 51, "isStartTag": 1}}
06-28 09:31:07.890 11549 11562 E WProf.db: {"WprofHTMLTag": {"code": "0xaedd0e70", "doc": "http://searchengineland.com/beginners-guide-bing-ads-management-274706", "row": 0, "column": 33, "tagName": "option", "time": 3333.808358, "url": "", "pos": 33, "chunkLen": 51, "isStartTag": 1}}
06-28 09:31:07.890 11549 11562 E WProf.db: {"WprofHTMLTag": {"code": "0x9d8baa80", "doc": "http://searchengineland.com/beginners-guide-bing-ads-management-274706", "row": 0, "column": 42, "tagName": "option", "time": 3333.808548, "url": "", "pos": 42, "chunkLen": 51, "isStartTag": 0}}
06-28 09:31:07.890 11549 11562 E WProf.db: {"WprofHTMLTag": {"code": "0x9d8baab0", "doc": "http://searchengineland.com/beginners-guide-bing-ads-management-274706", "row": 0, "column": 51, "tagName": "select", "time": 3333.808605, "url": "", "pos": 51, "chunkLen": 51, "isStartTag": 0}}
06-28 09:31:07.890 11549 11562 E WProf.db: {"WprofHTMLTag": {"code": "0x9d8baae0", "doc": "http://searchengineland.com/beginners-guide-bing-ads-management-274706", "row": 0, "column": 12, "tagName": "a", "time": 3333.813405, "url": "", "pos": 12, "chunkLen": 16, "isStartTag": 1}}
06-28 09:31:07.890 11549 11562 E WProf.db: {"WprofHTMLTag": {"code": "0x9d8bab10", "doc": "http://searchengineland.com/beginners-guide-bing-ads-management-274706", "row": 0, "column": 16, "tagName": "a", "time": 3333.813570, "url": "", "pos": 16, "chunkLen": 16, "isStartTag": 0}}
06-28 09:31:07.890 11549 11562 E WProf.db: {"WprofHTMLTag": {"code": "0x9d8bab40", "doc": "http://searchengineland.com/beginners-guide-bing-ads-management-274706", "row": 0, "column": 8, "tagName": "input", "time": 3333.814687, "url": "", "pos": 8, "chunkLen": 8, "isStartTag": 1}}
06-28 09:31:07.890 11549 11562 E WProf.db: {"WprofHTMLTag": {"code": "0x9d8bab70", "doc": "http://searchengineland.com/beginners-guide-bing-ads-management-274706", "row": 0, "column": 9, "tagName": "link", "time": 3333.823704, "url": "", "pos": 9, "chunkLen": 42, "isStartTag": 1}}
06-28 09:31:07.890 11549 11562 E WProf.db: {"WprofHTMLTag": {"code": "0x9d8baba0", "doc": "http://searchengineland.com/beginners-guide-bing-ads-management-274706", "row": 0, "column": 16, "tagName": "table", "time": 3333.823827, "url": "", "pos": 16, "chunkLen": 42, "isStartTag": 1}}
06-28 09:31:07.890 11549 11562 E WProf.db: {"WprofHTMLTag": {"code": "0x9d8babd0", "doc": "http://searchengineland.com/beginners-guide-bing-ads-management-274706", "row": 0, "column": 24, "tagName": "table", "time": 3333.823941, "url": "", "pos": 24, "chunkLen": 42, "isStartTag": 0}}
06-28 09:31:07.890 11549 11562 E WProf.db: {"WprofHTMLTag": {"code": "0x9d8bac00", "doc": "http://searchengineland.com/beginners-guide-bing-ads-management-274706", "row": 0, "column": 37, "tagName": "a", "time": 3333.824008, "url": "", "pos": 37, "chunkLen": 42, "isStartTag": 1}}
06-28 09:31:07.890 11549 11562 E WProf.db: {"WprofHTMLTag": {"code": "0x9d8bac30", "doc": "http://searchengineland.com/beginners-guide-bing-ads-management-274706", "row": 0, "column": 42, "tagName": "a", "time": 3333.824178, "url": "", "pos": 42, "chunkLen": 42, "isStartTag": 0}}
06-28 09:31:07.890 11549 11562 E WProf.db: {"WprofHTMLTag": {"code": "0x9d8bacc0", "doc": "http://searchengineland.com/beginners-guide-bing-ads-management-274706", "row": 0, "column": 10, "tagName": "textarea", "time": 3333.825338, "url": "", "pos": 10, "chunkLen": 22, "isStartTag": 1}}
06-28 09:31:07.890 11549 11562 E WProf.db: {"WprofHTMLTag": {"code": "0x9d8bacf0", "doc": "http://searchengineland.com/beginners-guide-bing-ads-management-274706", "row": 0, "column": 22, "tagName": "textarea", "time": 3333.825532, "url": "", "pos": 22, "chunkLen": 22, "isStartTag": 0}}
06-28 09:31:07.890 11549 11562 E WProf.db: {"WprofHTMLTag": {"code": "0x9d8bad20", "doc": "http://searchengineland.com/beginners-guide-bing-ads-management-274706", "row": 0, "column": 48, "tagName": "input", "time": 3333.826661, "url": "", "pos": 48, "chunkLen": 48, "isStartTag": 1}}
06-28 09:31:07.891 11549 11562 E WProf.db: {"WprofHTMLTag": {"code": "0x9d8bad80", "doc": "http://searchengineland.com/beginners-guide-bing-ads-management-274706", "row": 0, "column": 9, "tagName": "link", "time": 3333.831456, "url": "", "pos": 9, "chunkLen": 66, "isStartTag": 1}}
06-28 09:31:07.891 11549 11562 E WProf.db: {"WprofHTMLTag": {"code": "0x9d8badb0", "doc": "http://searchengineland.com/beginners-guide-bing-ads-management-274706", "row": 0, "column": 16, "tagName": "table", "time": 3333.831582, "url": "", "pos": 16, "chunkLen": 66, "isStartTag": 1}}
06-28 09:31:07.891 11549 11562 E WProf.db: {"WprofHTMLTag": {"code": "0x9d8bade0", "doc": "http://searchengineland.com/beginners-guide-bing-ads-management-274706", "row": 0, "column": 24, "tagName": "table", "time": 3333.831655, "url": "", "pos": 24, "chunkLen": 66, "isStartTag": 0}}
06-28 09:31:07.891 11549 11562 E WProf.db: {"WprofHTMLTag": {"code": "0x9d8bae10", "doc": "http://searchengineland.com/beginners-guide-bing-ads-management-274706", "row": 0, "column": 37, "tagName": "a", "time": 3333.831719, "url": "", "pos": 37, "chunkLen": 66, "isStartTag": 1}}
06-28 09:31:07.891 11549 11562 E WProf.db: {"WprofHTMLTag": {"code": "0x9d8bae40", "doc": "http://searchengineland.com/beginners-guide-bing-ads-management-274706", "row": 0, "column": 42, "tagName": "a", "time": 3333.831907, "url": "", "pos": 42, "chunkLen": 66, "isStartTag": 0}}
06-28 09:31:07.891 11549 11562 E WProf.db: {"WprofHTMLTag": {"code": "0x9d8bae70", "doc": "http://searchengineland.com/beginners-guide-bing-ads-management-274706", "row": 0, "column": 66, "tagName": "input", "time": 3333.831976, "url": "", "pos": 66, "chunkLen": 66, "isStartTag": 1}}
06-28 09:31:07.891 11549 11562 E WProf.db: {"WprofHTMLTag": {"code": "0x9d8baf00", "doc": "http://searchengineland.com/beginners-guide-bing-ads-management-274706", "row": 0, "column": 9, "tagName": "link", "time": 3333.833815, "url": "", "pos": 9, "chunkLen": 66, "isStartTag": 1}}
06-28 09:31:07.891 11549 11562 E WProf.db: {"WprofHTMLTag": {"code": "0x9d8baf30", "doc": "http://searchengineland.com/beginners-guide-bing-ads-management-274706", "row": 0, "column": 16, "tagName": "table", "time": 3333.833923, "url": "", "pos": 16, "chunkLen": 66, "isStartTag": 1}}
06-28 09:31:07.891 11549 11562 E WProf.db: {"WprofHTMLTag": {"code": "0x9d8baf60", "doc": "http://searchengineland.com/beginners-guide-bing-ads-management-274706", "row": 0, "column": 24, "tagName": "table", "time": 3333.833995, "url": "", "pos": 24, "chunkLen": 66, "isStartTag": 0}}
06-28 09:31:07.891 11549 11562 E WProf.db: {"WprofHTMLTag": {"code": "0x9d8baf90", "doc": "http://searchengineland.com/beginners-guide-bing-ads-management-274706", "row": 0, "column": 37, "tagName": "a", "time": 3333.834059, "url": "", "pos": 37, "chunkLen": 66, "isStartTag": 1}}
06-28 09:31:07.891 11549 11562 E WProf.db: {"WprofHTMLTag": {"code": "0x9d8bafc0", "doc": "http://searchengineland.com/beginners-guide-bing-ads-management-274706", "row": 0, "column": 42, "tagName": "a", "time": 3333.834220, "url": "", "pos": 42, "chunkLen": 66, "isStartTag": 0}}
06-28 09:31:07.891 11549 11562 E WProf.db: {"WprofHTMLTag": {"code": "0x9d8baff0", "doc": "http://searchengineland.com/beginners-guide-bing-ads-management-274706", "row": 0, "column": 66, "tagName": "input", "time": 3333.834282, "url": "", "pos": 66, "chunkLen": 66, "isStartTag": 1}}
06-28 09:31:07.891 11549 11562 E WProf.db: {"WprofHTMLTag": {"code": "0x9d8bb050", "doc": "http://searchengineland.com/beginners-guide-bing-ads-management-274706", "row": 0, "column": 9, "tagName": "link", "time": 3333.838605, "url": "", "pos": 9, "chunkLen": 66, "isStartTag": 1}}
06-28 09:31:07.891 11549 11562 E WProf.db: {"WprofHTMLTag": {"code": "0x9d8bb080", "doc": "http://searchengineland.com/beginners-guide-bing-ads-management-274706", "row": 0, "column": 16, "tagName": "table", "time": 3333.838732, "url": "", "pos": 16, "chunkLen": 66, "isStartTag": 1}}
06-28 09:31:07.892 11549 11562 E WProf.db: {"WprofHTMLTag": {"code": "0x9d8bb0b0", "doc": "http://searchengineland.com/beginners-guide-bing-ads-management-274706", "row": 0, "column": 24, "tagName": "table", "time": 3333.838810, "url": "", "pos": 24, "chunkLen": 66, "isStartTag": 0}}
06-28 09:31:07.892 11549 11562 E WProf.db: {"WprofHTMLTag": {"code": "0x9d8bb0e0", "doc": "http://searchengineland.com/beginners-guide-bing-ads-management-274706", "row": 0, "column": 37, "tagName": "a", "time": 3333.838873, "url": "", "pos": 37, "chunkLen": 66, "isStartTag": 1}}
06-28 09:31:07.892 11549 11562 E WProf.db: {"WprofHTMLTag": {"code": "0x9d8bb110", "doc": "http://searchengineland.com/beginners-guide-bing-ads-management-274706", "row": 0, "column": 42, "tagName": "a", "time": 3333.839047, "url": "", "pos": 42, "chunkLen": 66, "isStartTag": 0}}
06-28 09:31:07.892 11549 11562 E WProf.db: {"WprofHTMLTag": {"code": "0x9d8bb140", "doc": "http://searchengineland.com/beginners-guide-bing-ads-management-274706", "row": 0, "column": 66, "tagName": "input", "time": 3333.839116, "url": "", "pos": 66, "chunkLen": 66, "isStartTag": 1}}
06-28 09:31:07.892 11549 11562 E WProf.db: {"WprofHTMLTag": {"code": "0x9d8ba9c0", "doc": "http://searchengineland.com/beginners-guide-bing-ads-management-274706", "row": 115, "column": 154, "tagName": "script", "time": 3333.852160, "url": "http://searchengineland.com/figz/wp-content/themes/searchengineland/js/lib/jquery-ui-1.10.3.custom.min.js?ver=1.10.3", "pos": 67, "chunkLen": 67, "isStartTag": 1}}
06-28 09:31:07.892 11549 11562 E WProf.db: {"WprofHTMLTag": {"code": "0x9d8bb260", "doc": "http://searchengineland.com/beginners-guide-bing-ads-management-274706", "row": 115, "column": 163, "tagName": "script", "time": 3333.852465, "url": "", "pos": 67, "chunkLen": 67, "isStartTag": 0}}
06-28 09:31:07.892 11549 11562 E WProf.db: {"WprofHTMLTag": {"code": "0xaedd0c30", "doc": "http://searchengineland.com/beginners-guide-bing-ads-management-274706", "row": 0, "column": 111, "tagName": "div", "time": 3333.983862, "url": "", "pos": 111, "chunkLen": 117, "isStartTag": 1}}
06-28 09:31:07.892 11549 11562 E WProf.db: {"WprofHTMLTag": {"code": "0xaedd1080", "doc": "http://searchengineland.com/beginners-guide-bing-ads-management-274706", "row": 0, "column": 117, "tagName": "div", "time": 3333.984054, "url": "", "pos": 117, "chunkLen": 117, "isStartTag": 0}}
06-28 09:31:07.892 11549 11562 E WProf.db: {"WprofHTMLTag": {"code": "0x9d8bb5c0", "doc": "http://searchengineland.com/beginners-guide-bing-ads-management-274706", "row": 116, "column": 155, "tagName": "script", "time": 3334.012743, "url": "http://searchengineland.com/figz/wp-content/themes/searchengineland/js/lib/jquery.ba-throttle-debounce.min.js?ver=1.1", "pos": 118, "chunkLen": 118, "isStartTag": 1}}
