--------- beginning of main
06-28 12:38:01.005  3449  3449 E Finsky  : [1] com.google.android.finsky.wear.bl.a(3): onConnectionFailed: ConnectionResult{statusCode=API_UNAVAILABLE, resolution=null, message=null}
--------- beginning of system
06-28 12:38:02.188 13771 13771 E chromium: [ERROR:shell_integration_android.cc(12)] Not implemented reached in static ShellIntegration::DefaultWebClientSetPermission ShellIntegration::CanSetAsDefaultBrowser()
06-28 12:38:02.191 13771 13771 E chromium: [ERROR:browser_process_impl.cc(720)] Not implemented reached in virtual BackgroundModeManager* BrowserProcessImpl::background_mode_manager()
06-28 12:38:02.473  3218  5383 E AudioRecord-JNI: Error -4 during AudioRecord native read
06-28 12:38:04.840 13771 13817 E chromium: [ERROR:gles2_cmd_decoder.cc(3852)] [.ChromiumCompositor-0xacbb2fc0]GL ERROR :GL_INVALID_ENUM : glDiscardFramebufferEXT: attachments was GL_COLOR_EXT
06-28 12:38:05.072 13838 13851 E WPROF   : {"CSS": {"url": "http://searchengineland.com/figz/wp-content/themes/searchengineland/css/searchengineland-bootstrap.css", "requestTime": 14562.127550}}
06-28 12:38:05.073 13838 13851 E WPROF   : {"CSS": {"url": "http://fonts.googleapis.com/css?family=Oswald:300,400,700", "requestTime": 14562.128936}}
06-28 12:38:05.075 13838 13851 E WPROF   : {"CSS": {"url": "http://searchengineland.com/figz/wp-content/themes/searchengineland/style.css", "requestTime": 14562.130267}}
06-28 12:38:05.083 13838 13851 E WPROF   : {"Javascript": {"url": "http://searchengineland.com/figz/wp-content/themes/searchengineland/js/lib/modernizr.custom.js?ver=1.0", "requestTime": 14562.138785}}
06-28 12:38:05.086 13838 13851 E WPROF   : {"Javascript": {"url": "http://searchengineland.com/figz/wp-content/themes/searchengineland/js/lib/jquery-1.11.0.min.js?ver=1.11.0", "requestTime": 14562.141354}}
06-28 12:38:05.088 13838 13851 E WPROF   : {"Javascript": {"url": "http://searchengineland.com/figz/wp-content/themes/searchengineland/js/lib/jquery-ui-1.10.3.custom.min.js?ver=1.10.3", "requestTime": 14562.143138}}
06-28 12:38:05.093 13838 13851 E WPROF   : {"Javascript": {"url": "http://searchengineland.com/figz/wp-content/themes/searchengineland/js/lib/jquery.ba-throttle-debounce.min.js?ver=1.1", "requestTime": 14562.149084}}
06-28 12:38:05.095 13838 13851 E WPROF   : {"Javascript": {"url": "http://searchengineland.com/figz/wp-content/themes/searchengineland/js/lib/jquery.countdown.min.js?ver=2.0.4", "requestTime": 14562.150546}}
06-28 12:38:05.095 13838 13851 E WPROF   : {"Javascript": {"url": "http://static.chartbeat.com/js/chartbeat_mab.js", "requestTime": 14562.151080}}
06-28 12:38:05.646 13838 13851 E WPROF   : {"Javascript": {"url": "http://searchengineland.com/figz/wp-includes/js/wp-emoji-release.min.js?ver=4.7.5", "requestTime": 14562.701840}}
06-28 12:38:05.973 13838 13851 E WPROF   : {"Javascript": {"url": "http://www.googletagservices.com/tag/js/gpt.js", "requestTime": 14563.028450}}
06-28 12:38:05.976 13838 13851 E WPROF   : {"Javascript": {"url": "https://www.google-analytics.com/analytics.js", "requestTime": 14563.032207}}
06-28 12:38:05.978 13838 13851 E WPROF   : {"Javascript": {"url": "http://edge.quantserve.com/quant.js", "requestTime": 14563.034112}}
06-28 12:38:05.980 13838 13851 E WPROF   : {"Javascript": {"url": "https://connect.facebook.net/en_US/fbevents.js", "requestTime": 14563.035743}}
06-28 12:38:06.053 13838 13851 E WPROF   : {"Javascript": {"url": "http://app-sj02.marketo.com/js/forms2/js/forms2.min.js", "requestTime": 14563.108220}}
06-28 12:38:06.065 13771 13817 E chromium: [ERROR:gles2_cmd_decoder.cc(3852)] [.ChromiumCompositor-0xacbb2fc0]GL ERROR :GL_INVALID_ENUM : glDiscardFramebufferEXT: attachments was GL_COLOR_EXT
06-28 12:38:06.148 13771 13817 E chromium: [ERROR:gles2_cmd_decoder.cc(3852)] [.ChromiumCompositor-0xacbb2fc0]GL ERROR :GL_INVALID_ENUM : glDiscardFramebufferEXT: attachments was GL_COLOR_EXT
06-28 12:38:06.190 13838 13851 E WPROF   : {"Javascript": {"url": "https://connect.facebook.net/signals/config/423979991297359?v=2.7.17", "requestTime": 14563.245218}}
06-28 12:38:06.348 13838 13851 E WPROF   : {"Javascript": {"url": "http://app-sj02.marketo.com/index.php/form/getForm?munchkinId=727-ZQE-044&form=5691&url=http%3A%2F%2Fsearchengineland.com%2Fbing-ads-editor-updates-multi-select-277862&callback=jQuery11020774636842077598_1498621086279&_=1498621086280", "requestTime": 14563.403740}}
06-28 12:38:06.363 13838 13851 E WPROF   : {"Javascript": {"url": "http://app-sj02.marketo.com/index.php/form/getForm?munchkinId=727-ZQE-044&form=5685&url=http%3A%2F%2Fsearchengineland.com%2Fbing-ads-editor-updates-multi-select-277862&callback=jQuery11020774636842077598_1498621086281&_=1498621086282", "requestTime": 14563.418817}}
06-28 12:38:06.389 13838 13851 E WPROF   : {"Javascript": {"url": "https://securepubads.g.doubleclick.net/gpt/pubads_impl_121.js", "requestTime": 14563.444555}}
06-28 12:38:06.580 13838 13851 E WPROF   : {"Javascript": {"url": "http://app-sj02.marketo.com/index.php/form/getForm?munchkinId=727-ZQE-044&form=5673&url=http%3A%2F%2Fsearchengineland.com%2Fbing-ads-editor-updates-multi-select-277862&callback=jQuery11020774636842077598_1498621086283&_=1498621086284", "requestTime": 14563.635627}}
06-28 12:38:06.605 13838 13851 E WPROF   : {"Javascript": {"url": "http://searchengineland.com/js/ga_social_tracking.js", "requestTime": 14563.660893}}
06-28 12:38:06.607 13838 13851 E WPROF   : {"Javascript": {"url": "http://s7.addthis.com/js/300/addthis_widget.js#pubid=ra-53e918f660794f37", "requestTime": 14563.662304}}
06-28 12:38:06.664 13771 13817 E chromium: [ERROR:gles2_cmd_decoder.cc(3852)] [.ChromiumCompositor-0xacbb2fc0]GL ERROR :GL_INVALID_ENUM : glDiscardFramebufferEXT: attachments was GL_COLOR_EXT
06-28 12:38:07.084 13838 13851 E WPROF   : {"Javascript": {"url": "http://cdn.api.twitter.com/1/users/show.json?screen_name=ginnymarvin&callback=twttr.setFollowersCount", "requestTime": 14564.139227}}
06-28 12:38:07.176 13838 13851 E WPROF   : {"CSS": {"url": "http://app-sj02.marketo.com/js/forms2/css/forms2.css", "requestTime": 14564.232106}}
06-28 12:38:07.180 13838 13851 E WPROF   : {"CSS": {"url": "http://app-sj02.marketo.com/js/forms2/css/forms2-theme-simple.css", "requestTime": 14564.235875}}
06-28 12:38:07.226 13771 13817 E chromium: [ERROR:gles2_cmd_decoder.cc(3852)] [.ChromiumCompositor-0xacbb2fc0]GL ERROR :GL_INVALID_ENUM : glDiscardFramebufferEXT: attachments was GL_COLOR_EXT
06-28 12:38:07.287 13838 13851 E WPROF   : {"Javascript": {"url": "https://static.xx.fbcdn.net/rsrc.php/v3iy6L4/yk/l/ko_KR/be4fIjHRc8P.js", "requestTime": 14564.342267}}
06-28 12:38:07.315 13838 13851 E WPROF   : {"Javascript": {"url": "http://www.googleadservices.com/pagead/conversion.js", "requestTime": 14564.370463}}
06-28 12:38:07.316 13838 13851 E WPROF   : {"Javascript": {"url": "http://searchengineland.com/figz/wp-content/themes/searchengineland/js/script.js?ver=1.0", "requestTime": 14564.371450}}
06-28 12:38:07.316 13838 13851 E WPROF   : {"Javascript": {"url": "http://searchengineland.com/figz/wp-includes/js/wp-embed.min.js?ver=4.7.5", "requestTime": 14564.371869}}
06-28 12:38:07.317 13838 13851 E WPROF   : {"Javascript": {"url": "http://searchengineland.com/figz/wp-content/themes/searchengineland/js/modules/sharing_controls.js", "requestTime": 14564.372475}}
06-28 12:38:07.695   862  1657 E LocSvc_IzatApiV02: E/virtual int izat_core::IzatApiV02::getBatchSize(int32_t):522]: Error : st = 4, ind.status = -1628389555
06-28 12:38:07.695   862  1657 E LocSvc_IzatApiV02: E/virtual int izat_core::IzatApiV02::getBatchSize(int32_t):535]: get batching size failed.Or modem does not support batching 
06-28 12:38:07.706   862  1657 E LocSvc_IzatApiV02: E/virtual int izat_core::IzatApiV02::getBatchSize(int32_t):522]: Error : st = 4, ind.status = -1628389555
06-28 12:38:07.706   862  1657 E LocSvc_IzatApiV02: E/virtual int izat_core::IzatApiV02::getBatchSize(int32_t):535]: get batching size failed.Or modem does not support batching 
06-28 12:38:07.736   862  1657 E LocSvc_IzatApiV02: E/virtual int izat_core::IzatApiV02::getBatchSize(int32_t):522]: Error : st = 4, ind.status = -1628389555
06-28 12:38:07.736   862  1657 E LocSvc_IzatApiV02: E/virtual int izat_core::IzatApiV02::getBatchSize(int32_t):535]: get batching size failed.Or modem does not support batching 
06-28 12:38:07.745   862  1657 E LocSvc_IzatApiV02: E/virtual int izat_core::IzatApiV02::getBatchSize(int32_t):522]: Error : st = 4, ind.status = -1628389555
06-28 12:38:07.746   862  1657 E LocSvc_IzatApiV02: E/virtual int izat_core::IzatApiV02::getBatchSize(int32_t):535]: get batching size failed.Or modem does not support batching 
06-28 12:38:07.993 13771 13817 E chromium: [ERROR:gles2_cmd_decoder.cc(3852)] [.ChromiumCompositor-0xacbb2fc0]GL ERROR :GL_INVALID_ENUM : glDiscardFramebufferEXT: attachments was GL_COLOR_EXT
06-28 12:38:08.007 13838 13851 E WPROF   : {"Javascript": {"url": "http://d2j3qa5nc37287.cloudfront.net/coupon_code1.js", "requestTime": 14565.062738}}
06-28 12:38:08.562 13838 13851 E WPROF   : {"CSS": {"url": "https://www.youtube.com/yts/cssbin/www-embed-player-sprite-mode-vfl5G4Xm8.css", "requestTime": 14565.617827}}
06-28 12:38:08.564 13838 13851 E WPROF   : {"Javascript": {"url": "https://www.youtube.com/yts/jsbin/www-embed-player-vfl_UY_j8/www-embed-player.js", "requestTime": 14565.619420}}
06-28 12:38:08.564 13838 13851 E WPROF   : {"Javascript": {"url": "https://www.youtube.com/yts/jsbin/player-vflo1w4O-/ko_KR/base.js", "requestTime": 14565.619970}}
06-28 12:38:08.616 13771 13817 E chromium: [ERROR:gles2_cmd_decoder.cc(3852)] [.ChromiumCompositor-0xacbb2fc0]GL ERROR :GL_INVALID_ENUM : glDiscardFramebufferEXT: attachments was GL_COLOR_EXT
06-28 12:38:08.767 13838 13851 E WPROF   : {"Javascript": {"url": "https://tpc.googlesyndication.com/pagead/js/r20170619/r20110914/client/ext/m_window_focus_non_hydra.js", "requestTime": 14565.822235}}
06-28 12:38:08.768 13838 13851 E WPROF   : {"Javascript": {"url": "https://tpc.googlesyndication.com/pagead/js/r20170619/r20110914/activeview/osd_listener.js", "requestTime": 14565.823742}}
06-28 12:38:08.772 13838 13851 E WPROF   : {"Javascript": {"url": "http://pagead2.googlesyndication.com/pagead/osd.js", "requestTime": 14565.828052}}
06-28 12:38:09.584 13771 13817 E chromium: [ERROR:gles2_cmd_decoder.cc(3852)] [.ChromiumCompositor-0xacbb2fc0]GL ERROR :GL_INVALID_ENUM : glDiscardFramebufferEXT: attachments was GL_COLOR_EXT
06-28 12:38:09.917 13771 13817 E chromium: [ERROR:gles2_cmd_decoder.cc(3852)] [.ChromiumCompositor-0xacbb2fc0]GL ERROR :GL_INVALID_ENUM : glDiscardFramebufferEXT: attachments was GL_COLOR_EXT
06-28 12:38:10.933 13838 13851 E WPROF   : {"Javascript": {"url": "https://www.google.com/js/bg/KWBfAnWFESAEEaKKgdYlTHY9ysQaNoQuzeMFqvxDSM8.js", "requestTime": 14567.988257}}
06-28 12:38:10.936 13838 13851 E WPROF   : {"Javascript": {"url": "https://static.doubleclick.net/instream/ad_status.js", "requestTime": 14567.991797}}
06-28 12:38:11.089 13771 13817 E chromium: [ERROR:gles2_cmd_decoder.cc(3852)] [.ChromiumCompositor-0xacbb2fc0]GL ERROR :GL_INVALID_ENUM : glDiscardFramebufferEXT: attachments was GL_COLOR_EXT
06-28 12:38:11.297 13771 13817 E chromium: [ERROR:gles2_cmd_decoder.cc(3852)] [.ChromiumCompositor-0xacbb2fc0]GL ERROR :GL_INVALID_ENUM : glDiscardFramebufferEXT: attachments was GL_COLOR_EXT
06-28 12:38:11.349 13838 13851 E WPROF   : {"Javascript": {"url": "http://www.justuno.com/ajax/account_version_check.html?id=828FA275-FF73-401E-AA39-40F5A6FAB6B1", "requestTime": 14568.404992}}
06-28 12:38:11.575 13771 13817 E chromium: [ERROR:gles2_cmd_decoder.cc(3852)] [.ChromiumCompositor-0xacbb2fc0]GL ERROR :GL_INVALID_ENUM : glDiscardFramebufferEXT: attachments was GL_COLOR_EXT
06-28 12:38:12.470 13771 13817 E chromium: [ERROR:gles2_cmd_decoder.cc(3852)] [.ChromiumCompositor-0xacbb2fc0]GL ERROR :GL_INVALID_ENUM : glDiscardFramebufferEXT: attachments was GL_COLOR_EXT
06-28 12:38:12.537 13838 13851 E WPROF   : {"Javascript": {"url": "http://cdn.justuno.com/mwgt_3.6.js", "requestTime": 14569.593156}}
06-28 12:38:12.548 13771 13817 E chromium: [ERROR:gles2_cmd_decoder.cc(3852)] [.ChromiumCompositor-0xacbb2fc0]GL ERROR :GL_INVALID_ENUM : glDiscardFramebufferEXT: attachments was GL_COLOR_EXT
06-28 12:38:12.598 13771 13817 E chromium: [ERROR:gles2_cmd_decoder.cc(3852)] [.ChromiumCompositor-0xacbb2fc0]GL ERROR :GL_INVALID_ENUM : glDiscardFramebufferEXT: attachments was GL_COLOR_EXT
06-28 12:38:13.006 13771 13817 E chromium: [ERROR:gles2_cmd_decoder.cc(3852)] [.ChromiumCompositor-0xacbb2fc0]GL ERROR :GL_INVALID_ENUM : glDiscardFramebufferEXT: attachments was GL_COLOR_EXT
06-28 12:38:13.322 13771 13817 E chromium: [ERROR:gles2_cmd_decoder.cc(3852)] [.ChromiumCompositor-0xacbb2fc0]GL ERROR :GL_INVALID_ENUM : glDiscardFramebufferEXT: attachments was GL_COLOR_EXT
06-28 12:38:13.420 13838 13851 E WPROF   : {"Javascript": {"url": "https://app-sj02.marketo.com/js/forms2/js/forms2.min.js", "requestTime": 14570.475440}}
06-28 12:38:13.504 13771 13817 E chromium: [ERROR:gles2_cmd_decoder.cc(3852)] [.ChromiumCompositor-0xacbb2fc0]GL ERROR :GL_INVALID_ENUM : glDiscardFramebufferEXT: attachments was GL_COLOR_EXT
06-28 12:38:13.683 13838 13851 E WProf.db: {"page": "searchengineland.com_bing-ads-editor-updates-multi-select-277862"}
06-28 12:38:13.683 13838 13851 E WProf.db: {"DOMLoad": 14570.738876}
06-28 12:38:13.683 13838 13851 E WProf.db: {"Resource": {"id": 1, "url": "http://searchengineland.com/bing-ads-editor-updates-multi-select-277862", "sentTime": -1.000000, "len": 90183, "from": "0x0", "mimeType": "text/html", "contentLength": -1, "httpStatus": 200, "connId": 19, "connReused": 1, "cached": 0,"requestTime": 14561.793759, "proxyStart": -1, "proxyEnd": -1, "dnsStart": -1, "dnsEnd": -1, "connectStart": 0, "connectEnd": 87, "sendStart": 87, "sendEnd": 88, "receiveHeadersEnd": 232, "sslStart": -1, "sslEnd": -1}}
06-28 12:38:13.683 13838 13851 E WProf.db: {"ReceivedChunk": {"receivedTime": 14562.044936, "len": 12409}}
06-28 12:38:13.683 13838 13851 E WProf.db: {"ReceivedChunk": {"receivedTime": 14562.118429, "len": 32768}}
06-28 12:38:13.683 13838 13851 E WProf.db: {"ReceivedChunk": {"receivedTime": 14562.118815, "len": 29141}}
06-28 12:38:13.684 13838 13851 E WProf.db: {"ReceivedChunk": {"receivedTime": 14562.157756, "len": 8072}}
06-28 12:38:13.684 13838 13851 E WProf.db: {"ReceivedChunk": {"receivedTime": 14562.170227, "len": 7793}}
06-28 12:38:13.684 13838 13851 E WProf.db: {"WprofHTMLTag": {"code": "0xaedd5630", "doc": "http://searchengineland.com/bing-ads-editor-updates-multi-select-277862", "row": 6, "column": 42, "tagName": "html", "time": 14562.122127, "url": "", "pos": 1, "chunkLen": 1, "isStartTag": 1}}
06-28 12:38:13.684 13838 13851 E WProf.db: {"WprofHTMLTag": {"code": "0xaf047730", "doc": "http://searchengineland.com/bing-ads-editor-updates-multi-select-277862", "row": 7, "column": 6, "tagName": "head", "time": 14562.122863, "url": "", "pos": 1, "chunkLen": 1, "isStartTag": 1}}
06-28 12:38:13.684 13838 13851 E WProf.db: {"WprofHTMLTag": {"code": "0xaf047820", "doc": "http://searchengineland.com/bing-ads-editor-updates-multi-select-277862", "row": 8, "column": 54, "tagName": "meta", "time": 14562.122908, "url": "", "pos": 1, "chunkLen": 1, "isStartTag": 1}}
06-28 12:38:13.684 13838 13851 E WProf.db: {"WprofHTMLTag": {"code": "0xaf047850", "doc": "http://searchengineland.com/bing-ads-editor-updates-multi-select-277862", "row": 9, "column": 68, "tagName": "meta", "time": 14562.123061, "url": "", "pos": 1, "chunkLen": 1, "isStartTag": 1}}
06-28 12:38:13.684 13838 13851 E WProf.db: {"WprofHTMLTag": {"code": "0xaf047880", "doc": "http://searchengineland.com/bing-ads-editor-updates-multi-select-277862", "row": 10, "column": 23, "tagName": "meta", "time": 14562.123174, "url": "", "pos": 1, "chunkLen": 1, "isStartTag": 1}}
06-28 12:38:13.684 13838 13851 E WProf.db: {"WprofHTMLTag": {"code": "0xaf0478b0", "doc": "http://searchengineland.com/bing-ads-editor-updates-multi-select-277862", "row": 11, "column": 52, "tagName": "meta", "time": 14562.123301, "url": "", "pos": 1, "chunkLen": 1, "isStartTag": 1}}
06-28 12:38:13.684 13838 13851 E WProf.db: {"WprofHTMLTag": {"code": "0xaf0478e0", "doc": "http://searchengineland.com/bing-ads-editor-updates-multi-select-277862", "row": 14, "column": 56, "tagName": "meta", "time": 14562.123426, "url": "", "pos": 1, "chunkLen": 1, "isStartTag": 1}}
06-28 12:38:13.684 13838 13851 E WProf.db: {"WprofHTMLTag": {"code": "0xaf047910", "doc": "http://searchengineland.com/bing-ads-editor-updates-multi-select-277862", "row": 15, "column": 83, "tagName": "meta", "time": 14562.123536, "url": "", "pos": 1, "chunkLen": 1, "isStartTag": 1}}
06-28 12:38:13.684 13838 13851 E WProf.db: {"WprofHTMLTag": {"code": "0xaf047940", "doc": "http://searchengineland.com/bing-ads-editor-updates-multi-select-277862", "row": 16, "column": 57, "tagName": "meta", "time": 14562.123643, "url": "", "pos": 1, "chunkLen": 1, "isStartTag": 1}}
06-28 12:38:13.684 13838 13851 E WProf.db: {"WprofHTMLTag": {"code": "0xaf0479d0", "doc": "http://searchengineland.com/bing-ads-editor-updates-multi-select-277862", "row": 17, "column": 41, "tagName": "meta", "time": 14562.123748, "url": "", "pos": 1, "chunkLen": 1, "isStartTag": 1}}
06-28 12:38:13.685 13838 13851 E WProf.db: {"WprofHTMLTag": {"code": "0xaf047a00", "doc": "http://searchengineland.com/bing-ads-editor-updates-multi-select-277862", "row": 18, "column": 50, "tagName": "meta", "time": 14562.123852, "url": "", "pos": 1, "chunkLen": 1, "isStartTag": 1}}
06-28 12:38:13.685 13838 13851 E WProf.db: {"WprofHTMLTag": {"code": "0xaf047a30", "doc": "http://searchengineland.com/bing-ads-editor-updates-multi-select-277862", "row": 19, "column": 174, "tagName": "meta", "time": 14562.123957, "url": "", "pos": 1, "chunkLen": 1, "isStartTag": 1}}
06-28 12:38:13.685 13838 13851 E WProf.db: {"WprofHTMLTag": {"code": "0xaf0479a0", "doc": "http://searchengineland.com/bing-ads-editor-updates-multi-select-277862", "row": 20, "column": 47, "tagName": "meta", "time": 14562.124065, "url": "", "pos": 1, "chunkLen": 1, "isStartTag": 1}}
06-28 12:38:13.685 13838 13851 E WProf.db: {"WprofHTMLTag": {"code": "0xaf047970", "doc": "http://searchengineland.com/bing-ads-editor-updates-multi-select-277862", "row": 21, "column": 67, "tagName": "meta", "time": 14562.124171, "url": "", "pos": 1, "chunkLen": 1, "isStartTag": 1}}
06-28 12:38:13.685 13838 13851 E WProf.db: {"WprofHTMLTag": {"code": "0xaf047a60", "doc": "http://searchengineland.com/bing-ads-editor-updates-multi-select-277862", "row": 22, "column": 57, "tagName": "meta", "time": 14562.124270, "url": "", "pos": 1, "chunkLen": 1, "isStartTag": 1}}
06-28 12:38:13.685 13838 13851 E WProf.db: {"WprofHTMLTag": {"code": "0xaf047a90", "doc": "http://searchengineland.com/bing-ads-editor-updates-multi-select-277862", "row": 23, "column": 65, "tagName": "meta", "time": 14562.124385, "url": "", "pos": 1, "chunkLen": 1, "isStartTag": 1}}
06-28 12:38:13.685 13838 13851 E WProf.db: {"WprofHTMLTag": {"code": "0xaf047ac0", "doc": "http://searchengineland.com/bing-ads-editor-updates-multi-select-277862", "row": 24, "column": 55, "tagName": "meta", "time": 14562.124488, "url": "", "pos": 1, "chunkLen": 1, "isStartTag": 1}}
06-28 12:38:13.685 13838 13851 E WProf.db: {"WprofHTMLTag": {"code": "0xaf047af0", "doc": "http://searchengineland.com/bing-ads-editor-updates-multi-select-277862", "row": 25, "column": 71, "tagName": "meta", "time": 14562.124591, "url": "", "pos": 1, "chunkLen": 1, "isStartTag": 1}}
06-28 12:38:13.685 13838 13851 E WProf.db: {"WprofHTMLTag": {"code": "0xaf047b20", "doc": "http://searchengineland.com/bing-ads-editor-updates-multi-select-277862", "row": 26, "column": 86, "tagName": "meta", "time": 14562.124691, "url": "", "pos": 1, "chunkLen": 1, "isStartTag": 1}}
06-28 12:38:13.685 13838 13851 E WProf.db: {"WprofHTMLTag": {"code": "0xaf047b50", "doc": "http://searchengineland.com/bing-ads-editor-updates-multi-select-277862", "row": 27, "column": 54, "tagName": "meta", "time": 14562.124794, "url": "", "pos": 1, "chunkLen": 1, "isStartTag": 1}}
06-28 12:38:13.685 13838 13851 E WProf.db: {"WprofHTMLTag": {"code": "0xaf047b80", "doc": "http://searchengineland.com/bing-ads-editor-updates-multi-select-277862", "row": 29, "column": 39, "tagName": "meta", "time": 14562.124892, "url": "", "pos": 1, "chunkLen": 1, "isStartTag": 1}}
06-28 12:38:13.685 13838 13851 E WProf.db: {"WprofHTMLTag": {"code": "0xaf047bb0", "doc": "http://searchengineland.com/bing-ads-editor-updates-multi-select-277862", "row": 30, "column": 122, "tagName": "meta", "time": 14562.124994, "url": "", "pos": 1, "chunkLen": 1, "isStartTag": 1}}
06-28 12:38:13.686 13838 13851 E WProf.db: {"WprofHTMLTag": {"code": "0xaf047be0", "doc": "http://searchengineland.com/bing-ads-editor-updates-multi-select-277862", "row": 31, "column": 55, "tagName": "meta", "time": 14562.125090, "url": "", "pos": 1, "chunkLen": 1, "isStartTag": 1}}
06-28 12:38:13.686 13838 13851 E WProf.db: {"WprofHTMLTag": {"code": "0xaf047c10", "doc": "http://searchengineland.com/bing-ads-editor-updates-multi-select-277862", "row": 32, "column": 54, "tagName": "meta", "time": 14562.125193, "url": "", "pos": 1, "chunkLen": 1, "isStartTag": 1}}
06-28 12:38:13.686 13838 13851 E WProf.db: {"WprofHTMLTag": {"code": "0xaf047c40", "doc": "http://searchengineland.com/bing-ads-editor-updates-multi-select-277862", "row": 33, "column": 138, "tagName": "meta", "time": 14562.125299, "url": "", "pos": 1, "chunkLen": 1, "isStartTag": 1}}
06-28 12:38:13.686 13838 13851 E WProf.db: {"WprofHTMLTag": {"code": "0xaf047c70", "doc": "http://searchengineland.com/bing-ads-editor-updates-multi-select-277862", "row": 37, "column": 36, "tagName": "script", "time": 14562.125400, "url": "", "pos": 1, "chunkLen": 1, "isStartTag": 1}}
06-28 12:38:13.686 13838 13851 E WProf.db: {"WprofHTMLTag": {"code": "0xaf047ca0", "doc": "http://searchengineland.com/bing-ads-editor-updates-multi-select-277862", "row": 53, "column": 10, "tagName": "script", "time": 14562.125646, "url": "", "pos": 1, "chunkLen": 1, "isStartTag": 0}}
06-28 12:38:13.686 13838 13851 E WProf.db: {"WprofHTMLTag": {"code": "0xaedd5660", "doc": "http://searchengineland.com/bing-ads-editor-updates-multi-select-277862", "row": 55, "column": 86, "tagName": "link", "time": 14562.126260, "url": "http://searchengineland.com/apple-touch-icon.png", "pos": 1, "chunkLen": 1, "isStartTag": 1}}
06-28 12:38:13.686 13838 13851 E WProf.db: {"WprofHTMLTag": {"code": "0xaf047cd0", "doc": "http://searchengineland.com/bing-ads-editor-updates-multi-select-277862", "row": 56, "column": 76, "tagName": "link", "time": 14562.126542, "url": "http://searchengineland.com/favicon.ico", "pos": 1, "chunkLen": 1, "isStartTag": 1}}
06-28 12:38:13.686 13838 13851 E WProf.db: {"WprofHTMLTag": {"code": "0xaf047d00", "doc": "http://searchengineland.com/bing-ads-editor-updates-multi-select-277862", "row": 57, "column": 158, "tagName": "link", "time": 14562.126733, "url": "http://feeds.searchengineland.com/searchengineland", "pos": 1, "chunkLen": 1, "isStartTag": 1}}
06-28 12:38:13.686 13838 13851 E WProf.db: {"WprofHTMLTag": {"code": "0xaf047d30", "doc": "http://searchengineland.com/bing-ads-editor-updates-multi-select-277862", "row": 58, "column": 149, "tagName": "link", "time": 14562.127003, "url": "http://feeds.searchengineland.com/searchcap", "pos": 1, "chunkLen": 1, "isStartTag": 1}}
06-28 12:38:13.686 13838 13851 E WProf.db: {"WprofHTMLTag": {"code": "0xaf047d60", "doc": "http://searchengineland.com/bing-ads-editor-updates-multi-select-277862", "row": 59, "column": 150, "tagName": "link", "time": 14562.127277, "url": "http://searchengineland.com/figz/wp-content/themes/searchengineland/css/searchengineland-bootstrap.css", "pos": 1, "chunkLen": 1, "isStartTag": 1}}
06-28 12:38:13.686 13838 13851 E WProf.db: {"WprofHTMLTag": {"code": "0xaf047dc0", "doc": "http://searchengineland.com/bing-ads-editor-updates-multi-select-277862", "row": 60, "column": 105, "tagName": "link", "time": 14562.128642, "url": "http://fonts.googleapis.com/css?family=Oswald:300,400,700", "pos": 1, "chunkLen": 1, "isStartTag": 1}}
06-28 12:38:13.687 13838 13851 E WProf.db: {"WprofHTMLTag": {"code": "0xaf047e20", "doc": "http://searchengineland.com/bing-ads-editor-updates-multi-select-277862", "row": 61, "column": 125, "tagName": "link", "time": 14562.129900, "url": "http://searchengineland.com/figz/wp-content/themes/searchengineland/style.css", "pos": 1, "chunkLen": 1, "isStartTag": 1}}
06-28 12:38:13.687 13838 13851 E WProf.db: {"WprofHTMLTag": {"code": "0xaf047e80", "doc": "http://searchengineland.com/bing-ads-editor-updates-multi-select-277862", "row": 65, "column": 7, "tagName": "title", "time": 14562.131458, "url": "", "pos": 1, "chunkLen": 1, "isStartTag": 1}}
06-28 12:38:13.687 13838 13851 E WProf.db: {"WprofHTMLTag": {"code": "0xaf047eb0", "doc": "http://searchengineland.com/bing-ads-editor-updates-multi-select-277862", "row": 65, "column": 115, "tagName": "title", "time": 14562.131975, "url": "", "pos": 1, "chunkLen": 1, "isStartTag": 0}}
06-28 12:38:13.687 13838 13851 E WProf.db: {"WprofHTMLTag": {"code": "0xaf047ee0", "doc": "http://searchengineland.com/bing-ads-editor-updates-multi-select-277862", "row": 66, "column": 119, "tagName": "meta", "time": 14562.132003, "url": "", "pos": 1, "chunkLen": 1, "isStartTag": 1}}
06-28 12:38:13.687 13838 13851 E WProf.db: {"WprofHTMLTag": {"code": "0xaf047f10", "doc": "http://searchengineland.com/bing-ads-editor-updates-multi-select-277862", "row": 67, "column": 40, "tagName": "meta", "time": 14562.132254, "url": "", "pos": 1, "chunkLen": 1, "isStartTag": 1}}
06-28 12:38:13.687 13838 13851 E WProf.db: {"WprofHTMLTag": {"code": "0xaf047f40", "doc": "http://searchengineland.com/bing-ads-editor-updates-multi-select-277862", "row": 68, "column": 113, "tagName": "meta", "time": 14562.132367, "url": "", "pos": 1, "chunkLen": 1, "isStartTag": 1}}
06-28 12:38:13.687 13838 13851 E WProf.db: {"WprofHTMLTag": {"code": "0xaf047f70", "doc": "http://searchengineland.com/bing-ads-editor-updates-multi-select-277862", "row": 69, "column": 37, "tagName": "meta", "time": 14562.132475, "url": "", "pos": 1, "chunkLen": 1, "isStartTag": 1}}
06-28 12:38:13.687 13838 13851 E WProf.db: {"WprofHTMLTag": {"code": "0xaf047fa0", "doc": "http://searchengineland.com/bing-ads-editor-updates-multi-select-277862", "row": 70, "column": 103, "tagName": "link", "time": 14562.132604, "url": "http://searchengineland.com/bing-ads-editor-updates-multi-select-277862", "pos": 1, "chunkLen": 1, "isStartTag": 1}}
06-28 12:38:13.687 13838 13851 E WProf.db: {"WprofHTMLTag": {"code": "0xaf047fd0", "doc": "http://searchengineland.com/bing-ads-editor-updates-multi-select-277862", "row": 71, "column": 76, "tagName": "link", "time": 14562.132835, "url": "https://plus.google.com/103218677032751327334", "pos": 1, "chunkLen": 1, "isStartTag": 1}}
06-28 12:38:13.687 13838 13851 E WProf.db: {"WprofHTMLTag": {"code": "0xb4cc74b0", "doc": "http://searchengineland.com/bing-ads-editor-updates-multi-select-277862", "row": 72, "column": 45, "tagName": "meta", "time": 14562.133026, "url": "", "pos": 1, "chunkLen": 1, "isStartTag": 1}}
06-28 12:38:13.687 13838 13851 E WProf.db: {"WprofHTMLTag": {"code": "0xb4cc7540", "doc": "http://searchengineland.com/bing-ads-editor-updates-multi-select-277862", "row": 73, "column": 45, "tagName": "meta", "time": 14562.133261, "url": "", "pos": 1, "chunkLen": 1, "isStartTag": 1}}
06-28 12:38:13.687 13838 13851 E WProf.db: {"WprofHTMLTag": {"code": "0xb4cc78a0", "doc": "http://searchengineland.com/bing-ads-editor-updates-multi-select-277862", "row": 74, "column": 139, "tagName": "meta", "time": 14562.133384, "url": "", "pos": 1, "chunkLen": 1, "isStartTag": 1}}
06-28 12:38:13.687 13838 13851 E WProf.db: {"WprofHTMLTag": {"code": "0xb4cc78d0", "doc": "http://searchengineland.com/bing-ads-editor-updates-multi-select-277862", "row": 75, "column": 127, "tagName": "meta", "time": 14562.133501, "url": "", "pos": 1, "chunkLen": 1, "isStartTag": 1}}
06-28 12:38:13.688 13838 13851 E WProf.db: {"WprofHTMLTag": {"code": "0xb4cc7900", "doc": "http://searchengineland.com/bing-ads-editor-updates-multi-select-277862", "row": 76, "column": 108, "tagName": "meta", "time": 14562.134408, "url": "", "pos": 1, "chunkLen": 1, "isStartTag": 1}}
06-28 12:38:13.688 13838 13851 E WProf.db: {"WprofHTMLTag": {"code": "0xb4cc7930", "doc": "http://searchengineland.com/bing-ads-editor-updates-multi-select-277862", "row": 77, "column": 61, "tagName": "meta", "time": 14562.134540, "url": "", "pos": 1, "chunkLen": 1, "isStartTag": 1}}
06-28 12:38:13.688 13838 13851 E WProf.db: {"WprofHTMLTag": {"code": "0xb4cc7960", "doc": "http://searchengineland.com/bing-ads-editor-updates-multi-select-277862", "row": 78, "column": 89, "tagName": "meta", "time": 14562.134660, "url": "", "pos": 1, "chunkLen": 1, "isStartTag": 1}}
06-28 12:38:13.688 13838 13851 E WProf.db: {"WprofHTMLTag": {"code": "0xb4cc7990", "doc": "http://searchengineland.com/bing-ads-editor-updates-multi-select-277862", "row": 79, "column": 82, "tagName": "meta", "time": 14562.134784, "url": "", "pos": 1, "chunkLen": 1, "isStartTag": 1}}
06-28 12:38:13.688 13838 13851 E WProf.db: {"WprofHTMLTag": {"code": "0xb4cc79c0", "doc": "http://searchengineland.com/bing-ads-editor-updates-multi-select-277862", "row": 80, "column": 50, "tagName": "meta", "time": 14562.134922, "url": "", "pos": 1, "chunkLen": 1, "isStartTag": 1}}
06-28 12:38:13.688 13838 13851 E WProf.db: {"WprofHTMLTag": {"code": "0xb4cc79f0", "doc": "http://searchengineland.com/bing-ads-editor-updates-multi-select-277862", "row": 81, "column": 78, "tagName": "meta", "time": 14562.135045, "url": "", "pos": 1, "chunkLen": 1, "isStartTag": 1}}
06-28 12:38:13.688 13838 13851 E WProf.db: {"WprofHTMLTag": {"code": "0xb4cc7a20", "doc": "http://searchengineland.com/bing-ads-editor-updates-multi-select-277862", "row": 82, "column": 77, "tagName": "meta", "time": 14562.135158, "url": "", "pos": 1, "chunkLen": 1, "isStartTag": 1}}
06-28 12:38:13.688 13838 13851 E WProf.db: {"WprofHTMLTag": {"code": "0xb4cc7a50", "doc": "http://searchengineland.com/bing-ads-editor-updates-multi-select-277862", "row": 83, "column": 71, "tagName": "meta", "time": 14562.135276, "url": "", "pos": 1, "chunkLen": 1, "isStartTag": 1}}
06-28 12:38:13.688 13838 13851 E WProf.db: {"WprofHTMLTag": {"code": "0xb4cc7a80", "doc": "http://searchengineland.com/bing-ads-editor-updates-multi-select-277862", "row": 84, "column": 132, "tagName": "meta", "time": 14562.135396, "url": "", "pos": 1, "chunkLen": 1, "isStartTag": 1}}
06-28 12:38:13.688 13838 13851 E WProf.db: {"WprofHTMLTag": {"code": "0xb4cc7ab0", "doc": "http://searchengineland.com/bing-ads-editor-updates-multi-select-277862", "row": 85, "column": 49, "tagName": "meta", "time": 14562.135499, "url": "", "pos": 1, "chunkLen": 1, "isStartTag": 1}}
06-28 12:38:13.688 13838 13851 E WProf.db: {"WprofHTMLTag": {"code": "0xb4cc7ae0", "doc": "http://searchengineland.com/bing-ads-editor-updates-multi-select-277862", "row": 86, "column": 50, "tagName": "meta", "time": 14562.135603, "url": "", "pos": 1, "chunkLen": 1, "isStartTag": 1}}
06-28 12:38:13.688 13838 13851 E WProf.db: {"WprofHTMLTag": {"code": "0xb4cc7b10", "doc": "http://searchengineland.com/bing-ads-editor-updates-multi-select-277862", "row": 87, "column": 58, "tagName": "meta", "time": 14562.135729, "url": "", "pos": 1, "chunkLen": 1, "isStartTag": 1}}
06-28 12:38:13.689 13838 13851 E WProf.db: {"WprofHTMLTag": {"code": "0xb4cc7b40", "doc": "http://searchengineland.com/bing-ads-editor-updates-multi-select-277862", "row": 88, "column": 128, "tagName": "meta", "time": 14562.135845, "url": "", "pos": 1, "chunkLen": 1, "isStartTag": 1}}
06-28 12:38:13.689 13838 13851 E WProf.db: {"WprofHTMLTag": {"code": "0xb4cc7b70", "doc": "http://searchengineland.com/bing-ads-editor-updates-multi-select-277862", "row": 89, "column": 140, "tagName": "meta", "time": 14562.135964, "url": "", "pos": 1, "chunkLen": 1, "isStartTag": 1}}
06-28 12:38:13.689 13838 13851 E WProf.db: {"WprofHTMLTag": {"code": "0xb4cc7ba0", "doc": "http://searchengineland.com/bing-ads-editor-updates-multi-select-277862", "row": 90, "column": 51, "tagName": "meta", "time": 14562.137329, "url": "", "pos": 1, "chunkLen": 1, "isStartTag": 1}}
06-28 12:38:13.689 13838 13851 E WProf.db: {"WprofHTMLTag": {"code": "0xb4cc7bd0", "doc": "http://searchengineland.com/bing-ads-editor-updates-multi-select-277862", "row": 91, "column": 133, "tagName": "meta", "time": 14562.137452, "url": "", "pos": 1, "chunkLen": 1, "isStartTag": 1}}
06-28 12:38:13.689 13838 13851 E WProf.db: {"WprofHTMLTag": {"code": "0xb4cc7c00", "doc": "http://searchengineland.com/bing-ads-editor-updates-multi-select-277862", "row": 92, "column": 54, "tagName": "meta", "time": 14562.137572, "url": "", "pos": 1, "chunkLen": 1, "isStartTag": 1}}
06-28 12:38:13.689 13838 13851 E WProf.db: {"WprofHTMLTag": {"code": "0xb4cc7c30", "doc": "http://searchengineland.com/bing-ads-editor-updates-multi-select-277862", "row": 95, "column": 44, "tagName": "link", "time": 14562.137693, "url": "http://s.w.org/", "pos": 1, "chunkLen": 1, "isStartTag": 1}}
06-28 12:38:13.689 13838 13851 E WProf.db: {"WprofHTMLTag": {"code": "0xb4cc7c60", "doc": "http://searchengineland.com/bing-ads-editor-updates-multi-select-277862", "row": 96, "column": 33, "tagName": "script", "time": 14562.137944, "url": "", "pos": 1, "chunkLen": 1, "isStartTag": 1}}
06-28 12:38:13.689 13838 13851 E WProf.db: {"WprofHTMLTag": {"code": "0xb4cc7c90", "doc": "http://searchengineland.com/bing-ads-editor-updates-multi-select-277862", "row": 99, "column": 11, "tagName": "script", "time": 14562.138146, "url": "http://searchengineland.com/figz/wp-includes/js/wp-emoji-release.min.js?ver=4.7.5", "pos": 1, "chunkLen": 1, "isStartTag": 0}}
06-28 12:38:13.689 13838 13851 E WProf.db: {"WprofHTMLTag": {"code": "0x9eb6e960", "doc": "http://searchengineland.com/bing-ads-editor-updates-multi-select-277862", "row": 100, "column": 25, "tagName": "style", "time": 14562.703112, "url": "", "pos": 1, "chunkLen": 1, "isStartTag": 1}}
06-28 12:38:13.689 13838 13851 E WProf.db: {"WprofHTMLTag": {"code": "0x9eb6e990", "doc": "http://searchengineland.com/bing-ads-editor-updates-multi-select-277862", "row": 113, "column": 8, "tagName": "style", "time": 14562.703316, "url": "", "pos": 1, "chunkLen": 1, "isStartTag": 0}}
06-28 12:38:13.689 13838 13851 E WProf.db: {"WprofHTMLTag": {"code": "0x9eb6e9c0", "doc": "http://searchengineland.com/bing-ads-editor-updates-multi-select-277862", "row": 114, "column": 140, "tagName": "script", "time": 14562.704865, "url": "http://searchengineland.com/figz/wp-content/themes/searchengineland/js/lib/modernizr.custom.js?ver=1.0", "pos": 1, "chunkLen": 1, "isStartTag": 1}}
06-28 12:38:13.689 13838 13851 E WProf.db: {"WprofHTMLTag": {"code": "0x9eb6e9f0", "doc": "http://searchengineland.com/bing-ads-editor-updates-multi-select-277862", "row": 114, "column": 149, "tagName": "script", "time": 14562.705096, "url": "", "pos": 1, "chunkLen": 1, "isStartTag": 0}}
06-28 12:38:13.689 13838 13851 E WProf.db: {"WprofHTMLTag": {"code": "0x9eb6ea80", "doc": "http://searchengineland.com/bing-ads-editor-updates-multi-select-277862", "row": 115, "column": 144, "tagName": "script", "time": 14562.732411, "url": "http://searchengineland.com/figz/wp-content/themes/searchengineland/js/lib/jquery-1.11.0.min.js?ver=1.11.0", "pos": 1, "chunkLen": 1, "isStartTag": 1}}
06-28 12:38:13.690 13838 13851 E WProf.db: {"WprofHTMLTag": {"code": "0x9eb6eab0", "doc": "http://searchengineland.com/bing-ads-editor-updates-multi-select-277862", "row": 115, "column": 153, "tagName": "script", "time": 14562.732754, "url": "", "pos": 1, "chunkLen": 1, "isStartTag": 0}}
06-28 12:38:13.690 13838 13851 E WProf.db: {"WprofHTMLTag": {"code": "0xaedd5e40", "doc": "http://searchengineland.com/bing-ads-editor-updates-multi-select-277862", "row": 0, "column": 15, "tagName": "div", "time": 14562.820956, "url": "", "pos": 15, "chunkLen": 44, "isStartTag": 1}}
06-28 12:38:13.690 13838 13851 E WProf.db: {"WprofHTMLTag": {"code": "0xaedd5b40", "doc": "http://searchengineland.com/bing-ads-editor-updates-multi-select-277862", "row": 0, "column": 21, "tagName": "div", "time": 14562.821095, "url": "", "pos": 21, "chunkLen": 44, "isStartTag": 0}}
06-28 12:38:13.690 13838 13851 E WProf.db: {"WprofHTMLTag": {"code": "0xaedd5e10", "doc": "http://searchengineland.com/bing-ads-editor-updates-multi-select-277862", "row": 0, "column": 38, "tagName": "div", "time": 14562.821157, "url": "", "pos": 38, "chunkLen": 44, "isStartTag": 1}}
06-28 12:38:13.690 13838 13851 E WProf.db: {"WprofHTMLTag": {"code": "0xaedd5db0", "doc": "http://searchengineland.com/bing-ads-editor-updates-multi-select-277862", "row": 0, "column": 44, "tagName": "div", "time": 14562.821273, "url": "", "pos": 44, "chunkLen": 44, "isStartTag": 0}}
06-28 12:38:13.690 13838 13851 E WProf.db: {"WprofHTMLTag": {"code": "0xaedd5de0", "doc": "http://searchengineland.com/bing-ads-editor-updates-multi-select-277862", "row": 0, "column": 13, "tagName": "select", "time": 14562.822855, "url": "", "pos": 13, "chunkLen": 51, "isStartTag": 1}}
06-28 12:38:13.690 13838 13851 E WProf.db: {"WprofHTMLTag": {"code": "0xaedd5d80", "doc": "http://searchengineland.com/bing-ads-editor-updates-multi-select-277862", "row": 0, "column": 33, "tagName": "option", "time": 14562.823030, "url": "", "pos": 33, "chunkLen": 51, "isStartTag": 1}}
06-28 12:38:13.690 13838 13851 E WProf.db: {"WprofHTMLTag": {"code": "0x9eb6eb10", "doc": "http://searchengineland.com/bing-ads-editor-updates-multi-select-277862", "row": 0, "column": 42, "tagName": "option", "time": 14562.823231, "url": "", "pos": 42, "chunkLen": 51, "isStartTag": 0}}
06-28 12:38:13.690 13838 13851 E WProf.db: {"WprofHTMLTag": {"code": "0x9eb6eb40", "doc": "http://searchengineland.com/bing-ads-editor-updates-multi-select-277862", "row": 0, "column": 51, "tagName": "select", "time": 14562.823288, "url": "", "pos": 51, "chunkLen": 51, "isStartTag": 0}}
06-28 12:38:13.690 13838 13851 E WProf.db: {"WprofHTMLTag": {"code": "0x9eb6eb70", "doc": "http://searchengineland.com/bing-ads-editor-updates-multi-select-277862", "row": 0, "column": 12, "tagName": "a", "time": 14562.828317, "url": "", "pos": 12, "chunkLen": 16, "isStartTag": 1}}
06-28 12:38:13.690 13838 13851 E WProf.db: {"WprofHTMLTag": {"code": "0x9eb6eba0", "doc": "http://searchengineland.com/bing-ads-editor-updates-multi-select-277862", "row": 0, "column": 16, "tagName": "a", "time": 14562.828512, "url": "", "pos": 16, "chunkLen": 16, "isStartTag": 0}}
06-28 12:38:13.690 13838 13851 E WProf.db: {"WprofHTMLTag": {"code": "0x9eb6ebd0", "doc": "http://searchengineland.com/bing-ads-editor-updates-multi-select-277862", "row": 0, "column": 8, "tagName": "input", "time": 14562.829790, "url": "", "pos": 8, "chunkLen": 8, "isStartTag": 1}}
06-28 12:38:13.690 13838 13851 E WProf.db: {"WprofHTMLTag": {"code": "0x9eb6ec00", "doc": "http://searchengineland.com/bing-ads-editor-updates-multi-select-277862", "row": 0, "column": 9, "tagName": "link", "time": 14562.838659, "url": "", "pos": 9, "chunkLen": 42, "isStartTag": 1}}
06-28 12:38:13.691 13838 13851 E WProf.db: {"WprofHTMLTag": {"code": "0x9eb6ec30", "doc": "http://searchengineland.com/bing-ads-editor-updates-multi-select-277862", "row": 0, "column": 16, "tagName": "table", "time": 14562.838771, "url": "", "pos": 16, "chunkLen": 42, "isStartTag": 1}}
06-28 12:38:13.691 13838 13851 E WProf.db: {"WprofHTMLTag": {"code": "0x9eb6ec60", "doc": "http://searchengineland.com/bing-ads-editor-updates-multi-select-277862", "row": 0, "column": 24, "tagName": "table", "time": 14562.838880, "url": "", "pos": 24, "chunkLen": 42, "isStartTag": 0}}
06-28 12:38:13.691 13838 13851 E WProf.db: {"WprofHTMLTag": {"code": "0x9eb6ec90", "doc": "http://searchengineland.com/bing-ads-editor-updates-multi-select-277862", "row": 0, "column": 37, "tagName": "a", "time": 14562.838952, "url": "", "pos": 37, "chunkLen": 42, "isStartTag": 1}}
06-28 12:38:13.691 13838 13851 E WProf.db: {"WprofHTMLTag": {"code": "0x9eb6ecc0", "doc": "http://searchengineland.com/bing-ads-editor-updates-multi-select-277862", "row": 0, "column": 42, "tagName": "a", "time": 14562.839134, "url": "", "pos": 42, "chunkLen": 42, "isStartTag": 0}}
06-28 12:38:13.691 13838 13851 E WProf.db: {"WprofHTMLTag": {"code": "0x9eb6ed50", "doc": "http://searchengineland.com/bing-ads-editor-updates-multi-select-277862", "row": 0, "column": 10, "tagName": "textarea", "time": 14562.840421, "url": "", "pos": 10, "chunkLen": 22, "isStartTag": 1}}
06-28 12:38:13.691 13838 13851 E WProf.db: {"WprofHTMLTag": {"code": "0x9eb6ed80", "doc": "http://searchengineland.com/bing-ads-editor-updates-multi-select-277862", "row": 0, "column": 22, "tagName": "textarea", "time": 14562.840602, "url": "", "pos": 22, "chunkLen": 22, "isStartTag": 0}}
06-28 12:38:13.691 13838 13851 E WProf.db: {"WprofHTMLTag": {"code": "0x9eb6edb0", "doc": "http://searchengineland.com/bing-ads-editor-updates-multi-select-277862", "row": 0, "column": 48, "tagName": "input", "time": 14562.841734, "url": "", "pos": 48, "chunkLen": 48, "isStartTag": 1}}
06-28 12:38:13.691 13838 13851 E WProf.db: {"WprofHTMLTag": {"code": "0x9eb6ee10", "doc": "http://searchengineland.com/bing-ads-editor-updates-multi-select-277862", "row": 0, "column": 9, "tagName": "link", "time": 14562.846272, "url": "", "pos": 9, "chunkLen": 66, "isStartTag": 1}}
06-28 12:38:13.691 13838 13851 E WProf.db: {"WprofHTMLTag": {"code": "0x9eb6ee40", "doc": "http://searchengineland.com/bing-ads-editor-updates-multi-select-277862", "row": 0, "column": 16, "tagName": "table", "time": 14562.846386, "url": "", "pos": 16, "chunkLen": 66, "isStartTag": 1}}
06-28 12:38:13.691 13838 13851 E WProf.db: {"WprofHTMLTag": {"code": "0x9eb6ee70", "doc": "http://searchengineland.com/bing-ads-editor-updates-multi-select-277862", "row": 0, "column": 24, "tagName": "table", "time": 14562.846459, "url": "", "pos": 24, "chunkLen": 66, "isStartTag": 0}}
06-28 12:38:13.691 13838 13851 E WProf.db: {"WprofHTMLTag": {"code": "0x9eb6eea0", "doc": "http://searchengineland.com/bing-ads-editor-updates-multi-select-277862", "row": 0, "column": 37, "tagName": "a", "time": 14562.846529, "url": "", "pos": 37, "chunkLen": 66, "isStartTag": 1}}
06-28 12:38:13.691 13838 13851 E WProf.db: {"WprofHTMLTag": {"code": "0x9eb6eed0", "doc": "http://searchengineland.com/bing-ads-editor-updates-multi-select-277862", "row": 0, "column": 42, "tagName": "a", "time": 14562.846695, "url": "", "pos": 42, "chunkLen": 66, "isStartTag": 0}}
06-28 12:38:13.691 13838 13851 E WProf.db: {"WprofHTMLTag": {"code": "0x9eb6ef00", "doc": "http://searchengineland.com/bing-ads-editor-updates-multi-select-277862", "row": 0, "column": 66, "tagName": "input", "time": 14562.846757, "url": "", "pos": 66, "chunkLen": 66, "isStartTag": 1}}
06-28 12:38:13.692 13838 13851 E WProf.db: {"WprofHTMLTag": {"code": "0x9eb6ef90", "doc": "http://searchengineland.com/bing-ads-editor-updates-multi-select-277862", "row": 0, "column": 9, "tagName": "link", "time": 14562.848551, "url": "", "pos": 9, "chunkLen": 66, "isStartTag": 1}}
06-28 12:38:13.692 13838 13851 E WProf.db: {"WprofHTMLTag": {"code": "0x9eb6efc0", "doc": "http://searchengineland.com/bing-ads-editor-updates-multi-select-277862", "row": 0, "column": 16, "tagName": "table", "time": 14562.848721, "url": "", "pos": 16, "chunkLen": 66, "isStartTag": 1}}
06-28 12:38:13.692 13838 13851 E WProf.db: {"WprofHTMLTag": {"code": "0x9eb6eff0", "doc": "http://searchengineland.com/bing-ads-editor-updates-multi-select-277862", "row": 0, "column": 24, "tagName": "table", "time": 14562.848789, "url": "", "pos": 24, "chunkLen": 66, "isStartTag": 0}}
06-28 12:38:13.692 13838 13851 E WProf.db: {"WprofHTMLTag": {"code": "0x9eb6f020", "doc": "http://searchengineland.com/bing-ads-editor-updates-multi-select-277862", "row": 0, "column": 37, "tagName": "a", "time": 14562.848858, "url": "", "pos": 37, "chunkLen": 66, "isStartTag": 1}}
06-28 12:38:13.692 13838 13851 E WProf.db: {"WprofHTMLTag": {"code": "0x9eb6f050", "doc": "http://searchengineland.com/bing-ads-editor-updates-multi-select-277862", "row": 0, "column": 42, "tagName": "a", "time": 14562.849074, "url": "", "pos": 42, "chunkLen": 66, "isStartTag": 0}}
06-28 12:38:13.692 13838 13851 E WProf.db: {"WprofHTMLTag": {"code": "0x9eb6f080", "doc": "http://searchengineland.com/bing-ads-editor-updates-multi-select-277862", "row": 0, "column": 66, "tagName": "input", "time": 14562.849137, "url": "", "pos": 66, "chunkLen": 66, "isStartTag": 1}}
06-28 12:38:13.692 13838 13851 E WProf.db: {"WprofHTMLTag": {"code": "0x9eb6f0e0", "doc": "http://searchengineland.com/bing-ads-editor-updates-multi-select-277862", "row": 0, "column": 9, "tagName": "link", "time": 14562.853568, "url": "", "pos": 9, "chunkLen": 66, "isStartTag": 1}}
06-28 12:38:13.692 13838 13851 E WProf.db: {"WprofHTMLTag": {"code": "0x9eb6f110", "doc": "http://searchengineland.com/bing-ads-editor-updates-multi-select-277862", "row": 0, "column": 16, "tagName": "table", "time": 14562.853699, "url": "", "pos": 16, "chunkLen": 66, "isStartTag": 1}}
06-28 12:38:13.692 13838 13851 E WProf.db: {"WprofHTMLTag": {"code": "0x9eb6f140", "doc": "http://searchengineland.com/bing-ads-editor-updates-multi-select-277862", "row": 0, "column": 24, "tagName": "table", "time": 14562.853779, "url": "", "pos": 24, "chunkLen": 66, "isStartTag": 0}}
06-28 12:38:13.692 13838 13851 E WProf.db: {"WprofHTMLTag": {"code": "0x9eb6f170", "doc": "http://searchengineland.com/bing-ads-editor-updates-multi-select-277862", "row": 0, "column": 37, "tagName": "a", "time": 14562.853854, "url": "", "pos": 37, "chunkLen": 66, "isStartTag": 1}}
06-28 12:38:13.692 13838 13851 E WProf.db: {"WprofHTMLTag": {"code": "0x9eb6f1a0", "doc": "http://searchengineland.com/bing-ads-editor-updates-multi-select-277862", "row": 0, "column": 42, "tagName": "a", "time": 14562.854054, "url": "", "pos": 42, "chunkLen": 66, "isStartTag": 0}}
06-28 12:38:13.692 13838 13851 E WProf.db: {"WprofHTMLTag": {"code": "0x9eb6f1d0", "doc": "http://searchengineland.com/bing-ads-editor-updates-multi-select-277862", "row": 0, "column": 66, "tagName": "input", "time": 14562.854124, "url": "", "pos": 66, "chunkLen": 66, "isStartTag": 1}}
06-28 12:38:13.692 13838 13851 E WProf.db: {"WprofHTMLTag": {"code": "0x9eb6ea50", "doc": "http://searchengineland.com/bing-ads-editor-updates-multi-select-277862", "row": 116, "column": 154, "tagName": "script", "time": 14562.865977, "url": "http://searchengineland.com/figz/wp-content/themes/searchengineland/js/lib/jquery-ui-1.10.3.custom.min.js?ver=1.10.3", "pos": 67, "chunkLen": 67, "isStartTag": 1}}
06-28 12:38:13.693 13838 13851 E WProf.db: {"WprofHTMLTag": {"code": "0x9eb6f2f0", "doc": "http://searchengineland.com/bing-ads-editor-updates-multi-select-277862", "row": 116, "column": 163, "tagName": "script", "time": 14562.866230, "url": "", "pos": 67, "chunkLen": 67, "isStartTag": 0}}
06-28 12:38:13.693 13838 13851 E WProf.db: {"WprofHTMLTag": {"code": "0xaedd5c00", "doc": "http://searchengineland.com/bing-ads-editor-updates-multi-select-277862", "row": 0, "column": 111, "tagName": "div", "time": 14562.994672, "url": "", "pos": 111, "chunkLen": 117, "isStartTag": 1}}
06-28 12:38:13.693 13838 13851 E WProf.db: {"WprofHTMLTag": {"code": "0xaedd5f90", "doc": "http://searchengineland.com/bing-ads-editor-updates-multi-select-277862", "row": 0, "column": 117, "tagName": "div", "time": 14562.994881, "url": "", "pos": 117, "chunkLen": 117, "isStartTag": 0}}
06-28 12:38:13.693 13838 13851 E WProf.db: {"WprofHTMLTag": {"code": "0x9eb6f5c0", "doc": "http://searchengineland.com/bing-ads-editor-updates-multi-select-277862", "row": 117, "column": 155, "tagName": "script", "time": 14563.021217, "url": "http://searchengineland.com/figz/wp-content/themes/searchengineland/js/lib/jquery.ba-throttle-debounce.min.js?ver=1.1", "pos": 118, "chunkLen": 118, "isStartTag": 1}}
06-28 12:38:13.693 13838 13851 E WProf.db: {"WprofHTMLTag": {"code": "0x9eb6f5f0", "doc": "http://searchengineland.com/bing-ads-editor-updates-multi-select-277862", "row": 117, "column": 164, "tagName": "script", "time": 14563.021496, "url": "", "pos": 118, "chunkLen": 118, "isStartTag": 0}}
06-28 12:38:13.693 13838 13851 E WProf.db: {"WprofHTMLTag": {"code": "0x9eb6f6e0", "doc": "http://searchengineland.com/bing-ads-editor-updates-multi-select-277862", "row": 118, "column": 146, "tagName": "script", "time": 14563.022684, "url": "http://searchengineland.com/figz/wp-content/themes/searchengineland/js/lib/jquery.countdown.min.js?ver=2.0.4", "pos": 118, "chunkLen": 118, "isStartTag": 1}}
06-28 12:38:13.693 13838 13851 E WProf.db: {"WprofHTMLTag": {"code": "0x9eb6f710", "doc": "http://searchengineland.com/bing-ads-editor-updates-multi-select-277862", "row": 118, "column": 155, "tagName": "script", "time": 14563.022925, "url": "", "pos": 118, "chunkLen": 118, "isStartTag": 0}}
06-28 12:38:13.693 13838 13851 E WProf.db: {"WprofHTMLTag": {"code": "0x9eb6f740", "doc": "http://searchengineland.com/bing-ads-editor-updates-multi-select-277862", "row": 119, "column": 77, "tagName": "link", "time": 14563.025541, "url": "http://searchengineland.com/wp-json/", "pos": 118, "chunkLen": 118, "isStartTag": 1}}
06-28 12:38:13.693 13838 13851 E WProf.db: {"WprofHTMLTag": {"code": "0x9eb6f770", "doc": "http://searchengineland.com/bing-ads-editor-updates-multi-select-277862", "row": 120, "column": 69, "tagName": "link", "time": 14563.025768, "url": "http://searchengineland.com/?p=277862", "pos": 118, "chunkLen": 118, "isStartTag": 1}}
