--------- beginning of main
06-28 15:30:50.895  3449  3449 E Finsky  : [1] com.google.android.finsky.wear.bl.a(3): onConnectionFailed: ConnectionResult{statusCode=API_UNAVAILABLE, resolution=null, message=null}
--------- beginning of system
06-28 15:30:52.042  8009  8009 E chromium: [ERROR:shell_integration_android.cc(12)] Not implemented reached in static ShellIntegration::DefaultWebClientSetPermission ShellIntegration::CanSetAsDefaultBrowser()
06-28 15:30:52.046  8009  8009 E chromium: [ERROR:browser_process_impl.cc(720)] Not implemented reached in virtual BackgroundModeManager* BrowserProcessImpl::background_mode_manager()
06-28 15:30:52.351  3218   674 E AudioRecord-JNI: Error -4 during AudioRecord native read
06-28 15:30:54.850  8009  8058 E chromium: [ERROR:gles2_cmd_decoder.cc(3852)] [.ChromiumCompositor-0xacbb2fc0]GL ERROR :GL_INVALID_ENUM : glDiscardFramebufferEXT: attachments was GL_COLOR_EXT
06-28 15:30:55.116  8079  8092 E WPROF   : {"CSS": {"url": "http://searchengineland.com/figz/wp-content/themes/searchengineland/css/searchengineland-bootstrap.css", "requestTime": 24932.171778}}
06-28 15:30:55.118  8079  8092 E WPROF   : {"CSS": {"url": "http://fonts.googleapis.com/css?family=Oswald:300,400,700", "requestTime": 24932.173355}}
06-28 15:30:55.119  8079  8092 E WPROF   : {"CSS": {"url": "http://searchengineland.com/figz/wp-content/themes/searchengineland/style.css", "requestTime": 24932.175164}}
06-28 15:30:55.127  8079  8092 E WPROF   : {"Javascript": {"url": "http://searchengineland.com/figz/wp-content/themes/searchengineland/js/lib/modernizr.custom.js?ver=1.0", "requestTime": 24932.182931}}
06-28 15:30:55.129  8079  8092 E WPROF   : {"Javascript": {"url": "http://searchengineland.com/figz/wp-content/themes/searchengineland/js/lib/jquery-1.11.0.min.js?ver=1.11.0", "requestTime": 24932.184962}}
06-28 15:30:55.131  8079  8092 E WPROF   : {"Javascript": {"url": "http://searchengineland.com/figz/wp-content/themes/searchengineland/js/lib/jquery-ui-1.10.3.custom.min.js?ver=1.10.3", "requestTime": 24932.186726}}
06-28 15:30:55.132  8079  8092 E WPROF   : {"Javascript": {"url": "http://searchengineland.com/figz/wp-content/themes/searchengineland/js/lib/jquery.ba-throttle-debounce.min.js?ver=1.1", "requestTime": 24932.187344}}
06-28 15:30:55.133  8079  8092 E WPROF   : {"Javascript": {"url": "http://searchengineland.com/figz/wp-content/themes/searchengineland/js/lib/jquery.countdown.min.js?ver=2.0.4", "requestTime": 24932.188190}}
06-28 15:30:55.134  8079  8092 E WPROF   : {"Javascript": {"url": "http://static.chartbeat.com/js/chartbeat_mab.js", "requestTime": 24932.189278}}
06-28 15:30:56.704  8079  8092 E WPROF   : {"Javascript": {"url": "http://searchengineland.com/figz/wp-includes/js/wp-emoji-release.min.js?ver=4.7.5", "requestTime": 24933.759701}}
06-28 15:30:57.034  8079  8092 E WPROF   : {"Javascript": {"url": "http://www.googletagservices.com/tag/js/gpt.js", "requestTime": 24934.089888}}
06-28 15:30:57.041  8079  8092 E WPROF   : {"Javascript": {"url": "https://www.google-analytics.com/analytics.js", "requestTime": 24934.096577}}
06-28 15:30:57.089  8079  8092 E WPROF   : {"Javascript": {"url": "http://edge.quantserve.com/quant.js", "requestTime": 24934.144237}}
06-28 15:30:57.091  8079  8092 E WPROF   : {"Javascript": {"url": "https://connect.facebook.net/en_US/fbevents.js", "requestTime": 24934.146324}}
06-28 15:30:57.121  8009  8058 E chromium: [ERROR:gles2_cmd_decoder.cc(3852)] [.ChromiumCompositor-0xacbb2fc0]GL ERROR :GL_INVALID_ENUM : glDiscardFramebufferEXT: attachments was GL_COLOR_EXT
06-28 15:30:57.151  8079  8092 E WPROF   : {"Javascript": {"url": "http://app-sj02.marketo.com/js/forms2/js/forms2.min.js", "requestTime": 24934.206291}}
06-28 15:30:57.228  8009  8058 E chromium: [ERROR:gles2_cmd_decoder.cc(3852)] [.ChromiumCompositor-0xacbb2fc0]GL ERROR :GL_INVALID_ENUM : glDiscardFramebufferEXT: attachments was GL_COLOR_EXT
06-28 15:30:57.250  8079  8092 E WPROF   : {"Javascript": {"url": "https://securepubads.g.doubleclick.net/gpt/pubads_impl_121.js", "requestTime": 24934.305751}}
06-28 15:30:57.297  8079  8092 E WPROF   : {"Javascript": {"url": "https://connect.facebook.net/signals/config/423979991297359?v=2.7.17", "requestTime": 24934.352847}}
06-28 15:30:57.459  8079  8092 E WPROF   : {"Javascript": {"url": "http://app-sj02.marketo.com/index.php/form/getForm?munchkinId=727-ZQE-044&form=5691&url=http%3A%2F%2Fsearchengineland.com%2Fbing-ads-rolls-merchant-promotions-shopping-campaigns-us-273984&callback=jQuery110207352884646970779_1498631457388&_=1498631457389", "requestTime": 24934.514822}}
06-28 15:30:57.489  8079  8092 E WPROF   : {"Javascript": {"url": "http://app-sj02.marketo.com/index.php/form/getForm?munchkinId=727-ZQE-044&form=5685&url=http%3A%2F%2Fsearchengineland.com%2Fbing-ads-rolls-merchant-promotions-shopping-campaigns-us-273984&callback=jQuery110207352884646970779_1498631457390&_=1498631457391", "requestTime": 24934.545013}}
06-28 15:30:57.522   862  1657 E LocSvc_IzatApiV02: E/virtual int izat_core::IzatApiV02::getBatchSize(int32_t):522]: Error : st = 4, ind.status = -1628389555
06-28 15:30:57.522   862  1657 E LocSvc_IzatApiV02: E/virtual int izat_core::IzatApiV02::getBatchSize(int32_t):535]: get batching size failed.Or modem does not support batching 
06-28 15:30:57.534   862  1657 E LocSvc_IzatApiV02: E/virtual int izat_core::IzatApiV02::getBatchSize(int32_t):522]: Error : st = 4, ind.status = -1628389555
06-28 15:30:57.534   862  1657 E LocSvc_IzatApiV02: E/virtual int izat_core::IzatApiV02::getBatchSize(int32_t):535]: get batching size failed.Or modem does not support batching 
06-28 15:30:57.564   862  1657 E LocSvc_IzatApiV02: E/virtual int izat_core::IzatApiV02::getBatchSize(int32_t):522]: Error : st = 4, ind.status = -1628389555
06-28 15:30:57.564   862  1657 E LocSvc_IzatApiV02: E/virtual int izat_core::IzatApiV02::getBatchSize(int32_t):535]: get batching size failed.Or modem does not support batching 
06-28 15:30:57.573   862  1657 E LocSvc_IzatApiV02: E/virtual int izat_core::IzatApiV02::getBatchSize(int32_t):522]: Error : st = 4, ind.status = -1628389555
06-28 15:30:57.573   862  1657 E LocSvc_IzatApiV02: E/virtual int izat_core::IzatApiV02::getBatchSize(int32_t):535]: get batching size failed.Or modem does not support batching 
06-28 15:30:57.778  8079  8092 E WPROF   : {"Javascript": {"url": "http://app-sj02.marketo.com/index.php/form/getForm?munchkinId=727-ZQE-044&form=5673&url=http%3A%2F%2Fsearchengineland.com%2Fbing-ads-rolls-merchant-promotions-shopping-campaigns-us-273984&callback=jQuery110207352884646970779_1498631457392&_=1498631457393", "requestTime": 24934.834021}}
06-28 15:30:57.803  8079  8092 E WPROF   : {"Javascript": {"url": "http://searchengineland.com/js/ga_social_tracking.js", "requestTime": 24934.858348}}
06-28 15:30:57.806  8079  8092 E WPROF   : {"Javascript": {"url": "http://s7.addthis.com/js/300/addthis_widget.js#pubid=ra-53e918f660794f37", "requestTime": 24934.861563}}
06-28 15:30:57.808  8009  8058 E chromium: [ERROR:gles2_cmd_decoder.cc(3852)] [.ChromiumCompositor-0xacbb2fc0]GL ERROR :GL_INVALID_ENUM : glDiscardFramebufferEXT: attachments was GL_COLOR_EXT
06-28 15:30:58.214  8079  8092 E WPROF   : {"Javascript": {"url": "http://cdn.api.twitter.com/1/users/show.json?screen_name=ginnymarvin&callback=twttr.setFollowersCount", "requestTime": 24935.269740}}
06-28 15:30:58.343  8009  8058 E chromium: [ERROR:gles2_cmd_decoder.cc(3852)] [.ChromiumCompositor-0xacbb2fc0]GL ERROR :GL_INVALID_ENUM : glDiscardFramebufferEXT: attachments was GL_COLOR_EXT
06-28 15:30:58.878  8079  8092 E WPROF   : {"Javascript": {"url": "https://securepubads.g.doubleclick.net/gampad/ads?gdfp_req=1&correlator=1009963247861760&output=json_html&callback=googletag.impl.pubads.callbackProxy1&impl=fifs&json_a=1&eid=108809080%2C108809107%2C21060169&sc=0&sfv=1-0-9&iu_parts=1038259%2Csel-ciu-1%2Csel-ciu-2%2Csel-ciu-3%2Csel-ciu-4%2Csel-ciu-5%", "requestTime": 24935.933438}}
06-28 15:30:58.898  8079  8092 E WPROF   : {"CSS": {"url": "http://app-sj02.marketo.com/js/forms2/css/forms2.css", "requestTime": 24935.953599}}
06-28 15:30:58.900  8079  8092 E WPROF   : {"CSS": {"url": "http://app-sj02.marketo.com/js/forms2/css/forms2-theme-simple.css", "requestTime": 24935.956198}}
06-28 15:30:58.959  8079  8092 E WPROF   : {"Javascript": {"url": "https://static.xx.fbcdn.net/rsrc.php/v3iy6L4/yF/l/ko_KR/w3AiswiqjrJ.js", "requestTime": 24936.014656}}
06-28 15:30:59.066  8009  8058 E chromium: [ERROR:gles2_cmd_decoder.cc(3852)] [.ChromiumCompositor-0xacbb2fc0]GL ERROR :GL_INVALID_ENUM : glDiscardFramebufferEXT: attachments was GL_COLOR_EXT
06-28 15:30:59.629  8079  8092 E WPROF   : {"Javascript": {"url": "http://platform.twitter.com/widgets.js", "requestTime": 24936.685013}}
06-28 15:30:59.631  8079  8092 E WPROF   : {"Javascript": {"url": "http://connect.facebook.net/en_US/sdk.js", "requestTime": 24936.686480}}
06-28 15:30:59.633  8079  8092 E WPROF   : {"Javascript": {"url": "https://apis.google.com/js/platform.js", "requestTime": 24936.688809}}
06-28 15:30:59.656  8079  8092 E WPROF   : {"Javascript": {"url": "http://rules.quantcount.com/rules-p-5aGizvD82d9hk.js", "requestTime": 24936.711327}}
06-28 15:30:59.660  8079  8092 E WPROF   : {"Javascript": {"url": "http://munchkin.marketo.net/munchkin.js", "requestTime": 24936.715301}}
06-28 15:30:59.720  8079  8092 E WPROF   : {"CSS": {"url": "https://www.youtube.com/yts/cssbin/www-embed-player-sprite-mode-vfl5G4Xm8.css", "requestTime": 24936.775537}}
06-28 15:30:59.722  8079  8092 E WPROF   : {"Javascript": {"url": "https://www.youtube.com/yts/jsbin/www-embed-player-vfl_UY_j8/www-embed-player.js", "requestTime": 24936.777665}}
06-28 15:30:59.723  8079  8092 E WPROF   : {"Javascript": {"url": "https://www.youtube.com/yts/jsbin/player-vflo1w4O-/ko_KR/base.js", "requestTime": 24936.778924}}
06-28 15:30:59.787  8009  8058 E chromium: [ERROR:gles2_cmd_decoder.cc(3852)] [.ChromiumCompositor-0xacbb2fc0]GL ERROR :GL_INVALID_ENUM : glDiscardFramebufferEXT: attachments was GL_COLOR_EXT
06-28 15:30:59.825  8079  8092 E WPROF   : {"Javascript": {"url": "http://d2j3qa5nc37287.cloudfront.net/coupon_code1.js", "requestTime": 24936.880529}}
06-28 15:30:59.829  8079  8092 E WPROF   : {"Javascript": {"url": "http://www.googleadservices.com/pagead/conversion.js", "requestTime": 24936.884801}}
06-28 15:30:59.830  8079  8092 E WPROF   : {"Javascript": {"url": "http://searchengineland.com/figz/wp-content/themes/searchengineland/js/script.js?ver=1.0", "requestTime": 24936.885599}}
06-28 15:30:59.831  8079  8092 E WPROF   : {"Javascript": {"url": "http://searchengineland.com/figz/wp-includes/js/wp-embed.min.js?ver=4.7.5", "requestTime": 24936.886286}}
06-28 15:30:59.832  8079  8092 E WPROF   : {"Javascript": {"url": "http://searchengineland.com/figz/wp-content/themes/searchengineland/js/modules/sharing_controls.js", "requestTime": 24936.887521}}
06-28 15:31:00.614  8079  8092 E WPROF   : {"Javascript": {"url": "http://m.addthisedge.com/live/boost/ra-53e918f660794f37/_ate.track.config_resp", "requestTime": 24937.669341}}
06-28 15:31:00.674  8079  8092 E WPROF   : {"Javascript": {"url": "http://m.addthis.com/live/red_lojson/300lo.json?si=59534d234c0c4619&bkl=0&bl=1&pdt=3051&sid=59534d234c0c4619&pub=ra-53e918f660794f37&rev=v7.15.4-wp&ln=ko&pc=men&cb=0&ab=-&dp=searchengineland.com&fp=bing-ads-rolls-merchant-promotions-shopping-campaigns-us-273984&fr=&of=0&pd=0&irt=0&vcl=0&md=0&ct=1&tc", "requestTime": 24937.729415}}
06-28 15:31:00.745  8079  8092 E WPROF   : {"Javascript": {"url": "http://dnn506yrbagrg.cloudfront.net/pages/scripts/0026/4062.js?416286", "requestTime": 24937.800257}}
06-28 15:31:01.331  8009  8058 E chromium: [ERROR:gles2_cmd_decoder.cc(3852)] [.ChromiumCompositor-0xacbb2fc0]GL ERROR :GL_INVALID_ENUM : glDiscardFramebufferEXT: attachments was GL_COLOR_EXT
06-28 15:31:02.407  8079  8092 E WPROF   : {"Javascript": {"url": "https://www.google.com/js/bg/KWBfAnWFESAEEaKKgdYlTHY9ysQaNoQuzeMFqvxDSM8.js", "requestTime": 24939.462378}}
06-28 15:31:02.409  8079  8092 E WPROF   : {"Javascript": {"url": "https://static.doubleclick.net/instream/ad_status.js", "requestTime": 24939.464686}}
06-28 15:31:02.639  8009  8058 E chromium: [ERROR:gles2_cmd_decoder.cc(3852)] [.ChromiumCompositor-0xacbb2fc0]GL ERROR :GL_INVALID_ENUM : glDiscardFramebufferEXT: attachments was GL_COLOR_EXT
06-28 15:31:02.807  8009  8058 E chromium: [ERROR:gles2_cmd_decoder.cc(3852)] [.ChromiumCompositor-0xacbb2fc0]GL ERROR :GL_INVALID_ENUM : glDiscardFramebufferEXT: attachments was GL_COLOR_EXT
06-28 15:31:03.060  8009  8058 E chromium: [ERROR:gles2_cmd_decoder.cc(3852)] [.ChromiumCompositor-0xacbb2fc0]GL ERROR :GL_INVALID_ENUM : glDiscardFramebufferEXT: attachments was GL_COLOR_EXT
06-28 15:31:03.177  8009  8058 E chromium: [ERROR:gles2_cmd_decoder.cc(3852)] [.ChromiumCompositor-0xacbb2fc0]GL ERROR :GL_INVALID_ENUM : glDiscardFramebufferEXT: attachments was GL_COLOR_EXT
06-28 15:31:03.221  8079  8092 E WPROF   : {"Javascript": {"url": "https://tpc.googlesyndication.com/pagead/js/r20170619/r20110914/client/ext/m_window_focus_non_hydra.js", "requestTime": 24940.276642}}
06-28 15:31:03.223  8079  8092 E WPROF   : {"Javascript": {"url": "https://tpc.googlesyndication.com/pagead/js/r20170619/r20110914/activeview/osd_listener.js", "requestTime": 24940.278582}}
06-28 15:31:03.228  8079  8092 E WPROF   : {"Javascript": {"url": "http://pagead2.googlesyndication.com/pagead/osd.js", "requestTime": 24940.283535}}
06-28 15:31:03.475  8079  8092 E WPROF   : {"Javascript": {"url": "https://platform.twitter.com/js/button.b731e6c82269f70f6fc53634e044a4c6.js", "requestTime": 24940.531018}}
06-28 15:31:03.481  8079  8092 E WPROF   : {"Javascript": {"url": "http://munchkin.marketo.net/151/munchkin.js", "requestTime": 24940.536948}}
06-28 15:31:03.486  8079  8092 E WPROF   : {"Javascript": {"url": "http://www.justuno.com/ajax/account_version_check.html?id=828FA275-FF73-401E-AA39-40F5A6FAB6B1", "requestTime": 24940.541414}}
06-28 15:31:03.730  8079  8092 E WPROF   : {"Javascript": {"url": "http://s7.addthis.com/static/layers.4acb6c577b51939661ec.js", "requestTime": 24940.786124}}
06-28 15:31:03.780  8009  8058 E chromium: [ERROR:gles2_cmd_decoder.cc(3852)] [.ChromiumCompositor-0xacbb2fc0]GL ERROR :GL_INVALID_ENUM : glDiscardFramebufferEXT: attachments was GL_COLOR_EXT
06-28 15:31:04.272  8009  8058 E chromium: [ERROR:gles2_cmd_decoder.cc(3852)] [.ChromiumCompositor-0xacbb2fc0]GL ERROR :GL_INVALID_ENUM : glDiscardFramebufferEXT: attachments was GL_COLOR_EXT
06-28 15:31:04.772  8009  8058 E chromium: [ERROR:gles2_cmd_decoder.cc(3852)] [.ChromiumCompositor-0xacbb2fc0]GL ERROR :GL_INVALID_ENUM : glDiscardFramebufferEXT: attachments was GL_COLOR_EXT
06-28 15:31:05.003  8009  8058 E chromium: [ERROR:gles2_cmd_decoder.cc(3852)] [.ChromiumCompositor-0xacbb2fc0]GL ERROR :GL_INVALID_ENUM : glDiscardFramebufferEXT: attachments was GL_COLOR_EXT
06-28 15:31:06.836  8079  8092 E WPROF   : {"Javascript": {"url": "http://cdn.justuno.com/mwgt_3.6.js", "requestTime": 24943.891472}}
06-28 15:31:07.037  8009  8058 E chromium: [ERROR:gles2_cmd_decoder.cc(3852)] [.ChromiumCompositor-0xacbb2fc0]GL ERROR :GL_INVALID_ENUM : glDiscardFramebufferEXT: attachments was GL_COLOR_EXT
06-28 15:31:07.133  8009  8058 E chromium: [ERROR:gles2_cmd_decoder.cc(3852)] [.ChromiumCompositor-0xacbb2fc0]GL ERROR :GL_INVALID_ENUM : glDiscardFramebufferEXT: attachments was GL_COLOR_EXT
06-28 15:31:07.185  8009  8058 E chromium: [ERROR:gles2_cmd_decoder.cc(3852)] [.ChromiumCompositor-0xacbb2fc0]GL ERROR :GL_INVALID_ENUM : glDiscardFramebufferEXT: attachments was GL_COLOR_EXT
06-28 15:31:08.251  8079  8092 E WPROF   : {"Javascript": {"url": "https://cdn.syndication.twimg.com/widgets/followbutton/info.json?callback=__twttr.setFollowersCountAndFollowing&lang=en&screen_names=sengineland", "requestTime": 24945.306455}}
06-28 15:31:08.360  8079  8092 E WPROF   : {"Javascript": {"url": "https://app-sj02.marketo.com/js/forms2/js/forms2.min.js", "requestTime": 24945.416192}}
06-28 15:31:08.984  8079  8092 E WProf.db: {"page": "searchengineland.com_bing-ads-rolls-merchant-promotions-shopping-campaigns-us-273984"}
06-28 15:31:08.984  8079  8092 E WProf.db: {"DOMLoad": 24946.039661}
06-28 15:31:08.984  8079  8092 E WProf.db: {"Resource": {"id": 1, "url": "http://searchengineland.com/bing-ads-rolls-merchant-promotions-shopping-campaigns-us-273984", "sentTime": -1.000000, "len": 91654, "from": "0x0", "mimeType": "text/html", "contentLength": -1, "httpStatus": 200, "connId": 20, "connReused": 1, "cached": 0,"requestTime": 24931.815357, "proxyStart": -1, "proxyEnd": -1, "dnsStart": -1, "dnsEnd": -1, "connectStart": 0, "connectEnd": 65, "sendStart": 65, "sendEnd": 65, "receiveHeadersEnd": 258, "sslStart": -1, "sslEnd": -1}}
06-28 15:31:08.984  8079  8092 E WProf.db: {"ReceivedChunk": {"receivedTime": 24932.088788, "len": 12440}}
06-28 15:31:08.984  8079  8092 E WProf.db: {"ReceivedChunk": {"receivedTime": 24932.157934, "len": 32768}}
06-28 15:31:08.984  8079  8092 E WProf.db: {"ReceivedChunk": {"receivedTime": 24932.158256, "len": 28591}}
06-28 15:31:08.984  8079  8092 E WProf.db: {"ReceivedChunk": {"receivedTime": 24932.255017, "len": 14041}}
06-28 15:31:08.984  8079  8092 E WProf.db: {"ReceivedChunk": {"receivedTime": 24932.255353, "len": 3814}}
06-28 15:31:08.984  8079  8092 E WProf.db: {"WprofHTMLTag": {"code": "0xaeddd300", "doc": "http://searchengineland.com/bing-ads-rolls-merchant-promotions-shopping-campaigns-us-273984", "row": 6, "column": 42, "tagName": "html", "time": 24932.162081, "url": "", "pos": 1, "chunkLen": 1, "isStartTag": 1}}
06-28 15:31:08.985  8079  8092 E WProf.db: {"WprofHTMLTag": {"code": "0xaf0477c0", "doc": "http://searchengineland.com/bing-ads-rolls-merchant-promotions-shopping-campaigns-us-273984", "row": 7, "column": 6, "tagName": "head", "time": 24932.162879, "url": "", "pos": 1, "chunkLen": 1, "isStartTag": 1}}
06-28 15:31:08.985  8079  8092 E WProf.db: {"WprofHTMLTag": {"code": "0xaf0477f0", "doc": "http://searchengineland.com/bing-ads-rolls-merchant-promotions-shopping-campaigns-us-273984", "row": 8, "column": 54, "tagName": "meta", "time": 24932.162928, "url": "", "pos": 1, "chunkLen": 1, "isStartTag": 1}}
06-28 15:31:08.985  8079  8092 E WProf.db: {"WprofHTMLTag": {"code": "0xaf0478e0", "doc": "http://searchengineland.com/bing-ads-rolls-merchant-promotions-shopping-campaigns-us-273984", "row": 9, "column": 68, "tagName": "meta", "time": 24932.163083, "url": "", "pos": 1, "chunkLen": 1, "isStartTag": 1}}
06-28 15:31:08.985  8079  8092 E WProf.db: {"WprofHTMLTag": {"code": "0xaf047910", "doc": "http://searchengineland.com/bing-ads-rolls-merchant-promotions-shopping-campaigns-us-273984", "row": 10, "column": 23, "tagName": "meta", "time": 24932.163194, "url": "", "pos": 1, "chunkLen": 1, "isStartTag": 1}}
06-28 15:31:08.985  8079  8092 E WProf.db: {"WprofHTMLTag": {"code": "0xaf047940", "doc": "http://searchengineland.com/bing-ads-rolls-merchant-promotions-shopping-campaigns-us-273984", "row": 11, "column": 52, "tagName": "meta", "time": 24932.163330, "url": "", "pos": 1, "chunkLen": 1, "isStartTag": 1}}
06-28 15:31:08.985  8079  8092 E WProf.db: {"WprofHTMLTag": {"code": "0xaf047970", "doc": "http://searchengineland.com/bing-ads-rolls-merchant-promotions-shopping-campaigns-us-273984", "row": 14, "column": 56, "tagName": "meta", "time": 24932.163468, "url": "", "pos": 1, "chunkLen": 1, "isStartTag": 1}}
06-28 15:31:08.985  8079  8092 E WProf.db: {"WprofHTMLTag": {"code": "0xaf0479a0", "doc": "http://searchengineland.com/bing-ads-rolls-merchant-promotions-shopping-campaigns-us-273984", "row": 15, "column": 83, "tagName": "meta", "time": 24932.163587, "url": "", "pos": 1, "chunkLen": 1, "isStartTag": 1}}
06-28 15:31:08.985  8079  8092 E WProf.db: {"WprofHTMLTag": {"code": "0xaf0479d0", "doc": "http://searchengineland.com/bing-ads-rolls-merchant-promotions-shopping-campaigns-us-273984", "row": 16, "column": 57, "tagName": "meta", "time": 24932.163700, "url": "", "pos": 1, "chunkLen": 1, "isStartTag": 1}}
06-28 15:31:08.985  8079  8092 E WProf.db: {"WprofHTMLTag": {"code": "0xaf047a60", "doc": "http://searchengineland.com/bing-ads-rolls-merchant-promotions-shopping-campaigns-us-273984", "row": 17, "column": 41, "tagName": "meta", "time": 24932.163807, "url": "", "pos": 1, "chunkLen": 1, "isStartTag": 1}}
06-28 15:31:08.985  8079  8092 E WProf.db: {"WprofHTMLTag": {"code": "0xaf047a90", "doc": "http://searchengineland.com/bing-ads-rolls-merchant-promotions-shopping-campaigns-us-273984", "row": 18, "column": 50, "tagName": "meta", "time": 24932.163924, "url": "", "pos": 1, "chunkLen": 1, "isStartTag": 1}}
06-28 15:31:08.985  8079  8092 E WProf.db: {"WprofHTMLTag": {"code": "0xaf047ac0", "doc": "http://searchengineland.com/bing-ads-rolls-merchant-promotions-shopping-campaigns-us-273984", "row": 19, "column": 174, "tagName": "meta", "time": 24932.164035, "url": "", "pos": 1, "chunkLen": 1, "isStartTag": 1}}
06-28 15:31:08.985  8079  8092 E WProf.db: {"WprofHTMLTag": {"code": "0xaf047a30", "doc": "http://searchengineland.com/bing-ads-rolls-merchant-promotions-shopping-campaigns-us-273984", "row": 20, "column": 47, "tagName": "meta", "time": 24932.164146, "url": "", "pos": 1, "chunkLen": 1, "isStartTag": 1}}
06-28 15:31:08.986  8079  8092 E WProf.db: {"WprofHTMLTag": {"code": "0xaf047a00", "doc": "http://searchengineland.com/bing-ads-rolls-merchant-promotions-shopping-campaigns-us-273984", "row": 21, "column": 67, "tagName": "meta", "time": 24932.164258, "url": "", "pos": 1, "chunkLen": 1, "isStartTag": 1}}
06-28 15:31:08.986  8079  8092 E WProf.db: {"WprofHTMLTag": {"code": "0xaf047af0", "doc": "http://searchengineland.com/bing-ads-rolls-merchant-promotions-shopping-campaigns-us-273984", "row": 22, "column": 57, "tagName": "meta", "time": 24932.164368, "url": "", "pos": 1, "chunkLen": 1, "isStartTag": 1}}
06-28 15:31:08.986  8079  8092 E WProf.db: {"WprofHTMLTag": {"code": "0xaf047b20", "doc": "http://searchengineland.com/bing-ads-rolls-merchant-promotions-shopping-campaigns-us-273984", "row": 23, "column": 65, "tagName": "meta", "time": 24932.164486, "url": "", "pos": 1, "chunkLen": 1, "isStartTag": 1}}
06-28 15:31:08.986  8079  8092 E WProf.db: {"WprofHTMLTag": {"code": "0xaf047b50", "doc": "http://searchengineland.com/bing-ads-rolls-merchant-promotions-shopping-campaigns-us-273984", "row": 24, "column": 55, "tagName": "meta", "time": 24932.164599, "url": "", "pos": 1, "chunkLen": 1, "isStartTag": 1}}
06-28 15:31:08.986  8079  8092 E WProf.db: {"WprofHTMLTag": {"code": "0xaf047b80", "doc": "http://searchengineland.com/bing-ads-rolls-merchant-promotions-shopping-campaigns-us-273984", "row": 25, "column": 71, "tagName": "meta", "time": 24932.164714, "url": "", "pos": 1, "chunkLen": 1, "isStartTag": 1}}
06-28 15:31:08.986  8079  8092 E WProf.db: {"WprofHTMLTag": {"code": "0xaf047bb0", "doc": "http://searchengineland.com/bing-ads-rolls-merchant-promotions-shopping-campaigns-us-273984", "row": 26, "column": 86, "tagName": "meta", "time": 24932.164821, "url": "", "pos": 1, "chunkLen": 1, "isStartTag": 1}}
06-28 15:31:08.986  8079  8092 E WProf.db: {"WprofHTMLTag": {"code": "0xaf047be0", "doc": "http://searchengineland.com/bing-ads-rolls-merchant-promotions-shopping-campaigns-us-273984", "row": 27, "column": 54, "tagName": "meta", "time": 24932.164927, "url": "", "pos": 1, "chunkLen": 1, "isStartTag": 1}}
06-28 15:31:08.986  8079  8092 E WProf.db: {"WprofHTMLTag": {"code": "0xaf047c10", "doc": "http://searchengineland.com/bing-ads-rolls-merchant-promotions-shopping-campaigns-us-273984", "row": 29, "column": 39, "tagName": "meta", "time": 24932.165040, "url": "", "pos": 1, "chunkLen": 1, "isStartTag": 1}}
06-28 15:31:08.987  8079  8092 E WProf.db: {"WprofHTMLTag": {"code": "0xaf047c40", "doc": "http://searchengineland.com/bing-ads-rolls-merchant-promotions-shopping-campaigns-us-273984", "row": 30, "column": 112, "tagName": "meta", "time": 24932.165146, "url": "", "pos": 1, "chunkLen": 1, "isStartTag": 1}}
06-28 15:31:08.987  8079  8092 E WProf.db: {"WprofHTMLTag": {"code": "0xaf047c70", "doc": "http://searchengineland.com/bing-ads-rolls-merchant-promotions-shopping-campaigns-us-273984", "row": 31, "column": 55, "tagName": "meta", "time": 24932.165257, "url": "", "pos": 1, "chunkLen": 1, "isStartTag": 1}}
06-28 15:31:08.987  8079  8092 E WProf.db: {"WprofHTMLTag": {"code": "0xaf047ca0", "doc": "http://searchengineland.com/bing-ads-rolls-merchant-promotions-shopping-campaigns-us-273984", "row": 32, "column": 54, "tagName": "meta", "time": 24932.165365, "url": "", "pos": 1, "chunkLen": 1, "isStartTag": 1}}
06-28 15:31:08.988  8079  8092 E WProf.db: {"WprofHTMLTag": {"code": "0xaf047cd0", "doc": "http://searchengineland.com/bing-ads-rolls-merchant-promotions-shopping-campaigns-us-273984", "row": 33, "column": 139, "tagName": "meta", "time": 24932.165474, "url": "", "pos": 1, "chunkLen": 1, "isStartTag": 1}}
06-28 15:31:08.988  8079  8092 E WProf.db: {"WprofHTMLTag": {"code": "0xaf047d00", "doc": "http://searchengineland.com/bing-ads-rolls-merchant-promotions-shopping-campaigns-us-273984", "row": 37, "column": 36, "tagName": "script", "time": 24932.165577, "url": "", "pos": 1, "chunkLen": 1, "isStartTag": 1}}
06-28 15:31:08.988  8079  8092 E WProf.db: {"WprofHTMLTag": {"code": "0xaf047d30", "doc": "http://searchengineland.com/bing-ads-rolls-merchant-promotions-shopping-campaigns-us-273984", "row": 53, "column": 10, "tagName": "script", "time": 24932.165831, "url": "", "pos": 1, "chunkLen": 1, "isStartTag": 0}}
06-28 15:31:08.988  8079  8092 E WProf.db: {"WprofHTMLTag": {"code": "0xaeddd5d0", "doc": "http://searchengineland.com/bing-ads-rolls-merchant-promotions-shopping-campaigns-us-273984", "row": 55, "column": 86, "tagName": "link", "time": 24932.170382, "url": "http://searchengineland.com/apple-touch-icon.png", "pos": 1, "chunkLen": 1, "isStartTag": 1}}
06-28 15:31:08.988  8079  8092 E WProf.db: {"WprofHTMLTag": {"code": "0xaf047d60", "doc": "http://searchengineland.com/bing-ads-rolls-merchant-promotions-shopping-campaigns-us-273984", "row": 56, "column": 76, "tagName": "link", "time": 24932.170677, "url": "http://searchengineland.com/favicon.ico", "pos": 1, "chunkLen": 1, "isStartTag": 1}}
06-28 15:31:08.988  8079  8092 E WProf.db: {"WprofHTMLTag": {"code": "0xaf047d90", "doc": "http://searchengineland.com/bing-ads-rolls-merchant-promotions-shopping-campaigns-us-273984", "row": 57, "column": 158, "tagName": "link", "time": 24932.170879, "url": "http://feeds.searchengineland.com/searchengineland", "pos": 1, "chunkLen": 1, "isStartTag": 1}}
06-28 15:31:08.988  8079  8092 E WProf.db: {"WprofHTMLTag": {"code": "0xaf047dc0", "doc": "http://searchengineland.com/bing-ads-rolls-merchant-promotions-shopping-campaigns-us-273984", "row": 58, "column": 149, "tagName": "link", "time": 24932.171153, "url": "http://feeds.searchengineland.com/searchcap", "pos": 1, "chunkLen": 1, "isStartTag": 1}}
06-28 15:31:08.988  8079  8092 E WProf.db: {"WprofHTMLTag": {"code": "0xaf047df0", "doc": "http://searchengineland.com/bing-ads-rolls-merchant-promotions-shopping-campaigns-us-273984", "row": 59, "column": 150, "tagName": "link", "time": 24932.171463, "url": "http://searchengineland.com/figz/wp-content/themes/searchengineland/css/searchengineland-bootstrap.css", "pos": 1, "chunkLen": 1, "isStartTag": 1}}
06-28 15:31:08.988  8079  8092 E WProf.db: {"WprofHTMLTag": {"code": "0xaf047e50", "doc": "http://searchengineland.com/bing-ads-rolls-merchant-promotions-shopping-campaigns-us-273984", "row": 60, "column": 105, "tagName": "link", "time": 24932.172978, "url": "http://fonts.googleapis.com/css?family=Oswald:300,400,700", "pos": 1, "chunkLen": 1, "isStartTag": 1}}
06-28 15:31:08.988  8079  8092 E WProf.db: {"WprofHTMLTag": {"code": "0xaf047eb0", "doc": "http://searchengineland.com/bing-ads-rolls-merchant-promotions-shopping-campaigns-us-273984", "row": 61, "column": 125, "tagName": "link", "time": 24932.174791, "url": "http://searchengineland.com/figz/wp-content/themes/searchengineland/style.css", "pos": 1, "chunkLen": 1, "isStartTag": 1}}
06-28 15:31:08.989  8079  8092 E WProf.db: {"WprofHTMLTag": {"code": "0xaf047f10", "doc": "http://searchengineland.com/bing-ads-rolls-merchant-promotions-shopping-campaigns-us-273984", "row": 65, "column": 7, "tagName": "title", "time": 24932.176413, "url": "", "pos": 1, "chunkLen": 1, "isStartTag": 1}}
06-28 15:31:08.989  8079  8092 E WProf.db: {"WprofHTMLTag": {"code": "0xaf047f40", "doc": "http://searchengineland.com/bing-ads-rolls-merchant-promotions-shopping-campaigns-us-273984", "row": 65, "column": 82, "tagName": "title", "time": 24932.176766, "url": "", "pos": 1, "chunkLen": 1, "isStartTag": 0}}
06-28 15:31:08.989  8079  8092 E WProf.db: {"WprofHTMLTag": {"code": "0xaf047f70", "doc": "http://searchengineland.com/bing-ads-rolls-merchant-promotions-shopping-campaigns-us-273984", "row": 66, "column": 109, "tagName": "meta", "time": 24932.176790, "url": "", "pos": 1, "chunkLen": 1, "isStartTag": 1}}
06-28 15:31:08.989  8079  8092 E WProf.db: {"WprofHTMLTag": {"code": "0xaf047fa0", "doc": "http://searchengineland.com/bing-ads-rolls-merchant-promotions-shopping-campaigns-us-273984", "row": 67, "column": 40, "tagName": "meta", "time": 24932.176933, "url": "", "pos": 1, "chunkLen": 1, "isStartTag": 1}}
06-28 15:31:08.989  8079  8092 E WProf.db: {"WprofHTMLTag": {"code": "0xaf047fd0", "doc": "http://searchengineland.com/bing-ads-rolls-merchant-promotions-shopping-campaigns-us-273984", "row": 68, "column": 133, "tagName": "meta", "time": 24932.177051, "url": "", "pos": 1, "chunkLen": 1, "isStartTag": 1}}
06-28 15:31:08.989  8079  8092 E WProf.db: {"WprofHTMLTag": {"code": "0xb4cc74b0", "doc": "http://searchengineland.com/bing-ads-rolls-merchant-promotions-shopping-campaigns-us-273984", "row": 69, "column": 37, "tagName": "meta", "time": 24932.177273, "url": "", "pos": 1, "chunkLen": 1, "isStartTag": 1}}
06-28 15:31:08.989  8079  8092 E WProf.db: {"WprofHTMLTag": {"code": "0xb4cc7540", "doc": "http://searchengineland.com/bing-ads-rolls-merchant-promotions-shopping-campaigns-us-273984", "row": 70, "column": 123, "tagName": "link", "time": 24932.177381, "url": "http://searchengineland.com/bing-ads-rolls-merchant-promotions-shopping-campaigns-us-273984", "pos": 1, "chunkLen": 1, "isStartTag": 1}}
06-28 15:31:08.989  8079  8092 E WProf.db: {"WprofHTMLTag": {"code": "0xb4cc78a0", "doc": "http://searchengineland.com/bing-ads-rolls-merchant-promotions-shopping-campaigns-us-273984", "row": 71, "column": 76, "tagName": "link", "time": 24932.177613, "url": "https://plus.google.com/103218677032751327334", "pos": 1, "chunkLen": 1, "isStartTag": 1}}
06-28 15:31:08.989  8079  8092 E WProf.db: {"WprofHTMLTag": {"code": "0xb4cc78d0", "doc": "http://searchengineland.com/bing-ads-rolls-merchant-promotions-shopping-campaigns-us-273984", "row": 72, "column": 45, "tagName": "meta", "time": 24932.177820, "url": "", "pos": 1, "chunkLen": 1, "isStartTag": 1}}
06-28 15:31:08.989  8079  8092 E WProf.db: {"WprofHTMLTag": {"code": "0xb4cc7900", "doc": "http://searchengineland.com/bing-ads-rolls-merchant-promotions-shopping-campaigns-us-273984", "row": 73, "column": 45, "tagName": "meta", "time": 24932.177939, "url": "", "pos": 1, "chunkLen": 1, "isStartTag": 1}}
06-28 15:31:08.989  8079  8092 E WProf.db: {"WprofHTMLTag": {"code": "0xb4cc7930", "doc": "http://searchengineland.com/bing-ads-rolls-merchant-promotions-shopping-campaigns-us-273984", "row": 74, "column": 106, "tagName": "meta", "time": 24932.178054, "url": "", "pos": 1, "chunkLen": 1, "isStartTag": 1}}
06-28 15:31:08.990  8079  8092 E WProf.db: {"WprofHTMLTag": {"code": "0xb4cc7960", "doc": "http://searchengineland.com/bing-ads-rolls-merchant-promotions-shopping-campaigns-us-273984", "row": 75, "column": 117, "tagName": "meta", "time": 24932.178162, "url": "", "pos": 1, "chunkLen": 1, "isStartTag": 1}}
06-28 15:31:08.990  8079  8092 E WProf.db: {"WprofHTMLTag": {"code": "0xb4cc7990", "doc": "http://searchengineland.com/bing-ads-rolls-merchant-promotions-shopping-campaigns-us-273984", "row": 76, "column": 128, "tagName": "meta", "time": 24932.178278, "url": "", "pos": 1, "chunkLen": 1, "isStartTag": 1}}
06-28 15:31:08.990  8079  8092 E WProf.db: {"WprofHTMLTag": {"code": "0xb4cc79c0", "doc": "http://searchengineland.com/bing-ads-rolls-merchant-promotions-shopping-campaigns-us-273984", "row": 77, "column": 61, "tagName": "meta", "time": 24932.178387, "url": "", "pos": 1, "chunkLen": 1, "isStartTag": 1}}
06-28 15:31:08.990  8079  8092 E WProf.db: {"WprofHTMLTag": {"code": "0xb4cc79f0", "doc": "http://searchengineland.com/bing-ads-rolls-merchant-promotions-shopping-campaigns-us-273984", "row": 78, "column": 89, "tagName": "meta", "time": 24932.178493, "url": "", "pos": 1, "chunkLen": 1, "isStartTag": 1}}
06-28 15:31:08.990  8079  8092 E WProf.db: {"WprofHTMLTag": {"code": "0xb4cc7a20", "doc": "http://searchengineland.com/bing-ads-rolls-merchant-promotions-shopping-campaigns-us-273984", "row": 79, "column": 82, "tagName": "meta", "time": 24932.178609, "url": "", "pos": 1, "chunkLen": 1, "isStartTag": 1}}
06-28 15:31:08.990  8079  8092 E WProf.db: {"WprofHTMLTag": {"code": "0xb4cc7a50", "doc": "http://searchengineland.com/bing-ads-rolls-merchant-promotions-shopping-campaigns-us-273984", "row": 80, "column": 50, "tagName": "meta", "time": 24932.178729, "url": "", "pos": 1, "chunkLen": 1, "isStartTag": 1}}
06-28 15:31:08.990  8079  8092 E WProf.db: {"WprofHTMLTag": {"code": "0xb4cc7a80", "doc": "http://searchengineland.com/bing-ads-rolls-merchant-promotions-shopping-campaigns-us-273984", "row": 81, "column": 78, "tagName": "meta", "time": 24932.178850, "url": "", "pos": 1, "chunkLen": 1, "isStartTag": 1}}
06-28 15:31:08.990  8079  8092 E WProf.db: {"WprofHTMLTag": {"code": "0xb4cc7ab0", "doc": "http://searchengineland.com/bing-ads-rolls-merchant-promotions-shopping-campaigns-us-273984", "row": 82, "column": 77, "tagName": "meta", "time": 24932.178961, "url": "", "pos": 1, "chunkLen": 1, "isStartTag": 1}}
06-28 15:31:08.990  8079  8092 E WProf.db: {"WprofHTMLTag": {"code": "0xb4cc7ae0", "doc": "http://searchengineland.com/bing-ads-rolls-merchant-promotions-shopping-campaigns-us-273984", "row": 83, "column": 71, "tagName": "meta", "time": 24932.179066, "url": "", "pos": 1, "chunkLen": 1, "isStartTag": 1}}
06-28 15:31:08.990  8079  8092 E WProf.db: {"WprofHTMLTag": {"code": "0xb4cc7b10", "doc": "http://searchengineland.com/bing-ads-rolls-merchant-promotions-shopping-campaigns-us-273984", "row": 84, "column": 133, "tagName": "meta", "time": 24932.179171, "url": "", "pos": 1, "chunkLen": 1, "isStartTag": 1}}
06-28 15:31:08.990  8079  8092 E WProf.db: {"WprofHTMLTag": {"code": "0xb4cc7b40", "doc": "http://searchengineland.com/bing-ads-rolls-merchant-promotions-shopping-campaigns-us-273984", "row": 85, "column": 49, "tagName": "meta", "time": 24932.179279, "url": "", "pos": 1, "chunkLen": 1, "isStartTag": 1}}
06-28 15:31:08.990  8079  8092 E WProf.db: {"WprofHTMLTag": {"code": "0xb4cc7b70", "doc": "http://searchengineland.com/bing-ads-rolls-merchant-promotions-shopping-campaigns-us-273984", "row": 86, "column": 50, "tagName": "meta", "time": 24932.179389, "url": "", "pos": 1, "chunkLen": 1, "isStartTag": 1}}
06-28 15:31:08.990  8079  8092 E WProf.db: {"WprofHTMLTag": {"code": "0xb4cc7ba0", "doc": "http://searchengineland.com/bing-ads-rolls-merchant-promotions-shopping-campaigns-us-273984", "row": 87, "column": 58, "tagName": "meta", "time": 24932.179507, "url": "", "pos": 1, "chunkLen": 1, "isStartTag": 1}}
06-28 15:31:08.991  8079  8092 E WProf.db: {"WprofHTMLTag": {"code": "0xb4cc7bd0", "doc": "http://searchengineland.com/bing-ads-rolls-merchant-promotions-shopping-campaigns-us-273984", "row": 88, "column": 118, "tagName": "meta", "time": 24932.179616, "url": "", "pos": 1, "chunkLen": 1, "isStartTag": 1}}
06-28 15:31:08.991  8079  8092 E WProf.db: {"WprofHTMLTag": {"code": "0xb4cc7c00", "doc": "http://searchengineland.com/bing-ads-rolls-merchant-promotions-shopping-campaigns-us-273984", "row": 89, "column": 107, "tagName": "meta", "time": 24932.179729, "url": "", "pos": 1, "chunkLen": 1, "isStartTag": 1}}
06-28 15:31:08.991  8079  8092 E WProf.db: {"WprofHTMLTag": {"code": "0xb4cc7c30", "doc": "http://searchengineland.com/bing-ads-rolls-merchant-promotions-shopping-campaigns-us-273984", "row": 90, "column": 51, "tagName": "meta", "time": 24932.179838, "url": "", "pos": 1, "chunkLen": 1, "isStartTag": 1}}
06-28 15:31:08.991  8079  8092 E WProf.db: {"WprofHTMLTag": {"code": "0xb4cc7c60", "doc": "http://searchengineland.com/bing-ads-rolls-merchant-promotions-shopping-campaigns-us-273984", "row": 91, "column": 134, "tagName": "meta", "time": 24932.179954, "url": "", "pos": 1, "chunkLen": 1, "isStartTag": 1}}
06-28 15:31:08.991  8079  8092 E WProf.db: {"WprofHTMLTag": {"code": "0xb4cc7c90", "doc": "http://searchengineland.com/bing-ads-rolls-merchant-promotions-shopping-campaigns-us-273984", "row": 92, "column": 54, "tagName": "meta", "time": 24932.181733, "url": "", "pos": 1, "chunkLen": 1, "isStartTag": 1}}
06-28 15:31:08.991  8079  8092 E WProf.db: {"WprofHTMLTag": {"code": "0xb4cc7cc0", "doc": "http://searchengineland.com/bing-ads-rolls-merchant-promotions-shopping-campaigns-us-273984", "row": 95, "column": 44, "tagName": "link", "time": 24932.181874, "url": "http://s.w.org/", "pos": 1, "chunkLen": 1, "isStartTag": 1}}
06-28 15:31:08.991  8079  8092 E WProf.db: {"WprofHTMLTag": {"code": "0xb4cc7cf0", "doc": "http://searchengineland.com/bing-ads-rolls-merchant-promotions-shopping-campaigns-us-273984", "row": 96, "column": 33, "tagName": "script", "time": 24932.182143, "url": "", "pos": 1, "chunkLen": 1, "isStartTag": 1}}
06-28 15:31:08.991  8079  8092 E WProf.db: {"WprofHTMLTag": {"code": "0xb4cc7d20", "doc": "http://searchengineland.com/bing-ads-rolls-merchant-promotions-shopping-campaigns-us-273984", "row": 99, "column": 11, "tagName": "script", "time": 24932.182349, "url": "http://searchengineland.com/figz/wp-includes/js/wp-emoji-release.min.js?ver=4.7.5", "pos": 1, "chunkLen": 1, "isStartTag": 0}}
06-28 15:31:08.991  8079  8092 E WProf.db: {"WprofHTMLTag": {"code": "0x9cfbda50", "doc": "http://searchengineland.com/bing-ads-rolls-merchant-promotions-shopping-campaigns-us-273984", "row": 100, "column": 25, "tagName": "style", "time": 24933.762105, "url": "", "pos": 1, "chunkLen": 1, "isStartTag": 1}}
06-28 15:31:08.991  8079  8092 E WProf.db: {"WprofHTMLTag": {"code": "0x9cfbda80", "doc": "http://searchengineland.com/bing-ads-rolls-merchant-promotions-shopping-campaigns-us-273984", "row": 113, "column": 8, "tagName": "style", "time": 24933.762339, "url": "", "pos": 1, "chunkLen": 1, "isStartTag": 0}}
06-28 15:31:08.992  8079  8092 E WProf.db: {"WprofHTMLTag": {"code": "0x9cfbdab0", "doc": "http://searchengineland.com/bing-ads-rolls-merchant-promotions-shopping-campaigns-us-273984", "row": 114, "column": 140, "tagName": "script", "time": 24933.764457, "url": "http://searchengineland.com/figz/wp-content/themes/searchengineland/js/lib/modernizr.custom.js?ver=1.0", "pos": 1, "chunkLen": 1, "isStartTag": 1}}
06-28 15:31:08.992  8079  8092 E WProf.db: {"WprofHTMLTag": {"code": "0x9cfbdae0", "doc": "http://searchengineland.com/bing-ads-rolls-merchant-promotions-shopping-campaigns-us-273984", "row": 114, "column": 149, "tagName": "script", "time": 24933.764741, "url": "", "pos": 1, "chunkLen": 1, "isStartTag": 0}}
06-28 15:31:08.992  8079  8092 E WProf.db: {"WprofHTMLTag": {"code": "0x9cfbdb70", "doc": "http://searchengineland.com/bing-ads-rolls-merchant-promotions-shopping-campaigns-us-273984", "row": 115, "column": 144, "tagName": "script", "time": 24933.772969, "url": "http://searchengineland.com/figz/wp-content/themes/searchengineland/js/lib/jquery-1.11.0.min.js?ver=1.11.0", "pos": 1, "chunkLen": 1, "isStartTag": 1}}
06-28 15:31:08.992  8079  8092 E WProf.db: {"WprofHTMLTag": {"code": "0x9cfbdba0", "doc": "http://searchengineland.com/bing-ads-rolls-merchant-promotions-shopping-campaigns-us-273984", "row": 115, "column": 153, "tagName": "script", "time": 24933.773260, "url": "", "pos": 1, "chunkLen": 1, "isStartTag": 0}}
06-28 15:31:08.992  8079  8092 E WProf.db: {"WprofHTMLTag": {"code": "0x9cfbdc00", "doc": "http://searchengineland.com/bing-ads-rolls-merchant-promotions-shopping-campaigns-us-273984", "row": 0, "column": 15, "tagName": "div", "time": 24933.865228, "url": "", "pos": 15, "chunkLen": 44, "isStartTag": 1}}
06-28 15:31:08.992  8079  8092 E WProf.db: {"WprofHTMLTag": {"code": "0x9cfbdc30", "doc": "http://searchengineland.com/bing-ads-rolls-merchant-promotions-shopping-campaigns-us-273984", "row": 0, "column": 21, "tagName": "div", "time": 24933.865369, "url": "", "pos": 21, "chunkLen": 44, "isStartTag": 0}}
06-28 15:31:08.993  8079  8092 E WProf.db: {"WprofHTMLTag": {"code": "0x9cfbdc60", "doc": "http://searchengineland.com/bing-ads-rolls-merchant-promotions-shopping-campaigns-us-273984", "row": 0, "column": 38, "tagName": "div", "time": 24933.865437, "url": "", "pos": 38, "chunkLen": 44, "isStartTag": 1}}
06-28 15:31:08.993  8079  8092 E WProf.db: {"WprofHTMLTag": {"code": "0x9cfbdc90", "doc": "http://searchengineland.com/bing-ads-rolls-merchant-promotions-shopping-campaigns-us-273984", "row": 0, "column": 44, "tagName": "div", "time": 24933.865555, "url": "", "pos": 44, "chunkLen": 44, "isStartTag": 0}}
06-28 15:31:08.993  8079  8092 E WProf.db: {"WprofHTMLTag": {"code": "0x9cfbdcc0", "doc": "http://searchengineland.com/bing-ads-rolls-merchant-promotions-shopping-campaigns-us-273984", "row": 0, "column": 13, "tagName": "select", "time": 24933.867191, "url": "", "pos": 13, "chunkLen": 51, "isStartTag": 1}}
06-28 15:31:08.993  8079  8092 E WProf.db: {"WprofHTMLTag": {"code": "0x9cfbdcf0", "doc": "http://searchengineland.com/bing-ads-rolls-merchant-promotions-shopping-campaigns-us-273984", "row": 0, "column": 33, "tagName": "option", "time": 24933.867369, "url": "", "pos": 33, "chunkLen": 51, "isStartTag": 1}}
06-28 15:31:08.993  8079  8092 E WProf.db: {"WprofHTMLTag": {"code": "0x9cfbdd20", "doc": "http://searchengineland.com/bing-ads-rolls-merchant-promotions-shopping-campaigns-us-273984", "row": 0, "column": 42, "tagName": "option", "time": 24933.867560, "url": "", "pos": 42, "chunkLen": 51, "isStartTag": 0}}
06-28 15:31:08.993  8079  8092 E WProf.db: {"WprofHTMLTag": {"code": "0x9cfbdd50", "doc": "http://searchengineland.com/bing-ads-rolls-merchant-promotions-shopping-campaigns-us-273984", "row": 0, "column": 51, "tagName": "select", "time": 24933.867616, "url": "", "pos": 51, "chunkLen": 51, "isStartTag": 0}}
06-28 15:31:08.993  8079  8092 E WProf.db: {"WprofHTMLTag": {"code": "0x9cfbdd80", "doc": "http://searchengineland.com/bing-ads-rolls-merchant-promotions-shopping-campaigns-us-273984", "row": 0, "column": 12, "tagName": "a", "time": 24933.873408, "url": "", "pos": 12, "chunkLen": 16, "isStartTag": 1}}
06-28 15:31:08.993  8079  8092 E WProf.db: {"WprofHTMLTag": {"code": "0x9cfbddb0", "doc": "http://searchengineland.com/bing-ads-rolls-merchant-promotions-shopping-campaigns-us-273984", "row": 0, "column": 16, "tagName": "a", "time": 24933.873574, "url": "", "pos": 16, "chunkLen": 16, "isStartTag": 0}}
06-28 15:31:08.993  8079  8092 E WProf.db: {"WprofHTMLTag": {"code": "0x9cfbdde0", "doc": "http://searchengineland.com/bing-ads-rolls-merchant-promotions-shopping-campaigns-us-273984", "row": 0, "column": 8, "tagName": "input", "time": 24933.874601, "url": "", "pos": 8, "chunkLen": 8, "isStartTag": 1}}
06-28 15:31:08.993  8079  8092 E WProf.db: {"WprofHTMLTag": {"code": "0x9cfbde10", "doc": "http://searchengineland.com/bing-ads-rolls-merchant-promotions-shopping-campaigns-us-273984", "row": 0, "column": 9, "tagName": "link", "time": 24933.884125, "url": "", "pos": 9, "chunkLen": 42, "isStartTag": 1}}
06-28 15:31:08.993  8079  8092 E WProf.db: {"WprofHTMLTag": {"code": "0x9cfbde40", "doc": "http://searchengineland.com/bing-ads-rolls-merchant-promotions-shopping-campaigns-us-273984", "row": 0, "column": 16, "tagName": "table", "time": 24933.884248, "url": "", "pos": 16, "chunkLen": 42, "isStartTag": 1}}
06-28 15:31:08.993  8079  8092 E WProf.db: {"WprofHTMLTag": {"code": "0x9cfbde70", "doc": "http://searchengineland.com/bing-ads-rolls-merchant-promotions-shopping-campaigns-us-273984", "row": 0, "column": 24, "tagName": "table", "time": 24933.884364, "url": "", "pos": 24, "chunkLen": 42, "isStartTag": 0}}
06-28 15:31:08.994  8079  8092 E WProf.db: {"WprofHTMLTag": {"code": "0x9cfbdea0", "doc": "http://searchengineland.com/bing-ads-rolls-merchant-promotions-shopping-campaigns-us-273984", "row": 0, "column": 37, "tagName": "a", "time": 24933.884441, "url": "", "pos": 37, "chunkLen": 42, "isStartTag": 1}}
06-28 15:31:08.994  8079  8092 E WProf.db: {"WprofHTMLTag": {"code": "0x9cfbded0", "doc": "http://searchengineland.com/bing-ads-rolls-merchant-promotions-shopping-campaigns-us-273984", "row": 0, "column": 42, "tagName": "a", "time": 24933.884631, "url": "", "pos": 42, "chunkLen": 42, "isStartTag": 0}}
06-28 15:31:08.995  8079  8092 E WProf.db: {"WprofHTMLTag": {"code": "0x9cfbdf60", "doc": "http://searchengineland.com/bing-ads-rolls-merchant-promotions-shopping-campaigns-us-273984", "row": 0, "column": 10, "tagName": "textarea", "time": 24933.885913, "url": "", "pos": 10, "chunkLen": 22, "isStartTag": 1}}
06-28 15:31:08.995  8079  8092 E WProf.db: {"WprofHTMLTag": {"code": "0x9cfbdf90", "doc": "http://searchengineland.com/bing-ads-rolls-merchant-promotions-shopping-campaigns-us-273984", "row": 0, "column": 22, "tagName": "textarea", "time": 24933.886118, "url": "", "pos": 22, "chunkLen": 22, "isStartTag": 0}}
06-28 15:31:08.997  8079  8092 E WProf.db: {"WprofHTMLTag": {"code": "0x9cfbdfc0", "doc": "http://searchengineland.com/bing-ads-rolls-merchant-promotions-shopping-campaigns-us-273984", "row": 0, "column": 48, "tagName": "input", "time": 24933.887504, "url": "", "pos": 48, "chunkLen": 48, "isStartTag": 1}}
06-28 15:31:08.997  8079  8092 E WProf.db: {"WprofHTMLTag": {"code": "0x9cfbe020", "doc": "http://searchengineland.com/bing-ads-rolls-merchant-promotions-shopping-campaigns-us-273984", "row": 0, "column": 9, "tagName": "link", "time": 24933.897987, "url": "", "pos": 9, "chunkLen": 66, "isStartTag": 1}}
06-28 15:31:08.997  8079  8092 E WProf.db: {"WprofHTMLTag": {"code": "0x9cfbe050", "doc": "http://searchengineland.com/bing-ads-rolls-merchant-promotions-shopping-campaigns-us-273984", "row": 0, "column": 16, "tagName": "table", "time": 24933.898233, "url": "", "pos": 16, "chunkLen": 66, "isStartTag": 1}}
06-28 15:31:08.997  8079  8092 E WProf.db: {"WprofHTMLTag": {"code": "0x9cfbe080", "doc": "http://searchengineland.com/bing-ads-rolls-merchant-promotions-shopping-campaigns-us-273984", "row": 0, "column": 24, "tagName": "table", "time": 24933.898307, "url": "", "pos": 24, "chunkLen": 66, "isStartTag": 0}}
06-28 15:31:08.997  8079  8092 E WProf.db: {"WprofHTMLTag": {"code": "0x9cfbe0b0", "doc": "http://searchengineland.com/bing-ads-rolls-merchant-promotions-shopping-campaigns-us-273984", "row": 0, "column": 37, "tagName": "a", "time": 24933.898380, "url": "", "pos": 37, "chunkLen": 66, "isStartTag": 1}}
06-28 15:31:08.997  8079  8092 E WProf.db: {"WprofHTMLTag": {"code": "0x9cfbe0e0", "doc": "http://searchengineland.com/bing-ads-rolls-merchant-promotions-shopping-campaigns-us-273984", "row": 0, "column": 42, "tagName": "a", "time": 24933.898556, "url": "", "pos": 42, "chunkLen": 66, "isStartTag": 0}}
06-28 15:31:08.997  8079  8092 E WProf.db: {"WprofHTMLTag": {"code": "0x9cfbe110", "doc": "http://searchengineland.com/bing-ads-rolls-merchant-promotions-shopping-campaigns-us-273984", "row": 0, "column": 66, "tagName": "input", "time": 24933.898622, "url": "", "pos": 66, "chunkLen": 66, "isStartTag": 1}}
06-28 15:31:08.997  8079  8092 E WProf.db: {"WprofHTMLTag": {"code": "0x9cfbe1a0", "doc": "http://searchengineland.com/bing-ads-rolls-merchant-promotions-shopping-campaigns-us-273984", "row": 0, "column": 9, "tagName": "link", "time": 24933.900871, "url": "", "pos": 9, "chunkLen": 66, "isStartTag": 1}}
06-28 15:31:08.997  8079  8092 E WProf.db: {"WprofHTMLTag": {"code": "0x9cfbe1d0", "doc": "http://searchengineland.com/bing-ads-rolls-merchant-promotions-shopping-campaigns-us-273984", "row": 0, "column": 16, "tagName": "table", "time": 24933.900987, "url": "", "pos": 16, "chunkLen": 66, "isStartTag": 1}}
06-28 15:31:08.997  8079  8092 E WProf.db: {"WprofHTMLTag": {"code": "0x9cfbe200", "doc": "http://searchengineland.com/bing-ads-rolls-merchant-promotions-shopping-campaigns-us-273984", "row": 0, "column": 24, "tagName": "table", "time": 24933.901062, "url": "", "pos": 24, "chunkLen": 66, "isStartTag": 0}}
06-28 15:31:08.997  8079  8092 E WProf.db: {"WprofHTMLTag": {"code": "0x9cfbe230", "doc": "http://searchengineland.com/bing-ads-rolls-merchant-promotions-shopping-campaigns-us-273984", "row": 0, "column": 37, "tagName": "a", "time": 24933.901129, "url": "", "pos": 37, "chunkLen": 66, "isStartTag": 1}}
06-28 15:31:08.998  8079  8092 E WProf.db: {"WprofHTMLTag": {"code": "0x9cfbe260", "doc": "http://searchengineland.com/bing-ads-rolls-merchant-promotions-shopping-campaigns-us-273984", "row": 0, "column": 42, "tagName": "a", "time": 24933.901306, "url": "", "pos": 42, "chunkLen": 66, "isStartTag": 0}}
06-28 15:31:08.998  8079  8092 E WProf.db: {"WprofHTMLTag": {"code": "0x9cfbe290", "doc": "http://searchengineland.com/bing-ads-rolls-merchant-promotions-shopping-campaigns-us-273984", "row": 0, "column": 66, "tagName": "input", "time": 24933.901371, "url": "", "pos": 66, "chunkLen": 66, "isStartTag": 1}}
06-28 15:31:08.998  8079  8092 E WProf.db: {"WprofHTMLTag": {"code": "0x9cfbe2f0", "doc": "http://searchengineland.com/bing-ads-rolls-merchant-promotions-shopping-campaigns-us-273984", "row": 0, "column": 9, "tagName": "link", "time": 24933.906643, "url": "", "pos": 9, "chunkLen": 66, "isStartTag": 1}}
