06-28 13:39:14.436  2493  2547 E chromium: [ERROR:gles2_cmd_decoder.cc(3852)] [.ChromiumCompositor-0xacbb2fc0]GL ERROR :GL_INVALID_ENUM : glDiscardFramebufferEXT: attachments was GL_COLOR_EXT
06-28 13:39:14.452  2493  2547 E chromium: [ERROR:gles2_cmd_decoder.cc(3852)] [.ChromiumCompositor-0xacbb2fc0]GL ERROR :GL_INVALID_ENUM : glDiscardFramebufferEXT: attachments was GL_COLOR_EXT
06-28 13:39:14.469  2493  2547 E chromium: [ERROR:gles2_cmd_decoder.cc(3852)] [.ChromiumCompositor-0xacbb2fc0]GL ERROR :GL_INVALID_ENUM : glDiscardFramebufferEXT: attachments was GL_COLOR_EXT
06-28 13:39:14.487  2493  2547 E chromium: [ERROR:gles2_cmd_decoder.cc(3852)] [.ChromiumCompositor-0xacbb2fc0]GL ERROR :GL_INVALID_ENUM : glDiscardFramebufferEXT: attachments was GL_COLOR_EXT
06-28 13:39:14.506  2493  2547 E chromium: [ERROR:gles2_cmd_decoder.cc(3852)] [.ChromiumCompositor-0xacbb2fc0]GL ERROR :GL_INVALID_ENUM : glDiscardFramebufferEXT: attachments was GL_COLOR_EXT
06-28 13:39:14.523  2493  2547 E chromium: [ERROR:gles2_cmd_decoder.cc(3852)] [.ChromiumCompositor-0xacbb2fc0]GL ERROR :GL_INVALID_ENUM : glDiscardFramebufferEXT: attachments was GL_COLOR_EXT
06-28 13:39:14.541  2493  2547 E chromium: [ERROR:gles2_cmd_decoder.cc(3852)] [.ChromiumCompositor-0xacbb2fc0]GL ERROR :GL_INVALID_ENUM : glDiscardFramebufferEXT: attachments was GL_COLOR_EXT
06-28 13:39:14.560  2493  2547 E chromium: [ERROR:gles2_cmd_decoder.cc(3852)] [.ChromiumCompositor-0xacbb2fc0]GL ERROR :GL_INVALID_ENUM : glDiscardFramebufferEXT: attachments was GL_COLOR_EXT
06-28 13:39:14.575  2493  2547 E chromium: [ERROR:gles2_cmd_decoder.cc(3852)] [.ChromiumCompositor-0xacbb2fc0]GL ERROR :GL_INVALID_ENUM : glDiscardFramebufferEXT: attachments was GL_COLOR_EXT
06-28 13:39:14.590  2493  2547 E chromium: [ERROR:gles2_cmd_decoder.cc(3852)] [.ChromiumCompositor-0xacbb2fc0]GL ERROR :GL_INVALID_ENUM : glDiscardFramebufferEXT: attachments was GL_COLOR_EXT
06-28 13:39:14.609  2493  2547 E chromium: [ERROR:gles2_cmd_decoder.cc(3852)] [.ChromiumCompositor-0xacbb2fc0]GL ERROR :GL_INVALID_ENUM : glDiscardFramebufferEXT: attachments was GL_COLOR_EXT
06-28 13:39:14.627  2493  2547 E chromium: [ERROR:gles2_cmd_decoder.cc(3852)] [.ChromiumCompositor-0xacbb2fc0]GL ERROR :GL_INVALID_ENUM : glDiscardFramebufferEXT: attachments was GL_COLOR_EXT
06-28 13:39:14.644  2493  2547 E chromium: [ERROR:gles2_cmd_decoder.cc(3852)] [.ChromiumCompositor-0xacbb2fc0]GL ERROR :GL_INVALID_ENUM : glDiscardFramebufferEXT: attachments was GL_COLOR_EXT
06-28 13:39:14.659  2493  2547 E chromium: [ERROR:gles2_cmd_decoder.cc(3852)] [.ChromiumCompositor-0xacbb2fc0]GL ERROR :GL_INVALID_ENUM : glDiscardFramebufferEXT: attachments was GL_COLOR_EXT
06-28 13:39:14.672  2493  2547 E chromium: [ERROR:gles2_cmd_decoder.cc(3852)] [.ChromiumCompositor-0xacbb2fc0]GL ERROR :GL_INVALID_ENUM : glDiscardFramebufferEXT: attachments was GL_COLOR_EXT
06-28 13:39:14.689  2493  2547 E chromium: [ERROR:gles2_cmd_decoder.cc(3852)] [.ChromiumCompositor-0xacbb2fc0]GL ERROR :GL_INVALID_ENUM : glDiscardFramebufferEXT: attachments was GL_COLOR_EXT
06-28 13:39:14.707  2493  2547 E chromium: [ERROR:gles2_cmd_decoder.cc(3852)] [.ChromiumCompositor-0xacbb2fc0]GL ERROR :GL_INVALID_ENUM : glDiscardFramebufferEXT: attachments was GL_COLOR_EXT
06-28 13:39:14.723  2493  2547 E chromium: [ERROR:gles2_cmd_decoder.cc(3852)] [.ChromiumCompositor-0xacbb2fc0]GL ERROR :GL_INVALID_ENUM : glDiscardFramebufferEXT: attachments was GL_COLOR_EXT
06-28 13:39:14.741  2493  2547 E chromium: [ERROR:gles2_cmd_decoder.cc(3852)] [.ChromiumCompositor-0xacbb2fc0]GL ERROR :GL_INVALID_ENUM : glDiscardFramebufferEXT: attachments was GL_COLOR_EXT
06-28 13:39:14.757  2493  2547 E chromium: [ERROR:gles2_cmd_decoder.cc(3852)] [.ChromiumCompositor-0xacbb2fc0]GL ERROR :GL_INVALID_ENUM : glDiscardFramebufferEXT: attachments was GL_COLOR_EXT
06-28 13:39:14.775  2493  2547 E chromium: [ERROR:gles2_cmd_decoder.cc(3852)] [.ChromiumCompositor-0xacbb2fc0]GL ERROR :GL_INVALID_ENUM : glDiscardFramebufferEXT: attachments was GL_COLOR_EXT
06-28 13:39:14.792  2493  2547 E chromium: [ERROR:gles2_cmd_decoder.cc(3852)] [.ChromiumCompositor-0xacbb2fc0]GL ERROR :GL_INVALID_ENUM : glDiscardFramebufferEXT: attachments was GL_COLOR_EXT
06-28 13:39:14.809  2493  2547 E chromium: [ERROR:gles2_cmd_decoder.cc(3852)] [.ChromiumCompositor-0xacbb2fc0]GL ERROR :GL_INVALID_ENUM : glDiscardFramebufferEXT: attachments was GL_COLOR_EXT
06-28 13:39:14.830  2493  2547 E chromium: [ERROR:gles2_cmd_decoder.cc(3852)] [.ChromiumCompositor-0xacbb2fc0]GL ERROR :GL_INVALID_ENUM : glDiscardFramebufferEXT: attachments was GL_COLOR_EXT
06-28 13:39:14.843  2493  2547 E chromium: [ERROR:gles2_cmd_decoder.cc(3852)] [.ChromiumCompositor-0xacbb2fc0]GL ERROR :GL_INVALID_ENUM : glDiscardFramebufferEXT: attachments was GL_COLOR_EXT
06-28 13:39:14.860  2493  2547 E chromium: [ERROR:gles2_cmd_decoder.cc(3852)] [.ChromiumCompositor-0xacbb2fc0]GL ERROR :GL_INVALID_ENUM : glDiscardFramebufferEXT: attachments was GL_COLOR_EXT
06-28 13:39:14.878  2493  2547 E chromium: [ERROR:gles2_cmd_decoder.cc(3852)] [.ChromiumCompositor-0xacbb2fc0]GL ERROR :GL_INVALID_ENUM : glDiscardFramebufferEXT: attachments was GL_COLOR_EXT
06-28 13:39:14.895  2493  2547 E chromium: [ERROR:gles2_cmd_decoder.cc(3852)] [.ChromiumCompositor-0xacbb2fc0]GL ERROR :GL_INVALID_ENUM : glDiscardFramebufferEXT: attachments was GL_COLOR_EXT
06-28 13:39:14.914  2493  2547 E chromium: [ERROR:gles2_cmd_decoder.cc(3852)] [.ChromiumCompositor-0xacbb2fc0]GL ERROR :GL_INVALID_ENUM : glDiscardFramebufferEXT: attachments was GL_COLOR_EXT
06-28 13:39:14.932  2493  2547 E chromium: [ERROR:gles2_cmd_decoder.cc(3852)] [.ChromiumCompositor-0xacbb2fc0]GL ERROR :GL_INVALID_ENUM : glDiscardFramebufferEXT: attachments was GL_COLOR_EXT
06-28 13:39:14.948  2493  2547 E chromium: [ERROR:gles2_cmd_decoder.cc(3852)] [.ChromiumCompositor-0xacbb2fc0]GL ERROR :GL_INVALID_ENUM : glDiscardFramebufferEXT: attachments was GL_COLOR_EXT
06-28 13:39:14.968  2493  2547 E chromium: [ERROR:gles2_cmd_decoder.cc(3852)] [.ChromiumCompositor-0xacbb2fc0]GL ERROR :GL_INVALID_ENUM : glDiscardFramebufferEXT: attachments was GL_COLOR_EXT
06-28 13:39:14.986  2493  2547 E chromium: [ERROR:gles2_cmd_decoder.cc(3852)] [.ChromiumCompositor-0xacbb2fc0]GL ERROR :GL_INVALID_ENUM : glDiscardFramebufferEXT: attachments was GL_COLOR_EXT
06-28 13:39:15.000  2493  2547 E chromium: [ERROR:gles2_cmd_decoder.cc(3852)] [.ChromiumCompositor-0xacbb2fc0]GL ERROR :GL_INVALID_ENUM : glDiscardFramebufferEXT: attachments was GL_COLOR_EXT
06-28 13:39:15.012  2493  2547 E chromium: [ERROR:gles2_cmd_decoder.cc(3852)] [.ChromiumCompositor-0xacbb2fc0]GL ERROR :GL_INVALID_ENUM : glDiscardFramebufferEXT: attachments was GL_COLOR_EXT
06-28 13:39:15.028  2493  2547 E chromium: [ERROR:gles2_cmd_decoder.cc(3852)] [.ChromiumCompositor-0xacbb2fc0]GL ERROR :GL_INVALID_ENUM : glDiscardFramebufferEXT: attachments was GL_COLOR_EXT
06-28 13:39:15.043  2493  2547 E chromium: [ERROR:gles2_cmd_decoder.cc(3852)] [.ChromiumCompositor-0xacbb2fc0]GL ERROR :GL_INVALID_ENUM : glDiscardFramebufferEXT: attachments was GL_COLOR_EXT
06-28 13:39:15.059  2493  2547 E chromium: [ERROR:gles2_cmd_decoder.cc(3852)] [.ChromiumCompositor-0xacbb2fc0]GL ERROR :GL_INVALID_ENUM : glDiscardFramebufferEXT: attachments was GL_COLOR_EXT
06-28 13:39:15.075  2493  2547 E chromium: [ERROR:gles2_cmd_decoder.cc(3852)] [.ChromiumCompositor-0xacbb2fc0]GL ERROR :GL_INVALID_ENUM : glDiscardFramebufferEXT: attachments was GL_COLOR_EXT
06-28 13:39:15.095  2493  2547 E chromium: [ERROR:gles2_cmd_decoder.cc(3852)] [.ChromiumCompositor-0xacbb2fc0]GL ERROR :GL_INVALID_ENUM : glDiscardFramebufferEXT: attachments was GL_COLOR_EXT
06-28 13:39:15.111  2493  2547 E chromium: [ERROR:gles2_cmd_decoder.cc(3852)] [.ChromiumCompositor-0xacbb2fc0]GL ERROR :GL_INVALID_ENUM : glDiscardFramebufferEXT: attachments was GL_COLOR_EXT
06-28 13:39:15.131  2493  2547 E chromium: [ERROR:gles2_cmd_decoder.cc(3852)] [.ChromiumCompositor-0xacbb2fc0]GL ERROR :GL_INVALID_ENUM : glDiscardFramebufferEXT: attachments was GL_COLOR_EXT
06-28 13:39:15.145  2493  2547 E chromium: [ERROR:gles2_cmd_decoder.cc(3852)] [.ChromiumCompositor-0xacbb2fc0]GL ERROR :GL_INVALID_ENUM : glDiscardFramebufferEXT: attachments was GL_COLOR_EXT
06-28 13:39:15.160  2493  2547 E chromium: [ERROR:gles2_cmd_decoder.cc(3852)] [.ChromiumCompositor-0xacbb2fc0]GL ERROR :GL_INVALID_ENUM : glDiscardFramebufferEXT: attachments was GL_COLOR_EXT
06-28 13:39:15.176  2493  2547 E chromium: [ERROR:gles2_cmd_decoder.cc(3852)] [.ChromiumCompositor-0xacbb2fc0]GL ERROR :GL_INVALID_ENUM : glDiscardFramebufferEXT: attachments was GL_COLOR_EXT
06-28 13:39:15.193  2493  2547 E chromium: [ERROR:gles2_cmd_decoder.cc(3852)] [.ChromiumCompositor-0xacbb2fc0]GL ERROR :GL_INVALID_ENUM : glDiscardFramebufferEXT: attachments was GL_COLOR_EXT
06-28 13:39:15.211  2493  2547 E chromium: [ERROR:gles2_cmd_decoder.cc(3852)] [.ChromiumCompositor-0xacbb2fc0]GL ERROR :GL_INVALID_ENUM : glDiscardFramebufferEXT: attachments was GL_COLOR_EXT
06-28 13:39:15.230  2493  2547 E chromium: [ERROR:gles2_cmd_decoder.cc(3852)] [.ChromiumCompositor-0xacbb2fc0]GL ERROR :GL_INVALID_ENUM : glDiscardFramebufferEXT: attachments was GL_COLOR_EXT
06-28 13:39:15.248  2493  2547 E chromium: [ERROR:gles2_cmd_decoder.cc(3852)] [.ChromiumCompositor-0xacbb2fc0]GL ERROR :GL_INVALID_ENUM : glDiscardFramebufferEXT: attachments was GL_COLOR_EXT
06-28 13:39:15.261  2493  2547 E chromium: [ERROR:gles2_cmd_decoder.cc(3852)] [.ChromiumCompositor-0xacbb2fc0]GL ERROR :GL_INVALID_ENUM : glDiscardFramebufferEXT: attachments was GL_COLOR_EXT
06-28 13:39:15.276  2493  2547 E chromium: [ERROR:gles2_cmd_decoder.cc(3852)] [.ChromiumCompositor-0xacbb2fc0]GL ERROR :GL_INVALID_ENUM : glDiscardFramebufferEXT: attachments was GL_COLOR_EXT
06-28 13:39:15.292  2493  2547 E chromium: [ERROR:gles2_cmd_decoder.cc(3852)] [.ChromiumCompositor-0xacbb2fc0]GL ERROR :GL_INVALID_ENUM : glDiscardFramebufferEXT: attachments was GL_COLOR_EXT
06-28 13:39:15.310  2493  2547 E chromium: [ERROR:gles2_cmd_decoder.cc(3852)] [.ChromiumCompositor-0xacbb2fc0]GL ERROR :GL_INVALID_ENUM : glDiscardFramebufferEXT: attachments was GL_COLOR_EXT
06-28 13:39:15.329  2493  2547 E chromium: [ERROR:gles2_cmd_decoder.cc(3852)] [.ChromiumCompositor-0xacbb2fc0]GL ERROR :GL_INVALID_ENUM : glDiscardFramebufferEXT: attachments was GL_COLOR_EXT
06-28 13:39:15.347  2493  2547 E chromium: [ERROR:gles2_cmd_decoder.cc(3852)] [.ChromiumCompositor-0xacbb2fc0]GL ERROR :GL_INVALID_ENUM : glDiscardFramebufferEXT: attachments was GL_COLOR_EXT
06-28 13:39:15.363  2493  2547 E chromium: [ERROR:gles2_cmd_decoder.cc(3852)] [.ChromiumCompositor-0xacbb2fc0]GL ERROR :GL_INVALID_ENUM : glDiscardFramebufferEXT: attachments was GL_COLOR_EXT
06-28 13:39:15.382  2493  2547 E chromium: [ERROR:gles2_cmd_decoder.cc(3852)] [.ChromiumCompositor-0xacbb2fc0]GL ERROR :GL_INVALID_ENUM : glDiscardFramebufferEXT: attachments was GL_COLOR_EXT
06-28 13:39:15.398  2493  2547 E chromium: [ERROR:gles2_cmd_decoder.cc(3852)] [.ChromiumCompositor-0xacbb2fc0]GL ERROR :GL_INVALID_ENUM : glDiscardFramebufferEXT: attachments was GL_COLOR_EXT
06-28 13:39:15.413  2493  2547 E chromium: [ERROR:gles2_cmd_decoder.cc(3852)] [.ChromiumCompositor-0xacbb2fc0]GL ERROR :GL_INVALID_ENUM : glDiscardFramebufferEXT: attachments was GL_COLOR_EXT
06-28 13:39:15.428  2493  2547 E chromium: [ERROR:gles2_cmd_decoder.cc(3852)] [.ChromiumCompositor-0xacbb2fc0]GL ERROR :GL_INVALID_ENUM : glDiscardFramebufferEXT: attachments was GL_COLOR_EXT
06-28 13:39:15.463  2493  2547 E chromium: [ERROR:gles2_cmd_decoder.cc(3852)] [.ChromiumCompositor-0xacbb2fc0]GL ERROR :GL_INVALID_ENUM : glDiscardFramebufferEXT: attachments was GL_COLOR_EXT
06-28 13:39:15.466  2493  2547 E chromium: [ERROR:gles2_cmd_decoder.cc(3852)] [.ChromiumCompositor-0xacbb2fc0]GL ERROR :GL_INVALID_ENUM : glDiscardFramebufferEXT: attachments was GL_COLOR_EXT
06-28 13:39:15.480  2493  2547 E chromium: [ERROR:gles2_cmd_decoder.cc(3852)] [.ChromiumCompositor-0xacbb2fc0]GL ERROR :GL_INVALID_ENUM : glDiscardFramebufferEXT: attachments was GL_COLOR_EXT
06-28 13:39:15.497  2493  2547 E chromium: [ERROR:gles2_cmd_decoder.cc(3852)] [.ChromiumCompositor-0xacbb2fc0]GL ERROR :GL_INVALID_ENUM : glDiscardFramebufferEXT: attachments was GL_COLOR_EXT
06-28 13:39:15.509  2493  2547 E chromium: [ERROR:gles2_cmd_decoder.cc(3852)] [.ChromiumCompositor-0xacbb2fc0]GL ERROR :GL_INVALID_ENUM : glDiscardFramebufferEXT: attachments was GL_COLOR_EXT
06-28 13:39:15.529  2493  2547 E chromium: [ERROR:gles2_cmd_decoder.cc(3852)] [.ChromiumCompositor-0xacbb2fc0]GL ERROR :GL_INVALID_ENUM : glDiscardFramebufferEXT: attachments was GL_COLOR_EXT
06-28 13:39:15.545  2493  2547 E chromium: [ERROR:gles2_cmd_decoder.cc(3852)] [.ChromiumCompositor-0xacbb2fc0]GL ERROR :GL_INVALID_ENUM : glDiscardFramebufferEXT: attachments was GL_COLOR_EXT
06-28 13:39:15.564  2493  2547 E chromium: [ERROR:gles2_cmd_decoder.cc(3852)] [.ChromiumCompositor-0xacbb2fc0]GL ERROR :GL_INVALID_ENUM : glDiscardFramebufferEXT: attachments was GL_COLOR_EXT
06-28 13:39:15.578  2493  2547 E chromium: [ERROR:gles2_cmd_decoder.cc(3852)] [.ChromiumCompositor-0xacbb2fc0]GL ERROR :GL_INVALID_ENUM : glDiscardFramebufferEXT: attachments was GL_COLOR_EXT
06-28 13:39:15.622  2493  2547 E chromium: [ERROR:gles2_cmd_decoder.cc(3852)] [.ChromiumCompositor-0xacbb2fc0]GL ERROR :GL_INVALID_ENUM : glDiscardFramebufferEXT: attachments was GL_COLOR_EXT
06-28 13:39:15.635  2493  2547 E chromium: [ERROR:gles2_cmd_decoder.cc(3852)] [.ChromiumCompositor-0xacbb2fc0]GL ERROR :GL_INVALID_ENUM : glDiscardFramebufferEXT: attachments was GL_COLOR_EXT
06-28 13:39:15.648  2493  2547 E chromium: [ERROR:gles2_cmd_decoder.cc(3852)] [.ChromiumCompositor-0xacbb2fc0]GL ERROR :GL_INVALID_ENUM : glDiscardFramebufferEXT: attachments was GL_COLOR_EXT
06-28 13:39:15.663  2493  2547 E chromium: [ERROR:gles2_cmd_decoder.cc(3852)] [.ChromiumCompositor-0xacbb2fc0]GL ERROR :GL_INVALID_ENUM : glDiscardFramebufferEXT: attachments was GL_COLOR_EXT
06-28 13:39:15.681  2493  2547 E chromium: [ERROR:gles2_cmd_decoder.cc(3852)] [.ChromiumCompositor-0xacbb2fc0]GL ERROR :GL_INVALID_ENUM : glDiscardFramebufferEXT: attachments was GL_COLOR_EXT
06-28 13:39:15.698  2493  2547 E chromium: [ERROR:gles2_cmd_decoder.cc(3852)] [.ChromiumCompositor-0xacbb2fc0]GL ERROR :GL_INVALID_ENUM : glDiscardFramebufferEXT: attachments was GL_COLOR_EXT
06-28 13:39:15.720  2493  2547 E chromium: [ERROR:gles2_cmd_decoder.cc(3852)] [.ChromiumCompositor-0xacbb2fc0]GL ERROR :GL_INVALID_ENUM : glDiscardFramebufferEXT: attachments was GL_COLOR_EXT
06-28 13:39:15.728  2493  2547 E chromium: [ERROR:gles2_cmd_decoder.cc(3852)] [.ChromiumCompositor-0xacbb2fc0]GL ERROR :GL_INVALID_ENUM : glDiscardFramebufferEXT: attachments was GL_COLOR_EXT
06-28 13:39:15.747  2493  2547 E chromium: [ERROR:gles2_cmd_decoder.cc(3852)] [.ChromiumCompositor-0xacbb2fc0]GL ERROR :GL_INVALID_ENUM : glDiscardFramebufferEXT: attachments was GL_COLOR_EXT
06-28 13:39:15.764  2493  2547 E chromium: [ERROR:gles2_cmd_decoder.cc(3852)] [.ChromiumCompositor-0xacbb2fc0]GL ERROR :GL_INVALID_ENUM : glDiscardFramebufferEXT: attachments was GL_COLOR_EXT
06-28 13:39:15.781  2493  2547 E chromium: [ERROR:gles2_cmd_decoder.cc(3852)] [.ChromiumCompositor-0xacbb2fc0]GL ERROR :GL_INVALID_ENUM : glDiscardFramebufferEXT: attachments was GL_COLOR_EXT
06-28 13:39:15.799  2493  2547 E chromium: [ERROR:gles2_cmd_decoder.cc(3852)] [.ChromiumCompositor-0xacbb2fc0]GL ERROR :GL_INVALID_ENUM : glDiscardFramebufferEXT: attachments was GL_COLOR_EXT
06-28 13:39:15.817  2493  2547 E chromium: [ERROR:gles2_cmd_decoder.cc(3852)] [.ChromiumCompositor-0xacbb2fc0]GL ERROR :GL_INVALID_ENUM : glDiscardFramebufferEXT: attachments was GL_COLOR_EXT
06-28 13:39:15.830  2493  2547 E chromium: [ERROR:gles2_cmd_decoder.cc(3852)] [.ChromiumCompositor-0xacbb2fc0]GL ERROR :GL_INVALID_ENUM : glDiscardFramebufferEXT: attachments was GL_COLOR_EXT
06-28 13:39:15.845  2493  2547 E chromium: [ERROR:gles2_cmd_decoder.cc(3852)] [.ChromiumCompositor-0xacbb2fc0]GL ERROR :GL_INVALID_ENUM : glDiscardFramebufferEXT: attachments was GL_COLOR_EXT
06-28 13:39:15.862  2570  2583 E WPROF   : {"Javascript": {"url": "https://3p.ampproject.net/1498506512561/f.js", "requestTime": 18232.917744}}
06-28 13:39:15.863  2493  2547 E chromium: [ERROR:gles2_cmd_decoder.cc(3852)] [.ChromiumCompositor-0xacbb2fc0]GL ERROR :GL_INVALID_ENUM : glDiscardFramebufferEXT: attachments was GL_COLOR_EXT
06-28 13:39:15.880  2493  2547 E chromium: [ERROR:gles2_cmd_decoder.cc(3852)] [.ChromiumCompositor-0xacbb2fc0]GL ERROR :GL_INVALID_ENUM : glDiscardFramebufferEXT: attachments was GL_COLOR_EXT
06-28 13:39:15.896  2493  2547 E chromium: [ERROR:gles2_cmd_decoder.cc(3852)] [.ChromiumCompositor-0xacbb2fc0]GL ERROR :GL_INVALID_ENUM : glDiscardFramebufferEXT: attachments was GL_COLOR_EXT
06-28 13:39:15.914  2493  2547 E chromium: [ERROR:gles2_cmd_decoder.cc(3852)] [.ChromiumCompositor-0xacbb2fc0]GL ERROR :GL_INVALID_ENUM : glDiscardFramebufferEXT: attachments was GL_COLOR_EXT
06-28 13:39:15.932  2493  2547 E chromium: [ERROR:gles2_cmd_decoder.cc(3852)] [.ChromiumCompositor-0xacbb2fc0]GL ERROR :GL_INVALID_ENUM : glDiscardFramebufferEXT: attachments was GL_COLOR_EXT
06-28 13:39:15.949  2493  2547 E chromium: [ERROR:gles2_cmd_decoder.cc(3852)] [.ChromiumCompositor-0xacbb2fc0]GL ERROR :GL_INVALID_ENUM : glDiscardFramebufferEXT: attachments was GL_COLOR_EXT
06-28 13:39:15.967  2493  2547 E chromium: [ERROR:gles2_cmd_decoder.cc(3852)] [.ChromiumCompositor-0xacbb2fc0]GL ERROR :GL_INVALID_ENUM : glDiscardFramebufferEXT: attachments was GL_COLOR_EXT
06-28 13:39:15.986  2493  2547 E chromium: [ERROR:gles2_cmd_decoder.cc(3852)] [.ChromiumCompositor-0xacbb2fc0]GL ERROR :GL_INVALID_ENUM : glDiscardFramebufferEXT: attachments was GL_COLOR_EXT
06-28 13:39:16.004  2493  2547 E chromium: [ERROR:gles2_cmd_decoder.cc(3852)] [.ChromiumCompositor-0xacbb2fc0]GL ERROR :GL_INVALID_ENUM : glDiscardFramebufferEXT: attachments was GL_COLOR_EXT
06-28 13:39:16.016  2493  2547 E chromium: [ERROR:gles2_cmd_decoder.cc(3852)] [.ChromiumCompositor-0xacbb2fc0]GL ERROR :GL_INVALID_ENUM : glDiscardFramebufferEXT: attachments was GL_COLOR_EXT
06-28 13:39:16.031  2493  2547 E chromium: [ERROR:gles2_cmd_decoder.cc(3852)] [.ChromiumCompositor-0xacbb2fc0]GL ERROR :GL_INVALID_ENUM : glDiscardFramebufferEXT: attachments was GL_COLOR_EXT
06-28 13:39:16.047  2493  2547 E chromium: [ERROR:gles2_cmd_decoder.cc(3852)] [.ChromiumCompositor-0xacbb2fc0]GL ERROR :GL_INVALID_ENUM : glDiscardFramebufferEXT: attachments was GL_COLOR_EXT
06-28 13:39:16.066  2493  2547 E chromium: [ERROR:gles2_cmd_decoder.cc(3852)] [.ChromiumCompositor-0xacbb2fc0]GL ERROR :GL_INVALID_ENUM : glDiscardFramebufferEXT: attachments was GL_COLOR_EXT
06-28 13:39:16.083  2493  2547 E chromium: [ERROR:gles2_cmd_decoder.cc(3852)] [.ChromiumCompositor-0xacbb2fc0]GL ERROR :GL_INVALID_ENUM : glDiscardFramebufferEXT: attachments was GL_COLOR_EXT
06-28 13:39:16.100  2493  2547 E chromium: [ERROR:gles2_cmd_decoder.cc(3852)] [.ChromiumCompositor-0xacbb2fc0]GL ERROR :GL_INVALID_ENUM : glDiscardFramebufferEXT: attachments was GL_COLOR_EXT
06-28 13:39:16.117  2493  2547 E chromium: [ERROR:gles2_cmd_decoder.cc(3852)] [.ChromiumCompositor-0xacbb2fc0]GL ERROR :GL_INVALID_ENUM : glDiscardFramebufferEXT: attachments was GL_COLOR_EXT
06-28 13:39:16.133  2493  2547 E chromium: [ERROR:gles2_cmd_decoder.cc(3852)] [.ChromiumCompositor-0xacbb2fc0]GL ERROR :GL_INVALID_ENUM : glDiscardFramebufferEXT: attachments was GL_COLOR_EXT
06-28 13:39:16.149  2493  2547 E chromium: [ERROR:gles2_cmd_decoder.cc(3852)] [.ChromiumCompositor-0xacbb2fc0]GL ERROR :GL_INVALID_ENUM : glDiscardFramebufferEXT: attachments was GL_COLOR_EXT
06-28 13:39:16.165  2493  2547 E chromium: [ERROR:gles2_cmd_decoder.cc(3852)] [.ChromiumCompositor-0xacbb2fc0]GL ERROR :GL_INVALID_ENUM : glDiscardFramebufferEXT: attachments was GL_COLOR_EXT
06-28 13:39:16.181  2493  2547 E chromium: [ERROR:gles2_cmd_decoder.cc(3852)] [.ChromiumCompositor-0xacbb2fc0]GL ERROR :GL_INVALID_ENUM : glDiscardFramebufferEXT: attachments was GL_COLOR_EXT
06-28 13:39:16.198  2493  2547 E chromium: [ERROR:gles2_cmd_decoder.cc(3852)] [.ChromiumCompositor-0xacbb2fc0]GL ERROR :GL_INVALID_ENUM : glDiscardFramebufferEXT: attachments was GL_COLOR_EXT
06-28 13:39:16.216  2493  2547 E chromium: [ERROR:gles2_cmd_decoder.cc(3852)] [.ChromiumCompositor-0xacbb2fc0]GL ERROR :GL_INVALID_ENUM : glDiscardFramebufferEXT: attachments was GL_COLOR_EXT
06-28 13:39:16.237  2493  2547 E chromium: [ERROR:gles2_cmd_decoder.cc(3852)] [.ChromiumCompositor-0xacbb2fc0]GL ERROR :GL_INVALID_ENUM : glDiscardFramebufferEXT: attachments was GL_COLOR_EXT
06-28 13:39:16.251  2493  2547 E chromium: [ERROR:gles2_cmd_decoder.cc(3852)] [.ChromiumCompositor-0xacbb2fc0]GL ERROR :GL_INVALID_ENUM : glDiscardFramebufferEXT: attachments was GL_COLOR_EXT
06-28 13:39:16.267  2493  2547 E chromium: [ERROR:gles2_cmd_decoder.cc(3852)] [.ChromiumCompositor-0xacbb2fc0]GL ERROR :GL_INVALID_ENUM : glDiscardFramebufferEXT: attachments was GL_COLOR_EXT
06-28 13:39:16.283  2493  2547 E chromium: [ERROR:gles2_cmd_decoder.cc(3852)] [.ChromiumCompositor-0xacbb2fc0]GL ERROR :GL_INVALID_ENUM : glDiscardFramebufferEXT: attachments was GL_COLOR_EXT
06-28 13:39:16.298  2493  2547 E chromium: [ERROR:gles2_cmd_decoder.cc(3852)] [.ChromiumCompositor-0xacbb2fc0]GL ERROR :GL_INVALID_ENUM : glDiscardFramebufferEXT: attachments was GL_COLOR_EXT
06-28 13:39:16.315  2493  2547 E chromium: [ERROR:gles2_cmd_decoder.cc(3852)] [.ChromiumCompositor-0xacbb2fc0]GL ERROR :GL_INVALID_ENUM : glDiscardFramebufferEXT: attachments was GL_COLOR_EXT
06-28 13:39:16.332  2493  2547 E chromium: [ERROR:gles2_cmd_decoder.cc(3852)] [.ChromiumCompositor-0xacbb2fc0]GL ERROR :GL_INVALID_ENUM : glDiscardFramebufferEXT: attachments was GL_COLOR_EXT
06-28 13:39:16.359  2493  2547 E chromium: [ERROR:gles2_cmd_decoder.cc(3852)] [.ChromiumCompositor-0xacbb2fc0]GL ERROR :GL_INVALID_ENUM : glDiscardFramebufferEXT: attachments was GL_COLOR_EXT
06-28 13:39:16.368  2493  2547 E chromium: [ERROR:gles2_cmd_decoder.cc(3852)] [.ChromiumCompositor-0xacbb2fc0]GL ERROR :GL_INVALID_ENUM : glDiscardFramebufferEXT: attachments was GL_COLOR_EXT
06-28 13:39:16.382  2493  2547 E chromium: [ERROR:gles2_cmd_decoder.cc(3852)] [.ChromiumCompositor-0xacbb2fc0]GL ERROR :GL_INVALID_ENUM : glDiscardFramebufferEXT: attachments was GL_COLOR_EXT
06-28 13:39:16.400  2493  2547 E chromium: [ERROR:gles2_cmd_decoder.cc(3852)] [.ChromiumCompositor-0xacbb2fc0]GL ERROR :GL_INVALID_ENUM : glDiscardFramebufferEXT: attachments was GL_COLOR_EXT
06-28 13:39:16.416  2493  2547 E chromium: [ERROR:gles2_cmd_decoder.cc(3852)] [.ChromiumCompositor-0xacbb2fc0]GL ERROR :GL_INVALID_ENUM : glDiscardFramebufferEXT: attachments was GL_COLOR_EXT
06-28 13:39:16.432  2570  2583 E WPROF   : {"Javascript": {"url": "https://securepubads.g.doubleclick.net/static/glade.js", "requestTime": 18233.487398}}
06-28 13:39:16.435  2493  2547 E chromium: [ERROR:gles2_cmd_decoder.cc(3852)] [.ChromiumCompositor-0xacbb2fc0]GL ERROR :GL_INVALID_ENUM : glDiscardFramebufferEXT: attachments was GL_COLOR_EXT
06-28 13:39:16.451  2493  2547 E chromium: [ERROR:gles2_cmd_decoder.cc(3852)] [.ChromiumCompositor-0xacbb2fc0]GL ERROR :GL_INVALID_ENUM : glDiscardFramebufferEXT: attachments was GL_COLOR_EXT
06-28 13:39:16.482  2493  2547 E chromium: [ERROR:gles2_cmd_decoder.cc(3852)] [.ChromiumCompositor-0xacbb2fc0]GL ERROR :GL_INVALID_ENUM : glDiscardFramebufferEXT: attachments was GL_COLOR_EXT
06-28 13:39:16.485  2493  2547 E chromium: [ERROR:gles2_cmd_decoder.cc(3852)] [.ChromiumCompositor-0xacbb2fc0]GL ERROR :GL_INVALID_ENUM : glDiscardFramebufferEXT: attachments was GL_COLOR_EXT
06-28 13:39:16.500  2493  2547 E chromium: [ERROR:gles2_cmd_decoder.cc(3852)] [.ChromiumCompositor-0xacbb2fc0]GL ERROR :GL_INVALID_ENUM : glDiscardFramebufferEXT: attachments was GL_COLOR_EXT
06-28 13:39:16.516  2493  2547 E chromium: [ERROR:gles2_cmd_decoder.cc(3852)] [.ChromiumCompositor-0xacbb2fc0]GL ERROR :GL_INVALID_ENUM : glDiscardFramebufferEXT: attachments was GL_COLOR_EXT
06-28 13:39:16.533  2493  2547 E chromium: [ERROR:gles2_cmd_decoder.cc(3852)] [.ChromiumCompositor-0xacbb2fc0]GL ERROR :GL_INVALID_ENUM : glDiscardFramebufferEXT: attachments was GL_COLOR_EXT
06-28 13:39:16.556  2493  2547 E chromium: [ERROR:gles2_cmd_decoder.cc(3852)] [.ChromiumCompositor-0xacbb2fc0]GL ERROR :GL_INVALID_ENUM : glDiscardFramebufferEXT: attachments was GL_COLOR_EXT
06-28 13:39:16.567  2493  2547 E chromium: [ERROR:gles2_cmd_decoder.cc(3852)] [.ChromiumCompositor-0xacbb2fc0]GL ERROR :GL_INVALID_ENUM : glDiscardFramebufferEXT: attachments was GL_COLOR_EXT
06-28 13:39:16.596  2493  2547 E chromium: [ERROR:gles2_cmd_decoder.cc(3852)] [.ChromiumCompositor-0xacbb2fc0]GL ERROR :GL_INVALID_ENUM : glDiscardFramebufferEXT: attachments was GL_COLOR_EXT
06-28 13:39:16.603  2493  2547 E chromium: [ERROR:gles2_cmd_decoder.cc(3852)] [.ChromiumCompositor-0xacbb2fc0]GL ERROR :GL_INVALID_ENUM : glDiscardFramebufferEXT: attachments was GL_COLOR_EXT
06-28 13:39:16.619  2493  2547 E chromium: [ERROR:gles2_cmd_decoder.cc(3852)] [.ChromiumCompositor-0xacbb2fc0]GL ERROR :GL_INVALID_ENUM : glDiscardFramebufferEXT: attachments was GL_COLOR_EXT
06-28 13:39:16.637  2493  2547 E chromium: [ERROR:gles2_cmd_decoder.cc(3852)] [.ChromiumCompositor-0xacbb2fc0]GL ERROR :GL_INVALID_ENUM : glDiscardFramebufferEXT: attachments was GL_COLOR_EXT
06-28 13:39:16.653  2493  2547 E chromium: [ERROR:gles2_cmd_decoder.cc(3852)] [.ChromiumCompositor-0xacbb2fc0]GL ERROR :GL_INVALID_ENUM : glDiscardFramebufferEXT: attachments was GL_COLOR_EXT
06-28 13:39:16.670  2493  2547 E chromium: [ERROR:gles2_cmd_decoder.cc(3852)] [.ChromiumCompositor-0xacbb2fc0]GL ERROR :GL_INVALID_ENUM : glDiscardFramebufferEXT: attachments was GL_COLOR_EXT
06-28 13:39:16.687  2493  2547 E chromium: [ERROR:gles2_cmd_decoder.cc(3852)] [.ChromiumCompositor-0xacbb2fc0]GL ERROR :GL_INVALID_ENUM : glDiscardFramebufferEXT: attachments was GL_COLOR_EXT
06-28 13:39:16.703  2493  2547 E chromium: [ERROR:gles2_cmd_decoder.cc(3852)] [.ChromiumCompositor-0xacbb2fc0]GL ERROR :GL_INVALID_ENUM : glDiscardFramebufferEXT: attachments was GL_COLOR_EXT
06-28 13:39:16.719  2493  2547 E chromium: [ERROR:gles2_cmd_decoder.cc(3852)] [.ChromiumCompositor-0xacbb2fc0]GL ERROR :GL_INVALID_ENUM : glDiscardFramebufferEXT: attachments was GL_COLOR_EXT
06-28 13:39:16.738  2493  2547 E chromium: [ERROR:gles2_cmd_decoder.cc(3852)] [.ChromiumCompositor-0xacbb2fc0]GL ERROR :GL_INVALID_ENUM : glDiscardFramebufferEXT: attachments was GL_COLOR_EXT
06-28 13:39:16.752  2493  2547 E chromium: [ERROR:gles2_cmd_decoder.cc(3852)] [.ChromiumCompositor-0xacbb2fc0]GL ERROR :GL_INVALID_ENUM : glDiscardFramebufferEXT: attachments was GL_COLOR_EXT
06-28 13:39:16.769  2493  2547 E chromium: [ERROR:gles2_cmd_decoder.cc(3852)] [.ChromiumCompositor-0xacbb2fc0]GL ERROR :GL_INVALID_ENUM : glDiscardFramebufferEXT: attachments was GL_COLOR_EXT
06-28 13:39:16.788  2493  2547 E chromium: [ERROR:gles2_cmd_decoder.cc(3852)] [.ChromiumCompositor-0xacbb2fc0]GL ERROR :GL_INVALID_ENUM : glDiscardFramebufferEXT: attachments was GL_COLOR_EXT
06-28 13:39:16.813  2493  2547 E chromium: [ERROR:gles2_cmd_decoder.cc(3852)] [.ChromiumCompositor-0xacbb2fc0]GL ERROR :GL_INVALID_ENUM : glDiscardFramebufferEXT: attachments was GL_COLOR_EXT
06-28 13:39:16.822  2493  2547 E chromium: [ERROR:gles2_cmd_decoder.cc(3852)] [.ChromiumCompositor-0xacbb2fc0]GL ERROR :GL_INVALID_ENUM : glDiscardFramebufferEXT: attachments was GL_COLOR_EXT
06-28 13:39:16.837  2493  2547 E chromium: [ERROR:gles2_cmd_decoder.cc(3852)] [.ChromiumCompositor-0xacbb2fc0]GL ERROR :GL_INVALID_ENUM : glDiscardFramebufferEXT: attachments was GL_COLOR_EXT
06-28 13:39:16.853  2493  2547 E chromium: [ERROR:gles2_cmd_decoder.cc(3852)] [.ChromiumCompositor-0xacbb2fc0]GL ERROR :GL_INVALID_ENUM : glDiscardFramebufferEXT: attachments was GL_COLOR_EXT
06-28 13:39:16.878  2493  2547 E chromium: [ERROR:gles2_cmd_decoder.cc(3852)] [.ChromiumCompositor-0xacbb2fc0]GL ERROR :GL_INVALID_ENUM : glDiscardFramebufferEXT: attachments was GL_COLOR_EXT
06-28 13:39:16.886  2570  2583 E WPROF   : {"Javascript": {"url": "https://securepubads.g.doubleclick.net/static/glade/extra_25.js", "requestTime": 18233.941924}}
06-28 13:39:16.913  2493  2547 E chromium: [ERROR:gles2_cmd_decoder.cc(3852)] [.ChromiumCompositor-0xacbb2fc0]GL ERROR :GL_INVALID_ENUM : glDiscardFramebufferEXT: attachments was GL_COLOR_EXT
06-28 13:39:16.917  2493  2547 E chromium: [ERROR:gles2_cmd_decoder.cc(3852)] [.ChromiumCompositor-0xacbb2fc0]GL ERROR :GL_INVALID_ENUM : glDiscardFramebufferEXT: attachments was GL_COLOR_EXT
06-28 13:39:16.923  2493  2547 E chromium: [ERROR:gles2_cmd_decoder.cc(3852)] [.ChromiumCompositor-0xacbb2fc0]GL ERROR :GL_INVALID_ENUM : glDiscardFramebufferEXT: attachments was GL_COLOR_EXT
06-28 13:39:16.939  2493  2547 E chromium: [ERROR:gles2_cmd_decoder.cc(3852)] [.ChromiumCompositor-0xacbb2fc0]GL ERROR :GL_INVALID_ENUM : glDiscardFramebufferEXT: attachments was GL_COLOR_EXT
06-28 13:39:16.953  2493  2547 E chromium: [ERROR:gles2_cmd_decoder.cc(3852)] [.ChromiumCompositor-0xacbb2fc0]GL ERROR :GL_INVALID_ENUM : glDiscardFramebufferEXT: attachments was GL_COLOR_EXT
06-28 13:39:16.970  2493  2547 E chromium: [ERROR:gles2_cmd_decoder.cc(3852)] [.ChromiumCompositor-0xacbb2fc0]GL ERROR :GL_INVALID_ENUM : glDiscardFramebufferEXT: attachments was GL_COLOR_EXT
06-28 13:39:16.987  2493  2547 E chromium: [ERROR:gles2_cmd_decoder.cc(3852)] [.ChromiumCompositor-0xacbb2fc0]GL ERROR :GL_INVALID_ENUM : glDiscardFramebufferEXT: attachments was GL_COLOR_EXT
06-28 13:39:17.007  2493  2547 E chromium: [ERROR:gles2_cmd_decoder.cc(3852)] [.ChromiumCompositor-0xacbb2fc0]GL ERROR :GL_INVALID_ENUM : glDiscardFramebufferEXT: attachments was GL_COLOR_EXT
06-28 13:39:17.027  2493  2547 E chromium: [ERROR:gles2_cmd_decoder.cc(3852)] [.ChromiumCompositor-0xacbb2fc0]GL ERROR :GL_INVALID_ENUM : glDiscardFramebufferEXT: attachments was GL_COLOR_EXT
06-28 13:39:17.039  2493  2547 E chromium: [ERROR:gles2_cmd_decoder.cc(3852)] [.ChromiumCompositor-0xacbb2fc0]GL ERROR :GL_INVALID_ENUM : glDiscardFramebufferEXT: attachments was GL_COLOR_EXT
06-28 13:39:17.057  2493  2547 E chromium: [ERROR:gles2_cmd_decoder.cc(3852)] [.ChromiumCompositor-0xacbb2fc0]GL ERROR :GL_INVALID_ENUM : glDiscardFramebufferEXT: attachments was GL_COLOR_EXT
06-28 13:39:17.089  2493  2547 E chromium: [ERROR:gles2_cmd_decoder.cc(3852)] [.ChromiumCompositor-0xacbb2fc0]GL ERROR :GL_INVALID_ENUM : glDiscardFramebufferEXT: attachments was GL_COLOR_EXT
06-28 13:39:17.093  2493  2547 E chromium: [ERROR:gles2_cmd_decoder.cc(3852)] [.ChromiumCompositor-0xacbb2fc0]GL ERROR :GL_INVALID_ENUM : glDiscardFramebufferEXT: attachments was GL_COLOR_EXT
06-28 13:39:17.105  2570  2583 E WPROF   : {"Javascript": {"url": "https://tpc.googlesyndication.com/pagead/js/r20170619/r20110914/client/ext/m_window_focus_non_hydra.js", "requestTime": 18234.161197}}
06-28 13:39:17.106  2493  2547 E chromium: [ERROR:gles2_cmd_decoder.cc(3852)] [.ChromiumCompositor-0xacbb2fc0]GL ERROR :GL_INVALID_ENUM : glDiscardFramebufferEXT: attachments was GL_COLOR_EXT
06-28 13:39:17.108  2570  2583 E WPROF   : {"Javascript": {"url": "https://tpc.googlesyndication.com/pagead/js/r20170619/r20110914/activeview/osd_listener.js", "requestTime": 18234.163244}}
06-28 13:39:17.120  2493  2547 E chromium: [ERROR:gles2_cmd_decoder.cc(3852)] [.ChromiumCompositor-0xacbb2fc0]GL ERROR :GL_INVALID_ENUM : glDiscardFramebufferEXT: attachments was GL_COLOR_EXT
06-28 13:39:17.129  2570  2583 E WPROF   : {"Javascript": {"url": "https://pagead2.googlesyndication.com/pagead/osd.js", "requestTime": 18234.184817}}
06-28 13:39:17.146  2493  2547 E chromium: [ERROR:gles2_cmd_decoder.cc(3852)] [.ChromiumCompositor-0xacbb2fc0]GL ERROR :GL_INVALID_ENUM : glDiscardFramebufferEXT: attachments was GL_COLOR_EXT
06-28 13:39:17.154  2493  2547 E chromium: [ERROR:gles2_cmd_decoder.cc(3852)] [.ChromiumCompositor-0xacbb2fc0]GL ERROR :GL_INVALID_ENUM : glDiscardFramebufferEXT: attachments was GL_COLOR_EXT
06-28 13:39:17.171  2493  2547 E chromium: [ERROR:gles2_cmd_decoder.cc(3852)] [.ChromiumCompositor-0xacbb2fc0]GL ERROR :GL_INVALID_ENUM : glDiscardFramebufferEXT: attachments was GL_COLOR_EXT
06-28 13:39:17.187  2493  2547 E chromium: [ERROR:gles2_cmd_decoder.cc(3852)] [.ChromiumCompositor-0xacbb2fc0]GL ERROR :GL_INVALID_ENUM : glDiscardFramebufferEXT: attachments was GL_COLOR_EXT
06-28 13:39:17.205  2493  2547 E chromium: [ERROR:gles2_cmd_decoder.cc(3852)] [.ChromiumCompositor-0xacbb2fc0]GL ERROR :GL_INVALID_ENUM : glDiscardFramebufferEXT: attachments was GL_COLOR_EXT
06-28 13:39:17.223  2493  2547 E chromium: [ERROR:gles2_cmd_decoder.cc(3852)] [.ChromiumCompositor-0xacbb2fc0]GL ERROR :GL_INVALID_ENUM : glDiscardFramebufferEXT: attachments was GL_COLOR_EXT
06-28 13:39:17.241  2493  2547 E chromium: [ERROR:gles2_cmd_decoder.cc(3852)] [.ChromiumCompositor-0xacbb2fc0]GL ERROR :GL_INVALID_ENUM : glDiscardFramebufferEXT: attachments was GL_COLOR_EXT
06-28 13:39:17.267  2493  2547 E chromium: [ERROR:gles2_cmd_decoder.cc(3852)] [.ChromiumCompositor-0xacbb2fc0]GL ERROR :GL_INVALID_ENUM : glDiscardFramebufferEXT: attachments was GL_COLOR_EXT
06-28 13:39:17.300  2493  2547 E chromium: [ERROR:gles2_cmd_decoder.cc(3852)] [.ChromiumCompositor-0xacbb2fc0]GL ERROR :GL_INVALID_ENUM : glDiscardFramebufferEXT: attachments was GL_COLOR_EXT
06-28 13:39:17.319  2493  2547 E chromium: [ERROR:gles2_cmd_decoder.cc(3852)] [.ChromiumCompositor-0xacbb2fc0]GL ERROR :GL_INVALID_ENUM : glDiscardFramebufferEXT: attachments was GL_COLOR_EXT
06-28 13:39:17.330  2493  2547 E chromium: [ERROR:gles2_cmd_decoder.cc(3852)] [.ChromiumCompositor-0xacbb2fc0]GL ERROR :GL_INVALID_ENUM : glDiscardFramebufferEXT: attachments was GL_COLOR_EXT
06-28 13:39:17.341  2493  2547 E chromium: [ERROR:gles2_cmd_decoder.cc(3852)] [.ChromiumCompositor-0xacbb2fc0]GL ERROR :GL_INVALID_ENUM : glDiscardFramebufferEXT: attachments was GL_COLOR_EXT
06-28 13:39:17.358  2493  2547 E chromium: [ERROR:logger.cc(46)] Too many GL errors, not reporting any more for this context. use --disable-gl-error-limit to see all errors.
06-28 13:39:17.778  2570  2583 E WProf.db: {"page": "d-2381146103068421495.ampproject.net_1498506512561_frame.html"}
06-28 13:39:17.778  2570  2583 E WProf.db: {"DOMLoad": 18234.833508}
06-28 13:39:17.778  2570  2583 E WProf.db: {"Resource": {"id": 32, "url": "https://d-2381146103068421495.ampproject.net/1498506512561/frame.html", "sentTime": -1.000000, "len": 375, "from": "0x0", "mimeType": "text/html", "contentLength": -1, "httpStatus": 200, "connId": 339, "connReused": 0, "cached": 0,"requestTime": 18232.482821, "proxyStart": -1, "proxyEnd": -1, "dnsStart": 0, "dnsEnd": 0, "connectStart": 0, "connectEnd": 277, "sendStart": 277, "sendEnd": 278, "receiveHeadersEnd": 382, "sslStart": 61, "sslEnd": 276}}
06-28 13:39:17.778  2570  2583 E WProf.db: {"ReceivedChunk": {"receivedTime": 18232.870838, "len": 375}}
06-28 13:39:17.778  2570  2583 E WProf.db: {"WprofHTMLTag": {"code": "0x9e959030", "doc": "https://d-2381146103068421495.ampproject.net/1498506512561/frame.html", "row": 1, "column": 6, "tagName": "head", "time": 18232.916612, "url": "", "pos": 1, "chunkLen": 1, "isStartTag": 1}}
06-28 13:39:17.778  2570  2583 E WProf.db: {"WprofHTMLTag": {"code": "0x9eaf7340", "doc": "https://d-2381146103068421495.ampproject.net/1498506512561/frame.html", "row": 2, "column": 22, "tagName": "meta", "time": 18232.916761, "url": "", "pos": 1, "chunkLen": 1, "isStartTag": 1}}
06-28 13:39:17.778  2570  2583 E WProf.db: {"WprofHTMLTag": {"code": "0x9e9597b0", "doc": "https://d-2381146103068421495.ampproject.net/1498506512561/frame.html", "row": 3, "column": 38, "tagName": "meta", "time": 18232.916953, "url": "", "pos": 1, "chunkLen": 1, "isStartTag": 1}}
06-28 13:39:17.778  2570  2583 E WProf.db: {"WprofHTMLTag": {"code": "0x9eaf7280", "doc": "https://d-2381146103068421495.ampproject.net/1498506512561/frame.html", "row": 4, "column": 59, "tagName": "script", "time": 18232.917148, "url": "https://3p.ampproject.net/1498506512561/f.js", "pos": 1, "chunkLen": 1, "isStartTag": 1}}
06-28 13:39:17.778  2570  2583 E WProf.db: {"WprofHTMLTag": {"code": "0x9eaf7190", "doc": "https://d-2381146103068421495.ampproject.net/1498506512561/frame.html", "row": 4, "column": 68, "tagName": "script", "time": 18232.917450, "url": "", "pos": 1, "chunkLen": 1, "isStartTag": 0}}
06-28 13:39:17.778  2570  2583 E WProf.db: {"WprofHTMLTag": {"code": "0x9e959960", "doc": "https://d-2381146103068421495.ampproject.net/1498506512561/frame.html", "row": 5, "column": 7, "tagName": "head", "time": 18233.466096, "url": "", "pos": 1, "chunkLen": 1, "isStartTag": 0}}
06-28 13:39:17.779  2570  2583 E WProf.db: {"WprofHTMLTag": {"code": "0x9e959930", "doc": "https://d-2381146103068421495.ampproject.net/1498506512561/frame.html", "row": 6, "column": 23, "tagName": "body", "time": 18233.466135, "url": "", "pos": 1, "chunkLen": 1, "isStartTag": 1}}
06-28 13:39:17.779  2570  2583 E WProf.db: {"WprofHTMLTag": {"code": "0x9e959420", "doc": "https://d-2381146103068421495.ampproject.net/1498506512561/frame.html", "row": 7, "column": 69, "tagName": "div", "time": 18233.466413, "url": "", "pos": 1, "chunkLen": 1, "isStartTag": 1}}
06-28 13:39:17.779  2570  2583 E WProf.db: {"WprofHTMLTag": {"code": "0x9e9598d0", "doc": "https://d-2381146103068421495.ampproject.net/1498506512561/frame.html", "row": 8, "column": 10, "tagName": "script", "time": 18233.466878, "url": "", "pos": 1, "chunkLen": 1, "isStartTag": 1}}
06-28 13:39:17.779  2570  2583 E WProf.db: {"WprofHTMLTag": {"code": "0x9e959840", "doc": "https://d-2381146103068421495.ampproject.net/1498506512561/frame.html", "row": 8, "column": 27, "tagName": "script", "time": 18233.467127, "url": "https://securepubads.g.doubleclick.net/static/glade.js", "pos": 1, "chunkLen": 1, "isStartTag": 0}}
06-28 13:39:17.779  2570  2583 E WProf.db: {"WprofHTMLTag": {"code": "0x9e959810", "doc": "https://d-2381146103068421495.ampproject.net/1498506512561/frame.html", "row": 9, "column": 6, "tagName": "div", "time": 18233.490320, "url": "", "pos": 1, "chunkLen": 1, "isStartTag": 0}}
06-28 13:39:17.779  2570  2583 E WProf.db: {"WprofHTMLTag": {"code": "0xaec468f0", "doc": "https://d-2381146103068421495.ampproject.net/1498506512561/frame.html", "row": 10, "column": 8, "tagName": "script", "time": 18233.490355, "url": "", "pos": 1, "chunkLen": 1, "isStartTag": 1}}
06-28 13:39:17.779  2570  2583 E WProf.db: {"WprofHTMLTag": {"code": "0x9e959870", "doc": "https://d-2381146103068421495.ampproject.net/1498506512561/frame.html", "row": 10, "column": 67, "tagName": "script", "time": 18233.490634, "url": "", "pos": 1, "chunkLen": 1, "isStartTag": 0}}
06-28 13:39:17.779  2570  2583 E WProf.db: {"WprofHTMLTag": {"code": "0xaec47670", "doc": "https://d-2381146103068421495.ampproject.net/1498506512561/frame.html", "row": 11, "column": 7, "tagName": "body", "time": 18233.492379, "url": "", "pos": 1, "chunkLen": 1, "isStartTag": 0}}
06-28 13:39:17.779  2570  2583 E WProf.db: {"WprofHTMLTag": {"code": "0xaec47730", "doc": "https://d-2381146103068421495.ampproject.net/1498506512561/frame.html", "row": 12, "column": 7, "tagName": "html", "time": 18233.492401, "url": "https://securepubads.g.doubleclick.net/static/glade/extra_25.js", "pos": 1, "chunkLen": 1, "isStartTag": 0}}
06-28 13:39:17.779  2570  2583 E WProf.db: {"Resource": {"id": 33, "url": "https://3p.ampproject.net/1498506512561/f.js", "sentTime": -1.000000, "len": 91779, "from": "0x9eaf7280", "mimeType": "text/javascript", "contentLength": -1, "httpStatus": 200, "connId": 390, "connReused": 0, "cached": 0,"requestTime": 18232.918416, "proxyStart": -1, "proxyEnd": -1, "dnsStart": 13, "dnsEnd": 13, "connectStart": 0, "connectEnd": 287, "sendStart": 287, "sendEnd": 288, "receiveHeadersEnd": 352, "sslStart": 74, "sslEnd": 285}}
06-28 13:39:17.780  2570  2583 E WProf.db: {"ReceivedChunk": {"receivedTime": 18233.275067, "len": 5555}}
06-28 13:39:17.780  2570  2583 E WProf.db: {"ReceivedChunk": {"receivedTime": 18233.277203, "len": 6838}}
06-28 13:39:17.780  2570  2583 E WProf.db: {"ReceivedChunk": {"receivedTime": 18233.284414, "len": 29886}}
06-28 13:39:17.780  2570  2583 E WProf.db: {"ReceivedChunk": {"receivedTime": 18233.291654, "len": 9239}}
06-28 13:39:17.780  2570  2583 E WProf.db: {"ReceivedChunk": {"receivedTime": 18233.293461, "len": 9188}}
06-28 13:39:17.780  2570  2583 E WProf.db: {"ReceivedChunk": {"receivedTime": 18233.294735, "len": 4122}}
06-28 13:39:17.780  2570  2583 E WProf.db: {"ReceivedChunk": {"receivedTime": 18233.326926, "len": 8648}}
06-28 13:39:17.780  2570  2583 E WProf.db: {"ReceivedChunk": {"receivedTime": 18233.330672, "len": 9064}}
06-28 13:39:17.780  2570  2583 E WProf.db: {"ReceivedChunk": {"receivedTime": 18233.333434, "len": 8496}}
06-28 13:39:17.780  2570  2583 E WProf.db: {"ReceivedChunk": {"receivedTime": 18233.335804, "len": 743}}
06-28 13:39:17.780  2570  2583 E WProf.db: {"Resource": {"id": 34, "url": "https://securepubads.g.doubleclick.net/static/glade.js", "sentTime": -1.000000, "len": 19455, "from": "0x9e959840", "mimeType": "text/javascript", "contentLength": -1, "httpStatus": 200, "connId": 404, "connReused": 0, "cached": 0,"requestTime": 18233.488372, "proxyStart": -1, "proxyEnd": -1, "dnsStart": 9, "dnsEnd": 9, "connectStart": 0, "connectEnd": 243, "sendStart": 243, "sendEnd": 243, "receiveHeadersEnd": 341, "sslStart": 70, "sslEnd": 242}}
06-28 13:39:17.781  2570  2583 E WProf.db: {"ReceivedChunk": {"receivedTime": 18233.833875, "len": 5763}}
06-28 13:39:17.781  2570  2583 E WProf.db: {"ReceivedChunk": {"receivedTime": 18233.834408, "len": 7382}}
06-28 13:39:17.781  2570  2583 E WProf.db: {"ReceivedChunk": {"receivedTime": 18233.834738, "len": 6310}}
06-28 13:39:17.781  2570  2583 E WProf.db: {"Resource": {"id": 35, "url": "https://securepubads.g.doubleclick.net/gampad/ads?gdfp_req=1&glade_req=1&glv=25&output=html&iu=%2F1038259%2FSEL-amp-cube&sz=300x250&sfv=1-0-8&correlator=1928541767729152&eid=108809080&adk=2352184609&biw=412&bih=620&adx=56&ady=294&oid=3&u_sd=3.5&ifi=1&is_amp=1&amp_v=1498506512561&nhd=1&url=http%3A%2F", "sentTime": -1.000000, "len": 20205, "from": "0xaec47730", "mimeType": "text/html", "contentLength": -1, "httpStatus": 200, "connId": 404, "connReused": 1, "cached": 0,"requestTime": 18233.929158, "proxyStart": -1, "proxyEnd": -1, "dnsStart": -1, "dnsEnd": -1, "connectStart": 0, "connectEnd": 18, "sendStart": 18, "sendEnd": 18, "receiveHeadersEnd": 133, "sslStart": -1, "sslEnd": -1}}
06-28 13:39:17.781  2570  2583 E WProf.db: {"ReceivedChunk": {"receivedTime": 18234.068813, "len": 3821}}
06-28 13:39:17.781  2570  2583 E WProf.db: {"ReceivedChunk": {"receivedTime": 18234.099683, "len": 11287}}
06-28 13:39:17.781  2570  2583 E WProf.db: {"ReceivedChunk": {"receivedTime": 18234.099908, "len": 5097}}
06-28 13:39:17.781  2570  2583 E WProf.db: {"WprofHTMLTag": {"code": "0x9e959c00", "doc": "https://securepubads.g.doubleclick.net/gampad/ads?gdfp_req=1&glade_req=1&glv=25&output=html&iu=%2F1038259%2FSEL-amp-cube&sz=300x250&sfv=1-0-8&correlator=1928541767729152&eid=108809080&adk=2352184609&biw=412&bih=620&adx=56&ady=294&oid=3&u_sd=3.5&ifi=1&is_amp=1&amp_v=1498506512561&nhd=1&url=http%3A%2F", "row": 0, "column": 21, "tagName": "html", "time": 18234.108364, "url": "", "pos": 1, "chunkLen": 1, "isStartTag": 1}}
06-28 13:39:17.781  2570  2583 E WProf.db: {"WprofHTMLTag": {"code": "0x9e959c60", "doc": "https://securepubads.g.doubleclick.net/gampad/ads?gdfp_req=1&glade_req=1&glv=25&output=html&iu=%2F1038259%2FSEL-amp-cube&sz=300x250&sfv=1-0-8&correlator=1928541767729152&eid=108809080&adk=2352184609&biw=412&bih=620&adx=56&ady=294&oid=3&u_sd=3.5&ifi=1&is_amp=1&amp_v=1498506512561&nhd=1&url=http%3A%2F", "row": 0, "column": 27, "tagName": "head", "time": 18234.108732, "url": "", "pos": 1, "chunkLen": 1, "isStartTag": 1}}
06-28 13:39:17.781  2570  2583 E WProf.db: {"WprofHTMLTag": {"code": "0x9e959990", "doc": "https://securepubads.g.doubleclick.net/gampad/ads?gdfp_req=1&glade_req=1&glv=25&output=html&iu=%2F1038259%2FSEL-amp-cube&sz=300x250&sfv=1-0-8&correlator=1928541767729152&eid=108809080&adk=2352184609&biw=412&bih=620&adx=56&ady=294&oid=3&u_sd=3.5&ifi=1&is_amp=1&amp_v=1498506512561&nhd=1&url=http%3A%2F", "row": 0, "column": 144, "tagName": "meta", "time": 18234.108822, "url": "", "pos": 1, "chunkLen": 1, "isStartTag": 1}}
06-28 13:39:17.781  2570  2583 E WProf.db: {"WprofHTMLTag": {"code": "0xaec47760", "doc": "https://securepubads.g.doubleclick.net/gampad/ads?gdfp_req=1&glade_req=1&glv=25&output=html&iu=%2F1038259%2FSEL-amp-cube&sz=300x250&sfv=1-0-8&correlator=1928541767729152&eid=108809080&adk=2352184609&biw=412&bih=620&adx=56&ady=294&oid=3&u_sd=3.5&ifi=1&is_amp=1&amp_v=1498506512561&nhd=1&url=http%3A%2F", "row": 0, "column": 152, "tagName": "script", "time": 18234.110757, "url": "", "pos": 1, "chunkLen": 1, "isStartTag": 1}}
06-28 13:39:17.781  2570  2583 E WProf.db: {"WprofHTMLTag": {"code": "0x9e9598a0", "doc": "https://securepubads.g.doubleclick.net/gampad/ads?gdfp_req=1&glade_req=1&glv=25&output=html&iu=%2F1038259%2FSEL-amp-cube&sz=300x250&sfv=1-0-8&correlator=1928541767729152&eid=108809080&adk=2352184609&biw=412&bih=620&adx=56&ady=294&oid=3&u_sd=3.5&ifi=1&is_amp=1&amp_v=1498506512561&nhd=1&url=http%3A%2F", "row": 0, "column": 195, "tagName": "script", "time": 18234.111297, "url": "", "pos": 1, "chunkLen": 1, "isStartTag": 0}}
06-28 13:39:17.782  2570  2583 E WProf.db: {"WprofHTMLTag": {"code": "0x9e959300", "doc": "https://securepubads.g.doubleclick.net/gampad/ads?gdfp_req=1&glade_req=1&glv=25&output=html&iu=%2F1038259%2FSEL-amp-cube&sz=300x250&sfv=1-0-8&correlator=1928541767729152&eid=108809080&adk=2352184609&biw=412&bih=620&adx=56&ady=294&oid=3&u_sd=3.5&ifi=1&is_amp=1&amp_v=1498506512561&nhd=1&url=http%3A%2F", "row": 0, "column": 202, "tagName": "style", "time": 18234.114734, "url": "", "pos": 1, "chunkLen": 1, "isStartTag": 1}}
06-28 13:39:17.782  2570  2583 E WProf.db: {"WprofHTMLTag": {"code": "0xaec47a30", "doc": "https://securepubads.g.doubleclick.net/gampad/ads?gdfp_req=1&glade_req=1&glv=25&output=html&iu=%2F1038259%2FSEL-amp-cube&sz=300x250&sfv=1-0-8&correlator=1928541767729152&eid=108809080&adk=2352184609&biw=412&bih=620&adx=56&ady=294&oid=3&u_sd=3.5&ifi=1&is_amp=1&amp_v=1498506512561&nhd=1&url=http%3A%2F", "row": 0, "column": 230, "tagName": "style", "time": 18234.115628, "url": "", "pos": 1, "chunkLen": 1, "isStartTag": 0}}
06-28 13:39:17.782  2570  2583 E WProf.db: {"WprofHTMLTag": {"code": "0xaec47c10", "doc": "https://securepubads.g.doubleclick.net/gampad/ads?gdfp_req=1&glade_req=1&glv=25&output=html&iu=%2F1038259%2FSEL-amp-cube&sz=300x250&sfv=1-0-8&correlator=1928541767729152&eid=108809080&adk=2352184609&biw=412&bih=620&adx=56&ady=294&oid=3&u_sd=3.5&ifi=1&is_amp=1&amp_v=1498506512561&nhd=1&url=http%3A%2F", "row": 0, "column": 238, "tagName": "script", "time": 18234.116789, "url": "", "pos": 1, "chunkLen": 1, "isStartTag": 1}}
06-28 13:39:17.782  2570  2583 E WProf.db: {"WprofHTMLTag": {"code": "0xaec47c70", "doc": "https://securepubads.g.doubleclick.net/gampad/ads?gdfp_req=1&glade_req=1&glv=25&output=html&iu=%2F1038259%2FSEL-amp-cube&sz=300x250&sfv=1-0-8&correlator=1928541767729152&eid=108809080&adk=2352184609&biw=412&bih=620&adx=56&ady=294&oid=3&u_sd=3.5&ifi=1&is_amp=1&amp_v=1498506512561&nhd=1&url=http%3A%2F", "row": 0, "column": 8856, "tagName": "script", "time": 18234.118001, "url": "", "pos": 1, "chunkLen": 1, "isStartTag": 0}}
06-28 13:39:17.782  2570  2583 E WProf.db: {"WprofHTMLTag": {"code": "0xaec47cd0", "doc": "https://securepubads.g.doubleclick.net/gampad/ads?gdfp_req=1&glade_req=1&glv=25&output=html&iu=%2F1038259%2FSEL-amp-cube&sz=300x250&sfv=1-0-8&correlator=1928541767729152&eid=108809080&adk=2352184609&biw=412&bih=620&adx=56&ady=294&oid=3&u_sd=3.5&ifi=1&is_amp=1&amp_v=1498506512561&nhd=1&url=http%3A%2F", "row": 0, "column": 8863, "tagName": "head", "time": 18234.135998, "url": "", "pos": 1, "chunkLen": 1, "isStartTag": 0}}
06-28 13:39:17.782  2570  2583 E WProf.db: {"WprofHTMLTag": {"code": "0xaec47d00", "doc": "https://securepubads.g.doubleclick.net/gampad/ads?gdfp_req=1&glade_req=1&glv=25&output=html&iu=%2F1038259%2FSEL-amp-cube&sz=300x250&sfv=1-0-8&correlator=1928541767729152&eid=108809080&adk=2352184609&biw=412&bih=620&adx=56&ady=294&oid=3&u_sd=3.5&ifi=1&is_amp=1&amp_v=1498506512561&nhd=1&url=http%3A%2F", "row": 0, "column": 8977, "tagName": "body", "time": 18234.136035, "url": "", "pos": 1, "chunkLen": 1, "isStartTag": 1}}
06-28 13:39:17.782  2570  2583 E WProf.db: {"WprofHTMLTag": {"code": "0xaec47d30", "doc": "https://securepubads.g.doubleclick.net/gampad/ads?gdfp_req=1&glade_req=1&glv=25&output=html&iu=%2F1038259%2FSEL-amp-cube&sz=300x250&sfv=1-0-8&correlator=1928541767729152&eid=108809080&adk=2352184609&biw=412&bih=620&adx=56&ady=294&oid=3&u_sd=3.5&ifi=1&is_amp=1&amp_v=1498506512561&nhd=1&url=http%3A%2F", "row": 0, "column": 9047, "tagName": "div", "time": 18234.138083, "url": "", "pos": 1, "chunkLen": 1, "isStartTag": 1}}
06-28 13:39:17.782  2570  2583 E WProf.db: {"WprofHTMLTag": {"code": "0xaec47ca0", "doc": "https://securepubads.g.doubleclick.net/gampad/ads?gdfp_req=1&glade_req=1&glv=25&output=html&iu=%2F1038259%2FSEL-amp-cube&sz=300x250&sfv=1-0-8&correlator=1928541767729152&eid=108809080&adk=2352184609&biw=412&bih=620&adx=56&ady=294&oid=3&u_sd=3.5&ifi=1&is_amp=1&amp_v=1498506512561&nhd=1&url=http%3A%2F", "row": 0, "column": 9055, "tagName": "script", "time": 18234.138271, "url": "", "pos": 1, "chunkLen": 1, "isStartTag": 1}}
