--------- beginning of main
06-28 12:41:24.444  3449  3449 E Finsky  : [1] com.google.android.finsky.wear.bl.a(3): onConnectionFailed: ConnectionResult{statusCode=API_UNAVAILABLE, resolution=null, message=null}
--------- beginning of system
06-28 12:41:25.680 14960 14960 E chromium: [ERROR:shell_integration_android.cc(12)] Not implemented reached in static ShellIntegration::DefaultWebClientSetPermission ShellIntegration::CanSetAsDefaultBrowser()
06-28 12:41:25.684 14960 14960 E chromium: [ERROR:browser_process_impl.cc(720)] Not implemented reached in virtual BackgroundModeManager* BrowserProcessImpl::background_mode_manager()
06-28 12:41:25.915  3218  5383 E AudioRecord-JNI: Error -4 during AudioRecord native read
06-28 12:41:28.302 14960 15008 E chromium: [ERROR:gles2_cmd_decoder.cc(3852)] [.ChromiumCompositor-0xacbb2fc0]GL ERROR :GL_INVALID_ENUM : glDiscardFramebufferEXT: attachments was GL_COLOR_EXT
06-28 12:41:28.548 15029 15042 E WPROF   : {"CSS": {"url": "http://searchengineland.com/figz/wp-content/themes/searchengineland/css/searchengineland-bootstrap.css", "requestTime": 14765.604163}}
06-28 12:41:28.550 15029 15042 E WPROF   : {"CSS": {"url": "http://fonts.googleapis.com/css?family=Oswald:300,400,700", "requestTime": 14765.605610}}
06-28 12:41:28.551 15029 15042 E WPROF   : {"CSS": {"url": "http://searchengineland.com/figz/wp-content/themes/searchengineland/style.css", "requestTime": 14765.607213}}
06-28 12:41:28.559 15029 15042 E WPROF   : {"Javascript": {"url": "http://searchengineland.com/figz/wp-content/themes/searchengineland/js/lib/modernizr.custom.js?ver=1.0", "requestTime": 14765.614504}}
06-28 12:41:28.560 15029 15042 E WPROF   : {"Javascript": {"url": "http://searchengineland.com/figz/wp-content/themes/searchengineland/js/lib/jquery-1.11.0.min.js?ver=1.11.0", "requestTime": 14765.615843}}
06-28 12:41:28.561 15029 15042 E WPROF   : {"Javascript": {"url": "http://searchengineland.com/figz/wp-content/themes/searchengineland/js/lib/jquery-ui-1.10.3.custom.min.js?ver=1.10.3", "requestTime": 14765.616930}}
06-28 12:41:28.562 15029 15042 E WPROF   : {"Javascript": {"url": "http://searchengineland.com/figz/wp-content/themes/searchengineland/js/lib/jquery.ba-throttle-debounce.min.js?ver=1.1", "requestTime": 14765.618153}}
06-28 12:41:28.564 15029 15042 E WPROF   : {"Javascript": {"url": "http://searchengineland.com/figz/wp-content/themes/searchengineland/js/lib/jquery.countdown.min.js?ver=2.0.4", "requestTime": 14765.619279}}
06-28 12:41:28.566 15029 15042 E WPROF   : {"Javascript": {"url": "http://static.chartbeat.com/js/chartbeat_mab.js", "requestTime": 14765.621988}}
06-28 12:41:29.130 15029 15042 E WPROF   : {"Javascript": {"url": "http://searchengineland.com/figz/wp-includes/js/wp-emoji-release.min.js?ver=4.7.5", "requestTime": 14766.185822}}
06-28 12:41:29.412 15029 15042 E WPROF   : {"Javascript": {"url": "http://www.googletagservices.com/tag/js/gpt.js", "requestTime": 14766.468049}}
06-28 12:41:29.420 15029 15042 E WPROF   : {"Javascript": {"url": "https://www.google-analytics.com/analytics.js", "requestTime": 14766.475753}}
06-28 12:41:29.423 15029 15042 E WPROF   : {"Javascript": {"url": "http://edge.quantserve.com/quant.js", "requestTime": 14766.478881}}
06-28 12:41:29.425 15029 15042 E WPROF   : {"Javascript": {"url": "https://connect.facebook.net/en_US/fbevents.js", "requestTime": 14766.480808}}
06-28 12:41:29.507 14960 15008 E chromium: [ERROR:gles2_cmd_decoder.cc(3852)] [.ChromiumCompositor-0xacbb2fc0]GL ERROR :GL_INVALID_ENUM : glDiscardFramebufferEXT: attachments was GL_COLOR_EXT
06-28 12:41:29.549 15029 15042 E WPROF   : {"Javascript": {"url": "http://app-sj02.marketo.com/js/forms2/js/forms2.min.js", "requestTime": 14766.604828}}
06-28 12:41:29.668 14960 15008 E chromium: [ERROR:gles2_cmd_decoder.cc(3852)] [.ChromiumCompositor-0xacbb2fc0]GL ERROR :GL_INVALID_ENUM : glDiscardFramebufferEXT: attachments was GL_COLOR_EXT
06-28 12:41:29.671 15029 15042 E WPROF   : {"Javascript": {"url": "https://connect.facebook.net/signals/config/423979991297359?v=2.7.17", "requestTime": 14766.726295}}
06-28 12:41:29.679 15029 15042 E WPROF   : {"Javascript": {"url": "https://securepubads.g.doubleclick.net/gpt/pubads_impl_121.js", "requestTime": 14766.734940}}
06-28 12:41:29.770 14960 15008 E chromium: [ERROR:gles2_cmd_decoder.cc(3852)] [.ChromiumCompositor-0xacbb2fc0]GL ERROR :GL_INVALID_ENUM : glDiscardFramebufferEXT: attachments was GL_COLOR_EXT
06-28 12:41:30.051 15029 15042 E WPROF   : {"Javascript": {"url": "http://app-sj02.marketo.com/index.php/form/getForm?munchkinId=727-ZQE-044&form=5691&url=http%3A%2F%2Fsearchengineland.com%2Fcan-manage-inventory-google-shopping-247541&callback=jQuery110203162500010803342_1498621289984&_=1498621289985", "requestTime": 14767.106733}}
06-28 12:41:30.067 15029 15042 E WPROF   : {"Javascript": {"url": "http://app-sj02.marketo.com/index.php/form/getForm?munchkinId=727-ZQE-044&form=5685&url=http%3A%2F%2Fsearchengineland.com%2Fcan-manage-inventory-google-shopping-247541&callback=jQuery110203162500010803342_1498621289986&_=1498621289987", "requestTime": 14767.122760}}
06-28 12:41:30.295 15029 15042 E WPROF   : {"Javascript": {"url": "http://app-sj02.marketo.com/index.php/form/getForm?munchkinId=727-ZQE-044&form=5673&url=http%3A%2F%2Fsearchengineland.com%2Fcan-manage-inventory-google-shopping-247541&callback=jQuery110203162500010803342_1498621289988&_=1498621289989", "requestTime": 14767.351110}}
06-28 12:41:30.304 15029 15042 E WPROF   : {"Javascript": {"url": "http://searchengineland.com/js/ga_social_tracking.js", "requestTime": 14767.359705}}
06-28 12:41:30.306 15029 15042 E WPROF   : {"Javascript": {"url": "http://s7.addthis.com/js/300/addthis_widget.js#pubid=ra-53e918f660794f37", "requestTime": 14767.361939}}
06-28 12:41:30.352 14960 15008 E chromium: [ERROR:gles2_cmd_decoder.cc(3852)] [.ChromiumCompositor-0xacbb2fc0]GL ERROR :GL_INVALID_ENUM : glDiscardFramebufferEXT: attachments was GL_COLOR_EXT
06-28 12:41:31.086   862  1657 E LocSvc_IzatApiV02: E/virtual int izat_core::IzatApiV02::getBatchSize(int32_t):522]: Error : st = 4, ind.status = -1628389555
06-28 12:41:31.086   862  1657 E LocSvc_IzatApiV02: E/virtual int izat_core::IzatApiV02::getBatchSize(int32_t):535]: get batching size failed.Or modem does not support batching 
06-28 12:41:31.098   862  1657 E LocSvc_IzatApiV02: E/virtual int izat_core::IzatApiV02::getBatchSize(int32_t):522]: Error : st = 4, ind.status = -1628389555
06-28 12:41:31.098   862  1657 E LocSvc_IzatApiV02: E/virtual int izat_core::IzatApiV02::getBatchSize(int32_t):535]: get batching size failed.Or modem does not support batching 
06-28 12:41:31.149   862  1657 E LocSvc_IzatApiV02: E/virtual int izat_core::IzatApiV02::getBatchSize(int32_t):522]: Error : st = 4, ind.status = -1628389555
06-28 12:41:31.150   862  1657 E LocSvc_IzatApiV02: E/virtual int izat_core::IzatApiV02::getBatchSize(int32_t):535]: get batching size failed.Or modem does not support batching 
06-28 12:41:31.159   862  1657 E LocSvc_IzatApiV02: E/virtual int izat_core::IzatApiV02::getBatchSize(int32_t):522]: Error : st = 4, ind.status = -1628389555
06-28 12:41:31.159   862  1657 E LocSvc_IzatApiV02: E/virtual int izat_core::IzatApiV02::getBatchSize(int32_t):535]: get batching size failed.Or modem does not support batching 
06-28 12:41:31.206 15029 15042 E WPROF   : {"Javascript": {"url": "https://securepubads.g.doubleclick.net/gampad/ads?gdfp_req=1&correlator=2157660771188736&output=json_html&callback=googletag.impl.pubads.callbackProxy1&impl=fifs&json_a=1&eid=108809080%2C108809103%2C21060002&sc=0&sfv=1-0-9&iu_parts=1038259%2Csel-ciu-1%2Csel-ciu-2%2Csel-ciu-3%2Csel-ciu-4%2Csel-ciu-5%", "requestTime": 14768.261734}}
06-28 12:41:31.227 15029 15042 E WPROF   : {"Javascript": {"url": "https://static.xx.fbcdn.net/rsrc.php/v3iy6L4/yk/l/ko_KR/be4fIjHRc8P.js", "requestTime": 14768.282609}}
06-28 12:41:31.311 14960 15008 E chromium: [ERROR:gles2_cmd_decoder.cc(3852)] [.ChromiumCompositor-0xacbb2fc0]GL ERROR :GL_INVALID_ENUM : glDiscardFramebufferEXT: attachments was GL_COLOR_EXT
06-28 12:41:31.402 15029 15042 E WPROF   : {"CSS": {"url": "http://app-sj02.marketo.com/js/forms2/css/forms2.css", "requestTime": 14768.457666}}
06-28 12:41:31.407 15029 15042 E WPROF   : {"CSS": {"url": "http://app-sj02.marketo.com/js/forms2/css/forms2-theme-simple.css", "requestTime": 14768.462486}}
06-28 12:41:31.534 15029 15042 E WPROF   : {"Javascript": {"url": "http://www.googleadservices.com/pagead/conversion.js", "requestTime": 14768.589980}}
06-28 12:41:31.535 15029 15042 E WPROF   : {"Javascript": {"url": "http://searchengineland.com/figz/wp-content/themes/searchengineland/js/script.js?ver=1.0", "requestTime": 14768.590423}}
06-28 12:41:31.535 15029 15042 E WPROF   : {"Javascript": {"url": "http://searchengineland.com/figz/wp-includes/js/wp-embed.min.js?ver=4.7.5", "requestTime": 14768.590840}}
06-28 12:41:31.536 15029 15042 E WPROF   : {"Javascript": {"url": "http://searchengineland.com/figz/wp-content/themes/searchengineland/js/modules/sharing_controls.js", "requestTime": 14768.591325}}
06-28 12:41:31.576 14960 15008 E chromium: [ERROR:gles2_cmd_decoder.cc(3852)] [.ChromiumCompositor-0xacbb2fc0]GL ERROR :GL_INVALID_ENUM : glDiscardFramebufferEXT: attachments was GL_COLOR_EXT
06-28 12:41:31.667 15029 15042 E WPROF   : {"Javascript": {"url": "http://cdn.api.twitter.com/1/users/show.json?screen_name=AndreasReiffen&callback=twttr.setFollowersCount", "requestTime": 14768.723161}}
06-28 12:41:31.785 15029 15042 E WPROF   : {"Javascript": {"url": "http://d2j3qa5nc37287.cloudfront.net/coupon_code1.js", "requestTime": 14768.841100}}
06-28 12:41:32.336 14960 15008 E chromium: [ERROR:gles2_cmd_decoder.cc(3852)] [.ChromiumCompositor-0xacbb2fc0]GL ERROR :GL_INVALID_ENUM : glDiscardFramebufferEXT: attachments was GL_COLOR_EXT
06-28 12:41:32.912 15029 15042 E WPROF   : {"CSS": {"url": "https://www.youtube.com/yts/cssbin/www-embed-player-sprite-mode-vfl5G4Xm8.css", "requestTime": 14769.967481}}
06-28 12:41:32.913 15029 15042 E WPROF   : {"Javascript": {"url": "https://www.youtube.com/yts/jsbin/www-embed-player-vfl_UY_j8/www-embed-player.js", "requestTime": 14769.968729}}
06-28 12:41:32.913 15029 15042 E WPROF   : {"Javascript": {"url": "https://www.youtube.com/yts/jsbin/player-vflo1w4O-/ko_KR/base.js", "requestTime": 14769.969114}}
06-28 12:41:32.990 14960 15008 E chromium: [ERROR:gles2_cmd_decoder.cc(3852)] [.ChromiumCompositor-0xacbb2fc0]GL ERROR :GL_INVALID_ENUM : glDiscardFramebufferEXT: attachments was GL_COLOR_EXT
06-28 12:41:33.167 14960 15008 E chromium: [ERROR:gles2_cmd_decoder.cc(3852)] [.ChromiumCompositor-0xacbb2fc0]GL ERROR :GL_INVALID_ENUM : glDiscardFramebufferEXT: attachments was GL_COLOR_EXT
06-28 12:41:33.549 14960 15008 E chromium: [ERROR:gles2_cmd_decoder.cc(3852)] [.ChromiumCompositor-0xacbb2fc0]GL ERROR :GL_INVALID_ENUM : glDiscardFramebufferEXT: attachments was GL_COLOR_EXT
06-28 12:41:33.635 14960 15008 E chromium: [ERROR:gles2_cmd_decoder.cc(3852)] [.ChromiumCompositor-0xacbb2fc0]GL ERROR :GL_INVALID_ENUM : glDiscardFramebufferEXT: attachments was GL_COLOR_EXT
06-28 12:41:33.689 15029 15042 E WPROF   : {"Javascript": {"url": "https://tpc.googlesyndication.com/pagead/js/r20170619/r20110914/client/ext/m_window_focus_non_hydra.js", "requestTime": 14770.745024}}
06-28 12:41:33.692 15029 15042 E WPROF   : {"Javascript": {"url": "https://tpc.googlesyndication.com/pagead/js/r20170619/r20110914/activeview/osd_listener.js", "requestTime": 14770.747299}}
06-28 12:41:33.697 15029 15042 E WPROF   : {"Javascript": {"url": "http://pagead2.googlesyndication.com/pagead/osd.js", "requestTime": 14770.752436}}
06-28 12:41:33.809 15029 15042 E WPROF   : {"Javascript": {"url": "http://www.justuno.com/ajax/account_version_check.html?id=828FA275-FF73-401E-AA39-40F5A6FAB6B1", "requestTime": 14770.864671}}
06-28 12:41:34.659 15029 15042 E WPROF   : {"Javascript": {"url": "https://www.google.com/js/bg/KWBfAnWFESAEEaKKgdYlTHY9ysQaNoQuzeMFqvxDSM8.js", "requestTime": 14771.714897}}
06-28 12:41:34.662 15029 15042 E WPROF   : {"Javascript": {"url": "https://static.doubleclick.net/instream/ad_status.js", "requestTime": 14771.717968}}
06-28 12:41:34.854 14960 15008 E chromium: [ERROR:gles2_cmd_decoder.cc(3852)] [.ChromiumCompositor-0xacbb2fc0]GL ERROR :GL_INVALID_ENUM : glDiscardFramebufferEXT: attachments was GL_COLOR_EXT
06-28 12:41:35.071 14960 15008 E chromium: [ERROR:gles2_cmd_decoder.cc(3852)] [.ChromiumCompositor-0xacbb2fc0]GL ERROR :GL_INVALID_ENUM : glDiscardFramebufferEXT: attachments was GL_COLOR_EXT
06-28 12:41:36.127 15029 15042 E WPROF   : {"Javascript": {"url": "http://cdn.justuno.com/mwgt_3.6.js", "requestTime": 14773.183056}}
06-28 12:41:36.299 14960 15008 E chromium: [ERROR:gles2_cmd_decoder.cc(3852)] [.ChromiumCompositor-0xacbb2fc0]GL ERROR :GL_INVALID_ENUM : glDiscardFramebufferEXT: attachments was GL_COLOR_EXT
06-28 12:41:36.413 14960 15008 E chromium: [ERROR:gles2_cmd_decoder.cc(3852)] [.ChromiumCompositor-0xacbb2fc0]GL ERROR :GL_INVALID_ENUM : glDiscardFramebufferEXT: attachments was GL_COLOR_EXT
06-28 12:41:36.799 14960 15008 E chromium: [ERROR:gles2_cmd_decoder.cc(3852)] [.ChromiumCompositor-0xacbb2fc0]GL ERROR :GL_INVALID_ENUM : glDiscardFramebufferEXT: attachments was GL_COLOR_EXT
06-28 12:41:37.241 15029 15042 E WPROF   : {"Javascript": {"url": "https://app-sj02.marketo.com/js/forms2/js/forms2.min.js", "requestTime": 14774.296844}}
06-28 12:41:37.639 15029 15042 E WProf.db: {"page": "searchengineland.com_can-manage-inventory-google-shopping-247541"}
06-28 12:41:37.639 15029 15042 E WProf.db: {"DOMLoad": 14774.694360}
06-28 12:41:37.639 15029 15042 E WProf.db: {"Resource": {"id": 1, "url": "http://searchengineland.com/can-manage-inventory-google-shopping-247541", "sentTime": -1.000000, "len": 101997, "from": "0x0", "mimeType": "text/html", "contentLength": -1, "httpStatus": 200, "connId": 19, "connReused": 1, "cached": 0,"requestTime": 14765.275952, "proxyStart": -1, "proxyEnd": -1, "dnsStart": -1, "dnsEnd": -1, "connectStart": 0, "connectEnd": 68, "sendStart": 68, "sendEnd": 68, "receiveHeadersEnd": 232, "sslStart": -1, "sslEnd": -1}}
06-28 12:41:37.639 15029 15042 E WProf.db: {"ReceivedChunk": {"receivedTime": 14765.529888, "len": 13005}}
06-28 12:41:37.639 15029 15042 E WProf.db: {"ReceivedChunk": {"receivedTime": 14765.596177, "len": 32768}}
06-28 12:41:37.639 15029 15042 E WProf.db: {"ReceivedChunk": {"receivedTime": 14765.596531, "len": 23961}}
06-28 12:41:37.639 15029 15042 E WProf.db: {"ReceivedChunk": {"receivedTime": 14765.667248, "len": 26930}}
06-28 12:41:37.639 15029 15042 E WProf.db: {"ReceivedChunk": {"receivedTime": 14765.668497, "len": 5333}}
06-28 12:41:37.639 15029 15042 E WProf.db: {"WprofHTMLTag": {"code": "0xaedda5d0", "doc": "http://searchengineland.com/can-manage-inventory-google-shopping-247541", "row": 6, "column": 42, "tagName": "html", "time": 14765.598595, "url": "", "pos": 1, "chunkLen": 1, "isStartTag": 1}}
06-28 12:41:37.639 15029 15042 E WProf.db: {"WprofHTMLTag": {"code": "0xaf047730", "doc": "http://searchengineland.com/can-manage-inventory-google-shopping-247541", "row": 7, "column": 6, "tagName": "head", "time": 14765.599310, "url": "", "pos": 1, "chunkLen": 1, "isStartTag": 1}}
06-28 12:41:37.640 15029 15042 E WProf.db: {"WprofHTMLTag": {"code": "0xaf047820", "doc": "http://searchengineland.com/can-manage-inventory-google-shopping-247541", "row": 8, "column": 54, "tagName": "meta", "time": 14765.599355, "url": "", "pos": 1, "chunkLen": 1, "isStartTag": 1}}
06-28 12:41:37.640 15029 15042 E WProf.db: {"WprofHTMLTag": {"code": "0xaf047850", "doc": "http://searchengineland.com/can-manage-inventory-google-shopping-247541", "row": 9, "column": 68, "tagName": "meta", "time": 14765.599498, "url": "", "pos": 1, "chunkLen": 1, "isStartTag": 1}}
06-28 12:41:37.640 15029 15042 E WProf.db: {"WprofHTMLTag": {"code": "0xaf047880", "doc": "http://searchengineland.com/can-manage-inventory-google-shopping-247541", "row": 10, "column": 23, "tagName": "meta", "time": 14765.599612, "url": "", "pos": 1, "chunkLen": 1, "isStartTag": 1}}
06-28 12:41:37.640 15029 15042 E WProf.db: {"WprofHTMLTag": {"code": "0xaf0478b0", "doc": "http://searchengineland.com/can-manage-inventory-google-shopping-247541", "row": 11, "column": 52, "tagName": "meta", "time": 14765.599743, "url": "", "pos": 1, "chunkLen": 1, "isStartTag": 1}}
06-28 12:41:37.640 15029 15042 E WProf.db: {"WprofHTMLTag": {"code": "0xaf0478e0", "doc": "http://searchengineland.com/can-manage-inventory-google-shopping-247541", "row": 14, "column": 56, "tagName": "meta", "time": 14765.599867, "url": "", "pos": 1, "chunkLen": 1, "isStartTag": 1}}
06-28 12:41:37.640 15029 15042 E WProf.db: {"WprofHTMLTag": {"code": "0xaf047910", "doc": "http://searchengineland.com/can-manage-inventory-google-shopping-247541", "row": 15, "column": 83, "tagName": "meta", "time": 14765.599981, "url": "", "pos": 1, "chunkLen": 1, "isStartTag": 1}}
06-28 12:41:37.640 15029 15042 E WProf.db: {"WprofHTMLTag": {"code": "0xaf047940", "doc": "http://searchengineland.com/can-manage-inventory-google-shopping-247541", "row": 16, "column": 57, "tagName": "meta", "time": 14765.600301, "url": "", "pos": 1, "chunkLen": 1, "isStartTag": 1}}
06-28 12:41:37.640 15029 15042 E WProf.db: {"WprofHTMLTag": {"code": "0xaf0479d0", "doc": "http://searchengineland.com/can-manage-inventory-google-shopping-247541", "row": 17, "column": 41, "tagName": "meta", "time": 14765.600410, "url": "", "pos": 1, "chunkLen": 1, "isStartTag": 1}}
06-28 12:41:37.641 15029 15042 E WProf.db: {"WprofHTMLTag": {"code": "0xaf047a00", "doc": "http://searchengineland.com/can-manage-inventory-google-shopping-247541", "row": 18, "column": 50, "tagName": "meta", "time": 14765.600511, "url": "", "pos": 1, "chunkLen": 1, "isStartTag": 1}}
06-28 12:41:37.641 15029 15042 E WProf.db: {"WprofHTMLTag": {"code": "0xaf047a30", "doc": "http://searchengineland.com/can-manage-inventory-google-shopping-247541", "row": 19, "column": 174, "tagName": "meta", "time": 14765.600617, "url": "", "pos": 1, "chunkLen": 1, "isStartTag": 1}}
06-28 12:41:37.641 15029 15042 E WProf.db: {"WprofHTMLTag": {"code": "0xaf0479a0", "doc": "http://searchengineland.com/can-manage-inventory-google-shopping-247541", "row": 20, "column": 47, "tagName": "meta", "time": 14765.600721, "url": "", "pos": 1, "chunkLen": 1, "isStartTag": 1}}
06-28 12:41:37.641 15029 15042 E WProf.db: {"WprofHTMLTag": {"code": "0xaf047970", "doc": "http://searchengineland.com/can-manage-inventory-google-shopping-247541", "row": 21, "column": 67, "tagName": "meta", "time": 14765.600819, "url": "", "pos": 1, "chunkLen": 1, "isStartTag": 1}}
06-28 12:41:37.641 15029 15042 E WProf.db: {"WprofHTMLTag": {"code": "0xaf047a60", "doc": "http://searchengineland.com/can-manage-inventory-google-shopping-247541", "row": 22, "column": 57, "tagName": "meta", "time": 14765.600953, "url": "", "pos": 1, "chunkLen": 1, "isStartTag": 1}}
06-28 12:41:37.641 15029 15042 E WProf.db: {"WprofHTMLTag": {"code": "0xaf047a90", "doc": "http://searchengineland.com/can-manage-inventory-google-shopping-247541", "row": 23, "column": 65, "tagName": "meta", "time": 14765.601062, "url": "", "pos": 1, "chunkLen": 1, "isStartTag": 1}}
06-28 12:41:37.641 15029 15042 E WProf.db: {"WprofHTMLTag": {"code": "0xaf047ac0", "doc": "http://searchengineland.com/can-manage-inventory-google-shopping-247541", "row": 24, "column": 55, "tagName": "meta", "time": 14765.601165, "url": "", "pos": 1, "chunkLen": 1, "isStartTag": 1}}
06-28 12:41:37.641 15029 15042 E WProf.db: {"WprofHTMLTag": {"code": "0xaf047af0", "doc": "http://searchengineland.com/can-manage-inventory-google-shopping-247541", "row": 25, "column": 71, "tagName": "meta", "time": 14765.601266, "url": "", "pos": 1, "chunkLen": 1, "isStartTag": 1}}
06-28 12:41:37.641 15029 15042 E WProf.db: {"WprofHTMLTag": {"code": "0xaf047b20", "doc": "http://searchengineland.com/can-manage-inventory-google-shopping-247541", "row": 26, "column": 86, "tagName": "meta", "time": 14765.601370, "url": "", "pos": 1, "chunkLen": 1, "isStartTag": 1}}
06-28 12:41:37.642 15029 15042 E WProf.db: {"WprofHTMLTag": {"code": "0xaf047b50", "doc": "http://searchengineland.com/can-manage-inventory-google-shopping-247541", "row": 27, "column": 54, "tagName": "meta", "time": 14765.601473, "url": "", "pos": 1, "chunkLen": 1, "isStartTag": 1}}
06-28 12:41:37.642 15029 15042 E WProf.db: {"WprofHTMLTag": {"code": "0xaf047b80", "doc": "http://searchengineland.com/can-manage-inventory-google-shopping-247541", "row": 29, "column": 159, "tagName": "meta", "time": 14765.601575, "url": "", "pos": 1, "chunkLen": 1, "isStartTag": 1}}
06-28 12:41:37.642 15029 15042 E WProf.db: {"WprofHTMLTag": {"code": "0xaf047bb0", "doc": "http://searchengineland.com/can-manage-inventory-google-shopping-247541", "row": 30, "column": 193, "tagName": "meta", "time": 14765.601678, "url": "", "pos": 1, "chunkLen": 1, "isStartTag": 1}}
06-28 12:41:37.642 15029 15042 E WProf.db: {"WprofHTMLTag": {"code": "0xaf047be0", "doc": "http://searchengineland.com/can-manage-inventory-google-shopping-247541", "row": 31, "column": 55, "tagName": "meta", "time": 14765.601785, "url": "", "pos": 1, "chunkLen": 1, "isStartTag": 1}}
06-28 12:41:37.642 15029 15042 E WProf.db: {"WprofHTMLTag": {"code": "0xaf047c10", "doc": "http://searchengineland.com/can-manage-inventory-google-shopping-247541", "row": 32, "column": 54, "tagName": "meta", "time": 14765.601891, "url": "", "pos": 1, "chunkLen": 1, "isStartTag": 1}}
06-28 12:41:37.642 15029 15042 E WProf.db: {"WprofHTMLTag": {"code": "0xaf047c40", "doc": "http://searchengineland.com/can-manage-inventory-google-shopping-247541", "row": 33, "column": 138, "tagName": "meta", "time": 14765.601995, "url": "", "pos": 1, "chunkLen": 1, "isStartTag": 1}}
06-28 12:41:37.642 15029 15042 E WProf.db: {"WprofHTMLTag": {"code": "0xaf047c70", "doc": "http://searchengineland.com/can-manage-inventory-google-shopping-247541", "row": 37, "column": 36, "tagName": "script", "time": 14765.602093, "url": "", "pos": 1, "chunkLen": 1, "isStartTag": 1}}
06-28 12:41:37.642 15029 15042 E WProf.db: {"WprofHTMLTag": {"code": "0xaf047ca0", "doc": "http://searchengineland.com/can-manage-inventory-google-shopping-247541", "row": 53, "column": 10, "tagName": "script", "time": 14765.602341, "url": "", "pos": 1, "chunkLen": 1, "isStartTag": 0}}
06-28 12:41:37.642 15029 15042 E WProf.db: {"WprofHTMLTag": {"code": "0xaedda600", "doc": "http://searchengineland.com/can-manage-inventory-google-shopping-247541", "row": 55, "column": 86, "tagName": "link", "time": 14765.602896, "url": "http://searchengineland.com/apple-touch-icon.png", "pos": 1, "chunkLen": 1, "isStartTag": 1}}
06-28 12:41:37.643 15029 15042 E WProf.db: {"WprofHTMLTag": {"code": "0xaf047cd0", "doc": "http://searchengineland.com/can-manage-inventory-google-shopping-247541", "row": 56, "column": 76, "tagName": "link", "time": 14765.603159, "url": "http://searchengineland.com/favicon.ico", "pos": 1, "chunkLen": 1, "isStartTag": 1}}
06-28 12:41:37.643 15029 15042 E WProf.db: {"WprofHTMLTag": {"code": "0xaf047d00", "doc": "http://searchengineland.com/can-manage-inventory-google-shopping-247541", "row": 57, "column": 158, "tagName": "link", "time": 14765.603347, "url": "http://feeds.searchengineland.com/searchengineland", "pos": 1, "chunkLen": 1, "isStartTag": 1}}
06-28 12:41:37.643 15029 15042 E WProf.db: {"WprofHTMLTag": {"code": "0xaf047d30", "doc": "http://searchengineland.com/can-manage-inventory-google-shopping-247541", "row": 58, "column": 149, "tagName": "link", "time": 14765.603605, "url": "http://feeds.searchengineland.com/searchcap", "pos": 1, "chunkLen": 1, "isStartTag": 1}}
06-28 12:41:37.643 15029 15042 E WProf.db: {"WprofHTMLTag": {"code": "0xaf047d60", "doc": "http://searchengineland.com/can-manage-inventory-google-shopping-247541", "row": 59, "column": 150, "tagName": "link", "time": 14765.603880, "url": "http://searchengineland.com/figz/wp-content/themes/searchengineland/css/searchengineland-bootstrap.css", "pos": 1, "chunkLen": 1, "isStartTag": 1}}
06-28 12:41:37.643 15029 15042 E WProf.db: {"WprofHTMLTag": {"code": "0xaf047dc0", "doc": "http://searchengineland.com/can-manage-inventory-google-shopping-247541", "row": 60, "column": 105, "tagName": "link", "time": 14765.605295, "url": "http://fonts.googleapis.com/css?family=Oswald:300,400,700", "pos": 1, "chunkLen": 1, "isStartTag": 1}}
06-28 12:41:37.643 15029 15042 E WProf.db: {"WprofHTMLTag": {"code": "0xaf047e20", "doc": "http://searchengineland.com/can-manage-inventory-google-shopping-247541", "row": 61, "column": 125, "tagName": "link", "time": 14765.606754, "url": "http://searchengineland.com/figz/wp-content/themes/searchengineland/style.css", "pos": 1, "chunkLen": 1, "isStartTag": 1}}
06-28 12:41:37.643 15029 15042 E WProf.db: {"WprofHTMLTag": {"code": "0xaf047e80", "doc": "http://searchengineland.com/can-manage-inventory-google-shopping-247541", "row": 65, "column": 7, "tagName": "title", "time": 14765.608107, "url": "", "pos": 1, "chunkLen": 1, "isStartTag": 1}}
06-28 12:41:37.643 15029 15042 E WProf.db: {"WprofHTMLTag": {"code": "0xaf047eb0", "doc": "http://searchengineland.com/can-manage-inventory-google-shopping-247541", "row": 65, "column": 66, "tagName": "title", "time": 14765.608379, "url": "", "pos": 1, "chunkLen": 1, "isStartTag": 0}}
06-28 12:41:37.644 15029 15042 E WProf.db: {"WprofHTMLTag": {"code": "0xaf047ee0", "doc": "http://searchengineland.com/can-manage-inventory-google-shopping-247541", "row": 66, "column": 190, "tagName": "meta", "time": 14765.608404, "url": "", "pos": 1, "chunkLen": 1, "isStartTag": 1}}
06-28 12:41:37.644 15029 15042 E WProf.db: {"WprofHTMLTag": {"code": "0xaf047f10", "doc": "http://searchengineland.com/can-manage-inventory-google-shopping-247541", "row": 67, "column": 311, "tagName": "meta", "time": 14765.608544, "url": "", "pos": 1, "chunkLen": 1, "isStartTag": 1}}
06-28 12:41:37.644 15029 15042 E WProf.db: {"WprofHTMLTag": {"code": "0xaf047f40", "doc": "http://searchengineland.com/can-manage-inventory-google-shopping-247541", "row": 68, "column": 113, "tagName": "meta", "time": 14765.608665, "url": "", "pos": 1, "chunkLen": 1, "isStartTag": 1}}
06-28 12:41:37.644 15029 15042 E WProf.db: {"WprofHTMLTag": {"code": "0xaf047f70", "doc": "http://searchengineland.com/can-manage-inventory-google-shopping-247541", "row": 69, "column": 37, "tagName": "meta", "time": 14765.608775, "url": "", "pos": 1, "chunkLen": 1, "isStartTag": 1}}
06-28 12:41:37.644 15029 15042 E WProf.db: {"WprofHTMLTag": {"code": "0xaf047fa0", "doc": "http://searchengineland.com/can-manage-inventory-google-shopping-247541", "row": 70, "column": 103, "tagName": "link", "time": 14765.608897, "url": "http://searchengineland.com/can-manage-inventory-google-shopping-247541", "pos": 1, "chunkLen": 1, "isStartTag": 1}}
06-28 12:41:37.644 15029 15042 E WProf.db: {"WprofHTMLTag": {"code": "0xaf047fd0", "doc": "http://searchengineland.com/can-manage-inventory-google-shopping-247541", "row": 71, "column": 76, "tagName": "link", "time": 14765.609118, "url": "https://plus.google.com/103218677032751327334", "pos": 1, "chunkLen": 1, "isStartTag": 1}}
06-28 12:41:37.646 15029 15042 E WProf.db: {"WprofHTMLTag": {"code": "0xb4cc74b0", "doc": "http://searchengineland.com/can-manage-inventory-google-shopping-247541", "row": 72, "column": 45, "tagName": "meta", "time": 14765.609304, "url": "", "pos": 1, "chunkLen": 1, "isStartTag": 1}}
06-28 12:41:37.646 15029 15042 E WProf.db: {"WprofHTMLTag": {"code": "0xb4cc7540", "doc": "http://searchengineland.com/can-manage-inventory-google-shopping-247541", "row": 73, "column": 45, "tagName": "meta", "time": 14765.609415, "url": "", "pos": 1, "chunkLen": 1, "isStartTag": 1}}
06-28 12:41:37.646 15029 15042 E WProf.db: {"WprofHTMLTag": {"code": "0xb4cc78a0", "doc": "http://searchengineland.com/can-manage-inventory-google-shopping-247541", "row": 74, "column": 90, "tagName": "meta", "time": 14765.609520, "url": "", "pos": 1, "chunkLen": 1, "isStartTag": 1}}
06-28 12:41:37.647 15029 15042 E WProf.db: {"WprofHTMLTag": {"code": "0xb4cc78d0", "doc": "http://searchengineland.com/can-manage-inventory-google-shopping-247541", "row": 75, "column": 198, "tagName": "meta", "time": 14765.609642, "url": "", "pos": 1, "chunkLen": 1, "isStartTag": 1}}
06-28 12:41:37.647 15029 15042 E WProf.db: {"WprofHTMLTag": {"code": "0xb4cc7900", "doc": "http://searchengineland.com/can-manage-inventory-google-shopping-247541", "row": 76, "column": 108, "tagName": "meta", "time": 14765.609758, "url": "", "pos": 1, "chunkLen": 1, "isStartTag": 1}}
06-28 12:41:37.648 15029 15042 E WProf.db: {"WprofHTMLTag": {"code": "0xb4cc7930", "doc": "http://searchengineland.com/can-manage-inventory-google-shopping-247541", "row": 77, "column": 61, "tagName": "meta", "time": 14765.609866, "url": "", "pos": 1, "chunkLen": 1, "isStartTag": 1}}
06-28 12:41:37.648 15029 15042 E WProf.db: {"WprofHTMLTag": {"code": "0xb4cc7960", "doc": "http://searchengineland.com/can-manage-inventory-google-shopping-247541", "row": 78, "column": 89, "tagName": "meta", "time": 14765.609980, "url": "", "pos": 1, "chunkLen": 1, "isStartTag": 1}}
06-28 12:41:37.649 15029 15042 E WProf.db: {"WprofHTMLTag": {"code": "0xb4cc7990", "doc": "http://searchengineland.com/can-manage-inventory-google-shopping-247541", "row": 79, "column": 59, "tagName": "meta", "time": 14765.610171, "url": "", "pos": 1, "chunkLen": 1, "isStartTag": 1}}
06-28 12:41:37.649 15029 15042 E WProf.db: {"WprofHTMLTag": {"code": "0xb4cc79c0", "doc": "http://searchengineland.com/can-manage-inventory-google-shopping-247541", "row": 80, "column": 52, "tagName": "meta", "time": 14765.610291, "url": "", "pos": 1, "chunkLen": 1, "isStartTag": 1}}
06-28 12:41:37.650 15029 15042 E WProf.db: {"WprofHTMLTag": {"code": "0xb4cc79f0", "doc": "http://searchengineland.com/can-manage-inventory-google-shopping-247541", "row": 81, "column": 57, "tagName": "meta", "time": 14765.610407, "url": "", "pos": 1, "chunkLen": 1, "isStartTag": 1}}
06-28 12:41:37.650 15029 15042 E WProf.db: {"WprofHTMLTag": {"code": "0xb4cc7a20", "doc": "http://searchengineland.com/can-manage-inventory-google-shopping-247541", "row": 82, "column": 61, "tagName": "meta", "time": 14765.610524, "url": "", "pos": 1, "chunkLen": 1, "isStartTag": 1}}
06-28 12:41:37.651 15029 15042 E WProf.db: {"WprofHTMLTag": {"code": "0xb4cc7a50", "doc": "http://searchengineland.com/can-manage-inventory-google-shopping-247541", "row": 83, "column": 55, "tagName": "meta", "time": 14765.611159, "url": "", "pos": 1, "chunkLen": 1, "isStartTag": 1}}
06-28 12:41:37.651 15029 15042 E WProf.db: {"WprofHTMLTag": {"code": "0xb4cc7a80", "doc": "http://searchengineland.com/can-manage-inventory-google-shopping-247541", "row": 84, "column": 45, "tagName": "meta", "time": 14765.611284, "url": "", "pos": 1, "chunkLen": 1, "isStartTag": 1}}
06-28 12:41:37.653 15029 15042 E WProf.db: {"WprofHTMLTag": {"code": "0xb4cc7ab0", "doc": "http://searchengineland.com/can-manage-inventory-google-shopping-247541", "row": 85, "column": 55, "tagName": "meta", "time": 14765.611395, "url": "", "pos": 1, "chunkLen": 1, "isStartTag": 1}}
06-28 12:41:37.653 15029 15042 E WProf.db: {"WprofHTMLTag": {"code": "0xb4cc7ae0", "doc": "http://searchengineland.com/can-manage-inventory-google-shopping-247541", "row": 86, "column": 53, "tagName": "meta", "time": 14765.611672, "url": "", "pos": 1, "chunkLen": 1, "isStartTag": 1}}
06-28 12:41:37.654 15029 15042 E WProf.db: {"WprofHTMLTag": {"code": "0xb4cc7b10", "doc": "http://searchengineland.com/can-manage-inventory-google-shopping-247541", "row": 87, "column": 60, "tagName": "meta", "time": 14765.611782, "url": "", "pos": 1, "chunkLen": 1, "isStartTag": 1}}
06-28 12:41:37.654 15029 15042 E WProf.db: {"WprofHTMLTag": {"code": "0xb4cc7b40", "doc": "http://searchengineland.com/can-manage-inventory-google-shopping-247541", "row": 88, "column": 64, "tagName": "meta", "time": 14765.611893, "url": "", "pos": 1, "chunkLen": 1, "isStartTag": 1}}
06-28 12:41:37.655 15029 15042 E WProf.db: {"WprofHTMLTag": {"code": "0xb4cc7b70", "doc": "http://searchengineland.com/can-manage-inventory-google-shopping-247541", "row": 89, "column": 52, "tagName": "meta", "time": 14765.612007, "url": "", "pos": 1, "chunkLen": 1, "isStartTag": 1}}
06-28 12:41:37.655 15029 15042 E WProf.db: {"WprofHTMLTag": {"code": "0xb4cc7ba0", "doc": "http://searchengineland.com/can-manage-inventory-google-shopping-247541", "row": 90, "column": 58, "tagName": "meta", "time": 14765.612116, "url": "", "pos": 1, "chunkLen": 1, "isStartTag": 1}}
06-28 12:41:37.656 15029 15042 E WProf.db: {"WprofHTMLTag": {"code": "0xb4cc7bd0", "doc": "http://searchengineland.com/can-manage-inventory-google-shopping-247541", "row": 91, "column": 78, "tagName": "meta", "time": 14765.612231, "url": "", "pos": 1, "chunkLen": 1, "isStartTag": 1}}
06-28 12:41:37.656 15029 15042 E WProf.db: {"WprofHTMLTag": {"code": "0xb4cc7c00", "doc": "http://searchengineland.com/can-manage-inventory-google-shopping-247541", "row": 92, "column": 77, "tagName": "meta", "time": 14765.612342, "url": "", "pos": 1, "chunkLen": 1, "isStartTag": 1}}
06-28 12:41:37.656 15029 15042 E WProf.db: {"WprofHTMLTag": {"code": "0xb4cc7c30", "doc": "http://searchengineland.com/can-manage-inventory-google-shopping-247541", "row": 93, "column": 71, "tagName": "meta", "time": 14765.612448, "url": "", "pos": 1, "chunkLen": 1, "isStartTag": 1}}
06-28 12:41:37.657 15029 15042 E WProf.db: {"WprofHTMLTag": {"code": "0xb4cc7c60", "doc": "http://searchengineland.com/can-manage-inventory-google-shopping-247541", "row": 94, "column": 132, "tagName": "meta", "time": 14765.612561, "url": "", "pos": 1, "chunkLen": 1, "isStartTag": 1}}
06-28 12:41:37.657 15029 15042 E WProf.db: {"WprofHTMLTag": {"code": "0xb4cc7c90", "doc": "http://searchengineland.com/can-manage-inventory-google-shopping-247541", "row": 95, "column": 49, "tagName": "meta", "time": 14765.612671, "url": "", "pos": 1, "chunkLen": 1, "isStartTag": 1}}
06-28 12:41:37.658 15029 15042 E WProf.db: {"WprofHTMLTag": {"code": "0xb4cc7cc0", "doc": "http://searchengineland.com/can-manage-inventory-google-shopping-247541", "row": 96, "column": 49, "tagName": "meta", "time": 14765.612778, "url": "", "pos": 1, "chunkLen": 1, "isStartTag": 1}}
06-28 12:41:37.658 15029 15042 E WProf.db: {"WprofHTMLTag": {"code": "0xb4cc7cf0", "doc": "http://searchengineland.com/can-manage-inventory-google-shopping-247541", "row": 97, "column": 58, "tagName": "meta", "time": 14765.612880, "url": "", "pos": 1, "chunkLen": 1, "isStartTag": 1}}
06-28 12:41:37.659 15029 15042 E WProf.db: {"WprofHTMLTag": {"code": "0xb4cc7d20", "doc": "http://searchengineland.com/can-manage-inventory-google-shopping-247541", "row": 98, "column": 199, "tagName": "meta", "time": 14765.613001, "url": "", "pos": 1, "chunkLen": 1, "isStartTag": 1}}
06-28 12:41:37.659 15029 15042 E WProf.db: {"WprofHTMLTag": {"code": "0xb4cc7d50", "doc": "http://searchengineland.com/can-manage-inventory-google-shopping-247541", "row": 99, "column": 91, "tagName": "meta", "time": 14765.613110, "url": "", "pos": 1, "chunkLen": 1, "isStartTag": 1}}
06-28 12:41:37.660 15029 15042 E WProf.db: {"WprofHTMLTag": {"code": "0xb4cc7d80", "doc": "http://searchengineland.com/can-manage-inventory-google-shopping-247541", "row": 100, "column": 51, "tagName": "meta", "time": 14765.613211, "url": "", "pos": 1, "chunkLen": 1, "isStartTag": 1}}
06-28 12:41:37.660 15029 15042 E WProf.db: {"WprofHTMLTag": {"code": "0xb4cc7db0", "doc": "http://searchengineland.com/can-manage-inventory-google-shopping-247541", "row": 101, "column": 133, "tagName": "meta", "time": 14765.613318, "url": "", "pos": 1, "chunkLen": 1, "isStartTag": 1}}
06-28 12:41:37.661 15029 15042 E WProf.db: {"WprofHTMLTag": {"code": "0xb4cc7de0", "doc": "http://searchengineland.com/can-manage-inventory-google-shopping-247541", "row": 102, "column": 57, "tagName": "meta", "time": 14765.613424, "url": "", "pos": 1, "chunkLen": 1, "isStartTag": 1}}
06-28 12:41:37.661 15029 15042 E WProf.db: {"WprofHTMLTag": {"code": "0xb4cc7e10", "doc": "http://searchengineland.com/can-manage-inventory-google-shopping-247541", "row": 105, "column": 44, "tagName": "link", "time": 14765.613554, "url": "http://s.w.org/", "pos": 1, "chunkLen": 1, "isStartTag": 1}}
06-28 12:41:37.661 15029 15042 E WProf.db: {"WprofHTMLTag": {"code": "0xb4cc7e40", "doc": "http://searchengineland.com/can-manage-inventory-google-shopping-247541", "row": 106, "column": 33, "tagName": "script", "time": 14765.613786, "url": "", "pos": 1, "chunkLen": 1, "isStartTag": 1}}
06-28 12:41:37.662 15029 15042 E WProf.db: {"WprofHTMLTag": {"code": "0xb4cc7e70", "doc": "http://searchengineland.com/can-manage-inventory-google-shopping-247541", "row": 109, "column": 11, "tagName": "script", "time": 14765.613980, "url": "http://searchengineland.com/figz/wp-includes/js/wp-emoji-release.min.js?ver=4.7.5", "pos": 1, "chunkLen": 1, "isStartTag": 0}}
06-28 12:41:37.662 15029 15042 E WProf.db: {"WprofHTMLTag": {"code": "0x9d0d3bd0", "doc": "http://searchengineland.com/can-manage-inventory-google-shopping-247541", "row": 110, "column": 25, "tagName": "style", "time": 14766.186429, "url": "", "pos": 1, "chunkLen": 1, "isStartTag": 1}}
06-28 12:41:37.663 15029 15042 E WProf.db: {"WprofHTMLTag": {"code": "0x9d0d3c00", "doc": "http://searchengineland.com/can-manage-inventory-google-shopping-247541", "row": 123, "column": 8, "tagName": "style", "time": 14766.186614, "url": "", "pos": 1, "chunkLen": 1, "isStartTag": 0}}
06-28 12:41:37.663 15029 15042 E WProf.db: {"WprofHTMLTag": {"code": "0x9d0d3c30", "doc": "http://searchengineland.com/can-manage-inventory-google-shopping-247541", "row": 124, "column": 140, "tagName": "script", "time": 14766.188159, "url": "http://searchengineland.com/figz/wp-content/themes/searchengineland/js/lib/modernizr.custom.js?ver=1.0", "pos": 1, "chunkLen": 1, "isStartTag": 1}}
06-28 12:41:37.664 15029 15042 E WProf.db: {"WprofHTMLTag": {"code": "0x9d0d3c60", "doc": "http://searchengineland.com/can-manage-inventory-google-shopping-247541", "row": 124, "column": 149, "tagName": "script", "time": 14766.188388, "url": "", "pos": 1, "chunkLen": 1, "isStartTag": 0}}
06-28 12:41:37.664 15029 15042 E WProf.db: {"WprofHTMLTag": {"code": "0x9d0d3cf0", "doc": "http://searchengineland.com/can-manage-inventory-google-shopping-247541", "row": 125, "column": 144, "tagName": "script", "time": 14766.194906, "url": "http://searchengineland.com/figz/wp-content/themes/searchengineland/js/lib/jquery-1.11.0.min.js?ver=1.11.0", "pos": 1, "chunkLen": 1, "isStartTag": 1}}
06-28 12:41:37.665 15029 15042 E WProf.db: {"WprofHTMLTag": {"code": "0x9d0d3d20", "doc": "http://searchengineland.com/can-manage-inventory-google-shopping-247541", "row": 125, "column": 153, "tagName": "script", "time": 14766.195151, "url": "", "pos": 1, "chunkLen": 1, "isStartTag": 0}}
06-28 12:41:37.665 15029 15042 E WProf.db: {"WprofHTMLTag": {"code": "0xaeddad20", "doc": "http://searchengineland.com/can-manage-inventory-google-shopping-247541", "row": 0, "column": 15, "tagName": "div", "time": 14766.259126, "url": "", "pos": 15, "chunkLen": 44, "isStartTag": 1}}
06-28 12:41:37.666 15029 15042 E WProf.db: {"WprofHTMLTag": {"code": "0xaeddacf0", "doc": "http://searchengineland.com/can-manage-inventory-google-shopping-247541", "row": 0, "column": 21, "tagName": "div", "time": 14766.259266, "url": "", "pos": 21, "chunkLen": 44, "isStartTag": 0}}
06-28 12:41:37.666 15029 15042 E WProf.db: {"WprofHTMLTag": {"code": "0xaeddab70", "doc": "http://searchengineland.com/can-manage-inventory-google-shopping-247541", "row": 0, "column": 38, "tagName": "div", "time": 14766.259328, "url": "", "pos": 38, "chunkLen": 44, "isStartTag": 1}}
06-28 12:41:37.667 15029 15042 E WProf.db: {"WprofHTMLTag": {"code": "0xaeddaae0", "doc": "http://searchengineland.com/can-manage-inventory-google-shopping-247541", "row": 0, "column": 44, "tagName": "div", "time": 14766.259454, "url": "", "pos": 44, "chunkLen": 44, "isStartTag": 0}}
06-28 12:41:37.667 15029 15042 E WProf.db: {"WprofHTMLTag": {"code": "0xaeddaab0", "doc": "http://searchengineland.com/can-manage-inventory-google-shopping-247541", "row": 0, "column": 13, "tagName": "select", "time": 14766.260849, "url": "", "pos": 13, "chunkLen": 51, "isStartTag": 1}}
06-28 12:41:37.668 15029 15042 E WProf.db: {"WprofHTMLTag": {"code": "0xaeddaa80", "doc": "http://searchengineland.com/can-manage-inventory-google-shopping-247541", "row": 0, "column": 33, "tagName": "option", "time": 14766.261025, "url": "", "pos": 33, "chunkLen": 51, "isStartTag": 1}}
06-28 12:41:37.668 15029 15042 E WProf.db: {"WprofHTMLTag": {"code": "0x9d0d3d50", "doc": "http://searchengineland.com/can-manage-inventory-google-shopping-247541", "row": 0, "column": 42, "tagName": "option", "time": 14766.261209, "url": "", "pos": 42, "chunkLen": 51, "isStartTag": 0}}
06-28 12:41:37.675 15029 15042 E WProf.db: {"WprofHTMLTag": {"code": "0x9d0d3d80", "doc": "http://searchengineland.com/can-manage-inventory-google-shopping-247541", "row": 0, "column": 51, "tagName": "select", "time": 14766.261273, "url": "", "pos": 51, "chunkLen": 51, "isStartTag": 0}}
06-28 12:41:37.675 15029 15042 E WProf.db: {"WprofHTMLTag": {"code": "0x9d0d3db0", "doc": "http://searchengineland.com/can-manage-inventory-google-shopping-247541", "row": 0, "column": 12, "tagName": "a", "time": 14766.265488, "url": "", "pos": 12, "chunkLen": 16, "isStartTag": 1}}
06-28 12:41:37.675 15029 15042 E WProf.db: {"WprofHTMLTag": {"code": "0x9d0d3de0", "doc": "http://searchengineland.com/can-manage-inventory-google-shopping-247541", "row": 0, "column": 16, "tagName": "a", "time": 14766.265662, "url": "", "pos": 16, "chunkLen": 16, "isStartTag": 0}}
06-28 12:41:37.675 15029 15042 E WProf.db: {"WprofHTMLTag": {"code": "0x9d0d3e10", "doc": "http://searchengineland.com/can-manage-inventory-google-shopping-247541", "row": 0, "column": 8, "tagName": "input", "time": 14766.266627, "url": "", "pos": 8, "chunkLen": 8, "isStartTag": 1}}
06-28 12:41:37.675 15029 15042 E WProf.db: {"WprofHTMLTag": {"code": "0x9d0d3e40", "doc": "http://searchengineland.com/can-manage-inventory-google-shopping-247541", "row": 0, "column": 9, "tagName": "link", "time": 14766.275706, "url": "", "pos": 9, "chunkLen": 42, "isStartTag": 1}}
06-28 12:41:37.676 15029 15042 E WProf.db: {"WprofHTMLTag": {"code": "0x9d0d3e70", "doc": "http://searchengineland.com/can-manage-inventory-google-shopping-247541", "row": 0, "column": 16, "tagName": "table", "time": 14766.275818, "url": "", "pos": 16, "chunkLen": 42, "isStartTag": 1}}
06-28 12:41:37.676 15029 15042 E WProf.db: {"WprofHTMLTag": {"code": "0x9d0d3ea0", "doc": "http://searchengineland.com/can-manage-inventory-google-shopping-247541", "row": 0, "column": 24, "tagName": "table", "time": 14766.275926, "url": "", "pos": 24, "chunkLen": 42, "isStartTag": 0}}
06-28 12:41:37.676 15029 15042 E WProf.db: {"WprofHTMLTag": {"code": "0x9d0d3ed0", "doc": "http://searchengineland.com/can-manage-inventory-google-shopping-247541", "row": 0, "column": 37, "tagName": "a", "time": 14766.275987, "url": "", "pos": 37, "chunkLen": 42, "isStartTag": 1}}
06-28 12:41:37.676 15029 15042 E WProf.db: {"WprofHTMLTag": {"code": "0x9d0d3f00", "doc": "http://searchengineland.com/can-manage-inventory-google-shopping-247541", "row": 0, "column": 42, "tagName": "a", "time": 14766.276151, "url": "", "pos": 42, "chunkLen": 42, "isStartTag": 0}}
06-28 12:41:37.676 15029 15042 E WProf.db: {"WprofHTMLTag": {"code": "0x9d0d3f90", "doc": "http://searchengineland.com/can-manage-inventory-google-shopping-247541", "row": 0, "column": 10, "tagName": "textarea", "time": 14766.277350, "url": "", "pos": 10, "chunkLen": 22, "isStartTag": 1}}
06-28 12:41:37.676 15029 15042 E WProf.db: {"WprofHTMLTag": {"code": "0x9d0d3fc0", "doc": "http://searchengineland.com/can-manage-inventory-google-shopping-247541", "row": 0, "column": 22, "tagName": "textarea", "time": 14766.277582, "url": "", "pos": 22, "chunkLen": 22, "isStartTag": 0}}
06-28 12:41:37.676 15029 15042 E WProf.db: {"WprofHTMLTag": {"code": "0x9d0d3ff0", "doc": "http://searchengineland.com/can-manage-inventory-google-shopping-247541", "row": 0, "column": 48, "tagName": "input", "time": 14766.278744, "url": "", "pos": 48, "chunkLen": 48, "isStartTag": 1}}
06-28 12:41:37.677 15029 15042 E WProf.db: {"WprofHTMLTag": {"code": "0x9d0d4050", "doc": "http://searchengineland.com/can-manage-inventory-google-shopping-247541", "row": 0, "column": 9, "tagName": "link", "time": 14766.283260, "url": "", "pos": 9, "chunkLen": 66, "isStartTag": 1}}
06-28 12:41:37.677 15029 15042 E WProf.db: {"WprofHTMLTag": {"code": "0x9d0d4080", "doc": "http://searchengineland.com/can-manage-inventory-google-shopping-247541", "row": 0, "column": 16, "tagName": "table", "time": 14766.283375, "url": "", "pos": 16, "chunkLen": 66, "isStartTag": 1}}
06-28 12:41:37.677 15029 15042 E WProf.db: {"WprofHTMLTag": {"code": "0x9d0d40b0", "doc": "http://searchengineland.com/can-manage-inventory-google-shopping-247541", "row": 0, "column": 24, "tagName": "table", "time": 14766.283445, "url": "", "pos": 24, "chunkLen": 66, "isStartTag": 0}}
06-28 12:41:37.677 15029 15042 E WProf.db: {"WprofHTMLTag": {"code": "0x9d0d40e0", "doc": "http://searchengineland.com/can-manage-inventory-google-shopping-247541", "row": 0, "column": 37, "tagName": "a", "time": 14766.283512, "url": "", "pos": 37, "chunkLen": 66, "isStartTag": 1}}
06-28 12:41:37.677 15029 15042 E WProf.db: {"WprofHTMLTag": {"code": "0x9d0d4110", "doc": "http://searchengineland.com/can-manage-inventory-google-shopping-247541", "row": 0, "column": 42, "tagName": "a", "time": 14766.283682, "url": "", "pos": 42, "chunkLen": 66, "isStartTag": 0}}
06-28 12:41:37.677 15029 15042 E WProf.db: {"WprofHTMLTag": {"code": "0x9d0d4140", "doc": "http://searchengineland.com/can-manage-inventory-google-shopping-247541", "row": 0, "column": 66, "tagName": "input", "time": 14766.283745, "url": "", "pos": 66, "chunkLen": 66, "isStartTag": 1}}
06-28 12:41:37.677 15029 15042 E WProf.db: {"WprofHTMLTag": {"code": "0x9d0d41d0", "doc": "http://searchengineland.com/can-manage-inventory-google-shopping-247541", "row": 0, "column": 9, "tagName": "link", "time": 14766.285791, "url": "", "pos": 9, "chunkLen": 66, "isStartTag": 1}}
06-28 12:41:37.677 15029 15042 E WProf.db: {"WprofHTMLTag": {"code": "0x9d0d4200", "doc": "http://searchengineland.com/can-manage-inventory-google-shopping-247541", "row": 0, "column": 16, "tagName": "table", "time": 14766.285897, "url": "", "pos": 16, "chunkLen": 66, "isStartTag": 1}}
06-28 12:41:37.677 15029 15042 E WProf.db: {"WprofHTMLTag": {"code": "0x9d0d4230", "doc": "http://searchengineland.com/can-manage-inventory-google-shopping-247541", "row": 0, "column": 24, "tagName": "table", "time": 14766.285982, "url": "", "pos": 24, "chunkLen": 66, "isStartTag": 0}}
06-28 12:41:37.678 15029 15042 E WProf.db: {"WprofHTMLTag": {"code": "0x9d0d4260", "doc": "http://searchengineland.com/can-manage-inventory-google-shopping-247541", "row": 0, "column": 37, "tagName": "a", "time": 14766.286044, "url": "", "pos": 37, "chunkLen": 66, "isStartTag": 1}}
06-28 12:41:37.678 15029 15042 E WProf.db: {"WprofHTMLTag": {"code": "0x9d0d4290", "doc": "http://searchengineland.com/can-manage-inventory-google-shopping-247541", "row": 0, "column": 42, "tagName": "a", "time": 14766.286214, "url": "", "pos": 42, "chunkLen": 66, "isStartTag": 0}}
06-28 12:41:37.678 15029 15042 E WProf.db: {"WprofHTMLTag": {"code": "0x9d0d42c0", "doc": "http://searchengineland.com/can-manage-inventory-google-shopping-247541", "row": 0, "column": 66, "tagName": "input", "time": 14766.286278, "url": "", "pos": 66, "chunkLen": 66, "isStartTag": 1}}
06-28 12:41:37.678 15029 15042 E WProf.db: {"WprofHTMLTag": {"code": "0x9d0d4320", "doc": "http://searchengineland.com/can-manage-inventory-google-shopping-247541", "row": 0, "column": 9, "tagName": "link", "time": 14766.291104, "url": "", "pos": 9, "chunkLen": 66, "isStartTag": 1}}
06-28 12:41:37.678 15029 15042 E WProf.db: {"WprofHTMLTag": {"code": "0x9d0d4350", "doc": "http://searchengineland.com/can-manage-inventory-google-shopping-247541", "row": 0, "column": 16, "tagName": "table", "time": 14766.291214, "url": "", "pos": 16, "chunkLen": 66, "isStartTag": 1}}
06-28 12:41:37.678 15029 15042 E WProf.db: {"WprofHTMLTag": {"code": "0x9d0d4380", "doc": "http://searchengineland.com/can-manage-inventory-google-shopping-247541", "row": 0, "column": 24, "tagName": "table", "time": 14766.291285, "url": "", "pos": 24, "chunkLen": 66, "isStartTag": 0}}
06-28 12:41:37.678 15029 15042 E WProf.db: {"WprofHTMLTag": {"code": "0x9d0d43b0", "doc": "http://searchengineland.com/can-manage-inventory-google-shopping-247541", "row": 0, "column": 37, "tagName": "a", "time": 14766.291351, "url": "", "pos": 37, "chunkLen": 66, "isStartTag": 1}}
06-28 12:41:37.678 15029 15042 E WProf.db: {"WprofHTMLTag": {"code": "0x9d0d43e0", "doc": "http://searchengineland.com/can-manage-inventory-google-shopping-247541", "row": 0, "column": 42, "tagName": "a", "time": 14766.291513, "url": "", "pos": 42, "chunkLen": 66, "isStartTag": 0}}
06-28 12:41:37.679 15029 15042 E WProf.db: {"WprofHTMLTag": {"code": "0x9d0d4410", "doc": "http://searchengineland.com/can-manage-inventory-google-shopping-247541", "row": 0, "column": 66, "tagName": "input", "time": 14766.291573, "url": "", "pos": 66, "chunkLen": 66, "isStartTag": 1}}
06-28 12:41:37.679 15029 15042 E WProf.db: {"WprofHTMLTag": {"code": "0x9d0d3cc0", "doc": "http://searchengineland.com/can-manage-inventory-google-shopping-247541", "row": 126, "column": 154, "tagName": "script", "time": 14766.304202, "url": "http://searchengineland.com/figz/wp-content/themes/searchengineland/js/lib/jquery-ui-1.10.3.custom.min.js?ver=1.10.3", "pos": 67, "chunkLen": 67, "isStartTag": 1}}
