06-28 11:22:35.600 18893 18939 E chromium: [ERROR:gles2_cmd_decoder.cc(3852)] [.ChromiumCompositor-0xacbb2fc0]GL ERROR :GL_INVALID_ENUM : glDiscardFramebufferEXT: attachments was GL_COLOR_EXT
06-28 11:22:35.617 18893 18939 E chromium: [ERROR:gles2_cmd_decoder.cc(3852)] [.ChromiumCompositor-0xacbb2fc0]GL ERROR :GL_INVALID_ENUM : glDiscardFramebufferEXT: attachments was GL_COLOR_EXT
06-28 11:22:35.633 18893 18939 E chromium: [ERROR:gles2_cmd_decoder.cc(3852)] [.ChromiumCompositor-0xacbb2fc0]GL ERROR :GL_INVALID_ENUM : glDiscardFramebufferEXT: attachments was GL_COLOR_EXT
06-28 11:22:35.651 18893 18939 E chromium: [ERROR:gles2_cmd_decoder.cc(3852)] [.ChromiumCompositor-0xacbb2fc0]GL ERROR :GL_INVALID_ENUM : glDiscardFramebufferEXT: attachments was GL_COLOR_EXT
06-28 11:22:35.668 18893 18939 E chromium: [ERROR:gles2_cmd_decoder.cc(3852)] [.ChromiumCompositor-0xacbb2fc0]GL ERROR :GL_INVALID_ENUM : glDiscardFramebufferEXT: attachments was GL_COLOR_EXT
06-28 11:22:35.686 18893 18939 E chromium: [ERROR:gles2_cmd_decoder.cc(3852)] [.ChromiumCompositor-0xacbb2fc0]GL ERROR :GL_INVALID_ENUM : glDiscardFramebufferEXT: attachments was GL_COLOR_EXT
06-28 11:22:35.690 18960 18973 E WPROF   : {"Javascript": {"url": "https://3p.ampproject.net/1498506512561/f.js", "requestTime": 10032.745461}}
06-28 11:22:35.700 18893 18939 E chromium: [ERROR:gles2_cmd_decoder.cc(3852)] [.ChromiumCompositor-0xacbb2fc0]GL ERROR :GL_INVALID_ENUM : glDiscardFramebufferEXT: attachments was GL_COLOR_EXT
06-28 11:22:35.717 18893 18939 E chromium: [ERROR:gles2_cmd_decoder.cc(3852)] [.ChromiumCompositor-0xacbb2fc0]GL ERROR :GL_INVALID_ENUM : glDiscardFramebufferEXT: attachments was GL_COLOR_EXT
06-28 11:22:35.735 18893 18939 E chromium: [ERROR:gles2_cmd_decoder.cc(3852)] [.ChromiumCompositor-0xacbb2fc0]GL ERROR :GL_INVALID_ENUM : glDiscardFramebufferEXT: attachments was GL_COLOR_EXT
06-28 11:22:35.753 18893 18939 E chromium: [ERROR:gles2_cmd_decoder.cc(3852)] [.ChromiumCompositor-0xacbb2fc0]GL ERROR :GL_INVALID_ENUM : glDiscardFramebufferEXT: attachments was GL_COLOR_EXT
06-28 11:22:35.770 18893 18939 E chromium: [ERROR:gles2_cmd_decoder.cc(3852)] [.ChromiumCompositor-0xacbb2fc0]GL ERROR :GL_INVALID_ENUM : glDiscardFramebufferEXT: attachments was GL_COLOR_EXT
06-28 11:22:35.785 18893 18939 E chromium: [ERROR:gles2_cmd_decoder.cc(3852)] [.ChromiumCompositor-0xacbb2fc0]GL ERROR :GL_INVALID_ENUM : glDiscardFramebufferEXT: attachments was GL_COLOR_EXT
06-28 11:22:35.802 18893 18939 E chromium: [ERROR:gles2_cmd_decoder.cc(3852)] [.ChromiumCompositor-0xacbb2fc0]GL ERROR :GL_INVALID_ENUM : glDiscardFramebufferEXT: attachments was GL_COLOR_EXT
06-28 11:22:35.819 18893 18939 E chromium: [ERROR:gles2_cmd_decoder.cc(3852)] [.ChromiumCompositor-0xacbb2fc0]GL ERROR :GL_INVALID_ENUM : glDiscardFramebufferEXT: attachments was GL_COLOR_EXT
06-28 11:22:35.835 18893 18939 E chromium: [ERROR:gles2_cmd_decoder.cc(3852)] [.ChromiumCompositor-0xacbb2fc0]GL ERROR :GL_INVALID_ENUM : glDiscardFramebufferEXT: attachments was GL_COLOR_EXT
06-28 11:22:35.854 18893 18939 E chromium: [ERROR:gles2_cmd_decoder.cc(3852)] [.ChromiumCompositor-0xacbb2fc0]GL ERROR :GL_INVALID_ENUM : glDiscardFramebufferEXT: attachments was GL_COLOR_EXT
06-28 11:22:35.872 18893 18939 E chromium: [ERROR:gles2_cmd_decoder.cc(3852)] [.ChromiumCompositor-0xacbb2fc0]GL ERROR :GL_INVALID_ENUM : glDiscardFramebufferEXT: attachments was GL_COLOR_EXT
06-28 11:22:35.895 18893 18939 E chromium: [ERROR:gles2_cmd_decoder.cc(3852)] [.ChromiumCompositor-0xacbb2fc0]GL ERROR :GL_INVALID_ENUM : glDiscardFramebufferEXT: attachments was GL_COLOR_EXT
06-28 11:22:35.905 18893 18939 E chromium: [ERROR:gles2_cmd_decoder.cc(3852)] [.ChromiumCompositor-0xacbb2fc0]GL ERROR :GL_INVALID_ENUM : glDiscardFramebufferEXT: attachments was GL_COLOR_EXT
06-28 11:22:35.920 18893 18939 E chromium: [ERROR:gles2_cmd_decoder.cc(3852)] [.ChromiumCompositor-0xacbb2fc0]GL ERROR :GL_INVALID_ENUM : glDiscardFramebufferEXT: attachments was GL_COLOR_EXT
06-28 11:22:35.935 18893 18939 E chromium: [ERROR:gles2_cmd_decoder.cc(3852)] [.ChromiumCompositor-0xacbb2fc0]GL ERROR :GL_INVALID_ENUM : glDiscardFramebufferEXT: attachments was GL_COLOR_EXT
06-28 11:22:35.954 18893 18939 E chromium: [ERROR:gles2_cmd_decoder.cc(3852)] [.ChromiumCompositor-0xacbb2fc0]GL ERROR :GL_INVALID_ENUM : glDiscardFramebufferEXT: attachments was GL_COLOR_EXT
06-28 11:22:35.973 18893 18939 E chromium: [ERROR:gles2_cmd_decoder.cc(3852)] [.ChromiumCompositor-0xacbb2fc0]GL ERROR :GL_INVALID_ENUM : glDiscardFramebufferEXT: attachments was GL_COLOR_EXT
06-28 11:22:35.986 18893 18939 E chromium: [ERROR:gles2_cmd_decoder.cc(3852)] [.ChromiumCompositor-0xacbb2fc0]GL ERROR :GL_INVALID_ENUM : glDiscardFramebufferEXT: attachments was GL_COLOR_EXT
06-28 11:22:36.001 18893 18939 E chromium: [ERROR:gles2_cmd_decoder.cc(3852)] [.ChromiumCompositor-0xacbb2fc0]GL ERROR :GL_INVALID_ENUM : glDiscardFramebufferEXT: attachments was GL_COLOR_EXT
06-28 11:22:36.020 18893 18939 E chromium: [ERROR:gles2_cmd_decoder.cc(3852)] [.ChromiumCompositor-0xacbb2fc0]GL ERROR :GL_INVALID_ENUM : glDiscardFramebufferEXT: attachments was GL_COLOR_EXT
06-28 11:22:36.036 18893 18939 E chromium: [ERROR:gles2_cmd_decoder.cc(3852)] [.ChromiumCompositor-0xacbb2fc0]GL ERROR :GL_INVALID_ENUM : glDiscardFramebufferEXT: attachments was GL_COLOR_EXT
06-28 11:22:36.055 18893 18939 E chromium: [ERROR:gles2_cmd_decoder.cc(3852)] [.ChromiumCompositor-0xacbb2fc0]GL ERROR :GL_INVALID_ENUM : glDiscardFramebufferEXT: attachments was GL_COLOR_EXT
06-28 11:22:36.078 18893 18939 E chromium: [ERROR:gles2_cmd_decoder.cc(3852)] [.ChromiumCompositor-0xacbb2fc0]GL ERROR :GL_INVALID_ENUM : glDiscardFramebufferEXT: attachments was GL_COLOR_EXT
06-28 11:22:36.096 18893 18939 E chromium: [ERROR:gles2_cmd_decoder.cc(3852)] [.ChromiumCompositor-0xacbb2fc0]GL ERROR :GL_INVALID_ENUM : glDiscardFramebufferEXT: attachments was GL_COLOR_EXT
06-28 11:22:36.105 18893 18939 E chromium: [ERROR:gles2_cmd_decoder.cc(3852)] [.ChromiumCompositor-0xacbb2fc0]GL ERROR :GL_INVALID_ENUM : glDiscardFramebufferEXT: attachments was GL_COLOR_EXT
06-28 11:22:36.120 18893 18939 E chromium: [ERROR:gles2_cmd_decoder.cc(3852)] [.ChromiumCompositor-0xacbb2fc0]GL ERROR :GL_INVALID_ENUM : glDiscardFramebufferEXT: attachments was GL_COLOR_EXT
06-28 11:22:36.138 18893 18939 E chromium: [ERROR:gles2_cmd_decoder.cc(3852)] [.ChromiumCompositor-0xacbb2fc0]GL ERROR :GL_INVALID_ENUM : glDiscardFramebufferEXT: attachments was GL_COLOR_EXT
06-28 11:22:36.154 18893 18939 E chromium: [ERROR:gles2_cmd_decoder.cc(3852)] [.ChromiumCompositor-0xacbb2fc0]GL ERROR :GL_INVALID_ENUM : glDiscardFramebufferEXT: attachments was GL_COLOR_EXT
06-28 11:22:36.170 18893 18939 E chromium: [ERROR:gles2_cmd_decoder.cc(3852)] [.ChromiumCompositor-0xacbb2fc0]GL ERROR :GL_INVALID_ENUM : glDiscardFramebufferEXT: attachments was GL_COLOR_EXT
06-28 11:22:36.192 18893 18939 E chromium: [ERROR:gles2_cmd_decoder.cc(3852)] [.ChromiumCompositor-0xacbb2fc0]GL ERROR :GL_INVALID_ENUM : glDiscardFramebufferEXT: attachments was GL_COLOR_EXT
06-28 11:22:36.206 18893 18939 E chromium: [ERROR:gles2_cmd_decoder.cc(3852)] [.ChromiumCompositor-0xacbb2fc0]GL ERROR :GL_INVALID_ENUM : glDiscardFramebufferEXT: attachments was GL_COLOR_EXT
06-28 11:22:36.222 18893 18939 E chromium: [ERROR:gles2_cmd_decoder.cc(3852)] [.ChromiumCompositor-0xacbb2fc0]GL ERROR :GL_INVALID_ENUM : glDiscardFramebufferEXT: attachments was GL_COLOR_EXT
06-28 11:22:36.225 18960 18973 E WPROF   : {"Javascript": {"url": "https://securepubads.g.doubleclick.net/static/glade.js", "requestTime": 10033.281033}}
06-28 11:22:36.239 18893 18939 E chromium: [ERROR:gles2_cmd_decoder.cc(3852)] [.ChromiumCompositor-0xacbb2fc0]GL ERROR :GL_INVALID_ENUM : glDiscardFramebufferEXT: attachments was GL_COLOR_EXT
06-28 11:22:36.274 18893 18939 E chromium: [ERROR:gles2_cmd_decoder.cc(3852)] [.ChromiumCompositor-0xacbb2fc0]GL ERROR :GL_INVALID_ENUM : glDiscardFramebufferEXT: attachments was GL_COLOR_EXT
06-28 11:22:36.277 18893 18939 E chromium: [ERROR:gles2_cmd_decoder.cc(3852)] [.ChromiumCompositor-0xacbb2fc0]GL ERROR :GL_INVALID_ENUM : glDiscardFramebufferEXT: attachments was GL_COLOR_EXT
06-28 11:22:36.291 18893 18939 E chromium: [ERROR:gles2_cmd_decoder.cc(3852)] [.ChromiumCompositor-0xacbb2fc0]GL ERROR :GL_INVALID_ENUM : glDiscardFramebufferEXT: attachments was GL_COLOR_EXT
06-28 11:22:36.305 18893 18939 E chromium: [ERROR:gles2_cmd_decoder.cc(3852)] [.ChromiumCompositor-0xacbb2fc0]GL ERROR :GL_INVALID_ENUM : glDiscardFramebufferEXT: attachments was GL_COLOR_EXT
06-28 11:22:36.319 18893 18939 E chromium: [ERROR:gles2_cmd_decoder.cc(3852)] [.ChromiumCompositor-0xacbb2fc0]GL ERROR :GL_INVALID_ENUM : glDiscardFramebufferEXT: attachments was GL_COLOR_EXT
06-28 11:22:36.340 18893 18939 E chromium: [ERROR:gles2_cmd_decoder.cc(3852)] [.ChromiumCompositor-0xacbb2fc0]GL ERROR :GL_INVALID_ENUM : glDiscardFramebufferEXT: attachments was GL_COLOR_EXT
06-28 11:22:36.355 18893 18939 E chromium: [ERROR:gles2_cmd_decoder.cc(3852)] [.ChromiumCompositor-0xacbb2fc0]GL ERROR :GL_INVALID_ENUM : glDiscardFramebufferEXT: attachments was GL_COLOR_EXT
06-28 11:22:36.372 18893 18939 E chromium: [ERROR:gles2_cmd_decoder.cc(3852)] [.ChromiumCompositor-0xacbb2fc0]GL ERROR :GL_INVALID_ENUM : glDiscardFramebufferEXT: attachments was GL_COLOR_EXT
06-28 11:22:36.390 18893 18939 E chromium: [ERROR:gles2_cmd_decoder.cc(3852)] [.ChromiumCompositor-0xacbb2fc0]GL ERROR :GL_INVALID_ENUM : glDiscardFramebufferEXT: attachments was GL_COLOR_EXT
06-28 11:22:36.407 18893 18939 E chromium: [ERROR:gles2_cmd_decoder.cc(3852)] [.ChromiumCompositor-0xacbb2fc0]GL ERROR :GL_INVALID_ENUM : glDiscardFramebufferEXT: attachments was GL_COLOR_EXT
06-28 11:22:36.438 18893 18939 E chromium: [ERROR:gles2_cmd_decoder.cc(3852)] [.ChromiumCompositor-0xacbb2fc0]GL ERROR :GL_INVALID_ENUM : glDiscardFramebufferEXT: attachments was GL_COLOR_EXT
06-28 11:22:36.454 18893 18939 E chromium: [ERROR:gles2_cmd_decoder.cc(3852)] [.ChromiumCompositor-0xacbb2fc0]GL ERROR :GL_INVALID_ENUM : glDiscardFramebufferEXT: attachments was GL_COLOR_EXT
06-28 11:22:36.475 18893 18939 E chromium: [ERROR:gles2_cmd_decoder.cc(3852)] [.ChromiumCompositor-0xacbb2fc0]GL ERROR :GL_INVALID_ENUM : glDiscardFramebufferEXT: attachments was GL_COLOR_EXT
06-28 11:22:36.500 18893 18939 E chromium: [ERROR:gles2_cmd_decoder.cc(3852)] [.ChromiumCompositor-0xacbb2fc0]GL ERROR :GL_INVALID_ENUM : glDiscardFramebufferEXT: attachments was GL_COLOR_EXT
06-28 11:22:36.516 18893 18939 E chromium: [ERROR:gles2_cmd_decoder.cc(3852)] [.ChromiumCompositor-0xacbb2fc0]GL ERROR :GL_INVALID_ENUM : glDiscardFramebufferEXT: attachments was GL_COLOR_EXT
06-28 11:22:36.525 18893 18939 E chromium: [ERROR:gles2_cmd_decoder.cc(3852)] [.ChromiumCompositor-0xacbb2fc0]GL ERROR :GL_INVALID_ENUM : glDiscardFramebufferEXT: attachments was GL_COLOR_EXT
06-28 11:22:36.535 18893 18939 E chromium: [ERROR:gles2_cmd_decoder.cc(3852)] [.ChromiumCompositor-0xacbb2fc0]GL ERROR :GL_INVALID_ENUM : glDiscardFramebufferEXT: attachments was GL_COLOR_EXT
06-28 11:22:36.545 18893 18939 E chromium: [ERROR:gles2_cmd_decoder.cc(3852)] [.ChromiumCompositor-0xacbb2fc0]GL ERROR :GL_INVALID_ENUM : glDiscardFramebufferEXT: attachments was GL_COLOR_EXT
06-28 11:22:36.556 18893 18939 E chromium: [ERROR:gles2_cmd_decoder.cc(3852)] [.ChromiumCompositor-0xacbb2fc0]GL ERROR :GL_INVALID_ENUM : glDiscardFramebufferEXT: attachments was GL_COLOR_EXT
06-28 11:22:36.572 18893 18939 E chromium: [ERROR:gles2_cmd_decoder.cc(3852)] [.ChromiumCompositor-0xacbb2fc0]GL ERROR :GL_INVALID_ENUM : glDiscardFramebufferEXT: attachments was GL_COLOR_EXT
06-28 11:22:36.591 18893 18939 E chromium: [ERROR:gles2_cmd_decoder.cc(3852)] [.ChromiumCompositor-0xacbb2fc0]GL ERROR :GL_INVALID_ENUM : glDiscardFramebufferEXT: attachments was GL_COLOR_EXT
06-28 11:22:36.613 18893 18939 E chromium: [ERROR:gles2_cmd_decoder.cc(3852)] [.ChromiumCompositor-0xacbb2fc0]GL ERROR :GL_INVALID_ENUM : glDiscardFramebufferEXT: attachments was GL_COLOR_EXT
06-28 11:22:36.637 18893 18939 E chromium: [ERROR:gles2_cmd_decoder.cc(3852)] [.ChromiumCompositor-0xacbb2fc0]GL ERROR :GL_INVALID_ENUM : glDiscardFramebufferEXT: attachments was GL_COLOR_EXT
06-28 11:22:36.657 18893 18939 E chromium: [ERROR:gles2_cmd_decoder.cc(3852)] [.ChromiumCompositor-0xacbb2fc0]GL ERROR :GL_INVALID_ENUM : glDiscardFramebufferEXT: attachments was GL_COLOR_EXT
06-28 11:22:36.672 18893 18939 E chromium: [ERROR:gles2_cmd_decoder.cc(3852)] [.ChromiumCompositor-0xacbb2fc0]GL ERROR :GL_INVALID_ENUM : glDiscardFramebufferEXT: attachments was GL_COLOR_EXT
06-28 11:22:36.690 18893 18939 E chromium: [ERROR:gles2_cmd_decoder.cc(3852)] [.ChromiumCompositor-0xacbb2fc0]GL ERROR :GL_INVALID_ENUM : glDiscardFramebufferEXT: attachments was GL_COLOR_EXT
06-28 11:22:36.707 18893 18939 E chromium: [ERROR:gles2_cmd_decoder.cc(3852)] [.ChromiumCompositor-0xacbb2fc0]GL ERROR :GL_INVALID_ENUM : glDiscardFramebufferEXT: attachments was GL_COLOR_EXT
06-28 11:22:36.723 18893 18939 E chromium: [ERROR:gles2_cmd_decoder.cc(3852)] [.ChromiumCompositor-0xacbb2fc0]GL ERROR :GL_INVALID_ENUM : glDiscardFramebufferEXT: attachments was GL_COLOR_EXT
06-28 11:22:36.725 18960 18973 E WPROF   : {"Javascript": {"url": "https://securepubads.g.doubleclick.net/static/glade/extra_25.js", "requestTime": 10033.781145}}
06-28 11:22:36.761 18893 18939 E chromium: [ERROR:gles2_cmd_decoder.cc(3852)] [.ChromiumCompositor-0xacbb2fc0]GL ERROR :GL_INVALID_ENUM : glDiscardFramebufferEXT: attachments was GL_COLOR_EXT
06-28 11:22:36.777 18893 18939 E chromium: [ERROR:gles2_cmd_decoder.cc(3852)] [.ChromiumCompositor-0xacbb2fc0]GL ERROR :GL_INVALID_ENUM : glDiscardFramebufferEXT: attachments was GL_COLOR_EXT
06-28 11:22:36.779 18893 18939 E chromium: [ERROR:gles2_cmd_decoder.cc(3852)] [.ChromiumCompositor-0xacbb2fc0]GL ERROR :GL_INVALID_ENUM : glDiscardFramebufferEXT: attachments was GL_COLOR_EXT
06-28 11:22:36.793 18893 18939 E chromium: [ERROR:gles2_cmd_decoder.cc(3852)] [.ChromiumCompositor-0xacbb2fc0]GL ERROR :GL_INVALID_ENUM : glDiscardFramebufferEXT: attachments was GL_COLOR_EXT
06-28 11:22:36.807 18893 18939 E chromium: [ERROR:gles2_cmd_decoder.cc(3852)] [.ChromiumCompositor-0xacbb2fc0]GL ERROR :GL_INVALID_ENUM : glDiscardFramebufferEXT: attachments was GL_COLOR_EXT
06-28 11:22:36.826 18893 18939 E chromium: [ERROR:gles2_cmd_decoder.cc(3852)] [.ChromiumCompositor-0xacbb2fc0]GL ERROR :GL_INVALID_ENUM : glDiscardFramebufferEXT: attachments was GL_COLOR_EXT
06-28 11:22:36.846 18893 18939 E chromium: [ERROR:gles2_cmd_decoder.cc(3852)] [.ChromiumCompositor-0xacbb2fc0]GL ERROR :GL_INVALID_ENUM : glDiscardFramebufferEXT: attachments was GL_COLOR_EXT
06-28 11:22:36.861 18893 18939 E chromium: [ERROR:gles2_cmd_decoder.cc(3852)] [.ChromiumCompositor-0xacbb2fc0]GL ERROR :GL_INVALID_ENUM : glDiscardFramebufferEXT: attachments was GL_COLOR_EXT
06-28 11:22:36.874 18893 18939 E chromium: [ERROR:gles2_cmd_decoder.cc(3852)] [.ChromiumCompositor-0xacbb2fc0]GL ERROR :GL_INVALID_ENUM : glDiscardFramebufferEXT: attachments was GL_COLOR_EXT
06-28 11:22:36.890 18893 18939 E chromium: [ERROR:gles2_cmd_decoder.cc(3852)] [.ChromiumCompositor-0xacbb2fc0]GL ERROR :GL_INVALID_ENUM : glDiscardFramebufferEXT: attachments was GL_COLOR_EXT
06-28 11:22:36.910 18893 18939 E chromium: [ERROR:gles2_cmd_decoder.cc(3852)] [.ChromiumCompositor-0xacbb2fc0]GL ERROR :GL_INVALID_ENUM : glDiscardFramebufferEXT: attachments was GL_COLOR_EXT
06-28 11:22:36.929 18893 18939 E chromium: [ERROR:gles2_cmd_decoder.cc(3852)] [.ChromiumCompositor-0xacbb2fc0]GL ERROR :GL_INVALID_ENUM : glDiscardFramebufferEXT: attachments was GL_COLOR_EXT
06-28 11:22:36.939 18893 18939 E chromium: [ERROR:gles2_cmd_decoder.cc(3852)] [.ChromiumCompositor-0xacbb2fc0]GL ERROR :GL_INVALID_ENUM : glDiscardFramebufferEXT: attachments was GL_COLOR_EXT
06-28 11:22:36.950 18960 18973 E WPROF   : {"Javascript": {"url": "https://tpc.googlesyndication.com/pagead/js/r20170619/r20110914/client/ext/m_window_focus_non_hydra.js", "requestTime": 10034.005731}}
06-28 11:22:36.954 18960 18973 E WPROF   : {"Javascript": {"url": "https://tpc.googlesyndication.com/pagead/js/r20170619/r20110914/activeview/osd_listener.js", "requestTime": 10034.010179}}
06-28 11:22:36.956 18893 18939 E chromium: [ERROR:gles2_cmd_decoder.cc(3852)] [.ChromiumCompositor-0xacbb2fc0]GL ERROR :GL_INVALID_ENUM : glDiscardFramebufferEXT: attachments was GL_COLOR_EXT
06-28 11:22:36.974 18893 18939 E chromium: [ERROR:gles2_cmd_decoder.cc(3852)] [.ChromiumCompositor-0xacbb2fc0]GL ERROR :GL_INVALID_ENUM : glDiscardFramebufferEXT: attachments was GL_COLOR_EXT
06-28 11:22:36.980 18960 18973 E WPROF   : {"Javascript": {"url": "https://pagead2.googlesyndication.com/pagead/osd.js", "requestTime": 10034.035612}}
06-28 11:22:36.991 18893 18939 E chromium: [ERROR:gles2_cmd_decoder.cc(3852)] [.ChromiumCompositor-0xacbb2fc0]GL ERROR :GL_INVALID_ENUM : glDiscardFramebufferEXT: attachments was GL_COLOR_EXT
06-28 11:22:37.007 18893 18939 E chromium: [ERROR:gles2_cmd_decoder.cc(3852)] [.ChromiumCompositor-0xacbb2fc0]GL ERROR :GL_INVALID_ENUM : glDiscardFramebufferEXT: attachments was GL_COLOR_EXT
06-28 11:22:37.025 18893 18939 E chromium: [ERROR:gles2_cmd_decoder.cc(3852)] [.ChromiumCompositor-0xacbb2fc0]GL ERROR :GL_INVALID_ENUM : glDiscardFramebufferEXT: attachments was GL_COLOR_EXT
06-28 11:22:37.045 18893 18939 E chromium: [ERROR:gles2_cmd_decoder.cc(3852)] [.ChromiumCompositor-0xacbb2fc0]GL ERROR :GL_INVALID_ENUM : glDiscardFramebufferEXT: attachments was GL_COLOR_EXT
06-28 11:22:37.060 18893 18939 E chromium: [ERROR:gles2_cmd_decoder.cc(3852)] [.ChromiumCompositor-0xacbb2fc0]GL ERROR :GL_INVALID_ENUM : glDiscardFramebufferEXT: attachments was GL_COLOR_EXT
06-28 11:22:37.076 18893 18939 E chromium: [ERROR:gles2_cmd_decoder.cc(3852)] [.ChromiumCompositor-0xacbb2fc0]GL ERROR :GL_INVALID_ENUM : glDiscardFramebufferEXT: attachments was GL_COLOR_EXT
06-28 11:22:37.168 18893 18939 E chromium: [ERROR:gles2_cmd_decoder.cc(3852)] [.ChromiumCompositor-0xacbb2fc0]GL ERROR :GL_INVALID_ENUM : glDiscardFramebufferEXT: attachments was GL_COLOR_EXT
06-28 11:22:37.179 18893 18939 E chromium: [ERROR:gles2_cmd_decoder.cc(3852)] [.ChromiumCompositor-0xacbb2fc0]GL ERROR :GL_INVALID_ENUM : glDiscardFramebufferEXT: attachments was GL_COLOR_EXT
06-28 11:22:37.191 18893 18939 E chromium: [ERROR:gles2_cmd_decoder.cc(3852)] [.ChromiumCompositor-0xacbb2fc0]GL ERROR :GL_INVALID_ENUM : glDiscardFramebufferEXT: attachments was GL_COLOR_EXT
06-28 11:22:37.200 18893 18939 E chromium: [ERROR:gles2_cmd_decoder.cc(3852)] [.ChromiumCompositor-0xacbb2fc0]GL ERROR :GL_INVALID_ENUM : glDiscardFramebufferEXT: attachments was GL_COLOR_EXT
06-28 11:22:37.210 18893 18939 E chromium: [ERROR:gles2_cmd_decoder.cc(3852)] [.ChromiumCompositor-0xacbb2fc0]GL ERROR :GL_INVALID_ENUM : glDiscardFramebufferEXT: attachments was GL_COLOR_EXT
06-28 11:22:37.241 18893 18939 E chromium: [ERROR:gles2_cmd_decoder.cc(3852)] [.ChromiumCompositor-0xacbb2fc0]GL ERROR :GL_INVALID_ENUM : glDiscardFramebufferEXT: attachments was GL_COLOR_EXT
06-28 11:22:37.247 18893 18939 E chromium: [ERROR:gles2_cmd_decoder.cc(3852)] [.ChromiumCompositor-0xacbb2fc0]GL ERROR :GL_INVALID_ENUM : glDiscardFramebufferEXT: attachments was GL_COLOR_EXT
06-28 11:22:37.262 18893 18939 E chromium: [ERROR:gles2_cmd_decoder.cc(3852)] [.ChromiumCompositor-0xacbb2fc0]GL ERROR :GL_INVALID_ENUM : glDiscardFramebufferEXT: attachments was GL_COLOR_EXT
06-28 11:22:37.283 18893 18939 E chromium: [ERROR:gles2_cmd_decoder.cc(3852)] [.ChromiumCompositor-0xacbb2fc0]GL ERROR :GL_INVALID_ENUM : glDiscardFramebufferEXT: attachments was GL_COLOR_EXT
06-28 11:22:37.307 18893 18939 E chromium: [ERROR:gles2_cmd_decoder.cc(3852)] [.ChromiumCompositor-0xacbb2fc0]GL ERROR :GL_INVALID_ENUM : glDiscardFramebufferEXT: attachments was GL_COLOR_EXT
06-28 11:22:37.319 18893 18939 E chromium: [ERROR:gles2_cmd_decoder.cc(3852)] [.ChromiumCompositor-0xacbb2fc0]GL ERROR :GL_INVALID_ENUM : glDiscardFramebufferEXT: attachments was GL_COLOR_EXT
06-28 11:22:37.327 18893 18939 E chromium: [ERROR:gles2_cmd_decoder.cc(3852)] [.ChromiumCompositor-0xacbb2fc0]GL ERROR :GL_INVALID_ENUM : glDiscardFramebufferEXT: attachments was GL_COLOR_EXT
06-28 11:22:37.357 18893 18939 E chromium: [ERROR:gles2_cmd_decoder.cc(3852)] [.ChromiumCompositor-0xacbb2fc0]GL ERROR :GL_INVALID_ENUM : glDiscardFramebufferEXT: attachments was GL_COLOR_EXT
06-28 11:22:37.361 18893 18939 E chromium: [ERROR:gles2_cmd_decoder.cc(3852)] [.ChromiumCompositor-0xacbb2fc0]GL ERROR :GL_INVALID_ENUM : glDiscardFramebufferEXT: attachments was GL_COLOR_EXT
06-28 11:22:37.390 18893 18939 E chromium: [ERROR:gles2_cmd_decoder.cc(3852)] [.ChromiumCompositor-0xacbb2fc0]GL ERROR :GL_INVALID_ENUM : glDiscardFramebufferEXT: attachments was GL_COLOR_EXT
06-28 11:22:37.394 18893 18939 E chromium: [ERROR:gles2_cmd_decoder.cc(3852)] [.ChromiumCompositor-0xacbb2fc0]GL ERROR :GL_INVALID_ENUM : glDiscardFramebufferEXT: attachments was GL_COLOR_EXT
06-28 11:22:37.425 18893 18939 E chromium: [ERROR:gles2_cmd_decoder.cc(3852)] [.ChromiumCompositor-0xacbb2fc0]GL ERROR :GL_INVALID_ENUM : glDiscardFramebufferEXT: attachments was GL_COLOR_EXT
06-28 11:22:37.429 18893 18939 E chromium: [ERROR:gles2_cmd_decoder.cc(3852)] [.ChromiumCompositor-0xacbb2fc0]GL ERROR :GL_INVALID_ENUM : glDiscardFramebufferEXT: attachments was GL_COLOR_EXT
06-28 11:22:37.445 18893 18939 E chromium: [ERROR:gles2_cmd_decoder.cc(3852)] [.ChromiumCompositor-0xacbb2fc0]GL ERROR :GL_INVALID_ENUM : glDiscardFramebufferEXT: attachments was GL_COLOR_EXT
06-28 11:22:37.464 18893 18939 E chromium: [ERROR:gles2_cmd_decoder.cc(3852)] [.ChromiumCompositor-0xacbb2fc0]GL ERROR :GL_INVALID_ENUM : glDiscardFramebufferEXT: attachments was GL_COLOR_EXT
06-28 11:22:37.482 18893 18939 E chromium: [ERROR:gles2_cmd_decoder.cc(3852)] [.ChromiumCompositor-0xacbb2fc0]GL ERROR :GL_INVALID_ENUM : glDiscardFramebufferEXT: attachments was GL_COLOR_EXT
06-28 11:22:37.517 18893 18939 E chromium: [ERROR:logger.cc(46)] Too many GL errors, not reporting any more for this context. use --disable-gl-error-limit to see all errors.
06-28 11:22:37.637 18960 18973 E WProf.db: {"page": "d-2352228849132422039.ampproject.net_1498506512561_frame.html"}
06-28 11:22:37.638 18960 18973 E WProf.db: {"DOMLoad": 10034.693236}
06-28 11:22:37.638 18960 18973 E WProf.db: {"Resource": {"id": 28, "url": "https://ping.chartbeat.net/ping?h=searchengineland.com&p=%2Fcheck-youve-screwed-adwords-account-v-2-276655&u=9poH1bLdMC89Rk2HXhKg2I3ECVJunMAeSUdiAXcvhiFf6jmLIumBkAjrny6ejAad&d=searchengineland.com&g=&g0=&g1=&g2=&g3=&g4=&c=120&x=0&y=6563&j=30&R=1&W=0&I=0&E=0&r=&t=62929poH1bLdMC89Rk2HXhKg2I3ECVJunMAeS", "sentTime": -1.000000, "len": 43, "from": "0x0", "mimeType": "image/gif", "contentLength": 43, "httpStatus": 200, "connId": 290, "connReused": 0, "cached": 0,"requestTime": 10031.187597, "proxyStart": -1, "proxyEnd": -1, "dnsStart": 5, "dnsEnd": 13, "connectStart": 0, "connectEnd": 862, "sendStart": 862, "sendEnd": 863, "receiveHeadersEnd": 1141, "sslStart": 279, "sslEnd": 862}}
06-28 11:22:37.638 18960 18973 E WProf.db: {"ReceivedChunk": {"receivedTime": 10032.348944, "len": 43}}
06-28 11:22:37.638 18960 18973 E WProf.db: {"Resource": {"id": 31, "url": "https://d-2352228849132422039.ampproject.net/1498506512561/frame.html", "sentTime": -1.000000, "len": 375, "from": "0x0", "mimeType": "text/html", "contentLength": -1, "httpStatus": 200, "connId": 341, "connReused": 0, "cached": 0,"requestTime": 10032.322109, "proxyStart": -1, "proxyEnd": -1, "dnsStart": 0, "dnsEnd": 0, "connectStart": 0, "connectEnd": 258, "sendStart": 258, "sendEnd": 258, "receiveHeadersEnd": 355, "sslStart": 59, "sslEnd": 257}}
06-28 11:22:37.638 18960 18973 E WProf.db: {"ReceivedChunk": {"receivedTime": 10032.681201, "len": 375}}
06-28 11:22:37.638 18960 18973 E WProf.db: {"WprofHTMLTag": {"code": "0x9c88b510", "doc": "https://d-2352228849132422039.ampproject.net/1498506512561/frame.html", "row": 1, "column": 6, "tagName": "head", "time": 10032.739662, "url": "", "pos": 1, "chunkLen": 1, "isStartTag": 1}}
06-28 11:22:37.638 18960 18973 E WProf.db: {"WprofHTMLTag": {"code": "0x9c87b260", "doc": "https://d-2352228849132422039.ampproject.net/1498506512561/frame.html", "row": 2, "column": 22, "tagName": "meta", "time": 10032.740701, "url": "", "pos": 1, "chunkLen": 1, "isStartTag": 1}}
06-28 11:22:37.638 18960 18973 E WProf.db: {"WprofHTMLTag": {"code": "0x9c88b4b0", "doc": "https://d-2352228849132422039.ampproject.net/1498506512561/frame.html", "row": 3, "column": 38, "tagName": "meta", "time": 10032.743348, "url": "", "pos": 1, "chunkLen": 1, "isStartTag": 1}}
06-28 11:22:37.639 18960 18973 E WProf.db: {"WprofHTMLTag": {"code": "0x9c88b3c0", "doc": "https://d-2352228849132422039.ampproject.net/1498506512561/frame.html", "row": 4, "column": 59, "tagName": "script", "time": 10032.743580, "url": "https://3p.ampproject.net/1498506512561/f.js", "pos": 1, "chunkLen": 1, "isStartTag": 1}}
06-28 11:22:37.639 18960 18973 E WProf.db: {"WprofHTMLTag": {"code": "0x9c88b2a0", "doc": "https://d-2352228849132422039.ampproject.net/1498506512561/frame.html", "row": 4, "column": 68, "tagName": "script", "time": 10032.745087, "url": "", "pos": 1, "chunkLen": 1, "isStartTag": 0}}
06-28 11:22:37.639 18960 18973 E WProf.db: {"WprofHTMLTag": {"code": "0x9c88b7e0", "doc": "https://d-2352228849132422039.ampproject.net/1498506512561/frame.html", "row": 5, "column": 7, "tagName": "head", "time": 10033.263141, "url": "", "pos": 1, "chunkLen": 1, "isStartTag": 0}}
06-28 11:22:37.639 18960 18973 E WProf.db: {"WprofHTMLTag": {"code": "0x9c88b7b0", "doc": "https://d-2352228849132422039.ampproject.net/1498506512561/frame.html", "row": 6, "column": 23, "tagName": "body", "time": 10033.263166, "url": "", "pos": 1, "chunkLen": 1, "isStartTag": 1}}
06-28 11:22:37.639 18960 18973 E WProf.db: {"WprofHTMLTag": {"code": "0x9c88b0f0", "doc": "https://d-2352228849132422039.ampproject.net/1498506512561/frame.html", "row": 7, "column": 69, "tagName": "div", "time": 10033.263325, "url": "", "pos": 1, "chunkLen": 1, "isStartTag": 1}}
06-28 11:22:37.639 18960 18973 E WProf.db: {"WprofHTMLTag": {"code": "0x9c88b780", "doc": "https://d-2352228849132422039.ampproject.net/1498506512561/frame.html", "row": 8, "column": 10, "tagName": "script", "time": 10033.263502, "url": "", "pos": 1, "chunkLen": 1, "isStartTag": 1}}
06-28 11:22:37.639 18960 18973 E WProf.db: {"WprofHTMLTag": {"code": "0x9c88b6f0", "doc": "https://d-2352228849132422039.ampproject.net/1498506512561/frame.html", "row": 8, "column": 27, "tagName": "script", "time": 10033.263637, "url": "https://securepubads.g.doubleclick.net/static/glade.js", "pos": 1, "chunkLen": 1, "isStartTag": 0}}
06-28 11:22:37.639 18960 18973 E WProf.db: {"WprofHTMLTag": {"code": "0x9c87b3e0", "doc": "https://d-2352228849132422039.ampproject.net/1498506512561/frame.html", "row": 9, "column": 6, "tagName": "div", "time": 10033.287686, "url": "", "pos": 1, "chunkLen": 1, "isStartTag": 0}}
06-28 11:22:37.639 18960 18973 E WProf.db: {"WprofHTMLTag": {"code": "0x9c87b410", "doc": "https://d-2352228849132422039.ampproject.net/1498506512561/frame.html", "row": 10, "column": 8, "tagName": "script", "time": 10033.287746, "url": "", "pos": 1, "chunkLen": 1, "isStartTag": 1}}
06-28 11:22:37.639 18960 18973 E WProf.db: {"WprofHTMLTag": {"code": "0x9c88b720", "doc": "https://d-2352228849132422039.ampproject.net/1498506512561/frame.html", "row": 10, "column": 67, "tagName": "script", "time": 10033.288045, "url": "", "pos": 1, "chunkLen": 1, "isStartTag": 0}}
06-28 11:22:37.640 18960 18973 E WProf.db: {"WprofHTMLTag": {"code": "0x9c87b8f0", "doc": "https://d-2352228849132422039.ampproject.net/1498506512561/frame.html", "row": 11, "column": 7, "tagName": "body", "time": 10033.290542, "url": "", "pos": 1, "chunkLen": 1, "isStartTag": 0}}
06-28 11:22:37.640 18960 18973 E WProf.db: {"WprofHTMLTag": {"code": "0x9c87b920", "doc": "https://d-2352228849132422039.ampproject.net/1498506512561/frame.html", "row": 12, "column": 7, "tagName": "html", "time": 10033.290559, "url": "https://securepubads.g.doubleclick.net/static/glade/extra_25.js", "pos": 1, "chunkLen": 1, "isStartTag": 0}}
06-28 11:22:37.640 18960 18973 E WProf.db: {"Resource": {"id": 32, "url": "https://3p.ampproject.net/1498506512561/f.js", "sentTime": -1.000000, "len": 91779, "from": "0x9c88b3c0", "mimeType": "text/javascript", "contentLength": -1, "httpStatus": 200, "connId": 387, "connReused": 0, "cached": 0,"requestTime": 10032.747010, "proxyStart": -1, "proxyEnd": -1, "dnsStart": 17, "dnsEnd": 18, "connectStart": 0, "connectEnd": 306, "sendStart": 306, "sendEnd": 306, "receiveHeadersEnd": 371, "sslStart": 80, "sslEnd": 305}}
06-28 11:22:37.640 18960 18973 E WProf.db: {"ReceivedChunk": {"receivedTime": 10033.126255, "len": 5555}}
06-28 11:22:37.640 18960 18973 E WProf.db: {"ReceivedChunk": {"receivedTime": 10033.132310, "len": 14383}}
06-28 11:22:37.640 18960 18973 E WProf.db: {"ReceivedChunk": {"receivedTime": 10033.138773, "len": 31580}}
06-28 11:22:37.641 18960 18973 E WProf.db: {"ReceivedChunk": {"receivedTime": 10033.143225, "len": 13310}}
06-28 11:22:37.641 18960 18973 E WProf.db: {"ReceivedChunk": {"receivedTime": 10033.176969, "len": 17712}}
06-28 11:22:37.641 18960 18973 E WProf.db: {"ReceivedChunk": {"receivedTime": 10033.179840, "len": 9239}}
06-28 11:22:37.641 18960 18973 E WProf.db: {"Resource": {"id": 33, "url": "https://securepubads.g.doubleclick.net/static/glade.js", "sentTime": -1.000000, "len": 19455, "from": "0x9c88b6f0", "mimeType": "text/javascript", "contentLength": -1, "httpStatus": 200, "connId": 401, "connReused": 0, "cached": 0,"requestTime": 10033.281818, "proxyStart": -1, "proxyEnd": -1, "dnsStart": 6, "dnsEnd": 6, "connectStart": 0, "connectEnd": 284, "sendStart": 284, "sendEnd": 285, "receiveHeadersEnd": 386, "sslStart": 70, "sslEnd": 284}}
06-28 11:22:37.641 18960 18973 E WProf.db: {"ReceivedChunk": {"receivedTime": 10033.671271, "len": 5672}}
06-28 11:22:37.641 18960 18973 E WProf.db: {"ReceivedChunk": {"receivedTime": 10033.672352, "len": 7365}}
06-28 11:22:37.641 18960 18973 E WProf.db: {"ReceivedChunk": {"receivedTime": 10033.674926, "len": 6418}}
06-28 11:22:37.641 18960 18973 E WProf.db: {"Resource": {"id": 34, "url": "https://securepubads.g.doubleclick.net/gampad/ads?gdfp_req=1&glade_req=1&glv=25&output=html&iu=%2F1038259%2FSEL-amp-cube&sz=300x250&sfv=1-0-8&correlator=2671663475851264&eid=108809080&adk=2352184609&biw=412&bih=620&adx=56&ady=294&oid=3&u_sd=3.5&ifi=1&is_amp=1&amp_v=1498506512561&nhd=1&url=http%3A%2F", "sentTime": -1.000000, "len": 20187, "from": "0x9c87b920", "mimeType": "text/html", "contentLength": -1, "httpStatus": 200, "connId": 401, "connReused": 1, "cached": 0,"requestTime": 10033.771607, "proxyStart": -1, "proxyEnd": -1, "dnsStart": -1, "dnsEnd": -1, "connectStart": 0, "connectEnd": 5, "sendStart": 5, "sendEnd": 5, "receiveHeadersEnd": 123, "sslStart": -1, "sslEnd": -1}}
06-28 11:22:37.641 18960 18973 E WProf.db: {"ReceivedChunk": {"receivedTime": 10033.899263, "len": 3870}}
06-28 11:22:37.642 18960 18973 E WProf.db: {"ReceivedChunk": {"receivedTime": 10033.948737, "len": 6369}}
06-28 11:22:37.642 18960 18973 E WProf.db: {"ReceivedChunk": {"receivedTime": 10033.949948, "len": 4910}}
06-28 11:22:37.642 18960 18973 E WProf.db: {"ReceivedChunk": {"receivedTime": 10033.951107, "len": 3358}}
06-28 11:22:37.642 18960 18973 E WProf.db: {"ReceivedChunk": {"receivedTime": 10033.952647, "len": 1680}}
06-28 11:22:37.642 18960 18973 E WProf.db: {"WprofHTMLTag": {"code": "0x9c88ba20", "doc": "https://securepubads.g.doubleclick.net/gampad/ads?gdfp_req=1&glade_req=1&glv=25&output=html&iu=%2F1038259%2FSEL-amp-cube&sz=300x250&sfv=1-0-8&correlator=2671663475851264&eid=108809080&adk=2352184609&biw=412&bih=620&adx=56&ady=294&oid=3&u_sd=3.5&ifi=1&is_amp=1&amp_v=1498506512561&nhd=1&url=http%3A%2F", "row": 0, "column": 21, "tagName": "html", "time": 10033.959954, "url": "", "pos": 1, "chunkLen": 1, "isStartTag": 1}}
06-28 11:22:37.642 18960 18973 E WProf.db: {"WprofHTMLTag": {"code": "0x9c88b900", "doc": "https://securepubads.g.doubleclick.net/gampad/ads?gdfp_req=1&glade_req=1&glv=25&output=html&iu=%2F1038259%2FSEL-amp-cube&sz=300x250&sfv=1-0-8&correlator=2671663475851264&eid=108809080&adk=2352184609&biw=412&bih=620&adx=56&ady=294&oid=3&u_sd=3.5&ifi=1&is_amp=1&amp_v=1498506512561&nhd=1&url=http%3A%2F", "row": 0, "column": 27, "tagName": "head", "time": 10033.960260, "url": "", "pos": 1, "chunkLen": 1, "isStartTag": 1}}
06-28 11:22:37.642 18960 18973 E WProf.db: {"WprofHTMLTag": {"code": "0x9c88b8d0", "doc": "https://securepubads.g.doubleclick.net/gampad/ads?gdfp_req=1&glade_req=1&glv=25&output=html&iu=%2F1038259%2FSEL-amp-cube&sz=300x250&sfv=1-0-8&correlator=2671663475851264&eid=108809080&adk=2352184609&biw=412&bih=620&adx=56&ady=294&oid=3&u_sd=3.5&ifi=1&is_amp=1&amp_v=1498506512561&nhd=1&url=http%3A%2F", "row": 0, "column": 144, "tagName": "meta", "time": 10033.960330, "url": "", "pos": 1, "chunkLen": 1, "isStartTag": 1}}
06-28 11:22:37.642 18960 18973 E WProf.db: {"WprofHTMLTag": {"code": "0x9c87baa0", "doc": "https://securepubads.g.doubleclick.net/gampad/ads?gdfp_req=1&glade_req=1&glv=25&output=html&iu=%2F1038259%2FSEL-amp-cube&sz=300x250&sfv=1-0-8&correlator=2671663475851264&eid=108809080&adk=2352184609&biw=412&bih=620&adx=56&ady=294&oid=3&u_sd=3.5&ifi=1&is_amp=1&amp_v=1498506512561&nhd=1&url=http%3A%2F", "row": 0, "column": 152, "tagName": "script", "time": 10033.960782, "url": "", "pos": 1, "chunkLen": 1, "isStartTag": 1}}
06-28 11:22:37.642 18960 18973 E WProf.db: {"WprofHTMLTag": {"code": "0x9c88ba80", "doc": "https://securepubads.g.doubleclick.net/gampad/ads?gdfp_req=1&glade_req=1&glv=25&output=html&iu=%2F1038259%2FSEL-amp-cube&sz=300x250&sfv=1-0-8&correlator=2671663475851264&eid=108809080&adk=2352184609&biw=412&bih=620&adx=56&ady=294&oid=3&u_sd=3.5&ifi=1&is_amp=1&amp_v=1498506512561&nhd=1&url=http%3A%2F", "row": 0, "column": 195, "tagName": "script", "time": 10033.961248, "url": "", "pos": 1, "chunkLen": 1, "isStartTag": 0}}
06-28 11:22:37.642 18960 18973 E WProf.db: {"WprofHTMLTag": {"code": "0x9c87ba40", "doc": "https://securepubads.g.doubleclick.net/gampad/ads?gdfp_req=1&glade_req=1&glv=25&output=html&iu=%2F1038259%2FSEL-amp-cube&sz=300x250&sfv=1-0-8&correlator=2671663475851264&eid=108809080&adk=2352184609&biw=412&bih=620&adx=56&ady=294&oid=3&u_sd=3.5&ifi=1&is_amp=1&amp_v=1498506512561&nhd=1&url=http%3A%2F", "row": 0, "column": 202, "tagName": "style", "time": 10033.963582, "url": "", "pos": 1, "chunkLen": 1, "isStartTag": 1}}
06-28 11:22:37.643 18960 18973 E WProf.db: {"WprofHTMLTag": {"code": "0x9c87bb90", "doc": "https://securepubads.g.doubleclick.net/gampad/ads?gdfp_req=1&glade_req=1&glv=25&output=html&iu=%2F1038259%2FSEL-amp-cube&sz=300x250&sfv=1-0-8&correlator=2671663475851264&eid=108809080&adk=2352184609&biw=412&bih=620&adx=56&ady=294&oid=3&u_sd=3.5&ifi=1&is_amp=1&amp_v=1498506512561&nhd=1&url=http%3A%2F", "row": 0, "column": 230, "tagName": "style", "time": 10033.964232, "url": "", "pos": 1, "chunkLen": 1, "isStartTag": 0}}
06-28 11:22:37.643 18960 18973 E WProf.db: {"WprofHTMLTag": {"code": "0x9c87bbf0", "doc": "https://securepubads.g.doubleclick.net/gampad/ads?gdfp_req=1&glade_req=1&glv=25&output=html&iu=%2F1038259%2FSEL-amp-cube&sz=300x250&sfv=1-0-8&correlator=2671663475851264&eid=108809080&adk=2352184609&biw=412&bih=620&adx=56&ady=294&oid=3&u_sd=3.5&ifi=1&is_amp=1&amp_v=1498506512561&nhd=1&url=http%3A%2F", "row": 0, "column": 238, "tagName": "script", "time": 10033.966034, "url": "", "pos": 1, "chunkLen": 1, "isStartTag": 1}}
06-28 11:22:37.643 18960 18973 E WProf.db: {"WprofHTMLTag": {"code": "0x9c87bc50", "doc": "https://securepubads.g.doubleclick.net/gampad/ads?gdfp_req=1&glade_req=1&glv=25&output=html&iu=%2F1038259%2FSEL-amp-cube&sz=300x250&sfv=1-0-8&correlator=2671663475851264&eid=108809080&adk=2352184609&biw=412&bih=620&adx=56&ady=294&oid=3&u_sd=3.5&ifi=1&is_amp=1&amp_v=1498506512561&nhd=1&url=http%3A%2F", "row": 0, "column": 8856, "tagName": "script", "time": 10033.970940, "url": "", "pos": 1, "chunkLen": 1, "isStartTag": 0}}
06-28 11:22:37.643 18960 18973 E WProf.db: {"WprofHTMLTag": {"code": "0x9c87bcb0", "doc": "https://securepubads.g.doubleclick.net/gampad/ads?gdfp_req=1&glade_req=1&glv=25&output=html&iu=%2F1038259%2FSEL-amp-cube&sz=300x250&sfv=1-0-8&correlator=2671663475851264&eid=108809080&adk=2352184609&biw=412&bih=620&adx=56&ady=294&oid=3&u_sd=3.5&ifi=1&is_amp=1&amp_v=1498506512561&nhd=1&url=http%3A%2F", "row": 0, "column": 8863, "tagName": "head", "time": 10033.988554, "url": "", "pos": 1, "chunkLen": 1, "isStartTag": 0}}
06-28 11:22:37.643 18960 18973 E WProf.db: {"WprofHTMLTag": {"code": "0x9c87b530", "doc": "https://securepubads.g.doubleclick.net/gampad/ads?gdfp_req=1&glade_req=1&glv=25&output=html&iu=%2F1038259%2FSEL-amp-cube&sz=300x250&sfv=1-0-8&correlator=2671663475851264&eid=108809080&adk=2352184609&biw=412&bih=620&adx=56&ady=294&oid=3&u_sd=3.5&ifi=1&is_amp=1&amp_v=1498506512561&nhd=1&url=http%3A%2F", "row": 0, "column": 8977, "tagName": "body", "time": 10033.988595, "url": "", "pos": 1, "chunkLen": 1, "isStartTag": 1}}
06-28 11:22:37.643 18960 18973 E WProf.db: {"WprofHTMLTag": {"code": "0x9c87b620", "doc": "https://securepubads.g.doubleclick.net/gampad/ads?gdfp_req=1&glade_req=1&glv=25&output=html&iu=%2F1038259%2FSEL-amp-cube&sz=300x250&sfv=1-0-8&correlator=2671663475851264&eid=108809080&adk=2352184609&biw=412&bih=620&adx=56&ady=294&oid=3&u_sd=3.5&ifi=1&is_amp=1&amp_v=1498506512561&nhd=1&url=http%3A%2F", "row": 0, "column": 9047, "tagName": "div", "time": 10033.989721, "url": "", "pos": 1, "chunkLen": 1, "isStartTag": 1}}
06-28 11:22:37.643 18960 18973 E WProf.db: {"WprofHTMLTag": {"code": "0x9c87bc80", "doc": "https://securepubads.g.doubleclick.net/gampad/ads?gdfp_req=1&glade_req=1&glv=25&output=html&iu=%2F1038259%2FSEL-amp-cube&sz=300x250&sfv=1-0-8&correlator=2671663475851264&eid=108809080&adk=2352184609&biw=412&bih=620&adx=56&ady=294&oid=3&u_sd=3.5&ifi=1&is_amp=1&amp_v=1498506512561&nhd=1&url=http%3A%2F", "row": 0, "column": 9055, "tagName": "script", "time": 10033.989925, "url": "", "pos": 1, "chunkLen": 1, "isStartTag": 1}}
06-28 11:22:37.643 18960 18973 E WProf.db: {"WprofHTMLTag": {"code": "0x9c87b800", "doc": "https://securepubads.g.doubleclick.net/gampad/ads?gdfp_req=1&glade_req=1&glv=25&output=html&iu=%2F1038259%2FSEL-amp-cube&sz=300x250&sfv=1-0-8&correlator=2671663475851264&eid=108809080&adk=2352184609&biw=412&bih=620&adx=56&ady=294&oid=3&u_sd=3.5&ifi=1&is_amp=1&amp_v=1498506512561&nhd=1&url=http%3A%2F", "row": 0, "column": 9428, "tagName": "script", "time": 10033.992001, "url": "", "pos": 1, "chunkLen": 1, "isStartTag": 0}}
06-28 11:22:37.644 18960 18973 E WProf.db: {"WprofHTMLTag": {"code": "0x9c87bce0", "doc": "https://securepubads.g.doubleclick.net/gampad/ads?gdfp_req=1&glade_req=1&glv=25&output=html&iu=%2F1038259%2FSEL-amp-cube&sz=300x250&sfv=1-0-8&correlator=2671663475851264&eid=108809080&adk=2352184609&biw=412&bih=620&adx=56&ady=294&oid=3&u_sd=3.5&ifi=1&is_amp=1&amp_v=1498506512561&nhd=1&url=http%3A%2F", "row": 0, "column": 10011, "tagName": "a", "time": 10034.001966, "url": "", "pos": 1, "chunkLen": 1, "isStartTag": 1}}
06-28 11:22:37.644 18960 18973 E WProf.db: {"WprofHTMLTag": {"code": "0x9c87bd40", "doc": "https://securepubads.g.doubleclick.net/gampad/ads?gdfp_req=1&glade_req=1&glv=25&output=html&iu=%2F1038259%2FSEL-amp-cube&sz=300x250&sfv=1-0-8&correlator=2671663475851264&eid=108809080&adk=2352184609&biw=412&bih=620&adx=56&ady=294&oid=3&u_sd=3.5&ifi=1&is_amp=1&amp_v=1498506512561&nhd=1&url=http%3A%2F", "row": 0, "column": 10144, "tagName": "img", "time": 10034.002632, "url": "", "pos": 1, "chunkLen": 1, "isStartTag": 1}}
06-28 11:22:37.644 18960 18973 E WProf.db: {"WprofHTMLTag": {"code": "0x9c87bd10", "doc": "https://securepubads.g.doubleclick.net/gampad/ads?gdfp_req=1&glade_req=1&glv=25&output=html&iu=%2F1038259%2FSEL-amp-cube&sz=300x250&sfv=1-0-8&correlator=2671663475851264&eid=108809080&adk=2352184609&biw=412&bih=620&adx=56&ady=294&oid=3&u_sd=3.5&ifi=1&is_amp=1&amp_v=1498506512561&nhd=1&url=http%3A%2F", "row": 0, "column": 10148, "tagName": "a", "time": 10034.004821, "url": "", "pos": 1, "chunkLen": 1, "isStartTag": 0}}
06-28 11:22:37.644 18960 18973 E WProf.db: {"WprofHTMLTag": {"code": "0x9c87bd70", "doc": "https://securepubads.g.doubleclick.net/gampad/ads?gdfp_req=1&glade_req=1&glv=25&output=html&iu=%2F1038259%2FSEL-amp-cube&sz=300x250&sfv=1-0-8&correlator=2671663475851264&eid=108809080&adk=2352184609&biw=412&bih=620&adx=56&ady=294&oid=3&u_sd=3.5&ifi=1&is_amp=1&amp_v=1498506512561&nhd=1&url=http%3A%2F", "row": 0, "column": 10154, "tagName": "div", "time": 10034.004847, "url": "", "pos": 1, "chunkLen": 1, "isStartTag": 0}}
06-28 11:22:37.644 18960 18973 E WProf.db: {"WprofHTMLTag": {"code": "0x9c87bad0", "doc": "https://securepubads.g.doubleclick.net/gampad/ads?gdfp_req=1&glade_req=1&glv=25&output=html&iu=%2F1038259%2FSEL-amp-cube&sz=300x250&sfv=1-0-8&correlator=2671663475851264&eid=108809080&adk=2352184609&biw=412&bih=620&adx=56&ady=294&oid=3&u_sd=3.5&ifi=1&is_amp=1&amp_v=1498506512561&nhd=1&url=http%3A%2F", "row": 0, "column": 10277, "tagName": "script", "time": 10034.005139, "url": "https://tpc.googlesyndication.com/pagead/js/r20170619/r20110914/client/ext/m_window_focus_non_hydra.js", "pos": 1, "chunkLen": 1, "isStartTag": 1}}
06-28 11:22:37.644 18960 18973 E WProf.db: {"WprofHTMLTag": {"code": "0x9c87bda0", "doc": "https://securepubads.g.doubleclick.net/gampad/ads?gdfp_req=1&glade_req=1&glv=25&output=html&iu=%2F1038259%2FSEL-amp-cube&sz=300x250&sfv=1-0-8&correlator=2671663475851264&eid=108809080&adk=2352184609&biw=412&bih=620&adx=56&ady=294&oid=3&u_sd=3.5&ifi=1&is_amp=1&amp_v=1498506512561&nhd=1&url=http%3A%2F", "row": 0, "column": 10286, "tagName": "script", "time": 10034.005465, "url": "", "pos": 1, "chunkLen": 1, "isStartTag": 0}}
06-28 11:22:37.644 18960 18973 E WProf.db: {"WprofHTMLTag": {"code": "0x9c87bdd0", "doc": "https://securepubads.g.doubleclick.net/gampad/ads?gdfp_req=1&glade_req=1&glv=25&output=html&iu=%2F1038259%2FSEL-amp-cube&sz=300x250&sfv=1-0-8&correlator=2671663475851264&eid=108809080&adk=2352184609&biw=412&bih=620&adx=56&ady=294&oid=3&u_sd=3.5&ifi=1&is_amp=1&amp_v=1498506512561&nhd=1&url=http%3A%2F", "row": 0, "column": 10294, "tagName": "script", "time": 10034.006817, "url": "", "pos": 1, "chunkLen": 1, "isStartTag": 1}}
06-28 11:22:37.645 18960 18973 E WProf.db: {"WprofHTMLTag": {"code": "0x9c87be00", "doc": "https://securepubads.g.doubleclick.net/gampad/ads?gdfp_req=1&glade_req=1&glv=25&output=html&iu=%2F1038259%2FSEL-amp-cube&sz=300x250&sfv=1-0-8&correlator=2671663475851264&eid=108809080&adk=2352184609&biw=412&bih=620&adx=56&ady=294&oid=3&u_sd=3.5&ifi=1&is_amp=1&amp_v=1498506512561&nhd=1&url=http%3A%2F", "row": 0, "column": 10560, "tagName": "script", "time": 10034.007044, "url": "", "pos": 1, "chunkLen": 1, "isStartTag": 0}}
06-28 11:22:37.645 18960 18973 E WProf.db: {"WprofHTMLTag": {"code": "0x9c87be30", "doc": "https://securepubads.g.doubleclick.net/gampad/ads?gdfp_req=1&glade_req=1&glv=25&output=html&iu=%2F1038259%2FSEL-amp-cube&sz=300x250&sfv=1-0-8&correlator=2671663475851264&eid=108809080&adk=2352184609&biw=412&bih=620&adx=56&ady=294&oid=3&u_sd=3.5&ifi=1&is_amp=1&amp_v=1498506512561&nhd=1&url=http%3A%2F", "row": 0, "column": 10665, "tagName": "script", "time": 10034.009587, "url": "https://tpc.googlesyndication.com/pagead/js/r20170619/r20110914/activeview/osd_listener.js", "pos": 1, "chunkLen": 1, "isStartTag": 1}}
06-28 11:22:37.645 18960 18973 E WProf.db: {"WprofHTMLTag": {"code": "0x9c87be60", "doc": "https://securepubads.g.doubleclick.net/gampad/ads?gdfp_req=1&glade_req=1&glv=25&output=html&iu=%2F1038259%2FSEL-amp-cube&sz=300x250&sfv=1-0-8&correlator=2671663475851264&eid=108809080&adk=2352184609&biw=412&bih=620&adx=56&ady=294&oid=3&u_sd=3.5&ifi=1&is_amp=1&amp_v=1498506512561&nhd=1&url=http%3A%2F", "row": 0, "column": 10674, "tagName": "script", "time": 10034.009854, "url": "https://pagead2.googlesyndication.com/pagead/osd.js", "pos": 1, "chunkLen": 1, "isStartTag": 0}}
06-28 11:22:37.645 18960 18973 E WProf.db: {"WprofHTMLTag": {"code": "0x9c88bd50", "doc": "https://securepubads.g.doubleclick.net/gampad/ads?gdfp_req=1&glade_req=1&glv=25&output=html&iu=%2F1038259%2FSEL-amp-cube&sz=300x250&sfv=1-0-8&correlator=2671663475851264&eid=108809080&adk=2352184609&biw=412&bih=620&adx=56&ady=294&oid=3&u_sd=3.5&ifi=1&is_amp=1&amp_v=1498506512561&nhd=1&url=http%3A%2F", "row": 0, "column": 10705, "tagName": "script", "time": 10034.414978, "url": "", "pos": 1, "chunkLen": 1, "isStartTag": 1}}
06-28 11:22:37.645 18960 18973 E WProf.db: {"WprofHTMLTag": {"code": "0x9c88bcf0", "doc": "https://securepubads.g.doubleclick.net/gampad/ads?gdfp_req=1&glade_req=1&glv=25&output=html&iu=%2F1038259%2FSEL-amp-cube&sz=300x250&sfv=1-0-8&correlator=2671663475851264&eid=108809080&adk=2352184609&biw=412&bih=620&adx=56&ady=294&oid=3&u_sd=3.5&ifi=1&is_amp=1&amp_v=1498506512561&nhd=1&url=http%3A%2F", "row": 0, "column": 11058, "tagName": "script", "time": 10034.415277, "url": "", "pos": 1, "chunkLen": 1, "isStartTag": 0}}
06-28 11:22:37.645 18960 18973 E WProf.db: {"WprofHTMLTag": {"code": "0x9c88b4e0", "doc": "https://securepubads.g.doubleclick.net/gampad/ads?gdfp_req=1&glade_req=1&glv=25&output=html&iu=%2F1038259%2FSEL-amp-cube&sz=300x250&sfv=1-0-8&correlator=2671663475851264&eid=108809080&adk=2352184609&biw=412&bih=620&adx=56&ady=294&oid=3&u_sd=3.5&ifi=1&is_amp=1&amp_v=1498506512561&nhd=1&url=http%3A%2F", "row": 0, "column": 11066, "tagName": "script", "time": 10034.442691, "url": "", "pos": 1, "chunkLen": 1, "isStartTag": 1}}
06-28 11:22:37.645 18960 18973 E WProf.db: {"WprofHTMLTag": {"code": "0x9c88b3f0", "doc": "https://securepubads.g.doubleclick.net/gampad/ads?gdfp_req=1&glade_req=1&glv=25&output=html&iu=%2F1038259%2FSEL-amp-cube&sz=300x250&sfv=1-0-8&correlator=2671663475851264&eid=108809080&adk=2352184609&biw=412&bih=620&adx=56&ady=294&oid=3&u_sd=3.5&ifi=1&is_amp=1&amp_v=1498506512561&nhd=1&url=http%3A%2F", "row": 0, "column": 19628, "tagName": "script", "time": 10034.444072, "url": "", "pos": 1, "chunkLen": 1, "isStartTag": 0}}
06-28 11:22:37.645 18960 18973 E WProf.db: {"WprofHTMLTag": {"code": "0x9c88b1b0", "doc": "https://securepubads.g.doubleclick.net/gampad/ads?gdfp_req=1&glade_req=1&glv=25&output=html&iu=%2F1038259%2FSEL-amp-cube&sz=300x250&sfv=1-0-8&correlator=2671663475851264&eid=108809080&adk=2352184609&biw=412&bih=620&adx=56&ady=294&oid=3&u_sd=3.5&ifi=1&is_amp=1&amp_v=1498506512561&nhd=1&url=http%3A%2F", "row": 0, "column": 19636, "tagName": "script", "time": 10034.465526, "url": "", "pos": 1, "chunkLen": 1, "isStartTag": 1}}
06-28 11:22:37.646 18960 18973 E WProf.db: {"WprofHTMLTag": {"code": "0xaedd5db0", "doc": "https://securepubads.g.doubleclick.net/gampad/ads?gdfp_req=1&glade_req=1&glv=25&output=html&iu=%2F1038259%2FSEL-amp-cube&sz=300x250&sfv=1-0-8&correlator=2671663475851264&eid=108809080&adk=2352184609&biw=412&bih=620&adx=56&ady=294&oid=3&u_sd=3.5&ifi=1&is_amp=1&amp_v=1498506512561&nhd=1&url=http%3A%2F", "row": 0, "column": 19711, "tagName": "script", "time": 10034.465869, "url": "", "pos": 1, "chunkLen": 1, "isStartTag": 0}}
06-28 11:22:37.646 18960 18973 E WProf.db: {"WprofHTMLTag": {"code": "0x9c88b270", "doc": "https://securepubads.g.doubleclick.net/gampad/ads?gdfp_req=1&glade_req=1&glv=25&output=html&iu=%2F1038259%2FSEL-amp-cube&sz=300x250&sfv=1-0-8&correlator=2671663475851264&eid=108809080&adk=2352184609&biw=412&bih=620&adx=56&ady=294&oid=3&u_sd=3.5&ifi=1&is_amp=1&amp_v=1498506512561&nhd=1&url=http%3A%2F", "row": 0, "column": 19719, "tagName": "script", "time": 10034.472487, "url": "", "pos": 1, "chunkLen": 1, "isStartTag": 1}}
06-28 11:22:37.646 18960 18973 E WProf.db: {"WprofHTMLTag": {"code": "0x9c87b770", "doc": "https://securepubads.g.doubleclick.net/gampad/ads?gdfp_req=1&glade_req=1&glv=25&output=html&iu=%2F1038259%2FSEL-amp-cube&sz=300x250&sfv=1-0-8&correlator=2671663475851264&eid=108809080&adk=2352184609&biw=412&bih=620&adx=56&ady=294&oid=3&u_sd=3.5&ifi=1&is_amp=1&amp_v=1498506512561&nhd=1&url=http%3A%2F", "row": 0, "column": 19826, "tagName": "script", "time": 10034.472799, "url": "", "pos": 1, "chunkLen": 1, "isStartTag": 0}}
06-28 11:22:37.646 18960 18973 E WProf.db: {"WprofHTMLTag": {"code": "0x9c88bb10", "doc": "https://securepubads.g.doubleclick.net/gampad/ads?gdfp_req=1&glade_req=1&glv=25&output=html&iu=%2F1038259%2FSEL-amp-cube&sz=300x250&sfv=1-0-8&correlator=2671663475851264&eid=108809080&adk=2352184609&biw=412&bih=620&adx=56&ady=294&oid=3&u_sd=3.5&ifi=1&is_amp=1&amp_v=1498506512561&nhd=1&url=http%3A%2F", "row": 0, "column": 19834, "tagName": "script", "time": 10034.474078, "url": "", "pos": 1, "chunkLen": 1, "isStartTag": 1}}
06-28 11:22:37.646 18960 18973 E WProf.db: {"WprofHTMLTag": {"code": "0x9c87c130", "doc": "https://securepubads.g.doubleclick.net/gampad/ads?gdfp_req=1&glade_req=1&glv=25&output=html&iu=%2F1038259%2FSEL-amp-cube&sz=300x250&sfv=1-0-8&correlator=2671663475851264&eid=108809080&adk=2352184609&biw=412&bih=620&adx=56&ady=294&oid=3&u_sd=3.5&ifi=1&is_amp=1&amp_v=1498506512561&nhd=1&url=http%3A%2F", "row": 0, "column": 20173, "tagName": "script", "time": 10034.474379, "url": "", "pos": 1, "chunkLen": 1, "isStartTag": 0}}
06-28 11:22:37.646 18960 18973 E WProf.db: {"WprofHTMLTag": {"code": "0x9c87c160", "doc": "https://securepubads.g.doubleclick.net/gampad/ads?gdfp_req=1&glade_req=1&glv=25&output=html&iu=%2F1038259%2FSEL-amp-cube&sz=300x250&sfv=1-0-8&correlator=2671663475851264&eid=108809080&adk=2352184609&biw=412&bih=620&adx=56&ady=294&oid=3&u_sd=3.5&ifi=1&is_amp=1&amp_v=1498506512561&nhd=1&url=http%3A%2F", "row": 0, "column": 20180, "tagName": "body", "time": 10034.476039, "url": "", "pos": 1, "chunkLen": 1, "isStartTag": 0}}
