--------- beginning of main
06-28 11:45:57.672  3449  3449 E Finsky  : [1] com.google.android.finsky.wear.bl.a(3): onConnectionFailed: ConnectionResult{statusCode=API_UNAVAILABLE, resolution=null, message=null}
--------- beginning of system
06-28 11:45:58.915 26570 26570 E chromium: [ERROR:shell_integration_android.cc(12)] Not implemented reached in static ShellIntegration::DefaultWebClientSetPermission ShellIntegration::CanSetAsDefaultBrowser()
06-28 11:45:58.920 26570 26570 E chromium: [ERROR:browser_process_impl.cc(720)] Not implemented reached in virtual BackgroundModeManager* BrowserProcessImpl::background_mode_manager()
06-28 11:45:59.138  3218 10918 E AudioRecord-JNI: Error -4 during AudioRecord native read
06-28 11:46:01.655 26570 26615 E chromium: [ERROR:gles2_cmd_decoder.cc(3852)] [.ChromiumCompositor-0xacbb2fc0]GL ERROR :GL_INVALID_ENUM : glDiscardFramebufferEXT: attachments was GL_COLOR_EXT
06-28 11:46:01.887 26636 26649 E WPROF   : {"CSS": {"url": "http://searchengineland.com/figz/wp-content/themes/searchengineland/css/searchengineland-bootstrap.css", "requestTime": 11438.942541}}
06-28 11:46:01.887 26636 26649 E WPROF   : {"CSS": {"url": "http://fonts.googleapis.com/css?family=Oswald:300,400,700", "requestTime": 11438.943136}}
06-28 11:46:01.888 26636 26649 E WPROF   : {"CSS": {"url": "http://searchengineland.com/figz/wp-content/themes/searchengineland/style.css", "requestTime": 11438.943668}}
06-28 11:46:01.892 26636 26649 E WPROF   : {"Javascript": {"url": "http://searchengineland.com/figz/wp-content/themes/searchengineland/js/lib/modernizr.custom.js?ver=1.0", "requestTime": 11438.948081}}
06-28 11:46:01.894 26636 26649 E WPROF   : {"Javascript": {"url": "http://searchengineland.com/figz/wp-content/themes/searchengineland/js/lib/jquery-1.11.0.min.js?ver=1.11.0", "requestTime": 11438.949240}}
06-28 11:46:01.894 26636 26649 E WPROF   : {"Javascript": {"url": "http://searchengineland.com/figz/wp-content/themes/searchengineland/js/lib/jquery-ui-1.10.3.custom.min.js?ver=1.10.3", "requestTime": 11438.949634}}
06-28 11:46:01.894 26636 26649 E WPROF   : {"Javascript": {"url": "http://searchengineland.com/figz/wp-content/themes/searchengineland/js/lib/jquery.ba-throttle-debounce.min.js?ver=1.1", "requestTime": 11438.950095}}
06-28 11:46:01.895 26636 26649 E WPROF   : {"Javascript": {"url": "http://searchengineland.com/figz/wp-content/themes/searchengineland/js/lib/jquery.countdown.min.js?ver=2.0.4", "requestTime": 11438.950495}}
06-28 11:46:01.895 26636 26649 E WPROF   : {"Javascript": {"url": "http://static.chartbeat.com/js/chartbeat_mab.js", "requestTime": 11438.951063}}
06-28 11:46:02.537 26636 26649 E WPROF   : {"Javascript": {"url": "http://searchengineland.com/figz/wp-includes/js/wp-emoji-release.min.js?ver=4.7.5", "requestTime": 11439.592249}}
06-28 11:46:02.893 26636 26649 E WPROF   : {"Javascript": {"url": "http://www.googletagservices.com/tag/js/gpt.js", "requestTime": 11439.948416}}
06-28 11:46:02.899 26636 26649 E WPROF   : {"Javascript": {"url": "https://www.google-analytics.com/analytics.js", "requestTime": 11439.954863}}
06-28 11:46:02.903 26636 26649 E WPROF   : {"Javascript": {"url": "http://edge.quantserve.com/quant.js", "requestTime": 11439.958652}}
06-28 11:46:02.909 26636 26649 E WPROF   : {"Javascript": {"url": "https://connect.facebook.net/en_US/fbevents.js", "requestTime": 11439.964767}}
06-28 11:46:02.976 26570 26615 E chromium: [ERROR:gles2_cmd_decoder.cc(3852)] [.ChromiumCompositor-0xacbb2fc0]GL ERROR :GL_INVALID_ENUM : glDiscardFramebufferEXT: attachments was GL_COLOR_EXT
06-28 11:46:03.019 26636 26649 E WPROF   : {"Javascript": {"url": "http://app-sj02.marketo.com/js/forms2/js/forms2.min.js", "requestTime": 11440.074875}}
06-28 11:46:03.142 26570 26615 E chromium: [ERROR:gles2_cmd_decoder.cc(3852)] [.ChromiumCompositor-0xacbb2fc0]GL ERROR :GL_INVALID_ENUM : glDiscardFramebufferEXT: attachments was GL_COLOR_EXT
06-28 11:46:03.262 26636 26649 E WPROF   : {"Javascript": {"url": "http://app-sj02.marketo.com/index.php/form/getForm?munchkinId=727-ZQE-044&form=5691&url=http%3A%2F%2Fsearchengineland.com%2Fchromes-devtools-seo-10-ways-use-seo-audits-266433&callback=jQuery1102015876920404843986_1498617963190&_=1498617963191", "requestTime": 11440.318086}}
06-28 11:46:03.279 26636 26649 E WPROF   : {"Javascript": {"url": "http://app-sj02.marketo.com/index.php/form/getForm?munchkinId=727-ZQE-044&form=5685&url=http%3A%2F%2Fsearchengineland.com%2Fchromes-devtools-seo-10-ways-use-seo-audits-266433&callback=jQuery1102015876920404843986_1498617963192&_=1498617963193", "requestTime": 11440.334576}}
06-28 11:46:03.320 26636 26649 E WPROF   : {"Javascript": {"url": "https://securepubads.g.doubleclick.net/gpt/pubads_impl_121.js", "requestTime": 11440.375267}}
06-28 11:46:03.360 26636 26649 E WPROF   : {"Javascript": {"url": "https://connect.facebook.net/signals/config/423979991297359?v=2.7.17", "requestTime": 11440.415231}}
06-28 11:46:03.606 26636 26649 E WPROF   : {"Javascript": {"url": "http://app-sj02.marketo.com/index.php/form/getForm?munchkinId=727-ZQE-044&form=5673&url=http%3A%2F%2Fsearchengineland.com%2Fchromes-devtools-seo-10-ways-use-seo-audits-266433&callback=jQuery1102015876920404843986_1498617963194&_=1498617963195", "requestTime": 11440.661651}}
06-28 11:46:03.619 26636 26649 E WPROF   : {"Javascript": {"url": "http://searchengineland.com/js/ga_social_tracking.js", "requestTime": 11440.674527}}
06-28 11:46:03.620 26636 26649 E WPROF   : {"Javascript": {"url": "http://s7.addthis.com/js/300/addthis_widget.js#pubid=ra-53e918f660794f37", "requestTime": 11440.675372}}
06-28 11:46:03.631 26570 26615 E chromium: [ERROR:gles2_cmd_decoder.cc(3852)] [.ChromiumCompositor-0xacbb2fc0]GL ERROR :GL_INVALID_ENUM : glDiscardFramebufferEXT: attachments was GL_COLOR_EXT
06-28 11:46:03.955 26636 26649 E WPROF   : {"Javascript": {"url": "http://cdn.api.twitter.com/1/users/show.json?screen_name=aleyda&callback=twttr.setFollowersCount", "requestTime": 11441.010504}}
06-28 11:46:04.167 26570 26615 E chromium: [ERROR:gles2_cmd_decoder.cc(3852)] [.ChromiumCompositor-0xacbb2fc0]GL ERROR :GL_INVALID_ENUM : glDiscardFramebufferEXT: attachments was GL_COLOR_EXT
06-28 11:46:04.297 26636 26649 E WPROF   : {"Javascript": {"url": "https://static.xx.fbcdn.net/rsrc.php/v3iy6L4/yk/l/ko_KR/be4fIjHRc8P.js", "requestTime": 11441.352804}}
06-28 11:46:04.483 26636 26649 E WPROF   : {"CSS": {"url": "http://app-sj02.marketo.com/js/forms2/css/forms2.css", "requestTime": 11441.539056}}
06-28 11:46:04.487 26636 26649 E WPROF   : {"CSS": {"url": "http://app-sj02.marketo.com/js/forms2/css/forms2-theme-simple.css", "requestTime": 11441.542678}}
06-28 11:46:04.491   862  1657 E LocSvc_IzatApiV02: E/virtual int izat_core::IzatApiV02::getBatchSize(int32_t):522]: Error : st = 4, ind.status = -1628389555
06-28 11:46:04.491   862  1657 E LocSvc_IzatApiV02: E/virtual int izat_core::IzatApiV02::getBatchSize(int32_t):535]: get batching size failed.Or modem does not support batching 
06-28 11:46:04.500   862  1657 E LocSvc_IzatApiV02: E/virtual int izat_core::IzatApiV02::getBatchSize(int32_t):522]: Error : st = 4, ind.status = -1628389555
06-28 11:46:04.500   862  1657 E LocSvc_IzatApiV02: E/virtual int izat_core::IzatApiV02::getBatchSize(int32_t):535]: get batching size failed.Or modem does not support batching 
06-28 11:46:04.501 26570 26615 E chromium: [ERROR:gles2_cmd_decoder.cc(3852)] [.ChromiumCompositor-0xacbb2fc0]GL ERROR :GL_INVALID_ENUM : glDiscardFramebufferEXT: attachments was GL_COLOR_EXT
06-28 11:46:04.533   862  1657 E LocSvc_IzatApiV02: E/virtual int izat_core::IzatApiV02::getBatchSize(int32_t):522]: Error : st = 4, ind.status = -1628389555
06-28 11:46:04.533   862  1657 E LocSvc_IzatApiV02: E/virtual int izat_core::IzatApiV02::getBatchSize(int32_t):535]: get batching size failed.Or modem does not support batching 
06-28 11:46:04.546   862  1657 E LocSvc_IzatApiV02: E/virtual int izat_core::IzatApiV02::getBatchSize(int32_t):522]: Error : st = 4, ind.status = -1628389555
06-28 11:46:04.546   862  1657 E LocSvc_IzatApiV02: E/virtual int izat_core::IzatApiV02::getBatchSize(int32_t):535]: get batching size failed.Or modem does not support batching 
06-28 11:46:05.128 26636 26649 E WPROF   : {"Javascript": {"url": "https://securepubads.g.doubleclick.net/gampad/ads?gdfp_req=1&correlator=3619301274681344&output=json_html&callback=googletag.impl.pubads.callbackProxy1&impl=fifs&json_a=1&eid=108809080%2C108809107%2C108809152%2C21060361&sc=0&sfv=1-0-9&iu_parts=1038259%2Csel-ciu-1%2Csel-ciu-2%2Csel-ciu-3%2Csel-ciu-4%", "requestTime": 11442.183306}}
06-28 11:46:05.155 26636 26649 E WPROF   : {"Javascript": {"url": "http://www.googleadservices.com/pagead/conversion.js", "requestTime": 11442.210774}}
06-28 11:46:05.155 26636 26649 E WPROF   : {"Javascript": {"url": "http://searchengineland.com/figz/wp-content/themes/searchengineland/js/script.js?ver=1.0", "requestTime": 11442.211126}}
06-28 11:46:05.156 26636 26649 E WPROF   : {"Javascript": {"url": "http://searchengineland.com/figz/wp-includes/js/wp-embed.min.js?ver=4.7.5", "requestTime": 11442.211452}}
06-28 11:46:05.156 26636 26649 E WPROF   : {"Javascript": {"url": "http://searchengineland.com/figz/wp-content/themes/searchengineland/js/modules/sharing_controls.js", "requestTime": 11442.211795}}
06-28 11:46:05.242 26570 26615 E chromium: [ERROR:gles2_cmd_decoder.cc(3852)] [.ChromiumCompositor-0xacbb2fc0]GL ERROR :GL_INVALID_ENUM : glDiscardFramebufferEXT: attachments was GL_COLOR_EXT
06-28 11:46:05.340 26636 26649 E WPROF   : {"Javascript": {"url": "http://d2j3qa5nc37287.cloudfront.net/coupon_code1.js", "requestTime": 11442.395955}}
06-28 11:46:05.445 26636 26649 E WPROF   : {"CSS": {"url": "https://www.youtube.com/yts/cssbin/www-embed-player-sprite-mode-vfl5G4Xm8.css", "requestTime": 11442.500315}}
06-28 11:46:05.446 26636 26649 E WPROF   : {"Javascript": {"url": "https://www.youtube.com/yts/jsbin/www-embed-player-vfl_UY_j8/www-embed-player.js", "requestTime": 11442.501807}}
06-28 11:46:05.447 26636 26649 E WPROF   : {"Javascript": {"url": "https://www.youtube.com/yts/jsbin/player-vflo1w4O-/ko_KR/base.js", "requestTime": 11442.502400}}
06-28 11:46:05.501 26570 26615 E chromium: [ERROR:gles2_cmd_decoder.cc(3852)] [.ChromiumCompositor-0xacbb2fc0]GL ERROR :GL_INVALID_ENUM : glDiscardFramebufferEXT: attachments was GL_COLOR_EXT
06-28 11:46:06.028 26570 26615 E chromium: [ERROR:gles2_cmd_decoder.cc(3852)] [.ChromiumCompositor-0xacbb2fc0]GL ERROR :GL_INVALID_ENUM : glDiscardFramebufferEXT: attachments was GL_COLOR_EXT
06-28 11:46:07.224 26636 26649 E WPROF   : {"Javascript": {"url": "https://www.google.com/js/bg/KWBfAnWFESAEEaKKgdYlTHY9ysQaNoQuzeMFqvxDSM8.js", "requestTime": 11444.279984}}
06-28 11:46:07.229 26636 26649 E WPROF   : {"Javascript": {"url": "https://static.doubleclick.net/instream/ad_status.js", "requestTime": 11444.284589}}
06-28 11:46:07.793 26570 26615 E chromium: [ERROR:gles2_cmd_decoder.cc(3852)] [.ChromiumCompositor-0xacbb2fc0]GL ERROR :GL_INVALID_ENUM : glDiscardFramebufferEXT: attachments was GL_COLOR_EXT
06-28 11:46:08.143 26570 26615 E chromium: [ERROR:gles2_cmd_decoder.cc(3852)] [.ChromiumCompositor-0xacbb2fc0]GL ERROR :GL_INVALID_ENUM : glDiscardFramebufferEXT: attachments was GL_COLOR_EXT
06-28 11:46:08.254 26636 26649 E WPROF   : {"Javascript": {"url": "https://tpc.googlesyndication.com/pagead/js/r20170619/r20110914/client/ext/m_window_focus_non_hydra.js", "requestTime": 11445.309300}}
06-28 11:46:08.257 26636 26649 E WPROF   : {"Javascript": {"url": "https://tpc.googlesyndication.com/pagead/js/r20170619/r20110914/activeview/osd_listener.js", "requestTime": 11445.312432}}
06-28 11:46:08.263 26636 26649 E WPROF   : {"Javascript": {"url": "http://pagead2.googlesyndication.com/pagead/osd.js", "requestTime": 11445.318750}}
06-28 11:46:08.338 26636 26649 E WPROF   : {"Javascript": {"url": "http://www.justuno.com/ajax/account_version_check.html?id=828FA275-FF73-401E-AA39-40F5A6FAB6B1", "requestTime": 11445.393674}}
06-28 11:46:08.369 26570 26615 E chromium: [ERROR:gles2_cmd_decoder.cc(3852)] [.ChromiumCompositor-0xacbb2fc0]GL ERROR :GL_INVALID_ENUM : glDiscardFramebufferEXT: attachments was GL_COLOR_EXT
06-28 11:46:08.502 26570 26615 E chromium: [ERROR:gles2_cmd_decoder.cc(3852)] [.ChromiumCompositor-0xacbb2fc0]GL ERROR :GL_INVALID_ENUM : glDiscardFramebufferEXT: attachments was GL_COLOR_EXT
06-28 11:46:09.317 26570 26615 E chromium: [ERROR:gles2_cmd_decoder.cc(3852)] [.ChromiumCompositor-0xacbb2fc0]GL ERROR :GL_INVALID_ENUM : glDiscardFramebufferEXT: attachments was GL_COLOR_EXT
06-28 11:46:09.484 26570 26615 E chromium: [ERROR:gles2_cmd_decoder.cc(3852)] [.ChromiumCompositor-0xacbb2fc0]GL ERROR :GL_INVALID_ENUM : glDiscardFramebufferEXT: attachments was GL_COLOR_EXT
06-28 11:46:09.615 26570 26615 E chromium: [ERROR:gles2_cmd_decoder.cc(3852)] [.ChromiumCompositor-0xacbb2fc0]GL ERROR :GL_INVALID_ENUM : glDiscardFramebufferEXT: attachments was GL_COLOR_EXT
06-28 11:46:09.686 26570 26615 E chromium: [ERROR:gles2_cmd_decoder.cc(3852)] [.ChromiumCompositor-0xacbb2fc0]GL ERROR :GL_INVALID_ENUM : glDiscardFramebufferEXT: attachments was GL_COLOR_EXT
06-28 11:46:09.920 26636 26649 E WPROF   : {"Javascript": {"url": "http://cdn.justuno.com/mwgt_3.6.js", "requestTime": 11446.975363}}
06-28 11:46:10.514 26570 26615 E chromium: [ERROR:gles2_cmd_decoder.cc(3852)] [.ChromiumCompositor-0xacbb2fc0]GL ERROR :GL_INVALID_ENUM : glDiscardFramebufferEXT: attachments was GL_COLOR_EXT
06-28 11:46:10.696 26570 26615 E chromium: [ERROR:gles2_cmd_decoder.cc(3852)] [.ChromiumCompositor-0xacbb2fc0]GL ERROR :GL_INVALID_ENUM : glDiscardFramebufferEXT: attachments was GL_COLOR_EXT
06-28 11:46:10.743 26636 26649 E WPROF   : {"Javascript": {"url": "https://app-sj02.marketo.com/js/forms2/js/forms2.min.js", "requestTime": 11447.799215}}
06-28 11:46:11.009 26636 26649 E WProf.db: {"page": "searchengineland.com_chromes-devtools-seo-10-ways-use-seo-audits-266433"}
06-28 11:46:11.009 26636 26649 E WProf.db: {"DOMLoad": 11448.064943}
06-28 11:46:11.009 26636 26649 E WProf.db: {"Resource": {"id": 1, "url": "http://searchengineland.com/chromes-devtools-seo-10-ways-use-seo-audits-266433", "sentTime": -1.000000, "len": 114785, "from": "0x0", "mimeType": "text/html", "contentLength": -1, "httpStatus": 200, "connId": 20, "connReused": 1, "cached": 0,"requestTime": 11438.606292, "proxyStart": -1, "proxyEnd": -1, "dnsStart": -1, "dnsEnd": -1, "connectStart": 0, "connectEnd": 83, "sendStart": 83, "sendEnd": 83, "receiveHeadersEnd": 239, "sslStart": -1, "sslEnd": -1}}
06-28 11:46:11.009 26636 26649 E WProf.db: {"ReceivedChunk": {"receivedTime": 11438.871548, "len": 12763}}
06-28 11:46:11.009 26636 26649 E WProf.db: {"ReceivedChunk": {"receivedTime": 11438.933915, "len": 32768}}
06-28 11:46:11.009 26636 26649 E WProf.db: {"ReceivedChunk": {"receivedTime": 11438.934209, "len": 25129}}
06-28 11:46:11.010 26636 26649 E WProf.db: {"ReceivedChunk": {"receivedTime": 11439.004434, "len": 15030}}
06-28 11:46:11.010 26636 26649 E WProf.db: {"ReceivedChunk": {"receivedTime": 11439.005017, "len": 29095}}
06-28 11:46:11.010 26636 26649 E WProf.db: {"WprofHTMLTag": {"code": "0xaedd83c0", "doc": "http://searchengineland.com/chromes-devtools-seo-10-ways-use-seo-audits-266433", "row": 6, "column": 42, "tagName": "html", "time": 11438.935259, "url": "", "pos": 1, "chunkLen": 1, "isStartTag": 1}}
06-28 11:46:11.010 26636 26649 E WProf.db: {"WprofHTMLTag": {"code": "0xaf0476d0", "doc": "http://searchengineland.com/chromes-devtools-seo-10-ways-use-seo-audits-266433", "row": 7, "column": 6, "tagName": "head", "time": 11438.935688, "url": "", "pos": 1, "chunkLen": 1, "isStartTag": 1}}
06-28 11:46:11.010 26636 26649 E WProf.db: {"WprofHTMLTag": {"code": "0xaf047700", "doc": "http://searchengineland.com/chromes-devtools-seo-10-ways-use-seo-audits-266433", "row": 8, "column": 54, "tagName": "meta", "time": 11438.935731, "url": "", "pos": 1, "chunkLen": 1, "isStartTag": 1}}
06-28 11:46:11.010 26636 26649 E WProf.db: {"WprofHTMLTag": {"code": "0xaf0477f0", "doc": "http://searchengineland.com/chromes-devtools-seo-10-ways-use-seo-audits-266433", "row": 9, "column": 68, "tagName": "meta", "time": 11438.935874, "url": "", "pos": 1, "chunkLen": 1, "isStartTag": 1}}
06-28 11:46:11.010 26636 26649 E WProf.db: {"WprofHTMLTag": {"code": "0xaf047820", "doc": "http://searchengineland.com/chromes-devtools-seo-10-ways-use-seo-audits-266433", "row": 10, "column": 23, "tagName": "meta", "time": 11438.935986, "url": "", "pos": 1, "chunkLen": 1, "isStartTag": 1}}
06-28 11:46:11.010 26636 26649 E WProf.db: {"WprofHTMLTag": {"code": "0xaf047850", "doc": "http://searchengineland.com/chromes-devtools-seo-10-ways-use-seo-audits-266433", "row": 11, "column": 52, "tagName": "meta", "time": 11438.936337, "url": "", "pos": 1, "chunkLen": 1, "isStartTag": 1}}
06-28 11:46:11.010 26636 26649 E WProf.db: {"WprofHTMLTag": {"code": "0xaf047880", "doc": "http://searchengineland.com/chromes-devtools-seo-10-ways-use-seo-audits-266433", "row": 14, "column": 56, "tagName": "meta", "time": 11438.936473, "url": "", "pos": 1, "chunkLen": 1, "isStartTag": 1}}
06-28 11:46:11.010 26636 26649 E WProf.db: {"WprofHTMLTag": {"code": "0xaf0478b0", "doc": "http://searchengineland.com/chromes-devtools-seo-10-ways-use-seo-audits-266433", "row": 15, "column": 83, "tagName": "meta", "time": 11438.936586, "url": "", "pos": 1, "chunkLen": 1, "isStartTag": 1}}
06-28 11:46:11.010 26636 26649 E WProf.db: {"WprofHTMLTag": {"code": "0xaf0478e0", "doc": "http://searchengineland.com/chromes-devtools-seo-10-ways-use-seo-audits-266433", "row": 16, "column": 57, "tagName": "meta", "time": 11438.936703, "url": "", "pos": 1, "chunkLen": 1, "isStartTag": 1}}
06-28 11:46:11.010 26636 26649 E WProf.db: {"WprofHTMLTag": {"code": "0xaf047970", "doc": "http://searchengineland.com/chromes-devtools-seo-10-ways-use-seo-audits-266433", "row": 17, "column": 41, "tagName": "meta", "time": 11438.936812, "url": "", "pos": 1, "chunkLen": 1, "isStartTag": 1}}
06-28 11:46:11.010 26636 26649 E WProf.db: {"WprofHTMLTag": {"code": "0xaf0479a0", "doc": "http://searchengineland.com/chromes-devtools-seo-10-ways-use-seo-audits-266433", "row": 18, "column": 50, "tagName": "meta", "time": 11438.936920, "url": "", "pos": 1, "chunkLen": 1, "isStartTag": 1}}
06-28 11:46:11.010 26636 26649 E WProf.db: {"WprofHTMLTag": {"code": "0xaf0479d0", "doc": "http://searchengineland.com/chromes-devtools-seo-10-ways-use-seo-audits-266433", "row": 19, "column": 174, "tagName": "meta", "time": 11438.937024, "url": "", "pos": 1, "chunkLen": 1, "isStartTag": 1}}
06-28 11:46:11.011 26636 26649 E WProf.db: {"WprofHTMLTag": {"code": "0xaf047940", "doc": "http://searchengineland.com/chromes-devtools-seo-10-ways-use-seo-audits-266433", "row": 20, "column": 47, "tagName": "meta", "time": 11438.937136, "url": "", "pos": 1, "chunkLen": 1, "isStartTag": 1}}
06-28 11:46:11.011 26636 26649 E WProf.db: {"WprofHTMLTag": {"code": "0xaf047910", "doc": "http://searchengineland.com/chromes-devtools-seo-10-ways-use-seo-audits-266433", "row": 21, "column": 67, "tagName": "meta", "time": 11438.937242, "url": "", "pos": 1, "chunkLen": 1, "isStartTag": 1}}
06-28 11:46:11.011 26636 26649 E WProf.db: {"WprofHTMLTag": {"code": "0xaf047a00", "doc": "http://searchengineland.com/chromes-devtools-seo-10-ways-use-seo-audits-266433", "row": 22, "column": 57, "tagName": "meta", "time": 11438.937345, "url": "", "pos": 1, "chunkLen": 1, "isStartTag": 1}}
06-28 11:46:11.011 26636 26649 E WProf.db: {"WprofHTMLTag": {"code": "0xaf047a30", "doc": "http://searchengineland.com/chromes-devtools-seo-10-ways-use-seo-audits-266433", "row": 23, "column": 65, "tagName": "meta", "time": 11438.937452, "url": "", "pos": 1, "chunkLen": 1, "isStartTag": 1}}
06-28 11:46:11.011 26636 26649 E WProf.db: {"WprofHTMLTag": {"code": "0xaf047a60", "doc": "http://searchengineland.com/chromes-devtools-seo-10-ways-use-seo-audits-266433", "row": 24, "column": 55, "tagName": "meta", "time": 11438.937571, "url": "", "pos": 1, "chunkLen": 1, "isStartTag": 1}}
06-28 11:46:11.011 26636 26649 E WProf.db: {"WprofHTMLTag": {"code": "0xaf047a90", "doc": "http://searchengineland.com/chromes-devtools-seo-10-ways-use-seo-audits-266433", "row": 25, "column": 71, "tagName": "meta", "time": 11438.937678, "url": "", "pos": 1, "chunkLen": 1, "isStartTag": 1}}
06-28 11:46:11.011 26636 26649 E WProf.db: {"WprofHTMLTag": {"code": "0xaf047ac0", "doc": "http://searchengineland.com/chromes-devtools-seo-10-ways-use-seo-audits-266433", "row": 26, "column": 86, "tagName": "meta", "time": 11438.937782, "url": "", "pos": 1, "chunkLen": 1, "isStartTag": 1}}
06-28 11:46:11.011 26636 26649 E WProf.db: {"WprofHTMLTag": {"code": "0xaf047af0", "doc": "http://searchengineland.com/chromes-devtools-seo-10-ways-use-seo-audits-266433", "row": 27, "column": 54, "tagName": "meta", "time": 11438.937887, "url": "", "pos": 1, "chunkLen": 1, "isStartTag": 1}}
06-28 11:46:11.011 26636 26649 E WProf.db: {"WprofHTMLTag": {"code": "0xaf047b20", "doc": "http://searchengineland.com/chromes-devtools-seo-10-ways-use-seo-audits-266433", "row": 29, "column": 124, "tagName": "meta", "time": 11438.937998, "url": "", "pos": 1, "chunkLen": 1, "isStartTag": 1}}
06-28 11:46:11.011 26636 26649 E WProf.db: {"WprofHTMLTag": {"code": "0xaf047b50", "doc": "http://searchengineland.com/chromes-devtools-seo-10-ways-use-seo-audits-266433", "row": 30, "column": 219, "tagName": "meta", "time": 11438.939046, "url": "", "pos": 1, "chunkLen": 1, "isStartTag": 1}}
06-28 11:46:11.011 26636 26649 E WProf.db: {"WprofHTMLTag": {"code": "0xaf047b80", "doc": "http://searchengineland.com/chromes-devtools-seo-10-ways-use-seo-audits-266433", "row": 31, "column": 55, "tagName": "meta", "time": 11438.939162, "url": "", "pos": 1, "chunkLen": 1, "isStartTag": 1}}
06-28 11:46:11.011 26636 26649 E WProf.db: {"WprofHTMLTag": {"code": "0xaf047bb0", "doc": "http://searchengineland.com/chromes-devtools-seo-10-ways-use-seo-audits-266433", "row": 32, "column": 54, "tagName": "meta", "time": 11438.939270, "url": "", "pos": 1, "chunkLen": 1, "isStartTag": 1}}
06-28 11:46:11.011 26636 26649 E WProf.db: {"WprofHTMLTag": {"code": "0xaf047be0", "doc": "http://searchengineland.com/chromes-devtools-seo-10-ways-use-seo-audits-266433", "row": 33, "column": 148, "tagName": "meta", "time": 11438.939379, "url": "", "pos": 1, "chunkLen": 1, "isStartTag": 1}}
06-28 11:46:11.011 26636 26649 E WProf.db: {"WprofHTMLTag": {"code": "0xaf047c10", "doc": "http://searchengineland.com/chromes-devtools-seo-10-ways-use-seo-audits-266433", "row": 37, "column": 36, "tagName": "script", "time": 11438.939489, "url": "", "pos": 1, "chunkLen": 1, "isStartTag": 1}}
06-28 11:46:11.012 26636 26649 E WProf.db: {"WprofHTMLTag": {"code": "0xaf047c40", "doc": "http://searchengineland.com/chromes-devtools-seo-10-ways-use-seo-audits-266433", "row": 53, "column": 10, "tagName": "script", "time": 11438.939842, "url": "", "pos": 1, "chunkLen": 1, "isStartTag": 0}}
06-28 11:46:11.012 26636 26649 E WProf.db: {"WprofHTMLTag": {"code": "0xaedd8690", "doc": "http://searchengineland.com/chromes-devtools-seo-10-ways-use-seo-audits-266433", "row": 55, "column": 86, "tagName": "link", "time": 11438.941057, "url": "http://searchengineland.com/apple-touch-icon.png", "pos": 1, "chunkLen": 1, "isStartTag": 1}}
06-28 11:46:11.012 26636 26649 E WProf.db: {"WprofHTMLTag": {"code": "0xaf047c70", "doc": "http://searchengineland.com/chromes-devtools-seo-10-ways-use-seo-audits-266433", "row": 56, "column": 76, "tagName": "link", "time": 11438.941370, "url": "http://searchengineland.com/favicon.ico", "pos": 1, "chunkLen": 1, "isStartTag": 1}}
06-28 11:46:11.012 26636 26649 E WProf.db: {"WprofHTMLTag": {"code": "0xaf047ca0", "doc": "http://searchengineland.com/chromes-devtools-seo-10-ways-use-seo-audits-266433", "row": 57, "column": 158, "tagName": "link", "time": 11438.941565, "url": "http://feeds.searchengineland.com/searchengineland", "pos": 1, "chunkLen": 1, "isStartTag": 1}}
06-28 11:46:11.012 26636 26649 E WProf.db: {"WprofHTMLTag": {"code": "0xaf047cd0", "doc": "http://searchengineland.com/chromes-devtools-seo-10-ways-use-seo-audits-266433", "row": 58, "column": 149, "tagName": "link", "time": 11438.941978, "url": "http://feeds.searchengineland.com/searchcap", "pos": 1, "chunkLen": 1, "isStartTag": 1}}
06-28 11:46:11.012 26636 26649 E WProf.db: {"WprofHTMLTag": {"code": "0xaf047d00", "doc": "http://searchengineland.com/chromes-devtools-seo-10-ways-use-seo-audits-266433", "row": 59, "column": 150, "tagName": "link", "time": 11438.942264, "url": "http://searchengineland.com/figz/wp-content/themes/searchengineland/css/searchengineland-bootstrap.css", "pos": 1, "chunkLen": 1, "isStartTag": 1}}
06-28 11:46:11.012 26636 26649 E WProf.db: {"WprofHTMLTag": {"code": "0xaf047d60", "doc": "http://searchengineland.com/chromes-devtools-seo-10-ways-use-seo-audits-266433", "row": 60, "column": 105, "tagName": "link", "time": 11438.942890, "url": "http://fonts.googleapis.com/css?family=Oswald:300,400,700", "pos": 1, "chunkLen": 1, "isStartTag": 1}}
06-28 11:46:11.012 26636 26649 E WProf.db: {"WprofHTMLTag": {"code": "0xaf047dc0", "doc": "http://searchengineland.com/chromes-devtools-seo-10-ways-use-seo-audits-266433", "row": 61, "column": 125, "tagName": "link", "time": 11438.943397, "url": "http://searchengineland.com/figz/wp-content/themes/searchengineland/style.css", "pos": 1, "chunkLen": 1, "isStartTag": 1}}
06-28 11:46:11.012 26636 26649 E WProf.db: {"WprofHTMLTag": {"code": "0xaf047e20", "doc": "http://searchengineland.com/chromes-devtools-seo-10-ways-use-seo-audits-266433", "row": 65, "column": 7, "tagName": "title", "time": 11438.943934, "url": "", "pos": 1, "chunkLen": 1, "isStartTag": 1}}
06-28 11:46:11.012 26636 26649 E WProf.db: {"WprofHTMLTag": {"code": "0xaf047e50", "doc": "http://searchengineland.com/chromes-devtools-seo-10-ways-use-seo-audits-266433", "row": 65, "column": 104, "tagName": "title", "time": 11438.944197, "url": "", "pos": 1, "chunkLen": 1, "isStartTag": 0}}
06-28 11:46:11.012 26636 26649 E WProf.db: {"WprofHTMLTag": {"code": "0xaf047e80", "doc": "http://searchengineland.com/chromes-devtools-seo-10-ways-use-seo-audits-266433", "row": 66, "column": 221, "tagName": "meta", "time": 11438.944217, "url": "", "pos": 1, "chunkLen": 1, "isStartTag": 1}}
06-28 11:46:11.012 26636 26649 E WProf.db: {"WprofHTMLTag": {"code": "0xaf047eb0", "doc": "http://searchengineland.com/chromes-devtools-seo-10-ways-use-seo-audits-266433", "row": 67, "column": 125, "tagName": "meta", "time": 11438.944338, "url": "", "pos": 1, "chunkLen": 1, "isStartTag": 1}}
06-28 11:46:11.012 26636 26649 E WProf.db: {"WprofHTMLTag": {"code": "0xaf047ee0", "doc": "http://searchengineland.com/chromes-devtools-seo-10-ways-use-seo-audits-266433", "row": 68, "column": 120, "tagName": "meta", "time": 11438.944445, "url": "", "pos": 1, "chunkLen": 1, "isStartTag": 1}}
06-28 11:46:11.012 26636 26649 E WProf.db: {"WprofHTMLTag": {"code": "0xaf047f10", "doc": "http://searchengineland.com/chromes-devtools-seo-10-ways-use-seo-audits-266433", "row": 69, "column": 37, "tagName": "meta", "time": 11438.944552, "url": "", "pos": 1, "chunkLen": 1, "isStartTag": 1}}
06-28 11:46:11.013 26636 26649 E WProf.db: {"WprofHTMLTag": {"code": "0xaf047f40", "doc": "http://searchengineland.com/chromes-devtools-seo-10-ways-use-seo-audits-266433", "row": 70, "column": 110, "tagName": "link", "time": 11438.944662, "url": "http://searchengineland.com/chromes-devtools-seo-10-ways-use-seo-audits-266433", "pos": 1, "chunkLen": 1, "isStartTag": 1}}
06-28 11:46:11.013 26636 26649 E WProf.db: {"WprofHTMLTag": {"code": "0xaf047f70", "doc": "http://searchengineland.com/chromes-devtools-seo-10-ways-use-seo-audits-266433", "row": 71, "column": 76, "tagName": "link", "time": 11438.944853, "url": "https://plus.google.com/103218677032751327334", "pos": 1, "chunkLen": 1, "isStartTag": 1}}
06-28 11:46:11.013 26636 26649 E WProf.db: {"WprofHTMLTag": {"code": "0xaf047fa0", "doc": "http://searchengineland.com/chromes-devtools-seo-10-ways-use-seo-audits-266433", "row": 72, "column": 45, "tagName": "meta", "time": 11438.945039, "url": "", "pos": 1, "chunkLen": 1, "isStartTag": 1}}
06-28 11:46:11.013 26636 26649 E WProf.db: {"WprofHTMLTag": {"code": "0xaf047fd0", "doc": "http://searchengineland.com/chromes-devtools-seo-10-ways-use-seo-audits-266433", "row": 73, "column": 45, "tagName": "meta", "time": 11438.945147, "url": "", "pos": 1, "chunkLen": 1, "isStartTag": 1}}
06-28 11:46:11.013 26636 26649 E WProf.db: {"WprofHTMLTag": {"code": "0xb4cc74b0", "doc": "http://searchengineland.com/chromes-devtools-seo-10-ways-use-seo-audits-266433", "row": 74, "column": 128, "tagName": "meta", "time": 11438.945255, "url": "", "pos": 1, "chunkLen": 1, "isStartTag": 1}}
06-28 11:46:11.013 26636 26649 E WProf.db: {"WprofHTMLTag": {"code": "0xb4cc7540", "doc": "http://searchengineland.com/chromes-devtools-seo-10-ways-use-seo-audits-266433", "row": 75, "column": 229, "tagName": "meta", "time": 11438.945364, "url": "", "pos": 1, "chunkLen": 1, "isStartTag": 1}}
06-28 11:46:11.013 26636 26649 E WProf.db: {"WprofHTMLTag": {"code": "0xb4cc78a0", "doc": "http://searchengineland.com/chromes-devtools-seo-10-ways-use-seo-audits-266433", "row": 76, "column": 115, "tagName": "meta", "time": 11438.945476, "url": "", "pos": 1, "chunkLen": 1, "isStartTag": 1}}
06-28 11:46:11.013 26636 26649 E WProf.db: {"WprofHTMLTag": {"code": "0xb4cc78d0", "doc": "http://searchengineland.com/chromes-devtools-seo-10-ways-use-seo-audits-266433", "row": 77, "column": 61, "tagName": "meta", "time": 11438.945588, "url": "", "pos": 1, "chunkLen": 1, "isStartTag": 1}}
06-28 11:46:11.013 26636 26649 E WProf.db: {"WprofHTMLTag": {"code": "0xb4cc7900", "doc": "http://searchengineland.com/chromes-devtools-seo-10-ways-use-seo-audits-266433", "row": 78, "column": 89, "tagName": "meta", "time": 11438.945693, "url": "", "pos": 1, "chunkLen": 1, "isStartTag": 1}}
06-28 11:46:11.013 26636 26649 E WProf.db: {"WprofHTMLTag": {"code": "0xb4cc7930", "doc": "http://searchengineland.com/chromes-devtools-seo-10-ways-use-seo-audits-266433", "row": 79, "column": 67, "tagName": "meta", "time": 11438.945801, "url": "", "pos": 1, "chunkLen": 1, "isStartTag": 1}}
06-28 11:46:11.013 26636 26649 E WProf.db: {"WprofHTMLTag": {"code": "0xb4cc7960", "doc": "http://searchengineland.com/chromes-devtools-seo-10-ways-use-seo-audits-266433", "row": 80, "column": 78, "tagName": "meta", "time": 11438.945909, "url": "", "pos": 1, "chunkLen": 1, "isStartTag": 1}}
06-28 11:46:11.013 26636 26649 E WProf.db: {"WprofHTMLTag": {"code": "0xb4cc7990", "doc": "http://searchengineland.com/chromes-devtools-seo-10-ways-use-seo-audits-266433", "row": 81, "column": 77, "tagName": "meta", "time": 11438.946013, "url": "", "pos": 1, "chunkLen": 1, "isStartTag": 1}}
06-28 11:46:11.013 26636 26649 E WProf.db: {"WprofHTMLTag": {"code": "0xb4cc79c0", "doc": "http://searchengineland.com/chromes-devtools-seo-10-ways-use-seo-audits-266433", "row": 82, "column": 71, "tagName": "meta", "time": 11438.946121, "url": "", "pos": 1, "chunkLen": 1, "isStartTag": 1}}
06-28 11:46:11.013 26636 26649 E WProf.db: {"WprofHTMLTag": {"code": "0xb4cc79f0", "doc": "http://searchengineland.com/chromes-devtools-seo-10-ways-use-seo-audits-266433", "row": 83, "column": 142, "tagName": "meta", "time": 11438.946234, "url": "", "pos": 1, "chunkLen": 1, "isStartTag": 1}}
06-28 11:46:11.014 26636 26649 E WProf.db: {"WprofHTMLTag": {"code": "0xb4cc7a20", "doc": "http://searchengineland.com/chromes-devtools-seo-10-ways-use-seo-audits-266433", "row": 84, "column": 49, "tagName": "meta", "time": 11438.946345, "url": "", "pos": 1, "chunkLen": 1, "isStartTag": 1}}
06-28 11:46:11.014 26636 26649 E WProf.db: {"WprofHTMLTag": {"code": "0xb4cc7a50", "doc": "http://searchengineland.com/chromes-devtools-seo-10-ways-use-seo-audits-266433", "row": 85, "column": 50, "tagName": "meta", "time": 11438.946454, "url": "", "pos": 1, "chunkLen": 1, "isStartTag": 1}}
06-28 11:46:11.014 26636 26649 E WProf.db: {"WprofHTMLTag": {"code": "0xb4cc7a80", "doc": "http://searchengineland.com/chromes-devtools-seo-10-ways-use-seo-audits-266433", "row": 86, "column": 58, "tagName": "meta", "time": 11438.946563, "url": "", "pos": 1, "chunkLen": 1, "isStartTag": 1}}
06-28 11:46:11.014 26636 26649 E WProf.db: {"WprofHTMLTag": {"code": "0xb4cc7ab0", "doc": "http://searchengineland.com/chromes-devtools-seo-10-ways-use-seo-audits-266433", "row": 87, "column": 230, "tagName": "meta", "time": 11438.946673, "url": "", "pos": 1, "chunkLen": 1, "isStartTag": 1}}
06-28 11:46:11.014 26636 26649 E WProf.db: {"WprofHTMLTag": {"code": "0xb4cc7ae0", "doc": "http://searchengineland.com/chromes-devtools-seo-10-ways-use-seo-audits-266433", "row": 88, "column": 129, "tagName": "meta", "time": 11438.946781, "url": "", "pos": 1, "chunkLen": 1, "isStartTag": 1}}
06-28 11:46:11.014 26636 26649 E WProf.db: {"WprofHTMLTag": {"code": "0xb4cc7b10", "doc": "http://searchengineland.com/chromes-devtools-seo-10-ways-use-seo-audits-266433", "row": 89, "column": 51, "tagName": "meta", "time": 11438.946889, "url": "", "pos": 1, "chunkLen": 1, "isStartTag": 1}}
06-28 11:46:11.014 26636 26649 E WProf.db: {"WprofHTMLTag": {"code": "0xb4cc7b40", "doc": "http://searchengineland.com/chromes-devtools-seo-10-ways-use-seo-audits-266433", "row": 90, "column": 143, "tagName": "meta", "time": 11438.946999, "url": "", "pos": 1, "chunkLen": 1, "isStartTag": 1}}
06-28 11:46:11.014 26636 26649 E WProf.db: {"WprofHTMLTag": {"code": "0xb4cc7b70", "doc": "http://searchengineland.com/chromes-devtools-seo-10-ways-use-seo-audits-266433", "row": 91, "column": 49, "tagName": "meta", "time": 11438.947105, "url": "", "pos": 1, "chunkLen": 1, "isStartTag": 1}}
06-28 11:46:11.014 26636 26649 E WProf.db: {"WprofHTMLTag": {"code": "0xb4cc7ba0", "doc": "http://searchengineland.com/chromes-devtools-seo-10-ways-use-seo-audits-266433", "row": 94, "column": 44, "tagName": "link", "time": 11438.947224, "url": "http://s.w.org/", "pos": 1, "chunkLen": 1, "isStartTag": 1}}
06-28 11:46:11.014 26636 26649 E WProf.db: {"WprofHTMLTag": {"code": "0xb4cc7bd0", "doc": "http://searchengineland.com/chromes-devtools-seo-10-ways-use-seo-audits-266433", "row": 95, "column": 33, "tagName": "script", "time": 11438.947430, "url": "", "pos": 1, "chunkLen": 1, "isStartTag": 1}}
06-28 11:46:11.014 26636 26649 E WProf.db: {"WprofHTMLTag": {"code": "0xb4cc7c00", "doc": "http://searchengineland.com/chromes-devtools-seo-10-ways-use-seo-audits-266433", "row": 98, "column": 11, "tagName": "script", "time": 11438.947620, "url": "http://searchengineland.com/figz/wp-includes/js/wp-emoji-release.min.js?ver=4.7.5", "pos": 1, "chunkLen": 1, "isStartTag": 0}}
06-28 11:46:11.014 26636 26649 E WProf.db: {"WprofHTMLTag": {"code": "0x9c4c28d0", "doc": "http://searchengineland.com/chromes-devtools-seo-10-ways-use-seo-audits-266433", "row": 99, "column": 25, "tagName": "style", "time": 11439.594669, "url": "", "pos": 1, "chunkLen": 1, "isStartTag": 1}}
06-28 11:46:11.014 26636 26649 E WProf.db: {"WprofHTMLTag": {"code": "0x9c4c2900", "doc": "http://searchengineland.com/chromes-devtools-seo-10-ways-use-seo-audits-266433", "row": 112, "column": 8, "tagName": "style", "time": 11439.594904, "url": "", "pos": 1, "chunkLen": 1, "isStartTag": 0}}
06-28 11:46:11.014 26636 26649 E WProf.db: {"WprofHTMLTag": {"code": "0x9c4c2930", "doc": "http://searchengineland.com/chromes-devtools-seo-10-ways-use-seo-audits-266433", "row": 113, "column": 140, "tagName": "script", "time": 11439.596941, "url": "http://searchengineland.com/figz/wp-content/themes/searchengineland/js/lib/modernizr.custom.js?ver=1.0", "pos": 1, "chunkLen": 1, "isStartTag": 1}}
06-28 11:46:11.015 26636 26649 E WProf.db: {"WprofHTMLTag": {"code": "0x9c4c2960", "doc": "http://searchengineland.com/chromes-devtools-seo-10-ways-use-seo-audits-266433", "row": 113, "column": 149, "tagName": "script", "time": 11439.597214, "url": "", "pos": 1, "chunkLen": 1, "isStartTag": 0}}
06-28 11:46:11.015 26636 26649 E WProf.db: {"WprofHTMLTag": {"code": "0x9c4c29f0", "doc": "http://searchengineland.com/chromes-devtools-seo-10-ways-use-seo-audits-266433", "row": 114, "column": 144, "tagName": "script", "time": 11439.605404, "url": "http://searchengineland.com/figz/wp-content/themes/searchengineland/js/lib/jquery-1.11.0.min.js?ver=1.11.0", "pos": 1, "chunkLen": 1, "isStartTag": 1}}
06-28 11:46:11.015 26636 26649 E WProf.db: {"WprofHTMLTag": {"code": "0x9c4c2a20", "doc": "http://searchengineland.com/chromes-devtools-seo-10-ways-use-seo-audits-266433", "row": 114, "column": 153, "tagName": "script", "time": 11439.605686, "url": "", "pos": 1, "chunkLen": 1, "isStartTag": 0}}
06-28 11:46:11.015 26636 26649 E WProf.db: {"WprofHTMLTag": {"code": "0xaedd8ed0", "doc": "http://searchengineland.com/chromes-devtools-seo-10-ways-use-seo-audits-266433", "row": 0, "column": 15, "tagName": "div", "time": 11439.673093, "url": "", "pos": 15, "chunkLen": 44, "isStartTag": 1}}
06-28 11:46:11.015 26636 26649 E WProf.db: {"WprofHTMLTag": {"code": "0xaedd8ea0", "doc": "http://searchengineland.com/chromes-devtools-seo-10-ways-use-seo-audits-266433", "row": 0, "column": 21, "tagName": "div", "time": 11439.673220, "url": "", "pos": 21, "chunkLen": 44, "isStartTag": 0}}
06-28 11:46:11.015 26636 26649 E WProf.db: {"WprofHTMLTag": {"code": "0xaedd8c30", "doc": "http://searchengineland.com/chromes-devtools-seo-10-ways-use-seo-audits-266433", "row": 0, "column": 38, "tagName": "div", "time": 11439.673278, "url": "", "pos": 38, "chunkLen": 44, "isStartTag": 1}}
06-28 11:46:11.015 26636 26649 E WProf.db: {"WprofHTMLTag": {"code": "0xaedd8e70", "doc": "http://searchengineland.com/chromes-devtools-seo-10-ways-use-seo-audits-266433", "row": 0, "column": 44, "tagName": "div", "time": 11439.673386, "url": "", "pos": 44, "chunkLen": 44, "isStartTag": 0}}
06-28 11:46:11.015 26636 26649 E WProf.db: {"WprofHTMLTag": {"code": "0xaedd8e40", "doc": "http://searchengineland.com/chromes-devtools-seo-10-ways-use-seo-audits-266433", "row": 0, "column": 13, "tagName": "select", "time": 11439.674663, "url": "", "pos": 13, "chunkLen": 51, "isStartTag": 1}}
06-28 11:46:11.015 26636 26649 E WProf.db: {"WprofHTMLTag": {"code": "0xaedd8e10", "doc": "http://searchengineland.com/chromes-devtools-seo-10-ways-use-seo-audits-266433", "row": 0, "column": 33, "tagName": "option", "time": 11439.674832, "url": "", "pos": 33, "chunkLen": 51, "isStartTag": 1}}
06-28 11:46:11.015 26636 26649 E WProf.db: {"WprofHTMLTag": {"code": "0xaedd8de0", "doc": "http://searchengineland.com/chromes-devtools-seo-10-ways-use-seo-audits-266433", "row": 0, "column": 42, "tagName": "option", "time": 11439.675012, "url": "", "pos": 42, "chunkLen": 51, "isStartTag": 0}}
06-28 11:46:11.015 26636 26649 E WProf.db: {"WprofHTMLTag": {"code": "0x9c4c2a50", "doc": "http://searchengineland.com/chromes-devtools-seo-10-ways-use-seo-audits-266433", "row": 0, "column": 51, "tagName": "select", "time": 11439.675066, "url": "", "pos": 51, "chunkLen": 51, "isStartTag": 0}}
06-28 11:46:11.015 26636 26649 E WProf.db: {"WprofHTMLTag": {"code": "0x9c4c2a80", "doc": "http://searchengineland.com/chromes-devtools-seo-10-ways-use-seo-audits-266433", "row": 0, "column": 12, "tagName": "a", "time": 11439.679663, "url": "", "pos": 12, "chunkLen": 16, "isStartTag": 1}}
06-28 11:46:11.015 26636 26649 E WProf.db: {"WprofHTMLTag": {"code": "0x9c4c2ab0", "doc": "http://searchengineland.com/chromes-devtools-seo-10-ways-use-seo-audits-266433", "row": 0, "column": 16, "tagName": "a", "time": 11439.679823, "url": "", "pos": 16, "chunkLen": 16, "isStartTag": 0}}
06-28 11:46:11.016 26636 26649 E WProf.db: {"WprofHTMLTag": {"code": "0x9c4c2ae0", "doc": "http://searchengineland.com/chromes-devtools-seo-10-ways-use-seo-audits-266433", "row": 0, "column": 8, "tagName": "input", "time": 11439.680945, "url": "", "pos": 8, "chunkLen": 8, "isStartTag": 1}}
06-28 11:46:11.016 26636 26649 E WProf.db: {"WprofHTMLTag": {"code": "0x9c4c2b10", "doc": "http://searchengineland.com/chromes-devtools-seo-10-ways-use-seo-audits-266433", "row": 0, "column": 9, "tagName": "link", "time": 11439.689247, "url": "", "pos": 9, "chunkLen": 42, "isStartTag": 1}}
06-28 11:46:11.016 26636 26649 E WProf.db: {"WprofHTMLTag": {"code": "0x9c4c2b40", "doc": "http://searchengineland.com/chromes-devtools-seo-10-ways-use-seo-audits-266433", "row": 0, "column": 16, "tagName": "table", "time": 11439.689358, "url": "", "pos": 16, "chunkLen": 42, "isStartTag": 1}}
06-28 11:46:11.016 26636 26649 E WProf.db: {"WprofHTMLTag": {"code": "0x9c4c2b70", "doc": "http://searchengineland.com/chromes-devtools-seo-10-ways-use-seo-audits-266433", "row": 0, "column": 24, "tagName": "table", "time": 11439.689464, "url": "", "pos": 24, "chunkLen": 42, "isStartTag": 0}}
06-28 11:46:11.016 26636 26649 E WProf.db: {"WprofHTMLTag": {"code": "0x9c4c2ba0", "doc": "http://searchengineland.com/chromes-devtools-seo-10-ways-use-seo-audits-266433", "row": 0, "column": 37, "tagName": "a", "time": 11439.689529, "url": "", "pos": 37, "chunkLen": 42, "isStartTag": 1}}
06-28 11:46:11.016 26636 26649 E WProf.db: {"WprofHTMLTag": {"code": "0x9c4c2bd0", "doc": "http://searchengineland.com/chromes-devtools-seo-10-ways-use-seo-audits-266433", "row": 0, "column": 42, "tagName": "a", "time": 11439.689695, "url": "", "pos": 42, "chunkLen": 42, "isStartTag": 0}}
06-28 11:46:11.016 26636 26649 E WProf.db: {"WprofHTMLTag": {"code": "0x9c4c2c60", "doc": "http://searchengineland.com/chromes-devtools-seo-10-ways-use-seo-audits-266433", "row": 0, "column": 10, "tagName": "textarea", "time": 11439.690816, "url": "", "pos": 10, "chunkLen": 22, "isStartTag": 1}}
06-28 11:46:11.016 26636 26649 E WProf.db: {"WprofHTMLTag": {"code": "0x9c4c2c90", "doc": "http://searchengineland.com/chromes-devtools-seo-10-ways-use-seo-audits-266433", "row": 0, "column": 22, "tagName": "textarea", "time": 11439.691001, "url": "", "pos": 22, "chunkLen": 22, "isStartTag": 0}}
06-28 11:46:11.016 26636 26649 E WProf.db: {"WprofHTMLTag": {"code": "0x9c4c2cc0", "doc": "http://searchengineland.com/chromes-devtools-seo-10-ways-use-seo-audits-266433", "row": 0, "column": 48, "tagName": "input", "time": 11439.692079, "url": "", "pos": 48, "chunkLen": 48, "isStartTag": 1}}
06-28 11:46:11.016 26636 26649 E WProf.db: {"WprofHTMLTag": {"code": "0x9c4c2d20", "doc": "http://searchengineland.com/chromes-devtools-seo-10-ways-use-seo-audits-266433", "row": 0, "column": 9, "tagName": "link", "time": 11439.696452, "url": "", "pos": 9, "chunkLen": 66, "isStartTag": 1}}
06-28 11:46:11.016 26636 26649 E WProf.db: {"WprofHTMLTag": {"code": "0x9c4c2d50", "doc": "http://searchengineland.com/chromes-devtools-seo-10-ways-use-seo-audits-266433", "row": 0, "column": 16, "tagName": "table", "time": 11439.696562, "url": "", "pos": 16, "chunkLen": 66, "isStartTag": 1}}
06-28 11:46:11.016 26636 26649 E WProf.db: {"WprofHTMLTag": {"code": "0x9c4c2d80", "doc": "http://searchengineland.com/chromes-devtools-seo-10-ways-use-seo-audits-266433", "row": 0, "column": 24, "tagName": "table", "time": 11439.696633, "url": "", "pos": 24, "chunkLen": 66, "isStartTag": 0}}
06-28 11:46:11.016 26636 26649 E WProf.db: {"WprofHTMLTag": {"code": "0x9c4c2db0", "doc": "http://searchengineland.com/chromes-devtools-seo-10-ways-use-seo-audits-266433", "row": 0, "column": 37, "tagName": "a", "time": 11439.696693, "url": "", "pos": 37, "chunkLen": 66, "isStartTag": 1}}
06-28 11:46:11.016 26636 26649 E WProf.db: {"WprofHTMLTag": {"code": "0x9c4c2de0", "doc": "http://searchengineland.com/chromes-devtools-seo-10-ways-use-seo-audits-266433", "row": 0, "column": 42, "tagName": "a", "time": 11439.696857, "url": "", "pos": 42, "chunkLen": 66, "isStartTag": 0}}
06-28 11:46:11.017 26636 26649 E WProf.db: {"WprofHTMLTag": {"code": "0x9c4c2e10", "doc": "http://searchengineland.com/chromes-devtools-seo-10-ways-use-seo-audits-266433", "row": 0, "column": 66, "tagName": "input", "time": 11439.696918, "url": "", "pos": 66, "chunkLen": 66, "isStartTag": 1}}
06-28 11:46:11.017 26636 26649 E WProf.db: {"WprofHTMLTag": {"code": "0x9c4c2ea0", "doc": "http://searchengineland.com/chromes-devtools-seo-10-ways-use-seo-audits-266433", "row": 0, "column": 9, "tagName": "link", "time": 11439.699135, "url": "", "pos": 9, "chunkLen": 66, "isStartTag": 1}}
06-28 11:46:11.017 26636 26649 E WProf.db: {"WprofHTMLTag": {"code": "0x9c4c2ed0", "doc": "http://searchengineland.com/chromes-devtools-seo-10-ways-use-seo-audits-266433", "row": 0, "column": 16, "tagName": "table", "time": 11439.699240, "url": "", "pos": 16, "chunkLen": 66, "isStartTag": 1}}
06-28 11:46:11.017 26636 26649 E WProf.db: {"WprofHTMLTag": {"code": "0x9c4c2f00", "doc": "http://searchengineland.com/chromes-devtools-seo-10-ways-use-seo-audits-266433", "row": 0, "column": 24, "tagName": "table", "time": 11439.699310, "url": "", "pos": 24, "chunkLen": 66, "isStartTag": 0}}
06-28 11:46:11.017 26636 26649 E WProf.db: {"WprofHTMLTag": {"code": "0x9c4c2f30", "doc": "http://searchengineland.com/chromes-devtools-seo-10-ways-use-seo-audits-266433", "row": 0, "column": 37, "tagName": "a", "time": 11439.699374, "url": "", "pos": 37, "chunkLen": 66, "isStartTag": 1}}
06-28 11:46:11.017 26636 26649 E WProf.db: {"WprofHTMLTag": {"code": "0x9c4c2f60", "doc": "http://searchengineland.com/chromes-devtools-seo-10-ways-use-seo-audits-266433", "row": 0, "column": 42, "tagName": "a", "time": 11439.699530, "url": "", "pos": 42, "chunkLen": 66, "isStartTag": 0}}
06-28 11:46:11.017 26636 26649 E WProf.db: {"WprofHTMLTag": {"code": "0x9c4c2f90", "doc": "http://searchengineland.com/chromes-devtools-seo-10-ways-use-seo-audits-266433", "row": 0, "column": 66, "tagName": "input", "time": 11439.699588, "url": "", "pos": 66, "chunkLen": 66, "isStartTag": 1}}
06-28 11:46:11.017 26636 26649 E WProf.db: {"WprofHTMLTag": {"code": "0x9c4c2ff0", "doc": "http://searchengineland.com/chromes-devtools-seo-10-ways-use-seo-audits-266433", "row": 0, "column": 9, "tagName": "link", "time": 11439.703775, "url": "", "pos": 9, "chunkLen": 66, "isStartTag": 1}}
06-28 11:46:11.017 26636 26649 E WProf.db: {"WprofHTMLTag": {"code": "0x9c4c3020", "doc": "http://searchengineland.com/chromes-devtools-seo-10-ways-use-seo-audits-266433", "row": 0, "column": 16, "tagName": "table", "time": 11439.703881, "url": "", "pos": 16, "chunkLen": 66, "isStartTag": 1}}
06-28 11:46:11.017 26636 26649 E WProf.db: {"WprofHTMLTag": {"code": "0x9c4c3050", "doc": "http://searchengineland.com/chromes-devtools-seo-10-ways-use-seo-audits-266433", "row": 0, "column": 24, "tagName": "table", "time": 11439.703957, "url": "", "pos": 24, "chunkLen": 66, "isStartTag": 0}}
06-28 11:46:11.017 26636 26649 E WProf.db: {"WprofHTMLTag": {"code": "0x9c4c3080", "doc": "http://searchengineland.com/chromes-devtools-seo-10-ways-use-seo-audits-266433", "row": 0, "column": 37, "tagName": "a", "time": 11439.704020, "url": "", "pos": 37, "chunkLen": 66, "isStartTag": 1}}
06-28 11:46:11.017 26636 26649 E WProf.db: {"WprofHTMLTag": {"code": "0x9c4c30b0", "doc": "http://searchengineland.com/chromes-devtools-seo-10-ways-use-seo-audits-266433", "row": 0, "column": 42, "tagName": "a", "time": 11439.704179, "url": "", "pos": 42, "chunkLen": 66, "isStartTag": 0}}
06-28 11:46:11.017 26636 26649 E WProf.db: {"WprofHTMLTag": {"code": "0x9c4c30e0", "doc": "http://searchengineland.com/chromes-devtools-seo-10-ways-use-seo-audits-266433", "row": 0, "column": 66, "tagName": "input", "time": 11439.704239, "url": "", "pos": 66, "chunkLen": 66, "isStartTag": 1}}
06-28 11:46:11.017 26636 26649 E WProf.db: {"WprofHTMLTag": {"code": "0x9c4c29c0", "doc": "http://searchengineland.com/chromes-devtools-seo-10-ways-use-seo-audits-266433", "row": 115, "column": 154, "tagName": "script", "time": 11439.716338, "url": "http://searchengineland.com/figz/wp-content/themes/searchengineland/js/lib/jquery-ui-1.10.3.custom.min.js?ver=1.10.3", "pos": 67, "chunkLen": 67, "isStartTag": 1}}
06-28 11:46:11.018 26636 26649 E WProf.db: {"WprofHTMLTag": {"code": "0x9c4c3200", "doc": "http://searchengineland.com/chromes-devtools-seo-10-ways-use-seo-audits-266433", "row": 115, "column": 163, "tagName": "script", "time": 11439.716599, "url": "", "pos": 67, "chunkLen": 67, "isStartTag": 0}}
06-28 11:46:11.018 26636 26649 E WProf.db: {"WprofHTMLTag": {"code": "0xaedd9050", "doc": "http://searchengineland.com/chromes-devtools-seo-10-ways-use-seo-audits-266433", "row": 0, "column": 111, "tagName": "div", "time": 11439.876804, "url": "", "pos": 111, "chunkLen": 117, "isStartTag": 1}}
06-28 11:46:11.018 26636 26649 E WProf.db: {"WprofHTMLTag": {"code": "0xaedd8ff0", "doc": "http://searchengineland.com/chromes-devtools-seo-10-ways-use-seo-audits-266433", "row": 0, "column": 117, "tagName": "div", "time": 11439.877070, "url": "", "pos": 117, "chunkLen": 117, "isStartTag": 0}}
06-28 11:46:11.018 26636 26649 E WProf.db: {"WprofHTMLTag": {"code": "0x9c4c3590", "doc": "http://searchengineland.com/chromes-devtools-seo-10-ways-use-seo-audits-266433", "row": 116, "column": 155, "tagName": "script", "time": 11439.937065, "url": "http://searchengineland.com/figz/wp-content/themes/searchengineland/js/lib/jquery.ba-throttle-debounce.min.js?ver=1.1", "pos": 118, "chunkLen": 118, "isStartTag": 1}}
06-28 11:46:11.018 26636 26649 E WProf.db: {"WprofHTMLTag": {"code": "0x9c4c35c0", "doc": "http://searchengineland.com/chromes-devtools-seo-10-ways-use-seo-audits-266433", "row": 116, "column": 164, "tagName": "script", "time": 11439.937424, "url": "", "pos": 118, "chunkLen": 118, "isStartTag": 0}}
06-28 11:46:11.018 26636 26649 E WProf.db: {"WprofHTMLTag": {"code": "0x9c4c35f0", "doc": "http://searchengineland.com/chromes-devtools-seo-10-ways-use-seo-audits-266433", "row": 117, "column": 146, "tagName": "script", "time": 11439.939160, "url": "http://searchengineland.com/figz/wp-content/themes/searchengineland/js/lib/jquery.countdown.min.js?ver=2.0.4", "pos": 118, "chunkLen": 118, "isStartTag": 1}}
