06-28 16:19:37.376 27051 27064 E WProf.db: {"Resource": {"id": 5, "url": "https://cdn.ampproject.org/rtv/011498506512561/v0/amp-anim-0.1.js", "sentTime": -1.000000, "len": 4377, "from": "0xb4cc7bd0", "mimeType": "text/javascript", "contentLength": -1, "httpStatus": 200, "connId": 78, "connReused": 0, "cached": 0,"requestTime": 27852.408044, "proxyStart": -1, "proxyEnd": -1, "dnsStart": 25, "dnsEnd": 33, "connectStart": 0, "connectEnd": 561, "sendStart": 561, "sendEnd": 561, "receiveHeadersEnd": 688, "sslStart": 199, "sslEnd": 556}}
06-28 16:19:37.376 27051 27064 E WProf.db: {"ReceivedChunk": {"receivedTime": 27853.148161, "len": 240}}
06-28 16:19:37.376 27051 27064 E WProf.db: {"ReceivedChunk": {"receivedTime": 27853.607202, "len": 4137}}
06-28 16:19:37.376 27051 27064 E WProf.db: {"Resource": {"id": 6, "url": "https://cdn.ampproject.org/rtv/011498506512561/v0/amp-form-0.1.js", "sentTime": -1.000000, "len": 31561, "from": "0xb4cc7c60", "mimeType": "text/javascript", "contentLength": -1, "httpStatus": 200, "connId": 107, "connReused": 0, "cached": 0,"requestTime": 27852.408939, "proxyStart": -1, "proxyEnd": -1, "dnsStart": 48, "dnsEnd": 48, "connectStart": 0, "connectEnd": 561, "sendStart": 561, "sendEnd": 561, "receiveHeadersEnd": 697, "sslStart": 210, "sslEnd": 559}}
06-28 16:19:37.376 27051 27064 E WProf.db: {"ReceivedChunk": {"receivedTime": 27853.149500, "len": 6379}}
06-28 16:19:37.376 27051 27064 E WProf.db: {"ReceivedChunk": {"receivedTime": 27853.167301, "len": 13527}}
06-28 16:19:37.376 27051 27064 E WProf.db: {"ReceivedChunk": {"receivedTime": 27853.233147, "len": 11655}}
06-28 16:19:37.376 27051 27064 E WProf.db: {"Resource": {"id": 7, "url": "https://cdn.ampproject.org/rtv/011498506512561/v0/amp-sidebar-0.1.js", "sentTime": -1.000000, "len": 6687, "from": "0xb4cc7cf0", "mimeType": "text/javascript", "contentLength": -1, "httpStatus": 200, "connId": 85, "connReused": 0, "cached": 0,"requestTime": 27852.409637, "proxyStart": -1, "proxyEnd": -1, "dnsStart": 31, "dnsEnd": 32, "connectStart": 0, "connectEnd": 561, "sendStart": 561, "sendEnd": 561, "receiveHeadersEnd": 720, "sslStart": 204, "sslEnd": 559}}
06-28 16:19:37.376 27051 27064 E WProf.db: {"ReceivedChunk": {"receivedTime": 27853.157974, "len": 6687}}
06-28 16:19:37.377 27051 27064 E WProf.db: {"Resource": {"id": 4, "url": "https://cdn.ampproject.org/rtv/011498506512561/v0/amp-analytics-0.1.js", "sentTime": -1.000000, "len": 84256, "from": "0xb4cc7b40", "mimeType": "text/javascript", "contentLength": -1, "httpStatus": 200, "connId": 118, "connReused": 0, "cached": 0,"requestTime": 27852.407343, "proxyStart": -1, "proxyEnd": -1, "dnsStart": 51, "dnsEnd": 52, "connectStart": 0, "connectEnd": 561, "sendStart": 561, "sendEnd": 562, "receiveHeadersEnd": 728, "sslStart": 208, "sslEnd": 554}}
06-28 16:19:37.377 27051 27064 E WProf.db: {"ReceivedChunk": {"receivedTime": 27853.164384, "len": 6680}}
06-28 16:19:37.377 27051 27064 E WProf.db: {"ReceivedChunk": {"receivedTime": 27853.232816, "len": 21043}}
06-28 16:19:37.377 27051 27064 E WProf.db: {"ReceivedChunk": {"receivedTime": 27853.291974, "len": 32768}}
06-28 16:19:37.377 27051 27064 E WProf.db: {"ReceivedChunk": {"receivedTime": 27853.292236, "len": 23765}}
06-28 16:19:37.377 27051 27064 E WProf.db: {"Resource": {"id": 10, "url": "https://fonts.googleapis.com/css?family=Oswald:300,400,700", "sentTime": -1.000000, "len": 734, "from": "0xb4cc7ea0", "mimeType": "text/css", "contentLength": -1, "httpStatus": 200, "connId": 149, "connReused": 0, "cached": 0,"requestTime": 27852.411916, "proxyStart": -1, "proxyEnd": -1, "dnsStart": 55, "dnsEnd": 56, "connectStart": 0, "connectEnd": 564, "sendStart": 564, "sendEnd": 564, "receiveHeadersEnd": 735, "sslStart": 217, "sslEnd": 563}}
06-28 16:19:37.377 27051 27064 E WProf.db: {"ReceivedChunk": {"receivedTime": 27853.176952, "len": 734}}
06-28 16:19:37.377 27051 27064 E WProf.db: {"Resource": {"id": 11, "url": "https://fonts.googleapis.com/css?family=Merriweather:400,400italic,700,700italic", "sentTime": -1.000000, "len": 1079, "from": "0xb4cc7f00", "mimeType": "text/css", "contentLength": -1, "httpStatus": 200, "connId": 138, "connReused": 0, "cached": 0,"requestTime": 27852.412733, "proxyStart": -1, "proxyEnd": -1, "dnsStart": 52, "dnsEnd": 53, "connectStart": 0, "connectEnd": 564, "sendStart": 564, "sendEnd": 564, "receiveHeadersEnd": 738, "sslStart": 209, "sslEnd": 562}}
06-28 16:19:37.377 27051 27064 E WProf.db: {"ReceivedChunk": {"receivedTime": 27853.179070, "len": 1079}}
06-28 16:19:37.377 27051 27064 E WProf.db: {"Resource": {"id": 8, "url": "https://cdn.ampproject.org/rtv/011498506512561/v0/amp-video-0.1.js", "sentTime": -1.000000, "len": 10102, "from": "0xaf047be0", "mimeType": "text/javascript", "contentLength": -1, "httpStatus": 200, "connId": 85, "connReused": 1, "cached": 0,"requestTime": 27852.410306, "proxyStart": -1, "proxyEnd": -1, "dnsStart": -1, "dnsEnd": -1, "connectStart": 0, "connectEnd": 742, "sendStart": 742, "sendEnd": 742, "receiveHeadersEnd": 840, "sslStart": -1, "sslEnd": -1}}
06-28 16:19:37.377 27051 27064 E WProf.db: {"ReceivedChunk": {"receivedTime": 27853.301342, "len": 6656}}
06-28 16:19:37.377 27051 27064 E WProf.db: {"ReceivedChunk": {"receivedTime": 27853.302262, "len": 3446}}
06-28 16:19:37.377 27051 27064 E WProf.db: {"Resource": {"id": 9, "url": "https://cdn.ampproject.org/rtv/011498506512561/v0/amp-youtube-0.1.js", "sentTime": -1.000000, "len": 11166, "from": "0xb4cc7de0", "mimeType": "text/javascript", "contentLength": -1, "httpStatus": 200, "connId": 96, "connReused": 1, "cached": 0,"requestTime": 27852.411035, "proxyStart": -1, "proxyEnd": -1, "dnsStart": -1, "dnsEnd": -1, "connectStart": 0, "connectEnd": 752, "sendStart": 752, "sendEnd": 753, "receiveHeadersEnd": 843, "sslStart": -1, "sslEnd": -1}}
06-28 16:19:37.378 27051 27064 E WProf.db: {"ReceivedChunk": {"receivedTime": 27853.302028, "len": 6909}}
06-28 16:19:37.378 27051 27064 E WProf.db: {"ReceivedChunk": {"receivedTime": 27853.302853, "len": 4257}}
06-28 16:19:37.378 27051 27064 E WProf.db: {"Resource": {"id": 12, "url": "https://cdn.ampproject.org/rtv/011498506512561/v0/amp-mustache-0.1.js", "sentTime": -1.000000, "len": 38077, "from": "0xb4cc83b0", "mimeType": "text/javascript", "contentLength": -1, "httpStatus": 200, "connId": 107, "connReused": 1, "cached": 0,"requestTime": 27852.422728, "proxyStart": -1, "proxyEnd": -1, "dnsStart": -1, "dnsEnd": -1, "connectStart": 0, "connectEnd": 750, "sendStart": 750, "sendEnd": 751, "receiveHeadersEnd": 839, "sslStart": -1, "sslEnd": -1}}
06-28 16:19:37.378 27051 27064 E WProf.db: {"ReceivedChunk": {"receivedTime": 27853.302685, "len": 215}}
06-28 16:19:37.378 27051 27064 E WProf.db: {"ReceivedChunk": {"receivedTime": 27853.303231, "len": 7651}}
06-28 16:19:37.378 27051 27064 E WProf.db: {"ReceivedChunk": {"receivedTime": 27853.303430, "len": 30211}}
06-28 16:19:37.378 27051 27064 E WProf.db: {"Resource": {"id": 21, "url": "https://searchengineland-com.cdn.ampproject.org/i/searchengineland.com/figz/wp-content/themes/searchengineland/amp/img/icons/menu.png", "sentTime": -1.000000, "len": 111, "from": "0xaa166a40", "mimeType": "image/png", "contentLength": 111, "httpStatus": 200, "connId": 22, "connReused": 1, "cached": 0,"requestTime": 27853.903311, "proxyStart": -1, "proxyEnd": -1, "dnsStart": -1, "dnsEnd": -1, "connectStart": 0, "connectEnd": 31, "sendStart": 31, "sendEnd": 31, "receiveHeadersEnd": 136, "sslStart": -1, "sslEnd": -1}}
06-28 16:19:37.378 27051 27064 E WProf.db: {"ReceivedChunk": {"receivedTime": 27854.144804, "len": 111}}
06-28 16:19:37.378 27051 27064 E WProf.db: {"Resource": {"id": 20, "url": "https://searchengineland-com.cdn.ampproject.org/ii/w680/searchengineland.com/figz/wp-content/themes/searchengineland/img/logo/SEL-block.svg", "sentTime": -1.000000, "len": 7319, "from": "0xaa166a40", "mimeType": "image/svg+xml", "contentLength": -1, "httpStatus": 200, "connId": 21, "connReused": 1, "cached": 0,"requestTime": 27853.894563, "proxyStart": -1, "proxyEnd": -1, "dnsStart": -1, "dnsEnd": -1, "connectStart": 0, "connectEnd": 7, "sendStart": 7, "sendEnd": 8, "receiveHeadersEnd": 165, "sslStart": -1, "sslEnd": -1}}
06-28 16:19:37.378 27051 27064 E WProf.db: {"ReceivedChunk": {"receivedTime": 27854.145775, "len": 7319}}
06-28 16:19:37.378 27051 27064 E WProf.db: {"Resource": {"id": 22, "url": "https://searchengineland-com.cdn.ampproject.org/i/searchengineland.com/figz/wp-content/themes/searchengineland/amp/img/icons/facebook.jpg", "sentTime": -1.000000, "len": 180, "from": "0xaa166a40", "mimeType": "image/webp", "contentLength": 180, "httpStatus": 200, "connId": 22, "connReused": 1, "cached": 0,"requestTime": 27853.909428, "proxyStart": -1, "proxyEnd": -1, "dnsStart": -1, "dnsEnd": -1, "connectStart": 0, "connectEnd": 132, "sendStart": 132, "sendEnd": 132, "receiveHeadersEnd": 234, "sslStart": -1, "sslEnd": -1}}
06-28 16:19:37.378 27051 27064 E WProf.db: {"ReceivedChunk": {"receivedTime": 27854.238681, "len": 180}}
06-28 16:19:37.378 27051 27064 E WProf.db: {"Resource": {"id": 23, "url": "https://searchengineland-com.cdn.ampproject.org/i/searchengineland.com/figz/wp-content/themes/searchengineland/amp/img/icons/twitter.jpg", "sentTime": -1.000000, "len": 248, "from": "0xaa166a40", "mimeType": "image/webp", "contentLength": 248, "httpStatus": 200, "connId": 21, "connReused": 1, "cached": 0,"requestTime": 27853.912602, "proxyStart": -1, "proxyEnd": -1, "dnsStart": -1, "dnsEnd": -1, "connectStart": 0, "connectEnd": 149, "sendStart": 149, "sendEnd": 150, "receiveHeadersEnd": 248, "sslStart": -1, "sslEnd": -1}}
06-28 16:19:37.379 27051 27064 E WProf.db: {"ReceivedChunk": {"receivedTime": 27854.240219, "len": 248}}
06-28 16:19:37.379 27051 27064 E WProf.db: {"Resource": {"id": 24, "url": "https://searchengineland-com.cdn.ampproject.org/i/searchengineland.com/figz/wp-content/themes/searchengineland/amp/img/icons/linkedin.jpg", "sentTime": -1.000000, "len": 238, "from": "0xaa166a40", "mimeType": "image/webp", "contentLength": 238, "httpStatus": 200, "connId": 185, "connReused": 0, "cached": 0,"requestTime": 27853.915681, "proxyStart": -1, "proxyEnd": -1, "dnsStart": 27, "dnsEnd": 27, "connectStart": 0, "connectEnd": 157, "sendStart": 157, "sendEnd": 157, "receiveHeadersEnd": 257, "sslStart": 92, "sslEnd": 157}}
06-28 16:19:37.379 27051 27064 E WProf.db: {"ReceivedChunk": {"receivedTime": 27854.241108, "len": 238}}
06-28 16:19:37.379 27051 27064 E WProf.db: {"Resource": {"id": 25, "url": "https://searchengineland-com.cdn.ampproject.org/i/searchengineland.com/figz/wp-content/seloads/2015/01/apply-now-job-hiring-help-ss-1920-800x450.jpg", "sentTime": -1.000000, "len": 20402, "from": "0xaa166a40", "mimeType": "image/webp", "contentLength": 20402, "httpStatus": 200, "connId": 196, "connReused": 0, "cached": 0,"requestTime": 27853.920132, "proxyStart": -1, "proxyEnd": -1, "dnsStart": 36, "dnsEnd": 37, "connectStart": 0, "connectEnd": 163, "sendStart": 163, "sendEnd": 164, "receiveHeadersEnd": 409, "sslStart": 100, "sslEnd": 163}}
06-28 16:19:37.379 27051 27064 E WProf.db: {"ReceivedChunk": {"receivedTime": 27854.332500, "len": 1890}}
06-28 16:19:37.379 27051 27064 E WProf.db: {"ReceivedChunk": {"receivedTime": 27854.336158, "len": 9723}}
06-28 16:19:37.379 27051 27064 E WProf.db: {"ReceivedChunk": {"receivedTime": 27854.336527, "len": 2778}}
06-28 16:19:37.379 27051 27064 E WProf.db: {"ReceivedChunk": {"receivedTime": 27854.384812, "len": 2201}}
06-28 16:19:37.379 27051 27064 E WProf.db: {"ReceivedChunk": {"receivedTime": 27854.385007, "len": 2778}}
06-28 16:19:37.379 27051 27064 E WProf.db: {"ReceivedChunk": {"receivedTime": 27854.386080, "len": 1032}}
06-28 16:19:37.379 27051 27064 E WProf.db: {"HOL": {"type": 3, "docUrl": "https://searchengineland-com.cdn.ampproject.org/c/searchengineland.com/copie-editor-wantd-applie-within-220730/amp", "code": "0xb4cc7a80", "row": 0, "column": 1587, "url": "https://cdn.ampproject.org/rtv/011498506512561/v0.js"}}
06-28 16:19:37.379 27051 27064 E WProf.db: {"HOL": {"type": 3, "docUrl": "https://searchengineland-com.cdn.ampproject.org/c/searchengineland.com/copie-editor-wantd-applie-within-220730/amp", "code": "0xaeddd270", "row": 0, "column": 1704, "url": "https://cdn.ampproject.org/rtv/011498506512561/v0/amp-ad-0.1.js"}}
06-28 16:19:37.379 27051 27064 E WProf.db: {"HOL": {"type": 3, "docUrl": "https://searchengineland-com.cdn.ampproject.org/c/searchengineland.com/copie-editor-wantd-applie-within-220730/amp", "code": "0xb4cc7b40", "row": 0, "column": 1835, "url": "https://cdn.ampproject.org/rtv/011498506512561/v0/amp-analytics-0.1.js"}}
06-28 16:19:37.379 27051 27064 E WProf.db: {"HOL": {"type": 3, "docUrl": "https://searchengineland-com.cdn.ampproject.org/c/searchengineland.com/copie-editor-wantd-applie-within-220730/amp", "code": "0xb4cc7bd0", "row": 0, "column": 1956, "url": "https://cdn.ampproject.org/rtv/011498506512561/v0/amp-anim-0.1.js"}}
06-28 16:19:37.379 27051 27064 E WProf.db: {"HOL": {"type": 3, "docUrl": "https://searchengineland-com.cdn.ampproject.org/c/searchengineland.com/copie-editor-wantd-applie-within-220730/amp", "code": "0xb4cc7c60", "row": 0, "column": 2077, "url": "https://cdn.ampproject.org/rtv/011498506512561/v0/amp-form-0.1.js"}}
06-28 16:19:37.380 27051 27064 E WProf.db: {"HOL": {"type": 3, "docUrl": "https://searchengineland-com.cdn.ampproject.org/c/searchengineland.com/copie-editor-wantd-applie-within-220730/amp", "code": "0xb4cc7cf0", "row": 0, "column": 2204, "url": "https://cdn.ampproject.org/rtv/011498506512561/v0/amp-sidebar-0.1.js"}}
06-28 16:19:37.380 27051 27064 E WProf.db: {"HOL": {"type": 3, "docUrl": "https://searchengineland-com.cdn.ampproject.org/c/searchengineland.com/copie-editor-wantd-applie-within-220730/amp", "code": "0xaf047be0", "row": 0, "column": 2327, "url": "https://cdn.ampproject.org/rtv/011498506512561/v0/amp-video-0.1.js"}}
06-28 16:19:37.380 27051 27064 E WProf.db: {"HOL": {"type": 3, "docUrl": "https://searchengineland-com.cdn.ampproject.org/c/searchengineland.com/copie-editor-wantd-applie-within-220730/amp", "code": "0xb4cc7de0", "row": 0, "column": 2454, "url": "https://cdn.ampproject.org/rtv/011498506512561/v0/amp-youtube-0.1.js"}}
06-28 16:19:37.380 27051 27064 E WProf.db: {"HOL": {"type": 4, "docUrl": "https://searchengineland-com.cdn.ampproject.org/c/searchengineland.com/copie-editor-wantd-applie-within-220730/amp", "code": "0xb4cc7e70", "row": 0, "column": 2521, "url": "https://searchengineland-com.cdn.ampproject.org/i/searchengineland.com/favicon.ico"}}
06-28 16:19:37.380 27051 27064 E WProf.db: {"HOL": {"type": 4, "docUrl": "https://searchengineland-com.cdn.ampproject.org/c/searchengineland.com/copie-editor-wantd-applie-within-220730/amp", "code": "0xb4cc7ea0", "row": 0, "column": 2608, "url": "https://fonts.googleapis.com/css?family=Oswald:300,400,700"}}
06-28 16:19:37.380 27051 27064 E WProf.db: {"HOL": {"type": 4, "docUrl": "https://searchengineland-com.cdn.ampproject.org/c/searchengineland.com/copie-editor-wantd-applie-within-220730/amp", "code": "0xb4cc7ed0", "row": 0, "column": 2677, "url": "https://fonts.gstatic.com/"}}
06-28 16:19:37.380 27051 27064 E WProf.db: {"HOL": {"type": 4, "docUrl": "https://searchengineland-com.cdn.ampproject.org/c/searchengineland.com/copie-editor-wantd-applie-within-220730/amp", "code": "0xb4cc7f00", "row": 0, "column": 2786, "url": "https://fonts.googleapis.com/css?family=Merriweather:400,400italic,700,700italic"}}
06-28 16:19:37.380 27051 27064 E WProf.db: {"HOL": {"type": 4, "docUrl": "https://searchengineland-com.cdn.ampproject.org/c/searchengineland.com/copie-editor-wantd-applie-within-220730/amp", "code": "0xb4cc7f30", "row": 0, "column": 2804, "url": ""}}
06-28 16:19:37.380 27051 27064 E WProf.db: {"HOL": {"type": 4, "docUrl": "https://searchengineland-com.cdn.ampproject.org/c/searchengineland.com/copie-editor-wantd-applie-within-220730/amp", "code": "0xb4cc8380", "row": 612, "column": 152, "url": "http://searchengineland.com/copie-editor-wantd-applie-within-220730"}}
06-28 16:19:37.380 27051 27064 E WProf.db: {"HOL": {"type": 3, "docUrl": "https://searchengineland-com.cdn.ampproject.org/c/searchengineland.com/copie-editor-wantd-applie-within-220730/amp", "code": "0xb4cc83b0", "row": 612, "column": 273, "url": "https://cdn.ampproject.org/rtv/011498506512561/v0/amp-mustache-0.1.js"}}
06-28 16:19:37.380 27051 27064 E WProf.db: {"HOL": {"type": 4, "docUrl": "https://searchengineland-com.cdn.ampproject.org/c/searchengineland.com/copie-editor-wantd-applie-within-220730/amp", "code": "0xb4cc9400", "row": 612, "column": 305, "url": ""}}
06-28 16:19:37.380 27051 27064 E WProf.db: {"HOL": {"type": 1, "docUrl": "https://searchengineland-com.cdn.ampproject.org/c/searchengineland.com/copie-editor-wantd-applie-within-220730/amp", "code": "0xaa166920", "row": 847, "column": 34, "url": ""}}
06-28 16:19:37.381 27051 27064 E WProf.db: {"HOL": {"type": 1, "docUrl": "https://searchengineland-com.cdn.ampproject.org/c/searchengineland.com/copie-editor-wantd-applie-within-220730/amp", "code": "0xaa166980", "row": 874, "column": 37, "url": ""}}
06-28 16:19:37.381 27051 27064 E WProf.db: {"Computation": {"type": "fireEvent", "code": "0xaa166a40", "docUrl": "https://searchengineland-com.cdn.ampproject.org/c/searchengineland.com/copie-editor-wantd-applie-within-220730/amp", "startTime": 27852.478834, "endTime": 27852.478887, "urlRecalcStyle": "DOMContentLoaded"}}
06-28 16:19:37.381 27051 27064 E WProf.db: {"Computation": {"type": "fireEvent", "code": "0xaa166a40", "docUrl": "https://searchengineland-com.cdn.ampproject.org/c/searchengineland.com/copie-editor-wantd-applie-within-220730/amp", "startTime": 27852.478943, "endTime": 27852.479000, "urlRecalcStyle": "DOMContentLoaded"}}
06-28 16:19:37.381 27051 27064 E WProf.db: {"Computation": {"type": "execScript", "code": "0xaa166a40", "docUrl": "https://searchengineland-com.cdn.ampproject.org/c/searchengineland.com/copie-editor-wantd-applie-within-220730/amp", "startTime": 27853.168388, "endTime": 27853.176427, "urlRecalcStyle": "https://cdn.ampproject.org/rtv/011498506512561/v0/amp-sidebar-0.1.js"}}
06-28 16:19:37.382 26983 27029 E chromium: [ERROR:gles2_cmd_decoder.cc(3852)] [.ChromiumCompositor-0xacbb34c0]GL ERROR :GL_INVALID_ENUM : glDiscardFramebufferEXT: attachments was GL_COLOR_EXT
06-28 16:19:37.385 26983 27029 E chromium: [ERROR:gles2_cmd_decoder.cc(3852)] [.ChromiumCompositor-0xacbb34c0]GL ERROR :GL_INVALID_ENUM : glDiscardFramebufferEXT: attachments was GL_COLOR_EXT
06-28 16:19:37.388 27051 27064 E WProf.db: {"Computation": {"type": "fireEvent", "code": "0xaa166a40", "docUrl": "https://searchengineland-com.cdn.ampproject.org/c/searchengineland.com/copie-editor-wantd-applie-within-220730/amp", "startTime": 27853.176641, "endTime": 27853.176711, "urlRecalcStyle": "load"}}
06-28 16:19:37.389 27051 27064 E WProf.db: {"Computation": {"type": "recalcStyle", "code": "0xaa166a40", "docUrl": "https://searchengineland-com.cdn.ampproject.org/c/searchengineland.com/copie-editor-wantd-applie-within-220730/amp", "startTime": 27853.177314, "endTime": 27853.177823, "urlRecalcStyle": "https://fonts.googleapis.com/css?family=Oswald:300,400,700"}}
06-28 16:19:37.389 27051 27064 E WProf.db: {"Computation": {"type": "recalcStyle", "code": "0xaa166a40", "docUrl": "https://searchengineland-com.cdn.ampproject.org/c/searchengineland.com/copie-editor-wantd-applie-within-220730/amp", "startTime": 27853.179402, "endTime": 27853.232498, "urlRecalcStyle": "https://fonts.googleapis.com/css?family=Merriweather:400,400italic,700,700italic"}}
06-28 16:19:37.389 27051 27064 E WProf.db: {"Computation": {"type": "fireEvent", "code": "0xaa166a40", "docUrl": "https://searchengineland-com.cdn.ampproject.org/c/searchengineland.com/copie-editor-wantd-applie-within-220730/amp", "startTime": 27853.233835, "endTime": 27853.233889, "urlRecalcStyle": "load"}}
06-28 16:19:37.389 27051 27064 E WProf.db: {"Computation": {"type": "fireEvent", "code": "0xaa166a40", "docUrl": "https://searchengineland-com.cdn.ampproject.org/c/searchengineland.com/copie-editor-wantd-applie-within-220730/amp", "startTime": 27853.233956, "endTime": 27853.234004, "urlRecalcStyle": "load"}}
06-28 16:19:37.389 27051 27064 E WProf.db: {"Computation": {"type": "layout", "code": "0xaa166a40", "docUrl": "https://searchengineland-com.cdn.ampproject.org/c/searchengineland.com/copie-editor-wantd-applie-within-220730/amp", "startTime": 27853.234057, "endTime": 27853.254619, "urlRecalcStyle": ""}}
06-28 16:19:37.389 27051 27064 E WProf.db: {"Computation": {"type": "execScript", "code": "0xaa166a40", "docUrl": "https://searchengineland-com.cdn.ampproject.org/c/searchengineland.com/copie-editor-wantd-applie-within-220730/amp", "startTime": 27853.254761, "endTime": 27853.278442, "urlRecalcStyle": "https://cdn.ampproject.org/rtv/011498506512561/v0/amp-ad-0.1.js"}}
06-28 16:19:37.389 27051 27064 E WProf.db: {"Computation": {"type": "fireEvent", "code": "0xaa166a40", "docUrl": "https://searchengineland-com.cdn.ampproject.org/c/searchengineland.com/copie-editor-wantd-applie-within-220730/amp", "startTime": 27853.278524, "endTime": 27853.278573, "urlRecalcStyle": "load"}}
06-28 16:19:37.389 27051 27064 E WProf.db: {"Computation": {"type": "execScript", "code": "0xaa166a40", "docUrl": "https://searchengineland-com.cdn.ampproject.org/c/searchengineland.com/copie-editor-wantd-applie-within-220730/amp", "startTime": 27853.278653, "endTime": 27853.291712, "urlRecalcStyle": "https://cdn.ampproject.org/rtv/011498506512561/v0/amp-form-0.1.js"}}
06-28 16:19:37.389 27051 27064 E WProf.db: {"Computation": {"type": "fireEvent", "code": "0xaa166a40", "docUrl": "https://searchengineland-com.cdn.ampproject.org/c/searchengineland.com/copie-editor-wantd-applie-within-220730/amp", "startTime": 27853.291793, "endTime": 27853.291841, "urlRecalcStyle": "load"}}
06-28 16:19:37.389 27051 27064 E WProf.db: {"Computation": {"type": "execScript", "code": "0xaa166a40", "docUrl": "https://searchengineland-com.cdn.ampproject.org/c/searchengineland.com/copie-editor-wantd-applie-within-220730/amp", "startTime": 27853.303920, "endTime": 27853.342864, "urlRecalcStyle": "https://cdn.ampproject.org/rtv/011498506512561/v0/amp-analytics-0.1.js"}}
06-28 16:19:37.389 27051 27064 E WProf.db: {"Computation": {"type": "fireEvent", "code": "0xaa166a40", "docUrl": "https://searchengineland-com.cdn.ampproject.org/c/searchengineland.com/copie-editor-wantd-applie-within-220730/amp", "startTime": 27853.342946, "endTime": 27853.342995, "urlRecalcStyle": "load"}}
06-28 16:19:37.389 27051 27064 E WProf.db: {"Computation": {"type": "execScript", "code": "0xaa166a40", "docUrl": "https://searchengineland-com.cdn.ampproject.org/c/searchengineland.com/copie-editor-wantd-applie-within-220730/amp", "startTime": 27853.343081, "endTime": 27853.572335, "urlRecalcStyle": "https://cdn.ampproject.org/rtv/011498506512561/v0.js"}}
06-28 16:19:37.389 27051 27064 E WProf.db: {"Computation": {"type": "fireEvent", "code": "0xaa166a40", "docUrl": "https://searchengineland-com.cdn.ampproject.org/c/searchengineland.com/copie-editor-wantd-applie-within-220730/amp", "startTime": 27853.572443, "endTime": 27853.572516, "urlRecalcStyle": "load"}}
06-28 16:19:37.390 27051 27064 E WProf.db: {"Computation": {"type": "execScript", "code": "0xaa166a40", "docUrl": "https://searchengineland-com.cdn.ampproject.org/c/searchengineland.com/copie-editor-wantd-applie-within-220730/amp", "startTime": 27853.572643, "endTime": 27853.577459, "urlRecalcStyle": "https://cdn.ampproject.org/rtv/011498506512561/v0/amp-video-0.1.js"}}
06-28 16:19:37.390 27051 27064 E WProf.db: {"Computation": {"type": "fireEvent", "code": "0xaa166a40", "docUrl": "https://searchengineland-com.cdn.ampproject.org/c/searchengineland.com/copie-editor-wantd-applie-within-220730/amp", "startTime": 27853.577552, "endTime": 27853.577625, "urlRecalcStyle": "load"}}
06-28 16:19:37.390 27051 27064 E WProf.db: {"Computation": {"type": "execScript", "code": "0xaa166a40", "docUrl": "https://searchengineland-com.cdn.ampproject.org/c/searchengineland.com/copie-editor-wantd-applie-within-220730/amp", "startTime": 27853.577723, "endTime": 27853.583324, "urlRecalcStyle": "https://cdn.ampproject.org/rtv/011498506512561/v0/amp-youtube-0.1.js"}}
06-28 16:19:37.390 27051 27064 E WProf.db: {"Computation": {"type": "fireEvent", "code": "0xaa166a40", "docUrl": "https://searchengineland-com.cdn.ampproject.org/c/searchengineland.com/copie-editor-wantd-applie-within-220730/amp", "startTime": 27853.583423, "endTime": 27853.583491, "urlRecalcStyle": "load"}}
06-28 16:19:37.390 27051 27064 E WProf.db: {"Computation": {"type": "execScript", "code": "0xaa166a40", "docUrl": "https://searchengineland-com.cdn.ampproject.org/c/searchengineland.com/copie-editor-wantd-applie-within-220730/amp", "startTime": 27853.583588, "endTime": 27853.601092, "urlRecalcStyle": "https://cdn.ampproject.org/rtv/011498506512561/v0/amp-mustache-0.1.js"}}
06-28 16:19:37.390 27051 27064 E WProf.db: {"Computation": {"type": "fireEvent", "code": "0xaa166a40", "docUrl": "https://searchengineland-com.cdn.ampproject.org/c/searchengineland.com/copie-editor-wantd-applie-within-220730/amp", "startTime": 27853.601204, "endTime": 27853.601273, "urlRecalcStyle": "load"}}
06-28 16:19:37.390 27051 27064 E WProf.db: {"Computation": {"type": "layout", "code": "0xaa166a40", "docUrl": "https://searchengineland-com.cdn.ampproject.org/c/searchengineland.com/copie-editor-wantd-applie-within-220730/amp", "startTime": 27853.859524, "endTime": 27853.872432, "urlRecalcStyle": ""}}
06-28 16:19:37.390 27051 27064 E WProf.db: {"Computation": {"type": "layout", "code": "0xaa166a40", "docUrl": "https://searchengineland-com.cdn.ampproject.org/c/searchengineland.com/copie-editor-wantd-applie-within-220730/amp", "startTime": 27853.895901, "endTime": 27853.896793, "urlRecalcStyle": ""}}
06-28 16:19:37.390 27051 27064 E WProf.db: {"Computation": {"type": "layout", "code": "0xaa166a40", "docUrl": "https://searchengineland-com.cdn.ampproject.org/c/searchengineland.com/copie-editor-wantd-applie-within-220730/amp", "startTime": 27853.903467, "endTime": 27853.904406, "urlRecalcStyle": ""}}
06-28 16:19:37.390 27051 27064 E WProf.db: {"Computation": {"type": "layout", "code": "0xaa166a40", "docUrl": "https://searchengineland-com.cdn.ampproject.org/c/searchengineland.com/copie-editor-wantd-applie-within-220730/amp", "startTime": 27853.909614, "endTime": 27853.910727, "urlRecalcStyle": ""}}
06-28 16:19:37.390 27051 27064 E WProf.db: {"Computation": {"type": "layout", "code": "0xaa166a40", "docUrl": "https://searchengineland-com.cdn.ampproject.org/c/searchengineland.com/copie-editor-wantd-applie-within-220730/amp", "startTime": 27853.912468, "endTime": 27853.913535, "urlRecalcStyle": ""}}
06-28 16:19:37.390 27051 27064 E WProf.db: {"Computation": {"type": "layout", "code": "0xaa166a40", "docUrl": "https://searchengineland-com.cdn.ampproject.org/c/searchengineland.com/copie-editor-wantd-applie-within-220730/amp", "startTime": 27853.915601, "endTime": 27853.916679, "urlRecalcStyle": ""}}
06-28 16:19:37.391 27051 27064 E WProf.db: {"Computation": {"type": "layout", "code": "0xaa166a40", "docUrl": "https://searchengineland-com.cdn.ampproject.org/c/searchengineland.com/copie-editor-wantd-applie-within-220730/amp", "startTime": 27853.945134, "endTime": 27853.953060, "urlRecalcStyle": ""}}
06-28 16:19:37.391 27051 27064 E WProf.db: {"Computation": {"type": "execScript", "code": "0xaa166a40", "docUrl": "https://searchengineland-com.cdn.ampproject.org/c/searchengineland.com/copie-editor-wantd-applie-within-220730/amp", "startTime": 27853.965379, "endTime": 27853.968853, "urlRecalcStyle": "https://cdn.ampproject.org/rtv/011498506512561/v0/amp-anim-0.1.js"}}
06-28 16:19:37.392 27051 27064 E WProf.db: {"Computation": {"type": "fireEvent", "code": "0xaa166a40", "docUrl": "https://searchengineland-com.cdn.ampproject.org/c/searchengineland.com/copie-editor-wantd-applie-within-220730/amp", "startTime": 27853.968945, "endTime": 27853.969004, "urlRecalcStyle": "load"}}
06-28 16:19:37.392 27051 27064 E WProf.db: {"Computation": {"type": "fireEvent", "code": "0xaa166a40", "docUrl": "https://searchengineland-com.cdn.ampproject.org/c/searchengineland.com/copie-editor-wantd-applie-within-220730/amp", "startTime": 27853.969519, "endTime": 27853.969588, "urlRecalcStyle": "load"}}
06-28 16:19:37.392 27051 27064 E WProf.db: {"Computation": {"type": "layout", "code": "0xaa166a40", "docUrl": "https://searchengineland-com.cdn.ampproject.org/c/searchengineland.com/copie-editor-wantd-applie-within-220730/amp", "startTime": 27854.121719, "endTime": 27854.141399, "urlRecalcStyle": ""}}
06-28 16:19:37.392 27051 27064 E WProf.db: {"Computation": {"type": "fireEvent", "code": "0xaa166a40", "docUrl": "https://searchengineland-com.cdn.ampproject.org/c/searchengineland.com/copie-editor-wantd-applie-within-220730/amp", "startTime": 27854.147178, "endTime": 27854.147229, "urlRecalcStyle": "DOMContentLoaded"}}
06-28 16:19:37.392 27051 27064 E WProf.db: {"Computation": {"type": "fireEvent", "code": "0xaa166a40", "docUrl": "https://searchengineland-com.cdn.ampproject.org/c/searchengineland.com/copie-editor-wantd-applie-within-220730/amp", "startTime": 27854.147284, "endTime": 27854.147334, "urlRecalcStyle": "DOMContentLoaded"}}
06-28 16:19:37.392 27051 27064 E WProf.db: {"Computation": {"type": "fireEvent", "code": "0xaa166a40", "docUrl": "https://searchengineland-com.cdn.ampproject.org/c/searchengineland.com/copie-editor-wantd-applie-within-220730/amp", "startTime": 27854.180157, "endTime": 27854.180209, "urlRecalcStyle": "DOMContentLoaded"}}
06-28 16:19:37.392 27051 27064 E WProf.db: {"Computation": {"type": "fireEvent", "code": "0xaa166a40", "docUrl": "https://searchengineland-com.cdn.ampproject.org/c/searchengineland.com/copie-editor-wantd-applie-within-220730/amp", "startTime": 27854.180265, "endTime": 27854.180319, "urlRecalcStyle": "DOMContentLoaded"}}
06-28 16:19:37.392 27051 27064 E WProf.db: {"Computation": {"type": "fireEvent", "code": "0xaa166a40", "docUrl": "https://searchengineland-com.cdn.ampproject.org/c/searchengineland.com/copie-editor-wantd-applie-within-220730/amp", "startTime": 27854.180584, "endTime": 27854.180634, "urlRecalcStyle": "load"}}
06-28 16:19:37.393 27051 27064 E WProf.db: {"Computation": {"type": "layout", "code": "0xaa166a40", "docUrl": "https://searchengineland-com.cdn.ampproject.org/c/searchengineland.com/copie-editor-wantd-applie-within-220730/amp", "startTime": 27854.180911, "endTime": 27854.181483, "urlRecalcStyle": ""}}
06-28 16:19:37.393 27051 27064 E WProf.db: {"Computation": {"type": "layout", "code": "0xaa166a40", "docUrl": "https://searchengineland-com.cdn.ampproject.org/c/searchengineland.com/copie-editor-wantd-applie-within-220730/amp", "startTime": 27854.184807, "endTime": 27854.186832, "urlRecalcStyle": ""}}
06-28 16:19:37.393 27051 27064 E WProf.db: {"Computation": {"type": "layout", "code": "0xaa166a40", "docUrl": "https://searchengineland-com.cdn.ampproject.org/c/searchengineland.com/copie-editor-wantd-applie-within-220730/amp", "startTime": 27854.193078, "endTime": 27854.193204, "urlRecalcStyle": ""}}
06-28 16:19:37.393 27051 27064 E WProf.db: {"Computation": {"type": "layout", "code": "0xaa166a40", "docUrl": "https://searchengineland-com.cdn.ampproject.org/c/searchengineland.com/copie-editor-wantd-applie-within-220730/amp", "startTime": 27854.193215, "endTime": 27854.193267, "urlRecalcStyle": ""}}
06-28 16:19:37.393 27051 27064 E WProf.db: {"Computation": {"type": "fireEvent", "code": "0xaa166a40", "docUrl": "https://searchengineland-com.cdn.ampproject.org/c/searchengineland.com/copie-editor-wantd-applie-within-220730/amp", "startTime": 27854.217317, "endTime": 27854.217366, "urlRecalcStyle": "load"}}
06-28 16:19:37.393 27051 27064 E WProf.db: {"Computation": {"type": "fireEvent", "code": "0xaa166a40", "docUrl": "https://searchengineland-com.cdn.ampproject.org/c/searchengineland.com/copie-editor-wantd-applie-within-220730/amp", "startTime": 27854.217427, "endTime": 27854.217478, "urlRecalcStyle": "load"}}
06-28 16:19:37.393 27051 27064 E WProf.db: {"Computation": {"type": "fireEvent", "code": "0xaa166a40", "docUrl": "https://searchengineland-com.cdn.ampproject.org/c/searchengineland.com/copie-editor-wantd-applie-within-220730/amp", "startTime": 27854.217541, "endTime": 27854.217593, "urlRecalcStyle": "load"}}
06-28 16:19:37.393 27051 27064 E WProf.db: {"Computation": {"type": "fireEvent", "code": "0xaa166a40", "docUrl": "https://searchengineland-com.cdn.ampproject.org/c/searchengineland.com/copie-editor-wantd-applie-within-220730/amp", "startTime": 27854.217641, "endTime": 27854.217686, "urlRecalcStyle": "load"}}
06-28 16:19:37.393 27051 27064 E WProf.db: {"Computation": {"type": "fireEvent", "code": "0xaa166a40", "docUrl": "https://searchengineland-com.cdn.ampproject.org/c/searchengineland.com/copie-editor-wantd-applie-within-220730/amp", "startTime": 27854.217744, "endTime": 27854.217794, "urlRecalcStyle": "load"}}
06-28 16:19:37.393 27051 27064 E WProf.db: {"Computation": {"type": "fireEvent", "code": "0xaa166a40", "docUrl": "https://searchengineland-com.cdn.ampproject.org/c/searchengineland.com/copie-editor-wantd-applie-within-220730/amp", "startTime": 27854.217848, "endTime": 27854.217895, "urlRecalcStyle": "load"}}
06-28 16:19:37.393 27051 27064 E WProf.db: {"Computation": {"type": "fireEvent", "code": "0xaa166a40", "docUrl": "https://searchengineland-com.cdn.ampproject.org/c/searchengineland.com/copie-editor-wantd-applie-within-220730/amp", "startTime": 27854.231139, "endTime": 27854.231224, "urlRecalcStyle": "load"}}
06-28 16:19:37.393 27051 27064 E WProf.db: {"Computation": {"type": "fireEvent", "code": "0xaa166a40", "docUrl": "https://searchengineland-com.cdn.ampproject.org/c/searchengineland.com/copie-editor-wantd-applie-within-220730/amp", "startTime": 27854.231298, "endTime": 27854.231358, "urlRecalcStyle": "load"}}
06-28 16:19:37.393 27051 27064 E WProf.db: {"Computation": {"type": "fireEvent", "code": "0xaa166a40", "docUrl": "https://searchengineland-com.cdn.ampproject.org/c/searchengineland.com/copie-editor-wantd-applie-within-220730/amp", "startTime": 27854.231476, "endTime": 27854.232127, "urlRecalcStyle": "load"}}
06-28 16:19:37.393 27051 27064 E WProf.db: {"Computation": {"type": "fireEvent", "code": "0xaa166a40", "docUrl": "https://searchengineland-com.cdn.ampproject.org/c/searchengineland.com/copie-editor-wantd-applie-within-220730/amp", "startTime": 27854.232224, "endTime": 27854.232273, "urlRecalcStyle": "load"}}
06-28 16:19:37.394 27051 27064 E WProf.db: {"Computation": {"type": "fireEvent", "code": "0xaa166a40", "docUrl": "https://searchengineland-com.cdn.ampproject.org/c/searchengineland.com/copie-editor-wantd-applie-within-220730/amp", "startTime": 27854.232324, "endTime": 27854.232382, "urlRecalcStyle": "load"}}
06-28 16:19:37.394 27051 27064 E WProf.db: {"Computation": {"type": "fireEvent", "code": "0xaa166a40", "docUrl": "https://searchengineland-com.cdn.ampproject.org/c/searchengineland.com/copie-editor-wantd-applie-within-220730/amp", "startTime": 27854.232478, "endTime": 27854.232743, "urlRecalcStyle": "load"}}
06-28 16:19:37.394 27051 27064 E WProf.db: {"Computation": {"type": "layout", "code": "0xaa166a40", "docUrl": "https://searchengineland-com.cdn.ampproject.org/c/searchengineland.com/copie-editor-wantd-applie-within-220730/amp", "startTime": 27854.242594, "endTime": 27854.244844, "urlRecalcStyle": ""}}
06-28 16:19:37.394 27051 27064 E WProf.db: {"Computation": {"type": "fireEvent", "code": "0xaa166a40", "docUrl": "https://searchengineland-com.cdn.ampproject.org/c/searchengineland.com/copie-editor-wantd-applie-within-220730/amp", "startTime": 27854.245183, "endTime": 27854.245236, "urlRecalcStyle": "load"}}
06-28 16:19:37.394 27051 27064 E WProf.db: {"Computation": {"type": "fireEvent", "code": "0xaa166a40", "docUrl": "https://searchengineland-com.cdn.ampproject.org/c/searchengineland.com/copie-editor-wantd-applie-within-220730/amp", "startTime": 27854.245294, "endTime": 27854.245351, "urlRecalcStyle": "load"}}
06-28 16:19:37.394 27051 27064 E WProf.db: {"Computation": {"type": "fireEvent", "code": "0xaa166a40", "docUrl": "https://searchengineland-com.cdn.ampproject.org/c/searchengineland.com/copie-editor-wantd-applie-within-220730/amp", "startTime": 27854.245416, "endTime": 27854.245724, "urlRecalcStyle": "load"}}
06-28 16:19:37.394 27051 27064 E WProf.db: {"Computation": {"type": "fireEvent", "code": "0xaa166a40", "docUrl": "https://searchengineland-com.cdn.ampproject.org/c/searchengineland.com/copie-editor-wantd-applie-within-220730/amp", "startTime": 27854.245803, "endTime": 27854.245977, "urlRecalcStyle": "load"}}
06-28 16:19:37.394 27051 27064 E WProf.db: {"Computation": {"type": "fireEvent", "code": "0xaa166a40", "docUrl": "https://searchengineland-com.cdn.ampproject.org/c/searchengineland.com/copie-editor-wantd-applie-within-220730/amp", "startTime": 27854.246106, "endTime": 27854.246154, "urlRecalcStyle": "load"}}
06-28 16:19:37.394 27051 27064 E WProf.db: {"Computation": {"type": "fireEvent", "code": "0xaa166a40", "docUrl": "https://searchengineland-com.cdn.ampproject.org/c/searchengineland.com/copie-editor-wantd-applie-within-220730/amp", "startTime": 27854.247649, "endTime": 27854.247876, "urlRecalcStyle": "load"}}
06-28 16:19:37.394 27051 27064 E WProf.db: {"Computation": {"type": "fireEvent", "code": "0xaa166a40", "docUrl": "https://searchengineland-com.cdn.ampproject.org/c/searchengineland.com/copie-editor-wantd-applie-within-220730/amp", "startTime": 27854.247957, "endTime": 27854.248001, "urlRecalcStyle": "load"}}
06-28 16:19:37.394 27051 27064 E WProf.db: {"Computation": {"type": "fireEvent", "code": "0xaa166a40", "docUrl": "https://searchengineland-com.cdn.ampproject.org/c/searchengineland.com/copie-editor-wantd-applie-within-220730/amp", "startTime": 27854.248050, "endTime": 27854.248095, "urlRecalcStyle": "load"}}
06-28 16:19:37.394 27051 27064 E WProf.db: {"Computation": {"type": "fireEvent", "code": "0xaa166a40", "docUrl": "https://searchengineland-com.cdn.ampproject.org/c/searchengineland.com/copie-editor-wantd-applie-within-220730/amp", "startTime": 27854.248148, "endTime": 27854.248339, "urlRecalcStyle": "load"}}
06-28 16:19:37.394 27051 27064 E WProf.db: {"Computation": {"type": "layout", "code": "0xaa166a40", "docUrl": "https://searchengineland-com.cdn.ampproject.org/c/searchengineland.com/copie-editor-wantd-applie-within-220730/amp", "startTime": 27854.258102, "endTime": 27854.259335, "urlRecalcStyle": ""}}
06-28 16:19:37.395 27051 27064 E WProf.db: {"Computation": {"type": "layout", "code": "0xaa166a40", "docUrl": "https://searchengineland-com.cdn.ampproject.org/c/searchengineland.com/copie-editor-wantd-applie-within-220730/amp", "startTime": 27854.297296, "endTime": 27854.299197, "urlRecalcStyle": ""}}
06-28 16:19:37.395 27051 27064 E WProf.db: {"Computation": {"type": "layout", "code": "0xaa166a40", "docUrl": "https://searchengineland-com.cdn.ampproject.org/c/searchengineland.com/copie-editor-wantd-applie-within-220730/amp", "startTime": 27854.332777, "endTime": 27854.335982, "urlRecalcStyle": ""}}
06-28 16:19:37.395 27051 27064 E WProf.db: {"Complete": "searchengineland-com.cdn.ampproject.org_c_searchengineland.com_copie-editor-wantd-applie-within-220730_amp"}
06-28 16:19:37.398 26983 27029 E chromium: [ERROR:gles2_cmd_decoder.cc(3852)] [.ChromiumCompositor-0xacbb34c0]GL ERROR :GL_INVALID_ENUM : glDiscardFramebufferEXT: attachments was GL_COLOR_EXT
06-28 16:19:37.402 26983 27029 E chromium: [ERROR:gles2_cmd_decoder.cc(3852)] [.ChromiumCompositor-0xacbb34c0]GL ERROR :GL_INVALID_ENUM : glDiscardFramebufferEXT: attachments was GL_COLOR_EXT
06-28 16:19:37.443 26983 27029 E chromium: [ERROR:gles2_cmd_decoder.cc(3852)] [.ChromiumCompositor-0xacbb34c0]GL ERROR :GL_INVALID_ENUM : glDiscardFramebufferEXT: attachments was GL_COLOR_EXT
06-28 16:19:37.454 26983 27029 E chromium: [ERROR:gles2_cmd_decoder.cc(3852)] [.ChromiumCompositor-0xacbb34c0]GL ERROR :GL_INVALID_ENUM : glDiscardFramebufferEXT: attachments was GL_COLOR_EXT
06-28 16:19:37.467 26983 27029 E chromium: [ERROR:gles2_cmd_decoder.cc(3852)] [.ChromiumCompositor-0xacbb34c0]GL ERROR :GL_INVALID_ENUM : glDiscardFramebufferEXT: attachments was GL_COLOR_EXT
06-28 16:19:37.508 26983 27029 E chromium: [ERROR:gles2_cmd_decoder.cc(3852)] [.ChromiumCompositor-0xacbb34c0]GL ERROR :GL_INVALID_ENUM : glDiscardFramebufferEXT: attachments was GL_COLOR_EXT
06-28 16:19:37.527 26983 27029 E chromium: [ERROR:gles2_cmd_decoder.cc(3852)] [.ChromiumCompositor-0xacbb34c0]GL ERROR :GL_INVALID_ENUM : glDiscardFramebufferEXT: attachments was GL_COLOR_EXT
06-28 16:19:37.540 26983 27029 E chromium: [ERROR:gles2_cmd_decoder.cc(3852)] [.ChromiumCompositor-0xacbb34c0]GL ERROR :GL_INVALID_ENUM : glDiscardFramebufferEXT: attachments was GL_COLOR_EXT
06-28 16:19:37.561 26983 27029 E chromium: [ERROR:gles2_cmd_decoder.cc(3852)] [.ChromiumCompositor-0xacbb34c0]GL ERROR :GL_INVALID_ENUM : glDiscardFramebufferEXT: attachments was GL_COLOR_EXT
06-28 16:19:37.580 26983 27029 E chromium: [ERROR:gles2_cmd_decoder.cc(3852)] [.ChromiumCompositor-0xacbb34c0]GL ERROR :GL_INVALID_ENUM : glDiscardFramebufferEXT: attachments was GL_COLOR_EXT
06-28 16:19:37.593 26983 27029 E chromium: [ERROR:gles2_cmd_decoder.cc(3852)] [.ChromiumCompositor-0xacbb34c0]GL ERROR :GL_INVALID_ENUM : glDiscardFramebufferEXT: attachments was GL_COLOR_EXT
06-28 16:19:37.596 26983 27029 E chromium: [ERROR:gles2_cmd_decoder.cc(3852)] [.ChromiumCompositor-0xacbb34c0]GL ERROR :GL_INVALID_ENUM : glDiscardFramebufferEXT: attachments was GL_COLOR_EXT
06-28 16:19:37.609 26983 27029 E chromium: [ERROR:gles2_cmd_decoder.cc(3852)] [.ChromiumCompositor-0xacbb34c0]GL ERROR :GL_INVALID_ENUM : glDiscardFramebufferEXT: attachments was GL_COLOR_EXT
06-28 16:19:37.609 27051 27064 E WPROF   : {"Javascript": {"url": "https://cdn.ampproject.org/rtv/011498506512561/v0/amp-crypto-polyfill-0.1.js", "requestTime": 27854.664998}}
06-28 16:19:37.611 26983 27029 E chromium: [ERROR:gles2_cmd_decoder.cc(3852)] [.ChromiumCompositor-0xacbb34c0]GL ERROR :GL_INVALID_ENUM : glDiscardFramebufferEXT: attachments was GL_COLOR_EXT
06-28 16:19:37.634 26983 27029 E chromium: [ERROR:gles2_cmd_decoder.cc(3852)] [.ChromiumCompositor-0xacbb34c0]GL ERROR :GL_INVALID_ENUM : glDiscardFramebufferEXT: attachments was GL_COLOR_EXT
06-28 16:19:37.637 26983 27029 E chromium: [ERROR:gles2_cmd_decoder.cc(3852)] [.ChromiumCompositor-0xacbb34c0]GL ERROR :GL_INVALID_ENUM : glDiscardFramebufferEXT: attachments was GL_COLOR_EXT
06-28 16:19:37.667 26983 27029 E chromium: [ERROR:gles2_cmd_decoder.cc(3852)] [.ChromiumCompositor-0xacbb34c0]GL ERROR :GL_INVALID_ENUM : glDiscardFramebufferEXT: attachments was GL_COLOR_EXT
06-28 16:19:37.684 26983 27029 E chromium: [ERROR:gles2_cmd_decoder.cc(3852)] [.ChromiumCompositor-0xacbb34c0]GL ERROR :GL_INVALID_ENUM : glDiscardFramebufferEXT: attachments was GL_COLOR_EXT
06-28 16:19:37.701 26983 27029 E chromium: [ERROR:gles2_cmd_decoder.cc(3852)] [.ChromiumCompositor-0xacbb34c0]GL ERROR :GL_INVALID_ENUM : glDiscardFramebufferEXT: attachments was GL_COLOR_EXT
06-28 16:19:37.718 26983 27029 E chromium: [ERROR:gles2_cmd_decoder.cc(3852)] [.ChromiumCompositor-0xacbb34c0]GL ERROR :GL_INVALID_ENUM : glDiscardFramebufferEXT: attachments was GL_COLOR_EXT
06-28 16:19:37.735 26983 27029 E chromium: [ERROR:gles2_cmd_decoder.cc(3852)] [.ChromiumCompositor-0xacbb34c0]GL ERROR :GL_INVALID_ENUM : glDiscardFramebufferEXT: attachments was GL_COLOR_EXT
06-28 16:19:37.752 26983 27029 E chromium: [ERROR:gles2_cmd_decoder.cc(3852)] [.ChromiumCompositor-0xacbb34c0]GL ERROR :GL_INVALID_ENUM : glDiscardFramebufferEXT: attachments was GL_COLOR_EXT
06-28 16:19:37.768 26983 27029 E chromium: [ERROR:gles2_cmd_decoder.cc(3852)] [.ChromiumCompositor-0xacbb34c0]GL ERROR :GL_INVALID_ENUM : glDiscardFramebufferEXT: attachments was GL_COLOR_EXT
06-28 16:19:37.784   862  1657 E LocSvc_IzatApiV02: E/virtual int izat_core::IzatApiV02::getBatchSize(int32_t):522]: Error : st = 4, ind.status = -1628389555
06-28 16:19:37.784   862  1657 E LocSvc_IzatApiV02: E/virtual int izat_core::IzatApiV02::getBatchSize(int32_t):535]: get batching size failed.Or modem does not support batching 
06-28 16:19:37.784 26983 27029 E chromium: [ERROR:gles2_cmd_decoder.cc(3852)] [.ChromiumCompositor-0xacbb34c0]GL ERROR :GL_INVALID_ENUM : glDiscardFramebufferEXT: attachments was GL_COLOR_EXT
06-28 16:19:37.793   862  1657 E LocSvc_IzatApiV02: E/virtual int izat_core::IzatApiV02::getBatchSize(int32_t):522]: Error : st = 4, ind.status = -1628389555
06-28 16:19:37.793   862  1657 E LocSvc_IzatApiV02: E/virtual int izat_core::IzatApiV02::getBatchSize(int32_t):535]: get batching size failed.Or modem does not support batching 
06-28 16:19:37.801 26983 27029 E chromium: [ERROR:gles2_cmd_decoder.cc(3852)] [.ChromiumCompositor-0xacbb34c0]GL ERROR :GL_INVALID_ENUM : glDiscardFramebufferEXT: attachments was GL_COLOR_EXT
06-28 16:19:37.818 26983 27029 E chromium: [ERROR:gles2_cmd_decoder.cc(3852)] [.ChromiumCompositor-0xacbb34c0]GL ERROR :GL_INVALID_ENUM : glDiscardFramebufferEXT: attachments was GL_COLOR_EXT
06-28 16:19:37.823   862  1657 E LocSvc_IzatApiV02: E/virtual int izat_core::IzatApiV02::getBatchSize(int32_t):522]: Error : st = 4, ind.status = -1628389555
06-28 16:19:37.823   862  1657 E LocSvc_IzatApiV02: E/virtual int izat_core::IzatApiV02::getBatchSize(int32_t):535]: get batching size failed.Or modem does not support batching 
06-28 16:19:37.835 26983 27029 E chromium: [ERROR:gles2_cmd_decoder.cc(3852)] [.ChromiumCompositor-0xacbb34c0]GL ERROR :GL_INVALID_ENUM : glDiscardFramebufferEXT: attachments was GL_COLOR_EXT
06-28 16:19:37.835   862  1657 E LocSvc_IzatApiV02: E/virtual int izat_core::IzatApiV02::getBatchSize(int32_t):522]: Error : st = 4, ind.status = -1628389555
06-28 16:19:37.835   862  1657 E LocSvc_IzatApiV02: E/virtual int izat_core::IzatApiV02::getBatchSize(int32_t):535]: get batching size failed.Or modem does not support batching 
06-28 16:19:37.851 26983 27029 E chromium: [ERROR:gles2_cmd_decoder.cc(3852)] [.ChromiumCompositor-0xacbb34c0]GL ERROR :GL_INVALID_ENUM : glDiscardFramebufferEXT: attachments was GL_COLOR_EXT
06-28 16:19:37.868 26983 27029 E chromium: [ERROR:gles2_cmd_decoder.cc(3852)] [.ChromiumCompositor-0xacbb34c0]GL ERROR :GL_INVALID_ENUM : glDiscardFramebufferEXT: attachments was GL_COLOR_EXT
06-28 16:19:37.872 26983 27029 E chromium: [ERROR:gles2_cmd_decoder.cc(3852)] [.ChromiumCompositor-0xacbb34c0]GL ERROR :GL_INVALID_ENUM : glDiscardFramebufferEXT: attachments was GL_COLOR_EXT
06-28 16:19:37.907 26983 27029 E chromium: [ERROR:gles2_cmd_decoder.cc(3852)] [.ChromiumCompositor-0xacbb34c0]GL ERROR :GL_INVALID_ENUM : glDiscardFramebufferEXT: attachments was GL_COLOR_EXT
06-28 16:19:37.920 26983 27029 E chromium: [ERROR:gles2_cmd_decoder.cc(3852)] [.ChromiumCompositor-0xacbb34c0]GL ERROR :GL_INVALID_ENUM : glDiscardFramebufferEXT: attachments was GL_COLOR_EXT
06-28 16:19:37.936 26983 27029 E chromium: [ERROR:gles2_cmd_decoder.cc(3852)] [.ChromiumCompositor-0xacbb34c0]GL ERROR :GL_INVALID_ENUM : glDiscardFramebufferEXT: attachments was GL_COLOR_EXT
06-28 16:19:37.945 26983 27029 E chromium: [ERROR:gles2_cmd_decoder.cc(3852)] [.ChromiumCompositor-0xacbb34c0]GL ERROR :GL_INVALID_ENUM : glDiscardFramebufferEXT: attachments was GL_COLOR_EXT
06-28 16:19:37.958 26983 27029 E chromium: [ERROR:gles2_cmd_decoder.cc(3852)] [.ChromiumCompositor-0xacbb34c0]GL ERROR :GL_INVALID_ENUM : glDiscardFramebufferEXT: attachments was GL_COLOR_EXT
06-28 16:19:37.985 26983 27029 E chromium: [ERROR:gles2_cmd_decoder.cc(3852)] [.ChromiumCompositor-0xacbb34c0]GL ERROR :GL_INVALID_ENUM : glDiscardFramebufferEXT: attachments was GL_COLOR_EXT
06-28 16:19:38.002 26983 27029 E chromium: [ERROR:gles2_cmd_decoder.cc(3852)] [.ChromiumCompositor-0xacbb34c0]GL ERROR :GL_INVALID_ENUM : glDiscardFramebufferEXT: attachments was GL_COLOR_EXT
06-28 16:19:38.020 26983 27029 E chromium: [ERROR:gles2_cmd_decoder.cc(3852)] [.ChromiumCompositor-0xacbb34c0]GL ERROR :GL_INVALID_ENUM : glDiscardFramebufferEXT: attachments was GL_COLOR_EXT
06-28 16:19:38.023 26983 27029 E chromium: [ERROR:gles2_cmd_decoder.cc(3852)] [.ChromiumCompositor-0xacbb34c0]GL ERROR :GL_INVALID_ENUM : glDiscardFramebufferEXT: attachments was GL_COLOR_EXT
06-28 16:19:38.053 26983 27029 E chromium: [ERROR:gles2_cmd_decoder.cc(3852)] [.ChromiumCompositor-0xacbb34c0]GL ERROR :GL_INVALID_ENUM : glDiscardFramebufferEXT: attachments was GL_COLOR_EXT
06-28 16:19:38.056 26983 27029 E chromium: [ERROR:gles2_cmd_decoder.cc(3852)] [.ChromiumCompositor-0xacbb34c0]GL ERROR :GL_INVALID_ENUM : glDiscardFramebufferEXT: attachments was GL_COLOR_EXT
06-28 16:19:38.072 26983 27029 E chromium: [ERROR:gles2_cmd_decoder.cc(3852)] [.ChromiumCompositor-0xacbb34c0]GL ERROR :GL_INVALID_ENUM : glDiscardFramebufferEXT: attachments was GL_COLOR_EXT
06-28 16:19:38.090 26983 27029 E chromium: [ERROR:gles2_cmd_decoder.cc(3852)] [.ChromiumCompositor-0xacbb34c0]GL ERROR :GL_INVALID_ENUM : glDiscardFramebufferEXT: attachments was GL_COLOR_EXT
06-28 16:19:38.120 26983 27029 E chromium: [ERROR:gles2_cmd_decoder.cc(3852)] [.ChromiumCompositor-0xacbb34c0]GL ERROR :GL_INVALID_ENUM : glDiscardFramebufferEXT: attachments was GL_COLOR_EXT
06-28 16:19:38.125 26983 27029 E chromium: [ERROR:gles2_cmd_decoder.cc(3852)] [.ChromiumCompositor-0xacbb34c0]GL ERROR :GL_INVALID_ENUM : glDiscardFramebufferEXT: attachments was GL_COLOR_EXT
06-28 16:19:38.139 26983 27029 E chromium: [ERROR:gles2_cmd_decoder.cc(3852)] [.ChromiumCompositor-0xacbb34c0]GL ERROR :GL_INVALID_ENUM : glDiscardFramebufferEXT: attachments was GL_COLOR_EXT
06-28 16:19:38.153 26983 27029 E chromium: [ERROR:gles2_cmd_decoder.cc(3852)] [.ChromiumCompositor-0xacbb34c0]GL ERROR :GL_INVALID_ENUM : glDiscardFramebufferEXT: attachments was GL_COLOR_EXT
