--------- beginning of main
06-28 15:51:16.982  3449  3449 E Finsky  : [1] com.google.android.finsky.wear.bl.a(3): onConnectionFailed: ConnectionResult{statusCode=API_UNAVAILABLE, resolution=null, message=null}
--------- beginning of system
06-28 15:51:18.026 16071 16071 E chromium: [ERROR:shell_integration_android.cc(12)] Not implemented reached in static ShellIntegration::DefaultWebClientSetPermission ShellIntegration::CanSetAsDefaultBrowser()
06-28 15:51:18.032 16071 16071 E chromium: [ERROR:browser_process_impl.cc(720)] Not implemented reached in virtual BackgroundModeManager* BrowserProcessImpl::background_mode_manager()
06-28 15:51:18.470  3218   781 E AudioRecord-JNI: Error -4 during AudioRecord native read
06-28 15:51:20.915 16071 16118 E chromium: [ERROR:gles2_cmd_decoder.cc(3852)] [.ChromiumCompositor-0xacbb34c0]GL ERROR :GL_INVALID_ENUM : glDiscardFramebufferEXT: attachments was GL_COLOR_EXT
06-28 15:51:21.233 16140 16153 E WPROF   : {"CSS": {"url": "http://searchengineland.com/figz/wp-content/themes/searchengineland/css/searchengineland-bootstrap.css", "requestTime": 26158.288867}}
06-28 15:51:21.234 16140 16153 E WPROF   : {"CSS": {"url": "http://fonts.googleapis.com/css?family=Oswald:300,400,700", "requestTime": 26158.289390}}
06-28 15:51:21.234 16140 16153 E WPROF   : {"CSS": {"url": "http://searchengineland.com/figz/wp-content/themes/searchengineland/style.css", "requestTime": 26158.289857}}
06-28 15:51:21.239 16140 16153 E WPROF   : {"Javascript": {"url": "http://searchengineland.com/figz/wp-content/themes/searchengineland/js/lib/modernizr.custom.js?ver=1.0", "requestTime": 26158.294477}}
06-28 15:51:21.239 16140 16153 E WPROF   : {"Javascript": {"url": "http://searchengineland.com/figz/wp-content/themes/searchengineland/js/lib/jquery-1.11.0.min.js?ver=1.11.0", "requestTime": 26158.294903}}
06-28 15:51:21.240 16140 16153 E WPROF   : {"Javascript": {"url": "http://searchengineland.com/figz/wp-content/themes/searchengineland/js/lib/jquery-ui-1.10.3.custom.min.js?ver=1.10.3", "requestTime": 26158.295230}}
06-28 15:51:21.240 16140 16153 E WPROF   : {"Javascript": {"url": "http://searchengineland.com/figz/wp-content/themes/searchengineland/js/lib/jquery.ba-throttle-debounce.min.js?ver=1.1", "requestTime": 26158.295574}}
06-28 15:51:21.240 16140 16153 E WPROF   : {"Javascript": {"url": "http://searchengineland.com/figz/wp-content/themes/searchengineland/js/lib/jquery.countdown.min.js?ver=2.0.4", "requestTime": 26158.295911}}
06-28 15:51:21.241 16140 16153 E WPROF   : {"Javascript": {"url": "http://static.chartbeat.com/js/chartbeat_mab.js", "requestTime": 26158.296609}}
06-28 15:51:21.778 16140 16153 E WPROF   : {"Javascript": {"url": "http://searchengineland.com/figz/wp-includes/js/wp-emoji-release.min.js?ver=4.7.5", "requestTime": 26158.833427}}
06-28 15:51:22.173 16140 16153 E WPROF   : {"Javascript": {"url": "http://www.googletagservices.com/tag/js/gpt.js", "requestTime": 26159.228767}}
06-28 15:51:22.178 16140 16153 E WPROF   : {"Javascript": {"url": "https://www.google-analytics.com/analytics.js", "requestTime": 26159.233350}}
06-28 15:51:22.189 16140 16153 E WPROF   : {"Javascript": {"url": "http://edge.quantserve.com/quant.js", "requestTime": 26159.245046}}
06-28 15:51:22.197 16140 16153 E WPROF   : {"Javascript": {"url": "https://connect.facebook.net/en_US/fbevents.js", "requestTime": 26159.252398}}
06-28 15:51:22.267 16071 16118 E chromium: [ERROR:gles2_cmd_decoder.cc(3852)] [.ChromiumCompositor-0xacbb34c0]GL ERROR :GL_INVALID_ENUM : glDiscardFramebufferEXT: attachments was GL_COLOR_EXT
06-28 15:51:22.307 16140 16153 E WPROF   : {"Javascript": {"url": "http://app-sj02.marketo.com/js/forms2/js/forms2.min.js", "requestTime": 26159.362791}}
06-28 15:51:22.399 16071 16118 E chromium: [ERROR:gles2_cmd_decoder.cc(3852)] [.ChromiumCompositor-0xacbb34c0]GL ERROR :GL_INVALID_ENUM : glDiscardFramebufferEXT: attachments was GL_COLOR_EXT
06-28 15:51:22.408 16140 16153 E WPROF   : {"Javascript": {"url": "https://connect.facebook.net/signals/config/423979991297359?v=2.7.17", "requestTime": 26159.463793}}
06-28 15:51:22.413 16140 16153 E WPROF   : {"Javascript": {"url": "https://securepubads.g.doubleclick.net/gpt/pubads_impl_121.js", "requestTime": 26159.469074}}
06-28 15:51:22.567 16140 16153 E WPROF   : {"Javascript": {"url": "http://app-sj02.marketo.com/index.php/form/getForm?munchkinId=727-ZQE-044&form=5691&url=http%3A%2F%2Fsearchengineland.com%2Fdmoz-has-officially-closed-271530&callback=jQuery110204724446274340153_1498632682500&_=1498632682501", "requestTime": 26159.622526}}
06-28 15:51:22.583 16140 16153 E WPROF   : {"Javascript": {"url": "http://app-sj02.marketo.com/index.php/form/getForm?munchkinId=727-ZQE-044&form=5685&url=http%3A%2F%2Fsearchengineland.com%2Fdmoz-has-officially-closed-271530&callback=jQuery110204724446274340153_1498632682502&_=1498632682503", "requestTime": 26159.638568}}
06-28 15:51:22.798 16140 16153 E WPROF   : {"Javascript": {"url": "http://app-sj02.marketo.com/index.php/form/getForm?munchkinId=727-ZQE-044&form=5673&url=http%3A%2F%2Fsearchengineland.com%2Fdmoz-has-officially-closed-271530&callback=jQuery110204724446274340153_1498632682504&_=1498632682505", "requestTime": 26159.853564}}
06-28 15:51:22.808 16140 16153 E WPROF   : {"Javascript": {"url": "http://searchengineland.com/js/ga_social_tracking.js", "requestTime": 26159.864216}}
06-28 15:51:22.809 16140 16153 E WPROF   : {"Javascript": {"url": "http://s7.addthis.com/js/300/addthis_widget.js#pubid=ra-53e918f660794f37", "requestTime": 26159.865002}}
06-28 15:51:22.909 16071 16118 E chromium: [ERROR:gles2_cmd_decoder.cc(3852)] [.ChromiumCompositor-0xacbb34c0]GL ERROR :GL_INVALID_ENUM : glDiscardFramebufferEXT: attachments was GL_COLOR_EXT
06-28 15:51:23.309 16071 16118 E chromium: [ERROR:gles2_cmd_decoder.cc(3852)] [.ChromiumCompositor-0xacbb34c0]GL ERROR :GL_INVALID_ENUM : glDiscardFramebufferEXT: attachments was GL_COLOR_EXT
06-28 15:51:23.663 16140 16153 E WPROF   : {"Javascript": {"url": "https://securepubads.g.doubleclick.net/gampad/ads?gdfp_req=1&correlator=2665953629306880&output=json_html&callback=googletag.impl.pubads.callbackProxy1&impl=fifs&json_a=1&eid=108809080%2C108809103&sc=0&sfv=1-0-9&iu_parts=1038259%2Csel-ciu-1%2Csel-ciu-2%2Csel-ciu-3%2Csel-ciu-4%2Csel-ciu-5%2Cch-seo-le", "requestTime": 26160.718293}}
06-28 15:51:23.687   862  1657 E LocSvc_IzatApiV02: E/virtual int izat_core::IzatApiV02::getBatchSize(int32_t):522]: Error : st = 4, ind.status = -1628389555
06-28 15:51:23.687   862  1657 E LocSvc_IzatApiV02: E/virtual int izat_core::IzatApiV02::getBatchSize(int32_t):535]: get batching size failed.Or modem does not support batching 
06-28 15:51:23.696   862  1657 E LocSvc_IzatApiV02: E/virtual int izat_core::IzatApiV02::getBatchSize(int32_t):522]: Error : st = 4, ind.status = -1628389555
06-28 15:51:23.696   862  1657 E LocSvc_IzatApiV02: E/virtual int izat_core::IzatApiV02::getBatchSize(int32_t):535]: get batching size failed.Or modem does not support batching 
06-28 15:51:23.726   862  1657 E LocSvc_IzatApiV02: E/virtual int izat_core::IzatApiV02::getBatchSize(int32_t):522]: Error : st = 4, ind.status = -1628389555
06-28 15:51:23.726   862  1657 E LocSvc_IzatApiV02: E/virtual int izat_core::IzatApiV02::getBatchSize(int32_t):535]: get batching size failed.Or modem does not support batching 
06-28 15:51:23.738   862  1657 E LocSvc_IzatApiV02: E/virtual int izat_core::IzatApiV02::getBatchSize(int32_t):522]: Error : st = 4, ind.status = -1628389555
06-28 15:51:23.738   862  1657 E LocSvc_IzatApiV02: E/virtual int izat_core::IzatApiV02::getBatchSize(int32_t):535]: get batching size failed.Or modem does not support batching 
06-28 15:51:23.751 16140 16153 E WPROF   : {"CSS": {"url": "http://app-sj02.marketo.com/js/forms2/css/forms2.css", "requestTime": 26160.807005}}
06-28 15:51:23.756 16140 16153 E WPROF   : {"CSS": {"url": "http://app-sj02.marketo.com/js/forms2/css/forms2-theme-simple.css", "requestTime": 26160.811358}}
06-28 15:51:23.802 16140 16153 E WPROF   : {"Javascript": {"url": "https://static.xx.fbcdn.net/rsrc.php/v3iy6L4/yF/l/ko_KR/w3AiswiqjrJ.js", "requestTime": 26160.857434}}
06-28 15:51:23.963 16071 16118 E chromium: [ERROR:gles2_cmd_decoder.cc(3852)] [.ChromiumCompositor-0xacbb34c0]GL ERROR :GL_INVALID_ENUM : glDiscardFramebufferEXT: attachments was GL_COLOR_EXT
06-28 15:51:24.181 16140 16153 E WPROF   : {"Javascript": {"url": "http://cdn.api.twitter.com/1/users/show.json?screen_name=dannysullivan&callback=twttr.setFollowersCount", "requestTime": 26161.236450}}
06-28 15:51:24.604 16140 16153 E WPROF   : {"Javascript": {"url": "http://platform.twitter.com/widgets.js", "requestTime": 26161.659394}}
06-28 15:51:24.610 16140 16153 E WPROF   : {"Javascript": {"url": "http://connect.facebook.net/en_US/sdk.js", "requestTime": 26161.665634}}
06-28 15:51:24.611 16140 16153 E WPROF   : {"Javascript": {"url": "https://apis.google.com/js/platform.js", "requestTime": 26161.667196}}
06-28 15:51:24.643 16140 16153 E WPROF   : {"Javascript": {"url": "http://rules.quantcount.com/rules-p-5aGizvD82d9hk.js", "requestTime": 26161.698776}}
06-28 15:51:24.646 16140 16153 E WPROF   : {"Javascript": {"url": "http://munchkin.marketo.net/munchkin.js", "requestTime": 26161.701295}}
06-28 15:51:24.760 16140 16153 E WPROF   : {"CSS": {"url": "https://www.youtube.com/yts/cssbin/www-embed-player-sprite-mode-vfl5G4Xm8.css", "requestTime": 26161.815476}}
06-28 15:51:24.762 16140 16153 E WPROF   : {"Javascript": {"url": "https://www.youtube.com/yts/jsbin/www-embed-player-vfl_UY_j8/www-embed-player.js", "requestTime": 26161.818011}}
06-28 15:51:24.765 16140 16153 E WPROF   : {"Javascript": {"url": "https://www.youtube.com/yts/jsbin/player-vflo1w4O-/ko_KR/base.js", "requestTime": 26161.819974}}
06-28 15:51:24.834 16071 16118 E chromium: [ERROR:gles2_cmd_decoder.cc(3852)] [.ChromiumCompositor-0xacbb34c0]GL ERROR :GL_INVALID_ENUM : glDiscardFramebufferEXT: attachments was GL_COLOR_EXT
06-28 15:51:24.896 16140 16153 E WPROF   : {"Javascript": {"url": "http://d2j3qa5nc37287.cloudfront.net/coupon_code1.js", "requestTime": 26161.951947}}
06-28 15:51:24.899 16140 16153 E WPROF   : {"Javascript": {"url": "http://www.googleadservices.com/pagead/conversion.js", "requestTime": 26161.954755}}
06-28 15:51:24.900 16140 16153 E WPROF   : {"Javascript": {"url": "http://searchengineland.com/figz/wp-content/themes/searchengineland/js/script.js?ver=1.0", "requestTime": 26161.955511}}
06-28 15:51:24.900 16140 16153 E WPROF   : {"Javascript": {"url": "http://searchengineland.com/figz/wp-includes/js/wp-embed.min.js?ver=4.7.5", "requestTime": 26161.955990}}
06-28 15:51:24.901 16140 16153 E WPROF   : {"Javascript": {"url": "http://searchengineland.com/figz/wp-content/themes/searchengineland/js/modules/sharing_controls.js", "requestTime": 26161.956569}}
06-28 15:51:24.932 16071 16118 E chromium: [ERROR:gles2_cmd_decoder.cc(3852)] [.ChromiumCompositor-0xacbb34c0]GL ERROR :GL_INVALID_ENUM : glDiscardFramebufferEXT: attachments was GL_COLOR_EXT
06-28 15:51:25.863 16140 16153 E WPROF   : {"Javascript": {"url": "http://m.addthisedge.com/live/boost/ra-53e918f660794f37/_ate.track.config_resp", "requestTime": 26162.918956}}
06-28 15:51:25.915 16140 16153 E WPROF   : {"Javascript": {"url": "http://m.addthis.com/live/red_lojson/300lo.json?si=595351ec37c754c3&bkl=0&bl=1&pdt=1980&sid=595351ec37c754c3&pub=ra-53e918f660794f37&rev=v7.15.4-wp&ln=ko&pc=men&cb=0&ab=-&dp=searchengineland.com&fp=dmoz-has-officially-closed-271530&fr=&of=0&pd=0&irt=0&vcl=0&md=0&ct=1&tct=0&abt=0&cdn=0&pi=1&rb=0&gen=", "requestTime": 26162.970660}}
06-28 15:51:25.986 16140 16153 E WPROF   : {"Javascript": {"url": "http://dnn506yrbagrg.cloudfront.net/pages/scripts/0026/4062.js?416286", "requestTime": 26163.041598}}
06-28 15:51:26.526 16071 16118 E chromium: [ERROR:gles2_cmd_decoder.cc(3852)] [.ChromiumCompositor-0xacbb34c0]GL ERROR :GL_INVALID_ENUM : glDiscardFramebufferEXT: attachments was GL_COLOR_EXT
06-28 15:51:27.599 16140 16153 E WPROF   : {"Javascript": {"url": "https://www.google.com/js/bg/KWBfAnWFESAEEaKKgdYlTHY9ysQaNoQuzeMFqvxDSM8.js", "requestTime": 26164.654611}}
06-28 15:51:27.602 16140 16153 E WPROF   : {"Javascript": {"url": "https://static.doubleclick.net/instream/ad_status.js", "requestTime": 26164.658083}}
06-28 15:51:27.800 16071 16118 E chromium: [ERROR:gles2_cmd_decoder.cc(3852)] [.ChromiumCompositor-0xacbb34c0]GL ERROR :GL_INVALID_ENUM : glDiscardFramebufferEXT: attachments was GL_COLOR_EXT
06-28 15:51:28.000 16071 16118 E chromium: [ERROR:gles2_cmd_decoder.cc(3852)] [.ChromiumCompositor-0xacbb34c0]GL ERROR :GL_INVALID_ENUM : glDiscardFramebufferEXT: attachments was GL_COLOR_EXT
06-28 15:51:28.202 16071 16118 E chromium: [ERROR:gles2_cmd_decoder.cc(3852)] [.ChromiumCompositor-0xacbb34c0]GL ERROR :GL_INVALID_ENUM : glDiscardFramebufferEXT: attachments was GL_COLOR_EXT
06-28 15:51:28.216 16140 16153 E WPROF   : {"Javascript": {"url": "https://tpc.googlesyndication.com/pagead/js/r20170619/r20110914/client/ext/m_window_focus_non_hydra.js", "requestTime": 26165.272212}}
06-28 15:51:28.219 16140 16153 E WPROF   : {"Javascript": {"url": "https://tpc.googlesyndication.com/pagead/js/r20170619/r20110914/activeview/osd_listener.js", "requestTime": 26165.274261}}
06-28 15:51:28.223 16140 16153 E WPROF   : {"Javascript": {"url": "http://pagead2.googlesyndication.com/pagead/osd.js", "requestTime": 26165.279101}}
06-28 15:51:28.295 16140 16153 E WPROF   : {"Javascript": {"url": "http://munchkin.marketo.net/151/munchkin.js", "requestTime": 26165.350279}}
06-28 15:51:28.458 16140 16153 E WPROF   : {"Javascript": {"url": "https://platform.twitter.com/js/button.b731e6c82269f70f6fc53634e044a4c6.js", "requestTime": 26165.514097}}
06-28 15:51:28.664 16140 16153 E WPROF   : {"Javascript": {"url": "http://www.justuno.com/ajax/account_version_check.html?id=828FA275-FF73-401E-AA39-40F5A6FAB6B1", "requestTime": 26165.719780}}
06-28 15:51:28.740 16140 16153 E WPROF   : {"Javascript": {"url": "http://s7.addthis.com/static/layers.4acb6c577b51939661ec.js", "requestTime": 26165.795449}}
06-28 15:51:28.845 16071 16118 E chromium: [ERROR:gles2_cmd_decoder.cc(3852)] [.ChromiumCompositor-0xacbb34c0]GL ERROR :GL_INVALID_ENUM : glDiscardFramebufferEXT: attachments was GL_COLOR_EXT
06-28 15:51:29.408 16071 16118 E chromium: [ERROR:gles2_cmd_decoder.cc(3852)] [.ChromiumCompositor-0xacbb34c0]GL ERROR :GL_INVALID_ENUM : glDiscardFramebufferEXT: attachments was GL_COLOR_EXT
06-28 15:51:29.764 16071 16118 E chromium: [ERROR:gles2_cmd_decoder.cc(3852)] [.ChromiumCompositor-0xacbb34c0]GL ERROR :GL_INVALID_ENUM : glDiscardFramebufferEXT: attachments was GL_COLOR_EXT
06-28 15:51:29.930 16071 16118 E chromium: [ERROR:gles2_cmd_decoder.cc(3852)] [.ChromiumCompositor-0xacbb34c0]GL ERROR :GL_INVALID_ENUM : glDiscardFramebufferEXT: attachments was GL_COLOR_EXT
06-28 15:51:30.106 16071 16118 E chromium: [ERROR:gles2_cmd_decoder.cc(3852)] [.ChromiumCompositor-0xacbb34c0]GL ERROR :GL_INVALID_ENUM : glDiscardFramebufferEXT: attachments was GL_COLOR_EXT
06-28 15:51:30.164 16071 16118 E chromium: [ERROR:gles2_cmd_decoder.cc(3852)] [.ChromiumCompositor-0xacbb34c0]GL ERROR :GL_INVALID_ENUM : glDiscardFramebufferEXT: attachments was GL_COLOR_EXT
06-28 15:51:31.919 16140 16153 E WPROF   : {"Javascript": {"url": "http://cdn.justuno.com/mwgt_3.6.js", "requestTime": 26168.974244}}
06-28 15:51:32.211 16071 16118 E chromium: [ERROR:gles2_cmd_decoder.cc(3852)] [.ChromiumCompositor-0xacbb34c0]GL ERROR :GL_INVALID_ENUM : glDiscardFramebufferEXT: attachments was GL_COLOR_EXT
06-28 15:51:32.311 16071 16118 E chromium: [ERROR:gles2_cmd_decoder.cc(3852)] [.ChromiumCompositor-0xacbb34c0]GL ERROR :GL_INVALID_ENUM : glDiscardFramebufferEXT: attachments was GL_COLOR_EXT
06-28 15:51:32.804 16071 16118 E chromium: [ERROR:gles2_cmd_decoder.cc(3852)] [.ChromiumCompositor-0xacbb34c0]GL ERROR :GL_INVALID_ENUM : glDiscardFramebufferEXT: attachments was GL_COLOR_EXT
06-28 15:51:33.210 16140 16153 E WPROF   : {"Javascript": {"url": "https://cdn.syndication.twimg.com/widgets/followbutton/info.json?callback=__twttr.setFollowersCountAndFollowing&lang=en&screen_names=sengineland", "requestTime": 26170.265959}}
06-28 15:51:33.280 16140 16153 E WPROF   : {"Javascript": {"url": "https://app-sj02.marketo.com/js/forms2/js/forms2.min.js", "requestTime": 26170.335247}}
06-28 15:51:33.941 16071 16118 E chromium: [ERROR:gles2_cmd_decoder.cc(3852)] [.ChromiumCompositor-0xacbb34c0]GL ERROR :GL_INVALID_ENUM : glDiscardFramebufferEXT: attachments was GL_COLOR_EXT
06-28 15:51:34.002 16140 16153 E WProf.db: {"page": "searchengineland.com_dmoz-has-officially-closed-271530"}
06-28 15:51:34.002 16140 16153 E WProf.db: {"DOMLoad": 26171.057390}
06-28 15:51:34.002 16140 16153 E WProf.db: {"Resource": {"id": 1, "url": "http://searchengineland.com/dmoz-has-officially-closed-271530", "sentTime": -1.000000, "len": 90028, "from": "0x0", "mimeType": "text/html", "contentLength": -1, "httpStatus": 200, "connId": 19, "connReused": 1, "cached": 0,"requestTime": 26157.891990, "proxyStart": -1, "proxyEnd": -1, "dnsStart": -1, "dnsEnd": -1, "connectStart": 0, "connectEnd": 144, "sendStart": 144, "sendEnd": 144, "receiveHeadersEnd": 296, "sslStart": -1, "sslEnd": -1}}
06-28 15:51:34.002 16140 16153 E WProf.db: {"ReceivedChunk": {"receivedTime": 26158.202241, "len": 7762}}
06-28 15:51:34.002 16140 16153 E WProf.db: {"ReceivedChunk": {"receivedTime": 26158.281434, "len": 32768}}
06-28 15:51:34.002 16140 16153 E WProf.db: {"ReceivedChunk": {"receivedTime": 26158.281647, "len": 32196}}
06-28 15:51:34.002 16140 16153 E WProf.db: {"ReceivedChunk": {"receivedTime": 26158.336697, "len": 17302}}
06-28 15:51:34.002 16140 16153 E WProf.db: {"WprofHTMLTag": {"code": "0xaf047b50", "doc": "http://searchengineland.com/dmoz-has-officially-closed-271530", "row": 6, "column": 42, "tagName": "html", "time": 26158.283826, "url": "", "pos": 1, "chunkLen": 1, "isStartTag": 1}}
06-28 15:51:34.002 16140 16153 E WProf.db: {"WprofHTMLTag": {"code": "0xaf047d30", "doc": "http://searchengineland.com/dmoz-has-officially-closed-271530", "row": 7, "column": 6, "tagName": "head", "time": 26158.284076, "url": "", "pos": 1, "chunkLen": 1, "isStartTag": 1}}
06-28 15:51:34.002 16140 16153 E WProf.db: {"WprofHTMLTag": {"code": "0xaf047d60", "doc": "http://searchengineland.com/dmoz-has-officially-closed-271530", "row": 8, "column": 54, "tagName": "meta", "time": 26158.284119, "url": "", "pos": 1, "chunkLen": 1, "isStartTag": 1}}
06-28 15:51:34.002 16140 16153 E WProf.db: {"WprofHTMLTag": {"code": "0xaf047d90", "doc": "http://searchengineland.com/dmoz-has-officially-closed-271530", "row": 9, "column": 68, "tagName": "meta", "time": 26158.284262, "url": "", "pos": 1, "chunkLen": 1, "isStartTag": 1}}
06-28 15:51:34.002 16140 16153 E WProf.db: {"WprofHTMLTag": {"code": "0xaf047dc0", "doc": "http://searchengineland.com/dmoz-has-officially-closed-271530", "row": 10, "column": 23, "tagName": "meta", "time": 26158.284365, "url": "", "pos": 1, "chunkLen": 1, "isStartTag": 1}}
06-28 15:51:34.003 16140 16153 E WProf.db: {"WprofHTMLTag": {"code": "0xaf047df0", "doc": "http://searchengineland.com/dmoz-has-officially-closed-271530", "row": 11, "column": 52, "tagName": "meta", "time": 26158.284493, "url": "", "pos": 1, "chunkLen": 1, "isStartTag": 1}}
06-28 15:51:34.003 16140 16153 E WProf.db: {"WprofHTMLTag": {"code": "0xaf047e20", "doc": "http://searchengineland.com/dmoz-has-officially-closed-271530", "row": 14, "column": 56, "tagName": "meta", "time": 26158.284617, "url": "", "pos": 1, "chunkLen": 1, "isStartTag": 1}}
06-28 15:51:34.003 16140 16153 E WProf.db: {"WprofHTMLTag": {"code": "0xaf047e50", "doc": "http://searchengineland.com/dmoz-has-officially-closed-271530", "row": 15, "column": 83, "tagName": "meta", "time": 26158.284731, "url": "", "pos": 1, "chunkLen": 1, "isStartTag": 1}}
06-28 15:51:34.003 16140 16153 E WProf.db: {"WprofHTMLTag": {"code": "0xaf047f40", "doc": "http://searchengineland.com/dmoz-has-officially-closed-271530", "row": 16, "column": 57, "tagName": "meta", "time": 26158.284834, "url": "", "pos": 1, "chunkLen": 1, "isStartTag": 1}}
06-28 15:51:34.003 16140 16153 E WProf.db: {"WprofHTMLTag": {"code": "0xaf047fd0", "doc": "http://searchengineland.com/dmoz-has-officially-closed-271530", "row": 17, "column": 41, "tagName": "meta", "time": 26158.284953, "url": "", "pos": 1, "chunkLen": 1, "isStartTag": 1}}
06-28 15:51:34.003 16140 16153 E WProf.db: {"WprofHTMLTag": {"code": "0xb4cc74b0", "doc": "http://searchengineland.com/dmoz-has-officially-closed-271530", "row": 18, "column": 50, "tagName": "meta", "time": 26158.285057, "url": "", "pos": 1, "chunkLen": 1, "isStartTag": 1}}
06-28 15:51:34.003 16140 16153 E WProf.db: {"WprofHTMLTag": {"code": "0xb4cc7540", "doc": "http://searchengineland.com/dmoz-has-officially-closed-271530", "row": 19, "column": 174, "tagName": "meta", "time": 26158.285169, "url": "", "pos": 1, "chunkLen": 1, "isStartTag": 1}}
06-28 15:51:34.003 16140 16153 E WProf.db: {"WprofHTMLTag": {"code": "0xaf047fa0", "doc": "http://searchengineland.com/dmoz-has-officially-closed-271530", "row": 20, "column": 47, "tagName": "meta", "time": 26158.285274, "url": "", "pos": 1, "chunkLen": 1, "isStartTag": 1}}
06-28 15:51:34.003 16140 16153 E WProf.db: {"WprofHTMLTag": {"code": "0xaf047f70", "doc": "http://searchengineland.com/dmoz-has-officially-closed-271530", "row": 21, "column": 67, "tagName": "meta", "time": 26158.285385, "url": "", "pos": 1, "chunkLen": 1, "isStartTag": 1}}
06-28 15:51:34.003 16140 16153 E WProf.db: {"WprofHTMLTag": {"code": "0xb4cc78a0", "doc": "http://searchengineland.com/dmoz-has-officially-closed-271530", "row": 22, "column": 57, "tagName": "meta", "time": 26158.285491, "url": "", "pos": 1, "chunkLen": 1, "isStartTag": 1}}
06-28 15:51:34.003 16140 16153 E WProf.db: {"WprofHTMLTag": {"code": "0xb4cc78d0", "doc": "http://searchengineland.com/dmoz-has-officially-closed-271530", "row": 23, "column": 65, "tagName": "meta", "time": 26158.285608, "url": "", "pos": 1, "chunkLen": 1, "isStartTag": 1}}
06-28 15:51:34.003 16140 16153 E WProf.db: {"WprofHTMLTag": {"code": "0xb4cc7900", "doc": "http://searchengineland.com/dmoz-has-officially-closed-271530", "row": 24, "column": 55, "tagName": "meta", "time": 26158.285717, "url": "", "pos": 1, "chunkLen": 1, "isStartTag": 1}}
06-28 15:51:34.003 16140 16153 E WProf.db: {"WprofHTMLTag": {"code": "0xb4cc7930", "doc": "http://searchengineland.com/dmoz-has-officially-closed-271530", "row": 25, "column": 71, "tagName": "meta", "time": 26158.285832, "url": "", "pos": 1, "chunkLen": 1, "isStartTag": 1}}
06-28 15:51:34.003 16140 16153 E WProf.db: {"WprofHTMLTag": {"code": "0xb4cc7960", "doc": "http://searchengineland.com/dmoz-has-officially-closed-271530", "row": 26, "column": 86, "tagName": "meta", "time": 26158.285938, "url": "", "pos": 1, "chunkLen": 1, "isStartTag": 1}}
06-28 15:51:34.003 16140 16153 E WProf.db: {"WprofHTMLTag": {"code": "0xb4cc7990", "doc": "http://searchengineland.com/dmoz-has-officially-closed-271530", "row": 27, "column": 54, "tagName": "meta", "time": 26158.286055, "url": "", "pos": 1, "chunkLen": 1, "isStartTag": 1}}
06-28 15:51:34.004 16140 16153 E WProf.db: {"WprofHTMLTag": {"code": "0xb4cc79c0", "doc": "http://searchengineland.com/dmoz-has-officially-closed-271530", "row": 29, "column": 39, "tagName": "meta", "time": 26158.286169, "url": "", "pos": 1, "chunkLen": 1, "isStartTag": 1}}
06-28 15:51:34.004 16140 16153 E WProf.db: {"WprofHTMLTag": {"code": "0xb4cc79f0", "doc": "http://searchengineland.com/dmoz-has-officially-closed-271530", "row": 30, "column": 122, "tagName": "meta", "time": 26158.286281, "url": "", "pos": 1, "chunkLen": 1, "isStartTag": 1}}
06-28 15:51:34.004 16140 16153 E WProf.db: {"WprofHTMLTag": {"code": "0xb4cc7a20", "doc": "http://searchengineland.com/dmoz-has-officially-closed-271530", "row": 31, "column": 55, "tagName": "meta", "time": 26158.286388, "url": "", "pos": 1, "chunkLen": 1, "isStartTag": 1}}
06-28 15:51:34.004 16140 16153 E WProf.db: {"WprofHTMLTag": {"code": "0xb4cc7a50", "doc": "http://searchengineland.com/dmoz-has-officially-closed-271530", "row": 32, "column": 54, "tagName": "meta", "time": 26158.286496, "url": "", "pos": 1, "chunkLen": 1, "isStartTag": 1}}
06-28 15:51:34.004 16140 16153 E WProf.db: {"WprofHTMLTag": {"code": "0xb4cc7a80", "doc": "http://searchengineland.com/dmoz-has-officially-closed-271530", "row": 33, "column": 127, "tagName": "meta", "time": 26158.286608, "url": "", "pos": 1, "chunkLen": 1, "isStartTag": 1}}
06-28 15:51:34.004 16140 16153 E WProf.db: {"WprofHTMLTag": {"code": "0xb4cc7ab0", "doc": "http://searchengineland.com/dmoz-has-officially-closed-271530", "row": 37, "column": 36, "tagName": "script", "time": 26158.286724, "url": "", "pos": 1, "chunkLen": 1, "isStartTag": 1}}
06-28 15:51:34.004 16140 16153 E WProf.db: {"WprofHTMLTag": {"code": "0xb4cc7ae0", "doc": "http://searchengineland.com/dmoz-has-officially-closed-271530", "row": 53, "column": 10, "tagName": "script", "time": 26158.286956, "url": "", "pos": 1, "chunkLen": 1, "isStartTag": 0}}
06-28 15:51:34.004 16140 16153 E WProf.db: {"WprofHTMLTag": {"code": "0xaf047e80", "doc": "http://searchengineland.com/dmoz-has-officially-closed-271530", "row": 55, "column": 86, "tagName": "link", "time": 26158.287529, "url": "http://searchengineland.com/apple-touch-icon.png", "pos": 1, "chunkLen": 1, "isStartTag": 1}}
06-28 15:51:34.004 16140 16153 E WProf.db: {"WprofHTMLTag": {"code": "0xb4cc7b10", "doc": "http://searchengineland.com/dmoz-has-officially-closed-271530", "row": 56, "column": 76, "tagName": "link", "time": 26158.287812, "url": "http://searchengineland.com/favicon.ico", "pos": 1, "chunkLen": 1, "isStartTag": 1}}
06-28 15:51:34.004 16140 16153 E WProf.db: {"WprofHTMLTag": {"code": "0xb4cc7b40", "doc": "http://searchengineland.com/dmoz-has-officially-closed-271530", "row": 57, "column": 158, "tagName": "link", "time": 26158.288012, "url": "http://feeds.searchengineland.com/searchengineland", "pos": 1, "chunkLen": 1, "isStartTag": 1}}
06-28 15:51:34.004 16140 16153 E WProf.db: {"WprofHTMLTag": {"code": "0xb4cc7b70", "doc": "http://searchengineland.com/dmoz-has-officially-closed-271530", "row": 58, "column": 149, "tagName": "link", "time": 26158.288291, "url": "http://feeds.searchengineland.com/searchcap", "pos": 1, "chunkLen": 1, "isStartTag": 1}}
06-28 15:51:34.005 16140 16153 E WProf.db: {"WprofHTMLTag": {"code": "0xb4cc7ba0", "doc": "http://searchengineland.com/dmoz-has-officially-closed-271530", "row": 59, "column": 150, "tagName": "link", "time": 26158.288575, "url": "http://searchengineland.com/figz/wp-content/themes/searchengineland/css/searchengineland-bootstrap.css", "pos": 1, "chunkLen": 1, "isStartTag": 1}}
06-28 15:51:34.006 16071 16118 E chromium: [ERROR:gles2_cmd_decoder.cc(3852)] [.ChromiumCompositor-0xacbb34c0]GL ERROR :GL_INVALID_ENUM : glDiscardFramebufferEXT: attachments was GL_COLOR_EXT
06-28 15:51:34.006 16140 16153 E WProf.db: {"WprofHTMLTag": {"code": "0xb4cc7c00", "doc": "http://searchengineland.com/dmoz-has-officially-closed-271530", "row": 60, "column": 105, "tagName": "link", "time": 26158.289120, "url": "http://fonts.googleapis.com/css?family=Oswald:300,400,700", "pos": 1, "chunkLen": 1, "isStartTag": 1}}
06-28 15:51:34.006 16140 16153 E WProf.db: {"WprofHTMLTag": {"code": "0xb4cc7c60", "doc": "http://searchengineland.com/dmoz-has-officially-closed-271530", "row": 61, "column": 125, "tagName": "link", "time": 26158.289585, "url": "http://searchengineland.com/figz/wp-content/themes/searchengineland/style.css", "pos": 1, "chunkLen": 1, "isStartTag": 1}}
06-28 15:51:34.006 16140 16153 E WProf.db: {"WprofHTMLTag": {"code": "0xb4cc7cc0", "doc": "http://searchengineland.com/dmoz-has-officially-closed-271530", "row": 65, "column": 7, "tagName": "title", "time": 26158.290110, "url": "", "pos": 1, "chunkLen": 1, "isStartTag": 1}}
06-28 15:51:34.007 16140 16153 E WProf.db: {"WprofHTMLTag": {"code": "0xb4cc7cf0", "doc": "http://searchengineland.com/dmoz-has-officially-closed-271530", "row": 65, "column": 100, "tagName": "title", "time": 26158.290197, "url": "", "pos": 1, "chunkLen": 1, "isStartTag": 0}}
06-28 15:51:34.007 16140 16153 E WProf.db: {"WprofHTMLTag": {"code": "0xb4cc7d20", "doc": "http://searchengineland.com/dmoz-has-officially-closed-271530", "row": 66, "column": 119, "tagName": "meta", "time": 26158.290215, "url": "", "pos": 1, "chunkLen": 1, "isStartTag": 1}}
06-28 15:51:34.007 16140 16153 E WProf.db: {"WprofHTMLTag": {"code": "0xb4cc7d50", "doc": "http://searchengineland.com/dmoz-has-officially-closed-271530", "row": 67, "column": 40, "tagName": "meta", "time": 26158.290324, "url": "", "pos": 1, "chunkLen": 1, "isStartTag": 1}}
06-28 15:51:34.007 16140 16153 E WProf.db: {"WprofHTMLTag": {"code": "0xb4cc7d80", "doc": "http://searchengineland.com/dmoz-has-officially-closed-271530", "row": 68, "column": 103, "tagName": "meta", "time": 26158.290426, "url": "", "pos": 1, "chunkLen": 1, "isStartTag": 1}}
06-28 15:51:34.007 16140 16153 E WProf.db: {"WprofHTMLTag": {"code": "0xb4cc7db0", "doc": "http://searchengineland.com/dmoz-has-officially-closed-271530", "row": 69, "column": 37, "tagName": "meta", "time": 26158.290527, "url": "", "pos": 1, "chunkLen": 1, "isStartTag": 1}}
06-28 15:51:34.007 16140 16153 E WProf.db: {"WprofHTMLTag": {"code": "0xb4cc7de0", "doc": "http://searchengineland.com/dmoz-has-officially-closed-271530", "row": 70, "column": 93, "tagName": "link", "time": 26158.290635, "url": "http://searchengineland.com/dmoz-has-officially-closed-271530", "pos": 1, "chunkLen": 1, "isStartTag": 1}}
06-28 15:51:34.007 16140 16153 E WProf.db: {"WprofHTMLTag": {"code": "0xb4cc7e10", "doc": "http://searchengineland.com/dmoz-has-officially-closed-271530", "row": 71, "column": 76, "tagName": "link", "time": 26158.290834, "url": "https://plus.google.com/103218677032751327334", "pos": 1, "chunkLen": 1, "isStartTag": 1}}
06-28 15:51:34.007 16140 16153 E WProf.db: {"WprofHTMLTag": {"code": "0xb4cc7e40", "doc": "http://searchengineland.com/dmoz-has-officially-closed-271530", "row": 72, "column": 45, "tagName": "meta", "time": 26158.291024, "url": "", "pos": 1, "chunkLen": 1, "isStartTag": 1}}
06-28 15:51:34.007 16140 16153 E WProf.db: {"WprofHTMLTag": {"code": "0xb4cc7e70", "doc": "http://searchengineland.com/dmoz-has-officially-closed-271530", "row": 73, "column": 45, "tagName": "meta", "time": 26158.291136, "url": "", "pos": 1, "chunkLen": 1, "isStartTag": 1}}
06-28 15:51:34.007 16140 16153 E WProf.db: {"WprofHTMLTag": {"code": "0xb4cc7ea0", "doc": "http://searchengineland.com/dmoz-has-officially-closed-271530", "row": 74, "column": 124, "tagName": "meta", "time": 26158.291249, "url": "", "pos": 1, "chunkLen": 1, "isStartTag": 1}}
06-28 15:51:34.008 16140 16153 E WProf.db: {"WprofHTMLTag": {"code": "0xb4cc7ed0", "doc": "http://searchengineland.com/dmoz-has-officially-closed-271530", "row": 75, "column": 127, "tagName": "meta", "time": 26158.291362, "url": "", "pos": 1, "chunkLen": 1, "isStartTag": 1}}
06-28 15:51:34.008 16140 16153 E WProf.db: {"WprofHTMLTag": {"code": "0xb4cc7f00", "doc": "http://searchengineland.com/dmoz-has-officially-closed-271530", "row": 76, "column": 98, "tagName": "meta", "time": 26158.291472, "url": "", "pos": 1, "chunkLen": 1, "isStartTag": 1}}
06-28 15:51:34.009 16140 16153 E WProf.db: {"WprofHTMLTag": {"code": "0xb4cc7f30", "doc": "http://searchengineland.com/dmoz-has-officially-closed-271530", "row": 77, "column": 61, "tagName": "meta", "time": 26158.291586, "url": "", "pos": 1, "chunkLen": 1, "isStartTag": 1}}
06-28 15:51:34.009 16140 16153 E WProf.db: {"WprofHTMLTag": {"code": "0xb4cc7f60", "doc": "http://searchengineland.com/dmoz-has-officially-closed-271530", "row": 78, "column": 89, "tagName": "meta", "time": 26158.291698, "url": "", "pos": 1, "chunkLen": 1, "isStartTag": 1}}
06-28 15:51:34.009 16140 16153 E WProf.db: {"WprofHTMLTag": {"code": "0xb4cc7f90", "doc": "http://searchengineland.com/dmoz-has-officially-closed-271530", "row": 79, "column": 83, "tagName": "meta", "time": 26158.291812, "url": "", "pos": 1, "chunkLen": 1, "isStartTag": 1}}
06-28 15:51:34.009 16140 16153 E WProf.db: {"WprofHTMLTag": {"code": "0xb4cc7fc0", "doc": "http://searchengineland.com/dmoz-has-officially-closed-271530", "row": 80, "column": 58, "tagName": "meta", "time": 26158.291925, "url": "", "pos": 1, "chunkLen": 1, "isStartTag": 1}}
06-28 15:51:34.009 16140 16153 E WProf.db: {"WprofHTMLTag": {"code": "0xb4cc7ff0", "doc": "http://searchengineland.com/dmoz-has-officially-closed-271530", "row": 81, "column": 78, "tagName": "meta", "time": 26158.292042, "url": "", "pos": 1, "chunkLen": 1, "isStartTag": 1}}
06-28 15:51:34.009 16140 16153 E WProf.db: {"WprofHTMLTag": {"code": "0xb4cc8020", "doc": "http://searchengineland.com/dmoz-has-officially-closed-271530", "row": 82, "column": 77, "tagName": "meta", "time": 26158.292154, "url": "", "pos": 1, "chunkLen": 1, "isStartTag": 1}}
06-28 15:51:34.009 16140 16153 E WProf.db: {"WprofHTMLTag": {"code": "0xb4cc8050", "doc": "http://searchengineland.com/dmoz-has-officially-closed-271530", "row": 83, "column": 71, "tagName": "meta", "time": 26158.292268, "url": "", "pos": 1, "chunkLen": 1, "isStartTag": 1}}
06-28 15:51:34.009 16140 16153 E WProf.db: {"WprofHTMLTag": {"code": "0xb4cc8080", "doc": "http://searchengineland.com/dmoz-has-officially-closed-271530", "row": 84, "column": 121, "tagName": "meta", "time": 26158.292388, "url": "", "pos": 1, "chunkLen": 1, "isStartTag": 1}}
06-28 15:51:34.009 16140 16153 E WProf.db: {"WprofHTMLTag": {"code": "0xb4cc80b0", "doc": "http://searchengineland.com/dmoz-has-officially-closed-271530", "row": 85, "column": 49, "tagName": "meta", "time": 26158.292503, "url": "", "pos": 1, "chunkLen": 1, "isStartTag": 1}}
06-28 15:51:34.009 16140 16153 E WProf.db: {"WprofHTMLTag": {"code": "0xb4cc80e0", "doc": "http://searchengineland.com/dmoz-has-officially-closed-271530", "row": 86, "column": 50, "tagName": "meta", "time": 26158.292629, "url": "", "pos": 1, "chunkLen": 1, "isStartTag": 1}}
06-28 15:51:34.009 16140 16153 E WProf.db: {"WprofHTMLTag": {"code": "0xb4cc8110", "doc": "http://searchengineland.com/dmoz-has-officially-closed-271530", "row": 87, "column": 58, "tagName": "meta", "time": 26158.292760, "url": "", "pos": 1, "chunkLen": 1, "isStartTag": 1}}
06-28 15:51:34.010 16140 16153 E WProf.db: {"WprofHTMLTag": {"code": "0xb4cc8140", "doc": "http://searchengineland.com/dmoz-has-officially-closed-271530", "row": 88, "column": 128, "tagName": "meta", "time": 26158.292897, "url": "", "pos": 1, "chunkLen": 1, "isStartTag": 1}}
06-28 15:51:34.010 16140 16153 E WProf.db: {"WprofHTMLTag": {"code": "0xb4cc8170", "doc": "http://searchengineland.com/dmoz-has-officially-closed-271530", "row": 89, "column": 125, "tagName": "meta", "time": 26158.293006, "url": "", "pos": 1, "chunkLen": 1, "isStartTag": 1}}
06-28 15:51:34.010 16140 16153 E WProf.db: {"WprofHTMLTag": {"code": "0xb4cc81a0", "doc": "http://searchengineland.com/dmoz-has-officially-closed-271530", "row": 90, "column": 51, "tagName": "meta", "time": 26158.293128, "url": "", "pos": 1, "chunkLen": 1, "isStartTag": 1}}
06-28 15:51:34.010 16140 16153 E WProf.db: {"WprofHTMLTag": {"code": "0xb4cc81d0", "doc": "http://searchengineland.com/dmoz-has-officially-closed-271530", "row": 91, "column": 122, "tagName": "meta", "time": 26158.293244, "url": "", "pos": 1, "chunkLen": 1, "isStartTag": 1}}
06-28 15:51:34.011 16140 16153 E WProf.db: {"WprofHTMLTag": {"code": "0xb4cc8200", "doc": "http://searchengineland.com/dmoz-has-officially-closed-271530", "row": 92, "column": 56, "tagName": "meta", "time": 26158.293366, "url": "", "pos": 1, "chunkLen": 1, "isStartTag": 1}}
06-28 15:51:34.011 16140 16153 E WProf.db: {"WprofHTMLTag": {"code": "0xb4cc8230", "doc": "http://searchengineland.com/dmoz-has-officially-closed-271530", "row": 95, "column": 44, "tagName": "link", "time": 26158.293485, "url": "http://s.w.org/", "pos": 1, "chunkLen": 1, "isStartTag": 1}}
06-28 15:51:34.012 16140 16153 E WProf.db: {"WprofHTMLTag": {"code": "0xb4cc8260", "doc": "http://searchengineland.com/dmoz-has-officially-closed-271530", "row": 96, "column": 33, "tagName": "script", "time": 26158.293720, "url": "", "pos": 1, "chunkLen": 1, "isStartTag": 1}}
06-28 15:51:34.012 16140 16153 E WProf.db: {"WprofHTMLTag": {"code": "0xb4cc8290", "doc": "http://searchengineland.com/dmoz-has-officially-closed-271530", "row": 99, "column": 11, "tagName": "script", "time": 26158.294025, "url": "http://searchengineland.com/figz/wp-includes/js/wp-emoji-release.min.js?ver=4.7.5", "pos": 1, "chunkLen": 1, "isStartTag": 0}}
06-28 15:51:34.012 16140 16153 E WProf.db: {"WprofHTMLTag": {"code": "0xaa19b6e0", "doc": "http://searchengineland.com/dmoz-has-officially-closed-271530", "row": 100, "column": 25, "tagName": "style", "time": 26158.834305, "url": "", "pos": 1, "chunkLen": 1, "isStartTag": 1}}
06-28 15:51:34.012 16140 16153 E WProf.db: {"WprofHTMLTag": {"code": "0xaa19b710", "doc": "http://searchengineland.com/dmoz-has-officially-closed-271530", "row": 113, "column": 8, "tagName": "style", "time": 26158.834510, "url": "", "pos": 1, "chunkLen": 1, "isStartTag": 0}}
06-28 15:51:34.012 16140 16153 E WProf.db: {"WprofHTMLTag": {"code": "0xaa19b740", "doc": "http://searchengineland.com/dmoz-has-officially-closed-271530", "row": 114, "column": 140, "tagName": "script", "time": 26158.836216, "url": "http://searchengineland.com/figz/wp-content/themes/searchengineland/js/lib/modernizr.custom.js?ver=1.0", "pos": 1, "chunkLen": 1, "isStartTag": 1}}
06-28 15:51:34.012 16140 16153 E WProf.db: {"WprofHTMLTag": {"code": "0xaa19b770", "doc": "http://searchengineland.com/dmoz-has-officially-closed-271530", "row": 114, "column": 149, "tagName": "script", "time": 26158.836500, "url": "", "pos": 1, "chunkLen": 1, "isStartTag": 0}}
06-28 15:51:34.012 16140 16153 E WProf.db: {"WprofHTMLTag": {"code": "0x9d315390", "doc": "http://searchengineland.com/dmoz-has-officially-closed-271530", "row": 115, "column": 144, "tagName": "script", "time": 26158.846484, "url": "http://searchengineland.com/figz/wp-content/themes/searchengineland/js/lib/jquery-1.11.0.min.js?ver=1.11.0", "pos": 1, "chunkLen": 1, "isStartTag": 1}}
06-28 15:51:34.012 16140 16153 E WProf.db: {"WprofHTMLTag": {"code": "0xaa19b830", "doc": "http://searchengineland.com/dmoz-has-officially-closed-271530", "row": 115, "column": 153, "tagName": "script", "time": 26158.846750, "url": "", "pos": 1, "chunkLen": 1, "isStartTag": 0}}
06-28 15:51:34.013 16140 16153 E WProf.db: {"WprofHTMLTag": {"code": "0xaa19b680", "doc": "http://searchengineland.com/dmoz-has-officially-closed-271530", "row": 0, "column": 15, "tagName": "div", "time": 26158.909389, "url": "", "pos": 15, "chunkLen": 44, "isStartTag": 1}}
06-28 15:51:34.013 16140 16153 E WProf.db: {"WprofHTMLTag": {"code": "0x9d3153f0", "doc": "http://searchengineland.com/dmoz-has-officially-closed-271530", "row": 0, "column": 21, "tagName": "div", "time": 26158.909517, "url": "", "pos": 21, "chunkLen": 44, "isStartTag": 0}}
06-28 15:51:34.014 16140 16153 E WProf.db: {"WprofHTMLTag": {"code": "0xaa19b650", "doc": "http://searchengineland.com/dmoz-has-officially-closed-271530", "row": 0, "column": 38, "tagName": "div", "time": 26158.909578, "url": "", "pos": 38, "chunkLen": 44, "isStartTag": 1}}
06-28 15:51:34.014 16140 16153 E WProf.db: {"WprofHTMLTag": {"code": "0xaa19b620", "doc": "http://searchengineland.com/dmoz-has-officially-closed-271530", "row": 0, "column": 44, "tagName": "div", "time": 26158.909693, "url": "", "pos": 44, "chunkLen": 44, "isStartTag": 0}}
06-28 15:51:34.014 16140 16153 E WProf.db: {"WprofHTMLTag": {"code": "0x9d315de0", "doc": "http://searchengineland.com/dmoz-has-officially-closed-271530", "row": 0, "column": 13, "tagName": "select", "time": 26158.910999, "url": "", "pos": 13, "chunkLen": 51, "isStartTag": 1}}
06-28 15:51:34.014 16140 16153 E WProf.db: {"WprofHTMLTag": {"code": "0x9d315990", "doc": "http://searchengineland.com/dmoz-has-officially-closed-271530", "row": 0, "column": 33, "tagName": "option", "time": 26158.911174, "url": "", "pos": 33, "chunkLen": 51, "isStartTag": 1}}
06-28 15:51:34.014 16140 16153 E WProf.db: {"WprofHTMLTag": {"code": "0x9d3159c0", "doc": "http://searchengineland.com/dmoz-has-officially-closed-271530", "row": 0, "column": 42, "tagName": "option", "time": 26158.911350, "url": "", "pos": 42, "chunkLen": 51, "isStartTag": 0}}
06-28 15:51:34.014 16140 16153 E WProf.db: {"WprofHTMLTag": {"code": "0x9d3159f0", "doc": "http://searchengineland.com/dmoz-has-officially-closed-271530", "row": 0, "column": 51, "tagName": "select", "time": 26158.911408, "url": "", "pos": 51, "chunkLen": 51, "isStartTag": 0}}
06-28 15:51:34.014 16140 16153 E WProf.db: {"WprofHTMLTag": {"code": "0x9d315ba0", "doc": "http://searchengineland.com/dmoz-has-officially-closed-271530", "row": 0, "column": 12, "tagName": "a", "time": 26158.915543, "url": "", "pos": 12, "chunkLen": 16, "isStartTag": 1}}
06-28 15:51:34.014 16140 16153 E WProf.db: {"WprofHTMLTag": {"code": "0x9d315bd0", "doc": "http://searchengineland.com/dmoz-has-officially-closed-271530", "row": 0, "column": 16, "tagName": "a", "time": 26158.915686, "url": "", "pos": 16, "chunkLen": 16, "isStartTag": 0}}
06-28 15:51:34.014 16140 16153 E WProf.db: {"WprofHTMLTag": {"code": "0x9d315c00", "doc": "http://searchengineland.com/dmoz-has-officially-closed-271530", "row": 0, "column": 8, "tagName": "input", "time": 26158.917048, "url": "", "pos": 8, "chunkLen": 8, "isStartTag": 1}}
06-28 15:51:34.014 16140 16153 E WProf.db: {"WprofHTMLTag": {"code": "0x9d315c30", "doc": "http://searchengineland.com/dmoz-has-officially-closed-271530", "row": 0, "column": 9, "tagName": "link", "time": 26158.925618, "url": "", "pos": 9, "chunkLen": 42, "isStartTag": 1}}
06-28 15:51:34.014 16140 16153 E WProf.db: {"WprofHTMLTag": {"code": "0x9d315e10", "doc": "http://searchengineland.com/dmoz-has-officially-closed-271530", "row": 0, "column": 16, "tagName": "table", "time": 26158.925726, "url": "", "pos": 16, "chunkLen": 42, "isStartTag": 1}}
06-28 15:51:34.014 16140 16153 E WProf.db: {"WprofHTMLTag": {"code": "0x9d315e40", "doc": "http://searchengineland.com/dmoz-has-officially-closed-271530", "row": 0, "column": 24, "tagName": "table", "time": 26158.925831, "url": "", "pos": 24, "chunkLen": 42, "isStartTag": 0}}
06-28 15:51:34.014 16140 16153 E WProf.db: {"WprofHTMLTag": {"code": "0x9d3161a0", "doc": "http://searchengineland.com/dmoz-has-officially-closed-271530", "row": 0, "column": 37, "tagName": "a", "time": 26158.925896, "url": "", "pos": 37, "chunkLen": 42, "isStartTag": 1}}
06-28 15:51:34.015 16140 16153 E WProf.db: {"WprofHTMLTag": {"code": "0x9d3161d0", "doc": "http://searchengineland.com/dmoz-has-officially-closed-271530", "row": 0, "column": 42, "tagName": "a", "time": 26158.926118, "url": "", "pos": 42, "chunkLen": 42, "isStartTag": 0}}
06-28 15:51:34.015 16140 16153 E WProf.db: {"WprofHTMLTag": {"code": "0xaa19b950", "doc": "http://searchengineland.com/dmoz-has-officially-closed-271530", "row": 0, "column": 10, "tagName": "textarea", "time": 26158.927305, "url": "", "pos": 10, "chunkLen": 22, "isStartTag": 1}}
06-28 15:51:34.015 16140 16153 E WProf.db: {"WprofHTMLTag": {"code": "0xaa19b980", "doc": "http://searchengineland.com/dmoz-has-officially-closed-271530", "row": 0, "column": 22, "tagName": "textarea", "time": 26158.927528, "url": "", "pos": 22, "chunkLen": 22, "isStartTag": 0}}
06-28 15:51:34.015 16140 16153 E WProf.db: {"WprofHTMLTag": {"code": "0xaa19b9b0", "doc": "http://searchengineland.com/dmoz-has-officially-closed-271530", "row": 0, "column": 48, "tagName": "input", "time": 26158.928703, "url": "", "pos": 48, "chunkLen": 48, "isStartTag": 1}}
06-28 15:51:34.015 16140 16153 E WProf.db: {"WprofHTMLTag": {"code": "0xaa19ba10", "doc": "http://searchengineland.com/dmoz-has-officially-closed-271530", "row": 0, "column": 9, "tagName": "link", "time": 26158.933233, "url": "", "pos": 9, "chunkLen": 66, "isStartTag": 1}}
06-28 15:51:34.015 16140 16153 E WProf.db: {"WprofHTMLTag": {"code": "0xaa19ba40", "doc": "http://searchengineland.com/dmoz-has-officially-closed-271530", "row": 0, "column": 16, "tagName": "table", "time": 26158.933342, "url": "", "pos": 16, "chunkLen": 66, "isStartTag": 1}}
06-28 15:51:34.015 16140 16153 E WProf.db: {"WprofHTMLTag": {"code": "0xaa19ba70", "doc": "http://searchengineland.com/dmoz-has-officially-closed-271530", "row": 0, "column": 24, "tagName": "table", "time": 26158.933410, "url": "", "pos": 24, "chunkLen": 66, "isStartTag": 0}}
06-28 15:51:34.015 16140 16153 E WProf.db: {"WprofHTMLTag": {"code": "0xaa19baa0", "doc": "http://searchengineland.com/dmoz-has-officially-closed-271530", "row": 0, "column": 37, "tagName": "a", "time": 26158.933474, "url": "", "pos": 37, "chunkLen": 66, "isStartTag": 1}}
06-28 15:51:34.015 16140 16153 E WProf.db: {"WprofHTMLTag": {"code": "0xaa19bad0", "doc": "http://searchengineland.com/dmoz-has-officially-closed-271530", "row": 0, "column": 42, "tagName": "a", "time": 26158.933651, "url": "", "pos": 42, "chunkLen": 66, "isStartTag": 0}}
06-28 15:51:34.015 16140 16153 E WProf.db: {"WprofHTMLTag": {"code": "0xaa19bb00", "doc": "http://searchengineland.com/dmoz-has-officially-closed-271530", "row": 0, "column": 66, "tagName": "input", "time": 26158.933711, "url": "", "pos": 66, "chunkLen": 66, "isStartTag": 1}}
06-28 15:51:34.015 16140 16153 E WProf.db: {"WprofHTMLTag": {"code": "0xaa19bb90", "doc": "http://searchengineland.com/dmoz-has-officially-closed-271530", "row": 0, "column": 9, "tagName": "link", "time": 26158.935558, "url": "", "pos": 9, "chunkLen": 66, "isStartTag": 1}}
06-28 15:51:34.015 16140 16153 E WProf.db: {"WprofHTMLTag": {"code": "0xaa19bbc0", "doc": "http://searchengineland.com/dmoz-has-officially-closed-271530", "row": 0, "column": 16, "tagName": "table", "time": 26158.935661, "url": "", "pos": 16, "chunkLen": 66, "isStartTag": 1}}
06-28 15:51:34.015 16140 16153 E WProf.db: {"WprofHTMLTag": {"code": "0xaa19bbf0", "doc": "http://searchengineland.com/dmoz-has-officially-closed-271530", "row": 0, "column": 24, "tagName": "table", "time": 26158.935726, "url": "", "pos": 24, "chunkLen": 66, "isStartTag": 0}}
06-28 15:51:34.015 16140 16153 E WProf.db: {"WprofHTMLTag": {"code": "0xaa19bc20", "doc": "http://searchengineland.com/dmoz-has-officially-closed-271530", "row": 0, "column": 37, "tagName": "a", "time": 26158.935788, "url": "", "pos": 37, "chunkLen": 66, "isStartTag": 1}}
06-28 15:51:34.016 16140 16153 E WProf.db: {"WprofHTMLTag": {"code": "0xaa19bc50", "doc": "http://searchengineland.com/dmoz-has-officially-closed-271530", "row": 0, "column": 42, "tagName": "a", "time": 26158.935944, "url": "", "pos": 42, "chunkLen": 66, "isStartTag": 0}}
06-28 15:51:34.016 16140 16153 E WProf.db: {"WprofHTMLTag": {"code": "0xaa19bc80", "doc": "http://searchengineland.com/dmoz-has-officially-closed-271530", "row": 0, "column": 66, "tagName": "input", "time": 26158.936005, "url": "", "pos": 66, "chunkLen": 66, "isStartTag": 1}}
06-28 15:51:34.016 16140 16153 E WProf.db: {"WprofHTMLTag": {"code": "0xaa19bce0", "doc": "http://searchengineland.com/dmoz-has-officially-closed-271530", "row": 0, "column": 9, "tagName": "link", "time": 26158.940086, "url": "", "pos": 9, "chunkLen": 66, "isStartTag": 1}}
06-28 15:51:34.016 16140 16153 E WProf.db: {"WprofHTMLTag": {"code": "0xaa19bd10", "doc": "http://searchengineland.com/dmoz-has-officially-closed-271530", "row": 0, "column": 16, "tagName": "table", "time": 26158.940193, "url": "", "pos": 16, "chunkLen": 66, "isStartTag": 1}}
06-28 15:51:34.016 16140 16153 E WProf.db: {"WprofHTMLTag": {"code": "0xaa19bd40", "doc": "http://searchengineland.com/dmoz-has-officially-closed-271530", "row": 0, "column": 24, "tagName": "table", "time": 26158.940267, "url": "", "pos": 24, "chunkLen": 66, "isStartTag": 0}}
06-28 15:51:34.016 16140 16153 E WProf.db: {"WprofHTMLTag": {"code": "0xaa19bd70", "doc": "http://searchengineland.com/dmoz-has-officially-closed-271530", "row": 0, "column": 37, "tagName": "a", "time": 26158.940331, "url": "", "pos": 37, "chunkLen": 66, "isStartTag": 1}}
06-28 15:51:34.016 16140 16153 E WProf.db: {"WprofHTMLTag": {"code": "0xaa19bda0", "doc": "http://searchengineland.com/dmoz-has-officially-closed-271530", "row": 0, "column": 42, "tagName": "a", "time": 26158.940491, "url": "", "pos": 42, "chunkLen": 66, "isStartTag": 0}}
06-28 15:51:34.016 16140 16153 E WProf.db: {"WprofHTMLTag": {"code": "0xaa19bdd0", "doc": "http://searchengineland.com/dmoz-has-officially-closed-271530", "row": 0, "column": 66, "tagName": "input", "time": 26158.940553, "url": "", "pos": 66, "chunkLen": 66, "isStartTag": 1}}
06-28 15:51:34.016 16140 16153 E WProf.db: {"WprofHTMLTag": {"code": "0xaa19bef0", "doc": "http://searchengineland.com/dmoz-has-officially-closed-271530", "row": 116, "column": 154, "tagName": "script", "time": 26158.952814, "url": "http://searchengineland.com/figz/wp-content/themes/searchengineland/js/lib/jquery-ui-1.10.3.custom.min.js?ver=1.10.3", "pos": 67, "chunkLen": 67, "isStartTag": 1}}
06-28 15:51:34.016 16140 16153 E WProf.db: {"WprofHTMLTag": {"code": "0xaa19bf20", "doc": "http://searchengineland.com/dmoz-has-officially-closed-271530", "row": 116, "column": 163, "tagName": "script", "time": 26158.953064, "url": "", "pos": 67, "chunkLen": 67, "isStartTag": 0}}
06-28 15:51:34.016 16140 16153 E WProf.db: {"WprofHTMLTag": {"code": "0xaa19c040", "doc": "http://searchengineland.com/dmoz-has-officially-closed-271530", "row": 0, "column": 111, "tagName": "div", "time": 26159.194101, "url": "", "pos": 111, "chunkLen": 117, "isStartTag": 1}}
06-28 15:51:34.016 16140 16153 E WProf.db: {"WprofHTMLTag": {"code": "0xaa19c010", "doc": "http://searchengineland.com/dmoz-has-officially-closed-271530", "row": 0, "column": 117, "tagName": "div", "time": 26159.194428, "url": "", "pos": 117, "chunkLen": 117, "isStartTag": 0}}
