06-28 11:58:56.303 31049 31096 E chromium: [ERROR:gles2_cmd_decoder.cc(3852)] [.ChromiumCompositor-0xacbb2fc0]GL ERROR :GL_INVALID_ENUM : glDiscardFramebufferEXT: attachments was GL_COLOR_EXT
06-28 11:58:56.315 31049 31096 E chromium: [ERROR:gles2_cmd_decoder.cc(3852)] [.ChromiumCompositor-0xacbb2fc0]GL ERROR :GL_INVALID_ENUM : glDiscardFramebufferEXT: attachments was GL_COLOR_EXT
06-28 11:58:56.331 31049 31096 E chromium: [ERROR:gles2_cmd_decoder.cc(3852)] [.ChromiumCompositor-0xacbb2fc0]GL ERROR :GL_INVALID_ENUM : glDiscardFramebufferEXT: attachments was GL_COLOR_EXT
06-28 11:58:56.344 31049 31096 E chromium: [ERROR:gles2_cmd_decoder.cc(3852)] [.ChromiumCompositor-0xacbb2fc0]GL ERROR :GL_INVALID_ENUM : glDiscardFramebufferEXT: attachments was GL_COLOR_EXT
06-28 11:58:56.350 31115 31128 E WPROF   : {"Javascript": {"url": "https://3p.ampproject.net/1498506512561/f.js", "requestTime": 12213.405635}}
06-28 11:58:56.360 31049 31096 E chromium: [ERROR:gles2_cmd_decoder.cc(3852)] [.ChromiumCompositor-0xacbb2fc0]GL ERROR :GL_INVALID_ENUM : glDiscardFramebufferEXT: attachments was GL_COLOR_EXT
06-28 11:58:56.378 31049 31096 E chromium: [ERROR:gles2_cmd_decoder.cc(3852)] [.ChromiumCompositor-0xacbb2fc0]GL ERROR :GL_INVALID_ENUM : glDiscardFramebufferEXT: attachments was GL_COLOR_EXT
06-28 11:58:56.394 31049 31096 E chromium: [ERROR:gles2_cmd_decoder.cc(3852)] [.ChromiumCompositor-0xacbb2fc0]GL ERROR :GL_INVALID_ENUM : glDiscardFramebufferEXT: attachments was GL_COLOR_EXT
06-28 11:58:56.411 31049 31096 E chromium: [ERROR:gles2_cmd_decoder.cc(3852)] [.ChromiumCompositor-0xacbb2fc0]GL ERROR :GL_INVALID_ENUM : glDiscardFramebufferEXT: attachments was GL_COLOR_EXT
06-28 11:58:56.432 31049 31096 E chromium: [ERROR:gles2_cmd_decoder.cc(3852)] [.ChromiumCompositor-0xacbb2fc0]GL ERROR :GL_INVALID_ENUM : glDiscardFramebufferEXT: attachments was GL_COLOR_EXT
06-28 11:58:56.452 31049 31096 E chromium: [ERROR:gles2_cmd_decoder.cc(3852)] [.ChromiumCompositor-0xacbb2fc0]GL ERROR :GL_INVALID_ENUM : glDiscardFramebufferEXT: attachments was GL_COLOR_EXT
06-28 11:58:56.470 31049 31096 E chromium: [ERROR:gles2_cmd_decoder.cc(3852)] [.ChromiumCompositor-0xacbb2fc0]GL ERROR :GL_INVALID_ENUM : glDiscardFramebufferEXT: attachments was GL_COLOR_EXT
06-28 11:58:56.481 31049 31096 E chromium: [ERROR:gles2_cmd_decoder.cc(3852)] [.ChromiumCompositor-0xacbb2fc0]GL ERROR :GL_INVALID_ENUM : glDiscardFramebufferEXT: attachments was GL_COLOR_EXT
06-28 11:58:56.497 31049 31096 E chromium: [ERROR:gles2_cmd_decoder.cc(3852)] [.ChromiumCompositor-0xacbb2fc0]GL ERROR :GL_INVALID_ENUM : glDiscardFramebufferEXT: attachments was GL_COLOR_EXT
06-28 11:58:56.515 31049 31096 E chromium: [ERROR:gles2_cmd_decoder.cc(3852)] [.ChromiumCompositor-0xacbb2fc0]GL ERROR :GL_INVALID_ENUM : glDiscardFramebufferEXT: attachments was GL_COLOR_EXT
06-28 11:58:56.556 31049 31096 E chromium: [ERROR:gles2_cmd_decoder.cc(3852)] [.ChromiumCompositor-0xacbb2fc0]GL ERROR :GL_INVALID_ENUM : glDiscardFramebufferEXT: attachments was GL_COLOR_EXT
06-28 11:58:56.570 31049 31096 E chromium: [ERROR:gles2_cmd_decoder.cc(3852)] [.ChromiumCompositor-0xacbb2fc0]GL ERROR :GL_INVALID_ENUM : glDiscardFramebufferEXT: attachments was GL_COLOR_EXT
06-28 11:58:56.581 31049 31096 E chromium: [ERROR:gles2_cmd_decoder.cc(3852)] [.ChromiumCompositor-0xacbb2fc0]GL ERROR :GL_INVALID_ENUM : glDiscardFramebufferEXT: attachments was GL_COLOR_EXT
06-28 11:58:56.598 31049 31096 E chromium: [ERROR:gles2_cmd_decoder.cc(3852)] [.ChromiumCompositor-0xacbb2fc0]GL ERROR :GL_INVALID_ENUM : glDiscardFramebufferEXT: attachments was GL_COLOR_EXT
06-28 11:58:56.616 31049 31096 E chromium: [ERROR:gles2_cmd_decoder.cc(3852)] [.ChromiumCompositor-0xacbb2fc0]GL ERROR :GL_INVALID_ENUM : glDiscardFramebufferEXT: attachments was GL_COLOR_EXT
06-28 11:58:56.631 31049 31096 E chromium: [ERROR:gles2_cmd_decoder.cc(3852)] [.ChromiumCompositor-0xacbb2fc0]GL ERROR :GL_INVALID_ENUM : glDiscardFramebufferEXT: attachments was GL_COLOR_EXT
06-28 11:58:56.648 31049 31096 E chromium: [ERROR:gles2_cmd_decoder.cc(3852)] [.ChromiumCompositor-0xacbb2fc0]GL ERROR :GL_INVALID_ENUM : glDiscardFramebufferEXT: attachments was GL_COLOR_EXT
06-28 11:58:56.663 31049 31096 E chromium: [ERROR:gles2_cmd_decoder.cc(3852)] [.ChromiumCompositor-0xacbb2fc0]GL ERROR :GL_INVALID_ENUM : glDiscardFramebufferEXT: attachments was GL_COLOR_EXT
06-28 11:58:56.682 31049 31096 E chromium: [ERROR:gles2_cmd_decoder.cc(3852)] [.ChromiumCompositor-0xacbb2fc0]GL ERROR :GL_INVALID_ENUM : glDiscardFramebufferEXT: attachments was GL_COLOR_EXT
06-28 11:58:56.698 31049 31096 E chromium: [ERROR:gles2_cmd_decoder.cc(3852)] [.ChromiumCompositor-0xacbb2fc0]GL ERROR :GL_INVALID_ENUM : glDiscardFramebufferEXT: attachments was GL_COLOR_EXT
06-28 11:58:56.718 31049 31096 E chromium: [ERROR:gles2_cmd_decoder.cc(3852)] [.ChromiumCompositor-0xacbb2fc0]GL ERROR :GL_INVALID_ENUM : glDiscardFramebufferEXT: attachments was GL_COLOR_EXT
06-28 11:58:56.736 31049 31096 E chromium: [ERROR:gles2_cmd_decoder.cc(3852)] [.ChromiumCompositor-0xacbb2fc0]GL ERROR :GL_INVALID_ENUM : glDiscardFramebufferEXT: attachments was GL_COLOR_EXT
06-28 11:58:56.747 31049 31096 E chromium: [ERROR:gles2_cmd_decoder.cc(3852)] [.ChromiumCompositor-0xacbb2fc0]GL ERROR :GL_INVALID_ENUM : glDiscardFramebufferEXT: attachments was GL_COLOR_EXT
06-28 11:58:56.763 31049 31096 E chromium: [ERROR:gles2_cmd_decoder.cc(3852)] [.ChromiumCompositor-0xacbb2fc0]GL ERROR :GL_INVALID_ENUM : glDiscardFramebufferEXT: attachments was GL_COLOR_EXT
06-28 11:58:56.789 31049 31096 E chromium: [ERROR:gles2_cmd_decoder.cc(3852)] [.ChromiumCompositor-0xacbb2fc0]GL ERROR :GL_INVALID_ENUM : glDiscardFramebufferEXT: attachments was GL_COLOR_EXT
06-28 11:58:56.800 31049 31096 E chromium: [ERROR:gles2_cmd_decoder.cc(3852)] [.ChromiumCompositor-0xacbb2fc0]GL ERROR :GL_INVALID_ENUM : glDiscardFramebufferEXT: attachments was GL_COLOR_EXT
06-28 11:58:56.817 31049 31096 E chromium: [ERROR:gles2_cmd_decoder.cc(3852)] [.ChromiumCompositor-0xacbb2fc0]GL ERROR :GL_INVALID_ENUM : glDiscardFramebufferEXT: attachments was GL_COLOR_EXT
06-28 11:58:56.834 31049 31096 E chromium: [ERROR:gles2_cmd_decoder.cc(3852)] [.ChromiumCompositor-0xacbb2fc0]GL ERROR :GL_INVALID_ENUM : glDiscardFramebufferEXT: attachments was GL_COLOR_EXT
06-28 11:58:56.849 31049 31096 E chromium: [ERROR:gles2_cmd_decoder.cc(3852)] [.ChromiumCompositor-0xacbb2fc0]GL ERROR :GL_INVALID_ENUM : glDiscardFramebufferEXT: attachments was GL_COLOR_EXT
06-28 11:58:56.865 31049 31096 E chromium: [ERROR:gles2_cmd_decoder.cc(3852)] [.ChromiumCompositor-0xacbb2fc0]GL ERROR :GL_INVALID_ENUM : glDiscardFramebufferEXT: attachments was GL_COLOR_EXT
06-28 11:58:56.884 31049 31096 E chromium: [ERROR:gles2_cmd_decoder.cc(3852)] [.ChromiumCompositor-0xacbb2fc0]GL ERROR :GL_INVALID_ENUM : glDiscardFramebufferEXT: attachments was GL_COLOR_EXT
06-28 11:58:56.894 31115 31128 E WPROF   : {"Javascript": {"url": "https://securepubads.g.doubleclick.net/static/glade.js", "requestTime": 12213.949774}}
06-28 11:58:56.898 31049 31096 E chromium: [ERROR:gles2_cmd_decoder.cc(3852)] [.ChromiumCompositor-0xacbb2fc0]GL ERROR :GL_INVALID_ENUM : glDiscardFramebufferEXT: attachments was GL_COLOR_EXT
06-28 11:58:56.918 31049 31096 E chromium: [ERROR:gles2_cmd_decoder.cc(3852)] [.ChromiumCompositor-0xacbb2fc0]GL ERROR :GL_INVALID_ENUM : glDiscardFramebufferEXT: attachments was GL_COLOR_EXT
06-28 11:58:56.932 31049 31096 E chromium: [ERROR:gles2_cmd_decoder.cc(3852)] [.ChromiumCompositor-0xacbb2fc0]GL ERROR :GL_INVALID_ENUM : glDiscardFramebufferEXT: attachments was GL_COLOR_EXT
06-28 11:58:56.957 31049 31096 E chromium: [ERROR:gles2_cmd_decoder.cc(3852)] [.ChromiumCompositor-0xacbb2fc0]GL ERROR :GL_INVALID_ENUM : glDiscardFramebufferEXT: attachments was GL_COLOR_EXT
06-28 11:58:56.964 31049 31096 E chromium: [ERROR:gles2_cmd_decoder.cc(3852)] [.ChromiumCompositor-0xacbb2fc0]GL ERROR :GL_INVALID_ENUM : glDiscardFramebufferEXT: attachments was GL_COLOR_EXT
06-28 11:58:56.980 31049 31096 E chromium: [ERROR:gles2_cmd_decoder.cc(3852)] [.ChromiumCompositor-0xacbb2fc0]GL ERROR :GL_INVALID_ENUM : glDiscardFramebufferEXT: attachments was GL_COLOR_EXT
06-28 11:58:56.999 31049 31096 E chromium: [ERROR:gles2_cmd_decoder.cc(3852)] [.ChromiumCompositor-0xacbb2fc0]GL ERROR :GL_INVALID_ENUM : glDiscardFramebufferEXT: attachments was GL_COLOR_EXT
06-28 11:58:57.015 31049 31096 E chromium: [ERROR:gles2_cmd_decoder.cc(3852)] [.ChromiumCompositor-0xacbb2fc0]GL ERROR :GL_INVALID_ENUM : glDiscardFramebufferEXT: attachments was GL_COLOR_EXT
06-28 11:58:57.032 31049 31096 E chromium: [ERROR:gles2_cmd_decoder.cc(3852)] [.ChromiumCompositor-0xacbb2fc0]GL ERROR :GL_INVALID_ENUM : glDiscardFramebufferEXT: attachments was GL_COLOR_EXT
06-28 11:58:57.051 31049 31096 E chromium: [ERROR:gles2_cmd_decoder.cc(3852)] [.ChromiumCompositor-0xacbb2fc0]GL ERROR :GL_INVALID_ENUM : glDiscardFramebufferEXT: attachments was GL_COLOR_EXT
06-28 11:58:57.068 31049 31096 E chromium: [ERROR:gles2_cmd_decoder.cc(3852)] [.ChromiumCompositor-0xacbb2fc0]GL ERROR :GL_INVALID_ENUM : glDiscardFramebufferEXT: attachments was GL_COLOR_EXT
06-28 11:58:57.082 31049 31096 E chromium: [ERROR:gles2_cmd_decoder.cc(3852)] [.ChromiumCompositor-0xacbb2fc0]GL ERROR :GL_INVALID_ENUM : glDiscardFramebufferEXT: attachments was GL_COLOR_EXT
06-28 11:58:57.106 31049 31096 E chromium: [ERROR:gles2_cmd_decoder.cc(3852)] [.ChromiumCompositor-0xacbb2fc0]GL ERROR :GL_INVALID_ENUM : glDiscardFramebufferEXT: attachments was GL_COLOR_EXT
06-28 11:58:57.119 31049 31096 E chromium: [ERROR:gles2_cmd_decoder.cc(3852)] [.ChromiumCompositor-0xacbb2fc0]GL ERROR :GL_INVALID_ENUM : glDiscardFramebufferEXT: attachments was GL_COLOR_EXT
06-28 11:58:57.134 31049 31096 E chromium: [ERROR:gles2_cmd_decoder.cc(3852)] [.ChromiumCompositor-0xacbb2fc0]GL ERROR :GL_INVALID_ENUM : glDiscardFramebufferEXT: attachments was GL_COLOR_EXT
06-28 11:58:57.152 31049 31096 E chromium: [ERROR:gles2_cmd_decoder.cc(3852)] [.ChromiumCompositor-0xacbb2fc0]GL ERROR :GL_INVALID_ENUM : glDiscardFramebufferEXT: attachments was GL_COLOR_EXT
06-28 11:58:57.175 31049 31096 E chromium: [ERROR:gles2_cmd_decoder.cc(3852)] [.ChromiumCompositor-0xacbb2fc0]GL ERROR :GL_INVALID_ENUM : glDiscardFramebufferEXT: attachments was GL_COLOR_EXT
06-28 11:58:57.195 31049 31096 E chromium: [ERROR:gles2_cmd_decoder.cc(3852)] [.ChromiumCompositor-0xacbb2fc0]GL ERROR :GL_INVALID_ENUM : glDiscardFramebufferEXT: attachments was GL_COLOR_EXT
06-28 11:58:57.210 31049 31096 E chromium: [ERROR:gles2_cmd_decoder.cc(3852)] [.ChromiumCompositor-0xacbb2fc0]GL ERROR :GL_INVALID_ENUM : glDiscardFramebufferEXT: attachments was GL_COLOR_EXT
06-28 11:58:57.221 31049 31096 E chromium: [ERROR:gles2_cmd_decoder.cc(3852)] [.ChromiumCompositor-0xacbb2fc0]GL ERROR :GL_INVALID_ENUM : glDiscardFramebufferEXT: attachments was GL_COLOR_EXT
06-28 11:58:57.237 31049 31096 E chromium: [ERROR:gles2_cmd_decoder.cc(3852)] [.ChromiumCompositor-0xacbb2fc0]GL ERROR :GL_INVALID_ENUM : glDiscardFramebufferEXT: attachments was GL_COLOR_EXT
06-28 11:58:57.250 31049 31096 E chromium: [ERROR:gles2_cmd_decoder.cc(3852)] [.ChromiumCompositor-0xacbb2fc0]GL ERROR :GL_INVALID_ENUM : glDiscardFramebufferEXT: attachments was GL_COLOR_EXT
06-28 11:58:57.266 31049 31096 E chromium: [ERROR:gles2_cmd_decoder.cc(3852)] [.ChromiumCompositor-0xacbb2fc0]GL ERROR :GL_INVALID_ENUM : glDiscardFramebufferEXT: attachments was GL_COLOR_EXT
06-28 11:58:57.287 31049 31096 E chromium: [ERROR:gles2_cmd_decoder.cc(3852)] [.ChromiumCompositor-0xacbb2fc0]GL ERROR :GL_INVALID_ENUM : glDiscardFramebufferEXT: attachments was GL_COLOR_EXT
06-28 11:58:57.302 31049 31096 E chromium: [ERROR:gles2_cmd_decoder.cc(3852)] [.ChromiumCompositor-0xacbb2fc0]GL ERROR :GL_INVALID_ENUM : glDiscardFramebufferEXT: attachments was GL_COLOR_EXT
06-28 11:58:57.322 31049 31096 E chromium: [ERROR:gles2_cmd_decoder.cc(3852)] [.ChromiumCompositor-0xacbb2fc0]GL ERROR :GL_INVALID_ENUM : glDiscardFramebufferEXT: attachments was GL_COLOR_EXT
06-28 11:58:57.356 31049 31096 E chromium: [ERROR:gles2_cmd_decoder.cc(3852)] [.ChromiumCompositor-0xacbb2fc0]GL ERROR :GL_INVALID_ENUM : glDiscardFramebufferEXT: attachments was GL_COLOR_EXT
06-28 11:58:57.368 31049 31096 E chromium: [ERROR:gles2_cmd_decoder.cc(3852)] [.ChromiumCompositor-0xacbb2fc0]GL ERROR :GL_INVALID_ENUM : glDiscardFramebufferEXT: attachments was GL_COLOR_EXT
06-28 11:58:57.383 31049 31096 E chromium: [ERROR:gles2_cmd_decoder.cc(3852)] [.ChromiumCompositor-0xacbb2fc0]GL ERROR :GL_INVALID_ENUM : glDiscardFramebufferEXT: attachments was GL_COLOR_EXT
06-28 11:58:57.401 31049 31096 E chromium: [ERROR:gles2_cmd_decoder.cc(3852)] [.ChromiumCompositor-0xacbb2fc0]GL ERROR :GL_INVALID_ENUM : glDiscardFramebufferEXT: attachments was GL_COLOR_EXT
06-28 11:58:57.416 31049 31096 E chromium: [ERROR:gles2_cmd_decoder.cc(3852)] [.ChromiumCompositor-0xacbb2fc0]GL ERROR :GL_INVALID_ENUM : glDiscardFramebufferEXT: attachments was GL_COLOR_EXT
06-28 11:58:57.436 31115 31128 E WPROF   : {"Javascript": {"url": "https://securepubads.g.doubleclick.net/static/glade/extra_25.js", "requestTime": 12214.491966}}
06-28 11:58:57.444 31049 31096 E chromium: [ERROR:gles2_cmd_decoder.cc(3852)] [.ChromiumCompositor-0xacbb2fc0]GL ERROR :GL_INVALID_ENUM : glDiscardFramebufferEXT: attachments was GL_COLOR_EXT
06-28 11:58:57.453 31049 31096 E chromium: [ERROR:gles2_cmd_decoder.cc(3852)] [.ChromiumCompositor-0xacbb2fc0]GL ERROR :GL_INVALID_ENUM : glDiscardFramebufferEXT: attachments was GL_COLOR_EXT
06-28 11:58:57.476 31049 31096 E chromium: [ERROR:gles2_cmd_decoder.cc(3852)] [.ChromiumCompositor-0xacbb2fc0]GL ERROR :GL_INVALID_ENUM : glDiscardFramebufferEXT: attachments was GL_COLOR_EXT
06-28 11:58:57.487 31049 31096 E chromium: [ERROR:gles2_cmd_decoder.cc(3852)] [.ChromiumCompositor-0xacbb2fc0]GL ERROR :GL_INVALID_ENUM : glDiscardFramebufferEXT: attachments was GL_COLOR_EXT
06-28 11:58:57.501 31049 31096 E chromium: [ERROR:gles2_cmd_decoder.cc(3852)] [.ChromiumCompositor-0xacbb2fc0]GL ERROR :GL_INVALID_ENUM : glDiscardFramebufferEXT: attachments was GL_COLOR_EXT
06-28 11:58:57.518 31049 31096 E chromium: [ERROR:gles2_cmd_decoder.cc(3852)] [.ChromiumCompositor-0xacbb2fc0]GL ERROR :GL_INVALID_ENUM : glDiscardFramebufferEXT: attachments was GL_COLOR_EXT
06-28 11:58:57.535 31049 31096 E chromium: [ERROR:gles2_cmd_decoder.cc(3852)] [.ChromiumCompositor-0xacbb2fc0]GL ERROR :GL_INVALID_ENUM : glDiscardFramebufferEXT: attachments was GL_COLOR_EXT
06-28 11:58:57.553 31049 31096 E chromium: [ERROR:gles2_cmd_decoder.cc(3852)] [.ChromiumCompositor-0xacbb2fc0]GL ERROR :GL_INVALID_ENUM : glDiscardFramebufferEXT: attachments was GL_COLOR_EXT
06-28 11:58:57.569 31115 31128 E WPROF   : {"Javascript": {"url": "https://pagead2.googlesyndication.com/pagead/osd.js", "requestTime": 12214.624372}}
06-28 11:58:57.570 31049 31096 E chromium: [ERROR:gles2_cmd_decoder.cc(3852)] [.ChromiumCompositor-0xacbb2fc0]GL ERROR :GL_INVALID_ENUM : glDiscardFramebufferEXT: attachments was GL_COLOR_EXT
06-28 11:58:57.584 31049 31096 E chromium: [ERROR:gles2_cmd_decoder.cc(3852)] [.ChromiumCompositor-0xacbb2fc0]GL ERROR :GL_INVALID_ENUM : glDiscardFramebufferEXT: attachments was GL_COLOR_EXT
06-28 11:58:57.602 31049 31096 E chromium: [ERROR:gles2_cmd_decoder.cc(3852)] [.ChromiumCompositor-0xacbb2fc0]GL ERROR :GL_INVALID_ENUM : glDiscardFramebufferEXT: attachments was GL_COLOR_EXT
06-28 11:58:57.620 31049 31096 E chromium: [ERROR:gles2_cmd_decoder.cc(3852)] [.ChromiumCompositor-0xacbb2fc0]GL ERROR :GL_INVALID_ENUM : glDiscardFramebufferEXT: attachments was GL_COLOR_EXT
06-28 11:58:57.639 31049 31096 E chromium: [ERROR:gles2_cmd_decoder.cc(3852)] [.ChromiumCompositor-0xacbb2fc0]GL ERROR :GL_INVALID_ENUM : glDiscardFramebufferEXT: attachments was GL_COLOR_EXT
06-28 11:58:57.665 31049 31096 E chromium: [ERROR:gles2_cmd_decoder.cc(3852)] [.ChromiumCompositor-0xacbb2fc0]GL ERROR :GL_INVALID_ENUM : glDiscardFramebufferEXT: attachments was GL_COLOR_EXT
06-28 11:58:57.678 31049 31096 E chromium: [ERROR:gles2_cmd_decoder.cc(3852)] [.ChromiumCompositor-0xacbb2fc0]GL ERROR :GL_INVALID_ENUM : glDiscardFramebufferEXT: attachments was GL_COLOR_EXT
06-28 11:58:57.693 31049 31096 E chromium: [ERROR:gles2_cmd_decoder.cc(3852)] [.ChromiumCompositor-0xacbb2fc0]GL ERROR :GL_INVALID_ENUM : glDiscardFramebufferEXT: attachments was GL_COLOR_EXT
06-28 11:58:57.708 31049 31096 E chromium: [ERROR:gles2_cmd_decoder.cc(3852)] [.ChromiumCompositor-0xacbb2fc0]GL ERROR :GL_INVALID_ENUM : glDiscardFramebufferEXT: attachments was GL_COLOR_EXT
06-28 11:58:57.718 31049 31096 E chromium: [ERROR:gles2_cmd_decoder.cc(3852)] [.ChromiumCompositor-0xacbb2fc0]GL ERROR :GL_INVALID_ENUM : glDiscardFramebufferEXT: attachments was GL_COLOR_EXT
06-28 11:58:57.742 31049 31096 E chromium: [ERROR:gles2_cmd_decoder.cc(3852)] [.ChromiumCompositor-0xacbb2fc0]GL ERROR :GL_INVALID_ENUM : glDiscardFramebufferEXT: attachments was GL_COLOR_EXT
06-28 11:58:57.752 31049 31096 E chromium: [ERROR:gles2_cmd_decoder.cc(3852)] [.ChromiumCompositor-0xacbb2fc0]GL ERROR :GL_INVALID_ENUM : glDiscardFramebufferEXT: attachments was GL_COLOR_EXT
06-28 11:58:57.757 31115 31128 E WPROF   : {"Javascript": {"url": "https://tpc.googlesyndication.com/pagead/js/r20170619/r20110914/client/ext/m_window_focus_non_hydra.js", "requestTime": 12214.812662}}
06-28 11:58:57.759 31115 31128 E WPROF   : {"Javascript": {"url": "https://tpc.googlesyndication.com/pagead/js/r20170619/r20110914/activeview/osd_listener.js", "requestTime": 12214.814718}}
06-28 11:58:57.769 31049 31096 E chromium: [ERROR:gles2_cmd_decoder.cc(3852)] [.ChromiumCompositor-0xacbb2fc0]GL ERROR :GL_INVALID_ENUM : glDiscardFramebufferEXT: attachments was GL_COLOR_EXT
06-28 11:58:57.787 31049 31096 E chromium: [ERROR:gles2_cmd_decoder.cc(3852)] [.ChromiumCompositor-0xacbb2fc0]GL ERROR :GL_INVALID_ENUM : glDiscardFramebufferEXT: attachments was GL_COLOR_EXT
06-28 11:58:57.802 31049 31096 E chromium: [ERROR:gles2_cmd_decoder.cc(3852)] [.ChromiumCompositor-0xacbb2fc0]GL ERROR :GL_INVALID_ENUM : glDiscardFramebufferEXT: attachments was GL_COLOR_EXT
06-28 11:58:57.818 31049 31096 E chromium: [ERROR:gles2_cmd_decoder.cc(3852)] [.ChromiumCompositor-0xacbb2fc0]GL ERROR :GL_INVALID_ENUM : glDiscardFramebufferEXT: attachments was GL_COLOR_EXT
06-28 11:58:57.850 31049 31096 E chromium: [ERROR:gles2_cmd_decoder.cc(3852)] [.ChromiumCompositor-0xacbb2fc0]GL ERROR :GL_INVALID_ENUM : glDiscardFramebufferEXT: attachments was GL_COLOR_EXT
06-28 11:58:57.856 31049 31096 E chromium: [ERROR:gles2_cmd_decoder.cc(3852)] [.ChromiumCompositor-0xacbb2fc0]GL ERROR :GL_INVALID_ENUM : glDiscardFramebufferEXT: attachments was GL_COLOR_EXT
06-28 11:58:57.873 31049 31096 E chromium: [ERROR:gles2_cmd_decoder.cc(3852)] [.ChromiumCompositor-0xacbb2fc0]GL ERROR :GL_INVALID_ENUM : glDiscardFramebufferEXT: attachments was GL_COLOR_EXT
06-28 11:58:57.891 31049 31096 E chromium: [ERROR:gles2_cmd_decoder.cc(3852)] [.ChromiumCompositor-0xacbb2fc0]GL ERROR :GL_INVALID_ENUM : glDiscardFramebufferEXT: attachments was GL_COLOR_EXT
06-28 11:58:57.922 31049 31096 E chromium: [ERROR:gles2_cmd_decoder.cc(3852)] [.ChromiumCompositor-0xacbb2fc0]GL ERROR :GL_INVALID_ENUM : glDiscardFramebufferEXT: attachments was GL_COLOR_EXT
06-28 11:58:57.935 31049 31096 E chromium: [ERROR:gles2_cmd_decoder.cc(3852)] [.ChromiumCompositor-0xacbb2fc0]GL ERROR :GL_INVALID_ENUM : glDiscardFramebufferEXT: attachments was GL_COLOR_EXT
06-28 11:58:57.942 31049 31096 E chromium: [ERROR:gles2_cmd_decoder.cc(3852)] [.ChromiumCompositor-0xacbb2fc0]GL ERROR :GL_INVALID_ENUM : glDiscardFramebufferEXT: attachments was GL_COLOR_EXT
06-28 11:58:57.958 31049 31096 E chromium: [ERROR:gles2_cmd_decoder.cc(3852)] [.ChromiumCompositor-0xacbb2fc0]GL ERROR :GL_INVALID_ENUM : glDiscardFramebufferEXT: attachments was GL_COLOR_EXT
06-28 11:58:57.976 31049 31096 E chromium: [ERROR:gles2_cmd_decoder.cc(3852)] [.ChromiumCompositor-0xacbb2fc0]GL ERROR :GL_INVALID_ENUM : glDiscardFramebufferEXT: attachments was GL_COLOR_EXT
06-28 11:58:57.989 31049 31096 E chromium: [ERROR:gles2_cmd_decoder.cc(3852)] [.ChromiumCompositor-0xacbb2fc0]GL ERROR :GL_INVALID_ENUM : glDiscardFramebufferEXT: attachments was GL_COLOR_EXT
06-28 11:58:58.005 31049 31096 E chromium: [ERROR:gles2_cmd_decoder.cc(3852)] [.ChromiumCompositor-0xacbb2fc0]GL ERROR :GL_INVALID_ENUM : glDiscardFramebufferEXT: attachments was GL_COLOR_EXT
06-28 11:58:58.022 31049 31096 E chromium: [ERROR:gles2_cmd_decoder.cc(3852)] [.ChromiumCompositor-0xacbb2fc0]GL ERROR :GL_INVALID_ENUM : glDiscardFramebufferEXT: attachments was GL_COLOR_EXT
06-28 11:58:58.044 31049 31096 E chromium: [ERROR:gles2_cmd_decoder.cc(3852)] [.ChromiumCompositor-0xacbb2fc0]GL ERROR :GL_INVALID_ENUM : glDiscardFramebufferEXT: attachments was GL_COLOR_EXT
06-28 11:58:58.055 31049 31096 E chromium: [ERROR:logger.cc(46)] Too many GL errors, not reporting any more for this context. use --disable-gl-error-limit to see all errors.
06-28 11:58:58.280 31115 31128 E WProf.db: {"page": "d-30851112752753199572.ampproject.net_1498506512561_frame.html"}
06-28 11:58:58.280 31115 31128 E WProf.db: {"DOMLoad": 12215.335702}
06-28 11:58:58.280 31115 31128 E WProf.db: {"Resource": {"id": 33, "url": "https://d-30851112752753199572.ampproject.net/1498506512561/frame.html", "sentTime": -1.000000, "len": 375, "from": "0x0", "mimeType": "text/html", "contentLength": -1, "httpStatus": 200, "connId": 347, "connReused": 0, "cached": 0,"requestTime": 12212.956045, "proxyStart": -1, "proxyEnd": -1, "dnsStart": 0, "dnsEnd": 0, "connectStart": 0, "connectEnd": 269, "sendStart": 269, "sendEnd": 272, "receiveHeadersEnd": 367, "sslStart": 58, "sslEnd": 269}}
06-28 11:58:58.281 31115 31128 E WProf.db: {"ReceivedChunk": {"receivedTime": 12213.332619, "len": 375}}
06-28 11:58:58.281 31115 31128 E WProf.db: {"WprofHTMLTag": {"code": "0xaedd63e0", "doc": "https://d-30851112752753199572.ampproject.net/1498506512561/frame.html", "row": 1, "column": 6, "tagName": "head", "time": 12213.403677, "url": "", "pos": 1, "chunkLen": 1, "isStartTag": 1}}
06-28 11:58:58.281 31115 31128 E WProf.db: {"WprofHTMLTag": {"code": "0xaedd63b0", "doc": "https://d-30851112752753199572.ampproject.net/1498506512561/frame.html", "row": 2, "column": 22, "tagName": "meta", "time": 12213.404002, "url": "", "pos": 1, "chunkLen": 1, "isStartTag": 1}}
06-28 11:58:58.281 31115 31128 E WProf.db: {"WprofHTMLTag": {"code": "0x9d00cd50", "doc": "https://d-30851112752753199572.ampproject.net/1498506512561/frame.html", "row": 3, "column": 38, "tagName": "meta", "time": 12213.404584, "url": "", "pos": 1, "chunkLen": 1, "isStartTag": 1}}
06-28 11:58:58.281 31115 31128 E WProf.db: {"WprofHTMLTag": {"code": "0x9d00ccf0", "doc": "https://d-30851112752753199572.ampproject.net/1498506512561/frame.html", "row": 4, "column": 59, "tagName": "script", "time": 12213.404790, "url": "https://3p.ampproject.net/1498506512561/f.js", "pos": 1, "chunkLen": 1, "isStartTag": 1}}
06-28 11:58:58.282 31115 31128 E WProf.db: {"WprofHTMLTag": {"code": "0x9d00ccc0", "doc": "https://d-30851112752753199572.ampproject.net/1498506512561/frame.html", "row": 4, "column": 68, "tagName": "script", "time": 12213.405322, "url": "", "pos": 1, "chunkLen": 1, "isStartTag": 0}}
06-28 11:58:58.282 31115 31128 E WProf.db: {"WprofHTMLTag": {"code": "0xaedd5f30", "doc": "https://d-30851112752753199572.ampproject.net/1498506512561/frame.html", "row": 5, "column": 7, "tagName": "head", "time": 12213.924026, "url": "", "pos": 1, "chunkLen": 1, "isStartTag": 0}}
06-28 11:58:58.282 31115 31128 E WProf.db: {"WprofHTMLTag": {"code": "0xaedd5de0", "doc": "https://d-30851112752753199572.ampproject.net/1498506512561/frame.html", "row": 6, "column": 23, "tagName": "body", "time": 12213.924075, "url": "", "pos": 1, "chunkLen": 1, "isStartTag": 1}}
06-28 11:58:58.282 31115 31128 E WProf.db: {"WprofHTMLTag": {"code": "0xaedd65f0", "doc": "https://d-30851112752753199572.ampproject.net/1498506512561/frame.html", "row": 7, "column": 69, "tagName": "div", "time": 12213.926137, "url": "", "pos": 1, "chunkLen": 1, "isStartTag": 1}}
06-28 11:58:58.282 31115 31128 E WProf.db: {"WprofHTMLTag": {"code": "0xaedd6530", "doc": "https://d-30851112752753199572.ampproject.net/1498506512561/frame.html", "row": 8, "column": 10, "tagName": "script", "time": 12213.926632, "url": "", "pos": 1, "chunkLen": 1, "isStartTag": 1}}
06-28 11:58:58.283 31115 31128 E WProf.db: {"WprofHTMLTag": {"code": "0xaedd64d0", "doc": "https://d-30851112752753199572.ampproject.net/1498506512561/frame.html", "row": 8, "column": 27, "tagName": "script", "time": 12213.926891, "url": "https://securepubads.g.doubleclick.net/static/glade.js", "pos": 1, "chunkLen": 1, "isStartTag": 0}}
06-28 11:58:58.283 31115 31128 E WProf.db: {"WprofHTMLTag": {"code": "0x9d00cf60", "doc": "https://d-30851112752753199572.ampproject.net/1498506512561/frame.html", "row": 9, "column": 6, "tagName": "div", "time": 12213.959558, "url": "", "pos": 1, "chunkLen": 1, "isStartTag": 0}}
06-28 11:58:58.283 31115 31128 E WProf.db: {"WprofHTMLTag": {"code": "0x9d00cfc0", "doc": "https://d-30851112752753199572.ampproject.net/1498506512561/frame.html", "row": 10, "column": 8, "tagName": "script", "time": 12213.959645, "url": "", "pos": 1, "chunkLen": 1, "isStartTag": 1}}
06-28 11:58:58.283 31115 31128 E WProf.db: {"WprofHTMLTag": {"code": "0xaedd6500", "doc": "https://d-30851112752753199572.ampproject.net/1498506512561/frame.html", "row": 10, "column": 67, "tagName": "script", "time": 12213.960673, "url": "", "pos": 1, "chunkLen": 1, "isStartTag": 0}}
06-28 11:58:58.283 31115 31128 E WProf.db: {"WprofHTMLTag": {"code": "0x9d00d0b0", "doc": "https://d-30851112752753199572.ampproject.net/1498506512561/frame.html", "row": 11, "column": 7, "tagName": "body", "time": 12213.965476, "url": "", "pos": 1, "chunkLen": 1, "isStartTag": 0}}
06-28 11:58:58.284 31115 31128 E WProf.db: {"WprofHTMLTag": {"code": "0x9d00d6b0", "doc": "https://d-30851112752753199572.ampproject.net/1498506512561/frame.html", "row": 12, "column": 7, "tagName": "html", "time": 12213.965509, "url": "https://pagead2.googlesyndication.com/pagead/osd.js", "pos": 1, "chunkLen": 1, "isStartTag": 0}}
06-28 11:58:58.284 31115 31128 E WProf.db: {"Resource": {"id": 34, "url": "https://3p.ampproject.net/1498506512561/f.js", "sentTime": -1.000000, "len": 91779, "from": "0x9d00ccf0", "mimeType": "text/javascript", "contentLength": -1, "httpStatus": 200, "connId": 393, "connReused": 0, "cached": 0,"requestTime": 12213.406677, "proxyStart": -1, "proxyEnd": -1, "dnsStart": 12, "dnsEnd": 13, "connectStart": 0, "connectEnd": 293, "sendStart": 293, "sendEnd": 294, "receiveHeadersEnd": 359, "sslStart": 76, "sslEnd": 293}}
06-28 11:58:58.285 31115 31128 E WProf.db: {"ReceivedChunk": {"receivedTime": 12213.771397, "len": 5555}}
06-28 11:58:58.285 31115 31128 E WProf.db: {"ReceivedChunk": {"receivedTime": 12213.771862, "len": 6838}}
06-28 11:58:58.285 31115 31128 E WProf.db: {"ReceivedChunk": {"receivedTime": 12213.773197, "len": 16437}}
06-28 11:58:58.285 31115 31128 E WProf.db: {"ReceivedChunk": {"receivedTime": 12213.776197, "len": 9471}}
06-28 11:58:58.286 31115 31128 E WProf.db: {"ReceivedChunk": {"receivedTime": 12213.780714, "len": 13217}}
06-28 11:58:58.286 31115 31128 E WProf.db: {"ReceivedChunk": {"receivedTime": 12213.786217, "len": 9188}}
06-28 11:58:58.286 31115 31128 E WProf.db: {"ReceivedChunk": {"receivedTime": 12213.791234, "len": 4122}}
06-28 11:58:58.286 31115 31128 E WProf.db: {"ReceivedChunk": {"receivedTime": 12213.825483, "len": 8648}}
06-28 11:58:58.286 31115 31128 E WProf.db: {"ReceivedChunk": {"receivedTime": 12213.825825, "len": 9064}}
06-28 11:58:58.286 31115 31128 E WProf.db: {"ReceivedChunk": {"receivedTime": 12213.829023, "len": 8496}}
06-28 11:58:58.286 31115 31128 E WProf.db: {"ReceivedChunk": {"receivedTime": 12213.831867, "len": 743}}
06-28 11:58:58.286 31115 31128 E WProf.db: {"Resource": {"id": 35, "url": "https://securepubads.g.doubleclick.net/static/glade.js", "sentTime": -1.000000, "len": 19455, "from": "0xaedd64d0", "mimeType": "text/javascript", "contentLength": -1, "httpStatus": 200, "connId": 407, "connReused": 0, "cached": 0,"requestTime": 12213.953341, "proxyStart": -1, "proxyEnd": -1, "dnsStart": 6, "dnsEnd": 7, "connectStart": 0, "connectEnd": 318, "sendStart": 318, "sendEnd": 319, "receiveHeadersEnd": 419, "sslStart": 100, "sslEnd": 318}}
06-28 11:58:58.287 31115 31128 E WProf.db: {"ReceivedChunk": {"receivedTime": 12214.377680, "len": 8699}}
06-28 11:58:58.287 31115 31128 E WProf.db: {"ReceivedChunk": {"receivedTime": 12214.379427, "len": 10756}}
06-28 11:58:58.287 31115 31128 E WProf.db: {"Resource": {"id": 37, "url": "https://securepubads.g.doubleclick.net/static/glade/extra_25.js", "sentTime": -1.000000, "len": 10944, "from": "0x9d00d6b0", "mimeType": "text/javascript", "contentLength": -1, "httpStatus": 200, "connId": 407, "connReused": 1, "cached": 0,"requestTime": 12214.494452, "proxyStart": -1, "proxyEnd": -1, "dnsStart": -1, "dnsEnd": -1, "connectStart": 0, "connectEnd": 16, "sendStart": 16, "sendEnd": 16, "receiveHeadersEnd": 82, "sslStart": -1, "sslEnd": -1}}
06-28 11:58:58.287 31115 31128 E WProf.db: {"ReceivedChunk": {"receivedTime": 12214.582791, "len": 9623}}
06-28 11:58:58.287 31115 31128 E WProf.db: {"ReceivedChunk": {"receivedTime": 12214.584626, "len": 227}}
06-28 11:58:58.287 31115 31128 E WProf.db: {"ReceivedChunk": {"receivedTime": 12214.585268, "len": 1094}}
06-28 11:58:58.287 31115 31128 E WProf.db: {"Resource": {"id": 36, "url": "https://securepubads.g.doubleclick.net/gampad/ads?gdfp_req=1&glade_req=1&glv=25&output=html&iu=%2F1038259%2FSEL-amp-cube&sz=300x250&sfv=1-0-8&correlator=589766683787264&eid=108809080&adk=2352184609&biw=412&bih=620&adx=56&ady=239&oid=3&u_sd=3.5&ifi=1&is_amp=1&amp_v=1498506512561&nhd=1&url=http%3A%2F%", "sentTime": -1.000000, "len": 20185, "from": "0x9d00d6b0", "mimeType": "text/html", "contentLength": -1, "httpStatus": 200, "connId": 407, "connReused": 1, "cached": 0,"requestTime": 12214.497386, "proxyStart": -1, "proxyEnd": -1, "dnsStart": -1, "dnsEnd": -1, "connectStart": 0, "connectEnd": 84, "sendStart": 84, "sendEnd": 84, "receiveHeadersEnd": 216, "sslStart": -1, "sslEnd": -1}}
06-28 11:58:58.287 31115 31128 E WProf.db: {"ReceivedChunk": {"receivedTime": 12214.722863, "len": 3728}}
06-28 11:58:58.287 31115 31128 E WProf.db: {"ReceivedChunk": {"receivedTime": 12214.776928, "len": 11243}}
06-28 11:58:58.287 31115 31128 E WProf.db: {"ReceivedChunk": {"receivedTime": 12214.777521, "len": 5214}}
06-28 11:58:58.288 31115 31128 E WProf.db: {"WprofHTMLTag": {"code": "0xaedd6860", "doc": "https://securepubads.g.doubleclick.net/gampad/ads?gdfp_req=1&glade_req=1&glv=25&output=html&iu=%2F1038259%2FSEL-amp-cube&sz=300x250&sfv=1-0-8&correlator=589766683787264&eid=108809080&adk=2352184609&biw=412&bih=620&adx=56&ady=239&oid=3&u_sd=3.5&ifi=1&is_amp=1&amp_v=1498506512561&nhd=1&url=http%3A%2F%", "row": 0, "column": 21, "tagName": "html", "time": 12214.778569, "url": "", "pos": 1, "chunkLen": 1, "isStartTag": 1}}
06-28 11:58:58.288 31115 31128 E WProf.db: {"WprofHTMLTag": {"code": "0xaedd6770", "doc": "https://securepubads.g.doubleclick.net/gampad/ads?gdfp_req=1&glade_req=1&glv=25&output=html&iu=%2F1038259%2FSEL-amp-cube&sz=300x250&sfv=1-0-8&correlator=589766683787264&eid=108809080&adk=2352184609&biw=412&bih=620&adx=56&ady=239&oid=3&u_sd=3.5&ifi=1&is_amp=1&amp_v=1498506512561&nhd=1&url=http%3A%2F%", "row": 0, "column": 27, "tagName": "head", "time": 12214.778715, "url": "", "pos": 1, "chunkLen": 1, "isStartTag": 1}}
06-28 11:58:58.288 31115 31128 E WProf.db: {"WprofHTMLTag": {"code": "0x9d00dc50", "doc": "https://securepubads.g.doubleclick.net/gampad/ads?gdfp_req=1&glade_req=1&glv=25&output=html&iu=%2F1038259%2FSEL-amp-cube&sz=300x250&sfv=1-0-8&correlator=589766683787264&eid=108809080&adk=2352184609&biw=412&bih=620&adx=56&ady=239&oid=3&u_sd=3.5&ifi=1&is_amp=1&amp_v=1498506512561&nhd=1&url=http%3A%2F%", "row": 0, "column": 144, "tagName": "meta", "time": 12214.778760, "url": "", "pos": 1, "chunkLen": 1, "isStartTag": 1}}
06-28 11:58:58.288 31115 31128 E WProf.db: {"WprofHTMLTag": {"code": "0x9d00db30", "doc": "https://securepubads.g.doubleclick.net/gampad/ads?gdfp_req=1&glade_req=1&glv=25&output=html&iu=%2F1038259%2FSEL-amp-cube&sz=300x250&sfv=1-0-8&correlator=589766683787264&eid=108809080&adk=2352184609&biw=412&bih=620&adx=56&ady=239&oid=3&u_sd=3.5&ifi=1&is_amp=1&amp_v=1498506512561&nhd=1&url=http%3A%2F%", "row": 0, "column": 152, "tagName": "script", "time": 12214.779031, "url": "", "pos": 1, "chunkLen": 1, "isStartTag": 1}}
06-28 11:58:58.288 31115 31128 E WProf.db: {"WprofHTMLTag": {"code": "0xaedd6740", "doc": "https://securepubads.g.doubleclick.net/gampad/ads?gdfp_req=1&glade_req=1&glv=25&output=html&iu=%2F1038259%2FSEL-amp-cube&sz=300x250&sfv=1-0-8&correlator=589766683787264&eid=108809080&adk=2352184609&biw=412&bih=620&adx=56&ady=239&oid=3&u_sd=3.5&ifi=1&is_amp=1&amp_v=1498506512561&nhd=1&url=http%3A%2F%", "row": 0, "column": 195, "tagName": "script", "time": 12214.779273, "url": "", "pos": 1, "chunkLen": 1, "isStartTag": 0}}
06-28 11:58:58.288 31115 31128 E WProf.db: {"WprofHTMLTag": {"code": "0xaedd6260", "doc": "https://securepubads.g.doubleclick.net/gampad/ads?gdfp_req=1&glade_req=1&glv=25&output=html&iu=%2F1038259%2FSEL-amp-cube&sz=300x250&sfv=1-0-8&correlator=589766683787264&eid=108809080&adk=2352184609&biw=412&bih=620&adx=56&ady=239&oid=3&u_sd=3.5&ifi=1&is_amp=1&amp_v=1498506512561&nhd=1&url=http%3A%2F%", "row": 0, "column": 202, "tagName": "style", "time": 12214.780563, "url": "", "pos": 1, "chunkLen": 1, "isStartTag": 1}}
06-28 11:58:58.288 31115 31128 E WProf.db: {"WprofHTMLTag": {"code": "0xaedd6590", "doc": "https://securepubads.g.doubleclick.net/gampad/ads?gdfp_req=1&glade_req=1&glv=25&output=html&iu=%2F1038259%2FSEL-amp-cube&sz=300x250&sfv=1-0-8&correlator=589766683787264&eid=108809080&adk=2352184609&biw=412&bih=620&adx=56&ady=239&oid=3&u_sd=3.5&ifi=1&is_amp=1&amp_v=1498506512561&nhd=1&url=http%3A%2F%", "row": 0, "column": 230, "tagName": "style", "time": 12214.780675, "url": "", "pos": 1, "chunkLen": 1, "isStartTag": 0}}
06-28 11:58:58.288 31115 31128 E WProf.db: {"WprofHTMLTag": {"code": "0x9d00ea30", "doc": "https://securepubads.g.doubleclick.net/gampad/ads?gdfp_req=1&glade_req=1&glv=25&output=html&iu=%2F1038259%2FSEL-amp-cube&sz=300x250&sfv=1-0-8&correlator=589766683787264&eid=108809080&adk=2352184609&biw=412&bih=620&adx=56&ady=239&oid=3&u_sd=3.5&ifi=1&is_amp=1&amp_v=1498506512561&nhd=1&url=http%3A%2F%", "row": 0, "column": 238, "tagName": "script", "time": 12214.781922, "url": "", "pos": 1, "chunkLen": 1, "isStartTag": 1}}
06-28 11:58:58.288 31115 31128 E WProf.db: {"WprofHTMLTag": {"code": "0x9d00eac0", "doc": "https://securepubads.g.doubleclick.net/gampad/ads?gdfp_req=1&glade_req=1&glv=25&output=html&iu=%2F1038259%2FSEL-amp-cube&sz=300x250&sfv=1-0-8&correlator=589766683787264&eid=108809080&adk=2352184609&biw=412&bih=620&adx=56&ady=239&oid=3&u_sd=3.5&ifi=1&is_amp=1&amp_v=1498506512561&nhd=1&url=http%3A%2F%", "row": 0, "column": 8856, "tagName": "script", "time": 12214.782309, "url": "", "pos": 1, "chunkLen": 1, "isStartTag": 0}}
06-28 11:58:58.289 31115 31128 E WProf.db: {"WprofHTMLTag": {"code": "0x9d00cf30", "doc": "https://securepubads.g.doubleclick.net/gampad/ads?gdfp_req=1&glade_req=1&glv=25&output=html&iu=%2F1038259%2FSEL-amp-cube&sz=300x250&sfv=1-0-8&correlator=589766683787264&eid=108809080&adk=2352184609&biw=412&bih=620&adx=56&ady=239&oid=3&u_sd=3.5&ifi=1&is_amp=1&amp_v=1498506512561&nhd=1&url=http%3A%2F%", "row": 0, "column": 8863, "tagName": "head", "time": 12214.798631, "url": "", "pos": 1, "chunkLen": 1, "isStartTag": 0}}
06-28 11:58:58.289 31115 31128 E WProf.db: {"WprofHTMLTag": {"code": "0x9d00eb20", "doc": "https://securepubads.g.doubleclick.net/gampad/ads?gdfp_req=1&glade_req=1&glv=25&output=html&iu=%2F1038259%2FSEL-amp-cube&sz=300x250&sfv=1-0-8&correlator=589766683787264&eid=108809080&adk=2352184609&biw=412&bih=620&adx=56&ady=239&oid=3&u_sd=3.5&ifi=1&is_amp=1&amp_v=1498506512561&nhd=1&url=http%3A%2F%", "row": 0, "column": 8977, "tagName": "body", "time": 12214.798667, "url": "", "pos": 1, "chunkLen": 1, "isStartTag": 1}}
06-28 11:58:58.289 31115 31128 E WProf.db: {"WprofHTMLTag": {"code": "0x9d00eb50", "doc": "https://securepubads.g.doubleclick.net/gampad/ads?gdfp_req=1&glade_req=1&glv=25&output=html&iu=%2F1038259%2FSEL-amp-cube&sz=300x250&sfv=1-0-8&correlator=589766683787264&eid=108809080&adk=2352184609&biw=412&bih=620&adx=56&ady=239&oid=3&u_sd=3.5&ifi=1&is_amp=1&amp_v=1498506512561&nhd=1&url=http%3A%2F%", "row": 0, "column": 9047, "tagName": "div", "time": 12214.799324, "url": "", "pos": 1, "chunkLen": 1, "isStartTag": 1}}
06-28 11:58:58.289 31115 31128 E WProf.db: {"WprofHTMLTag": {"code": "0x9d00eaf0", "doc": "https://securepubads.g.doubleclick.net/gampad/ads?gdfp_req=1&glade_req=1&glv=25&output=html&iu=%2F1038259%2FSEL-amp-cube&sz=300x250&sfv=1-0-8&correlator=589766683787264&eid=108809080&adk=2352184609&biw=412&bih=620&adx=56&ady=239&oid=3&u_sd=3.5&ifi=1&is_amp=1&amp_v=1498506512561&nhd=1&url=http%3A%2F%", "row": 0, "column": 9055, "tagName": "script", "time": 12214.799517, "url": "", "pos": 1, "chunkLen": 1, "isStartTag": 1}}
06-28 11:58:58.289 31115 31128 E WProf.db: {"WprofHTMLTag": {"code": "0x9d00eb80", "doc": "https://securepubads.g.doubleclick.net/gampad/ads?gdfp_req=1&glade_req=1&glv=25&output=html&iu=%2F1038259%2FSEL-amp-cube&sz=300x250&sfv=1-0-8&correlator=589766683787264&eid=108809080&adk=2352184609&biw=412&bih=620&adx=56&ady=239&oid=3&u_sd=3.5&ifi=1&is_amp=1&amp_v=1498506512561&nhd=1&url=http%3A%2F%", "row": 0, "column": 9428, "tagName": "script", "time": 12214.799699, "url": "", "pos": 1, "chunkLen": 1, "isStartTag": 0}}
06-28 11:58:58.289 31115 31128 E WProf.db: {"WprofHTMLTag": {"code": "0x9d00ebb0", "doc": "https://securepubads.g.doubleclick.net/gampad/ads?gdfp_req=1&glade_req=1&glv=25&output=html&iu=%2F1038259%2FSEL-amp-cube&sz=300x250&sfv=1-0-8&correlator=589766683787264&eid=108809080&adk=2352184609&biw=412&bih=620&adx=56&ady=239&oid=3&u_sd=3.5&ifi=1&is_amp=1&amp_v=1498506512561&nhd=1&url=http%3A%2F%", "row": 0, "column": 10008, "tagName": "a", "time": 12214.810687, "url": "", "pos": 1, "chunkLen": 1, "isStartTag": 1}}
06-28 11:58:58.289 31115 31128 E WProf.db: {"WprofHTMLTag": {"code": "0x9d00ec10", "doc": "https://securepubads.g.doubleclick.net/gampad/ads?gdfp_req=1&glade_req=1&glv=25&output=html&iu=%2F1038259%2FSEL-amp-cube&sz=300x250&sfv=1-0-8&correlator=589766683787264&eid=108809080&adk=2352184609&biw=412&bih=620&adx=56&ady=239&oid=3&u_sd=3.5&ifi=1&is_amp=1&amp_v=1498506512561&nhd=1&url=http%3A%2F%", "row": 0, "column": 10142, "tagName": "img", "time": 12214.811182, "url": "", "pos": 1, "chunkLen": 1, "isStartTag": 1}}
06-28 11:58:58.289 31115 31128 E WProf.db: {"WprofHTMLTag": {"code": "0x9d00ebe0", "doc": "https://securepubads.g.doubleclick.net/gampad/ads?gdfp_req=1&glade_req=1&glv=25&output=html&iu=%2F1038259%2FSEL-amp-cube&sz=300x250&sfv=1-0-8&correlator=589766683787264&eid=108809080&adk=2352184609&biw=412&bih=620&adx=56&ady=239&oid=3&u_sd=3.5&ifi=1&is_amp=1&amp_v=1498506512561&nhd=1&url=http%3A%2F%", "row": 0, "column": 10146, "tagName": "a", "time": 12214.812104, "url": "", "pos": 1, "chunkLen": 1, "isStartTag": 0}}
06-28 11:58:58.289 31115 31128 E WProf.db: {"WprofHTMLTag": {"code": "0x9d00ec40", "doc": "https://securepubads.g.doubleclick.net/gampad/ads?gdfp_req=1&glade_req=1&glv=25&output=html&iu=%2F1038259%2FSEL-amp-cube&sz=300x250&sfv=1-0-8&correlator=589766683787264&eid=108809080&adk=2352184609&biw=412&bih=620&adx=56&ady=239&oid=3&u_sd=3.5&ifi=1&is_amp=1&amp_v=1498506512561&nhd=1&url=http%3A%2F%", "row": 0, "column": 10152, "tagName": "div", "time": 12214.812128, "url": "", "pos": 1, "chunkLen": 1, "isStartTag": 0}}
06-28 11:58:58.290 31115 31128 E WProf.db: {"WprofHTMLTag": {"code": "0x9d00ec70", "doc": "https://securepubads.g.doubleclick.net/gampad/ads?gdfp_req=1&glade_req=1&glv=25&output=html&iu=%2F1038259%2FSEL-amp-cube&sz=300x250&sfv=1-0-8&correlator=589766683787264&eid=108809080&adk=2352184609&biw=412&bih=620&adx=56&ady=239&oid=3&u_sd=3.5&ifi=1&is_amp=1&amp_v=1498506512561&nhd=1&url=http%3A%2F%", "row": 0, "column": 10275, "tagName": "script", "time": 12214.812146, "url": "https://tpc.googlesyndication.com/pagead/js/r20170619/r20110914/client/ext/m_window_focus_non_hydra.js", "pos": 1, "chunkLen": 1, "isStartTag": 1}}
06-28 11:58:58.290 31115 31128 E WProf.db: {"WprofHTMLTag": {"code": "0x9d00eca0", "doc": "https://securepubads.g.doubleclick.net/gampad/ads?gdfp_req=1&glade_req=1&glv=25&output=html&iu=%2F1038259%2FSEL-amp-cube&sz=300x250&sfv=1-0-8&correlator=589766683787264&eid=108809080&adk=2352184609&biw=412&bih=620&adx=56&ady=239&oid=3&u_sd=3.5&ifi=1&is_amp=1&amp_v=1498506512561&nhd=1&url=http%3A%2F%", "row": 0, "column": 10284, "tagName": "script", "time": 12214.812426, "url": "", "pos": 1, "chunkLen": 1, "isStartTag": 0}}
06-28 11:58:58.290 31115 31128 E WProf.db: {"WprofHTMLTag": {"code": "0x9d00dd40", "doc": "https://securepubads.g.doubleclick.net/gampad/ads?gdfp_req=1&glade_req=1&glv=25&output=html&iu=%2F1038259%2FSEL-amp-cube&sz=300x250&sfv=1-0-8&correlator=589766683787264&eid=108809080&adk=2352184609&biw=412&bih=620&adx=56&ady=239&oid=3&u_sd=3.5&ifi=1&is_amp=1&amp_v=1498506512561&nhd=1&url=http%3A%2F%", "row": 0, "column": 10292, "tagName": "script", "time": 12214.813155, "url": "", "pos": 1, "chunkLen": 1, "isStartTag": 1}}
06-28 11:58:58.290 31115 31128 E WProf.db: {"WprofHTMLTag": {"code": "0x9d00ecd0", "doc": "https://securepubads.g.doubleclick.net/gampad/ads?gdfp_req=1&glade_req=1&glv=25&output=html&iu=%2F1038259%2FSEL-amp-cube&sz=300x250&sfv=1-0-8&correlator=589766683787264&eid=108809080&adk=2352184609&biw=412&bih=620&adx=56&ady=239&oid=3&u_sd=3.5&ifi=1&is_amp=1&amp_v=1498506512561&nhd=1&url=http%3A%2F%", "row": 0, "column": 10558, "tagName": "script", "time": 12214.813523, "url": "", "pos": 1, "chunkLen": 1, "isStartTag": 0}}
06-28 11:58:58.290 31115 31128 E WProf.db: {"WprofHTMLTag": {"code": "0x9d00ed00", "doc": "https://securepubads.g.doubleclick.net/gampad/ads?gdfp_req=1&glade_req=1&glv=25&output=html&iu=%2F1038259%2FSEL-amp-cube&sz=300x250&sfv=1-0-8&correlator=589766683787264&eid=108809080&adk=2352184609&biw=412&bih=620&adx=56&ady=239&oid=3&u_sd=3.5&ifi=1&is_amp=1&amp_v=1498506512561&nhd=1&url=http%3A%2F%", "row": 0, "column": 10663, "tagName": "script", "time": 12214.814238, "url": "https://tpc.googlesyndication.com/pagead/js/r20170619/r20110914/activeview/osd_listener.js", "pos": 1, "chunkLen": 1, "isStartTag": 1}}
06-28 11:58:58.290 31115 31128 E WProf.db: {"WprofHTMLTag": {"code": "0x9d00ed30", "doc": "https://securepubads.g.doubleclick.net/gampad/ads?gdfp_req=1&glade_req=1&glv=25&output=html&iu=%2F1038259%2FSEL-amp-cube&sz=300x250&sfv=1-0-8&correlator=589766683787264&eid=108809080&adk=2352184609&biw=412&bih=620&adx=56&ady=239&oid=3&u_sd=3.5&ifi=1&is_amp=1&amp_v=1498506512561&nhd=1&url=http%3A%2F%", "row": 0, "column": 10672, "tagName": "script", "time": 12214.814477, "url": "", "pos": 1, "chunkLen": 1, "isStartTag": 0}}
06-28 11:58:58.290 31115 31128 E WProf.db: {"WprofHTMLTag": {"code": "0xaedd6ad0", "doc": "https://securepubads.g.doubleclick.net/gampad/ads?gdfp_req=1&glade_req=1&glv=25&output=html&iu=%2F1038259%2FSEL-amp-cube&sz=300x250&sfv=1-0-8&correlator=589766683787264&eid=108809080&adk=2352184609&biw=412&bih=620&adx=56&ady=239&oid=3&u_sd=3.5&ifi=1&is_amp=1&amp_v=1498506512561&nhd=1&url=http%3A%2F%", "row": 0, "column": 10703, "tagName": "script", "time": 12215.214053, "url": "", "pos": 1, "chunkLen": 1, "isStartTag": 1}}
06-28 11:58:58.290 31115 31128 E WProf.db: {"WprofHTMLTag": {"code": "0xaedd6aa0", "doc": "https://securepubads.g.doubleclick.net/gampad/ads?gdfp_req=1&glade_req=1&glv=25&output=html&iu=%2F1038259%2FSEL-amp-cube&sz=300x250&sfv=1-0-8&correlator=589766683787264&eid=108809080&adk=2352184609&biw=412&bih=620&adx=56&ady=239&oid=3&u_sd=3.5&ifi=1&is_amp=1&amp_v=1498506512561&nhd=1&url=http%3A%2F%", "row": 0, "column": 11056, "tagName": "script", "time": 12215.214800, "url": "", "pos": 1, "chunkLen": 1, "isStartTag": 0}}
06-28 11:58:58.290 31115 31128 E WProf.db: {"WprofHTMLTag": {"code": "0x9d00dd70", "doc": "https://securepubads.g.doubleclick.net/gampad/ads?gdfp_req=1&glade_req=1&glv=25&output=html&iu=%2F1038259%2FSEL-amp-cube&sz=300x250&sfv=1-0-8&correlator=589766683787264&eid=108809080&adk=2352184609&biw=412&bih=620&adx=56&ady=239&oid=3&u_sd=3.5&ifi=1&is_amp=1&amp_v=1498506512561&nhd=1&url=http%3A%2F%", "row": 0, "column": 11064, "tagName": "script", "time": 12215.234719, "url": "", "pos": 1, "chunkLen": 1, "isStartTag": 1}}
06-28 11:58:58.291 31115 31128 E WProf.db: {"WprofHTMLTag": {"code": "0xaedd5840", "doc": "https://securepubads.g.doubleclick.net/gampad/ads?gdfp_req=1&glade_req=1&glv=25&output=html&iu=%2F1038259%2FSEL-amp-cube&sz=300x250&sfv=1-0-8&correlator=589766683787264&eid=108809080&adk=2352184609&biw=412&bih=620&adx=56&ady=239&oid=3&u_sd=3.5&ifi=1&is_amp=1&amp_v=1498506512561&nhd=1&url=http%3A%2F%", "row": 0, "column": 19626, "tagName": "script", "time": 12215.235029, "url": "", "pos": 1, "chunkLen": 1, "isStartTag": 0}}
06-28 11:58:58.291 31115 31128 E WProf.db: {"WprofHTMLTag": {"code": "0x9d00ef10", "doc": "https://securepubads.g.doubleclick.net/gampad/ads?gdfp_req=1&glade_req=1&glv=25&output=html&iu=%2F1038259%2FSEL-amp-cube&sz=300x250&sfv=1-0-8&correlator=589766683787264&eid=108809080&adk=2352184609&biw=412&bih=620&adx=56&ady=239&oid=3&u_sd=3.5&ifi=1&is_amp=1&amp_v=1498506512561&nhd=1&url=http%3A%2F%", "row": 0, "column": 19634, "tagName": "script", "time": 12215.246476, "url": "", "pos": 1, "chunkLen": 1, "isStartTag": 1}}
06-28 11:58:58.291 31115 31128 E WProf.db: {"WprofHTMLTag": {"code": "0x9d00ef40", "doc": "https://securepubads.g.doubleclick.net/gampad/ads?gdfp_req=1&glade_req=1&glv=25&output=html&iu=%2F1038259%2FSEL-amp-cube&sz=300x250&sfv=1-0-8&correlator=589766683787264&eid=108809080&adk=2352184609&biw=412&bih=620&adx=56&ady=239&oid=3&u_sd=3.5&ifi=1&is_amp=1&amp_v=1498506512561&nhd=1&url=http%3A%2F%", "row": 0, "column": 19709, "tagName": "script", "time": 12215.246953, "url": "", "pos": 1, "chunkLen": 1, "isStartTag": 0}}
06-28 11:58:58.291 31115 31128 E WProf.db: {"WprofHTMLTag": {"code": "0x9d00ef70", "doc": "https://securepubads.g.doubleclick.net/gampad/ads?gdfp_req=1&glade_req=1&glv=25&output=html&iu=%2F1038259%2FSEL-amp-cube&sz=300x250&sfv=1-0-8&correlator=589766683787264&eid=108809080&adk=2352184609&biw=412&bih=620&adx=56&ady=239&oid=3&u_sd=3.5&ifi=1&is_amp=1&amp_v=1498506512561&nhd=1&url=http%3A%2F%", "row": 0, "column": 19717, "tagName": "script", "time": 12215.252093, "url": "", "pos": 1, "chunkLen": 1, "isStartTag": 1}}
06-28 11:58:58.291 31115 31128 E WProf.db: {"WprofHTMLTag": {"code": "0x9d00efa0", "doc": "https://securepubads.g.doubleclick.net/gampad/ads?gdfp_req=1&glade_req=1&glv=25&output=html&iu=%2F1038259%2FSEL-amp-cube&sz=300x250&sfv=1-0-8&correlator=589766683787264&eid=108809080&adk=2352184609&biw=412&bih=620&adx=56&ady=239&oid=3&u_sd=3.5&ifi=1&is_amp=1&amp_v=1498506512561&nhd=1&url=http%3A%2F%", "row": 0, "column": 19824, "tagName": "script", "time": 12215.252282, "url": "", "pos": 1, "chunkLen": 1, "isStartTag": 0}}
06-28 11:58:58.291 31115 31128 E WProf.db: {"WprofHTMLTag": {"code": "0x9d00efd0", "doc": "https://securepubads.g.doubleclick.net/gampad/ads?gdfp_req=1&glade_req=1&glv=25&output=html&iu=%2F1038259%2FSEL-amp-cube&sz=300x250&sfv=1-0-8&correlator=589766683787264&eid=108809080&adk=2352184609&biw=412&bih=620&adx=56&ady=239&oid=3&u_sd=3.5&ifi=1&is_amp=1&amp_v=1498506512561&nhd=1&url=http%3A%2F%", "row": 0, "column": 19832, "tagName": "script", "time": 12215.253006, "url": "", "pos": 1, "chunkLen": 1, "isStartTag": 1}}
06-28 11:58:58.291 31115 31128 E WProf.db: {"WprofHTMLTag": {"code": "0xaec2b7b0", "doc": "https://securepubads.g.doubleclick.net/gampad/ads?gdfp_req=1&glade_req=1&glv=25&output=html&iu=%2F1038259%2FSEL-amp-cube&sz=300x250&sfv=1-0-8&correlator=589766683787264&eid=108809080&adk=2352184609&biw=412&bih=620&adx=56&ady=239&oid=3&u_sd=3.5&ifi=1&is_amp=1&amp_v=1498506512561&nhd=1&url=http%3A%2F%", "row": 0, "column": 20171, "tagName": "script", "time": 12215.253149, "url": "", "pos": 1, "chunkLen": 1, "isStartTag": 0}}
06-28 11:58:58.291 31115 31128 E WProf.db: {"WprofHTMLTag": {"code": "0xaec2b7e0", "doc": "https://securepubads.g.doubleclick.net/gampad/ads?gdfp_req=1&glade_req=1&glv=25&output=html&iu=%2F1038259%2FSEL-amp-cube&sz=300x250&sfv=1-0-8&correlator=589766683787264&eid=108809080&adk=2352184609&biw=412&bih=620&adx=56&ady=239&oid=3&u_sd=3.5&ifi=1&is_amp=1&amp_v=1498506512561&nhd=1&url=http%3A%2F%", "row": 0, "column": 20178, "tagName": "body", "time": 12215.254032, "url": "", "pos": 1, "chunkLen": 1, "isStartTag": 0}}
06-28 11:58:58.292 31115 31128 E WProf.db: {"WprofHTMLTag": {"code": "0xaec2bd50", "doc": "https://securepubads.g.doubleclick.net/gampad/ads?gdfp_req=1&glade_req=1&glv=25&output=html&iu=%2F1038259%2FSEL-amp-cube&sz=300x250&sfv=1-0-8&correlator=589766683787264&eid=108809080&adk=2352184609&biw=412&bih=620&adx=56&ady=239&oid=3&u_sd=3.5&ifi=1&is_amp=1&amp_v=1498506512561&nhd=1&url=http%3A%2F%", "row": 0, "column": 20185, "tagName": "html", "time": 12215.254041, "url": "", "pos": 1, "chunkLen": 1, "isStartTag": 0}}
