--------- beginning of main
06-28 12:56:00.941  3449  3449 E Finsky  : [1] com.google.android.finsky.wear.bl.a(3): onConnectionFailed: ConnectionResult{statusCode=API_UNAVAILABLE, resolution=null, message=null}
--------- beginning of system
06-28 12:56:02.102 20068 20068 E chromium: [ERROR:shell_integration_android.cc(12)] Not implemented reached in static ShellIntegration::DefaultWebClientSetPermission ShellIntegration::CanSetAsDefaultBrowser()
06-28 12:56:02.105 20068 20068 E chromium: [ERROR:browser_process_impl.cc(720)] Not implemented reached in virtual BackgroundModeManager* BrowserProcessImpl::background_mode_manager()
06-28 12:56:02.366  3218  5383 E AudioRecord-JNI: Error -4 during AudioRecord native read
06-28 12:56:04.748 20068 20113 E chromium: [ERROR:gles2_cmd_decoder.cc(3852)] [.ChromiumCompositor-0xacbb2fc0]GL ERROR :GL_INVALID_ENUM : glDiscardFramebufferEXT: attachments was GL_COLOR_EXT
06-28 12:56:05.032 20134 20147 E WPROF   : {"CSS": {"url": "http://searchengineland.com/figz/wp-content/themes/searchengineland/css/searchengineland-bootstrap.css", "requestTime": 15642.087465}}
06-28 12:56:05.032 20134 20147 E WPROF   : {"CSS": {"url": "http://fonts.googleapis.com/css?family=Oswald:300,400,700", "requestTime": 15642.087967}}
06-28 12:56:05.033 20134 20147 E WPROF   : {"CSS": {"url": "http://searchengineland.com/figz/wp-content/themes/searchengineland/style.css", "requestTime": 15642.088440}}
06-28 12:56:05.037 20134 20147 E WPROF   : {"Javascript": {"url": "http://searchengineland.com/figz/wp-content/themes/searchengineland/js/lib/modernizr.custom.js?ver=1.0", "requestTime": 15642.093192}}
06-28 12:56:05.038 20134 20147 E WPROF   : {"Javascript": {"url": "http://searchengineland.com/figz/wp-content/themes/searchengineland/js/lib/jquery-1.11.0.min.js?ver=1.11.0", "requestTime": 15642.093700}}
06-28 12:56:05.038 20134 20147 E WPROF   : {"Javascript": {"url": "http://searchengineland.com/figz/wp-content/themes/searchengineland/js/lib/jquery-ui-1.10.3.custom.min.js?ver=1.10.3", "requestTime": 15642.094084}}
06-28 12:56:05.039 20134 20147 E WPROF   : {"Javascript": {"url": "http://searchengineland.com/figz/wp-content/themes/searchengineland/js/lib/jquery.ba-throttle-debounce.min.js?ver=1.1", "requestTime": 15642.094454}}
06-28 12:56:05.039 20134 20147 E WPROF   : {"Javascript": {"url": "http://searchengineland.com/figz/wp-content/themes/searchengineland/js/lib/jquery.countdown.min.js?ver=2.0.4", "requestTime": 15642.094850}}
06-28 12:56:05.040 20134 20147 E WPROF   : {"Javascript": {"url": "http://static.chartbeat.com/js/chartbeat_mab.js", "requestTime": 15642.095267}}
06-28 12:56:05.675 20134 20147 E WPROF   : {"Javascript": {"url": "http://searchengineland.com/figz/wp-includes/js/wp-emoji-release.min.js?ver=4.7.5", "requestTime": 15642.731049}}
06-28 12:56:05.965 20134 20147 E WPROF   : {"Javascript": {"url": "http://www.googletagservices.com/tag/js/gpt.js", "requestTime": 15643.020661}}
06-28 12:56:05.969 20134 20147 E WPROF   : {"Javascript": {"url": "https://www.google-analytics.com/analytics.js", "requestTime": 15643.024413}}
06-28 12:56:05.971 20134 20147 E WPROF   : {"Javascript": {"url": "http://edge.quantserve.com/quant.js", "requestTime": 15643.026389}}
06-28 12:56:05.972 20134 20147 E WPROF   : {"Javascript": {"url": "https://connect.facebook.net/en_US/fbevents.js", "requestTime": 15643.028110}}
06-28 12:56:06.028 20068 20113 E chromium: [ERROR:gles2_cmd_decoder.cc(3852)] [.ChromiumCompositor-0xacbb2fc0]GL ERROR :GL_INVALID_ENUM : glDiscardFramebufferEXT: attachments was GL_COLOR_EXT
06-28 12:56:06.048 20134 20147 E WPROF   : {"Javascript": {"url": "http://app-sj02.marketo.com/js/forms2/js/forms2.min.js", "requestTime": 15643.104027}}
06-28 12:56:06.161 20068 20113 E chromium: [ERROR:gles2_cmd_decoder.cc(3852)] [.ChromiumCompositor-0xacbb2fc0]GL ERROR :GL_INVALID_ENUM : glDiscardFramebufferEXT: attachments was GL_COLOR_EXT
06-28 12:56:06.200 20134 20147 E WPROF   : {"Javascript": {"url": "https://connect.facebook.net/signals/config/423979991297359?v=2.7.17", "requestTime": 15643.255327}}
06-28 12:56:06.352 20134 20147 E WPROF   : {"Javascript": {"url": "http://app-sj02.marketo.com/index.php/form/getForm?munchkinId=727-ZQE-044&form=5691&url=http%3A%2F%2Fsearchengineland.com%2Feat-local-top-10-local-search-columns-2016-264767&callback=jQuery1102021416245982982218_1498622166286&_=1498622166287", "requestTime": 15643.408108}}
06-28 12:56:06.368 20134 20147 E WPROF   : {"Javascript": {"url": "http://app-sj02.marketo.com/index.php/form/getForm?munchkinId=727-ZQE-044&form=5685&url=http%3A%2F%2Fsearchengineland.com%2Feat-local-top-10-local-search-columns-2016-264767&callback=jQuery1102021416245982982218_1498622166288&_=1498622166289", "requestTime": 15643.423434}}
06-28 12:56:06.432 20134 20147 E WPROF   : {"Javascript": {"url": "https://securepubads.g.doubleclick.net/gpt/pubads_impl_121.js", "requestTime": 15643.487991}}
06-28 12:56:06.620 20134 20147 E WPROF   : {"Javascript": {"url": "http://app-sj02.marketo.com/index.php/form/getForm?munchkinId=727-ZQE-044&form=5673&url=http%3A%2F%2Fsearchengineland.com%2Feat-local-top-10-local-search-columns-2016-264767&callback=jQuery1102021416245982982218_1498622166290&_=1498622166291", "requestTime": 15643.675597}}
06-28 12:56:06.627 20134 20147 E WPROF   : {"Javascript": {"url": "http://searchengineland.com/js/ga_social_tracking.js", "requestTime": 15643.682462}}
06-28 12:56:06.627 20134 20147 E WPROF   : {"Javascript": {"url": "http://s7.addthis.com/js/300/addthis_widget.js#pubid=ra-53e918f660794f37", "requestTime": 15643.683077}}
06-28 12:56:06.666 20068 20113 E chromium: [ERROR:gles2_cmd_decoder.cc(3852)] [.ChromiumCompositor-0xacbb2fc0]GL ERROR :GL_INVALID_ENUM : glDiscardFramebufferEXT: attachments was GL_COLOR_EXT
06-28 12:56:07.034 20134 20147 E WPROF   : {"CSS": {"url": "http://app-sj02.marketo.com/js/forms2/css/forms2.css", "requestTime": 15644.089516}}
06-28 12:56:07.037 20134 20147 E WPROF   : {"CSS": {"url": "http://app-sj02.marketo.com/js/forms2/css/forms2-theme-simple.css", "requestTime": 15644.092623}}
06-28 12:56:07.139 20068 20113 E chromium: [ERROR:gles2_cmd_decoder.cc(3852)] [.ChromiumCompositor-0xacbb2fc0]GL ERROR :GL_INVALID_ENUM : glDiscardFramebufferEXT: attachments was GL_COLOR_EXT
06-28 12:56:07.582   862  1657 E LocSvc_IzatApiV02: E/virtual int izat_core::IzatApiV02::getBatchSize(int32_t):522]: Error : st = 4, ind.status = -1628389555
06-28 12:56:07.582   862  1657 E LocSvc_IzatApiV02: E/virtual int izat_core::IzatApiV02::getBatchSize(int32_t):535]: get batching size failed.Or modem does not support batching 
06-28 12:56:07.594   862  1657 E LocSvc_IzatApiV02: E/virtual int izat_core::IzatApiV02::getBatchSize(int32_t):522]: Error : st = 4, ind.status = -1628389555
06-28 12:56:07.594   862  1657 E LocSvc_IzatApiV02: E/virtual int izat_core::IzatApiV02::getBatchSize(int32_t):535]: get batching size failed.Or modem does not support batching 
06-28 12:56:07.624   862  1657 E LocSvc_IzatApiV02: E/virtual int izat_core::IzatApiV02::getBatchSize(int32_t):522]: Error : st = 4, ind.status = -1628389555
06-28 12:56:07.624   862  1657 E LocSvc_IzatApiV02: E/virtual int izat_core::IzatApiV02::getBatchSize(int32_t):535]: get batching size failed.Or modem does not support batching 
06-28 12:56:07.633   862  1657 E LocSvc_IzatApiV02: E/virtual int izat_core::IzatApiV02::getBatchSize(int32_t):522]: Error : st = 4, ind.status = -1628389555
06-28 12:56:07.633   862  1657 E LocSvc_IzatApiV02: E/virtual int izat_core::IzatApiV02::getBatchSize(int32_t):535]: get batching size failed.Or modem does not support batching 
06-28 12:56:07.710 20134 20147 E WPROF   : {"Javascript": {"url": "https://securepubads.g.doubleclick.net/gampad/ads?gdfp_req=1&correlator=2817404463742976&output=json_html&callback=googletag.impl.pubads.callbackProxy1&impl=fifs&json_a=1&eid=108809080%2C108809103%2C108809154&sc=0&sfv=1-0-9&iu_parts=1038259%2Csel-ciu-1%2Csel-ciu-2%2Csel-ciu-3%2Csel-ciu-4%2Csel-ciu-5", "requestTime": 15644.765534}}
06-28 12:56:07.749 20134 20147 E WPROF   : {"Javascript": {"url": "https://static.xx.fbcdn.net/rsrc.php/v3iy6L4/yk/l/ko_KR/be4fIjHRc8P.js", "requestTime": 15644.804861}}
06-28 12:56:07.863 20134 20147 E WPROF   : {"Javascript": {"url": "http://cdn.api.twitter.com/1/users/show.json?screen_name=jessotron&callback=twttr.setFollowersCount", "requestTime": 15644.918318}}
06-28 12:56:08.329 20134 20147 E WPROF   : {"Javascript": {"url": "http://platform.twitter.com/widgets.js", "requestTime": 15645.384293}}
06-28 12:56:08.331 20134 20147 E WPROF   : {"Javascript": {"url": "http://connect.facebook.net/en_US/sdk.js", "requestTime": 15645.386220}}
06-28 12:56:08.332 20134 20147 E WPROF   : {"Javascript": {"url": "https://apis.google.com/js/platform.js", "requestTime": 15645.388197}}
06-28 12:56:08.359 20134 20147 E WPROF   : {"Javascript": {"url": "http://rules.quantcount.com/rules-p-5aGizvD82d9hk.js", "requestTime": 15645.414658}}
06-28 12:56:08.363 20134 20147 E WPROF   : {"Javascript": {"url": "http://munchkin.marketo.net/munchkin.js", "requestTime": 15645.419086}}
06-28 12:56:08.463 20068 20113 E chromium: [ERROR:gles2_cmd_decoder.cc(3852)] [.ChromiumCompositor-0xacbb2fc0]GL ERROR :GL_INVALID_ENUM : glDiscardFramebufferEXT: attachments was GL_COLOR_EXT
06-28 12:56:08.631 20134 20147 E WPROF   : {"Javascript": {"url": "http://d2j3qa5nc37287.cloudfront.net/coupon_code1.js", "requestTime": 15645.687179}}
06-28 12:56:08.638 20134 20147 E WPROF   : {"Javascript": {"url": "http://www.googleadservices.com/pagead/conversion.js", "requestTime": 15645.693310}}
06-28 12:56:08.639 20134 20147 E WPROF   : {"Javascript": {"url": "http://searchengineland.com/figz/wp-content/themes/searchengineland/js/script.js?ver=1.0", "requestTime": 15645.694283}}
06-28 12:56:08.639 20134 20147 E WPROF   : {"Javascript": {"url": "http://searchengineland.com/figz/wp-includes/js/wp-embed.min.js?ver=4.7.5", "requestTime": 15645.695104}}
06-28 12:56:08.640 20134 20147 E WPROF   : {"Javascript": {"url": "http://searchengineland.com/figz/wp-content/themes/searchengineland/js/modules/sharing_controls.js", "requestTime": 15645.695853}}
06-28 12:56:08.655 20134 20147 E WPROF   : {"CSS": {"url": "https://www.youtube.com/yts/cssbin/www-embed-player-sprite-mode-vfl5G4Xm8.css", "requestTime": 15645.710289}}
06-28 12:56:08.657 20134 20147 E WPROF   : {"Javascript": {"url": "https://www.youtube.com/yts/jsbin/www-embed-player-vfl_UY_j8/www-embed-player.js", "requestTime": 15645.712259}}
06-28 12:56:08.657 20134 20147 E WPROF   : {"Javascript": {"url": "https://www.youtube.com/yts/jsbin/player-vflo1w4O-/ko_KR/base.js", "requestTime": 15645.712687}}
06-28 12:56:08.665 20068 20113 E chromium: [ERROR:gles2_cmd_decoder.cc(3852)] [.ChromiumCompositor-0xacbb2fc0]GL ERROR :GL_INVALID_ENUM : glDiscardFramebufferEXT: attachments was GL_COLOR_EXT
06-28 12:56:09.509 20134 20147 E WPROF   : {"Javascript": {"url": "http://m.addthisedge.com/live/boost/ra-53e918f660794f37/_ate.track.config_resp", "requestTime": 15646.564244}}
06-28 12:56:09.566 20134 20147 E WPROF   : {"Javascript": {"url": "http://m.addthis.com/live/red_lojson/300lo.json?si=595328d8bfe9f50d&bkl=0&bl=1&pdt=1984&sid=595328d8bfe9f50d&pub=ra-53e918f660794f37&rev=v7.15.4-wp&ln=ko&pc=men&cb=0&ab=-&dp=searchengineland.com&fp=eat-local-top-10-local-search-columns-2016-264767&fr=&of=0&pd=0&irt=0&vcl=0&md=0&ct=1&tct=0&abt=0&cdn=", "requestTime": 15646.621454}}
06-28 12:56:09.647 20134 20147 E WPROF   : {"Javascript": {"url": "http://dnn506yrbagrg.cloudfront.net/pages/scripts/0026/4062.js?416283", "requestTime": 15646.702685}}
06-28 12:56:09.656 20068 20113 E chromium: [ERROR:gles2_cmd_decoder.cc(3852)] [.ChromiumCompositor-0xacbb2fc0]GL ERROR :GL_INVALID_ENUM : glDiscardFramebufferEXT: attachments was GL_COLOR_EXT
06-28 12:56:10.035 20068 20113 E chromium: [ERROR:gles2_cmd_decoder.cc(3852)] [.ChromiumCompositor-0xacbb2fc0]GL ERROR :GL_INVALID_ENUM : glDiscardFramebufferEXT: attachments was GL_COLOR_EXT
06-28 12:56:11.296 20134 20147 E WPROF   : {"Javascript": {"url": "https://www.google.com/js/bg/KWBfAnWFESAEEaKKgdYlTHY9ysQaNoQuzeMFqvxDSM8.js", "requestTime": 15648.351996}}
06-28 12:56:11.299 20134 20147 E WPROF   : {"Javascript": {"url": "https://static.doubleclick.net/instream/ad_status.js", "requestTime": 15648.354766}}
06-28 12:56:11.900 20068 20113 E chromium: [ERROR:gles2_cmd_decoder.cc(3852)] [.ChromiumCompositor-0xacbb2fc0]GL ERROR :GL_INVALID_ENUM : glDiscardFramebufferEXT: attachments was GL_COLOR_EXT
06-28 12:56:12.405 20068 20113 E chromium: [ERROR:gles2_cmd_decoder.cc(3852)] [.ChromiumCompositor-0xacbb2fc0]GL ERROR :GL_INVALID_ENUM : glDiscardFramebufferEXT: attachments was GL_COLOR_EXT
06-28 12:56:12.750 20134 20147 E WPROF   : {"Javascript": {"url": "https://tpc.googlesyndication.com/pagead/js/r20170619/r20110914/client/ext/m_window_focus_non_hydra.js", "requestTime": 15649.805919}}
06-28 12:56:12.752 20134 20147 E WPROF   : {"Javascript": {"url": "https://tpc.googlesyndication.com/pagead/js/r20170619/r20110914/activeview/osd_listener.js", "requestTime": 15649.807523}}
06-28 12:56:12.756 20134 20147 E WPROF   : {"Javascript": {"url": "http://pagead2.googlesyndication.com/pagead/osd.js", "requestTime": 15649.811946}}
06-28 12:56:12.860 20134 20147 E WPROF   : {"Javascript": {"url": "http://munchkin.marketo.net/151/munchkin.js", "requestTime": 15649.916180}}
06-28 12:56:13.056 20134 20147 E WPROF   : {"Javascript": {"url": "https://platform.twitter.com/js/button.b731e6c82269f70f6fc53634e044a4c6.js", "requestTime": 15650.111267}}
06-28 12:56:13.070 20134 20147 E WPROF   : {"Javascript": {"url": "http://www.justuno.com/ajax/account_version_check.html?id=828FA275-FF73-401E-AA39-40F5A6FAB6B1", "requestTime": 15650.125897}}
06-28 12:56:13.388 20134 20147 E WPROF   : {"Javascript": {"url": "http://s7.addthis.com/static/layers.4acb6c577b51939661ec.js", "requestTime": 15650.443844}}
06-28 12:56:13.485 20068 20113 E chromium: [ERROR:gles2_cmd_decoder.cc(3852)] [.ChromiumCompositor-0xacbb2fc0]GL ERROR :GL_INVALID_ENUM : glDiscardFramebufferEXT: attachments was GL_COLOR_EXT
06-28 12:56:13.713 20068 20113 E chromium: [ERROR:gles2_cmd_decoder.cc(3852)] [.ChromiumCompositor-0xacbb2fc0]GL ERROR :GL_INVALID_ENUM : glDiscardFramebufferEXT: attachments was GL_COLOR_EXT
06-28 12:56:13.915 20068 20113 E chromium: [ERROR:gles2_cmd_decoder.cc(3852)] [.ChromiumCompositor-0xacbb2fc0]GL ERROR :GL_INVALID_ENUM : glDiscardFramebufferEXT: attachments was GL_COLOR_EXT
06-28 12:56:14.002 20068 20113 E chromium: [ERROR:gles2_cmd_decoder.cc(3852)] [.ChromiumCompositor-0xacbb2fc0]GL ERROR :GL_INVALID_ENUM : glDiscardFramebufferEXT: attachments was GL_COLOR_EXT
06-28 12:56:14.133 20068 20113 E chromium: [ERROR:gles2_cmd_decoder.cc(3852)] [.ChromiumCompositor-0xacbb2fc0]GL ERROR :GL_INVALID_ENUM : glDiscardFramebufferEXT: attachments was GL_COLOR_EXT
06-28 12:56:14.188 20134 20147 E WPROF   : {"Javascript": {"url": "https://app-sj02.marketo.com/js/forms2/js/forms2.min.js", "requestTime": 15651.243664}}
06-28 12:56:16.529 20134 20147 E WPROF   : {"Javascript": {"url": "http://cdn.justuno.com/mwgt_3.6.js", "requestTime": 15653.584476}}
06-28 12:56:16.784 20068 20113 E chromium: [ERROR:gles2_cmd_decoder.cc(3852)] [.ChromiumCompositor-0xacbb2fc0]GL ERROR :GL_INVALID_ENUM : glDiscardFramebufferEXT: attachments was GL_COLOR_EXT
06-28 12:56:16.835 20068 20113 E chromium: [ERROR:gles2_cmd_decoder.cc(3852)] [.ChromiumCompositor-0xacbb2fc0]GL ERROR :GL_INVALID_ENUM : glDiscardFramebufferEXT: attachments was GL_COLOR_EXT
06-28 12:56:17.690 20134 20147 E WProf.db: {"page": "searchengineland.com_eat-local-top-10-local-search-columns-2016-264767"}
06-28 12:56:17.690 20134 20147 E WProf.db: {"DOMLoad": 15654.746122}
06-28 12:56:17.691 20134 20147 E WProf.db: {"Resource": {"id": 1, "url": "http://searchengineland.com/eat-local-top-10-local-search-columns-2016-264767", "sentTime": -1.000000, "len": 96340, "from": "0x0", "mimeType": "text/html", "contentLength": -1, "httpStatus": 200, "connId": 20, "connReused": 1, "cached": 0,"requestTime": 15641.705461, "proxyStart": -1, "proxyEnd": -1, "dnsStart": -1, "dnsEnd": -1, "connectStart": 0, "connectEnd": 112, "sendStart": 112, "sendEnd": 113, "receiveHeadersEnd": 271, "sslStart": -1, "sslEnd": -1}}
06-28 12:56:17.691 20134 20147 E WProf.db: {"ReceivedChunk": {"receivedTime": 15641.996391, "len": 12669}}
06-28 12:56:17.691 20134 20147 E WProf.db: {"ReceivedChunk": {"receivedTime": 15642.078928, "len": 32768}}
06-28 12:56:17.691 20134 20147 E WProf.db: {"ReceivedChunk": {"receivedTime": 15642.079157, "len": 24438}}
06-28 12:56:17.691 20134 20147 E WProf.db: {"ReceivedChunk": {"receivedTime": 15642.119413, "len": 26465}}
06-28 12:56:17.691 20134 20147 E WProf.db: {"WprofHTMLTag": {"code": "0xaedda300", "doc": "http://searchengineland.com/eat-local-top-10-local-search-columns-2016-264767", "row": 6, "column": 42, "tagName": "html", "time": 15642.082550, "url": "", "pos": 1, "chunkLen": 1, "isStartTag": 1}}
06-28 12:56:17.691 20134 20147 E WProf.db: {"WprofHTMLTag": {"code": "0xaf047790", "doc": "http://searchengineland.com/eat-local-top-10-local-search-columns-2016-264767", "row": 7, "column": 6, "tagName": "head", "time": 15642.082789, "url": "", "pos": 1, "chunkLen": 1, "isStartTag": 1}}
06-28 12:56:17.691 20134 20147 E WProf.db: {"WprofHTMLTag": {"code": "0xaf0477c0", "doc": "http://searchengineland.com/eat-local-top-10-local-search-columns-2016-264767", "row": 8, "column": 54, "tagName": "meta", "time": 15642.082833, "url": "", "pos": 1, "chunkLen": 1, "isStartTag": 1}}
06-28 12:56:17.691 20134 20147 E WProf.db: {"WprofHTMLTag": {"code": "0xaf0478b0", "doc": "http://searchengineland.com/eat-local-top-10-local-search-columns-2016-264767", "row": 9, "column": 68, "tagName": "meta", "time": 15642.082963, "url": "", "pos": 1, "chunkLen": 1, "isStartTag": 1}}
06-28 12:56:17.691 20134 20147 E WProf.db: {"WprofHTMLTag": {"code": "0xaf0478e0", "doc": "http://searchengineland.com/eat-local-top-10-local-search-columns-2016-264767", "row": 10, "column": 23, "tagName": "meta", "time": 15642.083070, "url": "", "pos": 1, "chunkLen": 1, "isStartTag": 1}}
06-28 12:56:17.691 20134 20147 E WProf.db: {"WprofHTMLTag": {"code": "0xaf047910", "doc": "http://searchengineland.com/eat-local-top-10-local-search-columns-2016-264767", "row": 11, "column": 52, "tagName": "meta", "time": 15642.083187, "url": "", "pos": 1, "chunkLen": 1, "isStartTag": 1}}
06-28 12:56:17.691 20134 20147 E WProf.db: {"WprofHTMLTag": {"code": "0xaf047940", "doc": "http://searchengineland.com/eat-local-top-10-local-search-columns-2016-264767", "row": 14, "column": 56, "tagName": "meta", "time": 15642.083319, "url": "", "pos": 1, "chunkLen": 1, "isStartTag": 1}}
06-28 12:56:17.691 20134 20147 E WProf.db: {"WprofHTMLTag": {"code": "0xaf047970", "doc": "http://searchengineland.com/eat-local-top-10-local-search-columns-2016-264767", "row": 15, "column": 83, "tagName": "meta", "time": 15642.083431, "url": "", "pos": 1, "chunkLen": 1, "isStartTag": 1}}
06-28 12:56:17.691 20134 20147 E WProf.db: {"WprofHTMLTag": {"code": "0xaf0479a0", "doc": "http://searchengineland.com/eat-local-top-10-local-search-columns-2016-264767", "row": 16, "column": 57, "tagName": "meta", "time": 15642.083544, "url": "", "pos": 1, "chunkLen": 1, "isStartTag": 1}}
06-28 12:56:17.691 20134 20147 E WProf.db: {"WprofHTMLTag": {"code": "0xaf047a30", "doc": "http://searchengineland.com/eat-local-top-10-local-search-columns-2016-264767", "row": 17, "column": 41, "tagName": "meta", "time": 15642.083653, "url": "", "pos": 1, "chunkLen": 1, "isStartTag": 1}}
06-28 12:56:17.692 20134 20147 E WProf.db: {"WprofHTMLTag": {"code": "0xaf047a60", "doc": "http://searchengineland.com/eat-local-top-10-local-search-columns-2016-264767", "row": 18, "column": 50, "tagName": "meta", "time": 15642.083759, "url": "", "pos": 1, "chunkLen": 1, "isStartTag": 1}}
06-28 12:56:17.692 20134 20147 E WProf.db: {"WprofHTMLTag": {"code": "0xaf047a90", "doc": "http://searchengineland.com/eat-local-top-10-local-search-columns-2016-264767", "row": 19, "column": 174, "tagName": "meta", "time": 15642.083868, "url": "", "pos": 1, "chunkLen": 1, "isStartTag": 1}}
06-28 12:56:17.692 20134 20147 E WProf.db: {"WprofHTMLTag": {"code": "0xaf047a00", "doc": "http://searchengineland.com/eat-local-top-10-local-search-columns-2016-264767", "row": 20, "column": 47, "tagName": "meta", "time": 15642.083972, "url": "", "pos": 1, "chunkLen": 1, "isStartTag": 1}}
06-28 12:56:17.692 20134 20147 E WProf.db: {"WprofHTMLTag": {"code": "0xaf0479d0", "doc": "http://searchengineland.com/eat-local-top-10-local-search-columns-2016-264767", "row": 21, "column": 67, "tagName": "meta", "time": 15642.084080, "url": "", "pos": 1, "chunkLen": 1, "isStartTag": 1}}
06-28 12:56:17.692 20134 20147 E WProf.db: {"WprofHTMLTag": {"code": "0xaf047ac0", "doc": "http://searchengineland.com/eat-local-top-10-local-search-columns-2016-264767", "row": 22, "column": 57, "tagName": "meta", "time": 15642.084184, "url": "", "pos": 1, "chunkLen": 1, "isStartTag": 1}}
06-28 12:56:17.692 20134 20147 E WProf.db: {"WprofHTMLTag": {"code": "0xaf047af0", "doc": "http://searchengineland.com/eat-local-top-10-local-search-columns-2016-264767", "row": 23, "column": 65, "tagName": "meta", "time": 15642.084294, "url": "", "pos": 1, "chunkLen": 1, "isStartTag": 1}}
06-28 12:56:17.692 20134 20147 E WProf.db: {"WprofHTMLTag": {"code": "0xaf047b20", "doc": "http://searchengineland.com/eat-local-top-10-local-search-columns-2016-264767", "row": 24, "column": 55, "tagName": "meta", "time": 15642.084394, "url": "", "pos": 1, "chunkLen": 1, "isStartTag": 1}}
06-28 12:56:17.692 20134 20147 E WProf.db: {"WprofHTMLTag": {"code": "0xaf047b50", "doc": "http://searchengineland.com/eat-local-top-10-local-search-columns-2016-264767", "row": 25, "column": 71, "tagName": "meta", "time": 15642.084504, "url": "", "pos": 1, "chunkLen": 1, "isStartTag": 1}}
06-28 12:56:17.692 20134 20147 E WProf.db: {"WprofHTMLTag": {"code": "0xaf047b80", "doc": "http://searchengineland.com/eat-local-top-10-local-search-columns-2016-264767", "row": 26, "column": 86, "tagName": "meta", "time": 15642.084613, "url": "", "pos": 1, "chunkLen": 1, "isStartTag": 1}}
06-28 12:56:17.692 20134 20147 E WProf.db: {"WprofHTMLTag": {"code": "0xaf047bb0", "doc": "http://searchengineland.com/eat-local-top-10-local-search-columns-2016-264767", "row": 27, "column": 54, "tagName": "meta", "time": 15642.084719, "url": "", "pos": 1, "chunkLen": 1, "isStartTag": 1}}
06-28 12:56:17.693 20134 20147 E WProf.db: {"WprofHTMLTag": {"code": "0xaf047be0", "doc": "http://searchengineland.com/eat-local-top-10-local-search-columns-2016-264767", "row": 29, "column": 145, "tagName": "meta", "time": 15642.084827, "url": "", "pos": 1, "chunkLen": 1, "isStartTag": 1}}
06-28 12:56:17.693 20134 20147 E WProf.db: {"WprofHTMLTag": {"code": "0xaf047c10", "doc": "http://searchengineland.com/eat-local-top-10-local-search-columns-2016-264767", "row": 30, "column": 175, "tagName": "meta", "time": 15642.084930, "url": "", "pos": 1, "chunkLen": 1, "isStartTag": 1}}
06-28 12:56:17.693 20134 20147 E WProf.db: {"WprofHTMLTag": {"code": "0xaf047c40", "doc": "http://searchengineland.com/eat-local-top-10-local-search-columns-2016-264767", "row": 31, "column": 55, "tagName": "meta", "time": 15642.085034, "url": "", "pos": 1, "chunkLen": 1, "isStartTag": 1}}
06-28 12:56:17.693 20134 20147 E WProf.db: {"WprofHTMLTag": {"code": "0xaf047c70", "doc": "http://searchengineland.com/eat-local-top-10-local-search-columns-2016-264767", "row": 32, "column": 54, "tagName": "meta", "time": 15642.085140, "url": "", "pos": 1, "chunkLen": 1, "isStartTag": 1}}
06-28 12:56:17.693 20134 20147 E WProf.db: {"WprofHTMLTag": {"code": "0xaf047ca0", "doc": "http://searchengineland.com/eat-local-top-10-local-search-columns-2016-264767", "row": 33, "column": 144, "tagName": "meta", "time": 15642.085250, "url": "", "pos": 1, "chunkLen": 1, "isStartTag": 1}}
06-28 12:56:17.693 20134 20147 E WProf.db: {"WprofHTMLTag": {"code": "0xaf047cd0", "doc": "http://searchengineland.com/eat-local-top-10-local-search-columns-2016-264767", "row": 37, "column": 36, "tagName": "script", "time": 15642.085353, "url": "", "pos": 1, "chunkLen": 1, "isStartTag": 1}}
06-28 12:56:17.693 20134 20147 E WProf.db: {"WprofHTMLTag": {"code": "0xaf047d00", "doc": "http://searchengineland.com/eat-local-top-10-local-search-columns-2016-264767", "row": 53, "column": 10, "tagName": "script", "time": 15642.085616, "url": "", "pos": 1, "chunkLen": 1, "isStartTag": 0}}
06-28 12:56:17.694 20134 20147 E WProf.db: {"WprofHTMLTag": {"code": "0xaedda5d0", "doc": "http://searchengineland.com/eat-local-top-10-local-search-columns-2016-264767", "row": 55, "column": 86, "tagName": "link", "time": 15642.086170, "url": "http://searchengineland.com/apple-touch-icon.png", "pos": 1, "chunkLen": 1, "isStartTag": 1}}
06-28 12:56:17.694 20134 20147 E WProf.db: {"WprofHTMLTag": {"code": "0xaf047d30", "doc": "http://searchengineland.com/eat-local-top-10-local-search-columns-2016-264767", "row": 56, "column": 76, "tagName": "link", "time": 15642.086438, "url": "http://searchengineland.com/favicon.ico", "pos": 1, "chunkLen": 1, "isStartTag": 1}}
06-28 12:56:17.694 20134 20147 E WProf.db: {"WprofHTMLTag": {"code": "0xaf047d60", "doc": "http://searchengineland.com/eat-local-top-10-local-search-columns-2016-264767", "row": 57, "column": 158, "tagName": "link", "time": 15642.086631, "url": "http://feeds.searchengineland.com/searchengineland", "pos": 1, "chunkLen": 1, "isStartTag": 1}}
06-28 12:56:17.694 20134 20147 E WProf.db: {"WprofHTMLTag": {"code": "0xaf047d90", "doc": "http://searchengineland.com/eat-local-top-10-local-search-columns-2016-264767", "row": 58, "column": 149, "tagName": "link", "time": 15642.086900, "url": "http://feeds.searchengineland.com/searchcap", "pos": 1, "chunkLen": 1, "isStartTag": 1}}
06-28 12:56:17.694 20134 20147 E WProf.db: {"WprofHTMLTag": {"code": "0xaf047dc0", "doc": "http://searchengineland.com/eat-local-top-10-local-search-columns-2016-264767", "row": 59, "column": 150, "tagName": "link", "time": 15642.087181, "url": "http://searchengineland.com/figz/wp-content/themes/searchengineland/css/searchengineland-bootstrap.css", "pos": 1, "chunkLen": 1, "isStartTag": 1}}
06-28 12:56:17.694 20134 20147 E WProf.db: {"WprofHTMLTag": {"code": "0xaf047e20", "doc": "http://searchengineland.com/eat-local-top-10-local-search-columns-2016-264767", "row": 60, "column": 105, "tagName": "link", "time": 15642.087706, "url": "http://fonts.googleapis.com/css?family=Oswald:300,400,700", "pos": 1, "chunkLen": 1, "isStartTag": 1}}
06-28 12:56:17.694 20134 20147 E WProf.db: {"WprofHTMLTag": {"code": "0xaf047e80", "doc": "http://searchengineland.com/eat-local-top-10-local-search-columns-2016-264767", "row": 61, "column": 125, "tagName": "link", "time": 15642.088166, "url": "http://searchengineland.com/figz/wp-content/themes/searchengineland/style.css", "pos": 1, "chunkLen": 1, "isStartTag": 1}}
06-28 12:56:17.694 20134 20147 E WProf.db: {"WprofHTMLTag": {"code": "0xaf047ee0", "doc": "http://searchengineland.com/eat-local-top-10-local-search-columns-2016-264767", "row": 65, "column": 7, "tagName": "title", "time": 15642.088639, "url": "", "pos": 1, "chunkLen": 1, "isStartTag": 1}}
06-28 12:56:17.694 20134 20147 E WProf.db: {"WprofHTMLTag": {"code": "0xaf047f10", "doc": "http://searchengineland.com/eat-local-top-10-local-search-columns-2016-264767", "row": 65, "column": 65, "tagName": "title", "time": 15642.088728, "url": "", "pos": 1, "chunkLen": 1, "isStartTag": 0}}
06-28 12:56:17.694 20134 20147 E WProf.db: {"WprofHTMLTag": {"code": "0xaf047f40", "doc": "http://searchengineland.com/eat-local-top-10-local-search-columns-2016-264767", "row": 66, "column": 177, "tagName": "meta", "time": 15642.088748, "url": "", "pos": 1, "chunkLen": 1, "isStartTag": 1}}
06-28 12:56:17.694 20134 20147 E WProf.db: {"WprofHTMLTag": {"code": "0xaf047f70", "doc": "http://searchengineland.com/eat-local-top-10-local-search-columns-2016-264767", "row": 67, "column": 146, "tagName": "meta", "time": 15642.088854, "url": "", "pos": 1, "chunkLen": 1, "isStartTag": 1}}
06-28 12:56:17.694 20134 20147 E WProf.db: {"WprofHTMLTag": {"code": "0xaf047fa0", "doc": "http://searchengineland.com/eat-local-top-10-local-search-columns-2016-264767", "row": 68, "column": 119, "tagName": "meta", "time": 15642.088969, "url": "", "pos": 1, "chunkLen": 1, "isStartTag": 1}}
06-28 12:56:17.694 20134 20147 E WProf.db: {"WprofHTMLTag": {"code": "0xaf047fd0", "doc": "http://searchengineland.com/eat-local-top-10-local-search-columns-2016-264767", "row": 69, "column": 37, "tagName": "meta", "time": 15642.089074, "url": "", "pos": 1, "chunkLen": 1, "isStartTag": 1}}
06-28 12:56:17.695 20134 20147 E WProf.db: {"WprofHTMLTag": {"code": "0xb4cc74b0", "doc": "http://searchengineland.com/eat-local-top-10-local-search-columns-2016-264767", "row": 70, "column": 109, "tagName": "link", "time": 15642.089182, "url": "http://searchengineland.com/eat-local-top-10-local-search-columns-2016-264767", "pos": 1, "chunkLen": 1, "isStartTag": 1}}
06-28 12:56:17.695 20134 20147 E WProf.db: {"WprofHTMLTag": {"code": "0xb4cc7540", "doc": "http://searchengineland.com/eat-local-top-10-local-search-columns-2016-264767", "row": 71, "column": 76, "tagName": "link", "time": 15642.089373, "url": "https://plus.google.com/103218677032751327334", "pos": 1, "chunkLen": 1, "isStartTag": 1}}
06-28 12:56:17.695 20134 20147 E WProf.db: {"WprofHTMLTag": {"code": "0xb4cc78a0", "doc": "http://searchengineland.com/eat-local-top-10-local-search-columns-2016-264767", "row": 72, "column": 45, "tagName": "meta", "time": 15642.089558, "url": "", "pos": 1, "chunkLen": 1, "isStartTag": 1}}
06-28 12:56:17.695 20134 20147 E WProf.db: {"WprofHTMLTag": {"code": "0xb4cc78d0", "doc": "http://searchengineland.com/eat-local-top-10-local-search-columns-2016-264767", "row": 73, "column": 45, "tagName": "meta", "time": 15642.089662, "url": "", "pos": 1, "chunkLen": 1, "isStartTag": 1}}
06-28 12:56:17.695 20134 20147 E WProf.db: {"WprofHTMLTag": {"code": "0xb4cc7900", "doc": "http://searchengineland.com/eat-local-top-10-local-search-columns-2016-264767", "row": 74, "column": 89, "tagName": "meta", "time": 15642.089777, "url": "", "pos": 1, "chunkLen": 1, "isStartTag": 1}}
06-28 12:56:17.695 20134 20147 E WProf.db: {"WprofHTMLTag": {"code": "0xb4cc7930", "doc": "http://searchengineland.com/eat-local-top-10-local-search-columns-2016-264767", "row": 75, "column": 185, "tagName": "meta", "time": 15642.089880, "url": "", "pos": 1, "chunkLen": 1, "isStartTag": 1}}
06-28 12:56:17.695 20134 20147 E WProf.db: {"WprofHTMLTag": {"code": "0xb4cc7960", "doc": "http://searchengineland.com/eat-local-top-10-local-search-columns-2016-264767", "row": 76, "column": 114, "tagName": "meta", "time": 15642.089982, "url": "", "pos": 1, "chunkLen": 1, "isStartTag": 1}}
06-28 12:56:17.695 20134 20147 E WProf.db: {"WprofHTMLTag": {"code": "0xb4cc7990", "doc": "http://searchengineland.com/eat-local-top-10-local-search-columns-2016-264767", "row": 77, "column": 61, "tagName": "meta", "time": 15642.090155, "url": "", "pos": 1, "chunkLen": 1, "isStartTag": 1}}
06-28 12:56:17.695 20134 20147 E WProf.db: {"WprofHTMLTag": {"code": "0xb4cc79c0", "doc": "http://searchengineland.com/eat-local-top-10-local-search-columns-2016-264767", "row": 78, "column": 89, "tagName": "meta", "time": 15642.090339, "url": "", "pos": 1, "chunkLen": 1, "isStartTag": 1}}
06-28 12:56:17.695 20134 20147 E WProf.db: {"WprofHTMLTag": {"code": "0xb4cc79f0", "doc": "http://searchengineland.com/eat-local-top-10-local-search-columns-2016-264767", "row": 79, "column": 70, "tagName": "meta", "time": 15642.090455, "url": "", "pos": 1, "chunkLen": 1, "isStartTag": 1}}
06-28 12:56:17.695 20134 20147 E WProf.db: {"WprofHTMLTag": {"code": "0xb4cc7a20", "doc": "http://searchengineland.com/eat-local-top-10-local-search-columns-2016-264767", "row": 80, "column": 78, "tagName": "meta", "time": 15642.090887, "url": "", "pos": 1, "chunkLen": 1, "isStartTag": 1}}
06-28 12:56:17.695 20134 20147 E WProf.db: {"WprofHTMLTag": {"code": "0xb4cc7a50", "doc": "http://searchengineland.com/eat-local-top-10-local-search-columns-2016-264767", "row": 81, "column": 77, "tagName": "meta", "time": 15642.090995, "url": "", "pos": 1, "chunkLen": 1, "isStartTag": 1}}
06-28 12:56:17.695 20134 20147 E WProf.db: {"WprofHTMLTag": {"code": "0xb4cc7a80", "doc": "http://searchengineland.com/eat-local-top-10-local-search-columns-2016-264767", "row": 82, "column": 71, "tagName": "meta", "time": 15642.091101, "url": "", "pos": 1, "chunkLen": 1, "isStartTag": 1}}
06-28 12:56:17.696 20134 20147 E WProf.db: {"WprofHTMLTag": {"code": "0xb4cc7ab0", "doc": "http://searchengineland.com/eat-local-top-10-local-search-columns-2016-264767", "row": 83, "column": 138, "tagName": "meta", "time": 15642.091213, "url": "", "pos": 1, "chunkLen": 1, "isStartTag": 1}}
06-28 12:56:17.696 20134 20147 E WProf.db: {"WprofHTMLTag": {"code": "0xb4cc7ae0", "doc": "http://searchengineland.com/eat-local-top-10-local-search-columns-2016-264767", "row": 84, "column": 49, "tagName": "meta", "time": 15642.091327, "url": "", "pos": 1, "chunkLen": 1, "isStartTag": 1}}
06-28 12:56:17.696 20134 20147 E WProf.db: {"WprofHTMLTag": {"code": "0xb4cc7b10", "doc": "http://searchengineland.com/eat-local-top-10-local-search-columns-2016-264767", "row": 85, "column": 50, "tagName": "meta", "time": 15642.091429, "url": "", "pos": 1, "chunkLen": 1, "isStartTag": 1}}
06-28 12:56:17.696 20134 20147 E WProf.db: {"WprofHTMLTag": {"code": "0xb4cc7b40", "doc": "http://searchengineland.com/eat-local-top-10-local-search-columns-2016-264767", "row": 86, "column": 58, "tagName": "meta", "time": 15642.091543, "url": "", "pos": 1, "chunkLen": 1, "isStartTag": 1}}
06-28 12:56:17.696 20134 20147 E WProf.db: {"WprofHTMLTag": {"code": "0xb4cc7b70", "doc": "http://searchengineland.com/eat-local-top-10-local-search-columns-2016-264767", "row": 87, "column": 186, "tagName": "meta", "time": 15642.091654, "url": "", "pos": 1, "chunkLen": 1, "isStartTag": 1}}
06-28 12:56:17.696 20134 20147 E WProf.db: {"WprofHTMLTag": {"code": "0xb4cc7ba0", "doc": "http://searchengineland.com/eat-local-top-10-local-search-columns-2016-264767", "row": 88, "column": 90, "tagName": "meta", "time": 15642.091769, "url": "", "pos": 1, "chunkLen": 1, "isStartTag": 1}}
06-28 12:56:17.696 20134 20147 E WProf.db: {"WprofHTMLTag": {"code": "0xb4cc7bd0", "doc": "http://searchengineland.com/eat-local-top-10-local-search-columns-2016-264767", "row": 89, "column": 51, "tagName": "meta", "time": 15642.091870, "url": "", "pos": 1, "chunkLen": 1, "isStartTag": 1}}
06-28 12:56:17.696 20134 20147 E WProf.db: {"WprofHTMLTag": {"code": "0xb4cc7c00", "doc": "http://searchengineland.com/eat-local-top-10-local-search-columns-2016-264767", "row": 90, "column": 139, "tagName": "meta", "time": 15642.091974, "url": "", "pos": 1, "chunkLen": 1, "isStartTag": 1}}
06-28 12:56:17.696 20134 20147 E WProf.db: {"WprofHTMLTag": {"code": "0xb4cc7c30", "doc": "http://searchengineland.com/eat-local-top-10-local-search-columns-2016-264767", "row": 91, "column": 52, "tagName": "meta", "time": 15642.092079, "url": "", "pos": 1, "chunkLen": 1, "isStartTag": 1}}
06-28 12:56:17.696 20134 20147 E WProf.db: {"WprofHTMLTag": {"code": "0xb4cc7c60", "doc": "http://searchengineland.com/eat-local-top-10-local-search-columns-2016-264767", "row": 94, "column": 44, "tagName": "link", "time": 15642.092187, "url": "http://s.w.org/", "pos": 1, "chunkLen": 1, "isStartTag": 1}}
06-28 12:56:17.696 20134 20147 E WProf.db: {"WprofHTMLTag": {"code": "0xb4cc7c90", "doc": "http://searchengineland.com/eat-local-top-10-local-search-columns-2016-264767", "row": 95, "column": 33, "tagName": "script", "time": 15642.092401, "url": "", "pos": 1, "chunkLen": 1, "isStartTag": 1}}
06-28 12:56:17.696 20134 20147 E WProf.db: {"WprofHTMLTag": {"code": "0xb4cc7cc0", "doc": "http://searchengineland.com/eat-local-top-10-local-search-columns-2016-264767", "row": 98, "column": 11, "tagName": "script", "time": 15642.092589, "url": "http://searchengineland.com/figz/wp-includes/js/wp-emoji-release.min.js?ver=4.7.5", "pos": 1, "chunkLen": 1, "isStartTag": 0}}
06-28 12:56:17.696 20134 20147 E WProf.db: {"WprofHTMLTag": {"code": "0x9ea7c990", "doc": "http://searchengineland.com/eat-local-top-10-local-search-columns-2016-264767", "row": 99, "column": 25, "tagName": "style", "time": 15642.732352, "url": "", "pos": 1, "chunkLen": 1, "isStartTag": 1}}
06-28 12:56:17.696 20134 20147 E WProf.db: {"WprofHTMLTag": {"code": "0x9ea7c9c0", "doc": "http://searchengineland.com/eat-local-top-10-local-search-columns-2016-264767", "row": 112, "column": 8, "tagName": "style", "time": 15642.733004, "url": "", "pos": 1, "chunkLen": 1, "isStartTag": 0}}
06-28 12:56:17.697 20134 20147 E WProf.db: {"WprofHTMLTag": {"code": "0x9ea7c9f0", "doc": "http://searchengineland.com/eat-local-top-10-local-search-columns-2016-264767", "row": 113, "column": 140, "tagName": "script", "time": 15642.734791, "url": "http://searchengineland.com/figz/wp-content/themes/searchengineland/js/lib/modernizr.custom.js?ver=1.0", "pos": 1, "chunkLen": 1, "isStartTag": 1}}
06-28 12:56:17.697 20134 20147 E WProf.db: {"WprofHTMLTag": {"code": "0x9ea7ca20", "doc": "http://searchengineland.com/eat-local-top-10-local-search-columns-2016-264767", "row": 113, "column": 149, "tagName": "script", "time": 15642.735061, "url": "", "pos": 1, "chunkLen": 1, "isStartTag": 0}}
06-28 12:56:17.697 20134 20147 E WProf.db: {"WprofHTMLTag": {"code": "0x9ea7cab0", "doc": "http://searchengineland.com/eat-local-top-10-local-search-columns-2016-264767", "row": 114, "column": 144, "tagName": "script", "time": 15642.742109, "url": "http://searchengineland.com/figz/wp-content/themes/searchengineland/js/lib/jquery-1.11.0.min.js?ver=1.11.0", "pos": 1, "chunkLen": 1, "isStartTag": 1}}
06-28 12:56:17.697 20134 20147 E WProf.db: {"WprofHTMLTag": {"code": "0x9ea7cae0", "doc": "http://searchengineland.com/eat-local-top-10-local-search-columns-2016-264767", "row": 114, "column": 153, "tagName": "script", "time": 15642.742349, "url": "", "pos": 1, "chunkLen": 1, "isStartTag": 0}}
06-28 12:56:17.697 20134 20147 E WProf.db: {"WprofHTMLTag": {"code": "0xaeddad50", "doc": "http://searchengineland.com/eat-local-top-10-local-search-columns-2016-264767", "row": 0, "column": 15, "tagName": "div", "time": 15642.804214, "url": "", "pos": 15, "chunkLen": 44, "isStartTag": 1}}
06-28 12:56:17.697 20134 20147 E WProf.db: {"WprofHTMLTag": {"code": "0xaeddad20", "doc": "http://searchengineland.com/eat-local-top-10-local-search-columns-2016-264767", "row": 0, "column": 21, "tagName": "div", "time": 15642.804345, "url": "", "pos": 21, "chunkLen": 44, "isStartTag": 0}}
06-28 12:56:17.697 20134 20147 E WProf.db: {"WprofHTMLTag": {"code": "0xaedda780", "doc": "http://searchengineland.com/eat-local-top-10-local-search-columns-2016-264767", "row": 0, "column": 38, "tagName": "div", "time": 15642.804411, "url": "", "pos": 38, "chunkLen": 44, "isStartTag": 1}}
06-28 12:56:17.697 20134 20147 E WProf.db: {"WprofHTMLTag": {"code": "0xaeddacf0", "doc": "http://searchengineland.com/eat-local-top-10-local-search-columns-2016-264767", "row": 0, "column": 44, "tagName": "div", "time": 15642.804519, "url": "", "pos": 44, "chunkLen": 44, "isStartTag": 0}}
06-28 12:56:17.697 20134 20147 E WProf.db: {"WprofHTMLTag": {"code": "0xaeddacc0", "doc": "http://searchengineland.com/eat-local-top-10-local-search-columns-2016-264767", "row": 0, "column": 13, "tagName": "select", "time": 15642.805895, "url": "", "pos": 13, "chunkLen": 51, "isStartTag": 1}}
06-28 12:56:17.697 20134 20147 E WProf.db: {"WprofHTMLTag": {"code": "0xaeddac90", "doc": "http://searchengineland.com/eat-local-top-10-local-search-columns-2016-264767", "row": 0, "column": 33, "tagName": "option", "time": 15642.806077, "url": "", "pos": 33, "chunkLen": 51, "isStartTag": 1}}
06-28 12:56:17.697 20134 20147 E WProf.db: {"WprofHTMLTag": {"code": "0x9ea7cb10", "doc": "http://searchengineland.com/eat-local-top-10-local-search-columns-2016-264767", "row": 0, "column": 42, "tagName": "option", "time": 15642.806260, "url": "", "pos": 42, "chunkLen": 51, "isStartTag": 0}}
06-28 12:56:17.697 20134 20147 E WProf.db: {"WprofHTMLTag": {"code": "0x9ea7cb40", "doc": "http://searchengineland.com/eat-local-top-10-local-search-columns-2016-264767", "row": 0, "column": 51, "tagName": "select", "time": 15642.806323, "url": "", "pos": 51, "chunkLen": 51, "isStartTag": 0}}
06-28 12:56:17.697 20134 20147 E WProf.db: {"WprofHTMLTag": {"code": "0x9ea7cb70", "doc": "http://searchengineland.com/eat-local-top-10-local-search-columns-2016-264767", "row": 0, "column": 12, "tagName": "a", "time": 15642.810595, "url": "", "pos": 12, "chunkLen": 16, "isStartTag": 1}}
06-28 12:56:17.698 20134 20147 E WProf.db: {"WprofHTMLTag": {"code": "0x9ea7cba0", "doc": "http://searchengineland.com/eat-local-top-10-local-search-columns-2016-264767", "row": 0, "column": 16, "tagName": "a", "time": 15642.810744, "url": "", "pos": 16, "chunkLen": 16, "isStartTag": 0}}
06-28 12:56:17.698 20134 20147 E WProf.db: {"WprofHTMLTag": {"code": "0x9ea7cbd0", "doc": "http://searchengineland.com/eat-local-top-10-local-search-columns-2016-264767", "row": 0, "column": 8, "tagName": "input", "time": 15642.811997, "url": "", "pos": 8, "chunkLen": 8, "isStartTag": 1}}
06-28 12:56:17.698 20134 20147 E WProf.db: {"WprofHTMLTag": {"code": "0x9ea7cc00", "doc": "http://searchengineland.com/eat-local-top-10-local-search-columns-2016-264767", "row": 0, "column": 9, "tagName": "link", "time": 15642.820717, "url": "", "pos": 9, "chunkLen": 42, "isStartTag": 1}}
06-28 12:56:17.698 20134 20147 E WProf.db: {"WprofHTMLTag": {"code": "0x9ea7cc30", "doc": "http://searchengineland.com/eat-local-top-10-local-search-columns-2016-264767", "row": 0, "column": 16, "tagName": "table", "time": 15642.820830, "url": "", "pos": 16, "chunkLen": 42, "isStartTag": 1}}
06-28 12:56:17.698 20134 20147 E WProf.db: {"WprofHTMLTag": {"code": "0x9ea7cc60", "doc": "http://searchengineland.com/eat-local-top-10-local-search-columns-2016-264767", "row": 0, "column": 24, "tagName": "table", "time": 15642.820937, "url": "", "pos": 24, "chunkLen": 42, "isStartTag": 0}}
06-28 12:56:17.698 20134 20147 E WProf.db: {"WprofHTMLTag": {"code": "0x9ea7cc90", "doc": "http://searchengineland.com/eat-local-top-10-local-search-columns-2016-264767", "row": 0, "column": 37, "tagName": "a", "time": 15642.820998, "url": "", "pos": 37, "chunkLen": 42, "isStartTag": 1}}
06-28 12:56:17.698 20134 20147 E WProf.db: {"WprofHTMLTag": {"code": "0x9ea7ccc0", "doc": "http://searchengineland.com/eat-local-top-10-local-search-columns-2016-264767", "row": 0, "column": 42, "tagName": "a", "time": 15642.821169, "url": "", "pos": 42, "chunkLen": 42, "isStartTag": 0}}
06-28 12:56:17.698 20134 20147 E WProf.db: {"WprofHTMLTag": {"code": "0x9ea7cd50", "doc": "http://searchengineland.com/eat-local-top-10-local-search-columns-2016-264767", "row": 0, "column": 10, "tagName": "textarea", "time": 15642.822301, "url": "", "pos": 10, "chunkLen": 22, "isStartTag": 1}}
06-28 12:56:17.698 20134 20147 E WProf.db: {"WprofHTMLTag": {"code": "0x9ea7cd80", "doc": "http://searchengineland.com/eat-local-top-10-local-search-columns-2016-264767", "row": 0, "column": 22, "tagName": "textarea", "time": 15642.822511, "url": "", "pos": 22, "chunkLen": 22, "isStartTag": 0}}
06-28 12:56:17.698 20134 20147 E WProf.db: {"WprofHTMLTag": {"code": "0x9ea7cdb0", "doc": "http://searchengineland.com/eat-local-top-10-local-search-columns-2016-264767", "row": 0, "column": 48, "tagName": "input", "time": 15642.823644, "url": "", "pos": 48, "chunkLen": 48, "isStartTag": 1}}
06-28 12:56:17.698 20134 20147 E WProf.db: {"WprofHTMLTag": {"code": "0x9ea7ce10", "doc": "http://searchengineland.com/eat-local-top-10-local-search-columns-2016-264767", "row": 0, "column": 9, "tagName": "link", "time": 15642.827732, "url": "", "pos": 9, "chunkLen": 66, "isStartTag": 1}}
06-28 12:56:17.698 20134 20147 E WProf.db: {"WprofHTMLTag": {"code": "0x9ea7ce40", "doc": "http://searchengineland.com/eat-local-top-10-local-search-columns-2016-264767", "row": 0, "column": 16, "tagName": "table", "time": 15642.827845, "url": "", "pos": 16, "chunkLen": 66, "isStartTag": 1}}
06-28 12:56:17.698 20134 20147 E WProf.db: {"WprofHTMLTag": {"code": "0x9ea7ce70", "doc": "http://searchengineland.com/eat-local-top-10-local-search-columns-2016-264767", "row": 0, "column": 24, "tagName": "table", "time": 15642.827917, "url": "", "pos": 24, "chunkLen": 66, "isStartTag": 0}}
06-28 12:56:17.699 20134 20147 E WProf.db: {"WprofHTMLTag": {"code": "0x9ea7cea0", "doc": "http://searchengineland.com/eat-local-top-10-local-search-columns-2016-264767", "row": 0, "column": 37, "tagName": "a", "time": 15642.827978, "url": "", "pos": 37, "chunkLen": 66, "isStartTag": 1}}
06-28 12:56:17.699 20134 20147 E WProf.db: {"WprofHTMLTag": {"code": "0x9ea7ced0", "doc": "http://searchengineland.com/eat-local-top-10-local-search-columns-2016-264767", "row": 0, "column": 42, "tagName": "a", "time": 15642.828146, "url": "", "pos": 42, "chunkLen": 66, "isStartTag": 0}}
06-28 12:56:17.699 20134 20147 E WProf.db: {"WprofHTMLTag": {"code": "0x9ea7cf00", "doc": "http://searchengineland.com/eat-local-top-10-local-search-columns-2016-264767", "row": 0, "column": 66, "tagName": "input", "time": 15642.828206, "url": "", "pos": 66, "chunkLen": 66, "isStartTag": 1}}
06-28 12:56:17.699 20134 20147 E WProf.db: {"WprofHTMLTag": {"code": "0x9ea7cf90", "doc": "http://searchengineland.com/eat-local-top-10-local-search-columns-2016-264767", "row": 0, "column": 9, "tagName": "link", "time": 15642.830314, "url": "", "pos": 9, "chunkLen": 66, "isStartTag": 1}}
06-28 12:56:17.699 20134 20147 E WProf.db: {"WprofHTMLTag": {"code": "0x9ea7cfc0", "doc": "http://searchengineland.com/eat-local-top-10-local-search-columns-2016-264767", "row": 0, "column": 16, "tagName": "table", "time": 15642.830423, "url": "", "pos": 16, "chunkLen": 66, "isStartTag": 1}}
06-28 12:56:17.699 20134 20147 E WProf.db: {"WprofHTMLTag": {"code": "0x9ea7cff0", "doc": "http://searchengineland.com/eat-local-top-10-local-search-columns-2016-264767", "row": 0, "column": 24, "tagName": "table", "time": 15642.830489, "url": "", "pos": 24, "chunkLen": 66, "isStartTag": 0}}
06-28 12:56:17.699 20134 20147 E WProf.db: {"WprofHTMLTag": {"code": "0x9ea7d020", "doc": "http://searchengineland.com/eat-local-top-10-local-search-columns-2016-264767", "row": 0, "column": 37, "tagName": "a", "time": 15642.830563, "url": "", "pos": 37, "chunkLen": 66, "isStartTag": 1}}
06-28 12:56:17.699 20134 20147 E WProf.db: {"WprofHTMLTag": {"code": "0x9ea7d050", "doc": "http://searchengineland.com/eat-local-top-10-local-search-columns-2016-264767", "row": 0, "column": 42, "tagName": "a", "time": 15642.830725, "url": "", "pos": 42, "chunkLen": 66, "isStartTag": 0}}
06-28 12:56:17.699 20134 20147 E WProf.db: {"WprofHTMLTag": {"code": "0x9ea7d080", "doc": "http://searchengineland.com/eat-local-top-10-local-search-columns-2016-264767", "row": 0, "column": 66, "tagName": "input", "time": 15642.830788, "url": "", "pos": 66, "chunkLen": 66, "isStartTag": 1}}
06-28 12:56:17.699 20134 20147 E WProf.db: {"WprofHTMLTag": {"code": "0x9ea7d0e0", "doc": "http://searchengineland.com/eat-local-top-10-local-search-columns-2016-264767", "row": 0, "column": 9, "tagName": "link", "time": 15642.835047, "url": "", "pos": 9, "chunkLen": 66, "isStartTag": 1}}
06-28 12:56:17.699 20134 20147 E WProf.db: {"WprofHTMLTag": {"code": "0x9ea7d110", "doc": "http://searchengineland.com/eat-local-top-10-local-search-columns-2016-264767", "row": 0, "column": 16, "tagName": "table", "time": 15642.835159, "url": "", "pos": 16, "chunkLen": 66, "isStartTag": 1}}
06-28 12:56:17.699 20134 20147 E WProf.db: {"WprofHTMLTag": {"code": "0x9ea7d140", "doc": "http://searchengineland.com/eat-local-top-10-local-search-columns-2016-264767", "row": 0, "column": 24, "tagName": "table", "time": 15642.835234, "url": "", "pos": 24, "chunkLen": 66, "isStartTag": 0}}
06-28 12:56:17.700 20134 20147 E WProf.db: {"WprofHTMLTag": {"code": "0x9ea7d170", "doc": "http://searchengineland.com/eat-local-top-10-local-search-columns-2016-264767", "row": 0, "column": 37, "tagName": "a", "time": 15642.835297, "url": "", "pos": 37, "chunkLen": 66, "isStartTag": 1}}
06-28 12:56:17.700 20134 20147 E WProf.db: {"WprofHTMLTag": {"code": "0x9ea7d1a0", "doc": "http://searchengineland.com/eat-local-top-10-local-search-columns-2016-264767", "row": 0, "column": 42, "tagName": "a", "time": 15642.835455, "url": "", "pos": 42, "chunkLen": 66, "isStartTag": 0}}
06-28 12:56:17.700 20134 20147 E WProf.db: {"WprofHTMLTag": {"code": "0x9ea7d1d0", "doc": "http://searchengineland.com/eat-local-top-10-local-search-columns-2016-264767", "row": 0, "column": 66, "tagName": "input", "time": 15642.835513, "url": "", "pos": 66, "chunkLen": 66, "isStartTag": 1}}
06-28 12:56:17.700 20134 20147 E WProf.db: {"WprofHTMLTag": {"code": "0x9ea7ca80", "doc": "http://searchengineland.com/eat-local-top-10-local-search-columns-2016-264767", "row": 115, "column": 154, "tagName": "script", "time": 15642.848342, "url": "http://searchengineland.com/figz/wp-content/themes/searchengineland/js/lib/jquery-ui-1.10.3.custom.min.js?ver=1.10.3", "pos": 67, "chunkLen": 67, "isStartTag": 1}}
06-28 12:56:17.700 20134 20147 E WProf.db: {"WprofHTMLTag": {"code": "0x9ea7d2f0", "doc": "http://searchengineland.com/eat-local-top-10-local-search-columns-2016-264767", "row": 115, "column": 163, "tagName": "script", "time": 15642.848600, "url": "", "pos": 67, "chunkLen": 67, "isStartTag": 0}}
