--------- beginning of main
06-28 14:43:37.131  3449  3449 E Finsky  : [1] com.google.android.finsky.wear.bl.a(3): onConnectionFailed: ConnectionResult{statusCode=API_UNAVAILABLE, resolution=null, message=null}
--------- beginning of system
06-28 14:43:38.461 23829 23829 E chromium: [ERROR:shell_integration_android.cc(12)] Not implemented reached in static ShellIntegration::DefaultWebClientSetPermission ShellIntegration::CanSetAsDefaultBrowser()
06-28 14:43:38.464 23829 23829 E chromium: [ERROR:browser_process_impl.cc(720)] Not implemented reached in virtual BackgroundModeManager* BrowserProcessImpl::background_mode_manager()
06-28 14:43:38.730  3218 12931 E AudioRecord-JNI: Error -4 during AudioRecord native read
06-28 14:43:41.032 23829 23874 E chromium: [ERROR:gles2_cmd_decoder.cc(3852)] [.ChromiumCompositor-0xacbb2fc0]GL ERROR :GL_INVALID_ENUM : glDiscardFramebufferEXT: attachments was GL_COLOR_EXT
06-28 14:43:41.318 23896 23909 E WPROF   : {"CSS": {"url": "http://searchengineland.com/figz/wp-content/themes/searchengineland/css/searchengineland-bootstrap.css", "requestTime": 22098.374063}}
06-28 14:43:41.319 23896 23909 E WPROF   : {"CSS": {"url": "http://fonts.googleapis.com/css?family=Oswald:300,400,700", "requestTime": 22098.374711}}
06-28 14:43:41.320 23896 23909 E WPROF   : {"CSS": {"url": "http://searchengineland.com/figz/wp-content/themes/searchengineland/style.css", "requestTime": 22098.375363}}
06-28 14:43:41.325 23896 23909 E WPROF   : {"Javascript": {"url": "http://searchengineland.com/figz/wp-content/themes/searchengineland/js/lib/modernizr.custom.js?ver=1.0", "requestTime": 22098.380332}}
06-28 14:43:41.325 23896 23909 E WPROF   : {"Javascript": {"url": "http://searchengineland.com/figz/wp-content/themes/searchengineland/js/lib/jquery-1.11.0.min.js?ver=1.11.0", "requestTime": 22098.381045}}
06-28 14:43:41.326 23896 23909 E WPROF   : {"Javascript": {"url": "http://searchengineland.com/figz/wp-content/themes/searchengineland/js/lib/jquery-ui-1.10.3.custom.min.js?ver=1.10.3", "requestTime": 22098.381598}}
06-28 14:43:41.327 23896 23909 E WPROF   : {"Javascript": {"url": "http://searchengineland.com/figz/wp-content/themes/searchengineland/js/lib/jquery.ba-throttle-debounce.min.js?ver=1.1", "requestTime": 22098.382265}}
06-28 14:43:41.328 23896 23909 E WPROF   : {"Javascript": {"url": "http://searchengineland.com/figz/wp-content/themes/searchengineland/js/lib/jquery.countdown.min.js?ver=2.0.4", "requestTime": 22098.383318}}
06-28 14:43:41.329 23896 23909 E WPROF   : {"Javascript": {"url": "http://static.chartbeat.com/js/chartbeat_mab.js", "requestTime": 22098.384485}}
06-28 14:43:41.954 23896 23909 E WPROF   : {"Javascript": {"url": "http://searchengineland.com/figz/wp-includes/js/wp-emoji-release.min.js?ver=4.7.5", "requestTime": 22099.009904}}
06-28 14:43:42.340 23896 23909 E WPROF   : {"Javascript": {"url": "http://www.googletagservices.com/tag/js/gpt.js", "requestTime": 22099.396115}}
06-28 14:43:42.347 23896 23909 E WPROF   : {"Javascript": {"url": "https://www.google-analytics.com/analytics.js", "requestTime": 22099.402768}}
06-28 14:43:42.351 23896 23909 E WPROF   : {"Javascript": {"url": "http://edge.quantserve.com/quant.js", "requestTime": 22099.407074}}
06-28 14:43:42.353 23896 23909 E WPROF   : {"Javascript": {"url": "https://connect.facebook.net/en_US/fbevents.js", "requestTime": 22099.408791}}
06-28 14:43:42.410 23829 23874 E chromium: [ERROR:gles2_cmd_decoder.cc(3852)] [.ChromiumCompositor-0xacbb2fc0]GL ERROR :GL_INVALID_ENUM : glDiscardFramebufferEXT: attachments was GL_COLOR_EXT
06-28 14:43:42.429 23896 23909 E WPROF   : {"Javascript": {"url": "http://app-sj02.marketo.com/js/forms2/js/forms2.min.js", "requestTime": 22099.484331}}
06-28 14:43:42.536 23829 23874 E chromium: [ERROR:gles2_cmd_decoder.cc(3852)] [.ChromiumCompositor-0xacbb2fc0]GL ERROR :GL_INVALID_ENUM : glDiscardFramebufferEXT: attachments was GL_COLOR_EXT
06-28 14:43:42.566 23896 23909 E WPROF   : {"Javascript": {"url": "https://connect.facebook.net/signals/config/423979991297359?v=2.7.17", "requestTime": 22099.621960}}
06-28 14:43:42.731 23896 23909 E WPROF   : {"Javascript": {"url": "http://app-sj02.marketo.com/index.php/form/getForm?munchkinId=727-ZQE-044&form=5691&url=http%3A%2F%2Fsearchengineland.com%2Fgboard-android-gets-new-ways-search-emojis-phrase-suggestions-276841&callback=jQuery110207139494346920401_1498628622662&_=1498628622663", "requestTime": 22099.787033}}
06-28 14:43:42.747 23896 23909 E WPROF   : {"Javascript": {"url": "http://app-sj02.marketo.com/index.php/form/getForm?munchkinId=727-ZQE-044&form=5685&url=http%3A%2F%2Fsearchengineland.com%2Fgboard-android-gets-new-ways-search-emojis-phrase-suggestions-276841&callback=jQuery110207139494346920401_1498628622664&_=1498628622665", "requestTime": 22099.803199}}
06-28 14:43:42.779 23896 23909 E WPROF   : {"Javascript": {"url": "https://securepubads.g.doubleclick.net/gpt/pubads_impl_121.js", "requestTime": 22099.835095}}
06-28 14:43:43.000 23896 23909 E WPROF   : {"Javascript": {"url": "http://app-sj02.marketo.com/index.php/form/getForm?munchkinId=727-ZQE-044&form=5673&url=http%3A%2F%2Fsearchengineland.com%2Fgboard-android-gets-new-ways-search-emojis-phrase-suggestions-276841&callback=jQuery110207139494346920401_1498628622666&_=1498628622667", "requestTime": 22100.055829}}
06-28 14:43:43.007 23896 23909 E WPROF   : {"Javascript": {"url": "http://searchengineland.com/js/ga_social_tracking.js", "requestTime": 22100.062566}}
06-28 14:43:43.008 23896 23909 E WPROF   : {"Javascript": {"url": "http://s7.addthis.com/js/300/addthis_widget.js#pubid=ra-53e918f660794f37", "requestTime": 22100.063432}}
06-28 14:43:43.066 23829 23874 E chromium: [ERROR:gles2_cmd_decoder.cc(3852)] [.ChromiumCompositor-0xacbb2fc0]GL ERROR :GL_INVALID_ENUM : glDiscardFramebufferEXT: attachments was GL_COLOR_EXT
06-28 14:43:43.473 23896 23909 E WPROF   : {"Javascript": {"url": "http://cdn.api.twitter.com/1/users/show.json?screen_name=AmyGesenhues&callback=twttr.setFollowersCount", "requestTime": 22100.528824}}
06-28 14:43:43.546 23896 23909 E WPROF   : {"CSS": {"url": "http://app-sj02.marketo.com/js/forms2/css/forms2.css", "requestTime": 22100.601660}}
06-28 14:43:43.549 23896 23909 E WPROF   : {"CSS": {"url": "http://app-sj02.marketo.com/js/forms2/css/forms2-theme-simple.css", "requestTime": 22100.605073}}
06-28 14:43:43.573 23829 23874 E chromium: [ERROR:gles2_cmd_decoder.cc(3852)] [.ChromiumCompositor-0xacbb2fc0]GL ERROR :GL_INVALID_ENUM : glDiscardFramebufferEXT: attachments was GL_COLOR_EXT
06-28 14:43:43.623 23896 23909 E WPROF   : {"Javascript": {"url": "https://static.xx.fbcdn.net/rsrc.php/v3iy6L4/yk/l/ko_KR/be4fIjHRc8P.js", "requestTime": 22100.678444}}
06-28 14:43:44.190   862  1657 E LocSvc_IzatApiV02: E/virtual int izat_core::IzatApiV02::getBatchSize(int32_t):522]: Error : st = 4, ind.status = -1628389555
06-28 14:43:44.190   862  1657 E LocSvc_IzatApiV02: E/virtual int izat_core::IzatApiV02::getBatchSize(int32_t):535]: get batching size failed.Or modem does not support batching 
06-28 14:43:44.199   862  1657 E LocSvc_IzatApiV02: E/virtual int izat_core::IzatApiV02::getBatchSize(int32_t):522]: Error : st = 4, ind.status = -1628389555
06-28 14:43:44.199   862  1657 E LocSvc_IzatApiV02: E/virtual int izat_core::IzatApiV02::getBatchSize(int32_t):535]: get batching size failed.Or modem does not support batching 
06-28 14:43:44.230   862  1657 E LocSvc_IzatApiV02: E/virtual int izat_core::IzatApiV02::getBatchSize(int32_t):522]: Error : st = 4, ind.status = -1628389555
06-28 14:43:44.230   862  1657 E LocSvc_IzatApiV02: E/virtual int izat_core::IzatApiV02::getBatchSize(int32_t):535]: get batching size failed.Or modem does not support batching 
06-28 14:43:44.243   862  1657 E LocSvc_IzatApiV02: E/virtual int izat_core::IzatApiV02::getBatchSize(int32_t):522]: Error : st = 4, ind.status = -1628389555
06-28 14:43:44.243   862  1657 E LocSvc_IzatApiV02: E/virtual int izat_core::IzatApiV02::getBatchSize(int32_t):535]: get batching size failed.Or modem does not support batching 
06-28 14:43:44.343 23896 23909 E WPROF   : {"Javascript": {"url": "https://securepubads.g.doubleclick.net/gampad/ads?gdfp_req=1&correlator=3094790075842560&output=json_html&callback=googletag.impl.pubads.callbackProxy1&impl=fifs&json_a=1&eid=108809080%2C108809107&sc=0&sfv=1-0-9&iu_parts=1038259%2Csel-ciu-1%2Csel-ciu-2%2Csel-ciu-3%2Csel-ciu-4%2Csel-ciu-5%2Cch-seo-le", "requestTime": 22101.398724}}
06-28 14:43:44.397 23829 23874 E chromium: [ERROR:gles2_cmd_decoder.cc(3852)] [.ChromiumCompositor-0xacbb2fc0]GL ERROR :GL_INVALID_ENUM : glDiscardFramebufferEXT: attachments was GL_COLOR_EXT
06-28 14:43:44.841 23896 23909 E WPROF   : {"Javascript": {"url": "http://platform.twitter.com/widgets.js", "requestTime": 22101.896812}}
06-28 14:43:44.843 23896 23909 E WPROF   : {"Javascript": {"url": "http://connect.facebook.net/en_US/sdk.js", "requestTime": 22101.899175}}
06-28 14:43:44.847 23896 23909 E WPROF   : {"Javascript": {"url": "https://apis.google.com/js/platform.js", "requestTime": 22101.902270}}
06-28 14:43:44.862 23896 23909 E WPROF   : {"Javascript": {"url": "http://rules.quantcount.com/rules-p-5aGizvD82d9hk.js", "requestTime": 22101.918037}}
06-28 14:43:44.866 23896 23909 E WPROF   : {"Javascript": {"url": "http://munchkin.marketo.net/munchkin.js", "requestTime": 22101.921228}}
06-28 14:43:45.080 23896 23909 E WPROF   : {"Javascript": {"url": "http://d2j3qa5nc37287.cloudfront.net/coupon_code1.js", "requestTime": 22102.135739}}
06-28 14:43:45.097 23896 23909 E WPROF   : {"Javascript": {"url": "http://www.googleadservices.com/pagead/conversion.js", "requestTime": 22102.152478}}
06-28 14:43:45.098 23896 23909 E WPROF   : {"Javascript": {"url": "http://searchengineland.com/figz/wp-content/themes/searchengineland/js/script.js?ver=1.0", "requestTime": 22102.153310}}
06-28 14:43:45.098 23896 23909 E WPROF   : {"Javascript": {"url": "http://searchengineland.com/figz/wp-includes/js/wp-embed.min.js?ver=4.7.5", "requestTime": 22102.153766}}
06-28 14:43:45.104 23896 23909 E WPROF   : {"Javascript": {"url": "http://searchengineland.com/figz/wp-content/themes/searchengineland/js/modules/sharing_controls.js", "requestTime": 22102.159630}}
06-28 14:43:45.118 23896 23909 E WPROF   : {"CSS": {"url": "https://www.youtube.com/yts/cssbin/www-embed-player-sprite-mode-vfl5G4Xm8.css", "requestTime": 22102.173386}}
06-28 14:43:45.120 23896 23909 E WPROF   : {"Javascript": {"url": "https://www.youtube.com/yts/jsbin/www-embed-player-vfl_UY_j8/www-embed-player.js", "requestTime": 22102.175259}}
06-28 14:43:45.120 23896 23909 E WPROF   : {"Javascript": {"url": "https://www.youtube.com/yts/jsbin/player-vflo1w4O-/ko_KR/base.js", "requestTime": 22102.175957}}
06-28 14:43:45.121 23829 23874 E chromium: [ERROR:gles2_cmd_decoder.cc(3852)] [.ChromiumCompositor-0xacbb2fc0]GL ERROR :GL_INVALID_ENUM : glDiscardFramebufferEXT: attachments was GL_COLOR_EXT
06-28 14:43:45.215 23829 23874 E chromium: [ERROR:gles2_cmd_decoder.cc(3852)] [.ChromiumCompositor-0xacbb2fc0]GL ERROR :GL_INVALID_ENUM : glDiscardFramebufferEXT: attachments was GL_COLOR_EXT
06-28 14:43:45.781 23896 23909 E WPROF   : {"Javascript": {"url": "http://m.addthisedge.com/live/boost/ra-53e918f660794f37/_ate.track.config_resp", "requestTime": 22102.836813}}
06-28 14:43:45.826 23896 23909 E WPROF   : {"Javascript": {"url": "http://m.addthis.com/live/red_lojson/300lo.json?si=59534210a70da092&bkl=0&bl=1&pdt=2084&sid=59534210a70da092&pub=ra-53e918f660794f37&rev=v7.15.4-wp&ln=ko&pc=men&cb=0&ab=-&dp=searchengineland.com&fp=gboard-android-gets-new-ways-search-emojis-phrase-suggestions-276841&fr=&of=0&pd=0&irt=0&vcl=0&md=0&ct", "requestTime": 22102.881424}}
06-28 14:43:46.060 23896 23909 E WPROF   : {"Javascript": {"url": "http://dnn506yrbagrg.cloudfront.net/pages/scripts/0026/4062.js?416285", "requestTime": 22103.115924}}
06-28 14:43:46.107 23829 23874 E chromium: [ERROR:gles2_cmd_decoder.cc(3852)] [.ChromiumCompositor-0xacbb2fc0]GL ERROR :GL_INVALID_ENUM : glDiscardFramebufferEXT: attachments was GL_COLOR_EXT
06-28 14:43:46.660 23829 23874 E chromium: [ERROR:gles2_cmd_decoder.cc(3852)] [.ChromiumCompositor-0xacbb2fc0]GL ERROR :GL_INVALID_ENUM : glDiscardFramebufferEXT: attachments was GL_COLOR_EXT
06-28 14:43:46.877 23829 23874 E chromium: [ERROR:gles2_cmd_decoder.cc(3852)] [.ChromiumCompositor-0xacbb2fc0]GL ERROR :GL_INVALID_ENUM : glDiscardFramebufferEXT: attachments was GL_COLOR_EXT
06-28 14:43:47.986 23896 23909 E WPROF   : {"Javascript": {"url": "https://www.google.com/js/bg/KWBfAnWFESAEEaKKgdYlTHY9ysQaNoQuzeMFqvxDSM8.js", "requestTime": 22105.041701}}
06-28 14:43:47.989 23896 23909 E WPROF   : {"Javascript": {"url": "https://static.doubleclick.net/instream/ad_status.js", "requestTime": 22105.044667}}
06-28 14:43:48.144 23829 23874 E chromium: [ERROR:gles2_cmd_decoder.cc(3852)] [.ChromiumCompositor-0xacbb2fc0]GL ERROR :GL_INVALID_ENUM : glDiscardFramebufferEXT: attachments was GL_COLOR_EXT
06-28 14:43:48.459 23829 23874 E chromium: [ERROR:gles2_cmd_decoder.cc(3852)] [.ChromiumCompositor-0xacbb2fc0]GL ERROR :GL_INVALID_ENUM : glDiscardFramebufferEXT: attachments was GL_COLOR_EXT
06-28 14:43:48.555 23829 23874 E chromium: [ERROR:gles2_cmd_decoder.cc(3852)] [.ChromiumCompositor-0xacbb2fc0]GL ERROR :GL_INVALID_ENUM : glDiscardFramebufferEXT: attachments was GL_COLOR_EXT
06-28 14:43:48.641 23896 23909 E WPROF   : {"Javascript": {"url": "https://tpc.googlesyndication.com/pagead/js/r20170619/r20110914/client/ext/m_window_focus_non_hydra.js", "requestTime": 22105.696823}}
06-28 14:43:48.644 23896 23909 E WPROF   : {"Javascript": {"url": "https://tpc.googlesyndication.com/pagead/js/r20170619/r20110914/activeview/osd_listener.js", "requestTime": 22105.699980}}
06-28 14:43:48.651 23896 23909 E WPROF   : {"Javascript": {"url": "http://pagead2.googlesyndication.com/pagead/osd.js", "requestTime": 22105.706840}}
06-28 14:43:48.957 23896 23909 E WPROF   : {"Javascript": {"url": "https://platform.twitter.com/js/button.b731e6c82269f70f6fc53634e044a4c6.js", "requestTime": 22106.012886}}
06-28 14:43:48.963 23896 23909 E WPROF   : {"Javascript": {"url": "http://munchkin.marketo.net/151/munchkin.js", "requestTime": 22106.018934}}
06-28 14:43:48.969 23896 23909 E WPROF   : {"Javascript": {"url": "http://www.justuno.com/ajax/account_version_check.html?id=828FA275-FF73-401E-AA39-40F5A6FAB6B1", "requestTime": 22106.025008}}
06-28 14:43:49.187 23896 23909 E WPROF   : {"Javascript": {"url": "http://s7.addthis.com/static/layers.4acb6c577b51939661ec.js", "requestTime": 22106.242240}}
06-28 14:43:49.456 23829 23874 E chromium: [ERROR:gles2_cmd_decoder.cc(3852)] [.ChromiumCompositor-0xacbb2fc0]GL ERROR :GL_INVALID_ENUM : glDiscardFramebufferEXT: attachments was GL_COLOR_EXT
06-28 14:43:49.956 23829 23874 E chromium: [ERROR:gles2_cmd_decoder.cc(3852)] [.ChromiumCompositor-0xacbb2fc0]GL ERROR :GL_INVALID_ENUM : glDiscardFramebufferEXT: attachments was GL_COLOR_EXT
06-28 14:43:50.368 23829 23874 E chromium: [ERROR:gles2_cmd_decoder.cc(3852)] [.ChromiumCompositor-0xacbb2fc0]GL ERROR :GL_INVALID_ENUM : glDiscardFramebufferEXT: attachments was GL_COLOR_EXT
06-28 14:43:50.588 23829 23874 E chromium: [ERROR:gles2_cmd_decoder.cc(3852)] [.ChromiumCompositor-0xacbb2fc0]GL ERROR :GL_INVALID_ENUM : glDiscardFramebufferEXT: attachments was GL_COLOR_EXT
06-28 14:43:52.667 23896 23909 E WPROF   : {"Javascript": {"url": "http://cdn.justuno.com/mwgt_3.6.js", "requestTime": 22109.723128}}
06-28 14:43:52.885 23829 23874 E chromium: [ERROR:gles2_cmd_decoder.cc(3852)] [.ChromiumCompositor-0xacbb2fc0]GL ERROR :GL_INVALID_ENUM : glDiscardFramebufferEXT: attachments was GL_COLOR_EXT
06-28 14:43:52.949 23896 23909 E WPROF   : {"Javascript": {"url": "https://app-sj02.marketo.com/js/forms2/js/forms2.min.js", "requestTime": 22110.004284}}
06-28 14:43:53.119 23829 23874 E chromium: [ERROR:gles2_cmd_decoder.cc(3852)] [.ChromiumCompositor-0xacbb2fc0]GL ERROR :GL_INVALID_ENUM : glDiscardFramebufferEXT: attachments was GL_COLOR_EXT
06-28 14:43:53.472 23829 23874 E chromium: [ERROR:gles2_cmd_decoder.cc(3852)] [.ChromiumCompositor-0xacbb2fc0]GL ERROR :GL_INVALID_ENUM : glDiscardFramebufferEXT: attachments was GL_COLOR_EXT
06-28 14:43:54.321 23896 23909 E WPROF   : {"Javascript": {"url": "https://cdn.syndication.twimg.com/widgets/followbutton/info.json?callback=__twttr.setFollowersCountAndFollowing&lang=en&screen_names=sengineland", "requestTime": 22111.377186}}
06-28 14:43:54.647 23896 23909 E WProf.db: {"page": "searchengineland.com_gboard-android-gets-new-ways-search-emojis-phrase-suggestions-276841"}
06-28 14:43:54.647 23896 23909 E WProf.db: {"DOMLoad": 22111.702587}
06-28 14:43:54.647 23896 23909 E WProf.db: {"Resource": {"id": 1, "url": "http://searchengineland.com/gboard-android-gets-new-ways-search-emojis-phrase-suggestions-276841", "sentTime": -1.000000, "len": 90906, "from": "0x0", "mimeType": "text/html", "contentLength": -1, "httpStatus": 200, "connId": 20, "connReused": 1, "cached": 0,"requestTime": 22097.989063, "proxyStart": -1, "proxyEnd": -1, "dnsStart": -1, "dnsEnd": -1, "connectStart": 0, "connectEnd": 70, "sendStart": 70, "sendEnd": 71, "receiveHeadersEnd": 238, "sslStart": -1, "sslEnd": -1}}
06-28 14:43:54.647 23896 23909 E WProf.db: {"ReceivedChunk": {"receivedTime": 22098.248289, "len": 12448}}
06-28 14:43:54.647 23896 23909 E WProf.db: {"ReceivedChunk": {"receivedTime": 22098.361980, "len": 32768}}
06-28 14:43:54.647 23896 23909 E WProf.db: {"ReceivedChunk": {"receivedTime": 22098.362583, "len": 27273}}
06-28 14:43:54.647 23896 23909 E WProf.db: {"ReceivedChunk": {"receivedTime": 22098.383786, "len": 18417}}
06-28 14:43:54.647 23896 23909 E WProf.db: {"WprofHTMLTag": {"code": "0xaedd7630", "doc": "http://searchengineland.com/gboard-android-gets-new-ways-search-emojis-phrase-suggestions-276841", "row": 6, "column": 42, "tagName": "html", "time": 22098.365630, "url": "", "pos": 1, "chunkLen": 1, "isStartTag": 1}}
06-28 14:43:54.647 23896 23909 E WProf.db: {"WprofHTMLTag": {"code": "0xaf047760", "doc": "http://searchengineland.com/gboard-android-gets-new-ways-search-emojis-phrase-suggestions-276841", "row": 7, "column": 6, "tagName": "head", "time": 22098.366175, "url": "", "pos": 1, "chunkLen": 1, "isStartTag": 1}}
06-28 14:43:54.647 23896 23909 E WProf.db: {"WprofHTMLTag": {"code": "0xaf047850", "doc": "http://searchengineland.com/gboard-android-gets-new-ways-search-emojis-phrase-suggestions-276841", "row": 8, "column": 54, "tagName": "meta", "time": 22098.366234, "url": "", "pos": 1, "chunkLen": 1, "isStartTag": 1}}
06-28 14:43:54.647 23896 23909 E WProf.db: {"WprofHTMLTag": {"code": "0xaf047880", "doc": "http://searchengineland.com/gboard-android-gets-new-ways-search-emojis-phrase-suggestions-276841", "row": 9, "column": 68, "tagName": "meta", "time": 22098.366415, "url": "", "pos": 1, "chunkLen": 1, "isStartTag": 1}}
06-28 14:43:54.648 23896 23909 E WProf.db: {"WprofHTMLTag": {"code": "0xaf0478b0", "doc": "http://searchengineland.com/gboard-android-gets-new-ways-search-emojis-phrase-suggestions-276841", "row": 10, "column": 23, "tagName": "meta", "time": 22098.366549, "url": "", "pos": 1, "chunkLen": 1, "isStartTag": 1}}
06-28 14:43:54.648 23896 23909 E WProf.db: {"WprofHTMLTag": {"code": "0xaf0478e0", "doc": "http://searchengineland.com/gboard-android-gets-new-ways-search-emojis-phrase-suggestions-276841", "row": 11, "column": 52, "tagName": "meta", "time": 22098.366728, "url": "", "pos": 1, "chunkLen": 1, "isStartTag": 1}}
06-28 14:43:54.648 23896 23909 E WProf.db: {"WprofHTMLTag": {"code": "0xaf047910", "doc": "http://searchengineland.com/gboard-android-gets-new-ways-search-emojis-phrase-suggestions-276841", "row": 14, "column": 56, "tagName": "meta", "time": 22098.366883, "url": "", "pos": 1, "chunkLen": 1, "isStartTag": 1}}
06-28 14:43:54.648 23896 23909 E WProf.db: {"WprofHTMLTag": {"code": "0xaf047940", "doc": "http://searchengineland.com/gboard-android-gets-new-ways-search-emojis-phrase-suggestions-276841", "row": 15, "column": 83, "tagName": "meta", "time": 22098.367009, "url": "", "pos": 1, "chunkLen": 1, "isStartTag": 1}}
06-28 14:43:54.648 23896 23909 E WProf.db: {"WprofHTMLTag": {"code": "0xaf047970", "doc": "http://searchengineland.com/gboard-android-gets-new-ways-search-emojis-phrase-suggestions-276841", "row": 16, "column": 57, "tagName": "meta", "time": 22098.367146, "url": "", "pos": 1, "chunkLen": 1, "isStartTag": 1}}
06-28 14:43:54.648 23896 23909 E WProf.db: {"WprofHTMLTag": {"code": "0xaf047a00", "doc": "http://searchengineland.com/gboard-android-gets-new-ways-search-emojis-phrase-suggestions-276841", "row": 17, "column": 41, "tagName": "meta", "time": 22098.367275, "url": "", "pos": 1, "chunkLen": 1, "isStartTag": 1}}
06-28 14:43:54.648 23896 23909 E WProf.db: {"WprofHTMLTag": {"code": "0xaf047a30", "doc": "http://searchengineland.com/gboard-android-gets-new-ways-search-emojis-phrase-suggestions-276841", "row": 18, "column": 50, "tagName": "meta", "time": 22098.367414, "url": "", "pos": 1, "chunkLen": 1, "isStartTag": 1}}
06-28 14:43:54.648 23896 23909 E WProf.db: {"WprofHTMLTag": {"code": "0xaf047a60", "doc": "http://searchengineland.com/gboard-android-gets-new-ways-search-emojis-phrase-suggestions-276841", "row": 19, "column": 174, "tagName": "meta", "time": 22098.367542, "url": "", "pos": 1, "chunkLen": 1, "isStartTag": 1}}
06-28 14:43:54.648 23896 23909 E WProf.db: {"WprofHTMLTag": {"code": "0xaf0479d0", "doc": "http://searchengineland.com/gboard-android-gets-new-ways-search-emojis-phrase-suggestions-276841", "row": 20, "column": 47, "tagName": "meta", "time": 22098.367791, "url": "", "pos": 1, "chunkLen": 1, "isStartTag": 1}}
06-28 14:43:54.649 23896 23909 E WProf.db: {"WprofHTMLTag": {"code": "0xaf0479a0", "doc": "http://searchengineland.com/gboard-android-gets-new-ways-search-emojis-phrase-suggestions-276841", "row": 21, "column": 67, "tagName": "meta", "time": 22098.368003, "url": "", "pos": 1, "chunkLen": 1, "isStartTag": 1}}
06-28 14:43:54.649 23896 23909 E WProf.db: {"WprofHTMLTag": {"code": "0xaf047a90", "doc": "http://searchengineland.com/gboard-android-gets-new-ways-search-emojis-phrase-suggestions-276841", "row": 22, "column": 57, "tagName": "meta", "time": 22098.368739, "url": "", "pos": 1, "chunkLen": 1, "isStartTag": 1}}
06-28 14:43:54.649 23896 23909 E WProf.db: {"WprofHTMLTag": {"code": "0xaf047ac0", "doc": "http://searchengineland.com/gboard-android-gets-new-ways-search-emojis-phrase-suggestions-276841", "row": 23, "column": 65, "tagName": "meta", "time": 22098.368888, "url": "", "pos": 1, "chunkLen": 1, "isStartTag": 1}}
06-28 14:43:54.649 23896 23909 E WProf.db: {"WprofHTMLTag": {"code": "0xaf047af0", "doc": "http://searchengineland.com/gboard-android-gets-new-ways-search-emojis-phrase-suggestions-276841", "row": 24, "column": 55, "tagName": "meta", "time": 22098.369075, "url": "", "pos": 1, "chunkLen": 1, "isStartTag": 1}}
06-28 14:43:54.649 23896 23909 E WProf.db: {"WprofHTMLTag": {"code": "0xaf047b20", "doc": "http://searchengineland.com/gboard-android-gets-new-ways-search-emojis-phrase-suggestions-276841", "row": 25, "column": 71, "tagName": "meta", "time": 22098.369209, "url": "", "pos": 1, "chunkLen": 1, "isStartTag": 1}}
06-28 14:43:54.649 23896 23909 E WProf.db: {"WprofHTMLTag": {"code": "0xaf047b50", "doc": "http://searchengineland.com/gboard-android-gets-new-ways-search-emojis-phrase-suggestions-276841", "row": 26, "column": 86, "tagName": "meta", "time": 22098.369383, "url": "", "pos": 1, "chunkLen": 1, "isStartTag": 1}}
06-28 14:43:54.649 23896 23909 E WProf.db: {"WprofHTMLTag": {"code": "0xaf047b80", "doc": "http://searchengineland.com/gboard-android-gets-new-ways-search-emojis-phrase-suggestions-276841", "row": 27, "column": 54, "tagName": "meta", "time": 22098.369551, "url": "", "pos": 1, "chunkLen": 1, "isStartTag": 1}}
06-28 14:43:54.649 23896 23909 E WProf.db: {"WprofHTMLTag": {"code": "0xaf047bb0", "doc": "http://searchengineland.com/gboard-android-gets-new-ways-search-emojis-phrase-suggestions-276841", "row": 29, "column": 39, "tagName": "meta", "time": 22098.369683, "url": "", "pos": 1, "chunkLen": 1, "isStartTag": 1}}
06-28 14:43:54.649 23896 23909 E WProf.db: {"WprofHTMLTag": {"code": "0xaf047be0", "doc": "http://searchengineland.com/gboard-android-gets-new-ways-search-emojis-phrase-suggestions-276841", "row": 30, "column": 155, "tagName": "meta", "time": 22098.369805, "url": "", "pos": 1, "chunkLen": 1, "isStartTag": 1}}
06-28 14:43:54.649 23896 23909 E WProf.db: {"WprofHTMLTag": {"code": "0xaf047c10", "doc": "http://searchengineland.com/gboard-android-gets-new-ways-search-emojis-phrase-suggestions-276841", "row": 31, "column": 55, "tagName": "meta", "time": 22098.369922, "url": "", "pos": 1, "chunkLen": 1, "isStartTag": 1}}
06-28 14:43:54.649 23896 23909 E WProf.db: {"WprofHTMLTag": {"code": "0xaf047c40", "doc": "http://searchengineland.com/gboard-android-gets-new-ways-search-emojis-phrase-suggestions-276841", "row": 32, "column": 54, "tagName": "meta", "time": 22098.371295, "url": "", "pos": 1, "chunkLen": 1, "isStartTag": 1}}
06-28 14:43:54.650 23896 23909 E WProf.db: {"WprofHTMLTag": {"code": "0xaf047c70", "doc": "http://searchengineland.com/gboard-android-gets-new-ways-search-emojis-phrase-suggestions-276841", "row": 33, "column": 128, "tagName": "meta", "time": 22098.371414, "url": "", "pos": 1, "chunkLen": 1, "isStartTag": 1}}
06-28 14:43:54.650 23896 23909 E WProf.db: {"WprofHTMLTag": {"code": "0xaf047ca0", "doc": "http://searchengineland.com/gboard-android-gets-new-ways-search-emojis-phrase-suggestions-276841", "row": 37, "column": 36, "tagName": "script", "time": 22098.371534, "url": "", "pos": 1, "chunkLen": 1, "isStartTag": 1}}
06-28 14:43:54.650 23896 23909 E WProf.db: {"WprofHTMLTag": {"code": "0xaf047cd0", "doc": "http://searchengineland.com/gboard-android-gets-new-ways-search-emojis-phrase-suggestions-276841", "row": 53, "column": 10, "tagName": "script", "time": 22098.371810, "url": "", "pos": 1, "chunkLen": 1, "isStartTag": 0}}
06-28 14:43:54.650 23896 23909 E WProf.db: {"WprofHTMLTag": {"code": "0xaedd7660", "doc": "http://searchengineland.com/gboard-android-gets-new-ways-search-emojis-phrase-suggestions-276841", "row": 55, "column": 86, "tagName": "link", "time": 22098.372503, "url": "http://searchengineland.com/apple-touch-icon.png", "pos": 1, "chunkLen": 1, "isStartTag": 1}}
06-28 14:43:54.650 23896 23909 E WProf.db: {"WprofHTMLTag": {"code": "0xaf047d00", "doc": "http://searchengineland.com/gboard-android-gets-new-ways-search-emojis-phrase-suggestions-276841", "row": 56, "column": 76, "tagName": "link", "time": 22098.372872, "url": "http://searchengineland.com/favicon.ico", "pos": 1, "chunkLen": 1, "isStartTag": 1}}
06-28 14:43:54.650 23896 23909 E WProf.db: {"WprofHTMLTag": {"code": "0xaf047d30", "doc": "http://searchengineland.com/gboard-android-gets-new-ways-search-emojis-phrase-suggestions-276841", "row": 57, "column": 158, "tagName": "link", "time": 22098.373078, "url": "http://feeds.searchengineland.com/searchengineland", "pos": 1, "chunkLen": 1, "isStartTag": 1}}
06-28 14:43:54.650 23896 23909 E WProf.db: {"WprofHTMLTag": {"code": "0xaf047d60", "doc": "http://searchengineland.com/gboard-android-gets-new-ways-search-emojis-phrase-suggestions-276841", "row": 58, "column": 149, "tagName": "link", "time": 22098.373470, "url": "http://feeds.searchengineland.com/searchcap", "pos": 1, "chunkLen": 1, "isStartTag": 1}}
06-28 14:43:54.650 23896 23909 E WProf.db: {"WprofHTMLTag": {"code": "0xaf047d90", "doc": "http://searchengineland.com/gboard-android-gets-new-ways-search-emojis-phrase-suggestions-276841", "row": 59, "column": 150, "tagName": "link", "time": 22098.373753, "url": "http://searchengineland.com/figz/wp-content/themes/searchengineland/css/searchengineland-bootstrap.css", "pos": 1, "chunkLen": 1, "isStartTag": 1}}
06-28 14:43:54.650 23896 23909 E WProf.db: {"WprofHTMLTag": {"code": "0xaf047df0", "doc": "http://searchengineland.com/gboard-android-gets-new-ways-search-emojis-phrase-suggestions-276841", "row": 60, "column": 105, "tagName": "link", "time": 22098.374424, "url": "http://fonts.googleapis.com/css?family=Oswald:300,400,700", "pos": 1, "chunkLen": 1, "isStartTag": 1}}
06-28 14:43:54.650 23896 23909 E WProf.db: {"WprofHTMLTag": {"code": "0xaf047e50", "doc": "http://searchengineland.com/gboard-android-gets-new-ways-search-emojis-phrase-suggestions-276841", "row": 61, "column": 125, "tagName": "link", "time": 22098.375048, "url": "http://searchengineland.com/figz/wp-content/themes/searchengineland/style.css", "pos": 1, "chunkLen": 1, "isStartTag": 1}}
06-28 14:43:54.650 23896 23909 E WProf.db: {"WprofHTMLTag": {"code": "0xaf047eb0", "doc": "http://searchengineland.com/gboard-android-gets-new-ways-search-emojis-phrase-suggestions-276841", "row": 65, "column": 7, "tagName": "title", "time": 22098.375745, "url": "", "pos": 1, "chunkLen": 1, "isStartTag": 1}}
06-28 14:43:54.651 23896 23909 E WProf.db: {"WprofHTMLTag": {"code": "0xaf047ee0", "doc": "http://searchengineland.com/gboard-android-gets-new-ways-search-emojis-phrase-suggestions-276841", "row": 65, "column": 93, "tagName": "title", "time": 22098.375983, "url": "", "pos": 1, "chunkLen": 1, "isStartTag": 0}}
06-28 14:43:54.651 23896 23909 E WProf.db: {"WprofHTMLTag": {"code": "0xaf047f10", "doc": "http://searchengineland.com/gboard-android-gets-new-ways-search-emojis-phrase-suggestions-276841", "row": 66, "column": 156, "tagName": "meta", "time": 22098.376003, "url": "", "pos": 1, "chunkLen": 1, "isStartTag": 1}}
06-28 14:43:54.651 23896 23909 E WProf.db: {"WprofHTMLTag": {"code": "0xaf047f40", "doc": "http://searchengineland.com/gboard-android-gets-new-ways-search-emojis-phrase-suggestions-276841", "row": 67, "column": 40, "tagName": "meta", "time": 22098.376127, "url": "", "pos": 1, "chunkLen": 1, "isStartTag": 1}}
06-28 14:43:54.651 23896 23909 E WProf.db: {"WprofHTMLTag": {"code": "0xaf047f70", "doc": "http://searchengineland.com/gboard-android-gets-new-ways-search-emojis-phrase-suggestions-276841", "row": 68, "column": 138, "tagName": "meta", "time": 22098.376250, "url": "", "pos": 1, "chunkLen": 1, "isStartTag": 1}}
06-28 14:43:54.651 23896 23909 E WProf.db: {"WprofHTMLTag": {"code": "0xaf047fa0", "doc": "http://searchengineland.com/gboard-android-gets-new-ways-search-emojis-phrase-suggestions-276841", "row": 69, "column": 37, "tagName": "meta", "time": 22098.376374, "url": "", "pos": 1, "chunkLen": 1, "isStartTag": 1}}
06-28 14:43:54.651 23896 23909 E WProf.db: {"WprofHTMLTag": {"code": "0xaf047fd0", "doc": "http://searchengineland.com/gboard-android-gets-new-ways-search-emojis-phrase-suggestions-276841", "row": 70, "column": 128, "tagName": "link", "time": 22098.376626, "url": "http://searchengineland.com/gboard-android-gets-new-ways-search-emojis-phrase-suggestions-276841", "pos": 1, "chunkLen": 1, "isStartTag": 1}}
06-28 14:43:54.651 23896 23909 E WProf.db: {"WprofHTMLTag": {"code": "0xb4cc74b0", "doc": "http://searchengineland.com/gboard-android-gets-new-ways-search-emojis-phrase-suggestions-276841", "row": 71, "column": 76, "tagName": "link", "time": 22098.376858, "url": "https://plus.google.com/103218677032751327334", "pos": 1, "chunkLen": 1, "isStartTag": 1}}
06-28 14:43:54.651 23896 23909 E WProf.db: {"WprofHTMLTag": {"code": "0xb4cc7540", "doc": "http://searchengineland.com/gboard-android-gets-new-ways-search-emojis-phrase-suggestions-276841", "row": 72, "column": 45, "tagName": "meta", "time": 22098.377064, "url": "", "pos": 1, "chunkLen": 1, "isStartTag": 1}}
06-28 14:43:54.651 23896 23909 E WProf.db: {"WprofHTMLTag": {"code": "0xb4cc78a0", "doc": "http://searchengineland.com/gboard-android-gets-new-ways-search-emojis-phrase-suggestions-276841", "row": 73, "column": 45, "tagName": "meta", "time": 22098.377185, "url": "", "pos": 1, "chunkLen": 1, "isStartTag": 1}}
06-28 14:43:54.651 23896 23909 E WProf.db: {"WprofHTMLTag": {"code": "0xb4cc78d0", "doc": "http://searchengineland.com/gboard-android-gets-new-ways-search-emojis-phrase-suggestions-276841", "row": 74, "column": 117, "tagName": "meta", "time": 22098.377388, "url": "", "pos": 1, "chunkLen": 1, "isStartTag": 1}}
06-28 14:43:54.651 23896 23909 E WProf.db: {"WprofHTMLTag": {"code": "0xb4cc7900", "doc": "http://searchengineland.com/gboard-android-gets-new-ways-search-emojis-phrase-suggestions-276841", "row": 75, "column": 164, "tagName": "meta", "time": 22098.377507, "url": "", "pos": 1, "chunkLen": 1, "isStartTag": 1}}
06-28 14:43:54.652 23896 23909 E WProf.db: {"WprofHTMLTag": {"code": "0xb4cc7930", "doc": "http://searchengineland.com/gboard-android-gets-new-ways-search-emojis-phrase-suggestions-276841", "row": 76, "column": 133, "tagName": "meta", "time": 22098.377618, "url": "", "pos": 1, "chunkLen": 1, "isStartTag": 1}}
06-28 14:43:54.652 23896 23909 E WProf.db: {"WprofHTMLTag": {"code": "0xb4cc7960", "doc": "http://searchengineland.com/gboard-android-gets-new-ways-search-emojis-phrase-suggestions-276841", "row": 77, "column": 61, "tagName": "meta", "time": 22098.377730, "url": "", "pos": 1, "chunkLen": 1, "isStartTag": 1}}
06-28 14:43:54.652 23896 23909 E WProf.db: {"WprofHTMLTag": {"code": "0xb4cc7990", "doc": "http://searchengineland.com/gboard-android-gets-new-ways-search-emojis-phrase-suggestions-276841", "row": 78, "column": 89, "tagName": "meta", "time": 22098.377838, "url": "", "pos": 1, "chunkLen": 1, "isStartTag": 1}}
06-28 14:43:54.652 23896 23909 E WProf.db: {"WprofHTMLTag": {"code": "0xb4cc79c0", "doc": "http://searchengineland.com/gboard-android-gets-new-ways-search-emojis-phrase-suggestions-276841", "row": 79, "column": 58, "tagName": "meta", "time": 22098.377949, "url": "", "pos": 1, "chunkLen": 1, "isStartTag": 1}}
06-28 14:43:54.652 23896 23909 E WProf.db: {"WprofHTMLTag": {"code": "0xb4cc79f0", "doc": "http://searchengineland.com/gboard-android-gets-new-ways-search-emojis-phrase-suggestions-276841", "row": 80, "column": 78, "tagName": "meta", "time": 22098.378065, "url": "", "pos": 1, "chunkLen": 1, "isStartTag": 1}}
06-28 14:43:54.652 23896 23909 E WProf.db: {"WprofHTMLTag": {"code": "0xb4cc7a20", "doc": "http://searchengineland.com/gboard-android-gets-new-ways-search-emojis-phrase-suggestions-276841", "row": 81, "column": 122, "tagName": "meta", "time": 22098.378175, "url": "", "pos": 1, "chunkLen": 1, "isStartTag": 1}}
06-28 14:43:54.652 23896 23909 E WProf.db: {"WprofHTMLTag": {"code": "0xb4cc7a50", "doc": "http://searchengineland.com/gboard-android-gets-new-ways-search-emojis-phrase-suggestions-276841", "row": 82, "column": 49, "tagName": "meta", "time": 22098.378288, "url": "", "pos": 1, "chunkLen": 1, "isStartTag": 1}}
06-28 14:43:54.652 23896 23909 E WProf.db: {"WprofHTMLTag": {"code": "0xb4cc7a80", "doc": "http://searchengineland.com/gboard-android-gets-new-ways-search-emojis-phrase-suggestions-276841", "row": 83, "column": 50, "tagName": "meta", "time": 22098.378398, "url": "", "pos": 1, "chunkLen": 1, "isStartTag": 1}}
06-28 14:43:54.652 23896 23909 E WProf.db: {"WprofHTMLTag": {"code": "0xb4cc7ab0", "doc": "http://searchengineland.com/gboard-android-gets-new-ways-search-emojis-phrase-suggestions-276841", "row": 84, "column": 58, "tagName": "meta", "time": 22098.378509, "url": "", "pos": 1, "chunkLen": 1, "isStartTag": 1}}
06-28 14:43:54.652 23896 23909 E WProf.db: {"WprofHTMLTag": {"code": "0xb4cc7ae0", "doc": "http://searchengineland.com/gboard-android-gets-new-ways-search-emojis-phrase-suggestions-276841", "row": 85, "column": 165, "tagName": "meta", "time": 22098.378621, "url": "", "pos": 1, "chunkLen": 1, "isStartTag": 1}}
06-28 14:43:54.652 23896 23909 E WProf.db: {"WprofHTMLTag": {"code": "0xb4cc7b10", "doc": "http://searchengineland.com/gboard-android-gets-new-ways-search-emojis-phrase-suggestions-276841", "row": 86, "column": 118, "tagName": "meta", "time": 22098.378736, "url": "", "pos": 1, "chunkLen": 1, "isStartTag": 1}}
06-28 14:43:54.653 23896 23909 E WProf.db: {"WprofHTMLTag": {"code": "0xb4cc7b40", "doc": "http://searchengineland.com/gboard-android-gets-new-ways-search-emojis-phrase-suggestions-276841", "row": 87, "column": 51, "tagName": "meta", "time": 22098.378850, "url": "", "pos": 1, "chunkLen": 1, "isStartTag": 1}}
06-28 14:43:54.653 23896 23909 E WProf.db: {"WprofHTMLTag": {"code": "0xb4cc7b70", "doc": "http://searchengineland.com/gboard-android-gets-new-ways-search-emojis-phrase-suggestions-276841", "row": 88, "column": 123, "tagName": "meta", "time": 22098.378960, "url": "", "pos": 1, "chunkLen": 1, "isStartTag": 1}}
06-28 14:43:54.653 23896 23909 E WProf.db: {"WprofHTMLTag": {"code": "0xb4cc7ba0", "doc": "http://searchengineland.com/gboard-android-gets-new-ways-search-emojis-phrase-suggestions-276841", "row": 89, "column": 55, "tagName": "meta", "time": 22098.379076, "url": "", "pos": 1, "chunkLen": 1, "isStartTag": 1}}
06-28 14:43:54.653 23896 23909 E WProf.db: {"WprofHTMLTag": {"code": "0xb4cc7bd0", "doc": "http://searchengineland.com/gboard-android-gets-new-ways-search-emojis-phrase-suggestions-276841", "row": 92, "column": 44, "tagName": "link", "time": 22098.379195, "url": "http://s.w.org/", "pos": 1, "chunkLen": 1, "isStartTag": 1}}
06-28 14:43:54.653 23896 23909 E WProf.db: {"WprofHTMLTag": {"code": "0xb4cc7c00", "doc": "http://searchengineland.com/gboard-android-gets-new-ways-search-emojis-phrase-suggestions-276841", "row": 93, "column": 33, "tagName": "script", "time": 22098.379428, "url": "", "pos": 1, "chunkLen": 1, "isStartTag": 1}}
06-28 14:43:54.653 23896 23909 E WProf.db: {"WprofHTMLTag": {"code": "0xb4cc7c30", "doc": "http://searchengineland.com/gboard-android-gets-new-ways-search-emojis-phrase-suggestions-276841", "row": 96, "column": 11, "tagName": "script", "time": 22098.379649, "url": "http://searchengineland.com/figz/wp-includes/js/wp-emoji-release.min.js?ver=4.7.5", "pos": 1, "chunkLen": 1, "isStartTag": 0}}
06-28 14:43:54.653 23896 23909 E WProf.db: {"WprofHTMLTag": {"code": "0x9d582990", "doc": "http://searchengineland.com/gboard-android-gets-new-ways-search-emojis-phrase-suggestions-276841", "row": 97, "column": 25, "tagName": "style", "time": 22099.014146, "url": "", "pos": 1, "chunkLen": 1, "isStartTag": 1}}
06-28 14:43:54.653 23896 23909 E WProf.db: {"WprofHTMLTag": {"code": "0x9d5829c0", "doc": "http://searchengineland.com/gboard-android-gets-new-ways-search-emojis-phrase-suggestions-276841", "row": 110, "column": 8, "tagName": "style", "time": 22099.015093, "url": "", "pos": 1, "chunkLen": 1, "isStartTag": 0}}
06-28 14:43:54.653 23896 23909 E WProf.db: {"WprofHTMLTag": {"code": "0x9d5829f0", "doc": "http://searchengineland.com/gboard-android-gets-new-ways-search-emojis-phrase-suggestions-276841", "row": 111, "column": 140, "tagName": "script", "time": 22099.023773, "url": "http://searchengineland.com/figz/wp-content/themes/searchengineland/js/lib/modernizr.custom.js?ver=1.0", "pos": 1, "chunkLen": 1, "isStartTag": 1}}
06-28 14:43:54.653 23896 23909 E WProf.db: {"WprofHTMLTag": {"code": "0x9d582a20", "doc": "http://searchengineland.com/gboard-android-gets-new-ways-search-emojis-phrase-suggestions-276841", "row": 111, "column": 149, "tagName": "script", "time": 22099.024961, "url": "", "pos": 1, "chunkLen": 1, "isStartTag": 0}}
06-28 14:43:54.653 23896 23909 E WProf.db: {"WprofHTMLTag": {"code": "0xaedd79f0", "doc": "http://searchengineland.com/gboard-android-gets-new-ways-search-emojis-phrase-suggestions-276841", "row": 112, "column": 144, "tagName": "script", "time": 22099.049213, "url": "http://searchengineland.com/figz/wp-content/themes/searchengineland/js/lib/jquery-1.11.0.min.js?ver=1.11.0", "pos": 1, "chunkLen": 1, "isStartTag": 1}}
06-28 14:43:54.654 23896 23909 E WProf.db: {"WprofHTMLTag": {"code": "0x9d582a80", "doc": "http://searchengineland.com/gboard-android-gets-new-ways-search-emojis-phrase-suggestions-276841", "row": 112, "column": 153, "tagName": "script", "time": 22099.049565, "url": "", "pos": 1, "chunkLen": 1, "isStartTag": 0}}
06-28 14:43:54.654 23896 23909 E WProf.db: {"WprofHTMLTag": {"code": "0xaedd7db0", "doc": "http://searchengineland.com/gboard-android-gets-new-ways-search-emojis-phrase-suggestions-276841", "row": 0, "column": 15, "tagName": "div", "time": 22099.134490, "url": "", "pos": 15, "chunkLen": 44, "isStartTag": 1}}
06-28 14:43:54.654 23896 23909 E WProf.db: {"WprofHTMLTag": {"code": "0xaedd7d80", "doc": "http://searchengineland.com/gboard-android-gets-new-ways-search-emojis-phrase-suggestions-276841", "row": 0, "column": 21, "tagName": "div", "time": 22099.134625, "url": "", "pos": 21, "chunkLen": 44, "isStartTag": 0}}
06-28 14:43:54.654 23896 23909 E WProf.db: {"WprofHTMLTag": {"code": "0xaedd7d50", "doc": "http://searchengineland.com/gboard-android-gets-new-ways-search-emojis-phrase-suggestions-276841", "row": 0, "column": 38, "tagName": "div", "time": 22099.134692, "url": "", "pos": 38, "chunkLen": 44, "isStartTag": 1}}
06-28 14:43:54.654 23896 23909 E WProf.db: {"WprofHTMLTag": {"code": "0xaedd7c30", "doc": "http://searchengineland.com/gboard-android-gets-new-ways-search-emojis-phrase-suggestions-276841", "row": 0, "column": 44, "tagName": "div", "time": 22099.134810, "url": "", "pos": 44, "chunkLen": 44, "isStartTag": 0}}
06-28 14:43:54.654 23896 23909 E WProf.db: {"WprofHTMLTag": {"code": "0x9d582ae0", "doc": "http://searchengineland.com/gboard-android-gets-new-ways-search-emojis-phrase-suggestions-276841", "row": 0, "column": 13, "tagName": "select", "time": 22099.136175, "url": "", "pos": 13, "chunkLen": 51, "isStartTag": 1}}
06-28 14:43:54.654 23896 23909 E WProf.db: {"WprofHTMLTag": {"code": "0x9d582b10", "doc": "http://searchengineland.com/gboard-android-gets-new-ways-search-emojis-phrase-suggestions-276841", "row": 0, "column": 33, "tagName": "option", "time": 22099.136354, "url": "", "pos": 33, "chunkLen": 51, "isStartTag": 1}}
06-28 14:43:54.654 23896 23909 E WProf.db: {"WprofHTMLTag": {"code": "0x9d582b40", "doc": "http://searchengineland.com/gboard-android-gets-new-ways-search-emojis-phrase-suggestions-276841", "row": 0, "column": 42, "tagName": "option", "time": 22099.136541, "url": "", "pos": 42, "chunkLen": 51, "isStartTag": 0}}
06-28 14:43:54.654 23896 23909 E WProf.db: {"WprofHTMLTag": {"code": "0x9d582b70", "doc": "http://searchengineland.com/gboard-android-gets-new-ways-search-emojis-phrase-suggestions-276841", "row": 0, "column": 51, "tagName": "select", "time": 22099.136603, "url": "", "pos": 51, "chunkLen": 51, "isStartTag": 0}}
06-28 14:43:54.654 23896 23909 E WProf.db: {"WprofHTMLTag": {"code": "0x9d582ba0", "doc": "http://searchengineland.com/gboard-android-gets-new-ways-search-emojis-phrase-suggestions-276841", "row": 0, "column": 12, "tagName": "a", "time": 22099.142384, "url": "", "pos": 12, "chunkLen": 16, "isStartTag": 1}}
06-28 14:43:54.654 23896 23909 E WProf.db: {"WprofHTMLTag": {"code": "0x9d582bd0", "doc": "http://searchengineland.com/gboard-android-gets-new-ways-search-emojis-phrase-suggestions-276841", "row": 0, "column": 16, "tagName": "a", "time": 22099.142568, "url": "", "pos": 16, "chunkLen": 16, "isStartTag": 0}}
06-28 14:43:54.655 23896 23909 E WProf.db: {"WprofHTMLTag": {"code": "0x9d582c00", "doc": "http://searchengineland.com/gboard-android-gets-new-ways-search-emojis-phrase-suggestions-276841", "row": 0, "column": 8, "tagName": "input", "time": 22099.143648, "url": "", "pos": 8, "chunkLen": 8, "isStartTag": 1}}
06-28 14:43:54.655 23896 23909 E WProf.db: {"WprofHTMLTag": {"code": "0x9d582c30", "doc": "http://searchengineland.com/gboard-android-gets-new-ways-search-emojis-phrase-suggestions-276841", "row": 0, "column": 9, "tagName": "link", "time": 22099.162773, "url": "", "pos": 9, "chunkLen": 42, "isStartTag": 1}}
06-28 14:43:54.655 23896 23909 E WProf.db: {"WprofHTMLTag": {"code": "0x9d582c60", "doc": "http://searchengineland.com/gboard-android-gets-new-ways-search-emojis-phrase-suggestions-276841", "row": 0, "column": 16, "tagName": "table", "time": 22099.162891, "url": "", "pos": 16, "chunkLen": 42, "isStartTag": 1}}
06-28 14:43:54.655 23896 23909 E WProf.db: {"WprofHTMLTag": {"code": "0x9d582c90", "doc": "http://searchengineland.com/gboard-android-gets-new-ways-search-emojis-phrase-suggestions-276841", "row": 0, "column": 24, "tagName": "table", "time": 22099.163015, "url": "", "pos": 24, "chunkLen": 42, "isStartTag": 0}}
06-28 14:43:54.655 23896 23909 E WProf.db: {"WprofHTMLTag": {"code": "0x9d582cc0", "doc": "http://searchengineland.com/gboard-android-gets-new-ways-search-emojis-phrase-suggestions-276841", "row": 0, "column": 37, "tagName": "a", "time": 22099.163088, "url": "", "pos": 37, "chunkLen": 42, "isStartTag": 1}}
06-28 14:43:54.655 23896 23909 E WProf.db: {"WprofHTMLTag": {"code": "0x9d582cf0", "doc": "http://searchengineland.com/gboard-android-gets-new-ways-search-emojis-phrase-suggestions-276841", "row": 0, "column": 42, "tagName": "a", "time": 22099.163268, "url": "", "pos": 42, "chunkLen": 42, "isStartTag": 0}}
06-28 14:43:54.655 23896 23909 E WProf.db: {"WprofHTMLTag": {"code": "0x9d582d80", "doc": "http://searchengineland.com/gboard-android-gets-new-ways-search-emojis-phrase-suggestions-276841", "row": 0, "column": 10, "tagName": "textarea", "time": 22099.164663, "url": "", "pos": 10, "chunkLen": 22, "isStartTag": 1}}
06-28 14:43:54.655 23896 23909 E WProf.db: {"WprofHTMLTag": {"code": "0x9d582db0", "doc": "http://searchengineland.com/gboard-android-gets-new-ways-search-emojis-phrase-suggestions-276841", "row": 0, "column": 22, "tagName": "textarea", "time": 22099.164874, "url": "", "pos": 22, "chunkLen": 22, "isStartTag": 0}}
06-28 14:43:54.655 23896 23909 E WProf.db: {"WprofHTMLTag": {"code": "0x9d582de0", "doc": "http://searchengineland.com/gboard-android-gets-new-ways-search-emojis-phrase-suggestions-276841", "row": 0, "column": 48, "tagName": "input", "time": 22099.171510, "url": "", "pos": 48, "chunkLen": 48, "isStartTag": 1}}
06-28 14:43:54.655 23896 23909 E WProf.db: {"WprofHTMLTag": {"code": "0x9d582e40", "doc": "http://searchengineland.com/gboard-android-gets-new-ways-search-emojis-phrase-suggestions-276841", "row": 0, "column": 9, "tagName": "link", "time": 22099.177447, "url": "", "pos": 9, "chunkLen": 66, "isStartTag": 1}}
06-28 14:43:54.655 23896 23909 E WProf.db: {"WprofHTMLTag": {"code": "0x9d582e70", "doc": "http://searchengineland.com/gboard-android-gets-new-ways-search-emojis-phrase-suggestions-276841", "row": 0, "column": 16, "tagName": "table", "time": 22099.177589, "url": "", "pos": 16, "chunkLen": 66, "isStartTag": 1}}
06-28 14:43:54.655 23896 23909 E WProf.db: {"WprofHTMLTag": {"code": "0x9d582ea0", "doc": "http://searchengineland.com/gboard-android-gets-new-ways-search-emojis-phrase-suggestions-276841", "row": 0, "column": 24, "tagName": "table", "time": 22099.177667, "url": "", "pos": 24, "chunkLen": 66, "isStartTag": 0}}
06-28 14:43:54.655 23896 23909 E WProf.db: {"WprofHTMLTag": {"code": "0x9d582ed0", "doc": "http://searchengineland.com/gboard-android-gets-new-ways-search-emojis-phrase-suggestions-276841", "row": 0, "column": 37, "tagName": "a", "time": 22099.177747, "url": "", "pos": 37, "chunkLen": 66, "isStartTag": 1}}
06-28 14:43:54.655 23896 23909 E WProf.db: {"WprofHTMLTag": {"code": "0x9d582f00", "doc": "http://searchengineland.com/gboard-android-gets-new-ways-search-emojis-phrase-suggestions-276841", "row": 0, "column": 42, "tagName": "a", "time": 22099.177945, "url": "", "pos": 42, "chunkLen": 66, "isStartTag": 0}}
06-28 14:43:54.656 23896 23909 E WProf.db: {"WprofHTMLTag": {"code": "0x9d582f30", "doc": "http://searchengineland.com/gboard-android-gets-new-ways-search-emojis-phrase-suggestions-276841", "row": 0, "column": 66, "tagName": "input", "time": 22099.178017, "url": "", "pos": 66, "chunkLen": 66, "isStartTag": 1}}
06-28 14:43:54.656 23896 23909 E WProf.db: {"WprofHTMLTag": {"code": "0x9d582fc0", "doc": "http://searchengineland.com/gboard-android-gets-new-ways-search-emojis-phrase-suggestions-276841", "row": 0, "column": 9, "tagName": "link", "time": 22099.179891, "url": "", "pos": 9, "chunkLen": 66, "isStartTag": 1}}
06-28 14:43:54.656 23896 23909 E WProf.db: {"WprofHTMLTag": {"code": "0x9d582ff0", "doc": "http://searchengineland.com/gboard-android-gets-new-ways-search-emojis-phrase-suggestions-276841", "row": 0, "column": 16, "tagName": "table", "time": 22099.180052, "url": "", "pos": 16, "chunkLen": 66, "isStartTag": 1}}
06-28 14:43:54.656 23896 23909 E WProf.db: {"WprofHTMLTag": {"code": "0x9d583020", "doc": "http://searchengineland.com/gboard-android-gets-new-ways-search-emojis-phrase-suggestions-276841", "row": 0, "column": 24, "tagName": "table", "time": 22099.180136, "url": "", "pos": 24, "chunkLen": 66, "isStartTag": 0}}
06-28 14:43:54.656 23896 23909 E WProf.db: {"WprofHTMLTag": {"code": "0x9d583050", "doc": "http://searchengineland.com/gboard-android-gets-new-ways-search-emojis-phrase-suggestions-276841", "row": 0, "column": 37, "tagName": "a", "time": 22099.180199, "url": "", "pos": 37, "chunkLen": 66, "isStartTag": 1}}
06-28 14:43:54.656 23896 23909 E WProf.db: {"WprofHTMLTag": {"code": "0x9d583080", "doc": "http://searchengineland.com/gboard-android-gets-new-ways-search-emojis-phrase-suggestions-276841", "row": 0, "column": 42, "tagName": "a", "time": 22099.180384, "url": "", "pos": 42, "chunkLen": 66, "isStartTag": 0}}
06-28 14:43:54.656 23896 23909 E WProf.db: {"WprofHTMLTag": {"code": "0x9d5830b0", "doc": "http://searchengineland.com/gboard-android-gets-new-ways-search-emojis-phrase-suggestions-276841", "row": 0, "column": 66, "tagName": "input", "time": 22099.180449, "url": "", "pos": 66, "chunkLen": 66, "isStartTag": 1}}
06-28 14:43:54.656 23896 23909 E WProf.db: {"WprofHTMLTag": {"code": "0x9d583110", "doc": "http://searchengineland.com/gboard-android-gets-new-ways-search-emojis-phrase-suggestions-276841", "row": 0, "column": 9, "tagName": "link", "time": 22099.185598, "url": "", "pos": 9, "chunkLen": 66, "isStartTag": 1}}
