--------- beginning of main
06-28 13:13:12.690  3449  3449 E Finsky  : [1] com.google.android.finsky.wear.bl.a(3): onConnectionFailed: ConnectionResult{statusCode=API_UNAVAILABLE, resolution=null, message=null}
--------- beginning of system
06-28 13:13:13.813 25511 25511 E chromium: [ERROR:shell_integration_android.cc(12)] Not implemented reached in static ShellIntegration::DefaultWebClientSetPermission ShellIntegration::CanSetAsDefaultBrowser()
06-28 13:13:13.818 25511 25511 E chromium: [ERROR:browser_process_impl.cc(720)] Not implemented reached in virtual BackgroundModeManager* BrowserProcessImpl::background_mode_manager()
06-28 13:13:14.094  3218 23949 E AudioRecord-JNI: Error -4 during AudioRecord native read
06-28 13:13:16.669 25511 25557 E chromium: [ERROR:gles2_cmd_decoder.cc(3852)] [.ChromiumCompositor-0xacbb2fc0]GL ERROR :GL_INVALID_ENUM : glDiscardFramebufferEXT: attachments was GL_COLOR_EXT
06-28 13:13:16.915 25578 25591 E WPROF   : {"CSS": {"url": "http://searchengineland.com/figz/wp-content/themes/searchengineland/css/searchengineland-bootstrap.css", "requestTime": 16673.970335}}
06-28 13:13:16.915 25578 25591 E WPROF   : {"CSS": {"url": "http://fonts.googleapis.com/css?family=Oswald:300,400,700", "requestTime": 16673.970856}}
06-28 13:13:16.916 25578 25591 E WPROF   : {"CSS": {"url": "http://searchengineland.com/figz/wp-content/themes/searchengineland/style.css", "requestTime": 16673.971348}}
06-28 13:13:16.920 25578 25591 E WPROF   : {"Javascript": {"url": "http://searchengineland.com/figz/wp-content/themes/searchengineland/js/lib/modernizr.custom.js?ver=1.0", "requestTime": 16673.975426}}
06-28 13:13:16.920 25578 25591 E WPROF   : {"Javascript": {"url": "http://searchengineland.com/figz/wp-content/themes/searchengineland/js/lib/jquery-1.11.0.min.js?ver=1.11.0", "requestTime": 16673.975806}}
06-28 13:13:16.920 25578 25591 E WPROF   : {"Javascript": {"url": "http://searchengineland.com/figz/wp-content/themes/searchengineland/js/lib/jquery-ui-1.10.3.custom.min.js?ver=1.10.3", "requestTime": 16673.976150}}
06-28 13:13:16.921 25578 25591 E WPROF   : {"Javascript": {"url": "http://searchengineland.com/figz/wp-content/themes/searchengineland/js/lib/jquery.ba-throttle-debounce.min.js?ver=1.1", "requestTime": 16673.976461}}
06-28 13:13:16.921 25578 25591 E WPROF   : {"Javascript": {"url": "http://searchengineland.com/figz/wp-content/themes/searchengineland/js/lib/jquery.countdown.min.js?ver=2.0.4", "requestTime": 16673.976789}}
06-28 13:13:16.922 25578 25591 E WPROF   : {"Javascript": {"url": "http://static.chartbeat.com/js/chartbeat_mab.js", "requestTime": 16673.977278}}
06-28 13:13:17.516 25578 25591 E WPROF   : {"Javascript": {"url": "http://searchengineland.com/figz/wp-includes/js/wp-emoji-release.min.js?ver=4.7.5", "requestTime": 16674.571575}}
06-28 13:13:17.818 25578 25591 E WPROF   : {"Javascript": {"url": "http://www.googletagservices.com/tag/js/gpt.js", "requestTime": 16674.873782}}
06-28 13:13:17.824 25578 25591 E WPROF   : {"Javascript": {"url": "https://www.google-analytics.com/analytics.js", "requestTime": 16674.879318}}
06-28 13:13:17.827 25578 25591 E WPROF   : {"Javascript": {"url": "http://edge.quantserve.com/quant.js", "requestTime": 16674.882787}}
06-28 13:13:17.829 25578 25591 E WPROF   : {"Javascript": {"url": "https://connect.facebook.net/en_US/fbevents.js", "requestTime": 16674.885007}}
06-28 13:13:17.876 25511 25557 E chromium: [ERROR:gles2_cmd_decoder.cc(3852)] [.ChromiumCompositor-0xacbb2fc0]GL ERROR :GL_INVALID_ENUM : glDiscardFramebufferEXT: attachments was GL_COLOR_EXT
06-28 13:13:17.925 25578 25591 E WPROF   : {"Javascript": {"url": "http://app-sj02.marketo.com/js/forms2/js/forms2.min.js", "requestTime": 16674.980801}}
06-28 13:13:17.998 25511 25557 E chromium: [ERROR:gles2_cmd_decoder.cc(3852)] [.ChromiumCompositor-0xacbb2fc0]GL ERROR :GL_INVALID_ENUM : glDiscardFramebufferEXT: attachments was GL_COLOR_EXT
06-28 13:13:18.037 25578 25591 E WPROF   : {"Javascript": {"url": "https://connect.facebook.net/signals/config/423979991297359?v=2.7.17", "requestTime": 16675.092815}}
06-28 13:13:18.226 25578 25591 E WPROF   : {"Javascript": {"url": "http://app-sj02.marketo.com/index.php/form/getForm?munchkinId=727-ZQE-044&form=5691&url=http%3A%2F%2Fsearchengineland.com%2Fgilbert-baker-google-doodle-celebrates-lgbt-rights-activists-creator-iconic-rainbow-flag-276188&callback=jQuery1102032177086384035647_1498623198125&_=1498623198126", "requestTime": 16675.282191}}
06-28 13:13:18.247 25578 25591 E WPROF   : {"Javascript": {"url": "http://app-sj02.marketo.com/index.php/form/getForm?munchkinId=727-ZQE-044&form=5685&url=http%3A%2F%2Fsearchengineland.com%2Fgilbert-baker-google-doodle-celebrates-lgbt-rights-activists-creator-iconic-rainbow-flag-276188&callback=jQuery1102032177086384035647_1498623198127&_=1498623198128", "requestTime": 16675.302872}}
06-28 13:13:18.277 25578 25591 E WPROF   : {"Javascript": {"url": "https://securepubads.g.doubleclick.net/gpt/pubads_impl_121.js", "requestTime": 16675.333084}}
06-28 13:13:18.467 25578 25591 E WPROF   : {"Javascript": {"url": "http://app-sj02.marketo.com/index.php/form/getForm?munchkinId=727-ZQE-044&form=5673&url=http%3A%2F%2Fsearchengineland.com%2Fgilbert-baker-google-doodle-celebrates-lgbt-rights-activists-creator-iconic-rainbow-flag-276188&callback=jQuery1102032177086384035647_1498623198129&_=1498623198130", "requestTime": 16675.522777}}
06-28 13:13:18.487 25578 25591 E WPROF   : {"Javascript": {"url": "http://searchengineland.com/js/ga_social_tracking.js", "requestTime": 16675.543016}}
06-28 13:13:18.488 25578 25591 E WPROF   : {"Javascript": {"url": "http://s7.addthis.com/js/300/addthis_widget.js#pubid=ra-53e918f660794f37", "requestTime": 16675.543877}}
06-28 13:13:18.557 25511 25557 E chromium: [ERROR:gles2_cmd_decoder.cc(3852)] [.ChromiumCompositor-0xacbb2fc0]GL ERROR :GL_INVALID_ENUM : glDiscardFramebufferEXT: attachments was GL_COLOR_EXT
06-28 13:13:18.896 25511 25557 E chromium: [ERROR:gles2_cmd_decoder.cc(3852)] [.ChromiumCompositor-0xacbb2fc0]GL ERROR :GL_INVALID_ENUM : glDiscardFramebufferEXT: attachments was GL_COLOR_EXT
06-28 13:13:18.917 25578 25591 E WPROF   : {"CSS": {"url": "http://app-sj02.marketo.com/js/forms2/css/forms2.css", "requestTime": 16675.972430}}
06-28 13:13:18.921 25578 25591 E WPROF   : {"CSS": {"url": "http://app-sj02.marketo.com/js/forms2/css/forms2-theme-simple.css", "requestTime": 16675.976796}}
06-28 13:13:19.293   862  1657 E LocSvc_IzatApiV02: E/virtual int izat_core::IzatApiV02::getBatchSize(int32_t):522]: Error : st = 4, ind.status = -1628389555
06-28 13:13:19.293   862  1657 E LocSvc_IzatApiV02: E/virtual int izat_core::IzatApiV02::getBatchSize(int32_t):535]: get batching size failed.Or modem does not support batching 
06-28 13:13:19.305   862  1657 E LocSvc_IzatApiV02: E/virtual int izat_core::IzatApiV02::getBatchSize(int32_t):522]: Error : st = 4, ind.status = -1628389555
06-28 13:13:19.305   862  1657 E LocSvc_IzatApiV02: E/virtual int izat_core::IzatApiV02::getBatchSize(int32_t):535]: get batching size failed.Or modem does not support batching 
06-28 13:13:19.335   862  1657 E LocSvc_IzatApiV02: E/virtual int izat_core::IzatApiV02::getBatchSize(int32_t):522]: Error : st = 4, ind.status = -1628389555
06-28 13:13:19.335   862  1657 E LocSvc_IzatApiV02: E/virtual int izat_core::IzatApiV02::getBatchSize(int32_t):535]: get batching size failed.Or modem does not support batching 
06-28 13:13:19.344   862  1657 E LocSvc_IzatApiV02: E/virtual int izat_core::IzatApiV02::getBatchSize(int32_t):522]: Error : st = 4, ind.status = -1628389555
06-28 13:13:19.344   862  1657 E LocSvc_IzatApiV02: E/virtual int izat_core::IzatApiV02::getBatchSize(int32_t):535]: get batching size failed.Or modem does not support batching 
06-28 13:13:19.602 25578 25591 E WPROF   : {"Javascript": {"url": "https://securepubads.g.doubleclick.net/gampad/ads?gdfp_req=1&correlator=1780573643210752&output=json_html&callback=googletag.impl.pubads.callbackProxy1&impl=fifs&json_a=1&eid=108809080%2C108809103%2C21060363&sc=0&sfv=1-0-9&iu_parts=1038259%2Csel-ciu-1%2Csel-ciu-2%2Csel-ciu-3%2Csel-ciu-4%2Csel-ciu-5%", "requestTime": 16676.657548}}
06-28 13:13:19.744 25578 25591 E WPROF   : {"Javascript": {"url": "http://cdn.api.twitter.com/1/users/show.json?screen_name=AmyGesenhues&callback=twttr.setFollowersCount", "requestTime": 16676.799349}}
06-28 13:13:19.768 25578 25591 E WPROF   : {"Javascript": {"url": "https://static.xx.fbcdn.net/rsrc.php/v3iy6L4/yk/l/ko_KR/be4fIjHRc8P.js", "requestTime": 16676.823426}}
06-28 13:13:19.851 25511 25557 E chromium: [ERROR:gles2_cmd_decoder.cc(3852)] [.ChromiumCompositor-0xacbb2fc0]GL ERROR :GL_INVALID_ENUM : glDiscardFramebufferEXT: attachments was GL_COLOR_EXT
06-28 13:13:20.301 25578 25591 E WPROF   : {"Javascript": {"url": "http://platform.twitter.com/widgets.js", "requestTime": 16677.356653}}
06-28 13:13:20.304 25578 25591 E WPROF   : {"Javascript": {"url": "http://connect.facebook.net/en_US/sdk.js", "requestTime": 16677.359381}}
06-28 13:13:20.306 25578 25591 E WPROF   : {"Javascript": {"url": "https://apis.google.com/js/platform.js", "requestTime": 16677.361807}}
06-28 13:13:20.327 25578 25591 E WPROF   : {"Javascript": {"url": "http://rules.quantcount.com/rules-p-5aGizvD82d9hk.js", "requestTime": 16677.382799}}
06-28 13:13:20.330 25578 25591 E WPROF   : {"Javascript": {"url": "http://munchkin.marketo.net/munchkin.js", "requestTime": 16677.385622}}
06-28 13:13:20.597 25511 25557 E chromium: [ERROR:gles2_cmd_decoder.cc(3852)] [.ChromiumCompositor-0xacbb2fc0]GL ERROR :GL_INVALID_ENUM : glDiscardFramebufferEXT: attachments was GL_COLOR_EXT
06-28 13:13:20.620 25578 25591 E WPROF   : {"Javascript": {"url": "http://d2j3qa5nc37287.cloudfront.net/coupon_code1.js", "requestTime": 16677.675286}}
06-28 13:13:20.626 25578 25591 E WPROF   : {"Javascript": {"url": "http://www.googleadservices.com/pagead/conversion.js", "requestTime": 16677.682018}}
06-28 13:13:20.627 25578 25591 E WPROF   : {"Javascript": {"url": "http://searchengineland.com/figz/wp-content/themes/searchengineland/js/script.js?ver=1.0", "requestTime": 16677.682693}}
06-28 13:13:20.627 25578 25591 E WPROF   : {"Javascript": {"url": "http://searchengineland.com/figz/wp-includes/js/wp-embed.min.js?ver=4.7.5", "requestTime": 16677.683060}}
06-28 13:13:20.628 25578 25591 E WPROF   : {"Javascript": {"url": "http://searchengineland.com/figz/wp-content/themes/searchengineland/js/modules/sharing_controls.js", "requestTime": 16677.684190}}
06-28 13:13:20.647 25578 25591 E WPROF   : {"CSS": {"url": "https://www.youtube.com/yts/cssbin/www-embed-player-sprite-mode-vfl5G4Xm8.css", "requestTime": 16677.703027}}
06-28 13:13:20.649 25578 25591 E WPROF   : {"Javascript": {"url": "https://www.youtube.com/yts/jsbin/www-embed-player-vfl_UY_j8/www-embed-player.js", "requestTime": 16677.704322}}
06-28 13:13:20.649 25578 25591 E WPROF   : {"Javascript": {"url": "https://www.youtube.com/yts/jsbin/player-vflo1w4O-/ko_KR/base.js", "requestTime": 16677.704759}}
06-28 13:13:21.101 25511 25557 E chromium: [ERROR:gles2_cmd_decoder.cc(3852)] [.ChromiumCompositor-0xacbb2fc0]GL ERROR :GL_INVALID_ENUM : glDiscardFramebufferEXT: attachments was GL_COLOR_EXT
06-28 13:13:21.488 25578 25591 E WPROF   : {"Javascript": {"url": "http://m.addthisedge.com/live/boost/ra-53e918f660794f37/_ate.track.config_resp", "requestTime": 16678.543863}}
06-28 13:13:21.633 25578 25591 E WPROF   : {"Javascript": {"url": "http://m.addthis.com/live/red_lojson/300lo.json?si=59532ce0bec8c5b5&bkl=0&bl=1&pdt=1916&sid=59532ce0bec8c5b5&pub=ra-53e918f660794f37&rev=v7.15.4-wp&ln=ko&pc=men&cb=0&ab=-&dp=searchengineland.com&fp=gilbert-baker-google-doodle-celebrates-lgbt-rights-activists-creator-iconic-rainbow-flag-276188&fr=&of", "requestTime": 16678.688582}}
06-28 13:13:21.693 25578 25591 E WPROF   : {"Javascript": {"url": "http://dnn506yrbagrg.cloudfront.net/pages/scripts/0026/4062.js?416284", "requestTime": 16678.748701}}
06-28 13:13:21.949 25511 25557 E chromium: [ERROR:gles2_cmd_decoder.cc(3852)] [.ChromiumCompositor-0xacbb2fc0]GL ERROR :GL_INVALID_ENUM : glDiscardFramebufferEXT: attachments was GL_COLOR_EXT
06-28 13:13:22.148 25511 25557 E chromium: [ERROR:gles2_cmd_decoder.cc(3852)] [.ChromiumCompositor-0xacbb2fc0]GL ERROR :GL_INVALID_ENUM : glDiscardFramebufferEXT: attachments was GL_COLOR_EXT
06-28 13:13:23.478 25578 25591 E WPROF   : {"Javascript": {"url": "https://www.google.com/js/bg/KWBfAnWFESAEEaKKgdYlTHY9ysQaNoQuzeMFqvxDSM8.js", "requestTime": 16680.534046}}
06-28 13:13:23.481 25578 25591 E WPROF   : {"Javascript": {"url": "https://static.doubleclick.net/instream/ad_status.js", "requestTime": 16680.536801}}
06-28 13:13:23.855 25511 25557 E chromium: [ERROR:gles2_cmd_decoder.cc(3852)] [.ChromiumCompositor-0xacbb2fc0]GL ERROR :GL_INVALID_ENUM : glDiscardFramebufferEXT: attachments was GL_COLOR_EXT
06-28 13:13:23.976 25511 25557 E chromium: [ERROR:gles2_cmd_decoder.cc(3852)] [.ChromiumCompositor-0xacbb2fc0]GL ERROR :GL_INVALID_ENUM : glDiscardFramebufferEXT: attachments was GL_COLOR_EXT
06-28 13:13:24.272 25578 25591 E WPROF   : {"Javascript": {"url": "https://tpc.googlesyndication.com/pagead/js/r20170619/r20110914/client/ext/m_window_focus_non_hydra.js", "requestTime": 16681.328184}}
06-28 13:13:24.274 25578 25591 E WPROF   : {"Javascript": {"url": "https://tpc.googlesyndication.com/pagead/js/r20170619/r20110914/activeview/osd_listener.js", "requestTime": 16681.329604}}
06-28 13:13:24.278 25578 25591 E WPROF   : {"Javascript": {"url": "http://pagead2.googlesyndication.com/pagead/osd.js", "requestTime": 16681.333421}}
06-28 13:13:24.575 25578 25591 E WPROF   : {"Javascript": {"url": "https://platform.twitter.com/js/button.b731e6c82269f70f6fc53634e044a4c6.js", "requestTime": 16681.630896}}
06-28 13:13:24.582 25578 25591 E WPROF   : {"Javascript": {"url": "http://munchkin.marketo.net/151/munchkin.js", "requestTime": 16681.637436}}
06-28 13:13:24.586 25578 25591 E WPROF   : {"Javascript": {"url": "http://www.justuno.com/ajax/account_version_check.html?id=828FA275-FF73-401E-AA39-40F5A6FAB6B1", "requestTime": 16681.642064}}
06-28 13:13:24.825 25578 25591 E WPROF   : {"Javascript": {"url": "http://s7.addthis.com/static/layers.4acb6c577b51939661ec.js", "requestTime": 16681.880965}}
06-28 13:13:24.909 25511 25557 E chromium: [ERROR:gles2_cmd_decoder.cc(3852)] [.ChromiumCompositor-0xacbb2fc0]GL ERROR :GL_INVALID_ENUM : glDiscardFramebufferEXT: attachments was GL_COLOR_EXT
06-28 13:13:25.418 25511 25557 E chromium: [ERROR:gles2_cmd_decoder.cc(3852)] [.ChromiumCompositor-0xacbb2fc0]GL ERROR :GL_INVALID_ENUM : glDiscardFramebufferEXT: attachments was GL_COLOR_EXT
06-28 13:13:25.949 25511 25557 E chromium: [ERROR:gles2_cmd_decoder.cc(3852)] [.ChromiumCompositor-0xacbb2fc0]GL ERROR :GL_INVALID_ENUM : glDiscardFramebufferEXT: attachments was GL_COLOR_EXT
06-28 13:13:26.120 25511 25557 E chromium: [ERROR:gles2_cmd_decoder.cc(3852)] [.ChromiumCompositor-0xacbb2fc0]GL ERROR :GL_INVALID_ENUM : glDiscardFramebufferEXT: attachments was GL_COLOR_EXT
06-28 13:13:26.179 25578 25591 E WPROF   : {"Javascript": {"url": "https://app-sj02.marketo.com/js/forms2/js/forms2.min.js", "requestTime": 16683.234517}}
06-28 13:13:26.207 25511 25557 E chromium: [ERROR:gles2_cmd_decoder.cc(3852)] [.ChromiumCompositor-0xacbb2fc0]GL ERROR :GL_INVALID_ENUM : glDiscardFramebufferEXT: attachments was GL_COLOR_EXT
06-28 13:13:28.217 25578 25591 E WPROF   : {"Javascript": {"url": "http://cdn.justuno.com/mwgt_3.6.js", "requestTime": 16685.273203}}
06-28 13:13:28.492 25511 25557 E chromium: [ERROR:gles2_cmd_decoder.cc(3852)] [.ChromiumCompositor-0xacbb2fc0]GL ERROR :GL_INVALID_ENUM : glDiscardFramebufferEXT: attachments was GL_COLOR_EXT
06-28 13:13:28.602 25511 25557 E chromium: [ERROR:gles2_cmd_decoder.cc(3852)] [.ChromiumCompositor-0xacbb2fc0]GL ERROR :GL_INVALID_ENUM : glDiscardFramebufferEXT: attachments was GL_COLOR_EXT
06-28 13:13:28.785 25511 25557 E chromium: [ERROR:gles2_cmd_decoder.cc(3852)] [.ChromiumCompositor-0xacbb2fc0]GL ERROR :GL_INVALID_ENUM : glDiscardFramebufferEXT: attachments was GL_COLOR_EXT
06-28 13:13:29.428 25578 25591 E WPROF   : {"Javascript": {"url": "https://cdn.syndication.twimg.com/widgets/followbutton/info.json?callback=__twttr.setFollowersCountAndFollowing&lang=en&screen_names=sengineland", "requestTime": 16686.483732}}
06-28 13:13:29.884 25511 25557 E chromium: [ERROR:gles2_cmd_decoder.cc(3852)] [.ChromiumCompositor-0xacbb2fc0]GL ERROR :GL_INVALID_ENUM : glDiscardFramebufferEXT: attachments was GL_COLOR_EXT
06-28 13:13:29.924 25511 25557 E chromium: [ERROR:gles2_cmd_decoder.cc(3852)] [.ChromiumCompositor-0xacbb2fc0]GL ERROR :GL_INVALID_ENUM : glDiscardFramebufferEXT: attachments was GL_COLOR_EXT
06-28 13:13:29.949 25578 25591 E WProf.db: {"page": "searchengineland.com_gilbert-baker-google-doodle-celebrates-lgbt-rights-activists-creator-iconic-rainbow-flag-276188"}
06-28 13:13:29.949 25578 25591 E WProf.db: {"DOMLoad": 16687.005047}
06-28 13:13:29.949 25578 25591 E WProf.db: {"Resource": {"id": 1, "url": "http://searchengineland.com/gilbert-baker-google-doodle-celebrates-lgbt-rights-activists-creator-iconic-rainbow-flag-276188", "sentTime": -1.000000, "len": 93316, "from": "0x0", "mimeType": "text/html", "contentLength": -1, "httpStatus": 200, "connId": 19, "connReused": 1, "cached": 0,"requestTime": 16673.634308, "proxyStart": -1, "proxyEnd": -1, "dnsStart": -1, "dnsEnd": -1, "connectStart": 0, "connectEnd": 60, "sendStart": 60, "sendEnd": 60, "receiveHeadersEnd": 225, "sslStart": -1, "sslEnd": -1}}
06-28 13:13:29.949 25578 25591 E WProf.db: {"ReceivedChunk": {"receivedTime": 16673.877073, "len": 12681}}
06-28 13:13:29.950 25578 25591 E WProf.db: {"ReceivedChunk": {"receivedTime": 16673.962786, "len": 32768}}
06-28 13:13:29.950 25578 25591 E WProf.db: {"ReceivedChunk": {"receivedTime": 16673.963013, "len": 26674}}
06-28 13:13:29.950 25578 25591 E WProf.db: {"ReceivedChunk": {"receivedTime": 16674.025389, "len": 21193}}
06-28 13:13:29.950 25578 25591 E WProf.db: {"WprofHTMLTag": {"code": "0xaedd9600", "doc": "http://searchengineland.com/gilbert-baker-google-doodle-celebrates-lgbt-rights-activists-creator-iconic-rainbow-flag-276188", "row": 6, "column": 42, "tagName": "html", "time": 16673.964506, "url": "", "pos": 1, "chunkLen": 1, "isStartTag": 1}}
06-28 13:13:29.950 25578 25591 E WProf.db: {"WprofHTMLTag": {"code": "0xaf047730", "doc": "http://searchengineland.com/gilbert-baker-google-doodle-celebrates-lgbt-rights-activists-creator-iconic-rainbow-flag-276188", "row": 7, "column": 6, "tagName": "head", "time": 16673.964743, "url": "", "pos": 1, "chunkLen": 1, "isStartTag": 1}}
06-28 13:13:29.950 25578 25591 E WProf.db: {"WprofHTMLTag": {"code": "0xaf047820", "doc": "http://searchengineland.com/gilbert-baker-google-doodle-celebrates-lgbt-rights-activists-creator-iconic-rainbow-flag-276188", "row": 8, "column": 54, "tagName": "meta", "time": 16673.964787, "url": "", "pos": 1, "chunkLen": 1, "isStartTag": 1}}
06-28 13:13:29.950 25578 25591 E WProf.db: {"WprofHTMLTag": {"code": "0xaf047850", "doc": "http://searchengineland.com/gilbert-baker-google-doodle-celebrates-lgbt-rights-activists-creator-iconic-rainbow-flag-276188", "row": 9, "column": 68, "tagName": "meta", "time": 16673.964928, "url": "", "pos": 1, "chunkLen": 1, "isStartTag": 1}}
06-28 13:13:29.950 25578 25591 E WProf.db: {"WprofHTMLTag": {"code": "0xaf047880", "doc": "http://searchengineland.com/gilbert-baker-google-doodle-celebrates-lgbt-rights-activists-creator-iconic-rainbow-flag-276188", "row": 10, "column": 23, "tagName": "meta", "time": 16673.965041, "url": "", "pos": 1, "chunkLen": 1, "isStartTag": 1}}
06-28 13:13:29.950 25578 25591 E WProf.db: {"WprofHTMLTag": {"code": "0xaf0478b0", "doc": "http://searchengineland.com/gilbert-baker-google-doodle-celebrates-lgbt-rights-activists-creator-iconic-rainbow-flag-276188", "row": 11, "column": 52, "tagName": "meta", "time": 16673.965169, "url": "", "pos": 1, "chunkLen": 1, "isStartTag": 1}}
06-28 13:13:29.950 25578 25591 E WProf.db: {"WprofHTMLTag": {"code": "0xaf0478e0", "doc": "http://searchengineland.com/gilbert-baker-google-doodle-celebrates-lgbt-rights-activists-creator-iconic-rainbow-flag-276188", "row": 14, "column": 56, "tagName": "meta", "time": 16673.965556, "url": "", "pos": 1, "chunkLen": 1, "isStartTag": 1}}
06-28 13:13:29.950 25578 25591 E WProf.db: {"WprofHTMLTag": {"code": "0xaf047910", "doc": "http://searchengineland.com/gilbert-baker-google-doodle-celebrates-lgbt-rights-activists-creator-iconic-rainbow-flag-276188", "row": 15, "column": 83, "tagName": "meta", "time": 16673.965684, "url": "", "pos": 1, "chunkLen": 1, "isStartTag": 1}}
06-28 13:13:29.950 25578 25591 E WProf.db: {"WprofHTMLTag": {"code": "0xaf047940", "doc": "http://searchengineland.com/gilbert-baker-google-doodle-celebrates-lgbt-rights-activists-creator-iconic-rainbow-flag-276188", "row": 16, "column": 57, "tagName": "meta", "time": 16673.965797, "url": "", "pos": 1, "chunkLen": 1, "isStartTag": 1}}
06-28 13:13:29.950 25578 25591 E WProf.db: {"WprofHTMLTag": {"code": "0xaf0479d0", "doc": "http://searchengineland.com/gilbert-baker-google-doodle-celebrates-lgbt-rights-activists-creator-iconic-rainbow-flag-276188", "row": 17, "column": 41, "tagName": "meta", "time": 16673.965910, "url": "", "pos": 1, "chunkLen": 1, "isStartTag": 1}}
06-28 13:13:29.950 25578 25591 E WProf.db: {"WprofHTMLTag": {"code": "0xaf047a00", "doc": "http://searchengineland.com/gilbert-baker-google-doodle-celebrates-lgbt-rights-activists-creator-iconic-rainbow-flag-276188", "row": 18, "column": 50, "tagName": "meta", "time": 16673.966024, "url": "", "pos": 1, "chunkLen": 1, "isStartTag": 1}}
06-28 13:13:29.950 25578 25591 E WProf.db: {"WprofHTMLTag": {"code": "0xaf047a30", "doc": "http://searchengineland.com/gilbert-baker-google-doodle-celebrates-lgbt-rights-activists-creator-iconic-rainbow-flag-276188", "row": 19, "column": 174, "tagName": "meta", "time": 16673.966144, "url": "", "pos": 1, "chunkLen": 1, "isStartTag": 1}}
06-28 13:13:29.951 25578 25591 E WProf.db: {"WprofHTMLTag": {"code": "0xaf0479a0", "doc": "http://searchengineland.com/gilbert-baker-google-doodle-celebrates-lgbt-rights-activists-creator-iconic-rainbow-flag-276188", "row": 20, "column": 47, "tagName": "meta", "time": 16673.966264, "url": "", "pos": 1, "chunkLen": 1, "isStartTag": 1}}
06-28 13:13:29.951 25578 25591 E WProf.db: {"WprofHTMLTag": {"code": "0xaf047970", "doc": "http://searchengineland.com/gilbert-baker-google-doodle-celebrates-lgbt-rights-activists-creator-iconic-rainbow-flag-276188", "row": 21, "column": 67, "tagName": "meta", "time": 16673.966378, "url": "", "pos": 1, "chunkLen": 1, "isStartTag": 1}}
06-28 13:13:29.951 25578 25591 E WProf.db: {"WprofHTMLTag": {"code": "0xaf047a60", "doc": "http://searchengineland.com/gilbert-baker-google-doodle-celebrates-lgbt-rights-activists-creator-iconic-rainbow-flag-276188", "row": 22, "column": 57, "tagName": "meta", "time": 16673.966490, "url": "", "pos": 1, "chunkLen": 1, "isStartTag": 1}}
06-28 13:13:29.951 25578 25591 E WProf.db: {"WprofHTMLTag": {"code": "0xaf047a90", "doc": "http://searchengineland.com/gilbert-baker-google-doodle-celebrates-lgbt-rights-activists-creator-iconic-rainbow-flag-276188", "row": 23, "column": 65, "tagName": "meta", "time": 16673.966604, "url": "", "pos": 1, "chunkLen": 1, "isStartTag": 1}}
06-28 13:13:29.951 25578 25591 E WProf.db: {"WprofHTMLTag": {"code": "0xaf047ac0", "doc": "http://searchengineland.com/gilbert-baker-google-doodle-celebrates-lgbt-rights-activists-creator-iconic-rainbow-flag-276188", "row": 24, "column": 55, "tagName": "meta", "time": 16673.966714, "url": "", "pos": 1, "chunkLen": 1, "isStartTag": 1}}
06-28 13:13:29.951 25578 25591 E WProf.db: {"WprofHTMLTag": {"code": "0xaf047af0", "doc": "http://searchengineland.com/gilbert-baker-google-doodle-celebrates-lgbt-rights-activists-creator-iconic-rainbow-flag-276188", "row": 25, "column": 71, "tagName": "meta", "time": 16673.966830, "url": "", "pos": 1, "chunkLen": 1, "isStartTag": 1}}
06-28 13:13:29.951 25578 25591 E WProf.db: {"WprofHTMLTag": {"code": "0xaf047b20", "doc": "http://searchengineland.com/gilbert-baker-google-doodle-celebrates-lgbt-rights-activists-creator-iconic-rainbow-flag-276188", "row": 26, "column": 86, "tagName": "meta", "time": 16673.966950, "url": "", "pos": 1, "chunkLen": 1, "isStartTag": 1}}
06-28 13:13:29.951 25578 25591 E WProf.db: {"WprofHTMLTag": {"code": "0xaf047b50", "doc": "http://searchengineland.com/gilbert-baker-google-doodle-celebrates-lgbt-rights-activists-creator-iconic-rainbow-flag-276188", "row": 27, "column": 54, "tagName": "meta", "time": 16673.967071, "url": "", "pos": 1, "chunkLen": 1, "isStartTag": 1}}
06-28 13:13:29.951 25578 25591 E WProf.db: {"WprofHTMLTag": {"code": "0xaf047b80", "doc": "http://searchengineland.com/gilbert-baker-google-doodle-celebrates-lgbt-rights-activists-creator-iconic-rainbow-flag-276188", "row": 29, "column": 39, "tagName": "meta", "time": 16673.967181, "url": "", "pos": 1, "chunkLen": 1, "isStartTag": 1}}
06-28 13:13:29.951 25578 25591 E WProf.db: {"WprofHTMLTag": {"code": "0xaf047bb0", "doc": "http://searchengineland.com/gilbert-baker-google-doodle-celebrates-lgbt-rights-activists-creator-iconic-rainbow-flag-276188", "row": 30, "column": 147, "tagName": "meta", "time": 16673.967292, "url": "", "pos": 1, "chunkLen": 1, "isStartTag": 1}}
06-28 13:13:29.951 25578 25591 E WProf.db: {"WprofHTMLTag": {"code": "0xaf047be0", "doc": "http://searchengineland.com/gilbert-baker-google-doodle-celebrates-lgbt-rights-activists-creator-iconic-rainbow-flag-276188", "row": 31, "column": 55, "tagName": "meta", "time": 16673.967400, "url": "", "pos": 1, "chunkLen": 1, "isStartTag": 1}}
06-28 13:13:29.951 25578 25591 E WProf.db: {"WprofHTMLTag": {"code": "0xaf047c10", "doc": "http://searchengineland.com/gilbert-baker-google-doodle-celebrates-lgbt-rights-activists-creator-iconic-rainbow-flag-276188", "row": 32, "column": 54, "tagName": "meta", "time": 16673.967516, "url": "", "pos": 1, "chunkLen": 1, "isStartTag": 1}}
06-28 13:13:29.951 25578 25591 E WProf.db: {"WprofHTMLTag": {"code": "0xaf047c40", "doc": "http://searchengineland.com/gilbert-baker-google-doodle-celebrates-lgbt-rights-activists-creator-iconic-rainbow-flag-276188", "row": 33, "column": 129, "tagName": "meta", "time": 16673.967626, "url": "", "pos": 1, "chunkLen": 1, "isStartTag": 1}}
06-28 13:13:29.951 25578 25591 E WProf.db: {"WprofHTMLTag": {"code": "0xaf047c70", "doc": "http://searchengineland.com/gilbert-baker-google-doodle-celebrates-lgbt-rights-activists-creator-iconic-rainbow-flag-276188", "row": 37, "column": 36, "tagName": "script", "time": 16673.967733, "url": "", "pos": 1, "chunkLen": 1, "isStartTag": 1}}
06-28 13:13:29.952 25578 25591 E WProf.db: {"WprofHTMLTag": {"code": "0xaf047ca0", "doc": "http://searchengineland.com/gilbert-baker-google-doodle-celebrates-lgbt-rights-activists-creator-iconic-rainbow-flag-276188", "row": 53, "column": 10, "tagName": "script", "time": 16673.967999, "url": "", "pos": 1, "chunkLen": 1, "isStartTag": 0}}
06-28 13:13:29.952 25578 25591 E WProf.db: {"WprofHTMLTag": {"code": "0xaedd9630", "doc": "http://searchengineland.com/gilbert-baker-google-doodle-celebrates-lgbt-rights-activists-creator-iconic-rainbow-flag-276188", "row": 55, "column": 86, "tagName": "link", "time": 16673.968610, "url": "http://searchengineland.com/apple-touch-icon.png", "pos": 1, "chunkLen": 1, "isStartTag": 1}}
06-28 13:13:29.952 25578 25591 E WProf.db: {"WprofHTMLTag": {"code": "0xaf047cd0", "doc": "http://searchengineland.com/gilbert-baker-google-doodle-celebrates-lgbt-rights-activists-creator-iconic-rainbow-flag-276188", "row": 56, "column": 76, "tagName": "link", "time": 16673.968910, "url": "http://searchengineland.com/favicon.ico", "pos": 1, "chunkLen": 1, "isStartTag": 1}}
06-28 13:13:29.952 25578 25591 E WProf.db: {"WprofHTMLTag": {"code": "0xaf047d00", "doc": "http://searchengineland.com/gilbert-baker-google-doodle-celebrates-lgbt-rights-activists-creator-iconic-rainbow-flag-276188", "row": 57, "column": 158, "tagName": "link", "time": 16673.969115, "url": "http://feeds.searchengineland.com/searchengineland", "pos": 1, "chunkLen": 1, "isStartTag": 1}}
06-28 13:13:29.952 25578 25591 E WProf.db: {"WprofHTMLTag": {"code": "0xaf047d30", "doc": "http://searchengineland.com/gilbert-baker-google-doodle-celebrates-lgbt-rights-activists-creator-iconic-rainbow-flag-276188", "row": 58, "column": 149, "tagName": "link", "time": 16673.969398, "url": "http://feeds.searchengineland.com/searchcap", "pos": 1, "chunkLen": 1, "isStartTag": 1}}
06-28 13:13:29.952 25578 25591 E WProf.db: {"WprofHTMLTag": {"code": "0xaf047d60", "doc": "http://searchengineland.com/gilbert-baker-google-doodle-celebrates-lgbt-rights-activists-creator-iconic-rainbow-flag-276188", "row": 59, "column": 150, "tagName": "link", "time": 16673.969689, "url": "http://searchengineland.com/figz/wp-content/themes/searchengineland/css/searchengineland-bootstrap.css", "pos": 1, "chunkLen": 1, "isStartTag": 1}}
06-28 13:13:29.952 25578 25591 E WProf.db: {"WprofHTMLTag": {"code": "0xaf047dc0", "doc": "http://searchengineland.com/gilbert-baker-google-doodle-celebrates-lgbt-rights-activists-creator-iconic-rainbow-flag-276188", "row": 60, "column": 105, "tagName": "link", "time": 16673.970584, "url": "http://fonts.googleapis.com/css?family=Oswald:300,400,700", "pos": 1, "chunkLen": 1, "isStartTag": 1}}
06-28 13:13:29.952 25578 25591 E WProf.db: {"WprofHTMLTag": {"code": "0xaf047e20", "doc": "http://searchengineland.com/gilbert-baker-google-doodle-celebrates-lgbt-rights-activists-creator-iconic-rainbow-flag-276188", "row": 61, "column": 125, "tagName": "link", "time": 16673.971068, "url": "http://searchengineland.com/figz/wp-content/themes/searchengineland/style.css", "pos": 1, "chunkLen": 1, "isStartTag": 1}}
06-28 13:13:29.952 25578 25591 E WProf.db: {"WprofHTMLTag": {"code": "0xaf047e80", "doc": "http://searchengineland.com/gilbert-baker-google-doodle-celebrates-lgbt-rights-activists-creator-iconic-rainbow-flag-276188", "row": 65, "column": 7, "tagName": "title", "time": 16673.971534, "url": "", "pos": 1, "chunkLen": 1, "isStartTag": 1}}
06-28 13:13:29.952 25578 25591 E WProf.db: {"WprofHTMLTag": {"code": "0xaf047eb0", "doc": "http://searchengineland.com/gilbert-baker-google-doodle-celebrates-lgbt-rights-activists-creator-iconic-rainbow-flag-276188", "row": 65, "column": 116, "tagName": "title", "time": 16673.971625, "url": "", "pos": 1, "chunkLen": 1, "isStartTag": 0}}
06-28 13:13:29.952 25578 25591 E WProf.db: {"WprofHTMLTag": {"code": "0xaf047ee0", "doc": "http://searchengineland.com/gilbert-baker-google-doodle-celebrates-lgbt-rights-activists-creator-iconic-rainbow-flag-276188", "row": 66, "column": 143, "tagName": "meta", "time": 16673.971643, "url": "", "pos": 1, "chunkLen": 1, "isStartTag": 1}}
06-28 13:13:29.952 25578 25591 E WProf.db: {"WprofHTMLTag": {"code": "0xaf047f10", "doc": "http://searchengineland.com/gilbert-baker-google-doodle-celebrates-lgbt-rights-activists-creator-iconic-rainbow-flag-276188", "row": 67, "column": 40, "tagName": "meta", "time": 16673.971768, "url": "", "pos": 1, "chunkLen": 1, "isStartTag": 1}}
06-28 13:13:29.952 25578 25591 E WProf.db: {"WprofHTMLTag": {"code": "0xaf047f40", "doc": "http://searchengineland.com/gilbert-baker-google-doodle-celebrates-lgbt-rights-activists-creator-iconic-rainbow-flag-276188", "row": 68, "column": 165, "tagName": "meta", "time": 16673.971876, "url": "", "pos": 1, "chunkLen": 1, "isStartTag": 1}}
06-28 13:13:29.953 25578 25591 E WProf.db: {"WprofHTMLTag": {"code": "0xaf047f70", "doc": "http://searchengineland.com/gilbert-baker-google-doodle-celebrates-lgbt-rights-activists-creator-iconic-rainbow-flag-276188", "row": 69, "column": 37, "tagName": "meta", "time": 16673.971985, "url": "", "pos": 1, "chunkLen": 1, "isStartTag": 1}}
06-28 13:13:29.953 25578 25591 E WProf.db: {"WprofHTMLTag": {"code": "0xaf047fa0", "doc": "http://searchengineland.com/gilbert-baker-google-doodle-celebrates-lgbt-rights-activists-creator-iconic-rainbow-flag-276188", "row": 70, "column": 155, "tagName": "link", "time": 16673.972141, "url": "http://searchengineland.com/gilbert-baker-google-doodle-celebrates-lgbt-rights-activists-creator-iconic-rainbow-flag-276188", "pos": 1, "chunkLen": 1, "isStartTag": 1}}
06-28 13:13:29.953 25578 25591 E WProf.db: {"WprofHTMLTag": {"code": "0xaf047fd0", "doc": "http://searchengineland.com/gilbert-baker-google-doodle-celebrates-lgbt-rights-activists-creator-iconic-rainbow-flag-276188", "row": 71, "column": 76, "tagName": "link", "time": 16673.972338, "url": "https://plus.google.com/103218677032751327334", "pos": 1, "chunkLen": 1, "isStartTag": 1}}
06-28 13:13:29.953 25578 25591 E WProf.db: {"WprofHTMLTag": {"code": "0xb4cc74b0", "doc": "http://searchengineland.com/gilbert-baker-google-doodle-celebrates-lgbt-rights-activists-creator-iconic-rainbow-flag-276188", "row": 72, "column": 45, "tagName": "meta", "time": 16673.972528, "url": "", "pos": 1, "chunkLen": 1, "isStartTag": 1}}
06-28 13:13:29.953 25578 25591 E WProf.db: {"WprofHTMLTag": {"code": "0xb4cc7540", "doc": "http://searchengineland.com/gilbert-baker-google-doodle-celebrates-lgbt-rights-activists-creator-iconic-rainbow-flag-276188", "row": 73, "column": 45, "tagName": "meta", "time": 16673.972640, "url": "", "pos": 1, "chunkLen": 1, "isStartTag": 1}}
06-28 13:13:29.953 25578 25591 E WProf.db: {"WprofHTMLTag": {"code": "0xb4cc78a0", "doc": "http://searchengineland.com/gilbert-baker-google-doodle-celebrates-lgbt-rights-activists-creator-iconic-rainbow-flag-276188", "row": 74, "column": 140, "tagName": "meta", "time": 16673.972747, "url": "", "pos": 1, "chunkLen": 1, "isStartTag": 1}}
06-28 13:13:29.953 25578 25591 E WProf.db: {"WprofHTMLTag": {"code": "0xb4cc78d0", "doc": "http://searchengineland.com/gilbert-baker-google-doodle-celebrates-lgbt-rights-activists-creator-iconic-rainbow-flag-276188", "row": 75, "column": 151, "tagName": "meta", "time": 16673.972864, "url": "", "pos": 1, "chunkLen": 1, "isStartTag": 1}}
06-28 13:13:29.953 25578 25591 E WProf.db: {"WprofHTMLTag": {"code": "0xb4cc7900", "doc": "http://searchengineland.com/gilbert-baker-google-doodle-celebrates-lgbt-rights-activists-creator-iconic-rainbow-flag-276188", "row": 76, "column": 160, "tagName": "meta", "time": 16673.972976, "url": "", "pos": 1, "chunkLen": 1, "isStartTag": 1}}
06-28 13:13:29.953 25578 25591 E WProf.db: {"WprofHTMLTag": {"code": "0xb4cc7930", "doc": "http://searchengineland.com/gilbert-baker-google-doodle-celebrates-lgbt-rights-activists-creator-iconic-rainbow-flag-276188", "row": 77, "column": 61, "tagName": "meta", "time": 16673.973079, "url": "", "pos": 1, "chunkLen": 1, "isStartTag": 1}}
06-28 13:13:29.953 25578 25591 E WProf.db: {"WprofHTMLTag": {"code": "0xb4cc7960", "doc": "http://searchengineland.com/gilbert-baker-google-doodle-celebrates-lgbt-rights-activists-creator-iconic-rainbow-flag-276188", "row": 78, "column": 89, "tagName": "meta", "time": 16673.973188, "url": "", "pos": 1, "chunkLen": 1, "isStartTag": 1}}
06-28 13:13:29.953 25578 25591 E WProf.db: {"WprofHTMLTag": {"code": "0xb4cc7990", "doc": "http://searchengineland.com/gilbert-baker-google-doodle-celebrates-lgbt-rights-activists-creator-iconic-rainbow-flag-276188", "row": 79, "column": 63, "tagName": "meta", "time": 16673.973295, "url": "", "pos": 1, "chunkLen": 1, "isStartTag": 1}}
06-28 13:13:29.953 25578 25591 E WProf.db: {"WprofHTMLTag": {"code": "0xb4cc79c0", "doc": "http://searchengineland.com/gilbert-baker-google-doodle-celebrates-lgbt-rights-activists-creator-iconic-rainbow-flag-276188", "row": 80, "column": 78, "tagName": "meta", "time": 16673.973407, "url": "", "pos": 1, "chunkLen": 1, "isStartTag": 1}}
06-28 13:13:29.953 25578 25591 E WProf.db: {"WprofHTMLTag": {"code": "0xb4cc79f0", "doc": "http://searchengineland.com/gilbert-baker-google-doodle-celebrates-lgbt-rights-activists-creator-iconic-rainbow-flag-276188", "row": 81, "column": 123, "tagName": "meta", "time": 16673.973515, "url": "", "pos": 1, "chunkLen": 1, "isStartTag": 1}}
06-28 13:13:29.954 25578 25591 E WProf.db: {"WprofHTMLTag": {"code": "0xb4cc7a20", "doc": "http://searchengineland.com/gilbert-baker-google-doodle-celebrates-lgbt-rights-activists-creator-iconic-rainbow-flag-276188", "row": 82, "column": 49, "tagName": "meta", "time": 16673.973622, "url": "", "pos": 1, "chunkLen": 1, "isStartTag": 1}}
06-28 13:13:29.954 25578 25591 E WProf.db: {"WprofHTMLTag": {"code": "0xb4cc7a50", "doc": "http://searchengineland.com/gilbert-baker-google-doodle-celebrates-lgbt-rights-activists-creator-iconic-rainbow-flag-276188", "row": 83, "column": 50, "tagName": "meta", "time": 16673.973731, "url": "", "pos": 1, "chunkLen": 1, "isStartTag": 1}}
06-28 13:13:29.954 25578 25591 E WProf.db: {"WprofHTMLTag": {"code": "0xb4cc7a80", "doc": "http://searchengineland.com/gilbert-baker-google-doodle-celebrates-lgbt-rights-activists-creator-iconic-rainbow-flag-276188", "row": 84, "column": 58, "tagName": "meta", "time": 16673.973836, "url": "", "pos": 1, "chunkLen": 1, "isStartTag": 1}}
06-28 13:13:29.955 25578 25591 E WProf.db: {"WprofHTMLTag": {"code": "0xb4cc7ab0", "doc": "http://searchengineland.com/gilbert-baker-google-doodle-celebrates-lgbt-rights-activists-creator-iconic-rainbow-flag-276188", "row": 85, "column": 152, "tagName": "meta", "time": 16673.973945, "url": "", "pos": 1, "chunkLen": 1, "isStartTag": 1}}
06-28 13:13:29.955 25578 25591 E WProf.db: {"WprofHTMLTag": {"code": "0xb4cc7ae0", "doc": "http://searchengineland.com/gilbert-baker-google-doodle-celebrates-lgbt-rights-activists-creator-iconic-rainbow-flag-276188", "row": 86, "column": 141, "tagName": "meta", "time": 16673.974049, "url": "", "pos": 1, "chunkLen": 1, "isStartTag": 1}}
06-28 13:13:29.955 25578 25591 E WProf.db: {"WprofHTMLTag": {"code": "0xb4cc7b10", "doc": "http://searchengineland.com/gilbert-baker-google-doodle-celebrates-lgbt-rights-activists-creator-iconic-rainbow-flag-276188", "row": 87, "column": 51, "tagName": "meta", "time": 16673.974166, "url": "", "pos": 1, "chunkLen": 1, "isStartTag": 1}}
06-28 13:13:29.955 25578 25591 E WProf.db: {"WprofHTMLTag": {"code": "0xb4cc7b40", "doc": "http://searchengineland.com/gilbert-baker-google-doodle-celebrates-lgbt-rights-activists-creator-iconic-rainbow-flag-276188", "row": 88, "column": 124, "tagName": "meta", "time": 16673.974278, "url": "", "pos": 1, "chunkLen": 1, "isStartTag": 1}}
06-28 13:13:29.955 25578 25591 E WProf.db: {"WprofHTMLTag": {"code": "0xb4cc7b70", "doc": "http://searchengineland.com/gilbert-baker-google-doodle-celebrates-lgbt-rights-activists-creator-iconic-rainbow-flag-276188", "row": 89, "column": 55, "tagName": "meta", "time": 16673.974385, "url": "", "pos": 1, "chunkLen": 1, "isStartTag": 1}}
06-28 13:13:29.955 25578 25591 E WProf.db: {"WprofHTMLTag": {"code": "0xb4cc7ba0", "doc": "http://searchengineland.com/gilbert-baker-google-doodle-celebrates-lgbt-rights-activists-creator-iconic-rainbow-flag-276188", "row": 92, "column": 44, "tagName": "link", "time": 16673.974502, "url": "http://s.w.org/", "pos": 1, "chunkLen": 1, "isStartTag": 1}}
06-28 13:13:29.955 25578 25591 E WProf.db: {"WprofHTMLTag": {"code": "0xb4cc7bd0", "doc": "http://searchengineland.com/gilbert-baker-google-doodle-celebrates-lgbt-rights-activists-creator-iconic-rainbow-flag-276188", "row": 93, "column": 33, "tagName": "script", "time": 16673.974721, "url": "", "pos": 1, "chunkLen": 1, "isStartTag": 1}}
06-28 13:13:29.955 25578 25591 E WProf.db: {"WprofHTMLTag": {"code": "0xb4cc7c00", "doc": "http://searchengineland.com/gilbert-baker-google-doodle-celebrates-lgbt-rights-activists-creator-iconic-rainbow-flag-276188", "row": 96, "column": 11, "tagName": "script", "time": 16673.974929, "url": "http://searchengineland.com/figz/wp-includes/js/wp-emoji-release.min.js?ver=4.7.5", "pos": 1, "chunkLen": 1, "isStartTag": 0}}
06-28 13:13:29.955 25578 25591 E WProf.db: {"WprofHTMLTag": {"code": "0xaec678d0", "doc": "http://searchengineland.com/gilbert-baker-google-doodle-celebrates-lgbt-rights-activists-creator-iconic-rainbow-flag-276188", "row": 97, "column": 25, "tagName": "style", "time": 16674.572409, "url": "", "pos": 1, "chunkLen": 1, "isStartTag": 1}}
06-28 13:13:29.955 25578 25591 E WProf.db: {"WprofHTMLTag": {"code": "0xaec67900", "doc": "http://searchengineland.com/gilbert-baker-google-doodle-celebrates-lgbt-rights-activists-creator-iconic-rainbow-flag-276188", "row": 110, "column": 8, "tagName": "style", "time": 16674.572592, "url": "", "pos": 1, "chunkLen": 1, "isStartTag": 0}}
06-28 13:13:29.955 25578 25591 E WProf.db: {"WprofHTMLTag": {"code": "0xaec67930", "doc": "http://searchengineland.com/gilbert-baker-google-doodle-celebrates-lgbt-rights-activists-creator-iconic-rainbow-flag-276188", "row": 111, "column": 140, "tagName": "script", "time": 16674.574198, "url": "http://searchengineland.com/figz/wp-content/themes/searchengineland/js/lib/modernizr.custom.js?ver=1.0", "pos": 1, "chunkLen": 1, "isStartTag": 1}}
06-28 13:13:29.955 25578 25591 E WProf.db: {"WprofHTMLTag": {"code": "0xaec67960", "doc": "http://searchengineland.com/gilbert-baker-google-doodle-celebrates-lgbt-rights-activists-creator-iconic-rainbow-flag-276188", "row": 111, "column": 149, "tagName": "script", "time": 16674.574438, "url": "", "pos": 1, "chunkLen": 1, "isStartTag": 0}}
06-28 13:13:29.956 25578 25591 E WProf.db: {"WprofHTMLTag": {"code": "0xaec679f0", "doc": "http://searchengineland.com/gilbert-baker-google-doodle-celebrates-lgbt-rights-activists-creator-iconic-rainbow-flag-276188", "row": 112, "column": 144, "tagName": "script", "time": 16674.582835, "url": "http://searchengineland.com/figz/wp-content/themes/searchengineland/js/lib/jquery-1.11.0.min.js?ver=1.11.0", "pos": 1, "chunkLen": 1, "isStartTag": 1}}
06-28 13:13:29.956 25578 25591 E WProf.db: {"WprofHTMLTag": {"code": "0xaec67a20", "doc": "http://searchengineland.com/gilbert-baker-google-doodle-celebrates-lgbt-rights-activists-creator-iconic-rainbow-flag-276188", "row": 112, "column": 153, "tagName": "script", "time": 16674.583084, "url": "", "pos": 1, "chunkLen": 1, "isStartTag": 0}}
06-28 13:13:29.956 25578 25591 E WProf.db: {"WprofHTMLTag": {"code": "0xaedd9d20", "doc": "http://searchengineland.com/gilbert-baker-google-doodle-celebrates-lgbt-rights-activists-creator-iconic-rainbow-flag-276188", "row": 0, "column": 15, "tagName": "div", "time": 16674.644696, "url": "", "pos": 15, "chunkLen": 44, "isStartTag": 1}}
06-28 13:13:29.956 25578 25591 E WProf.db: {"WprofHTMLTag": {"code": "0xaedd9c30", "doc": "http://searchengineland.com/gilbert-baker-google-doodle-celebrates-lgbt-rights-activists-creator-iconic-rainbow-flag-276188", "row": 0, "column": 21, "tagName": "div", "time": 16674.644823, "url": "", "pos": 21, "chunkLen": 44, "isStartTag": 0}}
06-28 13:13:29.956 25578 25591 E WProf.db: {"WprofHTMLTag": {"code": "0xaedd9bd0", "doc": "http://searchengineland.com/gilbert-baker-google-doodle-celebrates-lgbt-rights-activists-creator-iconic-rainbow-flag-276188", "row": 0, "column": 38, "tagName": "div", "time": 16674.644886, "url": "", "pos": 38, "chunkLen": 44, "isStartTag": 1}}
06-28 13:13:29.956 25578 25591 E WProf.db: {"WprofHTMLTag": {"code": "0xaedd9ba0", "doc": "http://searchengineland.com/gilbert-baker-google-doodle-celebrates-lgbt-rights-activists-creator-iconic-rainbow-flag-276188", "row": 0, "column": 44, "tagName": "div", "time": 16674.644990, "url": "", "pos": 44, "chunkLen": 44, "isStartTag": 0}}
06-28 13:13:29.956 25578 25591 E WProf.db: {"WprofHTMLTag": {"code": "0xaedd9b70", "doc": "http://searchengineland.com/gilbert-baker-google-doodle-celebrates-lgbt-rights-activists-creator-iconic-rainbow-flag-276188", "row": 0, "column": 13, "tagName": "select", "time": 16674.646672, "url": "", "pos": 13, "chunkLen": 51, "isStartTag": 1}}
06-28 13:13:29.956 25578 25591 E WProf.db: {"WprofHTMLTag": {"code": "0xaedd9b40", "doc": "http://searchengineland.com/gilbert-baker-google-doodle-celebrates-lgbt-rights-activists-creator-iconic-rainbow-flag-276188", "row": 0, "column": 33, "tagName": "option", "time": 16674.646843, "url": "", "pos": 33, "chunkLen": 51, "isStartTag": 1}}
06-28 13:13:29.956 25578 25591 E WProf.db: {"WprofHTMLTag": {"code": "0xaec67a50", "doc": "http://searchengineland.com/gilbert-baker-google-doodle-celebrates-lgbt-rights-activists-creator-iconic-rainbow-flag-276188", "row": 0, "column": 42, "tagName": "option", "time": 16674.647012, "url": "", "pos": 42, "chunkLen": 51, "isStartTag": 0}}
06-28 13:13:29.956 25578 25591 E WProf.db: {"WprofHTMLTag": {"code": "0xaec67a80", "doc": "http://searchengineland.com/gilbert-baker-google-doodle-celebrates-lgbt-rights-activists-creator-iconic-rainbow-flag-276188", "row": 0, "column": 51, "tagName": "select", "time": 16674.647065, "url": "", "pos": 51, "chunkLen": 51, "isStartTag": 0}}
06-28 13:13:29.956 25578 25591 E WProf.db: {"WprofHTMLTag": {"code": "0xaec67ab0", "doc": "http://searchengineland.com/gilbert-baker-google-doodle-celebrates-lgbt-rights-activists-creator-iconic-rainbow-flag-276188", "row": 0, "column": 12, "tagName": "a", "time": 16674.651288, "url": "", "pos": 12, "chunkLen": 16, "isStartTag": 1}}
06-28 13:13:29.957 25578 25591 E WProf.db: {"WprofHTMLTag": {"code": "0xaec67ae0", "doc": "http://searchengineland.com/gilbert-baker-google-doodle-celebrates-lgbt-rights-activists-creator-iconic-rainbow-flag-276188", "row": 0, "column": 16, "tagName": "a", "time": 16674.651439, "url": "", "pos": 16, "chunkLen": 16, "isStartTag": 0}}
06-28 13:13:29.957 25578 25591 E WProf.db: {"WprofHTMLTag": {"code": "0xaec67b10", "doc": "http://searchengineland.com/gilbert-baker-google-doodle-celebrates-lgbt-rights-activists-creator-iconic-rainbow-flag-276188", "row": 0, "column": 8, "tagName": "input", "time": 16674.652441, "url": "", "pos": 8, "chunkLen": 8, "isStartTag": 1}}
06-28 13:13:29.957 25578 25591 E WProf.db: {"WprofHTMLTag": {"code": "0xaec67b40", "doc": "http://searchengineland.com/gilbert-baker-google-doodle-celebrates-lgbt-rights-activists-creator-iconic-rainbow-flag-276188", "row": 0, "column": 9, "tagName": "link", "time": 16674.660775, "url": "", "pos": 9, "chunkLen": 42, "isStartTag": 1}}
06-28 13:13:29.957 25578 25591 E WProf.db: {"WprofHTMLTag": {"code": "0xaec67b70", "doc": "http://searchengineland.com/gilbert-baker-google-doodle-celebrates-lgbt-rights-activists-creator-iconic-rainbow-flag-276188", "row": 0, "column": 16, "tagName": "table", "time": 16674.660885, "url": "", "pos": 16, "chunkLen": 42, "isStartTag": 1}}
06-28 13:13:29.957 25578 25591 E WProf.db: {"WprofHTMLTag": {"code": "0xaec67ba0", "doc": "http://searchengineland.com/gilbert-baker-google-doodle-celebrates-lgbt-rights-activists-creator-iconic-rainbow-flag-276188", "row": 0, "column": 24, "tagName": "table", "time": 16674.661020, "url": "", "pos": 24, "chunkLen": 42, "isStartTag": 0}}
06-28 13:13:29.957 25578 25591 E WProf.db: {"WprofHTMLTag": {"code": "0xaec67bd0", "doc": "http://searchengineland.com/gilbert-baker-google-doodle-celebrates-lgbt-rights-activists-creator-iconic-rainbow-flag-276188", "row": 0, "column": 37, "tagName": "a", "time": 16674.661104, "url": "", "pos": 37, "chunkLen": 42, "isStartTag": 1}}
06-28 13:13:29.957 25578 25591 E WProf.db: {"WprofHTMLTag": {"code": "0xaec67c00", "doc": "http://searchengineland.com/gilbert-baker-google-doodle-celebrates-lgbt-rights-activists-creator-iconic-rainbow-flag-276188", "row": 0, "column": 42, "tagName": "a", "time": 16674.661338, "url": "", "pos": 42, "chunkLen": 42, "isStartTag": 0}}
06-28 13:13:29.957 25578 25591 E WProf.db: {"WprofHTMLTag": {"code": "0xaec67c90", "doc": "http://searchengineland.com/gilbert-baker-google-doodle-celebrates-lgbt-rights-activists-creator-iconic-rainbow-flag-276188", "row": 0, "column": 10, "tagName": "textarea", "time": 16674.662585, "url": "", "pos": 10, "chunkLen": 22, "isStartTag": 1}}
06-28 13:13:29.957 25578 25591 E WProf.db: {"WprofHTMLTag": {"code": "0xaec67cc0", "doc": "http://searchengineland.com/gilbert-baker-google-doodle-celebrates-lgbt-rights-activists-creator-iconic-rainbow-flag-276188", "row": 0, "column": 22, "tagName": "textarea", "time": 16674.662989, "url": "", "pos": 22, "chunkLen": 22, "isStartTag": 0}}
06-28 13:13:29.957 25578 25591 E WProf.db: {"WprofHTMLTag": {"code": "0xaec67cf0", "doc": "http://searchengineland.com/gilbert-baker-google-doodle-celebrates-lgbt-rights-activists-creator-iconic-rainbow-flag-276188", "row": 0, "column": 48, "tagName": "input", "time": 16674.664256, "url": "", "pos": 48, "chunkLen": 48, "isStartTag": 1}}
06-28 13:13:29.957 25578 25591 E WProf.db: {"WprofHTMLTag": {"code": "0xaec67d50", "doc": "http://searchengineland.com/gilbert-baker-google-doodle-celebrates-lgbt-rights-activists-creator-iconic-rainbow-flag-276188", "row": 0, "column": 9, "tagName": "link", "time": 16674.668496, "url": "", "pos": 9, "chunkLen": 66, "isStartTag": 1}}
06-28 13:13:29.957 25578 25591 E WProf.db: {"WprofHTMLTag": {"code": "0xaec67d80", "doc": "http://searchengineland.com/gilbert-baker-google-doodle-celebrates-lgbt-rights-activists-creator-iconic-rainbow-flag-276188", "row": 0, "column": 16, "tagName": "table", "time": 16674.668606, "url": "", "pos": 16, "chunkLen": 66, "isStartTag": 1}}
06-28 13:13:29.957 25578 25591 E WProf.db: {"WprofHTMLTag": {"code": "0xaec67db0", "doc": "http://searchengineland.com/gilbert-baker-google-doodle-celebrates-lgbt-rights-activists-creator-iconic-rainbow-flag-276188", "row": 0, "column": 24, "tagName": "table", "time": 16674.668676, "url": "", "pos": 24, "chunkLen": 66, "isStartTag": 0}}
06-28 13:13:29.957 25578 25591 E WProf.db: {"WprofHTMLTag": {"code": "0xaec67de0", "doc": "http://searchengineland.com/gilbert-baker-google-doodle-celebrates-lgbt-rights-activists-creator-iconic-rainbow-flag-276188", "row": 0, "column": 37, "tagName": "a", "time": 16674.668741, "url": "", "pos": 37, "chunkLen": 66, "isStartTag": 1}}
