--------- beginning of main
06-28 16:41:35.805  3449  3449 E Finsky  : [1] com.google.android.finsky.wear.bl.a(3): onConnectionFailed: ConnectionResult{statusCode=API_UNAVAILABLE, resolution=null, message=null}
--------- beginning of system
06-28 16:41:36.889  4192  4192 E chromium: [ERROR:shell_integration_android.cc(12)] Not implemented reached in static ShellIntegration::DefaultWebClientSetPermission ShellIntegration::CanSetAsDefaultBrowser()
06-28 16:41:36.894  4192  4192 E chromium: [ERROR:browser_process_impl.cc(720)] Not implemented reached in virtual BackgroundModeManager* BrowserProcessImpl::background_mode_manager()
06-28 16:41:37.255  3218 32395 E AudioRecord-JNI: Error -4 during AudioRecord native read
06-28 16:41:39.546  4192  4237 E chromium: [ERROR:gles2_cmd_decoder.cc(3852)] [.ChromiumCompositor-0xacbb2fc0]GL ERROR :GL_INVALID_ENUM : glDiscardFramebufferEXT: attachments was GL_COLOR_EXT
06-28 16:41:39.847  4257  4270 E WPROF   : {"CSS": {"url": "http://searchengineland.com/figz/wp-content/themes/searchengineland/css/searchengineland-bootstrap.css", "requestTime": 29176.902680}}
06-28 16:41:39.848  4257  4270 E WPROF   : {"CSS": {"url": "http://fonts.googleapis.com/css?family=Oswald:300,400,700", "requestTime": 29176.903284}}
06-28 16:41:39.848  4257  4270 E WPROF   : {"CSS": {"url": "http://searchengineland.com/figz/wp-content/themes/searchengineland/style.css", "requestTime": 29176.903838}}
06-28 16:41:39.853  4257  4270 E WPROF   : {"Javascript": {"url": "http://searchengineland.com/figz/wp-content/themes/searchengineland/js/lib/modernizr.custom.js?ver=1.0", "requestTime": 29176.908516}}
06-28 16:41:39.853  4257  4270 E WPROF   : {"Javascript": {"url": "http://searchengineland.com/figz/wp-content/themes/searchengineland/js/lib/jquery-1.11.0.min.js?ver=1.11.0", "requestTime": 29176.908993}}
06-28 16:41:39.854  4257  4270 E WPROF   : {"Javascript": {"url": "http://searchengineland.com/figz/wp-content/themes/searchengineland/js/lib/jquery-ui-1.10.3.custom.min.js?ver=1.10.3", "requestTime": 29176.909408}}
06-28 16:41:39.854  4257  4270 E WPROF   : {"Javascript": {"url": "http://searchengineland.com/figz/wp-content/themes/searchengineland/js/lib/jquery.ba-throttle-debounce.min.js?ver=1.1", "requestTime": 29176.909781}}
06-28 16:41:39.855  4257  4270 E WPROF   : {"Javascript": {"url": "http://searchengineland.com/figz/wp-content/themes/searchengineland/js/lib/jquery.countdown.min.js?ver=2.0.4", "requestTime": 29176.910269}}
06-28 16:41:39.865  4257  4270 E WPROF   : {"Javascript": {"url": "http://static.chartbeat.com/js/chartbeat_mab.js", "requestTime": 29176.920575}}
06-28 16:41:40.535  4257  4270 E WPROF   : {"Javascript": {"url": "http://searchengineland.com/figz/wp-includes/js/wp-emoji-release.min.js?ver=4.7.5", "requestTime": 29177.591112}}
06-28 16:41:42.167  4257  4270 E WPROF   : {"Javascript": {"url": "http://www.googletagservices.com/tag/js/gpt.js", "requestTime": 29179.222754}}
06-28 16:41:42.171  4257  4270 E WPROF   : {"Javascript": {"url": "https://www.google-analytics.com/analytics.js", "requestTime": 29179.226589}}
06-28 16:41:42.173  4257  4270 E WPROF   : {"Javascript": {"url": "http://edge.quantserve.com/quant.js", "requestTime": 29179.228675}}
06-28 16:41:42.175  4257  4270 E WPROF   : {"Javascript": {"url": "https://connect.facebook.net/en_US/fbevents.js", "requestTime": 29179.230520}}
06-28 16:41:42.245  4192  4237 E chromium: [ERROR:gles2_cmd_decoder.cc(3852)] [.ChromiumCompositor-0xacbb2fc0]GL ERROR :GL_INVALID_ENUM : glDiscardFramebufferEXT: attachments was GL_COLOR_EXT
06-28 16:41:42.319  4257  4270 E WPROF   : {"Javascript": {"url": "http://app-sj02.marketo.com/js/forms2/js/forms2.min.js", "requestTime": 29179.374606}}
06-28 16:41:42.399  4192  4237 E chromium: [ERROR:gles2_cmd_decoder.cc(3852)] [.ChromiumCompositor-0xacbb2fc0]GL ERROR :GL_INVALID_ENUM : glDiscardFramebufferEXT: attachments was GL_COLOR_EXT
06-28 16:41:42.431  4257  4270 E WPROF   : {"Javascript": {"url": "https://connect.facebook.net/signals/config/423979991297359?v=2.7.17", "requestTime": 29179.487057}}
06-28 16:41:42.452   862  1657 E LocSvc_IzatApiV02: E/virtual int izat_core::IzatApiV02::getBatchSize(int32_t):522]: Error : st = 4, ind.status = -1628389555
06-28 16:41:42.452   862  1657 E LocSvc_IzatApiV02: E/virtual int izat_core::IzatApiV02::getBatchSize(int32_t):535]: get batching size failed.Or modem does not support batching 
06-28 16:41:42.464   862  1657 E LocSvc_IzatApiV02: E/virtual int izat_core::IzatApiV02::getBatchSize(int32_t):522]: Error : st = 4, ind.status = -1628389555
06-28 16:41:42.464   862  1657 E LocSvc_IzatApiV02: E/virtual int izat_core::IzatApiV02::getBatchSize(int32_t):535]: get batching size failed.Or modem does not support batching 
06-28 16:41:42.495   862  1657 E LocSvc_IzatApiV02: E/virtual int izat_core::IzatApiV02::getBatchSize(int32_t):522]: Error : st = 4, ind.status = -1628389555
06-28 16:41:42.495   862  1657 E LocSvc_IzatApiV02: E/virtual int izat_core::IzatApiV02::getBatchSize(int32_t):535]: get batching size failed.Or modem does not support batching 
06-28 16:41:42.504   862  1657 E LocSvc_IzatApiV02: E/virtual int izat_core::IzatApiV02::getBatchSize(int32_t):522]: Error : st = 4, ind.status = -1628389555
06-28 16:41:42.504   862  1657 E LocSvc_IzatApiV02: E/virtual int izat_core::IzatApiV02::getBatchSize(int32_t):535]: get batching size failed.Or modem does not support batching 
06-28 16:41:42.667  4257  4270 E WPROF   : {"Javascript": {"url": "http://app-sj02.marketo.com/index.php/form/getForm?munchkinId=727-ZQE-044&form=5691&url=http%3A%2F%2Fsearchengineland.com%2Fgood-isnt-good-enough-google-shopping-274813&callback=jQuery11020009728071512654424_1498635702548&_=1498635702549", "requestTime": 29179.723066}}
06-28 16:41:42.694  4257  4270 E WPROF   : {"Javascript": {"url": "http://app-sj02.marketo.com/index.php/form/getForm?munchkinId=727-ZQE-044&form=5685&url=http%3A%2F%2Fsearchengineland.com%2Fgood-isnt-good-enough-google-shopping-274813&callback=jQuery11020009728071512654424_1498635702550&_=1498635702551", "requestTime": 29179.749905}}
06-28 16:41:42.742  4257  4270 E WPROF   : {"Javascript": {"url": "https://securepubads.g.doubleclick.net/gpt/pubads_impl_121.js", "requestTime": 29179.797811}}
06-28 16:41:43.019  4257  4270 E WPROF   : {"Javascript": {"url": "http://app-sj02.marketo.com/index.php/form/getForm?munchkinId=727-ZQE-044&form=5673&url=http%3A%2F%2Fsearchengineland.com%2Fgood-isnt-good-enough-google-shopping-274813&callback=jQuery11020009728071512654424_1498635702552&_=1498635702553", "requestTime": 29180.075016}}
06-28 16:41:43.025  4192  4237 E chromium: [ERROR:gles2_cmd_decoder.cc(3852)] [.ChromiumCompositor-0xacbb2fc0]GL ERROR :GL_INVALID_ENUM : glDiscardFramebufferEXT: attachments was GL_COLOR_EXT
06-28 16:41:43.058  4257  4270 E WPROF   : {"Javascript": {"url": "http://searchengineland.com/js/ga_social_tracking.js", "requestTime": 29180.113295}}
06-28 16:41:43.059  4257  4270 E WPROF   : {"Javascript": {"url": "http://s7.addthis.com/js/300/addthis_widget.js#pubid=ra-53e918f660794f37", "requestTime": 29180.114569}}
06-28 16:41:43.542  4257  4270 E WPROF   : {"Javascript": {"url": "http://cdn.api.twitter.com/1/users/show.json?screen_name=AndreasReiffen&callback=twttr.setFollowersCount", "requestTime": 29180.597483}}
06-28 16:41:43.650  4257  4270 E WPROF   : {"CSS": {"url": "http://app-sj02.marketo.com/js/forms2/css/forms2.css", "requestTime": 29180.705470}}
06-28 16:41:43.653  4257  4270 E WPROF   : {"CSS": {"url": "http://app-sj02.marketo.com/js/forms2/css/forms2-theme-simple.css", "requestTime": 29180.708645}}
06-28 16:41:43.680  4192  4237 E chromium: [ERROR:gles2_cmd_decoder.cc(3852)] [.ChromiumCompositor-0xacbb2fc0]GL ERROR :GL_INVALID_ENUM : glDiscardFramebufferEXT: attachments was GL_COLOR_EXT
06-28 16:41:44.332  4257  4270 E WPROF   : {"Javascript": {"url": "https://securepubads.g.doubleclick.net/gampad/ads?gdfp_req=1&correlator=3300659114803200&output=json_html&callback=googletag.impl.pubads.callbackProxy1&impl=fifs&json_a=1&eid=108809080%2C108809103%2C21060355&sc=0&sfv=1-0-9&iu_parts=1038259%2Csel-ciu-1%2Csel-ciu-2%2Csel-ciu-3%2Csel-ciu-4%2Csel-ciu-5%", "requestTime": 29181.387448}}
06-28 16:41:44.401  4257  4270 E WPROF   : {"Javascript": {"url": "https://static.xx.fbcdn.net/rsrc.php/v3iy6L4/yF/l/ko_KR/w3AiswiqjrJ.js", "requestTime": 29181.456967}}
06-28 16:41:44.581  4257  4270 E WPROF   : {"Javascript": {"url": "http://www.googleadservices.com/pagead/conversion.js", "requestTime": 29181.637018}}
06-28 16:41:44.584  4257  4270 E WPROF   : {"Javascript": {"url": "http://searchengineland.com/figz/wp-content/themes/searchengineland/js/script.js?ver=1.0", "requestTime": 29181.639706}}
06-28 16:41:44.585  4257  4270 E WPROF   : {"Javascript": {"url": "http://searchengineland.com/figz/wp-includes/js/wp-embed.min.js?ver=4.7.5", "requestTime": 29181.641067}}
06-28 16:41:44.587  4257  4270 E WPROF   : {"Javascript": {"url": "http://searchengineland.com/figz/wp-content/themes/searchengineland/js/modules/sharing_controls.js", "requestTime": 29181.642321}}
06-28 16:41:44.685  4192  4237 E chromium: [ERROR:gles2_cmd_decoder.cc(3852)] [.ChromiumCompositor-0xacbb2fc0]GL ERROR :GL_INVALID_ENUM : glDiscardFramebufferEXT: attachments was GL_COLOR_EXT
06-28 16:41:44.719  4257  4270 E WPROF   : {"Javascript": {"url": "http://d2j3qa5nc37287.cloudfront.net/coupon_code1.js", "requestTime": 29181.774237}}
06-28 16:41:44.881  4257  4270 E WPROF   : {"CSS": {"url": "https://www.youtube.com/yts/cssbin/www-embed-player-sprite-mode-vfl5G4Xm8.css", "requestTime": 29181.936358}}
06-28 16:41:44.886  4257  4270 E WPROF   : {"Javascript": {"url": "https://www.youtube.com/yts/jsbin/www-embed-player-vfl_UY_j8/www-embed-player.js", "requestTime": 29181.941336}}
06-28 16:41:44.887  4257  4270 E WPROF   : {"Javascript": {"url": "https://www.youtube.com/yts/jsbin/player-vflo1w4O-/ko_KR/base.js", "requestTime": 29181.942791}}
06-28 16:41:44.905  4192  4237 E chromium: [ERROR:gles2_cmd_decoder.cc(3852)] [.ChromiumCompositor-0xacbb2fc0]GL ERROR :GL_INVALID_ENUM : glDiscardFramebufferEXT: attachments was GL_COLOR_EXT
06-28 16:41:45.428  4192  4237 E chromium: [ERROR:gles2_cmd_decoder.cc(3852)] [.ChromiumCompositor-0xacbb2fc0]GL ERROR :GL_INVALID_ENUM : glDiscardFramebufferEXT: attachments was GL_COLOR_EXT
06-28 16:41:46.003  4192  4237 E chromium: [ERROR:gles2_cmd_decoder.cc(3852)] [.ChromiumCompositor-0xacbb2fc0]GL ERROR :GL_INVALID_ENUM : glDiscardFramebufferEXT: attachments was GL_COLOR_EXT
06-28 16:41:46.898  4257  4270 E WPROF   : {"Javascript": {"url": "https://www.google.com/js/bg/KWBfAnWFESAEEaKKgdYlTHY9ysQaNoQuzeMFqvxDSM8.js", "requestTime": 29183.953830}}
06-28 16:41:46.901  4257  4270 E WPROF   : {"Javascript": {"url": "https://static.doubleclick.net/instream/ad_status.js", "requestTime": 29183.957093}}
06-28 16:41:47.203  4192  4237 E chromium: [ERROR:gles2_cmd_decoder.cc(3852)] [.ChromiumCompositor-0xacbb2fc0]GL ERROR :GL_INVALID_ENUM : glDiscardFramebufferEXT: attachments was GL_COLOR_EXT
06-28 16:41:47.797  4192  4237 E chromium: [ERROR:gles2_cmd_decoder.cc(3852)] [.ChromiumCompositor-0xacbb2fc0]GL ERROR :GL_INVALID_ENUM : glDiscardFramebufferEXT: attachments was GL_COLOR_EXT
06-28 16:41:47.903  4257  4270 E WPROF   : {"Javascript": {"url": "https://tpc.googlesyndication.com/pagead/js/r20170619/r20110914/client/ext/m_window_focus_non_hydra.js", "requestTime": 29184.959140}}
06-28 16:41:47.906  4257  4270 E WPROF   : {"Javascript": {"url": "https://tpc.googlesyndication.com/pagead/js/r20170619/r20110914/activeview/osd_listener.js", "requestTime": 29184.961305}}
06-28 16:41:47.912  4257  4270 E WPROF   : {"Javascript": {"url": "http://pagead2.googlesyndication.com/pagead/osd.js", "requestTime": 29184.967585}}
06-28 16:41:48.002  4257  4270 E WPROF   : {"Javascript": {"url": "http://www.justuno.com/ajax/account_version_check.html?id=828FA275-FF73-401E-AA39-40F5A6FAB6B1", "requestTime": 29185.057265}}
06-28 16:41:48.026  4192  4237 E chromium: [ERROR:gles2_cmd_decoder.cc(3852)] [.ChromiumCompositor-0xacbb2fc0]GL ERROR :GL_INVALID_ENUM : glDiscardFramebufferEXT: attachments was GL_COLOR_EXT
06-28 16:41:48.116  4192  4237 E chromium: [ERROR:gles2_cmd_decoder.cc(3852)] [.ChromiumCompositor-0xacbb2fc0]GL ERROR :GL_INVALID_ENUM : glDiscardFramebufferEXT: attachments was GL_COLOR_EXT
06-28 16:41:49.166  4192  4237 E chromium: [ERROR:gles2_cmd_decoder.cc(3852)] [.ChromiumCompositor-0xacbb2fc0]GL ERROR :GL_INVALID_ENUM : glDiscardFramebufferEXT: attachments was GL_COLOR_EXT
06-28 16:41:49.349  4192  4237 E chromium: [ERROR:gles2_cmd_decoder.cc(3852)] [.ChromiumCompositor-0xacbb2fc0]GL ERROR :GL_INVALID_ENUM : glDiscardFramebufferEXT: attachments was GL_COLOR_EXT
06-28 16:41:49.397  4192  4237 E chromium: [ERROR:gles2_cmd_decoder.cc(3852)] [.ChromiumCompositor-0xacbb2fc0]GL ERROR :GL_INVALID_ENUM : glDiscardFramebufferEXT: attachments was GL_COLOR_EXT
06-28 16:41:49.521  4257  4270 E WPROF   : {"Javascript": {"url": "http://cdn.justuno.com/mwgt_3.6.js", "requestTime": 29186.576693}}
06-28 16:41:50.070  4257  4270 E WPROF   : {"Javascript": {"url": "https://app-sj02.marketo.com/js/forms2/js/forms2.min.js", "requestTime": 29187.125353}}
06-28 16:41:50.151  4192  4237 E chromium: [ERROR:gles2_cmd_decoder.cc(3852)] [.ChromiumCompositor-0xacbb2fc0]GL ERROR :GL_INVALID_ENUM : glDiscardFramebufferEXT: attachments was GL_COLOR_EXT
06-28 16:41:50.680  4257  4270 E WProf.db: {"page": "searchengineland.com_good-isnt-good-enough-google-shopping-274813"}
06-28 16:41:50.680  4257  4270 E WProf.db: {"DOMLoad": 29187.735746}
06-28 16:41:50.680  4257  4270 E WProf.db: {"Resource": {"id": 1, "url": "http://searchengineland.com/good-isnt-good-enough-google-shopping-274813", "sentTime": -1.000000, "len": 105910, "from": "0x0", "mimeType": "text/html", "contentLength": -1, "httpStatus": 200, "connId": 19, "connReused": 1, "cached": 0,"requestTime": 29176.546553, "proxyStart": -1, "proxyEnd": -1, "dnsStart": -1, "dnsEnd": -1, "connectStart": 0, "connectEnd": 66, "sendStart": 66, "sendEnd": 67, "receiveHeadersEnd": 261, "sslStart": -1, "sslEnd": -1}}
06-28 16:41:50.680  4257  4270 E WProf.db: {"ReceivedChunk": {"receivedTime": 29176.824431, "len": 8006}}
06-28 16:41:50.680  4257  4270 E WProf.db: {"ReceivedChunk": {"receivedTime": 29176.894317, "len": 32768}}
06-28 16:41:50.680  4257  4270 E WProf.db: {"ReceivedChunk": {"receivedTime": 29176.894513, "len": 28869}}
06-28 16:41:50.680  4257  4270 E WProf.db: {"ReceivedChunk": {"receivedTime": 29176.987227, "len": 8240}}
06-28 16:41:50.680  4257  4270 E WProf.db: {"ReceivedChunk": {"receivedTime": 29176.988451, "len": 28027}}
06-28 16:41:50.681  4257  4270 E WProf.db: {"WprofHTMLTag": {"code": "0xaeddd600", "doc": "http://searchengineland.com/good-isnt-good-enough-google-shopping-274813", "row": 6, "column": 42, "tagName": "html", "time": 29176.897425, "url": "", "pos": 1, "chunkLen": 1, "isStartTag": 1}}
06-28 16:41:50.681  4257  4270 E WProf.db: {"WprofHTMLTag": {"code": "0xaf047850", "doc": "http://searchengineland.com/good-isnt-good-enough-google-shopping-274813", "row": 7, "column": 6, "tagName": "head", "time": 29176.897828, "url": "", "pos": 1, "chunkLen": 1, "isStartTag": 1}}
06-28 16:41:50.681  4257  4270 E WProf.db: {"WprofHTMLTag": {"code": "0xaf047880", "doc": "http://searchengineland.com/good-isnt-good-enough-google-shopping-274813", "row": 8, "column": 54, "tagName": "meta", "time": 29176.897873, "url": "", "pos": 1, "chunkLen": 1, "isStartTag": 1}}
06-28 16:41:50.681  4257  4270 E WProf.db: {"WprofHTMLTag": {"code": "0xaf0478b0", "doc": "http://searchengineland.com/good-isnt-good-enough-google-shopping-274813", "row": 9, "column": 68, "tagName": "meta", "time": 29176.898010, "url": "", "pos": 1, "chunkLen": 1, "isStartTag": 1}}
06-28 16:41:50.681  4257  4270 E WProf.db: {"WprofHTMLTag": {"code": "0xaf0478e0", "doc": "http://searchengineland.com/good-isnt-good-enough-google-shopping-274813", "row": 10, "column": 23, "tagName": "meta", "time": 29176.898193, "url": "", "pos": 1, "chunkLen": 1, "isStartTag": 1}}
06-28 16:41:50.681  4257  4270 E WProf.db: {"WprofHTMLTag": {"code": "0xaf047910", "doc": "http://searchengineland.com/good-isnt-good-enough-google-shopping-274813", "row": 11, "column": 52, "tagName": "meta", "time": 29176.898319, "url": "", "pos": 1, "chunkLen": 1, "isStartTag": 1}}
06-28 16:41:50.681  4257  4270 E WProf.db: {"WprofHTMLTag": {"code": "0xaf047940", "doc": "http://searchengineland.com/good-isnt-good-enough-google-shopping-274813", "row": 14, "column": 56, "tagName": "meta", "time": 29176.898446, "url": "", "pos": 1, "chunkLen": 1, "isStartTag": 1}}
06-28 16:41:50.681  4257  4270 E WProf.db: {"WprofHTMLTag": {"code": "0xaf047970", "doc": "http://searchengineland.com/good-isnt-good-enough-google-shopping-274813", "row": 15, "column": 83, "tagName": "meta", "time": 29176.898555, "url": "", "pos": 1, "chunkLen": 1, "isStartTag": 1}}
06-28 16:41:50.681  4257  4270 E WProf.db: {"WprofHTMLTag": {"code": "0xaf0479a0", "doc": "http://searchengineland.com/good-isnt-good-enough-google-shopping-274813", "row": 16, "column": 57, "tagName": "meta", "time": 29176.898665, "url": "", "pos": 1, "chunkLen": 1, "isStartTag": 1}}
06-28 16:41:50.681  4257  4270 E WProf.db: {"WprofHTMLTag": {"code": "0xaf047a30", "doc": "http://searchengineland.com/good-isnt-good-enough-google-shopping-274813", "row": 17, "column": 41, "tagName": "meta", "time": 29176.898778, "url": "", "pos": 1, "chunkLen": 1, "isStartTag": 1}}
06-28 16:41:50.681  4257  4270 E WProf.db: {"WprofHTMLTag": {"code": "0xaf047a60", "doc": "http://searchengineland.com/good-isnt-good-enough-google-shopping-274813", "row": 18, "column": 50, "tagName": "meta", "time": 29176.898890, "url": "", "pos": 1, "chunkLen": 1, "isStartTag": 1}}
06-28 16:41:50.681  4257  4270 E WProf.db: {"WprofHTMLTag": {"code": "0xaf047a90", "doc": "http://searchengineland.com/good-isnt-good-enough-google-shopping-274813", "row": 19, "column": 174, "tagName": "meta", "time": 29176.898998, "url": "", "pos": 1, "chunkLen": 1, "isStartTag": 1}}
06-28 16:41:50.681  4257  4270 E WProf.db: {"WprofHTMLTag": {"code": "0xaf047a00", "doc": "http://searchengineland.com/good-isnt-good-enough-google-shopping-274813", "row": 20, "column": 47, "tagName": "meta", "time": 29176.899104, "url": "", "pos": 1, "chunkLen": 1, "isStartTag": 1}}
06-28 16:41:50.682  4257  4270 E WProf.db: {"WprofHTMLTag": {"code": "0xaf0479d0", "doc": "http://searchengineland.com/good-isnt-good-enough-google-shopping-274813", "row": 21, "column": 67, "tagName": "meta", "time": 29176.899213, "url": "", "pos": 1, "chunkLen": 1, "isStartTag": 1}}
06-28 16:41:50.682  4257  4270 E WProf.db: {"WprofHTMLTag": {"code": "0xaf047ac0", "doc": "http://searchengineland.com/good-isnt-good-enough-google-shopping-274813", "row": 22, "column": 57, "tagName": "meta", "time": 29176.899322, "url": "", "pos": 1, "chunkLen": 1, "isStartTag": 1}}
06-28 16:41:50.682  4257  4270 E WProf.db: {"WprofHTMLTag": {"code": "0xaf047af0", "doc": "http://searchengineland.com/good-isnt-good-enough-google-shopping-274813", "row": 23, "column": 65, "tagName": "meta", "time": 29176.899434, "url": "", "pos": 1, "chunkLen": 1, "isStartTag": 1}}
06-28 16:41:50.682  4257  4270 E WProf.db: {"WprofHTMLTag": {"code": "0xaf047b20", "doc": "http://searchengineland.com/good-isnt-good-enough-google-shopping-274813", "row": 24, "column": 55, "tagName": "meta", "time": 29176.899542, "url": "", "pos": 1, "chunkLen": 1, "isStartTag": 1}}
06-28 16:41:50.682  4257  4270 E WProf.db: {"WprofHTMLTag": {"code": "0xaf047b50", "doc": "http://searchengineland.com/good-isnt-good-enough-google-shopping-274813", "row": 25, "column": 71, "tagName": "meta", "time": 29176.899643, "url": "", "pos": 1, "chunkLen": 1, "isStartTag": 1}}
06-28 16:41:50.682  4257  4270 E WProf.db: {"WprofHTMLTag": {"code": "0xaf047b80", "doc": "http://searchengineland.com/good-isnt-good-enough-google-shopping-274813", "row": 26, "column": 86, "tagName": "meta", "time": 29176.899754, "url": "", "pos": 1, "chunkLen": 1, "isStartTag": 1}}
06-28 16:41:50.682  4257  4270 E WProf.db: {"WprofHTMLTag": {"code": "0xaf047bb0", "doc": "http://searchengineland.com/good-isnt-good-enough-google-shopping-274813", "row": 27, "column": 54, "tagName": "meta", "time": 29176.899866, "url": "", "pos": 1, "chunkLen": 1, "isStartTag": 1}}
06-28 16:41:50.682  4257  4270 E WProf.db: {"WprofHTMLTag": {"code": "0xaf047be0", "doc": "http://searchengineland.com/good-isnt-good-enough-google-shopping-274813", "row": 29, "column": 146, "tagName": "meta", "time": 29176.899980, "url": "", "pos": 1, "chunkLen": 1, "isStartTag": 1}}
06-28 16:41:50.682  4257  4270 E WProf.db: {"WprofHTMLTag": {"code": "0xaf047c10", "doc": "http://searchengineland.com/good-isnt-good-enough-google-shopping-274813", "row": 30, "column": 308, "tagName": "meta", "time": 29176.900160, "url": "", "pos": 1, "chunkLen": 1, "isStartTag": 1}}
06-28 16:41:50.682  4257  4270 E WProf.db: {"WprofHTMLTag": {"code": "0xaf047c40", "doc": "http://searchengineland.com/good-isnt-good-enough-google-shopping-274813", "row": 31, "column": 55, "tagName": "meta", "time": 29176.900263, "url": "", "pos": 1, "chunkLen": 1, "isStartTag": 1}}
06-28 16:41:50.682  4257  4270 E WProf.db: {"WprofHTMLTag": {"code": "0xaf047c70", "doc": "http://searchengineland.com/good-isnt-good-enough-google-shopping-274813", "row": 32, "column": 54, "tagName": "meta", "time": 29176.900378, "url": "", "pos": 1, "chunkLen": 1, "isStartTag": 1}}
06-28 16:41:50.682  4257  4270 E WProf.db: {"WprofHTMLTag": {"code": "0xaf047ca0", "doc": "http://searchengineland.com/good-isnt-good-enough-google-shopping-274813", "row": 33, "column": 138, "tagName": "meta", "time": 29176.900481, "url": "", "pos": 1, "chunkLen": 1, "isStartTag": 1}}
06-28 16:41:50.682  4257  4270 E WProf.db: {"WprofHTMLTag": {"code": "0xaf047cd0", "doc": "http://searchengineland.com/good-isnt-good-enough-google-shopping-274813", "row": 37, "column": 36, "tagName": "script", "time": 29176.900586, "url": "", "pos": 1, "chunkLen": 1, "isStartTag": 1}}
06-28 16:41:50.683  4257  4270 E WProf.db: {"WprofHTMLTag": {"code": "0xaf047d00", "doc": "http://searchengineland.com/good-isnt-good-enough-google-shopping-274813", "row": 53, "column": 10, "tagName": "script", "time": 29176.900843, "url": "", "pos": 1, "chunkLen": 1, "isStartTag": 0}}
06-28 16:41:50.683  4257  4270 E WProf.db: {"WprofHTMLTag": {"code": "0xaeddd630", "doc": "http://searchengineland.com/good-isnt-good-enough-google-shopping-274813", "row": 55, "column": 86, "tagName": "link", "time": 29176.901387, "url": "http://searchengineland.com/apple-touch-icon.png", "pos": 1, "chunkLen": 1, "isStartTag": 1}}
06-28 16:41:50.683  4257  4270 E WProf.db: {"WprofHTMLTag": {"code": "0xaf047d30", "doc": "http://searchengineland.com/good-isnt-good-enough-google-shopping-274813", "row": 56, "column": 76, "tagName": "link", "time": 29176.901657, "url": "http://searchengineland.com/favicon.ico", "pos": 1, "chunkLen": 1, "isStartTag": 1}}
06-28 16:41:50.683  4257  4270 E WProf.db: {"WprofHTMLTag": {"code": "0xaf047d60", "doc": "http://searchengineland.com/good-isnt-good-enough-google-shopping-274813", "row": 57, "column": 158, "tagName": "link", "time": 29176.901858, "url": "http://feeds.searchengineland.com/searchengineland", "pos": 1, "chunkLen": 1, "isStartTag": 1}}
06-28 16:41:50.683  4257  4270 E WProf.db: {"WprofHTMLTag": {"code": "0xaf047d90", "doc": "http://searchengineland.com/good-isnt-good-enough-google-shopping-274813", "row": 58, "column": 149, "tagName": "link", "time": 29176.902124, "url": "http://feeds.searchengineland.com/searchcap", "pos": 1, "chunkLen": 1, "isStartTag": 1}}
06-28 16:41:50.683  4257  4270 E WProf.db: {"WprofHTMLTag": {"code": "0xaf047dc0", "doc": "http://searchengineland.com/good-isnt-good-enough-google-shopping-274813", "row": 59, "column": 150, "tagName": "link", "time": 29176.902400, "url": "http://searchengineland.com/figz/wp-content/themes/searchengineland/css/searchengineland-bootstrap.css", "pos": 1, "chunkLen": 1, "isStartTag": 1}}
06-28 16:41:50.683  4257  4270 E WProf.db: {"WprofHTMLTag": {"code": "0xaf047e20", "doc": "http://searchengineland.com/good-isnt-good-enough-google-shopping-274813", "row": 60, "column": 105, "tagName": "link", "time": 29176.903025, "url": "http://fonts.googleapis.com/css?family=Oswald:300,400,700", "pos": 1, "chunkLen": 1, "isStartTag": 1}}
06-28 16:41:50.683  4257  4270 E WProf.db: {"WprofHTMLTag": {"code": "0xaf047e80", "doc": "http://searchengineland.com/good-isnt-good-enough-google-shopping-274813", "row": 61, "column": 125, "tagName": "link", "time": 29176.903565, "url": "http://searchengineland.com/figz/wp-content/themes/searchengineland/style.css", "pos": 1, "chunkLen": 1, "isStartTag": 1}}
06-28 16:41:50.683  4257  4270 E WProf.db: {"WprofHTMLTag": {"code": "0xaf047ee0", "doc": "http://searchengineland.com/good-isnt-good-enough-google-shopping-274813", "row": 65, "column": 7, "tagName": "title", "time": 29176.904119, "url": "", "pos": 1, "chunkLen": 1, "isStartTag": 1}}
06-28 16:41:50.683  4257  4270 E WProf.db: {"WprofHTMLTag": {"code": "0xaf047f10", "doc": "http://searchengineland.com/good-isnt-good-enough-google-shopping-274813", "row": 65, "column": 77, "tagName": "title", "time": 29176.904357, "url": "", "pos": 1, "chunkLen": 1, "isStartTag": 0}}
06-28 16:41:50.683  4257  4270 E WProf.db: {"WprofHTMLTag": {"code": "0xaf047f40", "doc": "http://searchengineland.com/good-isnt-good-enough-google-shopping-274813", "row": 66, "column": 310, "tagName": "meta", "time": 29176.904379, "url": "", "pos": 1, "chunkLen": 1, "isStartTag": 1}}
06-28 16:41:50.683  4257  4270 E WProf.db: {"WprofHTMLTag": {"code": "0xaf047f70", "doc": "http://searchengineland.com/good-isnt-good-enough-google-shopping-274813", "row": 67, "column": 147, "tagName": "meta", "time": 29176.904497, "url": "", "pos": 1, "chunkLen": 1, "isStartTag": 1}}
06-28 16:41:50.683  4257  4270 E WProf.db: {"WprofHTMLTag": {"code": "0xaf047fa0", "doc": "http://searchengineland.com/good-isnt-good-enough-google-shopping-274813", "row": 68, "column": 114, "tagName": "meta", "time": 29176.904609, "url": "", "pos": 1, "chunkLen": 1, "isStartTag": 1}}
06-28 16:41:50.684  4257  4270 E WProf.db: {"WprofHTMLTag": {"code": "0xaf047fd0", "doc": "http://searchengineland.com/good-isnt-good-enough-google-shopping-274813", "row": 69, "column": 37, "tagName": "meta", "time": 29176.904712, "url": "", "pos": 1, "chunkLen": 1, "isStartTag": 1}}
06-28 16:41:50.684  4257  4270 E WProf.db: {"WprofHTMLTag": {"code": "0xb4cc74b0", "doc": "http://searchengineland.com/good-isnt-good-enough-google-shopping-274813", "row": 70, "column": 104, "tagName": "link", "time": 29176.904819, "url": "http://searchengineland.com/good-isnt-good-enough-google-shopping-274813", "pos": 1, "chunkLen": 1, "isStartTag": 1}}
06-28 16:41:50.684  4257  4270 E WProf.db: {"WprofHTMLTag": {"code": "0xb4cc7540", "doc": "http://searchengineland.com/good-isnt-good-enough-google-shopping-274813", "row": 71, "column": 76, "tagName": "link", "time": 29176.905004, "url": "https://plus.google.com/103218677032751327334", "pos": 1, "chunkLen": 1, "isStartTag": 1}}
06-28 16:41:50.684  4257  4270 E WProf.db: {"WprofHTMLTag": {"code": "0xb4cc78a0", "doc": "http://searchengineland.com/good-isnt-good-enough-google-shopping-274813", "row": 72, "column": 45, "tagName": "meta", "time": 29176.905177, "url": "", "pos": 1, "chunkLen": 1, "isStartTag": 1}}
06-28 16:41:50.684  4257  4270 E WProf.db: {"WprofHTMLTag": {"code": "0xb4cc78d0", "doc": "http://searchengineland.com/good-isnt-good-enough-google-shopping-274813", "row": 73, "column": 45, "tagName": "meta", "time": 29176.905285, "url": "", "pos": 1, "chunkLen": 1, "isStartTag": 1}}
06-28 16:41:50.684  4257  4270 E WProf.db: {"WprofHTMLTag": {"code": "0xb4cc7900", "doc": "http://searchengineland.com/good-isnt-good-enough-google-shopping-274813", "row": 74, "column": 101, "tagName": "meta", "time": 29176.905397, "url": "", "pos": 1, "chunkLen": 1, "isStartTag": 1}}
06-28 16:41:50.684  4257  4270 E WProf.db: {"WprofHTMLTag": {"code": "0xb4cc7930", "doc": "http://searchengineland.com/good-isnt-good-enough-google-shopping-274813", "row": 75, "column": 318, "tagName": "meta", "time": 29176.905503, "url": "", "pos": 1, "chunkLen": 1, "isStartTag": 1}}
06-28 16:41:50.684  4257  4270 E WProf.db: {"WprofHTMLTag": {"code": "0xb4cc7960", "doc": "http://searchengineland.com/good-isnt-good-enough-google-shopping-274813", "row": 76, "column": 109, "tagName": "meta", "time": 29176.905616, "url": "", "pos": 1, "chunkLen": 1, "isStartTag": 1}}
06-28 16:41:50.684  4257  4270 E WProf.db: {"WprofHTMLTag": {"code": "0xb4cc7990", "doc": "http://searchengineland.com/good-isnt-good-enough-google-shopping-274813", "row": 77, "column": 61, "tagName": "meta", "time": 29176.905726, "url": "", "pos": 1, "chunkLen": 1, "isStartTag": 1}}
06-28 16:41:50.684  4257  4270 E WProf.db: {"WprofHTMLTag": {"code": "0xb4cc79c0", "doc": "http://searchengineland.com/good-isnt-good-enough-google-shopping-274813", "row": 78, "column": 89, "tagName": "meta", "time": 29176.905847, "url": "", "pos": 1, "chunkLen": 1, "isStartTag": 1}}
06-28 16:41:50.684  4257  4270 E WProf.db: {"WprofHTMLTag": {"code": "0xb4cc79f0", "doc": "http://searchengineland.com/good-isnt-good-enough-google-shopping-274813", "row": 79, "column": 58, "tagName": "meta", "time": 29176.905963, "url": "", "pos": 1, "chunkLen": 1, "isStartTag": 1}}
06-28 16:41:50.684  4257  4270 E WProf.db: {"WprofHTMLTag": {"code": "0xb4cc7a20", "doc": "http://searchengineland.com/good-isnt-good-enough-google-shopping-274813", "row": 80, "column": 78, "tagName": "meta", "time": 29176.906079, "url": "", "pos": 1, "chunkLen": 1, "isStartTag": 1}}
06-28 16:41:50.685  4257  4270 E WProf.db: {"WprofHTMLTag": {"code": "0xb4cc7a50", "doc": "http://searchengineland.com/good-isnt-good-enough-google-shopping-274813", "row": 81, "column": 132, "tagName": "meta", "time": 29176.906193, "url": "", "pos": 1, "chunkLen": 1, "isStartTag": 1}}
06-28 16:41:50.685  4257  4270 E WProf.db: {"WprofHTMLTag": {"code": "0xb4cc7a80", "doc": "http://searchengineland.com/good-isnt-good-enough-google-shopping-274813", "row": 82, "column": 49, "tagName": "meta", "time": 29176.906302, "url": "", "pos": 1, "chunkLen": 1, "isStartTag": 1}}
06-28 16:41:50.685  4257  4270 E WProf.db: {"WprofHTMLTag": {"code": "0xb4cc7ab0", "doc": "http://searchengineland.com/good-isnt-good-enough-google-shopping-274813", "row": 83, "column": 50, "tagName": "meta", "time": 29176.906414, "url": "", "pos": 1, "chunkLen": 1, "isStartTag": 1}}
06-28 16:41:50.685  4257  4270 E WProf.db: {"WprofHTMLTag": {"code": "0xb4cc7ae0", "doc": "http://searchengineland.com/good-isnt-good-enough-google-shopping-274813", "row": 84, "column": 58, "tagName": "meta", "time": 29176.906526, "url": "", "pos": 1, "chunkLen": 1, "isStartTag": 1}}
06-28 16:41:50.685  4257  4270 E WProf.db: {"WprofHTMLTag": {"code": "0xb4cc7b10", "doc": "http://searchengineland.com/good-isnt-good-enough-google-shopping-274813", "row": 85, "column": 319, "tagName": "meta", "time": 29176.906639, "url": "", "pos": 1, "chunkLen": 1, "isStartTag": 1}}
06-28 16:41:50.685  4257  4270 E WProf.db: {"WprofHTMLTag": {"code": "0xb4cc7b40", "doc": "http://searchengineland.com/good-isnt-good-enough-google-shopping-274813", "row": 86, "column": 102, "tagName": "meta", "time": 29176.906757, "url": "", "pos": 1, "chunkLen": 1, "isStartTag": 1}}
06-28 16:41:50.685  4257  4270 E WProf.db: {"WprofHTMLTag": {"code": "0xb4cc7b70", "doc": "http://searchengineland.com/good-isnt-good-enough-google-shopping-274813", "row": 87, "column": 51, "tagName": "meta", "time": 29176.906865, "url": "", "pos": 1, "chunkLen": 1, "isStartTag": 1}}
06-28 16:41:50.685  4257  4270 E WProf.db: {"WprofHTMLTag": {"code": "0xb4cc7ba0", "doc": "http://searchengineland.com/good-isnt-good-enough-google-shopping-274813", "row": 88, "column": 133, "tagName": "meta", "time": 29176.906982, "url": "", "pos": 1, "chunkLen": 1, "isStartTag": 1}}
06-28 16:41:50.685  4257  4270 E WProf.db: {"WprofHTMLTag": {"code": "0xb4cc7bd0", "doc": "http://searchengineland.com/good-isnt-good-enough-google-shopping-274813", "row": 89, "column": 57, "tagName": "meta", "time": 29176.907095, "url": "", "pos": 1, "chunkLen": 1, "isStartTag": 1}}
06-28 16:41:50.685  4257  4270 E WProf.db: {"WprofHTMLTag": {"code": "0xb4cc7c00", "doc": "http://searchengineland.com/good-isnt-good-enough-google-shopping-274813", "row": 92, "column": 44, "tagName": "link", "time": 29176.907224, "url": "http://s.w.org/", "pos": 1, "chunkLen": 1, "isStartTag": 1}}
06-28 16:41:50.685  4257  4270 E WProf.db: {"WprofHTMLTag": {"code": "0xb4cc7c30", "doc": "http://searchengineland.com/good-isnt-good-enough-google-shopping-274813", "row": 93, "column": 33, "tagName": "script", "time": 29176.907456, "url": "", "pos": 1, "chunkLen": 1, "isStartTag": 1}}
06-28 16:41:50.685  4257  4270 E WProf.db: {"WprofHTMLTag": {"code": "0xb4cc7c60", "doc": "http://searchengineland.com/good-isnt-good-enough-google-shopping-274813", "row": 96, "column": 11, "tagName": "script", "time": 29176.907939, "url": "http://searchengineland.com/figz/wp-includes/js/wp-emoji-release.min.js?ver=4.7.5", "pos": 1, "chunkLen": 1, "isStartTag": 0}}
06-28 16:41:50.686  4257  4270 E WProf.db: {"WprofHTMLTag": {"code": "0x9c9e4990", "doc": "http://searchengineland.com/good-isnt-good-enough-google-shopping-274813", "row": 97, "column": 25, "tagName": "style", "time": 29177.592656, "url": "", "pos": 1, "chunkLen": 1, "isStartTag": 1}}
06-28 16:41:50.686  4257  4270 E WProf.db: {"WprofHTMLTag": {"code": "0x9c9e49c0", "doc": "http://searchengineland.com/good-isnt-good-enough-google-shopping-274813", "row": 110, "column": 8, "tagName": "style", "time": 29177.592916, "url": "", "pos": 1, "chunkLen": 1, "isStartTag": 0}}
06-28 16:41:50.686  4257  4270 E WProf.db: {"WprofHTMLTag": {"code": "0x9c9e49f0", "doc": "http://searchengineland.com/good-isnt-good-enough-google-shopping-274813", "row": 111, "column": 140, "tagName": "script", "time": 29177.594765, "url": "http://searchengineland.com/figz/wp-content/themes/searchengineland/js/lib/modernizr.custom.js?ver=1.0", "pos": 1, "chunkLen": 1, "isStartTag": 1}}
06-28 16:41:50.686  4257  4270 E WProf.db: {"WprofHTMLTag": {"code": "0x9c9e4a20", "doc": "http://searchengineland.com/good-isnt-good-enough-google-shopping-274813", "row": 111, "column": 149, "tagName": "script", "time": 29177.595014, "url": "", "pos": 1, "chunkLen": 1, "isStartTag": 0}}
06-28 16:41:50.686  4257  4270 E WProf.db: {"WprofHTMLTag": {"code": "0xaeddda50", "doc": "http://searchengineland.com/good-isnt-good-enough-google-shopping-274813", "row": 112, "column": 144, "tagName": "script", "time": 29177.603554, "url": "http://searchengineland.com/figz/wp-content/themes/searchengineland/js/lib/jquery-1.11.0.min.js?ver=1.11.0", "pos": 1, "chunkLen": 1, "isStartTag": 1}}
06-28 16:41:50.686  4257  4270 E WProf.db: {"WprofHTMLTag": {"code": "0x9c9e4a50", "doc": "http://searchengineland.com/good-isnt-good-enough-google-shopping-274813", "row": 112, "column": 153, "tagName": "script", "time": 29177.603795, "url": "", "pos": 1, "chunkLen": 1, "isStartTag": 0}}
06-28 16:41:50.686  4257  4270 E WProf.db: {"WprofHTMLTag": {"code": "0xaedddf60", "doc": "http://searchengineland.com/good-isnt-good-enough-google-shopping-274813", "row": 0, "column": 15, "tagName": "div", "time": 29177.672034, "url": "", "pos": 15, "chunkLen": 44, "isStartTag": 1}}
06-28 16:41:50.686  4257  4270 E WProf.db: {"WprofHTMLTag": {"code": "0xaedddf30", "doc": "http://searchengineland.com/good-isnt-good-enough-google-shopping-274813", "row": 0, "column": 21, "tagName": "div", "time": 29177.672165, "url": "", "pos": 21, "chunkLen": 44, "isStartTag": 0}}
06-28 16:41:50.686  4257  4270 E WProf.db: {"WprofHTMLTag": {"code": "0xaedddc60", "doc": "http://searchengineland.com/good-isnt-good-enough-google-shopping-274813", "row": 0, "column": 38, "tagName": "div", "time": 29177.672226, "url": "", "pos": 38, "chunkLen": 44, "isStartTag": 1}}
06-28 16:41:50.686  4257  4270 E WProf.db: {"WprofHTMLTag": {"code": "0xaedddf00", "doc": "http://searchengineland.com/good-isnt-good-enough-google-shopping-274813", "row": 0, "column": 44, "tagName": "div", "time": 29177.672330, "url": "", "pos": 44, "chunkLen": 44, "isStartTag": 0}}
06-28 16:41:50.686  4257  4270 E WProf.db: {"WprofHTMLTag": {"code": "0xaeddded0", "doc": "http://searchengineland.com/good-isnt-good-enough-google-shopping-274813", "row": 0, "column": 13, "tagName": "select", "time": 29177.673644, "url": "", "pos": 13, "chunkLen": 51, "isStartTag": 1}}
06-28 16:41:50.686  4257  4270 E WProf.db: {"WprofHTMLTag": {"code": "0xaedddea0", "doc": "http://searchengineland.com/good-isnt-good-enough-google-shopping-274813", "row": 0, "column": 33, "tagName": "option", "time": 29177.673812, "url": "", "pos": 33, "chunkLen": 51, "isStartTag": 1}}
06-28 16:41:50.686  4257  4270 E WProf.db: {"WprofHTMLTag": {"code": "0xaeddde70", "doc": "http://searchengineland.com/good-isnt-good-enough-google-shopping-274813", "row": 0, "column": 42, "tagName": "option", "time": 29177.674012, "url": "", "pos": 42, "chunkLen": 51, "isStartTag": 0}}
06-28 16:41:50.687  4257  4270 E WProf.db: {"WprofHTMLTag": {"code": "0x9c9e4ab0", "doc": "http://searchengineland.com/good-isnt-good-enough-google-shopping-274813", "row": 0, "column": 51, "tagName": "select", "time": 29177.674067, "url": "", "pos": 51, "chunkLen": 51, "isStartTag": 0}}
06-28 16:41:50.687  4257  4270 E WProf.db: {"WprofHTMLTag": {"code": "0x9c9e4ae0", "doc": "http://searchengineland.com/good-isnt-good-enough-google-shopping-274813", "row": 0, "column": 12, "tagName": "a", "time": 29177.678246, "url": "", "pos": 12, "chunkLen": 16, "isStartTag": 1}}
06-28 16:41:50.687  4257  4270 E WProf.db: {"WprofHTMLTag": {"code": "0x9c9e4b10", "doc": "http://searchengineland.com/good-isnt-good-enough-google-shopping-274813", "row": 0, "column": 16, "tagName": "a", "time": 29177.678395, "url": "", "pos": 16, "chunkLen": 16, "isStartTag": 0}}
06-28 16:41:50.687  4257  4270 E WProf.db: {"WprofHTMLTag": {"code": "0x9c9e4b40", "doc": "http://searchengineland.com/good-isnt-good-enough-google-shopping-274813", "row": 0, "column": 8, "tagName": "input", "time": 29177.679364, "url": "", "pos": 8, "chunkLen": 8, "isStartTag": 1}}
06-28 16:41:50.687  4257  4270 E WProf.db: {"WprofHTMLTag": {"code": "0x9c9e4b70", "doc": "http://searchengineland.com/good-isnt-good-enough-google-shopping-274813", "row": 0, "column": 9, "tagName": "link", "time": 29177.688506, "url": "", "pos": 9, "chunkLen": 42, "isStartTag": 1}}
06-28 16:41:50.687  4257  4270 E WProf.db: {"WprofHTMLTag": {"code": "0x9c9e4ba0", "doc": "http://searchengineland.com/good-isnt-good-enough-google-shopping-274813", "row": 0, "column": 16, "tagName": "table", "time": 29177.688636, "url": "", "pos": 16, "chunkLen": 42, "isStartTag": 1}}
06-28 16:41:50.688  4257  4270 E WProf.db: {"WprofHTMLTag": {"code": "0x9c9e4bd0", "doc": "http://searchengineland.com/good-isnt-good-enough-google-shopping-274813", "row": 0, "column": 24, "tagName": "table", "time": 29177.688757, "url": "", "pos": 24, "chunkLen": 42, "isStartTag": 0}}
06-28 16:41:50.688  4257  4270 E WProf.db: {"WprofHTMLTag": {"code": "0x9c9e4c00", "doc": "http://searchengineland.com/good-isnt-good-enough-google-shopping-274813", "row": 0, "column": 37, "tagName": "a", "time": 29177.688824, "url": "", "pos": 37, "chunkLen": 42, "isStartTag": 1}}
06-28 16:41:50.688  4257  4270 E WProf.db: {"WprofHTMLTag": {"code": "0x9c9e4c30", "doc": "http://searchengineland.com/good-isnt-good-enough-google-shopping-274813", "row": 0, "column": 42, "tagName": "a", "time": 29177.688997, "url": "", "pos": 42, "chunkLen": 42, "isStartTag": 0}}
06-28 16:41:50.688  4257  4270 E WProf.db: {"WprofHTMLTag": {"code": "0x9c9e4cc0", "doc": "http://searchengineland.com/good-isnt-good-enough-google-shopping-274813", "row": 0, "column": 10, "tagName": "textarea", "time": 29177.690214, "url": "", "pos": 10, "chunkLen": 22, "isStartTag": 1}}
06-28 16:41:50.688  4257  4270 E WProf.db: {"WprofHTMLTag": {"code": "0x9c9e4cf0", "doc": "http://searchengineland.com/good-isnt-good-enough-google-shopping-274813", "row": 0, "column": 22, "tagName": "textarea", "time": 29177.690428, "url": "", "pos": 22, "chunkLen": 22, "isStartTag": 0}}
06-28 16:41:50.688  4257  4270 E WProf.db: {"WprofHTMLTag": {"code": "0x9c9e4d20", "doc": "http://searchengineland.com/good-isnt-good-enough-google-shopping-274813", "row": 0, "column": 48, "tagName": "input", "time": 29177.691557, "url": "", "pos": 48, "chunkLen": 48, "isStartTag": 1}}
06-28 16:41:50.688  4257  4270 E WProf.db: {"WprofHTMLTag": {"code": "0x9c9e4d80", "doc": "http://searchengineland.com/good-isnt-good-enough-google-shopping-274813", "row": 0, "column": 9, "tagName": "link", "time": 29177.695716, "url": "", "pos": 9, "chunkLen": 66, "isStartTag": 1}}
06-28 16:41:50.688  4257  4270 E WProf.db: {"WprofHTMLTag": {"code": "0x9c9e4db0", "doc": "http://searchengineland.com/good-isnt-good-enough-google-shopping-274813", "row": 0, "column": 16, "tagName": "table", "time": 29177.695834, "url": "", "pos": 16, "chunkLen": 66, "isStartTag": 1}}
06-28 16:41:50.688  4257  4270 E WProf.db: {"WprofHTMLTag": {"code": "0x9c9e4de0", "doc": "http://searchengineland.com/good-isnt-good-enough-google-shopping-274813", "row": 0, "column": 24, "tagName": "table", "time": 29177.695905, "url": "", "pos": 24, "chunkLen": 66, "isStartTag": 0}}
06-28 16:41:50.688  4257  4270 E WProf.db: {"WprofHTMLTag": {"code": "0x9c9e4e10", "doc": "http://searchengineland.com/good-isnt-good-enough-google-shopping-274813", "row": 0, "column": 37, "tagName": "a", "time": 29177.695969, "url": "", "pos": 37, "chunkLen": 66, "isStartTag": 1}}
06-28 16:41:50.688  4257  4270 E WProf.db: {"WprofHTMLTag": {"code": "0x9c9e4e40", "doc": "http://searchengineland.com/good-isnt-good-enough-google-shopping-274813", "row": 0, "column": 42, "tagName": "a", "time": 29177.696134, "url": "", "pos": 42, "chunkLen": 66, "isStartTag": 0}}
06-28 16:41:50.688  4257  4270 E WProf.db: {"WprofHTMLTag": {"code": "0x9c9e4e70", "doc": "http://searchengineland.com/good-isnt-good-enough-google-shopping-274813", "row": 0, "column": 66, "tagName": "input", "time": 29177.696199, "url": "", "pos": 66, "chunkLen": 66, "isStartTag": 1}}
06-28 16:41:50.688  4257  4270 E WProf.db: {"WprofHTMLTag": {"code": "0x9c9e4f00", "doc": "http://searchengineland.com/good-isnt-good-enough-google-shopping-274813", "row": 0, "column": 9, "tagName": "link", "time": 29177.698453, "url": "", "pos": 9, "chunkLen": 66, "isStartTag": 1}}
06-28 16:41:50.689  4257  4270 E WProf.db: {"WprofHTMLTag": {"code": "0x9c9e4f30", "doc": "http://searchengineland.com/good-isnt-good-enough-google-shopping-274813", "row": 0, "column": 16, "tagName": "table", "time": 29177.698568, "url": "", "pos": 16, "chunkLen": 66, "isStartTag": 1}}
06-28 16:41:50.689  4257  4270 E WProf.db: {"WprofHTMLTag": {"code": "0x9c9e4f60", "doc": "http://searchengineland.com/good-isnt-good-enough-google-shopping-274813", "row": 0, "column": 24, "tagName": "table", "time": 29177.698638, "url": "", "pos": 24, "chunkLen": 66, "isStartTag": 0}}
06-28 16:41:50.689  4257  4270 E WProf.db: {"WprofHTMLTag": {"code": "0x9c9e4f90", "doc": "http://searchengineland.com/good-isnt-good-enough-google-shopping-274813", "row": 0, "column": 37, "tagName": "a", "time": 29177.698700, "url": "", "pos": 37, "chunkLen": 66, "isStartTag": 1}}
06-28 16:41:50.689  4257  4270 E WProf.db: {"WprofHTMLTag": {"code": "0x9c9e4fc0", "doc": "http://searchengineland.com/good-isnt-good-enough-google-shopping-274813", "row": 0, "column": 42, "tagName": "a", "time": 29177.698871, "url": "", "pos": 42, "chunkLen": 66, "isStartTag": 0}}
06-28 16:41:50.689  4257  4270 E WProf.db: {"WprofHTMLTag": {"code": "0x9c9e4ff0", "doc": "http://searchengineland.com/good-isnt-good-enough-google-shopping-274813", "row": 0, "column": 66, "tagName": "input", "time": 29177.698935, "url": "", "pos": 66, "chunkLen": 66, "isStartTag": 1}}
06-28 16:41:50.689  4257  4270 E WProf.db: {"WprofHTMLTag": {"code": "0x9c9e5050", "doc": "http://searchengineland.com/good-isnt-good-enough-google-shopping-274813", "row": 0, "column": 9, "tagName": "link", "time": 29177.703070, "url": "", "pos": 9, "chunkLen": 66, "isStartTag": 1}}
06-28 16:41:50.689  4257  4270 E WProf.db: {"WprofHTMLTag": {"code": "0x9c9e5080", "doc": "http://searchengineland.com/good-isnt-good-enough-google-shopping-274813", "row": 0, "column": 16, "tagName": "table", "time": 29177.703179, "url": "", "pos": 16, "chunkLen": 66, "isStartTag": 1}}
06-28 16:41:50.689  4257  4270 E WProf.db: {"WprofHTMLTag": {"code": "0x9c9e50b0", "doc": "http://searchengineland.com/good-isnt-good-enough-google-shopping-274813", "row": 0, "column": 24, "tagName": "table", "time": 29177.703251, "url": "", "pos": 24, "chunkLen": 66, "isStartTag": 0}}
06-28 16:41:50.689  4257  4270 E WProf.db: {"WprofHTMLTag": {"code": "0x9c9e50e0", "doc": "http://searchengineland.com/good-isnt-good-enough-google-shopping-274813", "row": 0, "column": 37, "tagName": "a", "time": 29177.703320, "url": "", "pos": 37, "chunkLen": 66, "isStartTag": 1}}
06-28 16:41:50.689  4257  4270 E WProf.db: {"WprofHTMLTag": {"code": "0x9c9e5110", "doc": "http://searchengineland.com/good-isnt-good-enough-google-shopping-274813", "row": 0, "column": 42, "tagName": "a", "time": 29177.703478, "url": "", "pos": 42, "chunkLen": 66, "isStartTag": 0}}
06-28 16:41:50.689  4257  4270 E WProf.db: {"WprofHTMLTag": {"code": "0x9c9e5140", "doc": "http://searchengineland.com/good-isnt-good-enough-google-shopping-274813", "row": 0, "column": 66, "tagName": "input", "time": 29177.703542, "url": "", "pos": 66, "chunkLen": 66, "isStartTag": 1}}
06-28 16:41:50.689  4257  4270 E WProf.db: {"WprofHTMLTag": {"code": "0x9c9e5260", "doc": "http://searchengineland.com/good-isnt-good-enough-google-shopping-274813", "row": 113, "column": 154, "tagName": "script", "time": 29177.715790, "url": "http://searchengineland.com/figz/wp-content/themes/searchengineland/js/lib/jquery-ui-1.10.3.custom.min.js?ver=1.10.3", "pos": 67, "chunkLen": 67, "isStartTag": 1}}
06-28 16:41:50.689  4257  4270 E WProf.db: {"WprofHTMLTag": {"code": "0x9c9e5290", "doc": "http://searchengineland.com/good-isnt-good-enough-google-shopping-274813", "row": 113, "column": 163, "tagName": "script", "time": 29177.716091, "url": "", "pos": 67, "chunkLen": 67, "isStartTag": 0}}
06-28 16:41:50.690  4257  4270 E WProf.db: {"WprofHTMLTag": {"code": "0xaedddde0", "doc": "http://searchengineland.com/good-isnt-good-enough-google-shopping-274813", "row": 0, "column": 111, "tagName": "div", "time": 29179.188157, "url": "", "pos": 111, "chunkLen": 117, "isStartTag": 1}}
06-28 16:41:50.690  4257  4270 E WProf.db: {"WprofHTMLTag": {"code": "0xaeddddb0", "doc": "http://searchengineland.com/good-isnt-good-enough-google-shopping-274813", "row": 0, "column": 117, "tagName": "div", "time": 29179.188366, "url": "", "pos": 117, "chunkLen": 117, "isStartTag": 0}}
06-28 16:41:50.690  4257  4270 E WProf.db: {"WprofHTMLTag": {"code": "0x9c9e55c0", "doc": "http://searchengineland.com/good-isnt-good-enough-google-shopping-274813", "row": 114, "column": 155, "tagName": "script", "time": 29179.215740, "url": "http://searchengineland.com/figz/wp-content/themes/searchengineland/js/lib/jquery.ba-throttle-debounce.min.js?ver=1.1", "pos": 118, "chunkLen": 118, "isStartTag": 1}}
06-28 16:41:50.690  4257  4270 E WProf.db: {"WprofHTMLTag": {"code": "0x9c9e55f0", "doc": "http://searchengineland.com/good-isnt-good-enough-google-shopping-274813", "row": 114, "column": 164, "tagName": "script", "time": 29179.216009, "url": "", "pos": 118, "chunkLen": 118, "isStartTag": 0}}
06-28 16:41:50.690  4257  4270 E WProf.db: {"WprofHTMLTag": {"code": "0x9c9e56e0", "doc": "http://searchengineland.com/good-isnt-good-enough-google-shopping-274813", "row": 115, "column": 146, "tagName": "script", "time": 29179.217229, "url": "http://searchengineland.com/figz/wp-content/themes/searchengineland/js/lib/jquery.countdown.min.js?ver=2.0.4", "pos": 118, "chunkLen": 118, "isStartTag": 1}}
06-28 16:41:50.690  4257  4270 E WProf.db: {"WprofHTMLTag": {"code": "0x9c9e5710", "doc": "http://searchengineland.com/good-isnt-good-enough-google-shopping-274813", "row": 115, "column": 155, "tagName": "script", "time": 29179.217455, "url": "", "pos": 118, "chunkLen": 118, "isStartTag": 0}}
06-28 16:41:50.690  4257  4270 E WProf.db: {"WprofHTMLTag": {"code": "0x9c9e5740", "doc": "http://searchengineland.com/good-isnt-good-enough-google-shopping-274813", "row": 116, "column": 77, "tagName": "link", "time": 29179.220185, "url": "http://searchengineland.com/wp-json/", "pos": 118, "chunkLen": 118, "isStartTag": 1}}
06-28 16:41:50.690  4257  4270 E WProf.db: {"WprofHTMLTag": {"code": "0x9c9e5770", "doc": "http://searchengineland.com/good-isnt-good-enough-google-shopping-274813", "row": 117, "column": 69, "tagName": "link", "time": 29179.220428, "url": "http://searchengineland.com/?p=274813", "pos": 118, "chunkLen": 118, "isStartTag": 1}}
06-28 16:41:50.690  4257  4270 E WProf.db: {"WprofHTMLTag": {"code": "0x9c9e57a0", "doc": "http://searchengineland.com/good-isnt-good-enough-google-shopping-274813", "row": 118, "column": 200, "tagName": "link", "time": 29179.220624, "url": "http://searchengineland.com/wp-json/oembed/1.0/embed?url=http%3A%2F%2Fsearchengineland.com%2Fgood-isnt-good-enough-google-shopping-274813", "pos": 118, "chunkLen": 118, "isStartTag": 1}}
