--------- beginning of main
06-28 09:24:58.172  3449  3449 E Finsky  : [1] com.google.android.finsky.wear.bl.a(3): onConnectionFailed: ConnectionResult{statusCode=API_UNAVAILABLE, resolution=null, message=null}
--------- beginning of system
06-28 09:24:59.333  9529  9529 E chromium: [ERROR:shell_integration_android.cc(12)] Not implemented reached in static ShellIntegration::DefaultWebClientSetPermission ShellIntegration::CanSetAsDefaultBrowser()
06-28 09:24:59.338  9529  9529 E chromium: [ERROR:browser_process_impl.cc(720)] Not implemented reached in virtual BackgroundModeManager* BrowserProcessImpl::background_mode_manager()
06-28 09:24:59.674  3218  5232 E AudioRecord-JNI: Error -4 during AudioRecord native read
06-28 09:25:02.088  9529  9576 E chromium: [ERROR:gles2_cmd_decoder.cc(3852)] [.ChromiumCompositor-0xacbb34c0]GL ERROR :GL_INVALID_ENUM : glDiscardFramebufferEXT: attachments was GL_COLOR_EXT
06-28 09:25:02.720  9596  9609 E WPROF   : {"CSS": {"url": "http://searchengineland.com/figz/wp-content/themes/searchengineland/css/searchengineland-bootstrap.css", "requestTime": 2979.775392}}
06-28 09:25:02.721  9596  9609 E WPROF   : {"CSS": {"url": "http://fonts.googleapis.com/css?family=Oswald:300,400,700", "requestTime": 2979.776474}}
06-28 09:25:02.722  9596  9609 E WPROF   : {"CSS": {"url": "http://searchengineland.com/figz/wp-content/themes/searchengineland/style.css", "requestTime": 2979.777421}}
06-28 09:25:02.734  9596  9609 E WPROF   : {"Javascript": {"url": "http://searchengineland.com/figz/wp-content/themes/searchengineland/js/lib/modernizr.custom.js?ver=1.0", "requestTime": 2979.789687}}
06-28 09:25:02.735  9596  9609 E WPROF   : {"Javascript": {"url": "http://searchengineland.com/figz/wp-content/themes/searchengineland/js/lib/jquery-1.11.0.min.js?ver=1.11.0", "requestTime": 2979.790496}}
06-28 09:25:02.735  9596  9609 E WPROF   : {"Javascript": {"url": "http://searchengineland.com/figz/wp-content/themes/searchengineland/js/lib/jquery-ui-1.10.3.custom.min.js?ver=1.10.3", "requestTime": 2979.791133}}
06-28 09:25:02.736  9596  9609 E WPROF   : {"Javascript": {"url": "http://searchengineland.com/figz/wp-content/themes/searchengineland/js/lib/jquery.ba-throttle-debounce.min.js?ver=1.1", "requestTime": 2979.791690}}
06-28 09:25:02.737  9596  9609 E WPROF   : {"Javascript": {"url": "http://searchengineland.com/figz/wp-content/themes/searchengineland/js/lib/jquery.countdown.min.js?ver=2.0.4", "requestTime": 2979.792381}}
06-28 09:25:02.738  9596  9609 E WPROF   : {"Javascript": {"url": "http://static.chartbeat.com/js/chartbeat_mab.js", "requestTime": 2979.793620}}
06-28 09:25:03.155  9596  9609 E WPROF   : {"Javascript": {"url": "http://searchengineland.com/figz/wp-includes/js/wp-emoji-release.min.js?ver=4.7.5", "requestTime": 2980.211168}}
06-28 09:25:03.659  9596  9609 E WPROF   : {"Javascript": {"url": "http://www.googletagservices.com/tag/js/gpt.js", "requestTime": 2980.714552}}
06-28 09:25:03.663  9596  9609 E WPROF   : {"Javascript": {"url": "https://www.google-analytics.com/analytics.js", "requestTime": 2980.718458}}
06-28 09:25:03.665  9596  9609 E WPROF   : {"Javascript": {"url": "http://edge.quantserve.com/quant.js", "requestTime": 2980.720653}}
06-28 09:25:03.667  9596  9609 E WPROF   : {"Javascript": {"url": "https://connect.facebook.net/en_US/fbevents.js", "requestTime": 2980.722889}}
06-28 09:25:03.745  9529  9576 E chromium: [ERROR:gles2_cmd_decoder.cc(3852)] [.ChromiumCompositor-0xacbb34c0]GL ERROR :GL_INVALID_ENUM : glDiscardFramebufferEXT: attachments was GL_COLOR_EXT
06-28 09:25:03.775  9596  9609 E WPROF   : {"Javascript": {"url": "http://app-sj02.marketo.com/js/forms2/js/forms2.min.js", "requestTime": 2980.830323}}
06-28 09:25:03.864  9529  9576 E chromium: [ERROR:gles2_cmd_decoder.cc(3852)] [.ChromiumCompositor-0xacbb34c0]GL ERROR :GL_INVALID_ENUM : glDiscardFramebufferEXT: attachments was GL_COLOR_EXT
06-28 09:25:03.885  9596  9609 E WPROF   : {"Javascript": {"url": "https://connect.facebook.net/signals/config/423979991297359?v=2.7.17", "requestTime": 2980.940674}}
06-28 09:25:04.098  9596  9609 E WPROF   : {"Javascript": {"url": "http://app-sj02.marketo.com/index.php/form/getForm?munchkinId=727-ZQE-044&form=5691&url=http%3A%2F%2Fsearchengineland.com%2Fgoogles-latest-search-update-gives-art-lovers-deeper-dive-masterpieces-276063&callback=jQuery1102011552741168998182_1498609504028&_=1498609504029", "requestTime": 2981.154086}}
06-28 09:25:04.116  9596  9609 E WPROF   : {"Javascript": {"url": "http://app-sj02.marketo.com/index.php/form/getForm?munchkinId=727-ZQE-044&form=5685&url=http%3A%2F%2Fsearchengineland.com%2Fgoogles-latest-search-update-gives-art-lovers-deeper-dive-masterpieces-276063&callback=jQuery1102011552741168998182_1498609504030&_=1498609504031", "requestTime": 2981.172006}}
06-28 09:25:04.148  9596  9609 E WPROF   : {"Javascript": {"url": "https://securepubads.g.doubleclick.net/gpt/pubads_impl_121.js", "requestTime": 2981.203609}}
06-28 09:25:04.385  9529  9576 E chromium: [ERROR:gles2_cmd_decoder.cc(3852)] [.ChromiumCompositor-0xacbb34c0]GL ERROR :GL_INVALID_ENUM : glDiscardFramebufferEXT: attachments was GL_COLOR_EXT
06-28 09:25:04.388  9596  9609 E WPROF   : {"Javascript": {"url": "http://app-sj02.marketo.com/index.php/form/getForm?munchkinId=727-ZQE-044&form=5673&url=http%3A%2F%2Fsearchengineland.com%2Fgoogles-latest-search-update-gives-art-lovers-deeper-dive-masterpieces-276063&callback=jQuery1102011552741168998182_1498609504032&_=1498609504033", "requestTime": 2981.443421}}
06-28 09:25:04.399  9596  9609 E WPROF   : {"Javascript": {"url": "http://searchengineland.com/js/ga_social_tracking.js", "requestTime": 2981.454332}}
06-28 09:25:04.400  9596  9609 E WPROF   : {"Javascript": {"url": "http://s7.addthis.com/js/300/addthis_widget.js#pubid=ra-53e918f660794f37", "requestTime": 2981.455615}}
06-28 09:25:04.816  9529  9576 E chromium: [ERROR:gles2_cmd_decoder.cc(3852)] [.ChromiumCompositor-0xacbb34c0]GL ERROR :GL_INVALID_ENUM : glDiscardFramebufferEXT: attachments was GL_COLOR_EXT
06-28 09:25:04.874  9596  9609 E WPROF   : {"Javascript": {"url": "https://static.xx.fbcdn.net/rsrc.php/v3iy6L4/yk/l/ko_KR/be4fIjHRc8P.js", "requestTime": 2981.930110}}
06-28 09:25:04.921   862  1657 E LocSvc_IzatApiV02: E/virtual int izat_core::IzatApiV02::getBatchSize(int32_t):522]: Error : st = 4, ind.status = -1628389555
06-28 09:25:04.921   862  1657 E LocSvc_IzatApiV02: E/virtual int izat_core::IzatApiV02::getBatchSize(int32_t):535]: get batching size failed.Or modem does not support batching 
06-28 09:25:04.929   862  1657 E LocSvc_IzatApiV02: E/virtual int izat_core::IzatApiV02::getBatchSize(int32_t):522]: Error : st = 4, ind.status = -1628389555
06-28 09:25:04.930   862  1657 E LocSvc_IzatApiV02: E/virtual int izat_core::IzatApiV02::getBatchSize(int32_t):535]: get batching size failed.Or modem does not support batching 
06-28 09:25:04.930  9596  9609 E WPROF   : {"CSS": {"url": "https://www.youtube.com/yts/cssbin/www-embed-player-sprite-mode-vfl5G4Xm8.css", "requestTime": 2981.985354}}
06-28 09:25:04.938  9596  9609 E WPROF   : {"Javascript": {"url": "https://www.youtube.com/yts/jsbin/www-embed-player-vfl_UY_j8/www-embed-player.js", "requestTime": 2981.993286}}
06-28 09:25:04.938  9596  9609 E WPROF   : {"Javascript": {"url": "https://www.youtube.com/yts/jsbin/player-vflo1w4O-/ko_KR/base.js", "requestTime": 2981.993995}}
06-28 09:25:04.943  9596  9609 E WPROF   : {"Javascript": {"url": "http://d2j3qa5nc37287.cloudfront.net/coupon_code1.js", "requestTime": 2981.998367}}
06-28 09:25:04.945  9596  9609 E WPROF   : {"Javascript": {"url": "http://www.googleadservices.com/pagead/conversion.js", "requestTime": 2982.001057}}
06-28 09:25:04.946  9596  9609 E WPROF   : {"Javascript": {"url": "http://searchengineland.com/figz/wp-content/themes/searchengineland/js/script.js?ver=1.0", "requestTime": 2982.001785}}
06-28 09:25:04.947  9596  9609 E WPROF   : {"Javascript": {"url": "http://searchengineland.com/figz/wp-includes/js/wp-embed.min.js?ver=4.7.5", "requestTime": 2982.002961}}
06-28 09:25:04.948  9596  9609 E WPROF   : {"Javascript": {"url": "http://searchengineland.com/figz/wp-content/themes/searchengineland/js/modules/sharing_controls.js", "requestTime": 2982.003415}}
06-28 09:25:04.962   862  1657 E LocSvc_IzatApiV02: E/virtual int izat_core::IzatApiV02::getBatchSize(int32_t):522]: Error : st = 4, ind.status = -1628389555
06-28 09:25:04.962   862  1657 E LocSvc_IzatApiV02: E/virtual int izat_core::IzatApiV02::getBatchSize(int32_t):535]: get batching size failed.Or modem does not support batching 
06-28 09:25:04.972   862  1657 E LocSvc_IzatApiV02: E/virtual int izat_core::IzatApiV02::getBatchSize(int32_t):522]: Error : st = 4, ind.status = -1628389555
06-28 09:25:04.972   862  1657 E LocSvc_IzatApiV02: E/virtual int izat_core::IzatApiV02::getBatchSize(int32_t):535]: get batching size failed.Or modem does not support batching 
06-28 09:25:05.089  9596  9609 E WPROF   : {"Javascript": {"url": "http://cdn.api.twitter.com/1/users/show.json?screen_name=AmyGesenhues&callback=twttr.setFollowersCount", "requestTime": 2982.144522}}
06-28 09:25:05.150  9529  9576 E chromium: [ERROR:gles2_cmd_decoder.cc(3852)] [.ChromiumCompositor-0xacbb34c0]GL ERROR :GL_INVALID_ENUM : glDiscardFramebufferEXT: attachments was GL_COLOR_EXT
06-28 09:25:05.741  9596  9609 E WPROF   : {"Javascript": {"url": "https://securepubads.g.doubleclick.net/gampad/ads?gdfp_req=1&correlator=1908686190542848&output=json_html&callback=googletag.impl.pubads.callbackProxy1&impl=fifs&json_a=1&eid=108809080%2C21060130%2C108809103%2C21060003&sc=0&sfv=1-0-9&iu_parts=1038259%2Csel-ciu-1%2Csel-ciu-2%2Csel-ciu-3%2Csel-ciu-4%2", "requestTime": 2982.797142}}
06-28 09:25:05.767  9596  9609 E WPROF   : {"CSS": {"url": "http://app-sj02.marketo.com/js/forms2/css/forms2.css", "requestTime": 2982.823087}}
06-28 09:25:05.770  9596  9609 E WPROF   : {"CSS": {"url": "http://app-sj02.marketo.com/js/forms2/css/forms2-theme-simple.css", "requestTime": 2982.826170}}
06-28 09:25:05.924  9529  9576 E chromium: [ERROR:gles2_cmd_decoder.cc(3852)] [.ChromiumCompositor-0xacbb34c0]GL ERROR :GL_INVALID_ENUM : glDiscardFramebufferEXT: attachments was GL_COLOR_EXT
06-28 09:25:06.480  9596  9609 E WPROF   : {"Javascript": {"url": "https://www.google.com/js/bg/KWBfAnWFESAEEaKKgdYlTHY9ysQaNoQuzeMFqvxDSM8.js", "requestTime": 2983.535892}}
06-28 09:25:06.483  9596  9609 E WPROF   : {"Javascript": {"url": "https://static.doubleclick.net/instream/ad_status.js", "requestTime": 2983.538357}}
06-28 09:25:06.635  9596  9609 E WPROF   : {"Javascript": {"url": "https://www.youtube.com/yts/jsbin/player-vflo1w4O-/ko_KR/base.js", "requestTime": 2983.690426}}
06-28 09:25:06.750  9529  9576 E chromium: [ERROR:gles2_cmd_decoder.cc(3852)] [.ChromiumCompositor-0xacbb34c0]GL ERROR :GL_INVALID_ENUM : glDiscardFramebufferEXT: attachments was GL_COLOR_EXT
06-28 09:25:06.894  9529  9576 E chromium: [ERROR:gles2_cmd_decoder.cc(3852)] [.ChromiumCompositor-0xacbb34c0]GL ERROR :GL_INVALID_ENUM : glDiscardFramebufferEXT: attachments was GL_COLOR_EXT
06-28 09:25:07.548  9529  9576 E chromium: [ERROR:gles2_cmd_decoder.cc(3852)] [.ChromiumCompositor-0xacbb34c0]GL ERROR :GL_INVALID_ENUM : glDiscardFramebufferEXT: attachments was GL_COLOR_EXT
06-28 09:25:08.348  9596  9609 E WPROF   : {"Javascript": {"url": "https://www.google.com/js/bg/KWBfAnWFESAEEaKKgdYlTHY9ysQaNoQuzeMFqvxDSM8.js", "requestTime": 2985.403687}}
06-28 09:25:08.350  9596  9609 E WPROF   : {"Javascript": {"url": "https://static.doubleclick.net/instream/ad_status.js", "requestTime": 2985.405496}}
06-28 09:25:08.870  9596  9609 E WPROF   : {"Javascript": {"url": "http://www.justuno.com/ajax/account_version_check.html?id=828FA275-FF73-401E-AA39-40F5A6FAB6B1", "requestTime": 2985.925299}}
06-28 09:25:08.921  9596  9609 E WPROF   : {"Javascript": {"url": "https://tpc.googlesyndication.com/pagead/js/r20170619/r20110914/client/ext/m_window_focus_non_hydra.js", "requestTime": 2985.976770}}
06-28 09:25:08.923  9596  9609 E WPROF   : {"Javascript": {"url": "https://tpc.googlesyndication.com/pagead/js/r20170619/r20110914/activeview/osd_listener.js", "requestTime": 2985.978996}}
06-28 09:25:08.929  9596  9609 E WPROF   : {"Javascript": {"url": "http://pagead2.googlesyndication.com/pagead/osd.js", "requestTime": 2985.984408}}
06-28 09:25:09.078  9529  9576 E chromium: [ERROR:gles2_cmd_decoder.cc(3852)] [.ChromiumCompositor-0xacbb34c0]GL ERROR :GL_INVALID_ENUM : glDiscardFramebufferEXT: attachments was GL_COLOR_EXT
06-28 09:25:09.239  9529  9576 E chromium: [ERROR:gles2_cmd_decoder.cc(3852)] [.ChromiumCompositor-0xacbb34c0]GL ERROR :GL_INVALID_ENUM : glDiscardFramebufferEXT: attachments was GL_COLOR_EXT
06-28 09:25:09.570  9529  9576 E chromium: [ERROR:gles2_cmd_decoder.cc(3852)] [.ChromiumCompositor-0xacbb34c0]GL ERROR :GL_INVALID_ENUM : glDiscardFramebufferEXT: attachments was GL_COLOR_EXT
06-28 09:25:10.028  9529  9576 E chromium: [ERROR:gles2_cmd_decoder.cc(3852)] [.ChromiumCompositor-0xacbb34c0]GL ERROR :GL_INVALID_ENUM : glDiscardFramebufferEXT: attachments was GL_COLOR_EXT
06-28 09:25:10.690  9529  9576 E chromium: [ERROR:gles2_cmd_decoder.cc(3852)] [.ChromiumCompositor-0xacbb34c0]GL ERROR :GL_INVALID_ENUM : glDiscardFramebufferEXT: attachments was GL_COLOR_EXT
06-28 09:25:10.879  9529  9576 E chromium: [ERROR:gles2_cmd_decoder.cc(3852)] [.ChromiumCompositor-0xacbb34c0]GL ERROR :GL_INVALID_ENUM : glDiscardFramebufferEXT: attachments was GL_COLOR_EXT
06-28 09:25:10.949  9529  9576 E chromium: [ERROR:gles2_cmd_decoder.cc(3852)] [.ChromiumCompositor-0xacbb34c0]GL ERROR :GL_INVALID_ENUM : glDiscardFramebufferEXT: attachments was GL_COLOR_EXT
06-28 09:25:11.065  9596  9609 E WPROF   : {"Javascript": {"url": "http://cdn.justuno.com/mwgt_3.6.js", "requestTime": 2988.120909}}
06-28 09:25:11.248  9529  9576 E chromium: [ERROR:gles2_cmd_decoder.cc(3852)] [.ChromiumCompositor-0xacbb34c0]GL ERROR :GL_INVALID_ENUM : glDiscardFramebufferEXT: attachments was GL_COLOR_EXT
06-28 09:25:11.287  9529  9576 E chromium: [ERROR:gles2_cmd_decoder.cc(3852)] [.ChromiumCompositor-0xacbb34c0]GL ERROR :GL_INVALID_ENUM : glDiscardFramebufferEXT: attachments was GL_COLOR_EXT
06-28 09:25:11.353  9529  9576 E chromium: [ERROR:gles2_cmd_decoder.cc(3852)] [.ChromiumCompositor-0xacbb34c0]GL ERROR :GL_INVALID_ENUM : glDiscardFramebufferEXT: attachments was GL_COLOR_EXT
06-28 09:25:11.358  9529  9576 E chromium: [ERROR:gles2_cmd_decoder.cc(3852)] [.ChromiumCompositor-0xacbb34c0]GL ERROR :GL_INVALID_ENUM : glDiscardFramebufferEXT: attachments was GL_COLOR_EXT
06-28 09:25:11.370  9596  9609 E WProf.db: {"page": "searchengineland.com_googles-latest-search-update-gives-art-lovers-deeper-dive-masterpieces-276063"}
06-28 09:25:11.370  9596  9609 E WProf.db: {"DOMLoad": 2988.426105}
06-28 09:25:11.370  9596  9609 E WProf.db: {"Resource": {"id": 1, "url": "http://searchengineland.com/googles-latest-search-update-gives-art-lovers-deeper-dive-masterpieces-276063", "sentTime": -1.000000, "len": 91834, "from": "0x0", "mimeType": "text/html", "contentLength": -1, "httpStatus": 200, "connId": 20, "connReused": 1, "cached": 0,"requestTime": 2979.039660, "proxyStart": -1, "proxyEnd": -1, "dnsStart": -1, "dnsEnd": -1, "connectStart": 0, "connectEnd": 88, "sendStart": 88, "sendEnd": 88, "receiveHeadersEnd": 602, "sslStart": -1, "sslEnd": -1}}
06-28 09:25:11.371  9596  9609 E WProf.db: {"ReceivedChunk": {"receivedTime": 2979.661333, "len": 12653}}
06-28 09:25:11.371  9596  9609 E WProf.db: {"ReceivedChunk": {"receivedTime": 2979.759741, "len": 32768}}
06-28 09:25:11.371  9596  9609 E WProf.db: {"ReceivedChunk": {"receivedTime": 2979.760098, "len": 27075}}
06-28 09:25:11.371  9596  9609 E WProf.db: {"ReceivedChunk": {"receivedTime": 2979.794276, "len": 14599}}
06-28 09:25:11.371  9596  9609 E WProf.db: {"ReceivedChunk": {"receivedTime": 2979.794923, "len": 4739}}
06-28 09:25:11.371  9596  9609 E WProf.db: {"WprofHTMLTag": {"code": "0xaf0462c0", "doc": "http://searchengineland.com/googles-latest-search-update-gives-art-lovers-deeper-dive-masterpieces-276063", "row": 6, "column": 42, "tagName": "html", "time": 2979.766279, "url": "", "pos": 1, "chunkLen": 1, "isStartTag": 1}}
06-28 09:25:11.371  9596  9609 E WProf.db: {"WprofHTMLTag": {"code": "0xaf047be0", "doc": "http://searchengineland.com/googles-latest-search-update-gives-art-lovers-deeper-dive-masterpieces-276063", "row": 7, "column": 6, "tagName": "head", "time": 2979.766605, "url": "", "pos": 1, "chunkLen": 1, "isStartTag": 1}}
06-28 09:25:11.371  9596  9609 E WProf.db: {"WprofHTMLTag": {"code": "0xaf047cd0", "doc": "http://searchengineland.com/googles-latest-search-update-gives-art-lovers-deeper-dive-masterpieces-276063", "row": 8, "column": 54, "tagName": "meta", "time": 2979.766662, "url": "", "pos": 1, "chunkLen": 1, "isStartTag": 1}}
06-28 09:25:11.371  9596  9609 E WProf.db: {"WprofHTMLTag": {"code": "0xaf047d00", "doc": "http://searchengineland.com/googles-latest-search-update-gives-art-lovers-deeper-dive-masterpieces-276063", "row": 9, "column": 68, "tagName": "meta", "time": 2979.766853, "url": "", "pos": 1, "chunkLen": 1, "isStartTag": 1}}
06-28 09:25:11.371  9596  9609 E WProf.db: {"WprofHTMLTag": {"code": "0xaf047d30", "doc": "http://searchengineland.com/googles-latest-search-update-gives-art-lovers-deeper-dive-masterpieces-276063", "row": 10, "column": 23, "tagName": "meta", "time": 2979.766998, "url": "", "pos": 1, "chunkLen": 1, "isStartTag": 1}}
06-28 09:25:11.371  9596  9609 E WProf.db: {"WprofHTMLTag": {"code": "0xaf047d60", "doc": "http://searchengineland.com/googles-latest-search-update-gives-art-lovers-deeper-dive-masterpieces-276063", "row": 11, "column": 52, "tagName": "meta", "time": 2979.767184, "url": "", "pos": 1, "chunkLen": 1, "isStartTag": 1}}
06-28 09:25:11.371  9596  9609 E WProf.db: {"WprofHTMLTag": {"code": "0xaf047d90", "doc": "http://searchengineland.com/googles-latest-search-update-gives-art-lovers-deeper-dive-masterpieces-276063", "row": 14, "column": 56, "tagName": "meta", "time": 2979.767351, "url": "", "pos": 1, "chunkLen": 1, "isStartTag": 1}}
06-28 09:25:11.371  9596  9609 E WProf.db: {"WprofHTMLTag": {"code": "0xaf047dc0", "doc": "http://searchengineland.com/googles-latest-search-update-gives-art-lovers-deeper-dive-masterpieces-276063", "row": 15, "column": 83, "tagName": "meta", "time": 2979.767498, "url": "", "pos": 1, "chunkLen": 1, "isStartTag": 1}}
06-28 09:25:11.371  9596  9609 E WProf.db: {"WprofHTMLTag": {"code": "0xaf047df0", "doc": "http://searchengineland.com/googles-latest-search-update-gives-art-lovers-deeper-dive-masterpieces-276063", "row": 16, "column": 57, "tagName": "meta", "time": 2979.767638, "url": "", "pos": 1, "chunkLen": 1, "isStartTag": 1}}
06-28 09:25:11.371  9596  9609 E WProf.db: {"WprofHTMLTag": {"code": "0xaf047e80", "doc": "http://searchengineland.com/googles-latest-search-update-gives-art-lovers-deeper-dive-masterpieces-276063", "row": 17, "column": 41, "tagName": "meta", "time": 2979.767780, "url": "", "pos": 1, "chunkLen": 1, "isStartTag": 1}}
06-28 09:25:11.372  9596  9609 E WProf.db: {"WprofHTMLTag": {"code": "0xaf047eb0", "doc": "http://searchengineland.com/googles-latest-search-update-gives-art-lovers-deeper-dive-masterpieces-276063", "row": 18, "column": 50, "tagName": "meta", "time": 2979.767918, "url": "", "pos": 1, "chunkLen": 1, "isStartTag": 1}}
06-28 09:25:11.372  9596  9609 E WProf.db: {"WprofHTMLTag": {"code": "0xaf047ee0", "doc": "http://searchengineland.com/googles-latest-search-update-gives-art-lovers-deeper-dive-masterpieces-276063", "row": 19, "column": 174, "tagName": "meta", "time": 2979.768061, "url": "", "pos": 1, "chunkLen": 1, "isStartTag": 1}}
06-28 09:25:11.372  9596  9609 E WProf.db: {"WprofHTMLTag": {"code": "0xaf047e50", "doc": "http://searchengineland.com/googles-latest-search-update-gives-art-lovers-deeper-dive-masterpieces-276063", "row": 20, "column": 47, "tagName": "meta", "time": 2979.768209, "url": "", "pos": 1, "chunkLen": 1, "isStartTag": 1}}
06-28 09:25:11.372  9596  9609 E WProf.db: {"WprofHTMLTag": {"code": "0xaf047e20", "doc": "http://searchengineland.com/googles-latest-search-update-gives-art-lovers-deeper-dive-masterpieces-276063", "row": 21, "column": 67, "tagName": "meta", "time": 2979.768351, "url": "", "pos": 1, "chunkLen": 1, "isStartTag": 1}}
06-28 09:25:11.372  9596  9609 E WProf.db: {"WprofHTMLTag": {"code": "0xaf047f10", "doc": "http://searchengineland.com/googles-latest-search-update-gives-art-lovers-deeper-dive-masterpieces-276063", "row": 22, "column": 57, "tagName": "meta", "time": 2979.768502, "url": "", "pos": 1, "chunkLen": 1, "isStartTag": 1}}
06-28 09:25:11.372  9596  9609 E WProf.db: {"WprofHTMLTag": {"code": "0xaf047f40", "doc": "http://searchengineland.com/googles-latest-search-update-gives-art-lovers-deeper-dive-masterpieces-276063", "row": 23, "column": 65, "tagName": "meta", "time": 2979.768655, "url": "", "pos": 1, "chunkLen": 1, "isStartTag": 1}}
06-28 09:25:11.372  9596  9609 E WProf.db: {"WprofHTMLTag": {"code": "0xaf047f70", "doc": "http://searchengineland.com/googles-latest-search-update-gives-art-lovers-deeper-dive-masterpieces-276063", "row": 24, "column": 55, "tagName": "meta", "time": 2979.768808, "url": "", "pos": 1, "chunkLen": 1, "isStartTag": 1}}
06-28 09:25:11.372  9596  9609 E WProf.db: {"WprofHTMLTag": {"code": "0xaf047fa0", "doc": "http://searchengineland.com/googles-latest-search-update-gives-art-lovers-deeper-dive-masterpieces-276063", "row": 25, "column": 71, "tagName": "meta", "time": 2979.768951, "url": "", "pos": 1, "chunkLen": 1, "isStartTag": 1}}
06-28 09:25:11.372  9596  9609 E WProf.db: {"WprofHTMLTag": {"code": "0xaf047fd0", "doc": "http://searchengineland.com/googles-latest-search-update-gives-art-lovers-deeper-dive-masterpieces-276063", "row": 26, "column": 86, "tagName": "meta", "time": 2979.769093, "url": "", "pos": 1, "chunkLen": 1, "isStartTag": 1}}
06-28 09:25:11.372  9596  9609 E WProf.db: {"WprofHTMLTag": {"code": "0xb4cc74b0", "doc": "http://searchengineland.com/googles-latest-search-update-gives-art-lovers-deeper-dive-masterpieces-276063", "row": 27, "column": 54, "tagName": "meta", "time": 2979.769237, "url": "", "pos": 1, "chunkLen": 1, "isStartTag": 1}}
06-28 09:25:11.372  9596  9609 E WProf.db: {"WprofHTMLTag": {"code": "0xb4cc7540", "doc": "http://searchengineland.com/googles-latest-search-update-gives-art-lovers-deeper-dive-masterpieces-276063", "row": 29, "column": 39, "tagName": "meta", "time": 2979.769380, "url": "", "pos": 1, "chunkLen": 1, "isStartTag": 1}}
06-28 09:25:11.372  9596  9609 E WProf.db: {"WprofHTMLTag": {"code": "0xb4cc78a0", "doc": "http://searchengineland.com/googles-latest-search-update-gives-art-lovers-deeper-dive-masterpieces-276063", "row": 30, "column": 184, "tagName": "meta", "time": 2979.769525, "url": "", "pos": 1, "chunkLen": 1, "isStartTag": 1}}
06-28 09:25:11.372  9596  9609 E WProf.db: {"WprofHTMLTag": {"code": "0xb4cc78d0", "doc": "http://searchengineland.com/googles-latest-search-update-gives-art-lovers-deeper-dive-masterpieces-276063", "row": 31, "column": 55, "tagName": "meta", "time": 2979.769668, "url": "", "pos": 1, "chunkLen": 1, "isStartTag": 1}}
06-28 09:25:11.373  9596  9609 E WProf.db: {"WprofHTMLTag": {"code": "0xb4cc7900", "doc": "http://searchengineland.com/googles-latest-search-update-gives-art-lovers-deeper-dive-masterpieces-276063", "row": 32, "column": 54, "tagName": "meta", "time": 2979.769806, "url": "", "pos": 1, "chunkLen": 1, "isStartTag": 1}}
06-28 09:25:11.373  9596  9609 E WProf.db: {"WprofHTMLTag": {"code": "0xb4cc7930", "doc": "http://searchengineland.com/googles-latest-search-update-gives-art-lovers-deeper-dive-masterpieces-276063", "row": 33, "column": 141, "tagName": "meta", "time": 2979.769949, "url": "", "pos": 1, "chunkLen": 1, "isStartTag": 1}}
06-28 09:25:11.373  9596  9609 E WProf.db: {"WprofHTMLTag": {"code": "0xb4cc7960", "doc": "http://searchengineland.com/googles-latest-search-update-gives-art-lovers-deeper-dive-masterpieces-276063", "row": 37, "column": 36, "tagName": "script", "time": 2979.771168, "url": "", "pos": 1, "chunkLen": 1, "isStartTag": 1}}
06-28 09:25:11.373  9596  9609 E WProf.db: {"WprofHTMLTag": {"code": "0xb4cc7990", "doc": "http://searchengineland.com/googles-latest-search-update-gives-art-lovers-deeper-dive-masterpieces-276063", "row": 53, "column": 10, "tagName": "script", "time": 2979.771532, "url": "", "pos": 1, "chunkLen": 1, "isStartTag": 0}}
06-28 09:25:11.373  9596  9609 E WProf.db: {"WprofHTMLTag": {"code": "0xb4cc79c0", "doc": "http://searchengineland.com/googles-latest-search-update-gives-art-lovers-deeper-dive-masterpieces-276063", "row": 55, "column": 86, "tagName": "link", "time": 2979.772622, "url": "http://searchengineland.com/apple-touch-icon.png", "pos": 1, "chunkLen": 1, "isStartTag": 1}}
06-28 09:25:11.373  9596  9609 E WProf.db: {"WprofHTMLTag": {"code": "0xb4cc79f0", "doc": "http://searchengineland.com/googles-latest-search-update-gives-art-lovers-deeper-dive-masterpieces-276063", "row": 56, "column": 76, "tagName": "link", "time": 2979.773328, "url": "http://searchengineland.com/favicon.ico", "pos": 1, "chunkLen": 1, "isStartTag": 1}}
06-28 09:25:11.373  9596  9609 E WProf.db: {"WprofHTMLTag": {"code": "0xb4cc7a20", "doc": "http://searchengineland.com/googles-latest-search-update-gives-art-lovers-deeper-dive-masterpieces-276063", "row": 57, "column": 158, "tagName": "link", "time": 2979.773966, "url": "http://feeds.searchengineland.com/searchengineland", "pos": 1, "chunkLen": 1, "isStartTag": 1}}
06-28 09:25:11.373  9596  9609 E WProf.db: {"WprofHTMLTag": {"code": "0xb4cc7a50", "doc": "http://searchengineland.com/googles-latest-search-update-gives-art-lovers-deeper-dive-masterpieces-276063", "row": 58, "column": 149, "tagName": "link", "time": 2979.774470, "url": "http://feeds.searchengineland.com/searchcap", "pos": 1, "chunkLen": 1, "isStartTag": 1}}
06-28 09:25:11.373  9596  9609 E WProf.db: {"WprofHTMLTag": {"code": "0xb4cc7a80", "doc": "http://searchengineland.com/googles-latest-search-update-gives-art-lovers-deeper-dive-masterpieces-276063", "row": 59, "column": 150, "tagName": "link", "time": 2979.774919, "url": "http://searchengineland.com/figz/wp-content/themes/searchengineland/css/searchengineland-bootstrap.css", "pos": 1, "chunkLen": 1, "isStartTag": 1}}
06-28 09:25:11.373  9596  9609 E WProf.db: {"WprofHTMLTag": {"code": "0xb4cc7ba0", "doc": "http://searchengineland.com/googles-latest-search-update-gives-art-lovers-deeper-dive-masterpieces-276063", "row": 60, "column": 105, "tagName": "link", "time": 2979.776000, "url": "http://fonts.googleapis.com/css?family=Oswald:300,400,700", "pos": 1, "chunkLen": 1, "isStartTag": 1}}
06-28 09:25:11.373  9596  9609 E WProf.db: {"WprofHTMLTag": {"code": "0xb4cc7c00", "doc": "http://searchengineland.com/googles-latest-search-update-gives-art-lovers-deeper-dive-masterpieces-276063", "row": 61, "column": 125, "tagName": "link", "time": 2979.776963, "url": "http://searchengineland.com/figz/wp-content/themes/searchengineland/style.css", "pos": 1, "chunkLen": 1, "isStartTag": 1}}
06-28 09:25:11.373  9596  9609 E WProf.db: {"WprofHTMLTag": {"code": "0xb4cc7c60", "doc": "http://searchengineland.com/googles-latest-search-update-gives-art-lovers-deeper-dive-masterpieces-276063", "row": 65, "column": 7, "tagName": "title", "time": 2979.777919, "url": "", "pos": 1, "chunkLen": 1, "isStartTag": 1}}
06-28 09:25:11.373  9596  9609 E WProf.db: {"WprofHTMLTag": {"code": "0xb4cc7c90", "doc": "http://searchengineland.com/googles-latest-search-update-gives-art-lovers-deeper-dive-masterpieces-276063", "row": 65, "column": 102, "tagName": "title", "time": 2979.778291, "url": "", "pos": 1, "chunkLen": 1, "isStartTag": 0}}
06-28 09:25:11.373  9596  9609 E WProf.db: {"WprofHTMLTag": {"code": "0xb4cc7cc0", "doc": "http://searchengineland.com/googles-latest-search-update-gives-art-lovers-deeper-dive-masterpieces-276063", "row": 66, "column": 186, "tagName": "meta", "time": 2979.778400, "url": "", "pos": 1, "chunkLen": 1, "isStartTag": 1}}
06-28 09:25:11.374  9596  9609 E WProf.db: {"WprofHTMLTag": {"code": "0xb4cc7cf0", "doc": "http://searchengineland.com/googles-latest-search-update-gives-art-lovers-deeper-dive-masterpieces-276063", "row": 67, "column": 40, "tagName": "meta", "time": 2979.778608, "url": "", "pos": 1, "chunkLen": 1, "isStartTag": 1}}
06-28 09:25:11.374  9596  9609 E WProf.db: {"WprofHTMLTag": {"code": "0xb4cc7d20", "doc": "http://searchengineland.com/googles-latest-search-update-gives-art-lovers-deeper-dive-masterpieces-276063", "row": 68, "column": 147, "tagName": "meta", "time": 2979.778772, "url": "", "pos": 1, "chunkLen": 1, "isStartTag": 1}}
06-28 09:25:11.374  9596  9609 E WProf.db: {"WprofHTMLTag": {"code": "0xb4cc7d50", "doc": "http://searchengineland.com/googles-latest-search-update-gives-art-lovers-deeper-dive-masterpieces-276063", "row": 69, "column": 37, "tagName": "meta", "time": 2979.778940, "url": "", "pos": 1, "chunkLen": 1, "isStartTag": 1}}
06-28 09:25:11.374  9596  9609 E WProf.db: {"WprofHTMLTag": {"code": "0xb4cc7d80", "doc": "http://searchengineland.com/googles-latest-search-update-gives-art-lovers-deeper-dive-masterpieces-276063", "row": 70, "column": 137, "tagName": "link", "time": 2979.779111, "url": "http://searchengineland.com/googles-latest-search-update-gives-art-lovers-deeper-dive-masterpieces-276063", "pos": 1, "chunkLen": 1, "isStartTag": 1}}
06-28 09:25:11.374  9596  9609 E WProf.db: {"WprofHTMLTag": {"code": "0xb4cc7db0", "doc": "http://searchengineland.com/googles-latest-search-update-gives-art-lovers-deeper-dive-masterpieces-276063", "row": 71, "column": 76, "tagName": "link", "time": 2979.779431, "url": "https://plus.google.com/103218677032751327334", "pos": 1, "chunkLen": 1, "isStartTag": 1}}
06-28 09:25:11.374  9596  9609 E WProf.db: {"WprofHTMLTag": {"code": "0xb4cc7de0", "doc": "http://searchengineland.com/googles-latest-search-update-gives-art-lovers-deeper-dive-masterpieces-276063", "row": 72, "column": 45, "tagName": "meta", "time": 2979.779970, "url": "", "pos": 1, "chunkLen": 1, "isStartTag": 1}}
06-28 09:25:11.374  9596  9609 E WProf.db: {"WprofHTMLTag": {"code": "0xb4cc7e10", "doc": "http://searchengineland.com/googles-latest-search-update-gives-art-lovers-deeper-dive-masterpieces-276063", "row": 73, "column": 45, "tagName": "meta", "time": 2979.780504, "url": "", "pos": 1, "chunkLen": 1, "isStartTag": 1}}
06-28 09:25:11.374  9596  9609 E WProf.db: {"WprofHTMLTag": {"code": "0xb4cc7e40", "doc": "http://searchengineland.com/googles-latest-search-update-gives-art-lovers-deeper-dive-masterpieces-276063", "row": 74, "column": 126, "tagName": "meta", "time": 2979.786006, "url": "", "pos": 1, "chunkLen": 1, "isStartTag": 1}}
06-28 09:25:11.374  9596  9609 E WProf.db: {"WprofHTMLTag": {"code": "0xb4cc7e70", "doc": "http://searchengineland.com/googles-latest-search-update-gives-art-lovers-deeper-dive-masterpieces-276063", "row": 75, "column": 194, "tagName": "meta", "time": 2979.786170, "url": "", "pos": 1, "chunkLen": 1, "isStartTag": 1}}
06-28 09:25:11.374  9596  9609 E WProf.db: {"WprofHTMLTag": {"code": "0xb4cc7ea0", "doc": "http://searchengineland.com/googles-latest-search-update-gives-art-lovers-deeper-dive-masterpieces-276063", "row": 76, "column": 142, "tagName": "meta", "time": 2979.786320, "url": "", "pos": 1, "chunkLen": 1, "isStartTag": 1}}
06-28 09:25:11.374  9596  9609 E WProf.db: {"WprofHTMLTag": {"code": "0xb4cc7ed0", "doc": "http://searchengineland.com/googles-latest-search-update-gives-art-lovers-deeper-dive-masterpieces-276063", "row": 77, "column": 61, "tagName": "meta", "time": 2979.786468, "url": "", "pos": 1, "chunkLen": 1, "isStartTag": 1}}
06-28 09:25:11.374  9596  9609 E WProf.db: {"WprofHTMLTag": {"code": "0xb4cc7f00", "doc": "http://searchengineland.com/googles-latest-search-update-gives-art-lovers-deeper-dive-masterpieces-276063", "row": 78, "column": 89, "tagName": "meta", "time": 2979.786614, "url": "", "pos": 1, "chunkLen": 1, "isStartTag": 1}}
06-28 09:25:11.375  9596  9609 E WProf.db: {"WprofHTMLTag": {"code": "0xb4cc7f30", "doc": "http://searchengineland.com/googles-latest-search-update-gives-art-lovers-deeper-dive-masterpieces-276063", "row": 79, "column": 58, "tagName": "meta", "time": 2979.786770, "url": "", "pos": 1, "chunkLen": 1, "isStartTag": 1}}
06-28 09:25:11.375  9596  9609 E WProf.db: {"WprofHTMLTag": {"code": "0xb4cc7f60", "doc": "http://searchengineland.com/googles-latest-search-update-gives-art-lovers-deeper-dive-masterpieces-276063", "row": 80, "column": 78, "tagName": "meta", "time": 2979.786927, "url": "", "pos": 1, "chunkLen": 1, "isStartTag": 1}}
06-28 09:25:11.375  9596  9609 E WProf.db: {"WprofHTMLTag": {"code": "0xb4cc7f90", "doc": "http://searchengineland.com/googles-latest-search-update-gives-art-lovers-deeper-dive-masterpieces-276063", "row": 81, "column": 135, "tagName": "meta", "time": 2979.787080, "url": "", "pos": 1, "chunkLen": 1, "isStartTag": 1}}
06-28 09:25:11.375  9596  9609 E WProf.db: {"WprofHTMLTag": {"code": "0xb4cc7fc0", "doc": "http://searchengineland.com/googles-latest-search-update-gives-art-lovers-deeper-dive-masterpieces-276063", "row": 82, "column": 49, "tagName": "meta", "time": 2979.787227, "url": "", "pos": 1, "chunkLen": 1, "isStartTag": 1}}
06-28 09:25:11.375  9596  9609 E WProf.db: {"WprofHTMLTag": {"code": "0xb4cc7ff0", "doc": "http://searchengineland.com/googles-latest-search-update-gives-art-lovers-deeper-dive-masterpieces-276063", "row": 83, "column": 50, "tagName": "meta", "time": 2979.787376, "url": "", "pos": 1, "chunkLen": 1, "isStartTag": 1}}
06-28 09:25:11.375  9596  9609 E WProf.db: {"WprofHTMLTag": {"code": "0xb4cc8020", "doc": "http://searchengineland.com/googles-latest-search-update-gives-art-lovers-deeper-dive-masterpieces-276063", "row": 84, "column": 58, "tagName": "meta", "time": 2979.787528, "url": "", "pos": 1, "chunkLen": 1, "isStartTag": 1}}
06-28 09:25:11.375  9596  9609 E WProf.db: {"WprofHTMLTag": {"code": "0xb4cc8050", "doc": "http://searchengineland.com/googles-latest-search-update-gives-art-lovers-deeper-dive-masterpieces-276063", "row": 85, "column": 195, "tagName": "meta", "time": 2979.787680, "url": "", "pos": 1, "chunkLen": 1, "isStartTag": 1}}
06-28 09:25:11.375  9596  9609 E WProf.db: {"WprofHTMLTag": {"code": "0xb4cc8080", "doc": "http://searchengineland.com/googles-latest-search-update-gives-art-lovers-deeper-dive-masterpieces-276063", "row": 86, "column": 127, "tagName": "meta", "time": 2979.787832, "url": "", "pos": 1, "chunkLen": 1, "isStartTag": 1}}
06-28 09:25:11.375  9596  9609 E WProf.db: {"WprofHTMLTag": {"code": "0xb4cc80b0", "doc": "http://searchengineland.com/googles-latest-search-update-gives-art-lovers-deeper-dive-masterpieces-276063", "row": 87, "column": 51, "tagName": "meta", "time": 2979.787981, "url": "", "pos": 1, "chunkLen": 1, "isStartTag": 1}}
06-28 09:25:11.375  9596  9609 E WProf.db: {"WprofHTMLTag": {"code": "0xb4cc80e0", "doc": "http://searchengineland.com/googles-latest-search-update-gives-art-lovers-deeper-dive-masterpieces-276063", "row": 88, "column": 136, "tagName": "meta", "time": 2979.788125, "url": "", "pos": 1, "chunkLen": 1, "isStartTag": 1}}
06-28 09:25:11.375  9596  9609 E WProf.db: {"WprofHTMLTag": {"code": "0xb4cc8110", "doc": "http://searchengineland.com/googles-latest-search-update-gives-art-lovers-deeper-dive-masterpieces-276063", "row": 89, "column": 55, "tagName": "meta", "time": 2979.788270, "url": "", "pos": 1, "chunkLen": 1, "isStartTag": 1}}
06-28 09:25:11.375  9596  9609 E WProf.db: {"WprofHTMLTag": {"code": "0xb4cc8140", "doc": "http://searchengineland.com/googles-latest-search-update-gives-art-lovers-deeper-dive-masterpieces-276063", "row": 92, "column": 44, "tagName": "link", "time": 2979.788425, "url": "http://s.w.org/", "pos": 1, "chunkLen": 1, "isStartTag": 1}}
06-28 09:25:11.375  9596  9609 E WProf.db: {"WprofHTMLTag": {"code": "0xb4cc8170", "doc": "http://searchengineland.com/googles-latest-search-update-gives-art-lovers-deeper-dive-masterpieces-276063", "row": 93, "column": 33, "tagName": "script", "time": 2979.788752, "url": "", "pos": 1, "chunkLen": 1, "isStartTag": 1}}
06-28 09:25:11.375  9596  9609 E WProf.db: {"WprofHTMLTag": {"code": "0xb4cc81a0", "doc": "http://searchengineland.com/googles-latest-search-update-gives-art-lovers-deeper-dive-masterpieces-276063", "row": 96, "column": 11, "tagName": "script", "time": 2979.789003, "url": "http://searchengineland.com/figz/wp-includes/js/wp-emoji-release.min.js?ver=4.7.5", "pos": 1, "chunkLen": 1, "isStartTag": 0}}
06-28 09:25:11.376  9596  9609 E WProf.db: {"WprofHTMLTag": {"code": "0x9e8531d0", "doc": "http://searchengineland.com/googles-latest-search-update-gives-art-lovers-deeper-dive-masterpieces-276063", "row": 97, "column": 25, "tagName": "style", "time": 2980.211996, "url": "", "pos": 1, "chunkLen": 1, "isStartTag": 1}}
06-28 09:25:11.376  9596  9609 E WProf.db: {"WprofHTMLTag": {"code": "0x9e8532c0", "doc": "http://searchengineland.com/googles-latest-search-update-gives-art-lovers-deeper-dive-masterpieces-276063", "row": 110, "column": 8, "tagName": "style", "time": 2980.212192, "url": "", "pos": 1, "chunkLen": 1, "isStartTag": 0}}
06-28 09:25:11.376  9596  9609 E WProf.db: {"WprofHTMLTag": {"code": "0x9e8532f0", "doc": "http://searchengineland.com/googles-latest-search-update-gives-art-lovers-deeper-dive-masterpieces-276063", "row": 111, "column": 140, "tagName": "script", "time": 2980.213653, "url": "http://searchengineland.com/figz/wp-content/themes/searchengineland/js/lib/modernizr.custom.js?ver=1.0", "pos": 1, "chunkLen": 1, "isStartTag": 1}}
06-28 09:25:11.376  9596  9609 E WProf.db: {"WprofHTMLTag": {"code": "0x9e853320", "doc": "http://searchengineland.com/googles-latest-search-update-gives-art-lovers-deeper-dive-masterpieces-276063", "row": 111, "column": 149, "tagName": "script", "time": 2980.213895, "url": "", "pos": 1, "chunkLen": 1, "isStartTag": 0}}
06-28 09:25:11.376  9596  9609 E WProf.db: {"WprofHTMLTag": {"code": "0xb4cc8380", "doc": "http://searchengineland.com/googles-latest-search-update-gives-art-lovers-deeper-dive-masterpieces-276063", "row": 112, "column": 144, "tagName": "script", "time": 2980.221885, "url": "http://searchengineland.com/figz/wp-content/themes/searchengineland/js/lib/jquery-1.11.0.min.js?ver=1.11.0", "pos": 1, "chunkLen": 1, "isStartTag": 1}}
06-28 09:25:11.376  9596  9609 E WProf.db: {"WprofHTMLTag": {"code": "0x9e8533b0", "doc": "http://searchengineland.com/googles-latest-search-update-gives-art-lovers-deeper-dive-masterpieces-276063", "row": 112, "column": 153, "tagName": "script", "time": 2980.222145, "url": "", "pos": 1, "chunkLen": 1, "isStartTag": 0}}
06-28 09:25:11.376  9596  9609 E WProf.db: {"WprofHTMLTag": {"code": "0x9e853680", "doc": "http://searchengineland.com/googles-latest-search-update-gives-art-lovers-deeper-dive-masterpieces-276063", "row": 0, "column": 15, "tagName": "div", "time": 2980.504706, "url": "", "pos": 15, "chunkLen": 44, "isStartTag": 1}}
06-28 09:25:11.376  9596  9609 E WProf.db: {"WprofHTMLTag": {"code": "0x9e853650", "doc": "http://searchengineland.com/googles-latest-search-update-gives-art-lovers-deeper-dive-masterpieces-276063", "row": 0, "column": 21, "tagName": "div", "time": 2980.504861, "url": "", "pos": 21, "chunkLen": 44, "isStartTag": 0}}
06-28 09:25:11.376  9596  9609 E WProf.db: {"WprofHTMLTag": {"code": "0xab1f9bb0", "doc": "http://searchengineland.com/googles-latest-search-update-gives-art-lovers-deeper-dive-masterpieces-276063", "row": 0, "column": 38, "tagName": "div", "time": 2980.504929, "url": "", "pos": 38, "chunkLen": 44, "isStartTag": 1}}
06-28 09:25:11.376  9596  9609 E WProf.db: {"WprofHTMLTag": {"code": "0x9e853620", "doc": "http://searchengineland.com/googles-latest-search-update-gives-art-lovers-deeper-dive-masterpieces-276063", "row": 0, "column": 44, "tagName": "div", "time": 2980.505048, "url": "", "pos": 44, "chunkLen": 44, "isStartTag": 0}}
06-28 09:25:11.376  9596  9609 E WProf.db: {"WprofHTMLTag": {"code": "0x9e8535f0", "doc": "http://searchengineland.com/googles-latest-search-update-gives-art-lovers-deeper-dive-masterpieces-276063", "row": 0, "column": 13, "tagName": "select", "time": 2980.506616, "url": "", "pos": 13, "chunkLen": 51, "isStartTag": 1}}
06-28 09:25:11.376  9596  9609 E WProf.db: {"WprofHTMLTag": {"code": "0x9e8535c0", "doc": "http://searchengineland.com/googles-latest-search-update-gives-art-lovers-deeper-dive-masterpieces-276063", "row": 0, "column": 33, "tagName": "option", "time": 2980.506804, "url": "", "pos": 33, "chunkLen": 51, "isStartTag": 1}}
06-28 09:25:11.376  9596  9609 E WProf.db: {"WprofHTMLTag": {"code": "0x9e853830", "doc": "http://searchengineland.com/googles-latest-search-update-gives-art-lovers-deeper-dive-masterpieces-276063", "row": 0, "column": 42, "tagName": "option", "time": 2980.507005, "url": "", "pos": 42, "chunkLen": 51, "isStartTag": 0}}
06-28 09:25:11.377  9596  9609 E WProf.db: {"WprofHTMLTag": {"code": "0x9e853860", "doc": "http://searchengineland.com/googles-latest-search-update-gives-art-lovers-deeper-dive-masterpieces-276063", "row": 0, "column": 51, "tagName": "select", "time": 2980.507068, "url": "", "pos": 51, "chunkLen": 51, "isStartTag": 0}}
06-28 09:25:11.377  9596  9609 E WProf.db: {"WprofHTMLTag": {"code": "0x9e853890", "doc": "http://searchengineland.com/googles-latest-search-update-gives-art-lovers-deeper-dive-masterpieces-276063", "row": 0, "column": 12, "tagName": "a", "time": 2980.513226, "url": "", "pos": 12, "chunkLen": 16, "isStartTag": 1}}
06-28 09:25:11.377  9596  9609 E WProf.db: {"WprofHTMLTag": {"code": "0x9e8538c0", "doc": "http://searchengineland.com/googles-latest-search-update-gives-art-lovers-deeper-dive-masterpieces-276063", "row": 0, "column": 16, "tagName": "a", "time": 2980.513421, "url": "", "pos": 16, "chunkLen": 16, "isStartTag": 0}}
06-28 09:25:11.377  9596  9609 E WProf.db: {"WprofHTMLTag": {"code": "0x9e8538f0", "doc": "http://searchengineland.com/googles-latest-search-update-gives-art-lovers-deeper-dive-masterpieces-276063", "row": 0, "column": 8, "tagName": "input", "time": 2980.514637, "url": "", "pos": 8, "chunkLen": 8, "isStartTag": 1}}
06-28 09:25:11.377  9596  9609 E WProf.db: {"WprofHTMLTag": {"code": "0x9e853920", "doc": "http://searchengineland.com/googles-latest-search-update-gives-art-lovers-deeper-dive-masterpieces-276063", "row": 0, "column": 9, "tagName": "link", "time": 2980.525209, "url": "", "pos": 9, "chunkLen": 42, "isStartTag": 1}}
06-28 09:25:11.377  9596  9609 E WProf.db: {"WprofHTMLTag": {"code": "0x9e853950", "doc": "http://searchengineland.com/googles-latest-search-update-gives-art-lovers-deeper-dive-masterpieces-276063", "row": 0, "column": 16, "tagName": "table", "time": 2980.525331, "url": "", "pos": 16, "chunkLen": 42, "isStartTag": 1}}
06-28 09:25:11.377  9596  9609 E WProf.db: {"WprofHTMLTag": {"code": "0x9e853980", "doc": "http://searchengineland.com/googles-latest-search-update-gives-art-lovers-deeper-dive-masterpieces-276063", "row": 0, "column": 24, "tagName": "table", "time": 2980.525446, "url": "", "pos": 24, "chunkLen": 42, "isStartTag": 0}}
06-28 09:25:11.377  9596  9609 E WProf.db: {"WprofHTMLTag": {"code": "0x9e8539b0", "doc": "http://searchengineland.com/googles-latest-search-update-gives-art-lovers-deeper-dive-masterpieces-276063", "row": 0, "column": 37, "tagName": "a", "time": 2980.525512, "url": "", "pos": 37, "chunkLen": 42, "isStartTag": 1}}
06-28 09:25:11.377  9596  9609 E WProf.db: {"WprofHTMLTag": {"code": "0x9e8539e0", "doc": "http://searchengineland.com/googles-latest-search-update-gives-art-lovers-deeper-dive-masterpieces-276063", "row": 0, "column": 42, "tagName": "a", "time": 2980.525693, "url": "", "pos": 42, "chunkLen": 42, "isStartTag": 0}}
06-28 09:25:11.377  9596  9609 E WProf.db: {"WprofHTMLTag": {"code": "0x9e853a70", "doc": "http://searchengineland.com/googles-latest-search-update-gives-art-lovers-deeper-dive-masterpieces-276063", "row": 0, "column": 10, "tagName": "textarea", "time": 2980.526835, "url": "", "pos": 10, "chunkLen": 22, "isStartTag": 1}}
06-28 09:25:11.377  9596  9609 E WProf.db: {"WprofHTMLTag": {"code": "0x9e853aa0", "doc": "http://searchengineland.com/googles-latest-search-update-gives-art-lovers-deeper-dive-masterpieces-276063", "row": 0, "column": 22, "tagName": "textarea", "time": 2980.527025, "url": "", "pos": 22, "chunkLen": 22, "isStartTag": 0}}
06-28 09:25:11.377  9596  9609 E WProf.db: {"WprofHTMLTag": {"code": "0x9e853ad0", "doc": "http://searchengineland.com/googles-latest-search-update-gives-art-lovers-deeper-dive-masterpieces-276063", "row": 0, "column": 48, "tagName": "input", "time": 2980.528524, "url": "", "pos": 48, "chunkLen": 48, "isStartTag": 1}}
06-28 09:25:11.377  9596  9609 E WProf.db: {"WprofHTMLTag": {"code": "0x9e853b30", "doc": "http://searchengineland.com/googles-latest-search-update-gives-art-lovers-deeper-dive-masterpieces-276063", "row": 0, "column": 9, "tagName": "link", "time": 2980.533067, "url": "", "pos": 9, "chunkLen": 66, "isStartTag": 1}}
06-28 09:25:11.377  9596  9609 E WProf.db: {"WprofHTMLTag": {"code": "0x9e853b60", "doc": "http://searchengineland.com/googles-latest-search-update-gives-art-lovers-deeper-dive-masterpieces-276063", "row": 0, "column": 16, "tagName": "table", "time": 2980.533249, "url": "", "pos": 16, "chunkLen": 66, "isStartTag": 1}}
06-28 09:25:11.378  9596  9609 E WProf.db: {"WprofHTMLTag": {"code": "0x9e853b90", "doc": "http://searchengineland.com/googles-latest-search-update-gives-art-lovers-deeper-dive-masterpieces-276063", "row": 0, "column": 24, "tagName": "table", "time": 2980.533320, "url": "", "pos": 24, "chunkLen": 66, "isStartTag": 0}}
06-28 09:25:11.378  9596  9609 E WProf.db: {"WprofHTMLTag": {"code": "0x9e853bc0", "doc": "http://searchengineland.com/googles-latest-search-update-gives-art-lovers-deeper-dive-masterpieces-276063", "row": 0, "column": 37, "tagName": "a", "time": 2980.533381, "url": "", "pos": 37, "chunkLen": 66, "isStartTag": 1}}
06-28 09:25:11.378  9596  9609 E WProf.db: {"WprofHTMLTag": {"code": "0x9e853bf0", "doc": "http://searchengineland.com/googles-latest-search-update-gives-art-lovers-deeper-dive-masterpieces-276063", "row": 0, "column": 42, "tagName": "a", "time": 2980.533551, "url": "", "pos": 42, "chunkLen": 66, "isStartTag": 0}}
06-28 09:25:11.378  9596  9609 E WProf.db: {"WprofHTMLTag": {"code": "0x9e853c20", "doc": "http://searchengineland.com/googles-latest-search-update-gives-art-lovers-deeper-dive-masterpieces-276063", "row": 0, "column": 66, "tagName": "input", "time": 2980.533613, "url": "", "pos": 66, "chunkLen": 66, "isStartTag": 1}}
06-28 09:25:11.378  9596  9609 E WProf.db: {"WprofHTMLTag": {"code": "0x9e853cb0", "doc": "http://searchengineland.com/googles-latest-search-update-gives-art-lovers-deeper-dive-masterpieces-276063", "row": 0, "column": 9, "tagName": "link", "time": 2980.535312, "url": "", "pos": 9, "chunkLen": 66, "isStartTag": 1}}
06-28 09:25:11.378  9596  9609 E WProf.db: {"WprofHTMLTag": {"code": "0x9e853ce0", "doc": "http://searchengineland.com/googles-latest-search-update-gives-art-lovers-deeper-dive-masterpieces-276063", "row": 0, "column": 16, "tagName": "table", "time": 2980.535420, "url": "", "pos": 16, "chunkLen": 66, "isStartTag": 1}}
06-28 09:25:11.378  9596  9609 E WProf.db: {"WprofHTMLTag": {"code": "0x9e853d10", "doc": "http://searchengineland.com/googles-latest-search-update-gives-art-lovers-deeper-dive-masterpieces-276063", "row": 0, "column": 24, "tagName": "table", "time": 2980.535488, "url": "", "pos": 24, "chunkLen": 66, "isStartTag": 0}}
06-28 09:25:11.378  9596  9609 E WProf.db: {"WprofHTMLTag": {"code": "0x9e853d40", "doc": "http://searchengineland.com/googles-latest-search-update-gives-art-lovers-deeper-dive-masterpieces-276063", "row": 0, "column": 37, "tagName": "a", "time": 2980.535549, "url": "", "pos": 37, "chunkLen": 66, "isStartTag": 1}}
06-28 09:25:11.378  9596  9609 E WProf.db: {"WprofHTMLTag": {"code": "0x9e853d70", "doc": "http://searchengineland.com/googles-latest-search-update-gives-art-lovers-deeper-dive-masterpieces-276063", "row": 0, "column": 42, "tagName": "a", "time": 2980.535713, "url": "", "pos": 42, "chunkLen": 66, "isStartTag": 0}}
06-28 09:25:11.378  9596  9609 E WProf.db: {"WprofHTMLTag": {"code": "0x9e853da0", "doc": "http://searchengineland.com/googles-latest-search-update-gives-art-lovers-deeper-dive-masterpieces-276063", "row": 0, "column": 66, "tagName": "input", "time": 2980.535775, "url": "", "pos": 66, "chunkLen": 66, "isStartTag": 1}}
06-28 09:25:11.378  9596  9609 E WProf.db: {"WprofHTMLTag": {"code": "0x9e853e00", "doc": "http://searchengineland.com/googles-latest-search-update-gives-art-lovers-deeper-dive-masterpieces-276063", "row": 0, "column": 9, "tagName": "link", "time": 2980.540072, "url": "", "pos": 9, "chunkLen": 66, "isStartTag": 1}}
06-28 09:25:11.378  9596  9609 E WProf.db: {"WprofHTMLTag": {"code": "0x9e853e30", "doc": "http://searchengineland.com/googles-latest-search-update-gives-art-lovers-deeper-dive-masterpieces-276063", "row": 0, "column": 16, "tagName": "table", "time": 2980.540193, "url": "", "pos": 16, "chunkLen": 66, "isStartTag": 1}}
06-28 09:25:11.378  9596  9609 E WProf.db: {"WprofHTMLTag": {"code": "0x9e853e60", "doc": "http://searchengineland.com/googles-latest-search-update-gives-art-lovers-deeper-dive-masterpieces-276063", "row": 0, "column": 24, "tagName": "table", "time": 2980.540266, "url": "", "pos": 24, "chunkLen": 66, "isStartTag": 0}}
06-28 09:25:11.379  9596  9609 E WProf.db: {"WprofHTMLTag": {"code": "0x9e853e90", "doc": "http://searchengineland.com/googles-latest-search-update-gives-art-lovers-deeper-dive-masterpieces-276063", "row": 0, "column": 37, "tagName": "a", "time": 2980.540333, "url": "", "pos": 37, "chunkLen": 66, "isStartTag": 1}}
