--------- beginning of main
06-28 13:22:30.476  3449  3449 E Finsky  : [1] com.google.android.finsky.wear.bl.a(3): onConnectionFailed: ConnectionResult{statusCode=API_UNAVAILABLE, resolution=null, message=null}
--------- beginning of system
06-28 13:22:31.632 28703 28703 E chromium: [ERROR:shell_integration_android.cc(12)] Not implemented reached in static ShellIntegration::DefaultWebClientSetPermission ShellIntegration::CanSetAsDefaultBrowser()
06-28 13:22:31.635 28703 28703 E chromium: [ERROR:browser_process_impl.cc(720)] Not implemented reached in virtual BackgroundModeManager* BrowserProcessImpl::background_mode_manager()
06-28 13:22:31.878  3218 23949 E AudioRecord-JNI: Error -4 during AudioRecord native read
06-28 13:22:34.356 28703 28747 E chromium: [ERROR:gles2_cmd_decoder.cc(3852)] [.ChromiumCompositor-0xacbb2fc0]GL ERROR :GL_INVALID_ENUM : glDiscardFramebufferEXT: attachments was GL_COLOR_EXT
06-28 13:22:34.591 28770 28783 E WPROF   : {"CSS": {"url": "http://searchengineland.com/figz/wp-content/themes/searchengineland/css/searchengineland-bootstrap.css", "requestTime": 17231.646521}}
06-28 13:22:34.591 28770 28783 E WPROF   : {"CSS": {"url": "http://fonts.googleapis.com/css?family=Oswald:300,400,700", "requestTime": 17231.647138}}
06-28 13:22:34.592 28770 28783 E WPROF   : {"CSS": {"url": "http://searchengineland.com/figz/wp-content/themes/searchengineland/style.css", "requestTime": 17231.647683}}
06-28 13:22:34.596 28770 28783 E WPROF   : {"Javascript": {"url": "http://searchengineland.com/figz/wp-content/themes/searchengineland/js/lib/modernizr.custom.js?ver=1.0", "requestTime": 17231.652166}}
06-28 13:22:34.597 28770 28783 E WPROF   : {"Javascript": {"url": "http://searchengineland.com/figz/wp-content/themes/searchengineland/js/lib/jquery-1.11.0.min.js?ver=1.11.0", "requestTime": 17231.652830}}
06-28 13:22:34.598 28770 28783 E WPROF   : {"Javascript": {"url": "http://searchengineland.com/figz/wp-content/themes/searchengineland/js/lib/jquery-ui-1.10.3.custom.min.js?ver=1.10.3", "requestTime": 17231.653236}}
06-28 13:22:34.598 28770 28783 E WPROF   : {"Javascript": {"url": "http://searchengineland.com/figz/wp-content/themes/searchengineland/js/lib/jquery.ba-throttle-debounce.min.js?ver=1.1", "requestTime": 17231.653615}}
06-28 13:22:34.598 28770 28783 E WPROF   : {"Javascript": {"url": "http://searchengineland.com/figz/wp-content/themes/searchengineland/js/lib/jquery.countdown.min.js?ver=2.0.4", "requestTime": 17231.654009}}
06-28 13:22:34.599 28770 28783 E WPROF   : {"Javascript": {"url": "http://static.chartbeat.com/js/chartbeat_mab.js", "requestTime": 17231.654404}}
06-28 13:22:35.134 28770 28783 E WPROF   : {"Javascript": {"url": "http://searchengineland.com/figz/wp-includes/js/wp-emoji-release.min.js?ver=4.7.5", "requestTime": 17232.189751}}
06-28 13:22:35.681 28770 28783 E WPROF   : {"Javascript": {"url": "http://www.googletagservices.com/tag/js/gpt.js", "requestTime": 17232.736248}}
06-28 13:22:35.686 28770 28783 E WPROF   : {"Javascript": {"url": "https://www.google-analytics.com/analytics.js", "requestTime": 17232.741496}}
06-28 13:22:35.688 28770 28783 E WPROF   : {"Javascript": {"url": "http://edge.quantserve.com/quant.js", "requestTime": 17232.743908}}
06-28 13:22:35.690 28770 28783 E WPROF   : {"Javascript": {"url": "https://connect.facebook.net/en_US/fbevents.js", "requestTime": 17232.745377}}
06-28 13:22:35.731 28703 28747 E chromium: [ERROR:gles2_cmd_decoder.cc(3852)] [.ChromiumCompositor-0xacbb2fc0]GL ERROR :GL_INVALID_ENUM : glDiscardFramebufferEXT: attachments was GL_COLOR_EXT
06-28 13:22:35.761 28770 28783 E WPROF   : {"Javascript": {"url": "http://app-sj02.marketo.com/js/forms2/js/forms2.min.js", "requestTime": 17232.816552}}
06-28 13:22:35.903 28703 28747 E chromium: [ERROR:gles2_cmd_decoder.cc(3852)] [.ChromiumCompositor-0xacbb2fc0]GL ERROR :GL_INVALID_ENUM : glDiscardFramebufferEXT: attachments was GL_COLOR_EXT
06-28 13:22:36.078 28770 28783 E WPROF   : {"Javascript": {"url": "http://app-sj02.marketo.com/index.php/form/getForm?munchkinId=727-ZQE-044&form=5691&url=http%3A%2F%2Fsearchengineland.com%2Fgoogles-efforts-monetize-mobile-pay-off-sites-see-hit-organic-visits-235128&callback=jQuery110209383202032186091_1498623755988&_=1498623755989", "requestTime": 17233.133994}}
06-28 13:22:36.096 28770 28783 E WPROF   : {"Javascript": {"url": "http://app-sj02.marketo.com/index.php/form/getForm?munchkinId=727-ZQE-044&form=5685&url=http%3A%2F%2Fsearchengineland.com%2Fgoogles-efforts-monetize-mobile-pay-off-sites-see-hit-organic-visits-235128&callback=jQuery110209383202032186091_1498623755990&_=1498623755991", "requestTime": 17233.151999}}
06-28 13:22:36.172 28770 28783 E WPROF   : {"Javascript": {"url": "https://connect.facebook.net/signals/config/423979991297359?v=2.7.17", "requestTime": 17233.227954}}
06-28 13:22:36.179 28770 28783 E WPROF   : {"Javascript": {"url": "https://securepubads.g.doubleclick.net/gpt/pubads_impl_121.js", "requestTime": 17233.234997}}
06-28 13:22:36.403 28770 28783 E WPROF   : {"Javascript": {"url": "http://app-sj02.marketo.com/index.php/form/getForm?munchkinId=727-ZQE-044&form=5673&url=http%3A%2F%2Fsearchengineland.com%2Fgoogles-efforts-monetize-mobile-pay-off-sites-see-hit-organic-visits-235128&callback=jQuery110209383202032186091_1498623755992&_=1498623755993", "requestTime": 17233.458930}}
06-28 13:22:36.423 28770 28783 E WPROF   : {"Javascript": {"url": "http://searchengineland.com/js/ga_social_tracking.js", "requestTime": 17233.478778}}
06-28 13:22:36.425 28770 28783 E WPROF   : {"Javascript": {"url": "http://s7.addthis.com/js/300/addthis_widget.js#pubid=ra-53e918f660794f37", "requestTime": 17233.480383}}
06-28 13:22:36.458 28703 28747 E chromium: [ERROR:gles2_cmd_decoder.cc(3852)] [.ChromiumCompositor-0xacbb2fc0]GL ERROR :GL_INVALID_ENUM : glDiscardFramebufferEXT: attachments was GL_COLOR_EXT
06-28 13:22:36.729 28770 28783 E WPROF   : {"Javascript": {"url": "http://cdn.api.twitter.com/1/users/show.json?screen_name=PronouncedAhndy&callback=twttr.setFollowersCount", "requestTime": 17233.784522}}
06-28 13:22:36.839 28703 28747 E chromium: [ERROR:gles2_cmd_decoder.cc(3852)] [.ChromiumCompositor-0xacbb2fc0]GL ERROR :GL_INVALID_ENUM : glDiscardFramebufferEXT: attachments was GL_COLOR_EXT
06-28 13:22:37.015 28770 28783 E WPROF   : {"CSS": {"url": "http://app-sj02.marketo.com/js/forms2/css/forms2.css", "requestTime": 17234.070747}}
06-28 13:22:37.018 28770 28783 E WPROF   : {"CSS": {"url": "http://app-sj02.marketo.com/js/forms2/css/forms2-theme-simple.css", "requestTime": 17234.073792}}
06-28 13:22:37.086   862  1657 E LocSvc_IzatApiV02: E/virtual int izat_core::IzatApiV02::getBatchSize(int32_t):522]: Error : st = 4, ind.status = -1628389555
06-28 13:22:37.086   862  1657 E LocSvc_IzatApiV02: E/virtual int izat_core::IzatApiV02::getBatchSize(int32_t):535]: get batching size failed.Or modem does not support batching 
06-28 13:22:37.095   862  1657 E LocSvc_IzatApiV02: E/virtual int izat_core::IzatApiV02::getBatchSize(int32_t):522]: Error : st = 4, ind.status = -1628389555
06-28 13:22:37.095   862  1657 E LocSvc_IzatApiV02: E/virtual int izat_core::IzatApiV02::getBatchSize(int32_t):535]: get batching size failed.Or modem does not support batching 
06-28 13:22:37.130   862  1657 E LocSvc_IzatApiV02: E/virtual int izat_core::IzatApiV02::getBatchSize(int32_t):522]: Error : st = 4, ind.status = -1628389555
06-28 13:22:37.130   862  1657 E LocSvc_IzatApiV02: E/virtual int izat_core::IzatApiV02::getBatchSize(int32_t):535]: get batching size failed.Or modem does not support batching 
06-28 13:22:37.165   862  1657 E LocSvc_IzatApiV02: E/virtual int izat_core::IzatApiV02::getBatchSize(int32_t):522]: Error : st = 4, ind.status = -1628389555
06-28 13:22:37.165   862  1657 E LocSvc_IzatApiV02: E/virtual int izat_core::IzatApiV02::getBatchSize(int32_t):535]: get batching size failed.Or modem does not support batching 
06-28 13:22:37.191 28703 28747 E chromium: [ERROR:gles2_cmd_decoder.cc(3852)] [.ChromiumCompositor-0xacbb2fc0]GL ERROR :GL_INVALID_ENUM : glDiscardFramebufferEXT: attachments was GL_COLOR_EXT
06-28 13:22:37.690 28770 28783 E WPROF   : {"Javascript": {"url": "http://platform.twitter.com/widgets.js", "requestTime": 17234.746214}}
06-28 13:22:37.692 28770 28783 E WPROF   : {"Javascript": {"url": "http://connect.facebook.net/en_US/sdk.js", "requestTime": 17234.747905}}
06-28 13:22:37.694 28770 28783 E WPROF   : {"Javascript": {"url": "https://apis.google.com/js/platform.js", "requestTime": 17234.749528}}
06-28 13:22:37.715 28770 28783 E WPROF   : {"Javascript": {"url": "http://rules.quantcount.com/rules-p-5aGizvD82d9hk.js", "requestTime": 17234.770486}}
06-28 13:22:37.717 28770 28783 E WPROF   : {"Javascript": {"url": "http://munchkin.marketo.net/munchkin.js", "requestTime": 17234.773158}}
06-28 13:22:37.802 28770 28783 E WPROF   : {"Javascript": {"url": "https://static.xx.fbcdn.net/rsrc.php/v3iy6L4/yk/l/ko_KR/be4fIjHRc8P.js", "requestTime": 17234.858059}}
06-28 13:22:37.947 28703 28747 E chromium: [ERROR:gles2_cmd_decoder.cc(3852)] [.ChromiumCompositor-0xacbb2fc0]GL ERROR :GL_INVALID_ENUM : glDiscardFramebufferEXT: attachments was GL_COLOR_EXT
06-28 13:22:38.328 28770 28783 E WPROF   : {"Javascript": {"url": "https://securepubads.g.doubleclick.net/gampad/ads?gdfp_req=1&correlator=3468308602945536&output=json_html&callback=callbackProxy&impl=fifs&json_a=1&eid=108809080%2C108809103%2C21060064&sc=0&sfv=1-0-9&iu_parts=1038259%2Csel-ciu-1%2Csel-ciu-2%2Csel-ciu-3%2Csel-ciu-4%2Csel-ciu-5%2Cch-sem-leaderboard%2C", "requestTime": 17235.383786}}
06-28 13:22:38.386 28770 28783 E WPROF   : {"Javascript": {"url": "http://d2j3qa5nc37287.cloudfront.net/coupon_code1.js", "requestTime": 17235.441978}}
06-28 13:22:38.442 28770 28783 E WPROF   : {"Javascript": {"url": "http://www.googleadservices.com/pagead/conversion.js", "requestTime": 17235.497447}}
06-28 13:22:38.442 28770 28783 E WPROF   : {"Javascript": {"url": "http://searchengineland.com/figz/wp-content/themes/searchengineland/js/script.js?ver=1.0", "requestTime": 17235.498211}}
06-28 13:22:38.443 28770 28783 E WPROF   : {"Javascript": {"url": "http://searchengineland.com/figz/wp-includes/js/wp-embed.min.js?ver=4.7.5", "requestTime": 17235.498603}}
06-28 13:22:38.443 28770 28783 E WPROF   : {"Javascript": {"url": "http://searchengineland.com/figz/wp-content/themes/searchengineland/js/modules/sharing_controls.js", "requestTime": 17235.498993}}
06-28 13:22:38.482 28770 28783 E WPROF   : {"Javascript": {"url": "http://dnn506yrbagrg.cloudfront.net/pages/scripts/0026/4062.js?416284", "requestTime": 17235.537617}}
06-28 13:22:38.510 28703 28747 E chromium: [ERROR:gles2_cmd_decoder.cc(3852)] [.ChromiumCompositor-0xacbb2fc0]GL ERROR :GL_INVALID_ENUM : glDiscardFramebufferEXT: attachments was GL_COLOR_EXT
06-28 13:22:38.625 28770 28783 E WPROF   : {"CSS": {"url": "https://www.youtube.com/yts/cssbin/www-embed-player-sprite-mode-vfl5G4Xm8.css", "requestTime": 17235.680336}}
06-28 13:22:38.626 28770 28783 E WPROF   : {"Javascript": {"url": "https://www.youtube.com/yts/jsbin/www-embed-player-vfl_UY_j8/www-embed-player.js", "requestTime": 17235.682174}}
06-28 13:22:38.627 28770 28783 E WPROF   : {"Javascript": {"url": "https://www.youtube.com/yts/jsbin/player-vflo1w4O-/ko_KR/base.js", "requestTime": 17235.682557}}
06-28 13:22:38.654 28703 28747 E chromium: [ERROR:gles2_cmd_decoder.cc(3852)] [.ChromiumCompositor-0xacbb2fc0]GL ERROR :GL_INVALID_ENUM : glDiscardFramebufferEXT: attachments was GL_COLOR_EXT
06-28 13:22:38.737 28770 28783 E WPROF   : {"Javascript": {"url": "https://tpc.googlesyndication.com/pagead/js/r20170619/r20110914/client/ext/m_window_focus_non_hydra.js", "requestTime": 17235.793010}}
06-28 13:22:38.739 28770 28783 E WPROF   : {"Javascript": {"url": "https://tpc.googlesyndication.com/pagead/js/r20170619/r20110914/activeview/osd_listener.js", "requestTime": 17235.794843}}
06-28 13:22:38.744 28770 28783 E WPROF   : {"Javascript": {"url": "http://pagead2.googlesyndication.com/pagead/osd.js", "requestTime": 17235.799321}}
06-28 13:22:39.396 28770 28783 E WPROF   : {"Javascript": {"url": "http://m.addthisedge.com/live/boost/ra-53e918f660794f37/_ate.track.config_resp", "requestTime": 17236.451793}}
06-28 13:22:39.450 28770 28783 E WPROF   : {"Javascript": {"url": "http://m.addthis.com/live/red_lojson/300lo.json?si=59532f0d548690ce&bkl=0&bl=1&pdt=2165&sid=59532f0d548690ce&pub=ra-53e918f660794f37&rev=v7.15.4-wp&ln=ko&pc=men&cb=0&ab=-&dp=searchengineland.com&fp=googles-efforts-monetize-mobile-pay-off-sites-see-hit-organic-visits-235128&fr=&of=0&pd=0&irt=0&vcl=0&", "requestTime": 17236.506024}}
06-28 13:22:39.847 28703 28747 E chromium: [ERROR:gles2_cmd_decoder.cc(3852)] [.ChromiumCompositor-0xacbb2fc0]GL ERROR :GL_INVALID_ENUM : glDiscardFramebufferEXT: attachments was GL_COLOR_EXT
06-28 13:22:40.199 28703 28747 E chromium: [ERROR:gles2_cmd_decoder.cc(3852)] [.ChromiumCompositor-0xacbb2fc0]GL ERROR :GL_INVALID_ENUM : glDiscardFramebufferEXT: attachments was GL_COLOR_EXT
06-28 13:22:41.099 28770 28783 E WPROF   : {"Javascript": {"url": "https://www.google.com/js/bg/KWBfAnWFESAEEaKKgdYlTHY9ysQaNoQuzeMFqvxDSM8.js", "requestTime": 17238.155010}}
06-28 13:22:41.102 28770 28783 E WPROF   : {"Javascript": {"url": "https://static.doubleclick.net/instream/ad_status.js", "requestTime": 17238.157751}}
06-28 13:22:41.468 28703 28747 E chromium: [ERROR:gles2_cmd_decoder.cc(3852)] [.ChromiumCompositor-0xacbb2fc0]GL ERROR :GL_INVALID_ENUM : glDiscardFramebufferEXT: attachments was GL_COLOR_EXT
06-28 13:22:41.569 28703 28747 E chromium: [ERROR:gles2_cmd_decoder.cc(3852)] [.ChromiumCompositor-0xacbb2fc0]GL ERROR :GL_INVALID_ENUM : glDiscardFramebufferEXT: attachments was GL_COLOR_EXT
06-28 13:22:42.291 28703 28747 E chromium: [ERROR:gles2_cmd_decoder.cc(3852)] [.ChromiumCompositor-0xacbb2fc0]GL ERROR :GL_INVALID_ENUM : glDiscardFramebufferEXT: attachments was GL_COLOR_EXT
06-28 13:22:42.741 28770 28783 E WPROF   : {"Javascript": {"url": "https://platform.twitter.com/js/button.b731e6c82269f70f6fc53634e044a4c6.js", "requestTime": 17239.796832}}
06-28 13:22:42.747 28770 28783 E WPROF   : {"Javascript": {"url": "http://munchkin.marketo.net/151/munchkin.js", "requestTime": 17239.802218}}
06-28 13:22:42.812 28770 28783 E WPROF   : {"Javascript": {"url": "http://www.justuno.com/ajax/account_version_check.html?id=828FA275-FF73-401E-AA39-40F5A6FAB6B1", "requestTime": 17239.867569}}
06-28 13:22:43.124 28770 28783 E WPROF   : {"Javascript": {"url": "http://s7.addthis.com/static/layers.4acb6c577b51939661ec.js", "requestTime": 17240.180212}}
06-28 13:22:43.869 28703 28747 E chromium: [ERROR:gles2_cmd_decoder.cc(3852)] [.ChromiumCompositor-0xacbb2fc0]GL ERROR :GL_INVALID_ENUM : glDiscardFramebufferEXT: attachments was GL_COLOR_EXT
06-28 13:22:45.761 28770 28783 E WPROF   : {"Javascript": {"url": "http://cdn.justuno.com/mwgt_3.6.js", "requestTime": 17242.816593}}
06-28 13:22:46.004 28703 28747 E chromium: [ERROR:gles2_cmd_decoder.cc(3852)] [.ChromiumCompositor-0xacbb2fc0]GL ERROR :GL_INVALID_ENUM : glDiscardFramebufferEXT: attachments was GL_COLOR_EXT
06-28 13:22:46.042 28770 28783 E WPROF   : {"Javascript": {"url": "https://app-sj02.marketo.com/js/forms2/js/forms2.min.js", "requestTime": 17243.097396}}
06-28 13:22:46.071 28703 28747 E chromium: [ERROR:gles2_cmd_decoder.cc(3852)] [.ChromiumCompositor-0xacbb2fc0]GL ERROR :GL_INVALID_ENUM : glDiscardFramebufferEXT: attachments was GL_COLOR_EXT
06-28 13:22:46.927 28770 28783 E WPROF   : {"Javascript": {"url": "https://cdn.syndication.twimg.com/widgets/followbutton/info.json?callback=__twttr.setFollowersCountAndFollowing&lang=en&screen_names=sengineland", "requestTime": 17243.983078}}
06-28 13:22:47.521 28770 28783 E WProf.db: {"page": "searchengineland.com_googles-efforts-monetize-mobile-pay-off-sites-see-hit-organic-visits-235128"}
06-28 13:22:47.521 28770 28783 E WProf.db: {"DOMLoad": 17244.576715}
06-28 13:22:47.521 28770 28783 E WProf.db: {"Resource": {"id": 1, "url": "http://searchengineland.com/googles-efforts-monetize-mobile-pay-off-sites-see-hit-organic-visits-235128", "sentTime": -1.000000, "len": 106923, "from": "0x0", "mimeType": "text/html", "contentLength": -1, "httpStatus": 200, "connId": 19, "connReused": 1, "cached": 0,"requestTime": 17231.320949, "proxyStart": -1, "proxyEnd": -1, "dnsStart": -1, "dnsEnd": -1, "connectStart": 0, "connectEnd": 71, "sendStart": 71, "sendEnd": 71, "receiveHeadersEnd": 223, "sslStart": -1, "sslEnd": -1}}
06-28 13:22:47.521 28770 28783 E WProf.db: {"ReceivedChunk": {"receivedTime": 17231.563204, "len": 7747}}
06-28 13:22:47.521 28770 28783 E WProf.db: {"ReceivedChunk": {"receivedTime": 17231.638180, "len": 32768}}
06-28 13:22:47.521 28770 28783 E WProf.db: {"ReceivedChunk": {"receivedTime": 17231.638397, "len": 31174}}
06-28 13:22:47.521 28770 28783 E WProf.db: {"ReceivedChunk": {"receivedTime": 17231.718132, "len": 10473}}
06-28 13:22:47.522 28770 28783 E WProf.db: {"ReceivedChunk": {"receivedTime": 17231.719615, "len": 24761}}
06-28 13:22:47.522 28770 28783 E WProf.db: {"WprofHTMLTag": {"code": "0xaedd52d0", "doc": "http://searchengineland.com/googles-efforts-monetize-mobile-pay-off-sites-see-hit-organic-visits-235128", "row": 6, "column": 42, "tagName": "html", "time": 17231.639566, "url": "", "pos": 1, "chunkLen": 1, "isStartTag": 1}}
06-28 13:22:47.522 28770 28783 E WProf.db: {"WprofHTMLTag": {"code": "0xaf0477c0", "doc": "http://searchengineland.com/googles-efforts-monetize-mobile-pay-off-sites-see-hit-organic-visits-235128", "row": 7, "column": 6, "tagName": "head", "time": 17231.639791, "url": "", "pos": 1, "chunkLen": 1, "isStartTag": 1}}
06-28 13:22:47.522 28770 28783 E WProf.db: {"WprofHTMLTag": {"code": "0xaf0478b0", "doc": "http://searchengineland.com/googles-efforts-monetize-mobile-pay-off-sites-see-hit-organic-visits-235128", "row": 8, "column": 54, "tagName": "meta", "time": 17231.639836, "url": "", "pos": 1, "chunkLen": 1, "isStartTag": 1}}
06-28 13:22:47.522 28770 28783 E WProf.db: {"WprofHTMLTag": {"code": "0xaf0478e0", "doc": "http://searchengineland.com/googles-efforts-monetize-mobile-pay-off-sites-see-hit-organic-visits-235128", "row": 9, "column": 68, "tagName": "meta", "time": 17231.639983, "url": "", "pos": 1, "chunkLen": 1, "isStartTag": 1}}
06-28 13:22:47.522 28770 28783 E WProf.db: {"WprofHTMLTag": {"code": "0xaf047910", "doc": "http://searchengineland.com/googles-efforts-monetize-mobile-pay-off-sites-see-hit-organic-visits-235128", "row": 10, "column": 23, "tagName": "meta", "time": 17231.640491, "url": "", "pos": 1, "chunkLen": 1, "isStartTag": 1}}
06-28 13:22:47.522 28770 28783 E WProf.db: {"WprofHTMLTag": {"code": "0xaf047940", "doc": "http://searchengineland.com/googles-efforts-monetize-mobile-pay-off-sites-see-hit-organic-visits-235128", "row": 11, "column": 52, "tagName": "meta", "time": 17231.640618, "url": "", "pos": 1, "chunkLen": 1, "isStartTag": 1}}
06-28 13:22:47.522 28770 28783 E WProf.db: {"WprofHTMLTag": {"code": "0xaf047970", "doc": "http://searchengineland.com/googles-efforts-monetize-mobile-pay-off-sites-see-hit-organic-visits-235128", "row": 14, "column": 56, "tagName": "meta", "time": 17231.640741, "url": "", "pos": 1, "chunkLen": 1, "isStartTag": 1}}
06-28 13:22:47.522 28770 28783 E WProf.db: {"WprofHTMLTag": {"code": "0xaf0479a0", "doc": "http://searchengineland.com/googles-efforts-monetize-mobile-pay-off-sites-see-hit-organic-visits-235128", "row": 15, "column": 83, "tagName": "meta", "time": 17231.640861, "url": "", "pos": 1, "chunkLen": 1, "isStartTag": 1}}
06-28 13:22:47.522 28770 28783 E WProf.db: {"WprofHTMLTag": {"code": "0xaf0479d0", "doc": "http://searchengineland.com/googles-efforts-monetize-mobile-pay-off-sites-see-hit-organic-visits-235128", "row": 16, "column": 57, "tagName": "meta", "time": 17231.641013, "url": "", "pos": 1, "chunkLen": 1, "isStartTag": 1}}
06-28 13:22:47.523 28770 28783 E WProf.db: {"WprofHTMLTag": {"code": "0xaf047a60", "doc": "http://searchengineland.com/googles-efforts-monetize-mobile-pay-off-sites-see-hit-organic-visits-235128", "row": 17, "column": 41, "tagName": "meta", "time": 17231.641128, "url": "", "pos": 1, "chunkLen": 1, "isStartTag": 1}}
06-28 13:22:47.523 28770 28783 E WProf.db: {"WprofHTMLTag": {"code": "0xaf047a90", "doc": "http://searchengineland.com/googles-efforts-monetize-mobile-pay-off-sites-see-hit-organic-visits-235128", "row": 18, "column": 50, "tagName": "meta", "time": 17231.641235, "url": "", "pos": 1, "chunkLen": 1, "isStartTag": 1}}
06-28 13:22:47.523 28770 28783 E WProf.db: {"WprofHTMLTag": {"code": "0xaf047ac0", "doc": "http://searchengineland.com/googles-efforts-monetize-mobile-pay-off-sites-see-hit-organic-visits-235128", "row": 19, "column": 174, "tagName": "meta", "time": 17231.641348, "url": "", "pos": 1, "chunkLen": 1, "isStartTag": 1}}
06-28 13:22:47.523 28770 28783 E WProf.db: {"WprofHTMLTag": {"code": "0xaf047a30", "doc": "http://searchengineland.com/googles-efforts-monetize-mobile-pay-off-sites-see-hit-organic-visits-235128", "row": 20, "column": 47, "tagName": "meta", "time": 17231.641456, "url": "", "pos": 1, "chunkLen": 1, "isStartTag": 1}}
06-28 13:22:47.523 28770 28783 E WProf.db: {"WprofHTMLTag": {"code": "0xaf047a00", "doc": "http://searchengineland.com/googles-efforts-monetize-mobile-pay-off-sites-see-hit-organic-visits-235128", "row": 21, "column": 67, "tagName": "meta", "time": 17231.641637, "url": "", "pos": 1, "chunkLen": 1, "isStartTag": 1}}
06-28 13:22:47.523 28770 28783 E WProf.db: {"WprofHTMLTag": {"code": "0xaf047af0", "doc": "http://searchengineland.com/googles-efforts-monetize-mobile-pay-off-sites-see-hit-organic-visits-235128", "row": 22, "column": 57, "tagName": "meta", "time": 17231.641743, "url": "", "pos": 1, "chunkLen": 1, "isStartTag": 1}}
06-28 13:22:47.523 28770 28783 E WProf.db: {"WprofHTMLTag": {"code": "0xaf047b20", "doc": "http://searchengineland.com/googles-efforts-monetize-mobile-pay-off-sites-see-hit-organic-visits-235128", "row": 23, "column": 65, "tagName": "meta", "time": 17231.641848, "url": "", "pos": 1, "chunkLen": 1, "isStartTag": 1}}
06-28 13:22:47.523 28770 28783 E WProf.db: {"WprofHTMLTag": {"code": "0xaf047b50", "doc": "http://searchengineland.com/googles-efforts-monetize-mobile-pay-off-sites-see-hit-organic-visits-235128", "row": 24, "column": 55, "tagName": "meta", "time": 17231.641953, "url": "", "pos": 1, "chunkLen": 1, "isStartTag": 1}}
06-28 13:22:47.523 28770 28783 E WProf.db: {"WprofHTMLTag": {"code": "0xaf047b80", "doc": "http://searchengineland.com/googles-efforts-monetize-mobile-pay-off-sites-see-hit-organic-visits-235128", "row": 25, "column": 71, "tagName": "meta", "time": 17231.642060, "url": "", "pos": 1, "chunkLen": 1, "isStartTag": 1}}
06-28 13:22:47.523 28770 28783 E WProf.db: {"WprofHTMLTag": {"code": "0xaf047bb0", "doc": "http://searchengineland.com/googles-efforts-monetize-mobile-pay-off-sites-see-hit-organic-visits-235128", "row": 26, "column": 86, "tagName": "meta", "time": 17231.642164, "url": "", "pos": 1, "chunkLen": 1, "isStartTag": 1}}
06-28 13:22:47.524 28770 28783 E WProf.db: {"WprofHTMLTag": {"code": "0xaf047be0", "doc": "http://searchengineland.com/googles-efforts-monetize-mobile-pay-off-sites-see-hit-organic-visits-235128", "row": 27, "column": 54, "tagName": "meta", "time": 17231.642271, "url": "", "pos": 1, "chunkLen": 1, "isStartTag": 1}}
06-28 13:22:47.524 28770 28783 E WProf.db: {"WprofHTMLTag": {"code": "0xaf047c10", "doc": "http://searchengineland.com/googles-efforts-monetize-mobile-pay-off-sites-see-hit-organic-visits-235128", "row": 29, "column": 161, "tagName": "meta", "time": 17231.642371, "url": "", "pos": 1, "chunkLen": 1, "isStartTag": 1}}
06-28 13:22:47.524 28770 28783 E WProf.db: {"WprofHTMLTag": {"code": "0xaf047c40", "doc": "http://searchengineland.com/googles-efforts-monetize-mobile-pay-off-sites-see-hit-organic-visits-235128", "row": 30, "column": 164, "tagName": "meta", "time": 17231.642478, "url": "", "pos": 1, "chunkLen": 1, "isStartTag": 1}}
06-28 13:22:47.524 28770 28783 E WProf.db: {"WprofHTMLTag": {"code": "0xaf047c70", "doc": "http://searchengineland.com/googles-efforts-monetize-mobile-pay-off-sites-see-hit-organic-visits-235128", "row": 31, "column": 55, "tagName": "meta", "time": 17231.642582, "url": "", "pos": 1, "chunkLen": 1, "isStartTag": 1}}
06-28 13:22:47.524 28770 28783 E WProf.db: {"WprofHTMLTag": {"code": "0xaf047ca0", "doc": "http://searchengineland.com/googles-efforts-monetize-mobile-pay-off-sites-see-hit-organic-visits-235128", "row": 32, "column": 54, "tagName": "meta", "time": 17231.642692, "url": "", "pos": 1, "chunkLen": 1, "isStartTag": 1}}
06-28 13:22:47.524 28770 28783 E WProf.db: {"WprofHTMLTag": {"code": "0xaf047cd0", "doc": "http://searchengineland.com/googles-efforts-monetize-mobile-pay-off-sites-see-hit-organic-visits-235128", "row": 33, "column": 138, "tagName": "meta", "time": 17231.642796, "url": "", "pos": 1, "chunkLen": 1, "isStartTag": 1}}
06-28 13:22:47.524 28770 28783 E WProf.db: {"WprofHTMLTag": {"code": "0xaf047d00", "doc": "http://searchengineland.com/googles-efforts-monetize-mobile-pay-off-sites-see-hit-organic-visits-235128", "row": 37, "column": 36, "tagName": "script", "time": 17231.642902, "url": "", "pos": 1, "chunkLen": 1, "isStartTag": 1}}
06-28 13:22:47.524 28770 28783 E WProf.db: {"WprofHTMLTag": {"code": "0xaf047d30", "doc": "http://searchengineland.com/googles-efforts-monetize-mobile-pay-off-sites-see-hit-organic-visits-235128", "row": 53, "column": 10, "tagName": "script", "time": 17231.643139, "url": "", "pos": 1, "chunkLen": 1, "isStartTag": 0}}
06-28 13:22:47.525 28770 28783 E WProf.db: {"WprofHTMLTag": {"code": "0xaedd55a0", "doc": "http://searchengineland.com/googles-efforts-monetize-mobile-pay-off-sites-see-hit-organic-visits-235128", "row": 55, "column": 86, "tagName": "link", "time": 17231.644921, "url": "http://searchengineland.com/apple-touch-icon.png", "pos": 1, "chunkLen": 1, "isStartTag": 1}}
06-28 13:22:47.525 28770 28783 E WProf.db: {"WprofHTMLTag": {"code": "0xaf047d60", "doc": "http://searchengineland.com/googles-efforts-monetize-mobile-pay-off-sites-see-hit-organic-visits-235128", "row": 56, "column": 76, "tagName": "link", "time": 17231.645219, "url": "http://searchengineland.com/favicon.ico", "pos": 1, "chunkLen": 1, "isStartTag": 1}}
06-28 13:22:47.525 28770 28783 E WProf.db: {"WprofHTMLTag": {"code": "0xaf047d90", "doc": "http://searchengineland.com/googles-efforts-monetize-mobile-pay-off-sites-see-hit-organic-visits-235128", "row": 57, "column": 158, "tagName": "link", "time": 17231.645419, "url": "http://feeds.searchengineland.com/searchengineland", "pos": 1, "chunkLen": 1, "isStartTag": 1}}
06-28 13:22:47.525 28770 28783 E WProf.db: {"WprofHTMLTag": {"code": "0xaf047dc0", "doc": "http://searchengineland.com/googles-efforts-monetize-mobile-pay-off-sites-see-hit-organic-visits-235128", "row": 58, "column": 149, "tagName": "link", "time": 17231.645692, "url": "http://feeds.searchengineland.com/searchcap", "pos": 1, "chunkLen": 1, "isStartTag": 1}}
06-28 13:22:47.525 28770 28783 E WProf.db: {"WprofHTMLTag": {"code": "0xaf047df0", "doc": "http://searchengineland.com/googles-efforts-monetize-mobile-pay-off-sites-see-hit-organic-visits-235128", "row": 59, "column": 150, "tagName": "link", "time": 17231.646225, "url": "http://searchengineland.com/figz/wp-content/themes/searchengineland/css/searchengineland-bootstrap.css", "pos": 1, "chunkLen": 1, "isStartTag": 1}}
06-28 13:22:47.525 28770 28783 E WProf.db: {"WprofHTMLTag": {"code": "0xaf047e50", "doc": "http://searchengineland.com/googles-efforts-monetize-mobile-pay-off-sites-see-hit-organic-visits-235128", "row": 60, "column": 105, "tagName": "link", "time": 17231.646856, "url": "http://fonts.googleapis.com/css?family=Oswald:300,400,700", "pos": 1, "chunkLen": 1, "isStartTag": 1}}
06-28 13:22:47.525 28770 28783 E WProf.db: {"WprofHTMLTag": {"code": "0xaf047eb0", "doc": "http://searchengineland.com/googles-efforts-monetize-mobile-pay-off-sites-see-hit-organic-visits-235128", "row": 61, "column": 125, "tagName": "link", "time": 17231.647403, "url": "http://searchengineland.com/figz/wp-content/themes/searchengineland/style.css", "pos": 1, "chunkLen": 1, "isStartTag": 1}}
06-28 13:22:47.526 28770 28783 E WProf.db: {"WprofHTMLTag": {"code": "0xaf047f10", "doc": "http://searchengineland.com/googles-efforts-monetize-mobile-pay-off-sites-see-hit-organic-visits-235128", "row": 65, "column": 7, "tagName": "title", "time": 17231.647952, "url": "", "pos": 1, "chunkLen": 1, "isStartTag": 1}}
06-28 13:22:47.526 28770 28783 E WProf.db: {"WprofHTMLTag": {"code": "0xaf047f40", "doc": "http://searchengineland.com/googles-efforts-monetize-mobile-pay-off-sites-see-hit-organic-visits-235128", "row": 65, "column": 97, "tagName": "title", "time": 17231.648185, "url": "", "pos": 1, "chunkLen": 1, "isStartTag": 0}}
06-28 13:22:47.526 28770 28783 E WProf.db: {"WprofHTMLTag": {"code": "0xaf047f70", "doc": "http://searchengineland.com/googles-efforts-monetize-mobile-pay-off-sites-see-hit-organic-visits-235128", "row": 66, "column": 161, "tagName": "meta", "time": 17231.648204, "url": "", "pos": 1, "chunkLen": 1, "isStartTag": 1}}
06-28 13:22:47.526 28770 28783 E WProf.db: {"WprofHTMLTag": {"code": "0xaf047fa0", "doc": "http://searchengineland.com/googles-efforts-monetize-mobile-pay-off-sites-see-hit-organic-visits-235128", "row": 67, "column": 162, "tagName": "meta", "time": 17231.648315, "url": "", "pos": 1, "chunkLen": 1, "isStartTag": 1}}
06-28 13:22:47.526 28770 28783 E WProf.db: {"WprofHTMLTag": {"code": "0xaf047fd0", "doc": "http://searchengineland.com/googles-efforts-monetize-mobile-pay-off-sites-see-hit-organic-visits-235128", "row": 68, "column": 145, "tagName": "meta", "time": 17231.648422, "url": "", "pos": 1, "chunkLen": 1, "isStartTag": 1}}
06-28 13:22:47.526 28770 28783 E WProf.db: {"WprofHTMLTag": {"code": "0xb4cc74b0", "doc": "http://searchengineland.com/googles-efforts-monetize-mobile-pay-off-sites-see-hit-organic-visits-235128", "row": 69, "column": 37, "tagName": "meta", "time": 17231.648539, "url": "", "pos": 1, "chunkLen": 1, "isStartTag": 1}}
06-28 13:22:47.526 28770 28783 E WProf.db: {"WprofHTMLTag": {"code": "0xb4cc7540", "doc": "http://searchengineland.com/googles-efforts-monetize-mobile-pay-off-sites-see-hit-organic-visits-235128", "row": 70, "column": 135, "tagName": "link", "time": 17231.648655, "url": "http://searchengineland.com/googles-efforts-monetize-mobile-pay-off-sites-see-hit-organic-visits-235128", "pos": 1, "chunkLen": 1, "isStartTag": 1}}
06-28 13:22:47.527 28770 28783 E WProf.db: {"WprofHTMLTag": {"code": "0xb4cc78a0", "doc": "http://searchengineland.com/googles-efforts-monetize-mobile-pay-off-sites-see-hit-organic-visits-235128", "row": 71, "column": 76, "tagName": "link", "time": 17231.648852, "url": "https://plus.google.com/103218677032751327334", "pos": 1, "chunkLen": 1, "isStartTag": 1}}
06-28 13:22:47.527 28770 28783 E WProf.db: {"WprofHTMLTag": {"code": "0xb4cc78d0", "doc": "http://searchengineland.com/googles-efforts-monetize-mobile-pay-off-sites-see-hit-organic-visits-235128", "row": 72, "column": 45, "tagName": "meta", "time": 17231.649038, "url": "", "pos": 1, "chunkLen": 1, "isStartTag": 1}}
06-28 13:22:47.527 28770 28783 E WProf.db: {"WprofHTMLTag": {"code": "0xb4cc7900", "doc": "http://searchengineland.com/googles-efforts-monetize-mobile-pay-off-sites-see-hit-organic-visits-235128", "row": 73, "column": 45, "tagName": "meta", "time": 17231.649147, "url": "", "pos": 1, "chunkLen": 1, "isStartTag": 1}}
06-28 13:22:47.527 28770 28783 E WProf.db: {"WprofHTMLTag": {"code": "0xb4cc7930", "doc": "http://searchengineland.com/googles-efforts-monetize-mobile-pay-off-sites-see-hit-organic-visits-235128", "row": 74, "column": 121, "tagName": "meta", "time": 17231.649255, "url": "", "pos": 1, "chunkLen": 1, "isStartTag": 1}}
06-28 13:22:47.527 28770 28783 E WProf.db: {"WprofHTMLTag": {"code": "0xb4cc7960", "doc": "http://searchengineland.com/googles-efforts-monetize-mobile-pay-off-sites-see-hit-organic-visits-235128", "row": 75, "column": 169, "tagName": "meta", "time": 17231.649360, "url": "", "pos": 1, "chunkLen": 1, "isStartTag": 1}}
06-28 13:22:47.527 28770 28783 E WProf.db: {"WprofHTMLTag": {"code": "0xb4cc7990", "doc": "http://searchengineland.com/googles-efforts-monetize-mobile-pay-off-sites-see-hit-organic-visits-235128", "row": 76, "column": 140, "tagName": "meta", "time": 17231.649469, "url": "", "pos": 1, "chunkLen": 1, "isStartTag": 1}}
06-28 13:22:47.527 28770 28783 E WProf.db: {"WprofHTMLTag": {"code": "0xb4cc79c0", "doc": "http://searchengineland.com/googles-efforts-monetize-mobile-pay-off-sites-see-hit-organic-visits-235128", "row": 77, "column": 61, "tagName": "meta", "time": 17231.649579, "url": "", "pos": 1, "chunkLen": 1, "isStartTag": 1}}
06-28 13:22:47.527 28770 28783 E WProf.db: {"WprofHTMLTag": {"code": "0xb4cc79f0", "doc": "http://searchengineland.com/googles-efforts-monetize-mobile-pay-off-sites-see-hit-organic-visits-235128", "row": 78, "column": 89, "tagName": "meta", "time": 17231.649684, "url": "", "pos": 1, "chunkLen": 1, "isStartTag": 1}}
06-28 13:22:47.527 28770 28783 E WProf.db: {"WprofHTMLTag": {"code": "0xb4cc7a20", "doc": "http://searchengineland.com/googles-efforts-monetize-mobile-pay-off-sites-see-hit-organic-visits-235128", "row": 79, "column": 58, "tagName": "meta", "time": 17231.649791, "url": "", "pos": 1, "chunkLen": 1, "isStartTag": 1}}
06-28 13:22:47.527 28770 28783 E WProf.db: {"WprofHTMLTag": {"code": "0xb4cc7a50", "doc": "http://searchengineland.com/googles-efforts-monetize-mobile-pay-off-sites-see-hit-organic-visits-235128", "row": 80, "column": 78, "tagName": "meta", "time": 17231.649894, "url": "", "pos": 1, "chunkLen": 1, "isStartTag": 1}}
06-28 13:22:47.527 28770 28783 E WProf.db: {"WprofHTMLTag": {"code": "0xb4cc7a80", "doc": "http://searchengineland.com/googles-efforts-monetize-mobile-pay-off-sites-see-hit-organic-visits-235128", "row": 81, "column": 132, "tagName": "meta", "time": 17231.649994, "url": "", "pos": 1, "chunkLen": 1, "isStartTag": 1}}
06-28 13:22:47.527 28770 28783 E WProf.db: {"WprofHTMLTag": {"code": "0xb4cc7ab0", "doc": "http://searchengineland.com/googles-efforts-monetize-mobile-pay-off-sites-see-hit-organic-visits-235128", "row": 82, "column": 49, "tagName": "meta", "time": 17231.650135, "url": "", "pos": 1, "chunkLen": 1, "isStartTag": 1}}
06-28 13:22:47.528 28770 28783 E WProf.db: {"WprofHTMLTag": {"code": "0xb4cc7ae0", "doc": "http://searchengineland.com/googles-efforts-monetize-mobile-pay-off-sites-see-hit-organic-visits-235128", "row": 83, "column": 50, "tagName": "meta", "time": 17231.650244, "url": "", "pos": 1, "chunkLen": 1, "isStartTag": 1}}
06-28 13:22:47.528 28770 28783 E WProf.db: {"WprofHTMLTag": {"code": "0xb4cc7b10", "doc": "http://searchengineland.com/googles-efforts-monetize-mobile-pay-off-sites-see-hit-organic-visits-235128", "row": 84, "column": 58, "tagName": "meta", "time": 17231.650348, "url": "", "pos": 1, "chunkLen": 1, "isStartTag": 1}}
06-28 13:22:47.528 28770 28783 E WProf.db: {"WprofHTMLTag": {"code": "0xb4cc7b40", "doc": "http://searchengineland.com/googles-efforts-monetize-mobile-pay-off-sites-see-hit-organic-visits-235128", "row": 85, "column": 170, "tagName": "meta", "time": 17231.650455, "url": "", "pos": 1, "chunkLen": 1, "isStartTag": 1}}
06-28 13:22:47.528 28770 28783 E WProf.db: {"WprofHTMLTag": {"code": "0xb4cc7b70", "doc": "http://searchengineland.com/googles-efforts-monetize-mobile-pay-off-sites-see-hit-organic-visits-235128", "row": 86, "column": 122, "tagName": "meta", "time": 17231.650564, "url": "", "pos": 1, "chunkLen": 1, "isStartTag": 1}}
06-28 13:22:47.528 28770 28783 E WProf.db: {"WprofHTMLTag": {"code": "0xb4cc7ba0", "doc": "http://searchengineland.com/googles-efforts-monetize-mobile-pay-off-sites-see-hit-organic-visits-235128", "row": 87, "column": 51, "tagName": "meta", "time": 17231.650676, "url": "", "pos": 1, "chunkLen": 1, "isStartTag": 1}}
06-28 13:22:47.528 28770 28783 E WProf.db: {"WprofHTMLTag": {"code": "0xb4cc7bd0", "doc": "http://searchengineland.com/googles-efforts-monetize-mobile-pay-off-sites-see-hit-organic-visits-235128", "row": 88, "column": 133, "tagName": "meta", "time": 17231.650789, "url": "", "pos": 1, "chunkLen": 1, "isStartTag": 1}}
06-28 13:22:47.528 28770 28783 E WProf.db: {"WprofHTMLTag": {"code": "0xb4cc7c00", "doc": "http://searchengineland.com/googles-efforts-monetize-mobile-pay-off-sites-see-hit-organic-visits-235128", "row": 89, "column": 58, "tagName": "meta", "time": 17231.650897, "url": "", "pos": 1, "chunkLen": 1, "isStartTag": 1}}
06-28 13:22:47.528 28770 28783 E WProf.db: {"WprofHTMLTag": {"code": "0xb4cc7c30", "doc": "http://searchengineland.com/googles-efforts-monetize-mobile-pay-off-sites-see-hit-organic-visits-235128", "row": 92, "column": 44, "tagName": "link", "time": 17231.651012, "url": "http://s.w.org/", "pos": 1, "chunkLen": 1, "isStartTag": 1}}
06-28 13:22:47.528 28770 28783 E WProf.db: {"WprofHTMLTag": {"code": "0xb4cc7c60", "doc": "http://searchengineland.com/googles-efforts-monetize-mobile-pay-off-sites-see-hit-organic-visits-235128", "row": 93, "column": 33, "tagName": "script", "time": 17231.651228, "url": "", "pos": 1, "chunkLen": 1, "isStartTag": 1}}
06-28 13:22:47.528 28770 28783 E WProf.db: {"WprofHTMLTag": {"code": "0xb4cc7c90", "doc": "http://searchengineland.com/googles-efforts-monetize-mobile-pay-off-sites-see-hit-organic-visits-235128", "row": 96, "column": 11, "tagName": "script", "time": 17231.651709, "url": "http://searchengineland.com/figz/wp-includes/js/wp-emoji-release.min.js?ver=4.7.5", "pos": 1, "chunkLen": 1, "isStartTag": 0}}
06-28 13:22:47.528 28770 28783 E WProf.db: {"WprofHTMLTag": {"code": "0x9e97a9f0", "doc": "http://searchengineland.com/googles-efforts-monetize-mobile-pay-off-sites-see-hit-organic-visits-235128", "row": 97, "column": 25, "tagName": "style", "time": 17232.190532, "url": "", "pos": 1, "chunkLen": 1, "isStartTag": 1}}
06-28 13:22:47.528 28770 28783 E WProf.db: {"WprofHTMLTag": {"code": "0x9e97aa20", "doc": "http://searchengineland.com/googles-efforts-monetize-mobile-pay-off-sites-see-hit-organic-visits-235128", "row": 110, "column": 8, "tagName": "style", "time": 17232.190726, "url": "", "pos": 1, "chunkLen": 1, "isStartTag": 0}}
06-28 13:22:47.528 28770 28783 E WProf.db: {"WprofHTMLTag": {"code": "0x9e97aa50", "doc": "http://searchengineland.com/googles-efforts-monetize-mobile-pay-off-sites-see-hit-organic-visits-235128", "row": 111, "column": 140, "tagName": "script", "time": 17232.192473, "url": "http://searchengineland.com/figz/wp-content/themes/searchengineland/js/lib/modernizr.custom.js?ver=1.0", "pos": 1, "chunkLen": 1, "isStartTag": 1}}
06-28 13:22:47.529 28770 28783 E WProf.db: {"WprofHTMLTag": {"code": "0x9e97aa80", "doc": "http://searchengineland.com/googles-efforts-monetize-mobile-pay-off-sites-see-hit-organic-visits-235128", "row": 111, "column": 149, "tagName": "script", "time": 17232.192733, "url": "", "pos": 1, "chunkLen": 1, "isStartTag": 0}}
06-28 13:22:47.529 28770 28783 E WProf.db: {"WprofHTMLTag": {"code": "0xaedd5960", "doc": "http://searchengineland.com/googles-efforts-monetize-mobile-pay-off-sites-see-hit-organic-visits-235128", "row": 112, "column": 144, "tagName": "script", "time": 17232.201353, "url": "http://searchengineland.com/figz/wp-content/themes/searchengineland/js/lib/jquery-1.11.0.min.js?ver=1.11.0", "pos": 1, "chunkLen": 1, "isStartTag": 1}}
06-28 13:22:47.529 28770 28783 E WProf.db: {"WprofHTMLTag": {"code": "0x9e97aae0", "doc": "http://searchengineland.com/googles-efforts-monetize-mobile-pay-off-sites-see-hit-organic-visits-235128", "row": 112, "column": 153, "tagName": "script", "time": 17232.201600, "url": "", "pos": 1, "chunkLen": 1, "isStartTag": 0}}
06-28 13:22:47.529 28770 28783 E WProf.db: {"WprofHTMLTag": {"code": "0xaedd5db0", "doc": "http://searchengineland.com/googles-efforts-monetize-mobile-pay-off-sites-see-hit-organic-visits-235128", "row": 0, "column": 15, "tagName": "div", "time": 17232.273604, "url": "", "pos": 15, "chunkLen": 44, "isStartTag": 1}}
06-28 13:22:47.529 28770 28783 E WProf.db: {"WprofHTMLTag": {"code": "0xaedd5d80", "doc": "http://searchengineland.com/googles-efforts-monetize-mobile-pay-off-sites-see-hit-organic-visits-235128", "row": 0, "column": 21, "tagName": "div", "time": 17232.273732, "url": "", "pos": 21, "chunkLen": 44, "isStartTag": 0}}
06-28 13:22:47.529 28770 28783 E WProf.db: {"WprofHTMLTag": {"code": "0xaedd5ab0", "doc": "http://searchengineland.com/googles-efforts-monetize-mobile-pay-off-sites-see-hit-organic-visits-235128", "row": 0, "column": 38, "tagName": "div", "time": 17232.273795, "url": "", "pos": 38, "chunkLen": 44, "isStartTag": 1}}
06-28 13:22:47.529 28770 28783 E WProf.db: {"WprofHTMLTag": {"code": "0xaedd59c0", "doc": "http://searchengineland.com/googles-efforts-monetize-mobile-pay-off-sites-see-hit-organic-visits-235128", "row": 0, "column": 44, "tagName": "div", "time": 17232.273905, "url": "", "pos": 44, "chunkLen": 44, "isStartTag": 0}}
06-28 13:22:47.529 28770 28783 E WProf.db: {"WprofHTMLTag": {"code": "0xaedd5d50", "doc": "http://searchengineland.com/googles-efforts-monetize-mobile-pay-off-sites-see-hit-organic-visits-235128", "row": 0, "column": 13, "tagName": "select", "time": 17232.275574, "url": "", "pos": 13, "chunkLen": 51, "isStartTag": 1}}
06-28 13:22:47.529 28770 28783 E WProf.db: {"WprofHTMLTag": {"code": "0x9e97aba0", "doc": "http://searchengineland.com/googles-efforts-monetize-mobile-pay-off-sites-see-hit-organic-visits-235128", "row": 0, "column": 33, "tagName": "option", "time": 17232.275760, "url": "", "pos": 33, "chunkLen": 51, "isStartTag": 1}}
06-28 13:22:47.529 28770 28783 E WProf.db: {"WprofHTMLTag": {"code": "0x9e97abd0", "doc": "http://searchengineland.com/googles-efforts-monetize-mobile-pay-off-sites-see-hit-organic-visits-235128", "row": 0, "column": 42, "tagName": "option", "time": 17232.275945, "url": "", "pos": 42, "chunkLen": 51, "isStartTag": 0}}
06-28 13:22:47.529 28770 28783 E WProf.db: {"WprofHTMLTag": {"code": "0x9e97ac00", "doc": "http://searchengineland.com/googles-efforts-monetize-mobile-pay-off-sites-see-hit-organic-visits-235128", "row": 0, "column": 51, "tagName": "select", "time": 17232.276000, "url": "", "pos": 51, "chunkLen": 51, "isStartTag": 0}}
06-28 13:22:47.529 28770 28783 E WProf.db: {"WprofHTMLTag": {"code": "0x9e97ac30", "doc": "http://searchengineland.com/googles-efforts-monetize-mobile-pay-off-sites-see-hit-organic-visits-235128", "row": 0, "column": 12, "tagName": "a", "time": 17232.280656, "url": "", "pos": 12, "chunkLen": 16, "isStartTag": 1}}
06-28 13:22:47.529 28770 28783 E WProf.db: {"WprofHTMLTag": {"code": "0x9e97ac60", "doc": "http://searchengineland.com/googles-efforts-monetize-mobile-pay-off-sites-see-hit-organic-visits-235128", "row": 0, "column": 16, "tagName": "a", "time": 17232.280812, "url": "", "pos": 16, "chunkLen": 16, "isStartTag": 0}}
06-28 13:22:47.530 28770 28783 E WProf.db: {"WprofHTMLTag": {"code": "0x9e97ac90", "doc": "http://searchengineland.com/googles-efforts-monetize-mobile-pay-off-sites-see-hit-organic-visits-235128", "row": 0, "column": 8, "tagName": "input", "time": 17232.281861, "url": "", "pos": 8, "chunkLen": 8, "isStartTag": 1}}
06-28 13:22:47.530 28770 28783 E WProf.db: {"WprofHTMLTag": {"code": "0x9e97acc0", "doc": "http://searchengineland.com/googles-efforts-monetize-mobile-pay-off-sites-see-hit-organic-visits-235128", "row": 0, "column": 9, "tagName": "link", "time": 17232.294424, "url": "", "pos": 9, "chunkLen": 42, "isStartTag": 1}}
06-28 13:22:47.530 28770 28783 E WProf.db: {"WprofHTMLTag": {"code": "0x9e97acf0", "doc": "http://searchengineland.com/googles-efforts-monetize-mobile-pay-off-sites-see-hit-organic-visits-235128", "row": 0, "column": 16, "tagName": "table", "time": 17232.294541, "url": "", "pos": 16, "chunkLen": 42, "isStartTag": 1}}
06-28 13:22:47.530 28770 28783 E WProf.db: {"WprofHTMLTag": {"code": "0x9e97ad20", "doc": "http://searchengineland.com/googles-efforts-monetize-mobile-pay-off-sites-see-hit-organic-visits-235128", "row": 0, "column": 24, "tagName": "table", "time": 17232.294656, "url": "", "pos": 24, "chunkLen": 42, "isStartTag": 0}}
06-28 13:22:47.530 28770 28783 E WProf.db: {"WprofHTMLTag": {"code": "0x9e97ad50", "doc": "http://searchengineland.com/googles-efforts-monetize-mobile-pay-off-sites-see-hit-organic-visits-235128", "row": 0, "column": 37, "tagName": "a", "time": 17232.294731, "url": "", "pos": 37, "chunkLen": 42, "isStartTag": 1}}
06-28 13:22:47.530 28770 28783 E WProf.db: {"WprofHTMLTag": {"code": "0x9e97ad80", "doc": "http://searchengineland.com/googles-efforts-monetize-mobile-pay-off-sites-see-hit-organic-visits-235128", "row": 0, "column": 42, "tagName": "a", "time": 17232.294897, "url": "", "pos": 42, "chunkLen": 42, "isStartTag": 0}}
06-28 13:22:47.530 28770 28783 E WProf.db: {"WprofHTMLTag": {"code": "0x9e97ae10", "doc": "http://searchengineland.com/googles-efforts-monetize-mobile-pay-off-sites-see-hit-organic-visits-235128", "row": 0, "column": 10, "tagName": "textarea", "time": 17232.296013, "url": "", "pos": 10, "chunkLen": 22, "isStartTag": 1}}
06-28 13:22:47.530 28770 28783 E WProf.db: {"WprofHTMLTag": {"code": "0x9e97ae40", "doc": "http://searchengineland.com/googles-efforts-monetize-mobile-pay-off-sites-see-hit-organic-visits-235128", "row": 0, "column": 22, "tagName": "textarea", "time": 17232.296191, "url": "", "pos": 22, "chunkLen": 22, "isStartTag": 0}}
06-28 13:22:47.530 28770 28783 E WProf.db: {"WprofHTMLTag": {"code": "0x9e97ae70", "doc": "http://searchengineland.com/googles-efforts-monetize-mobile-pay-off-sites-see-hit-organic-visits-235128", "row": 0, "column": 48, "tagName": "input", "time": 17232.297329, "url": "", "pos": 48, "chunkLen": 48, "isStartTag": 1}}
06-28 13:22:47.530 28770 28783 E WProf.db: {"WprofHTMLTag": {"code": "0x9e97aed0", "doc": "http://searchengineland.com/googles-efforts-monetize-mobile-pay-off-sites-see-hit-organic-visits-235128", "row": 0, "column": 9, "tagName": "link", "time": 17232.301899, "url": "", "pos": 9, "chunkLen": 66, "isStartTag": 1}}
06-28 13:22:47.530 28770 28783 E WProf.db: {"WprofHTMLTag": {"code": "0x9e97af00", "doc": "http://searchengineland.com/googles-efforts-monetize-mobile-pay-off-sites-see-hit-organic-visits-235128", "row": 0, "column": 16, "tagName": "table", "time": 17232.302027, "url": "", "pos": 16, "chunkLen": 66, "isStartTag": 1}}
06-28 13:22:47.530 28770 28783 E WProf.db: {"WprofHTMLTag": {"code": "0x9e97af30", "doc": "http://searchengineland.com/googles-efforts-monetize-mobile-pay-off-sites-see-hit-organic-visits-235128", "row": 0, "column": 24, "tagName": "table", "time": 17232.302102, "url": "", "pos": 24, "chunkLen": 66, "isStartTag": 0}}
06-28 13:22:47.530 28770 28783 E WProf.db: {"WprofHTMLTag": {"code": "0x9e97af60", "doc": "http://searchengineland.com/googles-efforts-monetize-mobile-pay-off-sites-see-hit-organic-visits-235128", "row": 0, "column": 37, "tagName": "a", "time": 17232.302237, "url": "", "pos": 37, "chunkLen": 66, "isStartTag": 1}}
06-28 13:22:47.531 28770 28783 E WProf.db: {"WprofHTMLTag": {"code": "0x9e97af90", "doc": "http://searchengineland.com/googles-efforts-monetize-mobile-pay-off-sites-see-hit-organic-visits-235128", "row": 0, "column": 42, "tagName": "a", "time": 17232.302413, "url": "", "pos": 42, "chunkLen": 66, "isStartTag": 0}}
06-28 13:22:47.531 28770 28783 E WProf.db: {"WprofHTMLTag": {"code": "0x9e97afc0", "doc": "http://searchengineland.com/googles-efforts-monetize-mobile-pay-off-sites-see-hit-organic-visits-235128", "row": 0, "column": 66, "tagName": "input", "time": 17232.302473, "url": "", "pos": 66, "chunkLen": 66, "isStartTag": 1}}
06-28 13:22:47.531 28770 28783 E WProf.db: {"WprofHTMLTag": {"code": "0x9e97b050", "doc": "http://searchengineland.com/googles-efforts-monetize-mobile-pay-off-sites-see-hit-organic-visits-235128", "row": 0, "column": 9, "tagName": "link", "time": 17232.304158, "url": "", "pos": 9, "chunkLen": 66, "isStartTag": 1}}
06-28 13:22:47.531 28770 28783 E WProf.db: {"WprofHTMLTag": {"code": "0x9e97b080", "doc": "http://searchengineland.com/googles-efforts-monetize-mobile-pay-off-sites-see-hit-organic-visits-235128", "row": 0, "column": 16, "tagName": "table", "time": 17232.304273, "url": "", "pos": 16, "chunkLen": 66, "isStartTag": 1}}
06-28 13:22:47.531 28770 28783 E WProf.db: {"WprofHTMLTag": {"code": "0x9e97b0b0", "doc": "http://searchengineland.com/googles-efforts-monetize-mobile-pay-off-sites-see-hit-organic-visits-235128", "row": 0, "column": 24, "tagName": "table", "time": 17232.304340, "url": "", "pos": 24, "chunkLen": 66, "isStartTag": 0}}
06-28 13:22:47.531 28770 28783 E WProf.db: {"WprofHTMLTag": {"code": "0x9e97b0e0", "doc": "http://searchengineland.com/googles-efforts-monetize-mobile-pay-off-sites-see-hit-organic-visits-235128", "row": 0, "column": 37, "tagName": "a", "time": 17232.304397, "url": "", "pos": 37, "chunkLen": 66, "isStartTag": 1}}
06-28 13:22:47.531 28770 28783 E WProf.db: {"WprofHTMLTag": {"code": "0x9e97b110", "doc": "http://searchengineland.com/googles-efforts-monetize-mobile-pay-off-sites-see-hit-organic-visits-235128", "row": 0, "column": 42, "tagName": "a", "time": 17232.304564, "url": "", "pos": 42, "chunkLen": 66, "isStartTag": 0}}
06-28 13:22:47.531 28770 28783 E WProf.db: {"WprofHTMLTag": {"code": "0x9e97b140", "doc": "http://searchengineland.com/googles-efforts-monetize-mobile-pay-off-sites-see-hit-organic-visits-235128", "row": 0, "column": 66, "tagName": "input", "time": 17232.304627, "url": "", "pos": 66, "chunkLen": 66, "isStartTag": 1}}
06-28 13:22:47.531 28770 28783 E WProf.db: {"WprofHTMLTag": {"code": "0x9e97b1a0", "doc": "http://searchengineland.com/googles-efforts-monetize-mobile-pay-off-sites-see-hit-organic-visits-235128", "row": 0, "column": 9, "tagName": "link", "time": 17232.308570, "url": "", "pos": 9, "chunkLen": 66, "isStartTag": 1}}
