--------- beginning of main
06-28 16:56:28.960  3449  3449 E Finsky  : [1] com.google.android.finsky.wear.bl.a(3): onConnectionFailed: ConnectionResult{statusCode=API_UNAVAILABLE, resolution=null, message=null}
--------- beginning of system
06-28 16:56:30.094 10341 10341 E chromium: [ERROR:shell_integration_android.cc(12)] Not implemented reached in static ShellIntegration::DefaultWebClientSetPermission ShellIntegration::CanSetAsDefaultBrowser()
06-28 16:56:30.097 10341 10341 E chromium: [ERROR:browser_process_impl.cc(720)] Not implemented reached in virtual BackgroundModeManager* BrowserProcessImpl::background_mode_manager()
06-28 16:56:30.415  3218  7109 E AudioRecord-JNI: Error -4 during AudioRecord native read
06-28 16:56:32.952 10341 10389 E chromium: [ERROR:gles2_cmd_decoder.cc(3852)] [.ChromiumCompositor-0xacbb2fc0]GL ERROR :GL_INVALID_ENUM : glDiscardFramebufferEXT: attachments was GL_COLOR_EXT
06-28 16:56:33.237 10408 10421 E WPROF   : {"CSS": {"url": "http://searchengineland.com/figz/wp-content/themes/searchengineland/css/searchengineland-bootstrap.css", "requestTime": 30070.292324}}
06-28 16:56:33.238 10408 10421 E WPROF   : {"CSS": {"url": "http://fonts.googleapis.com/css?family=Oswald:300,400,700", "requestTime": 30070.293782}}
06-28 16:56:33.239 10408 10421 E WPROF   : {"CSS": {"url": "http://searchengineland.com/figz/wp-content/themes/searchengineland/style.css", "requestTime": 30070.294979}}
06-28 16:56:33.247 10408 10421 E WPROF   : {"Javascript": {"url": "http://searchengineland.com/figz/wp-content/themes/searchengineland/js/lib/modernizr.custom.js?ver=1.0", "requestTime": 30070.302236}}
06-28 16:56:33.248 10408 10421 E WPROF   : {"Javascript": {"url": "http://searchengineland.com/figz/wp-content/themes/searchengineland/js/lib/jquery-1.11.0.min.js?ver=1.11.0", "requestTime": 30070.303925}}
06-28 16:56:33.250 10408 10421 E WPROF   : {"Javascript": {"url": "http://searchengineland.com/figz/wp-content/themes/searchengineland/js/lib/jquery-ui-1.10.3.custom.min.js?ver=1.10.3", "requestTime": 30070.305391}}
06-28 16:56:33.251 10408 10421 E WPROF   : {"Javascript": {"url": "http://searchengineland.com/figz/wp-content/themes/searchengineland/js/lib/jquery.ba-throttle-debounce.min.js?ver=1.1", "requestTime": 30070.306531}}
06-28 16:56:33.252 10408 10421 E WPROF   : {"Javascript": {"url": "http://searchengineland.com/figz/wp-content/themes/searchengineland/js/lib/jquery.countdown.min.js?ver=2.0.4", "requestTime": 30070.307625}}
06-28 16:56:33.253 10408 10421 E WPROF   : {"Javascript": {"url": "http://static.chartbeat.com/js/chartbeat_mab.js", "requestTime": 30070.308716}}
06-28 16:56:33.853 10408 10421 E WPROF   : {"Javascript": {"url": "http://searchengineland.com/figz/wp-includes/js/wp-emoji-release.min.js?ver=4.7.5", "requestTime": 30070.908650}}
06-28 16:56:34.243 10408 10421 E WPROF   : {"Javascript": {"url": "http://www.googletagservices.com/tag/js/gpt.js", "requestTime": 30071.298276}}
06-28 16:56:34.248 10408 10421 E WPROF   : {"Javascript": {"url": "https://www.google-analytics.com/analytics.js", "requestTime": 30071.303543}}
06-28 16:56:34.250 10408 10421 E WPROF   : {"Javascript": {"url": "http://edge.quantserve.com/quant.js", "requestTime": 30071.305793}}
06-28 16:56:34.252 10408 10421 E WPROF   : {"Javascript": {"url": "https://connect.facebook.net/en_US/fbevents.js", "requestTime": 30071.307487}}
06-28 16:56:34.350 10341 10389 E chromium: [ERROR:gles2_cmd_decoder.cc(3852)] [.ChromiumCompositor-0xacbb2fc0]GL ERROR :GL_INVALID_ENUM : glDiscardFramebufferEXT: attachments was GL_COLOR_EXT
06-28 16:56:34.367 10408 10421 E WPROF   : {"Javascript": {"url": "http://app-sj02.marketo.com/js/forms2/js/forms2.min.js", "requestTime": 30071.422609}}
06-28 16:56:34.462 10341 10389 E chromium: [ERROR:gles2_cmd_decoder.cc(3852)] [.ChromiumCompositor-0xacbb2fc0]GL ERROR :GL_INVALID_ENUM : glDiscardFramebufferEXT: attachments was GL_COLOR_EXT
06-28 16:56:34.573 10408 10421 E WPROF   : {"Javascript": {"url": "https://connect.facebook.net/signals/config/423979991297359?v=2.7.17", "requestTime": 30071.628969}}
06-28 16:56:34.730 10408 10421 E WPROF   : {"Javascript": {"url": "http://app-sj02.marketo.com/index.php/form/getForm?munchkinId=727-ZQE-044&form=5691&url=http%3A%2F%2Fsearchengineland.com%2Fgoogle-wont-build-featured-snippets-analytics-search-console-277008&callback=jQuery110201363728411961347_1498636594663&_=1498636594664", "requestTime": 30071.785396}}
06-28 16:56:34.744 10408 10421 E WPROF   : {"Javascript": {"url": "http://app-sj02.marketo.com/index.php/form/getForm?munchkinId=727-ZQE-044&form=5685&url=http%3A%2F%2Fsearchengineland.com%2Fgoogle-wont-build-featured-snippets-analytics-search-console-277008&callback=jQuery110201363728411961347_1498636594665&_=1498636594666", "requestTime": 30071.800063}}
06-28 16:56:34.771 10408 10421 E WPROF   : {"Javascript": {"url": "https://securepubads.g.doubleclick.net/gpt/pubads_impl_121.js", "requestTime": 30071.826359}}
06-28 16:56:34.964 10408 10421 E WPROF   : {"Javascript": {"url": "http://app-sj02.marketo.com/index.php/form/getForm?munchkinId=727-ZQE-044&form=5673&url=http%3A%2F%2Fsearchengineland.com%2Fgoogle-wont-build-featured-snippets-analytics-search-console-277008&callback=jQuery110201363728411961347_1498636594667&_=1498636594668", "requestTime": 30072.019797}}
06-28 16:56:34.972 10408 10421 E WPROF   : {"Javascript": {"url": "http://searchengineland.com/js/ga_social_tracking.js", "requestTime": 30072.027529}}
06-28 16:56:34.974 10408 10421 E WPROF   : {"Javascript": {"url": "http://s7.addthis.com/js/300/addthis_widget.js#pubid=ra-53e918f660794f37", "requestTime": 30072.029255}}
06-28 16:56:35.014 10341 10389 E chromium: [ERROR:gles2_cmd_decoder.cc(3852)] [.ChromiumCompositor-0xacbb2fc0]GL ERROR :GL_INVALID_ENUM : glDiscardFramebufferEXT: attachments was GL_COLOR_EXT
06-28 16:56:35.257 10341 10389 E chromium: [ERROR:gles2_cmd_decoder.cc(3852)] [.ChromiumCompositor-0xacbb2fc0]GL ERROR :GL_INVALID_ENUM : glDiscardFramebufferEXT: attachments was GL_COLOR_EXT
06-28 16:56:35.481 10408 10421 E WPROF   : {"Javascript": {"url": "http://cdn.api.twitter.com/1/users/show.json?screen_name=rustybrick&callback=twttr.setFollowersCount", "requestTime": 30072.536253}}
06-28 16:56:35.593 10408 10421 E WPROF   : {"CSS": {"url": "http://app-sj02.marketo.com/js/forms2/css/forms2.css", "requestTime": 30072.648855}}
06-28 16:56:35.597 10408 10421 E WPROF   : {"CSS": {"url": "http://app-sj02.marketo.com/js/forms2/css/forms2-theme-simple.css", "requestTime": 30072.653079}}
06-28 16:56:35.637   862  1657 E LocSvc_IzatApiV02: E/virtual int izat_core::IzatApiV02::getBatchSize(int32_t):522]: Error : st = 4, ind.status = -1628389555
06-28 16:56:35.637   862  1657 E LocSvc_IzatApiV02: E/virtual int izat_core::IzatApiV02::getBatchSize(int32_t):535]: get batching size failed.Or modem does not support batching 
06-28 16:56:35.639 10341 10389 E chromium: [ERROR:gles2_cmd_decoder.cc(3852)] [.ChromiumCompositor-0xacbb2fc0]GL ERROR :GL_INVALID_ENUM : glDiscardFramebufferEXT: attachments was GL_COLOR_EXT
06-28 16:56:35.646   862  1657 E LocSvc_IzatApiV02: E/virtual int izat_core::IzatApiV02::getBatchSize(int32_t):522]: Error : st = 4, ind.status = -1628389555
06-28 16:56:35.647   862  1657 E LocSvc_IzatApiV02: E/virtual int izat_core::IzatApiV02::getBatchSize(int32_t):535]: get batching size failed.Or modem does not support batching 
06-28 16:56:35.679   862  1657 E LocSvc_IzatApiV02: E/virtual int izat_core::IzatApiV02::getBatchSize(int32_t):522]: Error : st = 4, ind.status = -1628389555
06-28 16:56:35.679   862  1657 E LocSvc_IzatApiV02: E/virtual int izat_core::IzatApiV02::getBatchSize(int32_t):535]: get batching size failed.Or modem does not support batching 
06-28 16:56:35.692   862  1657 E LocSvc_IzatApiV02: E/virtual int izat_core::IzatApiV02::getBatchSize(int32_t):522]: Error : st = 4, ind.status = -1628389555
06-28 16:56:35.692   862  1657 E LocSvc_IzatApiV02: E/virtual int izat_core::IzatApiV02::getBatchSize(int32_t):535]: get batching size failed.Or modem does not support batching 
06-28 16:56:36.458 10408 10421 E WPROF   : {"Javascript": {"url": "https://securepubads.g.doubleclick.net/gampad/ads?gdfp_req=1&correlator=1363190985261056&output=json_html&callback=googletag.impl.pubads.callbackProxy1&impl=fifs&json_a=1&eid=108809080%2C108809107%2C21060002&sc=0&sfv=1-0-9&iu_parts=1038259%2Csel-ciu-1%2Csel-ciu-2%2Csel-ciu-3%2Csel-ciu-4%2Csel-ciu-5%", "requestTime": 30073.514001}}
06-28 16:56:36.557 10408 10421 E WPROF   : {"Javascript": {"url": "https://static.xx.fbcdn.net/rsrc.php/v3iy6L4/yF/l/ko_KR/w3AiswiqjrJ.js", "requestTime": 30073.612419}}
06-28 16:56:37.057 10408 10421 E WPROF   : {"Javascript": {"url": "http://platform.twitter.com/widgets.js", "requestTime": 30074.113166}}
06-28 16:56:37.060 10408 10421 E WPROF   : {"Javascript": {"url": "http://connect.facebook.net/en_US/sdk.js", "requestTime": 30074.115777}}
06-28 16:56:37.066 10408 10421 E WPROF   : {"Javascript": {"url": "https://apis.google.com/js/platform.js", "requestTime": 30074.121941}}
06-28 16:56:37.130 10408 10421 E WPROF   : {"Javascript": {"url": "http://rules.quantcount.com/rules-p-5aGizvD82d9hk.js", "requestTime": 30074.186048}}
06-28 16:56:37.143 10408 10421 E WPROF   : {"Javascript": {"url": "http://munchkin.marketo.net/munchkin.js", "requestTime": 30074.198746}}
06-28 16:56:37.278 10341 10389 E chromium: [ERROR:gles2_cmd_decoder.cc(3852)] [.ChromiumCompositor-0xacbb2fc0]GL ERROR :GL_INVALID_ENUM : glDiscardFramebufferEXT: attachments was GL_COLOR_EXT
06-28 16:56:37.418 10408 10421 E WPROF   : {"Javascript": {"url": "http://d2j3qa5nc37287.cloudfront.net/coupon_code1.js", "requestTime": 30074.473826}}
06-28 16:56:37.424 10408 10421 E WPROF   : {"Javascript": {"url": "http://www.googleadservices.com/pagead/conversion.js", "requestTime": 30074.479811}}
06-28 16:56:37.425 10408 10421 E WPROF   : {"Javascript": {"url": "http://searchengineland.com/figz/wp-content/themes/searchengineland/js/script.js?ver=1.0", "requestTime": 30074.480506}}
06-28 16:56:37.425 10408 10421 E WPROF   : {"Javascript": {"url": "http://searchengineland.com/figz/wp-includes/js/wp-embed.min.js?ver=4.7.5", "requestTime": 30074.480868}}
06-28 16:56:37.425 10408 10421 E WPROF   : {"Javascript": {"url": "http://searchengineland.com/figz/wp-content/themes/searchengineland/js/modules/sharing_controls.js", "requestTime": 30074.481201}}
06-28 16:56:37.435 10408 10421 E WPROF   : {"CSS": {"url": "https://www.youtube.com/yts/cssbin/www-embed-player-sprite-mode-vfl5G4Xm8.css", "requestTime": 30074.490716}}
06-28 16:56:37.436 10408 10421 E WPROF   : {"Javascript": {"url": "https://www.youtube.com/yts/jsbin/www-embed-player-vfl_UY_j8/www-embed-player.js", "requestTime": 30074.491929}}
06-28 16:56:37.437 10408 10421 E WPROF   : {"Javascript": {"url": "https://www.youtube.com/yts/jsbin/player-vflo1w4O-/ko_KR/base.js", "requestTime": 30074.492708}}
06-28 16:56:37.451 10408 10421 E WPROF   : {"Javascript": {"url": "http://dnn506yrbagrg.cloudfront.net/pages/scripts/0026/4062.js?416287", "requestTime": 30074.506299}}
06-28 16:56:37.457 10341 10389 E chromium: [ERROR:gles2_cmd_decoder.cc(3852)] [.ChromiumCompositor-0xacbb2fc0]GL ERROR :GL_INVALID_ENUM : glDiscardFramebufferEXT: attachments was GL_COLOR_EXT
06-28 16:56:37.657 10341 10389 E chromium: [ERROR:gles2_cmd_decoder.cc(3852)] [.ChromiumCompositor-0xacbb2fc0]GL ERROR :GL_INVALID_ENUM : glDiscardFramebufferEXT: attachments was GL_COLOR_EXT
06-28 16:56:38.327 10341 10389 E chromium: [ERROR:gles2_cmd_decoder.cc(3852)] [.ChromiumCompositor-0xacbb2fc0]GL ERROR :GL_INVALID_ENUM : glDiscardFramebufferEXT: attachments was GL_COLOR_EXT
06-28 16:56:38.599 10408 10421 E WPROF   : {"Javascript": {"url": "http://m.addthisedge.com/live/boost/ra-53e918f660794f37/_ate.track.config_resp", "requestTime": 30075.654580}}
06-28 16:56:38.645 10408 10421 E WPROF   : {"Javascript": {"url": "http://m.addthis.com/live/red_lojson/300lo.json?si=59536134fd3e99fa&bkl=0&bl=1&pdt=2110&sid=59536134fd3e99fa&pub=ra-53e918f660794f37&rev=v7.15.4-wp&ln=ko&pc=men&cb=0&ab=-&dp=searchengineland.com&fp=google-wont-build-featured-snippets-analytics-search-console-277008&fr=&of=0&pd=0&irt=0&vcl=0&md=0&ct=", "requestTime": 30075.700762}}
06-28 16:56:38.730 10341 10389 E chromium: [ERROR:gles2_cmd_decoder.cc(3852)] [.ChromiumCompositor-0xacbb2fc0]GL ERROR :GL_INVALID_ENUM : glDiscardFramebufferEXT: attachments was GL_COLOR_EXT
06-28 16:56:40.345 10408 10421 E WPROF   : {"Javascript": {"url": "https://www.google.com/js/bg/KWBfAnWFESAEEaKKgdYlTHY9ysQaNoQuzeMFqvxDSM8.js", "requestTime": 30077.400532}}
06-28 16:56:40.347 10408 10421 E WPROF   : {"Javascript": {"url": "https://static.doubleclick.net/instream/ad_status.js", "requestTime": 30077.402662}}
06-28 16:56:40.540 10341 10389 E chromium: [ERROR:gles2_cmd_decoder.cc(3852)] [.ChromiumCompositor-0xacbb2fc0]GL ERROR :GL_INVALID_ENUM : glDiscardFramebufferEXT: attachments was GL_COLOR_EXT
06-28 16:56:40.592 10341 10389 E chromium: [ERROR:gles2_cmd_decoder.cc(3852)] [.ChromiumCompositor-0xacbb2fc0]GL ERROR :GL_INVALID_ENUM : glDiscardFramebufferEXT: attachments was GL_COLOR_EXT
06-28 16:56:40.692 10341 10389 E chromium: [ERROR:gles2_cmd_decoder.cc(3852)] [.ChromiumCompositor-0xacbb2fc0]GL ERROR :GL_INVALID_ENUM : glDiscardFramebufferEXT: attachments was GL_COLOR_EXT
06-28 16:56:40.742 10408 10421 E WPROF   : {"Javascript": {"url": "https://tpc.googlesyndication.com/pagead/js/r20170619/r20110914/client/ext/m_window_focus_non_hydra.js", "requestTime": 30077.797345}}
06-28 16:56:40.743 10408 10421 E WPROF   : {"Javascript": {"url": "https://tpc.googlesyndication.com/pagead/js/r20170619/r20110914/activeview/osd_listener.js", "requestTime": 30077.799148}}
06-28 16:56:40.748 10408 10421 E WPROF   : {"Javascript": {"url": "http://pagead2.googlesyndication.com/pagead/osd.js", "requestTime": 30077.803710}}
06-28 16:56:41.011 10408 10421 E WPROF   : {"Javascript": {"url": "https://platform.twitter.com/js/button.b731e6c82269f70f6fc53634e044a4c6.js", "requestTime": 30078.066803}}
06-28 16:56:41.017 10408 10421 E WPROF   : {"Javascript": {"url": "http://munchkin.marketo.net/151/munchkin.js", "requestTime": 30078.072693}}
06-28 16:56:41.029 10408 10421 E WPROF   : {"Javascript": {"url": "http://www.justuno.com/ajax/account_version_check.html?id=828FA275-FF73-401E-AA39-40F5A6FAB6B1", "requestTime": 30078.084605}}
06-28 16:56:41.290 10408 10421 E WPROF   : {"Javascript": {"url": "http://s7.addthis.com/static/layers.4acb6c577b51939661ec.js", "requestTime": 30078.345422}}
06-28 16:56:41.505 10341 10389 E chromium: [ERROR:gles2_cmd_decoder.cc(3852)] [.ChromiumCompositor-0xacbb2fc0]GL ERROR :GL_INVALID_ENUM : glDiscardFramebufferEXT: attachments was GL_COLOR_EXT
06-28 16:56:42.046 10341 10389 E chromium: [ERROR:gles2_cmd_decoder.cc(3852)] [.ChromiumCompositor-0xacbb2fc0]GL ERROR :GL_INVALID_ENUM : glDiscardFramebufferEXT: attachments was GL_COLOR_EXT
06-28 16:56:42.627 10341 10389 E chromium: [ERROR:gles2_cmd_decoder.cc(3852)] [.ChromiumCompositor-0xacbb2fc0]GL ERROR :GL_INVALID_ENUM : glDiscardFramebufferEXT: attachments was GL_COLOR_EXT
06-28 16:56:44.727 10408 10421 E WPROF   : {"Javascript": {"url": "http://cdn.justuno.com/mwgt_3.6.js", "requestTime": 30081.782535}}
06-28 16:56:44.728 10408 10421 E WPROF   : {"Javascript": {"url": "https://app-sj02.marketo.com/js/forms2/js/forms2.min.js", "requestTime": 30081.783830}}
06-28 16:56:44.967 10341 10389 E chromium: [ERROR:gles2_cmd_decoder.cc(3852)] [.ChromiumCompositor-0xacbb2fc0]GL ERROR :GL_INVALID_ENUM : glDiscardFramebufferEXT: attachments was GL_COLOR_EXT
06-28 16:56:45.448 10341 10389 E chromium: [ERROR:gles2_cmd_decoder.cc(3852)] [.ChromiumCompositor-0xacbb2fc0]GL ERROR :GL_INVALID_ENUM : glDiscardFramebufferEXT: attachments was GL_COLOR_EXT
06-28 16:56:45.592 10341 10389 E chromium: [ERROR:gles2_cmd_decoder.cc(3852)] [.ChromiumCompositor-0xacbb2fc0]GL ERROR :GL_INVALID_ENUM : glDiscardFramebufferEXT: attachments was GL_COLOR_EXT
06-28 16:56:46.366 10408 10421 E WPROF   : {"Javascript": {"url": "https://cdn.syndication.twimg.com/widgets/followbutton/info.json?callback=__twttr.setFollowersCountAndFollowing&lang=en&screen_names=sengineland", "requestTime": 30083.421455}}
06-28 16:56:46.824 10408 10421 E WProf.db: {"page": "searchengineland.com_google-wont-build-featured-snippets-analytics-search-console-277008"}
06-28 16:56:46.824 10408 10421 E WProf.db: {"DOMLoad": 30083.879672}
06-28 16:56:46.824 10408 10421 E WProf.db: {"Resource": {"id": 1, "url": "http://searchengineland.com/google-wont-build-featured-snippets-analytics-search-console-277008", "sentTime": -1.000000, "len": 91054, "from": "0x0", "mimeType": "text/html", "contentLength": -1, "httpStatus": 200, "connId": 20, "connReused": 1, "cached": 0,"requestTime": 30069.926791, "proxyStart": -1, "proxyEnd": -1, "dnsStart": -1, "dnsEnd": -1, "connectStart": 0, "connectEnd": 73, "sendStart": 73, "sendEnd": 74, "receiveHeadersEnd": 264, "sslStart": -1, "sslEnd": -1}}
06-28 16:56:46.824 10408 10421 E WProf.db: {"ReceivedChunk": {"receivedTime": 30070.211131, "len": 12563}}
06-28 16:56:46.824 10408 10421 E WProf.db: {"ReceivedChunk": {"receivedTime": 30070.282950, "len": 32768}}
06-28 16:56:46.824 10408 10421 E WProf.db: {"ReceivedChunk": {"receivedTime": 30070.283236, "len": 27347}}
06-28 16:56:46.824 10408 10421 E WProf.db: {"ReceivedChunk": {"receivedTime": 30070.372503, "len": 14230}}
06-28 16:56:46.824 10408 10421 E WProf.db: {"ReceivedChunk": {"receivedTime": 30070.372880, "len": 4146}}
06-28 16:56:46.824 10408 10421 E WProf.db: {"WprofHTMLTag": {"code": "0xaeddd2d0", "doc": "http://searchengineland.com/google-wont-build-featured-snippets-analytics-search-console-277008", "row": 6, "column": 42, "tagName": "html", "time": 30070.285868, "url": "", "pos": 1, "chunkLen": 1, "isStartTag": 1}}
06-28 16:56:46.825 10408 10421 E WProf.db: {"WprofHTMLTag": {"code": "0xaf0477c0", "doc": "http://searchengineland.com/google-wont-build-featured-snippets-analytics-search-console-277008", "row": 7, "column": 6, "tagName": "head", "time": 30070.286242, "url": "", "pos": 1, "chunkLen": 1, "isStartTag": 1}}
06-28 16:56:46.825 10408 10421 E WProf.db: {"WprofHTMLTag": {"code": "0xaf0477f0", "doc": "http://searchengineland.com/google-wont-build-featured-snippets-analytics-search-console-277008", "row": 8, "column": 54, "tagName": "meta", "time": 30070.286284, "url": "", "pos": 1, "chunkLen": 1, "isStartTag": 1}}
06-28 16:56:46.825 10408 10421 E WProf.db: {"WprofHTMLTag": {"code": "0xaf0478e0", "doc": "http://searchengineland.com/google-wont-build-featured-snippets-analytics-search-console-277008", "row": 9, "column": 68, "tagName": "meta", "time": 30070.286428, "url": "", "pos": 1, "chunkLen": 1, "isStartTag": 1}}
06-28 16:56:46.825 10408 10421 E WProf.db: {"WprofHTMLTag": {"code": "0xaf047910", "doc": "http://searchengineland.com/google-wont-build-featured-snippets-analytics-search-console-277008", "row": 10, "column": 23, "tagName": "meta", "time": 30070.286533, "url": "", "pos": 1, "chunkLen": 1, "isStartTag": 1}}
06-28 16:56:46.825 10408 10421 E WProf.db: {"WprofHTMLTag": {"code": "0xaf047940", "doc": "http://searchengineland.com/google-wont-build-featured-snippets-analytics-search-console-277008", "row": 11, "column": 52, "tagName": "meta", "time": 30070.286658, "url": "", "pos": 1, "chunkLen": 1, "isStartTag": 1}}
06-28 16:56:46.825 10408 10421 E WProf.db: {"WprofHTMLTag": {"code": "0xaf047970", "doc": "http://searchengineland.com/google-wont-build-featured-snippets-analytics-search-console-277008", "row": 14, "column": 56, "tagName": "meta", "time": 30070.286783, "url": "", "pos": 1, "chunkLen": 1, "isStartTag": 1}}
06-28 16:56:46.825 10408 10421 E WProf.db: {"WprofHTMLTag": {"code": "0xaf0479a0", "doc": "http://searchengineland.com/google-wont-build-featured-snippets-analytics-search-console-277008", "row": 15, "column": 83, "tagName": "meta", "time": 30070.286893, "url": "", "pos": 1, "chunkLen": 1, "isStartTag": 1}}
06-28 16:56:46.825 10408 10421 E WProf.db: {"WprofHTMLTag": {"code": "0xaf0479d0", "doc": "http://searchengineland.com/google-wont-build-featured-snippets-analytics-search-console-277008", "row": 16, "column": 57, "tagName": "meta", "time": 30070.287003, "url": "", "pos": 1, "chunkLen": 1, "isStartTag": 1}}
06-28 16:56:46.825 10408 10421 E WProf.db: {"WprofHTMLTag": {"code": "0xaf047a60", "doc": "http://searchengineland.com/google-wont-build-featured-snippets-analytics-search-console-277008", "row": 17, "column": 41, "tagName": "meta", "time": 30070.287114, "url": "", "pos": 1, "chunkLen": 1, "isStartTag": 1}}
06-28 16:56:46.825 10408 10421 E WProf.db: {"WprofHTMLTag": {"code": "0xaf047a90", "doc": "http://searchengineland.com/google-wont-build-featured-snippets-analytics-search-console-277008", "row": 18, "column": 50, "tagName": "meta", "time": 30070.287221, "url": "", "pos": 1, "chunkLen": 1, "isStartTag": 1}}
06-28 16:56:46.825 10408 10421 E WProf.db: {"WprofHTMLTag": {"code": "0xaf047ac0", "doc": "http://searchengineland.com/google-wont-build-featured-snippets-analytics-search-console-277008", "row": 19, "column": 174, "tagName": "meta", "time": 30070.287325, "url": "", "pos": 1, "chunkLen": 1, "isStartTag": 1}}
06-28 16:56:46.825 10408 10421 E WProf.db: {"WprofHTMLTag": {"code": "0xaf047a30", "doc": "http://searchengineland.com/google-wont-build-featured-snippets-analytics-search-console-277008", "row": 20, "column": 47, "tagName": "meta", "time": 30070.287431, "url": "", "pos": 1, "chunkLen": 1, "isStartTag": 1}}
06-28 16:56:46.825 10408 10421 E WProf.db: {"WprofHTMLTag": {"code": "0xaf047a00", "doc": "http://searchengineland.com/google-wont-build-featured-snippets-analytics-search-console-277008", "row": 21, "column": 67, "tagName": "meta", "time": 30070.287536, "url": "", "pos": 1, "chunkLen": 1, "isStartTag": 1}}
06-28 16:56:46.826 10408 10421 E WProf.db: {"WprofHTMLTag": {"code": "0xaf047af0", "doc": "http://searchengineland.com/google-wont-build-featured-snippets-analytics-search-console-277008", "row": 22, "column": 57, "tagName": "meta", "time": 30070.287639, "url": "", "pos": 1, "chunkLen": 1, "isStartTag": 1}}
06-28 16:56:46.826 10408 10421 E WProf.db: {"WprofHTMLTag": {"code": "0xaf047b20", "doc": "http://searchengineland.com/google-wont-build-featured-snippets-analytics-search-console-277008", "row": 23, "column": 65, "tagName": "meta", "time": 30070.287749, "url": "", "pos": 1, "chunkLen": 1, "isStartTag": 1}}
06-28 16:56:46.826 10408 10421 E WProf.db: {"WprofHTMLTag": {"code": "0xaf047b50", "doc": "http://searchengineland.com/google-wont-build-featured-snippets-analytics-search-console-277008", "row": 24, "column": 55, "tagName": "meta", "time": 30070.287854, "url": "", "pos": 1, "chunkLen": 1, "isStartTag": 1}}
06-28 16:56:46.826 10408 10421 E WProf.db: {"WprofHTMLTag": {"code": "0xaf047b80", "doc": "http://searchengineland.com/google-wont-build-featured-snippets-analytics-search-console-277008", "row": 25, "column": 71, "tagName": "meta", "time": 30070.287962, "url": "", "pos": 1, "chunkLen": 1, "isStartTag": 1}}
06-28 16:56:46.826 10408 10421 E WProf.db: {"WprofHTMLTag": {"code": "0xaf047bb0", "doc": "http://searchengineland.com/google-wont-build-featured-snippets-analytics-search-console-277008", "row": 26, "column": 86, "tagName": "meta", "time": 30070.288063, "url": "", "pos": 1, "chunkLen": 1, "isStartTag": 1}}
06-28 16:56:46.826 10408 10421 E WProf.db: {"WprofHTMLTag": {"code": "0xaf047be0", "doc": "http://searchengineland.com/google-wont-build-featured-snippets-analytics-search-console-277008", "row": 27, "column": 54, "tagName": "meta", "time": 30070.288168, "url": "", "pos": 1, "chunkLen": 1, "isStartTag": 1}}
06-28 16:56:46.826 10408 10421 E WProf.db: {"WprofHTMLTag": {"code": "0xaf047c10", "doc": "http://searchengineland.com/google-wont-build-featured-snippets-analytics-search-console-277008", "row": 29, "column": 93, "tagName": "meta", "time": 30070.288274, "url": "", "pos": 1, "chunkLen": 1, "isStartTag": 1}}
06-28 16:56:46.826 10408 10421 E WProf.db: {"WprofHTMLTag": {"code": "0xaf047c40", "doc": "http://searchengineland.com/google-wont-build-featured-snippets-analytics-search-console-277008", "row": 30, "column": 137, "tagName": "meta", "time": 30070.288377, "url": "", "pos": 1, "chunkLen": 1, "isStartTag": 1}}
06-28 16:56:46.827 10408 10421 E WProf.db: {"WprofHTMLTag": {"code": "0xaf047c70", "doc": "http://searchengineland.com/google-wont-build-featured-snippets-analytics-search-console-277008", "row": 31, "column": 55, "tagName": "meta", "time": 30070.288485, "url": "", "pos": 1, "chunkLen": 1, "isStartTag": 1}}
06-28 16:56:46.827 10408 10421 E WProf.db: {"WprofHTMLTag": {"code": "0xaf047ca0", "doc": "http://searchengineland.com/google-wont-build-featured-snippets-analytics-search-console-277008", "row": 32, "column": 54, "tagName": "meta", "time": 30070.288588, "url": "", "pos": 1, "chunkLen": 1, "isStartTag": 1}}
06-28 16:56:46.827 10408 10421 E WProf.db: {"WprofHTMLTag": {"code": "0xaf047cd0", "doc": "http://searchengineland.com/google-wont-build-featured-snippets-analytics-search-console-277008", "row": 33, "column": 133, "tagName": "meta", "time": 30070.288696, "url": "", "pos": 1, "chunkLen": 1, "isStartTag": 1}}
06-28 16:56:46.827 10408 10421 E WProf.db: {"WprofHTMLTag": {"code": "0xaf047d00", "doc": "http://searchengineland.com/google-wont-build-featured-snippets-analytics-search-console-277008", "row": 37, "column": 36, "tagName": "script", "time": 30070.288805, "url": "", "pos": 1, "chunkLen": 1, "isStartTag": 1}}
06-28 16:56:46.827 10408 10421 E WProf.db: {"WprofHTMLTag": {"code": "0xaf047d30", "doc": "http://searchengineland.com/google-wont-build-featured-snippets-analytics-search-console-277008", "row": 53, "column": 10, "tagName": "script", "time": 30070.289059, "url": "", "pos": 1, "chunkLen": 1, "isStartTag": 0}}
06-28 16:56:46.827 10408 10421 E WProf.db: {"WprofHTMLTag": {"code": "0xaeddd5a0", "doc": "http://searchengineland.com/google-wont-build-featured-snippets-analytics-search-console-277008", "row": 55, "column": 86, "tagName": "link", "time": 30070.290886, "url": "http://searchengineland.com/apple-touch-icon.png", "pos": 1, "chunkLen": 1, "isStartTag": 1}}
06-28 16:56:46.827 10408 10421 E WProf.db: {"WprofHTMLTag": {"code": "0xaf047d60", "doc": "http://searchengineland.com/google-wont-build-featured-snippets-analytics-search-console-277008", "row": 56, "column": 76, "tagName": "link", "time": 30070.291171, "url": "http://searchengineland.com/favicon.ico", "pos": 1, "chunkLen": 1, "isStartTag": 1}}
06-28 16:56:46.828 10408 10421 E WProf.db: {"WprofHTMLTag": {"code": "0xaf047d90", "doc": "http://searchengineland.com/google-wont-build-featured-snippets-analytics-search-console-277008", "row": 57, "column": 158, "tagName": "link", "time": 30070.291362, "url": "http://feeds.searchengineland.com/searchengineland", "pos": 1, "chunkLen": 1, "isStartTag": 1}}
06-28 16:56:46.828 10408 10421 E WProf.db: {"WprofHTMLTag": {"code": "0xaf047dc0", "doc": "http://searchengineland.com/google-wont-build-featured-snippets-analytics-search-console-277008", "row": 58, "column": 149, "tagName": "link", "time": 30070.291631, "url": "http://feeds.searchengineland.com/searchcap", "pos": 1, "chunkLen": 1, "isStartTag": 1}}
06-28 16:56:46.828 10408 10421 E WProf.db: {"WprofHTMLTag": {"code": "0xaf047df0", "doc": "http://searchengineland.com/google-wont-build-featured-snippets-analytics-search-console-277008", "row": 59, "column": 150, "tagName": "link", "time": 30070.291913, "url": "http://searchengineland.com/figz/wp-content/themes/searchengineland/css/searchengineland-bootstrap.css", "pos": 1, "chunkLen": 1, "isStartTag": 1}}
06-28 16:56:46.828 10408 10421 E WProf.db: {"WprofHTMLTag": {"code": "0xaf047e50", "doc": "http://searchengineland.com/google-wont-build-featured-snippets-analytics-search-console-277008", "row": 60, "column": 105, "tagName": "link", "time": 30070.293485, "url": "http://fonts.googleapis.com/css?family=Oswald:300,400,700", "pos": 1, "chunkLen": 1, "isStartTag": 1}}
06-28 16:56:46.828 10408 10421 E WProf.db: {"WprofHTMLTag": {"code": "0xaf047eb0", "doc": "http://searchengineland.com/google-wont-build-featured-snippets-analytics-search-console-277008", "row": 61, "column": 125, "tagName": "link", "time": 30070.294693, "url": "http://searchengineland.com/figz/wp-content/themes/searchengineland/style.css", "pos": 1, "chunkLen": 1, "isStartTag": 1}}
06-28 16:56:46.828 10408 10421 E WProf.db: {"WprofHTMLTag": {"code": "0xaf047f10", "doc": "http://searchengineland.com/google-wont-build-featured-snippets-analytics-search-console-277008", "row": 65, "column": 7, "tagName": "title", "time": 30070.295828, "url": "", "pos": 1, "chunkLen": 1, "isStartTag": 1}}
06-28 16:56:46.829 10408 10421 E WProf.db: {"WprofHTMLTag": {"code": "0xaf047f40", "doc": "http://searchengineland.com/google-wont-build-featured-snippets-analytics-search-console-277008", "row": 65, "column": 82, "tagName": "title", "time": 30070.296241, "url": "", "pos": 1, "chunkLen": 1, "isStartTag": 0}}
06-28 16:56:46.829 10408 10421 E WProf.db: {"WprofHTMLTag": {"code": "0xaf047f70", "doc": "http://searchengineland.com/google-wont-build-featured-snippets-analytics-search-console-277008", "row": 66, "column": 139, "tagName": "meta", "time": 30070.296262, "url": "", "pos": 1, "chunkLen": 1, "isStartTag": 1}}
06-28 16:56:46.829 10408 10421 E WProf.db: {"WprofHTMLTag": {"code": "0xaf047fa0", "doc": "http://searchengineland.com/google-wont-build-featured-snippets-analytics-search-console-277008", "row": 67, "column": 93, "tagName": "meta", "time": 30070.296383, "url": "", "pos": 1, "chunkLen": 1, "isStartTag": 1}}
06-28 16:56:46.829 10408 10421 E WProf.db: {"WprofHTMLTag": {"code": "0xaf047fd0", "doc": "http://searchengineland.com/google-wont-build-featured-snippets-analytics-search-console-277008", "row": 68, "column": 137, "tagName": "meta", "time": 30070.296493, "url": "", "pos": 1, "chunkLen": 1, "isStartTag": 1}}
06-28 16:56:46.829 10408 10421 E WProf.db: {"WprofHTMLTag": {"code": "0xb4cc74b0", "doc": "http://searchengineland.com/google-wont-build-featured-snippets-analytics-search-console-277008", "row": 69, "column": 37, "tagName": "meta", "time": 30070.296604, "url": "", "pos": 1, "chunkLen": 1, "isStartTag": 1}}
06-28 16:56:46.829 10408 10421 E WProf.db: {"WprofHTMLTag": {"code": "0xb4cc7540", "doc": "http://searchengineland.com/google-wont-build-featured-snippets-analytics-search-console-277008", "row": 70, "column": 127, "tagName": "link", "time": 30070.296713, "url": "http://searchengineland.com/google-wont-build-featured-snippets-analytics-search-console-277008", "pos": 1, "chunkLen": 1, "isStartTag": 1}}
06-28 16:56:46.829 10408 10421 E WProf.db: {"WprofHTMLTag": {"code": "0xb4cc78a0", "doc": "http://searchengineland.com/google-wont-build-featured-snippets-analytics-search-console-277008", "row": 71, "column": 76, "tagName": "link", "time": 30070.296908, "url": "https://plus.google.com/103218677032751327334", "pos": 1, "chunkLen": 1, "isStartTag": 1}}
06-28 16:56:46.829 10408 10421 E WProf.db: {"WprofHTMLTag": {"code": "0xb4cc78d0", "doc": "http://searchengineland.com/google-wont-build-featured-snippets-analytics-search-console-277008", "row": 72, "column": 45, "tagName": "meta", "time": 30070.297096, "url": "", "pos": 1, "chunkLen": 1, "isStartTag": 1}}
06-28 16:56:46.829 10408 10421 E WProf.db: {"WprofHTMLTag": {"code": "0xb4cc7900", "doc": "http://searchengineland.com/google-wont-build-featured-snippets-analytics-search-console-277008", "row": 73, "column": 45, "tagName": "meta", "time": 30070.297207, "url": "", "pos": 1, "chunkLen": 1, "isStartTag": 1}}
06-28 16:56:46.829 10408 10421 E WProf.db: {"WprofHTMLTag": {"code": "0xb4cc7930", "doc": "http://searchengineland.com/google-wont-build-featured-snippets-analytics-search-console-277008", "row": 74, "column": 106, "tagName": "meta", "time": 30070.297316, "url": "", "pos": 1, "chunkLen": 1, "isStartTag": 1}}
06-28 16:56:46.829 10408 10421 E WProf.db: {"WprofHTMLTag": {"code": "0xb4cc7960", "doc": "http://searchengineland.com/google-wont-build-featured-snippets-analytics-search-console-277008", "row": 75, "column": 147, "tagName": "meta", "time": 30070.297424, "url": "", "pos": 1, "chunkLen": 1, "isStartTag": 1}}
06-28 16:56:46.829 10408 10421 E WProf.db: {"WprofHTMLTag": {"code": "0xb4cc7990", "doc": "http://searchengineland.com/google-wont-build-featured-snippets-analytics-search-console-277008", "row": 76, "column": 132, "tagName": "meta", "time": 30070.297530, "url": "", "pos": 1, "chunkLen": 1, "isStartTag": 1}}
06-28 16:56:46.829 10408 10421 E WProf.db: {"WprofHTMLTag": {"code": "0xb4cc79c0", "doc": "http://searchengineland.com/google-wont-build-featured-snippets-analytics-search-console-277008", "row": 77, "column": 61, "tagName": "meta", "time": 30070.297634, "url": "", "pos": 1, "chunkLen": 1, "isStartTag": 1}}
06-28 16:56:46.830 10408 10421 E WProf.db: {"WprofHTMLTag": {"code": "0xb4cc79f0", "doc": "http://searchengineland.com/google-wont-build-featured-snippets-analytics-search-console-277008", "row": 78, "column": 89, "tagName": "meta", "time": 30070.297742, "url": "", "pos": 1, "chunkLen": 1, "isStartTag": 1}}
06-28 16:56:46.830 10408 10421 E WProf.db: {"WprofHTMLTag": {"code": "0xb4cc7a20", "doc": "http://searchengineland.com/google-wont-build-featured-snippets-analytics-search-console-277008", "row": 79, "column": 58, "tagName": "meta", "time": 30070.297846, "url": "", "pos": 1, "chunkLen": 1, "isStartTag": 1}}
06-28 16:56:46.830 10408 10421 E WProf.db: {"WprofHTMLTag": {"code": "0xb4cc7a50", "doc": "http://searchengineland.com/google-wont-build-featured-snippets-analytics-search-console-277008", "row": 80, "column": 78, "tagName": "meta", "time": 30070.297956, "url": "", "pos": 1, "chunkLen": 1, "isStartTag": 1}}
06-28 16:56:46.830 10408 10421 E WProf.db: {"WprofHTMLTag": {"code": "0xb4cc7a80", "doc": "http://searchengineland.com/google-wont-build-featured-snippets-analytics-search-console-277008", "row": 81, "column": 77, "tagName": "meta", "time": 30070.298060, "url": "", "pos": 1, "chunkLen": 1, "isStartTag": 1}}
06-28 16:56:46.830 10408 10421 E WProf.db: {"WprofHTMLTag": {"code": "0xb4cc7ab0", "doc": "http://searchengineland.com/google-wont-build-featured-snippets-analytics-search-console-277008", "row": 82, "column": 71, "tagName": "meta", "time": 30070.298167, "url": "", "pos": 1, "chunkLen": 1, "isStartTag": 1}}
06-28 16:56:46.830 10408 10421 E WProf.db: {"WprofHTMLTag": {"code": "0xb4cc7ae0", "doc": "http://searchengineland.com/google-wont-build-featured-snippets-analytics-search-console-277008", "row": 83, "column": 127, "tagName": "meta", "time": 30070.298274, "url": "", "pos": 1, "chunkLen": 1, "isStartTag": 1}}
06-28 16:56:46.830 10408 10421 E WProf.db: {"WprofHTMLTag": {"code": "0xb4cc7b10", "doc": "http://searchengineland.com/google-wont-build-featured-snippets-analytics-search-console-277008", "row": 84, "column": 49, "tagName": "meta", "time": 30070.300274, "url": "", "pos": 1, "chunkLen": 1, "isStartTag": 1}}
06-28 16:56:46.830 10408 10421 E WProf.db: {"WprofHTMLTag": {"code": "0xb4cc7b40", "doc": "http://searchengineland.com/google-wont-build-featured-snippets-analytics-search-console-277008", "row": 85, "column": 50, "tagName": "meta", "time": 30070.300381, "url": "", "pos": 1, "chunkLen": 1, "isStartTag": 1}}
06-28 16:56:46.830 10408 10421 E WProf.db: {"WprofHTMLTag": {"code": "0xb4cc7b70", "doc": "http://searchengineland.com/google-wont-build-featured-snippets-analytics-search-console-277008", "row": 86, "column": 58, "tagName": "meta", "time": 30070.300510, "url": "", "pos": 1, "chunkLen": 1, "isStartTag": 1}}
06-28 16:56:46.830 10408 10421 E WProf.db: {"WprofHTMLTag": {"code": "0xb4cc7ba0", "doc": "http://searchengineland.com/google-wont-build-featured-snippets-analytics-search-console-277008", "row": 87, "column": 148, "tagName": "meta", "time": 30070.300621, "url": "", "pos": 1, "chunkLen": 1, "isStartTag": 1}}
06-28 16:56:46.830 10408 10421 E WProf.db: {"WprofHTMLTag": {"code": "0xb4cc7bd0", "doc": "http://searchengineland.com/google-wont-build-featured-snippets-analytics-search-console-277008", "row": 88, "column": 107, "tagName": "meta", "time": 30070.300730, "url": "", "pos": 1, "chunkLen": 1, "isStartTag": 1}}
06-28 16:56:46.831 10408 10421 E WProf.db: {"WprofHTMLTag": {"code": "0xb4cc7c00", "doc": "http://searchengineland.com/google-wont-build-featured-snippets-analytics-search-console-277008", "row": 89, "column": 51, "tagName": "meta", "time": 30070.300838, "url": "", "pos": 1, "chunkLen": 1, "isStartTag": 1}}
06-28 16:56:46.831 10408 10421 E WProf.db: {"WprofHTMLTag": {"code": "0xb4cc7c30", "doc": "http://searchengineland.com/google-wont-build-featured-snippets-analytics-search-console-277008", "row": 90, "column": 128, "tagName": "meta", "time": 30070.300946, "url": "", "pos": 1, "chunkLen": 1, "isStartTag": 1}}
06-28 16:56:46.831 10408 10421 E WProf.db: {"WprofHTMLTag": {"code": "0xb4cc7c60", "doc": "http://searchengineland.com/google-wont-build-featured-snippets-analytics-search-console-277008", "row": 91, "column": 53, "tagName": "meta", "time": 30070.301061, "url": "", "pos": 1, "chunkLen": 1, "isStartTag": 1}}
06-28 16:56:46.831 10408 10421 E WProf.db: {"WprofHTMLTag": {"code": "0xb4cc7c90", "doc": "http://searchengineland.com/google-wont-build-featured-snippets-analytics-search-console-277008", "row": 94, "column": 44, "tagName": "link", "time": 30070.301179, "url": "http://s.w.org/", "pos": 1, "chunkLen": 1, "isStartTag": 1}}
06-28 16:56:46.831 10408 10421 E WProf.db: {"WprofHTMLTag": {"code": "0xb4cc7cc0", "doc": "http://searchengineland.com/google-wont-build-featured-snippets-analytics-search-console-277008", "row": 95, "column": 33, "tagName": "script", "time": 30070.301410, "url": "", "pos": 1, "chunkLen": 1, "isStartTag": 1}}
06-28 16:56:46.831 10408 10421 E WProf.db: {"WprofHTMLTag": {"code": "0xb4cc7cf0", "doc": "http://searchengineland.com/google-wont-build-featured-snippets-analytics-search-console-277008", "row": 98, "column": 11, "tagName": "script", "time": 30070.301593, "url": "http://searchengineland.com/figz/wp-includes/js/wp-emoji-release.min.js?ver=4.7.5", "pos": 1, "chunkLen": 1, "isStartTag": 0}}
06-28 16:56:46.831 10408 10421 E WProf.db: {"WprofHTMLTag": {"code": "0xaec7b900", "doc": "http://searchengineland.com/google-wont-build-featured-snippets-analytics-search-console-277008", "row": 99, "column": 25, "tagName": "style", "time": 30070.909299, "url": "", "pos": 1, "chunkLen": 1, "isStartTag": 1}}
06-28 16:56:46.831 10408 10421 E WProf.db: {"WprofHTMLTag": {"code": "0xaec7b930", "doc": "http://searchengineland.com/google-wont-build-featured-snippets-analytics-search-console-277008", "row": 112, "column": 8, "tagName": "style", "time": 30070.909501, "url": "", "pos": 1, "chunkLen": 1, "isStartTag": 0}}
06-28 16:56:46.831 10408 10421 E WProf.db: {"WprofHTMLTag": {"code": "0xaec7b960", "doc": "http://searchengineland.com/google-wont-build-featured-snippets-analytics-search-console-277008", "row": 113, "column": 140, "tagName": "script", "time": 30070.911194, "url": "http://searchengineland.com/figz/wp-content/themes/searchengineland/js/lib/modernizr.custom.js?ver=1.0", "pos": 1, "chunkLen": 1, "isStartTag": 1}}
06-28 16:56:46.831 10408 10421 E WProf.db: {"WprofHTMLTag": {"code": "0xaec7b990", "doc": "http://searchengineland.com/google-wont-build-featured-snippets-analytics-search-console-277008", "row": 113, "column": 149, "tagName": "script", "time": 30070.911450, "url": "", "pos": 1, "chunkLen": 1, "isStartTag": 0}}
06-28 16:56:46.831 10408 10421 E WProf.db: {"WprofHTMLTag": {"code": "0xaedddab0", "doc": "http://searchengineland.com/google-wont-build-featured-snippets-analytics-search-console-277008", "row": 114, "column": 144, "tagName": "script", "time": 30070.923016, "url": "http://searchengineland.com/figz/wp-content/themes/searchengineland/js/lib/jquery-1.11.0.min.js?ver=1.11.0", "pos": 1, "chunkLen": 1, "isStartTag": 1}}
06-28 16:56:46.831 10408 10421 E WProf.db: {"WprofHTMLTag": {"code": "0xaec7b9f0", "doc": "http://searchengineland.com/google-wont-build-featured-snippets-analytics-search-console-277008", "row": 114, "column": 153, "tagName": "script", "time": 30070.924296, "url": "", "pos": 1, "chunkLen": 1, "isStartTag": 0}}
06-28 16:56:46.832 10408 10421 E WProf.db: {"WprofHTMLTag": {"code": "0xaedddf00", "doc": "http://searchengineland.com/google-wont-build-featured-snippets-analytics-search-console-277008", "row": 0, "column": 15, "tagName": "div", "time": 30071.024012, "url": "", "pos": 15, "chunkLen": 44, "isStartTag": 1}}
06-28 16:56:46.832 10408 10421 E WProf.db: {"WprofHTMLTag": {"code": "0xaeddded0", "doc": "http://searchengineland.com/google-wont-build-featured-snippets-analytics-search-console-277008", "row": 0, "column": 21, "tagName": "div", "time": 30071.024144, "url": "", "pos": 21, "chunkLen": 44, "isStartTag": 0}}
06-28 16:56:46.832 10408 10421 E WProf.db: {"WprofHTMLTag": {"code": "0xaedddea0", "doc": "http://searchengineland.com/google-wont-build-featured-snippets-analytics-search-console-277008", "row": 0, "column": 38, "tagName": "div", "time": 30071.024206, "url": "", "pos": 38, "chunkLen": 44, "isStartTag": 1}}
06-28 16:56:46.832 10408 10421 E WProf.db: {"WprofHTMLTag": {"code": "0xaedddc60", "doc": "http://searchengineland.com/google-wont-build-featured-snippets-analytics-search-console-277008", "row": 0, "column": 44, "tagName": "div", "time": 30071.024321, "url": "", "pos": 44, "chunkLen": 44, "isStartTag": 0}}
06-28 16:56:46.832 10408 10421 E WProf.db: {"WprofHTMLTag": {"code": "0xaeddde70", "doc": "http://searchengineland.com/google-wont-build-featured-snippets-analytics-search-console-277008", "row": 0, "column": 13, "tagName": "select", "time": 30071.025746, "url": "", "pos": 13, "chunkLen": 51, "isStartTag": 1}}
06-28 16:56:46.832 10408 10421 E WProf.db: {"WprofHTMLTag": {"code": "0xaec7ba80", "doc": "http://searchengineland.com/google-wont-build-featured-snippets-analytics-search-console-277008", "row": 0, "column": 33, "tagName": "option", "time": 30071.025942, "url": "", "pos": 33, "chunkLen": 51, "isStartTag": 1}}
06-28 16:56:46.832 10408 10421 E WProf.db: {"WprofHTMLTag": {"code": "0xaec7bab0", "doc": "http://searchengineland.com/google-wont-build-featured-snippets-analytics-search-console-277008", "row": 0, "column": 42, "tagName": "option", "time": 30071.026139, "url": "", "pos": 42, "chunkLen": 51, "isStartTag": 0}}
06-28 16:56:46.832 10408 10421 E WProf.db: {"WprofHTMLTag": {"code": "0xaec7bae0", "doc": "http://searchengineland.com/google-wont-build-featured-snippets-analytics-search-console-277008", "row": 0, "column": 51, "tagName": "select", "time": 30071.026199, "url": "", "pos": 51, "chunkLen": 51, "isStartTag": 0}}
06-28 16:56:46.832 10408 10421 E WProf.db: {"WprofHTMLTag": {"code": "0xaec7bb10", "doc": "http://searchengineland.com/google-wont-build-featured-snippets-analytics-search-console-277008", "row": 0, "column": 12, "tagName": "a", "time": 30071.030802, "url": "", "pos": 12, "chunkLen": 16, "isStartTag": 1}}
06-28 16:56:46.832 10408 10421 E WProf.db: {"WprofHTMLTag": {"code": "0xaec7bb40", "doc": "http://searchengineland.com/google-wont-build-featured-snippets-analytics-search-console-277008", "row": 0, "column": 16, "tagName": "a", "time": 30071.030970, "url": "", "pos": 16, "chunkLen": 16, "isStartTag": 0}}
06-28 16:56:46.832 10408 10421 E WProf.db: {"WprofHTMLTag": {"code": "0xaec7bb70", "doc": "http://searchengineland.com/google-wont-build-featured-snippets-analytics-search-console-277008", "row": 0, "column": 8, "tagName": "input", "time": 30071.032100, "url": "", "pos": 8, "chunkLen": 8, "isStartTag": 1}}
06-28 16:56:46.832 10408 10421 E WProf.db: {"WprofHTMLTag": {"code": "0xaec7bba0", "doc": "http://searchengineland.com/google-wont-build-featured-snippets-analytics-search-console-277008", "row": 0, "column": 9, "tagName": "link", "time": 30071.043354, "url": "", "pos": 9, "chunkLen": 42, "isStartTag": 1}}
06-28 16:56:46.832 10408 10421 E WProf.db: {"WprofHTMLTag": {"code": "0xaec7bbd0", "doc": "http://searchengineland.com/google-wont-build-featured-snippets-analytics-search-console-277008", "row": 0, "column": 16, "tagName": "table", "time": 30071.043486, "url": "", "pos": 16, "chunkLen": 42, "isStartTag": 1}}
06-28 16:56:46.832 10408 10421 E WProf.db: {"WprofHTMLTag": {"code": "0xaec7bc00", "doc": "http://searchengineland.com/google-wont-build-featured-snippets-analytics-search-console-277008", "row": 0, "column": 24, "tagName": "table", "time": 30071.043614, "url": "", "pos": 24, "chunkLen": 42, "isStartTag": 0}}
06-28 16:56:46.833 10408 10421 E WProf.db: {"WprofHTMLTag": {"code": "0xaec7bc30", "doc": "http://searchengineland.com/google-wont-build-featured-snippets-analytics-search-console-277008", "row": 0, "column": 37, "tagName": "a", "time": 30071.043687, "url": "", "pos": 37, "chunkLen": 42, "isStartTag": 1}}
06-28 16:56:46.834 10408 10421 E WProf.db: {"WprofHTMLTag": {"code": "0xaec7bc60", "doc": "http://searchengineland.com/google-wont-build-featured-snippets-analytics-search-console-277008", "row": 0, "column": 42, "tagName": "a", "time": 30071.043864, "url": "", "pos": 42, "chunkLen": 42, "isStartTag": 0}}
06-28 16:56:46.834 10408 10421 E WProf.db: {"WprofHTMLTag": {"code": "0xaec7bcf0", "doc": "http://searchengineland.com/google-wont-build-featured-snippets-analytics-search-console-277008", "row": 0, "column": 10, "tagName": "textarea", "time": 30071.045144, "url": "", "pos": 10, "chunkLen": 22, "isStartTag": 1}}
06-28 16:56:46.834 10408 10421 E WProf.db: {"WprofHTMLTag": {"code": "0xaec7bd20", "doc": "http://searchengineland.com/google-wont-build-featured-snippets-analytics-search-console-277008", "row": 0, "column": 22, "tagName": "textarea", "time": 30071.045362, "url": "", "pos": 22, "chunkLen": 22, "isStartTag": 0}}
06-28 16:56:46.834 10408 10421 E WProf.db: {"WprofHTMLTag": {"code": "0xaec7bd50", "doc": "http://searchengineland.com/google-wont-build-featured-snippets-analytics-search-console-277008", "row": 0, "column": 48, "tagName": "input", "time": 30071.046604, "url": "", "pos": 48, "chunkLen": 48, "isStartTag": 1}}
06-28 16:56:46.834 10408 10421 E WProf.db: {"WprofHTMLTag": {"code": "0xaec7bdb0", "doc": "http://searchengineland.com/google-wont-build-featured-snippets-analytics-search-console-277008", "row": 0, "column": 9, "tagName": "link", "time": 30071.051257, "url": "", "pos": 9, "chunkLen": 66, "isStartTag": 1}}
06-28 16:56:46.834 10408 10421 E WProf.db: {"WprofHTMLTag": {"code": "0xaec7bde0", "doc": "http://searchengineland.com/google-wont-build-featured-snippets-analytics-search-console-277008", "row": 0, "column": 16, "tagName": "table", "time": 30071.051379, "url": "", "pos": 16, "chunkLen": 66, "isStartTag": 1}}
06-28 16:56:46.834 10408 10421 E WProf.db: {"WprofHTMLTag": {"code": "0xaec7be10", "doc": "http://searchengineland.com/google-wont-build-featured-snippets-analytics-search-console-277008", "row": 0, "column": 24, "tagName": "table", "time": 30071.051886, "url": "", "pos": 24, "chunkLen": 66, "isStartTag": 0}}
06-28 16:56:46.834 10408 10421 E WProf.db: {"WprofHTMLTag": {"code": "0xaec7be40", "doc": "http://searchengineland.com/google-wont-build-featured-snippets-analytics-search-console-277008", "row": 0, "column": 37, "tagName": "a", "time": 30071.051969, "url": "", "pos": 37, "chunkLen": 66, "isStartTag": 1}}
06-28 16:56:46.834 10408 10421 E WProf.db: {"WprofHTMLTag": {"code": "0xaec7be70", "doc": "http://searchengineland.com/google-wont-build-featured-snippets-analytics-search-console-277008", "row": 0, "column": 42, "tagName": "a", "time": 30071.052167, "url": "", "pos": 42, "chunkLen": 66, "isStartTag": 0}}
06-28 16:56:46.835 10408 10421 E WProf.db: {"WprofHTMLTag": {"code": "0xaec7bea0", "doc": "http://searchengineland.com/google-wont-build-featured-snippets-analytics-search-console-277008", "row": 0, "column": 66, "tagName": "input", "time": 30071.052231, "url": "", "pos": 66, "chunkLen": 66, "isStartTag": 1}}
06-28 16:56:46.835 10408 10421 E WProf.db: {"WprofHTMLTag": {"code": "0xaec7bf30", "doc": "http://searchengineland.com/google-wont-build-featured-snippets-analytics-search-console-277008", "row": 0, "column": 9, "tagName": "link", "time": 30071.056887, "url": "", "pos": 9, "chunkLen": 66, "isStartTag": 1}}
06-28 16:56:46.835 10408 10421 E WProf.db: {"WprofHTMLTag": {"code": "0xaec7bf60", "doc": "http://searchengineland.com/google-wont-build-featured-snippets-analytics-search-console-277008", "row": 0, "column": 16, "tagName": "table", "time": 30071.056998, "url": "", "pos": 16, "chunkLen": 66, "isStartTag": 1}}
06-28 16:56:46.835 10408 10421 E WProf.db: {"WprofHTMLTag": {"code": "0xaec7bf90", "doc": "http://searchengineland.com/google-wont-build-featured-snippets-analytics-search-console-277008", "row": 0, "column": 24, "tagName": "table", "time": 30071.057073, "url": "", "pos": 24, "chunkLen": 66, "isStartTag": 0}}
06-28 16:56:46.835 10408 10421 E WProf.db: {"WprofHTMLTag": {"code": "0xaec7bfc0", "doc": "http://searchengineland.com/google-wont-build-featured-snippets-analytics-search-console-277008", "row": 0, "column": 37, "tagName": "a", "time": 30071.057136, "url": "", "pos": 37, "chunkLen": 66, "isStartTag": 1}}
06-28 16:56:46.835 10408 10421 E WProf.db: {"WprofHTMLTag": {"code": "0xaec7bff0", "doc": "http://searchengineland.com/google-wont-build-featured-snippets-analytics-search-console-277008", "row": 0, "column": 42, "tagName": "a", "time": 30071.057303, "url": "", "pos": 42, "chunkLen": 66, "isStartTag": 0}}
06-28 16:56:46.835 10408 10421 E WProf.db: {"WprofHTMLTag": {"code": "0xaec7c020", "doc": "http://searchengineland.com/google-wont-build-featured-snippets-analytics-search-console-277008", "row": 0, "column": 66, "tagName": "input", "time": 30071.057375, "url": "", "pos": 66, "chunkLen": 66, "isStartTag": 1}}
