--------- beginning of main
06-28 12:26:58.295  3449  3449 E Finsky  : [1] com.google.android.finsky.wear.bl.a(3): onConnectionFailed: ConnectionResult{statusCode=API_UNAVAILABLE, resolution=null, message=null}
--------- beginning of system
06-28 12:26:59.572  8876  8876 E chromium: [ERROR:shell_integration_android.cc(12)] Not implemented reached in static ShellIntegration::DefaultWebClientSetPermission ShellIntegration::CanSetAsDefaultBrowser()
06-28 12:26:59.575  8876  8876 E chromium: [ERROR:browser_process_impl.cc(720)] Not implemented reached in virtual BackgroundModeManager* BrowserProcessImpl::background_mode_manager()
06-28 12:26:59.830  3218  5383 E AudioRecord-JNI: Error -4 during AudioRecord native read
06-28 12:27:02.258  8876  8930 E chromium: [ERROR:gles2_cmd_decoder.cc(3852)] [.ChromiumCompositor-0xacbb2fc0]GL ERROR :GL_INVALID_ENUM : glDiscardFramebufferEXT: attachments was GL_COLOR_EXT
06-28 12:27:02.549  8950  8965 E WPROF   : {"CSS": {"url": "http://searchengineland.com/figz/wp-content/themes/searchengineland/css/searchengineland-bootstrap.css", "requestTime": 13899.604578}}
06-28 12:27:02.549  8950  8965 E WPROF   : {"CSS": {"url": "http://fonts.googleapis.com/css?family=Oswald:300,400,700", "requestTime": 13899.605154}}
06-28 12:27:02.550  8950  8965 E WPROF   : {"CSS": {"url": "http://searchengineland.com/figz/wp-content/themes/searchengineland/style.css", "requestTime": 13899.605711}}
06-28 12:27:02.556  8950  8965 E WPROF   : {"Javascript": {"url": "http://searchengineland.com/figz/wp-content/themes/searchengineland/js/lib/modernizr.custom.js?ver=1.0", "requestTime": 13899.612167}}
06-28 12:27:02.557  8950  8965 E WPROF   : {"Javascript": {"url": "http://searchengineland.com/figz/wp-content/themes/searchengineland/js/lib/jquery-1.11.0.min.js?ver=1.11.0", "requestTime": 13899.613020}}
06-28 12:27:02.558  8950  8965 E WPROF   : {"Javascript": {"url": "http://searchengineland.com/figz/wp-content/themes/searchengineland/js/lib/jquery-ui-1.10.3.custom.min.js?ver=1.10.3", "requestTime": 13899.613451}}
06-28 12:27:02.558  8950  8965 E WPROF   : {"Javascript": {"url": "http://searchengineland.com/figz/wp-content/themes/searchengineland/js/lib/jquery.ba-throttle-debounce.min.js?ver=1.1", "requestTime": 13899.613935}}
06-28 12:27:02.559  8950  8965 E WPROF   : {"Javascript": {"url": "http://searchengineland.com/figz/wp-content/themes/searchengineland/js/lib/jquery.countdown.min.js?ver=2.0.4", "requestTime": 13899.614329}}
06-28 12:27:02.560  8950  8965 E WPROF   : {"Javascript": {"url": "http://static.chartbeat.com/js/chartbeat_mab.js", "requestTime": 13899.615335}}
06-28 12:27:03.162  8950  8965 E WPROF   : {"Javascript": {"url": "http://searchengineland.com/figz/wp-includes/js/wp-emoji-release.min.js?ver=4.7.5", "requestTime": 13900.217522}}
06-28 12:27:03.460  8950  8965 E WPROF   : {"Javascript": {"url": "http://www.googletagservices.com/tag/js/gpt.js", "requestTime": 13900.515771}}
06-28 12:27:03.466  8950  8965 E WPROF   : {"Javascript": {"url": "https://www.google-analytics.com/analytics.js", "requestTime": 13900.521894}}
06-28 12:27:03.479  8950  8965 E WPROF   : {"Javascript": {"url": "http://edge.quantserve.com/quant.js", "requestTime": 13900.534277}}
06-28 12:27:03.482  8950  8965 E WPROF   : {"Javascript": {"url": "https://connect.facebook.net/en_US/fbevents.js", "requestTime": 13900.537982}}
06-28 12:27:03.589  8876  8930 E chromium: [ERROR:gles2_cmd_decoder.cc(3852)] [.ChromiumCompositor-0xacbb2fc0]GL ERROR :GL_INVALID_ENUM : glDiscardFramebufferEXT: attachments was GL_COLOR_EXT
06-28 12:27:03.636  8950  8965 E WPROF   : {"Javascript": {"url": "http://app-sj02.marketo.com/js/forms2/js/forms2.min.js", "requestTime": 13900.691519}}
06-28 12:27:03.762  8876  8930 E chromium: [ERROR:gles2_cmd_decoder.cc(3852)] [.ChromiumCompositor-0xacbb2fc0]GL ERROR :GL_INVALID_ENUM : glDiscardFramebufferEXT: attachments was GL_COLOR_EXT
06-28 12:27:03.892  8950  8965 E WPROF   : {"Javascript": {"url": "http://app-sj02.marketo.com/index.php/form/getForm?munchkinId=727-ZQE-044&form=5691&url=http%3A%2F%2Fsearchengineland.com%2Fgoogle-shutter-trusted-stores-program-favor-new-reviews-program-270583&callback=jQuery1102024014639505185187_1498620423828&_=1498620423829", "requestTime": 13900.947858}}
06-28 12:27:03.909  8950  8965 E WPROF   : {"Javascript": {"url": "http://app-sj02.marketo.com/index.php/form/getForm?munchkinId=727-ZQE-044&form=5685&url=http%3A%2F%2Fsearchengineland.com%2Fgoogle-shutter-trusted-stores-program-favor-new-reviews-program-270583&callback=jQuery1102024014639505185187_1498620423830&_=1498620423831", "requestTime": 13900.964357}}
06-28 12:27:03.967  8950  8965 E WPROF   : {"Javascript": {"url": "https://connect.facebook.net/signals/config/423979991297359?v=2.7.17", "requestTime": 13901.022654}}
06-28 12:27:03.972  8950  8965 E WPROF   : {"Javascript": {"url": "https://securepubads.g.doubleclick.net/gpt/pubads_impl_121.js", "requestTime": 13901.027418}}
06-28 12:27:04.143  8950  8965 E WPROF   : {"Javascript": {"url": "http://app-sj02.marketo.com/index.php/form/getForm?munchkinId=727-ZQE-044&form=5673&url=http%3A%2F%2Fsearchengineland.com%2Fgoogle-shutter-trusted-stores-program-favor-new-reviews-program-270583&callback=jQuery1102024014639505185187_1498620423832&_=1498620423833", "requestTime": 13901.198387}}
06-28 12:27:04.162  8950  8965 E WPROF   : {"Javascript": {"url": "http://searchengineland.com/js/ga_social_tracking.js", "requestTime": 13901.218124}}
06-28 12:27:04.164  8950  8965 E WPROF   : {"Javascript": {"url": "http://s7.addthis.com/js/300/addthis_widget.js#pubid=ra-53e918f660794f37", "requestTime": 13901.219305}}
06-28 12:27:04.226  8876  8930 E chromium: [ERROR:gles2_cmd_decoder.cc(3852)] [.ChromiumCompositor-0xacbb2fc0]GL ERROR :GL_INVALID_ENUM : glDiscardFramebufferEXT: attachments was GL_COLOR_EXT
06-28 12:27:04.611  8950  8965 E WPROF   : {"CSS": {"url": "http://app-sj02.marketo.com/js/forms2/css/forms2.css", "requestTime": 13901.666785}}
06-28 12:27:04.614  8950  8965 E WPROF   : {"CSS": {"url": "http://app-sj02.marketo.com/js/forms2/css/forms2-theme-simple.css", "requestTime": 13901.669826}}
06-28 12:27:04.684  8876  8930 E chromium: [ERROR:gles2_cmd_decoder.cc(3852)] [.ChromiumCompositor-0xacbb2fc0]GL ERROR :GL_INVALID_ENUM : glDiscardFramebufferEXT: attachments was GL_COLOR_EXT
06-28 12:27:05.086   862  1657 E LocSvc_IzatApiV02: E/virtual int izat_core::IzatApiV02::getBatchSize(int32_t):522]: Error : st = 4, ind.status = -1628389555
06-28 12:27:05.087   862  1657 E LocSvc_IzatApiV02: E/virtual int izat_core::IzatApiV02::getBatchSize(int32_t):535]: get batching size failed.Or modem does not support batching 
06-28 12:27:05.099   862  1657 E LocSvc_IzatApiV02: E/virtual int izat_core::IzatApiV02::getBatchSize(int32_t):522]: Error : st = 4, ind.status = -1628389555
06-28 12:27:05.099   862  1657 E LocSvc_IzatApiV02: E/virtual int izat_core::IzatApiV02::getBatchSize(int32_t):535]: get batching size failed.Or modem does not support batching 
06-28 12:27:05.128   862  1657 E LocSvc_IzatApiV02: E/virtual int izat_core::IzatApiV02::getBatchSize(int32_t):522]: Error : st = 4, ind.status = -1628389555
06-28 12:27:05.129   862  1657 E LocSvc_IzatApiV02: E/virtual int izat_core::IzatApiV02::getBatchSize(int32_t):535]: get batching size failed.Or modem does not support batching 
06-28 12:27:05.138   862  1657 E LocSvc_IzatApiV02: E/virtual int izat_core::IzatApiV02::getBatchSize(int32_t):522]: Error : st = 4, ind.status = -1628389555
06-28 12:27:05.138   862  1657 E LocSvc_IzatApiV02: E/virtual int izat_core::IzatApiV02::getBatchSize(int32_t):535]: get batching size failed.Or modem does not support batching 
06-28 12:27:05.243  8950  8965 E WPROF   : {"Javascript": {"url": "https://securepubads.g.doubleclick.net/gampad/ads?gdfp_req=1&correlator=431177765748736&output=json_html&callback=googletag.impl.pubads.callbackProxy1&impl=fifs&json_a=1&eid=108809080%2C108809103&sc=0&sfv=1-0-9&iu_parts=1038259%2Csel-ciu-1%2Csel-ciu-2%2Csel-ciu-3%2Csel-ciu-4%2Csel-ciu-5%2Cch-retail-", "requestTime": 13902.298503}}
06-28 12:27:05.421  8950  8965 E WPROF   : {"Javascript": {"url": "https://static.xx.fbcdn.net/rsrc.php/v3iy6L4/yk/l/ko_KR/be4fIjHRc8P.js", "requestTime": 13902.476556}}
06-28 12:27:05.639  8950  8965 E WPROF   : {"Javascript": {"url": "http://cdn.api.twitter.com/1/users/show.json?screen_name=ginnymarvin&callback=twttr.setFollowersCount", "requestTime": 13902.695135}}
06-28 12:27:06.136  8950  8965 E WPROF   : {"Javascript": {"url": "http://platform.twitter.com/widgets.js", "requestTime": 13903.191326}}
06-28 12:27:06.138  8950  8965 E WPROF   : {"Javascript": {"url": "http://connect.facebook.net/en_US/sdk.js", "requestTime": 13903.193215}}
06-28 12:27:06.139  8950  8965 E WPROF   : {"Javascript": {"url": "https://apis.google.com/js/platform.js", "requestTime": 13903.194752}}
06-28 12:27:06.179  8950  8965 E WPROF   : {"Javascript": {"url": "http://rules.quantcount.com/rules-p-5aGizvD82d9hk.js", "requestTime": 13903.235169}}
06-28 12:27:06.182  8950  8965 E WPROF   : {"Javascript": {"url": "http://munchkin.marketo.net/munchkin.js", "requestTime": 13903.237683}}
06-28 12:27:06.262  8876  8930 E chromium: [ERROR:gles2_cmd_decoder.cc(3852)] [.ChromiumCompositor-0xacbb2fc0]GL ERROR :GL_INVALID_ENUM : glDiscardFramebufferEXT: attachments was GL_COLOR_EXT
06-28 12:27:06.489  8950  8965 E WPROF   : {"Javascript": {"url": "http://d2j3qa5nc37287.cloudfront.net/coupon_code1.js", "requestTime": 13903.544900}}
06-28 12:27:06.493  8950  8965 E WPROF   : {"Javascript": {"url": "http://www.googleadservices.com/pagead/conversion.js", "requestTime": 13903.548449}}
06-28 12:27:06.493  8950  8965 E WPROF   : {"Javascript": {"url": "http://searchengineland.com/figz/wp-content/themes/searchengineland/js/script.js?ver=1.0", "requestTime": 13903.549206}}
06-28 12:27:06.494  8950  8965 E WPROF   : {"Javascript": {"url": "http://searchengineland.com/figz/wp-includes/js/wp-embed.min.js?ver=4.7.5", "requestTime": 13903.549702}}
06-28 12:27:06.494  8950  8965 E WPROF   : {"Javascript": {"url": "http://searchengineland.com/figz/wp-content/themes/searchengineland/js/modules/sharing_controls.js", "requestTime": 13903.550194}}
06-28 12:27:06.512  8876  8930 E chromium: [ERROR:gles2_cmd_decoder.cc(3852)] [.ChromiumCompositor-0xacbb2fc0]GL ERROR :GL_INVALID_ENUM : glDiscardFramebufferEXT: attachments was GL_COLOR_EXT
06-28 12:27:06.518  8950  8965 E WPROF   : {"CSS": {"url": "https://www.youtube.com/yts/cssbin/www-embed-player-sprite-mode-vfl5G4Xm8.css", "requestTime": 13903.573140}}
06-28 12:27:06.528  8950  8965 E WPROF   : {"Javascript": {"url": "https://www.youtube.com/yts/jsbin/www-embed-player-vfl_UY_j8/www-embed-player.js", "requestTime": 13903.583948}}
06-28 12:27:06.529  8950  8965 E WPROF   : {"Javascript": {"url": "https://www.youtube.com/yts/jsbin/player-vflo1w4O-/ko_KR/base.js", "requestTime": 13903.584437}}
06-28 12:27:07.487  8950  8965 E WPROF   : {"Javascript": {"url": "http://m.addthisedge.com/live/boost/ra-53e918f660794f37/_ate.track.config_resp", "requestTime": 13904.542399}}
06-28 12:27:07.542  8950  8965 E WPROF   : {"Javascript": {"url": "http://m.addthis.com/live/red_lojson/300lo.json?si=5953220a3c29ef94&bkl=0&bl=1&pdt=1986&sid=5953220a3c29ef94&pub=ra-53e918f660794f37&rev=v7.15.4-wp&ln=ko&pc=men&cb=0&ab=-&dp=searchengineland.com&fp=google-shutter-trusted-stores-program-favor-new-reviews-program-270583&fr=&of=0&pd=0&irt=0&vcl=0&md=0&", "requestTime": 13904.597602}}
06-28 12:27:07.604  8950  8965 E WPROF   : {"Javascript": {"url": "http://dnn506yrbagrg.cloudfront.net/pages/scripts/0026/4062.js?416283", "requestTime": 13904.660176}}
06-28 12:27:07.805  8876  8930 E chromium: [ERROR:gles2_cmd_decoder.cc(3852)] [.ChromiumCompositor-0xacbb2fc0]GL ERROR :GL_INVALID_ENUM : glDiscardFramebufferEXT: attachments was GL_COLOR_EXT
06-28 12:27:09.178  8950  8965 E WPROF   : {"Javascript": {"url": "https://www.google.com/js/bg/KWBfAnWFESAEEaKKgdYlTHY9ysQaNoQuzeMFqvxDSM8.js", "requestTime": 13906.233298}}
06-28 12:27:09.181  8950  8965 E WPROF   : {"Javascript": {"url": "https://static.doubleclick.net/instream/ad_status.js", "requestTime": 13906.236388}}
06-28 12:27:09.381  8876  8930 E chromium: [ERROR:gles2_cmd_decoder.cc(3852)] [.ChromiumCompositor-0xacbb2fc0]GL ERROR :GL_INVALID_ENUM : glDiscardFramebufferEXT: attachments was GL_COLOR_EXT
06-28 12:27:09.667  8876  8930 E chromium: [ERROR:gles2_cmd_decoder.cc(3852)] [.ChromiumCompositor-0xacbb2fc0]GL ERROR :GL_INVALID_ENUM : glDiscardFramebufferEXT: attachments was GL_COLOR_EXT
06-28 12:27:09.828  8876  8930 E chromium: [ERROR:gles2_cmd_decoder.cc(3852)] [.ChromiumCompositor-0xacbb2fc0]GL ERROR :GL_INVALID_ENUM : glDiscardFramebufferEXT: attachments was GL_COLOR_EXT
06-28 12:27:10.620  8950  8965 E WPROF   : {"Javascript": {"url": "https://tpc.googlesyndication.com/pagead/js/r20170619/r20110914/client/ext/m_window_focus_non_hydra.js", "requestTime": 13907.675828}}
06-28 12:27:10.622  8950  8965 E WPROF   : {"Javascript": {"url": "https://tpc.googlesyndication.com/pagead/js/r20170619/r20110914/activeview/osd_listener.js", "requestTime": 13907.677481}}
06-28 12:27:10.626  8950  8965 E WPROF   : {"Javascript": {"url": "http://pagead2.googlesyndication.com/pagead/osd.js", "requestTime": 13907.681376}}
06-28 12:27:11.003  8950  8965 E WPROF   : {"Javascript": {"url": "https://platform.twitter.com/js/button.b731e6c82269f70f6fc53634e044a4c6.js", "requestTime": 13908.058627}}
06-28 12:27:11.011  8950  8965 E WPROF   : {"Javascript": {"url": "http://munchkin.marketo.net/151/munchkin.js", "requestTime": 13908.066848}}
06-28 12:27:11.218  8950  8965 E WPROF   : {"Javascript": {"url": "http://www.justuno.com/ajax/account_version_check.html?id=828FA275-FF73-401E-AA39-40F5A6FAB6B1", "requestTime": 13908.273402}}
06-28 12:27:11.277  8950  8965 E WPROF   : {"Javascript": {"url": "http://s7.addthis.com/static/layers.4acb6c577b51939661ec.js", "requestTime": 13908.333174}}
06-28 12:27:11.374  8876  8930 E chromium: [ERROR:gles2_cmd_decoder.cc(3852)] [.ChromiumCompositor-0xacbb2fc0]GL ERROR :GL_INVALID_ENUM : glDiscardFramebufferEXT: attachments was GL_COLOR_EXT
06-28 12:27:11.580  8876  8930 E chromium: [ERROR:gles2_cmd_decoder.cc(3852)] [.ChromiumCompositor-0xacbb2fc0]GL ERROR :GL_INVALID_ENUM : glDiscardFramebufferEXT: attachments was GL_COLOR_EXT
06-28 12:27:11.833  8876  8930 E chromium: [ERROR:gles2_cmd_decoder.cc(3852)] [.ChromiumCompositor-0xacbb2fc0]GL ERROR :GL_INVALID_ENUM : glDiscardFramebufferEXT: attachments was GL_COLOR_EXT
06-28 12:27:11.932  8876  8930 E chromium: [ERROR:gles2_cmd_decoder.cc(3852)] [.ChromiumCompositor-0xacbb2fc0]GL ERROR :GL_INVALID_ENUM : glDiscardFramebufferEXT: attachments was GL_COLOR_EXT
06-28 12:27:12.061  8950  8965 E WPROF   : {"Javascript": {"url": "https://app-sj02.marketo.com/js/forms2/js/forms2.min.js", "requestTime": 13909.117094}}
06-28 12:27:12.439  8876  8930 E chromium: [ERROR:gles2_cmd_decoder.cc(3852)] [.ChromiumCompositor-0xacbb2fc0]GL ERROR :GL_INVALID_ENUM : glDiscardFramebufferEXT: attachments was GL_COLOR_EXT
06-28 12:27:14.217  8950  8965 E WPROF   : {"Javascript": {"url": "http://cdn.justuno.com/mwgt_3.6.js", "requestTime": 13911.272751}}
06-28 12:27:14.433  8876  8930 E chromium: [ERROR:gles2_cmd_decoder.cc(3852)] [.ChromiumCompositor-0xacbb2fc0]GL ERROR :GL_INVALID_ENUM : glDiscardFramebufferEXT: attachments was GL_COLOR_EXT
06-28 12:27:14.838  8876  8930 E chromium: [ERROR:gles2_cmd_decoder.cc(3852)] [.ChromiumCompositor-0xacbb2fc0]GL ERROR :GL_INVALID_ENUM : glDiscardFramebufferEXT: attachments was GL_COLOR_EXT
06-28 12:27:15.324  8876  8930 E chromium: [ERROR:gles2_cmd_decoder.cc(3852)] [.ChromiumCompositor-0xacbb2fc0]GL ERROR :GL_INVALID_ENUM : glDiscardFramebufferEXT: attachments was GL_COLOR_EXT
06-28 12:27:15.346  8950  8965 E WProf.db: {"page": "searchengineland.com_google-shutter-trusted-stores-program-favor-new-reviews-program-270583"}
06-28 12:27:15.346  8950  8965 E WProf.db: {"DOMLoad": 13912.401925}
06-28 12:27:15.346  8950  8965 E WProf.db: {"Resource": {"id": 1, "url": "http://searchengineland.com/google-shutter-trusted-stores-program-favor-new-reviews-program-270583", "sentTime": -1.000000, "len": 89375, "from": "0x0", "mimeType": "text/html", "contentLength": -1, "httpStatus": 200, "connId": 19, "connReused": 1, "cached": 0,"requestTime": 13899.238339, "proxyStart": -1, "proxyEnd": -1, "dnsStart": -1, "dnsEnd": -1, "connectStart": 0, "connectEnd": 92, "sendStart": 92, "sendEnd": 92, "receiveHeadersEnd": 249, "sslStart": -1, "sslEnd": -1}}
06-28 12:27:15.346  8950  8965 E WProf.db: {"ReceivedChunk": {"receivedTime": 13899.505095, "len": 12362}}
06-28 12:27:15.346  8950  8965 E WProf.db: {"ReceivedChunk": {"receivedTime": 13899.574053, "len": 32768}}
06-28 12:27:15.346  8950  8965 E WProf.db: {"ReceivedChunk": {"receivedTime": 13899.575425, "len": 29113}}
06-28 12:27:15.347  8950  8965 E WProf.db: {"ReceivedChunk": {"receivedTime": 13899.641664, "len": 15132}}
06-28 12:27:15.347  8950  8965 E WProf.db: {"WprofHTMLTag": {"code": "0xaedd8600", "doc": "http://searchengineland.com/google-shutter-trusted-stores-program-favor-new-reviews-program-270583", "row": 6, "column": 42, "tagName": "html", "time": 13899.581151, "url": "", "pos": 1, "chunkLen": 1, "isStartTag": 1}}
06-28 12:27:15.347  8950  8965 E WProf.db: {"WprofHTMLTag": {"code": "0xaf047730", "doc": "http://searchengineland.com/google-shutter-trusted-stores-program-favor-new-reviews-program-270583", "row": 7, "column": 6, "tagName": "head", "time": 13899.582201, "url": "", "pos": 1, "chunkLen": 1, "isStartTag": 1}}
06-28 12:27:15.347  8950  8965 E WProf.db: {"WprofHTMLTag": {"code": "0xaf047820", "doc": "http://searchengineland.com/google-shutter-trusted-stores-program-favor-new-reviews-program-270583", "row": 8, "column": 54, "tagName": "meta", "time": 13899.582378, "url": "", "pos": 1, "chunkLen": 1, "isStartTag": 1}}
06-28 12:27:15.347  8950  8965 E WProf.db: {"WprofHTMLTag": {"code": "0xaf047850", "doc": "http://searchengineland.com/google-shutter-trusted-stores-program-favor-new-reviews-program-270583", "row": 9, "column": 68, "tagName": "meta", "time": 13899.583117, "url": "", "pos": 1, "chunkLen": 1, "isStartTag": 1}}
06-28 12:27:15.347  8950  8965 E WProf.db: {"WprofHTMLTag": {"code": "0xaf047880", "doc": "http://searchengineland.com/google-shutter-trusted-stores-program-favor-new-reviews-program-270583", "row": 10, "column": 23, "tagName": "meta", "time": 13899.583667, "url": "", "pos": 1, "chunkLen": 1, "isStartTag": 1}}
06-28 12:27:15.347  8950  8965 E WProf.db: {"WprofHTMLTag": {"code": "0xaf0478b0", "doc": "http://searchengineland.com/google-shutter-trusted-stores-program-favor-new-reviews-program-270583", "row": 11, "column": 52, "tagName": "meta", "time": 13899.584293, "url": "", "pos": 1, "chunkLen": 1, "isStartTag": 1}}
06-28 12:27:15.347  8950  8965 E WProf.db: {"WprofHTMLTag": {"code": "0xaf0478e0", "doc": "http://searchengineland.com/google-shutter-trusted-stores-program-favor-new-reviews-program-270583", "row": 14, "column": 56, "tagName": "meta", "time": 13899.584886, "url": "", "pos": 1, "chunkLen": 1, "isStartTag": 1}}
06-28 12:27:15.347  8950  8965 E WProf.db: {"WprofHTMLTag": {"code": "0xaf047910", "doc": "http://searchengineland.com/google-shutter-trusted-stores-program-favor-new-reviews-program-270583", "row": 15, "column": 83, "tagName": "meta", "time": 13899.585405, "url": "", "pos": 1, "chunkLen": 1, "isStartTag": 1}}
06-28 12:27:15.347  8950  8965 E WProf.db: {"WprofHTMLTag": {"code": "0xaf047940", "doc": "http://searchengineland.com/google-shutter-trusted-stores-program-favor-new-reviews-program-270583", "row": 16, "column": 57, "tagName": "meta", "time": 13899.585900, "url": "", "pos": 1, "chunkLen": 1, "isStartTag": 1}}
06-28 12:27:15.347  8950  8965 E WProf.db: {"WprofHTMLTag": {"code": "0xaf0479d0", "doc": "http://searchengineland.com/google-shutter-trusted-stores-program-favor-new-reviews-program-270583", "row": 17, "column": 41, "tagName": "meta", "time": 13899.586434, "url": "", "pos": 1, "chunkLen": 1, "isStartTag": 1}}
06-28 12:27:15.347  8950  8965 E WProf.db: {"WprofHTMLTag": {"code": "0xaf047a00", "doc": "http://searchengineland.com/google-shutter-trusted-stores-program-favor-new-reviews-program-270583", "row": 18, "column": 50, "tagName": "meta", "time": 13899.586980, "url": "", "pos": 1, "chunkLen": 1, "isStartTag": 1}}
06-28 12:27:15.347  8950  8965 E WProf.db: {"WprofHTMLTag": {"code": "0xaf047a30", "doc": "http://searchengineland.com/google-shutter-trusted-stores-program-favor-new-reviews-program-270583", "row": 19, "column": 174, "tagName": "meta", "time": 13899.587501, "url": "", "pos": 1, "chunkLen": 1, "isStartTag": 1}}
06-28 12:27:15.347  8950  8965 E WProf.db: {"WprofHTMLTag": {"code": "0xaf0479a0", "doc": "http://searchengineland.com/google-shutter-trusted-stores-program-favor-new-reviews-program-270583", "row": 20, "column": 47, "tagName": "meta", "time": 13899.588143, "url": "", "pos": 1, "chunkLen": 1, "isStartTag": 1}}
06-28 12:27:15.348  8950  8965 E WProf.db: {"WprofHTMLTag": {"code": "0xaf047970", "doc": "http://searchengineland.com/google-shutter-trusted-stores-program-favor-new-reviews-program-270583", "row": 21, "column": 67, "tagName": "meta", "time": 13899.588650, "url": "", "pos": 1, "chunkLen": 1, "isStartTag": 1}}
06-28 12:27:15.348  8950  8965 E WProf.db: {"WprofHTMLTag": {"code": "0xaf047a60", "doc": "http://searchengineland.com/google-shutter-trusted-stores-program-favor-new-reviews-program-270583", "row": 22, "column": 57, "tagName": "meta", "time": 13899.589166, "url": "", "pos": 1, "chunkLen": 1, "isStartTag": 1}}
06-28 12:27:15.348  8950  8965 E WProf.db: {"WprofHTMLTag": {"code": "0xaf047a90", "doc": "http://searchengineland.com/google-shutter-trusted-stores-program-favor-new-reviews-program-270583", "row": 23, "column": 65, "tagName": "meta", "time": 13899.589669, "url": "", "pos": 1, "chunkLen": 1, "isStartTag": 1}}
06-28 12:27:15.348  8950  8965 E WProf.db: {"WprofHTMLTag": {"code": "0xaf047ac0", "doc": "http://searchengineland.com/google-shutter-trusted-stores-program-favor-new-reviews-program-270583", "row": 24, "column": 55, "tagName": "meta", "time": 13899.590341, "url": "", "pos": 1, "chunkLen": 1, "isStartTag": 1}}
06-28 12:27:15.348  8950  8965 E WProf.db: {"WprofHTMLTag": {"code": "0xaf047af0", "doc": "http://searchengineland.com/google-shutter-trusted-stores-program-favor-new-reviews-program-270583", "row": 25, "column": 71, "tagName": "meta", "time": 13899.590848, "url": "", "pos": 1, "chunkLen": 1, "isStartTag": 1}}
06-28 12:27:15.348  8950  8965 E WProf.db: {"WprofHTMLTag": {"code": "0xaf047b20", "doc": "http://searchengineland.com/google-shutter-trusted-stores-program-favor-new-reviews-program-270583", "row": 26, "column": 86, "tagName": "meta", "time": 13899.591353, "url": "", "pos": 1, "chunkLen": 1, "isStartTag": 1}}
06-28 12:27:15.348  8950  8965 E WProf.db: {"WprofHTMLTag": {"code": "0xaf047b50", "doc": "http://searchengineland.com/google-shutter-trusted-stores-program-favor-new-reviews-program-270583", "row": 27, "column": 54, "tagName": "meta", "time": 13899.591909, "url": "", "pos": 1, "chunkLen": 1, "isStartTag": 1}}
06-28 12:27:15.348  8950  8965 E WProf.db: {"WprofHTMLTag": {"code": "0xaf047b80", "doc": "http://searchengineland.com/google-shutter-trusted-stores-program-favor-new-reviews-program-270583", "row": 29, "column": 39, "tagName": "meta", "time": 13899.592417, "url": "", "pos": 1, "chunkLen": 1, "isStartTag": 1}}
06-28 12:27:15.348  8950  8965 E WProf.db: {"WprofHTMLTag": {"code": "0xaf047bb0", "doc": "http://searchengineland.com/google-shutter-trusted-stores-program-favor-new-reviews-program-270583", "row": 30, "column": 103, "tagName": "meta", "time": 13899.592915, "url": "", "pos": 1, "chunkLen": 1, "isStartTag": 1}}
06-28 12:27:15.348  8950  8965 E WProf.db: {"WprofHTMLTag": {"code": "0xaf047be0", "doc": "http://searchengineland.com/google-shutter-trusted-stores-program-favor-new-reviews-program-270583", "row": 31, "column": 55, "tagName": "meta", "time": 13899.593406, "url": "", "pos": 1, "chunkLen": 1, "isStartTag": 1}}
06-28 12:27:15.348  8950  8965 E WProf.db: {"WprofHTMLTag": {"code": "0xaf047c10", "doc": "http://searchengineland.com/google-shutter-trusted-stores-program-favor-new-reviews-program-270583", "row": 32, "column": 54, "tagName": "meta", "time": 13899.594454, "url": "", "pos": 1, "chunkLen": 1, "isStartTag": 1}}
06-28 12:27:15.348  8950  8965 E WProf.db: {"WprofHTMLTag": {"code": "0xaf047c40", "doc": "http://searchengineland.com/google-shutter-trusted-stores-program-favor-new-reviews-program-270583", "row": 33, "column": 138, "tagName": "meta", "time": 13899.594993, "url": "", "pos": 1, "chunkLen": 1, "isStartTag": 1}}
06-28 12:27:15.348  8950  8965 E WProf.db: {"WprofHTMLTag": {"code": "0xaf047c70", "doc": "http://searchengineland.com/google-shutter-trusted-stores-program-favor-new-reviews-program-270583", "row": 37, "column": 36, "tagName": "script", "time": 13899.595842, "url": "", "pos": 1, "chunkLen": 1, "isStartTag": 1}}
06-28 12:27:15.348  8950  8965 E WProf.db: {"WprofHTMLTag": {"code": "0xaf047ca0", "doc": "http://searchengineland.com/google-shutter-trusted-stores-program-favor-new-reviews-program-270583", "row": 53, "column": 10, "tagName": "script", "time": 13899.596960, "url": "", "pos": 1, "chunkLen": 1, "isStartTag": 0}}
06-28 12:27:15.349  8950  8965 E WProf.db: {"WprofHTMLTag": {"code": "0xaf047cd0", "doc": "http://searchengineland.com/google-shutter-trusted-stores-program-favor-new-reviews-program-270583", "row": 55, "column": 86, "tagName": "link", "time": 13899.599062, "url": "http://searchengineland.com/apple-touch-icon.png", "pos": 1, "chunkLen": 1, "isStartTag": 1}}
06-28 12:27:15.349  8950  8965 E WProf.db: {"WprofHTMLTag": {"code": "0xaf047d00", "doc": "http://searchengineland.com/google-shutter-trusted-stores-program-favor-new-reviews-program-270583", "row": 56, "column": 76, "tagName": "link", "time": 13899.603405, "url": "http://searchengineland.com/favicon.ico", "pos": 1, "chunkLen": 1, "isStartTag": 1}}
06-28 12:27:15.349  8950  8965 E WProf.db: {"WprofHTMLTag": {"code": "0xaf047d30", "doc": "http://searchengineland.com/google-shutter-trusted-stores-program-favor-new-reviews-program-270583", "row": 57, "column": 158, "tagName": "link", "time": 13899.603622, "url": "http://feeds.searchengineland.com/searchengineland", "pos": 1, "chunkLen": 1, "isStartTag": 1}}
06-28 12:27:15.349  8950  8965 E WProf.db: {"WprofHTMLTag": {"code": "0xaf047d60", "doc": "http://searchengineland.com/google-shutter-trusted-stores-program-favor-new-reviews-program-270583", "row": 58, "column": 149, "tagName": "link", "time": 13899.604034, "url": "http://feeds.searchengineland.com/searchcap", "pos": 1, "chunkLen": 1, "isStartTag": 1}}
06-28 12:27:15.349  8950  8965 E WProf.db: {"WprofHTMLTag": {"code": "0xaf047d90", "doc": "http://searchengineland.com/google-shutter-trusted-stores-program-favor-new-reviews-program-270583", "row": 59, "column": 150, "tagName": "link", "time": 13899.604300, "url": "http://searchengineland.com/figz/wp-content/themes/searchengineland/css/searchengineland-bootstrap.css", "pos": 1, "chunkLen": 1, "isStartTag": 1}}
06-28 12:27:15.349  8950  8965 E WProf.db: {"WprofHTMLTag": {"code": "0xaf047df0", "doc": "http://searchengineland.com/google-shutter-trusted-stores-program-favor-new-reviews-program-270583", "row": 60, "column": 105, "tagName": "link", "time": 13899.604895, "url": "http://fonts.googleapis.com/css?family=Oswald:300,400,700", "pos": 1, "chunkLen": 1, "isStartTag": 1}}
06-28 12:27:15.349  8950  8965 E WProf.db: {"WprofHTMLTag": {"code": "0xaf047e50", "doc": "http://searchengineland.com/google-shutter-trusted-stores-program-favor-new-reviews-program-270583", "row": 61, "column": 125, "tagName": "link", "time": 13899.605434, "url": "http://searchengineland.com/figz/wp-content/themes/searchengineland/style.css", "pos": 1, "chunkLen": 1, "isStartTag": 1}}
06-28 12:27:15.349  8950  8965 E WProf.db: {"WprofHTMLTag": {"code": "0xaf047eb0", "doc": "http://searchengineland.com/google-shutter-trusted-stores-program-favor-new-reviews-program-270583", "row": 65, "column": 7, "tagName": "title", "time": 13899.606063, "url": "", "pos": 1, "chunkLen": 1, "isStartTag": 1}}
06-28 12:27:15.349  8950  8965 E WProf.db: {"WprofHTMLTag": {"code": "0xaf047ee0", "doc": "http://searchengineland.com/google-shutter-trusted-stores-program-favor-new-reviews-program-270583", "row": 65, "column": 87, "tagName": "title", "time": 13899.606305, "url": "", "pos": 1, "chunkLen": 1, "isStartTag": 0}}
06-28 12:27:15.349  8950  8965 E WProf.db: {"WprofHTMLTag": {"code": "0xaf047f10", "doc": "http://searchengineland.com/google-shutter-trusted-stores-program-favor-new-reviews-program-270583", "row": 66, "column": 100, "tagName": "meta", "time": 13899.606328, "url": "", "pos": 1, "chunkLen": 1, "isStartTag": 1}}
06-28 12:27:15.349  8950  8965 E WProf.db: {"WprofHTMLTag": {"code": "0xaf047f40", "doc": "http://searchengineland.com/google-shutter-trusted-stores-program-favor-new-reviews-program-270583", "row": 67, "column": 40, "tagName": "meta", "time": 13899.606453, "url": "", "pos": 1, "chunkLen": 1, "isStartTag": 1}}
06-28 12:27:15.349  8950  8965 E WProf.db: {"WprofHTMLTag": {"code": "0xaf047f70", "doc": "http://searchengineland.com/google-shutter-trusted-stores-program-favor-new-reviews-program-270583", "row": 68, "column": 140, "tagName": "meta", "time": 13899.606582, "url": "", "pos": 1, "chunkLen": 1, "isStartTag": 1}}
06-28 12:27:15.349  8950  8965 E WProf.db: {"WprofHTMLTag": {"code": "0xaf047fa0", "doc": "http://searchengineland.com/google-shutter-trusted-stores-program-favor-new-reviews-program-270583", "row": 69, "column": 37, "tagName": "meta", "time": 13899.606704, "url": "", "pos": 1, "chunkLen": 1, "isStartTag": 1}}
06-28 12:27:15.350  8950  8965 E WProf.db: {"WprofHTMLTag": {"code": "0xaf047fd0", "doc": "http://searchengineland.com/google-shutter-trusted-stores-program-favor-new-reviews-program-270583", "row": 70, "column": 130, "tagName": "link", "time": 13899.606823, "url": "http://searchengineland.com/google-shutter-trusted-stores-program-favor-new-reviews-program-270583", "pos": 1, "chunkLen": 1, "isStartTag": 1}}
06-28 12:27:15.350  8950  8965 E WProf.db: {"WprofHTMLTag": {"code": "0xb4cc74b0", "doc": "http://searchengineland.com/google-shutter-trusted-stores-program-favor-new-reviews-program-270583", "row": 71, "column": 76, "tagName": "link", "time": 13899.607025, "url": "https://plus.google.com/103218677032751327334", "pos": 1, "chunkLen": 1, "isStartTag": 1}}
06-28 12:27:15.350  8950  8965 E WProf.db: {"WprofHTMLTag": {"code": "0xb4cc7540", "doc": "http://searchengineland.com/google-shutter-trusted-stores-program-favor-new-reviews-program-270583", "row": 72, "column": 45, "tagName": "meta", "time": 13899.607375, "url": "", "pos": 1, "chunkLen": 1, "isStartTag": 1}}
06-28 12:27:15.350  8950  8965 E WProf.db: {"WprofHTMLTag": {"code": "0xb4cc78a0", "doc": "http://searchengineland.com/google-shutter-trusted-stores-program-favor-new-reviews-program-270583", "row": 73, "column": 45, "tagName": "meta", "time": 13899.607525, "url": "", "pos": 1, "chunkLen": 1, "isStartTag": 1}}
06-28 12:27:15.350  8950  8965 E WProf.db: {"WprofHTMLTag": {"code": "0xb4cc78d0", "doc": "http://searchengineland.com/google-shutter-trusted-stores-program-favor-new-reviews-program-270583", "row": 74, "column": 111, "tagName": "meta", "time": 13899.607659, "url": "", "pos": 1, "chunkLen": 1, "isStartTag": 1}}
06-28 12:27:15.350  8950  8965 E WProf.db: {"WprofHTMLTag": {"code": "0xb4cc7900", "doc": "http://searchengineland.com/google-shutter-trusted-stores-program-favor-new-reviews-program-270583", "row": 75, "column": 108, "tagName": "meta", "time": 13899.607804, "url": "", "pos": 1, "chunkLen": 1, "isStartTag": 1}}
06-28 12:27:15.350  8950  8965 E WProf.db: {"WprofHTMLTag": {"code": "0xb4cc7930", "doc": "http://searchengineland.com/google-shutter-trusted-stores-program-favor-new-reviews-program-270583", "row": 76, "column": 135, "tagName": "meta", "time": 13899.608316, "url": "", "pos": 1, "chunkLen": 1, "isStartTag": 1}}
06-28 12:27:15.350  8950  8965 E WProf.db: {"WprofHTMLTag": {"code": "0xb4cc7960", "doc": "http://searchengineland.com/google-shutter-trusted-stores-program-favor-new-reviews-program-270583", "row": 77, "column": 61, "tagName": "meta", "time": 13899.608519, "url": "", "pos": 1, "chunkLen": 1, "isStartTag": 1}}
06-28 12:27:15.350  8950  8965 E WProf.db: {"WprofHTMLTag": {"code": "0xb4cc7990", "doc": "http://searchengineland.com/google-shutter-trusted-stores-program-favor-new-reviews-program-270583", "row": 78, "column": 89, "tagName": "meta", "time": 13899.608707, "url": "", "pos": 1, "chunkLen": 1, "isStartTag": 1}}
06-28 12:27:15.350  8950  8965 E WProf.db: {"WprofHTMLTag": {"code": "0xb4cc79c0", "doc": "http://searchengineland.com/google-shutter-trusted-stores-program-favor-new-reviews-program-270583", "row": 79, "column": 82, "tagName": "meta", "time": 13899.608876, "url": "", "pos": 1, "chunkLen": 1, "isStartTag": 1}}
06-28 12:27:15.350  8950  8965 E WProf.db: {"WprofHTMLTag": {"code": "0xb4cc79f0", "doc": "http://searchengineland.com/google-shutter-trusted-stores-program-favor-new-reviews-program-270583", "row": 80, "column": 61, "tagName": "meta", "time": 13899.609065, "url": "", "pos": 1, "chunkLen": 1, "isStartTag": 1}}
06-28 12:27:15.350  8950  8965 E WProf.db: {"WprofHTMLTag": {"code": "0xb4cc7a20", "doc": "http://searchengineland.com/google-shutter-trusted-stores-program-favor-new-reviews-program-270583", "row": 81, "column": 78, "tagName": "meta", "time": 13899.609450, "url": "", "pos": 1, "chunkLen": 1, "isStartTag": 1}}
06-28 12:27:15.350  8950  8965 E WProf.db: {"WprofHTMLTag": {"code": "0xb4cc7a50", "doc": "http://searchengineland.com/google-shutter-trusted-stores-program-favor-new-reviews-program-270583", "row": 82, "column": 77, "tagName": "meta", "time": 13899.609607, "url": "", "pos": 1, "chunkLen": 1, "isStartTag": 1}}
06-28 12:27:15.350  8950  8965 E WProf.db: {"WprofHTMLTag": {"code": "0xb4cc7a80", "doc": "http://searchengineland.com/google-shutter-trusted-stores-program-favor-new-reviews-program-270583", "row": 83, "column": 71, "tagName": "meta", "time": 13899.609749, "url": "", "pos": 1, "chunkLen": 1, "isStartTag": 1}}
06-28 12:27:15.351  8950  8965 E WProf.db: {"WprofHTMLTag": {"code": "0xb4cc7ab0", "doc": "http://searchengineland.com/google-shutter-trusted-stores-program-favor-new-reviews-program-270583", "row": 84, "column": 132, "tagName": "meta", "time": 13899.609897, "url": "", "pos": 1, "chunkLen": 1, "isStartTag": 1}}
06-28 12:27:15.351  8950  8965 E WProf.db: {"WprofHTMLTag": {"code": "0xb4cc7ae0", "doc": "http://searchengineland.com/google-shutter-trusted-stores-program-favor-new-reviews-program-270583", "row": 85, "column": 49, "tagName": "meta", "time": 13899.610171, "url": "", "pos": 1, "chunkLen": 1, "isStartTag": 1}}
06-28 12:27:15.351  8950  8965 E WProf.db: {"WprofHTMLTag": {"code": "0xb4cc7b10", "doc": "http://searchengineland.com/google-shutter-trusted-stores-program-favor-new-reviews-program-270583", "row": 86, "column": 50, "tagName": "meta", "time": 13899.610310, "url": "", "pos": 1, "chunkLen": 1, "isStartTag": 1}}
06-28 12:27:15.351  8950  8965 E WProf.db: {"WprofHTMLTag": {"code": "0xb4cc7b40", "doc": "http://searchengineland.com/google-shutter-trusted-stores-program-favor-new-reviews-program-270583", "row": 87, "column": 58, "tagName": "meta", "time": 13899.610435, "url": "", "pos": 1, "chunkLen": 1, "isStartTag": 1}}
06-28 12:27:15.351  8950  8965 E WProf.db: {"WprofHTMLTag": {"code": "0xb4cc7b70", "doc": "http://searchengineland.com/google-shutter-trusted-stores-program-favor-new-reviews-program-270583", "row": 88, "column": 109, "tagName": "meta", "time": 13899.610560, "url": "", "pos": 1, "chunkLen": 1, "isStartTag": 1}}
06-28 12:27:15.351  8950  8965 E WProf.db: {"WprofHTMLTag": {"code": "0xb4cc7ba0", "doc": "http://searchengineland.com/google-shutter-trusted-stores-program-favor-new-reviews-program-270583", "row": 89, "column": 112, "tagName": "meta", "time": 13899.610674, "url": "", "pos": 1, "chunkLen": 1, "isStartTag": 1}}
06-28 12:27:15.351  8950  8965 E WProf.db: {"WprofHTMLTag": {"code": "0xb4cc7bd0", "doc": "http://searchengineland.com/google-shutter-trusted-stores-program-favor-new-reviews-program-270583", "row": 90, "column": 51, "tagName": "meta", "time": 13899.610875, "url": "", "pos": 1, "chunkLen": 1, "isStartTag": 1}}
06-28 12:27:15.351  8950  8965 E WProf.db: {"WprofHTMLTag": {"code": "0xb4cc7c00", "doc": "http://searchengineland.com/google-shutter-trusted-stores-program-favor-new-reviews-program-270583", "row": 91, "column": 133, "tagName": "meta", "time": 13899.610980, "url": "", "pos": 1, "chunkLen": 1, "isStartTag": 1}}
06-28 12:27:15.351  8950  8965 E WProf.db: {"WprofHTMLTag": {"code": "0xb4cc7c30", "doc": "http://searchengineland.com/google-shutter-trusted-stores-program-favor-new-reviews-program-270583", "row": 92, "column": 54, "tagName": "meta", "time": 13899.611095, "url": "", "pos": 1, "chunkLen": 1, "isStartTag": 1}}
06-28 12:27:15.351  8950  8965 E WProf.db: {"WprofHTMLTag": {"code": "0xb4cc7c60", "doc": "http://searchengineland.com/google-shutter-trusted-stores-program-favor-new-reviews-program-270583", "row": 95, "column": 44, "tagName": "link", "time": 13899.611211, "url": "http://s.w.org/", "pos": 1, "chunkLen": 1, "isStartTag": 1}}
06-28 12:27:15.351  8950  8965 E WProf.db: {"WprofHTMLTag": {"code": "0xb4cc7c90", "doc": "http://searchengineland.com/google-shutter-trusted-stores-program-favor-new-reviews-program-270583", "row": 96, "column": 33, "tagName": "script", "time": 13899.611442, "url": "", "pos": 1, "chunkLen": 1, "isStartTag": 1}}
06-28 12:27:15.351  8950  8965 E WProf.db: {"WprofHTMLTag": {"code": "0xb4cc7cc0", "doc": "http://searchengineland.com/google-shutter-trusted-stores-program-favor-new-reviews-program-270583", "row": 99, "column": 11, "tagName": "script", "time": 13899.611646, "url": "http://searchengineland.com/figz/wp-includes/js/wp-emoji-release.min.js?ver=4.7.5", "pos": 1, "chunkLen": 1, "isStartTag": 0}}
06-28 12:27:15.351  8950  8965 E WProf.db: {"WprofHTMLTag": {"code": "0x9cd85a20", "doc": "http://searchengineland.com/google-shutter-trusted-stores-program-favor-new-reviews-program-270583", "row": 100, "column": 25, "tagName": "style", "time": 13900.218445, "url": "", "pos": 1, "chunkLen": 1, "isStartTag": 1}}
06-28 12:27:15.351  8950  8965 E WProf.db: {"WprofHTMLTag": {"code": "0x9cd85a50", "doc": "http://searchengineland.com/google-shutter-trusted-stores-program-favor-new-reviews-program-270583", "row": 113, "column": 8, "tagName": "style", "time": 13900.218700, "url": "", "pos": 1, "chunkLen": 1, "isStartTag": 0}}
06-28 12:27:15.352  8950  8965 E WProf.db: {"WprofHTMLTag": {"code": "0x9cd85a80", "doc": "http://searchengineland.com/google-shutter-trusted-stores-program-favor-new-reviews-program-270583", "row": 114, "column": 140, "tagName": "script", "time": 13900.220302, "url": "http://searchengineland.com/figz/wp-content/themes/searchengineland/js/lib/modernizr.custom.js?ver=1.0", "pos": 1, "chunkLen": 1, "isStartTag": 1}}
06-28 12:27:15.352  8950  8965 E WProf.db: {"WprofHTMLTag": {"code": "0x9cd85ab0", "doc": "http://searchengineland.com/google-shutter-trusted-stores-program-favor-new-reviews-program-270583", "row": 114, "column": 149, "tagName": "script", "time": 13900.220532, "url": "", "pos": 1, "chunkLen": 1, "isStartTag": 0}}
06-28 12:27:15.352  8950  8965 E WProf.db: {"WprofHTMLTag": {"code": "0x9cd85b40", "doc": "http://searchengineland.com/google-shutter-trusted-stores-program-favor-new-reviews-program-270583", "row": 115, "column": 144, "tagName": "script", "time": 13900.227721, "url": "http://searchengineland.com/figz/wp-content/themes/searchengineland/js/lib/jquery-1.11.0.min.js?ver=1.11.0", "pos": 1, "chunkLen": 1, "isStartTag": 1}}
06-28 12:27:15.352  8950  8965 E WProf.db: {"WprofHTMLTag": {"code": "0x9cd85b70", "doc": "http://searchengineland.com/google-shutter-trusted-stores-program-favor-new-reviews-program-270583", "row": 115, "column": 153, "tagName": "script", "time": 13900.227965, "url": "", "pos": 1, "chunkLen": 1, "isStartTag": 0}}
06-28 12:27:15.352  8950  8965 E WProf.db: {"WprofHTMLTag": {"code": "0xaedd8b70", "doc": "http://searchengineland.com/google-shutter-trusted-stores-program-favor-new-reviews-program-270583", "row": 0, "column": 15, "tagName": "div", "time": 13900.290317, "url": "", "pos": 15, "chunkLen": 44, "isStartTag": 1}}
06-28 12:27:15.352  8950  8965 E WProf.db: {"WprofHTMLTag": {"code": "0xaedd88a0", "doc": "http://searchengineland.com/google-shutter-trusted-stores-program-favor-new-reviews-program-270583", "row": 0, "column": 21, "tagName": "div", "time": 13900.290459, "url": "", "pos": 21, "chunkLen": 44, "isStartTag": 0}}
06-28 12:27:15.352  8950  8965 E WProf.db: {"WprofHTMLTag": {"code": "0xaedd8ae0", "doc": "http://searchengineland.com/google-shutter-trusted-stores-program-favor-new-reviews-program-270583", "row": 0, "column": 38, "tagName": "div", "time": 13900.290520, "url": "", "pos": 38, "chunkLen": 44, "isStartTag": 1}}
06-28 12:27:15.352  8950  8965 E WProf.db: {"WprofHTMLTag": {"code": "0xaedd8810", "doc": "http://searchengineland.com/google-shutter-trusted-stores-program-favor-new-reviews-program-270583", "row": 0, "column": 44, "tagName": "div", "time": 13900.290641, "url": "", "pos": 44, "chunkLen": 44, "isStartTag": 0}}
06-28 12:27:15.352  8950  8965 E WProf.db: {"WprofHTMLTag": {"code": "0x9cd85ba0", "doc": "http://searchengineland.com/google-shutter-trusted-stores-program-favor-new-reviews-program-270583", "row": 0, "column": 13, "tagName": "select", "time": 13900.292376, "url": "", "pos": 13, "chunkLen": 51, "isStartTag": 1}}
06-28 12:27:15.352  8950  8965 E WProf.db: {"WprofHTMLTag": {"code": "0x9cd85bd0", "doc": "http://searchengineland.com/google-shutter-trusted-stores-program-favor-new-reviews-program-270583", "row": 0, "column": 33, "tagName": "option", "time": 13900.292578, "url": "", "pos": 33, "chunkLen": 51, "isStartTag": 1}}
06-28 12:27:15.352  8950  8965 E WProf.db: {"WprofHTMLTag": {"code": "0x9cd85c00", "doc": "http://searchengineland.com/google-shutter-trusted-stores-program-favor-new-reviews-program-270583", "row": 0, "column": 42, "tagName": "option", "time": 13900.292817, "url": "", "pos": 42, "chunkLen": 51, "isStartTag": 0}}
06-28 12:27:15.352  8950  8965 E WProf.db: {"WprofHTMLTag": {"code": "0x9cd85c30", "doc": "http://searchengineland.com/google-shutter-trusted-stores-program-favor-new-reviews-program-270583", "row": 0, "column": 51, "tagName": "select", "time": 13900.292875, "url": "", "pos": 51, "chunkLen": 51, "isStartTag": 0}}
06-28 12:27:15.352  8950  8965 E WProf.db: {"WprofHTMLTag": {"code": "0x9cd85c60", "doc": "http://searchengineland.com/google-shutter-trusted-stores-program-favor-new-reviews-program-270583", "row": 0, "column": 12, "tagName": "a", "time": 13900.297868, "url": "", "pos": 12, "chunkLen": 16, "isStartTag": 1}}
06-28 12:27:15.352  8950  8965 E WProf.db: {"WprofHTMLTag": {"code": "0x9cd85c90", "doc": "http://searchengineland.com/google-shutter-trusted-stores-program-favor-new-reviews-program-270583", "row": 0, "column": 16, "tagName": "a", "time": 13900.298054, "url": "", "pos": 16, "chunkLen": 16, "isStartTag": 0}}
06-28 12:27:15.353  8950  8965 E WProf.db: {"WprofHTMLTag": {"code": "0x9cd85cc0", "doc": "http://searchengineland.com/google-shutter-trusted-stores-program-favor-new-reviews-program-270583", "row": 0, "column": 8, "tagName": "input", "time": 13900.299382, "url": "", "pos": 8, "chunkLen": 8, "isStartTag": 1}}
06-28 12:27:15.353  8950  8965 E WProf.db: {"WprofHTMLTag": {"code": "0x9cd85cf0", "doc": "http://searchengineland.com/google-shutter-trusted-stores-program-favor-new-reviews-program-270583", "row": 0, "column": 9, "tagName": "link", "time": 13900.309173, "url": "", "pos": 9, "chunkLen": 42, "isStartTag": 1}}
06-28 12:27:15.353  8950  8965 E WProf.db: {"WprofHTMLTag": {"code": "0x9cd85d20", "doc": "http://searchengineland.com/google-shutter-trusted-stores-program-favor-new-reviews-program-270583", "row": 0, "column": 16, "tagName": "table", "time": 13900.309292, "url": "", "pos": 16, "chunkLen": 42, "isStartTag": 1}}
06-28 12:27:15.353  8950  8965 E WProf.db: {"WprofHTMLTag": {"code": "0x9cd85d50", "doc": "http://searchengineland.com/google-shutter-trusted-stores-program-favor-new-reviews-program-270583", "row": 0, "column": 24, "tagName": "table", "time": 13900.309511, "url": "", "pos": 24, "chunkLen": 42, "isStartTag": 0}}
06-28 12:27:15.353  8950  8965 E WProf.db: {"WprofHTMLTag": {"code": "0x9cd85d80", "doc": "http://searchengineland.com/google-shutter-trusted-stores-program-favor-new-reviews-program-270583", "row": 0, "column": 37, "tagName": "a", "time": 13900.309577, "url": "", "pos": 37, "chunkLen": 42, "isStartTag": 1}}
06-28 12:27:15.353  8950  8965 E WProf.db: {"WprofHTMLTag": {"code": "0x9cd85db0", "doc": "http://searchengineland.com/google-shutter-trusted-stores-program-favor-new-reviews-program-270583", "row": 0, "column": 42, "tagName": "a", "time": 13900.309761, "url": "", "pos": 42, "chunkLen": 42, "isStartTag": 0}}
06-28 12:27:15.353  8950  8965 E WProf.db: {"WprofHTMLTag": {"code": "0x9cd85e40", "doc": "http://searchengineland.com/google-shutter-trusted-stores-program-favor-new-reviews-program-270583", "row": 0, "column": 10, "tagName": "textarea", "time": 13900.311300, "url": "", "pos": 10, "chunkLen": 22, "isStartTag": 1}}
06-28 12:27:15.353  8950  8965 E WProf.db: {"WprofHTMLTag": {"code": "0x9cd85e70", "doc": "http://searchengineland.com/google-shutter-trusted-stores-program-favor-new-reviews-program-270583", "row": 0, "column": 22, "tagName": "textarea", "time": 13900.311505, "url": "", "pos": 22, "chunkLen": 22, "isStartTag": 0}}
06-28 12:27:15.353  8950  8965 E WProf.db: {"WprofHTMLTag": {"code": "0x9cd85ea0", "doc": "http://searchengineland.com/google-shutter-trusted-stores-program-favor-new-reviews-program-270583", "row": 0, "column": 48, "tagName": "input", "time": 13900.312813, "url": "", "pos": 48, "chunkLen": 48, "isStartTag": 1}}
06-28 12:27:15.353  8950  8965 E WProf.db: {"WprofHTMLTag": {"code": "0x9cd85f00", "doc": "http://searchengineland.com/google-shutter-trusted-stores-program-favor-new-reviews-program-270583", "row": 0, "column": 9, "tagName": "link", "time": 13900.317703, "url": "", "pos": 9, "chunkLen": 66, "isStartTag": 1}}
06-28 12:27:15.353  8950  8965 E WProf.db: {"WprofHTMLTag": {"code": "0x9cd85f30", "doc": "http://searchengineland.com/google-shutter-trusted-stores-program-favor-new-reviews-program-270583", "row": 0, "column": 16, "tagName": "table", "time": 13900.317825, "url": "", "pos": 16, "chunkLen": 66, "isStartTag": 1}}
06-28 12:27:15.353  8950  8965 E WProf.db: {"WprofHTMLTag": {"code": "0x9cd85f60", "doc": "http://searchengineland.com/google-shutter-trusted-stores-program-favor-new-reviews-program-270583", "row": 0, "column": 24, "tagName": "table", "time": 13900.317897, "url": "", "pos": 24, "chunkLen": 66, "isStartTag": 0}}
06-28 12:27:15.353  8950  8965 E WProf.db: {"WprofHTMLTag": {"code": "0x9cd85f90", "doc": "http://searchengineland.com/google-shutter-trusted-stores-program-favor-new-reviews-program-270583", "row": 0, "column": 37, "tagName": "a", "time": 13900.317970, "url": "", "pos": 37, "chunkLen": 66, "isStartTag": 1}}
06-28 12:27:15.353  8950  8965 E WProf.db: {"WprofHTMLTag": {"code": "0x9cd85fc0", "doc": "http://searchengineland.com/google-shutter-trusted-stores-program-favor-new-reviews-program-270583", "row": 0, "column": 42, "tagName": "a", "time": 13900.318137, "url": "", "pos": 42, "chunkLen": 66, "isStartTag": 0}}
06-28 12:27:15.354  8950  8965 E WProf.db: {"WprofHTMLTag": {"code": "0x9cd85ff0", "doc": "http://searchengineland.com/google-shutter-trusted-stores-program-favor-new-reviews-program-270583", "row": 0, "column": 66, "tagName": "input", "time": 13900.318204, "url": "", "pos": 66, "chunkLen": 66, "isStartTag": 1}}
06-28 12:27:15.354  8950  8965 E WProf.db: {"WprofHTMLTag": {"code": "0x9cd86080", "doc": "http://searchengineland.com/google-shutter-trusted-stores-program-favor-new-reviews-program-270583", "row": 0, "column": 9, "tagName": "link", "time": 13900.319878, "url": "", "pos": 9, "chunkLen": 66, "isStartTag": 1}}
06-28 12:27:15.354  8950  8965 E WProf.db: {"WprofHTMLTag": {"code": "0x9cd860b0", "doc": "http://searchengineland.com/google-shutter-trusted-stores-program-favor-new-reviews-program-270583", "row": 0, "column": 16, "tagName": "table", "time": 13900.319982, "url": "", "pos": 16, "chunkLen": 66, "isStartTag": 1}}
06-28 12:27:15.354  8950  8965 E WProf.db: {"WprofHTMLTag": {"code": "0x9cd860e0", "doc": "http://searchengineland.com/google-shutter-trusted-stores-program-favor-new-reviews-program-270583", "row": 0, "column": 24, "tagName": "table", "time": 13900.320101, "url": "", "pos": 24, "chunkLen": 66, "isStartTag": 0}}
06-28 12:27:15.354  8950  8965 E WProf.db: {"WprofHTMLTag": {"code": "0x9cd86110", "doc": "http://searchengineland.com/google-shutter-trusted-stores-program-favor-new-reviews-program-270583", "row": 0, "column": 37, "tagName": "a", "time": 13900.320165, "url": "", "pos": 37, "chunkLen": 66, "isStartTag": 1}}
06-28 12:27:15.354  8950  8965 E WProf.db: {"WprofHTMLTag": {"code": "0x9cd86140", "doc": "http://searchengineland.com/google-shutter-trusted-stores-program-favor-new-reviews-program-270583", "row": 0, "column": 42, "tagName": "a", "time": 13900.320326, "url": "", "pos": 42, "chunkLen": 66, "isStartTag": 0}}
