--------- beginning of main
06-28 10:27:15.651  3449  3449 E Finsky  : [1] com.google.android.finsky.wear.bl.a(3): onConnectionFailed: ConnectionResult{statusCode=API_UNAVAILABLE, resolution=null, message=null}
--------- beginning of system
06-28 10:27:16.816 31638 31638 E chromium: [ERROR:shell_integration_android.cc(12)] Not implemented reached in static ShellIntegration::DefaultWebClientSetPermission ShellIntegration::CanSetAsDefaultBrowser()
06-28 10:27:16.820 31638 31638 E chromium: [ERROR:browser_process_impl.cc(720)] Not implemented reached in virtual BackgroundModeManager* BrowserProcessImpl::background_mode_manager()
06-28 10:27:17.070  3218 30601 E AudioRecord-JNI: Error -4 during AudioRecord native read
06-28 10:27:19.591 31638 31683 E chromium: [ERROR:gles2_cmd_decoder.cc(3852)] [.ChromiumCompositor-0xacbb2fc0]GL ERROR :GL_INVALID_ENUM : glDiscardFramebufferEXT: attachments was GL_COLOR_EXT
06-28 10:27:19.969 31703 31716 E WPROF   : {"Javascript": {"url": "https://cdn.ampproject.org/rtv/011498506512561/v0.js", "requestTime": 6717.024500}}
06-28 10:27:19.970 31703 31716 E WPROF   : {"Javascript": {"url": "https://cdn.ampproject.org/rtv/011498506512561/v0/amp-ad-0.1.js", "requestTime": 6717.025993}}
06-28 10:27:19.971 31703 31716 E WPROF   : {"Javascript": {"url": "https://cdn.ampproject.org/rtv/011498506512561/v0/amp-analytics-0.1.js", "requestTime": 6717.026914}}
06-28 10:27:19.972 31703 31716 E WPROF   : {"Javascript": {"url": "https://cdn.ampproject.org/rtv/011498506512561/v0/amp-anim-0.1.js", "requestTime": 6717.027885}}
06-28 10:27:19.974 31703 31716 E WPROF   : {"Javascript": {"url": "https://cdn.ampproject.org/rtv/011498506512561/v0/amp-form-0.1.js", "requestTime": 6717.029947}}
06-28 10:27:19.975 31703 31716 E WPROF   : {"Javascript": {"url": "https://cdn.ampproject.org/rtv/011498506512561/v0/amp-sidebar-0.1.js", "requestTime": 6717.031125}}
06-28 10:27:19.977 31703 31716 E WPROF   : {"Javascript": {"url": "https://cdn.ampproject.org/rtv/011498506512561/v0/amp-video-0.1.js", "requestTime": 6717.033140}}
06-28 10:27:19.980 31703 31716 E WPROF   : {"Javascript": {"url": "https://cdn.ampproject.org/rtv/011498506512561/v0/amp-youtube-0.1.js", "requestTime": 6717.035287}}
06-28 10:27:19.982 31703 31716 E WPROF   : {"CSS": {"url": "https://fonts.googleapis.com/css?family=Oswald:300,400,700", "requestTime": 6717.037664}}
06-28 10:27:19.984 31703 31716 E WPROF   : {"CSS": {"url": "https://fonts.googleapis.com/css?family=Merriweather:400,400italic,700,700italic", "requestTime": 6717.039536}}
06-28 10:27:20.013 31703 31716 E WPROF   : {"Javascript": {"url": "https://cdn.ampproject.org/rtv/011498506512561/v0/amp-mustache-0.1.js", "requestTime": 6717.069005}}
06-28 10:27:20.826 31638 31683 E chromium: [ERROR:gles2_cmd_decoder.cc(3852)] [.ChromiumCompositor-0xacbb2fc0]GL ERROR :GL_INVALID_ENUM : glDiscardFramebufferEXT: attachments was GL_COLOR_EXT
06-28 10:27:21.354 31638 31683 E chromium: [ERROR:gles2_cmd_decoder.cc(3852)] [.ChromiumCompositor-0xacbb2fc0]GL ERROR :GL_INVALID_ENUM : glDiscardFramebufferEXT: attachments was GL_COLOR_EXT
06-28 10:27:21.590 31638 31683 E chromium: [ERROR:gles2_cmd_decoder.cc(3852)] [.ChromiumCompositor-0xacbb2fc0]GL ERROR :GL_INVALID_ENUM : glDiscardFramebufferEXT: attachments was GL_COLOR_EXT
06-28 10:27:21.613 31638 31683 E chromium: [ERROR:gles2_cmd_decoder.cc(3852)] [.ChromiumCompositor-0xacbb2fc0]GL ERROR :GL_INVALID_ENUM : glDiscardFramebufferEXT: attachments was GL_COLOR_EXT
06-28 10:27:21.629 31638 31683 E chromium: [ERROR:gles2_cmd_decoder.cc(3852)] [.ChromiumCompositor-0xacbb2fc0]GL ERROR :GL_INVALID_ENUM : glDiscardFramebufferEXT: attachments was GL_COLOR_EXT
06-28 10:27:21.643 31638 31683 E chromium: [ERROR:gles2_cmd_decoder.cc(3852)] [.ChromiumCompositor-0xacbb2fc0]GL ERROR :GL_INVALID_ENUM : glDiscardFramebufferEXT: attachments was GL_COLOR_EXT
06-28 10:27:21.659 31638 31683 E chromium: [ERROR:gles2_cmd_decoder.cc(3852)] [.ChromiumCompositor-0xacbb2fc0]GL ERROR :GL_INVALID_ENUM : glDiscardFramebufferEXT: attachments was GL_COLOR_EXT
06-28 10:27:21.701 31638 31683 E chromium: [ERROR:gles2_cmd_decoder.cc(3852)] [.ChromiumCompositor-0xacbb2fc0]GL ERROR :GL_INVALID_ENUM : glDiscardFramebufferEXT: attachments was GL_COLOR_EXT
06-28 10:27:21.710 31638 31683 E chromium: [ERROR:gles2_cmd_decoder.cc(3852)] [.ChromiumCompositor-0xacbb2fc0]GL ERROR :GL_INVALID_ENUM : glDiscardFramebufferEXT: attachments was GL_COLOR_EXT
06-28 10:27:21.715 31638 31683 E chromium: [ERROR:gles2_cmd_decoder.cc(3852)] [.ChromiumCompositor-0xacbb2fc0]GL ERROR :GL_INVALID_ENUM : glDiscardFramebufferEXT: attachments was GL_COLOR_EXT
06-28 10:27:21.730 31638 31683 E chromium: [ERROR:gles2_cmd_decoder.cc(3852)] [.ChromiumCompositor-0xacbb2fc0]GL ERROR :GL_INVALID_ENUM : glDiscardFramebufferEXT: attachments was GL_COLOR_EXT
06-28 10:27:21.740 31638 31683 E chromium: [ERROR:gles2_cmd_decoder.cc(3852)] [.ChromiumCompositor-0xacbb2fc0]GL ERROR :GL_INVALID_ENUM : glDiscardFramebufferEXT: attachments was GL_COLOR_EXT
06-28 10:27:21.757 31638 31683 E chromium: [ERROR:gles2_cmd_decoder.cc(3852)] [.ChromiumCompositor-0xacbb2fc0]GL ERROR :GL_INVALID_ENUM : glDiscardFramebufferEXT: attachments was GL_COLOR_EXT
06-28 10:27:21.774 31638 31683 E chromium: [ERROR:gles2_cmd_decoder.cc(3852)] [.ChromiumCompositor-0xacbb2fc0]GL ERROR :GL_INVALID_ENUM : glDiscardFramebufferEXT: attachments was GL_COLOR_EXT
06-28 10:27:21.794 31638 31683 E chromium: [ERROR:gles2_cmd_decoder.cc(3852)] [.ChromiumCompositor-0xacbb2fc0]GL ERROR :GL_INVALID_ENUM : glDiscardFramebufferEXT: attachments was GL_COLOR_EXT
06-28 10:27:21.807 31638 31683 E chromium: [ERROR:gles2_cmd_decoder.cc(3852)] [.ChromiumCompositor-0xacbb2fc0]GL ERROR :GL_INVALID_ENUM : glDiscardFramebufferEXT: attachments was GL_COLOR_EXT
06-28 10:27:21.824 31638 31683 E chromium: [ERROR:gles2_cmd_decoder.cc(3852)] [.ChromiumCompositor-0xacbb2fc0]GL ERROR :GL_INVALID_ENUM : glDiscardFramebufferEXT: attachments was GL_COLOR_EXT
06-28 10:27:21.840 31638 31683 E chromium: [ERROR:gles2_cmd_decoder.cc(3852)] [.ChromiumCompositor-0xacbb2fc0]GL ERROR :GL_INVALID_ENUM : glDiscardFramebufferEXT: attachments was GL_COLOR_EXT
06-28 10:27:21.858 31638 31683 E chromium: [ERROR:gles2_cmd_decoder.cc(3852)] [.ChromiumCompositor-0xacbb2fc0]GL ERROR :GL_INVALID_ENUM : glDiscardFramebufferEXT: attachments was GL_COLOR_EXT
06-28 10:27:21.875 31638 31683 E chromium: [ERROR:gles2_cmd_decoder.cc(3852)] [.ChromiumCompositor-0xacbb2fc0]GL ERROR :GL_INVALID_ENUM : glDiscardFramebufferEXT: attachments was GL_COLOR_EXT
06-28 10:27:21.892 31638 31683 E chromium: [ERROR:gles2_cmd_decoder.cc(3852)] [.ChromiumCompositor-0xacbb2fc0]GL ERROR :GL_INVALID_ENUM : glDiscardFramebufferEXT: attachments was GL_COLOR_EXT
06-28 10:27:21.911 31638 31683 E chromium: [ERROR:gles2_cmd_decoder.cc(3852)] [.ChromiumCompositor-0xacbb2fc0]GL ERROR :GL_INVALID_ENUM : glDiscardFramebufferEXT: attachments was GL_COLOR_EXT
06-28 10:27:21.926 31638 31683 E chromium: [ERROR:gles2_cmd_decoder.cc(3852)] [.ChromiumCompositor-0xacbb2fc0]GL ERROR :GL_INVALID_ENUM : glDiscardFramebufferEXT: attachments was GL_COLOR_EXT
06-28 10:27:21.941 31638 31683 E chromium: [ERROR:gles2_cmd_decoder.cc(3852)] [.ChromiumCompositor-0xacbb2fc0]GL ERROR :GL_INVALID_ENUM : glDiscardFramebufferEXT: attachments was GL_COLOR_EXT
06-28 10:27:21.959 31638 31683 E chromium: [ERROR:gles2_cmd_decoder.cc(3852)] [.ChromiumCompositor-0xacbb2fc0]GL ERROR :GL_INVALID_ENUM : glDiscardFramebufferEXT: attachments was GL_COLOR_EXT
06-28 10:27:21.976 31638 31683 E chromium: [ERROR:gles2_cmd_decoder.cc(3852)] [.ChromiumCompositor-0xacbb2fc0]GL ERROR :GL_INVALID_ENUM : glDiscardFramebufferEXT: attachments was GL_COLOR_EXT
06-28 10:27:21.992 31638 31683 E chromium: [ERROR:gles2_cmd_decoder.cc(3852)] [.ChromiumCompositor-0xacbb2fc0]GL ERROR :GL_INVALID_ENUM : glDiscardFramebufferEXT: attachments was GL_COLOR_EXT
06-28 10:27:22.008 31638 31683 E chromium: [ERROR:gles2_cmd_decoder.cc(3852)] [.ChromiumCompositor-0xacbb2fc0]GL ERROR :GL_INVALID_ENUM : glDiscardFramebufferEXT: attachments was GL_COLOR_EXT
06-28 10:27:22.025 31638 31683 E chromium: [ERROR:gles2_cmd_decoder.cc(3852)] [.ChromiumCompositor-0xacbb2fc0]GL ERROR :GL_INVALID_ENUM : glDiscardFramebufferEXT: attachments was GL_COLOR_EXT
06-28 10:27:22.042 31638 31683 E chromium: [ERROR:gles2_cmd_decoder.cc(3852)] [.ChromiumCompositor-0xacbb2fc0]GL ERROR :GL_INVALID_ENUM : glDiscardFramebufferEXT: attachments was GL_COLOR_EXT
06-28 10:27:22.059 31638 31683 E chromium: [ERROR:gles2_cmd_decoder.cc(3852)] [.ChromiumCompositor-0xacbb2fc0]GL ERROR :GL_INVALID_ENUM : glDiscardFramebufferEXT: attachments was GL_COLOR_EXT
06-28 10:27:22.076 31638 31683 E chromium: [ERROR:gles2_cmd_decoder.cc(3852)] [.ChromiumCompositor-0xacbb2fc0]GL ERROR :GL_INVALID_ENUM : glDiscardFramebufferEXT: attachments was GL_COLOR_EXT
06-28 10:27:22.093 31638 31683 E chromium: [ERROR:gles2_cmd_decoder.cc(3852)] [.ChromiumCompositor-0xacbb2fc0]GL ERROR :GL_INVALID_ENUM : glDiscardFramebufferEXT: attachments was GL_COLOR_EXT
06-28 10:27:22.109 31638 31683 E chromium: [ERROR:gles2_cmd_decoder.cc(3852)] [.ChromiumCompositor-0xacbb2fc0]GL ERROR :GL_INVALID_ENUM : glDiscardFramebufferEXT: attachments was GL_COLOR_EXT
06-28 10:27:22.128 31638 31683 E chromium: [ERROR:gles2_cmd_decoder.cc(3852)] [.ChromiumCompositor-0xacbb2fc0]GL ERROR :GL_INVALID_ENUM : glDiscardFramebufferEXT: attachments was GL_COLOR_EXT
06-28 10:27:22.151 31638 31683 E chromium: [ERROR:gles2_cmd_decoder.cc(3852)] [.ChromiumCompositor-0xacbb2fc0]GL ERROR :GL_INVALID_ENUM : glDiscardFramebufferEXT: attachments was GL_COLOR_EXT
06-28 10:27:22.163 31638 31683 E chromium: [ERROR:gles2_cmd_decoder.cc(3852)] [.ChromiumCompositor-0xacbb2fc0]GL ERROR :GL_INVALID_ENUM : glDiscardFramebufferEXT: attachments was GL_COLOR_EXT
06-28 10:27:22.188 31638 31683 E chromium: [ERROR:gles2_cmd_decoder.cc(3852)] [.ChromiumCompositor-0xacbb2fc0]GL ERROR :GL_INVALID_ENUM : glDiscardFramebufferEXT: attachments was GL_COLOR_EXT
06-28 10:27:22.198 31638 31683 E chromium: [ERROR:gles2_cmd_decoder.cc(3852)] [.ChromiumCompositor-0xacbb2fc0]GL ERROR :GL_INVALID_ENUM : glDiscardFramebufferEXT: attachments was GL_COLOR_EXT
06-28 10:27:22.212 31638 31683 E chromium: [ERROR:gles2_cmd_decoder.cc(3852)] [.ChromiumCompositor-0xacbb2fc0]GL ERROR :GL_INVALID_ENUM : glDiscardFramebufferEXT: attachments was GL_COLOR_EXT
06-28 10:27:22.226 31638 31683 E chromium: [ERROR:gles2_cmd_decoder.cc(3852)] [.ChromiumCompositor-0xacbb2fc0]GL ERROR :GL_INVALID_ENUM : glDiscardFramebufferEXT: attachments was GL_COLOR_EXT
06-28 10:27:22.243 31638 31683 E chromium: [ERROR:gles2_cmd_decoder.cc(3852)] [.ChromiumCompositor-0xacbb2fc0]GL ERROR :GL_INVALID_ENUM : glDiscardFramebufferEXT: attachments was GL_COLOR_EXT
06-28 10:27:22.260 31638 31683 E chromium: [ERROR:gles2_cmd_decoder.cc(3852)] [.ChromiumCompositor-0xacbb2fc0]GL ERROR :GL_INVALID_ENUM : glDiscardFramebufferEXT: attachments was GL_COLOR_EXT
06-28 10:27:22.277 31638 31683 E chromium: [ERROR:gles2_cmd_decoder.cc(3852)] [.ChromiumCompositor-0xacbb2fc0]GL ERROR :GL_INVALID_ENUM : glDiscardFramebufferEXT: attachments was GL_COLOR_EXT
06-28 10:27:22.292 31703 31716 E WPROF   : {"Javascript": {"url": "https://cdn.ampproject.org/rtv/011498506512561/v0/amp-crypto-polyfill-0.1.js", "requestTime": 6719.347867}}
06-28 10:27:22.300 31638 31683 E chromium: [ERROR:gles2_cmd_decoder.cc(3852)] [.ChromiumCompositor-0xacbb2fc0]GL ERROR :GL_INVALID_ENUM : glDiscardFramebufferEXT: attachments was GL_COLOR_EXT
06-28 10:27:22.310 31638 31683 E chromium: [ERROR:gles2_cmd_decoder.cc(3852)] [.ChromiumCompositor-0xacbb2fc0]GL ERROR :GL_INVALID_ENUM : glDiscardFramebufferEXT: attachments was GL_COLOR_EXT
06-28 10:27:22.329 31638 31683 E chromium: [ERROR:gles2_cmd_decoder.cc(3852)] [.ChromiumCompositor-0xacbb2fc0]GL ERROR :GL_INVALID_ENUM : glDiscardFramebufferEXT: attachments was GL_COLOR_EXT
06-28 10:27:22.340   862  1657 E LocSvc_IzatApiV02: E/virtual int izat_core::IzatApiV02::getBatchSize(int32_t):522]: Error : st = 4, ind.status = -1628389555
06-28 10:27:22.340   862  1657 E LocSvc_IzatApiV02: E/virtual int izat_core::IzatApiV02::getBatchSize(int32_t):535]: get batching size failed.Or modem does not support batching 
06-28 10:27:22.345 31638 31683 E chromium: [ERROR:gles2_cmd_decoder.cc(3852)] [.ChromiumCompositor-0xacbb2fc0]GL ERROR :GL_INVALID_ENUM : glDiscardFramebufferEXT: attachments was GL_COLOR_EXT
06-28 10:27:22.349   862  1657 E LocSvc_IzatApiV02: E/virtual int izat_core::IzatApiV02::getBatchSize(int32_t):522]: Error : st = 4, ind.status = -1628389555
06-28 10:27:22.349   862  1657 E LocSvc_IzatApiV02: E/virtual int izat_core::IzatApiV02::getBatchSize(int32_t):535]: get batching size failed.Or modem does not support batching 
06-28 10:27:22.361 31638 31683 E chromium: [ERROR:gles2_cmd_decoder.cc(3852)] [.ChromiumCompositor-0xacbb2fc0]GL ERROR :GL_INVALID_ENUM : glDiscardFramebufferEXT: attachments was GL_COLOR_EXT
06-28 10:27:22.390   862  1657 E LocSvc_IzatApiV02: E/virtual int izat_core::IzatApiV02::getBatchSize(int32_t):522]: Error : st = 4, ind.status = -1628389555
06-28 10:27:22.390   862  1657 E LocSvc_IzatApiV02: E/virtual int izat_core::IzatApiV02::getBatchSize(int32_t):535]: get batching size failed.Or modem does not support batching 
06-28 10:27:22.398   862  1657 E LocSvc_IzatApiV02: E/virtual int izat_core::IzatApiV02::getBatchSize(int32_t):522]: Error : st = 4, ind.status = -1628389555
06-28 10:27:22.398   862  1657 E LocSvc_IzatApiV02: E/virtual int izat_core::IzatApiV02::getBatchSize(int32_t):535]: get batching size failed.Or modem does not support batching 
06-28 10:27:22.403 31638 31683 E chromium: [ERROR:gles2_cmd_decoder.cc(3852)] [.ChromiumCompositor-0xacbb2fc0]GL ERROR :GL_INVALID_ENUM : glDiscardFramebufferEXT: attachments was GL_COLOR_EXT
06-28 10:27:22.409 31638 31683 E chromium: [ERROR:gles2_cmd_decoder.cc(3852)] [.ChromiumCompositor-0xacbb2fc0]GL ERROR :GL_INVALID_ENUM : glDiscardFramebufferEXT: attachments was GL_COLOR_EXT
06-28 10:27:22.412 31638 31683 E chromium: [ERROR:gles2_cmd_decoder.cc(3852)] [.ChromiumCompositor-0xacbb2fc0]GL ERROR :GL_INVALID_ENUM : glDiscardFramebufferEXT: attachments was GL_COLOR_EXT
06-28 10:27:22.429 31638 31683 E chromium: [ERROR:gles2_cmd_decoder.cc(3852)] [.ChromiumCompositor-0xacbb2fc0]GL ERROR :GL_INVALID_ENUM : glDiscardFramebufferEXT: attachments was GL_COLOR_EXT
06-28 10:27:22.444 31638 31683 E chromium: [ERROR:gles2_cmd_decoder.cc(3852)] [.ChromiumCompositor-0xacbb2fc0]GL ERROR :GL_INVALID_ENUM : glDiscardFramebufferEXT: attachments was GL_COLOR_EXT
06-28 10:27:22.463 31638 31683 E chromium: [ERROR:gles2_cmd_decoder.cc(3852)] [.ChromiumCompositor-0xacbb2fc0]GL ERROR :GL_INVALID_ENUM : glDiscardFramebufferEXT: attachments was GL_COLOR_EXT
06-28 10:27:22.477 31638 31683 E chromium: [ERROR:gles2_cmd_decoder.cc(3852)] [.ChromiumCompositor-0xacbb2fc0]GL ERROR :GL_INVALID_ENUM : glDiscardFramebufferEXT: attachments was GL_COLOR_EXT
06-28 10:27:22.494 31638 31683 E chromium: [ERROR:gles2_cmd_decoder.cc(3852)] [.ChromiumCompositor-0xacbb2fc0]GL ERROR :GL_INVALID_ENUM : glDiscardFramebufferEXT: attachments was GL_COLOR_EXT
06-28 10:27:22.511 31638 31683 E chromium: [ERROR:gles2_cmd_decoder.cc(3852)] [.ChromiumCompositor-0xacbb2fc0]GL ERROR :GL_INVALID_ENUM : glDiscardFramebufferEXT: attachments was GL_COLOR_EXT
06-28 10:27:22.527 31638 31683 E chromium: [ERROR:gles2_cmd_decoder.cc(3852)] [.ChromiumCompositor-0xacbb2fc0]GL ERROR :GL_INVALID_ENUM : glDiscardFramebufferEXT: attachments was GL_COLOR_EXT
06-28 10:27:22.545 31638 31683 E chromium: [ERROR:gles2_cmd_decoder.cc(3852)] [.ChromiumCompositor-0xacbb2fc0]GL ERROR :GL_INVALID_ENUM : glDiscardFramebufferEXT: attachments was GL_COLOR_EXT
06-28 10:27:22.561 31638 31683 E chromium: [ERROR:gles2_cmd_decoder.cc(3852)] [.ChromiumCompositor-0xacbb2fc0]GL ERROR :GL_INVALID_ENUM : glDiscardFramebufferEXT: attachments was GL_COLOR_EXT
06-28 10:27:22.580 31638 31683 E chromium: [ERROR:gles2_cmd_decoder.cc(3852)] [.ChromiumCompositor-0xacbb2fc0]GL ERROR :GL_INVALID_ENUM : glDiscardFramebufferEXT: attachments was GL_COLOR_EXT
06-28 10:27:22.596 31638 31683 E chromium: [ERROR:gles2_cmd_decoder.cc(3852)] [.ChromiumCompositor-0xacbb2fc0]GL ERROR :GL_INVALID_ENUM : glDiscardFramebufferEXT: attachments was GL_COLOR_EXT
06-28 10:27:22.605 31703 31716 E WProf.db: {"page": "searchengineland-com.cdn.ampproject.org_c_searchengineland.com_google-makes-easier-see-share-publishers-real-urls-amp-pages-268699_amp"}
06-28 10:27:22.605 31703 31716 E WProf.db: {"DOMLoad": 6719.660510}
06-28 10:27:22.605 31703 31716 E WProf.db: {"Resource": {"id": 1, "url": "https://searchengineland-com.cdn.ampproject.org/c/searchengineland.com/google-makes-easier-see-share-publishers-real-urls-amp-pages-268699/amp", "sentTime": -1.000000, "len": 39827, "from": "0x0", "mimeType": "text/html", "contentLength": -1, "httpStatus": 200, "connId": 21, "connReused": 0, "cached": 0,"requestTime": 6716.547552, "proxyStart": -1, "proxyEnd": -1, "dnsStart": 0, "dnsEnd": 0, "connectStart": 0, "connectEnd": 164, "sendStart": 164, "sendEnd": 164, "receiveHeadersEnd": 368, "sslStart": 0, "sslEnd": 164}}
06-28 10:27:22.605 31703 31716 E WProf.db: {"ReceivedChunk": {"receivedTime": 6716.940552, "len": 5102}}
06-28 10:27:22.605 31703 31716 E WProf.db: {"ReceivedChunk": {"receivedTime": 6717.017322, "len": 32768}}
06-28 10:27:22.605 31703 31716 E WProf.db: {"ReceivedChunk": {"receivedTime": 6717.017760, "len": 1957}}
06-28 10:27:22.605 31703 31716 E WProf.db: {"WprofHTMLTag": {"code": "0xaedd5660", "doc": "https://searchengineland-com.cdn.ampproject.org/c/searchengineland.com/google-makes-easier-see-share-publishers-real-urls-amp-pages-268699/amp", "row": 0, "column": 25, "tagName": "html", "time": 6717.019277, "url": "", "pos": 1, "chunkLen": 1, "isStartTag": 1}}
06-28 10:27:22.606 31703 31716 E WProf.db: {"WprofHTMLTag": {"code": "0xaedd55d0", "doc": "https://searchengineland-com.cdn.ampproject.org/c/searchengineland.com/google-makes-easier-see-share-publishers-real-urls-amp-pages-268699/amp", "row": 0, "column": 31, "tagName": "head", "time": 6717.019632, "url": "", "pos": 1, "chunkLen": 1, "isStartTag": 1}}
06-28 10:27:22.606 31703 31716 E WProf.db: {"WprofHTMLTag": {"code": "0xaf047820", "doc": "https://searchengineland-com.cdn.ampproject.org/c/searchengineland.com/google-makes-easier-see-share-publishers-real-urls-amp-pages-268699/amp", "row": 0, "column": 53, "tagName": "meta", "time": 6717.019662, "url": "", "pos": 1, "chunkLen": 1, "isStartTag": 1}}
06-28 10:27:22.606 31703 31716 E WProf.db: {"WprofHTMLTag": {"code": "0xaf047850", "doc": "https://searchengineland-com.cdn.ampproject.org/c/searchengineland.com/google-makes-easier-see-share-publishers-real-urls-amp-pages-268699/amp", "row": 0, "column": 88, "tagName": "meta", "time": 6717.019787, "url": "", "pos": 1, "chunkLen": 1, "isStartTag": 1}}
06-28 10:27:22.606 31703 31716 E WProf.db: {"WprofHTMLTag": {"code": "0xaf047880", "doc": "https://searchengineland-com.cdn.ampproject.org/c/searchengineland.com/google-makes-easier-see-share-publishers-real-urls-amp-pages-268699/amp", "row": 0, "column": 122, "tagName": "meta", "time": 6717.019931, "url": "", "pos": 1, "chunkLen": 1, "isStartTag": 1}}
06-28 10:27:22.606 31703 31716 E WProf.db: {"WprofHTMLTag": {"code": "0xaf0478b0", "doc": "https://searchengineland-com.cdn.ampproject.org/c/searchengineland.com/google-makes-easier-see-share-publishers-real-urls-amp-pages-268699/amp", "row": 0, "column": 247, "tagName": "meta", "time": 6717.020187, "url": "", "pos": 1, "chunkLen": 1, "isStartTag": 1}}
06-28 10:27:22.607 31703 31716 E WProf.db: {"WprofHTMLTag": {"code": "0xaf0478e0", "doc": "https://searchengineland-com.cdn.ampproject.org/c/searchengineland.com/google-makes-easier-see-share-publishers-real-urls-amp-pages-268699/amp", "row": 0, "column": 303, "tagName": "meta", "time": 6717.020466, "url": "", "pos": 1, "chunkLen": 1, "isStartTag": 1}}
06-28 10:27:22.607 31703 31716 E WProf.db: {"WprofHTMLTag": {"code": "0xaf047910", "doc": "https://searchengineland-com.cdn.ampproject.org/c/searchengineland.com/google-makes-easier-see-share-publishers-real-urls-amp-pages-268699/amp", "row": 0, "column": 424, "tagName": "meta", "time": 6717.020611, "url": "", "pos": 1, "chunkLen": 1, "isStartTag": 1}}
06-28 10:27:22.607 31703 31716 E WProf.db: {"WprofHTMLTag": {"code": "0xaf047940", "doc": "https://searchengineland-com.cdn.ampproject.org/c/searchengineland.com/google-makes-easier-see-share-publishers-real-urls-amp-pages-268699/amp", "row": 0, "column": 542, "tagName": "meta", "time": 6717.020750, "url": "", "pos": 1, "chunkLen": 1, "isStartTag": 1}}
06-28 10:27:22.607 31703 31716 E WProf.db: {"WprofHTMLTag": {"code": "0xaf0479d0", "doc": "https://searchengineland-com.cdn.ampproject.org/c/searchengineland.com/google-makes-easier-see-share-publishers-real-urls-amp-pages-268699/amp", "row": 0, "column": 591, "tagName": "meta", "time": 6717.020896, "url": "", "pos": 1, "chunkLen": 1, "isStartTag": 1}}
06-28 10:27:22.607 31703 31716 E WProf.db: {"WprofHTMLTag": {"code": "0xaf047a00", "doc": "https://searchengineland-com.cdn.ampproject.org/c/searchengineland.com/google-makes-easier-see-share-publishers-real-urls-amp-pages-268699/amp", "row": 0, "column": 732, "tagName": "meta", "time": 6717.021032, "url": "", "pos": 1, "chunkLen": 1, "isStartTag": 1}}
06-28 10:27:22.607 31703 31716 E WProf.db: {"WprofHTMLTag": {"code": "0xaf047a30", "doc": "https://searchengineland-com.cdn.ampproject.org/c/searchengineland.com/google-makes-easier-see-share-publishers-real-urls-amp-pages-268699/amp", "row": 0, "column": 786, "tagName": "meta", "time": 6717.021170, "url": "", "pos": 1, "chunkLen": 1, "isStartTag": 1}}
06-28 10:27:22.608 31703 31716 E WProf.db: {"WprofHTMLTag": {"code": "0xaf0479a0", "doc": "https://searchengineland-com.cdn.ampproject.org/c/searchengineland.com/google-makes-easier-see-share-publishers-real-urls-amp-pages-268699/amp", "row": 0, "column": 829, "tagName": "meta", "time": 6717.021314, "url": "", "pos": 1, "chunkLen": 1, "isStartTag": 1}}
06-28 10:27:22.608 31703 31716 E WProf.db: {"WprofHTMLTag": {"code": "0xaf047970", "doc": "https://searchengineland-com.cdn.ampproject.org/c/searchengineland.com/google-makes-easier-see-share-publishers-real-urls-amp-pages-268699/amp", "row": 0, "column": 870, "tagName": "meta", "time": 6717.021450, "url": "", "pos": 1, "chunkLen": 1, "isStartTag": 1}}
06-28 10:27:22.608 31703 31716 E WProf.db: {"WprofHTMLTag": {"code": "0xaf047a60", "doc": "https://searchengineland-com.cdn.ampproject.org/c/searchengineland.com/google-makes-easier-see-share-publishers-real-urls-amp-pages-268699/amp", "row": 0, "column": 987, "tagName": "meta", "time": 6717.021589, "url": "", "pos": 1, "chunkLen": 1, "isStartTag": 1}}
06-28 10:27:22.608 31703 31716 E WProf.db: {"WprofHTMLTag": {"code": "0xaf047a90", "doc": "https://searchengineland-com.cdn.ampproject.org/c/searchengineland.com/google-makes-easier-see-share-publishers-real-urls-amp-pages-268699/amp", "row": 0, "column": 1107, "tagName": "meta", "time": 6717.021735, "url": "", "pos": 1, "chunkLen": 1, "isStartTag": 1}}
06-28 10:27:22.608 31703 31716 E WProf.db: {"WprofHTMLTag": {"code": "0xaf047ac0", "doc": "https://searchengineland-com.cdn.ampproject.org/c/searchengineland.com/google-makes-easier-see-share-publishers-real-urls-amp-pages-268699/amp", "row": 0, "column": 1237, "tagName": "meta", "time": 6717.021873, "url": "", "pos": 1, "chunkLen": 1, "isStartTag": 1}}
06-28 10:27:22.608 31703 31716 E WProf.db: {"WprofHTMLTag": {"code": "0xaf047af0", "doc": "https://searchengineland-com.cdn.ampproject.org/c/searchengineland.com/google-makes-easier-see-share-publishers-real-urls-amp-pages-268699/amp", "row": 0, "column": 1296, "tagName": "meta", "time": 6717.022017, "url": "", "pos": 1, "chunkLen": 1, "isStartTag": 1}}
06-28 10:27:22.608 31703 31716 E WProf.db: {"WprofHTMLTag": {"code": "0xaf047b20", "doc": "https://searchengineland-com.cdn.ampproject.org/c/searchengineland.com/google-makes-easier-see-share-publishers-real-urls-amp-pages-268699/amp", "row": 0, "column": 1365, "tagName": "meta", "time": 6717.022160, "url": "", "pos": 1, "chunkLen": 1, "isStartTag": 1}}
06-28 10:27:22.609 31703 31716 E WProf.db: {"WprofHTMLTag": {"code": "0xaf047b50", "doc": "https://searchengineland-com.cdn.ampproject.org/c/searchengineland.com/google-makes-easier-see-share-publishers-real-urls-amp-pages-268699/amp", "row": 0, "column": 1505, "tagName": "meta", "time": 6717.022302, "url": "", "pos": 1, "chunkLen": 1, "isStartTag": 1}}
06-28 10:27:22.609 31703 31716 E WProf.db: {"WprofHTMLTag": {"code": "0xaf047b80", "doc": "https://searchengineland-com.cdn.ampproject.org/c/searchengineland.com/google-makes-easier-see-share-publishers-real-urls-amp-pages-268699/amp", "row": 0, "column": 1550, "tagName": "meta", "time": 6717.022568, "url": "", "pos": 1, "chunkLen": 1, "isStartTag": 1}}
06-28 10:27:22.609 31703 31716 E WProf.db: {"WprofHTMLTag": {"code": "0xaf047bb0", "doc": "https://searchengineland-com.cdn.ampproject.org/c/searchengineland.com/google-makes-easier-see-share-publishers-real-urls-amp-pages-268699/amp", "row": 0, "column": 1596, "tagName": "meta", "time": 6717.022703, "url": "", "pos": 1, "chunkLen": 1, "isStartTag": 1}}
06-28 10:27:22.610 31703 31716 E WProf.db: {"WprofHTMLTag": {"code": "0xaf047be0", "doc": "https://searchengineland-com.cdn.ampproject.org/c/searchengineland.com/google-makes-easier-see-share-publishers-real-urls-amp-pages-268699/amp", "row": 0, "column": 1669, "tagName": "script", "time": 6717.022842, "url": "https://cdn.ampproject.org/rtv/011498506512561/v0.js", "pos": 1, "chunkLen": 1, "isStartTag": 1}}
06-28 10:27:22.611 31703 31716 E WProf.db: {"WprofHTMLTag": {"code": "0xaf047c10", "doc": "https://searchengineland-com.cdn.ampproject.org/c/searchengineland.com/google-makes-easier-see-share-publishers-real-urls-amp-pages-268699/amp", "row": 0, "column": 1678, "tagName": "script", "time": 6717.023378, "url": "", "pos": 1, "chunkLen": 1, "isStartTag": 0}}
06-28 10:27:22.611 31703 31716 E WProf.db: {"WprofHTMLTag": {"code": "0xaedd5690", "doc": "https://searchengineland-com.cdn.ampproject.org/c/searchengineland.com/google-makes-easier-see-share-publishers-real-urls-amp-pages-268699/amp", "row": 0, "column": 1786, "tagName": "script", "time": 6717.025368, "url": "https://cdn.ampproject.org/rtv/011498506512561/v0/amp-ad-0.1.js", "pos": 1, "chunkLen": 1, "isStartTag": 1}}
06-28 10:27:22.611 31703 31716 E WProf.db: {"WprofHTMLTag": {"code": "0xaf047d30", "doc": "https://searchengineland-com.cdn.ampproject.org/c/searchengineland.com/google-makes-easier-see-share-publishers-real-urls-amp-pages-268699/amp", "row": 0, "column": 1795, "tagName": "script", "time": 6717.025756, "url": "", "pos": 1, "chunkLen": 1, "isStartTag": 0}}
06-28 10:27:22.611 31703 31716 E WProf.db: {"WprofHTMLTag": {"code": "0xaf047d60", "doc": "https://searchengineland-com.cdn.ampproject.org/c/searchengineland.com/google-makes-easier-see-share-publishers-real-urls-amp-pages-268699/amp", "row": 0, "column": 1917, "tagName": "script", "time": 6717.026328, "url": "https://cdn.ampproject.org/rtv/011498506512561/v0/amp-analytics-0.1.js", "pos": 1, "chunkLen": 1, "isStartTag": 1}}
06-28 10:27:22.612 31638 31683 E chromium: [ERROR:gles2_cmd_decoder.cc(3852)] [.ChromiumCompositor-0xacbb2fc0]GL ERROR :GL_INVALID_ENUM : glDiscardFramebufferEXT: attachments was GL_COLOR_EXT
06-28 10:27:22.612 31703 31716 E WProf.db: {"WprofHTMLTag": {"code": "0xaf047dc0", "doc": "https://searchengineland-com.cdn.ampproject.org/c/searchengineland.com/google-makes-easier-see-share-publishers-real-urls-amp-pages-268699/amp", "row": 0, "column": 1926, "tagName": "script", "time": 6717.026678, "url": "", "pos": 1, "chunkLen": 1, "isStartTag": 0}}
06-28 10:27:22.613 31703 31716 E WProf.db: {"WprofHTMLTag": {"code": "0xb4cc7540", "doc": "https://searchengineland-com.cdn.ampproject.org/c/searchengineland.com/google-makes-easier-see-share-publishers-real-urls-amp-pages-268699/amp", "row": 0, "column": 2038, "tagName": "script", "time": 6717.027243, "url": "https://cdn.ampproject.org/rtv/011498506512561/v0/amp-anim-0.1.js", "pos": 1, "chunkLen": 1, "isStartTag": 1}}
06-28 10:27:22.613 31703 31716 E WProf.db: {"WprofHTMLTag": {"code": "0xb4cc78d0", "doc": "https://searchengineland-com.cdn.ampproject.org/c/searchengineland.com/google-makes-easier-see-share-publishers-real-urls-amp-pages-268699/amp", "row": 0, "column": 2047, "tagName": "script", "time": 6717.027626, "url": "", "pos": 1, "chunkLen": 1, "isStartTag": 0}}
06-28 10:27:22.614 31703 31716 E WProf.db: {"WprofHTMLTag": {"code": "0xb4cc7900", "doc": "https://searchengineland-com.cdn.ampproject.org/c/searchengineland.com/google-makes-easier-see-share-publishers-real-urls-amp-pages-268699/amp", "row": 0, "column": 2159, "tagName": "script", "time": 6717.028358, "url": "https://cdn.ampproject.org/rtv/011498506512561/v0/amp-form-0.1.js", "pos": 1, "chunkLen": 1, "isStartTag": 1}}
06-28 10:27:22.614 31703 31716 E WProf.db: {"WprofHTMLTag": {"code": "0xb4cc7960", "doc": "https://searchengineland-com.cdn.ampproject.org/c/searchengineland.com/google-makes-easier-see-share-publishers-real-urls-amp-pages-268699/amp", "row": 0, "column": 2168, "tagName": "script", "time": 6717.029680, "url": "", "pos": 1, "chunkLen": 1, "isStartTag": 0}}
06-28 10:27:22.615 31703 31716 E WProf.db: {"WprofHTMLTag": {"code": "0xb4cc7990", "doc": "https://searchengineland-com.cdn.ampproject.org/c/searchengineland.com/google-makes-easier-see-share-publishers-real-urls-amp-pages-268699/amp", "row": 0, "column": 2286, "tagName": "script", "time": 6717.030558, "url": "https://cdn.ampproject.org/rtv/011498506512561/v0/amp-sidebar-0.1.js", "pos": 1, "chunkLen": 1, "isStartTag": 1}}
06-28 10:27:22.615 31703 31716 E WProf.db: {"WprofHTMLTag": {"code": "0xb4cc79f0", "doc": "https://searchengineland-com.cdn.ampproject.org/c/searchengineland.com/google-makes-easier-see-share-publishers-real-urls-amp-pages-268699/amp", "row": 0, "column": 2295, "tagName": "script", "time": 6717.030910, "url": "", "pos": 1, "chunkLen": 1, "isStartTag": 0}}
06-28 10:27:22.615 31703 31716 E WProf.db: {"WprofHTMLTag": {"code": "0xb4cc7a20", "doc": "https://searchengineland-com.cdn.ampproject.org/c/searchengineland.com/google-makes-easier-see-share-publishers-real-urls-amp-pages-268699/amp", "row": 0, "column": 2409, "tagName": "script", "time": 6717.031580, "url": "https://cdn.ampproject.org/rtv/011498506512561/v0/amp-video-0.1.js", "pos": 1, "chunkLen": 1, "isStartTag": 1}}
06-28 10:27:22.615 31703 31716 E WProf.db: {"WprofHTMLTag": {"code": "0xb4cc7a80", "doc": "https://searchengineland-com.cdn.ampproject.org/c/searchengineland.com/google-makes-easier-see-share-publishers-real-urls-amp-pages-268699/amp", "row": 0, "column": 2418, "tagName": "script", "time": 6717.032882, "url": "", "pos": 1, "chunkLen": 1, "isStartTag": 0}}
06-28 10:27:22.615 31703 31716 E WProf.db: {"WprofHTMLTag": {"code": "0xb4cc7ab0", "doc": "https://searchengineland-com.cdn.ampproject.org/c/searchengineland.com/google-makes-easier-see-share-publishers-real-urls-amp-pages-268699/amp", "row": 0, "column": 2536, "tagName": "script", "time": 6717.033733, "url": "https://cdn.ampproject.org/rtv/011498506512561/v0/amp-youtube-0.1.js", "pos": 1, "chunkLen": 1, "isStartTag": 1}}
06-28 10:27:22.615 31703 31716 E WProf.db: {"WprofHTMLTag": {"code": "0xb4cc7b10", "doc": "https://searchengineland-com.cdn.ampproject.org/c/searchengineland.com/google-makes-easier-see-share-publishers-real-urls-amp-pages-268699/amp", "row": 0, "column": 2545, "tagName": "script", "time": 6717.035019, "url": "", "pos": 1, "chunkLen": 1, "isStartTag": 0}}
06-28 10:27:22.616 31703 31716 E WProf.db: {"WprofHTMLTag": {"code": "0xb4cc7b40", "doc": "https://searchengineland-com.cdn.ampproject.org/c/searchengineland.com/google-makes-easier-see-share-publishers-real-urls-amp-pages-268699/amp", "row": 0, "column": 2603, "tagName": "link", "time": 6717.036918, "url": "https://searchengineland-com.cdn.ampproject.org/i/searchengineland.com/favicon.ico", "pos": 1, "chunkLen": 1, "isStartTag": 1}}
06-28 10:27:22.616 31703 31716 E WProf.db: {"WprofHTMLTag": {"code": "0xb4cc7b70", "doc": "https://searchengineland-com.cdn.ampproject.org/c/searchengineland.com/google-makes-easier-see-share-publishers-real-urls-amp-pages-268699/amp", "row": 0, "column": 2690, "tagName": "link", "time": 6717.037317, "url": "https://fonts.googleapis.com/css?family=Oswald:300,400,700", "pos": 1, "chunkLen": 1, "isStartTag": 1}}
06-28 10:27:22.616 31703 31716 E WProf.db: {"WprofHTMLTag": {"code": "0xb4cc7ba0", "doc": "https://searchengineland-com.cdn.ampproject.org/c/searchengineland.com/google-makes-easier-see-share-publishers-real-urls-amp-pages-268699/amp", "row": 0, "column": 2759, "tagName": "link", "time": 6717.037968, "url": "https://fonts.gstatic.com/", "pos": 1, "chunkLen": 1, "isStartTag": 1}}
06-28 10:27:22.616 31703 31716 E WProf.db: {"WprofHTMLTag": {"code": "0xb4cc7bd0", "doc": "https://searchengineland-com.cdn.ampproject.org/c/searchengineland.com/google-makes-easier-see-share-publishers-real-urls-amp-pages-268699/amp", "row": 0, "column": 2868, "tagName": "link", "time": 6717.038223, "url": "https://fonts.googleapis.com/css?family=Merriweather:400,400italic,700,700italic", "pos": 1, "chunkLen": 1, "isStartTag": 1}}
06-28 10:27:22.616 31703 31716 E WProf.db: {"WprofHTMLTag": {"code": "0xb4cc7c00", "doc": "https://searchengineland-com.cdn.ampproject.org/c/searchengineland.com/google-makes-easier-see-share-publishers-real-urls-amp-pages-268699/amp", "row": 0, "column": 2886, "tagName": "style", "time": 6717.039844, "url": "", "pos": 1, "chunkLen": 1, "isStartTag": 1}}
06-28 10:27:22.616 31703 31716 E WProf.db: {"WprofHTMLTag": {"code": "0xb4cc7c30", "doc": "https://searchengineland-com.cdn.ampproject.org/c/searchengineland.com/google-makes-easier-see-share-publishers-real-urls-amp-pages-268699/amp", "row": 612, "column": 9, "tagName": "style", "time": 6717.043690, "url": "", "pos": 1, "chunkLen": 1, "isStartTag": 0}}
06-28 10:27:22.616 31703 31716 E WProf.db: {"WprofHTMLTag": {"code": "0xb4cc7f90", "doc": "https://searchengineland-com.cdn.ampproject.org/c/searchengineland.com/google-makes-easier-see-share-publishers-real-urls-amp-pages-268699/amp", "row": 612, "column": 16, "tagName": "title", "time": 6717.067334, "url": "", "pos": 1, "chunkLen": 1, "isStartTag": 1}}
06-28 10:27:22.617 31703 31716 E WProf.db: {"WprofHTMLTag": {"code": "0xb4cc7fc0", "doc": "https://searchengineland-com.cdn.ampproject.org/c/searchengineland.com/google-makes-easier-see-share-publishers-real-urls-amp-pages-268699/amp", "row": 612, "column": 104, "tagName": "title", "time": 6717.067653, "url": "", "pos": 1, "chunkLen": 1, "isStartTag": 0}}
06-28 10:27:22.617 31703 31716 E WProf.db: {"WprofHTMLTag": {"code": "0xb4cc7ff0", "doc": "https://searchengineland-com.cdn.ampproject.org/c/searchengineland.com/google-makes-easier-see-share-publishers-real-urls-amp-pages-268699/amp", "row": 612, "column": 227, "tagName": "link", "time": 6717.067671, "url": "http://searchengineland.com/google-makes-easier-see-share-publishers-real-urls-amp-pages-268699", "pos": 1, "chunkLen": 1, "isStartTag": 1}}
06-28 10:27:22.617 31703 31716 E WProf.db: {"WprofHTMLTag": {"code": "0xb4cc8020", "doc": "https://searchengineland-com.cdn.ampproject.org/c/searchengineland.com/google-makes-easier-see-share-publishers-real-urls-amp-pages-268699/amp", "row": 612, "column": 348, "tagName": "script", "time": 6717.067920, "url": "https://cdn.ampproject.org/rtv/011498506512561/v0/amp-mustache-0.1.js", "pos": 1, "chunkLen": 1, "isStartTag": 1}}
06-28 10:27:22.617 31703 31716 E WProf.db: {"WprofHTMLTag": {"code": "0xb4cc8080", "doc": "https://searchengineland-com.cdn.ampproject.org/c/searchengineland.com/google-makes-easier-see-share-publishers-real-urls-amp-pages-268699/amp", "row": 612, "column": 357, "tagName": "script", "time": 6717.068712, "url": "", "pos": 1, "chunkLen": 1, "isStartTag": 0}}
06-28 10:27:22.617 31703 31716 E WProf.db: {"WprofHTMLTag": {"code": "0xb4cc80b0", "doc": "https://searchengineland-com.cdn.ampproject.org/c/searchengineland.com/google-makes-easier-see-share-publishers-real-urls-amp-pages-268699/amp", "row": 612, "column": 380, "tagName": "style", "time": 6717.069573, "url": "", "pos": 1, "chunkLen": 1, "isStartTag": 1}}
06-28 10:27:22.617 31703 31716 E WProf.db: {"WprofHTMLTag": {"code": "0xb4cc80e0", "doc": "https://searchengineland-com.cdn.ampproject.org/c/searchengineland.com/google-makes-easier-see-share-publishers-real-urls-amp-pages-268699/amp", "row": 612, "column": 1004, "tagName": "style", "time": 6717.069731, "url": "", "pos": 1, "chunkLen": 1, "isStartTag": 0}}
06-28 10:27:22.617 31703 31716 E WProf.db: {"WprofHTMLTag": {"code": "0xb4cc8110", "doc": "https://searchengineland-com.cdn.ampproject.org/c/searchengineland.com/google-makes-easier-see-share-publishers-real-urls-amp-pages-268699/amp", "row": 612, "column": 1014, "tagName": "noscript", "time": 6717.070310, "url": "", "pos": 1, "chunkLen": 1, "isStartTag": 1}}
06-28 10:27:22.618 31703 31716 E WProf.db: {"WprofHTMLTag": {"code": "0xb4cc8140", "doc": "https://searchengineland-com.cdn.ampproject.org/c/searchengineland.com/google-makes-easier-see-share-publishers-real-urls-amp-pages-268699/amp", "row": 612, "column": 1157, "tagName": "noscript", "time": 6717.070349, "url": "", "pos": 1, "chunkLen": 1, "isStartTag": 0}}
06-28 10:27:22.618 31703 31716 E WProf.db: {"WprofHTMLTag": {"code": "0xb4cc8170", "doc": "https://searchengineland-com.cdn.ampproject.org/c/searchengineland.com/google-makes-easier-see-share-publishers-real-urls-amp-pages-268699/amp", "row": 612, "column": 1164, "tagName": "head", "time": 6717.070357, "url": "", "pos": 1, "chunkLen": 1, "isStartTag": 0}}
06-28 10:27:22.625 31703 31716 E WProf.db: {"WprofHTMLTag": {"code": "0xb4cc81a0", "doc": "https://searchengineland-com.cdn.ampproject.org/c/searchengineland.com/google-makes-easier-see-share-publishers-real-urls-amp-pages-268699/amp", "row": 612, "column": 1170, "tagName": "body", "time": 6717.070365, "url": "", "pos": 1, "chunkLen": 1, "isStartTag": 1}}
06-28 10:27:22.626 31703 31716 E WProf.db: {"WprofHTMLTag": {"code": "0xb4cc81d0", "doc": "https://searchengineland-com.cdn.ampproject.org/c/searchengineland.com/google-makes-easier-see-share-publishers-real-urls-amp-pages-268699/amp", "row": 613, "column": 48, "tagName": "amp-sidebar", "time": 6717.070545, "url": "", "pos": 1, "chunkLen": 1, "isStartTag": 1}}
06-28 10:27:22.626 31703 31716 E WProf.db: {"WprofHTMLTag": {"code": "0xb4cc8200", "doc": "https://searchengineland-com.cdn.ampproject.org/c/searchengineland.com/google-makes-easier-see-share-publishers-real-urls-amp-pages-268699/amp", "row": 614, "column": 6, "tagName": "ul", "time": 6717.070695, "url": "", "pos": 1, "chunkLen": 1, "isStartTag": 1}}
06-28 10:27:22.626 31703 31716 E WProf.db: {"WprofHTMLTag": {"code": "0xb4cc8230", "doc": "https://searchengineland-com.cdn.ampproject.org/c/searchengineland.com/google-makes-easier-see-share-publishers-real-urls-amp-pages-268699/amp", "row": 615, "column": 7, "tagName": "li", "time": 6717.070726, "url": "", "pos": 1, "chunkLen": 1, "isStartTag": 1}}
06-28 10:27:22.626 31703 31716 E WProf.db: {"WprofHTMLTag": {"code": "0xb4cc8260", "doc": "https://searchengineland-com.cdn.ampproject.org/c/searchengineland.com/google-makes-easier-see-share-publishers-real-urls-amp-pages-268699/amp", "row": 616, "column": 83, "tagName": "a", "time": 6717.070784, "url": "", "pos": 1, "chunkLen": 1, "isStartTag": 1}}
06-28 10:27:22.626 31703 31716 E WProf.db: {"WprofHTMLTag": {"code": "0xb4cc82c0", "doc": "https://searchengineland-com.cdn.ampproject.org/c/searchengineland.com/google-makes-easier-see-share-publishers-real-urls-amp-pages-268699/amp", "row": 616, "column": 90, "tagName": "a", "time": 6717.071103, "url": "", "pos": 1, "chunkLen": 1, "isStartTag": 0}}
06-28 10:27:22.626 31703 31716 E WProf.db: {"WprofHTMLTag": {"code": "0xb4cc82f0", "doc": "https://searchengineland-com.cdn.ampproject.org/c/searchengineland.com/google-makes-easier-see-share-publishers-real-urls-amp-pages-268699/amp", "row": 617, "column": 8, "tagName": "li", "time": 6717.071128, "url": "", "pos": 1, "chunkLen": 1, "isStartTag": 0}}
06-28 10:27:22.626 31703 31716 E WProf.db: {"WprofHTMLTag": {"code": "0xb4cc8350", "doc": "https://searchengineland-com.cdn.ampproject.org/c/searchengineland.com/google-makes-easier-see-share-publishers-real-urls-amp-pages-268699/amp", "row": 618, "column": 7, "tagName": "li", "time": 6717.071146, "url": "", "pos": 1, "chunkLen": 1, "isStartTag": 1}}
06-28 10:27:22.626 31703 31716 E WProf.db: {"WprofHTMLTag": {"code": "0xb4cc8380", "doc": "https://searchengineland-com.cdn.ampproject.org/c/searchengineland.com/google-makes-easier-see-share-publishers-real-urls-amp-pages-268699/amp", "row": 619, "column": 83, "tagName": "a", "time": 6717.071178, "url": "", "pos": 1, "chunkLen": 1, "isStartTag": 1}}
06-28 10:27:22.626 31703 31716 E WProf.db: {"WprofHTMLTag": {"code": "0xb4cc83e0", "doc": "https://searchengineland-com.cdn.ampproject.org/c/searchengineland.com/google-makes-easier-see-share-publishers-real-urls-amp-pages-268699/amp", "row": 619, "column": 90, "tagName": "a", "time": 6717.071471, "url": "", "pos": 1, "chunkLen": 1, "isStartTag": 0}}
06-28 10:27:22.626 31703 31716 E WProf.db: {"WprofHTMLTag": {"code": "0xb4cc9250", "doc": "https://searchengineland-com.cdn.ampproject.org/c/searchengineland.com/google-makes-easier-see-share-publishers-real-urls-amp-pages-268699/amp", "row": 620, "column": 8, "tagName": "li", "time": 6717.071496, "url": "", "pos": 1, "chunkLen": 1, "isStartTag": 0}}
06-28 10:27:22.627 31703 31716 E WProf.db: {"WprofHTMLTag": {"code": "0xb4cc9400", "doc": "https://searchengineland-com.cdn.ampproject.org/c/searchengineland.com/google-makes-easier-see-share-publishers-real-urls-amp-pages-268699/amp", "row": 621, "column": 7, "tagName": "li", "time": 6717.071512, "url": "", "pos": 1, "chunkLen": 1, "isStartTag": 1}}
06-28 10:27:22.627 31703 31716 E WProf.db: {"WprofHTMLTag": {"code": "0xb4cc9430", "doc": "https://searchengineland-com.cdn.ampproject.org/c/searchengineland.com/google-makes-easier-see-share-publishers-real-urls-amp-pages-268699/amp", "row": 622, "column": 89, "tagName": "a", "time": 6717.071547, "url": "", "pos": 1, "chunkLen": 1, "isStartTag": 1}}
06-28 10:27:22.627 31703 31716 E WProf.db: {"WprofHTMLTag": {"code": "0xb4cc9490", "doc": "https://searchengineland-com.cdn.ampproject.org/c/searchengineland.com/google-makes-easier-see-share-publishers-real-urls-amp-pages-268699/amp", "row": 622, "column": 99, "tagName": "a", "time": 6717.071841, "url": "", "pos": 1, "chunkLen": 1, "isStartTag": 0}}
06-28 10:27:22.627 31703 31716 E WProf.db: {"WprofHTMLTag": {"code": "0xb4cc94c0", "doc": "https://searchengineland-com.cdn.ampproject.org/c/searchengineland.com/google-makes-easier-see-share-publishers-real-urls-amp-pages-268699/amp", "row": 623, "column": 8, "tagName": "li", "time": 6717.071861, "url": "", "pos": 1, "chunkLen": 1, "isStartTag": 0}}
06-28 10:27:22.627 31703 31716 E WProf.db: {"WprofHTMLTag": {"code": "0xb4cc94f0", "doc": "https://searchengineland-com.cdn.ampproject.org/c/searchengineland.com/google-makes-easier-see-share-publishers-real-urls-amp-pages-268699/amp", "row": 624, "column": 7, "tagName": "li", "time": 6717.071876, "url": "", "pos": 1, "chunkLen": 1, "isStartTag": 1}}
06-28 10:27:22.627 31703 31716 E WProf.db: {"WprofHTMLTag": {"code": "0xb4cc9520", "doc": "https://searchengineland-com.cdn.ampproject.org/c/searchengineland.com/google-makes-easier-see-share-publishers-real-urls-amp-pages-268699/amp", "row": 625, "column": 87, "tagName": "a", "time": 6717.071911, "url": "", "pos": 1, "chunkLen": 1, "isStartTag": 1}}
06-28 10:27:22.627 31703 31716 E WProf.db: {"WprofHTMLTag": {"code": "0x9eac2030", "doc": "https://searchengineland-com.cdn.ampproject.org/c/searchengineland.com/google-makes-easier-see-share-publishers-real-urls-amp-pages-268699/amp", "row": 625, "column": 96, "tagName": "a", "time": 6717.072083, "url": "", "pos": 1, "chunkLen": 1, "isStartTag": 0}}
06-28 10:27:22.627 31703 31716 E WProf.db: {"WprofHTMLTag": {"code": "0x9eac2060", "doc": "https://searchengineland-com.cdn.ampproject.org/c/searchengineland.com/google-makes-easier-see-share-publishers-real-urls-amp-pages-268699/amp", "row": 626, "column": 8, "tagName": "li", "time": 6717.072102, "url": "", "pos": 1, "chunkLen": 1, "isStartTag": 0}}
06-28 10:27:22.627 31703 31716 E WProf.db: {"WprofHTMLTag": {"code": "0x9eac2090", "doc": "https://searchengineland-com.cdn.ampproject.org/c/searchengineland.com/google-makes-easier-see-share-publishers-real-urls-amp-pages-268699/amp", "row": 627, "column": 7, "tagName": "li", "time": 6717.072118, "url": "", "pos": 1, "chunkLen": 1, "isStartTag": 1}}
06-28 10:27:22.627 31703 31716 E WProf.db: {"WprofHTMLTag": {"code": "0x9eac20c0", "doc": "https://searchengineland-com.cdn.ampproject.org/c/searchengineland.com/google-makes-easier-see-share-publishers-real-urls-amp-pages-268699/amp", "row": 628, "column": 89, "tagName": "a", "time": 6717.072151, "url": "", "pos": 1, "chunkLen": 1, "isStartTag": 1}}
06-28 10:27:22.627 31703 31716 E WProf.db: {"WprofHTMLTag": {"code": "0x9eac2120", "doc": "https://searchengineland-com.cdn.ampproject.org/c/searchengineland.com/google-makes-easier-see-share-publishers-real-urls-amp-pages-268699/amp", "row": 628, "column": 99, "tagName": "a", "time": 6717.072317, "url": "", "pos": 1, "chunkLen": 1, "isStartTag": 0}}
06-28 10:27:22.627 31703 31716 E WProf.db: {"WprofHTMLTag": {"code": "0x9eac2150", "doc": "https://searchengineland-com.cdn.ampproject.org/c/searchengineland.com/google-makes-easier-see-share-publishers-real-urls-amp-pages-268699/amp", "row": 629, "column": 8, "tagName": "li", "time": 6717.072335, "url": "", "pos": 1, "chunkLen": 1, "isStartTag": 0}}
06-28 10:27:22.627 31703 31716 E WProf.db: {"WprofHTMLTag": {"code": "0x9eac2180", "doc": "https://searchengineland-com.cdn.ampproject.org/c/searchengineland.com/google-makes-easier-see-share-publishers-real-urls-amp-pages-268699/amp", "row": 630, "column": 7, "tagName": "li", "time": 6717.072351, "url": "", "pos": 1, "chunkLen": 1, "isStartTag": 1}}
06-28 10:27:22.629 31703 31716 E WProf.db: {"WprofHTMLTag": {"code": "0x9eac21b0", "doc": "https://searchengineland-com.cdn.ampproject.org/c/searchengineland.com/google-makes-easier-see-share-publishers-real-urls-amp-pages-268699/amp", "row": 631, "column": 89, "tagName": "a", "time": 6717.072380, "url": "", "pos": 1, "chunkLen": 1, "isStartTag": 1}}
06-28 10:27:22.629 31703 31716 E WProf.db: {"WprofHTMLTag": {"code": "0x9eac2210", "doc": "https://searchengineland-com.cdn.ampproject.org/c/searchengineland.com/google-makes-easier-see-share-publishers-real-urls-amp-pages-268699/amp", "row": 631, "column": 99, "tagName": "a", "time": 6717.072528, "url": "", "pos": 1, "chunkLen": 1, "isStartTag": 0}}
06-28 10:27:22.629 31638 31683 E chromium: [ERROR:gles2_cmd_decoder.cc(3852)] [.ChromiumCompositor-0xacbb2fc0]GL ERROR :GL_INVALID_ENUM : glDiscardFramebufferEXT: attachments was GL_COLOR_EXT
06-28 10:27:22.629 31703 31716 E WProf.db: {"WprofHTMLTag": {"code": "0x9eac2240", "doc": "https://searchengineland-com.cdn.ampproject.org/c/searchengineland.com/google-makes-easier-see-share-publishers-real-urls-amp-pages-268699/amp", "row": 632, "column": 8, "tagName": "li", "time": 6717.072547, "url": "", "pos": 1, "chunkLen": 1, "isStartTag": 0}}
06-28 10:27:22.629 31703 31716 E WProf.db: {"WprofHTMLTag": {"code": "0x9eac2270", "doc": "https://searchengineland-com.cdn.ampproject.org/c/searchengineland.com/google-makes-easier-see-share-publishers-real-urls-amp-pages-268699/amp", "row": 633, "column": 7, "tagName": "li", "time": 6717.072561, "url": "", "pos": 1, "chunkLen": 1, "isStartTag": 1}}
06-28 10:27:22.629 31703 31716 E WProf.db: {"WprofHTMLTag": {"code": "0x9eac22a0", "doc": "https://searchengineland-com.cdn.ampproject.org/c/searchengineland.com/google-makes-easier-see-share-publishers-real-urls-amp-pages-268699/amp", "row": 634, "column": 85, "tagName": "a", "time": 6717.072592, "url": "", "pos": 1, "chunkLen": 1, "isStartTag": 1}}
06-28 10:27:22.629 31703 31716 E WProf.db: {"WprofHTMLTag": {"code": "0x9eac2300", "doc": "https://searchengineland-com.cdn.ampproject.org/c/searchengineland.com/google-makes-easier-see-share-publishers-real-urls-amp-pages-268699/amp", "row": 634, "column": 93, "tagName": "a", "time": 6717.072748, "url": "", "pos": 1, "chunkLen": 1, "isStartTag": 0}}
06-28 10:27:22.629 31703 31716 E WProf.db: {"WprofHTMLTag": {"code": "0x9eac2330", "doc": "https://searchengineland-com.cdn.ampproject.org/c/searchengineland.com/google-makes-easier-see-share-publishers-real-urls-amp-pages-268699/amp", "row": 635, "column": 8, "tagName": "li", "time": 6717.072766, "url": "", "pos": 1, "chunkLen": 1, "isStartTag": 0}}
06-28 10:27:22.630 31703 31716 E WProf.db: {"WprofHTMLTag": {"code": "0x9eac2360", "doc": "https://searchengineland-com.cdn.ampproject.org/c/searchengineland.com/google-makes-easier-see-share-publishers-real-urls-amp-pages-268699/amp", "row": 636, "column": 7, "tagName": "li", "time": 6717.072781, "url": "", "pos": 1, "chunkLen": 1, "isStartTag": 1}}
06-28 10:27:22.630 31703 31716 E WProf.db: {"WprofHTMLTag": {"code": "0x9eac2390", "doc": "https://searchengineland-com.cdn.ampproject.org/c/searchengineland.com/google-makes-easier-see-share-publishers-real-urls-amp-pages-268699/amp", "row": 637, "column": 103, "tagName": "a", "time": 6717.072812, "url": "", "pos": 1, "chunkLen": 1, "isStartTag": 1}}
