--------- beginning of main
06-28 11:12:52.073  3449  3449 E Finsky  : [1] com.google.android.finsky.wear.bl.a(3): onConnectionFailed: ConnectionResult{statusCode=API_UNAVAILABLE, resolution=null, message=null}
--------- beginning of system
06-28 11:12:53.224 15472 15472 E chromium: [ERROR:shell_integration_android.cc(12)] Not implemented reached in static ShellIntegration::DefaultWebClientSetPermission ShellIntegration::CanSetAsDefaultBrowser()
06-28 11:12:53.227 15472 15472 E chromium: [ERROR:browser_process_impl.cc(720)] Not implemented reached in virtual BackgroundModeManager* BrowserProcessImpl::background_mode_manager()
06-28 11:12:53.528  3218 10918 E AudioRecord-JNI: Error -4 during AudioRecord native read
06-28 11:12:55.930 15472 15531 E chromium: [ERROR:gles2_cmd_decoder.cc(3852)] [.ChromiumCompositor-0xacbb2fc0]GL ERROR :GL_INVALID_ENUM : glDiscardFramebufferEXT: attachments was GL_COLOR_EXT
06-28 11:12:56.226 15552 15566 E WPROF   : {"CSS": {"url": "http://searchengineland.com/figz/wp-content/themes/searchengineland/css/searchengineland-bootstrap.css", "requestTime": 9453.281819}}
06-28 11:12:56.227 15552 15566 E WPROF   : {"CSS": {"url": "http://fonts.googleapis.com/css?family=Oswald:300,400,700", "requestTime": 9453.283208}}
06-28 11:12:56.229 15552 15566 E WPROF   : {"CSS": {"url": "http://searchengineland.com/figz/wp-content/themes/searchengineland/style.css", "requestTime": 9453.284496}}
06-28 11:12:56.234 15552 15566 E WPROF   : {"Javascript": {"url": "http://searchengineland.com/figz/wp-content/themes/searchengineland/js/lib/modernizr.custom.js?ver=1.0", "requestTime": 9453.290066}}
06-28 11:12:56.236 15552 15566 E WPROF   : {"Javascript": {"url": "http://searchengineland.com/figz/wp-content/themes/searchengineland/js/lib/jquery-1.11.0.min.js?ver=1.11.0", "requestTime": 9453.291344}}
06-28 11:12:56.237 15552 15566 E WPROF   : {"Javascript": {"url": "http://searchengineland.com/figz/wp-content/themes/searchengineland/js/lib/jquery-ui-1.10.3.custom.min.js?ver=1.10.3", "requestTime": 9453.292815}}
06-28 11:12:56.238 15552 15566 E WPROF   : {"Javascript": {"url": "http://searchengineland.com/figz/wp-content/themes/searchengineland/js/lib/jquery.ba-throttle-debounce.min.js?ver=1.1", "requestTime": 9453.294174}}
06-28 11:12:56.240 15552 15566 E WPROF   : {"Javascript": {"url": "http://searchengineland.com/figz/wp-content/themes/searchengineland/js/lib/jquery.countdown.min.js?ver=2.0.4", "requestTime": 9453.295314}}
06-28 11:12:56.241 15552 15566 E WPROF   : {"Javascript": {"url": "http://static.chartbeat.com/js/chartbeat_mab.js", "requestTime": 9453.296547}}
06-28 11:12:56.847 15552 15566 E WPROF   : {"Javascript": {"url": "http://searchengineland.com/figz/wp-includes/js/wp-emoji-release.min.js?ver=4.7.5", "requestTime": 9453.902376}}
06-28 11:12:57.242 15552 15566 E WPROF   : {"Javascript": {"url": "http://www.googletagservices.com/tag/js/gpt.js", "requestTime": 9454.297803}}
06-28 11:12:57.251 15552 15566 E WPROF   : {"Javascript": {"url": "https://www.google-analytics.com/analytics.js", "requestTime": 9454.306547}}
06-28 11:12:57.254 15552 15566 E WPROF   : {"Javascript": {"url": "http://edge.quantserve.com/quant.js", "requestTime": 9454.310165}}
06-28 11:12:57.258 15552 15566 E WPROF   : {"Javascript": {"url": "https://connect.facebook.net/en_US/fbevents.js", "requestTime": 9454.313564}}
06-28 11:12:57.318 15472 15531 E chromium: [ERROR:gles2_cmd_decoder.cc(3852)] [.ChromiumCompositor-0xacbb2fc0]GL ERROR :GL_INVALID_ENUM : glDiscardFramebufferEXT: attachments was GL_COLOR_EXT
06-28 11:12:57.350 15552 15566 E WPROF   : {"Javascript": {"url": "http://app-sj02.marketo.com/js/forms2/js/forms2.min.js", "requestTime": 9454.403652}}
06-28 11:12:57.476 15472 15531 E chromium: [ERROR:gles2_cmd_decoder.cc(3852)] [.ChromiumCompositor-0xacbb2fc0]GL ERROR :GL_INVALID_ENUM : glDiscardFramebufferEXT: attachments was GL_COLOR_EXT
06-28 11:12:57.502 15552 15566 E WPROF   : {"Javascript": {"url": "https://connect.facebook.net/signals/config/423979991297359?v=2.7.17", "requestTime": 9454.557599}}
06-28 11:12:57.659 15552 15566 E WPROF   : {"Javascript": {"url": "http://app-sj02.marketo.com/index.php/form/getForm?munchkinId=727-ZQE-044&form=5691&url=http%3A%2F%2Fsearchengineland.com%2Fgoogles-location-tracking-better-now-ever-269922&callback=jQuery110206224928102456033_1498615977594&_=1498615977595", "requestTime": 9454.715087}}
06-28 11:12:57.676 15552 15566 E WPROF   : {"Javascript": {"url": "http://app-sj02.marketo.com/index.php/form/getForm?munchkinId=727-ZQE-044&form=5685&url=http%3A%2F%2Fsearchengineland.com%2Fgoogles-location-tracking-better-now-ever-269922&callback=jQuery110206224928102456033_1498615977596&_=1498615977597", "requestTime": 9454.731696}}
06-28 11:12:57.709 15552 15566 E WPROF   : {"Javascript": {"url": "https://securepubads.g.doubleclick.net/gpt/pubads_impl_121.js", "requestTime": 9454.764301}}
06-28 11:12:57.935 15552 15566 E WPROF   : {"Javascript": {"url": "http://app-sj02.marketo.com/index.php/form/getForm?munchkinId=727-ZQE-044&form=5673&url=http%3A%2F%2Fsearchengineland.com%2Fgoogles-location-tracking-better-now-ever-269922&callback=jQuery110206224928102456033_1498615977598&_=1498615977599", "requestTime": 9454.990820}}
06-28 11:12:57.942 15552 15566 E WPROF   : {"Javascript": {"url": "http://searchengineland.com/js/ga_social_tracking.js", "requestTime": 9454.997616}}
06-28 11:12:57.943 15552 15566 E WPROF   : {"Javascript": {"url": "http://s7.addthis.com/js/300/addthis_widget.js#pubid=ra-53e918f660794f37", "requestTime": 9454.998463}}
06-28 11:12:58.020 15472 15531 E chromium: [ERROR:gles2_cmd_decoder.cc(3852)] [.ChromiumCompositor-0xacbb2fc0]GL ERROR :GL_INVALID_ENUM : glDiscardFramebufferEXT: attachments was GL_COLOR_EXT
06-28 11:12:58.451 15552 15566 E WPROF   : {"CSS": {"url": "http://app-sj02.marketo.com/js/forms2/css/forms2.css", "requestTime": 9455.506831}}
06-28 11:12:58.455 15552 15566 E WPROF   : {"CSS": {"url": "http://app-sj02.marketo.com/js/forms2/css/forms2-theme-simple.css", "requestTime": 9455.510898}}
06-28 11:12:58.477 15472 15531 E chromium: [ERROR:gles2_cmd_decoder.cc(3852)] [.ChromiumCompositor-0xacbb2fc0]GL ERROR :GL_INVALID_ENUM : glDiscardFramebufferEXT: attachments was GL_COLOR_EXT
06-28 11:12:58.736   862  1657 E LocSvc_IzatApiV02: E/virtual int izat_core::IzatApiV02::getBatchSize(int32_t):522]: Error : st = 4, ind.status = -1628389555
06-28 11:12:58.736   862  1657 E LocSvc_IzatApiV02: E/virtual int izat_core::IzatApiV02::getBatchSize(int32_t):535]: get batching size failed.Or modem does not support batching 
06-28 11:12:58.745   862  1657 E LocSvc_IzatApiV02: E/virtual int izat_core::IzatApiV02::getBatchSize(int32_t):522]: Error : st = 4, ind.status = -1628389555
06-28 11:12:58.745   862  1657 E LocSvc_IzatApiV02: E/virtual int izat_core::IzatApiV02::getBatchSize(int32_t):535]: get batching size failed.Or modem does not support batching 
06-28 11:12:58.778   862  1657 E LocSvc_IzatApiV02: E/virtual int izat_core::IzatApiV02::getBatchSize(int32_t):522]: Error : st = 4, ind.status = -1628389555
06-28 11:12:58.778   862  1657 E LocSvc_IzatApiV02: E/virtual int izat_core::IzatApiV02::getBatchSize(int32_t):535]: get batching size failed.Or modem does not support batching 
06-28 11:12:58.787   862  1657 E LocSvc_IzatApiV02: E/virtual int izat_core::IzatApiV02::getBatchSize(int32_t):522]: Error : st = 4, ind.status = -1628389555
06-28 11:12:58.787   862  1657 E LocSvc_IzatApiV02: E/virtual int izat_core::IzatApiV02::getBatchSize(int32_t):535]: get batching size failed.Or modem does not support batching 
06-28 11:12:59.153 15552 15566 E WPROF   : {"Javascript": {"url": "https://securepubads.g.doubleclick.net/gampad/ads?gdfp_req=1&correlator=4330904490082304&output=json_html&callback=googletag.impl.pubads.callbackProxy1&impl=fifs&json_a=1&eid=108809080%2C108809107&sc=0&sfv=1-0-9&iu_parts=1038259%2Csel-ciu-1%2Csel-ciu-2%2Csel-ciu-3%2Csel-ciu-4%2Csel-ciu-5%2Cch-sem-le", "requestTime": 9456.209205}}
06-28 11:12:59.248 15552 15566 E WPROF   : {"Javascript": {"url": "http://cdn.api.twitter.com/1/users/show.json?screen_name=PronouncedAhndy&callback=twttr.setFollowersCount", "requestTime": 9456.303804}}
06-28 11:12:59.281 15552 15566 E WPROF   : {"Javascript": {"url": "https://static.xx.fbcdn.net/rsrc.php/v3iy6L4/yk/l/ko_KR/be4fIjHRc8P.js", "requestTime": 9456.337099}}
06-28 11:12:59.368 15552 15566 E WPROF   : {"Javascript": {"url": "http://www.googleadservices.com/pagead/conversion.js", "requestTime": 9456.423761}}
06-28 11:12:59.368 15552 15566 E WPROF   : {"Javascript": {"url": "http://searchengineland.com/figz/wp-content/themes/searchengineland/js/script.js?ver=1.0", "requestTime": 9456.424171}}
06-28 11:12:59.369 15552 15566 E WPROF   : {"Javascript": {"url": "http://searchengineland.com/figz/wp-includes/js/wp-embed.min.js?ver=4.7.5", "requestTime": 9456.424514}}
06-28 11:12:59.369 15552 15566 E WPROF   : {"Javascript": {"url": "http://searchengineland.com/figz/wp-content/themes/searchengineland/js/modules/sharing_controls.js", "requestTime": 9456.424880}}
06-28 11:12:59.468 15472 15531 E chromium: [ERROR:gles2_cmd_decoder.cc(3852)] [.ChromiumCompositor-0xacbb2fc0]GL ERROR :GL_INVALID_ENUM : glDiscardFramebufferEXT: attachments was GL_COLOR_EXT
06-28 11:12:59.530 15552 15566 E WPROF   : {"Javascript": {"url": "http://d2j3qa5nc37287.cloudfront.net/coupon_code1.js", "requestTime": 9456.585669}}
06-28 11:12:59.740 15472 15531 E chromium: [ERROR:gles2_cmd_decoder.cc(3852)] [.ChromiumCompositor-0xacbb2fc0]GL ERROR :GL_INVALID_ENUM : glDiscardFramebufferEXT: attachments was GL_COLOR_EXT
06-28 11:13:00.089 15552 15566 E WPROF   : {"CSS": {"url": "https://www.youtube.com/yts/cssbin/www-embed-player-sprite-mode-vfl5G4Xm8.css", "requestTime": 9457.145015}}
06-28 11:13:00.093 15552 15566 E WPROF   : {"Javascript": {"url": "https://www.youtube.com/yts/jsbin/www-embed-player-vfl_UY_j8/www-embed-player.js", "requestTime": 9457.148518}}
06-28 11:13:00.093 15552 15566 E WPROF   : {"Javascript": {"url": "https://www.youtube.com/yts/jsbin/player-vflo1w4O-/ko_KR/base.js", "requestTime": 9457.148986}}
06-28 11:13:00.268 15472 15531 E chromium: [ERROR:gles2_cmd_decoder.cc(3852)] [.ChromiumCompositor-0xacbb2fc0]GL ERROR :GL_INVALID_ENUM : glDiscardFramebufferEXT: attachments was GL_COLOR_EXT
06-28 11:13:00.814 15472 15531 E chromium: [ERROR:gles2_cmd_decoder.cc(3852)] [.ChromiumCompositor-0xacbb2fc0]GL ERROR :GL_INVALID_ENUM : glDiscardFramebufferEXT: attachments was GL_COLOR_EXT
06-28 11:13:00.888 15472 15531 E chromium: [ERROR:gles2_cmd_decoder.cc(3852)] [.ChromiumCompositor-0xacbb2fc0]GL ERROR :GL_INVALID_ENUM : glDiscardFramebufferEXT: attachments was GL_COLOR_EXT
06-28 11:13:01.727 15552 15566 E WPROF   : {"Javascript": {"url": "https://www.google.com/js/bg/KWBfAnWFESAEEaKKgdYlTHY9ysQaNoQuzeMFqvxDSM8.js", "requestTime": 9458.782461}}
06-28 11:13:01.729 15552 15566 E WPROF   : {"Javascript": {"url": "https://static.doubleclick.net/instream/ad_status.js", "requestTime": 9458.785140}}
06-28 11:13:02.432 15472 15531 E chromium: [ERROR:gles2_cmd_decoder.cc(3852)] [.ChromiumCompositor-0xacbb2fc0]GL ERROR :GL_INVALID_ENUM : glDiscardFramebufferEXT: attachments was GL_COLOR_EXT
06-28 11:13:02.523 15552 15566 E WPROF   : {"Javascript": {"url": "https://tpc.googlesyndication.com/pagead/js/r20170619/r20110914/client/ext/m_window_focus_non_hydra.js", "requestTime": 9459.578882}}
06-28 11:13:02.525 15552 15566 E WPROF   : {"Javascript": {"url": "https://tpc.googlesyndication.com/pagead/js/r20170619/r20110914/activeview/osd_listener.js", "requestTime": 9459.580420}}
06-28 11:13:02.528 15552 15566 E WPROF   : {"Javascript": {"url": "http://pagead2.googlesyndication.com/pagead/osd.js", "requestTime": 9459.584136}}
06-28 11:13:02.608 15552 15566 E WPROF   : {"Javascript": {"url": "http://www.justuno.com/ajax/account_version_check.html?id=828FA275-FF73-401E-AA39-40F5A6FAB6B1", "requestTime": 9459.663920}}
06-28 11:13:02.649 15472 15531 E chromium: [ERROR:gles2_cmd_decoder.cc(3852)] [.ChromiumCompositor-0xacbb2fc0]GL ERROR :GL_INVALID_ENUM : glDiscardFramebufferEXT: attachments was GL_COLOR_EXT
06-28 11:13:02.819 15472 15531 E chromium: [ERROR:gles2_cmd_decoder.cc(3852)] [.ChromiumCompositor-0xacbb2fc0]GL ERROR :GL_INVALID_ENUM : glDiscardFramebufferEXT: attachments was GL_COLOR_EXT
06-28 11:13:03.640 15472 15531 E chromium: [ERROR:gles2_cmd_decoder.cc(3852)] [.ChromiumCompositor-0xacbb2fc0]GL ERROR :GL_INVALID_ENUM : glDiscardFramebufferEXT: attachments was GL_COLOR_EXT
06-28 11:13:03.906 15472 15531 E chromium: [ERROR:gles2_cmd_decoder.cc(3852)] [.ChromiumCompositor-0xacbb2fc0]GL ERROR :GL_INVALID_ENUM : glDiscardFramebufferEXT: attachments was GL_COLOR_EXT
06-28 11:13:04.147 15552 15566 E WPROF   : {"Javascript": {"url": "http://cdn.justuno.com/mwgt_3.6.js", "requestTime": 9461.202246}}
06-28 11:13:04.312 15472 15531 E chromium: [ERROR:gles2_cmd_decoder.cc(3852)] [.ChromiumCompositor-0xacbb2fc0]GL ERROR :GL_INVALID_ENUM : glDiscardFramebufferEXT: attachments was GL_COLOR_EXT
06-28 11:13:04.695 15552 15566 E WPROF   : {"Javascript": {"url": "https://app-sj02.marketo.com/js/forms2/js/forms2.min.js", "requestTime": 9461.751059}}
06-28 11:13:05.339 15552 15566 E WProf.db: {"page": "searchengineland.com_googles-location-tracking-better-now-ever-269922"}
06-28 11:13:05.339 15552 15566 E WProf.db: {"DOMLoad": 9462.394710}
06-28 11:13:05.339 15552 15566 E WProf.db: {"Resource": {"id": 1, "url": "http://searchengineland.com/googles-location-tracking-better-now-ever-269922", "sentTime": -1.000000, "len": 99576, "from": "0x0", "mimeType": "text/html", "contentLength": -1, "httpStatus": 200, "connId": 19, "connReused": 0, "cached": 0,"requestTime": 9452.912395, "proxyStart": -1, "proxyEnd": -1, "dnsStart": 0, "dnsEnd": 0, "connectStart": 0, "connectEnd": 120, "sendStart": 120, "sendEnd": 121, "receiveHeadersEnd": 275, "sslStart": -1, "sslEnd": -1}}
06-28 11:13:05.339 15552 15566 E WProf.db: {"ReceivedChunk": {"receivedTime": 9453.206292, "len": 12752}}
06-28 11:13:05.339 15552 15566 E WProf.db: {"ReceivedChunk": {"receivedTime": 9453.271768, "len": 32768}}
06-28 11:13:05.339 15552 15566 E WProf.db: {"ReceivedChunk": {"receivedTime": 9453.272050, "len": 25557}}
06-28 11:13:05.339 15552 15566 E WProf.db: {"ReceivedChunk": {"receivedTime": 9453.341967, "len": 4979}}
06-28 11:13:05.339 15552 15566 E WProf.db: {"ReceivedChunk": {"receivedTime": 9453.363185, "len": 23520}}
06-28 11:13:05.339 15552 15566 E WProf.db: {"WprofHTMLTag": {"code": "0xaedcc630", "doc": "http://searchengineland.com/googles-location-tracking-better-now-ever-269922", "row": 6, "column": 42, "tagName": "html", "time": 9453.275019, "url": "", "pos": 1, "chunkLen": 1, "isStartTag": 1}}
06-28 11:13:05.340 15552 15566 E WProf.db: {"WprofHTMLTag": {"code": "0xaf047700", "doc": "http://searchengineland.com/googles-location-tracking-better-now-ever-269922", "row": 7, "column": 6, "tagName": "head", "time": 9453.275759, "url": "", "pos": 1, "chunkLen": 1, "isStartTag": 1}}
06-28 11:13:05.340 15552 15566 E WProf.db: {"WprofHTMLTag": {"code": "0xaf0477f0", "doc": "http://searchengineland.com/googles-location-tracking-better-now-ever-269922", "row": 8, "column": 54, "tagName": "meta", "time": 9453.275803, "url": "", "pos": 1, "chunkLen": 1, "isStartTag": 1}}
06-28 11:13:05.340 15552 15566 E WProf.db: {"WprofHTMLTag": {"code": "0xaf047820", "doc": "http://searchengineland.com/googles-location-tracking-better-now-ever-269922", "row": 9, "column": 68, "tagName": "meta", "time": 9453.275959, "url": "", "pos": 1, "chunkLen": 1, "isStartTag": 1}}
06-28 11:13:05.340 15552 15566 E WProf.db: {"WprofHTMLTag": {"code": "0xaf047850", "doc": "http://searchengineland.com/googles-location-tracking-better-now-ever-269922", "row": 10, "column": 23, "tagName": "meta", "time": 9453.276066, "url": "", "pos": 1, "chunkLen": 1, "isStartTag": 1}}
06-28 11:13:05.340 15552 15566 E WProf.db: {"WprofHTMLTag": {"code": "0xaf047880", "doc": "http://searchengineland.com/googles-location-tracking-better-now-ever-269922", "row": 11, "column": 52, "tagName": "meta", "time": 9453.276192, "url": "", "pos": 1, "chunkLen": 1, "isStartTag": 1}}
06-28 11:13:05.340 15552 15566 E WProf.db: {"WprofHTMLTag": {"code": "0xaf0478b0", "doc": "http://searchengineland.com/googles-location-tracking-better-now-ever-269922", "row": 14, "column": 56, "tagName": "meta", "time": 9453.276310, "url": "", "pos": 1, "chunkLen": 1, "isStartTag": 1}}
06-28 11:13:05.340 15552 15566 E WProf.db: {"WprofHTMLTag": {"code": "0xaf0478e0", "doc": "http://searchengineland.com/googles-location-tracking-better-now-ever-269922", "row": 15, "column": 83, "tagName": "meta", "time": 9453.276417, "url": "", "pos": 1, "chunkLen": 1, "isStartTag": 1}}
06-28 11:13:05.340 15552 15566 E WProf.db: {"WprofHTMLTag": {"code": "0xaf047910", "doc": "http://searchengineland.com/googles-location-tracking-better-now-ever-269922", "row": 16, "column": 57, "tagName": "meta", "time": 9453.276521, "url": "", "pos": 1, "chunkLen": 1, "isStartTag": 1}}
06-28 11:13:05.340 15552 15566 E WProf.db: {"WprofHTMLTag": {"code": "0xaf0479a0", "doc": "http://searchengineland.com/googles-location-tracking-better-now-ever-269922", "row": 17, "column": 41, "tagName": "meta", "time": 9453.276631, "url": "", "pos": 1, "chunkLen": 1, "isStartTag": 1}}
06-28 11:13:05.340 15552 15566 E WProf.db: {"WprofHTMLTag": {"code": "0xaf0479d0", "doc": "http://searchengineland.com/googles-location-tracking-better-now-ever-269922", "row": 18, "column": 50, "tagName": "meta", "time": 9453.276732, "url": "", "pos": 1, "chunkLen": 1, "isStartTag": 1}}
06-28 11:13:05.340 15552 15566 E WProf.db: {"WprofHTMLTag": {"code": "0xaf047a00", "doc": "http://searchengineland.com/googles-location-tracking-better-now-ever-269922", "row": 19, "column": 174, "tagName": "meta", "time": 9453.276835, "url": "", "pos": 1, "chunkLen": 1, "isStartTag": 1}}
06-28 11:13:05.340 15552 15566 E WProf.db: {"WprofHTMLTag": {"code": "0xaf047970", "doc": "http://searchengineland.com/googles-location-tracking-better-now-ever-269922", "row": 20, "column": 47, "tagName": "meta", "time": 9453.276941, "url": "", "pos": 1, "chunkLen": 1, "isStartTag": 1}}
06-28 11:13:05.340 15552 15566 E WProf.db: {"WprofHTMLTag": {"code": "0xaf047940", "doc": "http://searchengineland.com/googles-location-tracking-better-now-ever-269922", "row": 21, "column": 67, "tagName": "meta", "time": 9453.277045, "url": "", "pos": 1, "chunkLen": 1, "isStartTag": 1}}
06-28 11:13:05.341 15552 15566 E WProf.db: {"WprofHTMLTag": {"code": "0xaf047a30", "doc": "http://searchengineland.com/googles-location-tracking-better-now-ever-269922", "row": 22, "column": 57, "tagName": "meta", "time": 9453.277152, "url": "", "pos": 1, "chunkLen": 1, "isStartTag": 1}}
06-28 11:13:05.341 15552 15566 E WProf.db: {"WprofHTMLTag": {"code": "0xaf047a60", "doc": "http://searchengineland.com/googles-location-tracking-better-now-ever-269922", "row": 23, "column": 65, "tagName": "meta", "time": 9453.277260, "url": "", "pos": 1, "chunkLen": 1, "isStartTag": 1}}
06-28 11:13:05.341 15552 15566 E WProf.db: {"WprofHTMLTag": {"code": "0xaf047a90", "doc": "http://searchengineland.com/googles-location-tracking-better-now-ever-269922", "row": 24, "column": 55, "tagName": "meta", "time": 9453.277367, "url": "", "pos": 1, "chunkLen": 1, "isStartTag": 1}}
06-28 11:13:05.341 15552 15566 E WProf.db: {"WprofHTMLTag": {"code": "0xaf047ac0", "doc": "http://searchengineland.com/googles-location-tracking-better-now-ever-269922", "row": 25, "column": 71, "tagName": "meta", "time": 9453.277472, "url": "", "pos": 1, "chunkLen": 1, "isStartTag": 1}}
06-28 11:13:05.341 15552 15566 E WProf.db: {"WprofHTMLTag": {"code": "0xaf047af0", "doc": "http://searchengineland.com/googles-location-tracking-better-now-ever-269922", "row": 26, "column": 86, "tagName": "meta", "time": 9453.277579, "url": "", "pos": 1, "chunkLen": 1, "isStartTag": 1}}
06-28 11:13:05.341 15552 15566 E WProf.db: {"WprofHTMLTag": {"code": "0xaf047b20", "doc": "http://searchengineland.com/googles-location-tracking-better-now-ever-269922", "row": 27, "column": 54, "tagName": "meta", "time": 9453.277686, "url": "", "pos": 1, "chunkLen": 1, "isStartTag": 1}}
06-28 11:13:05.341 15552 15566 E WProf.db: {"WprofHTMLTag": {"code": "0xaf047b50", "doc": "http://searchengineland.com/googles-location-tracking-better-now-ever-269922", "row": 29, "column": 161, "tagName": "meta", "time": 9453.277793, "url": "", "pos": 1, "chunkLen": 1, "isStartTag": 1}}
06-28 11:13:05.341 15552 15566 E WProf.db: {"WprofHTMLTag": {"code": "0xaf047b80", "doc": "http://searchengineland.com/googles-location-tracking-better-now-ever-269922", "row": 30, "column": 228, "tagName": "meta", "time": 9453.277900, "url": "", "pos": 1, "chunkLen": 1, "isStartTag": 1}}
06-28 11:13:05.341 15552 15566 E WProf.db: {"WprofHTMLTag": {"code": "0xaf047bb0", "doc": "http://searchengineland.com/googles-location-tracking-better-now-ever-269922", "row": 31, "column": 55, "tagName": "meta", "time": 9453.278002, "url": "", "pos": 1, "chunkLen": 1, "isStartTag": 1}}
06-28 11:13:05.341 15552 15566 E WProf.db: {"WprofHTMLTag": {"code": "0xaf047be0", "doc": "http://searchengineland.com/googles-location-tracking-better-now-ever-269922", "row": 32, "column": 54, "tagName": "meta", "time": 9453.278104, "url": "", "pos": 1, "chunkLen": 1, "isStartTag": 1}}
06-28 11:13:05.341 15552 15566 E WProf.db: {"WprofHTMLTag": {"code": "0xaf047c10", "doc": "http://searchengineland.com/googles-location-tracking-better-now-ever-269922", "row": 33, "column": 135, "tagName": "meta", "time": 9453.278216, "url": "", "pos": 1, "chunkLen": 1, "isStartTag": 1}}
06-28 11:13:05.341 15552 15566 E WProf.db: {"WprofHTMLTag": {"code": "0xaf047c40", "doc": "http://searchengineland.com/googles-location-tracking-better-now-ever-269922", "row": 37, "column": 36, "tagName": "script", "time": 9453.278318, "url": "", "pos": 1, "chunkLen": 1, "isStartTag": 1}}
06-28 11:13:05.342 15552 15566 E WProf.db: {"WprofHTMLTag": {"code": "0xaf047c70", "doc": "http://searchengineland.com/googles-location-tracking-better-now-ever-269922", "row": 53, "column": 10, "tagName": "script", "time": 9453.279885, "url": "", "pos": 1, "chunkLen": 1, "isStartTag": 0}}
06-28 11:13:05.342 15552 15566 E WProf.db: {"WprofHTMLTag": {"code": "0xaedcc660", "doc": "http://searchengineland.com/googles-location-tracking-better-now-ever-269922", "row": 55, "column": 86, "tagName": "link", "time": 9453.280537, "url": "http://searchengineland.com/apple-touch-icon.png", "pos": 1, "chunkLen": 1, "isStartTag": 1}}
06-28 11:13:05.342 15552 15566 E WProf.db: {"WprofHTMLTag": {"code": "0xaf047ca0", "doc": "http://searchengineland.com/googles-location-tracking-better-now-ever-269922", "row": 56, "column": 76, "tagName": "link", "time": 9453.280810, "url": "http://searchengineland.com/favicon.ico", "pos": 1, "chunkLen": 1, "isStartTag": 1}}
06-28 11:13:05.342 15552 15566 E WProf.db: {"WprofHTMLTag": {"code": "0xaf047cd0", "doc": "http://searchengineland.com/googles-location-tracking-better-now-ever-269922", "row": 57, "column": 158, "tagName": "link", "time": 9453.281007, "url": "http://feeds.searchengineland.com/searchengineland", "pos": 1, "chunkLen": 1, "isStartTag": 1}}
06-28 11:13:05.342 15552 15566 E WProf.db: {"WprofHTMLTag": {"code": "0xaf047d00", "doc": "http://searchengineland.com/googles-location-tracking-better-now-ever-269922", "row": 58, "column": 149, "tagName": "link", "time": 9453.281263, "url": "http://feeds.searchengineland.com/searchcap", "pos": 1, "chunkLen": 1, "isStartTag": 1}}
06-28 11:13:05.342 15552 15566 E WProf.db: {"WprofHTMLTag": {"code": "0xaf047d30", "doc": "http://searchengineland.com/googles-location-tracking-better-now-ever-269922", "row": 59, "column": 150, "tagName": "link", "time": 9453.281530, "url": "http://searchengineland.com/figz/wp-content/themes/searchengineland/css/searchengineland-bootstrap.css", "pos": 1, "chunkLen": 1, "isStartTag": 1}}
06-28 11:13:05.342 15552 15566 E WProf.db: {"WprofHTMLTag": {"code": "0xaf047d90", "doc": "http://searchengineland.com/googles-location-tracking-better-now-ever-269922", "row": 60, "column": 105, "tagName": "link", "time": 9453.282909, "url": "http://fonts.googleapis.com/css?family=Oswald:300,400,700", "pos": 1, "chunkLen": 1, "isStartTag": 1}}
06-28 11:13:05.342 15552 15566 E WProf.db: {"WprofHTMLTag": {"code": "0xaf047df0", "doc": "http://searchengineland.com/googles-location-tracking-better-now-ever-269922", "row": 61, "column": 125, "tagName": "link", "time": 9453.284165, "url": "http://searchengineland.com/figz/wp-content/themes/searchengineland/style.css", "pos": 1, "chunkLen": 1, "isStartTag": 1}}
06-28 11:13:05.342 15552 15566 E WProf.db: {"WprofHTMLTag": {"code": "0xaf047e50", "doc": "http://searchengineland.com/googles-location-tracking-better-now-ever-269922", "row": 65, "column": 7, "tagName": "title", "time": 9453.285497, "url": "", "pos": 1, "chunkLen": 1, "isStartTag": 1}}
06-28 11:13:05.342 15552 15566 E WProf.db: {"WprofHTMLTag": {"code": "0xaf047e80", "doc": "http://searchengineland.com/googles-location-tracking-better-now-ever-269922", "row": 65, "column": 72, "tagName": "title", "time": 9453.285955, "url": "", "pos": 1, "chunkLen": 1, "isStartTag": 0}}
06-28 11:13:05.342 15552 15566 E WProf.db: {"WprofHTMLTag": {"code": "0xaf047eb0", "doc": "http://searchengineland.com/googles-location-tracking-better-now-ever-269922", "row": 66, "column": 225, "tagName": "meta", "time": 9453.285980, "url": "", "pos": 1, "chunkLen": 1, "isStartTag": 1}}
06-28 11:13:05.342 15552 15566 E WProf.db: {"WprofHTMLTag": {"code": "0xaf047ee0", "doc": "http://searchengineland.com/googles-location-tracking-better-now-ever-269922", "row": 67, "column": 162, "tagName": "meta", "time": 9453.286128, "url": "", "pos": 1, "chunkLen": 1, "isStartTag": 1}}
06-28 11:13:05.343 15552 15566 E WProf.db: {"WprofHTMLTag": {"code": "0xaf047f10", "doc": "http://searchengineland.com/googles-location-tracking-better-now-ever-269922", "row": 68, "column": 118, "tagName": "meta", "time": 9453.286240, "url": "", "pos": 1, "chunkLen": 1, "isStartTag": 1}}
06-28 11:13:05.343 15552 15566 E WProf.db: {"WprofHTMLTag": {"code": "0xaf047f40", "doc": "http://searchengineland.com/googles-location-tracking-better-now-ever-269922", "row": 69, "column": 37, "tagName": "meta", "time": 9453.286353, "url": "", "pos": 1, "chunkLen": 1, "isStartTag": 1}}
06-28 11:13:05.343 15552 15566 E WProf.db: {"WprofHTMLTag": {"code": "0xaf047f70", "doc": "http://searchengineland.com/googles-location-tracking-better-now-ever-269922", "row": 70, "column": 108, "tagName": "link", "time": 9453.286462, "url": "http://searchengineland.com/googles-location-tracking-better-now-ever-269922", "pos": 1, "chunkLen": 1, "isStartTag": 1}}
06-28 11:13:05.343 15552 15566 E WProf.db: {"WprofHTMLTag": {"code": "0xaf047fa0", "doc": "http://searchengineland.com/googles-location-tracking-better-now-ever-269922", "row": 71, "column": 76, "tagName": "link", "time": 9453.286673, "url": "https://plus.google.com/103218677032751327334", "pos": 1, "chunkLen": 1, "isStartTag": 1}}
06-28 11:13:05.343 15552 15566 E WProf.db: {"WprofHTMLTag": {"code": "0xaf047fd0", "doc": "http://searchengineland.com/googles-location-tracking-better-now-ever-269922", "row": 72, "column": 45, "tagName": "meta", "time": 9453.286856, "url": "", "pos": 1, "chunkLen": 1, "isStartTag": 1}}
06-28 11:13:05.343 15552 15566 E WProf.db: {"WprofHTMLTag": {"code": "0xb4cc74b0", "doc": "http://searchengineland.com/googles-location-tracking-better-now-ever-269922", "row": 73, "column": 45, "tagName": "meta", "time": 9453.286967, "url": "", "pos": 1, "chunkLen": 1, "isStartTag": 1}}
06-28 11:13:05.343 15552 15566 E WProf.db: {"WprofHTMLTag": {"code": "0xb4cc7540", "doc": "http://searchengineland.com/googles-location-tracking-better-now-ever-269922", "row": 74, "column": 96, "tagName": "meta", "time": 9453.287199, "url": "", "pos": 1, "chunkLen": 1, "isStartTag": 1}}
06-28 11:13:05.343 15552 15566 E WProf.db: {"WprofHTMLTag": {"code": "0xb4cc78a0", "doc": "http://searchengineland.com/googles-location-tracking-better-now-ever-269922", "row": 75, "column": 233, "tagName": "meta", "time": 9453.287309, "url": "", "pos": 1, "chunkLen": 1, "isStartTag": 1}}
06-28 11:13:05.343 15552 15566 E WProf.db: {"WprofHTMLTag": {"code": "0xb4cc78d0", "doc": "http://searchengineland.com/googles-location-tracking-better-now-ever-269922", "row": 76, "column": 113, "tagName": "meta", "time": 9453.287413, "url": "", "pos": 1, "chunkLen": 1, "isStartTag": 1}}
06-28 11:13:05.343 15552 15566 E WProf.db: {"WprofHTMLTag": {"code": "0xb4cc7900", "doc": "http://searchengineland.com/googles-location-tracking-better-now-ever-269922", "row": 77, "column": 61, "tagName": "meta", "time": 9453.287515, "url": "", "pos": 1, "chunkLen": 1, "isStartTag": 1}}
06-28 11:13:05.343 15552 15566 E WProf.db: {"WprofHTMLTag": {"code": "0xb4cc7930", "doc": "http://searchengineland.com/googles-location-tracking-better-now-ever-269922", "row": 78, "column": 89, "tagName": "meta", "time": 9453.287622, "url": "", "pos": 1, "chunkLen": 1, "isStartTag": 1}}
06-28 11:13:05.343 15552 15566 E WProf.db: {"WprofHTMLTag": {"code": "0xb4cc7960", "doc": "http://searchengineland.com/googles-location-tracking-better-now-ever-269922", "row": 79, "column": 58, "tagName": "meta", "time": 9453.287728, "url": "", "pos": 1, "chunkLen": 1, "isStartTag": 1}}
06-28 11:13:05.344 15552 15566 E WProf.db: {"WprofHTMLTag": {"code": "0xb4cc7990", "doc": "http://searchengineland.com/googles-location-tracking-better-now-ever-269922", "row": 80, "column": 78, "tagName": "meta", "time": 9453.287833, "url": "", "pos": 1, "chunkLen": 1, "isStartTag": 1}}
06-28 11:13:05.344 15552 15566 E WProf.db: {"WprofHTMLTag": {"code": "0xb4cc79c0", "doc": "http://searchengineland.com/googles-location-tracking-better-now-ever-269922", "row": 81, "column": 77, "tagName": "meta", "time": 9453.287935, "url": "", "pos": 1, "chunkLen": 1, "isStartTag": 1}}
06-28 11:13:05.344 15552 15566 E WProf.db: {"WprofHTMLTag": {"code": "0xb4cc79f0", "doc": "http://searchengineland.com/googles-location-tracking-better-now-ever-269922", "row": 82, "column": 71, "tagName": "meta", "time": 9453.288034, "url": "", "pos": 1, "chunkLen": 1, "isStartTag": 1}}
06-28 11:13:05.344 15552 15566 E WProf.db: {"WprofHTMLTag": {"code": "0xb4cc7a20", "doc": "http://searchengineland.com/googles-location-tracking-better-now-ever-269922", "row": 83, "column": 129, "tagName": "meta", "time": 9453.288141, "url": "", "pos": 1, "chunkLen": 1, "isStartTag": 1}}
06-28 11:13:05.344 15552 15566 E WProf.db: {"WprofHTMLTag": {"code": "0xb4cc7a50", "doc": "http://searchengineland.com/googles-location-tracking-better-now-ever-269922", "row": 84, "column": 49, "tagName": "meta", "time": 9453.288245, "url": "", "pos": 1, "chunkLen": 1, "isStartTag": 1}}
06-28 11:13:05.344 15552 15566 E WProf.db: {"WprofHTMLTag": {"code": "0xb4cc7a80", "doc": "http://searchengineland.com/googles-location-tracking-better-now-ever-269922", "row": 85, "column": 50, "tagName": "meta", "time": 9453.288352, "url": "", "pos": 1, "chunkLen": 1, "isStartTag": 1}}
06-28 11:13:05.344 15552 15566 E WProf.db: {"WprofHTMLTag": {"code": "0xb4cc7ab0", "doc": "http://searchengineland.com/googles-location-tracking-better-now-ever-269922", "row": 86, "column": 58, "tagName": "meta", "time": 9453.288460, "url": "", "pos": 1, "chunkLen": 1, "isStartTag": 1}}
06-28 11:13:05.344 15552 15566 E WProf.db: {"WprofHTMLTag": {"code": "0xb4cc7ae0", "doc": "http://searchengineland.com/googles-location-tracking-better-now-ever-269922", "row": 87, "column": 234, "tagName": "meta", "time": 9453.288570, "url": "", "pos": 1, "chunkLen": 1, "isStartTag": 1}}
06-28 11:13:05.344 15552 15566 E WProf.db: {"WprofHTMLTag": {"code": "0xb4cc7b10", "doc": "http://searchengineland.com/googles-location-tracking-better-now-ever-269922", "row": 88, "column": 97, "tagName": "meta", "time": 9453.288674, "url": "", "pos": 1, "chunkLen": 1, "isStartTag": 1}}
06-28 11:13:05.344 15552 15566 E WProf.db: {"WprofHTMLTag": {"code": "0xb4cc7b40", "doc": "http://searchengineland.com/googles-location-tracking-better-now-ever-269922", "row": 89, "column": 51, "tagName": "meta", "time": 9453.288776, "url": "", "pos": 1, "chunkLen": 1, "isStartTag": 1}}
06-28 11:13:05.344 15552 15566 E WProf.db: {"WprofHTMLTag": {"code": "0xb4cc7b70", "doc": "http://searchengineland.com/googles-location-tracking-better-now-ever-269922", "row": 90, "column": 130, "tagName": "meta", "time": 9453.288888, "url": "", "pos": 1, "chunkLen": 1, "isStartTag": 1}}
06-28 11:13:05.344 15552 15566 E WProf.db: {"WprofHTMLTag": {"code": "0xb4cc7ba0", "doc": "http://searchengineland.com/googles-location-tracking-better-now-ever-269922", "row": 91, "column": 58, "tagName": "meta", "time": 9453.288999, "url": "", "pos": 1, "chunkLen": 1, "isStartTag": 1}}
06-28 11:13:05.345 15552 15566 E WProf.db: {"WprofHTMLTag": {"code": "0xb4cc7bd0", "doc": "http://searchengineland.com/googles-location-tracking-better-now-ever-269922", "row": 94, "column": 44, "tagName": "link", "time": 9453.289107, "url": "http://s.w.org/", "pos": 1, "chunkLen": 1, "isStartTag": 1}}
06-28 11:13:05.345 15552 15566 E WProf.db: {"WprofHTMLTag": {"code": "0xb4cc7c00", "doc": "http://searchengineland.com/googles-location-tracking-better-now-ever-269922", "row": 95, "column": 33, "tagName": "script", "time": 9453.289322, "url": "", "pos": 1, "chunkLen": 1, "isStartTag": 1}}
06-28 11:13:05.345 15552 15566 E WProf.db: {"WprofHTMLTag": {"code": "0xb4cc7c30", "doc": "http://searchengineland.com/googles-location-tracking-better-now-ever-269922", "row": 98, "column": 11, "tagName": "script", "time": 9453.289514, "url": "http://searchengineland.com/figz/wp-includes/js/wp-emoji-release.min.js?ver=4.7.5", "pos": 1, "chunkLen": 1, "isStartTag": 0}}
06-28 11:13:05.345 15552 15566 E WProf.db: {"WprofHTMLTag": {"code": "0x9e81c900", "doc": "http://searchengineland.com/googles-location-tracking-better-now-ever-269922", "row": 99, "column": 25, "tagName": "style", "time": 9453.903070, "url": "", "pos": 1, "chunkLen": 1, "isStartTag": 1}}
06-28 11:13:05.345 15552 15566 E WProf.db: {"WprofHTMLTag": {"code": "0x9e81c930", "doc": "http://searchengineland.com/googles-location-tracking-better-now-ever-269922", "row": 112, "column": 8, "tagName": "style", "time": 9453.903297, "url": "", "pos": 1, "chunkLen": 1, "isStartTag": 0}}
06-28 11:13:05.345 15552 15566 E WProf.db: {"WprofHTMLTag": {"code": "0x9e81c960", "doc": "http://searchengineland.com/googles-location-tracking-better-now-ever-269922", "row": 113, "column": 140, "tagName": "script", "time": 9453.905281, "url": "http://searchengineland.com/figz/wp-content/themes/searchengineland/js/lib/modernizr.custom.js?ver=1.0", "pos": 1, "chunkLen": 1, "isStartTag": 1}}
06-28 11:13:05.345 15552 15566 E WProf.db: {"WprofHTMLTag": {"code": "0x9e81c990", "doc": "http://searchengineland.com/googles-location-tracking-better-now-ever-269922", "row": 113, "column": 149, "tagName": "script", "time": 9453.905519, "url": "", "pos": 1, "chunkLen": 1, "isStartTag": 0}}
06-28 11:13:05.345 15552 15566 E WProf.db: {"WprofHTMLTag": {"code": "0x9e81ca20", "doc": "http://searchengineland.com/googles-location-tracking-better-now-ever-269922", "row": 114, "column": 144, "tagName": "script", "time": 9453.916765, "url": "http://searchengineland.com/figz/wp-content/themes/searchengineland/js/lib/jquery-1.11.0.min.js?ver=1.11.0", "pos": 1, "chunkLen": 1, "isStartTag": 1}}
06-28 11:13:05.345 15552 15566 E WProf.db: {"WprofHTMLTag": {"code": "0x9e81ca50", "doc": "http://searchengineland.com/googles-location-tracking-better-now-ever-269922", "row": 114, "column": 153, "tagName": "script", "time": 9453.917017, "url": "", "pos": 1, "chunkLen": 1, "isStartTag": 0}}
06-28 11:13:05.345 15552 15566 E WProf.db: {"WprofHTMLTag": {"code": "0xaedccf00", "doc": "http://searchengineland.com/googles-location-tracking-better-now-ever-269922", "row": 0, "column": 15, "tagName": "div", "time": 9453.987603, "url": "", "pos": 15, "chunkLen": 44, "isStartTag": 1}}
06-28 11:13:05.345 15552 15566 E WProf.db: {"WprofHTMLTag": {"code": "0xaedcced0", "doc": "http://searchengineland.com/googles-location-tracking-better-now-ever-269922", "row": 0, "column": 21, "tagName": "div", "time": 9453.987729, "url": "", "pos": 21, "chunkLen": 44, "isStartTag": 0}}
06-28 11:13:05.345 15552 15566 E WProf.db: {"WprofHTMLTag": {"code": "0xaedccea0", "doc": "http://searchengineland.com/googles-location-tracking-better-now-ever-269922", "row": 0, "column": 38, "tagName": "div", "time": 9453.987788, "url": "", "pos": 38, "chunkLen": 44, "isStartTag": 1}}
06-28 11:13:05.346 15552 15566 E WProf.db: {"WprofHTMLTag": {"code": "0xaedcce70", "doc": "http://searchengineland.com/googles-location-tracking-better-now-ever-269922", "row": 0, "column": 44, "tagName": "div", "time": 9453.987899, "url": "", "pos": 44, "chunkLen": 44, "isStartTag": 0}}
06-28 11:13:05.346 15552 15566 E WProf.db: {"WprofHTMLTag": {"code": "0xaedcccc0", "doc": "http://searchengineland.com/googles-location-tracking-better-now-ever-269922", "row": 0, "column": 13, "tagName": "select", "time": 9453.989210, "url": "", "pos": 13, "chunkLen": 51, "isStartTag": 1}}
06-28 11:13:05.346 15552 15566 E WProf.db: {"WprofHTMLTag": {"code": "0xaedcce40", "doc": "http://searchengineland.com/googles-location-tracking-better-now-ever-269922", "row": 0, "column": 33, "tagName": "option", "time": 9453.989387, "url": "", "pos": 33, "chunkLen": 51, "isStartTag": 1}}
06-28 11:13:05.346 15552 15566 E WProf.db: {"WprofHTMLTag": {"code": "0x9e81ca80", "doc": "http://searchengineland.com/googles-location-tracking-better-now-ever-269922", "row": 0, "column": 42, "tagName": "option", "time": 9453.989583, "url": "", "pos": 42, "chunkLen": 51, "isStartTag": 0}}
06-28 11:13:05.346 15552 15566 E WProf.db: {"WprofHTMLTag": {"code": "0x9e81cab0", "doc": "http://searchengineland.com/googles-location-tracking-better-now-ever-269922", "row": 0, "column": 51, "tagName": "select", "time": 9453.989640, "url": "", "pos": 51, "chunkLen": 51, "isStartTag": 0}}
06-28 11:13:05.346 15552 15566 E WProf.db: {"WprofHTMLTag": {"code": "0x9e81cae0", "doc": "http://searchengineland.com/googles-location-tracking-better-now-ever-269922", "row": 0, "column": 12, "tagName": "a", "time": 9453.993891, "url": "", "pos": 12, "chunkLen": 16, "isStartTag": 1}}
06-28 11:13:05.346 15552 15566 E WProf.db: {"WprofHTMLTag": {"code": "0x9e81cb10", "doc": "http://searchengineland.com/googles-location-tracking-better-now-ever-269922", "row": 0, "column": 16, "tagName": "a", "time": 9453.994034, "url": "", "pos": 16, "chunkLen": 16, "isStartTag": 0}}
06-28 11:13:05.346 15552 15566 E WProf.db: {"WprofHTMLTag": {"code": "0x9e81cb40", "doc": "http://searchengineland.com/googles-location-tracking-better-now-ever-269922", "row": 0, "column": 8, "tagName": "input", "time": 9453.994974, "url": "", "pos": 8, "chunkLen": 8, "isStartTag": 1}}
06-28 11:13:05.346 15552 15566 E WProf.db: {"WprofHTMLTag": {"code": "0x9e81cb70", "doc": "http://searchengineland.com/googles-location-tracking-better-now-ever-269922", "row": 0, "column": 9, "tagName": "link", "time": 9454.003999, "url": "", "pos": 9, "chunkLen": 42, "isStartTag": 1}}
06-28 11:13:05.346 15552 15566 E WProf.db: {"WprofHTMLTag": {"code": "0x9e81cba0", "doc": "http://searchengineland.com/googles-location-tracking-better-now-ever-269922", "row": 0, "column": 16, "tagName": "table", "time": 9454.004111, "url": "", "pos": 16, "chunkLen": 42, "isStartTag": 1}}
06-28 11:13:05.346 15552 15566 E WProf.db: {"WprofHTMLTag": {"code": "0x9e81cbd0", "doc": "http://searchengineland.com/googles-location-tracking-better-now-ever-269922", "row": 0, "column": 24, "tagName": "table", "time": 9454.004234, "url": "", "pos": 24, "chunkLen": 42, "isStartTag": 0}}
06-28 11:13:05.346 15552 15566 E WProf.db: {"WprofHTMLTag": {"code": "0x9e81cc00", "doc": "http://searchengineland.com/googles-location-tracking-better-now-ever-269922", "row": 0, "column": 37, "tagName": "a", "time": 9454.004296, "url": "", "pos": 37, "chunkLen": 42, "isStartTag": 1}}
06-28 11:13:05.347 15552 15566 E WProf.db: {"WprofHTMLTag": {"code": "0x9e81cc30", "doc": "http://searchengineland.com/googles-location-tracking-better-now-ever-269922", "row": 0, "column": 42, "tagName": "a", "time": 9454.004457, "url": "", "pos": 42, "chunkLen": 42, "isStartTag": 0}}
06-28 11:13:05.347 15552 15566 E WProf.db: {"WprofHTMLTag": {"code": "0x9e81ccc0", "doc": "http://searchengineland.com/googles-location-tracking-better-now-ever-269922", "row": 0, "column": 10, "tagName": "textarea", "time": 9454.005531, "url": "", "pos": 10, "chunkLen": 22, "isStartTag": 1}}
06-28 11:13:05.347 15552 15566 E WProf.db: {"WprofHTMLTag": {"code": "0x9e81ccf0", "doc": "http://searchengineland.com/googles-location-tracking-better-now-ever-269922", "row": 0, "column": 22, "tagName": "textarea", "time": 9454.005714, "url": "", "pos": 22, "chunkLen": 22, "isStartTag": 0}}
06-28 11:13:05.347 15552 15566 E WProf.db: {"WprofHTMLTag": {"code": "0x9e81cd20", "doc": "http://searchengineland.com/googles-location-tracking-better-now-ever-269922", "row": 0, "column": 48, "tagName": "input", "time": 9454.006782, "url": "", "pos": 48, "chunkLen": 48, "isStartTag": 1}}
06-28 11:13:05.347 15552 15566 E WProf.db: {"WprofHTMLTag": {"code": "0x9e81cd80", "doc": "http://searchengineland.com/googles-location-tracking-better-now-ever-269922", "row": 0, "column": 9, "tagName": "link", "time": 9454.010932, "url": "", "pos": 9, "chunkLen": 66, "isStartTag": 1}}
06-28 11:13:05.347 15552 15566 E WProf.db: {"WprofHTMLTag": {"code": "0x9e81cdb0", "doc": "http://searchengineland.com/googles-location-tracking-better-now-ever-269922", "row": 0, "column": 16, "tagName": "table", "time": 9454.011041, "url": "", "pos": 16, "chunkLen": 66, "isStartTag": 1}}
06-28 11:13:05.347 15552 15566 E WProf.db: {"WprofHTMLTag": {"code": "0x9e81cde0", "doc": "http://searchengineland.com/googles-location-tracking-better-now-ever-269922", "row": 0, "column": 24, "tagName": "table", "time": 9454.011109, "url": "", "pos": 24, "chunkLen": 66, "isStartTag": 0}}
06-28 11:13:05.347 15552 15566 E WProf.db: {"WprofHTMLTag": {"code": "0x9e81ce10", "doc": "http://searchengineland.com/googles-location-tracking-better-now-ever-269922", "row": 0, "column": 37, "tagName": "a", "time": 9454.011168, "url": "", "pos": 37, "chunkLen": 66, "isStartTag": 1}}
06-28 11:13:05.347 15552 15566 E WProf.db: {"WprofHTMLTag": {"code": "0x9e81ce40", "doc": "http://searchengineland.com/googles-location-tracking-better-now-ever-269922", "row": 0, "column": 42, "tagName": "a", "time": 9454.011331, "url": "", "pos": 42, "chunkLen": 66, "isStartTag": 0}}
06-28 11:13:05.347 15552 15566 E WProf.db: {"WprofHTMLTag": {"code": "0x9e81ce70", "doc": "http://searchengineland.com/googles-location-tracking-better-now-ever-269922", "row": 0, "column": 66, "tagName": "input", "time": 9454.011392, "url": "", "pos": 66, "chunkLen": 66, "isStartTag": 1}}
06-28 11:13:05.347 15552 15566 E WProf.db: {"WprofHTMLTag": {"code": "0x9e81cf00", "doc": "http://searchengineland.com/googles-location-tracking-better-now-ever-269922", "row": 0, "column": 9, "tagName": "link", "time": 9454.013022, "url": "", "pos": 9, "chunkLen": 66, "isStartTag": 1}}
06-28 11:13:05.347 15552 15566 E WProf.db: {"WprofHTMLTag": {"code": "0x9e81cf30", "doc": "http://searchengineland.com/googles-location-tracking-better-now-ever-269922", "row": 0, "column": 16, "tagName": "table", "time": 9454.013126, "url": "", "pos": 16, "chunkLen": 66, "isStartTag": 1}}
06-28 11:13:05.347 15552 15566 E WProf.db: {"WprofHTMLTag": {"code": "0x9e81cf60", "doc": "http://searchengineland.com/googles-location-tracking-better-now-ever-269922", "row": 0, "column": 24, "tagName": "table", "time": 9454.013191, "url": "", "pos": 24, "chunkLen": 66, "isStartTag": 0}}
06-28 11:13:05.348 15552 15566 E WProf.db: {"WprofHTMLTag": {"code": "0x9e81cf90", "doc": "http://searchengineland.com/googles-location-tracking-better-now-ever-269922", "row": 0, "column": 37, "tagName": "a", "time": 9454.013249, "url": "", "pos": 37, "chunkLen": 66, "isStartTag": 1}}
06-28 11:13:05.349 15552 15566 E WProf.db: {"WprofHTMLTag": {"code": "0x9e81cfc0", "doc": "http://searchengineland.com/googles-location-tracking-better-now-ever-269922", "row": 0, "column": 42, "tagName": "a", "time": 9454.013405, "url": "", "pos": 42, "chunkLen": 66, "isStartTag": 0}}
06-28 11:13:05.349 15552 15566 E WProf.db: {"WprofHTMLTag": {"code": "0x9e81cff0", "doc": "http://searchengineland.com/googles-location-tracking-better-now-ever-269922", "row": 0, "column": 66, "tagName": "input", "time": 9454.013467, "url": "", "pos": 66, "chunkLen": 66, "isStartTag": 1}}
06-28 11:13:05.349 15552 15566 E WProf.db: {"WprofHTMLTag": {"code": "0x9e81d050", "doc": "http://searchengineland.com/googles-location-tracking-better-now-ever-269922", "row": 0, "column": 9, "tagName": "link", "time": 9454.017319, "url": "", "pos": 9, "chunkLen": 66, "isStartTag": 1}}
06-28 11:13:05.349 15552 15566 E WProf.db: {"WprofHTMLTag": {"code": "0x9e81d080", "doc": "http://searchengineland.com/googles-location-tracking-better-now-ever-269922", "row": 0, "column": 16, "tagName": "table", "time": 9454.017423, "url": "", "pos": 16, "chunkLen": 66, "isStartTag": 1}}
06-28 11:13:05.349 15552 15566 E WProf.db: {"WprofHTMLTag": {"code": "0x9e81d0b0", "doc": "http://searchengineland.com/googles-location-tracking-better-now-ever-269922", "row": 0, "column": 24, "tagName": "table", "time": 9454.017490, "url": "", "pos": 24, "chunkLen": 66, "isStartTag": 0}}
06-28 11:13:05.349 15552 15566 E WProf.db: {"WprofHTMLTag": {"code": "0x9e81d0e0", "doc": "http://searchengineland.com/googles-location-tracking-better-now-ever-269922", "row": 0, "column": 37, "tagName": "a", "time": 9454.017547, "url": "", "pos": 37, "chunkLen": 66, "isStartTag": 1}}
06-28 11:13:05.349 15552 15566 E WProf.db: {"WprofHTMLTag": {"code": "0x9e81d110", "doc": "http://searchengineland.com/googles-location-tracking-better-now-ever-269922", "row": 0, "column": 42, "tagName": "a", "time": 9454.017706, "url": "", "pos": 42, "chunkLen": 66, "isStartTag": 0}}
06-28 11:13:05.349 15552 15566 E WProf.db: {"WprofHTMLTag": {"code": "0x9e81d140", "doc": "http://searchengineland.com/googles-location-tracking-better-now-ever-269922", "row": 0, "column": 66, "tagName": "input", "time": 9454.017767, "url": "", "pos": 66, "chunkLen": 66, "isStartTag": 1}}
06-28 11:13:05.350 15552 15566 E WProf.db: {"WprofHTMLTag": {"code": "0x9e81c9f0", "doc": "http://searchengineland.com/googles-location-tracking-better-now-ever-269922", "row": 115, "column": 154, "tagName": "script", "time": 9454.030106, "url": "http://searchengineland.com/figz/wp-content/themes/searchengineland/js/lib/jquery-ui-1.10.3.custom.min.js?ver=1.10.3", "pos": 67, "chunkLen": 67, "isStartTag": 1}}
06-28 11:13:05.350 15552 15566 E WProf.db: {"WprofHTMLTag": {"code": "0x9e81d260", "doc": "http://searchengineland.com/googles-location-tracking-better-now-ever-269922", "row": 115, "column": 163, "tagName": "script", "time": 9454.030356, "url": "", "pos": 67, "chunkLen": 67, "isStartTag": 0}}
06-28 11:13:05.350 15552 15566 E WProf.db: {"WprofHTMLTag": {"code": "0xaedccff0", "doc": "http://searchengineland.com/googles-location-tracking-better-now-ever-269922", "row": 0, "column": 111, "tagName": "div", "time": 9454.232566, "url": "", "pos": 111, "chunkLen": 117, "isStartTag": 1}}
06-28 11:13:05.350 15552 15566 E WProf.db: {"WprofHTMLTag": {"code": "0xaedccc00", "doc": "http://searchengineland.com/googles-location-tracking-better-now-ever-269922", "row": 0, "column": 117, "tagName": "div", "time": 9454.232787, "url": "", "pos": 117, "chunkLen": 117, "isStartTag": 0}}
06-28 11:13:05.350 15552 15566 E WProf.db: {"WprofHTMLTag": {"code": "0x9e81d5c0", "doc": "http://searchengineland.com/googles-location-tracking-better-now-ever-269922", "row": 116, "column": 155, "tagName": "script", "time": 9454.271482, "url": "http://searchengineland.com/figz/wp-content/themes/searchengineland/js/lib/jquery.ba-throttle-debounce.min.js?ver=1.1", "pos": 118, "chunkLen": 118, "isStartTag": 1}}
06-28 11:13:05.350 15552 15566 E WProf.db: {"WprofHTMLTag": {"code": "0x9e81d5f0", "doc": "http://searchengineland.com/googles-location-tracking-better-now-ever-269922", "row": 116, "column": 164, "tagName": "script", "time": 9454.272712, "url": "", "pos": 118, "chunkLen": 118, "isStartTag": 0}}
06-28 11:13:05.350 15552 15566 E WProf.db: {"WprofHTMLTag": {"code": "0x9e81d620", "doc": "http://searchengineland.com/googles-location-tracking-better-now-ever-269922", "row": 117, "column": 146, "tagName": "script", "time": 9454.281079, "url": "http://searchengineland.com/figz/wp-content/themes/searchengineland/js/lib/jquery.countdown.min.js?ver=2.0.4", "pos": 118, "chunkLen": 118, "isStartTag": 1}}
06-28 11:13:05.350 15552 15566 E WProf.db: {"WprofHTMLTag": {"code": "0x9e81d710", "doc": "http://searchengineland.com/googles-location-tracking-better-now-ever-269922", "row": 117, "column": 155, "tagName": "script", "time": 9454.282310, "url": "", "pos": 118, "chunkLen": 118, "isStartTag": 0}}
06-28 11:13:05.351 15552 15566 E WProf.db: {"WprofHTMLTag": {"code": "0x9e81d740", "doc": "http://searchengineland.com/googles-location-tracking-better-now-ever-269922", "row": 118, "column": 77, "tagName": "link", "time": 9454.294420, "url": "http://searchengineland.com/wp-json/", "pos": 118, "chunkLen": 118, "isStartTag": 1}}
06-28 11:13:05.351 15552 15566 E WProf.db: {"WprofHTMLTag": {"code": "0x9e81d8f0", "doc": "http://searchengineland.com/googles-location-tracking-better-now-ever-269922", "row": 119, "column": 69, "tagName": "link", "time": 9454.294772, "url": "http://searchengineland.com/?p=269922", "pos": 118, "chunkLen": 118, "isStartTag": 1}}
