--------- beginning of main
06-28 13:11:41.514  3449  3449 E Finsky  : [1] com.google.android.finsky.wear.bl.a(3): onConnectionFailed: ConnectionResult{statusCode=API_UNAVAILABLE, resolution=null, message=null}
--------- beginning of system
06-28 13:11:42.827 24982 24982 E chromium: [ERROR:shell_integration_android.cc(12)] Not implemented reached in static ShellIntegration::DefaultWebClientSetPermission ShellIntegration::CanSetAsDefaultBrowser()
06-28 13:11:42.830 24982 24982 E chromium: [ERROR:browser_process_impl.cc(720)] Not implemented reached in virtual BackgroundModeManager* BrowserProcessImpl::background_mode_manager()
06-28 13:11:43.180  3218 24091 E AudioRecord-JNI: Error -4 during AudioRecord native read
06-28 13:11:45.557 24982 25030 E chromium: [ERROR:gles2_cmd_decoder.cc(3852)] [.ChromiumCompositor-0xacbb34c0]GL ERROR :GL_INVALID_ENUM : glDiscardFramebufferEXT: attachments was GL_COLOR_EXT
06-28 13:11:45.853 25049 25062 E WPROF   : {"CSS": {"url": "http://searchengineland.com/figz/wp-content/themes/searchengineland/css/searchengineland-bootstrap.css", "requestTime": 16582.908563}}
06-28 13:11:45.860 25049 25062 E WPROF   : {"CSS": {"url": "http://fonts.googleapis.com/css?family=Oswald:300,400,700", "requestTime": 16582.915411}}
06-28 13:11:45.862 25049 25062 E WPROF   : {"CSS": {"url": "http://searchengineland.com/figz/wp-content/themes/searchengineland/style.css", "requestTime": 16582.918026}}
06-28 13:11:45.878 25049 25062 E WPROF   : {"Javascript": {"url": "http://searchengineland.com/figz/wp-content/themes/searchengineland/js/lib/modernizr.custom.js?ver=1.0", "requestTime": 16582.934136}}
06-28 13:11:45.879 25049 25062 E WPROF   : {"Javascript": {"url": "http://searchengineland.com/figz/wp-content/themes/searchengineland/js/lib/jquery-1.11.0.min.js?ver=1.11.0", "requestTime": 16582.934732}}
06-28 13:11:45.880 25049 25062 E WPROF   : {"Javascript": {"url": "http://searchengineland.com/figz/wp-content/themes/searchengineland/js/lib/jquery-ui-1.10.3.custom.min.js?ver=1.10.3", "requestTime": 16582.935230}}
06-28 13:11:45.880 25049 25062 E WPROF   : {"Javascript": {"url": "http://searchengineland.com/figz/wp-content/themes/searchengineland/js/lib/jquery.ba-throttle-debounce.min.js?ver=1.1", "requestTime": 16582.935733}}
06-28 13:11:45.881 25049 25062 E WPROF   : {"Javascript": {"url": "http://searchengineland.com/figz/wp-content/themes/searchengineland/js/lib/jquery.countdown.min.js?ver=2.0.4", "requestTime": 16582.936248}}
06-28 13:11:45.881 25049 25062 E WPROF   : {"Javascript": {"url": "http://static.chartbeat.com/js/chartbeat_mab.js", "requestTime": 16582.936790}}
06-28 13:11:46.446 25049 25062 E WPROF   : {"Javascript": {"url": "http://searchengineland.com/figz/wp-includes/js/wp-emoji-release.min.js?ver=4.7.5", "requestTime": 16583.501706}}
06-28 13:11:47.113 25049 25062 E WPROF   : {"Javascript": {"url": "http://www.googletagservices.com/tag/js/gpt.js", "requestTime": 16584.168489}}
06-28 13:11:47.116 25049 25062 E WPROF   : {"Javascript": {"url": "https://www.google-analytics.com/analytics.js", "requestTime": 16584.172207}}
06-28 13:11:47.118 25049 25062 E WPROF   : {"Javascript": {"url": "http://edge.quantserve.com/quant.js", "requestTime": 16584.174022}}
06-28 13:11:47.120 25049 25062 E WPROF   : {"Javascript": {"url": "https://connect.facebook.net/en_US/fbevents.js", "requestTime": 16584.175443}}
06-28 13:11:47.194 24982 25030 E chromium: [ERROR:gles2_cmd_decoder.cc(3852)] [.ChromiumCompositor-0xacbb34c0]GL ERROR :GL_INVALID_ENUM : glDiscardFramebufferEXT: attachments was GL_COLOR_EXT
06-28 13:11:47.246 25049 25062 E WPROF   : {"Javascript": {"url": "http://app-sj02.marketo.com/js/forms2/js/forms2.min.js", "requestTime": 16584.301704}}
06-28 13:11:47.379 24982 25030 E chromium: [ERROR:gles2_cmd_decoder.cc(3852)] [.ChromiumCompositor-0xacbb34c0]GL ERROR :GL_INVALID_ENUM : glDiscardFramebufferEXT: attachments was GL_COLOR_EXT
06-28 13:11:47.392 25049 25062 E WPROF   : {"Javascript": {"url": "https://connect.facebook.net/signals/config/423979991297359?v=2.7.17", "requestTime": 16584.447220}}
06-28 13:11:47.398 25049 25062 E WPROF   : {"Javascript": {"url": "https://securepubads.g.doubleclick.net/gpt/pubads_impl_121.js", "requestTime": 16584.453432}}
06-28 13:11:47.473 24982 25030 E chromium: [ERROR:gles2_cmd_decoder.cc(3852)] [.ChromiumCompositor-0xacbb34c0]GL ERROR :GL_INVALID_ENUM : glDiscardFramebufferEXT: attachments was GL_COLOR_EXT
06-28 13:11:47.813 25049 25062 E WPROF   : {"Javascript": {"url": "http://app-sj02.marketo.com/index.php/form/getForm?munchkinId=727-ZQE-044&form=5691&url=http%3A%2F%2Fsearchengineland.com%2Fgoogle-attribution-search-marketers-need-know-275751&callback=jQuery110207458880960475653_1498623107721&_=1498623107722", "requestTime": 16584.868768}}
06-28 13:11:47.831 25049 25062 E WPROF   : {"Javascript": {"url": "http://app-sj02.marketo.com/index.php/form/getForm?munchkinId=727-ZQE-044&form=5685&url=http%3A%2F%2Fsearchengineland.com%2Fgoogle-attribution-search-marketers-need-know-275751&callback=jQuery110207458880960475653_1498623107723&_=1498623107724", "requestTime": 16584.887076}}
06-28 13:11:48.059 25049 25062 E WPROF   : {"Javascript": {"url": "http://app-sj02.marketo.com/index.php/form/getForm?munchkinId=727-ZQE-044&form=5673&url=http%3A%2F%2Fsearchengineland.com%2Fgoogle-attribution-search-marketers-need-know-275751&callback=jQuery110207458880960475653_1498623107725&_=1498623107726", "requestTime": 16585.114687}}
06-28 13:11:48.071 25049 25062 E WPROF   : {"Javascript": {"url": "http://searchengineland.com/js/ga_social_tracking.js", "requestTime": 16585.127141}}
06-28 13:11:48.072 25049 25062 E WPROF   : {"Javascript": {"url": "http://s7.addthis.com/js/300/addthis_widget.js#pubid=ra-53e918f660794f37", "requestTime": 16585.127994}}
06-28 13:11:48.152 24982 25030 E chromium: [ERROR:gles2_cmd_decoder.cc(3852)] [.ChromiumCompositor-0xacbb34c0]GL ERROR :GL_INVALID_ENUM : glDiscardFramebufferEXT: attachments was GL_COLOR_EXT
06-28 13:11:48.375   862  1657 E LocSvc_IzatApiV02: E/virtual int izat_core::IzatApiV02::getBatchSize(int32_t):522]: Error : st = 4, ind.status = -1628389555
06-28 13:11:48.375   862  1657 E LocSvc_IzatApiV02: E/virtual int izat_core::IzatApiV02::getBatchSize(int32_t):535]: get batching size failed.Or modem does not support batching 
06-28 13:11:48.384   862  1657 E LocSvc_IzatApiV02: E/virtual int izat_core::IzatApiV02::getBatchSize(int32_t):522]: Error : st = 4, ind.status = -1628389555
06-28 13:11:48.385   862  1657 E LocSvc_IzatApiV02: E/virtual int izat_core::IzatApiV02::getBatchSize(int32_t):535]: get batching size failed.Or modem does not support batching 
06-28 13:11:48.418   862  1657 E LocSvc_IzatApiV02: E/virtual int izat_core::IzatApiV02::getBatchSize(int32_t):522]: Error : st = 4, ind.status = -1628389555
06-28 13:11:48.418   862  1657 E LocSvc_IzatApiV02: E/virtual int izat_core::IzatApiV02::getBatchSize(int32_t):535]: get batching size failed.Or modem does not support batching 
06-28 13:11:48.462   862  1657 E LocSvc_IzatApiV02: E/virtual int izat_core::IzatApiV02::getBatchSize(int32_t):522]: Error : st = 4, ind.status = -1628389555
06-28 13:11:48.462   862  1657 E LocSvc_IzatApiV02: E/virtual int izat_core::IzatApiV02::getBatchSize(int32_t):535]: get batching size failed.Or modem does not support batching 
06-28 13:11:48.679 25049 25062 E WPROF   : {"Javascript": {"url": "https://static.xx.fbcdn.net/rsrc.php/v3iy6L4/yk/l/ko_KR/be4fIjHRc8P.js", "requestTime": 16585.735004}}
06-28 13:11:48.855 25049 25062 E WPROF   : {"Javascript": {"url": "http://cdn.api.twitter.com/1/users/show.json?screen_name=ginnymarvin&callback=twttr.setFollowersCount", "requestTime": 16585.910383}}
06-28 13:11:48.987 24982 25030 E chromium: [ERROR:gles2_cmd_decoder.cc(3852)] [.ChromiumCompositor-0xacbb34c0]GL ERROR :GL_INVALID_ENUM : glDiscardFramebufferEXT: attachments was GL_COLOR_EXT
06-28 13:11:49.299 25049 25062 E WPROF   : {"Javascript": {"url": "http://platform.twitter.com/widgets.js", "requestTime": 16586.354458}}
06-28 13:11:49.301 25049 25062 E WPROF   : {"Javascript": {"url": "http://connect.facebook.net/en_US/sdk.js", "requestTime": 16586.356224}}
06-28 13:11:49.302 25049 25062 E WPROF   : {"Javascript": {"url": "https://apis.google.com/js/platform.js", "requestTime": 16586.357925}}
06-28 13:11:49.318 25049 25062 E WPROF   : {"Javascript": {"url": "http://rules.quantcount.com/rules-p-5aGizvD82d9hk.js", "requestTime": 16586.373444}}
06-28 13:11:49.320 25049 25062 E WPROF   : {"Javascript": {"url": "http://munchkin.marketo.net/munchkin.js", "requestTime": 16586.375965}}
06-28 13:11:49.483 25049 25062 E WPROF   : {"Javascript": {"url": "http://d2j3qa5nc37287.cloudfront.net/coupon_code1.js", "requestTime": 16586.538251}}
06-28 13:11:49.561 24982 25030 E chromium: [ERROR:gles2_cmd_decoder.cc(3852)] [.ChromiumCompositor-0xacbb34c0]GL ERROR :GL_INVALID_ENUM : glDiscardFramebufferEXT: attachments was GL_COLOR_EXT
06-28 13:11:49.593 25049 25062 E WPROF   : {"Javascript": {"url": "http://www.googleadservices.com/pagead/conversion.js", "requestTime": 16586.648945}}
06-28 13:11:49.596 25049 25062 E WPROF   : {"Javascript": {"url": "http://searchengineland.com/figz/wp-content/themes/searchengineland/js/script.js?ver=1.0", "requestTime": 16586.651483}}
06-28 13:11:49.598 25049 25062 E WPROF   : {"Javascript": {"url": "http://searchengineland.com/figz/wp-includes/js/wp-embed.min.js?ver=4.7.5", "requestTime": 16586.653272}}
06-28 13:11:49.598 25049 25062 E WPROF   : {"Javascript": {"url": "http://searchengineland.com/figz/wp-content/themes/searchengineland/js/modules/sharing_controls.js", "requestTime": 16586.653649}}
06-28 13:11:49.667 25049 25062 E WPROF   : {"CSS": {"url": "https://www.youtube.com/yts/cssbin/www-embed-player-sprite-mode-vfl5G4Xm8.css", "requestTime": 16586.722602}}
06-28 13:11:49.668 25049 25062 E WPROF   : {"Javascript": {"url": "https://www.youtube.com/yts/jsbin/www-embed-player-vfl_UY_j8/www-embed-player.js", "requestTime": 16586.723740}}
06-28 13:11:49.668 25049 25062 E WPROF   : {"Javascript": {"url": "https://www.youtube.com/yts/jsbin/player-vflo1w4O-/ko_KR/base.js", "requestTime": 16586.724168}}
06-28 13:11:49.693 24982 25030 E chromium: [ERROR:gles2_cmd_decoder.cc(3852)] [.ChromiumCompositor-0xacbb34c0]GL ERROR :GL_INVALID_ENUM : glDiscardFramebufferEXT: attachments was GL_COLOR_EXT
06-28 13:11:49.852 25049 25062 E WPROF   : {"Javascript": {"url": "https://tpc.googlesyndication.com/pagead/js/r20170619/r20110914/client/ext/m_window_focus_non_hydra.js", "requestTime": 16586.907362}}
06-28 13:11:49.854 25049 25062 E WPROF   : {"Javascript": {"url": "https://tpc.googlesyndication.com/pagead/js/r20170619/r20110914/activeview/osd_listener.js", "requestTime": 16586.909963}}
06-28 13:11:49.860 25049 25062 E WPROF   : {"Javascript": {"url": "http://pagead2.googlesyndication.com/pagead/osd.js", "requestTime": 16586.915302}}
06-28 13:11:49.991 24982 25030 E chromium: [ERROR:gles2_cmd_decoder.cc(3852)] [.ChromiumCompositor-0xacbb34c0]GL ERROR :GL_INVALID_ENUM : glDiscardFramebufferEXT: attachments was GL_COLOR_EXT
06-28 13:11:50.011 25049 25062 E WPROF   : {"Javascript": {"url": "http://dnn506yrbagrg.cloudfront.net/pages/scripts/0026/4062.js?416284", "requestTime": 16587.066652}}
06-28 13:11:51.196 25049 25062 E WPROF   : {"Javascript": {"url": "http://m.addthisedge.com/live/boost/ra-53e918f660794f37/_ate.track.config_resp", "requestTime": 16588.251559}}
06-28 13:11:51.250 25049 25062 E WPROF   : {"Javascript": {"url": "http://m.addthis.com/live/red_lojson/300lo.json?si=59532c850c74fa26&bkl=0&bl=1&pdt=2588&sid=59532c850c74fa26&pub=ra-53e918f660794f37&rev=v7.15.4-wp&ln=ko&pc=men&cb=0&ab=-&dp=searchengineland.com&fp=google-attribution-search-marketers-need-know-275751&fr=&of=0&pd=0&irt=0&vcl=0&md=0&ct=1&tct=0&abt=0&c", "requestTime": 16588.305376}}
06-28 13:11:51.353 24982 25030 E chromium: [ERROR:gles2_cmd_decoder.cc(3852)] [.ChromiumCompositor-0xacbb34c0]GL ERROR :GL_INVALID_ENUM : glDiscardFramebufferEXT: attachments was GL_COLOR_EXT
06-28 13:11:51.843 24982 25030 E chromium: [ERROR:gles2_cmd_decoder.cc(3852)] [.ChromiumCompositor-0xacbb34c0]GL ERROR :GL_INVALID_ENUM : glDiscardFramebufferEXT: attachments was GL_COLOR_EXT
06-28 13:11:52.760 25049 25062 E WPROF   : {"Javascript": {"url": "https://www.google.com/js/bg/KWBfAnWFESAEEaKKgdYlTHY9ysQaNoQuzeMFqvxDSM8.js", "requestTime": 16589.815391}}
06-28 13:11:52.762 25049 25062 E WPROF   : {"Javascript": {"url": "https://static.doubleclick.net/instream/ad_status.js", "requestTime": 16589.817803}}
06-28 13:11:53.027 24982 25030 E chromium: [ERROR:gles2_cmd_decoder.cc(3852)] [.ChromiumCompositor-0xacbb34c0]GL ERROR :GL_INVALID_ENUM : glDiscardFramebufferEXT: attachments was GL_COLOR_EXT
06-28 13:11:53.299 25049 25062 E WPROF   : {"CSS": {"url": "http://app-sj02.marketo.com/js/forms2/css/forms2.css", "requestTime": 16590.354354}}
06-28 13:11:53.301 25049 25062 E WPROF   : {"CSS": {"url": "http://app-sj02.marketo.com/js/forms2/css/forms2-theme-simple.css", "requestTime": 16590.357186}}
06-28 13:11:53.494 25049 25062 E WPROF   : {"Javascript": {"url": "https://platform.twitter.com/js/button.b731e6c82269f70f6fc53634e044a4c6.js", "requestTime": 16590.550148}}
06-28 13:11:53.501 25049 25062 E WPROF   : {"Javascript": {"url": "http://munchkin.marketo.net/151/munchkin.js", "requestTime": 16590.556526}}
06-28 13:11:53.508 25049 25062 E WPROF   : {"Javascript": {"url": "http://www.justuno.com/ajax/account_version_check.html?id=828FA275-FF73-401E-AA39-40F5A6FAB6B1", "requestTime": 16590.564074}}
06-28 13:11:53.869 25049 25062 E WPROF   : {"Javascript": {"url": "http://s7.addthis.com/static/layers.4acb6c577b51939661ec.js", "requestTime": 16590.924709}}
06-28 13:11:54.005 24982 25030 E chromium: [ERROR:gles2_cmd_decoder.cc(3852)] [.ChromiumCompositor-0xacbb34c0]GL ERROR :GL_INVALID_ENUM : glDiscardFramebufferEXT: attachments was GL_COLOR_EXT
06-28 13:11:54.172 24982 25030 E chromium: [ERROR:gles2_cmd_decoder.cc(3852)] [.ChromiumCompositor-0xacbb34c0]GL ERROR :GL_INVALID_ENUM : glDiscardFramebufferEXT: attachments was GL_COLOR_EXT
06-28 13:11:54.981 24982 25030 E chromium: [ERROR:gles2_cmd_decoder.cc(3852)] [.ChromiumCompositor-0xacbb34c0]GL ERROR :GL_INVALID_ENUM : glDiscardFramebufferEXT: attachments was GL_COLOR_EXT
06-28 13:11:54.993 25049 25062 E WPROF   : {"Javascript": {"url": "http://cdn.justuno.com/mwgt_3.6.js", "requestTime": 16592.048763}}
06-28 13:11:56.718 24982 25030 E chromium: [ERROR:gles2_cmd_decoder.cc(3852)] [.ChromiumCompositor-0xacbb34c0]GL ERROR :GL_INVALID_ENUM : glDiscardFramebufferEXT: attachments was GL_COLOR_EXT
06-28 13:11:56.923 24982 25030 E chromium: [ERROR:gles2_cmd_decoder.cc(3852)] [.ChromiumCompositor-0xacbb34c0]GL ERROR :GL_INVALID_ENUM : glDiscardFramebufferEXT: attachments was GL_COLOR_EXT
06-28 13:11:57.126 24982 25030 E chromium: [ERROR:gles2_cmd_decoder.cc(3852)] [.ChromiumCompositor-0xacbb34c0]GL ERROR :GL_INVALID_ENUM : glDiscardFramebufferEXT: attachments was GL_COLOR_EXT
06-28 13:11:57.266 24982 25030 E chromium: [ERROR:gles2_cmd_decoder.cc(3852)] [.ChromiumCompositor-0xacbb34c0]GL ERROR :GL_INVALID_ENUM : glDiscardFramebufferEXT: attachments was GL_COLOR_EXT
06-28 13:11:57.412 24982 25030 E chromium: [ERROR:gles2_cmd_decoder.cc(3852)] [.ChromiumCompositor-0xacbb34c0]GL ERROR :GL_INVALID_ENUM : glDiscardFramebufferEXT: attachments was GL_COLOR_EXT
06-28 13:11:58.046 24982 25030 E chromium: [ERROR:gles2_cmd_decoder.cc(3852)] [.ChromiumCompositor-0xacbb34c0]GL ERROR :GL_INVALID_ENUM : glDiscardFramebufferEXT: attachments was GL_COLOR_EXT
06-28 13:11:58.109 25049 25062 E WPROF   : {"Javascript": {"url": "https://cdn.syndication.twimg.com/widgets/followbutton/info.json?callback=__twttr.setFollowersCountAndFollowing&lang=en&screen_names=sengineland", "requestTime": 16595.164357}}
06-28 13:11:58.805 25049 25062 E WProf.db: {"page": "searchengineland.com_google-attribution-search-marketers-need-know-275751"}
06-28 13:11:58.805 25049 25062 E WProf.db: {"DOMLoad": 16595.860727}
06-28 13:11:58.805 25049 25062 E WProf.db: {"Resource": {"id": 1, "url": "http://searchengineland.com/google-attribution-search-marketers-need-know-275751", "sentTime": -1.000000, "len": 99113, "from": "0x0", "mimeType": "text/html", "contentLength": -1, "httpStatus": 200, "connId": 19, "connReused": 1, "cached": 0,"requestTime": 16582.542779, "proxyStart": -1, "proxyEnd": -1, "dnsStart": -1, "dnsEnd": -1, "connectStart": 0, "connectEnd": 110, "sendStart": 110, "sendEnd": 110, "receiveHeadersEnd": 263, "sslStart": -1, "sslEnd": -1}}
06-28 13:11:58.805 25049 25062 E WProf.db: {"ReceivedChunk": {"receivedTime": 16582.822640, "len": 7868}}
06-28 13:11:58.805 25049 25062 E WProf.db: {"ReceivedChunk": {"receivedTime": 16582.899906, "len": 32768}}
06-28 13:11:58.805 25049 25062 E WProf.db: {"ReceivedChunk": {"receivedTime": 16582.900159, "len": 29064}}
06-28 13:11:58.805 25049 25062 E WProf.db: {"ReceivedChunk": {"receivedTime": 16582.958289, "len": 29413}}
06-28 13:11:58.805 25049 25062 E WProf.db: {"WprofHTMLTag": {"code": "0xaf047b50", "doc": "http://searchengineland.com/google-attribution-search-marketers-need-know-275751", "row": 6, "column": 42, "tagName": "html", "time": 16582.903300, "url": "", "pos": 1, "chunkLen": 1, "isStartTag": 1}}
06-28 13:11:58.805 25049 25062 E WProf.db: {"WprofHTMLTag": {"code": "0xaf047c10", "doc": "http://searchengineland.com/google-attribution-search-marketers-need-know-275751", "row": 7, "column": 6, "tagName": "head", "time": 16582.903548, "url": "", "pos": 1, "chunkLen": 1, "isStartTag": 1}}
06-28 13:11:58.806 25049 25062 E WProf.db: {"WprofHTMLTag": {"code": "0xaf047cd0", "doc": "http://searchengineland.com/google-attribution-search-marketers-need-know-275751", "row": 8, "column": 54, "tagName": "meta", "time": 16582.903592, "url": "", "pos": 1, "chunkLen": 1, "isStartTag": 1}}
06-28 13:11:58.806 25049 25062 E WProf.db: {"WprofHTMLTag": {"code": "0xaf047d00", "doc": "http://searchengineland.com/google-attribution-search-marketers-need-know-275751", "row": 9, "column": 68, "tagName": "meta", "time": 16582.903732, "url": "", "pos": 1, "chunkLen": 1, "isStartTag": 1}}
06-28 13:11:58.806 25049 25062 E WProf.db: {"WprofHTMLTag": {"code": "0xaf047d30", "doc": "http://searchengineland.com/google-attribution-search-marketers-need-know-275751", "row": 10, "column": 23, "tagName": "meta", "time": 16582.904087, "url": "", "pos": 1, "chunkLen": 1, "isStartTag": 1}}
06-28 13:11:58.806 25049 25062 E WProf.db: {"WprofHTMLTag": {"code": "0xaf047d60", "doc": "http://searchengineland.com/google-attribution-search-marketers-need-know-275751", "row": 11, "column": 52, "tagName": "meta", "time": 16582.904214, "url": "", "pos": 1, "chunkLen": 1, "isStartTag": 1}}
06-28 13:11:58.806 25049 25062 E WProf.db: {"WprofHTMLTag": {"code": "0xaf047e50", "doc": "http://searchengineland.com/google-attribution-search-marketers-need-know-275751", "row": 14, "column": 56, "tagName": "meta", "time": 16582.904345, "url": "", "pos": 1, "chunkLen": 1, "isStartTag": 1}}
06-28 13:11:58.806 25049 25062 E WProf.db: {"WprofHTMLTag": {"code": "0xaf047e80", "doc": "http://searchengineland.com/google-attribution-search-marketers-need-know-275751", "row": 15, "column": 83, "tagName": "meta", "time": 16582.904457, "url": "", "pos": 1, "chunkLen": 1, "isStartTag": 1}}
06-28 13:11:58.806 25049 25062 E WProf.db: {"WprofHTMLTag": {"code": "0xaf047eb0", "doc": "http://searchengineland.com/google-attribution-search-marketers-need-know-275751", "row": 16, "column": 57, "tagName": "meta", "time": 16582.904572, "url": "", "pos": 1, "chunkLen": 1, "isStartTag": 1}}
06-28 13:11:58.806 25049 25062 E WProf.db: {"WprofHTMLTag": {"code": "0xaf047f40", "doc": "http://searchengineland.com/google-attribution-search-marketers-need-know-275751", "row": 17, "column": 41, "tagName": "meta", "time": 16582.904687, "url": "", "pos": 1, "chunkLen": 1, "isStartTag": 1}}
06-28 13:11:58.806 25049 25062 E WProf.db: {"WprofHTMLTag": {"code": "0xaf047f70", "doc": "http://searchengineland.com/google-attribution-search-marketers-need-know-275751", "row": 18, "column": 50, "tagName": "meta", "time": 16582.904796, "url": "", "pos": 1, "chunkLen": 1, "isStartTag": 1}}
06-28 13:11:58.806 25049 25062 E WProf.db: {"WprofHTMLTag": {"code": "0xaf047fa0", "doc": "http://searchengineland.com/google-attribution-search-marketers-need-know-275751", "row": 19, "column": 174, "tagName": "meta", "time": 16582.904900, "url": "", "pos": 1, "chunkLen": 1, "isStartTag": 1}}
06-28 13:11:58.806 25049 25062 E WProf.db: {"WprofHTMLTag": {"code": "0xaf047f10", "doc": "http://searchengineland.com/google-attribution-search-marketers-need-know-275751", "row": 20, "column": 47, "tagName": "meta", "time": 16582.905007, "url": "", "pos": 1, "chunkLen": 1, "isStartTag": 1}}
06-28 13:11:58.806 25049 25062 E WProf.db: {"WprofHTMLTag": {"code": "0xaf047ee0", "doc": "http://searchengineland.com/google-attribution-search-marketers-need-know-275751", "row": 21, "column": 67, "tagName": "meta", "time": 16582.905112, "url": "", "pos": 1, "chunkLen": 1, "isStartTag": 1}}
06-28 13:11:58.807 25049 25062 E WProf.db: {"WprofHTMLTag": {"code": "0xaf047fd0", "doc": "http://searchengineland.com/google-attribution-search-marketers-need-know-275751", "row": 22, "column": 57, "tagName": "meta", "time": 16582.905227, "url": "", "pos": 1, "chunkLen": 1, "isStartTag": 1}}
06-28 13:11:58.807 25049 25062 E WProf.db: {"WprofHTMLTag": {"code": "0xb4cc74b0", "doc": "http://searchengineland.com/google-attribution-search-marketers-need-know-275751", "row": 23, "column": 65, "tagName": "meta", "time": 16582.905342, "url": "", "pos": 1, "chunkLen": 1, "isStartTag": 1}}
06-28 13:11:58.807 25049 25062 E WProf.db: {"WprofHTMLTag": {"code": "0xb4cc7540", "doc": "http://searchengineland.com/google-attribution-search-marketers-need-know-275751", "row": 24, "column": 55, "tagName": "meta", "time": 16582.905446, "url": "", "pos": 1, "chunkLen": 1, "isStartTag": 1}}
06-28 13:11:58.807 25049 25062 E WProf.db: {"WprofHTMLTag": {"code": "0xb4cc78a0", "doc": "http://searchengineland.com/google-attribution-search-marketers-need-know-275751", "row": 25, "column": 71, "tagName": "meta", "time": 16582.905554, "url": "", "pos": 1, "chunkLen": 1, "isStartTag": 1}}
06-28 13:11:58.807 25049 25062 E WProf.db: {"WprofHTMLTag": {"code": "0xb4cc78d0", "doc": "http://searchengineland.com/google-attribution-search-marketers-need-know-275751", "row": 26, "column": 86, "tagName": "meta", "time": 16582.905671, "url": "", "pos": 1, "chunkLen": 1, "isStartTag": 1}}
06-28 13:11:58.807 25049 25062 E WProf.db: {"WprofHTMLTag": {"code": "0xb4cc7900", "doc": "http://searchengineland.com/google-attribution-search-marketers-need-know-275751", "row": 27, "column": 54, "tagName": "meta", "time": 16582.905780, "url": "", "pos": 1, "chunkLen": 1, "isStartTag": 1}}
06-28 13:11:58.807 25049 25062 E WProf.db: {"WprofHTMLTag": {"code": "0xb4cc7930", "doc": "http://searchengineland.com/google-attribution-search-marketers-need-know-275751", "row": 29, "column": 39, "tagName": "meta", "time": 16582.905891, "url": "", "pos": 1, "chunkLen": 1, "isStartTag": 1}}
06-28 13:11:58.807 25049 25062 E WProf.db: {"WprofHTMLTag": {"code": "0xb4cc7960", "doc": "http://searchengineland.com/google-attribution-search-marketers-need-know-275751", "row": 30, "column": 177, "tagName": "meta", "time": 16582.905999, "url": "", "pos": 1, "chunkLen": 1, "isStartTag": 1}}
06-28 13:11:58.807 25049 25062 E WProf.db: {"WprofHTMLTag": {"code": "0xb4cc7990", "doc": "http://searchengineland.com/google-attribution-search-marketers-need-know-275751", "row": 31, "column": 55, "tagName": "meta", "time": 16582.906108, "url": "", "pos": 1, "chunkLen": 1, "isStartTag": 1}}
06-28 13:11:58.807 25049 25062 E WProf.db: {"WprofHTMLTag": {"code": "0xb4cc79c0", "doc": "http://searchengineland.com/google-attribution-search-marketers-need-know-275751", "row": 32, "column": 54, "tagName": "meta", "time": 16582.906217, "url": "", "pos": 1, "chunkLen": 1, "isStartTag": 1}}
06-28 13:11:58.807 25049 25062 E WProf.db: {"WprofHTMLTag": {"code": "0xb4cc79f0", "doc": "http://searchengineland.com/google-attribution-search-marketers-need-know-275751", "row": 33, "column": 145, "tagName": "meta", "time": 16582.906325, "url": "", "pos": 1, "chunkLen": 1, "isStartTag": 1}}
06-28 13:11:58.807 25049 25062 E WProf.db: {"WprofHTMLTag": {"code": "0xb4cc7a20", "doc": "http://searchengineland.com/google-attribution-search-marketers-need-know-275751", "row": 37, "column": 36, "tagName": "script", "time": 16582.906435, "url": "", "pos": 1, "chunkLen": 1, "isStartTag": 1}}
06-28 13:11:58.807 25049 25062 E WProf.db: {"WprofHTMLTag": {"code": "0xb4cc7a50", "doc": "http://searchengineland.com/google-attribution-search-marketers-need-know-275751", "row": 53, "column": 10, "tagName": "script", "time": 16582.906690, "url": "", "pos": 1, "chunkLen": 1, "isStartTag": 0}}
06-28 13:11:58.807 25049 25062 E WProf.db: {"WprofHTMLTag": {"code": "0xaf047d90", "doc": "http://searchengineland.com/google-attribution-search-marketers-need-know-275751", "row": 55, "column": 86, "tagName": "link", "time": 16582.907257, "url": "http://searchengineland.com/apple-touch-icon.png", "pos": 1, "chunkLen": 1, "isStartTag": 1}}
06-28 13:11:58.808 25049 25062 E WProf.db: {"WprofHTMLTag": {"code": "0xb4cc7a80", "doc": "http://searchengineland.com/google-attribution-search-marketers-need-know-275751", "row": 56, "column": 76, "tagName": "link", "time": 16582.907547, "url": "http://searchengineland.com/favicon.ico", "pos": 1, "chunkLen": 1, "isStartTag": 1}}
06-28 13:11:58.808 25049 25062 E WProf.db: {"WprofHTMLTag": {"code": "0xb4cc7ab0", "doc": "http://searchengineland.com/google-attribution-search-marketers-need-know-275751", "row": 57, "column": 158, "tagName": "link", "time": 16582.907744, "url": "http://feeds.searchengineland.com/searchengineland", "pos": 1, "chunkLen": 1, "isStartTag": 1}}
06-28 13:11:58.808 25049 25062 E WProf.db: {"WprofHTMLTag": {"code": "0xb4cc7ae0", "doc": "http://searchengineland.com/google-attribution-search-marketers-need-know-275751", "row": 58, "column": 149, "tagName": "link", "time": 16582.908011, "url": "http://feeds.searchengineland.com/searchcap", "pos": 1, "chunkLen": 1, "isStartTag": 1}}
06-28 13:11:58.808 25049 25062 E WProf.db: {"WprofHTMLTag": {"code": "0xb4cc7b10", "doc": "http://searchengineland.com/google-attribution-search-marketers-need-know-275751", "row": 59, "column": 150, "tagName": "link", "time": 16582.908283, "url": "http://searchengineland.com/figz/wp-content/themes/searchengineland/css/searchengineland-bootstrap.css", "pos": 1, "chunkLen": 1, "isStartTag": 1}}
06-28 13:11:58.808 25049 25062 E WProf.db: {"WprofHTMLTag": {"code": "0xb4cc7b70", "doc": "http://searchengineland.com/google-attribution-search-marketers-need-know-275751", "row": 60, "column": 105, "tagName": "link", "time": 16582.911170, "url": "http://fonts.googleapis.com/css?family=Oswald:300,400,700", "pos": 1, "chunkLen": 1, "isStartTag": 1}}
06-28 13:11:58.808 25049 25062 E WProf.db: {"WprofHTMLTag": {"code": "0xb4cc7bd0", "doc": "http://searchengineland.com/google-attribution-search-marketers-need-know-275751", "row": 61, "column": 125, "tagName": "link", "time": 16582.916502, "url": "http://searchengineland.com/figz/wp-content/themes/searchengineland/style.css", "pos": 1, "chunkLen": 1, "isStartTag": 1}}
06-28 13:11:58.808 25049 25062 E WProf.db: {"WprofHTMLTag": {"code": "0xb4cc7c30", "doc": "http://searchengineland.com/google-attribution-search-marketers-need-know-275751", "row": 65, "column": 7, "tagName": "title", "time": 16582.919142, "url": "", "pos": 1, "chunkLen": 1, "isStartTag": 1}}
06-28 13:11:58.808 25049 25062 E WProf.db: {"WprofHTMLTag": {"code": "0xb4cc7c60", "doc": "http://searchengineland.com/google-attribution-search-marketers-need-know-275751", "row": 65, "column": 69, "tagName": "title", "time": 16582.919543, "url": "", "pos": 1, "chunkLen": 1, "isStartTag": 0}}
06-28 13:11:58.808 25049 25062 E WProf.db: {"WprofHTMLTag": {"code": "0xb4cc7c90", "doc": "http://searchengineland.com/google-attribution-search-marketers-need-know-275751", "row": 66, "column": 174, "tagName": "meta", "time": 16582.919631, "url": "", "pos": 1, "chunkLen": 1, "isStartTag": 1}}
06-28 13:11:58.808 25049 25062 E WProf.db: {"WprofHTMLTag": {"code": "0xb4cc7cc0", "doc": "http://searchengineland.com/google-attribution-search-marketers-need-know-275751", "row": 67, "column": 40, "tagName": "meta", "time": 16582.920623, "url": "", "pos": 1, "chunkLen": 1, "isStartTag": 1}}
06-28 13:11:58.808 25049 25062 E WProf.db: {"WprofHTMLTag": {"code": "0xb4cc7cf0", "doc": "http://searchengineland.com/google-attribution-search-marketers-need-know-275751", "row": 68, "column": 122, "tagName": "meta", "time": 16582.921234, "url": "", "pos": 1, "chunkLen": 1, "isStartTag": 1}}
06-28 13:11:58.808 25049 25062 E WProf.db: {"WprofHTMLTag": {"code": "0xb4cc7d20", "doc": "http://searchengineland.com/google-attribution-search-marketers-need-know-275751", "row": 69, "column": 37, "tagName": "meta", "time": 16582.921774, "url": "", "pos": 1, "chunkLen": 1, "isStartTag": 1}}
06-28 13:11:58.808 25049 25062 E WProf.db: {"WprofHTMLTag": {"code": "0xb4cc7d50", "doc": "http://searchengineland.com/google-attribution-search-marketers-need-know-275751", "row": 70, "column": 112, "tagName": "link", "time": 16582.922343, "url": "http://searchengineland.com/google-attribution-search-marketers-need-know-275751", "pos": 1, "chunkLen": 1, "isStartTag": 1}}
06-28 13:11:58.809 25049 25062 E WProf.db: {"WprofHTMLTag": {"code": "0xb4cc7d80", "doc": "http://searchengineland.com/google-attribution-search-marketers-need-know-275751", "row": 71, "column": 76, "tagName": "link", "time": 16582.923332, "url": "https://plus.google.com/103218677032751327334", "pos": 1, "chunkLen": 1, "isStartTag": 1}}
06-28 13:11:58.809 25049 25062 E WProf.db: {"WprofHTMLTag": {"code": "0xb4cc7db0", "doc": "http://searchengineland.com/google-attribution-search-marketers-need-know-275751", "row": 72, "column": 45, "tagName": "meta", "time": 16582.924262, "url": "", "pos": 1, "chunkLen": 1, "isStartTag": 1}}
06-28 13:11:58.809 25049 25062 E WProf.db: {"WprofHTMLTag": {"code": "0xb4cc7de0", "doc": "http://searchengineland.com/google-attribution-search-marketers-need-know-275751", "row": 73, "column": 45, "tagName": "meta", "time": 16582.924838, "url": "", "pos": 1, "chunkLen": 1, "isStartTag": 1}}
06-28 13:11:58.809 25049 25062 E WProf.db: {"WprofHTMLTag": {"code": "0xb4cc7e10", "doc": "http://searchengineland.com/google-attribution-search-marketers-need-know-275751", "row": 74, "column": 93, "tagName": "meta", "time": 16582.925410, "url": "", "pos": 1, "chunkLen": 1, "isStartTag": 1}}
06-28 13:11:58.809 25049 25062 E WProf.db: {"WprofHTMLTag": {"code": "0xb4cc7e40", "doc": "http://searchengineland.com/google-attribution-search-marketers-need-know-275751", "row": 75, "column": 182, "tagName": "meta", "time": 16582.926024, "url": "", "pos": 1, "chunkLen": 1, "isStartTag": 1}}
06-28 13:11:58.809 25049 25062 E WProf.db: {"WprofHTMLTag": {"code": "0xb4cc7e70", "doc": "http://searchengineland.com/google-attribution-search-marketers-need-know-275751", "row": 76, "column": 117, "tagName": "meta", "time": 16582.926609, "url": "", "pos": 1, "chunkLen": 1, "isStartTag": 1}}
06-28 13:11:58.809 25049 25062 E WProf.db: {"WprofHTMLTag": {"code": "0xb4cc7ea0", "doc": "http://searchengineland.com/google-attribution-search-marketers-need-know-275751", "row": 77, "column": 61, "tagName": "meta", "time": 16582.927221, "url": "", "pos": 1, "chunkLen": 1, "isStartTag": 1}}
06-28 13:11:58.809 25049 25062 E WProf.db: {"WprofHTMLTag": {"code": "0xb4cc7ed0", "doc": "http://searchengineland.com/google-attribution-search-marketers-need-know-275751", "row": 78, "column": 89, "tagName": "meta", "time": 16582.927814, "url": "", "pos": 1, "chunkLen": 1, "isStartTag": 1}}
06-28 13:11:58.809 25049 25062 E WProf.db: {"WprofHTMLTag": {"code": "0xb4cc7f00", "doc": "http://searchengineland.com/google-attribution-search-marketers-need-know-275751", "row": 79, "column": 82, "tagName": "meta", "time": 16582.928424, "url": "", "pos": 1, "chunkLen": 1, "isStartTag": 1}}
06-28 13:11:58.809 25049 25062 E WProf.db: {"WprofHTMLTag": {"code": "0xb4cc7f30", "doc": "http://searchengineland.com/google-attribution-search-marketers-need-know-275751", "row": 80, "column": 58, "tagName": "meta", "time": 16582.929119, "url": "", "pos": 1, "chunkLen": 1, "isStartTag": 1}}
06-28 13:11:58.809 25049 25062 E WProf.db: {"WprofHTMLTag": {"code": "0xb4cc7f60", "doc": "http://searchengineland.com/google-attribution-search-marketers-need-know-275751", "row": 81, "column": 78, "tagName": "meta", "time": 16582.929672, "url": "", "pos": 1, "chunkLen": 1, "isStartTag": 1}}
06-28 13:11:58.809 25049 25062 E WProf.db: {"WprofHTMLTag": {"code": "0xb4cc7f90", "doc": "http://searchengineland.com/google-attribution-search-marketers-need-know-275751", "row": 82, "column": 77, "tagName": "meta", "time": 16582.930535, "url": "", "pos": 1, "chunkLen": 1, "isStartTag": 1}}
06-28 13:11:58.809 25049 25062 E WProf.db: {"WprofHTMLTag": {"code": "0xb4cc7fc0", "doc": "http://searchengineland.com/google-attribution-search-marketers-need-know-275751", "row": 83, "column": 71, "tagName": "meta", "time": 16582.930698, "url": "", "pos": 1, "chunkLen": 1, "isStartTag": 1}}
06-28 13:11:58.809 25049 25062 E WProf.db: {"WprofHTMLTag": {"code": "0xb4cc7ff0", "doc": "http://searchengineland.com/google-attribution-search-marketers-need-know-275751", "row": 84, "column": 139, "tagName": "meta", "time": 16582.930857, "url": "", "pos": 1, "chunkLen": 1, "isStartTag": 1}}
06-28 13:11:58.810 25049 25062 E WProf.db: {"WprofHTMLTag": {"code": "0xb4cc8020", "doc": "http://searchengineland.com/google-attribution-search-marketers-need-know-275751", "row": 85, "column": 49, "tagName": "meta", "time": 16582.931017, "url": "", "pos": 1, "chunkLen": 1, "isStartTag": 1}}
06-28 13:11:58.810 25049 25062 E WProf.db: {"WprofHTMLTag": {"code": "0xb4cc8050", "doc": "http://searchengineland.com/google-attribution-search-marketers-need-know-275751", "row": 86, "column": 50, "tagName": "meta", "time": 16582.931174, "url": "", "pos": 1, "chunkLen": 1, "isStartTag": 1}}
06-28 13:11:58.810 25049 25062 E WProf.db: {"WprofHTMLTag": {"code": "0xb4cc8080", "doc": "http://searchengineland.com/google-attribution-search-marketers-need-know-275751", "row": 87, "column": 58, "tagName": "meta", "time": 16582.931335, "url": "", "pos": 1, "chunkLen": 1, "isStartTag": 1}}
06-28 13:11:58.810 25049 25062 E WProf.db: {"WprofHTMLTag": {"code": "0xb4cc80b0", "doc": "http://searchengineland.com/google-attribution-search-marketers-need-know-275751", "row": 88, "column": 183, "tagName": "meta", "time": 16582.931501, "url": "", "pos": 1, "chunkLen": 1, "isStartTag": 1}}
06-28 13:11:58.810 25049 25062 E WProf.db: {"WprofHTMLTag": {"code": "0xb4cc80e0", "doc": "http://searchengineland.com/google-attribution-search-marketers-need-know-275751", "row": 89, "column": 94, "tagName": "meta", "time": 16582.931651, "url": "", "pos": 1, "chunkLen": 1, "isStartTag": 1}}
06-28 13:11:58.810 25049 25062 E WProf.db: {"WprofHTMLTag": {"code": "0xb4cc8110", "doc": "http://searchengineland.com/google-attribution-search-marketers-need-know-275751", "row": 90, "column": 51, "tagName": "meta", "time": 16582.931809, "url": "", "pos": 1, "chunkLen": 1, "isStartTag": 1}}
06-28 13:11:58.810 25049 25062 E WProf.db: {"WprofHTMLTag": {"code": "0xb4cc8140", "doc": "http://searchengineland.com/google-attribution-search-marketers-need-know-275751", "row": 91, "column": 140, "tagName": "meta", "time": 16582.931969, "url": "", "pos": 1, "chunkLen": 1, "isStartTag": 1}}
06-28 13:11:58.810 25049 25062 E WProf.db: {"WprofHTMLTag": {"code": "0xb4cc8170", "doc": "http://searchengineland.com/google-attribution-search-marketers-need-know-275751", "row": 92, "column": 54, "tagName": "meta", "time": 16582.932123, "url": "", "pos": 1, "chunkLen": 1, "isStartTag": 1}}
06-28 13:11:58.810 25049 25062 E WProf.db: {"WprofHTMLTag": {"code": "0xb4cc81a0", "doc": "http://searchengineland.com/google-attribution-search-marketers-need-know-275751", "row": 95, "column": 44, "tagName": "link", "time": 16582.932296, "url": "http://s.w.org/", "pos": 1, "chunkLen": 1, "isStartTag": 1}}
06-28 13:11:58.810 25049 25062 E WProf.db: {"WprofHTMLTag": {"code": "0xb4cc81d0", "doc": "http://searchengineland.com/google-attribution-search-marketers-need-know-275751", "row": 96, "column": 33, "tagName": "script", "time": 16582.932615, "url": "", "pos": 1, "chunkLen": 1, "isStartTag": 1}}
06-28 13:11:58.810 25049 25062 E WProf.db: {"WprofHTMLTag": {"code": "0xb4cc8200", "doc": "http://searchengineland.com/google-attribution-search-marketers-need-know-275751", "row": 99, "column": 11, "tagName": "script", "time": 16582.933322, "url": "http://searchengineland.com/figz/wp-includes/js/wp-emoji-release.min.js?ver=4.7.5", "pos": 1, "chunkLen": 1, "isStartTag": 0}}
06-28 13:11:58.810 25049 25062 E WProf.db: {"WprofHTMLTag": {"code": "0x9d4d7620", "doc": "http://searchengineland.com/google-attribution-search-marketers-need-know-275751", "row": 100, "column": 25, "tagName": "style", "time": 16583.502364, "url": "", "pos": 1, "chunkLen": 1, "isStartTag": 1}}
06-28 13:11:58.810 25049 25062 E WProf.db: {"WprofHTMLTag": {"code": "0x9d4d7650", "doc": "http://searchengineland.com/google-attribution-search-marketers-need-know-275751", "row": 113, "column": 8, "tagName": "style", "time": 16583.502558, "url": "", "pos": 1, "chunkLen": 1, "isStartTag": 0}}
06-28 13:11:58.810 25049 25062 E WProf.db: {"WprofHTMLTag": {"code": "0x9d4d7680", "doc": "http://searchengineland.com/google-attribution-search-marketers-need-know-275751", "row": 114, "column": 140, "tagName": "script", "time": 16583.504149, "url": "http://searchengineland.com/figz/wp-content/themes/searchengineland/js/lib/modernizr.custom.js?ver=1.0", "pos": 1, "chunkLen": 1, "isStartTag": 1}}
06-28 13:11:58.811 25049 25062 E WProf.db: {"WprofHTMLTag": {"code": "0x9d4d76b0", "doc": "http://searchengineland.com/google-attribution-search-marketers-need-know-275751", "row": 114, "column": 149, "tagName": "script", "time": 16583.504378, "url": "", "pos": 1, "chunkLen": 1, "isStartTag": 0}}
06-28 13:11:58.811 25049 25062 E WProf.db: {"WprofHTMLTag": {"code": "0x9d4d7740", "doc": "http://searchengineland.com/google-attribution-search-marketers-need-know-275751", "row": 115, "column": 144, "tagName": "script", "time": 16583.511345, "url": "http://searchengineland.com/figz/wp-content/themes/searchengineland/js/lib/jquery-1.11.0.min.js?ver=1.11.0", "pos": 1, "chunkLen": 1, "isStartTag": 1}}
06-28 13:11:58.811 25049 25062 E WProf.db: {"WprofHTMLTag": {"code": "0x9d4d7770", "doc": "http://searchengineland.com/google-attribution-search-marketers-need-know-275751", "row": 115, "column": 153, "tagName": "script", "time": 16583.511591, "url": "", "pos": 1, "chunkLen": 1, "isStartTag": 0}}
06-28 13:11:58.811 25049 25062 E WProf.db: {"WprofHTMLTag": {"code": "0x9d387790", "doc": "http://searchengineland.com/google-attribution-search-marketers-need-know-275751", "row": 0, "column": 15, "tagName": "div", "time": 16583.574294, "url": "", "pos": 15, "chunkLen": 44, "isStartTag": 1}}
06-28 13:11:58.811 25049 25062 E WProf.db: {"WprofHTMLTag": {"code": "0x9d387760", "doc": "http://searchengineland.com/google-attribution-search-marketers-need-know-275751", "row": 0, "column": 21, "tagName": "div", "time": 16583.574449, "url": "", "pos": 21, "chunkLen": 44, "isStartTag": 0}}
06-28 13:11:58.811 25049 25062 E WProf.db: {"WprofHTMLTag": {"code": "0x9d387730", "doc": "http://searchengineland.com/google-attribution-search-marketers-need-know-275751", "row": 0, "column": 38, "tagName": "div", "time": 16583.574518, "url": "", "pos": 38, "chunkLen": 44, "isStartTag": 1}}
06-28 13:11:58.811 25049 25062 E WProf.db: {"WprofHTMLTag": {"code": "0x9d3853c0", "doc": "http://searchengineland.com/google-attribution-search-marketers-need-know-275751", "row": 0, "column": 44, "tagName": "div", "time": 16583.574646, "url": "", "pos": 44, "chunkLen": 44, "isStartTag": 0}}
06-28 13:11:58.811 25049 25062 E WProf.db: {"WprofHTMLTag": {"code": "0x9d385480", "doc": "http://searchengineland.com/google-attribution-search-marketers-need-know-275751", "row": 0, "column": 13, "tagName": "select", "time": 16583.576319, "url": "", "pos": 13, "chunkLen": 51, "isStartTag": 1}}
06-28 13:11:58.811 25049 25062 E WProf.db: {"WprofHTMLTag": {"code": "0x9d3852a0", "doc": "http://searchengineland.com/google-attribution-search-marketers-need-know-275751", "row": 0, "column": 33, "tagName": "option", "time": 16583.576544, "url": "", "pos": 33, "chunkLen": 51, "isStartTag": 1}}
06-28 13:11:58.811 25049 25062 E WProf.db: {"WprofHTMLTag": {"code": "0x9d3852d0", "doc": "http://searchengineland.com/google-attribution-search-marketers-need-know-275751", "row": 0, "column": 42, "tagName": "option", "time": 16583.576740, "url": "", "pos": 42, "chunkLen": 51, "isStartTag": 0}}
06-28 13:11:58.811 25049 25062 E WProf.db: {"WprofHTMLTag": {"code": "0x9d3853f0", "doc": "http://searchengineland.com/google-attribution-search-marketers-need-know-275751", "row": 0, "column": 51, "tagName": "select", "time": 16583.576801, "url": "", "pos": 51, "chunkLen": 51, "isStartTag": 0}}
06-28 13:11:58.811 25049 25062 E WProf.db: {"WprofHTMLTag": {"code": "0x9d385420", "doc": "http://searchengineland.com/google-attribution-search-marketers-need-know-275751", "row": 0, "column": 12, "tagName": "a", "time": 16583.582039, "url": "", "pos": 12, "chunkLen": 16, "isStartTag": 1}}
06-28 13:11:58.812 25049 25062 E WProf.db: {"WprofHTMLTag": {"code": "0x9d385450", "doc": "http://searchengineland.com/google-attribution-search-marketers-need-know-275751", "row": 0, "column": 16, "tagName": "a", "time": 16583.582222, "url": "", "pos": 16, "chunkLen": 16, "isStartTag": 0}}
06-28 13:11:58.812 25049 25062 E WProf.db: {"WprofHTMLTag": {"code": "0x9d4d77a0", "doc": "http://searchengineland.com/google-attribution-search-marketers-need-know-275751", "row": 0, "column": 8, "tagName": "input", "time": 16583.583366, "url": "", "pos": 8, "chunkLen": 8, "isStartTag": 1}}
06-28 13:11:58.812 25049 25062 E WProf.db: {"WprofHTMLTag": {"code": "0x9d4d77d0", "doc": "http://searchengineland.com/google-attribution-search-marketers-need-know-275751", "row": 0, "column": 9, "tagName": "link", "time": 16583.592912, "url": "", "pos": 9, "chunkLen": 42, "isStartTag": 1}}
06-28 13:11:58.812 25049 25062 E WProf.db: {"WprofHTMLTag": {"code": "0x9d4d7800", "doc": "http://searchengineland.com/google-attribution-search-marketers-need-know-275751", "row": 0, "column": 16, "tagName": "table", "time": 16583.593027, "url": "", "pos": 16, "chunkLen": 42, "isStartTag": 1}}
06-28 13:11:58.812 25049 25062 E WProf.db: {"WprofHTMLTag": {"code": "0x9d4d78f0", "doc": "http://searchengineland.com/google-attribution-search-marketers-need-know-275751", "row": 0, "column": 24, "tagName": "table", "time": 16583.593155, "url": "", "pos": 24, "chunkLen": 42, "isStartTag": 0}}
06-28 13:11:58.812 25049 25062 E WProf.db: {"WprofHTMLTag": {"code": "0x9d4d7920", "doc": "http://searchengineland.com/google-attribution-search-marketers-need-know-275751", "row": 0, "column": 37, "tagName": "a", "time": 16583.593222, "url": "", "pos": 37, "chunkLen": 42, "isStartTag": 1}}
06-28 13:11:58.812 25049 25062 E WProf.db: {"WprofHTMLTag": {"code": "0x9d4d7950", "doc": "http://searchengineland.com/google-attribution-search-marketers-need-know-275751", "row": 0, "column": 42, "tagName": "a", "time": 16583.593398, "url": "", "pos": 42, "chunkLen": 42, "isStartTag": 0}}
06-28 13:11:58.812 25049 25062 E WProf.db: {"WprofHTMLTag": {"code": "0x9d4d79e0", "doc": "http://searchengineland.com/google-attribution-search-marketers-need-know-275751", "row": 0, "column": 10, "tagName": "textarea", "time": 16583.594646, "url": "", "pos": 10, "chunkLen": 22, "isStartTag": 1}}
06-28 13:11:58.812 25049 25062 E WProf.db: {"WprofHTMLTag": {"code": "0x9d4d7a10", "doc": "http://searchengineland.com/google-attribution-search-marketers-need-know-275751", "row": 0, "column": 22, "tagName": "textarea", "time": 16583.594878, "url": "", "pos": 22, "chunkLen": 22, "isStartTag": 0}}
06-28 13:11:58.812 25049 25062 E WProf.db: {"WprofHTMLTag": {"code": "0x9d4d7a40", "doc": "http://searchengineland.com/google-attribution-search-marketers-need-know-275751", "row": 0, "column": 48, "tagName": "input", "time": 16583.596072, "url": "", "pos": 48, "chunkLen": 48, "isStartTag": 1}}
06-28 13:11:58.812 25049 25062 E WProf.db: {"WprofHTMLTag": {"code": "0x9d4d7aa0", "doc": "http://searchengineland.com/google-attribution-search-marketers-need-know-275751", "row": 0, "column": 9, "tagName": "link", "time": 16583.600648, "url": "", "pos": 9, "chunkLen": 66, "isStartTag": 1}}
06-28 13:11:58.812 25049 25062 E WProf.db: {"WprofHTMLTag": {"code": "0x9d4d7ad0", "doc": "http://searchengineland.com/google-attribution-search-marketers-need-know-275751", "row": 0, "column": 16, "tagName": "table", "time": 16583.600772, "url": "", "pos": 16, "chunkLen": 66, "isStartTag": 1}}
06-28 13:11:58.813 25049 25062 E WProf.db: {"WprofHTMLTag": {"code": "0x9d4d7b00", "doc": "http://searchengineland.com/google-attribution-search-marketers-need-know-275751", "row": 0, "column": 24, "tagName": "table", "time": 16583.600842, "url": "", "pos": 24, "chunkLen": 66, "isStartTag": 0}}
06-28 13:11:58.813 25049 25062 E WProf.db: {"WprofHTMLTag": {"code": "0x9d4d7b30", "doc": "http://searchengineland.com/google-attribution-search-marketers-need-know-275751", "row": 0, "column": 37, "tagName": "a", "time": 16583.600906, "url": "", "pos": 37, "chunkLen": 66, "isStartTag": 1}}
06-28 13:11:58.813 25049 25062 E WProf.db: {"WprofHTMLTag": {"code": "0x9d4d7b60", "doc": "http://searchengineland.com/google-attribution-search-marketers-need-know-275751", "row": 0, "column": 42, "tagName": "a", "time": 16583.601092, "url": "", "pos": 42, "chunkLen": 66, "isStartTag": 0}}
06-28 13:11:58.813 25049 25062 E WProf.db: {"WprofHTMLTag": {"code": "0x9d4d7b90", "doc": "http://searchengineland.com/google-attribution-search-marketers-need-know-275751", "row": 0, "column": 66, "tagName": "input", "time": 16583.601158, "url": "", "pos": 66, "chunkLen": 66, "isStartTag": 1}}
06-28 13:11:58.813 25049 25062 E WProf.db: {"WprofHTMLTag": {"code": "0x9d4d7c20", "doc": "http://searchengineland.com/google-attribution-search-marketers-need-know-275751", "row": 0, "column": 9, "tagName": "link", "time": 16583.603026, "url": "", "pos": 9, "chunkLen": 66, "isStartTag": 1}}
06-28 13:11:58.813 25049 25062 E WProf.db: {"WprofHTMLTag": {"code": "0x9d4d7c50", "doc": "http://searchengineland.com/google-attribution-search-marketers-need-know-275751", "row": 0, "column": 16, "tagName": "table", "time": 16583.603148, "url": "", "pos": 16, "chunkLen": 66, "isStartTag": 1}}
06-28 13:11:58.813 25049 25062 E WProf.db: {"WprofHTMLTag": {"code": "0x9d4d7c80", "doc": "http://searchengineland.com/google-attribution-search-marketers-need-know-275751", "row": 0, "column": 24, "tagName": "table", "time": 16583.603216, "url": "", "pos": 24, "chunkLen": 66, "isStartTag": 0}}
06-28 13:11:58.813 25049 25062 E WProf.db: {"WprofHTMLTag": {"code": "0x9d4d7cb0", "doc": "http://searchengineland.com/google-attribution-search-marketers-need-know-275751", "row": 0, "column": 37, "tagName": "a", "time": 16583.603288, "url": "", "pos": 37, "chunkLen": 66, "isStartTag": 1}}
06-28 13:11:58.813 25049 25062 E WProf.db: {"WprofHTMLTag": {"code": "0x9d4d7ce0", "doc": "http://searchengineland.com/google-attribution-search-marketers-need-know-275751", "row": 0, "column": 42, "tagName": "a", "time": 16583.603460, "url": "", "pos": 42, "chunkLen": 66, "isStartTag": 0}}
06-28 13:11:58.813 25049 25062 E WProf.db: {"WprofHTMLTag": {"code": "0x9d4d7d10", "doc": "http://searchengineland.com/google-attribution-search-marketers-need-know-275751", "row": 0, "column": 66, "tagName": "input", "time": 16583.603521, "url": "", "pos": 66, "chunkLen": 66, "isStartTag": 1}}
06-28 13:11:58.813 25049 25062 E WProf.db: {"WprofHTMLTag": {"code": "0x9d4d7d70", "doc": "http://searchengineland.com/google-attribution-search-marketers-need-know-275751", "row": 0, "column": 9, "tagName": "link", "time": 16583.607581, "url": "", "pos": 9, "chunkLen": 66, "isStartTag": 1}}
06-28 13:11:58.813 25049 25062 E WProf.db: {"WprofHTMLTag": {"code": "0x9d4d7da0", "doc": "http://searchengineland.com/google-attribution-search-marketers-need-know-275751", "row": 0, "column": 16, "tagName": "table", "time": 16583.607702, "url": "", "pos": 16, "chunkLen": 66, "isStartTag": 1}}
06-28 13:11:58.814 25049 25062 E WProf.db: {"WprofHTMLTag": {"code": "0x9d4d7dd0", "doc": "http://searchengineland.com/google-attribution-search-marketers-need-know-275751", "row": 0, "column": 24, "tagName": "table", "time": 16583.607775, "url": "", "pos": 24, "chunkLen": 66, "isStartTag": 0}}
06-28 13:11:58.814 25049 25062 E WProf.db: {"WprofHTMLTag": {"code": "0x9d4d7e00", "doc": "http://searchengineland.com/google-attribution-search-marketers-need-know-275751", "row": 0, "column": 37, "tagName": "a", "time": 16583.607837, "url": "", "pos": 37, "chunkLen": 66, "isStartTag": 1}}
06-28 13:11:58.814 25049 25062 E WProf.db: {"WprofHTMLTag": {"code": "0x9d4d7e30", "doc": "http://searchengineland.com/google-attribution-search-marketers-need-know-275751", "row": 0, "column": 42, "tagName": "a", "time": 16583.608018, "url": "", "pos": 42, "chunkLen": 66, "isStartTag": 0}}
06-28 13:11:58.814 25049 25062 E WProf.db: {"WprofHTMLTag": {"code": "0x9d4d7e60", "doc": "http://searchengineland.com/google-attribution-search-marketers-need-know-275751", "row": 0, "column": 66, "tagName": "input", "time": 16583.608082, "url": "", "pos": 66, "chunkLen": 66, "isStartTag": 1}}
