06-28 09:22:29.150  8548  8595 E chromium: [ERROR:gles2_cmd_decoder.cc(3852)] [.ChromiumCompositor-0xacbb2fc0]GL ERROR :GL_INVALID_ENUM : glDiscardFramebufferEXT: attachments was GL_COLOR_EXT
06-28 09:22:29.169  8548  8595 E chromium: [ERROR:gles2_cmd_decoder.cc(3852)] [.ChromiumCompositor-0xacbb2fc0]GL ERROR :GL_INVALID_ENUM : glDiscardFramebufferEXT: attachments was GL_COLOR_EXT
06-28 09:22:29.182  8548  8595 E chromium: [ERROR:gles2_cmd_decoder.cc(3852)] [.ChromiumCompositor-0xacbb2fc0]GL ERROR :GL_INVALID_ENUM : glDiscardFramebufferEXT: attachments was GL_COLOR_EXT
06-28 09:22:29.199  8548  8595 E chromium: [ERROR:gles2_cmd_decoder.cc(3852)] [.ChromiumCompositor-0xacbb2fc0]GL ERROR :GL_INVALID_ENUM : glDiscardFramebufferEXT: attachments was GL_COLOR_EXT
06-28 09:22:29.217  8548  8595 E chromium: [ERROR:gles2_cmd_decoder.cc(3852)] [.ChromiumCompositor-0xacbb2fc0]GL ERROR :GL_INVALID_ENUM : glDiscardFramebufferEXT: attachments was GL_COLOR_EXT
06-28 09:22:29.235  8548  8595 E chromium: [ERROR:gles2_cmd_decoder.cc(3852)] [.ChromiumCompositor-0xacbb2fc0]GL ERROR :GL_INVALID_ENUM : glDiscardFramebufferEXT: attachments was GL_COLOR_EXT
06-28 09:22:29.257  8548  8595 E chromium: [ERROR:gles2_cmd_decoder.cc(3852)] [.ChromiumCompositor-0xacbb2fc0]GL ERROR :GL_INVALID_ENUM : glDiscardFramebufferEXT: attachments was GL_COLOR_EXT
06-28 09:22:29.267  8548  8595 E chromium: [ERROR:gles2_cmd_decoder.cc(3852)] [.ChromiumCompositor-0xacbb2fc0]GL ERROR :GL_INVALID_ENUM : glDiscardFramebufferEXT: attachments was GL_COLOR_EXT
06-28 09:22:29.271  8616  8629 E WPROF   : {"Javascript": {"url": "https://3p.ampproject.net/1498506512561/f.js", "requestTime": 2826.326295}}
06-28 09:22:29.281  8548  8595 E chromium: [ERROR:gles2_cmd_decoder.cc(3852)] [.ChromiumCompositor-0xacbb2fc0]GL ERROR :GL_INVALID_ENUM : glDiscardFramebufferEXT: attachments was GL_COLOR_EXT
06-28 09:22:29.296  8548  8595 E chromium: [ERROR:gles2_cmd_decoder.cc(3852)] [.ChromiumCompositor-0xacbb2fc0]GL ERROR :GL_INVALID_ENUM : glDiscardFramebufferEXT: attachments was GL_COLOR_EXT
06-28 09:22:29.313  8548  8595 E chromium: [ERROR:gles2_cmd_decoder.cc(3852)] [.ChromiumCompositor-0xacbb2fc0]GL ERROR :GL_INVALID_ENUM : glDiscardFramebufferEXT: attachments was GL_COLOR_EXT
06-28 09:22:29.331  8548  8595 E chromium: [ERROR:gles2_cmd_decoder.cc(3852)] [.ChromiumCompositor-0xacbb2fc0]GL ERROR :GL_INVALID_ENUM : glDiscardFramebufferEXT: attachments was GL_COLOR_EXT
06-28 09:22:29.350  8548  8595 E chromium: [ERROR:gles2_cmd_decoder.cc(3852)] [.ChromiumCompositor-0xacbb2fc0]GL ERROR :GL_INVALID_ENUM : glDiscardFramebufferEXT: attachments was GL_COLOR_EXT
06-28 09:22:29.367  8548  8595 E chromium: [ERROR:gles2_cmd_decoder.cc(3852)] [.ChromiumCompositor-0xacbb2fc0]GL ERROR :GL_INVALID_ENUM : glDiscardFramebufferEXT: attachments was GL_COLOR_EXT
06-28 09:22:29.383  8548  8595 E chromium: [ERROR:gles2_cmd_decoder.cc(3852)] [.ChromiumCompositor-0xacbb2fc0]GL ERROR :GL_INVALID_ENUM : glDiscardFramebufferEXT: attachments was GL_COLOR_EXT
06-28 09:22:29.401  8548  8595 E chromium: [ERROR:gles2_cmd_decoder.cc(3852)] [.ChromiumCompositor-0xacbb2fc0]GL ERROR :GL_INVALID_ENUM : glDiscardFramebufferEXT: attachments was GL_COLOR_EXT
06-28 09:22:29.417  8548  8595 E chromium: [ERROR:gles2_cmd_decoder.cc(3852)] [.ChromiumCompositor-0xacbb2fc0]GL ERROR :GL_INVALID_ENUM : glDiscardFramebufferEXT: attachments was GL_COLOR_EXT
06-28 09:22:29.433  8548  8595 E chromium: [ERROR:gles2_cmd_decoder.cc(3852)] [.ChromiumCompositor-0xacbb2fc0]GL ERROR :GL_INVALID_ENUM : glDiscardFramebufferEXT: attachments was GL_COLOR_EXT
06-28 09:22:29.452  8548  8595 E chromium: [ERROR:gles2_cmd_decoder.cc(3852)] [.ChromiumCompositor-0xacbb2fc0]GL ERROR :GL_INVALID_ENUM : glDiscardFramebufferEXT: attachments was GL_COLOR_EXT
06-28 09:22:29.486  8548  8595 E chromium: [ERROR:gles2_cmd_decoder.cc(3852)] [.ChromiumCompositor-0xacbb2fc0]GL ERROR :GL_INVALID_ENUM : glDiscardFramebufferEXT: attachments was GL_COLOR_EXT
06-28 09:22:29.502  8548  8595 E chromium: [ERROR:gles2_cmd_decoder.cc(3852)] [.ChromiumCompositor-0xacbb2fc0]GL ERROR :GL_INVALID_ENUM : glDiscardFramebufferEXT: attachments was GL_COLOR_EXT
06-28 09:22:29.518  8548  8595 E chromium: [ERROR:gles2_cmd_decoder.cc(3852)] [.ChromiumCompositor-0xacbb2fc0]GL ERROR :GL_INVALID_ENUM : glDiscardFramebufferEXT: attachments was GL_COLOR_EXT
06-28 09:22:29.536  8548  8595 E chromium: [ERROR:gles2_cmd_decoder.cc(3852)] [.ChromiumCompositor-0xacbb2fc0]GL ERROR :GL_INVALID_ENUM : glDiscardFramebufferEXT: attachments was GL_COLOR_EXT
06-28 09:22:29.554  8548  8595 E chromium: [ERROR:gles2_cmd_decoder.cc(3852)] [.ChromiumCompositor-0xacbb2fc0]GL ERROR :GL_INVALID_ENUM : glDiscardFramebufferEXT: attachments was GL_COLOR_EXT
06-28 09:22:29.569  8548  8595 E chromium: [ERROR:gles2_cmd_decoder.cc(3852)] [.ChromiumCompositor-0xacbb2fc0]GL ERROR :GL_INVALID_ENUM : glDiscardFramebufferEXT: attachments was GL_COLOR_EXT
06-28 09:22:29.586  8548  8595 E chromium: [ERROR:gles2_cmd_decoder.cc(3852)] [.ChromiumCompositor-0xacbb2fc0]GL ERROR :GL_INVALID_ENUM : glDiscardFramebufferEXT: attachments was GL_COLOR_EXT
06-28 09:22:29.606  8548  8595 E chromium: [ERROR:gles2_cmd_decoder.cc(3852)] [.ChromiumCompositor-0xacbb2fc0]GL ERROR :GL_INVALID_ENUM : glDiscardFramebufferEXT: attachments was GL_COLOR_EXT
06-28 09:22:29.620  8548  8595 E chromium: [ERROR:gles2_cmd_decoder.cc(3852)] [.ChromiumCompositor-0xacbb2fc0]GL ERROR :GL_INVALID_ENUM : glDiscardFramebufferEXT: attachments was GL_COLOR_EXT
06-28 09:22:29.633  8548  8595 E chromium: [ERROR:gles2_cmd_decoder.cc(3852)] [.ChromiumCompositor-0xacbb2fc0]GL ERROR :GL_INVALID_ENUM : glDiscardFramebufferEXT: attachments was GL_COLOR_EXT
06-28 09:22:29.654  8548  8595 E chromium: [ERROR:gles2_cmd_decoder.cc(3852)] [.ChromiumCompositor-0xacbb2fc0]GL ERROR :GL_INVALID_ENUM : glDiscardFramebufferEXT: attachments was GL_COLOR_EXT
06-28 09:22:29.680  8548  8595 E chromium: [ERROR:gles2_cmd_decoder.cc(3852)] [.ChromiumCompositor-0xacbb2fc0]GL ERROR :GL_INVALID_ENUM : glDiscardFramebufferEXT: attachments was GL_COLOR_EXT
06-28 09:22:29.692  8548  8595 E chromium: [ERROR:gles2_cmd_decoder.cc(3852)] [.ChromiumCompositor-0xacbb2fc0]GL ERROR :GL_INVALID_ENUM : glDiscardFramebufferEXT: attachments was GL_COLOR_EXT
06-28 09:22:29.703  8548  8595 E chromium: [ERROR:gles2_cmd_decoder.cc(3852)] [.ChromiumCompositor-0xacbb2fc0]GL ERROR :GL_INVALID_ENUM : glDiscardFramebufferEXT: attachments was GL_COLOR_EXT
06-28 09:22:29.721  8548  8595 E chromium: [ERROR:gles2_cmd_decoder.cc(3852)] [.ChromiumCompositor-0xacbb2fc0]GL ERROR :GL_INVALID_ENUM : glDiscardFramebufferEXT: attachments was GL_COLOR_EXT
06-28 09:22:29.736  8548  8595 E chromium: [ERROR:gles2_cmd_decoder.cc(3852)] [.ChromiumCompositor-0xacbb2fc0]GL ERROR :GL_INVALID_ENUM : glDiscardFramebufferEXT: attachments was GL_COLOR_EXT
06-28 09:22:29.750  8548  8595 E chromium: [ERROR:gles2_cmd_decoder.cc(3852)] [.ChromiumCompositor-0xacbb2fc0]GL ERROR :GL_INVALID_ENUM : glDiscardFramebufferEXT: attachments was GL_COLOR_EXT
06-28 09:22:29.766  8548  8595 E chromium: [ERROR:gles2_cmd_decoder.cc(3852)] [.ChromiumCompositor-0xacbb2fc0]GL ERROR :GL_INVALID_ENUM : glDiscardFramebufferEXT: attachments was GL_COLOR_EXT
06-28 09:22:29.785  8548  8595 E chromium: [ERROR:gles2_cmd_decoder.cc(3852)] [.ChromiumCompositor-0xacbb2fc0]GL ERROR :GL_INVALID_ENUM : glDiscardFramebufferEXT: attachments was GL_COLOR_EXT
06-28 09:22:29.802  8548  8595 E chromium: [ERROR:gles2_cmd_decoder.cc(3852)] [.ChromiumCompositor-0xacbb2fc0]GL ERROR :GL_INVALID_ENUM : glDiscardFramebufferEXT: attachments was GL_COLOR_EXT
06-28 09:22:29.818  8548  8595 E chromium: [ERROR:gles2_cmd_decoder.cc(3852)] [.ChromiumCompositor-0xacbb2fc0]GL ERROR :GL_INVALID_ENUM : glDiscardFramebufferEXT: attachments was GL_COLOR_EXT
06-28 09:22:29.833  8548  8595 E chromium: [ERROR:gles2_cmd_decoder.cc(3852)] [.ChromiumCompositor-0xacbb2fc0]GL ERROR :GL_INVALID_ENUM : glDiscardFramebufferEXT: attachments was GL_COLOR_EXT
06-28 09:22:29.850  8548  8595 E chromium: [ERROR:gles2_cmd_decoder.cc(3852)] [.ChromiumCompositor-0xacbb2fc0]GL ERROR :GL_INVALID_ENUM : glDiscardFramebufferEXT: attachments was GL_COLOR_EXT
06-28 09:22:29.858  8616  8629 E WPROF   : {"Javascript": {"url": "https://securepubads.g.doubleclick.net/static/glade.js", "requestTime": 2826.913366}}
06-28 09:22:29.867  8548  8595 E chromium: [ERROR:gles2_cmd_decoder.cc(3852)] [.ChromiumCompositor-0xacbb2fc0]GL ERROR :GL_INVALID_ENUM : glDiscardFramebufferEXT: attachments was GL_COLOR_EXT
06-28 09:22:29.884  8548  8595 E chromium: [ERROR:gles2_cmd_decoder.cc(3852)] [.ChromiumCompositor-0xacbb2fc0]GL ERROR :GL_INVALID_ENUM : glDiscardFramebufferEXT: attachments was GL_COLOR_EXT
06-28 09:22:29.904  8548  8595 E chromium: [ERROR:gles2_cmd_decoder.cc(3852)] [.ChromiumCompositor-0xacbb2fc0]GL ERROR :GL_INVALID_ENUM : glDiscardFramebufferEXT: attachments was GL_COLOR_EXT
06-28 09:22:29.925  8548  8595 E chromium: [ERROR:gles2_cmd_decoder.cc(3852)] [.ChromiumCompositor-0xacbb2fc0]GL ERROR :GL_INVALID_ENUM : glDiscardFramebufferEXT: attachments was GL_COLOR_EXT
06-28 09:22:29.936  8548  8595 E chromium: [ERROR:gles2_cmd_decoder.cc(3852)] [.ChromiumCompositor-0xacbb2fc0]GL ERROR :GL_INVALID_ENUM : glDiscardFramebufferEXT: attachments was GL_COLOR_EXT
06-28 09:22:29.949  8548  8595 E chromium: [ERROR:gles2_cmd_decoder.cc(3852)] [.ChromiumCompositor-0xacbb2fc0]GL ERROR :GL_INVALID_ENUM : glDiscardFramebufferEXT: attachments was GL_COLOR_EXT
06-28 09:22:29.967  8548  8595 E chromium: [ERROR:gles2_cmd_decoder.cc(3852)] [.ChromiumCompositor-0xacbb2fc0]GL ERROR :GL_INVALID_ENUM : glDiscardFramebufferEXT: attachments was GL_COLOR_EXT
06-28 09:22:29.985  8548  8595 E chromium: [ERROR:gles2_cmd_decoder.cc(3852)] [.ChromiumCompositor-0xacbb2fc0]GL ERROR :GL_INVALID_ENUM : glDiscardFramebufferEXT: attachments was GL_COLOR_EXT
06-28 09:22:30.009  8548  8595 E chromium: [ERROR:gles2_cmd_decoder.cc(3852)] [.ChromiumCompositor-0xacbb2fc0]GL ERROR :GL_INVALID_ENUM : glDiscardFramebufferEXT: attachments was GL_COLOR_EXT
06-28 09:22:30.025  8548  8595 E chromium: [ERROR:gles2_cmd_decoder.cc(3852)] [.ChromiumCompositor-0xacbb2fc0]GL ERROR :GL_INVALID_ENUM : glDiscardFramebufferEXT: attachments was GL_COLOR_EXT
06-28 09:22:30.039  8548  8595 E chromium: [ERROR:gles2_cmd_decoder.cc(3852)] [.ChromiumCompositor-0xacbb2fc0]GL ERROR :GL_INVALID_ENUM : glDiscardFramebufferEXT: attachments was GL_COLOR_EXT
06-28 09:22:30.056  8548  8595 E chromium: [ERROR:gles2_cmd_decoder.cc(3852)] [.ChromiumCompositor-0xacbb2fc0]GL ERROR :GL_INVALID_ENUM : glDiscardFramebufferEXT: attachments was GL_COLOR_EXT
06-28 09:22:30.077  8548  8595 E chromium: [ERROR:gles2_cmd_decoder.cc(3852)] [.ChromiumCompositor-0xacbb2fc0]GL ERROR :GL_INVALID_ENUM : glDiscardFramebufferEXT: attachments was GL_COLOR_EXT
06-28 09:22:30.095  8548  8595 E chromium: [ERROR:gles2_cmd_decoder.cc(3852)] [.ChromiumCompositor-0xacbb2fc0]GL ERROR :GL_INVALID_ENUM : glDiscardFramebufferEXT: attachments was GL_COLOR_EXT
06-28 09:22:30.112  8548  8595 E chromium: [ERROR:gles2_cmd_decoder.cc(3852)] [.ChromiumCompositor-0xacbb2fc0]GL ERROR :GL_INVALID_ENUM : glDiscardFramebufferEXT: attachments was GL_COLOR_EXT
06-28 09:22:30.124  8548  8595 E chromium: [ERROR:gles2_cmd_decoder.cc(3852)] [.ChromiumCompositor-0xacbb2fc0]GL ERROR :GL_INVALID_ENUM : glDiscardFramebufferEXT: attachments was GL_COLOR_EXT
06-28 09:22:30.143  8548  8595 E chromium: [ERROR:gles2_cmd_decoder.cc(3852)] [.ChromiumCompositor-0xacbb2fc0]GL ERROR :GL_INVALID_ENUM : glDiscardFramebufferEXT: attachments was GL_COLOR_EXT
06-28 09:22:30.157  8548  8595 E chromium: [ERROR:gles2_cmd_decoder.cc(3852)] [.ChromiumCompositor-0xacbb2fc0]GL ERROR :GL_INVALID_ENUM : glDiscardFramebufferEXT: attachments was GL_COLOR_EXT
06-28 09:22:30.174  8548  8595 E chromium: [ERROR:gles2_cmd_decoder.cc(3852)] [.ChromiumCompositor-0xacbb2fc0]GL ERROR :GL_INVALID_ENUM : glDiscardFramebufferEXT: attachments was GL_COLOR_EXT
06-28 09:22:30.188  8548  8595 E chromium: [ERROR:gles2_cmd_decoder.cc(3852)] [.ChromiumCompositor-0xacbb2fc0]GL ERROR :GL_INVALID_ENUM : glDiscardFramebufferEXT: attachments was GL_COLOR_EXT
06-28 09:22:30.207  8548  8595 E chromium: [ERROR:gles2_cmd_decoder.cc(3852)] [.ChromiumCompositor-0xacbb2fc0]GL ERROR :GL_INVALID_ENUM : glDiscardFramebufferEXT: attachments was GL_COLOR_EXT
06-28 09:22:30.226  8548  8595 E chromium: [ERROR:gles2_cmd_decoder.cc(3852)] [.ChromiumCompositor-0xacbb2fc0]GL ERROR :GL_INVALID_ENUM : glDiscardFramebufferEXT: attachments was GL_COLOR_EXT
06-28 09:22:30.249  8548  8595 E chromium: [ERROR:gles2_cmd_decoder.cc(3852)] [.ChromiumCompositor-0xacbb2fc0]GL ERROR :GL_INVALID_ENUM : glDiscardFramebufferEXT: attachments was GL_COLOR_EXT
06-28 09:22:30.258  8548  8595 E chromium: [ERROR:gles2_cmd_decoder.cc(3852)] [.ChromiumCompositor-0xacbb2fc0]GL ERROR :GL_INVALID_ENUM : glDiscardFramebufferEXT: attachments was GL_COLOR_EXT
06-28 09:22:30.270  8548  8595 E chromium: [ERROR:gles2_cmd_decoder.cc(3852)] [.ChromiumCompositor-0xacbb2fc0]GL ERROR :GL_INVALID_ENUM : glDiscardFramebufferEXT: attachments was GL_COLOR_EXT
06-28 09:22:30.289  8548  8595 E chromium: [ERROR:gles2_cmd_decoder.cc(3852)] [.ChromiumCompositor-0xacbb2fc0]GL ERROR :GL_INVALID_ENUM : glDiscardFramebufferEXT: attachments was GL_COLOR_EXT
06-28 09:22:30.303  8548  8595 E chromium: [ERROR:gles2_cmd_decoder.cc(3852)] [.ChromiumCompositor-0xacbb2fc0]GL ERROR :GL_INVALID_ENUM : glDiscardFramebufferEXT: attachments was GL_COLOR_EXT
06-28 09:22:30.318  8548  8595 E chromium: [ERROR:gles2_cmd_decoder.cc(3852)] [.ChromiumCompositor-0xacbb2fc0]GL ERROR :GL_INVALID_ENUM : glDiscardFramebufferEXT: attachments was GL_COLOR_EXT
06-28 09:22:30.335  8548  8595 E chromium: [ERROR:gles2_cmd_decoder.cc(3852)] [.ChromiumCompositor-0xacbb2fc0]GL ERROR :GL_INVALID_ENUM : glDiscardFramebufferEXT: attachments was GL_COLOR_EXT
06-28 09:22:30.352  8548  8595 E chromium: [ERROR:gles2_cmd_decoder.cc(3852)] [.ChromiumCompositor-0xacbb2fc0]GL ERROR :GL_INVALID_ENUM : glDiscardFramebufferEXT: attachments was GL_COLOR_EXT
06-28 09:22:30.356  8616  8629 E WPROF   : {"Javascript": {"url": "https://securepubads.g.doubleclick.net/static/glade/extra_25.js", "requestTime": 2827.411690}}
06-28 09:22:30.386  8548  8595 E chromium: [ERROR:gles2_cmd_decoder.cc(3852)] [.ChromiumCompositor-0xacbb2fc0]GL ERROR :GL_INVALID_ENUM : glDiscardFramebufferEXT: attachments was GL_COLOR_EXT
06-28 09:22:30.388  8548  8595 E chromium: [ERROR:gles2_cmd_decoder.cc(3852)] [.ChromiumCompositor-0xacbb2fc0]GL ERROR :GL_INVALID_ENUM : glDiscardFramebufferEXT: attachments was GL_COLOR_EXT
06-28 09:22:30.403  8548  8595 E chromium: [ERROR:gles2_cmd_decoder.cc(3852)] [.ChromiumCompositor-0xacbb2fc0]GL ERROR :GL_INVALID_ENUM : glDiscardFramebufferEXT: attachments was GL_COLOR_EXT
06-28 09:22:30.418  8548  8595 E chromium: [ERROR:gles2_cmd_decoder.cc(3852)] [.ChromiumCompositor-0xacbb2fc0]GL ERROR :GL_INVALID_ENUM : glDiscardFramebufferEXT: attachments was GL_COLOR_EXT
06-28 09:22:30.435  8548  8595 E chromium: [ERROR:gles2_cmd_decoder.cc(3852)] [.ChromiumCompositor-0xacbb2fc0]GL ERROR :GL_INVALID_ENUM : glDiscardFramebufferEXT: attachments was GL_COLOR_EXT
06-28 09:22:30.452  8548  8595 E chromium: [ERROR:gles2_cmd_decoder.cc(3852)] [.ChromiumCompositor-0xacbb2fc0]GL ERROR :GL_INVALID_ENUM : glDiscardFramebufferEXT: attachments was GL_COLOR_EXT
06-28 09:22:30.468  8548  8595 E chromium: [ERROR:gles2_cmd_decoder.cc(3852)] [.ChromiumCompositor-0xacbb2fc0]GL ERROR :GL_INVALID_ENUM : glDiscardFramebufferEXT: attachments was GL_COLOR_EXT
06-28 09:22:30.487  8548  8595 E chromium: [ERROR:gles2_cmd_decoder.cc(3852)] [.ChromiumCompositor-0xacbb2fc0]GL ERROR :GL_INVALID_ENUM : glDiscardFramebufferEXT: attachments was GL_COLOR_EXT
06-28 09:22:30.510  8548  8595 E chromium: [ERROR:gles2_cmd_decoder.cc(3852)] [.ChromiumCompositor-0xacbb2fc0]GL ERROR :GL_INVALID_ENUM : glDiscardFramebufferEXT: attachments was GL_COLOR_EXT
06-28 09:22:30.522  8548  8595 E chromium: [ERROR:gles2_cmd_decoder.cc(3852)] [.ChromiumCompositor-0xacbb2fc0]GL ERROR :GL_INVALID_ENUM : glDiscardFramebufferEXT: attachments was GL_COLOR_EXT
06-28 09:22:30.539  8548  8595 E chromium: [ERROR:gles2_cmd_decoder.cc(3852)] [.ChromiumCompositor-0xacbb2fc0]GL ERROR :GL_INVALID_ENUM : glDiscardFramebufferEXT: attachments was GL_COLOR_EXT
06-28 09:22:30.574  8548  8595 E chromium: [ERROR:gles2_cmd_decoder.cc(3852)] [.ChromiumCompositor-0xacbb2fc0]GL ERROR :GL_INVALID_ENUM : glDiscardFramebufferEXT: attachments was GL_COLOR_EXT
06-28 09:22:30.577  8548  8595 E chromium: [ERROR:gles2_cmd_decoder.cc(3852)] [.ChromiumCompositor-0xacbb2fc0]GL ERROR :GL_INVALID_ENUM : glDiscardFramebufferEXT: attachments was GL_COLOR_EXT
06-28 09:22:30.580  8616  8629 E WPROF   : {"Javascript": {"url": "https://tpc.googlesyndication.com/pagead/js/r20170619/r20110914/client/ext/m_window_focus_non_hydra.js", "requestTime": 2827.635605}}
06-28 09:22:30.583  8616  8629 E WPROF   : {"Javascript": {"url": "https://tpc.googlesyndication.com/pagead/js/r20170619/r20110914/activeview/osd_listener.js", "requestTime": 2827.638916}}
06-28 09:22:30.592  8548  8595 E chromium: [ERROR:gles2_cmd_decoder.cc(3852)] [.ChromiumCompositor-0xacbb2fc0]GL ERROR :GL_INVALID_ENUM : glDiscardFramebufferEXT: attachments was GL_COLOR_EXT
06-28 09:22:30.602  8548  8595 E chromium: [ERROR:gles2_cmd_decoder.cc(3852)] [.ChromiumCompositor-0xacbb2fc0]GL ERROR :GL_INVALID_ENUM : glDiscardFramebufferEXT: attachments was GL_COLOR_EXT
06-28 09:22:30.606  8616  8629 E WPROF   : {"Javascript": {"url": "https://pagead2.googlesyndication.com/pagead/osd.js", "requestTime": 2827.662042}}
06-28 09:22:30.619  8548  8595 E chromium: [ERROR:gles2_cmd_decoder.cc(3852)] [.ChromiumCompositor-0xacbb2fc0]GL ERROR :GL_INVALID_ENUM : glDiscardFramebufferEXT: attachments was GL_COLOR_EXT
06-28 09:22:30.637  8548  8595 E chromium: [ERROR:gles2_cmd_decoder.cc(3852)] [.ChromiumCompositor-0xacbb2fc0]GL ERROR :GL_INVALID_ENUM : glDiscardFramebufferEXT: attachments was GL_COLOR_EXT
06-28 09:22:30.654  8548  8595 E chromium: [ERROR:gles2_cmd_decoder.cc(3852)] [.ChromiumCompositor-0xacbb2fc0]GL ERROR :GL_INVALID_ENUM : glDiscardFramebufferEXT: attachments was GL_COLOR_EXT
06-28 09:22:30.678  8548  8595 E chromium: [ERROR:gles2_cmd_decoder.cc(3852)] [.ChromiumCompositor-0xacbb2fc0]GL ERROR :GL_INVALID_ENUM : glDiscardFramebufferEXT: attachments was GL_COLOR_EXT
06-28 09:22:30.690  8548  8595 E chromium: [ERROR:gles2_cmd_decoder.cc(3852)] [.ChromiumCompositor-0xacbb2fc0]GL ERROR :GL_INVALID_ENUM : glDiscardFramebufferEXT: attachments was GL_COLOR_EXT
06-28 09:22:30.706  8548  8595 E chromium: [ERROR:gles2_cmd_decoder.cc(3852)] [.ChromiumCompositor-0xacbb2fc0]GL ERROR :GL_INVALID_ENUM : glDiscardFramebufferEXT: attachments was GL_COLOR_EXT
06-28 09:22:30.747  8548  8595 E chromium: [ERROR:gles2_cmd_decoder.cc(3852)] [.ChromiumCompositor-0xacbb2fc0]GL ERROR :GL_INVALID_ENUM : glDiscardFramebufferEXT: attachments was GL_COLOR_EXT
06-28 09:22:30.774  8548  8595 E chromium: [ERROR:gles2_cmd_decoder.cc(3852)] [.ChromiumCompositor-0xacbb2fc0]GL ERROR :GL_INVALID_ENUM : glDiscardFramebufferEXT: attachments was GL_COLOR_EXT
06-28 09:22:30.788  8548  8595 E chromium: [ERROR:gles2_cmd_decoder.cc(3852)] [.ChromiumCompositor-0xacbb2fc0]GL ERROR :GL_INVALID_ENUM : glDiscardFramebufferEXT: attachments was GL_COLOR_EXT
06-28 09:22:30.803  8548  8595 E chromium: [ERROR:gles2_cmd_decoder.cc(3852)] [.ChromiumCompositor-0xacbb2fc0]GL ERROR :GL_INVALID_ENUM : glDiscardFramebufferEXT: attachments was GL_COLOR_EXT
06-28 09:22:30.821  8548  8595 E chromium: [ERROR:logger.cc(46)] Too many GL errors, not reporting any more for this context. use --disable-gl-error-limit to see all errors.
06-28 09:22:31.148  8616  8629 E WProf.db: {"page": "d-37607164601465185728.ampproject.net_1498506512561_frame.html"}
06-28 09:22:31.148  8616  8629 E WProf.db: {"DOMLoad": 2828.204102}
06-28 09:22:31.148  8616  8629 E WProf.db: {"Resource": {"id": 33, "url": "https://d-37607164601465185728.ampproject.net/1498506512561/frame.html", "sentTime": -1.000000, "len": 375, "from": "0x0", "mimeType": "text/html", "contentLength": -1, "httpStatus": 200, "connId": 369, "connReused": 0, "cached": 0,"requestTime": 2825.921671, "proxyStart": -1, "proxyEnd": -1, "dnsStart": 0, "dnsEnd": 0, "connectStart": 0, "connectEnd": 262, "sendStart": 262, "sendEnd": 262, "receiveHeadersEnd": 364, "sslStart": 56, "sslEnd": 260}}
06-28 09:22:31.149  8616  8629 E WProf.db: {"ReceivedChunk": {"receivedTime": 2826.291811, "len": 375}}
06-28 09:22:31.149  8616  8629 E WProf.db: {"WprofHTMLTag": {"code": "0xaedd4530", "doc": "https://d-37607164601465185728.ampproject.net/1498506512561/frame.html", "row": 1, "column": 6, "tagName": "head", "time": 2826.324152, "url": "", "pos": 1, "chunkLen": 1, "isStartTag": 1}}
06-28 09:22:31.149  8616  8629 E WProf.db: {"WprofHTMLTag": {"code": "0xaedd44d0", "doc": "https://d-37607164601465185728.ampproject.net/1498506512561/frame.html", "row": 2, "column": 22, "tagName": "meta", "time": 2826.324676, "url": "", "pos": 1, "chunkLen": 1, "isStartTag": 1}}
06-28 09:22:31.149  8616  8629 E WProf.db: {"WprofHTMLTag": {"code": "0xaa2b5900", "doc": "https://d-37607164601465185728.ampproject.net/1498506512561/frame.html", "row": 3, "column": 38, "tagName": "meta", "time": 2826.324848, "url": "", "pos": 1, "chunkLen": 1, "isStartTag": 1}}
06-28 09:22:31.149  8616  8629 E WProf.db: {"WprofHTMLTag": {"code": "0xaa2b58d0", "doc": "https://d-37607164601465185728.ampproject.net/1498506512561/frame.html", "row": 4, "column": 59, "tagName": "script", "time": 2826.325037, "url": "https://3p.ampproject.net/1498506512561/f.js", "pos": 1, "chunkLen": 1, "isStartTag": 1}}
06-28 09:22:31.149  8616  8629 E WProf.db: {"WprofHTMLTag": {"code": "0xaa2b5750", "doc": "https://d-37607164601465185728.ampproject.net/1498506512561/frame.html", "row": 4, "column": 68, "tagName": "script", "time": 2826.325324, "url": "", "pos": 1, "chunkLen": 1, "isStartTag": 0}}
06-28 09:22:31.149  8616  8629 E WProf.db: {"WprofHTMLTag": {"code": "0xaedd4380", "doc": "https://d-37607164601465185728.ampproject.net/1498506512561/frame.html", "row": 5, "column": 7, "tagName": "head", "time": 2826.882211, "url": "", "pos": 1, "chunkLen": 1, "isStartTag": 0}}
06-28 09:22:31.149  8616  8629 E WProf.db: {"WprofHTMLTag": {"code": "0xaedd4350", "doc": "https://d-37607164601465185728.ampproject.net/1498506512561/frame.html", "row": 6, "column": 23, "tagName": "body", "time": 2826.882249, "url": "", "pos": 1, "chunkLen": 1, "isStartTag": 1}}
06-28 09:22:31.149  8616  8629 E WProf.db: {"WprofHTMLTag": {"code": "0xaedd3d50", "doc": "https://d-37607164601465185728.ampproject.net/1498506512561/frame.html", "row": 7, "column": 69, "tagName": "div", "time": 2826.882548, "url": "", "pos": 1, "chunkLen": 1, "isStartTag": 1}}
06-28 09:22:31.149  8616  8629 E WProf.db: {"WprofHTMLTag": {"code": "0xaedd4650", "doc": "https://d-37607164601465185728.ampproject.net/1498506512561/frame.html", "row": 8, "column": 10, "tagName": "script", "time": 2826.882802, "url": "", "pos": 1, "chunkLen": 1, "isStartTag": 1}}
06-28 09:22:31.149  8616  8629 E WProf.db: {"WprofHTMLTag": {"code": "0xaa2b5ab0", "doc": "https://d-37607164601465185728.ampproject.net/1498506512561/frame.html", "row": 8, "column": 27, "tagName": "script", "time": 2826.882964, "url": "https://securepubads.g.doubleclick.net/static/glade.js", "pos": 1, "chunkLen": 1, "isStartTag": 0}}
06-28 09:22:31.149  8616  8629 E WProf.db: {"WprofHTMLTag": {"code": "0xaa2b5d80", "doc": "https://d-37607164601465185728.ampproject.net/1498506512561/frame.html", "row": 9, "column": 6, "tagName": "div", "time": 2826.925704, "url": "", "pos": 1, "chunkLen": 1, "isStartTag": 0}}
06-28 09:22:31.149  8616  8629 E WProf.db: {"WprofHTMLTag": {"code": "0xaa2b5db0", "doc": "https://d-37607164601465185728.ampproject.net/1498506512561/frame.html", "row": 10, "column": 8, "tagName": "script", "time": 2826.925740, "url": "", "pos": 1, "chunkLen": 1, "isStartTag": 1}}
06-28 09:22:31.149  8616  8629 E WProf.db: {"WprofHTMLTag": {"code": "0xaedd46e0", "doc": "https://d-37607164601465185728.ampproject.net/1498506512561/frame.html", "row": 10, "column": 67, "tagName": "script", "time": 2826.925948, "url": "", "pos": 1, "chunkLen": 1, "isStartTag": 0}}
06-28 09:22:31.150  8616  8629 E WProf.db: {"WprofHTMLTag": {"code": "0xaa2b5de0", "doc": "https://d-37607164601465185728.ampproject.net/1498506512561/frame.html", "row": 11, "column": 7, "tagName": "body", "time": 2826.928716, "url": "", "pos": 1, "chunkLen": 1, "isStartTag": 0}}
06-28 09:22:31.150  8616  8629 E WProf.db: {"WprofHTMLTag": {"code": "0xaa2b5e40", "doc": "https://d-37607164601465185728.ampproject.net/1498506512561/frame.html", "row": 12, "column": 7, "tagName": "html", "time": 2826.928735, "url": "https://securepubads.g.doubleclick.net/static/glade/extra_25.js", "pos": 1, "chunkLen": 1, "isStartTag": 0}}
06-28 09:22:31.150  8616  8629 E WProf.db: {"Resource": {"id": 34, "url": "https://3p.ampproject.net/1498506512561/f.js", "sentTime": -1.000000, "len": 91779, "from": "0xaa2b58d0", "mimeType": "text/javascript", "contentLength": -1, "httpStatus": 200, "connId": 393, "connReused": 0, "cached": 0,"requestTime": 2826.327574, "proxyStart": -1, "proxyEnd": -1, "dnsStart": 7, "dnsEnd": 8, "connectStart": 0, "connectEnd": 316, "sendStart": 316, "sendEnd": 317, "receiveHeadersEnd": 381, "sslStart": 73, "sslEnd": 316}}
06-28 09:22:31.150  8616  8629 E WProf.db: {"ReceivedChunk": {"receivedTime": 2826.714485, "len": 1757}}
06-28 09:22:31.150  8616  8629 E WProf.db: {"ReceivedChunk": {"receivedTime": 2826.720720, "len": 7087}}
06-28 09:22:31.150  8616  8629 E WProf.db: {"ReceivedChunk": {"receivedTime": 2826.721944, "len": 19987}}
06-28 09:22:31.150  8616  8629 E WProf.db: {"ReceivedChunk": {"receivedTime": 2826.724100, "len": 4835}}
06-28 09:22:31.150  8616  8629 E WProf.db: {"ReceivedChunk": {"receivedTime": 2826.725313, "len": 4636}}
06-28 09:22:31.150  8616  8629 E WProf.db: {"ReceivedChunk": {"receivedTime": 2826.726337, "len": 8898}}
06-28 09:22:31.150  8616  8629 E WProf.db: {"ReceivedChunk": {"receivedTime": 2826.727378, "len": 4343}}
06-28 09:22:31.150  8616  8629 E WProf.db: {"ReceivedChunk": {"receivedTime": 2826.731157, "len": 4382}}
06-28 09:22:31.150  8616  8629 E WProf.db: {"ReceivedChunk": {"receivedTime": 2826.733973, "len": 8903}}
06-28 09:22:31.150  8616  8629 E WProf.db: {"ReceivedChunk": {"receivedTime": 2826.772755, "len": 4608}}
06-28 09:22:31.150  8616  8629 E WProf.db: {"ReceivedChunk": {"receivedTime": 2826.773442, "len": 4041}}
06-28 09:22:31.150  8616  8629 E WProf.db: {"ReceivedChunk": {"receivedTime": 2826.774305, "len": 9064}}
06-28 09:22:31.150  8616  8629 E WProf.db: {"ReceivedChunk": {"receivedTime": 2826.775694, "len": 8496}}
06-28 09:22:31.150  8616  8629 E WProf.db: {"ReceivedChunk": {"receivedTime": 2826.776868, "len": 742}}
06-28 09:22:31.151  8616  8629 E WProf.db: {"Resource": {"id": 35, "url": "https://securepubads.g.doubleclick.net/static/glade.js", "sentTime": -1.000000, "len": 19455, "from": "0xaa2b5ab0", "mimeType": "text/javascript", "contentLength": -1, "httpStatus": 200, "connId": 407, "connReused": 0, "cached": 0,"requestTime": 2826.914344, "proxyStart": -1, "proxyEnd": -1, "dnsStart": 7, "dnsEnd": 7, "connectStart": 0, "connectEnd": 230, "sendStart": 230, "sendEnd": 230, "receiveHeadersEnd": 333, "sslStart": 66, "sslEnd": 230}}
06-28 09:22:31.151  8616  8629 E WProf.db: {"ReceivedChunk": {"receivedTime": 2827.255446, "len": 8865}}
06-28 09:22:31.151  8616  8629 E WProf.db: {"ReceivedChunk": {"receivedTime": 2827.261652, "len": 10590}}
06-28 09:22:31.151  8616  8629 E WProf.db: {"Resource": {"id": 36, "url": "https://securepubads.g.doubleclick.net/gampad/ads?gdfp_req=1&glade_req=1&glv=25&output=html&iu=%2F1038259%2FSEL-amp-cube&sz=300x250&sfv=1-0-8&correlator=4257072794304512&eid=108809080&adk=2352184609&biw=412&bih=620&adx=56&ady=294&oid=3&u_sd=3.5&ifi=1&is_amp=1&amp_v=1498506512561&nhd=1&url=http%3A%2F", "sentTime": -1.000000, "len": 20184, "from": "0xaa2b5e40", "mimeType": "text/html", "contentLength": -1, "httpStatus": 200, "connId": 407, "connReused": 1, "cached": 0,"requestTime": 2827.401299, "proxyStart": -1, "proxyEnd": -1, "dnsStart": -1, "dnsEnd": -1, "connectStart": 0, "connectEnd": 9, "sendStart": 9, "sendEnd": 10, "receiveHeadersEnd": 131, "sslStart": -1, "sslEnd": -1}}
06-28 09:22:31.151  8616  8629 E WProf.db: {"ReceivedChunk": {"receivedTime": 2827.541523, "len": 3928}}
06-28 09:22:31.151  8616  8629 E WProf.db: {"ReceivedChunk": {"receivedTime": 2827.585044, "len": 11293}}
06-28 09:22:31.151  8616  8629 E WProf.db: {"ReceivedChunk": {"receivedTime": 2827.586390, "len": 4963}}
06-28 09:22:31.151  8616  8629 E WProf.db: {"WprofHTMLTag": {"code": "0xaedd4890", "doc": "https://securepubads.g.doubleclick.net/gampad/ads?gdfp_req=1&glade_req=1&glv=25&output=html&iu=%2F1038259%2FSEL-amp-cube&sz=300x250&sfv=1-0-8&correlator=4257072794304512&eid=108809080&adk=2352184609&biw=412&bih=620&adx=56&ady=294&oid=3&u_sd=3.5&ifi=1&is_amp=1&amp_v=1498506512561&nhd=1&url=http%3A%2F", "row": 0, "column": 21, "tagName": "html", "time": 2827.597192, "url": "", "pos": 1, "chunkLen": 1, "isStartTag": 1}}
06-28 09:22:31.151  8616  8629 E WProf.db: {"WprofHTMLTag": {"code": "0xaedd4680", "doc": "https://securepubads.g.doubleclick.net/gampad/ads?gdfp_req=1&glade_req=1&glv=25&output=html&iu=%2F1038259%2FSEL-amp-cube&sz=300x250&sfv=1-0-8&correlator=4257072794304512&eid=108809080&adk=2352184609&biw=412&bih=620&adx=56&ady=294&oid=3&u_sd=3.5&ifi=1&is_amp=1&amp_v=1498506512561&nhd=1&url=http%3A%2F", "row": 0, "column": 27, "tagName": "head", "time": 2827.597392, "url": "", "pos": 1, "chunkLen": 1, "isStartTag": 1}}
06-28 09:22:31.151  8616  8629 E WProf.db: {"WprofHTMLTag": {"code": "0xaedd4800", "doc": "https://securepubads.g.doubleclick.net/gampad/ads?gdfp_req=1&glade_req=1&glv=25&output=html&iu=%2F1038259%2FSEL-amp-cube&sz=300x250&sfv=1-0-8&correlator=4257072794304512&eid=108809080&adk=2352184609&biw=412&bih=620&adx=56&ady=294&oid=3&u_sd=3.5&ifi=1&is_amp=1&amp_v=1498506512561&nhd=1&url=http%3A%2F", "row": 0, "column": 144, "tagName": "meta", "time": 2827.597453, "url": "", "pos": 1, "chunkLen": 1, "isStartTag": 1}}
06-28 09:22:31.151  8616  8629 E WProf.db: {"WprofHTMLTag": {"code": "0xaa2b5e70", "doc": "https://securepubads.g.doubleclick.net/gampad/ads?gdfp_req=1&glade_req=1&glv=25&output=html&iu=%2F1038259%2FSEL-amp-cube&sz=300x250&sfv=1-0-8&correlator=4257072794304512&eid=108809080&adk=2352184609&biw=412&bih=620&adx=56&ady=294&oid=3&u_sd=3.5&ifi=1&is_amp=1&amp_v=1498506512561&nhd=1&url=http%3A%2F", "row": 0, "column": 152, "tagName": "script", "time": 2827.597902, "url": "", "pos": 1, "chunkLen": 1, "isStartTag": 1}}
06-28 09:22:31.151  8616  8629 E WProf.db: {"WprofHTMLTag": {"code": "0xaedd4830", "doc": "https://securepubads.g.doubleclick.net/gampad/ads?gdfp_req=1&glade_req=1&glv=25&output=html&iu=%2F1038259%2FSEL-amp-cube&sz=300x250&sfv=1-0-8&correlator=4257072794304512&eid=108809080&adk=2352184609&biw=412&bih=620&adx=56&ady=294&oid=3&u_sd=3.5&ifi=1&is_amp=1&amp_v=1498506512561&nhd=1&url=http%3A%2F", "row": 0, "column": 195, "tagName": "script", "time": 2827.598318, "url": "", "pos": 1, "chunkLen": 1, "isStartTag": 0}}
06-28 09:22:31.151  8616  8629 E WProf.db: {"WprofHTMLTag": {"code": "0xaa2b5f00", "doc": "https://securepubads.g.doubleclick.net/gampad/ads?gdfp_req=1&glade_req=1&glv=25&output=html&iu=%2F1038259%2FSEL-amp-cube&sz=300x250&sfv=1-0-8&correlator=4257072794304512&eid=108809080&adk=2352184609&biw=412&bih=620&adx=56&ady=294&oid=3&u_sd=3.5&ifi=1&is_amp=1&amp_v=1498506512561&nhd=1&url=http%3A%2F", "row": 0, "column": 202, "tagName": "style", "time": 2827.600449, "url": "", "pos": 1, "chunkLen": 1, "isStartTag": 1}}
06-28 09:22:31.151  8616  8629 E WProf.db: {"WprofHTMLTag": {"code": "0xaa2b5f30", "doc": "https://securepubads.g.doubleclick.net/gampad/ads?gdfp_req=1&glade_req=1&glv=25&output=html&iu=%2F1038259%2FSEL-amp-cube&sz=300x250&sfv=1-0-8&correlator=4257072794304512&eid=108809080&adk=2352184609&biw=412&bih=620&adx=56&ady=294&oid=3&u_sd=3.5&ifi=1&is_amp=1&amp_v=1498506512561&nhd=1&url=http%3A%2F", "row": 0, "column": 230, "tagName": "style", "time": 2827.600768, "url": "", "pos": 1, "chunkLen": 1, "isStartTag": 0}}
06-28 09:22:31.152  8616  8629 E WProf.db: {"WprofHTMLTag": {"code": "0xaa2b6e00", "doc": "https://securepubads.g.doubleclick.net/gampad/ads?gdfp_req=1&glade_req=1&glv=25&output=html&iu=%2F1038259%2FSEL-amp-cube&sz=300x250&sfv=1-0-8&correlator=4257072794304512&eid=108809080&adk=2352184609&biw=412&bih=620&adx=56&ady=294&oid=3&u_sd=3.5&ifi=1&is_amp=1&amp_v=1498506512561&nhd=1&url=http%3A%2F", "row": 0, "column": 238, "tagName": "script", "time": 2827.603049, "url": "", "pos": 1, "chunkLen": 1, "isStartTag": 1}}
06-28 09:22:31.152  8616  8629 E WProf.db: {"WprofHTMLTag": {"code": "0xaa2b6e60", "doc": "https://securepubads.g.doubleclick.net/gampad/ads?gdfp_req=1&glade_req=1&glv=25&output=html&iu=%2F1038259%2FSEL-amp-cube&sz=300x250&sfv=1-0-8&correlator=4257072794304512&eid=108809080&adk=2352184609&biw=412&bih=620&adx=56&ady=294&oid=3&u_sd=3.5&ifi=1&is_amp=1&amp_v=1498506512561&nhd=1&url=http%3A%2F", "row": 0, "column": 8856, "tagName": "script", "time": 2827.603684, "url": "", "pos": 1, "chunkLen": 1, "isStartTag": 0}}
06-28 09:22:31.152  8616  8629 E WProf.db: {"WprofHTMLTag": {"code": "0xaa2b6ec0", "doc": "https://securepubads.g.doubleclick.net/gampad/ads?gdfp_req=1&glade_req=1&glv=25&output=html&iu=%2F1038259%2FSEL-amp-cube&sz=300x250&sfv=1-0-8&correlator=4257072794304512&eid=108809080&adk=2352184609&biw=412&bih=620&adx=56&ady=294&oid=3&u_sd=3.5&ifi=1&is_amp=1&amp_v=1498506512561&nhd=1&url=http%3A%2F", "row": 0, "column": 8863, "tagName": "head", "time": 2827.621086, "url": "", "pos": 1, "chunkLen": 1, "isStartTag": 0}}
06-28 09:22:31.152  8616  8629 E WProf.db: {"WprofHTMLTag": {"code": "0xaa2b6ef0", "doc": "https://securepubads.g.doubleclick.net/gampad/ads?gdfp_req=1&glade_req=1&glv=25&output=html&iu=%2F1038259%2FSEL-amp-cube&sz=300x250&sfv=1-0-8&correlator=4257072794304512&eid=108809080&adk=2352184609&biw=412&bih=620&adx=56&ady=294&oid=3&u_sd=3.5&ifi=1&is_amp=1&amp_v=1498506512561&nhd=1&url=http%3A%2F", "row": 0, "column": 8977, "tagName": "body", "time": 2827.621129, "url": "", "pos": 1, "chunkLen": 1, "isStartTag": 1}}
06-28 09:22:31.152  8616  8629 E WProf.db: {"WprofHTMLTag": {"code": "0xaa2b6f20", "doc": "https://securepubads.g.doubleclick.net/gampad/ads?gdfp_req=1&glade_req=1&glv=25&output=html&iu=%2F1038259%2FSEL-amp-cube&sz=300x250&sfv=1-0-8&correlator=4257072794304512&eid=108809080&adk=2352184609&biw=412&bih=620&adx=56&ady=294&oid=3&u_sd=3.5&ifi=1&is_amp=1&amp_v=1498506512561&nhd=1&url=http%3A%2F", "row": 0, "column": 9047, "tagName": "div", "time": 2827.621929, "url": "", "pos": 1, "chunkLen": 1, "isStartTag": 1}}
06-28 09:22:31.152  8616  8629 E WProf.db: {"WprofHTMLTag": {"code": "0xaa2b6e90", "doc": "https://securepubads.g.doubleclick.net/gampad/ads?gdfp_req=1&glade_req=1&glv=25&output=html&iu=%2F1038259%2FSEL-amp-cube&sz=300x250&sfv=1-0-8&correlator=4257072794304512&eid=108809080&adk=2352184609&biw=412&bih=620&adx=56&ady=294&oid=3&u_sd=3.5&ifi=1&is_amp=1&amp_v=1498506512561&nhd=1&url=http%3A%2F", "row": 0, "column": 9055, "tagName": "script", "time": 2827.622217, "url": "", "pos": 1, "chunkLen": 1, "isStartTag": 1}}
06-28 09:22:31.152  8616  8629 E WProf.db: {"WprofHTMLTag": {"code": "0xaa2b6f50", "doc": "https://securepubads.g.doubleclick.net/gampad/ads?gdfp_req=1&glade_req=1&glv=25&output=html&iu=%2F1038259%2FSEL-amp-cube&sz=300x250&sfv=1-0-8&correlator=4257072794304512&eid=108809080&adk=2352184609&biw=412&bih=620&adx=56&ady=294&oid=3&u_sd=3.5&ifi=1&is_amp=1&amp_v=1498506512561&nhd=1&url=http%3A%2F", "row": 0, "column": 9428, "tagName": "script", "time": 2827.622480, "url": "", "pos": 1, "chunkLen": 1, "isStartTag": 0}}
06-28 09:22:31.152  8616  8629 E WProf.db: {"WprofHTMLTag": {"code": "0xaa2b6f80", "doc": "https://securepubads.g.doubleclick.net/gampad/ads?gdfp_req=1&glade_req=1&glv=25&output=html&iu=%2F1038259%2FSEL-amp-cube&sz=300x250&sfv=1-0-8&correlator=4257072794304512&eid=108809080&adk=2352184609&biw=412&bih=620&adx=56&ady=294&oid=3&u_sd=3.5&ifi=1&is_amp=1&amp_v=1498506512561&nhd=1&url=http%3A%2F", "row": 0, "column": 10009, "tagName": "a", "time": 2827.632234, "url": "", "pos": 1, "chunkLen": 1, "isStartTag": 1}}
06-28 09:22:31.152  8616  8629 E WProf.db: {"WprofHTMLTag": {"code": "0xaa2b6fe0", "doc": "https://securepubads.g.doubleclick.net/gampad/ads?gdfp_req=1&glade_req=1&glv=25&output=html&iu=%2F1038259%2FSEL-amp-cube&sz=300x250&sfv=1-0-8&correlator=4257072794304512&eid=108809080&adk=2352184609&biw=412&bih=620&adx=56&ady=294&oid=3&u_sd=3.5&ifi=1&is_amp=1&amp_v=1498506512561&nhd=1&url=http%3A%2F", "row": 0, "column": 10142, "tagName": "img", "time": 2827.633012, "url": "", "pos": 1, "chunkLen": 1, "isStartTag": 1}}
06-28 09:22:31.152  8616  8629 E WProf.db: {"WprofHTMLTag": {"code": "0xaa2b6fb0", "doc": "https://securepubads.g.doubleclick.net/gampad/ads?gdfp_req=1&glade_req=1&glv=25&output=html&iu=%2F1038259%2FSEL-amp-cube&sz=300x250&sfv=1-0-8&correlator=4257072794304512&eid=108809080&adk=2352184609&biw=412&bih=620&adx=56&ady=294&oid=3&u_sd=3.5&ifi=1&is_amp=1&amp_v=1498506512561&nhd=1&url=http%3A%2F", "row": 0, "column": 10146, "tagName": "a", "time": 2827.634615, "url": "", "pos": 1, "chunkLen": 1, "isStartTag": 0}}
06-28 09:22:31.152  8616  8629 E WProf.db: {"WprofHTMLTag": {"code": "0xaa2b7010", "doc": "https://securepubads.g.doubleclick.net/gampad/ads?gdfp_req=1&glade_req=1&glv=25&output=html&iu=%2F1038259%2FSEL-amp-cube&sz=300x250&sfv=1-0-8&correlator=4257072794304512&eid=108809080&adk=2352184609&biw=412&bih=620&adx=56&ady=294&oid=3&u_sd=3.5&ifi=1&is_amp=1&amp_v=1498506512561&nhd=1&url=http%3A%2F", "row": 0, "column": 10152, "tagName": "div", "time": 2827.634650, "url": "", "pos": 1, "chunkLen": 1, "isStartTag": 0}}
06-28 09:22:31.152  8616  8629 E WProf.db: {"WprofHTMLTag": {"code": "0xaa2b7040", "doc": "https://securepubads.g.doubleclick.net/gampad/ads?gdfp_req=1&glade_req=1&glv=25&output=html&iu=%2F1038259%2FSEL-amp-cube&sz=300x250&sfv=1-0-8&correlator=4257072794304512&eid=108809080&adk=2352184609&biw=412&bih=620&adx=56&ady=294&oid=3&u_sd=3.5&ifi=1&is_amp=1&amp_v=1498506512561&nhd=1&url=http%3A%2F", "row": 0, "column": 10275, "tagName": "script", "time": 2827.634683, "url": "https://tpc.googlesyndication.com/pagead/js/r20170619/r20110914/client/ext/m_window_focus_non_hydra.js", "pos": 1, "chunkLen": 1, "isStartTag": 1}}
06-28 09:22:31.152  8616  8629 E WProf.db: {"WprofHTMLTag": {"code": "0xaa2b7070", "doc": "https://securepubads.g.doubleclick.net/gampad/ads?gdfp_req=1&glade_req=1&glv=25&output=html&iu=%2F1038259%2FSEL-amp-cube&sz=300x250&sfv=1-0-8&correlator=4257072794304512&eid=108809080&adk=2352184609&biw=412&bih=620&adx=56&ady=294&oid=3&u_sd=3.5&ifi=1&is_amp=1&amp_v=1498506512561&nhd=1&url=http%3A%2F", "row": 0, "column": 10284, "tagName": "script", "time": 2827.635200, "url": "", "pos": 1, "chunkLen": 1, "isStartTag": 0}}
06-28 09:22:31.153  8616  8629 E WProf.db: {"WprofHTMLTag": {"code": "0xaa2b5b40", "doc": "https://securepubads.g.doubleclick.net/gampad/ads?gdfp_req=1&glade_req=1&glv=25&output=html&iu=%2F1038259%2FSEL-amp-cube&sz=300x250&sfv=1-0-8&correlator=4257072794304512&eid=108809080&adk=2352184609&biw=412&bih=620&adx=56&ady=294&oid=3&u_sd=3.5&ifi=1&is_amp=1&amp_v=1498506512561&nhd=1&url=http%3A%2F", "row": 0, "column": 10292, "tagName": "script", "time": 2827.636466, "url": "", "pos": 1, "chunkLen": 1, "isStartTag": 1}}
06-28 09:22:31.153  8616  8629 E WProf.db: {"WprofHTMLTag": {"code": "0xaa2b70a0", "doc": "https://securepubads.g.doubleclick.net/gampad/ads?gdfp_req=1&glade_req=1&glv=25&output=html&iu=%2F1038259%2FSEL-amp-cube&sz=300x250&sfv=1-0-8&correlator=4257072794304512&eid=108809080&adk=2352184609&biw=412&bih=620&adx=56&ady=294&oid=3&u_sd=3.5&ifi=1&is_amp=1&amp_v=1498506512561&nhd=1&url=http%3A%2F", "row": 0, "column": 10558, "tagName": "script", "time": 2827.636849, "url": "", "pos": 1, "chunkLen": 1, "isStartTag": 0}}
06-28 09:22:31.153  8616  8629 E WProf.db: {"WprofHTMLTag": {"code": "0xaa2b70d0", "doc": "https://securepubads.g.doubleclick.net/gampad/ads?gdfp_req=1&glade_req=1&glv=25&output=html&iu=%2F1038259%2FSEL-amp-cube&sz=300x250&sfv=1-0-8&correlator=4257072794304512&eid=108809080&adk=2352184609&biw=412&bih=620&adx=56&ady=294&oid=3&u_sd=3.5&ifi=1&is_amp=1&amp_v=1498506512561&nhd=1&url=http%3A%2F", "row": 0, "column": 10663, "tagName": "script", "time": 2827.638117, "url": "https://tpc.googlesyndication.com/pagead/js/r20170619/r20110914/activeview/osd_listener.js", "pos": 1, "chunkLen": 1, "isStartTag": 1}}
06-28 09:22:31.153  8616  8629 E WProf.db: {"WprofHTMLTag": {"code": "0xaa2b7100", "doc": "https://securepubads.g.doubleclick.net/gampad/ads?gdfp_req=1&glade_req=1&glv=25&output=html&iu=%2F1038259%2FSEL-amp-cube&sz=300x250&sfv=1-0-8&correlator=4257072794304512&eid=108809080&adk=2352184609&biw=412&bih=620&adx=56&ady=294&oid=3&u_sd=3.5&ifi=1&is_amp=1&amp_v=1498506512561&nhd=1&url=http%3A%2F", "row": 0, "column": 10672, "tagName": "script", "time": 2827.638520, "url": "https://pagead2.googlesyndication.com/pagead/osd.js", "pos": 1, "chunkLen": 1, "isStartTag": 0}}
06-28 09:22:31.153  8616  8629 E WProf.db: {"WprofHTMLTag": {"code": "0xaedd44a0", "doc": "https://securepubads.g.doubleclick.net/gampad/ads?gdfp_req=1&glade_req=1&glv=25&output=html&iu=%2F1038259%2FSEL-amp-cube&sz=300x250&sfv=1-0-8&correlator=4257072794304512&eid=108809080&adk=2352184609&biw=412&bih=620&adx=56&ady=294&oid=3&u_sd=3.5&ifi=1&is_amp=1&amp_v=1498506512561&nhd=1&url=http%3A%2F", "row": 0, "column": 10703, "tagName": "script", "time": 2828.050241, "url": "", "pos": 1, "chunkLen": 1, "isStartTag": 1}}
06-28 09:22:31.153  8616  8629 E WProf.db: {"WprofHTMLTag": {"code": "0xaedd4020", "doc": "https://securepubads.g.doubleclick.net/gampad/ads?gdfp_req=1&glade_req=1&glv=25&output=html&iu=%2F1038259%2FSEL-amp-cube&sz=300x250&sfv=1-0-8&correlator=4257072794304512&eid=108809080&adk=2352184609&biw=412&bih=620&adx=56&ady=294&oid=3&u_sd=3.5&ifi=1&is_amp=1&amp_v=1498506512561&nhd=1&url=http%3A%2F", "row": 0, "column": 11055, "tagName": "script", "time": 2828.050509, "url": "", "pos": 1, "chunkLen": 1, "isStartTag": 0}}
06-28 09:22:31.153  8616  8629 E WProf.db: {"WprofHTMLTag": {"code": "0xaa2b5c60", "doc": "https://securepubads.g.doubleclick.net/gampad/ads?gdfp_req=1&glade_req=1&glv=25&output=html&iu=%2F1038259%2FSEL-amp-cube&sz=300x250&sfv=1-0-8&correlator=4257072794304512&eid=108809080&adk=2352184609&biw=412&bih=620&adx=56&ady=294&oid=3&u_sd=3.5&ifi=1&is_amp=1&amp_v=1498506512561&nhd=1&url=http%3A%2F", "row": 0, "column": 11063, "tagName": "script", "time": 2828.065300, "url": "", "pos": 1, "chunkLen": 1, "isStartTag": 1}}
06-28 09:22:31.153  8616  8629 E WProf.db: {"WprofHTMLTag": {"code": "0xaa2b5cf0", "doc": "https://securepubads.g.doubleclick.net/gampad/ads?gdfp_req=1&glade_req=1&glv=25&output=html&iu=%2F1038259%2FSEL-amp-cube&sz=300x250&sfv=1-0-8&correlator=4257072794304512&eid=108809080&adk=2352184609&biw=412&bih=620&adx=56&ady=294&oid=3&u_sd=3.5&ifi=1&is_amp=1&amp_v=1498506512561&nhd=1&url=http%3A%2F", "row": 0, "column": 19625, "tagName": "script", "time": 2828.065624, "url": "", "pos": 1, "chunkLen": 1, "isStartTag": 0}}
06-28 09:22:31.153  8616  8629 E WProf.db: {"WprofHTMLTag": {"code": "0xaa2b73a0", "doc": "https://securepubads.g.doubleclick.net/gampad/ads?gdfp_req=1&glade_req=1&glv=25&output=html&iu=%2F1038259%2FSEL-amp-cube&sz=300x250&sfv=1-0-8&correlator=4257072794304512&eid=108809080&adk=2352184609&biw=412&bih=620&adx=56&ady=294&oid=3&u_sd=3.5&ifi=1&is_amp=1&amp_v=1498506512561&nhd=1&url=http%3A%2F", "row": 0, "column": 19633, "tagName": "script", "time": 2828.072488, "url": "", "pos": 1, "chunkLen": 1, "isStartTag": 1}}
06-28 09:22:31.153  8616  8629 E WProf.db: {"WprofHTMLTag": {"code": "0xaa2b73d0", "doc": "https://securepubads.g.doubleclick.net/gampad/ads?gdfp_req=1&glade_req=1&glv=25&output=html&iu=%2F1038259%2FSEL-amp-cube&sz=300x250&sfv=1-0-8&correlator=4257072794304512&eid=108809080&adk=2352184609&biw=412&bih=620&adx=56&ady=294&oid=3&u_sd=3.5&ifi=1&is_amp=1&amp_v=1498506512561&nhd=1&url=http%3A%2F", "row": 0, "column": 19708, "tagName": "script", "time": 2828.072956, "url": "", "pos": 1, "chunkLen": 1, "isStartTag": 0}}
06-28 09:22:31.153  8616  8629 E WProf.db: {"WprofHTMLTag": {"code": "0xaa2b7400", "doc": "https://securepubads.g.doubleclick.net/gampad/ads?gdfp_req=1&glade_req=1&glv=25&output=html&iu=%2F1038259%2FSEL-amp-cube&sz=300x250&sfv=1-0-8&correlator=4257072794304512&eid=108809080&adk=2352184609&biw=412&bih=620&adx=56&ady=294&oid=3&u_sd=3.5&ifi=1&is_amp=1&amp_v=1498506512561&nhd=1&url=http%3A%2F", "row": 0, "column": 19716, "tagName": "script", "time": 2828.076200, "url": "", "pos": 1, "chunkLen": 1, "isStartTag": 1}}
06-28 09:22:31.153  8616  8629 E WProf.db: {"WprofHTMLTag": {"code": "0xaa2b7430", "doc": "https://securepubads.g.doubleclick.net/gampad/ads?gdfp_req=1&glade_req=1&glv=25&output=html&iu=%2F1038259%2FSEL-amp-cube&sz=300x250&sfv=1-0-8&correlator=4257072794304512&eid=108809080&adk=2352184609&biw=412&bih=620&adx=56&ady=294&oid=3&u_sd=3.5&ifi=1&is_amp=1&amp_v=1498506512561&nhd=1&url=http%3A%2F", "row": 0, "column": 19823, "tagName": "script", "time": 2828.076344, "url": "", "pos": 1, "chunkLen": 1, "isStartTag": 0}}
06-28 09:22:31.153  8616  8629 E WProf.db: {"WprofHTMLTag": {"code": "0xaa2b7460", "doc": "https://securepubads.g.doubleclick.net/gampad/ads?gdfp_req=1&glade_req=1&glv=25&output=html&iu=%2F1038259%2FSEL-amp-cube&sz=300x250&sfv=1-0-8&correlator=4257072794304512&eid=108809080&adk=2352184609&biw=412&bih=620&adx=56&ady=294&oid=3&u_sd=3.5&ifi=1&is_amp=1&amp_v=1498506512561&nhd=1&url=http%3A%2F", "row": 0, "column": 19831, "tagName": "script", "time": 2828.076875, "url": "", "pos": 1, "chunkLen": 1, "isStartTag": 1}}
06-28 09:22:31.154  8616  8629 E WProf.db: {"WprofHTMLTag": {"code": "0xaa2b7490", "doc": "https://securepubads.g.doubleclick.net/gampad/ads?gdfp_req=1&glade_req=1&glv=25&output=html&iu=%2F1038259%2FSEL-amp-cube&sz=300x250&sfv=1-0-8&correlator=4257072794304512&eid=108809080&adk=2352184609&biw=412&bih=620&adx=56&ady=294&oid=3&u_sd=3.5&ifi=1&is_amp=1&amp_v=1498506512561&nhd=1&url=http%3A%2F", "row": 0, "column": 20170, "tagName": "script", "time": 2828.077009, "url": "", "pos": 1, "chunkLen": 1, "isStartTag": 0}}
06-28 09:22:31.154  8616  8629 E WProf.db: {"WprofHTMLTag": {"code": "0xaa2b74c0", "doc": "https://securepubads.g.doubleclick.net/gampad/ads?gdfp_req=1&glade_req=1&glv=25&output=html&iu=%2F1038259%2FSEL-amp-cube&sz=300x250&sfv=1-0-8&correlator=4257072794304512&eid=108809080&adk=2352184609&biw=412&bih=620&adx=56&ady=294&oid=3&u_sd=3.5&ifi=1&is_amp=1&amp_v=1498506512561&nhd=1&url=http%3A%2F", "row": 0, "column": 20177, "tagName": "body", "time": 2828.077738, "url": "", "pos": 1, "chunkLen": 1, "isStartTag": 0}}
06-28 09:22:31.154  8616  8629 E WProf.db: {"WprofHTMLTag": {"code": "0xaa2b74f0", "doc": "https://securepubads.g.doubleclick.net/gampad/ads?gdfp_req=1&glade_req=1&glv=25&output=html&iu=%2F1038259%2FSEL-amp-cube&sz=300x250&sfv=1-0-8&correlator=4257072794304512&eid=108809080&adk=2352184609&biw=412&bih=620&adx=56&ady=294&oid=3&u_sd=3.5&ifi=1&is_amp=1&amp_v=1498506512561&nhd=1&url=http%3A%2F", "row": 0, "column": 20184, "tagName": "html", "time": 2828.077747, "url": "", "pos": 1, "chunkLen": 1, "isStartTag": 0}}
06-28 09:22:31.154  8616  8629 E WProf.db: {"Resource": {"id": 37, "url": "https://securepubads.g.doubleclick.net/static/glade/extra_25.js", "sentTime": -1.000000, "len": 10944, "from": "0xaa2b5e40", "mimeType": "text/javascript", "contentLength": -1, "httpStatus": 200, "connId": 417, "connReused": 0, "cached": 0,"requestTime": 2827.413299, "proxyStart": -1, "proxyEnd": -1, "dnsStart": 0, "dnsEnd": 0, "connectStart": 0, "connectEnd": 119, "sendStart": 119, "sendEnd": 119, "receiveHeadersEnd": 196, "sslStart": 50, "sslEnd": 117}}
06-28 09:22:31.154  8616  8629 E WProf.db: {"ReceivedChunk": {"receivedTime": 2827.642780, "len": 5347}}
06-28 09:22:31.154  8616  8629 E WProf.db: {"ReceivedChunk": {"receivedTime": 2827.642952, "len": 5597}}
06-28 09:22:31.154  8616  8629 E WProf.db: {"Resource": {"id": 38, "url": "https://securepubads.g.doubleclick.net/pcs/view?xai=AKAOjstycs4cNdT9S6BVYbN55Eez_Gru_UUvwT-AU5aYH_xIcTt2b13VrHt5WXG_FNnTFPcwanR9mZ3cFC5raNq0TKc1iANmMBXODNTSX28-OO2iyl_zWNi74m1WULm09nH80knhVvZ43sYY6bs7LFw3TL3iJosxwHjfox2k0VYrlazWGnEE6dIj7FeIZ8YXMB1aqWBOOaaSD3sOchBTrvy33BQZ9RX5FWgEBnewccs-FZ5YI00rjAnv", "sentTime": -1.000000, "len": 0, "from": "0xaa2b6f50", "mimeType": "text/html", "contentLength": 0, "httpStatus": 200, "connId": 417, "connReused": 1, "cached": 0,"requestTime": 2827.632183, "proxyStart": -1, "proxyEnd": -1, "dnsStart": -1, "dnsEnd": -1, "connectStart": 0, "connectEnd": 13, "sendStart": 13, "sendEnd": 13, "receiveHeadersEnd": 128, "sslStart": -1, "sslEnd": -1}}
06-28 09:22:31.154  8616  8629 E WProf.db: {"Resource": {"id": 40, "url": "https://tpc.googlesyndication.com/pagead/js/r20170619/r20110914/client/ext/m_window_focus_non_hydra.js", "sentTime": -1.000000, "len": 4938, "from": "0xaa2b7040", "mimeType": "text/javascript", "contentLength": -1, "httpStatus": 200, "connId": 453, "connReused": 0, "cached": 0,"requestTime": 2827.636688, "proxyStart": -1, "proxyEnd": -1, "dnsStart": 11, "dnsEnd": 12, "connectStart": 0, "connectEnd": 235, "sendStart": 235, "sendEnd": 235, "receiveHeadersEnd": 337, "sslStart": 72, "sslEnd": 234}}
06-28 09:22:31.154  8616  8629 E WProf.db: {"ReceivedChunk": {"receivedTime": 2827.987291, "len": 4938}}
