--------- beginning of main
06-28 15:08:07.182  3449  3449 E Finsky  : [1] com.google.android.finsky.wear.bl.a(3): onConnectionFailed: ConnectionResult{statusCode=API_UNAVAILABLE, resolution=null, message=null}
--------- beginning of system
06-28 15:08:08.389 31910 31910 E chromium: [ERROR:shell_integration_android.cc(12)] Not implemented reached in static ShellIntegration::DefaultWebClientSetPermission ShellIntegration::CanSetAsDefaultBrowser()
06-28 15:08:08.392 31910 31910 E chromium: [ERROR:browser_process_impl.cc(720)] Not implemented reached in virtual BackgroundModeManager* BrowserProcessImpl::background_mode_manager()
06-28 15:08:11.172 31910 31955 E chromium: [ERROR:gles2_cmd_decoder.cc(3852)] [.ChromiumCompositor-0xacbb2fc0]GL ERROR :GL_INVALID_ENUM : glDiscardFramebufferEXT: attachments was GL_COLOR_EXT
06-28 15:08:11.422 31975 31988 E WPROF   : {"CSS": {"url": "http://searchengineland.com/figz/wp-content/themes/searchengineland/css/searchengineland-bootstrap.css", "requestTime": 23568.478185}}
06-28 15:08:11.423 31975 31988 E WPROF   : {"CSS": {"url": "http://fonts.googleapis.com/css?family=Oswald:300,400,700", "requestTime": 23568.478801}}
06-28 15:08:11.424 31975 31988 E WPROF   : {"CSS": {"url": "http://searchengineland.com/figz/wp-content/themes/searchengineland/style.css", "requestTime": 23568.479384}}
06-28 15:08:11.428 31975 31988 E WPROF   : {"Javascript": {"url": "http://searchengineland.com/figz/wp-content/themes/searchengineland/js/lib/modernizr.custom.js?ver=1.0", "requestTime": 23568.484106}}
06-28 15:08:11.429 31975 31988 E WPROF   : {"Javascript": {"url": "http://searchengineland.com/figz/wp-content/themes/searchengineland/js/lib/jquery-1.11.0.min.js?ver=1.11.0", "requestTime": 23568.484623}}
06-28 15:08:11.429 31975 31988 E WPROF   : {"Javascript": {"url": "http://searchengineland.com/figz/wp-content/themes/searchengineland/js/lib/jquery-ui-1.10.3.custom.min.js?ver=1.10.3", "requestTime": 23568.485011}}
06-28 15:08:11.430 31975 31988 E WPROF   : {"Javascript": {"url": "http://searchengineland.com/figz/wp-content/themes/searchengineland/js/lib/jquery.ba-throttle-debounce.min.js?ver=1.1", "requestTime": 23568.485399}}
06-28 15:08:11.430 31975 31988 E WPROF   : {"Javascript": {"url": "http://searchengineland.com/figz/wp-content/themes/searchengineland/js/lib/jquery.countdown.min.js?ver=2.0.4", "requestTime": 23568.485806}}
06-28 15:08:11.438 31975 31988 E WPROF   : {"Javascript": {"url": "http://static.chartbeat.com/js/chartbeat_mab.js", "requestTime": 23568.493619}}
06-28 15:08:12.100 31975 31988 E WPROF   : {"Javascript": {"url": "http://searchengineland.com/figz/wp-includes/js/wp-emoji-release.min.js?ver=4.7.5", "requestTime": 23569.155845}}
06-28 15:08:12.479 31975 31988 E WPROF   : {"Javascript": {"url": "http://www.googletagservices.com/tag/js/gpt.js", "requestTime": 23569.535054}}
06-28 15:08:12.485 31975 31988 E WPROF   : {"Javascript": {"url": "https://www.google-analytics.com/analytics.js", "requestTime": 23569.540731}}
06-28 15:08:12.490 31975 31988 E WPROF   : {"Javascript": {"url": "http://edge.quantserve.com/quant.js", "requestTime": 23569.545913}}
06-28 15:08:12.494 31975 31988 E WPROF   : {"Javascript": {"url": "https://connect.facebook.net/en_US/fbevents.js", "requestTime": 23569.549765}}
06-28 15:08:12.577 31910 31955 E chromium: [ERROR:gles2_cmd_decoder.cc(3852)] [.ChromiumCompositor-0xacbb2fc0]GL ERROR :GL_INVALID_ENUM : glDiscardFramebufferEXT: attachments was GL_COLOR_EXT
06-28 15:08:12.633 31975 31988 E WPROF   : {"Javascript": {"url": "http://app-sj02.marketo.com/js/forms2/js/forms2.min.js", "requestTime": 23569.688372}}
06-28 15:08:12.747 31975 31988 E WPROF   : {"Javascript": {"url": "https://connect.facebook.net/signals/config/423979991297359?v=2.7.17", "requestTime": 23569.802321}}
06-28 15:08:12.752 31975 31988 E WPROF   : {"Javascript": {"url": "https://securepubads.g.doubleclick.net/gpt/pubads_impl_121.js", "requestTime": 23569.807496}}
06-28 15:08:12.756 31910 31955 E chromium: [ERROR:gles2_cmd_decoder.cc(3852)] [.ChromiumCompositor-0xacbb2fc0]GL ERROR :GL_INVALID_ENUM : glDiscardFramebufferEXT: attachments was GL_COLOR_EXT
06-28 15:08:12.908 31975 31988 E WPROF   : {"Javascript": {"url": "http://app-sj02.marketo.com/index.php/form/getForm?munchkinId=727-ZQE-044&form=5691&url=http%3A%2F%2Fsearchengineland.com%2Fkpis-seo-measuring-seo-success-254773&callback=jQuery110207537313946522772_1498630092841&_=1498630092842", "requestTime": 23569.963886}}
06-28 15:08:12.925 31975 31988 E WPROF   : {"Javascript": {"url": "http://app-sj02.marketo.com/index.php/form/getForm?munchkinId=727-ZQE-044&form=5685&url=http%3A%2F%2Fsearchengineland.com%2Fkpis-seo-measuring-seo-success-254773&callback=jQuery110207537313946522772_1498630092843&_=1498630092844", "requestTime": 23569.980543}}
06-28 15:08:13.175 31975 31988 E WPROF   : {"Javascript": {"url": "http://app-sj02.marketo.com/index.php/form/getForm?munchkinId=727-ZQE-044&form=5673&url=http%3A%2F%2Fsearchengineland.com%2Fkpis-seo-measuring-seo-success-254773&callback=jQuery110207537313946522772_1498630092845&_=1498630092846", "requestTime": 23570.231179}}
06-28 15:08:13.199 31975 31988 E WPROF   : {"Javascript": {"url": "http://searchengineland.com/js/ga_social_tracking.js", "requestTime": 23570.254863}}
06-28 15:08:13.200 31975 31988 E WPROF   : {"Javascript": {"url": "http://s7.addthis.com/js/300/addthis_widget.js#pubid=ra-53e918f660794f37", "requestTime": 23570.255713}}
06-28 15:08:13.241 31910 31955 E chromium: [ERROR:gles2_cmd_decoder.cc(3852)] [.ChromiumCompositor-0xacbb2fc0]GL ERROR :GL_INVALID_ENUM : glDiscardFramebufferEXT: attachments was GL_COLOR_EXT
06-28 15:08:13.451 31910 31955 E chromium: [ERROR:gles2_cmd_decoder.cc(3852)] [.ChromiumCompositor-0xacbb2fc0]GL ERROR :GL_INVALID_ENUM : glDiscardFramebufferEXT: attachments was GL_COLOR_EXT
06-28 15:08:14.052 31975 31988 E WPROF   : {"Javascript": {"url": "https://securepubads.g.doubleclick.net/gampad/ads?gdfp_req=1&correlator=1560347846639616&output=json_html&callback=googletag.impl.pubads.callbackProxy1&impl=fifs&json_a=1&eid=108809080%2C108809103&sc=0&sfv=1-0-9&iu_parts=1038259%2Csel-ciu-1%2Csel-ciu-2%2Csel-ciu-3%2Csel-ciu-4%2Csel-ciu-5%2Cch-seo-le", "requestTime": 23571.107996}}
06-28 15:08:14.169 31910 31955 E chromium: [ERROR:gles2_cmd_decoder.cc(3852)] [.ChromiumCompositor-0xacbb2fc0]GL ERROR :GL_INVALID_ENUM : glDiscardFramebufferEXT: attachments was GL_COLOR_EXT
06-28 15:08:14.346 31975 31988 E WPROF   : {"Javascript": {"url": "http://d2j3qa5nc37287.cloudfront.net/coupon_code1.js", "requestTime": 23571.401462}}
06-28 15:08:14.348 31975 31988 E WPROF   : {"Javascript": {"url": "http://www.googleadservices.com/pagead/conversion.js", "requestTime": 23571.404038}}
06-28 15:08:14.349 31975 31988 E WPROF   : {"Javascript": {"url": "http://searchengineland.com/figz/wp-content/themes/searchengineland/js/script.js?ver=1.0", "requestTime": 23571.404847}}
06-28 15:08:14.350 31975 31988 E WPROF   : {"Javascript": {"url": "http://searchengineland.com/figz/wp-includes/js/wp-embed.min.js?ver=4.7.5", "requestTime": 23571.405292}}
06-28 15:08:14.350 31975 31988 E WPROF   : {"Javascript": {"url": "http://searchengineland.com/figz/wp-content/themes/searchengineland/js/modules/sharing_controls.js", "requestTime": 23571.405705}}
06-28 15:08:14.367 31975 31988 E WPROF   : {"Javascript": {"url": "https://static.xx.fbcdn.net/rsrc.php/v3iy6L4/yk/l/ko_KR/be4fIjHRc8P.js", "requestTime": 23571.422712}}
06-28 15:08:14.437 31975 31988 E WPROF   : {"Javascript": {"url": "https://static.xx.fbcdn.net/rsrc.php/v3iy6L4/yF/l/ko_KR/w3AiswiqjrJ.js", "requestTime": 23571.493013}}
06-28 15:08:14.454 31910 31955 E chromium: [ERROR:gles2_cmd_decoder.cc(3852)] [.ChromiumCompositor-0xacbb2fc0]GL ERROR :GL_INVALID_ENUM : glDiscardFramebufferEXT: attachments was GL_COLOR_EXT
06-28 15:08:14.582 31975 31988 E WPROF   : {"Javascript": {"url": "http://cdn.api.twitter.com/1/users/show.json?screen_name=marcusbowlerhat&callback=twttr.setFollowersCount", "requestTime": 23571.637255}}
06-28 15:08:14.719 31910 31955 E chromium: [ERROR:gles2_cmd_decoder.cc(3852)] [.ChromiumCompositor-0xacbb2fc0]GL ERROR :GL_INVALID_ENUM : glDiscardFramebufferEXT: attachments was GL_COLOR_EXT
06-28 15:08:14.844 31975 31988 E WPROF   : {"CSS": {"url": "https://www.youtube.com/yts/cssbin/www-embed-player-sprite-mode-vfl5G4Xm8.css", "requestTime": 23571.899744}}
06-28 15:08:14.845 31975 31988 E WPROF   : {"Javascript": {"url": "https://www.youtube.com/yts/jsbin/www-embed-player-vfl_UY_j8/www-embed-player.js", "requestTime": 23571.900976}}
06-28 15:08:14.846 31975 31988 E WPROF   : {"Javascript": {"url": "https://www.youtube.com/yts/jsbin/player-vflo1w4O-/ko_KR/base.js", "requestTime": 23571.901308}}
06-28 15:08:14.942 31975 31988 E WPROF   : {"CSS": {"url": "http://app-sj02.marketo.com/js/forms2/css/forms2.css", "requestTime": 23571.997519}}
06-28 15:08:14.948 31975 31988 E WPROF   : {"CSS": {"url": "http://app-sj02.marketo.com/js/forms2/css/forms2-theme-simple.css", "requestTime": 23572.003583}}
06-28 15:08:14.956 31910 31955 E chromium: [ERROR:gles2_cmd_decoder.cc(3852)] [.ChromiumCompositor-0xacbb2fc0]GL ERROR :GL_INVALID_ENUM : glDiscardFramebufferEXT: attachments was GL_COLOR_EXT
06-28 15:08:15.099 31975 31988 E WPROF   : {"Javascript": {"url": "https://tpc.googlesyndication.com/pagead/js/r20170619/r20110914/client/ext/m_window_focus_non_hydra.js", "requestTime": 23572.154884}}
06-28 15:08:15.101 31975 31988 E WPROF   : {"Javascript": {"url": "https://tpc.googlesyndication.com/pagead/js/r20170619/r20110914/activeview/osd_listener.js", "requestTime": 23572.156571}}
06-28 15:08:15.105 31975 31988 E WPROF   : {"Javascript": {"url": "http://pagead2.googlesyndication.com/pagead/osd.js", "requestTime": 23572.160931}}
06-28 15:08:15.222 31975 31988 E WPROF   : {"Javascript": {"url": "http://www.justuno.com/ajax/account_version_check.html?id=828FA275-FF73-401E-AA39-40F5A6FAB6B1", "requestTime": 23572.277300}}
06-28 15:08:16.035 31910 31955 E chromium: [ERROR:gles2_cmd_decoder.cc(3852)] [.ChromiumCompositor-0xacbb2fc0]GL ERROR :GL_INVALID_ENUM : glDiscardFramebufferEXT: attachments was GL_COLOR_EXT
06-28 15:08:17.136 31910 31955 E chromium: [ERROR:gles2_cmd_decoder.cc(3852)] [.ChromiumCompositor-0xacbb2fc0]GL ERROR :GL_INVALID_ENUM : glDiscardFramebufferEXT: attachments was GL_COLOR_EXT
06-28 15:08:18.015 31975 31988 E WPROF   : {"Javascript": {"url": "https://www.google.com/js/bg/KWBfAnWFESAEEaKKgdYlTHY9ysQaNoQuzeMFqvxDSM8.js", "requestTime": 23575.070471}}
06-28 15:08:18.017 31975 31988 E WPROF   : {"Javascript": {"url": "https://static.doubleclick.net/instream/ad_status.js", "requestTime": 23575.073064}}
06-28 15:08:18.260 31910 31955 E chromium: [ERROR:gles2_cmd_decoder.cc(3852)] [.ChromiumCompositor-0xacbb2fc0]GL ERROR :GL_INVALID_ENUM : glDiscardFramebufferEXT: attachments was GL_COLOR_EXT
06-28 15:08:18.495 31975 31988 E WPROF   : {"Javascript": {"url": "http://cdn.justuno.com/mwgt_3.6.js", "requestTime": 23575.550559}}
06-28 15:08:18.801 31910 31955 E chromium: [ERROR:gles2_cmd_decoder.cc(3852)] [.ChromiumCompositor-0xacbb2fc0]GL ERROR :GL_INVALID_ENUM : glDiscardFramebufferEXT: attachments was GL_COLOR_EXT
06-28 15:08:18.931 31910 31955 E chromium: [ERROR:gles2_cmd_decoder.cc(3852)] [.ChromiumCompositor-0xacbb2fc0]GL ERROR :GL_INVALID_ENUM : glDiscardFramebufferEXT: attachments was GL_COLOR_EXT
06-28 15:08:19.300 31910 31955 E chromium: [ERROR:gles2_cmd_decoder.cc(3852)] [.ChromiumCompositor-0xacbb2fc0]GL ERROR :GL_INVALID_ENUM : glDiscardFramebufferEXT: attachments was GL_COLOR_EXT
06-28 15:08:19.720 31910 31955 E chromium: [ERROR:gles2_cmd_decoder.cc(3852)] [.ChromiumCompositor-0xacbb2fc0]GL ERROR :GL_INVALID_ENUM : glDiscardFramebufferEXT: attachments was GL_COLOR_EXT
06-28 15:08:19.903 31910 31955 E chromium: [ERROR:gles2_cmd_decoder.cc(3852)] [.ChromiumCompositor-0xacbb2fc0]GL ERROR :GL_INVALID_ENUM : glDiscardFramebufferEXT: attachments was GL_COLOR_EXT
06-28 15:08:19.905 31975 31988 E WProf.db: {"page": "searchengineland.com_kpis-seo-measuring-seo-success-254773"}
06-28 15:08:19.905 31975 31988 E WProf.db: {"DOMLoad": 23576.960684}
06-28 15:08:19.905 31975 31988 E WProf.db: {"Resource": {"id": 1, "url": "http://searchengineland.com/kpis-seo-measuring-seo-success-254773", "sentTime": -1.000000, "len": 106650, "from": "0x0", "mimeType": "text/html", "contentLength": -1, "httpStatus": 200, "connId": 19, "connReused": 1, "cached": 0,"requestTime": 23568.140475, "proxyStart": -1, "proxyEnd": -1, "dnsStart": -1, "dnsEnd": -1, "connectStart": 0, "connectEnd": 77, "sendStart": 77, "sendEnd": 77, "receiveHeadersEnd": 231, "sslStart": -1, "sslEnd": -1}}
06-28 15:08:19.905 31975 31988 E WProf.db: {"ReceivedChunk": {"receivedTime": 23568.389009, "len": 12556}}
06-28 15:08:19.905 31975 31988 E WProf.db: {"ReceivedChunk": {"receivedTime": 23568.467036, "len": 32768}}
06-28 15:08:19.905 31975 31988 E WProf.db: {"ReceivedChunk": {"receivedTime": 23568.467265, "len": 22997}}
06-28 15:08:19.905 31975 31988 E WProf.db: {"ReceivedChunk": {"receivedTime": 23568.518945, "len": 32768}}
06-28 15:08:19.906 31975 31988 E WProf.db: {"ReceivedChunk": {"receivedTime": 23568.519745, "len": 5561}}
06-28 15:08:19.906 31975 31988 E WProf.db: {"WprofHTMLTag": {"code": "0xaedd7600", "doc": "http://searchengineland.com/kpis-seo-measuring-seo-success-254773", "row": 6, "column": 42, "tagName": "html", "time": 23568.471789, "url": "", "pos": 1, "chunkLen": 1, "isStartTag": 1}}
06-28 15:08:19.906 31975 31988 E WProf.db: {"WprofHTMLTag": {"code": "0xaf047850", "doc": "http://searchengineland.com/kpis-seo-measuring-seo-success-254773", "row": 7, "column": 6, "tagName": "head", "time": 23568.472234, "url": "", "pos": 1, "chunkLen": 1, "isStartTag": 1}}
06-28 15:08:19.906 31975 31988 E WProf.db: {"WprofHTMLTag": {"code": "0xaf047880", "doc": "http://searchengineland.com/kpis-seo-measuring-seo-success-254773", "row": 8, "column": 54, "tagName": "meta", "time": 23568.472281, "url": "", "pos": 1, "chunkLen": 1, "isStartTag": 1}}
06-28 15:08:19.906 31975 31988 E WProf.db: {"WprofHTMLTag": {"code": "0xaf0478b0", "doc": "http://searchengineland.com/kpis-seo-measuring-seo-success-254773", "row": 9, "column": 68, "tagName": "meta", "time": 23568.472445, "url": "", "pos": 1, "chunkLen": 1, "isStartTag": 1}}
06-28 15:08:19.906 31975 31988 E WProf.db: {"WprofHTMLTag": {"code": "0xaf0478e0", "doc": "http://searchengineland.com/kpis-seo-measuring-seo-success-254773", "row": 10, "column": 23, "tagName": "meta", "time": 23568.472562, "url": "", "pos": 1, "chunkLen": 1, "isStartTag": 1}}
06-28 15:08:19.906 31975 31988 E WProf.db: {"WprofHTMLTag": {"code": "0xaf047910", "doc": "http://searchengineland.com/kpis-seo-measuring-seo-success-254773", "row": 11, "column": 52, "tagName": "meta", "time": 23568.472700, "url": "", "pos": 1, "chunkLen": 1, "isStartTag": 1}}
06-28 15:08:19.906 31975 31988 E WProf.db: {"WprofHTMLTag": {"code": "0xaf047940", "doc": "http://searchengineland.com/kpis-seo-measuring-seo-success-254773", "row": 14, "column": 56, "tagName": "meta", "time": 23568.472831, "url": "", "pos": 1, "chunkLen": 1, "isStartTag": 1}}
06-28 15:08:19.906 31975 31988 E WProf.db: {"WprofHTMLTag": {"code": "0xaf047970", "doc": "http://searchengineland.com/kpis-seo-measuring-seo-success-254773", "row": 15, "column": 83, "tagName": "meta", "time": 23568.472940, "url": "", "pos": 1, "chunkLen": 1, "isStartTag": 1}}
06-28 15:08:19.906 31975 31988 E WProf.db: {"WprofHTMLTag": {"code": "0xaf0479a0", "doc": "http://searchengineland.com/kpis-seo-measuring-seo-success-254773", "row": 16, "column": 57, "tagName": "meta", "time": 23568.473131, "url": "", "pos": 1, "chunkLen": 1, "isStartTag": 1}}
06-28 15:08:19.906 31975 31988 E WProf.db: {"WprofHTMLTag": {"code": "0xaf047a30", "doc": "http://searchengineland.com/kpis-seo-measuring-seo-success-254773", "row": 17, "column": 41, "tagName": "meta", "time": 23568.473237, "url": "", "pos": 1, "chunkLen": 1, "isStartTag": 1}}
06-28 15:08:19.906 31975 31988 E WProf.db: {"WprofHTMLTag": {"code": "0xaf047a60", "doc": "http://searchengineland.com/kpis-seo-measuring-seo-success-254773", "row": 18, "column": 50, "tagName": "meta", "time": 23568.473344, "url": "", "pos": 1, "chunkLen": 1, "isStartTag": 1}}
06-28 15:08:19.906 31975 31988 E WProf.db: {"WprofHTMLTag": {"code": "0xaf047a90", "doc": "http://searchengineland.com/kpis-seo-measuring-seo-success-254773", "row": 19, "column": 174, "tagName": "meta", "time": 23568.473451, "url": "", "pos": 1, "chunkLen": 1, "isStartTag": 1}}
06-28 15:08:19.906 31975 31988 E WProf.db: {"WprofHTMLTag": {"code": "0xaf047a00", "doc": "http://searchengineland.com/kpis-seo-measuring-seo-success-254773", "row": 20, "column": 47, "tagName": "meta", "time": 23568.473565, "url": "", "pos": 1, "chunkLen": 1, "isStartTag": 1}}
06-28 15:08:19.907 31975 31988 E WProf.db: {"WprofHTMLTag": {"code": "0xaf0479d0", "doc": "http://searchengineland.com/kpis-seo-measuring-seo-success-254773", "row": 21, "column": 67, "tagName": "meta", "time": 23568.473671, "url": "", "pos": 1, "chunkLen": 1, "isStartTag": 1}}
06-28 15:08:19.907 31975 31988 E WProf.db: {"WprofHTMLTag": {"code": "0xaf047ac0", "doc": "http://searchengineland.com/kpis-seo-measuring-seo-success-254773", "row": 22, "column": 57, "tagName": "meta", "time": 23568.473779, "url": "", "pos": 1, "chunkLen": 1, "isStartTag": 1}}
06-28 15:08:19.907 31975 31988 E WProf.db: {"WprofHTMLTag": {"code": "0xaf047af0", "doc": "http://searchengineland.com/kpis-seo-measuring-seo-success-254773", "row": 23, "column": 65, "tagName": "meta", "time": 23568.473888, "url": "", "pos": 1, "chunkLen": 1, "isStartTag": 1}}
06-28 15:08:19.907 31975 31988 E WProf.db: {"WprofHTMLTag": {"code": "0xaf047b20", "doc": "http://searchengineland.com/kpis-seo-measuring-seo-success-254773", "row": 24, "column": 55, "tagName": "meta", "time": 23568.474001, "url": "", "pos": 1, "chunkLen": 1, "isStartTag": 1}}
06-28 15:08:19.907 31975 31988 E WProf.db: {"WprofHTMLTag": {"code": "0xaf047b50", "doc": "http://searchengineland.com/kpis-seo-measuring-seo-success-254773", "row": 25, "column": 71, "tagName": "meta", "time": 23568.474106, "url": "", "pos": 1, "chunkLen": 1, "isStartTag": 1}}
06-28 15:08:19.907 31975 31988 E WProf.db: {"WprofHTMLTag": {"code": "0xaf047b80", "doc": "http://searchengineland.com/kpis-seo-measuring-seo-success-254773", "row": 26, "column": 86, "tagName": "meta", "time": 23568.474216, "url": "", "pos": 1, "chunkLen": 1, "isStartTag": 1}}
06-28 15:08:19.907 31975 31988 E WProf.db: {"WprofHTMLTag": {"code": "0xaf047bb0", "doc": "http://searchengineland.com/kpis-seo-measuring-seo-success-254773", "row": 27, "column": 54, "tagName": "meta", "time": 23568.474318, "url": "", "pos": 1, "chunkLen": 1, "isStartTag": 1}}
06-28 15:08:19.907 31975 31988 E WProf.db: {"WprofHTMLTag": {"code": "0xaf047be0", "doc": "http://searchengineland.com/kpis-seo-measuring-seo-success-254773", "row": 29, "column": 169, "tagName": "meta", "time": 23568.474422, "url": "", "pos": 1, "chunkLen": 1, "isStartTag": 1}}
06-28 15:08:19.907 31975 31988 E WProf.db: {"WprofHTMLTag": {"code": "0xaf047c10", "doc": "http://searchengineland.com/kpis-seo-measuring-seo-success-254773", "row": 30, "column": 235, "tagName": "meta", "time": 23568.474531, "url": "", "pos": 1, "chunkLen": 1, "isStartTag": 1}}
06-28 15:08:19.907 31975 31988 E WProf.db: {"WprofHTMLTag": {"code": "0xaf047c40", "doc": "http://searchengineland.com/kpis-seo-measuring-seo-success-254773", "row": 31, "column": 55, "tagName": "meta", "time": 23568.474641, "url": "", "pos": 1, "chunkLen": 1, "isStartTag": 1}}
06-28 15:08:19.907 31975 31988 E WProf.db: {"WprofHTMLTag": {"code": "0xaf047c70", "doc": "http://searchengineland.com/kpis-seo-measuring-seo-success-254773", "row": 32, "column": 54, "tagName": "meta", "time": 23568.474747, "url": "", "pos": 1, "chunkLen": 1, "isStartTag": 1}}
06-28 15:08:19.907 31975 31988 E WProf.db: {"WprofHTMLTag": {"code": "0xaf047ca0", "doc": "http://searchengineland.com/kpis-seo-measuring-seo-success-254773", "row": 33, "column": 143, "tagName": "meta", "time": 23568.474860, "url": "", "pos": 1, "chunkLen": 1, "isStartTag": 1}}
06-28 15:08:19.907 31975 31988 E WProf.db: {"WprofHTMLTag": {"code": "0xaf047cd0", "doc": "http://searchengineland.com/kpis-seo-measuring-seo-success-254773", "row": 37, "column": 36, "tagName": "script", "time": 23568.474971, "url": "", "pos": 1, "chunkLen": 1, "isStartTag": 1}}
06-28 15:08:19.907 31975 31988 E WProf.db: {"WprofHTMLTag": {"code": "0xaf047d00", "doc": "http://searchengineland.com/kpis-seo-measuring-seo-success-254773", "row": 53, "column": 10, "tagName": "script", "time": 23568.475299, "url": "", "pos": 1, "chunkLen": 1, "isStartTag": 0}}
06-28 15:08:19.908 31975 31988 E WProf.db: {"WprofHTMLTag": {"code": "0xaedd7630", "doc": "http://searchengineland.com/kpis-seo-measuring-seo-success-254773", "row": 55, "column": 86, "tagName": "link", "time": 23568.476837, "url": "http://searchengineland.com/apple-touch-icon.png", "pos": 1, "chunkLen": 1, "isStartTag": 1}}
06-28 15:08:19.908 31975 31988 E WProf.db: {"WprofHTMLTag": {"code": "0xaf047d30", "doc": "http://searchengineland.com/kpis-seo-measuring-seo-success-254773", "row": 56, "column": 76, "tagName": "link", "time": 23568.477141, "url": "http://searchengineland.com/favicon.ico", "pos": 1, "chunkLen": 1, "isStartTag": 1}}
06-28 15:08:19.908 31975 31988 E WProf.db: {"WprofHTMLTag": {"code": "0xaf047d60", "doc": "http://searchengineland.com/kpis-seo-measuring-seo-success-254773", "row": 57, "column": 158, "tagName": "link", "time": 23568.477347, "url": "http://feeds.searchengineland.com/searchengineland", "pos": 1, "chunkLen": 1, "isStartTag": 1}}
06-28 15:08:19.908 31975 31988 E WProf.db: {"WprofHTMLTag": {"code": "0xaf047d90", "doc": "http://searchengineland.com/kpis-seo-measuring-seo-success-254773", "row": 58, "column": 149, "tagName": "link", "time": 23568.477607, "url": "http://feeds.searchengineland.com/searchcap", "pos": 1, "chunkLen": 1, "isStartTag": 1}}
06-28 15:08:19.908 31975 31988 E WProf.db: {"WprofHTMLTag": {"code": "0xaf047dc0", "doc": "http://searchengineland.com/kpis-seo-measuring-seo-success-254773", "row": 59, "column": 150, "tagName": "link", "time": 23568.477900, "url": "http://searchengineland.com/figz/wp-content/themes/searchengineland/css/searchengineland-bootstrap.css", "pos": 1, "chunkLen": 1, "isStartTag": 1}}
06-28 15:08:19.908 31975 31988 E WProf.db: {"WprofHTMLTag": {"code": "0xaf047e20", "doc": "http://searchengineland.com/kpis-seo-measuring-seo-success-254773", "row": 60, "column": 105, "tagName": "link", "time": 23568.478528, "url": "http://fonts.googleapis.com/css?family=Oswald:300,400,700", "pos": 1, "chunkLen": 1, "isStartTag": 1}}
06-28 15:08:19.908 31975 31988 E WProf.db: {"WprofHTMLTag": {"code": "0xaf047f40", "doc": "http://searchengineland.com/kpis-seo-measuring-seo-success-254773", "row": 61, "column": 125, "tagName": "link", "time": 23568.479092, "url": "http://searchengineland.com/figz/wp-content/themes/searchengineland/style.css", "pos": 1, "chunkLen": 1, "isStartTag": 1}}
06-28 15:08:19.908 31975 31988 E WProf.db: {"WprofHTMLTag": {"code": "0xaf047fa0", "doc": "http://searchengineland.com/kpis-seo-measuring-seo-success-254773", "row": 65, "column": 7, "tagName": "title", "time": 23568.479699, "url": "", "pos": 1, "chunkLen": 1, "isStartTag": 1}}
06-28 15:08:19.908 31975 31988 E WProf.db: {"WprofHTMLTag": {"code": "0xb4cc74b0", "doc": "http://searchengineland.com/kpis-seo-measuring-seo-success-254773", "row": 65, "column": 50, "tagName": "title", "time": 23568.479934, "url": "", "pos": 1, "chunkLen": 1, "isStartTag": 0}}
06-28 15:08:19.908 31975 31988 E WProf.db: {"WprofHTMLTag": {"code": "0xb4cc7540", "doc": "http://searchengineland.com/kpis-seo-measuring-seo-success-254773", "row": 66, "column": 232, "tagName": "meta", "time": 23568.479955, "url": "", "pos": 1, "chunkLen": 1, "isStartTag": 1}}
06-28 15:08:19.908 31975 31988 E WProf.db: {"WprofHTMLTag": {"code": "0xb4cc78a0", "doc": "http://searchengineland.com/kpis-seo-measuring-seo-success-254773", "row": 67, "column": 170, "tagName": "meta", "time": 23568.480117, "url": "", "pos": 1, "chunkLen": 1, "isStartTag": 1}}
06-28 15:08:19.908 31975 31988 E WProf.db: {"WprofHTMLTag": {"code": "0xb4cc78d0", "doc": "http://searchengineland.com/kpis-seo-measuring-seo-success-254773", "row": 68, "column": 107, "tagName": "meta", "time": 23568.480225, "url": "", "pos": 1, "chunkLen": 1, "isStartTag": 1}}
06-28 15:08:19.909 31975 31988 E WProf.db: {"WprofHTMLTag": {"code": "0xb4cc7900", "doc": "http://searchengineland.com/kpis-seo-measuring-seo-success-254773", "row": 69, "column": 37, "tagName": "meta", "time": 23568.480339, "url": "", "pos": 1, "chunkLen": 1, "isStartTag": 1}}
06-28 15:08:19.909 31975 31988 E WProf.db: {"WprofHTMLTag": {"code": "0xb4cc7930", "doc": "http://searchengineland.com/kpis-seo-measuring-seo-success-254773", "row": 70, "column": 97, "tagName": "link", "time": 23568.480449, "url": "http://searchengineland.com/kpis-seo-measuring-seo-success-254773", "pos": 1, "chunkLen": 1, "isStartTag": 1}}
06-28 15:08:19.909 31975 31988 E WProf.db: {"WprofHTMLTag": {"code": "0xb4cc7960", "doc": "http://searchengineland.com/kpis-seo-measuring-seo-success-254773", "row": 71, "column": 76, "tagName": "link", "time": 23568.480648, "url": "https://plus.google.com/103218677032751327334", "pos": 1, "chunkLen": 1, "isStartTag": 1}}
06-28 15:08:19.909 31975 31988 E WProf.db: {"WprofHTMLTag": {"code": "0xb4cc7990", "doc": "http://searchengineland.com/kpis-seo-measuring-seo-success-254773", "row": 72, "column": 45, "tagName": "meta", "time": 23568.480837, "url": "", "pos": 1, "chunkLen": 1, "isStartTag": 1}}
06-28 15:08:19.910 31975 31988 E WProf.db: {"WprofHTMLTag": {"code": "0xb4cc79c0", "doc": "http://searchengineland.com/kpis-seo-measuring-seo-success-254773", "row": 73, "column": 45, "tagName": "meta", "time": 23568.480951, "url": "", "pos": 1, "chunkLen": 1, "isStartTag": 1}}
06-28 15:08:19.910 31975 31988 E WProf.db: {"WprofHTMLTag": {"code": "0xb4cc79f0", "doc": "http://searchengineland.com/kpis-seo-measuring-seo-success-254773", "row": 74, "column": 74, "tagName": "meta", "time": 23568.481059, "url": "", "pos": 1, "chunkLen": 1, "isStartTag": 1}}
06-28 15:08:19.910 31975 31988 E WProf.db: {"WprofHTMLTag": {"code": "0xb4cc7a20", "doc": "http://searchengineland.com/kpis-seo-measuring-seo-success-254773", "row": 75, "column": 240, "tagName": "meta", "time": 23568.481172, "url": "", "pos": 1, "chunkLen": 1, "isStartTag": 1}}
06-28 15:08:19.910 31975 31988 E WProf.db: {"WprofHTMLTag": {"code": "0xb4cc7a50", "doc": "http://searchengineland.com/kpis-seo-measuring-seo-success-254773", "row": 76, "column": 102, "tagName": "meta", "time": 23568.481285, "url": "", "pos": 1, "chunkLen": 1, "isStartTag": 1}}
06-28 15:08:19.910 31975 31988 E WProf.db: {"WprofHTMLTag": {"code": "0xb4cc7a80", "doc": "http://searchengineland.com/kpis-seo-measuring-seo-success-254773", "row": 77, "column": 61, "tagName": "meta", "time": 23568.481397, "url": "", "pos": 1, "chunkLen": 1, "isStartTag": 1}}
06-28 15:08:19.910 31975 31988 E WProf.db: {"WprofHTMLTag": {"code": "0xb4cc7ab0", "doc": "http://searchengineland.com/kpis-seo-measuring-seo-success-254773", "row": 78, "column": 89, "tagName": "meta", "time": 23568.481513, "url": "", "pos": 1, "chunkLen": 1, "isStartTag": 1}}
06-28 15:08:19.910 31975 31988 E WProf.db: {"WprofHTMLTag": {"code": "0xb4cc7ae0", "doc": "http://searchengineland.com/kpis-seo-measuring-seo-success-254773", "row": 79, "column": 67, "tagName": "meta", "time": 23568.481620, "url": "", "pos": 1, "chunkLen": 1, "isStartTag": 1}}
06-28 15:08:19.911 31975 31988 E WProf.db: {"WprofHTMLTag": {"code": "0xb4cc7b10", "doc": "http://searchengineland.com/kpis-seo-measuring-seo-success-254773", "row": 80, "column": 78, "tagName": "meta", "time": 23568.481735, "url": "", "pos": 1, "chunkLen": 1, "isStartTag": 1}}
06-28 15:08:19.911 31975 31988 E WProf.db: {"WprofHTMLTag": {"code": "0xb4cc7b40", "doc": "http://searchengineland.com/kpis-seo-measuring-seo-success-254773", "row": 81, "column": 77, "tagName": "meta", "time": 23568.481846, "url": "", "pos": 1, "chunkLen": 1, "isStartTag": 1}}
06-28 15:08:19.911 31975 31988 E WProf.db: {"WprofHTMLTag": {"code": "0xb4cc7b70", "doc": "http://searchengineland.com/kpis-seo-measuring-seo-success-254773", "row": 82, "column": 71, "tagName": "meta", "time": 23568.481962, "url": "", "pos": 1, "chunkLen": 1, "isStartTag": 1}}
06-28 15:08:19.911 31975 31988 E WProf.db: {"WprofHTMLTag": {"code": "0xb4cc7ba0", "doc": "http://searchengineland.com/kpis-seo-measuring-seo-success-254773", "row": 83, "column": 137, "tagName": "meta", "time": 23568.482070, "url": "", "pos": 1, "chunkLen": 1, "isStartTag": 1}}
06-28 15:08:19.911 31975 31988 E WProf.db: {"WprofHTMLTag": {"code": "0xb4cc7bd0", "doc": "http://searchengineland.com/kpis-seo-measuring-seo-success-254773", "row": 84, "column": 49, "tagName": "meta", "time": 23568.482182, "url": "", "pos": 1, "chunkLen": 1, "isStartTag": 1}}
06-28 15:08:19.911 31975 31988 E WProf.db: {"WprofHTMLTag": {"code": "0xb4cc7c00", "doc": "http://searchengineland.com/kpis-seo-measuring-seo-success-254773", "row": 85, "column": 50, "tagName": "meta", "time": 23568.482291, "url": "", "pos": 1, "chunkLen": 1, "isStartTag": 1}}
06-28 15:08:19.911 31975 31988 E WProf.db: {"WprofHTMLTag": {"code": "0xb4cc7c30", "doc": "http://searchengineland.com/kpis-seo-measuring-seo-success-254773", "row": 86, "column": 58, "tagName": "meta", "time": 23568.482406, "url": "", "pos": 1, "chunkLen": 1, "isStartTag": 1}}
06-28 15:08:19.911 31975 31988 E WProf.db: {"WprofHTMLTag": {"code": "0xb4cc7c60", "doc": "http://searchengineland.com/kpis-seo-measuring-seo-success-254773", "row": 87, "column": 241, "tagName": "meta", "time": 23568.482528, "url": "", "pos": 1, "chunkLen": 1, "isStartTag": 1}}
06-28 15:08:19.911 31975 31988 E WProf.db: {"WprofHTMLTag": {"code": "0xb4cc7c90", "doc": "http://searchengineland.com/kpis-seo-measuring-seo-success-254773", "row": 88, "column": 75, "tagName": "meta", "time": 23568.482636, "url": "", "pos": 1, "chunkLen": 1, "isStartTag": 1}}
06-28 15:08:19.911 31975 31988 E WProf.db: {"WprofHTMLTag": {"code": "0xb4cc7cc0", "doc": "http://searchengineland.com/kpis-seo-measuring-seo-success-254773", "row": 89, "column": 51, "tagName": "meta", "time": 23568.482745, "url": "", "pos": 1, "chunkLen": 1, "isStartTag": 1}}
06-28 15:08:19.911 31975 31988 E WProf.db: {"WprofHTMLTag": {"code": "0xb4cc7cf0", "doc": "http://searchengineland.com/kpis-seo-measuring-seo-success-254773", "row": 90, "column": 138, "tagName": "meta", "time": 23568.482854, "url": "", "pos": 1, "chunkLen": 1, "isStartTag": 1}}
06-28 15:08:19.911 31975 31988 E WProf.db: {"WprofHTMLTag": {"code": "0xb4cc7d20", "doc": "http://searchengineland.com/kpis-seo-measuring-seo-success-254773", "row": 91, "column": 58, "tagName": "meta", "time": 23568.482965, "url": "", "pos": 1, "chunkLen": 1, "isStartTag": 1}}
06-28 15:08:19.912 31975 31988 E WProf.db: {"WprofHTMLTag": {"code": "0xb4cc7d50", "doc": "http://searchengineland.com/kpis-seo-measuring-seo-success-254773", "row": 94, "column": 44, "tagName": "link", "time": 23568.483076, "url": "http://s.w.org/", "pos": 1, "chunkLen": 1, "isStartTag": 1}}
06-28 15:08:19.912 31975 31988 E WProf.db: {"WprofHTMLTag": {"code": "0xb4cc7d80", "doc": "http://searchengineland.com/kpis-seo-measuring-seo-success-254773", "row": 95, "column": 33, "tagName": "script", "time": 23568.483293, "url": "", "pos": 1, "chunkLen": 1, "isStartTag": 1}}
06-28 15:08:19.912 31975 31988 E WProf.db: {"WprofHTMLTag": {"code": "0xb4cc7db0", "doc": "http://searchengineland.com/kpis-seo-measuring-seo-success-254773", "row": 98, "column": 11, "tagName": "script", "time": 23568.483477, "url": "http://searchengineland.com/figz/wp-includes/js/wp-emoji-release.min.js?ver=4.7.5", "pos": 1, "chunkLen": 1, "isStartTag": 0}}
06-28 15:08:19.912 31975 31988 E WProf.db: {"WprofHTMLTag": {"code": "0x9d23da50", "doc": "http://searchengineland.com/kpis-seo-measuring-seo-success-254773", "row": 99, "column": 25, "tagName": "style", "time": 23569.157053, "url": "", "pos": 1, "chunkLen": 1, "isStartTag": 1}}
06-28 15:08:19.912 31975 31988 E WProf.db: {"WprofHTMLTag": {"code": "0x9d23da80", "doc": "http://searchengineland.com/kpis-seo-measuring-seo-success-254773", "row": 112, "column": 8, "tagName": "style", "time": 23569.157317, "url": "", "pos": 1, "chunkLen": 1, "isStartTag": 0}}
06-28 15:08:19.912 31975 31988 E WProf.db: {"WprofHTMLTag": {"code": "0x9d23dab0", "doc": "http://searchengineland.com/kpis-seo-measuring-seo-success-254773", "row": 113, "column": 140, "tagName": "script", "time": 23569.159340, "url": "http://searchengineland.com/figz/wp-content/themes/searchengineland/js/lib/modernizr.custom.js?ver=1.0", "pos": 1, "chunkLen": 1, "isStartTag": 1}}
06-28 15:08:19.913 31975 31988 E WProf.db: {"WprofHTMLTag": {"code": "0x9d23dae0", "doc": "http://searchengineland.com/kpis-seo-measuring-seo-success-254773", "row": 113, "column": 149, "tagName": "script", "time": 23569.159609, "url": "", "pos": 1, "chunkLen": 1, "isStartTag": 0}}
06-28 15:08:19.913 31975 31988 E WProf.db: {"WprofHTMLTag": {"code": "0x9d23db70", "doc": "http://searchengineland.com/kpis-seo-measuring-seo-success-254773", "row": 114, "column": 144, "tagName": "script", "time": 23569.168094, "url": "http://searchengineland.com/figz/wp-content/themes/searchengineland/js/lib/jquery-1.11.0.min.js?ver=1.11.0", "pos": 1, "chunkLen": 1, "isStartTag": 1}}
06-28 15:08:19.913 31975 31988 E WProf.db: {"WprofHTMLTag": {"code": "0x9d23dba0", "doc": "http://searchengineland.com/kpis-seo-measuring-seo-success-254773", "row": 114, "column": 153, "tagName": "script", "time": 23569.168365, "url": "", "pos": 1, "chunkLen": 1, "isStartTag": 0}}
06-28 15:08:19.913 31975 31988 E WProf.db: {"WprofHTMLTag": {"code": "0xaedd7ea0", "doc": "http://searchengineland.com/kpis-seo-measuring-seo-success-254773", "row": 0, "column": 15, "tagName": "div", "time": 23569.290592, "url": "", "pos": 15, "chunkLen": 44, "isStartTag": 1}}
06-28 15:08:19.913 31975 31988 E WProf.db: {"WprofHTMLTag": {"code": "0xaedd7e70", "doc": "http://searchengineland.com/kpis-seo-measuring-seo-success-254773", "row": 0, "column": 21, "tagName": "div", "time": 23569.291136, "url": "", "pos": 21, "chunkLen": 44, "isStartTag": 0}}
06-28 15:08:19.913 31975 31988 E WProf.db: {"WprofHTMLTag": {"code": "0xaedd7e40", "doc": "http://searchengineland.com/kpis-seo-measuring-seo-success-254773", "row": 0, "column": 38, "tagName": "div", "time": 23569.291268, "url": "", "pos": 38, "chunkLen": 44, "isStartTag": 1}}
06-28 15:08:19.913 31975 31988 E WProf.db: {"WprofHTMLTag": {"code": "0xaedd7c30", "doc": "http://searchengineland.com/kpis-seo-measuring-seo-success-254773", "row": 0, "column": 44, "tagName": "div", "time": 23569.291451, "url": "", "pos": 44, "chunkLen": 44, "isStartTag": 0}}
06-28 15:08:19.913 31975 31988 E WProf.db: {"WprofHTMLTag": {"code": "0x9d23dbd0", "doc": "http://searchengineland.com/kpis-seo-measuring-seo-success-254773", "row": 0, "column": 13, "tagName": "select", "time": 23569.293744, "url": "", "pos": 13, "chunkLen": 51, "isStartTag": 1}}
06-28 15:08:19.913 31975 31988 E WProf.db: {"WprofHTMLTag": {"code": "0x9d23dc00", "doc": "http://searchengineland.com/kpis-seo-measuring-seo-success-254773", "row": 0, "column": 33, "tagName": "option", "time": 23569.294006, "url": "", "pos": 33, "chunkLen": 51, "isStartTag": 1}}
06-28 15:08:19.913 31975 31988 E WProf.db: {"WprofHTMLTag": {"code": "0x9d23dc30", "doc": "http://searchengineland.com/kpis-seo-measuring-seo-success-254773", "row": 0, "column": 42, "tagName": "option", "time": 23569.294287, "url": "", "pos": 42, "chunkLen": 51, "isStartTag": 0}}
06-28 15:08:19.913 31975 31988 E WProf.db: {"WprofHTMLTag": {"code": "0x9d23dc60", "doc": "http://searchengineland.com/kpis-seo-measuring-seo-success-254773", "row": 0, "column": 51, "tagName": "select", "time": 23569.294385, "url": "", "pos": 51, "chunkLen": 51, "isStartTag": 0}}
06-28 15:08:19.913 31975 31988 E WProf.db: {"WprofHTMLTag": {"code": "0x9d23dc90", "doc": "http://searchengineland.com/kpis-seo-measuring-seo-success-254773", "row": 0, "column": 12, "tagName": "a", "time": 23569.301880, "url": "", "pos": 12, "chunkLen": 16, "isStartTag": 1}}
06-28 15:08:19.913 31975 31988 E WProf.db: {"WprofHTMLTag": {"code": "0x9d23dcc0", "doc": "http://searchengineland.com/kpis-seo-measuring-seo-success-254773", "row": 0, "column": 16, "tagName": "a", "time": 23569.302119, "url": "", "pos": 16, "chunkLen": 16, "isStartTag": 0}}
06-28 15:08:19.914 31975 31988 E WProf.db: {"WprofHTMLTag": {"code": "0x9d23dcf0", "doc": "http://searchengineland.com/kpis-seo-measuring-seo-success-254773", "row": 0, "column": 8, "tagName": "input", "time": 23569.303710, "url": "", "pos": 8, "chunkLen": 8, "isStartTag": 1}}
06-28 15:08:19.914 31975 31988 E WProf.db: {"WprofHTMLTag": {"code": "0x9d23dd20", "doc": "http://searchengineland.com/kpis-seo-measuring-seo-success-254773", "row": 0, "column": 9, "tagName": "link", "time": 23569.317781, "url": "", "pos": 9, "chunkLen": 42, "isStartTag": 1}}
06-28 15:08:19.914 31975 31988 E WProf.db: {"WprofHTMLTag": {"code": "0x9d23dd50", "doc": "http://searchengineland.com/kpis-seo-measuring-seo-success-254773", "row": 0, "column": 16, "tagName": "table", "time": 23569.317960, "url": "", "pos": 16, "chunkLen": 42, "isStartTag": 1}}
06-28 15:08:19.914 31975 31988 E WProf.db: {"WprofHTMLTag": {"code": "0x9d23dd80", "doc": "http://searchengineland.com/kpis-seo-measuring-seo-success-254773", "row": 0, "column": 24, "tagName": "table", "time": 23569.318133, "url": "", "pos": 24, "chunkLen": 42, "isStartTag": 0}}
06-28 15:08:19.914 31975 31988 E WProf.db: {"WprofHTMLTag": {"code": "0x9d23ddb0", "doc": "http://searchengineland.com/kpis-seo-measuring-seo-success-254773", "row": 0, "column": 37, "tagName": "a", "time": 23569.318231, "url": "", "pos": 37, "chunkLen": 42, "isStartTag": 1}}
06-28 15:08:19.914 31975 31988 E WProf.db: {"WprofHTMLTag": {"code": "0x9d23dde0", "doc": "http://searchengineland.com/kpis-seo-measuring-seo-success-254773", "row": 0, "column": 42, "tagName": "a", "time": 23569.318497, "url": "", "pos": 42, "chunkLen": 42, "isStartTag": 0}}
06-28 15:08:19.914 31975 31988 E WProf.db: {"WprofHTMLTag": {"code": "0x9d23de70", "doc": "http://searchengineland.com/kpis-seo-measuring-seo-success-254773", "row": 0, "column": 10, "tagName": "textarea", "time": 23569.321469, "url": "", "pos": 10, "chunkLen": 22, "isStartTag": 1}}
06-28 15:08:19.914 31975 31988 E WProf.db: {"WprofHTMLTag": {"code": "0x9d23dea0", "doc": "http://searchengineland.com/kpis-seo-measuring-seo-success-254773", "row": 0, "column": 22, "tagName": "textarea", "time": 23569.322404, "url": "", "pos": 22, "chunkLen": 22, "isStartTag": 0}}
06-28 15:08:19.914 31975 31988 E WProf.db: {"WprofHTMLTag": {"code": "0x9d23ded0", "doc": "http://searchengineland.com/kpis-seo-measuring-seo-success-254773", "row": 0, "column": 48, "tagName": "input", "time": 23569.328406, "url": "", "pos": 48, "chunkLen": 48, "isStartTag": 1}}
06-28 15:08:19.914 31975 31988 E WProf.db: {"WprofHTMLTag": {"code": "0x9d23df30", "doc": "http://searchengineland.com/kpis-seo-measuring-seo-success-254773", "row": 0, "column": 9, "tagName": "link", "time": 23569.347565, "url": "", "pos": 9, "chunkLen": 66, "isStartTag": 1}}
06-28 15:08:19.914 31975 31988 E WProf.db: {"WprofHTMLTag": {"code": "0x9d23df60", "doc": "http://searchengineland.com/kpis-seo-measuring-seo-success-254773", "row": 0, "column": 16, "tagName": "table", "time": 23569.347699, "url": "", "pos": 16, "chunkLen": 66, "isStartTag": 1}}
06-28 15:08:19.914 31975 31988 E WProf.db: {"WprofHTMLTag": {"code": "0x9d23df90", "doc": "http://searchengineland.com/kpis-seo-measuring-seo-success-254773", "row": 0, "column": 24, "tagName": "table", "time": 23569.347782, "url": "", "pos": 24, "chunkLen": 66, "isStartTag": 0}}
06-28 15:08:19.914 31975 31988 E WProf.db: {"WprofHTMLTag": {"code": "0x9d23dfc0", "doc": "http://searchengineland.com/kpis-seo-measuring-seo-success-254773", "row": 0, "column": 37, "tagName": "a", "time": 23569.347854, "url": "", "pos": 37, "chunkLen": 66, "isStartTag": 1}}
06-28 15:08:19.915 31975 31988 E WProf.db: {"WprofHTMLTag": {"code": "0x9d23dff0", "doc": "http://searchengineland.com/kpis-seo-measuring-seo-success-254773", "row": 0, "column": 42, "tagName": "a", "time": 23569.348061, "url": "", "pos": 42, "chunkLen": 66, "isStartTag": 0}}
06-28 15:08:19.915 31975 31988 E WProf.db: {"WprofHTMLTag": {"code": "0x9d23e020", "doc": "http://searchengineland.com/kpis-seo-measuring-seo-success-254773", "row": 0, "column": 66, "tagName": "input", "time": 23569.348217, "url": "", "pos": 66, "chunkLen": 66, "isStartTag": 1}}
06-28 15:08:19.915 31975 31988 E WProf.db: {"WprofHTMLTag": {"code": "0x9d23e0b0", "doc": "http://searchengineland.com/kpis-seo-measuring-seo-success-254773", "row": 0, "column": 9, "tagName": "link", "time": 23569.350184, "url": "", "pos": 9, "chunkLen": 66, "isStartTag": 1}}
06-28 15:08:19.915 31975 31988 E WProf.db: {"WprofHTMLTag": {"code": "0x9d23e0e0", "doc": "http://searchengineland.com/kpis-seo-measuring-seo-success-254773", "row": 0, "column": 16, "tagName": "table", "time": 23569.350301, "url": "", "pos": 16, "chunkLen": 66, "isStartTag": 1}}
06-28 15:08:19.915 31975 31988 E WProf.db: {"WprofHTMLTag": {"code": "0x9d23e110", "doc": "http://searchengineland.com/kpis-seo-measuring-seo-success-254773", "row": 0, "column": 24, "tagName": "table", "time": 23569.350373, "url": "", "pos": 24, "chunkLen": 66, "isStartTag": 0}}
06-28 15:08:19.915 31975 31988 E WProf.db: {"WprofHTMLTag": {"code": "0x9d23e140", "doc": "http://searchengineland.com/kpis-seo-measuring-seo-success-254773", "row": 0, "column": 37, "tagName": "a", "time": 23569.350443, "url": "", "pos": 37, "chunkLen": 66, "isStartTag": 1}}
06-28 15:08:19.915 31975 31988 E WProf.db: {"WprofHTMLTag": {"code": "0x9d23e170", "doc": "http://searchengineland.com/kpis-seo-measuring-seo-success-254773", "row": 0, "column": 42, "tagName": "a", "time": 23569.350617, "url": "", "pos": 42, "chunkLen": 66, "isStartTag": 0}}
06-28 15:08:19.915 31975 31988 E WProf.db: {"WprofHTMLTag": {"code": "0x9d23e1a0", "doc": "http://searchengineland.com/kpis-seo-measuring-seo-success-254773", "row": 0, "column": 66, "tagName": "input", "time": 23569.350686, "url": "", "pos": 66, "chunkLen": 66, "isStartTag": 1}}
06-28 15:08:19.915 31975 31988 E WProf.db: {"WprofHTMLTag": {"code": "0x9d23e200", "doc": "http://searchengineland.com/kpis-seo-measuring-seo-success-254773", "row": 0, "column": 9, "tagName": "link", "time": 23569.355321, "url": "", "pos": 9, "chunkLen": 66, "isStartTag": 1}}
06-28 15:08:19.915 31975 31988 E WProf.db: {"WprofHTMLTag": {"code": "0x9d23e230", "doc": "http://searchengineland.com/kpis-seo-measuring-seo-success-254773", "row": 0, "column": 16, "tagName": "table", "time": 23569.355444, "url": "", "pos": 16, "chunkLen": 66, "isStartTag": 1}}
06-28 15:08:19.915 31975 31988 E WProf.db: {"WprofHTMLTag": {"code": "0x9d23e260", "doc": "http://searchengineland.com/kpis-seo-measuring-seo-success-254773", "row": 0, "column": 24, "tagName": "table", "time": 23569.355521, "url": "", "pos": 24, "chunkLen": 66, "isStartTag": 0}}
06-28 15:08:19.915 31975 31988 E WProf.db: {"WprofHTMLTag": {"code": "0x9d23e290", "doc": "http://searchengineland.com/kpis-seo-measuring-seo-success-254773", "row": 0, "column": 37, "tagName": "a", "time": 23569.355588, "url": "", "pos": 37, "chunkLen": 66, "isStartTag": 1}}
06-28 15:08:19.915 31975 31988 E WProf.db: {"WprofHTMLTag": {"code": "0x9d23e2c0", "doc": "http://searchengineland.com/kpis-seo-measuring-seo-success-254773", "row": 0, "column": 42, "tagName": "a", "time": 23569.355778, "url": "", "pos": 42, "chunkLen": 66, "isStartTag": 0}}
06-28 15:08:19.915 31975 31988 E WProf.db: {"WprofHTMLTag": {"code": "0x9d23e2f0", "doc": "http://searchengineland.com/kpis-seo-measuring-seo-success-254773", "row": 0, "column": 66, "tagName": "input", "time": 23569.355849, "url": "", "pos": 66, "chunkLen": 66, "isStartTag": 1}}
06-28 15:08:19.916 31975 31988 E WProf.db: {"WprofHTMLTag": {"code": "0x9d23db40", "doc": "http://searchengineland.com/kpis-seo-measuring-seo-success-254773", "row": 115, "column": 154, "tagName": "script", "time": 23569.368366, "url": "http://searchengineland.com/figz/wp-content/themes/searchengineland/js/lib/jquery-ui-1.10.3.custom.min.js?ver=1.10.3", "pos": 67, "chunkLen": 67, "isStartTag": 1}}
06-28 15:08:19.916 31975 31988 E WProf.db: {"WprofHTMLTag": {"code": "0x9d23e410", "doc": "http://searchengineland.com/kpis-seo-measuring-seo-success-254773", "row": 115, "column": 163, "tagName": "script", "time": 23569.368618, "url": "", "pos": 67, "chunkLen": 67, "isStartTag": 0}}
06-28 15:08:19.916 31975 31988 E WProf.db: {"WprofHTMLTag": {"code": "0xaedd80e0", "doc": "http://searchengineland.com/kpis-seo-measuring-seo-success-254773", "row": 0, "column": 111, "tagName": "div", "time": 23569.502017, "url": "", "pos": 111, "chunkLen": 117, "isStartTag": 1}}
06-28 15:08:19.916 31975 31988 E WProf.db: {"WprofHTMLTag": {"code": "0xaedd80b0", "doc": "http://searchengineland.com/kpis-seo-measuring-seo-success-254773", "row": 0, "column": 117, "tagName": "div", "time": 23569.502213, "url": "", "pos": 117, "chunkLen": 117, "isStartTag": 0}}
06-28 15:08:19.916 31975 31988 E WProf.db: {"WprofHTMLTag": {"code": "0x9d23e6e0", "doc": "http://searchengineland.com/kpis-seo-measuring-seo-success-254773", "row": 116, "column": 155, "tagName": "script", "time": 23569.527828, "url": "http://searchengineland.com/figz/wp-content/themes/searchengineland/js/lib/jquery.ba-throttle-debounce.min.js?ver=1.1", "pos": 118, "chunkLen": 118, "isStartTag": 1}}
06-28 15:08:19.916 31975 31988 E WProf.db: {"WprofHTMLTag": {"code": "0x9d23e710", "doc": "http://searchengineland.com/kpis-seo-measuring-seo-success-254773", "row": 116, "column": 164, "tagName": "script", "time": 23569.528084, "url": "", "pos": 118, "chunkLen": 118, "isStartTag": 0}}
06-28 15:08:19.916 31975 31988 E WProf.db: {"WprofHTMLTag": {"code": "0x9d23e740", "doc": "http://searchengineland.com/kpis-seo-measuring-seo-success-254773", "row": 117, "column": 146, "tagName": "script", "time": 23569.529268, "url": "http://searchengineland.com/figz/wp-content/themes/searchengineland/js/lib/jquery.countdown.min.js?ver=2.0.4", "pos": 118, "chunkLen": 118, "isStartTag": 1}}
06-28 15:08:19.916 31975 31988 E WProf.db: {"WprofHTMLTag": {"code": "0x9d23e770", "doc": "http://searchengineland.com/kpis-seo-measuring-seo-success-254773", "row": 117, "column": 155, "tagName": "script", "time": 23569.529500, "url": "", "pos": 118, "chunkLen": 118, "isStartTag": 0}}
06-28 15:08:19.916 31975 31988 E WProf.db: {"WprofHTMLTag": {"code": "0x9d23e7a0", "doc": "http://searchengineland.com/kpis-seo-measuring-seo-success-254773", "row": 118, "column": 77, "tagName": "link", "time": 23569.532558, "url": "http://searchengineland.com/wp-json/", "pos": 118, "chunkLen": 118, "isStartTag": 1}}
06-28 15:08:19.916 31975 31988 E WProf.db: {"WprofHTMLTag": {"code": "0x9d23e7d0", "doc": "http://searchengineland.com/kpis-seo-measuring-seo-success-254773", "row": 119, "column": 69, "tagName": "link", "time": 23569.532800, "url": "http://searchengineland.com/?p=254773", "pos": 118, "chunkLen": 118, "isStartTag": 1}}
06-28 15:08:19.916 31975 31988 E WProf.db: {"WprofHTMLTag": {"code": "0x9d23e8c0", "doc": "http://searchengineland.com/kpis-seo-measuring-seo-success-254773", "row": 120, "column": 193, "tagName": "link", "time": 23569.532999, "url": "http://searchengineland.com/wp-json/oembed/1.0/embed?url=http%3A%2F%2Fsearchengineland.com%2Fkpis-seo-measuring-seo-success-254773", "pos": 118, "chunkLen": 118, "isStartTag": 1}}
06-28 15:08:19.916 31975 31988 E WProf.db: {"WprofHTMLTag": {"code": "0x9d23e920", "doc": "http://searchengineland.com/kpis-seo-measuring-seo-success-254773", "row": 121, "column": 201, "tagName": "link", "time": 23569.533241, "url": "http://searchengineland.com/wp-json/oembed/1.0/embed?url=http%3A%2F%2Fsearchengineland.com%2Fkpis-seo-measuring-seo-success-254773&format=xml", "pos": 118, "chunkLen": 118, "isStartTag": 1}}
06-28 15:08:19.916 31975 31988 E WProf.db: {"WprofHTMLTag": {"code": "0x9d23e980", "doc": "http://searchengineland.com/kpis-seo-measuring-seo-success-254773", "row": 122, "column": 99, "tagName": "link", "time": 23569.533491, "url": "http://searchengineland.com/kpis-seo-measuring-seo-success-254773/amp", "pos": 118, "chunkLen": 118, "isStartTag": 1}}
06-28 15:08:19.917 31975 31988 E WProf.db: {"WprofHTMLTag": {"code": "0x9d23e9b0", "doc": "http://searchengineland.com/kpis-seo-measuring-seo-success-254773", "row": 124, "column": 31, "tagName": "script", "time": 23569.533693, "url": "", "pos": 118, "chunkLen": 118, "isStartTag": 1}}
06-28 15:08:19.917 31975 31988 E WProf.db: {"WprofHTMLTag": {"code": "0x9d23e9e0", "doc": "http://searchengineland.com/kpis-seo-measuring-seo-success-254773", "row": 137, "column": 9, "tagName": "script", "time": 23569.533889, "url": "http://www.googletagservices.com/tag/js/gpt.js", "pos": 118, "chunkLen": 118, "isStartTag": 0}}
06-28 15:08:19.917 31975 31988 E WProf.db: {"WprofHTMLTag": {"code": "0x9d23eb00", "doc": "http://searchengineland.com/kpis-seo-measuring-seo-success-254773", "row": 140, "column": 31, "tagName": "script", "time": 23569.535460, "url": "", "pos": 118, "chunkLen": 118, "isStartTag": 1}}
06-28 15:08:19.917 31975 31988 E WProf.db: {"WprofHTMLTag": {"code": "0x9d23eb30", "doc": "http://searchengineland.com/kpis-seo-measuring-seo-success-254773", "row": 157, "column": 9, "tagName": "script", "time": 23569.535681, "url": "", "pos": 118, "chunkLen": 118, "isStartTag": 0}}
