--------- beginning of main
06-28 13:34:04.011  3449  3449 E Finsky  : [1] com.google.android.finsky.wear.bl.a(3): onConnectionFailed: ConnectionResult{statusCode=API_UNAVAILABLE, resolution=null, message=null}
--------- beginning of system
06-28 13:34:05.120 32624 32624 E chromium: [ERROR:shell_integration_android.cc(12)] Not implemented reached in static ShellIntegration::DefaultWebClientSetPermission ShellIntegration::CanSetAsDefaultBrowser()
06-28 13:34:05.128 32624 32624 E chromium: [ERROR:browser_process_impl.cc(720)] Not implemented reached in virtual BackgroundModeManager* BrowserProcessImpl::background_mode_manager()
06-28 13:34:05.431  3218 23949 E AudioRecord-JNI: Error -4 during AudioRecord native read
06-28 13:34:07.883 32624 32670 E chromium: [ERROR:gles2_cmd_decoder.cc(3852)] [.ChromiumCompositor-0xacbb2fc0]GL ERROR :GL_INVALID_ENUM : glDiscardFramebufferEXT: attachments was GL_COLOR_EXT
06-28 13:34:08.415 32690 32703 E WPROF   : {"Javascript": {"url": "https://cdn.ampproject.org/rtv/011498506512561/v0.js", "requestTime": 17925.470586}}
06-28 13:34:08.417 32690 32703 E WPROF   : {"Javascript": {"url": "https://cdn.ampproject.org/rtv/011498506512561/v0/amp-ad-0.1.js", "requestTime": 17925.472600}}
06-28 13:34:08.418 32690 32703 E WPROF   : {"Javascript": {"url": "https://cdn.ampproject.org/rtv/011498506512561/v0/amp-analytics-0.1.js", "requestTime": 17925.473426}}
06-28 13:34:08.419 32690 32703 E WPROF   : {"Javascript": {"url": "https://cdn.ampproject.org/rtv/011498506512561/v0/amp-anim-0.1.js", "requestTime": 17925.474320}}
06-28 13:34:08.419 32690 32703 E WPROF   : {"Javascript": {"url": "https://cdn.ampproject.org/rtv/011498506512561/v0/amp-form-0.1.js", "requestTime": 17925.475191}}
06-28 13:34:08.420 32690 32703 E WPROF   : {"Javascript": {"url": "https://cdn.ampproject.org/rtv/011498506512561/v0/amp-sidebar-0.1.js", "requestTime": 17925.476117}}
06-28 13:34:08.421 32690 32703 E WPROF   : {"Javascript": {"url": "https://cdn.ampproject.org/rtv/011498506512561/v0/amp-video-0.1.js", "requestTime": 17925.477108}}
06-28 13:34:08.423 32690 32703 E WPROF   : {"Javascript": {"url": "https://cdn.ampproject.org/rtv/011498506512561/v0/amp-youtube-0.1.js", "requestTime": 17925.478348}}
06-28 13:34:08.424 32690 32703 E WPROF   : {"CSS": {"url": "https://fonts.googleapis.com/css?family=Oswald:300,400,700", "requestTime": 17925.479527}}
06-28 13:34:08.428 32690 32703 E WPROF   : {"CSS": {"url": "https://fonts.googleapis.com/css?family=Merriweather:400,400italic,700,700italic", "requestTime": 17925.484212}}
06-28 13:34:08.445 32690 32703 E WPROF   : {"Javascript": {"url": "https://cdn.ampproject.org/rtv/011498506512561/v0/amp-mustache-0.1.js", "requestTime": 17925.500386}}
06-28 13:34:09.857 32624 32670 E chromium: [ERROR:gles2_cmd_decoder.cc(3852)] [.ChromiumCompositor-0xacbb2fc0]GL ERROR :GL_INVALID_ENUM : glDiscardFramebufferEXT: attachments was GL_COLOR_EXT
06-28 13:34:10.128 32624 32670 E chromium: [ERROR:gles2_cmd_decoder.cc(3852)] [.ChromiumCompositor-0xacbb2fc0]GL ERROR :GL_INVALID_ENUM : glDiscardFramebufferEXT: attachments was GL_COLOR_EXT
06-28 13:34:10.157 32624 32670 E chromium: [ERROR:gles2_cmd_decoder.cc(3852)] [.ChromiumCompositor-0xacbb2fc0]GL ERROR :GL_INVALID_ENUM : glDiscardFramebufferEXT: attachments was GL_COLOR_EXT
06-28 13:34:10.161 32624 32670 E chromium: [ERROR:gles2_cmd_decoder.cc(3852)] [.ChromiumCompositor-0xacbb2fc0]GL ERROR :GL_INVALID_ENUM : glDiscardFramebufferEXT: attachments was GL_COLOR_EXT
06-28 13:34:10.196 32624 32670 E chromium: [ERROR:gles2_cmd_decoder.cc(3852)] [.ChromiumCompositor-0xacbb2fc0]GL ERROR :GL_INVALID_ENUM : glDiscardFramebufferEXT: attachments was GL_COLOR_EXT
06-28 13:34:10.206 32624 32670 E chromium: [ERROR:gles2_cmd_decoder.cc(3852)] [.ChromiumCompositor-0xacbb2fc0]GL ERROR :GL_INVALID_ENUM : glDiscardFramebufferEXT: attachments was GL_COLOR_EXT
06-28 13:34:10.214 32624 32670 E chromium: [ERROR:gles2_cmd_decoder.cc(3852)] [.ChromiumCompositor-0xacbb2fc0]GL ERROR :GL_INVALID_ENUM : glDiscardFramebufferEXT: attachments was GL_COLOR_EXT
06-28 13:34:10.251 32624 32670 E chromium: [ERROR:gles2_cmd_decoder.cc(3852)] [.ChromiumCompositor-0xacbb2fc0]GL ERROR :GL_INVALID_ENUM : glDiscardFramebufferEXT: attachments was GL_COLOR_EXT
06-28 13:34:10.278 32624 32670 E chromium: [ERROR:gles2_cmd_decoder.cc(3852)] [.ChromiumCompositor-0xacbb2fc0]GL ERROR :GL_INVALID_ENUM : glDiscardFramebufferEXT: attachments was GL_COLOR_EXT
06-28 13:34:10.281 32624 32670 E chromium: [ERROR:gles2_cmd_decoder.cc(3852)] [.ChromiumCompositor-0xacbb2fc0]GL ERROR :GL_INVALID_ENUM : glDiscardFramebufferEXT: attachments was GL_COLOR_EXT
06-28 13:34:10.297 32624 32670 E chromium: [ERROR:gles2_cmd_decoder.cc(3852)] [.ChromiumCompositor-0xacbb2fc0]GL ERROR :GL_INVALID_ENUM : glDiscardFramebufferEXT: attachments was GL_COLOR_EXT
06-28 13:34:10.311 32624 32670 E chromium: [ERROR:gles2_cmd_decoder.cc(3852)] [.ChromiumCompositor-0xacbb2fc0]GL ERROR :GL_INVALID_ENUM : glDiscardFramebufferEXT: attachments was GL_COLOR_EXT
06-28 13:34:10.326 32624 32670 E chromium: [ERROR:gles2_cmd_decoder.cc(3852)] [.ChromiumCompositor-0xacbb2fc0]GL ERROR :GL_INVALID_ENUM : glDiscardFramebufferEXT: attachments was GL_COLOR_EXT
06-28 13:34:10.340 32624 32670 E chromium: [ERROR:gles2_cmd_decoder.cc(3852)] [.ChromiumCompositor-0xacbb2fc0]GL ERROR :GL_INVALID_ENUM : glDiscardFramebufferEXT: attachments was GL_COLOR_EXT
06-28 13:34:10.358 32624 32670 E chromium: [ERROR:gles2_cmd_decoder.cc(3852)] [.ChromiumCompositor-0xacbb2fc0]GL ERROR :GL_INVALID_ENUM : glDiscardFramebufferEXT: attachments was GL_COLOR_EXT
06-28 13:34:10.376 32624 32670 E chromium: [ERROR:gles2_cmd_decoder.cc(3852)] [.ChromiumCompositor-0xacbb2fc0]GL ERROR :GL_INVALID_ENUM : glDiscardFramebufferEXT: attachments was GL_COLOR_EXT
06-28 13:34:10.392 32624 32670 E chromium: [ERROR:gles2_cmd_decoder.cc(3852)] [.ChromiumCompositor-0xacbb2fc0]GL ERROR :GL_INVALID_ENUM : glDiscardFramebufferEXT: attachments was GL_COLOR_EXT
06-28 13:34:10.408 32624 32670 E chromium: [ERROR:gles2_cmd_decoder.cc(3852)] [.ChromiumCompositor-0xacbb2fc0]GL ERROR :GL_INVALID_ENUM : glDiscardFramebufferEXT: attachments was GL_COLOR_EXT
06-28 13:34:10.424 32624 32670 E chromium: [ERROR:gles2_cmd_decoder.cc(3852)] [.ChromiumCompositor-0xacbb2fc0]GL ERROR :GL_INVALID_ENUM : glDiscardFramebufferEXT: attachments was GL_COLOR_EXT
06-28 13:34:10.443 32624 32670 E chromium: [ERROR:gles2_cmd_decoder.cc(3852)] [.ChromiumCompositor-0xacbb2fc0]GL ERROR :GL_INVALID_ENUM : glDiscardFramebufferEXT: attachments was GL_COLOR_EXT
06-28 13:34:10.460 32624 32670 E chromium: [ERROR:gles2_cmd_decoder.cc(3852)] [.ChromiumCompositor-0xacbb2fc0]GL ERROR :GL_INVALID_ENUM : glDiscardFramebufferEXT: attachments was GL_COLOR_EXT
06-28 13:34:10.481 32624 32670 E chromium: [ERROR:gles2_cmd_decoder.cc(3852)] [.ChromiumCompositor-0xacbb2fc0]GL ERROR :GL_INVALID_ENUM : glDiscardFramebufferEXT: attachments was GL_COLOR_EXT
06-28 13:34:10.491 32624 32670 E chromium: [ERROR:gles2_cmd_decoder.cc(3852)] [.ChromiumCompositor-0xacbb2fc0]GL ERROR :GL_INVALID_ENUM : glDiscardFramebufferEXT: attachments was GL_COLOR_EXT
06-28 13:34:10.508 32624 32670 E chromium: [ERROR:gles2_cmd_decoder.cc(3852)] [.ChromiumCompositor-0xacbb2fc0]GL ERROR :GL_INVALID_ENUM : glDiscardFramebufferEXT: attachments was GL_COLOR_EXT
06-28 13:34:10.526 32624 32670 E chromium: [ERROR:gles2_cmd_decoder.cc(3852)] [.ChromiumCompositor-0xacbb2fc0]GL ERROR :GL_INVALID_ENUM : glDiscardFramebufferEXT: attachments was GL_COLOR_EXT
06-28 13:34:10.541 32624 32670 E chromium: [ERROR:gles2_cmd_decoder.cc(3852)] [.ChromiumCompositor-0xacbb2fc0]GL ERROR :GL_INVALID_ENUM : glDiscardFramebufferEXT: attachments was GL_COLOR_EXT
06-28 13:34:10.561 32624 32670 E chromium: [ERROR:gles2_cmd_decoder.cc(3852)] [.ChromiumCompositor-0xacbb2fc0]GL ERROR :GL_INVALID_ENUM : glDiscardFramebufferEXT: attachments was GL_COLOR_EXT
06-28 13:34:10.576 32624 32670 E chromium: [ERROR:gles2_cmd_decoder.cc(3852)] [.ChromiumCompositor-0xacbb2fc0]GL ERROR :GL_INVALID_ENUM : glDiscardFramebufferEXT: attachments was GL_COLOR_EXT
06-28 13:34:10.594 32624 32670 E chromium: [ERROR:gles2_cmd_decoder.cc(3852)] [.ChromiumCompositor-0xacbb2fc0]GL ERROR :GL_INVALID_ENUM : glDiscardFramebufferEXT: attachments was GL_COLOR_EXT
06-28 13:34:10.609 32624 32670 E chromium: [ERROR:gles2_cmd_decoder.cc(3852)] [.ChromiumCompositor-0xacbb2fc0]GL ERROR :GL_INVALID_ENUM : glDiscardFramebufferEXT: attachments was GL_COLOR_EXT
06-28 13:34:10.626 32624 32670 E chromium: [ERROR:gles2_cmd_decoder.cc(3852)] [.ChromiumCompositor-0xacbb2fc0]GL ERROR :GL_INVALID_ENUM : glDiscardFramebufferEXT: attachments was GL_COLOR_EXT
06-28 13:34:10.646 32624 32670 E chromium: [ERROR:gles2_cmd_decoder.cc(3852)] [.ChromiumCompositor-0xacbb2fc0]GL ERROR :GL_INVALID_ENUM : glDiscardFramebufferEXT: attachments was GL_COLOR_EXT
06-28 13:34:10.663 32624 32670 E chromium: [ERROR:gles2_cmd_decoder.cc(3852)] [.ChromiumCompositor-0xacbb2fc0]GL ERROR :GL_INVALID_ENUM : glDiscardFramebufferEXT: attachments was GL_COLOR_EXT
06-28 13:34:10.676 32624 32670 E chromium: [ERROR:gles2_cmd_decoder.cc(3852)] [.ChromiumCompositor-0xacbb2fc0]GL ERROR :GL_INVALID_ENUM : glDiscardFramebufferEXT: attachments was GL_COLOR_EXT
06-28 13:34:10.693 32624 32670 E chromium: [ERROR:gles2_cmd_decoder.cc(3852)] [.ChromiumCompositor-0xacbb2fc0]GL ERROR :GL_INVALID_ENUM : glDiscardFramebufferEXT: attachments was GL_COLOR_EXT
06-28 13:34:10.710 32624 32670 E chromium: [ERROR:gles2_cmd_decoder.cc(3852)] [.ChromiumCompositor-0xacbb2fc0]GL ERROR :GL_INVALID_ENUM : glDiscardFramebufferEXT: attachments was GL_COLOR_EXT
06-28 13:34:10.714   862  1657 E LocSvc_IzatApiV02: E/virtual int izat_core::IzatApiV02::getBatchSize(int32_t):522]: Error : st = 4, ind.status = -1628389555
06-28 13:34:10.714   862  1657 E LocSvc_IzatApiV02: E/virtual int izat_core::IzatApiV02::getBatchSize(int32_t):535]: get batching size failed.Or modem does not support batching 
06-28 13:34:10.717 32690 32703 E WPROF   : {"Javascript": {"url": "https://cdn.ampproject.org/rtv/011498506512561/v0/amp-crypto-polyfill-0.1.js", "requestTime": 17927.772772}}
06-28 13:34:10.724   862  1657 E LocSvc_IzatApiV02: E/virtual int izat_core::IzatApiV02::getBatchSize(int32_t):522]: Error : st = 4, ind.status = -1628389555
06-28 13:34:10.724   862  1657 E LocSvc_IzatApiV02: E/virtual int izat_core::IzatApiV02::getBatchSize(int32_t):535]: get batching size failed.Or modem does not support batching 
06-28 13:34:10.726 32624 32670 E chromium: [ERROR:gles2_cmd_decoder.cc(3852)] [.ChromiumCompositor-0xacbb2fc0]GL ERROR :GL_INVALID_ENUM : glDiscardFramebufferEXT: attachments was GL_COLOR_EXT
06-28 13:34:10.753 32624 32670 E chromium: [ERROR:gles2_cmd_decoder.cc(3852)] [.ChromiumCompositor-0xacbb2fc0]GL ERROR :GL_INVALID_ENUM : glDiscardFramebufferEXT: attachments was GL_COLOR_EXT
06-28 13:34:10.758   862  1657 E LocSvc_IzatApiV02: E/virtual int izat_core::IzatApiV02::getBatchSize(int32_t):522]: Error : st = 4, ind.status = -1628389555
06-28 13:34:10.759   862  1657 E LocSvc_IzatApiV02: E/virtual int izat_core::IzatApiV02::getBatchSize(int32_t):535]: get batching size failed.Or modem does not support batching 
06-28 13:34:10.760 32624 32670 E chromium: [ERROR:gles2_cmd_decoder.cc(3852)] [.ChromiumCompositor-0xacbb2fc0]GL ERROR :GL_INVALID_ENUM : glDiscardFramebufferEXT: attachments was GL_COLOR_EXT
06-28 13:34:10.768   862  1657 E LocSvc_IzatApiV02: E/virtual int izat_core::IzatApiV02::getBatchSize(int32_t):522]: Error : st = 4, ind.status = -1628389555
06-28 13:34:10.768   862  1657 E LocSvc_IzatApiV02: E/virtual int izat_core::IzatApiV02::getBatchSize(int32_t):535]: get batching size failed.Or modem does not support batching 
06-28 13:34:10.776 32624 32670 E chromium: [ERROR:gles2_cmd_decoder.cc(3852)] [.ChromiumCompositor-0xacbb2fc0]GL ERROR :GL_INVALID_ENUM : glDiscardFramebufferEXT: attachments was GL_COLOR_EXT
06-28 13:34:10.794 32624 32670 E chromium: [ERROR:gles2_cmd_decoder.cc(3852)] [.ChromiumCompositor-0xacbb2fc0]GL ERROR :GL_INVALID_ENUM : glDiscardFramebufferEXT: attachments was GL_COLOR_EXT
06-28 13:34:10.810 32624 32670 E chromium: [ERROR:gles2_cmd_decoder.cc(3852)] [.ChromiumCompositor-0xacbb2fc0]GL ERROR :GL_INVALID_ENUM : glDiscardFramebufferEXT: attachments was GL_COLOR_EXT
06-28 13:34:10.826 32624 32670 E chromium: [ERROR:gles2_cmd_decoder.cc(3852)] [.ChromiumCompositor-0xacbb2fc0]GL ERROR :GL_INVALID_ENUM : glDiscardFramebufferEXT: attachments was GL_COLOR_EXT
06-28 13:34:10.845 32624 32670 E chromium: [ERROR:gles2_cmd_decoder.cc(3852)] [.ChromiumCompositor-0xacbb2fc0]GL ERROR :GL_INVALID_ENUM : glDiscardFramebufferEXT: attachments was GL_COLOR_EXT
06-28 13:34:10.860 32624 32670 E chromium: [ERROR:gles2_cmd_decoder.cc(3852)] [.ChromiumCompositor-0xacbb2fc0]GL ERROR :GL_INVALID_ENUM : glDiscardFramebufferEXT: attachments was GL_COLOR_EXT
06-28 13:34:10.873 32690 32703 E WProf.db: {"page": "searchengineland-com.cdn.ampproject.org_c_searchengineland.com_listen-mother-win-mothers-day-humor-timing-272834_amp"}
06-28 13:34:10.873 32690 32703 E WProf.db: {"DOMLoad": 17927.928541}
06-28 13:34:10.873 32690 32703 E WProf.db: {"Resource": {"id": 1, "url": "https://searchengineland-com.cdn.ampproject.org/c/searchengineland.com/listen-mother-win-mothers-day-humor-timing-272834/amp", "sentTime": -1.000000, "len": 45633, "from": "0x0", "mimeType": "text/html", "contentLength": -1, "httpStatus": 200, "connId": 21, "connReused": 0, "cached": 0,"requestTime": 17924.820905, "proxyStart": -1, "proxyEnd": -1, "dnsStart": 0, "dnsEnd": 0, "connectStart": 0, "connectEnd": 229, "sendStart": 229, "sendEnd": 231, "receiveHeadersEnd": 512, "sslStart": 0, "sslEnd": 226}}
06-28 13:34:10.874 32690 32703 E WProf.db: {"ReceivedChunk": {"receivedTime": 17925.359262, "len": 475}}
06-28 13:34:10.874 32690 32703 E WProf.db: {"ReceivedChunk": {"receivedTime": 17925.462247, "len": 11517}}
06-28 13:34:10.874 32690 32703 E WProf.db: {"ReceivedChunk": {"receivedTime": 17925.462465, "len": 32768}}
06-28 13:34:10.874 32690 32703 E WProf.db: {"ReceivedChunk": {"receivedTime": 17925.462969, "len": 873}}
06-28 13:34:10.874 32690 32703 E WProf.db: {"WprofHTMLTag": {"code": "0xaedd55d0", "doc": "https://searchengineland-com.cdn.ampproject.org/c/searchengineland.com/listen-mother-win-mothers-day-humor-timing-272834/amp", "row": 0, "column": 25, "tagName": "html", "time": 17925.463397, "url": "", "pos": 1, "chunkLen": 1, "isStartTag": 1}}
06-28 13:34:10.874 32690 32703 E WProf.db: {"WprofHTMLTag": {"code": "0xaedd5540", "doc": "https://searchengineland-com.cdn.ampproject.org/c/searchengineland.com/listen-mother-win-mothers-day-humor-timing-272834/amp", "row": 0, "column": 31, "tagName": "head", "time": 17925.467018, "url": "", "pos": 1, "chunkLen": 1, "isStartTag": 1}}
06-28 13:34:10.874 32690 32703 E WProf.db: {"WprofHTMLTag": {"code": "0xaedd52a0", "doc": "https://searchengineland-com.cdn.ampproject.org/c/searchengineland.com/listen-mother-win-mothers-day-humor-timing-272834/amp", "row": 0, "column": 53, "tagName": "meta", "time": 17925.467050, "url": "", "pos": 1, "chunkLen": 1, "isStartTag": 1}}
06-28 13:34:10.874 32690 32703 E WProf.db: {"WprofHTMLTag": {"code": "0xaf047850", "doc": "https://searchengineland-com.cdn.ampproject.org/c/searchengineland.com/listen-mother-win-mothers-day-humor-timing-272834/amp", "row": 0, "column": 88, "tagName": "meta", "time": 17925.467180, "url": "", "pos": 1, "chunkLen": 1, "isStartTag": 1}}
06-28 13:34:10.874 32690 32703 E WProf.db: {"WprofHTMLTag": {"code": "0xaf047880", "doc": "https://searchengineland-com.cdn.ampproject.org/c/searchengineland.com/listen-mother-win-mothers-day-humor-timing-272834/amp", "row": 0, "column": 122, "tagName": "meta", "time": 17925.467371, "url": "", "pos": 1, "chunkLen": 1, "isStartTag": 1}}
06-28 13:34:10.874 32690 32703 E WProf.db: {"WprofHTMLTag": {"code": "0xaf0478b0", "doc": "https://searchengineland-com.cdn.ampproject.org/c/searchengineland.com/listen-mother-win-mothers-day-humor-timing-272834/amp", "row": 0, "column": 247, "tagName": "meta", "time": 17925.467484, "url": "", "pos": 1, "chunkLen": 1, "isStartTag": 1}}
06-28 13:34:10.874 32690 32703 E WProf.db: {"WprofHTMLTag": {"code": "0xaf0478e0", "doc": "https://searchengineland-com.cdn.ampproject.org/c/searchengineland.com/listen-mother-win-mothers-day-humor-timing-272834/amp", "row": 0, "column": 303, "tagName": "meta", "time": 17925.467775, "url": "", "pos": 1, "chunkLen": 1, "isStartTag": 1}}
06-28 13:34:10.874 32690 32703 E WProf.db: {"WprofHTMLTag": {"code": "0xaedd5600", "doc": "https://searchengineland-com.cdn.ampproject.org/c/searchengineland.com/listen-mother-win-mothers-day-humor-timing-272834/amp", "row": 0, "column": 520, "tagName": "meta", "time": 17925.468279, "url": "", "pos": 1, "chunkLen": 1, "isStartTag": 1}}
06-28 13:34:10.874 32690 32703 E WProf.db: {"WprofHTMLTag": {"code": "0xaf047910", "doc": "https://searchengineland-com.cdn.ampproject.org/c/searchengineland.com/listen-mother-win-mothers-day-humor-timing-272834/amp", "row": 0, "column": 619, "tagName": "meta", "time": 17925.468410, "url": "", "pos": 1, "chunkLen": 1, "isStartTag": 1}}
06-28 13:34:10.875 32690 32703 E WProf.db: {"WprofHTMLTag": {"code": "0xaf0479a0", "doc": "https://searchengineland-com.cdn.ampproject.org/c/searchengineland.com/listen-mother-win-mothers-day-humor-timing-272834/amp", "row": 0, "column": 668, "tagName": "meta", "time": 17925.468528, "url": "", "pos": 1, "chunkLen": 1, "isStartTag": 1}}
06-28 13:34:10.875 32690 32703 E WProf.db: {"WprofHTMLTag": {"code": "0xaf0479d0", "doc": "https://searchengineland-com.cdn.ampproject.org/c/searchengineland.com/listen-mother-win-mothers-day-humor-timing-272834/amp", "row": 0, "column": 794, "tagName": "meta", "time": 17925.468645, "url": "", "pos": 1, "chunkLen": 1, "isStartTag": 1}}
06-28 13:34:10.875 32690 32703 E WProf.db: {"WprofHTMLTag": {"code": "0xaf047a00", "doc": "https://searchengineland-com.cdn.ampproject.org/c/searchengineland.com/listen-mother-win-mothers-day-humor-timing-272834/amp", "row": 0, "column": 845, "tagName": "meta", "time": 17925.468762, "url": "", "pos": 1, "chunkLen": 1, "isStartTag": 1}}
06-28 13:34:10.875 32690 32703 E WProf.db: {"WprofHTMLTag": {"code": "0xaf047970", "doc": "https://searchengineland-com.cdn.ampproject.org/c/searchengineland.com/listen-mother-win-mothers-day-humor-timing-272834/amp", "row": 0, "column": 888, "tagName": "meta", "time": 17925.468883, "url": "", "pos": 1, "chunkLen": 1, "isStartTag": 1}}
06-28 13:34:10.875 32690 32703 E WProf.db: {"WprofHTMLTag": {"code": "0xaf047940", "doc": "https://searchengineland-com.cdn.ampproject.org/c/searchengineland.com/listen-mother-win-mothers-day-humor-timing-272834/amp", "row": 0, "column": 929, "tagName": "meta", "time": 17925.469003, "url": "", "pos": 1, "chunkLen": 1, "isStartTag": 1}}
06-28 13:34:10.875 32690 32703 E WProf.db: {"WprofHTMLTag": {"code": "0xaf047a30", "doc": "https://searchengineland-com.cdn.ampproject.org/c/searchengineland.com/listen-mother-win-mothers-day-humor-timing-272834/amp", "row": 0, "column": 1027, "tagName": "meta", "time": 17925.469120, "url": "", "pos": 1, "chunkLen": 1, "isStartTag": 1}}
06-28 13:34:10.875 32690 32703 E WProf.db: {"WprofHTMLTag": {"code": "0xaf047b20", "doc": "https://searchengineland-com.cdn.ampproject.org/c/searchengineland.com/listen-mother-win-mothers-day-humor-timing-272834/amp", "row": 0, "column": 1243, "tagName": "meta", "time": 17925.469240, "url": "", "pos": 1, "chunkLen": 1, "isStartTag": 1}}
06-28 13:34:10.875 32690 32703 E WProf.db: {"WprofHTMLTag": {"code": "0xaf047b50", "doc": "https://searchengineland-com.cdn.ampproject.org/c/searchengineland.com/listen-mother-win-mothers-day-humor-timing-272834/amp", "row": 0, "column": 1355, "tagName": "meta", "time": 17925.469351, "url": "", "pos": 1, "chunkLen": 1, "isStartTag": 1}}
06-28 13:34:10.875 32690 32703 E WProf.db: {"WprofHTMLTag": {"code": "0xaf047b80", "doc": "https://searchengineland-com.cdn.ampproject.org/c/searchengineland.com/listen-mother-win-mothers-day-humor-timing-272834/amp", "row": 0, "column": 1414, "tagName": "meta", "time": 17925.469480, "url": "", "pos": 1, "chunkLen": 1, "isStartTag": 1}}
06-28 13:34:10.875 32690 32703 E WProf.db: {"WprofHTMLTag": {"code": "0xaf047bb0", "doc": "https://searchengineland-com.cdn.ampproject.org/c/searchengineland.com/listen-mother-win-mothers-day-humor-timing-272834/amp", "row": 0, "column": 1483, "tagName": "meta", "time": 17925.469587, "url": "", "pos": 1, "chunkLen": 1, "isStartTag": 1}}
06-28 13:34:10.875 32690 32703 E WProf.db: {"WprofHTMLTag": {"code": "0xaf047be0", "doc": "https://searchengineland-com.cdn.ampproject.org/c/searchengineland.com/listen-mother-win-mothers-day-humor-timing-272834/amp", "row": 0, "column": 1608, "tagName": "meta", "time": 17925.469703, "url": "", "pos": 1, "chunkLen": 1, "isStartTag": 1}}
06-28 13:34:10.876 32690 32703 E WProf.db: {"WprofHTMLTag": {"code": "0xaf047c10", "doc": "https://searchengineland-com.cdn.ampproject.org/c/searchengineland.com/listen-mother-win-mothers-day-humor-timing-272834/amp", "row": 0, "column": 1653, "tagName": "meta", "time": 17925.469815, "url": "", "pos": 1, "chunkLen": 1, "isStartTag": 1}}
06-28 13:34:10.876 32690 32703 E WProf.db: {"WprofHTMLTag": {"code": "0xaf047c40", "doc": "https://searchengineland-com.cdn.ampproject.org/c/searchengineland.com/listen-mother-win-mothers-day-humor-timing-272834/amp", "row": 0, "column": 1699, "tagName": "meta", "time": 17925.469923, "url": "", "pos": 1, "chunkLen": 1, "isStartTag": 1}}
06-28 13:34:10.877 32690 32703 E WProf.db: {"WprofHTMLTag": {"code": "0xaf047c70", "doc": "https://searchengineland-com.cdn.ampproject.org/c/searchengineland.com/listen-mother-win-mothers-day-humor-timing-272834/amp", "row": 0, "column": 1772, "tagName": "script", "time": 17925.470071, "url": "https://cdn.ampproject.org/rtv/011498506512561/v0.js", "pos": 1, "chunkLen": 1, "isStartTag": 1}}
06-28 13:34:10.877 32690 32703 E WProf.db: {"WprofHTMLTag": {"code": "0xaf047ca0", "doc": "https://searchengineland-com.cdn.ampproject.org/c/searchengineland.com/listen-mother-win-mothers-day-humor-timing-272834/amp", "row": 0, "column": 1781, "tagName": "script", "time": 17925.470357, "url": "", "pos": 1, "chunkLen": 1, "isStartTag": 0}}
06-28 13:34:10.877 32624 32670 E chromium: [ERROR:gles2_cmd_decoder.cc(3852)] [.ChromiumCompositor-0xacbb2fc0]GL ERROR :GL_INVALID_ENUM : glDiscardFramebufferEXT: attachments was GL_COLOR_EXT
06-28 13:34:10.877 32690 32703 E WProf.db: {"WprofHTMLTag": {"code": "0xaf047cd0", "doc": "https://searchengineland-com.cdn.ampproject.org/c/searchengineland.com/listen-mother-win-mothers-day-humor-timing-272834/amp", "row": 0, "column": 1889, "tagName": "script", "time": 17925.472103, "url": "https://cdn.ampproject.org/rtv/011498506512561/v0/amp-ad-0.1.js", "pos": 1, "chunkLen": 1, "isStartTag": 1}}
06-28 13:34:10.877 32690 32703 E WProf.db: {"WprofHTMLTag": {"code": "0xaf047d30", "doc": "https://searchengineland-com.cdn.ampproject.org/c/searchengineland.com/listen-mother-win-mothers-day-humor-timing-272834/amp", "row": 0, "column": 1898, "tagName": "script", "time": 17925.472420, "url": "", "pos": 1, "chunkLen": 1, "isStartTag": 0}}
06-28 13:34:10.877 32690 32703 E WProf.db: {"WprofHTMLTag": {"code": "0xaf047d60", "doc": "https://searchengineland-com.cdn.ampproject.org/c/searchengineland.com/listen-mother-win-mothers-day-humor-timing-272834/amp", "row": 0, "column": 2020, "tagName": "script", "time": 17925.472916, "url": "https://cdn.ampproject.org/rtv/011498506512561/v0/amp-analytics-0.1.js", "pos": 1, "chunkLen": 1, "isStartTag": 1}}
06-28 13:34:10.878 32690 32703 E WProf.db: {"WprofHTMLTag": {"code": "0xaf047dc0", "doc": "https://searchengineland-com.cdn.ampproject.org/c/searchengineland.com/listen-mother-win-mothers-day-humor-timing-272834/amp", "row": 0, "column": 2029, "tagName": "script", "time": 17925.473211, "url": "", "pos": 1, "chunkLen": 1, "isStartTag": 0}}
06-28 13:34:10.878 32690 32703 E WProf.db: {"WprofHTMLTag": {"code": "0xaf047df0", "doc": "https://searchengineland-com.cdn.ampproject.org/c/searchengineland.com/listen-mother-win-mothers-day-humor-timing-272834/amp", "row": 0, "column": 2141, "tagName": "script", "time": 17925.473790, "url": "https://cdn.ampproject.org/rtv/011498506512561/v0/amp-anim-0.1.js", "pos": 1, "chunkLen": 1, "isStartTag": 1}}
06-28 13:34:10.878 32690 32703 E WProf.db: {"WprofHTMLTag": {"code": "0xaf047e50", "doc": "https://searchengineland-com.cdn.ampproject.org/c/searchengineland.com/listen-mother-win-mothers-day-humor-timing-272834/amp", "row": 0, "column": 2150, "tagName": "script", "time": 17925.474111, "url": "", "pos": 1, "chunkLen": 1, "isStartTag": 0}}
06-28 13:34:10.878 32690 32703 E WProf.db: {"WprofHTMLTag": {"code": "0xaf047e80", "doc": "https://searchengineland-com.cdn.ampproject.org/c/searchengineland.com/listen-mother-win-mothers-day-humor-timing-272834/amp", "row": 0, "column": 2262, "tagName": "script", "time": 17925.474701, "url": "https://cdn.ampproject.org/rtv/011498506512561/v0/amp-form-0.1.js", "pos": 1, "chunkLen": 1, "isStartTag": 1}}
06-28 13:34:10.878 32690 32703 E WProf.db: {"WprofHTMLTag": {"code": "0xaf047ee0", "doc": "https://searchengineland-com.cdn.ampproject.org/c/searchengineland.com/listen-mother-win-mothers-day-humor-timing-272834/amp", "row": 0, "column": 2271, "tagName": "script", "time": 17925.474998, "url": "", "pos": 1, "chunkLen": 1, "isStartTag": 0}}
06-28 13:34:10.878 32690 32703 E WProf.db: {"WprofHTMLTag": {"code": "0xaf047f10", "doc": "https://searchengineland-com.cdn.ampproject.org/c/searchengineland.com/listen-mother-win-mothers-day-humor-timing-272834/amp", "row": 0, "column": 2389, "tagName": "script", "time": 17925.475576, "url": "https://cdn.ampproject.org/rtv/011498506512561/v0/amp-sidebar-0.1.js", "pos": 1, "chunkLen": 1, "isStartTag": 1}}
06-28 13:34:10.878 32690 32703 E WProf.db: {"WprofHTMLTag": {"code": "0xaf047f70", "doc": "https://searchengineland-com.cdn.ampproject.org/c/searchengineland.com/listen-mother-win-mothers-day-humor-timing-272834/amp", "row": 0, "column": 2398, "tagName": "script", "time": 17925.475899, "url": "", "pos": 1, "chunkLen": 1, "isStartTag": 0}}
06-28 13:34:10.878 32690 32703 E WProf.db: {"WprofHTMLTag": {"code": "0xaf047fa0", "doc": "https://searchengineland-com.cdn.ampproject.org/c/searchengineland.com/listen-mother-win-mothers-day-humor-timing-272834/amp", "row": 0, "column": 2512, "tagName": "script", "time": 17925.476533, "url": "https://cdn.ampproject.org/rtv/011498506512561/v0/amp-video-0.1.js", "pos": 1, "chunkLen": 1, "isStartTag": 1}}
06-28 13:34:10.878 32690 32703 E WProf.db: {"WprofHTMLTag": {"code": "0xb4cc74b0", "doc": "https://searchengineland-com.cdn.ampproject.org/c/searchengineland.com/listen-mother-win-mothers-day-humor-timing-272834/amp", "row": 0, "column": 2521, "tagName": "script", "time": 17925.476883, "url": "", "pos": 1, "chunkLen": 1, "isStartTag": 0}}
06-28 13:34:10.878 32690 32703 E WProf.db: {"WprofHTMLTag": {"code": "0xb4cc7540", "doc": "https://searchengineland-com.cdn.ampproject.org/c/searchengineland.com/listen-mother-win-mothers-day-humor-timing-272834/amp", "row": 0, "column": 2639, "tagName": "script", "time": 17925.477690, "url": "https://cdn.ampproject.org/rtv/011498506512561/v0/amp-youtube-0.1.js", "pos": 1, "chunkLen": 1, "isStartTag": 1}}
06-28 13:34:10.878 32690 32703 E WProf.db: {"WprofHTMLTag": {"code": "0xb4cc78d0", "doc": "https://searchengineland-com.cdn.ampproject.org/c/searchengineland.com/listen-mother-win-mothers-day-humor-timing-272834/amp", "row": 0, "column": 2648, "tagName": "script", "time": 17925.478100, "url": "", "pos": 1, "chunkLen": 1, "isStartTag": 0}}
06-28 13:34:10.878 32690 32703 E WProf.db: {"WprofHTMLTag": {"code": "0xb4cc7900", "doc": "https://searchengineland-com.cdn.ampproject.org/c/searchengineland.com/listen-mother-win-mothers-day-humor-timing-272834/amp", "row": 0, "column": 2706, "tagName": "link", "time": 17925.478858, "url": "https://searchengineland-com.cdn.ampproject.org/i/searchengineland.com/favicon.ico", "pos": 1, "chunkLen": 1, "isStartTag": 1}}
06-28 13:34:10.878 32690 32703 E WProf.db: {"WprofHTMLTag": {"code": "0xb4cc7930", "doc": "https://searchengineland-com.cdn.ampproject.org/c/searchengineland.com/listen-mother-win-mothers-day-humor-timing-272834/amp", "row": 0, "column": 2793, "tagName": "link", "time": 17925.479229, "url": "https://fonts.googleapis.com/css?family=Oswald:300,400,700", "pos": 1, "chunkLen": 1, "isStartTag": 1}}
06-28 13:34:10.879 32690 32703 E WProf.db: {"WprofHTMLTag": {"code": "0xb4cc7960", "doc": "https://searchengineland-com.cdn.ampproject.org/c/searchengineland.com/listen-mother-win-mothers-day-humor-timing-272834/amp", "row": 0, "column": 2862, "tagName": "link", "time": 17925.479901, "url": "https://fonts.gstatic.com/", "pos": 1, "chunkLen": 1, "isStartTag": 1}}
06-28 13:34:10.879 32690 32703 E WProf.db: {"WprofHTMLTag": {"code": "0xb4cc7990", "doc": "https://searchengineland-com.cdn.ampproject.org/c/searchengineland.com/listen-mother-win-mothers-day-humor-timing-272834/amp", "row": 0, "column": 2971, "tagName": "link", "time": 17925.483924, "url": "https://fonts.googleapis.com/css?family=Merriweather:400,400italic,700,700italic", "pos": 1, "chunkLen": 1, "isStartTag": 1}}
06-28 13:34:10.879 32690 32703 E WProf.db: {"WprofHTMLTag": {"code": "0xb4cc79c0", "doc": "https://searchengineland-com.cdn.ampproject.org/c/searchengineland.com/listen-mother-win-mothers-day-humor-timing-272834/amp", "row": 0, "column": 2989, "tagName": "style", "time": 17925.484835, "url": "", "pos": 1, "chunkLen": 1, "isStartTag": 1}}
06-28 13:34:10.879 32690 32703 E WProf.db: {"WprofHTMLTag": {"code": "0xb4cc79f0", "doc": "https://searchengineland-com.cdn.ampproject.org/c/searchengineland.com/listen-mother-win-mothers-day-humor-timing-272834/amp", "row": 612, "column": 9, "tagName": "style", "time": 17925.487888, "url": "", "pos": 1, "chunkLen": 1, "isStartTag": 0}}
06-28 13:34:10.879 32690 32703 E WProf.db: {"WprofHTMLTag": {"code": "0xb4cc8050", "doc": "https://searchengineland-com.cdn.ampproject.org/c/searchengineland.com/listen-mother-win-mothers-day-humor-timing-272834/amp", "row": 612, "column": 16, "tagName": "title", "time": 17925.498880, "url": "", "pos": 1, "chunkLen": 1, "isStartTag": 1}}
06-28 13:34:10.879 32690 32703 E WProf.db: {"WprofHTMLTag": {"code": "0xb4cc8080", "doc": "https://searchengineland-com.cdn.ampproject.org/c/searchengineland.com/listen-mother-win-mothers-day-humor-timing-272834/amp", "row": 612, "column": 85, "tagName": "title", "time": 17925.499296, "url": "", "pos": 1, "chunkLen": 1, "isStartTag": 0}}
06-28 13:34:10.879 32690 32703 E WProf.db: {"WprofHTMLTag": {"code": "0xb4cc80b0", "doc": "https://searchengineland-com.cdn.ampproject.org/c/searchengineland.com/listen-mother-win-mothers-day-humor-timing-272834/amp", "row": 612, "column": 190, "tagName": "link", "time": 17925.499317, "url": "http://searchengineland.com/listen-mother-win-mothers-day-humor-timing-272834", "pos": 1, "chunkLen": 1, "isStartTag": 1}}
06-28 13:34:10.879 32690 32703 E WProf.db: {"WprofHTMLTag": {"code": "0xb4cc80e0", "doc": "https://searchengineland-com.cdn.ampproject.org/c/searchengineland.com/listen-mother-win-mothers-day-humor-timing-272834/amp", "row": 612, "column": 311, "tagName": "script", "time": 17925.499669, "url": "https://cdn.ampproject.org/rtv/011498506512561/v0/amp-mustache-0.1.js", "pos": 1, "chunkLen": 1, "isStartTag": 1}}
06-28 13:34:10.880 32690 32703 E WProf.db: {"WprofHTMLTag": {"code": "0xb4cc8140", "doc": "https://searchengineland-com.cdn.ampproject.org/c/searchengineland.com/listen-mother-win-mothers-day-humor-timing-272834/amp", "row": 612, "column": 320, "tagName": "script", "time": 17925.500081, "url": "", "pos": 1, "chunkLen": 1, "isStartTag": 0}}
06-28 13:34:10.880 32690 32703 E WProf.db: {"WprofHTMLTag": {"code": "0xb4cc8170", "doc": "https://searchengineland-com.cdn.ampproject.org/c/searchengineland.com/listen-mother-win-mothers-day-humor-timing-272834/amp", "row": 612, "column": 343, "tagName": "style", "time": 17925.502093, "url": "", "pos": 1, "chunkLen": 1, "isStartTag": 1}}
06-28 13:34:10.880 32690 32703 E WProf.db: {"WprofHTMLTag": {"code": "0xb4cc81a0", "doc": "https://searchengineland-com.cdn.ampproject.org/c/searchengineland.com/listen-mother-win-mothers-day-humor-timing-272834/amp", "row": 612, "column": 967, "tagName": "style", "time": 17925.502351, "url": "", "pos": 1, "chunkLen": 1, "isStartTag": 0}}
06-28 13:34:10.880 32690 32703 E WProf.db: {"WprofHTMLTag": {"code": "0xb4cc81d0", "doc": "https://searchengineland-com.cdn.ampproject.org/c/searchengineland.com/listen-mother-win-mothers-day-humor-timing-272834/amp", "row": 612, "column": 977, "tagName": "noscript", "time": 17925.502972, "url": "", "pos": 1, "chunkLen": 1, "isStartTag": 1}}
06-28 13:34:10.880 32690 32703 E WProf.db: {"WprofHTMLTag": {"code": "0xb4cc8200", "doc": "https://searchengineland-com.cdn.ampproject.org/c/searchengineland.com/listen-mother-win-mothers-day-humor-timing-272834/amp", "row": 612, "column": 1120, "tagName": "noscript", "time": 17925.503004, "url": "", "pos": 1, "chunkLen": 1, "isStartTag": 0}}
06-28 13:34:10.880 32690 32703 E WProf.db: {"WprofHTMLTag": {"code": "0xb4cc8230", "doc": "https://searchengineland-com.cdn.ampproject.org/c/searchengineland.com/listen-mother-win-mothers-day-humor-timing-272834/amp", "row": 612, "column": 1127, "tagName": "head", "time": 17925.503014, "url": "", "pos": 1, "chunkLen": 1, "isStartTag": 0}}
06-28 13:34:10.880 32690 32703 E WProf.db: {"WprofHTMLTag": {"code": "0xb4cc8260", "doc": "https://searchengineland-com.cdn.ampproject.org/c/searchengineland.com/listen-mother-win-mothers-day-humor-timing-272834/amp", "row": 612, "column": 1133, "tagName": "body", "time": 17925.503023, "url": "", "pos": 1, "chunkLen": 1, "isStartTag": 1}}
06-28 13:34:10.880 32690 32703 E WProf.db: {"WprofHTMLTag": {"code": "0xb4cc8290", "doc": "https://searchengineland-com.cdn.ampproject.org/c/searchengineland.com/listen-mother-win-mothers-day-humor-timing-272834/amp", "row": 613, "column": 48, "tagName": "amp-sidebar", "time": 17925.503111, "url": "", "pos": 1, "chunkLen": 1, "isStartTag": 1}}
06-28 13:34:10.880 32690 32703 E WProf.db: {"WprofHTMLTag": {"code": "0xb4cc82c0", "doc": "https://searchengineland-com.cdn.ampproject.org/c/searchengineland.com/listen-mother-win-mothers-day-humor-timing-272834/amp", "row": 614, "column": 6, "tagName": "ul", "time": 17925.503304, "url": "", "pos": 1, "chunkLen": 1, "isStartTag": 1}}
06-28 13:34:10.880 32690 32703 E WProf.db: {"WprofHTMLTag": {"code": "0xb4cc82f0", "doc": "https://searchengineland-com.cdn.ampproject.org/c/searchengineland.com/listen-mother-win-mothers-day-humor-timing-272834/amp", "row": 615, "column": 7, "tagName": "li", "time": 17925.503342, "url": "", "pos": 1, "chunkLen": 1, "isStartTag": 1}}
06-28 13:34:10.880 32690 32703 E WProf.db: {"WprofHTMLTag": {"code": "0xb4cc8350", "doc": "https://searchengineland-com.cdn.ampproject.org/c/searchengineland.com/listen-mother-win-mothers-day-humor-timing-272834/amp", "row": 616, "column": 83, "tagName": "a", "time": 17925.503411, "url": "", "pos": 1, "chunkLen": 1, "isStartTag": 1}}
06-28 13:34:10.880 32690 32703 E WProf.db: {"WprofHTMLTag": {"code": "0xb4cc83b0", "doc": "https://searchengineland-com.cdn.ampproject.org/c/searchengineland.com/listen-mother-win-mothers-day-humor-timing-272834/amp", "row": 616, "column": 90, "tagName": "a", "time": 17925.503683, "url": "", "pos": 1, "chunkLen": 1, "isStartTag": 0}}
06-28 13:34:10.880 32690 32703 E WProf.db: {"WprofHTMLTag": {"code": "0xb4cc83e0", "doc": "https://searchengineland-com.cdn.ampproject.org/c/searchengineland.com/listen-mother-win-mothers-day-humor-timing-272834/amp", "row": 617, "column": 8, "tagName": "li", "time": 17925.503711, "url": "", "pos": 1, "chunkLen": 1, "isStartTag": 0}}
06-28 13:34:10.881 32690 32703 E WProf.db: {"WprofHTMLTag": {"code": "0xb4cc9250", "doc": "https://searchengineland-com.cdn.ampproject.org/c/searchengineland.com/listen-mother-win-mothers-day-humor-timing-272834/amp", "row": 618, "column": 7, "tagName": "li", "time": 17925.503732, "url": "", "pos": 1, "chunkLen": 1, "isStartTag": 1}}
06-28 13:34:10.881 32690 32703 E WProf.db: {"WprofHTMLTag": {"code": "0xb4cc9400", "doc": "https://searchengineland-com.cdn.ampproject.org/c/searchengineland.com/listen-mother-win-mothers-day-humor-timing-272834/amp", "row": 619, "column": 83, "tagName": "a", "time": 17925.503779, "url": "", "pos": 1, "chunkLen": 1, "isStartTag": 1}}
06-28 13:34:10.881 32690 32703 E WProf.db: {"WprofHTMLTag": {"code": "0xb4cc9460", "doc": "https://searchengineland-com.cdn.ampproject.org/c/searchengineland.com/listen-mother-win-mothers-day-humor-timing-272834/amp", "row": 619, "column": 90, "tagName": "a", "time": 17925.504101, "url": "", "pos": 1, "chunkLen": 1, "isStartTag": 0}}
06-28 13:34:10.881 32690 32703 E WProf.db: {"WprofHTMLTag": {"code": "0xb4cc9490", "doc": "https://searchengineland-com.cdn.ampproject.org/c/searchengineland.com/listen-mother-win-mothers-day-humor-timing-272834/amp", "row": 620, "column": 8, "tagName": "li", "time": 17925.504129, "url": "", "pos": 1, "chunkLen": 1, "isStartTag": 0}}
06-28 13:34:10.881 32690 32703 E WProf.db: {"WprofHTMLTag": {"code": "0xb4cc94c0", "doc": "https://searchengineland-com.cdn.ampproject.org/c/searchengineland.com/listen-mother-win-mothers-day-humor-timing-272834/amp", "row": 621, "column": 7, "tagName": "li", "time": 17925.504157, "url": "", "pos": 1, "chunkLen": 1, "isStartTag": 1}}
06-28 13:34:10.881 32690 32703 E WProf.db: {"WprofHTMLTag": {"code": "0xb4cc94f0", "doc": "https://searchengineland-com.cdn.ampproject.org/c/searchengineland.com/listen-mother-win-mothers-day-humor-timing-272834/amp", "row": 622, "column": 89, "tagName": "a", "time": 17925.504213, "url": "", "pos": 1, "chunkLen": 1, "isStartTag": 1}}
06-28 13:34:10.881 32690 32703 E WProf.db: {"WprofHTMLTag": {"code": "0xaa160000", "doc": "https://searchengineland-com.cdn.ampproject.org/c/searchengineland.com/listen-mother-win-mothers-day-humor-timing-272834/amp", "row": 622, "column": 99, "tagName": "a", "time": 17925.504475, "url": "", "pos": 1, "chunkLen": 1, "isStartTag": 0}}
06-28 13:34:10.881 32690 32703 E WProf.db: {"WprofHTMLTag": {"code": "0xaa160030", "doc": "https://searchengineland-com.cdn.ampproject.org/c/searchengineland.com/listen-mother-win-mothers-day-humor-timing-272834/amp", "row": 623, "column": 8, "tagName": "li", "time": 17925.504527, "url": "", "pos": 1, "chunkLen": 1, "isStartTag": 0}}
06-28 13:34:10.881 32690 32703 E WProf.db: {"WprofHTMLTag": {"code": "0xaa160060", "doc": "https://searchengineland-com.cdn.ampproject.org/c/searchengineland.com/listen-mother-win-mothers-day-humor-timing-272834/amp", "row": 624, "column": 7, "tagName": "li", "time": 17925.504966, "url": "", "pos": 1, "chunkLen": 1, "isStartTag": 1}}
06-28 13:34:10.881 32690 32703 E WProf.db: {"WprofHTMLTag": {"code": "0xaa160090", "doc": "https://searchengineland-com.cdn.ampproject.org/c/searchengineland.com/listen-mother-win-mothers-day-humor-timing-272834/amp", "row": 625, "column": 87, "tagName": "a", "time": 17925.505045, "url": "", "pos": 1, "chunkLen": 1, "isStartTag": 1}}
06-28 13:34:10.881 32690 32703 E WProf.db: {"WprofHTMLTag": {"code": "0xaa1600f0", "doc": "https://searchengineland-com.cdn.ampproject.org/c/searchengineland.com/listen-mother-win-mothers-day-humor-timing-272834/amp", "row": 625, "column": 96, "tagName": "a", "time": 17925.505621, "url": "", "pos": 1, "chunkLen": 1, "isStartTag": 0}}
06-28 13:34:10.881 32690 32703 E WProf.db: {"WprofHTMLTag": {"code": "0xaa160120", "doc": "https://searchengineland-com.cdn.ampproject.org/c/searchengineland.com/listen-mother-win-mothers-day-humor-timing-272834/amp", "row": 626, "column": 8, "tagName": "li", "time": 17925.505665, "url": "", "pos": 1, "chunkLen": 1, "isStartTag": 0}}
06-28 13:34:10.882 32690 32703 E WProf.db: {"WprofHTMLTag": {"code": "0xaa160150", "doc": "https://searchengineland-com.cdn.ampproject.org/c/searchengineland.com/listen-mother-win-mothers-day-humor-timing-272834/amp", "row": 627, "column": 7, "tagName": "li", "time": 17925.505685, "url": "", "pos": 1, "chunkLen": 1, "isStartTag": 1}}
06-28 13:34:10.882 32690 32703 E WProf.db: {"WprofHTMLTag": {"code": "0xaa160180", "doc": "https://searchengineland-com.cdn.ampproject.org/c/searchengineland.com/listen-mother-win-mothers-day-humor-timing-272834/amp", "row": 628, "column": 89, "tagName": "a", "time": 17925.505743, "url": "", "pos": 1, "chunkLen": 1, "isStartTag": 1}}
06-28 13:34:10.882 32690 32703 E WProf.db: {"WprofHTMLTag": {"code": "0xaa1601e0", "doc": "https://searchengineland-com.cdn.ampproject.org/c/searchengineland.com/listen-mother-win-mothers-day-humor-timing-272834/amp", "row": 628, "column": 99, "tagName": "a", "time": 17925.506064, "url": "", "pos": 1, "chunkLen": 1, "isStartTag": 0}}
06-28 13:34:10.882 32690 32703 E WProf.db: {"WprofHTMLTag": {"code": "0xaa160210", "doc": "https://searchengineland-com.cdn.ampproject.org/c/searchengineland.com/listen-mother-win-mothers-day-humor-timing-272834/amp", "row": 629, "column": 8, "tagName": "li", "time": 17925.506096, "url": "", "pos": 1, "chunkLen": 1, "isStartTag": 0}}
06-28 13:34:10.882 32690 32703 E WProf.db: {"WprofHTMLTag": {"code": "0xaa160240", "doc": "https://searchengineland-com.cdn.ampproject.org/c/searchengineland.com/listen-mother-win-mothers-day-humor-timing-272834/amp", "row": 630, "column": 7, "tagName": "li", "time": 17925.506116, "url": "", "pos": 1, "chunkLen": 1, "isStartTag": 1}}
06-28 13:34:10.882 32690 32703 E WProf.db: {"WprofHTMLTag": {"code": "0xaa160270", "doc": "https://searchengineland-com.cdn.ampproject.org/c/searchengineland.com/listen-mother-win-mothers-day-humor-timing-272834/amp", "row": 631, "column": 89, "tagName": "a", "time": 17925.506168, "url": "", "pos": 1, "chunkLen": 1, "isStartTag": 1}}
06-28 13:34:10.882 32690 32703 E WProf.db: {"WprofHTMLTag": {"code": "0xaa1602d0", "doc": "https://searchengineland-com.cdn.ampproject.org/c/searchengineland.com/listen-mother-win-mothers-day-humor-timing-272834/amp", "row": 631, "column": 99, "tagName": "a", "time": 17925.506696, "url": "", "pos": 1, "chunkLen": 1, "isStartTag": 0}}
06-28 13:34:10.882 32690 32703 E WProf.db: {"WprofHTMLTag": {"code": "0xaa160300", "doc": "https://searchengineland-com.cdn.ampproject.org/c/searchengineland.com/listen-mother-win-mothers-day-humor-timing-272834/amp", "row": 632, "column": 8, "tagName": "li", "time": 17925.506737, "url": "", "pos": 1, "chunkLen": 1, "isStartTag": 0}}
06-28 13:34:10.882 32690 32703 E WProf.db: {"WprofHTMLTag": {"code": "0xaa160330", "doc": "https://searchengineland-com.cdn.ampproject.org/c/searchengineland.com/listen-mother-win-mothers-day-humor-timing-272834/amp", "row": 633, "column": 7, "tagName": "li", "time": 17925.506760, "url": "", "pos": 1, "chunkLen": 1, "isStartTag": 1}}
06-28 13:34:10.882 32690 32703 E WProf.db: {"WprofHTMLTag": {"code": "0xaa160360", "doc": "https://searchengineland-com.cdn.ampproject.org/c/searchengineland.com/listen-mother-win-mothers-day-humor-timing-272834/amp", "row": 634, "column": 85, "tagName": "a", "time": 17925.506813, "url": "", "pos": 1, "chunkLen": 1, "isStartTag": 1}}
06-28 13:34:10.882 32690 32703 E WProf.db: {"WprofHTMLTag": {"code": "0xaa1603c0", "doc": "https://searchengineland-com.cdn.ampproject.org/c/searchengineland.com/listen-mother-win-mothers-day-humor-timing-272834/amp", "row": 634, "column": 93, "tagName": "a", "time": 17925.507106, "url": "", "pos": 1, "chunkLen": 1, "isStartTag": 0}}
06-28 13:34:10.882 32690 32703 E WProf.db: {"WprofHTMLTag": {"code": "0xaa1603f0", "doc": "https://searchengineland-com.cdn.ampproject.org/c/searchengineland.com/listen-mother-win-mothers-day-humor-timing-272834/amp", "row": 635, "column": 8, "tagName": "li", "time": 17925.507142, "url": "", "pos": 1, "chunkLen": 1, "isStartTag": 0}}
06-28 13:34:10.882 32690 32703 E WProf.db: {"WprofHTMLTag": {"code": "0xaa160420", "doc": "https://searchengineland-com.cdn.ampproject.org/c/searchengineland.com/listen-mother-win-mothers-day-humor-timing-272834/amp", "row": 636, "column": 7, "tagName": "li", "time": 17925.507168, "url": "", "pos": 1, "chunkLen": 1, "isStartTag": 1}}
06-28 13:34:10.882 32690 32703 E WProf.db: {"WprofHTMLTag": {"code": "0xaa160450", "doc": "https://searchengineland-com.cdn.ampproject.org/c/searchengineland.com/listen-mother-win-mothers-day-humor-timing-272834/amp", "row": 637, "column": 103, "tagName": "a", "time": 17925.507291, "url": "", "pos": 1, "chunkLen": 1, "isStartTag": 1}}
06-28 13:34:10.883 32690 32703 E WProf.db: {"WprofHTMLTag": {"code": "0xaa1604b0", "doc": "https://searchengineland-com.cdn.ampproject.org/c/searchengineland.com/listen-mother-win-mothers-day-humor-timing-272834/amp", "row": 637, "column": 113, "tagName": "a", "time": 17925.507712, "url": "", "pos": 1, "chunkLen": 1, "isStartTag": 0}}
06-28 13:34:10.883 32690 32703 E WProf.db: {"WprofHTMLTag": {"code": "0xaa1604e0", "doc": "https://searchengineland-com.cdn.ampproject.org/c/searchengineland.com/listen-mother-win-mothers-day-humor-timing-272834/amp", "row": 638, "column": 8, "tagName": "li", "time": 17925.507738, "url": "", "pos": 1, "chunkLen": 1, "isStartTag": 0}}
06-28 13:34:10.883 32690 32703 E WProf.db: {"WprofHTMLTag": {"code": "0xaa160510", "doc": "https://searchengineland-com.cdn.ampproject.org/c/searchengineland.com/listen-mother-win-mothers-day-humor-timing-272834/amp", "row": 639, "column": 7, "tagName": "li", "time": 17925.507757, "url": "", "pos": 1, "chunkLen": 1, "isStartTag": 1}}
06-28 13:34:10.883 32690 32703 E WProf.db: {"WprofHTMLTag": {"code": "0xaa160540", "doc": "https://searchengineland-com.cdn.ampproject.org/c/searchengineland.com/listen-mother-win-mothers-day-humor-timing-272834/amp", "row": 640, "column": 67, "tagName": "a", "time": 17925.507801, "url": "", "pos": 1, "chunkLen": 1, "isStartTag": 1}}
06-28 13:34:10.883 32690 32703 E WProf.db: {"WprofHTMLTag": {"code": "0xaa1605a0", "doc": "https://searchengineland-com.cdn.ampproject.org/c/searchengineland.com/listen-mother-win-mothers-day-humor-timing-272834/amp", "row": 640, "column": 75, "tagName": "a", "time": 17925.508038, "url": "", "pos": 1, "chunkLen": 1, "isStartTag": 0}}
06-28 13:34:10.883 32690 32703 E WProf.db: {"WprofHTMLTag": {"code": "0xaa1605d0", "doc": "https://searchengineland-com.cdn.ampproject.org/c/searchengineland.com/listen-mother-win-mothers-day-humor-timing-272834/amp", "row": 641, "column": 8, "tagName": "li", "time": 17925.508062, "url": "", "pos": 1, "chunkLen": 1, "isStartTag": 0}}
06-28 13:34:10.883 32690 32703 E WProf.db: {"WprofHTMLTag": {"code": "0xaa160600", "doc": "https://searchengineland-com.cdn.ampproject.org/c/searchengineland.com/listen-mother-win-mothers-day-humor-timing-272834/amp", "row": 643, "column": 8, "tagName": "ul", "time": 17925.508080, "url": "", "pos": 1, "chunkLen": 1, "isStartTag": 0}}
06-28 13:34:10.884 32690 32703 E WProf.db: {"WprofHTMLTag": {"code": "0xaa160630", "doc": "https://searchengineland-com.cdn.ampproject.org/c/searchengineland.com/listen-mother-win-mothers-day-humor-timing-272834/amp", "row": 644, "column": 15, "tagName": "amp-sidebar", "time": 17925.508104, "url": "", "pos": 1, "chunkLen": 1, "isStartTag": 0}}
06-28 13:34:10.884 32690 32703 E WProf.db: {"WprofHTMLTag": {"code": "0xaa160660", "doc": "https://searchengineland-com.cdn.ampproject.org/c/searchengineland.com/listen-mother-win-mothers-day-humor-timing-272834/amp", "row": 645, "column": 29, "tagName": "div", "time": 17925.508129, "url": "", "pos": 1, "chunkLen": 1, "isStartTag": 1}}
06-28 13:34:10.884 32690 32703 E WProf.db: {"WprofHTMLTag": {"code": "0xaa160690", "doc": "https://searchengineland-com.cdn.ampproject.org/c/searchengineland.com/listen-mother-win-mothers-day-humor-timing-272834/amp", "row": 646, "column": 55, "tagName": "a", "time": 17925.508236, "url": "", "pos": 1, "chunkLen": 1, "isStartTag": 1}}
06-28 13:34:10.884 32690 32703 E WProf.db: {"WprofHTMLTag": {"code": "0xaa1606c0", "doc": "https://searchengineland-com.cdn.ampproject.org/c/searchengineland.com/listen-mother-win-mothers-day-humor-timing-272834/amp", "row": 647, "column": 455, "tagName": "amp-img", "time": 17925.508547, "url": "", "pos": 1, "chunkLen": 1, "isStartTag": 1}}
06-28 13:34:10.884 32690 32703 E WProf.db: {"WprofHTMLTag": {"code": "0xaa1606f0", "doc": "https://searchengineland-com.cdn.ampproject.org/c/searchengineland.com/listen-mother-win-mothers-day-humor-timing-272834/amp", "row": 647, "column": 465, "tagName": "amp-img", "time": 17925.508911, "url": "", "pos": 1, "chunkLen": 1, "isStartTag": 0}}
06-28 13:34:10.884 32690 32703 E WProf.db: {"WprofHTMLTag": {"code": "0xaa160720", "doc": "https://searchengineland-com.cdn.ampproject.org/c/searchengineland.com/listen-mother-win-mothers-day-humor-timing-272834/amp", "row": 648, "column": 10, "tagName": "a", "time": 17925.508935, "url": "", "pos": 1, "chunkLen": 1, "isStartTag": 0}}
06-28 13:34:10.884 32690 32703 E WProf.db: {"WprofHTMLTag": {"code": "0xaa160750", "doc": "https://searchengineland-com.cdn.ampproject.org/c/searchengineland.com/listen-mother-win-mothers-day-humor-timing-272834/amp", "row": 648, "column": 52, "tagName": "a", "time": 17925.508956, "url": "", "pos": 1, "chunkLen": 1, "isStartTag": 1}}
06-28 13:34:10.884 32690 32703 E WProf.db: {"WprofHTMLTag": {"code": "0xaa160780", "doc": "https://searchengineland-com.cdn.ampproject.org/c/searchengineland.com/listen-mother-win-mothers-day-humor-timing-272834/amp", "row": 648, "column": 177, "tagName": "amp-img", "time": 17925.509128, "url": "", "pos": 1, "chunkLen": 1, "isStartTag": 1}}
