06-28 13:19:54.509 27759 27805 E chromium: [ERROR:gles2_cmd_decoder.cc(3852)] [.ChromiumCompositor-0xacbb2fc0]GL ERROR :GL_INVALID_ENUM : glDiscardFramebufferEXT: attachments was GL_COLOR_EXT
06-28 13:19:54.522 27759 27805 E chromium: [ERROR:gles2_cmd_decoder.cc(3852)] [.ChromiumCompositor-0xacbb2fc0]GL ERROR :GL_INVALID_ENUM : glDiscardFramebufferEXT: attachments was GL_COLOR_EXT
06-28 13:19:54.539 27759 27805 E chromium: [ERROR:gles2_cmd_decoder.cc(3852)] [.ChromiumCompositor-0xacbb2fc0]GL ERROR :GL_INVALID_ENUM : glDiscardFramebufferEXT: attachments was GL_COLOR_EXT
06-28 13:19:54.558 27759 27805 E chromium: [ERROR:gles2_cmd_decoder.cc(3852)] [.ChromiumCompositor-0xacbb2fc0]GL ERROR :GL_INVALID_ENUM : glDiscardFramebufferEXT: attachments was GL_COLOR_EXT
06-28 13:19:54.578 27759 27805 E chromium: [ERROR:gles2_cmd_decoder.cc(3852)] [.ChromiumCompositor-0xacbb2fc0]GL ERROR :GL_INVALID_ENUM : glDiscardFramebufferEXT: attachments was GL_COLOR_EXT
06-28 13:19:54.590 27759 27805 E chromium: [ERROR:gles2_cmd_decoder.cc(3852)] [.ChromiumCompositor-0xacbb2fc0]GL ERROR :GL_INVALID_ENUM : glDiscardFramebufferEXT: attachments was GL_COLOR_EXT
06-28 13:19:54.606 27759 27805 E chromium: [ERROR:gles2_cmd_decoder.cc(3852)] [.ChromiumCompositor-0xacbb2fc0]GL ERROR :GL_INVALID_ENUM : glDiscardFramebufferEXT: attachments was GL_COLOR_EXT
06-28 13:19:54.623 27759 27805 E chromium: [ERROR:gles2_cmd_decoder.cc(3852)] [.ChromiumCompositor-0xacbb2fc0]GL ERROR :GL_INVALID_ENUM : glDiscardFramebufferEXT: attachments was GL_COLOR_EXT
06-28 13:19:54.640 27759 27805 E chromium: [ERROR:gles2_cmd_decoder.cc(3852)] [.ChromiumCompositor-0xacbb2fc0]GL ERROR :GL_INVALID_ENUM : glDiscardFramebufferEXT: attachments was GL_COLOR_EXT
06-28 13:19:54.658 27759 27805 E chromium: [ERROR:gles2_cmd_decoder.cc(3852)] [.ChromiumCompositor-0xacbb2fc0]GL ERROR :GL_INVALID_ENUM : glDiscardFramebufferEXT: attachments was GL_COLOR_EXT
06-28 13:19:54.677 27759 27805 E chromium: [ERROR:gles2_cmd_decoder.cc(3852)] [.ChromiumCompositor-0xacbb2fc0]GL ERROR :GL_INVALID_ENUM : glDiscardFramebufferEXT: attachments was GL_COLOR_EXT
06-28 13:19:54.693 27759 27805 E chromium: [ERROR:gles2_cmd_decoder.cc(3852)] [.ChromiumCompositor-0xacbb2fc0]GL ERROR :GL_INVALID_ENUM : glDiscardFramebufferEXT: attachments was GL_COLOR_EXT
06-28 13:19:54.706 27759 27805 E chromium: [ERROR:gles2_cmd_decoder.cc(3852)] [.ChromiumCompositor-0xacbb2fc0]GL ERROR :GL_INVALID_ENUM : glDiscardFramebufferEXT: attachments was GL_COLOR_EXT
06-28 13:19:54.725 27759 27805 E chromium: [ERROR:gles2_cmd_decoder.cc(3852)] [.ChromiumCompositor-0xacbb2fc0]GL ERROR :GL_INVALID_ENUM : glDiscardFramebufferEXT: attachments was GL_COLOR_EXT
06-28 13:19:54.739 27759 27805 E chromium: [ERROR:gles2_cmd_decoder.cc(3852)] [.ChromiumCompositor-0xacbb2fc0]GL ERROR :GL_INVALID_ENUM : glDiscardFramebufferEXT: attachments was GL_COLOR_EXT
06-28 13:19:54.766 27759 27805 E chromium: [ERROR:gles2_cmd_decoder.cc(3852)] [.ChromiumCompositor-0xacbb2fc0]GL ERROR :GL_INVALID_ENUM : glDiscardFramebufferEXT: attachments was GL_COLOR_EXT
06-28 13:19:54.781 27759 27805 E chromium: [ERROR:gles2_cmd_decoder.cc(3852)] [.ChromiumCompositor-0xacbb2fc0]GL ERROR :GL_INVALID_ENUM : glDiscardFramebufferEXT: attachments was GL_COLOR_EXT
06-28 13:19:54.789 27759 27805 E chromium: [ERROR:gles2_cmd_decoder.cc(3852)] [.ChromiumCompositor-0xacbb2fc0]GL ERROR :GL_INVALID_ENUM : glDiscardFramebufferEXT: attachments was GL_COLOR_EXT
06-28 13:19:54.804 27759 27805 E chromium: [ERROR:gles2_cmd_decoder.cc(3852)] [.ChromiumCompositor-0xacbb2fc0]GL ERROR :GL_INVALID_ENUM : glDiscardFramebufferEXT: attachments was GL_COLOR_EXT
06-28 13:19:54.821 27759 27805 E chromium: [ERROR:gles2_cmd_decoder.cc(3852)] [.ChromiumCompositor-0xacbb2fc0]GL ERROR :GL_INVALID_ENUM : glDiscardFramebufferEXT: attachments was GL_COLOR_EXT
06-28 13:19:54.841 27759 27805 E chromium: [ERROR:gles2_cmd_decoder.cc(3852)] [.ChromiumCompositor-0xacbb2fc0]GL ERROR :GL_INVALID_ENUM : glDiscardFramebufferEXT: attachments was GL_COLOR_EXT
06-28 13:19:54.858 27759 27805 E chromium: [ERROR:gles2_cmd_decoder.cc(3852)] [.ChromiumCompositor-0xacbb2fc0]GL ERROR :GL_INVALID_ENUM : glDiscardFramebufferEXT: attachments was GL_COLOR_EXT
06-28 13:19:54.909 27759 27805 E chromium: [ERROR:gles2_cmd_decoder.cc(3852)] [.ChromiumCompositor-0xacbb2fc0]GL ERROR :GL_INVALID_ENUM : glDiscardFramebufferEXT: attachments was GL_COLOR_EXT
06-28 13:19:54.920 27759 27805 E chromium: [ERROR:gles2_cmd_decoder.cc(3852)] [.ChromiumCompositor-0xacbb2fc0]GL ERROR :GL_INVALID_ENUM : glDiscardFramebufferEXT: attachments was GL_COLOR_EXT
06-28 13:19:54.936 27759 27805 E chromium: [ERROR:gles2_cmd_decoder.cc(3852)] [.ChromiumCompositor-0xacbb2fc0]GL ERROR :GL_INVALID_ENUM : glDiscardFramebufferEXT: attachments was GL_COLOR_EXT
06-28 13:19:54.955 27759 27805 E chromium: [ERROR:gles2_cmd_decoder.cc(3852)] [.ChromiumCompositor-0xacbb2fc0]GL ERROR :GL_INVALID_ENUM : glDiscardFramebufferEXT: attachments was GL_COLOR_EXT
06-28 13:19:54.975 27759 27805 E chromium: [ERROR:gles2_cmd_decoder.cc(3852)] [.ChromiumCompositor-0xacbb2fc0]GL ERROR :GL_INVALID_ENUM : glDiscardFramebufferEXT: attachments was GL_COLOR_EXT
06-28 13:19:54.993 27759 27805 E chromium: [ERROR:gles2_cmd_decoder.cc(3852)] [.ChromiumCompositor-0xacbb2fc0]GL ERROR :GL_INVALID_ENUM : glDiscardFramebufferEXT: attachments was GL_COLOR_EXT
06-28 13:19:54.999 27759 27805 E chromium: [ERROR:gles2_cmd_decoder.cc(3852)] [.ChromiumCompositor-0xacbb2fc0]GL ERROR :GL_INVALID_ENUM : glDiscardFramebufferEXT: attachments was GL_COLOR_EXT
06-28 13:19:55.010 27759 27805 E chromium: [ERROR:gles2_cmd_decoder.cc(3852)] [.ChromiumCompositor-0xacbb2fc0]GL ERROR :GL_INVALID_ENUM : glDiscardFramebufferEXT: attachments was GL_COLOR_EXT
06-28 13:19:55.038 27759 27805 E chromium: [ERROR:gles2_cmd_decoder.cc(3852)] [.ChromiumCompositor-0xacbb2fc0]GL ERROR :GL_INVALID_ENUM : glDiscardFramebufferEXT: attachments was GL_COLOR_EXT
06-28 13:19:55.043 27759 27805 E chromium: [ERROR:gles2_cmd_decoder.cc(3852)] [.ChromiumCompositor-0xacbb2fc0]GL ERROR :GL_INVALID_ENUM : glDiscardFramebufferEXT: attachments was GL_COLOR_EXT
06-28 13:19:55.075 27759 27805 E chromium: [ERROR:gles2_cmd_decoder.cc(3852)] [.ChromiumCompositor-0xacbb2fc0]GL ERROR :GL_INVALID_ENUM : glDiscardFramebufferEXT: attachments was GL_COLOR_EXT
06-28 13:19:55.081 27759 27805 E chromium: [ERROR:gles2_cmd_decoder.cc(3852)] [.ChromiumCompositor-0xacbb2fc0]GL ERROR :GL_INVALID_ENUM : glDiscardFramebufferEXT: attachments was GL_COLOR_EXT
06-28 13:19:55.108 27759 27805 E chromium: [ERROR:gles2_cmd_decoder.cc(3852)] [.ChromiumCompositor-0xacbb2fc0]GL ERROR :GL_INVALID_ENUM : glDiscardFramebufferEXT: attachments was GL_COLOR_EXT
06-28 13:19:55.113 27759 27805 E chromium: [ERROR:gles2_cmd_decoder.cc(3852)] [.ChromiumCompositor-0xacbb2fc0]GL ERROR :GL_INVALID_ENUM : glDiscardFramebufferEXT: attachments was GL_COLOR_EXT
06-28 13:19:55.138 27759 27805 E chromium: [ERROR:gles2_cmd_decoder.cc(3852)] [.ChromiumCompositor-0xacbb2fc0]GL ERROR :GL_INVALID_ENUM : glDiscardFramebufferEXT: attachments was GL_COLOR_EXT
06-28 13:19:55.142 27759 27805 E chromium: [ERROR:gles2_cmd_decoder.cc(3852)] [.ChromiumCompositor-0xacbb2fc0]GL ERROR :GL_INVALID_ENUM : glDiscardFramebufferEXT: attachments was GL_COLOR_EXT
06-28 13:19:55.157 27826 27839 E WPROF   : {"Javascript": {"url": "https://3p.ampproject.net/1498506512561/f.js", "requestTime": 17072.212975}}
06-28 13:19:55.158 27759 27805 E chromium: [ERROR:gles2_cmd_decoder.cc(3852)] [.ChromiumCompositor-0xacbb2fc0]GL ERROR :GL_INVALID_ENUM : glDiscardFramebufferEXT: attachments was GL_COLOR_EXT
06-28 13:19:55.193 27759 27805 E chromium: [ERROR:gles2_cmd_decoder.cc(3852)] [.ChromiumCompositor-0xacbb2fc0]GL ERROR :GL_INVALID_ENUM : glDiscardFramebufferEXT: attachments was GL_COLOR_EXT
06-28 13:19:55.199 27759 27805 E chromium: [ERROR:gles2_cmd_decoder.cc(3852)] [.ChromiumCompositor-0xacbb2fc0]GL ERROR :GL_INVALID_ENUM : glDiscardFramebufferEXT: attachments was GL_COLOR_EXT
06-28 13:19:55.211 27759 27805 E chromium: [ERROR:gles2_cmd_decoder.cc(3852)] [.ChromiumCompositor-0xacbb2fc0]GL ERROR :GL_INVALID_ENUM : glDiscardFramebufferEXT: attachments was GL_COLOR_EXT
06-28 13:19:55.239 27759 27805 E chromium: [ERROR:gles2_cmd_decoder.cc(3852)] [.ChromiumCompositor-0xacbb2fc0]GL ERROR :GL_INVALID_ENUM : glDiscardFramebufferEXT: attachments was GL_COLOR_EXT
06-28 13:19:55.243 27759 27805 E chromium: [ERROR:gles2_cmd_decoder.cc(3852)] [.ChromiumCompositor-0xacbb2fc0]GL ERROR :GL_INVALID_ENUM : glDiscardFramebufferEXT: attachments was GL_COLOR_EXT
06-28 13:19:55.264 27759 27805 E chromium: [ERROR:gles2_cmd_decoder.cc(3852)] [.ChromiumCompositor-0xacbb2fc0]GL ERROR :GL_INVALID_ENUM : glDiscardFramebufferEXT: attachments was GL_COLOR_EXT
06-28 13:19:55.285 27759 27805 E chromium: [ERROR:gles2_cmd_decoder.cc(3852)] [.ChromiumCompositor-0xacbb2fc0]GL ERROR :GL_INVALID_ENUM : glDiscardFramebufferEXT: attachments was GL_COLOR_EXT
06-28 13:19:55.307 27759 27805 E chromium: [ERROR:gles2_cmd_decoder.cc(3852)] [.ChromiumCompositor-0xacbb2fc0]GL ERROR :GL_INVALID_ENUM : glDiscardFramebufferEXT: attachments was GL_COLOR_EXT
06-28 13:19:55.328 27759 27805 E chromium: [ERROR:gles2_cmd_decoder.cc(3852)] [.ChromiumCompositor-0xacbb2fc0]GL ERROR :GL_INVALID_ENUM : glDiscardFramebufferEXT: attachments was GL_COLOR_EXT
06-28 13:19:55.344 27759 27805 E chromium: [ERROR:gles2_cmd_decoder.cc(3852)] [.ChromiumCompositor-0xacbb2fc0]GL ERROR :GL_INVALID_ENUM : glDiscardFramebufferEXT: attachments was GL_COLOR_EXT
06-28 13:19:55.361 27759 27805 E chromium: [ERROR:gles2_cmd_decoder.cc(3852)] [.ChromiumCompositor-0xacbb2fc0]GL ERROR :GL_INVALID_ENUM : glDiscardFramebufferEXT: attachments was GL_COLOR_EXT
06-28 13:19:55.378 27759 27805 E chromium: [ERROR:gles2_cmd_decoder.cc(3852)] [.ChromiumCompositor-0xacbb2fc0]GL ERROR :GL_INVALID_ENUM : glDiscardFramebufferEXT: attachments was GL_COLOR_EXT
06-28 13:19:55.397 27759 27805 E chromium: [ERROR:gles2_cmd_decoder.cc(3852)] [.ChromiumCompositor-0xacbb2fc0]GL ERROR :GL_INVALID_ENUM : glDiscardFramebufferEXT: attachments was GL_COLOR_EXT
06-28 13:19:55.415 27759 27805 E chromium: [ERROR:gles2_cmd_decoder.cc(3852)] [.ChromiumCompositor-0xacbb2fc0]GL ERROR :GL_INVALID_ENUM : glDiscardFramebufferEXT: attachments was GL_COLOR_EXT
06-28 13:19:55.430 27759 27805 E chromium: [ERROR:gles2_cmd_decoder.cc(3852)] [.ChromiumCompositor-0xacbb2fc0]GL ERROR :GL_INVALID_ENUM : glDiscardFramebufferEXT: attachments was GL_COLOR_EXT
06-28 13:19:55.442 27759 27805 E chromium: [ERROR:gles2_cmd_decoder.cc(3852)] [.ChromiumCompositor-0xacbb2fc0]GL ERROR :GL_INVALID_ENUM : glDiscardFramebufferEXT: attachments was GL_COLOR_EXT
06-28 13:19:55.461 27759 27805 E chromium: [ERROR:gles2_cmd_decoder.cc(3852)] [.ChromiumCompositor-0xacbb2fc0]GL ERROR :GL_INVALID_ENUM : glDiscardFramebufferEXT: attachments was GL_COLOR_EXT
06-28 13:19:55.479 27759 27805 E chromium: [ERROR:gles2_cmd_decoder.cc(3852)] [.ChromiumCompositor-0xacbb2fc0]GL ERROR :GL_INVALID_ENUM : glDiscardFramebufferEXT: attachments was GL_COLOR_EXT
06-28 13:19:55.500 27759 27805 E chromium: [ERROR:gles2_cmd_decoder.cc(3852)] [.ChromiumCompositor-0xacbb2fc0]GL ERROR :GL_INVALID_ENUM : glDiscardFramebufferEXT: attachments was GL_COLOR_EXT
06-28 13:19:55.522 27759 27805 E chromium: [ERROR:gles2_cmd_decoder.cc(3852)] [.ChromiumCompositor-0xacbb2fc0]GL ERROR :GL_INVALID_ENUM : glDiscardFramebufferEXT: attachments was GL_COLOR_EXT
06-28 13:19:55.531 27759 27805 E chromium: [ERROR:gles2_cmd_decoder.cc(3852)] [.ChromiumCompositor-0xacbb2fc0]GL ERROR :GL_INVALID_ENUM : glDiscardFramebufferEXT: attachments was GL_COLOR_EXT
06-28 13:19:55.547 27759 27805 E chromium: [ERROR:gles2_cmd_decoder.cc(3852)] [.ChromiumCompositor-0xacbb2fc0]GL ERROR :GL_INVALID_ENUM : glDiscardFramebufferEXT: attachments was GL_COLOR_EXT
06-28 13:19:55.563 27759 27805 E chromium: [ERROR:gles2_cmd_decoder.cc(3852)] [.ChromiumCompositor-0xacbb2fc0]GL ERROR :GL_INVALID_ENUM : glDiscardFramebufferEXT: attachments was GL_COLOR_EXT
06-28 13:19:55.581 27759 27805 E chromium: [ERROR:gles2_cmd_decoder.cc(3852)] [.ChromiumCompositor-0xacbb2fc0]GL ERROR :GL_INVALID_ENUM : glDiscardFramebufferEXT: attachments was GL_COLOR_EXT
06-28 13:19:55.595 27759 27805 E chromium: [ERROR:gles2_cmd_decoder.cc(3852)] [.ChromiumCompositor-0xacbb2fc0]GL ERROR :GL_INVALID_ENUM : glDiscardFramebufferEXT: attachments was GL_COLOR_EXT
06-28 13:19:55.615 27759 27805 E chromium: [ERROR:gles2_cmd_decoder.cc(3852)] [.ChromiumCompositor-0xacbb2fc0]GL ERROR :GL_INVALID_ENUM : glDiscardFramebufferEXT: attachments was GL_COLOR_EXT
06-28 13:19:55.632 27759 27805 E chromium: [ERROR:gles2_cmd_decoder.cc(3852)] [.ChromiumCompositor-0xacbb2fc0]GL ERROR :GL_INVALID_ENUM : glDiscardFramebufferEXT: attachments was GL_COLOR_EXT
06-28 13:19:55.645 27759 27805 E chromium: [ERROR:gles2_cmd_decoder.cc(3852)] [.ChromiumCompositor-0xacbb2fc0]GL ERROR :GL_INVALID_ENUM : glDiscardFramebufferEXT: attachments was GL_COLOR_EXT
06-28 13:19:55.660 27759 27805 E chromium: [ERROR:gles2_cmd_decoder.cc(3852)] [.ChromiumCompositor-0xacbb2fc0]GL ERROR :GL_INVALID_ENUM : glDiscardFramebufferEXT: attachments was GL_COLOR_EXT
06-28 13:19:55.679 27759 27805 E chromium: [ERROR:gles2_cmd_decoder.cc(3852)] [.ChromiumCompositor-0xacbb2fc0]GL ERROR :GL_INVALID_ENUM : glDiscardFramebufferEXT: attachments was GL_COLOR_EXT
06-28 13:19:55.697 27759 27805 E chromium: [ERROR:gles2_cmd_decoder.cc(3852)] [.ChromiumCompositor-0xacbb2fc0]GL ERROR :GL_INVALID_ENUM : glDiscardFramebufferEXT: attachments was GL_COLOR_EXT
06-28 13:19:55.713 27759 27805 E chromium: [ERROR:gles2_cmd_decoder.cc(3852)] [.ChromiumCompositor-0xacbb2fc0]GL ERROR :GL_INVALID_ENUM : glDiscardFramebufferEXT: attachments was GL_COLOR_EXT
06-28 13:19:55.713 27826 27839 E WPROF   : {"Javascript": {"url": "https://securepubads.g.doubleclick.net/static/glade.js", "requestTime": 17072.769077}}
06-28 13:19:55.728 27759 27805 E chromium: [ERROR:gles2_cmd_decoder.cc(3852)] [.ChromiumCompositor-0xacbb2fc0]GL ERROR :GL_INVALID_ENUM : glDiscardFramebufferEXT: attachments was GL_COLOR_EXT
06-28 13:19:55.748 27759 27805 E chromium: [ERROR:gles2_cmd_decoder.cc(3852)] [.ChromiumCompositor-0xacbb2fc0]GL ERROR :GL_INVALID_ENUM : glDiscardFramebufferEXT: attachments was GL_COLOR_EXT
06-28 13:19:55.782 27759 27805 E chromium: [ERROR:gles2_cmd_decoder.cc(3852)] [.ChromiumCompositor-0xacbb2fc0]GL ERROR :GL_INVALID_ENUM : glDiscardFramebufferEXT: attachments was GL_COLOR_EXT
06-28 13:19:55.785 27759 27805 E chromium: [ERROR:gles2_cmd_decoder.cc(3852)] [.ChromiumCompositor-0xacbb2fc0]GL ERROR :GL_INVALID_ENUM : glDiscardFramebufferEXT: attachments was GL_COLOR_EXT
06-28 13:19:55.799 27759 27805 E chromium: [ERROR:gles2_cmd_decoder.cc(3852)] [.ChromiumCompositor-0xacbb2fc0]GL ERROR :GL_INVALID_ENUM : glDiscardFramebufferEXT: attachments was GL_COLOR_EXT
06-28 13:19:55.813 27759 27805 E chromium: [ERROR:gles2_cmd_decoder.cc(3852)] [.ChromiumCompositor-0xacbb2fc0]GL ERROR :GL_INVALID_ENUM : glDiscardFramebufferEXT: attachments was GL_COLOR_EXT
06-28 13:19:55.828 27759 27805 E chromium: [ERROR:gles2_cmd_decoder.cc(3852)] [.ChromiumCompositor-0xacbb2fc0]GL ERROR :GL_INVALID_ENUM : glDiscardFramebufferEXT: attachments was GL_COLOR_EXT
06-28 13:19:55.845 27759 27805 E chromium: [ERROR:gles2_cmd_decoder.cc(3852)] [.ChromiumCompositor-0xacbb2fc0]GL ERROR :GL_INVALID_ENUM : glDiscardFramebufferEXT: attachments was GL_COLOR_EXT
06-28 13:19:55.866 27759 27805 E chromium: [ERROR:gles2_cmd_decoder.cc(3852)] [.ChromiumCompositor-0xacbb2fc0]GL ERROR :GL_INVALID_ENUM : glDiscardFramebufferEXT: attachments was GL_COLOR_EXT
06-28 13:19:55.880 27759 27805 E chromium: [ERROR:gles2_cmd_decoder.cc(3852)] [.ChromiumCompositor-0xacbb2fc0]GL ERROR :GL_INVALID_ENUM : glDiscardFramebufferEXT: attachments was GL_COLOR_EXT
06-28 13:19:55.898 27759 27805 E chromium: [ERROR:gles2_cmd_decoder.cc(3852)] [.ChromiumCompositor-0xacbb2fc0]GL ERROR :GL_INVALID_ENUM : glDiscardFramebufferEXT: attachments was GL_COLOR_EXT
06-28 13:19:55.916 27759 27805 E chromium: [ERROR:gles2_cmd_decoder.cc(3852)] [.ChromiumCompositor-0xacbb2fc0]GL ERROR :GL_INVALID_ENUM : glDiscardFramebufferEXT: attachments was GL_COLOR_EXT
06-28 13:19:55.935 27759 27805 E chromium: [ERROR:gles2_cmd_decoder.cc(3852)] [.ChromiumCompositor-0xacbb2fc0]GL ERROR :GL_INVALID_ENUM : glDiscardFramebufferEXT: attachments was GL_COLOR_EXT
06-28 13:19:55.949 27759 27805 E chromium: [ERROR:gles2_cmd_decoder.cc(3852)] [.ChromiumCompositor-0xacbb2fc0]GL ERROR :GL_INVALID_ENUM : glDiscardFramebufferEXT: attachments was GL_COLOR_EXT
06-28 13:19:55.964 27759 27805 E chromium: [ERROR:gles2_cmd_decoder.cc(3852)] [.ChromiumCompositor-0xacbb2fc0]GL ERROR :GL_INVALID_ENUM : glDiscardFramebufferEXT: attachments was GL_COLOR_EXT
06-28 13:19:55.979 27759 27805 E chromium: [ERROR:gles2_cmd_decoder.cc(3852)] [.ChromiumCompositor-0xacbb2fc0]GL ERROR :GL_INVALID_ENUM : glDiscardFramebufferEXT: attachments was GL_COLOR_EXT
06-28 13:19:56.002 27759 27805 E chromium: [ERROR:gles2_cmd_decoder.cc(3852)] [.ChromiumCompositor-0xacbb2fc0]GL ERROR :GL_INVALID_ENUM : glDiscardFramebufferEXT: attachments was GL_COLOR_EXT
06-28 13:19:56.016 27759 27805 E chromium: [ERROR:gles2_cmd_decoder.cc(3852)] [.ChromiumCompositor-0xacbb2fc0]GL ERROR :GL_INVALID_ENUM : glDiscardFramebufferEXT: attachments was GL_COLOR_EXT
06-28 13:19:56.032 27759 27805 E chromium: [ERROR:gles2_cmd_decoder.cc(3852)] [.ChromiumCompositor-0xacbb2fc0]GL ERROR :GL_INVALID_ENUM : glDiscardFramebufferEXT: attachments was GL_COLOR_EXT
06-28 13:19:56.049 27759 27805 E chromium: [ERROR:gles2_cmd_decoder.cc(3852)] [.ChromiumCompositor-0xacbb2fc0]GL ERROR :GL_INVALID_ENUM : glDiscardFramebufferEXT: attachments was GL_COLOR_EXT
06-28 13:19:56.067 27759 27805 E chromium: [ERROR:gles2_cmd_decoder.cc(3852)] [.ChromiumCompositor-0xacbb2fc0]GL ERROR :GL_INVALID_ENUM : glDiscardFramebufferEXT: attachments was GL_COLOR_EXT
06-28 13:19:56.081 27759 27805 E chromium: [ERROR:gles2_cmd_decoder.cc(3852)] [.ChromiumCompositor-0xacbb2fc0]GL ERROR :GL_INVALID_ENUM : glDiscardFramebufferEXT: attachments was GL_COLOR_EXT
06-28 13:19:56.099 27759 27805 E chromium: [ERROR:gles2_cmd_decoder.cc(3852)] [.ChromiumCompositor-0xacbb2fc0]GL ERROR :GL_INVALID_ENUM : glDiscardFramebufferEXT: attachments was GL_COLOR_EXT
06-28 13:19:56.113 27759 27805 E chromium: [ERROR:gles2_cmd_decoder.cc(3852)] [.ChromiumCompositor-0xacbb2fc0]GL ERROR :GL_INVALID_ENUM : glDiscardFramebufferEXT: attachments was GL_COLOR_EXT
06-28 13:19:56.132 27759 27805 E chromium: [ERROR:gles2_cmd_decoder.cc(3852)] [.ChromiumCompositor-0xacbb2fc0]GL ERROR :GL_INVALID_ENUM : glDiscardFramebufferEXT: attachments was GL_COLOR_EXT
06-28 13:19:56.148 27759 27805 E chromium: [ERROR:gles2_cmd_decoder.cc(3852)] [.ChromiumCompositor-0xacbb2fc0]GL ERROR :GL_INVALID_ENUM : glDiscardFramebufferEXT: attachments was GL_COLOR_EXT
06-28 13:19:56.163 27759 27805 E chromium: [ERROR:gles2_cmd_decoder.cc(3852)] [.ChromiumCompositor-0xacbb2fc0]GL ERROR :GL_INVALID_ENUM : glDiscardFramebufferEXT: attachments was GL_COLOR_EXT
06-28 13:19:56.182 27759 27805 E chromium: [ERROR:gles2_cmd_decoder.cc(3852)] [.ChromiumCompositor-0xacbb2fc0]GL ERROR :GL_INVALID_ENUM : glDiscardFramebufferEXT: attachments was GL_COLOR_EXT
06-28 13:19:56.199 27759 27805 E chromium: [ERROR:gles2_cmd_decoder.cc(3852)] [.ChromiumCompositor-0xacbb2fc0]GL ERROR :GL_INVALID_ENUM : glDiscardFramebufferEXT: attachments was GL_COLOR_EXT
06-28 13:19:56.221 27759 27805 E chromium: [ERROR:gles2_cmd_decoder.cc(3852)] [.ChromiumCompositor-0xacbb2fc0]GL ERROR :GL_INVALID_ENUM : glDiscardFramebufferEXT: attachments was GL_COLOR_EXT
06-28 13:19:56.232 27759 27805 E chromium: [ERROR:gles2_cmd_decoder.cc(3852)] [.ChromiumCompositor-0xacbb2fc0]GL ERROR :GL_INVALID_ENUM : glDiscardFramebufferEXT: attachments was GL_COLOR_EXT
06-28 13:19:56.255 27759 27805 E chromium: [ERROR:gles2_cmd_decoder.cc(3852)] [.ChromiumCompositor-0xacbb2fc0]GL ERROR :GL_INVALID_ENUM : glDiscardFramebufferEXT: attachments was GL_COLOR_EXT
06-28 13:19:56.285 27759 27805 E chromium: [ERROR:gles2_cmd_decoder.cc(3852)] [.ChromiumCompositor-0xacbb2fc0]GL ERROR :GL_INVALID_ENUM : glDiscardFramebufferEXT: attachments was GL_COLOR_EXT
06-28 13:19:56.301 27759 27805 E chromium: [ERROR:gles2_cmd_decoder.cc(3852)] [.ChromiumCompositor-0xacbb2fc0]GL ERROR :GL_INVALID_ENUM : glDiscardFramebufferEXT: attachments was GL_COLOR_EXT
06-28 13:19:56.316 27759 27805 E chromium: [ERROR:gles2_cmd_decoder.cc(3852)] [.ChromiumCompositor-0xacbb2fc0]GL ERROR :GL_INVALID_ENUM : glDiscardFramebufferEXT: attachments was GL_COLOR_EXT
06-28 13:19:56.341 27759 27805 E chromium: [ERROR:gles2_cmd_decoder.cc(3852)] [.ChromiumCompositor-0xacbb2fc0]GL ERROR :GL_INVALID_ENUM : glDiscardFramebufferEXT: attachments was GL_COLOR_EXT
06-28 13:19:56.349 27826 27839 E WPROF   : {"Javascript": {"url": "https://securepubads.g.doubleclick.net/static/glade/extra_25.js", "requestTime": 17073.404411}}
06-28 13:19:56.360 27759 27805 E chromium: [ERROR:gles2_cmd_decoder.cc(3852)] [.ChromiumCompositor-0xacbb2fc0]GL ERROR :GL_INVALID_ENUM : glDiscardFramebufferEXT: attachments was GL_COLOR_EXT
06-28 13:19:56.367 27759 27805 E chromium: [ERROR:gles2_cmd_decoder.cc(3852)] [.ChromiumCompositor-0xacbb2fc0]GL ERROR :GL_INVALID_ENUM : glDiscardFramebufferEXT: attachments was GL_COLOR_EXT
06-28 13:19:56.380 27759 27805 E chromium: [ERROR:gles2_cmd_decoder.cc(3852)] [.ChromiumCompositor-0xacbb2fc0]GL ERROR :GL_INVALID_ENUM : glDiscardFramebufferEXT: attachments was GL_COLOR_EXT
06-28 13:19:56.396 27759 27805 E chromium: [ERROR:gles2_cmd_decoder.cc(3852)] [.ChromiumCompositor-0xacbb2fc0]GL ERROR :GL_INVALID_ENUM : glDiscardFramebufferEXT: attachments was GL_COLOR_EXT
06-28 13:19:56.417 27759 27805 E chromium: [ERROR:gles2_cmd_decoder.cc(3852)] [.ChromiumCompositor-0xacbb2fc0]GL ERROR :GL_INVALID_ENUM : glDiscardFramebufferEXT: attachments was GL_COLOR_EXT
06-28 13:19:56.431 27759 27805 E chromium: [ERROR:gles2_cmd_decoder.cc(3852)] [.ChromiumCompositor-0xacbb2fc0]GL ERROR :GL_INVALID_ENUM : glDiscardFramebufferEXT: attachments was GL_COLOR_EXT
06-28 13:19:56.448 27759 27805 E chromium: [ERROR:gles2_cmd_decoder.cc(3852)] [.ChromiumCompositor-0xacbb2fc0]GL ERROR :GL_INVALID_ENUM : glDiscardFramebufferEXT: attachments was GL_COLOR_EXT
06-28 13:19:56.465 27759 27805 E chromium: [ERROR:gles2_cmd_decoder.cc(3852)] [.ChromiumCompositor-0xacbb2fc0]GL ERROR :GL_INVALID_ENUM : glDiscardFramebufferEXT: attachments was GL_COLOR_EXT
06-28 13:19:56.490 27759 27805 E chromium: [ERROR:gles2_cmd_decoder.cc(3852)] [.ChromiumCompositor-0xacbb2fc0]GL ERROR :GL_INVALID_ENUM : glDiscardFramebufferEXT: attachments was GL_COLOR_EXT
06-28 13:19:56.513 27759 27805 E chromium: [ERROR:gles2_cmd_decoder.cc(3852)] [.ChromiumCompositor-0xacbb2fc0]GL ERROR :GL_INVALID_ENUM : glDiscardFramebufferEXT: attachments was GL_COLOR_EXT
06-28 13:19:56.522 27759 27805 E chromium: [ERROR:gles2_cmd_decoder.cc(3852)] [.ChromiumCompositor-0xacbb2fc0]GL ERROR :GL_INVALID_ENUM : glDiscardFramebufferEXT: attachments was GL_COLOR_EXT
06-28 13:19:56.536 27759 27805 E chromium: [ERROR:gles2_cmd_decoder.cc(3852)] [.ChromiumCompositor-0xacbb2fc0]GL ERROR :GL_INVALID_ENUM : glDiscardFramebufferEXT: attachments was GL_COLOR_EXT
06-28 13:19:56.548 27759 27805 E chromium: [ERROR:gles2_cmd_decoder.cc(3852)] [.ChromiumCompositor-0xacbb2fc0]GL ERROR :GL_INVALID_ENUM : glDiscardFramebufferEXT: attachments was GL_COLOR_EXT
06-28 13:19:56.570 27759 27805 E chromium: [ERROR:gles2_cmd_decoder.cc(3852)] [.ChromiumCompositor-0xacbb2fc0]GL ERROR :GL_INVALID_ENUM : glDiscardFramebufferEXT: attachments was GL_COLOR_EXT
06-28 13:19:56.585 27759 27805 E chromium: [ERROR:gles2_cmd_decoder.cc(3852)] [.ChromiumCompositor-0xacbb2fc0]GL ERROR :GL_INVALID_ENUM : glDiscardFramebufferEXT: attachments was GL_COLOR_EXT
06-28 13:19:56.599 27759 27805 E chromium: [ERROR:gles2_cmd_decoder.cc(3852)] [.ChromiumCompositor-0xacbb2fc0]GL ERROR :GL_INVALID_ENUM : glDiscardFramebufferEXT: attachments was GL_COLOR_EXT
06-28 13:19:56.600 27826 27839 E WPROF   : {"Javascript": {"url": "https://tpc.googlesyndication.com/pagead/js/r20170619/r20110914/client/ext/m_window_focus_non_hydra.js", "requestTime": 17073.655682}}
06-28 13:19:56.604 27826 27839 E WPROF   : {"Javascript": {"url": "https://tpc.googlesyndication.com/pagead/js/r20170619/r20110914/activeview/osd_listener.js", "requestTime": 17073.659317}}
06-28 13:19:56.614 27759 27805 E chromium: [ERROR:gles2_cmd_decoder.cc(3852)] [.ChromiumCompositor-0xacbb2fc0]GL ERROR :GL_INVALID_ENUM : glDiscardFramebufferEXT: attachments was GL_COLOR_EXT
06-28 13:19:56.632 27759 27805 E chromium: [ERROR:gles2_cmd_decoder.cc(3852)] [.ChromiumCompositor-0xacbb2fc0]GL ERROR :GL_INVALID_ENUM : glDiscardFramebufferEXT: attachments was GL_COLOR_EXT
06-28 13:19:56.648 27826 27839 E WPROF   : {"Javascript": {"url": "https://pagead2.googlesyndication.com/pagead/osd.js", "requestTime": 17073.703230}}
06-28 13:19:56.648 27759 27805 E chromium: [ERROR:gles2_cmd_decoder.cc(3852)] [.ChromiumCompositor-0xacbb2fc0]GL ERROR :GL_INVALID_ENUM : glDiscardFramebufferEXT: attachments was GL_COLOR_EXT
06-28 13:19:56.665 27759 27805 E chromium: [ERROR:gles2_cmd_decoder.cc(3852)] [.ChromiumCompositor-0xacbb2fc0]GL ERROR :GL_INVALID_ENUM : glDiscardFramebufferEXT: attachments was GL_COLOR_EXT
06-28 13:19:56.681 27759 27805 E chromium: [ERROR:gles2_cmd_decoder.cc(3852)] [.ChromiumCompositor-0xacbb2fc0]GL ERROR :GL_INVALID_ENUM : glDiscardFramebufferEXT: attachments was GL_COLOR_EXT
06-28 13:19:56.698 27759 27805 E chromium: [ERROR:gles2_cmd_decoder.cc(3852)] [.ChromiumCompositor-0xacbb2fc0]GL ERROR :GL_INVALID_ENUM : glDiscardFramebufferEXT: attachments was GL_COLOR_EXT
06-28 13:19:56.717 27759 27805 E chromium: [ERROR:gles2_cmd_decoder.cc(3852)] [.ChromiumCompositor-0xacbb2fc0]GL ERROR :GL_INVALID_ENUM : glDiscardFramebufferEXT: attachments was GL_COLOR_EXT
06-28 13:19:56.734 27759 27805 E chromium: [ERROR:gles2_cmd_decoder.cc(3852)] [.ChromiumCompositor-0xacbb2fc0]GL ERROR :GL_INVALID_ENUM : glDiscardFramebufferEXT: attachments was GL_COLOR_EXT
06-28 13:19:56.786 27759 27805 E chromium: [ERROR:gles2_cmd_decoder.cc(3852)] [.ChromiumCompositor-0xacbb2fc0]GL ERROR :GL_INVALID_ENUM : glDiscardFramebufferEXT: attachments was GL_COLOR_EXT
06-28 13:19:56.832 27759 27805 E chromium: [ERROR:gles2_cmd_decoder.cc(3852)] [.ChromiumCompositor-0xacbb2fc0]GL ERROR :GL_INVALID_ENUM : glDiscardFramebufferEXT: attachments was GL_COLOR_EXT
06-28 13:19:56.838 27759 27805 E chromium: [ERROR:logger.cc(46)] Too many GL errors, not reporting any more for this context. use --disable-gl-error-limit to see all errors.
06-28 13:19:57.344 27826 27839 E WProf.db: {"page": "d-38793929741479862534.ampproject.net_1498506512561_frame.html"}
06-28 13:19:57.344 27826 27839 E WProf.db: {"DOMLoad": 17074.399527}
06-28 13:19:57.344 27826 27839 E WProf.db: {"Resource": {"id": 31, "url": "https://d-38793929741479862534.ampproject.net/1498506512561/frame.html", "sentTime": -1.000000, "len": 375, "from": "0x0", "mimeType": "text/html", "contentLength": -1, "httpStatus": 200, "connId": 330, "connReused": 0, "cached": 0,"requestTime": 17071.799456, "proxyStart": -1, "proxyEnd": -1, "dnsStart": 0, "dnsEnd": 0, "connectStart": 0, "connectEnd": 261, "sendStart": 261, "sendEnd": 262, "receiveHeadersEnd": 359, "sslStart": 63, "sslEnd": 261}}
06-28 13:19:57.344 27826 27839 E WProf.db: {"ReceivedChunk": {"receivedTime": 17072.164405, "len": 375}}
06-28 13:19:57.344 27826 27839 E WProf.db: {"WprofHTMLTag": {"code": "0x9c35b510", "doc": "https://d-38793929741479862534.ampproject.net/1498506512561/frame.html", "row": 1, "column": 6, "tagName": "head", "time": 17072.209128, "url": "", "pos": 1, "chunkLen": 1, "isStartTag": 1}}
06-28 13:19:57.344 27826 27839 E WProf.db: {"WprofHTMLTag": {"code": "0x9c35b150", "doc": "https://d-38793929741479862534.ampproject.net/1498506512561/frame.html", "row": 2, "column": 22, "tagName": "meta", "time": 17072.209372, "url": "", "pos": 1, "chunkLen": 1, "isStartTag": 1}}
06-28 13:19:57.344 27826 27839 E WProf.db: {"WprofHTMLTag": {"code": "0x9ea74c50", "doc": "https://d-38793929741479862534.ampproject.net/1498506512561/frame.html", "row": 3, "column": 38, "tagName": "meta", "time": 17072.209887, "url": "", "pos": 1, "chunkLen": 1, "isStartTag": 1}}
06-28 13:19:57.344 27826 27839 E WProf.db: {"WprofHTMLTag": {"code": "0x9ea74c20", "doc": "https://d-38793929741479862534.ampproject.net/1498506512561/frame.html", "row": 4, "column": 59, "tagName": "script", "time": 17072.210166, "url": "https://3p.ampproject.net/1498506512561/f.js", "pos": 1, "chunkLen": 1, "isStartTag": 1}}
06-28 13:19:57.344 27826 27839 E WProf.db: {"WprofHTMLTag": {"code": "0x9ea74bf0", "doc": "https://d-38793929741479862534.ampproject.net/1498506512561/frame.html", "row": 4, "column": 68, "tagName": "script", "time": 17072.212132, "url": "", "pos": 1, "chunkLen": 1, "isStartTag": 0}}
06-28 13:19:57.345 27826 27839 E WProf.db: {"WprofHTMLTag": {"code": "0x9c35b2a0", "doc": "https://d-38793929741479862534.ampproject.net/1498506512561/frame.html", "row": 5, "column": 7, "tagName": "head", "time": 17072.739152, "url": "", "pos": 1, "chunkLen": 1, "isStartTag": 0}}
06-28 13:19:57.345 27826 27839 E WProf.db: {"WprofHTMLTag": {"code": "0x9c35b210", "doc": "https://d-38793929741479862534.ampproject.net/1498506512561/frame.html", "row": 6, "column": 23, "tagName": "body", "time": 17072.739193, "url": "", "pos": 1, "chunkLen": 1, "isStartTag": 1}}
06-28 13:19:57.345 27826 27839 E WProf.db: {"WprofHTMLTag": {"code": "0x9c35b0f0", "doc": "https://d-38793929741479862534.ampproject.net/1498506512561/frame.html", "row": 7, "column": 69, "tagName": "div", "time": 17072.739473, "url": "", "pos": 1, "chunkLen": 1, "isStartTag": 1}}
06-28 13:19:57.345 27826 27839 E WProf.db: {"WprofHTMLTag": {"code": "0x9c35b660", "doc": "https://d-38793929741479862534.ampproject.net/1498506512561/frame.html", "row": 8, "column": 10, "tagName": "script", "time": 17072.739725, "url": "", "pos": 1, "chunkLen": 1, "isStartTag": 1}}
06-28 13:19:57.345 27826 27839 E WProf.db: {"WprofHTMLTag": {"code": "0x9ea74dd0", "doc": "https://d-38793929741479862534.ampproject.net/1498506512561/frame.html", "row": 8, "column": 27, "tagName": "script", "time": 17072.739954, "url": "https://securepubads.g.doubleclick.net/static/glade.js", "pos": 1, "chunkLen": 1, "isStartTag": 0}}
06-28 13:19:57.345 27826 27839 E WProf.db: {"WprofHTMLTag": {"code": "0x9ea74ec0", "doc": "https://d-38793929741479862534.ampproject.net/1498506512561/frame.html", "row": 9, "column": 6, "tagName": "div", "time": 17072.773178, "url": "", "pos": 1, "chunkLen": 1, "isStartTag": 0}}
06-28 13:19:57.345 27826 27839 E WProf.db: {"WprofHTMLTag": {"code": "0x9ea74f20", "doc": "https://d-38793929741479862534.ampproject.net/1498506512561/frame.html", "row": 10, "column": 8, "tagName": "script", "time": 17072.773224, "url": "", "pos": 1, "chunkLen": 1, "isStartTag": 1}}
06-28 13:19:57.345 27826 27839 E WProf.db: {"WprofHTMLTag": {"code": "0x9c35b630", "doc": "https://d-38793929741479862534.ampproject.net/1498506512561/frame.html", "row": 10, "column": 67, "tagName": "script", "time": 17072.773450, "url": "", "pos": 1, "chunkLen": 1, "isStartTag": 0}}
06-28 13:19:57.345 27826 27839 E WProf.db: {"WprofHTMLTag": {"code": "0x9ea74f50", "doc": "https://d-38793929741479862534.ampproject.net/1498506512561/frame.html", "row": 11, "column": 7, "tagName": "body", "time": 17072.781164, "url": "", "pos": 1, "chunkLen": 1, "isStartTag": 0}}
06-28 13:19:57.346 27826 27839 E WProf.db: {"WprofHTMLTag": {"code": "0x9ea74f80", "doc": "https://d-38793929741479862534.ampproject.net/1498506512561/frame.html", "row": 12, "column": 7, "tagName": "html", "time": 17072.781178, "url": "https://securepubads.g.doubleclick.net/static/glade/extra_25.js", "pos": 1, "chunkLen": 1, "isStartTag": 0}}
06-28 13:19:57.346 27826 27839 E WProf.db: {"Resource": {"id": 32, "url": "https://3p.ampproject.net/1498506512561/f.js", "sentTime": -1.000000, "len": 91779, "from": "0x9ea74c20", "mimeType": "text/javascript", "contentLength": -1, "httpStatus": 200, "connId": 381, "connReused": 0, "cached": 0,"requestTime": 17072.214122, "proxyStart": -1, "proxyEnd": -1, "dnsStart": 8, "dnsEnd": 9, "connectStart": 0, "connectEnd": 270, "sendStart": 270, "sendEnd": 270, "receiveHeadersEnd": 334, "sslStart": 71, "sslEnd": 269}}
06-28 13:19:57.346 27826 27839 E WProf.db: {"ReceivedChunk": {"receivedTime": 17072.554951, "len": 5555}}
06-28 13:19:57.346 27826 27839 E WProf.db: {"ReceivedChunk": {"receivedTime": 17072.555578, "len": 14383}}
06-28 13:19:57.346 27826 27839 E WProf.db: {"ReceivedChunk": {"receivedTime": 17072.563151, "len": 13728}}
06-28 13:19:57.346 27826 27839 E WProf.db: {"ReceivedChunk": {"receivedTime": 17072.563783, "len": 8613}}
06-28 13:19:57.346 27826 27839 E WProf.db: {"ReceivedChunk": {"receivedTime": 17072.564685, "len": 9239}}
06-28 13:19:57.346 27826 27839 E WProf.db: {"ReceivedChunk": {"receivedTime": 17072.568805, "len": 4406}}
06-28 13:19:57.346 27826 27839 E WProf.db: {"ReceivedChunk": {"receivedTime": 17072.572168, "len": 4782}}
06-28 13:19:57.346 27826 27839 E WProf.db: {"ReceivedChunk": {"receivedTime": 17072.572401, "len": 4122}}
06-28 13:19:57.346 27826 27839 E WProf.db: {"ReceivedChunk": {"receivedTime": 17072.620246, "len": 17712}}
06-28 13:19:57.346 27826 27839 E WProf.db: {"ReceivedChunk": {"receivedTime": 17072.620804, "len": 8496}}
06-28 13:19:57.346 27826 27839 E WProf.db: {"ReceivedChunk": {"receivedTime": 17072.622337, "len": 743}}
06-28 13:19:57.346 27826 27839 E WProf.db: {"Resource": {"id": 33, "url": "https://securepubads.g.doubleclick.net/static/glade.js", "sentTime": -1.000000, "len": 19455, "from": "0x9ea74dd0", "mimeType": "text/javascript", "contentLength": -1, "httpStatus": 200, "connId": 395, "connReused": 0, "cached": 0,"requestTime": 17072.770393, "proxyStart": -1, "proxyEnd": -1, "dnsStart": 22, "dnsEnd": 22, "connectStart": 0, "connectEnd": 413, "sendStart": 413, "sendEnd": 413, "receiveHeadersEnd": 518, "sslStart": 223, "sslEnd": 412}}
06-28 13:19:57.346 27826 27839 E WProf.db: {"ReceivedChunk": {"receivedTime": 17073.293485, "len": 8919}}
06-28 13:19:57.347 27826 27839 E WProf.db: {"ReceivedChunk": {"receivedTime": 17073.298970, "len": 10536}}
06-28 13:19:57.347 27826 27839 E WProf.db: {"Resource": {"id": 34, "url": "https://securepubads.g.doubleclick.net/gampad/ads?gdfp_req=1&glade_req=1&glv=25&output=html&iu=%2F1038259%2FSEL-amp-cube&sz=300x250&sfv=1-0-8&correlator=631689596370944&eid=108809080&adk=2352184609&biw=412&bih=620&adx=56&ady=294&oid=3&u_sd=3.5&ifi=1&is_amp=1&amp_v=1498506512561&nhd=1&url=http%3A%2F%", "sentTime": -1.000000, "len": 20185, "from": "0x9ea74f80", "mimeType": "text/html", "contentLength": -1, "httpStatus": 200, "connId": 395, "connReused": 1, "cached": 0,"requestTime": 17073.389156, "proxyStart": -1, "proxyEnd": -1, "dnsStart": -1, "dnsEnd": -1, "connectStart": 0, "connectEnd": 15, "sendStart": 15, "sendEnd": 15, "receiveHeadersEnd": 146, "sslStart": -1, "sslEnd": -1}}
06-28 13:19:57.347 27826 27839 E WProf.db: {"ReceivedChunk": {"receivedTime": 17073.547058, "len": 3646}}
06-28 13:19:57.350 27826 27839 E WProf.db: {"ReceivedChunk": {"receivedTime": 17073.611084, "len": 11218}}
06-28 13:19:57.350 27826 27839 E WProf.db: {"ReceivedChunk": {"receivedTime": 17073.612252, "len": 5321}}
06-28 13:19:57.350 27826 27839 E WProf.db: {"WprofHTMLTag": {"code": "0x9c35b9f0", "doc": "https://securepubads.g.doubleclick.net/gampad/ads?gdfp_req=1&glade_req=1&glv=25&output=html&iu=%2F1038259%2FSEL-amp-cube&sz=300x250&sfv=1-0-8&correlator=631689596370944&eid=108809080&adk=2352184609&biw=412&bih=620&adx=56&ady=294&oid=3&u_sd=3.5&ifi=1&is_amp=1&amp_v=1498506512561&nhd=1&url=http%3A%2F%", "row": 0, "column": 21, "tagName": "html", "time": 17073.623768, "url": "", "pos": 1, "chunkLen": 1, "isStartTag": 1}}
06-28 13:19:57.350 27826 27839 E WProf.db: {"WprofHTMLTag": {"code": "0x9c35b870", "doc": "https://securepubads.g.doubleclick.net/gampad/ads?gdfp_req=1&glade_req=1&glv=25&output=html&iu=%2F1038259%2FSEL-amp-cube&sz=300x250&sfv=1-0-8&correlator=631689596370944&eid=108809080&adk=2352184609&biw=412&bih=620&adx=56&ady=294&oid=3&u_sd=3.5&ifi=1&is_amp=1&amp_v=1498506512561&nhd=1&url=http%3A%2F%", "row": 0, "column": 27, "tagName": "head", "time": 17073.623984, "url": "", "pos": 1, "chunkLen": 1, "isStartTag": 1}}
06-28 13:19:57.350 27826 27839 E WProf.db: {"WprofHTMLTag": {"code": "0x9c35b810", "doc": "https://securepubads.g.doubleclick.net/gampad/ads?gdfp_req=1&glade_req=1&glv=25&output=html&iu=%2F1038259%2FSEL-amp-cube&sz=300x250&sfv=1-0-8&correlator=631689596370944&eid=108809080&adk=2352184609&biw=412&bih=620&adx=56&ady=294&oid=3&u_sd=3.5&ifi=1&is_amp=1&amp_v=1498506512561&nhd=1&url=http%3A%2F%", "row": 0, "column": 144, "tagName": "meta", "time": 17073.624020, "url": "", "pos": 1, "chunkLen": 1, "isStartTag": 1}}
06-28 13:19:57.350 27826 27839 E WProf.db: {"WprofHTMLTag": {"code": "0x9c35b600", "doc": "https://securepubads.g.doubleclick.net/gampad/ads?gdfp_req=1&glade_req=1&glv=25&output=html&iu=%2F1038259%2FSEL-amp-cube&sz=300x250&sfv=1-0-8&correlator=631689596370944&eid=108809080&adk=2352184609&biw=412&bih=620&adx=56&ady=294&oid=3&u_sd=3.5&ifi=1&is_amp=1&amp_v=1498506512561&nhd=1&url=http%3A%2F%", "row": 0, "column": 152, "tagName": "script", "time": 17073.624322, "url": "", "pos": 1, "chunkLen": 1, "isStartTag": 1}}
06-28 13:19:57.350 27826 27839 E WProf.db: {"WprofHTMLTag": {"code": "0x9c35b840", "doc": "https://securepubads.g.doubleclick.net/gampad/ads?gdfp_req=1&glade_req=1&glv=25&output=html&iu=%2F1038259%2FSEL-amp-cube&sz=300x250&sfv=1-0-8&correlator=631689596370944&eid=108809080&adk=2352184609&biw=412&bih=620&adx=56&ady=294&oid=3&u_sd=3.5&ifi=1&is_amp=1&amp_v=1498506512561&nhd=1&url=http%3A%2F%", "row": 0, "column": 195, "tagName": "script", "time": 17073.624726, "url": "", "pos": 1, "chunkLen": 1, "isStartTag": 0}}
06-28 13:19:57.350 27826 27839 E WProf.db: {"WprofHTMLTag": {"code": "0x9ea751c0", "doc": "https://securepubads.g.doubleclick.net/gampad/ads?gdfp_req=1&glade_req=1&glv=25&output=html&iu=%2F1038259%2FSEL-amp-cube&sz=300x250&sfv=1-0-8&correlator=631689596370944&eid=108809080&adk=2352184609&biw=412&bih=620&adx=56&ady=294&oid=3&u_sd=3.5&ifi=1&is_amp=1&amp_v=1498506512561&nhd=1&url=http%3A%2F%", "row": 0, "column": 202, "tagName": "style", "time": 17073.625564, "url": "", "pos": 1, "chunkLen": 1, "isStartTag": 1}}
06-28 13:19:57.350 27826 27839 E WProf.db: {"WprofHTMLTag": {"code": "0x9ea74fe0", "doc": "https://securepubads.g.doubleclick.net/gampad/ads?gdfp_req=1&glade_req=1&glv=25&output=html&iu=%2F1038259%2FSEL-amp-cube&sz=300x250&sfv=1-0-8&correlator=631689596370944&eid=108809080&adk=2352184609&biw=412&bih=620&adx=56&ady=294&oid=3&u_sd=3.5&ifi=1&is_amp=1&amp_v=1498506512561&nhd=1&url=http%3A%2F%", "row": 0, "column": 230, "tagName": "style", "time": 17073.625678, "url": "", "pos": 1, "chunkLen": 1, "isStartTag": 0}}
06-28 13:19:57.350 27826 27839 E WProf.db: {"WprofHTMLTag": {"code": "0xaa1a2430", "doc": "https://securepubads.g.doubleclick.net/gampad/ads?gdfp_req=1&glade_req=1&glv=25&output=html&iu=%2F1038259%2FSEL-amp-cube&sz=300x250&sfv=1-0-8&correlator=631689596370944&eid=108809080&adk=2352184609&biw=412&bih=620&adx=56&ady=294&oid=3&u_sd=3.5&ifi=1&is_amp=1&amp_v=1498506512561&nhd=1&url=http%3A%2F%", "row": 0, "column": 238, "tagName": "script", "time": 17073.626624, "url": "", "pos": 1, "chunkLen": 1, "isStartTag": 1}}
06-28 13:19:57.350 27826 27839 E WProf.db: {"WprofHTMLTag": {"code": "0xaa1a24c0", "doc": "https://securepubads.g.doubleclick.net/gampad/ads?gdfp_req=1&glade_req=1&glv=25&output=html&iu=%2F1038259%2FSEL-amp-cube&sz=300x250&sfv=1-0-8&correlator=631689596370944&eid=108809080&adk=2352184609&biw=412&bih=620&adx=56&ady=294&oid=3&u_sd=3.5&ifi=1&is_amp=1&amp_v=1498506512561&nhd=1&url=http%3A%2F%", "row": 0, "column": 8856, "tagName": "script", "time": 17073.627612, "url": "", "pos": 1, "chunkLen": 1, "isStartTag": 0}}
06-28 13:19:57.350 27826 27839 E WProf.db: {"WprofHTMLTag": {"code": "0xaa1a2520", "doc": "https://securepubads.g.doubleclick.net/gampad/ads?gdfp_req=1&glade_req=1&glv=25&output=html&iu=%2F1038259%2FSEL-amp-cube&sz=300x250&sfv=1-0-8&correlator=631689596370944&eid=108809080&adk=2352184609&biw=412&bih=620&adx=56&ady=294&oid=3&u_sd=3.5&ifi=1&is_amp=1&amp_v=1498506512561&nhd=1&url=http%3A%2F%", "row": 0, "column": 8863, "tagName": "head", "time": 17073.643865, "url": "", "pos": 1, "chunkLen": 1, "isStartTag": 0}}
06-28 13:19:57.351 27826 27839 E WProf.db: {"WprofHTMLTag": {"code": "0xaa1a2550", "doc": "https://securepubads.g.doubleclick.net/gampad/ads?gdfp_req=1&glade_req=1&glv=25&output=html&iu=%2F1038259%2FSEL-amp-cube&sz=300x250&sfv=1-0-8&correlator=631689596370944&eid=108809080&adk=2352184609&biw=412&bih=620&adx=56&ady=294&oid=3&u_sd=3.5&ifi=1&is_amp=1&amp_v=1498506512561&nhd=1&url=http%3A%2F%", "row": 0, "column": 8977, "tagName": "body", "time": 17073.643900, "url": "", "pos": 1, "chunkLen": 1, "isStartTag": 1}}
06-28 13:19:57.351 27826 27839 E WProf.db: {"WprofHTMLTag": {"code": "0xaa1a2580", "doc": "https://securepubads.g.doubleclick.net/gampad/ads?gdfp_req=1&glade_req=1&glv=25&output=html&iu=%2F1038259%2FSEL-amp-cube&sz=300x250&sfv=1-0-8&correlator=631689596370944&eid=108809080&adk=2352184609&biw=412&bih=620&adx=56&ady=294&oid=3&u_sd=3.5&ifi=1&is_amp=1&amp_v=1498506512561&nhd=1&url=http%3A%2F%", "row": 0, "column": 9047, "tagName": "div", "time": 17073.644776, "url": "", "pos": 1, "chunkLen": 1, "isStartTag": 1}}
06-28 13:19:57.351 27826 27839 E WProf.db: {"WprofHTMLTag": {"code": "0xaa1a24f0", "doc": "https://securepubads.g.doubleclick.net/gampad/ads?gdfp_req=1&glade_req=1&glv=25&output=html&iu=%2F1038259%2FSEL-amp-cube&sz=300x250&sfv=1-0-8&correlator=631689596370944&eid=108809080&adk=2352184609&biw=412&bih=620&adx=56&ady=294&oid=3&u_sd=3.5&ifi=1&is_amp=1&amp_v=1498506512561&nhd=1&url=http%3A%2F%", "row": 0, "column": 9055, "tagName": "script", "time": 17073.644924, "url": "", "pos": 1, "chunkLen": 1, "isStartTag": 1}}
06-28 13:19:57.351 27826 27839 E WProf.db: {"WprofHTMLTag": {"code": "0xaa1a25b0", "doc": "https://securepubads.g.doubleclick.net/gampad/ads?gdfp_req=1&glade_req=1&glv=25&output=html&iu=%2F1038259%2FSEL-amp-cube&sz=300x250&sfv=1-0-8&correlator=631689596370944&eid=108809080&adk=2352184609&biw=412&bih=620&adx=56&ady=294&oid=3&u_sd=3.5&ifi=1&is_amp=1&amp_v=1498506512561&nhd=1&url=http%3A%2F%", "row": 0, "column": 9428, "tagName": "script", "time": 17073.645607, "url": "", "pos": 1, "chunkLen": 1, "isStartTag": 0}}
06-28 13:19:57.351 27826 27839 E WProf.db: {"WprofHTMLTag": {"code": "0xaa1a25e0", "doc": "https://securepubads.g.doubleclick.net/gampad/ads?gdfp_req=1&glade_req=1&glv=25&output=html&iu=%2F1038259%2FSEL-amp-cube&sz=300x250&sfv=1-0-8&correlator=631689596370944&eid=108809080&adk=2352184609&biw=412&bih=620&adx=56&ady=294&oid=3&u_sd=3.5&ifi=1&is_amp=1&amp_v=1498506512561&nhd=1&url=http%3A%2F%", "row": 0, "column": 10008, "tagName": "a", "time": 17073.653715, "url": "", "pos": 1, "chunkLen": 1, "isStartTag": 1}}
06-28 13:19:57.351 27826 27839 E WProf.db: {"WprofHTMLTag": {"code": "0xaa1a2640", "doc": "https://securepubads.g.doubleclick.net/gampad/ads?gdfp_req=1&glade_req=1&glv=25&output=html&iu=%2F1038259%2FSEL-amp-cube&sz=300x250&sfv=1-0-8&correlator=631689596370944&eid=108809080&adk=2352184609&biw=412&bih=620&adx=56&ady=294&oid=3&u_sd=3.5&ifi=1&is_amp=1&amp_v=1498506512561&nhd=1&url=http%3A%2F%", "row": 0, "column": 10142, "tagName": "img", "time": 17073.654518, "url": "", "pos": 1, "chunkLen": 1, "isStartTag": 1}}
06-28 13:19:57.351 27826 27839 E WProf.db: {"WprofHTMLTag": {"code": "0xaa1a2610", "doc": "https://securepubads.g.doubleclick.net/gampad/ads?gdfp_req=1&glade_req=1&glv=25&output=html&iu=%2F1038259%2FSEL-amp-cube&sz=300x250&sfv=1-0-8&correlator=631689596370944&eid=108809080&adk=2352184609&biw=412&bih=620&adx=56&ady=294&oid=3&u_sd=3.5&ifi=1&is_amp=1&amp_v=1498506512561&nhd=1&url=http%3A%2F%", "row": 0, "column": 10146, "tagName": "a", "time": 17073.655241, "url": "", "pos": 1, "chunkLen": 1, "isStartTag": 0}}
06-28 13:19:57.351 27826 27839 E WProf.db: {"WprofHTMLTag": {"code": "0xaa1a2670", "doc": "https://securepubads.g.doubleclick.net/gampad/ads?gdfp_req=1&glade_req=1&glv=25&output=html&iu=%2F1038259%2FSEL-amp-cube&sz=300x250&sfv=1-0-8&correlator=631689596370944&eid=108809080&adk=2352184609&biw=412&bih=620&adx=56&ady=294&oid=3&u_sd=3.5&ifi=1&is_amp=1&amp_v=1498506512561&nhd=1&url=http%3A%2F%", "row": 0, "column": 10152, "tagName": "div", "time": 17073.655257, "url": "", "pos": 1, "chunkLen": 1, "isStartTag": 0}}
06-28 13:19:57.351 27826 27839 E WProf.db: {"WprofHTMLTag": {"code": "0xaa1a26a0", "doc": "https://securepubads.g.doubleclick.net/gampad/ads?gdfp_req=1&glade_req=1&glv=25&output=html&iu=%2F1038259%2FSEL-amp-cube&sz=300x250&sfv=1-0-8&correlator=631689596370944&eid=108809080&adk=2352184609&biw=412&bih=620&adx=56&ady=294&oid=3&u_sd=3.5&ifi=1&is_amp=1&amp_v=1498506512561&nhd=1&url=http%3A%2F%", "row": 0, "column": 10275, "tagName": "script", "time": 17073.655272, "url": "https://tpc.googlesyndication.com/pagead/js/r20170619/r20110914/client/ext/m_window_focus_non_hydra.js", "pos": 1, "chunkLen": 1, "isStartTag": 1}}
06-28 13:19:57.351 27826 27839 E WProf.db: {"WprofHTMLTag": {"code": "0xaa1a26d0", "doc": "https://securepubads.g.doubleclick.net/gampad/ads?gdfp_req=1&glade_req=1&glv=25&output=html&iu=%2F1038259%2FSEL-amp-cube&sz=300x250&sfv=1-0-8&correlator=631689596370944&eid=108809080&adk=2352184609&biw=412&bih=620&adx=56&ady=294&oid=3&u_sd=3.5&ifi=1&is_amp=1&amp_v=1498506512561&nhd=1&url=http%3A%2F%", "row": 0, "column": 10284, "tagName": "script", "time": 17073.655497, "url": "", "pos": 1, "chunkLen": 1, "isStartTag": 0}}
06-28 13:19:57.351 27826 27839 E WProf.db: {"WprofHTMLTag": {"code": "0xb4cc7930", "doc": "https://securepubads.g.doubleclick.net/gampad/ads?gdfp_req=1&glade_req=1&glv=25&output=html&iu=%2F1038259%2FSEL-amp-cube&sz=300x250&sfv=1-0-8&correlator=631689596370944&eid=108809080&adk=2352184609&biw=412&bih=620&adx=56&ady=294&oid=3&u_sd=3.5&ifi=1&is_amp=1&amp_v=1498506512561&nhd=1&url=http%3A%2F%", "row": 0, "column": 10292, "tagName": "script", "time": 17073.656202, "url": "", "pos": 1, "chunkLen": 1, "isStartTag": 1}}
06-28 13:19:57.351 27826 27839 E WProf.db: {"WprofHTMLTag": {"code": "0xaa1a2700", "doc": "https://securepubads.g.doubleclick.net/gampad/ads?gdfp_req=1&glade_req=1&glv=25&output=html&iu=%2F1038259%2FSEL-amp-cube&sz=300x250&sfv=1-0-8&correlator=631689596370944&eid=108809080&adk=2352184609&biw=412&bih=620&adx=56&ady=294&oid=3&u_sd=3.5&ifi=1&is_amp=1&amp_v=1498506512561&nhd=1&url=http%3A%2F%", "row": 0, "column": 10558, "tagName": "script", "time": 17073.656783, "url": "", "pos": 1, "chunkLen": 1, "isStartTag": 0}}
06-28 13:19:57.351 27826 27839 E WProf.db: {"WprofHTMLTag": {"code": "0xaa1a2730", "doc": "https://securepubads.g.doubleclick.net/gampad/ads?gdfp_req=1&glade_req=1&glv=25&output=html&iu=%2F1038259%2FSEL-amp-cube&sz=300x250&sfv=1-0-8&correlator=631689596370944&eid=108809080&adk=2352184609&biw=412&bih=620&adx=56&ady=294&oid=3&u_sd=3.5&ifi=1&is_amp=1&amp_v=1498506512561&nhd=1&url=http%3A%2F%", "row": 0, "column": 10663, "tagName": "script", "time": 17073.658715, "url": "https://tpc.googlesyndication.com/pagead/js/r20170619/r20110914/activeview/osd_listener.js", "pos": 1, "chunkLen": 1, "isStartTag": 1}}
06-28 13:19:57.352 27826 27839 E WProf.db: {"WprofHTMLTag": {"code": "0xaa1a2790", "doc": "https://securepubads.g.doubleclick.net/gampad/ads?gdfp_req=1&glade_req=1&glv=25&output=html&iu=%2F1038259%2FSEL-amp-cube&sz=300x250&sfv=1-0-8&correlator=631689596370944&eid=108809080&adk=2352184609&biw=412&bih=620&adx=56&ady=294&oid=3&u_sd=3.5&ifi=1&is_amp=1&amp_v=1498506512561&nhd=1&url=http%3A%2F%", "row": 0, "column": 10672, "tagName": "script", "time": 17073.659039, "url": "https://pagead2.googlesyndication.com/pagead/osd.js", "pos": 1, "chunkLen": 1, "isStartTag": 0}}
06-28 13:19:57.352 27826 27839 E WProf.db: {"WprofHTMLTag": {"code": "0x9c35bd50", "doc": "https://securepubads.g.doubleclick.net/gampad/ads?gdfp_req=1&glade_req=1&glv=25&output=html&iu=%2F1038259%2FSEL-amp-cube&sz=300x250&sfv=1-0-8&correlator=631689596370944&eid=108809080&adk=2352184609&biw=412&bih=620&adx=56&ady=294&oid=3&u_sd=3.5&ifi=1&is_amp=1&amp_v=1498506512561&nhd=1&url=http%3A%2F%", "row": 0, "column": 10703, "tagName": "script", "time": 17074.159658, "url": "", "pos": 1, "chunkLen": 1, "isStartTag": 1}}
06-28 13:19:57.352 27826 27839 E WProf.db: {"WprofHTMLTag": {"code": "0x9c35bd20", "doc": "https://securepubads.g.doubleclick.net/gampad/ads?gdfp_req=1&glade_req=1&glv=25&output=html&iu=%2F1038259%2FSEL-amp-cube&sz=300x250&sfv=1-0-8&correlator=631689596370944&eid=108809080&adk=2352184609&biw=412&bih=620&adx=56&ady=294&oid=3&u_sd=3.5&ifi=1&is_amp=1&amp_v=1498506512561&nhd=1&url=http%3A%2F%", "row": 0, "column": 11056, "tagName": "script", "time": 17074.159944, "url": "", "pos": 1, "chunkLen": 1, "isStartTag": 0}}
06-28 13:19:57.352 27826 27839 E WProf.db: {"WprofHTMLTag": {"code": "0x9c35b4b0", "doc": "https://securepubads.g.doubleclick.net/gampad/ads?gdfp_req=1&glade_req=1&glv=25&output=html&iu=%2F1038259%2FSEL-amp-cube&sz=300x250&sfv=1-0-8&correlator=631689596370944&eid=108809080&adk=2352184609&biw=412&bih=620&adx=56&ady=294&oid=3&u_sd=3.5&ifi=1&is_amp=1&amp_v=1498506512561&nhd=1&url=http%3A%2F%", "row": 0, "column": 11064, "tagName": "script", "time": 17074.198680, "url": "", "pos": 1, "chunkLen": 1, "isStartTag": 1}}
