--------- beginning of main
06-28 09:41:40.875  3449  3449 E Finsky  : [1] com.google.android.finsky.wear.bl.a(3): onConnectionFailed: ConnectionResult{statusCode=API_UNAVAILABLE, resolution=null, message=null}
--------- beginning of system
06-28 09:41:42.104 15117 15117 E chromium: [ERROR:shell_integration_android.cc(12)] Not implemented reached in static ShellIntegration::DefaultWebClientSetPermission ShellIntegration::CanSetAsDefaultBrowser()
06-28 09:41:42.110 15117 15117 E chromium: [ERROR:browser_process_impl.cc(720)] Not implemented reached in virtual BackgroundModeManager* BrowserProcessImpl::background_mode_manager()
06-28 09:41:44.768 15117 15164 E chromium: [ERROR:gles2_cmd_decoder.cc(3852)] [.ChromiumCompositor-0xacbb2fc0]GL ERROR :GL_INVALID_ENUM : glDiscardFramebufferEXT: attachments was GL_COLOR_EXT
06-28 09:41:45.004 15183 15196 E WPROF   : {"CSS": {"url": "http://searchengineland.com/figz/wp-content/themes/searchengineland/css/searchengineland-bootstrap.css", "requestTime": 3982.059911}}
06-28 09:41:45.005 15183 15196 E WPROF   : {"CSS": {"url": "http://fonts.googleapis.com/css?family=Oswald:300,400,700", "requestTime": 3982.060701}}
06-28 09:41:45.006 15183 15196 E WPROF   : {"CSS": {"url": "http://searchengineland.com/figz/wp-content/themes/searchengineland/style.css", "requestTime": 3982.061460}}
06-28 09:41:45.012 15183 15196 E WPROF   : {"Javascript": {"url": "http://searchengineland.com/figz/wp-content/themes/searchengineland/js/lib/modernizr.custom.js?ver=1.0", "requestTime": 3982.067806}}
06-28 09:41:45.013 15183 15196 E WPROF   : {"Javascript": {"url": "http://searchengineland.com/figz/wp-content/themes/searchengineland/js/lib/jquery-1.11.0.min.js?ver=1.11.0", "requestTime": 3982.068537}}
06-28 09:41:45.013 15183 15196 E WPROF   : {"Javascript": {"url": "http://searchengineland.com/figz/wp-content/themes/searchengineland/js/lib/jquery-ui-1.10.3.custom.min.js?ver=1.10.3", "requestTime": 3982.069125}}
06-28 09:41:45.014 15183 15196 E WPROF   : {"Javascript": {"url": "http://searchengineland.com/figz/wp-content/themes/searchengineland/js/lib/jquery.ba-throttle-debounce.min.js?ver=1.1", "requestTime": 3982.069709}}
06-28 09:41:45.015 15183 15196 E WPROF   : {"Javascript": {"url": "http://searchengineland.com/figz/wp-content/themes/searchengineland/js/lib/jquery.countdown.min.js?ver=2.0.4", "requestTime": 3982.070832}}
06-28 09:41:45.016 15183 15196 E WPROF   : {"Javascript": {"url": "http://static.chartbeat.com/js/chartbeat_mab.js", "requestTime": 3982.071557}}
06-28 09:41:45.537 15183 15196 E WPROF   : {"Javascript": {"url": "http://searchengineland.com/figz/wp-includes/js/wp-emoji-release.min.js?ver=4.7.5", "requestTime": 3982.592906}}
06-28 09:41:45.893 15183 15196 E WPROF   : {"Javascript": {"url": "http://app-sj02.marketo.com/js/forms2/js/forms2.min.js", "requestTime": 3982.948487}}
06-28 09:41:45.903 15117 15164 E chromium: [ERROR:gles2_cmd_decoder.cc(3852)] [.ChromiumCompositor-0xacbb2fc0]GL ERROR :GL_INVALID_ENUM : glDiscardFramebufferEXT: attachments was GL_COLOR_EXT
06-28 09:41:46.738 15183 15196 E WPROF   : {"Javascript": {"url": "http://www.googletagservices.com/tag/js/gpt.js", "requestTime": 3983.793911}}
06-28 09:41:46.745 15183 15196 E WPROF   : {"Javascript": {"url": "https://www.google-analytics.com/analytics.js", "requestTime": 3983.800326}}
06-28 09:41:46.748 15183 15196 E WPROF   : {"Javascript": {"url": "http://edge.quantserve.com/quant.js", "requestTime": 3983.803900}}
06-28 09:41:46.751 15183 15196 E WPROF   : {"Javascript": {"url": "https://connect.facebook.net/en_US/fbevents.js", "requestTime": 3983.806496}}
06-28 09:41:47.128 15183 15196 E WPROF   : {"Javascript": {"url": "http://app-sj02.marketo.com/index.php/form/getForm?munchkinId=727-ZQE-044&form=5691&url=http%3A%2F%2Fsearchengineland.com%2Foptimize-content-seos-writers-274956&callback=jQuery110202592573785223067_1498610506877&_=1498610506878", "requestTime": 3984.183599}}
06-28 09:41:47.152 15183 15196 E WPROF   : {"Javascript": {"url": "http://app-sj02.marketo.com/index.php/form/getForm?munchkinId=727-ZQE-044&form=5685&url=http%3A%2F%2Fsearchengineland.com%2Foptimize-content-seos-writers-274956&callback=jQuery110202592573785223067_1498610506879&_=1498610506880", "requestTime": 3984.207354}}
06-28 09:41:47.362 15183 15196 E WPROF   : {"Javascript": {"url": "https://connect.facebook.net/signals/config/423979991297359?v=2.7.17", "requestTime": 3984.418038}}
06-28 09:41:47.369 15183 15196 E WPROF   : {"Javascript": {"url": "https://securepubads.g.doubleclick.net/gpt/pubads_impl_121.js", "requestTime": 3984.425195}}
06-28 09:41:47.375 15117 15164 E chromium: [ERROR:gles2_cmd_decoder.cc(3852)] [.ChromiumCompositor-0xacbb2fc0]GL ERROR :GL_INVALID_ENUM : glDiscardFramebufferEXT: attachments was GL_COLOR_EXT
06-28 09:41:47.427 15183 15196 E WPROF   : {"Javascript": {"url": "http://app-sj02.marketo.com/index.php/form/getForm?munchkinId=727-ZQE-044&form=5673&url=http%3A%2F%2Fsearchengineland.com%2Foptimize-content-seos-writers-274956&callback=jQuery110202592573785223067_1498610506881&_=1498610506882", "requestTime": 3984.482446}}
06-28 09:41:47.443 15183 15196 E WPROF   : {"Javascript": {"url": "http://searchengineland.com/js/ga_social_tracking.js", "requestTime": 3984.498910}}
06-28 09:41:47.444 15183 15196 E WPROF   : {"Javascript": {"url": "http://s7.addthis.com/js/300/addthis_widget.js#pubid=ra-53e918f660794f37", "requestTime": 3984.499931}}
06-28 09:41:47.724 15117 15164 E chromium: [ERROR:gles2_cmd_decoder.cc(3852)] [.ChromiumCompositor-0xacbb2fc0]GL ERROR :GL_INVALID_ENUM : glDiscardFramebufferEXT: attachments was GL_COLOR_EXT
06-28 09:41:47.894 15183 15196 E WPROF   : {"Javascript": {"url": "https://static.xx.fbcdn.net/rsrc.php/v3iy6L4/yk/l/ko_KR/be4fIjHRc8P.js", "requestTime": 3984.949376}}
06-28 09:41:48.056 15117 15164 E chromium: [ERROR:gles2_cmd_decoder.cc(3852)] [.ChromiumCompositor-0xacbb2fc0]GL ERROR :GL_INVALID_ENUM : glDiscardFramebufferEXT: attachments was GL_COLOR_EXT
06-28 09:41:48.069 15183 15196 E WPROF   : {"CSS": {"url": "http://app-sj02.marketo.com/js/forms2/css/forms2.css", "requestTime": 3985.125058}}
06-28 09:41:48.074 15183 15196 E WPROF   : {"CSS": {"url": "http://app-sj02.marketo.com/js/forms2/css/forms2-theme-simple.css", "requestTime": 3985.129209}}
06-28 09:41:48.674 15183 15196 E WPROF   : {"Javascript": {"url": "https://securepubads.g.doubleclick.net/gampad/ads?gdfp_req=1&correlator=1920859344207872&output=json_html&callback=googletag.impl.pubads.callbackProxy1&impl=fifs&json_a=1&eid=108809080%2C108809103%2C108809155&sc=0&sfv=1-0-9&iu_parts=1038259%2Csel-ciu-1%2Csel-ciu-2%2Csel-ciu-3%2Csel-ciu-4%2Csel-ciu-5", "requestTime": 3985.730191}}
06-28 09:41:48.768 15183 15196 E WPROF   : {"Javascript": {"url": "http://cdn.api.twitter.com/1/users/show.json?screen_name=StoneyD&callback=twttr.setFollowersCount", "requestTime": 3985.823728}}
06-28 09:41:48.776 15183 15196 E WPROF   : {"Javascript": {"url": "http://www.googleadservices.com/pagead/conversion.js", "requestTime": 3985.831221}}
06-28 09:41:48.776 15183 15196 E WPROF   : {"Javascript": {"url": "http://searchengineland.com/figz/wp-content/themes/searchengineland/js/script.js?ver=1.0", "requestTime": 3985.831664}}
06-28 09:41:48.776 15183 15196 E WPROF   : {"Javascript": {"url": "http://searchengineland.com/figz/wp-includes/js/wp-embed.min.js?ver=4.7.5", "requestTime": 3985.832060}}
06-28 09:41:48.777 15183 15196 E WPROF   : {"Javascript": {"url": "http://searchengineland.com/figz/wp-content/themes/searchengineland/js/modules/sharing_controls.js", "requestTime": 3985.833193}}
06-28 09:41:48.879 15117 15164 E chromium: [ERROR:gles2_cmd_decoder.cc(3852)] [.ChromiumCompositor-0xacbb2fc0]GL ERROR :GL_INVALID_ENUM : glDiscardFramebufferEXT: attachments was GL_COLOR_EXT
06-28 09:41:48.967 15183 15196 E WPROF   : {"Javascript": {"url": "http://d2j3qa5nc37287.cloudfront.net/coupon_code1.js", "requestTime": 3986.023035}}
06-28 09:41:49.072 15183 15196 E WPROF   : {"CSS": {"url": "https://www.youtube.com/yts/cssbin/www-embed-player-sprite-mode-vfl5G4Xm8.css", "requestTime": 3986.127446}}
06-28 09:41:49.077 15183 15196 E WPROF   : {"Javascript": {"url": "https://www.youtube.com/yts/jsbin/www-embed-player-vfl_UY_j8/www-embed-player.js", "requestTime": 3986.132947}}
06-28 09:41:49.078 15183 15196 E WPROF   : {"Javascript": {"url": "https://www.youtube.com/yts/jsbin/player-vflo1w4O-/ko_KR/base.js", "requestTime": 3986.134013}}
06-28 09:41:49.105 15117 15164 E chromium: [ERROR:gles2_cmd_decoder.cc(3852)] [.ChromiumCompositor-0xacbb2fc0]GL ERROR :GL_INVALID_ENUM : glDiscardFramebufferEXT: attachments was GL_COLOR_EXT
06-28 09:41:49.988 15117 15164 E chromium: [ERROR:gles2_cmd_decoder.cc(3852)] [.ChromiumCompositor-0xacbb2fc0]GL ERROR :GL_INVALID_ENUM : glDiscardFramebufferEXT: attachments was GL_COLOR_EXT
06-28 09:41:51.334 15183 15196 E WPROF   : {"Javascript": {"url": "https://www.google.com/js/bg/KWBfAnWFESAEEaKKgdYlTHY9ysQaNoQuzeMFqvxDSM8.js", "requestTime": 3988.389425}}
06-28 09:41:51.337 15183 15196 E WPROF   : {"Javascript": {"url": "https://static.doubleclick.net/instream/ad_status.js", "requestTime": 3988.392863}}
06-28 09:41:51.498 15117 15164 E chromium: [ERROR:gles2_cmd_decoder.cc(3852)] [.ChromiumCompositor-0xacbb2fc0]GL ERROR :GL_INVALID_ENUM : glDiscardFramebufferEXT: attachments was GL_COLOR_EXT
06-28 09:41:51.828 15117 15164 E chromium: [ERROR:gles2_cmd_decoder.cc(3852)] [.ChromiumCompositor-0xacbb2fc0]GL ERROR :GL_INVALID_ENUM : glDiscardFramebufferEXT: attachments was GL_COLOR_EXT
06-28 09:41:51.999 15117 15164 E chromium: [ERROR:gles2_cmd_decoder.cc(3852)] [.ChromiumCompositor-0xacbb2fc0]GL ERROR :GL_INVALID_ENUM : glDiscardFramebufferEXT: attachments was GL_COLOR_EXT
06-28 09:41:52.044 15183 15196 E WPROF   : {"Javascript": {"url": "https://tpc.googlesyndication.com/pagead/js/r20170619/r20110914/client/ext/m_window_focus_non_hydra.js", "requestTime": 3989.099435}}
06-28 09:41:52.049 15183 15196 E WPROF   : {"Javascript": {"url": "https://tpc.googlesyndication.com/pagead/js/r20170619/r20110914/activeview/osd_listener.js", "requestTime": 3989.104426}}
06-28 09:41:52.054 15183 15196 E WPROF   : {"Javascript": {"url": "http://pagead2.googlesyndication.com/pagead/osd.js", "requestTime": 3989.110197}}
06-28 09:41:52.162 15183 15196 E WPROF   : {"Javascript": {"url": "http://www.justuno.com/ajax/account_version_check.html?id=828FA275-FF73-401E-AA39-40F5A6FAB6B1", "requestTime": 3989.217594}}
06-28 09:41:52.191 15117 15164 E chromium: [ERROR:gles2_cmd_decoder.cc(3852)] [.ChromiumCompositor-0xacbb2fc0]GL ERROR :GL_INVALID_ENUM : glDiscardFramebufferEXT: attachments was GL_COLOR_EXT
06-28 09:41:52.297 15117 15164 E chromium: [ERROR:gles2_cmd_decoder.cc(3852)] [.ChromiumCompositor-0xacbb2fc0]GL ERROR :GL_INVALID_ENUM : glDiscardFramebufferEXT: attachments was GL_COLOR_EXT
06-28 09:41:53.103 15117 15164 E chromium: [ERROR:gles2_cmd_decoder.cc(3852)] [.ChromiumCompositor-0xacbb2fc0]GL ERROR :GL_INVALID_ENUM : glDiscardFramebufferEXT: attachments was GL_COLOR_EXT
06-28 09:41:53.253 15117 15164 E chromium: [ERROR:gles2_cmd_decoder.cc(3852)] [.ChromiumCompositor-0xacbb2fc0]GL ERROR :GL_INVALID_ENUM : glDiscardFramebufferEXT: attachments was GL_COLOR_EXT
06-28 09:41:53.285 15117 15164 E chromium: [ERROR:gles2_cmd_decoder.cc(3852)] [.ChromiumCompositor-0xacbb2fc0]GL ERROR :GL_INVALID_ENUM : glDiscardFramebufferEXT: attachments was GL_COLOR_EXT
06-28 09:41:53.390 15183 15196 E WPROF   : {"Javascript": {"url": "http://cdn.justuno.com/mwgt_3.6.js", "requestTime": 3990.446096}}
06-28 09:41:54.385 15183 15196 E WPROF   : {"Javascript": {"url": "https://app-sj02.marketo.com/js/forms2/js/forms2.min.js", "requestTime": 3991.441130}}
06-28 09:41:54.476 15117 15164 E chromium: [ERROR:gles2_cmd_decoder.cc(3852)] [.ChromiumCompositor-0xacbb2fc0]GL ERROR :GL_INVALID_ENUM : glDiscardFramebufferEXT: attachments was GL_COLOR_EXT
06-28 09:41:54.640 15183 15196 E WProf.db: {"page": "searchengineland.com_optimize-content-seos-writers-274956"}
06-28 09:41:54.640 15183 15196 E WProf.db: {"DOMLoad": 3991.695762}
06-28 09:41:54.640 15183 15196 E WProf.db: {"Resource": {"id": 1, "url": "http://searchengineland.com/optimize-content-seos-writers-274956", "sentTime": -1.000000, "len": 97813, "from": "0x0", "mimeType": "text/html", "contentLength": -1, "httpStatus": 200, "connId": 20, "connReused": 1, "cached": 0,"requestTime": 3981.724632, "proxyStart": -1, "proxyEnd": -1, "dnsStart": -1, "dnsEnd": -1, "connectStart": 0, "connectEnd": 60, "sendStart": 60, "sendEnd": 61, "receiveHeadersEnd": 216, "sslStart": -1, "sslEnd": -1}}
06-28 09:41:54.640 15183 15196 E WProf.db: {"ReceivedChunk": {"receivedTime": 3981.959651, "len": 12836}}
06-28 09:41:54.640 15183 15196 E WProf.db: {"ReceivedChunk": {"receivedTime": 3982.049955, "len": 32768}}
06-28 09:41:54.640 15183 15196 E WProf.db: {"ReceivedChunk": {"receivedTime": 3982.050922, "len": 24425}}
06-28 09:41:54.640 15183 15196 E WProf.db: {"ReceivedChunk": {"receivedTime": 3982.102158, "len": 27784}}
06-28 09:41:54.640 15183 15196 E WProf.db: {"WprofHTMLTag": {"code": "0xaedd0570", "doc": "http://searchengineland.com/optimize-content-seos-writers-274956", "row": 6, "column": 42, "tagName": "html", "time": 3982.053370, "url": "", "pos": 1, "chunkLen": 1, "isStartTag": 1}}
06-28 09:41:54.641 15183 15196 E WProf.db: {"WprofHTMLTag": {"code": "0xaf047760", "doc": "http://searchengineland.com/optimize-content-seos-writers-274956", "row": 7, "column": 6, "tagName": "head", "time": 3982.053694, "url": "", "pos": 1, "chunkLen": 1, "isStartTag": 1}}
06-28 09:41:54.641 15183 15196 E WProf.db: {"WprofHTMLTag": {"code": "0xaf047790", "doc": "http://searchengineland.com/optimize-content-seos-writers-274956", "row": 8, "column": 54, "tagName": "meta", "time": 3982.053750, "url": "", "pos": 1, "chunkLen": 1, "isStartTag": 1}}
06-28 09:41:54.641 15183 15196 E WProf.db: {"WprofHTMLTag": {"code": "0xaf0477c0", "doc": "http://searchengineland.com/optimize-content-seos-writers-274956", "row": 9, "column": 68, "tagName": "meta", "time": 3982.053935, "url": "", "pos": 1, "chunkLen": 1, "isStartTag": 1}}
06-28 09:41:54.641 15183 15196 E WProf.db: {"WprofHTMLTag": {"code": "0xaf0478b0", "doc": "http://searchengineland.com/optimize-content-seos-writers-274956", "row": 10, "column": 23, "tagName": "meta", "time": 3982.054077, "url": "", "pos": 1, "chunkLen": 1, "isStartTag": 1}}
06-28 09:41:54.641 15183 15196 E WProf.db: {"WprofHTMLTag": {"code": "0xaf0478e0", "doc": "http://searchengineland.com/optimize-content-seos-writers-274956", "row": 11, "column": 52, "tagName": "meta", "time": 3982.054254, "url": "", "pos": 1, "chunkLen": 1, "isStartTag": 1}}
06-28 09:41:54.641 15183 15196 E WProf.db: {"WprofHTMLTag": {"code": "0xaf047910", "doc": "http://searchengineland.com/optimize-content-seos-writers-274956", "row": 14, "column": 56, "tagName": "meta", "time": 3982.054419, "url": "", "pos": 1, "chunkLen": 1, "isStartTag": 1}}
06-28 09:41:54.641 15183 15196 E WProf.db: {"WprofHTMLTag": {"code": "0xaf047940", "doc": "http://searchengineland.com/optimize-content-seos-writers-274956", "row": 15, "column": 83, "tagName": "meta", "time": 3982.054563, "url": "", "pos": 1, "chunkLen": 1, "isStartTag": 1}}
06-28 09:41:54.641 15183 15196 E WProf.db: {"WprofHTMLTag": {"code": "0xaf047970", "doc": "http://searchengineland.com/optimize-content-seos-writers-274956", "row": 16, "column": 57, "tagName": "meta", "time": 3982.054707, "url": "", "pos": 1, "chunkLen": 1, "isStartTag": 1}}
06-28 09:41:54.641 15183 15196 E WProf.db: {"WprofHTMLTag": {"code": "0xaf047a00", "doc": "http://searchengineland.com/optimize-content-seos-writers-274956", "row": 17, "column": 41, "tagName": "meta", "time": 3982.054851, "url": "", "pos": 1, "chunkLen": 1, "isStartTag": 1}}
06-28 09:41:54.641 15183 15196 E WProf.db: {"WprofHTMLTag": {"code": "0xaf047a30", "doc": "http://searchengineland.com/optimize-content-seos-writers-274956", "row": 18, "column": 50, "tagName": "meta", "time": 3982.054993, "url": "", "pos": 1, "chunkLen": 1, "isStartTag": 1}}
06-28 09:41:54.641 15183 15196 E WProf.db: {"WprofHTMLTag": {"code": "0xaf047a60", "doc": "http://searchengineland.com/optimize-content-seos-writers-274956", "row": 19, "column": 174, "tagName": "meta", "time": 3982.055136, "url": "", "pos": 1, "chunkLen": 1, "isStartTag": 1}}
06-28 09:41:54.641 15183 15196 E WProf.db: {"WprofHTMLTag": {"code": "0xaf0479d0", "doc": "http://searchengineland.com/optimize-content-seos-writers-274956", "row": 20, "column": 47, "tagName": "meta", "time": 3982.055278, "url": "", "pos": 1, "chunkLen": 1, "isStartTag": 1}}
06-28 09:41:54.641 15183 15196 E WProf.db: {"WprofHTMLTag": {"code": "0xaf0479a0", "doc": "http://searchengineland.com/optimize-content-seos-writers-274956", "row": 21, "column": 67, "tagName": "meta", "time": 3982.055423, "url": "", "pos": 1, "chunkLen": 1, "isStartTag": 1}}
06-28 09:41:54.641 15183 15196 E WProf.db: {"WprofHTMLTag": {"code": "0xaf047a90", "doc": "http://searchengineland.com/optimize-content-seos-writers-274956", "row": 22, "column": 57, "tagName": "meta", "time": 3982.055561, "url": "", "pos": 1, "chunkLen": 1, "isStartTag": 1}}
06-28 09:41:54.642 15183 15196 E WProf.db: {"WprofHTMLTag": {"code": "0xaf047ac0", "doc": "http://searchengineland.com/optimize-content-seos-writers-274956", "row": 23, "column": 65, "tagName": "meta", "time": 3982.055703, "url": "", "pos": 1, "chunkLen": 1, "isStartTag": 1}}
06-28 09:41:54.642 15183 15196 E WProf.db: {"WprofHTMLTag": {"code": "0xaf047af0", "doc": "http://searchengineland.com/optimize-content-seos-writers-274956", "row": 24, "column": 55, "tagName": "meta", "time": 3982.055842, "url": "", "pos": 1, "chunkLen": 1, "isStartTag": 1}}
06-28 09:41:54.642 15183 15196 E WProf.db: {"WprofHTMLTag": {"code": "0xaf047b20", "doc": "http://searchengineland.com/optimize-content-seos-writers-274956", "row": 25, "column": 71, "tagName": "meta", "time": 3982.055987, "url": "", "pos": 1, "chunkLen": 1, "isStartTag": 1}}
06-28 09:41:54.642 15183 15196 E WProf.db: {"WprofHTMLTag": {"code": "0xaf047b50", "doc": "http://searchengineland.com/optimize-content-seos-writers-274956", "row": 26, "column": 86, "tagName": "meta", "time": 3982.056131, "url": "", "pos": 1, "chunkLen": 1, "isStartTag": 1}}
06-28 09:41:54.642 15183 15196 E WProf.db: {"WprofHTMLTag": {"code": "0xaf047b80", "doc": "http://searchengineland.com/optimize-content-seos-writers-274956", "row": 27, "column": 54, "tagName": "meta", "time": 3982.056276, "url": "", "pos": 1, "chunkLen": 1, "isStartTag": 1}}
06-28 09:41:54.642 15183 15196 E WProf.db: {"WprofHTMLTag": {"code": "0xaf047bb0", "doc": "http://searchengineland.com/optimize-content-seos-writers-274956", "row": 29, "column": 164, "tagName": "meta", "time": 3982.056418, "url": "", "pos": 1, "chunkLen": 1, "isStartTag": 1}}
06-28 09:41:54.642 15183 15196 E WProf.db: {"WprofHTMLTag": {"code": "0xaf047be0", "doc": "http://searchengineland.com/optimize-content-seos-writers-274956", "row": 30, "column": 241, "tagName": "meta", "time": 3982.056557, "url": "", "pos": 1, "chunkLen": 1, "isStartTag": 1}}
06-28 09:41:54.642 15183 15196 E WProf.db: {"WprofHTMLTag": {"code": "0xaf047c10", "doc": "http://searchengineland.com/optimize-content-seos-writers-274956", "row": 31, "column": 55, "tagName": "meta", "time": 3982.056694, "url": "", "pos": 1, "chunkLen": 1, "isStartTag": 1}}
06-28 09:41:54.642 15183 15196 E WProf.db: {"WprofHTMLTag": {"code": "0xaf047c40", "doc": "http://searchengineland.com/optimize-content-seos-writers-274956", "row": 32, "column": 54, "tagName": "meta", "time": 3982.056828, "url": "", "pos": 1, "chunkLen": 1, "isStartTag": 1}}
06-28 09:41:54.642 15183 15196 E WProf.db: {"WprofHTMLTag": {"code": "0xaf047c70", "doc": "http://searchengineland.com/optimize-content-seos-writers-274956", "row": 33, "column": 142, "tagName": "meta", "time": 3982.056980, "url": "", "pos": 1, "chunkLen": 1, "isStartTag": 1}}
06-28 09:41:54.642 15183 15196 E WProf.db: {"WprofHTMLTag": {"code": "0xaf047ca0", "doc": "http://searchengineland.com/optimize-content-seos-writers-274956", "row": 37, "column": 36, "tagName": "script", "time": 3982.057120, "url": "", "pos": 1, "chunkLen": 1, "isStartTag": 1}}
06-28 09:41:54.642 15183 15196 E WProf.db: {"WprofHTMLTag": {"code": "0xaf047cd0", "doc": "http://searchengineland.com/optimize-content-seos-writers-274956", "row": 53, "column": 10, "tagName": "script", "time": 3982.057452, "url": "", "pos": 1, "chunkLen": 1, "isStartTag": 0}}
06-28 09:41:54.642 15183 15196 E WProf.db: {"WprofHTMLTag": {"code": "0xaedd0660", "doc": "http://searchengineland.com/optimize-content-seos-writers-274956", "row": 55, "column": 86, "tagName": "link", "time": 3982.058213, "url": "http://searchengineland.com/apple-touch-icon.png", "pos": 1, "chunkLen": 1, "isStartTag": 1}}
06-28 09:41:54.643 15183 15196 E WProf.db: {"WprofHTMLTag": {"code": "0xaf047d00", "doc": "http://searchengineland.com/optimize-content-seos-writers-274956", "row": 56, "column": 76, "tagName": "link", "time": 3982.058586, "url": "http://searchengineland.com/favicon.ico", "pos": 1, "chunkLen": 1, "isStartTag": 1}}
06-28 09:41:54.643 15183 15196 E WProf.db: {"WprofHTMLTag": {"code": "0xaf047d30", "doc": "http://searchengineland.com/optimize-content-seos-writers-274956", "row": 57, "column": 158, "tagName": "link", "time": 3982.058835, "url": "http://feeds.searchengineland.com/searchengineland", "pos": 1, "chunkLen": 1, "isStartTag": 1}}
06-28 09:41:54.643 15183 15196 E WProf.db: {"WprofHTMLTag": {"code": "0xaf047d60", "doc": "http://searchengineland.com/optimize-content-seos-writers-274956", "row": 58, "column": 149, "tagName": "link", "time": 3982.059183, "url": "http://feeds.searchengineland.com/searchcap", "pos": 1, "chunkLen": 1, "isStartTag": 1}}
06-28 09:41:54.643 15183 15196 E WProf.db: {"WprofHTMLTag": {"code": "0xaf047d90", "doc": "http://searchengineland.com/optimize-content-seos-writers-274956", "row": 59, "column": 150, "tagName": "link", "time": 3982.059530, "url": "http://searchengineland.com/figz/wp-content/themes/searchengineland/css/searchengineland-bootstrap.css", "pos": 1, "chunkLen": 1, "isStartTag": 1}}
06-28 09:41:54.643 15183 15196 E WProf.db: {"WprofHTMLTag": {"code": "0xaf047df0", "doc": "http://searchengineland.com/optimize-content-seos-writers-274956", "row": 60, "column": 105, "tagName": "link", "time": 3982.060357, "url": "http://fonts.googleapis.com/css?family=Oswald:300,400,700", "pos": 1, "chunkLen": 1, "isStartTag": 1}}
06-28 09:41:54.643 15183 15196 E WProf.db: {"WprofHTMLTag": {"code": "0xaf047e50", "doc": "http://searchengineland.com/optimize-content-seos-writers-274956", "row": 61, "column": 125, "tagName": "link", "time": 3982.061076, "url": "http://searchengineland.com/figz/wp-content/themes/searchengineland/style.css", "pos": 1, "chunkLen": 1, "isStartTag": 1}}
06-28 09:41:54.643 15183 15196 E WProf.db: {"WprofHTMLTag": {"code": "0xaf047eb0", "doc": "http://searchengineland.com/optimize-content-seos-writers-274956", "row": 65, "column": 7, "tagName": "title", "time": 3982.061859, "url": "", "pos": 1, "chunkLen": 1, "isStartTag": 1}}
06-28 09:41:54.643 15183 15196 E WProf.db: {"WprofHTMLTag": {"code": "0xaf047ee0", "doc": "http://searchengineland.com/optimize-content-seos-writers-274956", "row": 65, "column": 68, "tagName": "title", "time": 3982.062180, "url": "", "pos": 1, "chunkLen": 1, "isStartTag": 0}}
06-28 09:41:54.643 15183 15196 E WProf.db: {"WprofHTMLTag": {"code": "0xaf047f10", "doc": "http://searchengineland.com/optimize-content-seos-writers-274956", "row": 66, "column": 243, "tagName": "meta", "time": 3982.062209, "url": "", "pos": 1, "chunkLen": 1, "isStartTag": 1}}
06-28 09:41:54.643 15183 15196 E WProf.db: {"WprofHTMLTag": {"code": "0xaf047f40", "doc": "http://searchengineland.com/optimize-content-seos-writers-274956", "row": 67, "column": 165, "tagName": "meta", "time": 3982.062383, "url": "", "pos": 1, "chunkLen": 1, "isStartTag": 1}}
06-28 09:41:54.643 15183 15196 E WProf.db: {"WprofHTMLTag": {"code": "0xaf047f70", "doc": "http://searchengineland.com/optimize-content-seos-writers-274956", "row": 68, "column": 106, "tagName": "meta", "time": 3982.062534, "url": "", "pos": 1, "chunkLen": 1, "isStartTag": 1}}
06-28 09:41:54.643 15183 15196 E WProf.db: {"WprofHTMLTag": {"code": "0xaf047fa0", "doc": "http://searchengineland.com/optimize-content-seos-writers-274956", "row": 69, "column": 37, "tagName": "meta", "time": 3982.062684, "url": "", "pos": 1, "chunkLen": 1, "isStartTag": 1}}
06-28 09:41:54.643 15183 15196 E WProf.db: {"WprofHTMLTag": {"code": "0xaf047fd0", "doc": "http://searchengineland.com/optimize-content-seos-writers-274956", "row": 70, "column": 96, "tagName": "link", "time": 3982.062834, "url": "http://searchengineland.com/optimize-content-seos-writers-274956", "pos": 1, "chunkLen": 1, "isStartTag": 1}}
06-28 09:41:54.644 15183 15196 E WProf.db: {"WprofHTMLTag": {"code": "0xb4cc74b0", "doc": "http://searchengineland.com/optimize-content-seos-writers-274956", "row": 71, "column": 76, "tagName": "link", "time": 3982.063111, "url": "https://plus.google.com/103218677032751327334", "pos": 1, "chunkLen": 1, "isStartTag": 1}}
06-28 09:41:54.644 15183 15196 E WProf.db: {"WprofHTMLTag": {"code": "0xb4cc7540", "doc": "http://searchengineland.com/optimize-content-seos-writers-274956", "row": 72, "column": 45, "tagName": "meta", "time": 3982.063359, "url": "", "pos": 1, "chunkLen": 1, "isStartTag": 1}}
06-28 09:41:54.644 15183 15196 E WProf.db: {"WprofHTMLTag": {"code": "0xb4cc78a0", "doc": "http://searchengineland.com/optimize-content-seos-writers-274956", "row": 73, "column": 45, "tagName": "meta", "time": 3982.063516, "url": "", "pos": 1, "chunkLen": 1, "isStartTag": 1}}
06-28 09:41:54.644 15183 15196 E WProf.db: {"WprofHTMLTag": {"code": "0xb4cc78d0", "doc": "http://searchengineland.com/optimize-content-seos-writers-274956", "row": 74, "column": 92, "tagName": "meta", "time": 3982.063666, "url": "", "pos": 1, "chunkLen": 1, "isStartTag": 1}}
06-28 09:41:54.644 15183 15196 E WProf.db: {"WprofHTMLTag": {"code": "0xb4cc7900", "doc": "http://searchengineland.com/optimize-content-seos-writers-274956", "row": 75, "column": 251, "tagName": "meta", "time": 3982.064049, "url": "", "pos": 1, "chunkLen": 1, "isStartTag": 1}}
06-28 09:41:54.644 15183 15196 E WProf.db: {"WprofHTMLTag": {"code": "0xb4cc7930", "doc": "http://searchengineland.com/optimize-content-seos-writers-274956", "row": 76, "column": 101, "tagName": "meta", "time": 3982.064265, "url": "", "pos": 1, "chunkLen": 1, "isStartTag": 1}}
06-28 09:41:54.644 15183 15196 E WProf.db: {"WprofHTMLTag": {"code": "0xb4cc7960", "doc": "http://searchengineland.com/optimize-content-seos-writers-274956", "row": 77, "column": 61, "tagName": "meta", "time": 3982.064411, "url": "", "pos": 1, "chunkLen": 1, "isStartTag": 1}}
06-28 09:41:54.644 15183 15196 E WProf.db: {"WprofHTMLTag": {"code": "0xb4cc7990", "doc": "http://searchengineland.com/optimize-content-seos-writers-274956", "row": 78, "column": 89, "tagName": "meta", "time": 3982.064565, "url": "", "pos": 1, "chunkLen": 1, "isStartTag": 1}}
06-28 09:41:54.644 15183 15196 E WProf.db: {"WprofHTMLTag": {"code": "0xb4cc79c0", "doc": "http://searchengineland.com/optimize-content-seos-writers-274956", "row": 79, "column": 67, "tagName": "meta", "time": 3982.064705, "url": "", "pos": 1, "chunkLen": 1, "isStartTag": 1}}
06-28 09:41:54.644 15183 15196 E WProf.db: {"WprofHTMLTag": {"code": "0xb4cc79f0", "doc": "http://searchengineland.com/optimize-content-seos-writers-274956", "row": 80, "column": 78, "tagName": "meta", "time": 3982.064854, "url": "", "pos": 1, "chunkLen": 1, "isStartTag": 1}}
06-28 09:41:54.644 15183 15196 E WProf.db: {"WprofHTMLTag": {"code": "0xb4cc7a20", "doc": "http://searchengineland.com/optimize-content-seos-writers-274956", "row": 81, "column": 77, "tagName": "meta", "time": 3982.065000, "url": "", "pos": 1, "chunkLen": 1, "isStartTag": 1}}
06-28 09:41:54.644 15183 15196 E WProf.db: {"WprofHTMLTag": {"code": "0xb4cc7a50", "doc": "http://searchengineland.com/optimize-content-seos-writers-274956", "row": 82, "column": 71, "tagName": "meta", "time": 3982.065141, "url": "", "pos": 1, "chunkLen": 1, "isStartTag": 1}}
06-28 09:41:54.645 15183 15196 E WProf.db: {"WprofHTMLTag": {"code": "0xb4cc7a80", "doc": "http://searchengineland.com/optimize-content-seos-writers-274956", "row": 83, "column": 136, "tagName": "meta", "time": 3982.065284, "url": "", "pos": 1, "chunkLen": 1, "isStartTag": 1}}
06-28 09:41:54.645 15183 15196 E WProf.db: {"WprofHTMLTag": {"code": "0xb4cc7ab0", "doc": "http://searchengineland.com/optimize-content-seos-writers-274956", "row": 84, "column": 49, "tagName": "meta", "time": 3982.065430, "url": "", "pos": 1, "chunkLen": 1, "isStartTag": 1}}
06-28 09:41:54.645 15183 15196 E WProf.db: {"WprofHTMLTag": {"code": "0xb4cc7ae0", "doc": "http://searchengineland.com/optimize-content-seos-writers-274956", "row": 85, "column": 50, "tagName": "meta", "time": 3982.065578, "url": "", "pos": 1, "chunkLen": 1, "isStartTag": 1}}
06-28 09:41:54.645 15183 15196 E WProf.db: {"WprofHTMLTag": {"code": "0xb4cc7b10", "doc": "http://searchengineland.com/optimize-content-seos-writers-274956", "row": 86, "column": 58, "tagName": "meta", "time": 3982.065719, "url": "", "pos": 1, "chunkLen": 1, "isStartTag": 1}}
06-28 09:41:54.645 15183 15196 E WProf.db: {"WprofHTMLTag": {"code": "0xb4cc7b40", "doc": "http://searchengineland.com/optimize-content-seos-writers-274956", "row": 87, "column": 252, "tagName": "meta", "time": 3982.065863, "url": "", "pos": 1, "chunkLen": 1, "isStartTag": 1}}
06-28 09:41:54.645 15183 15196 E WProf.db: {"WprofHTMLTag": {"code": "0xb4cc7b70", "doc": "http://searchengineland.com/optimize-content-seos-writers-274956", "row": 88, "column": 93, "tagName": "meta", "time": 3982.066005, "url": "", "pos": 1, "chunkLen": 1, "isStartTag": 1}}
06-28 09:41:54.645 15183 15196 E WProf.db: {"WprofHTMLTag": {"code": "0xb4cc7ba0", "doc": "http://searchengineland.com/optimize-content-seos-writers-274956", "row": 89, "column": 51, "tagName": "meta", "time": 3982.066146, "url": "", "pos": 1, "chunkLen": 1, "isStartTag": 1}}
06-28 09:41:54.645 15183 15196 E WProf.db: {"WprofHTMLTag": {"code": "0xb4cc7bd0", "doc": "http://searchengineland.com/optimize-content-seos-writers-274956", "row": 90, "column": 137, "tagName": "meta", "time": 3982.066284, "url": "", "pos": 1, "chunkLen": 1, "isStartTag": 1}}
06-28 09:41:54.645 15183 15196 E WProf.db: {"WprofHTMLTag": {"code": "0xb4cc7c00", "doc": "http://searchengineland.com/optimize-content-seos-writers-274956", "row": 91, "column": 50, "tagName": "meta", "time": 3982.066422, "url": "", "pos": 1, "chunkLen": 1, "isStartTag": 1}}
06-28 09:41:54.645 15183 15196 E WProf.db: {"WprofHTMLTag": {"code": "0xb4cc7c30", "doc": "http://searchengineland.com/optimize-content-seos-writers-274956", "row": 94, "column": 44, "tagName": "link", "time": 3982.066574, "url": "http://s.w.org/", "pos": 1, "chunkLen": 1, "isStartTag": 1}}
06-28 09:41:54.645 15183 15196 E WProf.db: {"WprofHTMLTag": {"code": "0xb4cc7c60", "doc": "http://searchengineland.com/optimize-content-seos-writers-274956", "row": 95, "column": 33, "tagName": "script", "time": 3982.066876, "url": "", "pos": 1, "chunkLen": 1, "isStartTag": 1}}
06-28 09:41:54.645 15183 15196 E WProf.db: {"WprofHTMLTag": {"code": "0xb4cc7c90", "doc": "http://searchengineland.com/optimize-content-seos-writers-274956", "row": 98, "column": 11, "tagName": "script", "time": 3982.067128, "url": "http://searchengineland.com/figz/wp-includes/js/wp-emoji-release.min.js?ver=4.7.5", "pos": 1, "chunkLen": 1, "isStartTag": 0}}
06-28 09:41:54.645 15183 15196 E WProf.db: {"WprofHTMLTag": {"code": "0x9d3d1960", "doc": "http://searchengineland.com/optimize-content-seos-writers-274956", "row": 99, "column": 25, "tagName": "style", "time": 3982.593932, "url": "", "pos": 1, "chunkLen": 1, "isStartTag": 1}}
06-28 09:41:54.645 15183 15196 E WProf.db: {"WprofHTMLTag": {"code": "0x9d3d1990", "doc": "http://searchengineland.com/optimize-content-seos-writers-274956", "row": 112, "column": 8, "tagName": "style", "time": 3982.594166, "url": "", "pos": 1, "chunkLen": 1, "isStartTag": 0}}
06-28 09:41:54.646 15183 15196 E WProf.db: {"WprofHTMLTag": {"code": "0x9d3d19c0", "doc": "http://searchengineland.com/optimize-content-seos-writers-274956", "row": 113, "column": 140, "tagName": "script", "time": 3982.596245, "url": "http://searchengineland.com/figz/wp-content/themes/searchengineland/js/lib/modernizr.custom.js?ver=1.0", "pos": 1, "chunkLen": 1, "isStartTag": 1}}
06-28 09:41:54.646 15183 15196 E WProf.db: {"WprofHTMLTag": {"code": "0x9d3d19f0", "doc": "http://searchengineland.com/optimize-content-seos-writers-274956", "row": 113, "column": 149, "tagName": "script", "time": 3982.596491, "url": "", "pos": 1, "chunkLen": 1, "isStartTag": 0}}
06-28 09:41:54.646 15183 15196 E WProf.db: {"WprofHTMLTag": {"code": "0xaedd0c30", "doc": "http://searchengineland.com/optimize-content-seos-writers-274956", "row": 114, "column": 144, "tagName": "script", "time": 3982.607795, "url": "http://searchengineland.com/figz/wp-content/themes/searchengineland/js/lib/jquery-1.11.0.min.js?ver=1.11.0", "pos": 1, "chunkLen": 1, "isStartTag": 1}}
06-28 09:41:54.646 15183 15196 E WProf.db: {"WprofHTMLTag": {"code": "0xaedd0b70", "doc": "http://searchengineland.com/optimize-content-seos-writers-274956", "row": 114, "column": 153, "tagName": "script", "time": 3982.608087, "url": "", "pos": 1, "chunkLen": 1, "isStartTag": 0}}
06-28 09:41:54.646 15183 15196 E WProf.db: {"WprofHTMLTag": {"code": "0xaedd0e40", "doc": "http://searchengineland.com/optimize-content-seos-writers-274956", "row": 0, "column": 15, "tagName": "div", "time": 3982.666911, "url": "", "pos": 15, "chunkLen": 44, "isStartTag": 1}}
06-28 09:41:54.646 15183 15196 E WProf.db: {"WprofHTMLTag": {"code": "0xaedd0e10", "doc": "http://searchengineland.com/optimize-content-seos-writers-274956", "row": 0, "column": 21, "tagName": "div", "time": 3982.667544, "url": "", "pos": 21, "chunkLen": 44, "isStartTag": 0}}
06-28 09:41:54.646 15183 15196 E WProf.db: {"WprofHTMLTag": {"code": "0xaedd0de0", "doc": "http://searchengineland.com/optimize-content-seos-writers-274956", "row": 0, "column": 38, "tagName": "div", "time": 3982.667863, "url": "", "pos": 38, "chunkLen": 44, "isStartTag": 1}}
06-28 09:41:54.646 15183 15196 E WProf.db: {"WprofHTMLTag": {"code": "0xaedd0cc0", "doc": "http://searchengineland.com/optimize-content-seos-writers-274956", "row": 0, "column": 44, "tagName": "div", "time": 3982.668074, "url": "", "pos": 44, "chunkLen": 44, "isStartTag": 0}}
06-28 09:41:54.646 15183 15196 E WProf.db: {"WprofHTMLTag": {"code": "0xaedd0db0", "doc": "http://searchengineland.com/optimize-content-seos-writers-274956", "row": 0, "column": 13, "tagName": "select", "time": 3982.669443, "url": "", "pos": 13, "chunkLen": 51, "isStartTag": 1}}
06-28 09:41:54.646 15183 15196 E WProf.db: {"WprofHTMLTag": {"code": "0xaedd0d50", "doc": "http://searchengineland.com/optimize-content-seos-writers-274956", "row": 0, "column": 33, "tagName": "option", "time": 3982.669618, "url": "", "pos": 33, "chunkLen": 51, "isStartTag": 1}}
06-28 09:41:54.646 15183 15196 E WProf.db: {"WprofHTMLTag": {"code": "0x9d3d1ab0", "doc": "http://searchengineland.com/optimize-content-seos-writers-274956", "row": 0, "column": 42, "tagName": "option", "time": 3982.669793, "url": "", "pos": 42, "chunkLen": 51, "isStartTag": 0}}
06-28 09:41:54.646 15183 15196 E WProf.db: {"WprofHTMLTag": {"code": "0x9d3d1ae0", "doc": "http://searchengineland.com/optimize-content-seos-writers-274956", "row": 0, "column": 51, "tagName": "select", "time": 3982.669853, "url": "", "pos": 51, "chunkLen": 51, "isStartTag": 0}}
06-28 09:41:54.647 15183 15196 E WProf.db: {"WprofHTMLTag": {"code": "0x9d3d1b10", "doc": "http://searchengineland.com/optimize-content-seos-writers-274956", "row": 0, "column": 12, "tagName": "a", "time": 3982.674199, "url": "", "pos": 12, "chunkLen": 16, "isStartTag": 1}}
06-28 09:41:54.647 15183 15196 E WProf.db: {"WprofHTMLTag": {"code": "0x9d3d1b40", "doc": "http://searchengineland.com/optimize-content-seos-writers-274956", "row": 0, "column": 16, "tagName": "a", "time": 3982.674350, "url": "", "pos": 16, "chunkLen": 16, "isStartTag": 0}}
06-28 09:41:54.647 15183 15196 E WProf.db: {"WprofHTMLTag": {"code": "0x9d3d1b70", "doc": "http://searchengineland.com/optimize-content-seos-writers-274956", "row": 0, "column": 8, "tagName": "input", "time": 3982.675318, "url": "", "pos": 8, "chunkLen": 8, "isStartTag": 1}}
06-28 09:41:54.647 15183 15196 E WProf.db: {"WprofHTMLTag": {"code": "0x9d3d1ba0", "doc": "http://searchengineland.com/optimize-content-seos-writers-274956", "row": 0, "column": 9, "tagName": "link", "time": 3982.684489, "url": "", "pos": 9, "chunkLen": 42, "isStartTag": 1}}
06-28 09:41:54.647 15183 15196 E WProf.db: {"WprofHTMLTag": {"code": "0x9d3d1bd0", "doc": "http://searchengineland.com/optimize-content-seos-writers-274956", "row": 0, "column": 16, "tagName": "table", "time": 3982.684598, "url": "", "pos": 16, "chunkLen": 42, "isStartTag": 1}}
06-28 09:41:54.647 15183 15196 E WProf.db: {"WprofHTMLTag": {"code": "0x9d3d1c00", "doc": "http://searchengineland.com/optimize-content-seos-writers-274956", "row": 0, "column": 24, "tagName": "table", "time": 3982.684714, "url": "", "pos": 24, "chunkLen": 42, "isStartTag": 0}}
06-28 09:41:54.647 15183 15196 E WProf.db: {"WprofHTMLTag": {"code": "0x9d3d1c30", "doc": "http://searchengineland.com/optimize-content-seos-writers-274956", "row": 0, "column": 37, "tagName": "a", "time": 3982.684778, "url": "", "pos": 37, "chunkLen": 42, "isStartTag": 1}}
06-28 09:41:54.647 15183 15196 E WProf.db: {"WprofHTMLTag": {"code": "0x9d3d1c60", "doc": "http://searchengineland.com/optimize-content-seos-writers-274956", "row": 0, "column": 42, "tagName": "a", "time": 3982.684944, "url": "", "pos": 42, "chunkLen": 42, "isStartTag": 0}}
06-28 09:41:54.647 15183 15196 E WProf.db: {"WprofHTMLTag": {"code": "0x9d3d1cf0", "doc": "http://searchengineland.com/optimize-content-seos-writers-274956", "row": 0, "column": 10, "tagName": "textarea", "time": 3982.686130, "url": "", "pos": 10, "chunkLen": 22, "isStartTag": 1}}
06-28 09:41:54.647 15183 15196 E WProf.db: {"WprofHTMLTag": {"code": "0x9d3d1d20", "doc": "http://searchengineland.com/optimize-content-seos-writers-274956", "row": 0, "column": 22, "tagName": "textarea", "time": 3982.686345, "url": "", "pos": 22, "chunkLen": 22, "isStartTag": 0}}
06-28 09:41:54.647 15183 15196 E WProf.db: {"WprofHTMLTag": {"code": "0x9d3d1d50", "doc": "http://searchengineland.com/optimize-content-seos-writers-274956", "row": 0, "column": 48, "tagName": "input", "time": 3982.687603, "url": "", "pos": 48, "chunkLen": 48, "isStartTag": 1}}
06-28 09:41:54.647 15183 15196 E WProf.db: {"WprofHTMLTag": {"code": "0x9d3d1db0", "doc": "http://searchengineland.com/optimize-content-seos-writers-274956", "row": 0, "column": 9, "tagName": "link", "time": 3982.693133, "url": "", "pos": 9, "chunkLen": 66, "isStartTag": 1}}
06-28 09:41:54.647 15183 15196 E WProf.db: {"WprofHTMLTag": {"code": "0x9d3d1de0", "doc": "http://searchengineland.com/optimize-content-seos-writers-274956", "row": 0, "column": 16, "tagName": "table", "time": 3982.693253, "url": "", "pos": 16, "chunkLen": 66, "isStartTag": 1}}
06-28 09:41:54.647 15183 15196 E WProf.db: {"WprofHTMLTag": {"code": "0x9d3d1e10", "doc": "http://searchengineland.com/optimize-content-seos-writers-274956", "row": 0, "column": 24, "tagName": "table", "time": 3982.693334, "url": "", "pos": 24, "chunkLen": 66, "isStartTag": 0}}
06-28 09:41:54.648 15183 15196 E WProf.db: {"WprofHTMLTag": {"code": "0x9d3d1e40", "doc": "http://searchengineland.com/optimize-content-seos-writers-274956", "row": 0, "column": 37, "tagName": "a", "time": 3982.693404, "url": "", "pos": 37, "chunkLen": 66, "isStartTag": 1}}
06-28 09:41:54.648 15183 15196 E WProf.db: {"WprofHTMLTag": {"code": "0x9d3d1e70", "doc": "http://searchengineland.com/optimize-content-seos-writers-274956", "row": 0, "column": 42, "tagName": "a", "time": 3982.693614, "url": "", "pos": 42, "chunkLen": 66, "isStartTag": 0}}
06-28 09:41:54.648 15183 15196 E WProf.db: {"WprofHTMLTag": {"code": "0x9d3d1ea0", "doc": "http://searchengineland.com/optimize-content-seos-writers-274956", "row": 0, "column": 66, "tagName": "input", "time": 3982.693680, "url": "", "pos": 66, "chunkLen": 66, "isStartTag": 1}}
06-28 09:41:54.648 15183 15196 E WProf.db: {"WprofHTMLTag": {"code": "0x9d3d1f30", "doc": "http://searchengineland.com/optimize-content-seos-writers-274956", "row": 0, "column": 9, "tagName": "link", "time": 3982.695315, "url": "", "pos": 9, "chunkLen": 66, "isStartTag": 1}}
06-28 09:41:54.648 15183 15196 E WProf.db: {"WprofHTMLTag": {"code": "0x9d3d1f60", "doc": "http://searchengineland.com/optimize-content-seos-writers-274956", "row": 0, "column": 16, "tagName": "table", "time": 3982.695424, "url": "", "pos": 16, "chunkLen": 66, "isStartTag": 1}}
06-28 09:41:54.648 15183 15196 E WProf.db: {"WprofHTMLTag": {"code": "0x9d3d1f90", "doc": "http://searchengineland.com/optimize-content-seos-writers-274956", "row": 0, "column": 24, "tagName": "table", "time": 3982.695492, "url": "", "pos": 24, "chunkLen": 66, "isStartTag": 0}}
06-28 09:41:54.648 15183 15196 E WProf.db: {"WprofHTMLTag": {"code": "0x9d3d1fc0", "doc": "http://searchengineland.com/optimize-content-seos-writers-274956", "row": 0, "column": 37, "tagName": "a", "time": 3982.695554, "url": "", "pos": 37, "chunkLen": 66, "isStartTag": 1}}
06-28 09:41:54.648 15183 15196 E WProf.db: {"WprofHTMLTag": {"code": "0x9d3d1ff0", "doc": "http://searchengineland.com/optimize-content-seos-writers-274956", "row": 0, "column": 42, "tagName": "a", "time": 3982.695721, "url": "", "pos": 42, "chunkLen": 66, "isStartTag": 0}}
06-28 09:41:54.648 15183 15196 E WProf.db: {"WprofHTMLTag": {"code": "0x9d3d2020", "doc": "http://searchengineland.com/optimize-content-seos-writers-274956", "row": 0, "column": 66, "tagName": "input", "time": 3982.695796, "url": "", "pos": 66, "chunkLen": 66, "isStartTag": 1}}
06-28 09:41:54.648 15183 15196 E WProf.db: {"WprofHTMLTag": {"code": "0x9d3d2080", "doc": "http://searchengineland.com/optimize-content-seos-writers-274956", "row": 0, "column": 9, "tagName": "link", "time": 3982.707956, "url": "", "pos": 9, "chunkLen": 66, "isStartTag": 1}}
06-28 09:41:54.648 15183 15196 E WProf.db: {"WprofHTMLTag": {"code": "0x9d3d20b0", "doc": "http://searchengineland.com/optimize-content-seos-writers-274956", "row": 0, "column": 16, "tagName": "table", "time": 3982.708524, "url": "", "pos": 16, "chunkLen": 66, "isStartTag": 1}}
06-28 09:41:54.648 15183 15196 E WProf.db: {"WprofHTMLTag": {"code": "0x9d3d20e0", "doc": "http://searchengineland.com/optimize-content-seos-writers-274956", "row": 0, "column": 24, "tagName": "table", "time": 3982.708871, "url": "", "pos": 24, "chunkLen": 66, "isStartTag": 0}}
06-28 09:41:54.648 15183 15196 E WProf.db: {"WprofHTMLTag": {"code": "0x9d3d2110", "doc": "http://searchengineland.com/optimize-content-seos-writers-274956", "row": 0, "column": 37, "tagName": "a", "time": 3982.709187, "url": "", "pos": 37, "chunkLen": 66, "isStartTag": 1}}
06-28 09:41:54.649 15183 15196 E WProf.db: {"WprofHTMLTag": {"code": "0x9d3d2140", "doc": "http://searchengineland.com/optimize-content-seos-writers-274956", "row": 0, "column": 42, "tagName": "a", "time": 3982.710118, "url": "", "pos": 42, "chunkLen": 66, "isStartTag": 0}}
06-28 09:41:54.649 15183 15196 E WProf.db: {"WprofHTMLTag": {"code": "0x9d3d2170", "doc": "http://searchengineland.com/optimize-content-seos-writers-274956", "row": 0, "column": 66, "tagName": "input", "time": 3982.710443, "url": "", "pos": 66, "chunkLen": 66, "isStartTag": 1}}
06-28 09:41:54.649 15183 15196 E WProf.db: {"WprofHTMLTag": {"code": "0x9d3d2290", "doc": "http://searchengineland.com/optimize-content-seos-writers-274956", "row": 115, "column": 154, "tagName": "script", "time": 3982.735343, "url": "http://searchengineland.com/figz/wp-content/themes/searchengineland/js/lib/jquery-ui-1.10.3.custom.min.js?ver=1.10.3", "pos": 67, "chunkLen": 67, "isStartTag": 1}}
06-28 09:41:54.649 15183 15196 E WProf.db: {"WprofHTMLTag": {"code": "0x9d3d22c0", "doc": "http://searchengineland.com/optimize-content-seos-writers-274956", "row": 115, "column": 163, "tagName": "script", "time": 3982.735688, "url": "", "pos": 67, "chunkLen": 67, "isStartTag": 0}}
06-28 09:41:54.649 15183 15196 E WProf.db: {"WprofHTMLTag": {"code": "0xaedd0f90", "doc": "http://searchengineland.com/optimize-content-seos-writers-274956", "row": 0, "column": 111, "tagName": "div", "time": 3982.908715, "url": "", "pos": 111, "chunkLen": 117, "isStartTag": 1}}
06-28 09:41:54.649 15183 15196 E WProf.db: {"WprofHTMLTag": {"code": "0xaedd0d80", "doc": "http://searchengineland.com/optimize-content-seos-writers-274956", "row": 0, "column": 117, "tagName": "div", "time": 3982.908920, "url": "", "pos": 117, "chunkLen": 117, "isStartTag": 0}}
06-28 09:41:54.649 15183 15196 E WProf.db: {"WprofHTMLTag": {"code": "0x9d3d25c0", "doc": "http://searchengineland.com/optimize-content-seos-writers-274956", "row": 116, "column": 155, "tagName": "script", "time": 3982.935233, "url": "http://searchengineland.com/figz/wp-content/themes/searchengineland/js/lib/jquery.ba-throttle-debounce.min.js?ver=1.1", "pos": 118, "chunkLen": 118, "isStartTag": 1}}
06-28 09:41:54.649 15183 15196 E WProf.db: {"WprofHTMLTag": {"code": "0x9d3d25f0", "doc": "http://searchengineland.com/optimize-content-seos-writers-274956", "row": 116, "column": 164, "tagName": "script", "time": 3982.935505, "url": "", "pos": 118, "chunkLen": 118, "isStartTag": 0}}
06-28 09:41:54.649 15183 15196 E WProf.db: {"WprofHTMLTag": {"code": "0x9d3d2620", "doc": "http://searchengineland.com/optimize-content-seos-writers-274956", "row": 117, "column": 146, "tagName": "script", "time": 3982.936731, "url": "http://searchengineland.com/figz/wp-content/themes/searchengineland/js/lib/jquery.countdown.min.js?ver=2.0.4", "pos": 118, "chunkLen": 118, "isStartTag": 1}}
06-28 09:41:54.649 15183 15196 E WProf.db: {"WprofHTMLTag": {"code": "0x9d3d2650", "doc": "http://searchengineland.com/optimize-content-seos-writers-274956", "row": 117, "column": 155, "tagName": "script", "time": 3982.936953, "url": "", "pos": 118, "chunkLen": 118, "isStartTag": 0}}
06-28 09:41:54.649 15183 15196 E WProf.db: {"WprofHTMLTag": {"code": "0xaedd1080", "doc": "http://searchengineland.com/optimize-content-seos-writers-274956", "row": 118, "column": 77, "tagName": "link", "time": 3983.788092, "url": "http://searchengineland.com/wp-json/", "pos": 118, "chunkLen": 118, "isStartTag": 1}}
06-28 09:41:54.649 15183 15196 E WProf.db: {"WprofHTMLTag": {"code": "0xaedd04b0", "doc": "http://searchengineland.com/optimize-content-seos-writers-274956", "row": 119, "column": 69, "tagName": "link", "time": 3983.789182, "url": "http://searchengineland.com/?p=274956", "pos": 118, "chunkLen": 118, "isStartTag": 1}}
06-28 09:41:54.649 15183 15196 E WProf.db: {"WprofHTMLTag": {"code": "0xaedd0240", "doc": "http://searchengineland.com/optimize-content-seos-writers-274956", "row": 120, "column": 192, "tagName": "link", "time": 3983.790741, "url": "http://searchengineland.com/wp-json/oembed/1.0/embed?url=http%3A%2F%2Fsearchengineland.com%2Foptimize-content-seos-writers-274956", "pos": 118, "chunkLen": 118, "isStartTag": 1}}
06-28 09:41:54.650 15183 15196 E WProf.db: {"WprofHTMLTag": {"code": "0xaedd0f60", "doc": "http://searchengineland.com/optimize-content-seos-writers-274956", "row": 121, "column": 200, "tagName": "link", "time": 3983.791170, "url": "http://searchengineland.com/wp-json/oembed/1.0/embed?url=http%3A%2F%2Fsearchengineland.com%2Foptimize-content-seos-writers-274956&format=xml", "pos": 118, "chunkLen": 118, "isStartTag": 1}}
06-28 09:41:54.650 15183 15196 E WProf.db: {"WprofHTMLTag": {"code": "0x9d3d2680", "doc": "http://searchengineland.com/optimize-content-seos-writers-274956", "row": 122, "column": 98, "tagName": "link", "time": 3983.791567, "url": "http://searchengineland.com/optimize-content-seos-writers-274956/amp", "pos": 118, "chunkLen": 118, "isStartTag": 1}}
06-28 09:41:54.650 15183 15196 E WProf.db: {"WprofHTMLTag": {"code": "0x9d3d28f0", "doc": "http://searchengineland.com/optimize-content-seos-writers-274956", "row": 124, "column": 31, "tagName": "script", "time": 3983.791903, "url": "", "pos": 118, "chunkLen": 118, "isStartTag": 1}}
06-28 09:41:54.650 15183 15196 E WProf.db: {"WprofHTMLTag": {"code": "0x9d3d2920", "doc": "http://searchengineland.com/optimize-content-seos-writers-274956", "row": 137, "column": 9, "tagName": "script", "time": 3983.792227, "url": "http://www.googletagservices.com/tag/js/gpt.js", "pos": 118, "chunkLen": 118, "isStartTag": 0}}
06-28 09:41:54.650 15183 15196 E WProf.db: {"WprofHTMLTag": {"code": "0x9d3d2980", "doc": "http://searchengineland.com/optimize-content-seos-writers-274956", "row": 140, "column": 31, "tagName": "script", "time": 3983.794656, "url": "", "pos": 118, "chunkLen": 118, "isStartTag": 1}}
06-28 09:41:54.650 15183 15196 E WProf.db: {"WprofHTMLTag": {"code": "0x9d3d29b0", "doc": "http://searchengineland.com/optimize-content-seos-writers-274956", "row": 157, "column": 9, "tagName": "script", "time": 3983.794963, "url": "", "pos": 118, "chunkLen": 118, "isStartTag": 0}}
06-28 09:41:54.650 15183 15196 E WProf.db: {"WprofHTMLTag": {"code": "0x9d3d29e0", "doc": "http://searchengineland.com/optimize-content-seos-writers-274956", "row": 161, "column": 32, "tagName": "script", "time": 3983.795705, "url": "", "pos": 118, "chunkLen": 118, "isStartTag": 1}}
