--------- beginning of main
06-28 14:48:30.273  3449  3449 E Finsky  : [1] com.google.android.finsky.wear.bl.a(3): onConnectionFailed: ConnectionResult{statusCode=API_UNAVAILABLE, resolution=null, message=null}
--------- beginning of system
06-28 14:48:31.542 25565 25565 E chromium: [ERROR:shell_integration_android.cc(12)] Not implemented reached in static ShellIntegration::DefaultWebClientSetPermission ShellIntegration::CanSetAsDefaultBrowser()
06-28 14:48:31.548 25565 25565 E chromium: [ERROR:browser_process_impl.cc(720)] Not implemented reached in virtual BackgroundModeManager* BrowserProcessImpl::background_mode_manager()
06-28 14:48:31.876  3218 12931 E AudioRecord-JNI: Error -4 during AudioRecord native read
06-28 14:48:34.222 25565 25611 E chromium: [ERROR:gles2_cmd_decoder.cc(3852)] [.ChromiumCompositor-0xacbb2fc0]GL ERROR :GL_INVALID_ENUM : glDiscardFramebufferEXT: attachments was GL_COLOR_EXT
06-28 14:48:34.507 25632 25644 E WPROF   : {"CSS": {"url": "http://searchengineland.com/figz/wp-content/themes/searchengineland/css/searchengineland-bootstrap.css", "requestTime": 22391.562561}}
06-28 14:48:34.508 25632 25644 E WPROF   : {"CSS": {"url": "http://fonts.googleapis.com/css?family=Oswald:300,400,700", "requestTime": 22391.563480}}
06-28 14:48:34.508 25632 25644 E WPROF   : {"CSS": {"url": "http://searchengineland.com/figz/wp-content/themes/searchengineland/style.css", "requestTime": 22391.564038}}
06-28 14:48:34.513 25632 25644 E WPROF   : {"Javascript": {"url": "http://searchengineland.com/figz/wp-content/themes/searchengineland/js/lib/modernizr.custom.js?ver=1.0", "requestTime": 22391.569046}}
06-28 14:48:34.514 25632 25644 E WPROF   : {"Javascript": {"url": "http://searchengineland.com/figz/wp-content/themes/searchengineland/js/lib/jquery-1.11.0.min.js?ver=1.11.0", "requestTime": 22391.569583}}
06-28 14:48:34.516 25632 25644 E WPROF   : {"Javascript": {"url": "http://searchengineland.com/figz/wp-content/themes/searchengineland/js/lib/jquery-ui-1.10.3.custom.min.js?ver=1.10.3", "requestTime": 22391.571369}}
06-28 14:48:34.526 25632 25644 E WPROF   : {"Javascript": {"url": "http://searchengineland.com/figz/wp-content/themes/searchengineland/js/lib/jquery.ba-throttle-debounce.min.js?ver=1.1", "requestTime": 22391.581949}}
06-28 14:48:34.528 25632 25644 E WPROF   : {"Javascript": {"url": "http://searchengineland.com/figz/wp-content/themes/searchengineland/js/lib/jquery.countdown.min.js?ver=2.0.4", "requestTime": 22391.583766}}
06-28 14:48:34.531 25632 25644 E WPROF   : {"Javascript": {"url": "http://static.chartbeat.com/js/chartbeat_mab.js", "requestTime": 22391.586674}}
06-28 14:48:35.216 25632 25644 E WPROF   : {"Javascript": {"url": "http://searchengineland.com/figz/wp-includes/js/wp-emoji-release.min.js?ver=4.7.5", "requestTime": 22392.271362}}
06-28 14:48:35.526 25632 25644 E WPROF   : {"Javascript": {"url": "http://www.googletagservices.com/tag/js/gpt.js", "requestTime": 22392.581280}}
06-28 14:48:35.535 25632 25644 E WPROF   : {"Javascript": {"url": "https://www.google-analytics.com/analytics.js", "requestTime": 22392.590245}}
06-28 14:48:35.584 25632 25644 E WPROF   : {"Javascript": {"url": "http://edge.quantserve.com/quant.js", "requestTime": 22392.639641}}
06-28 14:48:35.593 25632 25644 E WPROF   : {"Javascript": {"url": "https://connect.facebook.net/en_US/fbevents.js", "requestTime": 22392.648337}}
06-28 14:48:35.646 25565 25611 E chromium: [ERROR:gles2_cmd_decoder.cc(3852)] [.ChromiumCompositor-0xacbb2fc0]GL ERROR :GL_INVALID_ENUM : glDiscardFramebufferEXT: attachments was GL_COLOR_EXT
06-28 14:48:35.663 25632 25644 E WPROF   : {"Javascript": {"url": "http://app-sj02.marketo.com/js/forms2/js/forms2.min.js", "requestTime": 22392.719139}}
06-28 14:48:35.746 25565 25611 E chromium: [ERROR:gles2_cmd_decoder.cc(3852)] [.ChromiumCompositor-0xacbb2fc0]GL ERROR :GL_INVALID_ENUM : glDiscardFramebufferEXT: attachments was GL_COLOR_EXT
06-28 14:48:35.748 25632 25644 E WPROF   : {"Javascript": {"url": "https://securepubads.g.doubleclick.net/gpt/pubads_impl_121.js", "requestTime": 22392.803677}}
06-28 14:48:35.794 25632 25644 E WPROF   : {"Javascript": {"url": "https://connect.facebook.net/signals/config/423979991297359?v=2.7.17", "requestTime": 22392.849617}}
06-28 14:48:36.008 25632 25644 E WPROF   : {"Javascript": {"url": "http://app-sj02.marketo.com/index.php/form/getForm?munchkinId=727-ZQE-044&form=5691&url=http%3A%2F%2Fsearchengineland.com%2Foskar-fischinger-google-doodle-honoring-filmmaker-visual-artist-doubles-musical-instrument-277649&callback=jQuery110203330303290858865_1498628915912&_=1498628915913", "requestTime": 22393.064028}}
06-28 14:48:36.060 25632 25644 E WPROF   : {"Javascript": {"url": "http://app-sj02.marketo.com/index.php/form/getForm?munchkinId=727-ZQE-044&form=5685&url=http%3A%2F%2Fsearchengineland.com%2Foskar-fischinger-google-doodle-honoring-filmmaker-visual-artist-doubles-musical-instrument-277649&callback=jQuery110203330303290858865_1498628915914&_=1498628915915", "requestTime": 22393.115546}}
06-28 14:48:36.293 25565 25611 E chromium: [ERROR:gles2_cmd_decoder.cc(3852)] [.ChromiumCompositor-0xacbb2fc0]GL ERROR :GL_INVALID_ENUM : glDiscardFramebufferEXT: attachments was GL_COLOR_EXT
06-28 14:48:36.954 25632 25644 E WPROF   : {"Javascript": {"url": "https://securepubads.g.doubleclick.net/gampad/ads?gdfp_req=1&correlator=3567257954287616&output=json_html&callback=googletag.impl.pubads.callbackProxy1&impl=fifs&json_a=1&eid=108809080%2C108809107&sc=0&sfv=1-0-9&iu_parts=1038259%2Csel-ciu-1%2Csel-ciu-2%2Csel-ciu-3%2Csel-ciu-4%2Csel-ciu-5%2Cch-consum", "requestTime": 22394.009899}}
06-28 14:48:36.965 25632 25644 E WPROF   : {"Javascript": {"url": "http://platform.twitter.com/widgets.js", "requestTime": 22394.020426}}
06-28 14:48:36.969 25632 25644 E WPROF   : {"Javascript": {"url": "http://connect.facebook.net/en_US/sdk.js", "requestTime": 22394.024704}}
06-28 14:48:36.971 25632 25644 E WPROF   : {"Javascript": {"url": "https://apis.google.com/js/platform.js", "requestTime": 22394.026958}}
06-28 14:48:36.996 25632 25644 E WPROF   : {"Javascript": {"url": "http://rules.quantcount.com/rules-p-5aGizvD82d9hk.js", "requestTime": 22394.051977}}
06-28 14:48:36.999 25632 25644 E WPROF   : {"Javascript": {"url": "http://munchkin.marketo.net/munchkin.js", "requestTime": 22394.054602}}
06-28 14:48:37.001 25632 25644 E WPROF   : {"Javascript": {"url": "http://d2j3qa5nc37287.cloudfront.net/coupon_code1.js", "requestTime": 22394.056492}}
06-28 14:48:37.003 25632 25644 E WPROF   : {"Javascript": {"url": "http://www.googleadservices.com/pagead/conversion.js", "requestTime": 22394.058502}}
06-28 14:48:37.106   862  1657 E LocSvc_IzatApiV02: E/virtual int izat_core::IzatApiV02::getBatchSize(int32_t):522]: Error : st = 4, ind.status = -1628389555
06-28 14:48:37.106   862  1657 E LocSvc_IzatApiV02: E/virtual int izat_core::IzatApiV02::getBatchSize(int32_t):535]: get batching size failed.Or modem does not support batching 
06-28 14:48:37.115   862  1657 E LocSvc_IzatApiV02: E/virtual int izat_core::IzatApiV02::getBatchSize(int32_t):522]: Error : st = 4, ind.status = -1628389555
06-28 14:48:37.115   862  1657 E LocSvc_IzatApiV02: E/virtual int izat_core::IzatApiV02::getBatchSize(int32_t):535]: get batching size failed.Or modem does not support batching 
06-28 14:48:37.148   862  1657 E LocSvc_IzatApiV02: E/virtual int izat_core::IzatApiV02::getBatchSize(int32_t):522]: Error : st = 4, ind.status = -1628389555
06-28 14:48:37.148   862  1657 E LocSvc_IzatApiV02: E/virtual int izat_core::IzatApiV02::getBatchSize(int32_t):535]: get batching size failed.Or modem does not support batching 
06-28 14:48:37.158   862  1657 E LocSvc_IzatApiV02: E/virtual int izat_core::IzatApiV02::getBatchSize(int32_t):522]: Error : st = 4, ind.status = -1628389555
06-28 14:48:37.158   862  1657 E LocSvc_IzatApiV02: E/virtual int izat_core::IzatApiV02::getBatchSize(int32_t):535]: get batching size failed.Or modem does not support batching 
06-28 14:48:37.239 25632 25644 E WPROF   : {"Javascript": {"url": "http://cdn.api.twitter.com/1/users/show.json?screen_name=AmyGesenhues&callback=twttr.setFollowersCount", "requestTime": 22394.294978}}
06-28 14:48:37.300 25565 25611 E chromium: [ERROR:gles2_cmd_decoder.cc(3852)] [.ChromiumCompositor-0xacbb2fc0]GL ERROR :GL_INVALID_ENUM : glDiscardFramebufferEXT: attachments was GL_COLOR_EXT
06-28 14:48:37.392 25632 25644 E WPROF   : {"Javascript": {"url": "http://searchengineland.com/figz/wp-content/themes/searchengineland/js/script.js?ver=1.0", "requestTime": 22394.447316}}
06-28 14:48:37.392 25632 25644 E WPROF   : {"Javascript": {"url": "http://searchengineland.com/figz/wp-includes/js/wp-embed.min.js?ver=4.7.5", "requestTime": 22394.447791}}
06-28 14:48:37.393 25632 25644 E WPROF   : {"Javascript": {"url": "http://searchengineland.com/figz/wp-content/themes/searchengineland/js/modules/sharing_controls.js", "requestTime": 22394.448463}}
06-28 14:48:37.470 25632 25644 E WPROF   : {"Javascript": {"url": "https://static.xx.fbcdn.net/rsrc.php/v3iy6L4/yk/l/ko_KR/be4fIjHRc8P.js", "requestTime": 22394.526193}}
06-28 14:48:37.631 25632 25644 E WPROF   : {"Javascript": {"url": "http://dnn506yrbagrg.cloudfront.net/pages/scripts/0026/4062.js?416285", "requestTime": 22394.686702}}
06-28 14:48:38.394 25565 25611 E chromium: [ERROR:gles2_cmd_decoder.cc(3852)] [.ChromiumCompositor-0xacbb2fc0]GL ERROR :GL_INVALID_ENUM : glDiscardFramebufferEXT: attachments was GL_COLOR_EXT
06-28 14:48:38.580 25632 25644 E WPROF   : {"CSS": {"url": "http://app-sj02.marketo.com/js/forms2/css/forms2.css", "requestTime": 22395.636156}}
06-28 14:48:38.584 25632 25644 E WPROF   : {"CSS": {"url": "http://app-sj02.marketo.com/js/forms2/css/forms2-theme-simple.css", "requestTime": 22395.639226}}
06-28 14:48:38.758 25632 25644 E WPROF   : {"Javascript": {"url": "https://platform.twitter.com/js/button.b731e6c82269f70f6fc53634e044a4c6.js", "requestTime": 22395.813244}}
06-28 14:48:38.766 25632 25644 E WPROF   : {"Javascript": {"url": "http://www.justuno.com/ajax/account_version_check.html?id=828FA275-FF73-401E-AA39-40F5A6FAB6B1", "requestTime": 22395.821594}}
06-28 14:48:38.836 25632 25644 E WPROF   : {"Javascript": {"url": "https://tpc.googlesyndication.com/pagead/js/r20170619/r20110914/client/ext/m_window_focus_non_hydra.js", "requestTime": 22395.891367}}
06-28 14:48:38.838 25632 25644 E WPROF   : {"Javascript": {"url": "https://tpc.googlesyndication.com/pagead/js/r20170619/r20110914/activeview/osd_listener.js", "requestTime": 22395.893240}}
06-28 14:48:38.842 25632 25644 E WPROF   : {"Javascript": {"url": "http://pagead2.googlesyndication.com/pagead/osd.js", "requestTime": 22395.897551}}
06-28 14:48:38.941 25632 25644 E WPROF   : {"Javascript": {"url": "http://munchkin.marketo.net/151/munchkin.js", "requestTime": 22395.996359}}
06-28 14:48:39.266 25565 25611 E chromium: [ERROR:gles2_cmd_decoder.cc(3852)] [.ChromiumCompositor-0xacbb2fc0]GL ERROR :GL_INVALID_ENUM : glDiscardFramebufferEXT: attachments was GL_COLOR_EXT
06-28 14:48:39.449 25565 25611 E chromium: [ERROR:gles2_cmd_decoder.cc(3852)] [.ChromiumCompositor-0xacbb2fc0]GL ERROR :GL_INVALID_ENUM : glDiscardFramebufferEXT: attachments was GL_COLOR_EXT
06-28 14:48:39.834 25565 25611 E chromium: [ERROR:gles2_cmd_decoder.cc(3852)] [.ChromiumCompositor-0xacbb2fc0]GL ERROR :GL_INVALID_ENUM : glDiscardFramebufferEXT: attachments was GL_COLOR_EXT
06-28 14:48:39.966 25565 25611 E chromium: [ERROR:gles2_cmd_decoder.cc(3852)] [.ChromiumCompositor-0xacbb2fc0]GL ERROR :GL_INVALID_ENUM : glDiscardFramebufferEXT: attachments was GL_COLOR_EXT
06-28 14:48:40.115 25632 25644 E WPROF   : {"Javascript": {"url": "http://cdn.justuno.com/mwgt_3.6.js", "requestTime": 22397.171019}}
06-28 14:48:40.224 25565 25611 E chromium: [ERROR:gles2_cmd_decoder.cc(3852)] [.ChromiumCompositor-0xacbb2fc0]GL ERROR :GL_INVALID_ENUM : glDiscardFramebufferEXT: attachments was GL_COLOR_EXT
06-28 14:48:40.856 25565 25611 E chromium: [ERROR:gles2_cmd_decoder.cc(3852)] [.ChromiumCompositor-0xacbb2fc0]GL ERROR :GL_INVALID_ENUM : glDiscardFramebufferEXT: attachments was GL_COLOR_EXT
06-28 14:48:41.007 25632 25644 E WPROF   : {"Javascript": {"url": "https://cdn.syndication.twimg.com/widgets/followbutton/info.json?callback=__twttr.setFollowersCountAndFollowing&lang=en&screen_names=sengineland", "requestTime": 22398.062858}}
06-28 14:48:41.260 25632 25644 E WPROF   : {"Javascript": {"url": "https://app-sj02.marketo.com/js/forms2/js/forms2.min.js", "requestTime": 22398.315496}}
06-28 14:48:41.276 25565 25611 E chromium: [ERROR:gles2_cmd_decoder.cc(3852)] [.ChromiumCompositor-0xacbb2fc0]GL ERROR :GL_INVALID_ENUM : glDiscardFramebufferEXT: attachments was GL_COLOR_EXT
06-28 14:48:41.779 25632 25644 E WProf.db: {"page": "searchengineland.com_oskar-fischinger-google-doodle-honoring-filmmaker-visual-artist-doubles-musical-instrument-277649"}
06-28 14:48:41.779 25632 25644 E WProf.db: {"DOMLoad": 22398.834710}
06-28 14:48:41.779 25632 25644 E WProf.db: {"Resource": {"id": 1, "url": "http://searchengineland.com/oskar-fischinger-google-doodle-honoring-filmmaker-visual-artist-doubles-musical-instrument-277649", "sentTime": -1.000000, "len": 93047, "from": "0x0", "mimeType": "text/html", "contentLength": -1, "httpStatus": 200, "connId": 19, "connReused": 1, "cached": 0,"requestTime": 22391.185743, "proxyStart": -1, "proxyEnd": -1, "dnsStart": -1, "dnsEnd": -1, "connectStart": 0, "connectEnd": 83, "sendStart": 83, "sendEnd": 84, "receiveHeadersEnd": 251, "sslStart": -1, "sslEnd": -1}}
06-28 14:48:41.779 25632 25644 E WProf.db: {"ReceivedChunk": {"receivedTime": 22391.456405, "len": 7872}}
06-28 14:48:41.779 25632 25644 E WProf.db: {"ReceivedChunk": {"receivedTime": 22391.553411, "len": 32768}}
06-28 14:48:41.779 25632 25644 E WProf.db: {"ReceivedChunk": {"receivedTime": 22391.553640, "len": 31214}}
06-28 14:48:41.779 25632 25644 E WProf.db: {"ReceivedChunk": {"receivedTime": 22391.621243, "len": 21193}}
06-28 14:48:41.779 25632 25644 E WProf.db: {"WprofHTMLTag": {"code": "0xaedd7630", "doc": "http://searchengineland.com/oskar-fischinger-google-doodle-honoring-filmmaker-visual-artist-doubles-musical-instrument-277649", "row": 6, "column": 42, "tagName": "html", "time": 22391.554710, "url": "", "pos": 1, "chunkLen": 1, "isStartTag": 1}}
06-28 14:48:41.779 25632 25644 E WProf.db: {"WprofHTMLTag": {"code": "0xaf047850", "doc": "http://searchengineland.com/oskar-fischinger-google-doodle-honoring-filmmaker-visual-artist-doubles-musical-instrument-277649", "row": 7, "column": 6, "tagName": "head", "time": 22391.554934, "url": "", "pos": 1, "chunkLen": 1, "isStartTag": 1}}
06-28 14:48:41.780 25632 25644 E WProf.db: {"WprofHTMLTag": {"code": "0xaf047880", "doc": "http://searchengineland.com/oskar-fischinger-google-doodle-honoring-filmmaker-visual-artist-doubles-musical-instrument-277649", "row": 8, "column": 54, "tagName": "meta", "time": 22391.554980, "url": "", "pos": 1, "chunkLen": 1, "isStartTag": 1}}
06-28 14:48:41.780 25632 25644 E WProf.db: {"WprofHTMLTag": {"code": "0xaf0478b0", "doc": "http://searchengineland.com/oskar-fischinger-google-doodle-honoring-filmmaker-visual-artist-doubles-musical-instrument-277649", "row": 9, "column": 68, "tagName": "meta", "time": 22391.555156, "url": "", "pos": 1, "chunkLen": 1, "isStartTag": 1}}
06-28 14:48:41.780 25632 25644 E WProf.db: {"WprofHTMLTag": {"code": "0xaf0478e0", "doc": "http://searchengineland.com/oskar-fischinger-google-doodle-honoring-filmmaker-visual-artist-doubles-musical-instrument-277649", "row": 10, "column": 23, "tagName": "meta", "time": 22391.555274, "url": "", "pos": 1, "chunkLen": 1, "isStartTag": 1}}
06-28 14:48:41.780 25632 25644 E WProf.db: {"WprofHTMLTag": {"code": "0xaf047910", "doc": "http://searchengineland.com/oskar-fischinger-google-doodle-honoring-filmmaker-visual-artist-doubles-musical-instrument-277649", "row": 11, "column": 52, "tagName": "meta", "time": 22391.555409, "url": "", "pos": 1, "chunkLen": 1, "isStartTag": 1}}
06-28 14:48:41.780 25632 25644 E WProf.db: {"WprofHTMLTag": {"code": "0xaf047940", "doc": "http://searchengineland.com/oskar-fischinger-google-doodle-honoring-filmmaker-visual-artist-doubles-musical-instrument-277649", "row": 14, "column": 56, "tagName": "meta", "time": 22391.555543, "url": "", "pos": 1, "chunkLen": 1, "isStartTag": 1}}
06-28 14:48:41.780 25632 25644 E WProf.db: {"WprofHTMLTag": {"code": "0xaf047970", "doc": "http://searchengineland.com/oskar-fischinger-google-doodle-honoring-filmmaker-visual-artist-doubles-musical-instrument-277649", "row": 15, "column": 83, "tagName": "meta", "time": 22391.555657, "url": "", "pos": 1, "chunkLen": 1, "isStartTag": 1}}
06-28 14:48:41.780 25632 25644 E WProf.db: {"WprofHTMLTag": {"code": "0xaf0479a0", "doc": "http://searchengineland.com/oskar-fischinger-google-doodle-honoring-filmmaker-visual-artist-doubles-musical-instrument-277649", "row": 16, "column": 57, "tagName": "meta", "time": 22391.555772, "url": "", "pos": 1, "chunkLen": 1, "isStartTag": 1}}
06-28 14:48:41.780 25632 25644 E WProf.db: {"WprofHTMLTag": {"code": "0xaf047a30", "doc": "http://searchengineland.com/oskar-fischinger-google-doodle-honoring-filmmaker-visual-artist-doubles-musical-instrument-277649", "row": 17, "column": 41, "tagName": "meta", "time": 22391.555892, "url": "", "pos": 1, "chunkLen": 1, "isStartTag": 1}}
06-28 14:48:41.780 25632 25644 E WProf.db: {"WprofHTMLTag": {"code": "0xaf047a60", "doc": "http://searchengineland.com/oskar-fischinger-google-doodle-honoring-filmmaker-visual-artist-doubles-musical-instrument-277649", "row": 18, "column": 50, "tagName": "meta", "time": 22391.556008, "url": "", "pos": 1, "chunkLen": 1, "isStartTag": 1}}
06-28 14:48:41.780 25632 25644 E WProf.db: {"WprofHTMLTag": {"code": "0xaf047a90", "doc": "http://searchengineland.com/oskar-fischinger-google-doodle-honoring-filmmaker-visual-artist-doubles-musical-instrument-277649", "row": 19, "column": 174, "tagName": "meta", "time": 22391.556126, "url": "", "pos": 1, "chunkLen": 1, "isStartTag": 1}}
06-28 14:48:41.780 25632 25644 E WProf.db: {"WprofHTMLTag": {"code": "0xaf047a00", "doc": "http://searchengineland.com/oskar-fischinger-google-doodle-honoring-filmmaker-visual-artist-doubles-musical-instrument-277649", "row": 20, "column": 47, "tagName": "meta", "time": 22391.556242, "url": "", "pos": 1, "chunkLen": 1, "isStartTag": 1}}
06-28 14:48:41.780 25632 25644 E WProf.db: {"WprofHTMLTag": {"code": "0xaf0479d0", "doc": "http://searchengineland.com/oskar-fischinger-google-doodle-honoring-filmmaker-visual-artist-doubles-musical-instrument-277649", "row": 21, "column": 67, "tagName": "meta", "time": 22391.556348, "url": "", "pos": 1, "chunkLen": 1, "isStartTag": 1}}
06-28 14:48:41.780 25632 25644 E WProf.db: {"WprofHTMLTag": {"code": "0xaf047ac0", "doc": "http://searchengineland.com/oskar-fischinger-google-doodle-honoring-filmmaker-visual-artist-doubles-musical-instrument-277649", "row": 22, "column": 57, "tagName": "meta", "time": 22391.556458, "url": "", "pos": 1, "chunkLen": 1, "isStartTag": 1}}
06-28 14:48:41.781 25632 25644 E WProf.db: {"WprofHTMLTag": {"code": "0xaf047af0", "doc": "http://searchengineland.com/oskar-fischinger-google-doodle-honoring-filmmaker-visual-artist-doubles-musical-instrument-277649", "row": 23, "column": 65, "tagName": "meta", "time": 22391.556568, "url": "", "pos": 1, "chunkLen": 1, "isStartTag": 1}}
06-28 14:48:41.781 25632 25644 E WProf.db: {"WprofHTMLTag": {"code": "0xaf047b20", "doc": "http://searchengineland.com/oskar-fischinger-google-doodle-honoring-filmmaker-visual-artist-doubles-musical-instrument-277649", "row": 24, "column": 55, "tagName": "meta", "time": 22391.556684, "url": "", "pos": 1, "chunkLen": 1, "isStartTag": 1}}
06-28 14:48:41.781 25632 25644 E WProf.db: {"WprofHTMLTag": {"code": "0xaf047b50", "doc": "http://searchengineland.com/oskar-fischinger-google-doodle-honoring-filmmaker-visual-artist-doubles-musical-instrument-277649", "row": 25, "column": 71, "tagName": "meta", "time": 22391.556801, "url": "", "pos": 1, "chunkLen": 1, "isStartTag": 1}}
06-28 14:48:41.781 25632 25644 E WProf.db: {"WprofHTMLTag": {"code": "0xaf047b80", "doc": "http://searchengineland.com/oskar-fischinger-google-doodle-honoring-filmmaker-visual-artist-doubles-musical-instrument-277649", "row": 26, "column": 86, "tagName": "meta", "time": 22391.556922, "url": "", "pos": 1, "chunkLen": 1, "isStartTag": 1}}
06-28 14:48:41.781 25632 25644 E WProf.db: {"WprofHTMLTag": {"code": "0xaf047bb0", "doc": "http://searchengineland.com/oskar-fischinger-google-doodle-honoring-filmmaker-visual-artist-doubles-musical-instrument-277649", "row": 27, "column": 54, "tagName": "meta", "time": 22391.557030, "url": "", "pos": 1, "chunkLen": 1, "isStartTag": 1}}
06-28 14:48:41.781 25632 25644 E WProf.db: {"WprofHTMLTag": {"code": "0xaf047be0", "doc": "http://searchengineland.com/oskar-fischinger-google-doodle-honoring-filmmaker-visual-artist-doubles-musical-instrument-277649", "row": 29, "column": 39, "tagName": "meta", "time": 22391.557149, "url": "", "pos": 1, "chunkLen": 1, "isStartTag": 1}}
06-28 14:48:41.781 25632 25644 E WProf.db: {"WprofHTMLTag": {"code": "0xaf047c10", "doc": "http://searchengineland.com/oskar-fischinger-google-doodle-honoring-filmmaker-visual-artist-doubles-musical-instrument-277649", "row": 30, "column": 183, "tagName": "meta", "time": 22391.557263, "url": "", "pos": 1, "chunkLen": 1, "isStartTag": 1}}
06-28 14:48:41.781 25632 25644 E WProf.db: {"WprofHTMLTag": {"code": "0xaf047c40", "doc": "http://searchengineland.com/oskar-fischinger-google-doodle-honoring-filmmaker-visual-artist-doubles-musical-instrument-277649", "row": 31, "column": 55, "tagName": "meta", "time": 22391.557373, "url": "", "pos": 1, "chunkLen": 1, "isStartTag": 1}}
06-28 14:48:41.781 25632 25644 E WProf.db: {"WprofHTMLTag": {"code": "0xaf047c70", "doc": "http://searchengineland.com/oskar-fischinger-google-doodle-honoring-filmmaker-visual-artist-doubles-musical-instrument-277649", "row": 32, "column": 54, "tagName": "meta", "time": 22391.557489, "url": "", "pos": 1, "chunkLen": 1, "isStartTag": 1}}
06-28 14:48:41.781 25632 25644 E WProf.db: {"WprofHTMLTag": {"code": "0xaf047ca0", "doc": "http://searchengineland.com/oskar-fischinger-google-doodle-honoring-filmmaker-visual-artist-doubles-musical-instrument-277649", "row": 33, "column": 126, "tagName": "meta", "time": 22391.557606, "url": "", "pos": 1, "chunkLen": 1, "isStartTag": 1}}
06-28 14:48:41.781 25632 25644 E WProf.db: {"WprofHTMLTag": {"code": "0xaf047cd0", "doc": "http://searchengineland.com/oskar-fischinger-google-doodle-honoring-filmmaker-visual-artist-doubles-musical-instrument-277649", "row": 37, "column": 36, "tagName": "script", "time": 22391.557718, "url": "", "pos": 1, "chunkLen": 1, "isStartTag": 1}}
06-28 14:48:41.781 25632 25644 E WProf.db: {"WprofHTMLTag": {"code": "0xaf047d00", "doc": "http://searchengineland.com/oskar-fischinger-google-doodle-honoring-filmmaker-visual-artist-doubles-musical-instrument-277649", "row": 53, "column": 10, "tagName": "script", "time": 22391.557994, "url": "", "pos": 1, "chunkLen": 1, "isStartTag": 0}}
06-28 14:48:41.781 25632 25644 E WProf.db: {"WprofHTMLTag": {"code": "0xaf047d30", "doc": "http://searchengineland.com/oskar-fischinger-google-doodle-honoring-filmmaker-visual-artist-doubles-musical-instrument-277649", "row": 55, "column": 86, "tagName": "link", "time": 22391.559797, "url": "http://searchengineland.com/apple-touch-icon.png", "pos": 1, "chunkLen": 1, "isStartTag": 1}}
06-28 14:48:41.782 25632 25644 E WProf.db: {"WprofHTMLTag": {"code": "0xaf047d60", "doc": "http://searchengineland.com/oskar-fischinger-google-doodle-honoring-filmmaker-visual-artist-doubles-musical-instrument-277649", "row": 56, "column": 76, "tagName": "link", "time": 22391.561003, "url": "http://searchengineland.com/favicon.ico", "pos": 1, "chunkLen": 1, "isStartTag": 1}}
06-28 14:48:41.782 25632 25644 E WProf.db: {"WprofHTMLTag": {"code": "0xaf047d90", "doc": "http://searchengineland.com/oskar-fischinger-google-doodle-honoring-filmmaker-visual-artist-doubles-musical-instrument-277649", "row": 57, "column": 158, "tagName": "link", "time": 22391.561250, "url": "http://feeds.searchengineland.com/searchengineland", "pos": 1, "chunkLen": 1, "isStartTag": 1}}
06-28 14:48:41.782 25632 25644 E WProf.db: {"WprofHTMLTag": {"code": "0xaf047dc0", "doc": "http://searchengineland.com/oskar-fischinger-google-doodle-honoring-filmmaker-visual-artist-doubles-musical-instrument-277649", "row": 58, "column": 149, "tagName": "link", "time": 22391.561671, "url": "http://feeds.searchengineland.com/searchcap", "pos": 1, "chunkLen": 1, "isStartTag": 1}}
06-28 14:48:41.782 25632 25644 E WProf.db: {"WprofHTMLTag": {"code": "0xaf047df0", "doc": "http://searchengineland.com/oskar-fischinger-google-doodle-honoring-filmmaker-visual-artist-doubles-musical-instrument-277649", "row": 59, "column": 150, "tagName": "link", "time": 22391.562086, "url": "http://searchengineland.com/figz/wp-content/themes/searchengineland/css/searchengineland-bootstrap.css", "pos": 1, "chunkLen": 1, "isStartTag": 1}}
06-28 14:48:41.782 25632 25644 E WProf.db: {"WprofHTMLTag": {"code": "0xaf047e50", "doc": "http://searchengineland.com/oskar-fischinger-google-doodle-honoring-filmmaker-visual-artist-doubles-musical-instrument-277649", "row": 60, "column": 105, "tagName": "link", "time": 22391.563144, "url": "http://fonts.googleapis.com/css?family=Oswald:300,400,700", "pos": 1, "chunkLen": 1, "isStartTag": 1}}
06-28 14:48:41.782 25632 25644 E WProf.db: {"WprofHTMLTag": {"code": "0xaf047eb0", "doc": "http://searchengineland.com/oskar-fischinger-google-doodle-honoring-filmmaker-visual-artist-doubles-musical-instrument-277649", "row": 61, "column": 125, "tagName": "link", "time": 22391.563716, "url": "http://searchengineland.com/figz/wp-content/themes/searchengineland/style.css", "pos": 1, "chunkLen": 1, "isStartTag": 1}}
06-28 14:48:41.782 25632 25644 E WProf.db: {"WprofHTMLTag": {"code": "0xaf047f10", "doc": "http://searchengineland.com/oskar-fischinger-google-doodle-honoring-filmmaker-visual-artist-doubles-musical-instrument-277649", "row": 65, "column": 7, "tagName": "title", "time": 22391.564284, "url": "", "pos": 1, "chunkLen": 1, "isStartTag": 1}}
06-28 14:48:41.782 25632 25644 E WProf.db: {"WprofHTMLTag": {"code": "0xaf047f40", "doc": "http://searchengineland.com/oskar-fischinger-google-doodle-honoring-filmmaker-visual-artist-doubles-musical-instrument-277649", "row": 65, "column": 118, "tagName": "title", "time": 22391.564393, "url": "", "pos": 1, "chunkLen": 1, "isStartTag": 0}}
06-28 14:48:41.782 25632 25644 E WProf.db: {"WprofHTMLTag": {"code": "0xaf047f70", "doc": "http://searchengineland.com/oskar-fischinger-google-doodle-honoring-filmmaker-visual-artist-doubles-musical-instrument-277649", "row": 66, "column": 185, "tagName": "meta", "time": 22391.564415, "url": "", "pos": 1, "chunkLen": 1, "isStartTag": 1}}
06-28 14:48:41.782 25632 25644 E WProf.db: {"WprofHTMLTag": {"code": "0xaf047fa0", "doc": "http://searchengineland.com/oskar-fischinger-google-doodle-honoring-filmmaker-visual-artist-doubles-musical-instrument-277649", "row": 67, "column": 40, "tagName": "meta", "time": 22391.564549, "url": "", "pos": 1, "chunkLen": 1, "isStartTag": 1}}
06-28 14:48:41.782 25632 25644 E WProf.db: {"WprofHTMLTag": {"code": "0xaf047fd0", "doc": "http://searchengineland.com/oskar-fischinger-google-doodle-honoring-filmmaker-visual-artist-doubles-musical-instrument-277649", "row": 68, "column": 167, "tagName": "meta", "time": 22391.564678, "url": "", "pos": 1, "chunkLen": 1, "isStartTag": 1}}
06-28 14:48:41.782 25632 25644 E WProf.db: {"WprofHTMLTag": {"code": "0xb4cc74b0", "doc": "http://searchengineland.com/oskar-fischinger-google-doodle-honoring-filmmaker-visual-artist-doubles-musical-instrument-277649", "row": 69, "column": 37, "tagName": "meta", "time": 22391.564804, "url": "", "pos": 1, "chunkLen": 1, "isStartTag": 1}}
06-28 14:48:41.783 25632 25644 E WProf.db: {"WprofHTMLTag": {"code": "0xb4cc7540", "doc": "http://searchengineland.com/oskar-fischinger-google-doodle-honoring-filmmaker-visual-artist-doubles-musical-instrument-277649", "row": 70, "column": 157, "tagName": "link", "time": 22391.564934, "url": "http://searchengineland.com/oskar-fischinger-google-doodle-honoring-filmmaker-visual-artist-doubles-musical-instrument-277649", "pos": 1, "chunkLen": 1, "isStartTag": 1}}
06-28 14:48:41.783 25632 25644 E WProf.db: {"WprofHTMLTag": {"code": "0xb4cc78a0", "doc": "http://searchengineland.com/oskar-fischinger-google-doodle-honoring-filmmaker-visual-artist-doubles-musical-instrument-277649", "row": 71, "column": 76, "tagName": "link", "time": 22391.565164, "url": "https://plus.google.com/103218677032751327334", "pos": 1, "chunkLen": 1, "isStartTag": 1}}
06-28 14:48:41.783 25632 25644 E WProf.db: {"WprofHTMLTag": {"code": "0xb4cc78d0", "doc": "http://searchengineland.com/oskar-fischinger-google-doodle-honoring-filmmaker-visual-artist-doubles-musical-instrument-277649", "row": 72, "column": 45, "tagName": "meta", "time": 22391.565386, "url": "", "pos": 1, "chunkLen": 1, "isStartTag": 1}}
06-28 14:48:41.783 25632 25644 E WProf.db: {"WprofHTMLTag": {"code": "0xb4cc7900", "doc": "http://searchengineland.com/oskar-fischinger-google-doodle-honoring-filmmaker-visual-artist-doubles-musical-instrument-277649", "row": 73, "column": 45, "tagName": "meta", "time": 22391.565527, "url": "", "pos": 1, "chunkLen": 1, "isStartTag": 1}}
06-28 14:48:41.783 25632 25644 E WProf.db: {"WprofHTMLTag": {"code": "0xb4cc7930", "doc": "http://searchengineland.com/oskar-fischinger-google-doodle-honoring-filmmaker-visual-artist-doubles-musical-instrument-277649", "row": 74, "column": 142, "tagName": "meta", "time": 22391.565653, "url": "", "pos": 1, "chunkLen": 1, "isStartTag": 1}}
06-28 14:48:41.783 25632 25644 E WProf.db: {"WprofHTMLTag": {"code": "0xb4cc7960", "doc": "http://searchengineland.com/oskar-fischinger-google-doodle-honoring-filmmaker-visual-artist-doubles-musical-instrument-277649", "row": 75, "column": 193, "tagName": "meta", "time": 22391.565774, "url": "", "pos": 1, "chunkLen": 1, "isStartTag": 1}}
06-28 14:48:41.783 25632 25644 E WProf.db: {"WprofHTMLTag": {"code": "0xb4cc7990", "doc": "http://searchengineland.com/oskar-fischinger-google-doodle-honoring-filmmaker-visual-artist-doubles-musical-instrument-277649", "row": 76, "column": 162, "tagName": "meta", "time": 22391.565897, "url": "", "pos": 1, "chunkLen": 1, "isStartTag": 1}}
06-28 14:48:41.783 25632 25644 E WProf.db: {"WprofHTMLTag": {"code": "0xb4cc79c0", "doc": "http://searchengineland.com/oskar-fischinger-google-doodle-honoring-filmmaker-visual-artist-doubles-musical-instrument-277649", "row": 77, "column": 61, "tagName": "meta", "time": 22391.566027, "url": "", "pos": 1, "chunkLen": 1, "isStartTag": 1}}
06-28 14:48:41.783 25632 25644 E WProf.db: {"WprofHTMLTag": {"code": "0xb4cc79f0", "doc": "http://searchengineland.com/oskar-fischinger-google-doodle-honoring-filmmaker-visual-artist-doubles-musical-instrument-277649", "row": 78, "column": 89, "tagName": "meta", "time": 22391.566159, "url": "", "pos": 1, "chunkLen": 1, "isStartTag": 1}}
06-28 14:48:41.783 25632 25644 E WProf.db: {"WprofHTMLTag": {"code": "0xb4cc7a20", "doc": "http://searchengineland.com/oskar-fischinger-google-doodle-honoring-filmmaker-visual-artist-doubles-musical-instrument-277649", "row": 79, "column": 63, "tagName": "meta", "time": 22391.566282, "url": "", "pos": 1, "chunkLen": 1, "isStartTag": 1}}
06-28 14:48:41.783 25632 25644 E WProf.db: {"WprofHTMLTag": {"code": "0xb4cc7a50", "doc": "http://searchengineland.com/oskar-fischinger-google-doodle-honoring-filmmaker-visual-artist-doubles-musical-instrument-277649", "row": 80, "column": 78, "tagName": "meta", "time": 22391.566426, "url": "", "pos": 1, "chunkLen": 1, "isStartTag": 1}}
06-28 14:48:41.783 25632 25644 E WProf.db: {"WprofHTMLTag": {"code": "0xb4cc7a80", "doc": "http://searchengineland.com/oskar-fischinger-google-doodle-honoring-filmmaker-visual-artist-doubles-musical-instrument-277649", "row": 81, "column": 120, "tagName": "meta", "time": 22391.566564, "url": "", "pos": 1, "chunkLen": 1, "isStartTag": 1}}
06-28 14:48:41.783 25632 25644 E WProf.db: {"WprofHTMLTag": {"code": "0xb4cc7ab0", "doc": "http://searchengineland.com/oskar-fischinger-google-doodle-honoring-filmmaker-visual-artist-doubles-musical-instrument-277649", "row": 82, "column": 49, "tagName": "meta", "time": 22391.566684, "url": "", "pos": 1, "chunkLen": 1, "isStartTag": 1}}
06-28 14:48:41.783 25632 25644 E WProf.db: {"WprofHTMLTag": {"code": "0xb4cc7ae0", "doc": "http://searchengineland.com/oskar-fischinger-google-doodle-honoring-filmmaker-visual-artist-doubles-musical-instrument-277649", "row": 83, "column": 50, "tagName": "meta", "time": 22391.566820, "url": "", "pos": 1, "chunkLen": 1, "isStartTag": 1}}
06-28 14:48:41.784 25632 25644 E WProf.db: {"WprofHTMLTag": {"code": "0xb4cc7b10", "doc": "http://searchengineland.com/oskar-fischinger-google-doodle-honoring-filmmaker-visual-artist-doubles-musical-instrument-277649", "row": 84, "column": 58, "tagName": "meta", "time": 22391.566945, "url": "", "pos": 1, "chunkLen": 1, "isStartTag": 1}}
06-28 14:48:41.784 25632 25644 E WProf.db: {"WprofHTMLTag": {"code": "0xb4cc7b40", "doc": "http://searchengineland.com/oskar-fischinger-google-doodle-honoring-filmmaker-visual-artist-doubles-musical-instrument-277649", "row": 85, "column": 194, "tagName": "meta", "time": 22391.567087, "url": "", "pos": 1, "chunkLen": 1, "isStartTag": 1}}
06-28 14:48:41.784 25632 25644 E WProf.db: {"WprofHTMLTag": {"code": "0xb4cc7b70", "doc": "http://searchengineland.com/oskar-fischinger-google-doodle-honoring-filmmaker-visual-artist-doubles-musical-instrument-277649", "row": 86, "column": 143, "tagName": "meta", "time": 22391.567220, "url": "", "pos": 1, "chunkLen": 1, "isStartTag": 1}}
06-28 14:48:41.784 25632 25644 E WProf.db: {"WprofHTMLTag": {"code": "0xb4cc7ba0", "doc": "http://searchengineland.com/oskar-fischinger-google-doodle-honoring-filmmaker-visual-artist-doubles-musical-instrument-277649", "row": 87, "column": 51, "tagName": "meta", "time": 22391.567353, "url": "", "pos": 1, "chunkLen": 1, "isStartTag": 1}}
06-28 14:48:41.784 25632 25644 E WProf.db: {"WprofHTMLTag": {"code": "0xb4cc7bd0", "doc": "http://searchengineland.com/oskar-fischinger-google-doodle-honoring-filmmaker-visual-artist-doubles-musical-instrument-277649", "row": 88, "column": 121, "tagName": "meta", "time": 22391.567479, "url": "", "pos": 1, "chunkLen": 1, "isStartTag": 1}}
06-28 14:48:41.784 25632 25644 E WProf.db: {"WprofHTMLTag": {"code": "0xb4cc7c00", "doc": "http://searchengineland.com/oskar-fischinger-google-doodle-honoring-filmmaker-visual-artist-doubles-musical-instrument-277649", "row": 89, "column": 55, "tagName": "meta", "time": 22391.567615, "url": "", "pos": 1, "chunkLen": 1, "isStartTag": 1}}
06-28 14:48:41.784 25632 25644 E WProf.db: {"WprofHTMLTag": {"code": "0xb4cc7c30", "doc": "http://searchengineland.com/oskar-fischinger-google-doodle-honoring-filmmaker-visual-artist-doubles-musical-instrument-277649", "row": 92, "column": 44, "tagName": "link", "time": 22391.567750, "url": "http://s.w.org/", "pos": 1, "chunkLen": 1, "isStartTag": 1}}
06-28 14:48:41.784 25632 25644 E WProf.db: {"WprofHTMLTag": {"code": "0xb4cc7c60", "doc": "http://searchengineland.com/oskar-fischinger-google-doodle-honoring-filmmaker-visual-artist-doubles-musical-instrument-277649", "row": 93, "column": 33, "tagName": "script", "time": 22391.568014, "url": "", "pos": 1, "chunkLen": 1, "isStartTag": 1}}
06-28 14:48:41.784 25632 25644 E WProf.db: {"WprofHTMLTag": {"code": "0xb4cc7c90", "doc": "http://searchengineland.com/oskar-fischinger-google-doodle-honoring-filmmaker-visual-artist-doubles-musical-instrument-277649", "row": 96, "column": 11, "tagName": "script", "time": 22391.568441, "url": "http://searchengineland.com/figz/wp-includes/js/wp-emoji-release.min.js?ver=4.7.5", "pos": 1, "chunkLen": 1, "isStartTag": 0}}
06-28 14:48:41.784 25632 25644 E WProf.db: {"WprofHTMLTag": {"code": "0x9d491960", "doc": "http://searchengineland.com/oskar-fischinger-google-doodle-honoring-filmmaker-visual-artist-doubles-musical-instrument-277649", "row": 97, "column": 25, "tagName": "style", "time": 22392.272408, "url": "", "pos": 1, "chunkLen": 1, "isStartTag": 1}}
06-28 14:48:41.784 25632 25644 E WProf.db: {"WprofHTMLTag": {"code": "0x9d491990", "doc": "http://searchengineland.com/oskar-fischinger-google-doodle-honoring-filmmaker-visual-artist-doubles-musical-instrument-277649", "row": 110, "column": 8, "tagName": "style", "time": 22392.272592, "url": "", "pos": 1, "chunkLen": 1, "isStartTag": 0}}
06-28 14:48:41.784 25632 25644 E WProf.db: {"WprofHTMLTag": {"code": "0x9d4919c0", "doc": "http://searchengineland.com/oskar-fischinger-google-doodle-honoring-filmmaker-visual-artist-doubles-musical-instrument-277649", "row": 111, "column": 140, "tagName": "script", "time": 22392.274434, "url": "http://searchengineland.com/figz/wp-content/themes/searchengineland/js/lib/modernizr.custom.js?ver=1.0", "pos": 1, "chunkLen": 1, "isStartTag": 1}}
06-28 14:48:41.785 25632 25644 E WProf.db: {"WprofHTMLTag": {"code": "0x9d4919f0", "doc": "http://searchengineland.com/oskar-fischinger-google-doodle-honoring-filmmaker-visual-artist-doubles-musical-instrument-277649", "row": 111, "column": 149, "tagName": "script", "time": 22392.274926, "url": "", "pos": 1, "chunkLen": 1, "isStartTag": 0}}
06-28 14:48:41.785 25632 25644 E WProf.db: {"WprofHTMLTag": {"code": "0x9d491a80", "doc": "http://searchengineland.com/oskar-fischinger-google-doodle-honoring-filmmaker-visual-artist-doubles-musical-instrument-277649", "row": 112, "column": 144, "tagName": "script", "time": 22392.282096, "url": "http://searchengineland.com/figz/wp-content/themes/searchengineland/js/lib/jquery-1.11.0.min.js?ver=1.11.0", "pos": 1, "chunkLen": 1, "isStartTag": 1}}
06-28 14:48:41.785 25632 25644 E WProf.db: {"WprofHTMLTag": {"code": "0x9d491ab0", "doc": "http://searchengineland.com/oskar-fischinger-google-doodle-honoring-filmmaker-visual-artist-doubles-musical-instrument-277649", "row": 112, "column": 153, "tagName": "script", "time": 22392.282344, "url": "", "pos": 1, "chunkLen": 1, "isStartTag": 0}}
06-28 14:48:41.785 25632 25644 E WProf.db: {"WprofHTMLTag": {"code": "0xaedd7c00", "doc": "http://searchengineland.com/oskar-fischinger-google-doodle-honoring-filmmaker-visual-artist-doubles-musical-instrument-277649", "row": 0, "column": 15, "tagName": "div", "time": 22392.344454, "url": "", "pos": 15, "chunkLen": 44, "isStartTag": 1}}
06-28 14:48:41.785 25632 25644 E WProf.db: {"WprofHTMLTag": {"code": "0xaedd79f0", "doc": "http://searchengineland.com/oskar-fischinger-google-doodle-honoring-filmmaker-visual-artist-doubles-musical-instrument-277649", "row": 0, "column": 21, "tagName": "div", "time": 22392.344596, "url": "", "pos": 21, "chunkLen": 44, "isStartTag": 0}}
06-28 14:48:41.785 25632 25644 E WProf.db: {"WprofHTMLTag": {"code": "0xaedd7b10", "doc": "http://searchengineland.com/oskar-fischinger-google-doodle-honoring-filmmaker-visual-artist-doubles-musical-instrument-277649", "row": 0, "column": 38, "tagName": "div", "time": 22392.344659, "url": "", "pos": 38, "chunkLen": 44, "isStartTag": 1}}
06-28 14:48:41.785 25632 25644 E WProf.db: {"WprofHTMLTag": {"code": "0xaedd7ae0", "doc": "http://searchengineland.com/oskar-fischinger-google-doodle-honoring-filmmaker-visual-artist-doubles-musical-instrument-277649", "row": 0, "column": 44, "tagName": "div", "time": 22392.344773, "url": "", "pos": 44, "chunkLen": 44, "isStartTag": 0}}
06-28 14:48:41.785 25632 25644 E WProf.db: {"WprofHTMLTag": {"code": "0xaedd7ab0", "doc": "http://searchengineland.com/oskar-fischinger-google-doodle-honoring-filmmaker-visual-artist-doubles-musical-instrument-277649", "row": 0, "column": 13, "tagName": "select", "time": 22392.346158, "url": "", "pos": 13, "chunkLen": 51, "isStartTag": 1}}
06-28 14:48:41.785 25632 25644 E WProf.db: {"WprofHTMLTag": {"code": "0x9d491ae0", "doc": "http://searchengineland.com/oskar-fischinger-google-doodle-honoring-filmmaker-visual-artist-doubles-musical-instrument-277649", "row": 0, "column": 33, "tagName": "option", "time": 22392.346341, "url": "", "pos": 33, "chunkLen": 51, "isStartTag": 1}}
06-28 14:48:41.785 25632 25644 E WProf.db: {"WprofHTMLTag": {"code": "0x9d491b10", "doc": "http://searchengineland.com/oskar-fischinger-google-doodle-honoring-filmmaker-visual-artist-doubles-musical-instrument-277649", "row": 0, "column": 42, "tagName": "option", "time": 22392.346538, "url": "", "pos": 42, "chunkLen": 51, "isStartTag": 0}}
06-28 14:48:41.785 25632 25644 E WProf.db: {"WprofHTMLTag": {"code": "0x9d491b40", "doc": "http://searchengineland.com/oskar-fischinger-google-doodle-honoring-filmmaker-visual-artist-doubles-musical-instrument-277649", "row": 0, "column": 51, "tagName": "select", "time": 22392.346596, "url": "", "pos": 51, "chunkLen": 51, "isStartTag": 0}}
06-28 14:48:41.785 25632 25644 E WProf.db: {"WprofHTMLTag": {"code": "0x9d491b70", "doc": "http://searchengineland.com/oskar-fischinger-google-doodle-honoring-filmmaker-visual-artist-doubles-musical-instrument-277649", "row": 0, "column": 12, "tagName": "a", "time": 22392.351048, "url": "", "pos": 12, "chunkLen": 16, "isStartTag": 1}}
06-28 14:48:41.785 25632 25644 E WProf.db: {"WprofHTMLTag": {"code": "0x9d491ba0", "doc": "http://searchengineland.com/oskar-fischinger-google-doodle-honoring-filmmaker-visual-artist-doubles-musical-instrument-277649", "row": 0, "column": 16, "tagName": "a", "time": 22392.351218, "url": "", "pos": 16, "chunkLen": 16, "isStartTag": 0}}
06-28 14:48:41.786 25632 25644 E WProf.db: {"WprofHTMLTag": {"code": "0x9d491bd0", "doc": "http://searchengineland.com/oskar-fischinger-google-doodle-honoring-filmmaker-visual-artist-doubles-musical-instrument-277649", "row": 0, "column": 8, "tagName": "input", "time": 22392.352213, "url": "", "pos": 8, "chunkLen": 8, "isStartTag": 1}}
06-28 14:48:41.786 25632 25644 E WProf.db: {"WprofHTMLTag": {"code": "0x9d491c00", "doc": "http://searchengineland.com/oskar-fischinger-google-doodle-honoring-filmmaker-visual-artist-doubles-musical-instrument-277649", "row": 0, "column": 9, "tagName": "link", "time": 22392.361901, "url": "", "pos": 9, "chunkLen": 42, "isStartTag": 1}}
06-28 14:48:41.786 25632 25644 E WProf.db: {"WprofHTMLTag": {"code": "0x9d491c30", "doc": "http://searchengineland.com/oskar-fischinger-google-doodle-honoring-filmmaker-visual-artist-doubles-musical-instrument-277649", "row": 0, "column": 16, "tagName": "table", "time": 22392.362021, "url": "", "pos": 16, "chunkLen": 42, "isStartTag": 1}}
06-28 14:48:41.786 25632 25644 E WProf.db: {"WprofHTMLTag": {"code": "0x9d491c60", "doc": "http://searchengineland.com/oskar-fischinger-google-doodle-honoring-filmmaker-visual-artist-doubles-musical-instrument-277649", "row": 0, "column": 24, "tagName": "table", "time": 22392.362471, "url": "", "pos": 24, "chunkLen": 42, "isStartTag": 0}}
06-28 14:48:41.786 25632 25644 E WProf.db: {"WprofHTMLTag": {"code": "0x9d491c90", "doc": "http://searchengineland.com/oskar-fischinger-google-doodle-honoring-filmmaker-visual-artist-doubles-musical-instrument-277649", "row": 0, "column": 37, "tagName": "a", "time": 22392.362547, "url": "", "pos": 37, "chunkLen": 42, "isStartTag": 1}}
06-28 14:48:41.786 25632 25644 E WProf.db: {"WprofHTMLTag": {"code": "0x9d491cc0", "doc": "http://searchengineland.com/oskar-fischinger-google-doodle-honoring-filmmaker-visual-artist-doubles-musical-instrument-277649", "row": 0, "column": 42, "tagName": "a", "time": 22392.362725, "url": "", "pos": 42, "chunkLen": 42, "isStartTag": 0}}
06-28 14:48:41.786 25632 25644 E WProf.db: {"WprofHTMLTag": {"code": "0x9d491d50", "doc": "http://searchengineland.com/oskar-fischinger-google-doodle-honoring-filmmaker-visual-artist-doubles-musical-instrument-277649", "row": 0, "column": 10, "tagName": "textarea", "time": 22392.364035, "url": "", "pos": 10, "chunkLen": 22, "isStartTag": 1}}
06-28 14:48:41.786 25632 25644 E WProf.db: {"WprofHTMLTag": {"code": "0x9d491d80", "doc": "http://searchengineland.com/oskar-fischinger-google-doodle-honoring-filmmaker-visual-artist-doubles-musical-instrument-277649", "row": 0, "column": 22, "tagName": "textarea", "time": 22392.364244, "url": "", "pos": 22, "chunkLen": 22, "isStartTag": 0}}
06-28 14:48:41.786 25632 25644 E WProf.db: {"WprofHTMLTag": {"code": "0x9d491db0", "doc": "http://searchengineland.com/oskar-fischinger-google-doodle-honoring-filmmaker-visual-artist-doubles-musical-instrument-277649", "row": 0, "column": 48, "tagName": "input", "time": 22392.365894, "url": "", "pos": 48, "chunkLen": 48, "isStartTag": 1}}
06-28 14:48:41.786 25632 25644 E WProf.db: {"WprofHTMLTag": {"code": "0x9d491e10", "doc": "http://searchengineland.com/oskar-fischinger-google-doodle-honoring-filmmaker-visual-artist-doubles-musical-instrument-277649", "row": 0, "column": 9, "tagName": "link", "time": 22392.370448, "url": "", "pos": 9, "chunkLen": 66, "isStartTag": 1}}
06-28 14:48:41.786 25632 25644 E WProf.db: {"WprofHTMLTag": {"code": "0x9d491e40", "doc": "http://searchengineland.com/oskar-fischinger-google-doodle-honoring-filmmaker-visual-artist-doubles-musical-instrument-277649", "row": 0, "column": 16, "tagName": "table", "time": 22392.370576, "url": "", "pos": 16, "chunkLen": 66, "isStartTag": 1}}
06-28 14:48:41.786 25632 25644 E WProf.db: {"WprofHTMLTag": {"code": "0x9d491e70", "doc": "http://searchengineland.com/oskar-fischinger-google-doodle-honoring-filmmaker-visual-artist-doubles-musical-instrument-277649", "row": 0, "column": 24, "tagName": "table", "time": 22392.370649, "url": "", "pos": 24, "chunkLen": 66, "isStartTag": 0}}
06-28 14:48:41.786 25632 25644 E WProf.db: {"WprofHTMLTag": {"code": "0x9d491ea0", "doc": "http://searchengineland.com/oskar-fischinger-google-doodle-honoring-filmmaker-visual-artist-doubles-musical-instrument-277649", "row": 0, "column": 37, "tagName": "a", "time": 22392.370716, "url": "", "pos": 37, "chunkLen": 66, "isStartTag": 1}}
06-28 14:48:41.787 25632 25644 E WProf.db: {"WprofHTMLTag": {"code": "0x9d491ed0", "doc": "http://searchengineland.com/oskar-fischinger-google-doodle-honoring-filmmaker-visual-artist-doubles-musical-instrument-277649", "row": 0, "column": 42, "tagName": "a", "time": 22392.370887, "url": "", "pos": 42, "chunkLen": 66, "isStartTag": 0}}
06-28 14:48:41.787 25632 25644 E WProf.db: {"WprofHTMLTag": {"code": "0x9d491f00", "doc": "http://searchengineland.com/oskar-fischinger-google-doodle-honoring-filmmaker-visual-artist-doubles-musical-instrument-277649", "row": 0, "column": 66, "tagName": "input", "time": 22392.370951, "url": "", "pos": 66, "chunkLen": 66, "isStartTag": 1}}
06-28 14:48:41.787 25632 25644 E WProf.db: {"WprofHTMLTag": {"code": "0x9d491f90", "doc": "http://searchengineland.com/oskar-fischinger-google-doodle-honoring-filmmaker-visual-artist-doubles-musical-instrument-277649", "row": 0, "column": 9, "tagName": "link", "time": 22392.372680, "url": "", "pos": 9, "chunkLen": 66, "isStartTag": 1}}
06-28 14:48:41.787 25632 25644 E WProf.db: {"WprofHTMLTag": {"code": "0x9d491fc0", "doc": "http://searchengineland.com/oskar-fischinger-google-doodle-honoring-filmmaker-visual-artist-doubles-musical-instrument-277649", "row": 0, "column": 16, "tagName": "table", "time": 22392.372787, "url": "", "pos": 16, "chunkLen": 66, "isStartTag": 1}}
06-28 14:48:41.787 25632 25644 E WProf.db: {"WprofHTMLTag": {"code": "0x9d491ff0", "doc": "http://searchengineland.com/oskar-fischinger-google-doodle-honoring-filmmaker-visual-artist-doubles-musical-instrument-277649", "row": 0, "column": 24, "tagName": "table", "time": 22392.372857, "url": "", "pos": 24, "chunkLen": 66, "isStartTag": 0}}
06-28 14:48:41.787 25632 25644 E WProf.db: {"WprofHTMLTag": {"code": "0x9d492020", "doc": "http://searchengineland.com/oskar-fischinger-google-doodle-honoring-filmmaker-visual-artist-doubles-musical-instrument-277649", "row": 0, "column": 37, "tagName": "a", "time": 22392.372933, "url": "", "pos": 37, "chunkLen": 66, "isStartTag": 1}}
06-28 14:48:41.787 25632 25644 E WProf.db: {"WprofHTMLTag": {"code": "0x9d492050", "doc": "http://searchengineland.com/oskar-fischinger-google-doodle-honoring-filmmaker-visual-artist-doubles-musical-instrument-277649", "row": 0, "column": 42, "tagName": "a", "time": 22392.373103, "url": "", "pos": 42, "chunkLen": 66, "isStartTag": 0}}
06-28 14:48:41.787 25632 25644 E WProf.db: {"WprofHTMLTag": {"code": "0x9d492080", "doc": "http://searchengineland.com/oskar-fischinger-google-doodle-honoring-filmmaker-visual-artist-doubles-musical-instrument-277649", "row": 0, "column": 66, "tagName": "input", "time": 22392.373165, "url": "", "pos": 66, "chunkLen": 66, "isStartTag": 1}}
06-28 14:48:41.787 25632 25644 E WProf.db: {"WprofHTMLTag": {"code": "0x9d4920e0", "doc": "http://searchengineland.com/oskar-fischinger-google-doodle-honoring-filmmaker-visual-artist-doubles-musical-instrument-277649", "row": 0, "column": 9, "tagName": "link", "time": 22392.383465, "url": "", "pos": 9, "chunkLen": 66, "isStartTag": 1}}
06-28 14:48:41.787 25632 25644 E WProf.db: {"WprofHTMLTag": {"code": "0x9d492110", "doc": "http://searchengineland.com/oskar-fischinger-google-doodle-honoring-filmmaker-visual-artist-doubles-musical-instrument-277649", "row": 0, "column": 16, "tagName": "table", "time": 22392.383585, "url": "", "pos": 16, "chunkLen": 66, "isStartTag": 1}}
06-28 14:48:41.787 25632 25644 E WProf.db: {"WprofHTMLTag": {"code": "0x9d492140", "doc": "http://searchengineland.com/oskar-fischinger-google-doodle-honoring-filmmaker-visual-artist-doubles-musical-instrument-277649", "row": 0, "column": 24, "tagName": "table", "time": 22392.383657, "url": "", "pos": 24, "chunkLen": 66, "isStartTag": 0}}
