--------- beginning of main
06-28 12:25:30.885  3449  3449 E Finsky  : [1] com.google.android.finsky.wear.bl.a(3): onConnectionFailed: ConnectionResult{statusCode=API_UNAVAILABLE, resolution=null, message=null}
--------- beginning of system
06-28 12:25:32.000  8362  8362 E chromium: [ERROR:shell_integration_android.cc(12)] Not implemented reached in static ShellIntegration::DefaultWebClientSetPermission ShellIntegration::CanSetAsDefaultBrowser()
06-28 12:25:32.004  8362  8362 E chromium: [ERROR:browser_process_impl.cc(720)] Not implemented reached in virtual BackgroundModeManager* BrowserProcessImpl::background_mode_manager()
06-28 12:25:32.312  3218 10777 E AudioRecord-JNI: Error -4 during AudioRecord native read
06-28 12:25:34.694  8362  8411 E chromium: [ERROR:gles2_cmd_decoder.cc(3852)] [.ChromiumCompositor-0xacbb2fc0]GL ERROR :GL_INVALID_ENUM : glDiscardFramebufferEXT: attachments was GL_COLOR_EXT
06-28 12:25:35.103  8432  8445 E WPROF   : {"CSS": {"url": "http://searchengineland.com/figz/wp-content/themes/searchengineland/css/searchengineland-bootstrap.css", "requestTime": 13812.158981}}
06-28 12:25:35.104  8432  8445 E WPROF   : {"CSS": {"url": "http://fonts.googleapis.com/css?family=Oswald:300,400,700", "requestTime": 13812.159504}}
06-28 12:25:35.104  8432  8445 E WPROF   : {"CSS": {"url": "http://searchengineland.com/figz/wp-content/themes/searchengineland/style.css", "requestTime": 13812.160119}}
06-28 12:25:35.109  8432  8445 E WPROF   : {"Javascript": {"url": "http://searchengineland.com/figz/wp-content/themes/searchengineland/js/lib/modernizr.custom.js?ver=1.0", "requestTime": 13812.164834}}
06-28 12:25:35.110  8432  8445 E WPROF   : {"Javascript": {"url": "http://searchengineland.com/figz/wp-content/themes/searchengineland/js/lib/jquery-1.11.0.min.js?ver=1.11.0", "requestTime": 13812.165312}}
06-28 12:25:35.110  8432  8445 E WPROF   : {"Javascript": {"url": "http://searchengineland.com/figz/wp-content/themes/searchengineland/js/lib/jquery-ui-1.10.3.custom.min.js?ver=1.10.3", "requestTime": 13812.165718}}
06-28 12:25:35.110  8432  8445 E WPROF   : {"Javascript": {"url": "http://searchengineland.com/figz/wp-content/themes/searchengineland/js/lib/jquery.ba-throttle-debounce.min.js?ver=1.1", "requestTime": 13812.166091}}
06-28 12:25:35.111  8432  8445 E WPROF   : {"Javascript": {"url": "http://searchengineland.com/figz/wp-content/themes/searchengineland/js/lib/jquery.countdown.min.js?ver=2.0.4", "requestTime": 13812.166565}}
06-28 12:25:35.112  8432  8445 E WPROF   : {"Javascript": {"url": "http://static.chartbeat.com/js/chartbeat_mab.js", "requestTime": 13812.167543}}
06-28 12:25:35.805  8432  8445 E WPROF   : {"Javascript": {"url": "http://searchengineland.com/figz/wp-includes/js/wp-emoji-release.min.js?ver=4.7.5", "requestTime": 13812.861134}}
06-28 12:25:36.298  8432  8445 E WPROF   : {"Javascript": {"url": "http://www.googletagservices.com/tag/js/gpt.js", "requestTime": 13813.354202}}
06-28 12:25:36.303  8432  8445 E WPROF   : {"Javascript": {"url": "https://www.google-analytics.com/analytics.js", "requestTime": 13813.358468}}
06-28 12:25:36.306  8432  8445 E WPROF   : {"Javascript": {"url": "http://edge.quantserve.com/quant.js", "requestTime": 13813.361531}}
06-28 12:25:36.309  8432  8445 E WPROF   : {"Javascript": {"url": "https://connect.facebook.net/en_US/fbevents.js", "requestTime": 13813.364311}}
06-28 12:25:36.361  8362  8411 E chromium: [ERROR:gles2_cmd_decoder.cc(3852)] [.ChromiumCompositor-0xacbb2fc0]GL ERROR :GL_INVALID_ENUM : glDiscardFramebufferEXT: attachments was GL_COLOR_EXT
06-28 12:25:36.402  8432  8445 E WPROF   : {"Javascript": {"url": "http://app-sj02.marketo.com/js/forms2/js/forms2.min.js", "requestTime": 13813.458030}}
06-28 12:25:36.482  8362  8411 E chromium: [ERROR:gles2_cmd_decoder.cc(3852)] [.ChromiumCompositor-0xacbb2fc0]GL ERROR :GL_INVALID_ENUM : glDiscardFramebufferEXT: attachments was GL_COLOR_EXT
06-28 12:25:36.508  8432  8445 E WPROF   : {"Javascript": {"url": "https://connect.facebook.net/signals/config/423979991297359?v=2.7.17", "requestTime": 13813.563913}}
06-28 12:25:36.657  8432  8445 E WPROF   : {"Javascript": {"url": "http://app-sj02.marketo.com/index.php/form/getForm?munchkinId=727-ZQE-044&form=5691&url=http%3A%2F%2Fsearchengineland.com%2Fpaid-search-trends-merkle-q1-2017-274043&callback=jQuery110208609919776208699_1498620336593&_=1498620336594", "requestTime": 13813.712826}}
06-28 12:25:36.674  8432  8445 E WPROF   : {"Javascript": {"url": "http://app-sj02.marketo.com/index.php/form/getForm?munchkinId=727-ZQE-044&form=5685&url=http%3A%2F%2Fsearchengineland.com%2Fpaid-search-trends-merkle-q1-2017-274043&callback=jQuery110208609919776208699_1498620336595&_=1498620336596", "requestTime": 13813.729736}}
06-28 12:25:36.900  8432  8445 E WPROF   : {"Javascript": {"url": "http://app-sj02.marketo.com/index.php/form/getForm?munchkinId=727-ZQE-044&form=5673&url=http%3A%2F%2Fsearchengineland.com%2Fpaid-search-trends-merkle-q1-2017-274043&callback=jQuery110208609919776208699_1498620336597&_=1498620336598", "requestTime": 13813.955915}}
06-28 12:25:36.910  8432  8445 E WPROF   : {"Javascript": {"url": "http://searchengineland.com/js/ga_social_tracking.js", "requestTime": 13813.965333}}
06-28 12:25:36.913  8432  8445 E WPROF   : {"Javascript": {"url": "http://s7.addthis.com/js/300/addthis_widget.js#pubid=ra-53e918f660794f37", "requestTime": 13813.969051}}
06-28 12:25:36.961  8432  8445 E WPROF   : {"Javascript": {"url": "https://securepubads.g.doubleclick.net/gpt/pubads_impl_121.js", "requestTime": 13814.017041}}
06-28 12:25:37.003  8362  8411 E chromium: [ERROR:gles2_cmd_decoder.cc(3852)] [.ChromiumCompositor-0xacbb2fc0]GL ERROR :GL_INVALID_ENUM : glDiscardFramebufferEXT: attachments was GL_COLOR_EXT
06-28 12:25:37.390  8432  8445 E WPROF   : {"Javascript": {"url": "http://cdn.api.twitter.com/1/users/show.json?screen_name=ginnymarvin&callback=twttr.setFollowersCount", "requestTime": 13814.445765}}
06-28 12:25:37.575   862  1657 E LocSvc_IzatApiV02: E/virtual int izat_core::IzatApiV02::getBatchSize(int32_t):522]: Error : st = 4, ind.status = -1628389555
06-28 12:25:37.575   862  1657 E LocSvc_IzatApiV02: E/virtual int izat_core::IzatApiV02::getBatchSize(int32_t):535]: get batching size failed.Or modem does not support batching 
06-28 12:25:37.581  8432  8445 E WPROF   : {"Javascript": {"url": "https://static.xx.fbcdn.net/rsrc.php/v3iy6L4/yk/l/ko_KR/be4fIjHRc8P.js", "requestTime": 13814.636263}}
06-28 12:25:37.584   862  1657 E LocSvc_IzatApiV02: E/virtual int izat_core::IzatApiV02::getBatchSize(int32_t):522]: Error : st = 4, ind.status = -1628389555
06-28 12:25:37.584   862  1657 E LocSvc_IzatApiV02: E/virtual int izat_core::IzatApiV02::getBatchSize(int32_t):535]: get batching size failed.Or modem does not support batching 
06-28 12:25:37.615  8432  8445 E WPROF   : {"Javascript": {"url": "http://d2j3qa5nc37287.cloudfront.net/coupon_code1.js", "requestTime": 13814.670568}}
06-28 12:25:37.617  8432  8445 E WPROF   : {"Javascript": {"url": "http://www.googleadservices.com/pagead/conversion.js", "requestTime": 13814.672835}}
06-28 12:25:37.618  8432  8445 E WPROF   : {"Javascript": {"url": "http://searchengineland.com/figz/wp-content/themes/searchengineland/js/script.js?ver=1.0", "requestTime": 13814.673735}}
06-28 12:25:37.619  8432  8445 E WPROF   : {"Javascript": {"url": "http://searchengineland.com/figz/wp-includes/js/wp-embed.min.js?ver=4.7.5", "requestTime": 13814.674221}}
06-28 12:25:37.619  8432  8445 E WPROF   : {"Javascript": {"url": "http://searchengineland.com/figz/wp-content/themes/searchengineland/js/modules/sharing_controls.js", "requestTime": 13814.674704}}
06-28 12:25:37.620   862  1657 E LocSvc_IzatApiV02: E/virtual int izat_core::IzatApiV02::getBatchSize(int32_t):522]: Error : st = 4, ind.status = -1628389555
06-28 12:25:37.620   862  1657 E LocSvc_IzatApiV02: E/virtual int izat_core::IzatApiV02::getBatchSize(int32_t):535]: get batching size failed.Or modem does not support batching 
06-28 12:25:37.628   862  1657 E LocSvc_IzatApiV02: E/virtual int izat_core::IzatApiV02::getBatchSize(int32_t):522]: Error : st = 4, ind.status = -1628389555
06-28 12:25:37.628   862  1657 E LocSvc_IzatApiV02: E/virtual int izat_core::IzatApiV02::getBatchSize(int32_t):535]: get batching size failed.Or modem does not support batching 
06-28 12:25:37.660  8432  8445 E WPROF   : {"CSS": {"url": "http://app-sj02.marketo.com/js/forms2/css/forms2.css", "requestTime": 13814.716121}}
06-28 12:25:37.664  8432  8445 E WPROF   : {"CSS": {"url": "http://app-sj02.marketo.com/js/forms2/css/forms2-theme-simple.css", "requestTime": 13814.719636}}
06-28 12:25:37.776  8362  8411 E chromium: [ERROR:gles2_cmd_decoder.cc(3852)] [.ChromiumCompositor-0xacbb2fc0]GL ERROR :GL_INVALID_ENUM : glDiscardFramebufferEXT: attachments was GL_COLOR_EXT
06-28 12:25:38.332  8432  8445 E WPROF   : {"Javascript": {"url": "https://securepubads.g.doubleclick.net/gampad/ads?gdfp_req=1&correlator=6809941180416&output=json_html&callback=googletag.impl.pubads.callbackProxy1&impl=fifs&json_a=1&eid=108809080%2C21060082%2C108809107%2C21060133&sc=0&sfv=1-0-9&iu_parts=1038259%2Csel-ciu-1%2Csel-ciu-2%2Csel-ciu-3%2Csel-ciu-4%2Cse", "requestTime": 13815.387346}}
06-28 12:25:38.526  8362  8411 E chromium: [ERROR:gles2_cmd_decoder.cc(3852)] [.ChromiumCompositor-0xacbb2fc0]GL ERROR :GL_INVALID_ENUM : glDiscardFramebufferEXT: attachments was GL_COLOR_EXT
06-28 12:25:39.039  8432  8445 E WPROF   : {"CSS": {"url": "https://www.youtube.com/yts/cssbin/www-embed-player-sprite-mode-vfl5G4Xm8.css", "requestTime": 13816.095094}}
06-28 12:25:39.041  8432  8445 E WPROF   : {"Javascript": {"url": "https://www.youtube.com/yts/jsbin/www-embed-player-vfl_UY_j8/www-embed-player.js", "requestTime": 13816.096587}}
06-28 12:25:39.041  8432  8445 E WPROF   : {"Javascript": {"url": "https://www.youtube.com/yts/jsbin/player-vflo1w4O-/ko_KR/base.js", "requestTime": 13816.097026}}
06-28 12:25:39.079  8362  8411 E chromium: [ERROR:gles2_cmd_decoder.cc(3852)] [.ChromiumCompositor-0xacbb2fc0]GL ERROR :GL_INVALID_ENUM : glDiscardFramebufferEXT: attachments was GL_COLOR_EXT
06-28 12:25:40.036  8362  8411 E chromium: [ERROR:gles2_cmd_decoder.cc(3852)] [.ChromiumCompositor-0xacbb2fc0]GL ERROR :GL_INVALID_ENUM : glDiscardFramebufferEXT: attachments was GL_COLOR_EXT
06-28 12:25:40.360  8362  8411 E chromium: [ERROR:gles2_cmd_decoder.cc(3852)] [.ChromiumCompositor-0xacbb2fc0]GL ERROR :GL_INVALID_ENUM : glDiscardFramebufferEXT: attachments was GL_COLOR_EXT
06-28 12:25:41.215  8432  8445 E WPROF   : {"Javascript": {"url": "https://www.google.com/js/bg/KWBfAnWFESAEEaKKgdYlTHY9ysQaNoQuzeMFqvxDSM8.js", "requestTime": 13818.271130}}
06-28 12:25:41.218  8432  8445 E WPROF   : {"Javascript": {"url": "https://static.doubleclick.net/instream/ad_status.js", "requestTime": 13818.273261}}
06-28 12:25:41.522  8362  8411 E chromium: [ERROR:gles2_cmd_decoder.cc(3852)] [.ChromiumCompositor-0xacbb2fc0]GL ERROR :GL_INVALID_ENUM : glDiscardFramebufferEXT: attachments was GL_COLOR_EXT
06-28 12:25:41.627  8432  8445 E WPROF   : {"Javascript": {"url": "http://www.justuno.com/ajax/account_version_check.html?id=828FA275-FF73-401E-AA39-40F5A6FAB6B1", "requestTime": 13818.682572}}
06-28 12:25:41.666  8362  8411 E chromium: [ERROR:gles2_cmd_decoder.cc(3852)] [.ChromiumCompositor-0xacbb2fc0]GL ERROR :GL_INVALID_ENUM : glDiscardFramebufferEXT: attachments was GL_COLOR_EXT
06-28 12:25:41.694  8432  8445 E WPROF   : {"Javascript": {"url": "https://tpc.googlesyndication.com/pagead/js/r20170619/r20110914/client/ext/m_window_focus_non_hydra.js", "requestTime": 13818.749289}}
06-28 12:25:41.700  8432  8445 E WPROF   : {"Javascript": {"url": "https://tpc.googlesyndication.com/pagead/js/r20170619/r20110914/activeview/osd_listener.js", "requestTime": 13818.755872}}
06-28 12:25:41.706  8432  8445 E WPROF   : {"Javascript": {"url": "http://pagead2.googlesyndication.com/pagead/osd.js", "requestTime": 13818.761524}}
06-28 12:25:41.855  8362  8411 E chromium: [ERROR:gles2_cmd_decoder.cc(3852)] [.ChromiumCompositor-0xacbb2fc0]GL ERROR :GL_INVALID_ENUM : glDiscardFramebufferEXT: attachments was GL_COLOR_EXT
06-28 12:25:41.932  8362  8411 E chromium: [ERROR:gles2_cmd_decoder.cc(3852)] [.ChromiumCompositor-0xacbb2fc0]GL ERROR :GL_INVALID_ENUM : glDiscardFramebufferEXT: attachments was GL_COLOR_EXT
06-28 12:25:42.876  8362  8411 E chromium: [ERROR:gles2_cmd_decoder.cc(3852)] [.ChromiumCompositor-0xacbb2fc0]GL ERROR :GL_INVALID_ENUM : glDiscardFramebufferEXT: attachments was GL_COLOR_EXT
06-28 12:25:43.036  8432  8445 E WPROF   : {"Javascript": {"url": "http://cdn.justuno.com/mwgt_3.6.js", "requestTime": 13820.091548}}
06-28 12:25:43.562  8362  8411 E chromium: [ERROR:gles2_cmd_decoder.cc(3852)] [.ChromiumCompositor-0xacbb2fc0]GL ERROR :GL_INVALID_ENUM : glDiscardFramebufferEXT: attachments was GL_COLOR_EXT
06-28 12:25:43.926  8432  8445 E WPROF   : {"Javascript": {"url": "https://app-sj02.marketo.com/js/forms2/js/forms2.min.js", "requestTime": 13820.982103}}
06-28 12:25:44.267  8432  8445 E WProf.db: {"page": "searchengineland.com_paid-search-trends-merkle-q1-2017-274043"}
06-28 12:25:44.267  8432  8445 E WProf.db: {"DOMLoad": 13821.322768}
06-28 12:25:44.267  8432  8445 E WProf.db: {"Resource": {"id": 1, "url": "http://searchengineland.com/paid-search-trends-merkle-q1-2017-274043", "sentTime": -1.000000, "len": 96142, "from": "0x0", "mimeType": "text/html", "contentLength": -1, "httpStatus": 200, "connId": 20, "connReused": 1, "cached": 0,"requestTime": 13811.685998, "proxyStart": -1, "proxyEnd": -1, "dnsStart": -1, "dnsEnd": -1, "connectStart": 0, "connectEnd": 84, "sendStart": 84, "sendEnd": 84, "receiveHeadersEnd": 364, "sslStart": -1, "sslEnd": -1}}
06-28 12:25:44.267  8432  8445 E WProf.db: {"ReceivedChunk": {"receivedTime": 13812.071746, "len": 7696}}
06-28 12:25:44.267  8432  8445 E WProf.db: {"ReceivedChunk": {"receivedTime": 13812.150283, "len": 32768}}
06-28 12:25:44.267  8432  8445 E WProf.db: {"ReceivedChunk": {"receivedTime": 13812.150892, "len": 30177}}
06-28 12:25:44.267  8432  8445 E WProf.db: {"ReceivedChunk": {"receivedTime": 13812.319273, "len": 21260}}
06-28 12:25:44.267  8432  8445 E WProf.db: {"ReceivedChunk": {"receivedTime": 13812.321738, "len": 4241}}
06-28 12:25:44.268  8432  8445 E WProf.db: {"WprofHTMLTag": {"code": "0xaedd8600", "doc": "http://searchengineland.com/paid-search-trends-merkle-q1-2017-274043", "row": 6, "column": 42, "tagName": "html", "time": 13812.151492, "url": "", "pos": 1, "chunkLen": 1, "isStartTag": 1}}
06-28 12:25:44.268  8432  8445 E WProf.db: {"WprofHTMLTag": {"code": "0xaf047730", "doc": "http://searchengineland.com/paid-search-trends-merkle-q1-2017-274043", "row": 7, "column": 6, "tagName": "head", "time": 13812.151774, "url": "", "pos": 1, "chunkLen": 1, "isStartTag": 1}}
06-28 12:25:44.268  8432  8445 E WProf.db: {"WprofHTMLTag": {"code": "0xaf047820", "doc": "http://searchengineland.com/paid-search-trends-merkle-q1-2017-274043", "row": 8, "column": 54, "tagName": "meta", "time": 13812.151831, "url": "", "pos": 1, "chunkLen": 1, "isStartTag": 1}}
06-28 12:25:44.268  8432  8445 E WProf.db: {"WprofHTMLTag": {"code": "0xaf047850", "doc": "http://searchengineland.com/paid-search-trends-merkle-q1-2017-274043", "row": 9, "column": 68, "tagName": "meta", "time": 13812.152018, "url": "", "pos": 1, "chunkLen": 1, "isStartTag": 1}}
06-28 12:25:44.268  8432  8445 E WProf.db: {"WprofHTMLTag": {"code": "0xaf047880", "doc": "http://searchengineland.com/paid-search-trends-merkle-q1-2017-274043", "row": 10, "column": 23, "tagName": "meta", "time": 13812.152173, "url": "", "pos": 1, "chunkLen": 1, "isStartTag": 1}}
06-28 12:25:44.268  8432  8445 E WProf.db: {"WprofHTMLTag": {"code": "0xaf0478b0", "doc": "http://searchengineland.com/paid-search-trends-merkle-q1-2017-274043", "row": 11, "column": 52, "tagName": "meta", "time": 13812.152355, "url": "", "pos": 1, "chunkLen": 1, "isStartTag": 1}}
06-28 12:25:44.268  8432  8445 E WProf.db: {"WprofHTMLTag": {"code": "0xaf0478e0", "doc": "http://searchengineland.com/paid-search-trends-merkle-q1-2017-274043", "row": 14, "column": 56, "tagName": "meta", "time": 13812.152532, "url": "", "pos": 1, "chunkLen": 1, "isStartTag": 1}}
06-28 12:25:44.268  8432  8445 E WProf.db: {"WprofHTMLTag": {"code": "0xaf047910", "doc": "http://searchengineland.com/paid-search-trends-merkle-q1-2017-274043", "row": 15, "column": 83, "tagName": "meta", "time": 13812.152685, "url": "", "pos": 1, "chunkLen": 1, "isStartTag": 1}}
06-28 12:25:44.268  8432  8445 E WProf.db: {"WprofHTMLTag": {"code": "0xaf047940", "doc": "http://searchengineland.com/paid-search-trends-merkle-q1-2017-274043", "row": 16, "column": 57, "tagName": "meta", "time": 13812.152842, "url": "", "pos": 1, "chunkLen": 1, "isStartTag": 1}}
06-28 12:25:44.268  8432  8445 E WProf.db: {"WprofHTMLTag": {"code": "0xaf0479d0", "doc": "http://searchengineland.com/paid-search-trends-merkle-q1-2017-274043", "row": 17, "column": 41, "tagName": "meta", "time": 13812.153004, "url": "", "pos": 1, "chunkLen": 1, "isStartTag": 1}}
06-28 12:25:44.268  8432  8445 E WProf.db: {"WprofHTMLTag": {"code": "0xaf047a00", "doc": "http://searchengineland.com/paid-search-trends-merkle-q1-2017-274043", "row": 18, "column": 50, "tagName": "meta", "time": 13812.153158, "url": "", "pos": 1, "chunkLen": 1, "isStartTag": 1}}
06-28 12:25:44.268  8432  8445 E WProf.db: {"WprofHTMLTag": {"code": "0xaf047a30", "doc": "http://searchengineland.com/paid-search-trends-merkle-q1-2017-274043", "row": 19, "column": 174, "tagName": "meta", "time": 13812.154091, "url": "", "pos": 1, "chunkLen": 1, "isStartTag": 1}}
06-28 12:25:44.268  8432  8445 E WProf.db: {"WprofHTMLTag": {"code": "0xaf0479a0", "doc": "http://searchengineland.com/paid-search-trends-merkle-q1-2017-274043", "row": 20, "column": 47, "tagName": "meta", "time": 13812.154202, "url": "", "pos": 1, "chunkLen": 1, "isStartTag": 1}}
06-28 12:25:44.268  8432  8445 E WProf.db: {"WprofHTMLTag": {"code": "0xaf047970", "doc": "http://searchengineland.com/paid-search-trends-merkle-q1-2017-274043", "row": 21, "column": 67, "tagName": "meta", "time": 13812.154306, "url": "", "pos": 1, "chunkLen": 1, "isStartTag": 1}}
06-28 12:25:44.269  8432  8445 E WProf.db: {"WprofHTMLTag": {"code": "0xaf047a60", "doc": "http://searchengineland.com/paid-search-trends-merkle-q1-2017-274043", "row": 22, "column": 57, "tagName": "meta", "time": 13812.154409, "url": "", "pos": 1, "chunkLen": 1, "isStartTag": 1}}
06-28 12:25:44.269  8432  8445 E WProf.db: {"WprofHTMLTag": {"code": "0xaf047a90", "doc": "http://searchengineland.com/paid-search-trends-merkle-q1-2017-274043", "row": 23, "column": 65, "tagName": "meta", "time": 13812.154521, "url": "", "pos": 1, "chunkLen": 1, "isStartTag": 1}}
06-28 12:25:44.269  8432  8445 E WProf.db: {"WprofHTMLTag": {"code": "0xaf047ac0", "doc": "http://searchengineland.com/paid-search-trends-merkle-q1-2017-274043", "row": 24, "column": 55, "tagName": "meta", "time": 13812.154625, "url": "", "pos": 1, "chunkLen": 1, "isStartTag": 1}}
06-28 12:25:44.269  8432  8445 E WProf.db: {"WprofHTMLTag": {"code": "0xaf047af0", "doc": "http://searchengineland.com/paid-search-trends-merkle-q1-2017-274043", "row": 25, "column": 71, "tagName": "meta", "time": 13812.154730, "url": "", "pos": 1, "chunkLen": 1, "isStartTag": 1}}
06-28 12:25:44.269  8432  8445 E WProf.db: {"WprofHTMLTag": {"code": "0xaf047b20", "doc": "http://searchengineland.com/paid-search-trends-merkle-q1-2017-274043", "row": 26, "column": 86, "tagName": "meta", "time": 13812.154841, "url": "", "pos": 1, "chunkLen": 1, "isStartTag": 1}}
06-28 12:25:44.269  8432  8445 E WProf.db: {"WprofHTMLTag": {"code": "0xaf047b50", "doc": "http://searchengineland.com/paid-search-trends-merkle-q1-2017-274043", "row": 27, "column": 54, "tagName": "meta", "time": 13812.154959, "url": "", "pos": 1, "chunkLen": 1, "isStartTag": 1}}
06-28 12:25:44.269  8432  8445 E WProf.db: {"WprofHTMLTag": {"code": "0xaf047b80", "doc": "http://searchengineland.com/paid-search-trends-merkle-q1-2017-274043", "row": 29, "column": 39, "tagName": "meta", "time": 13812.155061, "url": "", "pos": 1, "chunkLen": 1, "isStartTag": 1}}
06-28 12:25:44.269  8432  8445 E WProf.db: {"WprofHTMLTag": {"code": "0xaf047bb0", "doc": "http://searchengineland.com/paid-search-trends-merkle-q1-2017-274043", "row": 30, "column": 136, "tagName": "meta", "time": 13812.155168, "url": "", "pos": 1, "chunkLen": 1, "isStartTag": 1}}
06-28 12:25:44.269  8432  8445 E WProf.db: {"WprofHTMLTag": {"code": "0xaf047be0", "doc": "http://searchengineland.com/paid-search-trends-merkle-q1-2017-274043", "row": 31, "column": 55, "tagName": "meta", "time": 13812.155272, "url": "", "pos": 1, "chunkLen": 1, "isStartTag": 1}}
06-28 12:25:44.269  8432  8445 E WProf.db: {"WprofHTMLTag": {"code": "0xaf047c10", "doc": "http://searchengineland.com/paid-search-trends-merkle-q1-2017-274043", "row": 32, "column": 54, "tagName": "meta", "time": 13812.155377, "url": "", "pos": 1, "chunkLen": 1, "isStartTag": 1}}
06-28 12:25:44.269  8432  8445 E WProf.db: {"WprofHTMLTag": {"code": "0xaf047c40", "doc": "http://searchengineland.com/paid-search-trends-merkle-q1-2017-274043", "row": 33, "column": 130, "tagName": "meta", "time": 13812.155493, "url": "", "pos": 1, "chunkLen": 1, "isStartTag": 1}}
06-28 12:25:44.269  8432  8445 E WProf.db: {"WprofHTMLTag": {"code": "0xaf047c70", "doc": "http://searchengineland.com/paid-search-trends-merkle-q1-2017-274043", "row": 37, "column": 36, "tagName": "script", "time": 13812.155598, "url": "", "pos": 1, "chunkLen": 1, "isStartTag": 1}}
06-28 12:25:44.269  8432  8445 E WProf.db: {"WprofHTMLTag": {"code": "0xaf047ca0", "doc": "http://searchengineland.com/paid-search-trends-merkle-q1-2017-274043", "row": 53, "column": 10, "tagName": "script", "time": 13812.157426, "url": "", "pos": 1, "chunkLen": 1, "isStartTag": 0}}
06-28 12:25:44.270  8432  8445 E WProf.db: {"WprofHTMLTag": {"code": "0xaf047cd0", "doc": "http://searchengineland.com/paid-search-trends-merkle-q1-2017-274043", "row": 55, "column": 86, "tagName": "link", "time": 13812.157672, "url": "http://searchengineland.com/apple-touch-icon.png", "pos": 1, "chunkLen": 1, "isStartTag": 1}}
06-28 12:25:44.270  8432  8445 E WProf.db: {"WprofHTMLTag": {"code": "0xaf047d00", "doc": "http://searchengineland.com/paid-search-trends-merkle-q1-2017-274043", "row": 56, "column": 76, "tagName": "link", "time": 13812.157952, "url": "http://searchengineland.com/favicon.ico", "pos": 1, "chunkLen": 1, "isStartTag": 1}}
06-28 12:25:44.270  8432  8445 E WProf.db: {"WprofHTMLTag": {"code": "0xaf047d30", "doc": "http://searchengineland.com/paid-search-trends-merkle-q1-2017-274043", "row": 57, "column": 158, "tagName": "link", "time": 13812.158144, "url": "http://feeds.searchengineland.com/searchengineland", "pos": 1, "chunkLen": 1, "isStartTag": 1}}
06-28 12:25:44.270  8432  8445 E WProf.db: {"WprofHTMLTag": {"code": "0xaf047d60", "doc": "http://searchengineland.com/paid-search-trends-merkle-q1-2017-274043", "row": 58, "column": 149, "tagName": "link", "time": 13812.158414, "url": "http://feeds.searchengineland.com/searchcap", "pos": 1, "chunkLen": 1, "isStartTag": 1}}
06-28 12:25:44.270  8432  8445 E WProf.db: {"WprofHTMLTag": {"code": "0xaf047d90", "doc": "http://searchengineland.com/paid-search-trends-merkle-q1-2017-274043", "row": 59, "column": 150, "tagName": "link", "time": 13812.158697, "url": "http://searchengineland.com/figz/wp-content/themes/searchengineland/css/searchengineland-bootstrap.css", "pos": 1, "chunkLen": 1, "isStartTag": 1}}
06-28 12:25:44.270  8432  8445 E WProf.db: {"WprofHTMLTag": {"code": "0xaf047df0", "doc": "http://searchengineland.com/paid-search-trends-merkle-q1-2017-274043", "row": 60, "column": 105, "tagName": "link", "time": 13812.159234, "url": "http://fonts.googleapis.com/css?family=Oswald:300,400,700", "pos": 1, "chunkLen": 1, "isStartTag": 1}}
06-28 12:25:44.270  8432  8445 E WProf.db: {"WprofHTMLTag": {"code": "0xaf047e50", "doc": "http://searchengineland.com/paid-search-trends-merkle-q1-2017-274043", "row": 61, "column": 125, "tagName": "link", "time": 13812.159783, "url": "http://searchengineland.com/figz/wp-content/themes/searchengineland/style.css", "pos": 1, "chunkLen": 1, "isStartTag": 1}}
06-28 12:25:44.270  8432  8445 E WProf.db: {"WprofHTMLTag": {"code": "0xaf047eb0", "doc": "http://searchengineland.com/paid-search-trends-merkle-q1-2017-274043", "row": 65, "column": 7, "tagName": "title", "time": 13812.160414, "url": "", "pos": 1, "chunkLen": 1, "isStartTag": 1}}
06-28 12:25:44.270  8432  8445 E WProf.db: {"WprofHTMLTag": {"code": "0xaf047ee0", "doc": "http://searchengineland.com/paid-search-trends-merkle-q1-2017-274043", "row": 65, "column": 73, "tagName": "title", "time": 13812.160730, "url": "", "pos": 1, "chunkLen": 1, "isStartTag": 0}}
06-28 12:25:44.270  8432  8445 E WProf.db: {"WprofHTMLTag": {"code": "0xaf047f10", "doc": "http://searchengineland.com/paid-search-trends-merkle-q1-2017-274043", "row": 66, "column": 143, "tagName": "meta", "time": 13812.160750, "url": "", "pos": 1, "chunkLen": 1, "isStartTag": 1}}
06-28 12:25:44.270  8432  8445 E WProf.db: {"WprofHTMLTag": {"code": "0xaf047f40", "doc": "http://searchengineland.com/paid-search-trends-merkle-q1-2017-274043", "row": 67, "column": 40, "tagName": "meta", "time": 13812.160865, "url": "", "pos": 1, "chunkLen": 1, "isStartTag": 1}}
06-28 12:25:44.270  8432  8445 E WProf.db: {"WprofHTMLTag": {"code": "0xaf047f70", "doc": "http://searchengineland.com/paid-search-trends-merkle-q1-2017-274043", "row": 68, "column": 110, "tagName": "meta", "time": 13812.160970, "url": "", "pos": 1, "chunkLen": 1, "isStartTag": 1}}
06-28 12:25:44.271  8432  8445 E WProf.db: {"WprofHTMLTag": {"code": "0xaf047fa0", "doc": "http://searchengineland.com/paid-search-trends-merkle-q1-2017-274043", "row": 69, "column": 37, "tagName": "meta", "time": 13812.161081, "url": "", "pos": 1, "chunkLen": 1, "isStartTag": 1}}
06-28 12:25:44.271  8432  8445 E WProf.db: {"WprofHTMLTag": {"code": "0xaf047fd0", "doc": "http://searchengineland.com/paid-search-trends-merkle-q1-2017-274043", "row": 70, "column": 100, "tagName": "link", "time": 13812.161186, "url": "http://searchengineland.com/paid-search-trends-merkle-q1-2017-274043", "pos": 1, "chunkLen": 1, "isStartTag": 1}}
06-28 12:25:44.271  8432  8445 E WProf.db: {"WprofHTMLTag": {"code": "0xb4cc74b0", "doc": "http://searchengineland.com/paid-search-trends-merkle-q1-2017-274043", "row": 71, "column": 76, "tagName": "link", "time": 13812.161375, "url": "https://plus.google.com/103218677032751327334", "pos": 1, "chunkLen": 1, "isStartTag": 1}}
06-28 12:25:44.271  8432  8445 E WProf.db: {"WprofHTMLTag": {"code": "0xb4cc7540", "doc": "http://searchengineland.com/paid-search-trends-merkle-q1-2017-274043", "row": 72, "column": 45, "tagName": "meta", "time": 13812.161554, "url": "", "pos": 1, "chunkLen": 1, "isStartTag": 1}}
06-28 12:25:44.271  8432  8445 E WProf.db: {"WprofHTMLTag": {"code": "0xb4cc78a0", "doc": "http://searchengineland.com/paid-search-trends-merkle-q1-2017-274043", "row": 73, "column": 45, "tagName": "meta", "time": 13812.161662, "url": "", "pos": 1, "chunkLen": 1, "isStartTag": 1}}
06-28 12:25:44.271  8432  8445 E WProf.db: {"WprofHTMLTag": {"code": "0xb4cc78d0", "doc": "http://searchengineland.com/paid-search-trends-merkle-q1-2017-274043", "row": 74, "column": 97, "tagName": "meta", "time": 13812.161764, "url": "", "pos": 1, "chunkLen": 1, "isStartTag": 1}}
06-28 12:25:44.271  8432  8445 E WProf.db: {"WprofHTMLTag": {"code": "0xb4cc7900", "doc": "http://searchengineland.com/paid-search-trends-merkle-q1-2017-274043", "row": 75, "column": 151, "tagName": "meta", "time": 13812.161957, "url": "", "pos": 1, "chunkLen": 1, "isStartTag": 1}}
06-28 12:25:44.271  8432  8445 E WProf.db: {"WprofHTMLTag": {"code": "0xb4cc7930", "doc": "http://searchengineland.com/paid-search-trends-merkle-q1-2017-274043", "row": 76, "column": 105, "tagName": "meta", "time": 13812.162058, "url": "", "pos": 1, "chunkLen": 1, "isStartTag": 1}}
06-28 12:25:44.271  8432  8445 E WProf.db: {"WprofHTMLTag": {"code": "0xb4cc7960", "doc": "http://searchengineland.com/paid-search-trends-merkle-q1-2017-274043", "row": 77, "column": 61, "tagName": "meta", "time": 13812.162161, "url": "", "pos": 1, "chunkLen": 1, "isStartTag": 1}}
06-28 12:25:44.271  8432  8445 E WProf.db: {"WprofHTMLTag": {"code": "0xb4cc7990", "doc": "http://searchengineland.com/paid-search-trends-merkle-q1-2017-274043", "row": 78, "column": 89, "tagName": "meta", "time": 13812.162266, "url": "", "pos": 1, "chunkLen": 1, "isStartTag": 1}}
06-28 12:25:44.271  8432  8445 E WProf.db: {"WprofHTMLTag": {"code": "0xb4cc79c0", "doc": "http://searchengineland.com/paid-search-trends-merkle-q1-2017-274043", "row": 79, "column": 82, "tagName": "meta", "time": 13812.162365, "url": "", "pos": 1, "chunkLen": 1, "isStartTag": 1}}
06-28 12:25:44.271  8432  8445 E WProf.db: {"WprofHTMLTag": {"code": "0xb4cc79f0", "doc": "http://searchengineland.com/paid-search-trends-merkle-q1-2017-274043", "row": 80, "column": 70, "tagName": "meta", "time": 13812.162468, "url": "", "pos": 1, "chunkLen": 1, "isStartTag": 1}}
06-28 12:25:44.271  8432  8445 E WProf.db: {"WprofHTMLTag": {"code": "0xb4cc7a20", "doc": "http://searchengineland.com/paid-search-trends-merkle-q1-2017-274043", "row": 81, "column": 78, "tagName": "meta", "time": 13812.162570, "url": "", "pos": 1, "chunkLen": 1, "isStartTag": 1}}
06-28 12:25:44.271  8432  8445 E WProf.db: {"WprofHTMLTag": {"code": "0xb4cc7a50", "doc": "http://searchengineland.com/paid-search-trends-merkle-q1-2017-274043", "row": 82, "column": 77, "tagName": "meta", "time": 13812.162672, "url": "", "pos": 1, "chunkLen": 1, "isStartTag": 1}}
06-28 12:25:44.272  8432  8445 E WProf.db: {"WprofHTMLTag": {"code": "0xb4cc7a80", "doc": "http://searchengineland.com/paid-search-trends-merkle-q1-2017-274043", "row": 83, "column": 71, "tagName": "meta", "time": 13812.162771, "url": "", "pos": 1, "chunkLen": 1, "isStartTag": 1}}
06-28 12:25:44.272  8432  8445 E WProf.db: {"WprofHTMLTag": {"code": "0xb4cc7ab0", "doc": "http://searchengineland.com/paid-search-trends-merkle-q1-2017-274043", "row": 84, "column": 124, "tagName": "meta", "time": 13812.162868, "url": "", "pos": 1, "chunkLen": 1, "isStartTag": 1}}
06-28 12:25:44.272  8432  8445 E WProf.db: {"WprofHTMLTag": {"code": "0xb4cc7ae0", "doc": "http://searchengineland.com/paid-search-trends-merkle-q1-2017-274043", "row": 85, "column": 49, "tagName": "meta", "time": 13812.162972, "url": "", "pos": 1, "chunkLen": 1, "isStartTag": 1}}
06-28 12:25:44.272  8432  8445 E WProf.db: {"WprofHTMLTag": {"code": "0xb4cc7b10", "doc": "http://searchengineland.com/paid-search-trends-merkle-q1-2017-274043", "row": 86, "column": 50, "tagName": "meta", "time": 13812.163073, "url": "", "pos": 1, "chunkLen": 1, "isStartTag": 1}}
06-28 12:25:44.272  8432  8445 E WProf.db: {"WprofHTMLTag": {"code": "0xb4cc7b40", "doc": "http://searchengineland.com/paid-search-trends-merkle-q1-2017-274043", "row": 87, "column": 58, "tagName": "meta", "time": 13812.163173, "url": "", "pos": 1, "chunkLen": 1, "isStartTag": 1}}
06-28 12:25:44.272  8432  8445 E WProf.db: {"WprofHTMLTag": {"code": "0xb4cc7b70", "doc": "http://searchengineland.com/paid-search-trends-merkle-q1-2017-274043", "row": 88, "column": 152, "tagName": "meta", "time": 13812.163274, "url": "", "pos": 1, "chunkLen": 1, "isStartTag": 1}}
06-28 12:25:44.272  8432  8445 E WProf.db: {"WprofHTMLTag": {"code": "0xb4cc7ba0", "doc": "http://searchengineland.com/paid-search-trends-merkle-q1-2017-274043", "row": 89, "column": 98, "tagName": "meta", "time": 13812.163377, "url": "", "pos": 1, "chunkLen": 1, "isStartTag": 1}}
06-28 12:25:44.272  8432  8445 E WProf.db: {"WprofHTMLTag": {"code": "0xb4cc7bd0", "doc": "http://searchengineland.com/paid-search-trends-merkle-q1-2017-274043", "row": 90, "column": 51, "tagName": "meta", "time": 13812.163550, "url": "", "pos": 1, "chunkLen": 1, "isStartTag": 1}}
06-28 12:25:44.272  8432  8445 E WProf.db: {"WprofHTMLTag": {"code": "0xb4cc7c00", "doc": "http://searchengineland.com/paid-search-trends-merkle-q1-2017-274043", "row": 91, "column": 125, "tagName": "meta", "time": 13812.163651, "url": "", "pos": 1, "chunkLen": 1, "isStartTag": 1}}
06-28 12:25:44.272  8432  8445 E WProf.db: {"WprofHTMLTag": {"code": "0xb4cc7c30", "doc": "http://searchengineland.com/paid-search-trends-merkle-q1-2017-274043", "row": 92, "column": 54, "tagName": "meta", "time": 13812.163750, "url": "", "pos": 1, "chunkLen": 1, "isStartTag": 1}}
06-28 12:25:44.272  8432  8445 E WProf.db: {"WprofHTMLTag": {"code": "0xb4cc7c60", "doc": "http://searchengineland.com/paid-search-trends-merkle-q1-2017-274043", "row": 95, "column": 44, "tagName": "link", "time": 13812.163853, "url": "http://s.w.org/", "pos": 1, "chunkLen": 1, "isStartTag": 1}}
06-28 12:25:44.272  8432  8445 E WProf.db: {"WprofHTMLTag": {"code": "0xb4cc7c90", "doc": "http://searchengineland.com/paid-search-trends-merkle-q1-2017-274043", "row": 96, "column": 33, "tagName": "script", "time": 13812.164044, "url": "", "pos": 1, "chunkLen": 1, "isStartTag": 1}}
06-28 12:25:44.272  8432  8445 E WProf.db: {"WprofHTMLTag": {"code": "0xb4cc7cc0", "doc": "http://searchengineland.com/paid-search-trends-merkle-q1-2017-274043", "row": 99, "column": 11, "tagName": "script", "time": 13812.164329, "url": "http://searchengineland.com/figz/wp-includes/js/wp-emoji-release.min.js?ver=4.7.5", "pos": 1, "chunkLen": 1, "isStartTag": 0}}
06-28 12:25:44.273  8432  8445 E WProf.db: {"WprofHTMLTag": {"code": "0x9c48c960", "doc": "http://searchengineland.com/paid-search-trends-merkle-q1-2017-274043", "row": 100, "column": 25, "tagName": "style", "time": 13812.862255, "url": "", "pos": 1, "chunkLen": 1, "isStartTag": 1}}
06-28 12:25:44.273  8432  8445 E WProf.db: {"WprofHTMLTag": {"code": "0x9c48c990", "doc": "http://searchengineland.com/paid-search-trends-merkle-q1-2017-274043", "row": 113, "column": 8, "tagName": "style", "time": 13812.862433, "url": "", "pos": 1, "chunkLen": 1, "isStartTag": 0}}
06-28 12:25:44.273  8432  8445 E WProf.db: {"WprofHTMLTag": {"code": "0x9c48c9c0", "doc": "http://searchengineland.com/paid-search-trends-merkle-q1-2017-274043", "row": 114, "column": 140, "tagName": "script", "time": 13812.863873, "url": "http://searchengineland.com/figz/wp-content/themes/searchengineland/js/lib/modernizr.custom.js?ver=1.0", "pos": 1, "chunkLen": 1, "isStartTag": 1}}
06-28 12:25:44.273  8432  8445 E WProf.db: {"WprofHTMLTag": {"code": "0x9c48c9f0", "doc": "http://searchengineland.com/paid-search-trends-merkle-q1-2017-274043", "row": 114, "column": 149, "tagName": "script", "time": 13812.864095, "url": "", "pos": 1, "chunkLen": 1, "isStartTag": 0}}
06-28 12:25:44.273  8432  8445 E WProf.db: {"WprofHTMLTag": {"code": "0xaedd8900", "doc": "http://searchengineland.com/paid-search-trends-merkle-q1-2017-274043", "row": 115, "column": 144, "tagName": "script", "time": 13812.873327, "url": "http://searchengineland.com/figz/wp-content/themes/searchengineland/js/lib/jquery-1.11.0.min.js?ver=1.11.0", "pos": 1, "chunkLen": 1, "isStartTag": 1}}
06-28 12:25:44.273  8432  8445 E WProf.db: {"WprofHTMLTag": {"code": "0x9c48ca50", "doc": "http://searchengineland.com/paid-search-trends-merkle-q1-2017-274043", "row": 115, "column": 153, "tagName": "script", "time": 13812.873581, "url": "", "pos": 1, "chunkLen": 1, "isStartTag": 0}}
06-28 12:25:44.273  8432  8445 E WProf.db: {"WprofHTMLTag": {"code": "0xaedd8c60", "doc": "http://searchengineland.com/paid-search-trends-merkle-q1-2017-274043", "row": 0, "column": 15, "tagName": "div", "time": 13812.935298, "url": "", "pos": 15, "chunkLen": 44, "isStartTag": 1}}
06-28 12:25:44.273  8432  8445 E WProf.db: {"WprofHTMLTag": {"code": "0xaedd8c30", "doc": "http://searchengineland.com/paid-search-trends-merkle-q1-2017-274043", "row": 0, "column": 21, "tagName": "div", "time": 13812.935420, "url": "", "pos": 21, "chunkLen": 44, "isStartTag": 0}}
06-28 12:25:44.273  8432  8445 E WProf.db: {"WprofHTMLTag": {"code": "0xaedd8c00", "doc": "http://searchengineland.com/paid-search-trends-merkle-q1-2017-274043", "row": 0, "column": 38, "tagName": "div", "time": 13812.935477, "url": "", "pos": 38, "chunkLen": 44, "isStartTag": 1}}
06-28 12:25:44.273  8432  8445 E WProf.db: {"WprofHTMLTag": {"code": "0xaedd8ba0", "doc": "http://searchengineland.com/paid-search-trends-merkle-q1-2017-274043", "row": 0, "column": 44, "tagName": "div", "time": 13812.935609, "url": "", "pos": 44, "chunkLen": 44, "isStartTag": 0}}
06-28 12:25:44.273  8432  8445 E WProf.db: {"WprofHTMLTag": {"code": "0xaedd8bd0", "doc": "http://searchengineland.com/paid-search-trends-merkle-q1-2017-274043", "row": 0, "column": 13, "tagName": "select", "time": 13812.936842, "url": "", "pos": 13, "chunkLen": 51, "isStartTag": 1}}
06-28 12:25:44.273  8432  8445 E WProf.db: {"WprofHTMLTag": {"code": "0xaedd8b70", "doc": "http://searchengineland.com/paid-search-trends-merkle-q1-2017-274043", "row": 0, "column": 33, "tagName": "option", "time": 13812.937003, "url": "", "pos": 33, "chunkLen": 51, "isStartTag": 1}}
06-28 12:25:44.273  8432  8445 E WProf.db: {"WprofHTMLTag": {"code": "0xaedd8b40", "doc": "http://searchengineland.com/paid-search-trends-merkle-q1-2017-274043", "row": 0, "column": 42, "tagName": "option", "time": 13812.937167, "url": "", "pos": 42, "chunkLen": 51, "isStartTag": 0}}
06-28 12:25:44.274  8432  8445 E WProf.db: {"WprofHTMLTag": {"code": "0x9c48cab0", "doc": "http://searchengineland.com/paid-search-trends-merkle-q1-2017-274043", "row": 0, "column": 51, "tagName": "select", "time": 13812.937220, "url": "", "pos": 51, "chunkLen": 51, "isStartTag": 0}}
06-28 12:25:44.274  8432  8445 E WProf.db: {"WprofHTMLTag": {"code": "0x9c48cae0", "doc": "http://searchengineland.com/paid-search-trends-merkle-q1-2017-274043", "row": 0, "column": 12, "tagName": "a", "time": 13812.941444, "url": "", "pos": 12, "chunkLen": 16, "isStartTag": 1}}
06-28 12:25:44.274  8432  8445 E WProf.db: {"WprofHTMLTag": {"code": "0x9c48cb10", "doc": "http://searchengineland.com/paid-search-trends-merkle-q1-2017-274043", "row": 0, "column": 16, "tagName": "a", "time": 13812.941589, "url": "", "pos": 16, "chunkLen": 16, "isStartTag": 0}}
06-28 12:25:44.274  8432  8445 E WProf.db: {"WprofHTMLTag": {"code": "0x9c48cb40", "doc": "http://searchengineland.com/paid-search-trends-merkle-q1-2017-274043", "row": 0, "column": 8, "tagName": "input", "time": 13812.942539, "url": "", "pos": 8, "chunkLen": 8, "isStartTag": 1}}
06-28 12:25:44.274  8432  8445 E WProf.db: {"WprofHTMLTag": {"code": "0x9c48cb70", "doc": "http://searchengineland.com/paid-search-trends-merkle-q1-2017-274043", "row": 0, "column": 9, "tagName": "link", "time": 13812.952417, "url": "", "pos": 9, "chunkLen": 42, "isStartTag": 1}}
06-28 12:25:44.274  8432  8445 E WProf.db: {"WprofHTMLTag": {"code": "0x9c48cba0", "doc": "http://searchengineland.com/paid-search-trends-merkle-q1-2017-274043", "row": 0, "column": 16, "tagName": "table", "time": 13812.952524, "url": "", "pos": 16, "chunkLen": 42, "isStartTag": 1}}
06-28 12:25:44.274  8432  8445 E WProf.db: {"WprofHTMLTag": {"code": "0x9c48cbd0", "doc": "http://searchengineland.com/paid-search-trends-merkle-q1-2017-274043", "row": 0, "column": 24, "tagName": "table", "time": 13812.952629, "url": "", "pos": 24, "chunkLen": 42, "isStartTag": 0}}
06-28 12:25:44.274  8432  8445 E WProf.db: {"WprofHTMLTag": {"code": "0x9c48cc00", "doc": "http://searchengineland.com/paid-search-trends-merkle-q1-2017-274043", "row": 0, "column": 37, "tagName": "a", "time": 13812.952692, "url": "", "pos": 37, "chunkLen": 42, "isStartTag": 1}}
06-28 12:25:44.274  8432  8445 E WProf.db: {"WprofHTMLTag": {"code": "0x9c48cc30", "doc": "http://searchengineland.com/paid-search-trends-merkle-q1-2017-274043", "row": 0, "column": 42, "tagName": "a", "time": 13812.952858, "url": "", "pos": 42, "chunkLen": 42, "isStartTag": 0}}
06-28 12:25:44.274  8432  8445 E WProf.db: {"WprofHTMLTag": {"code": "0x9c48ccc0", "doc": "http://searchengineland.com/paid-search-trends-merkle-q1-2017-274043", "row": 0, "column": 10, "tagName": "textarea", "time": 13812.953919, "url": "", "pos": 10, "chunkLen": 22, "isStartTag": 1}}
06-28 12:25:44.274  8432  8445 E WProf.db: {"WprofHTMLTag": {"code": "0x9c48ccf0", "doc": "http://searchengineland.com/paid-search-trends-merkle-q1-2017-274043", "row": 0, "column": 22, "tagName": "textarea", "time": 13812.954093, "url": "", "pos": 22, "chunkLen": 22, "isStartTag": 0}}
06-28 12:25:44.274  8432  8445 E WProf.db: {"WprofHTMLTag": {"code": "0x9c48cd20", "doc": "http://searchengineland.com/paid-search-trends-merkle-q1-2017-274043", "row": 0, "column": 48, "tagName": "input", "time": 13812.955140, "url": "", "pos": 48, "chunkLen": 48, "isStartTag": 1}}
06-28 12:25:44.274  8432  8445 E WProf.db: {"WprofHTMLTag": {"code": "0x9c48cd80", "doc": "http://searchengineland.com/paid-search-trends-merkle-q1-2017-274043", "row": 0, "column": 9, "tagName": "link", "time": 13812.959069, "url": "", "pos": 9, "chunkLen": 66, "isStartTag": 1}}
06-28 12:25:44.275  8432  8445 E WProf.db: {"WprofHTMLTag": {"code": "0x9c48cdb0", "doc": "http://searchengineland.com/paid-search-trends-merkle-q1-2017-274043", "row": 0, "column": 16, "tagName": "table", "time": 13812.959170, "url": "", "pos": 16, "chunkLen": 66, "isStartTag": 1}}
06-28 12:25:44.275  8432  8445 E WProf.db: {"WprofHTMLTag": {"code": "0x9c48cde0", "doc": "http://searchengineland.com/paid-search-trends-merkle-q1-2017-274043", "row": 0, "column": 24, "tagName": "table", "time": 13812.959236, "url": "", "pos": 24, "chunkLen": 66, "isStartTag": 0}}
06-28 12:25:44.275  8432  8445 E WProf.db: {"WprofHTMLTag": {"code": "0x9c48ce10", "doc": "http://searchengineland.com/paid-search-trends-merkle-q1-2017-274043", "row": 0, "column": 37, "tagName": "a", "time": 13812.959293, "url": "", "pos": 37, "chunkLen": 66, "isStartTag": 1}}
06-28 12:25:44.275  8432  8445 E WProf.db: {"WprofHTMLTag": {"code": "0x9c48ce40", "doc": "http://searchengineland.com/paid-search-trends-merkle-q1-2017-274043", "row": 0, "column": 42, "tagName": "a", "time": 13812.959444, "url": "", "pos": 42, "chunkLen": 66, "isStartTag": 0}}
06-28 12:25:44.275  8432  8445 E WProf.db: {"WprofHTMLTag": {"code": "0x9c48ce70", "doc": "http://searchengineland.com/paid-search-trends-merkle-q1-2017-274043", "row": 0, "column": 66, "tagName": "input", "time": 13812.959500, "url": "", "pos": 66, "chunkLen": 66, "isStartTag": 1}}
06-28 12:25:44.275  8432  8445 E WProf.db: {"WprofHTMLTag": {"code": "0x9c48cf00", "doc": "http://searchengineland.com/paid-search-trends-merkle-q1-2017-274043", "row": 0, "column": 9, "tagName": "link", "time": 13812.963503, "url": "", "pos": 9, "chunkLen": 66, "isStartTag": 1}}
06-28 12:25:44.275  8432  8445 E WProf.db: {"WprofHTMLTag": {"code": "0x9c48cf30", "doc": "http://searchengineland.com/paid-search-trends-merkle-q1-2017-274043", "row": 0, "column": 16, "tagName": "table", "time": 13812.963629, "url": "", "pos": 16, "chunkLen": 66, "isStartTag": 1}}
06-28 12:25:44.275  8432  8445 E WProf.db: {"WprofHTMLTag": {"code": "0x9c48cf60", "doc": "http://searchengineland.com/paid-search-trends-merkle-q1-2017-274043", "row": 0, "column": 24, "tagName": "table", "time": 13812.963710, "url": "", "pos": 24, "chunkLen": 66, "isStartTag": 0}}
06-28 12:25:44.275  8432  8445 E WProf.db: {"WprofHTMLTag": {"code": "0x9c48cf90", "doc": "http://searchengineland.com/paid-search-trends-merkle-q1-2017-274043", "row": 0, "column": 37, "tagName": "a", "time": 13812.963774, "url": "", "pos": 37, "chunkLen": 66, "isStartTag": 1}}
06-28 12:25:44.275  8432  8445 E WProf.db: {"WprofHTMLTag": {"code": "0x9c48cfc0", "doc": "http://searchengineland.com/paid-search-trends-merkle-q1-2017-274043", "row": 0, "column": 42, "tagName": "a", "time": 13812.963941, "url": "", "pos": 42, "chunkLen": 66, "isStartTag": 0}}
06-28 12:25:44.275  8432  8445 E WProf.db: {"WprofHTMLTag": {"code": "0x9c48cff0", "doc": "http://searchengineland.com/paid-search-trends-merkle-q1-2017-274043", "row": 0, "column": 66, "tagName": "input", "time": 13812.964003, "url": "", "pos": 66, "chunkLen": 66, "isStartTag": 1}}
06-28 12:25:44.275  8432  8445 E WProf.db: {"WprofHTMLTag": {"code": "0x9c48d050", "doc": "http://searchengineland.com/paid-search-trends-merkle-q1-2017-274043", "row": 0, "column": 9, "tagName": "link", "time": 13812.970207, "url": "", "pos": 9, "chunkLen": 66, "isStartTag": 1}}
06-28 12:25:44.275  8432  8445 E WProf.db: {"WprofHTMLTag": {"code": "0x9c48d080", "doc": "http://searchengineland.com/paid-search-trends-merkle-q1-2017-274043", "row": 0, "column": 16, "tagName": "table", "time": 13812.970318, "url": "", "pos": 16, "chunkLen": 66, "isStartTag": 1}}
06-28 12:25:44.276  8432  8445 E WProf.db: {"WprofHTMLTag": {"code": "0x9c48d0b0", "doc": "http://searchengineland.com/paid-search-trends-merkle-q1-2017-274043", "row": 0, "column": 24, "tagName": "table", "time": 13812.970395, "url": "", "pos": 24, "chunkLen": 66, "isStartTag": 0}}
06-28 12:25:44.276  8432  8445 E WProf.db: {"WprofHTMLTag": {"code": "0x9c48d0e0", "doc": "http://searchengineland.com/paid-search-trends-merkle-q1-2017-274043", "row": 0, "column": 37, "tagName": "a", "time": 13812.970461, "url": "", "pos": 37, "chunkLen": 66, "isStartTag": 1}}
06-28 12:25:44.276  8432  8445 E WProf.db: {"WprofHTMLTag": {"code": "0x9c48d110", "doc": "http://searchengineland.com/paid-search-trends-merkle-q1-2017-274043", "row": 0, "column": 42, "tagName": "a", "time": 13812.970637, "url": "", "pos": 42, "chunkLen": 66, "isStartTag": 0}}
06-28 12:25:44.276  8432  8445 E WProf.db: {"WprofHTMLTag": {"code": "0x9c48d140", "doc": "http://searchengineland.com/paid-search-trends-merkle-q1-2017-274043", "row": 0, "column": 66, "tagName": "input", "time": 13812.970700, "url": "", "pos": 66, "chunkLen": 66, "isStartTag": 1}}
06-28 12:25:44.276  8432  8445 E WProf.db: {"WprofHTMLTag": {"code": "0x9c48d260", "doc": "http://searchengineland.com/paid-search-trends-merkle-q1-2017-274043", "row": 116, "column": 154, "tagName": "script", "time": 13812.982951, "url": "http://searchengineland.com/figz/wp-content/themes/searchengineland/js/lib/jquery-ui-1.10.3.custom.min.js?ver=1.10.3", "pos": 67, "chunkLen": 67, "isStartTag": 1}}
06-28 12:25:44.276  8432  8445 E WProf.db: {"WprofHTMLTag": {"code": "0x9c48d290", "doc": "http://searchengineland.com/paid-search-trends-merkle-q1-2017-274043", "row": 116, "column": 163, "tagName": "script", "time": 13812.983212, "url": "", "pos": 67, "chunkLen": 67, "isStartTag": 0}}
06-28 12:25:44.276  8432  8445 E WProf.db: {"WprofHTMLTag": {"code": "0xaedd8e40", "doc": "http://searchengineland.com/paid-search-trends-merkle-q1-2017-274043", "row": 0, "column": 111, "tagName": "div", "time": 13813.321414, "url": "", "pos": 111, "chunkLen": 117, "isStartTag": 1}}
06-28 12:25:44.276  8432  8445 E WProf.db: {"WprofHTMLTag": {"code": "0xaedd8ff0", "doc": "http://searchengineland.com/paid-search-trends-merkle-q1-2017-274043", "row": 0, "column": 117, "tagName": "div", "time": 13813.321616, "url": "", "pos": 117, "chunkLen": 117, "isStartTag": 0}}
06-28 12:25:44.276  8432  8445 E WProf.db: {"WprofHTMLTag": {"code": "0x9c48d680", "doc": "http://searchengineland.com/paid-search-trends-merkle-q1-2017-274043", "row": 117, "column": 155, "tagName": "script", "time": 13813.347152, "url": "http://searchengineland.com/figz/wp-content/themes/searchengineland/js/lib/jquery.ba-throttle-debounce.min.js?ver=1.1", "pos": 118, "chunkLen": 118, "isStartTag": 1}}
06-28 12:25:44.276  8432  8445 E WProf.db: {"WprofHTMLTag": {"code": "0x9c48d6b0", "doc": "http://searchengineland.com/paid-search-trends-merkle-q1-2017-274043", "row": 117, "column": 164, "tagName": "script", "time": 13813.347431, "url": "", "pos": 118, "chunkLen": 118, "isStartTag": 0}}
06-28 12:25:44.276  8432  8445 E WProf.db: {"WprofHTMLTag": {"code": "0x9c48d7a0", "doc": "http://searchengineland.com/paid-search-trends-merkle-q1-2017-274043", "row": 118, "column": 146, "tagName": "script", "time": 13813.348626, "url": "http://searchengineland.com/figz/wp-content/themes/searchengineland/js/lib/jquery.countdown.min.js?ver=2.0.4", "pos": 118, "chunkLen": 118, "isStartTag": 1}}
06-28 12:25:44.276  8432  8445 E WProf.db: {"WprofHTMLTag": {"code": "0x9c48d7d0", "doc": "http://searchengineland.com/paid-search-trends-merkle-q1-2017-274043", "row": 118, "column": 155, "tagName": "script", "time": 13813.348857, "url": "", "pos": 118, "chunkLen": 118, "isStartTag": 0}}
06-28 12:25:44.276  8432  8445 E WProf.db: {"WprofHTMLTag": {"code": "0x9c48d800", "doc": "http://searchengineland.com/paid-search-trends-merkle-q1-2017-274043", "row": 119, "column": 77, "tagName": "link", "time": 13813.351640, "url": "http://searchengineland.com/wp-json/", "pos": 118, "chunkLen": 118, "isStartTag": 1}}
06-28 12:25:44.277  8432  8445 E WProf.db: {"WprofHTMLTag": {"code": "0x9c48d830", "doc": "http://searchengineland.com/paid-search-trends-merkle-q1-2017-274043", "row": 120, "column": 69, "tagName": "link", "time": 13813.351879, "url": "http://searchengineland.com/?p=274043", "pos": 118, "chunkLen": 118, "isStartTag": 1}}
06-28 12:25:44.277  8432  8445 E WProf.db: {"WprofHTMLTag": {"code": "0x9c48d860", "doc": "http://searchengineland.com/paid-search-trends-merkle-q1-2017-274043", "row": 121, "column": 196, "tagName": "link", "time": 13813.352083, "url": "http://searchengineland.com/wp-json/oembed/1.0/embed?url=http%3A%2F%2Fsearchengineland.com%2Fpaid-search-trends-merkle-q1-2017-274043", "pos": 118, "chunkLen": 118, "isStartTag": 1}}
