--------- beginning of main
06-28 16:14:35.145  3449  3449 E Finsky  : [1] com.google.android.finsky.wear.bl.a(3): onConnectionFailed: ConnectionResult{statusCode=API_UNAVAILABLE, resolution=null, message=null}
--------- beginning of system
06-28 16:14:36.497 25138 25138 E chromium: [ERROR:shell_integration_android.cc(12)] Not implemented reached in static ShellIntegration::DefaultWebClientSetPermission ShellIntegration::CanSetAsDefaultBrowser()
06-28 16:14:36.508 25138 25138 E chromium: [ERROR:browser_process_impl.cc(720)] Not implemented reached in virtual BackgroundModeManager* BrowserProcessImpl::background_mode_manager()
06-28 16:14:36.732  3218 11746 E AudioRecord-JNI: Error -4 during AudioRecord native read
06-28 16:14:39.036 25138 25183 E chromium: [ERROR:gles2_cmd_decoder.cc(3852)] [.ChromiumCompositor-0xacbb2fc0]GL ERROR :GL_INVALID_ENUM : glDiscardFramebufferEXT: attachments was GL_COLOR_EXT
06-28 16:14:39.374 25204 25216 E WPROF   : {"CSS": {"url": "http://searchengineland.com/figz/wp-content/themes/searchengineland/css/searchengineland-bootstrap.css", "requestTime": 27556.429869}}
06-28 16:14:39.375 25204 25216 E WPROF   : {"CSS": {"url": "http://fonts.googleapis.com/css?family=Oswald:300,400,700", "requestTime": 27556.430930}}
06-28 16:14:39.376 25204 25216 E WPROF   : {"CSS": {"url": "http://searchengineland.com/figz/wp-content/themes/searchengineland/style.css", "requestTime": 27556.431427}}
06-28 16:14:39.381 25204 25216 E WPROF   : {"Javascript": {"url": "http://searchengineland.com/figz/wp-content/themes/searchengineland/js/lib/modernizr.custom.js?ver=1.0", "requestTime": 27556.436398}}
06-28 16:14:39.381 25204 25216 E WPROF   : {"Javascript": {"url": "http://searchengineland.com/figz/wp-content/themes/searchengineland/js/lib/jquery-1.11.0.min.js?ver=1.11.0", "requestTime": 27556.436863}}
06-28 16:14:39.381 25204 25216 E WPROF   : {"Javascript": {"url": "http://searchengineland.com/figz/wp-content/themes/searchengineland/js/lib/jquery-ui-1.10.3.custom.min.js?ver=1.10.3", "requestTime": 27556.437201}}
06-28 16:14:39.382 25204 25216 E WPROF   : {"Javascript": {"url": "http://searchengineland.com/figz/wp-content/themes/searchengineland/js/lib/jquery.ba-throttle-debounce.min.js?ver=1.1", "requestTime": 27556.437534}}
06-28 16:14:39.382 25204 25216 E WPROF   : {"Javascript": {"url": "http://searchengineland.com/figz/wp-content/themes/searchengineland/js/lib/jquery.countdown.min.js?ver=2.0.4", "requestTime": 27556.437859}}
06-28 16:14:39.383 25204 25216 E WPROF   : {"Javascript": {"url": "http://static.chartbeat.com/js/chartbeat_mab.js", "requestTime": 27556.438229}}
06-28 16:14:40.065 25204 25216 E WPROF   : {"Javascript": {"url": "http://searchengineland.com/figz/wp-includes/js/wp-emoji-release.min.js?ver=4.7.5", "requestTime": 27557.120435}}
06-28 16:14:40.506 25204 25216 E WPROF   : {"Javascript": {"url": "http://www.googletagservices.com/tag/js/gpt.js", "requestTime": 27557.562161}}
06-28 16:14:40.531 25204 25216 E WPROF   : {"Javascript": {"url": "https://www.google-analytics.com/analytics.js", "requestTime": 27557.586222}}
06-28 16:14:40.533 25204 25216 E WPROF   : {"Javascript": {"url": "http://edge.quantserve.com/quant.js", "requestTime": 27557.588559}}
06-28 16:14:40.536 25204 25216 E WPROF   : {"Javascript": {"url": "https://connect.facebook.net/en_US/fbevents.js", "requestTime": 27557.591574}}
06-28 16:14:40.602 25138 25183 E chromium: [ERROR:gles2_cmd_decoder.cc(3852)] [.ChromiumCompositor-0xacbb2fc0]GL ERROR :GL_INVALID_ENUM : glDiscardFramebufferEXT: attachments was GL_COLOR_EXT
06-28 16:14:40.640 25204 25216 E WPROF   : {"Javascript": {"url": "http://app-sj02.marketo.com/js/forms2/js/forms2.min.js", "requestTime": 27557.695484}}
06-28 16:14:40.654 25204 25216 E WPROF   : {"Javascript": {"url": "http://searchengineland.com/js/ga_social_tracking.js", "requestTime": 27557.710052}}
06-28 16:14:40.655 25204 25216 E WPROF   : {"Javascript": {"url": "http://s7.addthis.com/js/300/addthis_widget.js#pubid=ra-53e918f660794f37", "requestTime": 27557.710510}}
06-28 16:14:40.745 25138 25183 E chromium: [ERROR:gles2_cmd_decoder.cc(3852)] [.ChromiumCompositor-0xacbb2fc0]GL ERROR :GL_INVALID_ENUM : glDiscardFramebufferEXT: attachments was GL_COLOR_EXT
06-28 16:14:40.791 25204 25216 E WPROF   : {"Javascript": {"url": "https://connect.facebook.net/signals/config/423979991297359?v=2.7.17", "requestTime": 27557.847017}}
06-28 16:14:40.959 25204 25216 E WPROF   : {"Javascript": {"url": "http://app-sj02.marketo.com/index.php/form/getForm?munchkinId=727-ZQE-044&form=5691&url=http%3A%2F%2Fsearchengineland.com%2Fperfect-structure-managing-profitable-shopping-ads-276168&callback=jQuery1102030441724066622555_1498634080887&_=1498634080888", "requestTime": 27558.015115}}
06-28 16:14:41.028 25204 25216 E WPROF   : {"Javascript": {"url": "http://app-sj02.marketo.com/index.php/form/getForm?munchkinId=727-ZQE-044&form=5673&url=http%3A%2F%2Fsearchengineland.com%2Fperfect-structure-managing-profitable-shopping-ads-276168&callback=jQuery1102030441724066622555_1498634080889&_=1498634080890", "requestTime": 27558.083955}}
06-28 16:14:41.409 25138 25183 E chromium: [ERROR:gles2_cmd_decoder.cc(3852)] [.ChromiumCompositor-0xacbb2fc0]GL ERROR :GL_INVALID_ENUM : glDiscardFramebufferEXT: attachments was GL_COLOR_EXT
06-28 16:14:41.725 25204 25216 E WPROF   : {"Javascript": {"url": "http://platform.twitter.com/widgets.js", "requestTime": 27558.780311}}
06-28 16:14:41.727 25204 25216 E WPROF   : {"Javascript": {"url": "http://connect.facebook.net/en_US/sdk.js", "requestTime": 27558.782319}}
06-28 16:14:41.730 25204 25216 E WPROF   : {"Javascript": {"url": "https://apis.google.com/js/platform.js", "requestTime": 27558.785353}}
06-28 16:14:41.756 25204 25216 E WPROF   : {"Javascript": {"url": "http://rules.quantcount.com/rules-p-5aGizvD82d9hk.js", "requestTime": 27558.811746}}
06-28 16:14:41.760 25204 25216 E WPROF   : {"Javascript": {"url": "http://munchkin.marketo.net/munchkin.js", "requestTime": 27558.815746}}
06-28 16:14:41.795 25204 25216 E WPROF   : {"Javascript": {"url": "https://securepubads.g.doubleclick.net/gpt/pubads_impl_121.js", "requestTime": 27558.850906}}
06-28 16:14:42.042   862  1657 E LocSvc_IzatApiV02: E/virtual int izat_core::IzatApiV02::getBatchSize(int32_t):522]: Error : st = 4, ind.status = -1628389555
06-28 16:14:42.042   862  1657 E LocSvc_IzatApiV02: E/virtual int izat_core::IzatApiV02::getBatchSize(int32_t):535]: get batching size failed.Or modem does not support batching 
06-28 16:14:42.051   862  1657 E LocSvc_IzatApiV02: E/virtual int izat_core::IzatApiV02::getBatchSize(int32_t):522]: Error : st = 4, ind.status = -1628389555
06-28 16:14:42.051   862  1657 E LocSvc_IzatApiV02: E/virtual int izat_core::IzatApiV02::getBatchSize(int32_t):535]: get batching size failed.Or modem does not support batching 
06-28 16:14:42.084   862  1657 E LocSvc_IzatApiV02: E/virtual int izat_core::IzatApiV02::getBatchSize(int32_t):522]: Error : st = 4, ind.status = -1628389555
06-28 16:14:42.084   862  1657 E LocSvc_IzatApiV02: E/virtual int izat_core::IzatApiV02::getBatchSize(int32_t):535]: get batching size failed.Or modem does not support batching 
06-28 16:14:42.093   862  1657 E LocSvc_IzatApiV02: E/virtual int izat_core::IzatApiV02::getBatchSize(int32_t):522]: Error : st = 4, ind.status = -1628389555
06-28 16:14:42.093   862  1657 E LocSvc_IzatApiV02: E/virtual int izat_core::IzatApiV02::getBatchSize(int32_t):535]: get batching size failed.Or modem does not support batching 
06-28 16:14:42.288 25138 25183 E chromium: [ERROR:gles2_cmd_decoder.cc(3852)] [.ChromiumCompositor-0xacbb2fc0]GL ERROR :GL_INVALID_ENUM : glDiscardFramebufferEXT: attachments was GL_COLOR_EXT
06-28 16:14:42.360 25204 25216 E WPROF   : {"Javascript": {"url": "http://m.addthisedge.com/live/boost/ra-53e918f660794f37/_ate.track.config_resp", "requestTime": 27559.415453}}
06-28 16:14:42.411 25204 25216 E WPROF   : {"Javascript": {"url": "http://m.addthis.com/live/red_lojson/300lo.json?si=59535761f7832e67&bkl=0&bl=1&pdt=1701&sid=59535761f7832e67&pub=ra-53e918f660794f37&rev=v7.15.4-wp&ln=ko&pc=men&cb=0&ab=-&dp=searchengineland.com&fp=perfect-structure-managing-profitable-shopping-ads-276168&fr=&of=0&pd=0&irt=0&vcl=0&md=0&ct=1&tct=0&ab", "requestTime": 27559.466603}}
06-28 16:14:42.665 25204 25216 E WPROF   : {"Javascript": {"url": "http://cdn.api.twitter.com/1/users/show.json?screen_name=Optmyzr&callback=twttr.setFollowersCount", "requestTime": 27559.720982}}
06-28 16:14:42.693 25204 25216 E WPROF   : {"Javascript": {"url": "http://dnn506yrbagrg.cloudfront.net/pages/scripts/0026/4062.js?416287", "requestTime": 27559.748871}}
06-28 16:14:42.729 25204 25216 E WPROF   : {"CSS": {"url": "http://app-sj02.marketo.com/js/forms2/css/forms2.css", "requestTime": 27559.784606}}
06-28 16:14:42.732 25204 25216 E WPROF   : {"CSS": {"url": "http://app-sj02.marketo.com/js/forms2/css/forms2-theme-simple.css", "requestTime": 27559.787811}}
06-28 16:14:42.917 25204 25216 E WPROF   : {"Javascript": {"url": "https://platform.twitter.com/js/button.b731e6c82269f70f6fc53634e044a4c6.js", "requestTime": 27559.972290}}
06-28 16:14:42.921 25204 25216 E WPROF   : {"Javascript": {"url": "http://munchkin.marketo.net/151/munchkin.js", "requestTime": 27559.977048}}
06-28 16:14:42.939 25204 25216 E WPROF   : {"Javascript": {"url": "https://static.xx.fbcdn.net/rsrc.php/v3iy6L4/yF/l/ko_KR/w3AiswiqjrJ.js", "requestTime": 27559.995132}}
06-28 16:14:43.227 25138 25183 E chromium: [ERROR:gles2_cmd_decoder.cc(3852)] [.ChromiumCompositor-0xacbb2fc0]GL ERROR :GL_INVALID_ENUM : glDiscardFramebufferEXT: attachments was GL_COLOR_EXT
06-28 16:14:43.739 25204 25216 E WPROF   : {"Javascript": {"url": "https://securepubads.g.doubleclick.net/gampad/ads?gdfp_req=1&correlator=4030754679947264&output=json_html&callback=googletag.impl.pubads.callbackProxy1&impl=fifs&json_a=1&eid=108809080%2C21060130%2C108809107%2C108809152&sc=0&sfv=1-0-9&iu_parts=1038259%2Csel-ciu-1%2Csel-ciu-2%2Csel-ciu-3%2Csel-ciu-4%", "requestTime": 27560.794477}}
06-28 16:14:44.038 25204 25216 E WPROF   : {"Javascript": {"url": "http://s7.addthis.com/static/layers.4acb6c577b51939661ec.js", "requestTime": 27561.093479}}
06-28 16:14:44.070 25204 25216 E WPROF   : {"CSS": {"url": "https://www.youtube.com/yts/cssbin/www-embed-player-sprite-mode-vfl5G4Xm8.css", "requestTime": 27561.126175}}
06-28 16:14:44.072 25204 25216 E WPROF   : {"Javascript": {"url": "https://www.youtube.com/yts/jsbin/www-embed-player-vfl_UY_j8/www-embed-player.js", "requestTime": 27561.127429}}
06-28 16:14:44.072 25204 25216 E WPROF   : {"Javascript": {"url": "https://www.youtube.com/yts/jsbin/player-vflo1w4O-/ko_KR/base.js", "requestTime": 27561.127818}}
06-28 16:14:44.137 25138 25183 E chromium: [ERROR:gles2_cmd_decoder.cc(3852)] [.ChromiumCompositor-0xacbb2fc0]GL ERROR :GL_INVALID_ENUM : glDiscardFramebufferEXT: attachments was GL_COLOR_EXT
06-28 16:14:44.692 25138 25183 E chromium: [ERROR:gles2_cmd_decoder.cc(3852)] [.ChromiumCompositor-0xacbb2fc0]GL ERROR :GL_INVALID_ENUM : glDiscardFramebufferEXT: attachments was GL_COLOR_EXT
06-28 16:14:44.857 25138 25183 E chromium: [ERROR:gles2_cmd_decoder.cc(3852)] [.ChromiumCompositor-0xacbb2fc0]GL ERROR :GL_INVALID_ENUM : glDiscardFramebufferEXT: attachments was GL_COLOR_EXT
06-28 16:14:45.848 25204 25216 E WPROF   : {"Javascript": {"url": "https://www.google.com/js/bg/KWBfAnWFESAEEaKKgdYlTHY9ysQaNoQuzeMFqvxDSM8.js", "requestTime": 27562.904176}}
06-28 16:14:45.852 25204 25216 E WPROF   : {"Javascript": {"url": "https://static.doubleclick.net/instream/ad_status.js", "requestTime": 27562.908091}}
06-28 16:14:46.451 25138 25183 E chromium: [ERROR:gles2_cmd_decoder.cc(3852)] [.ChromiumCompositor-0xacbb2fc0]GL ERROR :GL_INVALID_ENUM : glDiscardFramebufferEXT: attachments was GL_COLOR_EXT
06-28 16:14:48.570 25138 25183 E chromium: [ERROR:gles2_cmd_decoder.cc(3852)] [.ChromiumCompositor-0xacbb2fc0]GL ERROR :GL_INVALID_ENUM : glDiscardFramebufferEXT: attachments was GL_COLOR_EXT
06-28 16:14:49.444 25204 25216 E WProf.db: {"page": "searchengineland.com_perfect-structure-managing-profitable-shopping-ads-276168"}
06-28 16:14:49.444 25204 25216 E WProf.db: {"DOMLoad": 27566.499670}
06-28 16:14:49.444 25204 25216 E WProf.db: {"Resource": {"id": 1, "url": "http://searchengineland.com/perfect-structure-managing-profitable-shopping-ads-276168", "sentTime": -1.000000, "len": 91692, "from": "0x0", "mimeType": "text/html", "contentLength": -1, "httpStatus": 200, "connId": 19, "connReused": 1, "cached": 0,"requestTime": 27556.017335, "proxyStart": -1, "proxyEnd": -1, "dnsStart": -1, "dnsEnd": -1, "connectStart": 0, "connectEnd": 83, "sendStart": 83, "sendEnd": 84, "receiveHeadersEnd": 279, "sslStart": -1, "sslEnd": -1}}
06-28 16:14:49.444 25204 25216 E WProf.db: {"ReceivedChunk": {"receivedTime": 27556.314811, "len": 12487}}
06-28 16:14:49.444 25204 25216 E WProf.db: {"ReceivedChunk": {"receivedTime": 27556.422003, "len": 24367}}
06-28 16:14:49.444 25204 25216 E WProf.db: {"ReceivedChunk": {"receivedTime": 27556.671145, "len": 32768}}
06-28 16:14:49.445 25204 25216 E WProf.db: {"ReceivedChunk": {"receivedTime": 27556.678094, "len": 22070}}
06-28 16:14:49.445 25204 25216 E WProf.db: {"WprofHTMLTag": {"code": "0xaedd95d0", "doc": "http://searchengineland.com/perfect-structure-managing-profitable-shopping-ads-276168", "row": 6, "column": 42, "tagName": "html", "time": 27556.424242, "url": "", "pos": 1, "chunkLen": 1, "isStartTag": 1}}
06-28 16:14:49.445 25204 25216 E WProf.db: {"WprofHTMLTag": {"code": "0xaf047880", "doc": "http://searchengineland.com/perfect-structure-managing-profitable-shopping-ads-276168", "row": 7, "column": 6, "tagName": "head", "time": 27556.424559, "url": "", "pos": 1, "chunkLen": 1, "isStartTag": 1}}
06-28 16:14:49.445 25204 25216 E WProf.db: {"WprofHTMLTag": {"code": "0xaf0478b0", "doc": "http://searchengineland.com/perfect-structure-managing-profitable-shopping-ads-276168", "row": 8, "column": 54, "tagName": "meta", "time": 27556.424619, "url": "", "pos": 1, "chunkLen": 1, "isStartTag": 1}}
06-28 16:14:49.446 25204 25216 E WProf.db: {"WprofHTMLTag": {"code": "0xaf0478e0", "doc": "http://searchengineland.com/perfect-structure-managing-profitable-shopping-ads-276168", "row": 9, "column": 68, "tagName": "meta", "time": 27556.424801, "url": "", "pos": 1, "chunkLen": 1, "isStartTag": 1}}
06-28 16:14:49.446 25204 25216 E WProf.db: {"WprofHTMLTag": {"code": "0xaf047910", "doc": "http://searchengineland.com/perfect-structure-managing-profitable-shopping-ads-276168", "row": 10, "column": 23, "tagName": "meta", "time": 27556.424938, "url": "", "pos": 1, "chunkLen": 1, "isStartTag": 1}}
06-28 16:14:49.446 25204 25216 E WProf.db: {"WprofHTMLTag": {"code": "0xaf047940", "doc": "http://searchengineland.com/perfect-structure-managing-profitable-shopping-ads-276168", "row": 11, "column": 52, "tagName": "meta", "time": 27556.425105, "url": "", "pos": 1, "chunkLen": 1, "isStartTag": 1}}
06-28 16:14:49.446 25204 25216 E WProf.db: {"WprofHTMLTag": {"code": "0xaf047970", "doc": "http://searchengineland.com/perfect-structure-managing-profitable-shopping-ads-276168", "row": 14, "column": 56, "tagName": "meta", "time": 27556.425260, "url": "", "pos": 1, "chunkLen": 1, "isStartTag": 1}}
06-28 16:14:49.446 25204 25216 E WProf.db: {"WprofHTMLTag": {"code": "0xaf0479a0", "doc": "http://searchengineland.com/perfect-structure-managing-profitable-shopping-ads-276168", "row": 15, "column": 83, "tagName": "meta", "time": 27556.425394, "url": "", "pos": 1, "chunkLen": 1, "isStartTag": 1}}
06-28 16:14:49.447 25204 25216 E WProf.db: {"WprofHTMLTag": {"code": "0xaf0479d0", "doc": "http://searchengineland.com/perfect-structure-managing-profitable-shopping-ads-276168", "row": 16, "column": 57, "tagName": "meta", "time": 27556.425532, "url": "", "pos": 1, "chunkLen": 1, "isStartTag": 1}}
06-28 16:14:49.447 25204 25216 E WProf.db: {"WprofHTMLTag": {"code": "0xaf047a60", "doc": "http://searchengineland.com/perfect-structure-managing-profitable-shopping-ads-276168", "row": 17, "column": 41, "tagName": "meta", "time": 27556.425667, "url": "", "pos": 1, "chunkLen": 1, "isStartTag": 1}}
06-28 16:14:49.447 25204 25216 E WProf.db: {"WprofHTMLTag": {"code": "0xaf047a90", "doc": "http://searchengineland.com/perfect-structure-managing-profitable-shopping-ads-276168", "row": 18, "column": 50, "tagName": "meta", "time": 27556.425790, "url": "", "pos": 1, "chunkLen": 1, "isStartTag": 1}}
06-28 16:14:49.447 25204 25216 E WProf.db: {"WprofHTMLTag": {"code": "0xaf047ac0", "doc": "http://searchengineland.com/perfect-structure-managing-profitable-shopping-ads-276168", "row": 19, "column": 174, "tagName": "meta", "time": 27556.425916, "url": "", "pos": 1, "chunkLen": 1, "isStartTag": 1}}
06-28 16:14:49.447 25204 25216 E WProf.db: {"WprofHTMLTag": {"code": "0xaf047a30", "doc": "http://searchengineland.com/perfect-structure-managing-profitable-shopping-ads-276168", "row": 20, "column": 47, "tagName": "meta", "time": 27556.426039, "url": "", "pos": 1, "chunkLen": 1, "isStartTag": 1}}
06-28 16:14:49.448 25204 25216 E WProf.db: {"WprofHTMLTag": {"code": "0xaf047a00", "doc": "http://searchengineland.com/perfect-structure-managing-profitable-shopping-ads-276168", "row": 21, "column": 67, "tagName": "meta", "time": 27556.426159, "url": "", "pos": 1, "chunkLen": 1, "isStartTag": 1}}
06-28 16:14:49.448 25204 25216 E WProf.db: {"WprofHTMLTag": {"code": "0xaf047af0", "doc": "http://searchengineland.com/perfect-structure-managing-profitable-shopping-ads-276168", "row": 22, "column": 57, "tagName": "meta", "time": 27556.426282, "url": "", "pos": 1, "chunkLen": 1, "isStartTag": 1}}
06-28 16:14:49.448 25204 25216 E WProf.db: {"WprofHTMLTag": {"code": "0xaf047b20", "doc": "http://searchengineland.com/perfect-structure-managing-profitable-shopping-ads-276168", "row": 23, "column": 65, "tagName": "meta", "time": 27556.426416, "url": "", "pos": 1, "chunkLen": 1, "isStartTag": 1}}
06-28 16:14:49.448 25204 25216 E WProf.db: {"WprofHTMLTag": {"code": "0xaf047b50", "doc": "http://searchengineland.com/perfect-structure-managing-profitable-shopping-ads-276168", "row": 24, "column": 55, "tagName": "meta", "time": 27556.426536, "url": "", "pos": 1, "chunkLen": 1, "isStartTag": 1}}
06-28 16:14:49.449 25204 25216 E WProf.db: {"WprofHTMLTag": {"code": "0xaf047b80", "doc": "http://searchengineland.com/perfect-structure-managing-profitable-shopping-ads-276168", "row": 25, "column": 71, "tagName": "meta", "time": 27556.426674, "url": "", "pos": 1, "chunkLen": 1, "isStartTag": 1}}
06-28 16:14:49.449 25204 25216 E WProf.db: {"WprofHTMLTag": {"code": "0xaf047bb0", "doc": "http://searchengineland.com/perfect-structure-managing-profitable-shopping-ads-276168", "row": 26, "column": 86, "tagName": "meta", "time": 27556.426806, "url": "", "pos": 1, "chunkLen": 1, "isStartTag": 1}}
06-28 16:14:49.449 25204 25216 E WProf.db: {"WprofHTMLTag": {"code": "0xaf047be0", "doc": "http://searchengineland.com/perfect-structure-managing-profitable-shopping-ads-276168", "row": 27, "column": 54, "tagName": "meta", "time": 27556.426939, "url": "", "pos": 1, "chunkLen": 1, "isStartTag": 1}}
06-28 16:14:49.449 25204 25216 E WProf.db: {"WprofHTMLTag": {"code": "0xaf047c10", "doc": "http://searchengineland.com/perfect-structure-managing-profitable-shopping-ads-276168", "row": 29, "column": 39, "tagName": "meta", "time": 27556.427068, "url": "", "pos": 1, "chunkLen": 1, "isStartTag": 1}}
06-28 16:14:49.449 25204 25216 E WProf.db: {"WprofHTMLTag": {"code": "0xaf047c40", "doc": "http://searchengineland.com/perfect-structure-managing-profitable-shopping-ads-276168", "row": 30, "column": 178, "tagName": "meta", "time": 27556.427206, "url": "", "pos": 1, "chunkLen": 1, "isStartTag": 1}}
06-28 16:14:49.450 25204 25216 E WProf.db: {"WprofHTMLTag": {"code": "0xaf047c70", "doc": "http://searchengineland.com/perfect-structure-managing-profitable-shopping-ads-276168", "row": 31, "column": 55, "tagName": "meta", "time": 27556.427334, "url": "", "pos": 1, "chunkLen": 1, "isStartTag": 1}}
06-28 16:14:49.450 25204 25216 E WProf.db: {"WprofHTMLTag": {"code": "0xaf047ca0", "doc": "http://searchengineland.com/perfect-structure-managing-profitable-shopping-ads-276168", "row": 32, "column": 54, "tagName": "meta", "time": 27556.427461, "url": "", "pos": 1, "chunkLen": 1, "isStartTag": 1}}
06-28 16:14:49.450 25204 25216 E WProf.db: {"WprofHTMLTag": {"code": "0xaf047cd0", "doc": "http://searchengineland.com/perfect-structure-managing-profitable-shopping-ads-276168", "row": 33, "column": 170, "tagName": "meta", "time": 27556.427597, "url": "", "pos": 1, "chunkLen": 1, "isStartTag": 1}}
06-28 16:14:49.450 25204 25216 E WProf.db: {"WprofHTMLTag": {"code": "0xaf047d00", "doc": "http://searchengineland.com/perfect-structure-managing-profitable-shopping-ads-276168", "row": 37, "column": 36, "tagName": "script", "time": 27556.427733, "url": "", "pos": 1, "chunkLen": 1, "isStartTag": 1}}
06-28 16:14:49.450 25204 25216 E WProf.db: {"WprofHTMLTag": {"code": "0xaf047d30", "doc": "http://searchengineland.com/perfect-structure-managing-profitable-shopping-ads-276168", "row": 53, "column": 10, "tagName": "script", "time": 27556.428089, "url": "", "pos": 1, "chunkLen": 1, "isStartTag": 0}}
06-28 16:14:49.451 25204 25216 E WProf.db: {"WprofHTMLTag": {"code": "0xaf047d60", "doc": "http://searchengineland.com/perfect-structure-managing-profitable-shopping-ads-276168", "row": 55, "column": 86, "tagName": "link", "time": 27556.428370, "url": "http://searchengineland.com/apple-touch-icon.png", "pos": 1, "chunkLen": 1, "isStartTag": 1}}
06-28 16:14:49.451 25204 25216 E WProf.db: {"WprofHTMLTag": {"code": "0xaf047d90", "doc": "http://searchengineland.com/perfect-structure-managing-profitable-shopping-ads-276168", "row": 56, "column": 76, "tagName": "link", "time": 27556.428711, "url": "http://searchengineland.com/favicon.ico", "pos": 1, "chunkLen": 1, "isStartTag": 1}}
06-28 16:14:49.451 25204 25216 E WProf.db: {"WprofHTMLTag": {"code": "0xaf047dc0", "doc": "http://searchengineland.com/perfect-structure-managing-profitable-shopping-ads-276168", "row": 57, "column": 158, "tagName": "link", "time": 27556.428933, "url": "http://feeds.searchengineland.com/searchengineland", "pos": 1, "chunkLen": 1, "isStartTag": 1}}
06-28 16:14:49.452 25204 25216 E WProf.db: {"WprofHTMLTag": {"code": "0xaf047df0", "doc": "http://searchengineland.com/perfect-structure-managing-profitable-shopping-ads-276168", "row": 58, "column": 149, "tagName": "link", "time": 27556.429226, "url": "http://feeds.searchengineland.com/searchcap", "pos": 1, "chunkLen": 1, "isStartTag": 1}}
06-28 16:14:49.452 25204 25216 E WProf.db: {"WprofHTMLTag": {"code": "0xaf047e20", "doc": "http://searchengineland.com/perfect-structure-managing-profitable-shopping-ads-276168", "row": 59, "column": 150, "tagName": "link", "time": 27556.429534, "url": "http://searchengineland.com/figz/wp-content/themes/searchengineland/css/searchengineland-bootstrap.css", "pos": 1, "chunkLen": 1, "isStartTag": 1}}
06-28 16:14:49.452 25204 25216 E WProf.db: {"WprofHTMLTag": {"code": "0xaf047e80", "doc": "http://searchengineland.com/perfect-structure-managing-profitable-shopping-ads-276168", "row": 60, "column": 105, "tagName": "link", "time": 27556.430647, "url": "http://fonts.googleapis.com/css?family=Oswald:300,400,700", "pos": 1, "chunkLen": 1, "isStartTag": 1}}
06-28 16:14:49.453 25204 25216 E WProf.db: {"WprofHTMLTag": {"code": "0xaf047ee0", "doc": "http://searchengineland.com/perfect-structure-managing-profitable-shopping-ads-276168", "row": 61, "column": 125, "tagName": "link", "time": 27556.431147, "url": "http://searchengineland.com/figz/wp-content/themes/searchengineland/style.css", "pos": 1, "chunkLen": 1, "isStartTag": 1}}
06-28 16:14:49.453 25204 25216 E WProf.db: {"WprofHTMLTag": {"code": "0xaf047f40", "doc": "http://searchengineland.com/perfect-structure-managing-profitable-shopping-ads-276168", "row": 65, "column": 7, "tagName": "title", "time": 27556.431628, "url": "", "pos": 1, "chunkLen": 1, "isStartTag": 1}}
06-28 16:14:49.453 25204 25216 E WProf.db: {"WprofHTMLTag": {"code": "0xaf047f70", "doc": "http://searchengineland.com/perfect-structure-managing-profitable-shopping-ads-276168", "row": 65, "column": 73, "tagName": "title", "time": 27556.431712, "url": "", "pos": 1, "chunkLen": 1, "isStartTag": 0}}
06-28 16:14:49.453 25204 25216 E WProf.db: {"WprofHTMLTag": {"code": "0xaf047fa0", "doc": "http://searchengineland.com/perfect-structure-managing-profitable-shopping-ads-276168", "row": 66, "column": 192, "tagName": "meta", "time": 27556.431732, "url": "", "pos": 1, "chunkLen": 1, "isStartTag": 1}}
06-28 16:14:49.453 25204 25216 E WProf.db: {"WprofHTMLTag": {"code": "0xaf047fd0", "doc": "http://searchengineland.com/perfect-structure-managing-profitable-shopping-ads-276168", "row": 67, "column": 40, "tagName": "meta", "time": 27556.431848, "url": "", "pos": 1, "chunkLen": 1, "isStartTag": 1}}
06-28 16:14:49.454 25204 25216 E WProf.db: {"WprofHTMLTag": {"code": "0xb4cc74b0", "doc": "http://searchengineland.com/perfect-structure-managing-profitable-shopping-ads-276168", "row": 68, "column": 127, "tagName": "meta", "time": 27556.431963, "url": "", "pos": 1, "chunkLen": 1, "isStartTag": 1}}
06-28 16:14:49.454 25204 25216 E WProf.db: {"WprofHTMLTag": {"code": "0xb4cc7540", "doc": "http://searchengineland.com/perfect-structure-managing-profitable-shopping-ads-276168", "row": 69, "column": 37, "tagName": "meta", "time": 27556.432070, "url": "", "pos": 1, "chunkLen": 1, "isStartTag": 1}}
06-28 16:14:49.454 25204 25216 E WProf.db: {"WprofHTMLTag": {"code": "0xb4cc78a0", "doc": "http://searchengineland.com/perfect-structure-managing-profitable-shopping-ads-276168", "row": 70, "column": 117, "tagName": "link", "time": 27556.432179, "url": "http://searchengineland.com/perfect-structure-managing-profitable-shopping-ads-276168", "pos": 1, "chunkLen": 1, "isStartTag": 1}}
06-28 16:14:49.455 25204 25216 E WProf.db: {"WprofHTMLTag": {"code": "0xb4cc78d0", "doc": "http://searchengineland.com/perfect-structure-managing-profitable-shopping-ads-276168", "row": 71, "column": 76, "tagName": "link", "time": 27556.432386, "url": "https://plus.google.com/103218677032751327334", "pos": 1, "chunkLen": 1, "isStartTag": 1}}
06-28 16:14:49.455 25204 25216 E WProf.db: {"WprofHTMLTag": {"code": "0xb4cc7900", "doc": "http://searchengineland.com/perfect-structure-managing-profitable-shopping-ads-276168", "row": 72, "column": 45, "tagName": "meta", "time": 27556.432569, "url": "", "pos": 1, "chunkLen": 1, "isStartTag": 1}}
06-28 16:14:49.455 25204 25216 E WProf.db: {"WprofHTMLTag": {"code": "0xb4cc7930", "doc": "http://searchengineland.com/perfect-structure-managing-profitable-shopping-ads-276168", "row": 73, "column": 45, "tagName": "meta", "time": 27556.432679, "url": "", "pos": 1, "chunkLen": 1, "isStartTag": 1}}
06-28 16:14:49.455 25204 25216 E WProf.db: {"WprofHTMLTag": {"code": "0xb4cc7960", "doc": "http://searchengineland.com/perfect-structure-managing-profitable-shopping-ads-276168", "row": 74, "column": 97, "tagName": "meta", "time": 27556.432792, "url": "", "pos": 1, "chunkLen": 1, "isStartTag": 1}}
06-28 16:14:49.456 25204 25216 E WProf.db: {"WprofHTMLTag": {"code": "0xb4cc7990", "doc": "http://searchengineland.com/perfect-structure-managing-profitable-shopping-ads-276168", "row": 75, "column": 200, "tagName": "meta", "time": 27556.432901, "url": "", "pos": 1, "chunkLen": 1, "isStartTag": 1}}
06-28 16:14:49.456 25204 25216 E WProf.db: {"WprofHTMLTag": {"code": "0xb4cc79c0", "doc": "http://searchengineland.com/perfect-structure-managing-profitable-shopping-ads-276168", "row": 76, "column": 122, "tagName": "meta", "time": 27556.433010, "url": "", "pos": 1, "chunkLen": 1, "isStartTag": 1}}
06-28 16:14:49.456 25204 25216 E WProf.db: {"WprofHTMLTag": {"code": "0xb4cc79f0", "doc": "http://searchengineland.com/perfect-structure-managing-profitable-shopping-ads-276168", "row": 77, "column": 61, "tagName": "meta", "time": 27556.433114, "url": "", "pos": 1, "chunkLen": 1, "isStartTag": 1}}
06-28 16:14:49.457 25204 25216 E WProf.db: {"WprofHTMLTag": {"code": "0xb4cc7a20", "doc": "http://searchengineland.com/perfect-structure-managing-profitable-shopping-ads-276168", "row": 78, "column": 89, "tagName": "meta", "time": 27556.433220, "url": "", "pos": 1, "chunkLen": 1, "isStartTag": 1}}
06-28 16:14:49.457 25204 25216 E WProf.db: {"WprofHTMLTag": {"code": "0xb4cc7a50", "doc": "http://searchengineland.com/perfect-structure-managing-profitable-shopping-ads-276168", "row": 79, "column": 61, "tagName": "meta", "time": 27556.433324, "url": "", "pos": 1, "chunkLen": 1, "isStartTag": 1}}
06-28 16:14:49.457 25204 25216 E WProf.db: {"WprofHTMLTag": {"code": "0xb4cc7a80", "doc": "http://searchengineland.com/perfect-structure-managing-profitable-shopping-ads-276168", "row": 80, "column": 78, "tagName": "meta", "time": 27556.433438, "url": "", "pos": 1, "chunkLen": 1, "isStartTag": 1}}
06-28 16:14:49.457 25204 25216 E WProf.db: {"WprofHTMLTag": {"code": "0xb4cc7ab0", "doc": "http://searchengineland.com/perfect-structure-managing-profitable-shopping-ads-276168", "row": 81, "column": 77, "tagName": "meta", "time": 27556.433544, "url": "", "pos": 1, "chunkLen": 1, "isStartTag": 1}}
06-28 16:14:49.457 25204 25216 E WProf.db: {"WprofHTMLTag": {"code": "0xb4cc7ae0", "doc": "http://searchengineland.com/perfect-structure-managing-profitable-shopping-ads-276168", "row": 82, "column": 71, "tagName": "meta", "time": 27556.433650, "url": "", "pos": 1, "chunkLen": 1, "isStartTag": 1}}
06-28 16:14:49.458 25204 25216 E WProf.db: {"WprofHTMLTag": {"code": "0xb4cc7b10", "doc": "http://searchengineland.com/perfect-structure-managing-profitable-shopping-ads-276168", "row": 83, "column": 164, "tagName": "meta", "time": 27556.433772, "url": "", "pos": 1, "chunkLen": 1, "isStartTag": 1}}
06-28 16:14:49.458 25204 25216 E WProf.db: {"WprofHTMLTag": {"code": "0xb4cc7b40", "doc": "http://searchengineland.com/perfect-structure-managing-profitable-shopping-ads-276168", "row": 84, "column": 58, "tagName": "meta", "time": 27556.434732, "url": "", "pos": 1, "chunkLen": 1, "isStartTag": 1}}
06-28 16:14:49.458 25204 25216 E WProf.db: {"WprofHTMLTag": {"code": "0xb4cc7b70", "doc": "http://searchengineland.com/perfect-structure-managing-profitable-shopping-ads-276168", "row": 85, "column": 201, "tagName": "meta", "time": 27556.434861, "url": "", "pos": 1, "chunkLen": 1, "isStartTag": 1}}
06-28 16:14:49.458 25204 25216 E WProf.db: {"WprofHTMLTag": {"code": "0xb4cc7ba0", "doc": "http://searchengineland.com/perfect-structure-managing-profitable-shopping-ads-276168", "row": 86, "column": 98, "tagName": "meta", "time": 27556.434973, "url": "", "pos": 1, "chunkLen": 1, "isStartTag": 1}}
06-28 16:14:49.458 25204 25216 E WProf.db: {"WprofHTMLTag": {"code": "0xb4cc7bd0", "doc": "http://searchengineland.com/perfect-structure-managing-profitable-shopping-ads-276168", "row": 87, "column": 51, "tagName": "meta", "time": 27556.435078, "url": "", "pos": 1, "chunkLen": 1, "isStartTag": 1}}
06-28 16:14:49.459 25204 25216 E WProf.db: {"WprofHTMLTag": {"code": "0xb4cc7c00", "doc": "http://searchengineland.com/perfect-structure-managing-profitable-shopping-ads-276168", "row": 88, "column": 165, "tagName": "meta", "time": 27556.435188, "url": "", "pos": 1, "chunkLen": 1, "isStartTag": 1}}
06-28 16:14:49.459 25204 25216 E WProf.db: {"WprofHTMLTag": {"code": "0xb4cc7c30", "doc": "http://searchengineland.com/perfect-structure-managing-profitable-shopping-ads-276168", "row": 89, "column": 50, "tagName": "meta", "time": 27556.435302, "url": "", "pos": 1, "chunkLen": 1, "isStartTag": 1}}
06-28 16:14:49.459 25204 25216 E WProf.db: {"WprofHTMLTag": {"code": "0xb4cc7c60", "doc": "http://searchengineland.com/perfect-structure-managing-profitable-shopping-ads-276168", "row": 92, "column": 44, "tagName": "link", "time": 27556.435415, "url": "http://s.w.org/", "pos": 1, "chunkLen": 1, "isStartTag": 1}}
06-28 16:14:49.459 25204 25216 E WProf.db: {"WprofHTMLTag": {"code": "0xb4cc7c90", "doc": "http://searchengineland.com/perfect-structure-managing-profitable-shopping-ads-276168", "row": 93, "column": 33, "tagName": "script", "time": 27556.435659, "url": "", "pos": 1, "chunkLen": 1, "isStartTag": 1}}
06-28 16:14:49.459 25204 25216 E WProf.db: {"WprofHTMLTag": {"code": "0xb4cc7cc0", "doc": "http://searchengineland.com/perfect-structure-managing-profitable-shopping-ads-276168", "row": 96, "column": 11, "tagName": "script", "time": 27556.435873, "url": "http://searchengineland.com/figz/wp-includes/js/wp-emoji-release.min.js?ver=4.7.5", "pos": 1, "chunkLen": 1, "isStartTag": 0}}
06-28 16:14:49.460 25204 25216 E WProf.db: {"WprofHTMLTag": {"code": "0x9c8499c0", "doc": "http://searchengineland.com/perfect-structure-managing-profitable-shopping-ads-276168", "row": 97, "column": 25, "tagName": "style", "time": 27557.121296, "url": "", "pos": 1, "chunkLen": 1, "isStartTag": 1}}
06-28 16:14:49.460 25204 25216 E WProf.db: {"WprofHTMLTag": {"code": "0x9c8499f0", "doc": "http://searchengineland.com/perfect-structure-managing-profitable-shopping-ads-276168", "row": 110, "column": 8, "tagName": "style", "time": 27557.121512, "url": "", "pos": 1, "chunkLen": 1, "isStartTag": 0}}
06-28 16:14:49.460 25204 25216 E WProf.db: {"WprofHTMLTag": {"code": "0x9c849a20", "doc": "http://searchengineland.com/perfect-structure-managing-profitable-shopping-ads-276168", "row": 111, "column": 140, "tagName": "script", "time": 27557.123249, "url": "http://searchengineland.com/figz/wp-content/themes/searchengineland/js/lib/modernizr.custom.js?ver=1.0", "pos": 1, "chunkLen": 1, "isStartTag": 1}}
06-28 16:14:49.460 25204 25216 E WProf.db: {"WprofHTMLTag": {"code": "0x9c849a50", "doc": "http://searchengineland.com/perfect-structure-managing-profitable-shopping-ads-276168", "row": 111, "column": 149, "tagName": "script", "time": 27557.124230, "url": "", "pos": 1, "chunkLen": 1, "isStartTag": 0}}
06-28 16:14:49.461 25204 25216 E WProf.db: {"WprofHTMLTag": {"code": "0x9c849ae0", "doc": "http://searchengineland.com/perfect-structure-managing-profitable-shopping-ads-276168", "row": 112, "column": 144, "tagName": "script", "time": 27557.133085, "url": "http://searchengineland.com/figz/wp-content/themes/searchengineland/js/lib/jquery-1.11.0.min.js?ver=1.11.0", "pos": 1, "chunkLen": 1, "isStartTag": 1}}
06-28 16:14:49.461 25204 25216 E WProf.db: {"WprofHTMLTag": {"code": "0x9c849b10", "doc": "http://searchengineland.com/perfect-structure-managing-profitable-shopping-ads-276168", "row": 112, "column": 153, "tagName": "script", "time": 27557.133330, "url": "", "pos": 1, "chunkLen": 1, "isStartTag": 0}}
06-28 16:14:49.461 25204 25216 E WProf.db: {"WprofHTMLTag": {"code": "0xaedd9b10", "doc": "http://searchengineland.com/perfect-structure-managing-profitable-shopping-ads-276168", "row": 0, "column": 15, "tagName": "div", "time": 27557.348620, "url": "", "pos": 15, "chunkLen": 44, "isStartTag": 1}}
06-28 16:14:49.461 25204 25216 E WProf.db: {"WprofHTMLTag": {"code": "0xaedd9ae0", "doc": "http://searchengineland.com/perfect-structure-managing-profitable-shopping-ads-276168", "row": 0, "column": 21, "tagName": "div", "time": 27557.348759, "url": "", "pos": 21, "chunkLen": 44, "isStartTag": 0}}
06-28 16:14:49.462 25204 25216 E WProf.db: {"WprofHTMLTag": {"code": "0xaedd9e70", "doc": "http://searchengineland.com/perfect-structure-managing-profitable-shopping-ads-276168", "row": 0, "column": 38, "tagName": "div", "time": 27557.348825, "url": "", "pos": 38, "chunkLen": 44, "isStartTag": 1}}
06-28 16:14:49.462 25204 25216 E WProf.db: {"WprofHTMLTag": {"code": "0xaedd9e40", "doc": "http://searchengineland.com/perfect-structure-managing-profitable-shopping-ads-276168", "row": 0, "column": 44, "tagName": "div", "time": 27557.348937, "url": "", "pos": 44, "chunkLen": 44, "isStartTag": 0}}
06-28 16:14:49.462 25204 25216 E WProf.db: {"WprofHTMLTag": {"code": "0xaedd9e10", "doc": "http://searchengineland.com/perfect-structure-managing-profitable-shopping-ads-276168", "row": 0, "column": 13, "tagName": "select", "time": 27557.350688, "url": "", "pos": 13, "chunkLen": 51, "isStartTag": 1}}
06-28 16:14:49.462 25204 25216 E WProf.db: {"WprofHTMLTag": {"code": "0xaedd9de0", "doc": "http://searchengineland.com/perfect-structure-managing-profitable-shopping-ads-276168", "row": 0, "column": 33, "tagName": "option", "time": 27557.350968, "url": "", "pos": 33, "chunkLen": 51, "isStartTag": 1}}
06-28 16:14:49.462 25204 25216 E WProf.db: {"WprofHTMLTag": {"code": "0x9c849ab0", "doc": "http://searchengineland.com/perfect-structure-managing-profitable-shopping-ads-276168", "row": 0, "column": 42, "tagName": "option", "time": 27557.351228, "url": "", "pos": 42, "chunkLen": 51, "isStartTag": 0}}
06-28 16:14:49.463 25204 25216 E WProf.db: {"WprofHTMLTag": {"code": "0x9c849b40", "doc": "http://searchengineland.com/perfect-structure-managing-profitable-shopping-ads-276168", "row": 0, "column": 51, "tagName": "select", "time": 27557.351293, "url": "", "pos": 51, "chunkLen": 51, "isStartTag": 0}}
06-28 16:14:49.463 25204 25216 E WProf.db: {"WprofHTMLTag": {"code": "0x9c849b70", "doc": "http://searchengineland.com/perfect-structure-managing-profitable-shopping-ads-276168", "row": 0, "column": 12, "tagName": "a", "time": 27557.356283, "url": "", "pos": 12, "chunkLen": 16, "isStartTag": 1}}
06-28 16:14:49.463 25204 25216 E WProf.db: {"WprofHTMLTag": {"code": "0x9c849ba0", "doc": "http://searchengineland.com/perfect-structure-managing-profitable-shopping-ads-276168", "row": 0, "column": 16, "tagName": "a", "time": 27557.356450, "url": "", "pos": 16, "chunkLen": 16, "isStartTag": 0}}
06-28 16:14:49.463 25204 25216 E WProf.db: {"WprofHTMLTag": {"code": "0x9c849bd0", "doc": "http://searchengineland.com/perfect-structure-managing-profitable-shopping-ads-276168", "row": 0, "column": 8, "tagName": "input", "time": 27557.357460, "url": "", "pos": 8, "chunkLen": 8, "isStartTag": 1}}
06-28 16:14:49.463 25204 25216 E WProf.db: {"WprofHTMLTag": {"code": "0x9c849c00", "doc": "http://searchengineland.com/perfect-structure-managing-profitable-shopping-ads-276168", "row": 0, "column": 9, "tagName": "link", "time": 27557.366164, "url": "", "pos": 9, "chunkLen": 42, "isStartTag": 1}}
06-28 16:14:49.464 25204 25216 E WProf.db: {"WprofHTMLTag": {"code": "0x9c849c30", "doc": "http://searchengineland.com/perfect-structure-managing-profitable-shopping-ads-276168", "row": 0, "column": 16, "tagName": "table", "time": 27557.366296, "url": "", "pos": 16, "chunkLen": 42, "isStartTag": 1}}
06-28 16:14:49.464 25204 25216 E WProf.db: {"WprofHTMLTag": {"code": "0x9c849c60", "doc": "http://searchengineland.com/perfect-structure-managing-profitable-shopping-ads-276168", "row": 0, "column": 24, "tagName": "table", "time": 27557.366427, "url": "", "pos": 24, "chunkLen": 42, "isStartTag": 0}}
06-28 16:14:49.465 25204 25216 E WProf.db: {"WprofHTMLTag": {"code": "0x9c849c90", "doc": "http://searchengineland.com/perfect-structure-managing-profitable-shopping-ads-276168", "row": 0, "column": 37, "tagName": "a", "time": 27557.366500, "url": "", "pos": 37, "chunkLen": 42, "isStartTag": 1}}
06-28 16:14:49.465 25204 25216 E WProf.db: {"WprofHTMLTag": {"code": "0x9c849cc0", "doc": "http://searchengineland.com/perfect-structure-managing-profitable-shopping-ads-276168", "row": 0, "column": 42, "tagName": "a", "time": 27557.366667, "url": "", "pos": 42, "chunkLen": 42, "isStartTag": 0}}
06-28 16:14:49.465 25204 25216 E WProf.db: {"WprofHTMLTag": {"code": "0x9c849d50", "doc": "http://searchengineland.com/perfect-structure-managing-profitable-shopping-ads-276168", "row": 0, "column": 10, "tagName": "textarea", "time": 27557.367827, "url": "", "pos": 10, "chunkLen": 22, "isStartTag": 1}}
06-28 16:14:49.465 25204 25216 E WProf.db: {"WprofHTMLTag": {"code": "0x9c849d80", "doc": "http://searchengineland.com/perfect-structure-managing-profitable-shopping-ads-276168", "row": 0, "column": 22, "tagName": "textarea", "time": 27557.368039, "url": "", "pos": 22, "chunkLen": 22, "isStartTag": 0}}
06-28 16:14:49.465 25204 25216 E WProf.db: {"WprofHTMLTag": {"code": "0x9c849db0", "doc": "http://searchengineland.com/perfect-structure-managing-profitable-shopping-ads-276168", "row": 0, "column": 48, "tagName": "input", "time": 27557.369185, "url": "", "pos": 48, "chunkLen": 48, "isStartTag": 1}}
06-28 16:14:49.466 25204 25216 E WProf.db: {"WprofHTMLTag": {"code": "0x9c849e10", "doc": "http://searchengineland.com/perfect-structure-managing-profitable-shopping-ads-276168", "row": 0, "column": 9, "tagName": "link", "time": 27557.373494, "url": "", "pos": 9, "chunkLen": 66, "isStartTag": 1}}
06-28 16:14:49.466 25204 25216 E WProf.db: {"WprofHTMLTag": {"code": "0x9c849e40", "doc": "http://searchengineland.com/perfect-structure-managing-profitable-shopping-ads-276168", "row": 0, "column": 16, "tagName": "table", "time": 27557.373632, "url": "", "pos": 16, "chunkLen": 66, "isStartTag": 1}}
06-28 16:14:49.466 25204 25216 E WProf.db: {"WprofHTMLTag": {"code": "0x9c849e70", "doc": "http://searchengineland.com/perfect-structure-managing-profitable-shopping-ads-276168", "row": 0, "column": 24, "tagName": "table", "time": 27557.373702, "url": "", "pos": 24, "chunkLen": 66, "isStartTag": 0}}
06-28 16:14:49.466 25204 25216 E WProf.db: {"WprofHTMLTag": {"code": "0x9c849ea0", "doc": "http://searchengineland.com/perfect-structure-managing-profitable-shopping-ads-276168", "row": 0, "column": 37, "tagName": "a", "time": 27557.373765, "url": "", "pos": 37, "chunkLen": 66, "isStartTag": 1}}
06-28 16:14:49.466 25204 25216 E WProf.db: {"WprofHTMLTag": {"code": "0x9c849ed0", "doc": "http://searchengineland.com/perfect-structure-managing-profitable-shopping-ads-276168", "row": 0, "column": 42, "tagName": "a", "time": 27557.373940, "url": "", "pos": 42, "chunkLen": 66, "isStartTag": 0}}
06-28 16:14:49.466 25204 25216 E WProf.db: {"WprofHTMLTag": {"code": "0x9c849f00", "doc": "http://searchengineland.com/perfect-structure-managing-profitable-shopping-ads-276168", "row": 0, "column": 66, "tagName": "input", "time": 27557.374014, "url": "", "pos": 66, "chunkLen": 66, "isStartTag": 1}}
06-28 16:14:49.467 25204 25216 E WProf.db: {"WprofHTMLTag": {"code": "0x9c849f90", "doc": "http://searchengineland.com/perfect-structure-managing-profitable-shopping-ads-276168", "row": 0, "column": 9, "tagName": "link", "time": 27557.375826, "url": "", "pos": 9, "chunkLen": 66, "isStartTag": 1}}
06-28 16:14:49.467 25204 25216 E WProf.db: {"WprofHTMLTag": {"code": "0x9c849fc0", "doc": "http://searchengineland.com/perfect-structure-managing-profitable-shopping-ads-276168", "row": 0, "column": 16, "tagName": "table", "time": 27557.375943, "url": "", "pos": 16, "chunkLen": 66, "isStartTag": 1}}
06-28 16:14:49.467 25204 25216 E WProf.db: {"WprofHTMLTag": {"code": "0x9c849ff0", "doc": "http://searchengineland.com/perfect-structure-managing-profitable-shopping-ads-276168", "row": 0, "column": 24, "tagName": "table", "time": 27557.376009, "url": "", "pos": 24, "chunkLen": 66, "isStartTag": 0}}
06-28 16:14:49.467 25204 25216 E WProf.db: {"WprofHTMLTag": {"code": "0x9c84a020", "doc": "http://searchengineland.com/perfect-structure-managing-profitable-shopping-ads-276168", "row": 0, "column": 37, "tagName": "a", "time": 27557.376089, "url": "", "pos": 37, "chunkLen": 66, "isStartTag": 1}}
06-28 16:14:49.467 25204 25216 E WProf.db: {"WprofHTMLTag": {"code": "0x9c84a050", "doc": "http://searchengineland.com/perfect-structure-managing-profitable-shopping-ads-276168", "row": 0, "column": 42, "tagName": "a", "time": 27557.376261, "url": "", "pos": 42, "chunkLen": 66, "isStartTag": 0}}
06-28 16:14:49.467 25204 25216 E WProf.db: {"WprofHTMLTag": {"code": "0x9c84a080", "doc": "http://searchengineland.com/perfect-structure-managing-profitable-shopping-ads-276168", "row": 0, "column": 66, "tagName": "input", "time": 27557.376324, "url": "", "pos": 66, "chunkLen": 66, "isStartTag": 1}}
06-28 16:14:49.467 25204 25216 E WProf.db: {"WprofHTMLTag": {"code": "0x9c84a0e0", "doc": "http://searchengineland.com/perfect-structure-managing-profitable-shopping-ads-276168", "row": 0, "column": 9, "tagName": "link", "time": 27557.380429, "url": "", "pos": 9, "chunkLen": 66, "isStartTag": 1}}
06-28 16:14:49.467 25204 25216 E WProf.db: {"WprofHTMLTag": {"code": "0x9c84a110", "doc": "http://searchengineland.com/perfect-structure-managing-profitable-shopping-ads-276168", "row": 0, "column": 16, "tagName": "table", "time": 27557.380539, "url": "", "pos": 16, "chunkLen": 66, "isStartTag": 1}}
06-28 16:14:49.468 25204 25216 E WProf.db: {"WprofHTMLTag": {"code": "0x9c84a140", "doc": "http://searchengineland.com/perfect-structure-managing-profitable-shopping-ads-276168", "row": 0, "column": 24, "tagName": "table", "time": 27557.380616, "url": "", "pos": 24, "chunkLen": 66, "isStartTag": 0}}
06-28 16:14:49.468 25204 25216 E WProf.db: {"WprofHTMLTag": {"code": "0x9c84a170", "doc": "http://searchengineland.com/perfect-structure-managing-profitable-shopping-ads-276168", "row": 0, "column": 37, "tagName": "a", "time": 27557.380678, "url": "", "pos": 37, "chunkLen": 66, "isStartTag": 1}}
06-28 16:14:49.468 25204 25216 E WProf.db: {"WprofHTMLTag": {"code": "0x9c84a1a0", "doc": "http://searchengineland.com/perfect-structure-managing-profitable-shopping-ads-276168", "row": 0, "column": 42, "tagName": "a", "time": 27557.380956, "url": "", "pos": 42, "chunkLen": 66, "isStartTag": 0}}
06-28 16:14:49.468 25204 25216 E WProf.db: {"WprofHTMLTag": {"code": "0x9c84a1d0", "doc": "http://searchengineland.com/perfect-structure-managing-profitable-shopping-ads-276168", "row": 0, "column": 66, "tagName": "input", "time": 27557.381017, "url": "", "pos": 66, "chunkLen": 66, "isStartTag": 1}}
06-28 16:14:49.468 25204 25216 E WProf.db: {"WprofHTMLTag": {"code": "0x9c84a2f0", "doc": "http://searchengineland.com/perfect-structure-managing-profitable-shopping-ads-276168", "row": 113, "column": 154, "tagName": "script", "time": 27557.392864, "url": "http://searchengineland.com/figz/wp-content/themes/searchengineland/js/lib/jquery-ui-1.10.3.custom.min.js?ver=1.10.3", "pos": 67, "chunkLen": 67, "isStartTag": 1}}
06-28 16:14:49.468 25204 25216 E WProf.db: {"WprofHTMLTag": {"code": "0x9c84a320", "doc": "http://searchengineland.com/perfect-structure-managing-profitable-shopping-ads-276168", "row": 113, "column": 163, "tagName": "script", "time": 27557.393185, "url": "", "pos": 67, "chunkLen": 67, "isStartTag": 0}}
06-28 16:14:49.468 25204 25216 E WProf.db: {"WprofHTMLTag": {"code": "0xaedd9c30", "doc": "http://searchengineland.com/perfect-structure-managing-profitable-shopping-ads-276168", "row": 0, "column": 111, "tagName": "div", "time": 27557.521931, "url": "", "pos": 111, "chunkLen": 117, "isStartTag": 1}}
06-28 16:14:49.468 25204 25216 E WProf.db: {"WprofHTMLTag": {"code": "0xaedd9bd0", "doc": "http://searchengineland.com/perfect-structure-managing-profitable-shopping-ads-276168", "row": 0, "column": 117, "tagName": "div", "time": 27557.522139, "url": "", "pos": 117, "chunkLen": 117, "isStartTag": 0}}
06-28 16:14:49.469 25204 25216 E WProf.db: {"WprofHTMLTag": {"code": "0x9c84a6b0", "doc": "http://searchengineland.com/perfect-structure-managing-profitable-shopping-ads-276168", "row": 114, "column": 155, "tagName": "script", "time": 27557.554041, "url": "http://searchengineland.com/figz/wp-content/themes/searchengineland/js/lib/jquery.ba-throttle-debounce.min.js?ver=1.1", "pos": 118, "chunkLen": 118, "isStartTag": 1}}
06-28 16:14:49.469 25204 25216 E WProf.db: {"WprofHTMLTag": {"code": "0x9c84a6e0", "doc": "http://searchengineland.com/perfect-structure-managing-profitable-shopping-ads-276168", "row": 114, "column": 164, "tagName": "script", "time": 27557.554325, "url": "", "pos": 118, "chunkLen": 118, "isStartTag": 0}}
06-28 16:14:49.469 25204 25216 E WProf.db: {"WprofHTMLTag": {"code": "0x9c84a950", "doc": "http://searchengineland.com/perfect-structure-managing-profitable-shopping-ads-276168", "row": 115, "column": 146, "tagName": "script", "time": 27557.555842, "url": "http://searchengineland.com/figz/wp-content/themes/searchengineland/js/lib/jquery.countdown.min.js?ver=2.0.4", "pos": 118, "chunkLen": 118, "isStartTag": 1}}
06-28 16:14:49.469 25204 25216 E WProf.db: {"WprofHTMLTag": {"code": "0x9c84a980", "doc": "http://searchengineland.com/perfect-structure-managing-profitable-shopping-ads-276168", "row": 115, "column": 155, "tagName": "script", "time": 27557.556076, "url": "", "pos": 118, "chunkLen": 118, "isStartTag": 0}}
06-28 16:14:49.469 25204 25216 E WProf.db: {"WprofHTMLTag": {"code": "0x9c84a9b0", "doc": "http://searchengineland.com/perfect-structure-managing-profitable-shopping-ads-276168", "row": 116, "column": 77, "tagName": "link", "time": 27557.559556, "url": "http://searchengineland.com/wp-json/", "pos": 118, "chunkLen": 118, "isStartTag": 1}}
06-28 16:14:49.469 25204 25216 E WProf.db: {"WprofHTMLTag": {"code": "0x9c84a9e0", "doc": "http://searchengineland.com/perfect-structure-managing-profitable-shopping-ads-276168", "row": 117, "column": 69, "tagName": "link", "time": 27557.559784, "url": "http://searchengineland.com/?p=276168", "pos": 118, "chunkLen": 118, "isStartTag": 1}}
06-28 16:14:49.469 25204 25216 E WProf.db: {"WprofHTMLTag": {"code": "0x9c84aad0", "doc": "http://searchengineland.com/perfect-structure-managing-profitable-shopping-ads-276168", "row": 118, "column": 213, "tagName": "link", "time": 27557.559969, "url": "http://searchengineland.com/wp-json/oembed/1.0/embed?url=http%3A%2F%2Fsearchengineland.com%2Fperfect-structure-managing-profitable-shopping-ads-276168", "pos": 118, "chunkLen": 118, "isStartTag": 1}}
