--------- beginning of main
06-28 17:00:46.632  3449  3449 E Finsky  : [1] com.google.android.finsky.wear.bl.a(3): onConnectionFailed: ConnectionResult{statusCode=API_UNAVAILABLE, resolution=null, message=null}
--------- beginning of system
06-28 17:00:47.768 11997 11997 E chromium: [ERROR:shell_integration_android.cc(12)] Not implemented reached in static ShellIntegration::DefaultWebClientSetPermission ShellIntegration::CanSetAsDefaultBrowser()
06-28 17:00:47.771 11997 11997 E chromium: [ERROR:browser_process_impl.cc(720)] Not implemented reached in virtual BackgroundModeManager* BrowserProcessImpl::background_mode_manager()
06-28 17:00:50.430 11997 12046 E chromium: [ERROR:gles2_cmd_decoder.cc(3852)] [.ChromiumCompositor-0xacbb2fc0]GL ERROR :GL_INVALID_ENUM : glDiscardFramebufferEXT: attachments was GL_COLOR_EXT
06-28 17:00:50.782 12065 12078 E WPROF   : {"CSS": {"url": "http://searchengineland.com/figz/wp-content/themes/searchengineland/css/searchengineland-bootstrap.css", "requestTime": 30327.837517}}
06-28 17:00:50.782 12065 12078 E WPROF   : {"CSS": {"url": "http://fonts.googleapis.com/css?family=Oswald:300,400,700", "requestTime": 30327.838196}}
06-28 17:00:50.783 12065 12078 E WPROF   : {"CSS": {"url": "http://searchengineland.com/figz/wp-content/themes/searchengineland/style.css", "requestTime": 30327.838812}}
06-28 17:00:50.792 12065 12078 E WPROF   : {"Javascript": {"url": "http://searchengineland.com/figz/wp-content/themes/searchengineland/js/lib/modernizr.custom.js?ver=1.0", "requestTime": 30327.847979}}
06-28 17:00:50.793 12065 12078 E WPROF   : {"Javascript": {"url": "http://searchengineland.com/figz/wp-content/themes/searchengineland/js/lib/jquery-1.11.0.min.js?ver=1.11.0", "requestTime": 30327.848444}}
06-28 17:00:50.793 12065 12078 E WPROF   : {"Javascript": {"url": "http://searchengineland.com/figz/wp-content/themes/searchengineland/js/lib/jquery-ui-1.10.3.custom.min.js?ver=1.10.3", "requestTime": 30327.848991}}
06-28 17:00:50.794 12065 12078 E WPROF   : {"Javascript": {"url": "http://searchengineland.com/figz/wp-content/themes/searchengineland/js/lib/jquery.ba-throttle-debounce.min.js?ver=1.1", "requestTime": 30327.849526}}
06-28 17:00:50.795 12065 12078 E WPROF   : {"Javascript": {"url": "http://searchengineland.com/figz/wp-content/themes/searchengineland/js/lib/jquery.countdown.min.js?ver=2.0.4", "requestTime": 30327.850531}}
06-28 17:00:50.796 12065 12078 E WPROF   : {"Javascript": {"url": "http://static.chartbeat.com/js/chartbeat_mab.js", "requestTime": 30327.851315}}
06-28 17:00:53.137 12065 12078 E WPROF   : {"Javascript": {"url": "http://searchengineland.com/figz/wp-includes/js/wp-emoji-release.min.js?ver=4.7.5", "requestTime": 30330.192269}}
06-28 17:00:53.407 12065 12078 E WPROF   : {"Javascript": {"url": "http://www.googletagservices.com/tag/js/gpt.js", "requestTime": 30330.463027}}
06-28 17:00:53.411 12065 12078 E WPROF   : {"Javascript": {"url": "https://www.google-analytics.com/analytics.js", "requestTime": 30330.466366}}
06-28 17:00:53.450 12065 12078 E WPROF   : {"Javascript": {"url": "http://edge.quantserve.com/quant.js", "requestTime": 30330.505459}}
06-28 17:00:53.452 12065 12078 E WPROF   : {"Javascript": {"url": "https://connect.facebook.net/en_US/fbevents.js", "requestTime": 30330.507728}}
06-28 17:00:53.467 11997 12046 E chromium: [ERROR:gles2_cmd_decoder.cc(3852)] [.ChromiumCompositor-0xacbb2fc0]GL ERROR :GL_INVALID_ENUM : glDiscardFramebufferEXT: attachments was GL_COLOR_EXT
06-28 17:00:53.505 12065 12078 E WPROF   : {"Javascript": {"url": "http://app-sj02.marketo.com/js/forms2/js/forms2.min.js", "requestTime": 30330.561075}}
06-28 17:00:53.603 11997 12046 E chromium: [ERROR:gles2_cmd_decoder.cc(3852)] [.ChromiumCompositor-0xacbb2fc0]GL ERROR :GL_INVALID_ENUM : glDiscardFramebufferEXT: attachments was GL_COLOR_EXT
06-28 17:00:53.746 12065 12078 E WPROF   : {"Javascript": {"url": "http://app-sj02.marketo.com/index.php/form/getForm?munchkinId=727-ZQE-044&form=5691&url=http%3A%2F%2Fsearchengineland.com%2Fpinterest-developed-computer-vision-technology-power-visual-search-users-brands-276942&callback=jQuery110204917259970679879_1498636853671&_=1498636853672", "requestTime": 30330.801212}}
06-28 17:00:53.795 12065 12078 E WPROF   : {"Javascript": {"url": "http://app-sj02.marketo.com/index.php/form/getForm?munchkinId=727-ZQE-044&form=5685&url=http%3A%2F%2Fsearchengineland.com%2Fpinterest-developed-computer-vision-technology-power-visual-search-users-brands-276942&callback=jQuery110204917259970679879_1498636853673&_=1498636853674", "requestTime": 30330.850903}}
06-28 17:00:53.865 12065 12078 E WPROF   : {"Javascript": {"url": "https://connect.facebook.net/signals/config/423979991297359?v=2.7.17", "requestTime": 30330.921175}}
06-28 17:00:54.037 12065 12078 E WPROF   : {"Javascript": {"url": "http://app-sj02.marketo.com/index.php/form/getForm?munchkinId=727-ZQE-044&form=5673&url=http%3A%2F%2Fsearchengineland.com%2Fpinterest-developed-computer-vision-technology-power-visual-search-users-brands-276942&callback=jQuery110204917259970679879_1498636853675&_=1498636853676", "requestTime": 30331.092775}}
06-28 17:00:54.050 12065 12078 E WPROF   : {"Javascript": {"url": "http://searchengineland.com/js/ga_social_tracking.js", "requestTime": 30331.105881}}
06-28 17:00:54.051 12065 12078 E WPROF   : {"Javascript": {"url": "http://s7.addthis.com/js/300/addthis_widget.js#pubid=ra-53e918f660794f37", "requestTime": 30331.106788}}
06-28 17:00:54.115 11997 12046 E chromium: [ERROR:gles2_cmd_decoder.cc(3852)] [.ChromiumCompositor-0xacbb2fc0]GL ERROR :GL_INVALID_ENUM : glDiscardFramebufferEXT: attachments was GL_COLOR_EXT
06-28 17:00:54.231 12065 12078 E WPROF   : {"Javascript": {"url": "https://securepubads.g.doubleclick.net/gpt/pubads_impl_121.js", "requestTime": 30331.287154}}
06-28 17:00:54.283 11997 12046 E chromium: [ERROR:gles2_cmd_decoder.cc(3852)] [.ChromiumCompositor-0xacbb2fc0]GL ERROR :GL_INVALID_ENUM : glDiscardFramebufferEXT: attachments was GL_COLOR_EXT
06-28 17:00:54.586 12065 12078 E WPROF   : {"CSS": {"url": "http://app-sj02.marketo.com/js/forms2/css/forms2.css", "requestTime": 30331.641949}}
06-28 17:00:54.590 11997 12046 E chromium: [ERROR:gles2_cmd_decoder.cc(3852)] [.ChromiumCompositor-0xacbb2fc0]GL ERROR :GL_INVALID_ENUM : glDiscardFramebufferEXT: attachments was GL_COLOR_EXT
06-28 17:00:54.591 12065 12078 E WPROF   : {"CSS": {"url": "http://app-sj02.marketo.com/js/forms2/css/forms2-theme-simple.css", "requestTime": 30331.646520}}
06-28 17:00:54.651 12065 12078 E WPROF   : {"Javascript": {"url": "https://static.xx.fbcdn.net/rsrc.php/v3iy6L4/yF/l/ko_KR/w3AiswiqjrJ.js", "requestTime": 30331.707145}}
06-28 17:00:54.848 12065 12078 E WPROF   : {"Javascript": {"url": "http://cdn.api.twitter.com/1/users/show.json?screen_name=petersontee&callback=twttr.setFollowersCount", "requestTime": 30331.904130}}
06-28 17:00:54.857 12065 12078 E WPROF   : {"Javascript": {"url": "http://www.googleadservices.com/pagead/conversion.js", "requestTime": 30331.912287}}
06-28 17:00:54.857 12065 12078 E WPROF   : {"Javascript": {"url": "http://searchengineland.com/figz/wp-content/themes/searchengineland/js/script.js?ver=1.0", "requestTime": 30331.912832}}
06-28 17:00:54.858 12065 12078 E WPROF   : {"Javascript": {"url": "http://searchengineland.com/figz/wp-includes/js/wp-embed.min.js?ver=4.7.5", "requestTime": 30331.913231}}
06-28 17:00:54.858 12065 12078 E WPROF   : {"Javascript": {"url": "http://searchengineland.com/figz/wp-content/themes/searchengineland/js/modules/sharing_controls.js", "requestTime": 30331.913617}}
06-28 17:00:54.954 11997 12046 E chromium: [ERROR:gles2_cmd_decoder.cc(3852)] [.ChromiumCompositor-0xacbb2fc0]GL ERROR :GL_INVALID_ENUM : glDiscardFramebufferEXT: attachments was GL_COLOR_EXT
06-28 17:00:54.979 12065 12078 E WPROF   : {"Javascript": {"url": "http://d2j3qa5nc37287.cloudfront.net/coupon_code1.js", "requestTime": 30332.034799}}
06-28 17:00:55.180 11997 12046 E chromium: [ERROR:gles2_cmd_decoder.cc(3852)] [.ChromiumCompositor-0xacbb2fc0]GL ERROR :GL_INVALID_ENUM : glDiscardFramebufferEXT: attachments was GL_COLOR_EXT
06-28 17:00:55.563 12065 12078 E WPROF   : {"CSS": {"url": "https://www.youtube.com/yts/cssbin/www-embed-player-sprite-mode-vfl5G4Xm8.css", "requestTime": 30332.619200}}
06-28 17:00:55.570 12065 12078 E WPROF   : {"Javascript": {"url": "https://www.youtube.com/yts/jsbin/www-embed-player-vfl_UY_j8/www-embed-player.js", "requestTime": 30332.625320}}
06-28 17:00:55.572 12065 12078 E WPROF   : {"Javascript": {"url": "https://www.youtube.com/yts/jsbin/player-vflo1w4O-/ko_KR/base.js", "requestTime": 30332.627106}}
06-28 17:00:56.297 11997 12046 E chromium: [ERROR:gles2_cmd_decoder.cc(3852)] [.ChromiumCompositor-0xacbb2fc0]GL ERROR :GL_INVALID_ENUM : glDiscardFramebufferEXT: attachments was GL_COLOR_EXT
06-28 17:00:57.003 12065 12078 E WPROF   : {"Javascript": {"url": "https://securepubads.g.doubleclick.net/gampad/ads?gdfp_req=1&correlator=835947720605696&output=json_html&callback=googletag.impl.pubads.callbackProxy1&impl=fifs&json_a=1&eid=108809080%2C108809107&sc=0&sfv=1-0-9&iu_parts=1038259%2Csel-ciu-1%2Csel-ciu-2%2Csel-ciu-3%2Csel-ciu-4%2Csel-ciu-5%2Cch-social-", "requestTime": 30334.058702}}
06-28 17:00:57.040 12065 12078 E WPROF   : {"Javascript": {"url": "http://www.justuno.com/ajax/account_version_check.html?id=828FA275-FF73-401E-AA39-40F5A6FAB6B1", "requestTime": 30334.096189}}
06-28 17:00:57.115 11997 12046 E chromium: [ERROR:gles2_cmd_decoder.cc(3852)] [.ChromiumCompositor-0xacbb2fc0]GL ERROR :GL_INVALID_ENUM : glDiscardFramebufferEXT: attachments was GL_COLOR_EXT
06-28 17:00:58.056 12065 12078 E WPROF   : {"Javascript": {"url": "https://www.google.com/js/bg/KWBfAnWFESAEEaKKgdYlTHY9ysQaNoQuzeMFqvxDSM8.js", "requestTime": 30335.111363}}
06-28 17:00:58.057 12065 12078 E WPROF   : {"Javascript": {"url": "https://static.doubleclick.net/instream/ad_status.js", "requestTime": 30335.113065}}
06-28 17:00:58.276 11997 12046 E chromium: [ERROR:gles2_cmd_decoder.cc(3852)] [.ChromiumCompositor-0xacbb2fc0]GL ERROR :GL_INVALID_ENUM : glDiscardFramebufferEXT: attachments was GL_COLOR_EXT
06-28 17:00:58.511 11997 12046 E chromium: [ERROR:gles2_cmd_decoder.cc(3852)] [.ChromiumCompositor-0xacbb2fc0]GL ERROR :GL_INVALID_ENUM : glDiscardFramebufferEXT: attachments was GL_COLOR_EXT
06-28 17:00:58.645 11997 12046 E chromium: [ERROR:gles2_cmd_decoder.cc(3852)] [.ChromiumCompositor-0xacbb2fc0]GL ERROR :GL_INVALID_ENUM : glDiscardFramebufferEXT: attachments was GL_COLOR_EXT
06-28 17:00:58.740 11997 12046 E chromium: [ERROR:gles2_cmd_decoder.cc(3852)] [.ChromiumCompositor-0xacbb2fc0]GL ERROR :GL_INVALID_ENUM : glDiscardFramebufferEXT: attachments was GL_COLOR_EXT
06-28 17:00:59.013 11997 12046 E chromium: [ERROR:gles2_cmd_decoder.cc(3852)] [.ChromiumCompositor-0xacbb2fc0]GL ERROR :GL_INVALID_ENUM : glDiscardFramebufferEXT: attachments was GL_COLOR_EXT
06-28 17:00:59.630 12065 12078 E WPROF   : {"Javascript": {"url": "https://tpc.googlesyndication.com/pagead/js/r20170619/r20110914/client/ext/m_window_focus_non_hydra.js", "requestTime": 30336.685441}}
06-28 17:00:59.631 12065 12078 E WPROF   : {"Javascript": {"url": "https://tpc.googlesyndication.com/pagead/js/r20170619/r20110914/activeview/osd_listener.js", "requestTime": 30336.687136}}
06-28 17:00:59.636 12065 12078 E WPROF   : {"Javascript": {"url": "http://pagead2.googlesyndication.com/pagead/osd.js", "requestTime": 30336.691243}}
06-28 17:00:59.721 12065 12078 E WPROF   : {"Javascript": {"url": "http://cdn.justuno.com/mwgt_3.6.js", "requestTime": 30336.777003}}
06-28 17:00:59.770 11997 12046 E chromium: [ERROR:gles2_cmd_decoder.cc(3852)] [.ChromiumCompositor-0xacbb2fc0]GL ERROR :GL_INVALID_ENUM : glDiscardFramebufferEXT: attachments was GL_COLOR_EXT
06-28 17:01:00.937 12065 12078 E WPROF   : {"Javascript": {"url": "https://app-sj02.marketo.com/js/forms2/js/forms2.min.js", "requestTime": 30337.992722}}
06-28 17:01:01.011 11997 12046 E chromium: [ERROR:gles2_cmd_decoder.cc(3852)] [.ChromiumCompositor-0xacbb2fc0]GL ERROR :GL_INVALID_ENUM : glDiscardFramebufferEXT: attachments was GL_COLOR_EXT
06-28 17:01:01.486 12065 12078 E WProf.db: {"page": "searchengineland.com_pinterest-developed-computer-vision-technology-power-visual-search-users-brands-276942"}
06-28 17:01:01.486 12065 12078 E WProf.db: {"DOMLoad": 30338.541650}
06-28 17:01:01.486 12065 12078 E WProf.db: {"Resource": {"id": 1, "url": "http://searchengineland.com/pinterest-developed-computer-vision-technology-power-visual-search-users-brands-276942", "sentTime": -1.000000, "len": 92872, "from": "0x0", "mimeType": "text/html", "contentLength": -1, "httpStatus": 200, "connId": 20, "connReused": 1, "cached": 0,"requestTime": 30327.423425, "proxyStart": -1, "proxyEnd": -1, "dnsStart": -1, "dnsEnd": -1, "connectStart": 0, "connectEnd": 74, "sendStart": 74, "sendEnd": 75, "receiveHeadersEnd": 271, "sslStart": -1, "sslEnd": -1}}
06-28 17:01:01.486 12065 12078 E WProf.db: {"ReceivedChunk": {"receivedTime": 30327.712603, "len": 7853}}
06-28 17:01:01.486 12065 12078 E WProf.db: {"ReceivedChunk": {"receivedTime": 30327.830720, "len": 32768}}
06-28 17:01:01.486 12065 12078 E WProf.db: {"ReceivedChunk": {"receivedTime": 30327.831003, "len": 32437}}
06-28 17:01:01.486 12065 12078 E WProf.db: {"ReceivedChunk": {"receivedTime": 30327.877171, "len": 7424}}
06-28 17:01:01.486 12065 12078 E WProf.db: {"ReceivedChunk": {"receivedTime": 30327.878148, "len": 12390}}
06-28 17:01:01.486 12065 12078 E WProf.db: {"WprofHTMLTag": {"code": "0xaeddd600", "doc": "http://searchengineland.com/pinterest-developed-computer-vision-technology-power-visual-search-users-brands-276942", "row": 6, "column": 42, "tagName": "html", "time": 30327.831444, "url": "", "pos": 1, "chunkLen": 1, "isStartTag": 1}}
06-28 17:01:01.486 12065 12078 E WProf.db: {"WprofHTMLTag": {"code": "0xaf0478e0", "doc": "http://searchengineland.com/pinterest-developed-computer-vision-technology-power-visual-search-users-brands-276942", "row": 7, "column": 6, "tagName": "head", "time": 30327.831685, "url": "", "pos": 1, "chunkLen": 1, "isStartTag": 1}}
06-28 17:01:01.487 12065 12078 E WProf.db: {"WprofHTMLTag": {"code": "0xaf0479d0", "doc": "http://searchengineland.com/pinterest-developed-computer-vision-technology-power-visual-search-users-brands-276942", "row": 8, "column": 54, "tagName": "meta", "time": 30327.831735, "url": "", "pos": 1, "chunkLen": 1, "isStartTag": 1}}
06-28 17:01:01.487 12065 12078 E WProf.db: {"WprofHTMLTag": {"code": "0xaf047a00", "doc": "http://searchengineland.com/pinterest-developed-computer-vision-technology-power-visual-search-users-brands-276942", "row": 9, "column": 68, "tagName": "meta", "time": 30327.831895, "url": "", "pos": 1, "chunkLen": 1, "isStartTag": 1}}
06-28 17:01:01.487 12065 12078 E WProf.db: {"WprofHTMLTag": {"code": "0xaf047a30", "doc": "http://searchengineland.com/pinterest-developed-computer-vision-technology-power-visual-search-users-brands-276942", "row": 10, "column": 23, "tagName": "meta", "time": 30327.832019, "url": "", "pos": 1, "chunkLen": 1, "isStartTag": 1}}
06-28 17:01:01.487 12065 12078 E WProf.db: {"WprofHTMLTag": {"code": "0xaf047a60", "doc": "http://searchengineland.com/pinterest-developed-computer-vision-technology-power-visual-search-users-brands-276942", "row": 11, "column": 52, "tagName": "meta", "time": 30327.832181, "url": "", "pos": 1, "chunkLen": 1, "isStartTag": 1}}
06-28 17:01:01.487 12065 12078 E WProf.db: {"WprofHTMLTag": {"code": "0xaf047a90", "doc": "http://searchengineland.com/pinterest-developed-computer-vision-technology-power-visual-search-users-brands-276942", "row": 14, "column": 56, "tagName": "meta", "time": 30327.832328, "url": "", "pos": 1, "chunkLen": 1, "isStartTag": 1}}
06-28 17:01:01.487 12065 12078 E WProf.db: {"WprofHTMLTag": {"code": "0xaf047ac0", "doc": "http://searchengineland.com/pinterest-developed-computer-vision-technology-power-visual-search-users-brands-276942", "row": 15, "column": 83, "tagName": "meta", "time": 30327.832464, "url": "", "pos": 1, "chunkLen": 1, "isStartTag": 1}}
06-28 17:01:01.487 12065 12078 E WProf.db: {"WprofHTMLTag": {"code": "0xaf047af0", "doc": "http://searchengineland.com/pinterest-developed-computer-vision-technology-power-visual-search-users-brands-276942", "row": 16, "column": 57, "tagName": "meta", "time": 30327.832588, "url": "", "pos": 1, "chunkLen": 1, "isStartTag": 1}}
06-28 17:01:01.487 12065 12078 E WProf.db: {"WprofHTMLTag": {"code": "0xaf047b80", "doc": "http://searchengineland.com/pinterest-developed-computer-vision-technology-power-visual-search-users-brands-276942", "row": 17, "column": 41, "tagName": "meta", "time": 30327.832715, "url": "", "pos": 1, "chunkLen": 1, "isStartTag": 1}}
06-28 17:01:01.487 12065 12078 E WProf.db: {"WprofHTMLTag": {"code": "0xaf047bb0", "doc": "http://searchengineland.com/pinterest-developed-computer-vision-technology-power-visual-search-users-brands-276942", "row": 18, "column": 50, "tagName": "meta", "time": 30327.832844, "url": "", "pos": 1, "chunkLen": 1, "isStartTag": 1}}
06-28 17:01:01.487 12065 12078 E WProf.db: {"WprofHTMLTag": {"code": "0xaf047be0", "doc": "http://searchengineland.com/pinterest-developed-computer-vision-technology-power-visual-search-users-brands-276942", "row": 19, "column": 174, "tagName": "meta", "time": 30327.832980, "url": "", "pos": 1, "chunkLen": 1, "isStartTag": 1}}
06-28 17:01:01.487 12065 12078 E WProf.db: {"WprofHTMLTag": {"code": "0xaf047b50", "doc": "http://searchengineland.com/pinterest-developed-computer-vision-technology-power-visual-search-users-brands-276942", "row": 20, "column": 47, "tagName": "meta", "time": 30327.833112, "url": "", "pos": 1, "chunkLen": 1, "isStartTag": 1}}
06-28 17:01:01.487 12065 12078 E WProf.db: {"WprofHTMLTag": {"code": "0xaf047b20", "doc": "http://searchengineland.com/pinterest-developed-computer-vision-technology-power-visual-search-users-brands-276942", "row": 21, "column": 67, "tagName": "meta", "time": 30327.833243, "url": "", "pos": 1, "chunkLen": 1, "isStartTag": 1}}
06-28 17:01:01.487 12065 12078 E WProf.db: {"WprofHTMLTag": {"code": "0xaf047c10", "doc": "http://searchengineland.com/pinterest-developed-computer-vision-technology-power-visual-search-users-brands-276942", "row": 22, "column": 57, "tagName": "meta", "time": 30327.833380, "url": "", "pos": 1, "chunkLen": 1, "isStartTag": 1}}
06-28 17:01:01.487 12065 12078 E WProf.db: {"WprofHTMLTag": {"code": "0xaf047c40", "doc": "http://searchengineland.com/pinterest-developed-computer-vision-technology-power-visual-search-users-brands-276942", "row": 23, "column": 65, "tagName": "meta", "time": 30327.833511, "url": "", "pos": 1, "chunkLen": 1, "isStartTag": 1}}
06-28 17:01:01.488 12065 12078 E WProf.db: {"WprofHTMLTag": {"code": "0xaf047c70", "doc": "http://searchengineland.com/pinterest-developed-computer-vision-technology-power-visual-search-users-brands-276942", "row": 24, "column": 55, "tagName": "meta", "time": 30327.833640, "url": "", "pos": 1, "chunkLen": 1, "isStartTag": 1}}
06-28 17:01:01.488 12065 12078 E WProf.db: {"WprofHTMLTag": {"code": "0xaf047ca0", "doc": "http://searchengineland.com/pinterest-developed-computer-vision-technology-power-visual-search-users-brands-276942", "row": 25, "column": 71, "tagName": "meta", "time": 30327.833766, "url": "", "pos": 1, "chunkLen": 1, "isStartTag": 1}}
06-28 17:01:01.488 12065 12078 E WProf.db: {"WprofHTMLTag": {"code": "0xaf047cd0", "doc": "http://searchengineland.com/pinterest-developed-computer-vision-technology-power-visual-search-users-brands-276942", "row": 26, "column": 86, "tagName": "meta", "time": 30327.833896, "url": "", "pos": 1, "chunkLen": 1, "isStartTag": 1}}
06-28 17:01:01.488 12065 12078 E WProf.db: {"WprofHTMLTag": {"code": "0xaf047d00", "doc": "http://searchengineland.com/pinterest-developed-computer-vision-technology-power-visual-search-users-brands-276942", "row": 27, "column": 54, "tagName": "meta", "time": 30327.834030, "url": "", "pos": 1, "chunkLen": 1, "isStartTag": 1}}
06-28 17:01:01.488 12065 12078 E WProf.db: {"WprofHTMLTag": {"code": "0xaf047d30", "doc": "http://searchengineland.com/pinterest-developed-computer-vision-technology-power-visual-search-users-brands-276942", "row": 29, "column": 39, "tagName": "meta", "time": 30327.834158, "url": "", "pos": 1, "chunkLen": 1, "isStartTag": 1}}
06-28 17:01:01.488 12065 12078 E WProf.db: {"WprofHTMLTag": {"code": "0xaf047d60", "doc": "http://searchengineland.com/pinterest-developed-computer-vision-technology-power-visual-search-users-brands-276942", "row": 30, "column": 173, "tagName": "meta", "time": 30327.834282, "url": "", "pos": 1, "chunkLen": 1, "isStartTag": 1}}
06-28 17:01:01.488 12065 12078 E WProf.db: {"WprofHTMLTag": {"code": "0xaf047d90", "doc": "http://searchengineland.com/pinterest-developed-computer-vision-technology-power-visual-search-users-brands-276942", "row": 31, "column": 55, "tagName": "meta", "time": 30327.834420, "url": "", "pos": 1, "chunkLen": 1, "isStartTag": 1}}
06-28 17:01:01.488 12065 12078 E WProf.db: {"WprofHTMLTag": {"code": "0xaf047dc0", "doc": "http://searchengineland.com/pinterest-developed-computer-vision-technology-power-visual-search-users-brands-276942", "row": 32, "column": 54, "tagName": "meta", "time": 30327.834552, "url": "", "pos": 1, "chunkLen": 1, "isStartTag": 1}}
06-28 17:01:01.488 12065 12078 E WProf.db: {"WprofHTMLTag": {"code": "0xaf047df0", "doc": "http://searchengineland.com/pinterest-developed-computer-vision-technology-power-visual-search-users-brands-276942", "row": 33, "column": 150, "tagName": "meta", "time": 30327.834686, "url": "", "pos": 1, "chunkLen": 1, "isStartTag": 1}}
06-28 17:01:01.488 12065 12078 E WProf.db: {"WprofHTMLTag": {"code": "0xaf047e20", "doc": "http://searchengineland.com/pinterest-developed-computer-vision-technology-power-visual-search-users-brands-276942", "row": 37, "column": 36, "tagName": "script", "time": 30327.834818, "url": "", "pos": 1, "chunkLen": 1, "isStartTag": 1}}
06-28 17:01:01.488 12065 12078 E WProf.db: {"WprofHTMLTag": {"code": "0xaf047e50", "doc": "http://searchengineland.com/pinterest-developed-computer-vision-technology-power-visual-search-users-brands-276942", "row": 53, "column": 10, "tagName": "script", "time": 30327.835122, "url": "", "pos": 1, "chunkLen": 1, "isStartTag": 0}}
06-28 17:01:01.488 12065 12078 E WProf.db: {"WprofHTMLTag": {"code": "0xaeddd630", "doc": "http://searchengineland.com/pinterest-developed-computer-vision-technology-power-visual-search-users-brands-276942", "row": 55, "column": 86, "tagName": "link", "time": 30327.835885, "url": "http://searchengineland.com/apple-touch-icon.png", "pos": 1, "chunkLen": 1, "isStartTag": 1}}
06-28 17:01:01.488 12065 12078 E WProf.db: {"WprofHTMLTag": {"code": "0xaf047e80", "doc": "http://searchengineland.com/pinterest-developed-computer-vision-technology-power-visual-search-users-brands-276942", "row": 56, "column": 76, "tagName": "link", "time": 30327.836248, "url": "http://searchengineland.com/favicon.ico", "pos": 1, "chunkLen": 1, "isStartTag": 1}}
06-28 17:01:01.488 12065 12078 E WProf.db: {"WprofHTMLTag": {"code": "0xaf047eb0", "doc": "http://searchengineland.com/pinterest-developed-computer-vision-technology-power-visual-search-users-brands-276942", "row": 57, "column": 158, "tagName": "link", "time": 30327.836493, "url": "http://feeds.searchengineland.com/searchengineland", "pos": 1, "chunkLen": 1, "isStartTag": 1}}
06-28 17:01:01.489 12065 12078 E WProf.db: {"WprofHTMLTag": {"code": "0xaf047ee0", "doc": "http://searchengineland.com/pinterest-developed-computer-vision-technology-power-visual-search-users-brands-276942", "row": 58, "column": 149, "tagName": "link", "time": 30327.836823, "url": "http://feeds.searchengineland.com/searchcap", "pos": 1, "chunkLen": 1, "isStartTag": 1}}
06-28 17:01:01.489 12065 12078 E WProf.db: {"WprofHTMLTag": {"code": "0xaf047f10", "doc": "http://searchengineland.com/pinterest-developed-computer-vision-technology-power-visual-search-users-brands-276942", "row": 59, "column": 150, "tagName": "link", "time": 30327.837158, "url": "http://searchengineland.com/figz/wp-content/themes/searchengineland/css/searchengineland-bootstrap.css", "pos": 1, "chunkLen": 1, "isStartTag": 1}}
06-28 17:01:01.489 12065 12078 E WProf.db: {"WprofHTMLTag": {"code": "0xaf047f70", "doc": "http://searchengineland.com/pinterest-developed-computer-vision-technology-power-visual-search-users-brands-276942", "row": 60, "column": 105, "tagName": "link", "time": 30327.837840, "url": "http://fonts.googleapis.com/css?family=Oswald:300,400,700", "pos": 1, "chunkLen": 1, "isStartTag": 1}}
06-28 17:01:01.489 12065 12078 E WProf.db: {"WprofHTMLTag": {"code": "0xaf047fd0", "doc": "http://searchengineland.com/pinterest-developed-computer-vision-technology-power-visual-search-users-brands-276942", "row": 61, "column": 125, "tagName": "link", "time": 30327.838462, "url": "http://searchengineland.com/figz/wp-content/themes/searchengineland/style.css", "pos": 1, "chunkLen": 1, "isStartTag": 1}}
06-28 17:01:01.489 12065 12078 E WProf.db: {"WprofHTMLTag": {"code": "0xb4cc7540", "doc": "http://searchengineland.com/pinterest-developed-computer-vision-technology-power-visual-search-users-brands-276942", "row": 65, "column": 7, "tagName": "title", "time": 30327.839106, "url": "", "pos": 1, "chunkLen": 1, "isStartTag": 1}}
06-28 17:01:01.489 12065 12078 E WProf.db: {"WprofHTMLTag": {"code": "0xb4cc78a0", "doc": "http://searchengineland.com/pinterest-developed-computer-vision-technology-power-visual-search-users-brands-276942", "row": 65, "column": 113, "tagName": "title", "time": 30327.839227, "url": "", "pos": 1, "chunkLen": 1, "isStartTag": 0}}
06-28 17:01:01.489 12065 12078 E WProf.db: {"WprofHTMLTag": {"code": "0xb4cc78d0", "doc": "http://searchengineland.com/pinterest-developed-computer-vision-technology-power-visual-search-users-brands-276942", "row": 66, "column": 170, "tagName": "meta", "time": 30327.839256, "url": "", "pos": 1, "chunkLen": 1, "isStartTag": 1}}
06-28 17:01:01.489 12065 12078 E WProf.db: {"WprofHTMLTag": {"code": "0xb4cc7900", "doc": "http://searchengineland.com/pinterest-developed-computer-vision-technology-power-visual-search-users-brands-276942", "row": 67, "column": 40, "tagName": "meta", "time": 30327.839446, "url": "", "pos": 1, "chunkLen": 1, "isStartTag": 1}}
06-28 17:01:01.489 12065 12078 E WProf.db: {"WprofHTMLTag": {"code": "0xb4cc7930", "doc": "http://searchengineland.com/pinterest-developed-computer-vision-technology-power-visual-search-users-brands-276942", "row": 68, "column": 156, "tagName": "meta", "time": 30327.839602, "url": "", "pos": 1, "chunkLen": 1, "isStartTag": 1}}
06-28 17:01:01.489 12065 12078 E WProf.db: {"WprofHTMLTag": {"code": "0xb4cc7960", "doc": "http://searchengineland.com/pinterest-developed-computer-vision-technology-power-visual-search-users-brands-276942", "row": 69, "column": 37, "tagName": "meta", "time": 30327.839735, "url": "", "pos": 1, "chunkLen": 1, "isStartTag": 1}}
06-28 17:01:01.489 12065 12078 E WProf.db: {"WprofHTMLTag": {"code": "0xb4cc7990", "doc": "http://searchengineland.com/pinterest-developed-computer-vision-technology-power-visual-search-users-brands-276942", "row": 70, "column": 96, "tagName": "link", "time": 30327.839866, "url": "https://martechtoday.com/pinterest-teaching-computers-see-199438", "pos": 1, "chunkLen": 1, "isStartTag": 1}}
06-28 17:01:01.489 12065 12078 E WProf.db: {"WprofHTMLTag": {"code": "0xb4cc79c0", "doc": "http://searchengineland.com/pinterest-developed-computer-vision-technology-power-visual-search-users-brands-276942", "row": 71, "column": 76, "tagName": "link", "time": 30327.843588, "url": "https://plus.google.com/103218677032751327334", "pos": 1, "chunkLen": 1, "isStartTag": 1}}
06-28 17:01:01.489 12065 12078 E WProf.db: {"WprofHTMLTag": {"code": "0xb4cc79f0", "doc": "http://searchengineland.com/pinterest-developed-computer-vision-technology-power-visual-search-users-brands-276942", "row": 72, "column": 45, "tagName": "meta", "time": 30327.843857, "url": "", "pos": 1, "chunkLen": 1, "isStartTag": 1}}
06-28 17:01:01.490 12065 12078 E WProf.db: {"WprofHTMLTag": {"code": "0xb4cc7a20", "doc": "http://searchengineland.com/pinterest-developed-computer-vision-technology-power-visual-search-users-brands-276942", "row": 73, "column": 45, "tagName": "meta", "time": 30327.844020, "url": "", "pos": 1, "chunkLen": 1, "isStartTag": 1}}
06-28 17:01:01.490 12065 12078 E WProf.db: {"WprofHTMLTag": {"code": "0xb4cc7a50", "doc": "http://searchengineland.com/pinterest-developed-computer-vision-technology-power-visual-search-users-brands-276942", "row": 74, "column": 137, "tagName": "meta", "time": 30327.844167, "url": "", "pos": 1, "chunkLen": 1, "isStartTag": 1}}
06-28 17:01:01.490 12065 12078 E WProf.db: {"WprofHTMLTag": {"code": "0xb4cc7a80", "doc": "http://searchengineland.com/pinterest-developed-computer-vision-technology-power-visual-search-users-brands-276942", "row": 75, "column": 178, "tagName": "meta", "time": 30327.844309, "url": "", "pos": 1, "chunkLen": 1, "isStartTag": 1}}
06-28 17:01:01.490 12065 12078 E WProf.db: {"WprofHTMLTag": {"code": "0xb4cc7ab0", "doc": "http://searchengineland.com/pinterest-developed-computer-vision-technology-power-visual-search-users-brands-276942", "row": 76, "column": 101, "tagName": "meta", "time": 30327.844423, "url": "", "pos": 1, "chunkLen": 1, "isStartTag": 1}}
06-28 17:01:01.490 12065 12078 E WProf.db: {"WprofHTMLTag": {"code": "0xb4cc7ae0", "doc": "http://searchengineland.com/pinterest-developed-computer-vision-technology-power-visual-search-users-brands-276942", "row": 77, "column": 61, "tagName": "meta", "time": 30327.844544, "url": "", "pos": 1, "chunkLen": 1, "isStartTag": 1}}
06-28 17:01:01.490 12065 12078 E WProf.db: {"WprofHTMLTag": {"code": "0xb4cc7b10", "doc": "http://searchengineland.com/pinterest-developed-computer-vision-technology-power-visual-search-users-brands-276942", "row": 78, "column": 89, "tagName": "meta", "time": 30327.844669, "url": "", "pos": 1, "chunkLen": 1, "isStartTag": 1}}
06-28 17:01:01.490 12065 12078 E WProf.db: {"WprofHTMLTag": {"code": "0xb4cc7b40", "doc": "http://searchengineland.com/pinterest-developed-computer-vision-technology-power-visual-search-users-brands-276942", "row": 79, "column": 61, "tagName": "meta", "time": 30327.844786, "url": "", "pos": 1, "chunkLen": 1, "isStartTag": 1}}
06-28 17:01:01.490 12065 12078 E WProf.db: {"WprofHTMLTag": {"code": "0xb4cc7b70", "doc": "http://searchengineland.com/pinterest-developed-computer-vision-technology-power-visual-search-users-brands-276942", "row": 80, "column": 78, "tagName": "meta", "time": 30327.844911, "url": "", "pos": 1, "chunkLen": 1, "isStartTag": 1}}
06-28 17:01:01.490 12065 12078 E WProf.db: {"WprofHTMLTag": {"code": "0xb4cc7ba0", "doc": "http://searchengineland.com/pinterest-developed-computer-vision-technology-power-visual-search-users-brands-276942", "row": 81, "column": 77, "tagName": "meta", "time": 30327.845022, "url": "", "pos": 1, "chunkLen": 1, "isStartTag": 1}}
06-28 17:01:01.490 12065 12078 E WProf.db: {"WprofHTMLTag": {"code": "0xb4cc7bd0", "doc": "http://searchengineland.com/pinterest-developed-computer-vision-technology-power-visual-search-users-brands-276942", "row": 82, "column": 71, "tagName": "meta", "time": 30327.845133, "url": "", "pos": 1, "chunkLen": 1, "isStartTag": 1}}
06-28 17:01:01.490 12065 12078 E WProf.db: {"WprofHTMLTag": {"code": "0xb4cc7c00", "doc": "http://searchengineland.com/pinterest-developed-computer-vision-technology-power-visual-search-users-brands-276942", "row": 83, "column": 144, "tagName": "meta", "time": 30327.845250, "url": "", "pos": 1, "chunkLen": 1, "isStartTag": 1}}
06-28 17:01:01.490 12065 12078 E WProf.db: {"WprofHTMLTag": {"code": "0xb4cc7c30", "doc": "http://searchengineland.com/pinterest-developed-computer-vision-technology-power-visual-search-users-brands-276942", "row": 84, "column": 49, "tagName": "meta", "time": 30327.845373, "url": "", "pos": 1, "chunkLen": 1, "isStartTag": 1}}
06-28 17:01:01.490 12065 12078 E WProf.db: {"WprofHTMLTag": {"code": "0xb4cc7c60", "doc": "http://searchengineland.com/pinterest-developed-computer-vision-technology-power-visual-search-users-brands-276942", "row": 85, "column": 50, "tagName": "meta", "time": 30327.845507, "url": "", "pos": 1, "chunkLen": 1, "isStartTag": 1}}
06-28 17:01:01.490 12065 12078 E WProf.db: {"WprofHTMLTag": {"code": "0xb4cc7c90", "doc": "http://searchengineland.com/pinterest-developed-computer-vision-technology-power-visual-search-users-brands-276942", "row": 86, "column": 58, "tagName": "meta", "time": 30327.845650, "url": "", "pos": 1, "chunkLen": 1, "isStartTag": 1}}
06-28 17:01:01.491 12065 12078 E WProf.db: {"WprofHTMLTag": {"code": "0xb4cc7cc0", "doc": "http://searchengineland.com/pinterest-developed-computer-vision-technology-power-visual-search-users-brands-276942", "row": 87, "column": 179, "tagName": "meta", "time": 30327.845812, "url": "", "pos": 1, "chunkLen": 1, "isStartTag": 1}}
06-28 17:01:01.491 12065 12078 E WProf.db: {"WprofHTMLTag": {"code": "0xb4cc7cf0", "doc": "http://searchengineland.com/pinterest-developed-computer-vision-technology-power-visual-search-users-brands-276942", "row": 88, "column": 138, "tagName": "meta", "time": 30327.845977, "url": "", "pos": 1, "chunkLen": 1, "isStartTag": 1}}
06-28 17:01:01.491 12065 12078 E WProf.db: {"WprofHTMLTag": {"code": "0xb4cc7d20", "doc": "http://searchengineland.com/pinterest-developed-computer-vision-technology-power-visual-search-users-brands-276942", "row": 89, "column": 51, "tagName": "meta", "time": 30327.846126, "url": "", "pos": 1, "chunkLen": 1, "isStartTag": 1}}
06-28 17:01:01.491 12065 12078 E WProf.db: {"WprofHTMLTag": {"code": "0xb4cc7d50", "doc": "http://searchengineland.com/pinterest-developed-computer-vision-technology-power-visual-search-users-brands-276942", "row": 90, "column": 145, "tagName": "meta", "time": 30327.846244, "url": "", "pos": 1, "chunkLen": 1, "isStartTag": 1}}
06-28 17:01:01.491 12065 12078 E WProf.db: {"WprofHTMLTag": {"code": "0xb4cc7d80", "doc": "http://searchengineland.com/pinterest-developed-computer-vision-technology-power-visual-search-users-brands-276942", "row": 91, "column": 54, "tagName": "meta", "time": 30327.846359, "url": "", "pos": 1, "chunkLen": 1, "isStartTag": 1}}
06-28 17:01:01.491 12065 12078 E WProf.db: {"WprofHTMLTag": {"code": "0xb4cc7db0", "doc": "http://searchengineland.com/pinterest-developed-computer-vision-technology-power-visual-search-users-brands-276942", "row": 94, "column": 44, "tagName": "link", "time": 30327.846486, "url": "http://s.w.org/", "pos": 1, "chunkLen": 1, "isStartTag": 1}}
06-28 17:01:01.491 12065 12078 E WProf.db: {"WprofHTMLTag": {"code": "0xb4cc7de0", "doc": "http://searchengineland.com/pinterest-developed-computer-vision-technology-power-visual-search-users-brands-276942", "row": 95, "column": 33, "tagName": "script", "time": 30327.846749, "url": "", "pos": 1, "chunkLen": 1, "isStartTag": 1}}
06-28 17:01:01.491 12065 12078 E WProf.db: {"WprofHTMLTag": {"code": "0xb4cc7e10", "doc": "http://searchengineland.com/pinterest-developed-computer-vision-technology-power-visual-search-users-brands-276942", "row": 98, "column": 11, "tagName": "script", "time": 30327.847436, "url": "http://searchengineland.com/figz/wp-includes/js/wp-emoji-release.min.js?ver=4.7.5", "pos": 1, "chunkLen": 1, "isStartTag": 0}}
06-28 17:01:01.491 12065 12078 E WProf.db: {"WprofHTMLTag": {"code": "0x9e885b10", "doc": "http://searchengineland.com/pinterest-developed-computer-vision-technology-power-visual-search-users-brands-276942", "row": 99, "column": 25, "tagName": "style", "time": 30330.192936, "url": "", "pos": 1, "chunkLen": 1, "isStartTag": 1}}
06-28 17:01:01.491 12065 12078 E WProf.db: {"WprofHTMLTag": {"code": "0x9e885b40", "doc": "http://searchengineland.com/pinterest-developed-computer-vision-technology-power-visual-search-users-brands-276942", "row": 112, "column": 8, "tagName": "style", "time": 30330.193114, "url": "", "pos": 1, "chunkLen": 1, "isStartTag": 0}}
06-28 17:01:01.491 12065 12078 E WProf.db: {"WprofHTMLTag": {"code": "0x9e885b70", "doc": "http://searchengineland.com/pinterest-developed-computer-vision-technology-power-visual-search-users-brands-276942", "row": 113, "column": 140, "tagName": "script", "time": 30330.194689, "url": "http://searchengineland.com/figz/wp-content/themes/searchengineland/js/lib/modernizr.custom.js?ver=1.0", "pos": 1, "chunkLen": 1, "isStartTag": 1}}
06-28 17:01:01.491 12065 12078 E WProf.db: {"WprofHTMLTag": {"code": "0x9e885ba0", "doc": "http://searchengineland.com/pinterest-developed-computer-vision-technology-power-visual-search-users-brands-276942", "row": 113, "column": 149, "tagName": "script", "time": 30330.194941, "url": "", "pos": 1, "chunkLen": 1, "isStartTag": 0}}
06-28 17:01:01.491 12065 12078 E WProf.db: {"WprofHTMLTag": {"code": "0x9e885c30", "doc": "http://searchengineland.com/pinterest-developed-computer-vision-technology-power-visual-search-users-brands-276942", "row": 114, "column": 144, "tagName": "script", "time": 30330.201932, "url": "http://searchengineland.com/figz/wp-content/themes/searchengineland/js/lib/jquery-1.11.0.min.js?ver=1.11.0", "pos": 1, "chunkLen": 1, "isStartTag": 1}}
06-28 17:01:01.491 12065 12078 E WProf.db: {"WprofHTMLTag": {"code": "0x9e885c60", "doc": "http://searchengineland.com/pinterest-developed-computer-vision-technology-power-visual-search-users-brands-276942", "row": 114, "column": 153, "tagName": "script", "time": 30330.202194, "url": "", "pos": 1, "chunkLen": 1, "isStartTag": 0}}
06-28 17:01:01.492 12065 12078 E WProf.db: {"WprofHTMLTag": {"code": "0x9e885cc0", "doc": "http://searchengineland.com/pinterest-developed-computer-vision-technology-power-visual-search-users-brands-276942", "row": 0, "column": 15, "tagName": "div", "time": 30330.259032, "url": "", "pos": 15, "chunkLen": 44, "isStartTag": 1}}
06-28 17:01:01.492 12065 12078 E WProf.db: {"WprofHTMLTag": {"code": "0x9e885cf0", "doc": "http://searchengineland.com/pinterest-developed-computer-vision-technology-power-visual-search-users-brands-276942", "row": 0, "column": 21, "tagName": "div", "time": 30330.259159, "url": "", "pos": 21, "chunkLen": 44, "isStartTag": 0}}
06-28 17:01:01.492 12065 12078 E WProf.db: {"WprofHTMLTag": {"code": "0x9e885d20", "doc": "http://searchengineland.com/pinterest-developed-computer-vision-technology-power-visual-search-users-brands-276942", "row": 0, "column": 38, "tagName": "div", "time": 30330.259219, "url": "", "pos": 38, "chunkLen": 44, "isStartTag": 1}}
06-28 17:01:01.492 12065 12078 E WProf.db: {"WprofHTMLTag": {"code": "0x9e885d50", "doc": "http://searchengineland.com/pinterest-developed-computer-vision-technology-power-visual-search-users-brands-276942", "row": 0, "column": 44, "tagName": "div", "time": 30330.259333, "url": "", "pos": 44, "chunkLen": 44, "isStartTag": 0}}
06-28 17:01:01.492 12065 12078 E WProf.db: {"WprofHTMLTag": {"code": "0x9e885d80", "doc": "http://searchengineland.com/pinterest-developed-computer-vision-technology-power-visual-search-users-brands-276942", "row": 0, "column": 13, "tagName": "select", "time": 30330.260908, "url": "", "pos": 13, "chunkLen": 51, "isStartTag": 1}}
06-28 17:01:01.492 12065 12078 E WProf.db: {"WprofHTMLTag": {"code": "0x9e885db0", "doc": "http://searchengineland.com/pinterest-developed-computer-vision-technology-power-visual-search-users-brands-276942", "row": 0, "column": 33, "tagName": "option", "time": 30330.261105, "url": "", "pos": 33, "chunkLen": 51, "isStartTag": 1}}
06-28 17:01:01.492 12065 12078 E WProf.db: {"WprofHTMLTag": {"code": "0x9e885de0", "doc": "http://searchengineland.com/pinterest-developed-computer-vision-technology-power-visual-search-users-brands-276942", "row": 0, "column": 42, "tagName": "option", "time": 30330.261292, "url": "", "pos": 42, "chunkLen": 51, "isStartTag": 0}}
06-28 17:01:01.492 12065 12078 E WProf.db: {"WprofHTMLTag": {"code": "0x9e885e10", "doc": "http://searchengineland.com/pinterest-developed-computer-vision-technology-power-visual-search-users-brands-276942", "row": 0, "column": 51, "tagName": "select", "time": 30330.261351, "url": "", "pos": 51, "chunkLen": 51, "isStartTag": 0}}
06-28 17:01:01.492 12065 12078 E WProf.db: {"WprofHTMLTag": {"code": "0x9e885e40", "doc": "http://searchengineland.com/pinterest-developed-computer-vision-technology-power-visual-search-users-brands-276942", "row": 0, "column": 12, "tagName": "a", "time": 30330.265729, "url": "", "pos": 12, "chunkLen": 16, "isStartTag": 1}}
06-28 17:01:01.492 12065 12078 E WProf.db: {"WprofHTMLTag": {"code": "0x9e885e70", "doc": "http://searchengineland.com/pinterest-developed-computer-vision-technology-power-visual-search-users-brands-276942", "row": 0, "column": 16, "tagName": "a", "time": 30330.265889, "url": "", "pos": 16, "chunkLen": 16, "isStartTag": 0}}
06-28 17:01:01.492 12065 12078 E WProf.db: {"WprofHTMLTag": {"code": "0x9e885ea0", "doc": "http://searchengineland.com/pinterest-developed-computer-vision-technology-power-visual-search-users-brands-276942", "row": 0, "column": 8, "tagName": "input", "time": 30330.266851, "url": "", "pos": 8, "chunkLen": 8, "isStartTag": 1}}
06-28 17:01:01.492 12065 12078 E WProf.db: {"WprofHTMLTag": {"code": "0x9e885ed0", "doc": "http://searchengineland.com/pinterest-developed-computer-vision-technology-power-visual-search-users-brands-276942", "row": 0, "column": 9, "tagName": "link", "time": 30330.275512, "url": "", "pos": 9, "chunkLen": 42, "isStartTag": 1}}
06-28 17:01:01.492 12065 12078 E WProf.db: {"WprofHTMLTag": {"code": "0x9e885f00", "doc": "http://searchengineland.com/pinterest-developed-computer-vision-technology-power-visual-search-users-brands-276942", "row": 0, "column": 16, "tagName": "table", "time": 30330.275628, "url": "", "pos": 16, "chunkLen": 42, "isStartTag": 1}}
06-28 17:01:01.493 12065 12078 E WProf.db: {"WprofHTMLTag": {"code": "0x9e885f30", "doc": "http://searchengineland.com/pinterest-developed-computer-vision-technology-power-visual-search-users-brands-276942", "row": 0, "column": 24, "tagName": "table", "time": 30330.275740, "url": "", "pos": 24, "chunkLen": 42, "isStartTag": 0}}
06-28 17:01:01.493 12065 12078 E WProf.db: {"WprofHTMLTag": {"code": "0x9e885f60", "doc": "http://searchengineland.com/pinterest-developed-computer-vision-technology-power-visual-search-users-brands-276942", "row": 0, "column": 37, "tagName": "a", "time": 30330.275802, "url": "", "pos": 37, "chunkLen": 42, "isStartTag": 1}}
06-28 17:01:01.493 12065 12078 E WProf.db: {"WprofHTMLTag": {"code": "0x9e885f90", "doc": "http://searchengineland.com/pinterest-developed-computer-vision-technology-power-visual-search-users-brands-276942", "row": 0, "column": 42, "tagName": "a", "time": 30330.275976, "url": "", "pos": 42, "chunkLen": 42, "isStartTag": 0}}
06-28 17:01:01.493 12065 12078 E WProf.db: {"WprofHTMLTag": {"code": "0x9e886020", "doc": "http://searchengineland.com/pinterest-developed-computer-vision-technology-power-visual-search-users-brands-276942", "row": 0, "column": 10, "tagName": "textarea", "time": 30330.277082, "url": "", "pos": 10, "chunkLen": 22, "isStartTag": 1}}
06-28 17:01:01.493 12065 12078 E WProf.db: {"WprofHTMLTag": {"code": "0x9e886050", "doc": "http://searchengineland.com/pinterest-developed-computer-vision-technology-power-visual-search-users-brands-276942", "row": 0, "column": 22, "tagName": "textarea", "time": 30330.277309, "url": "", "pos": 22, "chunkLen": 22, "isStartTag": 0}}
06-28 17:01:01.493 12065 12078 E WProf.db: {"WprofHTMLTag": {"code": "0x9e886080", "doc": "http://searchengineland.com/pinterest-developed-computer-vision-technology-power-visual-search-users-brands-276942", "row": 0, "column": 48, "tagName": "input", "time": 30330.278437, "url": "", "pos": 48, "chunkLen": 48, "isStartTag": 1}}
06-28 17:01:01.493 12065 12078 E WProf.db: {"WprofHTMLTag": {"code": "0x9e8860e0", "doc": "http://searchengineland.com/pinterest-developed-computer-vision-technology-power-visual-search-users-brands-276942", "row": 0, "column": 9, "tagName": "link", "time": 30330.282602, "url": "", "pos": 9, "chunkLen": 66, "isStartTag": 1}}
06-28 17:01:01.493 12065 12078 E WProf.db: {"WprofHTMLTag": {"code": "0x9e886110", "doc": "http://searchengineland.com/pinterest-developed-computer-vision-technology-power-visual-search-users-brands-276942", "row": 0, "column": 16, "tagName": "table", "time": 30330.282712, "url": "", "pos": 16, "chunkLen": 66, "isStartTag": 1}}
06-28 17:01:01.493 12065 12078 E WProf.db: {"WprofHTMLTag": {"code": "0x9e886140", "doc": "http://searchengineland.com/pinterest-developed-computer-vision-technology-power-visual-search-users-brands-276942", "row": 0, "column": 24, "tagName": "table", "time": 30330.282785, "url": "", "pos": 24, "chunkLen": 66, "isStartTag": 0}}
06-28 17:01:01.493 12065 12078 E WProf.db: {"WprofHTMLTag": {"code": "0x9e886170", "doc": "http://searchengineland.com/pinterest-developed-computer-vision-technology-power-visual-search-users-brands-276942", "row": 0, "column": 37, "tagName": "a", "time": 30330.282846, "url": "", "pos": 37, "chunkLen": 66, "isStartTag": 1}}
06-28 17:01:01.493 12065 12078 E WProf.db: {"WprofHTMLTag": {"code": "0x9e8861a0", "doc": "http://searchengineland.com/pinterest-developed-computer-vision-technology-power-visual-search-users-brands-276942", "row": 0, "column": 42, "tagName": "a", "time": 30330.283013, "url": "", "pos": 42, "chunkLen": 66, "isStartTag": 0}}
06-28 17:01:01.493 12065 12078 E WProf.db: {"WprofHTMLTag": {"code": "0x9e8861d0", "doc": "http://searchengineland.com/pinterest-developed-computer-vision-technology-power-visual-search-users-brands-276942", "row": 0, "column": 66, "tagName": "input", "time": 30330.283076, "url": "", "pos": 66, "chunkLen": 66, "isStartTag": 1}}
06-28 17:01:01.493 12065 12078 E WProf.db: {"WprofHTMLTag": {"code": "0x9e886260", "doc": "http://searchengineland.com/pinterest-developed-computer-vision-technology-power-visual-search-users-brands-276942", "row": 0, "column": 9, "tagName": "link", "time": 30330.284739, "url": "", "pos": 9, "chunkLen": 66, "isStartTag": 1}}
06-28 17:01:01.493 12065 12078 E WProf.db: {"WprofHTMLTag": {"code": "0x9e886290", "doc": "http://searchengineland.com/pinterest-developed-computer-vision-technology-power-visual-search-users-brands-276942", "row": 0, "column": 16, "tagName": "table", "time": 30330.284843, "url": "", "pos": 16, "chunkLen": 66, "isStartTag": 1}}
06-28 17:01:01.494 12065 12078 E WProf.db: {"WprofHTMLTag": {"code": "0x9e8862c0", "doc": "http://searchengineland.com/pinterest-developed-computer-vision-technology-power-visual-search-users-brands-276942", "row": 0, "column": 24, "tagName": "table", "time": 30330.284915, "url": "", "pos": 24, "chunkLen": 66, "isStartTag": 0}}
06-28 17:01:01.494 12065 12078 E WProf.db: {"WprofHTMLTag": {"code": "0x9e8862f0", "doc": "http://searchengineland.com/pinterest-developed-computer-vision-technology-power-visual-search-users-brands-276942", "row": 0, "column": 37, "tagName": "a", "time": 30330.284976, "url": "", "pos": 37, "chunkLen": 66, "isStartTag": 1}}
06-28 17:01:01.494 12065 12078 E WProf.db: {"WprofHTMLTag": {"code": "0x9e886320", "doc": "http://searchengineland.com/pinterest-developed-computer-vision-technology-power-visual-search-users-brands-276942", "row": 0, "column": 42, "tagName": "a", "time": 30330.285141, "url": "", "pos": 42, "chunkLen": 66, "isStartTag": 0}}
06-28 17:01:01.494 12065 12078 E WProf.db: {"WprofHTMLTag": {"code": "0x9e886350", "doc": "http://searchengineland.com/pinterest-developed-computer-vision-technology-power-visual-search-users-brands-276942", "row": 0, "column": 66, "tagName": "input", "time": 30330.285206, "url": "", "pos": 66, "chunkLen": 66, "isStartTag": 1}}
06-28 17:01:01.494 12065 12078 E WProf.db: {"WprofHTMLTag": {"code": "0x9e8863b0", "doc": "http://searchengineland.com/pinterest-developed-computer-vision-technology-power-visual-search-users-brands-276942", "row": 0, "column": 9, "tagName": "link", "time": 30330.289265, "url": "", "pos": 9, "chunkLen": 66, "isStartTag": 1}}
06-28 17:01:01.494 12065 12078 E WProf.db: {"WprofHTMLTag": {"code": "0x9e8863e0", "doc": "http://searchengineland.com/pinterest-developed-computer-vision-technology-power-visual-search-users-brands-276942", "row": 0, "column": 16, "tagName": "table", "time": 30330.289380, "url": "", "pos": 16, "chunkLen": 66, "isStartTag": 1}}
06-28 17:01:01.494 12065 12078 E WProf.db: {"WprofHTMLTag": {"code": "0x9e886410", "doc": "http://searchengineland.com/pinterest-developed-computer-vision-technology-power-visual-search-users-brands-276942", "row": 0, "column": 24, "tagName": "table", "time": 30330.289450, "url": "", "pos": 24, "chunkLen": 66, "isStartTag": 0}}
06-28 17:01:01.494 12065 12078 E WProf.db: {"WprofHTMLTag": {"code": "0x9e886440", "doc": "http://searchengineland.com/pinterest-developed-computer-vision-technology-power-visual-search-users-brands-276942", "row": 0, "column": 37, "tagName": "a", "time": 30330.289521, "url": "", "pos": 37, "chunkLen": 66, "isStartTag": 1}}
06-28 17:01:01.494 12065 12078 E WProf.db: {"WprofHTMLTag": {"code": "0x9e886470", "doc": "http://searchengineland.com/pinterest-developed-computer-vision-technology-power-visual-search-users-brands-276942", "row": 0, "column": 42, "tagName": "a", "time": 30330.289689, "url": "", "pos": 42, "chunkLen": 66, "isStartTag": 0}}
06-28 17:01:01.494 12065 12078 E WProf.db: {"WprofHTMLTag": {"code": "0x9e8864a0", "doc": "http://searchengineland.com/pinterest-developed-computer-vision-technology-power-visual-search-users-brands-276942", "row": 0, "column": 66, "tagName": "input", "time": 30330.289749, "url": "", "pos": 66, "chunkLen": 66, "isStartTag": 1}}
