--------- beginning of main
06-28 14:20:50.387  3449  3449 E Finsky  : [1] com.google.android.finsky.wear.bl.a(3): onConnectionFailed: ConnectionResult{statusCode=API_UNAVAILABLE, resolution=null, message=null}
--------- beginning of system
06-28 14:20:51.646 16257 16257 E chromium: [ERROR:shell_integration_android.cc(12)] Not implemented reached in static ShellIntegration::DefaultWebClientSetPermission ShellIntegration::CanSetAsDefaultBrowser()
06-28 14:20:51.650 16257 16257 E chromium: [ERROR:browser_process_impl.cc(720)] Not implemented reached in virtual BackgroundModeManager* BrowserProcessImpl::background_mode_manager()
06-28 14:20:51.903  3218 12931 E AudioRecord-JNI: Error -4 during AudioRecord native read
06-28 14:20:54.407 16257 16303 E chromium: [ERROR:gles2_cmd_decoder.cc(3852)] [.ChromiumCompositor-0xacbb34c0]GL ERROR :GL_INVALID_ENUM : glDiscardFramebufferEXT: attachments was GL_COLOR_EXT
06-28 14:20:54.654 16324 16337 E WPROF   : {"CSS": {"url": "http://searchengineland.com/figz/wp-content/themes/searchengineland/css/searchengineland-bootstrap.css", "requestTime": 20731.709728}}
06-28 14:20:54.655 16324 16337 E WPROF   : {"CSS": {"url": "http://fonts.googleapis.com/css?family=Oswald:300,400,700", "requestTime": 20731.711115}}
06-28 14:20:54.657 16324 16337 E WPROF   : {"CSS": {"url": "http://searchengineland.com/figz/wp-content/themes/searchengineland/style.css", "requestTime": 20731.712320}}
06-28 14:20:54.662 16324 16337 E WPROF   : {"Javascript": {"url": "http://searchengineland.com/figz/wp-content/themes/searchengineland/js/lib/modernizr.custom.js?ver=1.0", "requestTime": 20731.717652}}
06-28 14:20:54.663 16324 16337 E WPROF   : {"Javascript": {"url": "http://searchengineland.com/figz/wp-content/themes/searchengineland/js/lib/jquery-1.11.0.min.js?ver=1.11.0", "requestTime": 20731.718800}}
06-28 14:20:54.664 16324 16337 E WPROF   : {"Javascript": {"url": "http://searchengineland.com/figz/wp-content/themes/searchengineland/js/lib/jquery-ui-1.10.3.custom.min.js?ver=1.10.3", "requestTime": 20731.719919}}
06-28 14:20:54.665 16324 16337 E WPROF   : {"Javascript": {"url": "http://searchengineland.com/figz/wp-content/themes/searchengineland/js/lib/jquery.ba-throttle-debounce.min.js?ver=1.1", "requestTime": 20731.721090}}
06-28 14:20:54.666 16324 16337 E WPROF   : {"Javascript": {"url": "http://searchengineland.com/figz/wp-content/themes/searchengineland/js/lib/jquery.countdown.min.js?ver=2.0.4", "requestTime": 20731.722217}}
06-28 14:20:54.668 16324 16337 E WPROF   : {"Javascript": {"url": "http://static.chartbeat.com/js/chartbeat_mab.js", "requestTime": 20731.723342}}
06-28 14:20:55.243 16324 16337 E WPROF   : {"Javascript": {"url": "http://searchengineland.com/figz/wp-includes/js/wp-emoji-release.min.js?ver=4.7.5", "requestTime": 20732.298415}}
06-28 14:20:55.925 16324 16337 E WPROF   : {"Javascript": {"url": "http://www.googletagservices.com/tag/js/gpt.js", "requestTime": 20732.981203}}
06-28 14:20:55.929 16324 16337 E WPROF   : {"Javascript": {"url": "https://www.google-analytics.com/analytics.js", "requestTime": 20732.985153}}
06-28 14:20:55.932 16324 16337 E WPROF   : {"Javascript": {"url": "http://edge.quantserve.com/quant.js", "requestTime": 20732.987248}}
06-28 14:20:55.933 16324 16337 E WPROF   : {"Javascript": {"url": "https://connect.facebook.net/en_US/fbevents.js", "requestTime": 20732.989067}}
06-28 14:20:55.958 16257 16303 E chromium: [ERROR:gles2_cmd_decoder.cc(3852)] [.ChromiumCompositor-0xacbb34c0]GL ERROR :GL_INVALID_ENUM : glDiscardFramebufferEXT: attachments was GL_COLOR_EXT
06-28 14:20:56.052 16324 16337 E WPROF   : {"Javascript": {"url": "http://app-sj02.marketo.com/js/forms2/js/forms2.min.js", "requestTime": 20733.107900}}
06-28 14:20:56.188 16324 16337 E WPROF   : {"Javascript": {"url": "https://connect.facebook.net/signals/config/423979991297359?v=2.7.17", "requestTime": 20733.243457}}
06-28 14:20:56.197 16324 16337 E WPROF   : {"Javascript": {"url": "https://securepubads.g.doubleclick.net/gpt/pubads_impl_121.js", "requestTime": 20733.252277}}
06-28 14:20:56.231 16257 16303 E chromium: [ERROR:gles2_cmd_decoder.cc(3852)] [.ChromiumCompositor-0xacbb34c0]GL ERROR :GL_INVALID_ENUM : glDiscardFramebufferEXT: attachments was GL_COLOR_EXT
06-28 14:20:56.353 16324 16337 E WPROF   : {"Javascript": {"url": "http://app-sj02.marketo.com/index.php/form/getForm?munchkinId=727-ZQE-044&form=5691&url=http%3A%2F%2Fsearchengineland.com%2Fready-black-friday-2016-3-critical-e-commerce-seo-configurations-avoid-common-issues-262040&callback=jQuery110208095233121421188_1498627256290&_=1498627256291", "requestTime": 20733.408453}}
06-28 14:20:56.369 16324 16337 E WPROF   : {"Javascript": {"url": "http://app-sj02.marketo.com/index.php/form/getForm?munchkinId=727-ZQE-044&form=5685&url=http%3A%2F%2Fsearchengineland.com%2Fready-black-friday-2016-3-critical-e-commerce-seo-configurations-avoid-common-issues-262040&callback=jQuery110208095233121421188_1498627256292&_=1498627256293", "requestTime": 20733.424753}}
06-28 14:20:56.704 16324 16337 E WPROF   : {"Javascript": {"url": "http://app-sj02.marketo.com/index.php/form/getForm?munchkinId=727-ZQE-044&form=5673&url=http%3A%2F%2Fsearchengineland.com%2Fready-black-friday-2016-3-critical-e-commerce-seo-configurations-avoid-common-issues-262040&callback=jQuery110208095233121421188_1498627256294&_=1498627256295", "requestTime": 20733.759991}}
06-28 14:20:56.732 16324 16337 E WPROF   : {"Javascript": {"url": "http://searchengineland.com/js/ga_social_tracking.js", "requestTime": 20733.787727}}
06-28 14:20:56.733 16257 16303 E chromium: [ERROR:gles2_cmd_decoder.cc(3852)] [.ChromiumCompositor-0xacbb34c0]GL ERROR :GL_INVALID_ENUM : glDiscardFramebufferEXT: attachments was GL_COLOR_EXT
06-28 14:20:56.738 16324 16337 E WPROF   : {"Javascript": {"url": "http://s7.addthis.com/js/300/addthis_widget.js#pubid=ra-53e918f660794f37", "requestTime": 20733.793512}}
06-28 14:20:57.220   862  1657 E LocSvc_IzatApiV02: E/virtual int izat_core::IzatApiV02::getBatchSize(int32_t):522]: Error : st = 4, ind.status = -1628389555
06-28 14:20:57.220   862  1657 E LocSvc_IzatApiV02: E/virtual int izat_core::IzatApiV02::getBatchSize(int32_t):535]: get batching size failed.Or modem does not support batching 
06-28 14:20:57.229   862  1657 E LocSvc_IzatApiV02: E/virtual int izat_core::IzatApiV02::getBatchSize(int32_t):522]: Error : st = 4, ind.status = -1628389555
06-28 14:20:57.229   862  1657 E LocSvc_IzatApiV02: E/virtual int izat_core::IzatApiV02::getBatchSize(int32_t):535]: get batching size failed.Or modem does not support batching 
06-28 14:20:57.262   862  1657 E LocSvc_IzatApiV02: E/virtual int izat_core::IzatApiV02::getBatchSize(int32_t):522]: Error : st = 4, ind.status = -1628389555
06-28 14:20:57.262   862  1657 E LocSvc_IzatApiV02: E/virtual int izat_core::IzatApiV02::getBatchSize(int32_t):535]: get batching size failed.Or modem does not support batching 
06-28 14:20:57.271   862  1657 E LocSvc_IzatApiV02: E/virtual int izat_core::IzatApiV02::getBatchSize(int32_t):522]: Error : st = 4, ind.status = -1628389555
06-28 14:20:57.271   862  1657 E LocSvc_IzatApiV02: E/virtual int izat_core::IzatApiV02::getBatchSize(int32_t):535]: get batching size failed.Or modem does not support batching 
06-28 14:20:57.354 16257 16303 E chromium: [ERROR:gles2_cmd_decoder.cc(3852)] [.ChromiumCompositor-0xacbb34c0]GL ERROR :GL_INVALID_ENUM : glDiscardFramebufferEXT: attachments was GL_COLOR_EXT
06-28 14:20:57.777 16324 16337 E WPROF   : {"Javascript": {"url": "https://securepubads.g.doubleclick.net/gampad/ads?gdfp_req=1&correlator=1779305153560576&output=json_html&callback=googletag.impl.pubads.callbackProxy1&impl=fifs&json_a=1&eid=108809080%2C108809107&sc=0&sfv=1-0-9&iu_parts=1038259%2Csel-ciu-1%2Csel-ciu-2%2Csel-ciu-3%2Csel-ciu-4%2Csel-ciu-5%2Cch-seo-le", "requestTime": 20734.833024}}
06-28 14:20:57.797 16324 16337 E WPROF   : {"CSS": {"url": "http://app-sj02.marketo.com/js/forms2/css/forms2.css", "requestTime": 20734.852957}}
06-28 14:20:57.800 16324 16337 E WPROF   : {"CSS": {"url": "http://app-sj02.marketo.com/js/forms2/css/forms2-theme-simple.css", "requestTime": 20734.855396}}
06-28 14:20:57.844 16324 16337 E WPROF   : {"Javascript": {"url": "https://static.xx.fbcdn.net/rsrc.php/v3iy6L4/yk/l/ko_KR/be4fIjHRc8P.js", "requestTime": 20734.899716}}
06-28 14:20:57.970 16324 16337 E WPROF   : {"Javascript": {"url": "http://cdn.api.twitter.com/1/users/show.json?screen_name=aleyda&callback=twttr.setFollowersCount", "requestTime": 20735.026115}}
06-28 14:20:57.979 16324 16337 E WPROF   : {"Javascript": {"url": "http://www.googleadservices.com/pagead/conversion.js", "requestTime": 20735.035015}}
06-28 14:20:57.980 16324 16337 E WPROF   : {"Javascript": {"url": "http://searchengineland.com/figz/wp-content/themes/searchengineland/js/script.js?ver=1.0", "requestTime": 20735.035573}}
06-28 14:20:57.980 16324 16337 E WPROF   : {"Javascript": {"url": "http://searchengineland.com/figz/wp-includes/js/wp-embed.min.js?ver=4.7.5", "requestTime": 20735.036020}}
06-28 14:20:57.981 16324 16337 E WPROF   : {"Javascript": {"url": "http://searchengineland.com/figz/wp-content/themes/searchengineland/js/modules/sharing_controls.js", "requestTime": 20735.036428}}
06-28 14:20:58.129 16257 16303 E chromium: [ERROR:gles2_cmd_decoder.cc(3852)] [.ChromiumCompositor-0xacbb34c0]GL ERROR :GL_INVALID_ENUM : glDiscardFramebufferEXT: attachments was GL_COLOR_EXT
06-28 14:20:58.291 16324 16337 E WPROF   : {"Javascript": {"url": "http://d2j3qa5nc37287.cloudfront.net/coupon_code1.js", "requestTime": 20735.346590}}
06-28 14:20:58.351 16324 16337 E WPROF   : {"CSS": {"url": "https://www.youtube.com/yts/cssbin/www-embed-player-sprite-mode-vfl5G4Xm8.css", "requestTime": 20735.406820}}
06-28 14:20:58.353 16324 16337 E WPROF   : {"Javascript": {"url": "https://www.youtube.com/yts/jsbin/www-embed-player-vfl_UY_j8/www-embed-player.js", "requestTime": 20735.408388}}
06-28 14:20:58.353 16324 16337 E WPROF   : {"Javascript": {"url": "https://www.youtube.com/yts/jsbin/player-vflo1w4O-/ko_KR/base.js", "requestTime": 20735.409064}}
06-28 14:20:58.376 16257 16303 E chromium: [ERROR:gles2_cmd_decoder.cc(3852)] [.ChromiumCompositor-0xacbb34c0]GL ERROR :GL_INVALID_ENUM : glDiscardFramebufferEXT: attachments was GL_COLOR_EXT
06-28 14:20:58.545 16257 16303 E chromium: [ERROR:gles2_cmd_decoder.cc(3852)] [.ChromiumCompositor-0xacbb34c0]GL ERROR :GL_INVALID_ENUM : glDiscardFramebufferEXT: attachments was GL_COLOR_EXT
06-28 14:20:58.663 16257 16303 E chromium: [ERROR:gles2_cmd_decoder.cc(3852)] [.ChromiumCompositor-0xacbb34c0]GL ERROR :GL_INVALID_ENUM : glDiscardFramebufferEXT: attachments was GL_COLOR_EXT
06-28 14:20:58.999 16257 16303 E chromium: [ERROR:gles2_cmd_decoder.cc(3852)] [.ChromiumCompositor-0xacbb34c0]GL ERROR :GL_INVALID_ENUM : glDiscardFramebufferEXT: attachments was GL_COLOR_EXT
06-28 14:21:00.042 16257 16303 E chromium: [ERROR:gles2_cmd_decoder.cc(3852)] [.ChromiumCompositor-0xacbb34c0]GL ERROR :GL_INVALID_ENUM : glDiscardFramebufferEXT: attachments was GL_COLOR_EXT
06-28 14:21:01.093 16324 16337 E WPROF   : {"Javascript": {"url": "https://www.google.com/js/bg/KWBfAnWFESAEEaKKgdYlTHY9ysQaNoQuzeMFqvxDSM8.js", "requestTime": 20738.149095}}
06-28 14:21:01.096 16324 16337 E WPROF   : {"Javascript": {"url": "https://static.doubleclick.net/instream/ad_status.js", "requestTime": 20738.151912}}
06-28 14:21:01.282 16257 16303 E chromium: [ERROR:gles2_cmd_decoder.cc(3852)] [.ChromiumCompositor-0xacbb34c0]GL ERROR :GL_INVALID_ENUM : glDiscardFramebufferEXT: attachments was GL_COLOR_EXT
06-28 14:21:01.319 16324 16337 E WPROF   : {"Javascript": {"url": "https://tpc.googlesyndication.com/pagead/js/r20170619/r20110914/client/ext/m_window_focus_non_hydra.js", "requestTime": 20738.374963}}
06-28 14:21:01.322 16324 16337 E WPROF   : {"Javascript": {"url": "https://tpc.googlesyndication.com/pagead/js/r20170619/r20110914/activeview/osd_listener.js", "requestTime": 20738.377908}}
06-28 14:21:01.328 16324 16337 E WPROF   : {"Javascript": {"url": "http://pagead2.googlesyndication.com/pagead/osd.js", "requestTime": 20738.383419}}
06-28 14:21:01.406 16324 16337 E WPROF   : {"Javascript": {"url": "http://www.justuno.com/ajax/account_version_check.html?id=828FA275-FF73-401E-AA39-40F5A6FAB6B1", "requestTime": 20738.461747}}
06-28 14:21:01.485 16257 16303 E chromium: [ERROR:gles2_cmd_decoder.cc(3852)] [.ChromiumCompositor-0xacbb34c0]GL ERROR :GL_INVALID_ENUM : glDiscardFramebufferEXT: attachments was GL_COLOR_EXT
06-28 14:21:01.656 16257 16303 E chromium: [ERROR:gles2_cmd_decoder.cc(3852)] [.ChromiumCompositor-0xacbb34c0]GL ERROR :GL_INVALID_ENUM : glDiscardFramebufferEXT: attachments was GL_COLOR_EXT
06-28 14:21:02.013 16257 16303 E chromium: [ERROR:gles2_cmd_decoder.cc(3852)] [.ChromiumCompositor-0xacbb34c0]GL ERROR :GL_INVALID_ENUM : glDiscardFramebufferEXT: attachments was GL_COLOR_EXT
06-28 14:21:02.551 16257 16303 E chromium: [ERROR:gles2_cmd_decoder.cc(3852)] [.ChromiumCompositor-0xacbb34c0]GL ERROR :GL_INVALID_ENUM : glDiscardFramebufferEXT: attachments was GL_COLOR_EXT
06-28 14:21:02.995 16257 16303 E chromium: [ERROR:gles2_cmd_decoder.cc(3852)] [.ChromiumCompositor-0xacbb34c0]GL ERROR :GL_INVALID_ENUM : glDiscardFramebufferEXT: attachments was GL_COLOR_EXT
06-28 14:21:03.171 16324 16337 E WPROF   : {"Javascript": {"url": "http://cdn.justuno.com/mwgt_3.6.js", "requestTime": 20740.226353}}
06-28 14:21:03.296 16257 16303 E chromium: [ERROR:gles2_cmd_decoder.cc(3852)] [.ChromiumCompositor-0xacbb34c0]GL ERROR :GL_INVALID_ENUM : glDiscardFramebufferEXT: attachments was GL_COLOR_EXT
06-28 14:21:03.773 16257 16303 E chromium: [ERROR:gles2_cmd_decoder.cc(3852)] [.ChromiumCompositor-0xacbb34c0]GL ERROR :GL_INVALID_ENUM : glDiscardFramebufferEXT: attachments was GL_COLOR_EXT
06-28 14:21:04.113 16324 16337 E WPROF   : {"Javascript": {"url": "https://app-sj02.marketo.com/js/forms2/js/forms2.min.js", "requestTime": 20741.169167}}
06-28 14:21:04.464 16324 16337 E WProf.db: {"page": "searchengineland.com_ready-black-friday-2016-3-critical-e-commerce-seo-configurations-avoid-common-issues-262040"}
06-28 14:21:04.464 16324 16337 E WProf.db: {"DOMLoad": 20741.519325}
06-28 14:21:04.464 16324 16337 E WProf.db: {"Resource": {"id": 1, "url": "http://searchengineland.com/ready-black-friday-2016-3-critical-e-commerce-seo-configurations-avoid-common-issues-262040", "sentTime": -1.000000, "len": 123144, "from": "0x0", "mimeType": "text/html", "contentLength": -1, "httpStatus": 200, "connId": 19, "connReused": 1, "cached": 0,"requestTime": 20731.355961, "proxyStart": -1, "proxyEnd": -1, "dnsStart": -1, "dnsEnd": -1, "connectStart": 0, "connectEnd": 95, "sendStart": 95, "sendEnd": 95, "receiveHeadersEnd": 254, "sslStart": -1, "sslEnd": -1}}
06-28 14:21:04.464 16324 16337 E WProf.db: {"ReceivedChunk": {"receivedTime": 20731.629871, "len": 12844}}
06-28 14:21:04.464 16324 16337 E WProf.db: {"ReceivedChunk": {"receivedTime": 20731.698989, "len": 32768}}
06-28 14:21:04.464 16324 16337 E WProf.db: {"ReceivedChunk": {"receivedTime": 20731.699309, "len": 25579}}
06-28 14:21:04.464 16324 16337 E WProf.db: {"ReceivedChunk": {"receivedTime": 20731.782360, "len": 32768}}
06-28 14:21:04.464 16324 16337 E WProf.db: {"ReceivedChunk": {"receivedTime": 20731.782657, "len": 3384}}
06-28 14:21:04.464 16324 16337 E WProf.db: {"ReceivedChunk": {"receivedTime": 20732.414635, "len": 7583}}
06-28 14:21:04.464 16324 16337 E WProf.db: {"ReceivedChunk": {"receivedTime": 20732.545643, "len": 8218}}
06-28 14:21:04.464 16324 16337 E WProf.db: {"WprofHTMLTag": {"code": "0xaf046350", "doc": "http://searchengineland.com/ready-black-friday-2016-3-critical-e-commerce-seo-configurations-avoid-common-issues-262040", "row": 6, "column": 42, "tagName": "html", "time": 20731.703442, "url": "", "pos": 1, "chunkLen": 1, "isStartTag": 1}}
06-28 14:21:04.464 16324 16337 E WProf.db: {"WprofHTMLTag": {"code": "0xaf047ca0", "doc": "http://searchengineland.com/ready-black-friday-2016-3-critical-e-commerce-seo-configurations-avoid-common-issues-262040", "row": 7, "column": 6, "tagName": "head", "time": 20731.703926, "url": "", "pos": 1, "chunkLen": 1, "isStartTag": 1}}
06-28 14:21:04.464 16324 16337 E WProf.db: {"WprofHTMLTag": {"code": "0xaf047d90", "doc": "http://searchengineland.com/ready-black-friday-2016-3-critical-e-commerce-seo-configurations-avoid-common-issues-262040", "row": 8, "column": 54, "tagName": "meta", "time": 20731.704221, "url": "", "pos": 1, "chunkLen": 1, "isStartTag": 1}}
06-28 14:21:04.464 16324 16337 E WProf.db: {"WprofHTMLTag": {"code": "0xaf047dc0", "doc": "http://searchengineland.com/ready-black-friday-2016-3-critical-e-commerce-seo-configurations-avoid-common-issues-262040", "row": 9, "column": 68, "tagName": "meta", "time": 20731.704356, "url": "", "pos": 1, "chunkLen": 1, "isStartTag": 1}}
06-28 14:21:04.465 16324 16337 E WProf.db: {"WprofHTMLTag": {"code": "0xaf047df0", "doc": "http://searchengineland.com/ready-black-friday-2016-3-critical-e-commerce-seo-configurations-avoid-common-issues-262040", "row": 10, "column": 23, "tagName": "meta", "time": 20731.704461, "url": "", "pos": 1, "chunkLen": 1, "isStartTag": 1}}
06-28 14:21:04.465 16324 16337 E WProf.db: {"WprofHTMLTag": {"code": "0xaf047e20", "doc": "http://searchengineland.com/ready-black-friday-2016-3-critical-e-commerce-seo-configurations-avoid-common-issues-262040", "row": 11, "column": 52, "tagName": "meta", "time": 20731.704593, "url": "", "pos": 1, "chunkLen": 1, "isStartTag": 1}}
06-28 14:21:04.465 16324 16337 E WProf.db: {"WprofHTMLTag": {"code": "0xaf047e50", "doc": "http://searchengineland.com/ready-black-friday-2016-3-critical-e-commerce-seo-configurations-avoid-common-issues-262040", "row": 14, "column": 56, "tagName": "meta", "time": 20731.704715, "url": "", "pos": 1, "chunkLen": 1, "isStartTag": 1}}
06-28 14:21:04.465 16324 16337 E WProf.db: {"WprofHTMLTag": {"code": "0xaf047e80", "doc": "http://searchengineland.com/ready-black-friday-2016-3-critical-e-commerce-seo-configurations-avoid-common-issues-262040", "row": 15, "column": 83, "tagName": "meta", "time": 20731.704821, "url": "", "pos": 1, "chunkLen": 1, "isStartTag": 1}}
06-28 14:21:04.465 16324 16337 E WProf.db: {"WprofHTMLTag": {"code": "0xaf047eb0", "doc": "http://searchengineland.com/ready-black-friday-2016-3-critical-e-commerce-seo-configurations-avoid-common-issues-262040", "row": 16, "column": 57, "tagName": "meta", "time": 20731.704929, "url": "", "pos": 1, "chunkLen": 1, "isStartTag": 1}}
06-28 14:21:04.465 16324 16337 E WProf.db: {"WprofHTMLTag": {"code": "0xaf047f40", "doc": "http://searchengineland.com/ready-black-friday-2016-3-critical-e-commerce-seo-configurations-avoid-common-issues-262040", "row": 17, "column": 41, "tagName": "meta", "time": 20731.705039, "url": "", "pos": 1, "chunkLen": 1, "isStartTag": 1}}
06-28 14:21:04.465 16324 16337 E WProf.db: {"WprofHTMLTag": {"code": "0xaf047f70", "doc": "http://searchengineland.com/ready-black-friday-2016-3-critical-e-commerce-seo-configurations-avoid-common-issues-262040", "row": 18, "column": 50, "tagName": "meta", "time": 20731.705141, "url": "", "pos": 1, "chunkLen": 1, "isStartTag": 1}}
06-28 14:21:04.465 16324 16337 E WProf.db: {"WprofHTMLTag": {"code": "0xaf047fa0", "doc": "http://searchengineland.com/ready-black-friday-2016-3-critical-e-commerce-seo-configurations-avoid-common-issues-262040", "row": 19, "column": 174, "tagName": "meta", "time": 20731.705245, "url": "", "pos": 1, "chunkLen": 1, "isStartTag": 1}}
06-28 14:21:04.465 16324 16337 E WProf.db: {"WprofHTMLTag": {"code": "0xaf047f10", "doc": "http://searchengineland.com/ready-black-friday-2016-3-critical-e-commerce-seo-configurations-avoid-common-issues-262040", "row": 20, "column": 47, "tagName": "meta", "time": 20731.705349, "url": "", "pos": 1, "chunkLen": 1, "isStartTag": 1}}
06-28 14:21:04.465 16324 16337 E WProf.db: {"WprofHTMLTag": {"code": "0xaf047ee0", "doc": "http://searchengineland.com/ready-black-friday-2016-3-critical-e-commerce-seo-configurations-avoid-common-issues-262040", "row": 21, "column": 67, "tagName": "meta", "time": 20731.705460, "url": "", "pos": 1, "chunkLen": 1, "isStartTag": 1}}
06-28 14:21:04.465 16324 16337 E WProf.db: {"WprofHTMLTag": {"code": "0xaf047fd0", "doc": "http://searchengineland.com/ready-black-friday-2016-3-critical-e-commerce-seo-configurations-avoid-common-issues-262040", "row": 22, "column": 57, "tagName": "meta", "time": 20731.705572, "url": "", "pos": 1, "chunkLen": 1, "isStartTag": 1}}
06-28 14:21:04.465 16324 16337 E WProf.db: {"WprofHTMLTag": {"code": "0xb4cc74b0", "doc": "http://searchengineland.com/ready-black-friday-2016-3-critical-e-commerce-seo-configurations-avoid-common-issues-262040", "row": 23, "column": 65, "tagName": "meta", "time": 20731.705691, "url": "", "pos": 1, "chunkLen": 1, "isStartTag": 1}}
06-28 14:21:04.465 16324 16337 E WProf.db: {"WprofHTMLTag": {"code": "0xb4cc7540", "doc": "http://searchengineland.com/ready-black-friday-2016-3-critical-e-commerce-seo-configurations-avoid-common-issues-262040", "row": 24, "column": 55, "tagName": "meta", "time": 20731.705796, "url": "", "pos": 1, "chunkLen": 1, "isStartTag": 1}}
06-28 14:21:04.466 16324 16337 E WProf.db: {"WprofHTMLTag": {"code": "0xb4cc78a0", "doc": "http://searchengineland.com/ready-black-friday-2016-3-critical-e-commerce-seo-configurations-avoid-common-issues-262040", "row": 25, "column": 71, "tagName": "meta", "time": 20731.705911, "url": "", "pos": 1, "chunkLen": 1, "isStartTag": 1}}
06-28 14:21:04.466 16324 16337 E WProf.db: {"WprofHTMLTag": {"code": "0xb4cc78d0", "doc": "http://searchengineland.com/ready-black-friday-2016-3-critical-e-commerce-seo-configurations-avoid-common-issues-262040", "row": 26, "column": 86, "tagName": "meta", "time": 20731.706023, "url": "", "pos": 1, "chunkLen": 1, "isStartTag": 1}}
06-28 14:21:04.466 16324 16337 E WProf.db: {"WprofHTMLTag": {"code": "0xb4cc7900", "doc": "http://searchengineland.com/ready-black-friday-2016-3-critical-e-commerce-seo-configurations-avoid-common-issues-262040", "row": 27, "column": 54, "tagName": "meta", "time": 20731.706138, "url": "", "pos": 1, "chunkLen": 1, "isStartTag": 1}}
06-28 14:21:04.466 16324 16337 E WProf.db: {"WprofHTMLTag": {"code": "0xb4cc7930", "doc": "http://searchengineland.com/ready-black-friday-2016-3-critical-e-commerce-seo-configurations-avoid-common-issues-262040", "row": 29, "column": 145, "tagName": "meta", "time": 20731.706248, "url": "", "pos": 1, "chunkLen": 1, "isStartTag": 1}}
06-28 14:21:04.466 16324 16337 E WProf.db: {"WprofHTMLTag": {"code": "0xb4cc7960", "doc": "http://searchengineland.com/ready-black-friday-2016-3-critical-e-commerce-seo-configurations-avoid-common-issues-262040", "row": 30, "column": 162, "tagName": "meta", "time": 20731.706353, "url": "", "pos": 1, "chunkLen": 1, "isStartTag": 1}}
06-28 14:21:04.466 16324 16337 E WProf.db: {"WprofHTMLTag": {"code": "0xb4cc7990", "doc": "http://searchengineland.com/ready-black-friday-2016-3-critical-e-commerce-seo-configurations-avoid-common-issues-262040", "row": 31, "column": 55, "tagName": "meta", "time": 20731.706464, "url": "", "pos": 1, "chunkLen": 1, "isStartTag": 1}}
06-28 14:21:04.466 16324 16337 E WProf.db: {"WprofHTMLTag": {"code": "0xb4cc79c0", "doc": "http://searchengineland.com/ready-black-friday-2016-3-critical-e-commerce-seo-configurations-avoid-common-issues-262040", "row": 32, "column": 54, "tagName": "meta", "time": 20731.706573, "url": "", "pos": 1, "chunkLen": 1, "isStartTag": 1}}
06-28 14:21:04.466 16324 16337 E WProf.db: {"WprofHTMLTag": {"code": "0xb4cc79f0", "doc": "http://searchengineland.com/ready-black-friday-2016-3-critical-e-commerce-seo-configurations-avoid-common-issues-262040", "row": 33, "column": 146, "tagName": "meta", "time": 20731.706683, "url": "", "pos": 1, "chunkLen": 1, "isStartTag": 1}}
06-28 14:21:04.466 16324 16337 E WProf.db: {"WprofHTMLTag": {"code": "0xb4cc7a20", "doc": "http://searchengineland.com/ready-black-friday-2016-3-critical-e-commerce-seo-configurations-avoid-common-issues-262040", "row": 37, "column": 36, "tagName": "script", "time": 20731.706786, "url": "", "pos": 1, "chunkLen": 1, "isStartTag": 1}}
06-28 14:21:04.466 16324 16337 E WProf.db: {"WprofHTMLTag": {"code": "0xb4cc7a50", "doc": "http://searchengineland.com/ready-black-friday-2016-3-critical-e-commerce-seo-configurations-avoid-common-issues-262040", "row": 53, "column": 10, "tagName": "script", "time": 20731.707018, "url": "", "pos": 1, "chunkLen": 1, "isStartTag": 0}}
06-28 14:21:04.466 16324 16337 E WProf.db: {"WprofHTMLTag": {"code": "0xaf047cd0", "doc": "http://searchengineland.com/ready-black-friday-2016-3-critical-e-commerce-seo-configurations-avoid-common-issues-262040", "row": 55, "column": 86, "tagName": "link", "time": 20731.708394, "url": "http://searchengineland.com/apple-touch-icon.png", "pos": 1, "chunkLen": 1, "isStartTag": 1}}
06-28 14:21:04.466 16324 16337 E WProf.db: {"WprofHTMLTag": {"code": "0xb4cc7a80", "doc": "http://searchengineland.com/ready-black-friday-2016-3-critical-e-commerce-seo-configurations-avoid-common-issues-262040", "row": 56, "column": 76, "tagName": "link", "time": 20731.708694, "url": "http://searchengineland.com/favicon.ico", "pos": 1, "chunkLen": 1, "isStartTag": 1}}
06-28 14:21:04.467 16324 16337 E WProf.db: {"WprofHTMLTag": {"code": "0xb4cc7ab0", "doc": "http://searchengineland.com/ready-black-friday-2016-3-critical-e-commerce-seo-configurations-avoid-common-issues-262040", "row": 57, "column": 158, "tagName": "link", "time": 20731.708896, "url": "http://feeds.searchengineland.com/searchengineland", "pos": 1, "chunkLen": 1, "isStartTag": 1}}
06-28 14:21:04.467 16324 16337 E WProf.db: {"WprofHTMLTag": {"code": "0xb4cc7ae0", "doc": "http://searchengineland.com/ready-black-friday-2016-3-critical-e-commerce-seo-configurations-avoid-common-issues-262040", "row": 58, "column": 149, "tagName": "link", "time": 20731.709165, "url": "http://feeds.searchengineland.com/searchcap", "pos": 1, "chunkLen": 1, "isStartTag": 1}}
06-28 14:21:04.467 16324 16337 E WProf.db: {"WprofHTMLTag": {"code": "0xb4cc7b10", "doc": "http://searchengineland.com/ready-black-friday-2016-3-critical-e-commerce-seo-configurations-avoid-common-issues-262040", "row": 59, "column": 150, "tagName": "link", "time": 20731.709445, "url": "http://searchengineland.com/figz/wp-content/themes/searchengineland/css/searchengineland-bootstrap.css", "pos": 1, "chunkLen": 1, "isStartTag": 1}}
06-28 14:21:04.467 16324 16337 E WProf.db: {"WprofHTMLTag": {"code": "0xb4cc7b70", "doc": "http://searchengineland.com/ready-black-friday-2016-3-critical-e-commerce-seo-configurations-avoid-common-issues-262040", "row": 60, "column": 105, "tagName": "link", "time": 20731.709976, "url": "http://fonts.googleapis.com/css?family=Oswald:300,400,700", "pos": 1, "chunkLen": 1, "isStartTag": 1}}
06-28 14:21:04.467 16324 16337 E WProf.db: {"WprofHTMLTag": {"code": "0xb4cc7bd0", "doc": "http://searchengineland.com/ready-black-friday-2016-3-critical-e-commerce-seo-configurations-avoid-common-issues-262040", "row": 61, "column": 125, "tagName": "link", "time": 20731.711342, "url": "http://searchengineland.com/figz/wp-content/themes/searchengineland/style.css", "pos": 1, "chunkLen": 1, "isStartTag": 1}}
06-28 14:21:04.467 16324 16337 E WProf.db: {"WprofHTMLTag": {"code": "0xb4cc7c30", "doc": "http://searchengineland.com/ready-black-friday-2016-3-critical-e-commerce-seo-configurations-avoid-common-issues-262040", "row": 65, "column": 7, "tagName": "title", "time": 20731.712556, "url": "", "pos": 1, "chunkLen": 1, "isStartTag": 1}}
06-28 14:21:04.467 16324 16337 E WProf.db: {"WprofHTMLTag": {"code": "0xb4cc7c60", "doc": "http://searchengineland.com/ready-black-friday-2016-3-critical-e-commerce-seo-configurations-avoid-common-issues-262040", "row": 65, "column": 118, "tagName": "title", "time": 20731.712644, "url": "", "pos": 1, "chunkLen": 1, "isStartTag": 0}}
06-28 14:21:04.467 16324 16337 E WProf.db: {"WprofHTMLTag": {"code": "0xb4cc7c90", "doc": "http://searchengineland.com/ready-black-friday-2016-3-critical-e-commerce-seo-configurations-avoid-common-issues-262040", "row": 66, "column": 159, "tagName": "meta", "time": 20731.713396, "url": "", "pos": 1, "chunkLen": 1, "isStartTag": 1}}
06-28 14:21:04.467 16324 16337 E WProf.db: {"WprofHTMLTag": {"code": "0xb4cc7cc0", "doc": "http://searchengineland.com/ready-black-friday-2016-3-critical-e-commerce-seo-configurations-avoid-common-issues-262040", "row": 67, "column": 146, "tagName": "meta", "time": 20731.713538, "url": "", "pos": 1, "chunkLen": 1, "isStartTag": 1}}
06-28 14:21:04.467 16324 16337 E WProf.db: {"WprofHTMLTag": {"code": "0xb4cc7cf0", "doc": "http://searchengineland.com/ready-black-friday-2016-3-critical-e-commerce-seo-configurations-avoid-common-issues-262040", "row": 68, "column": 161, "tagName": "meta", "time": 20731.713652, "url": "", "pos": 1, "chunkLen": 1, "isStartTag": 1}}
06-28 14:21:04.467 16324 16337 E WProf.db: {"WprofHTMLTag": {"code": "0xb4cc7d20", "doc": "http://searchengineland.com/ready-black-friday-2016-3-critical-e-commerce-seo-configurations-avoid-common-issues-262040", "row": 69, "column": 37, "tagName": "meta", "time": 20731.713767, "url": "", "pos": 1, "chunkLen": 1, "isStartTag": 1}}
06-28 14:21:04.467 16324 16337 E WProf.db: {"WprofHTMLTag": {"code": "0xb4cc7d50", "doc": "http://searchengineland.com/ready-black-friday-2016-3-critical-e-commerce-seo-configurations-avoid-common-issues-262040", "row": 70, "column": 151, "tagName": "link", "time": 20731.713877, "url": "http://searchengineland.com/ready-black-friday-2016-3-critical-e-commerce-seo-configurations-avoid-common-issues-262040", "pos": 1, "chunkLen": 1, "isStartTag": 1}}
06-28 14:21:04.467 16324 16337 E WProf.db: {"WprofHTMLTag": {"code": "0xb4cc7d80", "doc": "http://searchengineland.com/ready-black-friday-2016-3-critical-e-commerce-seo-configurations-avoid-common-issues-262040", "row": 71, "column": 76, "tagName": "link", "time": 20731.714086, "url": "https://plus.google.com/103218677032751327334", "pos": 1, "chunkLen": 1, "isStartTag": 1}}
06-28 14:21:04.468 16324 16337 E WProf.db: {"WprofHTMLTag": {"code": "0xb4cc7db0", "doc": "http://searchengineland.com/ready-black-friday-2016-3-critical-e-commerce-seo-configurations-avoid-common-issues-262040", "row": 72, "column": 45, "tagName": "meta", "time": 20731.714267, "url": "", "pos": 1, "chunkLen": 1, "isStartTag": 1}}
06-28 14:21:04.468 16324 16337 E WProf.db: {"WprofHTMLTag": {"code": "0xb4cc7de0", "doc": "http://searchengineland.com/ready-black-friday-2016-3-critical-e-commerce-seo-configurations-avoid-common-issues-262040", "row": 73, "column": 45, "tagName": "meta", "time": 20731.714379, "url": "", "pos": 1, "chunkLen": 1, "isStartTag": 1}}
06-28 14:21:04.468 16324 16337 E WProf.db: {"WprofHTMLTag": {"code": "0xb4cc7e10", "doc": "http://searchengineland.com/ready-black-friday-2016-3-critical-e-commerce-seo-configurations-avoid-common-issues-262040", "row": 74, "column": 142, "tagName": "meta", "time": 20731.714493, "url": "", "pos": 1, "chunkLen": 1, "isStartTag": 1}}
06-28 14:21:04.468 16324 16337 E WProf.db: {"WprofHTMLTag": {"code": "0xb4cc7e40", "doc": "http://searchengineland.com/ready-black-friday-2016-3-critical-e-commerce-seo-configurations-avoid-common-issues-262040", "row": 75, "column": 167, "tagName": "meta", "time": 20731.714602, "url": "", "pos": 1, "chunkLen": 1, "isStartTag": 1}}
06-28 14:21:04.468 16324 16337 E WProf.db: {"WprofHTMLTag": {"code": "0xb4cc7e70", "doc": "http://searchengineland.com/ready-black-friday-2016-3-critical-e-commerce-seo-configurations-avoid-common-issues-262040", "row": 76, "column": 156, "tagName": "meta", "time": 20731.714715, "url": "", "pos": 1, "chunkLen": 1, "isStartTag": 1}}
06-28 14:21:04.468 16324 16337 E WProf.db: {"WprofHTMLTag": {"code": "0xb4cc7ea0", "doc": "http://searchengineland.com/ready-black-friday-2016-3-critical-e-commerce-seo-configurations-avoid-common-issues-262040", "row": 77, "column": 61, "tagName": "meta", "time": 20731.714819, "url": "", "pos": 1, "chunkLen": 1, "isStartTag": 1}}
06-28 14:21:04.468 16324 16337 E WProf.db: {"WprofHTMLTag": {"code": "0xb4cc7ed0", "doc": "http://searchengineland.com/ready-black-friday-2016-3-critical-e-commerce-seo-configurations-avoid-common-issues-262040", "row": 78, "column": 89, "tagName": "meta", "time": 20731.714939, "url": "", "pos": 1, "chunkLen": 1, "isStartTag": 1}}
06-28 14:21:04.468 16324 16337 E WProf.db: {"WprofHTMLTag": {"code": "0xb4cc7f00", "doc": "http://searchengineland.com/ready-black-friday-2016-3-critical-e-commerce-seo-configurations-avoid-common-issues-262040", "row": 79, "column": 67, "tagName": "meta", "time": 20731.715175, "url": "", "pos": 1, "chunkLen": 1, "isStartTag": 1}}
06-28 14:21:04.468 16324 16337 E WProf.db: {"WprofHTMLTag": {"code": "0xb4cc7f30", "doc": "http://searchengineland.com/ready-black-friday-2016-3-critical-e-commerce-seo-configurations-avoid-common-issues-262040", "row": 80, "column": 78, "tagName": "meta", "time": 20731.715301, "url": "", "pos": 1, "chunkLen": 1, "isStartTag": 1}}
06-28 14:21:04.468 16324 16337 E WProf.db: {"WprofHTMLTag": {"code": "0xb4cc7f60", "doc": "http://searchengineland.com/ready-black-friday-2016-3-critical-e-commerce-seo-configurations-avoid-common-issues-262040", "row": 81, "column": 77, "tagName": "meta", "time": 20731.715409, "url": "", "pos": 1, "chunkLen": 1, "isStartTag": 1}}
06-28 14:21:04.468 16324 16337 E WProf.db: {"WprofHTMLTag": {"code": "0xb4cc7f90", "doc": "http://searchengineland.com/ready-black-friday-2016-3-critical-e-commerce-seo-configurations-avoid-common-issues-262040", "row": 82, "column": 71, "tagName": "meta", "time": 20731.715515, "url": "", "pos": 1, "chunkLen": 1, "isStartTag": 1}}
06-28 14:21:04.468 16324 16337 E WProf.db: {"WprofHTMLTag": {"code": "0xb4cc7fc0", "doc": "http://searchengineland.com/ready-black-friday-2016-3-critical-e-commerce-seo-configurations-avoid-common-issues-262040", "row": 83, "column": 140, "tagName": "meta", "time": 20731.715619, "url": "", "pos": 1, "chunkLen": 1, "isStartTag": 1}}
06-28 14:21:04.468 16324 16337 E WProf.db: {"WprofHTMLTag": {"code": "0xb4cc7ff0", "doc": "http://searchengineland.com/ready-black-friday-2016-3-critical-e-commerce-seo-configurations-avoid-common-issues-262040", "row": 84, "column": 49, "tagName": "meta", "time": 20731.715724, "url": "", "pos": 1, "chunkLen": 1, "isStartTag": 1}}
06-28 14:21:04.469 16324 16337 E WProf.db: {"WprofHTMLTag": {"code": "0xb4cc8020", "doc": "http://searchengineland.com/ready-black-friday-2016-3-critical-e-commerce-seo-configurations-avoid-common-issues-262040", "row": 85, "column": 50, "tagName": "meta", "time": 20731.715830, "url": "", "pos": 1, "chunkLen": 1, "isStartTag": 1}}
06-28 14:21:04.469 16324 16337 E WProf.db: {"WprofHTMLTag": {"code": "0xb4cc8050", "doc": "http://searchengineland.com/ready-black-friday-2016-3-critical-e-commerce-seo-configurations-avoid-common-issues-262040", "row": 86, "column": 58, "tagName": "meta", "time": 20731.715940, "url": "", "pos": 1, "chunkLen": 1, "isStartTag": 1}}
06-28 14:21:04.469 16324 16337 E WProf.db: {"WprofHTMLTag": {"code": "0xb4cc8080", "doc": "http://searchengineland.com/ready-black-friday-2016-3-critical-e-commerce-seo-configurations-avoid-common-issues-262040", "row": 87, "column": 168, "tagName": "meta", "time": 20731.716049, "url": "", "pos": 1, "chunkLen": 1, "isStartTag": 1}}
06-28 14:21:04.469 16324 16337 E WProf.db: {"WprofHTMLTag": {"code": "0xb4cc80b0", "doc": "http://searchengineland.com/ready-black-friday-2016-3-critical-e-commerce-seo-configurations-avoid-common-issues-262040", "row": 88, "column": 143, "tagName": "meta", "time": 20731.716158, "url": "", "pos": 1, "chunkLen": 1, "isStartTag": 1}}
06-28 14:21:04.469 16324 16337 E WProf.db: {"WprofHTMLTag": {"code": "0xb4cc80e0", "doc": "http://searchengineland.com/ready-black-friday-2016-3-critical-e-commerce-seo-configurations-avoid-common-issues-262040", "row": 89, "column": 51, "tagName": "meta", "time": 20731.716272, "url": "", "pos": 1, "chunkLen": 1, "isStartTag": 1}}
06-28 14:21:04.469 16324 16337 E WProf.db: {"WprofHTMLTag": {"code": "0xb4cc8110", "doc": "http://searchengineland.com/ready-black-friday-2016-3-critical-e-commerce-seo-configurations-avoid-common-issues-262040", "row": 90, "column": 141, "tagName": "meta", "time": 20731.716389, "url": "", "pos": 1, "chunkLen": 1, "isStartTag": 1}}
06-28 14:21:04.469 16324 16337 E WProf.db: {"WprofHTMLTag": {"code": "0xb4cc8140", "doc": "http://searchengineland.com/ready-black-friday-2016-3-critical-e-commerce-seo-configurations-avoid-common-issues-262040", "row": 91, "column": 49, "tagName": "meta", "time": 20731.716504, "url": "", "pos": 1, "chunkLen": 1, "isStartTag": 1}}
06-28 14:21:04.469 16324 16337 E WProf.db: {"WprofHTMLTag": {"code": "0xb4cc8170", "doc": "http://searchengineland.com/ready-black-friday-2016-3-critical-e-commerce-seo-configurations-avoid-common-issues-262040", "row": 94, "column": 44, "tagName": "link", "time": 20731.716617, "url": "http://s.w.org/", "pos": 1, "chunkLen": 1, "isStartTag": 1}}
06-28 14:21:04.469 16324 16337 E WProf.db: {"WprofHTMLTag": {"code": "0xb4cc81a0", "doc": "http://searchengineland.com/ready-black-friday-2016-3-critical-e-commerce-seo-configurations-avoid-common-issues-262040", "row": 95, "column": 33, "tagName": "script", "time": 20731.716837, "url": "", "pos": 1, "chunkLen": 1, "isStartTag": 1}}
06-28 14:21:04.469 16324 16337 E WProf.db: {"WprofHTMLTag": {"code": "0xb4cc81d0", "doc": "http://searchengineland.com/ready-black-friday-2016-3-critical-e-commerce-seo-configurations-avoid-common-issues-262040", "row": 98, "column": 11, "tagName": "script", "time": 20731.717022, "url": "http://searchengineland.com/figz/wp-includes/js/wp-emoji-release.min.js?ver=4.7.5", "pos": 1, "chunkLen": 1, "isStartTag": 0}}
06-28 14:21:04.469 16324 16337 E WProf.db: {"WprofHTMLTag": {"code": "0x9eb93350", "doc": "http://searchengineland.com/ready-black-friday-2016-3-critical-e-commerce-seo-configurations-avoid-common-issues-262040", "row": 99, "column": 25, "tagName": "style", "time": 20732.299279, "url": "", "pos": 1, "chunkLen": 1, "isStartTag": 1}}
06-28 14:21:04.469 16324 16337 E WProf.db: {"WprofHTMLTag": {"code": "0x9eb93380", "doc": "http://searchengineland.com/ready-black-friday-2016-3-critical-e-commerce-seo-configurations-avoid-common-issues-262040", "row": 112, "column": 8, "tagName": "style", "time": 20732.299458, "url": "", "pos": 1, "chunkLen": 1, "isStartTag": 0}}
06-28 14:21:04.469 16324 16337 E WProf.db: {"WprofHTMLTag": {"code": "0x9eb93530", "doc": "http://searchengineland.com/ready-black-friday-2016-3-critical-e-commerce-seo-configurations-avoid-common-issues-262040", "row": 113, "column": 140, "tagName": "script", "time": 20732.300948, "url": "http://searchengineland.com/figz/wp-content/themes/searchengineland/js/lib/modernizr.custom.js?ver=1.0", "pos": 1, "chunkLen": 1, "isStartTag": 1}}
06-28 14:21:04.470 16324 16337 E WProf.db: {"WprofHTMLTag": {"code": "0x9eb93560", "doc": "http://searchengineland.com/ready-black-friday-2016-3-critical-e-commerce-seo-configurations-avoid-common-issues-262040", "row": 113, "column": 149, "tagName": "script", "time": 20732.301186, "url": "", "pos": 1, "chunkLen": 1, "isStartTag": 0}}
06-28 14:21:04.470 16324 16337 E WProf.db: {"WprofHTMLTag": {"code": "0x9eb935f0", "doc": "http://searchengineland.com/ready-black-friday-2016-3-critical-e-commerce-seo-configurations-avoid-common-issues-262040", "row": 114, "column": 144, "tagName": "script", "time": 20732.307699, "url": "http://searchengineland.com/figz/wp-content/themes/searchengineland/js/lib/jquery-1.11.0.min.js?ver=1.11.0", "pos": 1, "chunkLen": 1, "isStartTag": 1}}
06-28 14:21:04.470 16324 16337 E WProf.db: {"WprofHTMLTag": {"code": "0x9eb93620", "doc": "http://searchengineland.com/ready-black-friday-2016-3-critical-e-commerce-seo-configurations-avoid-common-issues-262040", "row": 114, "column": 153, "tagName": "script", "time": 20732.307949, "url": "", "pos": 1, "chunkLen": 1, "isStartTag": 0}}
06-28 14:21:04.470 16324 16337 E WProf.db: {"WprofHTMLTag": {"code": "0x9eb92d20", "doc": "http://searchengineland.com/ready-black-friday-2016-3-critical-e-commerce-seo-configurations-avoid-common-issues-262040", "row": 0, "column": 15, "tagName": "div", "time": 20732.368125, "url": "", "pos": 15, "chunkLen": 44, "isStartTag": 1}}
06-28 14:21:04.470 16324 16337 E WProf.db: {"WprofHTMLTag": {"code": "0xaa29b8d0", "doc": "http://searchengineland.com/ready-black-friday-2016-3-critical-e-commerce-seo-configurations-avoid-common-issues-262040", "row": 0, "column": 21, "tagName": "div", "time": 20732.368259, "url": "", "pos": 21, "chunkLen": 44, "isStartTag": 0}}
06-28 14:21:04.470 16324 16337 E WProf.db: {"WprofHTMLTag": {"code": "0x9eb92cf0", "doc": "http://searchengineland.com/ready-black-friday-2016-3-critical-e-commerce-seo-configurations-avoid-common-issues-262040", "row": 0, "column": 38, "tagName": "div", "time": 20732.368319, "url": "", "pos": 38, "chunkLen": 44, "isStartTag": 1}}
06-28 14:21:04.470 16324 16337 E WProf.db: {"WprofHTMLTag": {"code": "0x9eb93650", "doc": "http://searchengineland.com/ready-black-friday-2016-3-critical-e-commerce-seo-configurations-avoid-common-issues-262040", "row": 0, "column": 44, "tagName": "div", "time": 20732.368427, "url": "", "pos": 44, "chunkLen": 44, "isStartTag": 0}}
06-28 14:21:04.470 16324 16337 E WProf.db: {"WprofHTMLTag": {"code": "0x9eb93680", "doc": "http://searchengineland.com/ready-black-friday-2016-3-critical-e-commerce-seo-configurations-avoid-common-issues-262040", "row": 0, "column": 13, "tagName": "select", "time": 20732.369782, "url": "", "pos": 13, "chunkLen": 51, "isStartTag": 1}}
06-28 14:21:04.470 16324 16337 E WProf.db: {"WprofHTMLTag": {"code": "0x9eb93770", "doc": "http://searchengineland.com/ready-black-friday-2016-3-critical-e-commerce-seo-configurations-avoid-common-issues-262040", "row": 0, "column": 33, "tagName": "option", "time": 20732.369967, "url": "", "pos": 33, "chunkLen": 51, "isStartTag": 1}}
06-28 14:21:04.470 16324 16337 E WProf.db: {"WprofHTMLTag": {"code": "0x9eb937a0", "doc": "http://searchengineland.com/ready-black-friday-2016-3-critical-e-commerce-seo-configurations-avoid-common-issues-262040", "row": 0, "column": 42, "tagName": "option", "time": 20732.370197, "url": "", "pos": 42, "chunkLen": 51, "isStartTag": 0}}
06-28 14:21:04.470 16324 16337 E WProf.db: {"WprofHTMLTag": {"code": "0x9eb937d0", "doc": "http://searchengineland.com/ready-black-friday-2016-3-critical-e-commerce-seo-configurations-avoid-common-issues-262040", "row": 0, "column": 51, "tagName": "select", "time": 20732.370250, "url": "", "pos": 51, "chunkLen": 51, "isStartTag": 0}}
06-28 14:21:04.470 16324 16337 E WProf.db: {"WprofHTMLTag": {"code": "0x9eb93800", "doc": "http://searchengineland.com/ready-black-friday-2016-3-critical-e-commerce-seo-configurations-avoid-common-issues-262040", "row": 0, "column": 12, "tagName": "a", "time": 20732.374448, "url": "", "pos": 12, "chunkLen": 16, "isStartTag": 1}}
06-28 14:21:04.470 16324 16337 E WProf.db: {"WprofHTMLTag": {"code": "0x9eb93830", "doc": "http://searchengineland.com/ready-black-friday-2016-3-critical-e-commerce-seo-configurations-avoid-common-issues-262040", "row": 0, "column": 16, "tagName": "a", "time": 20732.374594, "url": "", "pos": 16, "chunkLen": 16, "isStartTag": 0}}
06-28 14:21:04.470 16324 16337 E WProf.db: {"WprofHTMLTag": {"code": "0x9eb93860", "doc": "http://searchengineland.com/ready-black-friday-2016-3-critical-e-commerce-seo-configurations-avoid-common-issues-262040", "row": 0, "column": 8, "tagName": "input", "time": 20732.375723, "url": "", "pos": 8, "chunkLen": 8, "isStartTag": 1}}
06-28 14:21:04.471 16324 16337 E WProf.db: {"WprofHTMLTag": {"code": "0x9eb93890", "doc": "http://searchengineland.com/ready-black-friday-2016-3-critical-e-commerce-seo-configurations-avoid-common-issues-262040", "row": 0, "column": 9, "tagName": "link", "time": 20732.384551, "url": "", "pos": 9, "chunkLen": 42, "isStartTag": 1}}
06-28 14:21:04.471 16324 16337 E WProf.db: {"WprofHTMLTag": {"code": "0x9eb938c0", "doc": "http://searchengineland.com/ready-black-friday-2016-3-critical-e-commerce-seo-configurations-avoid-common-issues-262040", "row": 0, "column": 16, "tagName": "table", "time": 20732.384665, "url": "", "pos": 16, "chunkLen": 42, "isStartTag": 1}}
06-28 14:21:04.471 16324 16337 E WProf.db: {"WprofHTMLTag": {"code": "0x9eb938f0", "doc": "http://searchengineland.com/ready-black-friday-2016-3-critical-e-commerce-seo-configurations-avoid-common-issues-262040", "row": 0, "column": 24, "tagName": "table", "time": 20732.384772, "url": "", "pos": 24, "chunkLen": 42, "isStartTag": 0}}
06-28 14:21:04.471 16324 16337 E WProf.db: {"WprofHTMLTag": {"code": "0x9eb93920", "doc": "http://searchengineland.com/ready-black-friday-2016-3-critical-e-commerce-seo-configurations-avoid-common-issues-262040", "row": 0, "column": 37, "tagName": "a", "time": 20732.384837, "url": "", "pos": 37, "chunkLen": 42, "isStartTag": 1}}
06-28 14:21:04.471 16324 16337 E WProf.db: {"WprofHTMLTag": {"code": "0x9eb93950", "doc": "http://searchengineland.com/ready-black-friday-2016-3-critical-e-commerce-seo-configurations-avoid-common-issues-262040", "row": 0, "column": 42, "tagName": "a", "time": 20732.385006, "url": "", "pos": 42, "chunkLen": 42, "isStartTag": 0}}
06-28 14:21:04.471 16324 16337 E WProf.db: {"WprofHTMLTag": {"code": "0x9eb939e0", "doc": "http://searchengineland.com/ready-black-friday-2016-3-critical-e-commerce-seo-configurations-avoid-common-issues-262040", "row": 0, "column": 10, "tagName": "textarea", "time": 20732.386101, "url": "", "pos": 10, "chunkLen": 22, "isStartTag": 1}}
06-28 14:21:04.471 16324 16337 E WProf.db: {"WprofHTMLTag": {"code": "0x9eb93a10", "doc": "http://searchengineland.com/ready-black-friday-2016-3-critical-e-commerce-seo-configurations-avoid-common-issues-262040", "row": 0, "column": 22, "tagName": "textarea", "time": 20732.386283, "url": "", "pos": 22, "chunkLen": 22, "isStartTag": 0}}
06-28 14:21:04.471 16324 16337 E WProf.db: {"WprofHTMLTag": {"code": "0x9eb93a40", "doc": "http://searchengineland.com/ready-black-friday-2016-3-critical-e-commerce-seo-configurations-avoid-common-issues-262040", "row": 0, "column": 48, "tagName": "input", "time": 20732.387345, "url": "", "pos": 48, "chunkLen": 48, "isStartTag": 1}}
06-28 14:21:04.471 16324 16337 E WProf.db: {"WprofHTMLTag": {"code": "0x9eb93aa0", "doc": "http://searchengineland.com/ready-black-friday-2016-3-critical-e-commerce-seo-configurations-avoid-common-issues-262040", "row": 0, "column": 9, "tagName": "link", "time": 20732.391451, "url": "", "pos": 9, "chunkLen": 66, "isStartTag": 1}}
06-28 14:21:04.471 16324 16337 E WProf.db: {"WprofHTMLTag": {"code": "0x9eb93ad0", "doc": "http://searchengineland.com/ready-black-friday-2016-3-critical-e-commerce-seo-configurations-avoid-common-issues-262040", "row": 0, "column": 16, "tagName": "table", "time": 20732.391556, "url": "", "pos": 16, "chunkLen": 66, "isStartTag": 1}}
06-28 14:21:04.471 16324 16337 E WProf.db: {"WprofHTMLTag": {"code": "0x9eb93b00", "doc": "http://searchengineland.com/ready-black-friday-2016-3-critical-e-commerce-seo-configurations-avoid-common-issues-262040", "row": 0, "column": 24, "tagName": "table", "time": 20732.391624, "url": "", "pos": 24, "chunkLen": 66, "isStartTag": 0}}
06-28 14:21:04.471 16324 16337 E WProf.db: {"WprofHTMLTag": {"code": "0x9eb93b30", "doc": "http://searchengineland.com/ready-black-friday-2016-3-critical-e-commerce-seo-configurations-avoid-common-issues-262040", "row": 0, "column": 37, "tagName": "a", "time": 20732.391685, "url": "", "pos": 37, "chunkLen": 66, "isStartTag": 1}}
06-28 14:21:04.471 16324 16337 E WProf.db: {"WprofHTMLTag": {"code": "0x9eb93b60", "doc": "http://searchengineland.com/ready-black-friday-2016-3-critical-e-commerce-seo-configurations-avoid-common-issues-262040", "row": 0, "column": 42, "tagName": "a", "time": 20732.391851, "url": "", "pos": 42, "chunkLen": 66, "isStartTag": 0}}
06-28 14:21:04.472 16324 16337 E WProf.db: {"WprofHTMLTag": {"code": "0x9eb93b90", "doc": "http://searchengineland.com/ready-black-friday-2016-3-critical-e-commerce-seo-configurations-avoid-common-issues-262040", "row": 0, "column": 66, "tagName": "input", "time": 20732.391911, "url": "", "pos": 66, "chunkLen": 66, "isStartTag": 1}}
06-28 14:21:04.472 16324 16337 E WProf.db: {"WprofHTMLTag": {"code": "0x9eb93c20", "doc": "http://searchengineland.com/ready-black-friday-2016-3-critical-e-commerce-seo-configurations-avoid-common-issues-262040", "row": 0, "column": 9, "tagName": "link", "time": 20732.393705, "url": "", "pos": 9, "chunkLen": 66, "isStartTag": 1}}
06-28 14:21:04.472 16324 16337 E WProf.db: {"WprofHTMLTag": {"code": "0x9eb93c50", "doc": "http://searchengineland.com/ready-black-friday-2016-3-critical-e-commerce-seo-configurations-avoid-common-issues-262040", "row": 0, "column": 16, "tagName": "table", "time": 20732.393809, "url": "", "pos": 16, "chunkLen": 66, "isStartTag": 1}}
06-28 14:21:04.472 16324 16337 E WProf.db: {"WprofHTMLTag": {"code": "0x9eb93c80", "doc": "http://searchengineland.com/ready-black-friday-2016-3-critical-e-commerce-seo-configurations-avoid-common-issues-262040", "row": 0, "column": 24, "tagName": "table", "time": 20732.393874, "url": "", "pos": 24, "chunkLen": 66, "isStartTag": 0}}
06-28 14:21:04.472 16324 16337 E WProf.db: {"WprofHTMLTag": {"code": "0x9eb93cb0", "doc": "http://searchengineland.com/ready-black-friday-2016-3-critical-e-commerce-seo-configurations-avoid-common-issues-262040", "row": 0, "column": 37, "tagName": "a", "time": 20732.393933, "url": "", "pos": 37, "chunkLen": 66, "isStartTag": 1}}
