06-28 16:28:55.824 30740 30785 E chromium: [ERROR:gles2_cmd_decoder.cc(3852)] [.ChromiumCompositor-0xacbb2fc0]GL ERROR :GL_INVALID_ENUM : glDiscardFramebufferEXT: attachments was GL_COLOR_EXT
06-28 16:28:55.833 30740 30785 E chromium: [ERROR:gles2_cmd_decoder.cc(3852)] [.ChromiumCompositor-0xacbb2fc0]GL ERROR :GL_INVALID_ENUM : glDiscardFramebufferEXT: attachments was GL_COLOR_EXT
06-28 16:28:55.860 30740 30785 E chromium: [ERROR:gles2_cmd_decoder.cc(3852)] [.ChromiumCompositor-0xacbb2fc0]GL ERROR :GL_INVALID_ENUM : glDiscardFramebufferEXT: attachments was GL_COLOR_EXT
06-28 16:28:55.868 30740 30785 E chromium: [ERROR:gles2_cmd_decoder.cc(3852)] [.ChromiumCompositor-0xacbb2fc0]GL ERROR :GL_INVALID_ENUM : glDiscardFramebufferEXT: attachments was GL_COLOR_EXT
06-28 16:28:55.892 30740 30785 E chromium: [ERROR:gles2_cmd_decoder.cc(3852)] [.ChromiumCompositor-0xacbb2fc0]GL ERROR :GL_INVALID_ENUM : glDiscardFramebufferEXT: attachments was GL_COLOR_EXT
06-28 16:28:55.907 30740 30785 E chromium: [ERROR:gles2_cmd_decoder.cc(3852)] [.ChromiumCompositor-0xacbb2fc0]GL ERROR :GL_INVALID_ENUM : glDiscardFramebufferEXT: attachments was GL_COLOR_EXT
06-28 16:28:55.925 30740 30785 E chromium: [ERROR:gles2_cmd_decoder.cc(3852)] [.ChromiumCompositor-0xacbb2fc0]GL ERROR :GL_INVALID_ENUM : glDiscardFramebufferEXT: attachments was GL_COLOR_EXT
06-28 16:28:55.940 30740 30785 E chromium: [ERROR:gles2_cmd_decoder.cc(3852)] [.ChromiumCompositor-0xacbb2fc0]GL ERROR :GL_INVALID_ENUM : glDiscardFramebufferEXT: attachments was GL_COLOR_EXT
06-28 16:28:55.948 30740 30785 E chromium: [ERROR:gles2_cmd_decoder.cc(3852)] [.ChromiumCompositor-0xacbb2fc0]GL ERROR :GL_INVALID_ENUM : glDiscardFramebufferEXT: attachments was GL_COLOR_EXT
06-28 16:28:55.974 30740 30785 E chromium: [ERROR:gles2_cmd_decoder.cc(3852)] [.ChromiumCompositor-0xacbb2fc0]GL ERROR :GL_INVALID_ENUM : glDiscardFramebufferEXT: attachments was GL_COLOR_EXT
06-28 16:28:55.991 30740 30785 E chromium: [ERROR:gles2_cmd_decoder.cc(3852)] [.ChromiumCompositor-0xacbb2fc0]GL ERROR :GL_INVALID_ENUM : glDiscardFramebufferEXT: attachments was GL_COLOR_EXT
06-28 16:28:56.010 30740 30785 E chromium: [ERROR:gles2_cmd_decoder.cc(3852)] [.ChromiumCompositor-0xacbb2fc0]GL ERROR :GL_INVALID_ENUM : glDiscardFramebufferEXT: attachments was GL_COLOR_EXT
06-28 16:28:56.030 30740 30785 E chromium: [ERROR:gles2_cmd_decoder.cc(3852)] [.ChromiumCompositor-0xacbb2fc0]GL ERROR :GL_INVALID_ENUM : glDiscardFramebufferEXT: attachments was GL_COLOR_EXT
06-28 16:28:56.035 30740 30785 E chromium: [ERROR:gles2_cmd_decoder.cc(3852)] [.ChromiumCompositor-0xacbb2fc0]GL ERROR :GL_INVALID_ENUM : glDiscardFramebufferEXT: attachments was GL_COLOR_EXT
06-28 16:28:56.059 30740 30785 E chromium: [ERROR:gles2_cmd_decoder.cc(3852)] [.ChromiumCompositor-0xacbb2fc0]GL ERROR :GL_INVALID_ENUM : glDiscardFramebufferEXT: attachments was GL_COLOR_EXT
06-28 16:28:56.068 30740 30785 E chromium: [ERROR:gles2_cmd_decoder.cc(3852)] [.ChromiumCompositor-0xacbb2fc0]GL ERROR :GL_INVALID_ENUM : glDiscardFramebufferEXT: attachments was GL_COLOR_EXT
06-28 16:28:56.091 30740 30785 E chromium: [ERROR:gles2_cmd_decoder.cc(3852)] [.ChromiumCompositor-0xacbb2fc0]GL ERROR :GL_INVALID_ENUM : glDiscardFramebufferEXT: attachments was GL_COLOR_EXT
06-28 16:28:56.134 30740 30785 E chromium: [ERROR:gles2_cmd_decoder.cc(3852)] [.ChromiumCompositor-0xacbb2fc0]GL ERROR :GL_INVALID_ENUM : glDiscardFramebufferEXT: attachments was GL_COLOR_EXT
06-28 16:28:56.167 30740 30785 E chromium: [ERROR:gles2_cmd_decoder.cc(3852)] [.ChromiumCompositor-0xacbb2fc0]GL ERROR :GL_INVALID_ENUM : glDiscardFramebufferEXT: attachments was GL_COLOR_EXT
06-28 16:28:56.172 30740 30785 E chromium: [ERROR:gles2_cmd_decoder.cc(3852)] [.ChromiumCompositor-0xacbb2fc0]GL ERROR :GL_INVALID_ENUM : glDiscardFramebufferEXT: attachments was GL_COLOR_EXT
06-28 16:28:56.178 30740 30785 E chromium: [ERROR:gles2_cmd_decoder.cc(3852)] [.ChromiumCompositor-0xacbb2fc0]GL ERROR :GL_INVALID_ENUM : glDiscardFramebufferEXT: attachments was GL_COLOR_EXT
06-28 16:28:56.188 30740 30785 E chromium: [ERROR:gles2_cmd_decoder.cc(3852)] [.ChromiumCompositor-0xacbb2fc0]GL ERROR :GL_INVALID_ENUM : glDiscardFramebufferEXT: attachments was GL_COLOR_EXT
06-28 16:28:56.196 30740 30785 E chromium: [ERROR:gles2_cmd_decoder.cc(3852)] [.ChromiumCompositor-0xacbb2fc0]GL ERROR :GL_INVALID_ENUM : glDiscardFramebufferEXT: attachments was GL_COLOR_EXT
06-28 16:28:56.217 30740 30785 E chromium: [ERROR:gles2_cmd_decoder.cc(3852)] [.ChromiumCompositor-0xacbb2fc0]GL ERROR :GL_INVALID_ENUM : glDiscardFramebufferEXT: attachments was GL_COLOR_EXT
06-28 16:28:56.241 30740 30785 E chromium: [ERROR:gles2_cmd_decoder.cc(3852)] [.ChromiumCompositor-0xacbb2fc0]GL ERROR :GL_INVALID_ENUM : glDiscardFramebufferEXT: attachments was GL_COLOR_EXT
06-28 16:28:56.251 30740 30785 E chromium: [ERROR:gles2_cmd_decoder.cc(3852)] [.ChromiumCompositor-0xacbb2fc0]GL ERROR :GL_INVALID_ENUM : glDiscardFramebufferEXT: attachments was GL_COLOR_EXT
06-28 16:28:56.261 30740 30785 E chromium: [ERROR:gles2_cmd_decoder.cc(3852)] [.ChromiumCompositor-0xacbb2fc0]GL ERROR :GL_INVALID_ENUM : glDiscardFramebufferEXT: attachments was GL_COLOR_EXT
06-28 16:28:56.284 30740 30785 E chromium: [ERROR:gles2_cmd_decoder.cc(3852)] [.ChromiumCompositor-0xacbb2fc0]GL ERROR :GL_INVALID_ENUM : glDiscardFramebufferEXT: attachments was GL_COLOR_EXT
06-28 16:28:56.301 30740 30785 E chromium: [ERROR:gles2_cmd_decoder.cc(3852)] [.ChromiumCompositor-0xacbb2fc0]GL ERROR :GL_INVALID_ENUM : glDiscardFramebufferEXT: attachments was GL_COLOR_EXT
06-28 16:28:56.313 30740 30785 E chromium: [ERROR:gles2_cmd_decoder.cc(3852)] [.ChromiumCompositor-0xacbb2fc0]GL ERROR :GL_INVALID_ENUM : glDiscardFramebufferEXT: attachments was GL_COLOR_EXT
06-28 16:28:56.330 30740 30785 E chromium: [ERROR:gles2_cmd_decoder.cc(3852)] [.ChromiumCompositor-0xacbb2fc0]GL ERROR :GL_INVALID_ENUM : glDiscardFramebufferEXT: attachments was GL_COLOR_EXT
06-28 16:28:56.345 30740 30785 E chromium: [ERROR:gles2_cmd_decoder.cc(3852)] [.ChromiumCompositor-0xacbb2fc0]GL ERROR :GL_INVALID_ENUM : glDiscardFramebufferEXT: attachments was GL_COLOR_EXT
06-28 16:28:56.364 30740 30785 E chromium: [ERROR:gles2_cmd_decoder.cc(3852)] [.ChromiumCompositor-0xacbb2fc0]GL ERROR :GL_INVALID_ENUM : glDiscardFramebufferEXT: attachments was GL_COLOR_EXT
06-28 16:28:56.380 30740 30785 E chromium: [ERROR:gles2_cmd_decoder.cc(3852)] [.ChromiumCompositor-0xacbb2fc0]GL ERROR :GL_INVALID_ENUM : glDiscardFramebufferEXT: attachments was GL_COLOR_EXT
06-28 16:28:56.397 30740 30785 E chromium: [ERROR:gles2_cmd_decoder.cc(3852)] [.ChromiumCompositor-0xacbb2fc0]GL ERROR :GL_INVALID_ENUM : glDiscardFramebufferEXT: attachments was GL_COLOR_EXT
06-28 16:28:56.413 30740 30785 E chromium: [ERROR:gles2_cmd_decoder.cc(3852)] [.ChromiumCompositor-0xacbb2fc0]GL ERROR :GL_INVALID_ENUM : glDiscardFramebufferEXT: attachments was GL_COLOR_EXT
06-28 16:28:56.431 30740 30785 E chromium: [ERROR:gles2_cmd_decoder.cc(3852)] [.ChromiumCompositor-0xacbb2fc0]GL ERROR :GL_INVALID_ENUM : glDiscardFramebufferEXT: attachments was GL_COLOR_EXT
06-28 16:28:56.454 30740 30785 E chromium: [ERROR:gles2_cmd_decoder.cc(3852)] [.ChromiumCompositor-0xacbb2fc0]GL ERROR :GL_INVALID_ENUM : glDiscardFramebufferEXT: attachments was GL_COLOR_EXT
06-28 16:28:56.469 30740 30785 E chromium: [ERROR:gles2_cmd_decoder.cc(3852)] [.ChromiumCompositor-0xacbb2fc0]GL ERROR :GL_INVALID_ENUM : glDiscardFramebufferEXT: attachments was GL_COLOR_EXT
06-28 16:28:56.480 30740 30785 E chromium: [ERROR:gles2_cmd_decoder.cc(3852)] [.ChromiumCompositor-0xacbb2fc0]GL ERROR :GL_INVALID_ENUM : glDiscardFramebufferEXT: attachments was GL_COLOR_EXT
06-28 16:28:56.498 30740 30785 E chromium: [ERROR:gles2_cmd_decoder.cc(3852)] [.ChromiumCompositor-0xacbb2fc0]GL ERROR :GL_INVALID_ENUM : glDiscardFramebufferEXT: attachments was GL_COLOR_EXT
06-28 16:28:56.502 30808 30820 E WPROF   : {"Javascript": {"url": "https://3p.ampproject.net/1498506512561/f.js", "requestTime": 28413.557481}}
06-28 16:28:56.513 30740 30785 E chromium: [ERROR:gles2_cmd_decoder.cc(3852)] [.ChromiumCompositor-0xacbb2fc0]GL ERROR :GL_INVALID_ENUM : glDiscardFramebufferEXT: attachments was GL_COLOR_EXT
06-28 16:28:56.530 30740 30785 E chromium: [ERROR:gles2_cmd_decoder.cc(3852)] [.ChromiumCompositor-0xacbb2fc0]GL ERROR :GL_INVALID_ENUM : glDiscardFramebufferEXT: attachments was GL_COLOR_EXT
06-28 16:28:56.547 30740 30785 E chromium: [ERROR:gles2_cmd_decoder.cc(3852)] [.ChromiumCompositor-0xacbb2fc0]GL ERROR :GL_INVALID_ENUM : glDiscardFramebufferEXT: attachments was GL_COLOR_EXT
06-28 16:28:56.564 30740 30785 E chromium: [ERROR:gles2_cmd_decoder.cc(3852)] [.ChromiumCompositor-0xacbb2fc0]GL ERROR :GL_INVALID_ENUM : glDiscardFramebufferEXT: attachments was GL_COLOR_EXT
06-28 16:28:56.581 30740 30785 E chromium: [ERROR:gles2_cmd_decoder.cc(3852)] [.ChromiumCompositor-0xacbb2fc0]GL ERROR :GL_INVALID_ENUM : glDiscardFramebufferEXT: attachments was GL_COLOR_EXT
06-28 16:28:56.598 30740 30785 E chromium: [ERROR:gles2_cmd_decoder.cc(3852)] [.ChromiumCompositor-0xacbb2fc0]GL ERROR :GL_INVALID_ENUM : glDiscardFramebufferEXT: attachments was GL_COLOR_EXT
06-28 16:28:56.616 30740 30785 E chromium: [ERROR:gles2_cmd_decoder.cc(3852)] [.ChromiumCompositor-0xacbb2fc0]GL ERROR :GL_INVALID_ENUM : glDiscardFramebufferEXT: attachments was GL_COLOR_EXT
06-28 16:28:56.632 30740 30785 E chromium: [ERROR:gles2_cmd_decoder.cc(3852)] [.ChromiumCompositor-0xacbb2fc0]GL ERROR :GL_INVALID_ENUM : glDiscardFramebufferEXT: attachments was GL_COLOR_EXT
06-28 16:28:56.647 30740 30785 E chromium: [ERROR:gles2_cmd_decoder.cc(3852)] [.ChromiumCompositor-0xacbb2fc0]GL ERROR :GL_INVALID_ENUM : glDiscardFramebufferEXT: attachments was GL_COLOR_EXT
06-28 16:28:56.681 30740 30785 E chromium: [ERROR:gles2_cmd_decoder.cc(3852)] [.ChromiumCompositor-0xacbb2fc0]GL ERROR :GL_INVALID_ENUM : glDiscardFramebufferEXT: attachments was GL_COLOR_EXT
06-28 16:28:56.698 30740 30785 E chromium: [ERROR:gles2_cmd_decoder.cc(3852)] [.ChromiumCompositor-0xacbb2fc0]GL ERROR :GL_INVALID_ENUM : glDiscardFramebufferEXT: attachments was GL_COLOR_EXT
06-28 16:28:56.703 30740 30785 E chromium: [ERROR:gles2_cmd_decoder.cc(3852)] [.ChromiumCompositor-0xacbb2fc0]GL ERROR :GL_INVALID_ENUM : glDiscardFramebufferEXT: attachments was GL_COLOR_EXT
06-28 16:28:56.736 30740 30785 E chromium: [ERROR:gles2_cmd_decoder.cc(3852)] [.ChromiumCompositor-0xacbb2fc0]GL ERROR :GL_INVALID_ENUM : glDiscardFramebufferEXT: attachments was GL_COLOR_EXT
06-28 16:28:56.750 30740 30785 E chromium: [ERROR:gles2_cmd_decoder.cc(3852)] [.ChromiumCompositor-0xacbb2fc0]GL ERROR :GL_INVALID_ENUM : glDiscardFramebufferEXT: attachments was GL_COLOR_EXT
06-28 16:28:56.769 30740 30785 E chromium: [ERROR:gles2_cmd_decoder.cc(3852)] [.ChromiumCompositor-0xacbb2fc0]GL ERROR :GL_INVALID_ENUM : glDiscardFramebufferEXT: attachments was GL_COLOR_EXT
06-28 16:28:56.776 30740 30785 E chromium: [ERROR:gles2_cmd_decoder.cc(3852)] [.ChromiumCompositor-0xacbb2fc0]GL ERROR :GL_INVALID_ENUM : glDiscardFramebufferEXT: attachments was GL_COLOR_EXT
06-28 16:28:56.803 30740 30785 E chromium: [ERROR:gles2_cmd_decoder.cc(3852)] [.ChromiumCompositor-0xacbb2fc0]GL ERROR :GL_INVALID_ENUM : glDiscardFramebufferEXT: attachments was GL_COLOR_EXT
06-28 16:28:56.813 30740 30785 E chromium: [ERROR:gles2_cmd_decoder.cc(3852)] [.ChromiumCompositor-0xacbb2fc0]GL ERROR :GL_INVALID_ENUM : glDiscardFramebufferEXT: attachments was GL_COLOR_EXT
06-28 16:28:56.827 30740 30785 E chromium: [ERROR:gles2_cmd_decoder.cc(3852)] [.ChromiumCompositor-0xacbb2fc0]GL ERROR :GL_INVALID_ENUM : glDiscardFramebufferEXT: attachments was GL_COLOR_EXT
06-28 16:28:56.836 30740 30785 E chromium: [ERROR:gles2_cmd_decoder.cc(3852)] [.ChromiumCompositor-0xacbb2fc0]GL ERROR :GL_INVALID_ENUM : glDiscardFramebufferEXT: attachments was GL_COLOR_EXT
06-28 16:28:56.866 30740 30785 E chromium: [ERROR:gles2_cmd_decoder.cc(3852)] [.ChromiumCompositor-0xacbb2fc0]GL ERROR :GL_INVALID_ENUM : glDiscardFramebufferEXT: attachments was GL_COLOR_EXT
06-28 16:28:56.881 30740 30785 E chromium: [ERROR:gles2_cmd_decoder.cc(3852)] [.ChromiumCompositor-0xacbb2fc0]GL ERROR :GL_INVALID_ENUM : glDiscardFramebufferEXT: attachments was GL_COLOR_EXT
06-28 16:28:56.899 30740 30785 E chromium: [ERROR:gles2_cmd_decoder.cc(3852)] [.ChromiumCompositor-0xacbb2fc0]GL ERROR :GL_INVALID_ENUM : glDiscardFramebufferEXT: attachments was GL_COLOR_EXT
06-28 16:28:56.918 30740 30785 E chromium: [ERROR:gles2_cmd_decoder.cc(3852)] [.ChromiumCompositor-0xacbb2fc0]GL ERROR :GL_INVALID_ENUM : glDiscardFramebufferEXT: attachments was GL_COLOR_EXT
06-28 16:28:56.926 30740 30785 E chromium: [ERROR:gles2_cmd_decoder.cc(3852)] [.ChromiumCompositor-0xacbb2fc0]GL ERROR :GL_INVALID_ENUM : glDiscardFramebufferEXT: attachments was GL_COLOR_EXT
06-28 16:28:56.936 30740 30785 E chromium: [ERROR:gles2_cmd_decoder.cc(3852)] [.ChromiumCompositor-0xacbb2fc0]GL ERROR :GL_INVALID_ENUM : glDiscardFramebufferEXT: attachments was GL_COLOR_EXT
06-28 16:28:56.965 30740 30785 E chromium: [ERROR:gles2_cmd_decoder.cc(3852)] [.ChromiumCompositor-0xacbb2fc0]GL ERROR :GL_INVALID_ENUM : glDiscardFramebufferEXT: attachments was GL_COLOR_EXT
06-28 16:28:56.971 30740 30785 E chromium: [ERROR:gles2_cmd_decoder.cc(3852)] [.ChromiumCompositor-0xacbb2fc0]GL ERROR :GL_INVALID_ENUM : glDiscardFramebufferEXT: attachments was GL_COLOR_EXT
06-28 16:28:56.999 30740 30785 E chromium: [ERROR:gles2_cmd_decoder.cc(3852)] [.ChromiumCompositor-0xacbb2fc0]GL ERROR :GL_INVALID_ENUM : glDiscardFramebufferEXT: attachments was GL_COLOR_EXT
06-28 16:28:57.004 30740 30785 E chromium: [ERROR:gles2_cmd_decoder.cc(3852)] [.ChromiumCompositor-0xacbb2fc0]GL ERROR :GL_INVALID_ENUM : glDiscardFramebufferEXT: attachments was GL_COLOR_EXT
06-28 16:28:57.005 30808 30820 E WPROF   : {"Javascript": {"url": "https://securepubads.g.doubleclick.net/static/glade.js", "requestTime": 28414.060871}}
06-28 16:28:57.033 30740 30785 E chromium: [ERROR:gles2_cmd_decoder.cc(3852)] [.ChromiumCompositor-0xacbb2fc0]GL ERROR :GL_INVALID_ENUM : glDiscardFramebufferEXT: attachments was GL_COLOR_EXT
06-28 16:28:57.064 30740 30785 E chromium: [ERROR:gles2_cmd_decoder.cc(3852)] [.ChromiumCompositor-0xacbb2fc0]GL ERROR :GL_INVALID_ENUM : glDiscardFramebufferEXT: attachments was GL_COLOR_EXT
06-28 16:28:57.070 30740 30785 E chromium: [ERROR:gles2_cmd_decoder.cc(3852)] [.ChromiumCompositor-0xacbb2fc0]GL ERROR :GL_INVALID_ENUM : glDiscardFramebufferEXT: attachments was GL_COLOR_EXT
06-28 16:28:57.082 30740 30785 E chromium: [ERROR:gles2_cmd_decoder.cc(3852)] [.ChromiumCompositor-0xacbb2fc0]GL ERROR :GL_INVALID_ENUM : glDiscardFramebufferEXT: attachments was GL_COLOR_EXT
06-28 16:28:57.086 30740 30785 E chromium: [ERROR:gles2_cmd_decoder.cc(3852)] [.ChromiumCompositor-0xacbb2fc0]GL ERROR :GL_INVALID_ENUM : glDiscardFramebufferEXT: attachments was GL_COLOR_EXT
06-28 16:28:57.115 30740 30785 E chromium: [ERROR:gles2_cmd_decoder.cc(3852)] [.ChromiumCompositor-0xacbb2fc0]GL ERROR :GL_INVALID_ENUM : glDiscardFramebufferEXT: attachments was GL_COLOR_EXT
06-28 16:28:57.120 30740 30785 E chromium: [ERROR:gles2_cmd_decoder.cc(3852)] [.ChromiumCompositor-0xacbb2fc0]GL ERROR :GL_INVALID_ENUM : glDiscardFramebufferEXT: attachments was GL_COLOR_EXT
06-28 16:28:57.134 30740 30785 E chromium: [ERROR:gles2_cmd_decoder.cc(3852)] [.ChromiumCompositor-0xacbb2fc0]GL ERROR :GL_INVALID_ENUM : glDiscardFramebufferEXT: attachments was GL_COLOR_EXT
06-28 16:28:57.178 30740 30785 E chromium: [ERROR:gles2_cmd_decoder.cc(3852)] [.ChromiumCompositor-0xacbb2fc0]GL ERROR :GL_INVALID_ENUM : glDiscardFramebufferEXT: attachments was GL_COLOR_EXT
06-28 16:28:57.190 30740 30785 E chromium: [ERROR:gles2_cmd_decoder.cc(3852)] [.ChromiumCompositor-0xacbb2fc0]GL ERROR :GL_INVALID_ENUM : glDiscardFramebufferEXT: attachments was GL_COLOR_EXT
06-28 16:28:57.203 30740 30785 E chromium: [ERROR:gles2_cmd_decoder.cc(3852)] [.ChromiumCompositor-0xacbb2fc0]GL ERROR :GL_INVALID_ENUM : glDiscardFramebufferEXT: attachments was GL_COLOR_EXT
06-28 16:28:57.220 30740 30785 E chromium: [ERROR:gles2_cmd_decoder.cc(3852)] [.ChromiumCompositor-0xacbb2fc0]GL ERROR :GL_INVALID_ENUM : glDiscardFramebufferEXT: attachments was GL_COLOR_EXT
06-28 16:28:57.254 30740 30785 E chromium: [ERROR:gles2_cmd_decoder.cc(3852)] [.ChromiumCompositor-0xacbb2fc0]GL ERROR :GL_INVALID_ENUM : glDiscardFramebufferEXT: attachments was GL_COLOR_EXT
06-28 16:28:57.267 30740 30785 E chromium: [ERROR:gles2_cmd_decoder.cc(3852)] [.ChromiumCompositor-0xacbb2fc0]GL ERROR :GL_INVALID_ENUM : glDiscardFramebufferEXT: attachments was GL_COLOR_EXT
06-28 16:28:57.278 30740 30785 E chromium: [ERROR:gles2_cmd_decoder.cc(3852)] [.ChromiumCompositor-0xacbb2fc0]GL ERROR :GL_INVALID_ENUM : glDiscardFramebufferEXT: attachments was GL_COLOR_EXT
06-28 16:28:57.290 30740 30785 E chromium: [ERROR:gles2_cmd_decoder.cc(3852)] [.ChromiumCompositor-0xacbb2fc0]GL ERROR :GL_INVALID_ENUM : glDiscardFramebufferEXT: attachments was GL_COLOR_EXT
06-28 16:28:57.305 30740 30785 E chromium: [ERROR:gles2_cmd_decoder.cc(3852)] [.ChromiumCompositor-0xacbb2fc0]GL ERROR :GL_INVALID_ENUM : glDiscardFramebufferEXT: attachments was GL_COLOR_EXT
06-28 16:28:57.319 30740 30785 E chromium: [ERROR:gles2_cmd_decoder.cc(3852)] [.ChromiumCompositor-0xacbb2fc0]GL ERROR :GL_INVALID_ENUM : glDiscardFramebufferEXT: attachments was GL_COLOR_EXT
06-28 16:28:57.337 30740 30785 E chromium: [ERROR:gles2_cmd_decoder.cc(3852)] [.ChromiumCompositor-0xacbb2fc0]GL ERROR :GL_INVALID_ENUM : glDiscardFramebufferEXT: attachments was GL_COLOR_EXT
06-28 16:28:57.354 30740 30785 E chromium: [ERROR:gles2_cmd_decoder.cc(3852)] [.ChromiumCompositor-0xacbb2fc0]GL ERROR :GL_INVALID_ENUM : glDiscardFramebufferEXT: attachments was GL_COLOR_EXT
06-28 16:28:57.379 30740 30785 E chromium: [ERROR:gles2_cmd_decoder.cc(3852)] [.ChromiumCompositor-0xacbb2fc0]GL ERROR :GL_INVALID_ENUM : glDiscardFramebufferEXT: attachments was GL_COLOR_EXT
06-28 16:28:57.409 30740 30785 E chromium: [ERROR:gles2_cmd_decoder.cc(3852)] [.ChromiumCompositor-0xacbb2fc0]GL ERROR :GL_INVALID_ENUM : glDiscardFramebufferEXT: attachments was GL_COLOR_EXT
06-28 16:28:57.421 30740 30785 E chromium: [ERROR:gles2_cmd_decoder.cc(3852)] [.ChromiumCompositor-0xacbb2fc0]GL ERROR :GL_INVALID_ENUM : glDiscardFramebufferEXT: attachments was GL_COLOR_EXT
06-28 16:28:57.436 30740 30785 E chromium: [ERROR:gles2_cmd_decoder.cc(3852)] [.ChromiumCompositor-0xacbb2fc0]GL ERROR :GL_INVALID_ENUM : glDiscardFramebufferEXT: attachments was GL_COLOR_EXT
06-28 16:28:57.456 30740 30785 E chromium: [ERROR:gles2_cmd_decoder.cc(3852)] [.ChromiumCompositor-0xacbb2fc0]GL ERROR :GL_INVALID_ENUM : glDiscardFramebufferEXT: attachments was GL_COLOR_EXT
06-28 16:28:57.469 30808 30820 E WPROF   : {"Javascript": {"url": "https://securepubads.g.doubleclick.net/static/glade/extra_25.js", "requestTime": 28414.525105}}
06-28 16:28:57.483 30740 30785 E chromium: [ERROR:gles2_cmd_decoder.cc(3852)] [.ChromiumCompositor-0xacbb2fc0]GL ERROR :GL_INVALID_ENUM : glDiscardFramebufferEXT: attachments was GL_COLOR_EXT
06-28 16:28:57.490 30740 30785 E chromium: [ERROR:gles2_cmd_decoder.cc(3852)] [.ChromiumCompositor-0xacbb2fc0]GL ERROR :GL_INVALID_ENUM : glDiscardFramebufferEXT: attachments was GL_COLOR_EXT
06-28 16:28:57.502 30740 30785 E chromium: [ERROR:gles2_cmd_decoder.cc(3852)] [.ChromiumCompositor-0xacbb2fc0]GL ERROR :GL_INVALID_ENUM : glDiscardFramebufferEXT: attachments was GL_COLOR_EXT
06-28 16:28:57.521 30740 30785 E chromium: [ERROR:gles2_cmd_decoder.cc(3852)] [.ChromiumCompositor-0xacbb2fc0]GL ERROR :GL_INVALID_ENUM : glDiscardFramebufferEXT: attachments was GL_COLOR_EXT
06-28 16:28:57.537 30740 30785 E chromium: [ERROR:gles2_cmd_decoder.cc(3852)] [.ChromiumCompositor-0xacbb2fc0]GL ERROR :GL_INVALID_ENUM : glDiscardFramebufferEXT: attachments was GL_COLOR_EXT
06-28 16:28:57.553 30740 30785 E chromium: [ERROR:gles2_cmd_decoder.cc(3852)] [.ChromiumCompositor-0xacbb2fc0]GL ERROR :GL_INVALID_ENUM : glDiscardFramebufferEXT: attachments was GL_COLOR_EXT
06-28 16:28:57.571 30740 30785 E chromium: [ERROR:gles2_cmd_decoder.cc(3852)] [.ChromiumCompositor-0xacbb2fc0]GL ERROR :GL_INVALID_ENUM : glDiscardFramebufferEXT: attachments was GL_COLOR_EXT
06-28 16:28:57.588 30740 30785 E chromium: [ERROR:gles2_cmd_decoder.cc(3852)] [.ChromiumCompositor-0xacbb2fc0]GL ERROR :GL_INVALID_ENUM : glDiscardFramebufferEXT: attachments was GL_COLOR_EXT
06-28 16:28:57.614 30740 30785 E chromium: [ERROR:gles2_cmd_decoder.cc(3852)] [.ChromiumCompositor-0xacbb2fc0]GL ERROR :GL_INVALID_ENUM : glDiscardFramebufferEXT: attachments was GL_COLOR_EXT
06-28 16:28:57.628 30740 30785 E chromium: [ERROR:gles2_cmd_decoder.cc(3852)] [.ChromiumCompositor-0xacbb2fc0]GL ERROR :GL_INVALID_ENUM : glDiscardFramebufferEXT: attachments was GL_COLOR_EXT
06-28 16:28:57.647 30740 30785 E chromium: [ERROR:gles2_cmd_decoder.cc(3852)] [.ChromiumCompositor-0xacbb2fc0]GL ERROR :GL_INVALID_ENUM : glDiscardFramebufferEXT: attachments was GL_COLOR_EXT
06-28 16:28:57.657 30740 30785 E chromium: [ERROR:gles2_cmd_decoder.cc(3852)] [.ChromiumCompositor-0xacbb2fc0]GL ERROR :GL_INVALID_ENUM : glDiscardFramebufferEXT: attachments was GL_COLOR_EXT
06-28 16:28:57.676 30740 30785 E chromium: [ERROR:gles2_cmd_decoder.cc(3852)] [.ChromiumCompositor-0xacbb2fc0]GL ERROR :GL_INVALID_ENUM : glDiscardFramebufferEXT: attachments was GL_COLOR_EXT
06-28 16:28:57.689 30740 30785 E chromium: [ERROR:gles2_cmd_decoder.cc(3852)] [.ChromiumCompositor-0xacbb2fc0]GL ERROR :GL_INVALID_ENUM : glDiscardFramebufferEXT: attachments was GL_COLOR_EXT
06-28 16:28:57.702 30808 30820 E WPROF   : {"Javascript": {"url": "https://tpc.googlesyndication.com/pagead/js/r20170619/r20110914/client/ext/m_window_focus_non_hydra.js", "requestTime": 28414.757702}}
06-28 16:28:57.705 30740 30785 E chromium: [ERROR:gles2_cmd_decoder.cc(3852)] [.ChromiumCompositor-0xacbb2fc0]GL ERROR :GL_INVALID_ENUM : glDiscardFramebufferEXT: attachments was GL_COLOR_EXT
06-28 16:28:57.705 30808 30820 E WPROF   : {"Javascript": {"url": "https://tpc.googlesyndication.com/pagead/js/r20170619/r20110914/activeview/osd_listener.js", "requestTime": 28414.760903}}
06-28 16:28:57.722 30740 30785 E chromium: [ERROR:gles2_cmd_decoder.cc(3852)] [.ChromiumCompositor-0xacbb2fc0]GL ERROR :GL_INVALID_ENUM : glDiscardFramebufferEXT: attachments was GL_COLOR_EXT
06-28 16:28:57.726 30808 30820 E WPROF   : {"Javascript": {"url": "https://pagead2.googlesyndication.com/pagead/osd.js", "requestTime": 28414.782201}}
06-28 16:28:57.738 30740 30785 E chromium: [ERROR:gles2_cmd_decoder.cc(3852)] [.ChromiumCompositor-0xacbb2fc0]GL ERROR :GL_INVALID_ENUM : glDiscardFramebufferEXT: attachments was GL_COLOR_EXT
06-28 16:28:57.754 30740 30785 E chromium: [ERROR:gles2_cmd_decoder.cc(3852)] [.ChromiumCompositor-0xacbb2fc0]GL ERROR :GL_INVALID_ENUM : glDiscardFramebufferEXT: attachments was GL_COLOR_EXT
06-28 16:28:57.772 30740 30785 E chromium: [ERROR:gles2_cmd_decoder.cc(3852)] [.ChromiumCompositor-0xacbb2fc0]GL ERROR :GL_INVALID_ENUM : glDiscardFramebufferEXT: attachments was GL_COLOR_EXT
06-28 16:28:57.793 30740 30785 E chromium: [ERROR:gles2_cmd_decoder.cc(3852)] [.ChromiumCompositor-0xacbb2fc0]GL ERROR :GL_INVALID_ENUM : glDiscardFramebufferEXT: attachments was GL_COLOR_EXT
06-28 16:28:57.814 30740 30785 E chromium: [ERROR:gles2_cmd_decoder.cc(3852)] [.ChromiumCompositor-0xacbb2fc0]GL ERROR :GL_INVALID_ENUM : glDiscardFramebufferEXT: attachments was GL_COLOR_EXT
06-28 16:28:57.825 30740 30785 E chromium: [ERROR:gles2_cmd_decoder.cc(3852)] [.ChromiumCompositor-0xacbb2fc0]GL ERROR :GL_INVALID_ENUM : glDiscardFramebufferEXT: attachments was GL_COLOR_EXT
06-28 16:28:57.841 30740 30785 E chromium: [ERROR:gles2_cmd_decoder.cc(3852)] [.ChromiumCompositor-0xacbb2fc0]GL ERROR :GL_INVALID_ENUM : glDiscardFramebufferEXT: attachments was GL_COLOR_EXT
06-28 16:28:57.858 30740 30785 E chromium: [ERROR:gles2_cmd_decoder.cc(3852)] [.ChromiumCompositor-0xacbb2fc0]GL ERROR :GL_INVALID_ENUM : glDiscardFramebufferEXT: attachments was GL_COLOR_EXT
06-28 16:28:57.921 30740 30785 E chromium: [ERROR:gles2_cmd_decoder.cc(3852)] [.ChromiumCompositor-0xacbb2fc0]GL ERROR :GL_INVALID_ENUM : glDiscardFramebufferEXT: attachments was GL_COLOR_EXT
06-28 16:28:57.936 30740 30785 E chromium: [ERROR:gles2_cmd_decoder.cc(3852)] [.ChromiumCompositor-0xacbb2fc0]GL ERROR :GL_INVALID_ENUM : glDiscardFramebufferEXT: attachments was GL_COLOR_EXT
06-28 16:28:57.942 30740 30785 E chromium: [ERROR:logger.cc(46)] Too many GL errors, not reporting any more for this context. use --disable-gl-error-limit to see all errors.
06-28 16:28:58.332 30808 30820 E WProf.db: {"page": "d-38701059771903310721.ampproject.net_1498506512561_frame.html"}
06-28 16:28:58.332 30808 30820 E WProf.db: {"DOMLoad": 28415.387601}
06-28 16:28:58.332 30808 30820 E WProf.db: {"Resource": {"id": 31, "url": "https://d-38701059771903310721.ampproject.net/1498506512561/frame.html", "sentTime": -1.000000, "len": 375, "from": "0x0", "mimeType": "text/html", "contentLength": -1, "httpStatus": 200, "connId": 341, "connReused": 0, "cached": 0,"requestTime": 28413.123288, "proxyStart": -1, "proxyEnd": -1, "dnsStart": 0, "dnsEnd": 0, "connectStart": 0, "connectEnd": 263, "sendStart": 263, "sendEnd": 263, "receiveHeadersEnd": 369, "sslStart": 74, "sslEnd": 262}}
06-28 16:28:58.332 30808 30820 E WProf.db: {"ReceivedChunk": {"receivedTime": 28413.497580, "len": 375}}
06-28 16:28:58.332 30808 30820 E WProf.db: {"WprofHTMLTag": {"code": "0x9c8ec450", "doc": "https://d-38701059771903310721.ampproject.net/1498506512561/frame.html", "row": 1, "column": 6, "tagName": "head", "time": 28413.555559, "url": "", "pos": 1, "chunkLen": 1, "isStartTag": 1}}
06-28 16:28:58.332 30808 30820 E WProf.db: {"WprofHTMLTag": {"code": "0x9c8ec420", "doc": "https://d-38701059771903310721.ampproject.net/1498506512561/frame.html", "row": 2, "column": 22, "tagName": "meta", "time": 28413.555711, "url": "", "pos": 1, "chunkLen": 1, "isStartTag": 1}}
06-28 16:28:58.332 30808 30820 E WProf.db: {"WprofHTMLTag": {"code": "0x9df770c0", "doc": "https://d-38701059771903310721.ampproject.net/1498506512561/frame.html", "row": 3, "column": 38, "tagName": "meta", "time": 28413.555854, "url": "", "pos": 1, "chunkLen": 1, "isStartTag": 1}}
06-28 16:28:58.332 30808 30820 E WProf.db: {"WprofHTMLTag": {"code": "0x9df77090", "doc": "https://d-38701059771903310721.ampproject.net/1498506512561/frame.html", "row": 4, "column": 59, "tagName": "script", "time": 28413.556039, "url": "https://3p.ampproject.net/1498506512561/f.js", "pos": 1, "chunkLen": 1, "isStartTag": 1}}
06-28 16:28:58.333 30808 30820 E WProf.db: {"WprofHTMLTag": {"code": "0x9df77240", "doc": "https://d-38701059771903310721.ampproject.net/1498506512561/frame.html", "row": 4, "column": 68, "tagName": "script", "time": 28413.556965, "url": "", "pos": 1, "chunkLen": 1, "isStartTag": 0}}
06-28 16:28:58.333 30808 30820 E WProf.db: {"WprofHTMLTag": {"code": "0x9c8ec4b0", "doc": "https://d-38701059771903310721.ampproject.net/1498506512561/frame.html", "row": 5, "column": 7, "tagName": "head", "time": 28414.044186, "url": "", "pos": 1, "chunkLen": 1, "isStartTag": 0}}
06-28 16:28:58.333 30808 30820 E WProf.db: {"WprofHTMLTag": {"code": "0x9c8ec480", "doc": "https://d-38701059771903310721.ampproject.net/1498506512561/frame.html", "row": 6, "column": 23, "tagName": "body", "time": 28414.044208, "url": "", "pos": 1, "chunkLen": 1, "isStartTag": 1}}
06-28 16:28:58.333 30808 30820 E WProf.db: {"WprofHTMLTag": {"code": "0x9c8ec3f0", "doc": "https://d-38701059771903310721.ampproject.net/1498506512561/frame.html", "row": 7, "column": 69, "tagName": "div", "time": 28414.044363, "url": "", "pos": 1, "chunkLen": 1, "isStartTag": 1}}
06-28 16:28:58.333 30808 30820 E WProf.db: {"WprofHTMLTag": {"code": "0x9c8ec690", "doc": "https://d-38701059771903310721.ampproject.net/1498506512561/frame.html", "row": 8, "column": 10, "tagName": "script", "time": 28414.044506, "url": "", "pos": 1, "chunkLen": 1, "isStartTag": 1}}
06-28 16:28:58.333 30808 30820 E WProf.db: {"WprofHTMLTag": {"code": "0x9c8ec5d0", "doc": "https://d-38701059771903310721.ampproject.net/1498506512561/frame.html", "row": 8, "column": 27, "tagName": "script", "time": 28414.044651, "url": "https://securepubads.g.doubleclick.net/static/glade.js", "pos": 1, "chunkLen": 1, "isStartTag": 0}}
06-28 16:28:58.333 30808 30820 E WProf.db: {"WprofHTMLTag": {"code": "0x9df77450", "doc": "https://d-38701059771903310721.ampproject.net/1498506512561/frame.html", "row": 9, "column": 6, "tagName": "div", "time": 28414.063590, "url": "", "pos": 1, "chunkLen": 1, "isStartTag": 0}}
06-28 16:28:58.333 30808 30820 E WProf.db: {"WprofHTMLTag": {"code": "0x9df77480", "doc": "https://d-38701059771903310721.ampproject.net/1498506512561/frame.html", "row": 10, "column": 8, "tagName": "script", "time": 28414.063624, "url": "", "pos": 1, "chunkLen": 1, "isStartTag": 1}}
06-28 16:28:58.333 30808 30820 E WProf.db: {"WprofHTMLTag": {"code": "0x9c8ec600", "doc": "https://d-38701059771903310721.ampproject.net/1498506512561/frame.html", "row": 10, "column": 67, "tagName": "script", "time": 28414.064059, "url": "", "pos": 1, "chunkLen": 1, "isStartTag": 0}}
06-28 16:28:58.333 30808 30820 E WProf.db: {"WprofHTMLTag": {"code": "0x9df785c0", "doc": "https://d-38701059771903310721.ampproject.net/1498506512561/frame.html", "row": 11, "column": 7, "tagName": "body", "time": 28414.065695, "url": "", "pos": 1, "chunkLen": 1, "isStartTag": 0}}
06-28 16:28:58.334 30808 30820 E WProf.db: {"WprofHTMLTag": {"code": "0x9df789e0", "doc": "https://d-38701059771903310721.ampproject.net/1498506512561/frame.html", "row": 12, "column": 7, "tagName": "html", "time": 28414.065708, "url": "https://securepubads.g.doubleclick.net/static/glade/extra_25.js", "pos": 1, "chunkLen": 1, "isStartTag": 0}}
06-28 16:28:58.334 30808 30820 E WProf.db: {"Resource": {"id": 32, "url": "https://3p.ampproject.net/1498506512561/f.js", "sentTime": -1.000000, "len": 91779, "from": "0x9df77090", "mimeType": "text/javascript", "contentLength": -1, "httpStatus": 200, "connId": 387, "connReused": 0, "cached": 0,"requestTime": 28413.558525, "proxyStart": -1, "proxyEnd": -1, "dnsStart": 6, "dnsEnd": 6, "connectStart": 0, "connectEnd": 275, "sendStart": 275, "sendEnd": 275, "receiveHeadersEnd": 339, "sslStart": 66, "sslEnd": 274}}
06-28 16:28:58.334 30808 30820 E WProf.db: {"ReceivedChunk": {"receivedTime": 28413.903955, "len": 1759}}
06-28 16:28:58.334 30808 30820 E WProf.db: {"ReceivedChunk": {"receivedTime": 28413.908306, "len": 10647}}
06-28 16:28:58.334 30808 30820 E WProf.db: {"ReceivedChunk": {"receivedTime": 28413.911987, "len": 29892}}
06-28 16:28:58.334 30808 30820 E WProf.db: {"ReceivedChunk": {"receivedTime": 28413.913382, "len": 9245}}
06-28 16:28:58.334 30808 30820 E WProf.db: {"ReceivedChunk": {"receivedTime": 28413.914665, "len": 9179}}
06-28 16:28:58.334 30808 30820 E WProf.db: {"ReceivedChunk": {"receivedTime": 28413.915869, "len": 4110}}
06-28 16:28:58.334 30808 30820 E WProf.db: {"ReceivedChunk": {"receivedTime": 28413.956544, "len": 4620}}
06-28 16:28:58.334 30808 30820 E WProf.db: {"ReceivedChunk": {"receivedTime": 28413.958232, "len": 4027}}
06-28 16:28:58.334 30808 30820 E WProf.db: {"ReceivedChunk": {"receivedTime": 28413.961123, "len": 13819}}
06-28 16:28:58.334 30808 30820 E WProf.db: {"ReceivedChunk": {"receivedTime": 28413.962428, "len": 3739}}
06-28 16:28:58.335 30808 30820 E WProf.db: {"ReceivedChunk": {"receivedTime": 28413.963438, "len": 742}}
06-28 16:28:58.335 30808 30820 E WProf.db: {"Resource": {"id": 33, "url": "https://securepubads.g.doubleclick.net/static/glade.js", "sentTime": -1.000000, "len": 19455, "from": "0x9c8ec5d0", "mimeType": "text/javascript", "contentLength": -1, "httpStatus": 200, "connId": 401, "connReused": 0, "cached": 0,"requestTime": 28414.062585, "proxyStart": -1, "proxyEnd": -1, "dnsStart": 15, "dnsEnd": 15, "connectStart": 0, "connectEnd": 256, "sendStart": 256, "sendEnd": 257, "receiveHeadersEnd": 358, "sslStart": 76, "sslEnd": 255}}
06-28 16:28:58.335 30808 30820 E WProf.db: {"ReceivedChunk": {"receivedTime": 28414.428970, "len": 8714}}
06-28 16:28:58.335 30808 30820 E WProf.db: {"ReceivedChunk": {"receivedTime": 28414.432144, "len": 10741}}
06-28 16:28:58.335 30808 30820 E WProf.db: {"Resource": {"id": 34, "url": "https://securepubads.g.doubleclick.net/gampad/ads?gdfp_req=1&glade_req=1&glv=25&output=html&iu=%2F1038259%2FSEL-amp-cube&sz=300x250&sfv=1-0-8&correlator=3993255812268032&eid=108809080&adk=2352184609&biw=412&bih=620&adx=56&ady=349&oid=3&u_sd=3.5&ifi=1&is_amp=1&amp_v=1498506512561&nhd=1&url=http%3A%2F", "sentTime": -1.000000, "len": 20185, "from": "0x9df789e0", "mimeType": "text/html", "contentLength": -1, "httpStatus": 200, "connId": 401, "connReused": 1, "cached": 0,"requestTime": 28414.505693, "proxyStart": -1, "proxyEnd": -1, "dnsStart": -1, "dnsEnd": -1, "connectStart": 0, "connectEnd": 19, "sendStart": 19, "sendEnd": 19, "receiveHeadersEnd": 140, "sslStart": -1, "sslEnd": -1}}
06-28 16:28:58.335 30808 30820 E WProf.db: {"ReceivedChunk": {"receivedTime": 28414.649973, "len": 3985}}
06-28 16:28:58.335 30808 30820 E WProf.db: {"ReceivedChunk": {"receivedTime": 28414.699075, "len": 14662}}
06-28 16:28:58.335 30808 30820 E WProf.db: {"ReceivedChunk": {"receivedTime": 28414.700670, "len": 1538}}
06-28 16:28:58.335 30808 30820 E WProf.db: {"WprofHTMLTag": {"code": "0x9c8ec7e0", "doc": "https://securepubads.g.doubleclick.net/gampad/ads?gdfp_req=1&glade_req=1&glv=25&output=html&iu=%2F1038259%2FSEL-amp-cube&sz=300x250&sfv=1-0-8&correlator=3993255812268032&eid=108809080&adk=2352184609&biw=412&bih=620&adx=56&ady=349&oid=3&u_sd=3.5&ifi=1&is_amp=1&amp_v=1498506512561&nhd=1&url=http%3A%2F", "row": 0, "column": 21, "tagName": "html", "time": 28414.713848, "url": "", "pos": 1, "chunkLen": 1, "isStartTag": 1}}
06-28 16:28:58.335 30808 30820 E WProf.db: {"WprofHTMLTag": {"code": "0x9c8ec6c0", "doc": "https://securepubads.g.doubleclick.net/gampad/ads?gdfp_req=1&glade_req=1&glv=25&output=html&iu=%2F1038259%2FSEL-amp-cube&sz=300x250&sfv=1-0-8&correlator=3993255812268032&eid=108809080&adk=2352184609&biw=412&bih=620&adx=56&ady=349&oid=3&u_sd=3.5&ifi=1&is_amp=1&amp_v=1498506512561&nhd=1&url=http%3A%2F", "row": 0, "column": 27, "tagName": "head", "time": 28414.714047, "url": "", "pos": 1, "chunkLen": 1, "isStartTag": 1}}
06-28 16:28:58.336 30808 30820 E WProf.db: {"WprofHTMLTag": {"code": "0x9c8ec510", "doc": "https://securepubads.g.doubleclick.net/gampad/ads?gdfp_req=1&glade_req=1&glv=25&output=html&iu=%2F1038259%2FSEL-amp-cube&sz=300x250&sfv=1-0-8&correlator=3993255812268032&eid=108809080&adk=2352184609&biw=412&bih=620&adx=56&ady=349&oid=3&u_sd=3.5&ifi=1&is_amp=1&amp_v=1498506512561&nhd=1&url=http%3A%2F", "row": 0, "column": 144, "tagName": "meta", "time": 28414.714090, "url": "", "pos": 1, "chunkLen": 1, "isStartTag": 1}}
06-28 16:28:58.336 30808 30820 E WProf.db: {"WprofHTMLTag": {"code": "0x9c8ec390", "doc": "https://securepubads.g.doubleclick.net/gampad/ads?gdfp_req=1&glade_req=1&glv=25&output=html&iu=%2F1038259%2FSEL-amp-cube&sz=300x250&sfv=1-0-8&correlator=3993255812268032&eid=108809080&adk=2352184609&biw=412&bih=620&adx=56&ady=349&oid=3&u_sd=3.5&ifi=1&is_amp=1&amp_v=1498506512561&nhd=1&url=http%3A%2F", "row": 0, "column": 152, "tagName": "script", "time": 28414.714344, "url": "", "pos": 1, "chunkLen": 1, "isStartTag": 1}}
06-28 16:28:58.336 30808 30820 E WProf.db: {"WprofHTMLTag": {"code": "0x9c8ec570", "doc": "https://securepubads.g.doubleclick.net/gampad/ads?gdfp_req=1&glade_req=1&glv=25&output=html&iu=%2F1038259%2FSEL-amp-cube&sz=300x250&sfv=1-0-8&correlator=3993255812268032&eid=108809080&adk=2352184609&biw=412&bih=620&adx=56&ady=349&oid=3&u_sd=3.5&ifi=1&is_amp=1&amp_v=1498506512561&nhd=1&url=http%3A%2F", "row": 0, "column": 195, "tagName": "script", "time": 28414.714570, "url": "", "pos": 1, "chunkLen": 1, "isStartTag": 0}}
06-28 16:28:58.336 30808 30820 E WProf.db: {"WprofHTMLTag": {"code": "0x9df79100", "doc": "https://securepubads.g.doubleclick.net/gampad/ads?gdfp_req=1&glade_req=1&glv=25&output=html&iu=%2F1038259%2FSEL-amp-cube&sz=300x250&sfv=1-0-8&correlator=3993255812268032&eid=108809080&adk=2352184609&biw=412&bih=620&adx=56&ady=349&oid=3&u_sd=3.5&ifi=1&is_amp=1&amp_v=1498506512561&nhd=1&url=http%3A%2F", "row": 0, "column": 202, "tagName": "style", "time": 28414.715813, "url": "", "pos": 1, "chunkLen": 1, "isStartTag": 1}}
06-28 16:28:58.336 30808 30820 E WProf.db: {"WprofHTMLTag": {"code": "0x9df79220", "doc": "https://securepubads.g.doubleclick.net/gampad/ads?gdfp_req=1&glade_req=1&glv=25&output=html&iu=%2F1038259%2FSEL-amp-cube&sz=300x250&sfv=1-0-8&correlator=3993255812268032&eid=108809080&adk=2352184609&biw=412&bih=620&adx=56&ady=349&oid=3&u_sd=3.5&ifi=1&is_amp=1&amp_v=1498506512561&nhd=1&url=http%3A%2F", "row": 0, "column": 230, "tagName": "style", "time": 28414.716014, "url": "", "pos": 1, "chunkLen": 1, "isStartTag": 0}}
06-28 16:28:58.336 30808 30820 E WProf.db: {"WprofHTMLTag": {"code": "0x9df793d0", "doc": "https://securepubads.g.doubleclick.net/gampad/ads?gdfp_req=1&glade_req=1&glv=25&output=html&iu=%2F1038259%2FSEL-amp-cube&sz=300x250&sfv=1-0-8&correlator=3993255812268032&eid=108809080&adk=2352184609&biw=412&bih=620&adx=56&ady=349&oid=3&u_sd=3.5&ifi=1&is_amp=1&amp_v=1498506512561&nhd=1&url=http%3A%2F", "row": 0, "column": 238, "tagName": "script", "time": 28414.717132, "url": "", "pos": 1, "chunkLen": 1, "isStartTag": 1}}
06-28 16:28:58.336 30808 30820 E WProf.db: {"WprofHTMLTag": {"code": "0x9df79430", "doc": "https://securepubads.g.doubleclick.net/gampad/ads?gdfp_req=1&glade_req=1&glv=25&output=html&iu=%2F1038259%2FSEL-amp-cube&sz=300x250&sfv=1-0-8&correlator=3993255812268032&eid=108809080&adk=2352184609&biw=412&bih=620&adx=56&ady=349&oid=3&u_sd=3.5&ifi=1&is_amp=1&amp_v=1498506512561&nhd=1&url=http%3A%2F", "row": 0, "column": 8856, "tagName": "script", "time": 28414.718514, "url": "", "pos": 1, "chunkLen": 1, "isStartTag": 0}}
06-28 16:28:58.336 30808 30820 E WProf.db: {"WprofHTMLTag": {"code": "0x9df794f0", "doc": "https://securepubads.g.doubleclick.net/gampad/ads?gdfp_req=1&glade_req=1&glv=25&output=html&iu=%2F1038259%2FSEL-amp-cube&sz=300x250&sfv=1-0-8&correlator=3993255812268032&eid=108809080&adk=2352184609&biw=412&bih=620&adx=56&ady=349&oid=3&u_sd=3.5&ifi=1&is_amp=1&amp_v=1498506512561&nhd=1&url=http%3A%2F", "row": 0, "column": 8863, "tagName": "head", "time": 28414.732643, "url": "", "pos": 1, "chunkLen": 1, "isStartTag": 0}}
06-28 16:28:58.336 30808 30820 E WProf.db: {"WprofHTMLTag": {"code": "0x9df79520", "doc": "https://securepubads.g.doubleclick.net/gampad/ads?gdfp_req=1&glade_req=1&glv=25&output=html&iu=%2F1038259%2FSEL-amp-cube&sz=300x250&sfv=1-0-8&correlator=3993255812268032&eid=108809080&adk=2352184609&biw=412&bih=620&adx=56&ady=349&oid=3&u_sd=3.5&ifi=1&is_amp=1&amp_v=1498506512561&nhd=1&url=http%3A%2F", "row": 0, "column": 8977, "tagName": "body", "time": 28414.732674, "url": "", "pos": 1, "chunkLen": 1, "isStartTag": 1}}
06-28 16:28:58.336 30808 30820 E WProf.db: {"WprofHTMLTag": {"code": "0x9df79580", "doc": "https://securepubads.g.doubleclick.net/gampad/ads?gdfp_req=1&glade_req=1&glv=25&output=html&iu=%2F1038259%2FSEL-amp-cube&sz=300x250&sfv=1-0-8&correlator=3993255812268032&eid=108809080&adk=2352184609&biw=412&bih=620&adx=56&ady=349&oid=3&u_sd=3.5&ifi=1&is_amp=1&amp_v=1498506512561&nhd=1&url=http%3A%2F", "row": 0, "column": 9047, "tagName": "div", "time": 28414.733381, "url": "", "pos": 1, "chunkLen": 1, "isStartTag": 1}}
06-28 16:28:58.337 30808 30820 E WProf.db: {"WprofHTMLTag": {"code": "0x9df79460", "doc": "https://securepubads.g.doubleclick.net/gampad/ads?gdfp_req=1&glade_req=1&glv=25&output=html&iu=%2F1038259%2FSEL-amp-cube&sz=300x250&sfv=1-0-8&correlator=3993255812268032&eid=108809080&adk=2352184609&biw=412&bih=620&adx=56&ady=349&oid=3&u_sd=3.5&ifi=1&is_amp=1&amp_v=1498506512561&nhd=1&url=http%3A%2F", "row": 0, "column": 9055, "tagName": "script", "time": 28414.733559, "url": "", "pos": 1, "chunkLen": 1, "isStartTag": 1}}
06-28 16:28:58.337 30808 30820 E WProf.db: {"WprofHTMLTag": {"code": "0x9df795b0", "doc": "https://securepubads.g.doubleclick.net/gampad/ads?gdfp_req=1&glade_req=1&glv=25&output=html&iu=%2F1038259%2FSEL-amp-cube&sz=300x250&sfv=1-0-8&correlator=3993255812268032&eid=108809080&adk=2352184609&biw=412&bih=620&adx=56&ady=349&oid=3&u_sd=3.5&ifi=1&is_amp=1&amp_v=1498506512561&nhd=1&url=http%3A%2F", "row": 0, "column": 9428, "tagName": "script", "time": 28414.733742, "url": "", "pos": 1, "chunkLen": 1, "isStartTag": 0}}
06-28 16:28:58.337 30808 30820 E WProf.db: {"WprofHTMLTag": {"code": "0x9c8ec270", "doc": "https://securepubads.g.doubleclick.net/gampad/ads?gdfp_req=1&glade_req=1&glv=25&output=html&iu=%2F1038259%2FSEL-amp-cube&sz=300x250&sfv=1-0-8&correlator=3993255812268032&eid=108809080&adk=2352184609&biw=412&bih=620&adx=56&ady=349&oid=3&u_sd=3.5&ifi=1&is_amp=1&amp_v=1498506512561&nhd=1&url=http%3A%2F", "row": 0, "column": 10008, "tagName": "a", "time": 28414.751319, "url": "", "pos": 1, "chunkLen": 1, "isStartTag": 1}}
06-28 16:28:58.337 30808 30820 E WProf.db: {"WprofHTMLTag": {"code": "0x9c8ec2d0", "doc": "https://securepubads.g.doubleclick.net/gampad/ads?gdfp_req=1&glade_req=1&glv=25&output=html&iu=%2F1038259%2FSEL-amp-cube&sz=300x250&sfv=1-0-8&correlator=3993255812268032&eid=108809080&adk=2352184609&biw=412&bih=620&adx=56&ady=349&oid=3&u_sd=3.5&ifi=1&is_amp=1&amp_v=1498506512561&nhd=1&url=http%3A%2F", "row": 0, "column": 10142, "tagName": "img", "time": 28414.755400, "url": "", "pos": 1, "chunkLen": 1, "isStartTag": 1}}
06-28 16:28:58.338 30808 30820 E WProf.db: {"WprofHTMLTag": {"code": "0x9c8ec1b0", "doc": "https://securepubads.g.doubleclick.net/gampad/ads?gdfp_req=1&glade_req=1&glv=25&output=html&iu=%2F1038259%2FSEL-amp-cube&sz=300x250&sfv=1-0-8&correlator=3993255812268032&eid=108809080&adk=2352184609&biw=412&bih=620&adx=56&ady=349&oid=3&u_sd=3.5&ifi=1&is_amp=1&amp_v=1498506512561&nhd=1&url=http%3A%2F", "row": 0, "column": 10146, "tagName": "a", "time": 28414.756968, "url": "", "pos": 1, "chunkLen": 1, "isStartTag": 0}}
06-28 16:28:58.338 30808 30820 E WProf.db: {"WprofHTMLTag": {"code": "0x9c8ec090", "doc": "https://securepubads.g.doubleclick.net/gampad/ads?gdfp_req=1&glade_req=1&glv=25&output=html&iu=%2F1038259%2FSEL-amp-cube&sz=300x250&sfv=1-0-8&correlator=3993255812268032&eid=108809080&adk=2352184609&biw=412&bih=620&adx=56&ady=349&oid=3&u_sd=3.5&ifi=1&is_amp=1&amp_v=1498506512561&nhd=1&url=http%3A%2F", "row": 0, "column": 10152, "tagName": "div", "time": 28414.756992, "url": "", "pos": 1, "chunkLen": 1, "isStartTag": 0}}
06-28 16:28:58.338 30808 30820 E WProf.db: {"WprofHTMLTag": {"code": "0x9c8ecc00", "doc": "https://securepubads.g.doubleclick.net/gampad/ads?gdfp_req=1&glade_req=1&glv=25&output=html&iu=%2F1038259%2FSEL-amp-cube&sz=300x250&sfv=1-0-8&correlator=3993255812268032&eid=108809080&adk=2352184609&biw=412&bih=620&adx=56&ady=349&oid=3&u_sd=3.5&ifi=1&is_amp=1&amp_v=1498506512561&nhd=1&url=http%3A%2F", "row": 0, "column": 10275, "tagName": "script", "time": 28414.757012, "url": "https://tpc.googlesyndication.com/pagead/js/r20170619/r20110914/client/ext/m_window_focus_non_hydra.js", "pos": 1, "chunkLen": 1, "isStartTag": 1}}
06-28 16:28:58.338 30808 30820 E WProf.db: {"WprofHTMLTag": {"code": "0x9df795e0", "doc": "https://securepubads.g.doubleclick.net/gampad/ads?gdfp_req=1&glade_req=1&glv=25&output=html&iu=%2F1038259%2FSEL-amp-cube&sz=300x250&sfv=1-0-8&correlator=3993255812268032&eid=108809080&adk=2352184609&biw=412&bih=620&adx=56&ady=349&oid=3&u_sd=3.5&ifi=1&is_amp=1&amp_v=1498506512561&nhd=1&url=http%3A%2F", "row": 0, "column": 10284, "tagName": "script", "time": 28414.757447, "url": "", "pos": 1, "chunkLen": 1, "isStartTag": 0}}
06-28 16:28:58.338 30808 30820 E WProf.db: {"WprofHTMLTag": {"code": "0x9df792e0", "doc": "https://securepubads.g.doubleclick.net/gampad/ads?gdfp_req=1&glade_req=1&glv=25&output=html&iu=%2F1038259%2FSEL-amp-cube&sz=300x250&sfv=1-0-8&correlator=3993255812268032&eid=108809080&adk=2352184609&biw=412&bih=620&adx=56&ady=349&oid=3&u_sd=3.5&ifi=1&is_amp=1&amp_v=1498506512561&nhd=1&url=http%3A%2F", "row": 0, "column": 10292, "tagName": "script", "time": 28414.758190, "url": "", "pos": 1, "chunkLen": 1, "isStartTag": 1}}
06-28 16:28:58.338 30808 30820 E WProf.db: {"WprofHTMLTag": {"code": "0x9df79610", "doc": "https://securepubads.g.doubleclick.net/gampad/ads?gdfp_req=1&glade_req=1&glv=25&output=html&iu=%2F1038259%2FSEL-amp-cube&sz=300x250&sfv=1-0-8&correlator=3993255812268032&eid=108809080&adk=2352184609&biw=412&bih=620&adx=56&ady=349&oid=3&u_sd=3.5&ifi=1&is_amp=1&amp_v=1498506512561&nhd=1&url=http%3A%2F", "row": 0, "column": 10558, "tagName": "script", "time": 28414.758419, "url": "", "pos": 1, "chunkLen": 1, "isStartTag": 0}}
06-28 16:28:58.339 30808 30820 E WProf.db: {"WprofHTMLTag": {"code": "0x9df79640", "doc": "https://securepubads.g.doubleclick.net/gampad/ads?gdfp_req=1&glade_req=1&glv=25&output=html&iu=%2F1038259%2FSEL-amp-cube&sz=300x250&sfv=1-0-8&correlator=3993255812268032&eid=108809080&adk=2352184609&biw=412&bih=620&adx=56&ady=349&oid=3&u_sd=3.5&ifi=1&is_amp=1&amp_v=1498506512561&nhd=1&url=http%3A%2F", "row": 0, "column": 10663, "tagName": "script", "time": 28414.760201, "url": "https://tpc.googlesyndication.com/pagead/js/r20170619/r20110914/activeview/osd_listener.js", "pos": 1, "chunkLen": 1, "isStartTag": 1}}
06-28 16:28:58.339 30808 30820 E WProf.db: {"WprofHTMLTag": {"code": "0x9df79670", "doc": "https://securepubads.g.doubleclick.net/gampad/ads?gdfp_req=1&glade_req=1&glv=25&output=html&iu=%2F1038259%2FSEL-amp-cube&sz=300x250&sfv=1-0-8&correlator=3993255812268032&eid=108809080&adk=2352184609&biw=412&bih=620&adx=56&ady=349&oid=3&u_sd=3.5&ifi=1&is_amp=1&amp_v=1498506512561&nhd=1&url=http%3A%2F", "row": 0, "column": 10672, "tagName": "script", "time": 28414.760632, "url": "https://pagead2.googlesyndication.com/pagead/osd.js", "pos": 1, "chunkLen": 1, "isStartTag": 0}}
06-28 16:28:58.339 30808 30820 E WProf.db: {"WprofHTMLTag": {"code": "0x9c8ecc90", "doc": "https://securepubads.g.doubleclick.net/gampad/ads?gdfp_req=1&glade_req=1&glv=25&output=html&iu=%2F1038259%2FSEL-amp-cube&sz=300x250&sfv=1-0-8&correlator=3993255812268032&eid=108809080&adk=2352184609&biw=412&bih=620&adx=56&ady=349&oid=3&u_sd=3.5&ifi=1&is_amp=1&amp_v=1498506512561&nhd=1&url=http%3A%2F", "row": 0, "column": 10703, "tagName": "script", "time": 28415.326499, "url": "", "pos": 1, "chunkLen": 1, "isStartTag": 1}}
06-28 16:28:58.339 30808 30820 E WProf.db: {"WprofHTMLTag": {"code": "0x9c8ecc60", "doc": "https://securepubads.g.doubleclick.net/gampad/ads?gdfp_req=1&glade_req=1&glv=25&output=html&iu=%2F1038259%2FSEL-amp-cube&sz=300x250&sfv=1-0-8&correlator=3993255812268032&eid=108809080&adk=2352184609&biw=412&bih=620&adx=56&ady=349&oid=3&u_sd=3.5&ifi=1&is_amp=1&amp_v=1498506512561&nhd=1&url=http%3A%2F", "row": 0, "column": 11056, "tagName": "script", "time": 28415.327213, "url": "", "pos": 1, "chunkLen": 1, "isStartTag": 0}}
06-28 16:28:58.339 30808 30820 E WProf.db: {"WprofHTMLTag": {"code": "0x9df79880", "doc": "https://securepubads.g.doubleclick.net/gampad/ads?gdfp_req=1&glade_req=1&glv=25&output=html&iu=%2F1038259%2FSEL-amp-cube&sz=300x250&sfv=1-0-8&correlator=3993255812268032&eid=108809080&adk=2352184609&biw=412&bih=620&adx=56&ady=349&oid=3&u_sd=3.5&ifi=1&is_amp=1&amp_v=1498506512561&nhd=1&url=http%3A%2F", "row": 0, "column": 11064, "tagName": "script", "time": 28415.343205, "url": "", "pos": 1, "chunkLen": 1, "isStartTag": 1}}
06-28 16:28:58.339 30808 30820 E WProf.db: {"WprofHTMLTag": {"code": "0x9df798b0", "doc": "https://securepubads.g.doubleclick.net/gampad/ads?gdfp_req=1&glade_req=1&glv=25&output=html&iu=%2F1038259%2FSEL-amp-cube&sz=300x250&sfv=1-0-8&correlator=3993255812268032&eid=108809080&adk=2352184609&biw=412&bih=620&adx=56&ady=349&oid=3&u_sd=3.5&ifi=1&is_amp=1&amp_v=1498506512561&nhd=1&url=http%3A%2F", "row": 0, "column": 19626, "tagName": "script", "time": 28415.343539, "url": "", "pos": 1, "chunkLen": 1, "isStartTag": 0}}
06-28 16:28:58.339 30808 30820 E WProf.db: {"WprofHTMLTag": {"code": "0x9df798e0", "doc": "https://securepubads.g.doubleclick.net/gampad/ads?gdfp_req=1&glade_req=1&glv=25&output=html&iu=%2F1038259%2FSEL-amp-cube&sz=300x250&sfv=1-0-8&correlator=3993255812268032&eid=108809080&adk=2352184609&biw=412&bih=620&adx=56&ady=349&oid=3&u_sd=3.5&ifi=1&is_amp=1&amp_v=1498506512561&nhd=1&url=http%3A%2F", "row": 0, "column": 19634, "tagName": "script", "time": 28415.353065, "url": "", "pos": 1, "chunkLen": 1, "isStartTag": 1}}
06-28 16:28:58.339 30808 30820 E WProf.db: {"WprofHTMLTag": {"code": "0x9df79910", "doc": "https://securepubads.g.doubleclick.net/gampad/ads?gdfp_req=1&glade_req=1&glv=25&output=html&iu=%2F1038259%2FSEL-amp-cube&sz=300x250&sfv=1-0-8&correlator=3993255812268032&eid=108809080&adk=2352184609&biw=412&bih=620&adx=56&ady=349&oid=3&u_sd=3.5&ifi=1&is_amp=1&amp_v=1498506512561&nhd=1&url=http%3A%2F", "row": 0, "column": 19709, "tagName": "script", "time": 28415.353276, "url": "", "pos": 1, "chunkLen": 1, "isStartTag": 0}}
06-28 16:28:58.339 30808 30820 E WProf.db: {"WprofHTMLTag": {"code": "0x9df79940", "doc": "https://securepubads.g.doubleclick.net/gampad/ads?gdfp_req=1&glade_req=1&glv=25&output=html&iu=%2F1038259%2FSEL-amp-cube&sz=300x250&sfv=1-0-8&correlator=3993255812268032&eid=108809080&adk=2352184609&biw=412&bih=620&adx=56&ady=349&oid=3&u_sd=3.5&ifi=1&is_amp=1&amp_v=1498506512561&nhd=1&url=http%3A%2F", "row": 0, "column": 19717, "tagName": "script", "time": 28415.357556, "url": "", "pos": 1, "chunkLen": 1, "isStartTag": 1}}
