--------- beginning of main
06-28 17:24:11.584  3449  3449 E Finsky  : [1] com.google.android.finsky.wear.bl.a(3): onConnectionFailed: ConnectionResult{statusCode=API_UNAVAILABLE, resolution=null, message=null}
--------- beginning of system
06-28 17:24:12.733 21249 21249 E chromium: [ERROR:shell_integration_android.cc(12)] Not implemented reached in static ShellIntegration::DefaultWebClientSetPermission ShellIntegration::CanSetAsDefaultBrowser()
06-28 17:24:12.739 21249 21249 E chromium: [ERROR:browser_process_impl.cc(720)] Not implemented reached in virtual BackgroundModeManager* BrowserProcessImpl::background_mode_manager()
06-28 17:24:15.479 21249 21295 E chromium: [ERROR:gles2_cmd_decoder.cc(3852)] [.ChromiumCompositor-0xacbb34c0]GL ERROR :GL_INVALID_ENUM : glDiscardFramebufferEXT: attachments was GL_COLOR_EXT
06-28 17:24:15.812 21315 21328 E WPROF   : {"CSS": {"url": "http://searchengineland.com/figz/wp-content/themes/searchengineland/css/searchengineland-bootstrap.css", "requestTime": 31732.867958}}
06-28 17:24:15.814 21315 21328 E WPROF   : {"CSS": {"url": "http://fonts.googleapis.com/css?family=Oswald:300,400,700", "requestTime": 31732.869580}}
06-28 17:24:15.817 21315 21328 E WPROF   : {"CSS": {"url": "http://searchengineland.com/figz/wp-content/themes/searchengineland/style.css", "requestTime": 31732.872418}}
06-28 17:24:15.839 21315 21328 E WPROF   : {"Javascript": {"url": "http://searchengineland.com/figz/wp-content/themes/searchengineland/js/lib/modernizr.custom.js?ver=1.0", "requestTime": 31732.894773}}
06-28 17:24:15.840 21315 21328 E WPROF   : {"Javascript": {"url": "http://searchengineland.com/figz/wp-content/themes/searchengineland/js/lib/jquery-1.11.0.min.js?ver=1.11.0", "requestTime": 31732.895846}}
06-28 17:24:15.841 21315 21328 E WPROF   : {"Javascript": {"url": "http://searchengineland.com/figz/wp-content/themes/searchengineland/js/lib/jquery-ui-1.10.3.custom.min.js?ver=1.10.3", "requestTime": 31732.896944}}
06-28 17:24:15.843 21315 21328 E WPROF   : {"Javascript": {"url": "http://searchengineland.com/figz/wp-content/themes/searchengineland/js/lib/jquery.ba-throttle-debounce.min.js?ver=1.1", "requestTime": 31732.899178}}
06-28 17:24:15.844 21315 21328 E WPROF   : {"Javascript": {"url": "http://searchengineland.com/figz/wp-content/themes/searchengineland/js/lib/jquery.countdown.min.js?ver=2.0.4", "requestTime": 31732.899946}}
06-28 17:24:15.845 21315 21328 E WPROF   : {"Javascript": {"url": "http://static.chartbeat.com/js/chartbeat_mab.js", "requestTime": 31732.900624}}
06-28 17:24:16.446 21315 21328 E WPROF   : {"Javascript": {"url": "http://searchengineland.com/figz/wp-includes/js/wp-emoji-release.min.js?ver=4.7.5", "requestTime": 31733.501428}}
06-28 17:24:17.096 21315 21328 E WPROF   : {"Javascript": {"url": "http://www.googletagservices.com/tag/js/gpt.js", "requestTime": 31734.151609}}
06-28 17:24:17.107 21315 21328 E WPROF   : {"Javascript": {"url": "https://www.google-analytics.com/analytics.js", "requestTime": 31734.163001}}
06-28 17:24:17.118 21315 21328 E WPROF   : {"Javascript": {"url": "http://edge.quantserve.com/quant.js", "requestTime": 31734.174031}}
06-28 17:24:17.127 21315 21328 E WPROF   : {"Javascript": {"url": "https://connect.facebook.net/en_US/fbevents.js", "requestTime": 31734.182259}}
06-28 17:24:17.150 21249 21295 E chromium: [ERROR:gles2_cmd_decoder.cc(3852)] [.ChromiumCompositor-0xacbb34c0]GL ERROR :GL_INVALID_ENUM : glDiscardFramebufferEXT: attachments was GL_COLOR_EXT
06-28 17:24:17.192 21315 21328 E WPROF   : {"Javascript": {"url": "http://app-sj02.marketo.com/js/forms2/js/forms2.min.js", "requestTime": 31734.248056}}
06-28 17:24:17.341 21249 21295 E chromium: [ERROR:gles2_cmd_decoder.cc(3852)] [.ChromiumCompositor-0xacbb34c0]GL ERROR :GL_INVALID_ENUM : glDiscardFramebufferEXT: attachments was GL_COLOR_EXT
06-28 17:24:17.385 21315 21328 E WPROF   : {"Javascript": {"url": "https://connect.facebook.net/signals/config/423979991297359?v=2.7.17", "requestTime": 31734.440390}}
06-28 17:24:17.394 21315 21328 E WPROF   : {"Javascript": {"url": "https://securepubads.g.doubleclick.net/gpt/pubads_impl_121.js", "requestTime": 31734.449274}}
06-28 17:24:17.562 21315 21328 E WPROF   : {"Javascript": {"url": "http://app-sj02.marketo.com/index.php/form/getForm?munchkinId=727-ZQE-044&form=5691&url=http%3A%2F%2Fsearchengineland.com%2Fsearchcap-google-redesign-local-panels-adwords-roadmap-artificial-intelligence-276552&callback=jQuery11020925233653280884_1498638257489&_=1498638257490", "requestTime": 31734.617698}}
06-28 17:24:17.580 21315 21328 E WPROF   : {"Javascript": {"url": "http://app-sj02.marketo.com/index.php/form/getForm?munchkinId=727-ZQE-044&form=5685&url=http%3A%2F%2Fsearchengineland.com%2Fsearchcap-google-redesign-local-panels-adwords-roadmap-artificial-intelligence-276552&callback=jQuery11020925233653280884_1498638257491&_=1498638257492", "requestTime": 31734.636201}}
06-28 17:24:17.832 21315 21328 E WPROF   : {"Javascript": {"url": "http://app-sj02.marketo.com/index.php/form/getForm?munchkinId=727-ZQE-044&form=5673&url=http%3A%2F%2Fsearchengineland.com%2Fsearchcap-google-redesign-local-panels-adwords-roadmap-artificial-intelligence-276552&callback=jQuery11020925233653280884_1498638257493&_=1498638257494", "requestTime": 31734.887227}}
06-28 17:24:17.846 21315 21328 E WPROF   : {"Javascript": {"url": "http://searchengineland.com/js/ga_social_tracking.js", "requestTime": 31734.901832}}
06-28 17:24:17.852 21315 21328 E WPROF   : {"Javascript": {"url": "http://s7.addthis.com/js/300/addthis_widget.js#pubid=ra-53e918f660794f37", "requestTime": 31734.907315}}
06-28 17:24:17.911 21249 21295 E chromium: [ERROR:gles2_cmd_decoder.cc(3852)] [.ChromiumCompositor-0xacbb34c0]GL ERROR :GL_INVALID_ENUM : glDiscardFramebufferEXT: attachments was GL_COLOR_EXT
06-28 17:24:18.273 21249 21295 E chromium: [ERROR:gles2_cmd_decoder.cc(3852)] [.ChromiumCompositor-0xacbb34c0]GL ERROR :GL_INVALID_ENUM : glDiscardFramebufferEXT: attachments was GL_COLOR_EXT
06-28 17:24:18.802 21315 21328 E WPROF   : {"Javascript": {"url": "https://securepubads.g.doubleclick.net/gampad/ads?gdfp_req=1&correlator=1444331426676736&output=json_html&callback=googletag.impl.pubads.callbackProxy1&impl=fifs&json_a=1&eid=108809080%2C108809103%2C108809153&sc=0&sfv=1-0-9&iu_parts=1038259%2Csel-ciu-1%2Csel-ciu-2%2Csel-ciu-3%2Csel-ciu-4%2Csel-ciu-5", "requestTime": 31735.857956}}
06-28 17:24:18.836 21315 21328 E WPROF   : {"CSS": {"url": "http://app-sj02.marketo.com/js/forms2/css/forms2.css", "requestTime": 31735.891818}}
06-28 17:24:18.839 21315 21328 E WPROF   : {"CSS": {"url": "http://app-sj02.marketo.com/js/forms2/css/forms2-theme-simple.css", "requestTime": 31735.894318}}
06-28 17:24:18.881 21315 21328 E WPROF   : {"Javascript": {"url": "https://static.xx.fbcdn.net/rsrc.php/v3iy6L4/yF/l/ko_KR/w3AiswiqjrJ.js", "requestTime": 31735.936545}}
06-28 17:24:19.029 21315 21328 E WPROF   : {"Javascript": {"url": "http://cdn.api.twitter.com/1/users/show.json?screen_name=rustybrick&callback=twttr.setFollowersCount", "requestTime": 31736.084807}}
06-28 17:24:19.111 21249 21295 E chromium: [ERROR:gles2_cmd_decoder.cc(3852)] [.ChromiumCompositor-0xacbb34c0]GL ERROR :GL_INVALID_ENUM : glDiscardFramebufferEXT: attachments was GL_COLOR_EXT
06-28 17:24:19.724 21315 21328 E WPROF   : {"Javascript": {"url": "http://platform.twitter.com/widgets.js", "requestTime": 31736.779604}}
06-28 17:24:19.736 21315 21328 E WPROF   : {"Javascript": {"url": "http://connect.facebook.net/en_US/sdk.js", "requestTime": 31736.791875}}
06-28 17:24:19.739 21315 21328 E WPROF   : {"Javascript": {"url": "https://apis.google.com/js/platform.js", "requestTime": 31736.794739}}
06-28 17:24:19.769 21315 21328 E WPROF   : {"Javascript": {"url": "http://rules.quantcount.com/rules-p-5aGizvD82d9hk.js", "requestTime": 31736.824683}}
06-28 17:24:19.773 21315 21328 E WPROF   : {"Javascript": {"url": "http://munchkin.marketo.net/munchkin.js", "requestTime": 31736.828795}}
06-28 17:24:19.859 21315 21328 E WPROF   : {"CSS": {"url": "https://www.youtube.com/yts/cssbin/www-embed-player-sprite-mode-vfl5G4Xm8.css", "requestTime": 31736.914882}}
06-28 17:24:19.861 21315 21328 E WPROF   : {"Javascript": {"url": "https://www.youtube.com/yts/jsbin/www-embed-player-vfl_UY_j8/www-embed-player.js", "requestTime": 31736.916440}}
06-28 17:24:19.861 21315 21328 E WPROF   : {"Javascript": {"url": "https://www.youtube.com/yts/jsbin/player-vflo1w4O-/ko_KR/base.js", "requestTime": 31736.916859}}
06-28 17:24:19.924 21249 21295 E chromium: [ERROR:gles2_cmd_decoder.cc(3852)] [.ChromiumCompositor-0xacbb34c0]GL ERROR :GL_INVALID_ENUM : glDiscardFramebufferEXT: attachments was GL_COLOR_EXT
06-28 17:24:19.925 21315 21328 E WPROF   : {"Javascript": {"url": "http://d2j3qa5nc37287.cloudfront.net/coupon_code1.js", "requestTime": 31736.980599}}
06-28 17:24:19.933 21315 21328 E WPROF   : {"Javascript": {"url": "http://www.googleadservices.com/pagead/conversion.js", "requestTime": 31736.989078}}
06-28 17:24:19.935 21315 21328 E WPROF   : {"Javascript": {"url": "http://searchengineland.com/figz/wp-content/themes/searchengineland/js/script.js?ver=1.0", "requestTime": 31736.990297}}
06-28 17:24:19.937 21315 21328 E WPROF   : {"Javascript": {"url": "http://searchengineland.com/figz/wp-includes/js/wp-embed.min.js?ver=4.7.5", "requestTime": 31736.992766}}
06-28 17:24:19.940 21315 21328 E WPROF   : {"Javascript": {"url": "http://searchengineland.com/figz/wp-content/themes/searchengineland/js/modules/sharing_controls.js", "requestTime": 31736.995431}}
06-28 17:24:19.965 21249 21295 E chromium: [ERROR:gles2_cmd_decoder.cc(3852)] [.ChromiumCompositor-0xacbb34c0]GL ERROR :GL_INVALID_ENUM : glDiscardFramebufferEXT: attachments was GL_COLOR_EXT
06-28 17:24:20.461 21315 21328 E WPROF   : {"Javascript": {"url": "http://dnn506yrbagrg.cloudfront.net/pages/scripts/0026/4062.js?416288", "requestTime": 31737.516867}}
06-28 17:24:20.471 21249 21295 E chromium: [ERROR:gles2_cmd_decoder.cc(3852)] [.ChromiumCompositor-0xacbb34c0]GL ERROR :GL_INVALID_ENUM : glDiscardFramebufferEXT: attachments was GL_COLOR_EXT
06-28 17:24:21.288 21315 21328 E WPROF   : {"Javascript": {"url": "http://m.addthisedge.com/live/boost/ra-53e918f660794f37/_ate.track.config_resp", "requestTime": 31738.343832}}
06-28 17:24:21.397 21315 21328 E WPROF   : {"Javascript": {"url": "http://m.addthis.com/live/red_lojson/300lo.json?si=595367b30b3685d0&bkl=0&bl=1&pdt=2463&sid=595367b30b3685d0&pub=ra-53e918f660794f37&rev=v7.15.4-wp&ln=ko&pc=men&cb=0&ab=-&dp=searchengineland.com&fp=searchcap-google-redesign-local-panels-adwords-roadmap-artificial-intelligence-276552&fr=&of=0&pd=0&ir", "requestTime": 31738.452883}}
06-28 17:24:21.723 21249 21295 E chromium: [ERROR:gles2_cmd_decoder.cc(3852)] [.ChromiumCompositor-0xacbb34c0]GL ERROR :GL_INVALID_ENUM : glDiscardFramebufferEXT: attachments was GL_COLOR_EXT
06-28 17:24:22.578 21315 21328 E WPROF   : {"Javascript": {"url": "https://www.google.com/js/bg/KWBfAnWFESAEEaKKgdYlTHY9ysQaNoQuzeMFqvxDSM8.js", "requestTime": 31739.633574}}
06-28 17:24:22.581 21315 21328 E WPROF   : {"Javascript": {"url": "https://static.doubleclick.net/instream/ad_status.js", "requestTime": 31739.636828}}
06-28 17:24:23.040 21249 21295 E chromium: [ERROR:gles2_cmd_decoder.cc(3852)] [.ChromiumCompositor-0xacbb34c0]GL ERROR :GL_INVALID_ENUM : glDiscardFramebufferEXT: attachments was GL_COLOR_EXT
06-28 17:24:23.142 21249 21295 E chromium: [ERROR:gles2_cmd_decoder.cc(3852)] [.ChromiumCompositor-0xacbb34c0]GL ERROR :GL_INVALID_ENUM : glDiscardFramebufferEXT: attachments was GL_COLOR_EXT
06-28 17:24:23.882 21249 21295 E chromium: [ERROR:gles2_cmd_decoder.cc(3852)] [.ChromiumCompositor-0xacbb34c0]GL ERROR :GL_INVALID_ENUM : glDiscardFramebufferEXT: attachments was GL_COLOR_EXT
06-28 17:24:23.989 21315 21328 E WPROF   : {"Javascript": {"url": "https://tpc.googlesyndication.com/pagead/js/r20170619/r20110914/client/ext/m_window_focus_non_hydra.js", "requestTime": 31741.045040}}
06-28 17:24:23.991 21315 21328 E WPROF   : {"Javascript": {"url": "https://tpc.googlesyndication.com/pagead/js/r20170619/r20110914/activeview/osd_listener.js", "requestTime": 31741.046803}}
06-28 17:24:23.996 21315 21328 E WPROF   : {"Javascript": {"url": "http://pagead2.googlesyndication.com/pagead/osd.js", "requestTime": 31741.051682}}
06-28 17:24:24.302 21315 21328 E WPROF   : {"Javascript": {"url": "https://platform.twitter.com/js/button.b731e6c82269f70f6fc53634e044a4c6.js", "requestTime": 31741.358061}}
06-28 17:24:24.314 21315 21328 E WPROF   : {"Javascript": {"url": "http://www.justuno.com/ajax/account_version_check.html?id=828FA275-FF73-401E-AA39-40F5A6FAB6B1", "requestTime": 31741.369586}}
06-28 17:24:24.473 21315 21328 E WPROF   : {"Javascript": {"url": "http://munchkin.marketo.net/151/munchkin.js", "requestTime": 31741.528288}}
06-28 17:24:24.531 21315 21328 E WPROF   : {"Javascript": {"url": "http://s7.addthis.com/static/layers.4acb6c577b51939661ec.js", "requestTime": 31741.586394}}
06-28 17:24:24.597 21249 21295 E chromium: [ERROR:gles2_cmd_decoder.cc(3852)] [.ChromiumCompositor-0xacbb34c0]GL ERROR :GL_INVALID_ENUM : glDiscardFramebufferEXT: attachments was GL_COLOR_EXT
06-28 17:24:24.892 21249 21295 E chromium: [ERROR:gles2_cmd_decoder.cc(3852)] [.ChromiumCompositor-0xacbb34c0]GL ERROR :GL_INVALID_ENUM : glDiscardFramebufferEXT: attachments was GL_COLOR_EXT
06-28 17:24:25.036 21249 21295 E chromium: [ERROR:gles2_cmd_decoder.cc(3852)] [.ChromiumCompositor-0xacbb34c0]GL ERROR :GL_INVALID_ENUM : glDiscardFramebufferEXT: attachments was GL_COLOR_EXT
06-28 17:24:25.161 21249 21295 E chromium: [ERROR:gles2_cmd_decoder.cc(3852)] [.ChromiumCompositor-0xacbb34c0]GL ERROR :GL_INVALID_ENUM : glDiscardFramebufferEXT: attachments was GL_COLOR_EXT
06-28 17:24:25.302 21249 21295 E chromium: [ERROR:gles2_cmd_decoder.cc(3852)] [.ChromiumCompositor-0xacbb34c0]GL ERROR :GL_INVALID_ENUM : glDiscardFramebufferEXT: attachments was GL_COLOR_EXT
06-28 17:24:25.348 21315 21328 E WPROF   : {"Javascript": {"url": "https://app-sj02.marketo.com/js/forms2/js/forms2.min.js", "requestTime": 31742.403328}}
06-28 17:24:27.717 21315 21328 E WPROF   : {"Javascript": {"url": "http://cdn.justuno.com/mwgt_3.6.js", "requestTime": 31744.772897}}
06-28 17:24:27.975 21249 21295 E chromium: [ERROR:gles2_cmd_decoder.cc(3852)] [.ChromiumCompositor-0xacbb34c0]GL ERROR :GL_INVALID_ENUM : glDiscardFramebufferEXT: attachments was GL_COLOR_EXT
06-28 17:24:28.511 21249 21295 E chromium: [ERROR:gles2_cmd_decoder.cc(3852)] [.ChromiumCompositor-0xacbb34c0]GL ERROR :GL_INVALID_ENUM : glDiscardFramebufferEXT: attachments was GL_COLOR_EXT
06-28 17:24:29.014 21315 21328 E WProf.db: {"page": "searchengineland.com_searchcap-google-redesign-local-panels-adwords-roadmap-artificial-intelligence-276552"}
06-28 17:24:29.014 21315 21328 E WProf.db: {"DOMLoad": 31746.069394}
06-28 17:24:29.014 21315 21328 E WProf.db: {"Resource": {"id": 1, "url": "http://searchengineland.com/searchcap-google-redesign-local-panels-adwords-roadmap-artificial-intelligence-276552", "sentTime": -1.000000, "len": 98989, "from": "0x0", "mimeType": "text/html", "contentLength": -1, "httpStatus": 200, "connId": 20, "connReused": 1, "cached": 0,"requestTime": 31732.447093, "proxyStart": -1, "proxyEnd": -1, "dnsStart": -1, "dnsEnd": -1, "connectStart": 0, "connectEnd": 74, "sendStart": 74, "sendEnd": 74, "receiveHeadersEnd": 279, "sslStart": -1, "sslEnd": -1}}
06-28 17:24:29.014 21315 21328 E WProf.db: {"ReceivedChunk": {"receivedTime": 31732.744221, "len": 7862}}
06-28 17:24:29.014 21315 21328 E WProf.db: {"ReceivedChunk": {"receivedTime": 31732.857219, "len": 32768}}
06-28 17:24:29.014 21315 21328 E WProf.db: {"ReceivedChunk": {"receivedTime": 31732.857491, "len": 30365}}
06-28 17:24:29.014 21315 21328 E WProf.db: {"ReceivedChunk": {"receivedTime": 31732.930620, "len": 25637}}
06-28 17:24:29.014 21315 21328 E WProf.db: {"ReceivedChunk": {"receivedTime": 31732.933190, "len": 2357}}
06-28 17:24:29.014 21315 21328 E WProf.db: {"WprofHTMLTag": {"code": "0xaf047b80", "doc": "http://searchengineland.com/searchcap-google-redesign-local-panels-adwords-roadmap-artificial-intelligence-276552", "row": 6, "column": 42, "tagName": "html", "time": 31732.861888, "url": "", "pos": 1, "chunkLen": 1, "isStartTag": 1}}
06-28 17:24:29.014 21315 21328 E WProf.db: {"WprofHTMLTag": {"code": "0xaf047d30", "doc": "http://searchengineland.com/searchcap-google-redesign-local-panels-adwords-roadmap-artificial-intelligence-276552", "row": 7, "column": 6, "tagName": "head", "time": 31732.862685, "url": "", "pos": 1, "chunkLen": 1, "isStartTag": 1}}
06-28 17:24:29.015 21315 21328 E WProf.db: {"WprofHTMLTag": {"code": "0xaf047d60", "doc": "http://searchengineland.com/searchcap-google-redesign-local-panels-adwords-roadmap-artificial-intelligence-276552", "row": 8, "column": 54, "tagName": "meta", "time": 31732.862732, "url": "", "pos": 1, "chunkLen": 1, "isStartTag": 1}}
06-28 17:24:29.015 21315 21328 E WProf.db: {"WprofHTMLTag": {"code": "0xaf047d90", "doc": "http://searchengineland.com/searchcap-google-redesign-local-panels-adwords-roadmap-artificial-intelligence-276552", "row": 9, "column": 68, "tagName": "meta", "time": 31732.862891, "url": "", "pos": 1, "chunkLen": 1, "isStartTag": 1}}
06-28 17:24:29.015 21315 21328 E WProf.db: {"WprofHTMLTag": {"code": "0xaf047dc0", "doc": "http://searchengineland.com/searchcap-google-redesign-local-panels-adwords-roadmap-artificial-intelligence-276552", "row": 10, "column": 23, "tagName": "meta", "time": 31732.863010, "url": "", "pos": 1, "chunkLen": 1, "isStartTag": 1}}
06-28 17:24:29.015 21315 21328 E WProf.db: {"WprofHTMLTag": {"code": "0xaf047df0", "doc": "http://searchengineland.com/searchcap-google-redesign-local-panels-adwords-roadmap-artificial-intelligence-276552", "row": 11, "column": 52, "tagName": "meta", "time": 31732.863144, "url": "", "pos": 1, "chunkLen": 1, "isStartTag": 1}}
06-28 17:24:29.015 21315 21328 E WProf.db: {"WprofHTMLTag": {"code": "0xaf047e20", "doc": "http://searchengineland.com/searchcap-google-redesign-local-panels-adwords-roadmap-artificial-intelligence-276552", "row": 14, "column": 56, "tagName": "meta", "time": 31732.863286, "url": "", "pos": 1, "chunkLen": 1, "isStartTag": 1}}
06-28 17:24:29.015 21315 21328 E WProf.db: {"WprofHTMLTag": {"code": "0xaf047e50", "doc": "http://searchengineland.com/searchcap-google-redesign-local-panels-adwords-roadmap-artificial-intelligence-276552", "row": 15, "column": 83, "tagName": "meta", "time": 31732.863404, "url": "", "pos": 1, "chunkLen": 1, "isStartTag": 1}}
06-28 17:24:29.015 21315 21328 E WProf.db: {"WprofHTMLTag": {"code": "0xaf047e80", "doc": "http://searchengineland.com/searchcap-google-redesign-local-panels-adwords-roadmap-artificial-intelligence-276552", "row": 16, "column": 57, "tagName": "meta", "time": 31732.863518, "url": "", "pos": 1, "chunkLen": 1, "isStartTag": 1}}
06-28 17:24:29.015 21315 21328 E WProf.db: {"WprofHTMLTag": {"code": "0xaf047f10", "doc": "http://searchengineland.com/searchcap-google-redesign-local-panels-adwords-roadmap-artificial-intelligence-276552", "row": 17, "column": 41, "tagName": "meta", "time": 31732.863645, "url": "", "pos": 1, "chunkLen": 1, "isStartTag": 1}}
06-28 17:24:29.016 21315 21328 E WProf.db: {"WprofHTMLTag": {"code": "0xaf047f40", "doc": "http://searchengineland.com/searchcap-google-redesign-local-panels-adwords-roadmap-artificial-intelligence-276552", "row": 18, "column": 50, "tagName": "meta", "time": 31732.863760, "url": "", "pos": 1, "chunkLen": 1, "isStartTag": 1}}
06-28 17:24:29.016 21315 21328 E WProf.db: {"WprofHTMLTag": {"code": "0xaf047f70", "doc": "http://searchengineland.com/searchcap-google-redesign-local-panels-adwords-roadmap-artificial-intelligence-276552", "row": 19, "column": 174, "tagName": "meta", "time": 31732.863876, "url": "", "pos": 1, "chunkLen": 1, "isStartTag": 1}}
06-28 17:24:29.016 21315 21328 E WProf.db: {"WprofHTMLTag": {"code": "0xaf047ee0", "doc": "http://searchengineland.com/searchcap-google-redesign-local-panels-adwords-roadmap-artificial-intelligence-276552", "row": 20, "column": 47, "tagName": "meta", "time": 31732.863999, "url": "", "pos": 1, "chunkLen": 1, "isStartTag": 1}}
06-28 17:24:29.016 21315 21328 E WProf.db: {"WprofHTMLTag": {"code": "0xaf047eb0", "doc": "http://searchengineland.com/searchcap-google-redesign-local-panels-adwords-roadmap-artificial-intelligence-276552", "row": 21, "column": 67, "tagName": "meta", "time": 31732.864111, "url": "", "pos": 1, "chunkLen": 1, "isStartTag": 1}}
06-28 17:24:29.016 21315 21328 E WProf.db: {"WprofHTMLTag": {"code": "0xaf047fa0", "doc": "http://searchengineland.com/searchcap-google-redesign-local-panels-adwords-roadmap-artificial-intelligence-276552", "row": 22, "column": 57, "tagName": "meta", "time": 31732.864229, "url": "", "pos": 1, "chunkLen": 1, "isStartTag": 1}}
06-28 17:24:29.016 21315 21328 E WProf.db: {"WprofHTMLTag": {"code": "0xaf047fd0", "doc": "http://searchengineland.com/searchcap-google-redesign-local-panels-adwords-roadmap-artificial-intelligence-276552", "row": 23, "column": 65, "tagName": "meta", "time": 31732.864347, "url": "", "pos": 1, "chunkLen": 1, "isStartTag": 1}}
06-28 17:24:29.016 21315 21328 E WProf.db: {"WprofHTMLTag": {"code": "0xb4cc74b0", "doc": "http://searchengineland.com/searchcap-google-redesign-local-panels-adwords-roadmap-artificial-intelligence-276552", "row": 24, "column": 55, "tagName": "meta", "time": 31732.864458, "url": "", "pos": 1, "chunkLen": 1, "isStartTag": 1}}
06-28 17:24:29.016 21315 21328 E WProf.db: {"WprofHTMLTag": {"code": "0xb4cc7540", "doc": "http://searchengineland.com/searchcap-google-redesign-local-panels-adwords-roadmap-artificial-intelligence-276552", "row": 25, "column": 71, "tagName": "meta", "time": 31732.864579, "url": "", "pos": 1, "chunkLen": 1, "isStartTag": 1}}
06-28 17:24:29.016 21315 21328 E WProf.db: {"WprofHTMLTag": {"code": "0xb4cc78a0", "doc": "http://searchengineland.com/searchcap-google-redesign-local-panels-adwords-roadmap-artificial-intelligence-276552", "row": 26, "column": 86, "tagName": "meta", "time": 31732.864693, "url": "", "pos": 1, "chunkLen": 1, "isStartTag": 1}}
06-28 17:24:29.016 21315 21328 E WProf.db: {"WprofHTMLTag": {"code": "0xb4cc78d0", "doc": "http://searchengineland.com/searchcap-google-redesign-local-panels-adwords-roadmap-artificial-intelligence-276552", "row": 27, "column": 54, "tagName": "meta", "time": 31732.864808, "url": "", "pos": 1, "chunkLen": 1, "isStartTag": 1}}
06-28 17:24:29.016 21315 21328 E WProf.db: {"WprofHTMLTag": {"code": "0xb4cc7900", "doc": "http://searchengineland.com/searchcap-google-redesign-local-panels-adwords-roadmap-artificial-intelligence-276552", "row": 29, "column": 39, "tagName": "meta", "time": 31732.864927, "url": "", "pos": 1, "chunkLen": 1, "isStartTag": 1}}
06-28 17:24:29.016 21315 21328 E WProf.db: {"WprofHTMLTag": {"code": "0xb4cc7930", "doc": "http://searchengineland.com/searchcap-google-redesign-local-panels-adwords-roadmap-artificial-intelligence-276552", "row": 30, "column": 151, "tagName": "meta", "time": 31732.865052, "url": "", "pos": 1, "chunkLen": 1, "isStartTag": 1}}
06-28 17:24:29.016 21315 21328 E WProf.db: {"WprofHTMLTag": {"code": "0xb4cc7960", "doc": "http://searchengineland.com/searchcap-google-redesign-local-panels-adwords-roadmap-artificial-intelligence-276552", "row": 31, "column": 55, "tagName": "meta", "time": 31732.865173, "url": "", "pos": 1, "chunkLen": 1, "isStartTag": 1}}
06-28 17:24:29.017 21315 21328 E WProf.db: {"WprofHTMLTag": {"code": "0xb4cc7990", "doc": "http://searchengineland.com/searchcap-google-redesign-local-panels-adwords-roadmap-artificial-intelligence-276552", "row": 32, "column": 54, "tagName": "meta", "time": 31732.865286, "url": "", "pos": 1, "chunkLen": 1, "isStartTag": 1}}
06-28 17:24:29.017 21315 21328 E WProf.db: {"WprofHTMLTag": {"code": "0xb4cc79c0", "doc": "http://searchengineland.com/searchcap-google-redesign-local-panels-adwords-roadmap-artificial-intelligence-276552", "row": 33, "column": 133, "tagName": "meta", "time": 31732.865408, "url": "", "pos": 1, "chunkLen": 1, "isStartTag": 1}}
06-28 17:24:29.017 21315 21328 E WProf.db: {"WprofHTMLTag": {"code": "0xb4cc79f0", "doc": "http://searchengineland.com/searchcap-google-redesign-local-panels-adwords-roadmap-artificial-intelligence-276552", "row": 37, "column": 36, "tagName": "script", "time": 31732.865530, "url": "", "pos": 1, "chunkLen": 1, "isStartTag": 1}}
06-28 17:24:29.017 21315 21328 E WProf.db: {"WprofHTMLTag": {"code": "0xb4cc7a20", "doc": "http://searchengineland.com/searchcap-google-redesign-local-panels-adwords-roadmap-artificial-intelligence-276552", "row": 53, "column": 10, "tagName": "script", "time": 31732.865825, "url": "", "pos": 1, "chunkLen": 1, "isStartTag": 0}}
06-28 17:24:29.017 21315 21328 E WProf.db: {"WprofHTMLTag": {"code": "0xaf047bb0", "doc": "http://searchengineland.com/searchcap-google-redesign-local-panels-adwords-roadmap-artificial-intelligence-276552", "row": 55, "column": 86, "tagName": "link", "time": 31732.866447, "url": "http://searchengineland.com/apple-touch-icon.png", "pos": 1, "chunkLen": 1, "isStartTag": 1}}
06-28 17:24:29.017 21315 21328 E WProf.db: {"WprofHTMLTag": {"code": "0xb4cc7a50", "doc": "http://searchengineland.com/searchcap-google-redesign-local-panels-adwords-roadmap-artificial-intelligence-276552", "row": 56, "column": 76, "tagName": "link", "time": 31732.866775, "url": "http://searchengineland.com/favicon.ico", "pos": 1, "chunkLen": 1, "isStartTag": 1}}
06-28 17:24:29.017 21315 21328 E WProf.db: {"WprofHTMLTag": {"code": "0xb4cc7a80", "doc": "http://searchengineland.com/searchcap-google-redesign-local-panels-adwords-roadmap-artificial-intelligence-276552", "row": 57, "column": 158, "tagName": "link", "time": 31732.867006, "url": "http://feeds.searchengineland.com/searchengineland", "pos": 1, "chunkLen": 1, "isStartTag": 1}}
06-28 17:24:29.017 21315 21328 E WProf.db: {"WprofHTMLTag": {"code": "0xb4cc7ab0", "doc": "http://searchengineland.com/searchcap-google-redesign-local-panels-adwords-roadmap-artificial-intelligence-276552", "row": 58, "column": 149, "tagName": "link", "time": 31732.867304, "url": "http://feeds.searchengineland.com/searchcap", "pos": 1, "chunkLen": 1, "isStartTag": 1}}
06-28 17:24:29.017 21315 21328 E WProf.db: {"WprofHTMLTag": {"code": "0xb4cc7ae0", "doc": "http://searchengineland.com/searchcap-google-redesign-local-panels-adwords-roadmap-artificial-intelligence-276552", "row": 59, "column": 150, "tagName": "link", "time": 31732.867624, "url": "http://searchengineland.com/figz/wp-content/themes/searchengineland/css/searchengineland-bootstrap.css", "pos": 1, "chunkLen": 1, "isStartTag": 1}}
06-28 17:24:29.017 21315 21328 E WProf.db: {"WprofHTMLTag": {"code": "0xb4cc7b40", "doc": "http://searchengineland.com/searchcap-google-redesign-local-panels-adwords-roadmap-artificial-intelligence-276552", "row": 60, "column": 105, "tagName": "link", "time": 31732.869223, "url": "http://fonts.googleapis.com/css?family=Oswald:300,400,700", "pos": 1, "chunkLen": 1, "isStartTag": 1}}
06-28 17:24:29.017 21315 21328 E WProf.db: {"WprofHTMLTag": {"code": "0xb4cc7ba0", "doc": "http://searchengineland.com/searchcap-google-redesign-local-panels-adwords-roadmap-artificial-intelligence-276552", "row": 61, "column": 125, "tagName": "link", "time": 31732.870848, "url": "http://searchengineland.com/figz/wp-content/themes/searchengineland/style.css", "pos": 1, "chunkLen": 1, "isStartTag": 1}}
06-28 17:24:29.017 21315 21328 E WProf.db: {"WprofHTMLTag": {"code": "0xb4cc7c00", "doc": "http://searchengineland.com/searchcap-google-redesign-local-panels-adwords-roadmap-artificial-intelligence-276552", "row": 65, "column": 7, "tagName": "title", "time": 31732.873620, "url": "", "pos": 1, "chunkLen": 1, "isStartTag": 1}}
06-28 17:24:29.018 21315 21328 E WProf.db: {"WprofHTMLTag": {"code": "0xb4cc7c30", "doc": "http://searchengineland.com/searchcap-google-redesign-local-panels-adwords-roadmap-artificial-intelligence-276552", "row": 65, "column": 101, "tagName": "title", "time": 31732.874041, "url": "", "pos": 1, "chunkLen": 1, "isStartTag": 0}}
06-28 17:24:29.018 21315 21328 E WProf.db: {"WprofHTMLTag": {"code": "0xb4cc7c60", "doc": "http://searchengineland.com/searchcap-google-redesign-local-panels-adwords-roadmap-artificial-intelligence-276552", "row": 66, "column": 148, "tagName": "meta", "time": 31732.874130, "url": "", "pos": 1, "chunkLen": 1, "isStartTag": 1}}
06-28 17:24:29.018 21315 21328 E WProf.db: {"WprofHTMLTag": {"code": "0xb4cc7c90", "doc": "http://searchengineland.com/searchcap-google-redesign-local-panels-adwords-roadmap-artificial-intelligence-276552", "row": 67, "column": 40, "tagName": "meta", "time": 31732.874740, "url": "", "pos": 1, "chunkLen": 1, "isStartTag": 1}}
06-28 17:24:29.018 21315 21328 E WProf.db: {"WprofHTMLTag": {"code": "0xb4cc7cc0", "doc": "http://searchengineland.com/searchcap-google-redesign-local-panels-adwords-roadmap-artificial-intelligence-276552", "row": 68, "column": 155, "tagName": "meta", "time": 31732.875315, "url": "", "pos": 1, "chunkLen": 1, "isStartTag": 1}}
06-28 17:24:29.018 21315 21328 E WProf.db: {"WprofHTMLTag": {"code": "0xb4cc7cf0", "doc": "http://searchengineland.com/searchcap-google-redesign-local-panels-adwords-roadmap-artificial-intelligence-276552", "row": 69, "column": 37, "tagName": "meta", "time": 31732.875878, "url": "", "pos": 1, "chunkLen": 1, "isStartTag": 1}}
06-28 17:24:29.018 21315 21328 E WProf.db: {"WprofHTMLTag": {"code": "0xb4cc7d20", "doc": "http://searchengineland.com/searchcap-google-redesign-local-panels-adwords-roadmap-artificial-intelligence-276552", "row": 70, "column": 145, "tagName": "link", "time": 31732.876407, "url": "http://searchengineland.com/searchcap-google-redesign-local-panels-adwords-roadmap-artificial-intelligence-276552", "pos": 1, "chunkLen": 1, "isStartTag": 1}}
06-28 17:24:29.018 21315 21328 E WProf.db: {"WprofHTMLTag": {"code": "0xb4cc7d50", "doc": "http://searchengineland.com/searchcap-google-redesign-local-panels-adwords-roadmap-artificial-intelligence-276552", "row": 71, "column": 76, "tagName": "link", "time": 31732.877492, "url": "https://plus.google.com/103218677032751327334", "pos": 1, "chunkLen": 1, "isStartTag": 1}}
06-28 17:24:29.018 21315 21328 E WProf.db: {"WprofHTMLTag": {"code": "0xb4cc7d80", "doc": "http://searchengineland.com/searchcap-google-redesign-local-panels-adwords-roadmap-artificial-intelligence-276552", "row": 72, "column": 45, "tagName": "meta", "time": 31732.878476, "url": "", "pos": 1, "chunkLen": 1, "isStartTag": 1}}
06-28 17:24:29.018 21315 21328 E WProf.db: {"WprofHTMLTag": {"code": "0xb4cc7db0", "doc": "http://searchengineland.com/searchcap-google-redesign-local-panels-adwords-roadmap-artificial-intelligence-276552", "row": 73, "column": 45, "tagName": "meta", "time": 31732.879049, "url": "", "pos": 1, "chunkLen": 1, "isStartTag": 1}}
06-28 17:24:29.018 21315 21328 E WProf.db: {"WprofHTMLTag": {"code": "0xb4cc7de0", "doc": "http://searchengineland.com/searchcap-google-redesign-local-panels-adwords-roadmap-artificial-intelligence-276552", "row": 74, "column": 125, "tagName": "meta", "time": 31732.879567, "url": "", "pos": 1, "chunkLen": 1, "isStartTag": 1}}
06-28 17:24:29.018 21315 21328 E WProf.db: {"WprofHTMLTag": {"code": "0xb4cc7e10", "doc": "http://searchengineland.com/searchcap-google-redesign-local-panels-adwords-roadmap-artificial-intelligence-276552", "row": 75, "column": 156, "tagName": "meta", "time": 31732.880236, "url": "", "pos": 1, "chunkLen": 1, "isStartTag": 1}}
06-28 17:24:29.018 21315 21328 E WProf.db: {"WprofHTMLTag": {"code": "0xb4cc7e40", "doc": "http://searchengineland.com/searchcap-google-redesign-local-panels-adwords-roadmap-artificial-intelligence-276552", "row": 76, "column": 150, "tagName": "meta", "time": 31732.880887, "url": "", "pos": 1, "chunkLen": 1, "isStartTag": 1}}
06-28 17:24:29.019 21315 21328 E WProf.db: {"WprofHTMLTag": {"code": "0xb4cc7e70", "doc": "http://searchengineland.com/searchcap-google-redesign-local-panels-adwords-roadmap-artificial-intelligence-276552", "row": 77, "column": 61, "tagName": "meta", "time": 31732.881530, "url": "", "pos": 1, "chunkLen": 1, "isStartTag": 1}}
06-28 17:24:29.019 21315 21328 E WProf.db: {"WprofHTMLTag": {"code": "0xb4cc7ea0", "doc": "http://searchengineland.com/searchcap-google-redesign-local-panels-adwords-roadmap-artificial-intelligence-276552", "row": 78, "column": 89, "tagName": "meta", "time": 31732.884759, "url": "", "pos": 1, "chunkLen": 1, "isStartTag": 1}}
06-28 17:24:29.019 21315 21328 E WProf.db: {"WprofHTMLTag": {"code": "0xb4cc7ed0", "doc": "http://searchengineland.com/searchcap-google-redesign-local-panels-adwords-roadmap-artificial-intelligence-276552", "row": 79, "column": 63, "tagName": "meta", "time": 31732.885394, "url": "", "pos": 1, "chunkLen": 1, "isStartTag": 1}}
06-28 17:24:29.019 21315 21328 E WProf.db: {"WprofHTMLTag": {"code": "0xb4cc7f00", "doc": "http://searchengineland.com/searchcap-google-redesign-local-panels-adwords-roadmap-artificial-intelligence-276552", "row": 80, "column": 78, "tagName": "meta", "time": 31732.885951, "url": "", "pos": 1, "chunkLen": 1, "isStartTag": 1}}
06-28 17:24:29.019 21315 21328 E WProf.db: {"WprofHTMLTag": {"code": "0xb4cc7f30", "doc": "http://searchengineland.com/searchcap-google-redesign-local-panels-adwords-roadmap-artificial-intelligence-276552", "row": 81, "column": 77, "tagName": "meta", "time": 31732.886466, "url": "", "pos": 1, "chunkLen": 1, "isStartTag": 1}}
06-28 17:24:29.019 21315 21328 E WProf.db: {"WprofHTMLTag": {"code": "0xb4cc7f60", "doc": "http://searchengineland.com/searchcap-google-redesign-local-panels-adwords-roadmap-artificial-intelligence-276552", "row": 82, "column": 71, "tagName": "meta", "time": 31732.887005, "url": "", "pos": 1, "chunkLen": 1, "isStartTag": 1}}
06-28 17:24:29.019 21315 21328 E WProf.db: {"WprofHTMLTag": {"code": "0xb4cc7f90", "doc": "http://searchengineland.com/searchcap-google-redesign-local-panels-adwords-roadmap-artificial-intelligence-276552", "row": 83, "column": 127, "tagName": "meta", "time": 31732.887566, "url": "", "pos": 1, "chunkLen": 1, "isStartTag": 1}}
06-28 17:24:29.019 21315 21328 E WProf.db: {"WprofHTMLTag": {"code": "0xb4cc7fc0", "doc": "http://searchengineland.com/searchcap-google-redesign-local-panels-adwords-roadmap-artificial-intelligence-276552", "row": 84, "column": 49, "tagName": "meta", "time": 31732.888139, "url": "", "pos": 1, "chunkLen": 1, "isStartTag": 1}}
06-28 17:24:29.019 21315 21328 E WProf.db: {"WprofHTMLTag": {"code": "0xb4cc7ff0", "doc": "http://searchengineland.com/searchcap-google-redesign-local-panels-adwords-roadmap-artificial-intelligence-276552", "row": 85, "column": 50, "tagName": "meta", "time": 31732.888760, "url": "", "pos": 1, "chunkLen": 1, "isStartTag": 1}}
06-28 17:24:29.019 21315 21328 E WProf.db: {"WprofHTMLTag": {"code": "0xb4cc8020", "doc": "http://searchengineland.com/searchcap-google-redesign-local-panels-adwords-roadmap-artificial-intelligence-276552", "row": 86, "column": 58, "tagName": "meta", "time": 31732.889284, "url": "", "pos": 1, "chunkLen": 1, "isStartTag": 1}}
06-28 17:24:29.019 21315 21328 E WProf.db: {"WprofHTMLTag": {"code": "0xb4cc8050", "doc": "http://searchengineland.com/searchcap-google-redesign-local-panels-adwords-roadmap-artificial-intelligence-276552", "row": 87, "column": 157, "tagName": "meta", "time": 31732.889826, "url": "", "pos": 1, "chunkLen": 1, "isStartTag": 1}}
06-28 17:24:29.020 21315 21328 E WProf.db: {"WprofHTMLTag": {"code": "0xb4cc8080", "doc": "http://searchengineland.com/searchcap-google-redesign-local-panels-adwords-roadmap-artificial-intelligence-276552", "row": 88, "column": 126, "tagName": "meta", "time": 31732.890649, "url": "", "pos": 1, "chunkLen": 1, "isStartTag": 1}}
06-28 17:24:29.020 21315 21328 E WProf.db: {"WprofHTMLTag": {"code": "0xb4cc80b0", "doc": "http://searchengineland.com/searchcap-google-redesign-local-panels-adwords-roadmap-artificial-intelligence-276552", "row": 89, "column": 51, "tagName": "meta", "time": 31732.891911, "url": "", "pos": 1, "chunkLen": 1, "isStartTag": 1}}
06-28 17:24:29.020 21315 21328 E WProf.db: {"WprofHTMLTag": {"code": "0xb4cc80e0", "doc": "http://searchengineland.com/searchcap-google-redesign-local-panels-adwords-roadmap-artificial-intelligence-276552", "row": 90, "column": 128, "tagName": "meta", "time": 31732.892133, "url": "", "pos": 1, "chunkLen": 1, "isStartTag": 1}}
06-28 17:24:29.020 21315 21328 E WProf.db: {"WprofHTMLTag": {"code": "0xb4cc8110", "doc": "http://searchengineland.com/searchcap-google-redesign-local-panels-adwords-roadmap-artificial-intelligence-276552", "row": 91, "column": 53, "tagName": "meta", "time": 31732.892339, "url": "", "pos": 1, "chunkLen": 1, "isStartTag": 1}}
06-28 17:24:29.020 21315 21328 E WProf.db: {"WprofHTMLTag": {"code": "0xb4cc8140", "doc": "http://searchengineland.com/searchcap-google-redesign-local-panels-adwords-roadmap-artificial-intelligence-276552", "row": 94, "column": 44, "tagName": "link", "time": 31732.892580, "url": "http://s.w.org/", "pos": 1, "chunkLen": 1, "isStartTag": 1}}
06-28 17:24:29.020 21315 21328 E WProf.db: {"WprofHTMLTag": {"code": "0xb4cc8170", "doc": "http://searchengineland.com/searchcap-google-redesign-local-panels-adwords-roadmap-artificial-intelligence-276552", "row": 95, "column": 33, "tagName": "script", "time": 31732.893141, "url": "", "pos": 1, "chunkLen": 1, "isStartTag": 1}}
06-28 17:24:29.020 21315 21328 E WProf.db: {"WprofHTMLTag": {"code": "0xb4cc81a0", "doc": "http://searchengineland.com/searchcap-google-redesign-local-panels-adwords-roadmap-artificial-intelligence-276552", "row": 98, "column": 11, "tagName": "script", "time": 31732.893794, "url": "http://searchengineland.com/figz/wp-includes/js/wp-emoji-release.min.js?ver=4.7.5", "pos": 1, "chunkLen": 1, "isStartTag": 0}}
06-28 17:24:29.020 21315 21328 E WProf.db: {"WprofHTMLTag": {"code": "0xaa1a2530", "doc": "http://searchengineland.com/searchcap-google-redesign-local-panels-adwords-roadmap-artificial-intelligence-276552", "row": 99, "column": 25, "tagName": "style", "time": 31733.502353, "url": "", "pos": 1, "chunkLen": 1, "isStartTag": 1}}
06-28 17:24:29.020 21315 21328 E WProf.db: {"WprofHTMLTag": {"code": "0xaa1a2620", "doc": "http://searchengineland.com/searchcap-google-redesign-local-panels-adwords-roadmap-artificial-intelligence-276552", "row": 112, "column": 8, "tagName": "style", "time": 31733.502561, "url": "", "pos": 1, "chunkLen": 1, "isStartTag": 0}}
06-28 17:24:29.020 21315 21328 E WProf.db: {"WprofHTMLTag": {"code": "0xaa1a2650", "doc": "http://searchengineland.com/searchcap-google-redesign-local-panels-adwords-roadmap-artificial-intelligence-276552", "row": 113, "column": 140, "tagName": "script", "time": 31733.504147, "url": "http://searchengineland.com/figz/wp-content/themes/searchengineland/js/lib/modernizr.custom.js?ver=1.0", "pos": 1, "chunkLen": 1, "isStartTag": 1}}
06-28 17:24:29.020 21315 21328 E WProf.db: {"WprofHTMLTag": {"code": "0xaa1a2680", "doc": "http://searchengineland.com/searchcap-google-redesign-local-panels-adwords-roadmap-artificial-intelligence-276552", "row": 113, "column": 149, "tagName": "script", "time": 31733.504402, "url": "", "pos": 1, "chunkLen": 1, "isStartTag": 0}}
06-28 17:24:29.021 21315 21328 E WProf.db: {"WprofHTMLTag": {"code": "0x9eb42180", "doc": "http://searchengineland.com/searchcap-google-redesign-local-panels-adwords-roadmap-artificial-intelligence-276552", "row": 114, "column": 144, "tagName": "script", "time": 31733.513665, "url": "http://searchengineland.com/figz/wp-content/themes/searchengineland/js/lib/jquery-1.11.0.min.js?ver=1.11.0", "pos": 1, "chunkLen": 1, "isStartTag": 1}}
06-28 17:24:29.021 21315 21328 E WProf.db: {"WprofHTMLTag": {"code": "0xaa1a2710", "doc": "http://searchengineland.com/searchcap-google-redesign-local-panels-adwords-roadmap-artificial-intelligence-276552", "row": 114, "column": 153, "tagName": "script", "time": 31733.513899, "url": "", "pos": 1, "chunkLen": 1, "isStartTag": 0}}
06-28 17:24:29.021 21315 21328 E WProf.db: {"WprofHTMLTag": {"code": "0x9eb42cf0", "doc": "http://searchengineland.com/searchcap-google-redesign-local-panels-adwords-roadmap-artificial-intelligence-276552", "row": 0, "column": 15, "tagName": "div", "time": 31733.939334, "url": "", "pos": 15, "chunkLen": 44, "isStartTag": 1}}
06-28 17:24:29.021 21315 21328 E WProf.db: {"WprofHTMLTag": {"code": "0x9eb42cc0", "doc": "http://searchengineland.com/searchcap-google-redesign-local-panels-adwords-roadmap-artificial-intelligence-276552", "row": 0, "column": 21, "tagName": "div", "time": 31733.939469, "url": "", "pos": 21, "chunkLen": 44, "isStartTag": 0}}
06-28 17:24:29.021 21315 21328 E WProf.db: {"WprofHTMLTag": {"code": "0x9eb42c90", "doc": "http://searchengineland.com/searchcap-google-redesign-local-panels-adwords-roadmap-artificial-intelligence-276552", "row": 0, "column": 38, "tagName": "div", "time": 31733.939531, "url": "", "pos": 38, "chunkLen": 44, "isStartTag": 1}}
06-28 17:24:29.021 21315 21328 E WProf.db: {"WprofHTMLTag": {"code": "0x9eb42b40", "doc": "http://searchengineland.com/searchcap-google-redesign-local-panels-adwords-roadmap-artificial-intelligence-276552", "row": 0, "column": 44, "tagName": "div", "time": 31733.939650, "url": "", "pos": 44, "chunkLen": 44, "isStartTag": 0}}
06-28 17:24:29.021 21315 21328 E WProf.db: {"WprofHTMLTag": {"code": "0x9eb42660", "doc": "http://searchengineland.com/searchcap-google-redesign-local-panels-adwords-roadmap-artificial-intelligence-276552", "row": 0, "column": 13, "tagName": "select", "time": 31733.941083, "url": "", "pos": 13, "chunkLen": 51, "isStartTag": 1}}
06-28 17:24:29.021 21315 21328 E WProf.db: {"WprofHTMLTag": {"code": "0x9eb426f0", "doc": "http://searchengineland.com/searchcap-google-redesign-local-panels-adwords-roadmap-artificial-intelligence-276552", "row": 0, "column": 33, "tagName": "option", "time": 31733.941287, "url": "", "pos": 33, "chunkLen": 51, "isStartTag": 1}}
06-28 17:24:29.021 21315 21328 E WProf.db: {"WprofHTMLTag": {"code": "0x9eb42810", "doc": "http://searchengineland.com/searchcap-google-redesign-local-panels-adwords-roadmap-artificial-intelligence-276552", "row": 0, "column": 42, "tagName": "option", "time": 31733.941484, "url": "", "pos": 42, "chunkLen": 51, "isStartTag": 0}}
06-28 17:24:29.021 21315 21328 E WProf.db: {"WprofHTMLTag": {"code": "0x9eb42b10", "doc": "http://searchengineland.com/searchcap-google-redesign-local-panels-adwords-roadmap-artificial-intelligence-276552", "row": 0, "column": 51, "tagName": "select", "time": 31733.941547, "url": "", "pos": 51, "chunkLen": 51, "isStartTag": 0}}
06-28 17:24:29.021 21315 21328 E WProf.db: {"WprofHTMLTag": {"code": "0xaa1a25c0", "doc": "http://searchengineland.com/searchcap-google-redesign-local-panels-adwords-roadmap-artificial-intelligence-276552", "row": 0, "column": 12, "tagName": "a", "time": 31733.946318, "url": "", "pos": 12, "chunkLen": 16, "isStartTag": 1}}
06-28 17:24:29.022 21315 21328 E WProf.db: {"WprofHTMLTag": {"code": "0xaa1a25f0", "doc": "http://searchengineland.com/searchcap-google-redesign-local-panels-adwords-roadmap-artificial-intelligence-276552", "row": 0, "column": 16, "tagName": "a", "time": 31733.946501, "url": "", "pos": 16, "chunkLen": 16, "isStartTag": 0}}
06-28 17:24:29.022 21315 21328 E WProf.db: {"WprofHTMLTag": {"code": "0xaa1a2740", "doc": "http://searchengineland.com/searchcap-google-redesign-local-panels-adwords-roadmap-artificial-intelligence-276552", "row": 0, "column": 8, "tagName": "input", "time": 31733.947657, "url": "", "pos": 8, "chunkLen": 8, "isStartTag": 1}}
06-28 17:24:29.022 21315 21328 E WProf.db: {"WprofHTMLTag": {"code": "0xaa1a2770", "doc": "http://searchengineland.com/searchcap-google-redesign-local-panels-adwords-roadmap-artificial-intelligence-276552", "row": 0, "column": 9, "tagName": "link", "time": 31733.957207, "url": "", "pos": 9, "chunkLen": 42, "isStartTag": 1}}
06-28 17:24:29.022 21315 21328 E WProf.db: {"WprofHTMLTag": {"code": "0xaa1a27a0", "doc": "http://searchengineland.com/searchcap-google-redesign-local-panels-adwords-roadmap-artificial-intelligence-276552", "row": 0, "column": 16, "tagName": "table", "time": 31733.957340, "url": "", "pos": 16, "chunkLen": 42, "isStartTag": 1}}
06-28 17:24:29.022 21315 21328 E WProf.db: {"WprofHTMLTag": {"code": "0xaa1a27d0", "doc": "http://searchengineland.com/searchcap-google-redesign-local-panels-adwords-roadmap-artificial-intelligence-276552", "row": 0, "column": 24, "tagName": "table", "time": 31733.957460, "url": "", "pos": 24, "chunkLen": 42, "isStartTag": 0}}
06-28 17:24:29.022 21315 21328 E WProf.db: {"WprofHTMLTag": {"code": "0xaa1a2800", "doc": "http://searchengineland.com/searchcap-google-redesign-local-panels-adwords-roadmap-artificial-intelligence-276552", "row": 0, "column": 37, "tagName": "a", "time": 31733.957534, "url": "", "pos": 37, "chunkLen": 42, "isStartTag": 1}}
06-28 17:24:29.022 21315 21328 E WProf.db: {"WprofHTMLTag": {"code": "0xaa1a2830", "doc": "http://searchengineland.com/searchcap-google-redesign-local-panels-adwords-roadmap-artificial-intelligence-276552", "row": 0, "column": 42, "tagName": "a", "time": 31733.957782, "url": "", "pos": 42, "chunkLen": 42, "isStartTag": 0}}
06-28 17:24:29.022 21315 21328 E WProf.db: {"WprofHTMLTag": {"code": "0xaa1a28c0", "doc": "http://searchengineland.com/searchcap-google-redesign-local-panels-adwords-roadmap-artificial-intelligence-276552", "row": 0, "column": 10, "tagName": "textarea", "time": 31733.959013, "url": "", "pos": 10, "chunkLen": 22, "isStartTag": 1}}
06-28 17:24:29.022 21315 21328 E WProf.db: {"WprofHTMLTag": {"code": "0xaa1a28f0", "doc": "http://searchengineland.com/searchcap-google-redesign-local-panels-adwords-roadmap-artificial-intelligence-276552", "row": 0, "column": 22, "tagName": "textarea", "time": 31733.959225, "url": "", "pos": 22, "chunkLen": 22, "isStartTag": 0}}
06-28 17:24:29.022 21315 21328 E WProf.db: {"WprofHTMLTag": {"code": "0xaa1a2920", "doc": "http://searchengineland.com/searchcap-google-redesign-local-panels-adwords-roadmap-artificial-intelligence-276552", "row": 0, "column": 48, "tagName": "input", "time": 31733.960454, "url": "", "pos": 48, "chunkLen": 48, "isStartTag": 1}}
06-28 17:24:29.022 21315 21328 E WProf.db: {"WprofHTMLTag": {"code": "0xaa1a2980", "doc": "http://searchengineland.com/searchcap-google-redesign-local-panels-adwords-roadmap-artificial-intelligence-276552", "row": 0, "column": 9, "tagName": "link", "time": 31733.964934, "url": "", "pos": 9, "chunkLen": 66, "isStartTag": 1}}
06-28 17:24:29.022 21315 21328 E WProf.db: {"WprofHTMLTag": {"code": "0xaa1a29b0", "doc": "http://searchengineland.com/searchcap-google-redesign-local-panels-adwords-roadmap-artificial-intelligence-276552", "row": 0, "column": 16, "tagName": "table", "time": 31733.965049, "url": "", "pos": 16, "chunkLen": 66, "isStartTag": 1}}
06-28 17:24:29.022 21315 21328 E WProf.db: {"WprofHTMLTag": {"code": "0xaa1a29e0", "doc": "http://searchengineland.com/searchcap-google-redesign-local-panels-adwords-roadmap-artificial-intelligence-276552", "row": 0, "column": 24, "tagName": "table", "time": 31733.965131, "url": "", "pos": 24, "chunkLen": 66, "isStartTag": 0}}
06-28 17:24:29.023 21315 21328 E WProf.db: {"WprofHTMLTag": {"code": "0xaa1a2a10", "doc": "http://searchengineland.com/searchcap-google-redesign-local-panels-adwords-roadmap-artificial-intelligence-276552", "row": 0, "column": 37, "tagName": "a", "time": 31733.965194, "url": "", "pos": 37, "chunkLen": 66, "isStartTag": 1}}
06-28 17:24:29.023 21315 21328 E WProf.db: {"WprofHTMLTag": {"code": "0xaa1a2a40", "doc": "http://searchengineland.com/searchcap-google-redesign-local-panels-adwords-roadmap-artificial-intelligence-276552", "row": 0, "column": 42, "tagName": "a", "time": 31733.965390, "url": "", "pos": 42, "chunkLen": 66, "isStartTag": 0}}
06-28 17:24:29.023 21315 21328 E WProf.db: {"WprofHTMLTag": {"code": "0xaa1a2a70", "doc": "http://searchengineland.com/searchcap-google-redesign-local-panels-adwords-roadmap-artificial-intelligence-276552", "row": 0, "column": 66, "tagName": "input", "time": 31733.965451, "url": "", "pos": 66, "chunkLen": 66, "isStartTag": 1}}
06-28 17:24:29.023 21315 21328 E WProf.db: {"WprofHTMLTag": {"code": "0xaa1a2b00", "doc": "http://searchengineland.com/searchcap-google-redesign-local-panels-adwords-roadmap-artificial-intelligence-276552", "row": 0, "column": 9, "tagName": "link", "time": 31733.967287, "url": "", "pos": 9, "chunkLen": 66, "isStartTag": 1}}
06-28 17:24:29.023 21315 21328 E WProf.db: {"WprofHTMLTag": {"code": "0xaa1a2b30", "doc": "http://searchengineland.com/searchcap-google-redesign-local-panels-adwords-roadmap-artificial-intelligence-276552", "row": 0, "column": 16, "tagName": "table", "time": 31733.967400, "url": "", "pos": 16, "chunkLen": 66, "isStartTag": 1}}
06-28 17:24:29.023 21315 21328 E WProf.db: {"WprofHTMLTag": {"code": "0xaa1a2b60", "doc": "http://searchengineland.com/searchcap-google-redesign-local-panels-adwords-roadmap-artificial-intelligence-276552", "row": 0, "column": 24, "tagName": "table", "time": 31733.967465, "url": "", "pos": 24, "chunkLen": 66, "isStartTag": 0}}
06-28 17:24:29.023 21315 21328 E WProf.db: {"WprofHTMLTag": {"code": "0xaa1a2b90", "doc": "http://searchengineland.com/searchcap-google-redesign-local-panels-adwords-roadmap-artificial-intelligence-276552", "row": 0, "column": 37, "tagName": "a", "time": 31733.967525, "url": "", "pos": 37, "chunkLen": 66, "isStartTag": 1}}
06-28 17:24:29.023 21315 21328 E WProf.db: {"WprofHTMLTag": {"code": "0xaa1a2bc0", "doc": "http://searchengineland.com/searchcap-google-redesign-local-panels-adwords-roadmap-artificial-intelligence-276552", "row": 0, "column": 42, "tagName": "a", "time": 31733.967689, "url": "", "pos": 42, "chunkLen": 66, "isStartTag": 0}}
