--------- beginning of main
06-28 16:37:57.329  3449  3449 E Finsky  : [1] com.google.android.finsky.wear.bl.a(3): onConnectionFailed: ConnectionResult{statusCode=API_UNAVAILABLE, resolution=null, message=null}
--------- beginning of system
06-28 16:37:58.382  2476  2476 E chromium: [ERROR:shell_integration_android.cc(12)] Not implemented reached in static ShellIntegration::DefaultWebClientSetPermission ShellIntegration::CanSetAsDefaultBrowser()
06-28 16:37:58.386  2476  2476 E chromium: [ERROR:browser_process_impl.cc(720)] Not implemented reached in virtual BackgroundModeManager* BrowserProcessImpl::background_mode_manager()
06-28 16:37:58.750  3218 32397 E AudioRecord-JNI: Error -4 during AudioRecord native read
06-28 16:38:01.115  2476  2532 E chromium: [ERROR:gles2_cmd_decoder.cc(3852)] [.ChromiumCompositor-0xacbb2fc0]GL ERROR :GL_INVALID_ENUM : glDiscardFramebufferEXT: attachments was GL_COLOR_EXT
06-28 16:38:01.394  2554  2568 E WPROF   : {"CSS": {"url": "http://searchengineland.com/figz/wp-content/themes/searchengineland/css/searchengineland-bootstrap.css", "requestTime": 28958.449805}}
06-28 16:38:01.395  2554  2568 E WPROF   : {"CSS": {"url": "http://fonts.googleapis.com/css?family=Oswald:300,400,700", "requestTime": 28958.450610}}
06-28 16:38:01.395  2554  2568 E WPROF   : {"CSS": {"url": "http://searchengineland.com/figz/wp-content/themes/searchengineland/style.css", "requestTime": 28958.451216}}
06-28 16:38:01.400  2554  2568 E WPROF   : {"Javascript": {"url": "http://searchengineland.com/figz/wp-content/themes/searchengineland/js/lib/modernizr.custom.js?ver=1.0", "requestTime": 28958.456103}}
06-28 16:38:01.401  2554  2568 E WPROF   : {"Javascript": {"url": "http://searchengineland.com/figz/wp-content/themes/searchengineland/js/lib/jquery-1.11.0.min.js?ver=1.11.0", "requestTime": 28958.456645}}
06-28 16:38:01.401  2554  2568 E WPROF   : {"Javascript": {"url": "http://searchengineland.com/figz/wp-content/themes/searchengineland/js/lib/jquery-ui-1.10.3.custom.min.js?ver=1.10.3", "requestTime": 28958.457087}}
06-28 16:38:01.402  2554  2568 E WPROF   : {"Javascript": {"url": "http://searchengineland.com/figz/wp-content/themes/searchengineland/js/lib/jquery.ba-throttle-debounce.min.js?ver=1.1", "requestTime": 28958.457500}}
06-28 16:38:01.402  2554  2568 E WPROF   : {"Javascript": {"url": "http://searchengineland.com/figz/wp-content/themes/searchengineland/js/lib/jquery.countdown.min.js?ver=2.0.4", "requestTime": 28958.457895}}
06-28 16:38:01.403  2554  2568 E WPROF   : {"Javascript": {"url": "http://static.chartbeat.com/js/chartbeat_mab.js", "requestTime": 28958.458324}}
06-28 16:38:02.142  2554  2568 E WPROF   : {"Javascript": {"url": "http://searchengineland.com/figz/wp-includes/js/wp-emoji-release.min.js?ver=4.7.5", "requestTime": 28959.197288}}
06-28 16:38:02.477  2554  2568 E WPROF   : {"Javascript": {"url": "http://www.googletagservices.com/tag/js/gpt.js", "requestTime": 28959.532870}}
06-28 16:38:02.482  2554  2568 E WPROF   : {"Javascript": {"url": "https://www.google-analytics.com/analytics.js", "requestTime": 28959.538067}}
06-28 16:38:02.485  2554  2568 E WPROF   : {"Javascript": {"url": "http://edge.quantserve.com/quant.js", "requestTime": 28959.540983}}
06-28 16:38:02.488  2554  2568 E WPROF   : {"Javascript": {"url": "https://connect.facebook.net/en_US/fbevents.js", "requestTime": 28959.543397}}
06-28 16:38:02.553  2476  2532 E chromium: [ERROR:gles2_cmd_decoder.cc(3852)] [.ChromiumCompositor-0xacbb2fc0]GL ERROR :GL_INVALID_ENUM : glDiscardFramebufferEXT: attachments was GL_COLOR_EXT
06-28 16:38:02.585  2554  2568 E WPROF   : {"Javascript": {"url": "http://app-sj02.marketo.com/js/forms2/js/forms2.min.js", "requestTime": 28959.641158}}
06-28 16:38:02.678  2476  2532 E chromium: [ERROR:gles2_cmd_decoder.cc(3852)] [.ChromiumCompositor-0xacbb2fc0]GL ERROR :GL_INVALID_ENUM : glDiscardFramebufferEXT: attachments was GL_COLOR_EXT
06-28 16:38:02.842  2554  2568 E WPROF   : {"Javascript": {"url": "http://app-sj02.marketo.com/index.php/form/getForm?munchkinId=727-ZQE-044&form=5691&url=http%3A%2F%2Fsearchengineland.com%2Fsearchcap-bing-ads-editor-update-bing-ads-voice-metrics-danny-sullivan-changes-277872&callback=jQuery1102021552566718310118_1498635482765&_=1498635482766", "requestTime": 28959.897727}}
06-28 16:38:02.858  2554  2568 E WPROF   : {"Javascript": {"url": "http://app-sj02.marketo.com/index.php/form/getForm?munchkinId=727-ZQE-044&form=5685&url=http%3A%2F%2Fsearchengineland.com%2Fsearchcap-bing-ads-editor-update-bing-ads-voice-metrics-danny-sullivan-changes-277872&callback=jQuery1102021552566718310118_1498635482767&_=1498635482768", "requestTime": 28959.913314}}
06-28 16:38:02.920  2554  2568 E WPROF   : {"Javascript": {"url": "https://connect.facebook.net/signals/config/423979991297359?v=2.7.17", "requestTime": 28959.975412}}
06-28 16:38:02.924  2554  2568 E WPROF   : {"Javascript": {"url": "https://securepubads.g.doubleclick.net/gpt/pubads_impl_121.js", "requestTime": 28959.980104}}
06-28 16:38:03.201  2554  2568 E WPROF   : {"Javascript": {"url": "http://app-sj02.marketo.com/index.php/form/getForm?munchkinId=727-ZQE-044&form=5673&url=http%3A%2F%2Fsearchengineland.com%2Fsearchcap-bing-ads-editor-update-bing-ads-voice-metrics-danny-sullivan-changes-277872&callback=jQuery1102021552566718310118_1498635482769&_=1498635482770", "requestTime": 28960.256717}}
06-28 16:38:03.213  2554  2568 E WPROF   : {"Javascript": {"url": "http://searchengineland.com/js/ga_social_tracking.js", "requestTime": 28960.268662}}
06-28 16:38:03.215  2554  2568 E WPROF   : {"Javascript": {"url": "http://s7.addthis.com/js/300/addthis_widget.js#pubid=ra-53e918f660794f37", "requestTime": 28960.271050}}
06-28 16:38:03.223  2476  2532 E chromium: [ERROR:gles2_cmd_decoder.cc(3852)] [.ChromiumCompositor-0xacbb2fc0]GL ERROR :GL_INVALID_ENUM : glDiscardFramebufferEXT: attachments was GL_COLOR_EXT
06-28 16:38:03.530  2476  2532 E chromium: [ERROR:gles2_cmd_decoder.cc(3852)] [.ChromiumCompositor-0xacbb2fc0]GL ERROR :GL_INVALID_ENUM : glDiscardFramebufferEXT: attachments was GL_COLOR_EXT
06-28 16:38:03.710  2554  2568 E WPROF   : {"CSS": {"url": "http://app-sj02.marketo.com/js/forms2/css/forms2.css", "requestTime": 28960.765655}}
06-28 16:38:03.714  2554  2568 E WPROF   : {"CSS": {"url": "http://app-sj02.marketo.com/js/forms2/css/forms2-theme-simple.css", "requestTime": 28960.769361}}
06-28 16:38:03.878  2476  2532 E chromium: [ERROR:gles2_cmd_decoder.cc(3852)] [.ChromiumCompositor-0xacbb2fc0]GL ERROR :GL_INVALID_ENUM : glDiscardFramebufferEXT: attachments was GL_COLOR_EXT
06-28 16:38:03.970  2554  2568 E WPROF   : {"Javascript": {"url": "https://static.xx.fbcdn.net/rsrc.php/v3iy6L4/yF/l/ko_KR/w3AiswiqjrJ.js", "requestTime": 28961.026126}}
06-28 16:38:04.006   862  1657 E LocSvc_IzatApiV02: E/virtual int izat_core::IzatApiV02::getBatchSize(int32_t):522]: Error : st = 4, ind.status = -1628389555
06-28 16:38:04.006   862  1657 E LocSvc_IzatApiV02: E/virtual int izat_core::IzatApiV02::getBatchSize(int32_t):535]: get batching size failed.Or modem does not support batching 
06-28 16:38:04.015   862  1657 E LocSvc_IzatApiV02: E/virtual int izat_core::IzatApiV02::getBatchSize(int32_t):522]: Error : st = 4, ind.status = -1628389555
06-28 16:38:04.015   862  1657 E LocSvc_IzatApiV02: E/virtual int izat_core::IzatApiV02::getBatchSize(int32_t):535]: get batching size failed.Or modem does not support batching 
06-28 16:38:04.047   862  1657 E LocSvc_IzatApiV02: E/virtual int izat_core::IzatApiV02::getBatchSize(int32_t):522]: Error : st = 4, ind.status = -1628389555
06-28 16:38:04.047   862  1657 E LocSvc_IzatApiV02: E/virtual int izat_core::IzatApiV02::getBatchSize(int32_t):535]: get batching size failed.Or modem does not support batching 
06-28 16:38:04.056   862  1657 E LocSvc_IzatApiV02: E/virtual int izat_core::IzatApiV02::getBatchSize(int32_t):522]: Error : st = 4, ind.status = -1628389555
06-28 16:38:04.057   862  1657 E LocSvc_IzatApiV02: E/virtual int izat_core::IzatApiV02::getBatchSize(int32_t):535]: get batching size failed.Or modem does not support batching 
06-28 16:38:04.461  2554  2568 E WPROF   : {"Javascript": {"url": "http://platform.twitter.com/widgets.js", "requestTime": 28961.517034}}
06-28 16:38:04.466  2554  2568 E WPROF   : {"Javascript": {"url": "http://connect.facebook.net/en_US/sdk.js", "requestTime": 28961.521652}}
06-28 16:38:04.469  2554  2568 E WPROF   : {"Javascript": {"url": "https://apis.google.com/js/platform.js", "requestTime": 28961.524947}}
06-28 16:38:04.510  2554  2568 E WPROF   : {"Javascript": {"url": "http://rules.quantcount.com/rules-p-5aGizvD82d9hk.js", "requestTime": 28961.565972}}
06-28 16:38:04.515  2554  2568 E WPROF   : {"Javascript": {"url": "http://munchkin.marketo.net/munchkin.js", "requestTime": 28961.571026}}
06-28 16:38:04.786  2554  2568 E WPROF   : {"Javascript": {"url": "http://cdn.api.twitter.com/1/users/show.json?screen_name=rustybrick&callback=twttr.setFollowersCount", "requestTime": 28961.841568}}
06-28 16:38:04.958  2476  2532 E chromium: [ERROR:gles2_cmd_decoder.cc(3852)] [.ChromiumCompositor-0xacbb2fc0]GL ERROR :GL_INVALID_ENUM : glDiscardFramebufferEXT: attachments was GL_COLOR_EXT
06-28 16:38:05.307  2554  2568 E WPROF   : {"Javascript": {"url": "https://securepubads.g.doubleclick.net/gampad/ads?gdfp_req=1&correlator=2664264025243648&output=json_html&callback=googletag.impl.pubads.callbackProxy1&impl=fifs&json_a=1&eid=108809080%2C108809103&sc=0&sfv=1-0-9&iu_parts=1038259%2Csel-ciu-1%2Csel-ciu-2%2Csel-ciu-3%2Csel-ciu-4%2Csel-ciu-5%2Cch-indust", "requestTime": 28962.362637}}
06-28 16:38:05.378  2554  2568 E WPROF   : {"Javascript": {"url": "http://d2j3qa5nc37287.cloudfront.net/coupon_code1.js", "requestTime": 28962.434132}}
06-28 16:38:05.427  2554  2568 E WPROF   : {"Javascript": {"url": "http://www.googleadservices.com/pagead/conversion.js", "requestTime": 28962.483061}}
06-28 16:38:05.428  2554  2568 E WPROF   : {"Javascript": {"url": "http://searchengineland.com/figz/wp-content/themes/searchengineland/js/script.js?ver=1.0", "requestTime": 28962.483746}}
06-28 16:38:05.428  2554  2568 E WPROF   : {"Javascript": {"url": "http://searchengineland.com/figz/wp-includes/js/wp-embed.min.js?ver=4.7.5", "requestTime": 28962.484081}}
06-28 16:38:05.429  2554  2568 E WPROF   : {"Javascript": {"url": "http://searchengineland.com/figz/wp-content/themes/searchengineland/js/modules/sharing_controls.js", "requestTime": 28962.484612}}
06-28 16:38:05.452  2554  2568 E WPROF   : {"Javascript": {"url": "http://dnn506yrbagrg.cloudfront.net/pages/scripts/0026/4062.js?416287", "requestTime": 28962.507981}}
06-28 16:38:05.486  2476  2532 E chromium: [ERROR:gles2_cmd_decoder.cc(3852)] [.ChromiumCompositor-0xacbb2fc0]GL ERROR :GL_INVALID_ENUM : glDiscardFramebufferEXT: attachments was GL_COLOR_EXT
06-28 16:38:05.598  2554  2568 E WPROF   : {"CSS": {"url": "https://www.youtube.com/yts/cssbin/www-embed-player-sprite-mode-vfl5G4Xm8.css", "requestTime": 28962.654119}}
06-28 16:38:05.603  2554  2568 E WPROF   : {"Javascript": {"url": "https://www.youtube.com/yts/jsbin/www-embed-player-vfl_UY_j8/www-embed-player.js", "requestTime": 28962.658361}}
06-28 16:38:05.603  2554  2568 E WPROF   : {"Javascript": {"url": "https://www.youtube.com/yts/jsbin/player-vflo1w4O-/ko_KR/base.js", "requestTime": 28962.658952}}
06-28 16:38:05.638  2476  2532 E chromium: [ERROR:gles2_cmd_decoder.cc(3852)] [.ChromiumCompositor-0xacbb2fc0]GL ERROR :GL_INVALID_ENUM : glDiscardFramebufferEXT: attachments was GL_COLOR_EXT
06-28 16:38:06.429  2476  2532 E chromium: [ERROR:gles2_cmd_decoder.cc(3852)] [.ChromiumCompositor-0xacbb2fc0]GL ERROR :GL_INVALID_ENUM : glDiscardFramebufferEXT: attachments was GL_COLOR_EXT
06-28 16:38:06.610  2554  2568 E WPROF   : {"Javascript": {"url": "http://m.addthisedge.com/live/boost/ra-53e918f660794f37/_ate.track.config_resp", "requestTime": 28963.666157}}
06-28 16:38:06.660  2554  2568 E WPROF   : {"Javascript": {"url": "http://m.addthis.com/live/red_lojson/300lo.json?si=59535cdc3f311433&bkl=0&bl=1&pdt=2183&sid=59535cdc3f311433&pub=ra-53e918f660794f37&rev=v7.15.4-wp&ln=ko&pc=men&cb=0&ab=-&dp=searchengineland.com&fp=searchcap-bing-ads-editor-update-bing-ads-voice-metrics-danny-sullivan-changes-277872&fr=&of=0&pd=0&ir", "requestTime": 28963.715627}}
06-28 16:38:06.836  2476  2532 E chromium: [ERROR:gles2_cmd_decoder.cc(3852)] [.ChromiumCompositor-0xacbb2fc0]GL ERROR :GL_INVALID_ENUM : glDiscardFramebufferEXT: attachments was GL_COLOR_EXT
06-28 16:38:07.877  2554  2568 E WPROF   : {"Javascript": {"url": "https://www.google.com/js/bg/KWBfAnWFESAEEaKKgdYlTHY9ysQaNoQuzeMFqvxDSM8.js", "requestTime": 28964.933071}}
06-28 16:38:07.880  2554  2568 E WPROF   : {"Javascript": {"url": "https://static.doubleclick.net/instream/ad_status.js", "requestTime": 28964.935289}}
06-28 16:38:08.103  2476  2532 E chromium: [ERROR:gles2_cmd_decoder.cc(3852)] [.ChromiumCompositor-0xacbb2fc0]GL ERROR :GL_INVALID_ENUM : glDiscardFramebufferEXT: attachments was GL_COLOR_EXT
06-28 16:38:08.257  2476  2532 E chromium: [ERROR:gles2_cmd_decoder.cc(3852)] [.ChromiumCompositor-0xacbb2fc0]GL ERROR :GL_INVALID_ENUM : glDiscardFramebufferEXT: attachments was GL_COLOR_EXT
06-28 16:38:08.812  2476  2532 E chromium: [ERROR:gles2_cmd_decoder.cc(3852)] [.ChromiumCompositor-0xacbb2fc0]GL ERROR :GL_INVALID_ENUM : glDiscardFramebufferEXT: attachments was GL_COLOR_EXT
06-28 16:38:09.025  2476  2532 E chromium: [ERROR:gles2_cmd_decoder.cc(3852)] [.ChromiumCompositor-0xacbb2fc0]GL ERROR :GL_INVALID_ENUM : glDiscardFramebufferEXT: attachments was GL_COLOR_EXT
06-28 16:38:10.012  2554  2568 E WPROF   : {"Javascript": {"url": "https://platform.twitter.com/js/button.b731e6c82269f70f6fc53634e044a4c6.js", "requestTime": 28967.067789}}
06-28 16:38:10.022  2554  2568 E WPROF   : {"Javascript": {"url": "http://munchkin.marketo.net/151/munchkin.js", "requestTime": 28967.077680}}
06-28 16:38:10.082  2554  2568 E WPROF   : {"Javascript": {"url": "http://www.justuno.com/ajax/account_version_check.html?id=828FA275-FF73-401E-AA39-40F5A6FAB6B1", "requestTime": 28967.137641}}
06-28 16:38:10.401  2554  2568 E WPROF   : {"Javascript": {"url": "https://tpc.googlesyndication.com/pagead/js/r20170619/r20110914/client/ext/m_window_focus_non_hydra.js", "requestTime": 28967.456602}}
06-28 16:38:10.405  2554  2568 E WPROF   : {"Javascript": {"url": "https://tpc.googlesyndication.com/pagead/js/r20170619/r20110914/activeview/osd_listener.js", "requestTime": 28967.461021}}
06-28 16:38:10.414  2554  2568 E WPROF   : {"Javascript": {"url": "http://pagead2.googlesyndication.com/pagead/osd.js", "requestTime": 28967.469715}}
06-28 16:38:10.577  2554  2568 E WPROF   : {"Javascript": {"url": "http://s7.addthis.com/static/layers.4acb6c577b51939661ec.js", "requestTime": 28967.632716}}
06-28 16:38:10.656  2476  2532 E chromium: [ERROR:gles2_cmd_decoder.cc(3852)] [.ChromiumCompositor-0xacbb2fc0]GL ERROR :GL_INVALID_ENUM : glDiscardFramebufferEXT: attachments was GL_COLOR_EXT
06-28 16:38:10.769  2476  2532 E chromium: [ERROR:gles2_cmd_decoder.cc(3852)] [.ChromiumCompositor-0xacbb2fc0]GL ERROR :GL_INVALID_ENUM : glDiscardFramebufferEXT: attachments was GL_COLOR_EXT
06-28 16:38:10.967  2476  2532 E chromium: [ERROR:gles2_cmd_decoder.cc(3852)] [.ChromiumCompositor-0xacbb2fc0]GL ERROR :GL_INVALID_ENUM : glDiscardFramebufferEXT: attachments was GL_COLOR_EXT
06-28 16:38:11.145  2554  2568 E WPROF   : {"Javascript": {"url": "http://cdn.justuno.com/mwgt_3.6.js", "requestTime": 28968.200251}}
06-28 16:38:11.188  2476  2532 E chromium: [ERROR:gles2_cmd_decoder.cc(3852)] [.ChromiumCompositor-0xacbb2fc0]GL ERROR :GL_INVALID_ENUM : glDiscardFramebufferEXT: attachments was GL_COLOR_EXT
06-28 16:38:13.178  2554  2568 E WPROF   : {"Javascript": {"url": "https://app-sj02.marketo.com/js/forms2/js/forms2.min.js", "requestTime": 28970.233855}}
06-28 16:38:13.504  2476  2532 E chromium: [ERROR:gles2_cmd_decoder.cc(3852)] [.ChromiumCompositor-0xacbb2fc0]GL ERROR :GL_INVALID_ENUM : glDiscardFramebufferEXT: attachments was GL_COLOR_EXT
06-28 16:38:13.772  2476  2532 E chromium: [ERROR:gles2_cmd_decoder.cc(3852)] [.ChromiumCompositor-0xacbb2fc0]GL ERROR :GL_INVALID_ENUM : glDiscardFramebufferEXT: attachments was GL_COLOR_EXT
06-28 16:38:14.862  2554  2568 E WProf.db: {"page": "searchengineland.com_searchcap-bing-ads-editor-update-bing-ads-voice-metrics-danny-sullivan-changes-277872"}
06-28 16:38:14.862  2554  2568 E WProf.db: {"DOMLoad": 28971.918094}
06-28 16:38:14.863  2554  2568 E WProf.db: {"Resource": {"id": 1, "url": "http://searchengineland.com/searchcap-bing-ads-editor-update-bing-ads-voice-metrics-danny-sullivan-changes-277872", "sentTime": -1.000000, "len": 98226, "from": "0x0", "mimeType": "text/html", "contentLength": -1, "httpStatus": 200, "connId": 20, "connReused": 1, "cached": 0,"requestTime": 28958.093830, "proxyStart": -1, "proxyEnd": -1, "dnsStart": -1, "dnsEnd": -1, "connectStart": 0, "connectEnd": 58, "sendStart": 58, "sendEnd": 58, "receiveHeadersEnd": 253, "sslStart": -1, "sslEnd": -1}}
06-28 16:38:14.863  2554  2568 E WProf.db: {"ReceivedChunk": {"receivedTime": 28958.367189, "len": 12727}}
06-28 16:38:14.863  2554  2568 E WProf.db: {"ReceivedChunk": {"receivedTime": 28958.439138, "len": 32768}}
06-28 16:38:14.863  2554  2568 E WProf.db: {"ReceivedChunk": {"receivedTime": 28958.439467, "len": 25777}}
06-28 16:38:14.863  2554  2568 E WProf.db: {"ReceivedChunk": {"receivedTime": 28958.533045, "len": 14830}}
06-28 16:38:14.863  2554  2568 E WProf.db: {"ReceivedChunk": {"receivedTime": 28958.534635, "len": 12124}}
06-28 16:38:14.863  2554  2568 E WProf.db: {"WprofHTMLTag": {"code": "0xaeddd630", "doc": "http://searchengineland.com/searchcap-bing-ads-editor-update-bing-ads-voice-metrics-danny-sullivan-changes-277872", "row": 6, "column": 42, "tagName": "html", "time": 28958.443006, "url": "", "pos": 1, "chunkLen": 1, "isStartTag": 1}}
06-28 16:38:14.863  2554  2568 E WProf.db: {"WprofHTMLTag": {"code": "0xaf047850", "doc": "http://searchengineland.com/searchcap-bing-ads-editor-update-bing-ads-voice-metrics-danny-sullivan-changes-277872", "row": 7, "column": 6, "tagName": "head", "time": 28958.443427, "url": "", "pos": 1, "chunkLen": 1, "isStartTag": 1}}
06-28 16:38:14.863  2554  2568 E WProf.db: {"WprofHTMLTag": {"code": "0xaf047880", "doc": "http://searchengineland.com/searchcap-bing-ads-editor-update-bing-ads-voice-metrics-danny-sullivan-changes-277872", "row": 8, "column": 54, "tagName": "meta", "time": 28958.443473, "url": "", "pos": 1, "chunkLen": 1, "isStartTag": 1}}
06-28 16:38:14.863  2554  2568 E WProf.db: {"WprofHTMLTag": {"code": "0xaf0478b0", "doc": "http://searchengineland.com/searchcap-bing-ads-editor-update-bing-ads-voice-metrics-danny-sullivan-changes-277872", "row": 9, "column": 68, "tagName": "meta", "time": 28958.443619, "url": "", "pos": 1, "chunkLen": 1, "isStartTag": 1}}
06-28 16:38:14.863  2554  2568 E WProf.db: {"WprofHTMLTag": {"code": "0xaf0478e0", "doc": "http://searchengineland.com/searchcap-bing-ads-editor-update-bing-ads-voice-metrics-danny-sullivan-changes-277872", "row": 10, "column": 23, "tagName": "meta", "time": 28958.443738, "url": "", "pos": 1, "chunkLen": 1, "isStartTag": 1}}
06-28 16:38:14.863  2554  2568 E WProf.db: {"WprofHTMLTag": {"code": "0xaf047910", "doc": "http://searchengineland.com/searchcap-bing-ads-editor-update-bing-ads-voice-metrics-danny-sullivan-changes-277872", "row": 11, "column": 52, "tagName": "meta", "time": 28958.443871, "url": "", "pos": 1, "chunkLen": 1, "isStartTag": 1}}
06-28 16:38:14.863  2554  2568 E WProf.db: {"WprofHTMLTag": {"code": "0xaf047940", "doc": "http://searchengineland.com/searchcap-bing-ads-editor-update-bing-ads-voice-metrics-danny-sullivan-changes-277872", "row": 14, "column": 56, "tagName": "meta", "time": 28958.444005, "url": "", "pos": 1, "chunkLen": 1, "isStartTag": 1}}
06-28 16:38:14.864  2554  2568 E WProf.db: {"WprofHTMLTag": {"code": "0xaf047970", "doc": "http://searchengineland.com/searchcap-bing-ads-editor-update-bing-ads-voice-metrics-danny-sullivan-changes-277872", "row": 15, "column": 83, "tagName": "meta", "time": 28958.444114, "url": "", "pos": 1, "chunkLen": 1, "isStartTag": 1}}
06-28 16:38:14.864  2554  2568 E WProf.db: {"WprofHTMLTag": {"code": "0xaf0479a0", "doc": "http://searchengineland.com/searchcap-bing-ads-editor-update-bing-ads-voice-metrics-danny-sullivan-changes-277872", "row": 16, "column": 57, "tagName": "meta", "time": 28958.444227, "url": "", "pos": 1, "chunkLen": 1, "isStartTag": 1}}
06-28 16:38:14.864  2554  2568 E WProf.db: {"WprofHTMLTag": {"code": "0xaf047a30", "doc": "http://searchengineland.com/searchcap-bing-ads-editor-update-bing-ads-voice-metrics-danny-sullivan-changes-277872", "row": 17, "column": 41, "tagName": "meta", "time": 28958.444336, "url": "", "pos": 1, "chunkLen": 1, "isStartTag": 1}}
06-28 16:38:14.864  2554  2568 E WProf.db: {"WprofHTMLTag": {"code": "0xaf047a60", "doc": "http://searchengineland.com/searchcap-bing-ads-editor-update-bing-ads-voice-metrics-danny-sullivan-changes-277872", "row": 18, "column": 50, "tagName": "meta", "time": 28958.444441, "url": "", "pos": 1, "chunkLen": 1, "isStartTag": 1}}
06-28 16:38:14.864  2554  2568 E WProf.db: {"WprofHTMLTag": {"code": "0xaf047a90", "doc": "http://searchengineland.com/searchcap-bing-ads-editor-update-bing-ads-voice-metrics-danny-sullivan-changes-277872", "row": 19, "column": 174, "tagName": "meta", "time": 28958.444542, "url": "", "pos": 1, "chunkLen": 1, "isStartTag": 1}}
06-28 16:38:14.864  2554  2568 E WProf.db: {"WprofHTMLTag": {"code": "0xaf047a00", "doc": "http://searchengineland.com/searchcap-bing-ads-editor-update-bing-ads-voice-metrics-danny-sullivan-changes-277872", "row": 20, "column": 47, "tagName": "meta", "time": 28958.444655, "url": "", "pos": 1, "chunkLen": 1, "isStartTag": 1}}
06-28 16:38:14.864  2554  2568 E WProf.db: {"WprofHTMLTag": {"code": "0xaf0479d0", "doc": "http://searchengineland.com/searchcap-bing-ads-editor-update-bing-ads-voice-metrics-danny-sullivan-changes-277872", "row": 21, "column": 67, "tagName": "meta", "time": 28958.444766, "url": "", "pos": 1, "chunkLen": 1, "isStartTag": 1}}
06-28 16:38:14.864  2554  2568 E WProf.db: {"WprofHTMLTag": {"code": "0xaf047ac0", "doc": "http://searchengineland.com/searchcap-bing-ads-editor-update-bing-ads-voice-metrics-danny-sullivan-changes-277872", "row": 22, "column": 57, "tagName": "meta", "time": 28958.444869, "url": "", "pos": 1, "chunkLen": 1, "isStartTag": 1}}
06-28 16:38:14.864  2554  2568 E WProf.db: {"WprofHTMLTag": {"code": "0xaf047af0", "doc": "http://searchengineland.com/searchcap-bing-ads-editor-update-bing-ads-voice-metrics-danny-sullivan-changes-277872", "row": 23, "column": 65, "tagName": "meta", "time": 28958.444976, "url": "", "pos": 1, "chunkLen": 1, "isStartTag": 1}}
06-28 16:38:14.864  2554  2568 E WProf.db: {"WprofHTMLTag": {"code": "0xaf047b20", "doc": "http://searchengineland.com/searchcap-bing-ads-editor-update-bing-ads-voice-metrics-danny-sullivan-changes-277872", "row": 24, "column": 55, "tagName": "meta", "time": 28958.445085, "url": "", "pos": 1, "chunkLen": 1, "isStartTag": 1}}
06-28 16:38:14.864  2554  2568 E WProf.db: {"WprofHTMLTag": {"code": "0xaf047b50", "doc": "http://searchengineland.com/searchcap-bing-ads-editor-update-bing-ads-voice-metrics-danny-sullivan-changes-277872", "row": 25, "column": 71, "tagName": "meta", "time": 28958.445192, "url": "", "pos": 1, "chunkLen": 1, "isStartTag": 1}}
06-28 16:38:14.865  2554  2568 E WProf.db: {"WprofHTMLTag": {"code": "0xaf047b80", "doc": "http://searchengineland.com/searchcap-bing-ads-editor-update-bing-ads-voice-metrics-danny-sullivan-changes-277872", "row": 26, "column": 86, "tagName": "meta", "time": 28958.445301, "url": "", "pos": 1, "chunkLen": 1, "isStartTag": 1}}
06-28 16:38:14.865  2554  2568 E WProf.db: {"WprofHTMLTag": {"code": "0xaf047bb0", "doc": "http://searchengineland.com/searchcap-bing-ads-editor-update-bing-ads-voice-metrics-danny-sullivan-changes-277872", "row": 27, "column": 54, "tagName": "meta", "time": 28958.445404, "url": "", "pos": 1, "chunkLen": 1, "isStartTag": 1}}
06-28 16:38:14.865  2554  2568 E WProf.db: {"WprofHTMLTag": {"code": "0xaf047be0", "doc": "http://searchengineland.com/searchcap-bing-ads-editor-update-bing-ads-voice-metrics-danny-sullivan-changes-277872", "row": 29, "column": 39, "tagName": "meta", "time": 28958.445514, "url": "", "pos": 1, "chunkLen": 1, "isStartTag": 1}}
06-28 16:38:14.865  2554  2568 E WProf.db: {"WprofHTMLTag": {"code": "0xaf047c10", "doc": "http://searchengineland.com/searchcap-bing-ads-editor-update-bing-ads-voice-metrics-danny-sullivan-changes-277872", "row": 30, "column": 151, "tagName": "meta", "time": 28958.445623, "url": "", "pos": 1, "chunkLen": 1, "isStartTag": 1}}
06-28 16:38:14.865  2554  2568 E WProf.db: {"WprofHTMLTag": {"code": "0xaf047c40", "doc": "http://searchengineland.com/searchcap-bing-ads-editor-update-bing-ads-voice-metrics-danny-sullivan-changes-277872", "row": 31, "column": 55, "tagName": "meta", "time": 28958.445732, "url": "", "pos": 1, "chunkLen": 1, "isStartTag": 1}}
06-28 16:38:14.865  2554  2568 E WProf.db: {"WprofHTMLTag": {"code": "0xaf047c70", "doc": "http://searchengineland.com/searchcap-bing-ads-editor-update-bing-ads-voice-metrics-danny-sullivan-changes-277872", "row": 32, "column": 54, "tagName": "meta", "time": 28958.445852, "url": "", "pos": 1, "chunkLen": 1, "isStartTag": 1}}
06-28 16:38:14.865  2554  2568 E WProf.db: {"WprofHTMLTag": {"code": "0xaf047ca0", "doc": "http://searchengineland.com/searchcap-bing-ads-editor-update-bing-ads-voice-metrics-danny-sullivan-changes-277872", "row": 33, "column": 133, "tagName": "meta", "time": 28958.445967, "url": "", "pos": 1, "chunkLen": 1, "isStartTag": 1}}
06-28 16:38:14.865  2554  2568 E WProf.db: {"WprofHTMLTag": {"code": "0xaf047cd0", "doc": "http://searchengineland.com/searchcap-bing-ads-editor-update-bing-ads-voice-metrics-danny-sullivan-changes-277872", "row": 37, "column": 36, "tagName": "script", "time": 28958.446078, "url": "", "pos": 1, "chunkLen": 1, "isStartTag": 1}}
06-28 16:38:14.865  2554  2568 E WProf.db: {"WprofHTMLTag": {"code": "0xaf047d00", "doc": "http://searchengineland.com/searchcap-bing-ads-editor-update-bing-ads-voice-metrics-danny-sullivan-changes-277872", "row": 53, "column": 10, "tagName": "script", "time": 28958.446592, "url": "", "pos": 1, "chunkLen": 1, "isStartTag": 0}}
06-28 16:38:14.865  2554  2568 E WProf.db: {"WprofHTMLTag": {"code": "0xaeddd660", "doc": "http://searchengineland.com/searchcap-bing-ads-editor-update-bing-ads-voice-metrics-danny-sullivan-changes-277872", "row": 55, "column": 86, "tagName": "link", "time": 28958.447740, "url": "http://searchengineland.com/apple-touch-icon.png", "pos": 1, "chunkLen": 1, "isStartTag": 1}}
06-28 16:38:14.865  2554  2568 E WProf.db: {"WprofHTMLTag": {"code": "0xaf047d30", "doc": "http://searchengineland.com/searchcap-bing-ads-editor-update-bing-ads-voice-metrics-danny-sullivan-changes-277872", "row": 56, "column": 76, "tagName": "link", "time": 28958.448714, "url": "http://searchengineland.com/favicon.ico", "pos": 1, "chunkLen": 1, "isStartTag": 1}}
06-28 16:38:14.865  2554  2568 E WProf.db: {"WprofHTMLTag": {"code": "0xaf047d60", "doc": "http://searchengineland.com/searchcap-bing-ads-editor-update-bing-ads-voice-metrics-danny-sullivan-changes-277872", "row": 57, "column": 158, "tagName": "link", "time": 28958.448927, "url": "http://feeds.searchengineland.com/searchengineland", "pos": 1, "chunkLen": 1, "isStartTag": 1}}
06-28 16:38:14.866  2554  2568 E WProf.db: {"WprofHTMLTag": {"code": "0xaf047d90", "doc": "http://searchengineland.com/searchcap-bing-ads-editor-update-bing-ads-voice-metrics-danny-sullivan-changes-277872", "row": 58, "column": 149, "tagName": "link", "time": 28958.449218, "url": "http://feeds.searchengineland.com/searchcap", "pos": 1, "chunkLen": 1, "isStartTag": 1}}
06-28 16:38:14.866  2554  2568 E WProf.db: {"WprofHTMLTag": {"code": "0xaf047dc0", "doc": "http://searchengineland.com/searchcap-bing-ads-editor-update-bing-ads-voice-metrics-danny-sullivan-changes-277872", "row": 59, "column": 150, "tagName": "link", "time": 28958.449516, "url": "http://searchengineland.com/figz/wp-content/themes/searchengineland/css/searchengineland-bootstrap.css", "pos": 1, "chunkLen": 1, "isStartTag": 1}}
06-28 16:38:14.866  2554  2568 E WProf.db: {"WprofHTMLTag": {"code": "0xaf047e20", "doc": "http://searchengineland.com/searchcap-bing-ads-editor-update-bing-ads-voice-metrics-danny-sullivan-changes-277872", "row": 60, "column": 105, "tagName": "link", "time": 28958.450313, "url": "http://fonts.googleapis.com/css?family=Oswald:300,400,700", "pos": 1, "chunkLen": 1, "isStartTag": 1}}
06-28 16:38:14.866  2554  2568 E WProf.db: {"WprofHTMLTag": {"code": "0xaf047e80", "doc": "http://searchengineland.com/searchcap-bing-ads-editor-update-bing-ads-voice-metrics-danny-sullivan-changes-277872", "row": 61, "column": 125, "tagName": "link", "time": 28958.450915, "url": "http://searchengineland.com/figz/wp-content/themes/searchengineland/style.css", "pos": 1, "chunkLen": 1, "isStartTag": 1}}
06-28 16:38:14.866  2554  2568 E WProf.db: {"WprofHTMLTag": {"code": "0xaf047ee0", "doc": "http://searchengineland.com/searchcap-bing-ads-editor-update-bing-ads-voice-metrics-danny-sullivan-changes-277872", "row": 65, "column": 7, "tagName": "title", "time": 28958.451503, "url": "", "pos": 1, "chunkLen": 1, "isStartTag": 1}}
06-28 16:38:14.866  2554  2568 E WProf.db: {"WprofHTMLTag": {"code": "0xaf047f10", "doc": "http://searchengineland.com/searchcap-bing-ads-editor-update-bing-ads-voice-metrics-danny-sullivan-changes-277872", "row": 65, "column": 101, "tagName": "title", "time": 28958.451747, "url": "", "pos": 1, "chunkLen": 1, "isStartTag": 0}}
06-28 16:38:14.866  2554  2568 E WProf.db: {"WprofHTMLTag": {"code": "0xaf047f40", "doc": "http://searchengineland.com/searchcap-bing-ads-editor-update-bing-ads-voice-metrics-danny-sullivan-changes-277872", "row": 66, "column": 148, "tagName": "meta", "time": 28958.451770, "url": "", "pos": 1, "chunkLen": 1, "isStartTag": 1}}
06-28 16:38:14.866  2554  2568 E WProf.db: {"WprofHTMLTag": {"code": "0xaf047f70", "doc": "http://searchengineland.com/searchcap-bing-ads-editor-update-bing-ads-voice-metrics-danny-sullivan-changes-277872", "row": 67, "column": 40, "tagName": "meta", "time": 28958.451887, "url": "", "pos": 1, "chunkLen": 1, "isStartTag": 1}}
06-28 16:38:14.866  2554  2568 E WProf.db: {"WprofHTMLTag": {"code": "0xaf047fa0", "doc": "http://searchengineland.com/searchcap-bing-ads-editor-update-bing-ads-voice-metrics-danny-sullivan-changes-277872", "row": 68, "column": 155, "tagName": "meta", "time": 28958.451993, "url": "", "pos": 1, "chunkLen": 1, "isStartTag": 1}}
06-28 16:38:14.866  2554  2568 E WProf.db: {"WprofHTMLTag": {"code": "0xaf047fd0", "doc": "http://searchengineland.com/searchcap-bing-ads-editor-update-bing-ads-voice-metrics-danny-sullivan-changes-277872", "row": 69, "column": 37, "tagName": "meta", "time": 28958.452113, "url": "", "pos": 1, "chunkLen": 1, "isStartTag": 1}}
06-28 16:38:14.866  2554  2568 E WProf.db: {"WprofHTMLTag": {"code": "0xb4cc74b0", "doc": "http://searchengineland.com/searchcap-bing-ads-editor-update-bing-ads-voice-metrics-danny-sullivan-changes-277872", "row": 70, "column": 145, "tagName": "link", "time": 28958.452233, "url": "http://searchengineland.com/searchcap-bing-ads-editor-update-bing-ads-voice-metrics-danny-sullivan-changes-277872", "pos": 1, "chunkLen": 1, "isStartTag": 1}}
06-28 16:38:14.867  2554  2568 E WProf.db: {"WprofHTMLTag": {"code": "0xb4cc7540", "doc": "http://searchengineland.com/searchcap-bing-ads-editor-update-bing-ads-voice-metrics-danny-sullivan-changes-277872", "row": 71, "column": 76, "tagName": "link", "time": 28958.452476, "url": "https://plus.google.com/103218677032751327334", "pos": 1, "chunkLen": 1, "isStartTag": 1}}
06-28 16:38:14.867  2554  2568 E WProf.db: {"WprofHTMLTag": {"code": "0xb4cc78a0", "doc": "http://searchengineland.com/searchcap-bing-ads-editor-update-bing-ads-voice-metrics-danny-sullivan-changes-277872", "row": 72, "column": 45, "tagName": "meta", "time": 28958.452680, "url": "", "pos": 1, "chunkLen": 1, "isStartTag": 1}}
06-28 16:38:14.867  2554  2568 E WProf.db: {"WprofHTMLTag": {"code": "0xb4cc78d0", "doc": "http://searchengineland.com/searchcap-bing-ads-editor-update-bing-ads-voice-metrics-danny-sullivan-changes-277872", "row": 73, "column": 45, "tagName": "meta", "time": 28958.452814, "url": "", "pos": 1, "chunkLen": 1, "isStartTag": 1}}
06-28 16:38:14.867  2554  2568 E WProf.db: {"WprofHTMLTag": {"code": "0xb4cc7900", "doc": "http://searchengineland.com/searchcap-bing-ads-editor-update-bing-ads-voice-metrics-danny-sullivan-changes-277872", "row": 74, "column": 125, "tagName": "meta", "time": 28958.452944, "url": "", "pos": 1, "chunkLen": 1, "isStartTag": 1}}
06-28 16:38:14.867  2554  2568 E WProf.db: {"WprofHTMLTag": {"code": "0xb4cc7930", "doc": "http://searchengineland.com/searchcap-bing-ads-editor-update-bing-ads-voice-metrics-danny-sullivan-changes-277872", "row": 75, "column": 156, "tagName": "meta", "time": 28958.453067, "url": "", "pos": 1, "chunkLen": 1, "isStartTag": 1}}
06-28 16:38:14.867  2554  2568 E WProf.db: {"WprofHTMLTag": {"code": "0xb4cc7960", "doc": "http://searchengineland.com/searchcap-bing-ads-editor-update-bing-ads-voice-metrics-danny-sullivan-changes-277872", "row": 76, "column": 150, "tagName": "meta", "time": 28958.453185, "url": "", "pos": 1, "chunkLen": 1, "isStartTag": 1}}
06-28 16:38:14.867  2554  2568 E WProf.db: {"WprofHTMLTag": {"code": "0xb4cc7990", "doc": "http://searchengineland.com/searchcap-bing-ads-editor-update-bing-ads-voice-metrics-danny-sullivan-changes-277872", "row": 77, "column": 61, "tagName": "meta", "time": 28958.453302, "url": "", "pos": 1, "chunkLen": 1, "isStartTag": 1}}
06-28 16:38:14.867  2554  2568 E WProf.db: {"WprofHTMLTag": {"code": "0xb4cc79c0", "doc": "http://searchengineland.com/searchcap-bing-ads-editor-update-bing-ads-voice-metrics-danny-sullivan-changes-277872", "row": 78, "column": 89, "tagName": "meta", "time": 28958.453418, "url": "", "pos": 1, "chunkLen": 1, "isStartTag": 1}}
06-28 16:38:14.867  2554  2568 E WProf.db: {"WprofHTMLTag": {"code": "0xb4cc79f0", "doc": "http://searchengineland.com/searchcap-bing-ads-editor-update-bing-ads-voice-metrics-danny-sullivan-changes-277872", "row": 79, "column": 63, "tagName": "meta", "time": 28958.453529, "url": "", "pos": 1, "chunkLen": 1, "isStartTag": 1}}
06-28 16:38:14.867  2554  2568 E WProf.db: {"WprofHTMLTag": {"code": "0xb4cc7a20", "doc": "http://searchengineland.com/searchcap-bing-ads-editor-update-bing-ads-voice-metrics-danny-sullivan-changes-277872", "row": 80, "column": 78, "tagName": "meta", "time": 28958.453640, "url": "", "pos": 1, "chunkLen": 1, "isStartTag": 1}}
06-28 16:38:14.867  2554  2568 E WProf.db: {"WprofHTMLTag": {"code": "0xb4cc7a50", "doc": "http://searchengineland.com/searchcap-bing-ads-editor-update-bing-ads-voice-metrics-danny-sullivan-changes-277872", "row": 81, "column": 77, "tagName": "meta", "time": 28958.453749, "url": "", "pos": 1, "chunkLen": 1, "isStartTag": 1}}
06-28 16:38:14.867  2554  2568 E WProf.db: {"WprofHTMLTag": {"code": "0xb4cc7a80", "doc": "http://searchengineland.com/searchcap-bing-ads-editor-update-bing-ads-voice-metrics-danny-sullivan-changes-277872", "row": 82, "column": 71, "tagName": "meta", "time": 28958.453866, "url": "", "pos": 1, "chunkLen": 1, "isStartTag": 1}}
06-28 16:38:14.868  2554  2568 E WProf.db: {"WprofHTMLTag": {"code": "0xb4cc7ab0", "doc": "http://searchengineland.com/searchcap-bing-ads-editor-update-bing-ads-voice-metrics-danny-sullivan-changes-277872", "row": 83, "column": 127, "tagName": "meta", "time": 28958.453983, "url": "", "pos": 1, "chunkLen": 1, "isStartTag": 1}}
06-28 16:38:14.868  2554  2568 E WProf.db: {"WprofHTMLTag": {"code": "0xb4cc7ae0", "doc": "http://searchengineland.com/searchcap-bing-ads-editor-update-bing-ads-voice-metrics-danny-sullivan-changes-277872", "row": 84, "column": 49, "tagName": "meta", "time": 28958.454100, "url": "", "pos": 1, "chunkLen": 1, "isStartTag": 1}}
06-28 16:38:14.868  2554  2568 E WProf.db: {"WprofHTMLTag": {"code": "0xb4cc7b10", "doc": "http://searchengineland.com/searchcap-bing-ads-editor-update-bing-ads-voice-metrics-danny-sullivan-changes-277872", "row": 85, "column": 50, "tagName": "meta", "time": 28958.454221, "url": "", "pos": 1, "chunkLen": 1, "isStartTag": 1}}
06-28 16:38:14.868  2554  2568 E WProf.db: {"WprofHTMLTag": {"code": "0xb4cc7b40", "doc": "http://searchengineland.com/searchcap-bing-ads-editor-update-bing-ads-voice-metrics-danny-sullivan-changes-277872", "row": 86, "column": 58, "tagName": "meta", "time": 28958.454346, "url": "", "pos": 1, "chunkLen": 1, "isStartTag": 1}}
06-28 16:38:14.868  2554  2568 E WProf.db: {"WprofHTMLTag": {"code": "0xb4cc7b70", "doc": "http://searchengineland.com/searchcap-bing-ads-editor-update-bing-ads-voice-metrics-danny-sullivan-changes-277872", "row": 87, "column": 157, "tagName": "meta", "time": 28958.454474, "url": "", "pos": 1, "chunkLen": 1, "isStartTag": 1}}
06-28 16:38:14.868  2554  2568 E WProf.db: {"WprofHTMLTag": {"code": "0xb4cc7ba0", "doc": "http://searchengineland.com/searchcap-bing-ads-editor-update-bing-ads-voice-metrics-danny-sullivan-changes-277872", "row": 88, "column": 126, "tagName": "meta", "time": 28958.454593, "url": "", "pos": 1, "chunkLen": 1, "isStartTag": 1}}
06-28 16:38:14.868  2554  2568 E WProf.db: {"WprofHTMLTag": {"code": "0xb4cc7bd0", "doc": "http://searchengineland.com/searchcap-bing-ads-editor-update-bing-ads-voice-metrics-danny-sullivan-changes-277872", "row": 89, "column": 51, "tagName": "meta", "time": 28958.454714, "url": "", "pos": 1, "chunkLen": 1, "isStartTag": 1}}
06-28 16:38:14.868  2554  2568 E WProf.db: {"WprofHTMLTag": {"code": "0xb4cc7c00", "doc": "http://searchengineland.com/searchcap-bing-ads-editor-update-bing-ads-voice-metrics-danny-sullivan-changes-277872", "row": 90, "column": 128, "tagName": "meta", "time": 28958.454828, "url": "", "pos": 1, "chunkLen": 1, "isStartTag": 1}}
06-28 16:38:14.868  2554  2568 E WProf.db: {"WprofHTMLTag": {"code": "0xb4cc7c30", "doc": "http://searchengineland.com/searchcap-bing-ads-editor-update-bing-ads-voice-metrics-danny-sullivan-changes-277872", "row": 91, "column": 53, "tagName": "meta", "time": 28958.454938, "url": "", "pos": 1, "chunkLen": 1, "isStartTag": 1}}
06-28 16:38:14.868  2554  2568 E WProf.db: {"WprofHTMLTag": {"code": "0xb4cc7c60", "doc": "http://searchengineland.com/searchcap-bing-ads-editor-update-bing-ads-voice-metrics-danny-sullivan-changes-277872", "row": 94, "column": 44, "tagName": "link", "time": 28958.455061, "url": "http://s.w.org/", "pos": 1, "chunkLen": 1, "isStartTag": 1}}
06-28 16:38:14.868  2554  2568 E WProf.db: {"WprofHTMLTag": {"code": "0xb4cc7c90", "doc": "http://searchengineland.com/searchcap-bing-ads-editor-update-bing-ads-voice-metrics-danny-sullivan-changes-277872", "row": 95, "column": 33, "tagName": "script", "time": 28958.455299, "url": "", "pos": 1, "chunkLen": 1, "isStartTag": 1}}
06-28 16:38:14.869  2554  2568 E WProf.db: {"WprofHTMLTag": {"code": "0xb4cc7cc0", "doc": "http://searchengineland.com/searchcap-bing-ads-editor-update-bing-ads-voice-metrics-danny-sullivan-changes-277872", "row": 98, "column": 11, "tagName": "script", "time": 28958.455488, "url": "http://searchengineland.com/figz/wp-includes/js/wp-emoji-release.min.js?ver=4.7.5", "pos": 1, "chunkLen": 1, "isStartTag": 0}}
06-28 16:38:14.869  2554  2568 E WProf.db: {"WprofHTMLTag": {"code": "0x9ccc29c0", "doc": "http://searchengineland.com/searchcap-bing-ads-editor-update-bing-ads-voice-metrics-danny-sullivan-changes-277872", "row": 99, "column": 25, "tagName": "style", "time": 28959.199149, "url": "", "pos": 1, "chunkLen": 1, "isStartTag": 1}}
06-28 16:38:14.869  2554  2568 E WProf.db: {"WprofHTMLTag": {"code": "0x9ccc29f0", "doc": "http://searchengineland.com/searchcap-bing-ads-editor-update-bing-ads-voice-metrics-danny-sullivan-changes-277872", "row": 112, "column": 8, "tagName": "style", "time": 28959.199357, "url": "", "pos": 1, "chunkLen": 1, "isStartTag": 0}}
06-28 16:38:14.870  2554  2568 E WProf.db: {"WprofHTMLTag": {"code": "0x9ccc2a20", "doc": "http://searchengineland.com/searchcap-bing-ads-editor-update-bing-ads-voice-metrics-danny-sullivan-changes-277872", "row": 113, "column": 140, "tagName": "script", "time": 28959.201861, "url": "http://searchengineland.com/figz/wp-content/themes/searchengineland/js/lib/modernizr.custom.js?ver=1.0", "pos": 1, "chunkLen": 1, "isStartTag": 1}}
06-28 16:38:14.871  2554  2568 E WProf.db: {"WprofHTMLTag": {"code": "0x9ccc2a50", "doc": "http://searchengineland.com/searchcap-bing-ads-editor-update-bing-ads-voice-metrics-danny-sullivan-changes-277872", "row": 113, "column": 149, "tagName": "script", "time": 28959.202121, "url": "", "pos": 1, "chunkLen": 1, "isStartTag": 0}}
06-28 16:38:14.873  2554  2568 E WProf.db: {"WprofHTMLTag": {"code": "0x9ccc2ae0", "doc": "http://searchengineland.com/searchcap-bing-ads-editor-update-bing-ads-voice-metrics-danny-sullivan-changes-277872", "row": 114, "column": 144, "tagName": "script", "time": 28959.211211, "url": "http://searchengineland.com/figz/wp-content/themes/searchengineland/js/lib/jquery-1.11.0.min.js?ver=1.11.0", "pos": 1, "chunkLen": 1, "isStartTag": 1}}
06-28 16:38:14.873  2554  2568 E WProf.db: {"WprofHTMLTag": {"code": "0x9ccc2b10", "doc": "http://searchengineland.com/searchcap-bing-ads-editor-update-bing-ads-voice-metrics-danny-sullivan-changes-277872", "row": 114, "column": 153, "tagName": "script", "time": 28959.211495, "url": "", "pos": 1, "chunkLen": 1, "isStartTag": 0}}
06-28 16:38:14.873  2554  2568 E WProf.db: {"WprofHTMLTag": {"code": "0xaeddde40", "doc": "http://searchengineland.com/searchcap-bing-ads-editor-update-bing-ads-voice-metrics-danny-sullivan-changes-277872", "row": 0, "column": 15, "tagName": "div", "time": 28959.282645, "url": "", "pos": 15, "chunkLen": 44, "isStartTag": 1}}
06-28 16:38:14.873  2554  2568 E WProf.db: {"WprofHTMLTag": {"code": "0xaeddde10", "doc": "http://searchengineland.com/searchcap-bing-ads-editor-update-bing-ads-voice-metrics-danny-sullivan-changes-277872", "row": 0, "column": 21, "tagName": "div", "time": 28959.282778, "url": "", "pos": 21, "chunkLen": 44, "isStartTag": 0}}
06-28 16:38:14.874  2554  2568 E WProf.db: {"WprofHTMLTag": {"code": "0xaeddd7b0", "doc": "http://searchengineland.com/searchcap-bing-ads-editor-update-bing-ads-voice-metrics-danny-sullivan-changes-277872", "row": 0, "column": 38, "tagName": "div", "time": 28959.282844, "url": "", "pos": 38, "chunkLen": 44, "isStartTag": 1}}
06-28 16:38:14.874  2554  2568 E WProf.db: {"WprofHTMLTag": {"code": "0xaedddde0", "doc": "http://searchengineland.com/searchcap-bing-ads-editor-update-bing-ads-voice-metrics-danny-sullivan-changes-277872", "row": 0, "column": 44, "tagName": "div", "time": 28959.282961, "url": "", "pos": 44, "chunkLen": 44, "isStartTag": 0}}
06-28 16:38:14.874  2554  2568 E WProf.db: {"WprofHTMLTag": {"code": "0x9ccc2b70", "doc": "http://searchengineland.com/searchcap-bing-ads-editor-update-bing-ads-voice-metrics-danny-sullivan-changes-277872", "row": 0, "column": 13, "tagName": "select", "time": 28959.284402, "url": "", "pos": 13, "chunkLen": 51, "isStartTag": 1}}
06-28 16:38:14.874  2554  2568 E WProf.db: {"WprofHTMLTag": {"code": "0x9ccc2ba0", "doc": "http://searchengineland.com/searchcap-bing-ads-editor-update-bing-ads-voice-metrics-danny-sullivan-changes-277872", "row": 0, "column": 33, "tagName": "option", "time": 28959.284589, "url": "", "pos": 33, "chunkLen": 51, "isStartTag": 1}}
06-28 16:38:14.875  2554  2568 E WProf.db: {"WprofHTMLTag": {"code": "0x9ccc2bd0", "doc": "http://searchengineland.com/searchcap-bing-ads-editor-update-bing-ads-voice-metrics-danny-sullivan-changes-277872", "row": 0, "column": 42, "tagName": "option", "time": 28959.284775, "url": "", "pos": 42, "chunkLen": 51, "isStartTag": 0}}
06-28 16:38:14.875  2554  2568 E WProf.db: {"WprofHTMLTag": {"code": "0x9ccc2c00", "doc": "http://searchengineland.com/searchcap-bing-ads-editor-update-bing-ads-voice-metrics-danny-sullivan-changes-277872", "row": 0, "column": 51, "tagName": "select", "time": 28959.284834, "url": "", "pos": 51, "chunkLen": 51, "isStartTag": 0}}
06-28 16:38:14.875  2554  2568 E WProf.db: {"WprofHTMLTag": {"code": "0x9ccc2c30", "doc": "http://searchengineland.com/searchcap-bing-ads-editor-update-bing-ads-voice-metrics-danny-sullivan-changes-277872", "row": 0, "column": 12, "tagName": "a", "time": 28959.290207, "url": "", "pos": 12, "chunkLen": 16, "isStartTag": 1}}
06-28 16:38:14.875  2554  2568 E WProf.db: {"WprofHTMLTag": {"code": "0x9ccc2c60", "doc": "http://searchengineland.com/searchcap-bing-ads-editor-update-bing-ads-voice-metrics-danny-sullivan-changes-277872", "row": 0, "column": 16, "tagName": "a", "time": 28959.290373, "url": "", "pos": 16, "chunkLen": 16, "isStartTag": 0}}
06-28 16:38:14.875  2554  2568 E WProf.db: {"WprofHTMLTag": {"code": "0x9ccc2c90", "doc": "http://searchengineland.com/searchcap-bing-ads-editor-update-bing-ads-voice-metrics-danny-sullivan-changes-277872", "row": 0, "column": 8, "tagName": "input", "time": 28959.291475, "url": "", "pos": 8, "chunkLen": 8, "isStartTag": 1}}
06-28 16:38:14.875  2554  2568 E WProf.db: {"WprofHTMLTag": {"code": "0x9ccc2cc0", "doc": "http://searchengineland.com/searchcap-bing-ads-editor-update-bing-ads-voice-metrics-danny-sullivan-changes-277872", "row": 0, "column": 9, "tagName": "link", "time": 28959.301522, "url": "", "pos": 9, "chunkLen": 42, "isStartTag": 1}}
06-28 16:38:14.876  2554  2568 E WProf.db: {"WprofHTMLTag": {"code": "0x9ccc2cf0", "doc": "http://searchengineland.com/searchcap-bing-ads-editor-update-bing-ads-voice-metrics-danny-sullivan-changes-277872", "row": 0, "column": 16, "tagName": "table", "time": 28959.301635, "url": "", "pos": 16, "chunkLen": 42, "isStartTag": 1}}
06-28 16:38:14.876  2554  2568 E WProf.db: {"WprofHTMLTag": {"code": "0x9ccc2d20", "doc": "http://searchengineland.com/searchcap-bing-ads-editor-update-bing-ads-voice-metrics-danny-sullivan-changes-277872", "row": 0, "column": 24, "tagName": "table", "time": 28959.301743, "url": "", "pos": 24, "chunkLen": 42, "isStartTag": 0}}
06-28 16:38:14.876  2554  2568 E WProf.db: {"WprofHTMLTag": {"code": "0x9ccc2d50", "doc": "http://searchengineland.com/searchcap-bing-ads-editor-update-bing-ads-voice-metrics-danny-sullivan-changes-277872", "row": 0, "column": 37, "tagName": "a", "time": 28959.301804, "url": "", "pos": 37, "chunkLen": 42, "isStartTag": 1}}
06-28 16:38:14.876  2554  2568 E WProf.db: {"WprofHTMLTag": {"code": "0x9ccc2d80", "doc": "http://searchengineland.com/searchcap-bing-ads-editor-update-bing-ads-voice-metrics-danny-sullivan-changes-277872", "row": 0, "column": 42, "tagName": "a", "time": 28959.301967, "url": "", "pos": 42, "chunkLen": 42, "isStartTag": 0}}
06-28 16:38:14.876  2554  2568 E WProf.db: {"WprofHTMLTag": {"code": "0x9ccc2e10", "doc": "http://searchengineland.com/searchcap-bing-ads-editor-update-bing-ads-voice-metrics-danny-sullivan-changes-277872", "row": 0, "column": 10, "tagName": "textarea", "time": 28959.303278, "url": "", "pos": 10, "chunkLen": 22, "isStartTag": 1}}
06-28 16:38:14.876  2554  2568 E WProf.db: {"WprofHTMLTag": {"code": "0x9ccc2e40", "doc": "http://searchengineland.com/searchcap-bing-ads-editor-update-bing-ads-voice-metrics-danny-sullivan-changes-277872", "row": 0, "column": 22, "tagName": "textarea", "time": 28959.303465, "url": "", "pos": 22, "chunkLen": 22, "isStartTag": 0}}
06-28 16:38:14.876  2554  2568 E WProf.db: {"WprofHTMLTag": {"code": "0x9ccc2e70", "doc": "http://searchengineland.com/searchcap-bing-ads-editor-update-bing-ads-voice-metrics-danny-sullivan-changes-277872", "row": 0, "column": 48, "tagName": "input", "time": 28959.304624, "url": "", "pos": 48, "chunkLen": 48, "isStartTag": 1}}
06-28 16:38:14.876  2554  2568 E WProf.db: {"WprofHTMLTag": {"code": "0x9ccc2ed0", "doc": "http://searchengineland.com/searchcap-bing-ads-editor-update-bing-ads-voice-metrics-danny-sullivan-changes-277872", "row": 0, "column": 9, "tagName": "link", "time": 28959.308789, "url": "", "pos": 9, "chunkLen": 66, "isStartTag": 1}}
06-28 16:38:14.876  2554  2568 E WProf.db: {"WprofHTMLTag": {"code": "0x9ccc2f00", "doc": "http://searchengineland.com/searchcap-bing-ads-editor-update-bing-ads-voice-metrics-danny-sullivan-changes-277872", "row": 0, "column": 16, "tagName": "table", "time": 28959.308900, "url": "", "pos": 16, "chunkLen": 66, "isStartTag": 1}}
06-28 16:38:14.877  2554  2568 E WProf.db: {"WprofHTMLTag": {"code": "0x9ccc2f30", "doc": "http://searchengineland.com/searchcap-bing-ads-editor-update-bing-ads-voice-metrics-danny-sullivan-changes-277872", "row": 0, "column": 24, "tagName": "table", "time": 28959.308976, "url": "", "pos": 24, "chunkLen": 66, "isStartTag": 0}}
06-28 16:38:14.878  2554  2568 E WProf.db: {"WprofHTMLTag": {"code": "0x9ccc2f60", "doc": "http://searchengineland.com/searchcap-bing-ads-editor-update-bing-ads-voice-metrics-danny-sullivan-changes-277872", "row": 0, "column": 37, "tagName": "a", "time": 28959.309038, "url": "", "pos": 37, "chunkLen": 66, "isStartTag": 1}}
06-28 16:38:14.878  2554  2568 E WProf.db: {"WprofHTMLTag": {"code": "0x9ccc2f90", "doc": "http://searchengineland.com/searchcap-bing-ads-editor-update-bing-ads-voice-metrics-danny-sullivan-changes-277872", "row": 0, "column": 42, "tagName": "a", "time": 28959.309214, "url": "", "pos": 42, "chunkLen": 66, "isStartTag": 0}}
06-28 16:38:14.879  2554  2568 E WProf.db: {"WprofHTMLTag": {"code": "0x9ccc2fc0", "doc": "http://searchengineland.com/searchcap-bing-ads-editor-update-bing-ads-voice-metrics-danny-sullivan-changes-277872", "row": 0, "column": 66, "tagName": "input", "time": 28959.309272, "url": "", "pos": 66, "chunkLen": 66, "isStartTag": 1}}
