--------- beginning of main
06-28 15:03:42.907  3449  3449 E Finsky  : [1] com.google.android.finsky.wear.bl.a(3): onConnectionFailed: ConnectionResult{statusCode=API_UNAVAILABLE, resolution=null, message=null}
--------- beginning of system
06-28 15:03:43.961 30388 30388 E chromium: [ERROR:shell_integration_android.cc(12)] Not implemented reached in static ShellIntegration::DefaultWebClientSetPermission ShellIntegration::CanSetAsDefaultBrowser()
06-28 15:03:43.964 30388 30388 E chromium: [ERROR:browser_process_impl.cc(720)] Not implemented reached in virtual BackgroundModeManager* BrowserProcessImpl::background_mode_manager()
06-28 15:03:44.322  3218 29897 E AudioRecord-JNI: Error -4 during AudioRecord native read
06-28 15:03:46.762 30388 30433 E chromium: [ERROR:gles2_cmd_decoder.cc(3852)] [.ChromiumCompositor-0xacbb2fc0]GL ERROR :GL_INVALID_ENUM : glDiscardFramebufferEXT: attachments was GL_COLOR_EXT
06-28 15:03:47.331 30455 30468 E WPROF   : {"Javascript": {"url": "https://cdn.ampproject.org/rtv/011498506512561/v0.js", "requestTime": 23304.387209}}
06-28 15:03:47.332 30455 30468 E WPROF   : {"Javascript": {"url": "https://cdn.ampproject.org/rtv/011498506512561/v0/amp-ad-0.1.js", "requestTime": 23304.387974}}
06-28 15:03:47.333 30455 30468 E WPROF   : {"Javascript": {"url": "https://cdn.ampproject.org/rtv/011498506512561/v0/amp-analytics-0.1.js", "requestTime": 23304.388659}}
06-28 15:03:47.334 30455 30468 E WPROF   : {"Javascript": {"url": "https://cdn.ampproject.org/rtv/011498506512561/v0/amp-anim-0.1.js", "requestTime": 23304.389398}}
06-28 15:03:47.335 30455 30468 E WPROF   : {"Javascript": {"url": "https://cdn.ampproject.org/rtv/011498506512561/v0/amp-form-0.1.js", "requestTime": 23304.390294}}
06-28 15:03:47.335 30455 30468 E WPROF   : {"Javascript": {"url": "https://cdn.ampproject.org/rtv/011498506512561/v0/amp-sidebar-0.1.js", "requestTime": 23304.390988}}
06-28 15:03:47.336 30455 30468 E WPROF   : {"Javascript": {"url": "https://cdn.ampproject.org/rtv/011498506512561/v0/amp-video-0.1.js", "requestTime": 23304.391666}}
06-28 15:03:47.337 30455 30468 E WPROF   : {"Javascript": {"url": "https://cdn.ampproject.org/rtv/011498506512561/v0/amp-youtube-0.1.js", "requestTime": 23304.392387}}
06-28 15:03:47.338 30455 30468 E WPROF   : {"CSS": {"url": "https://fonts.googleapis.com/css?family=Oswald:300,400,700", "requestTime": 23304.393336}}
06-28 15:03:47.338 30455 30468 E WPROF   : {"CSS": {"url": "https://fonts.googleapis.com/css?family=Merriweather:400,400italic,700,700italic", "requestTime": 23304.393983}}
06-28 15:03:47.348 30455 30468 E WPROF   : {"Javascript": {"url": "https://cdn.ampproject.org/rtv/011498506512561/v0/amp-mustache-0.1.js", "requestTime": 23304.403289}}
06-28 15:03:48.079 30388 30433 E chromium: [ERROR:gles2_cmd_decoder.cc(3852)] [.ChromiumCompositor-0xacbb2fc0]GL ERROR :GL_INVALID_ENUM : glDiscardFramebufferEXT: attachments was GL_COLOR_EXT
06-28 15:03:48.758 30388 30433 E chromium: [ERROR:gles2_cmd_decoder.cc(3852)] [.ChromiumCompositor-0xacbb2fc0]GL ERROR :GL_INVALID_ENUM : glDiscardFramebufferEXT: attachments was GL_COLOR_EXT
06-28 15:03:49.011 30388 30433 E chromium: [ERROR:gles2_cmd_decoder.cc(3852)] [.ChromiumCompositor-0xacbb2fc0]GL ERROR :GL_INVALID_ENUM : glDiscardFramebufferEXT: attachments was GL_COLOR_EXT
06-28 15:03:49.051 30388 30433 E chromium: [ERROR:gles2_cmd_decoder.cc(3852)] [.ChromiumCompositor-0xacbb2fc0]GL ERROR :GL_INVALID_ENUM : glDiscardFramebufferEXT: attachments was GL_COLOR_EXT
06-28 15:03:49.073 30388 30433 E chromium: [ERROR:gles2_cmd_decoder.cc(3852)] [.ChromiumCompositor-0xacbb2fc0]GL ERROR :GL_INVALID_ENUM : glDiscardFramebufferEXT: attachments was GL_COLOR_EXT
06-28 15:03:49.091 30388 30433 E chromium: [ERROR:gles2_cmd_decoder.cc(3852)] [.ChromiumCompositor-0xacbb2fc0]GL ERROR :GL_INVALID_ENUM : glDiscardFramebufferEXT: attachments was GL_COLOR_EXT
06-28 15:03:49.161 30388 30433 E chromium: [ERROR:gles2_cmd_decoder.cc(3852)] [.ChromiumCompositor-0xacbb2fc0]GL ERROR :GL_INVALID_ENUM : glDiscardFramebufferEXT: attachments was GL_COLOR_EXT
06-28 15:03:49.168 30388 30433 E chromium: [ERROR:gles2_cmd_decoder.cc(3852)] [.ChromiumCompositor-0xacbb2fc0]GL ERROR :GL_INVALID_ENUM : glDiscardFramebufferEXT: attachments was GL_COLOR_EXT
06-28 15:03:49.182 30388 30433 E chromium: [ERROR:gles2_cmd_decoder.cc(3852)] [.ChromiumCompositor-0xacbb2fc0]GL ERROR :GL_INVALID_ENUM : glDiscardFramebufferEXT: attachments was GL_COLOR_EXT
06-28 15:03:49.187 30388 30433 E chromium: [ERROR:gles2_cmd_decoder.cc(3852)] [.ChromiumCompositor-0xacbb2fc0]GL ERROR :GL_INVALID_ENUM : glDiscardFramebufferEXT: attachments was GL_COLOR_EXT
06-28 15:03:49.200 30388 30433 E chromium: [ERROR:gles2_cmd_decoder.cc(3852)] [.ChromiumCompositor-0xacbb2fc0]GL ERROR :GL_INVALID_ENUM : glDiscardFramebufferEXT: attachments was GL_COLOR_EXT
06-28 15:03:49.217 30388 30433 E chromium: [ERROR:gles2_cmd_decoder.cc(3852)] [.ChromiumCompositor-0xacbb2fc0]GL ERROR :GL_INVALID_ENUM : glDiscardFramebufferEXT: attachments was GL_COLOR_EXT
06-28 15:03:49.229 30388 30433 E chromium: [ERROR:gles2_cmd_decoder.cc(3852)] [.ChromiumCompositor-0xacbb2fc0]GL ERROR :GL_INVALID_ENUM : glDiscardFramebufferEXT: attachments was GL_COLOR_EXT
06-28 15:03:49.241 30388 30433 E chromium: [ERROR:gles2_cmd_decoder.cc(3852)] [.ChromiumCompositor-0xacbb2fc0]GL ERROR :GL_INVALID_ENUM : glDiscardFramebufferEXT: attachments was GL_COLOR_EXT
06-28 15:03:49.256 30388 30433 E chromium: [ERROR:gles2_cmd_decoder.cc(3852)] [.ChromiumCompositor-0xacbb2fc0]GL ERROR :GL_INVALID_ENUM : glDiscardFramebufferEXT: attachments was GL_COLOR_EXT
06-28 15:03:49.272 30388 30433 E chromium: [ERROR:gles2_cmd_decoder.cc(3852)] [.ChromiumCompositor-0xacbb2fc0]GL ERROR :GL_INVALID_ENUM : glDiscardFramebufferEXT: attachments was GL_COLOR_EXT
06-28 15:03:49.289 30388 30433 E chromium: [ERROR:gles2_cmd_decoder.cc(3852)] [.ChromiumCompositor-0xacbb2fc0]GL ERROR :GL_INVALID_ENUM : glDiscardFramebufferEXT: attachments was GL_COLOR_EXT
06-28 15:03:49.306 30388 30433 E chromium: [ERROR:gles2_cmd_decoder.cc(3852)] [.ChromiumCompositor-0xacbb2fc0]GL ERROR :GL_INVALID_ENUM : glDiscardFramebufferEXT: attachments was GL_COLOR_EXT
06-28 15:03:49.325 30388 30433 E chromium: [ERROR:gles2_cmd_decoder.cc(3852)] [.ChromiumCompositor-0xacbb2fc0]GL ERROR :GL_INVALID_ENUM : glDiscardFramebufferEXT: attachments was GL_COLOR_EXT
06-28 15:03:49.329 30388 30433 E chromium: [ERROR:gles2_cmd_decoder.cc(3852)] [.ChromiumCompositor-0xacbb2fc0]GL ERROR :GL_INVALID_ENUM : glDiscardFramebufferEXT: attachments was GL_COLOR_EXT
06-28 15:03:49.357 30388 30433 E chromium: [ERROR:gles2_cmd_decoder.cc(3852)] [.ChromiumCompositor-0xacbb2fc0]GL ERROR :GL_INVALID_ENUM : glDiscardFramebufferEXT: attachments was GL_COLOR_EXT
06-28 15:03:49.379 30388 30433 E chromium: [ERROR:gles2_cmd_decoder.cc(3852)] [.ChromiumCompositor-0xacbb2fc0]GL ERROR :GL_INVALID_ENUM : glDiscardFramebufferEXT: attachments was GL_COLOR_EXT
06-28 15:03:49.391 30388 30433 E chromium: [ERROR:gles2_cmd_decoder.cc(3852)] [.ChromiumCompositor-0xacbb2fc0]GL ERROR :GL_INVALID_ENUM : glDiscardFramebufferEXT: attachments was GL_COLOR_EXT
06-28 15:03:49.407 30388 30433 E chromium: [ERROR:gles2_cmd_decoder.cc(3852)] [.ChromiumCompositor-0xacbb2fc0]GL ERROR :GL_INVALID_ENUM : glDiscardFramebufferEXT: attachments was GL_COLOR_EXT
06-28 15:03:49.422 30388 30433 E chromium: [ERROR:gles2_cmd_decoder.cc(3852)] [.ChromiumCompositor-0xacbb2fc0]GL ERROR :GL_INVALID_ENUM : glDiscardFramebufferEXT: attachments was GL_COLOR_EXT
06-28 15:03:49.441 30388 30433 E chromium: [ERROR:gles2_cmd_decoder.cc(3852)] [.ChromiumCompositor-0xacbb2fc0]GL ERROR :GL_INVALID_ENUM : glDiscardFramebufferEXT: attachments was GL_COLOR_EXT
06-28 15:03:49.462 30388 30433 E chromium: [ERROR:gles2_cmd_decoder.cc(3852)] [.ChromiumCompositor-0xacbb2fc0]GL ERROR :GL_INVALID_ENUM : glDiscardFramebufferEXT: attachments was GL_COLOR_EXT
06-28 15:03:49.475 30388 30433 E chromium: [ERROR:gles2_cmd_decoder.cc(3852)] [.ChromiumCompositor-0xacbb2fc0]GL ERROR :GL_INVALID_ENUM : glDiscardFramebufferEXT: attachments was GL_COLOR_EXT
06-28 15:03:49.491 30388 30433 E chromium: [ERROR:gles2_cmd_decoder.cc(3852)] [.ChromiumCompositor-0xacbb2fc0]GL ERROR :GL_INVALID_ENUM : glDiscardFramebufferEXT: attachments was GL_COLOR_EXT
06-28 15:03:49.507 30388 30433 E chromium: [ERROR:gles2_cmd_decoder.cc(3852)] [.ChromiumCompositor-0xacbb2fc0]GL ERROR :GL_INVALID_ENUM : glDiscardFramebufferEXT: attachments was GL_COLOR_EXT
06-28 15:03:49.529 30388 30433 E chromium: [ERROR:gles2_cmd_decoder.cc(3852)] [.ChromiumCompositor-0xacbb2fc0]GL ERROR :GL_INVALID_ENUM : glDiscardFramebufferEXT: attachments was GL_COLOR_EXT
06-28 15:03:49.547 30388 30433 E chromium: [ERROR:gles2_cmd_decoder.cc(3852)] [.ChromiumCompositor-0xacbb2fc0]GL ERROR :GL_INVALID_ENUM : glDiscardFramebufferEXT: attachments was GL_COLOR_EXT
06-28 15:03:49.558 30388 30433 E chromium: [ERROR:gles2_cmd_decoder.cc(3852)] [.ChromiumCompositor-0xacbb2fc0]GL ERROR :GL_INVALID_ENUM : glDiscardFramebufferEXT: attachments was GL_COLOR_EXT
06-28 15:03:49.578 30388 30433 E chromium: [ERROR:gles2_cmd_decoder.cc(3852)] [.ChromiumCompositor-0xacbb2fc0]GL ERROR :GL_INVALID_ENUM : glDiscardFramebufferEXT: attachments was GL_COLOR_EXT
06-28 15:03:49.591 30388 30433 E chromium: [ERROR:gles2_cmd_decoder.cc(3852)] [.ChromiumCompositor-0xacbb2fc0]GL ERROR :GL_INVALID_ENUM : glDiscardFramebufferEXT: attachments was GL_COLOR_EXT
06-28 15:03:49.594 30388 30433 E chromium: [ERROR:gles2_cmd_decoder.cc(3852)] [.ChromiumCompositor-0xacbb2fc0]GL ERROR :GL_INVALID_ENUM : glDiscardFramebufferEXT: attachments was GL_COLOR_EXT
06-28 15:03:49.625 30388 30433 E chromium: [ERROR:gles2_cmd_decoder.cc(3852)] [.ChromiumCompositor-0xacbb2fc0]GL ERROR :GL_INVALID_ENUM : glDiscardFramebufferEXT: attachments was GL_COLOR_EXT
06-28 15:03:49.631   862  1657 E LocSvc_IzatApiV02: E/virtual int izat_core::IzatApiV02::getBatchSize(int32_t):522]: Error : st = 4, ind.status = -1628389555
06-28 15:03:49.631   862  1657 E LocSvc_IzatApiV02: E/virtual int izat_core::IzatApiV02::getBatchSize(int32_t):535]: get batching size failed.Or modem does not support batching 
06-28 15:03:49.640   862  1657 E LocSvc_IzatApiV02: E/virtual int izat_core::IzatApiV02::getBatchSize(int32_t):522]: Error : st = 4, ind.status = -1628389555
06-28 15:03:49.640   862  1657 E LocSvc_IzatApiV02: E/virtual int izat_core::IzatApiV02::getBatchSize(int32_t):535]: get batching size failed.Or modem does not support batching 
06-28 15:03:49.643 30388 30433 E chromium: [ERROR:gles2_cmd_decoder.cc(3852)] [.ChromiumCompositor-0xacbb2fc0]GL ERROR :GL_INVALID_ENUM : glDiscardFramebufferEXT: attachments was GL_COLOR_EXT
06-28 15:03:49.656 30388 30433 E chromium: [ERROR:gles2_cmd_decoder.cc(3852)] [.ChromiumCompositor-0xacbb2fc0]GL ERROR :GL_INVALID_ENUM : glDiscardFramebufferEXT: attachments was GL_COLOR_EXT
06-28 15:03:49.673   862  1657 E LocSvc_IzatApiV02: E/virtual int izat_core::IzatApiV02::getBatchSize(int32_t):522]: Error : st = 4, ind.status = -1628389555
06-28 15:03:49.673   862  1657 E LocSvc_IzatApiV02: E/virtual int izat_core::IzatApiV02::getBatchSize(int32_t):535]: get batching size failed.Or modem does not support batching 
06-28 15:03:49.674 30388 30433 E chromium: [ERROR:gles2_cmd_decoder.cc(3852)] [.ChromiumCompositor-0xacbb2fc0]GL ERROR :GL_INVALID_ENUM : glDiscardFramebufferEXT: attachments was GL_COLOR_EXT
06-28 15:03:49.682   862  1657 E LocSvc_IzatApiV02: E/virtual int izat_core::IzatApiV02::getBatchSize(int32_t):522]: Error : st = 4, ind.status = -1628389555
06-28 15:03:49.683   862  1657 E LocSvc_IzatApiV02: E/virtual int izat_core::IzatApiV02::getBatchSize(int32_t):535]: get batching size failed.Or modem does not support batching 
06-28 15:03:49.690 30388 30433 E chromium: [ERROR:gles2_cmd_decoder.cc(3852)] [.ChromiumCompositor-0xacbb2fc0]GL ERROR :GL_INVALID_ENUM : glDiscardFramebufferEXT: attachments was GL_COLOR_EXT
06-28 15:03:49.691 30455 30468 E WPROF   : {"Javascript": {"url": "https://cdn.ampproject.org/rtv/011498506512561/v0/amp-crypto-polyfill-0.1.js", "requestTime": 23306.746395}}
06-28 15:03:49.707 30388 30433 E chromium: [ERROR:gles2_cmd_decoder.cc(3852)] [.ChromiumCompositor-0xacbb2fc0]GL ERROR :GL_INVALID_ENUM : glDiscardFramebufferEXT: attachments was GL_COLOR_EXT
06-28 15:03:49.723 30388 30433 E chromium: [ERROR:gles2_cmd_decoder.cc(3852)] [.ChromiumCompositor-0xacbb2fc0]GL ERROR :GL_INVALID_ENUM : glDiscardFramebufferEXT: attachments was GL_COLOR_EXT
06-28 15:03:49.740 30388 30433 E chromium: [ERROR:gles2_cmd_decoder.cc(3852)] [.ChromiumCompositor-0xacbb2fc0]GL ERROR :GL_INVALID_ENUM : glDiscardFramebufferEXT: attachments was GL_COLOR_EXT
06-28 15:03:49.766 30388 30433 E chromium: [ERROR:gles2_cmd_decoder.cc(3852)] [.ChromiumCompositor-0xacbb2fc0]GL ERROR :GL_INVALID_ENUM : glDiscardFramebufferEXT: attachments was GL_COLOR_EXT
06-28 15:03:49.768 30388 30433 E chromium: [ERROR:gles2_cmd_decoder.cc(3852)] [.ChromiumCompositor-0xacbb2fc0]GL ERROR :GL_INVALID_ENUM : glDiscardFramebufferEXT: attachments was GL_COLOR_EXT
06-28 15:03:49.775 30388 30433 E chromium: [ERROR:gles2_cmd_decoder.cc(3852)] [.ChromiumCompositor-0xacbb2fc0]GL ERROR :GL_INVALID_ENUM : glDiscardFramebufferEXT: attachments was GL_COLOR_EXT
06-28 15:03:49.791 30388 30433 E chromium: [ERROR:gles2_cmd_decoder.cc(3852)] [.ChromiumCompositor-0xacbb2fc0]GL ERROR :GL_INVALID_ENUM : glDiscardFramebufferEXT: attachments was GL_COLOR_EXT
06-28 15:03:49.807 30388 30433 E chromium: [ERROR:gles2_cmd_decoder.cc(3852)] [.ChromiumCompositor-0xacbb2fc0]GL ERROR :GL_INVALID_ENUM : glDiscardFramebufferEXT: attachments was GL_COLOR_EXT
06-28 15:03:49.823 30388 30433 E chromium: [ERROR:gles2_cmd_decoder.cc(3852)] [.ChromiumCompositor-0xacbb2fc0]GL ERROR :GL_INVALID_ENUM : glDiscardFramebufferEXT: attachments was GL_COLOR_EXT
06-28 15:03:49.843 30388 30433 E chromium: [ERROR:gles2_cmd_decoder.cc(3852)] [.ChromiumCompositor-0xacbb2fc0]GL ERROR :GL_INVALID_ENUM : glDiscardFramebufferEXT: attachments was GL_COLOR_EXT
06-28 15:03:49.859 30388 30433 E chromium: [ERROR:gles2_cmd_decoder.cc(3852)] [.ChromiumCompositor-0xacbb2fc0]GL ERROR :GL_INVALID_ENUM : glDiscardFramebufferEXT: attachments was GL_COLOR_EXT
06-28 15:03:49.875 30388 30433 E chromium: [ERROR:gles2_cmd_decoder.cc(3852)] [.ChromiumCompositor-0xacbb2fc0]GL ERROR :GL_INVALID_ENUM : glDiscardFramebufferEXT: attachments was GL_COLOR_EXT
06-28 15:03:49.891 30388 30433 E chromium: [ERROR:gles2_cmd_decoder.cc(3852)] [.ChromiumCompositor-0xacbb2fc0]GL ERROR :GL_INVALID_ENUM : glDiscardFramebufferEXT: attachments was GL_COLOR_EXT
06-28 15:03:49.906 30455 30468 E WProf.db: {"page": "searchengineland-com.cdn.ampproject.org_c_searchengineland.com_search-engine-lands-engaging-stories-2016-whole-lotta-google-266825_amp"}
06-28 15:03:49.906 30455 30468 E WProf.db: {"DOMLoad": 23306.961592}
06-28 15:03:49.906 30455 30468 E WProf.db: {"Resource": {"id": 1, "url": "https://searchengineland-com.cdn.ampproject.org/c/searchengineland.com/search-engine-lands-engaging-stories-2016-whole-lotta-google-266825/amp", "sentTime": -1.000000, "len": 46295, "from": "0x0", "mimeType": "text/html", "contentLength": -1, "httpStatus": 200, "connId": 22, "connReused": 0, "cached": 0,"requestTime": 23303.730903, "proxyStart": -1, "proxyEnd": -1, "dnsStart": 0, "dnsEnd": 0, "connectStart": 0, "connectEnd": 170, "sendStart": 170, "sendEnd": 170, "receiveHeadersEnd": 556, "sslStart": 0, "sslEnd": 169}}
06-28 15:03:49.906 30455 30468 E WProf.db: {"ReceivedChunk": {"receivedTime": 23304.310878, "len": 527}}
06-28 15:03:49.906 30455 30468 E WProf.db: {"ReceivedChunk": {"receivedTime": 23304.383169, "len": 17201}}
06-28 15:03:49.906 30455 30468 E WProf.db: {"ReceivedChunk": {"receivedTime": 23304.383371, "len": 28567}}
06-28 15:03:49.906 30455 30468 E WProf.db: {"WprofHTMLTag": {"code": "0xaedd7660", "doc": "https://searchengineland-com.cdn.ampproject.org/c/searchengineland.com/search-engine-lands-engaging-stories-2016-whole-lotta-google-266825/amp", "row": 0, "column": 25, "tagName": "html", "time": 23304.383920, "url": "", "pos": 1, "chunkLen": 1, "isStartTag": 1}}
06-28 15:03:49.907 30455 30468 E WProf.db: {"WprofHTMLTag": {"code": "0xaedd75d0", "doc": "https://searchengineland-com.cdn.ampproject.org/c/searchengineland.com/search-engine-lands-engaging-stories-2016-whole-lotta-google-266825/amp", "row": 0, "column": 31, "tagName": "head", "time": 23304.384160, "url": "", "pos": 1, "chunkLen": 1, "isStartTag": 1}}
06-28 15:03:49.907 30455 30468 E WProf.db: {"WprofHTMLTag": {"code": "0xaf047880", "doc": "https://searchengineland-com.cdn.ampproject.org/c/searchengineland.com/search-engine-lands-engaging-stories-2016-whole-lotta-google-266825/amp", "row": 0, "column": 53, "tagName": "meta", "time": 23304.384183, "url": "", "pos": 1, "chunkLen": 1, "isStartTag": 1}}
06-28 15:03:49.907 30455 30468 E WProf.db: {"WprofHTMLTag": {"code": "0xaf0478b0", "doc": "https://searchengineland-com.cdn.ampproject.org/c/searchengineland.com/search-engine-lands-engaging-stories-2016-whole-lotta-google-266825/amp", "row": 0, "column": 88, "tagName": "meta", "time": 23304.384274, "url": "", "pos": 1, "chunkLen": 1, "isStartTag": 1}}
06-28 15:03:49.907 30455 30468 E WProf.db: {"WprofHTMLTag": {"code": "0xaf0478e0", "doc": "https://searchengineland-com.cdn.ampproject.org/c/searchengineland.com/search-engine-lands-engaging-stories-2016-whole-lotta-google-266825/amp", "row": 0, "column": 122, "tagName": "meta", "time": 23304.384380, "url": "", "pos": 1, "chunkLen": 1, "isStartTag": 1}}
06-28 15:03:49.907 30455 30468 E WProf.db: {"WprofHTMLTag": {"code": "0xaf047910", "doc": "https://searchengineland-com.cdn.ampproject.org/c/searchengineland.com/search-engine-lands-engaging-stories-2016-whole-lotta-google-266825/amp", "row": 0, "column": 247, "tagName": "meta", "time": 23304.384496, "url": "", "pos": 1, "chunkLen": 1, "isStartTag": 1}}
06-28 15:03:49.907 30455 30468 E WProf.db: {"WprofHTMLTag": {"code": "0xaf047940", "doc": "https://searchengineland-com.cdn.ampproject.org/c/searchengineland.com/search-engine-lands-engaging-stories-2016-whole-lotta-google-266825/amp", "row": 0, "column": 303, "tagName": "meta", "time": 23304.384694, "url": "", "pos": 1, "chunkLen": 1, "isStartTag": 1}}
06-28 15:03:49.907 30455 30468 E WProf.db: {"WprofHTMLTag": {"code": "0xaf047970", "doc": "https://searchengineland-com.cdn.ampproject.org/c/searchengineland.com/search-engine-lands-engaging-stories-2016-whole-lotta-google-266825/amp", "row": 0, "column": 512, "tagName": "meta", "time": 23304.384809, "url": "", "pos": 1, "chunkLen": 1, "isStartTag": 1}}
06-28 15:03:49.907 30455 30468 E WProf.db: {"WprofHTMLTag": {"code": "0xaf0479a0", "doc": "https://searchengineland-com.cdn.ampproject.org/c/searchengineland.com/search-engine-lands-engaging-stories-2016-whole-lotta-google-266825/amp", "row": 0, "column": 626, "tagName": "meta", "time": 23304.385234, "url": "", "pos": 1, "chunkLen": 1, "isStartTag": 1}}
06-28 15:03:49.907 30455 30468 E WProf.db: {"WprofHTMLTag": {"code": "0xaf047af0", "doc": "https://searchengineland-com.cdn.ampproject.org/c/searchengineland.com/search-engine-lands-engaging-stories-2016-whole-lotta-google-266825/amp", "row": 0, "column": 675, "tagName": "meta", "time": 23304.385375, "url": "", "pos": 1, "chunkLen": 1, "isStartTag": 1}}
06-28 15:03:49.907 30455 30468 E WProf.db: {"WprofHTMLTag": {"code": "0xaf047b20", "doc": "https://searchengineland-com.cdn.ampproject.org/c/searchengineland.com/search-engine-lands-engaging-stories-2016-whole-lotta-google-266825/amp", "row": 0, "column": 803, "tagName": "meta", "time": 23304.385483, "url": "", "pos": 1, "chunkLen": 1, "isStartTag": 1}}
06-28 15:03:49.908 30455 30468 E WProf.db: {"WprofHTMLTag": {"code": "0xaf047b50", "doc": "https://searchengineland-com.cdn.ampproject.org/c/searchengineland.com/search-engine-lands-engaging-stories-2016-whole-lotta-google-266825/amp", "row": 0, "column": 850, "tagName": "meta", "time": 23304.385588, "url": "", "pos": 1, "chunkLen": 1, "isStartTag": 1}}
06-28 15:03:49.908 30455 30468 E WProf.db: {"WprofHTMLTag": {"code": "0xaf047ac0", "doc": "https://searchengineland-com.cdn.ampproject.org/c/searchengineland.com/search-engine-lands-engaging-stories-2016-whole-lotta-google-266825/amp", "row": 0, "column": 893, "tagName": "meta", "time": 23304.385708, "url": "", "pos": 1, "chunkLen": 1, "isStartTag": 1}}
06-28 15:03:49.908 30388 30433 E chromium: [ERROR:gles2_cmd_decoder.cc(3852)] [.ChromiumCompositor-0xacbb2fc0]GL ERROR :GL_INVALID_ENUM : glDiscardFramebufferEXT: attachments was GL_COLOR_EXT
06-28 15:03:49.908 30455 30468 E WProf.db: {"WprofHTMLTag": {"code": "0xaf047a90", "doc": "https://searchengineland-com.cdn.ampproject.org/c/searchengineland.com/search-engine-lands-engaging-stories-2016-whole-lotta-google-266825/amp", "row": 0, "column": 934, "tagName": "meta", "time": 23304.385820, "url": "", "pos": 1, "chunkLen": 1, "isStartTag": 1}}
06-28 15:03:49.908 30455 30468 E WProf.db: {"WprofHTMLTag": {"code": "0xaf047b80", "doc": "https://searchengineland-com.cdn.ampproject.org/c/searchengineland.com/search-engine-lands-engaging-stories-2016-whole-lotta-google-266825/amp", "row": 0, "column": 1047, "tagName": "meta", "time": 23304.385940, "url": "", "pos": 1, "chunkLen": 1, "isStartTag": 1}}
06-28 15:03:49.908 30455 30468 E WProf.db: {"WprofHTMLTag": {"code": "0xaf047bb0", "doc": "https://searchengineland-com.cdn.ampproject.org/c/searchengineland.com/search-engine-lands-engaging-stories-2016-whole-lotta-google-266825/amp", "row": 0, "column": 1255, "tagName": "meta", "time": 23304.386048, "url": "", "pos": 1, "chunkLen": 1, "isStartTag": 1}}
06-28 15:03:49.914 30455 30468 E WProf.db: {"WprofHTMLTag": {"code": "0xaf047be0", "doc": "https://searchengineland-com.cdn.ampproject.org/c/searchengineland.com/search-engine-lands-engaging-stories-2016-whole-lotta-google-266825/amp", "row": 0, "column": 1385, "tagName": "meta", "time": 23304.386162, "url": "", "pos": 1, "chunkLen": 1, "isStartTag": 1}}
06-28 15:03:49.914 30455 30468 E WProf.db: {"WprofHTMLTag": {"code": "0xaf047c10", "doc": "https://searchengineland-com.cdn.ampproject.org/c/searchengineland.com/search-engine-lands-engaging-stories-2016-whole-lotta-google-266825/amp", "row": 0, "column": 1444, "tagName": "meta", "time": 23304.386266, "url": "", "pos": 1, "chunkLen": 1, "isStartTag": 1}}
06-28 15:03:49.914 30455 30468 E WProf.db: {"WprofHTMLTag": {"code": "0xaf047c40", "doc": "https://searchengineland-com.cdn.ampproject.org/c/searchengineland.com/search-engine-lands-engaging-stories-2016-whole-lotta-google-266825/amp", "row": 0, "column": 1571, "tagName": "meta", "time": 23304.386374, "url": "", "pos": 1, "chunkLen": 1, "isStartTag": 1}}
06-28 15:03:49.915 30455 30468 E WProf.db: {"WprofHTMLTag": {"code": "0xaf047c70", "doc": "https://searchengineland-com.cdn.ampproject.org/c/searchengineland.com/search-engine-lands-engaging-stories-2016-whole-lotta-google-266825/amp", "row": 0, "column": 1616, "tagName": "meta", "time": 23304.386481, "url": "", "pos": 1, "chunkLen": 1, "isStartTag": 1}}
06-28 15:03:49.915 30455 30468 E WProf.db: {"WprofHTMLTag": {"code": "0xaf047ca0", "doc": "https://searchengineland-com.cdn.ampproject.org/c/searchengineland.com/search-engine-lands-engaging-stories-2016-whole-lotta-google-266825/amp", "row": 0, "column": 1662, "tagName": "meta", "time": 23304.386588, "url": "", "pos": 1, "chunkLen": 1, "isStartTag": 1}}
06-28 15:03:49.915 30455 30468 E WProf.db: {"WprofHTMLTag": {"code": "0xaf047cd0", "doc": "https://searchengineland-com.cdn.ampproject.org/c/searchengineland.com/search-engine-lands-engaging-stories-2016-whole-lotta-google-266825/amp", "row": 0, "column": 1735, "tagName": "script", "time": 23304.386694, "url": "https://cdn.ampproject.org/rtv/011498506512561/v0.js", "pos": 1, "chunkLen": 1, "isStartTag": 1}}
06-28 15:03:49.915 30455 30468 E WProf.db: {"WprofHTMLTag": {"code": "0xaf047d00", "doc": "https://searchengineland-com.cdn.ampproject.org/c/searchengineland.com/search-engine-lands-engaging-stories-2016-whole-lotta-google-266825/amp", "row": 0, "column": 1744, "tagName": "script", "time": 23304.386977, "url": "", "pos": 1, "chunkLen": 1, "isStartTag": 0}}
06-28 15:03:49.915 30455 30468 E WProf.db: {"WprofHTMLTag": {"code": "0xaf047d30", "doc": "https://searchengineland-com.cdn.ampproject.org/c/searchengineland.com/search-engine-lands-engaging-stories-2016-whole-lotta-google-266825/amp", "row": 0, "column": 1852, "tagName": "script", "time": 23304.387511, "url": "https://cdn.ampproject.org/rtv/011498506512561/v0/amp-ad-0.1.js", "pos": 1, "chunkLen": 1, "isStartTag": 1}}
06-28 15:03:49.915 30455 30468 E WProf.db: {"WprofHTMLTag": {"code": "0xaf047d90", "doc": "https://searchengineland-com.cdn.ampproject.org/c/searchengineland.com/search-engine-lands-engaging-stories-2016-whole-lotta-google-266825/amp", "row": 0, "column": 1861, "tagName": "script", "time": 23304.387790, "url": "", "pos": 1, "chunkLen": 1, "isStartTag": 0}}
06-28 15:03:49.915 30455 30468 E WProf.db: {"WprofHTMLTag": {"code": "0xaf047dc0", "doc": "https://searchengineland-com.cdn.ampproject.org/c/searchengineland.com/search-engine-lands-engaging-stories-2016-whole-lotta-google-266825/amp", "row": 0, "column": 1983, "tagName": "script", "time": 23304.388213, "url": "https://cdn.ampproject.org/rtv/011498506512561/v0/amp-analytics-0.1.js", "pos": 1, "chunkLen": 1, "isStartTag": 1}}
06-28 15:03:49.915 30455 30468 E WProf.db: {"WprofHTMLTag": {"code": "0xaf047e20", "doc": "https://searchengineland-com.cdn.ampproject.org/c/searchengineland.com/search-engine-lands-engaging-stories-2016-whole-lotta-google-266825/amp", "row": 0, "column": 1992, "tagName": "script", "time": 23304.388487, "url": "", "pos": 1, "chunkLen": 1, "isStartTag": 0}}
06-28 15:03:49.915 30455 30468 E WProf.db: {"WprofHTMLTag": {"code": "0xaf047f10", "doc": "https://searchengineland-com.cdn.ampproject.org/c/searchengineland.com/search-engine-lands-engaging-stories-2016-whole-lotta-google-266825/amp", "row": 0, "column": 2104, "tagName": "script", "time": 23304.388925, "url": "https://cdn.ampproject.org/rtv/011498506512561/v0/amp-anim-0.1.js", "pos": 1, "chunkLen": 1, "isStartTag": 1}}
06-28 15:03:49.915 30455 30468 E WProf.db: {"WprofHTMLTag": {"code": "0xaf047f70", "doc": "https://searchengineland-com.cdn.ampproject.org/c/searchengineland.com/search-engine-lands-engaging-stories-2016-whole-lotta-google-266825/amp", "row": 0, "column": 2113, "tagName": "script", "time": 23304.389210, "url": "", "pos": 1, "chunkLen": 1, "isStartTag": 0}}
06-28 15:03:49.915 30455 30468 E WProf.db: {"WprofHTMLTag": {"code": "0xaf047fa0", "doc": "https://searchengineland-com.cdn.ampproject.org/c/searchengineland.com/search-engine-lands-engaging-stories-2016-whole-lotta-google-266825/amp", "row": 0, "column": 2225, "tagName": "script", "time": 23304.389647, "url": "https://cdn.ampproject.org/rtv/011498506512561/v0/amp-form-0.1.js", "pos": 1, "chunkLen": 1, "isStartTag": 1}}
06-28 15:03:49.915 30455 30468 E WProf.db: {"WprofHTMLTag": {"code": "0xb4cc7900", "doc": "https://searchengineland-com.cdn.ampproject.org/c/searchengineland.com/search-engine-lands-engaging-stories-2016-whole-lotta-google-266825/amp", "row": 0, "column": 2234, "tagName": "script", "time": 23304.389930, "url": "", "pos": 1, "chunkLen": 1, "isStartTag": 0}}
06-28 15:03:49.915 30455 30468 E WProf.db: {"WprofHTMLTag": {"code": "0xb4cc7930", "doc": "https://searchengineland-com.cdn.ampproject.org/c/searchengineland.com/search-engine-lands-engaging-stories-2016-whole-lotta-google-266825/amp", "row": 0, "column": 2352, "tagName": "script", "time": 23304.390546, "url": "https://cdn.ampproject.org/rtv/011498506512561/v0/amp-sidebar-0.1.js", "pos": 1, "chunkLen": 1, "isStartTag": 1}}
06-28 15:03:49.915 30455 30468 E WProf.db: {"WprofHTMLTag": {"code": "0xb4cc7990", "doc": "https://searchengineland-com.cdn.ampproject.org/c/searchengineland.com/search-engine-lands-engaging-stories-2016-whole-lotta-google-266825/amp", "row": 0, "column": 2361, "tagName": "script", "time": 23304.390815, "url": "", "pos": 1, "chunkLen": 1, "isStartTag": 0}}
06-28 15:03:49.916 30455 30468 E WProf.db: {"WprofHTMLTag": {"code": "0xb4cc79c0", "doc": "https://searchengineland-com.cdn.ampproject.org/c/searchengineland.com/search-engine-lands-engaging-stories-2016-whole-lotta-google-266825/amp", "row": 0, "column": 2475, "tagName": "script", "time": 23304.391215, "url": "https://cdn.ampproject.org/rtv/011498506512561/v0/amp-video-0.1.js", "pos": 1, "chunkLen": 1, "isStartTag": 1}}
06-28 15:03:49.916 30455 30468 E WProf.db: {"WprofHTMLTag": {"code": "0xb4cc7a20", "doc": "https://searchengineland-com.cdn.ampproject.org/c/searchengineland.com/search-engine-lands-engaging-stories-2016-whole-lotta-google-266825/amp", "row": 0, "column": 2484, "tagName": "script", "time": 23304.391488, "url": "", "pos": 1, "chunkLen": 1, "isStartTag": 0}}
06-28 15:03:49.916 30455 30468 E WProf.db: {"WprofHTMLTag": {"code": "0xb4cc7b10", "doc": "https://searchengineland-com.cdn.ampproject.org/c/searchengineland.com/search-engine-lands-engaging-stories-2016-whole-lotta-google-266825/amp", "row": 0, "column": 2602, "tagName": "script", "time": 23304.391907, "url": "https://cdn.ampproject.org/rtv/011498506512561/v0/amp-youtube-0.1.js", "pos": 1, "chunkLen": 1, "isStartTag": 1}}
06-28 15:03:49.916 30455 30468 E WProf.db: {"WprofHTMLTag": {"code": "0xb4cc7b70", "doc": "https://searchengineland-com.cdn.ampproject.org/c/searchengineland.com/search-engine-lands-engaging-stories-2016-whole-lotta-google-266825/amp", "row": 0, "column": 2611, "tagName": "script", "time": 23304.392189, "url": "", "pos": 1, "chunkLen": 1, "isStartTag": 0}}
06-28 15:03:49.916 30455 30468 E WProf.db: {"WprofHTMLTag": {"code": "0xaedd7690", "doc": "https://searchengineland-com.cdn.ampproject.org/c/searchengineland.com/search-engine-lands-engaging-stories-2016-whole-lotta-google-266825/amp", "row": 0, "column": 2669, "tagName": "link", "time": 23304.392805, "url": "https://searchengineland-com.cdn.ampproject.org/i/searchengineland.com/favicon.ico", "pos": 1, "chunkLen": 1, "isStartTag": 1}}
06-28 15:03:49.916 30455 30468 E WProf.db: {"WprofHTMLTag": {"code": "0xb4cc7ba0", "doc": "https://searchengineland-com.cdn.ampproject.org/c/searchengineland.com/search-engine-lands-engaging-stories-2016-whole-lotta-google-266825/amp", "row": 0, "column": 2756, "tagName": "link", "time": 23304.393080, "url": "https://fonts.googleapis.com/css?family=Oswald:300,400,700", "pos": 1, "chunkLen": 1, "isStartTag": 1}}
06-28 15:03:49.916 30455 30468 E WProf.db: {"WprofHTMLTag": {"code": "0xb4cc7c90", "doc": "https://searchengineland-com.cdn.ampproject.org/c/searchengineland.com/search-engine-lands-engaging-stories-2016-whole-lotta-google-266825/amp", "row": 0, "column": 2825, "tagName": "link", "time": 23304.393556, "url": "https://fonts.gstatic.com/", "pos": 1, "chunkLen": 1, "isStartTag": 1}}
06-28 15:03:49.916 30455 30468 E WProf.db: {"WprofHTMLTag": {"code": "0xb4cc7cc0", "doc": "https://searchengineland-com.cdn.ampproject.org/c/searchengineland.com/search-engine-lands-engaging-stories-2016-whole-lotta-google-266825/amp", "row": 0, "column": 2934, "tagName": "link", "time": 23304.393748, "url": "https://fonts.googleapis.com/css?family=Merriweather:400,400italic,700,700italic", "pos": 1, "chunkLen": 1, "isStartTag": 1}}
06-28 15:03:49.916 30455 30468 E WProf.db: {"WprofHTMLTag": {"code": "0xb4cc7cf0", "doc": "https://searchengineland-com.cdn.ampproject.org/c/searchengineland.com/search-engine-lands-engaging-stories-2016-whole-lotta-google-266825/amp", "row": 0, "column": 2952, "tagName": "style", "time": 23304.394181, "url": "", "pos": 1, "chunkLen": 1, "isStartTag": 1}}
06-28 15:03:49.916 30455 30468 E WProf.db: {"WprofHTMLTag": {"code": "0xb4cc7d20", "doc": "https://searchengineland-com.cdn.ampproject.org/c/searchengineland.com/search-engine-lands-engaging-stories-2016-whole-lotta-google-266825/amp", "row": 612, "column": 9, "tagName": "style", "time": 23304.394444, "url": "", "pos": 1, "chunkLen": 1, "isStartTag": 0}}
06-28 15:03:49.916 30455 30468 E WProf.db: {"WprofHTMLTag": {"code": "0xb4cc8080", "doc": "https://searchengineland-com.cdn.ampproject.org/c/searchengineland.com/search-engine-lands-engaging-stories-2016-whole-lotta-google-266825/amp", "row": 612, "column": 16, "tagName": "title", "time": 23304.402394, "url": "", "pos": 1, "chunkLen": 1, "isStartTag": 1}}
06-28 15:03:49.916 30455 30468 E WProf.db: {"WprofHTMLTag": {"code": "0xb4cc80b0", "doc": "https://searchengineland-com.cdn.ampproject.org/c/searchengineland.com/search-engine-lands-engaging-stories-2016-whole-lotta-google-266825/amp", "row": 612, "column": 100, "tagName": "title", "time": 23304.402537, "url": "", "pos": 1, "chunkLen": 1, "isStartTag": 0}}
06-28 15:03:49.916 30455 30468 E WProf.db: {"WprofHTMLTag": {"code": "0xb4cc80e0", "doc": "https://searchengineland-com.cdn.ampproject.org/c/searchengineland.com/search-engine-lands-engaging-stories-2016-whole-lotta-google-266825/amp", "row": 612, "column": 223, "tagName": "link", "time": 23304.402550, "url": "http://searchengineland.com/search-engine-lands-engaging-stories-2016-whole-lotta-google-266825", "pos": 1, "chunkLen": 1, "isStartTag": 1}}
06-28 15:03:49.916 30455 30468 E WProf.db: {"WprofHTMLTag": {"code": "0xb4cc8110", "doc": "https://searchengineland-com.cdn.ampproject.org/c/searchengineland.com/search-engine-lands-engaging-stories-2016-whole-lotta-google-266825/amp", "row": 612, "column": 344, "tagName": "script", "time": 23304.402778, "url": "https://cdn.ampproject.org/rtv/011498506512561/v0/amp-mustache-0.1.js", "pos": 1, "chunkLen": 1, "isStartTag": 1}}
06-28 15:03:49.917 30455 30468 E WProf.db: {"WprofHTMLTag": {"code": "0xb4cc8170", "doc": "https://searchengineland-com.cdn.ampproject.org/c/searchengineland.com/search-engine-lands-engaging-stories-2016-whole-lotta-google-266825/amp", "row": 612, "column": 353, "tagName": "script", "time": 23304.403062, "url": "", "pos": 1, "chunkLen": 1, "isStartTag": 0}}
06-28 15:03:49.917 30455 30468 E WProf.db: {"WprofHTMLTag": {"code": "0xb4cc81a0", "doc": "https://searchengineland-com.cdn.ampproject.org/c/searchengineland.com/search-engine-lands-engaging-stories-2016-whole-lotta-google-266825/amp", "row": 612, "column": 376, "tagName": "style", "time": 23304.403697, "url": "", "pos": 1, "chunkLen": 1, "isStartTag": 1}}
06-28 15:03:49.917 30455 30468 E WProf.db: {"WprofHTMLTag": {"code": "0xb4cc81d0", "doc": "https://searchengineland-com.cdn.ampproject.org/c/searchengineland.com/search-engine-lands-engaging-stories-2016-whole-lotta-google-266825/amp", "row": 612, "column": 1000, "tagName": "style", "time": 23304.403829, "url": "", "pos": 1, "chunkLen": 1, "isStartTag": 0}}
06-28 15:03:49.917 30455 30468 E WProf.db: {"WprofHTMLTag": {"code": "0xb4cc8200", "doc": "https://searchengineland-com.cdn.ampproject.org/c/searchengineland.com/search-engine-lands-engaging-stories-2016-whole-lotta-google-266825/amp", "row": 612, "column": 1010, "tagName": "noscript", "time": 23304.404172, "url": "", "pos": 1, "chunkLen": 1, "isStartTag": 1}}
06-28 15:03:49.917 30455 30468 E WProf.db: {"WprofHTMLTag": {"code": "0xb4cc8230", "doc": "https://searchengineland-com.cdn.ampproject.org/c/searchengineland.com/search-engine-lands-engaging-stories-2016-whole-lotta-google-266825/amp", "row": 612, "column": 1153, "tagName": "noscript", "time": 23304.404197, "url": "", "pos": 1, "chunkLen": 1, "isStartTag": 0}}
06-28 15:03:49.917 30455 30468 E WProf.db: {"WprofHTMLTag": {"code": "0xb4cc8260", "doc": "https://searchengineland-com.cdn.ampproject.org/c/searchengineland.com/search-engine-lands-engaging-stories-2016-whole-lotta-google-266825/amp", "row": 612, "column": 1160, "tagName": "head", "time": 23304.404204, "url": "", "pos": 1, "chunkLen": 1, "isStartTag": 0}}
06-28 15:03:49.917 30455 30468 E WProf.db: {"WprofHTMLTag": {"code": "0xb4cc8290", "doc": "https://searchengineland-com.cdn.ampproject.org/c/searchengineland.com/search-engine-lands-engaging-stories-2016-whole-lotta-google-266825/amp", "row": 612, "column": 1166, "tagName": "body", "time": 23304.404211, "url": "", "pos": 1, "chunkLen": 1, "isStartTag": 1}}
06-28 15:03:49.917 30455 30468 E WProf.db: {"WprofHTMLTag": {"code": "0xb4cc82c0", "doc": "https://searchengineland-com.cdn.ampproject.org/c/searchengineland.com/search-engine-lands-engaging-stories-2016-whole-lotta-google-266825/amp", "row": 613, "column": 48, "tagName": "amp-sidebar", "time": 23304.404269, "url": "", "pos": 1, "chunkLen": 1, "isStartTag": 1}}
06-28 15:03:49.917 30455 30468 E WProf.db: {"WprofHTMLTag": {"code": "0xb4cc82f0", "doc": "https://searchengineland-com.cdn.ampproject.org/c/searchengineland.com/search-engine-lands-engaging-stories-2016-whole-lotta-google-266825/amp", "row": 614, "column": 6, "tagName": "ul", "time": 23304.404406, "url": "", "pos": 1, "chunkLen": 1, "isStartTag": 1}}
06-28 15:03:49.917 30455 30468 E WProf.db: {"WprofHTMLTag": {"code": "0xb4cc8350", "doc": "https://searchengineland-com.cdn.ampproject.org/c/searchengineland.com/search-engine-lands-engaging-stories-2016-whole-lotta-google-266825/amp", "row": 615, "column": 7, "tagName": "li", "time": 23304.404433, "url": "", "pos": 1, "chunkLen": 1, "isStartTag": 1}}
06-28 15:03:49.917 30455 30468 E WProf.db: {"WprofHTMLTag": {"code": "0xb4cc8380", "doc": "https://searchengineland-com.cdn.ampproject.org/c/searchengineland.com/search-engine-lands-engaging-stories-2016-whole-lotta-google-266825/amp", "row": 616, "column": 83, "tagName": "a", "time": 23304.404481, "url": "", "pos": 1, "chunkLen": 1, "isStartTag": 1}}
06-28 15:03:49.917 30455 30468 E WProf.db: {"WprofHTMLTag": {"code": "0xb4cc83e0", "doc": "https://searchengineland-com.cdn.ampproject.org/c/searchengineland.com/search-engine-lands-engaging-stories-2016-whole-lotta-google-266825/amp", "row": 616, "column": 90, "tagName": "a", "time": 23304.404677, "url": "", "pos": 1, "chunkLen": 1, "isStartTag": 0}}
06-28 15:03:49.917 30455 30468 E WProf.db: {"WprofHTMLTag": {"code": "0xb4cc9250", "doc": "https://searchengineland-com.cdn.ampproject.org/c/searchengineland.com/search-engine-lands-engaging-stories-2016-whole-lotta-google-266825/amp", "row": 617, "column": 8, "tagName": "li", "time": 23304.404694, "url": "", "pos": 1, "chunkLen": 1, "isStartTag": 0}}
06-28 15:03:49.918 30455 30468 E WProf.db: {"WprofHTMLTag": {"code": "0xb4cc9400", "doc": "https://searchengineland-com.cdn.ampproject.org/c/searchengineland.com/search-engine-lands-engaging-stories-2016-whole-lotta-google-266825/amp", "row": 618, "column": 7, "tagName": "li", "time": 23304.404709, "url": "", "pos": 1, "chunkLen": 1, "isStartTag": 1}}
06-28 15:03:49.918 30455 30468 E WProf.db: {"WprofHTMLTag": {"code": "0xb4cc9430", "doc": "https://searchengineland-com.cdn.ampproject.org/c/searchengineland.com/search-engine-lands-engaging-stories-2016-whole-lotta-google-266825/amp", "row": 619, "column": 83, "tagName": "a", "time": 23304.404739, "url": "", "pos": 1, "chunkLen": 1, "isStartTag": 1}}
06-28 15:03:49.918 30455 30468 E WProf.db: {"WprofHTMLTag": {"code": "0xb4cc9490", "doc": "https://searchengineland-com.cdn.ampproject.org/c/searchengineland.com/search-engine-lands-engaging-stories-2016-whole-lotta-google-266825/amp", "row": 619, "column": 90, "tagName": "a", "time": 23304.404913, "url": "", "pos": 1, "chunkLen": 1, "isStartTag": 0}}
06-28 15:03:49.918 30455 30468 E WProf.db: {"WprofHTMLTag": {"code": "0xb4cc94c0", "doc": "https://searchengineland-com.cdn.ampproject.org/c/searchengineland.com/search-engine-lands-engaging-stories-2016-whole-lotta-google-266825/amp", "row": 620, "column": 8, "tagName": "li", "time": 23304.404929, "url": "", "pos": 1, "chunkLen": 1, "isStartTag": 0}}
06-28 15:03:49.918 30455 30468 E WProf.db: {"WprofHTMLTag": {"code": "0xb4cc94f0", "doc": "https://searchengineland-com.cdn.ampproject.org/c/searchengineland.com/search-engine-lands-engaging-stories-2016-whole-lotta-google-266825/amp", "row": 621, "column": 7, "tagName": "li", "time": 23304.404948, "url": "", "pos": 1, "chunkLen": 1, "isStartTag": 1}}
06-28 15:03:49.918 30455 30468 E WProf.db: {"WprofHTMLTag": {"code": "0xb4cc9520", "doc": "https://searchengineland-com.cdn.ampproject.org/c/searchengineland.com/search-engine-lands-engaging-stories-2016-whole-lotta-google-266825/amp", "row": 622, "column": 89, "tagName": "a", "time": 23304.404977, "url": "", "pos": 1, "chunkLen": 1, "isStartTag": 1}}
06-28 15:03:49.918 30455 30468 E WProf.db: {"WprofHTMLTag": {"code": "0xaa159030", "doc": "https://searchengineland-com.cdn.ampproject.org/c/searchengineland.com/search-engine-lands-engaging-stories-2016-whole-lotta-google-266825/amp", "row": 622, "column": 99, "tagName": "a", "time": 23304.405131, "url": "", "pos": 1, "chunkLen": 1, "isStartTag": 0}}
06-28 15:03:49.918 30455 30468 E WProf.db: {"WprofHTMLTag": {"code": "0xaa159060", "doc": "https://searchengineland-com.cdn.ampproject.org/c/searchengineland.com/search-engine-lands-engaging-stories-2016-whole-lotta-google-266825/amp", "row": 623, "column": 8, "tagName": "li", "time": 23304.405148, "url": "", "pos": 1, "chunkLen": 1, "isStartTag": 0}}
06-28 15:03:49.918 30455 30468 E WProf.db: {"WprofHTMLTag": {"code": "0xaa159090", "doc": "https://searchengineland-com.cdn.ampproject.org/c/searchengineland.com/search-engine-lands-engaging-stories-2016-whole-lotta-google-266825/amp", "row": 624, "column": 7, "tagName": "li", "time": 23304.405162, "url": "", "pos": 1, "chunkLen": 1, "isStartTag": 1}}
06-28 15:03:49.918 30455 30468 E WProf.db: {"WprofHTMLTag": {"code": "0xaa1590c0", "doc": "https://searchengineland-com.cdn.ampproject.org/c/searchengineland.com/search-engine-lands-engaging-stories-2016-whole-lotta-google-266825/amp", "row": 625, "column": 87, "tagName": "a", "time": 23304.405191, "url": "", "pos": 1, "chunkLen": 1, "isStartTag": 1}}
06-28 15:03:49.918 30455 30468 E WProf.db: {"WprofHTMLTag": {"code": "0xaa159120", "doc": "https://searchengineland-com.cdn.ampproject.org/c/searchengineland.com/search-engine-lands-engaging-stories-2016-whole-lotta-google-266825/amp", "row": 625, "column": 96, "tagName": "a", "time": 23304.405340, "url": "", "pos": 1, "chunkLen": 1, "isStartTag": 0}}
06-28 15:03:49.919 30455 30468 E WProf.db: {"WprofHTMLTag": {"code": "0xaa159150", "doc": "https://searchengineland-com.cdn.ampproject.org/c/searchengineland.com/search-engine-lands-engaging-stories-2016-whole-lotta-google-266825/amp", "row": 626, "column": 8, "tagName": "li", "time": 23304.405357, "url": "", "pos": 1, "chunkLen": 1, "isStartTag": 0}}
06-28 15:03:49.919 30455 30468 E WProf.db: {"WprofHTMLTag": {"code": "0xaa159180", "doc": "https://searchengineland-com.cdn.ampproject.org/c/searchengineland.com/search-engine-lands-engaging-stories-2016-whole-lotta-google-266825/amp", "row": 627, "column": 7, "tagName": "li", "time": 23304.405372, "url": "", "pos": 1, "chunkLen": 1, "isStartTag": 1}}
06-28 15:03:49.919 30455 30468 E WProf.db: {"WprofHTMLTag": {"code": "0xaa1591b0", "doc": "https://searchengineland-com.cdn.ampproject.org/c/searchengineland.com/search-engine-lands-engaging-stories-2016-whole-lotta-google-266825/amp", "row": 628, "column": 89, "tagName": "a", "time": 23304.405399, "url": "", "pos": 1, "chunkLen": 1, "isStartTag": 1}}
06-28 15:03:49.919 30455 30468 E WProf.db: {"WprofHTMLTag": {"code": "0xaa159210", "doc": "https://searchengineland-com.cdn.ampproject.org/c/searchengineland.com/search-engine-lands-engaging-stories-2016-whole-lotta-google-266825/amp", "row": 628, "column": 99, "tagName": "a", "time": 23304.405545, "url": "", "pos": 1, "chunkLen": 1, "isStartTag": 0}}
06-28 15:03:49.919 30455 30468 E WProf.db: {"WprofHTMLTag": {"code": "0xaa159240", "doc": "https://searchengineland-com.cdn.ampproject.org/c/searchengineland.com/search-engine-lands-engaging-stories-2016-whole-lotta-google-266825/amp", "row": 629, "column": 8, "tagName": "li", "time": 23304.405563, "url": "", "pos": 1, "chunkLen": 1, "isStartTag": 0}}
06-28 15:03:49.919 30455 30468 E WProf.db: {"WprofHTMLTag": {"code": "0xaa159270", "doc": "https://searchengineland-com.cdn.ampproject.org/c/searchengineland.com/search-engine-lands-engaging-stories-2016-whole-lotta-google-266825/amp", "row": 630, "column": 7, "tagName": "li", "time": 23304.405579, "url": "", "pos": 1, "chunkLen": 1, "isStartTag": 1}}
06-28 15:03:49.919 30455 30468 E WProf.db: {"WprofHTMLTag": {"code": "0xaa1592a0", "doc": "https://searchengineland-com.cdn.ampproject.org/c/searchengineland.com/search-engine-lands-engaging-stories-2016-whole-lotta-google-266825/amp", "row": 631, "column": 89, "tagName": "a", "time": 23304.405606, "url": "", "pos": 1, "chunkLen": 1, "isStartTag": 1}}
06-28 15:03:49.919 30455 30468 E WProf.db: {"WprofHTMLTag": {"code": "0xaa159300", "doc": "https://searchengineland-com.cdn.ampproject.org/c/searchengineland.com/search-engine-lands-engaging-stories-2016-whole-lotta-google-266825/amp", "row": 631, "column": 99, "tagName": "a", "time": 23304.405752, "url": "", "pos": 1, "chunkLen": 1, "isStartTag": 0}}
06-28 15:03:49.919 30455 30468 E WProf.db: {"WprofHTMLTag": {"code": "0xaa159330", "doc": "https://searchengineland-com.cdn.ampproject.org/c/searchengineland.com/search-engine-lands-engaging-stories-2016-whole-lotta-google-266825/amp", "row": 632, "column": 8, "tagName": "li", "time": 23304.405769, "url": "", "pos": 1, "chunkLen": 1, "isStartTag": 0}}
06-28 15:03:49.919 30455 30468 E WProf.db: {"WprofHTMLTag": {"code": "0xaa159360", "doc": "https://searchengineland-com.cdn.ampproject.org/c/searchengineland.com/search-engine-lands-engaging-stories-2016-whole-lotta-google-266825/amp", "row": 633, "column": 7, "tagName": "li", "time": 23304.405784, "url": "", "pos": 1, "chunkLen": 1, "isStartTag": 1}}
06-28 15:03:49.919 30455 30468 E WProf.db: {"WprofHTMLTag": {"code": "0xaa159390", "doc": "https://searchengineland-com.cdn.ampproject.org/c/searchengineland.com/search-engine-lands-engaging-stories-2016-whole-lotta-google-266825/amp", "row": 634, "column": 85, "tagName": "a", "time": 23304.405813, "url": "", "pos": 1, "chunkLen": 1, "isStartTag": 1}}
06-28 15:03:49.919 30455 30468 E WProf.db: {"WprofHTMLTag": {"code": "0xaa1593f0", "doc": "https://searchengineland-com.cdn.ampproject.org/c/searchengineland.com/search-engine-lands-engaging-stories-2016-whole-lotta-google-266825/amp", "row": 634, "column": 93, "tagName": "a", "time": 23304.405959, "url": "", "pos": 1, "chunkLen": 1, "isStartTag": 0}}
06-28 15:03:49.919 30455 30468 E WProf.db: {"WprofHTMLTag": {"code": "0xaa159420", "doc": "https://searchengineland-com.cdn.ampproject.org/c/searchengineland.com/search-engine-lands-engaging-stories-2016-whole-lotta-google-266825/amp", "row": 635, "column": 8, "tagName": "li", "time": 23304.405976, "url": "", "pos": 1, "chunkLen": 1, "isStartTag": 0}}
06-28 15:03:49.919 30455 30468 E WProf.db: {"WprofHTMLTag": {"code": "0xaa159450", "doc": "https://searchengineland-com.cdn.ampproject.org/c/searchengineland.com/search-engine-lands-engaging-stories-2016-whole-lotta-google-266825/amp", "row": 636, "column": 7, "tagName": "li", "time": 23304.405990, "url": "", "pos": 1, "chunkLen": 1, "isStartTag": 1}}
06-28 15:03:49.920 30455 30468 E WProf.db: {"WprofHTMLTag": {"code": "0xaa159480", "doc": "https://searchengineland-com.cdn.ampproject.org/c/searchengineland.com/search-engine-lands-engaging-stories-2016-whole-lotta-google-266825/amp", "row": 637, "column": 103, "tagName": "a", "time": 23304.406017, "url": "", "pos": 1, "chunkLen": 1, "isStartTag": 1}}
06-28 15:03:49.920 30455 30468 E WProf.db: {"WprofHTMLTag": {"code": "0xaa1594e0", "doc": "https://searchengineland-com.cdn.ampproject.org/c/searchengineland.com/search-engine-lands-engaging-stories-2016-whole-lotta-google-266825/amp", "row": 637, "column": 113, "tagName": "a", "time": 23304.406170, "url": "", "pos": 1, "chunkLen": 1, "isStartTag": 0}}
06-28 15:03:49.920 30455 30468 E WProf.db: {"WprofHTMLTag": {"code": "0xaa159510", "doc": "https://searchengineland-com.cdn.ampproject.org/c/searchengineland.com/search-engine-lands-engaging-stories-2016-whole-lotta-google-266825/amp", "row": 638, "column": 8, "tagName": "li", "time": 23304.406187, "url": "", "pos": 1, "chunkLen": 1, "isStartTag": 0}}
06-28 15:03:49.920 30455 30468 E WProf.db: {"WprofHTMLTag": {"code": "0xaa159540", "doc": "https://searchengineland-com.cdn.ampproject.org/c/searchengineland.com/search-engine-lands-engaging-stories-2016-whole-lotta-google-266825/amp", "row": 639, "column": 7, "tagName": "li", "time": 23304.406203, "url": "", "pos": 1, "chunkLen": 1, "isStartTag": 1}}
06-28 15:03:49.920 30455 30468 E WProf.db: {"WprofHTMLTag": {"code": "0xaa159570", "doc": "https://searchengineland-com.cdn.ampproject.org/c/searchengineland.com/search-engine-lands-engaging-stories-2016-whole-lotta-google-266825/amp", "row": 640, "column": 67, "tagName": "a", "time": 23304.406233, "url": "", "pos": 1, "chunkLen": 1, "isStartTag": 1}}
06-28 15:03:49.920 30455 30468 E WProf.db: {"WprofHTMLTag": {"code": "0xaa1595d0", "doc": "https://searchengineland-com.cdn.ampproject.org/c/searchengineland.com/search-engine-lands-engaging-stories-2016-whole-lotta-google-266825/amp", "row": 640, "column": 75, "tagName": "a", "time": 23304.406389, "url": "", "pos": 1, "chunkLen": 1, "isStartTag": 0}}
06-28 15:03:49.920 30455 30468 E WProf.db: {"WprofHTMLTag": {"code": "0xaa159600", "doc": "https://searchengineland-com.cdn.ampproject.org/c/searchengineland.com/search-engine-lands-engaging-stories-2016-whole-lotta-google-266825/amp", "row": 641, "column": 8, "tagName": "li", "time": 23304.406407, "url": "", "pos": 1, "chunkLen": 1, "isStartTag": 0}}
