--------- beginning of main
06-28 17:22:54.625  3449  3449 E Finsky  : [1] com.google.android.finsky.wear.bl.a(3): onConnectionFailed: ConnectionResult{statusCode=API_UNAVAILABLE, resolution=null, message=null}
--------- beginning of system
06-28 17:22:55.749 20711 20711 E chromium: [ERROR:shell_integration_android.cc(12)] Not implemented reached in static ShellIntegration::DefaultWebClientSetPermission ShellIntegration::CanSetAsDefaultBrowser()
06-28 17:22:55.752 20711 20711 E chromium: [ERROR:browser_process_impl.cc(720)] Not implemented reached in virtual BackgroundModeManager* BrowserProcessImpl::background_mode_manager()
06-28 17:22:56.073  3218 17103 E AudioRecord-JNI: Error -4 during AudioRecord native read
06-28 17:22:58.509 20711 20758 E chromium: [ERROR:gles2_cmd_decoder.cc(3852)] [.ChromiumCompositor-0xacbb2fc0]GL ERROR :GL_INVALID_ENUM : glDiscardFramebufferEXT: attachments was GL_COLOR_EXT
06-28 17:22:58.845 20779 20792 E WPROF   : {"CSS": {"url": "http://searchengineland.com/figz/wp-content/themes/searchengineland/css/searchengineland-bootstrap.css", "requestTime": 31655.900546}}
06-28 17:22:58.846 20779 20792 E WPROF   : {"CSS": {"url": "http://fonts.googleapis.com/css?family=Oswald:300,400,700", "requestTime": 31655.901321}}
06-28 17:22:58.846 20779 20792 E WPROF   : {"CSS": {"url": "http://searchengineland.com/figz/wp-content/themes/searchengineland/style.css", "requestTime": 31655.901940}}
06-28 17:22:58.852 20779 20792 E WPROF   : {"Javascript": {"url": "http://searchengineland.com/figz/wp-content/themes/searchengineland/js/lib/modernizr.custom.js?ver=1.0", "requestTime": 31655.907465}}
06-28 17:22:58.852 20779 20792 E WPROF   : {"Javascript": {"url": "http://searchengineland.com/figz/wp-content/themes/searchengineland/js/lib/jquery-1.11.0.min.js?ver=1.11.0", "requestTime": 31655.907949}}
06-28 17:22:58.853 20779 20792 E WPROF   : {"Javascript": {"url": "http://searchengineland.com/figz/wp-content/themes/searchengineland/js/lib/jquery-ui-1.10.3.custom.min.js?ver=1.10.3", "requestTime": 31655.908435}}
06-28 17:22:58.853 20779 20792 E WPROF   : {"Javascript": {"url": "http://searchengineland.com/figz/wp-content/themes/searchengineland/js/lib/jquery.ba-throttle-debounce.min.js?ver=1.1", "requestTime": 31655.908836}}
06-28 17:22:58.854 20779 20792 E WPROF   : {"Javascript": {"url": "http://searchengineland.com/figz/wp-content/themes/searchengineland/js/lib/jquery.countdown.min.js?ver=2.0.4", "requestTime": 31655.909321}}
06-28 17:22:58.854 20779 20792 E WPROF   : {"Javascript": {"url": "http://static.chartbeat.com/js/chartbeat_mab.js", "requestTime": 31655.909915}}
06-28 17:22:59.454 20779 20792 E WPROF   : {"Javascript": {"url": "http://searchengineland.com/figz/wp-includes/js/wp-emoji-release.min.js?ver=4.7.5", "requestTime": 31656.509834}}
06-28 17:22:59.900 20779 20792 E WPROF   : {"Javascript": {"url": "http://www.googletagservices.com/tag/js/gpt.js", "requestTime": 31656.955728}}
06-28 17:22:59.904 20779 20792 E WPROF   : {"Javascript": {"url": "https://www.google-analytics.com/analytics.js", "requestTime": 31656.959377}}
06-28 17:22:59.906 20779 20792 E WPROF   : {"Javascript": {"url": "http://edge.quantserve.com/quant.js", "requestTime": 31656.962058}}
06-28 17:22:59.909 20779 20792 E WPROF   : {"Javascript": {"url": "https://connect.facebook.net/en_US/fbevents.js", "requestTime": 31656.964459}}
06-28 17:22:59.959 20711 20758 E chromium: [ERROR:gles2_cmd_decoder.cc(3852)] [.ChromiumCompositor-0xacbb2fc0]GL ERROR :GL_INVALID_ENUM : glDiscardFramebufferEXT: attachments was GL_COLOR_EXT
06-28 17:23:00.005 20779 20792 E WPROF   : {"Javascript": {"url": "http://app-sj02.marketo.com/js/forms2/js/forms2.min.js", "requestTime": 31657.060893}}
06-28 17:23:00.131 20711 20758 E chromium: [ERROR:gles2_cmd_decoder.cc(3852)] [.ChromiumCompositor-0xacbb2fc0]GL ERROR :GL_INVALID_ENUM : glDiscardFramebufferEXT: attachments was GL_COLOR_EXT
06-28 17:23:00.135 20779 20792 E WPROF   : {"Javascript": {"url": "https://connect.facebook.net/signals/config/423979991297359?v=2.7.17", "requestTime": 31657.191118}}
06-28 17:23:00.289 20779 20792 E WPROF   : {"Javascript": {"url": "http://app-sj02.marketo.com/index.php/form/getForm?munchkinId=727-ZQE-044&form=5691&url=http%3A%2F%2Fsearchengineland.com%2Fsecret-writing-awesome-local-content-255234&callback=jQuery1102016818792326375842_1498638180224&_=1498638180225", "requestTime": 31657.344618}}
06-28 17:23:00.306 20779 20792 E WPROF   : {"Javascript": {"url": "http://app-sj02.marketo.com/index.php/form/getForm?munchkinId=727-ZQE-044&form=5685&url=http%3A%2F%2Fsearchengineland.com%2Fsecret-writing-awesome-local-content-255234&callback=jQuery1102016818792326375842_1498638180226&_=1498638180227", "requestTime": 31657.362117}}
06-28 17:23:00.338 20779 20792 E WPROF   : {"Javascript": {"url": "https://securepubads.g.doubleclick.net/gpt/pubads_impl_121.js", "requestTime": 31657.394141}}
06-28 17:23:00.536 20779 20792 E WPROF   : {"Javascript": {"url": "http://app-sj02.marketo.com/index.php/form/getForm?munchkinId=727-ZQE-044&form=5673&url=http%3A%2F%2Fsearchengineland.com%2Fsecret-writing-awesome-local-content-255234&callback=jQuery1102016818792326375842_1498638180228&_=1498638180229", "requestTime": 31657.592134}}
06-28 17:23:00.546 20779 20792 E WPROF   : {"Javascript": {"url": "http://searchengineland.com/js/ga_social_tracking.js", "requestTime": 31657.601356}}
06-28 17:23:00.550 20779 20792 E WPROF   : {"Javascript": {"url": "http://s7.addthis.com/js/300/addthis_widget.js#pubid=ra-53e918f660794f37", "requestTime": 31657.606012}}
06-28 17:23:00.564 20711 20758 E chromium: [ERROR:gles2_cmd_decoder.cc(3852)] [.ChromiumCompositor-0xacbb2fc0]GL ERROR :GL_INVALID_ENUM : glDiscardFramebufferEXT: attachments was GL_COLOR_EXT
06-28 17:23:00.992 20779 20792 E WPROF   : {"Javascript": {"url": "http://cdn.api.twitter.com/1/users/show.json?screen_name=greggifford&callback=twttr.setFollowersCount", "requestTime": 31658.047353}}
06-28 17:23:01.184 20711 20758 E chromium: [ERROR:gles2_cmd_decoder.cc(3852)] [.ChromiumCompositor-0xacbb2fc0]GL ERROR :GL_INVALID_ENUM : glDiscardFramebufferEXT: attachments was GL_COLOR_EXT
06-28 17:23:01.397   862  1657 E LocSvc_IzatApiV02: E/virtual int izat_core::IzatApiV02::getBatchSize(int32_t):522]: Error : st = 4, ind.status = -1628389555
06-28 17:23:01.397   862  1657 E LocSvc_IzatApiV02: E/virtual int izat_core::IzatApiV02::getBatchSize(int32_t):535]: get batching size failed.Or modem does not support batching 
06-28 17:23:01.405   862  1657 E LocSvc_IzatApiV02: E/virtual int izat_core::IzatApiV02::getBatchSize(int32_t):522]: Error : st = 4, ind.status = -1628389555
06-28 17:23:01.405   862  1657 E LocSvc_IzatApiV02: E/virtual int izat_core::IzatApiV02::getBatchSize(int32_t):535]: get batching size failed.Or modem does not support batching 
06-28 17:23:01.439   862  1657 E LocSvc_IzatApiV02: E/virtual int izat_core::IzatApiV02::getBatchSize(int32_t):522]: Error : st = 4, ind.status = -1628389555
06-28 17:23:01.439   862  1657 E LocSvc_IzatApiV02: E/virtual int izat_core::IzatApiV02::getBatchSize(int32_t):535]: get batching size failed.Or modem does not support batching 
06-28 17:23:01.449   862  1657 E LocSvc_IzatApiV02: E/virtual int izat_core::IzatApiV02::getBatchSize(int32_t):522]: Error : st = 4, ind.status = -1628389555
06-28 17:23:01.449   862  1657 E LocSvc_IzatApiV02: E/virtual int izat_core::IzatApiV02::getBatchSize(int32_t):535]: get batching size failed.Or modem does not support batching 
06-28 17:23:01.741 20779 20792 E WPROF   : {"Javascript": {"url": "https://securepubads.g.doubleclick.net/gampad/ads?gdfp_req=1&correlator=3876686951088128&output=json_html&callback=googletag.impl.pubads.callbackProxy1&impl=fifs&json_a=1&eid=108809080%2C108809107%2C21060362%2C21060355&sc=0&sfv=1-0-9&iu_parts=1038259%2Csel-ciu-1%2Csel-ciu-2%2Csel-ciu-3%2Csel-ciu-4%2", "requestTime": 31658.796505}}
06-28 17:23:01.765 20779 20792 E WPROF   : {"CSS": {"url": "http://app-sj02.marketo.com/js/forms2/css/forms2.css", "requestTime": 31658.820359}}
06-28 17:23:01.768 20779 20792 E WPROF   : {"CSS": {"url": "http://app-sj02.marketo.com/js/forms2/css/forms2-theme-simple.css", "requestTime": 31658.823716}}
06-28 17:23:01.829 20779 20792 E WPROF   : {"Javascript": {"url": "https://static.xx.fbcdn.net/rsrc.php/v3iy6L4/yF/l/ko_KR/w3AiswiqjrJ.js", "requestTime": 31658.885121}}
06-28 17:23:01.959 20711 20758 E chromium: [ERROR:gles2_cmd_decoder.cc(3852)] [.ChromiumCompositor-0xacbb2fc0]GL ERROR :GL_INVALID_ENUM : glDiscardFramebufferEXT: attachments was GL_COLOR_EXT
06-28 17:23:02.500 20779 20792 E WPROF   : {"Javascript": {"url": "http://platform.twitter.com/widgets.js", "requestTime": 31659.555352}}
06-28 17:23:02.502 20779 20792 E WPROF   : {"Javascript": {"url": "http://connect.facebook.net/en_US/sdk.js", "requestTime": 31659.557268}}
06-28 17:23:02.504 20779 20792 E WPROF   : {"Javascript": {"url": "https://apis.google.com/js/platform.js", "requestTime": 31659.559548}}
06-28 17:23:02.529 20779 20792 E WPROF   : {"Javascript": {"url": "http://rules.quantcount.com/rules-p-5aGizvD82d9hk.js", "requestTime": 31659.584408}}
06-28 17:23:02.532 20779 20792 E WPROF   : {"Javascript": {"url": "http://munchkin.marketo.net/munchkin.js", "requestTime": 31659.587607}}
06-28 17:23:02.757 20711 20758 E chromium: [ERROR:gles2_cmd_decoder.cc(3852)] [.ChromiumCompositor-0xacbb2fc0]GL ERROR :GL_INVALID_ENUM : glDiscardFramebufferEXT: attachments was GL_COLOR_EXT
06-28 17:23:02.768 20779 20792 E WPROF   : {"Javascript": {"url": "http://d2j3qa5nc37287.cloudfront.net/coupon_code1.js", "requestTime": 31659.824062}}
06-28 17:23:02.830 20779 20792 E WPROF   : {"Javascript": {"url": "http://www.googleadservices.com/pagead/conversion.js", "requestTime": 31659.885831}}
06-28 17:23:02.831 20779 20792 E WPROF   : {"Javascript": {"url": "http://searchengineland.com/figz/wp-content/themes/searchengineland/js/script.js?ver=1.0", "requestTime": 31659.886886}}
06-28 17:23:02.832 20779 20792 E WPROF   : {"Javascript": {"url": "http://searchengineland.com/figz/wp-includes/js/wp-embed.min.js?ver=4.7.5", "requestTime": 31659.887768}}
06-28 17:23:02.833 20779 20792 E WPROF   : {"Javascript": {"url": "http://searchengineland.com/figz/wp-content/themes/searchengineland/js/modules/sharing_controls.js", "requestTime": 31659.888223}}
06-28 17:23:02.913 20779 20792 E WPROF   : {"CSS": {"url": "https://www.youtube.com/yts/cssbin/www-embed-player-sprite-mode-vfl5G4Xm8.css", "requestTime": 31659.968373}}
06-28 17:23:02.919 20779 20792 E WPROF   : {"Javascript": {"url": "https://www.youtube.com/yts/jsbin/www-embed-player-vfl_UY_j8/www-embed-player.js", "requestTime": 31659.974525}}
06-28 17:23:02.920 20779 20792 E WPROF   : {"Javascript": {"url": "https://www.youtube.com/yts/jsbin/player-vflo1w4O-/ko_KR/base.js", "requestTime": 31659.975793}}
06-28 17:23:02.926 20711 20758 E chromium: [ERROR:gles2_cmd_decoder.cc(3852)] [.ChromiumCompositor-0xacbb2fc0]GL ERROR :GL_INVALID_ENUM : glDiscardFramebufferEXT: attachments was GL_COLOR_EXT
06-28 17:23:03.060 20711 20758 E chromium: [ERROR:gles2_cmd_decoder.cc(3852)] [.ChromiumCompositor-0xacbb2fc0]GL ERROR :GL_INVALID_ENUM : glDiscardFramebufferEXT: attachments was GL_COLOR_EXT
06-28 17:23:03.213 20711 20758 E chromium: [ERROR:gles2_cmd_decoder.cc(3852)] [.ChromiumCompositor-0xacbb2fc0]GL ERROR :GL_INVALID_ENUM : glDiscardFramebufferEXT: attachments was GL_COLOR_EXT
06-28 17:23:03.620 20779 20792 E WPROF   : {"Javascript": {"url": "http://dnn506yrbagrg.cloudfront.net/pages/scripts/0026/4062.js?416288", "requestTime": 31660.675717}}
06-28 17:23:04.120 20711 20758 E chromium: [ERROR:gles2_cmd_decoder.cc(3852)] [.ChromiumCompositor-0xacbb2fc0]GL ERROR :GL_INVALID_ENUM : glDiscardFramebufferEXT: attachments was GL_COLOR_EXT
06-28 17:23:04.280 20779 20792 E WPROF   : {"Javascript": {"url": "http://m.addthisedge.com/live/boost/ra-53e918f660794f37/_ate.track.config_resp", "requestTime": 31661.335888}}
06-28 17:23:04.329 20779 20792 E WPROF   : {"Javascript": {"url": "http://m.addthis.com/live/red_lojson/300lo.json?si=59536766679e5cc2&bkl=0&bl=1&pdt=2127&sid=59536766679e5cc2&pub=ra-53e918f660794f37&rev=v7.15.4-wp&ln=ko&pc=men&cb=0&ab=-&dp=searchengineland.com&fp=secret-writing-awesome-local-content-255234&fr=&of=0&pd=0&irt=0&vcl=0&md=0&ct=1&tct=0&abt=0&cdn=0&pi=1", "requestTime": 31661.384420}}
06-28 17:23:04.649 20711 20758 E chromium: [ERROR:gles2_cmd_decoder.cc(3852)] [.ChromiumCompositor-0xacbb2fc0]GL ERROR :GL_INVALID_ENUM : glDiscardFramebufferEXT: attachments was GL_COLOR_EXT
06-28 17:23:05.748 20779 20792 E WPROF   : {"Javascript": {"url": "https://www.google.com/js/bg/KWBfAnWFESAEEaKKgdYlTHY9ysQaNoQuzeMFqvxDSM8.js", "requestTime": 31662.803496}}
06-28 17:23:05.750 20779 20792 E WPROF   : {"Javascript": {"url": "https://static.doubleclick.net/instream/ad_status.js", "requestTime": 31662.805717}}
06-28 17:23:05.978 20711 20758 E chromium: [ERROR:gles2_cmd_decoder.cc(3852)] [.ChromiumCompositor-0xacbb2fc0]GL ERROR :GL_INVALID_ENUM : glDiscardFramebufferEXT: attachments was GL_COLOR_EXT
06-28 17:23:06.143 20711 20758 E chromium: [ERROR:gles2_cmd_decoder.cc(3852)] [.ChromiumCompositor-0xacbb2fc0]GL ERROR :GL_INVALID_ENUM : glDiscardFramebufferEXT: attachments was GL_COLOR_EXT
06-28 17:23:06.549 20711 20758 E chromium: [ERROR:gles2_cmd_decoder.cc(3852)] [.ChromiumCompositor-0xacbb2fc0]GL ERROR :GL_INVALID_ENUM : glDiscardFramebufferEXT: attachments was GL_COLOR_EXT
06-28 17:23:06.969 20779 20792 E WPROF   : {"Javascript": {"url": "https://tpc.googlesyndication.com/pagead/js/r20170619/r20110914/client/ext/m_window_focus_non_hydra.js", "requestTime": 31664.024670}}
06-28 17:23:06.971 20779 20792 E WPROF   : {"Javascript": {"url": "https://tpc.googlesyndication.com/pagead/js/r20170619/r20110914/activeview/osd_listener.js", "requestTime": 31664.026770}}
06-28 17:23:06.975 20779 20792 E WPROF   : {"Javascript": {"url": "http://pagead2.googlesyndication.com/pagead/osd.js", "requestTime": 31664.031148}}
06-28 17:23:07.273 20779 20792 E WPROF   : {"Javascript": {"url": "https://platform.twitter.com/js/button.b731e6c82269f70f6fc53634e044a4c6.js", "requestTime": 31664.328273}}
06-28 17:23:07.277 20779 20792 E WPROF   : {"Javascript": {"url": "http://munchkin.marketo.net/151/munchkin.js", "requestTime": 31664.333102}}
06-28 17:23:07.291 20779 20792 E WPROF   : {"Javascript": {"url": "http://www.justuno.com/ajax/account_version_check.html?id=828FA275-FF73-401E-AA39-40F5A6FAB6B1", "requestTime": 31664.347096}}
06-28 17:23:07.531 20779 20792 E WPROF   : {"Javascript": {"url": "http://s7.addthis.com/static/layers.4acb6c577b51939661ec.js", "requestTime": 31664.586285}}
06-28 17:23:07.594 20711 20758 E chromium: [ERROR:gles2_cmd_decoder.cc(3852)] [.ChromiumCompositor-0xacbb2fc0]GL ERROR :GL_INVALID_ENUM : glDiscardFramebufferEXT: attachments was GL_COLOR_EXT
06-28 17:23:07.825 20711 20758 E chromium: [ERROR:gles2_cmd_decoder.cc(3852)] [.ChromiumCompositor-0xacbb2fc0]GL ERROR :GL_INVALID_ENUM : glDiscardFramebufferEXT: attachments was GL_COLOR_EXT
06-28 17:23:08.029 20711 20758 E chromium: [ERROR:gles2_cmd_decoder.cc(3852)] [.ChromiumCompositor-0xacbb2fc0]GL ERROR :GL_INVALID_ENUM : glDiscardFramebufferEXT: attachments was GL_COLOR_EXT
06-28 17:23:08.160 20711 20758 E chromium: [ERROR:gles2_cmd_decoder.cc(3852)] [.ChromiumCompositor-0xacbb2fc0]GL ERROR :GL_INVALID_ENUM : glDiscardFramebufferEXT: attachments was GL_COLOR_EXT
06-28 17:23:08.280 20711 20758 E chromium: [ERROR:gles2_cmd_decoder.cc(3852)] [.ChromiumCompositor-0xacbb2fc0]GL ERROR :GL_INVALID_ENUM : glDiscardFramebufferEXT: attachments was GL_COLOR_EXT
06-28 17:23:08.338 20779 20792 E WPROF   : {"Javascript": {"url": "https://app-sj02.marketo.com/js/forms2/js/forms2.min.js", "requestTime": 31665.393369}}
06-28 17:23:08.347 20711 20758 E chromium: [ERROR:gles2_cmd_decoder.cc(3852)] [.ChromiumCompositor-0xacbb2fc0]GL ERROR :GL_INVALID_ENUM : glDiscardFramebufferEXT: attachments was GL_COLOR_EXT
06-28 17:23:08.717 20711 20758 E chromium: [ERROR:gles2_cmd_decoder.cc(3852)] [.ChromiumCompositor-0xacbb2fc0]GL ERROR :GL_INVALID_ENUM : glDiscardFramebufferEXT: attachments was GL_COLOR_EXT
06-28 17:23:10.474 20779 20792 E WPROF   : {"Javascript": {"url": "http://cdn.justuno.com/mwgt_3.6.js", "requestTime": 31667.529295}}
06-28 17:23:10.732 20711 20758 E chromium: [ERROR:gles2_cmd_decoder.cc(3852)] [.ChromiumCompositor-0xacbb2fc0]GL ERROR :GL_INVALID_ENUM : glDiscardFramebufferEXT: attachments was GL_COLOR_EXT
06-28 17:23:10.748 20711 20758 E chromium: [ERROR:gles2_cmd_decoder.cc(3852)] [.ChromiumCompositor-0xacbb2fc0]GL ERROR :GL_INVALID_ENUM : glDiscardFramebufferEXT: attachments was GL_COLOR_EXT
06-28 17:23:10.813 20711 20758 E chromium: [ERROR:gles2_cmd_decoder.cc(3852)] [.ChromiumCompositor-0xacbb2fc0]GL ERROR :GL_INVALID_ENUM : glDiscardFramebufferEXT: attachments was GL_COLOR_EXT
06-28 17:23:11.331 20711 20758 E chromium: [ERROR:gles2_cmd_decoder.cc(3852)] [.ChromiumCompositor-0xacbb2fc0]GL ERROR :GL_INVALID_ENUM : glDiscardFramebufferEXT: attachments was GL_COLOR_EXT
06-28 17:23:12.036 20779 20792 E WPROF   : {"Javascript": {"url": "https://cdn.syndication.twimg.com/widgets/followbutton/info.json?callback=__twttr.setFollowersCountAndFollowing&lang=en&screen_names=sengineland", "requestTime": 31669.092139}}
06-28 17:23:12.457 20711 20758 E chromium: [ERROR:gles2_cmd_decoder.cc(3852)] [.ChromiumCompositor-0xacbb2fc0]GL ERROR :GL_INVALID_ENUM : glDiscardFramebufferEXT: attachments was GL_COLOR_EXT
06-28 17:23:12.506 20711 20758 E chromium: [ERROR:gles2_cmd_decoder.cc(3852)] [.ChromiumCompositor-0xacbb2fc0]GL ERROR :GL_INVALID_ENUM : glDiscardFramebufferEXT: attachments was GL_COLOR_EXT
06-28 17:23:12.520 20779 20792 E WProf.db: {"page": "searchengineland.com_secret-writing-awesome-local-content-255234"}
06-28 17:23:12.520 20779 20792 E WProf.db: {"DOMLoad": 31669.575806}
06-28 17:23:12.520 20779 20792 E WProf.db: {"Resource": {"id": 1, "url": "http://searchengineland.com/secret-writing-awesome-local-content-255234", "sentTime": -1.000000, "len": 96138, "from": "0x0", "mimeType": "text/html", "contentLength": -1, "httpStatus": 200, "connId": 20, "connReused": 1, "cached": 0,"requestTime": 31655.483420, "proxyStart": -1, "proxyEnd": -1, "dnsStart": -1, "dnsEnd": -1, "connectStart": 0, "connectEnd": 76, "sendStart": 76, "sendEnd": 76, "receiveHeadersEnd": 281, "sslStart": -1, "sslEnd": -1}}
06-28 17:23:12.520 20779 20792 E WProf.db: {"ReceivedChunk": {"receivedTime": 31655.781304, "len": 12938}}
06-28 17:23:12.520 20779 20792 E WProf.db: {"ReceivedChunk": {"receivedTime": 31655.857766, "len": 32768}}
06-28 17:23:12.520 20779 20792 E WProf.db: {"ReceivedChunk": {"receivedTime": 31655.859091, "len": 23527}}
06-28 17:23:12.521 20779 20792 E WProf.db: {"ReceivedChunk": {"receivedTime": 31655.944938, "len": 15057}}
06-28 17:23:12.521 20779 20792 E WProf.db: {"ReceivedChunk": {"receivedTime": 31655.946203, "len": 11848}}
06-28 17:23:12.521 20779 20792 E WProf.db: {"WprofHTMLTag": {"code": "0xaedd6600", "doc": "http://searchengineland.com/secret-writing-awesome-local-content-255234", "row": 6, "column": 42, "tagName": "html", "time": 31655.865588, "url": "", "pos": 1, "chunkLen": 1, "isStartTag": 1}}
06-28 17:23:12.521 20779 20792 E WProf.db: {"WprofHTMLTag": {"code": "0xaf047760", "doc": "http://searchengineland.com/secret-writing-awesome-local-content-255234", "row": 7, "column": 6, "tagName": "head", "time": 31655.867861, "url": "", "pos": 1, "chunkLen": 1, "isStartTag": 1}}
06-28 17:23:12.521 20779 20792 E WProf.db: {"WprofHTMLTag": {"code": "0xaf047850", "doc": "http://searchengineland.com/secret-writing-awesome-local-content-255234", "row": 8, "column": 54, "tagName": "meta", "time": 31655.868042, "url": "", "pos": 1, "chunkLen": 1, "isStartTag": 1}}
06-28 17:23:12.521 20779 20792 E WProf.db: {"WprofHTMLTag": {"code": "0xaf047880", "doc": "http://searchengineland.com/secret-writing-awesome-local-content-255234", "row": 9, "column": 68, "tagName": "meta", "time": 31655.868690, "url": "", "pos": 1, "chunkLen": 1, "isStartTag": 1}}
06-28 17:23:12.521 20779 20792 E WProf.db: {"WprofHTMLTag": {"code": "0xaf0478b0", "doc": "http://searchengineland.com/secret-writing-awesome-local-content-255234", "row": 10, "column": 23, "tagName": "meta", "time": 31655.872028, "url": "", "pos": 1, "chunkLen": 1, "isStartTag": 1}}
06-28 17:23:12.521 20779 20792 E WProf.db: {"WprofHTMLTag": {"code": "0xaf0478e0", "doc": "http://searchengineland.com/secret-writing-awesome-local-content-255234", "row": 11, "column": 52, "tagName": "meta", "time": 31655.872707, "url": "", "pos": 1, "chunkLen": 1, "isStartTag": 1}}
06-28 17:23:12.521 20779 20792 E WProf.db: {"WprofHTMLTag": {"code": "0xaf047910", "doc": "http://searchengineland.com/secret-writing-awesome-local-content-255234", "row": 14, "column": 56, "tagName": "meta", "time": 31655.873299, "url": "", "pos": 1, "chunkLen": 1, "isStartTag": 1}}
06-28 17:23:12.521 20779 20792 E WProf.db: {"WprofHTMLTag": {"code": "0xaf047940", "doc": "http://searchengineland.com/secret-writing-awesome-local-content-255234", "row": 15, "column": 83, "tagName": "meta", "time": 31655.873856, "url": "", "pos": 1, "chunkLen": 1, "isStartTag": 1}}
06-28 17:23:12.521 20779 20792 E WProf.db: {"WprofHTMLTag": {"code": "0xaf047970", "doc": "http://searchengineland.com/secret-writing-awesome-local-content-255234", "row": 16, "column": 57, "tagName": "meta", "time": 31655.874390, "url": "", "pos": 1, "chunkLen": 1, "isStartTag": 1}}
06-28 17:23:12.521 20779 20792 E WProf.db: {"WprofHTMLTag": {"code": "0xaf047a00", "doc": "http://searchengineland.com/secret-writing-awesome-local-content-255234", "row": 17, "column": 41, "tagName": "meta", "time": 31655.874952, "url": "", "pos": 1, "chunkLen": 1, "isStartTag": 1}}
06-28 17:23:12.521 20779 20792 E WProf.db: {"WprofHTMLTag": {"code": "0xaf047a30", "doc": "http://searchengineland.com/secret-writing-awesome-local-content-255234", "row": 18, "column": 50, "tagName": "meta", "time": 31655.875443, "url": "", "pos": 1, "chunkLen": 1, "isStartTag": 1}}
06-28 17:23:12.522 20779 20792 E WProf.db: {"WprofHTMLTag": {"code": "0xaf047a60", "doc": "http://searchengineland.com/secret-writing-awesome-local-content-255234", "row": 19, "column": 174, "tagName": "meta", "time": 31655.875937, "url": "", "pos": 1, "chunkLen": 1, "isStartTag": 1}}
06-28 17:23:12.522 20779 20792 E WProf.db: {"WprofHTMLTag": {"code": "0xaf0479d0", "doc": "http://searchengineland.com/secret-writing-awesome-local-content-255234", "row": 20, "column": 47, "tagName": "meta", "time": 31655.876443, "url": "", "pos": 1, "chunkLen": 1, "isStartTag": 1}}
06-28 17:23:12.522 20779 20792 E WProf.db: {"WprofHTMLTag": {"code": "0xaf0479a0", "doc": "http://searchengineland.com/secret-writing-awesome-local-content-255234", "row": 21, "column": 67, "tagName": "meta", "time": 31655.876939, "url": "", "pos": 1, "chunkLen": 1, "isStartTag": 1}}
06-28 17:23:12.522 20779 20792 E WProf.db: {"WprofHTMLTag": {"code": "0xaf047a90", "doc": "http://searchengineland.com/secret-writing-awesome-local-content-255234", "row": 22, "column": 57, "tagName": "meta", "time": 31655.877427, "url": "", "pos": 1, "chunkLen": 1, "isStartTag": 1}}
06-28 17:23:12.522 20779 20792 E WProf.db: {"WprofHTMLTag": {"code": "0xaf047ac0", "doc": "http://searchengineland.com/secret-writing-awesome-local-content-255234", "row": 23, "column": 65, "tagName": "meta", "time": 31655.877938, "url": "", "pos": 1, "chunkLen": 1, "isStartTag": 1}}
06-28 17:23:12.522 20779 20792 E WProf.db: {"WprofHTMLTag": {"code": "0xaf047af0", "doc": "http://searchengineland.com/secret-writing-awesome-local-content-255234", "row": 24, "column": 55, "tagName": "meta", "time": 31655.878448, "url": "", "pos": 1, "chunkLen": 1, "isStartTag": 1}}
06-28 17:23:12.522 20779 20792 E WProf.db: {"WprofHTMLTag": {"code": "0xaf047b20", "doc": "http://searchengineland.com/secret-writing-awesome-local-content-255234", "row": 25, "column": 71, "tagName": "meta", "time": 31655.880611, "url": "", "pos": 1, "chunkLen": 1, "isStartTag": 1}}
06-28 17:23:12.522 20779 20792 E WProf.db: {"WprofHTMLTag": {"code": "0xaf047b50", "doc": "http://searchengineland.com/secret-writing-awesome-local-content-255234", "row": 26, "column": 86, "tagName": "meta", "time": 31655.881316, "url": "", "pos": 1, "chunkLen": 1, "isStartTag": 1}}
06-28 17:23:12.522 20779 20792 E WProf.db: {"WprofHTMLTag": {"code": "0xaf047b80", "doc": "http://searchengineland.com/secret-writing-awesome-local-content-255234", "row": 27, "column": 54, "tagName": "meta", "time": 31655.881989, "url": "", "pos": 1, "chunkLen": 1, "isStartTag": 1}}
06-28 17:23:12.522 20779 20792 E WProf.db: {"WprofHTMLTag": {"code": "0xaf047bb0", "doc": "http://searchengineland.com/secret-writing-awesome-local-content-255234", "row": 29, "column": 190, "tagName": "meta", "time": 31655.882506, "url": "", "pos": 1, "chunkLen": 1, "isStartTag": 1}}
06-28 17:23:12.522 20779 20792 E WProf.db: {"WprofHTMLTag": {"code": "0xaf047be0", "doc": "http://searchengineland.com/secret-writing-awesome-local-content-255234", "row": 30, "column": 272, "tagName": "meta", "time": 31655.883461, "url": "", "pos": 1, "chunkLen": 1, "isStartTag": 1}}
06-28 17:23:12.522 20779 20792 E WProf.db: {"WprofHTMLTag": {"code": "0xaf047c10", "doc": "http://searchengineland.com/secret-writing-awesome-local-content-255234", "row": 31, "column": 55, "tagName": "meta", "time": 31655.884233, "url": "", "pos": 1, "chunkLen": 1, "isStartTag": 1}}
06-28 17:23:12.522 20779 20792 E WProf.db: {"WprofHTMLTag": {"code": "0xaf047c40", "doc": "http://searchengineland.com/secret-writing-awesome-local-content-255234", "row": 32, "column": 54, "tagName": "meta", "time": 31655.885030, "url": "", "pos": 1, "chunkLen": 1, "isStartTag": 1}}
06-28 17:23:12.523 20779 20792 E WProf.db: {"WprofHTMLTag": {"code": "0xaf047c70", "doc": "http://searchengineland.com/secret-writing-awesome-local-content-255234", "row": 33, "column": 130, "tagName": "meta", "time": 31655.886312, "url": "", "pos": 1, "chunkLen": 1, "isStartTag": 1}}
06-28 17:23:12.523 20779 20792 E WProf.db: {"WprofHTMLTag": {"code": "0xaf047ca0", "doc": "http://searchengineland.com/secret-writing-awesome-local-content-255234", "row": 37, "column": 36, "tagName": "script", "time": 31655.887660, "url": "", "pos": 1, "chunkLen": 1, "isStartTag": 1}}
06-28 17:23:12.523 20779 20792 E WProf.db: {"WprofHTMLTag": {"code": "0xaf047cd0", "doc": "http://searchengineland.com/secret-writing-awesome-local-content-255234", "row": 53, "column": 10, "tagName": "script", "time": 31655.888877, "url": "", "pos": 1, "chunkLen": 1, "isStartTag": 0}}
06-28 17:23:12.523 20779 20792 E WProf.db: {"WprofHTMLTag": {"code": "0xaedd6630", "doc": "http://searchengineland.com/secret-writing-awesome-local-content-255234", "row": 55, "column": 86, "tagName": "link", "time": 31655.891951, "url": "http://searchengineland.com/apple-touch-icon.png", "pos": 1, "chunkLen": 1, "isStartTag": 1}}
06-28 17:23:12.523 20779 20792 E WProf.db: {"WprofHTMLTag": {"code": "0xaf047d00", "doc": "http://searchengineland.com/secret-writing-awesome-local-content-255234", "row": 56, "column": 76, "tagName": "link", "time": 31655.899236, "url": "http://searchengineland.com/favicon.ico", "pos": 1, "chunkLen": 1, "isStartTag": 1}}
06-28 17:23:12.523 20779 20792 E WProf.db: {"WprofHTMLTag": {"code": "0xaf047d30", "doc": "http://searchengineland.com/secret-writing-awesome-local-content-255234", "row": 57, "column": 158, "tagName": "link", "time": 31655.899481, "url": "http://feeds.searchengineland.com/searchengineland", "pos": 1, "chunkLen": 1, "isStartTag": 1}}
06-28 17:23:12.523 20779 20792 E WProf.db: {"WprofHTMLTag": {"code": "0xaf047d60", "doc": "http://searchengineland.com/secret-writing-awesome-local-content-255234", "row": 58, "column": 149, "tagName": "link", "time": 31655.899804, "url": "http://feeds.searchengineland.com/searchcap", "pos": 1, "chunkLen": 1, "isStartTag": 1}}
06-28 17:23:12.523 20779 20792 E WProf.db: {"WprofHTMLTag": {"code": "0xaf047d90", "doc": "http://searchengineland.com/secret-writing-awesome-local-content-255234", "row": 59, "column": 150, "tagName": "link", "time": 31655.900143, "url": "http://searchengineland.com/figz/wp-content/themes/searchengineland/css/searchengineland-bootstrap.css", "pos": 1, "chunkLen": 1, "isStartTag": 1}}
06-28 17:23:12.523 20779 20792 E WProf.db: {"WprofHTMLTag": {"code": "0xaf047df0", "doc": "http://searchengineland.com/secret-writing-awesome-local-content-255234", "row": 60, "column": 105, "tagName": "link", "time": 31655.901034, "url": "http://fonts.googleapis.com/css?family=Oswald:300,400,700", "pos": 1, "chunkLen": 1, "isStartTag": 1}}
06-28 17:23:12.523 20779 20792 E WProf.db: {"WprofHTMLTag": {"code": "0xaf047e50", "doc": "http://searchengineland.com/secret-writing-awesome-local-content-255234", "row": 61, "column": 125, "tagName": "link", "time": 31655.901660, "url": "http://searchengineland.com/figz/wp-content/themes/searchengineland/style.css", "pos": 1, "chunkLen": 1, "isStartTag": 1}}
06-28 17:23:12.523 20779 20792 E WProf.db: {"WprofHTMLTag": {"code": "0xaf047eb0", "doc": "http://searchengineland.com/secret-writing-awesome-local-content-255234", "row": 65, "column": 7, "tagName": "title", "time": 31655.902555, "url": "", "pos": 1, "chunkLen": 1, "isStartTag": 1}}
06-28 17:23:12.523 20779 20792 E WProf.db: {"WprofHTMLTag": {"code": "0xaf047ee0", "doc": "http://searchengineland.com/secret-writing-awesome-local-content-255234", "row": 65, "column": 58, "tagName": "title", "time": 31655.902801, "url": "", "pos": 1, "chunkLen": 1, "isStartTag": 0}}
06-28 17:23:12.523 20779 20792 E WProf.db: {"WprofHTMLTag": {"code": "0xaf047f10", "doc": "http://searchengineland.com/secret-writing-awesome-local-content-255234", "row": 66, "column": 269, "tagName": "meta", "time": 31655.902825, "url": "", "pos": 1, "chunkLen": 1, "isStartTag": 1}}
06-28 17:23:12.523 20779 20792 E WProf.db: {"WprofHTMLTag": {"code": "0xaf047f40", "doc": "http://searchengineland.com/secret-writing-awesome-local-content-255234", "row": 67, "column": 191, "tagName": "meta", "time": 31655.902960, "url": "", "pos": 1, "chunkLen": 1, "isStartTag": 1}}
06-28 17:23:12.524 20779 20792 E WProf.db: {"WprofHTMLTag": {"code": "0xaf047f70", "doc": "http://searchengineland.com/secret-writing-awesome-local-content-255234", "row": 68, "column": 113, "tagName": "meta", "time": 31655.903099, "url": "", "pos": 1, "chunkLen": 1, "isStartTag": 1}}
06-28 17:23:12.524 20779 20792 E WProf.db: {"WprofHTMLTag": {"code": "0xaf047fa0", "doc": "http://searchengineland.com/secret-writing-awesome-local-content-255234", "row": 69, "column": 37, "tagName": "meta", "time": 31655.903221, "url": "", "pos": 1, "chunkLen": 1, "isStartTag": 1}}
06-28 17:23:12.524 20779 20792 E WProf.db: {"WprofHTMLTag": {"code": "0xaf047fd0", "doc": "http://searchengineland.com/secret-writing-awesome-local-content-255234", "row": 70, "column": 103, "tagName": "link", "time": 31655.903334, "url": "http://searchengineland.com/secret-writing-awesome-local-content-255234", "pos": 1, "chunkLen": 1, "isStartTag": 1}}
06-28 17:23:12.524 20779 20792 E WProf.db: {"WprofHTMLTag": {"code": "0xb4cc74b0", "doc": "http://searchengineland.com/secret-writing-awesome-local-content-255234", "row": 71, "column": 76, "tagName": "link", "time": 31655.903624, "url": "https://plus.google.com/103218677032751327334", "pos": 1, "chunkLen": 1, "isStartTag": 1}}
06-28 17:23:12.524 20779 20792 E WProf.db: {"WprofHTMLTag": {"code": "0xb4cc7540", "doc": "http://searchengineland.com/secret-writing-awesome-local-content-255234", "row": 72, "column": 45, "tagName": "meta", "time": 31655.903807, "url": "", "pos": 1, "chunkLen": 1, "isStartTag": 1}}
06-28 17:23:12.524 20779 20792 E WProf.db: {"WprofHTMLTag": {"code": "0xb4cc78a0", "doc": "http://searchengineland.com/secret-writing-awesome-local-content-255234", "row": 73, "column": 45, "tagName": "meta", "time": 31655.903915, "url": "", "pos": 1, "chunkLen": 1, "isStartTag": 1}}
06-28 17:23:12.524 20779 20792 E WProf.db: {"WprofHTMLTag": {"code": "0xb4cc78d0", "doc": "http://searchengineland.com/secret-writing-awesome-local-content-255234", "row": 74, "column": 82, "tagName": "meta", "time": 31655.904037, "url": "", "pos": 1, "chunkLen": 1, "isStartTag": 1}}
06-28 17:23:12.524 20779 20792 E WProf.db: {"WprofHTMLTag": {"code": "0xb4cc7900", "doc": "http://searchengineland.com/secret-writing-awesome-local-content-255234", "row": 75, "column": 277, "tagName": "meta", "time": 31655.904153, "url": "", "pos": 1, "chunkLen": 1, "isStartTag": 1}}
06-28 17:23:12.524 20779 20792 E WProf.db: {"WprofHTMLTag": {"code": "0xb4cc7930", "doc": "http://searchengineland.com/secret-writing-awesome-local-content-255234", "row": 76, "column": 108, "tagName": "meta", "time": 31655.904271, "url": "", "pos": 1, "chunkLen": 1, "isStartTag": 1}}
06-28 17:23:12.524 20779 20792 E WProf.db: {"WprofHTMLTag": {"code": "0xb4cc7960", "doc": "http://searchengineland.com/secret-writing-awesome-local-content-255234", "row": 77, "column": 61, "tagName": "meta", "time": 31655.904394, "url": "", "pos": 1, "chunkLen": 1, "isStartTag": 1}}
06-28 17:23:12.524 20779 20792 E WProf.db: {"WprofHTMLTag": {"code": "0xb4cc7990", "doc": "http://searchengineland.com/secret-writing-awesome-local-content-255234", "row": 78, "column": 89, "tagName": "meta", "time": 31655.904507, "url": "", "pos": 1, "chunkLen": 1, "isStartTag": 1}}
06-28 17:23:12.524 20779 20792 E WProf.db: {"WprofHTMLTag": {"code": "0xb4cc79c0", "doc": "http://searchengineland.com/secret-writing-awesome-local-content-255234", "row": 79, "column": 60, "tagName": "meta", "time": 31655.904694, "url": "", "pos": 1, "chunkLen": 1, "isStartTag": 1}}
06-28 17:23:12.524 20779 20792 E WProf.db: {"WprofHTMLTag": {"code": "0xb4cc79f0", "doc": "http://searchengineland.com/secret-writing-awesome-local-content-255234", "row": 80, "column": 78, "tagName": "meta", "time": 31655.904803, "url": "", "pos": 1, "chunkLen": 1, "isStartTag": 1}}
06-28 17:23:12.525 20779 20792 E WProf.db: {"WprofHTMLTag": {"code": "0xb4cc7a20", "doc": "http://searchengineland.com/secret-writing-awesome-local-content-255234", "row": 81, "column": 77, "tagName": "meta", "time": 31655.904917, "url": "", "pos": 1, "chunkLen": 1, "isStartTag": 1}}
06-28 17:23:12.525 20779 20792 E WProf.db: {"WprofHTMLTag": {"code": "0xb4cc7a50", "doc": "http://searchengineland.com/secret-writing-awesome-local-content-255234", "row": 82, "column": 71, "tagName": "meta", "time": 31655.905030, "url": "", "pos": 1, "chunkLen": 1, "isStartTag": 1}}
06-28 17:23:12.525 20779 20792 E WProf.db: {"WprofHTMLTag": {"code": "0xb4cc7a80", "doc": "http://searchengineland.com/secret-writing-awesome-local-content-255234", "row": 83, "column": 124, "tagName": "meta", "time": 31655.905144, "url": "", "pos": 1, "chunkLen": 1, "isStartTag": 1}}
06-28 17:23:12.525 20779 20792 E WProf.db: {"WprofHTMLTag": {"code": "0xb4cc7ab0", "doc": "http://searchengineland.com/secret-writing-awesome-local-content-255234", "row": 84, "column": 49, "tagName": "meta", "time": 31655.905328, "url": "", "pos": 1, "chunkLen": 1, "isStartTag": 1}}
06-28 17:23:12.525 20779 20792 E WProf.db: {"WprofHTMLTag": {"code": "0xb4cc7ae0", "doc": "http://searchengineland.com/secret-writing-awesome-local-content-255234", "row": 85, "column": 50, "tagName": "meta", "time": 31655.905441, "url": "", "pos": 1, "chunkLen": 1, "isStartTag": 1}}
06-28 17:23:12.525 20779 20792 E WProf.db: {"WprofHTMLTag": {"code": "0xb4cc7b10", "doc": "http://searchengineland.com/secret-writing-awesome-local-content-255234", "row": 86, "column": 58, "tagName": "meta", "time": 31655.905551, "url": "", "pos": 1, "chunkLen": 1, "isStartTag": 1}}
06-28 17:23:12.525 20779 20792 E WProf.db: {"WprofHTMLTag": {"code": "0xb4cc7b40", "doc": "http://searchengineland.com/secret-writing-awesome-local-content-255234", "row": 87, "column": 278, "tagName": "meta", "time": 31655.905666, "url": "", "pos": 1, "chunkLen": 1, "isStartTag": 1}}
06-28 17:23:12.525 20779 20792 E WProf.db: {"WprofHTMLTag": {"code": "0xb4cc7b70", "doc": "http://searchengineland.com/secret-writing-awesome-local-content-255234", "row": 88, "column": 83, "tagName": "meta", "time": 31655.905787, "url": "", "pos": 1, "chunkLen": 1, "isStartTag": 1}}
06-28 17:23:12.525 20779 20792 E WProf.db: {"WprofHTMLTag": {"code": "0xb4cc7ba0", "doc": "http://searchengineland.com/secret-writing-awesome-local-content-255234", "row": 89, "column": 51, "tagName": "meta", "time": 31655.905892, "url": "", "pos": 1, "chunkLen": 1, "isStartTag": 1}}
06-28 17:23:12.525 20779 20792 E WProf.db: {"WprofHTMLTag": {"code": "0xb4cc7bd0", "doc": "http://searchengineland.com/secret-writing-awesome-local-content-255234", "row": 90, "column": 125, "tagName": "meta", "time": 31655.906001, "url": "", "pos": 1, "chunkLen": 1, "isStartTag": 1}}
06-28 17:23:12.525 20779 20792 E WProf.db: {"WprofHTMLTag": {"code": "0xb4cc7c00", "doc": "http://searchengineland.com/secret-writing-awesome-local-content-255234", "row": 91, "column": 54, "tagName": "meta", "time": 31655.906107, "url": "", "pos": 1, "chunkLen": 1, "isStartTag": 1}}
06-28 17:23:12.525 20779 20792 E WProf.db: {"WprofHTMLTag": {"code": "0xb4cc7c30", "doc": "http://searchengineland.com/secret-writing-awesome-local-content-255234", "row": 94, "column": 44, "tagName": "link", "time": 31655.906223, "url": "http://s.w.org/", "pos": 1, "chunkLen": 1, "isStartTag": 1}}
06-28 17:23:12.525 20779 20792 E WProf.db: {"WprofHTMLTag": {"code": "0xb4cc7c60", "doc": "http://searchengineland.com/secret-writing-awesome-local-content-255234", "row": 95, "column": 33, "tagName": "script", "time": 31655.906438, "url": "", "pos": 1, "chunkLen": 1, "isStartTag": 1}}
06-28 17:23:12.525 20779 20792 E WProf.db: {"WprofHTMLTag": {"code": "0xb4cc7c90", "doc": "http://searchengineland.com/secret-writing-awesome-local-content-255234", "row": 98, "column": 11, "tagName": "script", "time": 31655.906721, "url": "http://searchengineland.com/figz/wp-includes/js/wp-emoji-release.min.js?ver=4.7.5", "pos": 1, "chunkLen": 1, "isStartTag": 0}}
06-28 17:23:12.525 20779 20792 E WProf.db: {"WprofHTMLTag": {"code": "0x9cff6900", "doc": "http://searchengineland.com/secret-writing-awesome-local-content-255234", "row": 99, "column": 25, "tagName": "style", "time": 31656.510718, "url": "", "pos": 1, "chunkLen": 1, "isStartTag": 1}}
06-28 17:23:12.526 20779 20792 E WProf.db: {"WprofHTMLTag": {"code": "0x9cff6930", "doc": "http://searchengineland.com/secret-writing-awesome-local-content-255234", "row": 112, "column": 8, "tagName": "style", "time": 31656.510934, "url": "", "pos": 1, "chunkLen": 1, "isStartTag": 0}}
06-28 17:23:12.526 20779 20792 E WProf.db: {"WprofHTMLTag": {"code": "0x9cff6960", "doc": "http://searchengineland.com/secret-writing-awesome-local-content-255234", "row": 113, "column": 140, "tagName": "script", "time": 31656.513024, "url": "http://searchengineland.com/figz/wp-content/themes/searchengineland/js/lib/modernizr.custom.js?ver=1.0", "pos": 1, "chunkLen": 1, "isStartTag": 1}}
06-28 17:23:12.526 20779 20792 E WProf.db: {"WprofHTMLTag": {"code": "0x9cff6990", "doc": "http://searchengineland.com/secret-writing-awesome-local-content-255234", "row": 113, "column": 149, "tagName": "script", "time": 31656.513275, "url": "", "pos": 1, "chunkLen": 1, "isStartTag": 0}}
06-28 17:23:12.526 20779 20792 E WProf.db: {"WprofHTMLTag": {"code": "0xaedd6b10", "doc": "http://searchengineland.com/secret-writing-awesome-local-content-255234", "row": 114, "column": 144, "tagName": "script", "time": 31656.522414, "url": "http://searchengineland.com/figz/wp-content/themes/searchengineland/js/lib/jquery-1.11.0.min.js?ver=1.11.0", "pos": 1, "chunkLen": 1, "isStartTag": 1}}
06-28 17:23:12.526 20779 20792 E WProf.db: {"WprofHTMLTag": {"code": "0x9cff69f0", "doc": "http://searchengineland.com/secret-writing-awesome-local-content-255234", "row": 114, "column": 153, "tagName": "script", "time": 31656.522670, "url": "", "pos": 1, "chunkLen": 1, "isStartTag": 0}}
06-28 17:23:12.526 20779 20792 E WProf.db: {"WprofHTMLTag": {"code": "0xaedd7080", "doc": "http://searchengineland.com/secret-writing-awesome-local-content-255234", "row": 0, "column": 15, "tagName": "div", "time": 31656.597654, "url": "", "pos": 15, "chunkLen": 44, "isStartTag": 1}}
06-28 17:23:12.526 20779 20792 E WProf.db: {"WprofHTMLTag": {"code": "0xaedd7050", "doc": "http://searchengineland.com/secret-writing-awesome-local-content-255234", "row": 0, "column": 21, "tagName": "div", "time": 31656.597787, "url": "", "pos": 21, "chunkLen": 44, "isStartTag": 0}}
06-28 17:23:12.526 20779 20792 E WProf.db: {"WprofHTMLTag": {"code": "0xaedd6de0", "doc": "http://searchengineland.com/secret-writing-awesome-local-content-255234", "row": 0, "column": 38, "tagName": "div", "time": 31656.597854, "url": "", "pos": 38, "chunkLen": 44, "isStartTag": 1}}
06-28 17:23:12.526 20779 20792 E WProf.db: {"WprofHTMLTag": {"code": "0xaedd6b70", "doc": "http://searchengineland.com/secret-writing-awesome-local-content-255234", "row": 0, "column": 44, "tagName": "div", "time": 31656.597981, "url": "", "pos": 44, "chunkLen": 44, "isStartTag": 0}}
06-28 17:23:12.526 20779 20792 E WProf.db: {"WprofHTMLTag": {"code": "0xaedd7020", "doc": "http://searchengineland.com/secret-writing-awesome-local-content-255234", "row": 0, "column": 13, "tagName": "select", "time": 31656.599380, "url": "", "pos": 13, "chunkLen": 51, "isStartTag": 1}}
06-28 17:23:12.526 20779 20792 E WProf.db: {"WprofHTMLTag": {"code": "0xaedd6fc0", "doc": "http://searchengineland.com/secret-writing-awesome-local-content-255234", "row": 0, "column": 33, "tagName": "option", "time": 31656.599560, "url": "", "pos": 33, "chunkLen": 51, "isStartTag": 1}}
06-28 17:23:12.526 20779 20792 E WProf.db: {"WprofHTMLTag": {"code": "0x9cff6ab0", "doc": "http://searchengineland.com/secret-writing-awesome-local-content-255234", "row": 0, "column": 42, "tagName": "option", "time": 31656.599746, "url": "", "pos": 42, "chunkLen": 51, "isStartTag": 0}}
06-28 17:23:12.526 20779 20792 E WProf.db: {"WprofHTMLTag": {"code": "0x9cff6ae0", "doc": "http://searchengineland.com/secret-writing-awesome-local-content-255234", "row": 0, "column": 51, "tagName": "select", "time": 31656.599809, "url": "", "pos": 51, "chunkLen": 51, "isStartTag": 0}}
06-28 17:23:12.527 20779 20792 E WProf.db: {"WprofHTMLTag": {"code": "0x9cff6b10", "doc": "http://searchengineland.com/secret-writing-awesome-local-content-255234", "row": 0, "column": 12, "tagName": "a", "time": 31656.604263, "url": "", "pos": 12, "chunkLen": 16, "isStartTag": 1}}
06-28 17:23:12.527 20779 20792 E WProf.db: {"WprofHTMLTag": {"code": "0x9cff6b40", "doc": "http://searchengineland.com/secret-writing-awesome-local-content-255234", "row": 0, "column": 16, "tagName": "a", "time": 31656.604412, "url": "", "pos": 16, "chunkLen": 16, "isStartTag": 0}}
06-28 17:23:12.527 20779 20792 E WProf.db: {"WprofHTMLTag": {"code": "0x9cff6b70", "doc": "http://searchengineland.com/secret-writing-awesome-local-content-255234", "row": 0, "column": 8, "tagName": "input", "time": 31656.605396, "url": "", "pos": 8, "chunkLen": 8, "isStartTag": 1}}
06-28 17:23:12.527 20779 20792 E WProf.db: {"WprofHTMLTag": {"code": "0x9cff6ba0", "doc": "http://searchengineland.com/secret-writing-awesome-local-content-255234", "row": 0, "column": 9, "tagName": "link", "time": 31656.615775, "url": "", "pos": 9, "chunkLen": 42, "isStartTag": 1}}
06-28 17:23:12.527 20779 20792 E WProf.db: {"WprofHTMLTag": {"code": "0x9cff6bd0", "doc": "http://searchengineland.com/secret-writing-awesome-local-content-255234", "row": 0, "column": 16, "tagName": "table", "time": 31656.615885, "url": "", "pos": 16, "chunkLen": 42, "isStartTag": 1}}
06-28 17:23:12.527 20779 20792 E WProf.db: {"WprofHTMLTag": {"code": "0x9cff6c00", "doc": "http://searchengineland.com/secret-writing-awesome-local-content-255234", "row": 0, "column": 24, "tagName": "table", "time": 31656.615999, "url": "", "pos": 24, "chunkLen": 42, "isStartTag": 0}}
06-28 17:23:12.527 20779 20792 E WProf.db: {"WprofHTMLTag": {"code": "0x9cff6c30", "doc": "http://searchengineland.com/secret-writing-awesome-local-content-255234", "row": 0, "column": 37, "tagName": "a", "time": 31656.616075, "url": "", "pos": 37, "chunkLen": 42, "isStartTag": 1}}
06-28 17:23:12.527 20779 20792 E WProf.db: {"WprofHTMLTag": {"code": "0x9cff6c60", "doc": "http://searchengineland.com/secret-writing-awesome-local-content-255234", "row": 0, "column": 42, "tagName": "a", "time": 31656.616243, "url": "", "pos": 42, "chunkLen": 42, "isStartTag": 0}}
06-28 17:23:12.527 20779 20792 E WProf.db: {"WprofHTMLTag": {"code": "0x9cff6cf0", "doc": "http://searchengineland.com/secret-writing-awesome-local-content-255234", "row": 0, "column": 10, "tagName": "textarea", "time": 31656.617335, "url": "", "pos": 10, "chunkLen": 22, "isStartTag": 1}}
06-28 17:23:12.527 20779 20792 E WProf.db: {"WprofHTMLTag": {"code": "0x9cff6d20", "doc": "http://searchengineland.com/secret-writing-awesome-local-content-255234", "row": 0, "column": 22, "tagName": "textarea", "time": 31656.617544, "url": "", "pos": 22, "chunkLen": 22, "isStartTag": 0}}
06-28 17:23:12.527 20779 20792 E WProf.db: {"WprofHTMLTag": {"code": "0x9cff6d50", "doc": "http://searchengineland.com/secret-writing-awesome-local-content-255234", "row": 0, "column": 48, "tagName": "input", "time": 31656.618681, "url": "", "pos": 48, "chunkLen": 48, "isStartTag": 1}}
06-28 17:23:12.527 20779 20792 E WProf.db: {"WprofHTMLTag": {"code": "0x9cff6db0", "doc": "http://searchengineland.com/secret-writing-awesome-local-content-255234", "row": 0, "column": 9, "tagName": "link", "time": 31656.623133, "url": "", "pos": 9, "chunkLen": 66, "isStartTag": 1}}
06-28 17:23:12.527 20779 20792 E WProf.db: {"WprofHTMLTag": {"code": "0x9cff6de0", "doc": "http://searchengineland.com/secret-writing-awesome-local-content-255234", "row": 0, "column": 16, "tagName": "table", "time": 31656.623253, "url": "", "pos": 16, "chunkLen": 66, "isStartTag": 1}}
06-28 17:23:12.527 20779 20792 E WProf.db: {"WprofHTMLTag": {"code": "0x9cff6e10", "doc": "http://searchengineland.com/secret-writing-awesome-local-content-255234", "row": 0, "column": 24, "tagName": "table", "time": 31656.623323, "url": "", "pos": 24, "chunkLen": 66, "isStartTag": 0}}
06-28 17:23:12.527 20779 20792 E WProf.db: {"WprofHTMLTag": {"code": "0x9cff6e40", "doc": "http://searchengineland.com/secret-writing-awesome-local-content-255234", "row": 0, "column": 37, "tagName": "a", "time": 31656.623385, "url": "", "pos": 37, "chunkLen": 66, "isStartTag": 1}}
06-28 17:23:12.528 20779 20792 E WProf.db: {"WprofHTMLTag": {"code": "0x9cff6e70", "doc": "http://searchengineland.com/secret-writing-awesome-local-content-255234", "row": 0, "column": 42, "tagName": "a", "time": 31656.623558, "url": "", "pos": 42, "chunkLen": 66, "isStartTag": 0}}
06-28 17:23:12.528 20779 20792 E WProf.db: {"WprofHTMLTag": {"code": "0x9cff6ea0", "doc": "http://searchengineland.com/secret-writing-awesome-local-content-255234", "row": 0, "column": 66, "tagName": "input", "time": 31656.623622, "url": "", "pos": 66, "chunkLen": 66, "isStartTag": 1}}
06-28 17:23:12.528 20779 20792 E WProf.db: {"WprofHTMLTag": {"code": "0x9cff6f30", "doc": "http://searchengineland.com/secret-writing-awesome-local-content-255234", "row": 0, "column": 9, "tagName": "link", "time": 31656.625281, "url": "", "pos": 9, "chunkLen": 66, "isStartTag": 1}}
06-28 17:23:12.528 20779 20792 E WProf.db: {"WprofHTMLTag": {"code": "0x9cff6f60", "doc": "http://searchengineland.com/secret-writing-awesome-local-content-255234", "row": 0, "column": 16, "tagName": "table", "time": 31656.625382, "url": "", "pos": 16, "chunkLen": 66, "isStartTag": 1}}
06-28 17:23:12.528 20779 20792 E WProf.db: {"WprofHTMLTag": {"code": "0x9cff6f90", "doc": "http://searchengineland.com/secret-writing-awesome-local-content-255234", "row": 0, "column": 24, "tagName": "table", "time": 31656.625446, "url": "", "pos": 24, "chunkLen": 66, "isStartTag": 0}}
06-28 17:23:12.528 20779 20792 E WProf.db: {"WprofHTMLTag": {"code": "0x9cff6fc0", "doc": "http://searchengineland.com/secret-writing-awesome-local-content-255234", "row": 0, "column": 37, "tagName": "a", "time": 31656.625502, "url": "", "pos": 37, "chunkLen": 66, "isStartTag": 1}}
06-28 17:23:12.528 20779 20792 E WProf.db: {"WprofHTMLTag": {"code": "0x9cff6ff0", "doc": "http://searchengineland.com/secret-writing-awesome-local-content-255234", "row": 0, "column": 42, "tagName": "a", "time": 31656.625662, "url": "", "pos": 42, "chunkLen": 66, "isStartTag": 0}}
06-28 17:23:12.528 20779 20792 E WProf.db: {"WprofHTMLTag": {"code": "0x9cff7020", "doc": "http://searchengineland.com/secret-writing-awesome-local-content-255234", "row": 0, "column": 66, "tagName": "input", "time": 31656.625734, "url": "", "pos": 66, "chunkLen": 66, "isStartTag": 1}}
06-28 17:23:12.528 20779 20792 E WProf.db: {"WprofHTMLTag": {"code": "0x9cff7080", "doc": "http://searchengineland.com/secret-writing-awesome-local-content-255234", "row": 0, "column": 9, "tagName": "link", "time": 31656.633786, "url": "", "pos": 9, "chunkLen": 66, "isStartTag": 1}}
06-28 17:23:12.528 20779 20792 E WProf.db: {"WprofHTMLTag": {"code": "0x9cff70b0", "doc": "http://searchengineland.com/secret-writing-awesome-local-content-255234", "row": 0, "column": 16, "tagName": "table", "time": 31656.633904, "url": "", "pos": 16, "chunkLen": 66, "isStartTag": 1}}
06-28 17:23:12.528 20779 20792 E WProf.db: {"WprofHTMLTag": {"code": "0x9cff70e0", "doc": "http://searchengineland.com/secret-writing-awesome-local-content-255234", "row": 0, "column": 24, "tagName": "table", "time": 31656.633979, "url": "", "pos": 24, "chunkLen": 66, "isStartTag": 0}}
