06-28 13:32:08.073 32037 32050 E WProf.db: {"Computation": {"type": "fireEvent", "code": "0xaec7b1b0", "docUrl": "https://searchengineland-com.cdn.ampproject.org/c/searchengineland.com/seo-shops-12-tips-xmas-234353/amp", "startTime": 17802.960883, "endTime": 17802.961139, "urlRecalcStyle": "load"}}
06-28 13:32:08.073 32037 32050 E WProf.db: {"Computation": {"type": "layout", "code": "0xaec7b1b0", "docUrl": "https://searchengineland-com.cdn.ampproject.org/c/searchengineland.com/seo-shops-12-tips-xmas-234353/amp", "startTime": 17802.961431, "endTime": 17802.962050, "urlRecalcStyle": ""}}
06-28 13:32:08.073 32037 32050 E WProf.db: {"Computation": {"type": "layout", "code": "0xaec7b1b0", "docUrl": "https://searchengineland-com.cdn.ampproject.org/c/searchengineland.com/seo-shops-12-tips-xmas-234353/amp", "startTime": 17802.967807, "endTime": 17803.002313, "urlRecalcStyle": ""}}
06-28 13:32:08.073 32037 32050 E WProf.db: {"Computation": {"type": "layout", "code": "0xaec7b1b0", "docUrl": "https://searchengineland-com.cdn.ampproject.org/c/searchengineland.com/seo-shops-12-tips-xmas-234353/amp", "startTime": 17803.008914, "endTime": 17803.009036, "urlRecalcStyle": ""}}
06-28 13:32:08.073 32037 32050 E WProf.db: {"Computation": {"type": "layout", "code": "0xaec7b1b0", "docUrl": "https://searchengineland-com.cdn.ampproject.org/c/searchengineland.com/seo-shops-12-tips-xmas-234353/amp", "startTime": 17803.009047, "endTime": 17803.009097, "urlRecalcStyle": ""}}
06-28 13:32:08.073 32037 32050 E WProf.db: {"Computation": {"type": "fireEvent", "code": "0xaec7b1b0", "docUrl": "https://searchengineland-com.cdn.ampproject.org/c/searchengineland.com/seo-shops-12-tips-xmas-234353/amp", "startTime": 17803.052547, "endTime": 17803.052597, "urlRecalcStyle": "load"}}
06-28 13:32:08.073 32037 32050 E WProf.db: {"Computation": {"type": "fireEvent", "code": "0xaec7b1b0", "docUrl": "https://searchengineland-com.cdn.ampproject.org/c/searchengineland.com/seo-shops-12-tips-xmas-234353/amp", "startTime": 17803.052647, "endTime": 17803.052701, "urlRecalcStyle": "load"}}
06-28 13:32:08.073 32037 32050 E WProf.db: {"Computation": {"type": "fireEvent", "code": "0xaec7b1b0", "docUrl": "https://searchengineland-com.cdn.ampproject.org/c/searchengineland.com/seo-shops-12-tips-xmas-234353/amp", "startTime": 17803.052793, "endTime": 17803.052849, "urlRecalcStyle": "load"}}
06-28 13:32:08.073 32037 32050 E WProf.db: {"Computation": {"type": "fireEvent", "code": "0xaec7b1b0", "docUrl": "https://searchengineland-com.cdn.ampproject.org/c/searchengineland.com/seo-shops-12-tips-xmas-234353/amp", "startTime": 17803.052907, "endTime": 17803.052959, "urlRecalcStyle": "load"}}
06-28 13:32:08.074 32037 32050 E WProf.db: {"Computation": {"type": "fireEvent", "code": "0xaec7b1b0", "docUrl": "https://searchengineland-com.cdn.ampproject.org/c/searchengineland.com/seo-shops-12-tips-xmas-234353/amp", "startTime": 17803.053025, "endTime": 17803.053072, "urlRecalcStyle": "load"}}
06-28 13:32:08.074 32037 32050 E WProf.db: {"Computation": {"type": "fireEvent", "code": "0xaec7b1b0", "docUrl": "https://searchengineland-com.cdn.ampproject.org/c/searchengineland.com/seo-shops-12-tips-xmas-234353/amp", "startTime": 17803.053122, "endTime": 17803.053178, "urlRecalcStyle": "load"}}
06-28 13:32:08.076 32037 32050 E WProf.db: {"Computation": {"type": "fireEvent", "code": "0xaec7b1b0", "docUrl": "https://searchengineland-com.cdn.ampproject.org/c/searchengineland.com/seo-shops-12-tips-xmas-234353/amp", "startTime": 17803.064244, "endTime": 17803.064292, "urlRecalcStyle": "load"}}
06-28 13:32:08.076 32037 32050 E WProf.db: {"Computation": {"type": "fireEvent", "code": "0xaec7b1b0", "docUrl": "https://searchengineland-com.cdn.ampproject.org/c/searchengineland.com/seo-shops-12-tips-xmas-234353/amp", "startTime": 17803.064344, "endTime": 17803.064386, "urlRecalcStyle": "load"}}
06-28 13:32:08.076 32037 32050 E WProf.db: {"Computation": {"type": "fireEvent", "code": "0xaec7b1b0", "docUrl": "https://searchengineland-com.cdn.ampproject.org/c/searchengineland.com/seo-shops-12-tips-xmas-234353/amp", "startTime": 17803.064437, "endTime": 17803.064936, "urlRecalcStyle": "load"}}
06-28 13:32:08.076 32037 32050 E WProf.db: {"Computation": {"type": "fireEvent", "code": "0xaec7b1b0", "docUrl": "https://searchengineland-com.cdn.ampproject.org/c/searchengineland.com/seo-shops-12-tips-xmas-234353/amp", "startTime": 17803.065021, "endTime": 17803.065068, "urlRecalcStyle": "load"}}
06-28 13:32:08.076 31970 32016 E chromium: [ERROR:gles2_cmd_decoder.cc(3852)] [.ChromiumCompositor-0xacbb2fc0]GL ERROR :GL_INVALID_ENUM : glDiscardFramebufferEXT: attachments was GL_COLOR_EXT
06-28 13:32:08.077 32037 32050 E WProf.db: {"Computation": {"type": "fireEvent", "code": "0xaec7b1b0", "docUrl": "https://searchengineland-com.cdn.ampproject.org/c/searchengineland.com/seo-shops-12-tips-xmas-234353/amp", "startTime": 17803.065122, "endTime": 17803.065196, "urlRecalcStyle": "load"}}
06-28 13:32:08.077 32037 32050 E WProf.db: {"Computation": {"type": "fireEvent", "code": "0xaec7b1b0", "docUrl": "https://searchengineland-com.cdn.ampproject.org/c/searchengineland.com/seo-shops-12-tips-xmas-234353/amp", "startTime": 17803.065260, "endTime": 17803.065491, "urlRecalcStyle": "load"}}
06-28 13:32:08.077 32037 32050 E WProf.db: {"Computation": {"type": "fireEvent", "code": "0xaec7b1b0", "docUrl": "https://searchengineland-com.cdn.ampproject.org/c/searchengineland.com/seo-shops-12-tips-xmas-234353/amp", "startTime": 17803.065572, "endTime": 17803.065626, "urlRecalcStyle": "load"}}
06-28 13:32:08.077 32037 32050 E WProf.db: {"Computation": {"type": "fireEvent", "code": "0xaec7b1b0", "docUrl": "https://searchengineland-com.cdn.ampproject.org/c/searchengineland.com/seo-shops-12-tips-xmas-234353/amp", "startTime": 17803.065727, "endTime": 17803.065781, "urlRecalcStyle": "load"}}
06-28 13:32:08.077 32037 32050 E WProf.db: {"Computation": {"type": "fireEvent", "code": "0xaec7b1b0", "docUrl": "https://searchengineland-com.cdn.ampproject.org/c/searchengineland.com/seo-shops-12-tips-xmas-234353/amp", "startTime": 17803.065834, "endTime": 17803.065991, "urlRecalcStyle": "load"}}
06-28 13:32:08.077 32037 32050 E WProf.db: {"Computation": {"type": "fireEvent", "code": "0xaec7b1b0", "docUrl": "https://searchengineland-com.cdn.ampproject.org/c/searchengineland.com/seo-shops-12-tips-xmas-234353/amp", "startTime": 17803.066069, "endTime": 17803.066122, "urlRecalcStyle": "load"}}
06-28 13:32:08.077 32037 32050 E WProf.db: {"Computation": {"type": "fireEvent", "code": "0xaec7b1b0", "docUrl": "https://searchengineland-com.cdn.ampproject.org/c/searchengineland.com/seo-shops-12-tips-xmas-234353/amp", "startTime": 17803.066236, "endTime": 17803.066310, "urlRecalcStyle": "load"}}
06-28 13:32:08.079 32037 32050 E WProf.db: {"Computation": {"type": "fireEvent", "code": "0xaec7b1b0", "docUrl": "https://searchengineland-com.cdn.ampproject.org/c/searchengineland.com/seo-shops-12-tips-xmas-234353/amp", "startTime": 17803.066369, "endTime": 17803.066501, "urlRecalcStyle": "load"}}
06-28 13:32:08.079 32037 32050 E WProf.db: {"Computation": {"type": "layout", "code": "0xaec7b1b0", "docUrl": "https://searchengineland-com.cdn.ampproject.org/c/searchengineland.com/seo-shops-12-tips-xmas-234353/amp", "startTime": 17803.080195, "endTime": 17803.083452, "urlRecalcStyle": ""}}
06-28 13:32:08.079 32037 32050 E WProf.db: {"Computation": {"type": "layout", "code": "0xaec7b1b0", "docUrl": "https://searchengineland-com.cdn.ampproject.org/c/searchengineland.com/seo-shops-12-tips-xmas-234353/amp", "startTime": 17803.085274, "endTime": 17803.085802, "urlRecalcStyle": ""}}
06-28 13:32:08.079 32037 32050 E WProf.db: {"Computation": {"type": "fireEvent", "code": "0xaec7b1b0", "docUrl": "https://searchengineland-com.cdn.ampproject.org/c/searchengineland.com/seo-shops-12-tips-xmas-234353/amp", "startTime": 17803.085897, "endTime": 17803.085944, "urlRecalcStyle": "load"}}
06-28 13:32:08.079 32037 32050 E WProf.db: {"Computation": {"type": "fireEvent", "code": "0xaec7b1b0", "docUrl": "https://searchengineland-com.cdn.ampproject.org/c/searchengineland.com/seo-shops-12-tips-xmas-234353/amp", "startTime": 17803.085994, "endTime": 17803.086038, "urlRecalcStyle": "load"}}
06-28 13:32:08.079 32037 32050 E WProf.db: {"Computation": {"type": "fireEvent", "code": "0xaec7b1b0", "docUrl": "https://searchengineland-com.cdn.ampproject.org/c/searchengineland.com/seo-shops-12-tips-xmas-234353/amp", "startTime": 17803.086085, "endTime": 17803.087628, "urlRecalcStyle": "load"}}
06-28 13:32:08.079 32037 32050 E WProf.db: {"Computation": {"type": "layout", "code": "0xaec7b1b0", "docUrl": "https://searchengineland-com.cdn.ampproject.org/c/searchengineland.com/seo-shops-12-tips-xmas-234353/amp", "startTime": 17803.095674, "endTime": 17803.096831, "urlRecalcStyle": ""}}
06-28 13:32:08.079 32037 32050 E WProf.db: {"Computation": {"type": "layout", "code": "0xaec7b1b0", "docUrl": "https://searchengineland-com.cdn.ampproject.org/c/searchengineland.com/seo-shops-12-tips-xmas-234353/amp", "startTime": 17803.143335, "endTime": 17803.145763, "urlRecalcStyle": ""}}
06-28 13:32:08.079 32037 32050 E WProf.db: {"Computation": {"type": "layout", "code": "0xaec7b1b0", "docUrl": "https://searchengineland-com.cdn.ampproject.org/c/searchengineland.com/seo-shops-12-tips-xmas-234353/amp", "startTime": 17803.644189, "endTime": 17803.646914, "urlRecalcStyle": ""}}
06-28 13:32:08.079 32037 32050 E WProf.db: {"Computation": {"type": "layout", "code": "0xaec7b1b0", "docUrl": "https://searchengineland-com.cdn.ampproject.org/c/searchengineland.com/seo-shops-12-tips-xmas-234353/amp", "startTime": 17803.651084, "endTime": 17803.653188, "urlRecalcStyle": ""}}
06-28 13:32:08.080 32037 32050 E WProf.db: {"Computation": {"type": "execScript", "code": "0xaec7b1b0", "docUrl": "https://searchengineland-com.cdn.ampproject.org/c/searchengineland.com/seo-shops-12-tips-xmas-234353/amp", "startTime": 17803.866871, "endTime": 17803.885285, "urlRecalcStyle": "https://cdn.ampproject.org/rtv/011498506512561/v0/amp-crypto-polyfill-0.1.js"}}
06-28 13:32:08.080 32037 32050 E WProf.db: {"Computation": {"type": "fireEvent", "code": "0xaec7b1b0", "docUrl": "https://searchengineland-com.cdn.ampproject.org/c/searchengineland.com/seo-shops-12-tips-xmas-234353/amp", "startTime": 17803.885387, "endTime": 17803.885461, "urlRecalcStyle": "load"}}
06-28 13:32:08.081 32037 32050 E WProf.db: {"Computation": {"type": "fireEvent", "code": "0xaec7b1b0", "docUrl": "https://searchengineland-com.cdn.ampproject.org/c/searchengineland.com/seo-shops-12-tips-xmas-234353/amp", "startTime": 17803.885534, "endTime": 17803.885600, "urlRecalcStyle": "load"}}
06-28 13:32:08.081 32037 32050 E WProf.db: {"Computation": {"type": "layout", "code": "0xaec7b1b0", "docUrl": "https://searchengineland-com.cdn.ampproject.org/c/searchengineland.com/seo-shops-12-tips-xmas-234353/amp", "startTime": 17804.695334, "endTime": 17804.700427, "urlRecalcStyle": ""}}
06-28 13:32:08.081 32037 32050 E WProf.db: {"Complete": "searchengineland-com.cdn.ampproject.org_c_searchengineland.com_seo-shops-12-tips-xmas-234353_amp"}
06-28 13:32:08.092 31970 32016 E chromium: [ERROR:gles2_cmd_decoder.cc(3852)] [.ChromiumCompositor-0xacbb2fc0]GL ERROR :GL_INVALID_ENUM : glDiscardFramebufferEXT: attachments was GL_COLOR_EXT
06-28 13:32:08.109 31970 32016 E chromium: [ERROR:gles2_cmd_decoder.cc(3852)] [.ChromiumCompositor-0xacbb2fc0]GL ERROR :GL_INVALID_ENUM : glDiscardFramebufferEXT: attachments was GL_COLOR_EXT
06-28 13:32:08.126 31970 32016 E chromium: [ERROR:gles2_cmd_decoder.cc(3852)] [.ChromiumCompositor-0xacbb2fc0]GL ERROR :GL_INVALID_ENUM : glDiscardFramebufferEXT: attachments was GL_COLOR_EXT
06-28 13:32:08.148 31970 32016 E chromium: [ERROR:gles2_cmd_decoder.cc(3852)] [.ChromiumCompositor-0xacbb2fc0]GL ERROR :GL_INVALID_ENUM : glDiscardFramebufferEXT: attachments was GL_COLOR_EXT
06-28 13:32:08.167 31970 32016 E chromium: [ERROR:gles2_cmd_decoder.cc(3852)] [.ChromiumCompositor-0xacbb2fc0]GL ERROR :GL_INVALID_ENUM : glDiscardFramebufferEXT: attachments was GL_COLOR_EXT
06-28 13:32:08.176 31970 32016 E chromium: [ERROR:gles2_cmd_decoder.cc(3852)] [.ChromiumCompositor-0xacbb2fc0]GL ERROR :GL_INVALID_ENUM : glDiscardFramebufferEXT: attachments was GL_COLOR_EXT
06-28 13:32:08.199 31970 32016 E chromium: [ERROR:gles2_cmd_decoder.cc(3852)] [.ChromiumCompositor-0xacbb2fc0]GL ERROR :GL_INVALID_ENUM : glDiscardFramebufferEXT: attachments was GL_COLOR_EXT
06-28 13:32:08.209 31970 32016 E chromium: [ERROR:gles2_cmd_decoder.cc(3852)] [.ChromiumCompositor-0xacbb2fc0]GL ERROR :GL_INVALID_ENUM : glDiscardFramebufferEXT: attachments was GL_COLOR_EXT
06-28 13:32:08.225 31970 32016 E chromium: [ERROR:gles2_cmd_decoder.cc(3852)] [.ChromiumCompositor-0xacbb2fc0]GL ERROR :GL_INVALID_ENUM : glDiscardFramebufferEXT: attachments was GL_COLOR_EXT
06-28 13:32:08.228 31970 32016 E chromium: [ERROR:gles2_cmd_decoder.cc(3852)] [.ChromiumCompositor-0xacbb2fc0]GL ERROR :GL_INVALID_ENUM : glDiscardFramebufferEXT: attachments was GL_COLOR_EXT
06-28 13:32:08.259 31970 32016 E chromium: [ERROR:gles2_cmd_decoder.cc(3852)] [.ChromiumCompositor-0xacbb2fc0]GL ERROR :GL_INVALID_ENUM : glDiscardFramebufferEXT: attachments was GL_COLOR_EXT
06-28 13:32:08.264 31970 32016 E chromium: [ERROR:gles2_cmd_decoder.cc(3852)] [.ChromiumCompositor-0xacbb2fc0]GL ERROR :GL_INVALID_ENUM : glDiscardFramebufferEXT: attachments was GL_COLOR_EXT
06-28 13:32:08.293 31970 32016 E chromium: [ERROR:gles2_cmd_decoder.cc(3852)] [.ChromiumCompositor-0xacbb2fc0]GL ERROR :GL_INVALID_ENUM : glDiscardFramebufferEXT: attachments was GL_COLOR_EXT
06-28 13:32:08.299 31970 32016 E chromium: [ERROR:gles2_cmd_decoder.cc(3852)] [.ChromiumCompositor-0xacbb2fc0]GL ERROR :GL_INVALID_ENUM : glDiscardFramebufferEXT: attachments was GL_COLOR_EXT
06-28 13:32:08.328 31970 32016 E chromium: [ERROR:gles2_cmd_decoder.cc(3852)] [.ChromiumCompositor-0xacbb2fc0]GL ERROR :GL_INVALID_ENUM : glDiscardFramebufferEXT: attachments was GL_COLOR_EXT
06-28 13:32:08.346 31970 32016 E chromium: [ERROR:gles2_cmd_decoder.cc(3852)] [.ChromiumCompositor-0xacbb2fc0]GL ERROR :GL_INVALID_ENUM : glDiscardFramebufferEXT: attachments was GL_COLOR_EXT
06-28 13:32:08.355 31970 32016 E chromium: [ERROR:gles2_cmd_decoder.cc(3852)] [.ChromiumCompositor-0xacbb2fc0]GL ERROR :GL_INVALID_ENUM : glDiscardFramebufferEXT: attachments was GL_COLOR_EXT
06-28 13:32:08.375 31970 32016 E chromium: [ERROR:gles2_cmd_decoder.cc(3852)] [.ChromiumCompositor-0xacbb2fc0]GL ERROR :GL_INVALID_ENUM : glDiscardFramebufferEXT: attachments was GL_COLOR_EXT
06-28 13:32:08.393 31970 32016 E chromium: [ERROR:gles2_cmd_decoder.cc(3852)] [.ChromiumCompositor-0xacbb2fc0]GL ERROR :GL_INVALID_ENUM : glDiscardFramebufferEXT: attachments was GL_COLOR_EXT
06-28 13:32:08.406 31970 32016 E chromium: [ERROR:gles2_cmd_decoder.cc(3852)] [.ChromiumCompositor-0xacbb2fc0]GL ERROR :GL_INVALID_ENUM : glDiscardFramebufferEXT: attachments was GL_COLOR_EXT
06-28 13:32:08.419 31970 32016 E chromium: [ERROR:gles2_cmd_decoder.cc(3852)] [.ChromiumCompositor-0xacbb2fc0]GL ERROR :GL_INVALID_ENUM : glDiscardFramebufferEXT: attachments was GL_COLOR_EXT
06-28 13:32:08.445 31970 32016 E chromium: [ERROR:gles2_cmd_decoder.cc(3852)] [.ChromiumCompositor-0xacbb2fc0]GL ERROR :GL_INVALID_ENUM : glDiscardFramebufferEXT: attachments was GL_COLOR_EXT
06-28 13:32:08.453 31970 32016 E chromium: [ERROR:gles2_cmd_decoder.cc(3852)] [.ChromiumCompositor-0xacbb2fc0]GL ERROR :GL_INVALID_ENUM : glDiscardFramebufferEXT: attachments was GL_COLOR_EXT
06-28 13:32:08.479 31970 32016 E chromium: [ERROR:gles2_cmd_decoder.cc(3852)] [.ChromiumCompositor-0xacbb2fc0]GL ERROR :GL_INVALID_ENUM : glDiscardFramebufferEXT: attachments was GL_COLOR_EXT
06-28 13:32:08.487 31970 32016 E chromium: [ERROR:gles2_cmd_decoder.cc(3852)] [.ChromiumCompositor-0xacbb2fc0]GL ERROR :GL_INVALID_ENUM : glDiscardFramebufferEXT: attachments was GL_COLOR_EXT
06-28 13:32:08.501 31970 32016 E chromium: [ERROR:gles2_cmd_decoder.cc(3852)] [.ChromiumCompositor-0xacbb2fc0]GL ERROR :GL_INVALID_ENUM : glDiscardFramebufferEXT: attachments was GL_COLOR_EXT
06-28 13:32:08.531 31970 32016 E chromium: [ERROR:gles2_cmd_decoder.cc(3852)] [.ChromiumCompositor-0xacbb2fc0]GL ERROR :GL_INVALID_ENUM : glDiscardFramebufferEXT: attachments was GL_COLOR_EXT
06-28 13:32:08.535 31970 32016 E chromium: [ERROR:gles2_cmd_decoder.cc(3852)] [.ChromiumCompositor-0xacbb2fc0]GL ERROR :GL_INVALID_ENUM : glDiscardFramebufferEXT: attachments was GL_COLOR_EXT
06-28 13:32:08.563 31970 32016 E chromium: [ERROR:gles2_cmd_decoder.cc(3852)] [.ChromiumCompositor-0xacbb2fc0]GL ERROR :GL_INVALID_ENUM : glDiscardFramebufferEXT: attachments was GL_COLOR_EXT
06-28 13:32:08.569 31970 32016 E chromium: [ERROR:gles2_cmd_decoder.cc(3852)] [.ChromiumCompositor-0xacbb2fc0]GL ERROR :GL_INVALID_ENUM : glDiscardFramebufferEXT: attachments was GL_COLOR_EXT
06-28 13:32:08.600 31970 32016 E chromium: [ERROR:gles2_cmd_decoder.cc(3852)] [.ChromiumCompositor-0xacbb2fc0]GL ERROR :GL_INVALID_ENUM : glDiscardFramebufferEXT: attachments was GL_COLOR_EXT
06-28 13:32:08.632 31970 32016 E chromium: [ERROR:gles2_cmd_decoder.cc(3852)] [.ChromiumCompositor-0xacbb2fc0]GL ERROR :GL_INVALID_ENUM : glDiscardFramebufferEXT: attachments was GL_COLOR_EXT
06-28 13:32:08.638 31970 32016 E chromium: [ERROR:gles2_cmd_decoder.cc(3852)] [.ChromiumCompositor-0xacbb2fc0]GL ERROR :GL_INVALID_ENUM : glDiscardFramebufferEXT: attachments was GL_COLOR_EXT
06-28 13:32:08.649 31970 32016 E chromium: [ERROR:gles2_cmd_decoder.cc(3852)] [.ChromiumCompositor-0xacbb2fc0]GL ERROR :GL_INVALID_ENUM : glDiscardFramebufferEXT: attachments was GL_COLOR_EXT
06-28 13:32:08.667 31970 32016 E chromium: [ERROR:gles2_cmd_decoder.cc(3852)] [.ChromiumCompositor-0xacbb2fc0]GL ERROR :GL_INVALID_ENUM : glDiscardFramebufferEXT: attachments was GL_COLOR_EXT
06-28 13:32:08.688 31970 32016 E chromium: [ERROR:gles2_cmd_decoder.cc(3852)] [.ChromiumCompositor-0xacbb2fc0]GL ERROR :GL_INVALID_ENUM : glDiscardFramebufferEXT: attachments was GL_COLOR_EXT
06-28 13:32:08.707 31970 32016 E chromium: [ERROR:gles2_cmd_decoder.cc(3852)] [.ChromiumCompositor-0xacbb2fc0]GL ERROR :GL_INVALID_ENUM : glDiscardFramebufferEXT: attachments was GL_COLOR_EXT
06-28 13:32:08.716 31970 32016 E chromium: [ERROR:gles2_cmd_decoder.cc(3852)] [.ChromiumCompositor-0xacbb2fc0]GL ERROR :GL_INVALID_ENUM : glDiscardFramebufferEXT: attachments was GL_COLOR_EXT
06-28 13:32:08.732 31970 32016 E chromium: [ERROR:gles2_cmd_decoder.cc(3852)] [.ChromiumCompositor-0xacbb2fc0]GL ERROR :GL_INVALID_ENUM : glDiscardFramebufferEXT: attachments was GL_COLOR_EXT
06-28 13:32:08.750 31970 32016 E chromium: [ERROR:gles2_cmd_decoder.cc(3852)] [.ChromiumCompositor-0xacbb2fc0]GL ERROR :GL_INVALID_ENUM : glDiscardFramebufferEXT: attachments was GL_COLOR_EXT
06-28 13:32:08.767 31970 32016 E chromium: [ERROR:gles2_cmd_decoder.cc(3852)] [.ChromiumCompositor-0xacbb2fc0]GL ERROR :GL_INVALID_ENUM : glDiscardFramebufferEXT: attachments was GL_COLOR_EXT
06-28 13:32:08.788 31970 32016 E chromium: [ERROR:gles2_cmd_decoder.cc(3852)] [.ChromiumCompositor-0xacbb2fc0]GL ERROR :GL_INVALID_ENUM : glDiscardFramebufferEXT: attachments was GL_COLOR_EXT
06-28 13:32:08.825 31970 32016 E chromium: [ERROR:gles2_cmd_decoder.cc(3852)] [.ChromiumCompositor-0xacbb2fc0]GL ERROR :GL_INVALID_ENUM : glDiscardFramebufferEXT: attachments was GL_COLOR_EXT
06-28 13:32:08.836 31970 32016 E chromium: [ERROR:gles2_cmd_decoder.cc(3852)] [.ChromiumCompositor-0xacbb2fc0]GL ERROR :GL_INVALID_ENUM : glDiscardFramebufferEXT: attachments was GL_COLOR_EXT
06-28 13:32:08.853 31970 32016 E chromium: [ERROR:gles2_cmd_decoder.cc(3852)] [.ChromiumCompositor-0xacbb2fc0]GL ERROR :GL_INVALID_ENUM : glDiscardFramebufferEXT: attachments was GL_COLOR_EXT
06-28 13:32:08.868 31970 32016 E chromium: [ERROR:gles2_cmd_decoder.cc(3852)] [.ChromiumCompositor-0xacbb2fc0]GL ERROR :GL_INVALID_ENUM : glDiscardFramebufferEXT: attachments was GL_COLOR_EXT
06-28 13:32:08.884 31970 32016 E chromium: [ERROR:gles2_cmd_decoder.cc(3852)] [.ChromiumCompositor-0xacbb2fc0]GL ERROR :GL_INVALID_ENUM : glDiscardFramebufferEXT: attachments was GL_COLOR_EXT
06-28 13:32:08.901 31970 32016 E chromium: [ERROR:gles2_cmd_decoder.cc(3852)] [.ChromiumCompositor-0xacbb2fc0]GL ERROR :GL_INVALID_ENUM : glDiscardFramebufferEXT: attachments was GL_COLOR_EXT
06-28 13:32:08.919 31970 32016 E chromium: [ERROR:gles2_cmd_decoder.cc(3852)] [.ChromiumCompositor-0xacbb2fc0]GL ERROR :GL_INVALID_ENUM : glDiscardFramebufferEXT: attachments was GL_COLOR_EXT
06-28 13:32:08.935 31970 32016 E chromium: [ERROR:gles2_cmd_decoder.cc(3852)] [.ChromiumCompositor-0xacbb2fc0]GL ERROR :GL_INVALID_ENUM : glDiscardFramebufferEXT: attachments was GL_COLOR_EXT
06-28 13:32:08.953 31970 32016 E chromium: [ERROR:gles2_cmd_decoder.cc(3852)] [.ChromiumCompositor-0xacbb2fc0]GL ERROR :GL_INVALID_ENUM : glDiscardFramebufferEXT: attachments was GL_COLOR_EXT
06-28 13:32:08.969 31970 32016 E chromium: [ERROR:gles2_cmd_decoder.cc(3852)] [.ChromiumCompositor-0xacbb2fc0]GL ERROR :GL_INVALID_ENUM : glDiscardFramebufferEXT: attachments was GL_COLOR_EXT
06-28 13:32:08.986 31970 32016 E chromium: [ERROR:gles2_cmd_decoder.cc(3852)] [.ChromiumCompositor-0xacbb2fc0]GL ERROR :GL_INVALID_ENUM : glDiscardFramebufferEXT: attachments was GL_COLOR_EXT
06-28 13:32:09.005 31970 32016 E chromium: [ERROR:gles2_cmd_decoder.cc(3852)] [.ChromiumCompositor-0xacbb2fc0]GL ERROR :GL_INVALID_ENUM : glDiscardFramebufferEXT: attachments was GL_COLOR_EXT
06-28 13:32:09.023 31970 32016 E chromium: [ERROR:gles2_cmd_decoder.cc(3852)] [.ChromiumCompositor-0xacbb2fc0]GL ERROR :GL_INVALID_ENUM : glDiscardFramebufferEXT: attachments was GL_COLOR_EXT
06-28 13:32:09.037 31970 32016 E chromium: [ERROR:gles2_cmd_decoder.cc(3852)] [.ChromiumCompositor-0xacbb2fc0]GL ERROR :GL_INVALID_ENUM : glDiscardFramebufferEXT: attachments was GL_COLOR_EXT
06-28 13:32:09.041 32037 32050 E WPROF   : {"Javascript": {"url": "https://3p.ampproject.net/1498506512561/f.js", "requestTime": 17806.096809}}
06-28 13:32:09.053 31970 32016 E chromium: [ERROR:gles2_cmd_decoder.cc(3852)] [.ChromiumCompositor-0xacbb2fc0]GL ERROR :GL_INVALID_ENUM : glDiscardFramebufferEXT: attachments was GL_COLOR_EXT
06-28 13:32:09.067 31970 32016 E chromium: [ERROR:gles2_cmd_decoder.cc(3852)] [.ChromiumCompositor-0xacbb2fc0]GL ERROR :GL_INVALID_ENUM : glDiscardFramebufferEXT: attachments was GL_COLOR_EXT
06-28 13:32:09.086 31970 32016 E chromium: [ERROR:gles2_cmd_decoder.cc(3852)] [.ChromiumCompositor-0xacbb2fc0]GL ERROR :GL_INVALID_ENUM : glDiscardFramebufferEXT: attachments was GL_COLOR_EXT
06-28 13:32:09.103 31970 32016 E chromium: [ERROR:gles2_cmd_decoder.cc(3852)] [.ChromiumCompositor-0xacbb2fc0]GL ERROR :GL_INVALID_ENUM : glDiscardFramebufferEXT: attachments was GL_COLOR_EXT
06-28 13:32:09.120 31970 32016 E chromium: [ERROR:gles2_cmd_decoder.cc(3852)] [.ChromiumCompositor-0xacbb2fc0]GL ERROR :GL_INVALID_ENUM : glDiscardFramebufferEXT: attachments was GL_COLOR_EXT
06-28 13:32:09.138 31970 32016 E chromium: [ERROR:gles2_cmd_decoder.cc(3852)] [.ChromiumCompositor-0xacbb2fc0]GL ERROR :GL_INVALID_ENUM : glDiscardFramebufferEXT: attachments was GL_COLOR_EXT
06-28 13:32:09.159 31970 32016 E chromium: [ERROR:gles2_cmd_decoder.cc(3852)] [.ChromiumCompositor-0xacbb2fc0]GL ERROR :GL_INVALID_ENUM : glDiscardFramebufferEXT: attachments was GL_COLOR_EXT
06-28 13:32:09.174 31970 32016 E chromium: [ERROR:gles2_cmd_decoder.cc(3852)] [.ChromiumCompositor-0xacbb2fc0]GL ERROR :GL_INVALID_ENUM : glDiscardFramebufferEXT: attachments was GL_COLOR_EXT
06-28 13:32:09.185 31970 32016 E chromium: [ERROR:gles2_cmd_decoder.cc(3852)] [.ChromiumCompositor-0xacbb2fc0]GL ERROR :GL_INVALID_ENUM : glDiscardFramebufferEXT: attachments was GL_COLOR_EXT
06-28 13:32:09.202 31970 32016 E chromium: [ERROR:gles2_cmd_decoder.cc(3852)] [.ChromiumCompositor-0xacbb2fc0]GL ERROR :GL_INVALID_ENUM : glDiscardFramebufferEXT: attachments was GL_COLOR_EXT
06-28 13:32:09.234 31970 32016 E chromium: [ERROR:gles2_cmd_decoder.cc(3852)] [.ChromiumCompositor-0xacbb2fc0]GL ERROR :GL_INVALID_ENUM : glDiscardFramebufferEXT: attachments was GL_COLOR_EXT
06-28 13:32:09.241 31970 32016 E chromium: [ERROR:gles2_cmd_decoder.cc(3852)] [.ChromiumCompositor-0xacbb2fc0]GL ERROR :GL_INVALID_ENUM : glDiscardFramebufferEXT: attachments was GL_COLOR_EXT
06-28 13:32:09.254 31970 32016 E chromium: [ERROR:gles2_cmd_decoder.cc(3852)] [.ChromiumCompositor-0xacbb2fc0]GL ERROR :GL_INVALID_ENUM : glDiscardFramebufferEXT: attachments was GL_COLOR_EXT
06-28 13:32:09.271 31970 32016 E chromium: [ERROR:gles2_cmd_decoder.cc(3852)] [.ChromiumCompositor-0xacbb2fc0]GL ERROR :GL_INVALID_ENUM : glDiscardFramebufferEXT: attachments was GL_COLOR_EXT
06-28 13:32:09.287 31970 32016 E chromium: [ERROR:gles2_cmd_decoder.cc(3852)] [.ChromiumCompositor-0xacbb2fc0]GL ERROR :GL_INVALID_ENUM : glDiscardFramebufferEXT: attachments was GL_COLOR_EXT
06-28 13:32:09.307 31970 32016 E chromium: [ERROR:gles2_cmd_decoder.cc(3852)] [.ChromiumCompositor-0xacbb2fc0]GL ERROR :GL_INVALID_ENUM : glDiscardFramebufferEXT: attachments was GL_COLOR_EXT
06-28 13:32:09.324 31970 32016 E chromium: [ERROR:gles2_cmd_decoder.cc(3852)] [.ChromiumCompositor-0xacbb2fc0]GL ERROR :GL_INVALID_ENUM : glDiscardFramebufferEXT: attachments was GL_COLOR_EXT
06-28 13:32:09.338 31970 32016 E chromium: [ERROR:gles2_cmd_decoder.cc(3852)] [.ChromiumCompositor-0xacbb2fc0]GL ERROR :GL_INVALID_ENUM : glDiscardFramebufferEXT: attachments was GL_COLOR_EXT
06-28 13:32:09.353 31970 32016 E chromium: [ERROR:gles2_cmd_decoder.cc(3852)] [.ChromiumCompositor-0xacbb2fc0]GL ERROR :GL_INVALID_ENUM : glDiscardFramebufferEXT: attachments was GL_COLOR_EXT
06-28 13:32:09.372 31970 32016 E chromium: [ERROR:gles2_cmd_decoder.cc(3852)] [.ChromiumCompositor-0xacbb2fc0]GL ERROR :GL_INVALID_ENUM : glDiscardFramebufferEXT: attachments was GL_COLOR_EXT
06-28 13:32:09.389 31970 32016 E chromium: [ERROR:gles2_cmd_decoder.cc(3852)] [.ChromiumCompositor-0xacbb2fc0]GL ERROR :GL_INVALID_ENUM : glDiscardFramebufferEXT: attachments was GL_COLOR_EXT
06-28 13:32:09.410 31970 32016 E chromium: [ERROR:gles2_cmd_decoder.cc(3852)] [.ChromiumCompositor-0xacbb2fc0]GL ERROR :GL_INVALID_ENUM : glDiscardFramebufferEXT: attachments was GL_COLOR_EXT
06-28 13:32:09.435 31970 32016 E chromium: [ERROR:gles2_cmd_decoder.cc(3852)] [.ChromiumCompositor-0xacbb2fc0]GL ERROR :GL_INVALID_ENUM : glDiscardFramebufferEXT: attachments was GL_COLOR_EXT
06-28 13:32:09.451 31970 32016 E chromium: [ERROR:gles2_cmd_decoder.cc(3852)] [.ChromiumCompositor-0xacbb2fc0]GL ERROR :GL_INVALID_ENUM : glDiscardFramebufferEXT: attachments was GL_COLOR_EXT
06-28 13:32:09.457 31970 32016 E chromium: [ERROR:gles2_cmd_decoder.cc(3852)] [.ChromiumCompositor-0xacbb2fc0]GL ERROR :GL_INVALID_ENUM : glDiscardFramebufferEXT: attachments was GL_COLOR_EXT
06-28 13:32:09.475 31970 32016 E chromium: [ERROR:gles2_cmd_decoder.cc(3852)] [.ChromiumCompositor-0xacbb2fc0]GL ERROR :GL_INVALID_ENUM : glDiscardFramebufferEXT: attachments was GL_COLOR_EXT
06-28 13:32:09.488 31970 32016 E chromium: [ERROR:gles2_cmd_decoder.cc(3852)] [.ChromiumCompositor-0xacbb2fc0]GL ERROR :GL_INVALID_ENUM : glDiscardFramebufferEXT: attachments was GL_COLOR_EXT
06-28 13:32:09.503 31970 32016 E chromium: [ERROR:gles2_cmd_decoder.cc(3852)] [.ChromiumCompositor-0xacbb2fc0]GL ERROR :GL_INVALID_ENUM : glDiscardFramebufferEXT: attachments was GL_COLOR_EXT
06-28 13:32:09.520 31970 32016 E chromium: [ERROR:gles2_cmd_decoder.cc(3852)] [.ChromiumCompositor-0xacbb2fc0]GL ERROR :GL_INVALID_ENUM : glDiscardFramebufferEXT: attachments was GL_COLOR_EXT
06-28 13:32:09.539 31970 32016 E chromium: [ERROR:gles2_cmd_decoder.cc(3852)] [.ChromiumCompositor-0xacbb2fc0]GL ERROR :GL_INVALID_ENUM : glDiscardFramebufferEXT: attachments was GL_COLOR_EXT
06-28 13:32:09.559 31970 32016 E chromium: [ERROR:gles2_cmd_decoder.cc(3852)] [.ChromiumCompositor-0xacbb2fc0]GL ERROR :GL_INVALID_ENUM : glDiscardFramebufferEXT: attachments was GL_COLOR_EXT
06-28 13:32:09.574 31970 32016 E chromium: [ERROR:gles2_cmd_decoder.cc(3852)] [.ChromiumCompositor-0xacbb2fc0]GL ERROR :GL_INVALID_ENUM : glDiscardFramebufferEXT: attachments was GL_COLOR_EXT
06-28 13:32:09.590 32037 32050 E WPROF   : {"Javascript": {"url": "https://securepubads.g.doubleclick.net/static/glade.js", "requestTime": 17806.645375}}
06-28 13:32:09.590 31970 32016 E chromium: [ERROR:gles2_cmd_decoder.cc(3852)] [.ChromiumCompositor-0xacbb2fc0]GL ERROR :GL_INVALID_ENUM : glDiscardFramebufferEXT: attachments was GL_COLOR_EXT
06-28 13:32:09.607 31970 32016 E chromium: [ERROR:gles2_cmd_decoder.cc(3852)] [.ChromiumCompositor-0xacbb2fc0]GL ERROR :GL_INVALID_ENUM : glDiscardFramebufferEXT: attachments was GL_COLOR_EXT
06-28 13:32:09.642 31970 32016 E chromium: [ERROR:gles2_cmd_decoder.cc(3852)] [.ChromiumCompositor-0xacbb2fc0]GL ERROR :GL_INVALID_ENUM : glDiscardFramebufferEXT: attachments was GL_COLOR_EXT
06-28 13:32:09.645 31970 32016 E chromium: [ERROR:gles2_cmd_decoder.cc(3852)] [.ChromiumCompositor-0xacbb2fc0]GL ERROR :GL_INVALID_ENUM : glDiscardFramebufferEXT: attachments was GL_COLOR_EXT
06-28 13:32:09.660 31970 32016 E chromium: [ERROR:gles2_cmd_decoder.cc(3852)] [.ChromiumCompositor-0xacbb2fc0]GL ERROR :GL_INVALID_ENUM : glDiscardFramebufferEXT: attachments was GL_COLOR_EXT
06-28 13:32:09.673 31970 32016 E chromium: [ERROR:gles2_cmd_decoder.cc(3852)] [.ChromiumCompositor-0xacbb2fc0]GL ERROR :GL_INVALID_ENUM : glDiscardFramebufferEXT: attachments was GL_COLOR_EXT
06-28 13:32:09.689 31970 32016 E chromium: [ERROR:gles2_cmd_decoder.cc(3852)] [.ChromiumCompositor-0xacbb2fc0]GL ERROR :GL_INVALID_ENUM : glDiscardFramebufferEXT: attachments was GL_COLOR_EXT
06-28 13:32:09.708 31970 32016 E chromium: [ERROR:gles2_cmd_decoder.cc(3852)] [.ChromiumCompositor-0xacbb2fc0]GL ERROR :GL_INVALID_ENUM : glDiscardFramebufferEXT: attachments was GL_COLOR_EXT
06-28 13:32:09.725 31970 32016 E chromium: [ERROR:gles2_cmd_decoder.cc(3852)] [.ChromiumCompositor-0xacbb2fc0]GL ERROR :GL_INVALID_ENUM : glDiscardFramebufferEXT: attachments was GL_COLOR_EXT
06-28 13:32:09.754 31970 32016 E chromium: [ERROR:gles2_cmd_decoder.cc(3852)] [.ChromiumCompositor-0xacbb2fc0]GL ERROR :GL_INVALID_ENUM : glDiscardFramebufferEXT: attachments was GL_COLOR_EXT
06-28 13:32:09.764 31970 32016 E chromium: [ERROR:gles2_cmd_decoder.cc(3852)] [.ChromiumCompositor-0xacbb2fc0]GL ERROR :GL_INVALID_ENUM : glDiscardFramebufferEXT: attachments was GL_COLOR_EXT
06-28 13:32:09.783 31970 32016 E chromium: [ERROR:gles2_cmd_decoder.cc(3852)] [.ChromiumCompositor-0xacbb2fc0]GL ERROR :GL_INVALID_ENUM : glDiscardFramebufferEXT: attachments was GL_COLOR_EXT
06-28 13:32:09.807 31970 32016 E chromium: [ERROR:gles2_cmd_decoder.cc(3852)] [.ChromiumCompositor-0xacbb2fc0]GL ERROR :GL_INVALID_ENUM : glDiscardFramebufferEXT: attachments was GL_COLOR_EXT
06-28 13:32:09.813 31970 32016 E chromium: [ERROR:gles2_cmd_decoder.cc(3852)] [.ChromiumCompositor-0xacbb2fc0]GL ERROR :GL_INVALID_ENUM : glDiscardFramebufferEXT: attachments was GL_COLOR_EXT
06-28 13:32:09.843 31970 32016 E chromium: [ERROR:gles2_cmd_decoder.cc(3852)] [.ChromiumCompositor-0xacbb2fc0]GL ERROR :GL_INVALID_ENUM : glDiscardFramebufferEXT: attachments was GL_COLOR_EXT
06-28 13:32:09.856 31970 32016 E chromium: [ERROR:gles2_cmd_decoder.cc(3852)] [.ChromiumCompositor-0xacbb2fc0]GL ERROR :GL_INVALID_ENUM : glDiscardFramebufferEXT: attachments was GL_COLOR_EXT
06-28 13:32:09.868 31970 32016 E chromium: [ERROR:gles2_cmd_decoder.cc(3852)] [.ChromiumCompositor-0xacbb2fc0]GL ERROR :GL_INVALID_ENUM : glDiscardFramebufferEXT: attachments was GL_COLOR_EXT
06-28 13:32:09.881 31970 32016 E chromium: [ERROR:gles2_cmd_decoder.cc(3852)] [.ChromiumCompositor-0xacbb2fc0]GL ERROR :GL_INVALID_ENUM : glDiscardFramebufferEXT: attachments was GL_COLOR_EXT
06-28 13:32:09.891 31970 32016 E chromium: [ERROR:gles2_cmd_decoder.cc(3852)] [.ChromiumCompositor-0xacbb2fc0]GL ERROR :GL_INVALID_ENUM : glDiscardFramebufferEXT: attachments was GL_COLOR_EXT
06-28 13:32:09.907 31970 32016 E chromium: [ERROR:gles2_cmd_decoder.cc(3852)] [.ChromiumCompositor-0xacbb2fc0]GL ERROR :GL_INVALID_ENUM : glDiscardFramebufferEXT: attachments was GL_COLOR_EXT
06-28 13:32:09.924 31970 32016 E chromium: [ERROR:gles2_cmd_decoder.cc(3852)] [.ChromiumCompositor-0xacbb2fc0]GL ERROR :GL_INVALID_ENUM : glDiscardFramebufferEXT: attachments was GL_COLOR_EXT
06-28 13:32:09.939 31970 32016 E chromium: [ERROR:gles2_cmd_decoder.cc(3852)] [.ChromiumCompositor-0xacbb2fc0]GL ERROR :GL_INVALID_ENUM : glDiscardFramebufferEXT: attachments was GL_COLOR_EXT
06-28 13:32:09.958 31970 32016 E chromium: [ERROR:gles2_cmd_decoder.cc(3852)] [.ChromiumCompositor-0xacbb2fc0]GL ERROR :GL_INVALID_ENUM : glDiscardFramebufferEXT: attachments was GL_COLOR_EXT
06-28 13:32:10.012 31970 32016 E chromium: [ERROR:gles2_cmd_decoder.cc(3852)] [.ChromiumCompositor-0xacbb2fc0]GL ERROR :GL_INVALID_ENUM : glDiscardFramebufferEXT: attachments was GL_COLOR_EXT
06-28 13:32:10.023 31970 32016 E chromium: [ERROR:gles2_cmd_decoder.cc(3852)] [.ChromiumCompositor-0xacbb2fc0]GL ERROR :GL_INVALID_ENUM : glDiscardFramebufferEXT: attachments was GL_COLOR_EXT
06-28 13:32:10.039 31970 32016 E chromium: [ERROR:gles2_cmd_decoder.cc(3852)] [.ChromiumCompositor-0xacbb2fc0]GL ERROR :GL_INVALID_ENUM : glDiscardFramebufferEXT: attachments was GL_COLOR_EXT
06-28 13:32:10.055 31970 32016 E chromium: [ERROR:gles2_cmd_decoder.cc(3852)] [.ChromiumCompositor-0xacbb2fc0]GL ERROR :GL_INVALID_ENUM : glDiscardFramebufferEXT: attachments was GL_COLOR_EXT
06-28 13:32:10.074 31970 32016 E chromium: [ERROR:gles2_cmd_decoder.cc(3852)] [.ChromiumCompositor-0xacbb2fc0]GL ERROR :GL_INVALID_ENUM : glDiscardFramebufferEXT: attachments was GL_COLOR_EXT
06-28 13:32:10.079 32037 32050 E WPROF   : {"Javascript": {"url": "https://securepubads.g.doubleclick.net/static/glade/extra_25.js", "requestTime": 17807.134785}}
06-28 13:32:10.089 31970 32016 E chromium: [ERROR:gles2_cmd_decoder.cc(3852)] [.ChromiumCompositor-0xacbb2fc0]GL ERROR :GL_INVALID_ENUM : glDiscardFramebufferEXT: attachments was GL_COLOR_EXT
06-28 13:32:10.105 31970 32016 E chromium: [ERROR:gles2_cmd_decoder.cc(3852)] [.ChromiumCompositor-0xacbb2fc0]GL ERROR :GL_INVALID_ENUM : glDiscardFramebufferEXT: attachments was GL_COLOR_EXT
06-28 13:32:10.122 31970 32016 E chromium: [ERROR:gles2_cmd_decoder.cc(3852)] [.ChromiumCompositor-0xacbb2fc0]GL ERROR :GL_INVALID_ENUM : glDiscardFramebufferEXT: attachments was GL_COLOR_EXT
06-28 13:32:10.139 31970 32016 E chromium: [ERROR:gles2_cmd_decoder.cc(3852)] [.ChromiumCompositor-0xacbb2fc0]GL ERROR :GL_INVALID_ENUM : glDiscardFramebufferEXT: attachments was GL_COLOR_EXT
06-28 13:32:10.156 31970 32016 E chromium: [ERROR:gles2_cmd_decoder.cc(3852)] [.ChromiumCompositor-0xacbb2fc0]GL ERROR :GL_INVALID_ENUM : glDiscardFramebufferEXT: attachments was GL_COLOR_EXT
06-28 13:32:10.173 31970 32016 E chromium: [ERROR:gles2_cmd_decoder.cc(3852)] [.ChromiumCompositor-0xacbb2fc0]GL ERROR :GL_INVALID_ENUM : glDiscardFramebufferEXT: attachments was GL_COLOR_EXT
06-28 13:32:10.195 31970 32016 E chromium: [ERROR:gles2_cmd_decoder.cc(3852)] [.ChromiumCompositor-0xacbb2fc0]GL ERROR :GL_INVALID_ENUM : glDiscardFramebufferEXT: attachments was GL_COLOR_EXT
06-28 13:32:10.216 31970 32016 E chromium: [ERROR:gles2_cmd_decoder.cc(3852)] [.ChromiumCompositor-0xacbb2fc0]GL ERROR :GL_INVALID_ENUM : glDiscardFramebufferEXT: attachments was GL_COLOR_EXT
06-28 13:32:10.231 31970 32016 E chromium: [ERROR:gles2_cmd_decoder.cc(3852)] [.ChromiumCompositor-0xacbb2fc0]GL ERROR :GL_INVALID_ENUM : glDiscardFramebufferEXT: attachments was GL_COLOR_EXT
06-28 13:32:10.242 31970 32016 E chromium: [ERROR:gles2_cmd_decoder.cc(3852)] [.ChromiumCompositor-0xacbb2fc0]GL ERROR :GL_INVALID_ENUM : glDiscardFramebufferEXT: attachments was GL_COLOR_EXT
06-28 13:32:10.259 31970 32016 E chromium: [ERROR:gles2_cmd_decoder.cc(3852)] [.ChromiumCompositor-0xacbb2fc0]GL ERROR :GL_INVALID_ENUM : glDiscardFramebufferEXT: attachments was GL_COLOR_EXT
06-28 13:32:10.280 31970 32016 E chromium: [ERROR:gles2_cmd_decoder.cc(3852)] [.ChromiumCompositor-0xacbb2fc0]GL ERROR :GL_INVALID_ENUM : glDiscardFramebufferEXT: attachments was GL_COLOR_EXT
06-28 13:32:10.294 31970 32016 E chromium: [ERROR:gles2_cmd_decoder.cc(3852)] [.ChromiumCompositor-0xacbb2fc0]GL ERROR :GL_INVALID_ENUM : glDiscardFramebufferEXT: attachments was GL_COLOR_EXT
06-28 13:32:10.308 31970 32016 E chromium: [ERROR:gles2_cmd_decoder.cc(3852)] [.ChromiumCompositor-0xacbb2fc0]GL ERROR :GL_INVALID_ENUM : glDiscardFramebufferEXT: attachments was GL_COLOR_EXT
06-28 13:32:10.311 32037 32050 E WPROF   : {"Javascript": {"url": "https://tpc.googlesyndication.com/pagead/js/r20170619/r20110914/client/ext/m_window_focus_non_hydra.js", "requestTime": 17807.366345}}
06-28 13:32:10.316 32037 32050 E WPROF   : {"Javascript": {"url": "https://tpc.googlesyndication.com/pagead/js/r20170619/r20110914/activeview/osd_listener.js", "requestTime": 17807.371544}}
06-28 13:32:10.324 31970 32016 E chromium: [ERROR:gles2_cmd_decoder.cc(3852)] [.ChromiumCompositor-0xacbb2fc0]GL ERROR :GL_INVALID_ENUM : glDiscardFramebufferEXT: attachments was GL_COLOR_EXT
06-28 13:32:10.340 31970 32016 E chromium: [ERROR:gles2_cmd_decoder.cc(3852)] [.ChromiumCompositor-0xacbb2fc0]GL ERROR :GL_INVALID_ENUM : glDiscardFramebufferEXT: attachments was GL_COLOR_EXT
06-28 13:32:10.360 31970 32016 E chromium: [ERROR:gles2_cmd_decoder.cc(3852)] [.ChromiumCompositor-0xacbb2fc0]GL ERROR :GL_INVALID_ENUM : glDiscardFramebufferEXT: attachments was GL_COLOR_EXT
06-28 13:32:10.379 31970 32016 E chromium: [ERROR:logger.cc(46)] Too many GL errors, not reporting any more for this context. use --disable-gl-error-limit to see all errors.
06-28 13:32:10.522 32037 32050 E WPROF   : {"Javascript": {"url": "https://pagead2.googlesyndication.com/pagead/osd.js", "requestTime": 17807.577892}}
06-28 13:32:11.012 32037 32050 E WProf.db: {"page": "d-16637283061112723886.ampproject.net_1498506512561_frame.html"}
06-28 13:32:11.012 32037 32050 E WProf.db: {"DOMLoad": 17808.067444}
06-28 13:32:11.012 32037 32050 E WProf.db: {"Resource": {"id": 31, "url": "https://d-16637283061112723886.ampproject.net/1498506512561/frame.html", "sentTime": -1.000000, "len": 375, "from": "0x0", "mimeType": "text/html", "contentLength": -1, "httpStatus": 200, "connId": 356, "connReused": 0, "cached": 0,"requestTime": 17805.719735, "proxyStart": -1, "proxyEnd": -1, "dnsStart": 0, "dnsEnd": 0, "connectStart": 0, "connectEnd": 233, "sendStart": 233, "sendEnd": 234, "receiveHeadersEnd": 333, "sslStart": 56, "sslEnd": 232}}
06-28 13:32:11.012 32037 32050 E WProf.db: {"ReceivedChunk": {"receivedTime": 17806.059104, "len": 375}}
06-28 13:32:11.012 32037 32050 E WProf.db: {"WprofHTMLTag": {"code": "0x9ea792a0", "doc": "https://d-16637283061112723886.ampproject.net/1498506512561/frame.html", "row": 1, "column": 6, "tagName": "head", "time": 17806.095004, "url": "", "pos": 1, "chunkLen": 1, "isStartTag": 1}}
06-28 13:32:11.012 32037 32050 E WProf.db: {"WprofHTMLTag": {"code": "0x9ea79240", "doc": "https://d-16637283061112723886.ampproject.net/1498506512561/frame.html", "row": 2, "column": 22, "tagName": "meta", "time": 17806.095345, "url": "", "pos": 1, "chunkLen": 1, "isStartTag": 1}}
06-28 13:32:11.012 32037 32050 E WProf.db: {"WprofHTMLTag": {"code": "0x9e7fd8a0", "doc": "https://d-16637283061112723886.ampproject.net/1498506512561/frame.html", "row": 3, "column": 38, "tagName": "meta", "time": 17806.095561, "url": "", "pos": 1, "chunkLen": 1, "isStartTag": 1}}
06-28 13:32:11.012 32037 32050 E WProf.db: {"WprofHTMLTag": {"code": "0x9e7fd330", "doc": "https://d-16637283061112723886.ampproject.net/1498506512561/frame.html", "row": 4, "column": 59, "tagName": "script", "time": 17806.095782, "url": "https://3p.ampproject.net/1498506512561/f.js", "pos": 1, "chunkLen": 1, "isStartTag": 1}}
06-28 13:32:11.012 32037 32050 E WProf.db: {"WprofHTMLTag": {"code": "0x9e7fdbd0", "doc": "https://d-16637283061112723886.ampproject.net/1498506512561/frame.html", "row": 4, "column": 68, "tagName": "script", "time": 17806.096410, "url": "", "pos": 1, "chunkLen": 1, "isStartTag": 0}}
06-28 13:32:11.012 32037 32050 E WProf.db: {"WprofHTMLTag": {"code": "0x9ea795a0", "doc": "https://d-16637283061112723886.ampproject.net/1498506512561/frame.html", "row": 5, "column": 7, "tagName": "head", "time": 17806.624570, "url": "", "pos": 1, "chunkLen": 1, "isStartTag": 0}}
06-28 13:32:11.012 32037 32050 E WProf.db: {"WprofHTMLTag": {"code": "0x9ea79570", "doc": "https://d-16637283061112723886.ampproject.net/1498506512561/frame.html", "row": 6, "column": 23, "tagName": "body", "time": 17806.624594, "url": "", "pos": 1, "chunkLen": 1, "isStartTag": 1}}
06-28 13:32:11.012 32037 32050 E WProf.db: {"WprofHTMLTag": {"code": "0x9ea79540", "doc": "https://d-16637283061112723886.ampproject.net/1498506512561/frame.html", "row": 7, "column": 69, "tagName": "div", "time": 17806.624805, "url": "", "pos": 1, "chunkLen": 1, "isStartTag": 1}}
06-28 13:32:11.013 32037 32050 E WProf.db: {"WprofHTMLTag": {"code": "0x9ea791b0", "doc": "https://d-16637283061112723886.ampproject.net/1498506512561/frame.html", "row": 8, "column": 10, "tagName": "script", "time": 17806.625023, "url": "", "pos": 1, "chunkLen": 1, "isStartTag": 1}}
06-28 13:32:11.013 32037 32050 E WProf.db: {"WprofHTMLTag": {"code": "0x9ea794b0", "doc": "https://d-16637283061112723886.ampproject.net/1498506512561/frame.html", "row": 8, "column": 27, "tagName": "script", "time": 17806.625220, "url": "https://securepubads.g.doubleclick.net/static/glade.js", "pos": 1, "chunkLen": 1, "isStartTag": 0}}
06-28 13:32:11.013 32037 32050 E WProf.db: {"WprofHTMLTag": {"code": "0x9e7fdb10", "doc": "https://d-16637283061112723886.ampproject.net/1498506512561/frame.html", "row": 9, "column": 6, "tagName": "div", "time": 17806.648561, "url": "", "pos": 1, "chunkLen": 1, "isStartTag": 0}}
06-28 13:32:11.013 32037 32050 E WProf.db: {"WprofHTMLTag": {"code": "0x9e7fdba0", "doc": "https://d-16637283061112723886.ampproject.net/1498506512561/frame.html", "row": 10, "column": 8, "tagName": "script", "time": 17806.648591, "url": "", "pos": 1, "chunkLen": 1, "isStartTag": 1}}
06-28 13:32:11.013 32037 32050 E WProf.db: {"WprofHTMLTag": {"code": "0x9ea79120", "doc": "https://d-16637283061112723886.ampproject.net/1498506512561/frame.html", "row": 10, "column": 67, "tagName": "script", "time": 17806.648745, "url": "", "pos": 1, "chunkLen": 1, "isStartTag": 0}}
06-28 13:32:11.013 32037 32050 E WProf.db: {"WprofHTMLTag": {"code": "0x9e7ff1f0", "doc": "https://d-16637283061112723886.ampproject.net/1498506512561/frame.html", "row": 11, "column": 7, "tagName": "body", "time": 17806.650137, "url": "", "pos": 1, "chunkLen": 1, "isStartTag": 0}}
06-28 13:32:11.013 32037 32050 E WProf.db: {"WprofHTMLTag": {"code": "0x9e7ff400", "doc": "https://d-16637283061112723886.ampproject.net/1498506512561/frame.html", "row": 12, "column": 7, "tagName": "html", "time": 17806.650150, "url": "https://securepubads.g.doubleclick.net/static/glade/extra_25.js", "pos": 1, "chunkLen": 1, "isStartTag": 0}}
06-28 13:32:11.013 32037 32050 E WProf.db: {"Resource": {"id": 30, "url": "https://ping.chartbeat.net/ping?h=searchengineland.com&p=%2Fseo-shops-12-tips-xmas-234353&u=7gbJIHOtZN9vZhcrbFJPiwUB6izKlEFlqI_R1As73aF1JqbQyjn3_Lbua4j7oTx7&d=searchengineland.com&g=&g0=&g1=&g2=&g3=&g4=&c=120&x=0&y=15357&j=30&R=1&W=0&I=0&E=0&r=&t=34457gbJIHOtZN9vZhcrbFJPiwUB6izKlEFlqI_R1As73aF1JqbQy", "sentTime": -1.000000, "len": 43, "from": "0x0", "mimeType": "image/gif", "contentLength": 43, "httpStatus": 200, "connId": 320, "connReused": 0, "cached": 0,"requestTime": 17805.158636, "proxyStart": -1, "proxyEnd": -1, "dnsStart": 3, "dnsEnd": 14, "connectStart": 0, "connectEnd": 816, "sendStart": 816, "sendEnd": 817, "receiveHeadersEnd": 1054, "sslStart": 247, "sslEnd": 815}}
06-28 13:32:11.013 32037 32050 E WProf.db: {"ReceivedChunk": {"receivedTime": 17806.215425, "len": 43}}
06-28 13:32:11.013 32037 32050 E WProf.db: {"Resource": {"id": 32, "url": "https://3p.ampproject.net/1498506512561/f.js", "sentTime": -1.000000, "len": 91779, "from": "0x9e7fd330", "mimeType": "text/javascript", "contentLength": -1, "httpStatus": 200, "connId": 381, "connReused": 0, "cached": 0,"requestTime": 17806.097644, "proxyStart": -1, "proxyEnd": -1, "dnsStart": 10, "dnsEnd": 10, "connectStart": 0, "connectEnd": 296, "sendStart": 296, "sendEnd": 296, "receiveHeadersEnd": 363, "sslStart": 72, "sslEnd": 295}}
06-28 13:32:11.013 32037 32050 E WProf.db: {"ReceivedChunk": {"receivedTime": 17806.466351, "len": 8664}}
06-28 13:32:11.013 32037 32050 E WProf.db: {"ReceivedChunk": {"receivedTime": 17806.473883, "len": 11274}}
06-28 13:32:11.013 32037 32050 E WProf.db: {"ReceivedChunk": {"receivedTime": 17806.479619, "len": 22341}}
06-28 13:32:11.014 32037 32050 E WProf.db: {"ReceivedChunk": {"receivedTime": 17806.485041, "len": 18427}}
06-28 13:32:11.014 32037 32050 E WProf.db: {"ReceivedChunk": {"receivedTime": 17806.489461, "len": 4122}}
06-28 13:32:11.014 32037 32050 E WProf.db: {"ReceivedChunk": {"receivedTime": 17806.524245, "len": 17712}}
06-28 13:32:11.014 32037 32050 E WProf.db: {"ReceivedChunk": {"receivedTime": 17806.527015, "len": 8496}}
06-28 13:32:11.014 32037 32050 E WProf.db: {"ReceivedChunk": {"receivedTime": 17806.528054, "len": 743}}
06-28 13:32:11.014 32037 32050 E WProf.db: {"Resource": {"id": 33, "url": "https://securepubads.g.doubleclick.net/static/glade.js", "sentTime": -1.000000, "len": 19455, "from": "0x9ea794b0", "mimeType": "text/javascript", "contentLength": -1, "httpStatus": 200, "connId": 395, "connReused": 0, "cached": 0,"requestTime": 17806.646046, "proxyStart": -1, "proxyEnd": -1, "dnsStart": 13, "dnsEnd": 14, "connectStart": 0, "connectEnd": 255, "sendStart": 255, "sendEnd": 255, "receiveHeadersEnd": 357, "sslStart": 77, "sslEnd": 254}}
06-28 13:32:11.014 32037 32050 E WProf.db: {"ReceivedChunk": {"receivedTime": 17807.011018, "len": 2174}}
06-28 13:32:11.014 32037 32050 E WProf.db: {"ReceivedChunk": {"receivedTime": 17807.013872, "len": 7406}}
06-28 13:32:11.014 32037 32050 E WProf.db: {"ReceivedChunk": {"receivedTime": 17807.014480, "len": 9875}}
06-28 13:32:11.014 32037 32050 E WProf.db: {"Resource": {"id": 34, "url": "https://securepubads.g.doubleclick.net/gampad/ads?gdfp_req=1&glade_req=1&glv=25&output=html&iu=%2F1038259%2FSEL-amp-cube&sz=300x250&sfv=1-0-8&correlator=4357445188059136&eid=108809080&adk=2352184609&biw=412&bih=620&adx=56&ady=239&oid=3&u_sd=3.5&ifi=1&is_amp=1&amp_v=1498506512561&nhd=1&url=http%3A%2F", "sentTime": -1.000000, "len": 20205, "from": "0x9e7ff400", "mimeType": "text/html", "contentLength": -1, "httpStatus": 200, "connId": 395, "connReused": 1, "cached": 0,"requestTime": 17807.127157, "proxyStart": -1, "proxyEnd": -1, "dnsStart": -1, "dnsEnd": -1, "connectStart": 0, "connectEnd": 12, "sendStart": 12, "sendEnd": 13, "receiveHeadersEnd": 142, "sslStart": -1, "sslEnd": -1}}
06-28 13:32:11.014 32037 32050 E WProf.db: {"ReceivedChunk": {"receivedTime": 17807.273258, "len": 3818}}
06-28 13:32:11.014 32037 32050 E WProf.db: {"ReceivedChunk": {"receivedTime": 17807.309874, "len": 16387}}
06-28 13:32:11.014 32037 32050 E WProf.db: {"WprofHTMLTag": {"code": "0x9ea797b0", "doc": "https://securepubads.g.doubleclick.net/gampad/ads?gdfp_req=1&glade_req=1&glv=25&output=html&iu=%2F1038259%2FSEL-amp-cube&sz=300x250&sfv=1-0-8&correlator=4357445188059136&eid=108809080&adk=2352184609&biw=412&bih=620&adx=56&ady=239&oid=3&u_sd=3.5&ifi=1&is_amp=1&amp_v=1498506512561&nhd=1&url=http%3A%2F", "row": 0, "column": 21, "tagName": "html", "time": 17807.321755, "url": "", "pos": 1, "chunkLen": 1, "isStartTag": 1}}
06-28 13:32:11.014 32037 32050 E WProf.db: {"WprofHTMLTag": {"code": "0x9e7ff7c0", "doc": "https://securepubads.g.doubleclick.net/gampad/ads?gdfp_req=1&glade_req=1&glv=25&output=html&iu=%2F1038259%2FSEL-amp-cube&sz=300x250&sfv=1-0-8&correlator=4357445188059136&eid=108809080&adk=2352184609&biw=412&bih=620&adx=56&ady=239&oid=3&u_sd=3.5&ifi=1&is_amp=1&amp_v=1498506512561&nhd=1&url=http%3A%2F", "row": 0, "column": 27, "tagName": "head", "time": 17807.321903, "url": "", "pos": 1, "chunkLen": 1, "isStartTag": 1}}
06-28 13:32:11.015 32037 32050 E WProf.db: {"WprofHTMLTag": {"code": "0x9ea79360", "doc": "https://securepubads.g.doubleclick.net/gampad/ads?gdfp_req=1&glade_req=1&glv=25&output=html&iu=%2F1038259%2FSEL-amp-cube&sz=300x250&sfv=1-0-8&correlator=4357445188059136&eid=108809080&adk=2352184609&biw=412&bih=620&adx=56&ady=239&oid=3&u_sd=3.5&ifi=1&is_amp=1&amp_v=1498506512561&nhd=1&url=http%3A%2F", "row": 0, "column": 144, "tagName": "meta", "time": 17807.321941, "url": "", "pos": 1, "chunkLen": 1, "isStartTag": 1}}
06-28 13:32:11.015 32037 32050 E WProf.db: {"WprofHTMLTag": {"code": "0x9e7ff940", "doc": "https://securepubads.g.doubleclick.net/gampad/ads?gdfp_req=1&glade_req=1&glv=25&output=html&iu=%2F1038259%2FSEL-amp-cube&sz=300x250&sfv=1-0-8&correlator=4357445188059136&eid=108809080&adk=2352184609&biw=412&bih=620&adx=56&ady=239&oid=3&u_sd=3.5&ifi=1&is_amp=1&amp_v=1498506512561&nhd=1&url=http%3A%2F", "row": 0, "column": 152, "tagName": "script", "time": 17807.322868, "url": "", "pos": 1, "chunkLen": 1, "isStartTag": 1}}
06-28 13:32:11.015 32037 32050 E WProf.db: {"WprofHTMLTag": {"code": "0x9ea79750", "doc": "https://securepubads.g.doubleclick.net/gampad/ads?gdfp_req=1&glade_req=1&glv=25&output=html&iu=%2F1038259%2FSEL-amp-cube&sz=300x250&sfv=1-0-8&correlator=4357445188059136&eid=108809080&adk=2352184609&biw=412&bih=620&adx=56&ady=239&oid=3&u_sd=3.5&ifi=1&is_amp=1&amp_v=1498506512561&nhd=1&url=http%3A%2F", "row": 0, "column": 195, "tagName": "script", "time": 17807.323181, "url": "", "pos": 1, "chunkLen": 1, "isStartTag": 0}}
