--------- beginning of main
06-28 10:44:15.573  3449  3449 E Finsky  : [1] com.google.android.finsky.wear.bl.a(3): onConnectionFailed: ConnectionResult{statusCode=API_UNAVAILABLE, resolution=null, message=null}
--------- beginning of system
06-28 10:44:16.686  5859  5859 E chromium: [ERROR:shell_integration_android.cc(12)] Not implemented reached in static ShellIntegration::DefaultWebClientSetPermission ShellIntegration::CanSetAsDefaultBrowser()
06-28 10:44:16.691  5859  5859 E chromium: [ERROR:browser_process_impl.cc(720)] Not implemented reached in virtual BackgroundModeManager* BrowserProcessImpl::background_mode_manager()
06-28 10:44:16.996  3218  2045 E AudioRecord-JNI: Error -4 during AudioRecord native read
06-28 10:44:19.480  5859  5904 E chromium: [ERROR:gles2_cmd_decoder.cc(3852)] [.ChromiumCompositor-0xacbb34c0]GL ERROR :GL_INVALID_ENUM : glDiscardFramebufferEXT: attachments was GL_COLOR_EXT
06-28 10:44:19.791  5927  5939 E WPROF   : {"CSS": {"url": "http://searchengineland.com/figz/wp-content/themes/searchengineland/css/searchengineland-bootstrap.css", "requestTime": 7736.846975}}
06-28 10:44:19.792  5927  5939 E WPROF   : {"CSS": {"url": "http://fonts.googleapis.com/css?family=Oswald:300,400,700", "requestTime": 7736.847770}}
06-28 10:44:19.793  5927  5939 E WPROF   : {"CSS": {"url": "http://searchengineland.com/figz/wp-content/themes/searchengineland/style.css", "requestTime": 7736.848401}}
06-28 10:44:19.800  5927  5939 E WPROF   : {"Javascript": {"url": "http://searchengineland.com/figz/wp-content/themes/searchengineland/js/lib/modernizr.custom.js?ver=1.0", "requestTime": 7736.855953}}
06-28 10:44:19.801  5927  5939 E WPROF   : {"Javascript": {"url": "http://searchengineland.com/figz/wp-content/themes/searchengineland/js/lib/jquery-1.11.0.min.js?ver=1.11.0", "requestTime": 7736.856500}}
06-28 10:44:19.801  5927  5939 E WPROF   : {"Javascript": {"url": "http://searchengineland.com/figz/wp-content/themes/searchengineland/js/lib/jquery-ui-1.10.3.custom.min.js?ver=1.10.3", "requestTime": 7736.856896}}
06-28 10:44:19.802  5927  5939 E WPROF   : {"Javascript": {"url": "http://searchengineland.com/figz/wp-content/themes/searchengineland/js/lib/jquery.ba-throttle-debounce.min.js?ver=1.1", "requestTime": 7736.857480}}
06-28 10:44:19.802  5927  5939 E WPROF   : {"Javascript": {"url": "http://searchengineland.com/figz/wp-content/themes/searchengineland/js/lib/jquery.countdown.min.js?ver=2.0.4", "requestTime": 7736.857952}}
06-28 10:44:19.803  5927  5939 E WPROF   : {"Javascript": {"url": "http://static.chartbeat.com/js/chartbeat_mab.js", "requestTime": 7736.858451}}
06-28 10:44:20.330  5927  5939 E WPROF   : {"Javascript": {"url": "http://searchengineland.com/figz/wp-includes/js/wp-emoji-release.min.js?ver=4.7.5", "requestTime": 7737.385713}}
06-28 10:44:20.796  5927  5939 E WPROF   : {"Javascript": {"url": "http://www.googletagservices.com/tag/js/gpt.js", "requestTime": 7737.851935}}
06-28 10:44:20.801  5927  5939 E WPROF   : {"Javascript": {"url": "https://www.google-analytics.com/analytics.js", "requestTime": 7737.857082}}
06-28 10:44:20.803  5927  5939 E WPROF   : {"Javascript": {"url": "http://edge.quantserve.com/quant.js", "requestTime": 7737.858836}}
06-28 10:44:20.805  5927  5939 E WPROF   : {"Javascript": {"url": "https://connect.facebook.net/en_US/fbevents.js", "requestTime": 7737.860377}}
06-28 10:44:20.880  5927  5939 E WPROF   : {"Javascript": {"url": "http://app-sj02.marketo.com/js/forms2/js/forms2.min.js", "requestTime": 7737.935988}}
06-28 10:44:20.884  5859  5904 E chromium: [ERROR:gles2_cmd_decoder.cc(3852)] [.ChromiumCompositor-0xacbb34c0]GL ERROR :GL_INVALID_ENUM : glDiscardFramebufferEXT: attachments was GL_COLOR_EXT
06-28 10:44:20.977  5859  5904 E chromium: [ERROR:gles2_cmd_decoder.cc(3852)] [.ChromiumCompositor-0xacbb34c0]GL ERROR :GL_INVALID_ENUM : glDiscardFramebufferEXT: attachments was GL_COLOR_EXT
06-28 10:44:21.008  5927  5939 E WPROF   : {"Javascript": {"url": "https://connect.facebook.net/signals/config/423979991297359?v=2.7.17", "requestTime": 7738.063338}}
06-28 10:44:21.205  5927  5939 E WPROF   : {"Javascript": {"url": "http://app-sj02.marketo.com/index.php/form/getForm?munchkinId=727-ZQE-044&form=5691&url=http%3A%2F%2Fsearchengineland.com%2Fseo-website-design-everything-need-know-272899&callback=jQuery110204972861781716347_1498614261100&_=1498614261101", "requestTime": 7738.260570}}
06-28 10:44:21.226  5927  5939 E WPROF   : {"Javascript": {"url": "http://app-sj02.marketo.com/index.php/form/getForm?munchkinId=727-ZQE-044&form=5685&url=http%3A%2F%2Fsearchengineland.com%2Fseo-website-design-everything-need-know-272899&callback=jQuery110204972861781716347_1498614261102&_=1498614261103", "requestTime": 7738.281475}}
06-28 10:44:21.597  5927  5939 E WPROF   : {"Javascript": {"url": "http://app-sj02.marketo.com/index.php/form/getForm?munchkinId=727-ZQE-044&form=5673&url=http%3A%2F%2Fsearchengineland.com%2Fseo-website-design-everything-need-know-272899&callback=jQuery110204972861781716347_1498614261104&_=1498614261105", "requestTime": 7738.653003}}
06-28 10:44:21.617  5927  5939 E WPROF   : {"Javascript": {"url": "http://searchengineland.com/js/ga_social_tracking.js", "requestTime": 7738.672929}}
06-28 10:44:21.621  5927  5939 E WPROF   : {"Javascript": {"url": "http://s7.addthis.com/js/300/addthis_widget.js#pubid=ra-53e918f660794f37", "requestTime": 7738.677184}}
06-28 10:44:21.633  5859  5904 E chromium: [ERROR:gles2_cmd_decoder.cc(3852)] [.ChromiumCompositor-0xacbb34c0]GL ERROR :GL_INVALID_ENUM : glDiscardFramebufferEXT: attachments was GL_COLOR_EXT
06-28 10:44:21.680  5927  5939 E WPROF   : {"Javascript": {"url": "https://securepubads.g.doubleclick.net/gpt/pubads_impl_121.js", "requestTime": 7738.735867}}
06-28 10:44:22.145  5927  5939 E WPROF   : {"Javascript": {"url": "http://cdn.api.twitter.com/1/users/show.json?screen_name=marcusbowlerhat&callback=twttr.setFollowersCount", "requestTime": 7739.201044}}
06-28 10:44:22.197   862  1657 E LocSvc_IzatApiV02: E/virtual int izat_core::IzatApiV02::getBatchSize(int32_t):522]: Error : st = 4, ind.status = -1628389555
06-28 10:44:22.197   862  1657 E LocSvc_IzatApiV02: E/virtual int izat_core::IzatApiV02::getBatchSize(int32_t):535]: get batching size failed.Or modem does not support batching 
06-28 10:44:22.209   862  1657 E LocSvc_IzatApiV02: E/virtual int izat_core::IzatApiV02::getBatchSize(int32_t):522]: Error : st = 4, ind.status = -1628389555
06-28 10:44:22.209   862  1657 E LocSvc_IzatApiV02: E/virtual int izat_core::IzatApiV02::getBatchSize(int32_t):535]: get batching size failed.Or modem does not support batching 
06-28 10:44:22.239   862  1657 E LocSvc_IzatApiV02: E/virtual int izat_core::IzatApiV02::getBatchSize(int32_t):522]: Error : st = 4, ind.status = -1628389555
06-28 10:44:22.240   862  1657 E LocSvc_IzatApiV02: E/virtual int izat_core::IzatApiV02::getBatchSize(int32_t):535]: get batching size failed.Or modem does not support batching 
06-28 10:44:22.249   862  1657 E LocSvc_IzatApiV02: E/virtual int izat_core::IzatApiV02::getBatchSize(int32_t):522]: Error : st = 4, ind.status = -1628389555
06-28 10:44:22.249   862  1657 E LocSvc_IzatApiV02: E/virtual int izat_core::IzatApiV02::getBatchSize(int32_t):535]: get batching size failed.Or modem does not support batching 
06-28 10:44:22.312  5927  5939 E WPROF   : {"CSS": {"url": "http://app-sj02.marketo.com/js/forms2/css/forms2.css", "requestTime": 7739.367263}}
06-28 10:44:22.315  5927  5939 E WPROF   : {"CSS": {"url": "http://app-sj02.marketo.com/js/forms2/css/forms2-theme-simple.css", "requestTime": 7739.370418}}
06-28 10:44:22.375  5927  5939 E WPROF   : {"Javascript": {"url": "https://static.xx.fbcdn.net/rsrc.php/v3iy6L4/yk/l/ko_KR/be4fIjHRc8P.js", "requestTime": 7739.430408}}
06-28 10:44:22.405  5859  5904 E chromium: [ERROR:gles2_cmd_decoder.cc(3852)] [.ChromiumCompositor-0xacbb34c0]GL ERROR :GL_INVALID_ENUM : glDiscardFramebufferEXT: attachments was GL_COLOR_EXT
06-28 10:44:22.465  5927  5939 E WPROF   : {"Javascript": {"url": "http://www.googleadservices.com/pagead/conversion.js", "requestTime": 7739.520400}}
06-28 10:44:22.465  5927  5939 E WPROF   : {"Javascript": {"url": "http://searchengineland.com/figz/wp-content/themes/searchengineland/js/script.js?ver=1.0", "requestTime": 7739.520820}}
06-28 10:44:22.471  5927  5939 E WPROF   : {"Javascript": {"url": "http://searchengineland.com/figz/wp-includes/js/wp-embed.min.js?ver=4.7.5", "requestTime": 7739.526303}}
06-28 10:44:22.471  5927  5939 E WPROF   : {"Javascript": {"url": "http://searchengineland.com/figz/wp-content/themes/searchengineland/js/modules/sharing_controls.js", "requestTime": 7739.526705}}
06-28 10:44:23.268  5927  5939 E WPROF   : {"Javascript": {"url": "https://securepubads.g.doubleclick.net/gampad/ads?gdfp_req=1&correlator=1652542613225472&output=json_html&callback=googletag.impl.pubads.callbackProxy1&impl=fifs&json_a=1&eid=108809080%2C108809103%2C21060168&sc=0&sfv=1-0-9&iu_parts=1038259%2Csel-ciu-1%2Csel-ciu-2%2Csel-ciu-3%2Csel-ciu-4%2Csel-ciu-5%", "requestTime": 7740.324187}}
06-28 10:44:23.380  5927  5939 E WPROF   : {"Javascript": {"url": "http://d2j3qa5nc37287.cloudfront.net/coupon_code1.js", "requestTime": 7740.436079}}
06-28 10:44:23.517  5859  5904 E chromium: [ERROR:gles2_cmd_decoder.cc(3852)] [.ChromiumCompositor-0xacbb34c0]GL ERROR :GL_INVALID_ENUM : glDiscardFramebufferEXT: attachments was GL_COLOR_EXT
06-28 10:44:24.130  5927  5939 E WPROF   : {"CSS": {"url": "https://www.youtube.com/yts/cssbin/www-embed-player-sprite-mode-vfl5G4Xm8.css", "requestTime": 7741.185306}}
06-28 10:44:24.132  5927  5939 E WPROF   : {"Javascript": {"url": "https://www.youtube.com/yts/jsbin/www-embed-player-vfl_UY_j8/www-embed-player.js", "requestTime": 7741.187221}}
06-28 10:44:24.132  5927  5939 E WPROF   : {"Javascript": {"url": "https://www.youtube.com/yts/jsbin/player-vflo1w4O-/ko_KR/base.js", "requestTime": 7741.187593}}
06-28 10:44:24.185  5859  5904 E chromium: [ERROR:gles2_cmd_decoder.cc(3852)] [.ChromiumCompositor-0xacbb34c0]GL ERROR :GL_INVALID_ENUM : glDiscardFramebufferEXT: attachments was GL_COLOR_EXT
06-28 10:44:25.163  5859  5904 E chromium: [ERROR:gles2_cmd_decoder.cc(3852)] [.ChromiumCompositor-0xacbb34c0]GL ERROR :GL_INVALID_ENUM : glDiscardFramebufferEXT: attachments was GL_COLOR_EXT
06-28 10:44:25.576  5859  5904 E chromium: [ERROR:gles2_cmd_decoder.cc(3852)] [.ChromiumCompositor-0xacbb34c0]GL ERROR :GL_INVALID_ENUM : glDiscardFramebufferEXT: attachments was GL_COLOR_EXT
06-28 10:44:26.409  5927  5939 E WPROF   : {"Javascript": {"url": "https://www.google.com/js/bg/KWBfAnWFESAEEaKKgdYlTHY9ysQaNoQuzeMFqvxDSM8.js", "requestTime": 7743.465139}}
06-28 10:44:26.411  5927  5939 E WPROF   : {"Javascript": {"url": "https://static.doubleclick.net/instream/ad_status.js", "requestTime": 7743.467117}}
06-28 10:44:26.766  5859  5904 E chromium: [ERROR:gles2_cmd_decoder.cc(3852)] [.ChromiumCompositor-0xacbb34c0]GL ERROR :GL_INVALID_ENUM : glDiscardFramebufferEXT: attachments was GL_COLOR_EXT
06-28 10:44:26.874  5927  5939 E WPROF   : {"Javascript": {"url": "http://www.justuno.com/ajax/account_version_check.html?id=828FA275-FF73-401E-AA39-40F5A6FAB6B1", "requestTime": 7743.930145}}
06-28 10:44:26.922  5859  5904 E chromium: [ERROR:gles2_cmd_decoder.cc(3852)] [.ChromiumCompositor-0xacbb34c0]GL ERROR :GL_INVALID_ENUM : glDiscardFramebufferEXT: attachments was GL_COLOR_EXT
06-28 10:44:26.924  5927  5939 E WPROF   : {"Javascript": {"url": "https://tpc.googlesyndication.com/pagead/js/r20170619/r20110914/client/ext/m_window_focus_non_hydra.js", "requestTime": 7743.979956}}
06-28 10:44:26.928  5927  5939 E WPROF   : {"Javascript": {"url": "https://tpc.googlesyndication.com/pagead/js/r20170619/r20110914/activeview/osd_listener.js", "requestTime": 7743.983649}}
06-28 10:44:26.933  5927  5939 E WPROF   : {"Javascript": {"url": "http://pagead2.googlesyndication.com/pagead/osd.js", "requestTime": 7743.988421}}
06-28 10:44:27.094  5859  5904 E chromium: [ERROR:gles2_cmd_decoder.cc(3852)] [.ChromiumCompositor-0xacbb34c0]GL ERROR :GL_INVALID_ENUM : glDiscardFramebufferEXT: attachments was GL_COLOR_EXT
06-28 10:44:27.189  5859  5904 E chromium: [ERROR:gles2_cmd_decoder.cc(3852)] [.ChromiumCompositor-0xacbb34c0]GL ERROR :GL_INVALID_ENUM : glDiscardFramebufferEXT: attachments was GL_COLOR_EXT
06-28 10:44:28.072  5859  5904 E chromium: [ERROR:gles2_cmd_decoder.cc(3852)] [.ChromiumCompositor-0xacbb34c0]GL ERROR :GL_INVALID_ENUM : glDiscardFramebufferEXT: attachments was GL_COLOR_EXT
06-28 10:44:28.204  5859  5904 E chromium: [ERROR:gles2_cmd_decoder.cc(3852)] [.ChromiumCompositor-0xacbb34c0]GL ERROR :GL_INVALID_ENUM : glDiscardFramebufferEXT: attachments was GL_COLOR_EXT
06-28 10:44:28.279  5927  5939 E WPROF   : {"Javascript": {"url": "http://cdn.justuno.com/mwgt_3.6.js", "requestTime": 7745.335183}}
06-28 10:44:29.229  5927  5939 E WPROF   : {"Javascript": {"url": "https://app-sj02.marketo.com/js/forms2/js/forms2.min.js", "requestTime": 7746.284564}}
06-28 10:44:29.422  5859  5904 E chromium: [ERROR:gles2_cmd_decoder.cc(3852)] [.ChromiumCompositor-0xacbb34c0]GL ERROR :GL_INVALID_ENUM : glDiscardFramebufferEXT: attachments was GL_COLOR_EXT
06-28 10:44:29.539  5927  5939 E WProf.db: {"page": "searchengineland.com_seo-website-design-everything-need-know-272899"}
06-28 10:44:29.539  5927  5939 E WProf.db: {"DOMLoad": 7746.595022}
06-28 10:44:29.539  5927  5939 E WProf.db: {"Resource": {"id": 1, "url": "http://searchengineland.com/seo-website-design-everything-need-know-272899", "sentTime": -1.000000, "len": 132131, "from": "0x0", "mimeType": "text/html", "contentLength": -1, "httpStatus": 200, "connId": 19, "connReused": 1, "cached": 0,"requestTime": 7736.418075, "proxyStart": -1, "proxyEnd": -1, "dnsStart": -1, "dnsEnd": -1, "connectStart": 0, "connectEnd": 142, "sendStart": 142, "sendEnd": 142, "receiveHeadersEnd": 294, "sslStart": -1, "sslEnd": -1}}
06-28 10:44:29.539  5927  5939 E WProf.db: {"ReceivedChunk": {"receivedTime": 7736.730641, "len": 7846}}
06-28 10:44:29.540  5927  5939 E WProf.db: {"ReceivedChunk": {"receivedTime": 7736.831877, "len": 32768}}
06-28 10:44:29.540  5927  5939 E WProf.db: {"ReceivedChunk": {"receivedTime": 7736.832234, "len": 28654}}
06-28 10:44:29.540  5927  5939 E WProf.db: {"ReceivedChunk": {"receivedTime": 7736.871910, "len": 10316}}
06-28 10:44:29.540  5927  5939 E WProf.db: {"ReceivedChunk": {"receivedTime": 7736.886196, "len": 32768}}
06-28 10:44:29.540  5927  5939 E WProf.db: {"ReceivedChunk": {"receivedTime": 7736.886773, "len": 19779}}
06-28 10:44:29.540  5927  5939 E WProf.db: {"WprofHTMLTag": {"code": "0xaf0462f0", "doc": "http://searchengineland.com/seo-website-design-everything-need-know-272899", "row": 6, "column": 42, "tagName": "html", "time": 7736.836979, "url": "", "pos": 1, "chunkLen": 1, "isStartTag": 1}}
06-28 10:44:29.540  5927  5939 E WProf.db: {"WprofHTMLTag": {"code": "0xaf047c70", "doc": "http://searchengineland.com/seo-website-design-everything-need-know-272899", "row": 7, "column": 6, "tagName": "head", "time": 7736.837577, "url": "", "pos": 1, "chunkLen": 1, "isStartTag": 1}}
06-28 10:44:29.540  5927  5939 E WProf.db: {"WprofHTMLTag": {"code": "0xaf047ca0", "doc": "http://searchengineland.com/seo-website-design-everything-need-know-272899", "row": 8, "column": 54, "tagName": "meta", "time": 7736.837634, "url": "", "pos": 1, "chunkLen": 1, "isStartTag": 1}}
06-28 10:44:29.540  5927  5939 E WProf.db: {"WprofHTMLTag": {"code": "0xaf047cd0", "doc": "http://searchengineland.com/seo-website-design-everything-need-know-272899", "row": 9, "column": 68, "tagName": "meta", "time": 7736.837905, "url": "", "pos": 1, "chunkLen": 1, "isStartTag": 1}}
06-28 10:44:29.540  5927  5939 E WProf.db: {"WprofHTMLTag": {"code": "0xaf047d00", "doc": "http://searchengineland.com/seo-website-design-everything-need-know-272899", "row": 10, "column": 23, "tagName": "meta", "time": 7736.838031, "url": "", "pos": 1, "chunkLen": 1, "isStartTag": 1}}
06-28 10:44:29.540  5927  5939 E WProf.db: {"WprofHTMLTag": {"code": "0xaf047d30", "doc": "http://searchengineland.com/seo-website-design-everything-need-know-272899", "row": 11, "column": 52, "tagName": "meta", "time": 7736.838191, "url": "", "pos": 1, "chunkLen": 1, "isStartTag": 1}}
06-28 10:44:29.540  5927  5939 E WProf.db: {"WprofHTMLTag": {"code": "0xaf047e20", "doc": "http://searchengineland.com/seo-website-design-everything-need-know-272899", "row": 14, "column": 56, "tagName": "meta", "time": 7736.838344, "url": "", "pos": 1, "chunkLen": 1, "isStartTag": 1}}
06-28 10:44:29.540  5927  5939 E WProf.db: {"WprofHTMLTag": {"code": "0xaf047e50", "doc": "http://searchengineland.com/seo-website-design-everything-need-know-272899", "row": 15, "column": 83, "tagName": "meta", "time": 7736.838480, "url": "", "pos": 1, "chunkLen": 1, "isStartTag": 1}}
06-28 10:44:29.540  5927  5939 E WProf.db: {"WprofHTMLTag": {"code": "0xaf047e80", "doc": "http://searchengineland.com/seo-website-design-everything-need-know-272899", "row": 16, "column": 57, "tagName": "meta", "time": 7736.838617, "url": "", "pos": 1, "chunkLen": 1, "isStartTag": 1}}
06-28 10:44:29.540  5927  5939 E WProf.db: {"WprofHTMLTag": {"code": "0xaf047f10", "doc": "http://searchengineland.com/seo-website-design-everything-need-know-272899", "row": 17, "column": 41, "tagName": "meta", "time": 7736.838744, "url": "", "pos": 1, "chunkLen": 1, "isStartTag": 1}}
06-28 10:44:29.541  5927  5939 E WProf.db: {"WprofHTMLTag": {"code": "0xaf047f40", "doc": "http://searchengineland.com/seo-website-design-everything-need-know-272899", "row": 18, "column": 50, "tagName": "meta", "time": 7736.838870, "url": "", "pos": 1, "chunkLen": 1, "isStartTag": 1}}
06-28 10:44:29.541  5927  5939 E WProf.db: {"WprofHTMLTag": {"code": "0xaf047f70", "doc": "http://searchengineland.com/seo-website-design-everything-need-know-272899", "row": 19, "column": 174, "tagName": "meta", "time": 7736.838998, "url": "", "pos": 1, "chunkLen": 1, "isStartTag": 1}}
06-28 10:44:29.541  5927  5939 E WProf.db: {"WprofHTMLTag": {"code": "0xaf047ee0", "doc": "http://searchengineland.com/seo-website-design-everything-need-know-272899", "row": 20, "column": 47, "tagName": "meta", "time": 7736.839120, "url": "", "pos": 1, "chunkLen": 1, "isStartTag": 1}}
06-28 10:44:29.541  5927  5939 E WProf.db: {"WprofHTMLTag": {"code": "0xaf047eb0", "doc": "http://searchengineland.com/seo-website-design-everything-need-know-272899", "row": 21, "column": 67, "tagName": "meta", "time": 7736.839242, "url": "", "pos": 1, "chunkLen": 1, "isStartTag": 1}}
06-28 10:44:29.541  5927  5939 E WProf.db: {"WprofHTMLTag": {"code": "0xaf047fa0", "doc": "http://searchengineland.com/seo-website-design-everything-need-know-272899", "row": 22, "column": 57, "tagName": "meta", "time": 7736.839364, "url": "", "pos": 1, "chunkLen": 1, "isStartTag": 1}}
06-28 10:44:29.541  5927  5939 E WProf.db: {"WprofHTMLTag": {"code": "0xaf047fd0", "doc": "http://searchengineland.com/seo-website-design-everything-need-know-272899", "row": 23, "column": 65, "tagName": "meta", "time": 7736.839493, "url": "", "pos": 1, "chunkLen": 1, "isStartTag": 1}}
06-28 10:44:29.541  5927  5939 E WProf.db: {"WprofHTMLTag": {"code": "0xb4cc74b0", "doc": "http://searchengineland.com/seo-website-design-everything-need-know-272899", "row": 24, "column": 55, "tagName": "meta", "time": 7736.839615, "url": "", "pos": 1, "chunkLen": 1, "isStartTag": 1}}
06-28 10:44:29.541  5927  5939 E WProf.db: {"WprofHTMLTag": {"code": "0xb4cc7540", "doc": "http://searchengineland.com/seo-website-design-everything-need-know-272899", "row": 25, "column": 71, "tagName": "meta", "time": 7736.839738, "url": "", "pos": 1, "chunkLen": 1, "isStartTag": 1}}
06-28 10:44:29.541  5927  5939 E WProf.db: {"WprofHTMLTag": {"code": "0xb4cc78a0", "doc": "http://searchengineland.com/seo-website-design-everything-need-know-272899", "row": 26, "column": 86, "tagName": "meta", "time": 7736.839855, "url": "", "pos": 1, "chunkLen": 1, "isStartTag": 1}}
06-28 10:44:29.541  5927  5939 E WProf.db: {"WprofHTMLTag": {"code": "0xb4cc78d0", "doc": "http://searchengineland.com/seo-website-design-everything-need-know-272899", "row": 27, "column": 54, "tagName": "meta", "time": 7736.839985, "url": "", "pos": 1, "chunkLen": 1, "isStartTag": 1}}
06-28 10:44:29.541  5927  5939 E WProf.db: {"WprofHTMLTag": {"code": "0xb4cc7900", "doc": "http://searchengineland.com/seo-website-design-everything-need-know-272899", "row": 29, "column": 39, "tagName": "meta", "time": 7736.840192, "url": "", "pos": 1, "chunkLen": 1, "isStartTag": 1}}
06-28 10:44:29.541  5927  5939 E WProf.db: {"WprofHTMLTag": {"code": "0xb4cc7930", "doc": "http://searchengineland.com/seo-website-design-everything-need-know-272899", "row": 30, "column": 306, "tagName": "meta", "time": 7736.840320, "url": "", "pos": 1, "chunkLen": 1, "isStartTag": 1}}
06-28 10:44:29.541  5927  5939 E WProf.db: {"WprofHTMLTag": {"code": "0xb4cc7960", "doc": "http://searchengineland.com/seo-website-design-everything-need-know-272899", "row": 31, "column": 55, "tagName": "meta", "time": 7736.840442, "url": "", "pos": 1, "chunkLen": 1, "isStartTag": 1}}
06-28 10:44:29.542  5927  5939 E WProf.db: {"WprofHTMLTag": {"code": "0xb4cc7990", "doc": "http://searchengineland.com/seo-website-design-everything-need-know-272899", "row": 32, "column": 54, "tagName": "meta", "time": 7736.840569, "url": "", "pos": 1, "chunkLen": 1, "isStartTag": 1}}
06-28 10:44:29.542  5927  5939 E WProf.db: {"WprofHTMLTag": {"code": "0xb4cc79c0", "doc": "http://searchengineland.com/seo-website-design-everything-need-know-272899", "row": 33, "column": 155, "tagName": "meta", "time": 7736.840697, "url": "", "pos": 1, "chunkLen": 1, "isStartTag": 1}}
06-28 10:44:29.542  5927  5939 E WProf.db: {"WprofHTMLTag": {"code": "0xb4cc79f0", "doc": "http://searchengineland.com/seo-website-design-everything-need-know-272899", "row": 37, "column": 36, "tagName": "script", "time": 7736.840821, "url": "", "pos": 1, "chunkLen": 1, "isStartTag": 1}}
06-28 10:44:29.542  5927  5939 E WProf.db: {"WprofHTMLTag": {"code": "0xb4cc7a20", "doc": "http://searchengineland.com/seo-website-design-everything-need-know-272899", "row": 53, "column": 10, "tagName": "script", "time": 7736.841125, "url": "", "pos": 1, "chunkLen": 1, "isStartTag": 0}}
06-28 10:44:29.542  5927  5939 E WProf.db: {"WprofHTMLTag": {"code": "0xaf047d60", "doc": "http://searchengineland.com/seo-website-design-everything-need-know-272899", "row": 55, "column": 86, "tagName": "link", "time": 7736.845307, "url": "http://searchengineland.com/apple-touch-icon.png", "pos": 1, "chunkLen": 1, "isStartTag": 1}}
06-28 10:44:29.542  5927  5939 E WProf.db: {"WprofHTMLTag": {"code": "0xb4cc7a50", "doc": "http://searchengineland.com/seo-website-design-everything-need-know-272899", "row": 56, "column": 76, "tagName": "link", "time": 7736.845736, "url": "http://searchengineland.com/favicon.ico", "pos": 1, "chunkLen": 1, "isStartTag": 1}}
06-28 10:44:29.542  5927  5939 E WProf.db: {"WprofHTMLTag": {"code": "0xb4cc7a80", "doc": "http://searchengineland.com/seo-website-design-everything-need-know-272899", "row": 57, "column": 158, "tagName": "link", "time": 7736.845966, "url": "http://feeds.searchengineland.com/searchengineland", "pos": 1, "chunkLen": 1, "isStartTag": 1}}
06-28 10:44:29.542  5927  5939 E WProf.db: {"WprofHTMLTag": {"code": "0xb4cc7ab0", "doc": "http://searchengineland.com/seo-website-design-everything-need-know-272899", "row": 58, "column": 149, "tagName": "link", "time": 7736.846287, "url": "http://feeds.searchengineland.com/searchcap", "pos": 1, "chunkLen": 1, "isStartTag": 1}}
06-28 10:44:29.542  5927  5939 E WProf.db: {"WprofHTMLTag": {"code": "0xb4cc7ae0", "doc": "http://searchengineland.com/seo-website-design-everything-need-know-272899", "row": 59, "column": 150, "tagName": "link", "time": 7736.846622, "url": "http://searchengineland.com/figz/wp-content/themes/searchengineland/css/searchengineland-bootstrap.css", "pos": 1, "chunkLen": 1, "isStartTag": 1}}
06-28 10:44:29.542  5927  5939 E WProf.db: {"WprofHTMLTag": {"code": "0xb4cc7b40", "doc": "http://searchengineland.com/seo-website-design-everything-need-know-272899", "row": 60, "column": 105, "tagName": "link", "time": 7736.847454, "url": "http://fonts.googleapis.com/css?family=Oswald:300,400,700", "pos": 1, "chunkLen": 1, "isStartTag": 1}}
06-28 10:44:29.542  5927  5939 E WProf.db: {"WprofHTMLTag": {"code": "0xb4cc7ba0", "doc": "http://searchengineland.com/seo-website-design-everything-need-know-272899", "row": 61, "column": 125, "tagName": "link", "time": 7736.848088, "url": "http://searchengineland.com/figz/wp-content/themes/searchengineland/style.css", "pos": 1, "chunkLen": 1, "isStartTag": 1}}
06-28 10:44:29.542  5927  5939 E WProf.db: {"WprofHTMLTag": {"code": "0xb4cc7c00", "doc": "http://searchengineland.com/seo-website-design-everything-need-know-272899", "row": 65, "column": 7, "tagName": "title", "time": 7736.849249, "url": "", "pos": 1, "chunkLen": 1, "isStartTag": 1}}
06-28 10:44:29.542  5927  5939 E WProf.db: {"WprofHTMLTag": {"code": "0xb4cc7c30", "doc": "http://searchengineland.com/seo-website-design-everything-need-know-272899", "row": 65, "column": 68, "tagName": "title", "time": 7736.849551, "url": "", "pos": 1, "chunkLen": 1, "isStartTag": 0}}
06-28 10:44:29.543  5927  5939 E WProf.db: {"WprofHTMLTag": {"code": "0xb4cc7c60", "doc": "http://searchengineland.com/seo-website-design-everything-need-know-272899", "row": 66, "column": 308, "tagName": "meta", "time": 7736.849581, "url": "", "pos": 1, "chunkLen": 1, "isStartTag": 1}}
06-28 10:44:29.543  5927  5939 E WProf.db: {"WprofHTMLTag": {"code": "0xb4cc7c90", "doc": "http://searchengineland.com/seo-website-design-everything-need-know-272899", "row": 67, "column": 40, "tagName": "meta", "time": 7736.849732, "url": "", "pos": 1, "chunkLen": 1, "isStartTag": 1}}
06-28 10:44:29.543  5927  5939 E WProf.db: {"WprofHTMLTag": {"code": "0xb4cc7cc0", "doc": "http://searchengineland.com/seo-website-design-everything-need-know-272899", "row": 68, "column": 116, "tagName": "meta", "time": 7736.849856, "url": "", "pos": 1, "chunkLen": 1, "isStartTag": 1}}
06-28 10:44:29.543  5927  5939 E WProf.db: {"WprofHTMLTag": {"code": "0xb4cc7cf0", "doc": "http://searchengineland.com/seo-website-design-everything-need-know-272899", "row": 69, "column": 37, "tagName": "meta", "time": 7736.849979, "url": "", "pos": 1, "chunkLen": 1, "isStartTag": 1}}
06-28 10:44:29.543  5927  5939 E WProf.db: {"WprofHTMLTag": {"code": "0xb4cc7d20", "doc": "http://searchengineland.com/seo-website-design-everything-need-know-272899", "row": 70, "column": 106, "tagName": "link", "time": 7736.851463, "url": "http://searchengineland.com/seo-website-design-everything-need-know-272899", "pos": 1, "chunkLen": 1, "isStartTag": 1}}
06-28 10:44:29.543  5927  5939 E WProf.db: {"WprofHTMLTag": {"code": "0xb4cc7d50", "doc": "http://searchengineland.com/seo-website-design-everything-need-know-272899", "row": 71, "column": 76, "tagName": "link", "time": 7736.851740, "url": "https://plus.google.com/103218677032751327334", "pos": 1, "chunkLen": 1, "isStartTag": 1}}
06-28 10:44:29.543  5927  5939 E WProf.db: {"WprofHTMLTag": {"code": "0xb4cc7d80", "doc": "http://searchengineland.com/seo-website-design-everything-need-know-272899", "row": 72, "column": 45, "tagName": "meta", "time": 7736.851970, "url": "", "pos": 1, "chunkLen": 1, "isStartTag": 1}}
06-28 10:44:29.543  5927  5939 E WProf.db: {"WprofHTMLTag": {"code": "0xb4cc7db0", "doc": "http://searchengineland.com/seo-website-design-everything-need-know-272899", "row": 73, "column": 45, "tagName": "meta", "time": 7736.852115, "url": "", "pos": 1, "chunkLen": 1, "isStartTag": 1}}
06-28 10:44:29.543  5927  5939 E WProf.db: {"WprofHTMLTag": {"code": "0xb4cc7de0", "doc": "http://searchengineland.com/seo-website-design-everything-need-know-272899", "row": 74, "column": 92, "tagName": "meta", "time": 7736.852244, "url": "", "pos": 1, "chunkLen": 1, "isStartTag": 1}}
06-28 10:44:29.543  5927  5939 E WProf.db: {"WprofHTMLTag": {"code": "0xb4cc7e10", "doc": "http://searchengineland.com/seo-website-design-everything-need-know-272899", "row": 75, "column": 316, "tagName": "meta", "time": 7736.852379, "url": "", "pos": 1, "chunkLen": 1, "isStartTag": 1}}
06-28 10:44:29.543  5927  5939 E WProf.db: {"WprofHTMLTag": {"code": "0xb4cc7e40", "doc": "http://searchengineland.com/seo-website-design-everything-need-know-272899", "row": 76, "column": 111, "tagName": "meta", "time": 7736.852514, "url": "", "pos": 1, "chunkLen": 1, "isStartTag": 1}}
06-28 10:44:29.543  5927  5939 E WProf.db: {"WprofHTMLTag": {"code": "0xb4cc7e70", "doc": "http://searchengineland.com/seo-website-design-everything-need-know-272899", "row": 77, "column": 61, "tagName": "meta", "time": 7736.852641, "url": "", "pos": 1, "chunkLen": 1, "isStartTag": 1}}
06-28 10:44:29.543  5927  5939 E WProf.db: {"WprofHTMLTag": {"code": "0xb4cc7ea0", "doc": "http://searchengineland.com/seo-website-design-everything-need-know-272899", "row": 78, "column": 89, "tagName": "meta", "time": 7736.852767, "url": "", "pos": 1, "chunkLen": 1, "isStartTag": 1}}
06-28 10:44:29.544  5927  5939 E WProf.db: {"WprofHTMLTag": {"code": "0xb4cc7ed0", "doc": "http://searchengineland.com/seo-website-design-everything-need-know-272899", "row": 79, "column": 67, "tagName": "meta", "time": 7736.852902, "url": "", "pos": 1, "chunkLen": 1, "isStartTag": 1}}
06-28 10:44:29.544  5927  5939 E WProf.db: {"WprofHTMLTag": {"code": "0xb4cc7f00", "doc": "http://searchengineland.com/seo-website-design-everything-need-know-272899", "row": 80, "column": 78, "tagName": "meta", "time": 7736.853031, "url": "", "pos": 1, "chunkLen": 1, "isStartTag": 1}}
06-28 10:44:29.544  5927  5939 E WProf.db: {"WprofHTMLTag": {"code": "0xb4cc7f30", "doc": "http://searchengineland.com/seo-website-design-everything-need-know-272899", "row": 81, "column": 149, "tagName": "meta", "time": 7736.853158, "url": "", "pos": 1, "chunkLen": 1, "isStartTag": 1}}
06-28 10:44:29.544  5927  5939 E WProf.db: {"WprofHTMLTag": {"code": "0xb4cc7f60", "doc": "http://searchengineland.com/seo-website-design-everything-need-know-272899", "row": 82, "column": 49, "tagName": "meta", "time": 7736.853282, "url": "", "pos": 1, "chunkLen": 1, "isStartTag": 1}}
06-28 10:44:29.544  5927  5939 E WProf.db: {"WprofHTMLTag": {"code": "0xb4cc7f90", "doc": "http://searchengineland.com/seo-website-design-everything-need-know-272899", "row": 83, "column": 50, "tagName": "meta", "time": 7736.853419, "url": "", "pos": 1, "chunkLen": 1, "isStartTag": 1}}
06-28 10:44:29.544  5927  5939 E WProf.db: {"WprofHTMLTag": {"code": "0xb4cc7fc0", "doc": "http://searchengineland.com/seo-website-design-everything-need-know-272899", "row": 84, "column": 58, "tagName": "meta", "time": 7736.853548, "url": "", "pos": 1, "chunkLen": 1, "isStartTag": 1}}
06-28 10:44:29.544  5927  5939 E WProf.db: {"WprofHTMLTag": {"code": "0xb4cc7ff0", "doc": "http://searchengineland.com/seo-website-design-everything-need-know-272899", "row": 85, "column": 317, "tagName": "meta", "time": 7736.853678, "url": "", "pos": 1, "chunkLen": 1, "isStartTag": 1}}
06-28 10:44:29.544  5927  5939 E WProf.db: {"WprofHTMLTag": {"code": "0xb4cc8020", "doc": "http://searchengineland.com/seo-website-design-everything-need-know-272899", "row": 86, "column": 93, "tagName": "meta", "time": 7736.853813, "url": "", "pos": 1, "chunkLen": 1, "isStartTag": 1}}
06-28 10:44:29.544  5927  5939 E WProf.db: {"WprofHTMLTag": {"code": "0xb4cc8050", "doc": "http://searchengineland.com/seo-website-design-everything-need-know-272899", "row": 87, "column": 51, "tagName": "meta", "time": 7736.853937, "url": "", "pos": 1, "chunkLen": 1, "isStartTag": 1}}
06-28 10:44:29.544  5927  5939 E WProf.db: {"WprofHTMLTag": {"code": "0xb4cc8080", "doc": "http://searchengineland.com/seo-website-design-everything-need-know-272899", "row": 88, "column": 150, "tagName": "meta", "time": 7736.854071, "url": "", "pos": 1, "chunkLen": 1, "isStartTag": 1}}
06-28 10:44:29.544  5927  5939 E WProf.db: {"WprofHTMLTag": {"code": "0xb4cc80b0", "doc": "http://searchengineland.com/seo-website-design-everything-need-know-272899", "row": 89, "column": 58, "tagName": "meta", "time": 7736.854199, "url": "", "pos": 1, "chunkLen": 1, "isStartTag": 1}}
06-28 10:44:29.544  5927  5939 E WProf.db: {"WprofHTMLTag": {"code": "0xb4cc80e0", "doc": "http://searchengineland.com/seo-website-design-everything-need-know-272899", "row": 92, "column": 44, "tagName": "link", "time": 7736.854328, "url": "http://s.w.org/", "pos": 1, "chunkLen": 1, "isStartTag": 1}}
06-28 10:44:29.544  5927  5939 E WProf.db: {"WprofHTMLTag": {"code": "0xb4cc8110", "doc": "http://searchengineland.com/seo-website-design-everything-need-know-272899", "row": 93, "column": 33, "tagName": "script", "time": 7736.854632, "url": "", "pos": 1, "chunkLen": 1, "isStartTag": 1}}
06-28 10:44:29.545  5927  5939 E WProf.db: {"WprofHTMLTag": {"code": "0xb4cc8140", "doc": "http://searchengineland.com/seo-website-design-everything-need-know-272899", "row": 96, "column": 11, "tagName": "script", "time": 7736.855411, "url": "http://searchengineland.com/figz/wp-includes/js/wp-emoji-release.min.js?ver=4.7.5", "pos": 1, "chunkLen": 1, "isStartTag": 0}}
06-28 10:44:29.545  5927  5939 E WProf.db: {"WprofHTMLTag": {"code": "0x9ebbb560", "doc": "http://searchengineland.com/seo-website-design-everything-need-know-272899", "row": 97, "column": 25, "tagName": "style", "time": 7737.386710, "url": "", "pos": 1, "chunkLen": 1, "isStartTag": 1}}
06-28 10:44:29.545  5927  5939 E WProf.db: {"WprofHTMLTag": {"code": "0x9ebbb590", "doc": "http://searchengineland.com/seo-website-design-everything-need-know-272899", "row": 110, "column": 8, "tagName": "style", "time": 7737.386901, "url": "", "pos": 1, "chunkLen": 1, "isStartTag": 0}}
06-28 10:44:29.545  5927  5939 E WProf.db: {"WprofHTMLTag": {"code": "0x9ebbb680", "doc": "http://searchengineland.com/seo-website-design-everything-need-know-272899", "row": 111, "column": 140, "tagName": "script", "time": 7737.388450, "url": "http://searchengineland.com/figz/wp-content/themes/searchengineland/js/lib/modernizr.custom.js?ver=1.0", "pos": 1, "chunkLen": 1, "isStartTag": 1}}
06-28 10:44:29.545  5927  5939 E WProf.db: {"WprofHTMLTag": {"code": "0x9ebbb6b0", "doc": "http://searchengineland.com/seo-website-design-everything-need-know-272899", "row": 111, "column": 149, "tagName": "script", "time": 7737.388682, "url": "", "pos": 1, "chunkLen": 1, "isStartTag": 0}}
06-28 10:44:29.545  5927  5939 E WProf.db: {"WprofHTMLTag": {"code": "0xb4cc8350", "doc": "http://searchengineland.com/seo-website-design-everything-need-know-272899", "row": 112, "column": 144, "tagName": "script", "time": 7737.397904, "url": "http://searchengineland.com/figz/wp-content/themes/searchengineland/js/lib/jquery-1.11.0.min.js?ver=1.11.0", "pos": 1, "chunkLen": 1, "isStartTag": 1}}
06-28 10:44:29.545  5927  5939 E WProf.db: {"WprofHTMLTag": {"code": "0x9ebbb710", "doc": "http://searchengineland.com/seo-website-design-everything-need-know-272899", "row": 112, "column": 153, "tagName": "script", "time": 7737.398175, "url": "", "pos": 1, "chunkLen": 1, "isStartTag": 0}}
06-28 10:44:29.545  5927  5939 E WProf.db: {"WprofHTMLTag": {"code": "0x9ebbb5c0", "doc": "http://searchengineland.com/seo-website-design-everything-need-know-272899", "row": 0, "column": 15, "tagName": "div", "time": 7737.472980, "url": "", "pos": 15, "chunkLen": 44, "isStartTag": 1}}
06-28 10:44:29.545  5927  5939 E WProf.db: {"WprofHTMLTag": {"code": "0x9ebba150", "doc": "http://searchengineland.com/seo-website-design-everything-need-know-272899", "row": 0, "column": 21, "tagName": "div", "time": 7737.473109, "url": "", "pos": 21, "chunkLen": 44, "isStartTag": 0}}
06-28 10:44:29.545  5927  5939 E WProf.db: {"WprofHTMLTag": {"code": "0x9ebba120", "doc": "http://searchengineland.com/seo-website-design-everything-need-know-272899", "row": 0, "column": 38, "tagName": "div", "time": 7737.473171, "url": "", "pos": 38, "chunkLen": 44, "isStartTag": 1}}
06-28 10:44:29.545  5927  5939 E WProf.db: {"WprofHTMLTag": {"code": "0xaa17b8d0", "doc": "http://searchengineland.com/seo-website-design-everything-need-know-272899", "row": 0, "column": 44, "tagName": "div", "time": 7737.473280, "url": "", "pos": 44, "chunkLen": 44, "isStartTag": 0}}
06-28 10:44:29.545  5927  5939 E WProf.db: {"WprofHTMLTag": {"code": "0x9ebba0f0", "doc": "http://searchengineland.com/seo-website-design-everything-need-know-272899", "row": 0, "column": 13, "tagName": "select", "time": 7737.474684, "url": "", "pos": 13, "chunkLen": 51, "isStartTag": 1}}
06-28 10:44:29.545  5927  5939 E WProf.db: {"WprofHTMLTag": {"code": "0x9ebba0c0", "doc": "http://searchengineland.com/seo-website-design-everything-need-know-272899", "row": 0, "column": 33, "tagName": "option", "time": 7737.474858, "url": "", "pos": 33, "chunkLen": 51, "isStartTag": 1}}
06-28 10:44:29.546  5927  5939 E WProf.db: {"WprofHTMLTag": {"code": "0xaa17db50", "doc": "http://searchengineland.com/seo-website-design-everything-need-know-272899", "row": 0, "column": 42, "tagName": "option", "time": 7737.475035, "url": "", "pos": 42, "chunkLen": 51, "isStartTag": 0}}
06-28 10:44:29.546  5927  5939 E WProf.db: {"WprofHTMLTag": {"code": "0x9ebbb770", "doc": "http://searchengineland.com/seo-website-design-everything-need-know-272899", "row": 0, "column": 51, "tagName": "select", "time": 7737.475090, "url": "", "pos": 51, "chunkLen": 51, "isStartTag": 0}}
06-28 10:44:29.546  5927  5939 E WProf.db: {"WprofHTMLTag": {"code": "0x9ebbb7a0", "doc": "http://searchengineland.com/seo-website-design-everything-need-know-272899", "row": 0, "column": 12, "tagName": "a", "time": 7737.498468, "url": "", "pos": 12, "chunkLen": 16, "isStartTag": 1}}
06-28 10:44:29.546  5927  5939 E WProf.db: {"WprofHTMLTag": {"code": "0x9ebbb7d0", "doc": "http://searchengineland.com/seo-website-design-everything-need-know-272899", "row": 0, "column": 16, "tagName": "a", "time": 7737.499205, "url": "", "pos": 16, "chunkLen": 16, "isStartTag": 0}}
06-28 10:44:29.546  5927  5939 E WProf.db: {"WprofHTMLTag": {"code": "0x9ebbb800", "doc": "http://searchengineland.com/seo-website-design-everything-need-know-272899", "row": 0, "column": 8, "tagName": "input", "time": 7737.504874, "url": "", "pos": 8, "chunkLen": 8, "isStartTag": 1}}
06-28 10:44:29.546  5927  5939 E WProf.db: {"WprofHTMLTag": {"code": "0x9ebbb8f0", "doc": "http://searchengineland.com/seo-website-design-everything-need-know-272899", "row": 0, "column": 9, "tagName": "link", "time": 7737.529305, "url": "", "pos": 9, "chunkLen": 42, "isStartTag": 1}}
06-28 10:44:29.546  5927  5939 E WProf.db: {"WprofHTMLTag": {"code": "0x9ebbb920", "doc": "http://searchengineland.com/seo-website-design-everything-need-know-272899", "row": 0, "column": 16, "tagName": "table", "time": 7737.529474, "url": "", "pos": 16, "chunkLen": 42, "isStartTag": 1}}
06-28 10:44:29.546  5927  5939 E WProf.db: {"WprofHTMLTag": {"code": "0x9ebbb950", "doc": "http://searchengineland.com/seo-website-design-everything-need-know-272899", "row": 0, "column": 24, "tagName": "table", "time": 7737.529635, "url": "", "pos": 24, "chunkLen": 42, "isStartTag": 0}}
06-28 10:44:29.546  5927  5939 E WProf.db: {"WprofHTMLTag": {"code": "0x9ebbb980", "doc": "http://searchengineland.com/seo-website-design-everything-need-know-272899", "row": 0, "column": 37, "tagName": "a", "time": 7737.529721, "url": "", "pos": 37, "chunkLen": 42, "isStartTag": 1}}
06-28 10:44:29.546  5927  5939 E WProf.db: {"WprofHTMLTag": {"code": "0x9ebbb9b0", "doc": "http://searchengineland.com/seo-website-design-everything-need-know-272899", "row": 0, "column": 42, "tagName": "a", "time": 7737.530223, "url": "", "pos": 42, "chunkLen": 42, "isStartTag": 0}}
06-28 10:44:29.546  5927  5939 E WProf.db: {"WprofHTMLTag": {"code": "0x9ebbba40", "doc": "http://searchengineland.com/seo-website-design-everything-need-know-272899", "row": 0, "column": 10, "tagName": "textarea", "time": 7737.532072, "url": "", "pos": 10, "chunkLen": 22, "isStartTag": 1}}
06-28 10:44:29.546  5927  5939 E WProf.db: {"WprofHTMLTag": {"code": "0x9ebbba70", "doc": "http://searchengineland.com/seo-website-design-everything-need-know-272899", "row": 0, "column": 22, "tagName": "textarea", "time": 7737.532350, "url": "", "pos": 22, "chunkLen": 22, "isStartTag": 0}}
06-28 10:44:29.546  5927  5939 E WProf.db: {"WprofHTMLTag": {"code": "0x9ebbbaa0", "doc": "http://searchengineland.com/seo-website-design-everything-need-know-272899", "row": 0, "column": 48, "tagName": "input", "time": 7737.534088, "url": "", "pos": 48, "chunkLen": 48, "isStartTag": 1}}
06-28 10:44:29.547  5927  5939 E WProf.db: {"WprofHTMLTag": {"code": "0x9ebbbb00", "doc": "http://searchengineland.com/seo-website-design-everything-need-know-272899", "row": 0, "column": 9, "tagName": "link", "time": 7737.540317, "url": "", "pos": 9, "chunkLen": 66, "isStartTag": 1}}
06-28 10:44:29.547  5927  5939 E WProf.db: {"WprofHTMLTag": {"code": "0x9ebbbb30", "doc": "http://searchengineland.com/seo-website-design-everything-need-know-272899", "row": 0, "column": 16, "tagName": "table", "time": 7737.540482, "url": "", "pos": 16, "chunkLen": 66, "isStartTag": 1}}
06-28 10:44:29.547  5927  5939 E WProf.db: {"WprofHTMLTag": {"code": "0x9ebbbb60", "doc": "http://searchengineland.com/seo-website-design-everything-need-know-272899", "row": 0, "column": 24, "tagName": "table", "time": 7737.540587, "url": "", "pos": 24, "chunkLen": 66, "isStartTag": 0}}
06-28 10:44:29.547  5927  5939 E WProf.db: {"WprofHTMLTag": {"code": "0x9ebbbb90", "doc": "http://searchengineland.com/seo-website-design-everything-need-know-272899", "row": 0, "column": 37, "tagName": "a", "time": 7737.540682, "url": "", "pos": 37, "chunkLen": 66, "isStartTag": 1}}
06-28 10:44:29.547  5927  5939 E WProf.db: {"WprofHTMLTag": {"code": "0x9ebbbbc0", "doc": "http://searchengineland.com/seo-website-design-everything-need-know-272899", "row": 0, "column": 42, "tagName": "a", "time": 7737.540941, "url": "", "pos": 42, "chunkLen": 66, "isStartTag": 0}}
06-28 10:44:29.547  5927  5939 E WProf.db: {"WprofHTMLTag": {"code": "0x9ebbbbf0", "doc": "http://searchengineland.com/seo-website-design-everything-need-know-272899", "row": 0, "column": 66, "tagName": "input", "time": 7737.541120, "url": "", "pos": 66, "chunkLen": 66, "isStartTag": 1}}
06-28 10:44:29.547  5927  5939 E WProf.db: {"WprofHTMLTag": {"code": "0x9ebbbc80", "doc": "http://searchengineland.com/seo-website-design-everything-need-know-272899", "row": 0, "column": 9, "tagName": "link", "time": 7737.543672, "url": "", "pos": 9, "chunkLen": 66, "isStartTag": 1}}
06-28 10:44:29.547  5927  5939 E WProf.db: {"WprofHTMLTag": {"code": "0x9ebbbcb0", "doc": "http://searchengineland.com/seo-website-design-everything-need-know-272899", "row": 0, "column": 16, "tagName": "table", "time": 7737.543825, "url": "", "pos": 16, "chunkLen": 66, "isStartTag": 1}}
06-28 10:44:29.547  5927  5939 E WProf.db: {"WprofHTMLTag": {"code": "0x9ebbbce0", "doc": "http://searchengineland.com/seo-website-design-everything-need-know-272899", "row": 0, "column": 24, "tagName": "table", "time": 7737.543943, "url": "", "pos": 24, "chunkLen": 66, "isStartTag": 0}}
06-28 10:44:29.547  5927  5939 E WProf.db: {"WprofHTMLTag": {"code": "0x9ebbbd10", "doc": "http://searchengineland.com/seo-website-design-everything-need-know-272899", "row": 0, "column": 37, "tagName": "a", "time": 7737.544035, "url": "", "pos": 37, "chunkLen": 66, "isStartTag": 1}}
06-28 10:44:29.547  5927  5939 E WProf.db: {"WprofHTMLTag": {"code": "0x9ebbbd40", "doc": "http://searchengineland.com/seo-website-design-everything-need-know-272899", "row": 0, "column": 42, "tagName": "a", "time": 7737.544275, "url": "", "pos": 42, "chunkLen": 66, "isStartTag": 0}}
06-28 10:44:29.547  5927  5939 E WProf.db: {"WprofHTMLTag": {"code": "0x9ebbbd70", "doc": "http://searchengineland.com/seo-website-design-everything-need-know-272899", "row": 0, "column": 66, "tagName": "input", "time": 7737.544365, "url": "", "pos": 66, "chunkLen": 66, "isStartTag": 1}}
06-28 10:44:29.547  5927  5939 E WProf.db: {"WprofHTMLTag": {"code": "0x9ebbbdd0", "doc": "http://searchengineland.com/seo-website-design-everything-need-know-272899", "row": 0, "column": 9, "tagName": "link", "time": 7737.551603, "url": "", "pos": 9, "chunkLen": 66, "isStartTag": 1}}
06-28 10:44:29.548  5927  5939 E WProf.db: {"WprofHTMLTag": {"code": "0x9ebbbe00", "doc": "http://searchengineland.com/seo-website-design-everything-need-know-272899", "row": 0, "column": 16, "tagName": "table", "time": 7737.551776, "url": "", "pos": 16, "chunkLen": 66, "isStartTag": 1}}
06-28 10:44:29.548  5927  5939 E WProf.db: {"WprofHTMLTag": {"code": "0x9ebbbe30", "doc": "http://searchengineland.com/seo-website-design-everything-need-know-272899", "row": 0, "column": 24, "tagName": "table", "time": 7737.551893, "url": "", "pos": 24, "chunkLen": 66, "isStartTag": 0}}
06-28 10:44:29.548  5927  5939 E WProf.db: {"WprofHTMLTag": {"code": "0x9ebbbe60", "doc": "http://searchengineland.com/seo-website-design-everything-need-know-272899", "row": 0, "column": 37, "tagName": "a", "time": 7737.551987, "url": "", "pos": 37, "chunkLen": 66, "isStartTag": 1}}
06-28 10:44:29.548  5927  5939 E WProf.db: {"WprofHTMLTag": {"code": "0x9ebbbe90", "doc": "http://searchengineland.com/seo-website-design-everything-need-know-272899", "row": 0, "column": 42, "tagName": "a", "time": 7737.552234, "url": "", "pos": 42, "chunkLen": 66, "isStartTag": 0}}
06-28 10:44:29.548  5927  5939 E WProf.db: {"WprofHTMLTag": {"code": "0x9ebbbec0", "doc": "http://searchengineland.com/seo-website-design-everything-need-know-272899", "row": 0, "column": 66, "tagName": "input", "time": 7737.552332, "url": "", "pos": 66, "chunkLen": 66, "isStartTag": 1}}
06-28 10:44:29.548  5927  5939 E WProf.db: {"WprofHTMLTag": {"code": "0x9ebbbfe0", "doc": "http://searchengineland.com/seo-website-design-everything-need-know-272899", "row": 113, "column": 154, "tagName": "script", "time": 7737.570578, "url": "http://searchengineland.com/figz/wp-content/themes/searchengineland/js/lib/jquery-ui-1.10.3.custom.min.js?ver=1.10.3", "pos": 67, "chunkLen": 67, "isStartTag": 1}}
06-28 10:44:29.548  5927  5939 E WProf.db: {"WprofHTMLTag": {"code": "0x9ebbc010", "doc": "http://searchengineland.com/seo-website-design-everything-need-know-272899", "row": 113, "column": 163, "tagName": "script", "time": 7737.570872, "url": "", "pos": 67, "chunkLen": 67, "isStartTag": 0}}
06-28 10:44:29.548  5927  5939 E WProf.db: {"WprofHTMLTag": {"code": "0x9ebbb830", "doc": "http://searchengineland.com/seo-website-design-everything-need-know-272899", "row": 0, "column": 111, "tagName": "div", "time": 7737.820930, "url": "", "pos": 111, "chunkLen": 117, "isStartTag": 1}}
06-28 10:44:29.548  5927  5939 E WProf.db: {"WprofHTMLTag": {"code": "0x9ebbb650", "doc": "http://searchengineland.com/seo-website-design-everything-need-know-272899", "row": 0, "column": 117, "tagName": "div", "time": 7737.821115, "url": "", "pos": 117, "chunkLen": 117, "isStartTag": 0}}
06-28 10:44:29.548  5927  5939 E WProf.db: {"WprofHTMLTag": {"code": "0x9ebbc460", "doc": "http://searchengineland.com/seo-website-design-everything-need-know-272899", "row": 114, "column": 155, "tagName": "script", "time": 7737.845004, "url": "http://searchengineland.com/figz/wp-content/themes/searchengineland/js/lib/jquery.ba-throttle-debounce.min.js?ver=1.1", "pos": 118, "chunkLen": 118, "isStartTag": 1}}
06-28 10:44:29.548  5927  5939 E WProf.db: {"WprofHTMLTag": {"code": "0x9ebbc490", "doc": "http://searchengineland.com/seo-website-design-everything-need-know-272899", "row": 114, "column": 164, "tagName": "script", "time": 7737.845240, "url": "", "pos": 118, "chunkLen": 118, "isStartTag": 0}}
06-28 10:44:29.548  5927  5939 E WProf.db: {"WprofHTMLTag": {"code": "0x9ebbc4c0", "doc": "http://searchengineland.com/seo-website-design-everything-need-know-272899", "row": 115, "column": 146, "tagName": "script", "time": 7737.846314, "url": "http://searchengineland.com/figz/wp-content/themes/searchengineland/js/lib/jquery.countdown.min.js?ver=2.0.4", "pos": 118, "chunkLen": 118, "isStartTag": 1}}
06-28 10:44:29.548  5927  5939 E WProf.db: {"WprofHTMLTag": {"code": "0x9ebbc4f0", "doc": "http://searchengineland.com/seo-website-design-everything-need-know-272899", "row": 115, "column": 155, "tagName": "script", "time": 7737.846976, "url": "", "pos": 118, "chunkLen": 118, "isStartTag": 0}}
06-28 10:44:29.549  5927  5939 E WProf.db: {"WprofHTMLTag": {"code": "0x9ebbc520", "doc": "http://searchengineland.com/seo-website-design-everything-need-know-272899", "row": 116, "column": 77, "tagName": "link", "time": 7737.849515, "url": "http://searchengineland.com/wp-json/", "pos": 118, "chunkLen": 118, "isStartTag": 1}}
06-28 10:44:29.549  5927  5939 E WProf.db: {"WprofHTMLTag": {"code": "0x9ebbc550", "doc": "http://searchengineland.com/seo-website-design-everything-need-know-272899", "row": 117, "column": 69, "tagName": "link", "time": 7737.849737, "url": "http://searchengineland.com/?p=272899", "pos": 118, "chunkLen": 118, "isStartTag": 1}}
06-28 10:44:29.549  5927  5939 E WProf.db: {"WprofHTMLTag": {"code": "0x9ebbc580", "doc": "http://searchengineland.com/seo-website-design-everything-need-know-272899", "row": 118, "column": 202, "tagName": "link", "time": 7737.849932, "url": "http://searchengineland.com/wp-json/oembed/1.0/embed?url=http%3A%2F%2Fsearchengineland.com%2Fseo-website-design-everything-need-know-272899", "pos": 118, "chunkLen": 118, "isStartTag": 1}}
