--------- beginning of main
06-28 11:25:16.468  3449  3449 E Finsky  : [1] com.google.android.finsky.wear.bl.a(3): onConnectionFailed: ConnectionResult{statusCode=API_UNAVAILABLE, resolution=null, message=null}
--------- beginning of system
06-28 11:25:17.547 19831 19831 E chromium: [ERROR:shell_integration_android.cc(12)] Not implemented reached in static ShellIntegration::DefaultWebClientSetPermission ShellIntegration::CanSetAsDefaultBrowser()
06-28 11:25:17.552 19831 19831 E chromium: [ERROR:browser_process_impl.cc(720)] Not implemented reached in virtual BackgroundModeManager* BrowserProcessImpl::background_mode_manager()
06-28 11:25:17.899  3218 10777 E AudioRecord-JNI: Error -4 during AudioRecord native read
06-28 11:25:20.319 19831 19877 E chromium: [ERROR:gles2_cmd_decoder.cc(3852)] [.ChromiumCompositor-0xacbb2fc0]GL ERROR :GL_INVALID_ENUM : glDiscardFramebufferEXT: attachments was GL_COLOR_EXT
06-28 11:25:20.583 19897 19910 E WPROF   : {"CSS": {"url": "http://searchengineland.com/figz/wp-content/themes/searchengineland/css/searchengineland-bootstrap.css", "requestTime": 10197.638707}}
06-28 11:25:20.583 19897 19910 E WPROF   : {"CSS": {"url": "http://fonts.googleapis.com/css?family=Oswald:300,400,700", "requestTime": 10197.639216}}
06-28 11:25:20.584 19897 19910 E WPROF   : {"CSS": {"url": "http://searchengineland.com/figz/wp-content/themes/searchengineland/style.css", "requestTime": 10197.639733}}
06-28 11:25:20.589 19897 19910 E WPROF   : {"Javascript": {"url": "http://searchengineland.com/figz/wp-content/themes/searchengineland/js/lib/modernizr.custom.js?ver=1.0", "requestTime": 10197.644859}}
06-28 11:25:20.590 19897 19910 E WPROF   : {"Javascript": {"url": "http://searchengineland.com/figz/wp-content/themes/searchengineland/js/lib/jquery-1.11.0.min.js?ver=1.11.0", "requestTime": 10197.645665}}
06-28 11:25:20.590 19897 19910 E WPROF   : {"Javascript": {"url": "http://searchengineland.com/figz/wp-content/themes/searchengineland/js/lib/jquery-ui-1.10.3.custom.min.js?ver=1.10.3", "requestTime": 10197.646115}}
06-28 11:25:20.591 19897 19910 E WPROF   : {"Javascript": {"url": "http://searchengineland.com/figz/wp-content/themes/searchengineland/js/lib/jquery.ba-throttle-debounce.min.js?ver=1.1", "requestTime": 10197.646531}}
06-28 11:25:20.591 19897 19910 E WPROF   : {"Javascript": {"url": "http://searchengineland.com/figz/wp-content/themes/searchengineland/js/lib/jquery.countdown.min.js?ver=2.0.4", "requestTime": 10197.646935}}
06-28 11:25:20.592 19897 19910 E WPROF   : {"Javascript": {"url": "http://static.chartbeat.com/js/chartbeat_mab.js", "requestTime": 10197.647355}}
06-28 11:25:21.130 19897 19910 E WPROF   : {"Javascript": {"url": "http://searchengineland.com/figz/wp-includes/js/wp-emoji-release.min.js?ver=4.7.5", "requestTime": 10198.185884}}
06-28 11:25:21.622 19897 19910 E WPROF   : {"Javascript": {"url": "http://www.googletagservices.com/tag/js/gpt.js", "requestTime": 10198.677668}}
06-28 11:25:21.641 19897 19910 E WPROF   : {"Javascript": {"url": "https://www.google-analytics.com/analytics.js", "requestTime": 10198.697024}}
06-28 11:25:21.649 19897 19910 E WPROF   : {"Javascript": {"url": "http://edge.quantserve.com/quant.js", "requestTime": 10198.704621}}
06-28 11:25:21.652 19897 19910 E WPROF   : {"Javascript": {"url": "https://connect.facebook.net/en_US/fbevents.js", "requestTime": 10198.707378}}
06-28 11:25:21.772 19831 19877 E chromium: [ERROR:gles2_cmd_decoder.cc(3852)] [.ChromiumCompositor-0xacbb2fc0]GL ERROR :GL_INVALID_ENUM : glDiscardFramebufferEXT: attachments was GL_COLOR_EXT
06-28 11:25:21.821 19897 19910 E WPROF   : {"Javascript": {"url": "http://app-sj02.marketo.com/js/forms2/js/forms2.min.js", "requestTime": 10198.876861}}
06-28 11:25:21.899 19897 19910 E WPROF   : {"Javascript": {"url": "https://securepubads.g.doubleclick.net/gpt/pubads_impl_121.js", "requestTime": 10198.954249}}
06-28 11:25:21.909 19831 19877 E chromium: [ERROR:gles2_cmd_decoder.cc(3852)] [.ChromiumCompositor-0xacbb2fc0]GL ERROR :GL_INVALID_ENUM : glDiscardFramebufferEXT: attachments was GL_COLOR_EXT
06-28 11:25:21.951 19897 19910 E WPROF   : {"Javascript": {"url": "https://connect.facebook.net/signals/config/423979991297359?v=2.7.17", "requestTime": 10199.006629}}
06-28 11:25:22.097 19897 19910 E WPROF   : {"Javascript": {"url": "http://app-sj02.marketo.com/index.php/form/getForm?munchkinId=727-ZQE-044&form=5691&url=http%3A%2F%2Fsearchengineland.com%2Fsmall-business-seo-questions-answered-276500&callback=jQuery110202554127280600369_1498616722034&_=1498616722035", "requestTime": 10199.152878}}
06-28 11:25:22.113 19897 19910 E WPROF   : {"Javascript": {"url": "http://app-sj02.marketo.com/index.php/form/getForm?munchkinId=727-ZQE-044&form=5685&url=http%3A%2F%2Fsearchengineland.com%2Fsmall-business-seo-questions-answered-276500&callback=jQuery110202554127280600369_1498616722036&_=1498616722037", "requestTime": 10199.168469}}
06-28 11:25:22.443 19897 19910 E WPROF   : {"Javascript": {"url": "http://app-sj02.marketo.com/index.php/form/getForm?munchkinId=727-ZQE-044&form=5673&url=http%3A%2F%2Fsearchengineland.com%2Fsmall-business-seo-questions-answered-276500&callback=jQuery110202554127280600369_1498616722038&_=1498616722039", "requestTime": 10199.499027}}
06-28 11:25:22.456 19897 19910 E WPROF   : {"Javascript": {"url": "http://searchengineland.com/js/ga_social_tracking.js", "requestTime": 10199.512142}}
06-28 11:25:22.457 19897 19910 E WPROF   : {"Javascript": {"url": "http://s7.addthis.com/js/300/addthis_widget.js#pubid=ra-53e918f660794f37", "requestTime": 10199.512979}}
06-28 11:25:22.471 19831 19877 E chromium: [ERROR:gles2_cmd_decoder.cc(3852)] [.ChromiumCompositor-0xacbb2fc0]GL ERROR :GL_INVALID_ENUM : glDiscardFramebufferEXT: attachments was GL_COLOR_EXT
06-28 11:25:22.882 19831 19877 E chromium: [ERROR:gles2_cmd_decoder.cc(3852)] [.ChromiumCompositor-0xacbb2fc0]GL ERROR :GL_INVALID_ENUM : glDiscardFramebufferEXT: attachments was GL_COLOR_EXT
06-28 11:25:23.083   862  1657 E LocSvc_IzatApiV02: E/virtual int izat_core::IzatApiV02::getBatchSize(int32_t):522]: Error : st = 4, ind.status = -1628389555
06-28 11:25:23.084   862  1657 E LocSvc_IzatApiV02: E/virtual int izat_core::IzatApiV02::getBatchSize(int32_t):535]: get batching size failed.Or modem does not support batching 
06-28 11:25:23.092   862  1657 E LocSvc_IzatApiV02: E/virtual int izat_core::IzatApiV02::getBatchSize(int32_t):522]: Error : st = 4, ind.status = -1628389555
06-28 11:25:23.092   862  1657 E LocSvc_IzatApiV02: E/virtual int izat_core::IzatApiV02::getBatchSize(int32_t):535]: get batching size failed.Or modem does not support batching 
06-28 11:25:23.126   862  1657 E LocSvc_IzatApiV02: E/virtual int izat_core::IzatApiV02::getBatchSize(int32_t):522]: Error : st = 4, ind.status = -1628389555
06-28 11:25:23.127   862  1657 E LocSvc_IzatApiV02: E/virtual int izat_core::IzatApiV02::getBatchSize(int32_t):535]: get batching size failed.Or modem does not support batching 
06-28 11:25:23.136   862  1657 E LocSvc_IzatApiV02: E/virtual int izat_core::IzatApiV02::getBatchSize(int32_t):522]: Error : st = 4, ind.status = -1628389555
06-28 11:25:23.136   862  1657 E LocSvc_IzatApiV02: E/virtual int izat_core::IzatApiV02::getBatchSize(int32_t):535]: get batching size failed.Or modem does not support batching 
06-28 11:25:23.383 19897 19910 E WPROF   : {"Javascript": {"url": "https://securepubads.g.doubleclick.net/gampad/ads?gdfp_req=1&correlator=385395350044672&output=json_html&callback=googletag.impl.pubads.callbackProxy1&impl=fifs&json_a=1&eid=108809080%2C108809103%2C108809154%2C21060356&sc=0&sfv=1-0-9&iu_parts=1038259%2Csel-ciu-1%2Csel-ciu-2%2Csel-ciu-3%2Csel-ciu-4%2", "requestTime": 10200.438862}}
06-28 11:25:23.407 19897 19910 E WPROF   : {"CSS": {"url": "http://app-sj02.marketo.com/js/forms2/css/forms2.css", "requestTime": 10200.462621}}
06-28 11:25:23.410 19897 19910 E WPROF   : {"CSS": {"url": "http://app-sj02.marketo.com/js/forms2/css/forms2-theme-simple.css", "requestTime": 10200.465370}}
06-28 11:25:23.457 19897 19910 E WPROF   : {"Javascript": {"url": "https://static.xx.fbcdn.net/rsrc.php/v3iy6L4/yk/l/ko_KR/be4fIjHRc8P.js", "requestTime": 10200.512694}}
06-28 11:25:23.576 19897 19910 E WPROF   : {"Javascript": {"url": "http://cdn.api.twitter.com/1/users/show.json?screen_name=marcusbowlerhat&callback=twttr.setFollowersCount", "requestTime": 10200.631881}}
06-28 11:25:23.781 19831 19877 E chromium: [ERROR:gles2_cmd_decoder.cc(3852)] [.ChromiumCompositor-0xacbb2fc0]GL ERROR :GL_INVALID_ENUM : glDiscardFramebufferEXT: attachments was GL_COLOR_EXT
06-28 11:25:24.310 19897 19910 E WPROF   : {"Javascript": {"url": "http://platform.twitter.com/widgets.js", "requestTime": 10201.365742}}
06-28 11:25:24.312 19897 19910 E WPROF   : {"Javascript": {"url": "http://connect.facebook.net/en_US/sdk.js", "requestTime": 10201.367836}}
06-28 11:25:24.314 19897 19910 E WPROF   : {"Javascript": {"url": "https://apis.google.com/js/platform.js", "requestTime": 10201.369576}}
06-28 11:25:24.337 19897 19910 E WPROF   : {"Javascript": {"url": "http://rules.quantcount.com/rules-p-5aGizvD82d9hk.js", "requestTime": 10201.393130}}
06-28 11:25:24.340 19897 19910 E WPROF   : {"Javascript": {"url": "http://munchkin.marketo.net/munchkin.js", "requestTime": 10201.395962}}
06-28 11:25:24.459 19897 19910 E WPROF   : {"CSS": {"url": "https://www.youtube.com/yts/cssbin/www-embed-player-sprite-mode-vfl5G4Xm8.css", "requestTime": 10201.514950}}
06-28 11:25:24.465 19897 19910 E WPROF   : {"Javascript": {"url": "https://www.youtube.com/yts/jsbin/www-embed-player-vfl_UY_j8/www-embed-player.js", "requestTime": 10201.520273}}
06-28 11:25:24.466 19897 19910 E WPROF   : {"Javascript": {"url": "https://www.youtube.com/yts/jsbin/player-vflo1w4O-/ko_KR/base.js", "requestTime": 10201.522016}}
06-28 11:25:24.486 19831 19877 E chromium: [ERROR:gles2_cmd_decoder.cc(3852)] [.ChromiumCompositor-0xacbb2fc0]GL ERROR :GL_INVALID_ENUM : glDiscardFramebufferEXT: attachments was GL_COLOR_EXT
06-28 11:25:24.539 19897 19910 E WPROF   : {"Javascript": {"url": "http://d2j3qa5nc37287.cloudfront.net/coupon_code1.js", "requestTime": 10201.595049}}
06-28 11:25:24.544 19897 19910 E WPROF   : {"Javascript": {"url": "http://www.googleadservices.com/pagead/conversion.js", "requestTime": 10201.599682}}
06-28 11:25:24.545 19897 19910 E WPROF   : {"Javascript": {"url": "http://searchengineland.com/figz/wp-content/themes/searchengineland/js/script.js?ver=1.0", "requestTime": 10201.600973}}
06-28 11:25:24.546 19897 19910 E WPROF   : {"Javascript": {"url": "http://searchengineland.com/figz/wp-includes/js/wp-embed.min.js?ver=4.7.5", "requestTime": 10201.601715}}
06-28 11:25:24.547 19897 19910 E WPROF   : {"Javascript": {"url": "http://searchengineland.com/figz/wp-content/themes/searchengineland/js/modules/sharing_controls.js", "requestTime": 10201.602374}}
06-28 11:25:24.573 19831 19877 E chromium: [ERROR:gles2_cmd_decoder.cc(3852)] [.ChromiumCompositor-0xacbb2fc0]GL ERROR :GL_INVALID_ENUM : glDiscardFramebufferEXT: attachments was GL_COLOR_EXT
06-28 11:25:25.436 19897 19910 E WPROF   : {"Javascript": {"url": "http://m.addthisedge.com/live/boost/ra-53e918f660794f37/_ate.track.config_resp", "requestTime": 10202.491522}}
06-28 11:25:25.487 19897 19910 E WPROF   : {"Javascript": {"url": "http://m.addthis.com/live/red_lojson/300lo.json?si=595313945108f2cb&bkl=0&bl=1&pdt=2209&sid=595313945108f2cb&pub=ra-53e918f660794f37&rev=v7.15.4-wp&ln=ko&pc=men&cb=0&ab=-&dp=searchengineland.com&fp=small-business-seo-questions-answered-276500&fr=&of=0&pd=0&irt=0&vcl=0&md=0&ct=1&tct=0&abt=0&cdn=0&pi=", "requestTime": 10202.542941}}
06-28 11:25:25.549 19897 19910 E WPROF   : {"Javascript": {"url": "http://dnn506yrbagrg.cloudfront.net/pages/scripts/0026/4062.js?416282", "requestTime": 10202.605082}}
06-28 11:25:26.100 19831 19877 E chromium: [ERROR:gles2_cmd_decoder.cc(3852)] [.ChromiumCompositor-0xacbb2fc0]GL ERROR :GL_INVALID_ENUM : glDiscardFramebufferEXT: attachments was GL_COLOR_EXT
06-28 11:25:27.224 19897 19910 E WPROF   : {"Javascript": {"url": "https://www.google.com/js/bg/KWBfAnWFESAEEaKKgdYlTHY9ysQaNoQuzeMFqvxDSM8.js", "requestTime": 10204.280166}}
06-28 11:25:27.227 19897 19910 E WPROF   : {"Javascript": {"url": "https://static.doubleclick.net/instream/ad_status.js", "requestTime": 10204.282239}}
06-28 11:25:27.471 19831 19877 E chromium: [ERROR:gles2_cmd_decoder.cc(3852)] [.ChromiumCompositor-0xacbb2fc0]GL ERROR :GL_INVALID_ENUM : glDiscardFramebufferEXT: attachments was GL_COLOR_EXT
06-28 11:25:27.645 19831 19877 E chromium: [ERROR:gles2_cmd_decoder.cc(3852)] [.ChromiumCompositor-0xacbb2fc0]GL ERROR :GL_INVALID_ENUM : glDiscardFramebufferEXT: attachments was GL_COLOR_EXT
06-28 11:25:27.879 19831 19877 E chromium: [ERROR:gles2_cmd_decoder.cc(3852)] [.ChromiumCompositor-0xacbb2fc0]GL ERROR :GL_INVALID_ENUM : glDiscardFramebufferEXT: attachments was GL_COLOR_EXT
06-28 11:25:28.010 19831 19877 E chromium: [ERROR:gles2_cmd_decoder.cc(3852)] [.ChromiumCompositor-0xacbb2fc0]GL ERROR :GL_INVALID_ENUM : glDiscardFramebufferEXT: attachments was GL_COLOR_EXT
06-28 11:25:28.045 19897 19910 E WPROF   : {"Javascript": {"url": "https://tpc.googlesyndication.com/pagead/js/r20170619/r20110914/client/ext/m_window_focus_non_hydra.js", "requestTime": 10205.100387}}
06-28 11:25:28.047 19897 19910 E WPROF   : {"Javascript": {"url": "https://tpc.googlesyndication.com/pagead/js/r20170619/r20110914/activeview/osd_listener.js", "requestTime": 10205.102575}}
06-28 11:25:28.053 19897 19910 E WPROF   : {"Javascript": {"url": "http://pagead2.googlesyndication.com/pagead/osd.js", "requestTime": 10205.108290}}
06-28 11:25:28.176 19897 19910 E WPROF   : {"Javascript": {"url": "http://munchkin.marketo.net/151/munchkin.js", "requestTime": 10205.232160}}
06-28 11:25:28.415 19897 19910 E WPROF   : {"Javascript": {"url": "https://platform.twitter.com/js/button.b731e6c82269f70f6fc53634e044a4c6.js", "requestTime": 10205.471047}}
06-28 11:25:28.422 19897 19910 E WPROF   : {"Javascript": {"url": "http://www.justuno.com/ajax/account_version_check.html?id=828FA275-FF73-401E-AA39-40F5A6FAB6B1", "requestTime": 10205.478095}}
06-28 11:25:28.646 19897 19910 E WPROF   : {"Javascript": {"url": "http://s7.addthis.com/static/layers.4acb6c577b51939661ec.js", "requestTime": 10205.701859}}
06-28 11:25:28.721 19831 19877 E chromium: [ERROR:gles2_cmd_decoder.cc(3852)] [.ChromiumCompositor-0xacbb2fc0]GL ERROR :GL_INVALID_ENUM : glDiscardFramebufferEXT: attachments was GL_COLOR_EXT
06-28 11:25:29.254 19831 19877 E chromium: [ERROR:gles2_cmd_decoder.cc(3852)] [.ChromiumCompositor-0xacbb2fc0]GL ERROR :GL_INVALID_ENUM : glDiscardFramebufferEXT: attachments was GL_COLOR_EXT
06-28 11:25:29.625 19831 19877 E chromium: [ERROR:gles2_cmd_decoder.cc(3852)] [.ChromiumCompositor-0xacbb2fc0]GL ERROR :GL_INVALID_ENUM : glDiscardFramebufferEXT: attachments was GL_COLOR_EXT
06-28 11:25:29.894 19831 19877 E chromium: [ERROR:gles2_cmd_decoder.cc(3852)] [.ChromiumCompositor-0xacbb2fc0]GL ERROR :GL_INVALID_ENUM : glDiscardFramebufferEXT: attachments was GL_COLOR_EXT
06-28 11:25:32.184 19897 19910 E WPROF   : {"Javascript": {"url": "http://cdn.justuno.com/mwgt_3.6.js", "requestTime": 10209.239685}}
06-28 11:25:32.454 19831 19877 E chromium: [ERROR:gles2_cmd_decoder.cc(3852)] [.ChromiumCompositor-0xacbb2fc0]GL ERROR :GL_INVALID_ENUM : glDiscardFramebufferEXT: attachments was GL_COLOR_EXT
06-28 11:25:32.526 19831 19877 E chromium: [ERROR:gles2_cmd_decoder.cc(3852)] [.ChromiumCompositor-0xacbb2fc0]GL ERROR :GL_INVALID_ENUM : glDiscardFramebufferEXT: attachments was GL_COLOR_EXT
06-28 11:25:33.013 19831 19877 E chromium: [ERROR:gles2_cmd_decoder.cc(3852)] [.ChromiumCompositor-0xacbb2fc0]GL ERROR :GL_INVALID_ENUM : glDiscardFramebufferEXT: attachments was GL_COLOR_EXT
06-28 11:25:33.574 19897 19910 E WPROF   : {"Javascript": {"url": "https://cdn.syndication.twimg.com/widgets/followbutton/info.json?callback=__twttr.setFollowersCountAndFollowing&lang=en&screen_names=sengineland", "requestTime": 10210.629503}}
06-28 11:25:33.578 19897 19910 E WPROF   : {"Javascript": {"url": "https://app-sj02.marketo.com/js/forms2/js/forms2.min.js", "requestTime": 10210.633234}}
06-28 11:25:34.373 19831 19877 E chromium: [ERROR:gles2_cmd_decoder.cc(3852)] [.ChromiumCompositor-0xacbb2fc0]GL ERROR :GL_INVALID_ENUM : glDiscardFramebufferEXT: attachments was GL_COLOR_EXT
06-28 11:25:34.373 19897 19910 E WProf.db: {"page": "searchengineland.com_small-business-seo-questions-answered-276500"}
06-28 11:25:34.374 19897 19910 E WProf.db: {"DOMLoad": 10211.429252}
06-28 11:25:34.374 19897 19910 E WProf.db: {"Resource": {"id": 1, "url": "http://searchengineland.com/small-business-seo-questions-answered-276500", "sentTime": -1.000000, "len": 108274, "from": "0x0", "mimeType": "text/html", "contentLength": -1, "httpStatus": 200, "connId": 20, "connReused": 1, "cached": 0,"requestTime": 10197.312439, "proxyStart": -1, "proxyEnd": -1, "dnsStart": -1, "dnsEnd": -1, "connectStart": 0, "connectEnd": 62, "sendStart": 62, "sendEnd": 62, "receiveHeadersEnd": 223, "sslStart": -1, "sslEnd": -1}}
06-28 11:25:34.374 19897 19910 E WProf.db: {"ReceivedChunk": {"receivedTime": 10197.554242, "len": 7880}}
06-28 11:25:34.374 19897 19910 E WProf.db: {"ReceivedChunk": {"receivedTime": 10197.629657, "len": 32768}}
06-28 11:25:34.374 19897 19910 E WProf.db: {"ReceivedChunk": {"receivedTime": 10197.629885, "len": 27944}}
06-28 11:25:34.374 19897 19910 E WProf.db: {"ReceivedChunk": {"receivedTime": 10197.695537, "len": 7991}}
06-28 11:25:34.374 19897 19910 E WProf.db: {"ReceivedChunk": {"receivedTime": 10197.697294, "len": 31691}}
06-28 11:25:34.374 19897 19910 E WProf.db: {"WprofHTMLTag": {"code": "0xaedd5600", "doc": "http://searchengineland.com/small-business-seo-questions-answered-276500", "row": 6, "column": 42, "tagName": "html", "time": 10197.632884, "url": "", "pos": 1, "chunkLen": 1, "isStartTag": 1}}
06-28 11:25:34.375 19897 19910 E WProf.db: {"WprofHTMLTag": {"code": "0xaf0477c0", "doc": "http://searchengineland.com/small-business-seo-questions-answered-276500", "row": 7, "column": 6, "tagName": "head", "time": 10197.633148, "url": "", "pos": 1, "chunkLen": 1, "isStartTag": 1}}
06-28 11:25:34.375 19897 19910 E WProf.db: {"WprofHTMLTag": {"code": "0xaf0477f0", "doc": "http://searchengineland.com/small-business-seo-questions-answered-276500", "row": 8, "column": 54, "tagName": "meta", "time": 10197.633194, "url": "", "pos": 1, "chunkLen": 1, "isStartTag": 1}}
06-28 11:25:34.375 19897 19910 E WProf.db: {"WprofHTMLTag": {"code": "0xaf047820", "doc": "http://searchengineland.com/small-business-seo-questions-answered-276500", "row": 9, "column": 68, "tagName": "meta", "time": 10197.633637, "url": "", "pos": 1, "chunkLen": 1, "isStartTag": 1}}
06-28 11:25:34.375 19897 19910 E WProf.db: {"WprofHTMLTag": {"code": "0xaf047850", "doc": "http://searchengineland.com/small-business-seo-questions-answered-276500", "row": 10, "column": 23, "tagName": "meta", "time": 10197.633749, "url": "", "pos": 1, "chunkLen": 1, "isStartTag": 1}}
06-28 11:25:34.375 19897 19910 E WProf.db: {"WprofHTMLTag": {"code": "0xaf047880", "doc": "http://searchengineland.com/small-business-seo-questions-answered-276500", "row": 11, "column": 52, "tagName": "meta", "time": 10197.633877, "url": "", "pos": 1, "chunkLen": 1, "isStartTag": 1}}
06-28 11:25:34.375 19897 19910 E WProf.db: {"WprofHTMLTag": {"code": "0xaf0478b0", "doc": "http://searchengineland.com/small-business-seo-questions-answered-276500", "row": 14, "column": 56, "tagName": "meta", "time": 10197.633996, "url": "", "pos": 1, "chunkLen": 1, "isStartTag": 1}}
06-28 11:25:34.375 19897 19910 E WProf.db: {"WprofHTMLTag": {"code": "0xaf0478e0", "doc": "http://searchengineland.com/small-business-seo-questions-answered-276500", "row": 15, "column": 83, "tagName": "meta", "time": 10197.634103, "url": "", "pos": 1, "chunkLen": 1, "isStartTag": 1}}
06-28 11:25:34.376 19897 19910 E WProf.db: {"WprofHTMLTag": {"code": "0xaf047910", "doc": "http://searchengineland.com/small-business-seo-questions-answered-276500", "row": 16, "column": 57, "tagName": "meta", "time": 10197.634223, "url": "", "pos": 1, "chunkLen": 1, "isStartTag": 1}}
06-28 11:25:34.381 19897 19910 E WProf.db: {"WprofHTMLTag": {"code": "0xaf0479a0", "doc": "http://searchengineland.com/small-business-seo-questions-answered-276500", "row": 17, "column": 41, "tagName": "meta", "time": 10197.634331, "url": "", "pos": 1, "chunkLen": 1, "isStartTag": 1}}
06-28 11:25:34.381 19897 19910 E WProf.db: {"WprofHTMLTag": {"code": "0xaf0479d0", "doc": "http://searchengineland.com/small-business-seo-questions-answered-276500", "row": 18, "column": 50, "tagName": "meta", "time": 10197.634449, "url": "", "pos": 1, "chunkLen": 1, "isStartTag": 1}}
06-28 11:25:34.381 19897 19910 E WProf.db: {"WprofHTMLTag": {"code": "0xaf047a00", "doc": "http://searchengineland.com/small-business-seo-questions-answered-276500", "row": 19, "column": 174, "tagName": "meta", "time": 10197.634560, "url": "", "pos": 1, "chunkLen": 1, "isStartTag": 1}}
06-28 11:25:34.381 19897 19910 E WProf.db: {"WprofHTMLTag": {"code": "0xaf047970", "doc": "http://searchengineland.com/small-business-seo-questions-answered-276500", "row": 20, "column": 47, "tagName": "meta", "time": 10197.634674, "url": "", "pos": 1, "chunkLen": 1, "isStartTag": 1}}
06-28 11:25:34.381 19897 19910 E WProf.db: {"WprofHTMLTag": {"code": "0xaf047940", "doc": "http://searchengineland.com/small-business-seo-questions-answered-276500", "row": 21, "column": 67, "tagName": "meta", "time": 10197.634777, "url": "", "pos": 1, "chunkLen": 1, "isStartTag": 1}}
06-28 11:25:34.381 19897 19910 E WProf.db: {"WprofHTMLTag": {"code": "0xaf047a30", "doc": "http://searchengineland.com/small-business-seo-questions-answered-276500", "row": 22, "column": 57, "tagName": "meta", "time": 10197.634884, "url": "", "pos": 1, "chunkLen": 1, "isStartTag": 1}}
06-28 11:25:34.381 19897 19910 E WProf.db: {"WprofHTMLTag": {"code": "0xaf047a60", "doc": "http://searchengineland.com/small-business-seo-questions-answered-276500", "row": 23, "column": 65, "tagName": "meta", "time": 10197.634998, "url": "", "pos": 1, "chunkLen": 1, "isStartTag": 1}}
06-28 11:25:34.381 19897 19910 E WProf.db: {"WprofHTMLTag": {"code": "0xaf047a90", "doc": "http://searchengineland.com/small-business-seo-questions-answered-276500", "row": 24, "column": 55, "tagName": "meta", "time": 10197.635108, "url": "", "pos": 1, "chunkLen": 1, "isStartTag": 1}}
06-28 11:25:34.384 19897 19910 E WProf.db: {"WprofHTMLTag": {"code": "0xaf047ac0", "doc": "http://searchengineland.com/small-business-seo-questions-answered-276500", "row": 25, "column": 71, "tagName": "meta", "time": 10197.635214, "url": "", "pos": 1, "chunkLen": 1, "isStartTag": 1}}
06-28 11:25:34.385 19897 19910 E WProf.db: {"WprofHTMLTag": {"code": "0xaf047af0", "doc": "http://searchengineland.com/small-business-seo-questions-answered-276500", "row": 26, "column": 86, "tagName": "meta", "time": 10197.635316, "url": "", "pos": 1, "chunkLen": 1, "isStartTag": 1}}
06-28 11:25:34.385 19897 19910 E WProf.db: {"WprofHTMLTag": {"code": "0xaf047b20", "doc": "http://searchengineland.com/small-business-seo-questions-answered-276500", "row": 27, "column": 54, "tagName": "meta", "time": 10197.635427, "url": "", "pos": 1, "chunkLen": 1, "isStartTag": 1}}
06-28 11:25:34.386 19897 19910 E WProf.db: {"WprofHTMLTag": {"code": "0xaf047b50", "doc": "http://searchengineland.com/small-business-seo-questions-answered-276500", "row": 29, "column": 138, "tagName": "meta", "time": 10197.635535, "url": "", "pos": 1, "chunkLen": 1, "isStartTag": 1}}
06-28 11:25:34.386 19897 19910 E WProf.db: {"WprofHTMLTag": {"code": "0xaf047b80", "doc": "http://searchengineland.com/small-business-seo-questions-answered-276500", "row": 30, "column": 208, "tagName": "meta", "time": 10197.635639, "url": "", "pos": 1, "chunkLen": 1, "isStartTag": 1}}
06-28 11:25:34.386 19897 19910 E WProf.db: {"WprofHTMLTag": {"code": "0xaf047bb0", "doc": "http://searchengineland.com/small-business-seo-questions-answered-276500", "row": 31, "column": 55, "tagName": "meta", "time": 10197.635750, "url": "", "pos": 1, "chunkLen": 1, "isStartTag": 1}}
06-28 11:25:34.386 19897 19910 E WProf.db: {"WprofHTMLTag": {"code": "0xaf047be0", "doc": "http://searchengineland.com/small-business-seo-questions-answered-276500", "row": 32, "column": 54, "tagName": "meta", "time": 10197.635853, "url": "", "pos": 1, "chunkLen": 1, "isStartTag": 1}}
06-28 11:25:34.386 19897 19910 E WProf.db: {"WprofHTMLTag": {"code": "0xaf047c10", "doc": "http://searchengineland.com/small-business-seo-questions-answered-276500", "row": 33, "column": 161, "tagName": "meta", "time": 10197.635963, "url": "", "pos": 1, "chunkLen": 1, "isStartTag": 1}}
06-28 11:25:34.386 19897 19910 E WProf.db: {"WprofHTMLTag": {"code": "0xaf047c40", "doc": "http://searchengineland.com/small-business-seo-questions-answered-276500", "row": 37, "column": 36, "tagName": "script", "time": 10197.636069, "url": "", "pos": 1, "chunkLen": 1, "isStartTag": 1}}
06-28 11:25:34.387 19897 19910 E WProf.db: {"WprofHTMLTag": {"code": "0xaf047c70", "doc": "http://searchengineland.com/small-business-seo-questions-answered-276500", "row": 53, "column": 10, "tagName": "script", "time": 10197.636313, "url": "", "pos": 1, "chunkLen": 1, "isStartTag": 0}}
06-28 11:25:34.387 19897 19910 E WProf.db: {"WprofHTMLTag": {"code": "0xaedd5630", "doc": "http://searchengineland.com/small-business-seo-questions-answered-276500", "row": 55, "column": 86, "tagName": "link", "time": 10197.637414, "url": "http://searchengineland.com/apple-touch-icon.png", "pos": 1, "chunkLen": 1, "isStartTag": 1}}
06-28 11:25:34.387 19897 19910 E WProf.db: {"WprofHTMLTag": {"code": "0xaf047ca0", "doc": "http://searchengineland.com/small-business-seo-questions-answered-276500", "row": 56, "column": 76, "tagName": "link", "time": 10197.637703, "url": "http://searchengineland.com/favicon.ico", "pos": 1, "chunkLen": 1, "isStartTag": 1}}
06-28 11:25:34.387 19897 19910 E WProf.db: {"WprofHTMLTag": {"code": "0xaf047cd0", "doc": "http://searchengineland.com/small-business-seo-questions-answered-276500", "row": 57, "column": 158, "tagName": "link", "time": 10197.637895, "url": "http://feeds.searchengineland.com/searchengineland", "pos": 1, "chunkLen": 1, "isStartTag": 1}}
06-28 11:25:34.387 19897 19910 E WProf.db: {"WprofHTMLTag": {"code": "0xaf047d00", "doc": "http://searchengineland.com/small-business-seo-questions-answered-276500", "row": 58, "column": 149, "tagName": "link", "time": 10197.638154, "url": "http://feeds.searchengineland.com/searchcap", "pos": 1, "chunkLen": 1, "isStartTag": 1}}
06-28 11:25:34.387 19897 19910 E WProf.db: {"WprofHTMLTag": {"code": "0xaf047d30", "doc": "http://searchengineland.com/small-business-seo-questions-answered-276500", "row": 59, "column": 150, "tagName": "link", "time": 10197.638425, "url": "http://searchengineland.com/figz/wp-content/themes/searchengineland/css/searchengineland-bootstrap.css", "pos": 1, "chunkLen": 1, "isStartTag": 1}}
06-28 11:25:34.387 19897 19910 E WProf.db: {"WprofHTMLTag": {"code": "0xaf047d90", "doc": "http://searchengineland.com/small-business-seo-questions-answered-276500", "row": 60, "column": 105, "tagName": "link", "time": 10197.638949, "url": "http://fonts.googleapis.com/css?family=Oswald:300,400,700", "pos": 1, "chunkLen": 1, "isStartTag": 1}}
06-28 11:25:34.388 19897 19910 E WProf.db: {"WprofHTMLTag": {"code": "0xaf047df0", "doc": "http://searchengineland.com/small-business-seo-questions-answered-276500", "row": 61, "column": 125, "tagName": "link", "time": 10197.639443, "url": "http://searchengineland.com/figz/wp-content/themes/searchengineland/style.css", "pos": 1, "chunkLen": 1, "isStartTag": 1}}
06-28 11:25:34.388 19897 19910 E WProf.db: {"WprofHTMLTag": {"code": "0xaf047e50", "doc": "http://searchengineland.com/small-business-seo-questions-answered-276500", "row": 65, "column": 7, "tagName": "title", "time": 10197.639943, "url": "", "pos": 1, "chunkLen": 1, "isStartTag": 1}}
06-28 11:25:34.388 19897 19910 E WProf.db: {"WprofHTMLTag": {"code": "0xaf047e80", "doc": "http://searchengineland.com/small-business-seo-questions-answered-276500", "row": 65, "column": 58, "tagName": "title", "time": 10197.640824, "url": "", "pos": 1, "chunkLen": 1, "isStartTag": 0}}
06-28 11:25:34.388 19897 19910 E WProf.db: {"WprofHTMLTag": {"code": "0xaf047eb0", "doc": "http://searchengineland.com/small-business-seo-questions-answered-276500", "row": 66, "column": 205, "tagName": "meta", "time": 10197.640851, "url": "", "pos": 1, "chunkLen": 1, "isStartTag": 1}}
06-28 11:25:34.388 19897 19910 E WProf.db: {"WprofHTMLTag": {"code": "0xaf047ee0", "doc": "http://searchengineland.com/small-business-seo-questions-answered-276500", "row": 67, "column": 139, "tagName": "meta", "time": 10197.640978, "url": "", "pos": 1, "chunkLen": 1, "isStartTag": 1}}
06-28 11:25:34.388 19897 19910 E WProf.db: {"WprofHTMLTag": {"code": "0xaf047f10", "doc": "http://searchengineland.com/small-business-seo-questions-answered-276500", "row": 68, "column": 114, "tagName": "meta", "time": 10197.641084, "url": "", "pos": 1, "chunkLen": 1, "isStartTag": 1}}
06-28 11:25:34.388 19897 19910 E WProf.db: {"WprofHTMLTag": {"code": "0xaf047f40", "doc": "http://searchengineland.com/small-business-seo-questions-answered-276500", "row": 69, "column": 37, "tagName": "meta", "time": 10197.641186, "url": "", "pos": 1, "chunkLen": 1, "isStartTag": 1}}
06-28 11:25:34.388 19897 19910 E WProf.db: {"WprofHTMLTag": {"code": "0xaf047f70", "doc": "http://searchengineland.com/small-business-seo-questions-answered-276500", "row": 70, "column": 104, "tagName": "link", "time": 10197.641289, "url": "http://searchengineland.com/small-business-seo-questions-answered-276500", "pos": 1, "chunkLen": 1, "isStartTag": 1}}
06-28 11:25:34.388 19897 19910 E WProf.db: {"WprofHTMLTag": {"code": "0xaf047fa0", "doc": "http://searchengineland.com/small-business-seo-questions-answered-276500", "row": 71, "column": 76, "tagName": "link", "time": 10197.641485, "url": "https://plus.google.com/103218677032751327334", "pos": 1, "chunkLen": 1, "isStartTag": 1}}
06-28 11:25:34.389 19897 19910 E WProf.db: {"WprofHTMLTag": {"code": "0xaf047fd0", "doc": "http://searchengineland.com/small-business-seo-questions-answered-276500", "row": 72, "column": 45, "tagName": "meta", "time": 10197.641660, "url": "", "pos": 1, "chunkLen": 1, "isStartTag": 1}}
06-28 11:25:34.389 19897 19910 E WProf.db: {"WprofHTMLTag": {"code": "0xb4cc74b0", "doc": "http://searchengineland.com/small-business-seo-questions-answered-276500", "row": 73, "column": 45, "tagName": "meta", "time": 10197.641770, "url": "", "pos": 1, "chunkLen": 1, "isStartTag": 1}}
06-28 11:25:34.389 19897 19910 E WProf.db: {"WprofHTMLTag": {"code": "0xb4cc7540", "doc": "http://searchengineland.com/small-business-seo-questions-answered-276500", "row": 74, "column": 82, "tagName": "meta", "time": 10197.641877, "url": "", "pos": 1, "chunkLen": 1, "isStartTag": 1}}
06-28 11:25:34.389 19897 19910 E WProf.db: {"WprofHTMLTag": {"code": "0xb4cc78a0", "doc": "http://searchengineland.com/small-business-seo-questions-answered-276500", "row": 75, "column": 213, "tagName": "meta", "time": 10197.641988, "url": "", "pos": 1, "chunkLen": 1, "isStartTag": 1}}
06-28 11:25:34.389 19897 19910 E WProf.db: {"WprofHTMLTag": {"code": "0xb4cc78d0", "doc": "http://searchengineland.com/small-business-seo-questions-answered-276500", "row": 76, "column": 109, "tagName": "meta", "time": 10197.642093, "url": "", "pos": 1, "chunkLen": 1, "isStartTag": 1}}
06-28 11:25:34.389 19897 19910 E WProf.db: {"WprofHTMLTag": {"code": "0xb4cc7900", "doc": "http://searchengineland.com/small-business-seo-questions-answered-276500", "row": 77, "column": 61, "tagName": "meta", "time": 10197.642200, "url": "", "pos": 1, "chunkLen": 1, "isStartTag": 1}}
06-28 11:25:34.389 19897 19910 E WProf.db: {"WprofHTMLTag": {"code": "0xb4cc7930", "doc": "http://searchengineland.com/small-business-seo-questions-answered-276500", "row": 78, "column": 89, "tagName": "meta", "time": 10197.642305, "url": "", "pos": 1, "chunkLen": 1, "isStartTag": 1}}
06-28 11:25:34.389 19897 19910 E WProf.db: {"WprofHTMLTag": {"code": "0xb4cc7960", "doc": "http://searchengineland.com/small-business-seo-questions-answered-276500", "row": 79, "column": 60, "tagName": "meta", "time": 10197.642407, "url": "", "pos": 1, "chunkLen": 1, "isStartTag": 1}}
06-28 11:25:34.389 19897 19910 E WProf.db: {"WprofHTMLTag": {"code": "0xb4cc7990", "doc": "http://searchengineland.com/small-business-seo-questions-answered-276500", "row": 80, "column": 78, "tagName": "meta", "time": 10197.642515, "url": "", "pos": 1, "chunkLen": 1, "isStartTag": 1}}
06-28 11:25:34.390 19897 19910 E WProf.db: {"WprofHTMLTag": {"code": "0xb4cc79c0", "doc": "http://searchengineland.com/small-business-seo-questions-answered-276500", "row": 81, "column": 77, "tagName": "meta", "time": 10197.642623, "url": "", "pos": 1, "chunkLen": 1, "isStartTag": 1}}
06-28 11:25:34.390 19897 19910 E WProf.db: {"WprofHTMLTag": {"code": "0xb4cc79f0", "doc": "http://searchengineland.com/small-business-seo-questions-answered-276500", "row": 82, "column": 71, "tagName": "meta", "time": 10197.642729, "url": "", "pos": 1, "chunkLen": 1, "isStartTag": 1}}
06-28 11:25:34.390 19897 19910 E WProf.db: {"WprofHTMLTag": {"code": "0xb4cc7a20", "doc": "http://searchengineland.com/small-business-seo-questions-answered-276500", "row": 83, "column": 155, "tagName": "meta", "time": 10197.642834, "url": "", "pos": 1, "chunkLen": 1, "isStartTag": 1}}
06-28 11:25:34.390 19897 19910 E WProf.db: {"WprofHTMLTag": {"code": "0xb4cc7a50", "doc": "http://searchengineland.com/small-business-seo-questions-answered-276500", "row": 84, "column": 48, "tagName": "meta", "time": 10197.642940, "url": "", "pos": 1, "chunkLen": 1, "isStartTag": 1}}
06-28 11:25:34.390 19897 19910 E WProf.db: {"WprofHTMLTag": {"code": "0xb4cc7a80", "doc": "http://searchengineland.com/small-business-seo-questions-answered-276500", "row": 85, "column": 49, "tagName": "meta", "time": 10197.643046, "url": "", "pos": 1, "chunkLen": 1, "isStartTag": 1}}
06-28 11:25:34.390 19897 19910 E WProf.db: {"WprofHTMLTag": {"code": "0xb4cc7ab0", "doc": "http://searchengineland.com/small-business-seo-questions-answered-276500", "row": 86, "column": 58, "tagName": "meta", "time": 10197.643155, "url": "", "pos": 1, "chunkLen": 1, "isStartTag": 1}}
06-28 11:25:34.390 19897 19910 E WProf.db: {"WprofHTMLTag": {"code": "0xb4cc7ae0", "doc": "http://searchengineland.com/small-business-seo-questions-answered-276500", "row": 87, "column": 214, "tagName": "meta", "time": 10197.643261, "url": "", "pos": 1, "chunkLen": 1, "isStartTag": 1}}
06-28 11:25:34.391 19897 19910 E WProf.db: {"WprofHTMLTag": {"code": "0xb4cc7b10", "doc": "http://searchengineland.com/small-business-seo-questions-answered-276500", "row": 88, "column": 83, "tagName": "meta", "time": 10197.643365, "url": "", "pos": 1, "chunkLen": 1, "isStartTag": 1}}
06-28 11:25:34.391 19897 19910 E WProf.db: {"WprofHTMLTag": {"code": "0xb4cc7b40", "doc": "http://searchengineland.com/small-business-seo-questions-answered-276500", "row": 89, "column": 51, "tagName": "meta", "time": 10197.643476, "url": "", "pos": 1, "chunkLen": 1, "isStartTag": 1}}
06-28 11:25:34.391 19897 19910 E WProf.db: {"WprofHTMLTag": {"code": "0xb4cc7b70", "doc": "http://searchengineland.com/small-business-seo-questions-answered-276500", "row": 90, "column": 156, "tagName": "meta", "time": 10197.643583, "url": "", "pos": 1, "chunkLen": 1, "isStartTag": 1}}
06-28 11:25:34.391 19897 19910 E WProf.db: {"WprofHTMLTag": {"code": "0xb4cc7ba0", "doc": "http://searchengineland.com/small-business-seo-questions-answered-276500", "row": 91, "column": 58, "tagName": "meta", "time": 10197.643696, "url": "", "pos": 1, "chunkLen": 1, "isStartTag": 1}}
06-28 11:25:34.391 19897 19910 E WProf.db: {"WprofHTMLTag": {"code": "0xb4cc7bd0", "doc": "http://searchengineland.com/small-business-seo-questions-answered-276500", "row": 94, "column": 44, "tagName": "link", "time": 10197.643807, "url": "http://s.w.org/", "pos": 1, "chunkLen": 1, "isStartTag": 1}}
06-28 11:25:34.391 19897 19910 E WProf.db: {"WprofHTMLTag": {"code": "0xb4cc7c00", "doc": "http://searchengineland.com/small-business-seo-questions-answered-276500", "row": 95, "column": 33, "tagName": "script", "time": 10197.644021, "url": "", "pos": 1, "chunkLen": 1, "isStartTag": 1}}
06-28 11:25:34.391 19897 19910 E WProf.db: {"WprofHTMLTag": {"code": "0xb4cc7c30", "doc": "http://searchengineland.com/small-business-seo-questions-answered-276500", "row": 98, "column": 11, "tagName": "script", "time": 10197.644442, "url": "http://searchengineland.com/figz/wp-includes/js/wp-emoji-release.min.js?ver=4.7.5", "pos": 1, "chunkLen": 1, "isStartTag": 0}}
06-28 11:25:34.391 19897 19910 E WProf.db: {"WprofHTMLTag": {"code": "0x9c8e4900", "doc": "http://searchengineland.com/small-business-seo-questions-answered-276500", "row": 99, "column": 25, "tagName": "style", "time": 10198.186806, "url": "", "pos": 1, "chunkLen": 1, "isStartTag": 1}}
06-28 11:25:34.391 19897 19910 E WProf.db: {"WprofHTMLTag": {"code": "0x9c8e4930", "doc": "http://searchengineland.com/small-business-seo-questions-answered-276500", "row": 112, "column": 8, "tagName": "style", "time": 10198.187000, "url": "", "pos": 1, "chunkLen": 1, "isStartTag": 0}}
06-28 11:25:34.392 19897 19910 E WProf.db: {"WprofHTMLTag": {"code": "0x9c8e4960", "doc": "http://searchengineland.com/small-business-seo-questions-answered-276500", "row": 113, "column": 140, "tagName": "script", "time": 10198.188684, "url": "http://searchengineland.com/figz/wp-content/themes/searchengineland/js/lib/modernizr.custom.js?ver=1.0", "pos": 1, "chunkLen": 1, "isStartTag": 1}}
06-28 11:25:34.392 19897 19910 E WProf.db: {"WprofHTMLTag": {"code": "0x9c8e4990", "doc": "http://searchengineland.com/small-business-seo-questions-answered-276500", "row": 113, "column": 149, "tagName": "script", "time": 10198.188931, "url": "", "pos": 1, "chunkLen": 1, "isStartTag": 0}}
06-28 11:25:34.392 19897 19910 E WProf.db: {"WprofHTMLTag": {"code": "0x9c8e4a20", "doc": "http://searchengineland.com/small-business-seo-questions-answered-276500", "row": 114, "column": 144, "tagName": "script", "time": 10198.196081, "url": "http://searchengineland.com/figz/wp-content/themes/searchengineland/js/lib/jquery-1.11.0.min.js?ver=1.11.0", "pos": 1, "chunkLen": 1, "isStartTag": 1}}
06-28 11:25:34.392 19897 19910 E WProf.db: {"WprofHTMLTag": {"code": "0x9c8e4a50", "doc": "http://searchengineland.com/small-business-seo-questions-answered-276500", "row": 114, "column": 153, "tagName": "script", "time": 10198.196317, "url": "", "pos": 1, "chunkLen": 1, "isStartTag": 0}}
06-28 11:25:34.392 19897 19910 E WProf.db: {"WprofHTMLTag": {"code": "0xaedd5ea0", "doc": "http://searchengineland.com/small-business-seo-questions-answered-276500", "row": 0, "column": 15, "tagName": "div", "time": 10198.259487, "url": "", "pos": 15, "chunkLen": 44, "isStartTag": 1}}
06-28 11:25:34.392 19897 19910 E WProf.db: {"WprofHTMLTag": {"code": "0xaedd5c30", "doc": "http://searchengineland.com/small-business-seo-questions-answered-276500", "row": 0, "column": 21, "tagName": "div", "time": 10198.259659, "url": "", "pos": 21, "chunkLen": 44, "isStartTag": 0}}
06-28 11:25:34.392 19897 19910 E WProf.db: {"WprofHTMLTag": {"code": "0xaedd5e70", "doc": "http://searchengineland.com/small-business-seo-questions-answered-276500", "row": 0, "column": 38, "tagName": "div", "time": 10198.259726, "url": "", "pos": 38, "chunkLen": 44, "isStartTag": 1}}
06-28 11:25:34.392 19897 19910 E WProf.db: {"WprofHTMLTag": {"code": "0xaedd5e40", "doc": "http://searchengineland.com/small-business-seo-questions-answered-276500", "row": 0, "column": 44, "tagName": "div", "time": 10198.259832, "url": "", "pos": 44, "chunkLen": 44, "isStartTag": 0}}
06-28 11:25:34.393 19897 19910 E WProf.db: {"WprofHTMLTag": {"code": "0xaedd5e10", "doc": "http://searchengineland.com/small-business-seo-questions-answered-276500", "row": 0, "column": 13, "tagName": "select", "time": 10198.261525, "url": "", "pos": 13, "chunkLen": 51, "isStartTag": 1}}
06-28 11:25:34.393 19897 19910 E WProf.db: {"WprofHTMLTag": {"code": "0xaedd5de0", "doc": "http://searchengineland.com/small-business-seo-questions-answered-276500", "row": 0, "column": 33, "tagName": "option", "time": 10198.261718, "url": "", "pos": 33, "chunkLen": 51, "isStartTag": 1}}
06-28 11:25:34.393 19897 19910 E WProf.db: {"WprofHTMLTag": {"code": "0xaedd5db0", "doc": "http://searchengineland.com/small-business-seo-questions-answered-276500", "row": 0, "column": 42, "tagName": "option", "time": 10198.261915, "url": "", "pos": 42, "chunkLen": 51, "isStartTag": 0}}
06-28 11:25:34.393 19897 19910 E WProf.db: {"WprofHTMLTag": {"code": "0x9c8e4ae0", "doc": "http://searchengineland.com/small-business-seo-questions-answered-276500", "row": 0, "column": 51, "tagName": "select", "time": 10198.261971, "url": "", "pos": 51, "chunkLen": 51, "isStartTag": 0}}
06-28 11:25:34.393 19897 19910 E WProf.db: {"WprofHTMLTag": {"code": "0x9c8e4b10", "doc": "http://searchengineland.com/small-business-seo-questions-answered-276500", "row": 0, "column": 12, "tagName": "a", "time": 10198.266886, "url": "", "pos": 12, "chunkLen": 16, "isStartTag": 1}}
06-28 11:25:34.393 19897 19910 E WProf.db: {"WprofHTMLTag": {"code": "0x9c8e4b40", "doc": "http://searchengineland.com/small-business-seo-questions-answered-276500", "row": 0, "column": 16, "tagName": "a", "time": 10198.267066, "url": "", "pos": 16, "chunkLen": 16, "isStartTag": 0}}
06-28 11:25:34.393 19897 19910 E WProf.db: {"WprofHTMLTag": {"code": "0x9c8e4b70", "doc": "http://searchengineland.com/small-business-seo-questions-answered-276500", "row": 0, "column": 8, "tagName": "input", "time": 10198.268358, "url": "", "pos": 8, "chunkLen": 8, "isStartTag": 1}}
06-28 11:25:34.393 19897 19910 E WProf.db: {"WprofHTMLTag": {"code": "0x9c8e4ba0", "doc": "http://searchengineland.com/small-business-seo-questions-answered-276500", "row": 0, "column": 9, "tagName": "link", "time": 10198.277408, "url": "", "pos": 9, "chunkLen": 42, "isStartTag": 1}}
06-28 11:25:34.393 19897 19910 E WProf.db: {"WprofHTMLTag": {"code": "0x9c8e4bd0", "doc": "http://searchengineland.com/small-business-seo-questions-answered-276500", "row": 0, "column": 16, "tagName": "table", "time": 10198.277537, "url": "", "pos": 16, "chunkLen": 42, "isStartTag": 1}}
06-28 11:25:34.401 19897 19910 E WProf.db: {"WprofHTMLTag": {"code": "0x9c8e4c00", "doc": "http://searchengineland.com/small-business-seo-questions-answered-276500", "row": 0, "column": 24, "tagName": "table", "time": 10198.277650, "url": "", "pos": 24, "chunkLen": 42, "isStartTag": 0}}
06-28 11:25:34.401 19897 19910 E WProf.db: {"WprofHTMLTag": {"code": "0x9c8e4c30", "doc": "http://searchengineland.com/small-business-seo-questions-answered-276500", "row": 0, "column": 37, "tagName": "a", "time": 10198.277717, "url": "", "pos": 37, "chunkLen": 42, "isStartTag": 1}}
06-28 11:25:34.401 19897 19910 E WProf.db: {"WprofHTMLTag": {"code": "0x9c8e4c60", "doc": "http://searchengineland.com/small-business-seo-questions-answered-276500", "row": 0, "column": 42, "tagName": "a", "time": 10198.277889, "url": "", "pos": 42, "chunkLen": 42, "isStartTag": 0}}
06-28 11:25:34.401 19897 19910 E WProf.db: {"WprofHTMLTag": {"code": "0x9c8e4cf0", "doc": "http://searchengineland.com/small-business-seo-questions-answered-276500", "row": 0, "column": 10, "tagName": "textarea", "time": 10198.279050, "url": "", "pos": 10, "chunkLen": 22, "isStartTag": 1}}
06-28 11:25:34.402 19897 19910 E WProf.db: {"WprofHTMLTag": {"code": "0x9c8e4d20", "doc": "http://searchengineland.com/small-business-seo-questions-answered-276500", "row": 0, "column": 22, "tagName": "textarea", "time": 10198.279233, "url": "", "pos": 22, "chunkLen": 22, "isStartTag": 0}}
06-28 11:25:34.402 19897 19910 E WProf.db: {"WprofHTMLTag": {"code": "0x9c8e4d50", "doc": "http://searchengineland.com/small-business-seo-questions-answered-276500", "row": 0, "column": 48, "tagName": "input", "time": 10198.280431, "url": "", "pos": 48, "chunkLen": 48, "isStartTag": 1}}
06-28 11:25:34.402 19897 19910 E WProf.db: {"WprofHTMLTag": {"code": "0x9c8e4db0", "doc": "http://searchengineland.com/small-business-seo-questions-answered-276500", "row": 0, "column": 9, "tagName": "link", "time": 10198.286715, "url": "", "pos": 9, "chunkLen": 66, "isStartTag": 1}}
06-28 11:25:34.402 19897 19910 E WProf.db: {"WprofHTMLTag": {"code": "0x9c8e4de0", "doc": "http://searchengineland.com/small-business-seo-questions-answered-276500", "row": 0, "column": 16, "tagName": "table", "time": 10198.286834, "url": "", "pos": 16, "chunkLen": 66, "isStartTag": 1}}
06-28 11:25:34.402 19897 19910 E WProf.db: {"WprofHTMLTag": {"code": "0x9c8e4e10", "doc": "http://searchengineland.com/small-business-seo-questions-answered-276500", "row": 0, "column": 24, "tagName": "table", "time": 10198.286920, "url": "", "pos": 24, "chunkLen": 66, "isStartTag": 0}}
06-28 11:25:34.402 19897 19910 E WProf.db: {"WprofHTMLTag": {"code": "0x9c8e4e40", "doc": "http://searchengineland.com/small-business-seo-questions-answered-276500", "row": 0, "column": 37, "tagName": "a", "time": 10198.286984, "url": "", "pos": 37, "chunkLen": 66, "isStartTag": 1}}
06-28 11:25:34.402 19897 19910 E WProf.db: {"WprofHTMLTag": {"code": "0x9c8e4e70", "doc": "http://searchengineland.com/small-business-seo-questions-answered-276500", "row": 0, "column": 42, "tagName": "a", "time": 10198.287176, "url": "", "pos": 42, "chunkLen": 66, "isStartTag": 0}}
06-28 11:25:34.402 19897 19910 E WProf.db: {"WprofHTMLTag": {"code": "0x9c8e4ea0", "doc": "http://searchengineland.com/small-business-seo-questions-answered-276500", "row": 0, "column": 66, "tagName": "input", "time": 10198.287238, "url": "", "pos": 66, "chunkLen": 66, "isStartTag": 1}}
06-28 11:25:34.402 19897 19910 E WProf.db: {"WprofHTMLTag": {"code": "0x9c8e4f30", "doc": "http://searchengineland.com/small-business-seo-questions-answered-276500", "row": 0, "column": 9, "tagName": "link", "time": 10198.289189, "url": "", "pos": 9, "chunkLen": 66, "isStartTag": 1}}
06-28 11:25:34.402 19897 19910 E WProf.db: {"WprofHTMLTag": {"code": "0x9c8e4f60", "doc": "http://searchengineland.com/small-business-seo-questions-answered-276500", "row": 0, "column": 16, "tagName": "table", "time": 10198.289300, "url": "", "pos": 16, "chunkLen": 66, "isStartTag": 1}}
06-28 11:25:34.403 19897 19910 E WProf.db: {"WprofHTMLTag": {"code": "0x9c8e4f90", "doc": "http://searchengineland.com/small-business-seo-questions-answered-276500", "row": 0, "column": 24, "tagName": "table", "time": 10198.289371, "url": "", "pos": 24, "chunkLen": 66, "isStartTag": 0}}
06-28 11:25:34.403 19897 19910 E WProf.db: {"WprofHTMLTag": {"code": "0x9c8e4fc0", "doc": "http://searchengineland.com/small-business-seo-questions-answered-276500", "row": 0, "column": 37, "tagName": "a", "time": 10198.289430, "url": "", "pos": 37, "chunkLen": 66, "isStartTag": 1}}
06-28 11:25:34.403 19897 19910 E WProf.db: {"WprofHTMLTag": {"code": "0x9c8e4ff0", "doc": "http://searchengineland.com/small-business-seo-questions-answered-276500", "row": 0, "column": 42, "tagName": "a", "time": 10198.289595, "url": "", "pos": 42, "chunkLen": 66, "isStartTag": 0}}
06-28 11:25:34.403 19897 19910 E WProf.db: {"WprofHTMLTag": {"code": "0x9c8e5020", "doc": "http://searchengineland.com/small-business-seo-questions-answered-276500", "row": 0, "column": 66, "tagName": "input", "time": 10198.289670, "url": "", "pos": 66, "chunkLen": 66, "isStartTag": 1}}
06-28 11:25:34.403 19897 19910 E WProf.db: {"WprofHTMLTag": {"code": "0x9c8e5080", "doc": "http://searchengineland.com/small-business-seo-questions-answered-276500", "row": 0, "column": 9, "tagName": "link", "time": 10198.294324, "url": "", "pos": 9, "chunkLen": 66, "isStartTag": 1}}
06-28 11:25:34.403 19897 19910 E WProf.db: {"WprofHTMLTag": {"code": "0x9c8e50b0", "doc": "http://searchengineland.com/small-business-seo-questions-answered-276500", "row": 0, "column": 16, "tagName": "table", "time": 10198.294445, "url": "", "pos": 16, "chunkLen": 66, "isStartTag": 1}}
06-28 11:25:34.403 19897 19910 E WProf.db: {"WprofHTMLTag": {"code": "0x9c8e50e0", "doc": "http://searchengineland.com/small-business-seo-questions-answered-276500", "row": 0, "column": 24, "tagName": "table", "time": 10198.294524, "url": "", "pos": 24, "chunkLen": 66, "isStartTag": 0}}
06-28 11:25:34.403 19897 19910 E WProf.db: {"WprofHTMLTag": {"code": "0x9c8e5110", "doc": "http://searchengineland.com/small-business-seo-questions-answered-276500", "row": 0, "column": 37, "tagName": "a", "time": 10198.294591, "url": "", "pos": 37, "chunkLen": 66, "isStartTag": 1}}
06-28 11:25:34.403 19897 19910 E WProf.db: {"WprofHTMLTag": {"code": "0x9c8e5140", "doc": "http://searchengineland.com/small-business-seo-questions-answered-276500", "row": 0, "column": 42, "tagName": "a", "time": 10198.294762, "url": "", "pos": 42, "chunkLen": 66, "isStartTag": 0}}
06-28 11:25:34.404 19897 19910 E WProf.db: {"WprofHTMLTag": {"code": "0x9c8e5170", "doc": "http://searchengineland.com/small-business-seo-questions-answered-276500", "row": 0, "column": 66, "tagName": "input", "time": 10198.294831, "url": "", "pos": 66, "chunkLen": 66, "isStartTag": 1}}
06-28 11:25:34.404 19897 19910 E WProf.db: {"WprofHTMLTag": {"code": "0x9c8e49f0", "doc": "http://searchengineland.com/small-business-seo-questions-answered-276500", "row": 115, "column": 154, "tagName": "script", "time": 10198.309323, "url": "http://searchengineland.com/figz/wp-content/themes/searchengineland/js/lib/jquery-ui-1.10.3.custom.min.js?ver=1.10.3", "pos": 67, "chunkLen": 67, "isStartTag": 1}}
