--------- beginning of main
--------- beginning of system
06-28 14:49:12.216  3449  3449 E Finsky  : [1] com.google.android.finsky.wear.bl.a(3): onConnectionFailed: ConnectionResult{statusCode=API_UNAVAILABLE, resolution=null, message=null}
06-28 14:49:13.268 25802 25802 E chromium: [ERROR:shell_integration_android.cc(12)] Not implemented reached in static ShellIntegration::DefaultWebClientSetPermission ShellIntegration::CanSetAsDefaultBrowser()
06-28 14:49:13.272 25802 25802 E chromium: [ERROR:browser_process_impl.cc(720)] Not implemented reached in virtual BackgroundModeManager* BrowserProcessImpl::background_mode_manager()
06-28 14:49:16.010 25802 25853 E chromium: [ERROR:gles2_cmd_decoder.cc(3852)] [.ChromiumCompositor-0xacbb2fc0]GL ERROR :GL_INVALID_ENUM : glDiscardFramebufferEXT: attachments was GL_COLOR_EXT
06-28 14:49:16.540 25874 25887 E WPROF   : {"CSS": {"url": "http://searchengineland.com/figz/wp-content/themes/searchengineland/css/searchengineland-bootstrap.css", "requestTime": 22433.596150}}
06-28 14:49:16.545 25874 25887 E WPROF   : {"CSS": {"url": "http://fonts.googleapis.com/css?family=Oswald:300,400,700", "requestTime": 22433.600842}}
06-28 14:49:16.546 25874 25887 E WPROF   : {"CSS": {"url": "http://searchengineland.com/figz/wp-content/themes/searchengineland/style.css", "requestTime": 22433.601468}}
06-28 14:49:16.556 25874 25887 E WPROF   : {"Javascript": {"url": "http://searchengineland.com/figz/wp-content/themes/searchengineland/js/lib/modernizr.custom.js?ver=1.0", "requestTime": 22433.611911}}
06-28 14:49:16.558 25874 25887 E WPROF   : {"Javascript": {"url": "http://searchengineland.com/figz/wp-content/themes/searchengineland/js/lib/jquery-1.11.0.min.js?ver=1.11.0", "requestTime": 22433.614040}}
06-28 14:49:16.559 25874 25887 E WPROF   : {"Javascript": {"url": "http://searchengineland.com/figz/wp-content/themes/searchengineland/js/lib/jquery-ui-1.10.3.custom.min.js?ver=1.10.3", "requestTime": 22433.614765}}
06-28 14:49:16.560 25874 25887 E WPROF   : {"Javascript": {"url": "http://searchengineland.com/figz/wp-content/themes/searchengineland/js/lib/jquery.ba-throttle-debounce.min.js?ver=1.1", "requestTime": 22433.615231}}
06-28 14:49:16.561 25874 25887 E WPROF   : {"Javascript": {"url": "http://searchengineland.com/figz/wp-content/themes/searchengineland/js/lib/jquery.countdown.min.js?ver=2.0.4", "requestTime": 22433.617088}}
06-28 14:49:16.562 25874 25887 E WPROF   : {"Javascript": {"url": "http://static.chartbeat.com/js/chartbeat_mab.js", "requestTime": 22433.617678}}
06-28 14:49:17.083 25874 25887 E WPROF   : {"Javascript": {"url": "http://searchengineland.com/figz/wp-includes/js/wp-emoji-release.min.js?ver=4.7.5", "requestTime": 22434.139062}}
06-28 14:49:17.423 25874 25887 E WPROF   : {"Javascript": {"url": "http://www.googletagservices.com/tag/js/gpt.js", "requestTime": 22434.478418}}
06-28 14:49:17.427 25874 25887 E WPROF   : {"Javascript": {"url": "https://www.google-analytics.com/analytics.js", "requestTime": 22434.483212}}
06-28 14:49:17.436 25874 25887 E WPROF   : {"Javascript": {"url": "http://edge.quantserve.com/quant.js", "requestTime": 22434.491171}}
06-28 14:49:17.443 25874 25887 E WPROF   : {"Javascript": {"url": "https://connect.facebook.net/en_US/fbevents.js", "requestTime": 22434.498737}}
06-28 14:49:17.538 25802 25853 E chromium: [ERROR:gles2_cmd_decoder.cc(3852)] [.ChromiumCompositor-0xacbb2fc0]GL ERROR :GL_INVALID_ENUM : glDiscardFramebufferEXT: attachments was GL_COLOR_EXT
06-28 14:49:17.592 25874 25887 E WPROF   : {"Javascript": {"url": "http://app-sj02.marketo.com/js/forms2/js/forms2.min.js", "requestTime": 22434.647559}}
06-28 14:49:17.703 25874 25887 E WPROF   : {"Javascript": {"url": "https://connect.facebook.net/signals/config/423979991297359?v=2.7.17", "requestTime": 22434.758445}}
06-28 14:49:17.710 25874 25887 E WPROF   : {"Javascript": {"url": "https://securepubads.g.doubleclick.net/gpt/pubads_impl_121.js", "requestTime": 22434.765421}}
06-28 14:49:17.717 25802 25853 E chromium: [ERROR:gles2_cmd_decoder.cc(3852)] [.ChromiumCompositor-0xacbb2fc0]GL ERROR :GL_INVALID_ENUM : glDiscardFramebufferEXT: attachments was GL_COLOR_EXT
06-28 14:49:17.857 25874 25887 E WPROF   : {"Javascript": {"url": "http://app-sj02.marketo.com/index.php/form/getForm?munchkinId=727-ZQE-044&form=5691&url=http%3A%2F%2Fsearchengineland.com%2Ftake-deep-dive-search-social-attend-workshop-smx-advanced-273835&callback=jQuery110201844545730855316_1498628957794&_=1498628957795", "requestTime": 22434.912669}}
06-28 14:49:17.873 25874 25887 E WPROF   : {"Javascript": {"url": "http://app-sj02.marketo.com/index.php/form/getForm?munchkinId=727-ZQE-044&form=5685&url=http%3A%2F%2Fsearchengineland.com%2Ftake-deep-dive-search-social-attend-workshop-smx-advanced-273835&callback=jQuery110201844545730855316_1498628957796&_=1498628957797", "requestTime": 22434.928889}}
06-28 14:49:18.099 25874 25887 E WPROF   : {"Javascript": {"url": "http://app-sj02.marketo.com/index.php/form/getForm?munchkinId=727-ZQE-044&form=5673&url=http%3A%2F%2Fsearchengineland.com%2Ftake-deep-dive-search-social-attend-workshop-smx-advanced-273835&callback=jQuery110201844545730855316_1498628957798&_=1498628957799", "requestTime": 22435.154685}}
06-28 14:49:18.124 25874 25887 E WPROF   : {"Javascript": {"url": "http://searchengineland.com/js/ga_social_tracking.js", "requestTime": 22435.180213}}
06-28 14:49:18.125 25874 25887 E WPROF   : {"Javascript": {"url": "http://s7.addthis.com/js/300/addthis_widget.js#pubid=ra-53e918f660794f37", "requestTime": 22435.181186}}
06-28 14:49:18.174 25802 25853 E chromium: [ERROR:gles2_cmd_decoder.cc(3852)] [.ChromiumCompositor-0xacbb2fc0]GL ERROR :GL_INVALID_ENUM : glDiscardFramebufferEXT: attachments was GL_COLOR_EXT
06-28 14:49:18.553 25874 25887 E WPROF   : {"Javascript": {"url": "http://cdn.api.twitter.com/1/users/show.json?screen_name=sengineland&callback=twttr.setFollowersCount", "requestTime": 22435.609207}}
06-28 14:49:18.861 25802 25853 E chromium: [ERROR:gles2_cmd_decoder.cc(3852)] [.ChromiumCompositor-0xacbb2fc0]GL ERROR :GL_INVALID_ENUM : glDiscardFramebufferEXT: attachments was GL_COLOR_EXT
06-28 14:49:19.216 25874 25887 E WPROF   : {"Javascript": {"url": "https://securepubads.g.doubleclick.net/gampad/ads?gdfp_req=1&correlator=909681655545856&output=json_html&callback=googletag.impl.pubads.callbackProxy1&impl=fifs&json_a=1&eid=108809080%2C21060130%2C108809103%2C21060364&sc=0&sfv=1-0-9&iu_parts=1038259%2Csel-ciu-1%2Csel-ciu-2%2Csel-ciu-3%2Csel-ciu-4%2C", "requestTime": 22436.271756}}
06-28 14:49:19.245 25874 25887 E WPROF   : {"CSS": {"url": "http://app-sj02.marketo.com/js/forms2/css/forms2.css", "requestTime": 22436.300747}}
06-28 14:49:19.248 25874 25887 E WPROF   : {"CSS": {"url": "http://app-sj02.marketo.com/js/forms2/css/forms2-theme-simple.css", "requestTime": 22436.303978}}
06-28 14:49:19.310 25874 25887 E WPROF   : {"Javascript": {"url": "https://static.xx.fbcdn.net/rsrc.php/v3iy6L4/yk/l/ko_KR/be4fIjHRc8P.js", "requestTime": 22436.365946}}
06-28 14:49:19.494 25802 25853 E chromium: [ERROR:gles2_cmd_decoder.cc(3852)] [.ChromiumCompositor-0xacbb2fc0]GL ERROR :GL_INVALID_ENUM : glDiscardFramebufferEXT: attachments was GL_COLOR_EXT
06-28 14:49:19.989 25874 25887 E WPROF   : {"Javascript": {"url": "http://platform.twitter.com/widgets.js", "requestTime": 22437.044965}}
06-28 14:49:19.991 25874 25887 E WPROF   : {"Javascript": {"url": "http://connect.facebook.net/en_US/sdk.js", "requestTime": 22437.046963}}
06-28 14:49:19.993 25874 25887 E WPROF   : {"Javascript": {"url": "https://apis.google.com/js/platform.js", "requestTime": 22437.048490}}
06-28 14:49:20.021 25874 25887 E WPROF   : {"Javascript": {"url": "http://rules.quantcount.com/rules-p-5aGizvD82d9hk.js", "requestTime": 22437.076290}}
06-28 14:49:20.024 25874 25887 E WPROF   : {"Javascript": {"url": "http://munchkin.marketo.net/munchkin.js", "requestTime": 22437.079834}}
06-28 14:49:20.119 25874 25887 E WPROF   : {"CSS": {"url": "https://www.youtube.com/yts/cssbin/www-embed-player-sprite-mode-vfl5G4Xm8.css", "requestTime": 22437.174444}}
06-28 14:49:20.120 25874 25887 E WPROF   : {"Javascript": {"url": "https://www.youtube.com/yts/jsbin/www-embed-player-vfl_UY_j8/www-embed-player.js", "requestTime": 22437.175605}}
06-28 14:49:20.120 25874 25887 E WPROF   : {"Javascript": {"url": "https://www.youtube.com/yts/jsbin/player-vflo1w4O-/ko_KR/base.js", "requestTime": 22437.176003}}
06-28 14:49:20.198 25802 25853 E chromium: [ERROR:gles2_cmd_decoder.cc(3852)] [.ChromiumCompositor-0xacbb2fc0]GL ERROR :GL_INVALID_ENUM : glDiscardFramebufferEXT: attachments was GL_COLOR_EXT
06-28 14:49:20.216 25874 25887 E WPROF   : {"Javascript": {"url": "http://d2j3qa5nc37287.cloudfront.net/coupon_code1.js", "requestTime": 22437.272069}}
06-28 14:49:20.219 25874 25887 E WPROF   : {"Javascript": {"url": "http://www.googleadservices.com/pagead/conversion.js", "requestTime": 22437.274689}}
06-28 14:49:20.220 25874 25887 E WPROF   : {"Javascript": {"url": "http://searchengineland.com/figz/wp-content/themes/searchengineland/js/script.js?ver=1.0", "requestTime": 22437.275693}}
06-28 14:49:20.221 25874 25887 E WPROF   : {"Javascript": {"url": "http://searchengineland.com/figz/wp-includes/js/wp-embed.min.js?ver=4.7.5", "requestTime": 22437.276447}}
06-28 14:49:20.221 25874 25887 E WPROF   : {"Javascript": {"url": "http://searchengineland.com/figz/wp-content/themes/searchengineland/js/modules/sharing_controls.js", "requestTime": 22437.277041}}
06-28 14:49:20.666 25874 25887 E WPROF   : {"Javascript": {"url": "http://dnn506yrbagrg.cloudfront.net/pages/scripts/0026/4062.js?416285", "requestTime": 22437.721607}}
06-28 14:49:21.144 25802 25853 E chromium: [ERROR:gles2_cmd_decoder.cc(3852)] [.ChromiumCompositor-0xacbb2fc0]GL ERROR :GL_INVALID_ENUM : glDiscardFramebufferEXT: attachments was GL_COLOR_EXT
06-28 14:49:22.139 25874 25887 E WPROF   : {"Javascript": {"url": "https://www.google.com/js/bg/KWBfAnWFESAEEaKKgdYlTHY9ysQaNoQuzeMFqvxDSM8.js", "requestTime": 22439.194585}}
06-28 14:49:22.142 25874 25887 E WPROF   : {"Javascript": {"url": "https://static.doubleclick.net/instream/ad_status.js", "requestTime": 22439.197656}}
06-28 14:49:22.817 25874 25887 E WPROF   : {"Javascript": {"url": "http://m.addthisedge.com/live/boost/ra-53e918f660794f37/_ate.track.config_resp", "requestTime": 22439.873100}}
06-28 14:49:22.864 25874 25887 E WPROF   : {"Javascript": {"url": "http://m.addthis.com/live/red_lojson/300lo.json?si=5953435f92b876b2&bkl=0&bl=1&pdt=2190&sid=5953435f92b876b2&pub=ra-53e918f660794f37&rev=v7.15.4-wp&ln=ko&pc=men&cb=0&ab=-&dp=searchengineland.com&fp=take-deep-dive-search-social-attend-workshop-smx-advanced-273835&fr=&of=0&pd=0&irt=0&vcl=0&md=0&ct=1&t", "requestTime": 22439.919970}}
06-28 14:49:22.998 25802 25853 E chromium: [ERROR:gles2_cmd_decoder.cc(3852)] [.ChromiumCompositor-0xacbb2fc0]GL ERROR :GL_INVALID_ENUM : glDiscardFramebufferEXT: attachments was GL_COLOR_EXT
06-28 14:49:23.027 25874 25887 E WPROF   : {"Javascript": {"url": "https://tpc.googlesyndication.com/pagead/js/r20170619/r20110914/client/ext/m_window_focus_non_hydra.js", "requestTime": 22440.082855}}
06-28 14:49:23.029 25874 25887 E WPROF   : {"Javascript": {"url": "https://tpc.googlesyndication.com/pagead/js/r20170619/r20110914/activeview/osd_listener.js", "requestTime": 22440.084557}}
06-28 14:49:23.033 25874 25887 E WPROF   : {"Javascript": {"url": "http://pagead2.googlesyndication.com/pagead/osd.js", "requestTime": 22440.089069}}
06-28 14:49:23.310 25874 25887 E WPROF   : {"Javascript": {"url": "https://platform.twitter.com/js/button.b731e6c82269f70f6fc53634e044a4c6.js", "requestTime": 22440.365945}}
06-28 14:49:23.318 25874 25887 E WPROF   : {"Javascript": {"url": "http://munchkin.marketo.net/151/munchkin.js", "requestTime": 22440.373237}}
06-28 14:49:23.325 25874 25887 E WPROF   : {"Javascript": {"url": "http://www.justuno.com/ajax/account_version_check.html?id=828FA275-FF73-401E-AA39-40F5A6FAB6B1", "requestTime": 22440.380428}}
06-28 14:49:23.777 25802 25853 E chromium: [ERROR:gles2_cmd_decoder.cc(3852)] [.ChromiumCompositor-0xacbb2fc0]GL ERROR :GL_INVALID_ENUM : glDiscardFramebufferEXT: attachments was GL_COLOR_EXT
06-28 14:49:24.364 25802 25853 E chromium: [ERROR:gles2_cmd_decoder.cc(3852)] [.ChromiumCompositor-0xacbb2fc0]GL ERROR :GL_INVALID_ENUM : glDiscardFramebufferEXT: attachments was GL_COLOR_EXT
06-28 14:49:24.745 25802 25853 E chromium: [ERROR:gles2_cmd_decoder.cc(3852)] [.ChromiumCompositor-0xacbb2fc0]GL ERROR :GL_INVALID_ENUM : glDiscardFramebufferEXT: attachments was GL_COLOR_EXT
06-28 14:49:25.063 25802 25853 E chromium: [ERROR:gles2_cmd_decoder.cc(3852)] [.ChromiumCompositor-0xacbb2fc0]GL ERROR :GL_INVALID_ENUM : glDiscardFramebufferEXT: attachments was GL_COLOR_EXT
06-28 14:49:25.165 25802 25853 E chromium: [ERROR:gles2_cmd_decoder.cc(3852)] [.ChromiumCompositor-0xacbb2fc0]GL ERROR :GL_INVALID_ENUM : glDiscardFramebufferEXT: attachments was GL_COLOR_EXT
06-28 14:49:25.382 25802 25853 E chromium: [ERROR:gles2_cmd_decoder.cc(3852)] [.ChromiumCompositor-0xacbb2fc0]GL ERROR :GL_INVALID_ENUM : glDiscardFramebufferEXT: attachments was GL_COLOR_EXT
06-28 14:49:25.517 25802 25853 E chromium: [ERROR:gles2_cmd_decoder.cc(3852)] [.ChromiumCompositor-0xacbb2fc0]GL ERROR :GL_INVALID_ENUM : glDiscardFramebufferEXT: attachments was GL_COLOR_EXT
06-28 14:49:25.525 25874 25887 E WPROF   : {"Javascript": {"url": "http://s7.addthis.com/static/layers.4acb6c577b51939661ec.js", "requestTime": 22442.580830}}
06-28 14:49:25.707 25874 25887 E WPROF   : {"Javascript": {"url": "http://cdn.justuno.com/mwgt_3.6.js", "requestTime": 22442.762819}}
06-28 14:49:25.838 25802 25853 E chromium: [ERROR:gles2_cmd_decoder.cc(3852)] [.ChromiumCompositor-0xacbb2fc0]GL ERROR :GL_INVALID_ENUM : glDiscardFramebufferEXT: attachments was GL_COLOR_EXT
06-28 14:49:25.938 25802 25853 E chromium: [ERROR:gles2_cmd_decoder.cc(3852)] [.ChromiumCompositor-0xacbb2fc0]GL ERROR :GL_INVALID_ENUM : glDiscardFramebufferEXT: attachments was GL_COLOR_EXT
06-28 14:49:25.970 25802 25853 E chromium: [ERROR:gles2_cmd_decoder.cc(3852)] [.ChromiumCompositor-0xacbb2fc0]GL ERROR :GL_INVALID_ENUM : glDiscardFramebufferEXT: attachments was GL_COLOR_EXT
06-28 14:49:27.883 25802 25853 E chromium: [ERROR:gles2_cmd_decoder.cc(3852)] [.ChromiumCompositor-0xacbb2fc0]GL ERROR :GL_INVALID_ENUM : glDiscardFramebufferEXT: attachments was GL_COLOR_EXT
06-28 14:49:28.431 25874 25887 E WPROF   : {"Javascript": {"url": "https://cdn.syndication.twimg.com/widgets/followbutton/info.json?callback=__twttr.setFollowersCountAndFollowing&lang=en&screen_names=sengineland", "requestTime": 22445.486807}}
06-28 14:49:28.507 25874 25887 E WPROF   : {"Javascript": {"url": "https://app-sj02.marketo.com/js/forms2/js/forms2.min.js", "requestTime": 22445.562950}}
06-28 14:49:29.057 25802 25853 E chromium: [ERROR:gles2_cmd_decoder.cc(3852)] [.ChromiumCompositor-0xacbb2fc0]GL ERROR :GL_INVALID_ENUM : glDiscardFramebufferEXT: attachments was GL_COLOR_EXT
06-28 14:49:29.127 25802 25853 E chromium: [ERROR:gles2_cmd_decoder.cc(3852)] [.ChromiumCompositor-0xacbb2fc0]GL ERROR :GL_INVALID_ENUM : glDiscardFramebufferEXT: attachments was GL_COLOR_EXT
06-28 14:49:29.331 25874 25887 E WProf.db: {"page": "searchengineland.com_take-deep-dive-search-social-attend-workshop-smx-advanced-273835"}
06-28 14:49:29.331 25874 25887 E WProf.db: {"DOMLoad": 22446.386844}
06-28 14:49:29.331 25874 25887 E WProf.db: {"Resource": {"id": 1, "url": "http://searchengineland.com/take-deep-dive-search-social-attend-workshop-smx-advanced-273835", "sentTime": -1.000000, "len": 95719, "from": "0x0", "mimeType": "text/html", "contentLength": -1, "httpStatus": 200, "connId": 19, "connReused": 0, "cached": 0,"requestTime": 22432.995250, "proxyStart": -1, "proxyEnd": -1, "dnsStart": 0, "dnsEnd": 0, "connectStart": 0, "connectEnd": 124, "sendStart": 124, "sendEnd": 125, "receiveHeadersEnd": 480, "sslStart": -1, "sslEnd": -1}}
06-28 14:49:29.331 25874 25887 E WProf.db: {"ReceivedChunk": {"receivedTime": 22433.493864, "len": 12649}}
06-28 14:49:29.331 25874 25887 E WProf.db: {"ReceivedChunk": {"receivedTime": 22433.578876, "len": 32768}}
06-28 14:49:29.332 25874 25887 E WProf.db: {"ReceivedChunk": {"receivedTime": 22433.579220, "len": 25929}}
06-28 14:49:29.332 25874 25887 E WProf.db: {"ReceivedChunk": {"receivedTime": 22433.638212, "len": 24373}}
06-28 14:49:29.332 25874 25887 E WProf.db: {"WprofHTMLTag": {"code": "0xaedd7630", "doc": "http://searchengineland.com/take-deep-dive-search-social-attend-workshop-smx-advanced-273835", "row": 6, "column": 42, "tagName": "html", "time": 22433.582421, "url": "", "pos": 1, "chunkLen": 1, "isStartTag": 1}}
06-28 14:49:29.332 25874 25887 E WProf.db: {"WprofHTMLTag": {"code": "0xaf047850", "doc": "http://searchengineland.com/take-deep-dive-search-social-attend-workshop-smx-advanced-273835", "row": 7, "column": 6, "tagName": "head", "time": 22433.583464, "url": "", "pos": 1, "chunkLen": 1, "isStartTag": 1}}
06-28 14:49:29.332 25874 25887 E WProf.db: {"WprofHTMLTag": {"code": "0xaf047880", "doc": "http://searchengineland.com/take-deep-dive-search-social-attend-workshop-smx-advanced-273835", "row": 8, "column": 54, "tagName": "meta", "time": 22433.583651, "url": "", "pos": 1, "chunkLen": 1, "isStartTag": 1}}
06-28 14:49:29.332 25874 25887 E WProf.db: {"WprofHTMLTag": {"code": "0xaf0478b0", "doc": "http://searchengineland.com/take-deep-dive-search-social-attend-workshop-smx-advanced-273835", "row": 9, "column": 68, "tagName": "meta", "time": 22433.584282, "url": "", "pos": 1, "chunkLen": 1, "isStartTag": 1}}
06-28 14:49:29.332 25874 25887 E WProf.db: {"WprofHTMLTag": {"code": "0xaf0478e0", "doc": "http://searchengineland.com/take-deep-dive-search-social-attend-workshop-smx-advanced-273835", "row": 10, "column": 23, "tagName": "meta", "time": 22433.584808, "url": "", "pos": 1, "chunkLen": 1, "isStartTag": 1}}
06-28 14:49:29.332 25874 25887 E WProf.db: {"WprofHTMLTag": {"code": "0xaf047910", "doc": "http://searchengineland.com/take-deep-dive-search-social-attend-workshop-smx-advanced-273835", "row": 11, "column": 52, "tagName": "meta", "time": 22433.585464, "url": "", "pos": 1, "chunkLen": 1, "isStartTag": 1}}
06-28 14:49:29.332 25874 25887 E WProf.db: {"WprofHTMLTag": {"code": "0xaf047940", "doc": "http://searchengineland.com/take-deep-dive-search-social-attend-workshop-smx-advanced-273835", "row": 14, "column": 56, "tagName": "meta", "time": 22433.586195, "url": "", "pos": 1, "chunkLen": 1, "isStartTag": 1}}
06-28 14:49:29.332 25874 25887 E WProf.db: {"WprofHTMLTag": {"code": "0xaf047970", "doc": "http://searchengineland.com/take-deep-dive-search-social-attend-workshop-smx-advanced-273835", "row": 15, "column": 83, "tagName": "meta", "time": 22433.586771, "url": "", "pos": 1, "chunkLen": 1, "isStartTag": 1}}
06-28 14:49:29.333 25874 25887 E WProf.db: {"WprofHTMLTag": {"code": "0xaf0479a0", "doc": "http://searchengineland.com/take-deep-dive-search-social-attend-workshop-smx-advanced-273835", "row": 16, "column": 57, "tagName": "meta", "time": 22433.587339, "url": "", "pos": 1, "chunkLen": 1, "isStartTag": 1}}
06-28 14:49:29.333 25874 25887 E WProf.db: {"WprofHTMLTag": {"code": "0xaf047a30", "doc": "http://searchengineland.com/take-deep-dive-search-social-attend-workshop-smx-advanced-273835", "row": 17, "column": 41, "tagName": "meta", "time": 22433.587900, "url": "", "pos": 1, "chunkLen": 1, "isStartTag": 1}}
06-28 14:49:29.333 25874 25887 E WProf.db: {"WprofHTMLTag": {"code": "0xaf047a60", "doc": "http://searchengineland.com/take-deep-dive-search-social-attend-workshop-smx-advanced-273835", "row": 18, "column": 50, "tagName": "meta", "time": 22433.588430, "url": "", "pos": 1, "chunkLen": 1, "isStartTag": 1}}
06-28 14:49:29.333 25874 25887 E WProf.db: {"WprofHTMLTag": {"code": "0xaf047a90", "doc": "http://searchengineland.com/take-deep-dive-search-social-attend-workshop-smx-advanced-273835", "row": 19, "column": 174, "tagName": "meta", "time": 22433.588956, "url": "", "pos": 1, "chunkLen": 1, "isStartTag": 1}}
06-28 14:49:29.333 25874 25887 E WProf.db: {"WprofHTMLTag": {"code": "0xaf047a00", "doc": "http://searchengineland.com/take-deep-dive-search-social-attend-workshop-smx-advanced-273835", "row": 20, "column": 47, "tagName": "meta", "time": 22433.589479, "url": "", "pos": 1, "chunkLen": 1, "isStartTag": 1}}
06-28 14:49:29.333 25874 25887 E WProf.db: {"WprofHTMLTag": {"code": "0xaf0479d0", "doc": "http://searchengineland.com/take-deep-dive-search-social-attend-workshop-smx-advanced-273835", "row": 21, "column": 67, "tagName": "meta", "time": 22433.590113, "url": "", "pos": 1, "chunkLen": 1, "isStartTag": 1}}
06-28 14:49:29.333 25874 25887 E WProf.db: {"WprofHTMLTag": {"code": "0xaf047ac0", "doc": "http://searchengineland.com/take-deep-dive-search-social-attend-workshop-smx-advanced-273835", "row": 22, "column": 57, "tagName": "meta", "time": 22433.591843, "url": "", "pos": 1, "chunkLen": 1, "isStartTag": 1}}
06-28 14:49:29.333 25874 25887 E WProf.db: {"WprofHTMLTag": {"code": "0xaf047af0", "doc": "http://searchengineland.com/take-deep-dive-search-social-attend-workshop-smx-advanced-273835", "row": 23, "column": 65, "tagName": "meta", "time": 22433.591981, "url": "", "pos": 1, "chunkLen": 1, "isStartTag": 1}}
06-28 14:49:29.333 25874 25887 E WProf.db: {"WprofHTMLTag": {"code": "0xaf047b20", "doc": "http://searchengineland.com/take-deep-dive-search-social-attend-workshop-smx-advanced-273835", "row": 24, "column": 55, "tagName": "meta", "time": 22433.592100, "url": "", "pos": 1, "chunkLen": 1, "isStartTag": 1}}
06-28 14:49:29.333 25874 25887 E WProf.db: {"WprofHTMLTag": {"code": "0xaf047b50", "doc": "http://searchengineland.com/take-deep-dive-search-social-attend-workshop-smx-advanced-273835", "row": 25, "column": 71, "tagName": "meta", "time": 22433.592261, "url": "", "pos": 1, "chunkLen": 1, "isStartTag": 1}}
06-28 14:49:29.334 25874 25887 E WProf.db: {"WprofHTMLTag": {"code": "0xaf047b80", "doc": "http://searchengineland.com/take-deep-dive-search-social-attend-workshop-smx-advanced-273835", "row": 26, "column": 86, "tagName": "meta", "time": 22433.592378, "url": "", "pos": 1, "chunkLen": 1, "isStartTag": 1}}
06-28 14:49:29.334 25874 25887 E WProf.db: {"WprofHTMLTag": {"code": "0xaf047bb0", "doc": "http://searchengineland.com/take-deep-dive-search-social-attend-workshop-smx-advanced-273835", "row": 27, "column": 54, "tagName": "meta", "time": 22433.592502, "url": "", "pos": 1, "chunkLen": 1, "isStartTag": 1}}
06-28 14:49:29.334 25874 25887 E WProf.db: {"WprofHTMLTag": {"code": "0xaf047be0", "doc": "http://searchengineland.com/take-deep-dive-search-social-attend-workshop-smx-advanced-273835", "row": 29, "column": 39, "tagName": "meta", "time": 22433.592613, "url": "", "pos": 1, "chunkLen": 1, "isStartTag": 1}}
06-28 14:49:29.334 25874 25887 E WProf.db: {"WprofHTMLTag": {"code": "0xaf047c10", "doc": "http://searchengineland.com/take-deep-dive-search-social-attend-workshop-smx-advanced-273835", "row": 30, "column": 178, "tagName": "meta", "time": 22433.592724, "url": "", "pos": 1, "chunkLen": 1, "isStartTag": 1}}
06-28 14:49:29.334 25874 25887 E WProf.db: {"WprofHTMLTag": {"code": "0xaf047c40", "doc": "http://searchengineland.com/take-deep-dive-search-social-attend-workshop-smx-advanced-273835", "row": 31, "column": 55, "tagName": "meta", "time": 22433.592838, "url": "", "pos": 1, "chunkLen": 1, "isStartTag": 1}}
06-28 14:49:29.334 25874 25887 E WProf.db: {"WprofHTMLTag": {"code": "0xaf047c70", "doc": "http://searchengineland.com/take-deep-dive-search-social-attend-workshop-smx-advanced-273835", "row": 32, "column": 54, "tagName": "meta", "time": 22433.592944, "url": "", "pos": 1, "chunkLen": 1, "isStartTag": 1}}
06-28 14:49:29.334 25874 25887 E WProf.db: {"WprofHTMLTag": {"code": "0xaf047ca0", "doc": "http://searchengineland.com/take-deep-dive-search-social-attend-workshop-smx-advanced-273835", "row": 33, "column": 136, "tagName": "meta", "time": 22433.593062, "url": "", "pos": 1, "chunkLen": 1, "isStartTag": 1}}
06-28 14:49:29.334 25874 25887 E WProf.db: {"WprofHTMLTag": {"code": "0xaf047cd0", "doc": "http://searchengineland.com/take-deep-dive-search-social-attend-workshop-smx-advanced-273835", "row": 37, "column": 36, "tagName": "script", "time": 22433.593174, "url": "", "pos": 1, "chunkLen": 1, "isStartTag": 1}}
06-28 14:49:29.334 25874 25887 E WProf.db: {"WprofHTMLTag": {"code": "0xaf047d00", "doc": "http://searchengineland.com/take-deep-dive-search-social-attend-workshop-smx-advanced-273835", "row": 53, "column": 10, "tagName": "script", "time": 22433.593440, "url": "", "pos": 1, "chunkLen": 1, "isStartTag": 0}}
06-28 14:49:29.335 25874 25887 E WProf.db: {"WprofHTMLTag": {"code": "0xaedd7660", "doc": "http://searchengineland.com/take-deep-dive-search-social-attend-workshop-smx-advanced-273835", "row": 55, "column": 86, "tagName": "link", "time": 22433.594101, "url": "http://searchengineland.com/apple-touch-icon.png", "pos": 1, "chunkLen": 1, "isStartTag": 1}}
06-28 14:49:29.335 25874 25887 E WProf.db: {"WprofHTMLTag": {"code": "0xaf047d30", "doc": "http://searchengineland.com/take-deep-dive-search-social-attend-workshop-smx-advanced-273835", "row": 56, "column": 76, "tagName": "link", "time": 22433.594411, "url": "http://searchengineland.com/favicon.ico", "pos": 1, "chunkLen": 1, "isStartTag": 1}}
06-28 14:49:29.335 25874 25887 E WProf.db: {"WprofHTMLTag": {"code": "0xaf047d60", "doc": "http://searchengineland.com/take-deep-dive-search-social-attend-workshop-smx-advanced-273835", "row": 57, "column": 158, "tagName": "link", "time": 22433.594613, "url": "http://feeds.searchengineland.com/searchengineland", "pos": 1, "chunkLen": 1, "isStartTag": 1}}
06-28 14:49:29.335 25874 25887 E WProf.db: {"WprofHTMLTag": {"code": "0xaf047d90", "doc": "http://searchengineland.com/take-deep-dive-search-social-attend-workshop-smx-advanced-273835", "row": 58, "column": 149, "tagName": "link", "time": 22433.594893, "url": "http://feeds.searchengineland.com/searchcap", "pos": 1, "chunkLen": 1, "isStartTag": 1}}
06-28 14:49:29.335 25874 25887 E WProf.db: {"WprofHTMLTag": {"code": "0xaf047dc0", "doc": "http://searchengineland.com/take-deep-dive-search-social-attend-workshop-smx-advanced-273835", "row": 59, "column": 150, "tagName": "link", "time": 22433.595189, "url": "http://searchengineland.com/figz/wp-content/themes/searchengineland/css/searchengineland-bootstrap.css", "pos": 1, "chunkLen": 1, "isStartTag": 1}}
06-28 14:49:29.335 25874 25887 E WProf.db: {"WprofHTMLTag": {"code": "0xaf047e20", "doc": "http://searchengineland.com/take-deep-dive-search-social-attend-workshop-smx-advanced-273835", "row": 60, "column": 105, "tagName": "link", "time": 22433.596426, "url": "http://fonts.googleapis.com/css?family=Oswald:300,400,700", "pos": 1, "chunkLen": 1, "isStartTag": 1}}
06-28 14:49:29.335 25874 25887 E WProf.db: {"WprofHTMLTag": {"code": "0xaf047e80", "doc": "http://searchengineland.com/take-deep-dive-search-social-attend-workshop-smx-advanced-273835", "row": 61, "column": 125, "tagName": "link", "time": 22433.601164, "url": "http://searchengineland.com/figz/wp-content/themes/searchengineland/style.css", "pos": 1, "chunkLen": 1, "isStartTag": 1}}
06-28 14:49:29.335 25874 25887 E WProf.db: {"WprofHTMLTag": {"code": "0xaf047ee0", "doc": "http://searchengineland.com/take-deep-dive-search-social-attend-workshop-smx-advanced-273835", "row": 65, "column": 7, "tagName": "title", "time": 22433.601686, "url": "", "pos": 1, "chunkLen": 1, "isStartTag": 1}}
06-28 14:49:29.335 25874 25887 E WProf.db: {"WprofHTMLTag": {"code": "0xaf047f10", "doc": "http://searchengineland.com/take-deep-dive-search-social-attend-workshop-smx-advanced-273835", "row": 65, "column": 88, "tagName": "title", "time": 22433.601779, "url": "", "pos": 1, "chunkLen": 1, "isStartTag": 0}}
06-28 14:49:29.336 25874 25887 E WProf.db: {"WprofHTMLTag": {"code": "0xaf047f40", "doc": "http://searchengineland.com/take-deep-dive-search-social-attend-workshop-smx-advanced-273835", "row": 66, "column": 192, "tagName": "meta", "time": 22433.601802, "url": "", "pos": 1, "chunkLen": 1, "isStartTag": 1}}
06-28 14:49:29.336 25874 25887 E WProf.db: {"WprofHTMLTag": {"code": "0xaf047f70", "doc": "http://searchengineland.com/take-deep-dive-search-social-attend-workshop-smx-advanced-273835", "row": 67, "column": 40, "tagName": "meta", "time": 22433.601920, "url": "", "pos": 1, "chunkLen": 1, "isStartTag": 1}}
06-28 14:49:29.336 25874 25887 E WProf.db: {"WprofHTMLTag": {"code": "0xaf047fa0", "doc": "http://searchengineland.com/take-deep-dive-search-social-attend-workshop-smx-advanced-273835", "row": 68, "column": 134, "tagName": "meta", "time": 22433.602029, "url": "", "pos": 1, "chunkLen": 1, "isStartTag": 1}}
06-28 14:49:29.336 25874 25887 E WProf.db: {"WprofHTMLTag": {"code": "0xaf047fd0", "doc": "http://searchengineland.com/take-deep-dive-search-social-attend-workshop-smx-advanced-273835", "row": 69, "column": 37, "tagName": "meta", "time": 22433.602140, "url": "", "pos": 1, "chunkLen": 1, "isStartTag": 1}}
06-28 14:49:29.336 25874 25887 E WProf.db: {"WprofHTMLTag": {"code": "0xb4cc74b0", "doc": "http://searchengineland.com/take-deep-dive-search-social-attend-workshop-smx-advanced-273835", "row": 70, "column": 124, "tagName": "link", "time": 22433.602253, "url": "http://searchengineland.com/take-deep-dive-search-social-attend-workshop-smx-advanced-273835", "pos": 1, "chunkLen": 1, "isStartTag": 1}}
06-28 14:49:29.336 25874 25887 E WProf.db: {"WprofHTMLTag": {"code": "0xb4cc7540", "doc": "http://searchengineland.com/take-deep-dive-search-social-attend-workshop-smx-advanced-273835", "row": 71, "column": 76, "tagName": "link", "time": 22433.602446, "url": "https://plus.google.com/103218677032751327334", "pos": 1, "chunkLen": 1, "isStartTag": 1}}
06-28 14:49:29.336 25874 25887 E WProf.db: {"WprofHTMLTag": {"code": "0xb4cc78a0", "doc": "http://searchengineland.com/take-deep-dive-search-social-attend-workshop-smx-advanced-273835", "row": 72, "column": 45, "tagName": "meta", "time": 22433.602628, "url": "", "pos": 1, "chunkLen": 1, "isStartTag": 1}}
06-28 14:49:29.336 25874 25887 E WProf.db: {"WprofHTMLTag": {"code": "0xb4cc78d0", "doc": "http://searchengineland.com/take-deep-dive-search-social-attend-workshop-smx-advanced-273835", "row": 73, "column": 45, "tagName": "meta", "time": 22433.602746, "url": "", "pos": 1, "chunkLen": 1, "isStartTag": 1}}
06-28 14:49:29.336 25874 25887 E WProf.db: {"WprofHTMLTag": {"code": "0xb4cc7900", "doc": "http://searchengineland.com/take-deep-dive-search-social-attend-workshop-smx-advanced-273835", "row": 74, "column": 112, "tagName": "meta", "time": 22433.602856, "url": "", "pos": 1, "chunkLen": 1, "isStartTag": 1}}
06-28 14:49:29.337 25874 25887 E WProf.db: {"WprofHTMLTag": {"code": "0xb4cc7930", "doc": "http://searchengineland.com/take-deep-dive-search-social-attend-workshop-smx-advanced-273835", "row": 75, "column": 200, "tagName": "meta", "time": 22433.602964, "url": "", "pos": 1, "chunkLen": 1, "isStartTag": 1}}
06-28 14:49:29.337 25874 25887 E WProf.db: {"WprofHTMLTag": {"code": "0xb4cc7960", "doc": "http://searchengineland.com/take-deep-dive-search-social-attend-workshop-smx-advanced-273835", "row": 76, "column": 129, "tagName": "meta", "time": 22433.603073, "url": "", "pos": 1, "chunkLen": 1, "isStartTag": 1}}
06-28 14:49:29.337 25874 25887 E WProf.db: {"WprofHTMLTag": {"code": "0xb4cc7990", "doc": "http://searchengineland.com/take-deep-dive-search-social-attend-workshop-smx-advanced-273835", "row": 77, "column": 61, "tagName": "meta", "time": 22433.603179, "url": "", "pos": 1, "chunkLen": 1, "isStartTag": 1}}
06-28 14:49:29.337 25874 25887 E WProf.db: {"WprofHTMLTag": {"code": "0xb4cc79c0", "doc": "http://searchengineland.com/take-deep-dive-search-social-attend-workshop-smx-advanced-273835", "row": 78, "column": 89, "tagName": "meta", "time": 22433.603288, "url": "", "pos": 1, "chunkLen": 1, "isStartTag": 1}}
06-28 14:49:29.337 25874 25887 E WProf.db: {"WprofHTMLTag": {"code": "0xb4cc79f0", "doc": "http://searchengineland.com/take-deep-dive-search-social-attend-workshop-smx-advanced-273835", "row": 79, "column": 63, "tagName": "meta", "time": 22433.603404, "url": "", "pos": 1, "chunkLen": 1, "isStartTag": 1}}
06-28 14:49:29.337 25874 25887 E WProf.db: {"WprofHTMLTag": {"code": "0xb4cc7a20", "doc": "http://searchengineland.com/take-deep-dive-search-social-attend-workshop-smx-advanced-273835", "row": 80, "column": 78, "tagName": "meta", "time": 22433.603527, "url": "", "pos": 1, "chunkLen": 1, "isStartTag": 1}}
06-28 14:49:29.337 25874 25887 E WProf.db: {"WprofHTMLTag": {"code": "0xb4cc7a50", "doc": "http://searchengineland.com/take-deep-dive-search-social-attend-workshop-smx-advanced-273835", "row": 81, "column": 77, "tagName": "meta", "time": 22433.603644, "url": "", "pos": 1, "chunkLen": 1, "isStartTag": 1}}
06-28 14:49:29.337 25874 25887 E WProf.db: {"WprofHTMLTag": {"code": "0xb4cc7a80", "doc": "http://searchengineland.com/take-deep-dive-search-social-attend-workshop-smx-advanced-273835", "row": 82, "column": 71, "tagName": "meta", "time": 22433.603757, "url": "", "pos": 1, "chunkLen": 1, "isStartTag": 1}}
06-28 14:49:29.337 25874 25887 E WProf.db: {"WprofHTMLTag": {"code": "0xb4cc7ab0", "doc": "http://searchengineland.com/take-deep-dive-search-social-attend-workshop-smx-advanced-273835", "row": 83, "column": 130, "tagName": "meta", "time": 22433.603869, "url": "", "pos": 1, "chunkLen": 1, "isStartTag": 1}}
06-28 14:49:29.337 25874 25887 E WProf.db: {"WprofHTMLTag": {"code": "0xb4cc7ae0", "doc": "http://searchengineland.com/take-deep-dive-search-social-attend-workshop-smx-advanced-273835", "row": 84, "column": 58, "tagName": "meta", "time": 22433.603993, "url": "", "pos": 1, "chunkLen": 1, "isStartTag": 1}}
06-28 14:49:29.338 25874 25887 E WProf.db: {"WprofHTMLTag": {"code": "0xb4cc7b10", "doc": "http://searchengineland.com/take-deep-dive-search-social-attend-workshop-smx-advanced-273835", "row": 85, "column": 201, "tagName": "meta", "time": 22433.604106, "url": "", "pos": 1, "chunkLen": 1, "isStartTag": 1}}
06-28 14:49:29.338 25874 25887 E WProf.db: {"WprofHTMLTag": {"code": "0xb4cc7b40", "doc": "http://searchengineland.com/take-deep-dive-search-social-attend-workshop-smx-advanced-273835", "row": 86, "column": 113, "tagName": "meta", "time": 22433.604219, "url": "", "pos": 1, "chunkLen": 1, "isStartTag": 1}}
06-28 14:49:29.338 25874 25887 E WProf.db: {"WprofHTMLTag": {"code": "0xb4cc7b70", "doc": "http://searchengineland.com/take-deep-dive-search-social-attend-workshop-smx-advanced-273835", "row": 87, "column": 51, "tagName": "meta", "time": 22433.604330, "url": "", "pos": 1, "chunkLen": 1, "isStartTag": 1}}
06-28 14:49:29.338 25874 25887 E WProf.db: {"WprofHTMLTag": {"code": "0xb4cc7ba0", "doc": "http://searchengineland.com/take-deep-dive-search-social-attend-workshop-smx-advanced-273835", "row": 88, "column": 131, "tagName": "meta", "time": 22433.604439, "url": "", "pos": 1, "chunkLen": 1, "isStartTag": 1}}
06-28 14:49:29.338 25874 25887 E WProf.db: {"WprofHTMLTag": {"code": "0xb4cc7bd0", "doc": "http://searchengineland.com/take-deep-dive-search-social-attend-workshop-smx-advanced-273835", "row": 89, "column": 54, "tagName": "meta", "time": 22433.604550, "url": "", "pos": 1, "chunkLen": 1, "isStartTag": 1}}
06-28 14:49:29.338 25874 25887 E WProf.db: {"WprofHTMLTag": {"code": "0xb4cc7c00", "doc": "http://searchengineland.com/take-deep-dive-search-social-attend-workshop-smx-advanced-273835", "row": 92, "column": 44, "tagName": "link", "time": 22433.604931, "url": "http://s.w.org/", "pos": 1, "chunkLen": 1, "isStartTag": 1}}
06-28 14:49:29.338 25874 25887 E WProf.db: {"WprofHTMLTag": {"code": "0xb4cc7c30", "doc": "http://searchengineland.com/take-deep-dive-search-social-attend-workshop-smx-advanced-273835", "row": 93, "column": 33, "tagName": "script", "time": 22433.605305, "url": "", "pos": 1, "chunkLen": 1, "isStartTag": 1}}
06-28 14:49:29.338 25874 25887 E WProf.db: {"WprofHTMLTag": {"code": "0xb4cc7c60", "doc": "http://searchengineland.com/take-deep-dive-search-social-attend-workshop-smx-advanced-273835", "row": 96, "column": 11, "tagName": "script", "time": 22433.611270, "url": "http://searchengineland.com/figz/wp-includes/js/wp-emoji-release.min.js?ver=4.7.5", "pos": 1, "chunkLen": 1, "isStartTag": 0}}
06-28 14:49:29.338 25874 25887 E WProf.db: {"WprofHTMLTag": {"code": "0x9eaa2960", "doc": "http://searchengineland.com/take-deep-dive-search-social-attend-workshop-smx-advanced-273835", "row": 97, "column": 25, "tagName": "style", "time": 22434.139804, "url": "", "pos": 1, "chunkLen": 1, "isStartTag": 1}}
06-28 14:49:29.339 25874 25887 E WProf.db: {"WprofHTMLTag": {"code": "0x9eaa2990", "doc": "http://searchengineland.com/take-deep-dive-search-social-attend-workshop-smx-advanced-273835", "row": 110, "column": 8, "tagName": "style", "time": 22434.139993, "url": "", "pos": 1, "chunkLen": 1, "isStartTag": 0}}
06-28 14:49:29.339 25874 25887 E WProf.db: {"WprofHTMLTag": {"code": "0x9eaa29c0", "doc": "http://searchengineland.com/take-deep-dive-search-social-attend-workshop-smx-advanced-273835", "row": 111, "column": 140, "tagName": "script", "time": 22434.142635, "url": "http://searchengineland.com/figz/wp-content/themes/searchengineland/js/lib/modernizr.custom.js?ver=1.0", "pos": 1, "chunkLen": 1, "isStartTag": 1}}
06-28 14:49:29.339 25874 25887 E WProf.db: {"WprofHTMLTag": {"code": "0x9eaa29f0", "doc": "http://searchengineland.com/take-deep-dive-search-social-attend-workshop-smx-advanced-273835", "row": 111, "column": 149, "tagName": "script", "time": 22434.142908, "url": "", "pos": 1, "chunkLen": 1, "isStartTag": 0}}
06-28 14:49:29.339 25874 25887 E WProf.db: {"WprofHTMLTag": {"code": "0x9eaa2a80", "doc": "http://searchengineland.com/take-deep-dive-search-social-attend-workshop-smx-advanced-273835", "row": 112, "column": 144, "tagName": "script", "time": 22434.149959, "url": "http://searchengineland.com/figz/wp-content/themes/searchengineland/js/lib/jquery-1.11.0.min.js?ver=1.11.0", "pos": 1, "chunkLen": 1, "isStartTag": 1}}
06-28 14:49:29.339 25874 25887 E WProf.db: {"WprofHTMLTag": {"code": "0x9eaa2ab0", "doc": "http://searchengineland.com/take-deep-dive-search-social-attend-workshop-smx-advanced-273835", "row": 112, "column": 153, "tagName": "script", "time": 22434.150236, "url": "", "pos": 1, "chunkLen": 1, "isStartTag": 0}}
06-28 14:49:29.339 25874 25887 E WProf.db: {"WprofHTMLTag": {"code": "0xaedd7e70", "doc": "http://searchengineland.com/take-deep-dive-search-social-attend-workshop-smx-advanced-273835", "row": 0, "column": 15, "tagName": "div", "time": 22434.214823, "url": "", "pos": 15, "chunkLen": 44, "isStartTag": 1}}
06-28 14:49:29.339 25874 25887 E WProf.db: {"WprofHTMLTag": {"code": "0xaedd7e40", "doc": "http://searchengineland.com/take-deep-dive-search-social-attend-workshop-smx-advanced-273835", "row": 0, "column": 21, "tagName": "div", "time": 22434.214959, "url": "", "pos": 21, "chunkLen": 44, "isStartTag": 0}}
06-28 14:49:29.339 25874 25887 E WProf.db: {"WprofHTMLTag": {"code": "0xaedd7cc0", "doc": "http://searchengineland.com/take-deep-dive-search-social-attend-workshop-smx-advanced-273835", "row": 0, "column": 38, "tagName": "div", "time": 22434.215021, "url": "", "pos": 38, "chunkLen": 44, "isStartTag": 1}}
06-28 14:49:29.340 25874 25887 E WProf.db: {"WprofHTMLTag": {"code": "0xaedd7e10", "doc": "http://searchengineland.com/take-deep-dive-search-social-attend-workshop-smx-advanced-273835", "row": 0, "column": 44, "tagName": "div", "time": 22434.215133, "url": "", "pos": 44, "chunkLen": 44, "isStartTag": 0}}
06-28 14:49:29.340 25874 25887 E WProf.db: {"WprofHTMLTag": {"code": "0xaedd7de0", "doc": "http://searchengineland.com/take-deep-dive-search-social-attend-workshop-smx-advanced-273835", "row": 0, "column": 13, "tagName": "select", "time": 22434.216521, "url": "", "pos": 13, "chunkLen": 51, "isStartTag": 1}}
06-28 14:49:29.340 25874 25887 E WProf.db: {"WprofHTMLTag": {"code": "0xaedd7db0", "doc": "http://searchengineland.com/take-deep-dive-search-social-attend-workshop-smx-advanced-273835", "row": 0, "column": 33, "tagName": "option", "time": 22434.217093, "url": "", "pos": 33, "chunkLen": 51, "isStartTag": 1}}
06-28 14:49:29.340 25874 25887 E WProf.db: {"WprofHTMLTag": {"code": "0xaedd7d50", "doc": "http://searchengineland.com/take-deep-dive-search-social-attend-workshop-smx-advanced-273835", "row": 0, "column": 42, "tagName": "option", "time": 22434.217289, "url": "", "pos": 42, "chunkLen": 51, "isStartTag": 0}}
06-28 14:49:29.340 25874 25887 E WProf.db: {"WprofHTMLTag": {"code": "0x9eaa2b70", "doc": "http://searchengineland.com/take-deep-dive-search-social-attend-workshop-smx-advanced-273835", "row": 0, "column": 51, "tagName": "select", "time": 22434.217346, "url": "", "pos": 51, "chunkLen": 51, "isStartTag": 0}}
06-28 14:49:29.340 25874 25887 E WProf.db: {"WprofHTMLTag": {"code": "0x9eaa2ba0", "doc": "http://searchengineland.com/take-deep-dive-search-social-attend-workshop-smx-advanced-273835", "row": 0, "column": 12, "tagName": "a", "time": 22434.222153, "url": "", "pos": 12, "chunkLen": 16, "isStartTag": 1}}
06-28 14:49:29.340 25874 25887 E WProf.db: {"WprofHTMLTag": {"code": "0x9eaa2bd0", "doc": "http://searchengineland.com/take-deep-dive-search-social-attend-workshop-smx-advanced-273835", "row": 0, "column": 16, "tagName": "a", "time": 22434.222336, "url": "", "pos": 16, "chunkLen": 16, "isStartTag": 0}}
06-28 14:49:29.340 25874 25887 E WProf.db: {"WprofHTMLTag": {"code": "0x9eaa2c00", "doc": "http://searchengineland.com/take-deep-dive-search-social-attend-workshop-smx-advanced-273835", "row": 0, "column": 8, "tagName": "input", "time": 22434.223391, "url": "", "pos": 8, "chunkLen": 8, "isStartTag": 1}}
06-28 14:49:29.341 25874 25887 E WProf.db: {"WprofHTMLTag": {"code": "0x9eaa2c30", "doc": "http://searchengineland.com/take-deep-dive-search-social-attend-workshop-smx-advanced-273835", "row": 0, "column": 9, "tagName": "link", "time": 22434.232369, "url": "", "pos": 9, "chunkLen": 42, "isStartTag": 1}}
06-28 14:49:29.341 25874 25887 E WProf.db: {"WprofHTMLTag": {"code": "0x9eaa2c60", "doc": "http://searchengineland.com/take-deep-dive-search-social-attend-workshop-smx-advanced-273835", "row": 0, "column": 16, "tagName": "table", "time": 22434.232487, "url": "", "pos": 16, "chunkLen": 42, "isStartTag": 1}}
06-28 14:49:29.341 25874 25887 E WProf.db: {"WprofHTMLTag": {"code": "0x9eaa2c90", "doc": "http://searchengineland.com/take-deep-dive-search-social-attend-workshop-smx-advanced-273835", "row": 0, "column": 24, "tagName": "table", "time": 22434.232600, "url": "", "pos": 24, "chunkLen": 42, "isStartTag": 0}}
06-28 14:49:29.341 25874 25887 E WProf.db: {"WprofHTMLTag": {"code": "0x9eaa2cc0", "doc": "http://searchengineland.com/take-deep-dive-search-social-attend-workshop-smx-advanced-273835", "row": 0, "column": 37, "tagName": "a", "time": 22434.232666, "url": "", "pos": 37, "chunkLen": 42, "isStartTag": 1}}
06-28 14:49:29.341 25874 25887 E WProf.db: {"WprofHTMLTag": {"code": "0x9eaa2cf0", "doc": "http://searchengineland.com/take-deep-dive-search-social-attend-workshop-smx-advanced-273835", "row": 0, "column": 42, "tagName": "a", "time": 22434.232846, "url": "", "pos": 42, "chunkLen": 42, "isStartTag": 0}}
06-28 14:49:29.341 25874 25887 E WProf.db: {"WprofHTMLTag": {"code": "0x9eaa2d80", "doc": "http://searchengineland.com/take-deep-dive-search-social-attend-workshop-smx-advanced-273835", "row": 0, "column": 10, "tagName": "textarea", "time": 22434.234441, "url": "", "pos": 10, "chunkLen": 22, "isStartTag": 1}}
06-28 14:49:29.341 25874 25887 E WProf.db: {"WprofHTMLTag": {"code": "0x9eaa2db0", "doc": "http://searchengineland.com/take-deep-dive-search-social-attend-workshop-smx-advanced-273835", "row": 0, "column": 22, "tagName": "textarea", "time": 22434.234640, "url": "", "pos": 22, "chunkLen": 22, "isStartTag": 0}}
06-28 14:49:29.341 25874 25887 E WProf.db: {"WprofHTMLTag": {"code": "0x9eaa2de0", "doc": "http://searchengineland.com/take-deep-dive-search-social-attend-workshop-smx-advanced-273835", "row": 0, "column": 48, "tagName": "input", "time": 22434.235904, "url": "", "pos": 48, "chunkLen": 48, "isStartTag": 1}}
06-28 14:49:29.341 25874 25887 E WProf.db: {"WprofHTMLTag": {"code": "0x9eaa2e40", "doc": "http://searchengineland.com/take-deep-dive-search-social-attend-workshop-smx-advanced-273835", "row": 0, "column": 9, "tagName": "link", "time": 22434.240546, "url": "", "pos": 9, "chunkLen": 66, "isStartTag": 1}}
06-28 14:49:29.342 25874 25887 E WProf.db: {"WprofHTMLTag": {"code": "0x9eaa2e70", "doc": "http://searchengineland.com/take-deep-dive-search-social-attend-workshop-smx-advanced-273835", "row": 0, "column": 16, "tagName": "table", "time": 22434.240660, "url": "", "pos": 16, "chunkLen": 66, "isStartTag": 1}}
06-28 14:49:29.342 25874 25887 E WProf.db: {"WprofHTMLTag": {"code": "0x9eaa2ea0", "doc": "http://searchengineland.com/take-deep-dive-search-social-attend-workshop-smx-advanced-273835", "row": 0, "column": 24, "tagName": "table", "time": 22434.240734, "url": "", "pos": 24, "chunkLen": 66, "isStartTag": 0}}
06-28 14:49:29.342 25874 25887 E WProf.db: {"WprofHTMLTag": {"code": "0x9eaa2ed0", "doc": "http://searchengineland.com/take-deep-dive-search-social-attend-workshop-smx-advanced-273835", "row": 0, "column": 37, "tagName": "a", "time": 22434.240802, "url": "", "pos": 37, "chunkLen": 66, "isStartTag": 1}}
06-28 14:49:29.342 25874 25887 E WProf.db: {"WprofHTMLTag": {"code": "0x9eaa2f00", "doc": "http://searchengineland.com/take-deep-dive-search-social-attend-workshop-smx-advanced-273835", "row": 0, "column": 42, "tagName": "a", "time": 22434.240977, "url": "", "pos": 42, "chunkLen": 66, "isStartTag": 0}}
06-28 14:49:29.342 25874 25887 E WProf.db: {"WprofHTMLTag": {"code": "0x9eaa2f30", "doc": "http://searchengineland.com/take-deep-dive-search-social-attend-workshop-smx-advanced-273835", "row": 0, "column": 66, "tagName": "input", "time": 22434.241040, "url": "", "pos": 66, "chunkLen": 66, "isStartTag": 1}}
06-28 14:49:29.342 25874 25887 E WProf.db: {"WprofHTMLTag": {"code": "0x9eaa2fc0", "doc": "http://searchengineland.com/take-deep-dive-search-social-attend-workshop-smx-advanced-273835", "row": 0, "column": 9, "tagName": "link", "time": 22434.242857, "url": "", "pos": 9, "chunkLen": 66, "isStartTag": 1}}
06-28 14:49:29.342 25874 25887 E WProf.db: {"WprofHTMLTag": {"code": "0x9eaa2ff0", "doc": "http://searchengineland.com/take-deep-dive-search-social-attend-workshop-smx-advanced-273835", "row": 0, "column": 16, "tagName": "table", "time": 22434.242973, "url": "", "pos": 16, "chunkLen": 66, "isStartTag": 1}}
06-28 14:49:29.342 25874 25887 E WProf.db: {"WprofHTMLTag": {"code": "0x9eaa3020", "doc": "http://searchengineland.com/take-deep-dive-search-social-attend-workshop-smx-advanced-273835", "row": 0, "column": 24, "tagName": "table", "time": 22434.243051, "url": "", "pos": 24, "chunkLen": 66, "isStartTag": 0}}
06-28 14:49:29.342 25874 25887 E WProf.db: {"WprofHTMLTag": {"code": "0x9eaa3050", "doc": "http://searchengineland.com/take-deep-dive-search-social-attend-workshop-smx-advanced-273835", "row": 0, "column": 37, "tagName": "a", "time": 22434.243119, "url": "", "pos": 37, "chunkLen": 66, "isStartTag": 1}}
06-28 14:49:29.342 25874 25887 E WProf.db: {"WprofHTMLTag": {"code": "0x9eaa3080", "doc": "http://searchengineland.com/take-deep-dive-search-social-attend-workshop-smx-advanced-273835", "row": 0, "column": 42, "tagName": "a", "time": 22434.243283, "url": "", "pos": 42, "chunkLen": 66, "isStartTag": 0}}
06-28 14:49:29.343 25874 25887 E WProf.db: {"WprofHTMLTag": {"code": "0x9eaa30b0", "doc": "http://searchengineland.com/take-deep-dive-search-social-attend-workshop-smx-advanced-273835", "row": 0, "column": 66, "tagName": "input", "time": 22434.243342, "url": "", "pos": 66, "chunkLen": 66, "isStartTag": 1}}
06-28 14:49:29.343 25874 25887 E WProf.db: {"WprofHTMLTag": {"code": "0x9eaa3110", "doc": "http://searchengineland.com/take-deep-dive-search-social-attend-workshop-smx-advanced-273835", "row": 0, "column": 9, "tagName": "link", "time": 22434.247654, "url": "", "pos": 9, "chunkLen": 66, "isStartTag": 1}}
06-28 14:49:29.343 25874 25887 E WProf.db: {"WprofHTMLTag": {"code": "0x9eaa3140", "doc": "http://searchengineland.com/take-deep-dive-search-social-attend-workshop-smx-advanced-273835", "row": 0, "column": 16, "tagName": "table", "time": 22434.247772, "url": "", "pos": 16, "chunkLen": 66, "isStartTag": 1}}
06-28 14:49:29.343 25874 25887 E WProf.db: {"WprofHTMLTag": {"code": "0x9eaa3170", "doc": "http://searchengineland.com/take-deep-dive-search-social-attend-workshop-smx-advanced-273835", "row": 0, "column": 24, "tagName": "table", "time": 22434.247843, "url": "", "pos": 24, "chunkLen": 66, "isStartTag": 0}}
06-28 14:49:29.343 25874 25887 E WProf.db: {"WprofHTMLTag": {"code": "0x9eaa31a0", "doc": "http://searchengineland.com/take-deep-dive-search-social-attend-workshop-smx-advanced-273835", "row": 0, "column": 37, "tagName": "a", "time": 22434.247910, "url": "", "pos": 37, "chunkLen": 66, "isStartTag": 1}}
06-28 14:49:29.343 25874 25887 E WProf.db: {"WprofHTMLTag": {"code": "0x9eaa31d0", "doc": "http://searchengineland.com/take-deep-dive-search-social-attend-workshop-smx-advanced-273835", "row": 0, "column": 42, "tagName": "a", "time": 22434.248083, "url": "", "pos": 42, "chunkLen": 66, "isStartTag": 0}}
06-28 14:49:29.343 25874 25887 E WProf.db: {"WprofHTMLTag": {"code": "0x9eaa3200", "doc": "http://searchengineland.com/take-deep-dive-search-social-attend-workshop-smx-advanced-273835", "row": 0, "column": 66, "tagName": "input", "time": 22434.248147, "url": "", "pos": 66, "chunkLen": 66, "isStartTag": 1}}
