--------- beginning of system
--------- beginning of main
06-28 16:47:48.721  3449  3449 E Finsky  : [1] com.google.android.finsky.wear.bl.a(3): onConnectionFailed: ConnectionResult{statusCode=API_UNAVAILABLE, resolution=null, message=null}
06-28 16:47:49.623  6688  6688 E chromium: [ERROR:shell_integration_android.cc(12)] Not implemented reached in static ShellIntegration::DefaultWebClientSetPermission ShellIntegration::CanSetAsDefaultBrowser()
06-28 16:47:49.626  6688  6688 E chromium: [ERROR:browser_process_impl.cc(720)] Not implemented reached in virtual BackgroundModeManager* BrowserProcessImpl::background_mode_manager()
06-28 16:47:52.465  6688  6742 E chromium: [ERROR:gles2_cmd_decoder.cc(3852)] [.ChromiumCompositor-0xacbb2fc0]GL ERROR :GL_INVALID_ENUM : glDiscardFramebufferEXT: attachments was GL_COLOR_EXT
06-28 16:47:52.792  6762  6775 E WPROF   : {"CSS": {"url": "http://searchengineland.com/figz/wp-content/themes/searchengineland/css/searchengineland-bootstrap.css", "requestTime": 29549.847458}}
06-28 16:47:52.792  6762  6775 E WPROF   : {"CSS": {"url": "http://fonts.googleapis.com/css?family=Oswald:300,400,700", "requestTime": 29549.848128}}
06-28 16:47:52.794  6762  6775 E WPROF   : {"CSS": {"url": "http://searchengineland.com/figz/wp-content/themes/searchengineland/style.css", "requestTime": 29549.849323}}
06-28 16:47:52.799  6762  6775 E WPROF   : {"Javascript": {"url": "http://searchengineland.com/figz/wp-content/themes/searchengineland/js/lib/modernizr.custom.js?ver=1.0", "requestTime": 29549.854379}}
06-28 16:47:52.799  6762  6775 E WPROF   : {"Javascript": {"url": "http://searchengineland.com/figz/wp-content/themes/searchengineland/js/lib/jquery-1.11.0.min.js?ver=1.11.0", "requestTime": 29549.854861}}
06-28 16:47:52.800  6762  6775 E WPROF   : {"Javascript": {"url": "http://searchengineland.com/figz/wp-content/themes/searchengineland/js/lib/jquery-ui-1.10.3.custom.min.js?ver=1.10.3", "requestTime": 29549.855407}}
06-28 16:47:52.800  6762  6775 E WPROF   : {"Javascript": {"url": "http://searchengineland.com/figz/wp-content/themes/searchengineland/js/lib/jquery.ba-throttle-debounce.min.js?ver=1.1", "requestTime": 29549.855782}}
06-28 16:47:52.800  6762  6775 E WPROF   : {"Javascript": {"url": "http://searchengineland.com/figz/wp-content/themes/searchengineland/js/lib/jquery.countdown.min.js?ver=2.0.4", "requestTime": 29549.856171}}
06-28 16:47:52.801  6762  6775 E WPROF   : {"Javascript": {"url": "http://static.chartbeat.com/js/chartbeat_mab.js", "requestTime": 29549.856598}}
06-28 16:47:53.490  6762  6775 E WPROF   : {"Javascript": {"url": "http://searchengineland.com/figz/wp-includes/js/wp-emoji-release.min.js?ver=4.7.5", "requestTime": 29550.546197}}
06-28 16:47:54.209  6762  6775 E WPROF   : {"Javascript": {"url": "http://www.googletagservices.com/tag/js/gpt.js", "requestTime": 29551.264701}}
06-28 16:47:54.213  6762  6775 E WPROF   : {"Javascript": {"url": "https://www.google-analytics.com/analytics.js", "requestTime": 29551.268383}}
06-28 16:47:54.251  6762  6775 E WPROF   : {"Javascript": {"url": "http://edge.quantserve.com/quant.js", "requestTime": 29551.306275}}
06-28 16:47:54.253  6762  6775 E WPROF   : {"Javascript": {"url": "https://connect.facebook.net/en_US/fbevents.js", "requestTime": 29551.308253}}
06-28 16:47:54.265  6688  6742 E chromium: [ERROR:gles2_cmd_decoder.cc(3852)] [.ChromiumCompositor-0xacbb2fc0]GL ERROR :GL_INVALID_ENUM : glDiscardFramebufferEXT: attachments was GL_COLOR_EXT
06-28 16:47:54.305  6762  6775 E WPROF   : {"Javascript": {"url": "http://app-sj02.marketo.com/js/forms2/js/forms2.min.js", "requestTime": 29551.360695}}
06-28 16:47:54.406  6688  6742 E chromium: [ERROR:gles2_cmd_decoder.cc(3852)] [.ChromiumCompositor-0xacbb2fc0]GL ERROR :GL_INVALID_ENUM : glDiscardFramebufferEXT: attachments was GL_COLOR_EXT
06-28 16:47:54.433  6762  6775 E WPROF   : {"Javascript": {"url": "https://connect.facebook.net/signals/config/423979991297359?v=2.7.17", "requestTime": 29551.488409}}
06-28 16:47:54.588  6762  6775 E WPROF   : {"Javascript": {"url": "http://app-sj02.marketo.com/index.php/form/getForm?munchkinId=727-ZQE-044&form=5691&url=http%3A%2F%2Fsearchengineland.com%2Fthree-important-data-segmentations-google-paid-search-analysis-253761&callback=jQuery1102016526054893620312_1498636074516&_=1498636074517", "requestTime": 29551.643876}}
06-28 16:47:54.603  6762  6775 E WPROF   : {"Javascript": {"url": "http://app-sj02.marketo.com/index.php/form/getForm?munchkinId=727-ZQE-044&form=5685&url=http%3A%2F%2Fsearchengineland.com%2Fthree-important-data-segmentations-google-paid-search-analysis-253761&callback=jQuery1102016526054893620312_1498636074518&_=1498636074519", "requestTime": 29551.659129}}
06-28 16:47:54.789  6762  6775 E WPROF   : {"Javascript": {"url": "http://app-sj02.marketo.com/index.php/form/getForm?munchkinId=727-ZQE-044&form=5673&url=http%3A%2F%2Fsearchengineland.com%2Fthree-important-data-segmentations-google-paid-search-analysis-253761&callback=jQuery1102016526054893620312_1498636074520&_=1498636074521", "requestTime": 29551.845208}}
06-28 16:47:54.836  6688  6742 E chromium: [ERROR:gles2_cmd_decoder.cc(3852)] [.ChromiumCompositor-0xacbb2fc0]GL ERROR :GL_INVALID_ENUM : glDiscardFramebufferEXT: attachments was GL_COLOR_EXT
06-28 16:47:54.842  6762  6775 E WPROF   : {"Javascript": {"url": "http://searchengineland.com/js/ga_social_tracking.js", "requestTime": 29551.897797}}
06-28 16:47:54.843  6762  6775 E WPROF   : {"Javascript": {"url": "http://s7.addthis.com/js/300/addthis_widget.js#pubid=ra-53e918f660794f37", "requestTime": 29551.898756}}
06-28 16:47:54.928  6762  6775 E WPROF   : {"Javascript": {"url": "https://securepubads.g.doubleclick.net/gpt/pubads_impl_121.js", "requestTime": 29551.983303}}
06-28 16:47:55.315  6762  6775 E WPROF   : {"CSS": {"url": "http://app-sj02.marketo.com/js/forms2/css/forms2.css", "requestTime": 29552.370222}}
06-28 16:47:55.320  6762  6775 E WPROF   : {"CSS": {"url": "http://app-sj02.marketo.com/js/forms2/css/forms2-theme-simple.css", "requestTime": 29552.375912}}
06-28 16:47:55.366  6688  6742 E chromium: [ERROR:gles2_cmd_decoder.cc(3852)] [.ChromiumCompositor-0xacbb2fc0]GL ERROR :GL_INVALID_ENUM : glDiscardFramebufferEXT: attachments was GL_COLOR_EXT
06-28 16:47:55.414  6762  6775 E WPROF   : {"Javascript": {"url": "https://static.xx.fbcdn.net/rsrc.php/v3iy6L4/yF/l/ko_KR/w3AiswiqjrJ.js", "requestTime": 29552.469853}}
06-28 16:47:55.567  6762  6775 E WPROF   : {"Javascript": {"url": "http://cdn.api.twitter.com/1/users/show.json?screen_name=PronouncedAhndy&callback=twttr.setFollowersCount", "requestTime": 29552.622397}}
06-28 16:47:55.817  6688  6742 E chromium: [ERROR:gles2_cmd_decoder.cc(3852)] [.ChromiumCompositor-0xacbb2fc0]GL ERROR :GL_INVALID_ENUM : glDiscardFramebufferEXT: attachments was GL_COLOR_EXT
06-28 16:47:56.271  6762  6775 E WPROF   : {"Javascript": {"url": "http://platform.twitter.com/widgets.js", "requestTime": 29553.326661}}
06-28 16:47:56.278  6762  6775 E WPROF   : {"Javascript": {"url": "http://connect.facebook.net/en_US/sdk.js", "requestTime": 29553.333352}}
06-28 16:47:56.282  6762  6775 E WPROF   : {"Javascript": {"url": "https://apis.google.com/js/platform.js", "requestTime": 29553.337229}}
06-28 16:47:56.315  6762  6775 E WPROF   : {"Javascript": {"url": "http://rules.quantcount.com/rules-p-5aGizvD82d9hk.js", "requestTime": 29553.370953}}
06-28 16:47:56.405  6762  6775 E WPROF   : {"Javascript": {"url": "http://munchkin.marketo.net/munchkin.js", "requestTime": 29553.460989}}
06-28 16:47:56.828  6762  6775 E WPROF   : {"Javascript": {"url": "https://securepubads.g.doubleclick.net/gampad/ads?gdfp_req=1&correlator=3971610561216512&output=json_html&callback=googletag.impl.pubads.callbackProxy1&impl=fifs&json_a=1&eid=108809080%2C108809103%2C108809159&sc=0&sfv=1-0-9&iu_parts=1038259%2Csel-ciu-1%2Csel-ciu-2%2Csel-ciu-3%2Csel-ciu-4%2Csel-ciu-5", "requestTime": 29553.883339}}
06-28 16:47:56.878  6762  6775 E WPROF   : {"Javascript": {"url": "http://d2j3qa5nc37287.cloudfront.net/coupon_code1.js", "requestTime": 29553.933261}}
06-28 16:47:56.911  6762  6775 E WPROF   : {"Javascript": {"url": "http://www.googleadservices.com/pagead/conversion.js", "requestTime": 29553.966305}}
06-28 16:47:56.912  6762  6775 E WPROF   : {"Javascript": {"url": "http://searchengineland.com/figz/wp-content/themes/searchengineland/js/script.js?ver=1.0", "requestTime": 29553.967266}}
06-28 16:47:56.915  6762  6775 E WPROF   : {"Javascript": {"url": "http://searchengineland.com/figz/wp-includes/js/wp-embed.min.js?ver=4.7.5", "requestTime": 29553.970802}}
06-28 16:47:56.918  6762  6775 E WPROF   : {"Javascript": {"url": "http://searchengineland.com/figz/wp-content/themes/searchengineland/js/modules/sharing_controls.js", "requestTime": 29553.973930}}
06-28 16:47:56.933  6688  6742 E chromium: [ERROR:gles2_cmd_decoder.cc(3852)] [.ChromiumCompositor-0xacbb2fc0]GL ERROR :GL_INVALID_ENUM : glDiscardFramebufferEXT: attachments was GL_COLOR_EXT
06-28 16:47:57.395  6762  6775 E WPROF   : {"CSS": {"url": "https://www.youtube.com/yts/cssbin/www-embed-player-sprite-mode-vfl5G4Xm8.css", "requestTime": 29554.450406}}
06-28 16:47:57.396  6762  6775 E WPROF   : {"Javascript": {"url": "https://www.youtube.com/yts/jsbin/www-embed-player-vfl_UY_j8/www-embed-player.js", "requestTime": 29554.451609}}
06-28 16:47:57.396  6762  6775 E WPROF   : {"Javascript": {"url": "https://www.youtube.com/yts/jsbin/player-vflo1w4O-/ko_KR/base.js", "requestTime": 29554.452056}}
06-28 16:47:57.420  6688  6742 E chromium: [ERROR:gles2_cmd_decoder.cc(3852)] [.ChromiumCompositor-0xacbb2fc0]GL ERROR :GL_INVALID_ENUM : glDiscardFramebufferEXT: attachments was GL_COLOR_EXT
06-28 16:47:57.866  6762  6775 E WPROF   : {"Javascript": {"url": "http://m.addthisedge.com/live/boost/ra-53e918f660794f37/_ate.track.config_resp", "requestTime": 29554.922007}}
06-28 16:47:57.919  6762  6775 E WPROF   : {"Javascript": {"url": "http://m.addthis.com/live/red_lojson/300lo.json?si=59535f2c4dd4279f&bkl=0&bl=1&pdt=2465&sid=59535f2c4dd4279f&pub=ra-53e918f660794f37&rev=v7.15.4-wp&ln=ko&pc=men&cb=0&ab=-&dp=searchengineland.com&fp=three-important-data-segmentations-google-paid-search-analysis-253761&fr=&of=0&pd=0&irt=0&vcl=0&md=0&c", "requestTime": 29554.974699}}
06-28 16:47:58.227  6688  6742 E chromium: [ERROR:gles2_cmd_decoder.cc(3852)] [.ChromiumCompositor-0xacbb2fc0]GL ERROR :GL_INVALID_ENUM : glDiscardFramebufferEXT: attachments was GL_COLOR_EXT
06-28 16:47:58.707  6688  6742 E chromium: [ERROR:gles2_cmd_decoder.cc(3852)] [.ChromiumCompositor-0xacbb2fc0]GL ERROR :GL_INVALID_ENUM : glDiscardFramebufferEXT: attachments was GL_COLOR_EXT
06-28 16:47:59.640  6762  6775 E WPROF   : {"Javascript": {"url": "https://www.google.com/js/bg/KWBfAnWFESAEEaKKgdYlTHY9ysQaNoQuzeMFqvxDSM8.js", "requestTime": 29556.695298}}
06-28 16:47:59.643  6762  6775 E WPROF   : {"Javascript": {"url": "https://static.doubleclick.net/instream/ad_status.js", "requestTime": 29556.698772}}
06-28 16:47:59.831  6688  6742 E chromium: [ERROR:gles2_cmd_decoder.cc(3852)] [.ChromiumCompositor-0xacbb2fc0]GL ERROR :GL_INVALID_ENUM : glDiscardFramebufferEXT: attachments was GL_COLOR_EXT
06-28 16:47:59.969  6762  6775 E WPROF   : {"Javascript": {"url": "http://dnn506yrbagrg.cloudfront.net/pages/scripts/0026/4062.js?416287", "requestTime": 29557.024934}}
06-28 16:48:00.018  6688  6742 E chromium: [ERROR:gles2_cmd_decoder.cc(3852)] [.ChromiumCompositor-0xacbb2fc0]GL ERROR :GL_INVALID_ENUM : glDiscardFramebufferEXT: attachments was GL_COLOR_EXT
06-28 16:48:00.278  6688  6742 E chromium: [ERROR:gles2_cmd_decoder.cc(3852)] [.ChromiumCompositor-0xacbb2fc0]GL ERROR :GL_INVALID_ENUM : glDiscardFramebufferEXT: attachments was GL_COLOR_EXT
06-28 16:48:00.426  6688  6742 E chromium: [ERROR:gles2_cmd_decoder.cc(3852)] [.ChromiumCompositor-0xacbb2fc0]GL ERROR :GL_INVALID_ENUM : glDiscardFramebufferEXT: attachments was GL_COLOR_EXT
06-28 16:48:01.386  6762  6775 E WPROF   : {"Javascript": {"url": "https://platform.twitter.com/js/button.b731e6c82269f70f6fc53634e044a4c6.js", "requestTime": 29558.441744}}
06-28 16:48:01.393  6762  6775 E WPROF   : {"Javascript": {"url": "http://munchkin.marketo.net/151/munchkin.js", "requestTime": 29558.448691}}
06-28 16:48:01.680  6762  6775 E WPROF   : {"Javascript": {"url": "https://tpc.googlesyndication.com/pagead/js/r20170619/r20110914/client/ext/m_window_focus_non_hydra.js", "requestTime": 29558.735421}}
06-28 16:48:01.682  6762  6775 E WPROF   : {"Javascript": {"url": "https://tpc.googlesyndication.com/pagead/js/r20170619/r20110914/activeview/osd_listener.js", "requestTime": 29558.737442}}
06-28 16:48:01.687  6762  6775 E WPROF   : {"Javascript": {"url": "http://pagead2.googlesyndication.com/pagead/osd.js", "requestTime": 29558.743142}}
06-28 16:48:01.777  6762  6775 E WPROF   : {"Javascript": {"url": "http://www.justuno.com/ajax/account_version_check.html?id=828FA275-FF73-401E-AA39-40F5A6FAB6B1", "requestTime": 29558.832448}}
06-28 16:48:01.786  6762  6775 E WPROF   : {"Javascript": {"url": "http://s7.addthis.com/static/layers.4acb6c577b51939661ec.js", "requestTime": 29558.841862}}
06-28 16:48:01.856  6688  6742 E chromium: [ERROR:gles2_cmd_decoder.cc(3852)] [.ChromiumCompositor-0xacbb2fc0]GL ERROR :GL_INVALID_ENUM : glDiscardFramebufferEXT: attachments was GL_COLOR_EXT
06-28 16:48:01.957  6688  6742 E chromium: [ERROR:gles2_cmd_decoder.cc(3852)] [.ChromiumCompositor-0xacbb2fc0]GL ERROR :GL_INVALID_ENUM : glDiscardFramebufferEXT: attachments was GL_COLOR_EXT
06-28 16:48:02.098  6688  6742 E chromium: [ERROR:gles2_cmd_decoder.cc(3852)] [.ChromiumCompositor-0xacbb2fc0]GL ERROR :GL_INVALID_ENUM : glDiscardFramebufferEXT: attachments was GL_COLOR_EXT
06-28 16:48:02.952  6762  6775 E WPROF   : {"Javascript": {"url": "https://app-sj02.marketo.com/js/forms2/js/forms2.min.js", "requestTime": 29560.007219}}
06-28 16:48:03.054  6688  6742 E chromium: [ERROR:gles2_cmd_decoder.cc(3852)] [.ChromiumCompositor-0xacbb2fc0]GL ERROR :GL_INVALID_ENUM : glDiscardFramebufferEXT: attachments was GL_COLOR_EXT
06-28 16:48:04.831  6762  6775 E WPROF   : {"Javascript": {"url": "http://cdn.justuno.com/mwgt_3.6.js", "requestTime": 29561.886459}}
06-28 16:48:05.252  6688  6742 E chromium: [ERROR:gles2_cmd_decoder.cc(3852)] [.ChromiumCompositor-0xacbb2fc0]GL ERROR :GL_INVALID_ENUM : glDiscardFramebufferEXT: attachments was GL_COLOR_EXT
06-28 16:48:05.386  6688  6742 E chromium: [ERROR:gles2_cmd_decoder.cc(3852)] [.ChromiumCompositor-0xacbb2fc0]GL ERROR :GL_INVALID_ENUM : glDiscardFramebufferEXT: attachments was GL_COLOR_EXT
06-28 16:48:05.472  6688  6742 E chromium: [ERROR:gles2_cmd_decoder.cc(3852)] [.ChromiumCompositor-0xacbb2fc0]GL ERROR :GL_INVALID_ENUM : glDiscardFramebufferEXT: attachments was GL_COLOR_EXT
06-28 16:48:05.520  6688  6742 E chromium: [ERROR:gles2_cmd_decoder.cc(3852)] [.ChromiumCompositor-0xacbb2fc0]GL ERROR :GL_INVALID_ENUM : glDiscardFramebufferEXT: attachments was GL_COLOR_EXT
06-28 16:48:05.539  6762  6775 E WProf.db: {"page": "searchengineland.com_three-important-data-segmentations-google-paid-search-analysis-253761"}
06-28 16:48:05.539  6762  6775 E WProf.db: {"DOMLoad": 29562.595017}
06-28 16:48:05.539  6762  6775 E WProf.db: {"Resource": {"id": 1, "url": "http://searchengineland.com/three-important-data-segmentations-google-paid-search-analysis-253761", "sentTime": -1.000000, "len": 102601, "from": "0x0", "mimeType": "text/html", "contentLength": -1, "httpStatus": 200, "connId": 19, "connReused": 1, "cached": 0,"requestTime": 29549.436542, "proxyStart": -1, "proxyEnd": -1, "dnsStart": -1, "dnsEnd": -1, "connectStart": 0, "connectEnd": 87, "sendStart": 87, "sendEnd": 87, "receiveHeadersEnd": 290, "sslStart": -1, "sslEnd": -1}}
06-28 16:48:05.539  6762  6775 E WProf.db: {"ReceivedChunk": {"receivedTime": 29549.754703, "len": 12855}}
06-28 16:48:05.540  6762  6775 E WProf.db: {"ReceivedChunk": {"receivedTime": 29549.838225, "len": 32768}}
06-28 16:48:05.540  6762  6775 E WProf.db: {"ReceivedChunk": {"receivedTime": 29549.838657, "len": 26745}}
06-28 16:48:05.540  6762  6775 E WProf.db: {"ReceivedChunk": {"receivedTime": 29549.915919, "len": 4213}}
06-28 16:48:05.540  6762  6775 E WProf.db: {"ReceivedChunk": {"receivedTime": 29549.919535, "len": 26020}}
06-28 16:48:05.540  6762  6775 E WProf.db: {"WprofHTMLTag": {"code": "0xaedda6f0", "doc": "http://searchengineland.com/three-important-data-segmentations-google-paid-search-analysis-253761", "row": 6, "column": 42, "tagName": "html", "time": 29549.841486, "url": "", "pos": 1, "chunkLen": 1, "isStartTag": 1}}
06-28 16:48:05.540  6762  6775 E WProf.db: {"WprofHTMLTag": {"code": "0xaf047790", "doc": "http://searchengineland.com/three-important-data-segmentations-google-paid-search-analysis-253761", "row": 7, "column": 6, "tagName": "head", "time": 29549.841926, "url": "", "pos": 1, "chunkLen": 1, "isStartTag": 1}}
06-28 16:48:05.540  6762  6775 E WProf.db: {"WprofHTMLTag": {"code": "0xaf0477c0", "doc": "http://searchengineland.com/three-important-data-segmentations-google-paid-search-analysis-253761", "row": 8, "column": 54, "tagName": "meta", "time": 29549.841973, "url": "", "pos": 1, "chunkLen": 1, "isStartTag": 1}}
06-28 16:48:05.540  6762  6775 E WProf.db: {"WprofHTMLTag": {"code": "0xaf0477f0", "doc": "http://searchengineland.com/three-important-data-segmentations-google-paid-search-analysis-253761", "row": 9, "column": 68, "tagName": "meta", "time": 29549.842120, "url": "", "pos": 1, "chunkLen": 1, "isStartTag": 1}}
06-28 16:48:05.540  6762  6775 E WProf.db: {"WprofHTMLTag": {"code": "0xaf047820", "doc": "http://searchengineland.com/three-important-data-segmentations-google-paid-search-analysis-253761", "row": 10, "column": 23, "tagName": "meta", "time": 29549.842235, "url": "", "pos": 1, "chunkLen": 1, "isStartTag": 1}}
06-28 16:48:05.540  6762  6775 E WProf.db: {"WprofHTMLTag": {"code": "0xaf047850", "doc": "http://searchengineland.com/three-important-data-segmentations-google-paid-search-analysis-253761", "row": 11, "column": 52, "tagName": "meta", "time": 29549.842446, "url": "", "pos": 1, "chunkLen": 1, "isStartTag": 1}}
06-28 16:48:05.540  6762  6775 E WProf.db: {"WprofHTMLTag": {"code": "0xaf047880", "doc": "http://searchengineland.com/three-important-data-segmentations-google-paid-search-analysis-253761", "row": 14, "column": 56, "tagName": "meta", "time": 29549.842576, "url": "", "pos": 1, "chunkLen": 1, "isStartTag": 1}}
06-28 16:48:05.540  6762  6775 E WProf.db: {"WprofHTMLTag": {"code": "0xaf0478b0", "doc": "http://searchengineland.com/three-important-data-segmentations-google-paid-search-analysis-253761", "row": 15, "column": 83, "tagName": "meta", "time": 29549.842688, "url": "", "pos": 1, "chunkLen": 1, "isStartTag": 1}}
06-28 16:48:05.540  6762  6775 E WProf.db: {"WprofHTMLTag": {"code": "0xaf0478e0", "doc": "http://searchengineland.com/three-important-data-segmentations-google-paid-search-analysis-253761", "row": 16, "column": 57, "tagName": "meta", "time": 29549.842807, "url": "", "pos": 1, "chunkLen": 1, "isStartTag": 1}}
06-28 16:48:05.540  6762  6775 E WProf.db: {"WprofHTMLTag": {"code": "0xaf047970", "doc": "http://searchengineland.com/three-important-data-segmentations-google-paid-search-analysis-253761", "row": 17, "column": 41, "tagName": "meta", "time": 29549.843262, "url": "", "pos": 1, "chunkLen": 1, "isStartTag": 1}}
06-28 16:48:05.541  6762  6775 E WProf.db: {"WprofHTMLTag": {"code": "0xaf0479a0", "doc": "http://searchengineland.com/three-important-data-segmentations-google-paid-search-analysis-253761", "row": 18, "column": 50, "tagName": "meta", "time": 29549.843374, "url": "", "pos": 1, "chunkLen": 1, "isStartTag": 1}}
06-28 16:48:05.541  6762  6775 E WProf.db: {"WprofHTMLTag": {"code": "0xaf0479d0", "doc": "http://searchengineland.com/three-important-data-segmentations-google-paid-search-analysis-253761", "row": 19, "column": 174, "tagName": "meta", "time": 29549.843494, "url": "", "pos": 1, "chunkLen": 1, "isStartTag": 1}}
06-28 16:48:05.541  6762  6775 E WProf.db: {"WprofHTMLTag": {"code": "0xaf047940", "doc": "http://searchengineland.com/three-important-data-segmentations-google-paid-search-analysis-253761", "row": 20, "column": 47, "tagName": "meta", "time": 29549.843610, "url": "", "pos": 1, "chunkLen": 1, "isStartTag": 1}}
06-28 16:48:05.541  6762  6775 E WProf.db: {"WprofHTMLTag": {"code": "0xaf047910", "doc": "http://searchengineland.com/three-important-data-segmentations-google-paid-search-analysis-253761", "row": 21, "column": 67, "tagName": "meta", "time": 29549.843722, "url": "", "pos": 1, "chunkLen": 1, "isStartTag": 1}}
06-28 16:48:05.541  6762  6775 E WProf.db: {"WprofHTMLTag": {"code": "0xaf047a00", "doc": "http://searchengineland.com/three-important-data-segmentations-google-paid-search-analysis-253761", "row": 22, "column": 57, "tagName": "meta", "time": 29549.843844, "url": "", "pos": 1, "chunkLen": 1, "isStartTag": 1}}
06-28 16:48:05.541  6762  6775 E WProf.db: {"WprofHTMLTag": {"code": "0xaf047a30", "doc": "http://searchengineland.com/three-important-data-segmentations-google-paid-search-analysis-253761", "row": 23, "column": 65, "tagName": "meta", "time": 29549.843965, "url": "", "pos": 1, "chunkLen": 1, "isStartTag": 1}}
06-28 16:48:05.541  6762  6775 E WProf.db: {"WprofHTMLTag": {"code": "0xaf047a60", "doc": "http://searchengineland.com/three-important-data-segmentations-google-paid-search-analysis-253761", "row": 24, "column": 55, "tagName": "meta", "time": 29549.844078, "url": "", "pos": 1, "chunkLen": 1, "isStartTag": 1}}
06-28 16:48:05.541  6762  6775 E WProf.db: {"WprofHTMLTag": {"code": "0xaf047a90", "doc": "http://searchengineland.com/three-important-data-segmentations-google-paid-search-analysis-253761", "row": 25, "column": 71, "tagName": "meta", "time": 29549.844196, "url": "", "pos": 1, "chunkLen": 1, "isStartTag": 1}}
06-28 16:48:05.541  6762  6775 E WProf.db: {"WprofHTMLTag": {"code": "0xaf047ac0", "doc": "http://searchengineland.com/three-important-data-segmentations-google-paid-search-analysis-253761", "row": 26, "column": 86, "tagName": "meta", "time": 29549.844313, "url": "", "pos": 1, "chunkLen": 1, "isStartTag": 1}}
06-28 16:48:05.541  6762  6775 E WProf.db: {"WprofHTMLTag": {"code": "0xaf047af0", "doc": "http://searchengineland.com/three-important-data-segmentations-google-paid-search-analysis-253761", "row": 27, "column": 54, "tagName": "meta", "time": 29549.844428, "url": "", "pos": 1, "chunkLen": 1, "isStartTag": 1}}
06-28 16:48:05.541  6762  6775 E WProf.db: {"WprofHTMLTag": {"code": "0xaf047b20", "doc": "http://searchengineland.com/three-important-data-segmentations-google-paid-search-analysis-253761", "row": 29, "column": 165, "tagName": "meta", "time": 29549.844546, "url": "", "pos": 1, "chunkLen": 1, "isStartTag": 1}}
06-28 16:48:05.541  6762  6775 E WProf.db: {"WprofHTMLTag": {"code": "0xaf047b50", "doc": "http://searchengineland.com/three-important-data-segmentations-google-paid-search-analysis-253761", "row": 30, "column": 187, "tagName": "meta", "time": 29549.844659, "url": "", "pos": 1, "chunkLen": 1, "isStartTag": 1}}
06-28 16:48:05.541  6762  6775 E WProf.db: {"WprofHTMLTag": {"code": "0xaf047b80", "doc": "http://searchengineland.com/three-important-data-segmentations-google-paid-search-analysis-253761", "row": 31, "column": 55, "tagName": "meta", "time": 29549.844777, "url": "", "pos": 1, "chunkLen": 1, "isStartTag": 1}}
06-28 16:48:05.541  6762  6775 E WProf.db: {"WprofHTMLTag": {"code": "0xaf047bb0", "doc": "http://searchengineland.com/three-important-data-segmentations-google-paid-search-analysis-253761", "row": 32, "column": 54, "tagName": "meta", "time": 29549.844893, "url": "", "pos": 1, "chunkLen": 1, "isStartTag": 1}}
06-28 16:48:05.542  6762  6775 E WProf.db: {"WprofHTMLTag": {"code": "0xaf047be0", "doc": "http://searchengineland.com/three-important-data-segmentations-google-paid-search-analysis-253761", "row": 33, "column": 132, "tagName": "meta", "time": 29549.845003, "url": "", "pos": 1, "chunkLen": 1, "isStartTag": 1}}
06-28 16:48:05.542  6762  6775 E WProf.db: {"WprofHTMLTag": {"code": "0xaf047c10", "doc": "http://searchengineland.com/three-important-data-segmentations-google-paid-search-analysis-253761", "row": 37, "column": 36, "tagName": "script", "time": 29549.845126, "url": "", "pos": 1, "chunkLen": 1, "isStartTag": 1}}
06-28 16:48:05.542  6762  6775 E WProf.db: {"WprofHTMLTag": {"code": "0xaf047c40", "doc": "http://searchengineland.com/three-important-data-segmentations-google-paid-search-analysis-253761", "row": 53, "column": 10, "tagName": "script", "time": 29549.845424, "url": "", "pos": 1, "chunkLen": 1, "isStartTag": 0}}
06-28 16:48:05.542  6762  6775 E WProf.db: {"WprofHTMLTag": {"code": "0xaedda720", "doc": "http://searchengineland.com/three-important-data-segmentations-google-paid-search-analysis-253761", "row": 55, "column": 86, "tagName": "link", "time": 29549.846014, "url": "http://searchengineland.com/apple-touch-icon.png", "pos": 1, "chunkLen": 1, "isStartTag": 1}}
06-28 16:48:05.542  6762  6775 E WProf.db: {"WprofHTMLTag": {"code": "0xaf047c70", "doc": "http://searchengineland.com/three-important-data-segmentations-google-paid-search-analysis-253761", "row": 56, "column": 76, "tagName": "link", "time": 29549.846323, "url": "http://searchengineland.com/favicon.ico", "pos": 1, "chunkLen": 1, "isStartTag": 1}}
06-28 16:48:05.542  6762  6775 E WProf.db: {"WprofHTMLTag": {"code": "0xaf047ca0", "doc": "http://searchengineland.com/three-important-data-segmentations-google-paid-search-analysis-253761", "row": 57, "column": 158, "tagName": "link", "time": 29549.846534, "url": "http://feeds.searchengineland.com/searchengineland", "pos": 1, "chunkLen": 1, "isStartTag": 1}}
06-28 16:48:05.542  6762  6775 E WProf.db: {"WprofHTMLTag": {"code": "0xaf047cd0", "doc": "http://searchengineland.com/three-important-data-segmentations-google-paid-search-analysis-253761", "row": 58, "column": 149, "tagName": "link", "time": 29549.846830, "url": "http://feeds.searchengineland.com/searchcap", "pos": 1, "chunkLen": 1, "isStartTag": 1}}
06-28 16:48:05.542  6762  6775 E WProf.db: {"WprofHTMLTag": {"code": "0xaf047d00", "doc": "http://searchengineland.com/three-important-data-segmentations-google-paid-search-analysis-253761", "row": 59, "column": 150, "tagName": "link", "time": 29549.847133, "url": "http://searchengineland.com/figz/wp-content/themes/searchengineland/css/searchengineland-bootstrap.css", "pos": 1, "chunkLen": 1, "isStartTag": 1}}
06-28 16:48:05.542  6762  6775 E WProf.db: {"WprofHTMLTag": {"code": "0xaf047d60", "doc": "http://searchengineland.com/three-important-data-segmentations-google-paid-search-analysis-253761", "row": 60, "column": 105, "tagName": "link", "time": 29549.847831, "url": "http://fonts.googleapis.com/css?family=Oswald:300,400,700", "pos": 1, "chunkLen": 1, "isStartTag": 1}}
06-28 16:48:05.542  6762  6775 E WProf.db: {"WprofHTMLTag": {"code": "0xaf047dc0", "doc": "http://searchengineland.com/three-important-data-segmentations-google-paid-search-analysis-253761", "row": 61, "column": 125, "tagName": "link", "time": 29549.848994, "url": "http://searchengineland.com/figz/wp-content/themes/searchengineland/style.css", "pos": 1, "chunkLen": 1, "isStartTag": 1}}
06-28 16:48:05.542  6762  6775 E WProf.db: {"WprofHTMLTag": {"code": "0xaf047e20", "doc": "http://searchengineland.com/three-important-data-segmentations-google-paid-search-analysis-253761", "row": 65, "column": 7, "tagName": "title", "time": 29549.849628, "url": "", "pos": 1, "chunkLen": 1, "isStartTag": 1}}
06-28 16:48:05.542  6762  6775 E WProf.db: {"WprofHTMLTag": {"code": "0xaf047e50", "doc": "http://searchengineland.com/three-important-data-segmentations-google-paid-search-analysis-253761", "row": 65, "column": 97, "tagName": "title", "time": 29549.849884, "url": "", "pos": 1, "chunkLen": 1, "isStartTag": 0}}
06-28 16:48:05.542  6762  6775 E WProf.db: {"WprofHTMLTag": {"code": "0xaf047e80", "doc": "http://searchengineland.com/three-important-data-segmentations-google-paid-search-analysis-253761", "row": 66, "column": 184, "tagName": "meta", "time": 29549.849908, "url": "", "pos": 1, "chunkLen": 1, "isStartTag": 1}}
06-28 16:48:05.543  6762  6775 E WProf.db: {"WprofHTMLTag": {"code": "0xaf047eb0", "doc": "http://searchengineland.com/three-important-data-segmentations-google-paid-search-analysis-253761", "row": 67, "column": 166, "tagName": "meta", "time": 29549.850358, "url": "", "pos": 1, "chunkLen": 1, "isStartTag": 1}}
06-28 16:48:05.543  6762  6775 E WProf.db: {"WprofHTMLTag": {"code": "0xaf047ee0", "doc": "http://searchengineland.com/three-important-data-segmentations-google-paid-search-analysis-253761", "row": 68, "column": 139, "tagName": "meta", "time": 29549.850497, "url": "", "pos": 1, "chunkLen": 1, "isStartTag": 1}}
06-28 16:48:05.543  6762  6775 E WProf.db: {"WprofHTMLTag": {"code": "0xaf047f10", "doc": "http://searchengineland.com/three-important-data-segmentations-google-paid-search-analysis-253761", "row": 69, "column": 37, "tagName": "meta", "time": 29549.850601, "url": "", "pos": 1, "chunkLen": 1, "isStartTag": 1}}
06-28 16:48:05.543  6762  6775 E WProf.db: {"WprofHTMLTag": {"code": "0xaf047f40", "doc": "http://searchengineland.com/three-important-data-segmentations-google-paid-search-analysis-253761", "row": 70, "column": 129, "tagName": "link", "time": 29549.850713, "url": "http://searchengineland.com/three-important-data-segmentations-google-paid-search-analysis-253761", "pos": 1, "chunkLen": 1, "isStartTag": 1}}
06-28 16:48:05.543  6762  6775 E WProf.db: {"WprofHTMLTag": {"code": "0xaf047f70", "doc": "http://searchengineland.com/three-important-data-segmentations-google-paid-search-analysis-253761", "row": 71, "column": 76, "tagName": "link", "time": 29549.850931, "url": "https://plus.google.com/103218677032751327334", "pos": 1, "chunkLen": 1, "isStartTag": 1}}
06-28 16:48:05.543  6762  6775 E WProf.db: {"WprofHTMLTag": {"code": "0xaf047fa0", "doc": "http://searchengineland.com/three-important-data-segmentations-google-paid-search-analysis-253761", "row": 72, "column": 45, "tagName": "meta", "time": 29549.851182, "url": "", "pos": 1, "chunkLen": 1, "isStartTag": 1}}
06-28 16:48:05.543  6762  6775 E WProf.db: {"WprofHTMLTag": {"code": "0xaf047fd0", "doc": "http://searchengineland.com/three-important-data-segmentations-google-paid-search-analysis-253761", "row": 73, "column": 45, "tagName": "meta", "time": 29549.851310, "url": "", "pos": 1, "chunkLen": 1, "isStartTag": 1}}
06-28 16:48:05.543  6762  6775 E WProf.db: {"WprofHTMLTag": {"code": "0xb4cc74b0", "doc": "http://searchengineland.com/three-important-data-segmentations-google-paid-search-analysis-253761", "row": 74, "column": 121, "tagName": "meta", "time": 29549.851415, "url": "", "pos": 1, "chunkLen": 1, "isStartTag": 1}}
06-28 16:48:05.543  6762  6775 E WProf.db: {"WprofHTMLTag": {"code": "0xb4cc7540", "doc": "http://searchengineland.com/three-important-data-segmentations-google-paid-search-analysis-253761", "row": 75, "column": 192, "tagName": "meta", "time": 29549.851516, "url": "", "pos": 1, "chunkLen": 1, "isStartTag": 1}}
06-28 16:48:05.543  6762  6775 E WProf.db: {"WprofHTMLTag": {"code": "0xb4cc78a0", "doc": "http://searchengineland.com/three-important-data-segmentations-google-paid-search-analysis-253761", "row": 76, "column": 134, "tagName": "meta", "time": 29549.851618, "url": "", "pos": 1, "chunkLen": 1, "isStartTag": 1}}
06-28 16:48:05.543  6762  6775 E WProf.db: {"WprofHTMLTag": {"code": "0xb4cc78d0", "doc": "http://searchengineland.com/three-important-data-segmentations-google-paid-search-analysis-253761", "row": 77, "column": 61, "tagName": "meta", "time": 29549.851723, "url": "", "pos": 1, "chunkLen": 1, "isStartTag": 1}}
06-28 16:48:05.543  6762  6775 E WProf.db: {"WprofHTMLTag": {"code": "0xb4cc7900", "doc": "http://searchengineland.com/three-important-data-segmentations-google-paid-search-analysis-253761", "row": 78, "column": 89, "tagName": "meta", "time": 29549.851833, "url": "", "pos": 1, "chunkLen": 1, "isStartTag": 1}}
06-28 16:48:05.543  6762  6775 E WProf.db: {"WprofHTMLTag": {"code": "0xb4cc7930", "doc": "http://searchengineland.com/three-important-data-segmentations-google-paid-search-analysis-253761", "row": 79, "column": 58, "tagName": "meta", "time": 29549.851941, "url": "", "pos": 1, "chunkLen": 1, "isStartTag": 1}}
06-28 16:48:05.543  6762  6775 E WProf.db: {"WprofHTMLTag": {"code": "0xb4cc7960", "doc": "http://searchengineland.com/three-important-data-segmentations-google-paid-search-analysis-253761", "row": 80, "column": 78, "tagName": "meta", "time": 29549.852061, "url": "", "pos": 1, "chunkLen": 1, "isStartTag": 1}}
06-28 16:48:05.544  6762  6775 E WProf.db: {"WprofHTMLTag": {"code": "0xb4cc7990", "doc": "http://searchengineland.com/three-important-data-segmentations-google-paid-search-analysis-253761", "row": 81, "column": 77, "tagName": "meta", "time": 29549.852213, "url": "", "pos": 1, "chunkLen": 1, "isStartTag": 1}}
06-28 16:48:05.544  6762  6775 E WProf.db: {"WprofHTMLTag": {"code": "0xb4cc79c0", "doc": "http://searchengineland.com/three-important-data-segmentations-google-paid-search-analysis-253761", "row": 82, "column": 71, "tagName": "meta", "time": 29549.852377, "url": "", "pos": 1, "chunkLen": 1, "isStartTag": 1}}
06-28 16:48:05.544  6762  6775 E WProf.db: {"WprofHTMLTag": {"code": "0xb4cc79f0", "doc": "http://searchengineland.com/three-important-data-segmentations-google-paid-search-analysis-253761", "row": 83, "column": 126, "tagName": "meta", "time": 29549.852488, "url": "", "pos": 1, "chunkLen": 1, "isStartTag": 1}}
06-28 16:48:05.544  6762  6775 E WProf.db: {"WprofHTMLTag": {"code": "0xb4cc7a20", "doc": "http://searchengineland.com/three-important-data-segmentations-google-paid-search-analysis-253761", "row": 84, "column": 49, "tagName": "meta", "time": 29549.852598, "url": "", "pos": 1, "chunkLen": 1, "isStartTag": 1}}
06-28 16:48:05.544  6762  6775 E WProf.db: {"WprofHTMLTag": {"code": "0xb4cc7a50", "doc": "http://searchengineland.com/three-important-data-segmentations-google-paid-search-analysis-253761", "row": 85, "column": 50, "tagName": "meta", "time": 29549.852704, "url": "", "pos": 1, "chunkLen": 1, "isStartTag": 1}}
06-28 16:48:05.544  6762  6775 E WProf.db: {"WprofHTMLTag": {"code": "0xb4cc7a80", "doc": "http://searchengineland.com/three-important-data-segmentations-google-paid-search-analysis-253761", "row": 86, "column": 58, "tagName": "meta", "time": 29549.852816, "url": "", "pos": 1, "chunkLen": 1, "isStartTag": 1}}
06-28 16:48:05.544  6762  6775 E WProf.db: {"WprofHTMLTag": {"code": "0xb4cc7ab0", "doc": "http://searchengineland.com/three-important-data-segmentations-google-paid-search-analysis-253761", "row": 87, "column": 193, "tagName": "meta", "time": 29549.852927, "url": "", "pos": 1, "chunkLen": 1, "isStartTag": 1}}
06-28 16:48:05.544  6762  6775 E WProf.db: {"WprofHTMLTag": {"code": "0xb4cc7ae0", "doc": "http://searchengineland.com/three-important-data-segmentations-google-paid-search-analysis-253761", "row": 88, "column": 122, "tagName": "meta", "time": 29549.853035, "url": "", "pos": 1, "chunkLen": 1, "isStartTag": 1}}
06-28 16:48:05.544  6762  6775 E WProf.db: {"WprofHTMLTag": {"code": "0xb4cc7b10", "doc": "http://searchengineland.com/three-important-data-segmentations-google-paid-search-analysis-253761", "row": 89, "column": 51, "tagName": "meta", "time": 29549.853140, "url": "", "pos": 1, "chunkLen": 1, "isStartTag": 1}}
06-28 16:48:05.544  6762  6775 E WProf.db: {"WprofHTMLTag": {"code": "0xb4cc7b40", "doc": "http://searchengineland.com/three-important-data-segmentations-google-paid-search-analysis-253761", "row": 90, "column": 127, "tagName": "meta", "time": 29549.853248, "url": "", "pos": 1, "chunkLen": 1, "isStartTag": 1}}
06-28 16:48:05.544  6762  6775 E WProf.db: {"WprofHTMLTag": {"code": "0xb4cc7b70", "doc": "http://searchengineland.com/three-important-data-segmentations-google-paid-search-analysis-253761", "row": 91, "column": 58, "tagName": "meta", "time": 29549.853350, "url": "", "pos": 1, "chunkLen": 1, "isStartTag": 1}}
06-28 16:48:05.544  6762  6775 E WProf.db: {"WprofHTMLTag": {"code": "0xb4cc7ba0", "doc": "http://searchengineland.com/three-important-data-segmentations-google-paid-search-analysis-253761", "row": 94, "column": 44, "tagName": "link", "time": 29549.853466, "url": "http://s.w.org/", "pos": 1, "chunkLen": 1, "isStartTag": 1}}
06-28 16:48:05.544  6762  6775 E WProf.db: {"WprofHTMLTag": {"code": "0xb4cc7bd0", "doc": "http://searchengineland.com/three-important-data-segmentations-google-paid-search-analysis-253761", "row": 95, "column": 33, "tagName": "script", "time": 29549.853690, "url": "", "pos": 1, "chunkLen": 1, "isStartTag": 1}}
06-28 16:48:05.545  6762  6775 E WProf.db: {"WprofHTMLTag": {"code": "0xb4cc7c00", "doc": "http://searchengineland.com/three-important-data-segmentations-google-paid-search-analysis-253761", "row": 98, "column": 11, "tagName": "script", "time": 29549.853880, "url": "http://searchengineland.com/figz/wp-includes/js/wp-emoji-release.min.js?ver=4.7.5", "pos": 1, "chunkLen": 1, "isStartTag": 0}}
06-28 16:48:05.545  6762  6775 E WProf.db: {"WprofHTMLTag": {"code": "0x9d076930", "doc": "http://searchengineland.com/three-important-data-segmentations-google-paid-search-analysis-253761", "row": 99, "column": 25, "tagName": "style", "time": 29550.546993, "url": "", "pos": 1, "chunkLen": 1, "isStartTag": 1}}
06-28 16:48:05.545  6762  6775 E WProf.db: {"WprofHTMLTag": {"code": "0x9d076960", "doc": "http://searchengineland.com/three-important-data-segmentations-google-paid-search-analysis-253761", "row": 112, "column": 8, "tagName": "style", "time": 29550.547182, "url": "", "pos": 1, "chunkLen": 1, "isStartTag": 0}}
06-28 16:48:05.545  6762  6775 E WProf.db: {"WprofHTMLTag": {"code": "0x9d076990", "doc": "http://searchengineland.com/three-important-data-segmentations-google-paid-search-analysis-253761", "row": 113, "column": 140, "tagName": "script", "time": 29550.549129, "url": "http://searchengineland.com/figz/wp-content/themes/searchengineland/js/lib/modernizr.custom.js?ver=1.0", "pos": 1, "chunkLen": 1, "isStartTag": 1}}
06-28 16:48:05.545  6762  6775 E WProf.db: {"WprofHTMLTag": {"code": "0x9d0769c0", "doc": "http://searchengineland.com/three-important-data-segmentations-google-paid-search-analysis-253761", "row": 113, "column": 149, "tagName": "script", "time": 29550.549375, "url": "", "pos": 1, "chunkLen": 1, "isStartTag": 0}}
06-28 16:48:05.545  6762  6775 E WProf.db: {"WprofHTMLTag": {"code": "0xaeddadb0", "doc": "http://searchengineland.com/three-important-data-segmentations-google-paid-search-analysis-253761", "row": 114, "column": 144, "tagName": "script", "time": 29550.982796, "url": "http://searchengineland.com/figz/wp-content/themes/searchengineland/js/lib/jquery-1.11.0.min.js?ver=1.11.0", "pos": 1, "chunkLen": 1, "isStartTag": 1}}
06-28 16:48:05.545  6762  6775 E WProf.db: {"WprofHTMLTag": {"code": "0xaeddad80", "doc": "http://searchengineland.com/three-important-data-segmentations-google-paid-search-analysis-253761", "row": 114, "column": 153, "tagName": "script", "time": 29550.983234, "url": "", "pos": 1, "chunkLen": 1, "isStartTag": 0}}
06-28 16:48:05.545  6762  6775 E WProf.db: {"WprofHTMLTag": {"code": "0xaeddad20", "doc": "http://searchengineland.com/three-important-data-segmentations-google-paid-search-analysis-253761", "row": 0, "column": 15, "tagName": "div", "time": 29551.059992, "url": "", "pos": 15, "chunkLen": 44, "isStartTag": 1}}
06-28 16:48:05.545  6762  6775 E WProf.db: {"WprofHTMLTag": {"code": "0xaeddafc0", "doc": "http://searchengineland.com/three-important-data-segmentations-google-paid-search-analysis-253761", "row": 0, "column": 21, "tagName": "div", "time": 29551.060191, "url": "", "pos": 21, "chunkLen": 44, "isStartTag": 0}}
06-28 16:48:05.545  6762  6775 E WProf.db: {"WprofHTMLTag": {"code": "0x9d076ab0", "doc": "http://searchengineland.com/three-important-data-segmentations-google-paid-search-analysis-253761", "row": 0, "column": 38, "tagName": "div", "time": 29551.060255, "url": "", "pos": 38, "chunkLen": 44, "isStartTag": 1}}
06-28 16:48:05.545  6762  6775 E WProf.db: {"WprofHTMLTag": {"code": "0x9d076ae0", "doc": "http://searchengineland.com/three-important-data-segmentations-google-paid-search-analysis-253761", "row": 0, "column": 44, "tagName": "div", "time": 29551.060382, "url": "", "pos": 44, "chunkLen": 44, "isStartTag": 0}}
06-28 16:48:05.545  6762  6775 E WProf.db: {"WprofHTMLTag": {"code": "0x9d076b10", "doc": "http://searchengineland.com/three-important-data-segmentations-google-paid-search-analysis-253761", "row": 0, "column": 13, "tagName": "select", "time": 29551.061764, "url": "", "pos": 13, "chunkLen": 51, "isStartTag": 1}}
06-28 16:48:05.545  6762  6775 E WProf.db: {"WprofHTMLTag": {"code": "0x9d076b40", "doc": "http://searchengineland.com/three-important-data-segmentations-google-paid-search-analysis-253761", "row": 0, "column": 33, "tagName": "option", "time": 29551.061957, "url": "", "pos": 33, "chunkLen": 51, "isStartTag": 1}}
06-28 16:48:05.546  6762  6775 E WProf.db: {"WprofHTMLTag": {"code": "0x9d076b70", "doc": "http://searchengineland.com/three-important-data-segmentations-google-paid-search-analysis-253761", "row": 0, "column": 42, "tagName": "option", "time": 29551.062157, "url": "", "pos": 42, "chunkLen": 51, "isStartTag": 0}}
06-28 16:48:05.546  6762  6775 E WProf.db: {"WprofHTMLTag": {"code": "0x9d076ba0", "doc": "http://searchengineland.com/three-important-data-segmentations-google-paid-search-analysis-253761", "row": 0, "column": 51, "tagName": "select", "time": 29551.062217, "url": "", "pos": 51, "chunkLen": 51, "isStartTag": 0}}
06-28 16:48:05.546  6762  6775 E WProf.db: {"WprofHTMLTag": {"code": "0x9d076bd0", "doc": "http://searchengineland.com/three-important-data-segmentations-google-paid-search-analysis-253761", "row": 0, "column": 12, "tagName": "a", "time": 29551.066613, "url": "", "pos": 12, "chunkLen": 16, "isStartTag": 1}}
06-28 16:48:05.546  6762  6775 E WProf.db: {"WprofHTMLTag": {"code": "0x9d076c00", "doc": "http://searchengineland.com/three-important-data-segmentations-google-paid-search-analysis-253761", "row": 0, "column": 16, "tagName": "a", "time": 29551.066770, "url": "", "pos": 16, "chunkLen": 16, "isStartTag": 0}}
06-28 16:48:05.546  6762  6775 E WProf.db: {"WprofHTMLTag": {"code": "0x9d076c30", "doc": "http://searchengineland.com/three-important-data-segmentations-google-paid-search-analysis-253761", "row": 0, "column": 8, "tagName": "input", "time": 29551.067817, "url": "", "pos": 8, "chunkLen": 8, "isStartTag": 1}}
06-28 16:48:05.546  6762  6775 E WProf.db: {"WprofHTMLTag": {"code": "0x9d076c60", "doc": "http://searchengineland.com/three-important-data-segmentations-google-paid-search-analysis-253761", "row": 0, "column": 9, "tagName": "link", "time": 29551.077144, "url": "", "pos": 9, "chunkLen": 42, "isStartTag": 1}}
06-28 16:48:05.546  6762  6775 E WProf.db: {"WprofHTMLTag": {"code": "0x9d076c90", "doc": "http://searchengineland.com/three-important-data-segmentations-google-paid-search-analysis-253761", "row": 0, "column": 16, "tagName": "table", "time": 29551.077270, "url": "", "pos": 16, "chunkLen": 42, "isStartTag": 1}}
06-28 16:48:05.546  6762  6775 E WProf.db: {"WprofHTMLTag": {"code": "0x9d076cc0", "doc": "http://searchengineland.com/three-important-data-segmentations-google-paid-search-analysis-253761", "row": 0, "column": 24, "tagName": "table", "time": 29551.077390, "url": "", "pos": 24, "chunkLen": 42, "isStartTag": 0}}
06-28 16:48:05.546  6762  6775 E WProf.db: {"WprofHTMLTag": {"code": "0x9d076cf0", "doc": "http://searchengineland.com/three-important-data-segmentations-google-paid-search-analysis-253761", "row": 0, "column": 37, "tagName": "a", "time": 29551.077463, "url": "", "pos": 37, "chunkLen": 42, "isStartTag": 1}}
06-28 16:48:05.546  6762  6775 E WProf.db: {"WprofHTMLTag": {"code": "0x9d076d20", "doc": "http://searchengineland.com/three-important-data-segmentations-google-paid-search-analysis-253761", "row": 0, "column": 42, "tagName": "a", "time": 29551.077647, "url": "", "pos": 42, "chunkLen": 42, "isStartTag": 0}}
06-28 16:48:05.546  6762  6775 E WProf.db: {"WprofHTMLTag": {"code": "0x9d076db0", "doc": "http://searchengineland.com/three-important-data-segmentations-google-paid-search-analysis-253761", "row": 0, "column": 10, "tagName": "textarea", "time": 29551.078812, "url": "", "pos": 10, "chunkLen": 22, "isStartTag": 1}}
06-28 16:48:05.546  6762  6775 E WProf.db: {"WprofHTMLTag": {"code": "0x9d076de0", "doc": "http://searchengineland.com/three-important-data-segmentations-google-paid-search-analysis-253761", "row": 0, "column": 22, "tagName": "textarea", "time": 29551.079001, "url": "", "pos": 22, "chunkLen": 22, "isStartTag": 0}}
06-28 16:48:05.546  6762  6775 E WProf.db: {"WprofHTMLTag": {"code": "0x9d076e10", "doc": "http://searchengineland.com/three-important-data-segmentations-google-paid-search-analysis-253761", "row": 0, "column": 48, "tagName": "input", "time": 29551.080231, "url": "", "pos": 48, "chunkLen": 48, "isStartTag": 1}}
06-28 16:48:05.546  6762  6775 E WProf.db: {"WprofHTMLTag": {"code": "0x9d076e70", "doc": "http://searchengineland.com/three-important-data-segmentations-google-paid-search-analysis-253761", "row": 0, "column": 9, "tagName": "link", "time": 29551.085061, "url": "", "pos": 9, "chunkLen": 66, "isStartTag": 1}}
06-28 16:48:05.547  6762  6775 E WProf.db: {"WprofHTMLTag": {"code": "0x9d076ea0", "doc": "http://searchengineland.com/three-important-data-segmentations-google-paid-search-analysis-253761", "row": 0, "column": 16, "tagName": "table", "time": 29551.085182, "url": "", "pos": 16, "chunkLen": 66, "isStartTag": 1}}
06-28 16:48:05.547  6762  6775 E WProf.db: {"WprofHTMLTag": {"code": "0x9d076ed0", "doc": "http://searchengineland.com/three-important-data-segmentations-google-paid-search-analysis-253761", "row": 0, "column": 24, "tagName": "table", "time": 29551.085256, "url": "", "pos": 24, "chunkLen": 66, "isStartTag": 0}}
06-28 16:48:05.547  6762  6775 E WProf.db: {"WprofHTMLTag": {"code": "0x9d076f00", "doc": "http://searchengineland.com/three-important-data-segmentations-google-paid-search-analysis-253761", "row": 0, "column": 37, "tagName": "a", "time": 29551.085331, "url": "", "pos": 37, "chunkLen": 66, "isStartTag": 1}}
06-28 16:48:05.547  6762  6775 E WProf.db: {"WprofHTMLTag": {"code": "0x9d076f30", "doc": "http://searchengineland.com/three-important-data-segmentations-google-paid-search-analysis-253761", "row": 0, "column": 42, "tagName": "a", "time": 29551.085519, "url": "", "pos": 42, "chunkLen": 66, "isStartTag": 0}}
06-28 16:48:05.547  6762  6775 E WProf.db: {"WprofHTMLTag": {"code": "0x9d076f60", "doc": "http://searchengineland.com/three-important-data-segmentations-google-paid-search-analysis-253761", "row": 0, "column": 66, "tagName": "input", "time": 29551.085584, "url": "", "pos": 66, "chunkLen": 66, "isStartTag": 1}}
06-28 16:48:05.547  6762  6775 E WProf.db: {"WprofHTMLTag": {"code": "0x9d076ff0", "doc": "http://searchengineland.com/three-important-data-segmentations-google-paid-search-analysis-253761", "row": 0, "column": 9, "tagName": "link", "time": 29551.087510, "url": "", "pos": 9, "chunkLen": 66, "isStartTag": 1}}
06-28 16:48:05.547  6762  6775 E WProf.db: {"WprofHTMLTag": {"code": "0x9d077020", "doc": "http://searchengineland.com/three-important-data-segmentations-google-paid-search-analysis-253761", "row": 0, "column": 16, "tagName": "table", "time": 29551.087623, "url": "", "pos": 16, "chunkLen": 66, "isStartTag": 1}}
06-28 16:48:05.547  6762  6775 E WProf.db: {"WprofHTMLTag": {"code": "0x9d077050", "doc": "http://searchengineland.com/three-important-data-segmentations-google-paid-search-analysis-253761", "row": 0, "column": 24, "tagName": "table", "time": 29551.087697, "url": "", "pos": 24, "chunkLen": 66, "isStartTag": 0}}
06-28 16:48:05.547  6762  6775 E WProf.db: {"WprofHTMLTag": {"code": "0x9d077080", "doc": "http://searchengineland.com/three-important-data-segmentations-google-paid-search-analysis-253761", "row": 0, "column": 37, "tagName": "a", "time": 29551.087774, "url": "", "pos": 37, "chunkLen": 66, "isStartTag": 1}}
06-28 16:48:05.547  6762  6775 E WProf.db: {"WprofHTMLTag": {"code": "0x9d0770b0", "doc": "http://searchengineland.com/three-important-data-segmentations-google-paid-search-analysis-253761", "row": 0, "column": 42, "tagName": "a", "time": 29551.087941, "url": "", "pos": 42, "chunkLen": 66, "isStartTag": 0}}
06-28 16:48:05.547  6762  6775 E WProf.db: {"WprofHTMLTag": {"code": "0x9d0770e0", "doc": "http://searchengineland.com/three-important-data-segmentations-google-paid-search-analysis-253761", "row": 0, "column": 66, "tagName": "input", "time": 29551.088011, "url": "", "pos": 66, "chunkLen": 66, "isStartTag": 1}}
06-28 16:48:05.547  6762  6775 E WProf.db: {"WprofHTMLTag": {"code": "0x9d077140", "doc": "http://searchengineland.com/three-important-data-segmentations-google-paid-search-analysis-253761", "row": 0, "column": 9, "tagName": "link", "time": 29551.092281, "url": "", "pos": 9, "chunkLen": 66, "isStartTag": 1}}
06-28 16:48:05.553  6762  6775 E WProf.db: {"WprofHTMLTag": {"code": "0x9d077170", "doc": "http://searchengineland.com/three-important-data-segmentations-google-paid-search-analysis-253761", "row": 0, "column": 16, "tagName": "table", "time": 29551.092397, "url": "", "pos": 16, "chunkLen": 66, "isStartTag": 1}}
06-28 16:48:05.553  6762  6775 E WProf.db: {"WprofHTMLTag": {"code": "0x9d0771a0", "doc": "http://searchengineland.com/three-important-data-segmentations-google-paid-search-analysis-253761", "row": 0, "column": 24, "tagName": "table", "time": 29551.092467, "url": "", "pos": 24, "chunkLen": 66, "isStartTag": 0}}
