--------- beginning of main
--------- beginning of system
06-28 15:20:00.888  3449  3449 E Finsky  : [1] com.google.android.finsky.wear.bl.a(3): onConnectionFailed: ConnectionResult{statusCode=API_UNAVAILABLE, resolution=null, message=null}
06-28 15:20:01.865  4110  4110 E chromium: [ERROR:shell_integration_android.cc(12)] Not implemented reached in static ShellIntegration::DefaultWebClientSetPermission ShellIntegration::CanSetAsDefaultBrowser()
06-28 15:20:01.869  4110  4110 E chromium: [ERROR:browser_process_impl.cc(720)] Not implemented reached in virtual BackgroundModeManager* BrowserProcessImpl::background_mode_manager()
06-28 15:20:02.231  3218   673 E AudioRecord-JNI: Error -4 during AudioRecord native read
06-28 15:20:04.701  4110  4158 E chromium: [ERROR:gles2_cmd_decoder.cc(3852)] [.ChromiumCompositor-0xacbb2fc0]GL ERROR :GL_INVALID_ENUM : glDiscardFramebufferEXT: attachments was GL_COLOR_EXT
06-28 15:20:04.919  4180  4193 E WPROF   : {"CSS": {"url": "http://searchengineland.com/figz/wp-content/themes/searchengineland/css/searchengineland-bootstrap.css", "requestTime": 24281.975168}}
06-28 15:20:04.920  4180  4193 E WPROF   : {"CSS": {"url": "http://fonts.googleapis.com/css?family=Oswald:300,400,700", "requestTime": 24281.976022}}
06-28 15:20:04.921  4180  4193 E WPROF   : {"CSS": {"url": "http://searchengineland.com/figz/wp-content/themes/searchengineland/style.css", "requestTime": 24281.976584}}
06-28 15:20:04.928  4180  4193 E WPROF   : {"Javascript": {"url": "http://searchengineland.com/figz/wp-content/themes/searchengineland/js/lib/modernizr.custom.js?ver=1.0", "requestTime": 24281.983794}}
06-28 15:20:04.929  4180  4193 E WPROF   : {"Javascript": {"url": "http://searchengineland.com/figz/wp-content/themes/searchengineland/js/lib/jquery-1.11.0.min.js?ver=1.11.0", "requestTime": 24281.985213}}
06-28 15:20:04.931  4180  4193 E WPROF   : {"Javascript": {"url": "http://searchengineland.com/figz/wp-content/themes/searchengineland/js/lib/jquery-ui-1.10.3.custom.min.js?ver=1.10.3", "requestTime": 24281.986440}}
06-28 15:20:04.933  4180  4193 E WPROF   : {"Javascript": {"url": "http://searchengineland.com/figz/wp-content/themes/searchengineland/js/lib/jquery.ba-throttle-debounce.min.js?ver=1.1", "requestTime": 24281.988793}}
06-28 15:20:04.935  4180  4193 E WPROF   : {"Javascript": {"url": "http://searchengineland.com/figz/wp-content/themes/searchengineland/js/lib/jquery.countdown.min.js?ver=2.0.4", "requestTime": 24281.990992}}
06-28 15:20:04.937  4180  4193 E WPROF   : {"Javascript": {"url": "http://static.chartbeat.com/js/chartbeat_mab.js", "requestTime": 24281.992410}}
06-28 15:20:05.491  4180  4193 E WPROF   : {"Javascript": {"url": "http://searchengineland.com/figz/wp-includes/js/wp-emoji-release.min.js?ver=4.7.5", "requestTime": 24282.546605}}
06-28 15:20:05.829  4180  4193 E WPROF   : {"Javascript": {"url": "http://www.googletagservices.com/tag/js/gpt.js", "requestTime": 24282.884989}}
06-28 15:20:05.834  4180  4193 E WPROF   : {"Javascript": {"url": "https://www.google-analytics.com/analytics.js", "requestTime": 24282.889294}}
06-28 15:20:05.837  4180  4193 E WPROF   : {"Javascript": {"url": "http://edge.quantserve.com/quant.js", "requestTime": 24282.892723}}
06-28 15:20:05.839  4180  4193 E WPROF   : {"Javascript": {"url": "https://connect.facebook.net/en_US/fbevents.js", "requestTime": 24282.894392}}
06-28 15:20:05.894  4110  4158 E chromium: [ERROR:gles2_cmd_decoder.cc(3852)] [.ChromiumCompositor-0xacbb2fc0]GL ERROR :GL_INVALID_ENUM : glDiscardFramebufferEXT: attachments was GL_COLOR_EXT
06-28 15:20:05.930  4180  4193 E WPROF   : {"Javascript": {"url": "http://app-sj02.marketo.com/js/forms2/js/forms2.min.js", "requestTime": 24282.985696}}
06-28 15:20:06.036  4110  4158 E chromium: [ERROR:gles2_cmd_decoder.cc(3852)] [.ChromiumCompositor-0xacbb2fc0]GL ERROR :GL_INVALID_ENUM : glDiscardFramebufferEXT: attachments was GL_COLOR_EXT
06-28 15:20:06.058  4180  4193 E WPROF   : {"Javascript": {"url": "https://connect.facebook.net/signals/config/423979991297359?v=2.7.17", "requestTime": 24283.113520}}
06-28 15:20:06.085  4180  4193 E WPROF   : {"Javascript": {"url": "https://securepubads.g.doubleclick.net/gpt/pubads_impl_121.js", "requestTime": 24283.141069}}
06-28 15:20:06.114  4110  4158 E chromium: [ERROR:gles2_cmd_decoder.cc(3852)] [.ChromiumCompositor-0xacbb2fc0]GL ERROR :GL_INVALID_ENUM : glDiscardFramebufferEXT: attachments was GL_COLOR_EXT
06-28 15:20:06.417  4180  4193 E WPROF   : {"Javascript": {"url": "http://app-sj02.marketo.com/index.php/form/getForm?munchkinId=727-ZQE-044&form=5691&url=http%3A%2F%2Fsearchengineland.com%2Ftime-running-score-deepest-discounts-martech-san-francisco-269787&callback=jQuery110208634118258487433_1498630806321&_=1498630806322", "requestTime": 24283.472919}}
06-28 15:20:06.449  4180  4193 E WPROF   : {"Javascript": {"url": "http://app-sj02.marketo.com/index.php/form/getForm?munchkinId=727-ZQE-044&form=5685&url=http%3A%2F%2Fsearchengineland.com%2Ftime-running-score-deepest-discounts-martech-san-francisco-269787&callback=jQuery110208634118258487433_1498630806323&_=1498630806324", "requestTime": 24283.504653}}
06-28 15:20:06.708  4180  4193 E WPROF   : {"Javascript": {"url": "http://app-sj02.marketo.com/index.php/form/getForm?munchkinId=727-ZQE-044&form=5673&url=http%3A%2F%2Fsearchengineland.com%2Ftime-running-score-deepest-discounts-martech-san-francisco-269787&callback=jQuery110208634118258487433_1498630806325&_=1498630806326", "requestTime": 24283.764079}}
06-28 15:20:06.729  4180  4193 E WPROF   : {"Javascript": {"url": "http://searchengineland.com/js/ga_social_tracking.js", "requestTime": 24283.784677}}
06-28 15:20:06.730  4180  4193 E WPROF   : {"Javascript": {"url": "http://s7.addthis.com/js/300/addthis_widget.js#pubid=ra-53e918f660794f37", "requestTime": 24283.785401}}
06-28 15:20:06.730  4110  4158 E chromium: [ERROR:gles2_cmd_decoder.cc(3852)] [.ChromiumCompositor-0xacbb2fc0]GL ERROR :GL_INVALID_ENUM : glDiscardFramebufferEXT: attachments was GL_COLOR_EXT
06-28 15:20:06.944  4180  4193 E WPROF   : {"Javascript": {"url": "https://static.xx.fbcdn.net/rsrc.php/v3iy6L4/yF/l/ko_KR/w3AiswiqjrJ.js", "requestTime": 24283.999232}}
06-28 15:20:07.029  4110  4158 E chromium: [ERROR:gles2_cmd_decoder.cc(3852)] [.ChromiumCompositor-0xacbb2fc0]GL ERROR :GL_INVALID_ENUM : glDiscardFramebufferEXT: attachments was GL_COLOR_EXT
06-28 15:20:07.126  4180  4193 E WPROF   : {"Javascript": {"url": "http://cdn.api.twitter.com/1/users/show.json?screen_name=sengineland&callback=twttr.setFollowersCount", "requestTime": 24284.181548}}
06-28 15:20:07.411   862  1657 E LocSvc_IzatApiV02: E/virtual int izat_core::IzatApiV02::getBatchSize(int32_t):522]: Error : st = 4, ind.status = -1628389555
06-28 15:20:07.411   862  1657 E LocSvc_IzatApiV02: E/virtual int izat_core::IzatApiV02::getBatchSize(int32_t):535]: get batching size failed.Or modem does not support batching 
06-28 15:20:07.423   862  1657 E LocSvc_IzatApiV02: E/virtual int izat_core::IzatApiV02::getBatchSize(int32_t):522]: Error : st = 4, ind.status = -1628389555
06-28 15:20:07.424   862  1657 E LocSvc_IzatApiV02: E/virtual int izat_core::IzatApiV02::getBatchSize(int32_t):535]: get batching size failed.Or modem does not support batching 
06-28 15:20:07.453   862  1657 E LocSvc_IzatApiV02: E/virtual int izat_core::IzatApiV02::getBatchSize(int32_t):522]: Error : st = 4, ind.status = -1628389555
06-28 15:20:07.453   862  1657 E LocSvc_IzatApiV02: E/virtual int izat_core::IzatApiV02::getBatchSize(int32_t):535]: get batching size failed.Or modem does not support batching 
06-28 15:20:07.463   862  1657 E LocSvc_IzatApiV02: E/virtual int izat_core::IzatApiV02::getBatchSize(int32_t):522]: Error : st = 4, ind.status = -1628389555
06-28 15:20:07.463   862  1657 E LocSvc_IzatApiV02: E/virtual int izat_core::IzatApiV02::getBatchSize(int32_t):535]: get batching size failed.Or modem does not support batching 
06-28 15:20:07.921  4180  4193 E WPROF   : {"Javascript": {"url": "https://securepubads.g.doubleclick.net/gampad/ads?gdfp_req=1&correlator=3911584913031168&output=json_html&callback=googletag.impl.pubads.callbackProxy1&impl=fifs&json_a=1&eid=108809080%2C21060130%2C108809103%2C21060002&sc=0&sfv=1-0-9&iu_parts=1038259%2Csel-ciu-1%2Csel-ciu-2%2Csel-ciu-3%2Csel-ciu-4%2", "requestTime": 24284.977016}}
06-28 15:20:07.966  4180  4193 E WPROF   : {"CSS": {"url": "http://app-sj02.marketo.com/js/forms2/css/forms2.css", "requestTime": 24285.021549}}
06-28 15:20:07.970  4180  4193 E WPROF   : {"CSS": {"url": "http://app-sj02.marketo.com/js/forms2/css/forms2-theme-simple.css", "requestTime": 24285.025950}}
06-28 15:20:08.105  4110  4158 E chromium: [ERROR:gles2_cmd_decoder.cc(3852)] [.ChromiumCompositor-0xacbb2fc0]GL ERROR :GL_INVALID_ENUM : glDiscardFramebufferEXT: attachments was GL_COLOR_EXT
06-28 15:20:08.569  4180  4193 E WPROF   : {"Javascript": {"url": "http://platform.twitter.com/widgets.js", "requestTime": 24285.624396}}
06-28 15:20:08.571  4180  4193 E WPROF   : {"Javascript": {"url": "http://connect.facebook.net/en_US/sdk.js", "requestTime": 24285.626472}}
06-28 15:20:08.573  4180  4193 E WPROF   : {"Javascript": {"url": "https://apis.google.com/js/platform.js", "requestTime": 24285.628754}}
06-28 15:20:08.597  4180  4193 E WPROF   : {"Javascript": {"url": "http://rules.quantcount.com/rules-p-5aGizvD82d9hk.js", "requestTime": 24285.652263}}
06-28 15:20:08.600  4180  4193 E WPROF   : {"Javascript": {"url": "http://munchkin.marketo.net/munchkin.js", "requestTime": 24285.655828}}
06-28 15:20:09.110  4180  4193 E WPROF   : {"CSS": {"url": "https://www.youtube.com/yts/cssbin/www-embed-player-sprite-mode-vfl5G4Xm8.css", "requestTime": 24286.165475}}
06-28 15:20:09.111  4180  4193 E WPROF   : {"Javascript": {"url": "https://www.youtube.com/yts/jsbin/www-embed-player-vfl_UY_j8/www-embed-player.js", "requestTime": 24286.167090}}
06-28 15:20:09.112  4180  4193 E WPROF   : {"Javascript": {"url": "https://www.youtube.com/yts/jsbin/player-vflo1w4O-/ko_KR/base.js", "requestTime": 24286.167552}}
06-28 15:20:09.121  4180  4193 E WPROF   : {"Javascript": {"url": "http://d2j3qa5nc37287.cloudfront.net/coupon_code1.js", "requestTime": 24286.176324}}
06-28 15:20:09.123  4180  4193 E WPROF   : {"Javascript": {"url": "http://www.googleadservices.com/pagead/conversion.js", "requestTime": 24286.179012}}
06-28 15:20:09.124  4180  4193 E WPROF   : {"Javascript": {"url": "http://searchengineland.com/figz/wp-content/themes/searchengineland/js/script.js?ver=1.0", "requestTime": 24286.180163}}
06-28 15:20:09.125  4180  4193 E WPROF   : {"Javascript": {"url": "http://searchengineland.com/figz/wp-includes/js/wp-embed.min.js?ver=4.7.5", "requestTime": 24286.180654}}
06-28 15:20:09.125  4180  4193 E WPROF   : {"Javascript": {"url": "http://searchengineland.com/figz/wp-content/themes/searchengineland/js/modules/sharing_controls.js", "requestTime": 24286.181113}}
06-28 15:20:09.157  4110  4158 E chromium: [ERROR:gles2_cmd_decoder.cc(3852)] [.ChromiumCompositor-0xacbb2fc0]GL ERROR :GL_INVALID_ENUM : glDiscardFramebufferEXT: attachments was GL_COLOR_EXT
06-28 15:20:09.651  4180  4193 E WPROF   : {"Javascript": {"url": "http://dnn506yrbagrg.cloudfront.net/pages/scripts/0026/4062.js?416286", "requestTime": 24286.706921}}
06-28 15:20:10.219  4180  4193 E WPROF   : {"Javascript": {"url": "http://m.addthisedge.com/live/boost/ra-53e918f660794f37/_ate.track.config_resp", "requestTime": 24287.274463}}
06-28 15:20:10.269  4180  4193 E WPROF   : {"Javascript": {"url": "http://m.addthis.com/live/red_lojson/300lo.json?si=59534a98d577b6bf&bkl=0&bl=1&pdt=2119&sid=59534a98d577b6bf&pub=ra-53e918f660794f37&rev=v7.15.4-wp&ln=ko&pc=men&cb=0&ab=-&dp=searchengineland.com&fp=time-running-score-deepest-discounts-martech-san-francisco-269787&fr=&of=0&pd=0&irt=0&vcl=0&md=0&ct=1&", "requestTime": 24287.324759}}
06-28 15:20:10.379  4110  4158 E chromium: [ERROR:gles2_cmd_decoder.cc(3852)] [.ChromiumCompositor-0xacbb2fc0]GL ERROR :GL_INVALID_ENUM : glDiscardFramebufferEXT: attachments was GL_COLOR_EXT
06-28 15:20:10.623  4180  4193 E WPROF   : {"Javascript": {"url": "https://tpc.googlesyndication.com/pagead/js/r20170619/r20110914/client/ext/m_window_focus_non_hydra.js", "requestTime": 24287.678649}}
06-28 15:20:10.625  4180  4193 E WPROF   : {"Javascript": {"url": "https://tpc.googlesyndication.com/pagead/js/r20170619/r20110914/activeview/osd_listener.js", "requestTime": 24287.680918}}
06-28 15:20:10.630  4180  4193 E WPROF   : {"Javascript": {"url": "http://pagead2.googlesyndication.com/pagead/osd.js", "requestTime": 24287.685383}}
06-28 15:20:11.003  4180  4193 E WPROF   : {"Javascript": {"url": "https://platform.twitter.com/js/button.b731e6c82269f70f6fc53634e044a4c6.js", "requestTime": 24288.058383}}
06-28 15:20:11.008  4180  4193 E WPROF   : {"Javascript": {"url": "http://munchkin.marketo.net/151/munchkin.js", "requestTime": 24288.063735}}
06-28 15:20:11.242  4180  4193 E WPROF   : {"Javascript": {"url": "http://www.justuno.com/ajax/account_version_check.html?id=828FA275-FF73-401E-AA39-40F5A6FAB6B1", "requestTime": 24288.297499}}
06-28 15:20:11.251  4180  4193 E WPROF   : {"Javascript": {"url": "http://s7.addthis.com/static/layers.4acb6c577b51939661ec.js", "requestTime": 24288.306785}}
06-28 15:20:12.177  4180  4193 E WPROF   : {"Javascript": {"url": "https://www.google.com/js/bg/KWBfAnWFESAEEaKKgdYlTHY9ysQaNoQuzeMFqvxDSM8.js", "requestTime": 24289.232719}}
06-28 15:20:12.180  4180  4193 E WPROF   : {"Javascript": {"url": "https://static.doubleclick.net/instream/ad_status.js", "requestTime": 24289.235311}}
06-28 15:20:12.371  4110  4158 E chromium: [ERROR:gles2_cmd_decoder.cc(3852)] [.ChromiumCompositor-0xacbb2fc0]GL ERROR :GL_INVALID_ENUM : glDiscardFramebufferEXT: attachments was GL_COLOR_EXT
06-28 15:20:12.724  4180  4193 E WPROF   : {"Javascript": {"url": "https://app-sj02.marketo.com/js/forms2/js/forms2.min.js", "requestTime": 24289.779955}}
06-28 15:20:12.824  4110  4158 E chromium: [ERROR:gles2_cmd_decoder.cc(3852)] [.ChromiumCompositor-0xacbb2fc0]GL ERROR :GL_INVALID_ENUM : glDiscardFramebufferEXT: attachments was GL_COLOR_EXT
06-28 15:20:13.177  4110  4158 E chromium: [ERROR:gles2_cmd_decoder.cc(3852)] [.ChromiumCompositor-0xacbb2fc0]GL ERROR :GL_INVALID_ENUM : glDiscardFramebufferEXT: attachments was GL_COLOR_EXT
06-28 15:20:13.360  4110  4158 E chromium: [ERROR:gles2_cmd_decoder.cc(3852)] [.ChromiumCompositor-0xacbb2fc0]GL ERROR :GL_INVALID_ENUM : glDiscardFramebufferEXT: attachments was GL_COLOR_EXT
06-28 15:20:15.950  4180  4193 E WPROF   : {"Javascript": {"url": "http://cdn.justuno.com/mwgt_3.6.js", "requestTime": 24293.005464}}
06-28 15:20:16.116  4110  4158 E chromium: [ERROR:gles2_cmd_decoder.cc(3852)] [.ChromiumCompositor-0xacbb2fc0]GL ERROR :GL_INVALID_ENUM : glDiscardFramebufferEXT: attachments was GL_COLOR_EXT
06-28 15:20:16.246  4110  4158 E chromium: [ERROR:gles2_cmd_decoder.cc(3852)] [.ChromiumCompositor-0xacbb2fc0]GL ERROR :GL_INVALID_ENUM : glDiscardFramebufferEXT: attachments was GL_COLOR_EXT
06-28 15:20:16.347  4110  4158 E chromium: [ERROR:gles2_cmd_decoder.cc(3852)] [.ChromiumCompositor-0xacbb2fc0]GL ERROR :GL_INVALID_ENUM : glDiscardFramebufferEXT: attachments was GL_COLOR_EXT
06-28 15:20:16.566  4110  4158 E chromium: [ERROR:gles2_cmd_decoder.cc(3852)] [.ChromiumCompositor-0xacbb2fc0]GL ERROR :GL_INVALID_ENUM : glDiscardFramebufferEXT: attachments was GL_COLOR_EXT
06-28 15:20:16.843  4180  4193 E WPROF   : {"Javascript": {"url": "https://cdn.syndication.twimg.com/widgets/followbutton/info.json?callback=__twttr.setFollowersCountAndFollowing&lang=en&screen_names=sengineland", "requestTime": 24293.898889}}
06-28 15:20:17.182  4110  4158 E chromium: [ERROR:gles2_cmd_decoder.cc(3852)] [.ChromiumCompositor-0xacbb2fc0]GL ERROR :GL_INVALID_ENUM : glDiscardFramebufferEXT: attachments was GL_COLOR_EXT
06-28 15:20:17.605  4110  4158 E chromium: [ERROR:gles2_cmd_decoder.cc(3852)] [.ChromiumCompositor-0xacbb2fc0]GL ERROR :GL_INVALID_ENUM : glDiscardFramebufferEXT: attachments was GL_COLOR_EXT
06-28 15:20:18.003  4180  4193 E WProf.db: {"page": "searchengineland.com_time-running-score-deepest-discounts-martech-san-francisco-269787"}
06-28 15:20:18.003  4180  4193 E WProf.db: {"DOMLoad": 24295.058619}
06-28 15:20:18.003  4180  4193 E WProf.db: {"Resource": {"id": 1, "url": "http://searchengineland.com/time-running-score-deepest-discounts-martech-san-francisco-269787", "sentTime": -1.000000, "len": 92192, "from": "0x0", "mimeType": "text/html", "contentLength": -1, "httpStatus": 200, "connId": 20, "connReused": 1, "cached": 0,"requestTime": 24281.669094, "proxyStart": -1, "proxyEnd": -1, "dnsStart": -1, "dnsEnd": -1, "connectStart": 0, "connectEnd": 50, "sendStart": 50, "sendEnd": 50, "receiveHeadersEnd": 208, "sslStart": -1, "sslEnd": -1}}
06-28 15:20:18.003  4180  4193 E WProf.db: {"ReceivedChunk": {"receivedTime": 24281.893531, "len": 7897}}
06-28 15:20:18.003  4180  4193 E WProf.db: {"ReceivedChunk": {"receivedTime": 24281.967094, "len": 32768}}
06-28 15:20:18.003  4180  4193 E WProf.db: {"ReceivedChunk": {"receivedTime": 24281.967494, "len": 32768}}
06-28 15:20:18.003  4180  4193 E WProf.db: {"ReceivedChunk": {"receivedTime": 24281.967976, "len": 3493}}
06-28 15:20:18.003  4180  4193 E WProf.db: {"ReceivedChunk": {"receivedTime": 24282.050078, "len": 12556}}
06-28 15:20:18.004  4180  4193 E WProf.db: {"ReceivedChunk": {"receivedTime": 24282.050461, "len": 2710}}
06-28 15:20:18.004  4180  4193 E WProf.db: {"WprofHTMLTag": {"code": "0xaedd86f0", "doc": "http://searchengineland.com/time-running-score-deepest-discounts-martech-san-francisco-269787", "row": 6, "column": 42, "tagName": "html", "time": 24281.968840, "url": "", "pos": 1, "chunkLen": 1, "isStartTag": 1}}
06-28 15:20:18.004  4180  4193 E WProf.db: {"WprofHTMLTag": {"code": "0xaedd8660", "doc": "http://searchengineland.com/time-running-score-deepest-discounts-martech-san-francisco-269787", "row": 7, "column": 6, "tagName": "head", "time": 24281.969578, "url": "", "pos": 1, "chunkLen": 1, "isStartTag": 1}}
06-28 15:20:18.004  4180  4193 E WProf.db: {"WprofHTMLTag": {"code": "0xaf047790", "doc": "http://searchengineland.com/time-running-score-deepest-discounts-martech-san-francisco-269787", "row": 8, "column": 54, "tagName": "meta", "time": 24281.969624, "url": "", "pos": 1, "chunkLen": 1, "isStartTag": 1}}
06-28 15:20:18.004  4180  4193 E WProf.db: {"WprofHTMLTag": {"code": "0xaf0477c0", "doc": "http://searchengineland.com/time-running-score-deepest-discounts-martech-san-francisco-269787", "row": 9, "column": 68, "tagName": "meta", "time": 24281.969778, "url": "", "pos": 1, "chunkLen": 1, "isStartTag": 1}}
06-28 15:20:18.004  4180  4193 E WProf.db: {"WprofHTMLTag": {"code": "0xaf0477f0", "doc": "http://searchengineland.com/time-running-score-deepest-discounts-martech-san-francisco-269787", "row": 10, "column": 23, "tagName": "meta", "time": 24281.969893, "url": "", "pos": 1, "chunkLen": 1, "isStartTag": 1}}
06-28 15:20:18.004  4180  4193 E WProf.db: {"WprofHTMLTag": {"code": "0xaf047820", "doc": "http://searchengineland.com/time-running-score-deepest-discounts-martech-san-francisco-269787", "row": 11, "column": 52, "tagName": "meta", "time": 24281.970107, "url": "", "pos": 1, "chunkLen": 1, "isStartTag": 1}}
06-28 15:20:18.005  4180  4193 E WProf.db: {"WprofHTMLTag": {"code": "0xaf047850", "doc": "http://searchengineland.com/time-running-score-deepest-discounts-martech-san-francisco-269787", "row": 14, "column": 56, "tagName": "meta", "time": 24281.970254, "url": "", "pos": 1, "chunkLen": 1, "isStartTag": 1}}
06-28 15:20:18.006  4180  4193 E WProf.db: {"WprofHTMLTag": {"code": "0xaf047880", "doc": "http://searchengineland.com/time-running-score-deepest-discounts-martech-san-francisco-269787", "row": 15, "column": 83, "tagName": "meta", "time": 24281.970753, "url": "", "pos": 1, "chunkLen": 1, "isStartTag": 1}}
06-28 15:20:18.006  4180  4193 E WProf.db: {"WprofHTMLTag": {"code": "0xaf0478b0", "doc": "http://searchengineland.com/time-running-score-deepest-discounts-martech-san-francisco-269787", "row": 16, "column": 57, "tagName": "meta", "time": 24281.970887, "url": "", "pos": 1, "chunkLen": 1, "isStartTag": 1}}
06-28 15:20:18.006  4180  4193 E WProf.db: {"WprofHTMLTag": {"code": "0xaf047940", "doc": "http://searchengineland.com/time-running-score-deepest-discounts-martech-san-francisco-269787", "row": 17, "column": 41, "tagName": "meta", "time": 24281.970993, "url": "", "pos": 1, "chunkLen": 1, "isStartTag": 1}}
06-28 15:20:18.006  4180  4193 E WProf.db: {"WprofHTMLTag": {"code": "0xaf047970", "doc": "http://searchengineland.com/time-running-score-deepest-discounts-martech-san-francisco-269787", "row": 18, "column": 50, "tagName": "meta", "time": 24281.971103, "url": "", "pos": 1, "chunkLen": 1, "isStartTag": 1}}
06-28 15:20:18.006  4180  4193 E WProf.db: {"WprofHTMLTag": {"code": "0xaf0479a0", "doc": "http://searchengineland.com/time-running-score-deepest-discounts-martech-san-francisco-269787", "row": 19, "column": 174, "tagName": "meta", "time": 24281.971209, "url": "", "pos": 1, "chunkLen": 1, "isStartTag": 1}}
06-28 15:20:18.007  4180  4193 E WProf.db: {"WprofHTMLTag": {"code": "0xaf047910", "doc": "http://searchengineland.com/time-running-score-deepest-discounts-martech-san-francisco-269787", "row": 20, "column": 47, "tagName": "meta", "time": 24281.971323, "url": "", "pos": 1, "chunkLen": 1, "isStartTag": 1}}
06-28 15:20:18.007  4180  4193 E WProf.db: {"WprofHTMLTag": {"code": "0xaf0478e0", "doc": "http://searchengineland.com/time-running-score-deepest-discounts-martech-san-francisco-269787", "row": 21, "column": 67, "tagName": "meta", "time": 24281.971432, "url": "", "pos": 1, "chunkLen": 1, "isStartTag": 1}}
06-28 15:20:18.007  4180  4193 E WProf.db: {"WprofHTMLTag": {"code": "0xaf0479d0", "doc": "http://searchengineland.com/time-running-score-deepest-discounts-martech-san-francisco-269787", "row": 22, "column": 57, "tagName": "meta", "time": 24281.971541, "url": "", "pos": 1, "chunkLen": 1, "isStartTag": 1}}
06-28 15:20:18.007  4180  4193 E WProf.db: {"WprofHTMLTag": {"code": "0xaf047a00", "doc": "http://searchengineland.com/time-running-score-deepest-discounts-martech-san-francisco-269787", "row": 23, "column": 65, "tagName": "meta", "time": 24281.971657, "url": "", "pos": 1, "chunkLen": 1, "isStartTag": 1}}
06-28 15:20:18.007  4180  4193 E WProf.db: {"WprofHTMLTag": {"code": "0xaf047a30", "doc": "http://searchengineland.com/time-running-score-deepest-discounts-martech-san-francisco-269787", "row": 24, "column": 55, "tagName": "meta", "time": 24281.971762, "url": "", "pos": 1, "chunkLen": 1, "isStartTag": 1}}
06-28 15:20:18.007  4180  4193 E WProf.db: {"WprofHTMLTag": {"code": "0xaf047a60", "doc": "http://searchengineland.com/time-running-score-deepest-discounts-martech-san-francisco-269787", "row": 25, "column": 71, "tagName": "meta", "time": 24281.971874, "url": "", "pos": 1, "chunkLen": 1, "isStartTag": 1}}
06-28 15:20:18.007  4180  4193 E WProf.db: {"WprofHTMLTag": {"code": "0xaf047a90", "doc": "http://searchengineland.com/time-running-score-deepest-discounts-martech-san-francisco-269787", "row": 26, "column": 86, "tagName": "meta", "time": 24281.971988, "url": "", "pos": 1, "chunkLen": 1, "isStartTag": 1}}
06-28 15:20:18.007  4180  4193 E WProf.db: {"WprofHTMLTag": {"code": "0xaf047ac0", "doc": "http://searchengineland.com/time-running-score-deepest-discounts-martech-san-francisco-269787", "row": 27, "column": 54, "tagName": "meta", "time": 24281.972097, "url": "", "pos": 1, "chunkLen": 1, "isStartTag": 1}}
06-28 15:20:18.007  4180  4193 E WProf.db: {"WprofHTMLTag": {"code": "0xaf047af0", "doc": "http://searchengineland.com/time-running-score-deepest-discounts-martech-san-francisco-269787", "row": 29, "column": 39, "tagName": "meta", "time": 24281.972215, "url": "", "pos": 1, "chunkLen": 1, "isStartTag": 1}}
06-28 15:20:18.007  4180  4193 E WProf.db: {"WprofHTMLTag": {"code": "0xaf047b20", "doc": "http://searchengineland.com/time-running-score-deepest-discounts-martech-san-francisco-269787", "row": 30, "column": 180, "tagName": "meta", "time": 24281.972322, "url": "", "pos": 1, "chunkLen": 1, "isStartTag": 1}}
06-28 15:20:18.008  4180  4193 E WProf.db: {"WprofHTMLTag": {"code": "0xaf047b50", "doc": "http://searchengineland.com/time-running-score-deepest-discounts-martech-san-francisco-269787", "row": 31, "column": 55, "tagName": "meta", "time": 24281.972429, "url": "", "pos": 1, "chunkLen": 1, "isStartTag": 1}}
06-28 15:20:18.008  4180  4193 E WProf.db: {"WprofHTMLTag": {"code": "0xaf047b80", "doc": "http://searchengineland.com/time-running-score-deepest-discounts-martech-san-francisco-269787", "row": 32, "column": 54, "tagName": "meta", "time": 24281.972541, "url": "", "pos": 1, "chunkLen": 1, "isStartTag": 1}}
06-28 15:20:18.008  4180  4193 E WProf.db: {"WprofHTMLTag": {"code": "0xaf047bb0", "doc": "http://searchengineland.com/time-running-score-deepest-discounts-martech-san-francisco-269787", "row": 33, "column": 161, "tagName": "meta", "time": 24281.972655, "url": "", "pos": 1, "chunkLen": 1, "isStartTag": 1}}
06-28 15:20:18.008  4180  4193 E WProf.db: {"WprofHTMLTag": {"code": "0xaf047be0", "doc": "http://searchengineland.com/time-running-score-deepest-discounts-martech-san-francisco-269787", "row": 37, "column": 36, "tagName": "script", "time": 24281.972768, "url": "", "pos": 1, "chunkLen": 1, "isStartTag": 1}}
06-28 15:20:18.008  4180  4193 E WProf.db: {"WprofHTMLTag": {"code": "0xaf047c10", "doc": "http://searchengineland.com/time-running-score-deepest-discounts-martech-san-francisco-269787", "row": 53, "column": 10, "tagName": "script", "time": 24281.973025, "url": "", "pos": 1, "chunkLen": 1, "isStartTag": 0}}
06-28 15:20:18.008  4180  4193 E WProf.db: {"WprofHTMLTag": {"code": "0xaedd8720", "doc": "http://searchengineland.com/time-running-score-deepest-discounts-martech-san-francisco-269787", "row": 55, "column": 86, "tagName": "link", "time": 24281.973767, "url": "http://searchengineland.com/apple-touch-icon.png", "pos": 1, "chunkLen": 1, "isStartTag": 1}}
06-28 15:20:18.008  4180  4193 E WProf.db: {"WprofHTMLTag": {"code": "0xaf047c40", "doc": "http://searchengineland.com/time-running-score-deepest-discounts-martech-san-francisco-269787", "row": 56, "column": 76, "tagName": "link", "time": 24281.974075, "url": "http://searchengineland.com/favicon.ico", "pos": 1, "chunkLen": 1, "isStartTag": 1}}
06-28 15:20:18.008  4180  4193 E WProf.db: {"WprofHTMLTag": {"code": "0xaf047c70", "doc": "http://searchengineland.com/time-running-score-deepest-discounts-martech-san-francisco-269787", "row": 57, "column": 158, "tagName": "link", "time": 24281.974278, "url": "http://feeds.searchengineland.com/searchengineland", "pos": 1, "chunkLen": 1, "isStartTag": 1}}
06-28 15:20:18.008  4180  4193 E WProf.db: {"WprofHTMLTag": {"code": "0xaf047ca0", "doc": "http://searchengineland.com/time-running-score-deepest-discounts-martech-san-francisco-269787", "row": 58, "column": 149, "tagName": "link", "time": 24281.974565, "url": "http://feeds.searchengineland.com/searchcap", "pos": 1, "chunkLen": 1, "isStartTag": 1}}
06-28 15:20:18.009  4180  4193 E WProf.db: {"WprofHTMLTag": {"code": "0xaf047cd0", "doc": "http://searchengineland.com/time-running-score-deepest-discounts-martech-san-francisco-269787", "row": 59, "column": 150, "tagName": "link", "time": 24281.974875, "url": "http://searchengineland.com/figz/wp-content/themes/searchengineland/css/searchengineland-bootstrap.css", "pos": 1, "chunkLen": 1, "isStartTag": 1}}
06-28 15:20:18.009  4180  4193 E WProf.db: {"WprofHTMLTag": {"code": "0xaf047d30", "doc": "http://searchengineland.com/time-running-score-deepest-discounts-martech-san-francisco-269787", "row": 60, "column": 105, "tagName": "link", "time": 24281.975738, "url": "http://fonts.googleapis.com/css?family=Oswald:300,400,700", "pos": 1, "chunkLen": 1, "isStartTag": 1}}
06-28 15:20:18.009  4180  4193 E WProf.db: {"WprofHTMLTag": {"code": "0xaf047d90", "doc": "http://searchengineland.com/time-running-score-deepest-discounts-martech-san-francisco-269787", "row": 61, "column": 125, "tagName": "link", "time": 24281.976304, "url": "http://searchengineland.com/figz/wp-content/themes/searchengineland/style.css", "pos": 1, "chunkLen": 1, "isStartTag": 1}}
06-28 15:20:18.009  4180  4193 E WProf.db: {"WprofHTMLTag": {"code": "0xaf047df0", "doc": "http://searchengineland.com/time-running-score-deepest-discounts-martech-san-francisco-269787", "row": 65, "column": 7, "tagName": "title", "time": 24281.976878, "url": "", "pos": 1, "chunkLen": 1, "isStartTag": 1}}
06-28 15:20:18.009  4180  4193 E WProf.db: {"WprofHTMLTag": {"code": "0xaf047e20", "doc": "http://searchengineland.com/time-running-score-deepest-discounts-martech-san-francisco-269787", "row": 65, "column": 90, "tagName": "title", "time": 24281.977118, "url": "", "pos": 1, "chunkLen": 1, "isStartTag": 0}}
06-28 15:20:18.010  4180  4193 E WProf.db: {"WprofHTMLTag": {"code": "0xaf047e50", "doc": "http://searchengineland.com/time-running-score-deepest-discounts-martech-san-francisco-269787", "row": 66, "column": 189, "tagName": "meta", "time": 24281.977141, "url": "", "pos": 1, "chunkLen": 1, "isStartTag": 1}}
06-28 15:20:18.010  4180  4193 E WProf.db: {"WprofHTMLTag": {"code": "0xaf047e80", "doc": "http://searchengineland.com/time-running-score-deepest-discounts-martech-san-francisco-269787", "row": 67, "column": 40, "tagName": "meta", "time": 24281.977255, "url": "", "pos": 1, "chunkLen": 1, "isStartTag": 1}}
06-28 15:20:18.010  4180  4193 E WProf.db: {"WprofHTMLTag": {"code": "0xaf047eb0", "doc": "http://searchengineland.com/time-running-score-deepest-discounts-martech-san-francisco-269787", "row": 68, "column": 135, "tagName": "meta", "time": 24281.977366, "url": "", "pos": 1, "chunkLen": 1, "isStartTag": 1}}
06-28 15:20:18.010  4180  4193 E WProf.db: {"WprofHTMLTag": {"code": "0xaf047ee0", "doc": "http://searchengineland.com/time-running-score-deepest-discounts-martech-san-francisco-269787", "row": 69, "column": 37, "tagName": "meta", "time": 24281.977476, "url": "", "pos": 1, "chunkLen": 1, "isStartTag": 1}}
06-28 15:20:18.010  4180  4193 E WProf.db: {"WprofHTMLTag": {"code": "0xaf047f10", "doc": "http://searchengineland.com/time-running-score-deepest-discounts-martech-san-francisco-269787", "row": 70, "column": 125, "tagName": "link", "time": 24281.977583, "url": "http://searchengineland.com/time-running-score-deepest-discounts-martech-san-francisco-269787", "pos": 1, "chunkLen": 1, "isStartTag": 1}}
06-28 15:20:18.010  4180  4193 E WProf.db: {"WprofHTMLTag": {"code": "0xaf047f40", "doc": "http://searchengineland.com/time-running-score-deepest-discounts-martech-san-francisco-269787", "row": 71, "column": 76, "tagName": "link", "time": 24281.977773, "url": "https://plus.google.com/103218677032751327334", "pos": 1, "chunkLen": 1, "isStartTag": 1}}
06-28 15:20:18.010  4180  4193 E WProf.db: {"WprofHTMLTag": {"code": "0xaf047f70", "doc": "http://searchengineland.com/time-running-score-deepest-discounts-martech-san-francisco-269787", "row": 72, "column": 45, "tagName": "meta", "time": 24281.977954, "url": "", "pos": 1, "chunkLen": 1, "isStartTag": 1}}
06-28 15:20:18.011  4180  4193 E WProf.db: {"WprofHTMLTag": {"code": "0xaf047fa0", "doc": "http://searchengineland.com/time-running-score-deepest-discounts-martech-san-francisco-269787", "row": 73, "column": 45, "tagName": "meta", "time": 24281.978069, "url": "", "pos": 1, "chunkLen": 1, "isStartTag": 1}}
06-28 15:20:18.011  4180  4193 E WProf.db: {"WprofHTMLTag": {"code": "0xaf047fd0", "doc": "http://searchengineland.com/time-running-score-deepest-discounts-martech-san-francisco-269787", "row": 74, "column": 114, "tagName": "meta", "time": 24281.978190, "url": "", "pos": 1, "chunkLen": 1, "isStartTag": 1}}
06-28 15:20:18.011  4180  4193 E WProf.db: {"WprofHTMLTag": {"code": "0xb4cc74b0", "doc": "http://searchengineland.com/time-running-score-deepest-discounts-martech-san-francisco-269787", "row": 75, "column": 197, "tagName": "meta", "time": 24281.978314, "url": "", "pos": 1, "chunkLen": 1, "isStartTag": 1}}
06-28 15:20:18.011  4180  4193 E WProf.db: {"WprofHTMLTag": {"code": "0xb4cc7540", "doc": "http://searchengineland.com/time-running-score-deepest-discounts-martech-san-francisco-269787", "row": 76, "column": 130, "tagName": "meta", "time": 24281.978434, "url": "", "pos": 1, "chunkLen": 1, "isStartTag": 1}}
06-28 15:20:18.011  4180  4193 E WProf.db: {"WprofHTMLTag": {"code": "0xb4cc78a0", "doc": "http://searchengineland.com/time-running-score-deepest-discounts-martech-san-francisco-269787", "row": 77, "column": 61, "tagName": "meta", "time": 24281.978553, "url": "", "pos": 1, "chunkLen": 1, "isStartTag": 1}}
06-28 15:20:18.011  4180  4193 E WProf.db: {"WprofHTMLTag": {"code": "0xb4cc78d0", "doc": "http://searchengineland.com/time-running-score-deepest-discounts-martech-san-francisco-269787", "row": 78, "column": 89, "tagName": "meta", "time": 24281.978672, "url": "", "pos": 1, "chunkLen": 1, "isStartTag": 1}}
06-28 15:20:18.011  4180  4193 E WProf.db: {"WprofHTMLTag": {"code": "0xb4cc7900", "doc": "http://searchengineland.com/time-running-score-deepest-discounts-martech-san-francisco-269787", "row": 79, "column": 63, "tagName": "meta", "time": 24281.978792, "url": "", "pos": 1, "chunkLen": 1, "isStartTag": 1}}
06-28 15:20:18.011  4180  4193 E WProf.db: {"WprofHTMLTag": {"code": "0xb4cc7930", "doc": "http://searchengineland.com/time-running-score-deepest-discounts-martech-san-francisco-269787", "row": 80, "column": 78, "tagName": "meta", "time": 24281.978906, "url": "", "pos": 1, "chunkLen": 1, "isStartTag": 1}}
06-28 15:20:18.011  4180  4193 E WProf.db: {"WprofHTMLTag": {"code": "0xb4cc7960", "doc": "http://searchengineland.com/time-running-score-deepest-discounts-martech-san-francisco-269787", "row": 81, "column": 77, "tagName": "meta", "time": 24281.979020, "url": "", "pos": 1, "chunkLen": 1, "isStartTag": 1}}
06-28 15:20:18.012  4180  4193 E WProf.db: {"WprofHTMLTag": {"code": "0xb4cc7990", "doc": "http://searchengineland.com/time-running-score-deepest-discounts-martech-san-francisco-269787", "row": 82, "column": 71, "tagName": "meta", "time": 24281.979147, "url": "", "pos": 1, "chunkLen": 1, "isStartTag": 1}}
06-28 15:20:18.012  4180  4193 E WProf.db: {"WprofHTMLTag": {"code": "0xb4cc79c0", "doc": "http://searchengineland.com/time-running-score-deepest-discounts-martech-san-francisco-269787", "row": 83, "column": 155, "tagName": "meta", "time": 24281.979254, "url": "", "pos": 1, "chunkLen": 1, "isStartTag": 1}}
06-28 15:20:18.012  4180  4193 E WProf.db: {"WprofHTMLTag": {"code": "0xb4cc79f0", "doc": "http://searchengineland.com/time-running-score-deepest-discounts-martech-san-francisco-269787", "row": 84, "column": 58, "tagName": "meta", "time": 24281.979360, "url": "", "pos": 1, "chunkLen": 1, "isStartTag": 1}}
06-28 15:20:18.012  4180  4193 E WProf.db: {"WprofHTMLTag": {"code": "0xb4cc7a20", "doc": "http://searchengineland.com/time-running-score-deepest-discounts-martech-san-francisco-269787", "row": 85, "column": 198, "tagName": "meta", "time": 24281.979465, "url": "", "pos": 1, "chunkLen": 1, "isStartTag": 1}}
06-28 15:20:18.012  4180  4193 E WProf.db: {"WprofHTMLTag": {"code": "0xb4cc7a50", "doc": "http://searchengineland.com/time-running-score-deepest-discounts-martech-san-francisco-269787", "row": 86, "column": 115, "tagName": "meta", "time": 24281.979651, "url": "", "pos": 1, "chunkLen": 1, "isStartTag": 1}}
06-28 15:20:18.012  4180  4193 E WProf.db: {"WprofHTMLTag": {"code": "0xb4cc7a80", "doc": "http://searchengineland.com/time-running-score-deepest-discounts-martech-san-francisco-269787", "row": 87, "column": 51, "tagName": "meta", "time": 24281.979764, "url": "", "pos": 1, "chunkLen": 1, "isStartTag": 1}}
06-28 15:20:18.012  4180  4193 E WProf.db: {"WprofHTMLTag": {"code": "0xb4cc7ab0", "doc": "http://searchengineland.com/time-running-score-deepest-discounts-martech-san-francisco-269787", "row": 88, "column": 156, "tagName": "meta", "time": 24281.979866, "url": "", "pos": 1, "chunkLen": 1, "isStartTag": 1}}
06-28 15:20:18.012  4180  4193 E WProf.db: {"WprofHTMLTag": {"code": "0xb4cc7ae0", "doc": "http://searchengineland.com/time-running-score-deepest-discounts-martech-san-francisco-269787", "row": 89, "column": 54, "tagName": "meta", "time": 24281.979970, "url": "", "pos": 1, "chunkLen": 1, "isStartTag": 1}}
06-28 15:20:18.012  4180  4193 E WProf.db: {"WprofHTMLTag": {"code": "0xb4cc7b10", "doc": "http://searchengineland.com/time-running-score-deepest-discounts-martech-san-francisco-269787", "row": 92, "column": 44, "tagName": "link", "time": 24281.980118, "url": "http://s.w.org/", "pos": 1, "chunkLen": 1, "isStartTag": 1}}
06-28 15:20:18.013  4180  4193 E WProf.db: {"WprofHTMLTag": {"code": "0xb4cc7b40", "doc": "http://searchengineland.com/time-running-score-deepest-discounts-martech-san-francisco-269787", "row": 93, "column": 33, "tagName": "script", "time": 24281.980334, "url": "", "pos": 1, "chunkLen": 1, "isStartTag": 1}}
06-28 15:20:18.013  4180  4193 E WProf.db: {"WprofHTMLTag": {"code": "0xb4cc7b70", "doc": "http://searchengineland.com/time-running-score-deepest-discounts-martech-san-francisco-269787", "row": 96, "column": 11, "tagName": "script", "time": 24281.983293, "url": "http://searchengineland.com/figz/wp-includes/js/wp-emoji-release.min.js?ver=4.7.5", "pos": 1, "chunkLen": 1, "isStartTag": 0}}
06-28 15:20:18.013  4180  4193 E WProf.db: {"WprofHTMLTag": {"code": "0x9ccce810", "doc": "http://searchengineland.com/time-running-score-deepest-discounts-martech-san-francisco-269787", "row": 97, "column": 25, "tagName": "style", "time": 24282.547510, "url": "", "pos": 1, "chunkLen": 1, "isStartTag": 1}}
06-28 15:20:18.013  4180  4193 E WProf.db: {"WprofHTMLTag": {"code": "0x9ccce840", "doc": "http://searchengineland.com/time-running-score-deepest-discounts-martech-san-francisco-269787", "row": 110, "column": 8, "tagName": "style", "time": 24282.547814, "url": "", "pos": 1, "chunkLen": 1, "isStartTag": 0}}
06-28 15:20:18.013  4180  4193 E WProf.db: {"WprofHTMLTag": {"code": "0x9ccce870", "doc": "http://searchengineland.com/time-running-score-deepest-discounts-martech-san-francisco-269787", "row": 111, "column": 140, "tagName": "script", "time": 24282.551575, "url": "http://searchengineland.com/figz/wp-content/themes/searchengineland/js/lib/modernizr.custom.js?ver=1.0", "pos": 1, "chunkLen": 1, "isStartTag": 1}}
06-28 15:20:18.013  4180  4193 E WProf.db: {"WprofHTMLTag": {"code": "0x9ccce8a0", "doc": "http://searchengineland.com/time-running-score-deepest-discounts-martech-san-francisco-269787", "row": 111, "column": 149, "tagName": "script", "time": 24282.551816, "url": "", "pos": 1, "chunkLen": 1, "isStartTag": 0}}
06-28 15:20:18.013  4180  4193 E WProf.db: {"WprofHTMLTag": {"code": "0x9ccce930", "doc": "http://searchengineland.com/time-running-score-deepest-discounts-martech-san-francisco-269787", "row": 112, "column": 144, "tagName": "script", "time": 24282.558836, "url": "http://searchengineland.com/figz/wp-content/themes/searchengineland/js/lib/jquery-1.11.0.min.js?ver=1.11.0", "pos": 1, "chunkLen": 1, "isStartTag": 1}}
06-28 15:20:18.013  4180  4193 E WProf.db: {"WprofHTMLTag": {"code": "0x9ccce960", "doc": "http://searchengineland.com/time-running-score-deepest-discounts-martech-san-francisco-269787", "row": 112, "column": 153, "tagName": "script", "time": 24282.559094, "url": "", "pos": 1, "chunkLen": 1, "isStartTag": 0}}
06-28 15:20:18.014  4180  4193 E WProf.db: {"WprofHTMLTag": {"code": "0xaedd8fc0", "doc": "http://searchengineland.com/time-running-score-deepest-discounts-martech-san-francisco-269787", "row": 0, "column": 15, "tagName": "div", "time": 24282.622032, "url": "", "pos": 15, "chunkLen": 44, "isStartTag": 1}}
06-28 15:20:18.014  4180  4193 E WProf.db: {"WprofHTMLTag": {"code": "0xaedd8f90", "doc": "http://searchengineland.com/time-running-score-deepest-discounts-martech-san-francisco-269787", "row": 0, "column": 21, "tagName": "div", "time": 24282.622156, "url": "", "pos": 21, "chunkLen": 44, "isStartTag": 0}}
06-28 15:20:18.014  4180  4193 E WProf.db: {"WprofHTMLTag": {"code": "0xaedd8c00", "doc": "http://searchengineland.com/time-running-score-deepest-discounts-martech-san-francisco-269787", "row": 0, "column": 38, "tagName": "div", "time": 24282.622226, "url": "", "pos": 38, "chunkLen": 44, "isStartTag": 1}}
06-28 15:20:18.014  4180  4193 E WProf.db: {"WprofHTMLTag": {"code": "0xaedd8f60", "doc": "http://searchengineland.com/time-running-score-deepest-discounts-martech-san-francisco-269787", "row": 0, "column": 44, "tagName": "div", "time": 24282.622335, "url": "", "pos": 44, "chunkLen": 44, "isStartTag": 0}}
06-28 15:20:18.014  4180  4193 E WProf.db: {"WprofHTMLTag": {"code": "0xaedd8f30", "doc": "http://searchengineland.com/time-running-score-deepest-discounts-martech-san-francisco-269787", "row": 0, "column": 13, "tagName": "select", "time": 24282.623619, "url": "", "pos": 13, "chunkLen": 51, "isStartTag": 1}}
06-28 15:20:18.014  4180  4193 E WProf.db: {"WprofHTMLTag": {"code": "0x9ccce990", "doc": "http://searchengineland.com/time-running-score-deepest-discounts-martech-san-francisco-269787", "row": 0, "column": 33, "tagName": "option", "time": 24282.623782, "url": "", "pos": 33, "chunkLen": 51, "isStartTag": 1}}
06-28 15:20:18.014  4180  4193 E WProf.db: {"WprofHTMLTag": {"code": "0x9ccce9c0", "doc": "http://searchengineland.com/time-running-score-deepest-discounts-martech-san-francisco-269787", "row": 0, "column": 42, "tagName": "option", "time": 24282.623968, "url": "", "pos": 42, "chunkLen": 51, "isStartTag": 0}}
06-28 15:20:18.014  4180  4193 E WProf.db: {"WprofHTMLTag": {"code": "0x9ccce9f0", "doc": "http://searchengineland.com/time-running-score-deepest-discounts-martech-san-francisco-269787", "row": 0, "column": 51, "tagName": "select", "time": 24282.624021, "url": "", "pos": 51, "chunkLen": 51, "isStartTag": 0}}
06-28 15:20:18.015  4180  4193 E WProf.db: {"WprofHTMLTag": {"code": "0x9cccea20", "doc": "http://searchengineland.com/time-running-score-deepest-discounts-martech-san-francisco-269787", "row": 0, "column": 12, "tagName": "a", "time": 24282.628516, "url": "", "pos": 12, "chunkLen": 16, "isStartTag": 1}}
06-28 15:20:18.015  4180  4193 E WProf.db: {"WprofHTMLTag": {"code": "0x9cccea50", "doc": "http://searchengineland.com/time-running-score-deepest-discounts-martech-san-francisco-269787", "row": 0, "column": 16, "tagName": "a", "time": 24282.628672, "url": "", "pos": 16, "chunkLen": 16, "isStartTag": 0}}
06-28 15:20:18.015  4180  4193 E WProf.db: {"WprofHTMLTag": {"code": "0x9cccea80", "doc": "http://searchengineland.com/time-running-score-deepest-discounts-martech-san-francisco-269787", "row": 0, "column": 8, "tagName": "input", "time": 24282.629673, "url": "", "pos": 8, "chunkLen": 8, "isStartTag": 1}}
06-28 15:20:18.015  4180  4193 E WProf.db: {"WprofHTMLTag": {"code": "0x9ccceab0", "doc": "http://searchengineland.com/time-running-score-deepest-discounts-martech-san-francisco-269787", "row": 0, "column": 9, "tagName": "link", "time": 24282.638412, "url": "", "pos": 9, "chunkLen": 42, "isStartTag": 1}}
06-28 15:20:18.016  4180  4193 E WProf.db: {"WprofHTMLTag": {"code": "0x9ccceae0", "doc": "http://searchengineland.com/time-running-score-deepest-discounts-martech-san-francisco-269787", "row": 0, "column": 16, "tagName": "table", "time": 24282.638528, "url": "", "pos": 16, "chunkLen": 42, "isStartTag": 1}}
06-28 15:20:18.016  4180  4193 E WProf.db: {"WprofHTMLTag": {"code": "0x9ccceb10", "doc": "http://searchengineland.com/time-running-score-deepest-discounts-martech-san-francisco-269787", "row": 0, "column": 24, "tagName": "table", "time": 24282.638640, "url": "", "pos": 24, "chunkLen": 42, "isStartTag": 0}}
06-28 15:20:18.016  4180  4193 E WProf.db: {"WprofHTMLTag": {"code": "0x9ccceb40", "doc": "http://searchengineland.com/time-running-score-deepest-discounts-martech-san-francisco-269787", "row": 0, "column": 37, "tagName": "a", "time": 24282.638704, "url": "", "pos": 37, "chunkLen": 42, "isStartTag": 1}}
06-28 15:20:18.016  4180  4193 E WProf.db: {"WprofHTMLTag": {"code": "0x9ccceb70", "doc": "http://searchengineland.com/time-running-score-deepest-discounts-martech-san-francisco-269787", "row": 0, "column": 42, "tagName": "a", "time": 24282.638878, "url": "", "pos": 42, "chunkLen": 42, "isStartTag": 0}}
06-28 15:20:18.016  4180  4193 E WProf.db: {"WprofHTMLTag": {"code": "0x9cccec00", "doc": "http://searchengineland.com/time-running-score-deepest-discounts-martech-san-francisco-269787", "row": 0, "column": 10, "tagName": "textarea", "time": 24282.639956, "url": "", "pos": 10, "chunkLen": 22, "isStartTag": 1}}
06-28 15:20:18.016  4180  4193 E WProf.db: {"WprofHTMLTag": {"code": "0x9cccec30", "doc": "http://searchengineland.com/time-running-score-deepest-discounts-martech-san-francisco-269787", "row": 0, "column": 22, "tagName": "textarea", "time": 24282.640182, "url": "", "pos": 22, "chunkLen": 22, "isStartTag": 0}}
06-28 15:20:18.016  4180  4193 E WProf.db: {"WprofHTMLTag": {"code": "0x9cccec60", "doc": "http://searchengineland.com/time-running-score-deepest-discounts-martech-san-francisco-269787", "row": 0, "column": 48, "tagName": "input", "time": 24282.641288, "url": "", "pos": 48, "chunkLen": 48, "isStartTag": 1}}
06-28 15:20:18.017  4180  4193 E WProf.db: {"WprofHTMLTag": {"code": "0x9cccecc0", "doc": "http://searchengineland.com/time-running-score-deepest-discounts-martech-san-francisco-269787", "row": 0, "column": 9, "tagName": "link", "time": 24282.645833, "url": "", "pos": 9, "chunkLen": 66, "isStartTag": 1}}
06-28 15:20:18.017  4180  4193 E WProf.db: {"WprofHTMLTag": {"code": "0x9cccecf0", "doc": "http://searchengineland.com/time-running-score-deepest-discounts-martech-san-francisco-269787", "row": 0, "column": 16, "tagName": "table", "time": 24282.645950, "url": "", "pos": 16, "chunkLen": 66, "isStartTag": 1}}
06-28 15:20:18.017  4180  4193 E WProf.db: {"WprofHTMLTag": {"code": "0x9ccced20", "doc": "http://searchengineland.com/time-running-score-deepest-discounts-martech-san-francisco-269787", "row": 0, "column": 24, "tagName": "table", "time": 24282.646026, "url": "", "pos": 24, "chunkLen": 66, "isStartTag": 0}}
06-28 15:20:18.017  4180  4193 E WProf.db: {"WprofHTMLTag": {"code": "0x9ccced50", "doc": "http://searchengineland.com/time-running-score-deepest-discounts-martech-san-francisco-269787", "row": 0, "column": 37, "tagName": "a", "time": 24282.646090, "url": "", "pos": 37, "chunkLen": 66, "isStartTag": 1}}
06-28 15:20:18.017  4180  4193 E WProf.db: {"WprofHTMLTag": {"code": "0x9ccced80", "doc": "http://searchengineland.com/time-running-score-deepest-discounts-martech-san-francisco-269787", "row": 0, "column": 42, "tagName": "a", "time": 24282.646267, "url": "", "pos": 42, "chunkLen": 66, "isStartTag": 0}}
06-28 15:20:18.017  4180  4193 E WProf.db: {"WprofHTMLTag": {"code": "0x9cccedb0", "doc": "http://searchengineland.com/time-running-score-deepest-discounts-martech-san-francisco-269787", "row": 0, "column": 66, "tagName": "input", "time": 24282.646331, "url": "", "pos": 66, "chunkLen": 66, "isStartTag": 1}}
06-28 15:20:18.017  4180  4193 E WProf.db: {"WprofHTMLTag": {"code": "0x9cccee40", "doc": "http://searchengineland.com/time-running-score-deepest-discounts-martech-san-francisco-269787", "row": 0, "column": 9, "tagName": "link", "time": 24282.648124, "url": "", "pos": 9, "chunkLen": 66, "isStartTag": 1}}
06-28 15:20:18.017  4180  4193 E WProf.db: {"WprofHTMLTag": {"code": "0x9cccee70", "doc": "http://searchengineland.com/time-running-score-deepest-discounts-martech-san-francisco-269787", "row": 0, "column": 16, "tagName": "table", "time": 24282.648226, "url": "", "pos": 16, "chunkLen": 66, "isStartTag": 1}}
06-28 15:20:18.017  4180  4193 E WProf.db: {"WprofHTMLTag": {"code": "0x9ccceea0", "doc": "http://searchengineland.com/time-running-score-deepest-discounts-martech-san-francisco-269787", "row": 0, "column": 24, "tagName": "table", "time": 24282.648294, "url": "", "pos": 24, "chunkLen": 66, "isStartTag": 0}}
06-28 15:20:18.018  4180  4193 E WProf.db: {"WprofHTMLTag": {"code": "0x9ccceed0", "doc": "http://searchengineland.com/time-running-score-deepest-discounts-martech-san-francisco-269787", "row": 0, "column": 37, "tagName": "a", "time": 24282.648352, "url": "", "pos": 37, "chunkLen": 66, "isStartTag": 1}}
06-28 15:20:18.018  4180  4193 E WProf.db: {"WprofHTMLTag": {"code": "0x9cccef00", "doc": "http://searchengineland.com/time-running-score-deepest-discounts-martech-san-francisco-269787", "row": 0, "column": 42, "tagName": "a", "time": 24282.648517, "url": "", "pos": 42, "chunkLen": 66, "isStartTag": 0}}
06-28 15:20:18.018  4180  4193 E WProf.db: {"WprofHTMLTag": {"code": "0x9cccef30", "doc": "http://searchengineland.com/time-running-score-deepest-discounts-martech-san-francisco-269787", "row": 0, "column": 66, "tagName": "input", "time": 24282.648576, "url": "", "pos": 66, "chunkLen": 66, "isStartTag": 1}}
06-28 15:20:18.018  4180  4193 E WProf.db: {"WprofHTMLTag": {"code": "0x9cccef90", "doc": "http://searchengineland.com/time-running-score-deepest-discounts-martech-san-francisco-269787", "row": 0, "column": 9, "tagName": "link", "time": 24282.653228, "url": "", "pos": 9, "chunkLen": 66, "isStartTag": 1}}
06-28 15:20:18.018  4180  4193 E WProf.db: {"WprofHTMLTag": {"code": "0x9cccefc0", "doc": "http://searchengineland.com/time-running-score-deepest-discounts-martech-san-francisco-269787", "row": 0, "column": 16, "tagName": "table", "time": 24282.653353, "url": "", "pos": 16, "chunkLen": 66, "isStartTag": 1}}
06-28 15:20:18.018  4180  4193 E WProf.db: {"WprofHTMLTag": {"code": "0x9ccceff0", "doc": "http://searchengineland.com/time-running-score-deepest-discounts-martech-san-francisco-269787", "row": 0, "column": 24, "tagName": "table", "time": 24282.653435, "url": "", "pos": 24, "chunkLen": 66, "isStartTag": 0}}
