06-28 12:45:05.870 16273 16320 E chromium: [ERROR:gles2_cmd_decoder.cc(3852)] [.ChromiumCompositor-0xacbb2fc0]GL ERROR :GL_INVALID_ENUM : glDiscardFramebufferEXT: attachments was GL_COLOR_EXT
06-28 12:45:05.880 16273 16320 E chromium: [ERROR:gles2_cmd_decoder.cc(3852)] [.ChromiumCompositor-0xacbb2fc0]GL ERROR :GL_INVALID_ENUM : glDiscardFramebufferEXT: attachments was GL_COLOR_EXT
06-28 12:45:05.897 16273 16320 E chromium: [ERROR:gles2_cmd_decoder.cc(3852)] [.ChromiumCompositor-0xacbb2fc0]GL ERROR :GL_INVALID_ENUM : glDiscardFramebufferEXT: attachments was GL_COLOR_EXT
06-28 12:45:05.913 16273 16320 E chromium: [ERROR:gles2_cmd_decoder.cc(3852)] [.ChromiumCompositor-0xacbb2fc0]GL ERROR :GL_INVALID_ENUM : glDiscardFramebufferEXT: attachments was GL_COLOR_EXT
06-28 12:45:05.931 16273 16320 E chromium: [ERROR:gles2_cmd_decoder.cc(3852)] [.ChromiumCompositor-0xacbb2fc0]GL ERROR :GL_INVALID_ENUM : glDiscardFramebufferEXT: attachments was GL_COLOR_EXT
06-28 12:45:05.945 16273 16320 E chromium: [ERROR:gles2_cmd_decoder.cc(3852)] [.ChromiumCompositor-0xacbb2fc0]GL ERROR :GL_INVALID_ENUM : glDiscardFramebufferEXT: attachments was GL_COLOR_EXT
06-28 12:45:05.963 16273 16320 E chromium: [ERROR:gles2_cmd_decoder.cc(3852)] [.ChromiumCompositor-0xacbb2fc0]GL ERROR :GL_INVALID_ENUM : glDiscardFramebufferEXT: attachments was GL_COLOR_EXT
06-28 12:45:05.981 16273 16320 E chromium: [ERROR:gles2_cmd_decoder.cc(3852)] [.ChromiumCompositor-0xacbb2fc0]GL ERROR :GL_INVALID_ENUM : glDiscardFramebufferEXT: attachments was GL_COLOR_EXT
06-28 12:45:06.001 16273 16320 E chromium: [ERROR:gles2_cmd_decoder.cc(3852)] [.ChromiumCompositor-0xacbb2fc0]GL ERROR :GL_INVALID_ENUM : glDiscardFramebufferEXT: attachments was GL_COLOR_EXT
06-28 12:45:06.022 16273 16320 E chromium: [ERROR:gles2_cmd_decoder.cc(3852)] [.ChromiumCompositor-0xacbb2fc0]GL ERROR :GL_INVALID_ENUM : glDiscardFramebufferEXT: attachments was GL_COLOR_EXT
06-28 12:45:06.034 16273 16320 E chromium: [ERROR:gles2_cmd_decoder.cc(3852)] [.ChromiumCompositor-0xacbb2fc0]GL ERROR :GL_INVALID_ENUM : glDiscardFramebufferEXT: attachments was GL_COLOR_EXT
06-28 12:45:06.049 16273 16320 E chromium: [ERROR:gles2_cmd_decoder.cc(3852)] [.ChromiumCompositor-0xacbb2fc0]GL ERROR :GL_INVALID_ENUM : glDiscardFramebufferEXT: attachments was GL_COLOR_EXT
06-28 12:45:06.061 16273 16320 E chromium: [ERROR:gles2_cmd_decoder.cc(3852)] [.ChromiumCompositor-0xacbb2fc0]GL ERROR :GL_INVALID_ENUM : glDiscardFramebufferEXT: attachments was GL_COLOR_EXT
06-28 12:45:06.073 16340 16353 E WPROF   : {"Javascript": {"url": "https://3p.ampproject.net/1498506512561/f.js", "requestTime": 14983.129012}}
06-28 12:45:06.081 16273 16320 E chromium: [ERROR:gles2_cmd_decoder.cc(3852)] [.ChromiumCompositor-0xacbb2fc0]GL ERROR :GL_INVALID_ENUM : glDiscardFramebufferEXT: attachments was GL_COLOR_EXT
06-28 12:45:06.095 16273 16320 E chromium: [ERROR:gles2_cmd_decoder.cc(3852)] [.ChromiumCompositor-0xacbb2fc0]GL ERROR :GL_INVALID_ENUM : glDiscardFramebufferEXT: attachments was GL_COLOR_EXT
06-28 12:45:06.111 16273 16320 E chromium: [ERROR:gles2_cmd_decoder.cc(3852)] [.ChromiumCompositor-0xacbb2fc0]GL ERROR :GL_INVALID_ENUM : glDiscardFramebufferEXT: attachments was GL_COLOR_EXT
06-28 12:45:06.129 16273 16320 E chromium: [ERROR:gles2_cmd_decoder.cc(3852)] [.ChromiumCompositor-0xacbb2fc0]GL ERROR :GL_INVALID_ENUM : glDiscardFramebufferEXT: attachments was GL_COLOR_EXT
06-28 12:45:06.149 16273 16320 E chromium: [ERROR:gles2_cmd_decoder.cc(3852)] [.ChromiumCompositor-0xacbb2fc0]GL ERROR :GL_INVALID_ENUM : glDiscardFramebufferEXT: attachments was GL_COLOR_EXT
06-28 12:45:06.168 16273 16320 E chromium: [ERROR:gles2_cmd_decoder.cc(3852)] [.ChromiumCompositor-0xacbb2fc0]GL ERROR :GL_INVALID_ENUM : glDiscardFramebufferEXT: attachments was GL_COLOR_EXT
06-28 12:45:06.184 16273 16320 E chromium: [ERROR:gles2_cmd_decoder.cc(3852)] [.ChromiumCompositor-0xacbb2fc0]GL ERROR :GL_INVALID_ENUM : glDiscardFramebufferEXT: attachments was GL_COLOR_EXT
06-28 12:45:06.198 16273 16320 E chromium: [ERROR:gles2_cmd_decoder.cc(3852)] [.ChromiumCompositor-0xacbb2fc0]GL ERROR :GL_INVALID_ENUM : glDiscardFramebufferEXT: attachments was GL_COLOR_EXT
06-28 12:45:06.222 16273 16320 E chromium: [ERROR:gles2_cmd_decoder.cc(3852)] [.ChromiumCompositor-0xacbb2fc0]GL ERROR :GL_INVALID_ENUM : glDiscardFramebufferEXT: attachments was GL_COLOR_EXT
06-28 12:45:06.235 16273 16320 E chromium: [ERROR:gles2_cmd_decoder.cc(3852)] [.ChromiumCompositor-0xacbb2fc0]GL ERROR :GL_INVALID_ENUM : glDiscardFramebufferEXT: attachments was GL_COLOR_EXT
06-28 12:45:06.256 16273 16320 E chromium: [ERROR:gles2_cmd_decoder.cc(3852)] [.ChromiumCompositor-0xacbb2fc0]GL ERROR :GL_INVALID_ENUM : glDiscardFramebufferEXT: attachments was GL_COLOR_EXT
06-28 12:45:06.265 16273 16320 E chromium: [ERROR:gles2_cmd_decoder.cc(3852)] [.ChromiumCompositor-0xacbb2fc0]GL ERROR :GL_INVALID_ENUM : glDiscardFramebufferEXT: attachments was GL_COLOR_EXT
06-28 12:45:06.283 16273 16320 E chromium: [ERROR:gles2_cmd_decoder.cc(3852)] [.ChromiumCompositor-0xacbb2fc0]GL ERROR :GL_INVALID_ENUM : glDiscardFramebufferEXT: attachments was GL_COLOR_EXT
06-28 12:45:06.297 16273 16320 E chromium: [ERROR:gles2_cmd_decoder.cc(3852)] [.ChromiumCompositor-0xacbb2fc0]GL ERROR :GL_INVALID_ENUM : glDiscardFramebufferEXT: attachments was GL_COLOR_EXT
06-28 12:45:06.314 16273 16320 E chromium: [ERROR:gles2_cmd_decoder.cc(3852)] [.ChromiumCompositor-0xacbb2fc0]GL ERROR :GL_INVALID_ENUM : glDiscardFramebufferEXT: attachments was GL_COLOR_EXT
06-28 12:45:06.331 16273 16320 E chromium: [ERROR:gles2_cmd_decoder.cc(3852)] [.ChromiumCompositor-0xacbb2fc0]GL ERROR :GL_INVALID_ENUM : glDiscardFramebufferEXT: attachments was GL_COLOR_EXT
06-28 12:45:06.347 16273 16320 E chromium: [ERROR:gles2_cmd_decoder.cc(3852)] [.ChromiumCompositor-0xacbb2fc0]GL ERROR :GL_INVALID_ENUM : glDiscardFramebufferEXT: attachments was GL_COLOR_EXT
06-28 12:45:06.365 16273 16320 E chromium: [ERROR:gles2_cmd_decoder.cc(3852)] [.ChromiumCompositor-0xacbb2fc0]GL ERROR :GL_INVALID_ENUM : glDiscardFramebufferEXT: attachments was GL_COLOR_EXT
06-28 12:45:06.382 16273 16320 E chromium: [ERROR:gles2_cmd_decoder.cc(3852)] [.ChromiumCompositor-0xacbb2fc0]GL ERROR :GL_INVALID_ENUM : glDiscardFramebufferEXT: attachments was GL_COLOR_EXT
06-28 12:45:06.398 16273 16320 E chromium: [ERROR:gles2_cmd_decoder.cc(3852)] [.ChromiumCompositor-0xacbb2fc0]GL ERROR :GL_INVALID_ENUM : glDiscardFramebufferEXT: attachments was GL_COLOR_EXT
06-28 12:45:06.413 16273 16320 E chromium: [ERROR:gles2_cmd_decoder.cc(3852)] [.ChromiumCompositor-0xacbb2fc0]GL ERROR :GL_INVALID_ENUM : glDiscardFramebufferEXT: attachments was GL_COLOR_EXT
06-28 12:45:06.432 16273 16320 E chromium: [ERROR:gles2_cmd_decoder.cc(3852)] [.ChromiumCompositor-0xacbb2fc0]GL ERROR :GL_INVALID_ENUM : glDiscardFramebufferEXT: attachments was GL_COLOR_EXT
06-28 12:45:06.448 16273 16320 E chromium: [ERROR:gles2_cmd_decoder.cc(3852)] [.ChromiumCompositor-0xacbb2fc0]GL ERROR :GL_INVALID_ENUM : glDiscardFramebufferEXT: attachments was GL_COLOR_EXT
06-28 12:45:06.464 16273 16320 E chromium: [ERROR:gles2_cmd_decoder.cc(3852)] [.ChromiumCompositor-0xacbb2fc0]GL ERROR :GL_INVALID_ENUM : glDiscardFramebufferEXT: attachments was GL_COLOR_EXT
06-28 12:45:06.483 16273 16320 E chromium: [ERROR:gles2_cmd_decoder.cc(3852)] [.ChromiumCompositor-0xacbb2fc0]GL ERROR :GL_INVALID_ENUM : glDiscardFramebufferEXT: attachments was GL_COLOR_EXT
06-28 12:45:06.501 16273 16320 E chromium: [ERROR:gles2_cmd_decoder.cc(3852)] [.ChromiumCompositor-0xacbb2fc0]GL ERROR :GL_INVALID_ENUM : glDiscardFramebufferEXT: attachments was GL_COLOR_EXT
06-28 12:45:06.519 16273 16320 E chromium: [ERROR:gles2_cmd_decoder.cc(3852)] [.ChromiumCompositor-0xacbb2fc0]GL ERROR :GL_INVALID_ENUM : glDiscardFramebufferEXT: attachments was GL_COLOR_EXT
06-28 12:45:06.535 16273 16320 E chromium: [ERROR:gles2_cmd_decoder.cc(3852)] [.ChromiumCompositor-0xacbb2fc0]GL ERROR :GL_INVALID_ENUM : glDiscardFramebufferEXT: attachments was GL_COLOR_EXT
06-28 12:45:06.549 16340 16353 E WPROF   : {"Javascript": {"url": "https://securepubads.g.doubleclick.net/static/glade.js", "requestTime": 14983.604845}}
06-28 12:45:06.552 16273 16320 E chromium: [ERROR:gles2_cmd_decoder.cc(3852)] [.ChromiumCompositor-0xacbb2fc0]GL ERROR :GL_INVALID_ENUM : glDiscardFramebufferEXT: attachments was GL_COLOR_EXT
06-28 12:45:06.566 16273 16320 E chromium: [ERROR:gles2_cmd_decoder.cc(3852)] [.ChromiumCompositor-0xacbb2fc0]GL ERROR :GL_INVALID_ENUM : glDiscardFramebufferEXT: attachments was GL_COLOR_EXT
06-28 12:45:06.586 16273 16320 E chromium: [ERROR:gles2_cmd_decoder.cc(3852)] [.ChromiumCompositor-0xacbb2fc0]GL ERROR :GL_INVALID_ENUM : glDiscardFramebufferEXT: attachments was GL_COLOR_EXT
06-28 12:45:06.598 16273 16320 E chromium: [ERROR:gles2_cmd_decoder.cc(3852)] [.ChromiumCompositor-0xacbb2fc0]GL ERROR :GL_INVALID_ENUM : glDiscardFramebufferEXT: attachments was GL_COLOR_EXT
06-28 12:45:06.616 16273 16320 E chromium: [ERROR:gles2_cmd_decoder.cc(3852)] [.ChromiumCompositor-0xacbb2fc0]GL ERROR :GL_INVALID_ENUM : glDiscardFramebufferEXT: attachments was GL_COLOR_EXT
06-28 12:45:06.632 16273 16320 E chromium: [ERROR:gles2_cmd_decoder.cc(3852)] [.ChromiumCompositor-0xacbb2fc0]GL ERROR :GL_INVALID_ENUM : glDiscardFramebufferEXT: attachments was GL_COLOR_EXT
06-28 12:45:06.649 16273 16320 E chromium: [ERROR:gles2_cmd_decoder.cc(3852)] [.ChromiumCompositor-0xacbb2fc0]GL ERROR :GL_INVALID_ENUM : glDiscardFramebufferEXT: attachments was GL_COLOR_EXT
06-28 12:45:06.669 16273 16320 E chromium: [ERROR:gles2_cmd_decoder.cc(3852)] [.ChromiumCompositor-0xacbb2fc0]GL ERROR :GL_INVALID_ENUM : glDiscardFramebufferEXT: attachments was GL_COLOR_EXT
06-28 12:45:06.686 16273 16320 E chromium: [ERROR:gles2_cmd_decoder.cc(3852)] [.ChromiumCompositor-0xacbb2fc0]GL ERROR :GL_INVALID_ENUM : glDiscardFramebufferEXT: attachments was GL_COLOR_EXT
06-28 12:45:06.715 16273 16320 E chromium: [ERROR:gles2_cmd_decoder.cc(3852)] [.ChromiumCompositor-0xacbb2fc0]GL ERROR :GL_INVALID_ENUM : glDiscardFramebufferEXT: attachments was GL_COLOR_EXT
06-28 12:45:06.730 16273 16320 E chromium: [ERROR:gles2_cmd_decoder.cc(3852)] [.ChromiumCompositor-0xacbb2fc0]GL ERROR :GL_INVALID_ENUM : glDiscardFramebufferEXT: attachments was GL_COLOR_EXT
06-28 12:45:06.760 16273 16320 E chromium: [ERROR:gles2_cmd_decoder.cc(3852)] [.ChromiumCompositor-0xacbb2fc0]GL ERROR :GL_INVALID_ENUM : glDiscardFramebufferEXT: attachments was GL_COLOR_EXT
06-28 12:45:06.771 16273 16320 E chromium: [ERROR:gles2_cmd_decoder.cc(3852)] [.ChromiumCompositor-0xacbb2fc0]GL ERROR :GL_INVALID_ENUM : glDiscardFramebufferEXT: attachments was GL_COLOR_EXT
06-28 12:45:06.790 16273 16320 E chromium: [ERROR:gles2_cmd_decoder.cc(3852)] [.ChromiumCompositor-0xacbb2fc0]GL ERROR :GL_INVALID_ENUM : glDiscardFramebufferEXT: attachments was GL_COLOR_EXT
06-28 12:45:06.808 16273 16320 E chromium: [ERROR:gles2_cmd_decoder.cc(3852)] [.ChromiumCompositor-0xacbb2fc0]GL ERROR :GL_INVALID_ENUM : glDiscardFramebufferEXT: attachments was GL_COLOR_EXT
06-28 12:45:06.828 16273 16320 E chromium: [ERROR:gles2_cmd_decoder.cc(3852)] [.ChromiumCompositor-0xacbb2fc0]GL ERROR :GL_INVALID_ENUM : glDiscardFramebufferEXT: attachments was GL_COLOR_EXT
06-28 12:45:06.848 16273 16320 E chromium: [ERROR:gles2_cmd_decoder.cc(3852)] [.ChromiumCompositor-0xacbb2fc0]GL ERROR :GL_INVALID_ENUM : glDiscardFramebufferEXT: attachments was GL_COLOR_EXT
06-28 12:45:06.859 16273 16320 E chromium: [ERROR:gles2_cmd_decoder.cc(3852)] [.ChromiumCompositor-0xacbb2fc0]GL ERROR :GL_INVALID_ENUM : glDiscardFramebufferEXT: attachments was GL_COLOR_EXT
06-28 12:45:06.868 16273 16320 E chromium: [ERROR:gles2_cmd_decoder.cc(3852)] [.ChromiumCompositor-0xacbb2fc0]GL ERROR :GL_INVALID_ENUM : glDiscardFramebufferEXT: attachments was GL_COLOR_EXT
06-28 12:45:06.883 16273 16320 E chromium: [ERROR:gles2_cmd_decoder.cc(3852)] [.ChromiumCompositor-0xacbb2fc0]GL ERROR :GL_INVALID_ENUM : glDiscardFramebufferEXT: attachments was GL_COLOR_EXT
06-28 12:45:06.901 16273 16320 E chromium: [ERROR:gles2_cmd_decoder.cc(3852)] [.ChromiumCompositor-0xacbb2fc0]GL ERROR :GL_INVALID_ENUM : glDiscardFramebufferEXT: attachments was GL_COLOR_EXT
06-28 12:45:06.918 16273 16320 E chromium: [ERROR:gles2_cmd_decoder.cc(3852)] [.ChromiumCompositor-0xacbb2fc0]GL ERROR :GL_INVALID_ENUM : glDiscardFramebufferEXT: attachments was GL_COLOR_EXT
06-28 12:45:06.935 16273 16320 E chromium: [ERROR:gles2_cmd_decoder.cc(3852)] [.ChromiumCompositor-0xacbb2fc0]GL ERROR :GL_INVALID_ENUM : glDiscardFramebufferEXT: attachments was GL_COLOR_EXT
06-28 12:45:06.958 16273 16320 E chromium: [ERROR:gles2_cmd_decoder.cc(3852)] [.ChromiumCompositor-0xacbb2fc0]GL ERROR :GL_INVALID_ENUM : glDiscardFramebufferEXT: attachments was GL_COLOR_EXT
06-28 12:45:06.974 16273 16320 E chromium: [ERROR:gles2_cmd_decoder.cc(3852)] [.ChromiumCompositor-0xacbb2fc0]GL ERROR :GL_INVALID_ENUM : glDiscardFramebufferEXT: attachments was GL_COLOR_EXT
06-28 12:45:06.990 16273 16320 E chromium: [ERROR:gles2_cmd_decoder.cc(3852)] [.ChromiumCompositor-0xacbb2fc0]GL ERROR :GL_INVALID_ENUM : glDiscardFramebufferEXT: attachments was GL_COLOR_EXT
06-28 12:45:07.017 16273 16320 E chromium: [ERROR:gles2_cmd_decoder.cc(3852)] [.ChromiumCompositor-0xacbb2fc0]GL ERROR :GL_INVALID_ENUM : glDiscardFramebufferEXT: attachments was GL_COLOR_EXT
06-28 12:45:07.020 16273 16320 E chromium: [ERROR:gles2_cmd_decoder.cc(3852)] [.ChromiumCompositor-0xacbb2fc0]GL ERROR :GL_INVALID_ENUM : glDiscardFramebufferEXT: attachments was GL_COLOR_EXT
06-28 12:45:07.036 16273 16320 E chromium: [ERROR:gles2_cmd_decoder.cc(3852)] [.ChromiumCompositor-0xacbb2fc0]GL ERROR :GL_INVALID_ENUM : glDiscardFramebufferEXT: attachments was GL_COLOR_EXT
06-28 12:45:07.058 16340 16353 E WPROF   : {"Javascript": {"url": "https://securepubads.g.doubleclick.net/static/glade/extra_25.js", "requestTime": 14984.113255}}
06-28 12:45:07.065 16273 16320 E chromium: [ERROR:gles2_cmd_decoder.cc(3852)] [.ChromiumCompositor-0xacbb2fc0]GL ERROR :GL_INVALID_ENUM : glDiscardFramebufferEXT: attachments was GL_COLOR_EXT
06-28 12:45:07.082 16273 16320 E chromium: [ERROR:gles2_cmd_decoder.cc(3852)] [.ChromiumCompositor-0xacbb2fc0]GL ERROR :GL_INVALID_ENUM : glDiscardFramebufferEXT: attachments was GL_COLOR_EXT
06-28 12:45:07.099 16273 16320 E chromium: [ERROR:gles2_cmd_decoder.cc(3852)] [.ChromiumCompositor-0xacbb2fc0]GL ERROR :GL_INVALID_ENUM : glDiscardFramebufferEXT: attachments was GL_COLOR_EXT
06-28 12:45:07.117 16273 16320 E chromium: [ERROR:gles2_cmd_decoder.cc(3852)] [.ChromiumCompositor-0xacbb2fc0]GL ERROR :GL_INVALID_ENUM : glDiscardFramebufferEXT: attachments was GL_COLOR_EXT
06-28 12:45:07.123 16273 16320 E chromium: [ERROR:gles2_cmd_decoder.cc(3852)] [.ChromiumCompositor-0xacbb2fc0]GL ERROR :GL_INVALID_ENUM : glDiscardFramebufferEXT: attachments was GL_COLOR_EXT
06-28 12:45:07.138 16273 16320 E chromium: [ERROR:gles2_cmd_decoder.cc(3852)] [.ChromiumCompositor-0xacbb2fc0]GL ERROR :GL_INVALID_ENUM : glDiscardFramebufferEXT: attachments was GL_COLOR_EXT
06-28 12:45:07.155 16273 16320 E chromium: [ERROR:gles2_cmd_decoder.cc(3852)] [.ChromiumCompositor-0xacbb2fc0]GL ERROR :GL_INVALID_ENUM : glDiscardFramebufferEXT: attachments was GL_COLOR_EXT
06-28 12:45:07.174 16273 16320 E chromium: [ERROR:gles2_cmd_decoder.cc(3852)] [.ChromiumCompositor-0xacbb2fc0]GL ERROR :GL_INVALID_ENUM : glDiscardFramebufferEXT: attachments was GL_COLOR_EXT
06-28 12:45:07.202 16273 16320 E chromium: [ERROR:gles2_cmd_decoder.cc(3852)] [.ChromiumCompositor-0xacbb2fc0]GL ERROR :GL_INVALID_ENUM : glDiscardFramebufferEXT: attachments was GL_COLOR_EXT
06-28 12:45:07.208 16273 16320 E chromium: [ERROR:gles2_cmd_decoder.cc(3852)] [.ChromiumCompositor-0xacbb2fc0]GL ERROR :GL_INVALID_ENUM : glDiscardFramebufferEXT: attachments was GL_COLOR_EXT
06-28 12:45:07.235 16273 16320 E chromium: [ERROR:gles2_cmd_decoder.cc(3852)] [.ChromiumCompositor-0xacbb2fc0]GL ERROR :GL_INVALID_ENUM : glDiscardFramebufferEXT: attachments was GL_COLOR_EXT
06-28 12:45:07.252 16273 16320 E chromium: [ERROR:gles2_cmd_decoder.cc(3852)] [.ChromiumCompositor-0xacbb2fc0]GL ERROR :GL_INVALID_ENUM : glDiscardFramebufferEXT: attachments was GL_COLOR_EXT
06-28 12:45:07.267 16273 16320 E chromium: [ERROR:gles2_cmd_decoder.cc(3852)] [.ChromiumCompositor-0xacbb2fc0]GL ERROR :GL_INVALID_ENUM : glDiscardFramebufferEXT: attachments was GL_COLOR_EXT
06-28 12:45:07.284 16273 16320 E chromium: [ERROR:gles2_cmd_decoder.cc(3852)] [.ChromiumCompositor-0xacbb2fc0]GL ERROR :GL_INVALID_ENUM : glDiscardFramebufferEXT: attachments was GL_COLOR_EXT
06-28 12:45:07.288 16340 16353 E WPROF   : {"Javascript": {"url": "https://tpc.googlesyndication.com/pagead/js/r20170619/r20110914/client/ext/m_window_focus_non_hydra.js", "requestTime": 14984.344107}}
06-28 12:45:07.290 16273 16320 E chromium: [ERROR:gles2_cmd_decoder.cc(3852)] [.ChromiumCompositor-0xacbb2fc0]GL ERROR :GL_INVALID_ENUM : glDiscardFramebufferEXT: attachments was GL_COLOR_EXT
06-28 12:45:07.292 16340 16353 E WPROF   : {"Javascript": {"url": "https://tpc.googlesyndication.com/pagead/js/r20170619/r20110914/activeview/osd_listener.js", "requestTime": 14984.347225}}
06-28 12:45:07.311 16340 16353 E WPROF   : {"Javascript": {"url": "https://pagead2.googlesyndication.com/pagead/osd.js", "requestTime": 14984.366404}}
06-28 12:45:07.317 16273 16320 E chromium: [ERROR:gles2_cmd_decoder.cc(3852)] [.ChromiumCompositor-0xacbb2fc0]GL ERROR :GL_INVALID_ENUM : glDiscardFramebufferEXT: attachments was GL_COLOR_EXT
06-28 12:45:07.320 16273 16320 E chromium: [ERROR:gles2_cmd_decoder.cc(3852)] [.ChromiumCompositor-0xacbb2fc0]GL ERROR :GL_INVALID_ENUM : glDiscardFramebufferEXT: attachments was GL_COLOR_EXT
06-28 12:45:07.350 16273 16320 E chromium: [ERROR:gles2_cmd_decoder.cc(3852)] [.ChromiumCompositor-0xacbb2fc0]GL ERROR :GL_INVALID_ENUM : glDiscardFramebufferEXT: attachments was GL_COLOR_EXT
06-28 12:45:07.354 16273 16320 E chromium: [ERROR:gles2_cmd_decoder.cc(3852)] [.ChromiumCompositor-0xacbb2fc0]GL ERROR :GL_INVALID_ENUM : glDiscardFramebufferEXT: attachments was GL_COLOR_EXT
06-28 12:45:07.384 16273 16320 E chromium: [ERROR:gles2_cmd_decoder.cc(3852)] [.ChromiumCompositor-0xacbb2fc0]GL ERROR :GL_INVALID_ENUM : glDiscardFramebufferEXT: attachments was GL_COLOR_EXT
06-28 12:45:07.401 16273 16320 E chromium: [ERROR:gles2_cmd_decoder.cc(3852)] [.ChromiumCompositor-0xacbb2fc0]GL ERROR :GL_INVALID_ENUM : glDiscardFramebufferEXT: attachments was GL_COLOR_EXT
06-28 12:45:07.420 16273 16320 E chromium: [ERROR:gles2_cmd_decoder.cc(3852)] [.ChromiumCompositor-0xacbb2fc0]GL ERROR :GL_INVALID_ENUM : glDiscardFramebufferEXT: attachments was GL_COLOR_EXT
06-28 12:45:07.436 16273 16320 E chromium: [ERROR:gles2_cmd_decoder.cc(3852)] [.ChromiumCompositor-0xacbb2fc0]GL ERROR :GL_INVALID_ENUM : glDiscardFramebufferEXT: attachments was GL_COLOR_EXT
06-28 12:45:07.448 16273 16320 E chromium: [ERROR:gles2_cmd_decoder.cc(3852)] [.ChromiumCompositor-0xacbb2fc0]GL ERROR :GL_INVALID_ENUM : glDiscardFramebufferEXT: attachments was GL_COLOR_EXT
06-28 12:45:07.479 16273 16320 E chromium: [ERROR:gles2_cmd_decoder.cc(3852)] [.ChromiumCompositor-0xacbb2fc0]GL ERROR :GL_INVALID_ENUM : glDiscardFramebufferEXT: attachments was GL_COLOR_EXT
06-28 12:45:07.491 16273 16320 E chromium: [ERROR:gles2_cmd_decoder.cc(3852)] [.ChromiumCompositor-0xacbb2fc0]GL ERROR :GL_INVALID_ENUM : glDiscardFramebufferEXT: attachments was GL_COLOR_EXT
06-28 12:45:07.510 16273 16320 E chromium: [ERROR:gles2_cmd_decoder.cc(3852)] [.ChromiumCompositor-0xacbb2fc0]GL ERROR :GL_INVALID_ENUM : glDiscardFramebufferEXT: attachments was GL_COLOR_EXT
06-28 12:45:07.523 16273 16320 E chromium: [ERROR:gles2_cmd_decoder.cc(3852)] [.ChromiumCompositor-0xacbb2fc0]GL ERROR :GL_INVALID_ENUM : glDiscardFramebufferEXT: attachments was GL_COLOR_EXT
06-28 12:45:07.538 16273 16320 E chromium: [ERROR:gles2_cmd_decoder.cc(3852)] [.ChromiumCompositor-0xacbb2fc0]GL ERROR :GL_INVALID_ENUM : glDiscardFramebufferEXT: attachments was GL_COLOR_EXT
06-28 12:45:07.554 16273 16320 E chromium: [ERROR:gles2_cmd_decoder.cc(3852)] [.ChromiumCompositor-0xacbb2fc0]GL ERROR :GL_INVALID_ENUM : glDiscardFramebufferEXT: attachments was GL_COLOR_EXT
06-28 12:45:07.571 16273 16320 E chromium: [ERROR:gles2_cmd_decoder.cc(3852)] [.ChromiumCompositor-0xacbb2fc0]GL ERROR :GL_INVALID_ENUM : glDiscardFramebufferEXT: attachments was GL_COLOR_EXT
06-28 12:45:07.590 16273 16320 E chromium: [ERROR:gles2_cmd_decoder.cc(3852)] [.ChromiumCompositor-0xacbb2fc0]GL ERROR :GL_INVALID_ENUM : glDiscardFramebufferEXT: attachments was GL_COLOR_EXT
06-28 12:45:07.606 16273 16320 E chromium: [ERROR:gles2_cmd_decoder.cc(3852)] [.ChromiumCompositor-0xacbb2fc0]GL ERROR :GL_INVALID_ENUM : glDiscardFramebufferEXT: attachments was GL_COLOR_EXT
06-28 12:45:07.624 16273 16320 E chromium: [ERROR:gles2_cmd_decoder.cc(3852)] [.ChromiumCompositor-0xacbb2fc0]GL ERROR :GL_INVALID_ENUM : glDiscardFramebufferEXT: attachments was GL_COLOR_EXT
06-28 12:45:07.638 16273 16320 E chromium: [ERROR:gles2_cmd_decoder.cc(3852)] [.ChromiumCompositor-0xacbb2fc0]GL ERROR :GL_INVALID_ENUM : glDiscardFramebufferEXT: attachments was GL_COLOR_EXT
06-28 12:45:07.654 16273 16320 E chromium: [ERROR:gles2_cmd_decoder.cc(3852)] [.ChromiumCompositor-0xacbb2fc0]GL ERROR :GL_INVALID_ENUM : glDiscardFramebufferEXT: attachments was GL_COLOR_EXT
06-28 12:45:07.670 16273 16320 E chromium: [ERROR:gles2_cmd_decoder.cc(3852)] [.ChromiumCompositor-0xacbb2fc0]GL ERROR :GL_INVALID_ENUM : glDiscardFramebufferEXT: attachments was GL_COLOR_EXT
06-28 12:45:07.687 16273 16320 E chromium: [ERROR:gles2_cmd_decoder.cc(3852)] [.ChromiumCompositor-0xacbb2fc0]GL ERROR :GL_INVALID_ENUM : glDiscardFramebufferEXT: attachments was GL_COLOR_EXT
06-28 12:45:07.705 16273 16320 E chromium: [ERROR:gles2_cmd_decoder.cc(3852)] [.ChromiumCompositor-0xacbb2fc0]GL ERROR :GL_INVALID_ENUM : glDiscardFramebufferEXT: attachments was GL_COLOR_EXT
06-28 12:45:07.721 16273 16320 E chromium: [ERROR:gles2_cmd_decoder.cc(3852)] [.ChromiumCompositor-0xacbb2fc0]GL ERROR :GL_INVALID_ENUM : glDiscardFramebufferEXT: attachments was GL_COLOR_EXT
06-28 12:45:07.738 16273 16320 E chromium: [ERROR:gles2_cmd_decoder.cc(3852)] [.ChromiumCompositor-0xacbb2fc0]GL ERROR :GL_INVALID_ENUM : glDiscardFramebufferEXT: attachments was GL_COLOR_EXT
06-28 12:45:07.802 16273 16320 E chromium: [ERROR:gles2_cmd_decoder.cc(3852)] [.ChromiumCompositor-0xacbb2fc0]GL ERROR :GL_INVALID_ENUM : glDiscardFramebufferEXT: attachments was GL_COLOR_EXT
06-28 12:45:07.809 16273 16320 E chromium: [ERROR:gles2_cmd_decoder.cc(3852)] [.ChromiumCompositor-0xacbb2fc0]GL ERROR :GL_INVALID_ENUM : glDiscardFramebufferEXT: attachments was GL_COLOR_EXT
06-28 12:45:07.815 16273 16320 E chromium: [ERROR:gles2_cmd_decoder.cc(3852)] [.ChromiumCompositor-0xacbb2fc0]GL ERROR :GL_INVALID_ENUM : glDiscardFramebufferEXT: attachments was GL_COLOR_EXT
06-28 12:45:07.824 16273 16320 E chromium: [ERROR:gles2_cmd_decoder.cc(3852)] [.ChromiumCompositor-0xacbb2fc0]GL ERROR :GL_INVALID_ENUM : glDiscardFramebufferEXT: attachments was GL_COLOR_EXT
06-28 12:45:07.841 16273 16320 E chromium: [ERROR:gles2_cmd_decoder.cc(3852)] [.ChromiumCompositor-0xacbb2fc0]GL ERROR :GL_INVALID_ENUM : glDiscardFramebufferEXT: attachments was GL_COLOR_EXT
06-28 12:45:07.856 16273 16320 E chromium: [ERROR:gles2_cmd_decoder.cc(3852)] [.ChromiumCompositor-0xacbb2fc0]GL ERROR :GL_INVALID_ENUM : glDiscardFramebufferEXT: attachments was GL_COLOR_EXT
06-28 12:45:07.874 16273 16320 E chromium: [ERROR:gles2_cmd_decoder.cc(3852)] [.ChromiumCompositor-0xacbb2fc0]GL ERROR :GL_INVALID_ENUM : glDiscardFramebufferEXT: attachments was GL_COLOR_EXT
06-28 12:45:07.879 16340 16353 E WProf.db: {"page": "d-24261287914264850972.ampproject.net_1498506512561_frame.html"}
06-28 12:45:07.879 16340 16353 E WProf.db: {"DOMLoad": 14984.935125}
06-28 12:45:07.880 16340 16353 E WProf.db: {"Resource": {"id": 29, "url": "https://ping.chartbeat.net/ping?h=searchengineland.com&p=%2Ftop-10-agency-considerations-marketing-automation-275832&u=WrNSYcwNNwG5J0QL8oTuTk-dMRgj-u1KrtDf2McpdCe_hFti3Z1MBxSn2YSCIXIy&d=searchengineland.com&g=&g0=&g1=&g2=&g3=&g4=&c=120&x=0&y=3494&j=30&R=1&W=0&I=0&E=0&r=&t=3061WrNSYcwNNwG5J0QL8oTuTk-", "sentTime": -1.000000, "len": 43, "from": "0x0", "mimeType": "image/gif", "contentLength": 43, "httpStatus": 200, "connId": 296, "connReused": 0, "cached": 0,"requestTime": 14981.713688, "proxyStart": -1, "proxyEnd": -1, "dnsStart": 72, "dnsEnd": 77, "connectStart": 0, "connectEnd": 785, "sendStart": 785, "sendEnd": 786, "receiveHeadersEnd": 996, "sslStart": 332, "sslEnd": 785}}
06-28 12:45:07.880 16340 16353 E WProf.db: {"ReceivedChunk": {"receivedTime": 14982.757477, "len": 43}}
06-28 12:45:07.880 16340 16353 E WProf.db: {"Resource": {"id": 32, "url": "https://d-24261287914264850972.ampproject.net/1498506512561/frame.html", "sentTime": -1.000000, "len": 375, "from": "0x0", "mimeType": "text/html", "contentLength": -1, "httpStatus": 200, "connId": 342, "connReused": 0, "cached": 0,"requestTime": 14982.758030, "proxyStart": -1, "proxyEnd": -1, "dnsStart": 0, "dnsEnd": 0, "connectStart": 0, "connectEnd": 218, "sendStart": 218, "sendEnd": 219, "receiveHeadersEnd": 316, "sslStart": 56, "sslEnd": 217}}
06-28 12:45:07.881 16340 16353 E WProf.db: {"ReceivedChunk": {"receivedTime": 14983.077362, "len": 375}}
06-28 12:45:07.881 16340 16353 E WProf.db: {"WprofHTMLTag": {"code": "0xaeddb470", "doc": "https://d-24261287914264850972.ampproject.net/1498506512561/frame.html", "row": 1, "column": 6, "tagName": "head", "time": 14983.125114, "url": "", "pos": 1, "chunkLen": 1, "isStartTag": 1}}
06-28 12:45:07.881 16340 16353 E WProf.db: {"WprofHTMLTag": {"code": "0xaeddad50", "doc": "https://d-24261287914264850972.ampproject.net/1498506512561/frame.html", "row": 2, "column": 22, "tagName": "meta", "time": 14983.125433, "url": "", "pos": 1, "chunkLen": 1, "isStartTag": 1}}
06-28 12:45:07.881 16340 16353 E WProf.db: {"WprofHTMLTag": {"code": "0xaeddb1a0", "doc": "https://d-24261287914264850972.ampproject.net/1498506512561/frame.html", "row": 3, "column": 38, "tagName": "meta", "time": 14983.127135, "url": "", "pos": 1, "chunkLen": 1, "isStartTag": 1}}
06-28 12:45:07.881 16340 16353 E WProf.db: {"WprofHTMLTag": {"code": "0xaeddb380", "doc": "https://d-24261287914264850972.ampproject.net/1498506512561/frame.html", "row": 4, "column": 59, "tagName": "script", "time": 14983.127626, "url": "https://3p.ampproject.net/1498506512561/f.js", "pos": 1, "chunkLen": 1, "isStartTag": 1}}
06-28 12:45:07.882 16340 16353 E WProf.db: {"WprofHTMLTag": {"code": "0xaeddaf30", "doc": "https://d-24261287914264850972.ampproject.net/1498506512561/frame.html", "row": 4, "column": 68, "tagName": "script", "time": 14983.128333, "url": "", "pos": 1, "chunkLen": 1, "isStartTag": 0}}
06-28 12:45:07.882 16340 16353 E WProf.db: {"WprofHTMLTag": {"code": "0xaeddac00", "doc": "https://d-24261287914264850972.ampproject.net/1498506512561/frame.html", "row": 5, "column": 7, "tagName": "head", "time": 14983.585806, "url": "", "pos": 1, "chunkLen": 1, "isStartTag": 0}}
06-28 12:45:07.882 16340 16353 E WProf.db: {"WprofHTMLTag": {"code": "0xaeddb770", "doc": "https://d-24261287914264850972.ampproject.net/1498506512561/frame.html", "row": 6, "column": 23, "tagName": "body", "time": 14983.585832, "url": "", "pos": 1, "chunkLen": 1, "isStartTag": 1}}
06-28 12:45:07.882 16340 16353 E WProf.db: {"WprofHTMLTag": {"code": "0xaeddb740", "doc": "https://d-24261287914264850972.ampproject.net/1498506512561/frame.html", "row": 7, "column": 69, "tagName": "div", "time": 14983.586001, "url": "", "pos": 1, "chunkLen": 1, "isStartTag": 1}}
06-28 12:45:07.883 16340 16353 E WProf.db: {"WprofHTMLTag": {"code": "0xaeddb6b0", "doc": "https://d-24261287914264850972.ampproject.net/1498506512561/frame.html", "row": 8, "column": 10, "tagName": "script", "time": 14983.586179, "url": "", "pos": 1, "chunkLen": 1, "isStartTag": 1}}
06-28 12:45:07.883 16340 16353 E WProf.db: {"WprofHTMLTag": {"code": "0xaeddb650", "doc": "https://d-24261287914264850972.ampproject.net/1498506512561/frame.html", "row": 8, "column": 27, "tagName": "script", "time": 14983.586332, "url": "https://securepubads.g.doubleclick.net/static/glade.js", "pos": 1, "chunkLen": 1, "isStartTag": 0}}
06-28 12:45:07.883 16340 16353 E WProf.db: {"WprofHTMLTag": {"code": "0x9d430d80", "doc": "https://d-24261287914264850972.ampproject.net/1498506512561/frame.html", "row": 9, "column": 6, "tagName": "div", "time": 14983.608143, "url": "", "pos": 1, "chunkLen": 1, "isStartTag": 0}}
06-28 12:45:07.883 16340 16353 E WProf.db: {"WprofHTMLTag": {"code": "0x9d430de0", "doc": "https://d-24261287914264850972.ampproject.net/1498506512561/frame.html", "row": 10, "column": 8, "tagName": "script", "time": 14983.608176, "url": "", "pos": 1, "chunkLen": 1, "isStartTag": 1}}
06-28 12:45:07.884 16340 16353 E WProf.db: {"WprofHTMLTag": {"code": "0xaeddb680", "doc": "https://d-24261287914264850972.ampproject.net/1498506512561/frame.html", "row": 10, "column": 67, "tagName": "script", "time": 14983.608344, "url": "", "pos": 1, "chunkLen": 1, "isStartTag": 0}}
06-28 12:45:07.884 16340 16353 E WProf.db: {"WprofHTMLTag": {"code": "0x9d430f60", "doc": "https://d-24261287914264850972.ampproject.net/1498506512561/frame.html", "row": 11, "column": 7, "tagName": "body", "time": 14983.610952, "url": "", "pos": 1, "chunkLen": 1, "isStartTag": 0}}
06-28 12:45:07.884 16340 16353 E WProf.db: {"WprofHTMLTag": {"code": "0x9d430f90", "doc": "https://d-24261287914264850972.ampproject.net/1498506512561/frame.html", "row": 12, "column": 7, "tagName": "html", "time": 14983.610971, "url": "https://securepubads.g.doubleclick.net/static/glade/extra_25.js", "pos": 1, "chunkLen": 1, "isStartTag": 0}}
06-28 12:45:07.884 16340 16353 E WProf.db: {"Resource": {"id": 33, "url": "https://3p.ampproject.net/1498506512561/f.js", "sentTime": -1.000000, "len": 91779, "from": "0xaeddb380", "mimeType": "text/javascript", "contentLength": -1, "httpStatus": 200, "connId": 366, "connReused": 0, "cached": 0,"requestTime": 14983.130263, "proxyStart": -1, "proxyEnd": -1, "dnsStart": 6, "dnsEnd": 7, "connectStart": 0, "connectEnd": 232, "sendStart": 232, "sendEnd": 233, "receiveHeadersEnd": 294, "sslStart": 67, "sslEnd": 231}}
06-28 12:45:07.885 16340 16353 E WProf.db: {"ReceivedChunk": {"receivedTime": 14983.434900, "len": 1736}}
06-28 12:45:07.885 16340 16353 E WProf.db: {"ReceivedChunk": {"receivedTime": 14983.435396, "len": 3819}}
06-28 12:45:07.885 16340 16353 E WProf.db: {"ReceivedChunk": {"receivedTime": 14983.437583, "len": 23275}}
06-28 12:45:07.885 16340 16353 E WProf.db: {"ReceivedChunk": {"receivedTime": 14983.438721, "len": 13449}}
06-28 12:45:07.885 16340 16353 E WProf.db: {"ReceivedChunk": {"receivedTime": 14983.439605, "len": 9239}}
06-28 12:45:07.885 16340 16353 E WProf.db: {"ReceivedChunk": {"receivedTime": 14983.444944, "len": 9188}}
06-28 12:45:07.885 16340 16353 E WProf.db: {"ReceivedChunk": {"receivedTime": 14983.447361, "len": 4122}}
06-28 12:45:07.886 16340 16353 E WProf.db: {"ReceivedChunk": {"receivedTime": 14983.484785, "len": 8648}}
06-28 12:45:07.886 16340 16353 E WProf.db: {"ReceivedChunk": {"receivedTime": 14983.485151, "len": 9064}}
06-28 12:45:07.886 16340 16353 E WProf.db: {"ReceivedChunk": {"receivedTime": 14983.485906, "len": 8496}}
06-28 12:45:07.886 16340 16353 E WProf.db: {"ReceivedChunk": {"receivedTime": 14983.487954, "len": 743}}
06-28 12:45:07.886 16340 16353 E WProf.db: {"Resource": {"id": 34, "url": "https://securepubads.g.doubleclick.net/static/glade.js", "sentTime": -1.000000, "len": 19455, "from": "0xaeddb650", "mimeType": "text/javascript", "contentLength": -1, "httpStatus": 200, "connId": 407, "connReused": 0, "cached": 0,"requestTime": 14983.607137, "proxyStart": -1, "proxyEnd": -1, "dnsStart": 17, "dnsEnd": 17, "connectStart": 0, "connectEnd": 306, "sendStart": 306, "sendEnd": 307, "receiveHeadersEnd": 412, "sslStart": 83, "sslEnd": 306}}
06-28 12:45:07.887 16340 16353 E WProf.db: {"ReceivedChunk": {"receivedTime": 14984.023109, "len": 1947}}
06-28 12:45:07.888 16340 16353 E WProf.db: {"ReceivedChunk": {"receivedTime": 14984.026217, "len": 17508}}
06-28 12:45:07.888 16340 16353 E WProf.db: {"Resource": {"id": 35, "url": "https://securepubads.g.doubleclick.net/gampad/ads?gdfp_req=1&glade_req=1&glv=25&output=html&iu=%2F1038259%2FSEL-amp-cube&sz=300x250&sfv=1-0-8&correlator=3267174496993280&eid=108809080,108809102&adk=2352184609&biw=412&bih=620&adx=56&ady=294&oid=3&u_sd=3.5&ifi=1&is_amp=1&amp_v=1498506512561&nhd=1&url=", "sentTime": -1.000000, "len": 20187, "from": "0x9d430f90", "mimeType": "text/html", "contentLength": -1, "httpStatus": 200, "connId": 407, "connReused": 1, "cached": 0,"requestTime": 14984.097957, "proxyStart": -1, "proxyEnd": -1, "dnsStart": -1, "dnsEnd": -1, "connectStart": 0, "connectEnd": 12, "sendStart": 12, "sendEnd": 12, "receiveHeadersEnd": 138, "sslStart": -1, "sslEnd": -1}}
06-28 12:45:07.890 16340 16353 E WProf.db: {"ReceivedChunk": {"receivedTime": 14984.246895, "len": 3783}}
06-28 12:45:07.890 16273 16320 E chromium: [ERROR:gles2_cmd_decoder.cc(3852)] [.ChromiumCompositor-0xacbb2fc0]GL ERROR :GL_INVALID_ENUM : glDiscardFramebufferEXT: attachments was GL_COLOR_EXT
06-28 12:45:07.890 16340 16353 E WProf.db: {"ReceivedChunk": {"receivedTime": 14984.301130, "len": 11294}}
06-28 12:45:07.891 16340 16353 E WProf.db: {"ReceivedChunk": {"receivedTime": 14984.303727, "len": 5110}}
06-28 12:45:07.891 16340 16353 E WProf.db: {"WprofHTMLTag": {"code": "0xaeddb980", "doc": "https://securepubads.g.doubleclick.net/gampad/ads?gdfp_req=1&glade_req=1&glv=25&output=html&iu=%2F1038259%2FSEL-amp-cube&sz=300x250&sfv=1-0-8&correlator=3267174496993280&eid=108809080,108809102&adk=2352184609&biw=412&bih=620&adx=56&ady=294&oid=3&u_sd=3.5&ifi=1&is_amp=1&amp_v=1498506512561&nhd=1&url=", "row": 0, "column": 21, "tagName": "html", "time": 14984.308228, "url": "", "pos": 1, "chunkLen": 1, "isStartTag": 1}}
06-28 12:45:07.891 16340 16353 E WProf.db: {"WprofHTMLTag": {"code": "0xaeddb8c0", "doc": "https://securepubads.g.doubleclick.net/gampad/ads?gdfp_req=1&glade_req=1&glv=25&output=html&iu=%2F1038259%2FSEL-amp-cube&sz=300x250&sfv=1-0-8&correlator=3267174496993280&eid=108809080,108809102&adk=2352184609&biw=412&bih=620&adx=56&ady=294&oid=3&u_sd=3.5&ifi=1&is_amp=1&amp_v=1498506512561&nhd=1&url=", "row": 0, "column": 27, "tagName": "head", "time": 14984.308467, "url": "", "pos": 1, "chunkLen": 1, "isStartTag": 1}}
06-28 12:45:07.892 16340 16353 E WProf.db: {"WprofHTMLTag": {"code": "0xaeddb800", "doc": "https://securepubads.g.doubleclick.net/gampad/ads?gdfp_req=1&glade_req=1&glv=25&output=html&iu=%2F1038259%2FSEL-amp-cube&sz=300x250&sfv=1-0-8&correlator=3267174496993280&eid=108809080,108809102&adk=2352184609&biw=412&bih=620&adx=56&ady=294&oid=3&u_sd=3.5&ifi=1&is_amp=1&amp_v=1498506512561&nhd=1&url=", "row": 0, "column": 144, "tagName": "meta", "time": 14984.308513, "url": "", "pos": 1, "chunkLen": 1, "isStartTag": 1}}
06-28 12:45:07.893 16340 16353 E WProf.db: {"WprofHTMLTag": {"code": "0xaeddaf90", "doc": "https://securepubads.g.doubleclick.net/gampad/ads?gdfp_req=1&glade_req=1&glv=25&output=html&iu=%2F1038259%2FSEL-amp-cube&sz=300x250&sfv=1-0-8&correlator=3267174496993280&eid=108809080,108809102&adk=2352184609&biw=412&bih=620&adx=56&ady=294&oid=3&u_sd=3.5&ifi=1&is_amp=1&amp_v=1498506512561&nhd=1&url=", "row": 0, "column": 152, "tagName": "script", "time": 14984.308740, "url": "", "pos": 1, "chunkLen": 1, "isStartTag": 1}}
06-28 12:45:07.894 16340 16353 E WProf.db: {"WprofHTMLTag": {"code": "0xaeddb890", "doc": "https://securepubads.g.doubleclick.net/gampad/ads?gdfp_req=1&glade_req=1&glv=25&output=html&iu=%2F1038259%2FSEL-amp-cube&sz=300x250&sfv=1-0-8&correlator=3267174496993280&eid=108809080,108809102&adk=2352184609&biw=412&bih=620&adx=56&ady=294&oid=3&u_sd=3.5&ifi=1&is_amp=1&amp_v=1498506512561&nhd=1&url=", "row": 0, "column": 195, "tagName": "script", "time": 14984.308976, "url": "", "pos": 1, "chunkLen": 1, "isStartTag": 0}}
06-28 12:45:07.894 16340 16353 E WProf.db: {"WprofHTMLTag": {"code": "0x9d4316b0", "doc": "https://securepubads.g.doubleclick.net/gampad/ads?gdfp_req=1&glade_req=1&glv=25&output=html&iu=%2F1038259%2FSEL-amp-cube&sz=300x250&sfv=1-0-8&correlator=3267174496993280&eid=108809080,108809102&adk=2352184609&biw=412&bih=620&adx=56&ady=294&oid=3&u_sd=3.5&ifi=1&is_amp=1&amp_v=1498506512561&nhd=1&url=", "row": 0, "column": 202, "tagName": "style", "time": 14984.311373, "url": "", "pos": 1, "chunkLen": 1, "isStartTag": 1}}
06-28 12:45:07.894 16340 16353 E WProf.db: {"WprofHTMLTag": {"code": "0xaeddb500", "doc": "https://securepubads.g.doubleclick.net/gampad/ads?gdfp_req=1&glade_req=1&glv=25&output=html&iu=%2F1038259%2FSEL-amp-cube&sz=300x250&sfv=1-0-8&correlator=3267174496993280&eid=108809080,108809102&adk=2352184609&biw=412&bih=620&adx=56&ady=294&oid=3&u_sd=3.5&ifi=1&is_amp=1&amp_v=1498506512561&nhd=1&url=", "row": 0, "column": 230, "tagName": "style", "time": 14984.311577, "url": "", "pos": 1, "chunkLen": 1, "isStartTag": 0}}
06-28 12:45:07.895 16340 16353 E WProf.db: {"WprofHTMLTag": {"code": "0x9d432850", "doc": "https://securepubads.g.doubleclick.net/gampad/ads?gdfp_req=1&glade_req=1&glv=25&output=html&iu=%2F1038259%2FSEL-amp-cube&sz=300x250&sfv=1-0-8&correlator=3267174496993280&eid=108809080,108809102&adk=2352184609&biw=412&bih=620&adx=56&ady=294&oid=3&u_sd=3.5&ifi=1&is_amp=1&amp_v=1498506512561&nhd=1&url=", "row": 0, "column": 238, "tagName": "script", "time": 14984.313656, "url": "", "pos": 1, "chunkLen": 1, "isStartTag": 1}}
06-28 12:45:07.895 16340 16353 E WProf.db: {"WprofHTMLTag": {"code": "0x9d432910", "doc": "https://securepubads.g.doubleclick.net/gampad/ads?gdfp_req=1&glade_req=1&glv=25&output=html&iu=%2F1038259%2FSEL-amp-cube&sz=300x250&sfv=1-0-8&correlator=3267174496993280&eid=108809080,108809102&adk=2352184609&biw=412&bih=620&adx=56&ady=294&oid=3&u_sd=3.5&ifi=1&is_amp=1&amp_v=1498506512561&nhd=1&url=", "row": 0, "column": 8856, "tagName": "script", "time": 14984.315038, "url": "", "pos": 1, "chunkLen": 1, "isStartTag": 0}}
06-28 12:45:07.896 16340 16353 E WProf.db: {"WprofHTMLTag": {"code": "0x9d4329a0", "doc": "https://securepubads.g.doubleclick.net/gampad/ads?gdfp_req=1&glade_req=1&glv=25&output=html&iu=%2F1038259%2FSEL-amp-cube&sz=300x250&sfv=1-0-8&correlator=3267174496993280&eid=108809080,108809102&adk=2352184609&biw=412&bih=620&adx=56&ady=294&oid=3&u_sd=3.5&ifi=1&is_amp=1&amp_v=1498506512561&nhd=1&url=", "row": 0, "column": 8863, "tagName": "head", "time": 14984.329107, "url": "", "pos": 1, "chunkLen": 1, "isStartTag": 0}}
06-28 12:45:07.896 16340 16353 E WProf.db: {"WprofHTMLTag": {"code": "0x9d4329d0", "doc": "https://securepubads.g.doubleclick.net/gampad/ads?gdfp_req=1&glade_req=1&glv=25&output=html&iu=%2F1038259%2FSEL-amp-cube&sz=300x250&sfv=1-0-8&correlator=3267174496993280&eid=108809080,108809102&adk=2352184609&biw=412&bih=620&adx=56&ady=294&oid=3&u_sd=3.5&ifi=1&is_amp=1&amp_v=1498506512561&nhd=1&url=", "row": 0, "column": 8977, "tagName": "body", "time": 14984.329143, "url": "", "pos": 1, "chunkLen": 1, "isStartTag": 1}}
06-28 12:45:07.896 16340 16353 E WProf.db: {"WprofHTMLTag": {"code": "0x9d432a60", "doc": "https://securepubads.g.doubleclick.net/gampad/ads?gdfp_req=1&glade_req=1&glv=25&output=html&iu=%2F1038259%2FSEL-amp-cube&sz=300x250&sfv=1-0-8&correlator=3267174496993280&eid=108809080,108809102&adk=2352184609&biw=412&bih=620&adx=56&ady=294&oid=3&u_sd=3.5&ifi=1&is_amp=1&amp_v=1498506512561&nhd=1&url=", "row": 0, "column": 9047, "tagName": "div", "time": 14984.329730, "url": "", "pos": 1, "chunkLen": 1, "isStartTag": 1}}
06-28 12:45:07.896 16340 16353 E WProf.db: {"WprofHTMLTag": {"code": "0x9d432940", "doc": "https://securepubads.g.doubleclick.net/gampad/ads?gdfp_req=1&glade_req=1&glv=25&output=html&iu=%2F1038259%2FSEL-amp-cube&sz=300x250&sfv=1-0-8&correlator=3267174496993280&eid=108809080,108809102&adk=2352184609&biw=412&bih=620&adx=56&ady=294&oid=3&u_sd=3.5&ifi=1&is_amp=1&amp_v=1498506512561&nhd=1&url=", "row": 0, "column": 9055, "tagName": "script", "time": 14984.329917, "url": "", "pos": 1, "chunkLen": 1, "isStartTag": 1}}
06-28 12:45:07.896 16340 16353 E WProf.db: {"WprofHTMLTag": {"code": "0x9d432b50", "doc": "https://securepubads.g.doubleclick.net/gampad/ads?gdfp_req=1&glade_req=1&glv=25&output=html&iu=%2F1038259%2FSEL-amp-cube&sz=300x250&sfv=1-0-8&correlator=3267174496993280&eid=108809080,108809102&adk=2352184609&biw=412&bih=620&adx=56&ady=294&oid=3&u_sd=3.5&ifi=1&is_amp=1&amp_v=1498506512561&nhd=1&url=", "row": 0, "column": 9428, "tagName": "script", "time": 14984.330494, "url": "", "pos": 1, "chunkLen": 1, "isStartTag": 0}}
06-28 12:45:07.896 16340 16353 E WProf.db: {"WprofHTMLTag": {"code": "0x9d432b80", "doc": "https://securepubads.g.doubleclick.net/gampad/ads?gdfp_req=1&glade_req=1&glv=25&output=html&iu=%2F1038259%2FSEL-amp-cube&sz=300x250&sfv=1-0-8&correlator=3267174496993280&eid=108809080,108809102&adk=2352184609&biw=412&bih=620&adx=56&ady=294&oid=3&u_sd=3.5&ifi=1&is_amp=1&amp_v=1498506512561&nhd=1&url=", "row": 0, "column": 10011, "tagName": "a", "time": 14984.340600, "url": "", "pos": 1, "chunkLen": 1, "isStartTag": 1}}
06-28 12:45:07.896 16340 16353 E WProf.db: {"WprofHTMLTag": {"code": "0x9d432be0", "doc": "https://securepubads.g.doubleclick.net/gampad/ads?gdfp_req=1&glade_req=1&glv=25&output=html&iu=%2F1038259%2FSEL-amp-cube&sz=300x250&sfv=1-0-8&correlator=3267174496993280&eid=108809080,108809102&adk=2352184609&biw=412&bih=620&adx=56&ady=294&oid=3&u_sd=3.5&ifi=1&is_amp=1&amp_v=1498506512561&nhd=1&url=", "row": 0, "column": 10144, "tagName": "img", "time": 14984.341125, "url": "", "pos": 1, "chunkLen": 1, "isStartTag": 1}}
06-28 12:45:07.896 16340 16353 E WProf.db: {"WprofHTMLTag": {"code": "0x9d432bb0", "doc": "https://securepubads.g.doubleclick.net/gampad/ads?gdfp_req=1&glade_req=1&glv=25&output=html&iu=%2F1038259%2FSEL-amp-cube&sz=300x250&sfv=1-0-8&correlator=3267174496993280&eid=108809080,108809102&adk=2352184609&biw=412&bih=620&adx=56&ady=294&oid=3&u_sd=3.5&ifi=1&is_amp=1&amp_v=1498506512561&nhd=1&url=", "row": 0, "column": 10148, "tagName": "a", "time": 14984.343400, "url": "", "pos": 1, "chunkLen": 1, "isStartTag": 0}}
06-28 12:45:07.897 16340 16353 E WProf.db: {"WprofHTMLTag": {"code": "0x9d432c10", "doc": "https://securepubads.g.doubleclick.net/gampad/ads?gdfp_req=1&glade_req=1&glv=25&output=html&iu=%2F1038259%2FSEL-amp-cube&sz=300x250&sfv=1-0-8&correlator=3267174496993280&eid=108809080,108809102&adk=2352184609&biw=412&bih=620&adx=56&ady=294&oid=3&u_sd=3.5&ifi=1&is_amp=1&amp_v=1498506512561&nhd=1&url=", "row": 0, "column": 10154, "tagName": "div", "time": 14984.343434, "url": "", "pos": 1, "chunkLen": 1, "isStartTag": 0}}
06-28 12:45:07.897 16340 16353 E WProf.db: {"WprofHTMLTag": {"code": "0x9d432c40", "doc": "https://securepubads.g.doubleclick.net/gampad/ads?gdfp_req=1&glade_req=1&glv=25&output=html&iu=%2F1038259%2FSEL-amp-cube&sz=300x250&sfv=1-0-8&correlator=3267174496993280&eid=108809080,108809102&adk=2352184609&biw=412&bih=620&adx=56&ady=294&oid=3&u_sd=3.5&ifi=1&is_amp=1&amp_v=1498506512561&nhd=1&url=", "row": 0, "column": 10277, "tagName": "script", "time": 14984.343457, "url": "https://tpc.googlesyndication.com/pagead/js/r20170619/r20110914/client/ext/m_window_focus_non_hydra.js", "pos": 1, "chunkLen": 1, "isStartTag": 1}}
06-28 12:45:07.897 16340 16353 E WProf.db: {"WprofHTMLTag": {"code": "0x9d432c70", "doc": "https://securepubads.g.doubleclick.net/gampad/ads?gdfp_req=1&glade_req=1&glv=25&output=html&iu=%2F1038259%2FSEL-amp-cube&sz=300x250&sfv=1-0-8&correlator=3267174496993280&eid=108809080,108809102&adk=2352184609&biw=412&bih=620&adx=56&ady=294&oid=3&u_sd=3.5&ifi=1&is_amp=1&amp_v=1498506512561&nhd=1&url=", "row": 0, "column": 10286, "tagName": "script", "time": 14984.343784, "url": "", "pos": 1, "chunkLen": 1, "isStartTag": 0}}
06-28 12:45:07.897 16340 16353 E WProf.db: {"WprofHTMLTag": {"code": "0x9d4327f0", "doc": "https://securepubads.g.doubleclick.net/gampad/ads?gdfp_req=1&glade_req=1&glv=25&output=html&iu=%2F1038259%2FSEL-amp-cube&sz=300x250&sfv=1-0-8&correlator=3267174496993280&eid=108809080,108809102&adk=2352184609&biw=412&bih=620&adx=56&ady=294&oid=3&u_sd=3.5&ifi=1&is_amp=1&amp_v=1498506512561&nhd=1&url=", "row": 0, "column": 10294, "tagName": "script", "time": 14984.344809, "url": "", "pos": 1, "chunkLen": 1, "isStartTag": 1}}
06-28 12:45:07.897 16340 16353 E WProf.db: {"WprofHTMLTag": {"code": "0x9d432ca0", "doc": "https://securepubads.g.doubleclick.net/gampad/ads?gdfp_req=1&glade_req=1&glv=25&output=html&iu=%2F1038259%2FSEL-amp-cube&sz=300x250&sfv=1-0-8&correlator=3267174496993280&eid=108809080,108809102&adk=2352184609&biw=412&bih=620&adx=56&ady=294&oid=3&u_sd=3.5&ifi=1&is_amp=1&amp_v=1498506512561&nhd=1&url=", "row": 0, "column": 10560, "tagName": "script", "time": 14984.345051, "url": "", "pos": 1, "chunkLen": 1, "isStartTag": 0}}
06-28 12:45:07.897 16340 16353 E WProf.db: {"WprofHTMLTag": {"code": "0x9d432cd0", "doc": "https://securepubads.g.doubleclick.net/gampad/ads?gdfp_req=1&glade_req=1&glv=25&output=html&iu=%2F1038259%2FSEL-amp-cube&sz=300x250&sfv=1-0-8&correlator=3267174496993280&eid=108809080,108809102&adk=2352184609&biw=412&bih=620&adx=56&ady=294&oid=3&u_sd=3.5&ifi=1&is_amp=1&amp_v=1498506512561&nhd=1&url=", "row": 0, "column": 10665, "tagName": "script", "time": 14984.346160, "url": "https://tpc.googlesyndication.com/pagead/js/r20170619/r20110914/activeview/osd_listener.js", "pos": 1, "chunkLen": 1, "isStartTag": 1}}
06-28 12:45:07.897 16340 16353 E WProf.db: {"WprofHTMLTag": {"code": "0x9d432d00", "doc": "https://securepubads.g.doubleclick.net/gampad/ads?gdfp_req=1&glade_req=1&glv=25&output=html&iu=%2F1038259%2FSEL-amp-cube&sz=300x250&sfv=1-0-8&correlator=3267174496993280&eid=108809080,108809102&adk=2352184609&biw=412&bih=620&adx=56&ady=294&oid=3&u_sd=3.5&ifi=1&is_amp=1&amp_v=1498506512561&nhd=1&url=", "row": 0, "column": 10674, "tagName": "script", "time": 14984.346566, "url": "https://pagead2.googlesyndication.com/pagead/osd.js", "pos": 1, "chunkLen": 1, "isStartTag": 0}}
06-28 12:45:07.898 16340 16353 E WProf.db: {"WprofHTMLTag": {"code": "0xaeddbc50", "doc": "https://securepubads.g.doubleclick.net/gampad/ads?gdfp_req=1&glade_req=1&glv=25&output=html&iu=%2F1038259%2FSEL-amp-cube&sz=300x250&sfv=1-0-8&correlator=3267174496993280&eid=108809080,108809102&adk=2352184609&biw=412&bih=620&adx=56&ady=294&oid=3&u_sd=3.5&ifi=1&is_amp=1&amp_v=1498506512561&nhd=1&url=", "row": 0, "column": 10705, "tagName": "script", "time": 14984.727455, "url": "", "pos": 1, "chunkLen": 1, "isStartTag": 1}}
06-28 12:45:07.898 16340 16353 E WProf.db: {"WprofHTMLTag": {"code": "0xaeddbc20", "doc": "https://securepubads.g.doubleclick.net/gampad/ads?gdfp_req=1&glade_req=1&glv=25&output=html&iu=%2F1038259%2FSEL-amp-cube&sz=300x250&sfv=1-0-8&correlator=3267174496993280&eid=108809080,108809102&adk=2352184609&biw=412&bih=620&adx=56&ady=294&oid=3&u_sd=3.5&ifi=1&is_amp=1&amp_v=1498506512561&nhd=1&url=", "row": 0, "column": 11058, "tagName": "script", "time": 14984.727937, "url": "", "pos": 1, "chunkLen": 1, "isStartTag": 0}}
06-28 12:45:07.898 16340 16353 E WProf.db: {"WprofHTMLTag": {"code": "0xaeddb3e0", "doc": "https://securepubads.g.doubleclick.net/gampad/ads?gdfp_req=1&glade_req=1&glv=25&output=html&iu=%2F1038259%2FSEL-amp-cube&sz=300x250&sfv=1-0-8&correlator=3267174496993280&eid=108809080,108809102&adk=2352184609&biw=412&bih=620&adx=56&ady=294&oid=3&u_sd=3.5&ifi=1&is_amp=1&amp_v=1498506512561&nhd=1&url=", "row": 0, "column": 11066, "tagName": "script", "time": 14984.754478, "url": "", "pos": 1, "chunkLen": 1, "isStartTag": 1}}
06-28 12:45:07.898 16340 16353 E WProf.db: {"WprofHTMLTag": {"code": "0x9d432f10", "doc": "https://securepubads.g.doubleclick.net/gampad/ads?gdfp_req=1&glade_req=1&glv=25&output=html&iu=%2F1038259%2FSEL-amp-cube&sz=300x250&sfv=1-0-8&correlator=3267174496993280&eid=108809080,108809102&adk=2352184609&biw=412&bih=620&adx=56&ady=294&oid=3&u_sd=3.5&ifi=1&is_amp=1&amp_v=1498506512561&nhd=1&url=", "row": 0, "column": 19628, "tagName": "script", "time": 14984.754710, "url": "", "pos": 1, "chunkLen": 1, "isStartTag": 0}}
06-28 12:45:07.898 16340 16353 E WProf.db: {"WprofHTMLTag": {"code": "0x9d432f40", "doc": "https://securepubads.g.doubleclick.net/gampad/ads?gdfp_req=1&glade_req=1&glv=25&output=html&iu=%2F1038259%2FSEL-amp-cube&sz=300x250&sfv=1-0-8&correlator=3267174496993280&eid=108809080,108809102&adk=2352184609&biw=412&bih=620&adx=56&ady=294&oid=3&u_sd=3.5&ifi=1&is_amp=1&amp_v=1498506512561&nhd=1&url=", "row": 0, "column": 19636, "tagName": "script", "time": 14984.765809, "url": "", "pos": 1, "chunkLen": 1, "isStartTag": 1}}
06-28 12:45:07.898 16340 16353 E WProf.db: {"WprofHTMLTag": {"code": "0x9d432f70", "doc": "https://securepubads.g.doubleclick.net/gampad/ads?gdfp_req=1&glade_req=1&glv=25&output=html&iu=%2F1038259%2FSEL-amp-cube&sz=300x250&sfv=1-0-8&correlator=3267174496993280&eid=108809080,108809102&adk=2352184609&biw=412&bih=620&adx=56&ady=294&oid=3&u_sd=3.5&ifi=1&is_amp=1&amp_v=1498506512561&nhd=1&url=", "row": 0, "column": 19711, "tagName": "script", "time": 14984.766065, "url": "", "pos": 1, "chunkLen": 1, "isStartTag": 0}}
06-28 12:45:07.898 16340 16353 E WProf.db: {"WprofHTMLTag": {"code": "0x9d432fa0", "doc": "https://securepubads.g.doubleclick.net/gampad/ads?gdfp_req=1&glade_req=1&glv=25&output=html&iu=%2F1038259%2FSEL-amp-cube&sz=300x250&sfv=1-0-8&correlator=3267174496993280&eid=108809080,108809102&adk=2352184609&biw=412&bih=620&adx=56&ady=294&oid=3&u_sd=3.5&ifi=1&is_amp=1&amp_v=1498506512561&nhd=1&url=", "row": 0, "column": 19719, "tagName": "script", "time": 14984.769786, "url": "", "pos": 1, "chunkLen": 1, "isStartTag": 1}}
