--------- beginning of main
06-28 10:49:58.147  3449  3449 E Finsky  : [1] com.google.android.finsky.wear.bl.a(3): onConnectionFailed: ConnectionResult{statusCode=API_UNAVAILABLE, resolution=null, message=null}
--------- beginning of system
06-28 10:49:59.297  7820  7820 E chromium: [ERROR:shell_integration_android.cc(12)] Not implemented reached in static ShellIntegration::DefaultWebClientSetPermission ShellIntegration::CanSetAsDefaultBrowser()
06-28 10:49:59.300  7820  7820 E chromium: [ERROR:browser_process_impl.cc(720)] Not implemented reached in virtual BackgroundModeManager* BrowserProcessImpl::background_mode_manager()
06-28 10:49:59.557  3218 30749 E AudioRecord-JNI: Error -4 during AudioRecord native read
06-28 10:50:02.065  7820  7875 E chromium: [ERROR:gles2_cmd_decoder.cc(3852)] [.ChromiumCompositor-0xacbb2fc0]GL ERROR :GL_INVALID_ENUM : glDiscardFramebufferEXT: attachments was GL_COLOR_EXT
06-28 10:50:02.332  7897  7910 E WPROF   : {"CSS": {"url": "http://searchengineland.com/figz/wp-content/themes/searchengineland/css/searchengineland-bootstrap.css", "requestTime": 8079.388033}}
06-28 10:50:02.334  7897  7910 E WPROF   : {"CSS": {"url": "http://fonts.googleapis.com/css?family=Oswald:300,400,700", "requestTime": 8079.389394}}
06-28 10:50:02.336  7897  7910 E WPROF   : {"CSS": {"url": "http://searchengineland.com/figz/wp-content/themes/searchengineland/style.css", "requestTime": 8079.391398}}
06-28 10:50:02.343  7897  7910 E WPROF   : {"Javascript": {"url": "http://searchengineland.com/figz/wp-content/themes/searchengineland/js/lib/modernizr.custom.js?ver=1.0", "requestTime": 8079.399196}}
06-28 10:50:02.344  7897  7910 E WPROF   : {"Javascript": {"url": "http://searchengineland.com/figz/wp-content/themes/searchengineland/js/lib/jquery-1.11.0.min.js?ver=1.11.0", "requestTime": 8079.399928}}
06-28 10:50:02.345  7897  7910 E WPROF   : {"Javascript": {"url": "http://searchengineland.com/figz/wp-content/themes/searchengineland/js/lib/jquery-ui-1.10.3.custom.min.js?ver=1.10.3", "requestTime": 8079.400856}}
06-28 10:50:02.346  7897  7910 E WPROF   : {"Javascript": {"url": "http://searchengineland.com/figz/wp-content/themes/searchengineland/js/lib/jquery.ba-throttle-debounce.min.js?ver=1.1", "requestTime": 8079.401549}}
06-28 10:50:02.347  7897  7910 E WPROF   : {"Javascript": {"url": "http://searchengineland.com/figz/wp-content/themes/searchengineland/js/lib/jquery.countdown.min.js?ver=2.0.4", "requestTime": 8079.402254}}
06-28 10:50:02.347  7897  7910 E WPROF   : {"Javascript": {"url": "http://static.chartbeat.com/js/chartbeat_mab.js", "requestTime": 8079.403177}}
06-28 10:50:02.893  7897  7910 E WPROF   : {"Javascript": {"url": "http://searchengineland.com/figz/wp-includes/js/wp-emoji-release.min.js?ver=4.7.5", "requestTime": 8079.948944}}
06-28 10:50:03.260  7897  7910 E WPROF   : {"Javascript": {"url": "http://www.googletagservices.com/tag/js/gpt.js", "requestTime": 8080.315509}}
06-28 10:50:03.270  7897  7910 E WPROF   : {"Javascript": {"url": "https://www.google-analytics.com/analytics.js", "requestTime": 8080.325775}}
06-28 10:50:03.272  7897  7910 E WPROF   : {"Javascript": {"url": "http://edge.quantserve.com/quant.js", "requestTime": 8080.327914}}
06-28 10:50:03.274  7897  7910 E WPROF   : {"Javascript": {"url": "https://connect.facebook.net/en_US/fbevents.js", "requestTime": 8080.329700}}
06-28 10:50:03.331  7820  7875 E chromium: [ERROR:gles2_cmd_decoder.cc(3852)] [.ChromiumCompositor-0xacbb2fc0]GL ERROR :GL_INVALID_ENUM : glDiscardFramebufferEXT: attachments was GL_COLOR_EXT
06-28 10:50:03.377  7897  7910 E WPROF   : {"Javascript": {"url": "http://app-sj02.marketo.com/js/forms2/js/forms2.min.js", "requestTime": 8080.432221}}
06-28 10:50:03.382  7897  7910 E WPROF   : {"Javascript": {"url": "http://searchengineland.com/js/ga_social_tracking.js", "requestTime": 8080.438186}}
06-28 10:50:03.383  7897  7910 E WPROF   : {"Javascript": {"url": "http://s7.addthis.com/js/300/addthis_widget.js#pubid=ra-53e918f660794f37", "requestTime": 8080.438683}}
06-28 10:50:03.464  7820  7875 E chromium: [ERROR:gles2_cmd_decoder.cc(3852)] [.ChromiumCompositor-0xacbb2fc0]GL ERROR :GL_INVALID_ENUM : glDiscardFramebufferEXT: attachments was GL_COLOR_EXT
06-28 10:50:03.525  7897  7910 E WPROF   : {"Javascript": {"url": "https://connect.facebook.net/signals/config/423979991297359?v=2.7.17", "requestTime": 8080.580404}}
06-28 10:50:03.693  7897  7910 E WPROF   : {"Javascript": {"url": "http://app-sj02.marketo.com/index.php/form/getForm?munchkinId=727-ZQE-044&form=5691&url=http%3A%2F%2Fsearchengineland.com%2Fwatch-retail-space-2017-retail-prediction-272463&callback=jQuery110208823374975472689_1498614603613&_=1498614603614", "requestTime": 8080.748571}}
06-28 10:50:03.754  7897  7910 E WPROF   : {"Javascript": {"url": "http://app-sj02.marketo.com/index.php/form/getForm?munchkinId=727-ZQE-044&form=5673&url=http%3A%2F%2Fsearchengineland.com%2Fwatch-retail-space-2017-retail-prediction-272463&callback=jQuery110208823374975472689_1498614603615&_=1498614603616", "requestTime": 8080.809218}}
06-28 10:50:04.073  7820  7875 E chromium: [ERROR:gles2_cmd_decoder.cc(3852)] [.ChromiumCompositor-0xacbb2fc0]GL ERROR :GL_INVALID_ENUM : glDiscardFramebufferEXT: attachments was GL_COLOR_EXT
06-28 10:50:04.359  7897  7910 E WPROF   : {"Javascript": {"url": "http://platform.twitter.com/widgets.js", "requestTime": 8081.414405}}
06-28 10:50:04.361  7897  7910 E WPROF   : {"Javascript": {"url": "http://connect.facebook.net/en_US/sdk.js", "requestTime": 8081.416634}}
06-28 10:50:04.363  7897  7910 E WPROF   : {"Javascript": {"url": "https://apis.google.com/js/platform.js", "requestTime": 8081.418626}}
06-28 10:50:04.389  7897  7910 E WPROF   : {"Javascript": {"url": "http://rules.quantcount.com/rules-p-5aGizvD82d9hk.js", "requestTime": 8081.444600}}
06-28 10:50:04.409  7897  7910 E WPROF   : {"Javascript": {"url": "http://munchkin.marketo.net/munchkin.js", "requestTime": 8081.464613}}
06-28 10:50:04.425  7897  7910 E WPROF   : {"Javascript": {"url": "https://securepubads.g.doubleclick.net/gpt/pubads_impl_121.js", "requestTime": 8081.480833}}
06-28 10:50:04.850   862  1657 E LocSvc_IzatApiV02: E/virtual int izat_core::IzatApiV02::getBatchSize(int32_t):522]: Error : st = 4, ind.status = -1628389555
06-28 10:50:04.850   862  1657 E LocSvc_IzatApiV02: E/virtual int izat_core::IzatApiV02::getBatchSize(int32_t):535]: get batching size failed.Or modem does not support batching 
06-28 10:50:04.862   862  1657 E LocSvc_IzatApiV02: E/virtual int izat_core::IzatApiV02::getBatchSize(int32_t):522]: Error : st = 4, ind.status = -1628389555
06-28 10:50:04.862   862  1657 E LocSvc_IzatApiV02: E/virtual int izat_core::IzatApiV02::getBatchSize(int32_t):535]: get batching size failed.Or modem does not support batching 
06-28 10:50:04.894   862  1657 E LocSvc_IzatApiV02: E/virtual int izat_core::IzatApiV02::getBatchSize(int32_t):522]: Error : st = 4, ind.status = -1628389555
06-28 10:50:04.895   862  1657 E LocSvc_IzatApiV02: E/virtual int izat_core::IzatApiV02::getBatchSize(int32_t):535]: get batching size failed.Or modem does not support batching 
06-28 10:50:04.908   862  1657 E LocSvc_IzatApiV02: E/virtual int izat_core::IzatApiV02::getBatchSize(int32_t):522]: Error : st = 4, ind.status = -1628389555
06-28 10:50:04.908   862  1657 E LocSvc_IzatApiV02: E/virtual int izat_core::IzatApiV02::getBatchSize(int32_t):535]: get batching size failed.Or modem does not support batching 
06-28 10:50:04.929  7897  7910 E WPROF   : {"Javascript": {"url": "http://m.addthisedge.com/live/boost/ra-53e918f660794f37/_ate.track.config_resp", "requestTime": 8081.984982}}
06-28 10:50:04.981  7897  7910 E WPROF   : {"Javascript": {"url": "http://m.addthis.com/live/red_lojson/300lo.json?si=59530b4cc322f2c8&bkl=0&bl=1&pdt=1392&sid=59530b4cc322f2c8&pub=ra-53e918f660794f37&rev=v7.15.4-wp&ln=ko&pc=men&cb=0&ab=-&dp=searchengineland.com&fp=watch-retail-space-2017-retail-prediction-272463&fr=&of=0&pd=0&irt=0&vcl=0&md=0&ct=1&tct=0&abt=0&cdn=0", "requestTime": 8082.036258}}
06-28 10:50:04.991  7820  7875 E chromium: [ERROR:gles2_cmd_decoder.cc(3852)] [.ChromiumCompositor-0xacbb2fc0]GL ERROR :GL_INVALID_ENUM : glDiscardFramebufferEXT: attachments was GL_COLOR_EXT
06-28 10:50:05.020  7897  7910 E WPROF   : {"Javascript": {"url": "http://dnn506yrbagrg.cloudfront.net/pages/scripts/0026/4062.js?416281", "requestTime": 8082.075860}}
06-28 10:50:05.145  7897  7910 E WPROF   : {"CSS": {"url": "http://app-sj02.marketo.com/js/forms2/css/forms2.css", "requestTime": 8082.200158}}
06-28 10:50:05.151  7897  7910 E WPROF   : {"CSS": {"url": "http://app-sj02.marketo.com/js/forms2/css/forms2-theme-simple.css", "requestTime": 8082.206963}}
06-28 10:50:05.185  7897  7910 E WPROF   : {"Javascript": {"url": "http://munchkin.marketo.net/151/munchkin.js", "requestTime": 8082.240260}}
06-28 10:50:05.214  7897  7910 E WPROF   : {"Javascript": {"url": "https://static.xx.fbcdn.net/rsrc.php/v3iy6L4/yk/l/ko_KR/be4fIjHRc8P.js", "requestTime": 8082.269386}}
06-28 10:50:05.412  7820  7875 E chromium: [ERROR:gles2_cmd_decoder.cc(3852)] [.ChromiumCompositor-0xacbb2fc0]GL ERROR :GL_INVALID_ENUM : glDiscardFramebufferEXT: attachments was GL_COLOR_EXT
06-28 10:50:05.843  7897  7910 E WPROF   : {"Javascript": {"url": "https://platform.twitter.com/js/button.b731e6c82269f70f6fc53634e044a4c6.js", "requestTime": 8082.898332}}
06-28 10:50:06.282  7897  7910 E WPROF   : {"Javascript": {"url": "https://securepubads.g.doubleclick.net/gampad/ads?gdfp_req=1&correlator=2902574167490560&output=json_html&callback=googletag.impl.pubads.callbackProxy1&impl=fifs&json_a=1&eid=108809080%2C108809107%2C108809153&sc=0&sfv=1-0-9&iu_parts=1038259%2Csel-ciu-1%2Csel-ciu-2%2Csel-ciu-3%2Csel-ciu-4%2Csel-ciu-5", "requestTime": 8083.337494}}
06-28 10:50:06.341  7897  7910 E WPROF   : {"Javascript": {"url": "http://s7.addthis.com/static/layers.4acb6c577b51939661ec.js", "requestTime": 8083.396746}}
06-28 10:50:06.374  7897  7910 E WPROF   : {"CSS": {"url": "https://www.youtube.com/yts/cssbin/www-embed-player-sprite-mode-vfl5G4Xm8.css", "requestTime": 8083.430201}}
06-28 10:50:06.376  7897  7910 E WPROF   : {"Javascript": {"url": "https://www.youtube.com/yts/jsbin/www-embed-player-vfl_UY_j8/www-embed-player.js", "requestTime": 8083.431500}}
06-28 10:50:06.376  7897  7910 E WPROF   : {"Javascript": {"url": "https://www.youtube.com/yts/jsbin/player-vflo1w4O-/ko_KR/base.js", "requestTime": 8083.431939}}
06-28 10:50:06.469  7820  7875 E chromium: [ERROR:gles2_cmd_decoder.cc(3852)] [.ChromiumCompositor-0xacbb2fc0]GL ERROR :GL_INVALID_ENUM : glDiscardFramebufferEXT: attachments was GL_COLOR_EXT
06-28 10:50:06.689  7820  7875 E chromium: [ERROR:gles2_cmd_decoder.cc(3852)] [.ChromiumCompositor-0xacbb2fc0]GL ERROR :GL_INVALID_ENUM : glDiscardFramebufferEXT: attachments was GL_COLOR_EXT
06-28 10:50:07.122  7820  7875 E chromium: [ERROR:gles2_cmd_decoder.cc(3852)] [.ChromiumCompositor-0xacbb2fc0]GL ERROR :GL_INVALID_ENUM : glDiscardFramebufferEXT: attachments was GL_COLOR_EXT
06-28 10:50:08.453  7897  7910 E WPROF   : {"Javascript": {"url": "https://www.google.com/js/bg/KWBfAnWFESAEEaKKgdYlTHY9ysQaNoQuzeMFqvxDSM8.js", "requestTime": 8085.508466}}
06-28 10:50:08.455  7897  7910 E WPROF   : {"Javascript": {"url": "https://static.doubleclick.net/instream/ad_status.js", "requestTime": 8085.510931}}
06-28 10:50:08.752  7820  7875 E chromium: [ERROR:gles2_cmd_decoder.cc(3852)] [.ChromiumCompositor-0xacbb2fc0]GL ERROR :GL_INVALID_ENUM : glDiscardFramebufferEXT: attachments was GL_COLOR_EXT
06-28 10:50:10.408  7820  7875 E chromium: [ERROR:gles2_cmd_decoder.cc(3852)] [.ChromiumCompositor-0xacbb2fc0]GL ERROR :GL_INVALID_ENUM : glDiscardFramebufferEXT: attachments was GL_COLOR_EXT
06-28 10:50:11.250  7897  7910 E WProf.db: {"page": "searchengineland.com_watch-retail-space-2017-retail-prediction-272463"}
06-28 10:50:11.250  7897  7910 E WProf.db: {"DOMLoad": 8088.306141}
06-28 10:50:11.251  7897  7910 E WProf.db: {"Resource": {"id": 1, "url": "http://searchengineland.com/watch-retail-space-2017-retail-prediction-272463", "sentTime": -1.000000, "len": 85569, "from": "0x0", "mimeType": "text/html", "contentLength": -1, "httpStatus": 200, "connId": 19, "connReused": 1, "cached": 0,"requestTime": 8079.050373, "proxyStart": -1, "proxyEnd": -1, "dnsStart": -1, "dnsEnd": -1, "connectStart": 0, "connectEnd": 63, "sendStart": 63, "sendEnd": 63, "receiveHeadersEnd": 221, "sslStart": -1, "sslEnd": -1}}
06-28 10:50:11.251  7897  7910 E WProf.db: {"ReceivedChunk": {"receivedTime": 8079.287042, "len": 7839}}
06-28 10:50:11.251  7897  7910 E WProf.db: {"ReceivedChunk": {"receivedTime": 8079.354621, "len": 32768}}
06-28 10:50:11.251  7897  7910 E WProf.db: {"ReceivedChunk": {"receivedTime": 8079.355895, "len": 27002}}
06-28 10:50:11.251  7897  7910 E WProf.db: {"ReceivedChunk": {"receivedTime": 8079.431823, "len": 12851}}
06-28 10:50:11.251  7897  7910 E WProf.db: {"ReceivedChunk": {"receivedTime": 8079.432260, "len": 5109}}
06-28 10:50:11.251  7897  7910 E WProf.db: {"WprofHTMLTag": {"code": "0xaedd4600", "doc": "http://searchengineland.com/watch-retail-space-2017-retail-prediction-272463", "row": 6, "column": 42, "tagName": "html", "time": 8079.361707, "url": "", "pos": 1, "chunkLen": 1, "isStartTag": 1}}
06-28 10:50:11.251  7897  7910 E WProf.db: {"WprofHTMLTag": {"code": "0xaf0477f0", "doc": "http://searchengineland.com/watch-retail-space-2017-retail-prediction-272463", "row": 7, "column": 6, "tagName": "head", "time": 8079.363401, "url": "", "pos": 1, "chunkLen": 1, "isStartTag": 1}}
06-28 10:50:11.251  7897  7910 E WProf.db: {"WprofHTMLTag": {"code": "0xaf047820", "doc": "http://searchengineland.com/watch-retail-space-2017-retail-prediction-272463", "row": 8, "column": 54, "tagName": "meta", "time": 8079.363583, "url": "", "pos": 1, "chunkLen": 1, "isStartTag": 1}}
06-28 10:50:11.251  7897  7910 E WProf.db: {"WprofHTMLTag": {"code": "0xaf047850", "doc": "http://searchengineland.com/watch-retail-space-2017-retail-prediction-272463", "row": 9, "column": 68, "tagName": "meta", "time": 8079.364213, "url": "", "pos": 1, "chunkLen": 1, "isStartTag": 1}}
06-28 10:50:11.251  7897  7910 E WProf.db: {"WprofHTMLTag": {"code": "0xaf047880", "doc": "http://searchengineland.com/watch-retail-space-2017-retail-prediction-272463", "row": 10, "column": 23, "tagName": "meta", "time": 8079.364760, "url": "", "pos": 1, "chunkLen": 1, "isStartTag": 1}}
06-28 10:50:11.251  7897  7910 E WProf.db: {"WprofHTMLTag": {"code": "0xaf0478b0", "doc": "http://searchengineland.com/watch-retail-space-2017-retail-prediction-272463", "row": 11, "column": 52, "tagName": "meta", "time": 8079.365656, "url": "", "pos": 1, "chunkLen": 1, "isStartTag": 1}}
06-28 10:50:11.251  7897  7910 E WProf.db: {"WprofHTMLTag": {"code": "0xaf0478e0", "doc": "http://searchengineland.com/watch-retail-space-2017-retail-prediction-272463", "row": 14, "column": 56, "tagName": "meta", "time": 8079.366240, "url": "", "pos": 1, "chunkLen": 1, "isStartTag": 1}}
06-28 10:50:11.252  7897  7910 E WProf.db: {"WprofHTMLTag": {"code": "0xaf047910", "doc": "http://searchengineland.com/watch-retail-space-2017-retail-prediction-272463", "row": 15, "column": 83, "tagName": "meta", "time": 8079.366755, "url": "", "pos": 1, "chunkLen": 1, "isStartTag": 1}}
06-28 10:50:11.252  7897  7910 E WProf.db: {"WprofHTMLTag": {"code": "0xaf047940", "doc": "http://searchengineland.com/watch-retail-space-2017-retail-prediction-272463", "row": 16, "column": 57, "tagName": "meta", "time": 8079.367292, "url": "", "pos": 1, "chunkLen": 1, "isStartTag": 1}}
06-28 10:50:11.252  7897  7910 E WProf.db: {"WprofHTMLTag": {"code": "0xaf0479d0", "doc": "http://searchengineland.com/watch-retail-space-2017-retail-prediction-272463", "row": 17, "column": 41, "tagName": "meta", "time": 8079.367822, "url": "", "pos": 1, "chunkLen": 1, "isStartTag": 1}}
06-28 10:50:11.252  7897  7910 E WProf.db: {"WprofHTMLTag": {"code": "0xaf047a00", "doc": "http://searchengineland.com/watch-retail-space-2017-retail-prediction-272463", "row": 18, "column": 50, "tagName": "meta", "time": 8079.368333, "url": "", "pos": 1, "chunkLen": 1, "isStartTag": 1}}
06-28 10:50:11.252  7897  7910 E WProf.db: {"WprofHTMLTag": {"code": "0xaf047a30", "doc": "http://searchengineland.com/watch-retail-space-2017-retail-prediction-272463", "row": 19, "column": 174, "tagName": "meta", "time": 8079.368847, "url": "", "pos": 1, "chunkLen": 1, "isStartTag": 1}}
06-28 10:50:11.252  7897  7910 E WProf.db: {"WprofHTMLTag": {"code": "0xaf0479a0", "doc": "http://searchengineland.com/watch-retail-space-2017-retail-prediction-272463", "row": 20, "column": 47, "tagName": "meta", "time": 8079.369384, "url": "", "pos": 1, "chunkLen": 1, "isStartTag": 1}}
06-28 10:50:11.252  7897  7910 E WProf.db: {"WprofHTMLTag": {"code": "0xaf047970", "doc": "http://searchengineland.com/watch-retail-space-2017-retail-prediction-272463", "row": 21, "column": 67, "tagName": "meta", "time": 8079.369891, "url": "", "pos": 1, "chunkLen": 1, "isStartTag": 1}}
06-28 10:50:11.252  7897  7910 E WProf.db: {"WprofHTMLTag": {"code": "0xaf047a60", "doc": "http://searchengineland.com/watch-retail-space-2017-retail-prediction-272463", "row": 22, "column": 57, "tagName": "meta", "time": 8079.371757, "url": "", "pos": 1, "chunkLen": 1, "isStartTag": 1}}
06-28 10:50:11.252  7897  7910 E WProf.db: {"WprofHTMLTag": {"code": "0xaf047a90", "doc": "http://searchengineland.com/watch-retail-space-2017-retail-prediction-272463", "row": 23, "column": 65, "tagName": "meta", "time": 8079.372313, "url": "", "pos": 1, "chunkLen": 1, "isStartTag": 1}}
06-28 10:50:11.252  7897  7910 E WProf.db: {"WprofHTMLTag": {"code": "0xaf047ac0", "doc": "http://searchengineland.com/watch-retail-space-2017-retail-prediction-272463", "row": 24, "column": 55, "tagName": "meta", "time": 8079.372853, "url": "", "pos": 1, "chunkLen": 1, "isStartTag": 1}}
06-28 10:50:11.252  7897  7910 E WProf.db: {"WprofHTMLTag": {"code": "0xaf047af0", "doc": "http://searchengineland.com/watch-retail-space-2017-retail-prediction-272463", "row": 25, "column": 71, "tagName": "meta", "time": 8079.373443, "url": "", "pos": 1, "chunkLen": 1, "isStartTag": 1}}
06-28 10:50:11.252  7897  7910 E WProf.db: {"WprofHTMLTag": {"code": "0xaf047b20", "doc": "http://searchengineland.com/watch-retail-space-2017-retail-prediction-272463", "row": 26, "column": 86, "tagName": "meta", "time": 8079.374025, "url": "", "pos": 1, "chunkLen": 1, "isStartTag": 1}}
06-28 10:50:11.253  7897  7910 E WProf.db: {"WprofHTMLTag": {"code": "0xaf047b50", "doc": "http://searchengineland.com/watch-retail-space-2017-retail-prediction-272463", "row": 27, "column": 54, "tagName": "meta", "time": 8079.374558, "url": "", "pos": 1, "chunkLen": 1, "isStartTag": 1}}
06-28 10:50:11.253  7897  7910 E WProf.db: {"WprofHTMLTag": {"code": "0xaf047b80", "doc": "http://searchengineland.com/watch-retail-space-2017-retail-prediction-272463", "row": 29, "column": 39, "tagName": "meta", "time": 8079.375066, "url": "", "pos": 1, "chunkLen": 1, "isStartTag": 1}}
06-28 10:50:11.253  7897  7910 E WProf.db: {"WprofHTMLTag": {"code": "0xaf047bb0", "doc": "http://searchengineland.com/watch-retail-space-2017-retail-prediction-272463", "row": 30, "column": 180, "tagName": "meta", "time": 8079.375592, "url": "", "pos": 1, "chunkLen": 1, "isStartTag": 1}}
06-28 10:50:11.253  7897  7910 E WProf.db: {"WprofHTMLTag": {"code": "0xaf047be0", "doc": "http://searchengineland.com/watch-retail-space-2017-retail-prediction-272463", "row": 31, "column": 55, "tagName": "meta", "time": 8079.376088, "url": "", "pos": 1, "chunkLen": 1, "isStartTag": 1}}
06-28 10:50:11.253  7897  7910 E WProf.db: {"WprofHTMLTag": {"code": "0xaf047c10", "doc": "http://searchengineland.com/watch-retail-space-2017-retail-prediction-272463", "row": 32, "column": 54, "tagName": "meta", "time": 8079.376622, "url": "", "pos": 1, "chunkLen": 1, "isStartTag": 1}}
06-28 10:50:11.253  7897  7910 E WProf.db: {"WprofHTMLTag": {"code": "0xaf047c40", "doc": "http://searchengineland.com/watch-retail-space-2017-retail-prediction-272463", "row": 33, "column": 155, "tagName": "meta", "time": 8079.377143, "url": "", "pos": 1, "chunkLen": 1, "isStartTag": 1}}
06-28 10:50:11.253  7897  7910 E WProf.db: {"WprofHTMLTag": {"code": "0xaf047c70", "doc": "http://searchengineland.com/watch-retail-space-2017-retail-prediction-272463", "row": 37, "column": 36, "tagName": "script", "time": 8079.377652, "url": "", "pos": 1, "chunkLen": 1, "isStartTag": 1}}
06-28 10:50:11.253  7897  7910 E WProf.db: {"WprofHTMLTag": {"code": "0xaf047ca0", "doc": "http://searchengineland.com/watch-retail-space-2017-retail-prediction-272463", "row": 53, "column": 10, "tagName": "script", "time": 8079.378818, "url": "", "pos": 1, "chunkLen": 1, "isStartTag": 0}}
06-28 10:50:11.253  7897  7910 E WProf.db: {"WprofHTMLTag": {"code": "0xaedd4630", "doc": "http://searchengineland.com/watch-retail-space-2017-retail-prediction-272463", "row": 55, "column": 86, "tagName": "link", "time": 8079.381350, "url": "http://searchengineland.com/apple-touch-icon.png", "pos": 1, "chunkLen": 1, "isStartTag": 1}}
06-28 10:50:11.253  7897  7910 E WProf.db: {"WprofHTMLTag": {"code": "0xaf047cd0", "doc": "http://searchengineland.com/watch-retail-space-2017-retail-prediction-272463", "row": 56, "column": 76, "tagName": "link", "time": 8079.381762, "url": "http://searchengineland.com/favicon.ico", "pos": 1, "chunkLen": 1, "isStartTag": 1}}
06-28 10:50:11.253  7897  7910 E WProf.db: {"WprofHTMLTag": {"code": "0xaf047d00", "doc": "http://searchengineland.com/watch-retail-space-2017-retail-prediction-272463", "row": 57, "column": 158, "tagName": "link", "time": 8079.386599, "url": "http://feeds.searchengineland.com/searchengineland", "pos": 1, "chunkLen": 1, "isStartTag": 1}}
06-28 10:50:11.253  7897  7910 E WProf.db: {"WprofHTMLTag": {"code": "0xaf047d30", "doc": "http://searchengineland.com/watch-retail-space-2017-retail-prediction-272463", "row": 58, "column": 149, "tagName": "link", "time": 8079.387016, "url": "http://feeds.searchengineland.com/searchcap", "pos": 1, "chunkLen": 1, "isStartTag": 1}}
06-28 10:50:11.254  7897  7910 E WProf.db: {"WprofHTMLTag": {"code": "0xaf047d60", "doc": "http://searchengineland.com/watch-retail-space-2017-retail-prediction-272463", "row": 59, "column": 150, "tagName": "link", "time": 8079.387448, "url": "http://searchengineland.com/figz/wp-content/themes/searchengineland/css/searchengineland-bootstrap.css", "pos": 1, "chunkLen": 1, "isStartTag": 1}}
06-28 10:50:11.254  7897  7910 E WProf.db: {"WprofHTMLTag": {"code": "0xaf047dc0", "doc": "http://searchengineland.com/watch-retail-space-2017-retail-prediction-272463", "row": 60, "column": 105, "tagName": "link", "time": 8079.388842, "url": "http://fonts.googleapis.com/css?family=Oswald:300,400,700", "pos": 1, "chunkLen": 1, "isStartTag": 1}}
06-28 10:50:11.254  7897  7910 E WProf.db: {"WprofHTMLTag": {"code": "0xaf047e20", "doc": "http://searchengineland.com/watch-retail-space-2017-retail-prediction-272463", "row": 61, "column": 125, "tagName": "link", "time": 8079.390601, "url": "http://searchengineland.com/figz/wp-content/themes/searchengineland/style.css", "pos": 1, "chunkLen": 1, "isStartTag": 1}}
06-28 10:50:11.254  7897  7910 E WProf.db: {"WprofHTMLTag": {"code": "0xaf047e80", "doc": "http://searchengineland.com/watch-retail-space-2017-retail-prediction-272463", "row": 65, "column": 7, "tagName": "title", "time": 8079.391886, "url": "", "pos": 1, "chunkLen": 1, "isStartTag": 1}}
06-28 10:50:11.254  7897  7910 E WProf.db: {"WprofHTMLTag": {"code": "0xaf047eb0", "doc": "http://searchengineland.com/watch-retail-space-2017-retail-prediction-272463", "row": 65, "column": 62, "tagName": "title", "time": 8079.392286, "url": "", "pos": 1, "chunkLen": 1, "isStartTag": 0}}
06-28 10:50:11.254  7897  7910 E WProf.db: {"WprofHTMLTag": {"code": "0xaf047ee0", "doc": "http://searchengineland.com/watch-retail-space-2017-retail-prediction-272463", "row": 66, "column": 192, "tagName": "meta", "time": 8079.392321, "url": "", "pos": 1, "chunkLen": 1, "isStartTag": 1}}
06-28 10:50:11.254  7897  7910 E WProf.db: {"WprofHTMLTag": {"code": "0xaf047f10", "doc": "http://searchengineland.com/watch-retail-space-2017-retail-prediction-272463", "row": 67, "column": 40, "tagName": "meta", "time": 8079.392516, "url": "", "pos": 1, "chunkLen": 1, "isStartTag": 1}}
06-28 10:50:11.254  7897  7910 E WProf.db: {"WprofHTMLTag": {"code": "0xaf047f40", "doc": "http://searchengineland.com/watch-retail-space-2017-retail-prediction-272463", "row": 68, "column": 118, "tagName": "meta", "time": 8079.392670, "url": "", "pos": 1, "chunkLen": 1, "isStartTag": 1}}
06-28 10:50:11.254  7897  7910 E WProf.db: {"WprofHTMLTag": {"code": "0xaf047f70", "doc": "http://searchengineland.com/watch-retail-space-2017-retail-prediction-272463", "row": 69, "column": 37, "tagName": "meta", "time": 8079.392821, "url": "", "pos": 1, "chunkLen": 1, "isStartTag": 1}}
06-28 10:50:11.254  7897  7910 E WProf.db: {"WprofHTMLTag": {"code": "0xaf047fa0", "doc": "http://searchengineland.com/watch-retail-space-2017-retail-prediction-272463", "row": 70, "column": 108, "tagName": "link", "time": 8079.392979, "url": "http://searchengineland.com/watch-retail-space-2017-retail-prediction-272463", "pos": 1, "chunkLen": 1, "isStartTag": 1}}
06-28 10:50:11.254  7897  7910 E WProf.db: {"WprofHTMLTag": {"code": "0xaf047fd0", "doc": "http://searchengineland.com/watch-retail-space-2017-retail-prediction-272463", "row": 71, "column": 76, "tagName": "link", "time": 8079.393286, "url": "https://plus.google.com/103218677032751327334", "pos": 1, "chunkLen": 1, "isStartTag": 1}}
06-28 10:50:11.255  7897  7910 E WProf.db: {"WprofHTMLTag": {"code": "0xb4cc74b0", "doc": "http://searchengineland.com/watch-retail-space-2017-retail-prediction-272463", "row": 72, "column": 45, "tagName": "meta", "time": 8079.393748, "url": "", "pos": 1, "chunkLen": 1, "isStartTag": 1}}
06-28 10:50:11.255  7897  7910 E WProf.db: {"WprofHTMLTag": {"code": "0xb4cc7540", "doc": "http://searchengineland.com/watch-retail-space-2017-retail-prediction-272463", "row": 73, "column": 45, "tagName": "meta", "time": 8079.393936, "url": "", "pos": 1, "chunkLen": 1, "isStartTag": 1}}
06-28 10:50:11.255  7897  7910 E WProf.db: {"WprofHTMLTag": {"code": "0xb4cc78a0", "doc": "http://searchengineland.com/watch-retail-space-2017-retail-prediction-272463", "row": 74, "column": 86, "tagName": "meta", "time": 8079.394155, "url": "", "pos": 1, "chunkLen": 1, "isStartTag": 1}}
06-28 10:50:11.255  7897  7910 E WProf.db: {"WprofHTMLTag": {"code": "0xb4cc78d0", "doc": "http://searchengineland.com/watch-retail-space-2017-retail-prediction-272463", "row": 75, "column": 200, "tagName": "meta", "time": 8079.394315, "url": "", "pos": 1, "chunkLen": 1, "isStartTag": 1}}
06-28 10:50:11.255  7897  7910 E WProf.db: {"WprofHTMLTag": {"code": "0xb4cc7900", "doc": "http://searchengineland.com/watch-retail-space-2017-retail-prediction-272463", "row": 76, "column": 113, "tagName": "meta", "time": 8079.394475, "url": "", "pos": 1, "chunkLen": 1, "isStartTag": 1}}
06-28 10:50:11.255  7897  7910 E WProf.db: {"WprofHTMLTag": {"code": "0xb4cc7930", "doc": "http://searchengineland.com/watch-retail-space-2017-retail-prediction-272463", "row": 77, "column": 61, "tagName": "meta", "time": 8079.395544, "url": "", "pos": 1, "chunkLen": 1, "isStartTag": 1}}
06-28 10:50:11.255  7897  7910 E WProf.db: {"WprofHTMLTag": {"code": "0xb4cc7960", "doc": "http://searchengineland.com/watch-retail-space-2017-retail-prediction-272463", "row": 78, "column": 89, "tagName": "meta", "time": 8079.395708, "url": "", "pos": 1, "chunkLen": 1, "isStartTag": 1}}
06-28 10:50:11.255  7897  7910 E WProf.db: {"WprofHTMLTag": {"code": "0xb4cc7990", "doc": "http://searchengineland.com/watch-retail-space-2017-retail-prediction-272463", "row": 79, "column": 52, "tagName": "meta", "time": 8079.395875, "url": "", "pos": 1, "chunkLen": 1, "isStartTag": 1}}
06-28 10:50:11.255  7897  7910 E WProf.db: {"WprofHTMLTag": {"code": "0xb4cc79c0", "doc": "http://searchengineland.com/watch-retail-space-2017-retail-prediction-272463", "row": 80, "column": 78, "tagName": "meta", "time": 8079.396235, "url": "", "pos": 1, "chunkLen": 1, "isStartTag": 1}}
06-28 10:50:11.256  7897  7910 E WProf.db: {"WprofHTMLTag": {"code": "0xb4cc79f0", "doc": "http://searchengineland.com/watch-retail-space-2017-retail-prediction-272463", "row": 81, "column": 77, "tagName": "meta", "time": 8079.396405, "url": "", "pos": 1, "chunkLen": 1, "isStartTag": 1}}
06-28 10:50:11.256  7897  7910 E WProf.db: {"WprofHTMLTag": {"code": "0xb4cc7a20", "doc": "http://searchengineland.com/watch-retail-space-2017-retail-prediction-272463", "row": 82, "column": 71, "tagName": "meta", "time": 8079.396566, "url": "", "pos": 1, "chunkLen": 1, "isStartTag": 1}}
06-28 10:50:11.256  7897  7910 E WProf.db: {"WprofHTMLTag": {"code": "0xb4cc7a50", "doc": "http://searchengineland.com/watch-retail-space-2017-retail-prediction-272463", "row": 83, "column": 149, "tagName": "meta", "time": 8079.396733, "url": "", "pos": 1, "chunkLen": 1, "isStartTag": 1}}
06-28 10:50:11.256  7897  7910 E WProf.db: {"WprofHTMLTag": {"code": "0xb4cc7a80", "doc": "http://searchengineland.com/watch-retail-space-2017-retail-prediction-272463", "row": 84, "column": 58, "tagName": "meta", "time": 8079.396899, "url": "", "pos": 1, "chunkLen": 1, "isStartTag": 1}}
06-28 10:50:11.256  7897  7910 E WProf.db: {"WprofHTMLTag": {"code": "0xb4cc7ab0", "doc": "http://searchengineland.com/watch-retail-space-2017-retail-prediction-272463", "row": 85, "column": 201, "tagName": "meta", "time": 8079.397065, "url": "", "pos": 1, "chunkLen": 1, "isStartTag": 1}}
06-28 10:50:11.256  7897  7910 E WProf.db: {"WprofHTMLTag": {"code": "0xb4cc7ae0", "doc": "http://searchengineland.com/watch-retail-space-2017-retail-prediction-272463", "row": 86, "column": 87, "tagName": "meta", "time": 8079.397216, "url": "", "pos": 1, "chunkLen": 1, "isStartTag": 1}}
06-28 10:50:11.256  7897  7910 E WProf.db: {"WprofHTMLTag": {"code": "0xb4cc7b10", "doc": "http://searchengineland.com/watch-retail-space-2017-retail-prediction-272463", "row": 87, "column": 51, "tagName": "meta", "time": 8079.397385, "url": "", "pos": 1, "chunkLen": 1, "isStartTag": 1}}
06-28 10:50:11.256  7897  7910 E WProf.db: {"WprofHTMLTag": {"code": "0xb4cc7b40", "doc": "http://searchengineland.com/watch-retail-space-2017-retail-prediction-272463", "row": 88, "column": 150, "tagName": "meta", "time": 8079.397541, "url": "", "pos": 1, "chunkLen": 1, "isStartTag": 1}}
06-28 10:50:11.256  7897  7910 E WProf.db: {"WprofHTMLTag": {"code": "0xb4cc7b70", "doc": "http://searchengineland.com/watch-retail-space-2017-retail-prediction-272463", "row": 89, "column": 54, "tagName": "meta", "time": 8079.397701, "url": "", "pos": 1, "chunkLen": 1, "isStartTag": 1}}
06-28 10:50:11.256  7897  7910 E WProf.db: {"WprofHTMLTag": {"code": "0xb4cc7ba0", "doc": "http://searchengineland.com/watch-retail-space-2017-retail-prediction-272463", "row": 92, "column": 44, "tagName": "link", "time": 8079.397869, "url": "http://s.w.org/", "pos": 1, "chunkLen": 1, "isStartTag": 1}}
06-28 10:50:11.256  7897  7910 E WProf.db: {"WprofHTMLTag": {"code": "0xb4cc7bd0", "doc": "http://searchengineland.com/watch-retail-space-2017-retail-prediction-272463", "row": 93, "column": 33, "tagName": "script", "time": 8079.398184, "url": "", "pos": 1, "chunkLen": 1, "isStartTag": 1}}
06-28 10:50:11.257  7897  7910 E WProf.db: {"WprofHTMLTag": {"code": "0xb4cc7c00", "doc": "http://searchengineland.com/watch-retail-space-2017-retail-prediction-272463", "row": 96, "column": 11, "tagName": "script", "time": 8079.398587, "url": "http://searchengineland.com/figz/wp-includes/js/wp-emoji-release.min.js?ver=4.7.5", "pos": 1, "chunkLen": 1, "isStartTag": 0}}
06-28 10:50:11.257  7897  7910 E WProf.db: {"WprofHTMLTag": {"code": "0x9ce87870", "doc": "http://searchengineland.com/watch-retail-space-2017-retail-prediction-272463", "row": 97, "column": 25, "tagName": "style", "time": 8079.950077, "url": "", "pos": 1, "chunkLen": 1, "isStartTag": 1}}
06-28 10:50:11.257  7897  7910 E WProf.db: {"WprofHTMLTag": {"code": "0x9ce878a0", "doc": "http://searchengineland.com/watch-retail-space-2017-retail-prediction-272463", "row": 110, "column": 8, "tagName": "style", "time": 8079.950266, "url": "", "pos": 1, "chunkLen": 1, "isStartTag": 0}}
06-28 10:50:11.257  7897  7910 E WProf.db: {"WprofHTMLTag": {"code": "0x9ce878d0", "doc": "http://searchengineland.com/watch-retail-space-2017-retail-prediction-272463", "row": 111, "column": 140, "tagName": "script", "time": 8079.951753, "url": "http://searchengineland.com/figz/wp-content/themes/searchengineland/js/lib/modernizr.custom.js?ver=1.0", "pos": 1, "chunkLen": 1, "isStartTag": 1}}
06-28 10:50:11.257  7897  7910 E WProf.db: {"WprofHTMLTag": {"code": "0x9ce87900", "doc": "http://searchengineland.com/watch-retail-space-2017-retail-prediction-272463", "row": 111, "column": 149, "tagName": "script", "time": 8079.951980, "url": "", "pos": 1, "chunkLen": 1, "isStartTag": 0}}
06-28 10:50:11.257  7897  7910 E WProf.db: {"WprofHTMLTag": {"code": "0x9ce87990", "doc": "http://searchengineland.com/watch-retail-space-2017-retail-prediction-272463", "row": 112, "column": 144, "tagName": "script", "time": 8079.959388, "url": "http://searchengineland.com/figz/wp-content/themes/searchengineland/js/lib/jquery-1.11.0.min.js?ver=1.11.0", "pos": 1, "chunkLen": 1, "isStartTag": 1}}
06-28 10:50:11.257  7897  7910 E WProf.db: {"WprofHTMLTag": {"code": "0x9ce879c0", "doc": "http://searchengineland.com/watch-retail-space-2017-retail-prediction-272463", "row": 112, "column": 153, "tagName": "script", "time": 8079.959622, "url": "", "pos": 1, "chunkLen": 1, "isStartTag": 0}}
06-28 10:50:11.257  7897  7910 E WProf.db: {"WprofHTMLTag": {"code": "0xaedd4ea0", "doc": "http://searchengineland.com/watch-retail-space-2017-retail-prediction-272463", "row": 0, "column": 15, "tagName": "div", "time": 8080.024504, "url": "", "pos": 15, "chunkLen": 44, "isStartTag": 1}}
06-28 10:50:11.257  7897  7910 E WProf.db: {"WprofHTMLTag": {"code": "0xaedd4e70", "doc": "http://searchengineland.com/watch-retail-space-2017-retail-prediction-272463", "row": 0, "column": 21, "tagName": "div", "time": 8080.024645, "url": "", "pos": 21, "chunkLen": 44, "isStartTag": 0}}
06-28 10:50:11.257  7897  7910 E WProf.db: {"WprofHTMLTag": {"code": "0xaedd4c90", "doc": "http://searchengineland.com/watch-retail-space-2017-retail-prediction-272463", "row": 0, "column": 38, "tagName": "div", "time": 8080.024709, "url": "", "pos": 38, "chunkLen": 44, "isStartTag": 1}}
06-28 10:50:11.257  7897  7910 E WProf.db: {"WprofHTMLTag": {"code": "0xaedd4e40", "doc": "http://searchengineland.com/watch-retail-space-2017-retail-prediction-272463", "row": 0, "column": 44, "tagName": "div", "time": 8080.024820, "url": "", "pos": 44, "chunkLen": 44, "isStartTag": 0}}
06-28 10:50:11.258  7897  7910 E WProf.db: {"WprofHTMLTag": {"code": "0xaedd4e10", "doc": "http://searchengineland.com/watch-retail-space-2017-retail-prediction-272463", "row": 0, "column": 13, "tagName": "select", "time": 8080.026188, "url": "", "pos": 13, "chunkLen": 51, "isStartTag": 1}}
06-28 10:50:11.258  7897  7910 E WProf.db: {"WprofHTMLTag": {"code": "0x9ce87a20", "doc": "http://searchengineland.com/watch-retail-space-2017-retail-prediction-272463", "row": 0, "column": 33, "tagName": "option", "time": 8080.026365, "url": "", "pos": 33, "chunkLen": 51, "isStartTag": 1}}
06-28 10:50:11.258  7897  7910 E WProf.db: {"WprofHTMLTag": {"code": "0x9ce87a50", "doc": "http://searchengineland.com/watch-retail-space-2017-retail-prediction-272463", "row": 0, "column": 42, "tagName": "option", "time": 8080.026561, "url": "", "pos": 42, "chunkLen": 51, "isStartTag": 0}}
06-28 10:50:11.258  7897  7910 E WProf.db: {"WprofHTMLTag": {"code": "0x9ce87a80", "doc": "http://searchengineland.com/watch-retail-space-2017-retail-prediction-272463", "row": 0, "column": 51, "tagName": "select", "time": 8080.026618, "url": "", "pos": 51, "chunkLen": 51, "isStartTag": 0}}
06-28 10:50:11.258  7897  7910 E WProf.db: {"WprofHTMLTag": {"code": "0x9ce87ab0", "doc": "http://searchengineland.com/watch-retail-space-2017-retail-prediction-272463", "row": 0, "column": 12, "tagName": "a", "time": 8080.034568, "url": "", "pos": 12, "chunkLen": 16, "isStartTag": 1}}
06-28 10:50:11.258  7897  7910 E WProf.db: {"WprofHTMLTag": {"code": "0x9ce87ae0", "doc": "http://searchengineland.com/watch-retail-space-2017-retail-prediction-272463", "row": 0, "column": 16, "tagName": "a", "time": 8080.034753, "url": "", "pos": 16, "chunkLen": 16, "isStartTag": 0}}
06-28 10:50:11.258  7897  7910 E WProf.db: {"WprofHTMLTag": {"code": "0x9ce87b10", "doc": "http://searchengineland.com/watch-retail-space-2017-retail-prediction-272463", "row": 0, "column": 8, "tagName": "input", "time": 8080.035838, "url": "", "pos": 8, "chunkLen": 8, "isStartTag": 1}}
06-28 10:50:11.258  7897  7910 E WProf.db: {"WprofHTMLTag": {"code": "0x9ce87b40", "doc": "http://searchengineland.com/watch-retail-space-2017-retail-prediction-272463", "row": 0, "column": 9, "tagName": "link", "time": 8080.045057, "url": "", "pos": 9, "chunkLen": 42, "isStartTag": 1}}
06-28 10:50:11.258  7897  7910 E WProf.db: {"WprofHTMLTag": {"code": "0x9ce87b70", "doc": "http://searchengineland.com/watch-retail-space-2017-retail-prediction-272463", "row": 0, "column": 16, "tagName": "table", "time": 8080.045175, "url": "", "pos": 16, "chunkLen": 42, "isStartTag": 1}}
06-28 10:50:11.259  7897  7910 E WProf.db: {"WprofHTMLTag": {"code": "0x9ce87ba0", "doc": "http://searchengineland.com/watch-retail-space-2017-retail-prediction-272463", "row": 0, "column": 24, "tagName": "table", "time": 8080.045289, "url": "", "pos": 24, "chunkLen": 42, "isStartTag": 0}}
06-28 10:50:11.259  7897  7910 E WProf.db: {"WprofHTMLTag": {"code": "0x9ce87bd0", "doc": "http://searchengineland.com/watch-retail-space-2017-retail-prediction-272463", "row": 0, "column": 37, "tagName": "a", "time": 8080.045356, "url": "", "pos": 37, "chunkLen": 42, "isStartTag": 1}}
06-28 10:50:11.259  7897  7910 E WProf.db: {"WprofHTMLTag": {"code": "0x9ce87c00", "doc": "http://searchengineland.com/watch-retail-space-2017-retail-prediction-272463", "row": 0, "column": 42, "tagName": "a", "time": 8080.045535, "url": "", "pos": 42, "chunkLen": 42, "isStartTag": 0}}
06-28 10:50:11.259  7897  7910 E WProf.db: {"WprofHTMLTag": {"code": "0x9ce87c90", "doc": "http://searchengineland.com/watch-retail-space-2017-retail-prediction-272463", "row": 0, "column": 10, "tagName": "textarea", "time": 8080.046719, "url": "", "pos": 10, "chunkLen": 22, "isStartTag": 1}}
06-28 10:50:11.259  7897  7910 E WProf.db: {"WprofHTMLTag": {"code": "0x9ce87cc0", "doc": "http://searchengineland.com/watch-retail-space-2017-retail-prediction-272463", "row": 0, "column": 22, "tagName": "textarea", "time": 8080.046927, "url": "", "pos": 22, "chunkLen": 22, "isStartTag": 0}}
06-28 10:50:11.259  7897  7910 E WProf.db: {"WprofHTMLTag": {"code": "0x9ce87cf0", "doc": "http://searchengineland.com/watch-retail-space-2017-retail-prediction-272463", "row": 0, "column": 48, "tagName": "input", "time": 8080.049029, "url": "", "pos": 48, "chunkLen": 48, "isStartTag": 1}}
06-28 10:50:11.259  7897  7910 E WProf.db: {"WprofHTMLTag": {"code": "0x9ce87d50", "doc": "http://searchengineland.com/watch-retail-space-2017-retail-prediction-272463", "row": 0, "column": 9, "tagName": "link", "time": 8080.056131, "url": "", "pos": 9, "chunkLen": 66, "isStartTag": 1}}
06-28 10:50:11.259  7897  7910 E WProf.db: {"WprofHTMLTag": {"code": "0x9ce87d80", "doc": "http://searchengineland.com/watch-retail-space-2017-retail-prediction-272463", "row": 0, "column": 16, "tagName": "table", "time": 8080.056254, "url": "", "pos": 16, "chunkLen": 66, "isStartTag": 1}}
06-28 10:50:11.259  7897  7910 E WProf.db: {"WprofHTMLTag": {"code": "0x9ce87db0", "doc": "http://searchengineland.com/watch-retail-space-2017-retail-prediction-272463", "row": 0, "column": 24, "tagName": "table", "time": 8080.056328, "url": "", "pos": 24, "chunkLen": 66, "isStartTag": 0}}
06-28 10:50:11.259  7897  7910 E WProf.db: {"WprofHTMLTag": {"code": "0x9ce87de0", "doc": "http://searchengineland.com/watch-retail-space-2017-retail-prediction-272463", "row": 0, "column": 37, "tagName": "a", "time": 8080.056392, "url": "", "pos": 37, "chunkLen": 66, "isStartTag": 1}}
06-28 10:50:11.259  7897  7910 E WProf.db: {"WprofHTMLTag": {"code": "0x9ce87e10", "doc": "http://searchengineland.com/watch-retail-space-2017-retail-prediction-272463", "row": 0, "column": 42, "tagName": "a", "time": 8080.056564, "url": "", "pos": 42, "chunkLen": 66, "isStartTag": 0}}
06-28 10:50:11.259  7897  7910 E WProf.db: {"WprofHTMLTag": {"code": "0x9ce87e40", "doc": "http://searchengineland.com/watch-retail-space-2017-retail-prediction-272463", "row": 0, "column": 66, "tagName": "input", "time": 8080.056630, "url": "", "pos": 66, "chunkLen": 66, "isStartTag": 1}}
06-28 10:50:11.259  7897  7910 E WProf.db: {"WprofHTMLTag": {"code": "0x9ce87ed0", "doc": "http://searchengineland.com/watch-retail-space-2017-retail-prediction-272463", "row": 0, "column": 9, "tagName": "link", "time": 8080.058654, "url": "", "pos": 9, "chunkLen": 66, "isStartTag": 1}}
06-28 10:50:11.260  7897  7910 E WProf.db: {"WprofHTMLTag": {"code": "0x9ce87f00", "doc": "http://searchengineland.com/watch-retail-space-2017-retail-prediction-272463", "row": 0, "column": 16, "tagName": "table", "time": 8080.058765, "url": "", "pos": 16, "chunkLen": 66, "isStartTag": 1}}
06-28 10:50:11.260  7897  7910 E WProf.db: {"WprofHTMLTag": {"code": "0x9ce87f30", "doc": "http://searchengineland.com/watch-retail-space-2017-retail-prediction-272463", "row": 0, "column": 24, "tagName": "table", "time": 8080.058831, "url": "", "pos": 24, "chunkLen": 66, "isStartTag": 0}}
06-28 10:50:11.260  7897  7910 E WProf.db: {"WprofHTMLTag": {"code": "0x9ce87f60", "doc": "http://searchengineland.com/watch-retail-space-2017-retail-prediction-272463", "row": 0, "column": 37, "tagName": "a", "time": 8080.058893, "url": "", "pos": 37, "chunkLen": 66, "isStartTag": 1}}
06-28 10:50:11.260  7897  7910 E WProf.db: {"WprofHTMLTag": {"code": "0x9ce87f90", "doc": "http://searchengineland.com/watch-retail-space-2017-retail-prediction-272463", "row": 0, "column": 42, "tagName": "a", "time": 8080.059058, "url": "", "pos": 42, "chunkLen": 66, "isStartTag": 0}}
06-28 10:50:11.260  7897  7910 E WProf.db: {"WprofHTMLTag": {"code": "0x9ce87fc0", "doc": "http://searchengineland.com/watch-retail-space-2017-retail-prediction-272463", "row": 0, "column": 66, "tagName": "input", "time": 8080.059122, "url": "", "pos": 66, "chunkLen": 66, "isStartTag": 1}}
06-28 10:50:11.260  7897  7910 E WProf.db: {"WprofHTMLTag": {"code": "0x9ce88020", "doc": "http://searchengineland.com/watch-retail-space-2017-retail-prediction-272463", "row": 0, "column": 9, "tagName": "link", "time": 8080.064208, "url": "", "pos": 9, "chunkLen": 66, "isStartTag": 1}}
06-28 10:50:11.260  7897  7910 E WProf.db: {"WprofHTMLTag": {"code": "0x9ce88050", "doc": "http://searchengineland.com/watch-retail-space-2017-retail-prediction-272463", "row": 0, "column": 16, "tagName": "table", "time": 8080.064329, "url": "", "pos": 16, "chunkLen": 66, "isStartTag": 1}}
06-28 10:50:11.260  7897  7910 E WProf.db: {"WprofHTMLTag": {"code": "0x9ce88080", "doc": "http://searchengineland.com/watch-retail-space-2017-retail-prediction-272463", "row": 0, "column": 24, "tagName": "table", "time": 8080.064407, "url": "", "pos": 24, "chunkLen": 66, "isStartTag": 0}}
06-28 10:50:11.260  7897  7910 E WProf.db: {"WprofHTMLTag": {"code": "0x9ce880b0", "doc": "http://searchengineland.com/watch-retail-space-2017-retail-prediction-272463", "row": 0, "column": 37, "tagName": "a", "time": 8080.064474, "url": "", "pos": 37, "chunkLen": 66, "isStartTag": 1}}
06-28 10:50:11.260  7897  7910 E WProf.db: {"WprofHTMLTag": {"code": "0x9ce880e0", "doc": "http://searchengineland.com/watch-retail-space-2017-retail-prediction-272463", "row": 0, "column": 42, "tagName": "a", "time": 8080.064747, "url": "", "pos": 42, "chunkLen": 66, "isStartTag": 0}}
06-28 10:50:11.260  7897  7910 E WProf.db: {"WprofHTMLTag": {"code": "0x9ce88110", "doc": "http://searchengineland.com/watch-retail-space-2017-retail-prediction-272463", "row": 0, "column": 66, "tagName": "input", "time": 8080.064815, "url": "", "pos": 66, "chunkLen": 66, "isStartTag": 1}}
06-28 10:50:11.260  7897  7910 E WProf.db: {"WprofHTMLTag": {"code": "0x9ce87960", "doc": "http://searchengineland.com/watch-retail-space-2017-retail-prediction-272463", "row": 113, "column": 154, "tagName": "script", "time": 8080.080853, "url": "http://searchengineland.com/figz/wp-content/themes/searchengineland/js/lib/jquery-ui-1.10.3.custom.min.js?ver=1.10.3", "pos": 67, "chunkLen": 67, "isStartTag": 1}}
06-28 10:50:11.260  7897  7910 E WProf.db: {"WprofHTMLTag": {"code": "0x9ce88230", "doc": "http://searchengineland.com/watch-retail-space-2017-retail-prediction-272463", "row": 113, "column": 163, "tagName": "script", "time": 8080.081119, "url": "", "pos": 67, "chunkLen": 67, "isStartTag": 0}}
06-28 10:50:11.261  7897  7910 E WProf.db: {"WprofHTMLTag": {"code": "0xaedd5020", "doc": "http://searchengineland.com/watch-retail-space-2017-retail-prediction-272463", "row": 0, "column": 111, "tagName": "div", "time": 8080.275279, "url": "", "pos": 111, "chunkLen": 117, "isStartTag": 1}}
06-28 10:50:11.261  7897  7910 E WProf.db: {"WprofHTMLTag": {"code": "0xaedd4fc0", "doc": "http://searchengineland.com/watch-retail-space-2017-retail-prediction-272463", "row": 0, "column": 117, "tagName": "div", "time": 8080.275509, "url": "", "pos": 117, "chunkLen": 117, "isStartTag": 0}}
06-28 10:50:11.261  7897  7910 E WProf.db: {"WprofHTMLTag": {"code": "0x9ce88500", "doc": "http://searchengineland.com/watch-retail-space-2017-retail-prediction-272463", "row": 114, "column": 155, "tagName": "script", "time": 8080.307592, "url": "http://searchengineland.com/figz/wp-content/themes/searchengineland/js/lib/jquery.ba-throttle-debounce.min.js?ver=1.1", "pos": 118, "chunkLen": 118, "isStartTag": 1}}
06-28 10:50:11.261  7897  7910 E WProf.db: {"WprofHTMLTag": {"code": "0x9ce88530", "doc": "http://searchengineland.com/watch-retail-space-2017-retail-prediction-272463", "row": 114, "column": 164, "tagName": "script", "time": 8080.307876, "url": "", "pos": 118, "chunkLen": 118, "isStartTag": 0}}
06-28 10:50:11.261  7897  7910 E WProf.db: {"WprofHTMLTag": {"code": "0x9ce887a0", "doc": "http://searchengineland.com/watch-retail-space-2017-retail-prediction-272463", "row": 115, "column": 146, "tagName": "script", "time": 8080.309510, "url": "http://searchengineland.com/figz/wp-content/themes/searchengineland/js/lib/jquery.countdown.min.js?ver=2.0.4", "pos": 118, "chunkLen": 118, "isStartTag": 1}}
06-28 10:50:11.261  7897  7910 E WProf.db: {"WprofHTMLTag": {"code": "0x9ce887d0", "doc": "http://searchengineland.com/watch-retail-space-2017-retail-prediction-272463", "row": 115, "column": 155, "tagName": "script", "time": 8080.309742, "url": "", "pos": 118, "chunkLen": 118, "isStartTag": 0}}
06-28 10:50:11.261  7897  7910 E WProf.db: {"WprofHTMLTag": {"code": "0x9ce88800", "doc": "http://searchengineland.com/watch-retail-space-2017-retail-prediction-272463", "row": 116, "column": 77, "tagName": "link", "time": 8080.313187, "url": "http://searchengineland.com/wp-json/", "pos": 118, "chunkLen": 118, "isStartTag": 1}}
06-28 10:50:11.261  7897  7910 E WProf.db: {"WprofHTMLTag": {"code": "0x9ce88830", "doc": "http://searchengineland.com/watch-retail-space-2017-retail-prediction-272463", "row": 117, "column": 69, "tagName": "link", "time": 8080.313401, "url": "http://searchengineland.com/?p=272463", "pos": 118, "chunkLen": 118, "isStartTag": 1}}
06-28 10:50:11.261  7897  7910 E WProf.db: {"WprofHTMLTag": {"code": "0x9ce88920", "doc": "http://searchengineland.com/watch-retail-space-2017-retail-prediction-272463", "row": 118, "column": 204, "tagName": "link", "time": 8080.313596, "url": "http://searchengineland.com/wp-json/oembed/1.0/embed?url=http%3A%2F%2Fsearchengineland.com%2Fwatch-retail-space-2017-retail-prediction-272463", "pos": 118, "chunkLen": 118, "isStartTag": 1}}
06-28 10:50:11.261  7897  7910 E WProf.db: {"WprofHTMLTag": {"code": "0x9ce88980", "doc": "http://searchengineland.com/watch-retail-space-2017-retail-prediction-272463", "row": 119, "column": 212, "tagName": "link", "time": 8080.313828, "url": "http://searchengineland.com/wp-json/oembed/1.0/embed?url=http%3A%2F%2Fsearchengineland.com%2Fwatch-retail-space-2017-retail-prediction-272463&format=xml", "pos": 118, "chunkLen": 118, "isStartTag": 1}}
06-28 10:50:11.262  7897  7910 E WProf.db: {"WprofHTMLTag": {"code": "0x9ce889e0", "doc": "http://searchengineland.com/watch-retail-space-2017-retail-prediction-272463", "row": 120, "column": 110, "tagName": "link", "time": 8080.314062, "url": "http://searchengineland.com/watch-retail-space-2017-retail-prediction-272463/amp", "pos": 118, "chunkLen": 118, "isStartTag": 1}}
06-28 10:50:11.262  7897  7910 E WProf.db: {"WprofHTMLTag": {"code": "0x9ce88a10", "doc": "http://searchengineland.com/watch-retail-space-2017-retail-prediction-272463", "row": 122, "column": 31, "tagName": "script", "time": 8080.314259, "url": "", "pos": 118, "chunkLen": 118, "isStartTag": 1}}
06-28 10:50:11.262  7897  7910 E WProf.db: {"WprofHTMLTag": {"code": "0x9ce88a40", "doc": "http://searchengineland.com/watch-retail-space-2017-retail-prediction-272463", "row": 135, "column": 9, "tagName": "script", "time": 8080.314442, "url": "http://www.googletagservices.com/tag/js/gpt.js", "pos": 118, "chunkLen": 118, "isStartTag": 0}}
