--------- beginning of main
06-28 12:46:29.486  3449  3449 E Finsky  : [1] com.google.android.finsky.wear.bl.a(3): onConnectionFailed: ConnectionResult{statusCode=API_UNAVAILABLE, resolution=null, message=null}
--------- beginning of system
06-28 12:46:30.792 16771 16771 E chromium: [ERROR:shell_integration_android.cc(12)] Not implemented reached in static ShellIntegration::DefaultWebClientSetPermission ShellIntegration::CanSetAsDefaultBrowser()
06-28 12:46:30.795 16771 16771 E chromium: [ERROR:browser_process_impl.cc(720)] Not implemented reached in virtual BackgroundModeManager* BrowserProcessImpl::background_mode_manager()
06-28 12:46:31.065  3218 13864 E AudioRecord-JNI: Error -4 during AudioRecord native read
06-28 12:46:33.626 16771 16815 E chromium: [ERROR:gles2_cmd_decoder.cc(3852)] [.ChromiumCompositor-0xacbb2fc0]GL ERROR :GL_INVALID_ENUM : glDiscardFramebufferEXT: attachments was GL_COLOR_EXT
06-28 12:46:34.106 16838 16852 E WPROF   : {"Javascript": {"url": "https://cdn.ampproject.org/rtv/011498506512561/v0.js", "requestTime": 15071.161710}}
06-28 12:46:34.107 16838 16852 E WPROF   : {"Javascript": {"url": "https://cdn.ampproject.org/rtv/011498506512561/v0/amp-ad-0.1.js", "requestTime": 15071.162459}}
06-28 12:46:34.108 16838 16852 E WPROF   : {"Javascript": {"url": "https://cdn.ampproject.org/rtv/011498506512561/v0/amp-analytics-0.1.js", "requestTime": 15071.163404}}
06-28 12:46:34.108 16838 16852 E WPROF   : {"Javascript": {"url": "https://cdn.ampproject.org/rtv/011498506512561/v0/amp-anim-0.1.js", "requestTime": 15071.164094}}
06-28 12:46:34.109 16838 16852 E WPROF   : {"Javascript": {"url": "https://cdn.ampproject.org/rtv/011498506512561/v0/amp-form-0.1.js", "requestTime": 15071.164761}}
06-28 12:46:34.110 16838 16852 E WPROF   : {"Javascript": {"url": "https://cdn.ampproject.org/rtv/011498506512561/v0/amp-sidebar-0.1.js", "requestTime": 15071.165465}}
06-28 12:46:34.110 16838 16852 E WPROF   : {"Javascript": {"url": "https://cdn.ampproject.org/rtv/011498506512561/v0/amp-video-0.1.js", "requestTime": 15071.166120}}
06-28 12:46:34.113 16838 16852 E WPROF   : {"Javascript": {"url": "https://cdn.ampproject.org/rtv/011498506512561/v0/amp-youtube-0.1.js", "requestTime": 15071.168544}}
06-28 12:46:34.114 16838 16852 E WPROF   : {"CSS": {"url": "https://fonts.googleapis.com/css?family=Oswald:300,400,700", "requestTime": 15071.169493}}
06-28 12:46:34.115 16838 16852 E WPROF   : {"CSS": {"url": "https://fonts.googleapis.com/css?family=Merriweather:400,400italic,700,700italic", "requestTime": 15071.170395}}
06-28 12:46:34.123 16838 16852 E WPROF   : {"Javascript": {"url": "https://cdn.ampproject.org/rtv/011498506512561/v0/amp-mustache-0.1.js", "requestTime": 15071.178407}}
06-28 12:46:34.811 16771 16815 E chromium: [ERROR:gles2_cmd_decoder.cc(3852)] [.ChromiumCompositor-0xacbb2fc0]GL ERROR :GL_INVALID_ENUM : glDiscardFramebufferEXT: attachments was GL_COLOR_EXT
06-28 12:46:35.487 16771 16815 E chromium: [ERROR:gles2_cmd_decoder.cc(3852)] [.ChromiumCompositor-0xacbb2fc0]GL ERROR :GL_INVALID_ENUM : glDiscardFramebufferEXT: attachments was GL_COLOR_EXT
06-28 12:46:35.723 16771 16815 E chromium: [ERROR:gles2_cmd_decoder.cc(3852)] [.ChromiumCompositor-0xacbb2fc0]GL ERROR :GL_INVALID_ENUM : glDiscardFramebufferEXT: attachments was GL_COLOR_EXT
06-28 12:46:35.750 16771 16815 E chromium: [ERROR:gles2_cmd_decoder.cc(3852)] [.ChromiumCompositor-0xacbb2fc0]GL ERROR :GL_INVALID_ENUM : glDiscardFramebufferEXT: attachments was GL_COLOR_EXT
06-28 12:46:35.779 16771 16815 E chromium: [ERROR:gles2_cmd_decoder.cc(3852)] [.ChromiumCompositor-0xacbb2fc0]GL ERROR :GL_INVALID_ENUM : glDiscardFramebufferEXT: attachments was GL_COLOR_EXT
06-28 12:46:35.793 16771 16815 E chromium: [ERROR:gles2_cmd_decoder.cc(3852)] [.ChromiumCompositor-0xacbb2fc0]GL ERROR :GL_INVALID_ENUM : glDiscardFramebufferEXT: attachments was GL_COLOR_EXT
06-28 12:46:35.845 16771 16815 E chromium: [ERROR:gles2_cmd_decoder.cc(3852)] [.ChromiumCompositor-0xacbb2fc0]GL ERROR :GL_INVALID_ENUM : glDiscardFramebufferEXT: attachments was GL_COLOR_EXT
06-28 12:46:35.854 16771 16815 E chromium: [ERROR:gles2_cmd_decoder.cc(3852)] [.ChromiumCompositor-0xacbb2fc0]GL ERROR :GL_INVALID_ENUM : glDiscardFramebufferEXT: attachments was GL_COLOR_EXT
06-28 12:46:35.911 16771 16815 E chromium: [ERROR:gles2_cmd_decoder.cc(3852)] [.ChromiumCompositor-0xacbb2fc0]GL ERROR :GL_INVALID_ENUM : glDiscardFramebufferEXT: attachments was GL_COLOR_EXT
06-28 12:46:35.933 16771 16815 E chromium: [ERROR:gles2_cmd_decoder.cc(3852)] [.ChromiumCompositor-0xacbb2fc0]GL ERROR :GL_INVALID_ENUM : glDiscardFramebufferEXT: attachments was GL_COLOR_EXT
06-28 12:46:35.945 16771 16815 E chromium: [ERROR:gles2_cmd_decoder.cc(3852)] [.ChromiumCompositor-0xacbb2fc0]GL ERROR :GL_INVALID_ENUM : glDiscardFramebufferEXT: attachments was GL_COLOR_EXT
06-28 12:46:35.949 16771 16815 E chromium: [ERROR:gles2_cmd_decoder.cc(3852)] [.ChromiumCompositor-0xacbb2fc0]GL ERROR :GL_INVALID_ENUM : glDiscardFramebufferEXT: attachments was GL_COLOR_EXT
06-28 12:46:35.963 16771 16815 E chromium: [ERROR:gles2_cmd_decoder.cc(3852)] [.ChromiumCompositor-0xacbb2fc0]GL ERROR :GL_INVALID_ENUM : glDiscardFramebufferEXT: attachments was GL_COLOR_EXT
06-28 12:46:35.976 16771 16815 E chromium: [ERROR:gles2_cmd_decoder.cc(3852)] [.ChromiumCompositor-0xacbb2fc0]GL ERROR :GL_INVALID_ENUM : glDiscardFramebufferEXT: attachments was GL_COLOR_EXT
06-28 12:46:35.991 16771 16815 E chromium: [ERROR:gles2_cmd_decoder.cc(3852)] [.ChromiumCompositor-0xacbb2fc0]GL ERROR :GL_INVALID_ENUM : glDiscardFramebufferEXT: attachments was GL_COLOR_EXT
06-28 12:46:36.018 16771 16815 E chromium: [ERROR:gles2_cmd_decoder.cc(3852)] [.ChromiumCompositor-0xacbb2fc0]GL ERROR :GL_INVALID_ENUM : glDiscardFramebufferEXT: attachments was GL_COLOR_EXT
06-28 12:46:36.025 16771 16815 E chromium: [ERROR:gles2_cmd_decoder.cc(3852)] [.ChromiumCompositor-0xacbb2fc0]GL ERROR :GL_INVALID_ENUM : glDiscardFramebufferEXT: attachments was GL_COLOR_EXT
06-28 12:46:36.039 16771 16815 E chromium: [ERROR:gles2_cmd_decoder.cc(3852)] [.ChromiumCompositor-0xacbb2fc0]GL ERROR :GL_INVALID_ENUM : glDiscardFramebufferEXT: attachments was GL_COLOR_EXT
06-28 12:46:36.058 16771 16815 E chromium: [ERROR:gles2_cmd_decoder.cc(3852)] [.ChromiumCompositor-0xacbb2fc0]GL ERROR :GL_INVALID_ENUM : glDiscardFramebufferEXT: attachments was GL_COLOR_EXT
06-28 12:46:36.073 16771 16815 E chromium: [ERROR:gles2_cmd_decoder.cc(3852)] [.ChromiumCompositor-0xacbb2fc0]GL ERROR :GL_INVALID_ENUM : glDiscardFramebufferEXT: attachments was GL_COLOR_EXT
06-28 12:46:36.091 16771 16815 E chromium: [ERROR:gles2_cmd_decoder.cc(3852)] [.ChromiumCompositor-0xacbb2fc0]GL ERROR :GL_INVALID_ENUM : glDiscardFramebufferEXT: attachments was GL_COLOR_EXT
06-28 12:46:36.108 16771 16815 E chromium: [ERROR:gles2_cmd_decoder.cc(3852)] [.ChromiumCompositor-0xacbb2fc0]GL ERROR :GL_INVALID_ENUM : glDiscardFramebufferEXT: attachments was GL_COLOR_EXT
06-28 12:46:36.111 16771 16815 E chromium: [ERROR:gles2_cmd_decoder.cc(3852)] [.ChromiumCompositor-0xacbb2fc0]GL ERROR :GL_INVALID_ENUM : glDiscardFramebufferEXT: attachments was GL_COLOR_EXT
06-28 12:46:36.142 16771 16815 E chromium: [ERROR:gles2_cmd_decoder.cc(3852)] [.ChromiumCompositor-0xacbb2fc0]GL ERROR :GL_INVALID_ENUM : glDiscardFramebufferEXT: attachments was GL_COLOR_EXT
06-28 12:46:36.158 16771 16815 E chromium: [ERROR:gles2_cmd_decoder.cc(3852)] [.ChromiumCompositor-0xacbb2fc0]GL ERROR :GL_INVALID_ENUM : glDiscardFramebufferEXT: attachments was GL_COLOR_EXT
06-28 12:46:36.177 16771 16815 E chromium: [ERROR:gles2_cmd_decoder.cc(3852)] [.ChromiumCompositor-0xacbb2fc0]GL ERROR :GL_INVALID_ENUM : glDiscardFramebufferEXT: attachments was GL_COLOR_EXT
06-28 12:46:36.192 16771 16815 E chromium: [ERROR:gles2_cmd_decoder.cc(3852)] [.ChromiumCompositor-0xacbb2fc0]GL ERROR :GL_INVALID_ENUM : glDiscardFramebufferEXT: attachments was GL_COLOR_EXT
06-28 12:46:36.208 16771 16815 E chromium: [ERROR:gles2_cmd_decoder.cc(3852)] [.ChromiumCompositor-0xacbb2fc0]GL ERROR :GL_INVALID_ENUM : glDiscardFramebufferEXT: attachments was GL_COLOR_EXT
06-28 12:46:36.227 16771 16815 E chromium: [ERROR:gles2_cmd_decoder.cc(3852)] [.ChromiumCompositor-0xacbb2fc0]GL ERROR :GL_INVALID_ENUM : glDiscardFramebufferEXT: attachments was GL_COLOR_EXT
06-28 12:46:36.242 16771 16815 E chromium: [ERROR:gles2_cmd_decoder.cc(3852)] [.ChromiumCompositor-0xacbb2fc0]GL ERROR :GL_INVALID_ENUM : glDiscardFramebufferEXT: attachments was GL_COLOR_EXT
06-28 12:46:36.245 16771 16815 E chromium: [ERROR:gles2_cmd_decoder.cc(3852)] [.ChromiumCompositor-0xacbb2fc0]GL ERROR :GL_INVALID_ENUM : glDiscardFramebufferEXT: attachments was GL_COLOR_EXT
06-28 12:46:36.276 16771 16815 E chromium: [ERROR:gles2_cmd_decoder.cc(3852)] [.ChromiumCompositor-0xacbb2fc0]GL ERROR :GL_INVALID_ENUM : glDiscardFramebufferEXT: attachments was GL_COLOR_EXT
06-28 12:46:36.282   862  1657 E LocSvc_IzatApiV02: E/virtual int izat_core::IzatApiV02::getBatchSize(int32_t):522]: Error : st = 4, ind.status = -1628389555
06-28 12:46:36.283   862  1657 E LocSvc_IzatApiV02: E/virtual int izat_core::IzatApiV02::getBatchSize(int32_t):535]: get batching size failed.Or modem does not support batching 
06-28 12:46:36.291   862  1657 E LocSvc_IzatApiV02: E/virtual int izat_core::IzatApiV02::getBatchSize(int32_t):522]: Error : st = 4, ind.status = -1628389555
06-28 12:46:36.291   862  1657 E LocSvc_IzatApiV02: E/virtual int izat_core::IzatApiV02::getBatchSize(int32_t):535]: get batching size failed.Or modem does not support batching 
06-28 12:46:36.294 16771 16815 E chromium: [ERROR:gles2_cmd_decoder.cc(3852)] [.ChromiumCompositor-0xacbb2fc0]GL ERROR :GL_INVALID_ENUM : glDiscardFramebufferEXT: attachments was GL_COLOR_EXT
06-28 12:46:36.312 16771 16815 E chromium: [ERROR:gles2_cmd_decoder.cc(3852)] [.ChromiumCompositor-0xacbb2fc0]GL ERROR :GL_INVALID_ENUM : glDiscardFramebufferEXT: attachments was GL_COLOR_EXT
06-28 12:46:36.322   862  1657 E LocSvc_IzatApiV02: E/virtual int izat_core::IzatApiV02::getBatchSize(int32_t):522]: Error : st = 4, ind.status = -1628389555
06-28 12:46:36.322   862  1657 E LocSvc_IzatApiV02: E/virtual int izat_core::IzatApiV02::getBatchSize(int32_t):535]: get batching size failed.Or modem does not support batching 
06-28 12:46:36.328 16771 16815 E chromium: [ERROR:gles2_cmd_decoder.cc(3852)] [.ChromiumCompositor-0xacbb2fc0]GL ERROR :GL_INVALID_ENUM : glDiscardFramebufferEXT: attachments was GL_COLOR_EXT
06-28 12:46:36.334   862  1657 E LocSvc_IzatApiV02: E/virtual int izat_core::IzatApiV02::getBatchSize(int32_t):522]: Error : st = 4, ind.status = -1628389555
06-28 12:46:36.334   862  1657 E LocSvc_IzatApiV02: E/virtual int izat_core::IzatApiV02::getBatchSize(int32_t):535]: get batching size failed.Or modem does not support batching 
06-28 12:46:36.345 16771 16815 E chromium: [ERROR:gles2_cmd_decoder.cc(3852)] [.ChromiumCompositor-0xacbb2fc0]GL ERROR :GL_INVALID_ENUM : glDiscardFramebufferEXT: attachments was GL_COLOR_EXT
06-28 12:46:36.360 16771 16815 E chromium: [ERROR:gles2_cmd_decoder.cc(3852)] [.ChromiumCompositor-0xacbb2fc0]GL ERROR :GL_INVALID_ENUM : glDiscardFramebufferEXT: attachments was GL_COLOR_EXT
06-28 12:46:36.376 16771 16815 E chromium: [ERROR:gles2_cmd_decoder.cc(3852)] [.ChromiumCompositor-0xacbb2fc0]GL ERROR :GL_INVALID_ENUM : glDiscardFramebufferEXT: attachments was GL_COLOR_EXT
06-28 12:46:36.392 16771 16815 E chromium: [ERROR:gles2_cmd_decoder.cc(3852)] [.ChromiumCompositor-0xacbb2fc0]GL ERROR :GL_INVALID_ENUM : glDiscardFramebufferEXT: attachments was GL_COLOR_EXT
06-28 12:46:36.409 16771 16815 E chromium: [ERROR:gles2_cmd_decoder.cc(3852)] [.ChromiumCompositor-0xacbb2fc0]GL ERROR :GL_INVALID_ENUM : glDiscardFramebufferEXT: attachments was GL_COLOR_EXT
06-28 12:46:36.417 16838 16852 E WPROF   : {"Javascript": {"url": "https://cdn.ampproject.org/rtv/011498506512561/v0/amp-crypto-polyfill-0.1.js", "requestTime": 15073.472831}}
06-28 12:46:36.425 16771 16815 E chromium: [ERROR:gles2_cmd_decoder.cc(3852)] [.ChromiumCompositor-0xacbb2fc0]GL ERROR :GL_INVALID_ENUM : glDiscardFramebufferEXT: attachments was GL_COLOR_EXT
06-28 12:46:36.443 16771 16815 E chromium: [ERROR:gles2_cmd_decoder.cc(3852)] [.ChromiumCompositor-0xacbb2fc0]GL ERROR :GL_INVALID_ENUM : glDiscardFramebufferEXT: attachments was GL_COLOR_EXT
06-28 12:46:36.459 16771 16815 E chromium: [ERROR:gles2_cmd_decoder.cc(3852)] [.ChromiumCompositor-0xacbb2fc0]GL ERROR :GL_INVALID_ENUM : glDiscardFramebufferEXT: attachments was GL_COLOR_EXT
06-28 12:46:36.476 16771 16815 E chromium: [ERROR:gles2_cmd_decoder.cc(3852)] [.ChromiumCompositor-0xacbb2fc0]GL ERROR :GL_INVALID_ENUM : glDiscardFramebufferEXT: attachments was GL_COLOR_EXT
06-28 12:46:36.478 16771 16815 E chromium: [ERROR:gles2_cmd_decoder.cc(3852)] [.ChromiumCompositor-0xacbb2fc0]GL ERROR :GL_INVALID_ENUM : glDiscardFramebufferEXT: attachments was GL_COLOR_EXT
06-28 12:46:36.511 16771 16815 E chromium: [ERROR:gles2_cmd_decoder.cc(3852)] [.ChromiumCompositor-0xacbb2fc0]GL ERROR :GL_INVALID_ENUM : glDiscardFramebufferEXT: attachments was GL_COLOR_EXT
06-28 12:46:36.516 16771 16815 E chromium: [ERROR:gles2_cmd_decoder.cc(3852)] [.ChromiumCompositor-0xacbb2fc0]GL ERROR :GL_INVALID_ENUM : glDiscardFramebufferEXT: attachments was GL_COLOR_EXT
06-28 12:46:36.544 16771 16815 E chromium: [ERROR:gles2_cmd_decoder.cc(3852)] [.ChromiumCompositor-0xacbb2fc0]GL ERROR :GL_INVALID_ENUM : glDiscardFramebufferEXT: attachments was GL_COLOR_EXT
06-28 12:46:36.549 16771 16815 E chromium: [ERROR:gles2_cmd_decoder.cc(3852)] [.ChromiumCompositor-0xacbb2fc0]GL ERROR :GL_INVALID_ENUM : glDiscardFramebufferEXT: attachments was GL_COLOR_EXT
06-28 12:46:36.576 16771 16815 E chromium: [ERROR:gles2_cmd_decoder.cc(3852)] [.ChromiumCompositor-0xacbb2fc0]GL ERROR :GL_INVALID_ENUM : glDiscardFramebufferEXT: attachments was GL_COLOR_EXT
06-28 12:46:36.578 16838 16852 E WProf.db: {"page": "searchengineland-com.cdn.ampproject.org_c_searchengineland.com_watch-retail-space-2017-retail-prediction-272463_amp"}
06-28 12:46:36.578 16838 16852 E WProf.db: {"DOMLoad": 15073.633512}
06-28 12:46:36.578 16838 16852 E WProf.db: {"Resource": {"id": 1, "url": "https://searchengineland-com.cdn.ampproject.org/c/searchengineland.com/watch-retail-space-2017-retail-prediction-272463/amp", "sentTime": -1.000000, "len": 42980, "from": "0x0", "mimeType": "text/html", "contentLength": -1, "httpStatus": 200, "connId": 21, "connReused": 0, "cached": 0,"requestTime": 15070.603999, "proxyStart": -1, "proxyEnd": -1, "dnsStart": 0, "dnsEnd": 0, "connectStart": 0, "connectEnd": 177, "sendStart": 177, "sendEnd": 178, "receiveHeadersEnd": 449, "sslStart": 0, "sslEnd": 174}}
06-28 12:46:36.578 16838 16852 E WProf.db: {"ReceivedChunk": {"receivedTime": 15071.073485, "len": 11408}}
06-28 12:46:36.579 16838 16852 E WProf.db: {"ReceivedChunk": {"receivedTime": 15071.155354, "len": 15887}}
06-28 12:46:36.579 16838 16852 E WProf.db: {"ReceivedChunk": {"receivedTime": 15071.155564, "len": 15685}}
06-28 12:46:36.579 16838 16852 E WProf.db: {"WprofHTMLTag": {"code": "0xaedda630", "doc": "https://searchengineland-com.cdn.ampproject.org/c/searchengineland.com/watch-retail-space-2017-retail-prediction-272463/amp", "row": 0, "column": 25, "tagName": "html", "time": 15071.158375, "url": "", "pos": 1, "chunkLen": 1, "isStartTag": 1}}
06-28 12:46:36.579 16838 16852 E WProf.db: {"WprofHTMLTag": {"code": "0xaedda5a0", "doc": "https://searchengineland-com.cdn.ampproject.org/c/searchengineland.com/watch-retail-space-2017-retail-prediction-272463/amp", "row": 0, "column": 31, "tagName": "head", "time": 15071.158673, "url": "", "pos": 1, "chunkLen": 1, "isStartTag": 1}}
06-28 12:46:36.579 16838 16852 E WProf.db: {"WprofHTMLTag": {"code": "0xaf047850", "doc": "https://searchengineland-com.cdn.ampproject.org/c/searchengineland.com/watch-retail-space-2017-retail-prediction-272463/amp", "row": 0, "column": 53, "tagName": "meta", "time": 15071.158697, "url": "", "pos": 1, "chunkLen": 1, "isStartTag": 1}}
06-28 12:46:36.579 16771 16815 E chromium: [ERROR:gles2_cmd_decoder.cc(3852)] [.ChromiumCompositor-0xacbb2fc0]GL ERROR :GL_INVALID_ENUM : glDiscardFramebufferEXT: attachments was GL_COLOR_EXT
06-28 12:46:36.579 16838 16852 E WProf.db: {"WprofHTMLTag": {"code": "0xaf047880", "doc": "https://searchengineland-com.cdn.ampproject.org/c/searchengineland.com/watch-retail-space-2017-retail-prediction-272463/amp", "row": 0, "column": 88, "tagName": "meta", "time": 15071.158794, "url": "", "pos": 1, "chunkLen": 1, "isStartTag": 1}}
06-28 12:46:36.580 16838 16852 E WProf.db: {"WprofHTMLTag": {"code": "0xaf0478b0", "doc": "https://searchengineland-com.cdn.ampproject.org/c/searchengineland.com/watch-retail-space-2017-retail-prediction-272463/amp", "row": 0, "column": 122, "tagName": "meta", "time": 15071.158906, "url": "", "pos": 1, "chunkLen": 1, "isStartTag": 1}}
06-28 12:46:36.580 16838 16852 E WProf.db: {"WprofHTMLTag": {"code": "0xaf0478e0", "doc": "https://searchengineland-com.cdn.ampproject.org/c/searchengineland.com/watch-retail-space-2017-retail-prediction-272463/amp", "row": 0, "column": 247, "tagName": "meta", "time": 15071.159026, "url": "", "pos": 1, "chunkLen": 1, "isStartTag": 1}}
06-28 12:46:36.580 16838 16852 E WProf.db: {"WprofHTMLTag": {"code": "0xaf047910", "doc": "https://searchengineland-com.cdn.ampproject.org/c/searchengineland.com/watch-retail-space-2017-retail-prediction-272463/amp", "row": 0, "column": 303, "tagName": "meta", "time": 15071.159247, "url": "", "pos": 1, "chunkLen": 1, "isStartTag": 1}}
06-28 12:46:36.580 16838 16852 E WProf.db: {"WprofHTMLTag": {"code": "0xaf047940", "doc": "https://searchengineland-com.cdn.ampproject.org/c/searchengineland.com/watch-retail-space-2017-retail-prediction-272463/amp", "row": 0, "column": 502, "tagName": "meta", "time": 15071.159373, "url": "", "pos": 1, "chunkLen": 1, "isStartTag": 1}}
06-28 12:46:36.580 16838 16852 E WProf.db: {"WprofHTMLTag": {"code": "0xaf047970", "doc": "https://searchengineland-com.cdn.ampproject.org/c/searchengineland.com/watch-retail-space-2017-retail-prediction-272463/amp", "row": 0, "column": 587, "tagName": "meta", "time": 15071.159487, "url": "", "pos": 1, "chunkLen": 1, "isStartTag": 1}}
06-28 12:46:36.580 16838 16852 E WProf.db: {"WprofHTMLTag": {"code": "0xaf047a00", "doc": "https://searchengineland-com.cdn.ampproject.org/c/searchengineland.com/watch-retail-space-2017-retail-prediction-272463/amp", "row": 0, "column": 636, "tagName": "meta", "time": 15071.159603, "url": "", "pos": 1, "chunkLen": 1, "isStartTag": 1}}
06-28 12:46:36.580 16838 16852 E WProf.db: {"WprofHTMLTag": {"code": "0xaf047a30", "doc": "https://searchengineland-com.cdn.ampproject.org/c/searchengineland.com/watch-retail-space-2017-retail-prediction-272463/amp", "row": 0, "column": 784, "tagName": "meta", "time": 15071.159816, "url": "", "pos": 1, "chunkLen": 1, "isStartTag": 1}}
06-28 12:46:36.580 16838 16852 E WProf.db: {"WprofHTMLTag": {"code": "0xaf047a60", "doc": "https://searchengineland-com.cdn.ampproject.org/c/searchengineland.com/watch-retail-space-2017-retail-prediction-272463/amp", "row": 0, "column": 836, "tagName": "meta", "time": 15071.159930, "url": "", "pos": 1, "chunkLen": 1, "isStartTag": 1}}
06-28 12:46:36.581 16838 16852 E WProf.db: {"WprofHTMLTag": {"code": "0xaf0479d0", "doc": "https://searchengineland-com.cdn.ampproject.org/c/searchengineland.com/watch-retail-space-2017-retail-prediction-272463/amp", "row": 0, "column": 879, "tagName": "meta", "time": 15071.160100, "url": "", "pos": 1, "chunkLen": 1, "isStartTag": 1}}
06-28 12:46:36.581 16838 16852 E WProf.db: {"WprofHTMLTag": {"code": "0xaf0479a0", "doc": "https://searchengineland-com.cdn.ampproject.org/c/searchengineland.com/watch-retail-space-2017-retail-prediction-272463/amp", "row": 0, "column": 920, "tagName": "meta", "time": 15071.160448, "url": "", "pos": 1, "chunkLen": 1, "isStartTag": 1}}
06-28 12:46:36.581 16838 16852 E WProf.db: {"WprofHTMLTag": {"code": "0xaf047a90", "doc": "https://searchengineland-com.cdn.ampproject.org/c/searchengineland.com/watch-retail-space-2017-retail-prediction-272463/amp", "row": 0, "column": 1004, "tagName": "meta", "time": 15071.160560, "url": "", "pos": 1, "chunkLen": 1, "isStartTag": 1}}
06-28 12:46:36.581 16838 16852 E WProf.db: {"WprofHTMLTag": {"code": "0xaf047ac0", "doc": "https://searchengineland-com.cdn.ampproject.org/c/searchengineland.com/watch-retail-space-2017-retail-prediction-272463/amp", "row": 0, "column": 1202, "tagName": "meta", "time": 15071.160668, "url": "", "pos": 1, "chunkLen": 1, "isStartTag": 1}}
06-28 12:46:36.581 16838 16852 E WProf.db: {"WprofHTMLTag": {"code": "0xaf047af0", "doc": "https://searchengineland-com.cdn.ampproject.org/c/searchengineland.com/watch-retail-space-2017-retail-prediction-272463/amp", "row": 0, "column": 1313, "tagName": "meta", "time": 15071.160773, "url": "", "pos": 1, "chunkLen": 1, "isStartTag": 1}}
06-28 12:46:36.581 16838 16852 E WProf.db: {"WprofHTMLTag": {"code": "0xaf047be0", "doc": "https://searchengineland-com.cdn.ampproject.org/c/searchengineland.com/watch-retail-space-2017-retail-prediction-272463/amp", "row": 0, "column": 1372, "tagName": "meta", "time": 15071.160880, "url": "", "pos": 1, "chunkLen": 1, "isStartTag": 1}}
06-28 12:46:36.581 16838 16852 E WProf.db: {"WprofHTMLTag": {"code": "0xaf047c10", "doc": "https://searchengineland-com.cdn.ampproject.org/c/searchengineland.com/watch-retail-space-2017-retail-prediction-272463/amp", "row": 0, "column": 1441, "tagName": "meta", "time": 15071.160988, "url": "", "pos": 1, "chunkLen": 1, "isStartTag": 1}}
06-28 12:46:36.581 16838 16852 E WProf.db: {"WprofHTMLTag": {"code": "0xaf047c40", "doc": "https://searchengineland-com.cdn.ampproject.org/c/searchengineland.com/watch-retail-space-2017-retail-prediction-272463/amp", "row": 0, "column": 1588, "tagName": "meta", "time": 15071.161092, "url": "", "pos": 1, "chunkLen": 1, "isStartTag": 1}}
06-28 12:46:36.581 16838 16852 E WProf.db: {"WprofHTMLTag": {"code": "0xaf047c70", "doc": "https://searchengineland-com.cdn.ampproject.org/c/searchengineland.com/watch-retail-space-2017-retail-prediction-272463/amp", "row": 0, "column": 1661, "tagName": "script", "time": 15071.161203, "url": "https://cdn.ampproject.org/rtv/011498506512561/v0.js", "pos": 1, "chunkLen": 1, "isStartTag": 1}}
06-28 12:46:36.582 16838 16852 E WProf.db: {"WprofHTMLTag": {"code": "0xaf047ca0", "doc": "https://searchengineland-com.cdn.ampproject.org/c/searchengineland.com/watch-retail-space-2017-retail-prediction-272463/amp", "row": 0, "column": 1670, "tagName": "script", "time": 15071.161480, "url": "", "pos": 1, "chunkLen": 1, "isStartTag": 0}}
06-28 12:46:36.582 16838 16852 E WProf.db: {"WprofHTMLTag": {"code": "0xaf047cd0", "doc": "https://searchengineland-com.cdn.ampproject.org/c/searchengineland.com/watch-retail-space-2017-retail-prediction-272463/amp", "row": 0, "column": 1778, "tagName": "script", "time": 15071.162018, "url": "https://cdn.ampproject.org/rtv/011498506512561/v0/amp-ad-0.1.js", "pos": 1, "chunkLen": 1, "isStartTag": 1}}
06-28 12:46:36.582 16838 16852 E WProf.db: {"WprofHTMLTag": {"code": "0xaf047d30", "doc": "https://searchengineland-com.cdn.ampproject.org/c/searchengineland.com/watch-retail-space-2017-retail-prediction-272463/amp", "row": 0, "column": 1787, "tagName": "script", "time": 15071.162288, "url": "", "pos": 1, "chunkLen": 1, "isStartTag": 0}}
06-28 12:46:36.582 16838 16852 E WProf.db: {"WprofHTMLTag": {"code": "0xaf047d60", "doc": "https://searchengineland-com.cdn.ampproject.org/c/searchengineland.com/watch-retail-space-2017-retail-prediction-272463/amp", "row": 0, "column": 1909, "tagName": "script", "time": 15071.162954, "url": "https://cdn.ampproject.org/rtv/011498506512561/v0/amp-analytics-0.1.js", "pos": 1, "chunkLen": 1, "isStartTag": 1}}
06-28 12:46:36.582 16838 16852 E WProf.db: {"WprofHTMLTag": {"code": "0xaf047dc0", "doc": "https://searchengineland-com.cdn.ampproject.org/c/searchengineland.com/watch-retail-space-2017-retail-prediction-272463/amp", "row": 0, "column": 1918, "tagName": "script", "time": 15071.163237, "url": "", "pos": 1, "chunkLen": 1, "isStartTag": 0}}
06-28 12:46:36.582 16838 16852 E WProf.db: {"WprofHTMLTag": {"code": "0xaf047df0", "doc": "https://searchengineland-com.cdn.ampproject.org/c/searchengineland.com/watch-retail-space-2017-retail-prediction-272463/amp", "row": 0, "column": 2030, "tagName": "script", "time": 15071.163652, "url": "https://cdn.ampproject.org/rtv/011498506512561/v0/amp-anim-0.1.js", "pos": 1, "chunkLen": 1, "isStartTag": 1}}
06-28 12:46:36.582 16838 16852 E WProf.db: {"WprofHTMLTag": {"code": "0xaf047e50", "doc": "https://searchengineland-com.cdn.ampproject.org/c/searchengineland.com/watch-retail-space-2017-retail-prediction-272463/amp", "row": 0, "column": 2039, "tagName": "script", "time": 15071.163923, "url": "", "pos": 1, "chunkLen": 1, "isStartTag": 0}}
06-28 12:46:36.582 16838 16852 E WProf.db: {"WprofHTMLTag": {"code": "0xaf047e80", "doc": "https://searchengineland-com.cdn.ampproject.org/c/searchengineland.com/watch-retail-space-2017-retail-prediction-272463/amp", "row": 0, "column": 2151, "tagName": "script", "time": 15071.164330, "url": "https://cdn.ampproject.org/rtv/011498506512561/v0/amp-form-0.1.js", "pos": 1, "chunkLen": 1, "isStartTag": 1}}
06-28 12:46:36.582 16838 16852 E WProf.db: {"WprofHTMLTag": {"code": "0xaf047ee0", "doc": "https://searchengineland-com.cdn.ampproject.org/c/searchengineland.com/watch-retail-space-2017-retail-prediction-272463/amp", "row": 0, "column": 2160, "tagName": "script", "time": 15071.164595, "url": "", "pos": 1, "chunkLen": 1, "isStartTag": 0}}
06-28 12:46:36.582 16838 16852 E WProf.db: {"WprofHTMLTag": {"code": "0xaedda660", "doc": "https://searchengineland-com.cdn.ampproject.org/c/searchengineland.com/watch-retail-space-2017-retail-prediction-272463/amp", "row": 0, "column": 2278, "tagName": "script", "time": 15071.165038, "url": "https://cdn.ampproject.org/rtv/011498506512561/v0/amp-sidebar-0.1.js", "pos": 1, "chunkLen": 1, "isStartTag": 1}}
06-28 12:46:36.582 16838 16852 E WProf.db: {"WprofHTMLTag": {"code": "0xaf047f40", "doc": "https://searchengineland-com.cdn.ampproject.org/c/searchengineland.com/watch-retail-space-2017-retail-prediction-272463/amp", "row": 0, "column": 2287, "tagName": "script", "time": 15071.165292, "url": "", "pos": 1, "chunkLen": 1, "isStartTag": 0}}
06-28 12:46:36.582 16838 16852 E WProf.db: {"WprofHTMLTag": {"code": "0xaf047f70", "doc": "https://searchengineland-com.cdn.ampproject.org/c/searchengineland.com/watch-retail-space-2017-retail-prediction-272463/amp", "row": 0, "column": 2401, "tagName": "script", "time": 15071.165687, "url": "https://cdn.ampproject.org/rtv/011498506512561/v0/amp-video-0.1.js", "pos": 1, "chunkLen": 1, "isStartTag": 1}}
06-28 12:46:36.582 16838 16852 E WProf.db: {"WprofHTMLTag": {"code": "0xaf047fd0", "doc": "https://searchengineland-com.cdn.ampproject.org/c/searchengineland.com/watch-retail-space-2017-retail-prediction-272463/amp", "row": 0, "column": 2410, "tagName": "script", "time": 15071.165955, "url": "", "pos": 1, "chunkLen": 1, "isStartTag": 0}}
06-28 12:46:36.583 16838 16852 E WProf.db: {"WprofHTMLTag": {"code": "0xb4cc74b0", "doc": "https://searchengineland-com.cdn.ampproject.org/c/searchengineland.com/watch-retail-space-2017-retail-prediction-272463/amp", "row": 0, "column": 2528, "tagName": "script", "time": 15071.166349, "url": "https://cdn.ampproject.org/rtv/011498506512561/v0/amp-youtube-0.1.js", "pos": 1, "chunkLen": 1, "isStartTag": 1}}
06-28 12:46:36.583 16838 16852 E WProf.db: {"WprofHTMLTag": {"code": "0xb4cc78a0", "doc": "https://searchengineland-com.cdn.ampproject.org/c/searchengineland.com/watch-retail-space-2017-retail-prediction-272463/amp", "row": 0, "column": 2537, "tagName": "script", "time": 15071.168313, "url": "", "pos": 1, "chunkLen": 1, "isStartTag": 0}}
06-28 12:46:36.583 16838 16852 E WProf.db: {"WprofHTMLTag": {"code": "0xb4cc78d0", "doc": "https://searchengineland-com.cdn.ampproject.org/c/searchengineland.com/watch-retail-space-2017-retail-prediction-272463/amp", "row": 0, "column": 2595, "tagName": "link", "time": 15071.168959, "url": "https://searchengineland-com.cdn.ampproject.org/i/searchengineland.com/favicon.ico", "pos": 1, "chunkLen": 1, "isStartTag": 1}}
06-28 12:46:36.583 16838 16852 E WProf.db: {"WprofHTMLTag": {"code": "0xb4cc7900", "doc": "https://searchengineland-com.cdn.ampproject.org/c/searchengineland.com/watch-retail-space-2017-retail-prediction-272463/amp", "row": 0, "column": 2682, "tagName": "link", "time": 15071.169254, "url": "https://fonts.googleapis.com/css?family=Oswald:300,400,700", "pos": 1, "chunkLen": 1, "isStartTag": 1}}
06-28 12:46:36.583 16838 16852 E WProf.db: {"WprofHTMLTag": {"code": "0xb4cc7930", "doc": "https://searchengineland-com.cdn.ampproject.org/c/searchengineland.com/watch-retail-space-2017-retail-prediction-272463/amp", "row": 0, "column": 2751, "tagName": "link", "time": 15071.169880, "url": "https://fonts.gstatic.com/", "pos": 1, "chunkLen": 1, "isStartTag": 1}}
06-28 12:46:36.583 16838 16852 E WProf.db: {"WprofHTMLTag": {"code": "0xb4cc7960", "doc": "https://searchengineland-com.cdn.ampproject.org/c/searchengineland.com/watch-retail-space-2017-retail-prediction-272463/amp", "row": 0, "column": 2860, "tagName": "link", "time": 15071.170160, "url": "https://fonts.googleapis.com/css?family=Merriweather:400,400italic,700,700italic", "pos": 1, "chunkLen": 1, "isStartTag": 1}}
06-28 12:46:36.583 16838 16852 E WProf.db: {"WprofHTMLTag": {"code": "0xb4cc7990", "doc": "https://searchengineland-com.cdn.ampproject.org/c/searchengineland.com/watch-retail-space-2017-retail-prediction-272463/amp", "row": 0, "column": 2878, "tagName": "style", "time": 15071.170614, "url": "", "pos": 1, "chunkLen": 1, "isStartTag": 1}}
06-28 12:46:36.583 16838 16852 E WProf.db: {"WprofHTMLTag": {"code": "0xb4cc79c0", "doc": "https://searchengineland-com.cdn.ampproject.org/c/searchengineland.com/watch-retail-space-2017-retail-prediction-272463/amp", "row": 612, "column": 9, "tagName": "style", "time": 15071.170871, "url": "", "pos": 1, "chunkLen": 1, "isStartTag": 0}}
06-28 12:46:36.583 16838 16852 E WProf.db: {"WprofHTMLTag": {"code": "0xb4cc7ea0", "doc": "https://searchengineland-com.cdn.ampproject.org/c/searchengineland.com/watch-retail-space-2017-retail-prediction-272463/amp", "row": 612, "column": 16, "tagName": "title", "time": 15071.177577, "url": "", "pos": 1, "chunkLen": 1, "isStartTag": 1}}
06-28 12:46:36.583 16838 16852 E WProf.db: {"WprofHTMLTag": {"code": "0xb4cc7ed0", "doc": "https://searchengineland-com.cdn.ampproject.org/c/searchengineland.com/watch-retail-space-2017-retail-prediction-272463/amp", "row": 612, "column": 71, "tagName": "title", "time": 15071.177709, "url": "", "pos": 1, "chunkLen": 1, "isStartTag": 0}}
06-28 12:46:36.583 16838 16852 E WProf.db: {"WprofHTMLTag": {"code": "0xb4cc7f00", "doc": "https://searchengineland-com.cdn.ampproject.org/c/searchengineland.com/watch-retail-space-2017-retail-prediction-272463/amp", "row": 612, "column": 175, "tagName": "link", "time": 15071.177722, "url": "http://searchengineland.com/watch-retail-space-2017-retail-prediction-272463", "pos": 1, "chunkLen": 1, "isStartTag": 1}}
06-28 12:46:36.583 16838 16852 E WProf.db: {"WprofHTMLTag": {"code": "0xb4cc7f30", "doc": "https://searchengineland-com.cdn.ampproject.org/c/searchengineland.com/watch-retail-space-2017-retail-prediction-272463/amp", "row": 612, "column": 296, "tagName": "script", "time": 15071.177955, "url": "https://cdn.ampproject.org/rtv/011498506512561/v0/amp-mustache-0.1.js", "pos": 1, "chunkLen": 1, "isStartTag": 1}}
06-28 12:46:36.583 16838 16852 E WProf.db: {"WprofHTMLTag": {"code": "0xb4cc7f90", "doc": "https://searchengineland-com.cdn.ampproject.org/c/searchengineland.com/watch-retail-space-2017-retail-prediction-272463/amp", "row": 612, "column": 305, "tagName": "script", "time": 15071.178210, "url": "", "pos": 1, "chunkLen": 1, "isStartTag": 0}}
06-28 12:46:36.584 16838 16852 E WProf.db: {"WprofHTMLTag": {"code": "0xb4cc7fc0", "doc": "https://searchengineland-com.cdn.ampproject.org/c/searchengineland.com/watch-retail-space-2017-retail-prediction-272463/amp", "row": 612, "column": 328, "tagName": "style", "time": 15071.178825, "url": "", "pos": 1, "chunkLen": 1, "isStartTag": 1}}
06-28 12:46:36.584 16838 16852 E WProf.db: {"WprofHTMLTag": {"code": "0xb4cc7ff0", "doc": "https://searchengineland-com.cdn.ampproject.org/c/searchengineland.com/watch-retail-space-2017-retail-prediction-272463/amp", "row": 612, "column": 952, "tagName": "style", "time": 15071.178959, "url": "", "pos": 1, "chunkLen": 1, "isStartTag": 0}}
06-28 12:46:36.584 16838 16852 E WProf.db: {"WprofHTMLTag": {"code": "0xb4cc8020", "doc": "https://searchengineland-com.cdn.ampproject.org/c/searchengineland.com/watch-retail-space-2017-retail-prediction-272463/amp", "row": 612, "column": 962, "tagName": "noscript", "time": 15071.179276, "url": "", "pos": 1, "chunkLen": 1, "isStartTag": 1}}
06-28 12:46:36.584 16838 16852 E WProf.db: {"WprofHTMLTag": {"code": "0xb4cc8050", "doc": "https://searchengineland-com.cdn.ampproject.org/c/searchengineland.com/watch-retail-space-2017-retail-prediction-272463/amp", "row": 612, "column": 1105, "tagName": "noscript", "time": 15071.179301, "url": "", "pos": 1, "chunkLen": 1, "isStartTag": 0}}
06-28 12:46:36.584 16838 16852 E WProf.db: {"WprofHTMLTag": {"code": "0xb4cc8080", "doc": "https://searchengineland-com.cdn.ampproject.org/c/searchengineland.com/watch-retail-space-2017-retail-prediction-272463/amp", "row": 612, "column": 1193, "tagName": "link", "time": 15071.179314, "url": "https://marketingland-com.cdn.ampproject.org/", "pos": 1, "chunkLen": 1, "isStartTag": 1}}
06-28 12:46:36.584 16838 16852 E WProf.db: {"WprofHTMLTag": {"code": "0xb4cc80b0", "doc": "https://searchengineland-com.cdn.ampproject.org/c/searchengineland.com/watch-retail-space-2017-retail-prediction-272463/amp", "row": 612, "column": 1200, "tagName": "head", "time": 15071.179499, "url": "", "pos": 1, "chunkLen": 1, "isStartTag": 0}}
06-28 12:46:36.584 16838 16852 E WProf.db: {"WprofHTMLTag": {"code": "0xb4cc80e0", "doc": "https://searchengineland-com.cdn.ampproject.org/c/searchengineland.com/watch-retail-space-2017-retail-prediction-272463/amp", "row": 612, "column": 1206, "tagName": "body", "time": 15071.179506, "url": "", "pos": 1, "chunkLen": 1, "isStartTag": 1}}
06-28 12:46:36.584 16838 16852 E WProf.db: {"WprofHTMLTag": {"code": "0xb4cc8110", "doc": "https://searchengineland-com.cdn.ampproject.org/c/searchengineland.com/watch-retail-space-2017-retail-prediction-272463/amp", "row": 613, "column": 48, "tagName": "amp-sidebar", "time": 15071.179562, "url": "", "pos": 1, "chunkLen": 1, "isStartTag": 1}}
06-28 12:46:36.584 16838 16852 E WProf.db: {"WprofHTMLTag": {"code": "0xb4cc8140", "doc": "https://searchengineland-com.cdn.ampproject.org/c/searchengineland.com/watch-retail-space-2017-retail-prediction-272463/amp", "row": 614, "column": 6, "tagName": "ul", "time": 15071.179684, "url": "", "pos": 1, "chunkLen": 1, "isStartTag": 1}}
06-28 12:46:36.584 16838 16852 E WProf.db: {"WprofHTMLTag": {"code": "0xb4cc8170", "doc": "https://searchengineland-com.cdn.ampproject.org/c/searchengineland.com/watch-retail-space-2017-retail-prediction-272463/amp", "row": 615, "column": 7, "tagName": "li", "time": 15071.179711, "url": "", "pos": 1, "chunkLen": 1, "isStartTag": 1}}
06-28 12:46:36.584 16838 16852 E WProf.db: {"WprofHTMLTag": {"code": "0xb4cc81a0", "doc": "https://searchengineland-com.cdn.ampproject.org/c/searchengineland.com/watch-retail-space-2017-retail-prediction-272463/amp", "row": 616, "column": 83, "tagName": "a", "time": 15071.179756, "url": "", "pos": 1, "chunkLen": 1, "isStartTag": 1}}
06-28 12:46:36.584 16838 16852 E WProf.db: {"WprofHTMLTag": {"code": "0xb4cc8200", "doc": "https://searchengineland-com.cdn.ampproject.org/c/searchengineland.com/watch-retail-space-2017-retail-prediction-272463/amp", "row": 616, "column": 90, "tagName": "a", "time": 15071.179956, "url": "", "pos": 1, "chunkLen": 1, "isStartTag": 0}}
06-28 12:46:36.584 16838 16852 E WProf.db: {"WprofHTMLTag": {"code": "0xb4cc8230", "doc": "https://searchengineland-com.cdn.ampproject.org/c/searchengineland.com/watch-retail-space-2017-retail-prediction-272463/amp", "row": 617, "column": 8, "tagName": "li", "time": 15071.179974, "url": "", "pos": 1, "chunkLen": 1, "isStartTag": 0}}
06-28 12:46:36.585 16838 16852 E WProf.db: {"WprofHTMLTag": {"code": "0xb4cc8260", "doc": "https://searchengineland-com.cdn.ampproject.org/c/searchengineland.com/watch-retail-space-2017-retail-prediction-272463/amp", "row": 618, "column": 7, "tagName": "li", "time": 15071.179989, "url": "", "pos": 1, "chunkLen": 1, "isStartTag": 1}}
06-28 12:46:36.585 16838 16852 E WProf.db: {"WprofHTMLTag": {"code": "0xb4cc8290", "doc": "https://searchengineland-com.cdn.ampproject.org/c/searchengineland.com/watch-retail-space-2017-retail-prediction-272463/amp", "row": 619, "column": 83, "tagName": "a", "time": 15071.180939, "url": "", "pos": 1, "chunkLen": 1, "isStartTag": 1}}
06-28 12:46:36.585 16838 16852 E WProf.db: {"WprofHTMLTag": {"code": "0xb4cc82f0", "doc": "https://searchengineland-com.cdn.ampproject.org/c/searchengineland.com/watch-retail-space-2017-retail-prediction-272463/amp", "row": 619, "column": 90, "tagName": "a", "time": 15071.182354, "url": "", "pos": 1, "chunkLen": 1, "isStartTag": 0}}
06-28 12:46:36.585 16838 16852 E WProf.db: {"WprofHTMLTag": {"code": "0xb4cc8350", "doc": "https://searchengineland-com.cdn.ampproject.org/c/searchengineland.com/watch-retail-space-2017-retail-prediction-272463/amp", "row": 620, "column": 8, "tagName": "li", "time": 15071.182378, "url": "", "pos": 1, "chunkLen": 1, "isStartTag": 0}}
06-28 12:46:36.585 16838 16852 E WProf.db: {"WprofHTMLTag": {"code": "0xb4cc8380", "doc": "https://searchengineland-com.cdn.ampproject.org/c/searchengineland.com/watch-retail-space-2017-retail-prediction-272463/amp", "row": 621, "column": 7, "tagName": "li", "time": 15071.182395, "url": "", "pos": 1, "chunkLen": 1, "isStartTag": 1}}
06-28 12:46:36.585 16838 16852 E WProf.db: {"WprofHTMLTag": {"code": "0xb4cc83b0", "doc": "https://searchengineland-com.cdn.ampproject.org/c/searchengineland.com/watch-retail-space-2017-retail-prediction-272463/amp", "row": 622, "column": 89, "tagName": "a", "time": 15071.182430, "url": "", "pos": 1, "chunkLen": 1, "isStartTag": 1}}
06-28 12:46:36.585 16838 16852 E WProf.db: {"WprofHTMLTag": {"code": "0xb4cc9250", "doc": "https://searchengineland-com.cdn.ampproject.org/c/searchengineland.com/watch-retail-space-2017-retail-prediction-272463/amp", "row": 622, "column": 99, "tagName": "a", "time": 15071.182581, "url": "", "pos": 1, "chunkLen": 1, "isStartTag": 0}}
06-28 12:46:36.585 16838 16852 E WProf.db: {"WprofHTMLTag": {"code": "0xb4cc9400", "doc": "https://searchengineland-com.cdn.ampproject.org/c/searchengineland.com/watch-retail-space-2017-retail-prediction-272463/amp", "row": 623, "column": 8, "tagName": "li", "time": 15071.182600, "url": "", "pos": 1, "chunkLen": 1, "isStartTag": 0}}
06-28 12:46:36.585 16838 16852 E WProf.db: {"WprofHTMLTag": {"code": "0xb4cc9430", "doc": "https://searchengineland-com.cdn.ampproject.org/c/searchengineland.com/watch-retail-space-2017-retail-prediction-272463/amp", "row": 624, "column": 7, "tagName": "li", "time": 15071.182616, "url": "", "pos": 1, "chunkLen": 1, "isStartTag": 1}}
06-28 12:46:36.585 16838 16852 E WProf.db: {"WprofHTMLTag": {"code": "0xb4cc9460", "doc": "https://searchengineland-com.cdn.ampproject.org/c/searchengineland.com/watch-retail-space-2017-retail-prediction-272463/amp", "row": 625, "column": 87, "tagName": "a", "time": 15071.182645, "url": "", "pos": 1, "chunkLen": 1, "isStartTag": 1}}
06-28 12:46:36.585 16838 16852 E WProf.db: {"WprofHTMLTag": {"code": "0xb4cc94c0", "doc": "https://searchengineland-com.cdn.ampproject.org/c/searchengineland.com/watch-retail-space-2017-retail-prediction-272463/amp", "row": 625, "column": 96, "tagName": "a", "time": 15071.182798, "url": "", "pos": 1, "chunkLen": 1, "isStartTag": 0}}
06-28 12:46:36.585 16838 16852 E WProf.db: {"WprofHTMLTag": {"code": "0xb4cc94f0", "doc": "https://searchengineland-com.cdn.ampproject.org/c/searchengineland.com/watch-retail-space-2017-retail-prediction-272463/amp", "row": 626, "column": 8, "tagName": "li", "time": 15071.182814, "url": "", "pos": 1, "chunkLen": 1, "isStartTag": 0}}
06-28 12:46:36.585 16838 16852 E WProf.db: {"WprofHTMLTag": {"code": "0xb4cc9520", "doc": "https://searchengineland-com.cdn.ampproject.org/c/searchengineland.com/watch-retail-space-2017-retail-prediction-272463/amp", "row": 627, "column": 7, "tagName": "li", "time": 15071.182829, "url": "", "pos": 1, "chunkLen": 1, "isStartTag": 1}}
06-28 12:46:36.586 16838 16852 E WProf.db: {"WprofHTMLTag": {"code": "0xaa161000", "doc": "https://searchengineland-com.cdn.ampproject.org/c/searchengineland.com/watch-retail-space-2017-retail-prediction-272463/amp", "row": 628, "column": 89, "tagName": "a", "time": 15071.182855, "url": "", "pos": 1, "chunkLen": 1, "isStartTag": 1}}
06-28 12:46:36.586 16838 16852 E WProf.db: {"WprofHTMLTag": {"code": "0xaa161060", "doc": "https://searchengineland-com.cdn.ampproject.org/c/searchengineland.com/watch-retail-space-2017-retail-prediction-272463/amp", "row": 628, "column": 99, "tagName": "a", "time": 15071.183022, "url": "", "pos": 1, "chunkLen": 1, "isStartTag": 0}}
06-28 12:46:36.586 16838 16852 E WProf.db: {"WprofHTMLTag": {"code": "0xaa161090", "doc": "https://searchengineland-com.cdn.ampproject.org/c/searchengineland.com/watch-retail-space-2017-retail-prediction-272463/amp", "row": 629, "column": 8, "tagName": "li", "time": 15071.183040, "url": "", "pos": 1, "chunkLen": 1, "isStartTag": 0}}
06-28 12:46:36.586 16838 16852 E WProf.db: {"WprofHTMLTag": {"code": "0xaa1610c0", "doc": "https://searchengineland-com.cdn.ampproject.org/c/searchengineland.com/watch-retail-space-2017-retail-prediction-272463/amp", "row": 630, "column": 7, "tagName": "li", "time": 15071.183053, "url": "", "pos": 1, "chunkLen": 1, "isStartTag": 1}}
06-28 12:46:36.586 16838 16852 E WProf.db: {"WprofHTMLTag": {"code": "0xaa1610f0", "doc": "https://searchengineland-com.cdn.ampproject.org/c/searchengineland.com/watch-retail-space-2017-retail-prediction-272463/amp", "row": 631, "column": 89, "tagName": "a", "time": 15071.183081, "url": "", "pos": 1, "chunkLen": 1, "isStartTag": 1}}
06-28 12:46:36.586 16838 16852 E WProf.db: {"WprofHTMLTag": {"code": "0xaa161150", "doc": "https://searchengineland-com.cdn.ampproject.org/c/searchengineland.com/watch-retail-space-2017-retail-prediction-272463/amp", "row": 631, "column": 99, "tagName": "a", "time": 15071.183225, "url": "", "pos": 1, "chunkLen": 1, "isStartTag": 0}}
06-28 12:46:36.586 16838 16852 E WProf.db: {"WprofHTMLTag": {"code": "0xaa161180", "doc": "https://searchengineland-com.cdn.ampproject.org/c/searchengineland.com/watch-retail-space-2017-retail-prediction-272463/amp", "row": 632, "column": 8, "tagName": "li", "time": 15071.183241, "url": "", "pos": 1, "chunkLen": 1, "isStartTag": 0}}
06-28 12:46:36.586 16838 16852 E WProf.db: {"WprofHTMLTag": {"code": "0xaa1611b0", "doc": "https://searchengineland-com.cdn.ampproject.org/c/searchengineland.com/watch-retail-space-2017-retail-prediction-272463/amp", "row": 633, "column": 7, "tagName": "li", "time": 15071.183256, "url": "", "pos": 1, "chunkLen": 1, "isStartTag": 1}}
06-28 12:46:36.586 16838 16852 E WProf.db: {"WprofHTMLTag": {"code": "0xaa1611e0", "doc": "https://searchengineland-com.cdn.ampproject.org/c/searchengineland.com/watch-retail-space-2017-retail-prediction-272463/amp", "row": 634, "column": 85, "tagName": "a", "time": 15071.183285, "url": "", "pos": 1, "chunkLen": 1, "isStartTag": 1}}
06-28 12:46:36.586 16838 16852 E WProf.db: {"WprofHTMLTag": {"code": "0xaa161240", "doc": "https://searchengineland-com.cdn.ampproject.org/c/searchengineland.com/watch-retail-space-2017-retail-prediction-272463/amp", "row": 634, "column": 93, "tagName": "a", "time": 15071.183591, "url": "", "pos": 1, "chunkLen": 1, "isStartTag": 0}}
06-28 12:46:36.586 16838 16852 E WProf.db: {"WprofHTMLTag": {"code": "0xaa161270", "doc": "https://searchengineland-com.cdn.ampproject.org/c/searchengineland.com/watch-retail-space-2017-retail-prediction-272463/amp", "row": 635, "column": 8, "tagName": "li", "time": 15071.183611, "url": "", "pos": 1, "chunkLen": 1, "isStartTag": 0}}
06-28 12:46:36.586 16838 16852 E WProf.db: {"WprofHTMLTag": {"code": "0xaa1612a0", "doc": "https://searchengineland-com.cdn.ampproject.org/c/searchengineland.com/watch-retail-space-2017-retail-prediction-272463/amp", "row": 636, "column": 7, "tagName": "li", "time": 15071.183625, "url": "", "pos": 1, "chunkLen": 1, "isStartTag": 1}}
06-28 12:46:36.586 16838 16852 E WProf.db: {"WprofHTMLTag": {"code": "0xaa1612d0", "doc": "https://searchengineland-com.cdn.ampproject.org/c/searchengineland.com/watch-retail-space-2017-retail-prediction-272463/amp", "row": 637, "column": 103, "tagName": "a", "time": 15071.183655, "url": "", "pos": 1, "chunkLen": 1, "isStartTag": 1}}
06-28 12:46:36.586 16838 16852 E WProf.db: {"WprofHTMLTag": {"code": "0xaa161330", "doc": "https://searchengineland-com.cdn.ampproject.org/c/searchengineland.com/watch-retail-space-2017-retail-prediction-272463/amp", "row": 637, "column": 113, "tagName": "a", "time": 15071.183849, "url": "", "pos": 1, "chunkLen": 1, "isStartTag": 0}}
06-28 12:46:36.587 16838 16852 E WProf.db: {"WprofHTMLTag": {"code": "0xaa161360", "doc": "https://searchengineland-com.cdn.ampproject.org/c/searchengineland.com/watch-retail-space-2017-retail-prediction-272463/amp", "row": 638, "column": 8, "tagName": "li", "time": 15071.183866, "url": "", "pos": 1, "chunkLen": 1, "isStartTag": 0}}
06-28 12:46:36.587 16838 16852 E WProf.db: {"WprofHTMLTag": {"code": "0xaa161390", "doc": "https://searchengineland-com.cdn.ampproject.org/c/searchengineland.com/watch-retail-space-2017-retail-prediction-272463/amp", "row": 639, "column": 7, "tagName": "li", "time": 15071.183879, "url": "", "pos": 1, "chunkLen": 1, "isStartTag": 1}}
06-28 12:46:36.587 16838 16852 E WProf.db: {"WprofHTMLTag": {"code": "0xaa1613c0", "doc": "https://searchengineland-com.cdn.ampproject.org/c/searchengineland.com/watch-retail-space-2017-retail-prediction-272463/amp", "row": 640, "column": 67, "tagName": "a", "time": 15071.183906, "url": "", "pos": 1, "chunkLen": 1, "isStartTag": 1}}
06-28 12:46:36.587 16838 16852 E WProf.db: {"WprofHTMLTag": {"code": "0xaa161420", "doc": "https://searchengineland-com.cdn.ampproject.org/c/searchengineland.com/watch-retail-space-2017-retail-prediction-272463/amp", "row": 640, "column": 75, "tagName": "a", "time": 15071.184068, "url": "", "pos": 1, "chunkLen": 1, "isStartTag": 0}}
06-28 12:46:36.587 16838 16852 E WProf.db: {"WprofHTMLTag": {"code": "0xaa161450", "doc": "https://searchengineland-com.cdn.ampproject.org/c/searchengineland.com/watch-retail-space-2017-retail-prediction-272463/amp", "row": 641, "column": 8, "tagName": "li", "time": 15071.184085, "url": "", "pos": 1, "chunkLen": 1, "isStartTag": 0}}
06-28 12:46:36.587 16838 16852 E WProf.db: {"WprofHTMLTag": {"code": "0xaa161480", "doc": "https://searchengineland-com.cdn.ampproject.org/c/searchengineland.com/watch-retail-space-2017-retail-prediction-272463/amp", "row": 643, "column": 8, "tagName": "ul", "time": 15071.184099, "url": "", "pos": 1, "chunkLen": 1, "isStartTag": 0}}
06-28 12:46:36.587 16838 16852 E WProf.db: {"WprofHTMLTag": {"code": "0xaa1614b0", "doc": "https://searchengineland-com.cdn.ampproject.org/c/searchengineland.com/watch-retail-space-2017-retail-prediction-272463/amp", "row": 644, "column": 15, "tagName": "amp-sidebar", "time": 15071.184116, "url": "", "pos": 1, "chunkLen": 1, "isStartTag": 0}}
06-28 12:46:36.587 16838 16852 E WProf.db: {"WprofHTMLTag": {"code": "0xaa1614e0", "doc": "https://searchengineland-com.cdn.ampproject.org/c/searchengineland.com/watch-retail-space-2017-retail-prediction-272463/amp", "row": 645, "column": 29, "tagName": "div", "time": 15071.184137, "url": "", "pos": 1, "chunkLen": 1, "isStartTag": 1}}
06-28 12:46:36.587 16838 16852 E WProf.db: {"WprofHTMLTag": {"code": "0xaa161510", "doc": "https://searchengineland-com.cdn.ampproject.org/c/searchengineland.com/watch-retail-space-2017-retail-prediction-272463/amp", "row": 646, "column": 55, "tagName": "a", "time": 15071.184215, "url": "", "pos": 1, "chunkLen": 1, "isStartTag": 1}}
06-28 12:46:36.587 16838 16852 E WProf.db: {"WprofHTMLTag": {"code": "0xaa161540", "doc": "https://searchengineland-com.cdn.ampproject.org/c/searchengineland.com/watch-retail-space-2017-retail-prediction-272463/amp", "row": 647, "column": 455, "tagName": "amp-img", "time": 15071.184338, "url": "", "pos": 1, "chunkLen": 1, "isStartTag": 1}}
06-28 12:46:36.587 16838 16852 E WProf.db: {"WprofHTMLTag": {"code": "0xaa161570", "doc": "https://searchengineland-com.cdn.ampproject.org/c/searchengineland.com/watch-retail-space-2017-retail-prediction-272463/amp", "row": 647, "column": 465, "tagName": "amp-img", "time": 15071.184578, "url": "", "pos": 1, "chunkLen": 1, "isStartTag": 0}}
06-28 12:46:36.587 16838 16852 E WProf.db: {"WprofHTMLTag": {"code": "0xaa1615a0", "doc": "https://searchengineland-com.cdn.ampproject.org/c/searchengineland.com/watch-retail-space-2017-retail-prediction-272463/amp", "row": 648, "column": 10, "tagName": "a", "time": 15071.184596, "url": "", "pos": 1, "chunkLen": 1, "isStartTag": 0}}
06-28 12:46:36.587 16838 16852 E WProf.db: {"WprofHTMLTag": {"code": "0xaa1615d0", "doc": "https://searchengineland-com.cdn.ampproject.org/c/searchengineland.com/watch-retail-space-2017-retail-prediction-272463/amp", "row": 648, "column": 52, "tagName": "a", "time": 15071.184610, "url": "", "pos": 1, "chunkLen": 1, "isStartTag": 1}}
