--------- beginning of main
06-28 17:20:25.128  3449  3449 E Finsky  : [1] com.google.android.finsky.wear.bl.a(3): onConnectionFailed: ConnectionResult{statusCode=API_UNAVAILABLE, resolution=null, message=null}
--------- beginning of system
06-28 17:20:26.199 19755 19755 E chromium: [ERROR:shell_integration_android.cc(12)] Not implemented reached in static ShellIntegration::DefaultWebClientSetPermission ShellIntegration::CanSetAsDefaultBrowser()
06-28 17:20:26.202 19755 19755 E chromium: [ERROR:browser_process_impl.cc(720)] Not implemented reached in virtual BackgroundModeManager* BrowserProcessImpl::background_mode_manager()
06-28 17:20:26.469  3218 17103 E AudioRecord-JNI: Error -4 during AudioRecord native read
06-28 17:20:28.919 19755 19799 E chromium: [ERROR:gles2_cmd_decoder.cc(3852)] [.ChromiumCompositor-0xacbb2fc0]GL ERROR :GL_INVALID_ENUM : glDiscardFramebufferEXT: attachments was GL_COLOR_EXT
06-28 17:20:29.325 19820 19833 E WPROF   : {"CSS": {"url": "http://searchengineland.com/figz/wp-content/themes/searchengineland/css/searchengineland-bootstrap.css", "requestTime": 31506.380612}}
06-28 17:20:29.325 19820 19833 E WPROF   : {"CSS": {"url": "http://fonts.googleapis.com/css?family=Oswald:300,400,700", "requestTime": 31506.381101}}
06-28 17:20:29.326 19820 19833 E WPROF   : {"CSS": {"url": "http://searchengineland.com/figz/wp-content/themes/searchengineland/style.css", "requestTime": 31506.381571}}
06-28 17:20:29.332 19820 19833 E WPROF   : {"Javascript": {"url": "http://searchengineland.com/figz/wp-content/themes/searchengineland/js/lib/modernizr.custom.js?ver=1.0", "requestTime": 31506.387874}}
06-28 17:20:29.333 19820 19833 E WPROF   : {"Javascript": {"url": "http://searchengineland.com/figz/wp-content/themes/searchengineland/js/lib/jquery-1.11.0.min.js?ver=1.11.0", "requestTime": 31506.388266}}
06-28 17:20:29.333 19820 19833 E WPROF   : {"Javascript": {"url": "http://searchengineland.com/figz/wp-content/themes/searchengineland/js/lib/jquery-ui-1.10.3.custom.min.js?ver=1.10.3", "requestTime": 31506.388761}}
06-28 17:20:29.333 19820 19833 E WPROF   : {"Javascript": {"url": "http://searchengineland.com/figz/wp-content/themes/searchengineland/js/lib/jquery.ba-throttle-debounce.min.js?ver=1.1", "requestTime": 31506.389071}}
06-28 17:20:29.334 19820 19833 E WPROF   : {"Javascript": {"url": "http://searchengineland.com/figz/wp-content/themes/searchengineland/js/lib/jquery.countdown.min.js?ver=2.0.4", "requestTime": 31506.389396}}
06-28 17:20:29.334 19820 19833 E WPROF   : {"Javascript": {"url": "http://static.chartbeat.com/js/chartbeat_mab.js", "requestTime": 31506.389741}}
06-28 17:20:29.975 19820 19833 E WPROF   : {"Javascript": {"url": "http://searchengineland.com/figz/wp-includes/js/wp-emoji-release.min.js?ver=4.7.5", "requestTime": 31507.030225}}
06-28 17:20:30.841 19820 19833 E WPROF   : {"Javascript": {"url": "http://www.googletagservices.com/tag/js/gpt.js", "requestTime": 31507.896638}}
06-28 17:20:30.848 19820 19833 E WPROF   : {"Javascript": {"url": "https://www.google-analytics.com/analytics.js", "requestTime": 31507.904171}}
06-28 17:20:30.850 19820 19833 E WPROF   : {"Javascript": {"url": "http://edge.quantserve.com/quant.js", "requestTime": 31507.906179}}
06-28 17:20:30.892 19820 19833 E WPROF   : {"Javascript": {"url": "https://connect.facebook.net/en_US/fbevents.js", "requestTime": 31507.947349}}
06-28 17:20:30.926 19755 19799 E chromium: [ERROR:gles2_cmd_decoder.cc(3852)] [.ChromiumCompositor-0xacbb2fc0]GL ERROR :GL_INVALID_ENUM : glDiscardFramebufferEXT: attachments was GL_COLOR_EXT
06-28 17:20:30.947 19820 19833 E WPROF   : {"Javascript": {"url": "http://app-sj02.marketo.com/js/forms2/js/forms2.min.js", "requestTime": 31508.002760}}
06-28 17:20:31.028 19820 19833 E WPROF   : {"Javascript": {"url": "https://securepubads.g.doubleclick.net/gpt/pubads_impl_121.js", "requestTime": 31508.083530}}
06-28 17:20:31.034 19755 19799 E chromium: [ERROR:gles2_cmd_decoder.cc(3852)] [.ChromiumCompositor-0xacbb2fc0]GL ERROR :GL_INVALID_ENUM : glDiscardFramebufferEXT: attachments was GL_COLOR_EXT
06-28 17:20:31.066 19820 19833 E WPROF   : {"Javascript": {"url": "https://connect.facebook.net/signals/config/423979991297359?v=2.7.17", "requestTime": 31508.121363}}
06-28 17:20:31.230 19820 19833 E WPROF   : {"Javascript": {"url": "http://app-sj02.marketo.com/index.php/form/getForm?munchkinId=727-ZQE-044&form=5691&url=http%3A%2F%2Fsearchengineland.com%2Fway-early-adwords-holiday-testing-guide-256319&callback=jQuery1102033378923893906176_1498638031157&_=1498638031158", "requestTime": 31508.285698}}
06-28 17:20:31.247 19820 19833 E WPROF   : {"Javascript": {"url": "http://app-sj02.marketo.com/index.php/form/getForm?munchkinId=727-ZQE-044&form=5685&url=http%3A%2F%2Fsearchengineland.com%2Fway-early-adwords-holiday-testing-guide-256319&callback=jQuery1102033378923893906176_1498638031159&_=1498638031160", "requestTime": 31508.303186}}
06-28 17:20:31.451 19820 19833 E WPROF   : {"Javascript": {"url": "http://app-sj02.marketo.com/index.php/form/getForm?munchkinId=727-ZQE-044&form=5673&url=http%3A%2F%2Fsearchengineland.com%2Fway-early-adwords-holiday-testing-guide-256319&callback=jQuery1102033378923893906176_1498638031161&_=1498638031162", "requestTime": 31508.506590}}
06-28 17:20:31.507 19820 19833 E WPROF   : {"Javascript": {"url": "http://searchengineland.com/js/ga_social_tracking.js", "requestTime": 31508.563212}}
06-28 17:20:31.510 19820 19833 E WPROF   : {"Javascript": {"url": "http://s7.addthis.com/js/300/addthis_widget.js#pubid=ra-53e918f660794f37", "requestTime": 31508.565360}}
06-28 17:20:31.530 19755 19799 E chromium: [ERROR:gles2_cmd_decoder.cc(3852)] [.ChromiumCompositor-0xacbb2fc0]GL ERROR :GL_INVALID_ENUM : glDiscardFramebufferEXT: attachments was GL_COLOR_EXT
06-28 17:20:31.752   862  1657 E LocSvc_IzatApiV02: E/virtual int izat_core::IzatApiV02::getBatchSize(int32_t):522]: Error : st = 4, ind.status = -1628389555
06-28 17:20:31.752   862  1657 E LocSvc_IzatApiV02: E/virtual int izat_core::IzatApiV02::getBatchSize(int32_t):535]: get batching size failed.Or modem does not support batching 
06-28 17:20:31.764   862  1657 E LocSvc_IzatApiV02: E/virtual int izat_core::IzatApiV02::getBatchSize(int32_t):522]: Error : st = 4, ind.status = -1628389555
06-28 17:20:31.764   862  1657 E LocSvc_IzatApiV02: E/virtual int izat_core::IzatApiV02::getBatchSize(int32_t):535]: get batching size failed.Or modem does not support batching 
06-28 17:20:31.794   862  1657 E LocSvc_IzatApiV02: E/virtual int izat_core::IzatApiV02::getBatchSize(int32_t):522]: Error : st = 4, ind.status = -1628389555
06-28 17:20:31.794   862  1657 E LocSvc_IzatApiV02: E/virtual int izat_core::IzatApiV02::getBatchSize(int32_t):535]: get batching size failed.Or modem does not support batching 
06-28 17:20:31.825   862  1657 E LocSvc_IzatApiV02: E/virtual int izat_core::IzatApiV02::getBatchSize(int32_t):522]: Error : st = 4, ind.status = -1628389555
06-28 17:20:31.825   862  1657 E LocSvc_IzatApiV02: E/virtual int izat_core::IzatApiV02::getBatchSize(int32_t):535]: get batching size failed.Or modem does not support batching 
06-28 17:20:32.015 19755 19799 E chromium: [ERROR:gles2_cmd_decoder.cc(3852)] [.ChromiumCompositor-0xacbb2fc0]GL ERROR :GL_INVALID_ENUM : glDiscardFramebufferEXT: attachments was GL_COLOR_EXT
06-28 17:20:32.471 19820 19833 E WPROF   : {"Javascript": {"url": "https://securepubads.g.doubleclick.net/gampad/ads?gdfp_req=1&correlator=3131977382232064&output=json_html&callback=googletag.impl.pubads.callbackProxy1&impl=fifs&json_a=1&eid=108809080%2C108809103&sc=0&sfv=1-0-9&iu_parts=1038259%2Csel-ciu-1%2Csel-ciu-2%2Csel-ciu-3%2Csel-ciu-4%2Csel-ciu-5%2Cch-sem-le", "requestTime": 31509.526614}}
06-28 17:20:32.735 19755 19799 E chromium: [ERROR:gles2_cmd_decoder.cc(3852)] [.ChromiumCompositor-0xacbb2fc0]GL ERROR :GL_INVALID_ENUM : glDiscardFramebufferEXT: attachments was GL_COLOR_EXT
06-28 17:20:32.823 19820 19833 E WPROF   : {"Javascript": {"url": "https://static.xx.fbcdn.net/rsrc.php/v3iy6L4/yF/l/ko_KR/w3AiswiqjrJ.js", "requestTime": 31509.878672}}
06-28 17:20:32.844 19820 19833 E WPROF   : {"Javascript": {"url": "http://d2j3qa5nc37287.cloudfront.net/coupon_code1.js", "requestTime": 31509.900111}}
06-28 17:20:32.847 19820 19833 E WPROF   : {"Javascript": {"url": "http://www.googleadservices.com/pagead/conversion.js", "requestTime": 31509.902557}}
06-28 17:20:32.847 19820 19833 E WPROF   : {"Javascript": {"url": "http://searchengineland.com/figz/wp-content/themes/searchengineland/js/script.js?ver=1.0", "requestTime": 31509.903185}}
06-28 17:20:32.848 19820 19833 E WPROF   : {"Javascript": {"url": "http://searchengineland.com/figz/wp-includes/js/wp-embed.min.js?ver=4.7.5", "requestTime": 31509.903531}}
06-28 17:20:32.848 19820 19833 E WPROF   : {"Javascript": {"url": "http://searchengineland.com/figz/wp-content/themes/searchengineland/js/modules/sharing_controls.js", "requestTime": 31509.904094}}
06-28 17:20:32.981 19820 19833 E WPROF   : {"Javascript": {"url": "http://cdn.api.twitter.com/1/users/show.json?screen_name=toddsaunders&callback=twttr.setFollowersCount", "requestTime": 31510.036729}}
06-28 17:20:33.075 19820 19833 E WPROF   : {"CSS": {"url": "https://www.youtube.com/yts/cssbin/www-embed-player-sprite-mode-vfl5G4Xm8.css", "requestTime": 31510.130839}}
06-28 17:20:33.077 19820 19833 E WPROF   : {"Javascript": {"url": "https://www.youtube.com/yts/jsbin/www-embed-player-vfl_UY_j8/www-embed-player.js", "requestTime": 31510.132522}}
06-28 17:20:33.077 19820 19833 E WPROF   : {"Javascript": {"url": "https://www.youtube.com/yts/jsbin/player-vflo1w4O-/ko_KR/base.js", "requestTime": 31510.133188}}
06-28 17:20:33.136 19755 19799 E chromium: [ERROR:gles2_cmd_decoder.cc(3852)] [.ChromiumCompositor-0xacbb2fc0]GL ERROR :GL_INVALID_ENUM : glDiscardFramebufferEXT: attachments was GL_COLOR_EXT
06-28 17:20:33.348 19755 19799 E chromium: [ERROR:gles2_cmd_decoder.cc(3852)] [.ChromiumCompositor-0xacbb2fc0]GL ERROR :GL_INVALID_ENUM : glDiscardFramebufferEXT: attachments was GL_COLOR_EXT
06-28 17:20:34.112 19755 19799 E chromium: [ERROR:gles2_cmd_decoder.cc(3852)] [.ChromiumCompositor-0xacbb2fc0]GL ERROR :GL_INVALID_ENUM : glDiscardFramebufferEXT: attachments was GL_COLOR_EXT
06-28 17:20:34.662 19755 19799 E chromium: [ERROR:gles2_cmd_decoder.cc(3852)] [.ChromiumCompositor-0xacbb2fc0]GL ERROR :GL_INVALID_ENUM : glDiscardFramebufferEXT: attachments was GL_COLOR_EXT
06-28 17:20:35.507 19820 19833 E WPROF   : {"Javascript": {"url": "https://www.google.com/js/bg/KWBfAnWFESAEEaKKgdYlTHY9ysQaNoQuzeMFqvxDSM8.js", "requestTime": 31512.562337}}
06-28 17:20:35.509 19820 19833 E WPROF   : {"Javascript": {"url": "https://static.doubleclick.net/instream/ad_status.js", "requestTime": 31512.564866}}
06-28 17:20:35.828 19820 19833 E WPROF   : {"CSS": {"url": "http://app-sj02.marketo.com/js/forms2/css/forms2.css", "requestTime": 31512.883400}}
06-28 17:20:35.832 19820 19833 E WPROF   : {"CSS": {"url": "http://app-sj02.marketo.com/js/forms2/css/forms2-theme-simple.css", "requestTime": 31512.887480}}
06-28 17:20:35.934 19820 19833 E WPROF   : {"Javascript": {"url": "https://tpc.googlesyndication.com/pagead/js/r20170619/r20110914/client/ext/m_window_focus_non_hydra.js", "requestTime": 31512.989887}}
06-28 17:20:35.936 19820 19833 E WPROF   : {"Javascript": {"url": "https://tpc.googlesyndication.com/pagead/js/r20170619/r20110914/activeview/osd_listener.js", "requestTime": 31512.991659}}
06-28 17:20:35.940 19820 19833 E WPROF   : {"Javascript": {"url": "http://pagead2.googlesyndication.com/pagead/osd.js", "requestTime": 31512.995664}}
06-28 17:20:36.007 19820 19833 E WPROF   : {"Javascript": {"url": "http://www.justuno.com/ajax/account_version_check.html?id=828FA275-FF73-401E-AA39-40F5A6FAB6B1", "requestTime": 31513.062754}}
06-28 17:20:36.054 19755 19799 E chromium: [ERROR:gles2_cmd_decoder.cc(3852)] [.ChromiumCompositor-0xacbb2fc0]GL ERROR :GL_INVALID_ENUM : glDiscardFramebufferEXT: attachments was GL_COLOR_EXT
06-28 17:20:36.229 19755 19799 E chromium: [ERROR:gles2_cmd_decoder.cc(3852)] [.ChromiumCompositor-0xacbb2fc0]GL ERROR :GL_INVALID_ENUM : glDiscardFramebufferEXT: attachments was GL_COLOR_EXT
06-28 17:20:37.077 19755 19799 E chromium: [ERROR:gles2_cmd_decoder.cc(3852)] [.ChromiumCompositor-0xacbb2fc0]GL ERROR :GL_INVALID_ENUM : glDiscardFramebufferEXT: attachments was GL_COLOR_EXT
06-28 17:20:37.268 19820 19833 E WPROF   : {"Javascript": {"url": "http://cdn.justuno.com/mwgt_3.6.js", "requestTime": 31514.323735}}
06-28 17:20:37.432 19755 19799 E chromium: [ERROR:gles2_cmd_decoder.cc(3852)] [.ChromiumCompositor-0xacbb2fc0]GL ERROR :GL_INVALID_ENUM : glDiscardFramebufferEXT: attachments was GL_COLOR_EXT
06-28 17:20:37.588 19755 19799 E chromium: [ERROR:gles2_cmd_decoder.cc(3852)] [.ChromiumCompositor-0xacbb2fc0]GL ERROR :GL_INVALID_ENUM : glDiscardFramebufferEXT: attachments was GL_COLOR_EXT
06-28 17:20:37.715 19755 19799 E chromium: [ERROR:gles2_cmd_decoder.cc(3852)] [.ChromiumCompositor-0xacbb2fc0]GL ERROR :GL_INVALID_ENUM : glDiscardFramebufferEXT: attachments was GL_COLOR_EXT
06-28 17:20:37.786 19755 19799 E chromium: [ERROR:gles2_cmd_decoder.cc(3852)] [.ChromiumCompositor-0xacbb2fc0]GL ERROR :GL_INVALID_ENUM : glDiscardFramebufferEXT: attachments was GL_COLOR_EXT
06-28 17:20:37.894 19820 19833 E WProf.db: {"page": "searchengineland.com_way-early-adwords-holiday-testing-guide-256319"}
06-28 17:20:37.894 19820 19833 E WProf.db: {"DOMLoad": 31514.949943}
06-28 17:20:37.894 19820 19833 E WProf.db: {"Resource": {"id": 1, "url": "http://searchengineland.com/way-early-adwords-holiday-testing-guide-256319", "sentTime": -1.000000, "len": 98662, "from": "0x0", "mimeType": "text/html", "contentLength": -1, "httpStatus": 200, "connId": 20, "connReused": 1, "cached": 0,"requestTime": 31505.893804, "proxyStart": -1, "proxyEnd": -1, "dnsStart": -1, "dnsEnd": -1, "connectStart": 0, "connectEnd": 46, "sendStart": 46, "sendEnd": 46, "receiveHeadersEnd": 375, "sslStart": -1, "sslEnd": -1}}
06-28 17:20:37.894 19820 19833 E WProf.db: {"ReceivedChunk": {"receivedTime": 31506.289303, "len": 7813}}
06-28 17:20:37.895 19820 19833 E WProf.db: {"ReceivedChunk": {"receivedTime": 31506.372401, "len": 32768}}
06-28 17:20:37.895 19820 19833 E WProf.db: {"ReceivedChunk": {"receivedTime": 31506.372607, "len": 28084}}
06-28 17:20:37.895 19820 19833 E WProf.db: {"ReceivedChunk": {"receivedTime": 31506.456712, "len": 11336}}
06-28 17:20:37.895 19820 19833 E WProf.db: {"ReceivedChunk": {"receivedTime": 31506.457874, "len": 18661}}
06-28 17:20:37.895 19820 19833 E WProf.db: {"WprofHTMLTag": {"code": "0xaedd6630", "doc": "http://searchengineland.com/way-early-adwords-holiday-testing-guide-256319", "row": 6, "column": 42, "tagName": "html", "time": 31506.375575, "url": "", "pos": 1, "chunkLen": 1, "isStartTag": 1}}
06-28 17:20:37.895 19820 19833 E WProf.db: {"WprofHTMLTag": {"code": "0xaf047760", "doc": "http://searchengineland.com/way-early-adwords-holiday-testing-guide-256319", "row": 7, "column": 6, "tagName": "head", "time": 31506.375801, "url": "", "pos": 1, "chunkLen": 1, "isStartTag": 1}}
06-28 17:20:37.895 19820 19833 E WProf.db: {"WprofHTMLTag": {"code": "0xaf047850", "doc": "http://searchengineland.com/way-early-adwords-holiday-testing-guide-256319", "row": 8, "column": 54, "tagName": "meta", "time": 31506.375844, "url": "", "pos": 1, "chunkLen": 1, "isStartTag": 1}}
06-28 17:20:37.895 19820 19833 E WProf.db: {"WprofHTMLTag": {"code": "0xaf047880", "doc": "http://searchengineland.com/way-early-adwords-holiday-testing-guide-256319", "row": 9, "column": 68, "tagName": "meta", "time": 31506.375978, "url": "", "pos": 1, "chunkLen": 1, "isStartTag": 1}}
06-28 17:20:37.895 19820 19833 E WProf.db: {"WprofHTMLTag": {"code": "0xaf0478b0", "doc": "http://searchengineland.com/way-early-adwords-holiday-testing-guide-256319", "row": 10, "column": 23, "tagName": "meta", "time": 31506.376087, "url": "", "pos": 1, "chunkLen": 1, "isStartTag": 1}}
06-28 17:20:37.895 19820 19833 E WProf.db: {"WprofHTMLTag": {"code": "0xaf0478e0", "doc": "http://searchengineland.com/way-early-adwords-holiday-testing-guide-256319", "row": 11, "column": 52, "tagName": "meta", "time": 31506.376210, "url": "", "pos": 1, "chunkLen": 1, "isStartTag": 1}}
06-28 17:20:37.895 19820 19833 E WProf.db: {"WprofHTMLTag": {"code": "0xaf047910", "doc": "http://searchengineland.com/way-early-adwords-holiday-testing-guide-256319", "row": 14, "column": 56, "tagName": "meta", "time": 31506.376332, "url": "", "pos": 1, "chunkLen": 1, "isStartTag": 1}}
06-28 17:20:37.895 19820 19833 E WProf.db: {"WprofHTMLTag": {"code": "0xaf047940", "doc": "http://searchengineland.com/way-early-adwords-holiday-testing-guide-256319", "row": 15, "column": 83, "tagName": "meta", "time": 31506.376439, "url": "", "pos": 1, "chunkLen": 1, "isStartTag": 1}}
06-28 17:20:37.895 19820 19833 E WProf.db: {"WprofHTMLTag": {"code": "0xaf047970", "doc": "http://searchengineland.com/way-early-adwords-holiday-testing-guide-256319", "row": 16, "column": 57, "tagName": "meta", "time": 31506.376548, "url": "", "pos": 1, "chunkLen": 1, "isStartTag": 1}}
06-28 17:20:37.895 19820 19833 E WProf.db: {"WprofHTMLTag": {"code": "0xaf047a00", "doc": "http://searchengineland.com/way-early-adwords-holiday-testing-guide-256319", "row": 17, "column": 41, "tagName": "meta", "time": 31506.376654, "url": "", "pos": 1, "chunkLen": 1, "isStartTag": 1}}
06-28 17:20:37.895 19820 19833 E WProf.db: {"WprofHTMLTag": {"code": "0xaf047a30", "doc": "http://searchengineland.com/way-early-adwords-holiday-testing-guide-256319", "row": 18, "column": 50, "tagName": "meta", "time": 31506.376759, "url": "", "pos": 1, "chunkLen": 1, "isStartTag": 1}}
06-28 17:20:37.896 19820 19833 E WProf.db: {"WprofHTMLTag": {"code": "0xaf047a60", "doc": "http://searchengineland.com/way-early-adwords-holiday-testing-guide-256319", "row": 19, "column": 174, "tagName": "meta", "time": 31506.376861, "url": "", "pos": 1, "chunkLen": 1, "isStartTag": 1}}
06-28 17:20:37.896 19820 19833 E WProf.db: {"WprofHTMLTag": {"code": "0xaf0479d0", "doc": "http://searchengineland.com/way-early-adwords-holiday-testing-guide-256319", "row": 20, "column": 47, "tagName": "meta", "time": 31506.376965, "url": "", "pos": 1, "chunkLen": 1, "isStartTag": 1}}
06-28 17:20:37.896 19820 19833 E WProf.db: {"WprofHTMLTag": {"code": "0xaf0479a0", "doc": "http://searchengineland.com/way-early-adwords-holiday-testing-guide-256319", "row": 21, "column": 67, "tagName": "meta", "time": 31506.377069, "url": "", "pos": 1, "chunkLen": 1, "isStartTag": 1}}
06-28 17:20:37.896 19820 19833 E WProf.db: {"WprofHTMLTag": {"code": "0xaf047a90", "doc": "http://searchengineland.com/way-early-adwords-holiday-testing-guide-256319", "row": 22, "column": 57, "tagName": "meta", "time": 31506.377171, "url": "", "pos": 1, "chunkLen": 1, "isStartTag": 1}}
06-28 17:20:37.896 19820 19833 E WProf.db: {"WprofHTMLTag": {"code": "0xaf047ac0", "doc": "http://searchengineland.com/way-early-adwords-holiday-testing-guide-256319", "row": 23, "column": 65, "tagName": "meta", "time": 31506.377273, "url": "", "pos": 1, "chunkLen": 1, "isStartTag": 1}}
06-28 17:20:37.896 19820 19833 E WProf.db: {"WprofHTMLTag": {"code": "0xaf047af0", "doc": "http://searchengineland.com/way-early-adwords-holiday-testing-guide-256319", "row": 24, "column": 55, "tagName": "meta", "time": 31506.377380, "url": "", "pos": 1, "chunkLen": 1, "isStartTag": 1}}
06-28 17:20:37.896 19820 19833 E WProf.db: {"WprofHTMLTag": {"code": "0xaf047b20", "doc": "http://searchengineland.com/way-early-adwords-holiday-testing-guide-256319", "row": 25, "column": 71, "tagName": "meta", "time": 31506.377485, "url": "", "pos": 1, "chunkLen": 1, "isStartTag": 1}}
06-28 17:20:37.896 19820 19833 E WProf.db: {"WprofHTMLTag": {"code": "0xaf047b50", "doc": "http://searchengineland.com/way-early-adwords-holiday-testing-guide-256319", "row": 26, "column": 86, "tagName": "meta", "time": 31506.377591, "url": "", "pos": 1, "chunkLen": 1, "isStartTag": 1}}
06-28 17:20:37.896 19820 19833 E WProf.db: {"WprofHTMLTag": {"code": "0xaf047b80", "doc": "http://searchengineland.com/way-early-adwords-holiday-testing-guide-256319", "row": 27, "column": 54, "tagName": "meta", "time": 31506.377696, "url": "", "pos": 1, "chunkLen": 1, "isStartTag": 1}}
06-28 17:20:37.896 19820 19833 E WProf.db: {"WprofHTMLTag": {"code": "0xaf047bb0", "doc": "http://searchengineland.com/way-early-adwords-holiday-testing-guide-256319", "row": 29, "column": 130, "tagName": "meta", "time": 31506.377800, "url": "", "pos": 1, "chunkLen": 1, "isStartTag": 1}}
06-28 17:20:37.896 19820 19833 E WProf.db: {"WprofHTMLTag": {"code": "0xaf047be0", "doc": "http://searchengineland.com/way-early-adwords-holiday-testing-guide-256319", "row": 30, "column": 170, "tagName": "meta", "time": 31506.377913, "url": "", "pos": 1, "chunkLen": 1, "isStartTag": 1}}
06-28 17:20:37.897 19820 19833 E WProf.db: {"WprofHTMLTag": {"code": "0xaf047c10", "doc": "http://searchengineland.com/way-early-adwords-holiday-testing-guide-256319", "row": 31, "column": 55, "tagName": "meta", "time": 31506.378024, "url": "", "pos": 1, "chunkLen": 1, "isStartTag": 1}}
06-28 17:20:37.897 19820 19833 E WProf.db: {"WprofHTMLTag": {"code": "0xaf047c40", "doc": "http://searchengineland.com/way-early-adwords-holiday-testing-guide-256319", "row": 32, "column": 54, "tagName": "meta", "time": 31506.378138, "url": "", "pos": 1, "chunkLen": 1, "isStartTag": 1}}
06-28 17:20:37.897 19820 19833 E WProf.db: {"WprofHTMLTag": {"code": "0xaf047c70", "doc": "http://searchengineland.com/way-early-adwords-holiday-testing-guide-256319", "row": 33, "column": 143, "tagName": "meta", "time": 31506.378253, "url": "", "pos": 1, "chunkLen": 1, "isStartTag": 1}}
06-28 17:20:37.897 19820 19833 E WProf.db: {"WprofHTMLTag": {"code": "0xaf047ca0", "doc": "http://searchengineland.com/way-early-adwords-holiday-testing-guide-256319", "row": 37, "column": 36, "tagName": "script", "time": 31506.378362, "url": "", "pos": 1, "chunkLen": 1, "isStartTag": 1}}
06-28 17:20:37.897 19820 19833 E WProf.db: {"WprofHTMLTag": {"code": "0xaf047cd0", "doc": "http://searchengineland.com/way-early-adwords-holiday-testing-guide-256319", "row": 53, "column": 10, "tagName": "script", "time": 31506.378610, "url": "", "pos": 1, "chunkLen": 1, "isStartTag": 0}}
06-28 17:20:37.897 19820 19833 E WProf.db: {"WprofHTMLTag": {"code": "0xaedd6660", "doc": "http://searchengineland.com/way-early-adwords-holiday-testing-guide-256319", "row": 55, "column": 86, "tagName": "link", "time": 31506.379165, "url": "http://searchengineland.com/apple-touch-icon.png", "pos": 1, "chunkLen": 1, "isStartTag": 1}}
06-28 17:20:37.897 19820 19833 E WProf.db: {"WprofHTMLTag": {"code": "0xaf047d00", "doc": "http://searchengineland.com/way-early-adwords-holiday-testing-guide-256319", "row": 56, "column": 76, "tagName": "link", "time": 31506.379439, "url": "http://searchengineland.com/favicon.ico", "pos": 1, "chunkLen": 1, "isStartTag": 1}}
06-28 17:20:37.897 19820 19833 E WProf.db: {"WprofHTMLTag": {"code": "0xaf047d30", "doc": "http://searchengineland.com/way-early-adwords-holiday-testing-guide-256319", "row": 57, "column": 158, "tagName": "link", "time": 31506.379635, "url": "http://feeds.searchengineland.com/searchengineland", "pos": 1, "chunkLen": 1, "isStartTag": 1}}
06-28 17:20:37.897 19820 19833 E WProf.db: {"WprofHTMLTag": {"code": "0xaf047d60", "doc": "http://searchengineland.com/way-early-adwords-holiday-testing-guide-256319", "row": 58, "column": 149, "tagName": "link", "time": 31506.379955, "url": "http://feeds.searchengineland.com/searchcap", "pos": 1, "chunkLen": 1, "isStartTag": 1}}
06-28 17:20:37.897 19820 19833 E WProf.db: {"WprofHTMLTag": {"code": "0xaf047d90", "doc": "http://searchengineland.com/way-early-adwords-holiday-testing-guide-256319", "row": 59, "column": 150, "tagName": "link", "time": 31506.380320, "url": "http://searchengineland.com/figz/wp-content/themes/searchengineland/css/searchengineland-bootstrap.css", "pos": 1, "chunkLen": 1, "isStartTag": 1}}
06-28 17:20:37.897 19820 19833 E WProf.db: {"WprofHTMLTag": {"code": "0xaf047df0", "doc": "http://searchengineland.com/way-early-adwords-holiday-testing-guide-256319", "row": 60, "column": 105, "tagName": "link", "time": 31506.380846, "url": "http://fonts.googleapis.com/css?family=Oswald:300,400,700", "pos": 1, "chunkLen": 1, "isStartTag": 1}}
06-28 17:20:37.897 19820 19833 E WProf.db: {"WprofHTMLTag": {"code": "0xaf047e50", "doc": "http://searchengineland.com/way-early-adwords-holiday-testing-guide-256319", "row": 61, "column": 125, "tagName": "link", "time": 31506.381291, "url": "http://searchengineland.com/figz/wp-content/themes/searchengineland/style.css", "pos": 1, "chunkLen": 1, "isStartTag": 1}}
06-28 17:20:37.898 19820 19833 E WProf.db: {"WprofHTMLTag": {"code": "0xaf047eb0", "doc": "http://searchengineland.com/way-early-adwords-holiday-testing-guide-256319", "row": 65, "column": 7, "tagName": "title", "time": 31506.381757, "url": "", "pos": 1, "chunkLen": 1, "isStartTag": 1}}
06-28 17:20:37.898 19820 19833 E WProf.db: {"WprofHTMLTag": {"code": "0xaf047ee0", "doc": "http://searchengineland.com/way-early-adwords-holiday-testing-guide-256319", "row": 65, "column": 62, "tagName": "title", "time": 31506.381829, "url": "", "pos": 1, "chunkLen": 1, "isStartTag": 0}}
06-28 17:20:37.898 19820 19833 E WProf.db: {"WprofHTMLTag": {"code": "0xaf047f10", "doc": "http://searchengineland.com/way-early-adwords-holiday-testing-guide-256319", "row": 66, "column": 167, "tagName": "meta", "time": 31506.381847, "url": "", "pos": 1, "chunkLen": 1, "isStartTag": 1}}
06-28 17:20:37.898 19820 19833 E WProf.db: {"WprofHTMLTag": {"code": "0xaf047f40", "doc": "http://searchengineland.com/way-early-adwords-holiday-testing-guide-256319", "row": 67, "column": 131, "tagName": "meta", "time": 31506.381959, "url": "", "pos": 1, "chunkLen": 1, "isStartTag": 1}}
06-28 17:20:37.898 19820 19833 E WProf.db: {"WprofHTMLTag": {"code": "0xaf047f70", "doc": "http://searchengineland.com/way-early-adwords-holiday-testing-guide-256319", "row": 68, "column": 116, "tagName": "meta", "time": 31506.382068, "url": "", "pos": 1, "chunkLen": 1, "isStartTag": 1}}
06-28 17:20:37.898 19820 19833 E WProf.db: {"WprofHTMLTag": {"code": "0xaf047fa0", "doc": "http://searchengineland.com/way-early-adwords-holiday-testing-guide-256319", "row": 69, "column": 37, "tagName": "meta", "time": 31506.382171, "url": "", "pos": 1, "chunkLen": 1, "isStartTag": 1}}
06-28 17:20:37.898 19820 19833 E WProf.db: {"WprofHTMLTag": {"code": "0xaf047fd0", "doc": "http://searchengineland.com/way-early-adwords-holiday-testing-guide-256319", "row": 70, "column": 106, "tagName": "link", "time": 31506.382281, "url": "http://searchengineland.com/way-early-adwords-holiday-testing-guide-256319", "pos": 1, "chunkLen": 1, "isStartTag": 1}}
06-28 17:20:37.898 19820 19833 E WProf.db: {"WprofHTMLTag": {"code": "0xb4cc74b0", "doc": "http://searchengineland.com/way-early-adwords-holiday-testing-guide-256319", "row": 71, "column": 76, "tagName": "link", "time": 31506.382483, "url": "https://plus.google.com/103218677032751327334", "pos": 1, "chunkLen": 1, "isStartTag": 1}}
06-28 17:20:37.898 19820 19833 E WProf.db: {"WprofHTMLTag": {"code": "0xb4cc7540", "doc": "http://searchengineland.com/way-early-adwords-holiday-testing-guide-256319", "row": 72, "column": 45, "tagName": "meta", "time": 31506.384254, "url": "", "pos": 1, "chunkLen": 1, "isStartTag": 1}}
06-28 17:20:37.898 19820 19833 E WProf.db: {"WprofHTMLTag": {"code": "0xb4cc78a0", "doc": "http://searchengineland.com/way-early-adwords-holiday-testing-guide-256319", "row": 73, "column": 45, "tagName": "meta", "time": 31506.384400, "url": "", "pos": 1, "chunkLen": 1, "isStartTag": 1}}
06-28 17:20:37.898 19820 19833 E WProf.db: {"WprofHTMLTag": {"code": "0xb4cc78d0", "doc": "http://searchengineland.com/way-early-adwords-holiday-testing-guide-256319", "row": 74, "column": 86, "tagName": "meta", "time": 31506.384519, "url": "", "pos": 1, "chunkLen": 1, "isStartTag": 1}}
06-28 17:20:37.899 19820 19833 E WProf.db: {"WprofHTMLTag": {"code": "0xb4cc7900", "doc": "http://searchengineland.com/way-early-adwords-holiday-testing-guide-256319", "row": 75, "column": 175, "tagName": "meta", "time": 31506.384626, "url": "", "pos": 1, "chunkLen": 1, "isStartTag": 1}}
06-28 17:20:37.899 19820 19833 E WProf.db: {"WprofHTMLTag": {"code": "0xb4cc7930", "doc": "http://searchengineland.com/way-early-adwords-holiday-testing-guide-256319", "row": 76, "column": 111, "tagName": "meta", "time": 31506.384737, "url": "", "pos": 1, "chunkLen": 1, "isStartTag": 1}}
06-28 17:20:37.899 19820 19833 E WProf.db: {"WprofHTMLTag": {"code": "0xb4cc7960", "doc": "http://searchengineland.com/way-early-adwords-holiday-testing-guide-256319", "row": 77, "column": 61, "tagName": "meta", "time": 31506.384849, "url": "", "pos": 1, "chunkLen": 1, "isStartTag": 1}}
06-28 17:20:37.899 19820 19833 E WProf.db: {"WprofHTMLTag": {"code": "0xb4cc7990", "doc": "http://searchengineland.com/way-early-adwords-holiday-testing-guide-256319", "row": 78, "column": 89, "tagName": "meta", "time": 31506.384956, "url": "", "pos": 1, "chunkLen": 1, "isStartTag": 1}}
06-28 17:20:37.899 19820 19833 E WProf.db: {"WprofHTMLTag": {"code": "0xb4cc79c0", "doc": "http://searchengineland.com/way-early-adwords-holiday-testing-guide-256319", "row": 79, "column": 58, "tagName": "meta", "time": 31506.385076, "url": "", "pos": 1, "chunkLen": 1, "isStartTag": 1}}
06-28 17:20:37.899 19820 19833 E WProf.db: {"WprofHTMLTag": {"code": "0xb4cc79f0", "doc": "http://searchengineland.com/way-early-adwords-holiday-testing-guide-256319", "row": 80, "column": 78, "tagName": "meta", "time": 31506.385179, "url": "", "pos": 1, "chunkLen": 1, "isStartTag": 1}}
06-28 17:20:37.899 19820 19833 E WProf.db: {"WprofHTMLTag": {"code": "0xb4cc7a20", "doc": "http://searchengineland.com/way-early-adwords-holiday-testing-guide-256319", "row": 81, "column": 77, "tagName": "meta", "time": 31506.385288, "url": "", "pos": 1, "chunkLen": 1, "isStartTag": 1}}
06-28 17:20:37.900 19820 19833 E WProf.db: {"WprofHTMLTag": {"code": "0xb4cc7a50", "doc": "http://searchengineland.com/way-early-adwords-holiday-testing-guide-256319", "row": 82, "column": 71, "tagName": "meta", "time": 31506.385400, "url": "", "pos": 1, "chunkLen": 1, "isStartTag": 1}}
06-28 17:20:37.900 19820 19833 E WProf.db: {"WprofHTMLTag": {"code": "0xb4cc7a80", "doc": "http://searchengineland.com/way-early-adwords-holiday-testing-guide-256319", "row": 83, "column": 137, "tagName": "meta", "time": 31506.385512, "url": "", "pos": 1, "chunkLen": 1, "isStartTag": 1}}
06-28 17:20:37.900 19820 19833 E WProf.db: {"WprofHTMLTag": {"code": "0xb4cc7ab0", "doc": "http://searchengineland.com/way-early-adwords-holiday-testing-guide-256319", "row": 84, "column": 49, "tagName": "meta", "time": 31506.385622, "url": "", "pos": 1, "chunkLen": 1, "isStartTag": 1}}
06-28 17:20:37.900 19820 19833 E WProf.db: {"WprofHTMLTag": {"code": "0xb4cc7ae0", "doc": "http://searchengineland.com/way-early-adwords-holiday-testing-guide-256319", "row": 85, "column": 50, "tagName": "meta", "time": 31506.385733, "url": "", "pos": 1, "chunkLen": 1, "isStartTag": 1}}
06-28 17:20:37.900 19820 19833 E WProf.db: {"WprofHTMLTag": {"code": "0xb4cc7b10", "doc": "http://searchengineland.com/way-early-adwords-holiday-testing-guide-256319", "row": 86, "column": 58, "tagName": "meta", "time": 31506.385835, "url": "", "pos": 1, "chunkLen": 1, "isStartTag": 1}}
06-28 17:20:37.900 19820 19833 E WProf.db: {"WprofHTMLTag": {"code": "0xb4cc7b40", "doc": "http://searchengineland.com/way-early-adwords-holiday-testing-guide-256319", "row": 87, "column": 176, "tagName": "meta", "time": 31506.385946, "url": "", "pos": 1, "chunkLen": 1, "isStartTag": 1}}
06-28 17:20:37.900 19820 19833 E WProf.db: {"WprofHTMLTag": {"code": "0xb4cc7b70", "doc": "http://searchengineland.com/way-early-adwords-holiday-testing-guide-256319", "row": 88, "column": 87, "tagName": "meta", "time": 31506.386055, "url": "", "pos": 1, "chunkLen": 1, "isStartTag": 1}}
06-28 17:20:37.900 19820 19833 E WProf.db: {"WprofHTMLTag": {"code": "0xb4cc7ba0", "doc": "http://searchengineland.com/way-early-adwords-holiday-testing-guide-256319", "row": 89, "column": 51, "tagName": "meta", "time": 31506.386170, "url": "", "pos": 1, "chunkLen": 1, "isStartTag": 1}}
06-28 17:20:37.900 19820 19833 E WProf.db: {"WprofHTMLTag": {"code": "0xb4cc7bd0", "doc": "http://searchengineland.com/way-early-adwords-holiday-testing-guide-256319", "row": 90, "column": 138, "tagName": "meta", "time": 31506.386276, "url": "", "pos": 1, "chunkLen": 1, "isStartTag": 1}}
06-28 17:20:37.900 19820 19833 E WProf.db: {"WprofHTMLTag": {"code": "0xb4cc7c00", "doc": "http://searchengineland.com/way-early-adwords-holiday-testing-guide-256319", "row": 91, "column": 55, "tagName": "meta", "time": 31506.386379, "url": "", "pos": 1, "chunkLen": 1, "isStartTag": 1}}
06-28 17:20:37.901 19820 19833 E WProf.db: {"WprofHTMLTag": {"code": "0xb4cc7c30", "doc": "http://searchengineland.com/way-early-adwords-holiday-testing-guide-256319", "row": 94, "column": 44, "tagName": "link", "time": 31506.386493, "url": "http://s.w.org/", "pos": 1, "chunkLen": 1, "isStartTag": 1}}
06-28 17:20:37.901 19820 19833 E WProf.db: {"WprofHTMLTag": {"code": "0xb4cc7c60", "doc": "http://searchengineland.com/way-early-adwords-holiday-testing-guide-256319", "row": 95, "column": 33, "tagName": "script", "time": 31506.386709, "url": "", "pos": 1, "chunkLen": 1, "isStartTag": 1}}
06-28 17:20:37.901 19820 19833 E WProf.db: {"WprofHTMLTag": {"code": "0xb4cc7c90", "doc": "http://searchengineland.com/way-early-adwords-holiday-testing-guide-256319", "row": 98, "column": 11, "tagName": "script", "time": 31506.387181, "url": "http://searchengineland.com/figz/wp-includes/js/wp-emoji-release.min.js?ver=4.7.5", "pos": 1, "chunkLen": 1, "isStartTag": 0}}
06-28 17:20:37.901 19820 19833 E WProf.db: {"WprofHTMLTag": {"code": "0x9c9ec900", "doc": "http://searchengineland.com/way-early-adwords-holiday-testing-guide-256319", "row": 99, "column": 25, "tagName": "style", "time": 31507.031033, "url": "", "pos": 1, "chunkLen": 1, "isStartTag": 1}}
06-28 17:20:37.901 19820 19833 E WProf.db: {"WprofHTMLTag": {"code": "0x9c9ec930", "doc": "http://searchengineland.com/way-early-adwords-holiday-testing-guide-256319", "row": 112, "column": 8, "tagName": "style", "time": 31507.031232, "url": "", "pos": 1, "chunkLen": 1, "isStartTag": 0}}
06-28 17:20:37.901 19820 19833 E WProf.db: {"WprofHTMLTag": {"code": "0x9c9ec960", "doc": "http://searchengineland.com/way-early-adwords-holiday-testing-guide-256319", "row": 113, "column": 140, "tagName": "script", "time": 31507.033005, "url": "http://searchengineland.com/figz/wp-content/themes/searchengineland/js/lib/modernizr.custom.js?ver=1.0", "pos": 1, "chunkLen": 1, "isStartTag": 1}}
06-28 17:20:37.901 19820 19833 E WProf.db: {"WprofHTMLTag": {"code": "0x9c9ec990", "doc": "http://searchengineland.com/way-early-adwords-holiday-testing-guide-256319", "row": 113, "column": 149, "tagName": "script", "time": 31507.033267, "url": "", "pos": 1, "chunkLen": 1, "isStartTag": 0}}
06-28 17:20:37.901 19820 19833 E WProf.db: {"WprofHTMLTag": {"code": "0xaedd6e70", "doc": "http://searchengineland.com/way-early-adwords-holiday-testing-guide-256319", "row": 114, "column": 144, "tagName": "script", "time": 31507.555567, "url": "http://searchengineland.com/figz/wp-content/themes/searchengineland/js/lib/jquery-1.11.0.min.js?ver=1.11.0", "pos": 1, "chunkLen": 1, "isStartTag": 1}}
06-28 17:20:37.901 19820 19833 E WProf.db: {"WprofHTMLTag": {"code": "0xaedd6e40", "doc": "http://searchengineland.com/way-early-adwords-holiday-testing-guide-256319", "row": 114, "column": 153, "tagName": "script", "time": 31507.555943, "url": "", "pos": 1, "chunkLen": 1, "isStartTag": 0}}
06-28 17:20:37.901 19820 19833 E WProf.db: {"WprofHTMLTag": {"code": "0xaedd6de0", "doc": "http://searchengineland.com/way-early-adwords-holiday-testing-guide-256319", "row": 0, "column": 15, "tagName": "div", "time": 31507.652779, "url": "", "pos": 15, "chunkLen": 44, "isStartTag": 1}}
06-28 17:20:37.901 19820 19833 E WProf.db: {"WprofHTMLTag": {"code": "0xaedd6db0", "doc": "http://searchengineland.com/way-early-adwords-holiday-testing-guide-256319", "row": 0, "column": 21, "tagName": "div", "time": 31507.652926, "url": "", "pos": 21, "chunkLen": 44, "isStartTag": 0}}
06-28 17:20:37.901 19820 19833 E WProf.db: {"WprofHTMLTag": {"code": "0xaedd6d80", "doc": "http://searchengineland.com/way-early-adwords-holiday-testing-guide-256319", "row": 0, "column": 38, "tagName": "div", "time": 31507.652996, "url": "", "pos": 38, "chunkLen": 44, "isStartTag": 1}}
06-28 17:20:37.901 19820 19833 E WProf.db: {"WprofHTMLTag": {"code": "0x9c9eca50", "doc": "http://searchengineland.com/way-early-adwords-holiday-testing-guide-256319", "row": 0, "column": 44, "tagName": "div", "time": 31507.653113, "url": "", "pos": 44, "chunkLen": 44, "isStartTag": 0}}
06-28 17:20:37.902 19820 19833 E WProf.db: {"WprofHTMLTag": {"code": "0x9c9eca80", "doc": "http://searchengineland.com/way-early-adwords-holiday-testing-guide-256319", "row": 0, "column": 13, "tagName": "select", "time": 31507.654533, "url": "", "pos": 13, "chunkLen": 51, "isStartTag": 1}}
06-28 17:20:37.902 19820 19833 E WProf.db: {"WprofHTMLTag": {"code": "0x9c9ecab0", "doc": "http://searchengineland.com/way-early-adwords-holiday-testing-guide-256319", "row": 0, "column": 33, "tagName": "option", "time": 31507.654729, "url": "", "pos": 33, "chunkLen": 51, "isStartTag": 1}}
06-28 17:20:37.902 19820 19833 E WProf.db: {"WprofHTMLTag": {"code": "0x9c9ecae0", "doc": "http://searchengineland.com/way-early-adwords-holiday-testing-guide-256319", "row": 0, "column": 42, "tagName": "option", "time": 31507.654932, "url": "", "pos": 42, "chunkLen": 51, "isStartTag": 0}}
06-28 17:20:37.902 19820 19833 E WProf.db: {"WprofHTMLTag": {"code": "0x9c9ecb10", "doc": "http://searchengineland.com/way-early-adwords-holiday-testing-guide-256319", "row": 0, "column": 51, "tagName": "select", "time": 31507.654989, "url": "", "pos": 51, "chunkLen": 51, "isStartTag": 0}}
06-28 17:20:37.902 19820 19833 E WProf.db: {"WprofHTMLTag": {"code": "0x9c9ecb40", "doc": "http://searchengineland.com/way-early-adwords-holiday-testing-guide-256319", "row": 0, "column": 12, "tagName": "a", "time": 31507.661018, "url": "", "pos": 12, "chunkLen": 16, "isStartTag": 1}}
06-28 17:20:37.902 19820 19833 E WProf.db: {"WprofHTMLTag": {"code": "0x9c9ecb70", "doc": "http://searchengineland.com/way-early-adwords-holiday-testing-guide-256319", "row": 0, "column": 16, "tagName": "a", "time": 31507.661192, "url": "", "pos": 16, "chunkLen": 16, "isStartTag": 0}}
06-28 17:20:37.902 19820 19833 E WProf.db: {"WprofHTMLTag": {"code": "0x9c9ecba0", "doc": "http://searchengineland.com/way-early-adwords-holiday-testing-guide-256319", "row": 0, "column": 8, "tagName": "input", "time": 31507.662292, "url": "", "pos": 8, "chunkLen": 8, "isStartTag": 1}}
06-28 17:20:37.902 19820 19833 E WProf.db: {"WprofHTMLTag": {"code": "0x9c9ecbd0", "doc": "http://searchengineland.com/way-early-adwords-holiday-testing-guide-256319", "row": 0, "column": 9, "tagName": "link", "time": 31507.671234, "url": "", "pos": 9, "chunkLen": 42, "isStartTag": 1}}
06-28 17:20:37.902 19820 19833 E WProf.db: {"WprofHTMLTag": {"code": "0x9c9ecc00", "doc": "http://searchengineland.com/way-early-adwords-holiday-testing-guide-256319", "row": 0, "column": 16, "tagName": "table", "time": 31507.671349, "url": "", "pos": 16, "chunkLen": 42, "isStartTag": 1}}
06-28 17:20:37.902 19820 19833 E WProf.db: {"WprofHTMLTag": {"code": "0x9c9ecc30", "doc": "http://searchengineland.com/way-early-adwords-holiday-testing-guide-256319", "row": 0, "column": 24, "tagName": "table", "time": 31507.671458, "url": "", "pos": 24, "chunkLen": 42, "isStartTag": 0}}
06-28 17:20:37.902 19820 19833 E WProf.db: {"WprofHTMLTag": {"code": "0x9c9ecc60", "doc": "http://searchengineland.com/way-early-adwords-holiday-testing-guide-256319", "row": 0, "column": 37, "tagName": "a", "time": 31507.671524, "url": "", "pos": 37, "chunkLen": 42, "isStartTag": 1}}
06-28 17:20:37.902 19820 19833 E WProf.db: {"WprofHTMLTag": {"code": "0x9c9ecc90", "doc": "http://searchengineland.com/way-early-adwords-holiday-testing-guide-256319", "row": 0, "column": 42, "tagName": "a", "time": 31507.671690, "url": "", "pos": 42, "chunkLen": 42, "isStartTag": 0}}
06-28 17:20:37.903 19820 19833 E WProf.db: {"WprofHTMLTag": {"code": "0x9c9ecd20", "doc": "http://searchengineland.com/way-early-adwords-holiday-testing-guide-256319", "row": 0, "column": 10, "tagName": "textarea", "time": 31507.672830, "url": "", "pos": 10, "chunkLen": 22, "isStartTag": 1}}
06-28 17:20:37.903 19820 19833 E WProf.db: {"WprofHTMLTag": {"code": "0x9c9ecd50", "doc": "http://searchengineland.com/way-early-adwords-holiday-testing-guide-256319", "row": 0, "column": 22, "tagName": "textarea", "time": 31507.673018, "url": "", "pos": 22, "chunkLen": 22, "isStartTag": 0}}
06-28 17:20:37.903 19820 19833 E WProf.db: {"WprofHTMLTag": {"code": "0x9c9ecd80", "doc": "http://searchengineland.com/way-early-adwords-holiday-testing-guide-256319", "row": 0, "column": 48, "tagName": "input", "time": 31507.674306, "url": "", "pos": 48, "chunkLen": 48, "isStartTag": 1}}
06-28 17:20:37.903 19820 19833 E WProf.db: {"WprofHTMLTag": {"code": "0x9c9ecde0", "doc": "http://searchengineland.com/way-early-adwords-holiday-testing-guide-256319", "row": 0, "column": 9, "tagName": "link", "time": 31507.679275, "url": "", "pos": 9, "chunkLen": 66, "isStartTag": 1}}
06-28 17:20:37.903 19820 19833 E WProf.db: {"WprofHTMLTag": {"code": "0x9c9ece10", "doc": "http://searchengineland.com/way-early-adwords-holiday-testing-guide-256319", "row": 0, "column": 16, "tagName": "table", "time": 31507.679389, "url": "", "pos": 16, "chunkLen": 66, "isStartTag": 1}}
06-28 17:20:37.903 19820 19833 E WProf.db: {"WprofHTMLTag": {"code": "0x9c9ece40", "doc": "http://searchengineland.com/way-early-adwords-holiday-testing-guide-256319", "row": 0, "column": 24, "tagName": "table", "time": 31507.679469, "url": "", "pos": 24, "chunkLen": 66, "isStartTag": 0}}
06-28 17:20:37.903 19820 19833 E WProf.db: {"WprofHTMLTag": {"code": "0x9c9ece70", "doc": "http://searchengineland.com/way-early-adwords-holiday-testing-guide-256319", "row": 0, "column": 37, "tagName": "a", "time": 31507.679535, "url": "", "pos": 37, "chunkLen": 66, "isStartTag": 1}}
06-28 17:20:37.903 19820 19833 E WProf.db: {"WprofHTMLTag": {"code": "0x9c9ecea0", "doc": "http://searchengineland.com/way-early-adwords-holiday-testing-guide-256319", "row": 0, "column": 42, "tagName": "a", "time": 31507.679711, "url": "", "pos": 42, "chunkLen": 66, "isStartTag": 0}}
06-28 17:20:37.903 19820 19833 E WProf.db: {"WprofHTMLTag": {"code": "0x9c9eced0", "doc": "http://searchengineland.com/way-early-adwords-holiday-testing-guide-256319", "row": 0, "column": 66, "tagName": "input", "time": 31507.679775, "url": "", "pos": 66, "chunkLen": 66, "isStartTag": 1}}
06-28 17:20:37.903 19820 19833 E WProf.db: {"WprofHTMLTag": {"code": "0x9c9ecf60", "doc": "http://searchengineland.com/way-early-adwords-holiday-testing-guide-256319", "row": 0, "column": 9, "tagName": "link", "time": 31507.681576, "url": "", "pos": 9, "chunkLen": 66, "isStartTag": 1}}
06-28 17:20:37.903 19820 19833 E WProf.db: {"WprofHTMLTag": {"code": "0x9c9ecf90", "doc": "http://searchengineland.com/way-early-adwords-holiday-testing-guide-256319", "row": 0, "column": 16, "tagName": "table", "time": 31507.681680, "url": "", "pos": 16, "chunkLen": 66, "isStartTag": 1}}
06-28 17:20:37.903 19820 19833 E WProf.db: {"WprofHTMLTag": {"code": "0x9c9ecfc0", "doc": "http://searchengineland.com/way-early-adwords-holiday-testing-guide-256319", "row": 0, "column": 24, "tagName": "table", "time": 31507.681747, "url": "", "pos": 24, "chunkLen": 66, "isStartTag": 0}}
06-28 17:20:37.903 19820 19833 E WProf.db: {"WprofHTMLTag": {"code": "0x9c9ecff0", "doc": "http://searchengineland.com/way-early-adwords-holiday-testing-guide-256319", "row": 0, "column": 37, "tagName": "a", "time": 31507.681806, "url": "", "pos": 37, "chunkLen": 66, "isStartTag": 1}}
06-28 17:20:37.904 19820 19833 E WProf.db: {"WprofHTMLTag": {"code": "0x9c9ed020", "doc": "http://searchengineland.com/way-early-adwords-holiday-testing-guide-256319", "row": 0, "column": 42, "tagName": "a", "time": 31507.681986, "url": "", "pos": 42, "chunkLen": 66, "isStartTag": 0}}
06-28 17:20:37.904 19820 19833 E WProf.db: {"WprofHTMLTag": {"code": "0x9c9ed050", "doc": "http://searchengineland.com/way-early-adwords-holiday-testing-guide-256319", "row": 0, "column": 66, "tagName": "input", "time": 31507.682048, "url": "", "pos": 66, "chunkLen": 66, "isStartTag": 1}}
06-28 17:20:37.904 19820 19833 E WProf.db: {"WprofHTMLTag": {"code": "0x9c9ed0b0", "doc": "http://searchengineland.com/way-early-adwords-holiday-testing-guide-256319", "row": 0, "column": 9, "tagName": "link", "time": 31507.686137, "url": "", "pos": 9, "chunkLen": 66, "isStartTag": 1}}
06-28 17:20:37.904 19820 19833 E WProf.db: {"WprofHTMLTag": {"code": "0x9c9ed0e0", "doc": "http://searchengineland.com/way-early-adwords-holiday-testing-guide-256319", "row": 0, "column": 16, "tagName": "table", "time": 31507.686248, "url": "", "pos": 16, "chunkLen": 66, "isStartTag": 1}}
06-28 17:20:37.904 19820 19833 E WProf.db: {"WprofHTMLTag": {"code": "0x9c9ed110", "doc": "http://searchengineland.com/way-early-adwords-holiday-testing-guide-256319", "row": 0, "column": 24, "tagName": "table", "time": 31507.686321, "url": "", "pos": 24, "chunkLen": 66, "isStartTag": 0}}
06-28 17:20:37.904 19820 19833 E WProf.db: {"WprofHTMLTag": {"code": "0x9c9ed140", "doc": "http://searchengineland.com/way-early-adwords-holiday-testing-guide-256319", "row": 0, "column": 37, "tagName": "a", "time": 31507.686384, "url": "", "pos": 37, "chunkLen": 66, "isStartTag": 1}}
06-28 17:20:37.904 19820 19833 E WProf.db: {"WprofHTMLTag": {"code": "0x9c9ed170", "doc": "http://searchengineland.com/way-early-adwords-holiday-testing-guide-256319", "row": 0, "column": 42, "tagName": "a", "time": 31507.686561, "url": "", "pos": 42, "chunkLen": 66, "isStartTag": 0}}
06-28 17:20:37.904 19820 19833 E WProf.db: {"WprofHTMLTag": {"code": "0x9c9ed1a0", "doc": "http://searchengineland.com/way-early-adwords-holiday-testing-guide-256319", "row": 0, "column": 66, "tagName": "input", "time": 31507.686627, "url": "", "pos": 66, "chunkLen": 66, "isStartTag": 1}}
06-28 17:20:37.904 19820 19833 E WProf.db: {"WprofHTMLTag": {"code": "0x9c9ed2c0", "doc": "http://searchengineland.com/way-early-adwords-holiday-testing-guide-256319", "row": 115, "column": 154, "tagName": "script", "time": 31507.699636, "url": "http://searchengineland.com/figz/wp-content/themes/searchengineland/js/lib/jquery-ui-1.10.3.custom.min.js?ver=1.10.3", "pos": 67, "chunkLen": 67, "isStartTag": 1}}
06-28 17:20:37.905 19820 19833 E WProf.db: {"WprofHTMLTag": {"code": "0x9c9ed2f0", "doc": "http://searchengineland.com/way-early-adwords-holiday-testing-guide-256319", "row": 115, "column": 163, "tagName": "script", "time": 31507.699887, "url": "", "pos": 67, "chunkLen": 67, "isStartTag": 0}}
06-28 17:20:37.905 19820 19833 E WProf.db: {"WprofHTMLTag": {"code": "0x9c9ed350", "doc": "http://searchengineland.com/way-early-adwords-holiday-testing-guide-256319", "row": 0, "column": 111, "tagName": "div", "time": 31507.862019, "url": "", "pos": 111, "chunkLen": 117, "isStartTag": 1}}
06-28 17:20:37.905 19820 19833 E WProf.db: {"WprofHTMLTag": {"code": "0x9c9ed380", "doc": "http://searchengineland.com/way-early-adwords-holiday-testing-guide-256319", "row": 0, "column": 117, "tagName": "div", "time": 31507.862254, "url": "", "pos": 117, "chunkLen": 117, "isStartTag": 0}}
06-28 17:20:37.905 19820 19833 E WProf.db: {"WprofHTMLTag": {"code": "0x9c9ed710", "doc": "http://searchengineland.com/way-early-adwords-holiday-testing-guide-256319", "row": 116, "column": 155, "tagName": "script", "time": 31507.889364, "url": "http://searchengineland.com/figz/wp-content/themes/searchengineland/js/lib/jquery.ba-throttle-debounce.min.js?ver=1.1", "pos": 118, "chunkLen": 118, "isStartTag": 1}}
06-28 17:20:37.905 19820 19833 E WProf.db: {"WprofHTMLTag": {"code": "0x9c9ed740", "doc": "http://searchengineland.com/way-early-adwords-holiday-testing-guide-256319", "row": 116, "column": 164, "tagName": "script", "time": 31507.889635, "url": "", "pos": 118, "chunkLen": 118, "isStartTag": 0}}
06-28 17:20:37.905 19820 19833 E WProf.db: {"WprofHTMLTag": {"code": "0x9c9ed770", "doc": "http://searchengineland.com/way-early-adwords-holiday-testing-guide-256319", "row": 117, "column": 146, "tagName": "script", "time": 31507.890895, "url": "http://searchengineland.com/figz/wp-content/themes/searchengineland/js/lib/jquery.countdown.min.js?ver=2.0.4", "pos": 118, "chunkLen": 118, "isStartTag": 1}}
06-28 17:20:37.905 19820 19833 E WProf.db: {"WprofHTMLTag": {"code": "0x9c9ed7a0", "doc": "http://searchengineland.com/way-early-adwords-holiday-testing-guide-256319", "row": 117, "column": 155, "tagName": "script", "time": 31507.891149, "url": "", "pos": 118, "chunkLen": 118, "isStartTag": 0}}
06-28 17:20:37.905 19820 19833 E WProf.db: {"WprofHTMLTag": {"code": "0x9c9ed890", "doc": "http://searchengineland.com/way-early-adwords-holiday-testing-guide-256319", "row": 118, "column": 77, "tagName": "link", "time": 31507.894031, "url": "http://searchengineland.com/wp-json/", "pos": 118, "chunkLen": 118, "isStartTag": 1}}
06-28 17:20:37.905 19820 19833 E WProf.db: {"WprofHTMLTag": {"code": "0x9c9ed8c0", "doc": "http://searchengineland.com/way-early-adwords-holiday-testing-guide-256319", "row": 119, "column": 69, "tagName": "link", "time": 31507.894285, "url": "http://searchengineland.com/?p=256319", "pos": 118, "chunkLen": 118, "isStartTag": 1}}
