--------- beginning of main
06-28 10:21:57.483  3449  3449 E Finsky  : [1] com.google.android.finsky.wear.bl.a(3): onConnectionFailed: ConnectionResult{statusCode=API_UNAVAILABLE, resolution=null, message=null}
--------- beginning of system
06-28 10:21:58.658 29901 29901 E chromium: [ERROR:shell_integration_android.cc(12)] Not implemented reached in static ShellIntegration::DefaultWebClientSetPermission ShellIntegration::CanSetAsDefaultBrowser()
06-28 10:21:58.661 29901 29901 E chromium: [ERROR:browser_process_impl.cc(720)] Not implemented reached in virtual BackgroundModeManager* BrowserProcessImpl::background_mode_manager()
06-28 10:22:01.337 29901 29946 E chromium: [ERROR:gles2_cmd_decoder.cc(3852)] [.ChromiumCompositor-0xacbb2fc0]GL ERROR :GL_INVALID_ENUM : glDiscardFramebufferEXT: attachments was GL_COLOR_EXT
06-28 10:22:01.639 29968 29981 E WPROF   : {"CSS": {"url": "http://searchengineland.com/figz/wp-content/themes/searchengineland/css/searchengineland-bootstrap.css", "requestTime": 6398.694860}}
06-28 10:22:01.647 29968 29981 E WPROF   : {"CSS": {"url": "http://fonts.googleapis.com/css?family=Oswald:300,400,700", "requestTime": 6398.702551}}
06-28 10:22:01.651 29968 29981 E WPROF   : {"CSS": {"url": "http://searchengineland.com/figz/wp-content/themes/searchengineland/style.css", "requestTime": 6398.706316}}
06-28 10:22:01.660 29968 29981 E WPROF   : {"Javascript": {"url": "http://searchengineland.com/figz/wp-content/themes/searchengineland/js/lib/modernizr.custom.js?ver=1.0", "requestTime": 6398.715997}}
06-28 10:22:01.661 29968 29981 E WPROF   : {"Javascript": {"url": "http://searchengineland.com/figz/wp-content/themes/searchengineland/js/lib/jquery-1.11.0.min.js?ver=1.11.0", "requestTime": 6398.716646}}
06-28 10:22:01.662 29968 29981 E WPROF   : {"Javascript": {"url": "http://searchengineland.com/figz/wp-content/themes/searchengineland/js/lib/jquery-ui-1.10.3.custom.min.js?ver=1.10.3", "requestTime": 6398.717267}}
06-28 10:22:01.662 29968 29981 E WPROF   : {"Javascript": {"url": "http://searchengineland.com/figz/wp-content/themes/searchengineland/js/lib/jquery.ba-throttle-debounce.min.js?ver=1.1", "requestTime": 6398.717905}}
06-28 10:22:01.663 29968 29981 E WPROF   : {"Javascript": {"url": "http://searchengineland.com/figz/wp-content/themes/searchengineland/js/lib/jquery.countdown.min.js?ver=2.0.4", "requestTime": 6398.718456}}
06-28 10:22:01.663 29968 29981 E WPROF   : {"Javascript": {"url": "http://static.chartbeat.com/js/chartbeat_mab.js", "requestTime": 6398.719019}}
06-28 10:22:02.202 29968 29981 E WPROF   : {"Javascript": {"url": "http://searchengineland.com/figz/wp-includes/js/wp-emoji-release.min.js?ver=4.7.5", "requestTime": 6399.257384}}
06-28 10:22:02.488 29968 29981 E WPROF   : {"Javascript": {"url": "http://www.googletagservices.com/tag/js/gpt.js", "requestTime": 6399.544009}}
06-28 10:22:02.494 29968 29981 E WPROF   : {"Javascript": {"url": "https://www.google-analytics.com/analytics.js", "requestTime": 6399.549372}}
06-28 10:22:02.497 29968 29981 E WPROF   : {"Javascript": {"url": "http://edge.quantserve.com/quant.js", "requestTime": 6399.552521}}
06-28 10:22:02.499 29968 29981 E WPROF   : {"Javascript": {"url": "https://connect.facebook.net/en_US/fbevents.js", "requestTime": 6399.554397}}
06-28 10:22:02.580 29968 29981 E WPROF   : {"Javascript": {"url": "http://app-sj02.marketo.com/js/forms2/js/forms2.min.js", "requestTime": 6399.635910}}
06-28 10:22:02.605 29901 29946 E chromium: [ERROR:gles2_cmd_decoder.cc(3852)] [.ChromiumCompositor-0xacbb2fc0]GL ERROR :GL_INVALID_ENUM : glDiscardFramebufferEXT: attachments was GL_COLOR_EXT
06-28 10:22:02.686 29901 29946 E chromium: [ERROR:gles2_cmd_decoder.cc(3852)] [.ChromiumCompositor-0xacbb2fc0]GL ERROR :GL_INVALID_ENUM : glDiscardFramebufferEXT: attachments was GL_COLOR_EXT
06-28 10:22:02.713 29968 29981 E WPROF   : {"Javascript": {"url": "https://connect.facebook.net/signals/config/423979991297359?v=2.7.17", "requestTime": 6399.768710}}
06-28 10:22:02.917 29968 29981 E WPROF   : {"Javascript": {"url": "http://app-sj02.marketo.com/index.php/form/getForm?munchkinId=727-ZQE-044&form=5691&url=http%3A%2F%2Fsearchengineland.com%2Fwsj-siri-went-virtual-assistant-market-leader-laggard-276583&callback=jQuery110207389460485428572_1498612922799&_=1498612922800", "requestTime": 6399.972275}}
06-28 10:22:02.937 29968 29981 E WPROF   : {"Javascript": {"url": "http://app-sj02.marketo.com/index.php/form/getForm?munchkinId=727-ZQE-044&form=5685&url=http%3A%2F%2Fsearchengineland.com%2Fwsj-siri-went-virtual-assistant-market-leader-laggard-276583&callback=jQuery110207389460485428572_1498612922801&_=1498612922802", "requestTime": 6399.993171}}
06-28 10:22:03.018 29968 29981 E WPROF   : {"Javascript": {"url": "https://securepubads.g.doubleclick.net/gpt/pubads_impl_121.js", "requestTime": 6400.074023}}
06-28 10:22:03.209 29968 29981 E WPROF   : {"Javascript": {"url": "http://app-sj02.marketo.com/index.php/form/getForm?munchkinId=727-ZQE-044&form=5673&url=http%3A%2F%2Fsearchengineland.com%2Fwsj-siri-went-virtual-assistant-market-leader-laggard-276583&callback=jQuery110207389460485428572_1498612922803&_=1498612922804", "requestTime": 6400.264929}}
06-28 10:22:03.220 29968 29981 E WPROF   : {"Javascript": {"url": "http://searchengineland.com/js/ga_social_tracking.js", "requestTime": 6400.275622}}
06-28 10:22:03.224 29968 29981 E WPROF   : {"Javascript": {"url": "http://s7.addthis.com/js/300/addthis_widget.js#pubid=ra-53e918f660794f37", "requestTime": 6400.279477}}
06-28 10:22:03.281 29901 29946 E chromium: [ERROR:gles2_cmd_decoder.cc(3852)] [.ChromiumCompositor-0xacbb2fc0]GL ERROR :GL_INVALID_ENUM : glDiscardFramebufferEXT: attachments was GL_COLOR_EXT
06-28 10:22:03.675 29901 29946 E chromium: [ERROR:gles2_cmd_decoder.cc(3852)] [.ChromiumCompositor-0xacbb2fc0]GL ERROR :GL_INVALID_ENUM : glDiscardFramebufferEXT: attachments was GL_COLOR_EXT
06-28 10:22:04.112 29968 29981 E WPROF   : {"Javascript": {"url": "https://securepubads.g.doubleclick.net/gampad/ads?gdfp_req=1&correlator=4216890920534016&output=json_html&callback=googletag.impl.pubads.callbackProxy1&impl=fifs&json_a=1&eid=108809080%2C108809107%2C108809155&sc=0&sfv=1-0-9&iu_parts=1038259%2Csel-ciu-1%2Csel-ciu-2%2Csel-ciu-3%2Csel-ciu-4%2Csel-ciu-5", "requestTime": 6401.167693}}
06-28 10:22:04.185 29968 29981 E WPROF   : {"Javascript": {"url": "https://static.xx.fbcdn.net/rsrc.php/v3iy6L4/yk/l/ko_KR/be4fIjHRc8P.js", "requestTime": 6401.240977}}
06-28 10:22:04.619 29968 29981 E WPROF   : {"Javascript": {"url": "http://platform.twitter.com/widgets.js", "requestTime": 6401.675049}}
06-28 10:22:04.621 29968 29981 E WPROF   : {"Javascript": {"url": "http://connect.facebook.net/en_US/sdk.js", "requestTime": 6401.676788}}
06-28 10:22:04.623 29968 29981 E WPROF   : {"Javascript": {"url": "https://apis.google.com/js/platform.js", "requestTime": 6401.678612}}
06-28 10:22:04.637 29968 29981 E WPROF   : {"Javascript": {"url": "http://rules.quantcount.com/rules-p-5aGizvD82d9hk.js", "requestTime": 6401.692698}}
06-28 10:22:04.640 29968 29981 E WPROF   : {"Javascript": {"url": "http://munchkin.marketo.net/munchkin.js", "requestTime": 6401.695458}}
06-28 10:22:04.799 29968 29981 E WPROF   : {"Javascript": {"url": "http://cdn.api.twitter.com/1/users/show.json?screen_name=gsterling&callback=twttr.setFollowersCount", "requestTime": 6401.855205}}
06-28 10:22:04.915 29901 29946 E chromium: [ERROR:gles2_cmd_decoder.cc(3852)] [.ChromiumCompositor-0xacbb2fc0]GL ERROR :GL_INVALID_ENUM : glDiscardFramebufferEXT: attachments was GL_COLOR_EXT
06-28 10:22:05.030 29968 29981 E WPROF   : {"Javascript": {"url": "http://d2j3qa5nc37287.cloudfront.net/coupon_code1.js", "requestTime": 6402.085652}}
06-28 10:22:05.055 29968 29981 E WPROF   : {"Javascript": {"url": "http://www.googleadservices.com/pagead/conversion.js", "requestTime": 6402.111040}}
06-28 10:22:05.057 29968 29981 E WPROF   : {"Javascript": {"url": "http://searchengineland.com/figz/wp-content/themes/searchengineland/js/script.js?ver=1.0", "requestTime": 6402.112414}}
06-28 10:22:05.057 29968 29981 E WPROF   : {"Javascript": {"url": "http://searchengineland.com/figz/wp-includes/js/wp-embed.min.js?ver=4.7.5", "requestTime": 6402.112815}}
06-28 10:22:05.058 29968 29981 E WPROF   : {"Javascript": {"url": "http://searchengineland.com/figz/wp-content/themes/searchengineland/js/modules/sharing_controls.js", "requestTime": 6402.113555}}
06-28 10:22:05.082 29968 29981 E WPROF   : {"CSS": {"url": "https://www.youtube.com/yts/cssbin/www-embed-player-sprite-mode-vfl5G4Xm8.css", "requestTime": 6402.137998}}
06-28 10:22:05.084 29968 29981 E WPROF   : {"Javascript": {"url": "https://www.youtube.com/yts/jsbin/www-embed-player-vfl_UY_j8/www-embed-player.js", "requestTime": 6402.139296}}
06-28 10:22:05.084 29968 29981 E WPROF   : {"Javascript": {"url": "https://www.youtube.com/yts/jsbin/player-vflo1w4O-/ko_KR/base.js", "requestTime": 6402.139745}}
06-28 10:22:05.100 29901 29946 E chromium: [ERROR:gles2_cmd_decoder.cc(3852)] [.ChromiumCompositor-0xacbb2fc0]GL ERROR :GL_INVALID_ENUM : glDiscardFramebufferEXT: attachments was GL_COLOR_EXT
06-28 10:22:05.933 29968 29981 E WPROF   : {"Javascript": {"url": "http://m.addthisedge.com/live/boost/ra-53e918f660794f37/_ate.track.config_resp", "requestTime": 6402.988776}}
06-28 10:22:05.985 29968 29981 E WPROF   : {"Javascript": {"url": "http://m.addthis.com/live/red_lojson/300lo.json?si=595304bc8ad148fc&bkl=0&bl=1&pdt=1973&sid=595304bc8ad148fc&pub=ra-53e918f660794f37&rev=v7.15.4-wp&ln=ko&pc=men&cb=0&ab=-&dp=searchengineland.com&fp=wsj-siri-went-virtual-assistant-market-leader-laggard-276583&fr=&of=0&pd=0&irt=0&vcl=0&md=0&ct=1&tct=0", "requestTime": 6403.041185}}
06-28 10:22:06.055 29968 29981 E WPROF   : {"Javascript": {"url": "http://dnn506yrbagrg.cloudfront.net/pages/scripts/0026/4062.js?416281", "requestTime": 6403.110744}}
06-28 10:22:06.561 29901 29946 E chromium: [ERROR:gles2_cmd_decoder.cc(3852)] [.ChromiumCompositor-0xacbb2fc0]GL ERROR :GL_INVALID_ENUM : glDiscardFramebufferEXT: attachments was GL_COLOR_EXT
06-28 10:22:07.766 29968 29981 E WPROF   : {"Javascript": {"url": "https://www.google.com/js/bg/KWBfAnWFESAEEaKKgdYlTHY9ysQaNoQuzeMFqvxDSM8.js", "requestTime": 6404.822127}}
06-28 10:22:07.770 29968 29981 E WPROF   : {"Javascript": {"url": "https://static.doubleclick.net/instream/ad_status.js", "requestTime": 6404.826086}}
06-28 10:22:08.000 29901 29946 E chromium: [ERROR:gles2_cmd_decoder.cc(3852)] [.ChromiumCompositor-0xacbb2fc0]GL ERROR :GL_INVALID_ENUM : glDiscardFramebufferEXT: attachments was GL_COLOR_EXT
06-28 10:22:08.133 29901 29946 E chromium: [ERROR:gles2_cmd_decoder.cc(3852)] [.ChromiumCompositor-0xacbb2fc0]GL ERROR :GL_INVALID_ENUM : glDiscardFramebufferEXT: attachments was GL_COLOR_EXT
06-28 10:22:08.147 29968 29981 E WPROF   : {"CSS": {"url": "http://app-sj02.marketo.com/js/forms2/css/forms2.css", "requestTime": 6405.203107}}
06-28 10:22:08.152 29968 29981 E WPROF   : {"CSS": {"url": "http://app-sj02.marketo.com/js/forms2/css/forms2-theme-simple.css", "requestTime": 6405.207904}}
06-28 10:22:08.261 29968 29981 E WPROF   : {"Javascript": {"url": "https://tpc.googlesyndication.com/pagead/js/r20170619/r20110914/client/ext/m_window_focus_non_hydra.js", "requestTime": 6405.316889}}
06-28 10:22:08.263 29968 29981 E WPROF   : {"Javascript": {"url": "https://tpc.googlesyndication.com/pagead/js/r20170619/r20110914/activeview/osd_listener.js", "requestTime": 6405.318836}}
06-28 10:22:08.268 29968 29981 E WPROF   : {"Javascript": {"url": "http://pagead2.googlesyndication.com/pagead/osd.js", "requestTime": 6405.323550}}
06-28 10:22:08.353 29968 29981 E WPROF   : {"Javascript": {"url": "http://munchkin.marketo.net/151/munchkin.js", "requestTime": 6405.408713}}
06-28 10:22:08.537 29968 29981 E WPROF   : {"Javascript": {"url": "https://platform.twitter.com/js/button.b731e6c82269f70f6fc53634e044a4c6.js", "requestTime": 6405.592992}}
06-28 10:22:08.543 29968 29981 E WPROF   : {"Javascript": {"url": "http://www.justuno.com/ajax/account_version_check.html?id=828FA275-FF73-401E-AA39-40F5A6FAB6B1", "requestTime": 6405.598693}}
06-28 10:22:08.763 29968 29981 E WPROF   : {"Javascript": {"url": "http://s7.addthis.com/static/layers.4acb6c577b51939661ec.js", "requestTime": 6405.818215}}
06-28 10:22:09.131 29901 29946 E chromium: [ERROR:gles2_cmd_decoder.cc(3852)] [.ChromiumCompositor-0xacbb2fc0]GL ERROR :GL_INVALID_ENUM : glDiscardFramebufferEXT: attachments was GL_COLOR_EXT
06-28 10:22:09.709 29901 29946 E chromium: [ERROR:gles2_cmd_decoder.cc(3852)] [.ChromiumCompositor-0xacbb2fc0]GL ERROR :GL_INVALID_ENUM : glDiscardFramebufferEXT: attachments was GL_COLOR_EXT
06-28 10:22:10.162 29901 29946 E chromium: [ERROR:gles2_cmd_decoder.cc(3852)] [.ChromiumCompositor-0xacbb2fc0]GL ERROR :GL_INVALID_ENUM : glDiscardFramebufferEXT: attachments was GL_COLOR_EXT
06-28 10:22:11.921 29968 29981 E WPROF   : {"Javascript": {"url": "http://cdn.justuno.com/mwgt_3.6.js", "requestTime": 6408.976427}}
06-28 10:22:12.208 29901 29946 E chromium: [ERROR:gles2_cmd_decoder.cc(3852)] [.ChromiumCompositor-0xacbb2fc0]GL ERROR :GL_INVALID_ENUM : glDiscardFramebufferEXT: attachments was GL_COLOR_EXT
06-28 10:22:12.430 29901 29946 E chromium: [ERROR:gles2_cmd_decoder.cc(3852)] [.ChromiumCompositor-0xacbb2fc0]GL ERROR :GL_INVALID_ENUM : glDiscardFramebufferEXT: attachments was GL_COLOR_EXT
06-28 10:22:12.542 29901 29946 E chromium: [ERROR:gles2_cmd_decoder.cc(3852)] [.ChromiumCompositor-0xacbb2fc0]GL ERROR :GL_INVALID_ENUM : glDiscardFramebufferEXT: attachments was GL_COLOR_EXT
06-28 10:22:12.697 29901 29946 E chromium: [ERROR:gles2_cmd_decoder.cc(3852)] [.ChromiumCompositor-0xacbb2fc0]GL ERROR :GL_INVALID_ENUM : glDiscardFramebufferEXT: attachments was GL_COLOR_EXT
06-28 10:22:12.796 29901 29946 E chromium: [ERROR:gles2_cmd_decoder.cc(3852)] [.ChromiumCompositor-0xacbb2fc0]GL ERROR :GL_INVALID_ENUM : glDiscardFramebufferEXT: attachments was GL_COLOR_EXT
06-28 10:22:13.011 29901 29946 E chromium: [ERROR:gles2_cmd_decoder.cc(3852)] [.ChromiumCompositor-0xacbb2fc0]GL ERROR :GL_INVALID_ENUM : glDiscardFramebufferEXT: attachments was GL_COLOR_EXT
06-28 10:22:13.118 29968 29981 E WProf.db: {"page": "searchengineland.com_wsj-siri-went-virtual-assistant-market-leader-laggard-276583"}
06-28 10:22:13.118 29968 29981 E WProf.db: {"DOMLoad": 6410.173583}
06-28 10:22:13.118 29968 29981 E WProf.db: {"Resource": {"id": 1, "url": "http://searchengineland.com/wsj-siri-went-virtual-assistant-market-leader-laggard-276583", "sentTime": -1.000000, "len": 92921, "from": "0x0", "mimeType": "text/html", "contentLength": -1, "httpStatus": 200, "connId": 20, "connReused": 1, "cached": 0,"requestTime": 6398.314348, "proxyStart": -1, "proxyEnd": -1, "dnsStart": -1, "dnsEnd": -1, "connectStart": 0, "connectEnd": 80, "sendStart": 80, "sendEnd": 80, "receiveHeadersEnd": 243, "sslStart": -1, "sslEnd": -1}}
06-28 10:22:13.118 29968 29981 E WProf.db: {"ReceivedChunk": {"receivedTime": 6398.576984, "len": 12418}}
06-28 10:22:13.118 29968 29981 E WProf.db: {"ReceivedChunk": {"receivedTime": 6398.658853, "len": 32768}}
06-28 10:22:13.118 29968 29981 E WProf.db: {"ReceivedChunk": {"receivedTime": 6398.659194, "len": 24104}}
06-28 10:22:13.118 29968 29981 E WProf.db: {"ReceivedChunk": {"receivedTime": 6398.719701, "len": 23631}}
06-28 10:22:13.118 29968 29981 E WProf.db: {"WprofHTMLTag": {"code": "0xaedd5600", "doc": "http://searchengineland.com/wsj-siri-went-virtual-assistant-market-leader-laggard-276583", "row": 6, "column": 42, "tagName": "html", "time": 6398.661135, "url": "", "pos": 1, "chunkLen": 1, "isStartTag": 1}}
06-28 10:22:13.122 29968 29981 E WProf.db: {"WprofHTMLTag": {"code": "0xaf0477f0", "doc": "http://searchengineland.com/wsj-siri-went-virtual-assistant-market-leader-laggard-276583", "row": 7, "column": 6, "tagName": "head", "time": 6398.662152, "url": "", "pos": 1, "chunkLen": 1, "isStartTag": 1}}
06-28 10:22:13.122 29968 29981 E WProf.db: {"WprofHTMLTag": {"code": "0xaf047820", "doc": "http://searchengineland.com/wsj-siri-went-virtual-assistant-market-leader-laggard-276583", "row": 8, "column": 54, "tagName": "meta", "time": 6398.662344, "url": "", "pos": 1, "chunkLen": 1, "isStartTag": 1}}
06-28 10:22:13.122 29968 29981 E WProf.db: {"WprofHTMLTag": {"code": "0xaf047850", "doc": "http://searchengineland.com/wsj-siri-went-virtual-assistant-market-leader-laggard-276583", "row": 9, "column": 68, "tagName": "meta", "time": 6398.663017, "url": "", "pos": 1, "chunkLen": 1, "isStartTag": 1}}
06-28 10:22:13.122 29968 29981 E WProf.db: {"WprofHTMLTag": {"code": "0xaf047880", "doc": "http://searchengineland.com/wsj-siri-went-virtual-assistant-market-leader-laggard-276583", "row": 10, "column": 23, "tagName": "meta", "time": 6398.663563, "url": "", "pos": 1, "chunkLen": 1, "isStartTag": 1}}
06-28 10:22:13.122 29968 29981 E WProf.db: {"WprofHTMLTag": {"code": "0xaf0478b0", "doc": "http://searchengineland.com/wsj-siri-went-virtual-assistant-market-leader-laggard-276583", "row": 11, "column": 52, "tagName": "meta", "time": 6398.664215, "url": "", "pos": 1, "chunkLen": 1, "isStartTag": 1}}
06-28 10:22:13.122 29968 29981 E WProf.db: {"WprofHTMLTag": {"code": "0xaf0478e0", "doc": "http://searchengineland.com/wsj-siri-went-virtual-assistant-market-leader-laggard-276583", "row": 14, "column": 56, "tagName": "meta", "time": 6398.664871, "url": "", "pos": 1, "chunkLen": 1, "isStartTag": 1}}
06-28 10:22:13.122 29968 29981 E WProf.db: {"WprofHTMLTag": {"code": "0xaf047910", "doc": "http://searchengineland.com/wsj-siri-went-virtual-assistant-market-leader-laggard-276583", "row": 15, "column": 83, "tagName": "meta", "time": 6398.665482, "url": "", "pos": 1, "chunkLen": 1, "isStartTag": 1}}
06-28 10:22:13.122 29968 29981 E WProf.db: {"WprofHTMLTag": {"code": "0xaf047940", "doc": "http://searchengineland.com/wsj-siri-went-virtual-assistant-market-leader-laggard-276583", "row": 16, "column": 57, "tagName": "meta", "time": 6398.666030, "url": "", "pos": 1, "chunkLen": 1, "isStartTag": 1}}
06-28 10:22:13.122 29968 29981 E WProf.db: {"WprofHTMLTag": {"code": "0xaf0479d0", "doc": "http://searchengineland.com/wsj-siri-went-virtual-assistant-market-leader-laggard-276583", "row": 17, "column": 41, "tagName": "meta", "time": 6398.666578, "url": "", "pos": 1, "chunkLen": 1, "isStartTag": 1}}
06-28 10:22:13.123 29968 29981 E WProf.db: {"WprofHTMLTag": {"code": "0xaf047a00", "doc": "http://searchengineland.com/wsj-siri-went-virtual-assistant-market-leader-laggard-276583", "row": 18, "column": 50, "tagName": "meta", "time": 6398.667085, "url": "", "pos": 1, "chunkLen": 1, "isStartTag": 1}}
06-28 10:22:13.123 29968 29981 E WProf.db: {"WprofHTMLTag": {"code": "0xaf047a30", "doc": "http://searchengineland.com/wsj-siri-went-virtual-assistant-market-leader-laggard-276583", "row": 19, "column": 174, "tagName": "meta", "time": 6398.667626, "url": "", "pos": 1, "chunkLen": 1, "isStartTag": 1}}
06-28 10:22:13.123 29968 29981 E WProf.db: {"WprofHTMLTag": {"code": "0xaf0479a0", "doc": "http://searchengineland.com/wsj-siri-went-virtual-assistant-market-leader-laggard-276583", "row": 20, "column": 47, "tagName": "meta", "time": 6398.668150, "url": "", "pos": 1, "chunkLen": 1, "isStartTag": 1}}
06-28 10:22:13.123 29968 29981 E WProf.db: {"WprofHTMLTag": {"code": "0xaf047970", "doc": "http://searchengineland.com/wsj-siri-went-virtual-assistant-market-leader-laggard-276583", "row": 21, "column": 67, "tagName": "meta", "time": 6398.668680, "url": "", "pos": 1, "chunkLen": 1, "isStartTag": 1}}
06-28 10:22:13.123 29968 29981 E WProf.db: {"WprofHTMLTag": {"code": "0xaf047a60", "doc": "http://searchengineland.com/wsj-siri-went-virtual-assistant-market-leader-laggard-276583", "row": 22, "column": 57, "tagName": "meta", "time": 6398.669190, "url": "", "pos": 1, "chunkLen": 1, "isStartTag": 1}}
06-28 10:22:13.123 29968 29981 E WProf.db: {"WprofHTMLTag": {"code": "0xaf047a90", "doc": "http://searchengineland.com/wsj-siri-went-virtual-assistant-market-leader-laggard-276583", "row": 23, "column": 65, "tagName": "meta", "time": 6398.669729, "url": "", "pos": 1, "chunkLen": 1, "isStartTag": 1}}
06-28 10:22:13.123 29968 29981 E WProf.db: {"WprofHTMLTag": {"code": "0xaf047ac0", "doc": "http://searchengineland.com/wsj-siri-went-virtual-assistant-market-leader-laggard-276583", "row": 24, "column": 55, "tagName": "meta", "time": 6398.670361, "url": "", "pos": 1, "chunkLen": 1, "isStartTag": 1}}
06-28 10:22:13.123 29968 29981 E WProf.db: {"WprofHTMLTag": {"code": "0xaf047af0", "doc": "http://searchengineland.com/wsj-siri-went-virtual-assistant-market-leader-laggard-276583", "row": 25, "column": 71, "tagName": "meta", "time": 6398.670933, "url": "", "pos": 1, "chunkLen": 1, "isStartTag": 1}}
06-28 10:22:13.123 29968 29981 E WProf.db: {"WprofHTMLTag": {"code": "0xaf047b20", "doc": "http://searchengineland.com/wsj-siri-went-virtual-assistant-market-leader-laggard-276583", "row": 26, "column": 86, "tagName": "meta", "time": 6398.671474, "url": "", "pos": 1, "chunkLen": 1, "isStartTag": 1}}
06-28 10:22:13.123 29968 29981 E WProf.db: {"WprofHTMLTag": {"code": "0xaf047b50", "doc": "http://searchengineland.com/wsj-siri-went-virtual-assistant-market-leader-laggard-276583", "row": 27, "column": 54, "tagName": "meta", "time": 6398.672036, "url": "", "pos": 1, "chunkLen": 1, "isStartTag": 1}}
06-28 10:22:13.123 29968 29981 E WProf.db: {"WprofHTMLTag": {"code": "0xaf047b80", "doc": "http://searchengineland.com/wsj-siri-went-virtual-assistant-market-leader-laggard-276583", "row": 29, "column": 39, "tagName": "meta", "time": 6398.672612, "url": "", "pos": 1, "chunkLen": 1, "isStartTag": 1}}
06-28 10:22:13.123 29968 29981 E WProf.db: {"WprofHTMLTag": {"code": "0xaf047bb0", "doc": "http://searchengineland.com/wsj-siri-went-virtual-assistant-market-leader-laggard-276583", "row": 30, "column": 120, "tagName": "meta", "time": 6398.673222, "url": "", "pos": 1, "chunkLen": 1, "isStartTag": 1}}
06-28 10:22:13.123 29968 29981 E WProf.db: {"WprofHTMLTag": {"code": "0xaf047be0", "doc": "http://searchengineland.com/wsj-siri-went-virtual-assistant-market-leader-laggard-276583", "row": 31, "column": 55, "tagName": "meta", "time": 6398.673754, "url": "", "pos": 1, "chunkLen": 1, "isStartTag": 1}}
06-28 10:22:13.124 29968 29981 E WProf.db: {"WprofHTMLTag": {"code": "0xaf047c10", "doc": "http://searchengineland.com/wsj-siri-went-virtual-assistant-market-leader-laggard-276583", "row": 32, "column": 54, "tagName": "meta", "time": 6398.674317, "url": "", "pos": 1, "chunkLen": 1, "isStartTag": 1}}
06-28 10:22:13.124 29968 29981 E WProf.db: {"WprofHTMLTag": {"code": "0xaf047c40", "doc": "http://searchengineland.com/wsj-siri-went-virtual-assistant-market-leader-laggard-276583", "row": 33, "column": 141, "tagName": "meta", "time": 6398.674871, "url": "", "pos": 1, "chunkLen": 1, "isStartTag": 1}}
06-28 10:22:13.124 29968 29981 E WProf.db: {"WprofHTMLTag": {"code": "0xaf047c70", "doc": "http://searchengineland.com/wsj-siri-went-virtual-assistant-market-leader-laggard-276583", "row": 37, "column": 36, "tagName": "script", "time": 6398.675447, "url": "", "pos": 1, "chunkLen": 1, "isStartTag": 1}}
06-28 10:22:13.124 29968 29981 E WProf.db: {"WprofHTMLTag": {"code": "0xaf047ca0", "doc": "http://searchengineland.com/wsj-siri-went-virtual-assistant-market-leader-laggard-276583", "row": 53, "column": 10, "tagName": "script", "time": 6398.676658, "url": "", "pos": 1, "chunkLen": 1, "isStartTag": 0}}
06-28 10:22:13.124 29968 29981 E WProf.db: {"WprofHTMLTag": {"code": "0xaf047cd0", "doc": "http://searchengineland.com/wsj-siri-went-virtual-assistant-market-leader-laggard-276583", "row": 55, "column": 86, "tagName": "link", "time": 6398.679142, "url": "http://searchengineland.com/apple-touch-icon.png", "pos": 1, "chunkLen": 1, "isStartTag": 1}}
06-28 10:22:13.124 29968 29981 E WProf.db: {"WprofHTMLTag": {"code": "0xaf047d00", "doc": "http://searchengineland.com/wsj-siri-went-virtual-assistant-market-leader-laggard-276583", "row": 56, "column": 76, "tagName": "link", "time": 6398.686327, "url": "http://searchengineland.com/favicon.ico", "pos": 1, "chunkLen": 1, "isStartTag": 1}}
06-28 10:22:13.124 29968 29981 E WProf.db: {"WprofHTMLTag": {"code": "0xaf047d30", "doc": "http://searchengineland.com/wsj-siri-went-virtual-assistant-market-leader-laggard-276583", "row": 57, "column": 158, "tagName": "link", "time": 6398.687663, "url": "http://feeds.searchengineland.com/searchengineland", "pos": 1, "chunkLen": 1, "isStartTag": 1}}
06-28 10:22:13.124 29968 29981 E WProf.db: {"WprofHTMLTag": {"code": "0xaf047d60", "doc": "http://searchengineland.com/wsj-siri-went-virtual-assistant-market-leader-laggard-276583", "row": 58, "column": 149, "tagName": "link", "time": 6398.691218, "url": "http://feeds.searchengineland.com/searchcap", "pos": 1, "chunkLen": 1, "isStartTag": 1}}
06-28 10:22:13.124 29968 29981 E WProf.db: {"WprofHTMLTag": {"code": "0xaf047d90", "doc": "http://searchengineland.com/wsj-siri-went-virtual-assistant-market-leader-laggard-276583", "row": 59, "column": 150, "tagName": "link", "time": 6398.692866, "url": "http://searchengineland.com/figz/wp-content/themes/searchengineland/css/searchengineland-bootstrap.css", "pos": 1, "chunkLen": 1, "isStartTag": 1}}
06-28 10:22:13.124 29968 29981 E WProf.db: {"WprofHTMLTag": {"code": "0xaf047df0", "doc": "http://searchengineland.com/wsj-siri-went-virtual-assistant-market-leader-laggard-276583", "row": 60, "column": 105, "tagName": "link", "time": 6398.695940, "url": "http://fonts.googleapis.com/css?family=Oswald:300,400,700", "pos": 1, "chunkLen": 1, "isStartTag": 1}}
06-28 10:22:13.124 29968 29981 E WProf.db: {"WprofHTMLTag": {"code": "0xaf047e50", "doc": "http://searchengineland.com/wsj-siri-went-virtual-assistant-market-leader-laggard-276583", "row": 61, "column": 125, "tagName": "link", "time": 6398.704408, "url": "http://searchengineland.com/figz/wp-content/themes/searchengineland/style.css", "pos": 1, "chunkLen": 1, "isStartTag": 1}}
06-28 10:22:13.124 29968 29981 E WProf.db: {"WprofHTMLTag": {"code": "0xaf047eb0", "doc": "http://searchengineland.com/wsj-siri-went-virtual-assistant-market-leader-laggard-276583", "row": 65, "column": 7, "tagName": "title", "time": 6398.707446, "url": "", "pos": 1, "chunkLen": 1, "isStartTag": 1}}
06-28 10:22:13.124 29968 29981 E WProf.db: {"WprofHTMLTag": {"code": "0xaf047ee0", "doc": "http://searchengineland.com/wsj-siri-went-virtual-assistant-market-leader-laggard-276583", "row": 65, "column": 81, "tagName": "title", "time": 6398.707886, "url": "", "pos": 1, "chunkLen": 1, "isStartTag": 0}}
06-28 10:22:13.125 29968 29981 E WProf.db: {"WprofHTMLTag": {"code": "0xaf047f10", "doc": "http://searchengineland.com/wsj-siri-went-virtual-assistant-market-leader-laggard-276583", "row": 66, "column": 122, "tagName": "meta", "time": 6398.707966, "url": "", "pos": 1, "chunkLen": 1, "isStartTag": 1}}
06-28 10:22:13.125 29968 29981 E WProf.db: {"WprofHTMLTag": {"code": "0xaf047f40", "doc": "http://searchengineland.com/wsj-siri-went-virtual-assistant-market-leader-laggard-276583", "row": 67, "column": 40, "tagName": "meta", "time": 6398.708591, "url": "", "pos": 1, "chunkLen": 1, "isStartTag": 1}}
06-28 10:22:13.125 29968 29981 E WProf.db: {"WprofHTMLTag": {"code": "0xaf047f70", "doc": "http://searchengineland.com/wsj-siri-went-virtual-assistant-market-leader-laggard-276583", "row": 68, "column": 130, "tagName": "meta", "time": 6398.709063, "url": "", "pos": 1, "chunkLen": 1, "isStartTag": 1}}
06-28 10:22:13.125 29968 29981 E WProf.db: {"WprofHTMLTag": {"code": "0xaf047fa0", "doc": "http://searchengineland.com/wsj-siri-went-virtual-assistant-market-leader-laggard-276583", "row": 69, "column": 37, "tagName": "meta", "time": 6398.709549, "url": "", "pos": 1, "chunkLen": 1, "isStartTag": 1}}
06-28 10:22:13.125 29968 29981 E WProf.db: {"WprofHTMLTag": {"code": "0xaf047fd0", "doc": "http://searchengineland.com/wsj-siri-went-virtual-assistant-market-leader-laggard-276583", "row": 70, "column": 120, "tagName": "link", "time": 6398.710774, "url": "http://searchengineland.com/wsj-siri-went-virtual-assistant-market-leader-laggard-276583", "pos": 1, "chunkLen": 1, "isStartTag": 1}}
06-28 10:22:13.125 29968 29981 E WProf.db: {"WprofHTMLTag": {"code": "0xb4cc74b0", "doc": "http://searchengineland.com/wsj-siri-went-virtual-assistant-market-leader-laggard-276583", "row": 71, "column": 76, "tagName": "link", "time": 6398.711145, "url": "https://plus.google.com/103218677032751327334", "pos": 1, "chunkLen": 1, "isStartTag": 1}}
06-28 10:22:13.125 29968 29981 E WProf.db: {"WprofHTMLTag": {"code": "0xb4cc7540", "doc": "http://searchengineland.com/wsj-siri-went-virtual-assistant-market-leader-laggard-276583", "row": 72, "column": 45, "tagName": "meta", "time": 6398.711424, "url": "", "pos": 1, "chunkLen": 1, "isStartTag": 1}}
06-28 10:22:13.125 29968 29981 E WProf.db: {"WprofHTMLTag": {"code": "0xb4cc78a0", "doc": "http://searchengineland.com/wsj-siri-went-virtual-assistant-market-leader-laggard-276583", "row": 73, "column": 45, "tagName": "meta", "time": 6398.711583, "url": "", "pos": 1, "chunkLen": 1, "isStartTag": 1}}
06-28 10:22:13.125 29968 29981 E WProf.db: {"WprofHTMLTag": {"code": "0xb4cc78d0", "doc": "http://searchengineland.com/wsj-siri-went-virtual-assistant-market-leader-laggard-276583", "row": 74, "column": 105, "tagName": "meta", "time": 6398.711735, "url": "", "pos": 1, "chunkLen": 1, "isStartTag": 1}}
06-28 10:22:13.125 29968 29981 E WProf.db: {"WprofHTMLTag": {"code": "0xb4cc7900", "doc": "http://searchengineland.com/wsj-siri-went-virtual-assistant-market-leader-laggard-276583", "row": 75, "column": 130, "tagName": "meta", "time": 6398.711895, "url": "", "pos": 1, "chunkLen": 1, "isStartTag": 1}}
06-28 10:22:13.125 29968 29981 E WProf.db: {"WprofHTMLTag": {"code": "0xb4cc7930", "doc": "http://searchengineland.com/wsj-siri-went-virtual-assistant-market-leader-laggard-276583", "row": 76, "column": 125, "tagName": "meta", "time": 6398.712065, "url": "", "pos": 1, "chunkLen": 1, "isStartTag": 1}}
06-28 10:22:13.125 29968 29981 E WProf.db: {"WprofHTMLTag": {"code": "0xb4cc7960", "doc": "http://searchengineland.com/wsj-siri-went-virtual-assistant-market-leader-laggard-276583", "row": 77, "column": 61, "tagName": "meta", "time": 6398.712246, "url": "", "pos": 1, "chunkLen": 1, "isStartTag": 1}}
06-28 10:22:13.125 29968 29981 E WProf.db: {"WprofHTMLTag": {"code": "0xb4cc7990", "doc": "http://searchengineland.com/wsj-siri-went-virtual-assistant-market-leader-laggard-276583", "row": 78, "column": 89, "tagName": "meta", "time": 6398.712425, "url": "", "pos": 1, "chunkLen": 1, "isStartTag": 1}}
06-28 10:22:13.125 29968 29981 E WProf.db: {"WprofHTMLTag": {"code": "0xb4cc79c0", "doc": "http://searchengineland.com/wsj-siri-went-virtual-assistant-market-leader-laggard-276583", "row": 79, "column": 52, "tagName": "meta", "time": 6398.712595, "url": "", "pos": 1, "chunkLen": 1, "isStartTag": 1}}
06-28 10:22:13.126 29968 29981 E WProf.db: {"WprofHTMLTag": {"code": "0xb4cc79f0", "doc": "http://searchengineland.com/wsj-siri-went-virtual-assistant-market-leader-laggard-276583", "row": 80, "column": 78, "tagName": "meta", "time": 6398.712741, "url": "", "pos": 1, "chunkLen": 1, "isStartTag": 1}}
06-28 10:22:13.126 29968 29981 E WProf.db: {"WprofHTMLTag": {"code": "0xb4cc7a20", "doc": "http://searchengineland.com/wsj-siri-went-virtual-assistant-market-leader-laggard-276583", "row": 81, "column": 77, "tagName": "meta", "time": 6398.712888, "url": "", "pos": 1, "chunkLen": 1, "isStartTag": 1}}
06-28 10:22:13.126 29968 29981 E WProf.db: {"WprofHTMLTag": {"code": "0xb4cc7a50", "doc": "http://searchengineland.com/wsj-siri-went-virtual-assistant-market-leader-laggard-276583", "row": 82, "column": 71, "tagName": "meta", "time": 6398.713037, "url": "", "pos": 1, "chunkLen": 1, "isStartTag": 1}}
06-28 10:22:13.126 29968 29981 E WProf.db: {"WprofHTMLTag": {"code": "0xb4cc7a80", "doc": "http://searchengineland.com/wsj-siri-went-virtual-assistant-market-leader-laggard-276583", "row": 83, "column": 135, "tagName": "meta", "time": 6398.713191, "url": "", "pos": 1, "chunkLen": 1, "isStartTag": 1}}
06-28 10:22:13.126 29968 29981 E WProf.db: {"WprofHTMLTag": {"code": "0xb4cc7ab0", "doc": "http://searchengineland.com/wsj-siri-went-virtual-assistant-market-leader-laggard-276583", "row": 84, "column": 49, "tagName": "meta", "time": 6398.713347, "url": "", "pos": 1, "chunkLen": 1, "isStartTag": 1}}
06-28 10:22:13.126 29968 29981 E WProf.db: {"WprofHTMLTag": {"code": "0xb4cc7ae0", "doc": "http://searchengineland.com/wsj-siri-went-virtual-assistant-market-leader-laggard-276583", "row": 85, "column": 50, "tagName": "meta", "time": 6398.713497, "url": "", "pos": 1, "chunkLen": 1, "isStartTag": 1}}
06-28 10:22:13.126 29968 29981 E WProf.db: {"WprofHTMLTag": {"code": "0xb4cc7b10", "doc": "http://searchengineland.com/wsj-siri-went-virtual-assistant-market-leader-laggard-276583", "row": 86, "column": 58, "tagName": "meta", "time": 6398.713643, "url": "", "pos": 1, "chunkLen": 1, "isStartTag": 1}}
06-28 10:22:13.126 29968 29981 E WProf.db: {"WprofHTMLTag": {"code": "0xb4cc7b40", "doc": "http://searchengineland.com/wsj-siri-went-virtual-assistant-market-leader-laggard-276583", "row": 87, "column": 131, "tagName": "meta", "time": 6398.713793, "url": "", "pos": 1, "chunkLen": 1, "isStartTag": 1}}
06-28 10:22:13.126 29968 29981 E WProf.db: {"WprofHTMLTag": {"code": "0xb4cc7b70", "doc": "http://searchengineland.com/wsj-siri-went-virtual-assistant-market-leader-laggard-276583", "row": 88, "column": 106, "tagName": "meta", "time": 6398.713935, "url": "", "pos": 1, "chunkLen": 1, "isStartTag": 1}}
06-28 10:22:13.126 29968 29981 E WProf.db: {"WprofHTMLTag": {"code": "0xb4cc7ba0", "doc": "http://searchengineland.com/wsj-siri-went-virtual-assistant-market-leader-laggard-276583", "row": 89, "column": 51, "tagName": "meta", "time": 6398.714089, "url": "", "pos": 1, "chunkLen": 1, "isStartTag": 1}}
06-28 10:22:13.126 29968 29981 E WProf.db: {"WprofHTMLTag": {"code": "0xb4cc7bd0", "doc": "http://searchengineland.com/wsj-siri-went-virtual-assistant-market-leader-laggard-276583", "row": 90, "column": 136, "tagName": "meta", "time": 6398.714257, "url": "", "pos": 1, "chunkLen": 1, "isStartTag": 1}}
06-28 10:22:13.126 29968 29981 E WProf.db: {"WprofHTMLTag": {"code": "0xb4cc7c00", "doc": "http://searchengineland.com/wsj-siri-went-virtual-assistant-market-leader-laggard-276583", "row": 91, "column": 52, "tagName": "meta", "time": 6398.714496, "url": "", "pos": 1, "chunkLen": 1, "isStartTag": 1}}
06-28 10:22:13.126 29968 29981 E WProf.db: {"WprofHTMLTag": {"code": "0xb4cc7c30", "doc": "http://searchengineland.com/wsj-siri-went-virtual-assistant-market-leader-laggard-276583", "row": 94, "column": 44, "tagName": "link", "time": 6398.714686, "url": "http://s.w.org/", "pos": 1, "chunkLen": 1, "isStartTag": 1}}
06-28 10:22:13.126 29968 29981 E WProf.db: {"WprofHTMLTag": {"code": "0xb4cc7c60", "doc": "http://searchengineland.com/wsj-siri-went-virtual-assistant-market-leader-laggard-276583", "row": 95, "column": 33, "tagName": "script", "time": 6398.715018, "url": "", "pos": 1, "chunkLen": 1, "isStartTag": 1}}
06-28 10:22:13.127 29968 29981 E WProf.db: {"WprofHTMLTag": {"code": "0xb4cc7c90", "doc": "http://searchengineland.com/wsj-siri-went-virtual-assistant-market-leader-laggard-276583", "row": 98, "column": 11, "tagName": "script", "time": 6398.715283, "url": "http://searchengineland.com/figz/wp-includes/js/wp-emoji-release.min.js?ver=4.7.5", "pos": 1, "chunkLen": 1, "isStartTag": 0}}
06-28 10:22:13.127 29968 29981 E WProf.db: {"WprofHTMLTag": {"code": "0x9eb67990", "doc": "http://searchengineland.com/wsj-siri-went-virtual-assistant-market-leader-laggard-276583", "row": 99, "column": 25, "tagName": "style", "time": 6399.258312, "url": "", "pos": 1, "chunkLen": 1, "isStartTag": 1}}
06-28 10:22:13.127 29968 29981 E WProf.db: {"WprofHTMLTag": {"code": "0x9eb679c0", "doc": "http://searchengineland.com/wsj-siri-went-virtual-assistant-market-leader-laggard-276583", "row": 112, "column": 8, "tagName": "style", "time": 6399.258568, "url": "", "pos": 1, "chunkLen": 1, "isStartTag": 0}}
06-28 10:22:13.127 29968 29981 E WProf.db: {"WprofHTMLTag": {"code": "0x9eb679f0", "doc": "http://searchengineland.com/wsj-siri-went-virtual-assistant-market-leader-laggard-276583", "row": 113, "column": 140, "tagName": "script", "time": 6399.260828, "url": "http://searchengineland.com/figz/wp-content/themes/searchengineland/js/lib/modernizr.custom.js?ver=1.0", "pos": 1, "chunkLen": 1, "isStartTag": 1}}
06-28 10:22:13.127 29968 29981 E WProf.db: {"WprofHTMLTag": {"code": "0x9eb67a20", "doc": "http://searchengineland.com/wsj-siri-went-virtual-assistant-market-leader-laggard-276583", "row": 113, "column": 149, "tagName": "script", "time": 6399.261072, "url": "", "pos": 1, "chunkLen": 1, "isStartTag": 0}}
06-28 10:22:13.127 29968 29981 E WProf.db: {"WprofHTMLTag": {"code": "0x9eb67ab0", "doc": "http://searchengineland.com/wsj-siri-went-virtual-assistant-market-leader-laggard-276583", "row": 114, "column": 144, "tagName": "script", "time": 6399.268486, "url": "http://searchengineland.com/figz/wp-content/themes/searchengineland/js/lib/jquery-1.11.0.min.js?ver=1.11.0", "pos": 1, "chunkLen": 1, "isStartTag": 1}}
06-28 10:22:13.127 29968 29981 E WProf.db: {"WprofHTMLTag": {"code": "0x9eb67ae0", "doc": "http://searchengineland.com/wsj-siri-went-virtual-assistant-market-leader-laggard-276583", "row": 114, "column": 153, "tagName": "script", "time": 6399.268749, "url": "", "pos": 1, "chunkLen": 1, "isStartTag": 0}}
06-28 10:22:13.127 29968 29981 E WProf.db: {"WprofHTMLTag": {"code": "0xaedd5de0", "doc": "http://searchengineland.com/wsj-siri-went-virtual-assistant-market-leader-laggard-276583", "row": 0, "column": 15, "tagName": "div", "time": 6399.334765, "url": "", "pos": 15, "chunkLen": 44, "isStartTag": 1}}
06-28 10:22:13.134 29968 29981 E WProf.db: {"WprofHTMLTag": {"code": "0xaedd5db0", "doc": "http://searchengineland.com/wsj-siri-went-virtual-assistant-market-leader-laggard-276583", "row": 0, "column": 21, "tagName": "div", "time": 6399.334899, "url": "", "pos": 21, "chunkLen": 44, "isStartTag": 0}}
06-28 10:22:13.134 29968 29981 E WProf.db: {"WprofHTMLTag": {"code": "0xaedd5ae0", "doc": "http://searchengineland.com/wsj-siri-went-virtual-assistant-market-leader-laggard-276583", "row": 0, "column": 38, "tagName": "div", "time": 6399.334961, "url": "", "pos": 38, "chunkLen": 44, "isStartTag": 1}}
06-28 10:22:13.135 29968 29981 E WProf.db: {"WprofHTMLTag": {"code": "0xaedd5d80", "doc": "http://searchengineland.com/wsj-siri-went-virtual-assistant-market-leader-laggard-276583", "row": 0, "column": 44, "tagName": "div", "time": 6399.335071, "url": "", "pos": 44, "chunkLen": 44, "isStartTag": 0}}
06-28 10:22:13.135 29968 29981 E WProf.db: {"WprofHTMLTag": {"code": "0xaedd5d50", "doc": "http://searchengineland.com/wsj-siri-went-virtual-assistant-market-leader-laggard-276583", "row": 0, "column": 13, "tagName": "select", "time": 6399.338872, "url": "", "pos": 13, "chunkLen": 51, "isStartTag": 1}}
06-28 10:22:13.135 29968 29981 E WProf.db: {"WprofHTMLTag": {"code": "0x9eb67b40", "doc": "http://searchengineland.com/wsj-siri-went-virtual-assistant-market-leader-laggard-276583", "row": 0, "column": 33, "tagName": "option", "time": 6399.339089, "url": "", "pos": 33, "chunkLen": 51, "isStartTag": 1}}
06-28 10:22:13.135 29968 29981 E WProf.db: {"WprofHTMLTag": {"code": "0x9eb67b70", "doc": "http://searchengineland.com/wsj-siri-went-virtual-assistant-market-leader-laggard-276583", "row": 0, "column": 42, "tagName": "option", "time": 6399.339279, "url": "", "pos": 42, "chunkLen": 51, "isStartTag": 0}}
06-28 10:22:13.135 29968 29981 E WProf.db: {"WprofHTMLTag": {"code": "0x9eb67ba0", "doc": "http://searchengineland.com/wsj-siri-went-virtual-assistant-market-leader-laggard-276583", "row": 0, "column": 51, "tagName": "select", "time": 6399.339334, "url": "", "pos": 51, "chunkLen": 51, "isStartTag": 0}}
06-28 10:22:13.135 29968 29981 E WProf.db: {"WprofHTMLTag": {"code": "0x9eb67bd0", "doc": "http://searchengineland.com/wsj-siri-went-virtual-assistant-market-leader-laggard-276583", "row": 0, "column": 12, "tagName": "a", "time": 6399.344704, "url": "", "pos": 12, "chunkLen": 16, "isStartTag": 1}}
06-28 10:22:13.135 29968 29981 E WProf.db: {"WprofHTMLTag": {"code": "0x9eb67c00", "doc": "http://searchengineland.com/wsj-siri-went-virtual-assistant-market-leader-laggard-276583", "row": 0, "column": 16, "tagName": "a", "time": 6399.344890, "url": "", "pos": 16, "chunkLen": 16, "isStartTag": 0}}
06-28 10:22:13.135 29968 29981 E WProf.db: {"WprofHTMLTag": {"code": "0x9eb67c30", "doc": "http://searchengineland.com/wsj-siri-went-virtual-assistant-market-leader-laggard-276583", "row": 0, "column": 8, "tagName": "input", "time": 6399.346077, "url": "", "pos": 8, "chunkLen": 8, "isStartTag": 1}}
06-28 10:22:13.135 29968 29981 E WProf.db: {"WprofHTMLTag": {"code": "0x9eb67c60", "doc": "http://searchengineland.com/wsj-siri-went-virtual-assistant-market-leader-laggard-276583", "row": 0, "column": 9, "tagName": "link", "time": 6399.356235, "url": "", "pos": 9, "chunkLen": 42, "isStartTag": 1}}
06-28 10:22:13.135 29968 29981 E WProf.db: {"WprofHTMLTag": {"code": "0x9eb67c90", "doc": "http://searchengineland.com/wsj-siri-went-virtual-assistant-market-leader-laggard-276583", "row": 0, "column": 16, "tagName": "table", "time": 6399.356352, "url": "", "pos": 16, "chunkLen": 42, "isStartTag": 1}}
06-28 10:22:13.135 29968 29981 E WProf.db: {"WprofHTMLTag": {"code": "0x9eb67cc0", "doc": "http://searchengineland.com/wsj-siri-went-virtual-assistant-market-leader-laggard-276583", "row": 0, "column": 24, "tagName": "table", "time": 6399.356468, "url": "", "pos": 24, "chunkLen": 42, "isStartTag": 0}}
06-28 10:22:13.135 29968 29981 E WProf.db: {"WprofHTMLTag": {"code": "0x9eb67cf0", "doc": "http://searchengineland.com/wsj-siri-went-virtual-assistant-market-leader-laggard-276583", "row": 0, "column": 37, "tagName": "a", "time": 6399.356535, "url": "", "pos": 37, "chunkLen": 42, "isStartTag": 1}}
06-28 10:22:13.135 29968 29981 E WProf.db: {"WprofHTMLTag": {"code": "0x9eb67d20", "doc": "http://searchengineland.com/wsj-siri-went-virtual-assistant-market-leader-laggard-276583", "row": 0, "column": 42, "tagName": "a", "time": 6399.356709, "url": "", "pos": 42, "chunkLen": 42, "isStartTag": 0}}
06-28 10:22:13.135 29968 29981 E WProf.db: {"WprofHTMLTag": {"code": "0x9eb67db0", "doc": "http://searchengineland.com/wsj-siri-went-virtual-assistant-market-leader-laggard-276583", "row": 0, "column": 10, "tagName": "textarea", "time": 6399.357864, "url": "", "pos": 10, "chunkLen": 22, "isStartTag": 1}}
06-28 10:22:13.136 29968 29981 E WProf.db: {"WprofHTMLTag": {"code": "0x9eb67de0", "doc": "http://searchengineland.com/wsj-siri-went-virtual-assistant-market-leader-laggard-276583", "row": 0, "column": 22, "tagName": "textarea", "time": 6399.358074, "url": "", "pos": 22, "chunkLen": 22, "isStartTag": 0}}
06-28 10:22:13.136 29968 29981 E WProf.db: {"WprofHTMLTag": {"code": "0x9eb67e10", "doc": "http://searchengineland.com/wsj-siri-went-virtual-assistant-market-leader-laggard-276583", "row": 0, "column": 48, "tagName": "input", "time": 6399.359138, "url": "", "pos": 48, "chunkLen": 48, "isStartTag": 1}}
06-28 10:22:13.136 29968 29981 E WProf.db: {"WprofHTMLTag": {"code": "0x9eb67e70", "doc": "http://searchengineland.com/wsj-siri-went-virtual-assistant-market-leader-laggard-276583", "row": 0, "column": 9, "tagName": "link", "time": 6399.363371, "url": "", "pos": 9, "chunkLen": 66, "isStartTag": 1}}
06-28 10:22:13.136 29968 29981 E WProf.db: {"WprofHTMLTag": {"code": "0x9eb67ea0", "doc": "http://searchengineland.com/wsj-siri-went-virtual-assistant-market-leader-laggard-276583", "row": 0, "column": 16, "tagName": "table", "time": 6399.363521, "url": "", "pos": 16, "chunkLen": 66, "isStartTag": 1}}
06-28 10:22:13.136 29968 29981 E WProf.db: {"WprofHTMLTag": {"code": "0x9eb67ed0", "doc": "http://searchengineland.com/wsj-siri-went-virtual-assistant-market-leader-laggard-276583", "row": 0, "column": 24, "tagName": "table", "time": 6399.363596, "url": "", "pos": 24, "chunkLen": 66, "isStartTag": 0}}
06-28 10:22:13.136 29968 29981 E WProf.db: {"WprofHTMLTag": {"code": "0x9eb67f00", "doc": "http://searchengineland.com/wsj-siri-went-virtual-assistant-market-leader-laggard-276583", "row": 0, "column": 37, "tagName": "a", "time": 6399.363657, "url": "", "pos": 37, "chunkLen": 66, "isStartTag": 1}}
06-28 10:22:13.136 29968 29981 E WProf.db: {"WprofHTMLTag": {"code": "0x9eb67f30", "doc": "http://searchengineland.com/wsj-siri-went-virtual-assistant-market-leader-laggard-276583", "row": 0, "column": 42, "tagName": "a", "time": 6399.363834, "url": "", "pos": 42, "chunkLen": 66, "isStartTag": 0}}
06-28 10:22:13.136 29968 29981 E WProf.db: {"WprofHTMLTag": {"code": "0x9eb67f60", "doc": "http://searchengineland.com/wsj-siri-went-virtual-assistant-market-leader-laggard-276583", "row": 0, "column": 66, "tagName": "input", "time": 6399.363896, "url": "", "pos": 66, "chunkLen": 66, "isStartTag": 1}}
06-28 10:22:13.136 29968 29981 E WProf.db: {"WprofHTMLTag": {"code": "0x9eb67ff0", "doc": "http://searchengineland.com/wsj-siri-went-virtual-assistant-market-leader-laggard-276583", "row": 0, "column": 9, "tagName": "link", "time": 6399.365557, "url": "", "pos": 9, "chunkLen": 66, "isStartTag": 1}}
06-28 10:22:13.136 29968 29981 E WProf.db: {"WprofHTMLTag": {"code": "0x9eb68020", "doc": "http://searchengineland.com/wsj-siri-went-virtual-assistant-market-leader-laggard-276583", "row": 0, "column": 16, "tagName": "table", "time": 6399.365677, "url": "", "pos": 16, "chunkLen": 66, "isStartTag": 1}}
06-28 10:22:13.136 29968 29981 E WProf.db: {"WprofHTMLTag": {"code": "0x9eb68050", "doc": "http://searchengineland.com/wsj-siri-went-virtual-assistant-market-leader-laggard-276583", "row": 0, "column": 24, "tagName": "table", "time": 6399.365744, "url": "", "pos": 24, "chunkLen": 66, "isStartTag": 0}}
06-28 10:22:13.136 29968 29981 E WProf.db: {"WprofHTMLTag": {"code": "0x9eb68080", "doc": "http://searchengineland.com/wsj-siri-went-virtual-assistant-market-leader-laggard-276583", "row": 0, "column": 37, "tagName": "a", "time": 6399.365800, "url": "", "pos": 37, "chunkLen": 66, "isStartTag": 1}}
06-28 10:22:13.136 29968 29981 E WProf.db: {"WprofHTMLTag": {"code": "0x9eb680b0", "doc": "http://searchengineland.com/wsj-siri-went-virtual-assistant-market-leader-laggard-276583", "row": 0, "column": 42, "tagName": "a", "time": 6399.365969, "url": "", "pos": 42, "chunkLen": 66, "isStartTag": 0}}
06-28 10:22:13.136 29968 29981 E WProf.db: {"WprofHTMLTag": {"code": "0x9eb680e0", "doc": "http://searchengineland.com/wsj-siri-went-virtual-assistant-market-leader-laggard-276583", "row": 0, "column": 66, "tagName": "input", "time": 6399.366028, "url": "", "pos": 66, "chunkLen": 66, "isStartTag": 1}}
06-28 10:22:13.137 29968 29981 E WProf.db: {"WprofHTMLTag": {"code": "0x9eb68140", "doc": "http://searchengineland.com/wsj-siri-went-virtual-assistant-market-leader-laggard-276583", "row": 0, "column": 9, "tagName": "link", "time": 6399.369917, "url": "", "pos": 9, "chunkLen": 66, "isStartTag": 1}}
06-28 10:22:13.137 29968 29981 E WProf.db: {"WprofHTMLTag": {"code": "0x9eb68170", "doc": "http://searchengineland.com/wsj-siri-went-virtual-assistant-market-leader-laggard-276583", "row": 0, "column": 16, "tagName": "table", "time": 6399.370061, "url": "", "pos": 16, "chunkLen": 66, "isStartTag": 1}}
06-28 10:22:13.137 29968 29981 E WProf.db: {"WprofHTMLTag": {"code": "0x9eb681a0", "doc": "http://searchengineland.com/wsj-siri-went-virtual-assistant-market-leader-laggard-276583", "row": 0, "column": 24, "tagName": "table", "time": 6399.370128, "url": "", "pos": 24, "chunkLen": 66, "isStartTag": 0}}
06-28 10:22:13.137 29968 29981 E WProf.db: {"WprofHTMLTag": {"code": "0x9eb681d0", "doc": "http://searchengineland.com/wsj-siri-went-virtual-assistant-market-leader-laggard-276583", "row": 0, "column": 37, "tagName": "a", "time": 6399.370193, "url": "", "pos": 37, "chunkLen": 66, "isStartTag": 1}}
06-28 10:22:13.137 29968 29981 E WProf.db: {"WprofHTMLTag": {"code": "0x9eb68200", "doc": "http://searchengineland.com/wsj-siri-went-virtual-assistant-market-leader-laggard-276583", "row": 0, "column": 42, "tagName": "a", "time": 6399.370354, "url": "", "pos": 42, "chunkLen": 66, "isStartTag": 0}}
06-28 10:22:13.137 29968 29981 E WProf.db: {"WprofHTMLTag": {"code": "0x9eb68230", "doc": "http://searchengineland.com/wsj-siri-went-virtual-assistant-market-leader-laggard-276583", "row": 0, "column": 66, "tagName": "input", "time": 6399.370420, "url": "", "pos": 66, "chunkLen": 66, "isStartTag": 1}}
06-28 10:22:13.137 29968 29981 E WProf.db: {"WprofHTMLTag": {"code": "0x9eb67a80", "doc": "http://searchengineland.com/wsj-siri-went-virtual-assistant-market-leader-laggard-276583", "row": 115, "column": 154, "tagName": "script", "time": 6399.383650, "url": "http://searchengineland.com/figz/wp-content/themes/searchengineland/js/lib/jquery-ui-1.10.3.custom.min.js?ver=1.10.3", "pos": 67, "chunkLen": 67, "isStartTag": 1}}
06-28 10:22:13.137 29968 29981 E WProf.db: {"WprofHTMLTag": {"code": "0x9eb68350", "doc": "http://searchengineland.com/wsj-siri-went-virtual-assistant-market-leader-laggard-276583", "row": 115, "column": 163, "tagName": "script", "time": 6399.383908, "url": "", "pos": 67, "chunkLen": 67, "isStartTag": 0}}
06-28 10:22:13.137 29968 29981 E WProf.db: {"WprofHTMLTag": {"code": "0xaedd5b70", "doc": "http://searchengineland.com/wsj-siri-went-virtual-assistant-market-leader-laggard-276583", "row": 0, "column": 111, "tagName": "div", "time": 6399.507115, "url": "", "pos": 111, "chunkLen": 117, "isStartTag": 1}}
