--------- beginning of main
06-28 17:21:37.748  3449  3449 E Finsky  : [1] com.google.android.finsky.wear.bl.a(3): onConnectionFailed: ConnectionResult{statusCode=API_UNAVAILABLE, resolution=null, message=null}
--------- beginning of system
06-28 17:21:38.832 20222 20222 E chromium: [ERROR:shell_integration_android.cc(12)] Not implemented reached in static ShellIntegration::DefaultWebClientSetPermission ShellIntegration::CanSetAsDefaultBrowser()
06-28 17:21:38.836 20222 20222 E chromium: [ERROR:browser_process_impl.cc(720)] Not implemented reached in virtual BackgroundModeManager* BrowserProcessImpl::background_mode_manager()
06-28 17:21:39.199  3218 17103 E AudioRecord-JNI: Error -4 during AudioRecord native read
06-28 17:21:41.623 20222 20273 E chromium: [ERROR:gles2_cmd_decoder.cc(3852)] [.ChromiumCompositor-0xacbb2fc0]GL ERROR :GL_INVALID_ENUM : glDiscardFramebufferEXT: attachments was GL_COLOR_EXT
06-28 17:21:41.894 20296 20308 E WPROF   : {"CSS": {"url": "http://searchengineland.com/figz/wp-content/themes/searchengineland/css/searchengineland-bootstrap.css", "requestTime": 31578.949388}}
06-28 17:21:41.896 20296 20308 E WPROF   : {"CSS": {"url": "http://fonts.googleapis.com/css?family=Oswald:300,400,700", "requestTime": 31578.951238}}
06-28 17:21:41.897 20296 20308 E WPROF   : {"CSS": {"url": "http://searchengineland.com/figz/wp-content/themes/searchengineland/style.css", "requestTime": 31578.952741}}
06-28 17:21:41.905 20296 20308 E WPROF   : {"Javascript": {"url": "http://searchengineland.com/figz/wp-content/themes/searchengineland/js/lib/modernizr.custom.js?ver=1.0", "requestTime": 31578.960875}}
06-28 17:21:41.907 20296 20308 E WPROF   : {"Javascript": {"url": "http://searchengineland.com/figz/wp-content/themes/searchengineland/js/lib/jquery-1.11.0.min.js?ver=1.11.0", "requestTime": 31578.962220}}
06-28 17:21:41.910 20296 20308 E WPROF   : {"Javascript": {"url": "http://searchengineland.com/figz/wp-content/themes/searchengineland/js/lib/jquery-ui-1.10.3.custom.min.js?ver=1.10.3", "requestTime": 31578.965906}}
06-28 17:21:41.911 20296 20308 E WPROF   : {"Javascript": {"url": "http://searchengineland.com/figz/wp-content/themes/searchengineland/js/lib/jquery.ba-throttle-debounce.min.js?ver=1.1", "requestTime": 31578.966958}}
06-28 17:21:41.912 20296 20308 E WPROF   : {"Javascript": {"url": "http://searchengineland.com/figz/wp-content/themes/searchengineland/js/lib/jquery.countdown.min.js?ver=2.0.4", "requestTime": 31578.967423}}
06-28 17:21:41.912 20296 20308 E WPROF   : {"Javascript": {"url": "http://static.chartbeat.com/js/chartbeat_mab.js", "requestTime": 31578.967936}}
06-28 17:21:42.516 20296 20308 E WPROF   : {"Javascript": {"url": "http://searchengineland.com/figz/wp-includes/js/wp-emoji-release.min.js?ver=4.7.5", "requestTime": 31579.571988}}
06-28 17:21:42.829 20296 20308 E WPROF   : {"Javascript": {"url": "http://www.googletagservices.com/tag/js/gpt.js", "requestTime": 31579.884079}}
06-28 17:21:42.835 20296 20308 E WPROF   : {"Javascript": {"url": "https://www.google-analytics.com/analytics.js", "requestTime": 31579.890298}}
06-28 17:21:42.837 20296 20308 E WPROF   : {"Javascript": {"url": "http://edge.quantserve.com/quant.js", "requestTime": 31579.893105}}
06-28 17:21:42.840 20296 20308 E WPROF   : {"Javascript": {"url": "https://connect.facebook.net/en_US/fbevents.js", "requestTime": 31579.896128}}
06-28 17:21:42.926 20222 20273 E chromium: [ERROR:gles2_cmd_decoder.cc(3852)] [.ChromiumCompositor-0xacbb2fc0]GL ERROR :GL_INVALID_ENUM : glDiscardFramebufferEXT: attachments was GL_COLOR_EXT
06-28 17:21:42.955 20296 20308 E WPROF   : {"Javascript": {"url": "http://app-sj02.marketo.com/js/forms2/js/forms2.min.js", "requestTime": 31580.010697}}
06-28 17:21:43.079 20296 20308 E WPROF   : {"Javascript": {"url": "https://connect.facebook.net/signals/config/423979991297359?v=2.7.17", "requestTime": 31580.134267}}
06-28 17:21:43.082 20222 20273 E chromium: [ERROR:gles2_cmd_decoder.cc(3852)] [.ChromiumCompositor-0xacbb2fc0]GL ERROR :GL_INVALID_ENUM : glDiscardFramebufferEXT: attachments was GL_COLOR_EXT
06-28 17:21:43.087 20296 20308 E WPROF   : {"Javascript": {"url": "https://securepubads.g.doubleclick.net/gpt/pubads_impl_121.js", "requestTime": 31580.142265}}
06-28 17:21:43.164 20222 20273 E chromium: [ERROR:gles2_cmd_decoder.cc(3852)] [.ChromiumCompositor-0xacbb2fc0]GL ERROR :GL_INVALID_ENUM : glDiscardFramebufferEXT: attachments was GL_COLOR_EXT
06-28 17:21:43.556 20296 20308 E WPROF   : {"Javascript": {"url": "http://app-sj02.marketo.com/index.php/form/getForm?munchkinId=727-ZQE-044&form=5691&url=http%3A%2F%2Fsearchengineland.com%2Fyou-have-to-own-your-own-back-yard-264017&callback=jQuery110208619213935453445_1498638103458&_=1498638103459", "requestTime": 31580.612087}}
06-28 17:21:43.572 20296 20308 E WPROF   : {"Javascript": {"url": "http://app-sj02.marketo.com/index.php/form/getForm?munchkinId=727-ZQE-044&form=5685&url=http%3A%2F%2Fsearchengineland.com%2Fyou-have-to-own-your-own-back-yard-264017&callback=jQuery110208619213935453445_1498638103460&_=1498638103461", "requestTime": 31580.628189}}
06-28 17:21:43.774 20296 20308 E WPROF   : {"Javascript": {"url": "http://app-sj02.marketo.com/index.php/form/getForm?munchkinId=727-ZQE-044&form=5673&url=http%3A%2F%2Fsearchengineland.com%2Fyou-have-to-own-your-own-back-yard-264017&callback=jQuery110208619213935453445_1498638103462&_=1498638103463", "requestTime": 31580.829387}}
06-28 17:21:43.780 20296 20308 E WPROF   : {"Javascript": {"url": "http://searchengineland.com/js/ga_social_tracking.js", "requestTime": 31580.835913}}
06-28 17:21:43.781 20296 20308 E WPROF   : {"Javascript": {"url": "http://s7.addthis.com/js/300/addthis_widget.js#pubid=ra-53e918f660794f37", "requestTime": 31580.836666}}
06-28 17:21:43.955 20222 20273 E chromium: [ERROR:gles2_cmd_decoder.cc(3852)] [.ChromiumCompositor-0xacbb2fc0]GL ERROR :GL_INVALID_ENUM : glDiscardFramebufferEXT: attachments was GL_COLOR_EXT
06-28 17:21:44.365 20296 20308 E WPROF   : {"Javascript": {"url": "https://securepubads.g.doubleclick.net/gampad/ads?gdfp_req=1&correlator=108236371918848&output=json_html&callback=googletag.impl.pubads.callbackProxy1&impl=fifs&json_a=1&eid=108809080%2C21060130%2C108809103&sc=0&sfv=1-0-9&iu_parts=1038259%2Csel-ciu-1%2Csel-ciu-2%2Csel-ciu-3%2Csel-ciu-4%2Csel-ciu-5%2", "requestTime": 31581.420881}}
06-28 17:21:44.386   862  1657 E LocSvc_IzatApiV02: E/virtual int izat_core::IzatApiV02::getBatchSize(int32_t):522]: Error : st = 4, ind.status = -1628389555
06-28 17:21:44.386   862  1657 E LocSvc_IzatApiV02: E/virtual int izat_core::IzatApiV02::getBatchSize(int32_t):535]: get batching size failed.Or modem does not support batching 
06-28 17:21:44.395   862  1657 E LocSvc_IzatApiV02: E/virtual int izat_core::IzatApiV02::getBatchSize(int32_t):522]: Error : st = 4, ind.status = -1628389555
06-28 17:21:44.396   862  1657 E LocSvc_IzatApiV02: E/virtual int izat_core::IzatApiV02::getBatchSize(int32_t):535]: get batching size failed.Or modem does not support batching 
06-28 17:21:44.412 20296 20308 E WPROF   : {"Javascript": {"url": "https://static.xx.fbcdn.net/rsrc.php/v3iy6L4/yF/l/ko_KR/w3AiswiqjrJ.js", "requestTime": 31581.467319}}
06-28 17:21:44.425   862  1657 E LocSvc_IzatApiV02: E/virtual int izat_core::IzatApiV02::getBatchSize(int32_t):522]: Error : st = 4, ind.status = -1628389555
06-28 17:21:44.425   862  1657 E LocSvc_IzatApiV02: E/virtual int izat_core::IzatApiV02::getBatchSize(int32_t):535]: get batching size failed.Or modem does not support batching 
06-28 17:21:44.437   862  1657 E LocSvc_IzatApiV02: E/virtual int izat_core::IzatApiV02::getBatchSize(int32_t):522]: Error : st = 4, ind.status = -1628389555
06-28 17:21:44.437   862  1657 E LocSvc_IzatApiV02: E/virtual int izat_core::IzatApiV02::getBatchSize(int32_t):535]: get batching size failed.Or modem does not support batching 
06-28 17:21:44.659 20296 20308 E WPROF   : {"Javascript": {"url": "http://cdn.api.twitter.com/1/users/show.json?screen_name=greggifford&callback=twttr.setFollowersCount", "requestTime": 31581.714906}}
06-28 17:21:44.778 20222 20273 E chromium: [ERROR:gles2_cmd_decoder.cc(3852)] [.ChromiumCompositor-0xacbb2fc0]GL ERROR :GL_INVALID_ENUM : glDiscardFramebufferEXT: attachments was GL_COLOR_EXT
06-28 17:21:45.157 20296 20308 E WPROF   : {"Javascript": {"url": "http://platform.twitter.com/widgets.js", "requestTime": 31582.212685}}
06-28 17:21:45.159 20296 20308 E WPROF   : {"Javascript": {"url": "http://connect.facebook.net/en_US/sdk.js", "requestTime": 31582.215030}}
06-28 17:21:45.161 20296 20308 E WPROF   : {"Javascript": {"url": "https://apis.google.com/js/platform.js", "requestTime": 31582.217179}}
06-28 17:21:45.182 20296 20308 E WPROF   : {"Javascript": {"url": "http://rules.quantcount.com/rules-p-5aGizvD82d9hk.js", "requestTime": 31582.237904}}
06-28 17:21:45.186 20296 20308 E WPROF   : {"Javascript": {"url": "http://munchkin.marketo.net/munchkin.js", "requestTime": 31582.241622}}
06-28 17:21:45.379 20296 20308 E WPROF   : {"Javascript": {"url": "http://d2j3qa5nc37287.cloudfront.net/coupon_code1.js", "requestTime": 31582.434709}}
06-28 17:21:45.437 20222 20273 E chromium: [ERROR:gles2_cmd_decoder.cc(3852)] [.ChromiumCompositor-0xacbb2fc0]GL ERROR :GL_INVALID_ENUM : glDiscardFramebufferEXT: attachments was GL_COLOR_EXT
06-28 17:21:45.456 20296 20308 E WPROF   : {"Javascript": {"url": "http://www.googleadservices.com/pagead/conversion.js", "requestTime": 31582.512058}}
06-28 17:21:45.457 20296 20308 E WPROF   : {"Javascript": {"url": "http://searchengineland.com/figz/wp-content/themes/searchengineland/js/script.js?ver=1.0", "requestTime": 31582.513166}}
06-28 17:21:45.458 20296 20308 E WPROF   : {"Javascript": {"url": "http://searchengineland.com/figz/wp-includes/js/wp-embed.min.js?ver=4.7.5", "requestTime": 31582.513677}}
06-28 17:21:45.458 20296 20308 E WPROF   : {"Javascript": {"url": "http://searchengineland.com/figz/wp-content/themes/searchengineland/js/modules/sharing_controls.js", "requestTime": 31582.514037}}
06-28 17:21:45.525 20296 20308 E WPROF   : {"CSS": {"url": "https://www.youtube.com/yts/cssbin/www-embed-player-sprite-mode-vfl5G4Xm8.css", "requestTime": 31582.580515}}
06-28 17:21:45.526 20296 20308 E WPROF   : {"Javascript": {"url": "https://www.youtube.com/yts/jsbin/www-embed-player-vfl_UY_j8/www-embed-player.js", "requestTime": 31582.581986}}
06-28 17:21:45.527 20296 20308 E WPROF   : {"Javascript": {"url": "https://www.youtube.com/yts/jsbin/player-vflo1w4O-/ko_KR/base.js", "requestTime": 31582.582472}}
06-28 17:21:45.548 20222 20273 E chromium: [ERROR:gles2_cmd_decoder.cc(3852)] [.ChromiumCompositor-0xacbb2fc0]GL ERROR :GL_INVALID_ENUM : glDiscardFramebufferEXT: attachments was GL_COLOR_EXT
06-28 17:21:45.901 20222 20273 E chromium: [ERROR:gles2_cmd_decoder.cc(3852)] [.ChromiumCompositor-0xacbb2fc0]GL ERROR :GL_INVALID_ENUM : glDiscardFramebufferEXT: attachments was GL_COLOR_EXT
06-28 17:21:45.973 20296 20308 E WPROF   : {"Javascript": {"url": "http://dnn506yrbagrg.cloudfront.net/pages/scripts/0026/4062.js?416288", "requestTime": 31583.028784}}
06-28 17:21:46.764 20296 20308 E WPROF   : {"Javascript": {"url": "http://m.addthisedge.com/live/boost/ra-53e918f660794f37/_ate.track.config_resp", "requestTime": 31583.819340}}
06-28 17:21:46.812 20296 20308 E WPROF   : {"Javascript": {"url": "http://m.addthis.com/live/red_lojson/300lo.json?si=595367198891d070&bkl=0&bl=1&pdt=2230&sid=595367198891d070&pub=ra-53e918f660794f37&rev=v7.15.4-wp&ln=ko&pc=men&cb=0&ab=-&dp=searchengineland.com&fp=you-have-to-own-your-own-back-yard-264017&fr=&of=0&pd=0&irt=0&vcl=0&md=0&ct=1&tct=0&abt=0&cdn=0&pi=1&r", "requestTime": 31583.867681}}
06-28 17:21:46.917 20222 20273 E chromium: [ERROR:gles2_cmd_decoder.cc(3852)] [.ChromiumCompositor-0xacbb2fc0]GL ERROR :GL_INVALID_ENUM : glDiscardFramebufferEXT: attachments was GL_COLOR_EXT
06-28 17:21:47.232 20222 20273 E chromium: [ERROR:gles2_cmd_decoder.cc(3852)] [.ChromiumCompositor-0xacbb2fc0]GL ERROR :GL_INVALID_ENUM : glDiscardFramebufferEXT: attachments was GL_COLOR_EXT
06-28 17:21:48.172 20296 20308 E WPROF   : {"Javascript": {"url": "https://www.google.com/js/bg/KWBfAnWFESAEEaKKgdYlTHY9ysQaNoQuzeMFqvxDSM8.js", "requestTime": 31585.228084}}
06-28 17:21:48.175 20296 20308 E WPROF   : {"Javascript": {"url": "https://static.doubleclick.net/instream/ad_status.js", "requestTime": 31585.230397}}
06-28 17:21:48.384 20222 20273 E chromium: [ERROR:gles2_cmd_decoder.cc(3852)] [.ChromiumCompositor-0xacbb2fc0]GL ERROR :GL_INVALID_ENUM : glDiscardFramebufferEXT: attachments was GL_COLOR_EXT
06-28 17:21:48.956 20222 20273 E chromium: [ERROR:gles2_cmd_decoder.cc(3852)] [.ChromiumCompositor-0xacbb2fc0]GL ERROR :GL_INVALID_ENUM : glDiscardFramebufferEXT: attachments was GL_COLOR_EXT
06-28 17:21:49.114 20296 20308 E WPROF   : {"CSS": {"url": "http://app-sj02.marketo.com/js/forms2/css/forms2.css", "requestTime": 31586.169713}}
06-28 17:21:49.117 20296 20308 E WPROF   : {"CSS": {"url": "http://app-sj02.marketo.com/js/forms2/css/forms2-theme-simple.css", "requestTime": 31586.172218}}
06-28 17:21:49.221 20296 20308 E WPROF   : {"Javascript": {"url": "https://tpc.googlesyndication.com/pagead/js/r20170619/r20110914/client/ext/m_window_focus_non_hydra.js", "requestTime": 31586.276589}}
06-28 17:21:49.222 20296 20308 E WPROF   : {"Javascript": {"url": "https://tpc.googlesyndication.com/pagead/js/r20170619/r20110914/activeview/osd_listener.js", "requestTime": 31586.278132}}
06-28 17:21:49.233 20296 20308 E WPROF   : {"Javascript": {"url": "http://pagead2.googlesyndication.com/pagead/osd.js", "requestTime": 31586.288254}}
06-28 17:21:49.483 20296 20308 E WPROF   : {"Javascript": {"url": "https://platform.twitter.com/js/button.b731e6c82269f70f6fc53634e044a4c6.js", "requestTime": 31586.538972}}
06-28 17:21:49.489 20296 20308 E WPROF   : {"Javascript": {"url": "http://munchkin.marketo.net/151/munchkin.js", "requestTime": 31586.544592}}
06-28 17:21:49.494 20296 20308 E WPROF   : {"Javascript": {"url": "http://www.justuno.com/ajax/account_version_check.html?id=828FA275-FF73-401E-AA39-40F5A6FAB6B1", "requestTime": 31586.549391}}
06-28 17:21:49.744 20296 20308 E WPROF   : {"Javascript": {"url": "http://s7.addthis.com/static/layers.4acb6c577b51939661ec.js", "requestTime": 31586.799955}}
06-28 17:21:49.825 20222 20273 E chromium: [ERROR:gles2_cmd_decoder.cc(3852)] [.ChromiumCompositor-0xacbb2fc0]GL ERROR :GL_INVALID_ENUM : glDiscardFramebufferEXT: attachments was GL_COLOR_EXT
06-28 17:21:50.229 20222 20273 E chromium: [ERROR:gles2_cmd_decoder.cc(3852)] [.ChromiumCompositor-0xacbb2fc0]GL ERROR :GL_INVALID_ENUM : glDiscardFramebufferEXT: attachments was GL_COLOR_EXT
06-28 17:21:50.362 20222 20273 E chromium: [ERROR:gles2_cmd_decoder.cc(3852)] [.ChromiumCompositor-0xacbb2fc0]GL ERROR :GL_INVALID_ENUM : glDiscardFramebufferEXT: attachments was GL_COLOR_EXT
06-28 17:21:50.413 20222 20273 E chromium: [ERROR:gles2_cmd_decoder.cc(3852)] [.ChromiumCompositor-0xacbb2fc0]GL ERROR :GL_INVALID_ENUM : glDiscardFramebufferEXT: attachments was GL_COLOR_EXT
06-28 17:21:52.169 20296 20308 E WPROF   : {"Javascript": {"url": "http://cdn.justuno.com/mwgt_3.6.js", "requestTime": 31589.224577}}
06-28 17:21:52.399 20222 20273 E chromium: [ERROR:gles2_cmd_decoder.cc(3852)] [.ChromiumCompositor-0xacbb2fc0]GL ERROR :GL_INVALID_ENUM : glDiscardFramebufferEXT: attachments was GL_COLOR_EXT
06-28 17:21:52.560 20222 20273 E chromium: [ERROR:gles2_cmd_decoder.cc(3852)] [.ChromiumCompositor-0xacbb2fc0]GL ERROR :GL_INVALID_ENUM : glDiscardFramebufferEXT: attachments was GL_COLOR_EXT
06-28 17:21:52.778 20222 20273 E chromium: [ERROR:gles2_cmd_decoder.cc(3852)] [.ChromiumCompositor-0xacbb2fc0]GL ERROR :GL_INVALID_ENUM : glDiscardFramebufferEXT: attachments was GL_COLOR_EXT
06-28 17:21:52.902 20222 20273 E chromium: [ERROR:gles2_cmd_decoder.cc(3852)] [.ChromiumCompositor-0xacbb2fc0]GL ERROR :GL_INVALID_ENUM : glDiscardFramebufferEXT: attachments was GL_COLOR_EXT
06-28 17:21:53.400 20222 20273 E chromium: [ERROR:gles2_cmd_decoder.cc(3852)] [.ChromiumCompositor-0xacbb2fc0]GL ERROR :GL_INVALID_ENUM : glDiscardFramebufferEXT: attachments was GL_COLOR_EXT
06-28 17:21:53.821 20222 20273 E chromium: [ERROR:gles2_cmd_decoder.cc(3852)] [.ChromiumCompositor-0xacbb2fc0]GL ERROR :GL_INVALID_ENUM : glDiscardFramebufferEXT: attachments was GL_COLOR_EXT
06-28 17:21:53.885 20222 20273 E chromium: [ERROR:gles2_cmd_decoder.cc(3852)] [.ChromiumCompositor-0xacbb2fc0]GL ERROR :GL_INVALID_ENUM : glDiscardFramebufferEXT: attachments was GL_COLOR_EXT
06-28 17:21:54.009 20296 20308 E WPROF   : {"Javascript": {"url": "https://cdn.syndication.twimg.com/widgets/followbutton/info.json?callback=__twttr.setFollowersCountAndFollowing&lang=en&screen_names=sengineland", "requestTime": 31591.064914}}
06-28 17:21:54.472 20222 20273 E chromium: [ERROR:gles2_cmd_decoder.cc(3852)] [.ChromiumCompositor-0xacbb2fc0]GL ERROR :GL_INVALID_ENUM : glDiscardFramebufferEXT: attachments was GL_COLOR_EXT
06-28 17:21:54.573 20222 20273 E chromium: [ERROR:gles2_cmd_decoder.cc(3852)] [.ChromiumCompositor-0xacbb2fc0]GL ERROR :GL_INVALID_ENUM : glDiscardFramebufferEXT: attachments was GL_COLOR_EXT
06-28 17:21:54.583 20296 20308 E WPROF   : {"Javascript": {"url": "https://app-sj02.marketo.com/js/forms2/js/forms2.min.js", "requestTime": 31591.638228}}
06-28 17:21:54.611 20222 20273 E chromium: [ERROR:gles2_cmd_decoder.cc(3852)] [.ChromiumCompositor-0xacbb2fc0]GL ERROR :GL_INVALID_ENUM : glDiscardFramebufferEXT: attachments was GL_COLOR_EXT
06-28 17:21:54.824 20296 20308 E WProf.db: {"page": "searchengineland.com_you-have-to-own-your-own-back-yard-264017"}
06-28 17:21:54.824 20296 20308 E WProf.db: {"DOMLoad": 31591.879925}
06-28 17:21:54.824 20296 20308 E WProf.db: {"Resource": {"id": 1, "url": "http://searchengineland.com/you-have-to-own-your-own-back-yard-264017", "sentTime": -1.000000, "len": 94432, "from": "0x0", "mimeType": "text/html", "contentLength": -1, "httpStatus": 200, "connId": 20, "connReused": 1, "cached": 0,"requestTime": 31578.609745, "proxyStart": -1, "proxyEnd": -1, "dnsStart": -1, "dnsEnd": -1, "connectStart": 0, "connectEnd": 53, "sendStart": 53, "sendEnd": 53, "receiveHeadersEnd": 221, "sslStart": -1, "sslEnd": -1}}
06-28 17:21:54.824 20296 20308 E WProf.db: {"ReceivedChunk": {"receivedTime": 31578.851262, "len": 12632}}
06-28 17:21:54.824 20296 20308 E WProf.db: {"ReceivedChunk": {"receivedTime": 31578.940349, "len": 32768}}
06-28 17:21:54.825 20296 20308 E WProf.db: {"ReceivedChunk": {"receivedTime": 31578.940832, "len": 24128}}
06-28 17:21:54.825 20296 20308 E WProf.db: {"ReceivedChunk": {"receivedTime": 31578.995908, "len": 24904}}
06-28 17:21:54.825 20296 20308 E WProf.db: {"WprofHTMLTag": {"code": "0xaedd6570", "doc": "http://searchengineland.com/you-have-to-own-your-own-back-yard-264017", "row": 6, "column": 42, "tagName": "html", "time": 31578.943428, "url": "", "pos": 1, "chunkLen": 1, "isStartTag": 1}}
06-28 17:21:54.825 20296 20308 E WProf.db: {"WprofHTMLTag": {"code": "0xaf047850", "doc": "http://searchengineland.com/you-have-to-own-your-own-back-yard-264017", "row": 7, "column": 6, "tagName": "head", "time": 31578.944160, "url": "", "pos": 1, "chunkLen": 1, "isStartTag": 1}}
06-28 17:21:54.825 20296 20308 E WProf.db: {"WprofHTMLTag": {"code": "0xaf047880", "doc": "http://searchengineland.com/you-have-to-own-your-own-back-yard-264017", "row": 8, "column": 54, "tagName": "meta", "time": 31578.944208, "url": "", "pos": 1, "chunkLen": 1, "isStartTag": 1}}
06-28 17:21:54.825 20296 20308 E WProf.db: {"WprofHTMLTag": {"code": "0xaf0478b0", "doc": "http://searchengineland.com/you-have-to-own-your-own-back-yard-264017", "row": 9, "column": 68, "tagName": "meta", "time": 31578.944362, "url": "", "pos": 1, "chunkLen": 1, "isStartTag": 1}}
06-28 17:21:54.825 20296 20308 E WProf.db: {"WprofHTMLTag": {"code": "0xaf0478e0", "doc": "http://searchengineland.com/you-have-to-own-your-own-back-yard-264017", "row": 10, "column": 23, "tagName": "meta", "time": 31578.944479, "url": "", "pos": 1, "chunkLen": 1, "isStartTag": 1}}
06-28 17:21:54.825 20296 20308 E WProf.db: {"WprofHTMLTag": {"code": "0xaf047910", "doc": "http://searchengineland.com/you-have-to-own-your-own-back-yard-264017", "row": 11, "column": 52, "tagName": "meta", "time": 31578.944622, "url": "", "pos": 1, "chunkLen": 1, "isStartTag": 1}}
06-28 17:21:54.825 20296 20308 E WProf.db: {"WprofHTMLTag": {"code": "0xaf047940", "doc": "http://searchengineland.com/you-have-to-own-your-own-back-yard-264017", "row": 14, "column": 56, "tagName": "meta", "time": 31578.944760, "url": "", "pos": 1, "chunkLen": 1, "isStartTag": 1}}
06-28 17:21:54.825 20296 20308 E WProf.db: {"WprofHTMLTag": {"code": "0xaf047970", "doc": "http://searchengineland.com/you-have-to-own-your-own-back-yard-264017", "row": 15, "column": 83, "tagName": "meta", "time": 31578.944890, "url": "", "pos": 1, "chunkLen": 1, "isStartTag": 1}}
06-28 17:21:54.825 20296 20308 E WProf.db: {"WprofHTMLTag": {"code": "0xaf0479a0", "doc": "http://searchengineland.com/you-have-to-own-your-own-back-yard-264017", "row": 16, "column": 57, "tagName": "meta", "time": 31578.944998, "url": "", "pos": 1, "chunkLen": 1, "isStartTag": 1}}
06-28 17:21:54.825 20296 20308 E WProf.db: {"WprofHTMLTag": {"code": "0xaf047a30", "doc": "http://searchengineland.com/you-have-to-own-your-own-back-yard-264017", "row": 17, "column": 41, "tagName": "meta", "time": 31578.945118, "url": "", "pos": 1, "chunkLen": 1, "isStartTag": 1}}
06-28 17:21:54.825 20296 20308 E WProf.db: {"WprofHTMLTag": {"code": "0xaf047a60", "doc": "http://searchengineland.com/you-have-to-own-your-own-back-yard-264017", "row": 18, "column": 50, "tagName": "meta", "time": 31578.945230, "url": "", "pos": 1, "chunkLen": 1, "isStartTag": 1}}
06-28 17:21:54.825 20296 20308 E WProf.db: {"WprofHTMLTag": {"code": "0xaf047a90", "doc": "http://searchengineland.com/you-have-to-own-your-own-back-yard-264017", "row": 19, "column": 174, "tagName": "meta", "time": 31578.945344, "url": "", "pos": 1, "chunkLen": 1, "isStartTag": 1}}
06-28 17:21:54.826 20296 20308 E WProf.db: {"WprofHTMLTag": {"code": "0xaf047a00", "doc": "http://searchengineland.com/you-have-to-own-your-own-back-yard-264017", "row": 20, "column": 47, "tagName": "meta", "time": 31578.945460, "url": "", "pos": 1, "chunkLen": 1, "isStartTag": 1}}
06-28 17:21:54.826 20296 20308 E WProf.db: {"WprofHTMLTag": {"code": "0xaf0479d0", "doc": "http://searchengineland.com/you-have-to-own-your-own-back-yard-264017", "row": 21, "column": 67, "tagName": "meta", "time": 31578.945574, "url": "", "pos": 1, "chunkLen": 1, "isStartTag": 1}}
06-28 17:21:54.826 20296 20308 E WProf.db: {"WprofHTMLTag": {"code": "0xaf047ac0", "doc": "http://searchengineland.com/you-have-to-own-your-own-back-yard-264017", "row": 22, "column": 57, "tagName": "meta", "time": 31578.945691, "url": "", "pos": 1, "chunkLen": 1, "isStartTag": 1}}
06-28 17:21:54.826 20296 20308 E WProf.db: {"WprofHTMLTag": {"code": "0xaf047af0", "doc": "http://searchengineland.com/you-have-to-own-your-own-back-yard-264017", "row": 23, "column": 65, "tagName": "meta", "time": 31578.945902, "url": "", "pos": 1, "chunkLen": 1, "isStartTag": 1}}
06-28 17:21:54.826 20296 20308 E WProf.db: {"WprofHTMLTag": {"code": "0xaf047b20", "doc": "http://searchengineland.com/you-have-to-own-your-own-back-yard-264017", "row": 24, "column": 55, "tagName": "meta", "time": 31578.946027, "url": "", "pos": 1, "chunkLen": 1, "isStartTag": 1}}
06-28 17:21:54.826 20296 20308 E WProf.db: {"WprofHTMLTag": {"code": "0xaf047b50", "doc": "http://searchengineland.com/you-have-to-own-your-own-back-yard-264017", "row": 25, "column": 71, "tagName": "meta", "time": 31578.946145, "url": "", "pos": 1, "chunkLen": 1, "isStartTag": 1}}
06-28 17:21:54.826 20296 20308 E WProf.db: {"WprofHTMLTag": {"code": "0xaf047b80", "doc": "http://searchengineland.com/you-have-to-own-your-own-back-yard-264017", "row": 26, "column": 86, "tagName": "meta", "time": 31578.946270, "url": "", "pos": 1, "chunkLen": 1, "isStartTag": 1}}
06-28 17:21:54.826 20296 20308 E WProf.db: {"WprofHTMLTag": {"code": "0xaf047bb0", "doc": "http://searchengineland.com/you-have-to-own-your-own-back-yard-264017", "row": 27, "column": 54, "tagName": "meta", "time": 31578.946434, "url": "", "pos": 1, "chunkLen": 1, "isStartTag": 1}}
06-28 17:21:54.826 20296 20308 E WProf.db: {"WprofHTMLTag": {"code": "0xaf047be0", "doc": "http://searchengineland.com/you-have-to-own-your-own-back-yard-264017", "row": 29, "column": 170, "tagName": "meta", "time": 31578.946546, "url": "", "pos": 1, "chunkLen": 1, "isStartTag": 1}}
06-28 17:21:54.826 20296 20308 E WProf.db: {"WprofHTMLTag": {"code": "0xaf047c10", "doc": "http://searchengineland.com/you-have-to-own-your-own-back-yard-264017", "row": 30, "column": 219, "tagName": "meta", "time": 31578.946663, "url": "", "pos": 1, "chunkLen": 1, "isStartTag": 1}}
06-28 17:21:54.826 20296 20308 E WProf.db: {"WprofHTMLTag": {"code": "0xaf047c40", "doc": "http://searchengineland.com/you-have-to-own-your-own-back-yard-264017", "row": 31, "column": 55, "tagName": "meta", "time": 31578.946776, "url": "", "pos": 1, "chunkLen": 1, "isStartTag": 1}}
06-28 17:21:54.826 20296 20308 E WProf.db: {"WprofHTMLTag": {"code": "0xaf047c70", "doc": "http://searchengineland.com/you-have-to-own-your-own-back-yard-264017", "row": 32, "column": 54, "tagName": "meta", "time": 31578.946889, "url": "", "pos": 1, "chunkLen": 1, "isStartTag": 1}}
06-28 17:21:54.826 20296 20308 E WProf.db: {"WprofHTMLTag": {"code": "0xaf047ca0", "doc": "http://searchengineland.com/you-have-to-own-your-own-back-yard-264017", "row": 33, "column": 126, "tagName": "meta", "time": 31578.947002, "url": "", "pos": 1, "chunkLen": 1, "isStartTag": 1}}
06-28 17:21:54.827 20296 20308 E WProf.db: {"WprofHTMLTag": {"code": "0xaf047cd0", "doc": "http://searchengineland.com/you-have-to-own-your-own-back-yard-264017", "row": 37, "column": 36, "tagName": "script", "time": 31578.947114, "url": "", "pos": 1, "chunkLen": 1, "isStartTag": 1}}
06-28 17:21:54.827 20296 20308 E WProf.db: {"WprofHTMLTag": {"code": "0xaf047d00", "doc": "http://searchengineland.com/you-have-to-own-your-own-back-yard-264017", "row": 53, "column": 10, "tagName": "script", "time": 31578.947380, "url": "", "pos": 1, "chunkLen": 1, "isStartTag": 0}}
06-28 17:21:54.827 20296 20308 E WProf.db: {"WprofHTMLTag": {"code": "0xaedd6660", "doc": "http://searchengineland.com/you-have-to-own-your-own-back-yard-264017", "row": 55, "column": 86, "tagName": "link", "time": 31578.947986, "url": "http://searchengineland.com/apple-touch-icon.png", "pos": 1, "chunkLen": 1, "isStartTag": 1}}
06-28 17:21:54.827 20296 20308 E WProf.db: {"WprofHTMLTag": {"code": "0xaf047d30", "doc": "http://searchengineland.com/you-have-to-own-your-own-back-yard-264017", "row": 56, "column": 76, "tagName": "link", "time": 31578.948286, "url": "http://searchengineland.com/favicon.ico", "pos": 1, "chunkLen": 1, "isStartTag": 1}}
06-28 17:21:54.827 20296 20308 E WProf.db: {"WprofHTMLTag": {"code": "0xaf047d60", "doc": "http://searchengineland.com/you-have-to-own-your-own-back-yard-264017", "row": 57, "column": 158, "tagName": "link", "time": 31578.948502, "url": "http://feeds.searchengineland.com/searchengineland", "pos": 1, "chunkLen": 1, "isStartTag": 1}}
06-28 17:21:54.827 20296 20308 E WProf.db: {"WprofHTMLTag": {"code": "0xaf047d90", "doc": "http://searchengineland.com/you-have-to-own-your-own-back-yard-264017", "row": 58, "column": 149, "tagName": "link", "time": 31578.948785, "url": "http://feeds.searchengineland.com/searchcap", "pos": 1, "chunkLen": 1, "isStartTag": 1}}
06-28 17:21:54.827 20296 20308 E WProf.db: {"WprofHTMLTag": {"code": "0xaf047dc0", "doc": "http://searchengineland.com/you-have-to-own-your-own-back-yard-264017", "row": 59, "column": 150, "tagName": "link", "time": 31578.949089, "url": "http://searchengineland.com/figz/wp-content/themes/searchengineland/css/searchengineland-bootstrap.css", "pos": 1, "chunkLen": 1, "isStartTag": 1}}
06-28 17:21:54.827 20296 20308 E WProf.db: {"WprofHTMLTag": {"code": "0xaf047e20", "doc": "http://searchengineland.com/you-have-to-own-your-own-back-yard-264017", "row": 60, "column": 105, "tagName": "link", "time": 31578.950849, "url": "http://fonts.googleapis.com/css?family=Oswald:300,400,700", "pos": 1, "chunkLen": 1, "isStartTag": 1}}
06-28 17:21:54.827 20296 20308 E WProf.db: {"WprofHTMLTag": {"code": "0xaf047e80", "doc": "http://searchengineland.com/you-have-to-own-your-own-back-yard-264017", "row": 61, "column": 125, "tagName": "link", "time": 31578.952444, "url": "http://searchengineland.com/figz/wp-content/themes/searchengineland/style.css", "pos": 1, "chunkLen": 1, "isStartTag": 1}}
06-28 17:21:54.827 20296 20308 E WProf.db: {"WprofHTMLTag": {"code": "0xaf047ee0", "doc": "http://searchengineland.com/you-have-to-own-your-own-back-yard-264017", "row": 65, "column": 7, "tagName": "title", "time": 31578.953813, "url": "", "pos": 1, "chunkLen": 1, "isStartTag": 1}}
06-28 17:21:54.827 20296 20308 E WProf.db: {"WprofHTMLTag": {"code": "0xaf047f10", "doc": "http://searchengineland.com/you-have-to-own-your-own-back-yard-264017", "row": 65, "column": 70, "tagName": "title", "time": 31578.954413, "url": "", "pos": 1, "chunkLen": 1, "isStartTag": 0}}
06-28 17:21:54.827 20296 20308 E WProf.db: {"WprofHTMLTag": {"code": "0xaf047f40", "doc": "http://searchengineland.com/you-have-to-own-your-own-back-yard-264017", "row": 66, "column": 216, "tagName": "meta", "time": 31578.954446, "url": "", "pos": 1, "chunkLen": 1, "isStartTag": 1}}
06-28 17:21:54.827 20296 20308 E WProf.db: {"WprofHTMLTag": {"code": "0xaf047f70", "doc": "http://searchengineland.com/you-have-to-own-your-own-back-yard-264017", "row": 67, "column": 171, "tagName": "meta", "time": 31578.954639, "url": "", "pos": 1, "chunkLen": 1, "isStartTag": 1}}
06-28 17:21:54.828 20296 20308 E WProf.db: {"WprofHTMLTag": {"code": "0xaf047fa0", "doc": "http://searchengineland.com/you-have-to-own-your-own-back-yard-264017", "row": 68, "column": 111, "tagName": "meta", "time": 31578.954771, "url": "", "pos": 1, "chunkLen": 1, "isStartTag": 1}}
06-28 17:21:54.828 20296 20308 E WProf.db: {"WprofHTMLTag": {"code": "0xaf047fd0", "doc": "http://searchengineland.com/you-have-to-own-your-own-back-yard-264017", "row": 69, "column": 37, "tagName": "meta", "time": 31578.954886, "url": "", "pos": 1, "chunkLen": 1, "isStartTag": 1}}
06-28 17:21:54.828 20296 20308 E WProf.db: {"WprofHTMLTag": {"code": "0xb4cc74b0", "doc": "http://searchengineland.com/you-have-to-own-your-own-back-yard-264017", "row": 70, "column": 101, "tagName": "link", "time": 31578.955013, "url": "http://searchengineland.com/you-have-to-own-your-own-back-yard-264017", "pos": 1, "chunkLen": 1, "isStartTag": 1}}
06-28 17:21:54.828 20296 20308 E WProf.db: {"WprofHTMLTag": {"code": "0xb4cc7540", "doc": "http://searchengineland.com/you-have-to-own-your-own-back-yard-264017", "row": 71, "column": 76, "tagName": "link", "time": 31578.955255, "url": "https://plus.google.com/103218677032751327334", "pos": 1, "chunkLen": 1, "isStartTag": 1}}
06-28 17:21:54.828 20296 20308 E WProf.db: {"WprofHTMLTag": {"code": "0xb4cc78a0", "doc": "http://searchengineland.com/you-have-to-own-your-own-back-yard-264017", "row": 72, "column": 45, "tagName": "meta", "time": 31578.955463, "url": "", "pos": 1, "chunkLen": 1, "isStartTag": 1}}
06-28 17:21:54.828 20296 20308 E WProf.db: {"WprofHTMLTag": {"code": "0xb4cc78d0", "doc": "http://searchengineland.com/you-have-to-own-your-own-back-yard-264017", "row": 73, "column": 45, "tagName": "meta", "time": 31578.955594, "url": "", "pos": 1, "chunkLen": 1, "isStartTag": 1}}
06-28 17:21:54.828 20296 20308 E WProf.db: {"WprofHTMLTag": {"code": "0xb4cc7900", "doc": "http://searchengineland.com/you-have-to-own-your-own-back-yard-264017", "row": 74, "column": 94, "tagName": "meta", "time": 31578.955717, "url": "", "pos": 1, "chunkLen": 1, "isStartTag": 1}}
06-28 17:21:54.828 20296 20308 E WProf.db: {"WprofHTMLTag": {"code": "0xb4cc7930", "doc": "http://searchengineland.com/you-have-to-own-your-own-back-yard-264017", "row": 75, "column": 224, "tagName": "meta", "time": 31578.956072, "url": "", "pos": 1, "chunkLen": 1, "isStartTag": 1}}
06-28 17:21:54.828 20296 20308 E WProf.db: {"WprofHTMLTag": {"code": "0xb4cc7960", "doc": "http://searchengineland.com/you-have-to-own-your-own-back-yard-264017", "row": 76, "column": 106, "tagName": "meta", "time": 31578.956193, "url": "", "pos": 1, "chunkLen": 1, "isStartTag": 1}}
06-28 17:21:54.828 20296 20308 E WProf.db: {"WprofHTMLTag": {"code": "0xb4cc7990", "doc": "http://searchengineland.com/you-have-to-own-your-own-back-yard-264017", "row": 77, "column": 61, "tagName": "meta", "time": 31578.956305, "url": "", "pos": 1, "chunkLen": 1, "isStartTag": 1}}
06-28 17:21:54.828 20296 20308 E WProf.db: {"WprofHTMLTag": {"code": "0xb4cc79c0", "doc": "http://searchengineland.com/you-have-to-own-your-own-back-yard-264017", "row": 78, "column": 89, "tagName": "meta", "time": 31578.956510, "url": "", "pos": 1, "chunkLen": 1, "isStartTag": 1}}
06-28 17:21:54.828 20296 20308 E WProf.db: {"WprofHTMLTag": {"code": "0xb4cc79f0", "doc": "http://searchengineland.com/you-have-to-own-your-own-back-yard-264017", "row": 79, "column": 60, "tagName": "meta", "time": 31578.956639, "url": "", "pos": 1, "chunkLen": 1, "isStartTag": 1}}
06-28 17:21:54.828 20296 20308 E WProf.db: {"WprofHTMLTag": {"code": "0xb4cc7a20", "doc": "http://searchengineland.com/you-have-to-own-your-own-back-yard-264017", "row": 80, "column": 78, "tagName": "meta", "time": 31578.956768, "url": "", "pos": 1, "chunkLen": 1, "isStartTag": 1}}
06-28 17:21:54.828 20296 20308 E WProf.db: {"WprofHTMLTag": {"code": "0xb4cc7a50", "doc": "http://searchengineland.com/you-have-to-own-your-own-back-yard-264017", "row": 81, "column": 120, "tagName": "meta", "time": 31578.956891, "url": "", "pos": 1, "chunkLen": 1, "isStartTag": 1}}
06-28 17:21:54.829 20296 20308 E WProf.db: {"WprofHTMLTag": {"code": "0xb4cc7a80", "doc": "http://searchengineland.com/you-have-to-own-your-own-back-yard-264017", "row": 82, "column": 49, "tagName": "meta", "time": 31578.957010, "url": "", "pos": 1, "chunkLen": 1, "isStartTag": 1}}
06-28 17:21:54.829 20296 20308 E WProf.db: {"WprofHTMLTag": {"code": "0xb4cc7ab0", "doc": "http://searchengineland.com/you-have-to-own-your-own-back-yard-264017", "row": 83, "column": 50, "tagName": "meta", "time": 31578.957138, "url": "", "pos": 1, "chunkLen": 1, "isStartTag": 1}}
06-28 17:21:54.829 20296 20308 E WProf.db: {"WprofHTMLTag": {"code": "0xb4cc7ae0", "doc": "http://searchengineland.com/you-have-to-own-your-own-back-yard-264017", "row": 84, "column": 58, "tagName": "meta", "time": 31578.957310, "url": "", "pos": 1, "chunkLen": 1, "isStartTag": 1}}
06-28 17:21:54.829 20296 20308 E WProf.db: {"WprofHTMLTag": {"code": "0xb4cc7b10", "doc": "http://searchengineland.com/you-have-to-own-your-own-back-yard-264017", "row": 85, "column": 225, "tagName": "meta", "time": 31578.957427, "url": "", "pos": 1, "chunkLen": 1, "isStartTag": 1}}
06-28 17:21:54.829 20296 20308 E WProf.db: {"WprofHTMLTag": {"code": "0xb4cc7b40", "doc": "http://searchengineland.com/you-have-to-own-your-own-back-yard-264017", "row": 86, "column": 95, "tagName": "meta", "time": 31578.957552, "url": "", "pos": 1, "chunkLen": 1, "isStartTag": 1}}
06-28 17:21:54.829 20296 20308 E WProf.db: {"WprofHTMLTag": {"code": "0xb4cc7b70", "doc": "http://searchengineland.com/you-have-to-own-your-own-back-yard-264017", "row": 87, "column": 51, "tagName": "meta", "time": 31578.957672, "url": "", "pos": 1, "chunkLen": 1, "isStartTag": 1}}
06-28 17:21:54.829 20296 20308 E WProf.db: {"WprofHTMLTag": {"code": "0xb4cc7ba0", "doc": "http://searchengineland.com/you-have-to-own-your-own-back-yard-264017", "row": 88, "column": 121, "tagName": "meta", "time": 31578.957797, "url": "", "pos": 1, "chunkLen": 1, "isStartTag": 1}}
06-28 17:21:54.829 20296 20308 E WProf.db: {"WprofHTMLTag": {"code": "0xb4cc7bd0", "doc": "http://searchengineland.com/you-have-to-own-your-own-back-yard-264017", "row": 89, "column": 54, "tagName": "meta", "time": 31578.959369, "url": "", "pos": 1, "chunkLen": 1, "isStartTag": 1}}
06-28 17:21:54.829 20296 20308 E WProf.db: {"WprofHTMLTag": {"code": "0xb4cc7c00", "doc": "http://searchengineland.com/you-have-to-own-your-own-back-yard-264017", "row": 92, "column": 44, "tagName": "link", "time": 31578.959532, "url": "http://s.w.org/", "pos": 1, "chunkLen": 1, "isStartTag": 1}}
06-28 17:21:54.829 20296 20308 E WProf.db: {"WprofHTMLTag": {"code": "0xb4cc7c30", "doc": "http://searchengineland.com/you-have-to-own-your-own-back-yard-264017", "row": 93, "column": 33, "tagName": "script", "time": 31578.959845, "url": "", "pos": 1, "chunkLen": 1, "isStartTag": 1}}
06-28 17:21:54.829 20296 20308 E WProf.db: {"WprofHTMLTag": {"code": "0xb4cc7c60", "doc": "http://searchengineland.com/you-have-to-own-your-own-back-yard-264017", "row": 96, "column": 11, "tagName": "script", "time": 31578.960197, "url": "http://searchengineland.com/figz/wp-includes/js/wp-emoji-release.min.js?ver=4.7.5", "pos": 1, "chunkLen": 1, "isStartTag": 0}}
06-28 17:21:54.829 20296 20308 E WProf.db: {"WprofHTMLTag": {"code": "0x9d1649f0", "doc": "http://searchengineland.com/you-have-to-own-your-own-back-yard-264017", "row": 97, "column": 25, "tagName": "style", "time": 31579.573052, "url": "", "pos": 1, "chunkLen": 1, "isStartTag": 1}}
06-28 17:21:54.829 20296 20308 E WProf.db: {"WprofHTMLTag": {"code": "0x9d164a20", "doc": "http://searchengineland.com/you-have-to-own-your-own-back-yard-264017", "row": 110, "column": 8, "tagName": "style", "time": 31579.573264, "url": "", "pos": 1, "chunkLen": 1, "isStartTag": 0}}
06-28 17:21:54.829 20296 20308 E WProf.db: {"WprofHTMLTag": {"code": "0x9d164a50", "doc": "http://searchengineland.com/you-have-to-own-your-own-back-yard-264017", "row": 111, "column": 140, "tagName": "script", "time": 31579.575187, "url": "http://searchengineland.com/figz/wp-content/themes/searchengineland/js/lib/modernizr.custom.js?ver=1.0", "pos": 1, "chunkLen": 1, "isStartTag": 1}}
06-28 17:21:54.830 20296 20308 E WProf.db: {"WprofHTMLTag": {"code": "0x9d164a80", "doc": "http://searchengineland.com/you-have-to-own-your-own-back-yard-264017", "row": 111, "column": 149, "tagName": "script", "time": 31579.575422, "url": "", "pos": 1, "chunkLen": 1, "isStartTag": 0}}
06-28 17:21:54.830 20296 20308 E WProf.db: {"WprofHTMLTag": {"code": "0xaedd6900", "doc": "http://searchengineland.com/you-have-to-own-your-own-back-yard-264017", "row": 112, "column": 144, "tagName": "script", "time": 31579.586475, "url": "http://searchengineland.com/figz/wp-content/themes/searchengineland/js/lib/jquery-1.11.0.min.js?ver=1.11.0", "pos": 1, "chunkLen": 1, "isStartTag": 1}}
06-28 17:21:54.830 20296 20308 E WProf.db: {"WprofHTMLTag": {"code": "0x9d164b70", "doc": "http://searchengineland.com/you-have-to-own-your-own-back-yard-264017", "row": 112, "column": 153, "tagName": "script", "time": 31579.586744, "url": "", "pos": 1, "chunkLen": 1, "isStartTag": 0}}
06-28 17:21:54.830 20296 20308 E WProf.db: {"WprofHTMLTag": {"code": "0xaedd6f00", "doc": "http://searchengineland.com/you-have-to-own-your-own-back-yard-264017", "row": 0, "column": 15, "tagName": "div", "time": 31579.650490, "url": "", "pos": 15, "chunkLen": 44, "isStartTag": 1}}
06-28 17:21:54.830 20296 20308 E WProf.db: {"WprofHTMLTag": {"code": "0xaedd6ed0", "doc": "http://searchengineland.com/you-have-to-own-your-own-back-yard-264017", "row": 0, "column": 21, "tagName": "div", "time": 31579.650619, "url": "", "pos": 21, "chunkLen": 44, "isStartTag": 0}}
06-28 17:21:54.830 20296 20308 E WProf.db: {"WprofHTMLTag": {"code": "0xaedd6ea0", "doc": "http://searchengineland.com/you-have-to-own-your-own-back-yard-264017", "row": 0, "column": 38, "tagName": "div", "time": 31579.650683, "url": "", "pos": 38, "chunkLen": 44, "isStartTag": 1}}
06-28 17:21:54.830 20296 20308 E WProf.db: {"WprofHTMLTag": {"code": "0xaedd6d20", "doc": "http://searchengineland.com/you-have-to-own-your-own-back-yard-264017", "row": 0, "column": 44, "tagName": "div", "time": 31579.650795, "url": "", "pos": 44, "chunkLen": 44, "isStartTag": 0}}
06-28 17:21:54.830 20296 20308 E WProf.db: {"WprofHTMLTag": {"code": "0xaedd6e70", "doc": "http://searchengineland.com/you-have-to-own-your-own-back-yard-264017", "row": 0, "column": 13, "tagName": "select", "time": 31579.652295, "url": "", "pos": 13, "chunkLen": 51, "isStartTag": 1}}
06-28 17:21:54.830 20296 20308 E WProf.db: {"WprofHTMLTag": {"code": "0xaedd6e40", "doc": "http://searchengineland.com/you-have-to-own-your-own-back-yard-264017", "row": 0, "column": 33, "tagName": "option", "time": 31579.652482, "url": "", "pos": 33, "chunkLen": 51, "isStartTag": 1}}
06-28 17:21:54.830 20296 20308 E WProf.db: {"WprofHTMLTag": {"code": "0xaedd6e10", "doc": "http://searchengineland.com/you-have-to-own-your-own-back-yard-264017", "row": 0, "column": 42, "tagName": "option", "time": 31579.652672, "url": "", "pos": 42, "chunkLen": 51, "isStartTag": 0}}
06-28 17:21:54.830 20296 20308 E WProf.db: {"WprofHTMLTag": {"code": "0x9d164ba0", "doc": "http://searchengineland.com/you-have-to-own-your-own-back-yard-264017", "row": 0, "column": 51, "tagName": "select", "time": 31579.652728, "url": "", "pos": 51, "chunkLen": 51, "isStartTag": 0}}
06-28 17:21:54.830 20296 20308 E WProf.db: {"WprofHTMLTag": {"code": "0x9d164bd0", "doc": "http://searchengineland.com/you-have-to-own-your-own-back-yard-264017", "row": 0, "column": 12, "tagName": "a", "time": 31579.657181, "url": "", "pos": 12, "chunkLen": 16, "isStartTag": 1}}
06-28 17:21:54.830 20296 20308 E WProf.db: {"WprofHTMLTag": {"code": "0x9d164c00", "doc": "http://searchengineland.com/you-have-to-own-your-own-back-yard-264017", "row": 0, "column": 16, "tagName": "a", "time": 31579.657348, "url": "", "pos": 16, "chunkLen": 16, "isStartTag": 0}}
06-28 17:21:54.831 20296 20308 E WProf.db: {"WprofHTMLTag": {"code": "0x9d164c30", "doc": "http://searchengineland.com/you-have-to-own-your-own-back-yard-264017", "row": 0, "column": 8, "tagName": "input", "time": 31579.658344, "url": "", "pos": 8, "chunkLen": 8, "isStartTag": 1}}
06-28 17:21:54.831 20296 20308 E WProf.db: {"WprofHTMLTag": {"code": "0x9d164c60", "doc": "http://searchengineland.com/you-have-to-own-your-own-back-yard-264017", "row": 0, "column": 9, "tagName": "link", "time": 31579.668397, "url": "", "pos": 9, "chunkLen": 42, "isStartTag": 1}}
06-28 17:21:54.831 20296 20308 E WProf.db: {"WprofHTMLTag": {"code": "0x9d164c90", "doc": "http://searchengineland.com/you-have-to-own-your-own-back-yard-264017", "row": 0, "column": 16, "tagName": "table", "time": 31579.668508, "url": "", "pos": 16, "chunkLen": 42, "isStartTag": 1}}
06-28 17:21:54.831 20296 20308 E WProf.db: {"WprofHTMLTag": {"code": "0x9d164cc0", "doc": "http://searchengineland.com/you-have-to-own-your-own-back-yard-264017", "row": 0, "column": 24, "tagName": "table", "time": 31579.668622, "url": "", "pos": 24, "chunkLen": 42, "isStartTag": 0}}
06-28 17:21:54.831 20296 20308 E WProf.db: {"WprofHTMLTag": {"code": "0x9d164cf0", "doc": "http://searchengineland.com/you-have-to-own-your-own-back-yard-264017", "row": 0, "column": 37, "tagName": "a", "time": 31579.668683, "url": "", "pos": 37, "chunkLen": 42, "isStartTag": 1}}
06-28 17:21:54.831 20296 20308 E WProf.db: {"WprofHTMLTag": {"code": "0x9d164d20", "doc": "http://searchengineland.com/you-have-to-own-your-own-back-yard-264017", "row": 0, "column": 42, "tagName": "a", "time": 31579.668855, "url": "", "pos": 42, "chunkLen": 42, "isStartTag": 0}}
06-28 17:21:54.831 20296 20308 E WProf.db: {"WprofHTMLTag": {"code": "0x9d164db0", "doc": "http://searchengineland.com/you-have-to-own-your-own-back-yard-264017", "row": 0, "column": 10, "tagName": "textarea", "time": 31579.669997, "url": "", "pos": 10, "chunkLen": 22, "isStartTag": 1}}
06-28 17:21:54.831 20296 20308 E WProf.db: {"WprofHTMLTag": {"code": "0x9d164de0", "doc": "http://searchengineland.com/you-have-to-own-your-own-back-yard-264017", "row": 0, "column": 22, "tagName": "textarea", "time": 31579.670261, "url": "", "pos": 22, "chunkLen": 22, "isStartTag": 0}}
06-28 17:21:54.831 20296 20308 E WProf.db: {"WprofHTMLTag": {"code": "0x9d164e10", "doc": "http://searchengineland.com/you-have-to-own-your-own-back-yard-264017", "row": 0, "column": 48, "tagName": "input", "time": 31579.671489, "url": "", "pos": 48, "chunkLen": 48, "isStartTag": 1}}
06-28 17:21:54.831 20296 20308 E WProf.db: {"WprofHTMLTag": {"code": "0x9d164e70", "doc": "http://searchengineland.com/you-have-to-own-your-own-back-yard-264017", "row": 0, "column": 9, "tagName": "link", "time": 31579.675851, "url": "", "pos": 9, "chunkLen": 66, "isStartTag": 1}}
06-28 17:21:54.831 20296 20308 E WProf.db: {"WprofHTMLTag": {"code": "0x9d164ea0", "doc": "http://searchengineland.com/you-have-to-own-your-own-back-yard-264017", "row": 0, "column": 16, "tagName": "table", "time": 31579.675969, "url": "", "pos": 16, "chunkLen": 66, "isStartTag": 1}}
06-28 17:21:54.831 20296 20308 E WProf.db: {"WprofHTMLTag": {"code": "0x9d164ed0", "doc": "http://searchengineland.com/you-have-to-own-your-own-back-yard-264017", "row": 0, "column": 24, "tagName": "table", "time": 31579.676043, "url": "", "pos": 24, "chunkLen": 66, "isStartTag": 0}}
06-28 17:21:54.831 20296 20308 E WProf.db: {"WprofHTMLTag": {"code": "0x9d164f00", "doc": "http://searchengineland.com/you-have-to-own-your-own-back-yard-264017", "row": 0, "column": 37, "tagName": "a", "time": 31579.676107, "url": "", "pos": 37, "chunkLen": 66, "isStartTag": 1}}
06-28 17:21:54.831 20296 20308 E WProf.db: {"WprofHTMLTag": {"code": "0x9d164f30", "doc": "http://searchengineland.com/you-have-to-own-your-own-back-yard-264017", "row": 0, "column": 42, "tagName": "a", "time": 31579.676275, "url": "", "pos": 42, "chunkLen": 66, "isStartTag": 0}}
06-28 17:21:54.832 20296 20308 E WProf.db: {"WprofHTMLTag": {"code": "0x9d164f60", "doc": "http://searchengineland.com/you-have-to-own-your-own-back-yard-264017", "row": 0, "column": 66, "tagName": "input", "time": 31579.676341, "url": "", "pos": 66, "chunkLen": 66, "isStartTag": 1}}
06-28 17:21:54.832 20296 20308 E WProf.db: {"WprofHTMLTag": {"code": "0x9d164ff0", "doc": "http://searchengineland.com/you-have-to-own-your-own-back-yard-264017", "row": 0, "column": 9, "tagName": "link", "time": 31579.678185, "url": "", "pos": 9, "chunkLen": 66, "isStartTag": 1}}
06-28 17:21:54.832 20296 20308 E WProf.db: {"WprofHTMLTag": {"code": "0x9d165020", "doc": "http://searchengineland.com/you-have-to-own-your-own-back-yard-264017", "row": 0, "column": 16, "tagName": "table", "time": 31579.678293, "url": "", "pos": 16, "chunkLen": 66, "isStartTag": 1}}
06-28 17:21:54.832 20296 20308 E WProf.db: {"WprofHTMLTag": {"code": "0x9d165050", "doc": "http://searchengineland.com/you-have-to-own-your-own-back-yard-264017", "row": 0, "column": 24, "tagName": "table", "time": 31579.678361, "url": "", "pos": 24, "chunkLen": 66, "isStartTag": 0}}
06-28 17:21:54.832 20296 20308 E WProf.db: {"WprofHTMLTag": {"code": "0x9d165080", "doc": "http://searchengineland.com/you-have-to-own-your-own-back-yard-264017", "row": 0, "column": 37, "tagName": "a", "time": 31579.678471, "url": "", "pos": 37, "chunkLen": 66, "isStartTag": 1}}
06-28 17:21:54.832 20296 20308 E WProf.db: {"WprofHTMLTag": {"code": "0x9d1650b0", "doc": "http://searchengineland.com/you-have-to-own-your-own-back-yard-264017", "row": 0, "column": 42, "tagName": "a", "time": 31579.678645, "url": "", "pos": 42, "chunkLen": 66, "isStartTag": 0}}
06-28 17:21:54.832 20296 20308 E WProf.db: {"WprofHTMLTag": {"code": "0x9d1650e0", "doc": "http://searchengineland.com/you-have-to-own-your-own-back-yard-264017", "row": 0, "column": 66, "tagName": "input", "time": 31579.678702, "url": "", "pos": 66, "chunkLen": 66, "isStartTag": 1}}
06-28 17:21:54.832 20296 20308 E WProf.db: {"WprofHTMLTag": {"code": "0x9d165140", "doc": "http://searchengineland.com/you-have-to-own-your-own-back-yard-264017", "row": 0, "column": 9, "tagName": "link", "time": 31579.683233, "url": "", "pos": 9, "chunkLen": 66, "isStartTag": 1}}
06-28 17:21:54.832 20296 20308 E WProf.db: {"WprofHTMLTag": {"code": "0x9d165170", "doc": "http://searchengineland.com/you-have-to-own-your-own-back-yard-264017", "row": 0, "column": 16, "tagName": "table", "time": 31579.683357, "url": "", "pos": 16, "chunkLen": 66, "isStartTag": 1}}
06-28 17:21:54.832 20296 20308 E WProf.db: {"WprofHTMLTag": {"code": "0x9d1651a0", "doc": "http://searchengineland.com/you-have-to-own-your-own-back-yard-264017", "row": 0, "column": 24, "tagName": "table", "time": 31579.683432, "url": "", "pos": 24, "chunkLen": 66, "isStartTag": 0}}
06-28 17:21:54.832 20296 20308 E WProf.db: {"WprofHTMLTag": {"code": "0x9d1651d0", "doc": "http://searchengineland.com/you-have-to-own-your-own-back-yard-264017", "row": 0, "column": 37, "tagName": "a", "time": 31579.683496, "url": "", "pos": 37, "chunkLen": 66, "isStartTag": 1}}
06-28 17:21:54.832 20296 20308 E WProf.db: {"WprofHTMLTag": {"code": "0x9d165200", "doc": "http://searchengineland.com/you-have-to-own-your-own-back-yard-264017", "row": 0, "column": 42, "tagName": "a", "time": 31579.683671, "url": "", "pos": 42, "chunkLen": 66, "isStartTag": 0}}
06-28 17:21:54.832 20296 20308 E WProf.db: {"WprofHTMLTag": {"code": "0x9d165230", "doc": "http://searchengineland.com/you-have-to-own-your-own-back-yard-264017", "row": 0, "column": 66, "tagName": "input", "time": 31579.683735, "url": "", "pos": 66, "chunkLen": 66, "isStartTag": 1}}
06-28 17:21:54.833 20296 20308 E WProf.db: {"WprofHTMLTag": {"code": "0x9d165350", "doc": "http://searchengineland.com/you-have-to-own-your-own-back-yard-264017", "row": 113, "column": 154, "tagName": "script", "time": 31579.695600, "url": "http://searchengineland.com/figz/wp-content/themes/searchengineland/js/lib/jquery-ui-1.10.3.custom.min.js?ver=1.10.3", "pos": 67, "chunkLen": 67, "isStartTag": 1}}
